114.119.149.89 - - [16/Jan/2022:02:56:56 -0800] "GET /self.logs/error.log.2020-04-08.gz HTTP/1.1" 200 1648 "-" "Mozilla/5.0 (Linux; Android 7.0;) AppleWebKit/537.36 (KHTML, like Gecko) Mobile Safari/537.36 (compatible; PetalBot;+https://webmaster.petalsearch.com/site/petalbot)" 
207.46.13.186 - - [16/Jan/2022:03:02:26 -0800] "GET / HTTP/1.1" 200 13184 "-" "Mozilla/5.0 (compatible; bingbot/2.0; +http://www.bing.com/bingbot.htm)" 
207.46.13.186 - - [16/Jan/2022:03:04:46 -0800] "GET / HTTP/1.1" 200 13184 "-" "Mozilla/5.0 (compatible; bingbot/2.0; +http://www.bing.com/bingbot.htm)" 
207.46.13.153 - - [16/Jan/2022:03:10:51 -0800] "GET /Datasets%20Description/ HTTP/1.1" 200 677 "-" "Mozilla/5.0 (compatible; bingbot/2.0; +http://www.bing.com/bingbot.htm)" 
47.242.241.136 - - [16/Jan/2022:03:23:49 -0800] "GET / HTTP/1.1" 200 49089 "-" "-" 
100.27.41.92 - - [16/Jan/2022:03:35:30 -0800] "GET / HTTP/1.1" 200 13142 "-" "Mozilla/5.0 (compatible; startmebot/1.0; +https://start.me/bot)" 
114.119.149.81 - - [16/Jan/2022:03:37:04 -0800] "GET /self.logs/access.log.2017-05-20.gz HTTP/1.1" 200 21699 "-" "Mozilla/5.0 (Linux; Android 7.0;) AppleWebKit/537.36 (KHTML, like Gecko) Mobile Safari/537.36 (compatible; PetalBot;+https://webmaster.petalsearch.com/site/petalbot)" 
114.119.149.83 - - [16/Jan/2022:03:42:05 -0800] "GET /self.logs/2016/access.log.2016-01-04.gz HTTP/1.1" 200 10316 "-" "Mozilla/5.0 (Linux; Android 7.0;) AppleWebKit/537.36 (KHTML, like Gecko) Mobile Safari/537.36 (compatible; PetalBot;+https://webmaster.petalsearch.com/site/petalbot)" 
123.183.224.115 - - [16/Jan/2022:03:45:47 -0800] "GET / HTTP/1.1" 200 13149 "-" "Sogou web spider/4.0(+http://www.sogou.com/docs/help/webmasters.htm#07)" 
114.119.135.212 - - [16/Jan/2022:03:47:06 -0800] "GET /self.logs/error.log.2019-05-23.gz HTTP/1.1" 200 5331 "-" "Mozilla/5.0 (Linux; Android 7.0;) AppleWebKit/537.36 (KHTML, like Gecko) Mobile Safari/537.36 (compatible; PetalBot;+https://webmaster.petalsearch.com/site/petalbot)" 
114.119.149.83 - - [16/Jan/2022:03:52:06 -0800] "GET /self.logs/access.log.2017-07-26.gz HTTP/1.1" 200 17821 "-" "Mozilla/5.0 (Linux; Android 7.0;) AppleWebKit/537.36 (KHTML, like Gecko) Mobile Safari/537.36 (compatible; PetalBot;+https://webmaster.petalsearch.com/site/petalbot)" 
60.25.220.113 - - [16/Jan/2022:03:56:10 -0800] "GET /favicon.ico HTTP/1.1" 200 391 "-" "Mozilla/5.0 (Windows NT 10.0; WOW64) AppleWebKit/537.36 (KHTML, like Gecko) Chrome/87.0.4280.66 Safari/537.36 SE 2.X MetaSr 1.0" 
49.7.20.105 - - [16/Jan/2022:03:59:48 -0800] "GET / HTTP/1.1" 301 438 "-" "Sogou web spider/4.0(+http://www.sogou.com/docs/help/webmasters.htm#07)" 
114.119.149.78 - - [16/Jan/2022:04:02:08 -0800] "GET /self.logs/access.log.2019-11-08.gz HTTP/1.1" 200 16463 "-" "Mozilla/5.0 (Linux; Android 7.0;) AppleWebKit/537.36 (KHTML, like Gecko) Mobile Safari/537.36 (compatible; PetalBot;+https://webmaster.petalsearch.com/site/petalbot)" 
207.46.13.186 - - [16/Jan/2022:04:09:35 -0800] "GET /self.logs/access.log.2021-02-08.gz HTTP/1.1" 200 24768 "-" "Mozilla/5.0 (compatible; bingbot/2.0; +http://www.bing.com/bingbot.htm)" 
60.176.178.151 - - [16/Jan/2022:04:14:23 -0800] "GET /auth.log/auth.log.gz HTTP/1.1" 200 79072 "-" "Mozilla/5.0 (Windows NT 6.3; WOW64) AppleWebKit/537.36 (KHTML, like Gecko) Chrome/55.0.2883.75 Safari/537.36 QIHU 360SE" 
114.119.149.81 - - [16/Jan/2022:04:27:09 -0800] "GET /self.logs/error.log.2018-02-12.gz HTTP/1.1" 200 5437 "-" "Mozilla/5.0 (Linux; Android 7.0;) AppleWebKit/537.36 (KHTML, like Gecko) Mobile Safari/537.36 (compatible; PetalBot;+https://webmaster.petalsearch.com/site/petalbot)" 
114.119.149.83 - - [16/Jan/2022:04:32:11 -0800] "GET /self.logs/access.log.2018-10-23.gz HTTP/1.1" 200 22195 "-" "Mozilla/5.0 (Linux; Android 7.0;) AppleWebKit/537.36 (KHTML, like Gecko) Mobile Safari/537.36 (compatible; PetalBot;+https://webmaster.petalsearch.com/site/petalbot)" 
49.7.20.105 - - [16/Jan/2022:04:33:54 -0800] "GET / HTTP/1.1" 200 13149 "-" "Sogou web spider/4.0(+http://www.sogou.com/docs/help/webmasters.htm#07)" 
114.119.149.81 - - [16/Jan/2022:04:37:12 -0800] "GET /self.logs/access.log.2019-11-15.gz HTTP/1.1" 200 30124 "-" "Mozilla/5.0 (Linux; Android 7.0;) AppleWebKit/537.36 (KHTML, like Gecko) Mobile Safari/537.36 (compatible; PetalBot;+https://webmaster.petalsearch.com/site/petalbot)" 
66.249.64.136 - - [16/Jan/2022:04:39:35 -0800] "HEAD /maccdc2012 HTTP/1.1" 301 302 "-" "Mozilla/5.0 (compatible; Googlebot/2.1; +http://www.google.com/bot.html)" 
157.55.39.206 - - [16/Jan/2022:04:40:40 -0800] "GET /self.logs/access.log.2019-02-20.gz HTTP/1.1" 200 19600 "-" "Mozilla/5.0 (compatible; bingbot/2.0; +http://www.bing.com/bingbot.htm)" 
114.119.149.89 - - [16/Jan/2022:04:47:15 -0800] "GET /self.logs/access.log.2017-10-23.gz HTTP/1.1" 200 23796 "-" "Mozilla/5.0 (Linux; Android 7.0;) AppleWebKit/537.36 (KHTML, like Gecko) Mobile Safari/537.36 (compatible; PetalBot;+https://webmaster.petalsearch.com/site/petalbot)" 
114.119.149.81 - - [16/Jan/2022:04:52:15 -0800] "GET /self.logs/access.log.2018-03-07.gz HTTP/1.1" 200 29430 "-" "Mozilla/5.0 (Linux; Android 7.0;) AppleWebKit/537.36 (KHTML, like Gecko) Mobile Safari/537.36 (compatible; PetalBot;+https://webmaster.petalsearch.com/site/petalbot)" 
65.60.141.227 - - [16/Jan/2022:04:57:08 -0800] "GET / HTTP/1.1" 301 475 "-" "Mozilla/5.0 (Windows NT 10.0; Win64; x64) AppleWebKit/537.36 (KHTML, like Gecko) Chrome/97.0.4692.71 Safari/537.36" 
65.60.141.227 - - [16/Jan/2022:04:57:08 -0800] "GET / HTTP/1.1" 200 13185 "-" "Mozilla/5.0 (Windows NT 10.0; Win64; x64) AppleWebKit/537.36 (KHTML, like Gecko) Chrome/97.0.4692.71 Safari/537.36" 
65.60.141.227 - - [16/Jan/2022:04:57:08 -0800] "GET /css/style.css HTTP/1.1" 404 305 "http://www.secrepo.com/" "Mozilla/5.0 (Windows NT 10.0; Win64; x64) AppleWebKit/537.36 (KHTML, like Gecko) Chrome/97.0.4692.71 Safari/537.36" 
65.60.141.227 - - [16/Jan/2022:04:57:08 -0800] "GET /twitter-icon.png HTTP/1.1" 200 27893 "http://www.secrepo.com/" "Mozilla/5.0 (Windows NT 10.0; Win64; x64) AppleWebKit/537.36 (KHTML, like Gecko) Chrome/97.0.4692.71 Safari/537.36" 
65.60.141.227 - - [16/Jan/2022:04:57:08 -0800] "GET /GitHub-Mark.png HTTP/1.1" 200 7533 "http://www.secrepo.com/" "Mozilla/5.0 (Windows NT 10.0; Win64; x64) AppleWebKit/537.36 (KHTML, like Gecko) Chrome/97.0.4692.71 Safari/537.36" 
65.60.141.227 - - [16/Jan/2022:04:57:09 -0800] "GET /bootstrap/img/favicon.ico HTTP/1.1" 200 690 "http://www.secrepo.com/" "Mozilla/5.0 (Windows NT 10.0; Win64; x64) AppleWebKit/537.36 (KHTML, like Gecko) Chrome/97.0.4692.71 Safari/537.36" 
188.170.74.71 - - [16/Jan/2022:04:59:36 -0800] "GET / HTTP/1.1" 200 13185 "-" "Mozilla/5.0 (Windows NT 10.0; Win64; x64) AppleWebKit/537.36 (KHTML, like Gecko) Chrome/97.0.4692.71 Safari/537.36" 
188.170.74.71 - - [16/Jan/2022:04:59:37 -0800] "GET /css/style.css HTTP/1.1" 404 305 "http://www.secrepo.com/" "Mozilla/5.0 (Windows NT 10.0; Win64; x64) AppleWebKit/537.36 (KHTML, like Gecko) Chrome/97.0.4692.71 Safari/537.36" 
188.170.74.71 - - [16/Jan/2022:04:59:37 -0800] "GET /twitter-icon.png HTTP/1.1" 200 27916 "http://www.secrepo.com/" "Mozilla/5.0 (Windows NT 10.0; Win64; x64) AppleWebKit/537.36 (KHTML, like Gecko) Chrome/97.0.4692.71 Safari/537.36" 
188.170.74.71 - - [16/Jan/2022:04:59:37 -0800] "GET /GitHub-Mark.png HTTP/1.1" 200 7533 "http://www.secrepo.com/" "Mozilla/5.0 (Windows NT 10.0; Win64; x64) AppleWebKit/537.36 (KHTML, like Gecko) Chrome/97.0.4692.71 Safari/537.36" 
188.170.74.71 - - [16/Jan/2022:04:59:38 -0800] "GET /bootstrap/img/favicon.ico HTTP/1.1" 200 690 "http://www.secrepo.com/" "Mozilla/5.0 (Windows NT 10.0; Win64; x64) AppleWebKit/537.36 (KHTML, like Gecko) Chrome/97.0.4692.71 Safari/537.36" 
49.7.20.105 - - [16/Jan/2022:05:04:45 -0800] "GET / HTTP/1.1" 200 13148 "-" "Sogou web spider/4.0(+http://www.sogou.com/docs/help/webmasters.htm#07)" 
223.144.123.119 - - [16/Jan/2022:05:11:45 -0800] "GET /self.logs/error.log.2022-01-11.gz HTTP/1.1" 200 4434 "http://www.secrepo.com/self.logs/" "Mozilla/5.0 (Windows NT 10.0; Win64; x64; rv:95.0) Gecko/20100101 Firefox/95.0" 
223.144.123.119 - - [16/Jan/2022:05:12:03 -0800] "GET /self.logs/access.log.2022-01-12.gz HTTP/1.1" 200 12425 "http://www.secrepo.com/self.logs/" "Mozilla/5.0 (Windows NT 10.0; Win64; x64; rv:95.0) Gecko/20100101 Firefox/95.0" 
223.144.123.119 - - [16/Jan/2022:05:12:06 -0800] "GET /self.logs/access.log.2022-01-11.gz HTTP/1.1" 200 16588 "http://www.secrepo.com/self.logs/" "Mozilla/5.0 (Windows NT 10.0; Win64; x64; rv:95.0) Gecko/20100101 Firefox/95.0" 
223.144.123.119 - - [16/Jan/2022:05:12:10 -0800] "GET /self.logs/access.log.2022-01-10.gz HTTP/1.1" 200 18748 "http://www.secrepo.com/self.logs/" "Mozilla/5.0 (Windows NT 10.0; Win64; x64; rv:95.0) Gecko/20100101 Firefox/95.0" 
114.119.149.89 - - [16/Jan/2022:05:12:19 -0800] "GET /self.logs/access.log.2017-04-11.gz HTTP/1.1" 200 32546 "-" "Mozilla/5.0 (Linux; Android 7.0;) AppleWebKit/537.36 (KHTML, like Gecko) Mobile Safari/537.36 (compatible; PetalBot;+https://webmaster.petalsearch.com/site/petalbot)" 
223.144.123.119 - - [16/Jan/2022:05:12:34 -0800] "GET /self.logs/access.log.2022-01-11.gz HTTP/1.1" 200 16588 "http://www.secrepo.com/" "Mozilla/5.0 (Windows NT 10.0; Win64; x64; rv:95.0) Gecko/20100101 Firefox/95.0" 
114.119.149.83 - - [16/Jan/2022:05:17:23 -0800] "GET /self.logs/access.log.2019-10-10.gz HTTP/1.1" 200 30824 "-" "Mozilla/5.0 (Linux; Android 7.0;) AppleWebKit/537.36 (KHTML, like Gecko) Mobile Safari/537.36 (compatible; PetalBot;+https://webmaster.petalsearch.com/site/petalbot)" 
114.119.149.71 - - [16/Jan/2022:05:27:22 -0800] "GET /self.logs/error.log.2017-02-28.gz HTTP/1.1" 200 916 "-" "Mozilla/5.0 (Linux; Android 7.0;) AppleWebKit/537.36 (KHTML, like Gecko) Mobile Safari/537.36 (compatible; PetalBot;+https://webmaster.petalsearch.com/site/petalbot)" 
223.144.123.119 - - [16/Jan/2022:05:30:18 -0800] "GET / HTTP/1.1" 200 13185 "-" "Mozilla/5.0 (Windows NT 10.0; Win64; x64; rv:95.0) Gecko/20100101 Firefox/95.0" 
223.144.123.119 - - [16/Jan/2022:05:30:18 -0800] "GET /css/style.css HTTP/1.1" 404 328 "http://www.secrepo.com/" "Mozilla/5.0 (Windows NT 10.0; Win64; x64; rv:95.0) Gecko/20100101 Firefox/95.0" 
223.144.123.119 - - [16/Jan/2022:05:30:20 -0800] "GET /bootstrap/img/favicon.ico HTTP/1.1" 200 690 "http://www.secrepo.com/" "Mozilla/5.0 (Windows NT 10.0; Win64; x64; rv:95.0) Gecko/20100101 Firefox/95.0" 
223.144.123.119 - - [16/Jan/2022:05:30:33 -0800] "GET /robots.txt HTTP/1.1" 200 377 "-" "Mozilla/5.0 (Windows NT 10.0; Win64; x64; rv:95.0) Gecko/20100101 Firefox/95.0" 
49.7.20.105 - - [16/Jan/2022:05:34:32 -0800] "GET / HTTP/1.1" 200 13148 "-" "Sogou web spider/4.0(+http://www.sogou.com/docs/help/webmasters.htm#07)" 
223.144.123.119 - - [16/Jan/2022:05:35:17 -0800] "GET / HTTP/1.1" 200 13185 "-" "Mozilla/5.0 (Windows NT 10.0; Win64; x64; rv:95.0) Gecko/20100101 Firefox/95.0" 
223.144.123.119 - - [16/Jan/2022:05:35:17 -0800] "GET /css/style.css HTTP/1.1" 404 328 "http://www.secrepo.com/" "Mozilla/5.0 (Windows NT 10.0; Win64; x64; rv:95.0) Gecko/20100101 Firefox/95.0" 
223.144.123.119 - - [16/Jan/2022:05:35:17 -0800] "GET /twitter-icon.png HTTP/1.1" 200 27893 "http://www.secrepo.com/" "Mozilla/5.0 (Windows NT 10.0; Win64; x64; rv:95.0) Gecko/20100101 Firefox/95.0" 
223.144.123.119 - - [16/Jan/2022:05:35:17 -0800] "GET /GitHub-Mark.png HTTP/1.1" 200 7533 "http://www.secrepo.com/" "Mozilla/5.0 (Windows NT 10.0; Win64; x64; rv:95.0) Gecko/20100101 Firefox/95.0" 
114.119.149.83 - - [16/Jan/2022:05:37:23 -0800] "GET /self.logs/error.log.2020-09-20 HTTP/1.1" 200 351 "-" "Mozilla/5.0 (Linux; Android 7.0;) AppleWebKit/537.36 (KHTML, like Gecko) Mobile Safari/537.36 (compatible; PetalBot;+https://webmaster.petalsearch.com/site/petalbot)" 
114.119.149.89 - - [16/Jan/2022:05:42:24 -0800] "GET /self.logs/error.log.2020-03-18 HTTP/1.1" 200 351 "-" "Mozilla/5.0 (Linux; Android 7.0;) AppleWebKit/537.36 (KHTML, like Gecko) Mobile Safari/537.36 (compatible; PetalBot;+https://webmaster.petalsearch.com/site/petalbot)" 
114.119.149.83 - - [16/Jan/2022:05:57:26 -0800] "GET /self.logs/access.log.2018-12-20.gz HTTP/1.1" 200 25209 "-" "Mozilla/5.0 (Linux; Android 7.0;) AppleWebKit/537.36 (KHTML, like Gecko) Mobile Safari/537.36 (compatible; PetalBot;+https://webmaster.petalsearch.com/site/petalbot)" 
49.7.20.105 - - [16/Jan/2022:06:00:26 -0800] "GET / HTTP/1.1" 200 13147 "-" "Sogou web spider/4.0(+http://www.sogou.com/docs/help/webmasters.htm#07)" 
103.131.71.213 - - [16/Jan/2022:06:10:50 -0800] "GET /robots.txt HTTP/1.1" 200 340 "-" "Mozilla/5.0 (compatible; coccocbot-image/1.0; +http://help.coccoc.com/searchengine)" 
103.131.71.198 - - [16/Jan/2022:06:10:52 -0800] "GET /favicon.ico HTTP/1.1" 200 354 "-" "Mozilla/5.0 (compatible; coccocbot-image/1.0; +http://help.coccoc.com/searchengine)" 
49.7.20.105 - - [16/Jan/2022:06:24:46 -0800] "GET / HTTP/1.1" 200 13148 "-" "Sogou web spider/4.0(+http://www.sogou.com/docs/help/webmasters.htm#07)" 
40.77.167.99 - - [16/Jan/2022:06:27:06 -0800] "GET /robots.txt HTTP/1.1" 200 377 "-" "Mozilla/5.0 (compatible; bingbot/2.0; +http://www.bing.com/bingbot.htm)" 
40.77.167.20 - - [16/Jan/2022:06:27:08 -0800] "GET /self.logs/error.log.2021-12-11.gz HTTP/1.1" 200 3083 "-" "Mozilla/5.0 (compatible; bingbot/2.0; +http://www.bing.com/bingbot.htm)" 
114.119.149.78 - - [16/Jan/2022:06:27:28 -0800] "GET /self.logs/2015/error.log.2015-10-14.gz HTTP/1.1" 200 950 "-" "Mozilla/5.0 (Linux; Android 7.0;) AppleWebKit/537.36 (KHTML, like Gecko) Mobile Safari/537.36 (compatible; PetalBot;+https://webmaster.petalsearch.com/site/petalbot)" 
157.55.39.81 - - [16/Jan/2022:06:28:38 -0800] "GET /self.logs/access.log.2021-02-12.gz HTTP/1.1" 200 24076 "-" "Mozilla/5.0 (compatible; bingbot/2.0; +http://www.bing.com/bingbot.htm)" 
114.119.149.81 - - [16/Jan/2022:06:37:29 -0800] "GET /self.logs/access.log.2017-05-28.gz HTTP/1.1" 200 21126 "-" "Mozilla/5.0 (Linux; Android 7.0;) AppleWebKit/537.36 (KHTML, like Gecko) Mobile Safari/537.36 (compatible; PetalBot;+https://webmaster.petalsearch.com/site/petalbot)" 
86.0.237.217 - - [16/Jan/2022:06:37:17 -0800] "GET /pe_static/zeus.zip HTTP/1.1" 200 24019920 "http://www.secrepo.com/" "Mozilla/5.0 (Windows NT 10.0; Win64; x64) AppleWebKit/537.36 (KHTML, like Gecko) Chrome/97.0.4692.71 Safari/537.36" 
86.0.237.217 - - [16/Jan/2022:06:37:07 -0800] "GET /pe_static/zeus.zip HTTP/1.1" 200 51367222 "http://www.secrepo.com/" "Mozilla/5.0 (Windows NT 10.0; Win64; x64) AppleWebKit/537.36 (KHTML, like Gecko) Chrome/97.0.4692.71 Safari/537.36" 
86.0.237.217 - - [16/Jan/2022:06:39:38 -0800] "GET /pe_static/apt1.zip HTTP/1.1" 200 1983439 "http://www.secrepo.com/" "Mozilla/5.0 (Windows NT 10.0; Win64; x64) AppleWebKit/537.36 (KHTML, like Gecko) Chrome/97.0.4692.71 Safari/537.36" 
114.119.149.71 - - [16/Jan/2022:06:42:31 -0800] "GET /self.logs/access.log.2017-05-30.gz HTTP/1.1" 200 19688 "-" "Mozilla/5.0 (Linux; Android 7.0;) AppleWebKit/537.36 (KHTML, like Gecko) Mobile Safari/537.36 (compatible; PetalBot;+https://webmaster.petalsearch.com/site/petalbot)" 
49.7.20.105 - - [16/Jan/2022:06:47:08 -0800] "GET / HTTP/1.1" 200 13149 "-" "Sogou web spider/4.0(+http://www.sogou.com/docs/help/webmasters.htm#07)" 
45.129.18.96 - - [16/Jan/2022:07:02:08 -0800] "HEAD / HTTP/1.1" 200 352 "-" "Mozilla/5.0 (Macintosh; Intel Mac OS X 10_9_3) AppleWebKit/537.36 (KHTML, like Gecko) Chrome/35.0.1916.47 Safari/537.36" 
159.65.107.232 - - [16/Jan/2022:07:03:14 -0800] "GET / HTTP/1.1" 200 13140 "-" "Mozilla/5.0 (Macintosh; Intel Mac OS X 10_11_3) AppleWebKit/537.36 (KHTML, like Gecko) Chrome/48.0.2564.109 Safari/537.36" 
159.65.107.232 - - [16/Jan/2022:07:03:14 -0800] "GET / HTTP/1.1" 200 13184 "-" "Mozilla/5.0 (Macintosh; Intel Mac OS X 10_11_3) AppleWebKit/537.36 (KHTML, like Gecko) Chrome/61.0.3163.100 Safari/537.36" 
159.65.107.232 - - [16/Jan/2022:07:03:14 -0800] "GET / HTTP/1.1" 200 13184 "-" "Mozilla/5.0 (Macintosh; Intel Mac OS X 10_11_0) AppleWebKit/537.36 (KHTML, like Gecko) Chrome/74.0.3729.169 Safari/537.36" 
159.65.107.232 - - [16/Jan/2022:07:03:14 -0800] "GET /css/style.css HTTP/1.1" 404 305 "http://www.secrepo.com/" "Mozilla/5.0 (Macintosh; Intel Mac OS X 10_11_0) AppleWebKit/537.36 (KHTML, like Gecko) Chrome/74.0.3729.169 Safari/537.36" 
159.65.107.232 - - [16/Jan/2022:07:03:14 -0800] "GET /css/style.css HTTP/1.1" 404 305 "http://www.secrepo.com/" "Mozilla/5.0 (Macintosh; Intel Mac OS X 10_11_3) AppleWebKit/537.36 (KHTML, like Gecko) Chrome/61.0.3163.100 Safari/537.36" 
159.65.107.232 - - [16/Jan/2022:07:03:14 -0800] "GET /twitter-icon.png HTTP/1.1" 200 27893 "http://www.secrepo.com/" "Mozilla/5.0 (Macintosh; Intel Mac OS X 10_11_0) AppleWebKit/537.36 (KHTML, like Gecko) Chrome/74.0.3729.169 Safari/537.36" 
159.65.107.232 - - [16/Jan/2022:07:03:14 -0800] "GET /twitter-icon.png HTTP/1.1" 200 27893 "http://www.secrepo.com/" "Mozilla/5.0 (Macintosh; Intel Mac OS X 10_11_3) AppleWebKit/537.36 (KHTML, like Gecko) Chrome/61.0.3163.100 Safari/537.36" 
159.65.107.232 - - [16/Jan/2022:07:03:14 -0800] "GET /GitHub-Mark.png HTTP/1.1" 200 7556 "http://www.secrepo.com/" "Mozilla/5.0 (Macintosh; Intel Mac OS X 10_11_0) AppleWebKit/537.36 (KHTML, like Gecko) Chrome/74.0.3729.169 Safari/537.36" 
159.65.107.232 - - [16/Jan/2022:07:03:14 -0800] "GET /GitHub-Mark.png HTTP/1.1" 200 7556 "http://www.secrepo.com/" "Mozilla/5.0 (Macintosh; Intel Mac OS X 10_11_3) AppleWebKit/537.36 (KHTML, like Gecko) Chrome/61.0.3163.100 Safari/537.36" 
159.65.107.232 - - [16/Jan/2022:07:03:19 -0800] "GET /?magmadomain=www.secrepo.com%7C HTTP/1.1" 200 49133 "-" "Mozilla/5.0 (Macintosh; Intel Mac OS X 10_15_2) AppleWebKit/537.36 (KHTML, like Gecko) Chrome/87.0.4280.141 Safari/537.36" 
159.65.107.232 - - [16/Jan/2022:07:03:19 -0800] "GET /?magmadomain=www.secrepo.com%7C HTTP/1.1" 200 49133 "-" "Mozilla/5.0 (Macintosh; Intel Mac OS X 10_15_2) AppleWebKit/537.36 (KHTML, like Gecko) Chrome/87.0.4280.141 Safari/537.36" 
159.65.107.232 - - [16/Jan/2022:07:03:19 -0800] "GET /?magmadomain=www.secrepo.com%7C HTTP/1.1" 200 49133 "-" "Mozilla/5.0 (Macintosh; Intel Mac OS X 10_15_2) AppleWebKit/537.36 (KHTML, like Gecko) Chrome/87.0.4280.141 Safari/537.36" 
159.65.107.232 - - [16/Jan/2022:07:03:24 -0800] "GET //admin?magmadomain=www.secrepo.com%7C HTTP/1.1" 404 328 "-" "Mozilla/5.0 (Macintosh; Intel Mac OS X 10_15_2) AppleWebKit/537.36 (KHTML, like Gecko) Chrome/87.0.4280.141 Safari/537.36" 
159.65.107.232 - - [16/Jan/2022:07:03:24 -0800] "GET /?magmadomain=www.secrepo.com%7C HTTP/1.1" 200 49133 "-" "Mozilla/5.0 (Macintosh; Intel Mac OS X 10_15_2) AppleWebKit/537.36 (KHTML, like Gecko) Chrome/87.0.4280.141 Safari/537.36" 
159.65.107.232 - - [16/Jan/2022:07:03:24 -0800] "GET /?magmadomain=www.secrepo.com%7C HTTP/1.1" 200 49133 "-" "Mozilla/5.0 (Macintosh; Intel Mac OS X 10_15_2) AppleWebKit/537.36 (KHTML, like Gecko) Chrome/87.0.4280.141 Safari/537.36" 
159.65.107.232 - - [16/Jan/2022:07:03:24 -0800] "GET /?magmadomain=www.secrepo.com%7C HTTP/1.1" 200 49133 "-" "Mozilla/5.0 (Macintosh; Intel Mac OS X 10_15_2) AppleWebKit/537.36 (KHTML, like Gecko) Chrome/87.0.4280.141 Safari/537.36" 
159.65.107.232 - - [16/Jan/2022:07:03:24 -0800] "GET /?magmadomain=www.secrepo.com%7C HTTP/1.1" 200 49133 "-" "Mozilla/5.0 (Macintosh; Intel Mac OS X 10_15_2) AppleWebKit/537.36 (KHTML, like Gecko) Chrome/87.0.4280.141 Safari/537.36" 
159.65.107.232 - - [16/Jan/2022:07:03:24 -0800] "GET /?magmadomain=www.secrepo.com%7C HTTP/1.1" 200 49133 "-" "Mozilla/5.0 (Macintosh; Intel Mac OS X 10_15_2) AppleWebKit/537.36 (KHTML, like Gecko) Chrome/87.0.4280.141 Safari/537.36" 
159.65.107.232 - - [16/Jan/2022:07:03:24 -0800] "GET /?magmadomain=www.secrepo.com%7C HTTP/1.1" 200 49133 "-" "Mozilla/5.0 (Macintosh; Intel Mac OS X 10_15_2) AppleWebKit/537.36 (KHTML, like Gecko) Chrome/87.0.4280.141 Safari/537.36" 
159.65.107.232 - - [16/Jan/2022:07:03:24 -0800] "GET /?magmadomain=www.secrepo.com%7C HTTP/1.1" 200 49133 "-" "Mozilla/5.0 (Macintosh; Intel Mac OS X 10_15_2) AppleWebKit/537.36 (KHTML, like Gecko) Chrome/87.0.4280.141 Safari/537.36" 
159.65.107.232 - - [16/Jan/2022:07:03:24 -0800] "GET /css/style.css?magmadomain=www.secrepo.com%7C HTTP/1.1" 404 328 "-" "Mozilla/5.0 (Macintosh; Intel Mac OS X 10_15_2) AppleWebKit/537.36 (KHTML, like Gecko) Chrome/87.0.4280.141 Safari/537.36" 
159.65.107.232 - - [16/Jan/2022:07:03:24 -0800] "GET /?magmadomain=www.secrepo.com%7C HTTP/1.1" 200 49133 "-" "Mozilla/5.0 (Macintosh; Intel Mac OS X 10_15_2) AppleWebKit/537.36 (KHTML, like Gecko) Chrome/87.0.4280.141 Safari/537.36" 
159.65.107.232 - - [16/Jan/2022:07:03:24 -0800] "GET /?magmadomain=www.secrepo.com%7C HTTP/1.1" 200 49133 "-" "Mozilla/5.0 (Macintosh; Intel Mac OS X 10_15_2) AppleWebKit/537.36 (KHTML, like Gecko) Chrome/87.0.4280.141 Safari/537.36" 
159.65.107.232 - - [16/Jan/2022:07:03:24 -0800] "GET /secrepo.com?magmadomain=www.secrepo.com%7C HTTP/1.1" 404 328 "-" "Mozilla/5.0 (Macintosh; Intel Mac OS X 10_15_2) AppleWebKit/537.36 (KHTML, like Gecko) Chrome/87.0.4280.141 Safari/537.36" 
159.65.107.232 - - [16/Jan/2022:07:03:24 -0800] "GET /?magmadomain=www.secrepo.com%7C HTTP/1.1" 200 49133 "-" "Mozilla/5.0 (Macintosh; Intel Mac OS X 10_15_2) AppleWebKit/537.36 (KHTML, like Gecko) Chrome/87.0.4280.141 Safari/537.36" 
159.65.107.232 - - [16/Jan/2022:07:03:24 -0800] "GET /?magmadomain=www.secrepo.com%7C HTTP/1.1" 200 49133 "-" "Mozilla/5.0 (Macintosh; Intel Mac OS X 10_15_2) AppleWebKit/537.36 (KHTML, like Gecko) Chrome/87.0.4280.141 Safari/537.36" 
159.65.107.232 - - [16/Jan/2022:07:03:24 -0800] "GET /?magmadomain=www.secrepo.com%7C HTTP/1.1" 200 49133 "-" "Mozilla/5.0 (Macintosh; Intel Mac OS X 10_15_2) AppleWebKit/537.36 (KHTML, like Gecko) Chrome/87.0.4280.141 Safari/537.36" 
159.65.107.232 - - [16/Jan/2022:07:03:24 -0800] "GET /?magmadomain=www.secrepo.com%7C HTTP/1.1" 200 49133 "-" "Mozilla/5.0 (Macintosh; Intel Mac OS X 10_15_2) AppleWebKit/537.36 (KHTML, like Gecko) Chrome/87.0.4280.141 Safari/537.36" 
159.65.107.232 - - [16/Jan/2022:07:03:24 -0800] "GET /?magmadomain=www.secrepo.com%7C HTTP/1.1" 200 49133 "-" "Mozilla/5.0 (Macintosh; Intel Mac OS X 10_15_2) AppleWebKit/537.36 (KHTML, like Gecko) Chrome/87.0.4280.141 Safari/537.36" 
114.119.135.212 - - [16/Jan/2022:07:07:33 -0800] "GET /self.logs/access.log.2021-01-06.gz HTTP/1.1" 200 24890 "-" "Mozilla/5.0 (Linux; Android 7.0;) AppleWebKit/537.36 (KHTML, like Gecko) Mobile Safari/537.36 (compatible; PetalBot;+https://webmaster.petalsearch.com/site/petalbot)" 
60.50.201.220 - - [16/Jan/2022:07:08:00 -0800] "GET / HTTP/1.1" 200 13184 "-" "Mozilla/5.0 (Macintosh; Intel Mac OS X 10_15_7) AppleWebKit/605.1.15 (KHTML, like Gecko)" 
60.50.201.220 - - [16/Jan/2022:07:08:00 -0800] "GET /apple-touch-icon-precomposed.png HTTP/1.1" 404 328 "-" "Safari/15610.3.7.1.10 CFNetwork/1128.0.1 Darwin/19.6.0 (x86_64)" 
60.50.201.220 - - [16/Jan/2022:07:08:01 -0800] "GET /apple-touch-icon.png HTTP/1.1" 404 305 "-" "Safari/15610.3.7.1.10 CFNetwork/1128.0.1 Darwin/19.6.0 (x86_64)" 
60.50.201.220 - - [16/Jan/2022:07:08:01 -0800] "GET / HTTP/1.1" 200 13184 "-" "Mozilla/5.0 (iPhone; CPU iPhone OS 13_1_3 like Mac OS X) AppleWebKit/605.1.15 (KHTML, like Gecko) Version/13.0.1 Mobile/15E148 Safari/604.1" 
60.50.201.220 - - [16/Jan/2022:07:08:01 -0800] "GET /apple-touch-icon-precomposed.png HTTP/1.1" 404 305 "-" "Safari/15610.3.7.1.10 CFNetwork/1128.0.1 Darwin/19.6.0 (x86_64)" 
60.50.201.220 - - [16/Jan/2022:07:08:02 -0800] "GET /apple-touch-icon.png HTTP/1.1" 404 305 "-" "Safari/15610.3.7.1.10 CFNetwork/1128.0.1 Darwin/19.6.0 (x86_64)" 
49.7.20.105 - - [16/Jan/2022:07:11:28 -0800] "GET / HTTP/1.1" 200 13147 "-" "Sogou web spider/4.0(+http://www.sogou.com/docs/help/webmasters.htm#07)" 
114.119.149.83 - - [16/Jan/2022:07:22:35 -0800] "GET /self.logs/2015/error.log.2015-09-04.gz HTTP/1.1" 200 2095 "-" "Mozilla/5.0 (Linux; Android 7.0;) AppleWebKit/537.36 (KHTML, like Gecko) Mobile Safari/537.36 (compatible; PetalBot;+https://webmaster.petalsearch.com/site/petalbot)" 
114.119.149.78 - - [16/Jan/2022:07:32:35 -0800] "GET /self.logs/access.log.2020-10-25.gz HTTP/1.1" 200 17941 "-" "Mozilla/5.0 (Linux; Android 7.0;) AppleWebKit/537.36 (KHTML, like Gecko) Mobile Safari/537.36 (compatible; PetalBot;+https://webmaster.petalsearch.com/site/petalbot)" 
49.7.20.105 - - [16/Jan/2022:07:35:14 -0800] "GET / HTTP/1.1" 200 13148 "-" "Sogou web spider/4.0(+http://www.sogou.com/docs/help/webmasters.htm#07)" 
31.51.222.231 - - [16/Jan/2022:07:44:33 -0800] "GET / HTTP/1.1" 200 13185 "-" "Mozilla/5.0 (X11; Linux x86_64) AppleWebKit/537.36 (KHTML, like Gecko) Chrome/97.0.4692.71 Safari/537.36" 
31.51.222.231 - - [16/Jan/2022:07:44:33 -0800] "GET /css/style.css HTTP/1.1" 404 305 "http://www.secrepo.com/" "Mozilla/5.0 (X11; Linux x86_64) AppleWebKit/537.36 (KHTML, like Gecko) Chrome/97.0.4692.71 Safari/537.36" 
31.51.222.231 - - [16/Jan/2022:07:44:33 -0800] "GET /twitter-icon.png HTTP/1.1" 200 27916 "http://www.secrepo.com/" "Mozilla/5.0 (X11; Linux x86_64) AppleWebKit/537.36 (KHTML, like Gecko) Chrome/97.0.4692.71 Safari/537.36" 
31.51.222.231 - - [16/Jan/2022:07:44:33 -0800] "GET /GitHub-Mark.png HTTP/1.1" 200 7533 "http://www.secrepo.com/" "Mozilla/5.0 (X11; Linux x86_64) AppleWebKit/537.36 (KHTML, like Gecko) Chrome/97.0.4692.71 Safari/537.36" 
31.51.222.231 - - [16/Jan/2022:07:44:34 -0800] "GET /bootstrap/img/favicon.ico HTTP/1.1" 200 690 "http://www.secrepo.com/" "Mozilla/5.0 (X11; Linux x86_64) AppleWebKit/537.36 (KHTML, like Gecko) Chrome/97.0.4692.71 Safari/537.36" 
40.77.167.99 - - [16/Jan/2022:07:54:03 -0800] "GET /robots.txt HTTP/1.1" 301 495 "-" "Mozilla/5.0 (compatible; bingbot/2.0; +http://www.bing.com/bingbot.htm)" 
40.77.167.99 - - [16/Jan/2022:07:54:03 -0800] "GET /robots.txt HTTP/1.1" 200 377 "-" "Mozilla/5.0 (compatible; bingbot/2.0; +http://www.bing.com/bingbot.htm)" 
207.46.13.186 - - [16/Jan/2022:07:54:07 -0800] "GET / HTTP/1.1" 301 475 "-" "Mozilla/5.0 (compatible; bingbot/2.0; +http://www.bing.com/bingbot.htm)" 
40.77.167.99 - - [16/Jan/2022:07:54:14 -0800] "GET /robots.txt HTTP/1.1" 200 377 "-" "Mozilla/5.0 (compatible; bingbot/2.0; +http://www.bing.com/bingbot.htm)" 
207.46.13.27 - - [16/Jan/2022:07:54:22 -0800] "GET /self.logs/error.log.2020-01-13 HTTP/1.1" 200 351 "-" "Mozilla/5.0 (compatible; bingbot/2.0; +http://www.bing.com/bingbot.htm)" 
207.46.13.186 - - [16/Jan/2022:07:56:58 -0800] "GET / HTTP/1.1" 200 13185 "-" "Mozilla/5.0 (compatible; bingbot/2.0; +http://www.bing.com/bingbot.htm)" 
114.119.149.83 - - [16/Jan/2022:07:57:38 -0800] "GET /self.logs/error.log.2018-07-04.gz HTTP/1.1" 200 6793 "-" "Mozilla/5.0 (Linux; Android 7.0;) AppleWebKit/537.36 (KHTML, like Gecko) Mobile Safari/537.36 (compatible; PetalBot;+https://webmaster.petalsearch.com/site/petalbot)" 
49.7.20.105 - - [16/Jan/2022:08:01:00 -0800] "GET / HTTP/1.1" 200 13149 "-" "Sogou web spider/4.0(+http://www.sogou.com/docs/help/webmasters.htm#07)" 
95.216.6.149 - - [16/Jan/2022:08:18:40 -0800] "GET / HTTP/1.1" 301 475 "-" "Mozilla/5.0 (Windows NT 10.0; Win64; x64) AppleWebKit/537.36 (KHTML, like Gecko) Chrome/94.0.4606.71 Safari/537.36" 
95.216.6.149 - - [16/Jan/2022:08:18:40 -0800] "GET / HTTP/1.1" 200 13185 "-" "Mozilla/5.0 (Windows NT 10.0; Win64; x64) AppleWebKit/537.36 (KHTML, like Gecko) Chrome/94.0.4606.71 Safari/537.36" 
95.216.6.149 - - [16/Jan/2022:08:18:40 -0800] "GET /css/style.css HTTP/1.1" 404 305 "http://www.secrepo.com/" "Mozilla/5.0 (Windows NT 10.0; Win64; x64) AppleWebKit/537.36 (KHTML, like Gecko) Chrome/94.0.4606.71 Safari/537.36" 
95.216.6.149 - - [16/Jan/2022:08:18:40 -0800] "GET /twitter-icon.png HTTP/1.1" 200 27916 "http://www.secrepo.com/" "Mozilla/5.0 (Windows NT 10.0; Win64; x64) AppleWebKit/537.36 (KHTML, like Gecko) Chrome/94.0.4606.71 Safari/537.36" 
95.216.6.149 - - [16/Jan/2022:08:18:40 -0800] "GET /GitHub-Mark.png HTTP/1.1" 200 7556 "http://www.secrepo.com/" "Mozilla/5.0 (Windows NT 10.0; Win64; x64) AppleWebKit/537.36 (KHTML, like Gecko) Chrome/94.0.4606.71 Safari/537.36" 
95.216.6.149 - - [16/Jan/2022:08:18:42 -0800] "GET / HTTP/1.1" 200 13162 "http://www.secrepo.com/" "Mozilla/5.0 (X11; Linux x86_64) AppleWebKit/537.36 (KHTML, like Gecko) HeadlessChrome/91.0.4469.0 Safari/537.36" 
95.216.6.149 - - [16/Jan/2022:08:18:43 -0800] "GET /css/style.css HTTP/1.1" 404 305 "http://www.secrepo.com/" "Mozilla/5.0 (X11; Linux x86_64) AppleWebKit/537.36 (KHTML, like Gecko) HeadlessChrome/91.0.4469.0 Safari/537.36" 
95.216.6.149 - - [16/Jan/2022:08:18:43 -0800] "GET /twitter-icon.png HTTP/1.1" 304 281 "http://www.secrepo.com/" "Mozilla/5.0 (X11; Linux x86_64) AppleWebKit/537.36 (KHTML, like Gecko) HeadlessChrome/91.0.4469.0 Safari/537.36" 
95.216.6.149 - - [16/Jan/2022:08:18:43 -0800] "GET /GitHub-Mark.png HTTP/1.1" 304 271 "http://www.secrepo.com/" "Mozilla/5.0 (X11; Linux x86_64) AppleWebKit/537.36 (KHTML, like Gecko) HeadlessChrome/91.0.4469.0 Safari/537.36" 
66.249.64.136 - - [16/Jan/2022:08:21:03 -0800] "GET /ads.txt HTTP/1.1" 404 328 "-" "Mozilla/5.0 (compatible; Googlebot/2.1; +http://www.google.com/bot.html)" 
114.119.149.83 - - [16/Jan/2022:08:22:38 -0800] "GET /self.logs/access.log.2018-03-26.gz HTTP/1.1" 200 21181 "-" "Mozilla/5.0 (Linux; Android 7.0;) AppleWebKit/537.36 (KHTML, like Gecko) Mobile Safari/537.36 (compatible; PetalBot;+https://webmaster.petalsearch.com/site/petalbot)" 
49.7.20.105 - - [16/Jan/2022:08:32:25 -0800] "GET / HTTP/1.1" 200 13149 "-" "Sogou web spider/4.0(+http://www.sogou.com/docs/help/webmasters.htm#07)" 
114.119.149.89 - - [16/Jan/2022:08:42:38 -0800] "GET /self.logs/access.log.2017-12-28.gz HTTP/1.1" 200 24086 "-" "Mozilla/5.0 (Linux; Android 7.0;) AppleWebKit/537.36 (KHTML, like Gecko) Mobile Safari/537.36 (compatible; PetalBot;+https://webmaster.petalsearch.com/site/petalbot)" 
114.119.149.81 - - [16/Jan/2022:08:47:38 -0800] "GET /self.logs/access.log.2020-05-25.gz HTTP/1.1" 200 12230 "-" "Mozilla/5.0 (Linux; Android 7.0;) AppleWebKit/537.36 (KHTML, like Gecko) Mobile Safari/537.36 (compatible; PetalBot;+https://webmaster.petalsearch.com/site/petalbot)" 
114.119.149.89 - - [16/Jan/2022:08:52:39 -0800] "GET /self.logs/access.log.2020-11-02.gz HTTP/1.1" 200 15087 "-" "Mozilla/5.0 (Linux; Android 7.0;) AppleWebKit/537.36 (KHTML, like Gecko) Mobile Safari/537.36 (compatible; PetalBot;+https://webmaster.petalsearch.com/site/petalbot)" 
207.46.13.153 - - [16/Jan/2022:08:55:34 -0800] "GET /self.logs/error.log.2021-11-21 HTTP/1.1" 200 351 "-" "Mozilla/5.0 (compatible; bingbot/2.0; +http://www.bing.com/bingbot.htm)" 
114.119.149.71 - - [16/Jan/2022:08:57:38 -0800] "GET /self.logs/error.log.2020-06-08 HTTP/1.1" 200 351 "-" "Mozilla/5.0 (Linux; Android 7.0;) AppleWebKit/537.36 (KHTML, like Gecko) Mobile Safari/537.36 (compatible; PetalBot;+https://webmaster.petalsearch.com/site/petalbot)" 
49.7.20.105 - - [16/Jan/2022:09:04:29 -0800] "GET / HTTP/1.1" 200 13148 "-" "Sogou web spider/4.0(+http://www.sogou.com/docs/help/webmasters.htm#07)" 
114.119.149.71 - - [16/Jan/2022:09:07:38 -0800] "GET /self.logs/access.log.2019-12-23.gz HTTP/1.1" 200 17275 "-" "Mozilla/5.0 (Linux; Android 7.0;) AppleWebKit/537.36 (KHTML, like Gecko) Mobile Safari/537.36 (compatible; PetalBot;+https://webmaster.petalsearch.com/site/petalbot)" 
183.1.201.133 - - [16/Jan/2022:09:09:46 -0800] "GET / HTTP/1.1" 200 49096 "https://www.whole-search.com/cache/Google/secrepo.com?q=Google+global+ranking+site%3Awww.whole-search.com" "Mozilla/5.0 (Windows NT 10.0; Win64; x64) AppleWebKit/537.36 (KHTML, like Gecko) Chrome/73.0.3683.103 Safari/537.36" 
114.119.149.89 - - [16/Jan/2022:09:12:38 -0800] "GET /self.logs/access.log.2019-04-18.gz HTTP/1.1" 200 33352 "-" "Mozilla/5.0 (Linux; Android 7.0;) AppleWebKit/537.36 (KHTML, like Gecko) Mobile Safari/537.36 (compatible; PetalBot;+https://webmaster.petalsearch.com/site/petalbot)" 
31.51.222.231 - - [16/Jan/2022:09:12:56 -0800] "GET / HTTP/1.1" 200 13185 "-" "Mozilla/5.0 (X11; Linux x86_64) AppleWebKit/537.36 (KHTML, like Gecko) Chrome/97.0.4692.71 Safari/537.36" 
31.51.222.231 - - [16/Jan/2022:09:12:56 -0800] "GET /css/style.css HTTP/1.1" 404 305 "http://www.secrepo.com/" "Mozilla/5.0 (X11; Linux x86_64) AppleWebKit/537.36 (KHTML, like Gecko) Chrome/97.0.4692.71 Safari/537.36" 
207.46.13.27 - - [16/Jan/2022:09:18:29 -0800] "GET /maccdc2012/http.log.gz HTTP/1.1" 200 11090880 "-" "Mozilla/5.0 (compatible; bingbot/2.0; +http://www.bing.com/bingbot.htm)" 
114.119.149.78 - - [16/Jan/2022:09:22:40 -0800] "GET /self.logs/error.log.2017-09-04.gz HTTP/1.1" 200 734 "-" "Mozilla/5.0 (Linux; Android 7.0;) AppleWebKit/537.36 (KHTML, like Gecko) Mobile Safari/537.36 (compatible; PetalBot;+https://webmaster.petalsearch.com/site/petalbot)" 
114.119.149.89 - - [16/Jan/2022:09:27:41 -0800] "GET /self.logs/access.log.2019-02-18.gz HTTP/1.1" 200 28512 "-" "Mozilla/5.0 (Linux; Android 7.0;) AppleWebKit/537.36 (KHTML, like Gecko) Mobile Safari/537.36 (compatible; PetalBot;+https://webmaster.petalsearch.com/site/petalbot)" 
114.119.149.78 - - [16/Jan/2022:09:32:41 -0800] "GET /self.logs/access.log.2020-07-23.gz HTTP/1.1" 200 27718 "-" "Mozilla/5.0 (Linux; Android 7.0;) AppleWebKit/537.36 (KHTML, like Gecko) Mobile Safari/537.36 (compatible; PetalBot;+https://webmaster.petalsearch.com/site/petalbot)" 
49.7.20.105 - - [16/Jan/2022:09:35:10 -0800] "GET / HTTP/1.1" 200 13149 "-" "Sogou web spider/4.0(+http://www.sogou.com/docs/help/webmasters.htm#07)" 
114.119.149.83 - - [16/Jan/2022:09:47:43 -0800] "GET /self.logs/error.log.2018-06-12.gz HTTP/1.1" 200 8131 "-" "Mozilla/5.0 (Linux; Android 7.0;) AppleWebKit/537.36 (KHTML, like Gecko) Mobile Safari/537.36 (compatible; PetalBot;+https://webmaster.petalsearch.com/site/petalbot)" 
195.123.209.118 - - [16/Jan/2022:09:49:27 -0800] "GET / HTTP/1.1" 200 49089 "https://addblueoff.com.ua/" "Mozilla/4.0 (compatible; MSIE 5.0; Windows 3.1)" 
195.123.209.118 - - [16/Jan/2022:09:49:27 -0800] "GET / HTTP/1.1" 200 49089 "https://addblueoff.com.ua/" "Mozilla/4.0 (compatible; MSIE 5.0; Windows 3.1)" 
195.123.209.118 - - [16/Jan/2022:09:49:28 -0800] "GET / HTTP/1.1" 200 49089 "https://addblueoff.com.ua/" "Mozilla/4.0 (compatible; MSIE 5.0; Windows 3.1)" 
66.249.64.85 - - [16/Jan/2022:09:51:14 -0800] "GET /ads.txt HTTP/1.1" 301 489 "-" "Mozilla/5.0 (compatible; Googlebot/2.1; +http://www.google.com/bot.html)" 
40.77.167.20 - - [16/Jan/2022:09:55:18 -0800] "GET /self.logs/access.log.2017-01-08.gz HTTP/1.1" 200 14947 "-" "Mozilla/5.0 (compatible; bingbot/2.0; +http://www.bing.com/bingbot.htm)" 
27.17.169.22 - - [16/Jan/2022:09:57:23 -0800] "GET / HTTP/1.1" 200 13186 "-" "Mozilla/5.0 (Windows NT 10.0; Win64; x64; rv:91.0) Gecko/20100101 Firefox/91.0" 
114.119.149.78 - - [16/Jan/2022:09:57:44 -0800] "GET /self.logs/access.log.2019-09-15.gz HTTP/1.1" 200 21841 "-" "Mozilla/5.0 (Linux; Android 7.0;) AppleWebKit/537.36 (KHTML, like Gecko) Mobile Safari/537.36 (compatible; PetalBot;+https://webmaster.petalsearch.com/site/petalbot)" 
49.7.20.105 - - [16/Jan/2022:10:05:06 -0800] "GET / HTTP/1.1" 200 13147 "-" "Sogou web spider/4.0(+http://www.sogou.com/docs/help/webmasters.htm#07)" 
114.119.149.71 - - [16/Jan/2022:10:07:51 -0800] "GET /self.logs/access.log.2019-10-16.gz HTTP/1.1" 200 22664 "-" "Mozilla/5.0 (Linux; Android 7.0;) AppleWebKit/537.36 (KHTML, like Gecko) Mobile Safari/537.36 (compatible; PetalBot;+https://webmaster.petalsearch.com/site/petalbot)" 
173.34.154.114 - - [16/Jan/2022:10:08:21 -0800] "GET / HTTP/1.1" 200 13184 "-" "Mozilla/5.0 (Windows NT 10.0; Win64; x64) AppleWebKit/537.36 (KHTML, like Gecko) Chrome/97.0.4692.71 Safari/537.36" 
173.34.154.114 - - [16/Jan/2022:10:08:21 -0800] "GET /css/style.css HTTP/1.1" 404 305 "http://www.secrepo.com/" "Mozilla/5.0 (Windows NT 10.0; Win64; x64) AppleWebKit/537.36 (KHTML, like Gecko) Chrome/97.0.4692.71 Safari/537.36" 
173.34.154.114 - - [16/Jan/2022:10:08:21 -0800] "GET /twitter-icon.png HTTP/1.1" 200 27916 "http://www.secrepo.com/" "Mozilla/5.0 (Windows NT 10.0; Win64; x64) AppleWebKit/537.36 (KHTML, like Gecko) Chrome/97.0.4692.71 Safari/537.36" 
173.34.154.114 - - [16/Jan/2022:10:08:21 -0800] "GET /GitHub-Mark.png HTTP/1.1" 200 7533 "http://www.secrepo.com/" "Mozilla/5.0 (Windows NT 10.0; Win64; x64) AppleWebKit/537.36 (KHTML, like Gecko) Chrome/97.0.4692.71 Safari/537.36" 
173.34.154.114 - - [16/Jan/2022:10:08:36 -0800] "GET /self.logs/ HTTP/1.1" 200 33990 "-" "Mozilla/5.0 (Windows NT 10.0; Win64; x64) AppleWebKit/537.36 (KHTML, like Gecko) Chrome/97.0.4692.71 Safari/537.36" 
176.79.188.81 - - [16/Jan/2022:10:10:45 -0800] "GET /twitter-icon.png HTTP/1.1" 200 27916 "-" "Mozilla/5.0 (Windows NT 10.0; Win64; x64; rv:96.0) Gecko/20100101 Firefox/96.0" 
176.79.188.81 - - [16/Jan/2022:10:10:45 -0800] "GET /GitHub-Mark.png HTTP/1.1" 200 7556 "-" "Mozilla/5.0 (Windows NT 10.0; Win64; x64; rv:96.0) Gecko/20100101 Firefox/96.0" 
206.47.249.246 - - [16/Jan/2022:10:15:52 -0800] "GET /self.logs/error.log.2019-04-23.gz HTTP/1.1" 304 280 "-" "Mozilla/4.0 (compatible;)" 
114.119.135.212 - - [16/Jan/2022:10:17:51 -0800] "GET /self.logs/error.log.2020-12-11 HTTP/1.1" 200 1382 "-" "Mozilla/5.0 (Linux; Android 7.0;) AppleWebKit/537.36 (KHTML, like Gecko) Mobile Safari/537.36 (compatible; PetalBot;+https://webmaster.petalsearch.com/site/petalbot)" 
114.119.149.78 - - [16/Jan/2022:10:28:01 -0800] "GET /self.logs/error.log.2019-03-22.gz HTTP/1.1" 200 5316 "-" "Mozilla/5.0 (Linux; Android 7.0;) AppleWebKit/537.36 (KHTML, like Gecko) Mobile Safari/537.36 (compatible; PetalBot;+https://webmaster.petalsearch.com/site/petalbot)" 
51.222.253.6 - - [16/Jan/2022:10:28:58 -0800] "GET / HTTP/1.1" 200 13140 "-" "Mozilla/5.0 (compatible; AhrefsBot/7.0; +http://ahrefs.com/robot/)" 
49.7.20.105 - - [16/Jan/2022:10:34:22 -0800] "GET / HTTP/1.1" 200 13148 "-" "Sogou web spider/4.0(+http://www.sogou.com/docs/help/webmasters.htm#07)" 
114.119.149.78 - - [16/Jan/2022:10:38:09 -0800] "GET /self.logs/access.log.2018-04-01.gz HTTP/1.1" 200 18656 "-" "Mozilla/5.0 (Linux; Android 7.0;) AppleWebKit/537.36 (KHTML, like Gecko) Mobile Safari/537.36 (compatible; PetalBot;+https://webmaster.petalsearch.com/site/petalbot)" 
40.77.167.20 - - [16/Jan/2022:10:47:02 -0800] "GET /self.logs/error.log.2021-12-05.gz HTTP/1.1" 200 915 "-" "Mozilla/5.0 (compatible; bingbot/2.0; +http://www.bing.com/bingbot.htm)" 
42.116.52.149 - - [16/Jan/2022:10:57:35 -0800] "GET /honeypot/Honeypot%20-%20Howto.pdf HTTP/1.1" 200 1279529 "http://www.secrepo.com/" "Mozilla/5.0 (X11; OpenBSD i386) AppleWebKit/537.36 (KHTML, like Gecko) Chrome/43.0.2357.125 Safari/537.36" 
51.222.253.19 - - [16/Jan/2022:11:00:57 -0800] "GET /self.logs/2015/?C=M;O=A HTTP/1.1" 200 7662 "-" "Mozilla/5.0 (compatible; AhrefsBot/7.0; +http://ahrefs.com/robot/)" 
49.7.20.105 - - [16/Jan/2022:11:03:04 -0800] "GET / HTTP/1.1" 200 13148 "-" "Sogou web spider/4.0(+http://www.sogou.com/docs/help/webmasters.htm#07)" 
114.119.135.212 - - [16/Jan/2022:11:08:50 -0800] "GET /self.logs/error.log.2017-07-21.gz HTTP/1.1" 200 900 "-" "Mozilla/5.0 (Linux; Android 7.0;) AppleWebKit/537.36 (KHTML, like Gecko) Mobile Safari/537.36 (compatible; PetalBot;+https://webmaster.petalsearch.com/site/petalbot)" 
40.77.167.20 - - [16/Jan/2022:11:11:25 -0800] "GET /self.logs/access.log.2017-12-07.gz HTTP/1.1" 200 57758 "-" "Mozilla/5.0 (compatible; bingbot/2.0; +http://www.bing.com/bingbot.htm)" 
50.117.24.210 - - [16/Jan/2022:11:13:44 -0800] "HEAD / HTTP/1.1" 200 396 "http://www.secrepo.com" "Mozilla/5.0 (Windows NT 10.0; WOW64) AppleWebKit/537.36 (KHTML, like Gecko) Chrome/69.0.3497.92 Safari/537.36" 
50.117.24.210 - - [16/Jan/2022:11:13:44 -0800] "HEAD / HTTP/1.1" 200 318 "https://www.baidu.com/" "Mozilla/5.0 (compatible; Baiduspider/2.0; +http://www.baidu.com/search/spider.html" 
50.117.24.210 - - [16/Jan/2022:11:13:45 -0800] "GET /e/favicon.ico HTTP/1.1" 404 250 "https://www.baidu.com/" "Mozilla/5.0 (compatible; Baiduspider/2.0; +http://www.baidu.com/search/spider.html" 
50.117.24.210 - - [16/Jan/2022:11:13:45 -0800] "GET /plus/bookfeedback.php HTTP/1.1" 404 250 "https://www.baidu.com/" "Mozilla/5.0 (compatible; Baiduspider/2.0; +http://www.baidu.com/search/spider.html" 
50.117.24.210 - - [16/Jan/2022:11:13:45 -0800] "GET /uploads/userup/index.html HTTP/1.1" 404 250 "https://www.baidu.com/" "Mozilla/5.0 (compatible; Baiduspider/2.0; +http://www.baidu.com/search/spider.html" 
50.117.24.210 - - [16/Jan/2022:11:13:45 -0800] "GET /favicon.ico HTTP/1.1" 200 313 "https://www.baidu.com/" "Mozilla/5.0 (compatible; Baiduspider/2.0; +http://www.baidu.com/search/spider.html" 
50.117.24.210 - - [16/Jan/2022:11:13:46 -0800] "GET /data/admin/ver.txt HTTP/1.1" 404 250 "https://www.baidu.com/" "Mozilla/5.0 (compatible; Baiduspider/2.0; +http://www.baidu.com/search/spider.html" 
50.117.24.210 - - [16/Jan/2022:11:13:46 -0800] "GET /data/admin/quickmenu.txt HTTP/1.1" 404 250 "https://www.baidu.com/" "Mozilla/5.0 (compatible; Baiduspider/2.0; +http://www.baidu.com/search/spider.html" 
50.117.24.210 - - [16/Jan/2022:11:13:46 -0800] "GET /data/admin/quickmenu.txt HTTP/1.1" 404 250 "https://www.baidu.com/" "Mozilla/5.0 (compatible; Baiduspider/2.0; +http://www.baidu.com/search/spider.html" 
50.117.24.210 - - [16/Jan/2022:11:13:46 -0800] "GET /data/admin/ver.txt HTTP/1.1" 404 250 "https://www.baidu.com/" "Mozilla/5.0 (compatible; Baiduspider/2.0; +http://www.baidu.com/search/spider.html" 
50.117.24.210 - - [16/Jan/2022:11:13:46 -0800] "GET /robots.txt HTTP/1.1" 200 299 "https://www.baidu.com/" "Mozilla/5.0 (compatible; Baiduspider/2.0; +http://www.baidu.com/search/spider.html" 
50.117.24.210 - - [16/Jan/2022:11:13:46 -0800] "GET /include/taglib/help/flink.txt HTTP/1.1" 404 250 "https://www.baidu.com/" "Mozilla/5.0 (compatible; Baiduspider/2.0; +http://www.baidu.com/search/spider.html" 
50.117.24.210 - - [16/Jan/2022:11:13:47 -0800] "GET /plus/img/df_dedetitle.gif HTTP/1.1" 404 250 "https://www.baidu.com/" "Mozilla/5.0 (compatible; Baiduspider/2.0; +http://www.baidu.com/search/spider.html" 
50.117.24.210 - - [16/Jan/2022:11:13:47 -0800] "GET /templets/default/images/logo.gif HTTP/1.1" 404 250 "https://www.baidu.com/" "Mozilla/5.0 (compatible; Baiduspider/2.0; +http://www.baidu.com/search/spider.html" 
50.117.24.210 - - [16/Jan/2022:11:13:47 -0800] "GET /templets/default/images/logo.gif HTTP/1.1" 404 250 "https://www.baidu.com/" "Mozilla/5.0 (compatible; Baiduspider/2.0; +http://www.baidu.com/search/spider.html" 
50.117.24.210 - - [16/Jan/2022:11:13:47 -0800] "GET /member/space/person/header.htm HTTP/1.1" 404 250 "https://www.baidu.com/" "Mozilla/5.0 (compatible; Baiduspider/2.0; +http://www.baidu.com/search/spider.html" 
50.117.24.210 - - [16/Jan/2022:11:13:47 -0800] "GET /data/admin/ver.txt HTTP/1.1" 404 250 "https://www.baidu.com/" "Mozilla/5.0 (compatible; Baiduspider/2.0; +http://www.baidu.com/search/spider.html" 
50.117.24.210 - - [16/Jan/2022:11:13:47 -0800] "GET /dede/img/admin_top_logo.gif HTTP/1.1" 404 250 "https://www.baidu.com/" "Mozilla/5.0 (compatible; Baiduspider/2.0; +http://www.baidu.com/search/spider.html" 
50.117.24.210 - - [16/Jan/2022:11:13:47 -0800] "GET /plus/carbuyaction.php HTTP/1.1" 404 250 "https://www.baidu.com/" "Mozilla/5.0 (compatible; Baiduspider/2.0; +http://www.baidu.com/search/spider.html" 
50.117.24.210 - - [16/Jan/2022:11:13:47 -0800] "GET /data/admin/allowurl.txt HTTP/1.1" 404 250 "https://www.baidu.com/" "Mozilla/5.0 (compatible; Baiduspider/2.0; +http://www.baidu.com/search/spider.html" 
50.117.24.210 - - [16/Jan/2022:11:13:47 -0800] "GET /favicon.ico HTTP/1.1" 200 313 "https://www.baidu.com/" "Mozilla/5.0 (compatible; Baiduspider/2.0; +http://www.baidu.com/search/spider.html" 
50.117.24.210 - - [16/Jan/2022:11:13:48 -0800] "GET /images/loadinglit.gif HTTP/1.1" 404 250 "https://www.baidu.com/" "Mozilla/5.0 (compatible; Baiduspider/2.0; +http://www.baidu.com/search/spider.html" 
50.117.24.210 - - [16/Jan/2022:11:13:48 -0800] "GET /data/cache/inc_catalog_base.inc HTTP/1.1" 418 691 "https://www.baidu.com/" "Mozilla/5.0 (compatible; Baiduspider/2.0; +http://www.baidu.com/search/spider.html" 
50.117.24.210 - - [16/Jan/2022:11:13:48 -0800] "GET /member/images/member.gif HTTP/1.1" 404 250 "https://www.baidu.com/" "Mozilla/5.0 (compatible; Baiduspider/2.0; +http://www.baidu.com/search/spider.html" 
50.117.24.210 - - [16/Jan/2022:11:13:49 -0800] "GET /member/templets/images/login_logo.gif HTTP/1.1" 404 250 "https://www.baidu.com/" "Mozilla/5.0 (compatible; Baiduspider/2.0; +http://www.baidu.com/search/spider.html" 
50.117.24.210 - - [16/Jan/2022:11:13:49 -0800] "GET /plus/img/wbg.gif HTTP/1.1" 404 250 "https://www.baidu.com/" "Mozilla/5.0 (compatible; Baiduspider/2.0; +http://www.baidu.com/search/spider.html" 
50.117.24.210 - - [16/Jan/2022:11:13:49 -0800] "GET /data/cache/index.htm HTTP/1.1" 404 250 "https://www.baidu.com/" "Mozilla/5.0 (compatible; Baiduspider/2.0; +http://www.baidu.com/search/spider.html" 
50.117.24.210 - - [16/Jan/2022:11:13:49 -0800] "GET /member/space/person/common/css/css.css HTTP/1.1" 404 250 "https://www.baidu.com/" "Mozilla/5.0 (compatible; Baiduspider/2.0; +http://www.baidu.com/search/spider.html" 
50.117.24.210 - - [16/Jan/2022:11:13:49 -0800] "GET /member/space/person/common/css/css.css HTTP/1.1" 404 250 "https://www.baidu.com/" "Mozilla/5.0 (compatible; Baiduspider/2.0; +http://www.baidu.com/search/spider.html" 
50.117.24.210 - - [16/Jan/2022:11:13:49 -0800] "GET /plus/carbuyaction.php HTTP/1.1" 404 250 "https://www.baidu.com/" "Mozilla/5.0 (compatible; Baiduspider/2.0; +http://www.baidu.com/search/spider.html" 
50.117.24.210 - - [16/Jan/2022:11:13:49 -0800] "GET /member/images/dzh_logo.gif HTTP/1.1" 404 250 "https://www.baidu.com/" "Mozilla/5.0 (compatible; Baiduspider/2.0; +http://www.baidu.com/search/spider.html" 
50.117.24.210 - - [16/Jan/2022:11:13:49 -0800] "GET /data/admin/allowurl.txt HTTP/1.1" 404 250 "https://www.baidu.com/" "Mozilla/5.0 (compatible; Baiduspider/2.0; +http://www.baidu.com/search/spider.html" 
50.117.24.210 - - [16/Jan/2022:11:13:49 -0800] "GET /templets/default/style/dedecms.css HTTP/1.1" 404 250 "https://www.baidu.com/" "Mozilla/5.0 (compatible; Baiduspider/2.0; +http://www.baidu.com/search/spider.html" 
50.117.24.210 - - [16/Jan/2022:11:13:49 -0800] "GET /member/images/base.css HTTP/1.1" 404 250 "https://www.baidu.com/" "Mozilla/5.0 (compatible; Baiduspider/2.0; +http://www.baidu.com/search/spider.html" 
50.117.24.210 - - [16/Jan/2022:11:13:49 -0800] "GET /dede/templets/article_coonepage_rule.htm HTTP/1.1" 404 250 "https://www.baidu.com/" "Mozilla/5.0 (compatible; Baiduspider/2.0; +http://www.baidu.com/search/spider.html" 
50.117.24.210 - - [16/Jan/2022:11:13:50 -0800] "GET /templets/default/style/dedecms.css HTTP/1.1" 404 250 "https://www.baidu.com/" "Mozilla/5.0 (compatible; Baiduspider/2.0; +http://www.baidu.com/search/spider.html" 
50.117.24.210 - - [16/Jan/2022:11:13:50 -0800] "GET /templets/default/style/dedecms.css HTTP/1.1" 404 250 "https://www.baidu.com/" "Mozilla/5.0 (compatible; Baiduspider/2.0; +http://www.baidu.com/search/spider.html" 
50.117.24.210 - - [16/Jan/2022:11:13:50 -0800] "GET /data/admin/ver.txt HTTP/1.1" 404 250 "https://www.baidu.com/" "Mozilla/5.0 (compatible; Baiduspider/2.0; +http://www.baidu.com/search/spider.html" 
50.117.24.210 - - [16/Jan/2022:11:13:50 -0800] "GET /data/admin/ver.txt HTTP/1.1" 404 250 "https://www.baidu.com/" "Mozilla/5.0 (compatible; Baiduspider/2.0; +http://www.baidu.com/search/spider.html" 
50.117.24.210 - - [16/Jan/2022:11:13:50 -0800] "GET /data/cache/index.htm HTTP/1.1" 404 250 "https://www.baidu.com/" "Mozilla/5.0 (compatible; Baiduspider/2.0; +http://www.baidu.com/search/spider.html" 
50.117.24.210 - - [16/Jan/2022:11:13:50 -0800] "GET /data/admin/ver.txt HTTP/1.1" 404 250 "https://www.baidu.com/" "Mozilla/5.0 (compatible; Baiduspider/2.0; +http://www.baidu.com/search/spider.html" 
50.117.24.210 - - [16/Jan/2022:11:13:50 -0800] "GET /include/data/vdcode.jpg HTTP/1.1" 404 250 "https://www.baidu.com/" "Mozilla/5.0 (compatible; Baiduspider/2.0; +http://www.baidu.com/search/spider.html" 
207.46.13.39 - - [16/Jan/2022:11:18:20 -0800] "GET /self.logs/error.log.2021-12-06.gz HTTP/1.1" 200 923 "-" "Mozilla/5.0 (compatible; bingbot/2.0; +http://www.bing.com/bingbot.htm)" 
49.7.20.105 - - [16/Jan/2022:11:30:56 -0800] "GET / HTTP/1.1" 200 13147 "-" "Sogou web spider/4.0(+http://www.sogou.com/docs/help/webmasters.htm#07)" 
51.222.253.8 - - [16/Jan/2022:11:31:43 -0800] "GET /self.logs/?C=N;O=A HTTP/1.1" 200 33946 "-" "Mozilla/5.0 (compatible; AhrefsBot/7.0; +http://ahrefs.com/robot/)" 
114.119.149.81 - - [16/Jan/2022:11:34:23 -0800] "GET /self.logs/access.log.2018-07-13.gz HTTP/1.1" 200 17624 "-" "Mozilla/5.0 (Linux; Android 7.0;) AppleWebKit/537.36 (KHTML, like Gecko) Mobile Safari/537.36 (compatible; PetalBot;+https://webmaster.petalsearch.com/site/petalbot)" 
114.119.149.81 - - [16/Jan/2022:11:39:29 -0800] "GET /self.logs/access.log.2018-01-11.gz HTTP/1.1" 200 22158 "-" "Mozilla/5.0 (Linux; Android 7.0;) AppleWebKit/537.36 (KHTML, like Gecko) Mobile Safari/537.36 (compatible; PetalBot;+https://webmaster.petalsearch.com/site/petalbot)" 
114.119.149.83 - - [16/Jan/2022:11:54:48 -0800] "GET /self.logs/access.log.2019-11-30.gz HTTP/1.1" 200 21810 "-" "Mozilla/5.0 (Linux; Android 7.0;) AppleWebKit/537.36 (KHTML, like Gecko) Mobile Safari/537.36 (compatible; PetalBot;+https://webmaster.petalsearch.com/site/petalbot)" 
49.7.20.105 - - [16/Jan/2022:11:58:53 -0800] "GET / HTTP/1.1" 200 13148 "-" "Sogou web spider/4.0(+http://www.sogou.com/docs/help/webmasters.htm#07)" 
51.222.253.4 - - [16/Jan/2022:12:00:40 -0800] "GET /Datasets%20Description/HTML_Bro_log_3/app_stats.html HTTP/1.1" 200 1547 "-" "Mozilla/5.0 (compatible; AhrefsBot/7.0; +http://ahrefs.com/robot/)" 
114.119.135.212 - - [16/Jan/2022:12:15:22 -0800] "GET /self.logs/access.log.2017-07-25.gz HTTP/1.1" 200 28675 "-" "Mozilla/5.0 (Linux; Android 7.0;) AppleWebKit/537.36 (KHTML, like Gecko) Mobile Safari/537.36 (compatible; PetalBot;+https://webmaster.petalsearch.com/site/petalbot)" 
