31.10.136.201 - - [31/Mar/2020:02:31:12 -0700] "GET / HTTP/1.1" 200 12778 "http://www.secrepo.com/Datasets%20Description/PE_malware/Zeus.html" "Mozilla/5.0 (Windows NT 10.0; Win64; x64) AppleWebKit/537.36 (KHTML, like Gecko) Chrome/80.0.3987.149 Safari/537.36" 
31.10.136.201 - - [31/Mar/2020:02:31:13 -0700] "GET /css/style.css HTTP/1.1" 404 305 "http://www.secrepo.com/" "Mozilla/5.0 (Windows NT 10.0; Win64; x64) AppleWebKit/537.36 (KHTML, like Gecko) Chrome/80.0.3987.149 Safari/537.36" 
40.77.167.190 - - [31/Mar/2020:02:31:56 -0700] "GET /self.logs/access.log.2019-04-02.gz HTTP/1.1" 200 29470 "-" "Mozilla/5.0 (compatible; bingbot/2.0; +http://www.bing.com/bingbot.htm)" 
211.20.153.142 - - [31/Mar/2020:02:37:19 -0700] "GET / HTTP/1.1" 200 12741 "-" "Mozilla/5.0 (Windows NT 10.0; Win64; x64) AppleWebKit/537.36 (KHTML, like Gecko) Chrome/80.0.3987.149 Safari/537.36" 
38.39.240.9 - - [31/Mar/2020:02:37:20 -0700] "GET /css/style.css HTTP/1.1" 404 291 "http://www.secrepo.com/" "Mozilla/5.0 (Windows NT 10.0; Win64; x64) AppleWebKit/537.36 (KHTML, like Gecko) Chrome/80.0.3987.149 Safari/537.36" 
180.124.104.82 - - [31/Mar/2020:02:38:00 -0700] "GET / HTTP/1.1" 301 475 "-" "Mozilla/5.0 (Windows NT 10.0; Win64; x64) AppleWebKit/537.36 (KHTML, like Gecko) Chrome/80.0.3987.149 Safari/537.36" 
180.124.104.82 - - [31/Mar/2020:02:38:01 -0700] "GET / HTTP/1.1" 200 12778 "-" "Mozilla/5.0 (Windows NT 10.0; Win64; x64) AppleWebKit/537.36 (KHTML, like Gecko) Chrome/80.0.3987.149 Safari/537.36" 
180.124.104.82 - - [31/Mar/2020:02:38:02 -0700] "GET /css/style.css HTTP/1.1" 404 305 "http://www.secrepo.com/" "Mozilla/5.0 (Windows NT 10.0; Win64; x64) AppleWebKit/537.36 (KHTML, like Gecko) Chrome/80.0.3987.149 Safari/537.36" 
180.124.104.82 - - [31/Mar/2020:02:38:02 -0700] "GET /twitter-icon.png HTTP/1.1" 200 27916 "http://www.secrepo.com/" "Mozilla/5.0 (Windows NT 10.0; Win64; x64) AppleWebKit/537.36 (KHTML, like Gecko) Chrome/80.0.3987.149 Safari/537.36" 
180.124.104.82 - - [31/Mar/2020:02:38:02 -0700] "GET /GitHub-Mark.png HTTP/1.1" 200 7533 "http://www.secrepo.com/" "Mozilla/5.0 (Windows NT 10.0; Win64; x64) AppleWebKit/537.36 (KHTML, like Gecko) Chrome/80.0.3987.149 Safari/537.36" 
93.234.112.40 - - [31/Mar/2020:02:57:15 -0700] "GET / HTTP/1.1" 200 12777 "https://www.researchgate.net/" "Mozilla/5.0 (Macintosh; Intel Mac OS X 10_14_2) AppleWebKit/537.36 (KHTML, like Gecko) Chrome/80.0.3987.149 Safari/537.36" 
93.234.112.40 - - [31/Mar/2020:02:57:15 -0700] "GET /css/style.css HTTP/1.1" 404 305 "http://www.secrepo.com/" "Mozilla/5.0 (Macintosh; Intel Mac OS X 10_14_2) AppleWebKit/537.36 (KHTML, like Gecko) Chrome/80.0.3987.149 Safari/537.36" 
93.234.112.40 - - [31/Mar/2020:02:57:15 -0700] "GET /twitter-icon.png HTTP/1.1" 200 27893 "http://www.secrepo.com/" "Mozilla/5.0 (Macintosh; Intel Mac OS X 10_14_2) AppleWebKit/537.36 (KHTML, like Gecko) Chrome/80.0.3987.149 Safari/537.36" 
93.234.112.40 - - [31/Mar/2020:02:57:15 -0700] "GET /GitHub-Mark.png HTTP/1.1" 200 7556 "http://www.secrepo.com/" "Mozilla/5.0 (Macintosh; Intel Mac OS X 10_14_2) AppleWebKit/537.36 (KHTML, like Gecko) Chrome/80.0.3987.149 Safari/537.36" 
93.234.112.40 - - [31/Mar/2020:02:57:17 -0700] "GET /bootstrap/img/favicon.ico HTTP/1.1" 200 690 "http://www.secrepo.com/" "Mozilla/5.0 (Macintosh; Intel Mac OS X 10_14_2) AppleWebKit/537.36 (KHTML, like Gecko) Chrome/80.0.3987.149 Safari/537.36" 
13.234.33.193 - - [31/Mar/2020:02:57:45 -0700] "GET / HTTP/1.1" 200 12740 "-" "Mozilla/5.0 (Windows NT 10.0; Win64; x64) AppleWebKit/537.36 (KHTML, like Gecko) Chrome/80.0.3987.149 Safari/537.36" 
42.3.16.145 - - [31/Mar/2020:02:57:46 -0700] "GET /css/style.css HTTP/1.1" 404 291 "http://www.secrepo.com/" "Mozilla/5.0 (Windows NT 10.0; Win64; x64) AppleWebKit/537.36 (KHTML, like Gecko) Chrome/80.0.3987.149 Safari/537.36" 
162.210.196.98 - - [31/Mar/2020:02:59:52 -0700] "GET /robots.txt HTTP/1.1" 301 495 "-" "Mozilla/5.0 (compatible; MJ12bot/v1.4.8; http://mj12bot.com/)" 
162.210.196.98 - - [31/Mar/2020:02:59:53 -0700] "GET /robots.txt HTTP/1.1" 200 377 "-" "Mozilla/5.0 (compatible; MJ12bot/v1.4.8; http://mj12bot.com/)" 
162.210.196.98 - - [31/Mar/2020:02:59:56 -0700] "GET / HTTP/1.1" 301 419 "-" "Mozilla/5.0 (compatible; MJ12bot/v1.4.8; http://mj12bot.com/)" 
162.210.196.98 - - [31/Mar/2020:02:59:57 -0700] "GET / HTTP/1.1" 200 12733 "-" "Mozilla/5.0 (compatible; MJ12bot/v1.4.8; http://mj12bot.com/)" 
37.228.249.96 - - [31/Mar/2020:03:01:15 -0700] "GET / HTTP/1.1" 200 12777 "-" "Mozilla/5.0 (Macintosh; Intel Mac OS X 10_14_6) AppleWebKit/605.1.15 (KHTML, like Gecko) Version/13.0.5 Safari/605.1.15" 
37.228.249.96 - - [31/Mar/2020:03:01:15 -0700] "GET /css/style.css HTTP/1.1" 404 305 "http://www.secrepo.com/" "Mozilla/5.0 (Macintosh; Intel Mac OS X 10_14_6) AppleWebKit/605.1.15 (KHTML, like Gecko) Version/13.0.5 Safari/605.1.15" 
144.168.162.250 - - [31/Mar/2020:03:02:23 -0700] "GET / HTTP/1.1" 301 475 "-" "Mozilla/5.0 (Windows NT 6.1; WOW64) AppleWebKit/537.36 (KHTML, like Gecko) Chrome/34.0.1847.131 Safari/537.36" 
144.168.162.250 - - [31/Mar/2020:03:02:23 -0700] "GET / HTTP/1.1" 200 47602 "-" "Mozilla/5.0 (Windows NT 6.1; WOW64) AppleWebKit/537.36 (KHTML, like Gecko) Chrome/34.0.1847.131 Safari/537.36" 
59.120.252.193 - - [31/Mar/2020:03:06:48 -0700] "GET / HTTP/1.1" 200 12777 "-" "Mozilla/5.0 (Windows NT 10.0; Win64; x64) AppleWebKit/537.36 (KHTML, like Gecko) Chrome/80.0.3987.149 Safari/537.36" 
60.248.243.137 - - [31/Mar/2020:03:06:49 -0700] "GET /css/style.css HTTP/1.1" 404 328 "http://www.secrepo.com/" "Mozilla/5.0 (Windows NT 10.0; Win64; x64) AppleWebKit/537.36 (KHTML, like Gecko) Chrome/80.0.3987.149 Safari/537.36" 
128.2.24.79 - - [31/Mar/2020:03:06:53 -0700] "GET / HTTP/1.1" 200 47565 "-" "Python-urllib/2.7" 
119.246.145.19 - - [31/Mar/2020:03:07:24 -0700] "GET /Security-Data-Analysis/Lab_1/conn.log.zip HTTP/1.1" 200 1296480 "-" "Mozilla/5.0 (Windows NT 10.0; Win64; x64) AppleWebKit/537.36 (KHTML, like Gecko) Chrome/80.0.3987.149 Safari/537.36" 
203.150.154.12 - - [31/Mar/2020:03:08:28 -0700] "GET /maccdc2012/dhcp.log.gz HTTP/1.1" 200 44977 "http://www.secrepo.com/" "Mozilla/5.0 (Windows NT 10.0; Win64; x64; rv:74.0) Gecko/20100101 Firefox/74.0" 
203.150.154.12 - - [31/Mar/2020:03:08:29 -0700] "GET /Datasets%20Description/Network/dhcp.html HTTP/1.1" 200 1461 "http://www.secrepo.com/" "Mozilla/5.0 (Windows NT 10.0; Win64; x64; rv:74.0) Gecko/20100101 Firefox/74.0" 
203.150.154.12 - - [31/Mar/2020:03:08:30 -0700] "GET /favicon.ico HTTP/1.1" 200 391 "-" "Mozilla/5.0 (Windows NT 10.0; Win64; x64; rv:74.0) Gecko/20100101 Firefox/74.0" 
203.150.154.12 - - [31/Mar/2020:03:08:42 -0700] "GET /maccdc2012/conn.log.gz HTTP/1.1" 200 1553440 "http://www.secrepo.com/" "Mozilla/5.0 (Windows NT 10.0; Win64; x64; rv:74.0) Gecko/20100101 Firefox/74.0" 
207.46.13.86 - - [31/Mar/2020:03:14:40 -0700] "GET / HTTP/1.1" 200 12777 "-" "Mozilla/5.0 (compatible; bingbot/2.0; +http://www.bing.com/bingbot.htm)" 
104.168.182.234 - - [31/Mar/2020:03:19:49 -0700] "GET / HTTP/1.1" 301 475 "http://secrepo.com" "Mozilla/5.0 (Windows NT 6.3; Win64; x64) AppleWebKit/537.36 (KHTML, like Gecko) Chrome/64.0.3282.119 Safari/537.36" 
104.168.182.234 - - [31/Mar/2020:03:19:49 -0700] "GET / HTTP/1.1" 200 12777 "http://secrepo.com" "Mozilla/5.0 (Windows NT 6.3; Win64; x64) AppleWebKit/537.36 (KHTML, like Gecko) Chrome/64.0.3282.119 Safari/537.36" 
104.168.182.234 - - [31/Mar/2020:03:19:49 -0700] "GET /Datasets%20Description/PE_malware/VirusShare.html HTTP/1.1" 200 1651 "http://www.secrepo.com/" "Mozilla/5.0 (Windows NT 6.3; Win64; x64) AppleWebKit/537.36 (KHTML, like Gecko) Chrome/64.0.3282.119 Safari/537.36" 
58.250.125.132 - - [31/Mar/2020:03:21:27 -0700] "GET / HTTP/1.1" 200 12740 "-" "Sogou web spider/4.0(+http://www.sogou.com/docs/help/webmasters.htm#07)" 
157.47.60.62 - - [31/Mar/2020:03:27:47 -0700] "GET / HTTP/1.1" 200 12777 "-" "Mozilla/5.0 (X11; Linux x86_64) AppleWebKit/537.36 (KHTML, like Gecko) Chrome/79.0.3945.117 Safari/537.36" 
157.47.60.62 - - [31/Mar/2020:03:27:47 -0700] "GET /css/style.css HTTP/1.1" 404 328 "http://www.secrepo.com/" "Mozilla/5.0 (X11; Linux x86_64) AppleWebKit/537.36 (KHTML, like Gecko) Chrome/79.0.3945.117 Safari/537.36" 
157.47.60.62 - - [31/Mar/2020:03:27:52 -0700] "GET /twitter-icon.png HTTP/1.1" 200 27916 "http://www.secrepo.com/" "Mozilla/5.0 (X11; Linux x86_64) AppleWebKit/537.36 (KHTML, like Gecko) Chrome/79.0.3945.117 Safari/537.36" 
157.47.60.62 - - [31/Mar/2020:03:27:55 -0700] "GET /GitHub-Mark.png HTTP/1.1" 200 7556 "http://www.secrepo.com/" "Mozilla/5.0 (X11; Linux x86_64) AppleWebKit/537.36 (KHTML, like Gecko) Chrome/79.0.3945.117 Safari/537.36" 
157.47.60.62 - - [31/Mar/2020:03:29:25 -0700] "GET /bootstrap/img/favicon.ico HTTP/1.1" 200 713 "http://www.secrepo.com/" "Mozilla/5.0 (X11; Linux x86_64) AppleWebKit/537.36 (KHTML, like Gecko) Chrome/79.0.3945.117 Safari/537.36" 
207.46.13.24 - - [31/Mar/2020:03:37:43 -0700] "GET /self.logs/access.log.2017-12-01.gz HTTP/1.1" 200 21963 "-" "Mozilla/5.0 (compatible; bingbot/2.0; +http://www.bing.com/bingbot.htm)" 
40.77.167.190 - - [31/Mar/2020:03:38:50 -0700] "GET /self.logs/access.log.2017-08-19.gz HTTP/1.1" 200 16103 "-" "Mozilla/5.0 (compatible; bingbot/2.0; +http://www.bing.com/bingbot.htm)" 
110.166.139.92 - - [31/Mar/2020:03:41:34 -0700] "GET / HTTP/1.1" 200 12778 "-" "Mozilla/5.0 (Windows NT 10.0; Win64; x64) AppleWebKit/537.36 (KHTML, like Gecko) Chrome/78.0.3904.87 Safari/537.36" 
110.166.139.92 - - [31/Mar/2020:03:41:38 -0700] "GET /css/style.css HTTP/1.1" 404 328 "http://www.secrepo.com/" "Mozilla/5.0 (Windows NT 10.0; Win64; x64) AppleWebKit/537.36 (KHTML, like Gecko) Chrome/78.0.3904.87 Safari/537.36" 
110.166.139.92 - - [31/Mar/2020:03:41:45 -0700] "GET /twitter-icon.png HTTP/1.1" 200 27916 "http://www.secrepo.com/" "Mozilla/5.0 (Windows NT 10.0; Win64; x64) AppleWebKit/537.36 (KHTML, like Gecko) Chrome/78.0.3904.87 Safari/537.36" 
110.166.139.92 - - [31/Mar/2020:03:41:45 -0700] "GET /GitHub-Mark.png HTTP/1.1" 200 7556 "http://www.secrepo.com/" "Mozilla/5.0 (Windows NT 10.0; Win64; x64) AppleWebKit/537.36 (KHTML, like Gecko) Chrome/78.0.3904.87 Safari/537.36" 
110.166.139.92 - - [31/Mar/2020:03:42:33 -0700] "GET /bootstrap/img/favicon.ico HTTP/1.1" 200 713 "http://www.secrepo.com/" "Mozilla/5.0 (Windows NT 10.0; Win64; x64) AppleWebKit/537.36 (KHTML, like Gecko) Chrome/78.0.3904.87 Safari/537.36" 
23.100.232.233 - - [31/Mar/2020:03:42:45 -0700] "GET / HTTP/1.1" 200 12778 "-" "Mozilla/5.0 (compatible; MSIE 9.0; Windows NT 6.1; Trident/5.0;  Trident/5.0)" 
23.100.232.233 - - [31/Mar/2020:03:42:46 -0700] "GET /css/style.css HTTP/1.1" 404 305 "http://www.secrepo.com/" "Mozilla/5.0 (compatible; MSIE 9.0; Windows NT 6.1; Trident/5.0;  Trident/5.0)" 
203.150.154.12 - - [31/Mar/2020:03:43:18 -0700] "GET /Datasets%20Description/Network/dhcp.html HTTP/1.1" 200 1461 "http://www.secrepo.com/" "Mozilla/5.0 (Windows NT 10.0; Win64; x64; rv:74.0) Gecko/20100101 Firefox/74.0" 
203.150.154.12 - - [31/Mar/2020:03:43:19 -0700] "GET /favicon.ico HTTP/1.1" 200 391 "-" "Mozilla/5.0 (Windows NT 10.0; Win64; x64; rv:74.0) Gecko/20100101 Firefox/74.0" 
203.150.154.12 - - [31/Mar/2020:03:46:43 -0700] "GET / HTTP/1.1" 200 12777 "-" "Mozilla/5.0 (Windows NT 10.0; Win64; x64; rv:74.0) Gecko/20100101 Firefox/74.0" 
203.150.154.12 - - [31/Mar/2020:03:46:44 -0700] "GET /css/style.css HTTP/1.1" 404 328 "http://www.secrepo.com/" "Mozilla/5.0 (Windows NT 10.0; Win64; x64; rv:74.0) Gecko/20100101 Firefox/74.0" 
203.150.154.12 - - [31/Mar/2020:03:46:45 -0700] "GET /bootstrap/img/favicon.ico HTTP/1.1" 200 713 "-" "Mozilla/5.0 (Windows NT 10.0; Win64; x64; rv:74.0) Gecko/20100101 Firefox/74.0" 
203.150.154.12 - - [31/Mar/2020:03:46:51 -0700] "GET /maccdc2012/dns.log.gz HTTP/1.1" 200 975280 "http://www.secrepo.com/" "Mozilla/5.0 (Windows NT 10.0; Win64; x64; rv:74.0) Gecko/20100101 Firefox/74.0" 
207.46.13.86 - - [31/Mar/2020:03:47:45 -0700] "GET /self.logs/access.log.2020-01-02.gz HTTP/1.1" 200 29329 "-" "Mozilla/5.0 (compatible; bingbot/2.0; +http://www.bing.com/bingbot.htm)" 
94.212.232.156 - - [31/Mar/2020:03:47:51 -0700] "GET / HTTP/1.1" 200 12777 "-" "Mozilla/5.0 (Windows NT 10.0; Win64; x64; rv:74.0) Gecko/20100101 Firefox/74.0" 
94.212.232.156 - - [31/Mar/2020:03:47:51 -0700] "GET /css/style.css HTTP/1.1" 404 305 "http://www.secrepo.com/" "Mozilla/5.0 (Windows NT 10.0; Win64; x64; rv:74.0) Gecko/20100101 Firefox/74.0" 
94.212.232.156 - - [31/Mar/2020:03:47:51 -0700] "GET /twitter-icon.png HTTP/1.1" 200 27916 "http://www.secrepo.com/" "Mozilla/5.0 (Windows NT 10.0; Win64; x64; rv:74.0) Gecko/20100101 Firefox/74.0" 
94.212.232.156 - - [31/Mar/2020:03:47:51 -0700] "GET /GitHub-Mark.png HTTP/1.1" 200 7556 "http://www.secrepo.com/" "Mozilla/5.0 (Windows NT 10.0; Win64; x64; rv:74.0) Gecko/20100101 Firefox/74.0" 
94.212.232.156 - - [31/Mar/2020:03:47:52 -0700] "GET /bootstrap/img/favicon.ico HTTP/1.1" 200 690 "-" "Mozilla/5.0 (Windows NT 10.0; Win64; x64; rv:74.0) Gecko/20100101 Firefox/74.0" 
220.181.108.151 - - [31/Mar/2020:03:48:18 -0700] "GET /scada/scada_logs.zip HTTP/1.1" 200 364975 "-" "Mozilla/5.0 (compatible; Baiduspider/2.0; +http://www.baidu.com/search/spider.html)" 
203.150.154.12 - - [31/Mar/2020:03:48:31 -0700] "GET /maccdc2012/dns.log.gz HTTP/1.1" 200 6607379 "http://www.secrepo.com/" "Mozilla/5.0 (Windows NT 10.0; Win64; x64; rv:74.0) Gecko/20100101 Firefox/74.0" 
203.150.154.12 - - [31/Mar/2020:03:49:01 -0700] "GET /Datasets%20Description/Network/dns.html HTTP/1.1" 200 1543 "http://www.secrepo.com/" "Mozilla/5.0 (Windows NT 10.0; Win64; x64; rv:74.0) Gecko/20100101 Firefox/74.0" 
203.150.154.12 - - [31/Mar/2020:03:49:17 -0700] "GET /css/style.css HTTP/1.1" 404 328 "http://www.secrepo.com/" "Mozilla/5.0 (Windows NT 10.0; Win64; x64; rv:74.0) Gecko/20100101 Firefox/74.0" 
203.150.154.12 - - [31/Mar/2020:03:49:18 -0700] "GET /bootstrap/img/favicon.ico HTTP/1.1" 200 713 "-" "Mozilla/5.0 (Windows NT 10.0; Win64; x64; rv:74.0) Gecko/20100101 Firefox/74.0" 
207.46.13.24 - - [31/Mar/2020:03:53:04 -0700] "GET /self.logs/error.log.2018-12-19.gz HTTP/1.1" 200 4087 "-" "Mozilla/5.0 (compatible; bingbot/2.0; +http://www.bing.com/bingbot.htm)" 
207.46.13.86 - - [31/Mar/2020:03:57:02 -0700] "GET /self.logs/access.log.2018-04-28.gz HTTP/1.1" 200 40967 "-" "Mozilla/5.0 (compatible; bingbot/2.0; +http://www.bing.com/bingbot.htm)" 
40.77.167.44 - - [31/Mar/2020:03:58:49 -0700] "GET /self.logs/access.log.2017-06-07.gz HTTP/1.1" 200 20469 "-" "Mozilla/5.0 (compatible; bingbot/2.0; +http://www.bing.com/bingbot.htm)" 
42.60.127.71 - - [31/Mar/2020:04:00:38 -0700] "GET /Security-Data-Analysis/Lab_1/conn.log.zip HTTP/1.1" 200 144540 "-" "Mozilla/5.0 (Windows NT 10.0; Win64; x64) AppleWebKit/537.36 (KHTML, like Gecko) Chrome/80.0.3987.149 Safari/537.36" 
203.150.154.12 - - [31/Mar/2020:03:58:02 -0700] "GET /maccdc2012/files.log.gz HTTP/1.1" 200 51233469 "http://www.secrepo.com/" "Mozilla/5.0 (Windows NT 10.0; Win64; x64; rv:74.0) Gecko/20100101 Firefox/74.0" 
203.150.154.12 - - [31/Mar/2020:03:59:59 -0700] "GET /maccdc2012/http.log.gz HTTP/1.1" 200 56420988 "http://www.secrepo.com/" "Mozilla/5.0 (Windows NT 10.0; Win64; x64; rv:74.0) Gecko/20100101 Firefox/74.0" 
42.89.82.215 - - [31/Mar/2020:04:15:37 -0700] "GET / HTTP/1.1" 200 12777 "-" "Mozilla/5.0 (Windows NT 6.1) AppleWebKit/537.36 (KHTML, like Gecko) Chrome/78.0.3904.108 Safari/537.36" 
42.89.82.215 - - [31/Mar/2020:04:15:38 -0700] "GET /css/style.css HTTP/1.1" 404 328 "http://www.secrepo.com/" "Mozilla/5.0 (Windows NT 6.1) AppleWebKit/537.36 (KHTML, like Gecko) Chrome/78.0.3904.108 Safari/537.36" 
42.89.82.215 - - [31/Mar/2020:04:18:14 -0700] "GET /maccdc2012/maccdc2012_fast_alert.7z HTTP/1.1" 200 213444 "http://www.secrepo.com/" "Mozilla/5.0 (Windows NT 6.1) AppleWebKit/537.36 (KHTML, like Gecko) Chrome/78.0.3904.108 Safari/537.36" 
207.46.13.24 - - [31/Mar/2020:04:26:14 -0700] "GET /self.logs/access.log.2018-01-19.gz HTTP/1.1" 200 23999 "-" "Mozilla/5.0 (compatible; bingbot/2.0; +http://www.bing.com/bingbot.htm)" 
40.77.167.190 - - [31/Mar/2020:04:27:43 -0700] "GET /self.logs/error.log.2020-03-04 HTTP/1.1" 200 351 "-" "Mozilla/5.0 (compatible; bingbot/2.0; +http://www.bing.com/bingbot.htm)" 
42.89.82.215 - - [31/Mar/2020:04:16:36 -0700] "GET /maccdc2012/maccdc2012_fast_alert.7z HTTP/1.1" 200 9478260 "-" "Mozilla/5.0 (Windows NT 6.1) AppleWebKit/537.36 (KHTML, like Gecko) Chrome/78.0.3904.108 Safari/537.36" 
207.46.13.24 - - [31/Mar/2020:04:33:35 -0700] "GET /self.logs/access.log.2018-07-14.gz HTTP/1.1" 200 122129 "-" "Mozilla/5.0 (compatible; bingbot/2.0; +http://www.bing.com/bingbot.htm)" 
203.150.154.12 - - [31/Mar/2020:04:33:59 -0700] "GET /maccdc2012/signatures.log.gz HTTP/1.1" 200 668 "http://www.secrepo.com/" "Mozilla/5.0 (Windows NT 10.0; Win64; x64; rv:74.0) Gecko/20100101 Firefox/74.0" 
203.150.154.12 - - [31/Mar/2020:04:34:18 -0700] "GET /tg/tg_snort_full.7z HTTP/1.1" 200 8847905 "http://www.secrepo.com/" "Mozilla/5.0 (Windows NT 10.0; Win64; x64; rv:74.0) Gecko/20100101 Firefox/74.0" 
203.150.154.12 - - [31/Mar/2020:04:36:07 -0700] "GET /Datasets%20Description/PE_malware/Zeus.html HTTP/1.1" 200 1698 "http://www.secrepo.com/" "Mozilla/5.0 (Windows NT 10.0; Win64; x64; rv:74.0) Gecko/20100101 Firefox/74.0" 
40.77.167.44 - - [31/Mar/2020:04:36:57 -0700] "GET /self.logs/error.log.2017-10-08.gz HTTP/1.1" 200 1922 "-" "Mozilla/5.0 (compatible; bingbot/2.0; +http://www.bing.com/bingbot.htm)" 
42.236.10.81 - - [31/Mar/2020:04:38:15 -0700] "GET / HTTP/1.1" 200 12778 "http://www.secrepo.com/" "Mozilla/5.0 (Windows NT 6.1; WOW64) AppleWebKit/537.36 (KHTML, like Gecko) Chrome/50.0.2661.102 Safari/537.36; 360Spider" 
203.150.154.12 - - [31/Mar/2020:04:35:52 -0700] "GET /pe_static/zeus.zip HTTP/1.1" 200 51367222 "http://www.secrepo.com/" "Mozilla/5.0 (Windows NT 10.0; Win64; x64; rv:74.0) Gecko/20100101 Firefox/74.0" 
207.46.13.86 - - [31/Mar/2020:04:42:11 -0700] "GET /Datasets%20Description/PE_malware/OPCleaver.html HTTP/1.1" 304 276 "-" "Mozilla/5.0 (compatible; bingbot/2.0; +http://www.bing.com/bingbot.htm)" 
54.184.7.94 - - [31/Mar/2020:04:46:26 -0700] "GET / HTTP/1.1" 200 47558 "-" "Mozilla/5.0 (Windows NT 6.2; WOW64) AppleWebKit/537.36 (KHTML, like Gecko) Chrome/29.0.1547.2 Safari/537.36" 
23.100.232.233 - - [31/Mar/2020:04:51:27 -0700] "GET / HTTP/1.1" 200 12778 "-" "Mozilla/5.0 (compatible; MSIE 9.0; Windows NT 6.1; Trident/5.0;  Trident/5.0)" 
23.100.232.233 - - [31/Mar/2020:04:51:27 -0700] "GET /css/style.css HTTP/1.1" 404 305 "http://www.secrepo.com/" "Mozilla/5.0 (compatible; MSIE 9.0; Windows NT 6.1; Trident/5.0;  Trident/5.0)" 
167.114.64.100 - - [31/Mar/2020:04:52:16 -0700] "GET / HTTP/1.1" 200 47558 "-" "Mozilla/4.0 (compatible; MSIE 7.0; Windows NT 5.1; .NET CLR 2.0.50727; .NET CLR 1.1.4322)" 
207.46.13.24 - - [31/Mar/2020:04:54:01 -0700] "GET /Datasets%20Description/ HTTP/1.1" 200 677 "-" "Mozilla/5.0 (compatible; bingbot/2.0; +http://www.bing.com/bingbot.htm)" 
203.150.154.12 - - [31/Mar/2020:04:58:27 -0700] "GET /Datasets%20Description/PE_malware/VirusShare.html HTTP/1.1" 200 1651 "http://www.secrepo.com/" "Mozilla/5.0 (Windows NT 10.0; Win64; x64; rv:74.0) Gecko/20100101 Firefox/74.0" 
203.150.154.12 - - [31/Mar/2020:04:58:27 -0700] "GET /Datasets%20Description/PE_malware/OPCleaver.html HTTP/1.1" 200 1458 "http://www.secrepo.com/" "Mozilla/5.0 (Windows NT 10.0; Win64; x64; rv:74.0) Gecko/20100101 Firefox/74.0" 
207.46.13.24 - - [31/Mar/2020:04:59:37 -0700] "GET /self.logs/error.log.2019-04-13.gz HTTP/1.1" 200 4786 "-" "Mozilla/5.0 (compatible; bingbot/2.0; +http://www.bing.com/bingbot.htm)" 
40.77.167.190 - - [31/Mar/2020:05:00:21 -0700] "GET /self.logs/access.log.2018-09-07.gz HTTP/1.1" 200 28014 "-" "Mozilla/5.0 (compatible; bingbot/2.0; +http://www.bing.com/bingbot.htm)" 
199.58.86.209 - - [31/Mar/2020:05:02:43 -0700] "GET /robots.txt HTTP/1.1" 200 377 "-" "Mozilla/5.0 (compatible; MJ12bot/v1.4.8; http://mj12bot.com/)" 
199.58.86.209 - - [31/Mar/2020:05:02:45 -0700] "GET / HTTP/1.1" 200 12700 "-" "Mozilla/5.0 (compatible; MJ12bot/v1.4.8; http://mj12bot.com/)" 
188.76.8.243 - - [31/Mar/2020:05:05:20 -0700] "GET / HTTP/1.1" 200 12778 "-" "Mozilla/5.0 (Macintosh; Intel Mac OS X 10_13_5) AppleWebKit/605.1.15 (KHTML, like Gecko)" 
188.76.8.243 - - [31/Mar/2020:05:05:20 -0700] "GET /apple-touch-icon-precomposed.png HTTP/1.1" 404 328 "-" "Safari/13605.2.8 CFNetwork/901.1 Darwin/17.6.0 (x86_64)" 
188.76.8.243 - - [31/Mar/2020:05:05:20 -0700] "GET /apple-touch-icon.png HTTP/1.1" 404 305 "-" "Safari/13605.2.8 CFNetwork/901.1 Darwin/17.6.0 (x86_64)" 
188.76.8.243 - - [31/Mar/2020:05:05:21 -0700] "GET /bootstrap/img/favicon.ico HTTP/1.1" 200 690 "-" "Safari/13605.2.8 CFNetwork/901.1 Darwin/17.6.0 (x86_64)" 
188.76.8.243 - - [31/Mar/2020:05:05:21 -0700] "GET / HTTP/1.1" 200 12755 "-" "\"Mozilla/5.0 (iPhone; CPU iPhone OS 11_0 like Mac OS X) AppleWebKit/604.1.38 (KHTML, like Gecko) Version/11.0 Mobile/15A372 Safari/604.1\"" 
188.76.8.243 - - [31/Mar/2020:05:05:21 -0700] "GET /apple-touch-icon-precomposed.png HTTP/1.1" 404 305 "-" "Safari/13605.2.8 CFNetwork/901.1 Darwin/17.6.0 (x86_64)" 
188.76.8.243 - - [31/Mar/2020:05:05:21 -0700] "GET /apple-touch-icon.png HTTP/1.1" 404 305 "-" "Safari/13605.2.8 CFNetwork/901.1 Darwin/17.6.0 (x86_64)" 
188.76.8.243 - - [31/Mar/2020:05:05:21 -0700] "GET /bootstrap/img/favicon.ico HTTP/1.1" 200 690 "-" "Safari/13605.2.8 CFNetwork/901.1 Darwin/17.6.0 (x86_64)" 
100.43.81.124 - - [31/Mar/2020:05:06:57 -0700] "GET /robots.txt HTTP/1.1" 301 495 "-" "Mozilla/5.0 (compatible; YandexBot/3.0; +http://yandex.com/bots)" 
100.43.90.101 - - [31/Mar/2020:05:06:58 -0700] "GET /robots.txt HTTP/1.1" 200 377 "-" "Mozilla/5.0 (compatible; YandexBot/3.0; +http://yandex.com/bots)" 
100.43.81.124 - - [31/Mar/2020:05:07:01 -0700] "GET / HTTP/1.1" 301 475 "-" "Mozilla/5.0 (compatible; YandexBot/3.0; +http://yandex.com/bots) AppleWebKit/537.36 (KHTML, like Gecko) Chrome/51.0.2704.106" 
100.43.90.101 - - [31/Mar/2020:05:07:02 -0700] "GET /robots.txt HTTP/1.1" 200 377 "-" "Mozilla/5.0 (compatible; YandexBot/3.0; +http://yandex.com/bots)" 
100.43.81.124 - - [31/Mar/2020:05:07:03 -0700] "GET / HTTP/1.1" 200 12755 "-" "Mozilla/5.0 (compatible; YandexBot/3.0; +http://yandex.com/bots) AppleWebKit/537.36 (KHTML, like Gecko) Chrome/51.0.2704.106" 
100.43.90.101 - - [31/Mar/2020:05:07:05 -0700] "GET /css/style.css HTTP/1.1" 404 328 "http://www.secrepo.com/" "Mozilla/5.0 (compatible; YandexBot/3.0; +http://yandex.com/bots)" 
100.43.81.124 - - [31/Mar/2020:05:07:33 -0700] "GET / HTTP/1.1" 200 12778 "-" "Mozilla/5.0 (compatible; YandexBot/3.0; +http://yandex.com/bots)" 
199.47.87.140 - - [31/Mar/2020:05:09:12 -0700] "GET /robots.txt HTTP/1.1" 301 439 "-" "TurnitinBot (https://turnitin.com/robot/crawlerinfo.html)" 
199.47.87.140 - - [31/Mar/2020:05:09:13 -0700] "GET /robots.txt HTTP/1.1" 200 333 "-" "TurnitinBot (https://turnitin.com/robot/crawlerinfo.html)" 
199.47.87.140 - - [31/Mar/2020:05:09:13 -0700] "GET /robots.txt HTTP/1.1" 200 333 "-" "TurnitinBot (https://turnitin.com/robot/crawlerinfo.html)" 
199.47.87.140 - - [31/Mar/2020:05:09:13 -0700] "GET / HTTP/1.1" 200 12700 "-" "TurnitinBot (https://turnitin.com/robot/crawlerinfo.html)" 
207.46.13.86 - - [31/Mar/2020:05:09:40 -0700] "GET /self.logs/access.log.2018-10-23.gz HTTP/1.1" 200 22195 "-" "Mozilla/5.0 (compatible; bingbot/2.0; +http://www.bing.com/bingbot.htm)" 
34.93.162.6 - - [31/Mar/2020:05:08:00 -0700] "GET /Security-Data-Analysis/Lab_1/conn.log.zip HTTP/1.1" 200 547221542 "-" "Mozilla/5.0 (Windows NT 10.0; Win64; x64) AppleWebKit/537.36 (KHTML, like Gecko) Chrome/80.0.3987.149 Safari/537.36" 
207.46.13.24 - - [31/Mar/2020:05:25:36 -0700] "GET /self.logs/access.log.2018-10-21.gz HTTP/1.1" 200 27658 "-" "Mozilla/5.0 (compatible; bingbot/2.0; +http://www.bing.com/bingbot.htm)" 
40.77.167.44 - - [31/Mar/2020:05:28:40 -0700] "GET /self.logs/error.log.2017-09-14.gz HTTP/1.1" 200 1971 "-" "Mozilla/5.0 (compatible; bingbot/2.0; +http://www.bing.com/bingbot.htm)" 
180.163.220.66 - - [31/Mar/2020:05:32:50 -0700] "GET / HTTP/1.1" 200 12777 "-" "Mozilla/5.0 (Windows NT 6.1; WOW64; Trident/7.0; rv:11.0) like Gecko" 
180.163.220.66 - - [31/Mar/2020:05:32:52 -0700] "GET / HTTP/1.1" 200 12777 "http://baidu.com/" "Mozilla/5.0 (Windows NT 6.1; WOW64; Trident/7.0; rv:11.0) like Gecko" 
180.163.220.66 - - [31/Mar/2020:05:32:52 -0700] "GET /css/style.css HTTP/1.1" 404 328 "http://www.secrepo.com/" "Mozilla/5.0 (Windows NT 6.1; WOW64; Trident/7.0; rv:11.0) like Gecko" 
180.163.220.68 - - [31/Mar/2020:05:32:57 -0700] "GET /twitter-icon.png HTTP/1.1" 200 27916 "http://www.secrepo.com/" "Mozilla/5.0 (Windows NT 6.1; WOW64; Trident/7.0; rv:11.0) like Gecko" 
180.163.220.68 - - [31/Mar/2020:05:32:58 -0700] "GET /GitHub-Mark.png HTTP/1.1" 200 7533 "http://www.secrepo.com/" "Mozilla/5.0 (Windows NT 6.1; WOW64; Trident/7.0; rv:11.0) like Gecko" 
90.210.125.154 - - [31/Mar/2020:05:35:02 -0700] "GET / HTTP/1.1" 200 12777 "-" "Mozilla/5.0 (Windows NT 10.0; Win64; x64) AppleWebKit/537.36 (KHTML, like Gecko) Chrome/80.0.3987.149 Safari/537.36" 
90.210.125.154 - - [31/Mar/2020:05:35:02 -0700] "GET /css/style.css HTTP/1.1" 404 305 "http://www.secrepo.com/" "Mozilla/5.0 (Windows NT 10.0; Win64; x64) AppleWebKit/537.36 (KHTML, like Gecko) Chrome/80.0.3987.149 Safari/537.36" 
90.210.125.154 - - [31/Mar/2020:05:35:02 -0700] "GET /twitter-icon.png HTTP/1.1" 200 27893 "http://www.secrepo.com/" "Mozilla/5.0 (Windows NT 10.0; Win64; x64) AppleWebKit/537.36 (KHTML, like Gecko) Chrome/80.0.3987.149 Safari/537.36" 
90.210.125.154 - - [31/Mar/2020:05:35:02 -0700] "GET /GitHub-Mark.png HTTP/1.1" 200 7556 "http://www.secrepo.com/" "Mozilla/5.0 (Windows NT 10.0; Win64; x64) AppleWebKit/537.36 (KHTML, like Gecko) Chrome/80.0.3987.149 Safari/537.36" 
90.210.125.154 - - [31/Mar/2020:05:35:03 -0700] "GET /bootstrap/img/favicon.ico HTTP/1.1" 200 690 "http://www.secrepo.com/" "Mozilla/5.0 (Windows NT 10.0; Win64; x64) AppleWebKit/537.36 (KHTML, like Gecko) Chrome/80.0.3987.149 Safari/537.36" 
23.100.232.233 - - [31/Mar/2020:05:38:35 -0700] "GET / HTTP/1.1" 200 12777 "-" "Mozilla/5.0 (compatible; MSIE 9.0; Windows NT 6.1; Trident/5.0;  Trident/5.0)" 
23.100.232.233 - - [31/Mar/2020:05:38:35 -0700] "GET /css/style.css HTTP/1.1" 404 305 "http://www.secrepo.com/" "Mozilla/5.0 (compatible; MSIE 9.0; Windows NT 6.1; Trident/5.0;  Trident/5.0)" 
117.136.60.206 - - [31/Mar/2020:05:44:03 -0700] "GET / HTTP/1.1" 200 12777 "https://blog.csdn.net/omnispace/article/details/54922316" "Mozilla/5.0 (Windows NT 6.1; WOW64) AppleWebKit/537.36 (KHTML, like Gecko) Chrome/78.0.3904.108 Safari/537.36" 
117.136.60.206 - - [31/Mar/2020:05:44:06 -0700] "GET /css/style.css HTTP/1.1" 404 328 "http://www.secrepo.com/" "Mozilla/5.0 (Windows NT 6.1; WOW64) AppleWebKit/537.36 (KHTML, like Gecko) Chrome/78.0.3904.108 Safari/537.36" 
117.136.60.206 - - [31/Mar/2020:05:44:08 -0700] "GET /twitter-icon.png HTTP/1.1" 200 27893 "http://www.secrepo.com/" "Mozilla/5.0 (Windows NT 6.1; WOW64) AppleWebKit/537.36 (KHTML, like Gecko) Chrome/78.0.3904.108 Safari/537.36" 
117.136.60.206 - - [31/Mar/2020:05:44:09 -0700] "GET /GitHub-Mark.png HTTP/1.1" 200 7556 "http://www.secrepo.com/" "Mozilla/5.0 (Windows NT 6.1; WOW64) AppleWebKit/537.36 (KHTML, like Gecko) Chrome/78.0.3904.108 Safari/537.36" 
117.136.60.206 - - [31/Mar/2020:05:55:04 -0700] "GET /bootstrap/img/favicon.ico HTTP/1.1" 200 713 "http://www.secrepo.com/" "Mozilla/5.0 (Windows NT 6.1; WOW64) AppleWebKit/537.36 (KHTML, like Gecko) Chrome/78.0.3904.108 Safari/537.36" 
34.83.223.36 - - [31/Mar/2020:05:55:59 -0700] "HEAD / HTTP/1.1" 200 352 "-" "-" 
42.236.10.74 - - [31/Mar/2020:05:58:53 -0700] "GET /honeypot/BSidesDFW%20-%202014.ipynb HTTP/1.1" 200 930921 "http://www.secrepo.com/honeypot/BSidesDFW%20-%202014.ipynb" "Mozilla/5.0 (Windows NT 6.1; WOW64) AppleWebKit/537.36 (KHTML, like Gecko) Chrome/50.0.2661.102 Safari/537.36; 360Spider" 
40.77.167.190 - - [31/Mar/2020:06:02:49 -0700] "GET /self.logs/access.log.2019-08-19.gz HTTP/1.1" 200 46696 "-" "Mozilla/5.0 (compatible; bingbot/2.0; +http://www.bing.com/bingbot.htm)" 
207.46.13.86 - - [31/Mar/2020:06:05:34 -0700] "GET /self.logs/error.log.2019-08-25.gz HTTP/1.1" 200 2223 "-" "Mozilla/5.0 (compatible; bingbot/2.0; +http://www.bing.com/bingbot.htm)" 
66.249.83.85 - - [31/Mar/2020:06:07:16 -0700] "GET / HTTP/1.1" 200 12778 "-" "Mozilla/5.0 (X11; Linux x86_64) AppleWebKit/537.36 (KHTML, like Gecko) Chrome/49.0.2623.75 Safari/537.36 Google Favicon" 
66.249.83.85 - - [31/Mar/2020:06:07:16 -0700] "GET /bootstrap/img/favicon.ico HTTP/1.1" 200 690 "-" "Mozilla/5.0 (X11; Linux x86_64) AppleWebKit/537.36 (KHTML, like Gecko) Chrome/49.0.2623.75 Safari/537.36 Google Favicon" 
66.249.88.209 - - [31/Mar/2020:06:11:29 -0700] "GET / HTTP/1.1" 200 12778 "-" "Mozilla/5.0 (X11; Linux x86_64) AppleWebKit/537.36 (KHTML, like Gecko) Chrome/49.0.2623.75 Safari/537.36 Google Favicon" 
66.249.88.207 - - [31/Mar/2020:06:11:29 -0700] "GET /bootstrap/img/favicon.ico HTTP/1.1" 200 713 "-" "Mozilla/5.0 (X11; Linux x86_64) AppleWebKit/537.36 (KHTML, like Gecko) Chrome/49.0.2623.75 Safari/537.36 Google Favicon" 
115.60.60.68 - - [31/Mar/2020:06:11:59 -0700] "GET /favicon.ico HTTP/1.1" 200 391 "-" "Mozilla/5.0 (Windows NT 10.0; WOW64) AppleWebKit/537.36 (KHTML, like Gecko) Chrome/63.0.3239.132 Safari/537.36" 
193.16.224.0 - - [31/Mar/2020:06:14:51 -0700] "GET /bootstrap/img/favicon.ico HTTP/1.1" 200 713 "-" "Mozilla/5.0 (Windows NT 10.0; Win64; x64) AppleWebKit/537.36 (KHTML, like Gecko) Chrome/80.0.3987.149 Safari/537.36" 
207.46.13.86 - - [31/Mar/2020:06:16:23 -0700] "GET /self.logs/access.log.2019-11-15.gz HTTP/1.1" 200 30124 "-" "Mozilla/5.0 (compatible; bingbot/2.0; +http://www.bing.com/bingbot.htm)" 
86.171.194.127 - - [31/Mar/2020:06:16:26 -0700] "GET / HTTP/1.1" 200 12778 "https://www.researchgate.net/" "Mozilla/5.0 (Windows NT 10.0; Win64; x64) AppleWebKit/537.36 (KHTML, like Gecko) Chrome/80.0.3987.149 Safari/537.36" 
86.171.194.127 - - [31/Mar/2020:06:16:26 -0700] "GET /css/style.css HTTP/1.1" 404 305 "http://www.secrepo.com/" "Mozilla/5.0 (Windows NT 10.0; Win64; x64) AppleWebKit/537.36 (KHTML, like Gecko) Chrome/80.0.3987.149 Safari/537.36" 
86.171.194.127 - - [31/Mar/2020:06:16:27 -0700] "GET /twitter-icon.png HTTP/1.1" 200 27893 "http://www.secrepo.com/" "Mozilla/5.0 (Windows NT 10.0; Win64; x64) AppleWebKit/537.36 (KHTML, like Gecko) Chrome/80.0.3987.149 Safari/537.36" 
86.171.194.127 - - [31/Mar/2020:06:16:27 -0700] "GET /GitHub-Mark.png HTTP/1.1" 200 7556 "http://www.secrepo.com/" "Mozilla/5.0 (Windows NT 10.0; Win64; x64) AppleWebKit/537.36 (KHTML, like Gecko) Chrome/80.0.3987.149 Safari/537.36" 
86.171.194.127 - - [31/Mar/2020:06:16:32 -0700] "GET /bootstrap/img/favicon.ico HTTP/1.1" 200 713 "http://www.secrepo.com/" "Mozilla/5.0 (Windows NT 10.0; Win64; x64) AppleWebKit/537.36 (KHTML, like Gecko) Chrome/80.0.3987.149 Safari/537.36" 
40.77.167.190 - - [31/Mar/2020:06:18:58 -0700] "GET /Datasets%20Description/Network/signatures.html HTTP/1.1" 404 328 "-" "Mozilla/5.0 (compatible; bingbot/2.0; +http://www.bing.com/bingbot.htm)" 
72.226.37.244 - - [31/Mar/2020:06:19:31 -0700] "GET / HTTP/1.1" 200 12778 "-" "Mozilla/5.0 (Windows NT 10.0; Win64; x64) AppleWebKit/537.36 (KHTML, like Gecko) Chrome/80.0.3987.149 Safari/537.36" 
72.226.37.244 - - [31/Mar/2020:06:19:31 -0700] "GET /css/style.css HTTP/1.1" 404 305 "http://www.secrepo.com/" "Mozilla/5.0 (Windows NT 10.0; Win64; x64) AppleWebKit/537.36 (KHTML, like Gecko) Chrome/80.0.3987.149 Safari/537.36" 
72.226.37.244 - - [31/Mar/2020:06:19:32 -0700] "GET /twitter-icon.png HTTP/1.1" 200 27893 "http://www.secrepo.com/" "Mozilla/5.0 (Windows NT 10.0; Win64; x64) AppleWebKit/537.36 (KHTML, like Gecko) Chrome/80.0.3987.149 Safari/537.36" 
72.226.37.244 - - [31/Mar/2020:06:19:32 -0700] "GET /GitHub-Mark.png HTTP/1.1" 200 7556 "http://www.secrepo.com/" "Mozilla/5.0 (Windows NT 10.0; Win64; x64) AppleWebKit/537.36 (KHTML, like Gecko) Chrome/80.0.3987.149 Safari/537.36" 
72.226.37.244 - - [31/Mar/2020:06:19:33 -0700] "GET /bootstrap/img/favicon.ico HTTP/1.1" 200 690 "http://www.secrepo.com/" "Mozilla/5.0 (Windows NT 10.0; Win64; x64) AppleWebKit/537.36 (KHTML, like Gecko) Chrome/80.0.3987.149 Safari/537.36" 
23.100.232.233 - - [31/Mar/2020:06:21:07 -0700] "GET / HTTP/1.1" 200 12778 "-" "Mozilla/5.0 (compatible; MSIE 9.0; Windows NT 6.1; Trident/5.0;  Trident/5.0)" 
23.100.232.233 - - [31/Mar/2020:06:21:08 -0700] "GET /css/style.css HTTP/1.1" 404 305 "http://www.secrepo.com/" "Mozilla/5.0 (compatible; MSIE 9.0; Windows NT 6.1; Trident/5.0;  Trident/5.0)" 
40.77.167.44 - - [31/Mar/2020:06:21:22 -0700] "GET /self.logs/access.log.2017-12-16.gz HTTP/1.1" 200 19633 "-" "Mozilla/5.0 (compatible; bingbot/2.0; +http://www.bing.com/bingbot.htm)" 
72.226.37.244 - - [31/Mar/2020:06:21:37 -0700] "GET /css/style.css HTTP/1.1" 404 328 "http://www.secrepo.com/" "Mozilla/5.0 (Windows NT 10.0; Win64; x64) AppleWebKit/537.36 (KHTML, like Gecko) Chrome/80.0.3987.149 Safari/537.36" 
36.102.210.180 - - [31/Mar/2020:06:29:37 -0700] "GET / HTTP/1.1" 200 12778 "-" "Mozilla/5.0 (Windows NT 10.0; WOW64) AppleWebKit/537.36 (KHTML, like Gecko) Chrome/65.0.3314.0 Safari/537.36 SE 2.X MetaSr 1.0" 
36.102.210.180 - - [31/Mar/2020:06:29:38 -0700] "GET /css/style.css HTTP/1.1" 404 328 "http://www.secrepo.com/" "Mozilla/5.0 (Windows NT 10.0; WOW64) AppleWebKit/537.36 (KHTML, like Gecko) Chrome/65.0.3314.0 Safari/537.36 SE 2.X MetaSr 1.0" 
36.102.210.180 - - [31/Mar/2020:06:30:29 -0700] "GET /favicon.ico HTTP/1.1" 200 391 "-" "Mozilla/5.0 (Windows NT 10.0; WOW64) AppleWebKit/537.36 (KHTML, like Gecko) Chrome/65.0.3314.0 Safari/537.36 SE 2.X MetaSr 1.0" 
40.77.167.44 - - [31/Mar/2020:06:31:09 -0700] "GET /self.logs/error.log.2019-03-11.gz HTTP/1.1" 200 7907 "-" "Mozilla/5.0 (compatible; bingbot/2.0; +http://www.bing.com/bingbot.htm)" 
207.46.13.86 - - [31/Mar/2020:06:35:59 -0700] "GET /self.logs/access.log.2020-02-21.gz HTTP/1.1" 200 16511 "-" "Mozilla/5.0 (compatible; bingbot/2.0; +http://www.bing.com/bingbot.htm)" 
207.46.13.24 - - [31/Mar/2020:06:37:29 -0700] "GET /self.logs/error.log.2017-04-21.gz HTTP/1.1" 200 936 "-" "Mozilla/5.0 (compatible; bingbot/2.0; +http://www.bing.com/bingbot.htm)" 
207.46.13.24 - - [31/Mar/2020:06:47:53 -0700] "GET /Datasets%20Description/HTML_Bro_log_3/ HTTP/1.1" 200 823 "-" "Mozilla/5.0 (compatible; bingbot/2.0; +http://www.bing.com/bingbot.htm)" 
207.46.13.24 - - [31/Mar/2020:07:01:41 -0700] "GET /self.logs/access.log.2017-03-24.gz HTTP/1.1" 304 280 "-" "Mozilla/5.0 (compatible; bingbot/2.0; +http://www.bing.com/bingbot.htm)" 
207.46.13.86 - - [31/Mar/2020:07:03:25 -0700] "GET /self.logs/error.log.2019-10-26.gz HTTP/1.1" 200 1230 "-" "Mozilla/5.0 (compatible; bingbot/2.0; +http://www.bing.com/bingbot.htm)" 
207.46.13.24 - - [31/Mar/2020:07:11:18 -0700] "GET /self.logs/error.log.2018-06-06.gz HTTP/1.1" 200 6596 "-" "Mozilla/5.0 (compatible; bingbot/2.0; +http://www.bing.com/bingbot.htm)" 
207.46.13.24 - - [31/Mar/2020:07:14:30 -0700] "GET /self.logs/access.log.2019-10-29.gz HTTP/1.1" 200 26294 "-" "Mozilla/5.0 (compatible; bingbot/2.0; +http://www.bing.com/bingbot.htm)" 
1.38.197.193 - - [31/Mar/2020:07:15:05 -0700] "GET / HTTP/1.1" 200 12778 "-" "Mozilla/5.0 (Windows NT 10.0; Win64; x64) AppleWebKit/537.36 (KHTML, like Gecko) Chrome/80.0.3987.149 Safari/537.36" 
1.38.197.193 - - [31/Mar/2020:07:15:07 -0700] "GET /css/style.css HTTP/1.1" 404 305 "http://www.secrepo.com/" "Mozilla/5.0 (Windows NT 10.0; Win64; x64) AppleWebKit/537.36 (KHTML, like Gecko) Chrome/80.0.3987.149 Safari/537.36" 
1.38.197.193 - - [31/Mar/2020:07:15:07 -0700] "GET /twitter-icon.png HTTP/1.1" 200 27916 "http://www.secrepo.com/" "Mozilla/5.0 (Windows NT 10.0; Win64; x64) AppleWebKit/537.36 (KHTML, like Gecko) Chrome/80.0.3987.149 Safari/537.36" 
1.38.197.193 - - [31/Mar/2020:07:15:08 -0700] "GET /GitHub-Mark.png HTTP/1.1" 200 7556 "http://www.secrepo.com/" "Mozilla/5.0 (Windows NT 10.0; Win64; x64) AppleWebKit/537.36 (KHTML, like Gecko) Chrome/80.0.3987.149 Safari/537.36" 
1.38.197.193 - - [31/Mar/2020:07:15:16 -0700] "GET /bootstrap/img/favicon.ico HTTP/1.1" 200 713 "http://www.secrepo.com/" "Mozilla/5.0 (Windows NT 10.0; Win64; x64) AppleWebKit/537.36 (KHTML, like Gecko) Chrome/80.0.3987.149 Safari/537.36" 
40.77.167.190 - - [31/Mar/2020:07:23:30 -0700] "GET /self.logs/access.log.2017-11-11.gz HTTP/1.1" 200 29857 "-" "Mozilla/5.0 (compatible; bingbot/2.0; +http://www.bing.com/bingbot.htm)" 
155.69.175.63 - - [31/Mar/2020:07:26:37 -0700] "GET /Security-Data-Analysis/Lab_1/conn.log.zip HTTP/1.1" 200 10336788 "-" "Mozilla/5.0 (Macintosh; Intel Mac OS X 10_14_6) AppleWebKit/537.36 (KHTML, like Gecko) Chrome/80.0.3987.149 Safari/537.36" 
155.69.175.63 - - [31/Mar/2020:07:27:06 -0700] "GET /Security-Data-Analysis/Lab_1/conn.log.zip HTTP/1.1" 206 451 "-" "Mozilla/5.0 (Macintosh; Intel Mac OS X 10_14_6) AppleWebKit/537.36 (KHTML, like Gecko) Chrome/80.0.3987.149 Safari/537.36" 
155.69.175.63 - - [31/Mar/2020:07:27:06 -0700] "GET /Security-Data-Analysis/Lab_1/conn.log.zip HTTP/1.1" 206 860706 "-" "Mozilla/5.0 (Macintosh; Intel Mac OS X 10_14_6) AppleWebKit/537.36 (KHTML, like Gecko) Chrome/80.0.3987.149 Safari/537.36" 
58.250.125.67 - - [31/Mar/2020:07:33:43 -0700] "GET / HTTP/1.1" 301 438 "-" "Sogou web spider/4.0(+http://www.sogou.com/docs/help/webmasters.htm#07)" 
58.250.125.67 - - [31/Mar/2020:07:33:47 -0700] "GET / HTTP/1.1" 200 12741 "-" "Sogou web spider/4.0(+http://www.sogou.com/docs/help/webmasters.htm#07)" 
207.46.13.24 - - [31/Mar/2020:07:44:55 -0700] "GET /self.logs/access.log.2018-04-24.gz HTTP/1.1" 200 24005 "-" "Mozilla/5.0 (compatible; bingbot/2.0; +http://www.bing.com/bingbot.htm)" 
222.164.25.206 - - [31/Mar/2020:07:54:34 -0700] "GET /css/style.css HTTP/1.1" 404 328 "http://www.secrepo.com/" "Mozilla/5.0 (Windows NT 10.0; Win64; x64) AppleWebKit/537.36 (KHTML, like Gecko) Chrome/80.0.3987.149 Safari/537.36" 
222.164.25.206 - - [31/Mar/2020:07:54:35 -0700] "GET /bootstrap/img/favicon.ico HTTP/1.1" 200 690 "http://www.secrepo.com/" "Mozilla/5.0 (Windows NT 10.0; Win64; x64) AppleWebKit/537.36 (KHTML, like Gecko) Chrome/80.0.3987.149 Safari/537.36" 
178.22.65.32 - - [31/Mar/2020:07:57:34 -0700] "GET / HTTP/1.1" 301 475 "-" "Mozilla/5.0 (Macintosh; Intel Mac OS X 10_10_5) AppleWebKit/537.36 (KHTML, like Gecko) Chrome/45.0.2454.101 Safari/537.36" 
178.22.69.28 - - [31/Mar/2020:07:57:34 -0700] "GET / HTTP/1.1" 200 12777 "-" "Mozilla/5.0 (Macintosh; Intel Mac OS X 10_10_5) AppleWebKit/537.36 (KHTML, like Gecko) Chrome/45.0.2454.101 Safari/537.36" 
209.17.96.58 - - [31/Mar/2020:07:58:07 -0700] "GET / HTTP/1.1" 301 419 "-" "Mozilla/5.0 (compatible; Nimbostratus-Bot/v1.3.2; http://cloudsystemnetworks.com)" 
162.210.196.98 - - [31/Mar/2020:07:59:52 -0700] "GET /robots.txt HTTP/1.1" 200 377 "-" "Mozilla/5.0 (compatible; MJ12bot/v1.4.8; http://mj12bot.com/)" 
162.210.196.98 - - [31/Mar/2020:08:00:00 -0700] "GET / HTTP/1.1" 200 12733 "-" "Mozilla/5.0 (compatible; MJ12bot/v1.4.8; http://mj12bot.com/)" 
223.104.112.27 - - [31/Mar/2020:08:02:14 -0700] "GET /favicon.ico HTTP/1.1" 200 391 "-" "Mozilla/5.0 (Windows NT 10.0; WOW64) AppleWebKit/537.36 (KHTML, like Gecko) Chrome/78.0.3904.108 Safari/537.36" 
207.46.13.24 - - [31/Mar/2020:08:15:23 -0700] "GET /self.logs/error.log.2020-01-04.gz HTTP/1.1" 200 872 "-" "Mozilla/5.0 (compatible; bingbot/2.0; +http://www.bing.com/bingbot.htm)" 
36.250.92.158 - - [31/Mar/2020:08:16:22 -0700] "GET / HTTP/1.1" 200 12777 "-" "Mozilla/5.0 (Windows NT 10.0; Win64; x64) AppleWebKit/537.36 (KHTML, like Gecko) Chrome/80.0.3987.149 Safari/537.36" 
36.250.92.158 - - [31/Mar/2020:08:16:22 -0700] "GET /css/style.css HTTP/1.1" 404 305 "http://www.secrepo.com/" "Mozilla/5.0 (Windows NT 10.0; Win64; x64) AppleWebKit/537.36 (KHTML, like Gecko) Chrome/80.0.3987.149 Safari/537.36" 
36.250.92.158 - - [31/Mar/2020:08:16:23 -0700] "GET /twitter-icon.png HTTP/1.1" 200 27893 "http://www.secrepo.com/" "Mozilla/5.0 (Windows NT 10.0; Win64; x64) AppleWebKit/537.36 (KHTML, like Gecko) Chrome/80.0.3987.149 Safari/537.36" 
36.250.92.158 - - [31/Mar/2020:08:16:27 -0700] "GET /GitHub-Mark.png HTTP/1.1" 200 7556 "http://www.secrepo.com/" "Mozilla/5.0 (Windows NT 10.0; Win64; x64) AppleWebKit/537.36 (KHTML, like Gecko) Chrome/80.0.3987.149 Safari/537.36" 
36.250.92.158 - - [31/Mar/2020:08:16:52 -0700] "GET /bootstrap/img/favicon.ico HTTP/1.1" 200 713 "http://www.secrepo.com/" "Mozilla/5.0 (Windows NT 10.0; Win64; x64) AppleWebKit/537.36 (KHTML, like Gecko) Chrome/80.0.3987.149 Safari/537.36" 
40.77.167.190 - - [31/Mar/2020:08:17:38 -0700] "GET /self.logs/access.log.2017-09-20.gz HTTP/1.1" 200 53975 "-" "Mozilla/5.0 (compatible; bingbot/2.0; +http://www.bing.com/bingbot.htm)" 
36.250.92.158 - - [31/Mar/2020:08:18:11 -0700] "GET /maccdc2012/ssh.log.gz HTTP/1.1" 200 182567 "-" "Mozilla/5.0 (Windows NT 10.0; Win64; x64) AppleWebKit/537.36 (KHTML, like Gecko) Chrome/80.0.3987.149 Safari/537.36" 
207.46.13.86 - - [31/Mar/2020:08:18:47 -0700] "GET /self.logs/error.log.2020-02-03.gz HTTP/1.1" 200 871 "-" "Mozilla/5.0 (compatible; bingbot/2.0; +http://www.bing.com/bingbot.htm)" 
199.58.86.206 - - [31/Mar/2020:08:24:23 -0700] "GET /robots.txt HTTP/1.1" 301 495 "-" "Mozilla/5.0 (compatible; MJ12bot/v1.4.8; http://mj12bot.com/)" 
199.58.86.206 - - [31/Mar/2020:08:24:23 -0700] "GET /robots.txt HTTP/1.1" 200 377 "-" "Mozilla/5.0 (compatible; MJ12bot/v1.4.8; http://mj12bot.com/)" 
199.58.86.206 - - [31/Mar/2020:08:24:43 -0700] "GET / HTTP/1.1" 301 419 "-" "Mozilla/5.0 (compatible; MJ12bot/v1.4.8; http://mj12bot.com/)" 
199.58.86.206 - - [31/Mar/2020:08:24:45 -0700] "GET / HTTP/1.1" 200 12733 "-" "Mozilla/5.0 (compatible; MJ12bot/v1.4.8; http://mj12bot.com/)" 
66.249.66.83 - - [31/Mar/2020:08:25:05 -0700] "GET /Datasets%20Description/PE_malware/VirusShare.html HTTP/1.1" 200 1651 "-" "Mozilla/5.0 (compatible; Googlebot/2.1; +http://www.google.com/bot.html)" 
207.46.13.24 - - [31/Mar/2020:08:26:21 -0700] "GET /self.logs/access.log.2018-10-28.gz HTTP/1.1" 200 16151 "-" "Mozilla/5.0 (compatible; bingbot/2.0; +http://www.bing.com/bingbot.htm)" 
174.27.216.20 - - [31/Mar/2020:08:29:11 -0700] "GET / HTTP/1.1" 200 12777 "-" "Mozilla/5.0 (Macintosh; Intel Mac OS X 10_15_4) AppleWebKit/537.36 (KHTML, like Gecko) Chrome/80.0.3987.149 Safari/537.36" 
174.27.216.20 - - [31/Mar/2020:08:29:11 -0700] "GET /css/style.css HTTP/1.1" 404 305 "http://www.secrepo.com/" "Mozilla/5.0 (Macintosh; Intel Mac OS X 10_15_4) AppleWebKit/537.36 (KHTML, like Gecko) Chrome/80.0.3987.149 Safari/537.36" 
40.77.167.44 - - [31/Mar/2020:08:30:17 -0700] "GET /self.logs/access.log.2017-08-06.gz HTTP/1.1" 200 54065 "-" "Mozilla/5.0 (compatible; bingbot/2.0; +http://www.bing.com/bingbot.htm)" 
95.145.240.50 - - [31/Mar/2020:08:43:55 -0700] "GET /robots.txt HTTP/1.1" 200 377 "-" "Screaming Frog SEO Spider/12.6" 
95.145.240.50 - - [31/Mar/2020:08:43:55 -0700] "GET / HTTP/1.1" 200 12778 "-" "Screaming Frog SEO Spider/12.6" 
72.226.37.244 - - [31/Mar/2020:08:46:05 -0700] "GET / HTTP/1.1" 200 12777 "-" "Mozilla/5.0 (Windows NT 10.0; Win64; x64) AppleWebKit/537.36 (KHTML, like Gecko) Chrome/80.0.3987.149 Safari/537.36" 
72.226.37.244 - - [31/Mar/2020:08:46:05 -0700] "GET /css/style.css HTTP/1.1" 404 305 "http://www.secrepo.com/" "Mozilla/5.0 (Windows NT 10.0; Win64; x64) AppleWebKit/537.36 (KHTML, like Gecko) Chrome/80.0.3987.149 Safari/537.36" 
72.226.37.244 - - [31/Mar/2020:08:46:05 -0700] "GET /twitter-icon.png HTTP/1.1" 200 27893 "http://www.secrepo.com/" "Mozilla/5.0 (Windows NT 10.0; Win64; x64) AppleWebKit/537.36 (KHTML, like Gecko) Chrome/80.0.3987.149 Safari/537.36" 
72.226.37.244 - - [31/Mar/2020:08:46:06 -0700] "GET /GitHub-Mark.png HTTP/1.1" 200 7533 "http://www.secrepo.com/" "Mozilla/5.0 (Windows NT 10.0; Win64; x64) AppleWebKit/537.36 (KHTML, like Gecko) Chrome/80.0.3987.149 Safari/537.36" 
72.226.37.244 - - [31/Mar/2020:08:46:51 -0700] "GET /css/style.css HTTP/1.1" 404 328 "http://www.secrepo.com/" "Mozilla/5.0 (Windows NT 10.0; Win64; x64) AppleWebKit/537.36 (KHTML, like Gecko) Chrome/80.0.3987.149 Safari/537.36" 
72.226.37.244 - - [31/Mar/2020:08:48:57 -0700] "GET / HTTP/1.1" 200 12777 "-" "Mozilla/5.0 (Windows NT 10.0; Win64; x64) AppleWebKit/537.36 (KHTML, like Gecko) Chrome/80.0.3987.149 Safari/537.36" 
72.226.37.244 - - [31/Mar/2020:08:48:57 -0700] "GET /css/style.css HTTP/1.1" 404 305 "http://www.secrepo.com/" "Mozilla/5.0 (Windows NT 10.0; Win64; x64) AppleWebKit/537.36 (KHTML, like Gecko) Chrome/80.0.3987.149 Safari/537.36" 
72.226.37.244 - - [31/Mar/2020:08:48:58 -0700] "GET /bootstrap/img/favicon.ico HTTP/1.1" 200 690 "http://www.secrepo.com/" "Mozilla/5.0 (Windows NT 10.0; Win64; x64) AppleWebKit/537.36 (KHTML, like Gecko) Chrome/80.0.3987.149 Safari/537.36" 
72.226.37.244 - - [31/Mar/2020:08:51:23 -0700] "GET /css/style.css HTTP/1.1" 404 328 "http://www.secrepo.com/" "Mozilla/5.0 (Windows NT 10.0; Win64; x64) AppleWebKit/537.36 (KHTML, like Gecko) Chrome/80.0.3987.149 Safari/537.36" 
72.226.37.244 - - [31/Mar/2020:08:51:32 -0700] "GET /css/style.css HTTP/1.1" 404 328 "http://www.secrepo.com/" "Mozilla/5.0 (Windows NT 10.0; Win64; x64) AppleWebKit/537.36 (KHTML, like Gecko) Chrome/80.0.3987.149 Safari/537.36" 
40.77.167.190 - - [31/Mar/2020:08:52:26 -0700] "GET /self.logs/error.log.2019-04-20.gz HTTP/1.1" 200 10428 "-" "Mozilla/5.0 (compatible; bingbot/2.0; +http://www.bing.com/bingbot.htm)" 
94.212.232.156 - - [31/Mar/2020:09:00:16 -0700] "GET /bootstrap/img/favicon.ico HTTP/1.1" 200 713 "-" "Mozilla/5.0 (Windows NT 10.0; Win64; x64; rv:74.0) Gecko/20100101 Firefox/74.0" 
66.249.64.141 - - [31/Mar/2020:09:04:57 -0700] "GET /Datasets%20Description/PE_malware/VirusShare.html HTTP/1.1" 200 1651 "-" "Mozilla/5.0 (Linux; Android 6.0.1; Nexus 5X Build/MMB29P) AppleWebKit/537.36 (KHTML, like Gecko) Chrome/41.0.2272.96 Mobile Safari/537.36 (compatible; Googlebot/2.1; +http://www.google.com/bot.html)" 
185.6.10.201 - - [31/Mar/2020:09:06:56 -0700] "GET /robots.txt HTTP/1.1" 301 458 "-" "Go-http-client/1.1" 
185.27.98.42 - - [31/Mar/2020:09:06:56 -0700] "GET /robots.txt HTTP/1.1" 200 340 "http://secrepo.com/robots.txt" "Go-http-client/1.1" 
185.12.248.5 - - [31/Mar/2020:09:06:57 -0700] "GET /humans.txt HTTP/1.1" 301 458 "-" "Go-http-client/1.1" 
185.12.250.104 - - [31/Mar/2020:09:06:57 -0700] "GET /humans.txt HTTP/1.1" 404 291 "http://secrepo.com/humans.txt" "Go-http-client/1.1" 
185.13.98.57 - - [31/Mar/2020:09:06:58 -0700] "GET /ads.txt HTTP/1.1" 301 452 "-" "Go-http-client/1.1" 
185.12.149.40 - - [31/Mar/2020:09:06:58 -0700] "GET /ads.txt HTTP/1.1" 404 291 "http://secrepo.com/ads.txt" "Go-http-client/1.1" 
185.27.97.119 - - [31/Mar/2020:09:06:59 -0700] "GET / HTTP/1.1" 301 438 "-" "Go-http-client/1.1" 
185.12.250.104 - - [31/Mar/2020:09:06:59 -0700] "GET / HTTP/1.1" 200 12740 "http://secrepo.com/" "Go-http-client/1.1" 
40.77.167.44 - - [31/Mar/2020:09:08:23 -0700] "GET /self.logs/error.log.2019-08-18.gz HTTP/1.1" 200 1346 "-" "Mozilla/5.0 (compatible; bingbot/2.0; +http://www.bing.com/bingbot.htm)" 
148.251.244.137 - - [31/Mar/2020:09:20:11 -0700] "GET /robots.txt HTTP/1.1" 301 495 "-" "Mozilla/5.0 (compatible; MJ12bot/v1.4.8; http://mj12bot.com/)" 
148.251.244.137 - - [31/Mar/2020:09:20:12 -0700] "GET /robots.txt HTTP/1.1" 200 377 "-" "Mozilla/5.0 (compatible; MJ12bot/v1.4.8; http://mj12bot.com/)" 
148.251.244.137 - - [31/Mar/2020:09:20:15 -0700] "GET /honeypot//%22http://amunhoney.sourceforge.net//%22 HTTP/1.1" 404 284 "-" "Mozilla/5.0 (compatible; MJ12bot/v1.4.8; http://mj12bot.com/)" 
148.251.244.137 - - [31/Mar/2020:09:20:20 -0700] "GET /honeypot//%22http://glastopf.org//%22 HTTP/1.1" 404 284 "-" "Mozilla/5.0 (compatible; MJ12bot/v1.4.8; http://mj12bot.com/)" 
148.251.244.137 - - [31/Mar/2020:09:20:24 -0700] "GET /honeypot//%22http://www.maxmind.com/%22 HTTP/1.1" 404 284 "-" "Mozilla/5.0 (compatible; MJ12bot/v1.4.8; http://mj12bot.com/)" 
148.251.244.137 - - [31/Mar/2020:09:20:28 -0700] "GET /honeypot//%22https://twitter.com/sooshie/%22 HTTP/1.1" 404 284 "-" "Mozilla/5.0 (compatible; MJ12bot/v1.4.8; http://mj12bot.com/)" 
148.251.244.137 - - [31/Mar/2020:09:20:32 -0700] "GET /honeypot//%22https://twitter.com/theroxyd/%22 HTTP/1.1" 404 284 "-" "Mozilla/5.0 (compatible; MJ12bot/v1.4.8; http://mj12bot.com/)" 
148.251.244.137 - - [31/Mar/2020:09:20:36 -0700] "GET /self.logs/ HTTP/1.1" 200 21895 "-" "Mozilla/5.0 (compatible; MJ12bot/v1.4.8; http://mj12bot.com/)" 
148.251.244.137 - - [31/Mar/2020:09:20:38 -0700] "GET /%C2%A0 HTTP/1.1" 404 284 "-" "Mozilla/5.0 (compatible; MJ12bot/v1.4.8; http://mj12bot.com/)" 
148.251.244.137 - - [31/Mar/2020:09:20:42 -0700] "GET / HTTP/1.1" 200 12733 "-" "Mozilla/5.0 (compatible; MJ12bot/v1.4.8; http://mj12bot.com/)" 
157.55.39.16 - - [31/Mar/2020:09:20:43 -0700] "GET /robots.txt HTTP/1.1" 200 377 "-" "Mozilla/5.0 (compatible; bingbot/2.0; +http://www.bing.com/bingbot.htm)" 
40.77.167.44 - - [31/Mar/2020:09:20:53 -0700] "GET /self.logs/error.log.2018-02-12.gz HTTP/1.1" 200 5437 "-" "Mozilla/5.0 (compatible; bingbot/2.0; +http://www.bing.com/bingbot.htm)" 
207.46.13.24 - - [31/Mar/2020:09:22:36 -0700] "GET /self.logs/error.log.2018-09-18.gz HTTP/1.1" 200 4297 "-" "Mozilla/5.0 (compatible; bingbot/2.0; +http://www.bing.com/bingbot.htm)" 
40.77.167.190 - - [31/Mar/2020:09:26:32 -0700] "GET /self.logs/access.log.2018-02-09.gz HTTP/1.1" 200 21014 "-" "Mozilla/5.0 (compatible; bingbot/2.0; +http://www.bing.com/bingbot.htm)" 
72.226.37.244 - - [31/Mar/2020:09:26:48 -0700] "GET /self.logs/ HTTP/1.1" 200 21939 "http://www.secrepo.com/" "Mozilla/5.0 (Windows NT 10.0; Win64; x64) AppleWebKit/537.36 (KHTML, like Gecko) Chrome/80.0.3987.149 Safari/537.36" 
72.226.37.244 - - [31/Mar/2020:09:26:51 -0700] "GET /favicon.ico HTTP/1.1" 200 391 "http://www.secrepo.com/self.logs/" "Mozilla/5.0 (Windows NT 10.0; Win64; x64) AppleWebKit/537.36 (KHTML, like Gecko) Chrome/80.0.3987.149 Safari/537.36" 
