205.210.31.21 - - [10/Oct/2023:01:44:31 -0700] "GET / HTTP/1.1" 301 419 "-" "-" 
205.210.31.21 - - [10/Oct/2023:01:44:31 -0700] "GET / HTTP/1.1" 429 420 "http://66.33.221.139:80/" "-" 
107.20.105.74 - - [10/Oct/2023:01:46:40 -0700] "HEAD / HTTP/1.1" 301 186 "-" "DreamHost SiteMonitor 1.0" 
107.20.105.74 - - [10/Oct/2023:01:46:40 -0700] "HEAD / HTTP/1.1" 200 359 "http://66.33.221.139" "DreamHost SiteMonitor 1.0" 
40.77.167.28 - - [10/Oct/2023:01:47:06 -0700] "GET /self.logs/access.log.2023-07-04.gz HTTP/1.1" 200 11114 "-" "Mozilla/5.0 AppleWebKit/537.36 (KHTML, like Gecko; compatible; bingbot/2.0; +http://www.bing.com/bingbot.htm) Chrome/103.0.5060.134 Safari/537.36" 
107.20.105.74 - - [10/Oct/2023:01:56:40 -0700] "HEAD / HTTP/1.1" 301 186 "-" "DreamHost SiteMonitor 1.0" 
107.20.105.74 - - [10/Oct/2023:01:56:40 -0700] "HEAD / HTTP/1.1" 200 359 "http://66.33.221.139" "DreamHost SiteMonitor 1.0" 
114.119.145.88 - - [10/Oct/2023:01:57:37 -0700] "GET /self.logs/error.log.2020-12-30 HTTP/1.1" 200 351 "http://www.secrepo.com/self.logs?C=N%3BO%3DD" "Mozilla/5.0 (Linux; Android 7.0;) AppleWebKit/537.36 (KHTML, like Gecko) Mobile Safari/537.36 (compatible; PetalBot;+https://webmaster.petalsearch.com/site/petalbot)" 
114.119.136.139 - - [10/Oct/2023:01:59:27 -0700] "GET /self.logs/error.log.2020-05-28 HTTP/1.1" 200 351 "http://www.secrepo.com/self.logs?C=N%3BO%3DD" "Mozilla/5.0 (Linux; Android 7.0;) AppleWebKit/537.36 (KHTML, like Gecko) Mobile Safari/537.36 (compatible; PetalBot;+https://webmaster.petalsearch.com/site/petalbot)" 
114.119.155.232 - - [10/Oct/2023:02:00:53 -0700] "GET /self.logs/error.log.2020-04-01 HTTP/1.1" 200 351 "http://www.secrepo.com/self.logs?C=N%3BO%3DD" "Mozilla/5.0 (Linux; Android 7.0;) AppleWebKit/537.36 (KHTML, like Gecko) Mobile Safari/537.36 (compatible; PetalBot;+https://webmaster.petalsearch.com/site/petalbot)" 
52.167.144.186 - - [10/Oct/2023:02:01:15 -0700] "GET /self.logs/access.log.2017-04-18.gz HTTP/1.1" 200 20290 "-" "Mozilla/5.0 AppleWebKit/537.36 (KHTML, like Gecko; compatible; bingbot/2.0; +http://www.bing.com/bingbot.htm) Chrome/103.0.5060.134 Safari/537.36" 
114.119.158.6 - - [10/Oct/2023:02:02:24 -0700] "GET /Datasets%20Description/Network/notice.html HTTP/1.1" 200 1650 "http://www.secrepo.com/Datasets%20Description/Network/" "Mozilla/5.0 (Linux; Android 7.0;) AppleWebKit/537.36 (KHTML, like Gecko) Mobile Safari/537.36 (compatible; PetalBot;+https://webmaster.petalsearch.com/site/petalbot)" 
114.119.157.108 - - [10/Oct/2023:02:03:52 -0700] "GET /Datasets%20Description/Network/files.html HTTP/1.1" 200 1532 "http://www.secrepo.com/Datasets%20Description/Network/" "Mozilla/5.0 (Linux; Android 7.0;) AppleWebKit/537.36 (KHTML, like Gecko) Mobile Safari/537.36 (compatible; PetalBot;+https://webmaster.petalsearch.com/site/petalbot)" 
40.77.167.73 - - [10/Oct/2023:02:04:25 -0700] "GET / HTTP/1.1" 200 13142 "-" "Mozilla/5.0 AppleWebKit/537.36 (KHTML, like Gecko; compatible; bingbot/2.0; +http://www.bing.com/bingbot.htm) Chrome/103.0.5060.134 Safari/537.36" 
107.20.105.74 - - [10/Oct/2023:02:06:40 -0700] "HEAD / HTTP/1.1" 301 186 "-" "DreamHost SiteMonitor 1.0" 
107.20.105.74 - - [10/Oct/2023:02:06:40 -0700] "HEAD / HTTP/1.1" 200 359 "http://66.33.221.139" "DreamHost SiteMonitor 1.0" 
178.128.170.60 - - [10/Oct/2023:02:15:18 -0700] "GET / HTTP/1.1" 418 691 "-" "Mozilla/5.0 (Windows NT 6.1; WOW64; rv:40.0) Gecko/20100101 Firefox/40.1" 
159.89.23.245 - - [10/Oct/2023:02:15:27 -0700] "GET / HTTP/1.1" 418 691 "-" "Mozilla/5.0 (Windows NT 6.1; WOW64; rv:40.0) Gecko/20100101 Firefox/40.1" 
107.20.105.74 - - [10/Oct/2023:02:16:40 -0700] "HEAD / HTTP/1.1" 301 186 "-" "DreamHost SiteMonitor 1.0" 
107.20.105.74 - - [10/Oct/2023:02:16:40 -0700] "HEAD / HTTP/1.1" 200 359 "http://66.33.221.139" "DreamHost SiteMonitor 1.0" 
40.77.190.60 - - [10/Oct/2023:02:21:33 -0700] "GET /css/style.css HTTP/1.1" 404 328 "http://www.secrepo.com/" "Mozilla/5.0 AppleWebKit/537.36 (KHTML, like Gecko; compatible; bingbot/2.0; +http://www.bing.com/bingbot.htm) Chrome/112.0.0.0 Safari/537.36" 
52.167.144.219 - - [10/Oct/2023:02:25:29 -0700] "GET /self.logs/access.log.2017-06-14.gz HTTP/1.1" 200 37402 "-" "Mozilla/5.0 AppleWebKit/537.36 (KHTML, like Gecko; compatible; bingbot/2.0; +http://www.bing.com/bingbot.htm) Chrome/103.0.5060.134 Safari/537.36" 
107.20.105.74 - - [10/Oct/2023:02:26:40 -0700] "HEAD / HTTP/1.1" 301 186 "-" "DreamHost SiteMonitor 1.0" 
107.20.105.74 - - [10/Oct/2023:02:26:40 -0700] "HEAD / HTTP/1.1" 200 359 "http://66.33.221.139" "DreamHost SiteMonitor 1.0" 
209.97.134.190 - - [10/Oct/2023:02:28:23 -0700] "GET / HTTP/1.1" 418 691 "-" "Mozilla/5.0 (Windows NT 6.1; WOW64; rv:40.0) Gecko/20100101 Firefox/40.1" 
159.89.23.245 - - [10/Oct/2023:02:28:24 -0700] "GET / HTTP/1.1" 418 691 "-" "Mozilla/5.0 (Windows NT 6.1; WOW64; rv:40.0) Gecko/20100101 Firefox/40.1" 
66.249.64.101 - - [10/Oct/2023:02:34:46 -0700] "GET /robots.txt HTTP/1.1" 301 495 "-" "Mozilla/5.0 (compatible; Googlebot/2.1; +http://www.google.com/bot.html)" 
66.249.64.106 - - [10/Oct/2023:02:34:46 -0700] "GET /robots.txt HTTP/1.1" 200 377 "-" "Mozilla/5.0 (compatible; Googlebot/2.1; +http://www.google.com/bot.html)" 
66.249.64.101 - - [10/Oct/2023:02:34:46 -0700] "GET / HTTP/1.1" 301 474 "-" "Mozilla/5.0 (compatible; Googlebot/2.1; +http://www.google.com/bot.html)" 
66.249.64.107 - - [10/Oct/2023:02:34:47 -0700] "GET / HTTP/1.1" 200 13186 "-" "Mozilla/5.0 (compatible; Googlebot/2.1; +http://www.google.com/bot.html)" 
66.249.64.106 - - [10/Oct/2023:02:34:48 -0700] "GET /css/style.css HTTP/1.1" 404 305 "http://www.secrepo.com/" "Mozilla/5.0 AppleWebKit/537.36 (KHTML, like Gecko; compatible; Googlebot/2.1; +http://www.google.com/bot.html) Chrome/117.0.5938.132 Safari/537.36" 
107.20.105.74 - - [10/Oct/2023:02:36:40 -0700] "HEAD / HTTP/1.1" 301 186 "-" "DreamHost SiteMonitor 1.0" 
107.20.105.74 - - [10/Oct/2023:02:36:40 -0700] "HEAD / HTTP/1.1" 200 359 "http://66.33.221.139" "DreamHost SiteMonitor 1.0" 
61.135.159.171 - - [10/Oct/2023:02:36:53 -0700] "GET / HTTP/1.1" 200 13149 "-" "Sogou web spider/4.0(+http://www.sogou.com/docs/help/webmasters.htm#07)" 
107.20.105.74 - - [10/Oct/2023:02:46:40 -0700] "HEAD / HTTP/1.1" 301 186 "-" "DreamHost SiteMonitor 1.0" 
107.20.105.74 - - [10/Oct/2023:02:46:40 -0700] "HEAD / HTTP/1.1" 200 359 "http://66.33.221.139" "DreamHost SiteMonitor 1.0" 
52.167.144.238 - - [10/Oct/2023:02:51:53 -0700] "GET /self.logs/access.log.2022-03-22.gz HTTP/1.1" 200 16460 "-" "Mozilla/5.0 AppleWebKit/537.36 (KHTML, like Gecko; compatible; bingbot/2.0; +http://www.bing.com/bingbot.htm) Chrome/103.0.5060.134 Safari/537.36" 
1.198.6.194 - - [10/Oct/2023:02:53:51 -0700] "GET /favicon.ico HTTP/1.1" 200 391 "-" "Mozilla/5.0 (Windows NT 10.0; WOW64) AppleWebKit/537.36 (KHTML, like Gecko) Chrome/108.0.5359.125 Safari/537.36" 
159.89.111.196 - - [10/Oct/2023:02:56:34 -0700] "GET / HTTP/1.1" 418 691 "-" "Mozilla/5.0 (Windows NT 6.1; WOW64; rv:40.0) Gecko/20100101 Firefox/40.1" 
159.89.23.245 - - [10/Oct/2023:02:56:34 -0700] "GET / HTTP/1.1" 418 691 "-" "Mozilla/5.0 (Windows NT 6.1; WOW64; rv:40.0) Gecko/20100101 Firefox/40.1" 
107.20.105.74 - - [10/Oct/2023:02:56:40 -0700] "HEAD / HTTP/1.1" 301 186 "-" "DreamHost SiteMonitor 1.0" 
107.20.105.74 - - [10/Oct/2023:02:56:40 -0700] "HEAD / HTTP/1.1" 200 359 "http://66.33.221.139" "DreamHost SiteMonitor 1.0" 
46.101.158.159 - - [10/Oct/2023:02:56:52 -0700] "GET /data HTTP/1.1" 301 427 "-" "Mozilla/5.0 (compatible; SemrushBot/7~bl; +http://www.semrush.com/bot.html)" 
46.101.158.159 - - [10/Oct/2023:02:56:52 -0700] "GET /data HTTP/1.1" 404 284 "-" "Mozilla/5.0 (compatible; SemrushBot/7~bl; +http://www.semrush.com/bot.html)" 
121.8.197.92 - - [10/Oct/2023:03:00:33 -0700] "GET /twitter-icon.png HTTP/1.1" 200 27872 "-" "-" 
52.210.97.168 - - [10/Oct/2023:03:02:25 -0700] "GET / HTTP/1.1" 200 13142 "-" "Mozilla/5.0 (Windows NT 10.0; WOW64) AppleWebKit/537.36 (KHTML, like Gecko) Chrome/53.0.2785.143 Safari/537.36" 
52.210.97.168 - - [10/Oct/2023:03:02:26 -0700] "GET /apple-touch-icon.png HTTP/1.1" 404 250 "-" "Mozilla/5.0 (Windows NT 10.0; WOW64) AppleWebKit/537.36 (KHTML, like Gecko) Chrome/53.0.2785.143 Safari/537.36" 
52.210.97.168 - - [10/Oct/2023:03:02:26 -0700] "GET /apple-touch-icon-precomposed.png HTTP/1.1" 404 284 "-" "Mozilla/5.0 (Windows NT 10.0; WOW64) AppleWebKit/537.36 (KHTML, like Gecko) Chrome/53.0.2785.143 Safari/537.36" 
52.210.97.168 - - [10/Oct/2023:03:02:26 -0700] "GET /favicon.ico HTTP/1.1" 200 347 "-" "Mozilla/5.0 (Windows NT 10.0; WOW64) AppleWebKit/537.36 (KHTML, like Gecko) Chrome/53.0.2785.143 Safari/537.36" 
52.210.97.168 - - [10/Oct/2023:03:02:26 -0700] "GET /bootstrap/img/favicon.ico HTTP/1.1" 200 669 "-" "Mozilla/5.0 (Windows NT 10.0; WOW64) AppleWebKit/537.36 (KHTML, like Gecko) Chrome/53.0.2785.143 Safari/537.36" 
202.79.174.170 - - [10/Oct/2023:03:03:26 -0700] "GET /e/DownSys/play/images/top_l.gif HTTP/1.1" 301 537 "-" "Mozilla/5.0 (Windows NT 10.0; Win64; x64) AppleWebKit/537.36 (KHTML, like Gecko) Chrome/83.0.4103.61 Safari/537.36" 
202.79.174.170 - - [10/Oct/2023:03:03:27 -0700] "GET /e/DownSys/play/images/top_l.gif HTTP/1.1" 404 328 "-" "Mozilla/5.0 (Windows NT 10.0; Win64; x64) AppleWebKit/537.36 (KHTML, like Gecko) Chrome/83.0.4103.61 Safari/537.36" 
202.79.174.170 - - [10/Oct/2023:03:03:28 -0700] "GET /e/DoInfo/AddInfo.php HTTP/1.1" 301 515 "-" "Mozilla/5.0 (Windows NT 10.0; Win64; x64) AppleWebKit/537.36 (KHTML, like Gecko) Chrome/83.0.4103.61 Safari/537.36" 
202.79.174.170 - - [10/Oct/2023:03:03:29 -0700] "GET /e/DoInfo/AddInfo.php HTTP/1.1" 404 328 "-" "Mozilla/5.0 (Windows NT 10.0; Win64; x64) AppleWebKit/537.36 (KHTML, like Gecko) Chrome/83.0.4103.61 Safari/537.36" 
202.79.174.170 - - [10/Oct/2023:03:03:40 -0700] "GET /e/DownSys/play/images/top_l.gif HTTP/1.1" 404 328 "-" "Mozilla/5.0 (Windows NT 10.0; Win64; x64) AppleWebKit/537.36 (KHTML, like Gecko) Chrome/83.0.4103.61 Safari/537.36" 
202.79.174.170 - - [10/Oct/2023:03:03:41 -0700] "GET /e/DoInfo/AddInfo.php HTTP/1.1" 404 328 "-" "Mozilla/5.0 (Windows NT 10.0; Win64; x64) AppleWebKit/537.36 (KHTML, like Gecko) Chrome/83.0.4103.61 Safari/537.36" 
107.20.105.74 - - [10/Oct/2023:03:06:40 -0700] "HEAD / HTTP/1.1" 301 186 "-" "DreamHost SiteMonitor 1.0" 
107.20.105.74 - - [10/Oct/2023:03:06:40 -0700] "HEAD / HTTP/1.1" 200 359 "http://66.33.221.139" "DreamHost SiteMonitor 1.0" 
66.249.64.107 - - [10/Oct/2023:03:10:36 -0700] "GET /?t=1&cn=ZmxleGlibGVfcmVjc18y&refsrc=email&iid=2572d65d1a814c138a77f3b60465fe37&uid=30635594&nid=244+272699400 HTTP/1.1" 200 13186 "-" "Mozilla/5.0 (Linux; Android 6.0.1; Nexus 5X Build/MMB29P) AppleWebKit/537.36 (KHTML, like Gecko) Chrome/117.0.5938.132 Mobile Safari/537.36 (compatible; Googlebot/2.1; +http://www.google.com/bot.html)" 
66.249.64.108 - - [10/Oct/2023:03:11:30 -0700] "GET / HTTP/1.1" 200 13186 "-" "Mozilla/5.0 (compatible; Googlebot/2.1; +http://www.google.com/bot.html)" 
66.249.64.108 - - [10/Oct/2023:03:11:32 -0700] "GET /css/style.css HTTP/1.1" 404 305 "http://www.secrepo.com/" "Mozilla/5.0 AppleWebKit/537.36 (KHTML, like Gecko; compatible; Googlebot/2.1; +http://www.google.com/bot.html) Chrome/117.0.5938.132 Safari/537.36" 
66.249.64.106 - - [10/Oct/2023:03:12:45 -0700] "GET /css/style.css HTTP/1.1" 404 328 "http://www.secrepo.com/?t=1&cn=ZmxleGlibGVfcmVjc18y&refsrc=email&iid=2572d65d1a814c138a77f3b60465fe37&uid=30635594&nid=244+272699400" "Mozilla/5.0 (Linux; Android 6.0.1; Nexus 5X Build/MMB29P) AppleWebKit/537.36 (KHTML, like Gecko) Chrome/117.0.5938.132 Mobile Safari/537.36 (compatible; Googlebot/2.1; +http://www.google.com/bot.html)" 
66.249.64.108 - - [10/Oct/2023:03:12:46 -0700] "GET /css/style.css HTTP/1.1" 404 328 "http://www.secrepo.com/?t=1&cn=ZmxleGlibGVfcmVjc18y&refsrc=email&iid=2572d65d1a814c138a77f3b60465fe37&uid=30635594&nid=244+272699400" "Mozilla/5.0 (Linux; Android 6.0.1; Nexus 5X Build/MMB29P) AppleWebKit/537.36 (KHTML, like Gecko) Chrome/117.0.5938.132 Mobile Safari/537.36 (compatible; Googlebot/2.1; +http://www.google.com/bot.html)" 
202.63.172.222 - - [10/Oct/2023:03:15:13 -0700] "GET /admin.php HTTP/1.1" 404 328 "-" "python-requests/2.24.0" 
107.20.105.74 - - [10/Oct/2023:03:16:40 -0700] "HEAD / HTTP/1.1" 301 186 "-" "DreamHost SiteMonitor 1.0" 
107.20.105.74 - - [10/Oct/2023:03:16:40 -0700] "HEAD / HTTP/1.1" 200 359 "http://66.33.221.139" "DreamHost SiteMonitor 1.0" 
49.205.146.59 - - [10/Oct/2023:03:18:07 -0700] "GET / HTTP/1.1" 200 13187 "-" "Mozilla/5.0 (X11; Linux x86_64) AppleWebKit/537.36 (KHTML, like Gecko) Chrome/117.0.0.0 Safari/537.36" 
49.205.146.59 - - [10/Oct/2023:03:18:07 -0700] "GET /css/style.css HTTP/1.1" 404 305 "http://www.secrepo.com/" "Mozilla/5.0 (X11; Linux x86_64) AppleWebKit/537.36 (KHTML, like Gecko) Chrome/117.0.0.0 Safari/537.36" 
49.205.146.59 - - [10/Oct/2023:03:18:07 -0700] "GET /twitter-icon.png HTTP/1.1" 200 27916 "http://www.secrepo.com/" "Mozilla/5.0 (X11; Linux x86_64) AppleWebKit/537.36 (KHTML, like Gecko) Chrome/117.0.0.0 Safari/537.36" 
49.205.146.59 - - [10/Oct/2023:03:18:08 -0700] "GET /GitHub-Mark.png HTTP/1.1" 200 7533 "http://www.secrepo.com/" "Mozilla/5.0 (X11; Linux x86_64) AppleWebKit/537.36 (KHTML, like Gecko) Chrome/117.0.0.0 Safari/537.36" 
49.205.146.59 - - [10/Oct/2023:03:18:08 -0700] "GET /bootstrap/img/favicon.ico HTTP/1.1" 200 690 "http://www.secrepo.com/" "Mozilla/5.0 (X11; Linux x86_64) AppleWebKit/537.36 (KHTML, like Gecko) Chrome/117.0.0.0 Safari/537.36" 
114.119.133.108 - - [10/Oct/2023:03:25:37 -0700] "GET /self.logs/access.log.2019-07-15 HTTP/1.1" 200 372562 "http://www.secrepo.com/self.logs/?C=M%3BO%3DA" "Mozilla/5.0 (Linux; Android 7.0;) AppleWebKit/537.36 (KHTML, like Gecko) Mobile Safari/537.36 (compatible; PetalBot;+https://webmaster.petalsearch.com/site/petalbot)" 
107.20.105.74 - - [10/Oct/2023:03:26:40 -0700] "HEAD / HTTP/1.1" 301 186 "-" "DreamHost SiteMonitor 1.0" 
107.20.105.74 - - [10/Oct/2023:03:26:40 -0700] "HEAD / HTTP/1.1" 200 359 "http://66.33.221.139" "DreamHost SiteMonitor 1.0" 
114.119.148.208 - - [10/Oct/2023:03:26:59 -0700] "GET /Datasets%20Description/HTML_Bro_log_3 HTTP/1.1" 301 619 "http://www.secrepo.com/" "Mozilla/5.0 (Linux; Android 7.0;) AppleWebKit/537.36 (KHTML, like Gecko) Mobile Safari/537.36 (compatible; PetalBot;+https://webmaster.petalsearch.com/site/petalbot)" 
114.119.148.208 - - [10/Oct/2023:03:27:05 -0700] "GET /Datasets%20Description/HTML_Bro_log_3/ HTTP/1.1" 200 823 "http://www.secrepo.com/" "Mozilla/5.0 (Linux; Android 7.0;) AppleWebKit/537.36 (KHTML, like Gecko) Mobile Safari/537.36 (compatible; PetalBot;+https://webmaster.petalsearch.com/site/petalbot)" 
114.119.142.197 - - [10/Oct/2023:03:29:04 -0700] "GET /self.logs/error.log.2020-02-09 HTTP/1.1" 200 351 "http://www.secrepo.com/self.logs?C=N%3BO%3DD" "Mozilla/5.0 (Linux; Android 7.0;) AppleWebKit/537.36 (KHTML, like Gecko) Mobile Safari/537.36 (compatible; PetalBot;+https://webmaster.petalsearch.com/site/petalbot)" 
66.249.64.101 - - [10/Oct/2023:03:33:10 -0700] "GET / HTTP/1.1" 301 475 "-" "Mozilla/5.0 (compatible; Googlebot/2.1; +http://www.google.com/bot.html)" 
66.249.64.106 - - [10/Oct/2023:03:33:11 -0700] "GET / HTTP/1.1" 200 13187 "-" "Mozilla/5.0 (compatible; Googlebot/2.1; +http://www.google.com/bot.html)" 
66.249.64.106 - - [10/Oct/2023:03:33:15 -0700] "GET /css/style.css HTTP/1.1" 404 305 "http://www.secrepo.com/" "Mozilla/5.0 AppleWebKit/537.36 (KHTML, like Gecko; compatible; Googlebot/2.1; +http://www.google.com/bot.html) Chrome/117.0.5938.132 Safari/537.36" 
107.20.105.74 - - [10/Oct/2023:03:36:40 -0700] "HEAD / HTTP/1.1" 301 186 "-" "DreamHost SiteMonitor 1.0" 
107.20.105.74 - - [10/Oct/2023:03:36:40 -0700] "HEAD / HTTP/1.1" 200 359 "http://66.33.221.139" "DreamHost SiteMonitor 1.0" 
40.77.167.78 - - [10/Oct/2023:03:39:03 -0700] "GET /self.logs/access.log.2023-04-24.gz HTTP/1.1" 200 13525 "-" "Mozilla/5.0 AppleWebKit/537.36 (KHTML, like Gecko; compatible; bingbot/2.0; +http://www.bing.com/bingbot.htm) Chrome/103.0.5060.134 Safari/537.36" 
209.97.134.190 - - [10/Oct/2023:03:40:20 -0700] "GET / HTTP/1.1" 418 691 "-" "Mozilla/5.0 (Windows NT 6.1; WOW64; rv:40.0) Gecko/20100101 Firefox/40.1" 
159.89.111.196 - - [10/Oct/2023:03:40:20 -0700] "GET / HTTP/1.1" 418 691 "-" "Mozilla/5.0 (Windows NT 6.1; WOW64; rv:40.0) Gecko/20100101 Firefox/40.1" 
143.42.70.226 - - [10/Oct/2023:03:43:10 -0700] "GET / HTTP/1.1" 301 475 "-" "Mozilla/5.0 (Windows NT 10.0; Win64; x64) AppleWebKit/537.36 (KHTML, like Gecko) Chrome/78.0.3904.108 Safari/537.36" 
143.42.70.226 - - [10/Oct/2023:03:43:11 -0700] "GET / HTTP/1.1" 429 491 "-" "Mozilla/5.0 (Windows NT 10.0; Win64; x64) AppleWebKit/537.36 (KHTML, like Gecko) Chrome/78.0.3904.108 Safari/537.36" 
143.42.70.226 - - [10/Oct/2023:03:43:12 -0700] "GET //wp-includes/wlwmanifest.xml HTTP/1.1" 429 500 "-" "Mozilla/5.0 (Windows NT 10.0; Win64; x64) AppleWebKit/537.36 (KHTML, like Gecko) Chrome/78.0.3904.108 Safari/537.36" 
143.42.70.226 - - [10/Oct/2023:03:43:12 -0700] "GET //xmlrpc.php?rsd HTTP/1.1" 429 500 "-" "Mozilla/5.0 (Windows NT 10.0; Win64; x64) AppleWebKit/537.36 (KHTML, like Gecko) Chrome/78.0.3904.108 Safari/537.36" 
143.42.70.226 - - [10/Oct/2023:03:43:12 -0700] "GET / HTTP/1.1" 429 500 "-" "Mozilla/5.0 (Windows NT 10.0; Win64; x64) AppleWebKit/537.36 (KHTML, like Gecko) Chrome/78.0.3904.108 Safari/537.36" 
143.42.70.226 - - [10/Oct/2023:03:43:12 -0700] "GET //blog/wp-includes/wlwmanifest.xml HTTP/1.1" 429 500 "-" "Mozilla/5.0 (Windows NT 10.0; Win64; x64) AppleWebKit/537.36 (KHTML, like Gecko) Chrome/78.0.3904.108 Safari/537.36" 
143.42.70.226 - - [10/Oct/2023:03:43:13 -0700] "GET //web/wp-includes/wlwmanifest.xml HTTP/1.1" 429 500 "-" "Mozilla/5.0 (Windows NT 10.0; Win64; x64) AppleWebKit/537.36 (KHTML, like Gecko) Chrome/78.0.3904.108 Safari/537.36" 
143.42.70.226 - - [10/Oct/2023:03:43:13 -0700] "GET //wordpress/wp-includes/wlwmanifest.xml HTTP/1.1" 429 500 "-" "Mozilla/5.0 (Windows NT 10.0; Win64; x64) AppleWebKit/537.36 (KHTML, like Gecko) Chrome/78.0.3904.108 Safari/537.36" 
143.42.70.226 - - [10/Oct/2023:03:43:13 -0700] "GET //website/wp-includes/wlwmanifest.xml HTTP/1.1" 429 500 "-" "Mozilla/5.0 (Windows NT 10.0; Win64; x64) AppleWebKit/537.36 (KHTML, like Gecko) Chrome/78.0.3904.108 Safari/537.36" 
143.42.70.226 - - [10/Oct/2023:03:43:14 -0700] "GET //wp/wp-includes/wlwmanifest.xml HTTP/1.1" 429 500 "-" "Mozilla/5.0 (Windows NT 10.0; Win64; x64) AppleWebKit/537.36 (KHTML, like Gecko) Chrome/78.0.3904.108 Safari/537.36" 
143.42.70.226 - - [10/Oct/2023:03:43:14 -0700] "GET //news/wp-includes/wlwmanifest.xml HTTP/1.1" 429 500 "-" "Mozilla/5.0 (Windows NT 10.0; Win64; x64) AppleWebKit/537.36 (KHTML, like Gecko) Chrome/78.0.3904.108 Safari/537.36" 
143.42.70.226 - - [10/Oct/2023:03:43:14 -0700] "GET //2018/wp-includes/wlwmanifest.xml HTTP/1.1" 429 500 "-" "Mozilla/5.0 (Windows NT 10.0; Win64; x64) AppleWebKit/537.36 (KHTML, like Gecko) Chrome/78.0.3904.108 Safari/537.36" 
143.42.70.226 - - [10/Oct/2023:03:43:14 -0700] "GET //2019/wp-includes/wlwmanifest.xml HTTP/1.1" 429 500 "-" "Mozilla/5.0 (Windows NT 10.0; Win64; x64) AppleWebKit/537.36 (KHTML, like Gecko) Chrome/78.0.3904.108 Safari/537.36" 
143.42.70.226 - - [10/Oct/2023:03:43:15 -0700] "GET //shop/wp-includes/wlwmanifest.xml HTTP/1.1" 429 500 "-" "Mozilla/5.0 (Windows NT 10.0; Win64; x64) AppleWebKit/537.36 (KHTML, like Gecko) Chrome/78.0.3904.108 Safari/537.36" 
143.42.70.226 - - [10/Oct/2023:03:43:15 -0700] "GET //wp1/wp-includes/wlwmanifest.xml HTTP/1.1" 429 500 "-" "Mozilla/5.0 (Windows NT 10.0; Win64; x64) AppleWebKit/537.36 (KHTML, like Gecko) Chrome/78.0.3904.108 Safari/537.36" 
143.42.70.226 - - [10/Oct/2023:03:43:15 -0700] "GET //test/wp-includes/wlwmanifest.xml HTTP/1.1" 429 500 "-" "Mozilla/5.0 (Windows NT 10.0; Win64; x64) AppleWebKit/537.36 (KHTML, like Gecko) Chrome/78.0.3904.108 Safari/537.36" 
143.42.70.226 - - [10/Oct/2023:03:43:16 -0700] "GET //media/wp-includes/wlwmanifest.xml HTTP/1.1" 429 500 "-" "Mozilla/5.0 (Windows NT 10.0; Win64; x64) AppleWebKit/537.36 (KHTML, like Gecko) Chrome/78.0.3904.108 Safari/537.36" 
143.42.70.226 - - [10/Oct/2023:03:43:16 -0700] "GET //wp2/wp-includes/wlwmanifest.xml HTTP/1.1" 429 500 "-" "Mozilla/5.0 (Windows NT 10.0; Win64; x64) AppleWebKit/537.36 (KHTML, like Gecko) Chrome/78.0.3904.108 Safari/537.36" 
143.42.70.226 - - [10/Oct/2023:03:43:16 -0700] "GET //site/wp-includes/wlwmanifest.xml HTTP/1.1" 429 500 "-" "Mozilla/5.0 (Windows NT 10.0; Win64; x64) AppleWebKit/537.36 (KHTML, like Gecko) Chrome/78.0.3904.108 Safari/537.36" 
143.42.70.226 - - [10/Oct/2023:03:43:16 -0700] "GET //cms/wp-includes/wlwmanifest.xml HTTP/1.1" 429 500 "-" "Mozilla/5.0 (Windows NT 10.0; Win64; x64) AppleWebKit/537.36 (KHTML, like Gecko) Chrome/78.0.3904.108 Safari/537.36" 
143.42.70.226 - - [10/Oct/2023:03:43:17 -0700] "GET //sito/wp-includes/wlwmanifest.xml HTTP/1.1" 429 500 "-" "Mozilla/5.0 (Windows NT 10.0; Win64; x64) AppleWebKit/537.36 (KHTML, like Gecko) Chrome/78.0.3904.108 Safari/537.36" 
114.119.129.158 - - [10/Oct/2023:03:43:55 -0700] "GET /self.logs/error.log.2020-10-14 HTTP/1.1" 200 351 "http://www.secrepo.com/self.logs?C=N%3BO%3DD" "Mozilla/5.0 (Linux; Android 7.0;) AppleWebKit/537.36 (KHTML, like Gecko) Mobile Safari/537.36 (compatible; PetalBot;+https://webmaster.petalsearch.com/site/petalbot)" 
107.20.105.74 - - [10/Oct/2023:03:46:40 -0700] "HEAD / HTTP/1.1" 301 186 "-" "DreamHost SiteMonitor 1.0" 
107.20.105.74 - - [10/Oct/2023:03:46:40 -0700] "HEAD / HTTP/1.1" 200 359 "http://66.33.221.139" "DreamHost SiteMonitor 1.0" 
114.119.146.16 - - [10/Oct/2023:03:46:54 -0700] "GET /self.logs/error.log.2020-07-14 HTTP/1.1" 200 351 "http://www.secrepo.com/self.logs?C=N%3BO%3DD" "Mozilla/5.0 (Linux; Android 7.0;) AppleWebKit/537.36 (KHTML, like Gecko) Mobile Safari/537.36 (compatible; PetalBot;+https://webmaster.petalsearch.com/site/petalbot)" 
114.119.154.81 - - [10/Oct/2023:03:47:25 -0700] "GET /self.logs/error.log.2020-04-27 HTTP/1.1" 200 351 "http://www.secrepo.com/self.logs?C=N%3BO%3DD" "Mozilla/5.0 (Linux; Android 7.0;) AppleWebKit/537.36 (KHTML, like Gecko) Mobile Safari/537.36 (compatible; PetalBot;+https://webmaster.petalsearch.com/site/petalbot)" 
114.119.136.64 - - [10/Oct/2023:03:49:29 -0700] "GET /self.logs/error.log.2020-02-14 HTTP/1.1" 200 351 "http://www.secrepo.com/self.logs?C=N%3BO%3DD" "Mozilla/5.0 (Linux; Android 7.0;) AppleWebKit/537.36 (KHTML, like Gecko) Mobile Safari/537.36 (compatible; PetalBot;+https://webmaster.petalsearch.com/site/petalbot)" 
40.77.167.47 - - [10/Oct/2023:03:51:40 -0700] "GET /self.logs/access.log.2022-07-05.gz HTTP/1.1" 200 15137 "-" "Mozilla/5.0 AppleWebKit/537.36 (KHTML, like Gecko; compatible; bingbot/2.0; +http://www.bing.com/bingbot.htm) Chrome/103.0.5060.134 Safari/537.36" 
202.63.172.215 - - [10/Oct/2023:03:52:48 -0700] "GET /admin.php HTTP/1.1" 404 328 "-" "python-requests/2.24.0" 
40.77.167.73 - - [10/Oct/2023:03:55:52 -0700] "GET /self.logs/access.log.2017-12-09.gz HTTP/1.1" 200 48323 "-" "Mozilla/5.0 AppleWebKit/537.36 (KHTML, like Gecko; compatible; bingbot/2.0; +http://www.bing.com/bingbot.htm) Chrome/103.0.5060.134 Safari/537.36" 
107.20.105.74 - - [10/Oct/2023:03:56:40 -0700] "HEAD / HTTP/1.1" 301 186 "-" "DreamHost SiteMonitor 1.0" 
107.20.105.74 - - [10/Oct/2023:03:56:40 -0700] "HEAD / HTTP/1.1" 200 359 "http://66.33.221.139" "DreamHost SiteMonitor 1.0" 
103.24.219.75 - - [10/Oct/2023:03:58:51 -0700] "GET /data/admin/allowurl.txt HTTP/1.1" 404 328 "-" "Mozilla/5.0 (Windows NT 10.0; WOW64; rv:48.0) Gecko/20100101 Firefox/48.0" 
40.77.167.73 - - [10/Oct/2023:04:01:34 -0700] "GET /self.logs/ HTTP/1.1" 200 45671 "-" "Mozilla/5.0 AppleWebKit/537.36 (KHTML, like Gecko; compatible; bingbot/2.0; +http://www.bing.com/bingbot.htm) Chrome/103.0.5060.134 Safari/537.36" 
114.119.138.59 - - [10/Oct/2023:04:06:21 -0700] "GET /self.logs/error.log.2020-02-01 HTTP/1.1" 200 351 "http://www.secrepo.com/self.logs?C=N%3BO%3DD" "Mozilla/5.0 (Linux; Android 7.0;) AppleWebKit/537.36 (KHTML, like Gecko) Mobile Safari/537.36 (compatible; PetalBot;+https://webmaster.petalsearch.com/site/petalbot)" 
107.20.105.74 - - [10/Oct/2023:04:06:40 -0700] "HEAD / HTTP/1.1" 301 186 "-" "DreamHost SiteMonitor 1.0" 
107.20.105.74 - - [10/Oct/2023:04:06:40 -0700] "HEAD / HTTP/1.1" 200 359 "http://66.33.221.139" "DreamHost SiteMonitor 1.0" 
114.119.137.177 - - [10/Oct/2023:04:07:41 -0700] "GET /Datasets%20Description/PE_malware/VirusShare.html HTTP/1.1" 200 1651 "http://www.secrepo.com/" "Mozilla/5.0 (Linux; Android 7.0;) AppleWebKit/537.36 (KHTML, like Gecko) Mobile Safari/537.36 (compatible; PetalBot;+https://webmaster.petalsearch.com/site/petalbot)" 
107.20.105.74 - - [10/Oct/2023:04:16:40 -0700] "HEAD / HTTP/1.1" 301 186 "-" "DreamHost SiteMonitor 1.0" 
107.20.105.74 - - [10/Oct/2023:04:16:40 -0700] "HEAD / HTTP/1.1" 200 359 "http://66.33.221.139" "DreamHost SiteMonitor 1.0" 
80.146.200.110 - - [10/Oct/2023:04:17:32 -0700] "GET / HTTP/1.1" 301 475 "-" "Mozilla/5.0 (Windows NT 10.0; Win64; x64; rv:109.0) Gecko/20100101 Firefox/115.0" 
80.146.200.110 - - [10/Oct/2023:04:17:33 -0700] "GET / HTTP/1.1" 200 13187 "-" "Mozilla/5.0 (Windows NT 10.0; Win64; x64; rv:109.0) Gecko/20100101 Firefox/115.0" 
80.146.200.110 - - [10/Oct/2023:04:17:33 -0700] "GET /css/style.css HTTP/1.1" 404 328 "http://www.secrepo.com/" "Mozilla/5.0 (Windows NT 10.0; Win64; x64; rv:109.0) Gecko/20100101 Firefox/115.0" 
199.167.138.22 - - [10/Oct/2023:04:17:33 -0700] "GET / HTTP/1.0" 200 49096 "http://www.secrepo.com/" "Mozilla/5.0 (Windows NT 6.3; Win64; x64) AppleWebKit/537.36 (KHTML, like Gecko) Chrome/103.0.5060.53 Safari/537.36" 
80.146.200.110 - - [10/Oct/2023:04:17:33 -0700] "GET /twitter-icon.png HTTP/1.1" 200 27893 "http://www.secrepo.com/" "Mozilla/5.0 (Windows NT 10.0; Win64; x64; rv:109.0) Gecko/20100101 Firefox/115.0" 
80.146.200.110 - - [10/Oct/2023:04:17:33 -0700] "GET /GitHub-Mark.png HTTP/1.1" 200 7556 "http://www.secrepo.com/" "Mozilla/5.0 (Windows NT 10.0; Win64; x64; rv:109.0) Gecko/20100101 Firefox/115.0" 
80.146.200.110 - - [10/Oct/2023:04:17:34 -0700] "GET /bootstrap/img/favicon.ico HTTP/1.1" 200 690 "http://www.secrepo.com/" "Mozilla/5.0 (Windows NT 10.0; Win64; x64; rv:109.0) Gecko/20100101 Firefox/115.0" 
202.63.172.209 - - [10/Oct/2023:04:20:40 -0700] "GET /include/ckeditor/plugins/smiley/images/angel_smile.gif HTTP/1.1" 404 328 "http://www.secrepo.com/include/ckeditor/plugins/smiley/images/angel_smile.gif" "Mozilla/5.0 (Windows NT 10.0; Win64; x64) AppleWebKit/537.36 (KHTML, like Gecko) Chrome/83.0.4103.61 Safari/537.36" 
202.63.172.209 - - [10/Oct/2023:04:20:41 -0700] "GET /plus/ad_js.php HTTP/1.1" 404 328 "http://www.secrepo.com/plus/ad_js.php" "Mozilla/5.0 (Windows NT 10.0; Win64; x64) AppleWebKit/537.36 (KHTML, like Gecko) Chrome/83.0.4103.61 Safari/537.36" 
202.63.172.209 - - [10/Oct/2023:04:20:42 -0700] "GET /plus/flink_add.php HTTP/1.1" 404 328 "http://www.secrepo.com/plus/flink_add.php" "Mozilla/5.0 (Windows NT 10.0; Win64; x64) AppleWebKit/537.36 (KHTML, like Gecko) Chrome/83.0.4103.61 Safari/537.36" 
52.167.144.137 - - [10/Oct/2023:04:21:08 -0700] "GET /self.logs/access.log.2021-10-24.gz HTTP/1.1" 200 23785 "-" "Mozilla/5.0 AppleWebKit/537.36 (KHTML, like Gecko; compatible; bingbot/2.0; +http://www.bing.com/bingbot.htm) Chrome/103.0.5060.134 Safari/537.36" 
107.20.105.74 - - [10/Oct/2023:04:26:40 -0700] "HEAD / HTTP/1.1" 301 186 "-" "DreamHost SiteMonitor 1.0" 
107.20.105.74 - - [10/Oct/2023:04:26:40 -0700] "HEAD / HTTP/1.1" 200 359 "http://66.33.221.139" "DreamHost SiteMonitor 1.0" 
66.102.8.234 - - [10/Oct/2023:04:34:01 -0700] "GET / HTTP/1.1" 200 13187 "http://www.google.com/search" "Mozilla/5.0 (X11; Linux x86_64)  AppleWebKit/537.36 (KHTML, like Gecko; Google Web Preview)  Chrome/117.0.5938.132 Safari/537.36" 
66.102.8.234 - - [10/Oct/2023:04:34:02 -0700] "GET /twitter-icon.png HTTP/1.1" 200 27893 "http://www.secrepo.com/" "Mozilla/5.0 (X11; Linux x86_64)  AppleWebKit/537.36 (KHTML, like Gecko; Google Web Preview)  Chrome/117.0.5938.132 Safari/537.36" 
66.102.8.236 - - [10/Oct/2023:04:34:02 -0700] "GET /css/style.css HTTP/1.1" 404 328 "http://www.secrepo.com/" "Mozilla/5.0 (X11; Linux x86_64)  AppleWebKit/537.36 (KHTML, like Gecko; Google Web Preview)  Chrome/117.0.5938.132 Safari/537.36" 
66.102.8.236 - - [10/Oct/2023:04:34:02 -0700] "GET /GitHub-Mark.png HTTP/1.1" 200 7556 "http://www.secrepo.com/" "Mozilla/5.0 (X11; Linux x86_64)  AppleWebKit/537.36 (KHTML, like Gecko; Google Web Preview)  Chrome/117.0.5938.132 Safari/537.36" 
107.20.105.74 - - [10/Oct/2023:04:36:40 -0700] "HEAD / HTTP/1.1" 301 186 "-" "DreamHost SiteMonitor 1.0" 
107.20.105.74 - - [10/Oct/2023:04:36:40 -0700] "HEAD / HTTP/1.1" 200 359 "http://66.33.221.139" "DreamHost SiteMonitor 1.0" 
107.20.105.74 - - [10/Oct/2023:04:46:40 -0700] "HEAD / HTTP/1.1" 301 186 "-" "DreamHost SiteMonitor 1.0" 
107.20.105.74 - - [10/Oct/2023:04:46:40 -0700] "HEAD / HTTP/1.1" 200 359 "http://66.33.221.139" "DreamHost SiteMonitor 1.0" 
107.20.105.74 - - [10/Oct/2023:04:56:40 -0700] "HEAD / HTTP/1.1" 301 186 "-" "DreamHost SiteMonitor 1.0" 
107.20.105.74 - - [10/Oct/2023:04:56:40 -0700] "HEAD / HTTP/1.1" 200 359 "http://66.33.221.139" "DreamHost SiteMonitor 1.0" 
114.119.133.213 - - [10/Oct/2023:05:02:38 -0700] "GET /self.logs/error.log.2020-11-09 HTTP/1.1" 200 351 "-" "Mozilla/5.0 (Linux; Android 7.0;) AppleWebKit/537.36 (KHTML, like Gecko) Mobile Safari/537.36 (compatible; PetalBot;+https://webmaster.petalsearch.com/site/petalbot)" 
107.20.105.74 - - [10/Oct/2023:05:06:40 -0700] "HEAD / HTTP/1.1" 301 186 "-" "DreamHost SiteMonitor 1.0" 
107.20.105.74 - - [10/Oct/2023:05:06:40 -0700] "HEAD / HTTP/1.1" 200 359 "http://66.33.221.139" "DreamHost SiteMonitor 1.0" 
66.249.64.108 - - [10/Oct/2023:05:16:39 -0700] "GET /self.logs/error.log.2020-03-30 HTTP/1.1" 200 351 "-" "Mozilla/5.0 (Linux; Android 6.0.1; Nexus 5X Build/MMB29P) AppleWebKit/537.36 (KHTML, like Gecko) Chrome/117.0.5938.132 Mobile Safari/537.36 (compatible; Googlebot/2.1; +http://www.google.com/bot.html)" 
107.20.105.74 - - [10/Oct/2023:05:16:40 -0700] "HEAD / HTTP/1.1" 301 186 "-" "DreamHost SiteMonitor 1.0" 
107.20.105.74 - - [10/Oct/2023:05:16:40 -0700] "HEAD / HTTP/1.1" 200 359 "http://66.33.221.139" "DreamHost SiteMonitor 1.0" 
207.154.240.6 - - [10/Oct/2023:05:23:58 -0700] "GET / HTTP/1.1" 418 691 "-" "Mozilla/5.0 (Windows NT 6.1; WOW64; rv:40.0) Gecko/20100101 Firefox/40.1" 
178.128.170.60 - - [10/Oct/2023:05:23:59 -0700] "GET / HTTP/1.1" 418 691 "-" "Mozilla/5.0 (Windows NT 6.1; WOW64; rv:40.0) Gecko/20100101 Firefox/40.1" 
107.20.105.74 - - [10/Oct/2023:05:26:40 -0700] "HEAD / HTTP/1.1" 301 186 "-" "DreamHost SiteMonitor 1.0" 
107.20.105.74 - - [10/Oct/2023:05:26:40 -0700] "HEAD / HTTP/1.1" 200 359 "http://66.33.221.139" "DreamHost SiteMonitor 1.0" 
40.77.167.59 - - [10/Oct/2023:05:27:42 -0700] "GET /self.logs/access.log.2017-03-20.gz HTTP/1.1" 200 16074 "-" "Mozilla/5.0 AppleWebKit/537.36 (KHTML, like Gecko; compatible; bingbot/2.0; +http://www.bing.com/bingbot.htm) Chrome/103.0.5060.134 Safari/537.36" 
202.63.172.215 - - [10/Oct/2023:05:32:17 -0700] "GET /login.php?s=Admin/login HTTP/1.1" 404 328 "-" "python-requests/2.31.0" 
107.20.105.74 - - [10/Oct/2023:05:36:40 -0700] "HEAD / HTTP/1.1" 301 186 "-" "DreamHost SiteMonitor 1.0" 
107.20.105.74 - - [10/Oct/2023:05:36:40 -0700] "HEAD / HTTP/1.1" 200 359 "http://66.33.221.139" "DreamHost SiteMonitor 1.0" 
46.101.158.159 - - [10/Oct/2023:05:40:39 -0700] "GET / HTTP/1.1" 301 419 "-" "Mozilla/5.0 (compatible; SemrushBot/7~bl; +http://www.semrush.com/bot.html)" 
46.101.158.159 - - [10/Oct/2023:05:40:40 -0700] "GET / HTTP/1.1" 200 13143 "-" "Mozilla/5.0 (compatible; SemrushBot/7~bl; +http://www.semrush.com/bot.html)" 
114.119.154.103 - - [10/Oct/2023:05:41:41 -0700] "GET /Datasets%20Description/HTML_Bro_log_1?C=S%3BO%3DA HTTP/1.1" 301 643 "https://www.secrepo.com/Datasets%20Description/HTML_Bro_log_1?C=M%3BO%3DA" "Mozilla/5.0 (Linux; Android 7.0;) AppleWebKit/537.36 (KHTML, like Gecko) Mobile Safari/537.36 (compatible; PetalBot;+https://webmaster.petalsearch.com/site/petalbot)" 
114.119.154.103 - - [10/Oct/2023:05:41:43 -0700] "GET /Datasets%20Description/HTML_Bro_log_1/?C=S%3BO%3DA HTTP/1.1" 200 811 "https://www.secrepo.com/Datasets%20Description/HTML_Bro_log_1?C=M%3BO%3DA" "Mozilla/5.0 (Linux; Android 7.0;) AppleWebKit/537.36 (KHTML, like Gecko) Mobile Safari/537.36 (compatible; PetalBot;+https://webmaster.petalsearch.com/site/petalbot)" 
107.20.105.74 - - [10/Oct/2023:05:46:40 -0700] "HEAD / HTTP/1.1" 301 186 "-" "DreamHost SiteMonitor 1.0" 
107.20.105.74 - - [10/Oct/2023:05:46:40 -0700] "HEAD / HTTP/1.1" 200 359 "http://66.33.221.139" "DreamHost SiteMonitor 1.0" 
51.222.253.15 - - [10/Oct/2023:05:49:06 -0700] "GET /robots.txt HTTP/1.1" 200 333 "-" "Mozilla/5.0 (compatible; AhrefsBot/7.0; +http://ahrefs.com/robot/)" 
51.222.253.7 - - [10/Oct/2023:05:49:07 -0700] "GET / HTTP/1.1" 200 13143 "-" "Mozilla/5.0 (compatible; AhrefsBot/7.0; +http://ahrefs.com/robot/)" 
51.222.253.13 - - [10/Oct/2023:05:49:18 -0700] "GET /css/style.css HTTP/1.1" 404 284 "-" "Mozilla/5.0 (compatible; AhrefsBot/7.0; +http://ahrefs.com/robot/)" 
51.222.253.16 - - [10/Oct/2023:05:49:18 -0700] "GET /GitHub-Mark.png HTTP/1.1" 200 7512 "-" "Mozilla/5.0 (compatible; AhrefsBot/7.0; +http://ahrefs.com/robot/)" 
107.20.105.74 - - [10/Oct/2023:05:56:40 -0700] "HEAD / HTTP/1.1" 301 186 "-" "DreamHost SiteMonitor 1.0" 
107.20.105.74 - - [10/Oct/2023:05:56:40 -0700] "HEAD / HTTP/1.1" 200 359 "http://66.33.221.139" "DreamHost SiteMonitor 1.0" 
107.20.105.74 - - [10/Oct/2023:06:06:40 -0700] "HEAD / HTTP/1.1" 301 186 "-" "DreamHost SiteMonitor 1.0" 
107.20.105.74 - - [10/Oct/2023:06:06:40 -0700] "HEAD / HTTP/1.1" 200 359 "http://66.33.221.139" "DreamHost SiteMonitor 1.0" 
114.119.144.179 - - [10/Oct/2023:06:07:18 -0700] "GET /self.logs/error.log.2020-06-08 HTTP/1.1" 200 351 "http://www.secrepo.com/self.logs?C=N%3BO%3DD" "Mozilla/5.0 (Linux; Android 7.0;) AppleWebKit/537.36 (KHTML, like Gecko) Mobile Safari/537.36 (compatible; PetalBot;+https://webmaster.petalsearch.com/site/petalbot)" 
40.77.167.181 - - [10/Oct/2023:06:15:54 -0700] "GET /robots.txt HTTP/1.1" 200 377 "-" "Mozilla/5.0 AppleWebKit/537.36 (KHTML, like Gecko; compatible; bingbot/2.0; +http://www.bing.com/bingbot.htm) Chrome/103.0.5060.134 Safari/537.36" 
52.167.144.161 - - [10/Oct/2023:06:16:01 -0700] "GET /self.logs/access.log.2022-10-01.gz HTTP/1.1" 200 27213 "-" "Mozilla/5.0 AppleWebKit/537.36 (KHTML, like Gecko; compatible; bingbot/2.0; +http://www.bing.com/bingbot.htm) Chrome/103.0.5060.134 Safari/537.36" 
107.20.105.74 - - [10/Oct/2023:06:16:40 -0700] "HEAD / HTTP/1.1" 301 186 "-" "DreamHost SiteMonitor 1.0" 
107.20.105.74 - - [10/Oct/2023:06:16:40 -0700] "HEAD / HTTP/1.1" 200 359 "http://66.33.221.139" "DreamHost SiteMonitor 1.0" 
52.167.144.161 - - [10/Oct/2023:06:17:38 -0700] "GET /self.logs/access.log.2022-07-27.gz HTTP/1.1" 200 44672 "-" "Mozilla/5.0 AppleWebKit/537.36 (KHTML, like Gecko; compatible; bingbot/2.0; +http://www.bing.com/bingbot.htm) Chrome/103.0.5060.134 Safari/537.36" 
77.75.76.160 - - [10/Oct/2023:06:18:21 -0700] "GET /favicon.ico HTTP/1.1" 200 391 "-" "Mozilla/5.0 (compatible; SeznamBot/4.0; +http://napoveda.seznam.cz/seznambot-intro/)" 
77.75.78.160 - - [10/Oct/2023:06:18:21 -0700] "GET /robots.txt HTTP/1.1" 200 377 "-" "Mozilla/5.0 (compatible; SeznamBot/4.0; +http://napoveda.seznam.cz/seznambot-intro/)" 
77.75.78.160 - - [10/Oct/2023:06:18:21 -0700] "GET /bootstrap/img/favicon.ico HTTP/1.1" 200 690 "-" "Mozilla/5.0 (compatible; SeznamBot/4.0; +http://napoveda.seznam.cz/seznambot-intro/)" 
40.77.167.43 - - [10/Oct/2023:06:18:54 -0700] "GET /self.logs/access.log.2018-02-19.gz HTTP/1.1" 200 20209 "-" "Mozilla/5.0 AppleWebKit/537.36 (KHTML, like Gecko; compatible; bingbot/2.0; +http://www.bing.com/bingbot.htm) Chrome/103.0.5060.134 Safari/537.36" 
180.97.183.126 - - [10/Oct/2023:06:24:25 -0700] "GET /admin.php HTTP/1.1" 404 328 "-" "python-requests/2.24.0" 
107.20.105.74 - - [10/Oct/2023:06:26:40 -0700] "HEAD / HTTP/1.1" 301 186 "-" "DreamHost SiteMonitor 1.0" 
107.20.105.74 - - [10/Oct/2023:06:26:40 -0700] "HEAD / HTTP/1.1" 200 359 "http://66.33.221.139" "DreamHost SiteMonitor 1.0" 
107.20.105.74 - - [10/Oct/2023:06:36:40 -0700] "HEAD / HTTP/1.1" 301 186 "-" "DreamHost SiteMonitor 1.0" 
107.20.105.74 - - [10/Oct/2023:06:36:40 -0700] "HEAD / HTTP/1.1" 200 359 "http://66.33.221.139" "DreamHost SiteMonitor 1.0" 
52.167.144.171 - - [10/Oct/2023:06:41:01 -0700] "GET /self.logs/access.log.2020-06-24.gz HTTP/1.1" 200 10076 "-" "Mozilla/5.0 AppleWebKit/537.36 (KHTML, like Gecko; compatible; bingbot/2.0; +http://www.bing.com/bingbot.htm) Chrome/103.0.5060.134 Safari/537.36" 
107.20.105.74 - - [10/Oct/2023:06:46:40 -0700] "HEAD / HTTP/1.1" 301 186 "-" "DreamHost SiteMonitor 1.0" 
107.20.105.74 - - [10/Oct/2023:06:46:40 -0700] "HEAD / HTTP/1.1" 200 359 "http://66.33.221.139" "DreamHost SiteMonitor 1.0" 
138.246.3.118 - - [10/Oct/2023:06:55:15 -0700] "GET / HTTP/1.1" 200 13187 "-" "Mozilla/5.0 (Macintosh; Intel Mac OS X 10_15_7) AppleWebKit/605.1.15 (KHTML, like Gecko)" 
138.246.3.118 - - [10/Oct/2023:06:55:30 -0700] "GET /apple-touch-icon-precomposed.png HTTP/1.1" 404 328 "-" "Safari/19616.1.27.211.1 CFNetwork/1474.1 Darwin/23.0.0" 
138.246.3.118 - - [10/Oct/2023:06:55:30 -0700] "GET /apple-touch-icon.png HTTP/1.1" 404 305 "-" "Safari/19616.1.27.211.1 CFNetwork/1474.1 Darwin/23.0.0" 
138.246.3.118 - - [10/Oct/2023:06:55:30 -0700] "GET /bootstrap/img/favicon.ico HTTP/1.1" 200 690 "-" "Safari/19616.1.27.211.1 CFNetwork/1474.1 Darwin/23.0.0" 
138.246.3.118 - - [10/Oct/2023:06:55:31 -0700] "GET /apple-touch-icon-precomposed.png HTTP/1.1" 404 305 "-" "Safari/19616.1.27.211.1 CFNetwork/1474.1 Darwin/23.0.0" 
138.246.3.118 - - [10/Oct/2023:06:55:31 -0700] "GET / HTTP/1.1" 200 13187 "-" "Mozilla/5.0 (iPhone; CPU iPhone OS 17_0 like Mac OS X) AppleWebKit/605.1.15 (KHTML, like Gecko) Version/17.0 Mobile/15E148 Safari/604.1" 
138.246.3.118 - - [10/Oct/2023:06:55:31 -0700] "GET /apple-touch-icon.png HTTP/1.1" 404 305 "-" "Safari/19616.1.27.211.1 CFNetwork/1474.1 Darwin/23.0.0" 
37.9.13.54 - - [10/Oct/2023:06:56:20 -0700] "GET /style.php?sig=rename HTTP/1.1" 301 459 "-" "Mozilla/5.0 (X11; Linux x86_64) AppleWebKit/537.36 (KHTML, like Gecko) HeadlessChrome/88.0.4298.0 Safari/537.36" 
37.9.13.54 - - [10/Oct/2023:06:56:21 -0700] "GET /style.php?sig=rename HTTP/1.1" 429 420 "-" "Mozilla/5.0 (X11; Linux x86_64) AppleWebKit/537.36 (KHTML, like Gecko) HeadlessChrome/88.0.4298.0 Safari/537.36" 
107.20.105.74 - - [10/Oct/2023:06:56:40 -0700] "HEAD / HTTP/1.1" 301 186 "-" "DreamHost SiteMonitor 1.0" 
107.20.105.74 - - [10/Oct/2023:06:56:40 -0700] "HEAD / HTTP/1.1" 200 359 "http://66.33.221.139" "DreamHost SiteMonitor 1.0" 
70.40.218.93 - - [10/Oct/2023:07:02:04 -0700] "GET / HTTP/1.1" 301 419 "-" "-" 
70.40.218.93 - - [10/Oct/2023:07:02:05 -0700] "GET / HTTP/1.1" 200 49089 "-" "-" 
107.20.105.74 - - [10/Oct/2023:07:06:40 -0700] "HEAD / HTTP/1.1" 301 186 "-" "DreamHost SiteMonitor 1.0" 
107.20.105.74 - - [10/Oct/2023:07:06:40 -0700] "HEAD / HTTP/1.1" 200 359 "http://66.33.221.139" "DreamHost SiteMonitor 1.0" 
107.20.105.74 - - [10/Oct/2023:07:16:40 -0700] "HEAD / HTTP/1.1" 301 186 "-" "DreamHost SiteMonitor 1.0" 
107.20.105.74 - - [10/Oct/2023:07:16:40 -0700] "HEAD / HTTP/1.1" 200 359 "http://66.33.221.139" "DreamHost SiteMonitor 1.0" 
114.119.132.36 - - [10/Oct/2023:07:21:57 -0700] "GET /self.logs/error.log.2021-01-01 HTTP/1.1" 200 351 "http://www.secrepo.com/self.logs?C=N%3BO%3DD" "Mozilla/5.0 (Linux; Android 7.0;) AppleWebKit/537.36 (KHTML, like Gecko) Mobile Safari/537.36 (compatible; PetalBot;+https://webmaster.petalsearch.com/site/petalbot)" 
114.119.129.147 - - [10/Oct/2023:07:24:20 -0700] "GET /self.logs/error.log.2020-10-06 HTTP/1.1" 200 351 "http://www.secrepo.com/self.logs?C=N%3BO%3DD" "Mozilla/5.0 (Linux; Android 7.0;) AppleWebKit/537.36 (KHTML, like Gecko) Mobile Safari/537.36 (compatible; PetalBot;+https://webmaster.petalsearch.com/site/petalbot)" 
107.20.105.74 - - [10/Oct/2023:07:26:40 -0700] "HEAD / HTTP/1.1" 301 186 "-" "DreamHost SiteMonitor 1.0" 
107.20.105.74 - - [10/Oct/2023:07:26:40 -0700] "HEAD / HTTP/1.1" 200 359 "http://66.33.221.139" "DreamHost SiteMonitor 1.0" 
107.20.105.74 - - [10/Oct/2023:07:36:40 -0700] "HEAD / HTTP/1.1" 301 186 "-" "DreamHost SiteMonitor 1.0" 
107.20.105.74 - - [10/Oct/2023:07:36:40 -0700] "HEAD / HTTP/1.1" 200 359 "http://66.33.221.139" "DreamHost SiteMonitor 1.0" 
107.20.105.74 - - [10/Oct/2023:07:46:40 -0700] "HEAD / HTTP/1.1" 301 186 "-" "DreamHost SiteMonitor 1.0" 
107.20.105.74 - - [10/Oct/2023:07:46:40 -0700] "HEAD / HTTP/1.1" 200 359 "http://66.33.221.139" "DreamHost SiteMonitor 1.0" 
47.128.60.103 - - [10/Oct/2023:07:52:43 -0700] "GET /robots.txt HTTP/1.1" 301 458 "-" "Mozilla/5.0 (Linux; Android 5.0) AppleWebKit/537.36 (KHTML, like Gecko) Mobile Safari/537.36 (compatible; Bytespider; spider-feedback@bytedance.com)" 
47.128.60.103 - - [10/Oct/2023:07:52:44 -0700] "GET /robots.txt HTTP/1.1" 200 340 "-" "Mozilla/5.0 (Linux; Android 5.0) AppleWebKit/537.36 (KHTML, like Gecko) Mobile Safari/537.36 (compatible; Bytespider; spider-feedback@bytedance.com)" 
107.20.105.74 - - [10/Oct/2023:07:56:40 -0700] "HEAD / HTTP/1.1" 301 186 "-" "DreamHost SiteMonitor 1.0" 
107.20.105.74 - - [10/Oct/2023:07:56:40 -0700] "HEAD / HTTP/1.1" 200 359 "http://66.33.221.139" "DreamHost SiteMonitor 1.0" 
40.77.167.255 - - [10/Oct/2023:07:57:09 -0700] "GET /self.logs/access.log.2018-01-12.gz HTTP/1.1" 200 18891 "-" "Mozilla/5.0 AppleWebKit/537.36 (KHTML, like Gecko; compatible; bingbot/2.0; +http://www.bing.com/bingbot.htm) Chrome/103.0.5060.134 Safari/537.36" 
107.20.105.74 - - [10/Oct/2023:08:06:40 -0700] "HEAD / HTTP/1.1" 301 186 "-" "DreamHost SiteMonitor 1.0" 
107.20.105.74 - - [10/Oct/2023:08:06:40 -0700] "HEAD / HTTP/1.1" 200 359 "http://66.33.221.139" "DreamHost SiteMonitor 1.0" 
123.126.68.44 - - [10/Oct/2023:08:07:14 -0700] "GET / HTTP/1.1" 200 13150 "-" "Sogou web spider/4.0(+http://www.sogou.com/docs/help/webmasters.htm#07)" 
107.20.105.74 - - [10/Oct/2023:08:16:40 -0700] "HEAD / HTTP/1.1" 301 186 "-" "DreamHost SiteMonitor 1.0" 
107.20.105.74 - - [10/Oct/2023:08:16:40 -0700] "HEAD / HTTP/1.1" 200 359 "http://66.33.221.139" "DreamHost SiteMonitor 1.0" 
202.63.172.180 - - [10/Oct/2023:08:17:17 -0700] "GET /admin.php HTTP/1.1" 404 328 "-" "python-requests/2.31.0" 
114.119.153.137 - - [10/Oct/2023:08:20:37 -0700] "GET /self.logs/error.log.2020-11-11 HTTP/1.1" 200 351 "http://www.secrepo.com/self.logs?C=N%3BO%3DD" "Mozilla/5.0 (Linux; Android 7.0;) AppleWebKit/537.36 (KHTML, like Gecko) Mobile Safari/537.36 (compatible; PetalBot;+https://webmaster.petalsearch.com/site/petalbot)" 
192.99.37.133 - - [10/Oct/2023:08:21:57 -0700] "GET /robots.txt HTTP/1.1" 200 377 "-" "Mozilla/5.0 (compatible; MJ12bot/v1.4.8; http://mj12bot.com/)" 
192.99.37.133 - - [10/Oct/2023:08:21:59 -0700] "GET /self.logs/error.log.2023-07-19 HTTP/1.1" 200 273 "-" "Mozilla/5.0 (compatible; MJ12bot/v1.4.8; http://mj12bot.com/)" 
107.20.105.74 - - [10/Oct/2023:08:26:40 -0700] "HEAD / HTTP/1.1" 301 186 "-" "DreamHost SiteMonitor 1.0" 
107.20.105.74 - - [10/Oct/2023:08:26:40 -0700] "HEAD / HTTP/1.1" 200 359 "http://66.33.221.139" "DreamHost SiteMonitor 1.0" 
114.119.148.88 - - [10/Oct/2023:08:29:13 -0700] "GET /self.logs/error.log.2020-01-23 HTTP/1.1" 200 351 "http://www.secrepo.com/self.logs?C=N%3BO%3DD" "Mozilla/5.0 (Linux; Android 7.0;) AppleWebKit/537.36 (KHTML, like Gecko) Mobile Safari/537.36 (compatible; PetalBot;+https://webmaster.petalsearch.com/site/petalbot)" 
103.221.232.102 - - [10/Oct/2023:08:31:01 -0700] "GET /honeypot/Honeypot%20-%20Howto%20-%20BSides%20Austin.pdf HTTP/1.1" 200 2928571 "http://www.secrepo.com/" "Mozilla/5.0 (Windows NT 10.0; Win64; x64) AppleWebKit/537.36 (KHTML, like Gecko) Chrome/114.0.0.0 Safari/537.36 Vivaldi/5.3.2679.68" 
143.42.70.226 - - [10/Oct/2023:08:34:09 -0700] "GET / HTTP/1.1" 301 475 "-" "Mozilla/5.0 (Windows NT 10.0; Win64; x64) AppleWebKit/537.36 (KHTML, like Gecko) Chrome/78.0.3904.108 Safari/537.36" 
143.42.70.226 - - [10/Oct/2023:08:34:10 -0700] "GET / HTTP/1.1" 429 491 "-" "Mozilla/5.0 (Windows NT 10.0; Win64; x64) AppleWebKit/537.36 (KHTML, like Gecko) Chrome/78.0.3904.108 Safari/537.36" 
143.42.70.226 - - [10/Oct/2023:08:34:10 -0700] "GET //wp-includes/wlwmanifest.xml HTTP/1.1" 429 500 "-" "Mozilla/5.0 (Windows NT 10.0; Win64; x64) AppleWebKit/537.36 (KHTML, like Gecko) Chrome/78.0.3904.108 Safari/537.36" 
143.42.70.226 - - [10/Oct/2023:08:34:10 -0700] "GET //xmlrpc.php?rsd HTTP/1.1" 429 500 "-" "Mozilla/5.0 (Windows NT 10.0; Win64; x64) AppleWebKit/537.36 (KHTML, like Gecko) Chrome/78.0.3904.108 Safari/537.36" 
143.42.70.226 - - [10/Oct/2023:08:34:11 -0700] "GET / HTTP/1.1" 429 500 "-" "Mozilla/5.0 (Windows NT 10.0; Win64; x64) AppleWebKit/537.36 (KHTML, like Gecko) Chrome/78.0.3904.108 Safari/537.36" 
143.42.70.226 - - [10/Oct/2023:08:34:11 -0700] "GET //blog/wp-includes/wlwmanifest.xml HTTP/1.1" 429 500 "-" "Mozilla/5.0 (Windows NT 10.0; Win64; x64) AppleWebKit/537.36 (KHTML, like Gecko) Chrome/78.0.3904.108 Safari/537.36" 
143.42.70.226 - - [10/Oct/2023:08:34:11 -0700] "GET //web/wp-includes/wlwmanifest.xml HTTP/1.1" 429 500 "-" "Mozilla/5.0 (Windows NT 10.0; Win64; x64) AppleWebKit/537.36 (KHTML, like Gecko) Chrome/78.0.3904.108 Safari/537.36" 
143.42.70.226 - - [10/Oct/2023:08:34:11 -0700] "GET //wordpress/wp-includes/wlwmanifest.xml HTTP/1.1" 429 500 "-" "Mozilla/5.0 (Windows NT 10.0; Win64; x64) AppleWebKit/537.36 (KHTML, like Gecko) Chrome/78.0.3904.108 Safari/537.36" 
143.42.70.226 - - [10/Oct/2023:08:34:12 -0700] "GET //website/wp-includes/wlwmanifest.xml HTTP/1.1" 429 500 "-" "Mozilla/5.0 (Windows NT 10.0; Win64; x64) AppleWebKit/537.36 (KHTML, like Gecko) Chrome/78.0.3904.108 Safari/537.36" 
143.42.70.226 - - [10/Oct/2023:08:34:12 -0700] "GET //wp/wp-includes/wlwmanifest.xml HTTP/1.1" 429 500 "-" "Mozilla/5.0 (Windows NT 10.0; Win64; x64) AppleWebKit/537.36 (KHTML, like Gecko) Chrome/78.0.3904.108 Safari/537.36" 
143.42.70.226 - - [10/Oct/2023:08:34:12 -0700] "GET //news/wp-includes/wlwmanifest.xml HTTP/1.1" 429 500 "-" "Mozilla/5.0 (Windows NT 10.0; Win64; x64) AppleWebKit/537.36 (KHTML, like Gecko) Chrome/78.0.3904.108 Safari/537.36" 
143.42.70.226 - - [10/Oct/2023:08:34:13 -0700] "GET //2018/wp-includes/wlwmanifest.xml HTTP/1.1" 429 500 "-" "Mozilla/5.0 (Windows NT 10.0; Win64; x64) AppleWebKit/537.36 (KHTML, like Gecko) Chrome/78.0.3904.108 Safari/537.36" 
143.42.70.226 - - [10/Oct/2023:08:34:13 -0700] "GET //2019/wp-includes/wlwmanifest.xml HTTP/1.1" 429 500 "-" "Mozilla/5.0 (Windows NT 10.0; Win64; x64) AppleWebKit/537.36 (KHTML, like Gecko) Chrome/78.0.3904.108 Safari/537.36" 
143.42.70.226 - - [10/Oct/2023:08:34:13 -0700] "GET //shop/wp-includes/wlwmanifest.xml HTTP/1.1" 429 500 "-" "Mozilla/5.0 (Windows NT 10.0; Win64; x64) AppleWebKit/537.36 (KHTML, like Gecko) Chrome/78.0.3904.108 Safari/537.36" 
143.42.70.226 - - [10/Oct/2023:08:34:13 -0700] "GET //wp1/wp-includes/wlwmanifest.xml HTTP/1.1" 429 500 "-" "Mozilla/5.0 (Windows NT 10.0; Win64; x64) AppleWebKit/537.36 (KHTML, like Gecko) Chrome/78.0.3904.108 Safari/537.36" 
143.42.70.226 - - [10/Oct/2023:08:34:14 -0700] "GET //test/wp-includes/wlwmanifest.xml HTTP/1.1" 429 500 "-" "Mozilla/5.0 (Windows NT 10.0; Win64; x64) AppleWebKit/537.36 (KHTML, like Gecko) Chrome/78.0.3904.108 Safari/537.36" 
143.42.70.226 - - [10/Oct/2023:08:34:14 -0700] "GET //media/wp-includes/wlwmanifest.xml HTTP/1.1" 429 500 "-" "Mozilla/5.0 (Windows NT 10.0; Win64; x64) AppleWebKit/537.36 (KHTML, like Gecko) Chrome/78.0.3904.108 Safari/537.36" 
143.42.70.226 - - [10/Oct/2023:08:34:14 -0700] "GET //wp2/wp-includes/wlwmanifest.xml HTTP/1.1" 429 500 "-" "Mozilla/5.0 (Windows NT 10.0; Win64; x64) AppleWebKit/537.36 (KHTML, like Gecko) Chrome/78.0.3904.108 Safari/537.36" 
143.42.70.226 - - [10/Oct/2023:08:34:15 -0700] "GET //site/wp-includes/wlwmanifest.xml HTTP/1.1" 429 500 "-" "Mozilla/5.0 (Windows NT 10.0; Win64; x64) AppleWebKit/537.36 (KHTML, like Gecko) Chrome/78.0.3904.108 Safari/537.36" 
143.42.70.226 - - [10/Oct/2023:08:34:15 -0700] "GET //cms/wp-includes/wlwmanifest.xml HTTP/1.1" 429 500 "-" "Mozilla/5.0 (Windows NT 10.0; Win64; x64) AppleWebKit/537.36 (KHTML, like Gecko) Chrome/78.0.3904.108 Safari/537.36" 
143.42.70.226 - - [10/Oct/2023:08:34:15 -0700] "GET //sito/wp-includes/wlwmanifest.xml HTTP/1.1" 429 500 "-" "Mozilla/5.0 (Windows NT 10.0; Win64; x64) AppleWebKit/537.36 (KHTML, like Gecko) Chrome/78.0.3904.108 Safari/537.36" 
107.20.105.74 - - [10/Oct/2023:08:36:40 -0700] "HEAD / HTTP/1.1" 301 186 "-" "DreamHost SiteMonitor 1.0" 
107.20.105.74 - - [10/Oct/2023:08:36:40 -0700] "HEAD / HTTP/1.1" 200 359 "http://66.33.221.139" "DreamHost SiteMonitor 1.0" 
107.20.105.74 - - [10/Oct/2023:08:46:40 -0700] "HEAD / HTTP/1.1" 301 186 "-" "DreamHost SiteMonitor 1.0" 
107.20.105.74 - - [10/Oct/2023:08:46:40 -0700] "HEAD / HTTP/1.1" 200 359 "http://66.33.221.139" "DreamHost SiteMonitor 1.0" 
154.213.65.47 - - [10/Oct/2023:08:52:06 -0700] "GET /api.php?op=checkcode&code_len=4&font_size=20&width=130&height=50&font_color=&background= HTTP/1.1" 404 328 "-" "python-requests/2.24.0" 
107.20.105.74 - - [10/Oct/2023:08:56:40 -0700] "HEAD / HTTP/1.1" 301 186 "-" "DreamHost SiteMonitor 1.0" 
107.20.105.74 - - [10/Oct/2023:08:56:40 -0700] "HEAD / HTTP/1.1" 200 359 "http://66.33.221.139" "DreamHost SiteMonitor 1.0" 
38.174.115.226 - - [10/Oct/2023:08:58:08 -0700] "GET /include/ckeditor/plugins/smiley/images/angel_smile.gif HTTP/1.1" 404 328 "http://www.secrepo.com/include/ckeditor/plugins/smiley/images/angel_smile.gif" "Mozilla/5.0 (Windows NT 10.0; Win64; x64) AppleWebKit/537.36 (KHTML, like Gecko) Chrome/83.0.4103.61 Safari/537.36" 
