13.66.139.24 - - [09/Mar/2021:01:08:47 -0800] "GET /self.logs/access.log.2018-02-18.gz HTTP/1.1" 200 14917 "-" "Mozilla/5.0 (compatible; bingbot/2.0; +http://www.bing.com/bingbot.htm)" 
13.66.139.24 - - [09/Mar/2021:01:08:48 -0800] "GET /self.logs/access.log.2018-02-17.gz HTTP/1.1" 200 15192 "-" "Mozilla/5.0 (compatible; bingbot/2.0; +http://www.bing.com/bingbot.htm)" 
13.66.139.24 - - [09/Mar/2021:01:08:48 -0800] "GET /self.logs/access.log.2018-02-13.gz HTTP/1.1" 200 38162 "-" "Mozilla/5.0 (compatible; bingbot/2.0; +http://www.bing.com/bingbot.htm)" 
13.66.139.24 - - [09/Mar/2021:01:08:48 -0800] "GET /self.logs/access.log.2018-01-18.gz HTTP/1.1" 200 27062 "-" "Mozilla/5.0 (compatible; bingbot/2.0; +http://www.bing.com/bingbot.htm)" 
13.66.139.24 - - [09/Mar/2021:01:08:48 -0800] "GET /self.logs/access.log.2018-01-11.gz HTTP/1.1" 200 22135 "-" "Mozilla/5.0 (compatible; bingbot/2.0; +http://www.bing.com/bingbot.htm)" 
13.66.139.24 - - [09/Mar/2021:01:08:48 -0800] "GET /self.logs/access.log.2017-12-20.gz HTTP/1.1" 200 24839 "-" "Mozilla/5.0 (compatible; bingbot/2.0; +http://www.bing.com/bingbot.htm)" 
13.66.139.24 - - [09/Mar/2021:01:08:48 -0800] "GET /self.logs/access.log.2017-12-16.gz HTTP/1.1" 200 19610 "-" "Mozilla/5.0 (compatible; bingbot/2.0; +http://www.bing.com/bingbot.htm)" 
13.66.139.24 - - [09/Mar/2021:01:08:48 -0800] "GET /self.logs/access.log.2017-10-21.gz HTTP/1.1" 200 18407 "-" "Mozilla/5.0 (compatible; bingbot/2.0; +http://www.bing.com/bingbot.htm)" 
13.66.139.24 - - [09/Mar/2021:01:08:48 -0800] "GET /self.logs/access.log.2017-08-12.gz HTTP/1.1" 200 16749 "-" "Mozilla/5.0 (compatible; bingbot/2.0; +http://www.bing.com/bingbot.htm)" 
13.66.139.24 - - [09/Mar/2021:01:08:48 -0800] "GET /self.logs/access.log.2017-08-08.gz HTTP/1.1" 200 24051 "-" "Mozilla/5.0 (compatible; bingbot/2.0; +http://www.bing.com/bingbot.htm)" 
13.66.139.24 - - [09/Mar/2021:01:08:49 -0800] "GET /self.logs/access.log.2017-06-23.gz HTTP/1.1" 200 100544 "-" "Mozilla/5.0 (compatible; bingbot/2.0; +http://www.bing.com/bingbot.htm)" 
13.66.139.24 - - [09/Mar/2021:01:08:49 -0800] "GET /self.logs/access.log.2017-06-11.gz HTTP/1.1" 200 20312 "-" "Mozilla/5.0 (compatible; bingbot/2.0; +http://www.bing.com/bingbot.htm)" 
13.66.139.24 - - [09/Mar/2021:01:08:49 -0800] "GET /self.logs/access.log.2017-06-03.gz HTTP/1.1" 200 12904 "-" "Mozilla/5.0 (compatible; bingbot/2.0; +http://www.bing.com/bingbot.htm)" 
13.66.139.24 - - [09/Mar/2021:01:08:49 -0800] "GET /self.logs/access.log.2017-03-14.gz HTTP/1.1" 200 16527 "-" "Mozilla/5.0 (compatible; bingbot/2.0; +http://www.bing.com/bingbot.htm)" 
13.66.139.24 - - [09/Mar/2021:01:08:49 -0800] "GET /self.logs/access.log.2017-03-11.gz HTTP/1.1" 200 14774 "-" "Mozilla/5.0 (compatible; bingbot/2.0; +http://www.bing.com/bingbot.htm)" 
13.66.139.24 - - [09/Mar/2021:01:08:49 -0800] "GET /self.logs/access.log.2017-03-03.gz HTTP/1.1" 200 18266 "-" "Mozilla/5.0 (compatible; bingbot/2.0; +http://www.bing.com/bingbot.htm)" 
13.66.139.24 - - [09/Mar/2021:01:08:49 -0800] "GET /self.logs/access.log.2017-03-02.gz HTTP/1.1" 200 25350 "-" "Mozilla/5.0 (compatible; bingbot/2.0; +http://www.bing.com/bingbot.htm)" 
13.66.139.24 - - [09/Mar/2021:01:08:49 -0800] "GET /self.logs/access.log.2017-02-27.gz HTTP/1.1" 200 37785 "-" "Mozilla/5.0 (compatible; bingbot/2.0; +http://www.bing.com/bingbot.htm)" 
13.66.139.24 - - [09/Mar/2021:01:08:49 -0800] "GET /self.logs/access.log.2017-02-08.gz HTTP/1.1" 200 31276 "-" "Mozilla/5.0 (compatible; bingbot/2.0; +http://www.bing.com/bingbot.htm)" 
13.66.139.24 - - [09/Mar/2021:01:08:49 -0800] "GET /self.logs/access.log.2017-02-04.gz HTTP/1.1" 200 13279 "-" "Mozilla/5.0 (compatible; bingbot/2.0; +http://www.bing.com/bingbot.htm)" 
13.66.139.24 - - [09/Mar/2021:01:08:50 -0800] "GET /self.logs/access.log.2017-02-03.gz HTTP/1.1" 200 16305 "-" "Mozilla/5.0 (compatible; bingbot/2.0; +http://www.bing.com/bingbot.htm)" 
13.66.139.24 - - [09/Mar/2021:01:08:50 -0800] "GET /self.logs/access.log.2017-01-18.gz HTTP/1.1" 200 15345 "-" "Mozilla/5.0 (compatible; bingbot/2.0; +http://www.bing.com/bingbot.htm)" 
13.66.139.24 - - [09/Mar/2021:01:08:50 -0800] "GET /self.logs/access.log.2017-01-15.gz HTTP/1.1" 200 13723 "-" "Mozilla/5.0 (compatible; bingbot/2.0; +http://www.bing.com/bingbot.htm)" 
13.66.139.24 - - [09/Mar/2021:01:08:50 -0800] "GET /self.logs/access.log.2017-01-06.gz HTTP/1.1" 200 20600 "-" "Mozilla/5.0 (compatible; bingbot/2.0; +http://www.bing.com/bingbot.htm)" 
13.66.139.24 - - [09/Mar/2021:01:08:50 -0800] "GET /self.logs/access.log.2017-01-05.gz HTTP/1.1" 200 42687 "-" "Mozilla/5.0 (compatible; bingbot/2.0; +http://www.bing.com/bingbot.htm)" 
13.66.139.24 - - [09/Mar/2021:01:08:50 -0800] "GET /self.logs/error.log.2019-10-13 HTTP/1.1" 200 328 "-" "Mozilla/5.0 (compatible; bingbot/2.0; +http://www.bing.com/bingbot.htm)" 
13.66.139.24 - - [09/Mar/2021:01:08:50 -0800] "GET /self.logs/error.log.2018-06-10.gz HTTP/1.1" 200 8109 "-" "Mozilla/5.0 (compatible; bingbot/2.0; +http://www.bing.com/bingbot.htm)" 
13.66.139.24 - - [09/Mar/2021:01:08:50 -0800] "GET /self.logs/error.log.2018-04-10.gz HTTP/1.1" 200 7579 "-" "Mozilla/5.0 (compatible; bingbot/2.0; +http://www.bing.com/bingbot.htm)" 
13.66.139.24 - - [09/Mar/2021:01:08:50 -0800] "GET /self.logs/error.log.2018-03-24.gz HTTP/1.1" 200 8896 "-" "Mozilla/5.0 (compatible; bingbot/2.0; +http://www.bing.com/bingbot.htm)" 
13.66.139.24 - - [09/Mar/2021:01:08:50 -0800] "GET /self.logs/error.log.2018-03-01.gz HTTP/1.1" 200 3737 "-" "Mozilla/5.0 (compatible; bingbot/2.0; +http://www.bing.com/bingbot.htm)" 
114.119.157.43 - - [09/Mar/2021:01:09:03 -0800] "GET /self.logs/access.log.2019-10-15.gz HTTP/1.1" 200 19720 "-" "Mozilla/5.0 (Linux; Android 7.0;) AppleWebKit/537.36 (KHTML, like Gecko) Mobile Safari/537.36 (compatible; PetalBot;+https://aspiegel.com/petalbot)" 
54.36.148.21 - - [09/Mar/2021:01:09:06 -0800] "GET /self.logs/2016/error.log.2016-01-24.gz HTTP/1.1" 200 724 "-" "Mozilla/5.0 (compatible; AhrefsBot/7.0; +http://ahrefs.com/robot/)" 
18.224.182.151 - - [09/Mar/2021:01:09:08 -0800] "GET /self.logs/error.log.2020-11-14 HTTP/1.1" 200 307 "-" "Mozilla/5.0 (X11; Linux x86_64) AppleWebKit/537.36 (KHTML, like Gecko) Chrome/84.0.4147.135 Safari/537.36" 
13.66.139.24 - - [09/Mar/2021:01:09:18 -0800] "GET /self.logs/error.log.2017-09-30.gz HTTP/1.1" 200 2136 "-" "Mozilla/5.0 (compatible; bingbot/2.0; +http://www.bing.com/bingbot.htm)" 
13.66.139.24 - - [09/Mar/2021:01:09:18 -0800] "GET /self.logs/error.log.2017-09-09.gz HTTP/1.1" 200 1007 "-" "Mozilla/5.0 (compatible; bingbot/2.0; +http://www.bing.com/bingbot.htm)" 
13.66.139.24 - - [09/Mar/2021:01:09:18 -0800] "GET /self.logs/error.log.2017-08-07.gz HTTP/1.1" 200 927 "-" "Mozilla/5.0 (compatible; bingbot/2.0; +http://www.bing.com/bingbot.htm)" 
13.66.139.24 - - [09/Mar/2021:01:09:18 -0800] "GET /self.logs/error.log.2017-04-30.gz HTTP/1.1" 200 1254 "-" "Mozilla/5.0 (compatible; bingbot/2.0; +http://www.bing.com/bingbot.htm)" 
13.66.139.24 - - [09/Mar/2021:01:09:18 -0800] "GET /self.logs/error.log.2017-03-08.gz HTTP/1.1" 200 1833 "-" "Mozilla/5.0 (compatible; bingbot/2.0; +http://www.bing.com/bingbot.htm)" 
13.66.139.24 - - [09/Mar/2021:01:09:18 -0800] "GET /self.logs/error.log.2017-03-03.gz HTTP/1.1" 200 1036 "-" "Mozilla/5.0 (compatible; bingbot/2.0; +http://www.bing.com/bingbot.htm)" 
13.66.139.24 - - [09/Mar/2021:01:09:18 -0800] "GET /self.logs/error.log.2017-02-11.gz HTTP/1.1" 200 947 "-" "Mozilla/5.0 (compatible; bingbot/2.0; +http://www.bing.com/bingbot.htm)" 
13.66.139.24 - - [09/Mar/2021:01:09:18 -0800] "GET /self.logs/access.log.2020-12-11.gz HTTP/1.1" 200 18317 "-" "Mozilla/5.0 (compatible; bingbot/2.0; +http://www.bing.com/bingbot.htm)" 
13.66.139.24 - - [09/Mar/2021:01:09:18 -0800] "GET /self.logs/access.log.2020-11-13.gz HTTP/1.1" 200 13115 "-" "Mozilla/5.0 (compatible; bingbot/2.0; +http://www.bing.com/bingbot.htm)" 
13.66.139.24 - - [09/Mar/2021:01:09:19 -0800] "GET /self.logs/access.log.2020-11-01.gz HTTP/1.1" 200 16182 "-" "Mozilla/5.0 (compatible; bingbot/2.0; +http://www.bing.com/bingbot.htm)" 
13.66.139.24 - - [09/Mar/2021:01:09:19 -0800] "GET /self.logs/access.log.2020-09-28.gz HTTP/1.1" 200 31652 "-" "Mozilla/5.0 (compatible; bingbot/2.0; +http://www.bing.com/bingbot.htm)" 
13.66.139.24 - - [09/Mar/2021:01:09:19 -0800] "GET /self.logs/access.log.2020-09-23.gz HTTP/1.1" 200 14125 "-" "Mozilla/5.0 (compatible; bingbot/2.0; +http://www.bing.com/bingbot.htm)" 
13.66.139.24 - - [09/Mar/2021:01:09:19 -0800] "GET /self.logs/access.log.2020-09-16.gz HTTP/1.1" 200 16385 "-" "Mozilla/5.0 (compatible; bingbot/2.0; +http://www.bing.com/bingbot.htm)" 
13.66.139.24 - - [09/Mar/2021:01:09:19 -0800] "GET /self.logs/access.log.2020-09-01.gz HTTP/1.1" 200 44561 "-" "Mozilla/5.0 (compatible; bingbot/2.0; +http://www.bing.com/bingbot.htm)" 
13.66.139.24 - - [09/Mar/2021:01:09:19 -0800] "GET /self.logs/access.log.2020-08-28.gz HTTP/1.1" 200 14821 "-" "Mozilla/5.0 (compatible; bingbot/2.0; +http://www.bing.com/bingbot.htm)" 
13.66.139.24 - - [09/Mar/2021:01:09:19 -0800] "GET /self.logs/access.log.2020-08-23.gz HTTP/1.1" 200 14868 "-" "Mozilla/5.0 (compatible; bingbot/2.0; +http://www.bing.com/bingbot.htm)" 
13.66.139.24 - - [09/Mar/2021:01:09:19 -0800] "GET /self.logs/access.log.2020-08-10.gz HTTP/1.1" 200 11826 "-" "Mozilla/5.0 (compatible; bingbot/2.0; +http://www.bing.com/bingbot.htm)" 
13.66.139.24 - - [09/Mar/2021:01:09:19 -0800] "GET /self.logs/access.log.2020-07-28.gz HTTP/1.1" 200 31873 "-" "Mozilla/5.0 (compatible; bingbot/2.0; +http://www.bing.com/bingbot.htm)" 
18.224.182.151 - - [09/Mar/2021:01:09:38 -0800] "GET /self.logs/error.log.2020-11-15 HTTP/1.1" 200 307 "-" "Mozilla/5.0 (X11; Linux x86_64) AppleWebKit/537.36 (KHTML, like Gecko) Chrome/84.0.4147.135 Safari/537.36" 
54.36.149.65 - - [09/Mar/2021:01:11:11 -0800] "GET /self.logs/2016/error.log.2016-03-28.gz HTTP/1.1" 200 955 "-" "Mozilla/5.0 (compatible; AhrefsBot/7.0; +http://ahrefs.com/robot/)" 
54.36.148.89 - - [09/Mar/2021:01:13:17 -0800] "GET /self.logs/2016/error.log.2016-07-10.gz HTTP/1.1" 200 894 "-" "Mozilla/5.0 (compatible; AhrefsBot/7.0; +http://ahrefs.com/robot/)" 
114.119.159.40 - - [09/Mar/2021:01:14:03 -0800] "GET /self.logs/access.log.2018-10-22.gz HTTP/1.1" 200 23890 "-" "Mozilla/5.0 (Linux; Android 7.0;) AppleWebKit/537.36 (KHTML, like Gecko) Mobile Safari/537.36 (compatible; PetalBot;+https://aspiegel.com/petalbot)" 
3.16.91.63 - - [09/Mar/2021:01:15:20 -0800] "GET /self.logs/error.log.2020-11-16 HTTP/1.1" 200 307 "-" "Mozilla/5.0 (X11; Linux x86_64) AppleWebKit/537.36 (KHTML, like Gecko) Chrome/84.0.4147.135 Safari/537.36" 
54.36.148.253 - - [09/Mar/2021:01:15:24 -0800] "GET /self.logs/2016/error.log.2016-12-15.gz HTTP/1.1" 200 748 "-" "Mozilla/5.0 (compatible; AhrefsBot/7.0; +http://ahrefs.com/robot/)" 
3.16.91.63 - - [09/Mar/2021:01:15:50 -0800] "GET /self.logs/error.log.2020-11-17 HTTP/1.1" 200 307 "-" "Mozilla/5.0 (X11; Linux x86_64) AppleWebKit/537.36 (KHTML, like Gecko) Chrome/84.0.4147.135 Safari/537.36" 
3.16.91.63 - - [09/Mar/2021:01:16:20 -0800] "GET /self.logs/error.log.2020-11-18 HTTP/1.1" 200 307 "-" "Mozilla/5.0 (X11; Linux x86_64) AppleWebKit/537.36 (KHTML, like Gecko) Chrome/84.0.4147.135 Safari/537.36" 
3.16.91.63 - - [09/Mar/2021:01:16:50 -0800] "GET /self.logs/error.log.2020-11-19 HTTP/1.1" 200 307 "-" "Mozilla/5.0 (X11; Linux x86_64) AppleWebKit/537.36 (KHTML, like Gecko) Chrome/84.0.4147.135 Safari/537.36" 
3.16.91.63 - - [09/Mar/2021:01:17:20 -0800] "GET /self.logs/error.log.2020-11-20 HTTP/1.1" 200 307 "-" "Mozilla/5.0 (X11; Linux x86_64) AppleWebKit/537.36 (KHTML, like Gecko) Chrome/84.0.4147.135 Safari/537.36" 
54.36.148.21 - - [09/Mar/2021:01:17:28 -0800] "GET /self.logs/2016/error.log.2016-11-09.gz HTTP/1.1" 200 726 "-" "Mozilla/5.0 (compatible; AhrefsBot/7.0; +http://ahrefs.com/robot/)" 
3.16.91.63 - - [09/Mar/2021:01:17:50 -0800] "GET /self.logs/error.log.2020-11-21 HTTP/1.1" 200 307 "-" "Mozilla/5.0 (X11; Linux x86_64) AppleWebKit/537.36 (KHTML, like Gecko) Chrome/84.0.4147.135 Safari/537.36" 
3.16.91.63 - - [09/Mar/2021:01:18:20 -0800] "GET /self.logs/error.log.2020-11-22 HTTP/1.1" 200 307 "-" "Mozilla/5.0 (X11; Linux x86_64) AppleWebKit/537.36 (KHTML, like Gecko) Chrome/84.0.4147.135 Safari/537.36" 
3.16.91.63 - - [09/Mar/2021:01:18:50 -0800] "GET /self.logs/error.log.2020-11-23 HTTP/1.1" 200 307 "-" "Mozilla/5.0 (X11; Linux x86_64) AppleWebKit/537.36 (KHTML, like Gecko) Chrome/84.0.4147.135 Safari/537.36" 
114.119.141.53 - - [09/Mar/2021:01:19:04 -0800] "GET /self.logs/access.log.2019-02-19.gz HTTP/1.1" 200 23014 "-" "Mozilla/5.0 (Linux; Android 7.0;) AppleWebKit/537.36 (KHTML, like Gecko) Mobile Safari/537.36 (compatible; PetalBot;+https://aspiegel.com/petalbot)" 
3.16.91.63 - - [09/Mar/2021:01:19:20 -0800] "GET /self.logs/error.log.2020-11-24 HTTP/1.1" 200 4504 "-" "Mozilla/5.0 (X11; Linux x86_64) AppleWebKit/537.36 (KHTML, like Gecko) Chrome/84.0.4147.135 Safari/537.36" 
54.36.149.65 - - [09/Mar/2021:01:19:25 -0800] "GET /self.logs/2016/access.log.2016-07-04.gz HTTP/1.1" 200 10655 "-" "Mozilla/5.0 (compatible; AhrefsBot/7.0; +http://ahrefs.com/robot/)" 
3.16.91.63 - - [09/Mar/2021:01:19:50 -0800] "GET /self.logs/error.log.2020-11-25 HTTP/1.1" 200 307 "-" "Mozilla/5.0 (X11; Linux x86_64) AppleWebKit/537.36 (KHTML, like Gecko) Chrome/84.0.4147.135 Safari/537.36" 
54.36.149.65 - - [09/Mar/2021:01:21:26 -0800] "GET /self.logs/2016/access.log.2016-09-09.gz HTTP/1.1" 200 7072 "-" "Mozilla/5.0 (compatible; AhrefsBot/7.0; +http://ahrefs.com/robot/)" 
54.36.149.65 - - [09/Mar/2021:01:23:27 -0800] "GET /self.logs/2015/error.log.2015-01-17.gz HTTP/1.1" 200 1224 "-" "Mozilla/5.0 (compatible; AhrefsBot/7.0; +http://ahrefs.com/robot/)" 
114.119.144.30 - - [09/Mar/2021:01:24:04 -0800] "GET /self.logs/access.log.2017-04-02.gz HTTP/1.1" 200 22240 "-" "Mozilla/5.0 (Linux; Android 7.0;) AppleWebKit/537.36 (KHTML, like Gecko) Mobile Safari/537.36 (compatible; PetalBot;+https://aspiegel.com/petalbot)" 
94.191.139.84 - - [09/Mar/2021:01:25:06 -0800] "GET / HTTP/1.1" 200 12882 "-" "Mozilla/5.0 (Linux; Android 8.0.0; SM-G950F) AppleWebKit/537.36 (KHTML, like Gecko) Chrome/88.0.4324.152 Mobile Safari/537.36" 
94.191.139.84 - - [09/Mar/2021:01:25:06 -0800] "GET /css/style.css HTTP/1.1" 404 305 "http://www.secrepo.com/" "Mozilla/5.0 (Linux; Android 8.0.0; SM-G950F) AppleWebKit/537.36 (KHTML, like Gecko) Chrome/88.0.4324.152 Mobile Safari/537.36" 
94.191.139.84 - - [09/Mar/2021:01:25:06 -0800] "GET /twitter-icon.png HTTP/1.1" 200 27916 "http://www.secrepo.com/" "Mozilla/5.0 (Linux; Android 8.0.0; SM-G950F) AppleWebKit/537.36 (KHTML, like Gecko) Chrome/88.0.4324.152 Mobile Safari/537.36" 
94.191.139.84 - - [09/Mar/2021:01:25:07 -0800] "GET /GitHub-Mark.png HTTP/1.1" 200 7533 "http://www.secrepo.com/" "Mozilla/5.0 (Linux; Android 8.0.0; SM-G950F) AppleWebKit/537.36 (KHTML, like Gecko) Chrome/88.0.4324.152 Mobile Safari/537.36" 
3.134.87.28 - - [09/Mar/2021:01:25:07 -0800] "GET /self.logs/error.log.2020-11-27 HTTP/1.1" 200 4500 "-" "Mozilla/5.0 (X11; Linux x86_64) AppleWebKit/537.36 (KHTML, like Gecko) Chrome/84.0.4147.135 Safari/537.36" 
94.191.139.84 - - [09/Mar/2021:01:25:09 -0800] "GET /bootstrap/img/favicon.ico HTTP/1.1" 200 713 "http://www.secrepo.com/" "Mozilla/5.0 (Linux; Android 8.0.0; SM-G950F) AppleWebKit/537.36 (KHTML, like Gecko) Chrome/88.0.4324.152 Mobile Safari/537.36" 
54.36.148.21 - - [09/Mar/2021:01:25:29 -0800] "GET /self.logs/2016/access.log.2016-06-29.gz HTTP/1.1" 200 8673 "-" "Mozilla/5.0 (compatible; AhrefsBot/7.0; +http://ahrefs.com/robot/)" 
3.134.87.28 - - [09/Mar/2021:01:25:37 -0800] "GET /self.logs/error.log.2020-11-28 HTTP/1.1" 200 307 "-" "Mozilla/5.0 (X11; Linux x86_64) AppleWebKit/537.36 (KHTML, like Gecko) Chrome/84.0.4147.135 Safari/537.36" 
3.134.87.28 - - [09/Mar/2021:01:26:07 -0800] "GET /self.logs/error.log.2020-11-29 HTTP/1.1" 200 307 "-" "Mozilla/5.0 (X11; Linux x86_64) AppleWebKit/537.36 (KHTML, like Gecko) Chrome/84.0.4147.135 Safari/537.36" 
3.134.87.28 - - [09/Mar/2021:01:26:37 -0800] "GET /self.logs/error.log.2020-12-01 HTTP/1.1" 200 307 "-" "Mozilla/5.0 (X11; Linux x86_64) AppleWebKit/537.36 (KHTML, like Gecko) Chrome/84.0.4147.135 Safari/537.36" 
3.134.87.28 - - [09/Mar/2021:01:27:07 -0800] "GET /self.logs/error.log.2020-12-02 HTTP/1.1" 200 307 "-" "Mozilla/5.0 (X11; Linux x86_64) AppleWebKit/537.36 (KHTML, like Gecko) Chrome/84.0.4147.135 Safari/537.36" 
94.191.139.84 - - [09/Mar/2021:01:27:32 -0800] "GET / HTTP/1.1" 200 12882 "-" "Mozilla/5.0 (Linux; Android 8.0.0; SM-G950F) AppleWebKit/537.36 (KHTML, like Gecko) Chrome/88.0.4324.152 Mobile Safari/537.36" 
94.191.139.84 - - [09/Mar/2021:01:27:33 -0800] "GET /css/style.css HTTP/1.1" 404 305 "http://www.secrepo.com/" "Mozilla/5.0 (Linux; Android 8.0.0; SM-G950F) AppleWebKit/537.36 (KHTML, like Gecko) Chrome/88.0.4324.152 Mobile Safari/537.36" 
94.191.139.84 - - [09/Mar/2021:01:27:33 -0800] "GET /twitter-icon.png HTTP/1.1" 200 27916 "http://www.secrepo.com/" "Mozilla/5.0 (Linux; Android 8.0.0; SM-G950F) AppleWebKit/537.36 (KHTML, like Gecko) Chrome/88.0.4324.152 Mobile Safari/537.36" 
94.191.139.84 - - [09/Mar/2021:01:27:33 -0800] "GET /GitHub-Mark.png HTTP/1.1" 200 7556 "http://www.secrepo.com/" "Mozilla/5.0 (Linux; Android 8.0.0; SM-G950F) AppleWebKit/537.36 (KHTML, like Gecko) Chrome/88.0.4324.152 Mobile Safari/537.36" 
94.191.139.84 - - [09/Mar/2021:01:27:34 -0800] "GET /bootstrap/img/favicon.ico HTTP/1.1" 200 690 "http://www.secrepo.com/" "Mozilla/5.0 (Linux; Android 8.0.0; SM-G950F) AppleWebKit/537.36 (KHTML, like Gecko) Chrome/88.0.4324.152 Mobile Safari/537.36" 
3.134.87.28 - - [09/Mar/2021:01:27:37 -0800] "GET /self.logs/error.log.2020-12-03 HTTP/1.1" 200 307 "-" "Mozilla/5.0 (X11; Linux x86_64) AppleWebKit/537.36 (KHTML, like Gecko) Chrome/84.0.4147.135 Safari/537.36" 
54.36.148.21 - - [09/Mar/2021:01:27:44 -0800] "GET /self.logs/2015/error.log.2015-04-03.gz HTTP/1.1" 200 951 "-" "Mozilla/5.0 (compatible; AhrefsBot/7.0; +http://ahrefs.com/robot/)" 
94.191.139.84 - - [09/Mar/2021:01:27:49 -0800] "GET /self.logs/ HTTP/1.1" 200 28081 "http://www.secrepo.com/" "Mozilla/5.0 (Linux; Android 8.0.0; SM-G950F) AppleWebKit/537.36 (KHTML, like Gecko) Chrome/88.0.4324.152 Mobile Safari/537.36" 
94.191.139.84 - - [09/Mar/2021:01:27:50 -0800] "GET /favicon.ico HTTP/1.1" 200 368 "http://www.secrepo.com/self.logs/" "Mozilla/5.0 (Linux; Android 8.0.0; SM-G950F) AppleWebKit/537.36 (KHTML, like Gecko) Chrome/88.0.4324.152 Mobile Safari/537.36" 
3.134.87.28 - - [09/Mar/2021:01:28:07 -0800] "GET /self.logs/error.log.2020-12-04 HTTP/1.1" 200 307 "-" "Mozilla/5.0 (X11; Linux x86_64) AppleWebKit/537.36 (KHTML, like Gecko) Chrome/84.0.4147.135 Safari/537.36" 
3.134.87.28 - - [09/Mar/2021:01:28:37 -0800] "GET /self.logs/error.log.2020-12-05 HTTP/1.1" 200 307 "-" "Mozilla/5.0 (X11; Linux x86_64) AppleWebKit/537.36 (KHTML, like Gecko) Chrome/84.0.4147.135 Safari/537.36" 
114.119.157.43 - - [09/Mar/2021:01:29:05 -0800] "GET /self.logs/access.log.2017-04-25.gz HTTP/1.1" 200 30466 "-" "Mozilla/5.0 (Linux; Android 7.0;) AppleWebKit/537.36 (KHTML, like Gecko) Mobile Safari/537.36 (compatible; PetalBot;+https://aspiegel.com/petalbot)" 
3.134.87.28 - - [09/Mar/2021:01:29:07 -0800] "GET /self.logs/error.log.2020-12-06 HTTP/1.1" 200 307 "-" "Mozilla/5.0 (X11; Linux x86_64) AppleWebKit/537.36 (KHTML, like Gecko) Chrome/84.0.4147.135 Safari/537.36" 
3.134.87.28 - - [09/Mar/2021:01:29:37 -0800] "GET /self.logs/error.log.2020-12-10 HTTP/1.1" 200 307 "-" "Mozilla/5.0 (X11; Linux x86_64) AppleWebKit/537.36 (KHTML, like Gecko) Chrome/84.0.4147.135 Safari/537.36" 
54.36.148.229 - - [09/Mar/2021:01:29:52 -0800] "GET /self.logs/2016/access.log.2016-09-27.gz HTTP/1.1" 200 11807 "-" "Mozilla/5.0 (compatible; AhrefsBot/7.0; +http://ahrefs.com/robot/)" 
54.36.148.240 - - [09/Mar/2021:01:31:56 -0800] "GET /self.logs/2015/error.log.2015-02-22.gz HTTP/1.1" 200 4418 "-" "Mozilla/5.0 (compatible; AhrefsBot/7.0; +http://ahrefs.com/robot/)" 
94.191.139.84 - - [09/Mar/2021:01:29:53 -0800] "GET /maccdc2012/conn.log.gz HTTP/1.1" 200 185838240 "http://www.secrepo.com/" "Mozilla/5.0 (Linux; Android 8.0.0; SM-G950F) AppleWebKit/537.36 (KHTML, like Gecko) Chrome/88.0.4324.152 Mobile Safari/537.36" 
94.191.139.84 - - [09/Mar/2021:01:29:53 -0800] "GET /maccdc2012/conn.log.gz HTTP/1.1" 206 186184479 "http://www.secrepo.com/" "Mozilla/5.0 (Linux; Android 8.0.0; SM-G950F) AppleWebKit/537.36 (KHTML, like Gecko) Chrome/88.0.4324.152 Mobile Safari/537.36" 
94.191.139.84 - - [09/Mar/2021:01:29:53 -0800] "GET /maccdc2012/conn.log.gz HTTP/1.1" 206 183052926 "http://www.secrepo.com/" "Mozilla/5.0 (Linux; Android 8.0.0; SM-G950F) AppleWebKit/537.36 (KHTML, like Gecko) Chrome/88.0.4324.152 Mobile Safari/537.36" 
54.36.149.47 - - [09/Mar/2021:01:34:06 -0800] "GET /self.logs/2015/error.log.2015-04-12.gz HTTP/1.1" 200 961 "-" "Mozilla/5.0 (compatible; AhrefsBot/7.0; +http://ahrefs.com/robot/)" 
114.119.129.244 - - [09/Mar/2021:01:34:06 -0800] "GET /self.logs/access.log.2019-10-09.gz HTTP/1.1" 200 51652 "-" "Mozilla/5.0 (Linux; Android 7.0;) AppleWebKit/537.36 (KHTML, like Gecko) Mobile Safari/537.36 (compatible; PetalBot;+https://aspiegel.com/petalbot)" 
18.223.239.70 - - [09/Mar/2021:01:35:07 -0800] "GET /self.logs/error.log.2020-12-11 HTTP/1.1" 200 1338 "-" "Mozilla/5.0 (X11; Linux x86_64) AppleWebKit/537.36 (KHTML, like Gecko) Chrome/84.0.4147.135 Safari/537.36" 
18.223.239.70 - - [09/Mar/2021:01:35:36 -0800] "GET /self.logs/error.log.2020-12-12 HTTP/1.1" 200 307 "-" "Mozilla/5.0 (X11; Linux x86_64) AppleWebKit/537.36 (KHTML, like Gecko) Chrome/84.0.4147.135 Safari/537.36" 
18.223.239.70 - - [09/Mar/2021:01:36:06 -0800] "GET /self.logs/error.log.2020-12-13 HTTP/1.1" 200 307 "-" "Mozilla/5.0 (X11; Linux x86_64) AppleWebKit/537.36 (KHTML, like Gecko) Chrome/84.0.4147.135 Safari/537.36" 
54.36.149.65 - - [09/Mar/2021:01:36:13 -0800] "GET /self.logs/2016/error.log.2016-11-16.gz HTTP/1.1" 200 883 "-" "Mozilla/5.0 (compatible; AhrefsBot/7.0; +http://ahrefs.com/robot/)" 
18.223.239.70 - - [09/Mar/2021:01:36:36 -0800] "GET /self.logs/error.log.2020-12-14 HTTP/1.1" 200 307 "-" "Mozilla/5.0 (X11; Linux x86_64) AppleWebKit/537.36 (KHTML, like Gecko) Chrome/84.0.4147.135 Safari/537.36" 
18.223.239.70 - - [09/Mar/2021:01:37:06 -0800] "GET /self.logs/error.log.2020-12-15 HTTP/1.1" 200 307 "-" "Mozilla/5.0 (X11; Linux x86_64) AppleWebKit/537.36 (KHTML, like Gecko) Chrome/84.0.4147.135 Safari/537.36" 
18.223.239.70 - - [09/Mar/2021:01:37:36 -0800] "GET /self.logs/error.log.2020-12-16 HTTP/1.1" 200 307 "-" "Mozilla/5.0 (X11; Linux x86_64) AppleWebKit/537.36 (KHTML, like Gecko) Chrome/84.0.4147.135 Safari/537.36" 
18.223.239.70 - - [09/Mar/2021:01:38:06 -0800] "GET /self.logs/error.log.2020-12-17 HTTP/1.1" 200 307 "-" "Mozilla/5.0 (X11; Linux x86_64) AppleWebKit/537.36 (KHTML, like Gecko) Chrome/84.0.4147.135 Safari/537.36" 
54.36.148.113 - - [09/Mar/2021:01:38:17 -0800] "GET /self.logs/2015/access.log.2015-02-02.gz HTTP/1.1" 200 3370 "-" "Mozilla/5.0 (compatible; AhrefsBot/7.0; +http://ahrefs.com/robot/)" 
18.223.239.70 - - [09/Mar/2021:01:38:36 -0800] "GET /self.logs/error.log.2020-12-18 HTTP/1.1" 200 307 "-" "Mozilla/5.0 (X11; Linux x86_64) AppleWebKit/537.36 (KHTML, like Gecko) Chrome/84.0.4147.135 Safari/537.36" 
180.137.220.176 - - [09/Mar/2021:01:38:41 -0800] "GET /favicon.ico HTTP/1.1" 200 391 "-" "Mozilla/5.0 (Windows NT 10.0; WOW64) AppleWebKit/537.36 (KHTML, like Gecko) Chrome/78.0.3904.108 Safari/537.36" 
114.119.150.248 - - [09/Mar/2021:01:39:06 -0800] "GET /self.logs/access.log.2017-11-22.gz HTTP/1.1" 200 24280 "-" "Mozilla/5.0 (Linux; Android 7.0;) AppleWebKit/537.36 (KHTML, like Gecko) Mobile Safari/537.36 (compatible; PetalBot;+https://aspiegel.com/petalbot)" 
18.223.239.70 - - [09/Mar/2021:01:39:06 -0800] "GET /self.logs/error.log.2020-12-20 HTTP/1.1" 200 307 "-" "Mozilla/5.0 (X11; Linux x86_64) AppleWebKit/537.36 (KHTML, like Gecko) Chrome/84.0.4147.135 Safari/537.36" 
18.223.239.70 - - [09/Mar/2021:01:39:36 -0800] "GET /self.logs/error.log.2020-12-22 HTTP/1.1" 200 307 "-" "Mozilla/5.0 (X11; Linux x86_64) AppleWebKit/537.36 (KHTML, like Gecko) Chrome/84.0.4147.135 Safari/537.36" 
54.36.148.83 - - [09/Mar/2021:01:40:23 -0800] "GET /self.logs/2016/access.log.2016-10-12.gz HTTP/1.1" 200 12459 "-" "Mozilla/5.0 (compatible; AhrefsBot/7.0; +http://ahrefs.com/robot/)" 
54.36.148.21 - - [09/Mar/2021:01:42:23 -0800] "GET /self.logs/2015/error.log.2015-04-14.gz HTTP/1.1" 200 1721 "-" "Mozilla/5.0 (compatible; AhrefsBot/7.0; +http://ahrefs.com/robot/)" 
114.119.155.228 - - [09/Mar/2021:01:44:07 -0800] "GET /self.logs/access.log.2017-06-06.gz HTTP/1.1" 200 31716 "-" "Mozilla/5.0 (Linux; Android 7.0;) AppleWebKit/537.36 (KHTML, like Gecko) Mobile Safari/537.36 (compatible; PetalBot;+https://aspiegel.com/petalbot)" 
54.36.148.118 - - [09/Mar/2021:01:44:29 -0800] "GET /self.logs/2016/error.log.2016-10-18.gz HTTP/1.1" 200 827 "-" "Mozilla/5.0 (compatible; AhrefsBot/7.0; +http://ahrefs.com/robot/)" 
18.224.38.153 - - [09/Mar/2021:01:45:15 -0800] "GET /self.logs/error.log.2020-12-24 HTTP/1.1" 200 307 "-" "Mozilla/5.0 (X11; Linux x86_64) AppleWebKit/537.36 (KHTML, like Gecko) Chrome/84.0.4147.135 Safari/537.36" 
18.224.38.153 - - [09/Mar/2021:01:45:45 -0800] "GET /self.logs/error.log.2020-12-26 HTTP/1.1" 200 307 "-" "Mozilla/5.0 (X11; Linux x86_64) AppleWebKit/537.36 (KHTML, like Gecko) Chrome/84.0.4147.135 Safari/537.36" 
18.224.38.153 - - [09/Mar/2021:01:46:15 -0800] "GET /self.logs/error.log.2020-12-27 HTTP/1.1" 200 307 "-" "Mozilla/5.0 (X11; Linux x86_64) AppleWebKit/537.36 (KHTML, like Gecko) Chrome/84.0.4147.135 Safari/537.36" 
54.36.148.21 - - [09/Mar/2021:01:46:39 -0800] "GET /self.logs/2015/access.log.2015-02-03.gz HTTP/1.1" 200 5725 "-" "Mozilla/5.0 (compatible; AhrefsBot/7.0; +http://ahrefs.com/robot/)" 
18.224.38.153 - - [09/Mar/2021:01:46:45 -0800] "GET /self.logs/error.log.2020-12-28 HTTP/1.1" 200 307 "-" "Mozilla/5.0 (X11; Linux x86_64) AppleWebKit/537.36 (KHTML, like Gecko) Chrome/84.0.4147.135 Safari/537.36" 
18.224.38.153 - - [09/Mar/2021:01:47:15 -0800] "GET /self.logs/error.log.2020-12-29 HTTP/1.1" 200 307 "-" "Mozilla/5.0 (X11; Linux x86_64) AppleWebKit/537.36 (KHTML, like Gecko) Chrome/84.0.4147.135 Safari/537.36" 
18.224.38.153 - - [09/Mar/2021:01:47:45 -0800] "GET /self.logs/error.log.2020-12-30 HTTP/1.1" 200 307 "-" "Mozilla/5.0 (X11; Linux x86_64) AppleWebKit/537.36 (KHTML, like Gecko) Chrome/84.0.4147.135 Safari/537.36" 
18.224.38.153 - - [09/Mar/2021:01:48:15 -0800] "GET /self.logs/error.log.2020-12-31 HTTP/1.1" 200 307 "-" "Mozilla/5.0 (X11; Linux x86_64) AppleWebKit/537.36 (KHTML, like Gecko) Chrome/84.0.4147.135 Safari/537.36" 
54.36.148.133 - - [09/Mar/2021:01:48:44 -0800] "GET /self.logs/2016/access.log.2016-06-05.gz HTTP/1.1" 200 7901 "-" "Mozilla/5.0 (compatible; AhrefsBot/7.0; +http://ahrefs.com/robot/)" 
18.224.38.153 - - [09/Mar/2021:01:48:45 -0800] "GET /self.logs/error.log.2021-01-01 HTTP/1.1" 200 307 "-" "Mozilla/5.0 (X11; Linux x86_64) AppleWebKit/537.36 (KHTML, like Gecko) Chrome/84.0.4147.135 Safari/537.36" 
114.119.144.30 - - [09/Mar/2021:01:49:08 -0800] "GET /self.logs/error.log.2019-08-28.gz HTTP/1.1" 200 2816 "-" "Mozilla/5.0 (Linux; Android 7.0;) AppleWebKit/537.36 (KHTML, like Gecko) Mobile Safari/537.36 (compatible; PetalBot;+https://aspiegel.com/petalbot)" 
18.224.38.153 - - [09/Mar/2021:01:49:15 -0800] "GET /self.logs/error.log.2021-01-02 HTTP/1.1" 200 307 "-" "Mozilla/5.0 (X11; Linux x86_64) AppleWebKit/537.36 (KHTML, like Gecko) Chrome/84.0.4147.135 Safari/537.36" 
