54.236.52.90 - - [06/Apr/2021:15:55:57 -0700] "GET /Datasets%20Description/PE_malware/?C=S;O=D HTTP/1.1" 200 660 "-" "MauiBot (crawler.feedback+wc@gmail.com)" 
114.119.129.244 - - [06/Apr/2021:16:00:53 -0700] "GET /self.logs/access.log.2018-12-04.gz HTTP/1.1" 200 28876 "-" "Mozilla/5.0 (Linux; Android 7.0;) AppleWebKit/537.36 (KHTML, like Gecko) Mobile Safari/537.36 (compatible; PetalBot;+https://aspiegel.com/petalbot)" 
207.46.13.12 - - [06/Apr/2021:16:01:02 -0700] "GET /robots.txt HTTP/1.1" 301 495 "-" "Mozilla/5.0 (compatible; bingbot/2.0; +http://www.bing.com/bingbot.htm)" 
207.46.13.11 - - [06/Apr/2021:16:01:02 -0700] "GET /robots.txt HTTP/1.1" 200 377 "-" "Mozilla/5.0 (compatible; bingbot/2.0; +http://www.bing.com/bingbot.htm)" 
40.77.167.50 - - [06/Apr/2021:16:01:06 -0700] "GET /self.logs/access.log.2017-03-10.gz HTTP/1.1" 301 543 "-" "Mozilla/5.0 (compatible; bingbot/2.0; +http://www.bing.com/bingbot.htm)" 
54.36.149.34 - - [06/Apr/2021:16:02:30 -0700] "GET /robots.txt HTTP/1.1" 200 333 "-" "Mozilla/5.0 (compatible; AhrefsBot/7.0; +http://ahrefs.com/robot/)" 
85.208.98.51 - - [06/Apr/2021:16:04:49 -0700] "GET /robots.txt HTTP/1.1" 301 439 "-" "Mozilla/5.0 (compatible; SemrushBot-BM/1.0; +http://www.semrush.com/bot.html)" 
85.208.98.51 - - [06/Apr/2021:16:04:52 -0700] "GET /robots.txt HTTP/1.1" 200 333 "-" "Mozilla/5.0 (compatible; SemrushBot-BM/1.0; +http://www.semrush.com/bot.html)" 
114.119.155.228 - - [06/Apr/2021:16:07:15 -0700] "GET /maccdc2012/maccdc2012_fast_alert.7z HTTP/1.1" 200 9478260 "-" "Mozilla/5.0 (Linux; Android 7.0;) AppleWebKit/537.36 (KHTML, like Gecko) Mobile Safari/537.36 (compatible; PetalBot;+https://aspiegel.com/petalbot)" 
13.66.139.38 - - [06/Apr/2021:16:08:29 -0700] "GET /self.logs/?C=S;O=A HTTP/1.1" 200 33510 "-" "Mozilla/5.0 (compatible; bingbot/2.0; +http://www.bing.com/bingbot.htm)" 
111.202.101.156 - - [06/Apr/2021:16:09:55 -0700] "GET / HTTP/1.1" 200 12845 "-" "Sogou web spider/4.0(+http://www.sogou.com/docs/help/webmasters.htm#07)" 
114.119.155.228 - - [06/Apr/2021:16:13:48 -0700] "GET /self.logs/error.log.2019-05-10.gz HTTP/1.1" 200 6635 "-" "Mozilla/5.0 (Linux; Android 7.0;) AppleWebKit/537.36 (KHTML, like Gecko) Mobile Safari/537.36 (compatible; PetalBot;+https://aspiegel.com/petalbot)" 
111.202.100.91 - - [06/Apr/2021:16:13:57 -0700] "GET / HTTP/1.1" 200 12845 "-" "Sogou web spider/4.0(+http://www.sogou.com/docs/help/webmasters.htm#07)" 
66.102.9.70 - - [06/Apr/2021:16:14:01 -0700] "GET / HTTP/1.1" 301 475 "-" "Mozilla/5.0 (X11; Linux x86_64) AppleWebKit/537.36 (KHTML, like Gecko) Chrome/49.0.2623.75 Safari/537.36 Google Favicon" 
66.102.9.23 - - [06/Apr/2021:16:14:01 -0700] "GET / HTTP/1.1" 200 12882 "-" "Mozilla/5.0 (X11; Linux x86_64) AppleWebKit/537.36 (KHTML, like Gecko) Chrome/49.0.2623.75 Safari/537.36 Google Favicon" 
66.102.9.25 - - [06/Apr/2021:16:14:01 -0700] "GET /bootstrap/img/favicon.ico HTTP/1.1" 200 713 "-" "Mozilla/5.0 (X11; Linux x86_64) AppleWebKit/537.36 (KHTML, like Gecko) Chrome/49.0.2623.75 Safari/537.36 Google Favicon" 
114.119.159.40 - - [06/Apr/2021:16:19:27 -0700] "GET /self.logs/access.log.2020-07-23.gz HTTP/1.1" 200 27718 "-" "Mozilla/5.0 (Linux; Android 7.0;) AppleWebKit/537.36 (KHTML, like Gecko) Mobile Safari/537.36 (compatible; PetalBot;+https://aspiegel.com/petalbot)" 
23.240.198.4 - - [06/Apr/2021:16:19:48 -0700] "GET /.git/HEAD HTTP/1.1" 301 456 "-" "Python-urllib/3.8" 
23.240.198.4 - - [06/Apr/2021:16:19:53 -0700] "GET /.git/HEAD HTTP/1.1" 404 291 "-" "Python-urllib/3.8" 
13.66.139.10 - - [06/Apr/2021:16:22:48 -0700] "GET /Datasets%20Description/Network/?C=M;O=A HTTP/1.1" 200 769 "-" "Mozilla/5.0 (compatible; bingbot/2.0; +http://www.bing.com/bingbot.htm)" 
13.66.139.128 - - [06/Apr/2021:16:22:53 -0700] "GET / HTTP/1.1" 200 12882 "-" "Mozilla/5.0 (compatible; bingbot/2.0; +http://www.bing.com/bingbot.htm)" 
13.66.139.38 - - [06/Apr/2021:16:23:01 -0700] "GET /Datasets%20Description/HTML_Bro_log_2/?C=D;O=A HTTP/1.1" 200 832 "-" "Mozilla/5.0 (compatible; bingbot/2.0; +http://www.bing.com/bingbot.htm)" 
13.66.139.75 - - [06/Apr/2021:16:23:05 -0700] "GET /Datasets%20Description/HTML_Bro_log_2/?C=M;O=A HTTP/1.1" 200 832 "-" "Mozilla/5.0 (compatible; bingbot/2.0; +http://www.bing.com/bingbot.htm)" 
114.119.159.40 - - [06/Apr/2021:16:25:01 -0700] "GET /self.logs/2015/error.log.2015-08-24.gz HTTP/1.1" 200 992 "-" "Mozilla/5.0 (Linux; Android 7.0;) AppleWebKit/537.36 (KHTML, like Gecko) Mobile Safari/537.36 (compatible; PetalBot;+https://aspiegel.com/petalbot)" 
114.119.157.43 - - [06/Apr/2021:16:31:04 -0700] "GET /self.logs/2015/access.log.2015-06-17.gz HTTP/1.1" 200 5846 "-" "Mozilla/5.0 (Linux; Android 7.0;) AppleWebKit/537.36 (KHTML, like Gecko) Mobile Safari/537.36 (compatible; PetalBot;+https://aspiegel.com/petalbot)" 
194.113.235.231 - - [06/Apr/2021:16:31:53 -0700] "GET /wso.php HTTP/1.1" 301 452 "http://secrepo.com/wso.php" "Mozilla/4.0 (compatible; MSIE 6.0; Windows NT 5.1; SV1)" 
194.113.235.231 - - [06/Apr/2021:16:31:53 -0700] "GET /wso.php HTTP/1.1" 404 291 "http://www.secrepo.com/wso.php" "Mozilla/4.0 (compatible; MSIE 6.0; Windows NT 5.1; SV1)" 
114.119.155.228 - - [06/Apr/2021:16:36:57 -0700] "GET /self.logs/access.log.2017-04-24.gz HTTP/1.1" 200 17198 "-" "Mozilla/5.0 (Linux; Android 7.0;) AppleWebKit/537.36 (KHTML, like Gecko) Mobile Safari/537.36 (compatible; PetalBot;+https://aspiegel.com/petalbot)" 
114.119.155.228 - - [06/Apr/2021:16:43:06 -0700] "GET /self.logs/error.log.2017-12-07.gz HTTP/1.1" 200 3064 "-" "Mozilla/5.0 (Linux; Android 7.0;) AppleWebKit/537.36 (KHTML, like Gecko) Mobile Safari/537.36 (compatible; PetalBot;+https://aspiegel.com/petalbot)" 
216.244.66.245 - - [06/Apr/2021:16:43:23 -0700] "GET /robots.txt HTTP/1.1" 200 333 "-" "Mozilla/5.0 (compatible; DotBot/1.2; +https://opensiteexplorer.org/dotbot; help@moz.com)" 
114.119.150.248 - - [06/Apr/2021:16:48:57 -0700] "GET /self.logs/error.log.2019-05-07.gz HTTP/1.1" 200 5190 "-" "Mozilla/5.0 (Linux; Android 7.0;) AppleWebKit/537.36 (KHTML, like Gecko) Mobile Safari/537.36 (compatible; PetalBot;+https://aspiegel.com/petalbot)" 
216.244.66.245 - - [06/Apr/2021:16:49:49 -0700] "GET /maccdc2012/ssh.log.gz HTTP/1.1" 200 182523 "-" "Mozilla/5.0 (compatible; DotBot/1.2; +https://opensiteexplorer.org/dotbot; help@moz.com)" 
114.119.129.244 - - [06/Apr/2021:16:54:34 -0700] "GET /self.logs/access.log.2017-07-13.gz HTTP/1.1" 200 23192 "-" "Mozilla/5.0 (Linux; Android 7.0;) AppleWebKit/537.36 (KHTML, like Gecko) Mobile Safari/537.36 (compatible; PetalBot;+https://aspiegel.com/petalbot)" 
54.36.149.61 - - [06/Apr/2021:16:57:56 -0700] "GET /self.logs/error.log.2020-12-11 HTTP/1.1" 200 1338 "-" "Mozilla/5.0 (compatible; AhrefsBot/7.0; +http://ahrefs.com/robot/)" 
111.202.101.156 - - [06/Apr/2021:16:58:30 -0700] "GET / HTTP/1.1" 200 12846 "-" "Sogou web spider/4.0(+http://www.sogou.com/docs/help/webmasters.htm#07)" 
114.119.150.248 - - [06/Apr/2021:17:00:28 -0700] "GET /self.logs/access.log.2020-09-01.gz HTTP/1.1" 200 44584 "-" "Mozilla/5.0 (Linux; Android 7.0;) AppleWebKit/537.36 (KHTML, like Gecko) Mobile Safari/537.36 (compatible; PetalBot;+https://aspiegel.com/petalbot)" 
54.36.149.61 - - [06/Apr/2021:17:02:45 -0700] "GET /self.logs/2015/access.log.2015-11-16.gz HTTP/1.1" 200 5811 "-" "Mozilla/5.0 (compatible; AhrefsBot/7.0; +http://ahrefs.com/robot/)" 
114.119.159.40 - - [06/Apr/2021:17:04:50 -0700] "GET /self.logs/access.log.2018-12-06.gz HTTP/1.1" 200 23725 "-" "Mozilla/5.0 (Linux; Android 7.0;) AppleWebKit/537.36 (KHTML, like Gecko) Mobile Safari/537.36 (compatible; PetalBot;+https://aspiegel.com/petalbot)" 
54.36.148.255 - - [06/Apr/2021:17:07:41 -0700] "GET /self.logs/error.log.2020-12-12 HTTP/1.1" 200 307 "-" "Mozilla/5.0 (compatible; AhrefsBot/7.0; +http://ahrefs.com/robot/)" 
114.119.150.248 - - [06/Apr/2021:17:10:08 -0700] "GET /self.logs/2015/error.log.2015-08-19.gz HTTP/1.1" 200 866 "-" "Mozilla/5.0 (Linux; Android 7.0;) AppleWebKit/537.36 (KHTML, like Gecko) Mobile Safari/537.36 (compatible; PetalBot;+https://aspiegel.com/petalbot)" 
40.77.167.44 - - [06/Apr/2021:17:11:25 -0700] "GET /self.logs/error.log.2019-08-17.gz HTTP/1.1" 200 1473 "-" "Mozilla/5.0 (compatible; bingbot/2.0; +http://www.bing.com/bingbot.htm)" 
54.36.149.61 - - [06/Apr/2021:17:17:45 -0700] "GET /Datasets%20Description/?C=S;O=A HTTP/1.1" 200 633 "-" "Mozilla/5.0 (compatible; AhrefsBot/7.0; +http://ahrefs.com/robot/)" 
54.36.148.17 - - [06/Apr/2021:17:27:42 -0700] "GET /self.logs/access.log.2020-12-09.gz HTTP/1.1" 200 26571 "-" "Mozilla/5.0 (compatible; AhrefsBot/7.0; +http://ahrefs.com/robot/)" 
114.119.159.40 - - [06/Apr/2021:17:30:04 -0700] "GET /self.logs/access.log.2017-05-03.gz HTTP/1.1" 200 29055 "-" "Mozilla/5.0 (Linux; Android 7.0;) AppleWebKit/537.36 (KHTML, like Gecko) Mobile Safari/537.36 (compatible; PetalBot;+https://aspiegel.com/petalbot)" 
114.119.159.101 - - [06/Apr/2021:17:36:43 -0700] "GET /self.logs/access.log.2017-04-12.gz HTTP/1.1" 200 28175 "-" "Mozilla/5.0 (Linux; Android 7.0;) AppleWebKit/537.36 (KHTML, like Gecko) Mobile Safari/537.36 (compatible; PetalBot;+https://aspiegel.com/petalbot)" 
125.216.243.252 - - [06/Apr/2021:17:37:49 -0700] "GET / HTTP/1.1" 200 12883 "https://gitee.com/zhongguoxiang111/loghub" "Mozilla/5.0 (Windows NT 10.0; WOW64) AppleWebKit/537.36 (KHTML, like Gecko) Chrome/86.0.4240.198 Safari/537.36" 
125.216.243.252 - - [06/Apr/2021:17:37:49 -0700] "GET /css/style.css HTTP/1.1" 404 305 "http://www.secrepo.com/" "Mozilla/5.0 (Windows NT 10.0; WOW64) AppleWebKit/537.36 (KHTML, like Gecko) Chrome/86.0.4240.198 Safari/537.36" 
111.202.101.156 - - [06/Apr/2021:17:42:18 -0700] "GET / HTTP/1.1" 200 12846 "-" "Sogou web spider/4.0(+http://www.sogou.com/docs/help/webmasters.htm#07)" 
216.244.66.245 - - [06/Apr/2021:17:44:24 -0700] "GET /robots.txt HTTP/1.1" 200 333 "-" "Mozilla/5.0 (compatible; DotBot/1.2; +https://opensiteexplorer.org/dotbot; help@moz.com)" 
114.119.159.40 - - [06/Apr/2021:17:48:16 -0700] "GET /self.logs/2015/error.log.2015-05-23.gz HTTP/1.1" 200 847 "-" "Mozilla/5.0 (Linux; Android 7.0;) AppleWebKit/537.36 (KHTML, like Gecko) Mobile Safari/537.36 (compatible; PetalBot;+https://aspiegel.com/petalbot)" 
216.244.66.245 - - [06/Apr/2021:17:51:22 -0700] "GET /self.logs/2016/ HTTP/1.1" 200 70143 "-" "Mozilla/5.0 (compatible; DotBot/1.2; +https://opensiteexplorer.org/dotbot; help@moz.com)" 
114.119.129.244 - - [06/Apr/2021:17:54:44 -0700] "GET /self.logs/2016/access.log.2016-08-26.gz HTTP/1.1" 200 5999 "-" "Mozilla/5.0 (Linux; Android 7.0;) AppleWebKit/537.36 (KHTML, like Gecko) Mobile Safari/537.36 (compatible; PetalBot;+https://aspiegel.com/petalbot)" 
13.66.139.38 - - [06/Apr/2021:17:56:59 -0700] "GET /Datasets%20Description/Network/ftp.html HTTP/1.1" 200 1530 "-" "Mozilla/5.0 (compatible; bingbot/2.0; +http://www.bing.com/bingbot.htm)" 
114.119.141.53 - - [06/Apr/2021:18:01:18 -0700] "GET /self.logs/2016/access.log.2016-11-24.gz HTTP/1.1" 200 11469 "-" "Mozilla/5.0 (Linux; Android 7.0;) AppleWebKit/537.36 (KHTML, like Gecko) Mobile Safari/537.36 (compatible; PetalBot;+https://aspiegel.com/petalbot)" 
114.119.157.43 - - [06/Apr/2021:18:07:51 -0700] "GET /self.logs/error.log.2017-09-18.gz HTTP/1.1" 200 2185 "-" "Mozilla/5.0 (Linux; Android 7.0;) AppleWebKit/537.36 (KHTML, like Gecko) Mobile Safari/537.36 (compatible; PetalBot;+https://aspiegel.com/petalbot)" 
162.210.196.130 - - [06/Apr/2021:18:09:53 -0700] "GET /robots.txt HTTP/1.1" 200 377 "-" "Mozilla/5.0 (compatible; MJ12bot/v1.4.8; http://mj12bot.com/)" 
168.121.149.187 - - [06/Apr/2021:18:09:54 -0700] "GET /robots.txt HTTP/1.1" 200 377 "-" "Mozilla/5.0 (Windows NT 10.0; Win64; x64) AppleWebKit/537.36 (KHTML, like Gecko) Chrome/89.0.4389.114 Safari/537.36" 
168.121.149.187 - - [06/Apr/2021:18:09:54 -0700] "GET / HTTP/1.1" 200 12883 "-" "Mozilla/5.0 (Windows NT 10.0; Win64; x64) AppleWebKit/537.36 (KHTML, like Gecko) Chrome/89.0.4389.114 Safari/537.36" 
168.121.149.187 - - [06/Apr/2021:18:09:54 -0700] "GET /css/style.css HTTP/1.1" 404 305 "http://www.secrepo.com/" "Mozilla/5.0 (Windows NT 10.0; Win64; x64) AppleWebKit/537.36 (KHTML, like Gecko) Chrome/89.0.4389.114 Safari/537.36" 
168.121.149.187 - - [06/Apr/2021:18:09:54 -0700] "GET /twitter-icon.png HTTP/1.1" 200 27893 "http://www.secrepo.com/" "Mozilla/5.0 (Windows NT 10.0; Win64; x64) AppleWebKit/537.36 (KHTML, like Gecko) Chrome/89.0.4389.114 Safari/537.36" 
168.121.149.187 - - [06/Apr/2021:18:09:54 -0700] "GET /GitHub-Mark.png HTTP/1.1" 200 7533 "http://www.secrepo.com/" "Mozilla/5.0 (Windows NT 10.0; Win64; x64) AppleWebKit/537.36 (KHTML, like Gecko) Chrome/89.0.4389.114 Safari/537.36" 
168.121.149.187 - - [06/Apr/2021:18:09:55 -0700] "GET /bootstrap/img/favicon.ico HTTP/1.1" 200 690 "http://www.secrepo.com/" "Mozilla/5.0 (Windows NT 10.0; Win64; x64) AppleWebKit/537.36 (KHTML, like Gecko) Chrome/89.0.4389.114 Safari/537.36" 
162.210.196.130 - - [06/Apr/2021:18:09:56 -0700] "GET / HTTP/1.1" 200 12839 "-" "Mozilla/5.0 (compatible; MJ12bot/v1.4.8; http://mj12bot.com/)" 
114.119.159.101 - - [06/Apr/2021:18:14:20 -0700] "GET /self.logs/2015/error.log.2015-06-07.gz HTTP/1.1" 200 623 "-" "Mozilla/5.0 (Linux; Android 7.0;) AppleWebKit/537.36 (KHTML, like Gecko) Mobile Safari/537.36 (compatible; PetalBot;+https://aspiegel.com/petalbot)" 
114.119.129.244 - - [06/Apr/2021:18:20:40 -0700] "GET /self.logs/access.log.2018-11-09.gz HTTP/1.1" 200 17051 "-" "Mozilla/5.0 (Linux; Android 7.0;) AppleWebKit/537.36 (KHTML, like Gecko) Mobile Safari/537.36 (compatible; PetalBot;+https://aspiegel.com/petalbot)" 
13.66.139.38 - - [06/Apr/2021:18:26:02 -0700] "GET /self.logs/ HTTP/1.1" 200 28657 "-" "Mozilla/5.0 (compatible; bingbot/2.0; +http://www.bing.com/bingbot.htm)" 
114.119.144.30 - - [06/Apr/2021:18:26:59 -0700] "GET /self.logs/2016/error.log.2016-12-11.gz HTTP/1.1" 200 980 "-" "Mozilla/5.0 (Linux; Android 7.0;) AppleWebKit/537.36 (KHTML, like Gecko) Mobile Safari/537.36 (compatible; PetalBot;+https://aspiegel.com/petalbot)" 
40.77.167.34 - - [06/Apr/2021:18:32:22 -0700] "GET /maccdc2012/ssh.log.gz HTTP/1.1" 200 182567 "-" "Mozilla/5.0 (compatible; bingbot/2.0; +http://www.bing.com/bingbot.htm)" 
111.202.101.156 - - [06/Apr/2021:18:33:10 -0700] "GET / HTTP/1.1" 200 12846 "-" "Sogou web spider/4.0(+http://www.sogou.com/docs/help/webmasters.htm#07)" 
114.119.157.43 - - [06/Apr/2021:18:33:11 -0700] "GET /self.logs/access.log.2019-08-19.gz HTTP/1.1" 200 46696 "-" "Mozilla/5.0 (Linux; Android 7.0;) AppleWebKit/537.36 (KHTML, like Gecko) Mobile Safari/537.36 (compatible; PetalBot;+https://aspiegel.com/petalbot)" 
114.119.130.95 - - [06/Apr/2021:18:38:46 -0700] "GET /self.logs/access.log.2020-01-10.gz HTTP/1.1" 200 14524 "-" "Mozilla/5.0 (Linux; Android 7.0;) AppleWebKit/537.36 (KHTML, like Gecko) Mobile Safari/537.36 (compatible; PetalBot;+https://aspiegel.com/petalbot)" 
223.104.39.72 - - [06/Apr/2021:18:39:29 -0700] "GET / HTTP/1.1" 301 475 "-" "Mozilla/5.0 (Windows NT 10.0; WOW64) AppleWebKit/537.36 (KHTML, like Gecko) Chrome/86.0.4240.198 Safari/537.36" 
223.104.39.72 - - [06/Apr/2021:18:39:32 -0700] "GET / HTTP/1.1" 200 12883 "-" "Mozilla/5.0 (Windows NT 10.0; WOW64) AppleWebKit/537.36 (KHTML, like Gecko) Chrome/86.0.4240.198 Safari/537.36" 
223.104.39.72 - - [06/Apr/2021:18:39:33 -0700] "GET /css/style.css HTTP/1.1" 404 305 "http://www.secrepo.com/" "Mozilla/5.0 (Windows NT 10.0; WOW64) AppleWebKit/537.36 (KHTML, like Gecko) Chrome/86.0.4240.198 Safari/537.36" 
223.104.39.72 - - [06/Apr/2021:18:39:34 -0700] "GET /GitHub-Mark.png HTTP/1.1" 200 7556 "http://www.secrepo.com/" "Mozilla/5.0 (Windows NT 10.0; WOW64) AppleWebKit/537.36 (KHTML, like Gecko) Chrome/86.0.4240.198 Safari/537.36" 
223.104.39.72 - - [06/Apr/2021:18:39:34 -0700] "GET /twitter-icon.png HTTP/1.1" 200 27893 "http://www.secrepo.com/" "Mozilla/5.0 (Windows NT 10.0; WOW64) AppleWebKit/537.36 (KHTML, like Gecko) Chrome/86.0.4240.198 Safari/537.36" 
223.104.39.72 - - [06/Apr/2021:18:39:37 -0700] "GET /bootstrap/img/favicon.ico HTTP/1.1" 200 713 "http://www.secrepo.com/" "Mozilla/5.0 (Windows NT 10.0; WOW64) AppleWebKit/537.36 (KHTML, like Gecko) Chrome/86.0.4240.198 Safari/537.36" 
157.90.209.79 - - [06/Apr/2021:18:40:32 -0700] "GET /robots.txt HTTP/1.1" 301 495 "-" "Mozilla/5.0 (compatible; BLEXBot/1.0; +http://webmeup-crawler.com/)" 
157.90.209.79 - - [06/Apr/2021:18:40:33 -0700] "GET /robots.txt HTTP/1.1" 200 377 "-" "Mozilla/5.0 (compatible; BLEXBot/1.0; +http://webmeup-crawler.com/)" 
157.90.209.79 - - [06/Apr/2021:18:40:33 -0700] "GET /Datasets%20Description/ HTTP/1.1" 200 677 "-" "Mozilla/5.0 (compatible; BLEXBot/1.0; +http://webmeup-crawler.com/)" 
157.90.209.79 - - [06/Apr/2021:18:40:36 -0700] "GET /Datasets%20Description/HTML_Bro_log_1/?C=D;O=A HTTP/1.1" 200 834 "-" "Mozilla/5.0 (compatible; BLEXBot/1.0; +http://webmeup-crawler.com/)" 
157.90.209.79 - - [06/Apr/2021:18:40:39 -0700] "GET /Datasets%20Description/HTML_Bro_log_1/?C=M;O=A HTTP/1.1" 200 834 "-" "Mozilla/5.0 (compatible; BLEXBot/1.0; +http://webmeup-crawler.com/)" 
157.90.209.79 - - [06/Apr/2021:18:40:43 -0700] "GET /Datasets%20Description/HTML_Bro_log_1/?C=N;O=D HTTP/1.1" 200 833 "-" "Mozilla/5.0 (compatible; BLEXBot/1.0; +http://webmeup-crawler.com/)" 
157.90.209.79 - - [06/Apr/2021:18:40:47 -0700] "GET /Datasets%20Description/HTML_Bro_log_1/?C=S;O=A HTTP/1.1" 200 827 "-" "Mozilla/5.0 (compatible; BLEXBot/1.0; +http://webmeup-crawler.com/)" 
157.90.209.79 - - [06/Apr/2021:18:40:51 -0700] "GET /Datasets%20Description/HTML_Bro_log_1/app_stats.html HTTP/1.1" 200 1591 "-" "Mozilla/5.0 (compatible; BLEXBot/1.0; +http://webmeup-crawler.com/)" 
216.244.66.245 - - [06/Apr/2021:18:40:51 -0700] "GET /robots.txt HTTP/1.1" 200 333 "-" "Mozilla/5.0 (compatible; DotBot/1.2; +https://opensiteexplorer.org/dotbot; help@moz.com)" 
157.90.209.79 - - [06/Apr/2021:18:40:57 -0700] "GET /Datasets%20Description/HTML_Bro_log_1/conn.html HTTP/1.1" 200 2011 "-" "Mozilla/5.0 (compatible; BLEXBot/1.0; +http://webmeup-crawler.com/)" 
157.90.209.79 - - [06/Apr/2021:18:40:59 -0700] "GET /Datasets%20Description/HTML_Bro_log_1/dhcp.html HTTP/1.1" 200 1733 "-" "Mozilla/5.0 (compatible; BLEXBot/1.0; +http://webmeup-crawler.com/)" 
157.90.209.79 - - [06/Apr/2021:18:41:03 -0700] "GET /Datasets%20Description/HTML_Bro_log_1/dns.html HTTP/1.1" 200 1837 "-" "Mozilla/5.0 (compatible; BLEXBot/1.0; +http://webmeup-crawler.com/)" 
157.90.209.79 - - [06/Apr/2021:18:41:05 -0700] "GET /Datasets%20Description/HTML_Bro_log_1/dpd.html HTTP/1.1" 200 1664 "-" "Mozilla/5.0 (compatible; BLEXBot/1.0; +http://webmeup-crawler.com/)" 
157.90.209.79 - - [06/Apr/2021:18:41:08 -0700] "GET /Datasets%20Description/HTML_Bro_log_1/files.html HTTP/1.1" 200 1918 "-" "Mozilla/5.0 (compatible; BLEXBot/1.0; +http://webmeup-crawler.com/)" 
157.90.209.79 - - [06/Apr/2021:18:41:14 -0700] "GET /Datasets%20Description/HTML_Bro_log_1/ftp.html HTTP/1.1" 200 1765 "-" "Mozilla/5.0 (compatible; BLEXBot/1.0; +http://webmeup-crawler.com/)" 
157.90.209.79 - - [06/Apr/2021:18:41:16 -0700] "GET /Datasets%20Description/HTML_Bro_log_1/http.html HTTP/1.1" 200 2034 "-" "Mozilla/5.0 (compatible; BLEXBot/1.0; +http://webmeup-crawler.com/)" 
157.90.209.79 - - [06/Apr/2021:18:41:21 -0700] "GET /Datasets%20Description/HTML_Bro_log_1/irc.html HTTP/1.1" 200 1781 "-" "Mozilla/5.0 (compatible; BLEXBot/1.0; +http://webmeup-crawler.com/)" 
111.202.101.151 - - [06/Apr/2021:18:41:22 -0700] "GET / HTTP/1.1" 200 12846 "-" "Sogou web spider/4.0(+http://www.sogou.com/docs/help/webmasters.htm#07)" 
157.90.209.79 - - [06/Apr/2021:18:41:25 -0700] "GET /Datasets%20Description/HTML_Bro_log_1/loaded_scripts.html HTTP/1.1" 200 1543 "-" "Mozilla/5.0 (compatible; BLEXBot/1.0; +http://webmeup-crawler.com/)" 
157.90.209.79 - - [06/Apr/2021:18:41:28 -0700] "GET /Datasets%20Description/HTML_Bro_log_1/notice.html HTTP/1.1" 200 2001 "-" "Mozilla/5.0 (compatible; BLEXBot/1.0; +http://webmeup-crawler.com/)" 
157.90.209.79 - - [06/Apr/2021:18:41:32 -0700] "GET /Datasets%20Description/HTML_Bro_log_1/packet_filter.html HTTP/1.1" 200 1725 "-" "Mozilla/5.0 (compatible; BLEXBot/1.0; +http://webmeup-crawler.com/)" 
157.90.209.79 - - [06/Apr/2021:18:41:34 -0700] "GET /Datasets%20Description/HTML_Bro_log_1/ssl.html HTTP/1.1" 200 1860 "-" "Mozilla/5.0 (compatible; BLEXBot/1.0; +http://webmeup-crawler.com/)" 
157.90.209.79 - - [06/Apr/2021:18:41:39 -0700] "GET /Datasets%20Description/HTML_Bro_log_1/weird.html HTTP/1.1" 200 1937 "-" "Mozilla/5.0 (compatible; BLEXBot/1.0; +http://webmeup-crawler.com/)" 
157.90.209.79 - - [06/Apr/2021:18:41:43 -0700] "GET /Datasets%20Description/HTML_Bro_log_2/?C=D;O=A HTTP/1.1" 200 832 "-" "Mozilla/5.0 (compatible; BLEXBot/1.0; +http://webmeup-crawler.com/)" 
157.90.209.79 - - [06/Apr/2021:18:41:48 -0700] "GET /Datasets%20Description/HTML_Bro_log_2/?C=M;O=A HTTP/1.1" 200 832 "-" "Mozilla/5.0 (compatible; BLEXBot/1.0; +http://webmeup-crawler.com/)" 
157.90.209.79 - - [06/Apr/2021:18:41:51 -0700] "GET /Datasets%20Description/HTML_Bro_log_2/?C=N;O=D HTTP/1.1" 200 832 "-" "Mozilla/5.0 (compatible; BLEXBot/1.0; +http://webmeup-crawler.com/)" 
157.90.209.79 - - [06/Apr/2021:18:41:55 -0700] "GET /Datasets%20Description/HTML_Bro_log_2/?C=S;O=A HTTP/1.1" 200 824 "-" "Mozilla/5.0 (compatible; BLEXBot/1.0; +http://webmeup-crawler.com/)" 
157.90.209.79 - - [06/Apr/2021:18:42:00 -0700] "GET /Datasets%20Description/HTML_Bro_log_2/app_stats.html HTTP/1.1" 200 1590 "-" "Mozilla/5.0 (compatible; BLEXBot/1.0; +http://webmeup-crawler.com/)" 
157.90.209.79 - - [06/Apr/2021:18:42:04 -0700] "GET /Datasets%20Description/HTML_Bro_log_2/conn.html HTTP/1.1" 200 2006 "-" "Mozilla/5.0 (compatible; BLEXBot/1.0; +http://webmeup-crawler.com/)" 
157.90.209.79 - - [06/Apr/2021:18:42:08 -0700] "GET /Datasets%20Description/HTML_Bro_log_2/dhcp.html HTTP/1.1" 200 1737 "-" "Mozilla/5.0 (compatible; BLEXBot/1.0; +http://webmeup-crawler.com/)" 
157.90.209.79 - - [06/Apr/2021:18:42:11 -0700] "GET /Datasets%20Description/HTML_Bro_log_2/dns.html HTTP/1.1" 200 1831 "-" "Mozilla/5.0 (compatible; BLEXBot/1.0; +http://webmeup-crawler.com/)" 
157.90.209.79 - - [06/Apr/2021:18:42:15 -0700] "GET /Datasets%20Description/HTML_Bro_log_2/dpd.html HTTP/1.1" 200 1655 "-" "Mozilla/5.0 (compatible; BLEXBot/1.0; +http://webmeup-crawler.com/)" 
157.90.209.79 - - [06/Apr/2021:18:42:20 -0700] "GET /Datasets%20Description/HTML_Bro_log_2/files.html HTTP/1.1" 200 1910 "-" "Mozilla/5.0 (compatible; BLEXBot/1.0; +http://webmeup-crawler.com/)" 
157.90.209.79 - - [06/Apr/2021:18:42:23 -0700] "GET /Datasets%20Description/HTML_Bro_log_2/ftp.html HTTP/1.1" 200 1738 "-" "Mozilla/5.0 (compatible; BLEXBot/1.0; +http://webmeup-crawler.com/)" 
157.90.209.79 - - [06/Apr/2021:18:42:28 -0700] "GET /Datasets%20Description/HTML_Bro_log_2/http.html HTTP/1.1" 200 2032 "-" "Mozilla/5.0 (compatible; BLEXBot/1.0; +http://webmeup-crawler.com/)" 
157.90.209.79 - - [06/Apr/2021:18:42:33 -0700] "GET /Datasets%20Description/HTML_Bro_log_2/irc.html HTTP/1.1" 200 1771 "-" "Mozilla/5.0 (compatible; BLEXBot/1.0; +http://webmeup-crawler.com/)" 
157.90.209.79 - - [06/Apr/2021:18:42:37 -0700] "GET /Datasets%20Description/HTML_Bro_log_2/loaded_scripts.html HTTP/1.1" 200 1543 "-" "Mozilla/5.0 (compatible; BLEXBot/1.0; +http://webmeup-crawler.com/)" 
157.90.209.79 - - [06/Apr/2021:18:42:47 -0700] "GET /Datasets%20Description/HTML_Bro_log_2/notice.html HTTP/1.1" 200 2006 "-" "Mozilla/5.0 (compatible; BLEXBot/1.0; +http://webmeup-crawler.com/)" 
157.90.209.79 - - [06/Apr/2021:18:42:51 -0700] "GET /Datasets%20Description/HTML_Bro_log_2/packet_filter.html HTTP/1.1" 200 1725 "-" "Mozilla/5.0 (compatible; BLEXBot/1.0; +http://webmeup-crawler.com/)" 
157.90.209.79 - - [06/Apr/2021:18:42:56 -0700] "GET /Datasets%20Description/HTML_Bro_log_2/ssl.html HTTP/1.1" 200 1860 "-" "Mozilla/5.0 (compatible; BLEXBot/1.0; +http://webmeup-crawler.com/)" 
157.90.209.79 - - [06/Apr/2021:18:43:01 -0700] "GET /Datasets%20Description/HTML_Bro_log_2/weird.html HTTP/1.1" 200 1935 "-" "Mozilla/5.0 (compatible; BLEXBot/1.0; +http://webmeup-crawler.com/)" 
157.90.209.79 - - [06/Apr/2021:18:43:04 -0700] "GET /Datasets%20Description/HTML_Bro_log_3/?C=D;O=A HTTP/1.1" 200 823 "-" "Mozilla/5.0 (compatible; BLEXBot/1.0; +http://webmeup-crawler.com/)" 
157.90.209.79 - - [06/Apr/2021:18:43:11 -0700] "GET /Datasets%20Description/HTML_Bro_log_3/?C=M;O=A HTTP/1.1" 200 823 "-" "Mozilla/5.0 (compatible; BLEXBot/1.0; +http://webmeup-crawler.com/)" 
157.90.209.79 - - [06/Apr/2021:18:43:16 -0700] "GET /Datasets%20Description/HTML_Bro_log_3/?C=N;O=D HTTP/1.1" 200 822 "-" "Mozilla/5.0 (compatible; BLEXBot/1.0; +http://webmeup-crawler.com/)" 
157.90.209.79 - - [06/Apr/2021:18:43:20 -0700] "GET /Datasets%20Description/HTML_Bro_log_3/?C=S;O=A HTTP/1.1" 200 818 "-" "Mozilla/5.0 (compatible; BLEXBot/1.0; +http://webmeup-crawler.com/)" 
157.90.209.79 - - [06/Apr/2021:18:43:23 -0700] "GET /Datasets%20Description/HTML_Bro_log_3/app_stats.html HTTP/1.1" 200 1591 "-" "Mozilla/5.0 (compatible; BLEXBot/1.0; +http://webmeup-crawler.com/)" 
157.90.209.79 - - [06/Apr/2021:18:43:25 -0700] "GET /Datasets%20Description/HTML_Bro_log_3/conn.html HTTP/1.1" 200 2009 "-" "Mozilla/5.0 (compatible; BLEXBot/1.0; +http://webmeup-crawler.com/)" 
157.90.209.79 - - [06/Apr/2021:18:43:28 -0700] "GET /Datasets%20Description/HTML_Bro_log_3/dhcp.html HTTP/1.1" 200 1740 "-" "Mozilla/5.0 (compatible; BLEXBot/1.0; +http://webmeup-crawler.com/)" 
157.90.209.79 - - [06/Apr/2021:18:43:30 -0700] "GET /Datasets%20Description/HTML_Bro_log_3/dns.html HTTP/1.1" 200 1830 "-" "Mozilla/5.0 (compatible; BLEXBot/1.0; +http://webmeup-crawler.com/)" 
157.90.209.79 - - [06/Apr/2021:18:43:33 -0700] "GET /Datasets%20Description/HTML_Bro_log_3/dpd.html HTTP/1.1" 200 1662 "-" "Mozilla/5.0 (compatible; BLEXBot/1.0; +http://webmeup-crawler.com/)" 
157.90.209.79 - - [06/Apr/2021:18:43:36 -0700] "GET /Datasets%20Description/HTML_Bro_log_3/files.html HTTP/1.1" 200 1910 "-" "Mozilla/5.0 (compatible; BLEXBot/1.0; +http://webmeup-crawler.com/)" 
157.90.209.79 - - [06/Apr/2021:18:43:39 -0700] "GET /Datasets%20Description/HTML_Bro_log_3/http.html HTTP/1.1" 200 2035 "-" "Mozilla/5.0 (compatible; BLEXBot/1.0; +http://webmeup-crawler.com/)" 
157.90.209.79 - - [06/Apr/2021:18:43:41 -0700] "GET /Datasets%20Description/HTML_Bro_log_3/irc.html HTTP/1.1" 200 1784 "-" "Mozilla/5.0 (compatible; BLEXBot/1.0; +http://webmeup-crawler.com/)" 
157.90.209.79 - - [06/Apr/2021:18:43:47 -0700] "GET /Datasets%20Description/HTML_Bro_log_3/notice.html HTTP/1.1" 200 2002 "-" "Mozilla/5.0 (compatible; BLEXBot/1.0; +http://webmeup-crawler.com/)" 
157.90.209.79 - - [06/Apr/2021:18:43:51 -0700] "GET /Datasets%20Description/HTML_Bro_log_3/packet_filter.html HTTP/1.1" 200 1725 "-" "Mozilla/5.0 (compatible; BLEXBot/1.0; +http://webmeup-crawler.com/)" 
157.90.209.79 - - [06/Apr/2021:18:43:55 -0700] "GET /Datasets%20Description/HTML_Bro_log_3/ssl.html HTTP/1.1" 200 1874 "-" "Mozilla/5.0 (compatible; BLEXBot/1.0; +http://webmeup-crawler.com/)" 
157.90.209.79 - - [06/Apr/2021:18:43:58 -0700] "GET /Datasets%20Description/HTML_Bro_log_3/weird.html HTTP/1.1" 200 1931 "-" "Mozilla/5.0 (compatible; BLEXBot/1.0; +http://webmeup-crawler.com/)" 
157.90.209.79 - - [06/Apr/2021:18:44:00 -0700] "GET /Datasets%20Description/Network/N/A HTTP/1.1" 404 328 "-" "Mozilla/5.0 (compatible; BLEXBot/1.0; +http://webmeup-crawler.com/)" 
157.90.209.79 - - [06/Apr/2021:18:44:07 -0700] "GET /Datasets%20Description/Network/signatures.html HTTP/1.1" 404 328 "-" "Mozilla/5.0 (compatible; BLEXBot/1.0; +http://webmeup-crawler.com/)" 
114.119.150.248 - - [06/Apr/2021:18:44:10 -0700] "GET /self.logs/access.log.2017-01-13.gz HTTP/1.1" 200 16704 "-" "Mozilla/5.0 (Linux; Android 7.0;) AppleWebKit/537.36 (KHTML, like Gecko) Mobile Safari/537.36 (compatible; PetalBot;+https://aspiegel.com/petalbot)" 
157.90.209.79 - - [06/Apr/2021:18:44:12 -0700] "GET /data HTTP/1.1" 404 328 "-" "Mozilla/5.0 (compatible; BLEXBot/1.0; +http://webmeup-crawler.com/)" 
157.90.209.79 - - [06/Apr/2021:18:44:17 -0700] "GET /self.logs/2015/ HTTP/1.1" 200 7621 "-" "Mozilla/5.0 (compatible; BLEXBot/1.0; +http://webmeup-crawler.com/)" 
157.90.209.79 - - [06/Apr/2021:18:44:28 -0700] "GET /self.logs/2016/ HTTP/1.1" 200 7860 "-" "Mozilla/5.0 (compatible; BLEXBot/1.0; +http://webmeup-crawler.com/)" 
157.90.209.79 - - [06/Apr/2021:18:44:36 -0700] "GET /self.logs/?C=D;O=A HTTP/1.1" 200 28657 "-" "Mozilla/5.0 (compatible; BLEXBot/1.0; +http://webmeup-crawler.com/)" 
157.90.209.79 - - [06/Apr/2021:18:44:42 -0700] "GET /self.logs/?C=M;O=A HTTP/1.1" 200 29749 "-" "Mozilla/5.0 (compatible; BLEXBot/1.0; +http://webmeup-crawler.com/)" 
157.90.209.79 - - [06/Apr/2021:18:44:51 -0700] "GET /self.logs/?C=N;O=D HTTP/1.1" 200 29363 "-" "Mozilla/5.0 (compatible; BLEXBot/1.0; +http://webmeup-crawler.com/)" 
157.90.209.79 - - [06/Apr/2021:18:44:56 -0700] "GET /self.logs/?C=S;O=A HTTP/1.1" 200 33510 "-" "Mozilla/5.0 (compatible; BLEXBot/1.0; +http://webmeup-crawler.com/)" 
123.183.224.116 - - [06/Apr/2021:18:47:25 -0700] "GET / HTTP/1.1" 301 438 "-" "Sogou web spider/4.0(+http://www.sogou.com/docs/help/webmasters.htm#07)" 
216.244.66.245 - - [06/Apr/2021:18:48:54 -0700] "GET /maccdc2012/files.log.gz HTTP/1.1" 200 2324320 "-" "Mozilla/5.0 (compatible; DotBot/1.2; +https://opensiteexplorer.org/dotbot; help@moz.com)" 
216.244.66.245 - - [06/Apr/2021:18:49:26 -0700] "GET /self.logs/error.log.2020-03-23 HTTP/1.1" 200 307 "-" "Mozilla/5.0 (compatible; DotBot/1.2; +https://opensiteexplorer.org/dotbot; help@moz.com)" 
114.119.159.40 - - [06/Apr/2021:18:50:15 -0700] "GET /self.logs/2015/error.log.2015-05-30.gz HTTP/1.1" 200 653 "-" "Mozilla/5.0 (Linux; Android 7.0;) AppleWebKit/537.36 (KHTML, like Gecko) Mobile Safari/537.36 (compatible; PetalBot;+https://aspiegel.com/petalbot)" 
111.202.101.151 - - [06/Apr/2021:18:51:37 -0700] "GET / HTTP/1.1" 200 12846 "-" "Sogou web spider/4.0(+http://www.sogou.com/docs/help/webmasters.htm#07)" 
216.244.66.245 - - [06/Apr/2021:18:51:43 -0700] "GET /self.logs/2016/?C=S;O=D HTTP/1.1" 200 70143 "-" "Mozilla/5.0 (compatible; DotBot/1.2; +https://opensiteexplorer.org/dotbot; help@moz.com)" 
185.191.171.5 - - [06/Apr/2021:18:53:19 -0700] "GET /robots.txt HTTP/1.1" 200 340 "-" "Mozilla/5.0 (compatible; SemrushBot/7~bl; +http://www.semrush.com/bot.html)" 
185.191.171.8 - - [06/Apr/2021:18:53:19 -0700] "GET /self.logs/error.log.2020-01-31 HTTP/1.1" 200 314 "-" "Mozilla/5.0 (compatible; SemrushBot/7~bl; +http://www.semrush.com/bot.html)" 
123.183.224.116 - - [06/Apr/2021:18:54:56 -0700] "GET / HTTP/1.1" 200 12846 "-" "Sogou web spider/4.0(+http://www.sogou.com/docs/help/webmasters.htm#07)" 
49.7.21.76 - - [06/Apr/2021:18:58:31 -0700] "GET / HTTP/1.1" 200 12846 "-" "Sogou web spider/4.0(+http://www.sogou.com/docs/help/webmasters.htm#07)" 
111.202.101.151 - - [06/Apr/2021:19:01:35 -0700] "GET / HTTP/1.1" 200 12846 "-" "Sogou web spider/4.0(+http://www.sogou.com/docs/help/webmasters.htm#07)" 
54.36.148.199 - - [06/Apr/2021:19:02:31 -0700] "GET /self.logs/error.log.2020-12-13 HTTP/1.1" 200 307 "-" "Mozilla/5.0 (compatible; AhrefsBot/7.0; +http://ahrefs.com/robot/)" 
114.119.157.43 - - [06/Apr/2021:19:04:01 -0700] "GET /self.logs/error.log.2020-01-28.gz HTTP/1.1" 200 863 "-" "Mozilla/5.0 (Linux; Android 7.0;) AppleWebKit/537.36 (KHTML, like Gecko) Mobile Safari/537.36 (compatible; PetalBot;+https://aspiegel.com/petalbot)" 
171.221.154.11 - - [06/Apr/2021:19:06:20 -0700] "GET / HTTP/1.1" 200 12883 "https://m.baidu.com/from=1000539d/bd_page_type=1/ssid=0/uid=0/pu=usm%401%2Csz%401320_2001%2Cta%40iphone_1_14.4_25_14.0/baiduid=2AB5B27E1ADFEFFEA343B2830B63D59E/w=0_10_/t=iphone/l=1/tc?clk_type=1&vit=osres&l=1&baiduid=2AB5B27E1ADFEFFEA343B2830B63D59E&t=iphone&ref=www_iphone&from=1000539d&ssid=0&lid=10302030229456147699&bd_page_type=1&pu=usm%401%2Csz%401320_2001%2Cta%40iphone_1_14.4_25_14.0&order=4&fm=alop&isAtom=1&waplogo=1&clk_info=%7B%22tplname%22%3A%22www_normal%22%2C%22srcid%22%3A1599%2C%22t%22%3A1617761178767%2C%22xpath%22%3A%22div-article%22%7D&is_baidu=0&tj=www_normal_4_0_10_title&m=8&cltj=normal_title&asres=1&title=SecRepo.com-SamplesofSecurityRelatedData&wd=&eqid=8ef829e94411d4f310000002606d1395&w_qd=IlPT2AEptyoA_yiiC6TjGTpeaNCI0__hGq&bdver=2&tcplug=1&dict=-1&sec=11378&di=362e364fc6808aa7&bdenc=1&nsrc=rnzfXg%2B2AkK%2Fn2zIRUuG%2FpTozwc90rdDoTUoFCvpPRLXgGMI7KKFY1x7LfgYUtgjOYgPVGVa61FfemCxDpvesg%3D%3D" "Mozilla/5.0 (iPhone; CPU iPhone OS 14_4_2 like Mac OS X) AppleWebKit/605.1.15 (KHTML, like Gecko) Version/14.0.3 Mobile/15E148 Safari/604.1" 
171.221.154.11 - - [06/Apr/2021:19:06:20 -0700] "GET /css/style.css HTTP/1.1" 404 328 "http://www.secrepo.com/" "Mozilla/5.0 (iPhone; CPU iPhone OS 14_4_2 like Mac OS X) AppleWebKit/605.1.15 (KHTML, like Gecko) Version/14.0.3 Mobile/15E148 Safari/604.1" 
171.221.154.11 - - [06/Apr/2021:19:06:20 -0700] "GET /twitter-icon.png HTTP/1.1" 200 27893 "http://www.secrepo.com/" "Mozilla/5.0 (iPhone; CPU iPhone OS 14_4_2 like Mac OS X) AppleWebKit/605.1.15 (KHTML, like Gecko) Version/14.0.3 Mobile/15E148 Safari/604.1" 
171.221.154.11 - - [06/Apr/2021:19:06:20 -0700] "GET /GitHub-Mark.png HTTP/1.1" 200 7533 "http://www.secrepo.com/" "Mozilla/5.0 (iPhone; CPU iPhone OS 14_4_2 like Mac OS X) AppleWebKit/605.1.15 (KHTML, like Gecko) Version/14.0.3 Mobile/15E148 Safari/604.1" 
40.77.167.41 - - [06/Apr/2021:19:08:25 -0700] "GET /self.logs/error.log.2020-08-30 HTTP/1.1" 200 351 "-" "Mozilla/5.0 (compatible; bingbot/2.0; +http://www.bing.com/bingbot.htm)" 
114.119.129.244 - - [06/Apr/2021:19:10:00 -0700] "GET /self.logs/2015/access.log.2015-11-29.gz HTTP/1.1" 200 5573 "-" "Mozilla/5.0 (Linux; Android 7.0;) AppleWebKit/537.36 (KHTML, like Gecko) Mobile Safari/537.36 (compatible; PetalBot;+https://aspiegel.com/petalbot)" 
111.202.101.151 - - [06/Apr/2021:19:10:58 -0700] "GET / HTTP/1.1" 200 12846 "-" "Sogou web spider/4.0(+http://www.sogou.com/docs/help/webmasters.htm#07)" 
168.121.149.187 - - [06/Apr/2021:19:15:28 -0700] "GET / HTTP/1.1" 200 12882 "-" "Mozilla/5.0 (Windows NT 10.0; Win64; x64) AppleWebKit/537.36 (KHTML, like Gecko) Chrome/89.0.4389.114 Safari/537.36" 
114.119.150.248 - - [06/Apr/2021:19:16:11 -0700] "GET /self.logs/error.log.2020-09-30 HTTP/1.1" 200 351 "-" "Mozilla/5.0 (Linux; Android 7.0;) AppleWebKit/537.36 (KHTML, like Gecko) Mobile Safari/537.36 (compatible; PetalBot;+https://aspiegel.com/petalbot)" 
111.202.101.151 - - [06/Apr/2021:19:20:52 -0700] "GET / HTTP/1.1" 200 12845 "-" "Sogou web spider/4.0(+http://www.sogou.com/docs/help/webmasters.htm#07)" 
114.119.157.43 - - [06/Apr/2021:19:22:24 -0700] "GET /self.logs/error.log.2021-01-04 HTTP/1.1" 200 351 "-" "Mozilla/5.0 (Linux; Android 7.0;) AppleWebKit/537.36 (KHTML, like Gecko) Mobile Safari/537.36 (compatible; PetalBot;+https://aspiegel.com/petalbot)" 
51.83.111.190 - - [06/Apr/2021:19:23:20 -0700] "GET /honeypot/BSidesDFW%20-%202014.ipynb HTTP/1.1" 301 481 "-" "Tornado-Async-Client" 
222.128.87.247 - - [06/Apr/2021:19:24:06 -0700] "GET /honeypot/Honeypot%20-%20Howto%20-%20BSides%20Austin.pdf HTTP/1.1" 200 2245600 "-" "Mozilla/4.0 (compatible; MSIE 6.0; Windows NT 5.1)" 
40.77.167.14 - - [06/Apr/2021:19:24:45 -0700] "GET /self.logs/access.log.2019-05-25.gz HTTP/1.1" 301 543 "-" "Mozilla/5.0 (compatible; bingbot/2.0; +http://www.bing.com/bingbot.htm)" 
114.119.155.228 - - [06/Apr/2021:19:28:42 -0700] "GET /self.logs/access.log.2018-01-13.gz HTTP/1.1" 200 20392 "-" "Mozilla/5.0 (Linux; Android 7.0;) AppleWebKit/537.36 (KHTML, like Gecko) Mobile Safari/537.36 (compatible; PetalBot;+https://aspiegel.com/petalbot)" 
52.212.146.96 - - [06/Apr/2021:19:30:02 -0700] "GET /self.logs/access.log.2021-03-31.gz HTTP/1.1" 200 21070 "-" "python-requests/2.12.1" 
52.212.146.96 - - [06/Apr/2021:19:30:02 -0700] "GET /self.logs/access.log.2021-04-01.gz HTTP/1.1" 200 192160 "-" "python-requests/2.12.1" 
52.212.146.96 - - [06/Apr/2021:19:30:03 -0700] "GET /self.logs/access.log.2021-04-02.gz HTTP/1.1" 200 29496 "-" "python-requests/2.12.1" 
52.212.146.96 - - [06/Apr/2021:19:30:03 -0700] "GET /self.logs/access.log.2021-04-03.gz HTTP/1.1" 200 30893 "-" "python-requests/2.12.1" 
52.212.146.96 - - [06/Apr/2021:19:30:03 -0700] "GET /self.logs/access.log.2021-04-04.gz HTTP/1.1" 404 328 "-" "python-requests/2.12.1" 
52.212.146.96 - - [06/Apr/2021:19:30:03 -0700] "GET /self.logs/access.log.2021-04-05.gz HTTP/1.1" 404 328 "-" "python-requests/2.12.1" 
52.212.146.96 - - [06/Apr/2021:19:30:04 -0700] "GET /self.logs/access.log.2021-04-06.gz HTTP/1.1" 404 328 "-" "python-requests/2.12.1" 
73.147.178.76 - - [06/Apr/2021:19:31:11 -0700] "GET / HTTP/1.1" 200 12883 "-" "Mozilla/5.0 (iPhone; CPU iPhone OS 14_4_2 like Mac OS X) AppleWebKit/605.1.15 (KHTML, like Gecko) Version/14.0.3 Mobile/15E148 Safari/604.1" 
73.147.178.76 - - [06/Apr/2021:19:31:11 -0700] "GET /css/style.css HTTP/1.1" 404 305 "http://www.secrepo.com/" "Mozilla/5.0 (iPhone; CPU iPhone OS 14_4_2 like Mac OS X) AppleWebKit/605.1.15 (KHTML, like Gecko) Version/14.0.3 Mobile/15E148 Safari/604.1" 
73.147.178.76 - - [06/Apr/2021:19:31:11 -0700] "GET /twitter-icon.png HTTP/1.1" 200 27916 "http://www.secrepo.com/" "Mozilla/5.0 (iPhone; CPU iPhone OS 14_4_2 like Mac OS X) AppleWebKit/605.1.15 (KHTML, like Gecko) Version/14.0.3 Mobile/15E148 Safari/604.1" 
73.147.178.76 - - [06/Apr/2021:19:31:11 -0700] "GET /GitHub-Mark.png HTTP/1.1" 200 7556 "http://www.secrepo.com/" "Mozilla/5.0 (iPhone; CPU iPhone OS 14_4_2 like Mac OS X) AppleWebKit/605.1.15 (KHTML, like Gecko) Version/14.0.3 Mobile/15E148 Safari/604.1" 
111.202.101.151 - - [06/Apr/2021:19:31:12 -0700] "GET / HTTP/1.1" 200 12846 "-" "Sogou web spider/4.0(+http://www.sogou.com/docs/help/webmasters.htm#07)" 
73.147.178.76 - - [06/Apr/2021:19:31:15 -0700] "GET /bootstrap/img/favicon.ico HTTP/1.1" 200 713 "http://www.secrepo.com/" "Mozilla/5.0 (iPhone; CPU iPhone OS 14_4_2 like Mac OS X) AppleWebKit/605.1.15 (KHTML, like Gecko) Version/14.0.3 Mobile/15E148 Safari/604.1" 
114.119.159.101 - - [06/Apr/2021:19:35:07 -0700] "GET /self.logs/error.log.2020-09-08 HTTP/1.1" 200 351 "-" "Mozilla/5.0 (Linux; Android 7.0;) AppleWebKit/537.36 (KHTML, like Gecko) Mobile Safari/537.36 (compatible; PetalBot;+https://aspiegel.com/petalbot)" 
216.244.66.245 - - [06/Apr/2021:19:39:21 -0700] "GET /robots.txt HTTP/1.1" 200 333 "-" "Mozilla/5.0 (compatible; DotBot/1.2; +https://opensiteexplorer.org/dotbot; help@moz.com)" 
114.119.157.43 - - [06/Apr/2021:19:39:56 -0700] "GET /self.logs/2015/access.log.2015-05-06.gz HTTP/1.1" 200 6673 "-" "Mozilla/5.0 (Linux; Android 7.0;) AppleWebKit/537.36 (KHTML, like Gecko) Mobile Safari/537.36 (compatible; PetalBot;+https://aspiegel.com/petalbot)" 
111.202.101.156 - - [06/Apr/2021:19:42:43 -0700] "GET / HTTP/1.1" 200 12846 "-" "Sogou web spider/4.0(+http://www.sogou.com/docs/help/webmasters.htm#07)" 
114.119.130.95 - - [06/Apr/2021:19:45:58 -0700] "GET /self.logs/2016/error.log.2016-09-30.gz HTTP/1.1" 200 1203 "-" "Mozilla/5.0 (Linux; Android 7.0;) AppleWebKit/537.36 (KHTML, like Gecko) Mobile Safari/537.36 (compatible; PetalBot;+https://aspiegel.com/petalbot)" 
111.202.101.151 - - [06/Apr/2021:19:49:19 -0700] "GET / HTTP/1.1" 200 12845 "-" "Sogou web spider/4.0(+http://www.sogou.com/docs/help/webmasters.htm#07)" 
216.244.66.245 - - [06/Apr/2021:19:50:24 -0700] "GET /Datasets%20Description/HTML_Bro_log_3/?C=N;O=A HTTP/1.1" 200 1819 "-" "Mozilla/5.0 (compatible; DotBot/1.2; +https://opensiteexplorer.org/dotbot; help@moz.com)" 
123.183.224.116 - - [06/Apr/2021:19:50:42 -0700] "GET / HTTP/1.1" 200 12845 "-" "Sogou web spider/4.0(+http://www.sogou.com/docs/help/webmasters.htm#07)" 
216.244.66.245 - - [06/Apr/2021:19:51:01 -0700] "GET /Datasets%20Description/?C=N;O=D HTTP/1.1" 200 1128 "-" "Mozilla/5.0 (compatible; DotBot/1.2; +https://opensiteexplorer.org/dotbot; help@moz.com)" 
114.119.155.228 - - [06/Apr/2021:19:52:05 -0700] "GET /self.logs/2015/access.log.2015-04-16.gz HTTP/1.1" 200 11974 "-" "Mozilla/5.0 (Linux; Android 7.0;) AppleWebKit/537.36 (KHTML, like Gecko) Mobile Safari/537.36 (compatible; PetalBot;+https://aspiegel.com/petalbot)" 
114.119.141.53 - - [06/Apr/2021:19:59:04 -0700] "GET /self.logs/error.log.2020-09-04 HTTP/1.1" 200 351 "-" "Mozilla/5.0 (Linux; Android 7.0;) AppleWebKit/537.36 (KHTML, like Gecko) Mobile Safari/537.36 (compatible; PetalBot;+https://aspiegel.com/petalbot)" 
114.119.144.30 - - [06/Apr/2021:20:04:57 -0700] "GET /self.logs/2016/access.log.2016-08-08.gz HTTP/1.1" 200 8931 "-" "Mozilla/5.0 (Linux; Android 7.0;) AppleWebKit/537.36 (KHTML, like Gecko) Mobile Safari/537.36 (compatible; PetalBot;+https://aspiegel.com/petalbot)" 
114.119.157.43 - - [06/Apr/2021:20:10:34 -0700] "GET /self.logs/access.log.2017-09-27.gz HTTP/1.1" 200 32257 "-" "Mozilla/5.0 (Linux; Android 7.0;) AppleWebKit/537.36 (KHTML, like Gecko) Mobile Safari/537.36 (compatible; PetalBot;+https://aspiegel.com/petalbot)" 
117.107.147.153 - - [06/Apr/2021:20:10:42 -0700] "GET / HTTP/1.1" 200 12881 "-" "Mozilla/5.0 (Windows NT 10.0; Win64; x64) AppleWebKit/537.36 (KHTML, like Gecko) Chrome/86.0.4240.111 Safari/537.36" 
117.107.147.153 - - [06/Apr/2021:20:10:42 -0700] "GET /css/style.css HTTP/1.1" 404 305 "http://www.secrepo.com/" "Mozilla/5.0 (Windows NT 10.0; Win64; x64) AppleWebKit/537.36 (KHTML, like Gecko) Chrome/86.0.4240.111 Safari/537.36" 
117.107.147.153 - - [06/Apr/2021:20:10:42 -0700] "GET /twitter-icon.png HTTP/1.1" 200 27916 "http://www.secrepo.com/" "Mozilla/5.0 (Windows NT 10.0; Win64; x64) AppleWebKit/537.36 (KHTML, like Gecko) Chrome/86.0.4240.111 Safari/537.36" 
117.107.147.153 - - [06/Apr/2021:20:10:42 -0700] "GET /GitHub-Mark.png HTTP/1.1" 200 7556 "http://www.secrepo.com/" "Mozilla/5.0 (Windows NT 10.0; Win64; x64) AppleWebKit/537.36 (KHTML, like Gecko) Chrome/86.0.4240.111 Safari/537.36" 
114.119.144.30 - - [06/Apr/2021:20:17:36 -0700] "GET /self.logs/error.log.2018-12-17.gz HTTP/1.1" 200 4419 "-" "Mozilla/5.0 (Linux; Android 7.0;) AppleWebKit/537.36 (KHTML, like Gecko) Mobile Safari/537.36 (compatible; PetalBot;+https://aspiegel.com/petalbot)" 
111.202.101.151 - - [06/Apr/2021:20:18:52 -0700] "GET / HTTP/1.1" 200 12844 "-" "Sogou web spider/4.0(+http://www.sogou.com/docs/help/webmasters.htm#07)" 
114.119.141.53 - - [06/Apr/2021:20:24:33 -0700] "GET /self.logs/2015/error.log.2015-04-03.gz HTTP/1.1" 200 995 "-" "Mozilla/5.0 (Linux; Android 7.0;) AppleWebKit/537.36 (KHTML, like Gecko) Mobile Safari/537.36 (compatible; PetalBot;+https://aspiegel.com/petalbot)" 
49.7.20.111 - - [06/Apr/2021:20:25:13 -0700] "GET / HTTP/1.1" 301 438 "-" "Sogou web spider/4.0(+http://www.sogou.com/docs/help/webmasters.htm#07)" 
54.36.149.61 - - [06/Apr/2021:20:29:44 -0700] "GET /self.logs/2015/access.log.2015-02-14.gz HTTP/1.1" 200 25911 "-" "Mozilla/5.0 (compatible; AhrefsBot/7.0; +http://ahrefs.com/robot/)" 
114.119.159.40 - - [06/Apr/2021:20:30:39 -0700] "GET /self.logs/2015/error.log.2015-07-05.gz HTTP/1.1" 200 942 "-" "Mozilla/5.0 (Linux; Android 7.0;) AppleWebKit/537.36 (KHTML, like Gecko) Mobile Safari/537.36 (compatible; PetalBot;+https://aspiegel.com/petalbot)" 
129.227.148.30 - - [06/Apr/2021:20:32:19 -0700] "GET / HTTP/1.1" 200 12882 "-" "Mozilla/5.0 (Windows NT 10.0; Win64; x64) AppleWebKit/537.36 (KHTML, like Gecko) Chrome/89.0.4389.114 Safari/537.36" 
129.227.148.30 - - [06/Apr/2021:20:32:19 -0700] "GET /css/style.css HTTP/1.1" 404 305 "http://www.secrepo.com/" "Mozilla/5.0 (Windows NT 10.0; Win64; x64) AppleWebKit/537.36 (KHTML, like Gecko) Chrome/89.0.4389.114 Safari/537.36" 
54.36.149.61 - - [06/Apr/2021:20:34:04 -0700] "GET /self.logs/2015/error.log.2015-07-16.gz HTTP/1.1" 200 702 "-" "Mozilla/5.0 (compatible; AhrefsBot/7.0; +http://ahrefs.com/robot/)" 
114.119.144.30 - - [06/Apr/2021:20:37:22 -0700] "GET /honeypot/honeypot.json.zip HTTP/1.1" 200 23086087 "-" "Mozilla/5.0 (Linux; Android 7.0;) AppleWebKit/537.36 (KHTML, like Gecko) Mobile Safari/537.36 (compatible; PetalBot;+https://aspiegel.com/petalbot)" 
54.36.149.61 - - [06/Apr/2021:20:38:22 -0700] "GET /self.logs/2016/access.log.2016-08-02.gz HTTP/1.1" 200 9954 "-" "Mozilla/5.0 (compatible; AhrefsBot/7.0; +http://ahrefs.com/robot/)" 
216.244.66.245 - - [06/Apr/2021:20:39:13 -0700] "GET /robots.txt HTTP/1.1" 200 333 "-" "Mozilla/5.0 (compatible; DotBot/1.2; +https://opensiteexplorer.org/dotbot; help@moz.com)" 
54.36.148.17 - - [06/Apr/2021:20:42:39 -0700] "GET /self.logs/2015/error.log.2015-02-20.gz HTTP/1.1" 200 5863 "-" "Mozilla/5.0 (compatible; AhrefsBot/7.0; +http://ahrefs.com/robot/)" 
114.119.157.43 - - [06/Apr/2021:20:44:02 -0700] "GET /self.logs/access.log.2018-06-09.gz HTTP/1.1" 200 20251 "-" "Mozilla/5.0 (Linux; Android 7.0;) AppleWebKit/537.36 (KHTML, like Gecko) Mobile Safari/537.36 (compatible; PetalBot;+https://aspiegel.com/petalbot)" 
121.37.50.26 - - [06/Apr/2021:20:45:16 -0700] "GET /misc/zeus_dga_domains.txt.zip HTTP/1.1" 200 592381 "-" "Mozilla/5.0 (Windows NT 10.0; Win64; x64) AppleWebKit/537.36 (KHTML, like Gecko) Chrome/89.0.4389.114 Safari/537.36" 
121.37.50.26 - - [06/Apr/2021:20:45:21 -0700] "GET /misc/zeus_dga_domains.txt.zip HTTP/1.1" 206 441 "-" "Mozilla/5.0 (Windows NT 10.0; Win64; x64) AppleWebKit/537.36 (KHTML, like Gecko) Chrome/89.0.4389.114 Safari/537.36" 
121.37.50.26 - - [06/Apr/2021:20:45:22 -0700] "GET /misc/zeus_dga_domains.txt.zip HTTP/1.1" 206 102200 "-" "Mozilla/5.0 (Windows NT 10.0; Win64; x64) AppleWebKit/537.36 (KHTML, like Gecko) Chrome/89.0.4389.114 Safari/537.36" 
121.37.50.26 - - [06/Apr/2021:20:45:29 -0700] "GET /misc/zeus_dga_domains.txt.zip HTTP/1.1" 206 441 "-" "Mozilla/5.0 (Windows NT 10.0; Win64; x64) AppleWebKit/537.36 (KHTML, like Gecko) Chrome/89.0.4389.114 Safari/537.36" 
121.37.50.26 - - [06/Apr/2021:20:45:29 -0700] "GET /misc/zeus_dga_domains.txt.zip HTTP/1.1" 206 579273 "-" "Mozilla/5.0 (Windows NT 10.0; Win64; x64) AppleWebKit/537.36 (KHTML, like Gecko) Chrome/89.0.4389.114 Safari/537.36" 
216.244.66.245 - - [06/Apr/2021:20:45:39 -0700] "GET /maccdc2012/maccdc2012_full_alert.7z HTTP/1.1" 200 3574080 "-" "Mozilla/5.0 (compatible; DotBot/1.2; +https://opensiteexplorer.org/dotbot; help@moz.com)" 
216.244.66.245 - - [06/Apr/2021:20:45:56 -0700] "GET /self.logs/error.log.2020-05-30 HTTP/1.1" 200 307 "-" "Mozilla/5.0 (compatible; DotBot/1.2; +https://opensiteexplorer.org/dotbot; help@moz.com)" 
216.244.66.245 - - [06/Apr/2021:20:46:07 -0700] "GET /a.zip HTTP/1.1" 404 284 "-" "Mozilla/5.0 (compatible; DotBot/1.2; +https://opensiteexplorer.org/dotbot; help@moz.com)" 
54.36.148.17 - - [06/Apr/2021:20:46:57 -0700] "GET /self.logs/2015/error.log.2015-07-17.gz HTTP/1.1" 200 778 "-" "Mozilla/5.0 (compatible; AhrefsBot/7.0; +http://ahrefs.com/robot/)" 
121.37.50.26 - - [06/Apr/2021:20:48:27 -0700] "GET /honeypot/honeypot.json.zip HTTP/1.1" 200 157680 "-" "Mozilla/5.0 (Windows NT 10.0; Win64; x64) AppleWebKit/537.36 (KHTML, like Gecko) Chrome/89.0.4389.114 Safari/537.36" 
114.119.159.101 - - [06/Apr/2021:20:49:52 -0700] "GET /self.logs/access.log.2017-07-10.gz HTTP/1.1" 200 16938 "-" "Mozilla/5.0 (Linux; Android 7.0;) AppleWebKit/537.36 (KHTML, like Gecko) Mobile Safari/537.36 (compatible; PetalBot;+https://aspiegel.com/petalbot)" 
54.36.149.61 - - [06/Apr/2021:20:51:03 -0700] "GET /self.logs/2016/access.log.2016-10-08.gz HTTP/1.1" 200 6778 "-" "Mozilla/5.0 (compatible; AhrefsBot/7.0; +http://ahrefs.com/robot/)" 
111.202.101.151 - - [06/Apr/2021:20:51:15 -0700] "GET / HTTP/1.1" 200 12845 "-" "Sogou web spider/4.0(+http://www.sogou.com/docs/help/webmasters.htm#07)" 
114.119.157.43 - - [06/Apr/2021:20:55:21 -0700] "GET /self.logs/2016/access.log.2016-11-07.gz HTTP/1.1" 200 11494 "-" "Mozilla/5.0 (Linux; Android 7.0;) AppleWebKit/537.36 (KHTML, like Gecko) Mobile Safari/537.36 (compatible; PetalBot;+https://aspiegel.com/petalbot)" 
54.36.148.17 - - [06/Apr/2021:20:55:26 -0700] "GET /self.logs/2015/access.log.2015-09-03.gz HTTP/1.1" 200 4958 "-" "Mozilla/5.0 (compatible; AhrefsBot/7.0; +http://ahrefs.com/robot/)" 
111.76.16.175 - - [06/Apr/2021:20:57:34 -0700] "HEAD /index.php HTTP/1.1" 404 309 "-" "-" 
54.36.148.17 - - [06/Apr/2021:20:57:34 -0700] "GET /self.logs/2015/access.log.2015-02-16.gz HTTP/1.1" 200 20462 "-" "Mozilla/5.0 (compatible; AhrefsBot/7.0; +http://ahrefs.com/robot/)" 
54.36.149.61 - - [06/Apr/2021:20:59:41 -0700] "GET /self.logs/2015/error.log.2015-07-20.gz HTTP/1.1" 200 988 "-" "Mozilla/5.0 (compatible; AhrefsBot/7.0; +http://ahrefs.com/robot/)" 
54.36.148.17 - - [06/Apr/2021:21:01:47 -0700] "GET /self.logs/2015/access.log.2015-08-23.gz HTTP/1.1" 200 4968 "-" "Mozilla/5.0 (compatible; AhrefsBot/7.0; +http://ahrefs.com/robot/)" 
122.171.245.255 - - [06/Apr/2021:21:03:22 -0700] "GET / HTTP/1.1" 301 475 "-" "Mozilla/5.0 (Windows NT 10.0; Win64; x64) AppleWebKit/537.36 (KHTML, like Gecko) Chrome/89.0.4389.114 Safari/537.36" 
122.171.245.255 - - [06/Apr/2021:21:03:23 -0700] "GET / HTTP/1.1" 200 12882 "-" "Mozilla/5.0 (Windows NT 10.0; Win64; x64) AppleWebKit/537.36 (KHTML, like Gecko) Chrome/89.0.4389.114 Safari/537.36" 
122.171.245.255 - - [06/Apr/2021:21:03:23 -0700] "GET /css/style.css HTTP/1.1" 404 305 "http://www.secrepo.com/" "Mozilla/5.0 (Windows NT 10.0; Win64; x64) AppleWebKit/537.36 (KHTML, like Gecko) Chrome/89.0.4389.114 Safari/537.36" 
122.171.245.255 - - [06/Apr/2021:21:03:24 -0700] "GET /twitter-icon.png HTTP/1.1" 200 27916 "http://www.secrepo.com/" "Mozilla/5.0 (Windows NT 10.0; Win64; x64) AppleWebKit/537.36 (KHTML, like Gecko) Chrome/89.0.4389.114 Safari/537.36" 
122.171.245.255 - - [06/Apr/2021:21:03:24 -0700] "GET /GitHub-Mark.png HTTP/1.1" 200 7533 "http://www.secrepo.com/" "Mozilla/5.0 (Windows NT 10.0; Win64; x64) AppleWebKit/537.36 (KHTML, like Gecko) Chrome/89.0.4389.114 Safari/537.36" 
122.171.245.255 - - [06/Apr/2021:21:03:25 -0700] "GET /bootstrap/img/favicon.ico HTTP/1.1" 200 690 "http://www.secrepo.com/" "Mozilla/5.0 (Windows NT 10.0; Win64; x64) AppleWebKit/537.36 (KHTML, like Gecko) Chrome/89.0.4389.114 Safari/537.36" 
