154.6.12.156 - - [28/Aug/2022:18:56:51 -0700] "POST / HTTP/1.1" 200 13186 "-" "Mozilla/5.0 (Linux; U; Android 4.4.2; en-US; HM NOTE 1W Build/KOT49H) AppleWebKit/534.30 (KHTML, like Gecko) Version/4.0 UCBrowser/11.0.5.850 U3/0.8.0 Mobile Safari/534.30" 
114.119.149.228 - - [28/Aug/2022:19:01:00 -0700] "GET /Datasets%20Description/HTML_Bro_log_1/ HTTP/1.1" 200 834 "http://www.secrepo.com/Datasets%20Description/?C=S%3BO%3DA" "Mozilla/5.0 (Linux; Android 7.0;) AppleWebKit/537.36 (KHTML, like Gecko) Mobile Safari/537.36 (compatible; PetalBot;+https://webmaster.petalsearch.com/site/petalbot)" 
34.206.152.150 - - [28/Aug/2022:19:02:54 -0700] "HEAD / HTTP/1.1" 301 186 "-" "DreamHost SiteMonitor 1.0" 
34.206.152.150 - - [28/Aug/2022:19:02:54 -0700] "HEAD / HTTP/1.1" 200 359 "http://66.33.221.139" "DreamHost SiteMonitor 1.0" 
51.222.253.18 - - [28/Aug/2022:19:06:19 -0700] "GET /Datasets%20Description/PE_malware/Zeus.html HTTP/1.1" 200 1654 "-" "Mozilla/5.0 (compatible; AhrefsBot/7.0; +http://ahrefs.com/robot/)" 
167.114.116.25 - - [28/Aug/2022:19:08:38 -0700] "GET /robots.txt HTTP/1.1" 200 377 "-" "Mozilla/5.0 (compatible; MJ12bot/v1.4.8; http://mj12bot.com/)" 
167.114.116.25 - - [28/Aug/2022:19:08:39 -0700] "GET /self.logs/error.log.2021-12-27 HTTP/1.1" 200 18302 "-" "Mozilla/5.0 (compatible; MJ12bot/v1.4.8; http://mj12bot.com/)" 
114.119.149.222 - - [28/Aug/2022:19:11:59 -0700] "GET /self.logs/error.log.2020-01-20 HTTP/1.1" 200 351 "http://www.secrepo.com/self.logs?C=N%3BO%3DD" "Mozilla/5.0 (Linux; Android 7.0;) AppleWebKit/537.36 (KHTML, like Gecko) Mobile Safari/537.36 (compatible; PetalBot;+https://webmaster.petalsearch.com/site/petalbot)" 
34.206.152.150 - - [28/Aug/2022:19:12:54 -0700] "HEAD / HTTP/1.1" 301 186 "-" "DreamHost SiteMonitor 1.0" 
34.206.152.150 - - [28/Aug/2022:19:12:54 -0700] "HEAD / HTTP/1.1" 200 359 "http://66.33.221.139" "DreamHost SiteMonitor 1.0" 
207.46.13.138 - - [28/Aug/2022:19:17:50 -0700] "GET /Datasets%20Description/HTML_Bro_log_1/ HTTP/1.1" 200 834 "-" "Mozilla/5.0 (compatible; bingbot/2.0; +http://www.bing.com/bingbot.htm)" 
34.206.152.150 - - [28/Aug/2022:19:22:54 -0700] "HEAD / HTTP/1.1" 301 186 "-" "DreamHost SiteMonitor 1.0" 
34.206.152.150 - - [28/Aug/2022:19:22:54 -0700] "HEAD / HTTP/1.1" 200 359 "http://66.33.221.139" "DreamHost SiteMonitor 1.0" 
154.16.192.24 - - [28/Aug/2022:19:24:01 -0700] "GET /.env HTTP/1.1" 301 483 "-" "Mozilla/5.0 (Linux; U; Android 4.4.2; en-US; HM NOTE 1W Build/KOT49H) AppleWebKit/534.30 (KHTML, like Gecko) Version/4.0 UCBrowser/11.0.5.850 U3/0.8.0 Mobile Safari/534.30" 
154.16.192.24 - - [28/Aug/2022:19:24:01 -0700] "POST / HTTP/1.1" 301 475 "-" "Mozilla/5.0 (Linux; U; Android 4.4.2; en-US; HM NOTE 1W Build/KOT49H) AppleWebKit/534.30 (KHTML, like Gecko) Version/4.0 UCBrowser/11.0.5.850 U3/0.8.0 Mobile Safari/534.30" 
207.46.13.138 - - [28/Aug/2022:19:27:42 -0700] "GET /self.logs/ HTTP/1.1" 200 38108 "-" "Mozilla/5.0 (compatible; bingbot/2.0; +http://www.bing.com/bingbot.htm)" 
114.119.149.23 - - [28/Aug/2022:19:28:27 -0700] "GET /self.logs/error.log.2020-12-13 HTTP/1.1" 200 351 "http://www.secrepo.com/self.logs?C=N%3BO%3DD" "Mozilla/5.0 (Linux; Android 7.0;) AppleWebKit/537.36 (KHTML, like Gecko) Mobile Safari/537.36 (compatible; PetalBot;+https://webmaster.petalsearch.com/site/petalbot)" 
52.212.146.96 - - [28/Aug/2022:19:30:01 -0700] "GET /self.logs/access.log.2022-08-22.gz HTTP/1.1" 200 17532 "-" "python-requests/2.12.1" 
34.206.152.150 - - [28/Aug/2022:19:32:54 -0700] "HEAD / HTTP/1.1" 301 186 "-" "DreamHost SiteMonitor 1.0" 
34.206.152.150 - - [28/Aug/2022:19:32:54 -0700] "HEAD / HTTP/1.1" 200 359 "http://66.33.221.139" "DreamHost SiteMonitor 1.0" 
34.206.152.150 - - [28/Aug/2022:19:42:54 -0700] "HEAD / HTTP/1.1" 301 186 "-" "DreamHost SiteMonitor 1.0" 
34.206.152.150 - - [28/Aug/2022:19:42:54 -0700] "HEAD / HTTP/1.1" 200 359 "http://66.33.221.139" "DreamHost SiteMonitor 1.0" 
123.125.109.43 - - [28/Aug/2022:19:45:58 -0700] "GET / HTTP/1.1" 200 13148 "-" "Sogou web spider/4.0(+http://www.sogou.com/docs/help/webmasters.htm#07)" 
157.55.39.120 - - [28/Aug/2022:19:51:24 -0700] "GET /self.logs/access.log.2017-01-30.gz HTTP/1.1" 301 543 "-" "Mozilla/5.0 AppleWebKit/537.36 (KHTML, like Gecko; compatible; bingbot/2.0; +http://www.bing.com/bingbot.htm) Chrome/103.0.5060.134 Safari/537.36" 
27.115.124.109 - - [28/Aug/2022:19:51:44 -0700] "GET / HTTP/1.1" 200 13185 "http://baidu.com/" "Mozilla/5.0 (Linux; U; Android 8.0.0; zh-cn; Mi Note 2 Build/OPR1.170623.032) AppleWebKit/537.36 (KHTML, like Gecko) Version/4.0 Chrome/61.0.3163.128 Mobile Safari/537.36 XiaoMi/MiuiBrowser/10.1.1" 
27.115.124.109 - - [28/Aug/2022:19:51:44 -0700] "GET /css/style.css HTTP/1.1" 404 305 "http://www.secrepo.com/" "Mozilla/5.0 (Linux; U; Android 8.0.0; zh-cn; Mi Note 2 Build/OPR1.170623.032) AppleWebKit/537.36 (KHTML, like Gecko) Version/4.0 Chrome/61.0.3163.128 Mobile Safari/537.36 XiaoMi/MiuiBrowser/10.1.1" 
27.115.124.109 - - [28/Aug/2022:19:51:44 -0700] "GET /bootstrap/img/favicon.ico HTTP/1.1" 200 669 "-" "Mozilla/5.0 (Windows NT 10.0; WOW64) AppleWebKit/537.36 (KHTML, like Gecko) Chrome/78.0.3904.108 Safari/537.36" 
27.115.124.109 - - [28/Aug/2022:19:51:45 -0700] "GET /twitter-icon.png HTTP/1.1" 200 27893 "http://www.secrepo.com/" "Mozilla/5.0 (Linux; U; Android 8.0.0; zh-cn; Mi Note 2 Build/OPR1.170623.032) AppleWebKit/537.36 (KHTML, like Gecko) Version/4.0 Chrome/61.0.3163.128 Mobile Safari/537.36 XiaoMi/MiuiBrowser/10.1.1" 
27.115.124.109 - - [28/Aug/2022:19:51:46 -0700] "GET /GitHub-Mark.png HTTP/1.1" 200 7533 "http://www.secrepo.com/" "Mozilla/5.0 (Linux; U; Android 8.0.0; zh-cn; Mi Note 2 Build/OPR1.170623.032) AppleWebKit/537.36 (KHTML, like Gecko) Version/4.0 Chrome/61.0.3163.128 Mobile Safari/537.36 XiaoMi/MiuiBrowser/10.1.1" 
27.115.124.70 - - [28/Aug/2022:19:51:52 -0700] "GET /bootstrap/img/favicon.ico HTTP/1.1" 200 669 "-" "Mozilla/5.0 (Windows NT 10.0; WOW64) AppleWebKit/537.36 (KHTML, like Gecko) Chrome/78.0.3904.108 Safari/537.36" 
34.206.152.150 - - [28/Aug/2022:19:52:54 -0700] "HEAD / HTTP/1.1" 301 186 "-" "DreamHost SiteMonitor 1.0" 
34.206.152.150 - - [28/Aug/2022:19:52:54 -0700] "HEAD / HTTP/1.1" 200 359 "http://66.33.221.139" "DreamHost SiteMonitor 1.0" 
207.46.13.138 - - [28/Aug/2022:19:57:44 -0700] "GET /self.logs/ HTTP/1.1" 200 38108 "-" "Mozilla/5.0 (compatible; bingbot/2.0; +http://www.bing.com/bingbot.htm)" 
114.119.149.237 - - [28/Aug/2022:19:58:46 -0700] "GET /self.logs/error.log.2020-10-25 HTTP/1.1" 200 351 "http://www.secrepo.com/self.logs?C=N%3BO%3DD" "Mozilla/5.0 (Linux; Android 7.0;) AppleWebKit/537.36 (KHTML, like Gecko) Mobile Safari/537.36 (compatible; PetalBot;+https://webmaster.petalsearch.com/site/petalbot)" 
34.206.152.150 - - [28/Aug/2022:20:02:54 -0700] "HEAD / HTTP/1.1" 301 186 "-" "DreamHost SiteMonitor 1.0" 
34.206.152.150 - - [28/Aug/2022:20:02:54 -0700] "HEAD / HTTP/1.1" 200 359 "http://66.33.221.139" "DreamHost SiteMonitor 1.0" 
34.206.152.150 - - [28/Aug/2022:20:12:54 -0700] "HEAD / HTTP/1.1" 301 186 "-" "DreamHost SiteMonitor 1.0" 
34.206.152.150 - - [28/Aug/2022:20:12:54 -0700] "HEAD / HTTP/1.1" 200 359 "http://66.33.221.139" "DreamHost SiteMonitor 1.0" 
114.119.149.222 - - [28/Aug/2022:20:21:03 -0700] "GET /self.logs/access.log.2019-08-28.gz HTTP/1.1" 200 23087 "-" "Mozilla/5.0 (compatible;PetalBot;+https://webmaster.petalsearch.com/site/petalbot)" 
34.206.152.150 - - [28/Aug/2022:20:22:54 -0700] "HEAD / HTTP/1.1" 301 186 "-" "DreamHost SiteMonitor 1.0" 
34.206.152.150 - - [28/Aug/2022:20:22:54 -0700] "HEAD / HTTP/1.1" 200 359 "http://66.33.221.139" "DreamHost SiteMonitor 1.0" 
207.46.13.138 - - [28/Aug/2022:20:28:58 -0700] "GET /self.logs/ HTTP/1.1" 200 38108 "-" "Mozilla/5.0 (compatible; bingbot/2.0; +http://www.bing.com/bingbot.htm)" 
27.150.191.126 - - [28/Aug/2022:20:29:10 -0700] "GET /self.logs/ HTTP/1.1" 200 38108 "-" "Mozilla/5.0 (Windows NT 10.0; Win64; x64) AppleWebKit/537.36 (KHTML, like Gecko) Chrome/76.0.3809.25 Safari/537.36" 
27.150.191.126 - - [28/Aug/2022:20:29:11 -0700] "GET /tg/tg_snort_fast.7z HTTP/1.1" 200 4274204 "-" "Mozilla/5.0 (Windows NT 10.0; Win64; x64) AppleWebKit/537.36 (KHTML, like Gecko) Chrome/76.0.3809.25 Safari/537.36" 
27.150.191.126 - - [28/Aug/2022:20:29:13 -0700] "GET /honeypot/BSidesDFW%20-%202014.ipynb HTTP/1.1" 200 930921 "-" "Mozilla/5.0 (Windows NT 10.0; Win64; x64) AppleWebKit/537.36 (KHTML, like Gecko) Chrome/76.0.3809.25 Safari/537.36" 
27.150.191.126 - - [28/Aug/2022:20:29:14 -0700] "GET /maccdc2012/ssl.log.gz HTTP/1.1" 200 1311463 "-" "Mozilla/5.0 (Windows NT 10.0; Win64; x64) AppleWebKit/537.36 (KHTML, like Gecko) Chrome/76.0.3809.25 Safari/537.36" 
27.150.191.126 - - [28/Aug/2022:20:29:12 -0700] "GET /maccdc2012/maccdc2012_fast_alert.7z HTTP/1.1" 200 9478260 "-" "Mozilla/5.0 (Windows NT 10.0; Win64; x64) AppleWebKit/537.36 (KHTML, like Gecko) Chrome/76.0.3809.25 Safari/537.36" 
27.150.191.126 - - [28/Aug/2022:20:29:13 -0700] "GET /maccdc2012/weird.log.gz HTTP/1.1" 200 1252854 "-" "Mozilla/5.0 (Windows NT 10.0; Win64; x64) AppleWebKit/537.36 (KHTML, like Gecko) Chrome/76.0.3809.25 Safari/537.36" 
27.150.191.126 - - [28/Aug/2022:20:29:14 -0700] "GET /maccdc2012/signatures.log.gz HTTP/1.1" 200 645 "-" "Mozilla/5.0 (Windows NT 10.0; Win64; x64) AppleWebKit/537.36 (KHTML, like Gecko) Chrome/76.0.3809.25 Safari/537.36" 
27.150.191.126 - - [28/Aug/2022:20:29:14 -0700] "GET /maccdc2012/smtp.log.gz HTTP/1.1" 200 6933 "-" "Mozilla/5.0 (Windows NT 10.0; Win64; x64) AppleWebKit/537.36 (KHTML, like Gecko) Chrome/76.0.3809.25 Safari/537.36" 
27.150.191.126 - - [28/Aug/2022:20:29:15 -0700] "GET /maccdc2012/ftp.log.gz HTTP/1.1" 200 127738 "-" "Mozilla/5.0 (Windows NT 10.0; Win64; x64) AppleWebKit/537.36 (KHTML, like Gecko) Chrome/76.0.3809.25 Safari/537.36" 
27.150.191.126 - - [28/Aug/2022:20:29:15 -0700] "GET /maccdc2012/notice.log.gz HTTP/1.1" 200 20797 "-" "Mozilla/5.0 (Windows NT 10.0; Win64; x64) AppleWebKit/537.36 (KHTML, like Gecko) Chrome/76.0.3809.25 Safari/537.36" 
27.150.191.126 - - [28/Aug/2022:20:29:15 -0700] "GET /maccdc2012/ssh.log.gz HTTP/1.1" 200 182567 "-" "Mozilla/5.0 (Windows NT 10.0; Win64; x64) AppleWebKit/537.36 (KHTML, like Gecko) Chrome/76.0.3809.25 Safari/537.36" 
27.150.191.126 - - [28/Aug/2022:20:29:15 -0700] "GET /maccdc2012/dhcp.log.gz HTTP/1.1" 200 44954 "-" "Mozilla/5.0 (Windows NT 10.0; Win64; x64) AppleWebKit/537.36 (KHTML, like Gecko) Chrome/76.0.3809.25 Safari/537.36" 
27.150.191.126 - - [28/Aug/2022:20:29:15 -0700] "GET /tg/tg_snort_full.7z HTTP/1.1" 200 8847905 "-" "Mozilla/5.0 (Windows NT 10.0; Win64; x64) AppleWebKit/537.36 (KHTML, like Gecko) Chrome/76.0.3809.25 Safari/537.36" 
27.150.191.126 - - [28/Aug/2022:20:29:15 -0700] "GET /maccdc2012/http.log.gz HTTP/1.1" 200 56420965 "-" "Mozilla/5.0 (Windows NT 10.0; Win64; x64) AppleWebKit/537.36 (KHTML, like Gecko) Chrome/76.0.3809.25 Safari/537.36" 
27.150.191.126 - - [28/Aug/2022:20:29:15 -0700] "GET /maccdc2012/dns.log.gz HTTP/1.1" 200 6607356 "-" "Mozilla/5.0 (Windows NT 10.0; Win64; x64) AppleWebKit/537.36 (KHTML, like Gecko) Chrome/76.0.3809.25 Safari/537.36" 
27.150.191.126 - - [28/Aug/2022:20:29:20 -0700] "GET /honeypot/honeypot.js HTTP/1.1" 404 305 "-" "Mozilla/5.0 (Windows NT 10.0; Win64; x64) AppleWebKit/537.36 (KHTML, like Gecko) Chrome/76.0.3809.25 Safari/537.36" 
27.150.191.126 - - [28/Aug/2022:20:29:27 -0700] "GET /self.logs HTTP/1.1" 301 563 "-" "Mozilla/5.0 (Windows NT 10.0; Win64; x64) AppleWebKit/537.36 (KHTML, like Gecko) Chrome/76.0.3809.25 Safari/537.36" 
27.150.191.126 - - [28/Aug/2022:20:29:28 -0700] "GET /self.logs/ HTTP/1.1" 200 38085 "-" "Mozilla/5.0 (Windows NT 10.0; Win64; x64) AppleWebKit/537.36 (KHTML, like Gecko) Chrome/76.0.3809.25 Safari/537.36" 
27.150.191.126 - - [28/Aug/2022:20:29:29 -0700] "GET /maccdc2012/tunnel.log.gz HTTP/1.1" 200 5282 "-" "Mozilla/5.0 (Windows NT 10.0; Win64; x64) AppleWebKit/537.36 (KHTML, like Gecko) Chrome/76.0.3809.25 Safari/537.36" 
27.150.191.126 - - [28/Aug/2022:20:29:14 -0700] "GET /auth.log/auth.log.gz HTTP/1.1" 200 615679 "-" "Mozilla/5.0 (Windows NT 10.0; Win64; x64) AppleWebKit/537.36 (KHTML, like Gecko) Chrome/76.0.3809.25 Safari/537.36" 
27.150.191.126 - - [28/Aug/2022:20:29:14 -0700] "GET /squid/access.log.gz HTTP/1.1" 200 3844180 "-" "Mozilla/5.0 (Windows NT 10.0; Win64; x64) AppleWebKit/537.36 (KHTML, like Gecko) Chrome/76.0.3809.25 Safari/537.36" 
27.150.191.126 - - [28/Aug/2022:20:29:11 -0700] "GET /maccdc2012/maccdc2012_full_alert.7z HTTP/1.1" 200 3076220 "-" "Mozilla/5.0 (Windows NT 10.0; Win64; x64) AppleWebKit/537.36 (KHTML, like Gecko) Chrome/76.0.3809.25 Safari/537.36" 
27.150.191.126 - - [28/Aug/2022:20:29:15 -0700] "GET /maccdc2012/files.log.gz HTTP/1.1" 200 45627920 "-" "Mozilla/5.0 (Windows NT 10.0; Win64; x64) AppleWebKit/537.36 (KHTML, like Gecko) Chrome/76.0.3809.25 Safari/537.36" 
27.150.191.126 - - [28/Aug/2022:20:29:16 -0700] "GET /maccdc2012/conn.log.gz HTTP/1.1" 200 175319720 "-" "Mozilla/5.0 (Windows NT 10.0; Win64; x64) AppleWebKit/537.36 (KHTML, like Gecko) Chrome/76.0.3809.25 Safari/537.36" 
66.249.64.149 - - [28/Aug/2022:20:30:44 -0700] "GET /self.logs/error.log.2020-05-02 HTTP/1.1" 200 351 "-" "Mozilla/5.0 (Linux; Android 6.0.1; Nexus 5X Build/MMB29P) AppleWebKit/537.36 (KHTML, like Gecko) Chrome/104.0.5112.79 Mobile Safari/537.36 (compatible; Googlebot/2.1; +http://www.google.com/bot.html)" 
66.249.64.149 - - [28/Aug/2022:20:30:45 -0700] "GET /Datasets%20Description/HTML_Bro_log_2/loaded_scripts.html HTTP/1.1" 200 1520 "-" "Mozilla/5.0 (Linux; Android 6.0.1; Nexus 5X Build/MMB29P) AppleWebKit/537.36 (KHTML, like Gecko) Chrome/104.0.5112.79 Mobile Safari/537.36 (compatible; Googlebot/2.1; +http://www.google.com/bot.html)" 
51.222.253.12 - - [28/Aug/2022:20:30:59 -0700] "GET / HTTP/1.1" 200 13140 "-" "Mozilla/5.0 (compatible; AhrefsBot/7.0; +http://ahrefs.com/robot/)" 
114.119.149.222 - - [28/Aug/2022:20:32:09 -0700] "GET /self.logs/error.log.2019-01-02.gz HTTP/1.1" 200 5239 "-" "Mozilla/5.0 (compatible;PetalBot;+https://webmaster.petalsearch.com/site/petalbot)" 
34.206.152.150 - - [28/Aug/2022:20:32:54 -0700] "HEAD / HTTP/1.1" 301 186 "-" "DreamHost SiteMonitor 1.0" 
34.206.152.150 - - [28/Aug/2022:20:32:54 -0700] "HEAD / HTTP/1.1" 200 359 "http://66.33.221.139" "DreamHost SiteMonitor 1.0" 
34.206.152.150 - - [28/Aug/2022:20:42:54 -0700] "HEAD / HTTP/1.1" 301 186 "-" "DreamHost SiteMonitor 1.0" 
34.206.152.150 - - [28/Aug/2022:20:42:54 -0700] "HEAD / HTTP/1.1" 200 359 "http://66.33.221.139" "DreamHost SiteMonitor 1.0" 
207.46.13.138 - - [28/Aug/2022:20:48:39 -0700] "GET /self.logs/ HTTP/1.1" 200 38108 "-" "Mozilla/5.0 AppleWebKit/537.36 (KHTML, like Gecko; compatible; bingbot/2.0; +http://www.bing.com/bingbot.htm) Chrome/103.0.5060.134 Safari/537.36" 
34.206.152.150 - - [28/Aug/2022:20:52:54 -0700] "HEAD / HTTP/1.1" 301 186 "-" "DreamHost SiteMonitor 1.0" 
34.206.152.150 - - [28/Aug/2022:20:52:54 -0700] "HEAD / HTTP/1.1" 200 359 "http://66.33.221.139" "DreamHost SiteMonitor 1.0" 
34.206.152.150 - - [28/Aug/2022:21:02:54 -0700] "HEAD / HTTP/1.1" 301 186 "-" "DreamHost SiteMonitor 1.0" 
34.206.152.150 - - [28/Aug/2022:21:02:54 -0700] "HEAD / HTTP/1.1" 200 359 "http://66.33.221.139" "DreamHost SiteMonitor 1.0" 
66.249.64.149 - - [28/Aug/2022:21:06:19 -0700] "GET /Datasets%20Description/Network/dhcp.html HTTP/1.1" 304 276 "-" "Mozilla/5.0 (Linux; Android 6.0.1; Nexus 5X Build/MMB29P) AppleWebKit/537.36 (KHTML, like Gecko) Chrome/104.0.5112.79 Mobile Safari/537.36 (compatible; Googlebot/2.1; +http://www.google.com/bot.html)" 
114.119.149.222 - - [28/Aug/2022:21:08:37 -0700] "GET /self.logs/access.log.2020-05-03.gz HTTP/1.1" 200 15515 "-" "Mozilla/5.0 (compatible;PetalBot;+https://webmaster.petalsearch.com/site/petalbot)" 
34.206.152.150 - - [28/Aug/2022:21:12:54 -0700] "HEAD / HTTP/1.1" 301 186 "-" "DreamHost SiteMonitor 1.0" 
34.206.152.150 - - [28/Aug/2022:21:12:54 -0700] "HEAD / HTTP/1.1" 200 359 "http://66.33.221.139" "DreamHost SiteMonitor 1.0" 
207.46.13.138 - - [28/Aug/2022:21:19:23 -0700] "GET /self.logs/ HTTP/1.1" 200 38108 "-" "Mozilla/5.0 (compatible; bingbot/2.0; +http://www.bing.com/bingbot.htm)" 
114.119.145.137 - - [28/Aug/2022:21:20:39 -0700] "GET /self.logs/error.log.2018-10-25.gz HTTP/1.1" 200 4698 "-" "Mozilla/5.0 (compatible;PetalBot;+https://webmaster.petalsearch.com/site/petalbot)" 
34.206.152.150 - - [28/Aug/2022:21:22:54 -0700] "HEAD / HTTP/1.1" 301 186 "-" "DreamHost SiteMonitor 1.0" 
34.206.152.150 - - [28/Aug/2022:21:22:54 -0700] "HEAD / HTTP/1.1" 200 359 "http://66.33.221.139" "DreamHost SiteMonitor 1.0" 
114.119.149.228 - - [28/Aug/2022:21:32:49 -0700] "GET /self.logs/error.log.2017-08-07.gz HTTP/1.1" 200 950 "-" "Mozilla/5.0 (compatible;PetalBot;+https://webmaster.petalsearch.com/site/petalbot)" 
34.206.152.150 - - [28/Aug/2022:21:32:54 -0700] "HEAD / HTTP/1.1" 301 186 "-" "DreamHost SiteMonitor 1.0" 
34.206.152.150 - - [28/Aug/2022:21:32:54 -0700] "HEAD / HTTP/1.1" 200 359 "http://66.33.221.139" "DreamHost SiteMonitor 1.0" 
34.206.152.150 - - [28/Aug/2022:21:42:54 -0700] "HEAD / HTTP/1.1" 301 186 "-" "DreamHost SiteMonitor 1.0" 
34.206.152.150 - - [28/Aug/2022:21:42:54 -0700] "HEAD / HTTP/1.1" 200 359 "http://66.33.221.139" "DreamHost SiteMonitor 1.0" 
185.192.16.57 - - [28/Aug/2022:21:52:11 -0700] "GET /.git/info/refs?service=git-upload-pack HTTP/1.1" 301 495 "-" "git/2.17.1" 
185.192.16.57 - - [28/Aug/2022:21:52:11 -0700] "GET /.git/info/refs?service=git-upload-pack HTTP/1.1" 404 284 "-" "git/2.17.1" 
207.46.13.138 - - [28/Aug/2022:21:52:15 -0700] "GET /self.logs/ HTTP/1.1" 200 38108 "-" "Mozilla/5.0 (compatible; bingbot/2.0; +http://www.bing.com/bingbot.htm)" 
34.206.152.150 - - [28/Aug/2022:21:52:54 -0700] "HEAD / HTTP/1.1" 301 186 "-" "DreamHost SiteMonitor 1.0" 
34.206.152.150 - - [28/Aug/2022:21:52:54 -0700] "HEAD / HTTP/1.1" 200 359 "http://66.33.221.139" "DreamHost SiteMonitor 1.0" 
114.119.140.174 - - [28/Aug/2022:21:57:13 -0700] "GET /self.logs/error.log.2017-11-24.gz HTTP/1.1" 200 2334 "-" "Mozilla/5.0 (compatible;PetalBot;+https://webmaster.petalsearch.com/site/petalbot)" 
34.206.152.150 - - [28/Aug/2022:22:02:54 -0700] "HEAD / HTTP/1.1" 301 186 "-" "DreamHost SiteMonitor 1.0" 
34.206.152.150 - - [28/Aug/2022:22:02:54 -0700] "HEAD / HTTP/1.1" 200 359 "http://66.33.221.139" "DreamHost SiteMonitor 1.0" 
40.77.167.70 - - [28/Aug/2022:22:04:59 -0700] "GET /self.logs/access.log.2017-01-05.gz HTTP/1.1" 200 42710 "-" "Mozilla/5.0 (compatible; bingbot/2.0; +http://www.bing.com/bingbot.htm)" 
68.126.192.247 - - [28/Aug/2022:22:12:02 -0700] "GET / HTTP/1.0" 200 49133 "-" "Mozilla/5.0 (Windows NT 6.3; Win64; x64) AppleWebKit/537.36 (KHTML, like Gecko) Chrome/102.0.0.0 Safari/537.36" 
34.206.152.150 - - [28/Aug/2022:22:12:54 -0700] "HEAD / HTTP/1.1" 301 186 "-" "DreamHost SiteMonitor 1.0" 
34.206.152.150 - - [28/Aug/2022:22:12:54 -0700] "HEAD / HTTP/1.1" 200 359 "http://66.33.221.139" "DreamHost SiteMonitor 1.0" 
114.119.149.237 - - [28/Aug/2022:22:21:20 -0700] "GET /self.logs/error.log.2020-10-19.gz HTTP/1.1" 200 825 "-" "Mozilla/5.0 (compatible;PetalBot;+https://webmaster.petalsearch.com/site/petalbot)" 
34.206.152.150 - - [28/Aug/2022:22:22:54 -0700] "HEAD / HTTP/1.1" 301 186 "-" "DreamHost SiteMonitor 1.0" 
34.206.152.150 - - [28/Aug/2022:22:22:54 -0700] "HEAD / HTTP/1.1" 200 359 "http://66.33.221.139" "DreamHost SiteMonitor 1.0" 
207.46.13.138 - - [28/Aug/2022:22:23:58 -0700] "GET /self.logs/ HTTP/1.1" 200 38108 "-" "Mozilla/5.0 (compatible; bingbot/2.0; +http://www.bing.com/bingbot.htm)" 
185.191.171.16 - - [28/Aug/2022:22:30:09 -0700] "GET /robots.txt HTTP/1.1" 200 340 "-" "Mozilla/5.0 (compatible; SemrushBot/7~bl; +http://www.semrush.com/bot.html)" 
185.191.171.24 - - [28/Aug/2022:22:30:09 -0700] "GET /Datasets%20Description/HTML_Bro_log_3/files.html HTTP/1.1" 200 1873 "-" "Mozilla/5.0 (compatible; SemrushBot/7~bl; +http://www.semrush.com/bot.html)" 
157.55.39.57 - - [28/Aug/2022:22:31:46 -0700] "GET /self.logs/access.log.2017-01-07.gz HTTP/1.1" 200 17319 "-" "Mozilla/5.0 (compatible; bingbot/2.0; +http://www.bing.com/bingbot.htm)" 
34.206.152.150 - - [28/Aug/2022:22:32:54 -0700] "HEAD / HTTP/1.1" 301 186 "-" "DreamHost SiteMonitor 1.0" 
34.206.152.150 - - [28/Aug/2022:22:32:54 -0700] "HEAD / HTTP/1.1" 200 359 "http://66.33.221.139" "DreamHost SiteMonitor 1.0" 
114.119.149.222 - - [28/Aug/2022:22:33:30 -0700] "GET /self.logs/access.log.2018-04-16.gz HTTP/1.1" 200 19812 "-" "Mozilla/5.0 (compatible;PetalBot;+https://webmaster.petalsearch.com/site/petalbot)" 
34.206.152.150 - - [28/Aug/2022:22:42:54 -0700] "HEAD / HTTP/1.1" 301 186 "-" "DreamHost SiteMonitor 1.0" 
34.206.152.150 - - [28/Aug/2022:22:42:54 -0700] "HEAD / HTTP/1.1" 200 359 "http://66.33.221.139" "DreamHost SiteMonitor 1.0" 
34.206.152.150 - - [28/Aug/2022:22:52:54 -0700] "HEAD / HTTP/1.1" 301 186 "-" "DreamHost SiteMonitor 1.0" 
34.206.152.150 - - [28/Aug/2022:22:52:54 -0700] "HEAD / HTTP/1.1" 200 359 "http://66.33.221.139" "DreamHost SiteMonitor 1.0" 
207.46.13.138 - - [28/Aug/2022:22:56:31 -0700] "GET /self.logs/ HTTP/1.1" 200 38108 "-" "Mozilla/5.0 (compatible; bingbot/2.0; +http://www.bing.com/bingbot.htm)" 
114.119.149.222 - - [28/Aug/2022:22:57:27 -0700] "GET /self.logs/access.log.2020-11-28.gz HTTP/1.1" 200 12604 "-" "Mozilla/5.0 (compatible;PetalBot;+https://webmaster.petalsearch.com/site/petalbot)" 
34.206.152.150 - - [28/Aug/2022:23:02:54 -0700] "HEAD / HTTP/1.1" 301 186 "-" "DreamHost SiteMonitor 1.0" 
34.206.152.150 - - [28/Aug/2022:23:02:54 -0700] "HEAD / HTTP/1.1" 200 359 "http://66.33.221.139" "DreamHost SiteMonitor 1.0" 
114.119.149.218 - - [28/Aug/2022:23:09:03 -0700] "GET /self.logs/error.log.2019-12-03.gz HTTP/1.1" 200 1046 "-" "Mozilla/5.0 (compatible;PetalBot;+https://webmaster.petalsearch.com/site/petalbot)" 
49.7.20.89 - - [28/Aug/2022:23:09:08 -0700] "GET / HTTP/1.1" 301 438 "-" "Sogou web spider/4.0(+http://www.sogou.com/docs/help/webmasters.htm#07)" 
49.7.20.95 - - [28/Aug/2022:23:09:13 -0700] "GET / HTTP/1.1" 200 13148 "-" "Sogou web spider/4.0(+http://www.sogou.com/docs/help/webmasters.htm#07)" 
20.191.45.212 - - [28/Aug/2022:23:10:07 -0700] "GET / HTTP/1.1" 200 13185 "http://www.secrepo.com/" "Mozilla/5.0 (compatible; DuckDuckGo-Favicons-Bot/1.0; +http://duckduckgo.com)" 
20.191.45.212 - - [28/Aug/2022:23:10:07 -0700] "GET /bootstrap/img/favicon.ico HTTP/1.1" 200 690 "http://www.secrepo.com/bootstrap/img/favicon.ico" "Mozilla/5.0 (compatible; DuckDuckGo-Favicons-Bot/1.0; +http://duckduckgo.com)" 
34.206.152.150 - - [28/Aug/2022:23:12:54 -0700] "HEAD / HTTP/1.1" 301 186 "-" "DreamHost SiteMonitor 1.0" 
34.206.152.150 - - [28/Aug/2022:23:12:54 -0700] "HEAD / HTTP/1.1" 200 359 "http://66.33.221.139" "DreamHost SiteMonitor 1.0" 
104.28.39.75 - - [28/Aug/2022:23:17:53 -0700] "GET / HTTP/1.1" 200 13186 "-" "Mozilla/5.0 (iPhone; CPU iPhone OS 15_5 like Mac OS X) AppleWebKit/605.1.15 (KHTML, like Gecko) Version/15.5 Mobile/15E148 Safari/604.1" 
104.28.39.75 - - [28/Aug/2022:23:19:03 -0700] "GET /css/style.css HTTP/1.1" 404 328 "http://www.secrepo.com/" "Mozilla/5.0 (iPhone; CPU iPhone OS 15_5 like Mac OS X) AppleWebKit/605.1.15 (KHTML, like Gecko) Version/15.5 Mobile/15E148 Safari/604.1" 
104.28.39.75 - - [28/Aug/2022:23:19:03 -0700] "GET /twitter-icon.png HTTP/1.1" 200 27916 "http://www.secrepo.com/" "Mozilla/5.0 (iPhone; CPU iPhone OS 15_5 like Mac OS X) AppleWebKit/605.1.15 (KHTML, like Gecko) Version/15.5 Mobile/15E148 Safari/604.1" 
104.28.39.75 - - [28/Aug/2022:23:19:03 -0700] "GET /GitHub-Mark.png HTTP/1.1" 200 7556 "http://www.secrepo.com/" "Mozilla/5.0 (iPhone; CPU iPhone OS 15_5 like Mac OS X) AppleWebKit/605.1.15 (KHTML, like Gecko) Version/15.5 Mobile/15E148 Safari/604.1" 
104.28.39.75 - - [28/Aug/2022:23:19:06 -0700] "GET /bootstrap/img/favicon.ico HTTP/1.1" 200 713 "http://www.secrepo.com/" "Mozilla/5.0 (iPhone; CPU iPhone OS 15_5 like Mac OS X) AppleWebKit/605.1.15 (KHTML, like Gecko) Version/15.5 Mobile/15E148 Safari/604.1" 
34.206.152.150 - - [28/Aug/2022:23:22:54 -0700] "HEAD / HTTP/1.1" 301 186 "-" "DreamHost SiteMonitor 1.0" 
34.206.152.150 - - [28/Aug/2022:23:22:54 -0700] "HEAD / HTTP/1.1" 200 359 "http://66.33.221.139" "DreamHost SiteMonitor 1.0" 
207.46.13.138 - - [28/Aug/2022:23:28:35 -0700] "GET /self.logs/ HTTP/1.1" 200 38108 "-" "Mozilla/5.0 (compatible; bingbot/2.0; +http://www.bing.com/bingbot.htm)" 
114.119.135.143 - - [28/Aug/2022:23:29:27 -0700] "GET /robots.txt HTTP/1.1" 301 495 "-" "Mozilla/5.0 (compatible;PetalBot;+https://webmaster.petalsearch.com/site/petalbot)" 
114.119.135.143 - - [28/Aug/2022:23:29:27 -0700] "GET /robots.txt HTTP/1.1" 200 377 "-" "Mozilla/5.0 (compatible;PetalBot;+https://webmaster.petalsearch.com/site/petalbot)" 
34.206.152.150 - - [28/Aug/2022:23:32:54 -0700] "HEAD / HTTP/1.1" 301 186 "-" "DreamHost SiteMonitor 1.0" 
34.206.152.150 - - [28/Aug/2022:23:32:54 -0700] "HEAD / HTTP/1.1" 200 359 "http://66.33.221.139" "DreamHost SiteMonitor 1.0" 
92.205.56.212 - - [28/Aug/2022:23:38:24 -0700] "GET /wp-admin/css/ HTTP/1.1" 301 501 "binance.com" "Mozilla/5.0 (Windows NT 10.0; Win64; x64) AppleWebKit/537.36 (KHTML, like Gecko) Chrome/90.0.4430.85 Safari/537.36" 
92.205.56.212 - - [28/Aug/2022:23:38:36 -0700] "GET /wp-admin/css/ HTTP/1.1" 404 328 "binance.com" "Mozilla/5.0 (Windows NT 10.0; Win64; x64) AppleWebKit/537.36 (KHTML, like Gecko) Chrome/90.0.4430.85 Safari/537.36" 
92.205.56.212 - - [28/Aug/2022:23:38:53 -0700] "GET /.well-known/ HTTP/1.1" 301 499 "binance.com" "Mozilla/5.0 (Windows NT 10.0; Win64; x64) AppleWebKit/537.36 (KHTML, like Gecko) Chrome/90.0.4430.85 Safari/537.36" 
92.205.56.212 - - [28/Aug/2022:23:39:03 -0700] "GET /.well-known/ HTTP/1.1" 200 663 "binance.com" "Mozilla/5.0 (Windows NT 10.0; Win64; x64) AppleWebKit/537.36 (KHTML, like Gecko) Chrome/90.0.4430.85 Safari/537.36" 
92.205.56.212 - - [28/Aug/2022:23:39:17 -0700] "GET /sites/default/files/ HTTP/1.1" 301 515 "binance.com" "Mozilla/5.0 (Windows NT 10.0; Win64; x64) AppleWebKit/537.36 (KHTML, like Gecko) Chrome/90.0.4430.85 Safari/537.36" 
92.205.56.212 - - [28/Aug/2022:23:39:27 -0700] "GET /sites/default/files/ HTTP/1.1" 404 328 "binance.com" "Mozilla/5.0 (Windows NT 10.0; Win64; x64) AppleWebKit/537.36 (KHTML, like Gecko) Chrome/90.0.4430.85 Safari/537.36" 
92.205.56.212 - - [28/Aug/2022:23:39:39 -0700] "GET /admin/controller/extension/extension/ HTTP/1.1" 301 549 "binance.com" "Mozilla/5.0 (Windows NT 10.0; Win64; x64) AppleWebKit/537.36 (KHTML, like Gecko) Chrome/90.0.4430.85 Safari/537.36" 
92.205.56.212 - - [28/Aug/2022:23:39:48 -0700] "GET /admin/controller/extension/extension/ HTTP/1.1" 404 328 "binance.com" "Mozilla/5.0 (Windows NT 10.0; Win64; x64) AppleWebKit/537.36 (KHTML, like Gecko) Chrome/90.0.4430.85 Safari/537.36" 
92.205.56.212 - - [28/Aug/2022:23:39:57 -0700] "GET /uploads/ HTTP/1.1" 301 491 "binance.com" "Mozilla/5.0 (Windows NT 10.0; Win64; x64) AppleWebKit/537.36 (KHTML, like Gecko) Chrome/90.0.4430.85 Safari/537.36" 
92.205.56.212 - - [28/Aug/2022:23:40:10 -0700] "GET /uploads/ HTTP/1.1" 404 328 "binance.com" "Mozilla/5.0 (Windows NT 10.0; Win64; x64) AppleWebKit/537.36 (KHTML, like Gecko) Chrome/90.0.4430.85 Safari/537.36" 
92.205.56.212 - - [28/Aug/2022:23:40:28 -0700] "GET /images/ HTTP/1.1" 301 489 "binance.com" "Mozilla/5.0 (Windows NT 10.0; Win64; x64) AppleWebKit/537.36 (KHTML, like Gecko) Chrome/90.0.4430.85 Safari/537.36" 
92.205.56.212 - - [28/Aug/2022:23:40:41 -0700] "GET /images/ HTTP/1.1" 404 328 "binance.com" "Mozilla/5.0 (Windows NT 10.0; Win64; x64) AppleWebKit/537.36 (KHTML, like Gecko) Chrome/90.0.4430.85 Safari/537.36" 
92.205.56.212 - - [28/Aug/2022:23:40:57 -0700] "GET /files/ HTTP/1.1" 301 487 "binance.com" "Mozilla/5.0 (Windows NT 10.0; Win64; x64) AppleWebKit/537.36 (KHTML, like Gecko) Chrome/90.0.4430.85 Safari/537.36" 
92.205.56.212 - - [28/Aug/2022:23:41:12 -0700] "GET /files/ HTTP/1.1" 404 328 "binance.com" "Mozilla/5.0 (Windows NT 10.0; Win64; x64) AppleWebKit/537.36 (KHTML, like Gecko) Chrome/90.0.4430.85 Safari/537.36" 
157.55.39.120 - - [28/Aug/2022:23:41:49 -0700] "GET /auth.log/auth.log.gz HTTP/1.1" 304 281 "-" "Mozilla/5.0 (compatible; bingbot/2.0; +http://www.bing.com/bingbot.htm)" 
34.206.152.150 - - [28/Aug/2022:23:42:54 -0700] "HEAD / HTTP/1.1" 301 186 "-" "DreamHost SiteMonitor 1.0" 
34.206.152.150 - - [28/Aug/2022:23:42:54 -0700] "HEAD / HTTP/1.1" 200 359 "http://66.33.221.139" "DreamHost SiteMonitor 1.0" 
66.249.64.143 - - [28/Aug/2022:23:50:20 -0700] "GET /robots.txt HTTP/1.1" 200 377 "-" "Mozilla/5.0 (compatible; Googlebot/2.1; +http://www.google.com/bot.html)" 
66.249.64.143 - - [28/Aug/2022:23:50:20 -0700] "GET /self.logs/error.log.2020-10-23 HTTP/1.1" 200 328 "-" "Mozilla/5.0 (Linux; Android 6.0.1; Nexus 5X Build/MMB29P) AppleWebKit/537.36 (KHTML, like Gecko) Chrome/104.0.5112.79 Mobile Safari/537.36 (compatible; Googlebot/2.1; +http://www.google.com/bot.html)" 
34.206.152.150 - - [28/Aug/2022:23:52:54 -0700] "HEAD / HTTP/1.1" 301 186 "-" "DreamHost SiteMonitor 1.0" 
34.206.152.150 - - [28/Aug/2022:23:52:54 -0700] "HEAD / HTTP/1.1" 200 359 "http://66.33.221.139" "DreamHost SiteMonitor 1.0" 
207.46.13.138 - - [29/Aug/2022:00:00:07 -0700] "GET /self.logs/ HTTP/1.1" 200 38108 "-" "Mozilla/5.0 (compatible; bingbot/2.0; +http://www.bing.com/bingbot.htm)" 
34.206.152.150 - - [29/Aug/2022:00:02:54 -0700] "HEAD / HTTP/1.1" 301 186 "-" "DreamHost SiteMonitor 1.0" 
34.206.152.150 - - [29/Aug/2022:00:02:54 -0700] "HEAD / HTTP/1.1" 200 359 "http://66.33.221.139" "DreamHost SiteMonitor 1.0" 
114.119.149.23 - - [29/Aug/2022:00:06:18 -0700] "GET /self.logs/error.log.2017-11-12.gz HTTP/1.1" 200 1846 "-" "Mozilla/5.0 (compatible;PetalBot;+https://webmaster.petalsearch.com/site/petalbot)" 
51.222.253.4 - - [29/Aug/2022:00:07:40 -0700] "GET /Datasets%20Description/Network/tunnel.html HTTP/1.1" 200 1426 "-" "Mozilla/5.0 (compatible; AhrefsBot/7.0; +http://ahrefs.com/robot/)" 
34.206.152.150 - - [29/Aug/2022:00:12:54 -0700] "HEAD / HTTP/1.1" 301 186 "-" "DreamHost SiteMonitor 1.0" 
34.206.152.150 - - [29/Aug/2022:00:12:54 -0700] "HEAD / HTTP/1.1" 200 359 "http://66.33.221.139" "DreamHost SiteMonitor 1.0" 
114.119.149.218 - - [29/Aug/2022:00:17:41 -0700] "GET /self.logs/access.log.2017-02-12.gz HTTP/1.1" 200 17819 "-" "Mozilla/5.0 (compatible;PetalBot;+https://webmaster.petalsearch.com/site/petalbot)" 
203.249.126.21 - - [29/Aug/2022:00:20:22 -0700] "GET /twitter-icon.png HTTP/1.1" 200 27916 "-" "Mozilla/5.0 (Windows NT 10.0; Win64; x64; rv:103.0) Gecko/20100101 Firefox/103.0" 
203.249.126.21 - - [29/Aug/2022:00:20:22 -0700] "GET /GitHub-Mark.png HTTP/1.1" 200 7556 "-" "Mozilla/5.0 (Windows NT 10.0; Win64; x64; rv:103.0) Gecko/20100101 Firefox/103.0" 
203.249.126.21 - - [29/Aug/2022:00:21:45 -0700] "GET /twitter-icon.png HTTP/1.1" 200 27916 "-" "Mozilla/5.0 (Windows NT 10.0; Win64; x64; rv:103.0) Gecko/20100101 Firefox/103.0" 
203.249.126.21 - - [29/Aug/2022:00:21:45 -0700] "GET /GitHub-Mark.png HTTP/1.1" 200 7556 "-" "Mozilla/5.0 (Windows NT 10.0; Win64; x64; rv:103.0) Gecko/20100101 Firefox/103.0" 
34.206.152.150 - - [29/Aug/2022:00:22:54 -0700] "HEAD / HTTP/1.1" 301 186 "-" "DreamHost SiteMonitor 1.0" 
34.206.152.150 - - [29/Aug/2022:00:22:54 -0700] "HEAD / HTTP/1.1" 200 359 "http://66.33.221.139" "DreamHost SiteMonitor 1.0" 
101.198.192.15 - - [29/Aug/2022:00:28:33 -0700] "GET /favicon.ico HTTP/1.1" 200 391 "-" "Mozilla/5.0 (Windows NT 10.0; Win64; x64) AppleWebKit/537.36 (KHTML, like Gecko) Chrome/95.0.4638.69 Safari/537.36" 
114.119.149.237 - - [29/Aug/2022:00:29:13 -0700] "GET /self.logs/error.log.2019-02-25.gz HTTP/1.1" 200 4014 "-" "Mozilla/5.0 (compatible;PetalBot;+https://webmaster.petalsearch.com/site/petalbot)" 
207.46.13.138 - - [29/Aug/2022:00:30:51 -0700] "GET /self.logs/ HTTP/1.1" 200 38108 "-" "Mozilla/5.0 (compatible; bingbot/2.0; +http://www.bing.com/bingbot.htm)" 
114.213.252.69 - - [29/Aug/2022:00:32:16 -0700] "GET / HTTP/1.1" 200 13185 "-" "Mozilla/5.0 (Windows NT 10.0; Win64; x64) AppleWebKit/537.36 (KHTML, like Gecko) Chrome/104.0.0.0 Safari/537.36" 
114.213.252.69 - - [29/Aug/2022:00:32:16 -0700] "GET /css/style.css HTTP/1.1" 404 305 "http://www.secrepo.com/" "Mozilla/5.0 (Windows NT 10.0; Win64; x64) AppleWebKit/537.36 (KHTML, like Gecko) Chrome/104.0.0.0 Safari/537.36" 
114.213.252.69 - - [29/Aug/2022:00:32:16 -0700] "GET /GitHub-Mark.png HTTP/1.1" 200 7556 "http://www.secrepo.com/" "Mozilla/5.0 (Windows NT 10.0; Win64; x64) AppleWebKit/537.36 (KHTML, like Gecko) Chrome/104.0.0.0 Safari/537.36" 
114.213.252.69 - - [29/Aug/2022:00:32:16 -0700] "GET /twitter-icon.png HTTP/1.1" 200 27916 "http://www.secrepo.com/" "Mozilla/5.0 (Windows NT 10.0; Win64; x64) AppleWebKit/537.36 (KHTML, like Gecko) Chrome/104.0.0.0 Safari/537.36" 
114.213.252.69 - - [29/Aug/2022:00:32:19 -0700] "GET /bootstrap/img/favicon.ico HTTP/1.1" 200 690 "http://www.secrepo.com/" "Mozilla/5.0 (Windows NT 10.0; Win64; x64) AppleWebKit/537.36 (KHTML, like Gecko) Chrome/104.0.0.0 Safari/537.36" 
34.206.152.150 - - [29/Aug/2022:00:32:54 -0700] "HEAD / HTTP/1.1" 301 186 "-" "DreamHost SiteMonitor 1.0" 
34.206.152.150 - - [29/Aug/2022:00:32:54 -0700] "HEAD / HTTP/1.1" 200 359 "http://66.33.221.139" "DreamHost SiteMonitor 1.0" 
66.249.64.143 - - [29/Aug/2022:00:35:20 -0700] "GET /self.logs/error.log.2020-09-16 HTTP/1.1" 200 768 "-" "Mozilla/5.0 (Linux; Android 6.0.1; Nexus 5X Build/MMB29P) AppleWebKit/537.36 (KHTML, like Gecko) Chrome/104.0.5112.79 Mobile Safari/537.36 (compatible; Googlebot/2.1; +http://www.google.com/bot.html)" 
123.125.109.43 - - [29/Aug/2022:00:38:39 -0700] "GET / HTTP/1.1" 200 13148 "-" "Sogou web spider/4.0(+http://www.sogou.com/docs/help/webmasters.htm#07)" 
114.119.140.174 - - [29/Aug/2022:00:40:28 -0700] "GET /self.logs/access.log.2020-10-23.gz HTTP/1.1" 200 13264 "-" "Mozilla/5.0 (compatible;PetalBot;+https://webmaster.petalsearch.com/site/petalbot)" 
34.206.152.150 - - [29/Aug/2022:00:42:54 -0700] "HEAD / HTTP/1.1" 301 186 "-" "DreamHost SiteMonitor 1.0" 
34.206.152.150 - - [29/Aug/2022:00:42:54 -0700] "HEAD / HTTP/1.1" 200 359 "http://66.33.221.139" "DreamHost SiteMonitor 1.0" 
113.89.234.169 - - [29/Aug/2022:00:45:20 -0700] "GET /favicon.ico HTTP/1.1" 200 391 "http://www.secrepo.com/" "Mozilla/5.0 (Windows NT 10.0; Win64; x64) AppleWebKit/537.36 (KHTML, like Gecko) Chrome/102.0.0.0 Safari/537.36" 
113.89.234.169 - - [29/Aug/2022:00:45:22 -0700] "GET / HTTP/1.1" 200 13162 "http://www.secrepo.com/" "Mozilla/5.0 (Windows NT 10.0; Win64; x64) AppleWebKit/537.36 (KHTML, like Gecko) Chrome/102.0.0.0 Safari/537.36" 
113.89.234.169 - - [29/Aug/2022:00:45:22 -0700] "GET /css/style.css HTTP/1.1" 404 305 "http://www.secrepo.com/" "Mozilla/5.0 (Windows NT 10.0; Win64; x64) AppleWebKit/537.36 (KHTML, like Gecko) Chrome/102.0.0.0 Safari/537.36" 
113.89.234.169 - - [29/Aug/2022:00:45:22 -0700] "GET /twitter-icon.png HTTP/1.1" 200 27916 "http://www.secrepo.com/" "Mozilla/5.0 (Windows NT 10.0; Win64; x64) AppleWebKit/537.36 (KHTML, like Gecko) Chrome/102.0.0.0 Safari/537.36" 
113.89.234.169 - - [29/Aug/2022:00:45:22 -0700] "GET /GitHub-Mark.png HTTP/1.1" 200 7556 "http://www.secrepo.com/" "Mozilla/5.0 (Windows NT 10.0; Win64; x64) AppleWebKit/537.36 (KHTML, like Gecko) Chrome/102.0.0.0 Safari/537.36" 
114.119.149.237 - - [29/Aug/2022:00:51:55 -0700] "GET /self.logs/access.log.2018-04-06.gz HTTP/1.1" 200 27200 "-" "Mozilla/5.0 (compatible;PetalBot;+https://webmaster.petalsearch.com/site/petalbot)" 
34.206.152.150 - - [29/Aug/2022:00:52:54 -0700] "HEAD / HTTP/1.1" 301 186 "-" "DreamHost SiteMonitor 1.0" 
34.206.152.150 - - [29/Aug/2022:00:52:54 -0700] "HEAD / HTTP/1.1" 200 359 "http://66.33.221.139" "DreamHost SiteMonitor 1.0" 
34.206.152.150 - - [29/Aug/2022:01:02:54 -0700] "HEAD / HTTP/1.1" 301 186 "-" "DreamHost SiteMonitor 1.0" 
34.206.152.150 - - [29/Aug/2022:01:02:54 -0700] "HEAD / HTTP/1.1" 200 359 "http://66.33.221.139" "DreamHost SiteMonitor 1.0" 
114.119.149.218 - - [29/Aug/2022:01:03:18 -0700] "GET /self.logs/2015/access.log.2015-02-15.gz HTTP/1.1" 200 15668 "-" "Mozilla/5.0 (compatible;PetalBot;+https://webmaster.petalsearch.com/site/petalbot)" 
207.46.13.138 - - [29/Aug/2022:01:03:34 -0700] "GET /self.logs/ HTTP/1.1" 200 38108 "-" "Mozilla/5.0 (compatible; bingbot/2.0; +http://www.bing.com/bingbot.htm)" 
51.222.253.10 - - [29/Aug/2022:01:09:36 -0700] "GET /Datasets%20Description/Network/ftp.html HTTP/1.1" 200 1486 "-" "Mozilla/5.0 (compatible; AhrefsBot/7.0; +http://ahrefs.com/robot/)" 
34.206.152.150 - - [29/Aug/2022:01:12:54 -0700] "HEAD / HTTP/1.1" 301 186 "-" "DreamHost SiteMonitor 1.0" 
34.206.152.150 - - [29/Aug/2022:01:12:54 -0700] "HEAD / HTTP/1.1" 200 359 "http://66.33.221.139" "DreamHost SiteMonitor 1.0" 
35.90.236.98 - - [29/Aug/2022:01:13:52 -0700] "GET / HTTP/1.1" 301 438 "-" "Mozilla/5.0 (Macintosh; Intel Mac OS X 10_10_5) AppleWebKit/537.36 (KHTML, like Gecko) Chrome/52.0.2743.116 Safari/537.36" 
35.90.236.98 - - [29/Aug/2022:01:13:58 -0700] "GET / HTTP/1.1" 200 49096 "-" "Mozilla/5.0 (Macintosh; Intel Mac OS X 10_10_5) AppleWebKit/537.36 (KHTML, like Gecko) Chrome/52.0.2743.116 Safari/537.36" 
35.90.236.98 - - [29/Aug/2022:01:13:58 -0700] "GET / HTTP/1.1" 200 49096 "-" "Mozilla/5.0 (Macintosh; Intel Mac OS X 10_10_5) AppleWebKit/537.36 (KHTML, like Gecko) Chrome/52.0.2743.116 Safari/537.36" 
114.119.149.228 - - [29/Aug/2022:01:14:51 -0700] "GET /self.logs/access.log.2018-11-14.gz HTTP/1.1" 200 33285 "-" "Mozilla/5.0 (compatible;PetalBot;+https://webmaster.petalsearch.com/site/petalbot)" 
17.121.114.102 - - [29/Aug/2022:01:19:37 -0700] "GET /robots.txt HTTP/1.1" 200 333 "-" "Mozilla/5.0 (Macintosh; Intel Mac OS X 10_15_5) AppleWebKit/605.1.15 (KHTML, like Gecko) Version/13.1.1 Safari/605.1.15 (Applebot/0.1; +http://www.apple.com/go/applebot)" 
17.121.114.102 - - [29/Aug/2022:01:19:37 -0700] "GET /self.logs/access.log.2019-06-28.gz HTTP/1.1" 200 36379 "-" "Mozilla/5.0 (Macintosh; Intel Mac OS X 10_15_5) AppleWebKit/605.1.15 (KHTML, like Gecko) Version/13.1.1 Safari/605.1.15 (Applebot/0.1; +http://www.apple.com/go/applebot)" 
66.249.64.143 - - [29/Aug/2022:01:20:16 -0700] "GET /Datasets%20Description/PE_malware/Zeus.html HTTP/1.1" 304 277 "-" "Mozilla/5.0 (Linux; Android 6.0.1; Nexus 5X Build/MMB29P) AppleWebKit/537.36 (KHTML, like Gecko) Chrome/104.0.5112.79 Mobile Safari/537.36 (compatible; Googlebot/2.1; +http://www.google.com/bot.html)" 
34.206.152.150 - - [29/Aug/2022:01:22:54 -0700] "HEAD / HTTP/1.1" 301 186 "-" "DreamHost SiteMonitor 1.0" 
34.206.152.150 - - [29/Aug/2022:01:22:54 -0700] "HEAD / HTTP/1.1" 200 359 "http://66.33.221.139" "DreamHost SiteMonitor 1.0" 
43.248.130.210 - - [29/Aug/2022:01:28:36 -0700] "GET /admin/webuploader/server/preview.php HTTP/1.1" 301 547 "-" "Mozilla/5.0 (Windows NT 10.0; Win64; x64) AppleWebKit/537.36 (KHTML, like Gecko) Chrome/85.0.4183.102 Safari/537.36" 
17.121.113.133 - - [29/Aug/2022:01:29:09 -0700] "GET /self.logs/error.log.2019-10-04.gz HTTP/1.1" 200 1924 "-" "Mozilla/5.0 (Macintosh; Intel Mac OS X 10_15_5) AppleWebKit/605.1.15 (KHTML, like Gecko) Version/13.1.1 Safari/605.1.15 (Applebot/0.1; +http://www.apple.com/go/applebot)" 
157.55.39.120 - - [29/Aug/2022:01:30:36 -0700] "GET / HTTP/1.1" 301 475 "-" "Mozilla/5.0 (compatible; bingbot/2.0; +http://www.bing.com/bingbot.htm)" 
34.206.152.150 - - [29/Aug/2022:01:32:54 -0700] "HEAD / HTTP/1.1" 301 186 "-" "DreamHost SiteMonitor 1.0" 
34.206.152.150 - - [29/Aug/2022:01:32:54 -0700] "HEAD / HTTP/1.1" 200 359 "http://66.33.221.139" "DreamHost SiteMonitor 1.0" 
157.55.39.120 - - [29/Aug/2022:01:33:01 -0700] "GET / HTTP/1.1" 200 13186 "-" "Mozilla/5.0 (compatible; bingbot/2.0; +http://www.bing.com/bingbot.htm)" 
17.121.113.18 - - [29/Aug/2022:01:36:16 -0700] "GET /self.logs/access.log.2019-07-23.gz HTTP/1.1" 200 31901 "-" "Mozilla/5.0 (Macintosh; Intel Mac OS X 10_15_5) AppleWebKit/605.1.15 (KHTML, like Gecko) Version/13.1.1 Safari/605.1.15 (Applebot/0.1; +http://www.apple.com/go/applebot)" 
17.121.112.55 - - [29/Aug/2022:01:36:51 -0700] "GET /self.logs/access.log.2019-08-03.gz HTTP/1.1" 200 21534 "-" "Mozilla/5.0 (Macintosh; Intel Mac OS X 10_15_5) AppleWebKit/605.1.15 (KHTML, like Gecko) Version/13.1.1 Safari/605.1.15 (Applebot/0.1; +http://www.apple.com/go/applebot)" 
17.121.112.55 - - [29/Aug/2022:01:36:52 -0700] "GET /self.logs/access.log.2018-04-10.gz HTTP/1.1" 200 34186 "-" "Mozilla/5.0 (Macintosh; Intel Mac OS X 10_15_5) AppleWebKit/605.1.15 (KHTML, like Gecko) Version/13.1.1 Safari/605.1.15 (Applebot/0.1; +http://www.apple.com/go/applebot)" 
114.119.149.237 - - [29/Aug/2022:01:37:02 -0700] "GET /self.logs/access.log.2018-07-08.gz HTTP/1.1" 200 30712 "-" "Mozilla/5.0 (compatible;PetalBot;+https://webmaster.petalsearch.com/site/petalbot)" 
207.46.13.138 - - [29/Aug/2022:01:37:36 -0700] "GET /self.logs/ HTTP/1.1" 200 38108 "-" "Mozilla/5.0 (compatible; bingbot/2.0; +http://www.bing.com/bingbot.htm)" 
17.121.112.71 - - [29/Aug/2022:01:39:48 -0700] "GET /self.logs/error.log.2021-03-21.gz HTTP/1.1" 200 1555 "-" "Mozilla/5.0 (Macintosh; Intel Mac OS X 10_15_5) AppleWebKit/605.1.15 (KHTML, like Gecko) Version/13.1.1 Safari/605.1.15 (Applebot/0.1; +http://www.apple.com/go/applebot)" 
154.51.131.142 - - [29/Aug/2022:01:41:02 -0700] "GET / HTTP/1.1" 301 475 "-" "Mozilla/5.0 (Windows NT 10.0; Win64; x64) AppleWebKit/537.36 (KHTML, like Gecko) Chrome/79.0.3945.130 Safari/537.36" 
154.51.131.142 - - [29/Aug/2022:01:41:02 -0700] "GET / HTTP/1.1" 200 13186 "-" "Mozilla/5.0 (Windows NT 10.0; Win64; x64) AppleWebKit/537.36 (KHTML, like Gecko) Chrome/79.0.3945.130 Safari/537.36" 
17.121.112.160 - - [29/Aug/2022:01:41:59 -0700] "GET /self.logs/error.log.2017-10-14.gz HTTP/1.1" 200 1602 "-" "Mozilla/5.0 (Macintosh; Intel Mac OS X 10_15_5) AppleWebKit/605.1.15 (KHTML, like Gecko) Version/13.1.1 Safari/605.1.15 (Applebot/0.1; +http://www.apple.com/go/applebot)" 
34.206.152.150 - - [29/Aug/2022:01:42:54 -0700] "HEAD / HTTP/1.1" 301 186 "-" "DreamHost SiteMonitor 1.0" 
34.206.152.150 - - [29/Aug/2022:01:42:54 -0700] "HEAD / HTTP/1.1" 200 359 "http://66.33.221.139" "DreamHost SiteMonitor 1.0" 
81.250.153.208 - - [29/Aug/2022:01:43:22 -0700] "GET / HTTP/1.1" 200 13186 "-" "Mozilla/5.0 (Windows NT 10.0; Win64; x64) AppleWebKit/537.36 (KHTML, like Gecko) Chrome/104.0.5112.102 Safari/537.36 Edg/104.0.1293.70" 
81.250.153.208 - - [29/Aug/2022:01:43:22 -0700] "GET /css/style.css HTTP/1.1" 404 305 "http://www.secrepo.com/" "Mozilla/5.0 (Windows NT 10.0; Win64; x64) AppleWebKit/537.36 (KHTML, like Gecko) Chrome/104.0.5112.102 Safari/537.36 Edg/104.0.1293.70" 
81.250.153.208 - - [29/Aug/2022:01:43:22 -0700] "GET /twitter-icon.png HTTP/1.1" 200 27916 "http://www.secrepo.com/" "Mozilla/5.0 (Windows NT 10.0; Win64; x64) AppleWebKit/537.36 (KHTML, like Gecko) Chrome/104.0.5112.102 Safari/537.36 Edg/104.0.1293.70" 
81.250.153.208 - - [29/Aug/2022:01:43:22 -0700] "GET /GitHub-Mark.png HTTP/1.1" 200 7533 "http://www.secrepo.com/" "Mozilla/5.0 (Windows NT 10.0; Win64; x64) AppleWebKit/537.36 (KHTML, like Gecko) Chrome/104.0.5112.102 Safari/537.36 Edg/104.0.1293.70" 
81.250.153.208 - - [29/Aug/2022:01:43:22 -0700] "GET /bootstrap/img/favicon.ico HTTP/1.1" 200 690 "http://www.secrepo.com/" "Mozilla/5.0 (Windows NT 10.0; Win64; x64) AppleWebKit/537.36 (KHTML, like Gecko) Chrome/104.0.5112.102 Safari/537.36 Edg/104.0.1293.70" 
17.121.113.204 - - [29/Aug/2022:01:52:52 -0700] "GET /self.logs/access.log.2018-05-18.gz HTTP/1.1" 200 16482 "-" "Mozilla/5.0 (Macintosh; Intel Mac OS X 10_15_5) AppleWebKit/605.1.15 (KHTML, like Gecko) Version/13.1.1 Safari/605.1.15 (Applebot/0.1; +http://www.apple.com/go/applebot)" 
34.206.152.150 - - [29/Aug/2022:01:52:54 -0700] "HEAD / HTTP/1.1" 301 186 "-" "DreamHost SiteMonitor 1.0" 
34.206.152.150 - - [29/Aug/2022:01:52:54 -0700] "HEAD / HTTP/1.1" 200 359 "http://66.33.221.139" "DreamHost SiteMonitor 1.0" 
17.121.113.28 - - [29/Aug/2022:01:53:33 -0700] "GET /self.logs/error.log.2021-07-28.gz HTTP/1.1" 200 604 "-" "Mozilla/5.0 (Macintosh; Intel Mac OS X 10_15_5) AppleWebKit/605.1.15 (KHTML, like Gecko) Version/13.1.1 Safari/605.1.15 (Applebot/0.1; +http://www.apple.com/go/applebot)" 
114.119.140.174 - - [29/Aug/2022:01:59:12 -0700] "GET /self.logs/error.log.2019-11-26.gz HTTP/1.1" 200 869 "-" "Mozilla/5.0 (compatible;PetalBot;+https://webmaster.petalsearch.com/site/petalbot)" 
34.206.152.150 - - [29/Aug/2022:02:02:54 -0700] "HEAD / HTTP/1.1" 301 186 "-" "DreamHost SiteMonitor 1.0" 
34.206.152.150 - - [29/Aug/2022:02:02:54 -0700] "HEAD / HTTP/1.1" 200 359 "http://66.33.221.139" "DreamHost SiteMonitor 1.0" 
66.249.64.149 - - [29/Aug/2022:02:04:23 -0700] "GET /maccdc2012/maccdc2012 HTTP/1.1" 404 328 "-" "Mozilla/5.0 (Linux; Android 6.0.1; Nexus 5X Build/MMB29P) AppleWebKit/537.36 (KHTML, like Gecko) Chrome/104.0.5112.79 Mobile Safari/537.36 (compatible; Googlebot/2.1; +http://www.google.com/bot.html)" 
54.36.148.85 - - [29/Aug/2022:02:07:44 -0700] "GET /robots.txt HTTP/1.1" 200 333 "-" "Mozilla/5.0 (compatible; AhrefsBot/7.0; +http://ahrefs.com/robot/)" 
207.46.13.138 - - [29/Aug/2022:02:08:50 -0700] "GET /self.logs/ HTTP/1.1" 200 38108 "-" "Mozilla/5.0 (compatible; bingbot/2.0; +http://www.bing.com/bingbot.htm)" 
114.119.149.222 - - [29/Aug/2022:02:10:20 -0700] "GET /self.logs/2015/access.log.2015-04-21.gz HTTP/1.1" 200 6771 "-" "Mozilla/5.0 (compatible;PetalBot;+https://webmaster.petalsearch.com/site/petalbot)" 
34.206.152.150 - - [29/Aug/2022:02:12:54 -0700] "HEAD / HTTP/1.1" 301 186 "-" "DreamHost SiteMonitor 1.0" 
34.206.152.150 - - [29/Aug/2022:02:12:54 -0700] "HEAD / HTTP/1.1" 200 359 "http://66.33.221.139" "DreamHost SiteMonitor 1.0" 
210.35.56.81 - - [29/Aug/2022:02:15:08 -0700] "GET /favicon.ico HTTP/1.1" 200 391 "-" "Mozilla/5.0 (Windows NT 10.0; WOW64) AppleWebKit/537.36 (KHTML, like Gecko) Chrome/65.0.3314.0 Safari/537.36 SE 2.X MetaSr 1.0" 
51.222.253.12 - - [29/Aug/2022:02:15:51 -0700] "GET /Datasets%20Description/Network/weird.html HTTP/1.1" 200 1601 "-" "Mozilla/5.0 (compatible; AhrefsBot/7.0; +http://ahrefs.com/robot/)" 
34.206.152.150 - - [29/Aug/2022:02:22:54 -0700] "HEAD / HTTP/1.1" 301 186 "-" "DreamHost SiteMonitor 1.0" 
34.206.152.150 - - [29/Aug/2022:02:22:54 -0700] "HEAD / HTTP/1.1" 200 359 "http://66.33.221.139" "DreamHost SiteMonitor 1.0" 
34.206.152.150 - - [29/Aug/2022:02:32:54 -0700] "HEAD / HTTP/1.1" 301 186 "-" "DreamHost SiteMonitor 1.0" 
34.206.152.150 - - [29/Aug/2022:02:32:54 -0700] "HEAD / HTTP/1.1" 200 359 "http://66.33.221.139" "DreamHost SiteMonitor 1.0" 
109.197.199.22 - - [29/Aug/2022:02:37:15 -0700] "GET / HTTP/1.0" 301 438 "http://secrepo.com/" "Mozilla/5.0 (Windows NT 10.0) AppleWebKit/537.36 (KHTML, like Gecko) Chrome/90.0.4430.85 Safari/537.36 Edg/90.0.818.46" 
109.197.199.22 - - [29/Aug/2022:02:37:16 -0700] "GET / HTTP/1.0" 200 49096 "http://www.secrepo.com/" "Mozilla/5.0 (Windows NT 10.0) AppleWebKit/537.36 (KHTML, like Gecko) Chrome/90.0.4430.85 Safari/537.36 Edg/90.0.818.46" 
129.227.150.140 - - [29/Aug/2022:02:37:17 -0700] "GET / HTTP/1.1" 200 13185 "-" "Mozilla/5.0 (Windows NT 10.0; Win64; x64) AppleWebKit/537.36 (KHTML, like Gecko) Chrome/104.0.5112.101 Safari/537.36" 
129.227.150.140 - - [29/Aug/2022:02:37:17 -0700] "GET /css/style.css HTTP/1.1" 404 305 "http://www.secrepo.com/" "Mozilla/5.0 (Windows NT 10.0; Win64; x64) AppleWebKit/537.36 (KHTML, like Gecko) Chrome/104.0.5112.101 Safari/537.36" 
129.227.150.140 - - [29/Aug/2022:02:37:17 -0700] "GET /twitter-icon.png HTTP/1.1" 200 27893 "http://www.secrepo.com/" "Mozilla/5.0 (Windows NT 10.0; Win64; x64) AppleWebKit/537.36 (KHTML, like Gecko) Chrome/104.0.5112.101 Safari/537.36" 
129.227.150.140 - - [29/Aug/2022:02:37:18 -0700] "GET /GitHub-Mark.png HTTP/1.1" 200 7556 "http://www.secrepo.com/" "Mozilla/5.0 (Windows NT 10.0; Win64; x64) AppleWebKit/537.36 (KHTML, like Gecko) Chrome/104.0.5112.101 Safari/537.36" 
129.227.150.140 - - [29/Aug/2022:02:37:19 -0700] "GET /bootstrap/img/favicon.ico HTTP/1.1" 200 690 "http://www.secrepo.com/" "Mozilla/5.0 (Windows NT 10.0; Win64; x64) AppleWebKit/537.36 (KHTML, like Gecko) Chrome/104.0.5112.101 Safari/537.36" 
54.36.149.78 - - [29/Aug/2022:02:40:14 -0700] "GET /robots.txt HTTP/1.1" 301 439 "-" "Mozilla/5.0 (compatible; AhrefsBot/7.0; +http://ahrefs.com/robot/)" 
54.36.149.78 - - [29/Aug/2022:02:40:15 -0700] "GET /robots.txt HTTP/1.1" 200 333 "-" "Mozilla/5.0 (compatible; AhrefsBot/7.0; +http://ahrefs.com/robot/)" 
207.46.13.138 - - [29/Aug/2022:02:40:53 -0700] "GET /self.logs/ HTTP/1.1" 200 38108 "-" "Mozilla/5.0 AppleWebKit/537.36 (KHTML, like Gecko; compatible; bingbot/2.0; +http://www.bing.com/bingbot.htm) Chrome/103.0.5060.134 Safari/537.36" 
34.206.152.150 - - [29/Aug/2022:02:42:54 -0700] "HEAD / HTTP/1.1" 301 186 "-" "DreamHost SiteMonitor 1.0" 
34.206.152.150 - - [29/Aug/2022:02:42:54 -0700] "HEAD / HTTP/1.1" 200 359 "http://66.33.221.139" "DreamHost SiteMonitor 1.0" 
199.16.157.182 - - [29/Aug/2022:02:44:13 -0700] "GET /robots.txt HTTP/1.1" 301 439 "-" "Twitterbot/1.0" 
199.16.157.182 - - [29/Aug/2022:02:44:13 -0700] "GET /robots.txt HTTP/1.1" 200 333 "-" "Twitterbot/1.0" 
199.16.157.182 - - [29/Aug/2022:02:44:13 -0700] "GET / HTTP/1.1" 301 419 "-" "Twitterbot/1.0" 
199.16.157.182 - - [29/Aug/2022:02:44:14 -0700] "GET /robots.txt HTTP/1.1" 200 333 "-" "Twitterbot/1.0" 
199.16.157.182 - - [29/Aug/2022:02:44:14 -0700] "GET / HTTP/1.1" 200 13107 "-" "Twitterbot/1.0" 
81.250.153.208 - - [29/Aug/2022:02:45:32 -0700] "GET /scada/scada_logs.zip HTTP/1.1" 200 365012 "http://www.secrepo.com/" "Mozilla/5.0 (Windows NT 10.0; Win64; x64) AppleWebKit/537.36 (KHTML, like Gecko) Chrome/104.0.5112.102 Safari/537.36 Edg/104.0.1293.70" 
159.223.32.226 - - [29/Aug/2022:02:47:18 -0700] "GET / HTTP/1.1" 301 438 "https://www.google.com" "Not A;Brand\";v=\"99\", \"Chromium\";v=\"90\", \"Google Chrome\";v=\"90" 
159.223.32.226 - - [29/Aug/2022:02:47:19 -0700] "GET / HTTP/1.1" 200 49096 "http://secrepo.com/" "Not A;Brand\";v=\"99\", \"Chromium\";v=\"90\", \"Google Chrome\";v=\"90" 
