45.195.151.153 - - [26/Aug/2019:09:34:09 -0700] "POST //plus/mytag_js.php?aid=511348 HTTP/1.1" 404 216 "-" "-" 
45.195.151.153 - - [26/Aug/2019:09:34:10 -0700] "POST //plus/mytag_js.php?aid=9527 HTTP/1.1" 404 216 "-" "-" 
45.195.151.153 - - [26/Aug/2019:09:34:11 -0700] "POST //plus/mytag_j.php?aid=6022 HTTP/1.1" 404 216 "-" "-" 
45.195.151.153 - - [26/Aug/2019:09:34:12 -0700] "POST //plus/mytag_js.php?aid=8080 HTTP/1.1" 404 216 "-" "-" 
45.195.151.153 - - [26/Aug/2019:09:34:13 -0700] "POST //plus/mytag_js.php?aid=9090 HTTP/1.1" 404 216 "-" "-" 
45.195.151.153 - - [26/Aug/2019:09:34:14 -0700] "POST //plus/mytag_js.php?aid=9191 HTTP/1.1" 404 216 "-" "-" 
45.195.151.153 - - [26/Aug/2019:09:34:15 -0700] "POST //include/code/mp.php HTTP/1.1" 404 216 "-" "-" 
45.195.151.153 - - [26/Aug/2019:09:34:16 -0700] "POST //include/helpers/cookie.helpea.php HTTP/1.1" 404 216 "-" "-" 
45.195.151.153 - - [26/Aug/2019:09:34:17 -0700] "POST //templets/plus/sky.php HTTP/1.1" 404 216 "-" "-" 
45.195.151.153 - - [26/Aug/2019:09:34:18 -0700] "POST //plus/cere.php HTTP/1.1" 404 216 "-" "-" 
45.195.151.153 - - [26/Aug/2019:09:34:22 -0700] "POST //plus/360.php HTTP/1.1" 404 250 "-" "-" 
45.195.151.153 - - [26/Aug/2019:09:34:23 -0700] "POST //data/safe/360.php HTTP/1.1" 404 216 "-" "-" 
45.195.151.153 - - [26/Aug/2019:09:34:24 -0700] "POST //include/helperss/filter.helpear.php HTTP/1.1" 404 216 "-" "-" 
45.195.151.153 - - [26/Aug/2019:09:34:25 -0700] "POST //dxyylc/1ndex.php HTTP/1.1" 404 216 "-" "-" 
45.195.151.153 - - [26/Aug/2019:09:34:26 -0700] "POST //dxyylc/md5.php HTTP/1.1" 404 216 "-" "-" 
45.195.151.153 - - [26/Aug/2019:09:34:27 -0700] "POST //plus/bakup.php HTTP/1.1" 404 216 "-" "-" 
45.195.151.153 - - [26/Aug/2019:09:34:28 -0700] "POST //plus/e7xue.php HTTP/1.1" 404 216 "-" "-" 
45.195.151.153 - - [26/Aug/2019:09:34:29 -0700] "POST //images/swfupload/images/uploadye.php HTTP/1.1" 404 216 "-" "-" 
45.195.151.153 - - [26/Aug/2019:09:34:30 -0700] "POST //plus/mybak.php HTTP/1.1" 404 216 "-" "-" 
45.195.151.153 - - [26/Aug/2019:09:34:31 -0700] "POST //plus/xsvip.php HTTP/1.1" 404 216 "-" "-" 
45.195.151.153 - - [26/Aug/2019:09:34:32 -0700] "POST //plus/laobiao.php HTTP/1.1" 404 216 "-" "-" 
45.195.151.153 - - [26/Aug/2019:09:34:33 -0700] "POST //data/admin/sky.php HTTP/1.1" 404 216 "-" "-" 
45.195.151.153 - - [26/Aug/2019:09:34:34 -0700] "POST //plus/90sec.php HTTP/1.1" 404 216 "-" "-" 
45.195.151.153 - - [26/Aug/2019:09:34:35 -0700] "POST //include/data/fonts/uddatasql.php HTTP/1.1" 404 216 "-" "-" 
45.195.151.153 - - [26/Aug/2019:09:34:36 -0700] "POST //include/ckeditor/plugins/pagebreak/images/inCahe.php HTTP/1.1" 404 216 "-" "-" 
45.195.151.153 - - [26/Aug/2019:09:34:37 -0700] "POST //plus/av.php HTTP/1.1" 404 216 "-" "-" 
45.195.151.153 - - [26/Aug/2019:09:34:38 -0700] "POST //plus/long.php HTTP/1.1" 404 216 "-" "-" 
45.195.151.153 - - [26/Aug/2019:09:34:39 -0700] "POST //xiaolei.php HTTP/1.1" 404 216 "-" "-" 
45.195.151.153 - - [26/Aug/2019:09:34:40 -0700] "POST //plus/myjs.php HTTP/1.1" 404 216 "-" "-" 
45.195.151.153 - - [26/Aug/2019:09:34:41 -0700] "POST //uploads/allimg/xm.php HTTP/1.1" 404 216 "-" "-" 
24.170.207.104 - - [26/Aug/2019:09:39:08 -0700] "GET / HTTP/1.1" 200 12431 "-" "Mozilla/5.0 (Windows NT 10.0; Win64; x64) AppleWebKit/537.36 (KHTML, like Gecko) Chrome/76.0.3809.100 Safari/537.36" 
24.170.207.104 - - [26/Aug/2019:09:39:08 -0700] "GET /css/style.css HTTP/1.1" 404 271 "http://www.secrepo.com/" "Mozilla/5.0 (Windows NT 10.0; Win64; x64) AppleWebKit/537.36 (KHTML, like Gecko) Chrome/76.0.3809.100 Safari/537.36" 
24.170.207.104 - - [26/Aug/2019:09:39:08 -0700] "GET /twitter-icon.png HTTP/1.1" 200 27810 "http://www.secrepo.com/" "Mozilla/5.0 (Windows NT 10.0; Win64; x64) AppleWebKit/537.36 (KHTML, like Gecko) Chrome/76.0.3809.100 Safari/537.36" 
24.170.207.104 - - [26/Aug/2019:09:39:08 -0700] "GET /GitHub-Mark.png HTTP/1.1" 200 7427 "http://www.secrepo.com/" "Mozilla/5.0 (Windows NT 10.0; Win64; x64) AppleWebKit/537.36 (KHTML, like Gecko) Chrome/76.0.3809.100 Safari/537.36" 
113.171.224.176 - - [26/Aug/2019:09:40:33 -0700] "GET /honeypot/Honeypot%20-%20Howto.pdf HTTP/1.1" 200 61320 "-" "Mozilla/5.0 Gecko/20100115 Firefox/3.6" 
24.28.48.105 - - [26/Aug/2019:09:41:00 -0700] "GET / HTTP/1.1" 200 12431 "-" "Mozilla/5.0 (Macintosh; Intel Mac OS X 10_14_5) AppleWebKit/605.1.15 (KHTML, like Gecko)" 
24.28.48.105 - - [26/Aug/2019:09:41:00 -0700] "GET /css/style.css HTTP/1.1" 404 271 "http://www.secrepo.com/" "Mozilla/5.0 (Macintosh; Intel Mac OS X 10_14_5) AppleWebKit/605.1.15 (KHTML, like Gecko)" 
24.28.48.105 - - [26/Aug/2019:09:41:01 -0700] "GET /twitter-icon.png HTTP/1.1" 200 27810 "http://www.secrepo.com/" "Mozilla/5.0 (Macintosh; Intel Mac OS X 10_14_5) AppleWebKit/605.1.15 (KHTML, like Gecko)" 
24.28.48.105 - - [26/Aug/2019:09:41:01 -0700] "GET /GitHub-Mark.png HTTP/1.1" 200 7450 "http://www.secrepo.com/" "Mozilla/5.0 (Macintosh; Intel Mac OS X 10_14_5) AppleWebKit/605.1.15 (KHTML, like Gecko)" 
170.55.56.66 - - [26/Aug/2019:09:41:22 -0700] "GET / HTTP/1.1" 200 12431 "-" "Mozilla/5.0 (Windows NT 10.0; Win64; x64) AppleWebKit/537.36 (KHTML, like Gecko) Chrome/76.0.3809.100 Safari/537.36" 
170.55.56.66 - - [26/Aug/2019:09:41:22 -0700] "GET /css/style.css HTTP/1.1" 404 271 "http://www.secrepo.com/" "Mozilla/5.0 (Windows NT 10.0; Win64; x64) AppleWebKit/537.36 (KHTML, like Gecko) Chrome/76.0.3809.100 Safari/537.36" 
170.55.56.66 - - [26/Aug/2019:09:41:22 -0700] "GET /twitter-icon.png HTTP/1.1" 200 27787 "http://www.secrepo.com/" "Mozilla/5.0 (Windows NT 10.0; Win64; x64) AppleWebKit/537.36 (KHTML, like Gecko) Chrome/76.0.3809.100 Safari/537.36" 
170.55.56.66 - - [26/Aug/2019:09:41:22 -0700] "GET /GitHub-Mark.png HTTP/1.1" 200 7427 "http://www.secrepo.com/" "Mozilla/5.0 (Windows NT 10.0; Win64; x64) AppleWebKit/537.36 (KHTML, like Gecko) Chrome/76.0.3809.100 Safari/537.36" 
170.55.56.66 - - [26/Aug/2019:09:41:24 -0700] "GET /bootstrap/img/favicon.ico HTTP/1.1" 200 601 "http://www.secrepo.com/" "Mozilla/5.0 (Windows NT 10.0; Win64; x64) AppleWebKit/537.36 (KHTML, like Gecko) Chrome/76.0.3809.100 Safari/537.36" 
5.255.253.10 - - [26/Aug/2019:09:42:37 -0700] "GET / HTTP/1.1" 200 12431 "-" "Mozilla/5.0 (iPhone; CPU iPhone OS 8_1 like Mac OS X) AppleWebKit/600.1.4 (KHTML, like Gecko) Version/8.0 Mobile/12B411 Safari/600.1.4 (compatible; YandexMobileBot/3.0; +http://yandex.com/bots)" 
213.180.203.35 - - [26/Aug/2019:09:42:38 -0700] "GET /css/style.css HTTP/1.1" 404 294 "http://www.secrepo.com/" "Mozilla/5.0 (iPhone; CPU iPhone OS 8_1 like Mac OS X) AppleWebKit/600.1.4 (KHTML, like Gecko) Version/8.0 Mobile/12B411 Safari/600.1.4 (compatible; YandexMobileBot/3.0; +http://yandex.com/bots)" 
35.192.74.150 - - [26/Aug/2019:09:43:52 -0700] "GET / HTTP/1.0" 301 438 "-" "-" 
35.192.74.150 - - [26/Aug/2019:09:43:52 -0700] "GET / HTTP/1.0" 200 46568 "-" "-" 
170.55.56.66 - - [26/Aug/2019:09:48:13 -0700] "GET / HTTP/1.1" 200 12431 "-" "Mozilla/5.0 (Windows NT 10.0; Win64; x64) AppleWebKit/537.36 (KHTML, like Gecko) Chrome/76.0.3809.100 Safari/537.36" 
170.55.56.66 - - [26/Aug/2019:09:48:13 -0700] "GET /css/style.css HTTP/1.1" 404 271 "http://www.secrepo.com/" "Mozilla/5.0 (Windows NT 10.0; Win64; x64) AppleWebKit/537.36 (KHTML, like Gecko) Chrome/76.0.3809.100 Safari/537.36" 
170.55.56.66 - - [26/Aug/2019:09:48:13 -0700] "GET /twitter-icon.png HTTP/1.1" 200 27787 "http://www.secrepo.com/" "Mozilla/5.0 (Windows NT 10.0; Win64; x64) AppleWebKit/537.36 (KHTML, like Gecko) Chrome/76.0.3809.100 Safari/537.36" 
170.55.56.66 - - [26/Aug/2019:09:48:13 -0700] "GET /GitHub-Mark.png HTTP/1.1" 200 7450 "http://www.secrepo.com/" "Mozilla/5.0 (Windows NT 10.0; Win64; x64) AppleWebKit/537.36 (KHTML, like Gecko) Chrome/76.0.3809.100 Safari/537.36" 
106.223.55.149 - - [26/Aug/2019:09:51:28 -0700] "GET / HTTP/1.1" 200 12431 "https://t.co/Qro1LCR4GM?amp=1" "Mozilla/5.0 (Linux; Android 8.0.0; SM-J600G) AppleWebKit/537.36 (KHTML, like Gecko) Chrome/76.0.3809.111 Mobile Safari/537.36" 
106.223.55.149 - - [26/Aug/2019:09:51:29 -0700] "GET /css/style.css HTTP/1.1" 404 271 "http://www.secrepo.com/" "Mozilla/5.0 (Linux; Android 8.0.0; SM-J600G) AppleWebKit/537.36 (KHTML, like Gecko) Chrome/76.0.3809.111 Mobile Safari/537.36" 
106.223.55.149 - - [26/Aug/2019:09:51:29 -0700] "GET /twitter-icon.png HTTP/1.1" 200 27810 "http://www.secrepo.com/" "Mozilla/5.0 (Linux; Android 8.0.0; SM-J600G) AppleWebKit/537.36 (KHTML, like Gecko) Chrome/76.0.3809.111 Mobile Safari/537.36" 
106.223.55.149 - - [26/Aug/2019:09:51:29 -0700] "GET /GitHub-Mark.png HTTP/1.1" 200 7450 "http://www.secrepo.com/" "Mozilla/5.0 (Linux; Android 8.0.0; SM-J600G) AppleWebKit/537.36 (KHTML, like Gecko) Chrome/76.0.3809.111 Mobile Safari/537.36" 
37.9.113.23 - - [26/Aug/2019:09:51:44 -0700] "GET /Datasets%20Description/HTML_Bro_log_3/files.html HTTP/1.1" 200 1831 "-" "Mozilla/5.0 (iPhone; CPU iPhone OS 8_1 like Mac OS X) AppleWebKit/600.1.4 (KHTML, like Gecko) Version/8.0 Mobile/12B411 Safari/600.1.4 (compatible; YandexMobileBot/3.0; +http://yandex.com/bots)" 
45.192.183.157 - - [26/Aug/2019:09:52:38 -0700] "HEAD /config/AspCms_Config.asp HTTP/1.1" 404 275 "-" "-" 
5.114.128.213 - - [26/Aug/2019:10:08:25 -0700] "GET /wp-login.php HTTP/1.1" 404 0 "-" "Mozilla/5.0 (Windows NT 6.1; WOW64; rv:40.0) Gecko/20100101 Firefox/40.1" 
5.114.128.213 - - [26/Aug/2019:10:08:26 -0700] "GET / HTTP/1.1" 404 0 "-" "Mozilla/5.0 (Windows NT 6.1; WOW64; rv:40.0) Gecko/20100101 Firefox/40.1" 
196.61.36.242 - - [26/Aug/2019:10:24:08 -0700] "GET / HTTP/1.1" 200 12431 "-" "Mozilla/5.0 (Macintosh; Intel Mac OS X 10_13_6) AppleWebKit/537.36 (KHTML, like Gecko) Chrome/76.0.3809.100 Safari/537.36" 
196.61.36.242 - - [26/Aug/2019:10:24:08 -0700] "GET /css/style.css HTTP/1.1" 404 271 "http://www.secrepo.com/" "Mozilla/5.0 (Macintosh; Intel Mac OS X 10_13_6) AppleWebKit/537.36 (KHTML, like Gecko) Chrome/76.0.3809.100 Safari/537.36" 
196.61.36.242 - - [26/Aug/2019:10:24:08 -0700] "GET /twitter-icon.png HTTP/1.1" 200 27810 "http://www.secrepo.com/" "Mozilla/5.0 (Macintosh; Intel Mac OS X 10_13_6) AppleWebKit/537.36 (KHTML, like Gecko) Chrome/76.0.3809.100 Safari/537.36" 
196.61.36.242 - - [26/Aug/2019:10:24:08 -0700] "GET /GitHub-Mark.png HTTP/1.1" 200 7450 "http://www.secrepo.com/" "Mozilla/5.0 (Macintosh; Intel Mac OS X 10_13_6) AppleWebKit/537.36 (KHTML, like Gecko) Chrome/76.0.3809.100 Safari/537.36" 
196.61.36.242 - - [26/Aug/2019:10:24:11 -0700] "GET /bootstrap/img/favicon.ico HTTP/1.1" 200 624 "http://www.secrepo.com/" "Mozilla/5.0 (Macintosh; Intel Mac OS X 10_13_6) AppleWebKit/537.36 (KHTML, like Gecko) Chrome/76.0.3809.100 Safari/537.36" 
158.12.64.37 - - [26/Aug/2019:10:41:37 -0700] "GET / HTTP/1.1" 200 12431 "-" "Mozilla/5.0 (X11; Linux x86_64; rv:60.0) Gecko/20100101 Firefox/60.0" 
158.12.64.37 - - [26/Aug/2019:10:41:43 -0700] "GET /css/style.css HTTP/1.1" 404 294 "http://www.secrepo.com/" "Mozilla/5.0 (X11; Linux x86_64; rv:60.0) Gecko/20100101 Firefox/60.0" 
113.171.224.176 - - [26/Aug/2019:10:44:57 -0700] "GET /honeypot/Honeypot%20-%20Howto.pdf HTTP/1.1" 200 61320 "-" "Mozilla/5.0 Gecko/20100115 Firefox/3.6" 
185.142.96.129 - - [26/Aug/2019:11:01:55 -0700] "GET /Datasets%20Description/Network/dhcp.html HTTP/1.1" 200 3889 "https://7ooo.ru/" "Re-re Studio (+http://re-re.ru/)" 
185.142.96.129 - - [26/Aug/2019:11:01:56 -0700] "GET /Datasets%20Description/Network/dns.html HTTP/1.1" 200 5363 "https://7ooo.ru/" "Re-re Studio (+http://re-re.ru/)" 
185.142.96.129 - - [26/Aug/2019:11:01:56 -0700] "GET /Datasets%20Description/Network/files.html HTTP/1.1" 200 4975 "https://7ooo.ru/" "Re-re Studio (+http://re-re.ru/)" 
185.142.96.129 - - [26/Aug/2019:11:01:57 -0700] "GET /Datasets%20Description/Network/ftp.html HTTP/1.1" 200 4831 "https://7ooo.ru/" "Re-re Studio (+http://re-re.ru/)" 
185.142.96.129 - - [26/Aug/2019:11:01:57 -0700] "GET /Datasets%20Description/Network/http.html HTTP/1.1" 200 5845 "https://7ooo.ru/" "Re-re Studio (+http://re-re.ru/)" 
185.142.96.129 - - [26/Aug/2019:11:01:58 -0700] "GET /Datasets%20Description/Network/notice.html HTTP/1.1" 200 5296 "https://7ooo.ru/" "Re-re Studio (+http://re-re.ru/)" 
185.142.96.129 - - [26/Aug/2019:11:02:29 -0700] "GET /Datasets%20Description/Network/signatures.html HTTP/1.1" 404 257 "https://7ooo.ru/" "Re-re Studio (+http://re-re.ru/)" 
185.142.96.129 - - [26/Aug/2019:11:02:30 -0700] "GET /Datasets%20Description/Network/smtp.html HTTP/1.1" 200 5713 "https://7ooo.ru/" "Re-re Studio (+http://re-re.ru/)" 
185.142.96.129 - - [26/Aug/2019:11:02:30 -0700] "GET /Datasets%20Description/Network/ssh.html HTTP/1.1" 200 3836 "https://7ooo.ru/" "Re-re Studio (+http://re-re.ru/)" 
185.142.96.129 - - [26/Aug/2019:11:02:32 -0700] "GET /Datasets%20Description/Network/ssl.html HTTP/1.1" 200 4993 "https://7ooo.ru/" "Re-re Studio (+http://re-re.ru/)" 
185.142.96.129 - - [26/Aug/2019:11:02:33 -0700] "GET /Datasets%20Description/Network/tunnel.html HTTP/1.1" 200 3708 "https://7ooo.ru/" "Re-re Studio (+http://re-re.ru/)" 
185.142.96.129 - - [26/Aug/2019:11:02:34 -0700] "GET /Datasets%20Description/Network/weird.html HTTP/1.1" 200 4233 "https://7ooo.ru/" "Re-re Studio (+http://re-re.ru/)" 
185.142.96.129 - - [26/Aug/2019:11:02:34 -0700] "GET /Datasets%20Description/HTML_Bro_log_1 HTTP/1.1" 301 514 "https://7ooo.ru/" "Re-re Studio (+http://re-re.ru/)" 
185.142.96.129 - - [26/Aug/2019:11:02:35 -0700] "GET /Datasets%20Description/HTML_Bro_log_1/ HTTP/1.1" 200 1825 "https://7ooo.ru/" "Re-re Studio (+http://re-re.ru/)" 
185.142.96.129 - - [26/Aug/2019:11:02:35 -0700] "GET /Datasets%20Description/HTML_Bro_log_2 HTTP/1.1" 301 514 "https://7ooo.ru/" "Re-re Studio (+http://re-re.ru/)" 
185.142.96.129 - - [26/Aug/2019:11:02:36 -0700] "GET /Datasets%20Description/HTML_Bro_log_2/ HTTP/1.1" 200 1825 "https://7ooo.ru/" "Re-re Studio (+http://re-re.ru/)" 
185.142.96.129 - - [26/Aug/2019:11:02:36 -0700] "GET /Datasets%20Description/HTML_Bro_log_3 HTTP/1.1" 301 514 "https://7ooo.ru/" "Re-re Studio (+http://re-re.ru/)" 
185.142.96.129 - - [26/Aug/2019:11:02:36 -0700] "GET /Datasets%20Description/HTML_Bro_log_3/ HTTP/1.1" 200 1747 "https://7ooo.ru/" "Re-re Studio (+http://re-re.ru/)" 
185.142.96.129 - - [26/Aug/2019:11:03:08 -0700] "GET /Datasets%20Description/PE_malware/Zeus.html HTTP/1.1" 200 4534 "https://7ooo.ru/" "Re-re Studio (+http://re-re.ru/)" 
185.142.96.129 - - [26/Aug/2019:11:03:09 -0700] "GET /Datasets%20Description/PE_malware/VirusShare.html HTTP/1.1" 200 4552 "https://7ooo.ru/" "Re-re Studio (+http://re-re.ru/)" 
185.142.96.129 - - [26/Aug/2019:11:03:09 -0700] "GET /Datasets%20Description/PE_malware/OPCleaver.html HTTP/1.1" 200 4167 "https://7ooo.ru/" "Re-re Studio (+http://re-re.ru/)" 
185.142.96.129 - - [26/Aug/2019:11:03:09 -0700] "GET /self.logs/ HTTP/1.1" 200 84680 "https://7ooo.ru/" "Re-re Studio (+http://re-re.ru/)" 
185.142.96.129 - - [26/Aug/2019:11:03:10 -0700] "GET /honeypot/BSidesDFW%20-%202014.ipynb HTTP/1.1" 200 84680 "https://7ooo.ru/" "Re-re Studio (+http://re-re.ru/)" 
142.4.116.225 - - [26/Aug/2019:11:11:10 -0700] "GET / HTTP/1.1" 301 475 "http://secrepo.com/" "Mozilla/5.0 (Windows NT 6.1; WOW64) AppleWebKit/537.36 (KHTML, like Gecko) Chrome/63.0.3239.132 Safari/537.36" 
142.4.116.225 - - [26/Aug/2019:11:11:10 -0700] "GET / HTTP/1.1" 200 46605 "http://secrepo.com/" "Mozilla/5.0 (Windows NT 6.1; WOW64) AppleWebKit/537.36 (KHTML, like Gecko) Chrome/63.0.3239.132 Safari/537.36" 
47.88.5.130 - - [26/Aug/2019:11:13:37 -0700] "GET /auth.log/auth.log.gz HTTP/1.1" 200 615574 "-" "Mozilla/5.0 (Macintosh; Intel Mac OS X 10_14_5) AppleWebKit/537.36 (KHTML, like Gecko) Chrome/76.0.3809.100 Safari/537.36" 
67.167.103.95 - - [26/Aug/2019:11:17:13 -0700] "GET / HTTP/1.1" 200 12432 "http://www.covert.io/data-links/" "Mozilla/5.0 (Windows NT 10.0; Win64; x64) AppleWebKit/537.36 (KHTML, like Gecko) Chrome/76.0.3809.100 Safari/537.36" 
67.167.103.95 - - [26/Aug/2019:11:17:13 -0700] "GET /css/style.css HTTP/1.1" 404 271 "http://www.secrepo.com/" "Mozilla/5.0 (Windows NT 10.0; Win64; x64) AppleWebKit/537.36 (KHTML, like Gecko) Chrome/76.0.3809.100 Safari/537.36" 
67.167.103.95 - - [26/Aug/2019:11:17:13 -0700] "GET /GitHub-Mark.png HTTP/1.1" 200 7427 "http://www.secrepo.com/" "Mozilla/5.0 (Windows NT 10.0; Win64; x64) AppleWebKit/537.36 (KHTML, like Gecko) Chrome/76.0.3809.100 Safari/537.36" 
67.167.103.95 - - [26/Aug/2019:11:17:14 -0700] "GET /bootstrap/img/favicon.ico HTTP/1.1" 200 601 "http://www.secrepo.com/" "Mozilla/5.0 (Windows NT 10.0; Win64; x64) AppleWebKit/537.36 (KHTML, like Gecko) Chrome/76.0.3809.100 Safari/537.36" 
46.229.169.66 - - [26/Aug/2019:11:22:38 -0700] "GET / HTTP/1.1" 200 12395 "-" "User-Agent: Opera/9.80 (Windows NT 5.1; U; MRA 5.7 (build 03797); en) Presto/2.7.62 Version/11.01" 
46.118.158.201 - - [26/Aug/2019:11:30:14 -0700] "GET / HTTP/1.1" 200 46561 "https://www.watracker.net/" "Opera/9.00 (Windows NT 5.1; U; ru)" 
46.118.158.201 - - [26/Aug/2019:11:30:15 -0700] "GET / HTTP/1.1" 200 46561 "https://www.watracker.net/" "Opera/9.00 (Windows NT 5.1; U; ru)" 
46.118.158.201 - - [26/Aug/2019:11:30:16 -0700] "GET / HTTP/1.1" 200 46561 "https://www.watracker.net/" "Opera/9.00 (Windows NT 5.1; U; ru)" 
213.180.203.35 - - [26/Aug/2019:11:32:07 -0700] "GET /Datasets%20Description/Network/tunnel.html HTTP/1.1" 200 1391 "-" "Mozilla/5.0 (iPhone; CPU iPhone OS 8_1 like Mac OS X) AppleWebKit/600.1.4 (KHTML, like Gecko) Version/8.0 Mobile/12B411 Safari/600.1.4 (compatible; YandexMobileBot/3.0; +http://yandex.com/bots)" 
46.229.161.131 - - [26/Aug/2019:11:32:51 -0700] "HEAD / HTTP/1.1" 200 280 "-" "SEMrushBot" 
100.43.90.103 - - [26/Aug/2019:11:36:59 -0700] "GET /self.logs/error.log.2019-07-15 HTTP/1.1" 200 23095 "-" "Mozilla/5.0 (compatible; YandexBot/3.0; +http://yandex.com/bots)" 
172.83.43.133 - - [26/Aug/2019:11:44:55 -0700] "GET / HTTP/1.1" 200 12431 "-" "Vienna/7074 (Macintosh; Intel macOS 10_13_6)" 
113.171.224.176 - - [26/Aug/2019:11:50:21 -0700] "GET /honeypot/Honeypot%20-%20Howto.pdf HTTP/1.1" 200 61320 "-" "Mozilla/5.0 Gecko/20100115 Firefox/3.6" 
207.46.13.224 - - [26/Aug/2019:12:12:55 -0700] "GET /Datasets%20Description/HTML_Bro_log_1/app_stats.html HTTP/1.1" 304 174 "-" "Mozilla/5.0 (compatible; bingbot/2.0; +http://www.bing.com/bingbot.htm)" 
199.58.86.209 - - [26/Aug/2019:12:27:14 -0700] "GET /robots.txt HTTP/1.1" 200 288 "-" "Mozilla/5.0 (compatible; MJ12bot/v1.4.8; http://mj12bot.com/)" 
199.58.86.209 - - [26/Aug/2019:12:27:17 -0700] "GET / HTTP/1.1" 200 12387 "-" "Mozilla/5.0 (compatible; MJ12bot/v1.4.8; http://mj12bot.com/)" 
111.56.50.236 - - [26/Aug/2019:12:33:17 -0700] "GET /admin/Content/ueditor/net/controller.ashx HTTP/1.1" 404 294 "http://www.secrepo.com/admin/Content/ueditor/net/controller.ashx" "Mozilla/5.0 (compatible; MSIE 9.0; Windows NT 6.1; Win64; x64; Trident/5.0)" 
108.59.8.80 - - [26/Aug/2019:12:35:33 -0700] "GET /robots.txt HTTP/1.1" 301 495 "-" "Mozilla/5.0 (compatible; MJ12bot/v1.4.8; http://mj12bot.com/)" 
108.59.8.80 - - [26/Aug/2019:12:35:35 -0700] "GET /robots.txt HTTP/1.1" 200 288 "-" "Mozilla/5.0 (compatible; MJ12bot/v1.4.8; http://mj12bot.com/)" 
108.59.8.80 - - [26/Aug/2019:12:35:37 -0700] "GET / HTTP/1.1" 301 419 "-" "Mozilla/5.0 (compatible; MJ12bot/v1.4.8; http://mj12bot.com/)" 
108.59.8.80 - - [26/Aug/2019:12:35:40 -0700] "GET / HTTP/1.1" 200 12387 "-" "Mozilla/5.0 (compatible; MJ12bot/v1.4.8; http://mj12bot.com/)" 
100.43.90.103 - - [26/Aug/2019:12:40:29 -0700] "GET /robots.txt HTTP/1.1" 200 288 "-" "Mozilla/5.0 (compatible; YandexBot/3.0; +http://yandex.com/bots)" 
213.180.203.35 - - [26/Aug/2019:12:40:33 -0700] "GET /Datasets%20Description/PE_malware/OPCleaver.html HTTP/1.1" 200 1379 "-" "Mozilla/5.0 (iPhone; CPU iPhone OS 8_1 like Mac OS X) AppleWebKit/600.1.4 (KHTML, like Gecko) Version/8.0 Mobile/12B411 Safari/600.1.4 (compatible; YandexMobileBot/3.0; +http://yandex.com/bots)" 
46.118.155.145 - - [26/Aug/2019:12:40:50 -0700] "GET / HTTP/1.1" 200 46561 "https://xnxx699.com/" "Mozilla/4.0 (compatible; MSIE 5.0; Windows 3.1)" 
46.118.155.145 - - [26/Aug/2019:12:40:51 -0700] "GET / HTTP/1.1" 200 46561 "https://xnxx699.com/" "Mozilla/4.0 (compatible; MSIE 5.0; Windows 3.1)" 
46.118.155.145 - - [26/Aug/2019:12:40:51 -0700] "GET / HTTP/1.1" 200 46561 "https://xnxx699.com/" "Mozilla/4.0 (compatible; MSIE 5.0; Windows 3.1)" 
37.9.113.23 - - [26/Aug/2019:12:40:52 -0700] "GET /Datasets%20Description/HTML_Bro_log_3/ssl.html HTTP/1.1" 200 1795 "-" "Mozilla/5.0 (iPhone; CPU iPhone OS 8_1 like Mac OS X) AppleWebKit/600.1.4 (KHTML, like Gecko) Version/8.0 Mobile/12B411 Safari/600.1.4 (compatible; YandexMobileBot/3.0; +http://yandex.com/bots)" 
141.8.142.129 - - [26/Aug/2019:12:40:55 -0700] "GET /Datasets%20Description/Network/ftp.html HTTP/1.1" 200 1451 "-" "Mozilla/5.0 (iPhone; CPU iPhone OS 8_1 like Mac OS X) AppleWebKit/600.1.4 (KHTML, like Gecko) Version/8.0 Mobile/12B411 Safari/600.1.4 (compatible; YandexMobileBot/3.0; +http://yandex.com/bots)" 
172.83.43.133 - - [26/Aug/2019:12:45:13 -0700] "GET / HTTP/1.1" 200 12431 "-" "Vienna/7074 (Macintosh; Intel macOS 10_13_6)" 
113.171.224.176 - - [26/Aug/2019:12:55:06 -0700] "GET /honeypot/Honeypot%20-%20Howto.pdf HTTP/1.1" 200 61320 "-" "Mozilla/5.0 Gecko/20100115 Firefox/3.6" 
213.180.203.35 - - [26/Aug/2019:13:01:29 -0700] "GET /Datasets%20Description/HTML_Bro_log_3/?C=D;O=D HTTP/1.1" 200 743 "-" "Mozilla/5.0 (iPhone; CPU iPhone OS 8_1 like Mac OS X) AppleWebKit/600.1.4 (KHTML, like Gecko) Version/8.0 Mobile/12B411 Safari/600.1.4 (compatible; YandexMobileBot/3.0; +http://yandex.com/bots)" 
101.91.62.99 - - [26/Aug/2019:13:03:40 -0700] "GET / HTTP/1.1" 200 46605 "-" "Mozilla/5.0 (Windows NT 6.1; WOW64) AppleWebKit/537.36 (KHTML, like Gecko) Chrome/43.0.2357.124 Safari/537.36" 
5.255.253.10 - - [26/Aug/2019:13:25:16 -0700] "GET /Datasets%20Description/HTML_Bro_log_1/dhcp.html HTTP/1.1" 200 1654 "-" "Mozilla/5.0 (iPhone; CPU iPhone OS 8_1 like Mac OS X) AppleWebKit/600.1.4 (KHTML, like Gecko) Version/8.0 Mobile/12B411 Safari/600.1.4 (compatible; YandexMobileBot/3.0; +http://yandex.com/bots)" 
66.249.66.89 - - [26/Aug/2019:13:46:17 -0700] "GET /Datasets%20Description/ HTTP/1.1" 200 598 "-" "Mozilla/5.0 (Linux; Android 6.0.1; Nexus 5X Build/MMB29P) AppleWebKit/537.36 (KHTML, like Gecko) Chrome/41.0.2272.96 Mobile Safari/537.36 (compatible; Googlebot/2.1; +http://www.google.com/bot.html)" 
66.249.66.89 - - [26/Aug/2019:13:46:55 -0700] "GET /Datasets%20Description/HTML_Bro_log_1/ HTTP/1.1" 200 755 "-" "Mozilla/5.0 (Linux; Android 6.0.1; Nexus 5X Build/MMB29P) AppleWebKit/537.36 (KHTML, like Gecko) Chrome/41.0.2272.96 Mobile Safari/537.36 (compatible; Googlebot/2.1; +http://www.google.com/bot.html)" 
141.8.142.129 - - [26/Aug/2019:13:47:41 -0700] "GET /Datasets%20Description/HTML_Bro_log_1/dhcp.html HTTP/1.1" 200 1654 "-" "Mozilla/5.0 (iPhone; CPU iPhone OS 8_1 like Mac OS X) AppleWebKit/600.1.4 (KHTML, like Gecko) Version/8.0 Mobile/12B411 Safari/600.1.4 (compatible; YandexMobileBot/3.0; +http://yandex.com/bots)" 
52.168.106.81 - - [26/Aug/2019:13:47:51 -0700] "GET //plus/recommend.php?action=&aid=1&_FILES[type][tmp_name]=\\%27%20or%20mid=@`\\%27`%20/*!50000union*//*!50000select*/1,2,3,(select%20CONCAT(0x7c,userid,0x7c,pwd)+from+`%23@__admin`%20limit+0,1),5,6,7,8,9%23@`\\%27`+&_FILES[type][name]=1.jpg&_FILES[type][type]=application/octet-stream&_FILES[type][size]=4294 HTTP/1.1" 404 294 "http://www.secrepo.com//plus/recommend.php?action=&aid=1&_FILES[type][tmp_name]=\\%27%20or%20mid=@`\\%27`%20/*!50000union*//*!50000select*/1,2,3,(select%20CONCAT(0x7c,userid,0x7c,pwd)+from+`%23@__admin`%20limit+0,1),5,6,7,8,9%23@`\\%27`+&_FILES[type][name]=1.jpg&_FILES[type][type]=application/octet-stream&_FILES[type][size]=4294" "Mozilla/4.0 (compatible; MSIE 9.0; Windows NT 6.1)" 
66.249.66.89 - - [26/Aug/2019:13:50:15 -0700] "GET /Datasets%20Description/HTML_Bro_log_2/ HTTP/1.1" 200 753 "-" "Mozilla/5.0 (Linux; Android 6.0.1; Nexus 5X Build/MMB29P) AppleWebKit/537.36 (KHTML, like Gecko) Chrome/41.0.2272.96 Mobile Safari/537.36 (compatible; Googlebot/2.1; +http://www.google.com/bot.html)" 
66.249.66.88 - - [26/Aug/2019:13:51:22 -0700] "GET /Datasets%20Description/HTML_Bro_log_2/notice.html HTTP/1.1" 200 1927 "-" "Mozilla/5.0 (Linux; Android 6.0.1; Nexus 5X Build/MMB29P) AppleWebKit/537.36 (KHTML, like Gecko) Chrome/41.0.2272.96 Mobile Safari/537.36 (compatible; Googlebot/2.1; +http://www.google.com/bot.html)" 
66.249.66.88 - - [26/Aug/2019:13:53:38 -0700] "GET / HTTP/1.1" 200 12431 "-" "Mozilla/5.0 (compatible; Googlebot/2.1; +http://www.google.com/bot.html)" 
98.252.164.69 - - [26/Aug/2019:13:57:09 -0700] "GET / HTTP/1.1" 200 12431 "-" "Mozilla/5.0 (Macintosh; Intel Mac OS X 10_13_6) AppleWebKit/537.36 (KHTML, like Gecko) Chrome/76.0.3809.100 Safari/537.36" 
98.252.164.69 - - [26/Aug/2019:13:57:09 -0700] "GET /css/style.css HTTP/1.1" 404 271 "http://www.secrepo.com/" "Mozilla/5.0 (Macintosh; Intel Mac OS X 10_13_6) AppleWebKit/537.36 (KHTML, like Gecko) Chrome/76.0.3809.100 Safari/537.36" 
98.252.164.69 - - [26/Aug/2019:13:57:09 -0700] "GET /twitter-icon.png HTTP/1.1" 200 27810 "http://www.secrepo.com/" "Mozilla/5.0 (Macintosh; Intel Mac OS X 10_13_6) AppleWebKit/537.36 (KHTML, like Gecko) Chrome/76.0.3809.100 Safari/537.36" 
98.252.164.69 - - [26/Aug/2019:13:57:10 -0700] "GET /GitHub-Mark.png HTTP/1.1" 200 7427 "http://www.secrepo.com/" "Mozilla/5.0 (Macintosh; Intel Mac OS X 10_13_6) AppleWebKit/537.36 (KHTML, like Gecko) Chrome/76.0.3809.100 Safari/537.36" 
98.252.164.69 - - [26/Aug/2019:13:57:10 -0700] "GET /bootstrap/img/favicon.ico HTTP/1.1" 200 601 "http://www.secrepo.com/" "Mozilla/5.0 (Macintosh; Intel Mac OS X 10_13_6) AppleWebKit/537.36 (KHTML, like Gecko) Chrome/76.0.3809.100 Safari/537.36" 
66.249.66.90 - - [26/Aug/2019:13:57:18 -0700] "GET /favicon.ico HTTP/1.1" 200 302 "-" "Googlebot-Image/1.0" 
95.163.255.53 - - [26/Aug/2019:13:57:30 -0700] "GET /robots.txt HTTP/1.0" 200 251 "-" "Mozilla/5.0 (compatible; Linux x86_64; Mail.RU_Bot/2.0; +http://go.mail.ru/help/robots)" 
95.163.255.54 - - [26/Aug/2019:13:57:32 -0700] "GET /Datasets%20Description/Network/http.html HTTP/1.1" 200 1593 "-" "Mozilla/5.0 (compatible; Linux x86_64; Mail.RU_Bot/2.0; +http://go.mail.ru/help/robots)" 
98.252.164.69 - - [26/Aug/2019:13:57:34 -0700] "GET /css/style.css HTTP/1.1" 404 294 "http://www.secrepo.com/" "Mozilla/5.0 (Macintosh; Intel Mac OS X 10_13_6) AppleWebKit/537.36 (KHTML, like Gecko) Chrome/76.0.3809.100 Safari/537.36" 
113.171.224.176 - - [26/Aug/2019:13:57:39 -0700] "GET /honeypot/Honeypot%20-%20Howto.pdf HTTP/1.1" 200 61320 "-" "Mozilla/5.0 Gecko/20100115 Firefox/3.6" 
98.252.164.69 - - [26/Aug/2019:13:57:51 -0700] "GET /css/style.css HTTP/1.1" 404 294 "http://www.secrepo.com/" "Mozilla/5.0 (Macintosh; Intel Mac OS X 10_13_6) AppleWebKit/537.36 (KHTML, like Gecko) Chrome/76.0.3809.100 Safari/537.36" 
98.252.164.69 - - [26/Aug/2019:14:03:28 -0700] "GET / HTTP/1.1" 200 12431 "-" "Mozilla/5.0 (Macintosh; Intel Mac OS X 10_13_6) AppleWebKit/537.36 (KHTML, like Gecko) Chrome/76.0.3809.100 Safari/537.36" 
98.252.164.69 - - [26/Aug/2019:14:03:29 -0700] "GET /css/style.css HTTP/1.1" 404 271 "http://www.secrepo.com/" "Mozilla/5.0 (Macintosh; Intel Mac OS X 10_13_6) AppleWebKit/537.36 (KHTML, like Gecko) Chrome/76.0.3809.100 Safari/537.36" 
85.208.96.66 - - [26/Aug/2019:14:07:35 -0700] "GET /robots.txt HTTP/1.1" 301 439 "-" "Mozilla/5.0 (compatible; SemrushBot/1.0~bm; +http://www.semrush.com/bot.html)" 
85.208.96.66 - - [26/Aug/2019:14:07:37 -0700] "GET /robots.txt HTTP/1.1" 200 244 "-" "Mozilla/5.0 (compatible; SemrushBot/1.0~bm; +http://www.semrush.com/bot.html)" 
157.55.39.249 - - [26/Aug/2019:14:16:52 -0700] "GET /self.logs/access.log.2017-12-13.gz HTTP/1.1" 200 32437 "-" "Mozilla/5.0 (compatible; bingbot/2.0; +http://www.bing.com/bingbot.htm)" 
213.180.203.35 - - [26/Aug/2019:14:19:57 -0700] "GET /Datasets%20Description/HTML_Bro_log_1/files.html HTTP/1.1" 200 1839 "-" "Mozilla/5.0 (iPhone; CPU iPhone OS 8_1 like Mac OS X) AppleWebKit/600.1.4 (KHTML, like Gecko) Version/8.0 Mobile/12B411 Safari/600.1.4 (compatible; YandexMobileBot/3.0; +http://yandex.com/bots)" 
5.45.207.67 - - [26/Aug/2019:14:25:47 -0700] "GET /self.logs/2016/ HTTP/1.1" 200 7781 "-" "Mozilla/5.0 (iPhone; CPU iPhone OS 8_1 like Mac OS X) AppleWebKit/600.1.4 (KHTML, like Gecko) Version/8.0 Mobile/12B411 Safari/600.1.4 (compatible; YandexMobileBot/3.0; +http://yandex.com/bots)" 
5.255.253.10 - - [26/Aug/2019:14:26:08 -0700] "GET /Datasets%20Description/HTML_Bro_log_2/dhcp.html HTTP/1.1" 200 1658 "-" "Mozilla/5.0 (iPhone; CPU iPhone OS 8_1 like Mac OS X) AppleWebKit/600.1.4 (KHTML, like Gecko) Version/8.0 Mobile/12B411 Safari/600.1.4 (compatible; YandexMobileBot/3.0; +http://yandex.com/bots)" 
180.97.35.216 - - [26/Aug/2019:14:36:49 -0700] "GET / HTTP/1.1" 200 12431 "http://www.baidu.com/s?wd=bornipn" "Mozilla/5.0 (Windows NT 6.1; WOW64; rv:43.0) Gecko/20100101 Firefox/43.0" 
180.97.35.216 - - [26/Aug/2019:14:36:49 -0700] "GET /css/style.css HTTP/1.1" 404 271 "http://www.secrepo.com/" "Mozilla/5.0 (Windows NT 6.1; WOW64; rv:43.0) Gecko/20100101 Firefox/43.0" 
108.128.21.232 - - [26/Aug/2019:14:39:58 -0700] "GET / HTTP/1.1" 200 46561 "-" "Mozilla/5.0 (Macintosh; Intel Mac OS X 10_11) AppleWebKit/601.1.56 (KHTML, like Gecko) Version/9.0 Safari/601.1.56" 
213.180.203.35 - - [26/Aug/2019:14:48:10 -0700] "GET /self.logs/?C=S;O=D HTTP/1.1" 200 20501 "-" "Mozilla/5.0 (iPhone; CPU iPhone OS 8_1 like Mac OS X) AppleWebKit/600.1.4 (KHTML, like Gecko) Version/8.0 Mobile/12B411 Safari/600.1.4 (compatible; YandexMobileBot/3.0; +http://yandex.com/bots)" 
80.229.252.155 - - [26/Aug/2019:14:54:06 -0700] "GET / HTTP/1.1" 200 12431 "-" "Mozilla/5.0 (Macintosh; Intel Mac OS X 10_14_5) AppleWebKit/605.1.15 (KHTML, like Gecko) Version/12.1.1 Safari/605.1.15" 
96.28.128.69 - - [26/Aug/2019:14:59:40 -0700] "GET / HTTP/1.1" 200 12431 "-" "Mozilla/5.0 (X11; CrOS x86_64 11895.118.0) AppleWebKit/537.36 (KHTML, like Gecko) Chrome/74.0.3729.159 Safari/537.36" 
96.28.128.69 - - [26/Aug/2019:14:59:40 -0700] "GET /css/style.css HTTP/1.1" 404 271 "http://www.secrepo.com/" "Mozilla/5.0 (X11; CrOS x86_64 11895.118.0) AppleWebKit/537.36 (KHTML, like Gecko) Chrome/74.0.3729.159 Safari/537.36" 
96.28.128.69 - - [26/Aug/2019:14:59:40 -0700] "GET /twitter-icon.png HTTP/1.1" 200 27787 "http://www.secrepo.com/" "Mozilla/5.0 (X11; CrOS x86_64 11895.118.0) AppleWebKit/537.36 (KHTML, like Gecko) Chrome/74.0.3729.159 Safari/537.36" 
96.28.128.69 - - [26/Aug/2019:14:59:40 -0700] "GET /GitHub-Mark.png HTTP/1.1" 200 7427 "http://www.secrepo.com/" "Mozilla/5.0 (X11; CrOS x86_64 11895.118.0) AppleWebKit/537.36 (KHTML, like Gecko) Chrome/74.0.3729.159 Safari/537.36" 
96.28.128.69 - - [26/Aug/2019:14:59:41 -0700] "GET /bootstrap/img/favicon.ico HTTP/1.1" 200 601 "http://www.secrepo.com/" "Mozilla/5.0 (X11; CrOS x86_64 11895.118.0) AppleWebKit/537.36 (KHTML, like Gecko) Chrome/74.0.3729.159 Safari/537.36" 
113.171.224.176 - - [26/Aug/2019:15:02:55 -0700] "GET /honeypot/Honeypot%20-%20Howto.pdf HTTP/1.1" 200 61320 "-" "Mozilla/5.0 Gecko/20100115 Firefox/3.6" 
207.46.13.32 - - [26/Aug/2019:15:03:57 -0700] "GET /honeypot/Honeypot%20-%20Howto%20-%20BSides%20Austin.pdf HTTP/1.1" 200 2928482 "-" "Mozilla/5.0 (iPhone; CPU iPhone OS 7_0 like Mac OS X) AppleWebKit/537.51.1 (KHTML, like Gecko) Version/7.0 Mobile/11A465 Safari/9537.53 (compatible; bingbot/2.0; +http://www.bing.com/bingbot.htm)" 
111.56.50.236 - - [26/Aug/2019:15:21:13 -0700] "GET /admin/Content/ueditor/net/controller.ashx HTTP/1.1" 404 294 "http://www.secrepo.com/admin/Content/ueditor/net/controller.ashx" "Mozilla/5.0 (compatible; MSIE 9.0; Windows NT 6.1; Win64; x64; Trident/5.0)" 
100.43.90.103 - - [26/Aug/2019:15:37:09 -0700] "GET /robots.txt HTTP/1.1" 301 495 "-" "Mozilla/5.0 (compatible; YandexBot/3.0; +http://yandex.com/bots)" 
100.43.90.103 - - [26/Aug/2019:15:37:09 -0700] "GET /robots.txt HTTP/1.1" 200 265 "-" "Mozilla/5.0 (compatible; YandexBot/3.0; +http://yandex.com/bots)" 
5.255.250.94 - - [26/Aug/2019:15:37:13 -0700] "GET / HTTP/1.1" 301 475 "-" "Mozilla/5.0 (compatible; YandexBot/3.0; +http://yandex.com/bots)" 
37.9.87.180 - - [26/Aug/2019:15:37:14 -0700] "GET /robots.txt HTTP/1.1" 200 288 "-" "Mozilla/5.0 (compatible; YandexBot/3.0; +http://yandex.com/bots)" 
5.255.250.94 - - [26/Aug/2019:15:37:15 -0700] "GET / HTTP/1.1" 200 12408 "-" "Mozilla/5.0 (compatible; YandexBot/3.0; +http://yandex.com/bots)" 
100.43.90.103 - - [26/Aug/2019:15:37:16 -0700] "GET /css/style.css HTTP/1.1" 404 294 "http://www.secrepo.com/" "Mozilla/5.0 (compatible; YandexBot/3.0; +http://yandex.com/bots)" 
96.46.160.18 - - [26/Aug/2019:15:42:17 -0700] "GET / HTTP/1.1" 200 12431 "-" "Mozilla/5.0 (Windows NT 10.0; Win64; x64; rv:68.0) Gecko/20100101 Firefox/68.0" 
96.46.160.18 - - [26/Aug/2019:15:42:17 -0700] "GET /css/style.css HTTP/1.1" 404 294 "http://www.secrepo.com/" "Mozilla/5.0 (Windows NT 10.0; Win64; x64; rv:68.0) Gecko/20100101 Firefox/68.0" 
96.46.160.18 - - [26/Aug/2019:15:42:17 -0700] "GET /twitter-icon.png HTTP/1.1" 200 27787 "http://www.secrepo.com/" "Mozilla/5.0 (Windows NT 10.0; Win64; x64; rv:68.0) Gecko/20100101 Firefox/68.0" 
96.46.160.18 - - [26/Aug/2019:15:42:17 -0700] "GET /GitHub-Mark.png HTTP/1.1" 200 7427 "http://www.secrepo.com/" "Mozilla/5.0 (Windows NT 10.0; Win64; x64; rv:68.0) Gecko/20100101 Firefox/68.0" 
96.46.160.18 - - [26/Aug/2019:15:42:17 -0700] "GET /bootstrap/img/favicon.ico HTTP/1.1" 200 601 "-" "Mozilla/5.0 (Windows NT 10.0; Win64; x64; rv:68.0) Gecko/20100101 Firefox/68.0" 
96.46.160.18 - - [26/Aug/2019:15:42:21 -0700] "GET /maccdc2012/conn.log.gz HTTP/1.1" 200 549157648 "http://www.secrepo.com/" "Mozilla/5.0 (Windows NT 10.0; Win64; x64; rv:68.0) Gecko/20100101 Firefox/68.0" 
46.118.158.201 - - [26/Aug/2019:15:51:47 -0700] "GET / HTTP/1.1" 200 46561 "https://magnetic-bracelets.ru/" "Mozilla/4.0 (compatible; MSIE 6.0; Windows NT 5.1; SV1; FunWebProducts; MRA 4.6 (build 01425); .NET CLR 1.1.4322; .NET CLR 2.0.50727)" 
46.118.158.201 - - [26/Aug/2019:15:51:48 -0700] "GET / HTTP/1.1" 200 46561 "https://magnetic-bracelets.ru/" "Mozilla/4.0 (compatible; MSIE 6.0; Windows NT 5.1; SV1; FunWebProducts; MRA 4.6 (build 01425); .NET CLR 1.1.4322; .NET CLR 2.0.50727)" 
46.118.158.201 - - [26/Aug/2019:15:51:49 -0700] "GET / HTTP/1.1" 200 46561 "https://magnetic-bracelets.ru/" "Mozilla/4.0 (compatible; MSIE 6.0; Windows NT 5.1; SV1; FunWebProducts; MRA 4.6 (build 01425); .NET CLR 1.1.4322; .NET CLR 2.0.50727)" 
207.46.13.32 - - [26/Aug/2019:16:05:52 -0700] "GET /self.logs/access.log.2017-04-21.gz HTTP/1.1" 301 543 "-" "Mozilla/5.0 (compatible; bingbot/2.0; +http://www.bing.com/bingbot.htm)" 
123.125.71.79 - - [26/Aug/2019:16:07:42 -0700] "GET / HTTP/1.1" 301 438 "-" "Mozilla/5.0 (compatible; Baiduspider/2.0; +http://www.baidu.com/search/spider.html)" 
123.125.71.78 - - [26/Aug/2019:16:07:42 -0700] "GET / HTTP/1.1" 200 12394 "-" "Mozilla/5.0 (compatible; Baiduspider/2.0; +http://www.baidu.com/search/spider.html)" 
111.206.221.80 - - [26/Aug/2019:16:07:43 -0700] "GET /css/style.css HTTP/1.1" 404 250 "http://www.secrepo.com/" "Mozilla/5.0 (compatible; Baiduspider-render/2.0; +http://www.baidu.com/search/spider.html)" 
213.180.203.35 - - [26/Aug/2019:16:08:50 -0700] "GET /Datasets%20Description/HTML_Bro_log_3/loaded_scripts.html HTTP/1.1" 200 1464 "-" "Mozilla/5.0 (iPhone; CPU iPhone OS 8_1 like Mac OS X) AppleWebKit/600.1.4 (KHTML, like Gecko) Version/8.0 Mobile/12B411 Safari/600.1.4 (compatible; YandexMobileBot/3.0; +http://yandex.com/bots)" 
113.171.224.176 - - [26/Aug/2019:16:08:56 -0700] "GET /honeypot/Honeypot%20-%20Howto.pdf HTTP/1.1" 200 61320 "-" "Mozilla/5.0 Gecko/20100115 Firefox/3.6" 
40.77.167.216 - - [26/Aug/2019:16:22:50 -0700] "GET /self.logs/?C=S;O=A HTTP/1.1" 200 20409 "-" "Mozilla/5.0 (compatible; bingbot/2.0; +http://www.bing.com/bingbot.htm)" 
141.8.142.129 - - [26/Aug/2019:16:35:13 -0700] "GET /self.logs/2015/?C=N;O=D HTTP/1.1" 200 7688 "-" "Mozilla/5.0 (iPhone; CPU iPhone OS 8_1 like Mac OS X) AppleWebKit/600.1.4 (KHTML, like Gecko) Version/8.0 Mobile/12B411 Safari/600.1.4 (compatible; YandexMobileBot/3.0; +http://yandex.com/bots)" 
187.170.146.200 - - [26/Aug/2019:16:39:59 -0700] "GET /honeypot/Honeypot%20-%20Howto%20-%20BSides%20Austin.pdf HTTP/1.1" 200 2928482 "-" "Mozilla/5.0 (Windows NT 10.0; WOW64) AppleWebKit/537.36 (KHTML, like Gecko) Chrome/75.0.3770.142 Safari/537.36 OPR/62.0.3331.116" 
187.170.146.200 - - [26/Aug/2019:16:40:20 -0700] "GET /favicon.ico HTTP/1.1" 200 302 "-" "Mozilla/5.0 (Windows NT 10.0; WOW64) AppleWebKit/537.36 (KHTML, like Gecko) Chrome/75.0.3770.142 Safari/537.36 OPR/62.0.3331.116" 
5.45.207.67 - - [26/Aug/2019:16:57:23 -0700] "GET /Datasets%20Description/HTML_Bro_log_2/dpd.html HTTP/1.1" 200 1576 "-" "Mozilla/5.0 (iPhone; CPU iPhone OS 8_1 like Mac OS X) AppleWebKit/600.1.4 (KHTML, like Gecko) Version/8.0 Mobile/12B411 Safari/600.1.4 (compatible; YandexMobileBot/3.0; +http://yandex.com/bots)" 
222.195.149.199 - - [26/Aug/2019:17:03:08 -0700] "GET / HTTP/1.1" 200 12431 "-" "Mozilla/5.0 (Windows NT 10.0; Win64; x64) AppleWebKit/537.36 (KHTML, like Gecko) Chrome/76.0.3809.100 Safari/537.36" 
222.195.149.199 - - [26/Aug/2019:17:03:08 -0700] "GET /css/style.css HTTP/1.1" 404 271 "http://www.secrepo.com/" "Mozilla/5.0 (Windows NT 10.0; Win64; x64) AppleWebKit/537.36 (KHTML, like Gecko) Chrome/76.0.3809.100 Safari/537.36" 
222.195.149.199 - - [26/Aug/2019:17:03:08 -0700] "GET /twitter-icon.png HTTP/1.1" 200 27810 "http://www.secrepo.com/" "Mozilla/5.0 (Windows NT 10.0; Win64; x64) AppleWebKit/537.36 (KHTML, like Gecko) Chrome/76.0.3809.100 Safari/537.36" 
222.195.149.199 - - [26/Aug/2019:17:03:08 -0700] "GET /GitHub-Mark.png HTTP/1.1" 200 7450 "http://www.secrepo.com/" "Mozilla/5.0 (Windows NT 10.0; Win64; x64) AppleWebKit/537.36 (KHTML, like Gecko) Chrome/76.0.3809.100 Safari/537.36" 
222.195.149.199 - - [26/Aug/2019:17:03:10 -0700] "GET /bootstrap/img/favicon.ico HTTP/1.1" 200 624 "http://www.secrepo.com/" "Mozilla/5.0 (Windows NT 10.0; Win64; x64) AppleWebKit/537.36 (KHTML, like Gecko) Chrome/76.0.3809.100 Safari/537.36" 
35.233.215.107 - - [26/Aug/2019:17:09:49 -0700] "GET / HTTP/1.1" 200 46568 "-" "Mozilla/5.0 (Windows NT 10.0; Win64; x64; rv:56.0) Gecko/20100101 Firefox/56.0" 
113.171.224.176 - - [26/Aug/2019:17:11:00 -0700] "GET /honeypot/Honeypot%20-%20Howto.pdf HTTP/1.1" 200 61320 "-" "Mozilla/5.0 Gecko/20100115 Firefox/3.6" 
220.181.108.182 - - [26/Aug/2019:17:22:09 -0700] "GET / HTTP/1.1" 301 438 "-" "Mozilla/5.0 (compatible; Baiduspider/2.0; +http://www.baidu.com/search/spider.html)" 
220.181.108.86 - - [26/Aug/2019:17:22:10 -0700] "GET / HTTP/1.1" 200 12394 "-" "Mozilla/5.0 (compatible; Baiduspider/2.0; +http://www.baidu.com/search/spider.html)" 
111.206.221.21 - - [26/Aug/2019:17:23:40 -0700] "GET /css/style.css HTTP/1.1" 404 250 "http://www.secrepo.com/" "Mozilla/5.0 (compatible; Baiduspider-render/2.0; +http://www.baidu.com/search/spider.html)" 
35.192.74.150 - - [26/Aug/2019:17:33:13 -0700] "GET / HTTP/1.0" 301 438 "-" "-" 
35.192.74.150 - - [26/Aug/2019:17:33:13 -0700] "GET / HTTP/1.0" 200 46568 "-" "-" 
124.65.128.114 - - [26/Aug/2019:17:25:29 -0700] "GET /Security-Data-Analysis/Lab_1/conn.log.zip HTTP/1.1" 206 496335105 "-" "Mozilla/5.0 (Windows NT 6.1; Win64; x64) AppleWebKit/537.36 (KHTML, like Gecko) Chrome/72.0.3626.109 Safari/537.36" 
54.208.100.253 - - [26/Aug/2019:17:46:52 -0700] "GET /robots.txt HTTP/1.1" 200 251 "http://schubkarre-online.de/" "Mozilla/5.0 (compatible; DuckDuckBot-Https/1.1; https://duckduckgo.com/duckduckbot)" 
54.208.100.253 - - [26/Aug/2019:17:46:52 -0700] "GET / HTTP/1.1" 200 12394 "http://www.secrepo.com/robots.txt" "Mozilla/5.0 (compatible; DuckDuckBot-Https/1.1; https://duckduckgo.com/duckduckbot)" 
54.208.100.253 - - [26/Aug/2019:17:47:11 -0700] "GET /Datasets%20Description/Network/dhcp.html HTTP/1.1" 200 1382 "-" "'Mozilla/5.0 (compatible; DuckDuckBot-Https/1.1; https://duckduckgo.com/duckduckbot)'" 
100.43.90.103 - - [26/Aug/2019:17:58:06 -0700] "GET /honeypot/BSidesDFW%20-%202014.ipynb HTTP/1.1" 200 172020 "-" "Mozilla/5.0 (compatible; YandexBot/3.0; +http://yandex.com/bots)" 
36.112.86.10 - - [26/Aug/2019:18:01:09 -0700] "GET / HTTP/1.1" 200 12431 "http://www.secrepo.com/" "Mozilla/5.0 (Macintosh; Intel Mac OS X 10_14_5) AppleWebKit/537.36 (KHTML, like Gecko) Chrome/75.0.3770.142 Safari/537.36" 
36.112.86.10 - - [26/Aug/2019:18:01:09 -0700] "GET /css/style.css HTTP/1.1" 404 294 "http://www.secrepo.com/" "Mozilla/5.0 (Macintosh; Intel Mac OS X 10_14_5) AppleWebKit/537.36 (KHTML, like Gecko) Chrome/75.0.3770.142 Safari/537.36" 
206.47.249.246 - - [26/Aug/2019:18:05:19 -0700] "GET /self.logs/error.log.2019-04-23.gz HTTP/1.1" 304 175 "-" "Mozilla/4.0 (compatible;)" 
112.134.113.22 - - [26/Aug/2019:18:08:13 -0700] "GET /Datasets%20Description/PE_malware/VirusShare.html HTTP/1.1" 200 1572 "https://www.google.com/" "Mozilla/5.0 (X11; Linux x86_64) AppleWebKit/537.36 (KHTML, like Gecko) Chrome/76.0.3809.100 Safari/537.36" 
112.134.113.22 - - [26/Aug/2019:18:08:13 -0700] "GET /favicon.ico HTTP/1.1" 200 279 "http://www.secrepo.com/Datasets%20Description/PE_malware/VirusShare.html" "Mozilla/5.0 (X11; Linux x86_64) AppleWebKit/537.36 (KHTML, like Gecko) Chrome/76.0.3809.100 Safari/537.36" 
112.134.113.22 - - [26/Aug/2019:18:10:19 -0700] "GET / HTTP/1.1" 200 12431 "http://www.secrepo.com/Datasets%20Description/PE_malware/VirusShare.html" "Mozilla/5.0 (X11; Linux x86_64) AppleWebKit/537.36 (KHTML, like Gecko) Chrome/76.0.3809.100 Safari/537.36" 
112.134.113.22 - - [26/Aug/2019:18:10:19 -0700] "GET /css/style.css HTTP/1.1" 404 271 "http://www.secrepo.com/" "Mozilla/5.0 (X11; Linux x86_64) AppleWebKit/537.36 (KHTML, like Gecko) Chrome/76.0.3809.100 Safari/537.36" 
112.134.113.22 - - [26/Aug/2019:18:10:19 -0700] "GET /twitter-icon.png HTTP/1.1" 200 27810 "http://www.secrepo.com/" "Mozilla/5.0 (X11; Linux x86_64) AppleWebKit/537.36 (KHTML, like Gecko) Chrome/76.0.3809.100 Safari/537.36" 
112.134.113.22 - - [26/Aug/2019:18:10:19 -0700] "GET /GitHub-Mark.png HTTP/1.1" 200 7450 "http://www.secrepo.com/" "Mozilla/5.0 (X11; Linux x86_64) AppleWebKit/537.36 (KHTML, like Gecko) Chrome/76.0.3809.100 Safari/537.36" 
112.134.113.22 - - [26/Aug/2019:18:10:21 -0700] "GET /bootstrap/img/favicon.ico HTTP/1.1" 200 601 "http://www.secrepo.com/" "Mozilla/5.0 (X11; Linux x86_64) AppleWebKit/537.36 (KHTML, like Gecko) Chrome/76.0.3809.100 Safari/537.36" 
27.223.98.58 - - [26/Aug/2019:18:13:51 -0700] "GET / HTTP/1.1" 200 12431 "-" "Mozilla/5.0 (Windows NT 6.1; Win64; x64) AppleWebKit/537.36 (KHTML, like Gecko) Chrome/76.0.3809.100 Safari/537.36" 
27.223.98.58 - - [26/Aug/2019:18:13:51 -0700] "GET /css/style.css HTTP/1.1" 404 271 "http://www.secrepo.com/" "Mozilla/5.0 (Windows NT 6.1; Win64; x64) AppleWebKit/537.36 (KHTML, like Gecko) Chrome/76.0.3809.100 Safari/537.36" 
27.223.98.58 - - [26/Aug/2019:18:13:52 -0700] "GET /twitter-icon.png HTTP/1.1" 200 27787 "http://www.secrepo.com/" "Mozilla/5.0 (Windows NT 6.1; Win64; x64) AppleWebKit/537.36 (KHTML, like Gecko) Chrome/76.0.3809.100 Safari/537.36" 
27.223.98.58 - - [26/Aug/2019:18:13:52 -0700] "GET /GitHub-Mark.png HTTP/1.1" 200 7450 "http://www.secrepo.com/" "Mozilla/5.0 (Windows NT 6.1; Win64; x64) AppleWebKit/537.36 (KHTML, like Gecko) Chrome/76.0.3809.100 Safari/537.36" 
27.223.98.58 - - [26/Aug/2019:18:13:56 -0700] "GET /bootstrap/img/favicon.ico HTTP/1.1" 200 624 "http://www.secrepo.com/" "Mozilla/5.0 (Windows NT 6.1; Win64; x64) AppleWebKit/537.36 (KHTML, like Gecko) Chrome/76.0.3809.100 Safari/537.36" 
58.250.125.130 - - [26/Aug/2019:18:16:00 -0700] "GET /robots.txt HTTP/1.1" 200 251 "-" "Sogou web spider/4.0(+http://www.sogou.com/docs/help/webmasters.htm#07)" 
58.250.125.130 - - [26/Aug/2019:18:16:00 -0700] "GET / HTTP/1.1" 200 12394 "-" "Sogou web spider/4.0(+http://www.sogou.com/docs/help/webmasters.htm#07)" 
113.171.224.176 - - [26/Aug/2019:18:17:39 -0700] "GET /honeypot/Honeypot%20-%20Howto.pdf HTTP/1.1" 200 61320 "-" "Mozilla/5.0 Gecko/20100115 Firefox/3.6" 
213.180.203.35 - - [26/Aug/2019:18:17:48 -0700] "GET /Datasets%20Description/HTML_Bro_log_1/notice.html HTTP/1.1" 200 1922 "-" "Mozilla/5.0 (iPhone; CPU iPhone OS 8_1 like Mac OS X) AppleWebKit/600.1.4 (KHTML, like Gecko) Version/8.0 Mobile/12B411 Safari/600.1.4 (compatible; YandexMobileBot/3.0; +http://yandex.com/bots)" 
112.134.113.22 - - [26/Aug/2019:18:19:10 -0700] "GET /pe_static/apt1.zip HTTP/1.1" 200 1983350 "http://www.secrepo.com/" "Mozilla/5.0 (X11; Linux x86_64) AppleWebKit/537.36 (KHTML, like Gecko) Chrome/76.0.3809.100 Safari/537.36" 
207.46.13.153 - - [26/Aug/2019:18:35:46 -0700] "GET /Datasets%20Description/PE_malware/Zeus.html HTTP/1.1" 200 1619 "-" "Mozilla/5.0 (compatible; bingbot/2.0; +http://www.bing.com/bingbot.htm)" 
198.182.50.13 - - [26/Aug/2019:18:40:26 -0700] "GET /favicon.ico HTTP/1.1" 200 302 "-" "Mozilla/5.0 (Windows NT 10.0; WOW64) AppleWebKit/537.36 (KHTML, like Gecko) Chrome/69.0.3497.100 Safari/537.36" 
112.134.113.22 - - [26/Aug/2019:18:49:27 -0700] "GET / HTTP/1.1" 200 12431 "http://www.secrepo.com/Datasets%20Description/PE_malware/VirusShare.html" "Mozilla/5.0 (X11; Linux x86_64) AppleWebKit/537.36 (KHTML, like Gecko) Chrome/76.0.3809.100 Safari/537.36" 
112.134.113.22 - - [26/Aug/2019:18:49:27 -0700] "GET /css/style.css HTTP/1.1" 404 271 "http://www.secrepo.com/" "Mozilla/5.0 (X11; Linux x86_64) AppleWebKit/537.36 (KHTML, like Gecko) Chrome/76.0.3809.100 Safari/537.36" 
223.3.92.69 - - [26/Aug/2019:18:52:05 -0700] "GET / HTTP/1.1" 200 12431 "-" "Mozilla/5.0 (Windows NT 10.0; WOW64) AppleWebKit/537.36 (KHTML, like Gecko) Chrome/58.0.3029.110 Safari/537.36 SE 2.X MetaSr 1.0" 
223.3.92.69 - - [26/Aug/2019:18:52:08 -0700] "GET /css/style.css HTTP/1.1" 404 294 "http://www.secrepo.com/" "Mozilla/5.0 (Windows NT 10.0; WOW64) AppleWebKit/537.36 (KHTML, like Gecko) Chrome/58.0.3029.110 Safari/537.36 SE 2.X MetaSr 1.0" 
36.110.147.87 - - [26/Aug/2019:18:58:56 -0700] "GET / HTTP/1.1" 200 12431 "http://www.sogou.com/web?query=site%3Awww.secrepo.com" "Mozilla/5.0 (Windows NT 6.1; Win64; x64) AppleWebKit/537.36 (KHTML, like Gecko) Chrome/74.0.3729.169 Safari/537.36" 
36.110.147.87 - - [26/Aug/2019:18:58:56 -0700] "GET /css/style.css HTTP/1.1" 404 294 "http://www.secrepo.com/" "Mozilla/5.0 (Windows NT 6.1; Win64; x64) AppleWebKit/537.36 (KHTML, like Gecko) Chrome/74.0.3729.169 Safari/537.36" 
36.110.147.87 - - [26/Aug/2019:18:58:57 -0700] "GET /twitter-icon.png HTTP/1.1" 200 27787 "http://www.secrepo.com/" "Mozilla/5.0 (Windows NT 6.1; Win64; x64) AppleWebKit/537.36 (KHTML, like Gecko) Chrome/74.0.3729.169 Safari/537.36" 
36.110.147.87 - - [26/Aug/2019:18:58:57 -0700] "GET /GitHub-Mark.png HTTP/1.1" 200 7427 "http://www.secrepo.com/" "Mozilla/5.0 (Windows NT 6.1; Win64; x64) AppleWebKit/537.36 (KHTML, like Gecko) Chrome/74.0.3729.169 Safari/537.36" 
157.55.39.58 - - [26/Aug/2019:18:59:37 -0700] "GET /self.logs/access.log.2017-03-24.gz HTTP/1.1" 200 22844 "-" "Mozilla/5.0 (compatible; bingbot/2.0; +http://www.bing.com/bingbot.htm)" 
75.129.211.199 - - [26/Aug/2019:19:06:12 -0700] "GET / HTTP/1.1" 200 12431 "-" "Mozilla/5.0 (iPhone; CPU iPhone OS 12_4 like Mac OS X) AppleWebKit/605.1.15 (KHTML, like Gecko) Version/12.1.2 Mobile/15E148 Safari/604.1" 
75.129.211.199 - - [26/Aug/2019:19:06:12 -0700] "GET /apple-touch-icon-120x120-precomposed.png HTTP/1.1" 404 294 "-" "MobileSafari/604.1 CFNetwork/978.0.7 Darwin/18.7.0" 
75.129.211.199 - - [26/Aug/2019:19:06:12 -0700] "GET /apple-touch-icon-120x120.png HTTP/1.1" 404 271 "-" "MobileSafari/604.1 CFNetwork/978.0.7 Darwin/18.7.0" 
75.129.211.199 - - [26/Aug/2019:19:06:12 -0700] "GET /apple-touch-icon-precomposed.png HTTP/1.1" 404 271 "-" "MobileSafari/604.1 CFNetwork/978.0.7 Darwin/18.7.0" 
75.129.211.199 - - [26/Aug/2019:19:06:13 -0700] "GET /apple-touch-icon.png HTTP/1.1" 404 271 "-" "MobileSafari/604.1 CFNetwork/978.0.7 Darwin/18.7.0" 
75.129.211.199 - - [26/Aug/2019:19:06:13 -0700] "GET /bootstrap/img/favicon.ico HTTP/1.1" 200 601 "-" "MobileSafari/604.1 CFNetwork/978.0.7 Darwin/18.7.0" 
223.91.199.228 - - [26/Aug/2019:19:10:11 -0700] "GET /favicon.ico HTTP/1.1" 200 302 "-" "Mozilla/5.0 (Windows NT 10.0; WOW64) AppleWebKit/537.36 (KHTML, like Gecko) Chrome/63.0.3239.132 Safari/537.36" 
113.171.224.176 - - [26/Aug/2019:19:23:15 -0700] "GET /honeypot/Honeypot%20-%20Howto.pdf HTTP/1.1" 200 61320 "-" "Mozilla/5.0 Gecko/20100115 Firefox/3.6" 
52.212.146.96 - - [26/Aug/2019:19:30:01 -0700] "GET /self.logs/access.log.2019-08-20.gz HTTP/1.1" 200 22721 "-" "python-requests/2.12.1" 
52.212.146.96 - - [26/Aug/2019:19:30:01 -0700] "GET /self.logs/access.log.2019-08-21.gz HTTP/1.1" 200 17429 "-" "python-requests/2.12.1" 
52.212.146.96 - - [26/Aug/2019:19:30:02 -0700] "GET /self.logs/access.log.2019-08-22.gz HTTP/1.1" 200 19710 "-" "python-requests/2.12.1" 
52.212.146.96 - - [26/Aug/2019:19:30:02 -0700] "GET /self.logs/access.log.2019-08-23.gz HTTP/1.1" 200 18636 "-" "python-requests/2.12.1" 
52.212.146.96 - - [26/Aug/2019:19:30:02 -0700] "GET /self.logs/access.log.2019-08-24.gz HTTP/1.1" 404 294 "-" "python-requests/2.12.1" 
52.212.146.96 - - [26/Aug/2019:19:30:02 -0700] "GET /self.logs/access.log.2019-08-25.gz HTTP/1.1" 404 294 "-" "python-requests/2.12.1" 
52.212.146.96 - - [26/Aug/2019:19:30:03 -0700] "GET /self.logs/access.log.2019-08-26.gz HTTP/1.1" 404 294 "-" "python-requests/2.12.1" 
40.77.167.4 - - [26/Aug/2019:19:33:46 -0700] "GET /Datasets%20Description/Network/notice.html HTTP/1.1" 200 1571 "-" "Mozilla/5.0 (compatible; bingbot/2.0; +http://www.bing.com/bingbot.htm)" 
36.112.86.7 - - [26/Aug/2019:19:37:40 -0700] "GET /favicon.ico HTTP/1.1" 200 302 "-" "Mozilla/5.0 (Windows NT 6.1; WOW64) AppleWebKit/537.36 (KHTML, like Gecko) Chrome/69.0.3497.100 Safari/537.36" 
100.43.90.103 - - [26/Aug/2019:19:49:11 -0700] "GET /robots.txt HTTP/1.1" 200 288 "-" "Mozilla/5.0 (compatible; YandexBot/3.0; +http://yandex.com/bots)" 
