206.253.226.12 - - [22/Mar/2020:02:49:24 -0700] "GET /robots.txt HTTP/1.1" 301 439 "-" "Mozilla/5.0 (compatible; oBot/2.3.1; http://www.xforce-security.com/crawler/)" 
206.253.226.12 - - [22/Mar/2020:02:49:24 -0700] "GET /robots.txt HTTP/1.1" 200 377 "-" "Mozilla/5.0 (compatible; oBot/2.3.1; http://www.xforce-security.com/crawler/)" 
206.253.226.12 - - [22/Mar/2020:02:49:24 -0700] "GET / HTTP/1.1" 301 419 "-" "Mozilla/5.0 (compatible; oBot/2.3.1; http://www.xforce-security.com/crawler/)" 
206.253.226.12 - - [22/Mar/2020:02:49:25 -0700] "GET / HTTP/1.1" 200 47579 "-" "Mozilla/5.0 (compatible; oBot/2.3.1; http://www.xforce-security.com/crawler/)" 
206.253.226.12 - - [22/Mar/2020:02:49:25 -0700] "GET /robots.txt HTTP/1.1" 200 299 "-" "Mozilla/5.0 (compatible; oBot/2.3.1; http://www.xforce-security.com/crawler/)" 
206.253.226.12 - - [22/Mar/2020:02:49:25 -0700] "GET / HTTP/1.1" 200 47524 "-" "Mozilla/5.0 (compatible; oBot/2.3.1; http://www.xforce-security.com/crawler/)" 
123.151.77.71 - - [22/Mar/2020:02:50:12 -0700] "GET / HTTP/1.1" 200 12741 "-" "Mozilla/5.0 (Linux; Android 9; RMX1931 Build/PKQ1.190626.001; wv) AppleWebKit/537.36 (KHTML, like Gecko) Version/4.0 Chrome/66.0.3359.126 MQQBrowser/6.2 TBS/045130 Mobile Safari/537.36 V1_AND_SQ_8.2.0_1296_YYB_D QQ/8.2.0.4310 NetType/WIFI WebP/0.3.0 Pixel/1080 StatusBarHeight/84 SimpleUISwitch/0" 
123.151.77.71 - - [22/Mar/2020:02:50:12 -0700] "GET /css/style.css HTTP/1.1" 404 291 "http://www.secrepo.com/" "Mozilla/5.0 (Linux; Android 9; RMX1931 Build/PKQ1.190626.001; wv) AppleWebKit/537.36 (KHTML, like Gecko) Version/4.0 Chrome/66.0.3359.126 MQQBrowser/6.2 TBS/045130 Mobile Safari/537.36 V1_AND_SQ_8.2.0_1296_YYB_D QQ/8.2.0.4310 NetType/WIFI WebP/0.3.0 Pixel/1080 StatusBarHeight/84 SimpleUISwitch/0" 
123.151.77.71 - - [22/Mar/2020:02:50:12 -0700] "GET /twitter-icon.png HTTP/1.1" 200 27872 "http://www.secrepo.com/" "Mozilla/5.0 (Linux; Android 9; RMX1931 Build/PKQ1.190626.001; wv) AppleWebKit/537.36 (KHTML, like Gecko) Version/4.0 Chrome/66.0.3359.126 MQQBrowser/6.2 TBS/045130 Mobile Safari/537.36 V1_AND_SQ_8.2.0_1296_YYB_D QQ/8.2.0.4310 NetType/WIFI WebP/0.3.0 Pixel/1080 StatusBarHeight/84 SimpleUISwitch/0" 
123.151.77.71 - - [22/Mar/2020:02:50:12 -0700] "GET /GitHub-Mark.png HTTP/1.1" 200 7512 "http://www.secrepo.com/" "Mozilla/5.0 (Linux; Android 9; RMX1931 Build/PKQ1.190626.001; wv) AppleWebKit/537.36 (KHTML, like Gecko) Version/4.0 Chrome/66.0.3359.126 MQQBrowser/6.2 TBS/045130 Mobile Safari/537.36 V1_AND_SQ_8.2.0_1296_YYB_D QQ/8.2.0.4310 NetType/WIFI WebP/0.3.0 Pixel/1080 StatusBarHeight/84 SimpleUISwitch/0" 
123.151.77.71 - - [22/Mar/2020:02:50:21 -0700] "GET /bootstrap/img/favicon.ico HTTP/1.1" 200 669 "http://www.secrepo.com/" "Mozilla/5.0 (Linux; Android 9; RMX1931 Build/PKQ1.190626.001; wv) AppleWebKit/537.36 (KHTML, like Gecko) Version/4.0 Chrome/66.0.3359.126 MQQBrowser/6.2 TBS/045130 Mobile Safari/537.36 V1_AND_SQ_8.2.0_1296_YYB_D QQ/8.2.0.4310 NetType/WIFI WebP/0.3.0 Pixel/1080 StatusBarHeight/84 SimpleUISwitch/0" 
142.44.167.89 - - [22/Mar/2020:02:59:07 -0700] "GET /robots.txt HTTP/1.1" 301 439 "-" "Mozilla/5.0 (compatible; YaK/1.0; http://linkfluence.com/; bot@linkfluence.com)" 
142.44.167.89 - - [22/Mar/2020:02:59:07 -0700] "GET /robots.txt HTTP/1.1" 200 333 "-" "Mozilla/5.0 (compatible; YaK/1.0; http://linkfluence.com/; bot@linkfluence.com)" 
41.143.81.213 - - [22/Mar/2020:03:18:37 -0700] "GET /css/style.css HTTP/1.1" 404 328 "http://www.secrepo.com/?fbclid=IwAR3WcA9XI9i3yGrWx4Jdd39VTdMJu0rs0dQv6aC4HxJJFGBvBjklWAFGrTo" "Mozilla/5.0 (Windows NT 10.0; Win64; x64) AppleWebKit/537.36 (KHTML, like Gecko) Chrome/80.0.3987.149 Safari/537.36" 
40.77.167.73 - - [22/Mar/2020:03:28:14 -0700] "GET /Datasets%20Description/HTML_Bro_log_1/weird.html HTTP/1.1" 200 1937 "-" "Mozilla/5.0 (compatible; bingbot/2.0; +http://www.bing.com/bingbot.htm)" 
47.111.229.152 - - [22/Mar/2020:03:38:12 -0700] "GET /data/admin/allowurl.txt HTTP/1.1" 404 328 "-" "Mozilla/5.0 (Windows NT 10.0; WOW64; rv:48.0) Gecko/20100101 Firefox/48.0" 
194.42.35.29 - - [22/Mar/2020:03:52:24 -0700] "GET / HTTP/1.1" 200 12778 "-" "Mozilla/5.0 (Windows NT 6.3; Win64; x64) AppleWebKit/537.36 (KHTML, like Gecko) Chrome/80.0.3987.149 Safari/537.36" 
194.42.35.29 - - [22/Mar/2020:03:52:24 -0700] "GET /css/style.css HTTP/1.1" 404 305 "http://www.secrepo.com/" "Mozilla/5.0 (Windows NT 6.3; Win64; x64) AppleWebKit/537.36 (KHTML, like Gecko) Chrome/80.0.3987.149 Safari/537.36" 
194.42.35.29 - - [22/Mar/2020:03:52:25 -0700] "GET /GitHub-Mark.png HTTP/1.1" 200 7556 "http://www.secrepo.com/" "Mozilla/5.0 (Windows NT 6.3; Win64; x64) AppleWebKit/537.36 (KHTML, like Gecko) Chrome/80.0.3987.149 Safari/537.36" 
194.42.35.29 - - [22/Mar/2020:03:52:25 -0700] "GET /twitter-icon.png HTTP/1.1" 200 27893 "http://www.secrepo.com/" "Mozilla/5.0 (Windows NT 6.3; Win64; x64) AppleWebKit/537.36 (KHTML, like Gecko) Chrome/80.0.3987.149 Safari/537.36" 
194.42.35.29 - - [22/Mar/2020:03:52:35 -0700] "GET /bootstrap/img/favicon.ico HTTP/1.1" 200 713 "http://www.secrepo.com/" "Mozilla/5.0 (Windows NT 6.3; Win64; x64) AppleWebKit/537.36 (KHTML, like Gecko) Chrome/80.0.3987.149 Safari/537.36" 
112.65.48.63 - - [22/Mar/2020:04:05:59 -0700] "GET /Datasets%20Description/PE_malware/VirusShare.html HTTP/1.1" 200 1651 "-" "Mozilla/5.0 (iPhone; CPU iPhone OS 13_3_1 like Mac OS X) AppleWebKit/605.1.15 (KHTML, like Gecko) Mobile/15E148 SP-engine/2.16.0" 
199.58.86.211 - - [22/Mar/2020:04:08:57 -0700] "GET /robots.txt HTTP/1.1" 200 377 "-" "Mozilla/5.0 (compatible; MJ12bot/v1.4.8; http://mj12bot.com/)" 
199.58.86.211 - - [22/Mar/2020:04:09:08 -0700] "GET / HTTP/1.1" 200 12734 "-" "Mozilla/5.0 (compatible; MJ12bot/v1.4.8; http://mj12bot.com/)" 
84.115.249.116 - - [22/Mar/2020:04:09:58 -0700] "GET /bootstrap/img/favicon.ico HTTP/1.1" 304 263 "-" "Mozilla/5.0 (Windows NT 10.0; Win64; x64) AppleWebKit/537.36 (KHTML, like Gecko) Chrome/80.0.3987.149 Safari/537.36" 
162.210.196.98 - - [22/Mar/2020:04:11:18 -0700] "GET /robots.txt HTTP/1.1" 301 495 "-" "Mozilla/5.0 (compatible; MJ12bot/v1.4.8; http://mj12bot.com/)" 
162.210.196.98 - - [22/Mar/2020:04:11:18 -0700] "GET /robots.txt HTTP/1.1" 200 377 "-" "Mozilla/5.0 (compatible; MJ12bot/v1.4.8; http://mj12bot.com/)" 
162.210.196.98 - - [22/Mar/2020:04:11:20 -0700] "GET / HTTP/1.1" 301 419 "-" "Mozilla/5.0 (compatible; MJ12bot/v1.4.8; http://mj12bot.com/)" 
162.210.196.98 - - [22/Mar/2020:04:11:22 -0700] "GET / HTTP/1.1" 200 12734 "-" "Mozilla/5.0 (compatible; MJ12bot/v1.4.8; http://mj12bot.com/)" 
157.55.39.118 - - [22/Mar/2020:04:16:24 -0700] "GET /auth.log/auth.log.gz HTTP/1.1" 304 281 "-" "Mozilla/5.0 (compatible; bingbot/2.0; +http://www.bing.com/bingbot.htm)" 
113.2.85.187 - - [22/Mar/2020:04:17:57 -0700] "GET / HTTP/1.1" 301 475 "-" "Mozilla/5.0 (Windows NT 10.0; Win64; x64) AppleWebKit/537.36 (KHTML, like Gecko) Chrome/77.0.3865.90 Safari/537.36" 
113.2.85.187 - - [22/Mar/2020:04:17:59 -0700] "GET / HTTP/1.1" 200 12778 "-" "Mozilla/5.0 (Windows NT 10.0; Win64; x64) AppleWebKit/537.36 (KHTML, like Gecko) Chrome/77.0.3865.90 Safari/537.36" 
113.2.85.187 - - [22/Mar/2020:04:17:59 -0700] "GET /css/style.css HTTP/1.1" 404 305 "http://www.secrepo.com/" "Mozilla/5.0 (Windows NT 10.0; Win64; x64) AppleWebKit/537.36 (KHTML, like Gecko) Chrome/77.0.3865.90 Safari/537.36" 
113.2.85.187 - - [22/Mar/2020:04:17:59 -0700] "GET /twitter-icon.png HTTP/1.1" 200 27916 "http://www.secrepo.com/" "Mozilla/5.0 (Windows NT 10.0; Win64; x64) AppleWebKit/537.36 (KHTML, like Gecko) Chrome/77.0.3865.90 Safari/537.36" 
113.2.85.187 - - [22/Mar/2020:04:17:59 -0700] "GET /GitHub-Mark.png HTTP/1.1" 200 7533 "http://www.secrepo.com/" "Mozilla/5.0 (Windows NT 10.0; Win64; x64) AppleWebKit/537.36 (KHTML, like Gecko) Chrome/77.0.3865.90 Safari/537.36" 
61.151.206.27 - - [22/Mar/2020:04:18:31 -0700] "GET / HTTP/1.0" 200 47602 "-" "Mozilla/5.0 (iPhone; CPU iPhone OS 8_3 like Mac OS X) AppleWebKit/600.1.4 (KHTML; like Gecko) Mobile/12F70 MicroMessenger/6.1.5 NetType/WIFI" 
116.23.16.186 - - [22/Mar/2020:04:18:36 -0700] "GET / HTTP/1.1" 200 12778 "-" "Mozilla/5.0 (Macintosh; Intel Mac OS X 10_14_3) AppleWebKit/537.36 (KHTML, like Gecko) Chrome/80.0.3987.132 Safari/537.36" 
116.23.16.186 - - [22/Mar/2020:04:18:36 -0700] "GET /css/style.css HTTP/1.1" 404 328 "http://www.secrepo.com/" "Mozilla/5.0 (Macintosh; Intel Mac OS X 10_14_3) AppleWebKit/537.36 (KHTML, like Gecko) Chrome/80.0.3987.132 Safari/537.36" 
116.23.16.186 - - [22/Mar/2020:04:18:42 -0700] "GET /twitter-icon.png HTTP/1.1" 200 27916 "http://www.secrepo.com/" "Mozilla/5.0 (Macintosh; Intel Mac OS X 10_14_3) AppleWebKit/537.36 (KHTML, like Gecko) Chrome/80.0.3987.132 Safari/537.36" 
113.2.85.187 - - [22/Mar/2020:04:18:42 -0700] "GET /bootstrap/img/favicon.ico HTTP/1.1" 200 713 "http://www.secrepo.com/" "Mozilla/5.0 (Windows NT 10.0; Win64; x64) AppleWebKit/537.36 (KHTML, like Gecko) Chrome/77.0.3865.90 Safari/537.36" 
116.23.16.186 - - [22/Mar/2020:04:18:44 -0700] "GET /GitHub-Mark.png HTTP/1.1" 200 7556 "http://www.secrepo.com/" "Mozilla/5.0 (Macintosh; Intel Mac OS X 10_14_3) AppleWebKit/537.36 (KHTML, like Gecko) Chrome/80.0.3987.132 Safari/537.36" 
116.23.16.186 - - [22/Mar/2020:04:18:53 -0700] "GET / HTTP/1.1" 200 12778 "-" "Mozilla/5.0 (Macintosh; Intel Mac OS X 10_14_3) AppleWebKit/537.36 (KHTML, like Gecko) Chrome/80.0.3987.132 Safari/537.36" 
116.23.16.186 - - [22/Mar/2020:04:18:54 -0700] "GET /css/style.css HTTP/1.1" 404 328 "http://www.secrepo.com/" "Mozilla/5.0 (Macintosh; Intel Mac OS X 10_14_3) AppleWebKit/537.36 (KHTML, like Gecko) Chrome/80.0.3987.132 Safari/537.36" 
116.23.16.186 - - [22/Mar/2020:04:19:49 -0700] "GET / HTTP/1.1" 200 12778 "-" "Mozilla/5.0 (Macintosh; Intel Mac OS X 10_14_3) AppleWebKit/537.36 (KHTML, like Gecko) Chrome/80.0.3987.132 Safari/537.36" 
116.23.16.186 - - [22/Mar/2020:04:19:50 -0700] "GET /css/style.css HTTP/1.1" 404 328 "http://www.secrepo.com/" "Mozilla/5.0 (Macintosh; Intel Mac OS X 10_14_3) AppleWebKit/537.36 (KHTML, like Gecko) Chrome/80.0.3987.132 Safari/537.36" 
116.23.16.186 - - [22/Mar/2020:04:19:51 -0700] "GET /twitter-icon.png HTTP/1.1" 206 427 "http://www.secrepo.com/" "Mozilla/5.0 (Macintosh; Intel Mac OS X 10_14_3) AppleWebKit/537.36 (KHTML, like Gecko) Chrome/80.0.3987.132 Safari/537.36" 
116.23.16.186 - - [22/Mar/2020:04:19:51 -0700] "GET /GitHub-Mark.png HTTP/1.1" 206 447 "http://www.secrepo.com/" "Mozilla/5.0 (Macintosh; Intel Mac OS X 10_14_3) AppleWebKit/537.36 (KHTML, like Gecko) Chrome/80.0.3987.132 Safari/537.36" 
116.23.16.186 - - [22/Mar/2020:04:19:51 -0700] "GET /twitter-icon.png HTTP/1.1" 206 8017 "http://www.secrepo.com/" "Mozilla/5.0 (Macintosh; Intel Mac OS X 10_14_3) AppleWebKit/537.36 (KHTML, like Gecko) Chrome/80.0.3987.132 Safari/537.36" 
116.23.16.186 - - [22/Mar/2020:04:19:51 -0700] "GET /GitHub-Mark.png HTTP/1.1" 206 2174 "http://www.secrepo.com/" "Mozilla/5.0 (Macintosh; Intel Mac OS X 10_14_3) AppleWebKit/537.36 (KHTML, like Gecko) Chrome/80.0.3987.132 Safari/537.36" 
47.244.246.127 - - [22/Mar/2020:04:20:11 -0700] "GET / HTTP/1.1" 301 419 "-" "Mozilla/5.0 (Macintosh; Intel Mac OS X 10_15_3) AppleWebKit/537.36 (KHTML, like Gecko) Chrome/80.0.3987.149 Safari/537.36" 
47.244.246.127 - - [22/Mar/2020:04:20:13 -0700] "GET / HTTP/1.1" 200 12734 "-" "Mozilla/5.0 (Macintosh; Intel Mac OS X 10_15_3) AppleWebKit/537.36 (KHTML, like Gecko) Chrome/80.0.3987.149 Safari/537.36" 
47.244.246.127 - - [22/Mar/2020:04:20:15 -0700] "GET /twitter-icon.png HTTP/1.1" 200 27872 "http://www.secrepo.com/" "Mozilla/5.0 (Macintosh; Intel Mac OS X 10_15_3) AppleWebKit/537.36 (KHTML, like Gecko) Chrome/80.0.3987.149 Safari/537.36" 
47.244.246.127 - - [22/Mar/2020:04:20:15 -0700] "GET /GitHub-Mark.png HTTP/1.1" 200 7512 "http://www.secrepo.com/" "Mozilla/5.0 (Macintosh; Intel Mac OS X 10_15_3) AppleWebKit/537.36 (KHTML, like Gecko) Chrome/80.0.3987.149 Safari/537.36" 
47.244.246.127 - - [22/Mar/2020:04:20:15 -0700] "GET /css/style.css HTTP/1.1" 404 284 "http://www.secrepo.com/" "Mozilla/5.0 (Macintosh; Intel Mac OS X 10_15_3) AppleWebKit/537.36 (KHTML, like Gecko) Chrome/80.0.3987.149 Safari/537.36" 
47.244.246.127 - - [22/Mar/2020:04:20:21 -0700] "GET /bootstrap/img/favicon.ico HTTP/1.1" 200 669 "http://www.secrepo.com/" "Mozilla/5.0 (Macintosh; Intel Mac OS X 10_15_3) AppleWebKit/537.36 (KHTML, like Gecko) Chrome/80.0.3987.149 Safari/537.36" 
47.244.246.127 - - [22/Mar/2020:04:22:11 -0700] "GET /maccdc2012/http.log.gz HTTP/1.1" 200 56420944 "-" "Mozilla/5.0 (Macintosh; Intel Mac OS X 10_15_3) AppleWebKit/537.36 (KHTML, like Gecko) Chrome/80.0.3987.149 Safari/537.36" 
47.244.246.127 - - [22/Mar/2020:04:25:19 -0700] "GET /css/style.css HTTP/1.1" 404 284 "http://www.secrepo.com/" "Mozilla/5.0 (Macintosh; Intel Mac OS X 10_15_3) AppleWebKit/537.36 (KHTML, like Gecko) Chrome/80.0.3987.149 Safari/537.36" 
47.244.246.127 - - [22/Mar/2020:04:26:14 -0700] "GET /maccdc2012/dns.log.gz HTTP/1.1" 200 6607335 "-" "Mozilla/5.0 (Macintosh; Intel Mac OS X 10_15_3) AppleWebKit/537.36 (KHTML, like Gecko) Chrome/80.0.3987.149 Safari/537.36" 
47.244.246.127 - - [22/Mar/2020:04:22:07 -0700] "GET /maccdc2012/conn.log.gz HTTP/1.1" 200 549157709 "-" "Mozilla/5.0 (Macintosh; Intel Mac OS X 10_15_3) AppleWebKit/537.36 (KHTML, like Gecko) Chrome/80.0.3987.149 Safari/537.36" 
47.244.246.127 - - [22/Mar/2020:04:24:34 -0700] "GET /Security-Data-Analysis/Lab_1/conn.log.zip HTTP/1.1" 200 547221498 "-" "Mozilla/5.0 (Macintosh; Intel Mac OS X 10_15_3) AppleWebKit/537.36 (KHTML, like Gecko) Chrome/80.0.3987.149 Safari/537.36" 
47.244.246.127 - - [22/Mar/2020:04:34:59 -0700] "GET /domaindata/domainmovement.zip HTTP/1.1" 200 7437792 "-" "Mozilla/5.0 (Macintosh; Intel Mac OS X 10_15_3) AppleWebKit/537.36 (KHTML, like Gecko) Chrome/80.0.3987.149 Safari/537.36" 
106.120.188.154 - - [22/Mar/2020:04:35:14 -0700] "GET /css/style.css HTTP/1.1" 301 464 "http://secrepo.com/" "Mozilla/5.0 (X11; Fedora; Linux x86_64) AppleWebKit/537.36 (KHTML, like Gecko) HeadlessChrome/73.0.3683.86 Safari/537.36" 
106.120.188.154 - - [22/Mar/2020:04:35:15 -0700] "GET /css/style.css HTTP/1.1" 404 291 "http://secrepo.com/" "Mozilla/5.0 (X11; Fedora; Linux x86_64) AppleWebKit/537.36 (KHTML, like Gecko) HeadlessChrome/73.0.3683.86 Safari/537.36" 
106.120.188.154 - - [22/Mar/2020:04:35:16 -0700] "GET /css/style.css HTTP/1.1" 301 464 "http://secrepo.com/" "Mozilla/5.0 (X11; Fedora; Linux x86_64) AppleWebKit/537.36 (KHTML, like Gecko) HeadlessChrome/73.0.3683.86 Safari/537.36" 
106.120.188.154 - - [22/Mar/2020:04:35:16 -0700] "GET /css/style.css HTTP/1.1" 404 291 "http://secrepo.com/" "Mozilla/5.0 (X11; Fedora; Linux x86_64) AppleWebKit/537.36 (KHTML, like Gecko) HeadlessChrome/73.0.3683.86 Safari/537.36" 
106.120.188.154 - - [22/Mar/2020:04:35:18 -0700] "GET /css/style.css HTTP/1.1" 301 464 "http://secrepo.com/" "Mozilla/5.0 (X11; Fedora; Linux x86_64) AppleWebKit/537.36 (KHTML, like Gecko) HeadlessChrome/73.0.3683.86 Safari/537.36" 
106.120.188.154 - - [22/Mar/2020:04:35:20 -0700] "GET /css/style.css HTTP/1.1" 404 291 "http://secrepo.com/" "Mozilla/5.0 (X11; Fedora; Linux x86_64) AppleWebKit/537.36 (KHTML, like Gecko) HeadlessChrome/73.0.3683.86 Safari/537.36" 
36.110.147.108 - - [22/Mar/2020:04:35:20 -0700] "GET /css/style.css HTTP/1.1" 301 464 "http://secrepo.com/" "Mozilla/5.0 (X11; Fedora; Linux x86_64) AppleWebKit/537.36 (KHTML, like Gecko) HeadlessChrome/73.0.3683.86 Safari/537.36" 
36.110.147.108 - - [22/Mar/2020:04:35:21 -0700] "GET /css/style.css HTTP/1.1" 404 291 "http://secrepo.com/" "Mozilla/5.0 (X11; Fedora; Linux x86_64) AppleWebKit/537.36 (KHTML, like Gecko) HeadlessChrome/73.0.3683.86 Safari/537.36" 
36.110.147.108 - - [22/Mar/2020:04:35:22 -0700] "GET /css/style.css HTTP/1.1" 301 464 "http://secrepo.com/" "Mozilla/5.0 (X11; Fedora; Linux x86_64) AppleWebKit/537.36 (KHTML, like Gecko) HeadlessChrome/73.0.3683.86 Safari/537.36" 
36.110.147.108 - - [22/Mar/2020:04:35:22 -0700] "GET /css/style.css HTTP/1.1" 404 291 "http://secrepo.com/" "Mozilla/5.0 (X11; Fedora; Linux x86_64) AppleWebKit/537.36 (KHTML, like Gecko) HeadlessChrome/73.0.3683.86 Safari/537.36" 
36.110.147.108 - - [22/Mar/2020:04:35:23 -0700] "GET /css/style.css HTTP/1.1" 301 464 "http://secrepo.com/" "Mozilla/5.0 (X11; Fedora; Linux x86_64) AppleWebKit/537.36 (KHTML, like Gecko) HeadlessChrome/73.0.3683.86 Safari/537.36" 
36.110.147.108 - - [22/Mar/2020:04:35:23 -0700] "GET /css/style.css HTTP/1.1" 404 291 "http://secrepo.com/" "Mozilla/5.0 (X11; Fedora; Linux x86_64) AppleWebKit/537.36 (KHTML, like Gecko) HeadlessChrome/73.0.3683.86 Safari/537.36" 
47.244.246.127 - - [22/Mar/2020:04:35:26 -0700] "GET /maccdc2012/ssh.log.gz HTTP/1.1" 200 182523 "-" "Mozilla/5.0 (Macintosh; Intel Mac OS X 10_15_3) AppleWebKit/537.36 (KHTML, like Gecko) Chrome/80.0.3987.149 Safari/537.36" 
157.55.39.118 - - [22/Mar/2020:04:39:42 -0700] "GET /self.logs/error.log.2019-05-13.gz HTTP/1.1" 200 5754 "-" "Mozilla/5.0 (compatible; bingbot/2.0; +http://www.bing.com/bingbot.htm)" 
40.77.167.73 - - [22/Mar/2020:04:47:54 -0700] "GET /self.logs/error.log.2017-06-27.gz HTTP/1.1" 200 930 "-" "Mozilla/5.0 (compatible; bingbot/2.0; +http://www.bing.com/bingbot.htm)" 
157.55.39.68 - - [22/Mar/2020:04:50:33 -0700] "GET /self.logs/access.log.2018-10-25.gz HTTP/1.1" 200 56985 "-" "Mozilla/5.0 (compatible; bingbot/2.0; +http://www.bing.com/bingbot.htm)" 
157.55.39.68 - - [22/Mar/2020:04:54:15 -0700] "GET /self.logs/error.log.2018-12-09.gz HTTP/1.1" 200 5209 "-" "Mozilla/5.0 (compatible; bingbot/2.0; +http://www.bing.com/bingbot.htm)" 
40.77.167.73 - - [22/Mar/2020:04:54:50 -0700] "GET /Datasets%20Description/HTML_Bro_log_1/weird.html HTTP/1.1" 200 1937 "-" "Mozilla/5.0 (compatible; bingbot/2.0; +http://www.bing.com/bingbot.htm)" 
207.46.13.68 - - [22/Mar/2020:05:02:30 -0700] "GET /self.logs/error.log.2019-02-22.gz HTTP/1.1" 200 4211 "-" "Mozilla/5.0 (compatible; bingbot/2.0; +http://www.bing.com/bingbot.htm)" 
157.55.39.68 - - [22/Mar/2020:05:14:59 -0700] "GET /self.logs/access.log.2017-10-02.gz HTTP/1.1" 200 21984 "-" "Mozilla/5.0 (compatible; bingbot/2.0; +http://www.bing.com/bingbot.htm)" 
207.46.13.68 - - [22/Mar/2020:05:22:07 -0700] "GET /self.logs/access.log.2017-01-24.gz HTTP/1.1" 200 17113 "-" "Mozilla/5.0 (compatible; bingbot/2.0; +http://www.bing.com/bingbot.htm)" 
207.46.13.68 - - [22/Mar/2020:05:25:05 -0700] "GET /self.logs/access.log.2017-12-20.gz HTTP/1.1" 200 24862 "-" "Mozilla/5.0 (compatible; bingbot/2.0; +http://www.bing.com/bingbot.htm)" 
40.77.167.73 - - [22/Mar/2020:05:25:34 -0700] "GET /self.logs/error.log.2018-06-21.gz HTTP/1.1" 200 5956 "-" "Mozilla/5.0 (compatible; bingbot/2.0; +http://www.bing.com/bingbot.htm)" 
36.81.4.160 - - [22/Mar/2020:05:30:51 -0700] "GET / HTTP/1.1" 301 0 "http://anti-crisis-seo.com" "Mozilla/5.0 (Windows NT 10.0; Win64; x64) AppleWebKit/537.36 (KHTML, like Gecko) Chrome/74.0.3729.169 Safari/537.36" 
157.55.39.68 - - [22/Mar/2020:05:31:15 -0700] "GET /self.logs/access.log.2018-11-15.gz HTTP/1.1" 200 46124 "-" "Mozilla/5.0 (compatible; bingbot/2.0; +http://www.bing.com/bingbot.htm)" 
36.71.251.23 - - [22/Mar/2020:05:33:46 -0700] "GET / HTTP/1.1" 301 475 "http://anti-crisis-seo.com" "Mozilla/5.0 (Windows NT 10.0; Win64; x64) AppleWebKit/537.36 (KHTML, like Gecko) Chrome/74.0.3729.169 Safari/537.36" 
40.77.167.73 - - [22/Mar/2020:05:35:14 -0700] "GET /self.logs/access.log.2018-12-27.gz HTTP/1.1" 200 22642 "-" "Mozilla/5.0 (compatible; bingbot/2.0; +http://www.bing.com/bingbot.htm)" 
40.77.167.73 - - [22/Mar/2020:05:36:19 -0700] "GET /self.logs/error.log.2020-01-02.gz HTTP/1.1" 200 867 "-" "Mozilla/5.0 (compatible; bingbot/2.0; +http://www.bing.com/bingbot.htm)" 
129.204.129.143 - - [22/Mar/2020:05:41:18 -0700] "GET /honeypot/honeypot.json.zip HTTP/1.1" 200 56960 "http://mohcy.pinkertech.com/ds/ddd/InternetExplorer8@164.exe?dt=d80l7csot1" "Mozilla/5.0 (Linux; U; Android 4.4.2; zh-cn; GT-I9500 Build/KOT49H) AppleWebKit/537.36 (KHTML, like Gecko)Version/4.0 MQQBrowser/5.0 Mobile Safari/537.36" 
183.192.164.85 - - [22/Mar/2020:05:42:28 -0700] "GET /honeypot/honeypot.json.zip HTTP/1.1" 200 74460 "-" "Mozilla/5.0 (Windows NT 6.1; WOW64) AppleWebKit/537.36 (KHTML, like Gecko) Chrome/45.0.2454.101 Safari/537.36" 
5.45.135.191 - - [22/Mar/2020:05:45:25 -0700] "GET / HTTP/1.1" 200 12778 "https://search.yahoo.com/" "Mozilla/5.0 (Windows NT 10.0; Win64; x64) AppleWebKit/537.36 (KHTML, like Gecko) Chrome/80.0.3987.149 Safari/537.36" 
5.45.135.191 - - [22/Mar/2020:05:45:25 -0700] "GET /css/style.css HTTP/1.1" 404 305 "http://www.secrepo.com/" "Mozilla/5.0 (Windows NT 10.0; Win64; x64) AppleWebKit/537.36 (KHTML, like Gecko) Chrome/80.0.3987.149 Safari/537.36" 
5.45.135.191 - - [22/Mar/2020:05:45:25 -0700] "GET /twitter-icon.png HTTP/1.1" 200 27916 "http://www.secrepo.com/" "Mozilla/5.0 (Windows NT 10.0; Win64; x64) AppleWebKit/537.36 (KHTML, like Gecko) Chrome/80.0.3987.149 Safari/537.36" 
5.45.135.191 - - [22/Mar/2020:05:45:25 -0700] "GET /GitHub-Mark.png HTTP/1.1" 200 7533 "http://www.secrepo.com/" "Mozilla/5.0 (Windows NT 10.0; Win64; x64) AppleWebKit/537.36 (KHTML, like Gecko) Chrome/80.0.3987.149 Safari/537.36" 
5.45.135.191 - - [22/Mar/2020:05:45:28 -0700] "GET /bootstrap/img/favicon.ico HTTP/1.1" 200 713 "http://www.secrepo.com/" "Mozilla/5.0 (Windows NT 10.0; Win64; x64) AppleWebKit/537.36 (KHTML, like Gecko) Chrome/80.0.3987.149 Safari/537.36" 
40.76.79.103 - - [22/Mar/2020:05:54:14 -0700] "GET / HTTP/1.1" 301 475 "-" "Mozilla/5.0 (Windows NT 6.1; rv:24.0) Gecko/20100101 Firefox/24.0" 
40.76.79.103 - - [22/Mar/2020:05:54:15 -0700] "GET / HTTP/1.1" 200 47602 "-" "Mozilla/5.0 (Windows NT 6.1; rv:24.0) Gecko/20100101 Firefox/24.0" 
157.55.39.68 - - [22/Mar/2020:05:57:22 -0700] "GET /self.logs/access.log.2019-09-25.gz HTTP/1.1" 200 17944 "-" "Mozilla/5.0 (compatible; bingbot/2.0; +http://www.bing.com/bingbot.htm)" 
107.21.1.8 - - [22/Mar/2020:06:04:34 -0700] "GET / HTTP/1.1" 200 12778 "http://www.secrepo.com/" "Mozilla/5.0 (compatible; DuckDuckGo-Favicons-Bot/1.0; +http://duckduckgo.com)" 
107.21.1.8 - - [22/Mar/2020:06:04:34 -0700] "GET /bootstrap/img/favicon.ico HTTP/1.1" 200 690 "http://www.secrepo.com/bootstrap/img/favicon.ico" "Mozilla/5.0 (compatible; DuckDuckGo-Favicons-Bot/1.0; +http://duckduckgo.com)" 
40.77.167.73 - - [22/Mar/2020:06:08:06 -0700] "GET /self.logs/error.log.2018-04-14.gz HTTP/1.1" 200 4218 "-" "Mozilla/5.0 (compatible; bingbot/2.0; +http://www.bing.com/bingbot.htm)" 
133.155.66.174 - - [22/Mar/2020:06:09:23 -0700] "GET / HTTP/1.1" 200 12778 "-" "Mozilla/5.0 (Macintosh; Intel Mac OS X 10_12_6) AppleWebKit/537.36 (KHTML, like Gecko) Chrome/80.0.3987.149 Safari/537.36" 
133.155.66.174 - - [22/Mar/2020:06:09:23 -0700] "GET /css/style.css HTTP/1.1" 404 305 "http://www.secrepo.com/" "Mozilla/5.0 (Macintosh; Intel Mac OS X 10_12_6) AppleWebKit/537.36 (KHTML, like Gecko) Chrome/80.0.3987.149 Safari/537.36" 
133.155.66.174 - - [22/Mar/2020:06:09:23 -0700] "GET /twitter-icon.png HTTP/1.1" 200 27916 "http://www.secrepo.com/" "Mozilla/5.0 (Macintosh; Intel Mac OS X 10_12_6) AppleWebKit/537.36 (KHTML, like Gecko) Chrome/80.0.3987.149 Safari/537.36" 
133.155.66.174 - - [22/Mar/2020:06:09:23 -0700] "GET /GitHub-Mark.png HTTP/1.1" 200 7556 "http://www.secrepo.com/" "Mozilla/5.0 (Macintosh; Intel Mac OS X 10_12_6) AppleWebKit/537.36 (KHTML, like Gecko) Chrome/80.0.3987.149 Safari/537.36" 
133.155.66.174 - - [22/Mar/2020:06:09:26 -0700] "GET /bootstrap/img/favicon.ico HTTP/1.1" 200 713 "http://www.secrepo.com/" "Mozilla/5.0 (Macintosh; Intel Mac OS X 10_12_6) AppleWebKit/537.36 (KHTML, like Gecko) Chrome/80.0.3987.149 Safari/537.36" 
207.46.13.68 - - [22/Mar/2020:06:14:03 -0700] "GET /self.logs/error.log.2019-11-07.gz HTTP/1.1" 200 1572 "-" "Mozilla/5.0 (compatible; bingbot/2.0; +http://www.bing.com/bingbot.htm)" 
149.28.214.227 - - [22/Mar/2020:06:16:38 -0700] "GET /honeypot/honeypot.json.zip HTTP/1.1" 200 2949200 "-" "Mozilla/5.0 (Windows NT 10.0; Win64; x64) AppleWebKit/537.36 (KHTML, like Gecko) Chrome/80.0.3987.149 Safari/537.36" 
40.77.167.73 - - [22/Mar/2020:06:24:36 -0700] "GET /self.logs/error.log.2018-09-25.gz HTTP/1.1" 200 5829 "-" "Mozilla/5.0 (compatible; bingbot/2.0; +http://www.bing.com/bingbot.htm)" 
124.166.232.168 - - [22/Mar/2020:06:27:35 -0700] "GET / HTTP/1.1" 301 438 "-" "Mozilla/5.0 (compatible; Baiduspider/2.0; +http://www.baidu.com/search/spider.html)" 
124.166.232.119 - - [22/Mar/2020:06:27:36 -0700] "GET / HTTP/1.1" 200 12741 "-" "Mozilla/5.0 (compatible; Baiduspider/2.0; +http://www.baidu.com/search/spider.html)" 
157.55.39.19 - - [22/Mar/2020:06:30:18 -0700] "GET /robots.txt HTTP/1.1" 200 377 "-" "Mozilla/5.0 (compatible; bingbot/2.0; +http://www.bing.com/bingbot.htm)" 
40.77.167.73 - - [22/Mar/2020:06:30:22 -0700] "GET /self.logs/error.log.2018-06-28.gz HTTP/1.1" 200 6183 "-" "Mozilla/5.0 (compatible; bingbot/2.0; +http://www.bing.com/bingbot.htm)" 
207.46.13.68 - - [22/Mar/2020:06:37:39 -0700] "GET /self.logs/error.log.2018-04-06.gz HTTP/1.1" 200 4997 "-" "Mozilla/5.0 (compatible; bingbot/2.0; +http://www.bing.com/bingbot.htm)" 
40.77.167.73 - - [22/Mar/2020:06:43:46 -0700] "GET /self.logs/access.log.2017-09-08.gz HTTP/1.1" 200 24324 "-" "Mozilla/5.0 (compatible; bingbot/2.0; +http://www.bing.com/bingbot.htm)" 
108.59.8.70 - - [22/Mar/2020:06:50:54 -0700] "GET /robots.txt HTTP/1.1" 200 377 "-" "Mozilla/5.0 (compatible; MJ12bot/v1.4.8; http://mj12bot.com/)" 
108.59.8.70 - - [22/Mar/2020:06:51:18 -0700] "GET / HTTP/1.1" 200 12734 "-" "Mozilla/5.0 (compatible; MJ12bot/v1.4.8; http://mj12bot.com/)" 
157.55.39.68 - - [22/Mar/2020:06:54:35 -0700] "GET /self.logs/access.log.2017-03-27.gz HTTP/1.1" 200 15652 "-" "Mozilla/5.0 (compatible; bingbot/2.0; +http://www.bing.com/bingbot.htm)" 
188.64.207.16 - - [22/Mar/2020:07:10:53 -0700] "GET / HTTP/1.1" 200 12778 "-" "Mozilla/5.0 (Windows NT 10.0; Win64; x64) AppleWebKit/537.36 (KHTML, like Gecko) Chrome/80.0.3987.149 Safari/537.36" 
188.64.207.16 - - [22/Mar/2020:07:10:53 -0700] "GET /css/style.css HTTP/1.1" 404 305 "http://www.secrepo.com/" "Mozilla/5.0 (Windows NT 10.0; Win64; x64) AppleWebKit/537.36 (KHTML, like Gecko) Chrome/80.0.3987.149 Safari/537.36" 
188.64.207.16 - - [22/Mar/2020:07:10:53 -0700] "GET /twitter-icon.png HTTP/1.1" 200 27893 "http://www.secrepo.com/" "Mozilla/5.0 (Windows NT 10.0; Win64; x64) AppleWebKit/537.36 (KHTML, like Gecko) Chrome/80.0.3987.149 Safari/537.36" 
188.64.207.16 - - [22/Mar/2020:07:10:53 -0700] "GET /GitHub-Mark.png HTTP/1.1" 200 7556 "http://www.secrepo.com/" "Mozilla/5.0 (Windows NT 10.0; Win64; x64) AppleWebKit/537.36 (KHTML, like Gecko) Chrome/80.0.3987.149 Safari/537.36" 
188.64.207.16 - - [22/Mar/2020:07:10:56 -0700] "GET /bootstrap/img/favicon.ico HTTP/1.1" 200 713 "http://www.secrepo.com/" "Mozilla/5.0 (Windows NT 10.0; Win64; x64) AppleWebKit/537.36 (KHTML, like Gecko) Chrome/80.0.3987.149 Safari/537.36" 
47.244.246.127 - - [22/Mar/2020:07:14:25 -0700] "GET / HTTP/1.1" 200 12734 "-" "Mozilla/5.0 (Macintosh; Intel Mac OS X 10_15_3) AppleWebKit/537.36 (KHTML, like Gecko) Chrome/80.0.3987.149 Safari/537.36" 
47.244.246.127 - - [22/Mar/2020:07:14:27 -0700] "GET /css/style.css HTTP/1.1" 404 284 "http://www.secrepo.com/" "Mozilla/5.0 (Macintosh; Intel Mac OS X 10_15_3) AppleWebKit/537.36 (KHTML, like Gecko) Chrome/80.0.3987.149 Safari/537.36" 
157.55.39.68 - - [22/Mar/2020:07:18:44 -0700] "GET /Datasets%20Description/HTML_Bro_log_3/dhcp.html HTTP/1.1" 200 1740 "-" "Mozilla/5.0 (compatible; bingbot/2.0; +http://www.bing.com/bingbot.htm)" 
157.55.39.68 - - [22/Mar/2020:07:18:44 -0700] "GET /self.logs/error.log.2018-09-12.gz HTTP/1.1" 200 5237 "-" "Mozilla/5.0 (compatible; bingbot/2.0; +http://www.bing.com/bingbot.htm)" 
157.55.39.68 - - [22/Mar/2020:07:25:57 -0700] "GET /Datasets%20Description/Network/ HTTP/1.1" 200 769 "-" "Mozilla/5.0 (compatible; bingbot/2.0; +http://www.bing.com/bingbot.htm)" 
40.77.167.73 - - [22/Mar/2020:07:26:02 -0700] "GET /self.logs/error.log.2017-10-17.gz HTTP/1.1" 200 4125 "-" "Mozilla/5.0 (compatible; bingbot/2.0; +http://www.bing.com/bingbot.htm)" 
101.91.62.11 - - [22/Mar/2020:07:27:35 -0700] "GET / HTTP/1.1" 200 12741 "-" "Mozilla/5.0 (iPhone; CPU iPhone OS 9_3_4 like Mac OS X) AppleWebKit/601.1.46 (KHTML, like Gecko) Mobile/13G35 QQ/6.5.3.410 V1_IPH_SQ_6.5.3_1_APP_A Pixel/750 Core/UIWebView NetType/2G Mem/117" 
40.77.167.73 - - [22/Mar/2020:07:34:32 -0700] "GET /self.logs/error.log.2018-02-19.gz HTTP/1.1" 200 4070 "-" "Mozilla/5.0 (compatible; bingbot/2.0; +http://www.bing.com/bingbot.htm)" 
178.199.100.211 - - [22/Mar/2020:07:38:27 -0700] "GET / HTTP/1.1" 200 12778 "-" "Mozilla/5.0 (Windows NT 10.0; Win64; x64; rv:74.0) Gecko/20100101 Firefox/74.0" 
178.199.100.211 - - [22/Mar/2020:07:38:27 -0700] "GET /css/style.css HTTP/1.1" 404 328 "http://www.secrepo.com/" "Mozilla/5.0 (Windows NT 10.0; Win64; x64; rv:74.0) Gecko/20100101 Firefox/74.0" 
178.199.100.211 - - [22/Mar/2020:07:38:27 -0700] "GET /twitter-icon.png HTTP/1.1" 200 27893 "http://www.secrepo.com/" "Mozilla/5.0 (Windows NT 10.0; Win64; x64; rv:74.0) Gecko/20100101 Firefox/74.0" 
178.199.100.211 - - [22/Mar/2020:07:38:27 -0700] "GET /GitHub-Mark.png HTTP/1.1" 200 7533 "http://www.secrepo.com/" "Mozilla/5.0 (Windows NT 10.0; Win64; x64; rv:74.0) Gecko/20100101 Firefox/74.0" 
178.199.100.211 - - [22/Mar/2020:07:38:28 -0700] "GET /bootstrap/img/favicon.ico HTTP/1.1" 200 690 "-" "Mozilla/5.0 (Windows NT 10.0; Win64; x64; rv:74.0) Gecko/20100101 Firefox/74.0" 
37.229.205.89 - - [22/Mar/2020:07:44:09 -0700] "GET / HTTP/1.1" 200 47558 "https://schoolessay.ru/" "Mozilla/4.0 (compatible; MSIE 6.0; Windows XP)" 
37.229.205.89 - - [22/Mar/2020:07:44:10 -0700] "GET / HTTP/1.1" 200 47558 "https://schoolessay.ru/" "Mozilla/4.0 (compatible; MSIE 6.0; Windows XP)" 
37.229.205.89 - - [22/Mar/2020:07:44:10 -0700] "GET / HTTP/1.1" 200 47558 "https://schoolessay.ru/" "Mozilla/4.0 (compatible; MSIE 6.0; Windows XP)" 
66.249.93.81 - - [22/Mar/2020:07:44:13 -0700] "GET / HTTP/1.1" 200 12778 "-" "Mozilla/5.0 (X11; Linux x86_64) AppleWebKit/537.36 (KHTML, like Gecko) Chrome/49.0.2623.75 Safari/537.36 Google Favicon" 
66.249.93.77 - - [22/Mar/2020:07:44:13 -0700] "GET /bootstrap/img/favicon.ico HTTP/1.1" 200 713 "-" "Mozilla/5.0 (X11; Linux x86_64) AppleWebKit/537.36 (KHTML, like Gecko) Chrome/49.0.2623.75 Safari/537.36 Google Favicon" 
40.77.167.73 - - [22/Mar/2020:07:44:51 -0700] "GET /self.logs/access.log.2017-11-18.gz HTTP/1.1" 200 19465 "-" "Mozilla/5.0 (compatible; bingbot/2.0; +http://www.bing.com/bingbot.htm)" 
58.250.125.123 - - [22/Mar/2020:07:45:15 -0700] "GET / HTTP/1.1" 301 438 "-" "Sogou web spider/4.0(+http://www.sogou.com/docs/help/webmasters.htm#07)" 
58.250.125.123 - - [22/Mar/2020:07:45:17 -0700] "GET / HTTP/1.1" 200 12741 "-" "Sogou web spider/4.0(+http://www.sogou.com/docs/help/webmasters.htm#07)" 
106.120.188.154 - - [22/Mar/2020:07:45:22 -0700] "GET /css/style.css HTTP/1.1" 301 464 "http://secrepo.com/" "Mozilla/5.0 (X11; Fedora; Linux x86_64) AppleWebKit/537.36 (KHTML, like Gecko) HeadlessChrome/73.0.3683.86 Safari/537.36" 
106.120.188.154 - - [22/Mar/2020:07:45:24 -0700] "GET /css/style.css HTTP/1.1" 404 291 "http://secrepo.com/" "Mozilla/5.0 (X11; Fedora; Linux x86_64) AppleWebKit/537.36 (KHTML, like Gecko) HeadlessChrome/73.0.3683.86 Safari/537.36" 
106.120.188.154 - - [22/Mar/2020:07:45:24 -0700] "GET /css/style.css HTTP/1.1" 301 464 "http://secrepo.com/" "Mozilla/5.0 (X11; Fedora; Linux x86_64) AppleWebKit/537.36 (KHTML, like Gecko) HeadlessChrome/73.0.3683.86 Safari/537.36" 
106.120.188.154 - - [22/Mar/2020:07:45:25 -0700] "GET /css/style.css HTTP/1.1" 404 291 "http://secrepo.com/" "Mozilla/5.0 (X11; Fedora; Linux x86_64) AppleWebKit/537.36 (KHTML, like Gecko) HeadlessChrome/73.0.3683.86 Safari/537.36" 
123.126.68.113 - - [22/Mar/2020:07:45:26 -0700] "GET /css/style.css HTTP/1.1" 301 464 "http://secrepo.com/" "Mozilla/5.0 (X11; Fedora; Linux x86_64) AppleWebKit/537.36 (KHTML, like Gecko) HeadlessChrome/73.0.3683.86 Safari/537.36" 
123.126.68.113 - - [22/Mar/2020:07:45:27 -0700] "GET /css/style.css HTTP/1.1" 404 291 "http://secrepo.com/" "Mozilla/5.0 (X11; Fedora; Linux x86_64) AppleWebKit/537.36 (KHTML, like Gecko) HeadlessChrome/73.0.3683.86 Safari/537.36" 
123.126.68.113 - - [22/Mar/2020:07:45:28 -0700] "GET /css/style.css HTTP/1.1" 301 464 "http://secrepo.com/" "Mozilla/5.0 (X11; Fedora; Linux x86_64) AppleWebKit/537.36 (KHTML, like Gecko) HeadlessChrome/73.0.3683.86 Safari/537.36" 
123.126.68.113 - - [22/Mar/2020:07:45:29 -0700] "GET /css/style.css HTTP/1.1" 404 291 "http://secrepo.com/" "Mozilla/5.0 (X11; Fedora; Linux x86_64) AppleWebKit/537.36 (KHTML, like Gecko) HeadlessChrome/73.0.3683.86 Safari/537.36" 
123.126.68.113 - - [22/Mar/2020:07:45:29 -0700] "GET /css/style.css HTTP/1.1" 301 464 "http://secrepo.com/" "Mozilla/5.0 (X11; Fedora; Linux x86_64) AppleWebKit/537.36 (KHTML, like Gecko) HeadlessChrome/73.0.3683.86 Safari/537.36" 
123.126.68.113 - - [22/Mar/2020:07:45:30 -0700] "GET /css/style.css HTTP/1.1" 404 291 "http://secrepo.com/" "Mozilla/5.0 (X11; Fedora; Linux x86_64) AppleWebKit/537.36 (KHTML, like Gecko) HeadlessChrome/73.0.3683.86 Safari/537.36" 
207.46.13.68 - - [22/Mar/2020:07:55:09 -0700] "GET /self.logs/error.log.2019-02-10.gz HTTP/1.1" 200 4127 "-" "Mozilla/5.0 (compatible; bingbot/2.0; +http://www.bing.com/bingbot.htm)" 
157.55.39.68 - - [22/Mar/2020:08:02:20 -0700] "GET /self.logs/error.log.2020-02-06 HTTP/1.1" 200 351 "-" "Mozilla/5.0 (compatible; bingbot/2.0; +http://www.bing.com/bingbot.htm)" 
157.55.39.68 - - [22/Mar/2020:08:03:35 -0700] "GET /self.logs/access.log.2017-12-05.gz HTTP/1.1" 200 25621 "-" "Mozilla/5.0 (compatible; bingbot/2.0; +http://www.bing.com/bingbot.htm)" 
220.181.108.183 - - [22/Mar/2020:08:07:15 -0700] "GET /Datasets%20Description/Network/notice.html HTTP/1.1" 200 1613 "-" "Mozilla/5.0 (compatible; Baiduspider/2.0; +http://www.baidu.com/search/spider.html)" 
157.55.39.68 - - [22/Mar/2020:08:10:41 -0700] "GET /self.logs/error.log.2019-01-30.gz HTTP/1.1" 200 7191 "-" "Mozilla/5.0 (compatible; bingbot/2.0; +http://www.bing.com/bingbot.htm)" 
122.96.28.180 - - [22/Mar/2020:08:10:47 -0700] "GET /favicon.ico HTTP/1.1" 200 391 "-" "Mozilla/5.0 (Windows NT 10.0; WOW64) AppleWebKit/537.36 (KHTML, like Gecko) Chrome/69.0.3497.100 Safari/537.36" 
149.28.214.227 - - [22/Mar/2020:08:11:57 -0700] "GET /?tdsourcetag=s_pctim_aiomsg HTTP/1.1" 200 12741 "-" "Mozilla/5.0 (Windows NT 10.0; Win64; x64) AppleWebKit/537.36 (KHTML, like Gecko) Chrome/80.0.3987.149 Safari/537.36" 
149.28.214.227 - - [22/Mar/2020:08:12:04 -0700] "GET /css/style.css HTTP/1.1" 404 291 "http://www.secrepo.com/?tdsourcetag=s_pctim_aiomsg" "Mozilla/5.0 (Windows NT 10.0; Win64; x64) AppleWebKit/537.36 (KHTML, like Gecko) Chrome/80.0.3987.149 Safari/537.36" 
149.28.214.227 - - [22/Mar/2020:08:12:24 -0700] "GET /twitter-icon.png HTTP/1.1" 200 27879 "http://www.secrepo.com/?tdsourcetag=s_pctim_aiomsg" "Mozilla/5.0 (Windows NT 10.0; Win64; x64) AppleWebKit/537.36 (KHTML, like Gecko) Chrome/80.0.3987.149 Safari/537.36" 
149.28.214.227 - - [22/Mar/2020:08:12:29 -0700] "GET /GitHub-Mark.png HTTP/1.1" 200 7519 "http://www.secrepo.com/?tdsourcetag=s_pctim_aiomsg" "Mozilla/5.0 (Windows NT 10.0; Win64; x64) AppleWebKit/537.36 (KHTML, like Gecko) Chrome/80.0.3987.149 Safari/537.36" 
207.46.13.68 - - [22/Mar/2020:08:13:14 -0700] "GET /self.logs/?C=D;O=A HTTP/1.1" 200 21795 "-" "Mozilla/5.0 (compatible; bingbot/2.0; +http://www.bing.com/bingbot.htm)" 
157.55.39.68 - - [22/Mar/2020:08:13:27 -0700] "GET /self.logs/error.log.2017-04-10.gz HTTP/1.1" 200 4292 "-" "Mozilla/5.0 (compatible; bingbot/2.0; +http://www.bing.com/bingbot.htm)" 
149.28.214.227 - - [22/Mar/2020:08:15:50 -0700] "GET / HTTP/1.1" 200 12741 "-" "Mozilla/5.0 (Windows NT 10.0; Win64; x64) AppleWebKit/537.36 (KHTML, like Gecko) Chrome/80.0.3987.149 Safari/537.36" 
152.105.226.169 - - [22/Mar/2020:08:21:08 -0700] "GET / HTTP/1.1" 200 12778 "https://www.researchgate.net/" "Mozilla/5.0 (Windows NT 10.0; Win64; x64) AppleWebKit/537.36 (KHTML, like Gecko) Chrome/80.0.3987.149 Safari/537.36" 
152.105.226.169 - - [22/Mar/2020:08:21:10 -0700] "GET /css/style.css HTTP/1.1" 404 328 "http://www.secrepo.com/" "Mozilla/5.0 (Windows NT 10.0; Win64; x64) AppleWebKit/537.36 (KHTML, like Gecko) Chrome/80.0.3987.149 Safari/537.36" 
152.105.226.169 - - [22/Mar/2020:08:21:10 -0700] "GET /twitter-icon.png HTTP/1.1" 200 27893 "http://www.secrepo.com/" "Mozilla/5.0 (Windows NT 10.0; Win64; x64) AppleWebKit/537.36 (KHTML, like Gecko) Chrome/80.0.3987.149 Safari/537.36" 
152.105.226.169 - - [22/Mar/2020:08:21:10 -0700] "GET /GitHub-Mark.png HTTP/1.1" 200 7533 "http://www.secrepo.com/" "Mozilla/5.0 (Windows NT 10.0; Win64; x64) AppleWebKit/537.36 (KHTML, like Gecko) Chrome/80.0.3987.149 Safari/537.36" 
152.105.226.169 - - [22/Mar/2020:08:21:11 -0700] "GET /bootstrap/img/favicon.ico HTTP/1.1" 200 690 "http://www.secrepo.com/" "Mozilla/5.0 (Windows NT 10.0; Win64; x64) AppleWebKit/537.36 (KHTML, like Gecko) Chrome/80.0.3987.149 Safari/537.36" 
36.148.56.70 - - [22/Mar/2020:08:22:12 -0700] "GET /bootstrap/img/favicon.ico HTTP/1.1" 200 713 "http://www.secrepo.com/?tdsourcetag=s_pctim_aiomsg" "Mozilla/5.0 (Windows NT 10.0; Win64; x64) AppleWebKit/537.36 (KHTML, like Gecko) Chrome/80.0.3987.149 Safari/537.36" 
157.55.39.68 - - [22/Mar/2020:08:37:56 -0700] "GET /self.logs/error.log.2020-02-16.gz HTTP/1.1" 200 1329 "-" "Mozilla/5.0 (compatible; bingbot/2.0; +http://www.bing.com/bingbot.htm)" 
40.77.167.73 - - [22/Mar/2020:08:40:01 -0700] "GET /self.logs/error.log.2019-10-04.gz HTTP/1.1" 200 1968 "-" "Mozilla/5.0 (compatible; bingbot/2.0; +http://www.bing.com/bingbot.htm)" 
207.46.13.68 - - [22/Mar/2020:08:55:03 -0700] "GET /self.logs/access.log.2018-12-21.gz HTTP/1.1" 200 21384 "-" "Mozilla/5.0 (compatible; bingbot/2.0; +http://www.bing.com/bingbot.htm)" 
40.77.167.73 - - [22/Mar/2020:08:56:45 -0700] "GET /self.logs/access.log.2017-05-13.gz HTTP/1.1" 200 14908 "-" "Mozilla/5.0 (compatible; bingbot/2.0; +http://www.bing.com/bingbot.htm)" 
66.102.7.81 - - [22/Mar/2020:08:59:15 -0700] "GET / HTTP/1.1" 200 12778 "-" "Mozilla/5.0 (X11; Linux x86_64) AppleWebKit/537.36 (KHTML, like Gecko) Chrome/49.0.2623.75 Safari/537.36 Google Favicon" 
66.102.7.81 - - [22/Mar/2020:08:59:15 -0700] "GET /bootstrap/img/favicon.ico HTTP/1.1" 200 690 "-" "Mozilla/5.0 (X11; Linux x86_64) AppleWebKit/537.36 (KHTML, like Gecko) Chrome/49.0.2623.75 Safari/537.36 Google Favicon" 
148.251.41.239 - - [22/Mar/2020:09:07:19 -0700] "GET /robots.txt HTTP/1.1" 200 377 "-" "Mozilla/5.0 (compatible; MJ12bot/v1.4.8; http://mj12bot.com/)" 
148.251.41.239 - - [22/Mar/2020:09:07:20 -0700] "GET /self.logs/error.log.2020-03-18 HTTP/1.1" 200 273 "-" "Mozilla/5.0 (compatible; MJ12bot/v1.4.8; http://mj12bot.com/)" 
148.251.41.239 - - [22/Mar/2020:09:07:21 -0700] "GET /self.logs/error.log.2020-03-19 HTTP/1.1" 200 273 "-" "Mozilla/5.0 (compatible; MJ12bot/v1.4.8; http://mj12bot.com/)" 
207.46.13.68 - - [22/Mar/2020:09:19:22 -0700] "GET /self.logs/access.log.2018-03-22.gz HTTP/1.1" 200 19154 "-" "Mozilla/5.0 (compatible; bingbot/2.0; +http://www.bing.com/bingbot.htm)" 
207.46.13.68 - - [22/Mar/2020:09:19:27 -0700] "GET /self.logs/error.log.2020-01-19.gz HTTP/1.1" 200 1500 "-" "Mozilla/5.0 (compatible; bingbot/2.0; +http://www.bing.com/bingbot.htm)" 
40.77.167.73 - - [22/Mar/2020:09:22:45 -0700] "GET /self.logs/access.log.2017-05-28.gz HTTP/1.1" 200 21126 "-" "Mozilla/5.0 (compatible; bingbot/2.0; +http://www.bing.com/bingbot.htm)" 
40.77.167.73 - - [22/Mar/2020:09:23:47 -0700] "GET /Datasets%20Description/HTML_Bro_log_2/notice.html HTTP/1.1" 200 2006 "-" "Mozilla/5.0 (compatible; bingbot/2.0; +http://www.bing.com/bingbot.htm)" 
103.131.71.139 - - [22/Mar/2020:09:32:41 -0700] "GET /robots.txt HTTP/1.1" 200 340 "-" "Mozilla/5.0 (compatible; coccocbot-web/1.0; +http://help.coccoc.com/searchengine)" 
157.55.39.68 - - [22/Mar/2020:09:39:33 -0700] "GET /self.logs/error.log.2017-05-06.gz HTTP/1.1" 200 875 "-" "Mozilla/5.0 (compatible; bingbot/2.0; +http://www.bing.com/bingbot.htm)" 
162.210.196.97 - - [22/Mar/2020:09:40:44 -0700] "GET /robots.txt HTTP/1.1" 200 377 "-" "Mozilla/5.0 (compatible; MJ12bot/v1.4.8; http://mj12bot.com/)" 
162.210.196.97 - - [22/Mar/2020:09:40:45 -0700] "GET / HTTP/1.1" 200 12700 "-" "Mozilla/5.0 (compatible; MJ12bot/v1.4.8; http://mj12bot.com/)" 
199.58.86.211 - - [22/Mar/2020:10:04:07 -0700] "GET /robots.txt HTTP/1.1" 301 495 "-" "Mozilla/5.0 (compatible; MJ12bot/v1.4.8; http://mj12bot.com/)" 
199.58.86.211 - - [22/Mar/2020:10:04:08 -0700] "GET /robots.txt HTTP/1.1" 200 377 "-" "Mozilla/5.0 (compatible; MJ12bot/v1.4.8; http://mj12bot.com/)" 
199.58.86.211 - - [22/Mar/2020:10:04:09 -0700] "GET / HTTP/1.1" 301 419 "-" "Mozilla/5.0 (compatible; MJ12bot/v1.4.8; http://mj12bot.com/)" 
199.58.86.211 - - [22/Mar/2020:10:04:11 -0700] "GET / HTTP/1.1" 200 12734 "-" "Mozilla/5.0 (compatible; MJ12bot/v1.4.8; http://mj12bot.com/)" 
157.55.39.68 - - [22/Mar/2020:10:08:48 -0700] "GET /self.logs/error.log.2018-01-25.gz HTTP/1.1" 200 1317 "-" "Mozilla/5.0 (compatible; bingbot/2.0; +http://www.bing.com/bingbot.htm)" 
40.77.167.73 - - [22/Mar/2020:10:14:19 -0700] "GET /self.logs/access.log.2019-01-22.gz HTTP/1.1" 200 22979 "-" "Mozilla/5.0 (compatible; bingbot/2.0; +http://www.bing.com/bingbot.htm)" 
157.55.39.68 - - [22/Mar/2020:10:17:07 -0700] "GET /self.logs/access.log.2017-04-07.gz HTTP/1.1" 200 27912 "-" "Mozilla/5.0 (compatible; bingbot/2.0; +http://www.bing.com/bingbot.htm)" 
195.154.177.210 - - [22/Mar/2020:10:19:22 -0700] "GET /wp-json/wp/v2/users/ HTTP/1.1" 301 459 "-" "Mozilla/5.0 (Windows NT 10.0; Win64; x64) AppleWebKit/537.36 (KHTML, like Gecko) Chrome/80.0.3987.149 Safari/537.36" 
40.77.167.161 - - [22/Mar/2020:10:36:13 -0700] "GET /Datasets%20Description/Network/ssl.html HTTP/1.1" 200 1585 "-" "Mozilla/5.0 (compatible; bingbot/2.0; +http://www.bing.com/bingbot.htm)" 
157.55.39.68 - - [22/Mar/2020:10:37:07 -0700] "GET /self.logs/access.log.2019-11-28.gz HTTP/1.1" 200 22207 "-" "Mozilla/5.0 (compatible; bingbot/2.0; +http://www.bing.com/bingbot.htm)" 
188.149.38.61 - - [22/Mar/2020:10:37:24 -0700] "GET /twitter-icon.png HTTP/1.1" 200 27916 "-" "Mozilla/5.0 (Windows NT 10.0; Win64; x64) AppleWebKit/537.36 (KHTML, like Gecko) Chrome/80.0.3987.149 Safari/537.36" 
40.77.167.161 - - [22/Mar/2020:10:40:08 -0700] "GET /self.logs/access.log.2017-08-22.gz HTTP/1.1" 200 23446 "-" "Mozilla/5.0 (compatible; bingbot/2.0; +http://www.bing.com/bingbot.htm)" 
40.77.167.161 - - [22/Mar/2020:10:40:08 -0700] "GET /self.logs/error.log.2018-12-24.gz HTTP/1.1" 200 2668 "-" "Mozilla/5.0 (compatible; bingbot/2.0; +http://www.bing.com/bingbot.htm)" 
47.105.170.18 - - [22/Mar/2020:10:40:22 -0700] "GET /data/admin/allowurl.txt HTTP/1.1" 404 328 "-" "Mozilla/5.0 (Windows NT 10.0; WOW64; rv:48.0) Gecko/20100101 Firefox/48.0" 
47.105.170.18 - - [22/Mar/2020:10:40:28 -0700] "GET /statics/js/admin_common.js HTTP/1.1" 404 328 "-" "Mozilla/5.0 (Windows NT 10.0; WOW64; rv:48.0) Gecko/20100101 Firefox/48.0" 
47.105.170.18 - - [22/Mar/2020:10:41:03 -0700] "GET /xxsssseee HTTP/1.1" 404 328 "-" "Mozilla/5.0 (Windows NT 10.0; WOW64; rv:48.0) Gecko/20100101 Firefox/48.0" 
138.59.122.3 - - [22/Mar/2020:10:44:29 -0700] "GET / HTTP/1.1" 301 475 "http://anti-crisis-seo.com" "Mozilla/5.0 (Windows NT 10.0; Win64; x64) AppleWebKit/537.36 (KHTML, like Gecko) Chrome/74.0.3729.169 Safari/537.36" 
138.59.122.3 - - [22/Mar/2020:10:44:30 -0700] "GET / HTTP/1.1" 200 12778 "http://anti-crisis-seo.com" "Mozilla/5.0 (Windows NT 10.0; Win64; x64) AppleWebKit/537.36 (KHTML, like Gecko) Chrome/74.0.3729.169 Safari/537.36" 
138.59.122.3 - - [22/Mar/2020:10:44:30 -0700] "GET /css/style.css HTTP/1.1" 404 305 "http://www.secrepo.com/" "Mozilla/5.0 (Windows NT 10.0; Win64; x64) AppleWebKit/537.36 (KHTML, like Gecko) Chrome/74.0.3729.169 Safari/537.36" 
138.59.122.3 - - [22/Mar/2020:10:44:30 -0700] "GET /twitter-icon.png HTTP/1.1" 200 27893 "http://www.secrepo.com/" "Mozilla/5.0 (Windows NT 10.0; Win64; x64) AppleWebKit/537.36 (KHTML, like Gecko) Chrome/74.0.3729.169 Safari/537.36" 
40.77.167.161 - - [22/Mar/2020:10:46:10 -0700] "GET /self.logs/error.log.2018-09-17.gz HTTP/1.1" 200 7527 "-" "Mozilla/5.0 (compatible; bingbot/2.0; +http://www.bing.com/bingbot.htm)" 
40.77.167.161 - - [22/Mar/2020:10:59:07 -0700] "GET /self.logs/error.log.2019-09-24.gz HTTP/1.1" 200 1969 "-" "Mozilla/5.0 (compatible; bingbot/2.0; +http://www.bing.com/bingbot.htm)" 
40.77.167.194 - - [22/Mar/2020:11:03:00 -0700] "GET /self.logs/access.log.2019-01-02.gz HTTP/1.1" 200 25361 "-" "Mozilla/5.0 (compatible; bingbot/2.0; +http://www.bing.com/bingbot.htm)" 
93.124.15.87 - - [22/Mar/2020:11:04:34 -0700] "GET / HTTP/1.0" 200 47565 "http://www.secrepo.com/" "Mozilla/5.0 (Windows NT 6.1; Win64; x64) AppleWebKit/537.36 (KHTML, like Gecko) Chrome/67.0.3396.99 Safari/537.36" 
40.77.167.161 - - [22/Mar/2020:11:09:54 -0700] "GET /self.logs/access.log.2017-05-21.gz HTTP/1.1" 200 20240 "-" "Mozilla/5.0 (compatible; bingbot/2.0; +http://www.bing.com/bingbot.htm)" 
184.54.62.177 - - [22/Mar/2020:11:13:43 -0700] "GET /bootstrap/img/favicon.ico HTTP/1.1" 200 713 "-" "Mozilla/5.0 (Windows NT 10.0; Win64; x64; Cortana 1.13.0.18362; 10.0.0.0.18363.720) AppleWebKit/537.36 (KHTML, like Gecko) Chrome/70.0.3538.102 Safari/537.36 Edge/18.18363" 
40.77.167.194 - - [22/Mar/2020:11:15:38 -0700] "GET /self.logs/access.log.2017-10-20.gz HTTP/1.1" 200 23708 "-" "Mozilla/5.0 (compatible; bingbot/2.0; +http://www.bing.com/bingbot.htm)" 
40.77.167.161 - - [22/Mar/2020:11:15:42 -0700] "GET /self.logs/access.log.2018-03-02.gz HTTP/1.1" 200 16450 "-" "Mozilla/5.0 (compatible; bingbot/2.0; +http://www.bing.com/bingbot.htm)" 
40.77.167.194 - - [22/Mar/2020:11:15:48 -0700] "GET /self.logs/error.log.2019-09-25.gz HTTP/1.1" 200 1016 "-" "Mozilla/5.0 (compatible; bingbot/2.0; +http://www.bing.com/bingbot.htm)" 
105.101.163.138 - - [22/Mar/2020:11:15:54 -0700] "GET /self.logs/ HTTP/1.1" 200 21795 "-" "Mozilla/5.0 (Windows NT 10.0; Win64; x64) AppleWebKit/537.36 (KHTML, like Gecko) Chrome/80.0.3987.149 Safari/537.36" 
105.101.163.138 - - [22/Mar/2020:11:15:55 -0700] "GET /favicon.ico HTTP/1.1" 200 368 "http://www.secrepo.com/self.logs/" "Mozilla/5.0 (Windows NT 10.0; Win64; x64) AppleWebKit/537.36 (KHTML, like Gecko) Chrome/80.0.3987.149 Safari/537.36" 
105.101.163.138 - - [22/Mar/2020:11:16:04 -0700] "GET /self.logs/access.log.2017-01-05.gz HTTP/1.1" 200 42666 "http://www.secrepo.com/self.logs/" "Mozilla/5.0 (Windows NT 10.0; Win64; x64) AppleWebKit/537.36 (KHTML, like Gecko) Chrome/80.0.3987.149 Safari/537.36" 
31.13.127.24 - - [22/Mar/2020:11:27:14 -0700] "GET /self.logs/ HTTP/1.1" 200 21758 "-" "facebookexternalhit/1.1 (+http://www.facebook.com/externalhit_uatext.php)" 
105.101.185.125 - - [22/Mar/2020:11:27:14 -0700] "GET /self.logs/?fbclid=IwAR2G7iYAcLY0mbXCVC-yp9z93se4Xi-PsLboCLZ70DZDrE-ZRPLsqKbbbPE HTTP/1.1" 200 21795 "https://l.facebook.com/" "Mozilla/5.0 (Windows NT 10.0; Win64; x64; rv:74.0) Gecko/20100101 Firefox/74.0" 
105.101.185.125 - - [22/Mar/2020:11:27:15 -0700] "GET /favicon.ico HTTP/1.1" 200 368 "-" "Mozilla/5.0 (Windows NT 10.0; Win64; x64; rv:74.0) Gecko/20100101 Firefox/74.0" 
105.101.185.125 - - [22/Mar/2020:11:28:28 -0700] "GET /self.logs/access.log.2017-01-01.gz HTTP/1.1" 200 17678 "http://www.secrepo.com/self.logs/?fbclid=IwAR2G7iYAcLY0mbXCVC-yp9z93se4Xi-PsLboCLZ70DZDrE-ZRPLsqKbbbPE" "Mozilla/5.0 (Windows NT 10.0; Win64; x64; rv:74.0) Gecko/20100101 Firefox/74.0" 
105.101.185.125 - - [22/Mar/2020:11:29:27 -0700] "GET /self.logs/access.log.2017-01-02.gz HTTP/1.1" 200 26829 "http://www.secrepo.com/self.logs/?fbclid=IwAR2G7iYAcLY0mbXCVC-yp9z93se4Xi-PsLboCLZ70DZDrE-ZRPLsqKbbbPE" "Mozilla/5.0 (Windows NT 10.0; Win64; x64; rv:74.0) Gecko/20100101 Firefox/74.0" 
185.56.80.50 - - [22/Mar/2020:11:30:23 -0700] "GET /includes/ajax-control.php HTTP/1.1" 404 328 "-" "python-requests/2.22.0" 
157.55.39.68 - - [22/Mar/2020:11:32:19 -0700] "GET /self.logs/error.log.2017-10-27.gz HTTP/1.1" 200 6659 "-" "Mozilla/5.0 (compatible; bingbot/2.0; +http://www.bing.com/bingbot.htm)" 
76.176.59.54 - - [22/Mar/2020:11:32:49 -0700] "GET / HTTP/1.1" 200 12778 "-" "Mozilla/5.0 (iPhone; CPU iPhone OS 13_3_1 like Mac OS X) AppleWebKit/605.1.15 (KHTML, like Gecko) Version/13.0.5 Mobile/15E148 Safari/604.1" 
76.176.59.54 - - [22/Mar/2020:11:32:49 -0700] "GET /css/style.css HTTP/1.1" 404 305 "http://www.secrepo.com/" "Mozilla/5.0 (iPhone; CPU iPhone OS 13_3_1 like Mac OS X) AppleWebKit/605.1.15 (KHTML, like Gecko) Version/13.0.5 Mobile/15E148 Safari/604.1" 
40.77.167.194 - - [22/Mar/2020:11:38:01 -0700] "GET /self.logs/error.log.2018-04-08.gz HTTP/1.1" 200 7084 "-" "Mozilla/5.0 (compatible; bingbot/2.0; +http://www.bing.com/bingbot.htm)" 
94.207.251.133 - - [22/Mar/2020:11:40:12 -0700] "GET / HTTP/1.1" 200 12778 "-" "Mozilla/5.0 (Windows NT 6.1; Win64; x64) AppleWebKit/537.36 (KHTML, like Gecko) Chrome/77.0.3865.120 Safari/537.36" 
94.207.251.133 - - [22/Mar/2020:11:40:13 -0700] "GET /css/style.css HTTP/1.1" 404 305 "http://www.secrepo.com/" "Mozilla/5.0 (Windows NT 6.1; Win64; x64) AppleWebKit/537.36 (KHTML, like Gecko) Chrome/77.0.3865.120 Safari/537.36" 
185.56.80.50 - - [22/Mar/2020:11:40:13 -0700] "GET /includes/ajax-control.php HTTP/1.1" 404 328 "-" "python-requests/2.22.0" 
94.207.251.133 - - [22/Mar/2020:11:40:14 -0700] "GET /GitHub-Mark.png HTTP/1.1" 200 7556 "http://www.secrepo.com/" "Mozilla/5.0 (Windows NT 6.1; Win64; x64) AppleWebKit/537.36 (KHTML, like Gecko) Chrome/77.0.3865.120 Safari/537.36" 
94.207.251.133 - - [22/Mar/2020:11:40:14 -0700] "GET /twitter-icon.png HTTP/1.1" 200 27893 "http://www.secrepo.com/" "Mozilla/5.0 (Windows NT 6.1; Win64; x64) AppleWebKit/537.36 (KHTML, like Gecko) Chrome/77.0.3865.120 Safari/537.36" 
94.207.251.133 - - [22/Mar/2020:11:40:16 -0700] "GET /bootstrap/img/favicon.ico HTTP/1.1" 200 690 "http://www.secrepo.com/" "Mozilla/5.0 (Windows NT 6.1; Win64; x64) AppleWebKit/537.36 (KHTML, like Gecko) Chrome/77.0.3865.120 Safari/537.36" 
