34.206.152.150 - - [30/Aug/2022:09:32:54 -0700] "HEAD / HTTP/1.1" 200 359 "http://66.33.221.139" "DreamHost SiteMonitor 1.0" 
114.119.149.237 - - [30/Aug/2022:09:34:13 -0700] "GET /self.logs/access.log.2020-12-12.gz HTTP/1.1" 200 31075 "-" "Mozilla/5.0 (compatible;PetalBot;+https://webmaster.petalsearch.com/site/petalbot)" 
35.164.176.242 - - [30/Aug/2022:09:34:27 -0700] "GET / HTTP/1.1" 301 419 "-" "Mozilla/5.0 (X11; Linux x86_64) AppleWebKit/537.36 (KHTML, like Gecko) Chrome/83.0.4103.97 Safari/537.36" 
35.164.176.242 - - [30/Aug/2022:09:34:29 -0700] "GET / HTTP/1.1" 200 13142 "-" "Mozilla/5.0 (X11; Linux x86_64) AppleWebKit/537.36 (KHTML, like Gecko) Chrome/83.0.4103.97 Safari/537.36" 
34.221.246.5 - - [30/Aug/2022:09:34:42 -0700] "GET /favicon.ico HTTP/1.1" 301 441 "-" "Mozilla/5.0 (X11; Linux x86_64) AppleWebKit/537.36 (KHTML, like Gecko) Chrome/83.0.4103.97 Safari/537.36" 
34.221.246.5 - - [30/Aug/2022:09:34:44 -0700] "GET /favicon.ico HTTP/1.1" 200 347 "http://secrepo.com/favicon.ico" "Mozilla/5.0 (X11; Linux x86_64) AppleWebKit/537.36 (KHTML, like Gecko) Chrome/83.0.4103.97 Safari/537.36" 
185.191.171.40 - - [30/Aug/2022:09:38:40 -0700] "GET /robots.txt HTTP/1.1" 200 340 "-" "Mozilla/5.0 (compatible; SemrushBot/7~bl; +http://www.semrush.com/bot.html)" 
185.191.171.40 - - [30/Aug/2022:09:38:40 -0700] "GET /Datasets%20Description/HTML_Bro_log_2/app_stats.html HTTP/1.1" 200 1553 "-" "Mozilla/5.0 (compatible; SemrushBot/7~bl; +http://www.semrush.com/bot.html)" 
34.206.152.150 - - [30/Aug/2022:09:42:54 -0700] "HEAD / HTTP/1.1" 301 186 "-" "DreamHost SiteMonitor 1.0" 
34.206.152.150 - - [30/Aug/2022:09:42:54 -0700] "HEAD / HTTP/1.1" 200 359 "http://66.33.221.139" "DreamHost SiteMonitor 1.0" 
207.46.13.138 - - [30/Aug/2022:09:43:09 -0700] "GET /self.logs/ HTTP/1.1" 200 38150 "-" "Mozilla/5.0 (compatible; bingbot/2.0; +http://www.bing.com/bingbot.htm)" 
49.7.20.111 - - [30/Aug/2022:09:50:34 -0700] "GET / HTTP/1.1" 200 13149 "-" "Sogou web spider/4.0(+http://www.sogou.com/docs/help/webmasters.htm#07)" 
34.206.152.150 - - [30/Aug/2022:09:52:54 -0700] "HEAD / HTTP/1.1" 301 186 "-" "DreamHost SiteMonitor 1.0" 
34.206.152.150 - - [30/Aug/2022:09:52:54 -0700] "HEAD / HTTP/1.1" 200 359 "http://66.33.221.139" "DreamHost SiteMonitor 1.0" 
114.119.140.174 - - [30/Aug/2022:09:55:45 -0700] "GET /self.logs/error.log.2019-10-16.gz HTTP/1.1" 200 816 "-" "Mozilla/5.0 (compatible;PetalBot;+https://webmaster.petalsearch.com/site/petalbot)" 
49.7.21.123 - - [30/Aug/2022:09:59:25 -0700] "GET / HTTP/1.1" 200 13149 "-" "Sogou web spider/4.0(+http://www.sogou.com/docs/help/webmasters.htm#07)" 
54.165.62.22 - - [30/Aug/2022:10:01:40 -0700] "GET / HTTP/1.1" 200 13185 "-" "Iframely/1.3.1 (+https://iframely.com/docs/about) Atlassian" 
54.165.62.22 - - [30/Aug/2022:10:01:40 -0700] "GET /bootstrap/img/favicon.ico HTTP/1.1" 200 676 "-" "Iframely/1.3.1 (+https://iframely.com/docs/about)" 
34.206.152.150 - - [30/Aug/2022:10:02:54 -0700] "HEAD / HTTP/1.1" 301 186 "-" "DreamHost SiteMonitor 1.0" 
34.206.152.150 - - [30/Aug/2022:10:02:54 -0700] "HEAD / HTTP/1.1" 200 359 "http://66.33.221.139" "DreamHost SiteMonitor 1.0" 
142.169.16.147 - - [30/Aug/2022:10:04:01 -0700] "GET / HTTP/1.1" 200 13141 "-" "Mozilla/5.0 (iPhone; CPU iPhone OS 15_6 like Mac OS X) AppleWebKit/605.1.15 (KHTML, like Gecko) Version/15.6 Mobile/15E148 Safari/604.1" 
142.169.16.147 - - [30/Aug/2022:10:04:01 -0700] "GET /twitter-icon.png HTTP/1.1" 200 27838 "http://www.secrepo.com/" "Mozilla/5.0 (iPhone; CPU iPhone OS 15_6 like Mac OS X) AppleWebKit/605.1.15 (KHTML, like Gecko) Version/15.6 Mobile/15E148 Safari/604.1" 
142.169.16.147 - - [30/Aug/2022:10:04:01 -0700] "GET /css/style.css HTTP/1.1" 404 284 "http://www.secrepo.com/" "Mozilla/5.0 (iPhone; CPU iPhone OS 15_6 like Mac OS X) AppleWebKit/605.1.15 (KHTML, like Gecko) Version/15.6 Mobile/15E148 Safari/604.1" 
142.169.16.147 - - [30/Aug/2022:10:04:01 -0700] "GET /GitHub-Mark.png HTTP/1.1" 200 7478 "http://www.secrepo.com/" "Mozilla/5.0 (iPhone; CPU iPhone OS 15_6 like Mac OS X) AppleWebKit/605.1.15 (KHTML, like Gecko) Version/15.6 Mobile/15E148 Safari/604.1" 
142.169.16.147 - - [30/Aug/2022:10:04:02 -0700] "GET /bootstrap/img/favicon.ico HTTP/1.1" 200 669 "http://www.secrepo.com/" "Mozilla/5.0 (iPhone; CPU iPhone OS 15_6 like Mac OS X) AppleWebKit/605.1.15 (KHTML, like Gecko) Version/15.6 Mobile/15E148 Safari/604.1" 
114.119.140.174 - - [30/Aug/2022:10:06:12 -0700] "GET /self.logs/error.log.2017-06-19.gz HTTP/1.1" 200 918 "-" "Mozilla/5.0 (compatible;PetalBot;+https://webmaster.petalsearch.com/site/petalbot)" 
51.222.253.9 - - [30/Aug/2022:10:07:07 -0700] "GET /Datasets%20Description/HTML_Bro_log_1/conn.html HTTP/1.1" 200 1967 "-" "Mozilla/5.0 (compatible; AhrefsBot/7.0; +http://ahrefs.com/robot/)" 
49.84.233.51 - - [30/Aug/2022:10:11:11 -0700] "GET / HTTP/1.1" 200 13185 "-" "Mozilla/5.0 (Windows NT 10.0; Win64; x64; rv:91.0) Gecko/20100101 Firefox/91.0" 
34.206.152.150 - - [30/Aug/2022:10:12:54 -0700] "HEAD / HTTP/1.1" 301 186 "-" "DreamHost SiteMonitor 1.0" 
34.206.152.150 - - [30/Aug/2022:10:12:54 -0700] "HEAD / HTTP/1.1" 200 359 "http://66.33.221.139" "DreamHost SiteMonitor 1.0" 
20.191.45.212 - - [30/Aug/2022:10:13:50 -0700] "GET / HTTP/1.1" 200 13185 "http://www.secrepo.com/" "Mozilla/5.0 (compatible; DuckDuckGo-Favicons-Bot/1.0; +http://duckduckgo.com)" 
20.191.45.212 - - [30/Aug/2022:10:13:50 -0700] "GET /bootstrap/img/favicon.ico HTTP/1.1" 200 690 "http://www.secrepo.com/bootstrap/img/favicon.ico" "Mozilla/5.0 (compatible; DuckDuckGo-Favicons-Bot/1.0; +http://duckduckgo.com)" 
207.46.13.138 - - [30/Aug/2022:10:14:32 -0700] "GET /self.logs/ HTTP/1.1" 200 38150 "-" "Mozilla/5.0 AppleWebKit/537.36 (KHTML, like Gecko; compatible; bingbot/2.0; +http://www.bing.com/bingbot.htm) Chrome/103.0.5060.134 Safari/537.36" 
114.119.149.23 - - [30/Aug/2022:10:16:41 -0700] "GET /self.logs/2015/error.log.2015-08-30.gz HTTP/1.1" 200 701 "-" "Mozilla/5.0 (compatible;PetalBot;+https://webmaster.petalsearch.com/site/petalbot)" 
128.118.7.113 - - [30/Aug/2022:10:18:35 -0700] "GET /robots.txt HTTP/1.1" 200 377 "-" "Mozilla/5.0 (Macintosh; Intel Mac OS X 10_15_7) AppleWebKit/605.1.15 (KHTML, like Gecko) Version/15.6.1 Safari/605.1.15" 
49.7.20.111 - - [30/Aug/2022:10:22:19 -0700] "GET / HTTP/1.1" 200 13150 "-" "Sogou web spider/4.0(+http://www.sogou.com/docs/help/webmasters.htm#07)" 
83.110.186.67 - - [30/Aug/2022:10:22:27 -0700] "GET / HTTP/1.1" 206 13199 "-" "WhatsApp/2.2228.4 N" 
34.206.152.150 - - [30/Aug/2022:10:22:54 -0700] "HEAD / HTTP/1.1" 301 186 "-" "DreamHost SiteMonitor 1.0" 
34.206.152.150 - - [30/Aug/2022:10:22:54 -0700] "HEAD / HTTP/1.1" 200 359 "http://66.33.221.139" "DreamHost SiteMonitor 1.0" 
49.7.21.123 - - [30/Aug/2022:10:30:26 -0700] "GET / HTTP/1.1" 200 13149 "-" "Sogou web spider/4.0(+http://www.sogou.com/docs/help/webmasters.htm#07)" 
34.206.152.150 - - [30/Aug/2022:10:32:54 -0700] "HEAD / HTTP/1.1" 301 186 "-" "DreamHost SiteMonitor 1.0" 
34.206.152.150 - - [30/Aug/2022:10:32:54 -0700] "HEAD / HTTP/1.1" 200 359 "http://66.33.221.139" "DreamHost SiteMonitor 1.0" 
34.206.152.150 - - [30/Aug/2022:10:42:54 -0700] "HEAD / HTTP/1.1" 301 186 "-" "DreamHost SiteMonitor 1.0" 
34.206.152.150 - - [30/Aug/2022:10:42:54 -0700] "HEAD / HTTP/1.1" 200 359 "http://66.33.221.139" "DreamHost SiteMonitor 1.0" 
207.46.13.138 - - [30/Aug/2022:10:47:05 -0700] "GET /self.logs/ HTTP/1.1" 200 38150 "-" "Mozilla/5.0 (compatible; bingbot/2.0; +http://www.bing.com/bingbot.htm)" 
171.221.137.181 - - [30/Aug/2022:10:48:51 -0700] "GET /favicon.ico HTTP/1.1" 200 391 "-" "Mozilla/5.0 (Windows NT 10.0; WOW64) AppleWebKit/537.36 (KHTML, like Gecko) Chrome/86.0.4240.198 Safari/537.36" 
114.119.149.237 - - [30/Aug/2022:10:49:15 -0700] "GET /self.logs/error.log.2018-03-26.gz HTTP/1.1" 200 4480 "-" "Mozilla/5.0 (compatible;PetalBot;+https://webmaster.petalsearch.com/site/petalbot)" 
34.206.152.150 - - [30/Aug/2022:10:52:54 -0700] "HEAD / HTTP/1.1" 301 186 "-" "DreamHost SiteMonitor 1.0" 
34.206.152.150 - - [30/Aug/2022:10:52:54 -0700] "HEAD / HTTP/1.1" 200 359 "http://66.33.221.139" "DreamHost SiteMonitor 1.0" 
49.7.20.111 - - [30/Aug/2022:10:54:40 -0700] "GET / HTTP/1.1" 200 13149 "-" "Sogou web spider/4.0(+http://www.sogou.com/docs/help/webmasters.htm#07)" 
49.7.21.123 - - [30/Aug/2022:11:00:01 -0700] "GET / HTTP/1.1" 200 13151 "-" "Sogou web spider/4.0(+http://www.sogou.com/docs/help/webmasters.htm#07)" 
199.16.157.182 - - [30/Aug/2022:11:02:31 -0700] "GET /robots.txt HTTP/1.1" 200 333 "-" "Twitterbot/1.0" 
199.16.157.182 - - [30/Aug/2022:11:02:31 -0700] "GET / HTTP/1.1" 200 13108 "-" "Twitterbot/1.0" 
34.206.152.150 - - [30/Aug/2022:11:02:54 -0700] "HEAD / HTTP/1.1" 301 186 "-" "DreamHost SiteMonitor 1.0" 
34.206.152.150 - - [30/Aug/2022:11:02:54 -0700] "HEAD / HTTP/1.1" 200 359 "http://66.33.221.139" "DreamHost SiteMonitor 1.0" 
94.130.167.126 - - [30/Aug/2022:11:03:07 -0700] "GET /robots.txt HTTP/1.1" 200 340 "-" "Mozilla/5.0 (Windows; U; Windows NT 5.1; tr; rv:1.8.0.9) Gecko/20061206 Firefox/52.7.0" 
94.130.167.126 - - [30/Aug/2022:11:03:07 -0700] "GET / HTTP/1.1" 200 13149 "-" "Mozilla/5.0 (Windows; U; Windows NT 5.1; tr; rv:1.8.0.9) Gecko/20061206 Firefox/52.7.0" 
138.201.48.205 - - [30/Aug/2022:11:07:11 -0700] "GET /robots.txt HTTP/1.1" 200 333 "-" "Mozilla/5.0 (compatible; Semanticbot/1.0; +http://sempi.tech/bot.html)" 
138.201.48.205 - - [30/Aug/2022:11:07:11 -0700] "GET / HTTP/1.1" 200 13142 "http://www.secrepo.com/" "Mozilla/5.0 (compatible; Semanticbot/1.0; +http://sempi.tech/bot.html)" 
138.201.48.205 - - [30/Aug/2022:11:08:17 -0700] "GET / HTTP/1.1" 200 13142 "http://www.secrepo.com/" "Mozilla/5.0 (compatible; Semanticbot/1.0; +http://sempi.tech/bot.html)" 
51.222.253.5 - - [30/Aug/2022:11:11:33 -0700] "GET /Datasets%20Description/Network/http.html HTTP/1.1" 200 1665 "-" "Mozilla/5.0 (compatible; AhrefsBot/7.0; +http://ahrefs.com/robot/)" 
34.206.152.150 - - [30/Aug/2022:11:12:54 -0700] "HEAD / HTTP/1.1" 301 186 "-" "DreamHost SiteMonitor 1.0" 
34.206.152.150 - - [30/Aug/2022:11:12:54 -0700] "HEAD / HTTP/1.1" 200 359 "http://66.33.221.139" "DreamHost SiteMonitor 1.0" 
49.7.21.69 - - [30/Aug/2022:11:16:27 -0700] "GET / HTTP/1.1" 200 13150 "-" "Sogou web spider/4.0(+http://www.sogou.com/docs/help/webmasters.htm#07)" 
207.46.13.138 - - [30/Aug/2022:11:19:48 -0700] "GET /self.logs/ HTTP/1.1" 200 38150 "-" "Mozilla/5.0 (compatible; bingbot/2.0; +http://www.bing.com/bingbot.htm)" 
114.119.149.228 - - [30/Aug/2022:11:21:31 -0700] "GET /self.logs/error.log.2017-08-15.gz HTTP/1.1" 200 1049 "-" "Mozilla/5.0 (compatible;PetalBot;+https://webmaster.petalsearch.com/site/petalbot)" 
34.206.152.150 - - [30/Aug/2022:11:22:54 -0700] "HEAD / HTTP/1.1" 301 186 "-" "DreamHost SiteMonitor 1.0" 
34.206.152.150 - - [30/Aug/2022:11:22:54 -0700] "HEAD / HTTP/1.1" 200 359 "http://66.33.221.139" "DreamHost SiteMonitor 1.0" 
49.7.20.111 - - [30/Aug/2022:11:25:50 -0700] "GET / HTTP/1.1" 200 13150 "-" "Sogou web spider/4.0(+http://www.sogou.com/docs/help/webmasters.htm#07)" 
157.55.39.120 - - [30/Aug/2022:11:29:19 -0700] "GET /self.logs/error.log.2022-08-04.gz HTTP/1.1" 200 1782 "-" "Mozilla/5.0 (compatible; bingbot/2.0; +http://www.bing.com/bingbot.htm)" 
34.206.152.150 - - [30/Aug/2022:11:32:54 -0700] "HEAD / HTTP/1.1" 301 186 "-" "DreamHost SiteMonitor 1.0" 
34.206.152.150 - - [30/Aug/2022:11:32:54 -0700] "HEAD / HTTP/1.1" 200 359 "http://66.33.221.139" "DreamHost SiteMonitor 1.0" 
51.222.253.11 - - [30/Aug/2022:11:40:37 -0700] "GET /Datasets%20Description/PE_malware/OPCleaver.html HTTP/1.1" 200 1414 "-" "Mozilla/5.0 (compatible; AhrefsBot/7.0; +http://ahrefs.com/robot/)" 
34.206.152.150 - - [30/Aug/2022:11:42:54 -0700] "HEAD / HTTP/1.1" 301 186 "-" "DreamHost SiteMonitor 1.0" 
34.206.152.150 - - [30/Aug/2022:11:42:54 -0700] "HEAD / HTTP/1.1" 200 359 "http://66.33.221.139" "DreamHost SiteMonitor 1.0" 
114.119.149.237 - - [30/Aug/2022:11:43:08 -0700] "GET /self.logs/error.log.2017-10-07.gz HTTP/1.1" 200 2792 "-" "Mozilla/5.0 (compatible;PetalBot;+https://webmaster.petalsearch.com/site/petalbot)" 
149.255.200.29 - - [30/Aug/2022:11:48:23 -0700] "GET / HTTP/1.1" 200 13186 "-" "Mozilla/5.0 (Windows NT 10.0; WOW64) AppleWebKit/537.36 (KHTML, like Gecko) Chrome/86.0.4240.198 Safari/537.36" 
149.255.200.29 - - [30/Aug/2022:11:48:25 -0700] "GET /css/style.css HTTP/1.1" 404 328 "http://www.secrepo.com/" "Mozilla/5.0 (Windows NT 10.0; WOW64) AppleWebKit/537.36 (KHTML, like Gecko) Chrome/86.0.4240.198 Safari/537.36" 
149.255.200.29 - - [30/Aug/2022:11:48:32 -0700] "GET /css/style.css HTTP/1.1" 404 328 "http://www.secrepo.com/" "Mozilla/5.0 (Windows NT 10.0; WOW64) AppleWebKit/537.36 (KHTML, like Gecko) Chrome/86.0.4240.198 Safari/537.36" 
149.255.200.29 - - [30/Aug/2022:11:48:33 -0700] "GET /twitter-icon.png HTTP/1.1" 200 27916 "http://www.secrepo.com/" "Mozilla/5.0 (Windows NT 10.0; WOW64) AppleWebKit/537.36 (KHTML, like Gecko) Chrome/86.0.4240.198 Safari/537.36" 
149.255.200.29 - - [30/Aug/2022:11:48:33 -0700] "GET /GitHub-Mark.png HTTP/1.1" 200 7556 "http://www.secrepo.com/" "Mozilla/5.0 (Windows NT 10.0; WOW64) AppleWebKit/537.36 (KHTML, like Gecko) Chrome/86.0.4240.198 Safari/537.36" 
149.255.200.29 - - [30/Aug/2022:11:48:40 -0700] "GET /bootstrap/img/favicon.ico HTTP/1.1" 200 713 "http://www.secrepo.com/" "Mozilla/5.0 (Windows NT 10.0; WOW64) AppleWebKit/537.36 (KHTML, like Gecko) Chrome/86.0.4240.198 Safari/537.36" 
207.46.13.138 - - [30/Aug/2022:11:52:01 -0700] "GET /self.logs/ HTTP/1.1" 200 38150 "-" "Mozilla/5.0 (compatible; bingbot/2.0; +http://www.bing.com/bingbot.htm)" 
34.206.152.150 - - [30/Aug/2022:11:52:54 -0700] "HEAD / HTTP/1.1" 301 186 "-" "DreamHost SiteMonitor 1.0" 
34.206.152.150 - - [30/Aug/2022:11:52:54 -0700] "HEAD / HTTP/1.1" 200 359 "http://66.33.221.139" "DreamHost SiteMonitor 1.0" 
49.7.20.111 - - [30/Aug/2022:11:57:40 -0700] "GET / HTTP/1.1" 200 13149 "-" "Sogou web spider/4.0(+http://www.sogou.com/docs/help/webmasters.htm#07)" 
44.227.127.2 - - [30/Aug/2022:11:58:50 -0700] "GET / HTTP/1.1" 301 475 "-" "Mozilla/5.0 (X11; Linux x86_64) AppleWebKit/537.36 (KHTML, like Gecko) Chrome/103.0.5060.134 Safari/537.36" 
44.227.127.2 - - [30/Aug/2022:11:58:51 -0700] "GET / HTTP/1.1" 200 13186 "-" "Mozilla/5.0 (X11; Linux x86_64) AppleWebKit/537.36 (KHTML, like Gecko) Chrome/103.0.5060.134 Safari/537.36" 
44.227.127.2 - - [30/Aug/2022:11:58:51 -0700] "GET /css/style.css HTTP/1.1" 404 305 "http://www.secrepo.com/" "Mozilla/5.0 (X11; Linux x86_64) AppleWebKit/537.36 (KHTML, like Gecko) Chrome/103.0.5060.134 Safari/537.36" 
44.227.127.2 - - [30/Aug/2022:11:58:51 -0700] "GET /twitter-icon.png HTTP/1.1" 200 27893 "http://www.secrepo.com/" "Mozilla/5.0 (X11; Linux x86_64) AppleWebKit/537.36 (KHTML, like Gecko) Chrome/103.0.5060.134 Safari/537.36" 
44.227.127.2 - - [30/Aug/2022:11:58:51 -0700] "GET /GitHub-Mark.png HTTP/1.1" 200 7556 "http://www.secrepo.com/" "Mozilla/5.0 (X11; Linux x86_64) AppleWebKit/537.36 (KHTML, like Gecko) Chrome/103.0.5060.134 Safari/537.36" 
34.206.152.150 - - [30/Aug/2022:12:02:54 -0700] "HEAD / HTTP/1.1" 301 186 "-" "DreamHost SiteMonitor 1.0" 
34.206.152.150 - - [30/Aug/2022:12:02:54 -0700] "HEAD / HTTP/1.1" 200 359 "http://66.33.221.139" "DreamHost SiteMonitor 1.0" 
40.77.167.96 - - [30/Aug/2022:12:03:14 -0700] "GET /robots.txt HTTP/1.1" 200 377 "-" "Mozilla/5.0 (compatible; bingbot/2.0; +http://www.bing.com/bingbot.htm)" 
157.55.39.120 - - [30/Aug/2022:12:03:20 -0700] "GET / HTTP/1.1" 200 13186 "-" "Mozilla/5.0 (compatible; bingbot/2.0; +http://www.bing.com/bingbot.htm)" 
207.46.13.112 - - [30/Aug/2022:12:03:36 -0700] "GET /css/style.css HTTP/1.1" 404 328 "-" "Mozilla/5.0 (compatible; bingbot/2.0; +http://www.bing.com/bingbot.htm)" 
114.119.145.137 - - [30/Aug/2022:12:04:41 -0700] "GET /self.logs/access.log.2018-08-22.gz HTTP/1.1" 200 24992 "-" "Mozilla/5.0 (compatible;PetalBot;+https://webmaster.petalsearch.com/site/petalbot)" 
185.255.47.10 - - [30/Aug/2022:12:05:03 -0700] "GET / HTTP/1.1" 200 13186 "-" "Mozilla/5.0 (Linux; Android 11; SM-A125F) AppleWebKit/537.36 (KHTML, like Gecko) Chrome/104.0.0.0 Mobile Safari/537.36" 
185.255.47.10 - - [30/Aug/2022:12:05:06 -0700] "GET /css/style.css HTTP/1.1" 404 328 "http://www.secrepo.com/" "Mozilla/5.0 (Linux; Android 11; SM-A125F) AppleWebKit/537.36 (KHTML, like Gecko) Chrome/104.0.0.0 Mobile Safari/537.36" 
185.255.47.10 - - [30/Aug/2022:12:05:07 -0700] "GET /twitter-icon.png HTTP/1.1" 200 27916 "http://www.secrepo.com/" "Mozilla/5.0 (Linux; Android 11; SM-A125F) AppleWebKit/537.36 (KHTML, like Gecko) Chrome/104.0.0.0 Mobile Safari/537.36" 
185.255.47.10 - - [30/Aug/2022:12:05:07 -0700] "GET /GitHub-Mark.png HTTP/1.1" 200 7556 "http://www.secrepo.com/" "Mozilla/5.0 (Linux; Android 11; SM-A125F) AppleWebKit/537.36 (KHTML, like Gecko) Chrome/104.0.0.0 Mobile Safari/537.36" 
51.222.253.5 - - [30/Aug/2022:12:06:54 -0700] "GET /Datasets%20Description/Network/files.html HTTP/1.1" 200 1488 "-" "Mozilla/5.0 (compatible; AhrefsBot/7.0; +http://ahrefs.com/robot/)" 
34.206.152.150 - - [30/Aug/2022:12:12:54 -0700] "HEAD / HTTP/1.1" 301 186 "-" "DreamHost SiteMonitor 1.0" 
34.206.152.150 - - [30/Aug/2022:12:12:54 -0700] "HEAD / HTTP/1.1" 200 359 "http://66.33.221.139" "DreamHost SiteMonitor 1.0" 
207.46.13.68 - - [30/Aug/2022:12:16:36 -0700] "GET /Datasets%20Description/Network/dhcp.html HTTP/1.1" 200 1461 "-" "Mozilla/5.0 (compatible; bingbot/2.0; +http://www.bing.com/bingbot.htm)" 
207.46.13.112 - - [30/Aug/2022:12:16:41 -0700] "GET /Datasets%20Description/Network/ssh.html HTTP/1.1" 200 1368 "-" "Mozilla/5.0 (compatible; bingbot/2.0; +http://www.bing.com/bingbot.htm)" 
174.95.101.41 - - [30/Aug/2022:12:21:17 -0700] "GET / HTTP/1.1" 200 13187 "-" "Mozilla/5.0 (Macintosh; Intel Mac OS X 10_15_7) AppleWebKit/537.36 (KHTML, like Gecko) Chrome/104.0.0.0 Safari/537.36" 
174.95.101.41 - - [30/Aug/2022:12:21:17 -0700] "GET /css/style.css HTTP/1.1" 404 305 "http://www.secrepo.com/" "Mozilla/5.0 (Macintosh; Intel Mac OS X 10_15_7) AppleWebKit/537.36 (KHTML, like Gecko) Chrome/104.0.0.0 Safari/537.36" 
174.95.101.41 - - [30/Aug/2022:12:21:17 -0700] "GET /GitHub-Mark.png HTTP/1.1" 200 7556 "http://www.secrepo.com/" "Mozilla/5.0 (Macintosh; Intel Mac OS X 10_15_7) AppleWebKit/537.36 (KHTML, like Gecko) Chrome/104.0.0.0 Safari/537.36" 
174.95.101.41 - - [30/Aug/2022:12:21:17 -0700] "GET /twitter-icon.png HTTP/1.1" 200 27893 "http://www.secrepo.com/" "Mozilla/5.0 (Macintosh; Intel Mac OS X 10_15_7) AppleWebKit/537.36 (KHTML, like Gecko) Chrome/104.0.0.0 Safari/537.36" 
174.95.101.41 - - [30/Aug/2022:12:21:17 -0700] "GET /bootstrap/img/favicon.ico HTTP/1.1" 200 690 "http://www.secrepo.com/" "Mozilla/5.0 (Macintosh; Intel Mac OS X 10_15_7) AppleWebKit/537.36 (KHTML, like Gecko) Chrome/104.0.0.0 Safari/537.36" 
34.206.152.150 - - [30/Aug/2022:12:22:54 -0700] "HEAD / HTTP/1.1" 301 186 "-" "DreamHost SiteMonitor 1.0" 
34.206.152.150 - - [30/Aug/2022:12:22:54 -0700] "HEAD / HTTP/1.1" 200 359 "http://66.33.221.139" "DreamHost SiteMonitor 1.0" 
207.46.13.138 - - [30/Aug/2022:12:23:24 -0700] "GET /self.logs/ HTTP/1.1" 200 38150 "-" "Mozilla/5.0 (compatible; bingbot/2.0; +http://www.bing.com/bingbot.htm)" 
49.7.20.111 - - [30/Aug/2022:12:29:20 -0700] "GET / HTTP/1.1" 200 13150 "-" "Sogou web spider/4.0(+http://www.sogou.com/docs/help/webmasters.htm#07)" 
34.206.152.150 - - [30/Aug/2022:12:32:54 -0700] "HEAD / HTTP/1.1" 301 186 "-" "DreamHost SiteMonitor 1.0" 
34.206.152.150 - - [30/Aug/2022:12:32:54 -0700] "HEAD / HTTP/1.1" 200 359 "http://66.33.221.139" "DreamHost SiteMonitor 1.0" 
49.84.233.51 - - [30/Aug/2022:12:34:40 -0700] "GET / HTTP/1.1" 200 13186 "http://www.SecRepo.com" "Mozilla/5.0 (Windows NT 10.0; Win64; x64) AppleWebKit/537.36 (KHTML, like Gecko) Chrome/87.0.4280.67 Safari/537.36 Edg/87.0.664.52" 
114.119.149.222 - - [30/Aug/2022:12:35:48 -0700] "GET /self.logs/access.log.2020-07-06.gz HTTP/1.1" 200 16206 "-" "Mozilla/5.0 (compatible;PetalBot;+https://webmaster.petalsearch.com/site/petalbot)" 
3.69.169.89 - - [30/Aug/2022:12:42:20 -0700] "GET / HTTP/1.1" 200 13186 "-" "Mozilla/5.0 (Macintosh; Intel Mac OS X 10_13_6) AppleWebKit/537.36 (KHTML, like Gecko) Chrome/67.0.3396.99 Safari/537.36" 
34.206.152.150 - - [30/Aug/2022:12:42:54 -0700] "HEAD / HTTP/1.1" 301 186 "-" "DreamHost SiteMonitor 1.0" 
34.206.152.150 - - [30/Aug/2022:12:42:54 -0700] "HEAD / HTTP/1.1" 200 359 "http://66.33.221.139" "DreamHost SiteMonitor 1.0" 
207.46.13.138 - - [30/Aug/2022:12:51:37 -0700] "GET /self.logs/ HTTP/1.1" 200 38150 "-" "Mozilla/5.0 (compatible; bingbot/2.0; +http://www.bing.com/bingbot.htm)" 
34.206.152.150 - - [30/Aug/2022:12:52:54 -0700] "HEAD / HTTP/1.1" 301 186 "-" "DreamHost SiteMonitor 1.0" 
34.206.152.150 - - [30/Aug/2022:12:52:54 -0700] "HEAD / HTTP/1.1" 200 359 "http://66.33.221.139" "DreamHost SiteMonitor 1.0" 
51.222.253.8 - - [30/Aug/2022:12:54:44 -0700] "GET / HTTP/1.1" 200 13142 "-" "Mozilla/5.0 (compatible; AhrefsBot/7.0; +http://ahrefs.com/robot/)" 
49.7.20.111 - - [30/Aug/2022:13:01:11 -0700] "GET / HTTP/1.1" 200 13149 "-" "Sogou web spider/4.0(+http://www.sogou.com/docs/help/webmasters.htm#07)" 
34.206.152.150 - - [30/Aug/2022:13:02:54 -0700] "HEAD / HTTP/1.1" 301 186 "-" "DreamHost SiteMonitor 1.0" 
34.206.152.150 - - [30/Aug/2022:13:02:54 -0700] "HEAD / HTTP/1.1" 200 359 "http://66.33.221.139" "DreamHost SiteMonitor 1.0" 
95.185.152.220 - - [30/Aug/2022:13:06:59 -0700] "GET / HTTP/1.1" 200 13186 "-" "Mozilla/5.0 (Linux; Android 10; VCE-L22) AppleWebKit/537.36 (KHTML, like Gecko) Chrome/104.0.0.0 Mobile Safari/537.36" 
95.185.152.220 - - [30/Aug/2022:13:07:00 -0700] "GET /css/style.css HTTP/1.1" 404 305 "http://www.secrepo.com/" "Mozilla/5.0 (Linux; Android 10; VCE-L22) AppleWebKit/537.36 (KHTML, like Gecko) Chrome/104.0.0.0 Mobile Safari/537.36" 
95.185.152.220 - - [30/Aug/2022:13:07:00 -0700] "GET /twitter-icon.png HTTP/1.1" 200 27916 "http://www.secrepo.com/" "Mozilla/5.0 (Linux; Android 10; VCE-L22) AppleWebKit/537.36 (KHTML, like Gecko) Chrome/104.0.0.0 Mobile Safari/537.36" 
95.185.152.220 - - [30/Aug/2022:13:07:00 -0700] "GET /GitHub-Mark.png HTTP/1.1" 200 7556 "http://www.secrepo.com/" "Mozilla/5.0 (Linux; Android 10; VCE-L22) AppleWebKit/537.36 (KHTML, like Gecko) Chrome/104.0.0.0 Mobile Safari/537.36" 
95.185.152.220 - - [30/Aug/2022:13:07:03 -0700] "GET /bootstrap/img/favicon.ico HTTP/1.1" 200 690 "http://www.secrepo.com/" "Mozilla/5.0 (Linux; Android 10; VCE-L22) AppleWebKit/537.36 (KHTML, like Gecko) Chrome/104.0.0.0 Mobile Safari/537.36" 
34.206.152.150 - - [30/Aug/2022:13:12:54 -0700] "HEAD / HTTP/1.1" 301 186 "-" "DreamHost SiteMonitor 1.0" 
34.206.152.150 - - [30/Aug/2022:13:12:54 -0700] "HEAD / HTTP/1.1" 200 359 "http://66.33.221.139" "DreamHost SiteMonitor 1.0" 
199.47.82.17 - - [30/Aug/2022:13:15:19 -0700] "GET /robots.txt HTTP/1.1" 301 439 "-" "Turnitin (https://bit.ly/2UvnfoQ)" 
199.47.82.17 - - [30/Aug/2022:13:15:19 -0700] "GET /robots.txt HTTP/1.1" 200 333 "-" "Turnitin (https://bit.ly/2UvnfoQ)" 
199.47.82.17 - - [30/Aug/2022:13:15:19 -0700] "GET /robots.txt HTTP/1.1" 200 299 "-" "Turnitin (https://bit.ly/2UvnfoQ)" 
199.47.82.17 - - [30/Aug/2022:13:15:20 -0700] "GET / HTTP/1.1" 200 13108 "-" "Turnitin (https://bit.ly/2UvnfoQ)" 
51.222.253.15 - - [30/Aug/2022:13:18:01 -0700] "GET /Datasets%20Description/HTML_Bro_log_1/dpd.html HTTP/1.1" 200 1620 "-" "Mozilla/5.0 (compatible; AhrefsBot/7.0; +http://ahrefs.com/robot/)" 
114.119.149.237 - - [30/Aug/2022:13:20:01 -0700] "GET /self.logs/access.log.2017-02-01.gz HTTP/1.1" 200 27140 "-" "Mozilla/5.0 (compatible;PetalBot;+https://webmaster.petalsearch.com/site/petalbot)" 
34.206.152.150 - - [30/Aug/2022:13:22:54 -0700] "HEAD / HTTP/1.1" 301 186 "-" "DreamHost SiteMonitor 1.0" 
34.206.152.150 - - [30/Aug/2022:13:22:54 -0700] "HEAD / HTTP/1.1" 200 359 "http://66.33.221.139" "DreamHost SiteMonitor 1.0" 
207.46.13.138 - - [30/Aug/2022:13:24:51 -0700] "GET /self.logs/ HTTP/1.1" 200 38150 "-" "Mozilla/5.0 (compatible; bingbot/2.0; +http://www.bing.com/bingbot.htm)" 
114.119.149.237 - - [30/Aug/2022:13:28:57 -0700] "GET /self.logs/access.log.2019-05-08.gz HTTP/1.1" 200 27122 "-" "Mozilla/5.0 (compatible;PetalBot;+https://webmaster.petalsearch.com/site/petalbot)" 
81.17.57.144 - - [30/Aug/2022:13:32:36 -0700] "GET /robots.txt HTTP/1.1" 301 495 "-" "Mozilla/5.0 (compatible; MJ12bot/v1.4.8; http://mj12bot.com/)" 
81.17.57.144 - - [30/Aug/2022:13:32:37 -0700] "GET /robots.txt HTTP/1.1" 200 377 "-" "Mozilla/5.0 (compatible; MJ12bot/v1.4.8; http://mj12bot.com/)" 
81.17.57.144 - - [30/Aug/2022:13:32:39 -0700] "GET / HTTP/1.1" 301 419 "-" "Mozilla/5.0 (compatible; MJ12bot/v1.4.8; http://mj12bot.com/)" 
81.17.57.144 - - [30/Aug/2022:13:32:40 -0700] "GET / HTTP/1.1" 200 13108 "-" "Mozilla/5.0 (compatible; MJ12bot/v1.4.8; http://mj12bot.com/)" 
49.7.20.111 - - [30/Aug/2022:13:32:49 -0700] "GET / HTTP/1.1" 200 13149 "-" "Sogou web spider/4.0(+http://www.sogou.com/docs/help/webmasters.htm#07)" 
34.206.152.150 - - [30/Aug/2022:13:32:54 -0700] "HEAD / HTTP/1.1" 301 186 "-" "DreamHost SiteMonitor 1.0" 
34.206.152.150 - - [30/Aug/2022:13:32:54 -0700] "HEAD / HTTP/1.1" 200 359 "http://66.33.221.139" "DreamHost SiteMonitor 1.0" 
73.116.207.178 - - [30/Aug/2022:13:34:27 -0700] "GET / HTTP/1.1" 200 13186 "-" "Mozilla/5.0 (Windows NT 10.0; Win64; x64) AppleWebKit/537.36 (KHTML, like Gecko) Chrome/104.0.0.0 Safari/537.36" 
73.116.207.178 - - [30/Aug/2022:13:34:27 -0700] "GET /css/style.css HTTP/1.1" 404 305 "http://www.secrepo.com/" "Mozilla/5.0 (Windows NT 10.0; Win64; x64) AppleWebKit/537.36 (KHTML, like Gecko) Chrome/104.0.0.0 Safari/537.36" 
73.116.207.178 - - [30/Aug/2022:13:34:27 -0700] "GET /twitter-icon.png HTTP/1.1" 200 27916 "http://www.secrepo.com/" "Mozilla/5.0 (Windows NT 10.0; Win64; x64) AppleWebKit/537.36 (KHTML, like Gecko) Chrome/104.0.0.0 Safari/537.36" 
73.116.207.178 - - [30/Aug/2022:13:34:27 -0700] "GET /GitHub-Mark.png HTTP/1.1" 200 7556 "http://www.secrepo.com/" "Mozilla/5.0 (Windows NT 10.0; Win64; x64) AppleWebKit/537.36 (KHTML, like Gecko) Chrome/104.0.0.0 Safari/537.36" 
114.119.149.222 - - [30/Aug/2022:13:37:56 -0700] "GET /self.logs/error.log.2017-06-13.gz HTTP/1.1" 200 1034 "-" "Mozilla/5.0 (compatible;PetalBot;+https://webmaster.petalsearch.com/site/petalbot)" 
73.116.207.178 - - [30/Aug/2022:13:38:57 -0700] "GET /honeypot/honeypot.json.zip HTTP/1.1" 200 23086087 "http://www.secrepo.com/" "Mozilla/5.0 (Windows NT 10.0; Win64; x64) AppleWebKit/537.36 (KHTML, like Gecko) Chrome/104.0.0.0 Safari/537.36" 
34.206.152.150 - - [30/Aug/2022:13:42:54 -0700] "HEAD / HTTP/1.1" 301 186 "-" "DreamHost SiteMonitor 1.0" 
34.206.152.150 - - [30/Aug/2022:13:42:54 -0700] "HEAD / HTTP/1.1" 200 359 "http://66.33.221.139" "DreamHost SiteMonitor 1.0" 
34.206.152.150 - - [30/Aug/2022:13:52:54 -0700] "HEAD / HTTP/1.1" 301 186 "-" "DreamHost SiteMonitor 1.0" 
34.206.152.150 - - [30/Aug/2022:13:52:54 -0700] "HEAD / HTTP/1.1" 200 359 "http://66.33.221.139" "DreamHost SiteMonitor 1.0" 
114.119.149.23 - - [30/Aug/2022:13:56:01 -0700] "GET /self.logs/access.log.2019-02-03.gz HTTP/1.1" 200 13636 "-" "Mozilla/5.0 (compatible;PetalBot;+https://webmaster.petalsearch.com/site/petalbot)" 
207.46.13.138 - - [30/Aug/2022:13:56:43 -0700] "GET /self.logs/ HTTP/1.1" 200 38150 "-" "Mozilla/5.0 (compatible; bingbot/2.0; +http://www.bing.com/bingbot.htm)" 
73.129.158.112 - - [30/Aug/2022:13:59:14 -0700] "GET /twitter-icon.png HTTP/1.1" 200 27916 "-" "Mozilla/5.0 (Macintosh; Intel Mac OS X 10.15; rv:103.0) Gecko/20100101 Firefox/103.0" 
73.129.158.112 - - [30/Aug/2022:13:59:14 -0700] "GET /GitHub-Mark.png HTTP/1.1" 200 7556 "-" "Mozilla/5.0 (Macintosh; Intel Mac OS X 10.15; rv:103.0) Gecko/20100101 Firefox/103.0" 
34.206.152.150 - - [30/Aug/2022:14:02:54 -0700] "HEAD / HTTP/1.1" 301 186 "-" "DreamHost SiteMonitor 1.0" 
34.206.152.150 - - [30/Aug/2022:14:02:54 -0700] "HEAD / HTTP/1.1" 200 359 "http://66.33.221.139" "DreamHost SiteMonitor 1.0" 
49.7.20.111 - - [30/Aug/2022:14:03:52 -0700] "GET / HTTP/1.1" 200 13149 "-" "Sogou web spider/4.0(+http://www.sogou.com/docs/help/webmasters.htm#07)" 
114.119.149.237 - - [30/Aug/2022:14:05:24 -0700] "GET /self.logs/access.log.2020-04-07.gz HTTP/1.1" 200 16427 "-" "Mozilla/5.0 (compatible;PetalBot;+https://webmaster.petalsearch.com/site/petalbot)" 
34.206.152.150 - - [30/Aug/2022:14:12:54 -0700] "HEAD / HTTP/1.1" 301 186 "-" "DreamHost SiteMonitor 1.0" 
34.206.152.150 - - [30/Aug/2022:14:12:54 -0700] "HEAD / HTTP/1.1" 200 359 "http://66.33.221.139" "DreamHost SiteMonitor 1.0" 
157.55.39.120 - - [30/Aug/2022:14:17:15 -0700] "GET / HTTP/1.1" 200 13187 "-" "Mozilla/5.0 (compatible; bingbot/2.0; +http://www.bing.com/bingbot.htm)" 
34.206.152.150 - - [30/Aug/2022:14:22:54 -0700] "HEAD / HTTP/1.1" 301 186 "-" "DreamHost SiteMonitor 1.0" 
34.206.152.150 - - [30/Aug/2022:14:22:54 -0700] "HEAD / HTTP/1.1" 200 359 "http://66.33.221.139" "DreamHost SiteMonitor 1.0" 
114.119.149.237 - - [30/Aug/2022:14:24:46 -0700] "GET /self.logs/error.log.2017-08-01.gz HTTP/1.1" 200 1004 "-" "Mozilla/5.0 (compatible;PetalBot;+https://webmaster.petalsearch.com/site/petalbot)" 
51.222.253.17 - - [30/Aug/2022:14:24:55 -0700] "GET /self.logs/access.log.2022-08-26.gz HTTP/1.1" 200 23305 "-" "Mozilla/5.0 (compatible; AhrefsBot/7.0; +http://ahrefs.com/robot/)" 
114.119.131.35 - - [30/Aug/2022:14:26:59 -0700] "GET /robots.txt HTTP/1.1" 301 495 "-" "Mozilla/5.0 (compatible;PetalBot;+https://webmaster.petalsearch.com/site/petalbot)" 
114.119.131.35 - - [30/Aug/2022:14:27:05 -0700] "GET /robots.txt HTTP/1.1" 200 377 "-" "Mozilla/5.0 (compatible;PetalBot;+https://webmaster.petalsearch.com/site/petalbot)" 
40.88.21.235 - - [30/Aug/2022:14:28:52 -0700] "GET / HTTP/1.1" 200 13187 "http://www.secrepo.com/" "Mozilla/5.0 (compatible; DuckDuckGo-Favicons-Bot/1.0; +http://duckduckgo.com)" 
40.88.21.235 - - [30/Aug/2022:14:28:52 -0700] "GET /bootstrap/img/favicon.ico HTTP/1.1" 200 690 "http://www.secrepo.com/bootstrap/img/favicon.ico" "Mozilla/5.0 (compatible; DuckDuckGo-Favicons-Bot/1.0; +http://duckduckgo.com)" 
207.46.13.138 - - [30/Aug/2022:14:31:07 -0700] "GET /self.logs/ HTTP/1.1" 200 38150 "-" "Mozilla/5.0 (compatible; bingbot/2.0; +http://www.bing.com/bingbot.htm)" 
34.206.152.150 - - [30/Aug/2022:14:32:54 -0700] "HEAD / HTTP/1.1" 301 186 "-" "DreamHost SiteMonitor 1.0" 
34.206.152.150 - - [30/Aug/2022:14:32:54 -0700] "HEAD / HTTP/1.1" 200 359 "http://66.33.221.139" "DreamHost SiteMonitor 1.0" 
114.119.149.228 - - [30/Aug/2022:14:34:25 -0700] "GET /self.logs/access.log.2020-11-29.gz HTTP/1.1" 200 14160 "-" "Mozilla/5.0 (compatible;PetalBot;+https://webmaster.petalsearch.com/site/petalbot)" 
49.7.20.111 - - [30/Aug/2022:14:34:56 -0700] "GET / HTTP/1.1" 200 13149 "-" "Sogou web spider/4.0(+http://www.sogou.com/docs/help/webmasters.htm#07)" 
34.206.152.150 - - [30/Aug/2022:14:42:54 -0700] "HEAD / HTTP/1.1" 301 186 "-" "DreamHost SiteMonitor 1.0" 
34.206.152.150 - - [30/Aug/2022:14:42:54 -0700] "HEAD / HTTP/1.1" 200 359 "http://66.33.221.139" "DreamHost SiteMonitor 1.0" 
114.119.149.222 - - [30/Aug/2022:14:43:48 -0700] "GET /self.logs/error.log.2017-01-04.gz HTTP/1.1" 200 4203 "-" "Mozilla/5.0 (compatible;PetalBot;+https://webmaster.petalsearch.com/site/petalbot)" 
34.206.152.150 - - [30/Aug/2022:14:52:54 -0700] "HEAD / HTTP/1.1" 301 186 "-" "DreamHost SiteMonitor 1.0" 
34.206.152.150 - - [30/Aug/2022:14:52:54 -0700] "HEAD / HTTP/1.1" 200 359 "http://66.33.221.139" "DreamHost SiteMonitor 1.0" 
114.119.145.137 - - [30/Aug/2022:14:53:20 -0700] "GET /self.logs/access.log.2019-10-03.gz HTTP/1.1" 200 25459 "-" "Mozilla/5.0 (compatible;PetalBot;+https://webmaster.petalsearch.com/site/petalbot)" 
114.119.145.137 - - [30/Aug/2022:15:02:41 -0700] "GET /self.logs/error.log.2020-10-11.gz HTTP/1.1" 200 908 "-" "Mozilla/5.0 (compatible;PetalBot;+https://webmaster.petalsearch.com/site/petalbot)" 
34.206.152.150 - - [30/Aug/2022:15:02:54 -0700] "HEAD / HTTP/1.1" 301 186 "-" "DreamHost SiteMonitor 1.0" 
34.206.152.150 - - [30/Aug/2022:15:02:54 -0700] "HEAD / HTTP/1.1" 200 359 "http://66.33.221.139" "DreamHost SiteMonitor 1.0" 
49.7.20.111 - - [30/Aug/2022:15:04:50 -0700] "GET / HTTP/1.1" 200 13149 "-" "Sogou web spider/4.0(+http://www.sogou.com/docs/help/webmasters.htm#07)" 
34.206.152.150 - - [30/Aug/2022:15:12:54 -0700] "HEAD / HTTP/1.1" 301 186 "-" "DreamHost SiteMonitor 1.0" 
34.206.152.150 - - [30/Aug/2022:15:12:54 -0700] "HEAD / HTTP/1.1" 200 359 "http://66.33.221.139" "DreamHost SiteMonitor 1.0" 
207.46.13.138 - - [30/Aug/2022:15:13:21 -0700] "GET /self.logs/ HTTP/1.1" 200 38150 "-" "Mozilla/5.0 (compatible; bingbot/2.0; +http://www.bing.com/bingbot.htm)" 
99.166.71.101 - - [30/Aug/2022:15:20:56 -0700] "GET /bootstrap/img/apple-touch-icon-114x114.png HTTP/1.1" 404 328 "-" "Craft/597 CFNetwork/1128.1 Darwin/19.6.0 (x86_64)" 
114.119.149.228 - - [30/Aug/2022:15:21:38 -0700] "GET /self.logs/access.log.2020-08-19.gz HTTP/1.1" 200 25086 "-" "Mozilla/5.0 (compatible;PetalBot;+https://webmaster.petalsearch.com/site/petalbot)" 
34.206.152.150 - - [30/Aug/2022:15:22:54 -0700] "HEAD / HTTP/1.1" 301 186 "-" "DreamHost SiteMonitor 1.0" 
34.206.152.150 - - [30/Aug/2022:15:22:54 -0700] "HEAD / HTTP/1.1" 200 359 "http://66.33.221.139" "DreamHost SiteMonitor 1.0" 
99.166.71.101 - - [30/Aug/2022:15:24:00 -0700] "GET /bootstrap/img/apple-touch-icon-114x114.png HTTP/1.1" 404 328 "-" "Craft/597 CFNetwork/1128.1 Darwin/19.6.0 (x86_64)" 
103.131.71.204 - - [30/Aug/2022:15:25:24 -0700] "GET /robots.txt HTTP/1.1" 301 458 "-" "Mozilla/5.0 (compatible; coccocbot-image/1.0; +http://help.coccoc.com/searchengine)" 
103.131.71.204 - - [30/Aug/2022:15:25:26 -0700] "GET /robots.txt HTTP/1.1" 200 340 "-" "Mozilla/5.0 (compatible; coccocbot-image/1.0; +http://help.coccoc.com/searchengine)" 
99.166.71.101 - - [30/Aug/2022:15:26:46 -0700] "GET /bootstrap/img/apple-touch-icon-114x114.png HTTP/1.1" 404 328 "-" "Craft/597 CFNetwork/1128.1 Darwin/19.6.0 (x86_64)" 
34.206.152.150 - - [30/Aug/2022:15:32:54 -0700] "HEAD / HTTP/1.1" 301 186 "-" "DreamHost SiteMonitor 1.0" 
34.206.152.150 - - [30/Aug/2022:15:32:54 -0700] "HEAD / HTTP/1.1" 200 359 "http://66.33.221.139" "DreamHost SiteMonitor 1.0" 
140.237.242.104 - - [30/Aug/2022:15:33:28 -0700] "GET / HTTP/1.1" 301 438 "-" "Mozilla/5.0 (Windows NT 10.0; WOW64) AppleWebKit/537.36 (KHTML, like Gecko) Chrome/78.0.3904.108 Safari/537.36" 
59.58.228.84 - - [30/Aug/2022:15:33:29 -0700] "GET / HTTP/1.1" 200 13149 "-" "Mozilla/5.0 (Windows NT 10.0; WOW64) AppleWebKit/537.36 (KHTML, like Gecko) Chrome/78.0.3904.108 Safari/537.36" 
207.46.13.138 - - [30/Aug/2022:15:34:43 -0700] "GET /self.logs/ HTTP/1.1" 200 38150 "-" "Mozilla/5.0 (compatible; bingbot/2.0; +http://www.bing.com/bingbot.htm)" 
49.7.20.111 - - [30/Aug/2022:15:35:54 -0700] "GET / HTTP/1.1" 200 13149 "-" "Sogou web spider/4.0(+http://www.sogou.com/docs/help/webmasters.htm#07)" 
99.166.71.101 - - [30/Aug/2022:15:37:16 -0700] "GET /bootstrap/img/apple-touch-icon-114x114.png HTTP/1.1" 404 328 "-" "Craft/597 CFNetwork/1128.1 Darwin/19.6.0 (x86_64)" 
99.166.71.101 - - [30/Aug/2022:15:37:18 -0700] "GET /bootstrap/img/apple-touch-icon-114x114.png HTTP/1.1" 404 305 "-" "Craft/597 CFNetwork/1128.1 Darwin/19.6.0 (x86_64)" 
114.119.149.228 - - [30/Aug/2022:15:40:42 -0700] "GET /self.logs/2015/error.log.2015-07-02.gz HTTP/1.1" 200 903 "-" "Mozilla/5.0 (compatible;PetalBot;+https://webmaster.petalsearch.com/site/petalbot)" 
31.205.199.246 - - [30/Aug/2022:15:41:36 -0700] "GET / HTTP/1.1" 200 13186 "-" "Mozilla/5.0 (Windows NT 10.0; Win64; x64) AppleWebKit/537.36 (KHTML, like Gecko) Chrome/104.0.0.0 Safari/537.36" 
31.205.199.246 - - [30/Aug/2022:15:41:36 -0700] "GET /css/style.css HTTP/1.1" 404 305 "http://www.secrepo.com/" "Mozilla/5.0 (Windows NT 10.0; Win64; x64) AppleWebKit/537.36 (KHTML, like Gecko) Chrome/104.0.0.0 Safari/537.36" 
31.205.199.246 - - [30/Aug/2022:15:41:36 -0700] "GET /twitter-icon.png HTTP/1.1" 200 27893 "http://www.secrepo.com/" "Mozilla/5.0 (Windows NT 10.0; Win64; x64) AppleWebKit/537.36 (KHTML, like Gecko) Chrome/104.0.0.0 Safari/537.36" 
31.205.199.246 - - [30/Aug/2022:15:41:36 -0700] "GET /GitHub-Mark.png HTTP/1.1" 200 7556 "http://www.secrepo.com/" "Mozilla/5.0 (Windows NT 10.0; Win64; x64) AppleWebKit/537.36 (KHTML, like Gecko) Chrome/104.0.0.0 Safari/537.36" 
31.205.199.246 - - [30/Aug/2022:15:41:38 -0700] "GET /bootstrap/img/favicon.ico HTTP/1.1" 200 690 "http://www.secrepo.com/" "Mozilla/5.0 (Windows NT 10.0; Win64; x64) AppleWebKit/537.36 (KHTML, like Gecko) Chrome/104.0.0.0 Safari/537.36" 
27.150.191.126 - - [30/Aug/2022:15:42:48 -0700] "GET / HTTP/1.1" 200 13186 "-" "Mozilla/5.0 (Windows NT 10.0; Win64; x64) AppleWebKit/537.36 (KHTML, like Gecko) Chrome/76.0.3809.25 Safari/537.36" 
34.206.152.150 - - [30/Aug/2022:15:42:54 -0700] "HEAD / HTTP/1.1" 301 186 "-" "DreamHost SiteMonitor 1.0" 
34.206.152.150 - - [30/Aug/2022:15:42:54 -0700] "HEAD / HTTP/1.1" 200 359 "http://66.33.221.139" "DreamHost SiteMonitor 1.0" 
27.150.191.126 - - [30/Aug/2022:15:43:19 -0700] "GET /ajax.googleapis.com/ajax/libs/jquery/2.0.2/jquery.min.js HTTP/1.1" 404 328 "-" "Mozilla/5.0 (Windows NT 10.0; Win64; x64) AppleWebKit/537.36 (KHTML, like Gecko) Chrome/76.0.3809.25 Safari/537.36" 
27.150.191.126 - - [30/Aug/2022:15:43:19 -0700] "GET /netdna.bootstrapcdn.com/bootstrap/3.1.1/js/bootstrap.min.js HTTP/1.1" 404 0 "-" "Mozilla/5.0 (Windows NT 10.0; Win64; x64) AppleWebKit/537.36 (KHTML, like Gecko) Chrome/76.0.3809.25 Safari/537.36" 
39.103.187.166 - - [30/Aug/2022:15:43:40 -0700] "HEAD / HTTP/1.1" 200 425 "-" "Mozilla/5.0 (linux; u; android 9; zh-cn; v1816a build/pkq1.180819.001) applewebkit/537.36 (khtml, like gecko) version/4.0 chrome/57" 
39.103.187.166 - - [30/Aug/2022:15:43:43 -0700] "GET / HTTP/1.1" 200 13186 "-" "Mozilla/5.0 (linux; u; android 9; zh-cn; v1816a build/pkq1.180819.001) applewebkit/537.36 (khtml, like gecko) version/4.0 chrome/57" 
99.166.71.101 - - [30/Aug/2022:15:44:10 -0700] "GET /bootstrap/img/apple-touch-icon-114x114.png HTTP/1.1" 404 328 "-" "Craft/597 CFNetwork/1128.1 Darwin/19.6.0 (x86_64)" 
70.161.58.234 - - [30/Aug/2022:15:44:49 -0700] "GET / HTTP/1.1" 301 475 "-" "Mozilla/5.0 (Windows NT 10.0; Win64; x64) AppleWebKit/537.36 (KHTML, like Gecko) Chrome/104.0.0.0 Safari/537.36" 
70.161.58.234 - - [30/Aug/2022:15:44:49 -0700] "GET / HTTP/1.1" 200 13186 "-" "Mozilla/5.0 (Windows NT 10.0; Win64; x64) AppleWebKit/537.36 (KHTML, like Gecko) Chrome/104.0.0.0 Safari/537.36" 
70.161.58.234 - - [30/Aug/2022:15:44:50 -0700] "GET /css/style.css HTTP/1.1" 404 305 "http://www.secrepo.com/" "Mozilla/5.0 (Windows NT 10.0; Win64; x64) AppleWebKit/537.36 (KHTML, like Gecko) Chrome/104.0.0.0 Safari/537.36" 
70.161.58.234 - - [30/Aug/2022:15:44:50 -0700] "GET /twitter-icon.png HTTP/1.1" 200 27893 "http://www.secrepo.com/" "Mozilla/5.0 (Windows NT 10.0; Win64; x64) AppleWebKit/537.36 (KHTML, like Gecko) Chrome/104.0.0.0 Safari/537.36" 
70.161.58.234 - - [30/Aug/2022:15:44:50 -0700] "GET /GitHub-Mark.png HTTP/1.1" 200 7556 "http://www.secrepo.com/" "Mozilla/5.0 (Windows NT 10.0; Win64; x64) AppleWebKit/537.36 (KHTML, like Gecko) Chrome/104.0.0.0 Safari/537.36" 
70.161.58.234 - - [30/Aug/2022:15:44:51 -0700] "GET /bootstrap/img/favicon.ico HTTP/1.1" 200 690 "http://www.secrepo.com/" "Mozilla/5.0 (Windows NT 10.0; Win64; x64) AppleWebKit/537.36 (KHTML, like Gecko) Chrome/104.0.0.0 Safari/537.36" 
68.23.19.79 - - [30/Aug/2022:15:45:04 -0700] "GET / HTTP/1.1" 301 475 "-" "Mozilla/5.0 (Windows NT 10.0; Win64; x64) AppleWebKit/537.36 (KHTML, like Gecko) Chrome/104.0.0.0 Safari/537.36" 
68.23.19.79 - - [30/Aug/2022:15:45:05 -0700] "GET / HTTP/1.1" 200 13187 "-" "Mozilla/5.0 (Windows NT 10.0; Win64; x64) AppleWebKit/537.36 (KHTML, like Gecko) Chrome/104.0.0.0 Safari/537.36" 
68.23.19.79 - - [30/Aug/2022:15:45:05 -0700] "GET /css/style.css HTTP/1.1" 404 305 "http://www.secrepo.com/" "Mozilla/5.0 (Windows NT 10.0; Win64; x64) AppleWebKit/537.36 (KHTML, like Gecko) Chrome/104.0.0.0 Safari/537.36" 
68.23.19.79 - - [30/Aug/2022:15:45:05 -0700] "GET /twitter-icon.png HTTP/1.1" 200 27916 "http://www.secrepo.com/" "Mozilla/5.0 (Windows NT 10.0; Win64; x64) AppleWebKit/537.36 (KHTML, like Gecko) Chrome/104.0.0.0 Safari/537.36" 
68.23.19.79 - - [30/Aug/2022:15:45:05 -0700] "GET /GitHub-Mark.png HTTP/1.1" 200 7556 "http://www.secrepo.com/" "Mozilla/5.0 (Windows NT 10.0; Win64; x64) AppleWebKit/537.36 (KHTML, like Gecko) Chrome/104.0.0.0 Safari/537.36" 
68.23.19.79 - - [30/Aug/2022:15:45:06 -0700] "GET /bootstrap/img/favicon.ico HTTP/1.1" 200 690 "http://www.secrepo.com/" "Mozilla/5.0 (Windows NT 10.0; Win64; x64) AppleWebKit/537.36 (KHTML, like Gecko) Chrome/104.0.0.0 Safari/537.36" 
70.161.58.234 - - [30/Aug/2022:15:45:27 -0700] "GET /self.logs/ HTTP/1.1" 200 38150 "http://www.secrepo.com/" "Mozilla/5.0 (Windows NT 10.0; Win64; x64) AppleWebKit/537.36 (KHTML, like Gecko) Chrome/104.0.0.0 Safari/537.36" 
70.161.58.234 - - [30/Aug/2022:15:45:27 -0700] "GET /favicon.ico HTTP/1.1" 200 368 "http://www.secrepo.com/self.logs/" "Mozilla/5.0 (Windows NT 10.0; Win64; x64) AppleWebKit/537.36 (KHTML, like Gecko) Chrome/104.0.0.0 Safari/537.36" 
99.166.71.101 - - [30/Aug/2022:15:46:09 -0700] "GET /bootstrap/img/apple-touch-icon-114x114.png HTTP/1.1" 404 328 "-" "Craft/597 CFNetwork/1128.1 Darwin/19.6.0 (x86_64)" 
99.166.71.101 - - [30/Aug/2022:15:46:13 -0700] "GET /bootstrap/img/apple-touch-icon-114x114.png HTTP/1.1" 404 305 "-" "Craft/597 CFNetwork/1128.1 Darwin/19.6.0 (x86_64)" 
99.166.71.101 - - [30/Aug/2022:15:46:28 -0700] "GET /bootstrap/img/apple-touch-icon-114x114.png HTTP/1.1" 404 328 "-" "Craft/597 CFNetwork/1128.1 Darwin/19.6.0 (x86_64)" 
99.166.71.101 - - [30/Aug/2022:15:46:57 -0700] "GET /bootstrap/img/apple-touch-icon-114x114.png HTTP/1.1" 404 328 "-" "Craft/597 CFNetwork/1128.1 Darwin/19.6.0 (x86_64)" 
34.206.152.150 - - [30/Aug/2022:15:52:54 -0700] "HEAD / HTTP/1.1" 301 186 "-" "DreamHost SiteMonitor 1.0" 
34.206.152.150 - - [30/Aug/2022:15:52:54 -0700] "HEAD / HTTP/1.1" 200 359 "http://66.33.221.139" "DreamHost SiteMonitor 1.0" 
99.166.71.101 - - [30/Aug/2022:15:58:10 -0700] "GET /bootstrap/img/apple-touch-icon-114x114.png HTTP/1.1" 404 328 "-" "Craft/597 CFNetwork/1128.1 Darwin/19.6.0 (x86_64)" 
99.166.71.101 - - [30/Aug/2022:15:58:19 -0700] "GET /bootstrap/img/apple-touch-icon-114x114.png HTTP/1.1" 404 328 "-" "Craft/597 CFNetwork/1128.1 Darwin/19.6.0 (x86_64)" 
114.119.140.174 - - [30/Aug/2022:15:59:48 -0700] "GET /self.logs/access.log.2017-12-14.gz HTTP/1.1" 200 24902 "-" "Mozilla/5.0 (compatible;PetalBot;+https://webmaster.petalsearch.com/site/petalbot)" 
161.156.29.33 - - [30/Aug/2022:15:59:51 -0700] "GET /robots.txt HTTP/1.1" 301 439 "-" "Mozilla/5.0 (compatible; oBot/2.3.1; http://www.xforce-security.com/crawler/)" 
161.156.29.33 - - [30/Aug/2022:15:59:52 -0700] "GET /robots.txt HTTP/1.1" 200 377 "-" "Mozilla/5.0 (compatible; oBot/2.3.1; http://www.xforce-security.com/crawler/)" 
161.156.29.33 - - [30/Aug/2022:15:59:52 -0700] "GET / HTTP/1.1" 301 419 "-" "Mozilla/5.0 (compatible; oBot/2.3.1; http://www.xforce-security.com/crawler/)" 
161.156.29.33 - - [30/Aug/2022:15:59:52 -0700] "GET / HTTP/1.1" 200 49110 "-" "Mozilla/5.0 (compatible; oBot/2.3.1; http://www.xforce-security.com/crawler/)" 
161.156.29.33 - - [30/Aug/2022:15:59:53 -0700] "GET /robots.txt HTTP/1.1" 200 299 "-" "Mozilla/5.0 (compatible; oBot/2.3.1; http://www.xforce-security.com/crawler/)" 
161.156.29.33 - - [30/Aug/2022:15:59:53 -0700] "GET / HTTP/1.1" 200 49055 "-" "Mozilla/5.0 (compatible; oBot/2.3.1; http://www.xforce-security.com/crawler/)" 
99.166.71.101 - - [30/Aug/2022:16:00:21 -0700] "GET /bootstrap/img/apple-touch-icon-114x114.png HTTP/1.1" 404 328 "-" "Craft/597 CFNetwork/1128.1 Darwin/19.6.0 (x86_64)" 
99.166.71.101 - - [30/Aug/2022:16:00:25 -0700] "GET /bootstrap/img/apple-touch-icon-114x114.png HTTP/1.1" 404 305 "-" "Craft/597 CFNetwork/1128.1 Darwin/19.6.0 (x86_64)" 
99.166.71.101 - - [30/Aug/2022:16:00:47 -0700] "GET /bootstrap/img/apple-touch-icon-114x114.png HTTP/1.1" 404 328 "-" "Craft/597 CFNetwork/1128.1 Darwin/19.6.0 (x86_64)" 
34.206.152.150 - - [30/Aug/2022:16:02:54 -0700] "HEAD / HTTP/1.1" 301 186 "-" "DreamHost SiteMonitor 1.0" 
34.206.152.150 - - [30/Aug/2022:16:02:54 -0700] "HEAD / HTTP/1.1" 200 359 "http://66.33.221.139" "DreamHost SiteMonitor 1.0" 
49.7.20.111 - - [30/Aug/2022:16:06:16 -0700] "GET / HTTP/1.1" 200 13149 "-" "Sogou web spider/4.0(+http://www.sogou.com/docs/help/webmasters.htm#07)" 
114.119.149.222 - - [30/Aug/2022:16:10:02 -0700] "GET /self.logs/error.log.2017-04-20.gz HTTP/1.1" 200 948 "-" "Mozilla/5.0 (compatible;PetalBot;+https://webmaster.petalsearch.com/site/petalbot)" 
34.206.152.150 - - [30/Aug/2022:16:12:54 -0700] "HEAD / HTTP/1.1" 301 186 "-" "DreamHost SiteMonitor 1.0" 
34.206.152.150 - - [30/Aug/2022:16:12:54 -0700] "HEAD / HTTP/1.1" 200 359 "http://66.33.221.139" "DreamHost SiteMonitor 1.0" 
112.132.124.120 - - [30/Aug/2022:16:14:44 -0700] "GET /ueditor/ueditor.config.js/x.php HTTP/1.1" 404 328 "-" "Mozilla/5.0 (X11; Linux x86_64) AppleWebKit/537.36 (KHTML, like Gecko) Chrome/57.0.363.0 Safari/537.36" 
112.132.124.120 - - [30/Aug/2022:16:14:44 -0700] "GET /include/ueditor/ueditor.config.js/x.php HTTP/1.1" 404 328 "-" "Mozilla/5.0 (X11; Linux x86_64) AppleWebKit/537.36 (KHTML, like Gecko) Chrome/62.0.1864.101 Safari/537.36" 
112.132.124.120 - - [30/Aug/2022:16:14:45 -0700] "GET /app/app/ueditor/ueditor.config.js/x.php HTTP/1.1" 404 328 "-" "Mozilla/5.0 (Macintosh; Intel Mac OS X 10_12_6) AppleWebKit/537.36 (KHTML, like Gecko) Chrome/57.0.2145.32 Safari/537.36" 
112.132.124.120 - - [30/Aug/2022:16:14:45 -0700] "GET /app/admincp/ui/ueditor/ueditor.config.js/x.php HTTP/1.1" 404 328 "-" "Mozilla/5.0 (Windows NT 6.1; WOW64) AppleWebKit/537.36 (KHTML, like Gecko) Chrome/55.0.323.15 Safari/537.36" 
112.132.124.120 - - [30/Aug/2022:16:14:46 -0700] "GET /Public/ueditor/ueditor.config.js/x.php HTTP/1.1" 404 328 "-" "Mozilla/5.0 (X11; Linux x86_64) AppleWebKit/537.36 (KHTML, like Gecko) Chrome/60.0.2139.89 Safari/537.36" 
112.132.124.120 - - [30/Aug/2022:16:14:46 -0700] "GET /public/ueditor/umeditor.config.js HTTP/1.1" 404 328 "-" "Mozilla/5.0 (Windows NT 6.1; WOW64) AppleWebKit/537.36 (KHTML, like Gecko) Chrome/62.0.1590.5 Safari/537.36" 
112.132.124.120 - - [30/Aug/2022:16:14:47 -0700] "GET /plugin/ueditor/ueditor.config.js/x.php HTTP/1.1" 404 328 "-" "Mozilla/5.0 (Windows NT 6.1; WOW64) AppleWebKit/537.36 (KHTML, like Gecko) Chrome/58.0.3197.10 Safari/537.36" 
112.132.124.120 - - [30/Aug/2022:16:14:47 -0700] "GET /includes/ueditor/ueditor.config.js/x.php HTTP/1.1" 404 328 "-" "Mozilla/5.0 (Windows NT 10.0; WOW64) AppleWebKit/537.36 (KHTML, like Gecko) Chrome/61.0.2953.61 Safari/537.36" 
112.132.124.120 - - [30/Aug/2022:16:14:48 -0700] "GET /ewebeditor/ueditor/ueditor.config.js/x.php HTTP/1.1" 404 328 "-" "Mozilla/5.0 (Windows NT 10.0; WOW64) AppleWebKit/537.36 (KHTML, like Gecko) Chrome/57.0.292.70 Safari/537.36" 
112.132.124.120 - - [30/Aug/2022:16:14:48 -0700] "GET /Content/ueditor/editor_config.js HTTP/1.1" 404 328 "-" "Mozilla/5.0 (Macintosh; Intel Mac OS X 10_12_6) AppleWebKit/537.36 (KHTML, like Gecko) Chrome/55.0.1538.18 Safari/537.36" 
112.132.124.120 - - [30/Aug/2022:16:14:49 -0700] "GET /res/ueditor/ueditor.config.js/x.php HTTP/1.1" 404 328 "-" "Mozilla/5.0 (X11; Linux x86_64) AppleWebKit/537.36 (KHTML, like Gecko) Chrome/55.0.878.20 Safari/537.36" 
112.132.124.120 - - [30/Aug/2022:16:14:49 -0700] "GET /static/admin/js/ueditor/ueditor.config.js/x.php HTTP/1.1" 404 328 "-" "Mozilla/5.0 (X11; Linux x86_64) AppleWebKit/537.36 (KHTML, like Gecko) Chrome/61.0.333.15 Safari/537.36" 
112.132.124.120 - - [30/Aug/2022:16:14:50 -0700] "GET /res/plugins/ueditor/ueditor.config.js/x.php HTTP/1.1" 404 328 "-" "Mozilla/5.0 (Windows NT 10.0; WOW64) AppleWebKit/537.36 (KHTML, like Gecko) Chrome/57.0.2004.16 Safari/537.36" 
112.132.124.120 - - [30/Aug/2022:16:14:50 -0700] "GET /res/ueditor/ueditor.config.js/x.php HTTP/1.1" 404 328 "-" "Mozilla/5.0 (Windows NT 10.0; WOW64) AppleWebKit/537.36 (KHTML, like Gecko) Chrome/62.0.1071.113 Safari/537.36" 
112.132.124.120 - - [30/Aug/2022:16:14:51 -0700] "GET /res/plugins/ueditor-1433/ueditor.config.js/x.php HTTP/1.1" 404 328 "-" "Mozilla/5.0 (Macintosh; Intel Mac OS X 10_12_6) AppleWebKit/537.36 (KHTML, like Gecko) Chrome/57.0.1079.5 Safari/537.36" 
112.132.124.120 - - [30/Aug/2022:16:14:51 -0700] "GET /web/dist/static/ueditor/ueditor.config.js/x.php HTTP/1.1" 404 328 "-" "Mozilla/5.0 (X11; Linux x86_64) AppleWebKit/537.36 (KHTML, like Gecko) Chrome/58.0.1749.24 Safari/537.36" 
112.132.124.120 - - [30/Aug/2022:16:14:52 -0700] "GET /Data/editor/ueditor/ueditor.config.js/x.php HTTP/1.1" 404 328 "-" "Mozilla/5.0 (X11; Linux x86_64) AppleWebKit/537.36 (KHTML, like Gecko) Chrome/56.0.886.74 Safari/537.36" 
112.132.124.120 - - [30/Aug/2022:16:14:52 -0700] "GET /admin/include/umeditor/umeditor.config.js HTTP/1.1" 404 328 "-" "Mozilla/5.0 (Macintosh; Intel Mac OS X 10_12_6) AppleWebKit/537.36 (KHTML, like Gecko) Chrome/61.0.273.132 Safari/537.36" 
112.132.124.120 - - [30/Aug/2022:16:14:53 -0700] "GET /admin/lib//ueditor/ueditor.config.js/x.php HTTP/1.1" 404 328 "-" "Mozilla/5.0 (Macintosh; Intel Mac OS X 10_12_6) AppleWebKit/537.36 (KHTML, like Gecko) Chrome/61.0.2408.72 Safari/537.36" 
112.132.124.120 - - [30/Aug/2022:16:14:53 -0700] "GET /admin/ueditor/ueditor.config.js/x.php HTTP/1.1" 404 328 "-" "Mozilla/5.0 (Windows NT 6.1; WOW64) AppleWebKit/537.36 (KHTML, like Gecko) Chrome/60.0.1256.17 Safari/537.36" 
112.132.124.120 - - [30/Aug/2022:16:14:54 -0700] "GET /common/static/plugin/ueditor/1.4.3.3/ueditor.config.js/x.php HTTP/1.1" 404 328 "-" "Mozilla/5.0 (Macintosh; Intel Mac OS X 10_12_6) AppleWebKit/537.36 (KHTML, like Gecko) Chrome/60.0.763.67 Safari/537.36" 
112.132.124.120 - - [30/Aug/2022:16:14:54 -0700] "GET /js/ueditor/ueditor.config.js/x.php HTTP/1.1" 404 328 "-" "Mozilla/5.0 (Macintosh; Intel Mac OS X 10_12_6) AppleWebKit/537.36 (KHTML, like Gecko) Chrome/56.0.1639.61 Safari/537.36" 
