35.86.88.33 - - [01/Apr/2024:00:12:27 -0700] "GET /Datasets%20Description/HTML_Bro_log_2/loaded_scripts.html HTTP/1.1" 200 1543 "-" "FriendlyCrawler/Nutch-1.20-SNAPSHOT" 
35.86.88.33 - - [01/Apr/2024:00:14:08 -0700] "GET /Datasets%20Description/HTML_Bro_log_2/packet_filter.html HTTP/1.1" 200 1725 "-" "FriendlyCrawler/Nutch-1.20-SNAPSHOT" 
40.77.167.77 - - [01/Apr/2024:00:15:30 -0700] "GET /self.logs/error.log.2017-03-20.gz HTTP/1.1" 200 793 "-" "Mozilla/5.0 AppleWebKit/537.36 (KHTML, like Gecko; compatible; bingbot/2.0; +http://www.bing.com/bingbot.htm) Chrome/116.0.1938.76 Safari/537.36" 
35.86.88.33 - - [01/Apr/2024:00:15:35 -0700] "GET /Datasets%20Description/HTML_Bro_log_3/http.html HTTP/1.1" 200 2035 "-" "FriendlyCrawler/Nutch-1.20-SNAPSHOT" 
107.20.105.74 - - [01/Apr/2024:00:16:40 -0700] "HEAD / HTTP/1.1" 301 186 "-" "DreamHost SiteMonitor 1.0" 
107.20.105.74 - - [01/Apr/2024:00:16:40 -0700] "HEAD / HTTP/1.1" 200 359 "http://66.33.221.139" "DreamHost SiteMonitor 1.0" 
35.86.88.33 - - [01/Apr/2024:00:16:45 -0700] "GET /Datasets%20Description/HTML_Bro_log_3/ssl.html HTTP/1.1" 200 1874 "-" "FriendlyCrawler/Nutch-1.20-SNAPSHOT" 
35.86.88.33 - - [01/Apr/2024:00:17:54 -0700] "GET /Datasets%20Description/HTML_Bro_log_3/notice.html HTTP/1.1" 200 2002 "-" "FriendlyCrawler/Nutch-1.20-SNAPSHOT" 
35.86.88.33 - - [01/Apr/2024:00:18:52 -0700] "GET /Datasets%20Description/HTML_Bro_log_2/dpd.html HTTP/1.1" 200 1655 "-" "FriendlyCrawler/Nutch-1.20-SNAPSHOT" 
35.86.88.33 - - [01/Apr/2024:00:19:40 -0700] "GET /Datasets%20Description/HTML_Bro_log_2/files.html HTTP/1.1" 200 1910 "-" "FriendlyCrawler/Nutch-1.20-SNAPSHOT" 
35.86.88.33 - - [01/Apr/2024:00:20:30 -0700] "GET /Datasets%20Description/HTML_Bro_log_3/dhcp.html HTTP/1.1" 200 1740 "-" "FriendlyCrawler/Nutch-1.20-SNAPSHOT" 
35.86.88.33 - - [01/Apr/2024:00:21:15 -0700] "GET /Datasets%20Description/HTML_Bro_log_3/conn.html HTTP/1.1" 200 2009 "-" "FriendlyCrawler/Nutch-1.20-SNAPSHOT" 
35.86.88.33 - - [01/Apr/2024:00:21:57 -0700] "GET /Datasets%20Description/HTML_Bro_log_3/app_stats.html HTTP/1.1" 200 1591 "-" "FriendlyCrawler/Nutch-1.20-SNAPSHOT" 
103.131.71.217 - - [01/Apr/2024:00:22:15 -0700] "GET /robots.txt HTTP/1.1" 301 458 "-" "Mozilla/5.0 (compatible; coccocbot-image/1.0; +http://help.coccoc.com/searchengine)" 
103.131.71.217 - - [01/Apr/2024:00:22:17 -0700] "GET /robots.txt HTTP/1.1" 200 340 "-" "Mozilla/5.0 (compatible; coccocbot-image/1.0; +http://help.coccoc.com/searchengine)" 
35.86.88.33 - - [01/Apr/2024:00:22:34 -0700] "GET /Datasets%20Description/HTML_Bro_log_1/weird.html HTTP/1.1" 200 1937 "-" "FriendlyCrawler/Nutch-1.20-SNAPSHOT" 
35.86.88.33 - - [01/Apr/2024:00:23:12 -0700] "GET /Datasets%20Description/HTML_Bro_log_1/loaded_scripts.html HTTP/1.1" 200 1543 "-" "FriendlyCrawler/Nutch-1.20-SNAPSHOT" 
35.86.88.33 - - [01/Apr/2024:00:23:48 -0700] "GET /Datasets%20Description/HTML_Bro_log_1/packet_filter.html HTTP/1.1" 200 1725 "-" "FriendlyCrawler/Nutch-1.20-SNAPSHOT" 
35.86.88.33 - - [01/Apr/2024:00:24:23 -0700] "GET /Datasets%20Description/HTML_Bro_log_3/irc.html HTTP/1.1" 200 1784 "-" "FriendlyCrawler/Nutch-1.20-SNAPSHOT" 
35.86.88.33 - - [01/Apr/2024:00:24:52 -0700] "GET /Datasets%20Description/HTML_Bro_log_2/http.html HTTP/1.1" 200 2032 "-" "FriendlyCrawler/Nutch-1.20-SNAPSHOT" 
35.86.88.33 - - [01/Apr/2024:00:25:22 -0700] "GET /Datasets%20Description/HTML_Bro_log_2/ssl.html HTTP/1.1" 200 1860 "-" "FriendlyCrawler/Nutch-1.20-SNAPSHOT" 
35.86.88.33 - - [01/Apr/2024:00:25:50 -0700] "GET /Datasets%20Description/HTML_Bro_log_2/notice.html HTTP/1.1" 200 2006 "-" "FriendlyCrawler/Nutch-1.20-SNAPSHOT" 
107.20.105.74 - - [01/Apr/2024:00:26:40 -0700] "HEAD / HTTP/1.1" 301 186 "-" "DreamHost SiteMonitor 1.0" 
107.20.105.74 - - [01/Apr/2024:00:26:40 -0700] "HEAD / HTTP/1.1" 200 359 "http://66.33.221.139" "DreamHost SiteMonitor 1.0" 
35.86.88.33 - - [01/Apr/2024:00:27:15 -0700] "GET /Datasets%20Description/HTML_Bro_log_1/dpd.html HTTP/1.1" 200 1664 "-" "FriendlyCrawler/Nutch-1.20-SNAPSHOT" 
35.86.88.33 - - [01/Apr/2024:00:27:42 -0700] "GET /Datasets%20Description/HTML_Bro_log_1/files.html HTTP/1.1" 200 1918 "-" "FriendlyCrawler/Nutch-1.20-SNAPSHOT" 
35.86.88.33 - - [01/Apr/2024:00:28:05 -0700] "GET /Datasets%20Description/HTML_Bro_log_2/dhcp.html HTTP/1.1" 200 1737 "-" "FriendlyCrawler/Nutch-1.20-SNAPSHOT" 
35.86.88.33 - - [01/Apr/2024:00:28:28 -0700] "GET /Datasets%20Description/HTML_Bro_log_3/dns.html HTTP/1.1" 200 1830 "-" "FriendlyCrawler/Nutch-1.20-SNAPSHOT" 
66.249.64.107 - - [01/Apr/2024:00:28:32 -0700] "GET /Datasets%20Description/HTML_Bro_log_2 HTTP/1.1" 301 619 "-" "Mozilla/5.0 (Linux; Android 6.0.1; Nexus 5X Build/MMB29P) AppleWebKit/537.36 (KHTML, like Gecko) Chrome/122.0.6261.94 Mobile Safari/537.36 (compatible; Googlebot/2.1; +http://www.google.com/bot.html)" 
66.249.64.106 - - [01/Apr/2024:00:28:33 -0700] "GET /Datasets%20Description/HTML_Bro_log_2/ HTTP/1.1" 200 832 "-" "Mozilla/5.0 (Linux; Android 6.0.1; Nexus 5X Build/MMB29P) AppleWebKit/537.36 (KHTML, like Gecko) Chrome/122.0.6261.94 Mobile Safari/537.36 (compatible; Googlebot/2.1; +http://www.google.com/bot.html)" 
35.86.88.33 - - [01/Apr/2024:00:28:50 -0700] "GET /Datasets%20Description/HTML_Bro_log_2/conn.html HTTP/1.1" 200 2006 "-" "FriendlyCrawler/Nutch-1.20-SNAPSHOT" 
35.86.88.33 - - [01/Apr/2024:00:30:24 -0700] "GET /Datasets%20Description/HTML_Bro_log_2/app_stats.html HTTP/1.1" 200 1590 "-" "FriendlyCrawler/Nutch-1.20-SNAPSHOT" 
183.205.138.14 - - [01/Apr/2024:00:31:05 -0700] "GET / HTTP/1.1" 200 13185 "-" "Mozilla/5.0 (Windows NT 10.0; Win64; x64) AppleWebKit/537.36 (KHTML, like Gecko) Chrome/102.0.0.0 Safari/537.36" 
183.205.138.14 - - [01/Apr/2024:00:31:06 -0700] "GET /css/style.css HTTP/1.1" 404 328 "http://www.secrepo.com/" "Mozilla/5.0 (Windows NT 10.0; Win64; x64) AppleWebKit/537.36 (KHTML, like Gecko) Chrome/102.0.0.0 Safari/537.36" 
183.205.138.14 - - [01/Apr/2024:00:31:15 -0700] "GET /twitter-icon.png HTTP/1.1" 200 27916 "http://www.secrepo.com/" "Mozilla/5.0 (Windows NT 10.0; Win64; x64) AppleWebKit/537.36 (KHTML, like Gecko) Chrome/102.0.0.0 Safari/537.36" 
183.205.138.14 - - [01/Apr/2024:00:31:23 -0700] "GET /GitHub-Mark.png HTTP/1.1" 200 7556 "http://www.secrepo.com/" "Mozilla/5.0 (Windows NT 10.0; Win64; x64) AppleWebKit/537.36 (KHTML, like Gecko) Chrome/102.0.0.0 Safari/537.36" 
110.40.20.108 - - [01/Apr/2024:00:33:01 -0700] "GET / HTTP/1.1" 200 13185 "-" "Mozilla/5.0 (Windows NT 10.0; Win64; x64) AppleWebKit/537.36 (KHTML, like Gecko) Chrome/97.0.4280.67 Safari/537.36 Edg/97.0.664.52" 
107.20.105.74 - - [01/Apr/2024:00:36:40 -0700] "HEAD / HTTP/1.1" 301 186 "-" "DreamHost SiteMonitor 1.0" 
107.20.105.74 - - [01/Apr/2024:00:36:40 -0700] "HEAD / HTTP/1.1" 200 359 "http://66.33.221.139" "DreamHost SiteMonitor 1.0" 
35.86.88.33 - - [01/Apr/2024:00:36:43 -0700] "GET /Datasets%20Description/HTML_Bro_log_2/irc.html HTTP/1.1" 200 1771 "-" "FriendlyCrawler/Nutch-1.20-SNAPSHOT" 
35.86.88.33 - - [01/Apr/2024:00:36:59 -0700] "GET /Datasets%20Description/HTML_Bro_log_1/http.html HTTP/1.1" 200 2034 "-" "FriendlyCrawler/Nutch-1.20-SNAPSHOT" 
35.86.88.33 - - [01/Apr/2024:00:37:26 -0700] "GET /Datasets%20Description/HTML_Bro_log_1/ssl.html HTTP/1.1" 200 1860 "-" "FriendlyCrawler/Nutch-1.20-SNAPSHOT" 
35.86.88.33 - - [01/Apr/2024:00:39:34 -0700] "GET /Datasets%20Description/HTML_Bro_log_1/notice.html HTTP/1.1" 200 2001 "-" "FriendlyCrawler/Nutch-1.20-SNAPSHOT" 
103.24.219.56 - - [01/Apr/2024:00:41:08 -0700] "GET / HTTP/1.1" 200 13185 "-" "Mozilla/5.0 (Windows NT 10.0; Win64; x64) AppleWebKit/537.36 (KHTML, like Gecko) Chrome/97.0.4280.67 Safari/537.36 Edg/97.0.664.52" 
192.99.37.133 - - [01/Apr/2024:00:41:20 -0700] "GET /robots.txt HTTP/1.1" 200 377 "-" "Mozilla/5.0 (compatible; MJ12bot/v1.4.8; http://mj12bot.com/)" 
192.99.37.133 - - [01/Apr/2024:00:41:22 -0700] "GET /self.logs/error.log.2022-02-15 HTTP/1.1" 200 273 "-" "Mozilla/5.0 (compatible; MJ12bot/v1.4.8; http://mj12bot.com/)" 
35.86.88.33 - - [01/Apr/2024:00:41:23 -0700] "GET /Datasets%20Description/HTML_Bro_log_2/ftp.html HTTP/1.1" 200 1738 "-" "FriendlyCrawler/Nutch-1.20-SNAPSHOT" 
192.99.37.133 - - [01/Apr/2024:00:41:24 -0700] "GET /self.logs/error.log.2022-04-06 HTTP/1.1" 200 273 "-" "Mozilla/5.0 (compatible; MJ12bot/v1.4.8; http://mj12bot.com/)" 
35.86.88.33 - - [01/Apr/2024:00:42:18 -0700] "GET /Datasets%20Description/HTML_Bro_log_3/weird.html HTTP/1.1" 200 1931 "-" "FriendlyCrawler/Nutch-1.20-SNAPSHOT" 
35.86.88.33 - - [01/Apr/2024:00:43:22 -0700] "GET /Datasets%20Description/HTML_Bro_log_1/dhcp.html HTTP/1.1" 200 1733 "-" "FriendlyCrawler/Nutch-1.20-SNAPSHOT" 
35.86.88.33 - - [01/Apr/2024:00:44:22 -0700] "GET /Datasets%20Description/HTML_Bro_log_2/dns.html HTTP/1.1" 200 1831 "-" "FriendlyCrawler/Nutch-1.20-SNAPSHOT" 
35.86.88.33 - - [01/Apr/2024:00:44:26 -0700] "GET /Datasets%20Description/HTML_Bro_log_1/conn.html HTTP/1.1" 200 1988 "-" "FriendlyCrawler/Nutch-1.20-SNAPSHOT" 
35.86.88.33 - - [01/Apr/2024:00:44:35 -0700] "GET /Datasets%20Description/HTML_Bro_log_3/loaded_scripts.html HTTP/1.1" 200 1543 "-" "FriendlyCrawler/Nutch-1.20-SNAPSHOT" 
107.20.105.74 - - [01/Apr/2024:00:46:40 -0700] "HEAD / HTTP/1.1" 301 186 "-" "DreamHost SiteMonitor 1.0" 
107.20.105.74 - - [01/Apr/2024:00:46:40 -0700] "HEAD / HTTP/1.1" 200 359 "http://66.33.221.139" "DreamHost SiteMonitor 1.0" 
35.86.88.33 - - [01/Apr/2024:00:47:09 -0700] "GET /Datasets%20Description/HTML_Bro_log_1/app_stats.html HTTP/1.1" 200 1591 "-" "FriendlyCrawler/Nutch-1.20-SNAPSHOT" 
35.86.88.33 - - [01/Apr/2024:00:49:15 -0700] "GET /Datasets%20Description/HTML_Bro_log_3/packet_filter.html HTTP/1.1" 200 1725 "-" "FriendlyCrawler/Nutch-1.20-SNAPSHOT" 
52.167.144.181 - - [01/Apr/2024:00:54:47 -0700] "GET /self.logs/error.log.2018-01-28.gz HTTP/1.1" 301 485 "-" "Mozilla/5.0 AppleWebKit/537.36 (KHTML, like Gecko; compatible; bingbot/2.0; +http://www.bing.com/bingbot.htm) Chrome/116.0.1938.76 Safari/537.36" 
114.119.157.24 - - [01/Apr/2024:00:56:11 -0700] "GET /self.logs/error.log.2020-12-06 HTTP/1.1" 200 351 "http://www.secrepo.com/self.logs?C=N%3BO%3DD" "Mozilla/5.0 (Linux; Android 7.0;) AppleWebKit/537.36 (KHTML, like Gecko) Mobile Safari/537.36 (compatible; PetalBot;+https://webmaster.petalsearch.com/site/petalbot)" 
107.20.105.74 - - [01/Apr/2024:00:56:40 -0700] "HEAD / HTTP/1.1" 301 186 "-" "DreamHost SiteMonitor 1.0" 
107.20.105.74 - - [01/Apr/2024:00:56:40 -0700] "HEAD / HTTP/1.1" 200 359 "http://66.33.221.139" "DreamHost SiteMonitor 1.0" 
216.244.66.245 - - [01/Apr/2024:01:02:17 -0700] "GET /robots.txt HTTP/1.1" 200 333 "-" "Mozilla/5.0 (compatible; DotBot/1.2; +https://opensiteexplorer.org/dotbot; help@moz.com)" 
114.119.157.24 - - [01/Apr/2024:01:03:14 -0700] "GET /self.logs/error.log.2020-12-02 HTTP/1.1" 200 351 "http://www.secrepo.com/self.logs?C=N%3BO%3DD" "Mozilla/5.0 (Linux; Android 7.0;) AppleWebKit/537.36 (KHTML, like Gecko) Mobile Safari/537.36 (compatible; PetalBot;+https://webmaster.petalsearch.com/site/petalbot)" 
107.20.105.74 - - [01/Apr/2024:01:06:40 -0700] "HEAD / HTTP/1.1" 301 186 "-" "DreamHost SiteMonitor 1.0" 
107.20.105.74 - - [01/Apr/2024:01:06:40 -0700] "HEAD / HTTP/1.1" 200 359 "http://66.33.221.139" "DreamHost SiteMonitor 1.0" 
44.201.16.220 - - [01/Apr/2024:01:09:02 -0700] "GET / HTTP/1.1" 301 419 "-" "Mozilla/5.0 (Windows NT 10.0; Win64; x64) AppleWebKit/537.36 (KHTML, like Gecko) Chrome/122.0.0.0 Safari/537.3" 
44.201.16.220 - - [01/Apr/2024:01:09:12 -0700] "GET / HTTP/1.1" 200 13141 "-" "Mozilla/5.0 (Windows NT 10.0; Win64; x64) AppleWebKit/537.36 (KHTML, like Gecko) Chrome/122.0.0.0 Safari/537.3" 
107.20.105.74 - - [01/Apr/2024:01:16:40 -0700] "HEAD / HTTP/1.1" 301 186 "-" "DreamHost SiteMonitor 1.0" 
107.20.105.74 - - [01/Apr/2024:01:16:40 -0700] "HEAD / HTTP/1.1" 200 359 "http://66.33.221.139" "DreamHost SiteMonitor 1.0" 
95.163.255.154 - - [01/Apr/2024:01:17:16 -0700] "GET /robots.txt HTTP/1.0" 200 340 "-" "Mozilla/5.0 (compatible; Linux x86_64; Mail.RU_Bot/2.0; +https://help.mail.ru/webmaster/indexing/robots)" 
95.163.255.164 - - [01/Apr/2024:01:17:22 -0700] "GET /Datasets%20Description/PE_malware/VirusShare.html HTTP/1.1" 200 1614 "-" "Mozilla/5.0 (compatible; Linux x86_64; Mail.RU_Bot/2.0; +https://help.mail.ru/webmaster/indexing/robots)" 
121.22.5.199 - - [01/Apr/2024:01:25:53 -0700] "GET / HTTP/1.1" 200 13186 "-" "Mozilla/5.0 (Windows NT 10.0; Win64; x64) AppleWebKit/537.36 (KHTML, like Gecko) Chrome/97.0.4280.67 Safari/537.36 Edg/97.0.664.52" 
52.167.144.184 - - [01/Apr/2024:01:25:56 -0700] "GET /self.logs/error.log.2020-06-30.gz HTTP/1.1" 301 485 "-" "Mozilla/5.0 AppleWebKit/537.36 (KHTML, like Gecko; compatible; bingbot/2.0; +http://www.bing.com/bingbot.htm) Chrome/116.0.1938.76 Safari/537.36" 
52.167.144.181 - - [01/Apr/2024:01:26:27 -0700] "GET /self.logs/access.log.2020-02-19.gz HTTP/1.1" 200 15897 "-" "Mozilla/5.0 AppleWebKit/537.36 (KHTML, like Gecko; compatible; bingbot/2.0; +http://www.bing.com/bingbot.htm) Chrome/116.0.1938.76 Safari/537.36" 
107.20.105.74 - - [01/Apr/2024:01:26:40 -0700] "HEAD / HTTP/1.1" 301 186 "-" "DreamHost SiteMonitor 1.0" 
107.20.105.74 - - [01/Apr/2024:01:26:40 -0700] "HEAD / HTTP/1.1" 200 359 "http://66.33.221.139" "DreamHost SiteMonitor 1.0" 
114.119.155.236 - - [01/Apr/2024:01:36:32 -0700] "GET /self.logs/error.log.2020-12-26 HTTP/1.1" 200 351 "-" "Mozilla/5.0 (Linux; Android 7.0;) AppleWebKit/537.36 (KHTML, like Gecko) Mobile Safari/537.36 (compatible; PetalBot;+https://webmaster.petalsearch.com/site/petalbot)" 
107.20.105.74 - - [01/Apr/2024:01:36:40 -0700] "HEAD / HTTP/1.1" 301 186 "-" "DreamHost SiteMonitor 1.0" 
107.20.105.74 - - [01/Apr/2024:01:36:40 -0700] "HEAD / HTTP/1.1" 200 359 "http://66.33.221.139" "DreamHost SiteMonitor 1.0" 
114.119.139.166 - - [01/Apr/2024:01:38:10 -0700] "GET /self.logs/error.log.2019-09-13 HTTP/1.1" 200 3758 "http://www.secrepo.com/self.logs?C=N%3BO%3DD" "Mozilla/5.0 (Linux; Android 7.0;) AppleWebKit/537.36 (KHTML, like Gecko) Mobile Safari/537.36 (compatible; PetalBot;+https://webmaster.petalsearch.com/site/petalbot)" 
114.119.142.8 - - [01/Apr/2024:01:39:55 -0700] "GET /self.logs/error.log.2020-10-08 HTTP/1.1" 200 351 "http://www.secrepo.com/self.logs?C=N%3BO%3DD" "Mozilla/5.0 (Linux; Android 7.0;) AppleWebKit/537.36 (KHTML, like Gecko) Mobile Safari/537.36 (compatible; PetalBot;+https://webmaster.petalsearch.com/site/petalbot)" 
114.119.140.107 - - [01/Apr/2024:01:41:33 -0700] "GET /self.logs/error.log.2020-08-11 HTTP/1.1" 200 351 "http://www.secrepo.com/self.logs?C=N%3BO%3DD" "Mozilla/5.0 (Linux; Android 7.0;) AppleWebKit/537.36 (KHTML, like Gecko) Mobile Safari/537.36 (compatible; PetalBot;+https://webmaster.petalsearch.com/site/petalbot)" 
114.119.155.236 - - [01/Apr/2024:01:43:08 -0700] "GET /Datasets%20Description/HTML_Bro_log_2/loaded_scripts.html HTTP/1.1" 200 1543 "http://www.secrepo.com/Datasets%20Description/HTML_Bro_log_2/?C=M%3BO%3DA" "Mozilla/5.0 (Linux; Android 7.0;) AppleWebKit/537.36 (KHTML, like Gecko) Mobile Safari/537.36 (compatible; PetalBot;+https://webmaster.petalsearch.com/site/petalbot)" 
37.120.153.229 - - [01/Apr/2024:01:43:58 -0700] "GET / HTTP/1.1" 200 13185 "-" "Mozilla/5.0 (Windows NT 10.0; Win64; x64; rv:114.0) Gecko/20100101 Firefox/114.0" 
51.222.253.8 - - [01/Apr/2024:01:46:23 -0700] "GET /robots.txt HTTP/1.1" 200 333 "-" "Mozilla/5.0 (compatible; AhrefsBot/7.0; +http://ahrefs.com/robot/)" 
107.20.105.74 - - [01/Apr/2024:01:46:40 -0700] "HEAD / HTTP/1.1" 301 186 "-" "DreamHost SiteMonitor 1.0" 
107.20.105.74 - - [01/Apr/2024:01:46:40 -0700] "HEAD / HTTP/1.1" 200 359 "http://66.33.221.139" "DreamHost SiteMonitor 1.0" 
