54.36.148.206 - - [02/May/2022:19:00:41 -0700] "GET /Datasets%20Description/HTML_Bro_log_1/?C=D;O=D HTTP/1.1" 200 789 "-" "Mozilla/5.0 (compatible; AhrefsBot/7.0; +http://ahrefs.com/robot/)" 
40.77.167.2 - - [02/May/2022:19:07:09 -0700] "GET /self.logs/ HTTP/1.1" 200 35862 "-" "Mozilla/5.0 (compatible; bingbot/2.0; +http://www.bing.com/bingbot.htm)" 
40.77.167.3 - - [02/May/2022:19:09:34 -0700] "GET /self.logs/2016/access.log.2016-04-13.gz HTTP/1.1" 304 280 "-" "Mozilla/5.0 (compatible; bingbot/2.0; +http://www.bing.com/bingbot.htm)" 
114.119.149.237 - - [02/May/2022:19:14:21 -0700] "GET /self.logs/access.log.2018-12-06.gz HTTP/1.1" 200 23725 "-" "Mozilla/5.0 (Linux; Android 7.0;) AppleWebKit/537.36 (KHTML, like Gecko) Mobile Safari/537.36 (compatible; PetalBot;+https://webmaster.petalsearch.com/site/petalbot)" 
89.187.171.246 - - [02/May/2022:19:20:36 -0700] "GET / HTTP/1.1" 200 13184 "-" "Mozilla/5.0 (Macintosh; Intel Mac OS X 10_15_7) AppleWebKit/537.36 (KHTML, like Gecko) Chrome/100.0.4896.88 Safari/537.36" 
89.187.171.246 - - [02/May/2022:19:20:36 -0700] "GET /css/style.css HTTP/1.1" 404 305 "http://www.secrepo.com/" "Mozilla/5.0 (Macintosh; Intel Mac OS X 10_15_7) AppleWebKit/537.36 (KHTML, like Gecko) Chrome/100.0.4896.88 Safari/537.36" 
89.187.171.246 - - [02/May/2022:19:20:36 -0700] "GET /twitter-icon.png HTTP/1.1" 200 27916 "http://www.secrepo.com/" "Mozilla/5.0 (Macintosh; Intel Mac OS X 10_15_7) AppleWebKit/537.36 (KHTML, like Gecko) Chrome/100.0.4896.88 Safari/537.36" 
89.187.171.246 - - [02/May/2022:19:20:36 -0700] "GET /GitHub-Mark.png HTTP/1.1" 200 7533 "http://www.secrepo.com/" "Mozilla/5.0 (Macintosh; Intel Mac OS X 10_15_7) AppleWebKit/537.36 (KHTML, like Gecko) Chrome/100.0.4896.88 Safari/537.36" 
89.187.171.246 - - [02/May/2022:19:20:37 -0700] "GET /bootstrap/img/favicon.ico HTTP/1.1" 200 690 "http://www.secrepo.com/" "Mozilla/5.0 (Macintosh; Intel Mac OS X 10_15_7) AppleWebKit/537.36 (KHTML, like Gecko) Chrome/100.0.4896.88 Safari/537.36" 
89.187.171.246 - - [02/May/2022:19:20:45 -0700] "GET /css/style.css HTTP/1.1" 404 328 "http://www.secrepo.com/" "Mozilla/5.0 (Macintosh; Intel Mac OS X 10_15_7) AppleWebKit/537.36 (KHTML, like Gecko) Chrome/100.0.4896.88 Safari/537.36" 
114.119.149.218 - - [02/May/2022:19:25:10 -0700] "GET /self.logs/access.log.2020-03-22.gz HTTP/1.1" 200 20836 "-" "Mozilla/5.0 (Linux; Android 7.0;) AppleWebKit/537.36 (KHTML, like Gecko) Mobile Safari/537.36 (compatible; PetalBot;+https://webmaster.petalsearch.com/site/petalbot)" 
52.212.146.96 - - [02/May/2022:19:30:02 -0700] "GET /self.logs/access.log.2022-04-26.gz HTTP/1.1" 200 14443 "-" "python-requests/2.12.1" 
212.7.202.65 - - [02/May/2022:19:32:14 -0700] "GET / HTTP/1.1" 200 13140 "-" "Mozilla/5.0 (Windows NT 10.0; Win64; x64) AppleWebKit/537.36 (KHTML, like Gecko) Chrome/60.0.3112.113 Safari/537.36" 
114.119.149.222 - - [02/May/2022:19:36:02 -0700] "GET /self.logs/access.log.2019-05-07.gz HTTP/1.1" 200 32054 "-" "Mozilla/5.0 (Linux; Android 7.0;) AppleWebKit/537.36 (KHTML, like Gecko) Mobile Safari/537.36 (compatible; PetalBot;+https://webmaster.petalsearch.com/site/petalbot)" 
222.187.222.93 - - [02/May/2022:19:37:09 -0700] "GET / HTTP/1.1" 200 49089 "-" "-" 
157.55.39.43 - - [02/May/2022:19:38:38 -0700] "GET /self.logs/access.log.2017-10-21.gz HTTP/1.1" 200 18430 "-" "Mozilla/5.0 (compatible; bingbot/2.0; +http://www.bing.com/bingbot.htm)" 
123.183.224.6 - - [02/May/2022:19:40:06 -0700] "GET / HTTP/1.1" 200 13147 "-" "Sogou web spider/4.0(+http://www.sogou.com/docs/help/webmasters.htm#07)" 
114.119.145.137 - - [02/May/2022:19:41:33 -0700] "GET /self.logs/2016/error.log.2016-04-24.gz HTTP/1.1" 200 716 "-" "Mozilla/5.0 (Linux; Android 7.0;) AppleWebKit/537.36 (KHTML, like Gecko) Mobile Safari/537.36 (compatible; PetalBot;+https://webmaster.petalsearch.com/site/petalbot)" 
206.12.45.253 - - [02/May/2022:19:43:29 -0700] "GET / HTTP/1.1" 200 13184 "-" "Mozilla/5.0 (Macintosh; Intel Mac OS X 11_6_5) AppleWebKit/537.36 (KHTML, like Gecko) Chrome/89.0.4389.105 Safari/537.36" 
206.12.45.253 - - [02/May/2022:19:43:29 -0700] "GET /css/style.css HTTP/1.1" 404 305 "http://www.secrepo.com/" "Mozilla/5.0 (Macintosh; Intel Mac OS X 11_6_5) AppleWebKit/537.36 (KHTML, like Gecko) Chrome/89.0.4389.105 Safari/537.36" 
206.12.45.253 - - [02/May/2022:19:43:30 -0700] "GET /twitter-icon.png HTTP/1.1" 200 27893 "http://www.secrepo.com/" "Mozilla/5.0 (Macintosh; Intel Mac OS X 11_6_5) AppleWebKit/537.36 (KHTML, like Gecko) Chrome/89.0.4389.105 Safari/537.36" 
206.12.45.253 - - [02/May/2022:19:43:30 -0700] "GET /GitHub-Mark.png HTTP/1.1" 200 7556 "http://www.secrepo.com/" "Mozilla/5.0 (Macintosh; Intel Mac OS X 11_6_5) AppleWebKit/537.36 (KHTML, like Gecko) Chrome/89.0.4389.105 Safari/537.36" 
206.12.45.253 - - [02/May/2022:19:43:30 -0700] "GET /bootstrap/img/favicon.ico HTTP/1.1" 200 690 "http://www.secrepo.com/" "Mozilla/5.0 (Macintosh; Intel Mac OS X 11_6_5) AppleWebKit/537.36 (KHTML, like Gecko) Chrome/89.0.4389.105 Safari/537.36" 
114.119.149.222 - - [02/May/2022:19:47:13 -0700] "GET /self.logs/access.log.2020-04-06.gz HTTP/1.1" 200 14526 "-" "Mozilla/5.0 (Linux; Android 7.0;) AppleWebKit/537.36 (KHTML, like Gecko) Mobile Safari/537.36 (compatible; PetalBot;+https://webmaster.petalsearch.com/site/petalbot)" 
61.135.159.149 - - [02/May/2022:19:47:43 -0700] "GET / HTTP/1.1" 200 13147 "-" "Sogou web spider/4.0(+http://www.sogou.com/docs/help/webmasters.htm#07)" 
40.77.167.2 - - [02/May/2022:19:48:23 -0700] "GET /self.logs/ HTTP/1.1" 200 35862 "-" "Mozilla/5.0 (compatible; bingbot/2.0; +http://www.bing.com/bingbot.htm)" 
207.46.13.196 - - [02/May/2022:19:51:35 -0700] "GET /self.logs/error.log.2021-05-19.gz HTTP/1.1" 200 1914 "-" "Mozilla/5.0 (compatible; bingbot/2.0; +http://www.bing.com/bingbot.htm)" 
206.12.45.253 - - [02/May/2022:19:52:09 -0700] "GET /css/style.css HTTP/1.1" 404 328 "http://www.secrepo.com/" "Mozilla/5.0 (Macintosh; Intel Mac OS X 11_6_5) AppleWebKit/537.36 (KHTML, like Gecko) Chrome/89.0.4389.105 Safari/537.36" 
114.119.140.174 - - [02/May/2022:19:52:41 -0700] "GET /self.logs/error.log.2020-06-14 HTTP/1.1" 200 351 "-" "Mozilla/5.0 (Linux; Android 7.0;) AppleWebKit/537.36 (KHTML, like Gecko) Mobile Safari/537.36 (compatible; PetalBot;+https://webmaster.petalsearch.com/site/petalbot)" 
114.119.149.228 - - [02/May/2022:19:58:05 -0700] "GET /self.logs/2015/access.log.2015-12-05.gz HTTP/1.1" 200 5423 "-" "Mozilla/5.0 (Linux; Android 7.0;) AppleWebKit/537.36 (KHTML, like Gecko) Mobile Safari/537.36 (compatible; PetalBot;+https://webmaster.petalsearch.com/site/petalbot)" 
85.208.98.17 - - [02/May/2022:19:59:07 -0700] "GET / HTTP/1.1" 301 419 "-" "SEMrushBot" 
85.208.98.17 - - [02/May/2022:19:59:08 -0700] "GET / HTTP/1.1" 200 13140 "http://secrepo.com/" "SEMrushBot" 
114.119.145.137 - - [02/May/2022:20:03:25 -0700] "GET /self.logs/2015/error.log.2015-10-22.gz HTTP/1.1" 200 1058 "-" "Mozilla/5.0 (compatible;PetalBot;+https://webmaster.petalsearch.com/site/petalbot)" 
114.119.140.174 - - [02/May/2022:20:14:13 -0700] "GET /self.logs/2015/access.log.2015-02-06.gz HTTP/1.1" 200 2937 "-" "Mozilla/5.0 (compatible;PetalBot;+https://webmaster.petalsearch.com/site/petalbot)" 
103.44.249.8 - - [02/May/2022:20:23:43 -0700] "GET / HTTP/1.1" 200 49089 "-" "-" 
114.119.149.222 - - [02/May/2022:20:25:01 -0700] "GET /self.logs/access.log.2018-12-21.gz HTTP/1.1" 200 21384 "-" "Mozilla/5.0 (compatible;PetalBot;+https://webmaster.petalsearch.com/site/petalbot)" 
101.43.118.245 - - [02/May/2022:20:25:09 -0700] "GET / HTTP/1.1" 200 13182 "-" "Mozilla/5.0 (Windows NT 10.0; WOW64) AppleWebKit/537.36 (KHTML, like Gecko) Chrome/63.0.3239.132 Safari/537.36" 
40.77.167.2 - - [02/May/2022:20:29:36 -0700] "GET /self.logs/ HTTP/1.1" 200 35862 "-" "Mozilla/5.0 (compatible; bingbot/2.0; +http://www.bing.com/bingbot.htm)" 
114.119.140.174 - - [02/May/2022:20:30:28 -0700] "GET /self.logs/error.log.2020-04-02.gz HTTP/1.1" 200 1140 "-" "Mozilla/5.0 (compatible;PetalBot;+https://webmaster.petalsearch.com/site/petalbot)" 
157.55.39.43 - - [02/May/2022:20:40:24 -0700] "GET /maccdc2012/conn.log.gz HTTP/1.1" 200 11113920 "-" "Mozilla/5.0 (compatible; bingbot/2.0; +http://www.bing.com/bingbot.htm)" 
114.119.149.228 - - [02/May/2022:20:41:11 -0700] "GET /self.logs/error.log.2017-12-15.gz HTTP/1.1" 200 1911 "-" "Mozilla/5.0 (compatible;PetalBot;+https://webmaster.petalsearch.com/site/petalbot)" 
66.249.64.115 - - [02/May/2022:20:43:33 -0700] "GET / HTTP/1.1" 200 13182 "-" "Mozilla/5.0 (compatible; Googlebot/2.1; +http://www.google.com/bot.html)" 
114.119.149.237 - - [02/May/2022:20:46:34 -0700] "GET /self.logs/access.log.2017-02-10.gz HTTP/1.1" 200 36568 "-" "Mozilla/5.0 (compatible;PetalBot;+https://webmaster.petalsearch.com/site/petalbot)" 
114.119.145.137 - - [02/May/2022:20:51:59 -0700] "GET /self.logs/error.log.2018-03-23.gz HTTP/1.1" 200 4661 "-" "Mozilla/5.0 (compatible;PetalBot;+https://webmaster.petalsearch.com/site/petalbot)" 
123.183.224.6 - - [02/May/2022:21:00:01 -0700] "GET / HTTP/1.1" 200 13144 "-" "Sogou web spider/4.0(+http://www.sogou.com/docs/help/webmasters.htm#07)" 
180.113.49.106 - - [02/May/2022:21:06:46 -0700] "GET / HTTP/1.1" 200 13184 "-" "Mozilla/5.0 (Windows NT 10.0; Win64; x64; rv:91.0) Gecko/20100101 Firefox/91.0" 
61.147.15.67 - - [02/May/2022:21:09:13 -0700] "GET / HTTP/1.1" 200 13184 "-" "Dalvik/2.1.0 (Linux; U; Android 9.0; ZTE BA520 Build/MRA58K)" 
61.147.15.67 - - [02/May/2022:21:10:01 -0700] "GET / HTTP/1.1" 200 13184 "-" "Mozilla/5.0 (Macintosh; Intel Mac OS X 10_11) AppleWebKit/601.1.27 (KHTML, like Gecko) Chrome/47.0.2526.106 Safari/601.1.27" 
108.59.8.80 - - [02/May/2022:21:10:04 -0700] "GET /robots.txt HTTP/1.1" 200 377 "-" "Mozilla/5.0 (compatible; MJ12bot/v1.4.8; http://mj12bot.com/)" 
108.59.8.80 - - [02/May/2022:21:10:06 -0700] "GET / HTTP/1.1" 200 13106 "-" "Mozilla/5.0 (compatible; MJ12bot/v1.4.8; http://mj12bot.com/)" 
40.77.167.2 - - [02/May/2022:21:11:21 -0700] "GET /self.logs/ HTTP/1.1" 200 35862 "-" "Mozilla/5.0 (compatible; bingbot/2.0; +http://www.bing.com/bingbot.htm)" 
159.226.95.48 - - [02/May/2022:21:11:42 -0700] "GET /favicon.ico HTTP/1.1" 200 391 "-" "Mozilla/5.0 (Windows NT 6.1; WOW64) AppleWebKit/537.36 (KHTML, like Gecko) Chrome/80.0.3987.87 Safari/537.36 SE 2.X MetaSr 1.0" 
114.119.145.137 - - [02/May/2022:21:18:38 -0700] "GET /self.logs/error.log.2017-08-17.gz HTTP/1.1" 200 1399 "-" "Mozilla/5.0 (compatible;PetalBot;+https://webmaster.petalsearch.com/site/petalbot)" 
114.119.149.228 - - [02/May/2022:21:23:55 -0700] "GET /self.logs/error.log.2018-04-06.gz HTTP/1.1" 200 4997 "-" "Mozilla/5.0 (compatible;PetalBot;+https://webmaster.petalsearch.com/site/petalbot)" 
207.46.13.196 - - [02/May/2022:21:24:24 -0700] "GET / HTTP/1.1" 301 475 "-" "Mozilla/5.0 (compatible; bingbot/2.0; +http://www.bing.com/bingbot.htm)" 
207.46.13.196 - - [02/May/2022:21:27:34 -0700] "GET / HTTP/1.1" 200 13184 "-" "Mozilla/5.0 (compatible; bingbot/2.0; +http://www.bing.com/bingbot.htm)" 
106.75.236.230 - - [02/May/2022:21:29:05 -0700] "GET / HTTP/1.1" 200 13184 "-" "Dalvik/2.1.0 (Linux; U; Android 9.0; ZTE BA520 Build/MRA58K)" 
106.75.236.230 - - [02/May/2022:21:29:05 -0700] "GET / HTTP/1.1" 200 13184 "-" "Mozilla/5.0 (Macintosh; Intel Mac OS X 10_11) AppleWebKit/601.1.27 (KHTML, like Gecko) Chrome/47.0.2526.106 Safari/601.1.27" 
114.119.149.228 - - [02/May/2022:21:29:16 -0700] "GET /self.logs/error.log.2019-02-25.gz HTTP/1.1" 200 4014 "-" "Mozilla/5.0 (compatible;PetalBot;+https://webmaster.petalsearch.com/site/petalbot)" 
106.75.236.230 - - [02/May/2022:21:31:52 -0700] "GET /favicon.ico HTTP/1.1" 200 391 "-" "Dalvik/2.1.0 (Linux; U; Android 9.0; ZTE BA520 Build/MRA58K)" 
114.119.149.222 - - [02/May/2022:21:45:14 -0700] "GET /self.logs/error.log.2017-09-18.gz HTTP/1.1" 200 2185 "-" "Mozilla/5.0 (compatible;PetalBot;+https://webmaster.petalsearch.com/site/petalbot)" 
40.77.167.2 - - [02/May/2022:21:52:25 -0700] "GET /self.logs/ HTTP/1.1" 200 35862 "-" "Mozilla/5.0 (compatible; bingbot/2.0; +http://www.bing.com/bingbot.htm)" 
54.36.148.219 - - [02/May/2022:21:56:53 -0700] "GET / HTTP/1.1" 200 13140 "-" "Mozilla/5.0 (compatible; AhrefsBot/7.0; +http://ahrefs.com/robot/)" 
54.36.148.198 - - [02/May/2022:21:56:56 -0700] "GET /css/style.css HTTP/1.1" 404 284 "-" "Mozilla/5.0 (compatible; AhrefsBot/7.0; +http://ahrefs.com/robot/)" 
54.36.148.251 - - [02/May/2022:21:56:56 -0700] "GET /GitHub-Mark.png HTTP/1.1" 200 7512 "-" "Mozilla/5.0 (compatible; AhrefsBot/7.0; +http://ahrefs.com/robot/)" 
123.183.224.6 - - [02/May/2022:22:15:05 -0700] "GET / HTTP/1.1" 200 13147 "-" "Sogou web spider/4.0(+http://www.sogou.com/docs/help/webmasters.htm#07)" 
114.119.149.228 - - [02/May/2022:22:17:15 -0700] "GET /self.logs/error.log.2017-04-19.gz HTTP/1.1" 200 1022 "-" "Mozilla/5.0 (compatible;PetalBot;+https://webmaster.petalsearch.com/site/petalbot)" 
114.119.140.174 - - [02/May/2022:22:22:33 -0700] "GET /self.logs/access.log.2019-08-28.gz HTTP/1.1" 200 23087 "-" "Mozilla/5.0 (compatible;PetalBot;+https://webmaster.petalsearch.com/site/petalbot)" 
40.77.167.2 - - [02/May/2022:22:34:29 -0700] "GET /self.logs/ HTTP/1.1" 200 35862 "-" "Mozilla/5.0 (compatible; bingbot/2.0; +http://www.bing.com/bingbot.htm)" 
114.119.149.237 - - [02/May/2022:22:38:31 -0700] "GET /self.logs/error.log.2018-07-14.gz HTTP/1.1" 200 51960 "-" "Mozilla/5.0 (compatible;PetalBot;+https://webmaster.petalsearch.com/site/petalbot)" 
165.154.226.73 - - [02/May/2022:22:42:33 -0700] "GET / HTTP/1.1" 200 13140 "-" "Mozilla/5.0 (Windows NT 10.0; Win64; x64) AppleWebKit/537.36 (KHTML, like Gecko) Chrome/100.0.4896.75 Safari/537.36" 
165.154.226.73 - - [02/May/2022:22:42:33 -0700] "GET /css/style.css HTTP/1.1" 404 250 "http://www.secrepo.com/" "Mozilla/5.0 (Windows NT 10.0; Win64; x64) AppleWebKit/537.36 (KHTML, like Gecko) Chrome/100.0.4896.75 Safari/537.36" 
165.154.226.73 - - [02/May/2022:22:42:34 -0700] "GET /GitHub-Mark.png HTTP/1.1" 200 7512 "http://www.secrepo.com/" "Mozilla/5.0 (Windows NT 10.0; Win64; x64) AppleWebKit/537.36 (KHTML, like Gecko) Chrome/100.0.4896.75 Safari/537.36" 
165.154.226.73 - - [02/May/2022:22:42:34 -0700] "GET /twitter-icon.png HTTP/1.1" 200 27872 "http://www.secrepo.com/" "Mozilla/5.0 (Windows NT 10.0; Win64; x64) AppleWebKit/537.36 (KHTML, like Gecko) Chrome/100.0.4896.75 Safari/537.36" 
165.154.226.73 - - [02/May/2022:22:42:35 -0700] "GET /bootstrap/img/favicon.ico HTTP/1.1" 200 635 "http://www.secrepo.com/" "Mozilla/5.0 (Windows NT 10.0; Win64; x64) AppleWebKit/537.36 (KHTML, like Gecko) Chrome/100.0.4896.75 Safari/537.36" 
114.119.149.218 - - [02/May/2022:22:49:08 -0700] "GET /self.logs/error.log.2018-04-11.gz HTTP/1.1" 200 4537 "-" "Mozilla/5.0 (compatible;PetalBot;+https://webmaster.petalsearch.com/site/petalbot)" 
114.119.149.218 - - [02/May/2022:22:54:26 -0700] "GET /self.logs/error.log.2018-02-11.gz HTTP/1.1" 200 6923 "-" "Mozilla/5.0 (compatible;PetalBot;+https://webmaster.petalsearch.com/site/petalbot)" 
115.151.196.253 - - [02/May/2022:22:56:25 -0700] "GET / HTTP/1.1" 200 13183 "-" "Mozilla/5.0 (Windows NT 10.0; Win64; x64; rv:91.0) Gecko/20100101 Firefox/91.0" 
123.183.224.6 - - [02/May/2022:23:08:37 -0700] "GET / HTTP/1.1" 200 13147 "-" "Sogou web spider/4.0(+http://www.sogou.com/docs/help/webmasters.htm#07)" 
114.119.145.137 - - [02/May/2022:23:10:24 -0700] "GET /self.logs/error.log.2019-02-27.gz HTTP/1.1" 200 5681 "-" "Mozilla/5.0 (compatible;PetalBot;+https://webmaster.petalsearch.com/site/petalbot)" 
40.77.167.2 - - [02/May/2022:23:15:33 -0700] "GET /self.logs/ HTTP/1.1" 200 35862 "-" "Mozilla/5.0 (compatible; bingbot/2.0; +http://www.bing.com/bingbot.htm)" 
114.119.149.237 - - [02/May/2022:23:26:21 -0700] "GET /self.logs/error.log.2017-03-04.gz HTTP/1.1" 200 1320 "-" "Mozilla/5.0 (compatible;PetalBot;+https://webmaster.petalsearch.com/site/petalbot)" 
40.77.167.3 - - [02/May/2022:23:29:20 -0700] "GET /self.logs/access.log.2017-09-03.gz HTTP/1.1" 304 280 "-" "Mozilla/5.0 (compatible; bingbot/2.0; +http://www.bing.com/bingbot.htm)" 
157.55.39.43 - - [02/May/2022:23:30:31 -0700] "GET /self.logs/error.log.2018-01-17.gz HTTP/1.1" 200 4481 "-" "Mozilla/5.0 (compatible; bingbot/2.0; +http://www.bing.com/bingbot.htm)" 
114.119.145.137 - - [02/May/2022:23:31:39 -0700] "GET /self.logs/error.log.2019-09-17.gz HTTP/1.1" 200 1187 "-" "Mozilla/5.0 (compatible;PetalBot;+https://webmaster.petalsearch.com/site/petalbot)" 
116.179.32.75 - - [02/May/2022:23:34:50 -0700] "GET / HTTP/1.1" 301 438 "-" "Mozilla/5.0 (compatible; Baiduspider/2.0; +http://www.baidu.com/search/spider.html)" 
116.179.33.17 - - [02/May/2022:23:34:50 -0700] "GET /robots.txt HTTP/1.1" 301 458 "-" "Mozilla/5.0 (Windows NT 10.0; WOW64) AppleWebKit/537.36 (KHTML, like Gecko) Chrome/48.0.2564.116 Safari/537.36" 
116.179.32.167 - - [02/May/2022:23:34:50 -0700] "GET / HTTP/1.1" 200 13147 "-" "Mozilla/5.0 (compatible; Baiduspider/2.0; +http://www.baidu.com/search/spider.html)" 
116.179.33.209 - - [02/May/2022:23:34:51 -0700] "GET /robots.txt HTTP/1.1" 200 340 "-" "Mozilla/5.0 (Windows NT 10.0; WOW64) AppleWebKit/537.36 (KHTML, like Gecko) Chrome/48.0.2564.116 Safari/537.36" 
116.179.37.169 - - [02/May/2022:23:34:51 -0700] "GET /twitter-icon.png HTTP/1.1" 200 27879 "http://www.secrepo.com/" "Mozilla/5.0 (compatible; Baiduspider-render/2.0; +http://www.baidu.com/search/spider.html)" 
116.179.33.200 - - [02/May/2022:23:35:02 -0700] "GET /robots.txt HTTP/1.1" 301 458 "-" "Mozilla/5.0 (Windows NT 10.0; WOW64) AppleWebKit/537.36 (KHTML, like Gecko) Chrome/48.0.2564.116 Safari/537.36" 
116.179.33.205 - - [02/May/2022:23:35:03 -0700] "GET /robots.txt HTTP/1.1" 200 340 "-" "Mozilla/5.0 (Windows NT 10.0; WOW64) AppleWebKit/537.36 (KHTML, like Gecko) Chrome/48.0.2564.116 Safari/537.36" 
116.179.33.146 - - [02/May/2022:23:35:06 -0700] "GET /robots.txt HTTP/1.1" 301 458 "-" "Mozilla/5.0 (Windows NT 10.0; WOW64) AppleWebKit/537.36 (KHTML, like Gecko) Chrome/48.0.2564.116 Safari/537.36" 
116.179.33.14 - - [02/May/2022:23:35:06 -0700] "GET /robots.txt HTTP/1.1" 200 340 "-" "Mozilla/5.0 (Windows NT 10.0; WOW64) AppleWebKit/537.36 (KHTML, like Gecko) Chrome/48.0.2564.116 Safari/537.36" 
220.181.51.85 - - [02/May/2022:23:35:20 -0700] "GET /robots.txt HTTP/1.1" 301 458 "-" "Mozilla/5.0 (Windows NT 10.0; WOW64) AppleWebKit/537.36 (KHTML, like Gecko) Chrome/48.0.2564.116 Safari/537.36" 
220.181.51.92 - - [02/May/2022:23:35:22 -0700] "GET /robots.txt HTTP/1.1" 200 340 "-" "Mozilla/5.0 (Windows NT 10.0; WOW64) AppleWebKit/537.36 (KHTML, like Gecko) Chrome/48.0.2564.116 Safari/537.36" 
114.119.149.228 - - [02/May/2022:23:37:01 -0700] "GET /self.logs/access.log.2020-10-23.gz HTTP/1.1" 200 13264 "-" "Mozilla/5.0 (compatible;PetalBot;+https://webmaster.petalsearch.com/site/petalbot)" 
40.77.167.3 - - [02/May/2022:23:39:09 -0700] "GET /self.logs/error.log.2017-09-23.gz HTTP/1.1" 200 2207 "-" "Mozilla/5.0 (compatible; bingbot/2.0; +http://www.bing.com/bingbot.htm)" 
114.119.149.237 - - [02/May/2022:23:53:05 -0700] "GET /self.logs/access.log.2019-10-15.gz HTTP/1.1" 200 19720 "-" "Mozilla/5.0 (compatible;PetalBot;+https://webmaster.petalsearch.com/site/petalbot)" 
157.55.39.43 - - [02/May/2022:23:54:23 -0700] "GET /self.logs/access.log.2015-02-15.gz HTTP/1.1" 301 543 "-" "Mozilla/5.0 (compatible; bingbot/2.0; +http://www.bing.com/bingbot.htm)" 
40.77.167.2 - - [02/May/2022:23:57:07 -0700] "GET /self.logs/ HTTP/1.1" 200 35862 "-" "Mozilla/5.0 (compatible; bingbot/2.0; +http://www.bing.com/bingbot.htm)" 
114.119.149.218 - - [02/May/2022:23:58:28 -0700] "GET /self.logs/access.log.2019-10-26.gz HTTP/1.1" 200 11207 "-" "Mozilla/5.0 (compatible;PetalBot;+https://webmaster.petalsearch.com/site/petalbot)" 
124.70.45.252 - - [03/May/2022:00:00:19 -0700] "HEAD / HTTP/1.1" 301 223 "http://secrepo.com" "Mozilla/5.0 (compatible; Baiduspider/2.0; +http://www.baidu.com/search/spider.html" 
124.70.45.252 - - [03/May/2022:00:00:21 -0700] "GET / HTTP/1.1" 200 49133 "http://secrepo.com" "Mozilla/5.0 (compatible; Baiduspider/2.0; +http://www.baidu.com/search/spider.html" 
124.70.45.252 - - [03/May/2022:00:00:23 -0700] "HEAD /admina/login.php?gotopage=%2Fadmina%2Findex.php HTTP/1.1" 301 214 "http://secrepo.com/admina/login.php?gotopage=%2Fadmina%2Findex.php" "Mozilla/5.0 (compatible; Baiduspider/2.0; +http://www.baidu.com/search/spider.html" 
124.70.45.252 - - [03/May/2022:00:00:25 -0700] "GET /admina/login.php?gotopage=%2Fadmina%2Findex.php HTTP/1.1" 404 284 "http://secrepo.com/admina/login.php?gotopage=%2Fadmina%2Findex.php" "Mozilla/5.0 (compatible; Baiduspider/2.0; +http://www.baidu.com/search/spider.html" 
124.70.45.252 - - [03/May/2022:00:00:25 -0700] "HEAD /adminer/js/jquery-1.8.2.min.js HTTP/1.1" 301 197 "http://secrepo.com/adminer/js/jquery-1.8.2.min.js" "Mozilla/5.0 (compatible; Baiduspider/2.0; +http://www.baidu.com/search/spider.html" 
124.70.45.252 - - [03/May/2022:00:00:25 -0700] "HEAD /back/index.php HTTP/1.1" 301 181 "http://secrepo.com/back/index.php" "Mozilla/5.0 (compatible; Baiduspider/2.0; +http://www.baidu.com/search/spider.html" 
124.70.45.252 - - [03/May/2022:00:00:25 -0700] "GET /back/index.php HTTP/1.1" 404 250 "http://secrepo.com/back/index.php" "Mozilla/5.0 (compatible; Baiduspider/2.0; +http://www.baidu.com/search/spider.html" 
124.70.45.252 - - [03/May/2022:00:00:28 -0700] "HEAD /backup/index.php HTTP/1.1" 301 183 "http://secrepo.com/backup/index.php" "Mozilla/5.0 (compatible; Baiduspider/2.0; +http://www.baidu.com/search/spider.html" 
124.70.45.252 - - [03/May/2022:00:00:29 -0700] "GET /backup/index.php HTTP/1.1" 404 284 "http://secrepo.com/backup/index.php" "Mozilla/5.0 (compatible; Baiduspider/2.0; +http://www.baidu.com/search/spider.html" 
124.70.45.252 - - [03/May/2022:00:00:29 -0700] "HEAD /backups/index.php HTTP/1.1" 301 184 "http://secrepo.com/backups/index.php" "Mozilla/5.0 (compatible; Baiduspider/2.0; +http://www.baidu.com/search/spider.html" 
124.70.45.252 - - [03/May/2022:00:00:30 -0700] "GET /backups/index.php HTTP/1.1" 404 250 "http://secrepo.com/backups/index.php" "Mozilla/5.0 (compatible; Baiduspider/2.0; +http://www.baidu.com/search/spider.html" 
124.70.45.252 - - [03/May/2022:00:00:30 -0700] "HEAD /Bak/index.php HTTP/1.1" 301 180 "http://secrepo.com/Bak/index.php" "Mozilla/5.0 (compatible; Baiduspider/2.0; +http://www.baidu.com/search/spider.html" 
124.70.45.252 - - [03/May/2022:00:00:31 -0700] "GET /Bak/index.php HTTP/1.1" 404 250 "http://secrepo.com/Bak/index.php" "Mozilla/5.0 (compatible; Baiduspider/2.0; +http://www.baidu.com/search/spider.html" 
124.70.45.252 - - [03/May/2022:00:00:31 -0700] "HEAD /Bak/index.php HTTP/1.1" 301 180 "http://secrepo.com/Bak/index.php" "Mozilla/5.0 (compatible; Baiduspider/2.0; +http://www.baidu.com/search/spider.html" 
124.70.45.252 - - [03/May/2022:00:00:31 -0700] "GET /Bak/index.php HTTP/1.1" 404 250 "http://secrepo.com/Bak/index.php" "Mozilla/5.0 (compatible; Baiduspider/2.0; +http://www.baidu.com/search/spider.html" 
124.70.45.252 - - [03/May/2022:00:00:31 -0700] "HEAD /Bak/index.php HTTP/1.1" 301 180 "http://secrepo.com/Bak/index.php" "Mozilla/5.0 (compatible; Baiduspider/2.0; +http://www.baidu.com/search/spider.html" 
124.70.45.252 - - [03/May/2022:00:00:32 -0700] "GET /Bak/index.php HTTP/1.1" 404 250 "http://secrepo.com/Bak/index.php" "Mozilla/5.0 (compatible; Baiduspider/2.0; +http://www.baidu.com/search/spider.html" 
124.70.45.252 - - [03/May/2022:00:00:32 -0700] "HEAD /bakk/index.php HTTP/1.1" 301 181 "http://secrepo.com/bakk/index.php" "Mozilla/5.0 (compatible; Baiduspider/2.0; +http://www.baidu.com/search/spider.html" 
124.70.45.252 - - [03/May/2022:00:00:32 -0700] "GET /bakk/index.php HTTP/1.1" 404 250 "http://secrepo.com/bakk/index.php" "Mozilla/5.0 (compatible; Baiduspider/2.0; +http://www.baidu.com/search/spider.html" 
124.70.45.252 - - [03/May/2022:00:00:32 -0700] "HEAD /bakup/index.php HTTP/1.1" 301 182 "http://secrepo.com/bakup/index.php" "Mozilla/5.0 (compatible; Baiduspider/2.0; +http://www.baidu.com/search/spider.html" 
124.70.45.252 - - [03/May/2022:00:00:32 -0700] "GET /bakup/index.php HTTP/1.1" 404 250 "http://secrepo.com/bakup/index.php" "Mozilla/5.0 (compatible; Baiduspider/2.0; +http://www.baidu.com/search/spider.html" 
124.70.45.252 - - [03/May/2022:00:00:33 -0700] "HEAD /beifen/index.php HTTP/1.1" 301 183 "http://secrepo.com/beifen/index.php" "Mozilla/5.0 (compatible; Baiduspider/2.0; +http://www.baidu.com/search/spider.html" 
124.70.45.252 - - [03/May/2022:00:00:33 -0700] "GET /beifen/index.php HTTP/1.1" 404 250 "http://secrepo.com/beifen/index.php" "Mozilla/5.0 (compatible; Baiduspider/2.0; +http://www.baidu.com/search/spider.html" 
124.70.45.252 - - [03/May/2022:00:00:33 -0700] "HEAD /beifen/index.php HTTP/1.1" 301 183 "http://secrepo.com/beifen/index.php" "Mozilla/5.0 (compatible; Baiduspider/2.0; +http://www.baidu.com/search/spider.html" 
124.70.45.252 - - [03/May/2022:00:00:33 -0700] "GET /beifen/index.php HTTP/1.1" 404 250 "http://secrepo.com/beifen/index.php" "Mozilla/5.0 (compatible; Baiduspider/2.0; +http://www.baidu.com/search/spider.html" 
124.70.45.252 - - [03/May/2022:00:00:34 -0700] "HEAD /beifen/index.php HTTP/1.1" 301 183 "http://secrepo.com/beifen/index.php" "Mozilla/5.0 (compatible; Baiduspider/2.0; +http://www.baidu.com/search/spider.html" 
124.70.45.252 - - [03/May/2022:00:00:34 -0700] "GET /beifen/index.php HTTP/1.1" 404 250 "http://secrepo.com/beifen/index.php" "Mozilla/5.0 (compatible; Baiduspider/2.0; +http://www.baidu.com/search/spider.html" 
124.70.45.252 - - [03/May/2022:00:00:35 -0700] "HEAD /beifenwang/index.php HTTP/1.1" 301 187 "http://secrepo.com/beifenwang/index.php" "Mozilla/5.0 (compatible; Baiduspider/2.0; +http://www.baidu.com/search/spider.html" 
124.70.45.252 - - [03/May/2022:00:00:35 -0700] "GET /beifenwang/index.php HTTP/1.1" 404 250 "http://secrepo.com/beifenwang/index.php" "Mozilla/5.0 (compatible; Baiduspider/2.0; +http://www.baidu.com/search/spider.html" 
124.70.45.252 - - [03/May/2022:00:00:36 -0700] "HEAD /bf/index.php HTTP/1.1" 301 179 "http://secrepo.com/bf/index.php" "Mozilla/5.0 (compatible; Baiduspider/2.0; +http://www.baidu.com/search/spider.html" 
124.70.45.252 - - [03/May/2022:00:00:36 -0700] "GET /bf/index.php HTTP/1.1" 404 250 "http://secrepo.com/bf/index.php" "Mozilla/5.0 (compatible; Baiduspider/2.0; +http://www.baidu.com/search/spider.html" 
124.70.45.252 - - [03/May/2022:00:00:36 -0700] "HEAD /bfw/index.php HTTP/1.1" 301 180 "http://secrepo.com/bfw/index.php" "Mozilla/5.0 (compatible; Baiduspider/2.0; +http://www.baidu.com/search/spider.html" 
124.70.45.252 - - [03/May/2022:00:00:36 -0700] "GET /bfw/index.php HTTP/1.1" 404 250 "http://secrepo.com/bfw/index.php" "Mozilla/5.0 (compatible; Baiduspider/2.0; +http://www.baidu.com/search/spider.html" 
124.70.45.252 - - [03/May/2022:00:00:37 -0700] "HEAD /bk/index.php HTTP/1.1" 301 179 "http://secrepo.com/bk/index.php" "Mozilla/5.0 (compatible; Baiduspider/2.0; +http://www.baidu.com/search/spider.html" 
124.70.45.252 - - [03/May/2022:00:00:37 -0700] "GET /bk/index.php HTTP/1.1" 404 250 "http://secrepo.com/bk/index.php" "Mozilla/5.0 (compatible; Baiduspider/2.0; +http://www.baidu.com/search/spider.html" 
124.70.45.252 - - [03/May/2022:00:00:38 -0700] "HEAD /bk22/index.php HTTP/1.1" 301 181 "http://secrepo.com/bk22/index.php" "Mozilla/5.0 (compatible; Baiduspider/2.0; +http://www.baidu.com/search/spider.html" 
124.70.45.252 - - [03/May/2022:00:00:38 -0700] "GET /bk22/index.php HTTP/1.1" 404 250 "http://secrepo.com/bk22/index.php" "Mozilla/5.0 (compatible; Baiduspider/2.0; +http://www.baidu.com/search/spider.html" 
124.70.45.252 - - [03/May/2022:00:00:38 -0700] "HEAD /bkgg/index.php HTTP/1.1" 301 181 "http://secrepo.com/bkgg/index.php" "Mozilla/5.0 (compatible; Baiduspider/2.0; +http://www.baidu.com/search/spider.html" 
124.70.45.252 - - [03/May/2022:00:00:38 -0700] "GET /bkgg/index.php HTTP/1.1" 404 250 "http://secrepo.com/bkgg/index.php" "Mozilla/5.0 (compatible; Baiduspider/2.0; +http://www.baidu.com/search/spider.html" 
123.183.224.6 - - [03/May/2022:00:00:38 -0700] "GET / HTTP/1.1" 200 13145 "-" "Sogou web spider/4.0(+http://www.sogou.com/docs/help/webmasters.htm#07)" 
124.70.45.252 - - [03/May/2022:00:00:39 -0700] "HEAD /admin/img/xiaocms.css HTTP/1.1" 301 188 "http://secrepo.com/admin/img/xiaocms.css" "Mozilla/5.0 (compatible; Baiduspider/2.0; +http://www.baidu.com/search/spider.html" 
124.70.45.252 - - [03/May/2022:00:00:39 -0700] "GET /admin/img/xiaocms.css HTTP/1.1" 404 250 "http://secrepo.com/admin/img/xiaocms.css" "Mozilla/5.0 (compatible; Baiduspider/2.0; +http://www.baidu.com/search/spider.html" 
124.70.45.252 - - [03/May/2022:00:00:39 -0700] "HEAD /cswl/img/xiaocms.css HTTP/1.1" 301 187 "http://secrepo.com/cswl/img/xiaocms.css" "Mozilla/5.0 (compatible; Baiduspider/2.0; +http://www.baidu.com/search/spider.html" 
124.70.45.252 - - [03/May/2022:00:00:39 -0700] "GET /cswl/img/xiaocms.css HTTP/1.1" 404 250 "http://secrepo.com/cswl/img/xiaocms.css" "Mozilla/5.0 (compatible; Baiduspider/2.0; +http://www.baidu.com/search/spider.html" 
124.70.45.252 - - [03/May/2022:00:00:40 -0700] "HEAD /cx/index.php HTTP/1.1" 301 179 "http://secrepo.com/cx/index.php" "Mozilla/5.0 (compatible; Baiduspider/2.0; +http://www.baidu.com/search/spider.html" 
124.70.45.252 - - [03/May/2022:00:00:40 -0700] "GET /cx/index.php HTTP/1.1" 404 250 "http://secrepo.com/cx/index.php" "Mozilla/5.0 (compatible; Baiduspider/2.0; +http://www.baidu.com/search/spider.html" 
124.70.45.252 - - [03/May/2022:00:00:41 -0700] "HEAD /databak/index.php HTTP/1.1" 301 184 "http://secrepo.com/databak/index.php" "Mozilla/5.0 (compatible; Baiduspider/2.0; +http://www.baidu.com/search/spider.html" 
124.70.45.252 - - [03/May/2022:00:00:41 -0700] "GET /databak/index.php HTTP/1.1" 404 250 "http://secrepo.com/databak/index.php" "Mozilla/5.0 (compatible; Baiduspider/2.0; +http://www.baidu.com/search/spider.html" 
124.70.45.252 - - [03/May/2022:00:00:41 -0700] "HEAD /db/index.php HTTP/1.1" 301 179 "http://secrepo.com/db/index.php" "Mozilla/5.0 (compatible; Baiduspider/2.0; +http://www.baidu.com/search/spider.html" 
124.70.45.252 - - [03/May/2022:00:00:41 -0700] "GET /db/index.php HTTP/1.1" 404 250 "http://secrepo.com/db/index.php" "Mozilla/5.0 (compatible; Baiduspider/2.0; +http://www.baidu.com/search/spider.html" 
124.70.45.252 - - [03/May/2022:00:00:42 -0700] "HEAD /dbk/index.php HTTP/1.1" 301 180 "http://secrepo.com/dbk/index.php" "Mozilla/5.0 (compatible; Baiduspider/2.0; +http://www.baidu.com/search/spider.html" 
124.70.45.252 - - [03/May/2022:00:00:42 -0700] "GET /dbk/index.php HTTP/1.1" 404 250 "http://secrepo.com/dbk/index.php" "Mozilla/5.0 (compatible; Baiduspider/2.0; +http://www.baidu.com/search/spider.html" 
124.70.45.252 - - [03/May/2022:00:00:42 -0700] "HEAD /dg/index.php HTTP/1.1" 301 179 "http://secrepo.com/dg/index.php" "Mozilla/5.0 (compatible; Baiduspider/2.0; +http://www.baidu.com/search/spider.html" 
124.70.45.252 - - [03/May/2022:00:00:43 -0700] "GET /dg/index.php HTTP/1.1" 404 250 "http://secrepo.com/dg/index.php" "Mozilla/5.0 (compatible; Baiduspider/2.0; +http://www.baidu.com/search/spider.html" 
124.70.45.252 - - [03/May/2022:00:00:43 -0700] "HEAD /dgback/index.php HTTP/1.1" 301 183 "http://secrepo.com/dgback/index.php" "Mozilla/5.0 (compatible; Baiduspider/2.0; +http://www.baidu.com/search/spider.html" 
124.70.45.252 - - [03/May/2022:00:00:43 -0700] "GET /dgback/index.php HTTP/1.1" 404 250 "http://secrepo.com/dgback/index.php" "Mozilla/5.0 (compatible; Baiduspider/2.0; +http://www.baidu.com/search/spider.html" 
124.70.45.252 - - [03/May/2022:00:00:43 -0700] "HEAD /dgbak/index.php HTTP/1.1" 301 182 "http://secrepo.com/dgbak/index.php" "Mozilla/5.0 (compatible; Baiduspider/2.0; +http://www.baidu.com/search/spider.html" 
124.70.45.252 - - [03/May/2022:00:00:44 -0700] "GET /dgbak/index.php HTTP/1.1" 404 250 "http://secrepo.com/dgbak/index.php" "Mozilla/5.0 (compatible; Baiduspider/2.0; +http://www.baidu.com/search/spider.html" 
124.70.45.252 - - [03/May/2022:00:00:45 -0700] "HEAD /dgbeifen/index.php HTTP/1.1" 301 185 "http://secrepo.com/dgbeifen/index.php" "Mozilla/5.0 (compatible; Baiduspider/2.0; +http://www.baidu.com/search/spider.html" 
124.70.45.252 - - [03/May/2022:00:00:45 -0700] "GET /dgbeifen/index.php HTTP/1.1" 404 250 "http://secrepo.com/dgbeifen/index.php" "Mozilla/5.0 (compatible; Baiduspider/2.0; +http://www.baidu.com/search/spider.html" 
124.70.45.252 - - [03/May/2022:00:00:45 -0700] "HEAD /dgbf/index.php HTTP/1.1" 301 181 "http://secrepo.com/dgbf/index.php" "Mozilla/5.0 (compatible; Baiduspider/2.0; +http://www.baidu.com/search/spider.html" 
124.70.45.252 - - [03/May/2022:00:00:45 -0700] "GET /dgbf/index.php HTTP/1.1" 404 250 "http://secrepo.com/dgbf/index.php" "Mozilla/5.0 (compatible; Baiduspider/2.0; +http://www.baidu.com/search/spider.html" 
124.70.45.252 - - [03/May/2022:00:00:46 -0700] "HEAD /diguo/index.php HTTP/1.1" 301 182 "http://secrepo.com/diguo/index.php" "Mozilla/5.0 (compatible; Baiduspider/2.0; +http://www.baidu.com/search/spider.html" 
124.70.45.252 - - [03/May/2022:00:00:46 -0700] "GET /diguo/index.php HTTP/1.1" 404 250 "http://secrepo.com/diguo/index.php" "Mozilla/5.0 (compatible; Baiduspider/2.0; +http://www.baidu.com/search/spider.html" 
124.70.45.252 - - [03/May/2022:00:00:46 -0700] "HEAD /diguo/index.php HTTP/1.1" 301 182 "http://secrepo.com/diguo/index.php" "Mozilla/5.0 (compatible; Baiduspider/2.0; +http://www.baidu.com/search/spider.html" 
124.70.45.252 - - [03/May/2022:00:00:46 -0700] "GET /diguo/index.php HTTP/1.1" 404 250 "http://secrepo.com/diguo/index.php" "Mozilla/5.0 (compatible; Baiduspider/2.0; +http://www.baidu.com/search/spider.html" 
124.70.45.252 - - [03/May/2022:00:00:47 -0700] "HEAD /diguo/index.php HTTP/1.1" 301 182 "http://secrepo.com/diguo/index.php" "Mozilla/5.0 (compatible; Baiduspider/2.0; +http://www.baidu.com/search/spider.html" 
124.70.45.252 - - [03/May/2022:00:00:47 -0700] "GET /diguo/index.php HTTP/1.1" 404 250 "http://secrepo.com/diguo/index.php" "Mozilla/5.0 (compatible; Baiduspider/2.0; +http://www.baidu.com/search/spider.html" 
124.70.45.252 - - [03/May/2022:00:00:47 -0700] "HEAD /diguobak/index.php HTTP/1.1" 301 185 "http://secrepo.com/diguobak/index.php" "Mozilla/5.0 (compatible; Baiduspider/2.0; +http://www.baidu.com/search/spider.html" 
124.70.45.252 - - [03/May/2022:00:00:47 -0700] "GET /diguobak/index.php HTTP/1.1" 404 250 "http://secrepo.com/diguobak/index.php" "Mozilla/5.0 (compatible; Baiduspider/2.0; +http://www.baidu.com/search/spider.html" 
124.70.45.252 - - [03/May/2022:00:00:47 -0700] "HEAD /diguobf/index.php HTTP/1.1" 301 184 "http://secrepo.com/diguobf/index.php" "Mozilla/5.0 (compatible; Baiduspider/2.0; +http://www.baidu.com/search/spider.html" 
124.70.45.252 - - [03/May/2022:00:00:48 -0700] "GET /diguobf/index.php HTTP/1.1" 404 250 "http://secrepo.com/diguobf/index.php" "Mozilla/5.0 (compatible; Baiduspider/2.0; +http://www.baidu.com/search/spider.html" 
124.70.45.252 - - [03/May/2022:00:00:48 -0700] "HEAD /diguo/index.php HTTP/1.1" 301 182 "http://secrepo.com/diguo/index.php" "Mozilla/5.0 (compatible; Baiduspider/2.0; +http://www.baidu.com/search/spider.html" 
124.70.45.252 - - [03/May/2022:00:00:48 -0700] "GET /diguo/index.php HTTP/1.1" 404 250 "http://secrepo.com/diguo/index.php" "Mozilla/5.0 (compatible; Baiduspider/2.0; +http://www.baidu.com/search/spider.html" 
124.70.45.252 - - [03/May/2022:00:00:49 -0700] "HEAD /doyo.php?c=login HTTP/1.1" 301 183 "http://secrepo.com/doyo.php?c=login" "Mozilla/5.0 (compatible; Baiduspider/2.0; +http://www.baidu.com/search/spider.html" 
124.70.45.252 - - [03/May/2022:00:00:49 -0700] "GET /doyo.php?c=login HTTP/1.1" 404 250 "http://secrepo.com/doyo.php?c=login" "Mozilla/5.0 (compatible; Baiduspider/2.0; +http://www.baidu.com/search/spider.html" 
124.70.45.252 - - [03/May/2022:00:00:49 -0700] "HEAD /doyo.php?c=login HTTP/1.1" 301 183 "http://secrepo.com/doyo.php?c=login" "Mozilla/5.0 (compatible; Baiduspider/2.0; +http://www.baidu.com/search/spider.html" 
124.70.45.252 - - [03/May/2022:00:00:49 -0700] "GET /doyo.php?c=login HTTP/1.1" 404 250 "http://secrepo.com/doyo.php?c=login" "Mozilla/5.0 (compatible; Baiduspider/2.0; +http://www.baidu.com/search/spider.html" 
124.70.45.252 - - [03/May/2022:00:00:49 -0700] "HEAD /doyo.php?c=login HTTP/1.1" 301 183 "http://secrepo.com/doyo.php?c=login" "Mozilla/5.0 (compatible; Baiduspider/2.0; +http://www.baidu.com/search/spider.html" 
124.70.45.252 - - [03/May/2022:00:00:50 -0700] "GET /doyo.php?c=login HTTP/1.1" 404 250 "http://secrepo.com/doyo.php?c=login" "Mozilla/5.0 (compatible; Baiduspider/2.0; +http://www.baidu.com/search/spider.html" 
124.70.45.252 - - [03/May/2022:00:00:50 -0700] "HEAD /doyo.php?c=login HTTP/1.1" 301 183 "http://secrepo.com/doyo.php?c=login" "Mozilla/5.0 (compatible; Baiduspider/2.0; +http://www.baidu.com/search/spider.html" 
124.70.45.252 - - [03/May/2022:00:00:50 -0700] "GET /doyo.php?c=login HTTP/1.1" 404 250 "http://secrepo.com/doyo.php?c=login" "Mozilla/5.0 (compatible; Baiduspider/2.0; +http://www.baidu.com/search/spider.html" 
124.70.45.252 - - [03/May/2022:00:00:50 -0700] "HEAD /admin.php?r=admin/Login/index HTTP/1.1" 301 196 "http://secrepo.com/admin.php?r=admin/Login/index" "Mozilla/5.0 (compatible; Baiduspider/2.0; +http://www.baidu.com/search/spider.html" 
124.70.45.252 - - [03/May/2022:00:00:51 -0700] "GET /admin.php?r=admin/Login/index HTTP/1.1" 404 250 "http://secrepo.com/admin.php?r=admin/Login/index" "Mozilla/5.0 (compatible; Baiduspider/2.0; +http://www.baidu.com/search/spider.html" 
124.70.45.252 - - [03/May/2022:00:00:51 -0700] "HEAD /admin.php?r=admin/Login/index HTTP/1.1" 301 196 "http://secrepo.com/admin.php?r=admin/Login/index" "Mozilla/5.0 (compatible; Baiduspider/2.0; +http://www.baidu.com/search/spider.html" 
124.70.45.252 - - [03/May/2022:00:00:51 -0700] "GET /admin.php?r=admin/Login/index HTTP/1.1" 404 250 "http://secrepo.com/admin.php?r=admin/Login/index" "Mozilla/5.0 (compatible; Baiduspider/2.0; +http://www.baidu.com/search/spider.html" 
124.70.45.252 - - [03/May/2022:00:00:51 -0700] "HEAD /eb/index.php HTTP/1.1" 301 179 "http://secrepo.com/eb/index.php" "Mozilla/5.0 (compatible; Baiduspider/2.0; +http://www.baidu.com/search/spider.html" 
124.70.45.252 - - [03/May/2022:00:00:51 -0700] "GET /eb/index.php HTTP/1.1" 404 250 "http://secrepo.com/eb/index.php" "Mozilla/5.0 (compatible; Baiduspider/2.0; +http://www.baidu.com/search/spider.html" 
124.70.45.252 - - [03/May/2022:00:00:52 -0700] "HEAD /Ebak/index.php HTTP/1.1" 301 181 "http://secrepo.com/Ebak/index.php" "Mozilla/5.0 (compatible; Baiduspider/2.0; +http://www.baidu.com/search/spider.html" 
124.70.45.252 - - [03/May/2022:00:00:52 -0700] "GET /Ebak/index.php HTTP/1.1" 404 250 "http://secrepo.com/Ebak/index.php" "Mozilla/5.0 (compatible; Baiduspider/2.0; +http://www.baidu.com/search/spider.html" 
124.70.45.252 - - [03/May/2022:00:00:53 -0700] "HEAD /Ebak/index.php HTTP/1.1" 301 181 "http://secrepo.com/Ebak/index.php" "Mozilla/5.0 (compatible; Baiduspider/2.0; +http://www.baidu.com/search/spider.html" 
124.70.45.252 - - [03/May/2022:00:00:53 -0700] "GET /Ebak/index.php HTTP/1.1" 404 250 "http://secrepo.com/Ebak/index.php" "Mozilla/5.0 (compatible; Baiduspider/2.0; +http://www.baidu.com/search/spider.html" 
124.70.45.252 - - [03/May/2022:00:00:53 -0700] "HEAD /Ebak/index.php HTTP/1.1" 301 181 "http://secrepo.com/Ebak/index.php" "Mozilla/5.0 (compatible; Baiduspider/2.0; +http://www.baidu.com/search/spider.html" 
124.70.45.252 - - [03/May/2022:00:00:53 -0700] "GET /Ebak/index.php HTTP/1.1" 404 250 "http://secrepo.com/Ebak/index.php" "Mozilla/5.0 (compatible; Baiduspider/2.0; +http://www.baidu.com/search/spider.html" 
124.70.45.252 - - [03/May/2022:00:00:54 -0700] "HEAD /ebk/index.php HTTP/1.1" 301 180 "http://secrepo.com/ebk/index.php" "Mozilla/5.0 (compatible; Baiduspider/2.0; +http://www.baidu.com/search/spider.html" 
124.70.45.252 - - [03/May/2022:00:00:54 -0700] "GET /ebk/index.php HTTP/1.1" 404 250 "http://secrepo.com/ebk/index.php" "Mozilla/5.0 (compatible; Baiduspider/2.0; +http://www.baidu.com/search/spider.html" 
124.70.45.252 - - [03/May/2022:00:00:54 -0700] "HEAD /ebk/index.php HTTP/1.1" 301 180 "http://secrepo.com/ebk/index.php" "Mozilla/5.0 (compatible; Baiduspider/2.0; +http://www.baidu.com/search/spider.html" 
124.70.45.252 - - [03/May/2022:00:00:55 -0700] "GET /ebk/index.php HTTP/1.1" 404 250 "http://secrepo.com/ebk/index.php" "Mozilla/5.0 (compatible; Baiduspider/2.0; +http://www.baidu.com/search/spider.html" 
124.70.45.252 - - [03/May/2022:00:00:55 -0700] "HEAD /ebk/index.php HTTP/1.1" 301 180 "http://secrepo.com/ebk/index.php" "Mozilla/5.0 (compatible; Baiduspider/2.0; +http://www.baidu.com/search/spider.html" 
124.70.45.252 - - [03/May/2022:00:00:55 -0700] "GET /ebk/index.php HTTP/1.1" 404 250 "http://secrepo.com/ebk/index.php" "Mozilla/5.0 (compatible; Baiduspider/2.0; +http://www.baidu.com/search/spider.html" 
124.70.45.252 - - [03/May/2022:00:00:55 -0700] "HEAD /setpwd.php HTTP/1.1" 301 177 "http://secrepo.com/setpwd.php" "Mozilla/5.0 (compatible; Baiduspider/2.0; +http://www.baidu.com/search/spider.html" 
124.70.45.252 - - [03/May/2022:00:00:56 -0700] "GET /setpwd.php HTTP/1.1" 404 250 "http://secrepo.com/setpwd.php" "Mozilla/5.0 (compatible; Baiduspider/2.0; +http://www.baidu.com/search/spider.html" 
124.70.45.252 - - [03/May/2022:00:00:56 -0700] "HEAD /gongji.php/login HTTP/1.1" 301 183 "http://secrepo.com/gongji.php/login" "Mozilla/5.0 (compatible; Baiduspider/2.0; +http://www.baidu.com/search/spider.html" 
124.70.45.252 - - [03/May/2022:00:00:56 -0700] "GET /gongji.php/login HTTP/1.1" 404 250 "http://secrepo.com/gongji.php/login" "Mozilla/5.0 (compatible; Baiduspider/2.0; +http://www.baidu.com/search/spider.html" 
124.70.45.252 - - [03/May/2022:00:00:57 -0700] "HEAD /hehe/login.php?gotopage=%2Fhehe%2F HTTP/1.1" 301 201 "http://secrepo.com/hehe/login.php?gotopage=%2Fhehe%2F" "Mozilla/5.0 (compatible; Baiduspider/2.0; +http://www.baidu.com/search/spider.html" 
124.70.45.252 - - [03/May/2022:00:00:57 -0700] "GET /hehe/login.php?gotopage=%2Fhehe%2F HTTP/1.1" 404 250 "http://secrepo.com/hehe/login.php?gotopage=%2Fhehe%2F" "Mozilla/5.0 (compatible; Baiduspider/2.0; +http://www.baidu.com/search/spider.html" 
124.70.45.252 - - [03/May/2022:00:00:58 -0700] "HEAD /home/login.php HTTP/1.1" 301 181 "http://secrepo.com/home/login.php" "Mozilla/5.0 (compatible; Baiduspider/2.0; +http://www.baidu.com/search/spider.html" 
124.70.45.252 - - [03/May/2022:00:00:58 -0700] "GET /home/login.php HTTP/1.1" 404 250 "http://secrepo.com/home/login.php" "Mozilla/5.0 (compatible; Baiduspider/2.0; +http://www.baidu.com/search/spider.html" 
124.70.45.252 - - [03/May/2022:00:00:58 -0700] "HEAD /hxadmin/login.php?gotopage=%2Fhxadmin%2F HTTP/1.1" 301 207 "http://secrepo.com/hxadmin/login.php?gotopage=%2Fhxadmin%2F" "Mozilla/5.0 (compatible; Baiduspider/2.0; +http://www.baidu.com/search/spider.html" 
124.70.45.252 - - [03/May/2022:00:00:58 -0700] "GET /hxadmin/login.php?gotopage=%2Fhxadmin%2F HTTP/1.1" 404 250 "http://secrepo.com/hxadmin/login.php?gotopage=%2Fhxadmin%2F" "Mozilla/5.0 (compatible; Baiduspider/2.0; +http://www.baidu.com/search/spider.html" 
124.70.45.252 - - [03/May/2022:00:00:59 -0700] "HEAD /hxhanett/login.php?gotopage=%2Fhxhanett%2F HTTP/1.1" 301 209 "http://secrepo.com/hxhanett/login.php?gotopage=%2Fhxhanett%2F" "Mozilla/5.0 (compatible; Baiduspider/2.0; +http://www.baidu.com/search/spider.html" 
124.70.45.252 - - [03/May/2022:00:00:59 -0700] "GET /hxhanett/login.php?gotopage=%2Fhxhanett%2F HTTP/1.1" 404 250 "http://secrepo.com/hxhanett/login.php?gotopage=%2Fhxhanett%2F" "Mozilla/5.0 (compatible; Baiduspider/2.0; +http://www.baidu.com/search/spider.html" 
124.70.45.252 - - [03/May/2022:00:00:59 -0700] "HEAD /index.php?m=admin&c=index&a=login HTTP/1.1" 301 200 "http://secrepo.com/index.php?m=admin&c=index&a=login" "Mozilla/5.0 (compatible; Baiduspider/2.0; +http://www.baidu.com/search/spider.html" 
124.70.45.252 - - [03/May/2022:00:00:59 -0700] "GET /index.php?m=admin&c=index&a=login HTTP/1.1" 404 250 "http://secrepo.com/index.php?m=admin&c=index&a=login" "Mozilla/5.0 (compatible; Baiduspider/2.0; +http://www.baidu.com/search/spider.html" 
124.70.45.252 - - [03/May/2022:00:00:59 -0700] "HEAD /mbf/index.php HTTP/1.1" 301 180 "http://secrepo.com/mbf/index.php" "Mozilla/5.0 (compatible; Baiduspider/2.0; +http://www.baidu.com/search/spider.html" 
124.70.45.252 - - [03/May/2022:00:01:00 -0700] "GET /mbf/index.php HTTP/1.1" 404 250 "http://secrepo.com/mbf/index.php" "Mozilla/5.0 (compatible; Baiduspider/2.0; +http://www.baidu.com/search/spider.html" 
124.70.45.252 - - [03/May/2022:00:01:00 -0700] "HEAD /mdiguo/index.php HTTP/1.1" 301 183 "http://secrepo.com/mdiguo/index.php" "Mozilla/5.0 (compatible; Baiduspider/2.0; +http://www.baidu.com/search/spider.html" 
124.70.45.252 - - [03/May/2022:00:01:00 -0700] "GET /mdiguo/index.php HTTP/1.1" 404 250 "http://secrepo.com/mdiguo/index.php" "Mozilla/5.0 (compatible; Baiduspider/2.0; +http://www.baidu.com/search/spider.html" 
124.70.45.252 - - [03/May/2022:00:01:00 -0700] "HEAD /mybeifen/index.php HTTP/1.1" 301 185 "http://secrepo.com/mybeifen/index.php" "Mozilla/5.0 (compatible; Baiduspider/2.0; +http://www.baidu.com/search/spider.html" 
124.70.45.252 - - [03/May/2022:00:01:01 -0700] "GET /mybeifen/index.php HTTP/1.1" 404 250 "http://secrepo.com/mybeifen/index.php" "Mozilla/5.0 (compatible; Baiduspider/2.0; +http://www.baidu.com/search/spider.html" 
124.70.45.252 - - [03/May/2022:00:01:01 -0700] "HEAD /mysql/index.php HTTP/1.1" 301 182 "http://secrepo.com/mysql/index.php" "Mozilla/5.0 (compatible; Baiduspider/2.0; +http://www.baidu.com/search/spider.html" 
124.70.45.252 - - [03/May/2022:00:01:01 -0700] "GET /mysql/index.php HTTP/1.1" 404 250 "http://secrepo.com/mysql/index.php" "Mozilla/5.0 (compatible; Baiduspider/2.0; +http://www.baidu.com/search/spider.html" 
124.70.45.252 - - [03/May/2022:00:01:01 -0700] "HEAD /index.php/admin/login/index.html HTTP/1.1" 301 199 "http://secrepo.com/index.php/admin/login/index.html" "Mozilla/5.0 (compatible; Baiduspider/2.0; +http://www.baidu.com/search/spider.html" 
124.70.45.252 - - [03/May/2022:00:01:01 -0700] "GET /index.php/admin/login/index.html HTTP/1.1" 404 250 "http://secrepo.com/index.php/admin/login/index.html" "Mozilla/5.0 (compatible; Baiduspider/2.0; +http://www.baidu.com/search/spider.html" 
124.70.45.252 - - [03/May/2022:00:01:02 -0700] "HEAD /index.php?m=admin&c=index&a=login HTTP/1.1" 301 200 "http://secrepo.com/index.php?m=admin&c=index&a=login" "Mozilla/5.0 (compatible; Baiduspider/2.0; +http://www.baidu.com/search/spider.html" 
124.70.45.252 - - [03/May/2022:00:01:02 -0700] "GET /index.php?m=admin&c=index&a=login HTTP/1.1" 404 250 "http://secrepo.com/index.php?m=admin&c=index&a=login" "Mozilla/5.0 (compatible; Baiduspider/2.0; +http://www.baidu.com/search/spider.html" 
124.70.45.252 - - [03/May/2022:00:01:02 -0700] "HEAD /index.php?m=admin&c=index&a=login HTTP/1.1" 301 200 "http://secrepo.com/index.php?m=admin&c=index&a=login" "Mozilla/5.0 (compatible; Baiduspider/2.0; +http://www.baidu.com/search/spider.html" 
124.70.45.252 - - [03/May/2022:00:01:02 -0700] "GET /index.php?m=admin&c=index&a=login HTTP/1.1" 404 250 "http://secrepo.com/index.php?m=admin&c=index&a=login" "Mozilla/5.0 (compatible; Baiduspider/2.0; +http://www.baidu.com/search/spider.html" 
124.70.45.252 - - [03/May/2022:00:01:03 -0700] "HEAD /index.php?m=admin&c=index&a=login HTTP/1.1" 301 200 "http://secrepo.com/index.php?m=admin&c=index&a=login" "Mozilla/5.0 (compatible; Baiduspider/2.0; +http://www.baidu.com/search/spider.html" 
124.70.45.252 - - [03/May/2022:00:01:03 -0700] "GET /index.php?m=admin&c=index&a=login HTTP/1.1" 404 250 "http://secrepo.com/index.php?m=admin&c=index&a=login" "Mozilla/5.0 (compatible; Baiduspider/2.0; +http://www.baidu.com/search/spider.html" 
124.70.45.252 - - [03/May/2022:00:01:03 -0700] "HEAD /index.php?m=admin&c=index&a=login HTTP/1.1" 301 200 "http://secrepo.com/index.php?m=admin&c=index&a=login" "Mozilla/5.0 (compatible; Baiduspider/2.0; +http://www.baidu.com/search/spider.html" 
124.70.45.252 - - [03/May/2022:00:01:03 -0700] "GET /index.php?m=admin&c=index&a=login HTTP/1.1" 404 250 "http://secrepo.com/index.php?m=admin&c=index&a=login" "Mozilla/5.0 (compatible; Baiduspider/2.0; +http://www.baidu.com/search/spider.html" 
124.70.45.252 - - [03/May/2022:00:01:03 -0700] "HEAD /admin/login.php HTTP/1.1" 301 182 "http://secrepo.com/admin/login.php" "Mozilla/5.0 (compatible; Baiduspider/2.0; +http://www.baidu.com/search/spider.html" 
124.70.45.252 - - [03/May/2022:00:01:04 -0700] "GET /admin/login.php HTTP/1.1" 404 250 "http://secrepo.com/admin/login.php" "Mozilla/5.0 (compatible; Baiduspider/2.0; +http://www.baidu.com/search/spider.html" 
124.70.45.252 - - [03/May/2022:00:01:04 -0700] "HEAD /admin/login.php HTTP/1.1" 301 182 "http://secrepo.com/admin/login.php" "Mozilla/5.0 (compatible; Baiduspider/2.0; +http://www.baidu.com/search/spider.html" 
124.70.45.252 - - [03/May/2022:00:01:04 -0700] "GET /admin/login.php HTTP/1.1" 404 250 "http://secrepo.com/admin/login.php" "Mozilla/5.0 (compatible; Baiduspider/2.0; +http://www.baidu.com/search/spider.html" 
124.70.45.252 - - [03/May/2022:00:01:05 -0700] "HEAD /admin/login.php HTTP/1.1" 301 182 "http://secrepo.com/admin/login.php" "Mozilla/5.0 (compatible; Baiduspider/2.0; +http://www.baidu.com/search/spider.html" 
124.70.45.252 - - [03/May/2022:00:01:05 -0700] "GET /admin/login.php HTTP/1.1" 404 250 "http://secrepo.com/admin/login.php" "Mozilla/5.0 (compatible; Baiduspider/2.0; +http://www.baidu.com/search/spider.html" 
124.70.45.252 - - [03/May/2022:00:01:05 -0700] "HEAD /admin/login.php HTTP/1.1" 301 182 "http://secrepo.com/admin/login.php" "Mozilla/5.0 (compatible; Baiduspider/2.0; +http://www.baidu.com/search/spider.html" 
124.70.45.252 - - [03/May/2022:00:01:05 -0700] "GET /admin/login.php HTTP/1.1" 404 250 "http://secrepo.com/admin/login.php" "Mozilla/5.0 (compatible; Baiduspider/2.0; +http://www.baidu.com/search/spider.html" 
