101.67.49.185 - - [16/Nov/2023:12:53:53 -0800] "GET / HTTP/1.1" 200 13148 "https://quark.sm.cn/" "Mozilla/5.0 (iPhone; CPU iPhone OS 15_1_1 like Mac OS X; zh-CN) AppleWebKit/605.1.15 (KHTML, like Gecko) Mobile/19B81 UCBrowser/13.7.2.1636 Mobile AliApp(TUnionSDK/0.1.20.4) dv(iPh14,3);pr(UCBrowser/13.7.2.1636);ov(15_1_1);ss(428x926);bt(UC);pm(0);bv(0);nm(0);im(0);nt(2);" 
60.188.10.187 - - [16/Nov/2023:12:53:54 -0800] "GET /css/style.css HTTP/1.1" 404 291 "http://www.secrepo.com/" "Mozilla/5.0 (iPhone; CPU iPhone OS 15_1_1 like Mac OS X; zh-CN) AppleWebKit/605.1.15 (KHTML, like Gecko) Mobile/19B81 UCBrowser/13.7.2.1636 Mobile AliApp(TUnionSDK/0.1.20.4) dv(iPh14,3);pr(UCBrowser/13.7.2.1636);ov(15_1_1);ss(428x926);bt(UC);pm(0);bv(0);nm(0);im(0);nt(2);" 
107.20.105.74 - - [16/Nov/2023:12:56:40 -0800] "HEAD / HTTP/1.1" 301 186 "-" "DreamHost SiteMonitor 1.0" 
107.20.105.74 - - [16/Nov/2023:12:56:40 -0800] "HEAD / HTTP/1.1" 200 359 "http://66.33.221.139" "DreamHost SiteMonitor 1.0" 
202.63.172.78 - - [16/Nov/2023:12:58:25 -0800] "GET / HTTP/1.1" 200 13185 "-" "Mozilla/5.0 (Windows NT 10.0; Win64; x64) AppleWebKit/537.36 (KHTML, like Gecko) Chrome/97.0.4280.67 Safari/537.36 Edg/97.0.664.52" 
111.202.101.46 - - [16/Nov/2023:13:00:33 -0800] "GET / HTTP/1.1" 200 13148 "-" "Sogou web spider/4.0(+http://www.sogou.com/docs/help/webmasters.htm#07)" 
151.50.70.49 - - [16/Nov/2023:13:02:07 -0800] "GET / HTTP/1.1" 200 13185 "-" "Mozilla/5.0 (Windows NT 10.0; Win64; x64) AppleWebKit/537.36 (KHTML, like Gecko) Chrome/119.0.0.0 Safari/537.36 Edg/119.0.0.0" 
151.50.70.49 - - [16/Nov/2023:13:02:07 -0800] "GET /css/style.css HTTP/1.1" 404 305 "http://www.secrepo.com/" "Mozilla/5.0 (Windows NT 10.0; Win64; x64) AppleWebKit/537.36 (KHTML, like Gecko) Chrome/119.0.0.0 Safari/537.36 Edg/119.0.0.0" 
151.50.70.49 - - [16/Nov/2023:13:02:07 -0800] "GET /twitter-icon.png HTTP/1.1" 200 27916 "http://www.secrepo.com/" "Mozilla/5.0 (Windows NT 10.0; Win64; x64) AppleWebKit/537.36 (KHTML, like Gecko) Chrome/119.0.0.0 Safari/537.36 Edg/119.0.0.0" 
151.50.70.49 - - [16/Nov/2023:13:02:07 -0800] "GET /GitHub-Mark.png HTTP/1.1" 200 7533 "http://www.secrepo.com/" "Mozilla/5.0 (Windows NT 10.0; Win64; x64) AppleWebKit/537.36 (KHTML, like Gecko) Chrome/119.0.0.0 Safari/537.36 Edg/119.0.0.0" 
151.50.70.49 - - [16/Nov/2023:13:02:08 -0800] "GET /bootstrap/img/favicon.ico HTTP/1.1" 200 690 "http://www.secrepo.com/" "Mozilla/5.0 (Windows NT 10.0; Win64; x64) AppleWebKit/537.36 (KHTML, like Gecko) Chrome/119.0.0.0 Safari/537.36 Edg/119.0.0.0" 
107.20.105.74 - - [16/Nov/2023:13:06:40 -0800] "HEAD / HTTP/1.1" 301 186 "-" "DreamHost SiteMonitor 1.0" 
107.20.105.74 - - [16/Nov/2023:13:06:40 -0800] "HEAD / HTTP/1.1" 200 359 "http://66.33.221.139" "DreamHost SiteMonitor 1.0" 
114.119.153.15 - - [16/Nov/2023:13:07:11 -0800] "GET /self.logs/error.log.2020-08-12 HTTP/1.1" 200 351 "http://www.secrepo.com/self.logs?C=N%3BO%3DD" "Mozilla/5.0 (Linux; Android 7.0;) AppleWebKit/537.36 (KHTML, like Gecko) Mobile Safari/537.36 (compatible; PetalBot;+https://webmaster.petalsearch.com/site/petalbot)" 
27.150.191.103 - - [16/Nov/2023:13:13:26 -0800] "GET / HTTP/1.1" 200 13185 "-" "Mozilla/5.0 (Windows NT 10.0; Win64; x64) AppleWebKit/537.36 (KHTML, like Gecko) Chrome/76.0.3809.25 Safari/537.36" 
27.150.191.103 - - [16/Nov/2023:13:13:29 -0800] "GET / HTTP/1.1" 301 475 "-" "Mozilla/5.0 (Windows NT 10.0; Win64; x64) AppleWebKit/537.36 (KHTML, like Gecko) Chrome/76.0.3809.25 Safari/537.36" 
27.150.191.103 - - [16/Nov/2023:13:13:29 -0800] "GET / HTTP/1.1" 200 13162 "-" "Mozilla/5.0 (Windows NT 10.0; Win64; x64) AppleWebKit/537.36 (KHTML, like Gecko) Chrome/76.0.3809.25 Safari/537.36" 
27.150.191.103 - - [16/Nov/2023:13:13:29 -0800] "GET / HTTP/1.1" 200 13185 "-" "Mozilla/5.0 (Windows NT 10.0; Win64; x64) AppleWebKit/537.36 (KHTML, like Gecko) Chrome/76.0.3809.25 Safari/537.36" 
27.150.191.103 - - [16/Nov/2023:13:13:57 -0800] "GET /ajax.googleapis.com/ajax/libs/jquery/2.0.2/jquery.min.js HTTP/1.1" 404 328 "-" "Mozilla/5.0 (Windows NT 10.0; Win64; x64) AppleWebKit/537.36 (KHTML, like Gecko) Chrome/76.0.3809.25 Safari/537.36" 
27.150.191.103 - - [16/Nov/2023:13:13:57 -0800] "GET /netdna.bootstrapcdn.com/bootstrap/3.1.1/js/bootstrap.min.js HTTP/1.1" 404 0 "-" "Mozilla/5.0 (Windows NT 10.0; Win64; x64) AppleWebKit/537.36 (KHTML, like Gecko) Chrome/76.0.3809.25 Safari/537.36" 
27.150.191.103 - - [16/Nov/2023:13:13:57 -0800] "GET /netdna.bootstrapcdn.com/bootstrap/3.1.1/js/bootstrap.min.js HTTP/1.1" 404 0 "-" "Mozilla/5.0 (Windows NT 10.0; Win64; x64) AppleWebKit/537.36 (KHTML, like Gecko) Chrome/76.0.3809.25 Safari/537.36" 
27.150.191.103 - - [16/Nov/2023:13:13:57 -0800] "GET /www.google-analytics.com/analytics.js HTTP/1.1" 404 328 "-" "Mozilla/5.0 (Windows NT 10.0; Win64; x64) AppleWebKit/537.36 (KHTML, like Gecko) Chrome/76.0.3809.25 Safari/537.36" 
27.150.191.103 - - [16/Nov/2023:13:13:58 -0800] "GET /quantserve.com/quant.js HTTP/1.1" 404 305 "-" "Mozilla/5.0 (Windows NT 10.0; Win64; x64) AppleWebKit/537.36 (KHTML, like Gecko) Chrome/76.0.3809.25 Safari/537.36" 
27.150.191.103 - - [16/Nov/2023:13:14:00 -0800] "GET /ajax.googleapis.com/ajax/libs/jquery/2.0.2/jquery.min.js HTTP/1.1" 404 305 "-" "Mozilla/5.0 (Windows NT 10.0; Win64; x64) AppleWebKit/537.36 (KHTML, like Gecko) Chrome/76.0.3809.25 Safari/537.36" 
27.150.191.103 - - [16/Nov/2023:13:14:00 -0800] "GET /netdna.bootstrapcdn.com/bootstrap/3.1.1/js/bootstrap.min.js HTTP/1.1" 404 305 "-" "Mozilla/5.0 (Windows NT 10.0; Win64; x64) AppleWebKit/537.36 (KHTML, like Gecko) Chrome/76.0.3809.25 Safari/537.36" 
27.150.191.103 - - [16/Nov/2023:13:14:00 -0800] "GET /www.google-analytics.com/analytics.js HTTP/1.1" 404 305 "-" "Mozilla/5.0 (Windows NT 10.0; Win64; x64) AppleWebKit/537.36 (KHTML, like Gecko) Chrome/76.0.3809.25 Safari/537.36" 
27.150.191.103 - - [16/Nov/2023:13:14:00 -0800] "GET /quantserve.com/quant.js HTTP/1.1" 404 305 "-" "Mozilla/5.0 (Windows NT 10.0; Win64; x64) AppleWebKit/537.36 (KHTML, like Gecko) Chrome/76.0.3809.25 Safari/537.36" 
27.150.191.103 - - [16/Nov/2023:13:14:30 -0800] "GET /ajax.googleapis.com/ajax/libs/jquery/2.0.2/jquery.min.js HTTP/1.1" 301 587 "-" "Mozilla/5.0 (Windows NT 10.0; Win64; x64) AppleWebKit/537.36 (KHTML, like Gecko) Chrome/76.0.3809.25 Safari/537.36" 
27.150.191.103 - - [16/Nov/2023:13:14:31 -0800] "GET /ajax.googleapis.com/ajax/libs/jquery/2.0.2/jquery.min.js HTTP/1.1" 404 328 "-" "Mozilla/5.0 (Windows NT 10.0; Win64; x64) AppleWebKit/537.36 (KHTML, like Gecko) Chrome/76.0.3809.25 Safari/537.36" 
27.150.191.103 - - [16/Nov/2023:13:14:31 -0800] "GET /netdna.bootstrapcdn.com/bootstrap/3.1.1/js/bootstrap.min.js HTTP/1.1" 301 592 "-" "Mozilla/5.0 (Windows NT 10.0; Win64; x64) AppleWebKit/537.36 (KHTML, like Gecko) Chrome/76.0.3809.25 Safari/537.36" 
27.150.191.103 - - [16/Nov/2023:13:14:32 -0800] "GET /netdna.bootstrapcdn.com/bootstrap/3.1.1/js/bootstrap.min.js HTTP/1.1" 301 0 "-" "Mozilla/5.0 (Windows NT 10.0; Win64; x64) AppleWebKit/537.36 (KHTML, like Gecko) Chrome/76.0.3809.25 Safari/537.36" 
27.150.191.103 - - [16/Nov/2023:13:14:32 -0800] "GET /www.google-analytics.com/analytics.js HTTP/1.1" 301 549 "-" "Mozilla/5.0 (Windows NT 10.0; Win64; x64) AppleWebKit/537.36 (KHTML, like Gecko) Chrome/76.0.3809.25 Safari/537.36" 
27.150.191.103 - - [16/Nov/2023:13:14:32 -0800] "GET /www.google-analytics.com/analytics.js HTTP/1.1" 404 305 "-" "Mozilla/5.0 (Windows NT 10.0; Win64; x64) AppleWebKit/537.36 (KHTML, like Gecko) Chrome/76.0.3809.25 Safari/537.36" 
27.150.191.103 - - [16/Nov/2023:13:14:33 -0800] "GET /quantserve.com/quant.js HTTP/1.1" 301 520 "-" "Mozilla/5.0 (Windows NT 10.0; Win64; x64) AppleWebKit/537.36 (KHTML, like Gecko) Chrome/76.0.3809.25 Safari/537.36" 
27.150.191.103 - - [16/Nov/2023:13:14:33 -0800] "GET /quantserve.com/quant.js HTTP/1.1" 404 305 "-" "Mozilla/5.0 (Windows NT 10.0; Win64; x64) AppleWebKit/537.36 (KHTML, like Gecko) Chrome/76.0.3809.25 Safari/537.36" 
207.46.13.156 - - [16/Nov/2023:13:14:42 -0800] "GET /self.logs/access.log.2020-06-10.gz HTTP/1.1" 200 13120 "-" "Mozilla/5.0 AppleWebKit/537.36 (KHTML, like Gecko; compatible; bingbot/2.0; +http://www.bing.com/bingbot.htm) Chrome/116.0.1938.76 Safari/537.36" 
107.20.105.74 - - [16/Nov/2023:13:16:40 -0800] "HEAD / HTTP/1.1" 301 186 "-" "DreamHost SiteMonitor 1.0" 
107.20.105.74 - - [16/Nov/2023:13:16:40 -0800] "HEAD / HTTP/1.1" 200 359 "http://66.33.221.139" "DreamHost SiteMonitor 1.0" 
165.154.63.121 - - [16/Nov/2023:13:18:44 -0800] "GET / HTTP/1.1" 200 13185 "-" "Mozilla/5.0 (Windows NT 10.0; Win64; x64) AppleWebKit/537.36 (KHTML, like Gecko) Chrome/97.0.4280.67 Safari/537.36 Edg/97.0.664.52" 
121.22.243.157 - - [16/Nov/2023:13:20:31 -0800] "GET / HTTP/1.1" 200 13185 "-" "Mozilla/5.0 (Windows NT 10.0; Win64; x64) AppleWebKit/537.36 (KHTML, like Gecko) Chrome/97.0.4280.67 Safari/537.36 Edg/97.0.664.52" 
107.20.105.74 - - [16/Nov/2023:13:26:40 -0800] "HEAD / HTTP/1.1" 301 186 "-" "DreamHost SiteMonitor 1.0" 
107.20.105.74 - - [16/Nov/2023:13:26:40 -0800] "HEAD / HTTP/1.1" 200 359 "http://66.33.221.139" "DreamHost SiteMonitor 1.0" 
107.20.105.74 - - [16/Nov/2023:13:36:40 -0800] "HEAD / HTTP/1.1" 301 186 "-" "DreamHost SiteMonitor 1.0" 
107.20.105.74 - - [16/Nov/2023:13:36:40 -0800] "HEAD / HTTP/1.1" 200 359 "http://66.33.221.139" "DreamHost SiteMonitor 1.0" 
52.167.144.218 - - [16/Nov/2023:13:37:19 -0800] "GET /self.logs/access.log.2023-08-28.gz HTTP/1.1" 200 11320 "-" "Mozilla/5.0 AppleWebKit/537.36 (KHTML, like Gecko; compatible; bingbot/2.0; +http://www.bing.com/bingbot.htm) Chrome/116.0.1938.76 Safari/537.36" 
103.24.219.74 - - [16/Nov/2023:13:43:34 -0800] "GET /public/static/admin/lib/webuploader/server/preview.php HTTP/1.1" 404 328 "-" "Mozilla/5.0 (Windows NT 10.0; WOW64; rv:48.0) Gecko/20100101 Firefox/48.0" 
107.20.105.74 - - [16/Nov/2023:13:46:40 -0800] "HEAD / HTTP/1.1" 301 186 "-" "DreamHost SiteMonitor 1.0" 
107.20.105.74 - - [16/Nov/2023:13:46:40 -0800] "HEAD / HTTP/1.1" 200 359 "http://66.33.221.139" "DreamHost SiteMonitor 1.0" 
157.55.39.15 - - [16/Nov/2023:13:51:54 -0800] "GET /self.logs/access.log.2023-04-23.gz HTTP/1.1" 200 9897 "-" "Mozilla/5.0 AppleWebKit/537.36 (KHTML, like Gecko; compatible; bingbot/2.0; +http://www.bing.com/bingbot.htm) Chrome/116.0.1938.76 Safari/537.36" 
107.20.105.74 - - [16/Nov/2023:13:56:40 -0800] "HEAD / HTTP/1.1" 301 186 "-" "DreamHost SiteMonitor 1.0" 
107.20.105.74 - - [16/Nov/2023:13:56:40 -0800] "HEAD / HTTP/1.1" 200 359 "http://66.33.221.139" "DreamHost SiteMonitor 1.0" 
66.249.64.108 - - [16/Nov/2023:14:02:42 -0800] "GET / HTTP/1.1" 200 13185 "-" "Mozilla/5.0 (compatible; Googlebot/2.1; +http://www.google.com/bot.html)" 
66.249.64.106 - - [16/Nov/2023:14:02:44 -0800] "GET /css/style.css HTTP/1.1" 404 328 "http://www.secrepo.com/" "Mozilla/5.0 AppleWebKit/537.36 (KHTML, like Gecko; compatible; Googlebot/2.1; +http://www.google.com/bot.html) Chrome/119.0.6045.123 Safari/537.36" 
107.20.105.74 - - [16/Nov/2023:14:06:40 -0800] "HEAD / HTTP/1.1" 301 186 "-" "DreamHost SiteMonitor 1.0" 
107.20.105.74 - - [16/Nov/2023:14:06:40 -0800] "HEAD / HTTP/1.1" 200 359 "http://66.33.221.139" "DreamHost SiteMonitor 1.0" 
207.46.13.125 - - [16/Nov/2023:14:07:54 -0800] "GET /auth.log/auth.log.gz HTTP/1.1" 304 237 "-" "Mozilla/5.0 AppleWebKit/537.36 (KHTML, like Gecko; compatible; bingbot/2.0; +http://www.bing.com/bingbot.htm) Chrome/116.0.1938.76 Safari/537.36" 
84.229.6.71 - - [16/Nov/2023:14:10:13 -0800] "GET / HTTP/1.1" 200 13185 "-" "Mozilla/5.0 (iPhone; CPU iPhone OS 17_0_3 like Mac OS X) AppleWebKit/605.1.15 (KHTML, like Gecko) Version/17.0.1 Mobile/15E148 Safari/604.1" 
84.229.6.71 - - [16/Nov/2023:14:10:13 -0800] "GET /twitter-icon.png HTTP/1.1" 200 27893 "http://www.secrepo.com/" "Mozilla/5.0 (iPhone; CPU iPhone OS 17_0_3 like Mac OS X) AppleWebKit/605.1.15 (KHTML, like Gecko) Version/17.0.1 Mobile/15E148 Safari/604.1" 
84.229.6.71 - - [16/Nov/2023:14:10:13 -0800] "GET /css/style.css HTTP/1.1" 404 328 "http://www.secrepo.com/" "Mozilla/5.0 (iPhone; CPU iPhone OS 17_0_3 like Mac OS X) AppleWebKit/605.1.15 (KHTML, like Gecko) Version/17.0.1 Mobile/15E148 Safari/604.1" 
84.229.6.71 - - [16/Nov/2023:14:10:13 -0800] "GET /GitHub-Mark.png HTTP/1.1" 200 7533 "http://www.secrepo.com/" "Mozilla/5.0 (iPhone; CPU iPhone OS 17_0_3 like Mac OS X) AppleWebKit/605.1.15 (KHTML, like Gecko) Version/17.0.1 Mobile/15E148 Safari/604.1" 
66.249.70.64 - - [16/Nov/2023:14:15:00 -0800] "GET / HTTP/1.1" 301 475 "-" "Mozilla/5.0 (compatible; Googlebot/2.1; +http://www.google.com/bot.html)" 
66.249.64.107 - - [16/Nov/2023:14:15:01 -0800] "GET / HTTP/1.1" 200 13185 "-" "Mozilla/5.0 (compatible; Googlebot/2.1; +http://www.google.com/bot.html)" 
66.249.64.108 - - [16/Nov/2023:14:15:03 -0800] "GET /css/style.css HTTP/1.1" 404 328 "http://www.secrepo.com/" "Mozilla/5.0 AppleWebKit/537.36 (KHTML, like Gecko; compatible; Googlebot/2.1; +http://www.google.com/bot.html) Chrome/119.0.6045.105 Safari/537.36" 
107.20.105.74 - - [16/Nov/2023:14:16:40 -0800] "HEAD / HTTP/1.1" 301 186 "-" "DreamHost SiteMonitor 1.0" 
107.20.105.74 - - [16/Nov/2023:14:16:40 -0800] "HEAD / HTTP/1.1" 200 359 "http://66.33.221.139" "DreamHost SiteMonitor 1.0" 
40.77.167.8 - - [16/Nov/2023:14:22:44 -0800] "GET /self.logs/access.log.2017-08-23.gz HTTP/1.1" 200 21163 "-" "Mozilla/5.0 AppleWebKit/537.36 (KHTML, like Gecko; compatible; bingbot/2.0; +http://www.bing.com/bingbot.htm) Chrome/116.0.1938.76 Safari/537.36" 
107.20.105.74 - - [16/Nov/2023:14:26:40 -0800] "HEAD / HTTP/1.1" 301 186 "-" "DreamHost SiteMonitor 1.0" 
107.20.105.74 - - [16/Nov/2023:14:26:40 -0800] "HEAD / HTTP/1.1" 200 359 "http://66.33.221.139" "DreamHost SiteMonitor 1.0" 
107.20.105.74 - - [16/Nov/2023:14:36:40 -0800] "HEAD / HTTP/1.1" 301 186 "-" "DreamHost SiteMonitor 1.0" 
107.20.105.74 - - [16/Nov/2023:14:36:40 -0800] "HEAD / HTTP/1.1" 200 359 "http://66.33.221.139" "DreamHost SiteMonitor 1.0" 
111.202.101.140 - - [16/Nov/2023:14:43:36 -0800] "GET / HTTP/1.1" 200 13148 "-" "Sogou web spider/4.0(+http://www.sogou.com/docs/help/webmasters.htm#07)" 
107.20.105.74 - - [16/Nov/2023:14:46:40 -0800] "HEAD / HTTP/1.1" 301 186 "-" "DreamHost SiteMonitor 1.0" 
107.20.105.74 - - [16/Nov/2023:14:46:40 -0800] "HEAD / HTTP/1.1" 200 359 "http://66.33.221.139" "DreamHost SiteMonitor 1.0" 
40.77.167.32 - - [16/Nov/2023:14:47:04 -0800] "GET /self.logs/access.log.2017-11-21.gz HTTP/1.1" 200 42987 "-" "Mozilla/5.0 AppleWebKit/537.36 (KHTML, like Gecko; compatible; bingbot/2.0; +http://www.bing.com/bingbot.htm) Chrome/116.0.1938.76 Safari/537.36" 
51.222.253.5 - - [16/Nov/2023:14:48:09 -0800] "GET /Datasets%20Description/HTML_Bro_log_3/ssl.html HTTP/1.1" 200 1830 "-" "Mozilla/5.0 (compatible; AhrefsBot/7.0; +http://ahrefs.com/robot/)" 
157.55.39.205 - - [16/Nov/2023:14:52:23 -0800] "GET /self.logs/access.log.2020-05-25.gz HTTP/1.1" 200 12186 "-" "Mozilla/5.0 AppleWebKit/537.36 (KHTML, like Gecko; compatible; bingbot/2.0; +http://www.bing.com/bingbot.htm) Chrome/116.0.1938.76 Safari/537.36" 
107.20.105.74 - - [16/Nov/2023:14:56:40 -0800] "HEAD / HTTP/1.1" 301 186 "-" "DreamHost SiteMonitor 1.0" 
107.20.105.74 - - [16/Nov/2023:14:56:40 -0800] "HEAD / HTTP/1.1" 200 359 "http://66.33.221.139" "DreamHost SiteMonitor 1.0" 
66.249.64.107 - - [16/Nov/2023:15:00:12 -0800] "HEAD /Datasets%20Description/P HTTP/1.1" 404 309 "-" "Mozilla/5.0 (compatible; Googlebot/2.1; +http://www.google.com/bot.html)" 
216.244.66.245 - - [16/Nov/2023:15:02:39 -0800] "GET /robots.txt HTTP/1.1" 301 439 "-" "Mozilla/5.0 (compatible; DotBot/1.2; +https://opensiteexplorer.org/dotbot; help@moz.com)" 
216.244.66.245 - - [16/Nov/2023:15:02:40 -0800] "GET /robots.txt HTTP/1.1" 200 333 "-" "Mozilla/5.0 (compatible; DotBot/1.2; +https://opensiteexplorer.org/dotbot; help@moz.com)" 
144.64.242.247 - - [16/Nov/2023:15:03:26 -0800] "GET / HTTP/1.1" 200 13184 "-" "Mozilla/5.0 (iPhone; CPU iPhone OS 15_1 like Mac OS X) AppleWebKit/605.1.15 (KHTML, like Gecko) Version/15.1 Mobile/15E148 Safari/604.1" 
107.20.105.74 - - [16/Nov/2023:15:06:40 -0800] "HEAD / HTTP/1.1" 301 186 "-" "DreamHost SiteMonitor 1.0" 
107.20.105.74 - - [16/Nov/2023:15:06:40 -0800] "HEAD / HTTP/1.1" 200 359 "http://66.33.221.139" "DreamHost SiteMonitor 1.0" 
3.88.225.145 - - [16/Nov/2023:15:07:45 -0800] "GET / HTTP/1.1" 200 13184 "-" "Iframely/1.3.1 (+https://iframely.com/docs/about) Atlassian" 
107.20.105.74 - - [16/Nov/2023:15:16:40 -0800] "HEAD / HTTP/1.1" 301 186 "-" "DreamHost SiteMonitor 1.0" 
107.20.105.74 - - [16/Nov/2023:15:16:40 -0800] "HEAD / HTTP/1.1" 200 359 "http://66.33.221.139" "DreamHost SiteMonitor 1.0" 
114.119.131.180 - - [16/Nov/2023:15:20:08 -0800] "GET /Datasets%20Description/HTML_Bro_log_2/ssl.html HTTP/1.1" 200 1860 "http://www.secrepo.com/Datasets%20Description/HTML_Bro_log_2" "Mozilla/5.0 (Linux; Android 7.0;) AppleWebKit/537.36 (KHTML, like Gecko) Mobile Safari/537.36 (compatible; PetalBot;+https://webmaster.petalsearch.com/site/petalbot)" 
123.126.50.21 - - [16/Nov/2023:15:26:33 -0800] "GET / HTTP/1.1" 200 13146 "-" "Sogou web spider/4.0(+http://www.sogou.com/docs/help/webmasters.htm#07)" 
107.20.105.74 - - [16/Nov/2023:15:26:40 -0800] "HEAD / HTTP/1.1" 301 186 "-" "DreamHost SiteMonitor 1.0" 
107.20.105.74 - - [16/Nov/2023:15:26:40 -0800] "HEAD / HTTP/1.1" 200 359 "http://66.33.221.139" "DreamHost SiteMonitor 1.0" 
107.20.105.74 - - [16/Nov/2023:15:36:40 -0800] "HEAD / HTTP/1.1" 301 186 "-" "DreamHost SiteMonitor 1.0" 
107.20.105.74 - - [16/Nov/2023:15:36:40 -0800] "HEAD / HTTP/1.1" 200 359 "http://66.33.221.139" "DreamHost SiteMonitor 1.0" 
114.119.157.124 - - [16/Nov/2023:15:44:34 -0800] "GET /self.logs/error.log.2020-11-12 HTTP/1.1" 200 351 "http://www.secrepo.com/self.logs?C=N%3BO%3DD" "Mozilla/5.0 (Linux; Android 7.0;) AppleWebKit/537.36 (KHTML, like Gecko) Mobile Safari/537.36 (compatible; PetalBot;+https://webmaster.petalsearch.com/site/petalbot)" 
107.20.105.74 - - [16/Nov/2023:15:46:40 -0800] "HEAD / HTTP/1.1" 301 186 "-" "DreamHost SiteMonitor 1.0" 
107.20.105.74 - - [16/Nov/2023:15:46:40 -0800] "HEAD / HTTP/1.1" 200 359 "http://66.33.221.139" "DreamHost SiteMonitor 1.0" 
107.20.105.74 - - [16/Nov/2023:15:56:40 -0800] "HEAD / HTTP/1.1" 301 186 "-" "DreamHost SiteMonitor 1.0" 
107.20.105.74 - - [16/Nov/2023:15:56:40 -0800] "HEAD / HTTP/1.1" 200 359 "http://66.33.221.139" "DreamHost SiteMonitor 1.0" 
107.20.105.74 - - [16/Nov/2023:16:06:40 -0800] "HEAD / HTTP/1.1" 301 186 "-" "DreamHost SiteMonitor 1.0" 
107.20.105.74 - - [16/Nov/2023:16:06:40 -0800] "HEAD / HTTP/1.1" 200 359 "http://66.33.221.139" "DreamHost SiteMonitor 1.0" 
114.119.154.65 - - [16/Nov/2023:16:10:51 -0800] "GET /self.logs?C=S%3BO%3DA HTTP/1.1" 301 587 "https://www.secrepo.com/self.logs" "Mozilla/5.0 (Linux; Android 7.0;) AppleWebKit/537.36 (KHTML, like Gecko) Mobile Safari/537.36 (compatible; PetalBot;+https://webmaster.petalsearch.com/site/petalbot)" 
114.119.154.65 - - [16/Nov/2023:16:10:54 -0800] "GET /self.logs/?C=S%3BO%3DA HTTP/1.1" 200 46439 "https://www.secrepo.com/self.logs" "Mozilla/5.0 (Linux; Android 7.0;) AppleWebKit/537.36 (KHTML, like Gecko) Mobile Safari/537.36 (compatible; PetalBot;+https://webmaster.petalsearch.com/site/petalbot)" 
114.119.129.74 - - [16/Nov/2023:16:12:24 -0800] "GET /self.logs/error.log.2020-11-14 HTTP/1.1" 200 351 "http://www.secrepo.com/self.logs?C=N%3BO%3DD" "Mozilla/5.0 (Linux; Android 7.0;) AppleWebKit/537.36 (KHTML, like Gecko) Mobile Safari/537.36 (compatible; PetalBot;+https://webmaster.petalsearch.com/site/petalbot)" 
114.119.158.126 - - [16/Nov/2023:16:14:09 -0800] "GET /self.logs/error.log.2020-08-11 HTTP/1.1" 200 351 "http://www.secrepo.com/self.logs?C=N%3BO%3DD" "Mozilla/5.0 (Linux; Android 7.0;) AppleWebKit/537.36 (KHTML, like Gecko) Mobile Safari/537.36 (compatible; PetalBot;+https://webmaster.petalsearch.com/site/petalbot)" 
96.55.245.133 - - [16/Nov/2023:16:14:18 -0800] "GET / HTTP/1.1" 200 13183 "-" "Mozilla/5.0 (Macintosh; Intel Mac OS X 10_15_7) AppleWebKit/605.1.15 (KHTML, like Gecko)" 
96.55.245.133 - - [16/Nov/2023:16:14:18 -0800] "GET /bootstrap/img/favicon.ico HTTP/1.1" 200 713 "-" "Safari/19616.1.27.211.1 CFNetwork/1474.1 Darwin/23.0.0" 
114.119.154.67 - - [16/Nov/2023:16:15:15 -0800] "GET /self.logs/error.log.2020-07-14 HTTP/1.1" 200 351 "http://www.secrepo.com/self.logs?C=N%3BO%3DD" "Mozilla/5.0 (Linux; Android 7.0;) AppleWebKit/537.36 (KHTML, like Gecko) Mobile Safari/537.36 (compatible; PetalBot;+https://webmaster.petalsearch.com/site/petalbot)" 
217.113.194.20 - - [16/Nov/2023:16:15:23 -0800] "GET /robots.txt HTTP/1.1" 200 340 "-" "Mozilla/5.0 (compatible; Barkrowler/0.9; +https://babbar.tech/crawler)" 
217.113.194.46 - - [16/Nov/2023:16:15:42 -0800] "GET / HTTP/1.1" 200 13146 "-" "Mozilla/5.0 (compatible; Barkrowler/0.9; +https://babbar.tech/crawler)" 
217.113.194.36 - - [16/Nov/2023:16:15:54 -0800] "GET /self.logs/?C=D;O=A HTTP/1.1" 200 46425 "-" "Mozilla/5.0 (compatible; Barkrowler/0.9; +https://babbar.tech/crawler)" 
107.20.105.74 - - [16/Nov/2023:16:16:40 -0800] "HEAD / HTTP/1.1" 301 186 "-" "DreamHost SiteMonitor 1.0" 
107.20.105.74 - - [16/Nov/2023:16:16:40 -0800] "HEAD / HTTP/1.1" 200 359 "http://66.33.221.139" "DreamHost SiteMonitor 1.0" 
107.20.105.74 - - [16/Nov/2023:16:26:40 -0800] "HEAD / HTTP/1.1" 301 186 "-" "DreamHost SiteMonitor 1.0" 
107.20.105.74 - - [16/Nov/2023:16:26:40 -0800] "HEAD / HTTP/1.1" 200 359 "http://66.33.221.139" "DreamHost SiteMonitor 1.0" 
17.241.227.190 - - [16/Nov/2023:16:34:46 -0800] "GET /Datasets%20Description/Network/tunnel.html HTTP/1.1" 200 1426 "-" "Mozilla/5.0 (Macintosh; Intel Mac OS X 10_15_5) AppleWebKit/605.1.15 (KHTML, like Gecko) Version/13.1.1 Safari/605.1.15 (Applebot/0.1; +http://www.apple.com/go/applebot)" 
107.20.105.74 - - [16/Nov/2023:16:36:40 -0800] "HEAD / HTTP/1.1" 301 186 "-" "DreamHost SiteMonitor 1.0" 
107.20.105.74 - - [16/Nov/2023:16:36:40 -0800] "HEAD / HTTP/1.1" 200 359 "http://66.33.221.139" "DreamHost SiteMonitor 1.0" 
107.20.105.74 - - [16/Nov/2023:16:46:40 -0800] "HEAD / HTTP/1.1" 301 186 "-" "DreamHost SiteMonitor 1.0" 
107.20.105.74 - - [16/Nov/2023:16:46:40 -0800] "HEAD / HTTP/1.1" 200 359 "http://66.33.221.139" "DreamHost SiteMonitor 1.0" 
17.241.75.161 - - [16/Nov/2023:16:53:17 -0800] "GET /Datasets%20Description/Network/ssl.html HTTP/1.1" 200 1541 "-" "Mozilla/5.0 (Macintosh; Intel Mac OS X 10_15_5) AppleWebKit/605.1.15 (KHTML, like Gecko) Version/13.1.1 Safari/605.1.15 (Applebot/0.1; +http://www.apple.com/go/applebot)" 
107.20.105.74 - - [16/Nov/2023:16:56:40 -0800] "HEAD / HTTP/1.1" 301 186 "-" "DreamHost SiteMonitor 1.0" 
107.20.105.74 - - [16/Nov/2023:16:56:40 -0800] "HEAD / HTTP/1.1" 200 359 "http://66.33.221.139" "DreamHost SiteMonitor 1.0" 
34.102.74.149 - - [16/Nov/2023:16:59:41 -0800] "GET /robots.txt HTTP/1.1" 200 377 "-" "Mozilla/5.0 (compatible; Lucidworks-SPLKExt_v2/0.10; +; )" 
104.28.62.24 - - [16/Nov/2023:17:06:01 -0800] "GET / HTTP/1.1" 200 13184 "-" "Mozilla/5.0 (iPhone; CPU iPhone OS 16_7 like Mac OS X) AppleWebKit/605.1.15 (KHTML, like Gecko) Version/16.6 Mobile/15E148 Safari/604.1" 
104.28.62.24 - - [16/Nov/2023:17:06:01 -0800] "GET /css/style.css HTTP/1.1" 404 328 "http://www.secrepo.com/" "Mozilla/5.0 (iPhone; CPU iPhone OS 16_7 like Mac OS X) AppleWebKit/605.1.15 (KHTML, like Gecko) Version/16.6 Mobile/15E148 Safari/604.1" 
104.28.62.24 - - [16/Nov/2023:17:06:01 -0800] "GET /twitter-icon.png HTTP/1.1" 200 27893 "http://www.secrepo.com/" "Mozilla/5.0 (iPhone; CPU iPhone OS 16_7 like Mac OS X) AppleWebKit/605.1.15 (KHTML, like Gecko) Version/16.6 Mobile/15E148 Safari/604.1" 
104.28.62.24 - - [16/Nov/2023:17:06:01 -0800] "GET /GitHub-Mark.png HTTP/1.1" 200 7533 "http://www.secrepo.com/" "Mozilla/5.0 (iPhone; CPU iPhone OS 16_7 like Mac OS X) AppleWebKit/605.1.15 (KHTML, like Gecko) Version/16.6 Mobile/15E148 Safari/604.1" 
104.28.62.24 - - [16/Nov/2023:17:06:02 -0800] "GET /bootstrap/img/favicon.ico HTTP/1.1" 200 690 "http://www.secrepo.com/" "Mozilla/5.0 (iPhone; CPU iPhone OS 16_7 like Mac OS X) AppleWebKit/605.1.15 (KHTML, like Gecko) Version/16.6 Mobile/15E148 Safari/604.1" 
107.20.105.74 - - [16/Nov/2023:17:06:40 -0800] "HEAD / HTTP/1.1" 301 186 "-" "DreamHost SiteMonitor 1.0" 
107.20.105.74 - - [16/Nov/2023:17:06:40 -0800] "HEAD / HTTP/1.1" 200 359 "http://66.33.221.139" "DreamHost SiteMonitor 1.0" 
114.119.130.27 - - [16/Nov/2023:17:08:37 -0800] "GET /self.logs/error.log.2020-07-24 HTTP/1.1" 200 351 "http://www.secrepo.com/self.logs?C=N%3BO%3DD" "Mozilla/5.0 (Linux; Android 7.0;) AppleWebKit/537.36 (KHTML, like Gecko) Mobile Safari/537.36 (compatible; PetalBot;+https://webmaster.petalsearch.com/site/petalbot)" 
52.167.144.222 - - [16/Nov/2023:17:14:44 -0800] "GET /self.logs/access.log.2019-09-21.gz HTTP/1.1" 200 25256 "-" "Mozilla/5.0 AppleWebKit/537.36 (KHTML, like Gecko; compatible; bingbot/2.0; +http://www.bing.com/bingbot.htm) Chrome/116.0.1938.76 Safari/537.36" 
107.20.105.74 - - [16/Nov/2023:17:16:40 -0800] "HEAD / HTTP/1.1" 301 186 "-" "DreamHost SiteMonitor 1.0" 
107.20.105.74 - - [16/Nov/2023:17:16:40 -0800] "HEAD / HTTP/1.1" 200 359 "http://66.33.221.139" "DreamHost SiteMonitor 1.0" 
216.244.66.245 - - [16/Nov/2023:17:19:05 -0800] "GET /robots.txt HTTP/1.1" 301 439 "-" "Mozilla/5.0 (compatible; DotBot/1.2; +https://opensiteexplorer.org/dotbot; help@moz.com)" 
216.244.66.245 - - [16/Nov/2023:17:19:05 -0800] "GET /robots.txt HTTP/1.1" 200 333 "-" "Mozilla/5.0 (compatible; DotBot/1.2; +https://opensiteexplorer.org/dotbot; help@moz.com)" 
15.204.182.106 - - [16/Nov/2023:17:24:04 -0800] "GET / HTTP/1.1" 301 419 "-" "Mozilla/5.0 (Macintosh; Intel Mac OS X 10_15_7) AppleWebKit/537.36 (KHTML, like Gecko) Chrome/113.0.0.0 Safari/537.36" 
15.204.182.106 - - [16/Nov/2023:17:24:14 -0800] "GET / HTTP/1.1" 429 431 "http://secrepo.com/" "Mozilla/5.0 (Macintosh; Intel Mac OS X 10_15_7) AppleWebKit/537.36 (KHTML, like Gecko) Chrome/113.0.0.0 Safari/537.36" 
107.20.105.74 - - [16/Nov/2023:17:26:40 -0800] "HEAD / HTTP/1.1" 301 186 "-" "DreamHost SiteMonitor 1.0" 
107.20.105.74 - - [16/Nov/2023:17:26:40 -0800] "HEAD / HTTP/1.1" 200 359 "http://66.33.221.139" "DreamHost SiteMonitor 1.0" 
107.20.105.74 - - [16/Nov/2023:17:36:40 -0800] "HEAD / HTTP/1.1" 301 186 "-" "DreamHost SiteMonitor 1.0" 
107.20.105.74 - - [16/Nov/2023:17:36:40 -0800] "HEAD / HTTP/1.1" 200 359 "http://66.33.221.139" "DreamHost SiteMonitor 1.0" 
15.204.182.106 - - [16/Nov/2023:17:37:41 -0800] "GET / HTTP/1.1" 429 431 "-" "Mozilla/5.0 (Macintosh; Intel Mac OS X 10_15_7) AppleWebKit/537.36 (KHTML, like Gecko) Chrome/113.0.0.0 Safari/537.36" 
40.77.167.8 - - [16/Nov/2023:17:44:18 -0800] "GET /self.logs/2016/access.log.2016-12-25.gz HTTP/1.1" 200 8700 "-" "Mozilla/5.0 AppleWebKit/537.36 (KHTML, like Gecko; compatible; bingbot/2.0; +http://www.bing.com/bingbot.htm) Chrome/116.0.1938.76 Safari/537.36" 
114.119.143.207 - - [16/Nov/2023:17:45:31 -0800] "GET /self.logs/error.log.2020-09-03 HTTP/1.1" 200 351 "http://www.secrepo.com/self.logs?C=N%3BO%3DD" "Mozilla/5.0 (Linux; Android 7.0;) AppleWebKit/537.36 (KHTML, like Gecko) Mobile Safari/537.36 (compatible; PetalBot;+https://webmaster.petalsearch.com/site/petalbot)" 
107.20.105.74 - - [16/Nov/2023:17:46:40 -0800] "HEAD / HTTP/1.1" 301 186 "-" "DreamHost SiteMonitor 1.0" 
107.20.105.74 - - [16/Nov/2023:17:46:40 -0800] "HEAD / HTTP/1.1" 200 359 "http://66.33.221.139" "DreamHost SiteMonitor 1.0" 
51.222.253.11 - - [16/Nov/2023:17:48:30 -0800] "GET /self.logs/ HTTP/1.1" 200 46418 "-" "Mozilla/5.0 (compatible; AhrefsBot/7.0; +http://ahrefs.com/robot/)" 
66.249.64.106 - - [16/Nov/2023:17:52:37 -0800] "GET /Datasets%20Description/HTML_Bro_log_2/dpd.html HTTP/1.1" 200 1655 "-" "Mozilla/5.0 (Linux; Android 6.0.1; Nexus 5X Build/MMB29P) AppleWebKit/537.36 (KHTML, like Gecko) Chrome/119.0.6045.123 Mobile Safari/537.36 (compatible; Googlebot/2.1; +http://www.google.com/bot.html)" 
107.20.105.74 - - [16/Nov/2023:17:56:40 -0800] "HEAD / HTTP/1.1" 301 186 "-" "DreamHost SiteMonitor 1.0" 
107.20.105.74 - - [16/Nov/2023:17:56:40 -0800] "HEAD / HTTP/1.1" 200 359 "http://66.33.221.139" "DreamHost SiteMonitor 1.0" 
135.181.141.56 - - [16/Nov/2023:18:00:08 -0800] "GET /maccdc2012/,%E2%80%9CMaccdc2012snort HTTP/1.1" 404 328 "-" "Mozilla/5.0 (Macintosh; Intel Mac OS X 10_15_7) AppleWebKit/605.1.15 (KHTML, like Gecko) Version/16.5.2 Safari/605.1.15" 
54.36.232.187 - - [16/Nov/2023:18:00:08 -0800] "GET /maccdc2012/,%E2%80%9CMaccdc2012snortalertdata-set,%E2%80%9DLastaccessedApril2020.[Online HTTP/1.1" 404 328 "-" "Mozilla/5.0 (Windows NT 10.0; Win64; x64) AppleWebKit/537.36 (KHTML, like Gecko) Chrome/113.0.0.0 Safari/537.36 OPR/99.0.0.0" 
207.180.242.82 - - [16/Nov/2023:18:00:19 -0800] "GET /maccdc2012/,%E2%80%9CMaccdc2012snortalertdata-set,%E2%80%9DLastaccessedApril2020 HTTP/1.1" 404 328 "-" "Mozilla/5.0 (Macintosh; Intel Mac OS X 10_15_7) AppleWebKit/605.1.15 (KHTML, like Gecko) Version/16.6 Safari/605.1.15" 
130.61.240.222 - - [16/Nov/2023:18:00:22 -0800] "GET /maccdc2012/,%E2%80%9CMaccdc HTTP/1.1" 404 328 "-" "Mozilla/5.0 (Macintosh; Intel Mac OS X 10_15_7) AppleWebKit/605.1.15 (KHTML, like Gecko) Version/15.6.1 Safari/605.1.15" 
140.228.75.106 - - [16/Nov/2023:18:00:28 -0800] "GET /maccdc2012/[22 HTTP/1.1" 404 328 "-" "Mozilla/5.0 (Macintosh; Intel Mac OS X 10_15_7) AppleWebKit/537.36 (KHTML, like Gecko) Chrome/114.0.0.0 Safari/537.36" 
130.61.240.222 - - [16/Nov/2023:18:00:28 -0800] "GET /maccdc2012/,%E2%80%9CMaccdc2012snortalert HTTP/1.1" 404 328 "-" "Mozilla/5.0 (Macintosh; Intel Mac OS X 10_15_7) AppleWebKit/605.1.15 (KHTML, like Gecko) Version/15.6.1 Safari/605.1.15" 
54.36.232.187 - - [16/Nov/2023:18:00:34 -0800] "GET /maccdc2012/,%E2%80%9CMaccdc2012snortalertdata-set,%E2%80%9D HTTP/1.1" 404 328 "-" "Mozilla/5.0 (Windows NT 10.0; rv:114.0) Gecko/20100101 Firefox/114.0" 
54.36.232.187 - - [16/Nov/2023:18:00:35 -0800] "GET /maccdc2012/,%E2%80%9CMaccdc2012snortalertdata-set,%E2%80%9DLastaccessedApril HTTP/1.1" 404 328 "-" "Mozilla/5.0 (Windows NT 10.0; Win64; x64) AppleWebKit/537.36 (KHTML, like Gecko) Chrome/114.0.0.0 Safari/537.36 Edg/114.0.1823.67" 
198.100.144.147 - - [16/Nov/2023:18:00:43 -0800] "GET /maccdc2012/,%E2%80%9CMaccdc2012 HTTP/1.1" 404 328 "-" "Mozilla/5.0 (Windows NT 10.0; Win64; x64) AppleWebKit/537.36 (KHTML, like Gecko) Chrome/114.0.0.0 Safari/537.36" 
135.181.141.11 - - [16/Nov/2023:18:00:51 -0800] "GET /maccdc2012/ HTTP/1.1" 200 1994 "-" "Mozilla/5.0 (X11; Linux x86_64; rv:109.0) Gecko/20100101 Firefox/116.0" 
109.205.56.35 - - [16/Nov/2023:18:02:13 -0800] "GET /maccdc2012/,%E2%80%9CMaccdc2012snortalertdata-set,%E2%80%9DLast HTTP/1.1" 404 328 "-" "Mozilla/5.0 (Windows NT 10.0; Win64; x64; rv:109.0) Gecko/20100101 Firefox/113.0" 
107.20.105.74 - - [16/Nov/2023:18:06:40 -0800] "HEAD / HTTP/1.1" 301 186 "-" "DreamHost SiteMonitor 1.0" 
107.20.105.74 - - [16/Nov/2023:18:06:40 -0800] "HEAD / HTTP/1.1" 200 359 "http://66.33.221.139" "DreamHost SiteMonitor 1.0" 
157.55.39.54 - - [16/Nov/2023:18:07:37 -0800] "GET /self.logs/access.log.2022-09-11.gz HTTP/1.1" 200 10589 "-" "Mozilla/5.0 AppleWebKit/537.36 (KHTML, like Gecko; compatible; bingbot/2.0; +http://www.bing.com/bingbot.htm) Chrome/116.0.1938.76 Safari/537.36" 
103.24.219.74 - - [16/Nov/2023:18:08:39 -0800] "GET /static/lib/webuploader/0.1.5/server/preview.php HTTP/1.1" 404 328 "-" "Mozilla/5.0 (Windows NT 10.0; WOW64; rv:48.0) Gecko/20100101 Firefox/48.0" 
107.20.105.74 - - [16/Nov/2023:18:16:40 -0800] "HEAD / HTTP/1.1" 301 186 "-" "DreamHost SiteMonitor 1.0" 
107.20.105.74 - - [16/Nov/2023:18:16:40 -0800] "HEAD / HTTP/1.1" 200 359 "http://66.33.221.139" "DreamHost SiteMonitor 1.0" 
157.55.39.53 - - [16/Nov/2023:18:22:10 -0800] "GET /self.logs/access.log.2020-11-16.gz HTTP/1.1" 200 11618 "-" "Mozilla/5.0 AppleWebKit/537.36 (KHTML, like Gecko; compatible; bingbot/2.0; +http://www.bing.com/bingbot.htm) Chrome/116.0.1938.76 Safari/537.36" 
185.225.33.47 - - [16/Nov/2023:18:22:34 -0800] "GET / HTTP/1.1" 301 475 "https://google.com/" "Mozilla/5.0 (Windows NT 10.0; Win64; x64; rv:109.0) Gecko/20100101 Firefox/119.0" 
185.225.33.47 - - [16/Nov/2023:18:22:34 -0800] "GET / HTTP/1.1" 200 13184 "https://google.com/" "Mozilla/5.0 (Windows NT 10.0; Win64; x64; rv:109.0) Gecko/20100101 Firefox/119.0" 
51.222.253.7 - - [16/Nov/2023:18:26:15 -0800] "GET / HTTP/1.1" 200 13140 "-" "Mozilla/5.0 (compatible; AhrefsBot/7.0; +http://ahrefs.com/robot/)" 
107.20.105.74 - - [16/Nov/2023:18:26:40 -0800] "HEAD / HTTP/1.1" 301 186 "-" "DreamHost SiteMonitor 1.0" 
107.20.105.74 - - [16/Nov/2023:18:26:40 -0800] "HEAD / HTTP/1.1" 200 359 "http://66.33.221.139" "DreamHost SiteMonitor 1.0" 
114.119.130.169 - - [16/Nov/2023:18:28:16 -0800] "GET /self.logs/error.log.2020-12-16 HTTP/1.1" 200 351 "http://www.secrepo.com/self.logs?C=N%3BO%3DD" "Mozilla/5.0 (Linux; Android 7.0;) AppleWebKit/537.36 (KHTML, like Gecko) Mobile Safari/537.36 (compatible; PetalBot;+https://webmaster.petalsearch.com/site/petalbot)" 
107.20.105.74 - - [16/Nov/2023:18:36:40 -0800] "HEAD / HTTP/1.1" 301 186 "-" "DreamHost SiteMonitor 1.0" 
107.20.105.74 - - [16/Nov/2023:18:36:40 -0800] "HEAD / HTTP/1.1" 200 359 "http://66.33.221.139" "DreamHost SiteMonitor 1.0" 
52.167.144.228 - - [16/Nov/2023:18:38:07 -0800] "GET /self.logs/access.log.2020-09-11.gz HTTP/1.1" 200 36554 "-" "Mozilla/5.0 AppleWebKit/537.36 (KHTML, like Gecko; compatible; bingbot/2.0; +http://www.bing.com/bingbot.htm) Chrome/116.0.1938.76 Safari/537.36" 
216.244.66.245 - - [16/Nov/2023:18:41:42 -0800] "GET /robots.txt HTTP/1.1" 200 333 "-" "Mozilla/5.0 (compatible; DotBot/1.2; +https://opensiteexplorer.org/dotbot; help@moz.com)" 
107.20.105.74 - - [16/Nov/2023:18:46:40 -0800] "HEAD / HTTP/1.1" 301 186 "-" "DreamHost SiteMonitor 1.0" 
107.20.105.74 - - [16/Nov/2023:18:46:40 -0800] "HEAD / HTTP/1.1" 200 359 "http://66.33.221.139" "DreamHost SiteMonitor 1.0" 
36.41.75.167 - - [16/Nov/2023:18:55:00 -0800] "GET / HTTP/1.1" 429 439 "-" "Mozilla/5.0 (iPhone; CPU iPhone OS 13_2_3 like Mac OS X) AppleWebKit/605.1.15 (KHTML, like Gecko) Version/13.0.3 Mobile/15E148 Safari/604.1" 
107.20.105.74 - - [16/Nov/2023:18:56:40 -0800] "HEAD / HTTP/1.1" 301 186 "-" "DreamHost SiteMonitor 1.0" 
107.20.105.74 - - [16/Nov/2023:18:56:40 -0800] "HEAD / HTTP/1.1" 200 359 "http://66.33.221.139" "DreamHost SiteMonitor 1.0" 
51.222.253.7 - - [16/Nov/2023:19:00:23 -0800] "GET /Datasets%20Description/Network/?C=M;O=A HTTP/1.1" 200 725 "-" "Mozilla/5.0 (compatible; AhrefsBot/7.0; +http://ahrefs.com/robot/)" 
107.20.105.74 - - [16/Nov/2023:19:06:40 -0800] "HEAD / HTTP/1.1" 301 186 "-" "DreamHost SiteMonitor 1.0" 
107.20.105.74 - - [16/Nov/2023:19:06:40 -0800] "HEAD / HTTP/1.1" 200 359 "http://66.33.221.139" "DreamHost SiteMonitor 1.0" 
114.119.148.184 - - [16/Nov/2023:19:08:37 -0800] "GET /self.logs/error.log.2020-10-14 HTTP/1.1" 200 351 "http://www.secrepo.com/self.logs?C=N%3BO%3DD" "Mozilla/5.0 (Linux; Android 7.0;) AppleWebKit/537.36 (KHTML, like Gecko) Mobile Safari/537.36 (compatible; PetalBot;+https://webmaster.petalsearch.com/site/petalbot)" 
23.94.100.50 - - [16/Nov/2023:19:14:07 -0800] "GET / HTTP/1.1" 200 13185 "-" "Mozilla/5.0 (Macintosh; Intel Mac OS X 10_15_7) AppleWebKit/605.1.15 (KHTML, like Gecko)" 
23.94.100.50 - - [16/Nov/2023:19:14:08 -0800] "GET /apple-touch-icon-precomposed.png HTTP/1.1" 404 328 "-" "Safari%E6%B5%8F%E8%A7%88%E5%99%A8/16615.3.12.11.5 CFNetwork/1240.0.4.5 Darwin/20.6.0" 
23.94.100.50 - - [16/Nov/2023:19:14:08 -0800] "GET /apple-touch-icon.png HTTP/1.1" 404 328 "-" "Safari%E6%B5%8F%E8%A7%88%E5%99%A8/16615.3.12.11.5 CFNetwork/1240.0.4.5 Darwin/20.6.0" 
23.94.100.50 - - [16/Nov/2023:19:14:09 -0800] "GET / HTTP/1.1" 200 13185 "-" "Mozilla/5.0 (iPhone; CPU iPhone OS 16_4 like Mac OS X) AppleWebKit/605.1.15 (KHTML, like Gecko) Version/16.4 Mobile/15E148 Safari/604.1" 
23.94.100.50 - - [16/Nov/2023:19:14:09 -0800] "GET /apple-touch-icon-precomposed.png HTTP/1.1" 404 328 "-" "Safari%E6%B5%8F%E8%A7%88%E5%99%A8/16615.3.12.11.5 CFNetwork/1240.0.4.5 Darwin/20.6.0" 
23.94.100.50 - - [16/Nov/2023:19:14:10 -0800] "GET /apple-touch-icon.png HTTP/1.1" 404 328 "-" "Safari%E6%B5%8F%E8%A7%88%E5%99%A8/16615.3.12.11.5 CFNetwork/1240.0.4.5 Darwin/20.6.0" 
107.20.105.74 - - [16/Nov/2023:19:16:40 -0800] "HEAD / HTTP/1.1" 301 186 "-" "DreamHost SiteMonitor 1.0" 
107.20.105.74 - - [16/Nov/2023:19:16:40 -0800] "HEAD / HTTP/1.1" 200 359 "http://66.33.221.139" "DreamHost SiteMonitor 1.0" 
216.244.66.245 - - [16/Nov/2023:19:17:25 -0800] "GET /self.logs/access.log.2023-03-06.gz HTTP/1.1" 200 153808 "-" "Mozilla/5.0 (compatible; DotBot/1.2; +https://opensiteexplorer.org/dotbot; help@moz.com)" 
118.113.129.251 - - [16/Nov/2023:19:21:07 -0800] "GET / HTTP/1.1" 200 13185 "-" "Mozilla/5.0 (Macintosh; Intel Mac OS X 10_15_7) AppleWebKit/605.1.15 (KHTML, like Gecko)" 
118.113.129.251 - - [16/Nov/2023:19:21:08 -0800] "GET /apple-touch-icon-precomposed.png HTTP/1.1" 404 328 "-" "Safari%E6%B5%8F%E8%A7%88%E5%99%A8/16615.3.12.11.5 CFNetwork/1240.0.4.5 Darwin/20.6.0" 
118.113.129.251 - - [16/Nov/2023:19:21:08 -0800] "GET /apple-touch-icon.png HTTP/1.1" 404 305 "-" "Safari%E6%B5%8F%E8%A7%88%E5%99%A8/16615.3.12.11.5 CFNetwork/1240.0.4.5 Darwin/20.6.0" 
118.113.129.251 - - [16/Nov/2023:19:21:08 -0800] "GET / HTTP/1.1" 200 13185 "-" "Mozilla/5.0 (iPhone; CPU iPhone OS 16_4 like Mac OS X) AppleWebKit/605.1.15 (KHTML, like Gecko) Version/16.4 Mobile/15E148 Safari/604.1" 
118.113.129.251 - - [16/Nov/2023:19:21:09 -0800] "GET /apple-touch-icon-precomposed.png HTTP/1.1" 404 305 "-" "Safari%E6%B5%8F%E8%A7%88%E5%99%A8/16615.3.12.11.5 CFNetwork/1240.0.4.5 Darwin/20.6.0" 
118.113.129.251 - - [16/Nov/2023:19:21:09 -0800] "GET /apple-touch-icon.png HTTP/1.1" 404 305 "-" "Safari%E6%B5%8F%E8%A7%88%E5%99%A8/16615.3.12.11.5 CFNetwork/1240.0.4.5 Darwin/20.6.0" 
103.24.219.74 - - [16/Nov/2023:19:21:22 -0800] "GET /Public/admin/webuploader/server/preview.php HTTP/1.1" 404 328 "-" "Mozilla/5.0 (Windows NT 10.0; WOW64; rv:48.0) Gecko/20100101 Firefox/48.0" 
40.77.167.7 - - [16/Nov/2023:19:25:17 -0800] "GET /self.logs/access.log.2018-11-01.gz HTTP/1.1" 200 21475 "-" "Mozilla/5.0 AppleWebKit/537.36 (KHTML, like Gecko; compatible; bingbot/2.0; +http://www.bing.com/bingbot.htm) Chrome/116.0.1938.76 Safari/537.36" 
66.249.64.107 - - [16/Nov/2023:19:26:07 -0800] "GET /Datasets%20Description/HTML_Bro_log_2/dpd.html HTTP/1.1" 200 1655 "-" "Mozilla/5.0 (compatible; Googlebot/2.1; +http://www.google.com/bot.html)" 
216.244.66.245 - - [16/Nov/2023:19:26:12 -0800] "GET /self.logs/access.log.2023-07-04.gz HTTP/1.1" 200 11114 "-" "Mozilla/5.0 (compatible; DotBot/1.2; +https://opensiteexplorer.org/dotbot; help@moz.com)" 
51.222.253.7 - - [16/Nov/2023:19:26:26 -0800] "GET /Datasets%20Description/HTML_Bro_log_3/dpd.html HTTP/1.1" 200 1618 "-" "Mozilla/5.0 (compatible; AhrefsBot/7.0; +http://ahrefs.com/robot/)" 
216.244.66.245 - - [16/Nov/2023:19:26:39 -0800] "GET /self.logs/access.log.2023-07-08.gz HTTP/1.1" 200 8893 "-" "Mozilla/5.0 (compatible; DotBot/1.2; +https://opensiteexplorer.org/dotbot; help@moz.com)" 
107.20.105.74 - - [16/Nov/2023:19:26:40 -0800] "HEAD / HTTP/1.1" 301 186 "-" "DreamHost SiteMonitor 1.0" 
107.20.105.74 - - [16/Nov/2023:19:26:40 -0800] "HEAD / HTTP/1.1" 200 359 "http://66.33.221.139" "DreamHost SiteMonitor 1.0" 
107.20.105.74 - - [16/Nov/2023:19:36:40 -0800] "HEAD / HTTP/1.1" 301 186 "-" "DreamHost SiteMonitor 1.0" 
107.20.105.74 - - [16/Nov/2023:19:36:40 -0800] "HEAD / HTTP/1.1" 200 359 "http://66.33.221.139" "DreamHost SiteMonitor 1.0" 
66.249.64.108 - - [16/Nov/2023:19:37:37 -0800] "GET / HTTP/1.1" 200 13185 "-" "Mozilla/5.0 (compatible; Googlebot/2.1; +http://www.google.com/bot.html)" 
66.249.64.106 - - [16/Nov/2023:19:37:39 -0800] "GET /css/style.css HTTP/1.1" 404 328 "http://www.secrepo.com/" "Mozilla/5.0 AppleWebKit/537.36 (KHTML, like Gecko; compatible; Googlebot/2.1; +http://www.google.com/bot.html) Chrome/119.0.6045.123 Safari/537.36" 
20.102.119.10 - - [16/Nov/2023:19:40:06 -0800] "GET / HTTP/1.1" 301 475 "-" "python-requests/2.27.1" 
216.244.66.245 - - [16/Nov/2023:19:40:08 -0800] "GET /robots.txt HTTP/1.1" 200 333 "-" "Mozilla/5.0 (compatible; DotBot/1.2; +https://opensiteexplorer.org/dotbot; help@moz.com)" 
216.244.66.245 - - [16/Nov/2023:19:40:10 -0800] "GET /robots.txt HTTP/1.1" 301 439 "-" "Mozilla/5.0 (compatible; DotBot/1.2; +https://opensiteexplorer.org/dotbot; help@moz.com)" 
216.244.66.245 - - [16/Nov/2023:19:40:10 -0800] "GET /robots.txt HTTP/1.1" 200 333 "-" "Mozilla/5.0 (compatible; DotBot/1.2; +https://opensiteexplorer.org/dotbot; help@moz.com)" 
20.102.119.10 - - [16/Nov/2023:19:40:30 -0800] "GET / HTTP/1.1" 429 486 "-" "python-requests/2.27.1" 
66.249.70.65 - - [16/Nov/2023:19:43:49 -0800] "GET / HTTP/1.1" 301 475 "-" "Mozilla/5.0 (compatible; Googlebot/2.1; +http://www.google.com/bot.html)" 
66.249.64.108 - - [16/Nov/2023:19:43:49 -0800] "GET / HTTP/1.1" 200 13185 "-" "Mozilla/5.0 (compatible; Googlebot/2.1; +http://www.google.com/bot.html)" 
66.249.64.108 - - [16/Nov/2023:19:43:51 -0800] "GET /css/style.css HTTP/1.1" 404 305 "http://www.secrepo.com/" "Mozilla/5.0 AppleWebKit/537.36 (KHTML, like Gecko; compatible; Googlebot/2.1; +http://www.google.com/bot.html) Chrome/119.0.6045.123 Safari/537.36" 
107.20.105.74 - - [16/Nov/2023:19:46:40 -0800] "HEAD / HTTP/1.1" 301 186 "-" "DreamHost SiteMonitor 1.0" 
107.20.105.74 - - [16/Nov/2023:19:46:40 -0800] "HEAD / HTTP/1.1" 200 359 "http://66.33.221.139" "DreamHost SiteMonitor 1.0" 
123.183.224.99 - - [16/Nov/2023:19:52:28 -0800] "GET / HTTP/1.1" 200 13148 "-" "Sogou web spider/4.0(+http://www.sogou.com/docs/help/webmasters.htm#07)" 
107.20.105.74 - - [16/Nov/2023:19:56:40 -0800] "HEAD / HTTP/1.1" 301 186 "-" "DreamHost SiteMonitor 1.0" 
107.20.105.74 - - [16/Nov/2023:19:56:40 -0800] "HEAD / HTTP/1.1" 200 359 "http://66.33.221.139" "DreamHost SiteMonitor 1.0" 
40.77.167.17 - - [16/Nov/2023:20:00:40 -0800] "GET /self.logs/access.log.2022-07-10.gz HTTP/1.1" 200 22195 "-" "Mozilla/5.0 AppleWebKit/537.36 (KHTML, like Gecko; compatible; bingbot/2.0; +http://www.bing.com/bingbot.htm) Chrome/116.0.1938.76 Safari/537.36" 
107.20.105.74 - - [16/Nov/2023:20:06:40 -0800] "HEAD / HTTP/1.1" 301 186 "-" "DreamHost SiteMonitor 1.0" 
107.20.105.74 - - [16/Nov/2023:20:06:40 -0800] "HEAD / HTTP/1.1" 200 359 "http://66.33.221.139" "DreamHost SiteMonitor 1.0" 
118.113.129.251 - - [16/Nov/2023:20:07:34 -0800] "GET / HTTP/1.1" 200 13182 "-" "Mozilla/5.0 (Macintosh; Intel Mac OS X 10_15_7) AppleWebKit/605.1.15 (KHTML, like Gecko)" 
118.113.129.251 - - [16/Nov/2023:20:07:35 -0800] "GET /apple-touch-icon-precomposed.png HTTP/1.1" 404 328 "-" "Safari%E6%B5%8F%E8%A7%88%E5%99%A8/16615.3.12.11.5 CFNetwork/1240.0.4.5 Darwin/20.6.0" 
118.113.129.251 - - [16/Nov/2023:20:07:35 -0800] "GET /apple-touch-icon.png HTTP/1.1" 404 305 "-" "Safari%E6%B5%8F%E8%A7%88%E5%99%A8/16615.3.12.11.5 CFNetwork/1240.0.4.5 Darwin/20.6.0" 
118.113.129.251 - - [16/Nov/2023:20:07:35 -0800] "GET / HTTP/1.1" 200 13182 "-" "Mozilla/5.0 (iPhone; CPU iPhone OS 16_4 like Mac OS X) AppleWebKit/605.1.15 (KHTML, like Gecko) Version/16.4 Mobile/15E148 Safari/604.1" 
118.113.129.251 - - [16/Nov/2023:20:07:36 -0800] "GET /apple-touch-icon-precomposed.png HTTP/1.1" 404 305 "-" "Safari%E6%B5%8F%E8%A7%88%E5%99%A8/16615.3.12.11.5 CFNetwork/1240.0.4.5 Darwin/20.6.0" 
118.113.129.251 - - [16/Nov/2023:20:07:36 -0800] "GET /apple-touch-icon.png HTTP/1.1" 404 305 "-" "Safari%E6%B5%8F%E8%A7%88%E5%99%A8/16615.3.12.11.5 CFNetwork/1240.0.4.5 Darwin/20.6.0" 
216.244.66.245 - - [16/Nov/2023:20:07:36 -0800] "GET /self.logs/ HTTP/1.1" 301 439 "-" "Mozilla/5.0 (compatible; DotBot/1.2; +https://opensiteexplorer.org/dotbot; help@moz.com)" 
156.249.28.32 - - [16/Nov/2023:20:12:59 -0800] "GET /inputs.php HTTP/1.1" 301 495 "-" "Mozilla/5.0 (Windows NT 10.0; Win64; x64) AppleWebKit/537.36 (KHTML, like Gecko) Chrome/90.0.4430.85 Safari/537.36" 
156.249.28.32 - - [16/Nov/2023:20:13:12 -0800] "GET /inputs.php HTTP/1.1" 404 328 "-" "Mozilla/5.0 (Windows NT 10.0; Win64; x64) AppleWebKit/537.36 (KHTML, like Gecko) Chrome/90.0.4430.85 Safari/537.36" 
107.20.105.74 - - [16/Nov/2023:20:16:40 -0800] "HEAD / HTTP/1.1" 301 186 "-" "DreamHost SiteMonitor 1.0" 
107.20.105.74 - - [16/Nov/2023:20:16:40 -0800] "HEAD / HTTP/1.1" 200 359 "http://66.33.221.139" "DreamHost SiteMonitor 1.0" 
111.173.119.154 - - [16/Nov/2023:20:22:04 -0800] "GET / HTTP/1.1" 200 13182 "-" "Mozilla/5.0 (Windows NT 10.0; Win64; x64) AppleWebKit/537.36 (KHTML, like Gecko) Chrome/97.0.4280.67 Safari/537.36 Edg/97.0.664.52" 
107.20.105.74 - - [16/Nov/2023:20:26:40 -0800] "HEAD / HTTP/1.1" 301 186 "-" "DreamHost SiteMonitor 1.0" 
107.20.105.74 - - [16/Nov/2023:20:26:40 -0800] "HEAD / HTTP/1.1" 200 359 "http://66.33.221.139" "DreamHost SiteMonitor 1.0" 
23.239.19.36 - - [16/Nov/2023:20:28:19 -0800] "GET /wp-content/plugins/essential-addons-for-elementor-lite/readme.txt HTTP/1.1" 301 605 "www.google.com" "Mozilla/6.4 (Windows NT 11.1) Gecko/2010102 Firefox/99.0" 
23.239.19.36 - - [16/Nov/2023:20:28:44 -0800] "GET /wp-content/plugins/essential-addons-for-elementor-lite/readme.txt HTTP/1.1" 429 486 "www.google.com" "Mozilla/6.4 (Windows NT 11.1) Gecko/2010102 Firefox/99.0" 
51.222.253.20 - - [16/Nov/2023:20:29:54 -0800] "GET /self.logs/access.log.2023-11-12.gz HTTP/1.1" 200 14528 "-" "Mozilla/5.0 (compatible; AhrefsBot/7.0; +http://ahrefs.com/robot/)" 
107.20.105.74 - - [16/Nov/2023:20:36:40 -0800] "HEAD / HTTP/1.1" 301 186 "-" "DreamHost SiteMonitor 1.0" 
107.20.105.74 - - [16/Nov/2023:20:36:40 -0800] "HEAD / HTTP/1.1" 200 359 "http://66.33.221.139" "DreamHost SiteMonitor 1.0" 
66.249.64.106 - - [16/Nov/2023:20:37:44 -0800] "GET / HTTP/1.1" 200 13182 "-" "Mozilla/5.0 (compatible; Googlebot/2.1; +http://www.google.com/bot.html)" 
66.249.64.107 - - [16/Nov/2023:20:37:46 -0800] "GET /css/style.css HTTP/1.1" 404 328 "http://www.secrepo.com/" "Mozilla/5.0 AppleWebKit/537.36 (KHTML, like Gecko; compatible; Googlebot/2.1; +http://www.google.com/bot.html) Chrome/119.0.6045.123 Safari/537.36" 
17.241.227.163 - - [16/Nov/2023:20:39:09 -0800] "GET /Datasets%20Description/Network/weird.html HTTP/1.1" 200 1601 "-" "Mozilla/5.0 (Macintosh; Intel Mac OS X 10_15_5) AppleWebKit/605.1.15 (KHTML, like Gecko) Version/13.1.1 Safari/605.1.15 (Applebot/0.1; +http://www.apple.com/go/applebot)" 
40.77.167.56 - - [16/Nov/2023:20:45:20 -0800] "GET /self.logs/access.log.2020-09-13.gz HTTP/1.1" 200 10576 "-" "Mozilla/5.0 AppleWebKit/537.36 (KHTML, like Gecko; compatible; bingbot/2.0; +http://www.bing.com/bingbot.htm) Chrome/116.0.1938.76 Safari/537.36" 
107.20.105.74 - - [16/Nov/2023:20:46:40 -0800] "HEAD / HTTP/1.1" 301 186 "-" "DreamHost SiteMonitor 1.0" 
107.20.105.74 - - [16/Nov/2023:20:46:40 -0800] "HEAD / HTTP/1.1" 200 359 "http://66.33.221.139" "DreamHost SiteMonitor 1.0" 
66.249.70.65 - - [16/Nov/2023:20:52:44 -0800] "GET / HTTP/1.1" 301 475 "-" "Mozilla/5.0 (compatible; Googlebot/2.1; +http://www.google.com/bot.html)" 
66.249.64.107 - - [16/Nov/2023:20:52:45 -0800] "GET / HTTP/1.1" 200 13183 "-" "Mozilla/5.0 (compatible; Googlebot/2.1; +http://www.google.com/bot.html)" 
66.249.64.108 - - [16/Nov/2023:20:52:46 -0800] "GET /css/style.css HTTP/1.1" 404 328 "http://www.secrepo.com/" "Mozilla/5.0 AppleWebKit/537.36 (KHTML, like Gecko; compatible; Googlebot/2.1; +http://www.google.com/bot.html) Chrome/119.0.6045.123 Safari/537.36" 
107.20.105.74 - - [16/Nov/2023:20:56:40 -0800] "HEAD / HTTP/1.1" 301 186 "-" "DreamHost SiteMonitor 1.0" 
107.20.105.74 - - [16/Nov/2023:20:56:40 -0800] "HEAD / HTTP/1.1" 200 359 "http://66.33.221.139" "DreamHost SiteMonitor 1.0" 
40.77.167.22 - - [16/Nov/2023:20:59:34 -0800] "GET /self.logs/access.log.2020-05-28.gz HTTP/1.1" 200 14043 "-" "Mozilla/5.0 AppleWebKit/537.36 (KHTML, like Gecko; compatible; bingbot/2.0; +http://www.bing.com/bingbot.htm) Chrome/116.0.1938.76 Safari/537.36" 
216.244.66.245 - - [16/Nov/2023:21:00:19 -0800] "GET /robots.txt HTTP/1.1" 301 439 "-" "Mozilla/5.0 (compatible; DotBot/1.2; +https://opensiteexplorer.org/dotbot; help@moz.com)" 
216.244.66.245 - - [16/Nov/2023:21:00:19 -0800] "GET /robots.txt HTTP/1.1" 200 333 "-" "Mozilla/5.0 (compatible; DotBot/1.2; +https://opensiteexplorer.org/dotbot; help@moz.com)" 
40.77.167.27 - - [16/Nov/2023:21:02:32 -0800] "GET /self.logs/access.log.2020-09-13.gz HTTP/1.1" 200 10576 "-" "Mozilla/5.0 AppleWebKit/537.36 (KHTML, like Gecko; compatible; bingbot/2.0; +http://www.bing.com/bingbot.htm) Chrome/116.0.1938.76 Safari/537.36" 
72.90.81.11 - - [16/Nov/2023:21:02:41 -0800] "HEAD / HTTP/1.1" 200 425 "-" "Mozilla/5.0 (compatible; Fess/14.10; +http://fess.codelibs.org/bot.html)" 
72.90.81.11 - - [16/Nov/2023:21:02:41 -0800] "GET / HTTP/1.1" 200 13161 "-" "Mozilla/5.0 (compatible; Fess/14.10; +http://fess.codelibs.org/bot.html)" 
51.222.253.1 - - [16/Nov/2023:21:05:07 -0800] "GET /self.logs/access.log.2022-09-13.gz HTTP/1.1" 200 14871 "-" "Mozilla/5.0 (compatible; AhrefsBot/7.0; +http://ahrefs.com/robot/)" 
107.20.105.74 - - [16/Nov/2023:21:06:40 -0800] "HEAD / HTTP/1.1" 301 186 "-" "DreamHost SiteMonitor 1.0" 
107.20.105.74 - - [16/Nov/2023:21:06:40 -0800] "HEAD / HTTP/1.1" 200 359 "http://66.33.221.139" "DreamHost SiteMonitor 1.0" 
72.90.81.11 - - [16/Nov/2023:21:07:41 -0800] "HEAD / HTTP/1.1" 200 425 "-" "Mozilla/5.0 (compatible; Fess/14.10; +http://fess.codelibs.org/bot.html)" 
51.222.253.19 - - [16/Nov/2023:21:10:42 -0800] "GET /self.logs/access.log.2022-09-14.gz HTTP/1.1" 200 15997 "-" "Mozilla/5.0 (compatible; AhrefsBot/7.0; +http://ahrefs.com/robot/)" 
216.244.66.245 - - [16/Nov/2023:21:13:33 -0800] "GET /Datasets%20Description/PE_malware/Zeus.html HTTP/1.1" 301 501 "-" "Mozilla/5.0 (compatible; DotBot/1.2; +https://opensiteexplorer.org/dotbot; help@moz.com)" 
51.222.253.3 - - [16/Nov/2023:21:15:13 -0800] "GET /self.logs/access.log.2022-09-15.gz HTTP/1.1" 200 12410 "-" "Mozilla/5.0 (compatible; AhrefsBot/7.0; +http://ahrefs.com/robot/)" 
107.20.105.74 - - [16/Nov/2023:21:16:40 -0800] "HEAD / HTTP/1.1" 301 186 "-" "DreamHost SiteMonitor 1.0" 
