94.54.244.7 - - [28/Jun/2022:21:24:49 -0700] "GET /css/style.css HTTP/1.1" 404 328 "http://www.secrepo.com/" "Mozilla/5.0 (Macintosh; Intel Mac OS X 10_15_7) AppleWebKit/537.36 (KHTML, like Gecko) Chrome/102.0.0.0 Safari/537.36" 
207.46.13.213 - - [28/Jun/2022:21:25:29 -0700] "GET /self.logs/access.log.2018-09-18.gz HTTP/1.1" 200 26474 "-" "Mozilla/5.0 (compatible; bingbot/2.0; +http://www.bing.com/bingbot.htm)" 
216.244.66.245 - - [28/Jun/2022:21:25:31 -0700] "GET /self.logs/access.log.2022-06-21.gz HTTP/1.1" 200 17025 "-" "Mozilla/5.0 (compatible; DotBot/1.2; +https://opensiteexplorer.org/dotbot; help@moz.com)" 
216.244.66.245 - - [28/Jun/2022:21:25:39 -0700] "GET /self.logs/error.log.2022-03-30.gz HTTP/1.1" 200 2952 "-" "Mozilla/5.0 (compatible; DotBot/1.2; +https://opensiteexplorer.org/dotbot; help@moz.com)" 
114.119.149.237 - - [28/Jun/2022:21:26:34 -0700] "GET /self.logs/error.log.2018-11-25.gz HTTP/1.1" 200 3891 "-" "Mozilla/5.0 (compatible;PetalBot;+https://webmaster.petalsearch.com/site/petalbot)" 
66.249.65.197 - - [28/Jun/2022:21:31:05 -0700] "HEAD /maccdc2012/http.log.gz HTTP/1.1" 200 412 "-" "Mozilla/5.0 (compatible; Googlebot/2.1; +http://www.google.com/bot.html)" 
207.46.13.213 - - [28/Jun/2022:21:43:54 -0700] "GET /self.logs/ HTTP/1.1" 200 36971 "-" "Mozilla/5.0 (compatible; bingbot/2.0; +http://www.bing.com/bingbot.htm)" 
107.148.191.68 - - [28/Jun/2022:21:59:38 -0700] "GET /adadaddadad HTTP/1.1" 404 328 "-" "python-requests/2.27.1" 
118.184.177.111 - - [28/Jun/2022:22:03:50 -0700] "GET / HTTP/1.1" 200 13149 "-" "Sogou web spider/4.0(+http://www.sogou.com/docs/help/webmasters.htm#07)" 
116.50.59.203 - - [28/Jun/2022:22:07:27 -0700] "GET / HTTP/1.1" 200 13142 "-" "Mozilla/5.0 (Windows NT 10.0; Win64; x64) AppleWebKit/537.36 (KHTML, like Gecko) Chrome/102.0.0.0 Safari/537.36" 
116.50.59.203 - - [28/Jun/2022:22:07:28 -0700] "GET /css/style.css HTTP/1.1" 404 250 "http://www.secrepo.com/" "Mozilla/5.0 (Windows NT 10.0; Win64; x64) AppleWebKit/537.36 (KHTML, like Gecko) Chrome/102.0.0.0 Safari/537.36" 
116.50.59.203 - - [28/Jun/2022:22:07:29 -0700] "GET /twitter-icon.png HTTP/1.1" 200 27872 "http://www.secrepo.com/" "Mozilla/5.0 (Windows NT 10.0; Win64; x64) AppleWebKit/537.36 (KHTML, like Gecko) Chrome/102.0.0.0 Safari/537.36" 
116.50.59.203 - - [28/Jun/2022:22:07:29 -0700] "GET /GitHub-Mark.png HTTP/1.1" 200 7478 "http://www.secrepo.com/" "Mozilla/5.0 (Windows NT 10.0; Win64; x64) AppleWebKit/537.36 (KHTML, like Gecko) Chrome/102.0.0.0 Safari/537.36" 
116.50.59.203 - - [28/Jun/2022:22:07:38 -0700] "GET /bootstrap/img/favicon.ico HTTP/1.1" 200 669 "http://www.secrepo.com/" "Mozilla/5.0 (Windows NT 10.0; Win64; x64) AppleWebKit/537.36 (KHTML, like Gecko) Chrome/102.0.0.0 Safari/537.36" 
216.244.66.245 - - [28/Jun/2022:22:08:30 -0700] "GET /robots.txt HTTP/1.1" 200 333 "-" "Mozilla/5.0 (compatible; DotBot/1.2; +https://opensiteexplorer.org/dotbot; help@moz.com)" 
216.244.66.245 - - [28/Jun/2022:22:13:07 -0700] "GET /self.logs/access.log.2022-05-24.gz HTTP/1.1" 200 12713 "-" "Mozilla/5.0 (compatible; DotBot/1.2; +https://opensiteexplorer.org/dotbot; help@moz.com)" 
114.111.30.116 - - [28/Jun/2022:22:20:12 -0700] "GET / HTTP/1.1" 200 13186 "http://www.baidu.com/" "Mozilla/5.0 (Windows NT 6.1; WOW64; rv:43.0) Gecko/20100101 Firefox/43.0" 
114.111.30.116 - - [28/Jun/2022:22:20:16 -0700] "GET /css/style.css HTTP/1.1" 404 305 "http://www.secrepo.com/" "Mozilla/5.0 (Windows NT 6.1; WOW64; rv:43.0) Gecko/20100101 Firefox/43.0" 
207.46.13.213 - - [28/Jun/2022:22:21:05 -0700] "GET /self.logs/ HTTP/1.1" 200 36971 "-" "Mozilla/5.0 (compatible; bingbot/2.0; +http://www.bing.com/bingbot.htm)" 
176.9.151.26 - - [28/Jun/2022:22:30:01 -0700] "GET / HTTP/1.1" 301 475 "-" "Mozilla/5.0 (Windows; U; Windows NT 5.1; en-US; rv:x.x.x) Gecko/20041107 Firefox/x.x" 
176.9.151.26 - - [28/Jun/2022:22:30:01 -0700] "GET / HTTP/1.1" 200 49133 "-" "Mozilla/5.0 (Windows; U; Windows NT 5.1; en-US; rv:x.x.x) Gecko/20041107 Firefox/x.x" 
154.39.191.42 - - [28/Jun/2022:22:36:37 -0700] "GET /data/admin/allowurl.txt HTTP/1.1" 404 328 "-" "Mozilla/5.0 (Windows NT 10.0; WOW64; rv:48.0) Gecko/20100101 Firefox/48.0" 
13.66.139.6 - - [28/Jun/2022:22:42:16 -0700] "GET /robots.txt HTTP/1.1" 200 377 "-" "Mozilla/5.0 (compatible; bingbot/2.0; +http://www.bing.com/bingbot.htm)" 
13.66.139.3 - - [28/Jun/2022:22:42:25 -0700] "GET /self.logs/access.log.2017-04-29.gz HTTP/1.1" 200 10312 "-" "Mozilla/5.0 AppleWebKit/537.36 (KHTML, like Gecko; compatible; bingbot/2.0; +http://www.bing.com/bingbot.htm) Chrome/100.0.4896.127 Safari/537.36" 
207.46.13.213 - - [28/Jun/2022:22:55:18 -0700] "GET /self.logs/ HTTP/1.1" 200 36971 "-" "Mozilla/5.0 (compatible; bingbot/2.0; +http://www.bing.com/bingbot.htm)" 
207.46.13.213 - - [28/Jun/2022:22:55:56 -0700] "GET /Datasets%20Description/Network/files.html HTTP/1.1" 200 1532 "-" "Mozilla/5.0 (compatible; bingbot/2.0; +http://www.bing.com/bingbot.htm)" 
216.244.66.245 - - [28/Jun/2022:22:57:57 -0700] "GET /robots.txt HTTP/1.1" 200 333 "-" "Mozilla/5.0 (compatible; DotBot/1.2; +https://opensiteexplorer.org/dotbot; help@moz.com)" 
216.244.66.245 - - [28/Jun/2022:23:03:41 -0700] "GET /self.logs/access.log.2022-03-25.gz HTTP/1.1" 200 32435 "-" "Mozilla/5.0 (compatible; DotBot/1.2; +https://opensiteexplorer.org/dotbot; help@moz.com)" 
216.244.66.245 - - [28/Jun/2022:23:03:51 -0700] "GET /self.logs/access.log.2022-05-04.gz HTTP/1.1" 200 19305 "-" "Mozilla/5.0 (compatible; DotBot/1.2; +https://opensiteexplorer.org/dotbot; help@moz.com)" 
216.244.66.245 - - [28/Jun/2022:23:03:55 -0700] "GET /self.logs/access.log.2022-05-27.gz HTTP/1.1" 200 11938 "-" "Mozilla/5.0 (compatible; DotBot/1.2; +https://opensiteexplorer.org/dotbot; help@moz.com)" 
216.244.66.245 - - [28/Jun/2022:23:03:58 -0700] "GET /self.logs/error.log.2022-06-03.gz HTTP/1.1" 200 5003 "-" "Mozilla/5.0 (compatible; DotBot/1.2; +https://opensiteexplorer.org/dotbot; help@moz.com)" 
58.250.125.31 - - [28/Jun/2022:23:13:49 -0700] "GET / HTTP/1.1" 301 438 "-" "Sogou web spider/4.0(+http://www.sogou.com/docs/help/webmasters.htm#07)" 
58.250.125.31 - - [28/Jun/2022:23:14:54 -0700] "GET / HTTP/1.1" 200 13149 "-" "Sogou web spider/4.0(+http://www.sogou.com/docs/help/webmasters.htm#07)" 
207.46.13.212 - - [28/Jun/2022:23:30:03 -0700] "GET /self.logs/ HTTP/1.1" 200 36971 "-" "Mozilla/5.0 (compatible; bingbot/2.0; +http://www.bing.com/bingbot.htm)" 
207.46.13.212 - - [28/Jun/2022:23:30:23 -0700] "GET /self.logs/access.log.2018-02-14.gz HTTP/1.1" 301 543 "-" "Mozilla/5.0 (compatible; bingbot/2.0; +http://www.bing.com/bingbot.htm)" 
103.255.44.35 - - [28/Jun/2022:23:31:46 -0700] "GET / HTTP/1.1" 200 13186 "http://www.secrepo.com" "Mozilla/5.0 (Windows NT 10.0; Win64; x64) AppleWebKit/537.36 (KHTML, like Gecko) Chrome/87.0.4280.67 Safari/537.36 Edg/87.0.664.52" 
36.27.174.239 - - [28/Jun/2022:23:32:00 -0700] "POST /wp-content/plugins/login-wall-lurbn/login_wall.php?login=cmd HTTP/1.1" 418 747 "http://misc.yahoo.com.cn/" "Mozilla/5.0+(compatible;+Baispider/2.0;++http://www.bai.com/search/spider.html)" 
36.27.174.239 - - [28/Jun/2022:23:32:00 -0700] "POST /wp-content/plugins/login-wall-lurbn/login_wall.php?login=cmd HTTP/1.1" 418 746 "http://misc.yahoo.com.cn/" "Mozilla/5.0+(compatible;+Baispider/2.0;++http://www.bai.com/search/spider.html)" 
36.27.174.239 - - [28/Jun/2022:23:32:01 -0700] "POST /wp-content/plugins/login-wall-lurbn/login_wall.php?login=cmd HTTP/1.1" 418 746 "http://misc.yahoo.com.cn/" "Mozilla/5.0+(compatible;+Baispider/2.0;++http://www.bai.com/search/spider.html)" 
2.34.114.58 - - [28/Jun/2022:23:34:43 -0700] "GET / HTTP/1.1" 200 13186 "-" "Mozilla/5.0 (Macintosh; Intel Mac OS X 10_15_7) AppleWebKit/605.1.15 (KHTML, like Gecko) Version/15.5 Safari/605.1.15" 
207.46.13.213 - - [28/Jun/2022:23:50:11 -0700] "GET /self.logs/error.log.2020-01-11.gz HTTP/1.1" 200 1611 "-" "Mozilla/5.0 (compatible; bingbot/2.0; +http://www.bing.com/bingbot.htm)" 
216.244.66.245 - - [28/Jun/2022:23:53:26 -0700] "GET /robots.txt HTTP/1.1" 200 333 "-" "Mozilla/5.0 (compatible; DotBot/1.2; +https://opensiteexplorer.org/dotbot; help@moz.com)" 
111.92.74.103 - - [28/Jun/2022:23:55:21 -0700] "GET / HTTP/1.1" 200 13186 "-" "Mozilla/5.0 (X11; Ubuntu; Linux x86_64; rv:101.0) Gecko/20100101 Firefox/101.0" 
111.92.74.103 - - [28/Jun/2022:23:55:21 -0700] "GET /css/style.css HTTP/1.1" 404 328 "http://www.secrepo.com/" "Mozilla/5.0 (X11; Ubuntu; Linux x86_64; rv:101.0) Gecko/20100101 Firefox/101.0" 
111.92.74.103 - - [28/Jun/2022:23:55:21 -0700] "GET /GitHub-Mark.png HTTP/1.1" 200 7533 "http://www.secrepo.com/" "Mozilla/5.0 (X11; Ubuntu; Linux x86_64; rv:101.0) Gecko/20100101 Firefox/101.0" 
111.92.74.103 - - [28/Jun/2022:23:55:21 -0700] "GET /twitter-icon.png HTTP/1.1" 200 27893 "http://www.secrepo.com/" "Mozilla/5.0 (X11; Ubuntu; Linux x86_64; rv:101.0) Gecko/20100101 Firefox/101.0" 
111.92.74.103 - - [28/Jun/2022:23:55:22 -0700] "GET /bootstrap/img/favicon.ico HTTP/1.1" 200 690 "http://www.secrepo.com/" "Mozilla/5.0 (X11; Ubuntu; Linux x86_64; rv:101.0) Gecko/20100101 Firefox/101.0" 
111.92.74.103 - - [28/Jun/2022:23:55:34 -0700] "GET /maccdc2012/maccdc2012_fast_alert.7z HTTP/1.1" 200 465740 "http://www.secrepo.com/" "Mozilla/5.0 (X11; Ubuntu; Linux x86_64; rv:101.0) Gecko/20100101 Firefox/101.0" 
111.92.74.103 - - [28/Jun/2022:23:55:44 -0700] "GET /maccdc2012/dhcp.log.gz HTTP/1.1" 200 44977 "http://www.secrepo.com/" "Mozilla/5.0 (X11; Ubuntu; Linux x86_64; rv:101.0) Gecko/20100101 Firefox/101.0" 
216.244.66.245 - - [28/Jun/2022:23:58:18 -0700] "GET /self.logs/error.log.2022-05-04.gz HTTP/1.1" 200 4792 "-" "Mozilla/5.0 (compatible; DotBot/1.2; +https://opensiteexplorer.org/dotbot; help@moz.com)" 
219.230.72.211 - - [29/Jun/2022:00:02:18 -0700] "GET /honeypot/honeypot.json.zip HTTP/1.1" 206 23771 "https://link.csdn.net/?target=http%3A%2F%2Fwww.secrepo.com%2Fhoneypot%2Fhoneypot.json.zip" "Mozilla/5.0 (Windows NT 10.0; Win64; x64) AppleWebKit/537.36 (KHTML, like Gecko) Chrome/102.0.0.0 Safari/537.36" 
219.230.72.211 - - [29/Jun/2022:00:02:19 -0700] "GET /honeypot/honeypot.json.zip HTTP/1.1" 206 381876 "https://link.csdn.net/?target=http%3A%2F%2Fwww.secrepo.com%2Fhoneypot%2Fhoneypot.json.zip" "Mozilla/5.0 (Windows NT 10.0; Win64; x64) AppleWebKit/537.36 (KHTML, like Gecko) Chrome/102.0.0.0 Safari/537.36" 
219.230.72.211 - - [29/Jun/2022:00:02:19 -0700] "GET /honeypot/honeypot.json.zip HTTP/1.1" 206 181500 "https://link.csdn.net/?target=http%3A%2F%2Fwww.secrepo.com%2Fhoneypot%2Fhoneypot.json.zip" "Mozilla/5.0 (Windows NT 10.0; Win64; x64) AppleWebKit/537.36 (KHTML, like Gecko) Chrome/102.0.0.0 Safari/537.36" 
219.230.72.211 - - [29/Jun/2022:00:02:19 -0700] "GET /honeypot/honeypot.json.zip HTTP/1.1" 206 177144 "https://link.csdn.net/?target=http%3A%2F%2Fwww.secrepo.com%2Fhoneypot%2Fhoneypot.json.zip" "Mozilla/5.0 (Windows NT 10.0; Win64; x64) AppleWebKit/537.36 (KHTML, like Gecko) Chrome/102.0.0.0 Safari/537.36" 
219.230.72.211 - - [29/Jun/2022:00:02:18 -0700] "GET /honeypot/honeypot.json.zip HTTP/1.1" 200 2076360 "https://link.csdn.net/?target=http%3A%2F%2Fwww.secrepo.com%2Fhoneypot%2Fhoneypot.json.zip" "Mozilla/5.0 (Windows NT 10.0; Win64; x64) AppleWebKit/537.36 (KHTML, like Gecko) Chrome/102.0.0.0 Safari/537.36" 
43.243.192.37 - - [29/Jun/2022:00:02:39 -0700] "GET /honeypot HTTP/1.1" 301 505 "https://link.csdn.net/?target=http%3A%2F%2Fwww.secrepo.com%2Fhoneypot" "Mozilla/5.0 (Windows NT 10.0; Win64; x64) AppleWebKit/537.36 (KHTML, like Gecko) Chrome/102.0.0.0 Safari/537.36" 
43.243.192.37 - - [29/Jun/2022:00:02:40 -0700] "GET /honeypot/ HTTP/1.1" 200 704 "https://link.csdn.net/?target=http%3A%2F%2Fwww.secrepo.com%2Fhoneypot" "Mozilla/5.0 (Windows NT 10.0; Win64; x64) AppleWebKit/537.36 (KHTML, like Gecko) Chrome/102.0.0.0 Safari/537.36" 
43.243.192.37 - - [29/Jun/2022:00:02:40 -0700] "GET /favicon.ico HTTP/1.1" 200 313 "http://www.secrepo.com/honeypot/" "Mozilla/5.0 (Windows NT 10.0; Win64; x64) AppleWebKit/537.36 (KHTML, like Gecko) Chrome/102.0.0.0 Safari/537.36" 
219.230.72.211 - - [29/Jun/2022:00:02:53 -0700] "GET /honeypot/honeypot.json.zip HTTP/1.1" 206 23771 "http://www.secrepo.com/honeypot/" "Mozilla/5.0 (Windows NT 10.0; Win64; x64) AppleWebKit/537.36 (KHTML, like Gecko) Chrome/102.0.0.0 Safari/537.36" 
219.230.72.211 - - [29/Jun/2022:00:02:53 -0700] "GET /honeypot/honeypot.json.zip HTTP/1.1" 200 2834304 "http://www.secrepo.com/honeypot/" "Mozilla/5.0 (Windows NT 10.0; Win64; x64) AppleWebKit/537.36 (KHTML, like Gecko) Chrome/102.0.0.0 Safari/537.36" 
219.230.72.211 - - [29/Jun/2022:00:02:54 -0700] "GET /honeypot/honeypot.json.zip HTTP/1.1" 206 5225907 "http://www.secrepo.com/honeypot/" "Mozilla/5.0 (Windows NT 10.0; Win64; x64) AppleWebKit/537.36 (KHTML, like Gecko) Chrome/102.0.0.0 Safari/537.36" 
219.230.72.211 - - [29/Jun/2022:00:03:06 -0700] "GET /honeypot/honeypot.json.zip HTTP/1.1" 206 2426347 "http://www.secrepo.com/honeypot/" "Mozilla/5.0 (Windows NT 10.0; Win64; x64) AppleWebKit/537.36 (KHTML, like Gecko) Chrome/102.0.0.0 Safari/537.36" 
219.230.72.211 - - [29/Jun/2022:00:02:54 -0700] "GET /honeypot/honeypot.json.zip HTTP/1.1" 206 3039036 "http://www.secrepo.com/honeypot/" "Mozilla/5.0 (Windows NT 10.0; Win64; x64) AppleWebKit/537.36 (KHTML, like Gecko) Chrome/102.0.0.0 Safari/537.36" 
219.230.72.211 - - [29/Jun/2022:00:04:13 -0700] "GET /honeypot/honeypot.json.zip HTTP/1.1" 206 511627 "http://www.secrepo.com/honeypot/" "Mozilla/5.0 (Windows NT 10.0; Win64; x64) AppleWebKit/537.36 (KHTML, like Gecko) Chrome/102.0.0.0 Safari/537.36" 
219.230.72.211 - - [29/Jun/2022:00:04:11 -0700] "GET /honeypot/honeypot.json.zip HTTP/1.1" 206 610829 "http://www.secrepo.com/honeypot/" "Mozilla/5.0 (Windows NT 10.0; Win64; x64) AppleWebKit/537.36 (KHTML, like Gecko) Chrome/102.0.0.0 Safari/537.36" 
219.230.72.211 - - [29/Jun/2022:00:04:19 -0700] "GET /honeypot/honeypot.json.zip HTTP/1.1" 206 130453 "http://www.secrepo.com/honeypot/" "Mozilla/5.0 (Windows NT 10.0; Win64; x64) AppleWebKit/537.36 (KHTML, like Gecko) Chrome/102.0.0.0 Safari/537.36" 
219.230.72.211 - - [29/Jun/2022:00:02:59 -0700] "GET /honeypot/honeypot.json.zip HTTP/1.1" 206 4585416 "http://www.secrepo.com/honeypot/" "Mozilla/5.0 (Windows NT 10.0; Win64; x64) AppleWebKit/537.36 (KHTML, like Gecko) Chrome/102.0.0.0 Safari/537.36" 
219.230.72.211 - - [29/Jun/2022:00:02:54 -0700] "GET /honeypot/honeypot.json.zip HTTP/1.1" 206 4824413 "http://www.secrepo.com/honeypot/" "Mozilla/5.0 (Windows NT 10.0; Win64; x64) AppleWebKit/537.36 (KHTML, like Gecko) Chrome/102.0.0.0 Safari/537.36" 
207.46.13.213 - - [29/Jun/2022:00:05:05 -0700] "GET /self.logs/ HTTP/1.1" 200 36971 "-" "Mozilla/5.0 (compatible; bingbot/2.0; +http://www.bing.com/bingbot.htm)" 
103.78.97.202 - - [29/Jun/2022:00:05:19 -0700] "GET / HTTP/1.1" 200 13184 "-" "Mozilla/5.0 (Windows NT 10.0; Win64; x64) AppleWebKit/537.36 (KHTML, like Gecko) Chrome/103.0.5060.53 Safari/537.36 Edg/103.0.1264.37" 
103.78.97.202 - - [29/Jun/2022:00:05:20 -0700] "GET /css/style.css HTTP/1.1" 404 305 "http://www.secrepo.com/" "Mozilla/5.0 (Windows NT 10.0; Win64; x64) AppleWebKit/537.36 (KHTML, like Gecko) Chrome/103.0.5060.53 Safari/537.36 Edg/103.0.1264.37" 
103.78.97.202 - - [29/Jun/2022:00:05:20 -0700] "GET /twitter-icon.png HTTP/1.1" 200 27916 "http://www.secrepo.com/" "Mozilla/5.0 (Windows NT 10.0; Win64; x64) AppleWebKit/537.36 (KHTML, like Gecko) Chrome/103.0.5060.53 Safari/537.36 Edg/103.0.1264.37" 
103.78.97.202 - - [29/Jun/2022:00:05:20 -0700] "GET /GitHub-Mark.png HTTP/1.1" 200 7533 "http://www.secrepo.com/" "Mozilla/5.0 (Windows NT 10.0; Win64; x64) AppleWebKit/537.36 (KHTML, like Gecko) Chrome/103.0.5060.53 Safari/537.36 Edg/103.0.1264.37" 
103.78.97.202 - - [29/Jun/2022:00:05:24 -0700] "GET /bootstrap/img/favicon.ico HTTP/1.1" 200 690 "http://www.secrepo.com/" "Mozilla/5.0 (Windows NT 10.0; Win64; x64) AppleWebKit/537.36 (KHTML, like Gecko) Chrome/103.0.5060.53 Safari/537.36 Edg/103.0.1264.37" 
114.119.149.228 - - [29/Jun/2022:00:08:48 -0700] "GET /self.logs/access.log.2019-05-03.gz HTTP/1.1" 200 23924 "-" "Mozilla/5.0 (compatible;PetalBot;+https://webmaster.petalsearch.com/site/petalbot)" 
157.90.181.151 - - [29/Jun/2022:00:28:40 -0700] "GET /robots.txt HTTP/1.1" 301 495 "-" "Mozilla/5.0 (compatible; BLEXBot/1.0; +http://webmeup-crawler.com/)" 
157.90.181.151 - - [29/Jun/2022:00:28:41 -0700] "GET /robots.txt HTTP/1.1" 200 377 "-" "Mozilla/5.0 (compatible; BLEXBot/1.0; +http://webmeup-crawler.com/)" 
157.90.181.151 - - [29/Jun/2022:00:28:43 -0700] "GET /sitemap HTTP/1.1" 301 489 "-" "Mozilla/5.0 (compatible; BLEXBot/1.0; +http://webmeup-crawler.com/)" 
157.90.181.151 - - [29/Jun/2022:00:28:43 -0700] "GET /robots.txt HTTP/1.1" 200 354 "-" "Mozilla/5.0 (compatible; BLEXBot/1.0; +http://webmeup-crawler.com/)" 
157.90.181.151 - - [29/Jun/2022:00:28:46 -0700] "GET /sitemap HTTP/1.1" 404 328 "-" "Mozilla/5.0 (compatible; BLEXBot/1.0; +http://webmeup-crawler.com/)" 
157.90.181.151 - - [29/Jun/2022:00:28:50 -0700] "GET /sitemap HTTP/1.1" 404 305 "-" "Mozilla/5.0 (compatible; BLEXBot/1.0; +http://webmeup-crawler.com/)" 
157.90.181.151 - - [29/Jun/2022:00:29:00 -0700] "GET /sitemap.txt HTTP/1.1" 301 497 "-" "Mozilla/5.0 (compatible; BLEXBot/1.0; +http://webmeup-crawler.com/)" 
157.90.181.151 - - [29/Jun/2022:00:29:01 -0700] "GET /sitemap.txt HTTP/1.1" 404 328 "-" "Mozilla/5.0 (compatible; BLEXBot/1.0; +http://webmeup-crawler.com/)" 
157.90.181.151 - - [29/Jun/2022:00:29:05 -0700] "GET /sitemap.txt HTTP/1.1" 404 305 "-" "Mozilla/5.0 (compatible; BLEXBot/1.0; +http://webmeup-crawler.com/)" 
157.90.181.151 - - [29/Jun/2022:00:29:25 -0700] "GET /Datasets%20Description/?C=D;O=A HTTP/1.1" 200 677 "-" "Mozilla/5.0 (compatible; BLEXBot/1.0; +http://webmeup-crawler.com/)" 
157.90.181.151 - - [29/Jun/2022:00:29:28 -0700] "GET /Datasets%20Description/?C=M;O=A HTTP/1.1" 200 654 "-" "Mozilla/5.0 (compatible; BLEXBot/1.0; +http://webmeup-crawler.com/)" 
157.90.181.151 - - [29/Jun/2022:00:29:33 -0700] "GET /Datasets%20Description/?C=N;O=D HTTP/1.1" 200 650 "-" "Mozilla/5.0 (compatible; BLEXBot/1.0; +http://webmeup-crawler.com/)" 
157.90.181.151 - - [29/Jun/2022:00:29:36 -0700] "GET /Datasets%20Description/?C=S;O=A HTTP/1.1" 200 654 "-" "Mozilla/5.0 (compatible; BLEXBot/1.0; +http://webmeup-crawler.com/)" 
157.90.181.151 - - [29/Jun/2022:00:29:38 -0700] "GET /Datasets%20Description/HTML_Bro_log_1/ HTTP/1.1" 200 811 "-" "Mozilla/5.0 (compatible; BLEXBot/1.0; +http://webmeup-crawler.com/)" 
157.90.181.151 - - [29/Jun/2022:00:29:45 -0700] "GET /Datasets%20Description/HTML_Bro_log_1/?C=D;O=D HTTP/1.1" 200 833 "-" "Mozilla/5.0 (compatible; BLEXBot/1.0; +http://webmeup-crawler.com/)" 
157.90.181.151 - - [29/Jun/2022:00:29:53 -0700] "GET /Datasets%20Description/HTML_Bro_log_1/?C=M;O=D HTTP/1.1" 200 833 "-" "Mozilla/5.0 (compatible; BLEXBot/1.0; +http://webmeup-crawler.com/)" 
157.90.181.151 - - [29/Jun/2022:00:29:55 -0700] "GET /Datasets%20Description/HTML_Bro_log_1/?C=N;O=A HTTP/1.1" 200 811 "-" "Mozilla/5.0 (compatible; BLEXBot/1.0; +http://webmeup-crawler.com/)" 
157.90.181.151 - - [29/Jun/2022:00:30:07 -0700] "GET /Datasets%20Description/HTML_Bro_log_1/?C=S;O=D HTTP/1.1" 200 829 "-" "Mozilla/5.0 (compatible; BLEXBot/1.0; +http://webmeup-crawler.com/)" 
114.119.149.237 - - [29/Jun/2022:00:30:13 -0700] "GET /self.logs/error.log.2018-01-12.gz HTTP/1.1" 200 1996 "-" "Mozilla/5.0 (compatible;PetalBot;+https://webmaster.petalsearch.com/site/petalbot)" 
157.90.181.151 - - [29/Jun/2022:00:31:02 -0700] "GET /Datasets%20Description/HTML_Bro_log_2/ HTTP/1.1" 200 832 "-" "Mozilla/5.0 (compatible; BLEXBot/1.0; +http://webmeup-crawler.com/)" 
157.90.181.151 - - [29/Jun/2022:00:31:10 -0700] "GET /Datasets%20Description/HTML_Bro_log_2/?C=D;O=D HTTP/1.1" 200 832 "-" "Mozilla/5.0 (compatible; BLEXBot/1.0; +http://webmeup-crawler.com/)" 
157.90.181.151 - - [29/Jun/2022:00:31:17 -0700] "GET /Datasets%20Description/HTML_Bro_log_2/?C=M;O=D HTTP/1.1" 200 832 "-" "Mozilla/5.0 (compatible; BLEXBot/1.0; +http://webmeup-crawler.com/)" 
157.90.181.151 - - [29/Jun/2022:00:31:20 -0700] "GET /Datasets%20Description/HTML_Bro_log_2/?C=N;O=A HTTP/1.1" 200 809 "-" "Mozilla/5.0 (compatible; BLEXBot/1.0; +http://webmeup-crawler.com/)" 
157.90.181.151 - - [29/Jun/2022:00:31:30 -0700] "GET /Datasets%20Description/HTML_Bro_log_2/?C=S;O=D HTTP/1.1" 200 827 "-" "Mozilla/5.0 (compatible; BLEXBot/1.0; +http://webmeup-crawler.com/)" 
157.90.181.151 - - [29/Jun/2022:00:31:43 -0700] "GET /Datasets%20Description/HTML_Bro_log_2/dhcp.html HTTP/1.1" 200 1737 "-" "Mozilla/5.0 (compatible; BLEXBot/1.0; +http://webmeup-crawler.com/)" 
157.90.181.151 - - [29/Jun/2022:00:32:23 -0700] "GET /Datasets%20Description/HTML_Bro_log_3/ HTTP/1.1" 200 823 "-" "Mozilla/5.0 (compatible; BLEXBot/1.0; +http://webmeup-crawler.com/)" 
157.90.181.151 - - [29/Jun/2022:00:32:30 -0700] "GET /Datasets%20Description/HTML_Bro_log_3/?C=D;O=D HTTP/1.1" 200 822 "-" "Mozilla/5.0 (compatible; BLEXBot/1.0; +http://webmeup-crawler.com/)" 
157.90.181.151 - - [29/Jun/2022:00:32:36 -0700] "GET /Datasets%20Description/HTML_Bro_log_3/?C=M;O=D HTTP/1.1" 200 822 "-" "Mozilla/5.0 (compatible; BLEXBot/1.0; +http://webmeup-crawler.com/)" 
157.90.181.151 - - [29/Jun/2022:00:32:38 -0700] "GET /Datasets%20Description/HTML_Bro_log_3/?C=N;O=A HTTP/1.1" 200 800 "-" "Mozilla/5.0 (compatible; BLEXBot/1.0; +http://webmeup-crawler.com/)" 
157.90.181.151 - - [29/Jun/2022:00:32:52 -0700] "GET /Datasets%20Description/HTML_Bro_log_3/?C=S;O=D HTTP/1.1" 200 819 "-" "Mozilla/5.0 (compatible; BLEXBot/1.0; +http://webmeup-crawler.com/)" 
157.90.181.151 - - [29/Jun/2022:00:33:18 -0700] "GET /Datasets%20Description/HTML_Bro_log_3/dns.html HTTP/1.1" 200 1830 "-" "Mozilla/5.0 (compatible; BLEXBot/1.0; +http://webmeup-crawler.com/)" 
157.90.181.151 - - [29/Jun/2022:00:34:02 -0700] "GET /Datasets%20Description/Network/ HTTP/1.1" 200 769 "-" "Mozilla/5.0 (compatible; BLEXBot/1.0; +http://webmeup-crawler.com/)" 
157.90.181.151 - - [29/Jun/2022:00:34:08 -0700] "GET /Datasets%20Description/PE_malware/ HTTP/1.1" 200 686 "-" "Mozilla/5.0 (compatible; BLEXBot/1.0; +http://webmeup-crawler.com/)" 
157.90.181.151 - - [29/Jun/2022:00:34:17 -0700] "GET /self.logs/2015/?C=D;O=A HTTP/1.1" 200 7621 "-" "Mozilla/5.0 (compatible; BLEXBot/1.0; +http://webmeup-crawler.com/)" 
157.90.181.151 - - [29/Jun/2022:00:34:20 -0700] "GET /self.logs/2015/?C=M;O=A HTTP/1.1" 200 7683 "-" "Mozilla/5.0 (compatible; BLEXBot/1.0; +http://webmeup-crawler.com/)" 
157.90.181.151 - - [29/Jun/2022:00:34:25 -0700] "GET /self.logs/2015/?C=N;O=D HTTP/1.1" 200 7744 "-" "Mozilla/5.0 (compatible; BLEXBot/1.0; +http://webmeup-crawler.com/)" 
157.90.181.151 - - [29/Jun/2022:00:34:27 -0700] "GET /self.logs/2015/?C=S;O=A HTTP/1.1" 200 8265 "-" "Mozilla/5.0 (compatible; BLEXBot/1.0; +http://webmeup-crawler.com/)" 
157.90.181.151 - - [29/Jun/2022:00:34:38 -0700] "GET /self.logs/2016/?C=D;O=A HTTP/1.1" 200 7860 "-" "Mozilla/5.0 (compatible; BLEXBot/1.0; +http://webmeup-crawler.com/)" 
157.90.181.151 - - [29/Jun/2022:00:34:43 -0700] "GET /self.logs/2016/?C=M;O=A HTTP/1.1" 200 8006 "-" "Mozilla/5.0 (compatible; BLEXBot/1.0; +http://webmeup-crawler.com/)" 
157.90.181.151 - - [29/Jun/2022:00:34:46 -0700] "GET /self.logs/2016/?C=N;O=D HTTP/1.1" 200 8049 "-" "Mozilla/5.0 (compatible; BLEXBot/1.0; +http://webmeup-crawler.com/)" 
123.125.109.129 - - [29/Jun/2022:00:34:48 -0700] "GET / HTTP/1.1" 200 13148 "-" "Sogou web spider/4.0(+http://www.sogou.com/docs/help/webmasters.htm#07)" 
157.90.181.151 - - [29/Jun/2022:00:34:48 -0700] "GET /self.logs/2016/?C=S;O=A HTTP/1.1" 200 8560 "-" "Mozilla/5.0 (compatible; BLEXBot/1.0; +http://webmeup-crawler.com/)" 
157.90.181.151 - - [29/Jun/2022:00:35:07 -0700] "GET /self.logs/?C=D;O=D HTTP/1.1" 200 37991 "-" "Mozilla/5.0 (compatible; BLEXBot/1.0; +http://webmeup-crawler.com/)" 
157.90.181.151 - - [29/Jun/2022:00:35:17 -0700] "GET /self.logs/?C=M;O=D HTTP/1.1" 200 39990 "-" "Mozilla/5.0 (compatible; BLEXBot/1.0; +http://webmeup-crawler.com/)" 
157.90.181.151 - - [29/Jun/2022:00:35:20 -0700] "GET /self.logs/?C=N;O=A HTTP/1.1" 200 36948 "-" "Mozilla/5.0 (compatible; BLEXBot/1.0; +http://webmeup-crawler.com/)" 
157.90.181.151 - - [29/Jun/2022:00:35:30 -0700] "GET /self.logs/?C=S;O=D HTTP/1.1" 200 44238 "-" "Mozilla/5.0 (compatible; BLEXBot/1.0; +http://webmeup-crawler.com/)" 
114.119.149.23 - - [29/Jun/2022:00:40:55 -0700] "GET /self.logs/error.log.2019-02-07.gz HTTP/1.1" 200 3715 "-" "Mozilla/5.0 (compatible;PetalBot;+https://webmaster.petalsearch.com/site/petalbot)" 
207.46.13.213 - - [29/Jun/2022:00:41:18 -0700] "GET /self.logs/ HTTP/1.1" 200 36971 "-" "Mozilla/5.0 (compatible; bingbot/2.0; +http://www.bing.com/bingbot.htm)" 
216.244.66.245 - - [29/Jun/2022:00:50:58 -0700] "GET /robots.txt HTTP/1.1" 200 333 "-" "Mozilla/5.0 (compatible; DotBot/1.2; +https://opensiteexplorer.org/dotbot; help@moz.com)" 
216.244.66.245 - - [29/Jun/2022:00:55:19 -0700] "GET /self.logs/error.log.2022-05-19.gz HTTP/1.1" 200 4798 "-" "Mozilla/5.0 (compatible; DotBot/1.2; +https://opensiteexplorer.org/dotbot; help@moz.com)" 
114.119.149.237 - - [29/Jun/2022:01:02:20 -0700] "GET /self.logs/error.log.2018-10-29.gz HTTP/1.1" 200 4349 "-" "Mozilla/5.0 (compatible;PetalBot;+https://webmaster.petalsearch.com/site/petalbot)" 
207.46.13.213 - - [29/Jun/2022:01:09:22 -0700] "GET /self.logs/2015/error.log.2015-08-06.gz HTTP/1.1" 200 792 "-" "Mozilla/5.0 (compatible; bingbot/2.0; +http://www.bing.com/bingbot.htm)" 
114.119.145.137 - - [29/Jun/2022:01:12:58 -0700] "GET /self.logs/2015/error.log.2015-02-19.gz HTTP/1.1" 200 5455 "-" "Mozilla/5.0 (compatible;PetalBot;+https://webmaster.petalsearch.com/site/petalbot)" 
82.222.128.66 - - [29/Jun/2022:01:14:19 -0700] "GET / HTTP/1.1" 200 13142 "-" "Mozilla/5.0 (Windows NT 10.0; Win64; x64) AppleWebKit/537.36 (KHTML, like Gecko) Chrome/102.0.0.0 Safari/537.36" 
82.222.128.66 - - [29/Jun/2022:01:14:22 -0700] "GET /css/style.css HTTP/1.1" 404 284 "http://www.secrepo.com/" "Mozilla/5.0 (Windows NT 10.0; Win64; x64) AppleWebKit/537.36 (KHTML, like Gecko) Chrome/102.0.0.0 Safari/537.36" 
82.222.128.66 - - [29/Jun/2022:01:14:22 -0700] "GET /GitHub-Mark.png HTTP/1.1" 200 7478 "http://www.secrepo.com/" "Mozilla/5.0 (Windows NT 10.0; Win64; x64) AppleWebKit/537.36 (KHTML, like Gecko) Chrome/102.0.0.0 Safari/537.36" 
82.222.128.66 - - [29/Jun/2022:01:14:22 -0700] "GET /twitter-icon.png HTTP/1.1" 200 27838 "http://www.secrepo.com/" "Mozilla/5.0 (Windows NT 10.0; Win64; x64) AppleWebKit/537.36 (KHTML, like Gecko) Chrome/102.0.0.0 Safari/537.36" 
82.222.128.66 - - [29/Jun/2022:01:14:23 -0700] "GET /bootstrap/img/favicon.ico HTTP/1.1" 200 635 "http://www.secrepo.com/" "Mozilla/5.0 (Windows NT 10.0; Win64; x64) AppleWebKit/537.36 (KHTML, like Gecko) Chrome/102.0.0.0 Safari/537.36" 
207.46.13.213 - - [29/Jun/2022:01:16:34 -0700] "GET /self.logs/ HTTP/1.1" 200 36971 "-" "Mozilla/5.0 (compatible; bingbot/2.0; +http://www.bing.com/bingbot.htm)" 
114.119.149.228 - - [29/Jun/2022:01:23:30 -0700] "GET /self.logs/error.log.2017-10-17.gz HTTP/1.1" 200 4125 "-" "Mozilla/5.0 (compatible;PetalBot;+https://webmaster.petalsearch.com/site/petalbot)" 
103.131.71.217 - - [29/Jun/2022:01:28:44 -0700] "GET /robots.txt HTTP/1.1" 301 458 "-" "Mozilla/5.0 (compatible; coccocbot-image/1.0; +http://help.coccoc.com/searchengine)" 
103.131.71.217 - - [29/Jun/2022:01:28:47 -0700] "GET /robots.txt HTTP/1.1" 200 340 "-" "Mozilla/5.0 (compatible; coccocbot-image/1.0; +http://help.coccoc.com/searchengine)" 
114.119.149.23 - - [29/Jun/2022:01:34:05 -0700] "GET /self.logs/error.log.2018-01-06.gz HTTP/1.1" 200 5817 "-" "Mozilla/5.0 (compatible;PetalBot;+https://webmaster.petalsearch.com/site/petalbot)" 
216.244.66.245 - - [29/Jun/2022:01:43:43 -0700] "GET /robots.txt HTTP/1.1" 200 333 "-" "Mozilla/5.0 (compatible; DotBot/1.2; +https://opensiteexplorer.org/dotbot; help@moz.com)" 
114.119.149.228 - - [29/Jun/2022:01:44:30 -0700] "GET /self.logs/access.log.2018-01-04.gz HTTP/1.1" 200 25379 "-" "Mozilla/5.0 (compatible;PetalBot;+https://webmaster.petalsearch.com/site/petalbot)" 
216.244.66.245 - - [29/Jun/2022:01:49:43 -0700] "GET /self.logs/access.log.2022-06-17.gz HTTP/1.1" 200 15268 "-" "Mozilla/5.0 (compatible; DotBot/1.2; +https://opensiteexplorer.org/dotbot; help@moz.com)" 
51.222.253.9 - - [29/Jun/2022:01:51:57 -0700] "GET / HTTP/1.1" 200 13142 "-" "Mozilla/5.0 (compatible; AhrefsBot/7.0; +http://ahrefs.com/robot/)" 
51.222.253.4 - - [29/Jun/2022:01:52:00 -0700] "GET /css/style.css HTTP/1.1" 404 284 "-" "Mozilla/5.0 (compatible; AhrefsBot/7.0; +http://ahrefs.com/robot/)" 
51.222.253.6 - - [29/Jun/2022:01:52:00 -0700] "GET /GitHub-Mark.png HTTP/1.1" 200 7512 "-" "Mozilla/5.0 (compatible; AhrefsBot/7.0; +http://ahrefs.com/robot/)" 
114.119.149.237 - - [29/Jun/2022:01:55:11 -0700] "GET /self.logs/access.log.2018-11-11.gz HTTP/1.1" 200 19969 "-" "Mozilla/5.0 (compatible;PetalBot;+https://webmaster.petalsearch.com/site/petalbot)" 
207.46.13.213 - - [29/Jun/2022:02:04:26 -0700] "GET /self.logs/ HTTP/1.1" 200 36971 "-" "Mozilla/5.0 (compatible; bingbot/2.0; +http://www.bing.com/bingbot.htm)" 
206.47.249.246 - - [29/Jun/2022:02:10:51 -0700] "GET /self.logs/error.log.2019-04-23.gz HTTP/1.1" 304 280 "-" "Mozilla/4.0 (compatible;)" 
220.181.41.23 - - [29/Jun/2022:02:21:12 -0700] "GET / HTTP/1.1" 200 13186 "https://www.csdn.net/tags/OtDaIg1sNzgyMzAtYmxvZwO0O0OO0O0O.html" "Mozilla/5.0 (Windows NT 10.0; Win64; x64) AppleWebKit/537.36 (KHTML, like Gecko) Chrome/102.0.0.0 Safari/537.36" 
220.181.41.23 - - [29/Jun/2022:02:21:13 -0700] "GET /css/style.css HTTP/1.1" 404 305 "http://www.secrepo.com/" "Mozilla/5.0 (Windows NT 10.0; Win64; x64) AppleWebKit/537.36 (KHTML, like Gecko) Chrome/102.0.0.0 Safari/537.36" 
220.181.41.23 - - [29/Jun/2022:02:21:13 -0700] "GET /twitter-icon.png HTTP/1.1" 200 27916 "http://www.secrepo.com/" "Mozilla/5.0 (Windows NT 10.0; Win64; x64) AppleWebKit/537.36 (KHTML, like Gecko) Chrome/102.0.0.0 Safari/537.36" 
220.181.41.23 - - [29/Jun/2022:02:21:13 -0700] "GET /GitHub-Mark.png HTTP/1.1" 200 7556 "http://www.secrepo.com/" "Mozilla/5.0 (Windows NT 10.0; Win64; x64) AppleWebKit/537.36 (KHTML, like Gecko) Chrome/102.0.0.0 Safari/537.36" 
207.46.13.213 - - [29/Jun/2022:02:28:19 -0700] "GET /self.logs/ HTTP/1.1" 200 36971 "-" "Mozilla/5.0 (compatible; bingbot/2.0; +http://www.bing.com/bingbot.htm)" 
220.181.41.23 - - [29/Jun/2022:02:29:35 -0700] "GET /GitHub-Mark.png HTTP/1.1" 200 7556 "http://www.secrepo.com/" "Mozilla/5.0 (Windows NT 10.0; Win64; x64) AppleWebKit/537.36 (KHTML, like Gecko) Chrome/102.0.0.0 Safari/537.36" 
220.181.41.23 - - [29/Jun/2022:02:29:37 -0700] "GET /bootstrap/img/favicon.ico HTTP/1.1" 200 690 "http://www.secrepo.com/" "Mozilla/5.0 (Windows NT 10.0; Win64; x64) AppleWebKit/537.36 (KHTML, like Gecko) Chrome/102.0.0.0 Safari/537.36" 
54.165.62.22 - - [29/Jun/2022:02:30:03 -0700] "GET / HTTP/1.1" 200 13186 "-" "Iframely/1.3.1 (+https://iframely.com/docs/about) Atlassian" 
216.244.66.245 - - [29/Jun/2022:02:38:34 -0700] "GET /robots.txt HTTP/1.1" 200 333 "-" "Mozilla/5.0 (compatible; DotBot/1.2; +https://opensiteexplorer.org/dotbot; help@moz.com)" 
