125.65.229.224 - - [17/Sep/2022:16:28:39 -0700] "GET /install/nginx.php HTTP/1.1" 404 250 "http://www.secrepo.com/install/nginx.php" "Mozilla/4.0 (compatible; MSIE 7.0; Windows NT 6.1; WOW64; Trident/7.0; SLCC2; .NET CLR 2.0.50727; .NET CLR 3.5.30729; .NET CLR 3.0.30729; Media Center PC 6.0; .NET4.0C; .NET4.0E)" 
110.190.178.250 - - [17/Sep/2022:16:28:39 -0700] "GET /install/admins.php HTTP/1.1" 404 250 "http://www.secrepo.com/install/admins.php" "Mozilla/4.0 (compatible; MSIE 7.0; Windows NT 6.1; WOW64; Trident/7.0; SLCC2; .NET CLR 2.0.50727; .NET CLR 3.5.30729; .NET CLR 3.0.30729; Media Center PC 6.0; .NET4.0C; .NET4.0E)" 
171.217.250.71 - - [17/Sep/2022:16:28:39 -0700] "GET /install/newfile.php HTTP/1.1" 404 250 "http://www.secrepo.com/install/newfile.php" "Mozilla/4.0 (compatible; MSIE 7.0; Windows NT 6.1; WOW64; Trident/7.0; SLCC2; .NET CLR 2.0.50727; .NET CLR 3.5.30729; .NET CLR 3.0.30729; Media Center PC 6.0; .NET4.0C; .NET4.0E)" 
125.65.228.212 - - [17/Sep/2022:16:28:39 -0700] "GET /install/apache.php HTTP/1.1" 404 250 "http://www.secrepo.com/install/apache.php" "Mozilla/4.0 (compatible; MSIE 7.0; Windows NT 6.1; WOW64; Trident/7.0; SLCC2; .NET CLR 2.0.50727; .NET CLR 3.5.30729; .NET CLR 3.0.30729; Media Center PC 6.0; .NET4.0C; .NET4.0E)" 
125.65.229.224 - - [17/Sep/2022:16:28:40 -0700] "GET /install/a.php HTTP/1.1" 404 250 "http://www.secrepo.com/install/a.php" "Mozilla/4.0 (compatible; MSIE 7.0; Windows NT 6.1; WOW64; Trident/7.0; SLCC2; .NET CLR 2.0.50727; .NET CLR 3.5.30729; .NET CLR 3.0.30729; Media Center PC 6.0; .NET4.0C; .NET4.0E)" 
110.190.178.250 - - [17/Sep/2022:16:28:40 -0700] "GET /install/1234.php HTTP/1.1" 404 250 "http://www.secrepo.com/install/1234.php" "Mozilla/4.0 (compatible; MSIE 7.0; Windows NT 6.1; WOW64; Trident/7.0; SLCC2; .NET CLR 2.0.50727; .NET CLR 3.5.30729; .NET CLR 3.0.30729; Media Center PC 6.0; .NET4.0C; .NET4.0E)" 
171.217.250.71 - - [17/Sep/2022:16:28:40 -0700] "GET /m/wdf.php HTTP/1.1" 404 250 "http://www.secrepo.com/m/wdf.php" "Mozilla/4.0 (compatible; MSIE 7.0; Windows NT 6.1; WOW64; Trident/7.0; SLCC2; .NET CLR 2.0.50727; .NET CLR 3.5.30729; .NET CLR 3.0.30729; Media Center PC 6.0; .NET4.0C; .NET4.0E)" 
125.65.228.212 - - [17/Sep/2022:16:28:40 -0700] "GET /m/admin.php HTTP/1.1" 404 250 "http://www.secrepo.com/m/admin.php" "Mozilla/4.0 (compatible; MSIE 7.0; Windows NT 6.1; WOW64; Trident/7.0; SLCC2; .NET CLR 2.0.50727; .NET CLR 3.5.30729; .NET CLR 3.0.30729; Media Center PC 6.0; .NET4.0C; .NET4.0E)" 
125.65.229.224 - - [17/Sep/2022:16:28:40 -0700] "GET /m/1.php HTTP/1.1" 404 250 "http://www.secrepo.com/m/1.php" "Mozilla/4.0 (compatible; MSIE 7.0; Windows NT 6.1; WOW64; Trident/7.0; SLCC2; .NET CLR 2.0.50727; .NET CLR 3.5.30729; .NET CLR 3.0.30729; Media Center PC 6.0; .NET4.0C; .NET4.0E)" 
110.190.178.250 - - [17/Sep/2022:16:28:40 -0700] "GET /m/demodata.php HTTP/1.1" 404 250 "http://www.secrepo.com/m/demodata.php" "Mozilla/4.0 (compatible; MSIE 7.0; Windows NT 6.1; WOW64; Trident/7.0; SLCC2; .NET CLR 2.0.50727; .NET CLR 3.5.30729; .NET CLR 3.0.30729; Media Center PC 6.0; .NET4.0C; .NET4.0E)" 
171.217.250.71 - - [17/Sep/2022:16:28:40 -0700] "GET /m/nginx.php HTTP/1.1" 404 250 "http://www.secrepo.com/m/nginx.php" "Mozilla/4.0 (compatible; MSIE 7.0; Windows NT 6.1; WOW64; Trident/7.0; SLCC2; .NET CLR 2.0.50727; .NET CLR 3.5.30729; .NET CLR 3.0.30729; Media Center PC 6.0; .NET4.0C; .NET4.0E)" 
125.65.228.212 - - [17/Sep/2022:16:28:40 -0700] "GET /m/newfile.php HTTP/1.1" 404 250 "http://www.secrepo.com/m/newfile.php" "Mozilla/4.0 (compatible; MSIE 7.0; Windows NT 6.1; WOW64; Trident/7.0; SLCC2; .NET CLR 2.0.50727; .NET CLR 3.5.30729; .NET CLR 3.0.30729; Media Center PC 6.0; .NET4.0C; .NET4.0E)" 
125.65.229.224 - - [17/Sep/2022:16:28:40 -0700] "GET /m/a.php HTTP/1.1" 404 250 "http://www.secrepo.com/m/a.php" "Mozilla/4.0 (compatible; MSIE 7.0; Windows NT 6.1; WOW64; Trident/7.0; SLCC2; .NET CLR 2.0.50727; .NET CLR 3.5.30729; .NET CLR 3.0.30729; Media Center PC 6.0; .NET4.0C; .NET4.0E)" 
110.190.178.250 - - [17/Sep/2022:16:28:40 -0700] "GET /templets/admin.php HTTP/1.1" 404 250 "http://www.secrepo.com/templets/admin.php" "Mozilla/4.0 (compatible; MSIE 7.0; Windows NT 6.1; WOW64; Trident/7.0; SLCC2; .NET CLR 2.0.50727; .NET CLR 3.5.30729; .NET CLR 3.0.30729; Media Center PC 6.0; .NET4.0C; .NET4.0E)" 
171.217.250.71 - - [17/Sep/2022:16:28:40 -0700] "GET /templets/demodata.php HTTP/1.1" 404 250 "http://www.secrepo.com/templets/demodata.php" "Mozilla/4.0 (compatible; MSIE 7.0; Windows NT 6.1; WOW64; Trident/7.0; SLCC2; .NET CLR 2.0.50727; .NET CLR 3.5.30729; .NET CLR 3.0.30729; Media Center PC 6.0; .NET4.0C; .NET4.0E)" 
125.65.228.250 - - [17/Sep/2022:16:28:40 -0700] "GET /m/admins.php HTTP/1.1" 404 284 "http://www.secrepo.com/m/admins.php" "Mozilla/4.0 (compatible; MSIE 7.0; Windows NT 6.1; WOW64; Trident/7.0; SLCC2; .NET CLR 2.0.50727; .NET CLR 3.5.30729; .NET CLR 3.0.30729; Media Center PC 6.0; .NET4.0C; .NET4.0E)" 
125.65.228.212 - - [17/Sep/2022:16:28:40 -0700] "GET /templets/nginx.php HTTP/1.1" 404 250 "http://www.secrepo.com/templets/nginx.php" "Mozilla/4.0 (compatible; MSIE 7.0; Windows NT 6.1; WOW64; Trident/7.0; SLCC2; .NET CLR 2.0.50727; .NET CLR 3.5.30729; .NET CLR 3.0.30729; Media Center PC 6.0; .NET4.0C; .NET4.0E)" 
125.65.228.49 - - [17/Sep/2022:16:28:40 -0700] "GET /m/apache.php HTTP/1.1" 404 284 "http://www.secrepo.com/m/apache.php" "Mozilla/4.0 (compatible; MSIE 7.0; Windows NT 6.1; WOW64; Trident/7.0; SLCC2; .NET CLR 2.0.50727; .NET CLR 3.5.30729; .NET CLR 3.0.30729; Media Center PC 6.0; .NET4.0C; .NET4.0E)" 
171.217.251.151 - - [17/Sep/2022:16:28:40 -0700] "GET /m/1234.php HTTP/1.1" 404 284 "http://www.secrepo.com/m/1234.php" "Mozilla/4.0 (compatible; MSIE 7.0; Windows NT 6.1; WOW64; Trident/7.0; SLCC2; .NET CLR 2.0.50727; .NET CLR 3.5.30729; .NET CLR 3.0.30729; Media Center PC 6.0; .NET4.0C; .NET4.0E)" 
125.65.229.224 - - [17/Sep/2022:16:28:40 -0700] "GET /templets/admins.php HTTP/1.1" 404 250 "http://www.secrepo.com/templets/admins.php" "Mozilla/4.0 (compatible; MSIE 7.0; Windows NT 6.1; WOW64; Trident/7.0; SLCC2; .NET CLR 2.0.50727; .NET CLR 3.5.30729; .NET CLR 3.0.30729; Media Center PC 6.0; .NET4.0C; .NET4.0E)" 
171.217.250.73 - - [17/Sep/2022:16:28:40 -0700] "GET /m/x.php HTTP/1.1" 404 284 "http://www.secrepo.com/m/x.php" "Mozilla/4.0 (compatible; MSIE 7.0; Windows NT 6.1; WOW64; Trident/7.0; SLCC2; .NET CLR 2.0.50727; .NET CLR 3.5.30729; .NET CLR 3.0.30729; Media Center PC 6.0; .NET4.0C; .NET4.0E)" 
110.190.178.211 - - [17/Sep/2022:16:28:40 -0700] "GET /templets/1.php HTTP/1.1" 404 284 "http://www.secrepo.com/templets/1.php" "Mozilla/4.0 (compatible; MSIE 7.0; Windows NT 6.1; WOW64; Trident/7.0; SLCC2; .NET CLR 2.0.50727; .NET CLR 3.5.30729; .NET CLR 3.0.30729; Media Center PC 6.0; .NET4.0C; .NET4.0E)" 
110.190.178.250 - - [17/Sep/2022:16:28:40 -0700] "GET /templets/wdf.php HTTP/1.1" 404 284 "http://www.secrepo.com/templets/wdf.php" "Mozilla/4.0 (compatible; MSIE 7.0; Windows NT 6.1; WOW64; Trident/7.0; SLCC2; .NET CLR 2.0.50727; .NET CLR 3.5.30729; .NET CLR 3.0.30729; Media Center PC 6.0; .NET4.0C; .NET4.0E)" 
110.190.178.250 - - [17/Sep/2022:16:28:40 -0700] "GET /templets/newfile.php HTTP/1.1" 404 250 "http://www.secrepo.com/templets/newfile.php" "Mozilla/4.0 (compatible; MSIE 7.0; Windows NT 6.1; WOW64; Trident/7.0; SLCC2; .NET CLR 2.0.50727; .NET CLR 3.5.30729; .NET CLR 3.0.30729; Media Center PC 6.0; .NET4.0C; .NET4.0E)" 
171.217.250.71 - - [17/Sep/2022:16:28:40 -0700] "GET /templets/apache.php HTTP/1.1" 404 250 "http://www.secrepo.com/templets/apache.php" "Mozilla/4.0 (compatible; MSIE 7.0; Windows NT 6.1; WOW64; Trident/7.0; SLCC2; .NET CLR 2.0.50727; .NET CLR 3.5.30729; .NET CLR 3.0.30729; Media Center PC 6.0; .NET4.0C; .NET4.0E)" 
125.65.228.250 - - [17/Sep/2022:16:28:40 -0700] "GET /templets/a.php HTTP/1.1" 404 250 "http://www.secrepo.com/templets/a.php" "Mozilla/4.0 (compatible; MSIE 7.0; Windows NT 6.1; WOW64; Trident/7.0; SLCC2; .NET CLR 2.0.50727; .NET CLR 3.5.30729; .NET CLR 3.0.30729; Media Center PC 6.0; .NET4.0C; .NET4.0E)" 
125.65.228.212 - - [17/Sep/2022:16:28:41 -0700] "GET /templets/1234.php HTTP/1.1" 404 250 "http://www.secrepo.com/templets/1234.php" "Mozilla/4.0 (compatible; MSIE 7.0; Windows NT 6.1; WOW64; Trident/7.0; SLCC2; .NET CLR 2.0.50727; .NET CLR 3.5.30729; .NET CLR 3.0.30729; Media Center PC 6.0; .NET4.0C; .NET4.0E)" 
125.65.228.49 - - [17/Sep/2022:16:28:41 -0700] "GET /templets/x.php HTTP/1.1" 404 250 "http://www.secrepo.com/templets/x.php" "Mozilla/4.0 (compatible; MSIE 7.0; Windows NT 6.1; WOW64; Trident/7.0; SLCC2; .NET CLR 2.0.50727; .NET CLR 3.5.30729; .NET CLR 3.0.30729; Media Center PC 6.0; .NET4.0C; .NET4.0E)" 
171.217.251.151 - - [17/Sep/2022:16:28:41 -0700] "GET /uploads/wdf.php HTTP/1.1" 404 250 "http://www.secrepo.com/uploads/wdf.php" "Mozilla/4.0 (compatible; MSIE 7.0; Windows NT 6.1; WOW64; Trident/7.0; SLCC2; .NET CLR 2.0.50727; .NET CLR 3.5.30729; .NET CLR 3.0.30729; Media Center PC 6.0; .NET4.0C; .NET4.0E)" 
125.65.229.224 - - [17/Sep/2022:16:28:41 -0700] "GET /uploads/admin.php HTTP/1.1" 404 250 "http://www.secrepo.com/uploads/admin.php" "Mozilla/4.0 (compatible; MSIE 7.0; Windows NT 6.1; WOW64; Trident/7.0; SLCC2; .NET CLR 2.0.50727; .NET CLR 3.5.30729; .NET CLR 3.0.30729; Media Center PC 6.0; .NET4.0C; .NET4.0E)" 
110.190.178.211 - - [17/Sep/2022:16:28:41 -0700] "GET /uploads/1.php HTTP/1.1" 404 250 "http://www.secrepo.com/uploads/1.php" "Mozilla/4.0 (compatible; MSIE 7.0; Windows NT 6.1; WOW64; Trident/7.0; SLCC2; .NET CLR 2.0.50727; .NET CLR 3.5.30729; .NET CLR 3.0.30729; Media Center PC 6.0; .NET4.0C; .NET4.0E)" 
171.217.250.73 - - [17/Sep/2022:16:28:41 -0700] "GET /uploads/demodata.php HTTP/1.1" 404 250 "http://www.secrepo.com/uploads/demodata.php" "Mozilla/4.0 (compatible; MSIE 7.0; Windows NT 6.1; WOW64; Trident/7.0; SLCC2; .NET CLR 2.0.50727; .NET CLR 3.5.30729; .NET CLR 3.0.30729; Media Center PC 6.0; .NET4.0C; .NET4.0E)" 
110.190.178.250 - - [17/Sep/2022:16:28:41 -0700] "GET /uploads/nginx.php HTTP/1.1" 404 250 "http://www.secrepo.com/uploads/nginx.php" "Mozilla/4.0 (compatible; MSIE 7.0; Windows NT 6.1; WOW64; Trident/7.0; SLCC2; .NET CLR 2.0.50727; .NET CLR 3.5.30729; .NET CLR 3.0.30729; Media Center PC 6.0; .NET4.0C; .NET4.0E)" 
110.190.178.250 - - [17/Sep/2022:16:28:41 -0700] "GET /uploads/admins.php HTTP/1.1" 404 250 "http://www.secrepo.com/uploads/admins.php" "Mozilla/4.0 (compatible; MSIE 7.0; Windows NT 6.1; WOW64; Trident/7.0; SLCC2; .NET CLR 2.0.50727; .NET CLR 3.5.30729; .NET CLR 3.0.30729; Media Center PC 6.0; .NET4.0C; .NET4.0E)" 
171.217.250.71 - - [17/Sep/2022:16:28:41 -0700] "GET /uploads/newfile.php HTTP/1.1" 404 250 "http://www.secrepo.com/uploads/newfile.php" "Mozilla/4.0 (compatible; MSIE 7.0; Windows NT 6.1; WOW64; Trident/7.0; SLCC2; .NET CLR 2.0.50727; .NET CLR 3.5.30729; .NET CLR 3.0.30729; Media Center PC 6.0; .NET4.0C; .NET4.0E)" 
125.65.228.250 - - [17/Sep/2022:16:28:41 -0700] "GET /uploads/a.php HTTP/1.1" 404 250 "http://www.secrepo.com/uploads/a.php" "Mozilla/4.0 (compatible; MSIE 7.0; Windows NT 6.1; WOW64; Trident/7.0; SLCC2; .NET CLR 2.0.50727; .NET CLR 3.5.30729; .NET CLR 3.0.30729; Media Center PC 6.0; .NET4.0C; .NET4.0E)" 
125.65.228.212 - - [17/Sep/2022:16:28:41 -0700] "GET /uploads/x.php HTTP/1.1" 404 250 "http://www.secrepo.com/uploads/x.php" "Mozilla/4.0 (compatible; MSIE 7.0; Windows NT 6.1; WOW64; Trident/7.0; SLCC2; .NET CLR 2.0.50727; .NET CLR 3.5.30729; .NET CLR 3.0.30729; Media Center PC 6.0; .NET4.0C; .NET4.0E)" 
125.65.228.49 - - [17/Sep/2022:16:28:41 -0700] "GET /upload/wdf.php HTTP/1.1" 404 250 "http://www.secrepo.com/upload/wdf.php" "Mozilla/4.0 (compatible; MSIE 7.0; Windows NT 6.1; WOW64; Trident/7.0; SLCC2; .NET CLR 2.0.50727; .NET CLR 3.5.30729; .NET CLR 3.0.30729; Media Center PC 6.0; .NET4.0C; .NET4.0E)" 
125.65.228.250 - - [17/Sep/2022:16:28:41 -0700] "GET /data/1.php HTTP/1.1" 404 284 "http://www.secrepo.com/data/1.php" "Mozilla/4.0 (compatible; MSIE 7.0; Windows NT 6.1; WOW64; Trident/7.0; SLCC2; .NET CLR 2.0.50727; .NET CLR 3.5.30729; .NET CLR 3.0.30729; Media Center PC 6.0; .NET4.0C; .NET4.0E)" 
171.217.251.151 - - [17/Sep/2022:16:28:41 -0700] "GET /upload/1.php HTTP/1.1" 404 250 "http://www.secrepo.com/upload/1.php" "Mozilla/4.0 (compatible; MSIE 7.0; Windows NT 6.1; WOW64; Trident/7.0; SLCC2; .NET CLR 2.0.50727; .NET CLR 3.5.30729; .NET CLR 3.0.30729; Media Center PC 6.0; .NET4.0C; .NET4.0E)" 
125.65.229.224 - - [17/Sep/2022:16:28:41 -0700] "GET /upload/demodata.php HTTP/1.1" 404 250 "http://www.secrepo.com/upload/demodata.php" "Mozilla/4.0 (compatible; MSIE 7.0; Windows NT 6.1; WOW64; Trident/7.0; SLCC2; .NET CLR 2.0.50727; .NET CLR 3.5.30729; .NET CLR 3.0.30729; Media Center PC 6.0; .NET4.0C; .NET4.0E)" 
110.190.178.211 - - [17/Sep/2022:16:28:41 -0700] "GET /upload/nginx.php HTTP/1.1" 404 250 "http://www.secrepo.com/upload/nginx.php" "Mozilla/4.0 (compatible; MSIE 7.0; Windows NT 6.1; WOW64; Trident/7.0; SLCC2; .NET CLR 2.0.50727; .NET CLR 3.5.30729; .NET CLR 3.0.30729; Media Center PC 6.0; .NET4.0C; .NET4.0E)" 
171.217.250.73 - - [17/Sep/2022:16:28:41 -0700] "GET /upload/admins.php HTTP/1.1" 404 250 "http://www.secrepo.com/upload/admins.php" "Mozilla/4.0 (compatible; MSIE 7.0; Windows NT 6.1; WOW64; Trident/7.0; SLCC2; .NET CLR 2.0.50727; .NET CLR 3.5.30729; .NET CLR 3.0.30729; Media Center PC 6.0; .NET4.0C; .NET4.0E)" 
110.190.178.250 - - [17/Sep/2022:16:28:41 -0700] "GET /upload/newfile.php HTTP/1.1" 404 250 "http://www.secrepo.com/upload/newfile.php" "Mozilla/4.0 (compatible; MSIE 7.0; Windows NT 6.1; WOW64; Trident/7.0; SLCC2; .NET CLR 2.0.50727; .NET CLR 3.5.30729; .NET CLR 3.0.30729; Media Center PC 6.0; .NET4.0C; .NET4.0E)" 
110.190.178.250 - - [17/Sep/2022:16:28:41 -0700] "GET /upload/apache.php HTTP/1.1" 404 250 "http://www.secrepo.com/upload/apache.php" "Mozilla/4.0 (compatible; MSIE 7.0; Windows NT 6.1; WOW64; Trident/7.0; SLCC2; .NET CLR 2.0.50727; .NET CLR 3.5.30729; .NET CLR 3.0.30729; Media Center PC 6.0; .NET4.0C; .NET4.0E)" 
171.217.250.71 - - [17/Sep/2022:16:28:41 -0700] "GET /template/wdf.php HTTP/1.1" 404 250 "http://www.secrepo.com/template/wdf.php" "Mozilla/4.0 (compatible; MSIE 7.0; Windows NT 6.1; WOW64; Trident/7.0; SLCC2; .NET CLR 2.0.50727; .NET CLR 3.5.30729; .NET CLR 3.0.30729; Media Center PC 6.0; .NET4.0C; .NET4.0E)" 
125.65.228.250 - - [17/Sep/2022:16:28:41 -0700] "GET /template/1.php HTTP/1.1" 404 250 "http://www.secrepo.com/template/1.php" "Mozilla/4.0 (compatible; MSIE 7.0; Windows NT 6.1; WOW64; Trident/7.0; SLCC2; .NET CLR 2.0.50727; .NET CLR 3.5.30729; .NET CLR 3.0.30729; Media Center PC 6.0; .NET4.0C; .NET4.0E)" 
182.135.116.232 - - [17/Sep/2022:16:28:41 -0700] "GET /upload/admin.php HTTP/1.1" 404 284 "http://www.secrepo.com/upload/admin.php" "Mozilla/4.0 (compatible; MSIE 7.0; Windows NT 6.1; WOW64; Trident/7.0; SLCC2; .NET CLR 2.0.50727; .NET CLR 3.5.30729; .NET CLR 3.0.30729; Media Center PC 6.0; .NET4.0C; .NET4.0E)" 
125.65.228.212 - - [17/Sep/2022:16:28:41 -0700] "GET /template/newfile.php HTTP/1.1" 404 250 "http://www.secrepo.com/template/newfile.php" "Mozilla/4.0 (compatible; MSIE 7.0; Windows NT 6.1; WOW64; Trident/7.0; SLCC2; .NET CLR 2.0.50727; .NET CLR 3.5.30729; .NET CLR 3.0.30729; Media Center PC 6.0; .NET4.0C; .NET4.0E)" 
125.65.228.49 - - [17/Sep/2022:16:28:41 -0700] "GET /template/apache.php HTTP/1.1" 404 250 "http://www.secrepo.com/template/apache.php" "Mozilla/4.0 (compatible; MSIE 7.0; Windows NT 6.1; WOW64; Trident/7.0; SLCC2; .NET CLR 2.0.50727; .NET CLR 3.5.30729; .NET CLR 3.0.30729; Media Center PC 6.0; .NET4.0C; .NET4.0E)" 
125.65.228.250 - - [17/Sep/2022:16:28:41 -0700] "GET /template/a.php HTTP/1.1" 404 250 "http://www.secrepo.com/template/a.php" "Mozilla/4.0 (compatible; MSIE 7.0; Windows NT 6.1; WOW64; Trident/7.0; SLCC2; .NET CLR 2.0.50727; .NET CLR 3.5.30729; .NET CLR 3.0.30729; Media Center PC 6.0; .NET4.0C; .NET4.0E)" 
171.217.251.151 - - [17/Sep/2022:16:28:41 -0700] "GET /wdf.php HTTP/1.1" 404 250 "http://www.secrepo.com/wdf.php" "Mozilla/4.0 (compatible; MSIE 7.0; Windows NT 6.1; WOW64; Trident/7.0; SLCC2; .NET CLR 2.0.50727; .NET CLR 3.5.30729; .NET CLR 3.0.30729; Media Center PC 6.0; .NET4.0C; .NET4.0E)" 
125.65.229.224 - - [17/Sep/2022:16:28:41 -0700] "GET /admin.php HTTP/1.1" 404 250 "http://www.secrepo.com/admin.php" "Mozilla/4.0 (compatible; MSIE 7.0; Windows NT 6.1; WOW64; Trident/7.0; SLCC2; .NET CLR 2.0.50727; .NET CLR 3.5.30729; .NET CLR 3.0.30729; Media Center PC 6.0; .NET4.0C; .NET4.0E)" 
110.190.178.211 - - [17/Sep/2022:16:28:41 -0700] "GET /1.php HTTP/1.1" 404 250 "http://www.secrepo.com/1.php" "Mozilla/4.0 (compatible; MSIE 7.0; Windows NT 6.1; WOW64; Trident/7.0; SLCC2; .NET CLR 2.0.50727; .NET CLR 3.5.30729; .NET CLR 3.0.30729; Media Center PC 6.0; .NET4.0C; .NET4.0E)" 
171.217.250.73 - - [17/Sep/2022:16:28:41 -0700] "GET /demodata.php HTTP/1.1" 404 250 "http://www.secrepo.com/demodata.php" "Mozilla/4.0 (compatible; MSIE 7.0; Windows NT 6.1; WOW64; Trident/7.0; SLCC2; .NET CLR 2.0.50727; .NET CLR 3.5.30729; .NET CLR 3.0.30729; Media Center PC 6.0; .NET4.0C; .NET4.0E)" 
110.190.178.250 - - [17/Sep/2022:16:28:41 -0700] "GET /nginx.php HTTP/1.1" 404 250 "http://www.secrepo.com/nginx.php" "Mozilla/4.0 (compatible; MSIE 7.0; Windows NT 6.1; WOW64; Trident/7.0; SLCC2; .NET CLR 2.0.50727; .NET CLR 3.5.30729; .NET CLR 3.0.30729; Media Center PC 6.0; .NET4.0C; .NET4.0E)" 
110.190.178.250 - - [17/Sep/2022:16:28:41 -0700] "GET /admins.php HTTP/1.1" 404 250 "http://www.secrepo.com/admins.php" "Mozilla/4.0 (compatible; MSIE 7.0; Windows NT 6.1; WOW64; Trident/7.0; SLCC2; .NET CLR 2.0.50727; .NET CLR 3.5.30729; .NET CLR 3.0.30729; Media Center PC 6.0; .NET4.0C; .NET4.0E)" 
182.145.126.255 - - [17/Sep/2022:16:28:41 -0700] "GET /upload/x.php HTTP/1.1" 404 284 "http://www.secrepo.com/upload/x.php" "Mozilla/4.0 (compatible; MSIE 7.0; Windows NT 6.1; WOW64; Trident/7.0; SLCC2; .NET CLR 2.0.50727; .NET CLR 3.5.30729; .NET CLR 3.0.30729; Media Center PC 6.0; .NET4.0C; .NET4.0E)" 
171.217.250.71 - - [17/Sep/2022:16:28:41 -0700] "GET /apache.php HTTP/1.1" 404 250 "http://www.secrepo.com/apache.php" "Mozilla/4.0 (compatible; MSIE 7.0; Windows NT 6.1; WOW64; Trident/7.0; SLCC2; .NET CLR 2.0.50727; .NET CLR 3.5.30729; .NET CLR 3.0.30729; Media Center PC 6.0; .NET4.0C; .NET4.0E)" 
182.135.116.76 - - [17/Sep/2022:16:28:41 -0700] "GET /template/demodata.php HTTP/1.1" 404 284 "http://www.secrepo.com/template/demodata.php" "Mozilla/4.0 (compatible; MSIE 7.0; Windows NT 6.1; WOW64; Trident/7.0; SLCC2; .NET CLR 2.0.50727; .NET CLR 3.5.30729; .NET CLR 3.0.30729; Media Center PC 6.0; .NET4.0C; .NET4.0E)" 
125.65.228.250 - - [17/Sep/2022:16:28:41 -0700] "GET /a.php HTTP/1.1" 404 250 "http://www.secrepo.com/a.php" "Mozilla/4.0 (compatible; MSIE 7.0; Windows NT 6.1; WOW64; Trident/7.0; SLCC2; .NET CLR 2.0.50727; .NET CLR 3.5.30729; .NET CLR 3.0.30729; Media Center PC 6.0; .NET4.0C; .NET4.0E)" 
125.65.228.79 - - [17/Sep/2022:16:28:41 -0700] "GET /template/nginx.php HTTP/1.1" 404 284 "http://www.secrepo.com/template/nginx.php" "Mozilla/4.0 (compatible; MSIE 7.0; Windows NT 6.1; WOW64; Trident/7.0; SLCC2; .NET CLR 2.0.50727; .NET CLR 3.5.30729; .NET CLR 3.0.30729; Media Center PC 6.0; .NET4.0C; .NET4.0E)" 
125.65.228.250 - - [17/Sep/2022:16:28:41 -0700] "GET /x.php HTTP/1.1" 404 250 "http://www.secrepo.com/x.php" "Mozilla/4.0 (compatible; MSIE 7.0; Windows NT 6.1; WOW64; Trident/7.0; SLCC2; .NET CLR 2.0.50727; .NET CLR 3.5.30729; .NET CLR 3.0.30729; Media Center PC 6.0; .NET4.0C; .NET4.0E)" 
171.217.251.54 - - [17/Sep/2022:16:28:41 -0700] "GET /newfile.php HTTP/1.1" 404 284 "http://www.secrepo.com/newfile.php" "Mozilla/4.0 (compatible; MSIE 7.0; Windows NT 6.1; WOW64; Trident/7.0; SLCC2; .NET CLR 2.0.50727; .NET CLR 3.5.30729; .NET CLR 3.0.30729; Media Center PC 6.0; .NET4.0C; .NET4.0E)" 
171.217.250.223 - - [17/Sep/2022:16:28:42 -0700] "GET /1234.php HTTP/1.1" 404 284 "http://www.secrepo.com/1234.php" "Mozilla/4.0 (compatible; MSIE 7.0; Windows NT 6.1; WOW64; Trident/7.0; SLCC2; .NET CLR 2.0.50727; .NET CLR 3.5.30729; .NET CLR 3.0.30729; Media Center PC 6.0; .NET4.0C; .NET4.0E)" 
125.65.228.33 - - [17/Sep/2022:16:28:42 -0700] "GET /data/admins.php HTTP/1.1" 404 284 "http://www.secrepo.com/data/admins.php" "Mozilla/4.0 (compatible; MSIE 7.0; Windows NT 6.1; WOW64; Trident/7.0; SLCC2; .NET CLR 2.0.50727; .NET CLR 3.5.30729; .NET CLR 3.0.30729; Media Center PC 6.0; .NET4.0C; .NET4.0E)" 
171.217.250.223 - - [17/Sep/2022:16:28:42 -0700] "GET /data/newfile.php HTTP/1.1" 404 284 "http://www.secrepo.com/data/newfile.php" "Mozilla/4.0 (compatible; MSIE 7.0; Windows NT 6.1; WOW64; Trident/7.0; SLCC2; .NET CLR 2.0.50727; .NET CLR 3.5.30729; .NET CLR 3.0.30729; Media Center PC 6.0; .NET4.0C; .NET4.0E)" 
182.135.116.174 - - [17/Sep/2022:16:28:42 -0700] "GET /data/a.php HTTP/1.1" 404 284 "http://www.secrepo.com/data/a.php" "Mozilla/4.0 (compatible; MSIE 7.0; Windows NT 6.1; WOW64; Trident/7.0; SLCC2; .NET CLR 2.0.50727; .NET CLR 3.5.30729; .NET CLR 3.0.30729; Media Center PC 6.0; .NET4.0C; .NET4.0E)" 
182.145.92.204 - - [17/Sep/2022:16:28:42 -0700] "GET /data/admin.php HTTP/1.1" 404 284 "http://www.secrepo.com/data/admin.php" "Mozilla/4.0 (compatible; MSIE 7.0; Windows NT 6.1; WOW64; Trident/7.0; SLCC2; .NET CLR 2.0.50727; .NET CLR 3.5.30729; .NET CLR 3.0.30729; Media Center PC 6.0; .NET4.0C; .NET4.0E)" 
182.135.116.104 - - [17/Sep/2022:16:28:43 -0700] "GET /install/x.php HTTP/1.1" 404 284 "http://www.secrepo.com/install/x.php" "Mozilla/4.0 (compatible; MSIE 7.0; Windows NT 6.1; WOW64; Trident/7.0; SLCC2; .NET CLR 2.0.50727; .NET CLR 3.5.30729; .NET CLR 3.0.30729; Media Center PC 6.0; .NET4.0C; .NET4.0E)" 
125.65.228.251 - - [17/Sep/2022:16:28:44 -0700] "GET /upload/1234.php HTTP/1.1" 404 284 "http://www.secrepo.com/upload/1234.php" "Mozilla/4.0 (compatible; MSIE 7.0; Windows NT 6.1; WOW64; Trident/7.0; SLCC2; .NET CLR 2.0.50727; .NET CLR 3.5.30729; .NET CLR 3.0.30729; Media Center PC 6.0; .NET4.0C; .NET4.0E)" 
182.145.126.186 - - [17/Sep/2022:16:28:44 -0700] "GET /upload/a.php HTTP/1.1" 404 284 "http://www.secrepo.com/upload/a.php" "Mozilla/4.0 (compatible; MSIE 7.0; Windows NT 6.1; WOW64; Trident/7.0; SLCC2; .NET CLR 2.0.50727; .NET CLR 3.5.30729; .NET CLR 3.0.30729; Media Center PC 6.0; .NET4.0C; .NET4.0E)" 
182.145.92.233 - - [17/Sep/2022:16:28:44 -0700] "GET /template/admin.php HTTP/1.1" 404 284 "http://www.secrepo.com/template/admin.php" "Mozilla/4.0 (compatible; MSIE 7.0; Windows NT 6.1; WOW64; Trident/7.0; SLCC2; .NET CLR 2.0.50727; .NET CLR 3.5.30729; .NET CLR 3.0.30729; Media Center PC 6.0; .NET4.0C; .NET4.0E)" 
171.217.250.122 - - [17/Sep/2022:16:28:44 -0700] "GET /template/admins.php HTTP/1.1" 404 284 "http://www.secrepo.com/template/admins.php" "Mozilla/4.0 (compatible; MSIE 7.0; Windows NT 6.1; WOW64; Trident/7.0; SLCC2; .NET CLR 2.0.50727; .NET CLR 3.5.30729; .NET CLR 3.0.30729; Media Center PC 6.0; .NET4.0C; .NET4.0E)" 
110.190.178.250 - - [17/Sep/2022:16:28:47 -0700] "GET /data/wdf.php HTTP/1.1" 404 284 "http://www.secrepo.com/data/wdf.php" "Mozilla/4.0 (compatible; MSIE 7.0; Windows NT 6.1; WOW64; Trident/7.0; SLCC2; .NET CLR 2.0.50727; .NET CLR 3.5.30729; .NET CLR 3.0.30729; Media Center PC 6.0; .NET4.0C; .NET4.0E)" 
125.65.229.31 - - [17/Sep/2022:16:28:47 -0700] "GET /data/demodata.php HTTP/1.1" 404 284 "http://www.secrepo.com/data/demodata.php" "Mozilla/4.0 (compatible; MSIE 7.0; Windows NT 6.1; WOW64; Trident/7.0; SLCC2; .NET CLR 2.0.50727; .NET CLR 3.5.30729; .NET CLR 3.0.30729; Media Center PC 6.0; .NET4.0C; .NET4.0E)" 
125.65.228.209 - - [17/Sep/2022:16:28:50 -0700] "GET /uploads/apache.php HTTP/1.1" 404 284 "http://www.secrepo.com/uploads/apache.php" "Mozilla/4.0 (compatible; MSIE 7.0; Windows NT 6.1; WOW64; Trident/7.0; SLCC2; .NET CLR 2.0.50727; .NET CLR 3.5.30729; .NET CLR 3.0.30729; Media Center PC 6.0; .NET4.0C; .NET4.0E)" 
125.65.228.250 - - [17/Sep/2022:16:28:50 -0700] "GET /uploads/1234.php HTTP/1.1" 404 284 "http://www.secrepo.com/uploads/1234.php" "Mozilla/4.0 (compatible; MSIE 7.0; Windows NT 6.1; WOW64; Trident/7.0; SLCC2; .NET CLR 2.0.50727; .NET CLR 3.5.30729; .NET CLR 3.0.30729; Media Center PC 6.0; .NET4.0C; .NET4.0E)" 
34.206.152.150 - - [17/Sep/2022:16:32:54 -0700] "HEAD / HTTP/1.1" 301 186 "-" "DreamHost SiteMonitor 1.0" 
34.206.152.150 - - [17/Sep/2022:16:32:54 -0700] "HEAD / HTTP/1.1" 200 359 "http://66.33.221.139" "DreamHost SiteMonitor 1.0" 
43.154.17.65 - - [17/Sep/2022:16:37:03 -0700] "GET / HTTP/1.1" 200 49133 "http://www.secrepo.com" "Mozilla/4.0 (compatible; MSIE 9.0; Windows NT 6.1)" 
40.77.167.38 - - [17/Sep/2022:16:39:47 -0700] "GET /self.logs/ HTTP/1.1" 200 38501 "-" "Mozilla/5.0 (compatible; bingbot/2.0; +http://www.bing.com/bingbot.htm)" 
34.206.152.150 - - [17/Sep/2022:16:42:54 -0700] "HEAD / HTTP/1.1" 301 186 "-" "DreamHost SiteMonitor 1.0" 
34.206.152.150 - - [17/Sep/2022:16:42:54 -0700] "HEAD / HTTP/1.1" 200 359 "http://66.33.221.139" "DreamHost SiteMonitor 1.0" 
20.24.81.186 - - [17/Sep/2022:16:45:26 -0700] "GET /public/static/admin/lib/webuploader/0.1.5/server/preview.php HTTP/1.1" 404 328 "-" "Mozilla/5.0 (Windows NT 10.0; WOW64; rv:48.0) Gecko/20100101 Firefox/48.0" 
34.206.152.150 - - [17/Sep/2022:16:52:54 -0700] "HEAD / HTTP/1.1" 301 186 "-" "DreamHost SiteMonitor 1.0" 
34.206.152.150 - - [17/Sep/2022:16:52:54 -0700] "HEAD / HTTP/1.1" 200 359 "http://66.33.221.139" "DreamHost SiteMonitor 1.0" 
34.206.152.150 - - [17/Sep/2022:17:02:54 -0700] "HEAD / HTTP/1.1" 301 186 "-" "DreamHost SiteMonitor 1.0" 
34.206.152.150 - - [17/Sep/2022:17:02:54 -0700] "HEAD / HTTP/1.1" 200 359 "http://66.33.221.139" "DreamHost SiteMonitor 1.0" 
20.24.81.186 - - [17/Sep/2022:17:03:43 -0700] "GET /static/lib/webuploader/0.1.5/server/preview.php HTTP/1.1" 404 328 "-" "Mozilla/5.0 (Windows NT 10.0; WOW64; rv:48.0) Gecko/20100101 Firefox/48.0" 
72.111.60.196 - - [17/Sep/2022:17:06:36 -0700] "GET / HTTP/1.1" 200 13186 "-" "Mozilla/5.0 (Macintosh; Intel Mac OS X 10_15_7) AppleWebKit/537.36 (KHTML, like Gecko) Chrome/105.0.0.0 Safari/537.36" 
72.111.60.196 - - [17/Sep/2022:17:06:36 -0700] "GET /css/style.css HTTP/1.1" 404 305 "http://www.secrepo.com/" "Mozilla/5.0 (Macintosh; Intel Mac OS X 10_15_7) AppleWebKit/537.36 (KHTML, like Gecko) Chrome/105.0.0.0 Safari/537.36" 
72.111.60.196 - - [17/Sep/2022:17:06:37 -0700] "GET /twitter-icon.png HTTP/1.1" 200 27893 "http://www.secrepo.com/" "Mozilla/5.0 (Macintosh; Intel Mac OS X 10_15_7) AppleWebKit/537.36 (KHTML, like Gecko) Chrome/105.0.0.0 Safari/537.36" 
72.111.60.196 - - [17/Sep/2022:17:06:37 -0700] "GET /GitHub-Mark.png HTTP/1.1" 200 7556 "http://www.secrepo.com/" "Mozilla/5.0 (Macintosh; Intel Mac OS X 10_15_7) AppleWebKit/537.36 (KHTML, like Gecko) Chrome/105.0.0.0 Safari/537.36" 
72.111.60.196 - - [17/Sep/2022:17:06:38 -0700] "GET /bootstrap/img/favicon.ico HTTP/1.1" 200 690 "http://www.secrepo.com/" "Mozilla/5.0 (Macintosh; Intel Mac OS X 10_15_7) AppleWebKit/537.36 (KHTML, like Gecko) Chrome/105.0.0.0 Safari/537.36" 
40.77.167.38 - - [17/Sep/2022:17:11:50 -0700] "GET /self.logs/ HTTP/1.1" 200 38501 "-" "Mozilla/5.0 (compatible; bingbot/2.0; +http://www.bing.com/bingbot.htm)" 
34.206.152.150 - - [17/Sep/2022:17:12:54 -0700] "HEAD / HTTP/1.1" 301 186 "-" "DreamHost SiteMonitor 1.0" 
34.206.152.150 - - [17/Sep/2022:17:12:54 -0700] "HEAD / HTTP/1.1" 200 359 "http://66.33.221.139" "DreamHost SiteMonitor 1.0" 
34.206.152.150 - - [17/Sep/2022:17:22:54 -0700] "HEAD / HTTP/1.1" 301 186 "-" "DreamHost SiteMonitor 1.0" 
34.206.152.150 - - [17/Sep/2022:17:22:54 -0700] "HEAD / HTTP/1.1" 200 359 "http://66.33.221.139" "DreamHost SiteMonitor 1.0" 
20.24.81.186 - - [17/Sep/2022:17:29:22 -0700] "GET /public/static/lib/webuploader/0.1.5/server/preview.php HTTP/1.1" 404 328 "-" "Mozilla/5.0 (Windows NT 10.0; WOW64; rv:48.0) Gecko/20100101 Firefox/48.0" 
34.206.152.150 - - [17/Sep/2022:17:32:54 -0700] "HEAD / HTTP/1.1" 301 186 "-" "DreamHost SiteMonitor 1.0" 
34.206.152.150 - - [17/Sep/2022:17:32:54 -0700] "HEAD / HTTP/1.1" 200 359 "http://66.33.221.139" "DreamHost SiteMonitor 1.0" 
114.119.151.175 - - [17/Sep/2022:17:35:14 -0700] "GET /robots.txt HTTP/1.1" 301 495 "-" "Mozilla/5.0 (compatible;PetalBot;+https://webmaster.petalsearch.com/site/petalbot)" 
114.119.151.175 - - [17/Sep/2022:17:35:15 -0700] "GET /robots.txt HTTP/1.1" 200 377 "-" "Mozilla/5.0 (compatible;PetalBot;+https://webmaster.petalsearch.com/site/petalbot)" 
20.24.81.186 - - [17/Sep/2022:17:36:30 -0700] "GET /Public/lib/webuploader/0.1.5/server/preview.php HTTP/1.1" 404 328 "-" "Mozilla/5.0 (Windows NT 10.0; WOW64; rv:48.0) Gecko/20100101 Firefox/48.0" 
157.55.39.57 - - [17/Sep/2022:17:37:03 -0700] "GET /self.logs/access.log.2017-04-06.gz HTTP/1.1" 200 31681 "-" "Mozilla/5.0 (compatible; bingbot/2.0; +http://www.bing.com/bingbot.htm)" 
40.77.167.38 - - [17/Sep/2022:17:41:54 -0700] "GET /self.logs/ HTTP/1.1" 200 38501 "-" "Mozilla/5.0 (compatible; bingbot/2.0; +http://www.bing.com/bingbot.htm)" 
34.206.152.150 - - [17/Sep/2022:17:42:54 -0700] "HEAD / HTTP/1.1" 301 186 "-" "DreamHost SiteMonitor 1.0" 
34.206.152.150 - - [17/Sep/2022:17:42:54 -0700] "HEAD / HTTP/1.1" 200 359 "http://66.33.221.139" "DreamHost SiteMonitor 1.0" 
20.24.81.186 - - [17/Sep/2022:17:49:05 -0700] "GET /Public/webuploader/0.1.5/server/preview.php HTTP/1.1" 404 328 "-" "Mozilla/5.0 (Windows NT 10.0; WOW64; rv:48.0) Gecko/20100101 Firefox/48.0" 
157.55.39.57 - - [17/Sep/2022:17:52:23 -0700] "GET /Datasets%20Description/PE_malware/Zeus.html HTTP/1.1" 200 1698 "-" "Mozilla/5.0 (compatible; bingbot/2.0; +http://www.bing.com/bingbot.htm)" 
34.206.152.150 - - [17/Sep/2022:17:52:54 -0700] "HEAD / HTTP/1.1" 301 186 "-" "DreamHost SiteMonitor 1.0" 
34.206.152.150 - - [17/Sep/2022:17:52:54 -0700] "HEAD / HTTP/1.1" 200 359 "http://66.33.221.139" "DreamHost SiteMonitor 1.0" 
197.184.182.191 - - [17/Sep/2022:18:00:41 -0700] "GET / HTTP/1.1" 200 13143 "-" "Mozilla/5.0 (Windows NT 10.0; Win64; x64; rv:102.0) Gecko/20100101 Firefox/102.0" 
197.184.182.191 - - [17/Sep/2022:18:00:42 -0700] "GET /@about HTTP/1.1" 404 284 "-" "Mozilla/5.0 (Windows NT 10.0; Win64; x64; rv:102.0) Gecko/20100101 Firefox/102.0" 
197.184.182.191 - - [17/Sep/2022:18:00:42 -0700] "GET /@contact HTTP/1.1" 404 284 "-" "Mozilla/5.0 (Windows NT 10.0; Win64; x64; rv:102.0) Gecko/20100101 Firefox/102.0" 
34.206.152.150 - - [17/Sep/2022:18:02:54 -0700] "HEAD / HTTP/1.1" 301 186 "-" "DreamHost SiteMonitor 1.0" 
34.206.152.150 - - [17/Sep/2022:18:02:54 -0700] "HEAD / HTTP/1.1" 200 359 "http://66.33.221.139" "DreamHost SiteMonitor 1.0" 
118.184.177.59 - - [17/Sep/2022:18:08:13 -0700] "GET / HTTP/1.1" 200 13150 "-" "Sogou web spider/4.0(+http://www.sogou.com/docs/help/webmasters.htm#07)" 
113.15.104.235 - - [17/Sep/2022:18:11:30 -0700] "GET /favicon.ico HTTP/1.1" 200 391 "-" "Mozilla/5.0 (Windows NT 10.0; WOW64) AppleWebKit/537.36 (KHTML, like Gecko) Chrome/86.0.4240.198 Safari/537.36" 
40.77.167.38 - - [17/Sep/2022:18:12:36 -0700] "GET /self.logs/ HTTP/1.1" 200 38501 "-" "Mozilla/5.0 (compatible; bingbot/2.0; +http://www.bing.com/bingbot.htm)" 
34.206.152.150 - - [17/Sep/2022:18:12:54 -0700] "HEAD / HTTP/1.1" 301 186 "-" "DreamHost SiteMonitor 1.0" 
34.206.152.150 - - [17/Sep/2022:18:12:54 -0700] "HEAD / HTTP/1.1" 200 359 "http://66.33.221.139" "DreamHost SiteMonitor 1.0" 
206.47.249.246 - - [17/Sep/2022:18:15:23 -0700] "GET /self.logs/error.log.2019-04-23.gz HTTP/1.1" 304 280 "-" "Mozilla/4.0 (compatible;)" 
34.206.152.150 - - [17/Sep/2022:18:22:54 -0700] "HEAD / HTTP/1.1" 301 186 "-" "DreamHost SiteMonitor 1.0" 
34.206.152.150 - - [17/Sep/2022:18:22:54 -0700] "HEAD / HTTP/1.1" 200 359 "http://66.33.221.139" "DreamHost SiteMonitor 1.0" 
40.77.167.38 - - [17/Sep/2022:18:23:28 -0700] "GET /self.logs/access.log.2018-01-14.gz HTTP/1.1" 200 18964 "-" "Mozilla/5.0 (compatible; bingbot/2.0; +http://www.bing.com/bingbot.htm)" 
40.77.167.39 - - [17/Sep/2022:18:26:04 -0700] "GET /self.logs/access.log.2018-09-03.gz HTTP/1.1" 200 21600 "-" "Mozilla/5.0 (compatible; bingbot/2.0; +http://www.bing.com/bingbot.htm)" 
20.24.81.186 - - [17/Sep/2022:18:26:36 -0700] "GET /static/admin/lib/webuploader/0.1.5/server/preview.php HTTP/1.1" 404 328 "-" "Mozilla/5.0 (Windows NT 10.0; WOW64; rv:48.0) Gecko/20100101 Firefox/48.0" 
34.206.152.150 - - [17/Sep/2022:18:32:54 -0700] "HEAD / HTTP/1.1" 301 186 "-" "DreamHost SiteMonitor 1.0" 
34.206.152.150 - - [17/Sep/2022:18:32:54 -0700] "HEAD / HTTP/1.1" 200 359 "http://66.33.221.139" "DreamHost SiteMonitor 1.0" 
85.208.98.51 - - [17/Sep/2022:18:32:59 -0700] "GET /robots.txt HTTP/1.1" 301 439 "-" "Mozilla/5.0 (compatible; SemrushBot-BM/1.0; +http://www.semrush.com/bot.html)" 
85.208.98.51 - - [17/Sep/2022:18:33:05 -0700] "GET /robots.txt HTTP/1.1" 200 333 "-" "Mozilla/5.0 (compatible; SemrushBot-BM/1.0; +http://www.semrush.com/bot.html)" 
40.77.167.38 - - [17/Sep/2022:18:42:10 -0700] "GET /self.logs/ HTTP/1.1" 200 38501 "-" "Mozilla/5.0 AppleWebKit/537.36 (KHTML, like Gecko; compatible; bingbot/2.0; +http://www.bing.com/bingbot.htm) Chrome/103.0.5060.134 Safari/537.36" 
34.206.152.150 - - [17/Sep/2022:18:42:54 -0700] "HEAD / HTTP/1.1" 301 186 "-" "DreamHost SiteMonitor 1.0" 
34.206.152.150 - - [17/Sep/2022:18:42:54 -0700] "HEAD / HTTP/1.1" 200 359 "http://66.33.221.139" "DreamHost SiteMonitor 1.0" 
34.206.152.150 - - [17/Sep/2022:18:52:54 -0700] "HEAD / HTTP/1.1" 301 186 "-" "DreamHost SiteMonitor 1.0" 
34.206.152.150 - - [17/Sep/2022:18:52:54 -0700] "HEAD / HTTP/1.1" 200 359 "http://66.33.221.139" "DreamHost SiteMonitor 1.0" 
34.206.152.150 - - [17/Sep/2022:19:02:54 -0700] "HEAD / HTTP/1.1" 301 186 "-" "DreamHost SiteMonitor 1.0" 
34.206.152.150 - - [17/Sep/2022:19:02:54 -0700] "HEAD / HTTP/1.1" 200 359 "http://66.33.221.139" "DreamHost SiteMonitor 1.0" 
95.163.255.59 - - [17/Sep/2022:19:03:13 -0700] "GET /robots.txt HTTP/1.0" 200 340 "-" "Mozilla/5.0 (compatible; Linux x86_64; Mail.RU_Bot/2.0; +https://help.mail.ru/webmaster/indexing/robots)" 
95.163.255.58 - - [17/Sep/2022:19:03:14 -0700] "GET /self.logs/2015/?C=N;O=A HTTP/1.1" 200 7584 "-" "Mozilla/5.0 (compatible; Linux x86_64; Mail.RU_Bot/2.0; +https://help.mail.ru/webmaster/indexing/robots)" 
1.182.24.9 - - [17/Sep/2022:19:06:54 -0700] "GET / HTTP/1.1" 200 13186 "https://blog.csdn.net/shaobojiao/article/details/112648362" "Mozilla/5.0 (Windows NT 6.1; Win64; x64; rv:103.0) Gecko/20100101 Firefox/103.0" 
1.182.24.9 - - [17/Sep/2022:19:06:55 -0700] "GET /css/style.css HTTP/1.1" 404 328 "http://www.secrepo.com/" "Mozilla/5.0 (Windows NT 6.1; Win64; x64; rv:103.0) Gecko/20100101 Firefox/103.0" 
1.182.24.9 - - [17/Sep/2022:19:06:55 -0700] "GET /twitter-icon.png HTTP/1.1" 200 27893 "http://www.secrepo.com/" "Mozilla/5.0 (Windows NT 6.1; Win64; x64; rv:103.0) Gecko/20100101 Firefox/103.0" 
1.182.24.9 - - [17/Sep/2022:19:06:55 -0700] "GET /GitHub-Mark.png HTTP/1.1" 200 7533 "http://www.secrepo.com/" "Mozilla/5.0 (Windows NT 6.1; Win64; x64; rv:103.0) Gecko/20100101 Firefox/103.0" 
1.182.24.9 - - [17/Sep/2022:19:06:57 -0700] "GET /bootstrap/img/favicon.ico HTTP/1.1" 200 690 "http://www.secrepo.com/" "Mozilla/5.0 (Windows NT 6.1; Win64; x64; rv:103.0) Gecko/20100101 Firefox/103.0" 
77.75.72.26 - - [17/Sep/2022:19:07:58 -0700] "GET /Datasets%20Description/PE_malware/OPCleaver.html HTTP/1.1" 304 232 "-" "Mozilla/5.0 (compatible; SeznamBot/4.0-RC1; +http://napoveda.seznam.cz/seznambot-intro/)" 
40.77.167.38 - - [17/Sep/2022:19:11:32 -0700] "GET /self.logs/ HTTP/1.1" 200 38501 "-" "Mozilla/5.0 (compatible; bingbot/2.0; +http://www.bing.com/bingbot.htm)" 
1.182.24.9 - - [17/Sep/2022:19:12:23 -0700] "GET /css/style.css HTTP/1.1" 404 328 "http://www.secrepo.com/" "Mozilla/5.0 (Windows NT 6.1; Win64; x64; rv:103.0) Gecko/20100101 Firefox/103.0" 
34.206.152.150 - - [17/Sep/2022:19:12:54 -0700] "HEAD / HTTP/1.1" 301 186 "-" "DreamHost SiteMonitor 1.0" 
34.206.152.150 - - [17/Sep/2022:19:12:54 -0700] "HEAD / HTTP/1.1" 200 359 "http://66.33.221.139" "DreamHost SiteMonitor 1.0" 
40.77.167.36 - - [17/Sep/2022:19:19:15 -0700] "GET /self.logs/access.log.2017-06-16.gz HTTP/1.1" 200 15949 "-" "Mozilla/5.0 AppleWebKit/537.36 (KHTML, like Gecko; compatible; bingbot/2.0; +http://www.bing.com/bingbot.htm) Chrome/103.0.5060.134 Safari/537.36" 
34.206.152.150 - - [17/Sep/2022:19:22:54 -0700] "HEAD / HTTP/1.1" 301 186 "-" "DreamHost SiteMonitor 1.0" 
34.206.152.150 - - [17/Sep/2022:19:22:54 -0700] "HEAD / HTTP/1.1" 200 359 "http://66.33.221.139" "DreamHost SiteMonitor 1.0" 
198.91.179.237 - - [17/Sep/2022:19:27:18 -0700] "GET /css/style.css HTTP/1.1" 404 328 "http://www.secrepo.com/" "Mozilla/5.0 (Windows NT 10.0; Win64; x64) AppleWebKit/537.36 (KHTML, like Gecko) Chrome/105.0.0.0 Safari/537.36" 
52.212.146.96 - - [17/Sep/2022:19:30:02 -0700] "GET /self.logs/access.log.2022-09-11.gz HTTP/1.1" 200 10633 "-" "python-requests/2.12.1" 
34.206.152.150 - - [17/Sep/2022:19:32:54 -0700] "HEAD / HTTP/1.1" 301 186 "-" "DreamHost SiteMonitor 1.0" 
34.206.152.150 - - [17/Sep/2022:19:32:54 -0700] "HEAD / HTTP/1.1" 200 359 "http://66.33.221.139" "DreamHost SiteMonitor 1.0" 
40.77.167.38 - - [17/Sep/2022:19:41:35 -0700] "GET /self.logs/ HTTP/1.1" 200 38501 "-" "Mozilla/5.0 (compatible; bingbot/2.0; +http://www.bing.com/bingbot.htm)" 
34.206.152.150 - - [17/Sep/2022:19:42:54 -0700] "HEAD / HTTP/1.1" 301 186 "-" "DreamHost SiteMonitor 1.0" 
34.206.152.150 - - [17/Sep/2022:19:42:54 -0700] "HEAD / HTTP/1.1" 200 359 "http://66.33.221.139" "DreamHost SiteMonitor 1.0" 
34.206.152.150 - - [17/Sep/2022:19:52:54 -0700] "HEAD / HTTP/1.1" 301 186 "-" "DreamHost SiteMonitor 1.0" 
34.206.152.150 - - [17/Sep/2022:19:52:54 -0700] "HEAD / HTTP/1.1" 200 359 "http://66.33.221.139" "DreamHost SiteMonitor 1.0" 
66.249.70.179 - - [17/Sep/2022:19:55:05 -0700] "GET /Datasets%20Description/PE_malware/ HTTP/1.1" 200 686 "-" "Mozilla/5.0 (compatible; Googlebot/2.1; +http://www.google.com/bot.html)" 
41.33.62.100 - - [17/Sep/2022:19:59:08 -0700] "GET / HTTP/1.1" 200 13187 "-" "Mozilla/5.0 (Windows NT 10.0; Win64; x64) AppleWebKit/537.36 (KHTML, like Gecko) Chrome/105.0.0.0 Safari/537.36" 
41.33.62.100 - - [17/Sep/2022:19:59:11 -0700] "GET /css/style.css HTTP/1.1" 404 305 "http://www.secrepo.com/" "Mozilla/5.0 (Windows NT 10.0; Win64; x64) AppleWebKit/537.36 (KHTML, like Gecko) Chrome/105.0.0.0 Safari/537.36" 
34.206.152.150 - - [17/Sep/2022:20:02:54 -0700] "HEAD / HTTP/1.1" 301 186 "-" "DreamHost SiteMonitor 1.0" 
34.206.152.150 - - [17/Sep/2022:20:02:54 -0700] "HEAD / HTTP/1.1" 200 359 "http://66.33.221.139" "DreamHost SiteMonitor 1.0" 
41.33.62.100 - - [17/Sep/2022:20:05:35 -0700] "GET /css/style.css HTTP/1.1" 404 328 "http://www.secrepo.com/" "Mozilla/5.0 (Windows NT 10.0; Win64; x64) AppleWebKit/537.36 (KHTML, like Gecko) Chrome/105.0.0.0 Safari/537.36" 
157.55.39.23 - - [17/Sep/2022:20:11:05 -0700] "GET /robots.txt HTTP/1.1" 200 377 "-" "Mozilla/5.0 (compatible; bingbot/2.0; +http://www.bing.com/bingbot.htm)" 
40.77.167.38 - - [17/Sep/2022:20:11:08 -0700] "GET /self.logs/ HTTP/1.1" 200 38501 "-" "Mozilla/5.0 (compatible; bingbot/2.0; +http://www.bing.com/bingbot.htm)" 
34.206.152.150 - - [17/Sep/2022:20:12:54 -0700] "HEAD / HTTP/1.1" 301 186 "-" "DreamHost SiteMonitor 1.0" 
34.206.152.150 - - [17/Sep/2022:20:12:54 -0700] "HEAD / HTTP/1.1" 200 359 "http://66.33.221.139" "DreamHost SiteMonitor 1.0" 
34.206.152.150 - - [17/Sep/2022:20:22:54 -0700] "HEAD / HTTP/1.1" 301 186 "-" "DreamHost SiteMonitor 1.0" 
34.206.152.150 - - [17/Sep/2022:20:22:54 -0700] "HEAD / HTTP/1.1" 200 359 "http://66.33.221.139" "DreamHost SiteMonitor 1.0" 
34.206.152.150 - - [17/Sep/2022:20:32:54 -0700] "HEAD / HTTP/1.1" 301 186 "-" "DreamHost SiteMonitor 1.0" 
34.206.152.150 - - [17/Sep/2022:20:32:54 -0700] "HEAD / HTTP/1.1" 200 359 "http://66.33.221.139" "DreamHost SiteMonitor 1.0" 
20.51.218.81 - - [17/Sep/2022:20:35:44 -0700] "POST /wp-plain.php HTTP/1.1" 418 747 "www.google.com" "Mozilla/5.0 (Linux; Android 7.0; SM-G892A Bulid/NRD90M; wv) AppleWebKit/537.36 (KHTML, like Gecko) Version/4.0 Chrome/60.0.3112.107 Moblie Safari/537.36" 
20.51.218.81 - - [17/Sep/2022:20:35:44 -0700] "POST /ALFA_DATA/alfacgiapi/perl.alfa HTTP/1.1" 404 328 "www.google.com" "Mozlila/5.0 (Linux; Android 7.0; SM-G892A Bulid/NRD90M; wv) AppleWebKit/537.36 (KHTML, like Gecko) Version/4.0 Chrome/60.0.3112.107 Moblie Safari/537.36" 
20.51.218.81 - - [17/Sep/2022:20:35:44 -0700] "GET / HTTP/1.1" 200 49133 "-" "Mozlila/5.0 (Linux; Android 7.0; SM-G892A Bulid/NRD90M; wv) AppleWebKit/537.36 (KHTML, like Gecko) Version/4.0 Chrome/60.0.3112.107 Moblie Safari/537.36" 
20.51.218.81 - - [17/Sep/2022:20:35:45 -0700] "GET /haojqmvd.php?Fox=d3wL7 HTTP/1.1" 404 305 "www.google.com" "Mozilla/5.0 (Linux; Android 7.0; SM-G892A Bulid/NRD90M; wv) AppleWebKit/537.36 (KHTML, like Gecko) Version/4.0 Chrome/60.0.3112.107 Moblie Safari/537.36" 
20.51.218.81 - - [17/Sep/2022:20:35:45 -0700] "POST /alfacgiapi/perl.alfa HTTP/1.1" 404 305 "www.google.com" "Mozlila/5.0 (Linux; Android 7.0; SM-G892A Bulid/NRD90M; wv) AppleWebKit/537.36 (KHTML, like Gecko) Version/4.0 Chrome/60.0.3112.107 Moblie Safari/537.36" 
96.43.99.161 - - [17/Sep/2022:20:35:52 -0700] "GET / HTTP/1.1" 200 13185 "http://www.secrepo.com" "Mozilla/5.0 (Windows NT 10.0; Win64; x64) AppleWebKit/537.36 (KHTML, like Gecko) Chrome/87.0.4280.67 Safari/537.36 Edg/87.0.664.52" 
114.119.149.23 - - [17/Sep/2022:20:37:00 -0700] "GET /self.logs/error.log.2020-09-23 HTTP/1.1" 200 351 "http://www.secrepo.com/self.logs?C=N%3BO%3DD" "Mozilla/5.0 (Linux; Android 7.0;) AppleWebKit/537.36 (KHTML, like Gecko) Mobile Safari/537.36 (compatible; PetalBot;+https://webmaster.petalsearch.com/site/petalbot)" 
175.24.165.243 - - [17/Sep/2022:20:41:16 -0700] "GET /xmlrpc.php HTTP/1.1" 404 328 "-" "Mozilla/5.0 (Windows NT 6.1; WOW64; rv:45.0) Gecko/20100101 Firefox/45.0" 
34.206.152.150 - - [17/Sep/2022:20:42:54 -0700] "HEAD / HTTP/1.1" 301 186 "-" "DreamHost SiteMonitor 1.0" 
34.206.152.150 - - [17/Sep/2022:20:42:54 -0700] "HEAD / HTTP/1.1" 200 359 "http://66.33.221.139" "DreamHost SiteMonitor 1.0" 
40.77.167.38 - - [17/Sep/2022:20:43:51 -0700] "GET /self.logs/ HTTP/1.1" 200 38501 "-" "Mozilla/5.0 (compatible; bingbot/2.0; +http://www.bing.com/bingbot.htm)" 
114.119.149.237 - - [17/Sep/2022:20:46:24 -0700] "GET /self.logs/error.log.2021-01-19 HTTP/1.1" 200 351 "http://www.secrepo.com/self.logs?C=N%3BO%3DD" "Mozilla/5.0 (Linux; Android 7.0;) AppleWebKit/537.36 (KHTML, like Gecko) Mobile Safari/537.36 (compatible; PetalBot;+https://webmaster.petalsearch.com/site/petalbot)" 
114.119.145.137 - - [17/Sep/2022:20:51:31 -0700] "GET /self.logs/error.log.2020-03-05 HTTP/1.1" 200 351 "http://www.secrepo.com/self.logs?C=N%3BO%3DD" "Mozilla/5.0 (Linux; Android 7.0;) AppleWebKit/537.36 (KHTML, like Gecko) Mobile Safari/537.36 (compatible; PetalBot;+https://webmaster.petalsearch.com/site/petalbot)" 
34.206.152.150 - - [17/Sep/2022:20:52:54 -0700] "HEAD / HTTP/1.1" 301 186 "-" "DreamHost SiteMonitor 1.0" 
34.206.152.150 - - [17/Sep/2022:20:52:54 -0700] "HEAD / HTTP/1.1" 200 359 "http://66.33.221.139" "DreamHost SiteMonitor 1.0" 
66.249.70.177 - - [17/Sep/2022:20:58:53 -0700] "GET /self.logs/error.log.2020-11-18 HTTP/1.1" 200 351 "-" "Mozilla/5.0 (Linux; Android 6.0.1; Nexus 5X Build/MMB29P) AppleWebKit/537.36 (KHTML, like Gecko) Chrome/105.0.5195.102 Mobile Safari/537.36 (compatible; Googlebot/2.1; +http://www.google.com/bot.html)" 
34.206.152.150 - - [17/Sep/2022:21:02:54 -0700] "HEAD / HTTP/1.1" 301 186 "-" "DreamHost SiteMonitor 1.0" 
34.206.152.150 - - [17/Sep/2022:21:02:54 -0700] "HEAD / HTTP/1.1" 200 359 "http://66.33.221.139" "DreamHost SiteMonitor 1.0" 
104.199.62.118 - - [17/Sep/2022:21:09:28 -0700] "GET /robots.txt HTTP/1.1" 200 377 "-" "DnBCrawler-Analytics" 
104.199.62.118 - - [17/Sep/2022:21:09:28 -0700] "GET / HTTP/1.1" 200 13142 "-" "DnBCrawler-Analytics" 
104.199.62.118 - - [17/Sep/2022:21:09:30 -0700] "GET /data HTTP/1.1" 404 250 "-" "DnBCrawler-Analytics" 
104.199.62.118 - - [17/Sep/2022:21:09:31 -0700] "GET /robots.txt HTTP/1.1" 301 495 "-" "DnBCrawler-Analytics" 
104.199.62.118 - - [17/Sep/2022:21:09:31 -0700] "GET /robots.txt HTTP/1.1" 200 377 "-" "DnBCrawler-Analytics" 
104.199.62.118 - - [17/Sep/2022:21:09:31 -0700] "GET / HTTP/1.1" 301 419 "-" "DnBCrawler-Analytics" 
104.199.62.118 - - [17/Sep/2022:21:09:31 -0700] "GET / HTTP/1.1" 200 13142 "-" "DnBCrawler-Analytics" 
104.199.62.118 - - [17/Sep/2022:21:09:31 -0700] "GET /robots.txt HTTP/1.1" 200 377 "-" "DnBCrawler-Analytics" 
104.199.62.118 - - [17/Sep/2022:21:09:31 -0700] "GET /self.logs/ HTTP/1.1" 200 38423 "-" "DnBCrawler-Analytics" 
34.206.152.150 - - [17/Sep/2022:21:12:54 -0700] "HEAD / HTTP/1.1" 301 186 "-" "DreamHost SiteMonitor 1.0" 
34.206.152.150 - - [17/Sep/2022:21:12:54 -0700] "HEAD / HTTP/1.1" 200 359 "http://66.33.221.139" "DreamHost SiteMonitor 1.0" 
40.77.167.38 - - [17/Sep/2022:21:14:23 -0700] "GET /self.logs/ HTTP/1.1" 200 38501 "-" "Mozilla/5.0 AppleWebKit/537.36 (KHTML, like Gecko; compatible; bingbot/2.0; +http://www.bing.com/bingbot.htm) Chrome/103.0.5060.134 Safari/537.36" 
95.163.255.52 - - [17/Sep/2022:21:16:31 -0700] "GET /robots.txt HTTP/1.0" 200 340 "-" "Mozilla/5.0 (compatible; Linux x86_64; Mail.RU_Bot/2.0; +https://help.mail.ru/webmaster/indexing/robots)" 
95.163.255.54 - - [17/Sep/2022:21:16:32 -0700] "GET /Datasets%20Description/Network/ftp.html HTTP/1.1" 200 1493 "-" "Mozilla/5.0 (compatible; Linux x86_64; Mail.RU_Bot/2.0; +https://help.mail.ru/webmaster/indexing/robots)" 
34.206.152.150 - - [17/Sep/2022:21:22:54 -0700] "HEAD / HTTP/1.1" 301 186 "-" "DreamHost SiteMonitor 1.0" 
34.206.152.150 - - [17/Sep/2022:21:22:54 -0700] "HEAD / HTTP/1.1" 200 359 "http://66.33.221.139" "DreamHost SiteMonitor 1.0" 
114.119.149.237 - - [17/Sep/2022:21:27:03 -0700] "GET /self.logs/error.log.2020-11-11 HTTP/1.1" 200 351 "http://www.secrepo.com/self.logs?C=N%3BO%3DD" "Mozilla/5.0 (Linux; Android 7.0;) AppleWebKit/537.36 (KHTML, like Gecko) Mobile Safari/537.36 (compatible; PetalBot;+https://webmaster.petalsearch.com/site/petalbot)" 
34.206.152.150 - - [17/Sep/2022:21:32:54 -0700] "HEAD / HTTP/1.1" 301 186 "-" "DreamHost SiteMonitor 1.0" 
34.206.152.150 - - [17/Sep/2022:21:32:54 -0700] "HEAD / HTTP/1.1" 200 359 "http://66.33.221.139" "DreamHost SiteMonitor 1.0" 
114.119.145.137 - - [17/Sep/2022:21:33:59 -0700] "GET /Datasets%20Description/HTML_Bro_log_2/dhcp.html HTTP/1.1" 200 1737 "http://www.secrepo.com/Datasets%20Description/HTML_Bro_log_2/" "Mozilla/5.0 (Linux; Android 7.0;) AppleWebKit/537.36 (KHTML, like Gecko) Mobile Safari/537.36 (compatible; PetalBot;+https://webmaster.petalsearch.com/site/petalbot)" 
114.119.149.237 - - [17/Sep/2022:21:38:24 -0700] "GET /self.logs/error.log.2020-03-27 HTTP/1.1" 200 351 "http://www.secrepo.com/self.logs?C=N%3BO%3DD" "Mozilla/5.0 (Linux; Android 7.0;) AppleWebKit/537.36 (KHTML, like Gecko) Mobile Safari/537.36 (compatible; PetalBot;+https://webmaster.petalsearch.com/site/petalbot)" 
34.206.152.150 - - [17/Sep/2022:21:42:54 -0700] "HEAD / HTTP/1.1" 301 186 "-" "DreamHost SiteMonitor 1.0" 
34.206.152.150 - - [17/Sep/2022:21:42:54 -0700] "HEAD / HTTP/1.1" 200 359 "http://66.33.221.139" "DreamHost SiteMonitor 1.0" 
40.77.167.38 - - [17/Sep/2022:21:45:46 -0700] "GET /self.logs/ HTTP/1.1" 200 38501 "-" "Mozilla/5.0 (compatible; bingbot/2.0; +http://www.bing.com/bingbot.htm)" 
114.119.149.237 - - [17/Sep/2022:21:47:46 -0700] "GET /self.logs/error.log.2020-11-23 HTTP/1.1" 200 351 "http://www.secrepo.com/self.logs?C=N%3BO%3DD" "Mozilla/5.0 (Linux; Android 7.0;) AppleWebKit/537.36 (KHTML, like Gecko) Mobile Safari/537.36 (compatible; PetalBot;+https://webmaster.petalsearch.com/site/petalbot)" 
94.74.127.96 - - [17/Sep/2022:21:48:48 -0700] "GET / HTTP/1.1" 200 13186 "-" "Mozilla/5.0 (Windows NT 10.0; WOW64) AppleWebKit/537.36 (KHTML, like Gecko) Chrome/63.0.3239.132 Safari/537.36" 
114.119.145.137 - - [17/Sep/2022:21:50:18 -0700] "GET /self.logs/error.log.2020-03-26 HTTP/1.1" 200 351 "http://www.secrepo.com/self.logs?C=N%3BO%3DD" "Mozilla/5.0 (Linux; Android 7.0;) AppleWebKit/537.36 (KHTML, like Gecko) Mobile Safari/537.36 (compatible; PetalBot;+https://webmaster.petalsearch.com/site/petalbot)" 
34.206.152.150 - - [17/Sep/2022:21:52:54 -0700] "HEAD / HTTP/1.1" 301 186 "-" "DreamHost SiteMonitor 1.0" 
34.206.152.150 - - [17/Sep/2022:21:52:54 -0700] "HEAD / HTTP/1.1" 200 359 "http://66.33.221.139" "DreamHost SiteMonitor 1.0" 
34.206.152.150 - - [17/Sep/2022:22:02:54 -0700] "HEAD / HTTP/1.1" 301 186 "-" "DreamHost SiteMonitor 1.0" 
34.206.152.150 - - [17/Sep/2022:22:02:54 -0700] "HEAD / HTTP/1.1" 200 359 "http://66.33.221.139" "DreamHost SiteMonitor 1.0" 
114.119.145.137 - - [17/Sep/2022:22:03:42 -0700] "GET /self.logs/error.log.2020-11-21 HTTP/1.1" 200 351 "http://www.secrepo.com/self.logs?C=N%3BO%3DD" "Mozilla/5.0 (Linux; Android 7.0;) AppleWebKit/537.36 (KHTML, like Gecko) Mobile Safari/537.36 (compatible; PetalBot;+https://webmaster.petalsearch.com/site/petalbot)" 
65.108.231.158 - - [17/Sep/2022:22:06:28 -0700] "GET /robots.txt HTTP/1.1" 200 377 "-" "Mozilla/5.0 (compatible; MJ12bot/v1.4.8; http://mj12bot.com/)" 
65.108.231.158 - - [17/Sep/2022:22:06:33 -0700] "GET /self.logs/error.log.2022-02-15 HTTP/1.1" 200 273 "-" "Mozilla/5.0 (compatible; MJ12bot/v1.4.8; http://mj12bot.com/)" 
34.206.152.150 - - [17/Sep/2022:22:12:54 -0700] "HEAD / HTTP/1.1" 301 186 "-" "DreamHost SiteMonitor 1.0" 
34.206.152.150 - - [17/Sep/2022:22:12:54 -0700] "HEAD / HTTP/1.1" 200 359 "http://66.33.221.139" "DreamHost SiteMonitor 1.0" 
40.77.167.38 - - [17/Sep/2022:22:16:40 -0700] "GET /self.logs/ HTTP/1.1" 200 38501 "-" "Mozilla/5.0 (compatible; bingbot/2.0; +http://www.bing.com/bingbot.htm)" 
40.88.21.235 - - [17/Sep/2022:22:21:13 -0700] "GET / HTTP/1.1" 200 13186 "http://www.secrepo.com/" "Mozilla/5.0 (compatible; DuckDuckGo-Favicons-Bot/1.0; +http://duckduckgo.com)" 
40.88.21.235 - - [17/Sep/2022:22:21:13 -0700] "GET /bootstrap/img/favicon.ico HTTP/1.1" 200 690 "http://www.secrepo.com/bootstrap/img/favicon.ico" "Mozilla/5.0 (compatible; DuckDuckGo-Favicons-Bot/1.0; +http://duckduckgo.com)" 
