207.46.13.55 - - [23/Jul/2020:20:41:46 -0700] "GET /self.logs/2016/error.log.2016-04-02.gz HTTP/1.1" 200 723 "-" "Mozilla/5.0 (compatible; bingbot/2.0; +http://www.bing.com/bingbot.htm)" 
179.49.44.92 - - [23/Jul/2020:20:44:34 -0700] "GET /Datasets%20Description/PE_malware/VirusShare.html HTTP/1.1" 200 1651 "https://www.google.com/" "Mozilla/5.0 (Windows NT 10.0; Win64; x64) AppleWebKit/537.36 (KHTML, like Gecko) Chrome/84.0.4147.89 Safari/537.36 Edg/84.0.522.40" 
179.49.44.92 - - [23/Jul/2020:20:44:35 -0700] "GET /favicon.ico HTTP/1.1" 200 368 "http://www.secrepo.com/Datasets%20Description/PE_malware/VirusShare.html" "Mozilla/5.0 (Windows NT 10.0; Win64; x64) AppleWebKit/537.36 (KHTML, like Gecko) Chrome/84.0.4147.89 Safari/537.36 Edg/84.0.522.40" 
179.49.44.92 - - [23/Jul/2020:20:44:44 -0700] "GET / HTTP/1.1" 301 475 "https://medium.com/cyberdefendersprogram/team-aladdin-working-towards-our-goal-a25a36a6d5f1" "Mozilla/5.0 (Windows NT 10.0; Win64; x64) AppleWebKit/537.36 (KHTML, like Gecko) Chrome/84.0.4147.89 Safari/537.36 Edg/84.0.522.40" 
179.49.44.92 - - [23/Jul/2020:20:44:44 -0700] "GET / HTTP/1.1" 200 12882 "https://medium.com/cyberdefendersprogram/team-aladdin-working-towards-our-goal-a25a36a6d5f1" "Mozilla/5.0 (Windows NT 10.0; Win64; x64) AppleWebKit/537.36 (KHTML, like Gecko) Chrome/84.0.4147.89 Safari/537.36 Edg/84.0.522.40" 
179.49.44.92 - - [23/Jul/2020:20:44:44 -0700] "GET /css/style.css HTTP/1.1" 404 305 "http://www.secrepo.com/" "Mozilla/5.0 (Windows NT 10.0; Win64; x64) AppleWebKit/537.36 (KHTML, like Gecko) Chrome/84.0.4147.89 Safari/537.36 Edg/84.0.522.40" 
179.49.44.92 - - [23/Jul/2020:20:44:45 -0700] "GET /css/style.css HTTP/1.1" 404 305 "http://www.secrepo.com/" "Mozilla/5.0 (Windows NT 10.0; Win64; x64) AppleWebKit/537.36 (KHTML, like Gecko) Chrome/84.0.4147.89 Safari/537.36 Edg/84.0.522.40" 
179.49.44.92 - - [23/Jul/2020:20:44:45 -0700] "GET /twitter-icon.png HTTP/1.1" 200 27893 "http://www.secrepo.com/" "Mozilla/5.0 (Windows NT 10.0; Win64; x64) AppleWebKit/537.36 (KHTML, like Gecko) Chrome/84.0.4147.89 Safari/537.36 Edg/84.0.522.40" 
179.49.44.92 - - [23/Jul/2020:20:44:45 -0700] "GET /GitHub-Mark.png HTTP/1.1" 200 7556 "http://www.secrepo.com/" "Mozilla/5.0 (Windows NT 10.0; Win64; x64) AppleWebKit/537.36 (KHTML, like Gecko) Chrome/84.0.4147.89 Safari/537.36 Edg/84.0.522.40" 
179.49.44.92 - - [23/Jul/2020:20:44:47 -0700] "GET /bootstrap/img/favicon.ico HTTP/1.1" 200 713 "http://www.secrepo.com/" "Mozilla/5.0 (Windows NT 10.0; Win64; x64) AppleWebKit/537.36 (KHTML, like Gecko) Chrome/84.0.4147.89 Safari/537.36 Edg/84.0.522.40" 
157.55.39.254 - - [23/Jul/2020:20:45:18 -0700] "GET /self.logs/access.log.2018-06-09.gz HTTP/1.1" 200 20251 "-" "Mozilla/5.0 (compatible; bingbot/2.0; +http://www.bing.com/bingbot.htm)" 
51.77.205.250 - - [23/Jul/2020:20:46:07 -0700] "GET /honeypot/BSidesDFW%20-%202014.ipynb HTTP/1.1" 301 481 "-" "Tornado-Async-Client" 
157.55.39.254 - - [23/Jul/2020:20:53:19 -0700] "GET /self.logs/error.log.2018-11-12.gz HTTP/1.1" 200 4143 "-" "Mozilla/5.0 (compatible; bingbot/2.0; +http://www.bing.com/bingbot.htm)" 
157.55.39.111 - - [23/Jul/2020:20:55:29 -0700] "GET /self.logs/2015/error.log.2015-05-19.gz HTTP/1.1" 200 1062 "-" "Mozilla/5.0 (compatible; bingbot/2.0; +http://www.bing.com/bingbot.htm)" 
157.55.39.111 - - [23/Jul/2020:20:59:39 -0700] "GET /self.logs/2015/error.log.2015-07-19.gz HTTP/1.1" 200 1159 "-" "Mozilla/5.0 (compatible; bingbot/2.0; +http://www.bing.com/bingbot.htm)" 
207.46.13.117 - - [23/Jul/2020:20:59:46 -0700] "GET /self.logs/2015/error.log.2015-07-09.gz HTTP/1.1" 200 1359 "-" "Mozilla/5.0 (compatible; bingbot/2.0; +http://www.bing.com/bingbot.htm)" 
157.55.39.254 - - [23/Jul/2020:21:00:58 -0700] "GET /self.logs/2016/error.log.2016-04-30.gz HTTP/1.1" 200 754 "-" "Mozilla/5.0 (compatible; bingbot/2.0; +http://www.bing.com/bingbot.htm)" 
179.49.44.92 - - [23/Jul/2020:21:04:16 -0700] "GET /Datasets%20Description/PE_malware/Zeus.html HTTP/1.1" 200 1661 "-" "WhatsApp/2.2029.4 N" 
157.55.39.111 - - [23/Jul/2020:21:13:27 -0700] "GET /self.logs/access.log.2020-02-21.gz HTTP/1.1" 200 16511 "-" "Mozilla/5.0 (compatible; bingbot/2.0; +http://www.bing.com/bingbot.htm)" 
157.55.39.254 - - [23/Jul/2020:21:14:31 -0700] "GET /self.logs/access.log.2020-01-11.gz HTTP/1.1" 200 17187 "-" "Mozilla/5.0 (compatible; bingbot/2.0; +http://www.bing.com/bingbot.htm)" 
157.55.39.111 - - [23/Jul/2020:21:18:47 -0700] "GET /self.logs/access.log.2018-02-15.gz HTTP/1.1" 200 27669 "-" "Mozilla/5.0 (compatible; bingbot/2.0; +http://www.bing.com/bingbot.htm)" 
49.7.21.93 - - [23/Jul/2020:21:19:42 -0700] "GET / HTTP/1.1" 200 12844 "-" "Sogou web spider/4.0(+http://www.sogou.com/docs/help/webmasters.htm#07)" 
157.55.39.254 - - [23/Jul/2020:21:26:05 -0700] "GET /self.logs/2015/error.log.2015-08-13.gz HTTP/1.1" 200 838 "-" "Mozilla/5.0 (compatible; bingbot/2.0; +http://www.bing.com/bingbot.htm)" 
118.100.103.195 - - [23/Jul/2020:21:27:09 -0700] "GET /css/style.css HTTP/1.1" 404 328 "http://www.secrepo.com/" "Mozilla/5.0 (Windows NT 10.0; Win64; x64) AppleWebKit/537.36 (KHTML, like Gecko) Chrome/84.0.4147.89 Safari/537.36" 
69.138.151.113 - - [23/Jul/2020:21:27:26 -0700] "GET / HTTP/1.1" 200 12881 "-" "Mozilla/5.0 (X11; Linux x86_64) AppleWebKit/537.36 (KHTML, like Gecko) Chrome/73.0.3683.75 Safari/537.36" 
69.138.151.113 - - [23/Jul/2020:21:27:26 -0700] "GET /css/style.css HTTP/1.1" 404 305 "http://www.secrepo.com/" "Mozilla/5.0 (X11; Linux x86_64) AppleWebKit/537.36 (KHTML, like Gecko) Chrome/73.0.3683.75 Safari/537.36" 
69.138.151.113 - - [23/Jul/2020:21:27:26 -0700] "GET /twitter-icon.png HTTP/1.1" 200 27916 "http://www.secrepo.com/" "Mozilla/5.0 (X11; Linux x86_64) AppleWebKit/537.36 (KHTML, like Gecko) Chrome/73.0.3683.75 Safari/537.36" 
69.138.151.113 - - [23/Jul/2020:21:27:26 -0700] "GET /GitHub-Mark.png HTTP/1.1" 200 7533 "http://www.secrepo.com/" "Mozilla/5.0 (X11; Linux x86_64) AppleWebKit/537.36 (KHTML, like Gecko) Chrome/73.0.3683.75 Safari/537.36" 
69.138.151.113 - - [23/Jul/2020:21:27:27 -0700] "GET /bootstrap/img/favicon.ico HTTP/1.1" 200 690 "http://www.secrepo.com/" "Mozilla/5.0 (X11; Linux x86_64) AppleWebKit/537.36 (KHTML, like Gecko) Chrome/73.0.3683.75 Safari/537.36" 
69.138.151.113 - - [23/Jul/2020:21:32:58 -0700] "GET /self.logs/ HTTP/1.1" 200 23996 "http://www.secrepo.com/" "Mozilla/5.0 (X11; Linux x86_64) AppleWebKit/537.36 (KHTML, like Gecko) Chrome/73.0.3683.75 Safari/537.36" 
69.138.151.113 - - [23/Jul/2020:21:32:58 -0700] "GET /favicon.ico HTTP/1.1" 200 368 "http://www.secrepo.com/self.logs/" "Mozilla/5.0 (X11; Linux x86_64) AppleWebKit/537.36 (KHTML, like Gecko) Chrome/73.0.3683.75 Safari/537.36" 
111.198.230.246 - - [23/Jul/2020:21:33:07 -0700] "GET / HTTP/1.1" 200 12882 "-" "Mozilla/5.0 (Macintosh; Intel Mac OS X 10_15_6) AppleWebKit/605.1.15 (KHTML, like Gecko)" 
69.138.151.113 - - [23/Jul/2020:21:33:07 -0700] "GET /self.logs/access.log.2017-01-08.gz HTTP/1.1" 200 14947 "http://www.secrepo.com/self.logs/" "Mozilla/5.0 (X11; Linux x86_64) AppleWebKit/537.36 (KHTML, like Gecko) Chrome/73.0.3683.75 Safari/537.36" 
111.198.230.246 - - [23/Jul/2020:21:33:08 -0700] "GET /apple-touch-icon-precomposed.png HTTP/1.1" 404 328 "-" "Safari%E6%B5%8F%E8%A7%88%E5%99%A8/15609.3.5.1.3 CFNetwork/1128.0.1 Darwin/19.6.0 (x86_64)" 
111.198.230.246 - - [23/Jul/2020:21:33:09 -0700] "GET /apple-touch-icon.png HTTP/1.1" 404 305 "-" "Safari%E6%B5%8F%E8%A7%88%E5%99%A8/15609.3.5.1.3 CFNetwork/1128.0.1 Darwin/19.6.0 (x86_64)" 
111.198.230.246 - - [23/Jul/2020:21:33:09 -0700] "GET /bootstrap/img/favicon.ico HTTP/1.1" 304 253 "-" "Safari%E6%B5%8F%E8%A7%88%E5%99%A8/15609.3.5.1.3 CFNetwork/1128.0.1 Darwin/19.6.0 (x86_64)" 
111.198.230.246 - - [23/Jul/2020:21:33:09 -0700] "GET / HTTP/1.1" 200 12882 "-" "Mozilla/5.0 (iPhone; CPU iPhone OS 13_1_3 like Mac OS X) AppleWebKit/605.1.15 (KHTML, like Gecko) Version/13.0.1 Mobile/15E148 Safari/604.1" 
111.198.230.246 - - [23/Jul/2020:21:33:10 -0700] "GET /apple-touch-icon-precomposed.png HTTP/1.1" 404 305 "-" "Safari%E6%B5%8F%E8%A7%88%E5%99%A8/15609.3.5.1.3 CFNetwork/1128.0.1 Darwin/19.6.0 (x86_64)" 
111.198.230.246 - - [23/Jul/2020:21:33:11 -0700] "GET /apple-touch-icon.png HTTP/1.1" 404 305 "-" "Safari%E6%B5%8F%E8%A7%88%E5%99%A8/15609.3.5.1.3 CFNetwork/1128.0.1 Darwin/19.6.0 (x86_64)" 
207.46.13.55 - - [23/Jul/2020:21:53:14 -0700] "GET /self.logs/2015/error.log.2015-12-17.gz HTTP/1.1" 200 835 "-" "Mozilla/5.0 (compatible; bingbot/2.0; +http://www.bing.com/bingbot.htm)" 
157.100.230.26 - - [23/Jul/2020:22:12:09 -0700] "GET /Datasets%20Description/PE_malware/Zeus.html HTTP/1.1" 200 1698 "-" "Mozilla/5.0 (Windows NT 10.0; Win64; x64) AppleWebKit/537.36 (KHTML, like Gecko) Chrome/81.0.4044.138 Safari/537.36 OPR/68.0.3618.173" 
157.100.230.26 - - [23/Jul/2020:22:12:11 -0700] "GET /favicon.ico HTTP/1.1" 200 368 "http://www.secrepo.com/Datasets%20Description/PE_malware/Zeus.html" "Mozilla/5.0 (Windows NT 10.0; Win64; x64) AppleWebKit/537.36 (KHTML, like Gecko) Chrome/81.0.4044.138 Safari/537.36 OPR/68.0.3618.173" 
157.55.39.254 - - [23/Jul/2020:22:14:40 -0700] "GET /self.logs/access.log.2017-06-10.gz HTTP/1.1" 200 19483 "-" "Mozilla/5.0 (compatible; bingbot/2.0; +http://www.bing.com/bingbot.htm)" 
64.32.6.246 - - [23/Jul/2020:22:17:37 -0700] "GET / HTTP/1.1" 200 12881 "https://blog.csdn.net/qq_30212343/article/details/88659513?utm_medium=distribute.pc_relevant.none-task-blog-BlogCommendFromMachineLearnPai2-5.channel_param&depth_1-utm_source=distribute.pc_relevant.none-task-blog-BlogCommendFromMachineLearnPai2-5.channel_param" "Mozilla/5.0 (Windows NT 10.0; Win64; x64) AppleWebKit/537.36 (KHTML, like Gecko) Chrome/80.0.3987.87 Safari/537.36" 
64.32.6.246 - - [23/Jul/2020:22:17:37 -0700] "GET /css/style.css HTTP/1.1" 404 305 "http://www.secrepo.com/" "Mozilla/5.0 (Windows NT 10.0; Win64; x64) AppleWebKit/537.36 (KHTML, like Gecko) Chrome/80.0.3987.87 Safari/537.36" 
64.32.6.246 - - [23/Jul/2020:22:17:39 -0700] "GET /twitter-icon.png HTTP/1.1" 200 27893 "http://www.secrepo.com/" "Mozilla/5.0 (Windows NT 10.0; Win64; x64) AppleWebKit/537.36 (KHTML, like Gecko) Chrome/80.0.3987.87 Safari/537.36" 
64.32.6.246 - - [23/Jul/2020:22:17:39 -0700] "GET /GitHub-Mark.png HTTP/1.1" 200 7556 "http://www.secrepo.com/" "Mozilla/5.0 (Windows NT 10.0; Win64; x64) AppleWebKit/537.36 (KHTML, like Gecko) Chrome/80.0.3987.87 Safari/537.36" 
207.46.13.55 - - [23/Jul/2020:22:19:44 -0700] "GET /self.logs/2016/access.log.2016-11-15.gz HTTP/1.1" 200 19692 "-" "Mozilla/5.0 (compatible; bingbot/2.0; +http://www.bing.com/bingbot.htm)" 
108.59.8.70 - - [23/Jul/2020:22:32:28 -0700] "GET /robots.txt HTTP/1.1" 200 377 "-" "Mozilla/5.0 (compatible; MJ12bot/v1.4.8; http://mj12bot.com/)" 
108.59.8.70 - - [23/Jul/2020:22:32:30 -0700] "GET / HTTP/1.1" 200 12804 "-" "Mozilla/5.0 (compatible; MJ12bot/v1.4.8; http://mj12bot.com/)" 
54.86.251.175 - - [23/Jul/2020:22:37:07 -0700] "GET / HTTP/1.1" 200 12845 "-" "ColdFusion" 
203.113.152.125 - - [23/Jul/2020:22:39:58 -0700] "GET / HTTP/1.1" 301 475 "-" "Mozilla/5.0 (Macintosh; Intel Mac OS X 10_11_6) AppleWebKit/537.36 (KHTML, like Gecko) Chrome/53.0.2785.143 Safari/537.36" 
203.113.152.125 - - [23/Jul/2020:22:40:01 -0700] "GET / HTTP/1.1" 200 12882 "-" "Mozilla/5.0 (Macintosh; Intel Mac OS X 10_11_6) AppleWebKit/537.36 (KHTML, like Gecko) Chrome/53.0.2785.143 Safari/537.36" 
203.113.152.125 - - [23/Jul/2020:22:40:01 -0700] "GET / HTTP/1.1" 301 475 "-" "Mozilla/5.0 (Macintosh; Intel Mac OS X 10_11_6) AppleWebKit/537.36 (KHTML, like Gecko) Chrome/53.0.2785.143 Safari/537.36" 
203.113.152.125 - - [23/Jul/2020:22:40:02 -0700] "GET / HTTP/1.1" 200 12882 "-" "Mozilla/5.0 (Macintosh; Intel Mac OS X 10_11_6) AppleWebKit/537.36 (KHTML, like Gecko) Chrome/53.0.2785.143 Safari/537.36" 
207.46.13.117 - - [23/Jul/2020:22:54:43 -0700] "GET /self.logs/error.log.2017-07-22.gz HTTP/1.1" 200 988 "-" "Mozilla/5.0 (compatible; bingbot/2.0; +http://www.bing.com/bingbot.htm)" 
5.226.137.4 - - [23/Jul/2020:22:57:15 -0700] "GET / HTTP/1.1" 200 12882 "-" "Mozilla/5.0 (Macintosh; Intel Mac OS X 10_15_6) AppleWebKit/605.1.15 (KHTML, like Gecko)" 
5.226.137.4 - - [23/Jul/2020:22:57:16 -0700] "GET /apple-touch-icon-precomposed.png HTTP/1.1" 404 328 "-" "Safari%E6%B5%8F%E8%A7%88%E5%99%A8/15609.3.5.1.3 CFNetwork/1128.0.1 Darwin/19.6.0 (x86_64)" 
5.226.137.4 - - [23/Jul/2020:22:57:16 -0700] "GET /apple-touch-icon.png HTTP/1.1" 404 328 "-" "Safari%E6%B5%8F%E8%A7%88%E5%99%A8/15609.3.5.1.3 CFNetwork/1128.0.1 Darwin/19.6.0 (x86_64)" 
5.226.137.4 - - [23/Jul/2020:22:57:17 -0700] "GET / HTTP/1.1" 200 12882 "-" "Mozilla/5.0 (iPhone; CPU iPhone OS 13_1_3 like Mac OS X) AppleWebKit/605.1.15 (KHTML, like Gecko) Version/13.0.1 Mobile/15E148 Safari/604.1" 
5.226.137.4 - - [23/Jul/2020:22:57:17 -0700] "GET /apple-touch-icon-precomposed.png HTTP/1.1" 404 328 "-" "Safari%E6%B5%8F%E8%A7%88%E5%99%A8/15609.3.5.1.3 CFNetwork/1128.0.1 Darwin/19.6.0 (x86_64)" 
5.226.137.4 - - [23/Jul/2020:22:57:18 -0700] "GET /apple-touch-icon.png HTTP/1.1" 404 328 "-" "Safari%E6%B5%8F%E8%A7%88%E5%99%A8/15609.3.5.1.3 CFNetwork/1128.0.1 Darwin/19.6.0 (x86_64)" 
88.150.237.3 - - [23/Jul/2020:23:05:10 -0700] "GET / HTTP/1.1" 200 12882 "-" "Mozilla/5.0 (Macintosh; Intel Mac OS X 10_15_6) AppleWebKit/605.1.15 (KHTML, like Gecko)" 
88.150.237.3 - - [23/Jul/2020:23:05:11 -0700] "GET /apple-touch-icon-precomposed.png HTTP/1.1" 404 328 "-" "Safari%E6%B5%8F%E8%A7%88%E5%99%A8/15609.3.5.1.3 CFNetwork/1128.0.1 Darwin/19.6.0 (x86_64)" 
88.150.237.3 - - [23/Jul/2020:23:05:12 -0700] "GET /apple-touch-icon.png HTTP/1.1" 404 328 "-" "Safari%E6%B5%8F%E8%A7%88%E5%99%A8/15609.3.5.1.3 CFNetwork/1128.0.1 Darwin/19.6.0 (x86_64)" 
88.150.237.3 - - [23/Jul/2020:23:05:12 -0700] "GET / HTTP/1.1" 200 12882 "-" "Mozilla/5.0 (iPhone; CPU iPhone OS 13_1_3 like Mac OS X) AppleWebKit/605.1.15 (KHTML, like Gecko) Version/13.0.1 Mobile/15E148 Safari/604.1" 
88.150.237.3 - - [23/Jul/2020:23:05:13 -0700] "GET /apple-touch-icon-precomposed.png HTTP/1.1" 404 328 "-" "Safari%E6%B5%8F%E8%A7%88%E5%99%A8/15609.3.5.1.3 CFNetwork/1128.0.1 Darwin/19.6.0 (x86_64)" 
88.150.237.3 - - [23/Jul/2020:23:05:14 -0700] "GET /apple-touch-icon.png HTTP/1.1" 404 328 "-" "Safari%E6%B5%8F%E8%A7%88%E5%99%A8/15609.3.5.1.3 CFNetwork/1128.0.1 Darwin/19.6.0 (x86_64)" 
101.89.239.120 - - [23/Jul/2020:23:12:32 -0700] "GET /honeypot/BSidesDFW%20-%202014.ipynb HTTP/1.1" 200 478880 "-" "Mozilla/5.0 (Linux; Android 4.4.4; Coolpad Y82-520 Build/KTU84P) AppleWebKit/537.36 (KHTML, like Gecko) Version/4.0 Chrome/33.0.0.0 Mobile Safari/537.36 MicroMessenger/6.5.4.1000 NetType/4G Language/zh_CN" 
111.198.230.246 - - [23/Jul/2020:23:18:33 -0700] "GET / HTTP/1.1" 200 12881 "-" "Mozilla/5.0 (Macintosh; Intel Mac OS X 10_15_6) AppleWebKit/605.1.15 (KHTML, like Gecko)" 
111.198.230.246 - - [23/Jul/2020:23:18:34 -0700] "GET /apple-touch-icon-precomposed.png HTTP/1.1" 404 328 "-" "Safari%E6%B5%8F%E8%A7%88%E5%99%A8/15609.3.5.1.3 CFNetwork/1128.0.1 Darwin/19.6.0 (x86_64)" 
111.198.230.246 - - [23/Jul/2020:23:18:34 -0700] "GET /apple-touch-icon.png HTTP/1.1" 404 305 "-" "Safari%E6%B5%8F%E8%A7%88%E5%99%A8/15609.3.5.1.3 CFNetwork/1128.0.1 Darwin/19.6.0 (x86_64)" 
111.198.230.246 - - [23/Jul/2020:23:18:35 -0700] "GET / HTTP/1.1" 200 12881 "-" "Mozilla/5.0 (iPhone; CPU iPhone OS 13_1_3 like Mac OS X) AppleWebKit/605.1.15 (KHTML, like Gecko) Version/13.0.1 Mobile/15E148 Safari/604.1" 
111.198.230.246 - - [23/Jul/2020:23:18:36 -0700] "GET /apple-touch-icon-precomposed.png HTTP/1.1" 404 305 "-" "Safari%E6%B5%8F%E8%A7%88%E5%99%A8/15609.3.5.1.3 CFNetwork/1128.0.1 Darwin/19.6.0 (x86_64)" 
111.198.230.246 - - [23/Jul/2020:23:18:36 -0700] "GET /apple-touch-icon.png HTTP/1.1" 404 305 "-" "Safari%E6%B5%8F%E8%A7%88%E5%99%A8/15609.3.5.1.3 CFNetwork/1128.0.1 Darwin/19.6.0 (x86_64)" 
179.49.44.92 - - [23/Jul/2020:23:28:16 -0700] "GET /Datasets%20Description/PE_malware/VirusShare.html HTTP/1.1" 200 1651 "-" "Mozilla/5.0 (Windows NT 10.0; Win64; x64) AppleWebKit/537.36 (KHTML, like Gecko) Chrome/84.0.4147.89 Safari/537.36 Edg/84.0.522.40" 
179.49.44.92 - - [23/Jul/2020:23:28:16 -0700] "GET /favicon.ico HTTP/1.1" 200 368 "http://www.secrepo.com/Datasets%20Description/PE_malware/VirusShare.html" "Mozilla/5.0 (Windows NT 10.0; Win64; x64) AppleWebKit/537.36 (KHTML, like Gecko) Chrome/84.0.4147.89 Safari/537.36 Edg/84.0.522.40" 
171.13.14.75 - - [23/Jul/2020:23:30:52 -0700] "GET /scada/scada_logs.zip HTTP/1.1" 200 216080 "-" "Go-http-client/1.1" 
157.55.39.111 - - [23/Jul/2020:23:43:59 -0700] "GET /self.logs/access.log.2019-03-11.gz HTTP/1.1" 200 41556 "-" "Mozilla/5.0 (compatible; bingbot/2.0; +http://www.bing.com/bingbot.htm)" 
171.13.14.84 - - [23/Jul/2020:23:47:45 -0700] "GET /pe_static/op-cleaver.zip HTTP/1.1" 200 146000 "-" "Go-http-client/1.1" 
211.138.116.87 - - [23/Jul/2020:23:46:38 -0700] "GET /auth.log/auth.log.gz HTTP/1.1" 200 108240 "https://blog.csdn.net/answer3lin/article/details/82966360" "Mozilla/5.0 (Windows NT 10.0; WOW64) AppleWebKit/537.36 (KHTML, like Gecko) Chrome/69.0.3497.100 Safari/537.36" 
211.138.116.87 - - [23/Jul/2020:23:52:19 -0700] "GET /Security-Data-Analysis/Lab_1/conn.log.zip HTTP/1.1" 200 108240 "-" "Mozilla/5.0 (Windows NT 10.0; WOW64) AppleWebKit/537.36 (KHTML, like Gecko) Chrome/69.0.3497.100 Safari/537.36" 
39.101.184.55 - - [23/Jul/2020:23:54:58 -0700] "HEAD /webadmin/login.php HTTP/1.1" 404 309 "-" "-" 
39.101.184.55 - - [23/Jul/2020:23:54:58 -0700] "HEAD /only/login.php HTTP/1.1" 404 309 "-" "-" 
185.220.100.242 - - [24/Jul/2020:00:02:04 -0700] "GET /self.logs/error.log.2018-06-27.gz HTTP/1.1" 200 6712 "-" "Ruby" 
111.198.230.246 - - [24/Jul/2020:00:22:18 -0700] "GET / HTTP/1.1" 200 12882 "-" "Mozilla/5.0 (Macintosh; Intel Mac OS X 10_15_6) AppleWebKit/605.1.15 (KHTML, like Gecko)" 
111.198.230.246 - - [24/Jul/2020:00:22:19 -0700] "GET /apple-touch-icon-precomposed.png HTTP/1.1" 404 328 "-" "Safari%E6%B5%8F%E8%A7%88%E5%99%A8/15609.3.5.1.3 CFNetwork/1128.0.1 Darwin/19.6.0 (x86_64)" 
111.198.230.246 - - [24/Jul/2020:00:22:19 -0700] "GET /apple-touch-icon.png HTTP/1.1" 404 305 "-" "Safari%E6%B5%8F%E8%A7%88%E5%99%A8/15609.3.5.1.3 CFNetwork/1128.0.1 Darwin/19.6.0 (x86_64)" 
111.198.230.246 - - [24/Jul/2020:00:22:20 -0700] "GET /bootstrap/img/favicon.ico HTTP/1.1" 200 690 "-" "Safari%E6%B5%8F%E8%A7%88%E5%99%A8/15609.3.5.1.3 CFNetwork/1128.0.1 Darwin/19.6.0 (x86_64)" 
111.198.230.246 - - [24/Jul/2020:00:22:21 -0700] "GET / HTTP/1.1" 200 12882 "-" "Mozilla/5.0 (iPhone; CPU iPhone OS 13_1_3 like Mac OS X) AppleWebKit/605.1.15 (KHTML, like Gecko) Version/13.0.1 Mobile/15E148 Safari/604.1" 
111.198.230.246 - - [24/Jul/2020:00:22:23 -0700] "GET /apple-touch-icon-precomposed.png HTTP/1.1" 404 328 "-" "Safari%E6%B5%8F%E8%A7%88%E5%99%A8/15609.3.5.1.3 CFNetwork/1128.0.1 Darwin/19.6.0 (x86_64)" 
111.198.230.246 - - [24/Jul/2020:00:22:23 -0700] "GET /apple-touch-icon.png HTTP/1.1" 404 305 "-" "Safari%E6%B5%8F%E8%A7%88%E5%99%A8/15609.3.5.1.3 CFNetwork/1128.0.1 Darwin/19.6.0 (x86_64)" 
88.249.27.125 - - [24/Jul/2020:00:24:58 -0700] "GET / HTTP/1.1" 200 12882 "-" "Mozilla/5.0 (Windows NT 10.0; Win64; x64) AppleWebKit/537.36 (KHTML, like Gecko) Chrome/84.0.4147.89 Safari/537.36" 
88.249.27.125 - - [24/Jul/2020:00:24:58 -0700] "GET /css/style.css HTTP/1.1" 404 305 "http://www.secrepo.com/" "Mozilla/5.0 (Windows NT 10.0; Win64; x64) AppleWebKit/537.36 (KHTML, like Gecko) Chrome/84.0.4147.89 Safari/537.36" 
88.249.27.125 - - [24/Jul/2020:00:24:58 -0700] "GET /twitter-icon.png HTTP/1.1" 200 27893 "http://www.secrepo.com/" "Mozilla/5.0 (Windows NT 10.0; Win64; x64) AppleWebKit/537.36 (KHTML, like Gecko) Chrome/84.0.4147.89 Safari/537.36" 
88.249.27.125 - - [24/Jul/2020:00:24:58 -0700] "GET /GitHub-Mark.png HTTP/1.1" 200 7556 "http://www.secrepo.com/" "Mozilla/5.0 (Windows NT 10.0; Win64; x64) AppleWebKit/537.36 (KHTML, like Gecko) Chrome/84.0.4147.89 Safari/537.36" 
88.249.27.125 - - [24/Jul/2020:00:24:59 -0700] "GET /bootstrap/img/favicon.ico HTTP/1.1" 200 690 "http://www.secrepo.com/" "Mozilla/5.0 (Windows NT 10.0; Win64; x64) AppleWebKit/537.36 (KHTML, like Gecko) Chrome/84.0.4147.89 Safari/537.36" 
157.55.39.32 - - [24/Jul/2020:00:33:33 -0700] "GET /robots.txt HTTP/1.1" 200 377 "-" "Mozilla/5.0 (compatible; bingbot/2.0; +http://www.bing.com/bingbot.htm)" 
49.36.62.127 - - [24/Jul/2020:00:34:14 -0700] "GET /self.logs/ HTTP/1.1" 200 23996 "-" "Mozilla/5.0 (Windows NT 10.0; Win64; x64) AppleWebKit/537.36 (KHTML, like Gecko) Chrome/83.0.4103.116 Safari/537.36" 
49.36.62.127 - - [24/Jul/2020:00:34:17 -0700] "GET /favicon.ico HTTP/1.1" 200 391 "http://www.secrepo.com/self.logs/" "Mozilla/5.0 (Windows NT 10.0; Win64; x64) AppleWebKit/537.36 (KHTML, like Gecko) Chrome/83.0.4103.116 Safari/537.36" 
1.23.226.221 - - [24/Jul/2020:00:36:07 -0700] "GET /self.logs/?C=S;O=A HTTP/1.1" 200 27890 "http://www.secrepo.com/self.logs/" "Mozilla/5.0 (Windows NT 10.0; Win64; x64) AppleWebKit/537.36 (KHTML, like Gecko) Chrome/83.0.4103.116 Safari/537.36" 
1.23.226.221 - - [24/Jul/2020:00:36:10 -0700] "GET /self.logs/?C=S;O=D HTTP/1.1" 200 27890 "http://www.secrepo.com/self.logs/?C=S;O=A" "Mozilla/5.0 (Windows NT 10.0; Win64; x64) AppleWebKit/537.36 (KHTML, like Gecko) Chrome/83.0.4103.116 Safari/537.36" 
1.23.226.221 - - [24/Jul/2020:00:36:23 -0700] "GET / HTTP/1.1" 200 12882 "http://www.secrepo.com/self.logs/?C=S;O=D" "Mozilla/5.0 (Windows NT 10.0; Win64; x64) AppleWebKit/537.36 (KHTML, like Gecko) Chrome/83.0.4103.116 Safari/537.36" 
1.23.226.221 - - [24/Jul/2020:00:36:23 -0700] "GET /twitter-icon.png HTTP/1.1" 200 27916 "http://www.secrepo.com/" "Mozilla/5.0 (Windows NT 10.0; Win64; x64) AppleWebKit/537.36 (KHTML, like Gecko) Chrome/83.0.4103.116 Safari/537.36" 
1.23.226.221 - - [24/Jul/2020:00:36:23 -0700] "GET /css/style.css HTTP/1.1" 404 305 "http://www.secrepo.com/" "Mozilla/5.0 (Windows NT 10.0; Win64; x64) AppleWebKit/537.36 (KHTML, like Gecko) Chrome/83.0.4103.116 Safari/537.36" 
1.23.226.221 - - [24/Jul/2020:00:36:24 -0700] "GET /GitHub-Mark.png HTTP/1.1" 200 7556 "http://www.secrepo.com/" "Mozilla/5.0 (Windows NT 10.0; Win64; x64) AppleWebKit/537.36 (KHTML, like Gecko) Chrome/83.0.4103.116 Safari/537.36" 
1.23.226.221 - - [24/Jul/2020:00:36:27 -0700] "GET /bootstrap/img/favicon.ico HTTP/1.1" 200 713 "http://www.secrepo.com/" "Mozilla/5.0 (Windows NT 10.0; Win64; x64) AppleWebKit/537.36 (KHTML, like Gecko) Chrome/83.0.4103.116 Safari/537.36" 
135.181.35.134 - - [24/Jul/2020:00:36:57 -0700] "GET / HTTP/1.1" 301 438 "-" "Mozilla/5.0 (Windows; U; Windows NT 5.1; en-US; rv:1.8.1.6) Gecko/20070725 Firefox/2.0.0.6" 
135.181.35.134 - - [24/Jul/2020:00:36:59 -0700] "GET / HTTP/1.1" 200 48027 "-" "Mozilla/5.0 (Windows; U; Windows NT 5.1; en-US; rv:1.8.1.6) Gecko/20070725 Firefox/2.0.0.6" 
135.181.35.45 - - [24/Jul/2020:00:39:12 -0700] "GET / HTTP/1.1" 200 48027 "-" "Mozilla/5.0 (Windows; U; Windows NT 5.1; en-US; rv:1.8.1.6) Gecko/20070725 Firefox/2.0.0.6" 
157.55.39.254 - - [24/Jul/2020:00:50:58 -0700] "GET /self.logs/access.log.2018-10-16.gz HTTP/1.1" 200 19014 "-" "Mozilla/5.0 (compatible; bingbot/2.0; +http://www.bing.com/bingbot.htm)" 
117.136.66.135 - - [24/Jul/2020:00:57:15 -0700] "GET /honeypot/honeypot.json.zip HTTP/1.1" 200 23086087 "https://blog.csdn.net/answer3lin/article/details/82966360" "Mozilla/5.0 (Macintosh; Intel Mac OS X 10_14_6) AppleWebKit/537.36 (KHTML, like Gecko) Chrome/84.0.4147.89 Safari/537.36" 
117.136.66.135 - - [24/Jul/2020:01:00:16 -0700] "GET /auth.log/auth.log.gz HTTP/1.1" 200 615679 "https://blog.csdn.net/answer3lin/article/details/82966360" "Mozilla/5.0 (Macintosh; Intel Mac OS X 10_14_6) AppleWebKit/537.36 (KHTML, like Gecko) Chrome/84.0.4147.89 Safari/537.36" 
46.19.141.82 - - [24/Jul/2020:01:03:37 -0700] "GET /self.logs/2015/error.log.2015-12-20.gz HTTP/1.1" 200 1451 "-" "Ruby" 
113.31.108.135 - - [24/Jul/2020:01:03:43 -0700] "GET / HTTP/1.1" 200 12882 "-" "Mozilla/5.0 (Macintosh; Intel Mac OS X 10_11) AppleWebKit/601.1.27 (KHTML, like Gecko) Chrome/47.0.2526.106 Safari/601.1.27" 
113.31.108.135 - - [24/Jul/2020:01:03:44 -0700] "GET / HTTP/1.1" 200 12882 "-" "Mozilla/5.0 (Macintosh; Intel Mac OS X 10_11) AppleWebKit/601.1.27 (KHTML, like Gecko) Chrome/47.0.2526.106 Safari/601.1.27" 
113.31.108.135 - - [24/Jul/2020:01:03:44 -0700] "GET / HTTP/1.1" 200 12882 "-" "Mozilla/5.0 (Macintosh; Intel Mac OS X 10_11) AppleWebKit/601.1.27 (KHTML, like Gecko) Chrome/47.0.2526.106 Safari/601.1.27" 
113.31.108.135 - - [24/Jul/2020:01:03:45 -0700] "GET / HTTP/1.1" 200 12882 "-" "Mozilla/5.0 (Macintosh; Intel Mac OS X 10_11) AppleWebKit/601.1.27 (KHTML, like Gecko) Chrome/47.0.2526.106 Safari/601.1.27" 
199.58.86.206 - - [24/Jul/2020:01:04:38 -0700] "GET /robots.txt HTTP/1.1" 200 377 "-" "Mozilla/5.0 (compatible; MJ12bot/v1.4.8; http://mj12bot.com/)" 
199.58.86.206 - - [24/Jul/2020:01:05:16 -0700] "GET / HTTP/1.1" 200 12838 "-" "Mozilla/5.0 (compatible; MJ12bot/v1.4.8; http://mj12bot.com/)" 
179.43.160.238 - - [24/Jul/2020:01:07:10 -0700] "HEAD /self.logs/2015/error.log.2015-06-06.gz HTTP/1.1" 200 359 "-" "Ruby" 
179.43.160.238 - - [24/Jul/2020:01:07:10 -0700] "GET /self.logs/2015/error.log.2015-06-06.gz HTTP/1.1" 200 775 "-" "Ruby" 
157.55.39.111 - - [24/Jul/2020:01:10:26 -0700] "GET /self.logs/access.log.2018-12-11.gz HTTP/1.1" 200 23050 "-" "Mozilla/5.0 (compatible; bingbot/2.0; +http://www.bing.com/bingbot.htm)" 
207.46.13.117 - - [24/Jul/2020:01:13:05 -0700] "GET /self.logs/access.log.2015-10-26.gz HTTP/1.1" 404 328 "-" "Mozilla/5.0 (compatible; bingbot/2.0; +http://www.bing.com/bingbot.htm)" 
162.210.196.129 - - [24/Jul/2020:01:18:58 -0700] "GET /robots.txt HTTP/1.1" 301 495 "-" "Mozilla/5.0 (compatible; MJ12bot/v1.4.8; http://mj12bot.com/)" 
162.210.196.129 - - [24/Jul/2020:01:18:59 -0700] "GET /robots.txt HTTP/1.1" 200 377 "-" "Mozilla/5.0 (compatible; MJ12bot/v1.4.8; http://mj12bot.com/)" 
162.210.196.129 - - [24/Jul/2020:01:19:05 -0700] "GET / HTTP/1.1" 301 419 "-" "Mozilla/5.0 (compatible; MJ12bot/v1.4.8; http://mj12bot.com/)" 
162.210.196.129 - - [24/Jul/2020:01:19:14 -0700] "GET / HTTP/1.1" 200 12838 "-" "Mozilla/5.0 (compatible; MJ12bot/v1.4.8; http://mj12bot.com/)" 
52.39.124.70 - - [24/Jul/2020:01:24:59 -0700] "GET / HTTP/1.1" 301 475 "-" "Mozilla/5.0 (Windows NT 10.0; Win64; x64) AppleWebKit/537.36 (KHTML, like Gecko) Chrome/52.0.2743.116 Safari/537.36 Edge/15.15063" 
52.39.124.70 - - [24/Jul/2020:01:24:59 -0700] "GET / HTTP/1.1" 200 12882 "-" "Mozilla/5.0 (Windows NT 10.0; Win64; x64) AppleWebKit/537.36 (KHTML, like Gecko) Chrome/52.0.2743.116 Safari/537.36 Edge/15.15063" 
117.107.147.153 - - [24/Jul/2020:01:25:48 -0700] "GET / HTTP/1.1" 200 12882 "-" "Mozilla/5.0 (Windows NT 10.0; WOW64) AppleWebKit/537.36 (KHTML, like Gecko) Chrome/81.0.4044.138 Safari/537.36" 
117.107.147.153 - - [24/Jul/2020:01:25:49 -0700] "GET /css/style.css HTTP/1.1" 404 328 "http://www.secrepo.com/" "Mozilla/5.0 (Windows NT 10.0; WOW64) AppleWebKit/537.36 (KHTML, like Gecko) Chrome/81.0.4044.138 Safari/537.36" 
46.19.141.84 - - [24/Jul/2020:01:28:53 -0700] "GET /self.logs/error.log.2018-02-07.gz HTTP/1.1" 200 4107 "-" "Ruby" 
207.46.13.117 - - [24/Jul/2020:01:30:25 -0700] "GET /self.logs/access.log.2020-01-06.gz HTTP/1.1" 200 13902 "-" "Mozilla/5.0 (compatible; bingbot/2.0; +http://www.bing.com/bingbot.htm)" 
157.55.39.254 - - [24/Jul/2020:01:36:47 -0700] "GET /self.logs/error.log.2018-05-22.gz HTTP/1.1" 200 3809 "-" "Mozilla/5.0 (compatible; bingbot/2.0; +http://www.bing.com/bingbot.htm)" 
157.55.39.111 - - [24/Jul/2020:01:45:15 -0700] "GET /self.logs/2015/error.log.2015-04-27.gz HTTP/1.1" 200 759 "-" "Mozilla/5.0 (compatible; bingbot/2.0; +http://www.bing.com/bingbot.htm)" 
119.45.36.139 - - [24/Jul/2020:01:45:23 -0700] "GET /data/admin/ver.txt HTTP/1.1" 301 511 "-" "-" 
179.43.160.238 - - [24/Jul/2020:01:53:45 -0700] "GET /self.logs/access.log.2020-04-15.gz HTTP/1.1" 200 31558 "-" "Ruby" 
96.54.252.61 - - [24/Jul/2020:01:56:04 -0700] "GET / HTTP/1.1" 200 12882 "-" "Mozilla/5.0 (Linux; Android 8.1.0; ONEPLUS A5000) AppleWebKit/537.36 (KHTML, like Gecko) Chrome/84.0.4147.89 Mobile Safari/537.36" 
96.54.252.61 - - [24/Jul/2020:01:56:04 -0700] "GET /css/style.css HTTP/1.1" 404 305 "http://www.secrepo.com/" "Mozilla/5.0 (Linux; Android 8.1.0; ONEPLUS A5000) AppleWebKit/537.36 (KHTML, like Gecko) Chrome/84.0.4147.89 Mobile Safari/537.36" 
96.54.252.61 - - [24/Jul/2020:01:56:05 -0700] "GET /bootstrap/img/favicon.ico HTTP/1.1" 304 253 "http://www.secrepo.com/" "Mozilla/5.0 (Linux; Android 8.1.0; ONEPLUS A5000) AppleWebKit/537.36 (KHTML, like Gecko) Chrome/84.0.4147.89 Mobile Safari/537.36" 
157.55.39.254 - - [24/Jul/2020:01:56:17 -0700] "GET /self.logs/error.log.2020-04-24.gz HTTP/1.1" 200 1354 "-" "Mozilla/5.0 (compatible; bingbot/2.0; +http://www.bing.com/bingbot.htm)" 
178.17.170.164 - - [24/Jul/2020:01:56:59 -0700] "HEAD /self.logs/error.log.2020-02-16.gz HTTP/1.1" 200 359 "-" "Ruby" 
178.17.170.164 - - [24/Jul/2020:01:56:59 -0700] "GET /self.logs/error.log.2020-02-16.gz HTTP/1.1" 200 1285 "-" "Ruby" 
40.77.167.76 - - [24/Jul/2020:02:03:56 -0700] "GET /self.logs/access.log.2019-12-01.gz HTTP/1.1" 200 14741 "-" "Mozilla/5.0 (compatible; bingbot/2.0; +http://www.bing.com/bingbot.htm)" 
203.66.246.9 - - [24/Jul/2020:02:06:09 -0700] "GET /self.logs/ HTTP/1.1" 200 23996 "-" "Mozilla/5.0 (Windows NT 6.1; Win64; x64) AppleWebKit/537.36 (KHTML, like Gecko) Chrome/84.0.4147.89 Safari/537.36" 
203.66.246.9 - - [24/Jul/2020:02:06:10 -0700] "GET /favicon.ico HTTP/1.1" 200 368 "http://www.secrepo.com/self.logs/" "Mozilla/5.0 (Windows NT 6.1; Win64; x64) AppleWebKit/537.36 (KHTML, like Gecko) Chrome/84.0.4147.89 Safari/537.36" 
203.66.246.9 - - [24/Jul/2020:02:06:13 -0700] "GET /self.logs/access.log.2017-01-03.gz HTTP/1.1" 200 41164 "http://www.secrepo.com/self.logs/" "Mozilla/5.0 (Windows NT 6.1; Win64; x64) AppleWebKit/537.36 (KHTML, like Gecko) Chrome/84.0.4147.89 Safari/537.36" 
193.146.109.13 - - [24/Jul/2020:02:08:13 -0700] "GET / HTTP/1.1" 200 12882 "-" "Mozilla/5.0 (Windows NT 10.0; Win64; x64; rv:78.0) Gecko/20100101 Firefox/78.0" 
193.146.109.13 - - [24/Jul/2020:02:08:14 -0700] "GET /css/style.css HTTP/1.1" 404 305 "http://www.secrepo.com/" "Mozilla/5.0 (Windows NT 10.0; Win64; x64; rv:78.0) Gecko/20100101 Firefox/78.0" 
