185.191.171.22 - - [30/Oct/2021:02:30:51 -0700] "GET /self.logs/error.log.2020-03-03 HTTP/1.1" 200 314 "-" "Mozilla/5.0 (compatible; SemrushBot/7~bl; +http://www.semrush.com/bot.html)" 
139.216.96.90 - - [30/Oct/2021:02:35:49 -0700] "GET / HTTP/1.1" 200 13187 "https://www.researchgate.net/" "Mozilla/5.0 (Windows NT 10.0; Win64; x64) AppleWebKit/537.36 (KHTML, like Gecko) Chrome/95.0.4638.54 Safari/537.36" 
139.216.96.90 - - [30/Oct/2021:02:35:49 -0700] "GET /css/style.css HTTP/1.1" 404 305 "http://www.secrepo.com/" "Mozilla/5.0 (Windows NT 10.0; Win64; x64) AppleWebKit/537.36 (KHTML, like Gecko) Chrome/95.0.4638.54 Safari/537.36" 
139.216.96.90 - - [30/Oct/2021:02:35:49 -0700] "GET /twitter-icon.png HTTP/1.1" 200 27916 "http://www.secrepo.com/" "Mozilla/5.0 (Windows NT 10.0; Win64; x64) AppleWebKit/537.36 (KHTML, like Gecko) Chrome/95.0.4638.54 Safari/537.36" 
139.216.96.90 - - [30/Oct/2021:02:35:50 -0700] "GET /GitHub-Mark.png HTTP/1.1" 200 7533 "http://www.secrepo.com/" "Mozilla/5.0 (Windows NT 10.0; Win64; x64) AppleWebKit/537.36 (KHTML, like Gecko) Chrome/95.0.4638.54 Safari/537.36" 
139.216.96.90 - - [30/Oct/2021:02:35:52 -0700] "GET /bootstrap/img/favicon.ico HTTP/1.1" 200 713 "http://www.secrepo.com/" "Mozilla/5.0 (Windows NT 10.0; Win64; x64) AppleWebKit/537.36 (KHTML, like Gecko) Chrome/95.0.4638.54 Safari/537.36" 
54.214.211.212 - - [30/Oct/2021:02:45:37 -0700] "HEAD / HTTP/1.1" 200 425 "-" "Mozilla/5.0 (Macintosh; Intel Mac OS X 10.13; rv:64.0) Gecko/20100101 Firefox/64.0" 
216.244.66.245 - - [30/Oct/2021:02:45:50 -0700] "GET /robots.txt HTTP/1.1" 200 333 "-" "Mozilla/5.0 (compatible; DotBot/1.2; +https://opensiteexplorer.org/dotbot; help@moz.com)" 
40.77.167.66 - - [30/Oct/2021:02:49:38 -0700] "GET /self.logs/2015/ HTTP/1.1" 200 7621 "-" "Mozilla/5.0 (compatible; bingbot/2.0; +http://www.bing.com/bingbot.htm)" 
49.7.20.105 - - [30/Oct/2021:02:55:23 -0700] "GET / HTTP/1.1" 301 438 "-" "Sogou web spider/4.0(+http://www.sogou.com/docs/help/webmasters.htm#07)" 
216.244.66.245 - - [30/Oct/2021:02:57:12 -0700] "GET /self.logs/access.log.2017-01-20.gz HTTP/1.1" 200 12970 "-" "Mozilla/5.0 (compatible; DotBot/1.2; +https://opensiteexplorer.org/dotbot; help@moz.com)" 
216.244.66.245 - - [30/Oct/2021:02:57:17 -0700] "GET /self.logs/access.log.2019-07-07.gz HTTP/1.1" 200 29023 "-" "Mozilla/5.0 (compatible; DotBot/1.2; +https://opensiteexplorer.org/dotbot; help@moz.com)" 
216.244.66.245 - - [30/Oct/2021:02:57:20 -0700] "GET /self.logs/access.log.2019-10-02.gz HTTP/1.1" 200 22966 "-" "Mozilla/5.0 (compatible; DotBot/1.2; +https://opensiteexplorer.org/dotbot; help@moz.com)" 
216.244.66.245 - - [30/Oct/2021:02:57:25 -0700] "GET /self.logs/error.log.2017-02-05.gz HTTP/1.1" 200 1347 "-" "Mozilla/5.0 (compatible; DotBot/1.2; +https://opensiteexplorer.org/dotbot; help@moz.com)" 
216.244.66.245 - - [30/Oct/2021:02:57:28 -0700] "GET /self.logs/error.log.2017-02-22.gz HTTP/1.1" 200 981 "-" "Mozilla/5.0 (compatible; DotBot/1.2; +https://opensiteexplorer.org/dotbot; help@moz.com)" 
216.244.66.245 - - [30/Oct/2021:02:57:31 -0700] "GET /self.logs/error.log.2017-03-05.gz HTTP/1.1" 200 839 "-" "Mozilla/5.0 (compatible; DotBot/1.2; +https://opensiteexplorer.org/dotbot; help@moz.com)" 
216.244.66.245 - - [30/Oct/2021:02:58:03 -0700] "GET /self.logs/2015/access.log.2015-05-23.gz HTTP/1.1" 200 3888 "-" "Mozilla/5.0 (compatible; DotBot/1.2; +https://opensiteexplorer.org/dotbot; help@moz.com)" 
216.244.66.245 - - [30/Oct/2021:02:58:04 -0700] "GET /self.logs/2015/access.log.2015-06-13.gz HTTP/1.1" 200 3629 "-" "Mozilla/5.0 (compatible; DotBot/1.2; +https://opensiteexplorer.org/dotbot; help@moz.com)" 
216.244.66.245 - - [30/Oct/2021:02:58:06 -0700] "GET /self.logs/2015/error.log.2015-05-11.gz HTTP/1.1" 200 1159 "-" "Mozilla/5.0 (compatible; DotBot/1.2; +https://opensiteexplorer.org/dotbot; help@moz.com)" 
216.244.66.245 - - [30/Oct/2021:02:58:07 -0700] "GET /self.logs/2015/error.log.2015-10-28.gz HTTP/1.1" 200 858 "-" "Mozilla/5.0 (compatible; DotBot/1.2; +https://opensiteexplorer.org/dotbot; help@moz.com)" 
216.244.66.245 - - [30/Oct/2021:02:58:08 -0700] "GET /self.logs/2016/access.log.2016-02-24.gz HTTP/1.1" 200 26841 "-" "Mozilla/5.0 (compatible; DotBot/1.2; +https://opensiteexplorer.org/dotbot; help@moz.com)" 
216.244.66.245 - - [30/Oct/2021:02:58:09 -0700] "GET /self.logs/2016/error.log.2016-01-23.gz HTTP/1.1" 200 903 "-" "Mozilla/5.0 (compatible; DotBot/1.2; +https://opensiteexplorer.org/dotbot; help@moz.com)" 
216.244.66.245 - - [30/Oct/2021:02:58:10 -0700] "GET /self.logs/access.log.2017-05-06.gz HTTP/1.1" 200 21592 "-" "Mozilla/5.0 (compatible; DotBot/1.2; +https://opensiteexplorer.org/dotbot; help@moz.com)" 
216.244.66.245 - - [30/Oct/2021:02:58:11 -0700] "GET /self.logs/access.log.2017-09-29.gz HTTP/1.1" 200 21465 "-" "Mozilla/5.0 (compatible; DotBot/1.2; +https://opensiteexplorer.org/dotbot; help@moz.com)" 
216.244.66.245 - - [30/Oct/2021:02:58:12 -0700] "GET /self.logs/access.log.2018-01-19.gz HTTP/1.1" 200 23955 "-" "Mozilla/5.0 (compatible; DotBot/1.2; +https://opensiteexplorer.org/dotbot; help@moz.com)" 
216.244.66.245 - - [30/Oct/2021:02:58:13 -0700] "GET /self.logs/access.log.2019-12-31.gz HTTP/1.1" 200 18695 "-" "Mozilla/5.0 (compatible; DotBot/1.2; +https://opensiteexplorer.org/dotbot; help@moz.com)" 
216.244.66.245 - - [30/Oct/2021:02:58:14 -0700] "GET /self.logs/error.log.2018-07-24.gz HTTP/1.1" 200 7616 "-" "Mozilla/5.0 (compatible; DotBot/1.2; +https://opensiteexplorer.org/dotbot; help@moz.com)" 
216.244.66.245 - - [30/Oct/2021:02:58:15 -0700] "GET /self.logs/error.log.2018-09-01.gz HTTP/1.1" 200 5738 "-" "Mozilla/5.0 (compatible; DotBot/1.2; +https://opensiteexplorer.org/dotbot; help@moz.com)" 
216.244.66.245 - - [30/Oct/2021:02:58:16 -0700] "GET /self.logs/error.log.2019-01-10.gz HTTP/1.1" 200 6079 "-" "Mozilla/5.0 (compatible; DotBot/1.2; +https://opensiteexplorer.org/dotbot; help@moz.com)" 
216.244.66.245 - - [30/Oct/2021:02:58:17 -0700] "GET /self.logs/error.log.2019-04-14.gz HTTP/1.1" 200 5587 "-" "Mozilla/5.0 (compatible; DotBot/1.2; +https://opensiteexplorer.org/dotbot; help@moz.com)" 
216.244.66.245 - - [30/Oct/2021:02:58:17 -0700] "GET /self.logs/error.log.2019-04-25.gz HTTP/1.1" 200 5381 "-" "Mozilla/5.0 (compatible; DotBot/1.2; +https://opensiteexplorer.org/dotbot; help@moz.com)" 
216.244.66.245 - - [30/Oct/2021:02:58:19 -0700] "GET /self.logs/error.log.2019-05-04.gz HTTP/1.1" 200 6849 "-" "Mozilla/5.0 (compatible; DotBot/1.2; +https://opensiteexplorer.org/dotbot; help@moz.com)" 
216.244.66.245 - - [30/Oct/2021:02:58:35 -0700] "GET /self.logs/error.log.2017-11-09.gz HTTP/1.1" 200 1813 "-" "Mozilla/5.0 (compatible; DotBot/1.2; +https://opensiteexplorer.org/dotbot; help@moz.com)" 
216.244.66.245 - - [30/Oct/2021:02:58:36 -0700] "GET /self.logs/error.log.2019-04-18.gz HTTP/1.1" 200 4740 "-" "Mozilla/5.0 (compatible; DotBot/1.2; +https://opensiteexplorer.org/dotbot; help@moz.com)" 
51.222.253.17 - - [30/Oct/2021:02:58:39 -0700] "GET /Datasets%20Description/Network/http.html HTTP/1.1" 200 1665 "-" "Mozilla/5.0 (compatible; AhrefsBot/7.0; +http://ahrefs.com/robot/)" 
114.119.149.90 - - [30/Oct/2021:02:59:12 -0700] "GET /self.logs/error.log.2020-05-16 HTTP/1.1" 200 351 "-" "Mozilla/5.0 (Linux; Android 7.0;) AppleWebKit/537.36 (KHTML, like Gecko) Mobile Safari/537.36 (compatible; PetalBot;+https://webmaster.petalsearch.com/site/petalbot)" 
95.163.255.57 - - [30/Oct/2021:03:08:03 -0700] "GET /robots.txt HTTP/1.0" 200 340 "-" "Mozilla/5.0 (compatible; Linux x86_64; Mail.RU_Bot/2.0; +http://go.mail.ru/help/robots)" 
95.163.255.54 - - [30/Oct/2021:03:08:09 -0700] "GET /Datasets%20Description/HTML_Bro_log_2/files.html HTTP/1.1" 200 1873 "-" "Mozilla/5.0 (compatible; Linux x86_64; Mail.RU_Bot/2.0; +http://go.mail.ru/help/robots)" 
118.184.177.111 - - [30/Oct/2021:03:10:16 -0700] "GET / HTTP/1.1" 200 13150 "-" "Sogou web spider/4.0(+http://www.sogou.com/docs/help/webmasters.htm#07)" 
114.119.149.71 - - [30/Oct/2021:03:10:41 -0700] "GET /self.logs/access.log.2018-07-16.gz HTTP/1.1" 200 25959 "-" "Mozilla/5.0 (Linux; Android 7.0;) AppleWebKit/537.36 (KHTML, like Gecko) Mobile Safari/537.36 (compatible; PetalBot;+https://webmaster.petalsearch.com/site/petalbot)" 
172.247.34.130 - - [30/Oct/2021:03:14:44 -0700] "POST /index.php HTTP/1.1" 404 328 "-" "Mozilla/5.0 (Windows NT 10.0; WOW64; rv:48.0) Gecko/20100101 Firefox/48.0" 
157.55.39.53 - - [30/Oct/2021:03:27:03 -0700] "GET / HTTP/1.1" 301 475 "-" "Mozilla/5.0 (compatible; bingbot/2.0; +http://www.bing.com/bingbot.htm)" 
49.7.20.105 - - [30/Oct/2021:03:29:57 -0700] "GET / HTTP/1.1" 200 13150 "-" "Sogou web spider/4.0(+http://www.sogou.com/docs/help/webmasters.htm#07)" 
216.244.66.245 - - [30/Oct/2021:03:34:56 -0700] "GET /robots.txt HTTP/1.1" 200 333 "-" "Mozilla/5.0 (compatible; DotBot/1.2; +https://opensiteexplorer.org/dotbot; help@moz.com)" 
54.214.211.212 - - [30/Oct/2021:03:37:55 -0700] "HEAD / HTTP/1.1" 200 425 "-" "Mozilla/5.0 (Macintosh; Intel Mac OS X 10.13; rv:64.0) Gecko/20100101 Firefox/64.0" 
216.244.66.245 - - [30/Oct/2021:03:46:15 -0700] "GET /self.logs/access.log.2019-04-05.gz HTTP/1.1" 200 42847 "-" "Mozilla/5.0 (compatible; DotBot/1.2; +https://opensiteexplorer.org/dotbot; help@moz.com)" 
216.244.66.245 - - [30/Oct/2021:03:46:19 -0700] "GET /self.logs/access.log.2019-09-04.gz HTTP/1.1" 200 29841 "-" "Mozilla/5.0 (compatible; DotBot/1.2; +https://opensiteexplorer.org/dotbot; help@moz.com)" 
216.244.66.245 - - [30/Oct/2021:03:46:23 -0700] "GET /self.logs/access.log.2020-04-16.gz HTTP/1.1" 200 11614 "-" "Mozilla/5.0 (compatible; DotBot/1.2; +https://opensiteexplorer.org/dotbot; help@moz.com)" 
216.244.66.245 - - [30/Oct/2021:03:46:27 -0700] "GET /self.logs/error.log.2017-08-08.gz HTTP/1.1" 200 820 "-" "Mozilla/5.0 (compatible; DotBot/1.2; +https://opensiteexplorer.org/dotbot; help@moz.com)" 
216.244.66.245 - - [30/Oct/2021:03:46:29 -0700] "GET /self.logs/error.log.2017-08-14.gz HTTP/1.1" 200 754 "-" "Mozilla/5.0 (compatible; DotBot/1.2; +https://opensiteexplorer.org/dotbot; help@moz.com)" 
216.244.66.245 - - [30/Oct/2021:03:47:01 -0700] "GET /self.logs/2015/access.log.2015-06-29.gz HTTP/1.1" 200 6274 "-" "Mozilla/5.0 (compatible; DotBot/1.2; +https://opensiteexplorer.org/dotbot; help@moz.com)" 
216.244.66.245 - - [30/Oct/2021:03:47:02 -0700] "GET /self.logs/2015/access.log.2015-12-28.gz HTTP/1.1" 200 9055 "-" "Mozilla/5.0 (compatible; DotBot/1.2; +https://opensiteexplorer.org/dotbot; help@moz.com)" 
216.244.66.245 - - [30/Oct/2021:03:47:04 -0700] "GET /self.logs/2015/access.log.2015-12-30.gz HTTP/1.1" 200 6536 "-" "Mozilla/5.0 (compatible; DotBot/1.2; +https://opensiteexplorer.org/dotbot; help@moz.com)" 
216.244.66.245 - - [30/Oct/2021:03:47:06 -0700] "GET /self.logs/2015/error.log.2015-01-18.gz HTTP/1.1" 200 1278 "-" "Mozilla/5.0 (compatible; DotBot/1.2; +https://opensiteexplorer.org/dotbot; help@moz.com)" 
216.244.66.245 - - [30/Oct/2021:03:47:07 -0700] "GET /self.logs/2015/error.log.2015-03-28.gz HTTP/1.1" 200 978 "-" "Mozilla/5.0 (compatible; DotBot/1.2; +https://opensiteexplorer.org/dotbot; help@moz.com)" 
216.244.66.245 - - [30/Oct/2021:03:47:08 -0700] "GET /self.logs/2015/error.log.2015-05-13.gz HTTP/1.1" 200 2341 "-" "Mozilla/5.0 (compatible; DotBot/1.2; +https://opensiteexplorer.org/dotbot; help@moz.com)" 
216.244.66.245 - - [30/Oct/2021:03:47:09 -0700] "GET /self.logs/2015/error.log.2015-05-21.gz HTTP/1.1" 200 843 "-" "Mozilla/5.0 (compatible; DotBot/1.2; +https://opensiteexplorer.org/dotbot; help@moz.com)" 
216.244.66.245 - - [30/Oct/2021:03:47:10 -0700] "GET /self.logs/2015/error.log.2015-06-10.gz HTTP/1.1" 200 865 "-" "Mozilla/5.0 (compatible; DotBot/1.2; +https://opensiteexplorer.org/dotbot; help@moz.com)" 
216.244.66.245 - - [30/Oct/2021:03:47:10 -0700] "GET /self.logs/2015/error.log.2015-08-26.gz HTTP/1.1" 200 702 "-" "Mozilla/5.0 (compatible; DotBot/1.2; +https://opensiteexplorer.org/dotbot; help@moz.com)" 
216.244.66.245 - - [30/Oct/2021:03:47:11 -0700] "GET /self.logs/2016/access.log.2016-01-09.gz HTTP/1.1" 200 13034 "-" "Mozilla/5.0 (compatible; DotBot/1.2; +https://opensiteexplorer.org/dotbot; help@moz.com)" 
216.244.66.245 - - [30/Oct/2021:03:47:12 -0700] "GET /self.logs/2016/access.log.2016-03-08.gz HTTP/1.1" 200 8218 "-" "Mozilla/5.0 (compatible; DotBot/1.2; +https://opensiteexplorer.org/dotbot; help@moz.com)" 
216.244.66.245 - - [30/Oct/2021:03:47:13 -0700] "GET /self.logs/2016/access.log.2016-05-08.gz HTTP/1.1" 200 21390 "-" "Mozilla/5.0 (compatible; DotBot/1.2; +https://opensiteexplorer.org/dotbot; help@moz.com)" 
216.244.66.245 - - [30/Oct/2021:03:47:14 -0700] "GET /self.logs/2016/access.log.2016-07-30.gz HTTP/1.1" 200 5614 "-" "Mozilla/5.0 (compatible; DotBot/1.2; +https://opensiteexplorer.org/dotbot; help@moz.com)" 
216.244.66.245 - - [30/Oct/2021:03:47:15 -0700] "GET /self.logs/2016/access.log.2016-10-24.gz HTTP/1.1" 200 10648 "-" "Mozilla/5.0 (compatible; DotBot/1.2; +https://opensiteexplorer.org/dotbot; help@moz.com)" 
216.244.66.245 - - [30/Oct/2021:03:47:16 -0700] "GET /self.logs/2016/error.log.2016-03-07.gz HTTP/1.1" 200 783 "-" "Mozilla/5.0 (compatible; DotBot/1.2; +https://opensiteexplorer.org/dotbot; help@moz.com)" 
216.244.66.245 - - [30/Oct/2021:03:47:16 -0700] "GET /self.logs/2016/error.log.2016-05-21.gz HTTP/1.1" 200 853 "-" "Mozilla/5.0 (compatible; DotBot/1.2; +https://opensiteexplorer.org/dotbot; help@moz.com)" 
216.244.66.245 - - [30/Oct/2021:03:47:18 -0700] "GET /self.logs/2016/error.log.2016-10-07.gz HTTP/1.1" 200 685 "-" "Mozilla/5.0 (compatible; DotBot/1.2; +https://opensiteexplorer.org/dotbot; help@moz.com)" 
216.244.66.245 - - [30/Oct/2021:03:47:19 -0700] "GET /self.logs/2016/error.log.2016-12-04.gz HTTP/1.1" 200 775 "-" "Mozilla/5.0 (compatible; DotBot/1.2; +https://opensiteexplorer.org/dotbot; help@moz.com)" 
216.244.66.245 - - [30/Oct/2021:03:47:21 -0700] "GET /self.logs/2016/error.log.2016-12-15.gz HTTP/1.1" 200 748 "-" "Mozilla/5.0 (compatible; DotBot/1.2; +https://opensiteexplorer.org/dotbot; help@moz.com)" 
216.244.66.245 - - [30/Oct/2021:03:47:22 -0700] "GET /self.logs/access.log.2018-01-28.gz HTTP/1.1" 200 18109 "-" "Mozilla/5.0 (compatible; DotBot/1.2; +https://opensiteexplorer.org/dotbot; help@moz.com)" 
216.244.66.245 - - [30/Oct/2021:03:47:23 -0700] "GET /self.logs/access.log.2018-04-29.gz HTTP/1.1" 200 33707 "-" "Mozilla/5.0 (compatible; DotBot/1.2; +https://opensiteexplorer.org/dotbot; help@moz.com)" 
216.244.66.245 - - [30/Oct/2021:03:47:24 -0700] "GET /self.logs/access.log.2018-07-19.gz HTTP/1.1" 200 32764 "-" "Mozilla/5.0 (compatible; DotBot/1.2; +https://opensiteexplorer.org/dotbot; help@moz.com)" 
216.244.66.245 - - [30/Oct/2021:03:47:25 -0700] "GET /self.logs/error.log.2018-07-22.gz HTTP/1.1" 200 6251 "-" "Mozilla/5.0 (compatible; DotBot/1.2; +https://opensiteexplorer.org/dotbot; help@moz.com)" 
216.244.66.245 - - [30/Oct/2021:03:47:31 -0700] "GET /self.logs/error.log.2017-11-06.gz HTTP/1.1" 200 2406 "-" "Mozilla/5.0 (compatible; DotBot/1.2; +https://opensiteexplorer.org/dotbot; help@moz.com)" 
216.244.66.245 - - [30/Oct/2021:03:47:32 -0700] "GET /self.logs/error.log.2017-12-29.gz HTTP/1.1" 200 2019 "-" "Mozilla/5.0 (compatible; DotBot/1.2; +https://opensiteexplorer.org/dotbot; help@moz.com)" 
216.244.66.245 - - [30/Oct/2021:03:47:33 -0700] "GET /self.logs/error.log.2018-11-17.gz HTTP/1.1" 200 4017 "-" "Mozilla/5.0 (compatible; DotBot/1.2; +https://opensiteexplorer.org/dotbot; help@moz.com)" 
216.244.66.245 - - [30/Oct/2021:03:47:34 -0700] "GET /self.logs/error.log.2019-01-28.gz HTTP/1.1" 200 4871 "-" "Mozilla/5.0 (compatible; DotBot/1.2; +https://opensiteexplorer.org/dotbot; help@moz.com)" 
40.77.167.66 - - [30/Oct/2021:03:53:13 -0700] "GET /self.logs/access.log.2017-01-21.gz HTTP/1.1" 304 280 "-" "Mozilla/5.0 (compatible; bingbot/2.0; +http://www.bing.com/bingbot.htm)" 
176.205.227.22 - - [30/Oct/2021:03:57:55 -0700] "GET /maccdc2012/http.log.gz HTTP/1.1" 200 56420988 "http://www.secrepo.com/" "Mozilla/5.0 (Windows NT 10.0; Win64; x64) AppleWebKit/537.36 (KHTML, like Gecko) Chrome/95.0.4638.54 Safari/537.36 Edg/95.0.1020.30" 
176.205.227.22 - - [30/Oct/2021:03:59:00 -0700] "GET /squid/access.log.gz HTTP/1.1" 200 23100671 "http://www.secrepo.com/" "Mozilla/5.0 (Windows NT 10.0; Win64; x64) AppleWebKit/537.36 (KHTML, like Gecko) Chrome/95.0.4638.54 Safari/537.36 Edg/95.0.1020.30" 
49.7.20.105 - - [30/Oct/2021:04:02:41 -0700] "GET / HTTP/1.1" 200 13150 "-" "Sogou web spider/4.0(+http://www.sogou.com/docs/help/webmasters.htm#07)" 
114.119.149.90 - - [30/Oct/2021:04:07:46 -0700] "GET /self.logs/access.log.2017-01-24.gz HTTP/1.1" 200 17113 "-" "Mozilla/5.0 (Linux; Android 7.0;) AppleWebKit/537.36 (KHTML, like Gecko) Mobile Safari/537.36 (compatible; PetalBot;+https://webmaster.petalsearch.com/site/petalbot)" 
216.244.66.245 - - [30/Oct/2021:04:23:28 -0700] "GET /robots.txt HTTP/1.1" 301 439 "-" "Mozilla/5.0 (compatible; DotBot/1.2; +https://opensiteexplorer.org/dotbot; help@moz.com)" 
216.244.66.245 - - [30/Oct/2021:04:23:28 -0700] "GET /robots.txt HTTP/1.1" 200 333 "-" "Mozilla/5.0 (compatible; DotBot/1.2; +https://opensiteexplorer.org/dotbot; help@moz.com)" 
216.244.66.245 - - [30/Oct/2021:04:23:29 -0700] "GET /robots.txt HTTP/1.1" 200 333 "-" "Mozilla/5.0 (compatible; DotBot/1.2; +https://opensiteexplorer.org/dotbot; help@moz.com)" 
222.186.20.98 - - [30/Oct/2021:04:25:53 -0700] "POST //?s=captcha&xz=-1 HTTP/1.1" 301 511 "-" "Mozilla/5.0 (Windows NT 10.0; WOW64; rv:48.0) Gecko/20100101 Firefox/48.0" 
222.186.20.98 - - [30/Oct/2021:04:25:57 -0700] "POST //?s=captcha&xz=-1 HTTP/1.1" 301 511 "-" "Mozilla/5.0 (Windows NT 10.0; WOW64; rv:48.0) Gecko/20100101 Firefox/48.0" 
222.186.20.98 - - [30/Oct/2021:04:26:00 -0700] "POST //?s=captcha&xz=-1 HTTP/1.1" 301 511 "-" "Mozilla/5.0 (Windows NT 10.0; WOW64; rv:48.0) Gecko/20100101 Firefox/48.0" 
216.244.66.245 - - [30/Oct/2021:04:30:15 -0700] "GET /Datasets%20Description/PE_malware/OPCleaver.html HTTP/1.1" 301 511 "-" "Mozilla/5.0 (compatible; DotBot/1.2; +https://opensiteexplorer.org/dotbot; help@moz.com)" 
222.186.20.98 - - [30/Oct/2021:04:30:27 -0700] "POST //?s=captcha&xz=-1 HTTP/1.1" 301 511 "-" "Mozilla/5.0 (Windows NT 10.0; WOW64; rv:48.0) Gecko/20100101 Firefox/48.0" 
114.119.149.90 - - [30/Oct/2021:04:30:33 -0700] "GET /self.logs/2015/error.log.2015-08-05.gz HTTP/1.1" 200 1118 "-" "Mozilla/5.0 (Linux; Android 7.0;) AppleWebKit/537.36 (KHTML, like Gecko) Mobile Safari/537.36 (compatible; PetalBot;+https://webmaster.petalsearch.com/site/petalbot)" 
216.244.66.245 - - [30/Oct/2021:04:34:16 -0700] "GET /self.logs/access.log.2019-01-17.gz HTTP/1.1" 200 22856 "-" "Mozilla/5.0 (compatible; DotBot/1.2; +https://opensiteexplorer.org/dotbot; help@moz.com)" 
216.244.66.245 - - [30/Oct/2021:04:34:20 -0700] "GET /self.logs/access.log.2019-05-04.gz HTTP/1.1" 200 31529 "-" "Mozilla/5.0 (compatible; DotBot/1.2; +https://opensiteexplorer.org/dotbot; help@moz.com)" 
216.244.66.245 - - [30/Oct/2021:04:34:23 -0700] "GET /self.logs/access.log.2019-05-13.gz HTTP/1.1" 200 28995 "-" "Mozilla/5.0 (compatible; DotBot/1.2; +https://opensiteexplorer.org/dotbot; help@moz.com)" 
216.244.66.245 - - [30/Oct/2021:04:34:26 -0700] "GET /self.logs/access.log.2019-09-19.gz HTTP/1.1" 200 29966 "-" "Mozilla/5.0 (compatible; DotBot/1.2; +https://opensiteexplorer.org/dotbot; help@moz.com)" 
49.7.20.105 - - [30/Oct/2021:04:34:26 -0700] "GET / HTTP/1.1" 200 13150 "-" "Sogou web spider/4.0(+http://www.sogou.com/docs/help/webmasters.htm#07)" 
216.244.66.245 - - [30/Oct/2021:04:34:28 -0700] "GET /self.logs/access.log.2019-10-28.gz HTTP/1.1" 200 20329 "-" "Mozilla/5.0 (compatible; DotBot/1.2; +https://opensiteexplorer.org/dotbot; help@moz.com)" 
216.244.66.245 - - [30/Oct/2021:04:34:30 -0700] "GET /self.logs/access.log.2019-12-14.gz HTTP/1.1" 200 13695 "-" "Mozilla/5.0 (compatible; DotBot/1.2; +https://opensiteexplorer.org/dotbot; help@moz.com)" 
216.244.66.245 - - [30/Oct/2021:04:34:32 -0700] "GET /self.logs/error.log.2017-04-05.gz HTTP/1.1" 200 4142 "-" "Mozilla/5.0 (compatible; DotBot/1.2; +https://opensiteexplorer.org/dotbot; help@moz.com)" 
216.244.66.245 - - [30/Oct/2021:04:34:33 -0700] "GET /self.logs/error.log.2017-07-22.gz HTTP/1.1" 200 944 "-" "Mozilla/5.0 (compatible; DotBot/1.2; +https://opensiteexplorer.org/dotbot; help@moz.com)" 
216.244.66.245 - - [30/Oct/2021:04:34:36 -0700] "GET /self.logs/error.log.2017-09-07.gz HTTP/1.1" 200 1054 "-" "Mozilla/5.0 (compatible; DotBot/1.2; +https://opensiteexplorer.org/dotbot; help@moz.com)" 
216.244.66.245 - - [30/Oct/2021:04:35:04 -0700] "GET /self.logs/2015/access.log.2015-03-22.gz HTTP/1.1" 200 3693 "-" "Mozilla/5.0 (compatible; DotBot/1.2; +https://opensiteexplorer.org/dotbot; help@moz.com)" 
216.244.66.245 - - [30/Oct/2021:04:35:06 -0700] "GET /self.logs/2015/access.log.2015-04-04.gz HTTP/1.1" 200 5363 "-" "Mozilla/5.0 (compatible; DotBot/1.2; +https://opensiteexplorer.org/dotbot; help@moz.com)" 
216.244.66.245 - - [30/Oct/2021:04:35:07 -0700] "GET /self.logs/2015/access.log.2015-08-13.gz HTTP/1.1" 200 4668 "-" "Mozilla/5.0 (compatible; DotBot/1.2; +https://opensiteexplorer.org/dotbot; help@moz.com)" 
216.244.66.245 - - [30/Oct/2021:04:35:07 -0700] "GET /self.logs/2015/access.log.2015-09-03.gz HTTP/1.1" 200 4958 "-" "Mozilla/5.0 (compatible; DotBot/1.2; +https://opensiteexplorer.org/dotbot; help@moz.com)" 
216.244.66.245 - - [30/Oct/2021:04:35:08 -0700] "GET /self.logs/2015/error.log.2015-09-22.gz HTTP/1.1" 200 912 "-" "Mozilla/5.0 (compatible; DotBot/1.2; +https://opensiteexplorer.org/dotbot; help@moz.com)" 
216.244.66.245 - - [30/Oct/2021:04:35:09 -0700] "GET /self.logs/2016/access.log.2016-01-12.gz HTTP/1.1" 200 7488 "-" "Mozilla/5.0 (compatible; DotBot/1.2; +https://opensiteexplorer.org/dotbot; help@moz.com)" 
216.244.66.245 - - [30/Oct/2021:04:35:10 -0700] "GET /self.logs/2016/access.log.2016-06-01.gz HTTP/1.1" 200 9952 "-" "Mozilla/5.0 (compatible; DotBot/1.2; +https://opensiteexplorer.org/dotbot; help@moz.com)" 
216.244.66.245 - - [30/Oct/2021:04:35:11 -0700] "GET /self.logs/2016/error.log.2016-01-31.gz HTTP/1.1" 200 641 "-" "Mozilla/5.0 (compatible; DotBot/1.2; +https://opensiteexplorer.org/dotbot; help@moz.com)" 
216.244.66.245 - - [30/Oct/2021:04:35:12 -0700] "GET /self.logs/2016/error.log.2016-02-06.gz HTTP/1.1" 200 505 "-" "Mozilla/5.0 (compatible; DotBot/1.2; +https://opensiteexplorer.org/dotbot; help@moz.com)" 
216.244.66.245 - - [30/Oct/2021:04:35:13 -0700] "GET /self.logs/2016/error.log.2016-04-18.gz HTTP/1.1" 200 912 "-" "Mozilla/5.0 (compatible; DotBot/1.2; +https://opensiteexplorer.org/dotbot; help@moz.com)" 
216.244.66.245 - - [30/Oct/2021:04:35:14 -0700] "GET /self.logs/2016/error.log.2016-06-11.gz HTTP/1.1" 200 872 "-" "Mozilla/5.0 (compatible; DotBot/1.2; +https://opensiteexplorer.org/dotbot; help@moz.com)" 
216.244.66.245 - - [30/Oct/2021:04:35:15 -0700] "GET /self.logs/2016/error.log.2016-12-18.gz HTTP/1.1" 200 609 "-" "Mozilla/5.0 (compatible; DotBot/1.2; +https://opensiteexplorer.org/dotbot; help@moz.com)" 
216.244.66.245 - - [30/Oct/2021:04:35:15 -0700] "GET /self.logs/access.log.2018-02-25.gz HTTP/1.1" 200 29617 "-" "Mozilla/5.0 (compatible; DotBot/1.2; +https://opensiteexplorer.org/dotbot; help@moz.com)" 
216.244.66.245 - - [30/Oct/2021:04:35:17 -0700] "GET /self.logs/access.log.2018-04-28.gz HTTP/1.1" 200 40923 "-" "Mozilla/5.0 (compatible; DotBot/1.2; +https://opensiteexplorer.org/dotbot; help@moz.com)" 
216.244.66.245 - - [30/Oct/2021:04:35:19 -0700] "GET /self.logs/access.log.2018-11-17.gz HTTP/1.1" 200 34609 "-" "Mozilla/5.0 (compatible; DotBot/1.2; +https://opensiteexplorer.org/dotbot; help@moz.com)" 
216.244.66.245 - - [30/Oct/2021:04:35:21 -0700] "GET /self.logs/access.log.2018-11-28.gz HTTP/1.1" 200 21969 "-" "Mozilla/5.0 (compatible; DotBot/1.2; +https://opensiteexplorer.org/dotbot; help@moz.com)" 
216.244.66.245 - - [30/Oct/2021:04:35:22 -0700] "GET /self.logs/access.log.2020-01-11.gz HTTP/1.1" 200 17143 "-" "Mozilla/5.0 (compatible; DotBot/1.2; +https://opensiteexplorer.org/dotbot; help@moz.com)" 
216.244.66.245 - - [30/Oct/2021:04:35:25 -0700] "GET /self.logs/error.log.2018-06-06.gz HTTP/1.1" 200 6552 "-" "Mozilla/5.0 (compatible; DotBot/1.2; +https://opensiteexplorer.org/dotbot; help@moz.com)" 
216.244.66.245 - - [30/Oct/2021:04:35:29 -0700] "GET /self.logs/error.log.2018-08-10.gz HTTP/1.1" 200 6903 "-" "Mozilla/5.0 (compatible; DotBot/1.2; +https://opensiteexplorer.org/dotbot; help@moz.com)" 
216.244.66.245 - - [30/Oct/2021:04:35:33 -0700] "GET /self.logs/error.log.2017-12-07.gz HTTP/1.1" 200 3020 "-" "Mozilla/5.0 (compatible; DotBot/1.2; +https://opensiteexplorer.org/dotbot; help@moz.com)" 
216.244.66.245 - - [30/Oct/2021:04:35:36 -0700] "GET /self.logs/error.log.2018-10-19.gz HTTP/1.1" 200 4354 "-" "Mozilla/5.0 (compatible; DotBot/1.2; +https://opensiteexplorer.org/dotbot; help@moz.com)" 
114.119.149.78 - - [30/Oct/2021:04:42:58 -0700] "GET /self.logs/access.log.2018-01-05.gz HTTP/1.1" 200 25398 "-" "Mozilla/5.0 (Linux; Android 7.0;) AppleWebKit/537.36 (KHTML, like Gecko) Mobile Safari/537.36 (compatible; PetalBot;+https://webmaster.petalsearch.com/site/petalbot)" 
192.185.81.168 - - [30/Oct/2021:04:43:01 -0700] "GET /wordpress/ HTTP/1.1" 301 439 "-" "-" 
192.185.81.168 - - [30/Oct/2021:04:43:01 -0700] "GET /wordpress/ HTTP/1.1" 404 284 "-" "-" 
89.149.200.26 - - [30/Oct/2021:04:53:21 -0700] "GET / HTTP/1.1" 200 13143 "-" "Mozilla/5.0 (Windows NT 10.0; Win64; x64) AppleWebKit/537.36 (KHTML, like Gecko) Chrome/60.0.3112.113 Safari/537.36" 
114.119.149.83 - - [30/Oct/2021:04:53:35 -0700] "GET /self.logs/access.log.2017-08-10.gz HTTP/1.1" 200 18149 "-" "Mozilla/5.0 (Linux; Android 7.0;) AppleWebKit/537.36 (KHTML, like Gecko) Mobile Safari/537.36 (compatible; PetalBot;+https://webmaster.petalsearch.com/site/petalbot)" 
157.55.39.91 - - [30/Oct/2021:04:54:05 -0700] "GET /Datasets%20Description/HTML_Bro_log_1/dns.html HTTP/1.1" 200 1837 "-" "Mozilla/5.0 (compatible; bingbot/2.0; +http://www.bing.com/bingbot.htm)" 
185.191.171.18 - - [30/Oct/2021:04:54:50 -0700] "GET /robots.txt HTTP/1.1" 200 340 "-" "Mozilla/5.0 (compatible; SemrushBot/7~bl; +http://www.semrush.com/bot.html)" 
49.7.20.105 - - [30/Oct/2021:05:03:42 -0700] "GET / HTTP/1.1" 200 13149 "-" "Sogou web spider/4.0(+http://www.sogou.com/docs/help/webmasters.htm#07)" 
123.183.224.2 - - [30/Oct/2021:05:03:46 -0700] "GET /css/style.css HTTP/1.1" 301 464 "http://secrepo.com/" "Mozilla/5.0 (X11; Linux x86_64) AppleWebKit/537.36 (KHTML, like Gecko) Chrome/73.0.3683.86 Safari/537.36" 
123.183.224.2 - - [30/Oct/2021:05:03:47 -0700] "GET /css/style.css HTTP/1.1" 404 291 "http://secrepo.com/" "Mozilla/5.0 (X11; Linux x86_64) AppleWebKit/537.36 (KHTML, like Gecko) Chrome/73.0.3683.86 Safari/537.36" 
49.7.21.71 - - [30/Oct/2021:05:03:49 -0700] "GET /css/style.css HTTP/1.1" 301 464 "http://secrepo.com/" "Mozilla/5.0 (X11; Linux x86_64) AppleWebKit/537.36 (KHTML, like Gecko) Chrome/73.0.3683.86 Safari/537.36" 
49.7.21.71 - - [30/Oct/2021:05:03:52 -0700] "GET /css/style.css HTTP/1.1" 404 291 "http://secrepo.com/" "Mozilla/5.0 (X11; Linux x86_64) AppleWebKit/537.36 (KHTML, like Gecko) Chrome/73.0.3683.86 Safari/537.36" 
49.7.21.71 - - [30/Oct/2021:05:03:52 -0700] "GET /css/style.css HTTP/1.1" 301 464 "http://secrepo.com/" "Mozilla/5.0 (X11; Linux x86_64) AppleWebKit/537.36 (KHTML, like Gecko) Chrome/73.0.3683.86 Safari/537.36" 
49.7.21.71 - - [30/Oct/2021:05:03:54 -0700] "GET /css/style.css HTTP/1.1" 404 291 "http://secrepo.com/" "Mozilla/5.0 (X11; Linux x86_64) AppleWebKit/537.36 (KHTML, like Gecko) Chrome/73.0.3683.86 Safari/537.36" 
114.119.135.212 - - [30/Oct/2021:05:04:26 -0700] "GET /self.logs/error.log.2018-03-28.gz HTTP/1.1" 200 6786 "-" "Mozilla/5.0 (Linux; Android 7.0;) AppleWebKit/537.36 (KHTML, like Gecko) Mobile Safari/537.36 (compatible; PetalBot;+https://webmaster.petalsearch.com/site/petalbot)" 
216.244.66.245 - - [30/Oct/2021:05:11:45 -0700] "GET /robots.txt HTTP/1.1" 200 333 "-" "Mozilla/5.0 (compatible; DotBot/1.2; +https://opensiteexplorer.org/dotbot; help@moz.com)" 
51.222.253.14 - - [30/Oct/2021:05:13:48 -0700] "GET /self.logs/access.log.2021-10-12.gz HTTP/1.1" 200 53915 "-" "Mozilla/5.0 (compatible; AhrefsBot/7.0; +http://ahrefs.com/robot/)" 
40.77.167.66 - - [30/Oct/2021:05:13:53 -0700] "GET /self.logs/access.log.2017-04-29.gz HTTP/1.1" 200 10312 "-" "Mozilla/5.0 (compatible; bingbot/2.0; +http://www.bing.com/bingbot.htm)" 
216.244.66.245 - - [30/Oct/2021:05:21:40 -0700] "GET /Datasets%20Description/HTML_Bro_log_1 HTTP/1.1" 301 563 "-" "Mozilla/5.0 (compatible; DotBot/1.2; +https://opensiteexplorer.org/dotbot; help@moz.com)" 
216.244.66.245 - - [30/Oct/2021:05:22:45 -0700] "GET /self.logs/access.log.2017-01-13.gz HTTP/1.1" 200 16660 "-" "Mozilla/5.0 (compatible; DotBot/1.2; +https://opensiteexplorer.org/dotbot; help@moz.com)" 
216.244.66.245 - - [30/Oct/2021:05:22:51 -0700] "GET /self.logs/access.log.2018-12-22.gz HTTP/1.1" 200 15731 "-" "Mozilla/5.0 (compatible; DotBot/1.2; +https://opensiteexplorer.org/dotbot; help@moz.com)" 
216.244.66.245 - - [30/Oct/2021:05:22:56 -0700] "GET /self.logs/access.log.2019-03-22.gz HTTP/1.1" 200 27222 "-" "Mozilla/5.0 (compatible; DotBot/1.2; +https://opensiteexplorer.org/dotbot; help@moz.com)" 
216.244.66.245 - - [30/Oct/2021:05:22:59 -0700] "GET /self.logs/access.log.2019-04-20.gz HTTP/1.1" 200 69975 "-" "Mozilla/5.0 (compatible; DotBot/1.2; +https://opensiteexplorer.org/dotbot; help@moz.com)" 
216.244.66.245 - - [30/Oct/2021:05:23:02 -0700] "GET /self.logs/access.log.2019-04-23.gz HTTP/1.1" 200 47285 "-" "Mozilla/5.0 (compatible; DotBot/1.2; +https://opensiteexplorer.org/dotbot; help@moz.com)" 
216.244.66.245 - - [30/Oct/2021:05:23:05 -0700] "GET /self.logs/access.log.2019-05-21.gz HTTP/1.1" 200 40282 "-" "Mozilla/5.0 (compatible; DotBot/1.2; +https://opensiteexplorer.org/dotbot; help@moz.com)" 
66.249.66.196 - - [30/Oct/2021:05:23:08 -0700] "GET /ads.txt HTTP/1.1" 404 328 "-" "Mozilla/5.0 (compatible; Googlebot/2.1; +http://www.google.com/bot.html)" 
216.244.66.245 - - [30/Oct/2021:05:23:10 -0700] "GET /self.logs/access.log.2020-05-20.gz HTTP/1.1" 200 11296 "-" "Mozilla/5.0 (compatible; DotBot/1.2; +https://opensiteexplorer.org/dotbot; help@moz.com)" 
216.244.66.245 - - [30/Oct/2021:05:23:35 -0700] "GET /self.logs/2015/access.log.2015-04-07.gz HTTP/1.1" 200 3466 "-" "Mozilla/5.0 (compatible; DotBot/1.2; +https://opensiteexplorer.org/dotbot; help@moz.com)" 
216.244.66.245 - - [30/Oct/2021:05:23:37 -0700] "GET /self.logs/2015/access.log.2015-04-08.gz HTTP/1.1" 200 4114 "-" "Mozilla/5.0 (compatible; DotBot/1.2; +https://opensiteexplorer.org/dotbot; help@moz.com)" 
216.244.66.245 - - [30/Oct/2021:05:23:39 -0700] "GET /self.logs/2015/access.log.2015-05-29.gz HTTP/1.1" 200 3764 "-" "Mozilla/5.0 (compatible; DotBot/1.2; +https://opensiteexplorer.org/dotbot; help@moz.com)" 
216.244.66.245 - - [30/Oct/2021:05:23:40 -0700] "GET /self.logs/2015/access.log.2015-08-02.gz HTTP/1.1" 200 4208 "-" "Mozilla/5.0 (compatible; DotBot/1.2; +https://opensiteexplorer.org/dotbot; help@moz.com)" 
216.244.66.245 - - [30/Oct/2021:05:23:40 -0700] "GET /self.logs/2015/error.log.2015-01-29.gz HTTP/1.1" 200 1516 "-" "Mozilla/5.0 (compatible; DotBot/1.2; +https://opensiteexplorer.org/dotbot; help@moz.com)" 
216.244.66.245 - - [30/Oct/2021:05:23:41 -0700] "GET /self.logs/2015/error.log.2015-02-20.gz HTTP/1.1" 200 5863 "-" "Mozilla/5.0 (compatible; DotBot/1.2; +https://opensiteexplorer.org/dotbot; help@moz.com)" 
216.244.66.245 - - [30/Oct/2021:05:23:42 -0700] "GET /self.logs/2015/error.log.2015-03-05.gz HTTP/1.1" 200 867 "-" "Mozilla/5.0 (compatible; DotBot/1.2; +https://opensiteexplorer.org/dotbot; help@moz.com)" 
216.244.66.245 - - [30/Oct/2021:05:23:43 -0700] "GET /self.logs/2015/error.log.2015-09-12.gz HTTP/1.1" 200 634 "-" "Mozilla/5.0 (compatible; DotBot/1.2; +https://opensiteexplorer.org/dotbot; help@moz.com)" 
216.244.66.245 - - [30/Oct/2021:05:23:43 -0700] "GET /self.logs/2015/error.log.2015-09-13.gz HTTP/1.1" 200 801 "-" "Mozilla/5.0 (compatible; DotBot/1.2; +https://opensiteexplorer.org/dotbot; help@moz.com)" 
216.244.66.245 - - [30/Oct/2021:05:23:45 -0700] "GET /self.logs/2015/error.log.2015-10-03.gz HTTP/1.1" 200 867 "-" "Mozilla/5.0 (compatible; DotBot/1.2; +https://opensiteexplorer.org/dotbot; help@moz.com)" 
216.244.66.245 - - [30/Oct/2021:05:23:47 -0700] "GET /self.logs/2016/access.log.2016-02-02.gz HTTP/1.1" 200 8014 "-" "Mozilla/5.0 (compatible; DotBot/1.2; +https://opensiteexplorer.org/dotbot; help@moz.com)" 
216.244.66.245 - - [30/Oct/2021:05:23:49 -0700] "GET /self.logs/2016/access.log.2016-03-22.gz HTTP/1.1" 200 8298 "-" "Mozilla/5.0 (compatible; DotBot/1.2; +https://opensiteexplorer.org/dotbot; help@moz.com)" 
216.244.66.245 - - [30/Oct/2021:05:23:50 -0700] "GET /self.logs/2016/access.log.2016-05-17.gz HTTP/1.1" 200 13772 "-" "Mozilla/5.0 (compatible; DotBot/1.2; +https://opensiteexplorer.org/dotbot; help@moz.com)" 
216.244.66.245 - - [30/Oct/2021:05:23:51 -0700] "GET /self.logs/2016/access.log.2016-05-22.gz HTTP/1.1" 200 11602 "-" "Mozilla/5.0 (compatible; DotBot/1.2; +https://opensiteexplorer.org/dotbot; help@moz.com)" 
216.244.66.245 - - [30/Oct/2021:05:23:52 -0700] "GET /self.logs/2016/access.log.2016-07-10.gz HTTP/1.1" 200 9303 "-" "Mozilla/5.0 (compatible; DotBot/1.2; +https://opensiteexplorer.org/dotbot; help@moz.com)" 
216.244.66.245 - - [30/Oct/2021:05:23:53 -0700] "GET /self.logs/2016/access.log.2016-07-12.gz HTTP/1.1" 200 21372 "-" "Mozilla/5.0 (compatible; DotBot/1.2; +https://opensiteexplorer.org/dotbot; help@moz.com)" 
216.244.66.245 - - [30/Oct/2021:05:23:54 -0700] "GET /self.logs/2016/access.log.2016-08-15.gz HTTP/1.1" 200 10051 "-" "Mozilla/5.0 (compatible; DotBot/1.2; +https://opensiteexplorer.org/dotbot; help@moz.com)" 
216.244.66.245 - - [30/Oct/2021:05:23:55 -0700] "GET /self.logs/2016/error.log.2016-01-09.gz HTTP/1.1" 200 697 "-" "Mozilla/5.0 (compatible; DotBot/1.2; +https://opensiteexplorer.org/dotbot; help@moz.com)" 
216.244.66.245 - - [30/Oct/2021:05:23:56 -0700] "GET /self.logs/2016/error.log.2016-02-05.gz HTTP/1.1" 200 785 "-" "Mozilla/5.0 (compatible; DotBot/1.2; +https://opensiteexplorer.org/dotbot; help@moz.com)" 
216.244.66.245 - - [30/Oct/2021:05:23:59 -0700] "GET /self.logs/2016/error.log.2016-04-26.gz HTTP/1.1" 200 720 "-" "Mozilla/5.0 (compatible; DotBot/1.2; +https://opensiteexplorer.org/dotbot; help@moz.com)" 
216.244.66.245 - - [30/Oct/2021:05:24:01 -0700] "GET /self.logs/2016/error.log.2016-07-11.gz HTTP/1.1" 200 800 "-" "Mozilla/5.0 (compatible; DotBot/1.2; +https://opensiteexplorer.org/dotbot; help@moz.com)" 
216.244.66.245 - - [30/Oct/2021:05:24:02 -0700] "GET /self.logs/access.log.2017-03-10.gz HTTP/1.1" 200 17898 "-" "Mozilla/5.0 (compatible; DotBot/1.2; +https://opensiteexplorer.org/dotbot; help@moz.com)" 
216.244.66.245 - - [30/Oct/2021:05:24:04 -0700] "GET /self.logs/access.log.2018-08-05.gz HTTP/1.1" 200 23718 "-" "Mozilla/5.0 (compatible; DotBot/1.2; +https://opensiteexplorer.org/dotbot; help@moz.com)" 
216.244.66.245 - - [30/Oct/2021:05:24:05 -0700] "GET /self.logs/access.log.2020-01-14.gz HTTP/1.1" 200 17693 "-" "Mozilla/5.0 (compatible; DotBot/1.2; +https://opensiteexplorer.org/dotbot; help@moz.com)" 
216.244.66.245 - - [30/Oct/2021:05:24:06 -0700] "GET /self.logs/access.log.2020-04-14.gz HTTP/1.1" 200 30516 "-" "Mozilla/5.0 (compatible; DotBot/1.2; +https://opensiteexplorer.org/dotbot; help@moz.com)" 
216.244.66.245 - - [30/Oct/2021:05:24:07 -0700] "GET /self.logs/error.log.2018-05-21.gz HTTP/1.1" 200 5213 "-" "Mozilla/5.0 (compatible; DotBot/1.2; +https://opensiteexplorer.org/dotbot; help@moz.com)" 
216.244.66.245 - - [30/Oct/2021:05:24:08 -0700] "GET /self.logs/error.log.2018-07-07.gz HTTP/1.1" 200 5026 "-" "Mozilla/5.0 (compatible; DotBot/1.2; +https://opensiteexplorer.org/dotbot; help@moz.com)" 
216.244.66.245 - - [30/Oct/2021:05:24:08 -0700] "GET /self.logs/error.log.2019-03-20.gz HTTP/1.1" 200 8648 "-" "Mozilla/5.0 (compatible; DotBot/1.2; +https://opensiteexplorer.org/dotbot; help@moz.com)" 
216.244.66.245 - - [30/Oct/2021:05:24:09 -0700] "GET /self.logs/error.log.2019-04-06.gz HTTP/1.1" 200 6554 "-" "Mozilla/5.0 (compatible; DotBot/1.2; +https://opensiteexplorer.org/dotbot; help@moz.com)" 
216.244.66.245 - - [30/Oct/2021:05:24:12 -0700] "GET /self.logs/error.log.2018-01-19.gz HTTP/1.1" 200 2158 "-" "Mozilla/5.0 (compatible; DotBot/1.2; +https://opensiteexplorer.org/dotbot; help@moz.com)" 
216.244.66.245 - - [30/Oct/2021:05:24:13 -0700] "GET /self.logs/error.log.2018-10-20.gz HTTP/1.1" 200 4208 "-" "Mozilla/5.0 (compatible; DotBot/1.2; +https://opensiteexplorer.org/dotbot; help@moz.com)" 
114.119.149.78 - - [30/Oct/2021:05:26:43 -0700] "GET /self.logs/access.log.2017-09-11.gz HTTP/1.1" 200 34473 "-" "Mozilla/5.0 (Linux; Android 7.0;) AppleWebKit/537.36 (KHTML, like Gecko) Mobile Safari/537.36 (compatible; PetalBot;+https://webmaster.petalsearch.com/site/petalbot)" 
51.222.253.5 - - [30/Oct/2021:05:39:36 -0700] "GET / HTTP/1.1" 200 13143 "-" "Mozilla/5.0 (compatible; AhrefsBot/7.0; +http://ahrefs.com/robot/)" 
157.55.39.112 - - [30/Oct/2021:05:44:14 -0700] "GET /self.logs/access.log.2017-03-07.gz HTTP/1.1" 200 21674 "-" "Mozilla/5.0 (compatible; bingbot/2.0; +http://www.bing.com/bingbot.htm)" 
114.119.149.83 - - [30/Oct/2021:05:49:08 -0700] "GET /self.logs/access.log.2018-09-01.gz HTTP/1.1" 200 22586 "-" "Mozilla/5.0 (Linux; Android 7.0;) AppleWebKit/537.36 (KHTML, like Gecko) Mobile Safari/537.36 (compatible; PetalBot;+https://webmaster.petalsearch.com/site/petalbot)" 
216.244.66.245 - - [30/Oct/2021:06:00:41 -0700] "GET /robots.txt HTTP/1.1" 301 439 "-" "Mozilla/5.0 (compatible; DotBot/1.2; +https://opensiteexplorer.org/dotbot; help@moz.com)" 
216.244.66.245 - - [30/Oct/2021:06:00:41 -0700] "GET /robots.txt HTTP/1.1" 200 333 "-" "Mozilla/5.0 (compatible; DotBot/1.2; +https://opensiteexplorer.org/dotbot; help@moz.com)" 
216.244.66.245 - - [30/Oct/2021:06:00:41 -0700] "GET /robots.txt HTTP/1.1" 200 333 "-" "Mozilla/5.0 (compatible; DotBot/1.2; +https://opensiteexplorer.org/dotbot; help@moz.com)" 
39.173.116.4 - - [30/Oct/2021:06:04:14 -0700] "GET / HTTP/1.1" 200 13186 "-" "Mozilla/5.0 (Windows NT 10.0; Win64; x64) AppleWebKit/537.36 (KHTML, like Gecko) Chrome/79.0.3945.117 Safari/537.36" 
216.244.66.245 - - [30/Oct/2021:06:06:15 -0700] "GET /Datasets%20Description/HTML_Bro_log_1 HTTP/1.1" 301 489 "-" "Mozilla/5.0 (compatible; DotBot/1.2; +https://opensiteexplorer.org/dotbot; help@moz.com)" 
157.55.39.178 - - [30/Oct/2021:06:08:46 -0700] "GET /self.logs/error.log.2017-10-03.gz HTTP/1.1" 301 541 "-" "Mozilla/5.0 (compatible; bingbot/2.0; +http://www.bing.com/bingbot.htm)" 
216.244.66.245 - - [30/Oct/2021:06:10:54 -0700] "GET /self.logs/access.log.2017-04-26.gz HTTP/1.1" 200 15918 "-" "Mozilla/5.0 (compatible; DotBot/1.2; +https://opensiteexplorer.org/dotbot; help@moz.com)" 
216.244.66.245 - - [30/Oct/2021:06:10:58 -0700] "GET /self.logs/access.log.2017-07-08.gz HTTP/1.1" 200 12999 "-" "Mozilla/5.0 (compatible; DotBot/1.2; +https://opensiteexplorer.org/dotbot; help@moz.com)" 
216.244.66.245 - - [30/Oct/2021:06:11:01 -0700] "GET /self.logs/access.log.2019-02-23.gz HTTP/1.1" 200 22917 "-" "Mozilla/5.0 (compatible; DotBot/1.2; +https://opensiteexplorer.org/dotbot; help@moz.com)" 
216.244.66.245 - - [30/Oct/2021:06:11:05 -0700] "GET /self.logs/access.log.2019-08-20.gz HTTP/1.1" 200 22782 "-" "Mozilla/5.0 (compatible; DotBot/1.2; +https://opensiteexplorer.org/dotbot; help@moz.com)" 
216.244.66.245 - - [30/Oct/2021:06:11:07 -0700] "GET /self.logs/access.log.2019-10-23.gz HTTP/1.1" 200 29037 "-" "Mozilla/5.0 (compatible; DotBot/1.2; +https://opensiteexplorer.org/dotbot; help@moz.com)" 
216.244.66.245 - - [30/Oct/2021:06:11:09 -0700] "GET /self.logs/access.log.2019-10-29.gz HTTP/1.1" 200 26250 "-" "Mozilla/5.0 (compatible; DotBot/1.2; +https://opensiteexplorer.org/dotbot; help@moz.com)" 
216.244.66.245 - - [30/Oct/2021:06:11:12 -0700] "GET /self.logs/access.log.2020-02-04.gz HTTP/1.1" 200 12964 "-" "Mozilla/5.0 (compatible; DotBot/1.2; +https://opensiteexplorer.org/dotbot; help@moz.com)" 
216.244.66.245 - - [30/Oct/2021:06:11:13 -0700] "GET /self.logs/access.log.2020-04-07.gz HTTP/1.1" 200 16383 "-" "Mozilla/5.0 (compatible; DotBot/1.2; +https://opensiteexplorer.org/dotbot; help@moz.com)" 
216.244.66.245 - - [30/Oct/2021:06:11:14 -0700] "GET /self.logs/error.log.2017-04-19.gz HTTP/1.1" 200 978 "-" "Mozilla/5.0 (compatible; DotBot/1.2; +https://opensiteexplorer.org/dotbot; help@moz.com)" 
216.244.66.245 - - [30/Oct/2021:06:11:15 -0700] "GET /self.logs/error.log.2017-09-17.gz HTTP/1.1" 200 1967 "-" "Mozilla/5.0 (compatible; DotBot/1.2; +https://opensiteexplorer.org/dotbot; help@moz.com)" 
216.244.66.245 - - [30/Oct/2021:06:11:43 -0700] "GET /self.logs/2015/access.log.2015-06-04.gz HTTP/1.1" 200 5243 "-" "Mozilla/5.0 (compatible; DotBot/1.2; +https://opensiteexplorer.org/dotbot; help@moz.com)" 
216.244.66.245 - - [30/Oct/2021:06:11:44 -0700] "GET /self.logs/2015/access.log.2015-07-23.gz HTTP/1.1" 200 4082 "-" "Mozilla/5.0 (compatible; DotBot/1.2; +https://opensiteexplorer.org/dotbot; help@moz.com)" 
216.244.66.245 - - [30/Oct/2021:06:11:45 -0700] "GET /self.logs/2015/access.log.2015-12-05.gz HTTP/1.1" 200 5379 "-" "Mozilla/5.0 (compatible; DotBot/1.2; +https://opensiteexplorer.org/dotbot; help@moz.com)" 
216.244.66.245 - - [30/Oct/2021:06:11:46 -0700] "GET /self.logs/2015/error.log.2015-07-23.gz HTTP/1.1" 200 1109 "-" "Mozilla/5.0 (compatible; DotBot/1.2; +https://opensiteexplorer.org/dotbot; help@moz.com)" 
216.244.66.245 - - [30/Oct/2021:06:11:47 -0700] "GET /self.logs/2016/access.log.2016-01-28.gz HTTP/1.1" 200 14922 "-" "Mozilla/5.0 (compatible; DotBot/1.2; +https://opensiteexplorer.org/dotbot; help@moz.com)" 
216.244.66.245 - - [30/Oct/2021:06:11:48 -0700] "GET /self.logs/2016/access.log.2016-04-20.gz HTTP/1.1" 200 9387 "-" "Mozilla/5.0 (compatible; DotBot/1.2; +https://opensiteexplorer.org/dotbot; help@moz.com)" 
216.244.66.245 - - [30/Oct/2021:06:11:48 -0700] "GET /self.logs/2016/access.log.2016-05-31.gz HTTP/1.1" 200 10148 "-" "Mozilla/5.0 (compatible; DotBot/1.2; +https://opensiteexplorer.org/dotbot; help@moz.com)" 
216.244.66.245 - - [30/Oct/2021:06:11:49 -0700] "GET /self.logs/2016/access.log.2016-06-08.gz HTTP/1.1" 200 8793 "-" "Mozilla/5.0 (compatible; DotBot/1.2; +https://opensiteexplorer.org/dotbot; help@moz.com)" 
216.244.66.245 - - [30/Oct/2021:06:11:50 -0700] "GET /self.logs/2016/access.log.2016-10-28.gz HTTP/1.1" 200 7337 "-" "Mozilla/5.0 (compatible; DotBot/1.2; +https://opensiteexplorer.org/dotbot; help@moz.com)" 
216.244.66.245 - - [30/Oct/2021:06:11:52 -0700] "GET /self.logs/2016/error.log.2016-01-29.gz HTTP/1.1" 200 688 "-" "Mozilla/5.0 (compatible; DotBot/1.2; +https://opensiteexplorer.org/dotbot; help@moz.com)" 
216.244.66.245 - - [30/Oct/2021:06:11:53 -0700] "GET /self.logs/2016/error.log.2016-06-22.gz HTTP/1.1" 200 964 "-" "Mozilla/5.0 (compatible; DotBot/1.2; +https://opensiteexplorer.org/dotbot; help@moz.com)" 
216.244.66.245 - - [30/Oct/2021:06:11:54 -0700] "GET /self.logs/2016/error.log.2016-07-26.gz HTTP/1.1" 200 909 "-" "Mozilla/5.0 (compatible; DotBot/1.2; +https://opensiteexplorer.org/dotbot; help@moz.com)" 
216.244.66.245 - - [30/Oct/2021:06:11:55 -0700] "GET /self.logs/access.log.2017-08-09.gz HTTP/1.1" 200 26624 "-" "Mozilla/5.0 (compatible; DotBot/1.2; +https://opensiteexplorer.org/dotbot; help@moz.com)" 
216.244.66.245 - - [30/Oct/2021:06:11:56 -0700] "GET /self.logs/access.log.2017-10-12.gz HTTP/1.1" 200 29849 "-" "Mozilla/5.0 (compatible; DotBot/1.2; +https://opensiteexplorer.org/dotbot; help@moz.com)" 
216.244.66.245 - - [30/Oct/2021:06:11:58 -0700] "GET /self.logs/access.log.2018-08-14.gz HTTP/1.1" 200 27954 "-" "Mozilla/5.0 (compatible; DotBot/1.2; +https://opensiteexplorer.org/dotbot; help@moz.com)" 
216.244.66.245 - - [30/Oct/2021:06:11:59 -0700] "GET /self.logs/access.log.2019-12-08.gz HTTP/1.1" 200 17259 "-" "Mozilla/5.0 (compatible; DotBot/1.2; +https://opensiteexplorer.org/dotbot; help@moz.com)" 
216.244.66.245 - - [30/Oct/2021:06:11:59 -0700] "GET /self.logs/error.log.2018-06-25.gz HTTP/1.1" 200 5850 "-" "Mozilla/5.0 (compatible; DotBot/1.2; +https://opensiteexplorer.org/dotbot; help@moz.com)" 
216.244.66.245 - - [30/Oct/2021:06:12:00 -0700] "GET /self.logs/error.log.2018-07-02.gz HTTP/1.1" 200 7874 "-" "Mozilla/5.0 (compatible; DotBot/1.2; +https://opensiteexplorer.org/dotbot; help@moz.com)" 
216.244.66.245 - - [30/Oct/2021:06:12:18 -0700] "GET /self.logs/error.log.2017-11-12.gz HTTP/1.1" 200 1802 "-" "Mozilla/5.0 (compatible; DotBot/1.2; +https://opensiteexplorer.org/dotbot; help@moz.com)" 
216.244.66.245 - - [30/Oct/2021:06:12:18 -0700] "GET /self.logs/error.log.2017-12-17.gz HTTP/1.1" 200 1978 "-" "Mozilla/5.0 (compatible; DotBot/1.2; +https://opensiteexplorer.org/dotbot; help@moz.com)" 
85.208.98.193 - - [30/Oct/2021:06:13:43 -0700] "GET /robots.txt HTTP/1.1" 200 377 "-" "Mozilla/5.0 (compatible; SiteAuditBot/0.97; +http://www.semrush.com/bot.html)" 
85.208.98.194 - - [30/Oct/2021:06:13:44 -0700] "GET / HTTP/1.1" 200 13186 "-" "Mozilla/5.0 (compatible; SiteAuditBot/0.97; +http://www.semrush.com/bot.html)" 
114.119.149.90 - - [30/Oct/2021:06:21:52 -0700] "GET /self.logs/error.log.2020-01-21.gz HTTP/1.1" 200 682 "-" "Mozilla/5.0 (Linux; Android 7.0;) AppleWebKit/537.36 (KHTML, like Gecko) Mobile Safari/537.36 (compatible; PetalBot;+https://webmaster.petalsearch.com/site/petalbot)" 
40.77.167.66 - - [30/Oct/2021:06:26:02 -0700] "GET /Datasets%20Description/?C=N;O=A HTTP/1.1" 200 677 "-" "Mozilla/5.0 (compatible; bingbot/2.0; +http://www.bing.com/bingbot.htm)" 
114.119.135.212 - - [30/Oct/2021:06:32:42 -0700] "GET /self.logs/access.log.2017-12-14.gz HTTP/1.1" 200 24902 "-" "Mozilla/5.0 (Linux; Android 7.0;) AppleWebKit/537.36 (KHTML, like Gecko) Mobile Safari/537.36 (compatible; PetalBot;+https://webmaster.petalsearch.com/site/petalbot)" 
66.249.66.196 - - [30/Oct/2021:06:48:56 -0700] "GET / HTTP/1.1" 200 13187 "-" "Mozilla/5.0 (Linux; Android 6.0.1; Nexus 5X Build/MMB29P) AppleWebKit/537.36 (KHTML, like Gecko) Chrome/94.0.4606.81 Mobile Safari/537.36 (compatible; Googlebot/2.1; +http://www.google.com/bot.html)" 
216.244.66.245 - - [30/Oct/2021:06:50:11 -0700] "GET /robots.txt HTTP/1.1" 200 333 "-" "Mozilla/5.0 (compatible; DotBot/1.2; +https://opensiteexplorer.org/dotbot; help@moz.com)" 
216.244.66.245 - - [30/Oct/2021:06:50:11 -0700] "GET /robots.txt HTTP/1.1" 301 439 "-" "Mozilla/5.0 (compatible; DotBot/1.2; +https://opensiteexplorer.org/dotbot; help@moz.com)" 
216.244.66.245 - - [30/Oct/2021:06:50:11 -0700] "GET /robots.txt HTTP/1.1" 200 333 "-" "Mozilla/5.0 (compatible; DotBot/1.2; +https://opensiteexplorer.org/dotbot; help@moz.com)" 
216.244.66.245 - - [30/Oct/2021:06:55:52 -0700] "GET /maccdc2012/notice.log.gz HTTP/1.1" 301 467 "-" "Mozilla/5.0 (compatible; DotBot/1.2; +https://opensiteexplorer.org/dotbot; help@moz.com)" 
185.191.171.36 - - [30/Oct/2021:06:56:52 -0700] "GET /robots.txt HTTP/1.1" 200 340 "-" "Mozilla/5.0 (compatible; SemrushBot/7~bl; +http://www.semrush.com/bot.html)" 
185.191.171.33 - - [30/Oct/2021:06:56:52 -0700] "GET /self.logs/error.log.2020-03-01 HTTP/1.1" 200 314 "-" "Mozilla/5.0 (compatible; SemrushBot/7~bl; +http://www.semrush.com/bot.html)" 
216.244.66.245 - - [30/Oct/2021:07:01:06 -0700] "GET /self.logs/access.log.2018-03-02.gz HTTP/1.1" 200 16406 "-" "Mozilla/5.0 (compatible; DotBot/1.2; +https://opensiteexplorer.org/dotbot; help@moz.com)" 
216.244.66.245 - - [30/Oct/2021:07:01:11 -0700] "GET /self.logs/access.log.2019-10-27.gz HTTP/1.1" 200 15623 "-" "Mozilla/5.0 (compatible; DotBot/1.2; +https://opensiteexplorer.org/dotbot; help@moz.com)" 
216.244.66.245 - - [30/Oct/2021:07:01:15 -0700] "GET /self.logs/access.log.2019-11-23.gz HTTP/1.1" 200 13531 "-" "Mozilla/5.0 (compatible; DotBot/1.2; +https://opensiteexplorer.org/dotbot; help@moz.com)" 
216.244.66.245 - - [30/Oct/2021:07:01:17 -0700] "GET /self.logs/access.log.2020-05-08.gz HTTP/1.1" 200 10637 "-" "Mozilla/5.0 (compatible; DotBot/1.2; +https://opensiteexplorer.org/dotbot; help@moz.com)" 
216.244.66.245 - - [30/Oct/2021:07:01:20 -0700] "GET /self.logs/error.log.2017-02-20.gz HTTP/1.1" 200 1033 "-" "Mozilla/5.0 (compatible; DotBot/1.2; +https://opensiteexplorer.org/dotbot; help@moz.com)" 
216.244.66.245 - - [30/Oct/2021:07:01:58 -0700] "GET /self.logs/2015/access.log.2015-04-29.gz HTTP/1.1" 200 5246 "-" "Mozilla/5.0 (compatible; DotBot/1.2; +https://opensiteexplorer.org/dotbot; help@moz.com)" 
216.244.66.245 - - [30/Oct/2021:07:02:00 -0700] "GET /self.logs/2015/error.log.2015-02-03.gz HTTP/1.1" 200 774 "-" "Mozilla/5.0 (compatible; DotBot/1.2; +https://opensiteexplorer.org/dotbot; help@moz.com)" 
216.244.66.245 - - [30/Oct/2021:07:02:02 -0700] "GET /self.logs/2015/error.log.2015-05-27.gz HTTP/1.1" 200 721 "-" "Mozilla/5.0 (compatible; DotBot/1.2; +https://opensiteexplorer.org/dotbot; help@moz.com)" 
216.244.66.245 - - [30/Oct/2021:07:02:04 -0700] "GET /self.logs/2015/error.log.2015-08-30.gz HTTP/1.1" 200 657 "-" "Mozilla/5.0 (compatible; DotBot/1.2; +https://opensiteexplorer.org/dotbot; help@moz.com)" 
216.244.66.245 - - [30/Oct/2021:07:02:05 -0700] "GET /self.logs/2016/access.log.2016-03-03.gz HTTP/1.1" 200 14220 "-" "Mozilla/5.0 (compatible; DotBot/1.2; +https://opensiteexplorer.org/dotbot; help@moz.com)" 
216.244.66.245 - - [30/Oct/2021:07:02:06 -0700] "GET /self.logs/2016/access.log.2016-08-13.gz HTTP/1.1" 200 8512 "-" "Mozilla/5.0 (compatible; DotBot/1.2; +https://opensiteexplorer.org/dotbot; help@moz.com)" 
216.244.66.245 - - [30/Oct/2021:07:02:07 -0700] "GET /self.logs/2016/access.log.2016-09-11.gz HTTP/1.1" 200 21854 "-" "Mozilla/5.0 (compatible; DotBot/1.2; +https://opensiteexplorer.org/dotbot; help@moz.com)" 
40.77.167.66 - - [30/Oct/2021:07:02:07 -0700] "GET /self.logs/error.log.2017-12-30.gz HTTP/1.1" 200 2112 "-" "Mozilla/5.0 (compatible; bingbot/2.0; +http://www.bing.com/bingbot.htm)" 
