66.249.64.106 - - [07/Apr/2024:17:42:23 -0700] "GET /self.logs/error.log.2017-06-02.gz HTTP/1.1" 200 924 "-" "Mozilla/5.0 (Linux; Android 6.0.1; Nexus 5X Build/MMB29P) AppleWebKit/537.36 (KHTML, like Gecko) Chrome/122.0.6261.94 Mobile Safari/537.36 (compatible; Googlebot/2.1; +http://www.google.com/bot.html)" 
66.249.64.108 - - [07/Apr/2024:17:43:24 -0700] "GET /self.logs/access.log.2021-12-31.gz HTTP/1.1" 200 13249 "-" "Mozilla/5.0 (Linux; Android 6.0.1; Nexus 5X Build/MMB29P) AppleWebKit/537.36 (KHTML, like Gecko) Chrome/122.0.6261.94 Mobile Safari/537.36 (compatible; Googlebot/2.1; +http://www.google.com/bot.html)" 
115.223.43.99 - - [07/Apr/2024:17:43:57 -0700] "GET / HTTP/1.1" 200 13186 "-" "Mozilla/5.0 (Windows NT 10.0; Win64; x64) AppleWebKit/537.36 (KHTML, like Gecko) Chrome/97.0.4280.67 Safari/537.36 Edg/97.0.664.52" 
66.249.64.108 - - [07/Apr/2024:17:44:42 -0700] "GET /self.logs/access.log.2022-06-19.gz HTTP/1.1" 200 11124 "-" "Mozilla/5.0 (Linux; Android 6.0.1; Nexus 5X Build/MMB29P) AppleWebKit/537.36 (KHTML, like Gecko) Chrome/122.0.6261.94 Mobile Safari/537.36 (compatible; Googlebot/2.1; +http://www.google.com/bot.html)" 
66.249.64.106 - - [07/Apr/2024:17:46:42 -0700] "GET /self.logs/error.log.2018-10-04.gz HTTP/1.1" 200 5330 "-" "Mozilla/5.0 (Linux; Android 6.0.1; Nexus 5X Build/MMB29P) AppleWebKit/537.36 (KHTML, like Gecko) Chrome/122.0.6261.94 Mobile Safari/537.36 (compatible; Googlebot/2.1; +http://www.google.com/bot.html)" 
66.249.64.106 - - [07/Apr/2024:17:47:42 -0700] "GET /self.logs/error.log.2017-12-30.gz HTTP/1.1" 200 2112 "-" "Mozilla/5.0 (Linux; Android 6.0.1; Nexus 5X Build/MMB29P) AppleWebKit/537.36 (KHTML, like Gecko) Chrome/122.0.6261.94 Mobile Safari/537.36 (compatible; Googlebot/2.1; +http://www.google.com/bot.html)" 
66.249.64.106 - - [07/Apr/2024:17:49:44 -0700] "GET /self.logs/error.log.2021-08-24.gz HTTP/1.1" 200 1362 "-" "Mozilla/5.0 (Linux; Android 6.0.1; Nexus 5X Build/MMB29P) AppleWebKit/537.36 (KHTML, like Gecko) Chrome/122.0.6261.94 Mobile Safari/537.36 (compatible; Googlebot/2.1; +http://www.google.com/bot.html)" 
66.249.64.106 - - [07/Apr/2024:17:50:44 -0700] "GET /self.logs/access.log.2020-11-04.gz HTTP/1.1" 200 12949 "-" "Mozilla/5.0 (Linux; Android 6.0.1; Nexus 5X Build/MMB29P) AppleWebKit/537.36 (KHTML, like Gecko) Chrome/122.0.6261.94 Mobile Safari/537.36 (compatible; Googlebot/2.1; +http://www.google.com/bot.html)" 
66.249.64.108 - - [07/Apr/2024:17:52:44 -0700] "GET /self.logs/access.log.2023-09-21.gz HTTP/1.1" 200 29668 "-" "Mozilla/5.0 (Linux; Android 6.0.1; Nexus 5X Build/MMB29P) AppleWebKit/537.36 (KHTML, like Gecko) Chrome/122.0.6261.94 Mobile Safari/537.36 (compatible; Googlebot/2.1; +http://www.google.com/bot.html)" 
66.249.64.106 - - [07/Apr/2024:17:53:45 -0700] "GET /self.logs/error.log.2024-03-08.gz HTTP/1.1" 200 9227 "-" "Mozilla/5.0 (Linux; Android 6.0.1; Nexus 5X Build/MMB29P) AppleWebKit/537.36 (KHTML, like Gecko) Chrome/122.0.6261.94 Mobile Safari/537.36 (compatible; Googlebot/2.1; +http://www.google.com/bot.html)" 
66.249.64.107 - - [07/Apr/2024:17:54:45 -0700] "GET /self.logs/error.log.2022-05-18.gz HTTP/1.1" 200 5020 "-" "Mozilla/5.0 (Linux; Android 6.0.1; Nexus 5X Build/MMB29P) AppleWebKit/537.36 (KHTML, like Gecko) Chrome/122.0.6261.94 Mobile Safari/537.36 (compatible; Googlebot/2.1; +http://www.google.com/bot.html)" 
66.249.64.107 - - [07/Apr/2024:17:56:46 -0700] "GET /self.logs/access.log.2018-05-03.gz HTTP/1.1" 200 44032 "-" "Mozilla/5.0 (Linux; Android 6.0.1; Nexus 5X Build/MMB29P) AppleWebKit/537.36 (KHTML, like Gecko) Chrome/122.0.6261.94 Mobile Safari/537.36 (compatible; Googlebot/2.1; +http://www.google.com/bot.html)" 
17.241.227.56 - - [07/Apr/2024:17:57:44 -0700] "GET /robots.txt HTTP/1.1" 200 333 "-" "Mozilla/5.0 (Macintosh; Intel Mac OS X 10_15_5) AppleWebKit/605.1.15 (KHTML, like Gecko) Version/13.1.1 Safari/605.1.15 (Applebot/0.1; +http://www.apple.com/go/applebot)" 
17.241.227.56 - - [07/Apr/2024:17:57:44 -0700] "GET /self.logs/error.log.2020-01-03 HTTP/1.1" 200 1269 "-" "Mozilla/5.0 (Macintosh; Intel Mac OS X 10_15_5) AppleWebKit/605.1.15 (KHTML, like Gecko) Version/13.1.1 Safari/605.1.15 (Applebot/0.1; +http://www.apple.com/go/applebot)" 
66.249.64.106 - - [07/Apr/2024:17:57:46 -0700] "GET /self.logs/error.log.2022-01-01.gz HTTP/1.1" 200 913 "-" "Mozilla/5.0 (Linux; Android 6.0.1; Nexus 5X Build/MMB29P) AppleWebKit/537.36 (KHTML, like Gecko) Chrome/122.0.6261.94 Mobile Safari/537.36 (compatible; Googlebot/2.1; +http://www.google.com/bot.html)" 
149.202.86.190 - - [07/Apr/2024:17:58:51 -0700] "GET /robots.txt HTTP/1.1" 200 377 "-" "Mozilla/5.0 (compatible; MJ12bot/v1.4.8; http://mj12bot.com/)" 
149.202.86.190 - - [07/Apr/2024:17:58:52 -0700] "GET /self.logs/2015/ HTTP/1.1" 200 7543 "-" "Mozilla/5.0 (compatible; MJ12bot/v1.4.8; http://mj12bot.com/)" 
149.202.86.190 - - [07/Apr/2024:17:59:01 -0700] "GET /self.logs/2016/ HTTP/1.1" 200 7782 "-" "Mozilla/5.0 (compatible; MJ12bot/v1.4.8; http://mj12bot.com/)" 
66.249.64.108 - - [07/Apr/2024:17:59:46 -0700] "GET /self.logs/error.log.2018-12-13.gz HTTP/1.1" 200 6768 "-" "Mozilla/5.0 (Linux; Android 6.0.1; Nexus 5X Build/MMB29P) AppleWebKit/537.36 (KHTML, like Gecko) Chrome/122.0.6261.94 Mobile Safari/537.36 (compatible; Googlebot/2.1; +http://www.google.com/bot.html)" 
149.202.86.190 - - [07/Apr/2024:17:59:09 -0700] "GET /self.logs/?C=S;O=A HTTP/1.1" 200 59313 "-" "Mozilla/5.0 (compatible; MJ12bot/v1.4.8; http://mj12bot.com/)" 
149.202.86.190 - - [07/Apr/2024:17:59:52 -0700] "GET /self.logs/error.log.2020-02-01 HTTP/1.1" 200 307 "-" "Mozilla/5.0 (compatible; MJ12bot/v1.4.8; http://mj12bot.com/)" 
149.202.86.190 - - [07/Apr/2024:17:59:57 -0700] "GET /self.logs/error.log.2020-02-06 HTTP/1.1" 200 307 "-" "Mozilla/5.0 (compatible; MJ12bot/v1.4.8; http://mj12bot.com/)" 
149.202.86.190 - - [07/Apr/2024:18:00:00 -0700] "GET /self.logs/error.log.2020-02-07 HTTP/1.1" 200 307 "-" "Mozilla/5.0 (compatible; MJ12bot/v1.4.8; http://mj12bot.com/)" 
149.202.86.190 - - [07/Apr/2024:18:00:06 -0700] "GET /self.logs/error.log.2020-02-09 HTTP/1.1" 200 307 "-" "Mozilla/5.0 (compatible; MJ12bot/v1.4.8; http://mj12bot.com/)" 
149.202.86.190 - - [07/Apr/2024:18:00:13 -0700] "GET /self.logs/error.log.2020-02-14 HTTP/1.1" 200 307 "-" "Mozilla/5.0 (compatible; MJ12bot/v1.4.8; http://mj12bot.com/)" 
149.202.86.190 - - [07/Apr/2024:18:00:17 -0700] "GET /self.logs/error.log.2020-02-25 HTTP/1.1" 200 307 "-" "Mozilla/5.0 (compatible; MJ12bot/v1.4.8; http://mj12bot.com/)" 
149.202.86.190 - - [07/Apr/2024:18:00:23 -0700] "GET /self.logs/error.log.2020-02-27 HTTP/1.1" 200 307 "-" "Mozilla/5.0 (compatible; MJ12bot/v1.4.8; http://mj12bot.com/)" 
149.202.86.190 - - [07/Apr/2024:18:00:28 -0700] "GET /self.logs/error.log.2020-03-03 HTTP/1.1" 200 307 "-" "Mozilla/5.0 (compatible; MJ12bot/v1.4.8; http://mj12bot.com/)" 
149.202.86.190 - - [07/Apr/2024:18:00:33 -0700] "GET /self.logs/error.log.2020-03-04 HTTP/1.1" 200 307 "-" "Mozilla/5.0 (compatible; MJ12bot/v1.4.8; http://mj12bot.com/)" 
149.202.86.190 - - [07/Apr/2024:18:00:40 -0700] "GET /self.logs/error.log.2020-03-05 HTTP/1.1" 200 307 "-" "Mozilla/5.0 (compatible; MJ12bot/v1.4.8; http://mj12bot.com/)" 
149.202.86.190 - - [07/Apr/2024:18:00:45 -0700] "GET /self.logs/error.log.2020-03-06 HTTP/1.1" 200 307 "-" "Mozilla/5.0 (compatible; MJ12bot/v1.4.8; http://mj12bot.com/)" 
66.249.64.107 - - [07/Apr/2024:18:00:46 -0700] "GET /self.logs/access.log.2020-09-21.gz HTTP/1.1" 200 16555 "-" "Mozilla/5.0 (Linux; Android 6.0.1; Nexus 5X Build/MMB29P) AppleWebKit/537.36 (KHTML, like Gecko) Chrome/122.0.6261.94 Mobile Safari/537.36 (compatible; Googlebot/2.1; +http://www.google.com/bot.html)" 
149.202.86.190 - - [07/Apr/2024:18:00:58 -0700] "GET /self.logs/error.log.2020-05-14 HTTP/1.1" 200 307 "-" "Mozilla/5.0 (compatible; MJ12bot/v1.4.8; http://mj12bot.com/)" 
149.202.86.190 - - [07/Apr/2024:18:01:06 -0700] "GET /self.logs/error.log.2020-05-16 HTTP/1.1" 200 307 "-" "Mozilla/5.0 (compatible; MJ12bot/v1.4.8; http://mj12bot.com/)" 
149.202.86.190 - - [07/Apr/2024:18:01:14 -0700] "GET /self.logs/error.log.2020-05-17 HTTP/1.1" 200 307 "-" "Mozilla/5.0 (compatible; MJ12bot/v1.4.8; http://mj12bot.com/)" 
149.202.86.190 - - [07/Apr/2024:18:01:20 -0700] "GET /self.logs/error.log.2020-05-19 HTTP/1.1" 200 307 "-" "Mozilla/5.0 (compatible; MJ12bot/v1.4.8; http://mj12bot.com/)" 
149.202.86.190 - - [07/Apr/2024:18:01:27 -0700] "GET /self.logs/error.log.2020-05-20 HTTP/1.1" 200 307 "-" "Mozilla/5.0 (compatible; MJ12bot/v1.4.8; http://mj12bot.com/)" 
149.202.86.190 - - [07/Apr/2024:18:01:34 -0700] "GET /self.logs/error.log.2020-05-22 HTTP/1.1" 200 307 "-" "Mozilla/5.0 (compatible; MJ12bot/v1.4.8; http://mj12bot.com/)" 
149.202.86.190 - - [07/Apr/2024:18:01:42 -0700] "GET /self.logs/error.log.2020-05-24 HTTP/1.1" 200 307 "-" "Mozilla/5.0 (compatible; MJ12bot/v1.4.8; http://mj12bot.com/)" 
149.202.86.190 - - [07/Apr/2024:18:01:50 -0700] "GET /self.logs/error.log.2020-05-25 HTTP/1.1" 200 307 "-" "Mozilla/5.0 (compatible; MJ12bot/v1.4.8; http://mj12bot.com/)" 
149.202.86.190 - - [07/Apr/2024:18:02:02 -0700] "GET /self.logs/error.log.2020-05-26 HTTP/1.1" 200 307 "-" "Mozilla/5.0 (compatible; MJ12bot/v1.4.8; http://mj12bot.com/)" 
149.202.86.190 - - [07/Apr/2024:18:02:12 -0700] "GET /self.logs/error.log.2020-05-27 HTTP/1.1" 200 307 "-" "Mozilla/5.0 (compatible; MJ12bot/v1.4.8; http://mj12bot.com/)" 
149.202.86.190 - - [07/Apr/2024:18:02:19 -0700] "GET /self.logs/error.log.2020-05-28 HTTP/1.1" 200 307 "-" "Mozilla/5.0 (compatible; MJ12bot/v1.4.8; http://mj12bot.com/)" 
149.202.86.190 - - [07/Apr/2024:18:02:26 -0700] "GET /self.logs/error.log.2020-05-29 HTTP/1.1" 200 307 "-" "Mozilla/5.0 (compatible; MJ12bot/v1.4.8; http://mj12bot.com/)" 
114.119.139.166 - - [07/Apr/2024:18:02:33 -0700] "GET /self.logs/error.log.2020-09-29 HTTP/1.1" 200 351 "http://www.secrepo.com/self.logs?C=N%3BO%3DD" "Mozilla/5.0 (Linux; Android 7.0;) AppleWebKit/537.36 (KHTML, like Gecko) Mobile Safari/537.36 (compatible; PetalBot;+https://webmaster.petalsearch.com/site/petalbot)" 
149.202.86.190 - - [07/Apr/2024:18:02:41 -0700] "GET /self.logs/error.log.2020-05-30 HTTP/1.1" 200 307 "-" "Mozilla/5.0 (compatible; MJ12bot/v1.4.8; http://mj12bot.com/)" 
66.249.64.108 - - [07/Apr/2024:18:02:46 -0700] "GET /self.logs/access.log.2019-02-04.gz HTTP/1.1" 200 18304 "-" "Mozilla/5.0 (Linux; Android 6.0.1; Nexus 5X Build/MMB29P) AppleWebKit/537.36 (KHTML, like Gecko) Chrome/122.0.6261.94 Mobile Safari/537.36 (compatible; Googlebot/2.1; +http://www.google.com/bot.html)" 
149.202.86.190 - - [07/Apr/2024:18:02:50 -0700] "GET /self.logs/error.log.2023-03-30 HTTP/1.1" 200 4824 "-" "Mozilla/5.0 (compatible; MJ12bot/v1.4.8; http://mj12bot.com/)" 
66.249.64.107 - - [07/Apr/2024:18:03:46 -0700] "GET /self.logs/error.log.2023-01-03.gz HTTP/1.1" 200 1145 "-" "Mozilla/5.0 (Linux; Android 6.0.1; Nexus 5X Build/MMB29P) AppleWebKit/537.36 (KHTML, like Gecko) Chrome/122.0.6261.94 Mobile Safari/537.36 (compatible; Googlebot/2.1; +http://www.google.com/bot.html)" 
66.249.64.108 - - [07/Apr/2024:18:04:48 -0700] "GET /self.logs/access.log.2022-12-27.gz HTTP/1.1" 200 12697 "-" "Mozilla/5.0 (Linux; Android 6.0.1; Nexus 5X Build/MMB29P) AppleWebKit/537.36 (KHTML, like Gecko) Chrome/122.0.6261.94 Mobile Safari/537.36 (compatible; Googlebot/2.1; +http://www.google.com/bot.html)" 
66.249.64.108 - - [07/Apr/2024:18:06:48 -0700] "GET /self.logs/error.log.2020-03-26 HTTP/1.1" 200 351 "-" "Mozilla/5.0 (Linux; Android 6.0.1; Nexus 5X Build/MMB29P) AppleWebKit/537.36 (KHTML, like Gecko) Chrome/122.0.6261.94 Mobile Safari/537.36 (compatible; Googlebot/2.1; +http://www.google.com/bot.html)" 
66.249.64.107 - - [07/Apr/2024:18:07:48 -0700] "GET /self.logs/error.log.2024-02-29.gz HTTP/1.1" 200 2192 "-" "Mozilla/5.0 (Linux; Android 6.0.1; Nexus 5X Build/MMB29P) AppleWebKit/537.36 (KHTML, like Gecko) Chrome/122.0.6261.94 Mobile Safari/537.36 (compatible; Googlebot/2.1; +http://www.google.com/bot.html)" 
66.249.64.107 - - [07/Apr/2024:18:09:49 -0700] "GET /self.logs/error.log.2021-09-23.gz HTTP/1.1" 200 1637 "-" "Mozilla/5.0 (Linux; Android 6.0.1; Nexus 5X Build/MMB29P) AppleWebKit/537.36 (KHTML, like Gecko) Chrome/122.0.6261.94 Mobile Safari/537.36 (compatible; Googlebot/2.1; +http://www.google.com/bot.html)" 
66.249.64.107 - - [07/Apr/2024:18:10:49 -0700] "GET /self.logs/access.log.2019-04-08.gz HTTP/1.1" 200 26343 "-" "Mozilla/5.0 (Linux; Android 6.0.1; Nexus 5X Build/MMB29P) AppleWebKit/537.36 (KHTML, like Gecko) Chrome/122.0.6261.94 Mobile Safari/537.36 (compatible; Googlebot/2.1; +http://www.google.com/bot.html)" 
52.167.144.22 - - [07/Apr/2024:18:12:02 -0700] "GET /self.logs/access.log.2020-09-22.gz HTTP/1.1" 200 12292 "-" "Mozilla/5.0 AppleWebKit/537.36 (KHTML, like Gecko; compatible; bingbot/2.0; +http://www.bing.com/bingbot.htm) Chrome/116.0.1938.76 Safari/537.36" 
66.249.64.106 - - [07/Apr/2024:18:12:49 -0700] "GET /self.logs/error.log.2022-05-14.gz HTTP/1.1" 200 3772 "-" "Mozilla/5.0 (Linux; Android 6.0.1; Nexus 5X Build/MMB29P) AppleWebKit/537.36 (KHTML, like Gecko) Chrome/122.0.6261.94 Mobile Safari/537.36 (compatible; Googlebot/2.1; +http://www.google.com/bot.html)" 
66.249.64.107 - - [07/Apr/2024:18:13:49 -0700] "GET /self.logs/access.log.2021-03-05.gz HTTP/1.1" 200 20012 "-" "Mozilla/5.0 (Linux; Android 6.0.1; Nexus 5X Build/MMB29P) AppleWebKit/537.36 (KHTML, like Gecko) Chrome/122.0.6261.94 Mobile Safari/537.36 (compatible; Googlebot/2.1; +http://www.google.com/bot.html)" 
89.149.202.136 - - [07/Apr/2024:18:14:27 -0700] "GET / HTTP/1.1" 200 13142 "-" "Mozilla/5.0 (Windows NT 10.0; Win64; x64) AppleWebKit/537.36 (KHTML, like Gecko) Chrome/60.0.3112.113 Safari/537.36" 
66.249.64.108 - - [07/Apr/2024:18:14:49 -0700] "GET /self.logs/error.log.2018-01-29.gz HTTP/1.1" 200 1201 "-" "Mozilla/5.0 (Linux; Android 6.0.1; Nexus 5X Build/MMB29P) AppleWebKit/537.36 (KHTML, like Gecko) Chrome/122.0.6261.94 Mobile Safari/537.36 (compatible; Googlebot/2.1; +http://www.google.com/bot.html)" 
66.249.64.106 - - [07/Apr/2024:18:16:49 -0700] "GET /self.logs/access.log.2020-05-02.gz HTTP/1.1" 200 12463 "-" "Mozilla/5.0 (Linux; Android 6.0.1; Nexus 5X Build/MMB29P) AppleWebKit/537.36 (KHTML, like Gecko) Chrome/122.0.6261.94 Mobile Safari/537.36 (compatible; Googlebot/2.1; +http://www.google.com/bot.html)" 
66.249.64.107 - - [07/Apr/2024:18:17:50 -0700] "GET /self.logs/error.log.2022-05-01 HTTP/1.1" 200 3952 "-" "Mozilla/5.0 (Linux; Android 6.0.1; Nexus 5X Build/MMB29P) AppleWebKit/537.36 (KHTML, like Gecko) Chrome/122.0.6261.94 Mobile Safari/537.36 (compatible; Googlebot/2.1; +http://www.google.com/bot.html)" 
66.249.64.106 - - [07/Apr/2024:18:19:50 -0700] "GET /self.logs/error.log.2021-10-03.gz HTTP/1.1" 200 2689 "-" "Mozilla/5.0 (Linux; Android 6.0.1; Nexus 5X Build/MMB29P) AppleWebKit/537.36 (KHTML, like Gecko) Chrome/122.0.6261.94 Mobile Safari/537.36 (compatible; Googlebot/2.1; +http://www.google.com/bot.html)" 
66.249.64.107 - - [07/Apr/2024:18:20:50 -0700] "GET /self.logs/error.log.2019-04-22.gz HTTP/1.1" 200 3841 "-" "Mozilla/5.0 (Linux; Android 6.0.1; Nexus 5X Build/MMB29P) AppleWebKit/537.36 (KHTML, like Gecko) Chrome/122.0.6261.94 Mobile Safari/537.36 (compatible; Googlebot/2.1; +http://www.google.com/bot.html)" 
66.249.64.106 - - [07/Apr/2024:18:22:50 -0700] "GET /self.logs/access.log.2020-02-08.gz HTTP/1.1" 200 19474 "-" "Mozilla/5.0 (Linux; Android 6.0.1; Nexus 5X Build/MMB29P) AppleWebKit/537.36 (KHTML, like Gecko) Chrome/122.0.6261.94 Mobile Safari/537.36 (compatible; Googlebot/2.1; +http://www.google.com/bot.html)" 
66.249.64.106 - - [07/Apr/2024:18:23:50 -0700] "GET /self.logs/error.log.2017-09-22.gz HTTP/1.1" 200 2629 "-" "Mozilla/5.0 (Linux; Android 6.0.1; Nexus 5X Build/MMB29P) AppleWebKit/537.36 (KHTML, like Gecko) Chrome/122.0.6261.94 Mobile Safari/537.36 (compatible; Googlebot/2.1; +http://www.google.com/bot.html)" 
207.46.13.150 - - [07/Apr/2024:18:24:29 -0700] "GET /self.logs/error.log.2024-01-05.gz HTTP/1.1" 200 1215 "-" "Mozilla/5.0 AppleWebKit/537.36 (KHTML, like Gecko; compatible; bingbot/2.0; +http://www.bing.com/bingbot.htm) Chrome/116.0.1938.76 Safari/537.36" 
66.249.64.107 - - [07/Apr/2024:18:25:02 -0700] "GET /self.logs/error.log.2021-08-03.gz HTTP/1.1" 200 4194 "-" "Mozilla/5.0 (Linux; Android 6.0.1; Nexus 5X Build/MMB29P) AppleWebKit/537.36 (KHTML, like Gecko) Chrome/122.0.6261.94 Mobile Safari/537.36 (compatible; Googlebot/2.1; +http://www.google.com/bot.html)" 
123.125.109.168 - - [07/Apr/2024:18:27:02 -0700] "GET / HTTP/1.1" 200 49096 "-" "Sogou web spider/4.0(+http://www.sogou.com/docs/help/webmasters.htm#07)" 
66.249.64.108 - - [07/Apr/2024:18:27:02 -0700] "GET /self.logs/error.log.2021-04-05.gz HTTP/1.1" 200 2877 "-" "Mozilla/5.0 (Linux; Android 6.0.1; Nexus 5X Build/MMB29P) AppleWebKit/537.36 (KHTML, like Gecko) Chrome/122.0.6261.94 Mobile Safari/537.36 (compatible; Googlebot/2.1; +http://www.google.com/bot.html)" 
66.249.64.107 - - [07/Apr/2024:18:28:02 -0700] "GET /self.logs/access.log.2017-08-15.gz HTTP/1.1" 200 57690 "-" "Mozilla/5.0 (Linux; Android 6.0.1; Nexus 5X Build/MMB29P) AppleWebKit/537.36 (KHTML, like Gecko) Chrome/122.0.6261.94 Mobile Safari/537.36 (compatible; Googlebot/2.1; +http://www.google.com/bot.html)" 
66.249.64.108 - - [07/Apr/2024:18:30:09 -0700] "GET /self.logs/error.log.2020-05-31 HTTP/1.1" 200 351 "-" "Mozilla/5.0 (Linux; Android 6.0.1; Nexus 5X Build/MMB29P) AppleWebKit/537.36 (KHTML, like Gecko) Chrome/122.0.6261.94 Mobile Safari/537.36 (compatible; Googlebot/2.1; +http://www.google.com/bot.html)" 
114.119.142.8 - - [07/Apr/2024:18:30:15 -0700] "GET /self.logs/error.log.2020-06-28 HTTP/1.1" 200 351 "http://www.secrepo.com/self.logs?C=N%3BO%3DD" "Mozilla/5.0 (Linux; Android 7.0;) AppleWebKit/537.36 (KHTML, like Gecko) Mobile Safari/537.36 (compatible; PetalBot;+https://webmaster.petalsearch.com/site/petalbot)" 
66.249.64.106 - - [07/Apr/2024:18:31:09 -0700] "GET /self.logs/error.log.2018-03-25.gz HTTP/1.1" 200 3999 "-" "Mozilla/5.0 (Linux; Android 6.0.1; Nexus 5X Build/MMB29P) AppleWebKit/537.36 (KHTML, like Gecko) Chrome/122.0.6261.94 Mobile Safari/537.36 (compatible; Googlebot/2.1; +http://www.google.com/bot.html)" 
66.249.64.106 - - [07/Apr/2024:18:32:39 -0700] "GET /self.logs/error.log.2021-01-29 HTTP/1.1" 200 351 "-" "Mozilla/5.0 (Linux; Android 6.0.1; Nexus 5X Build/MMB29P) AppleWebKit/537.36 (KHTML, like Gecko) Chrome/122.0.6261.94 Mobile Safari/537.36 (compatible; Googlebot/2.1; +http://www.google.com/bot.html)" 
66.249.64.106 - - [07/Apr/2024:18:33:39 -0700] "GET /self.logs/access.log.2017-05-12.gz HTTP/1.1" 200 56945 "-" "Mozilla/5.0 (Linux; Android 6.0.1; Nexus 5X Build/MMB29P) AppleWebKit/537.36 (KHTML, like Gecko) Chrome/122.0.6261.94 Mobile Safari/537.36 (compatible; Googlebot/2.1; +http://www.google.com/bot.html)" 
66.249.64.108 - - [07/Apr/2024:18:35:40 -0700] "GET /self.logs/error.log.2023-06-16.gz HTTP/1.1" 200 1634 "-" "Mozilla/5.0 (Linux; Android 6.0.1; Nexus 5X Build/MMB29P) AppleWebKit/537.36 (KHTML, like Gecko) Chrome/122.0.6261.94 Mobile Safari/537.36 (compatible; Googlebot/2.1; +http://www.google.com/bot.html)" 
66.249.64.108 - - [07/Apr/2024:18:36:40 -0700] "GET /self.logs/error.log.2019-03-20.gz HTTP/1.1" 200 8692 "-" "Mozilla/5.0 (Linux; Android 6.0.1; Nexus 5X Build/MMB29P) AppleWebKit/537.36 (KHTML, like Gecko) Chrome/122.0.6261.94 Mobile Safari/537.36 (compatible; Googlebot/2.1; +http://www.google.com/bot.html)" 
49.7.20.136 - - [07/Apr/2024:18:36:59 -0700] "GET / HTTP/1.1" 200 13149 "-" "Mozilla/5.0 (X11; Linux x86_64) AppleWebKit/537.36 (KHTML, like Gecko) Chrome/73.0.3683.86 Safari/537.36" 
49.7.20.104 - - [07/Apr/2024:18:37:00 -0700] "GET /css/style.css HTTP/1.1" 404 291 "http://www.secrepo.com/" "Mozilla/5.0 (X11; Linux x86_64) AppleWebKit/537.36 (KHTML, like Gecko) Chrome/73.0.3683.86 Safari/537.36" 
49.7.20.104 - - [07/Apr/2024:18:37:00 -0700] "GET /css/style.css HTTP/1.1" 404 291 "http://www.secrepo.com/" "Mozilla/5.0 (X11; Linux x86_64) AppleWebKit/537.36 (KHTML, like Gecko) Chrome/73.0.3683.86 Safari/537.36" 
49.7.20.104 - - [07/Apr/2024:18:37:01 -0700] "GET /css/style.css HTTP/1.1" 404 291 "http://www.secrepo.com/" "Mozilla/5.0 (X11; Linux x86_64) AppleWebKit/537.36 (KHTML, like Gecko) Chrome/73.0.3683.86 Safari/537.36" 
66.249.64.107 - - [07/Apr/2024:18:38:40 -0700] "GET /self.logs/access.log.2023-09-11.gz HTTP/1.1" 200 19482 "-" "Mozilla/5.0 (Linux; Android 6.0.1; Nexus 5X Build/MMB29P) AppleWebKit/537.36 (KHTML, like Gecko) Chrome/122.0.6261.94 Mobile Safari/537.36 (compatible; Googlebot/2.1; +http://www.google.com/bot.html)" 
66.249.64.107 - - [07/Apr/2024:18:39:40 -0700] "GET /self.logs/error.log.2023-04-07.gz HTTP/1.1" 200 1124 "-" "Mozilla/5.0 (Linux; Android 6.0.1; Nexus 5X Build/MMB29P) AppleWebKit/537.36 (KHTML, like Gecko) Chrome/122.0.6261.94 Mobile Safari/537.36 (compatible; Googlebot/2.1; +http://www.google.com/bot.html)" 
66.249.64.107 - - [07/Apr/2024:18:41:40 -0700] "GET /self.logs/access.log.2020-07-27.gz HTTP/1.1" 200 53929 "-" "Mozilla/5.0 (Linux; Android 6.0.1; Nexus 5X Build/MMB29P) AppleWebKit/537.36 (KHTML, like Gecko) Chrome/122.0.6261.94 Mobile Safari/537.36 (compatible; Googlebot/2.1; +http://www.google.com/bot.html)" 
66.249.64.107 - - [07/Apr/2024:18:42:41 -0700] "GET /self.logs/access.log.2019-11-27.gz HTTP/1.1" 200 92022 "-" "Mozilla/5.0 (Linux; Android 6.0.1; Nexus 5X Build/MMB29P) AppleWebKit/537.36 (KHTML, like Gecko) Chrome/122.0.6261.94 Mobile Safari/537.36 (compatible; Googlebot/2.1; +http://www.google.com/bot.html)" 
66.249.64.106 - - [07/Apr/2024:18:43:41 -0700] "GET /self.logs/error.log.2020-05-25 HTTP/1.1" 200 351 "-" "Mozilla/5.0 (Linux; Android 6.0.1; Nexus 5X Build/MMB29P) AppleWebKit/537.36 (KHTML, like Gecko) Chrome/122.0.6261.94 Mobile Safari/537.36 (compatible; Googlebot/2.1; +http://www.google.com/bot.html)" 
66.249.64.106 - - [07/Apr/2024:18:45:42 -0700] "GET /self.logs/access.log.2017-10-22.gz HTTP/1.1" 200 22277 "-" "Mozilla/5.0 (Linux; Android 6.0.1; Nexus 5X Build/MMB29P) AppleWebKit/537.36 (KHTML, like Gecko) Chrome/122.0.6261.94 Mobile Safari/537.36 (compatible; Googlebot/2.1; +http://www.google.com/bot.html)" 
66.249.64.107 - - [07/Apr/2024:18:46:42 -0700] "GET /self.logs/error.log.2021-05-25.gz HTTP/1.1" 200 965 "-" "Mozilla/5.0 (Linux; Android 6.0.1; Nexus 5X Build/MMB29P) AppleWebKit/537.36 (KHTML, like Gecko) Chrome/122.0.6261.94 Mobile Safari/537.36 (compatible; Googlebot/2.1; +http://www.google.com/bot.html)" 
66.249.64.108 - - [07/Apr/2024:18:48:42 -0700] "GET /self.logs/access.log.2022-06-08.gz HTTP/1.1" 200 13480 "-" "Mozilla/5.0 (Linux; Android 6.0.1; Nexus 5X Build/MMB29P) AppleWebKit/537.36 (KHTML, like Gecko) Chrome/122.0.6261.94 Mobile Safari/537.36 (compatible; Googlebot/2.1; +http://www.google.com/bot.html)" 
66.249.64.106 - - [07/Apr/2024:18:49:43 -0700] "GET /self.logs/error.log.2019-02-23.gz HTTP/1.1" 200 4398 "-" "Mozilla/5.0 (Linux; Android 6.0.1; Nexus 5X Build/MMB29P) AppleWebKit/537.36 (KHTML, like Gecko) Chrome/122.0.6261.94 Mobile Safari/537.36 (compatible; Googlebot/2.1; +http://www.google.com/bot.html)" 
207.46.13.168 - - [07/Apr/2024:18:51:21 -0700] "GET /self.logs/error.log.2018-06-04.gz HTTP/1.1" 200 5481 "-" "Mozilla/5.0 AppleWebKit/537.36 (KHTML, like Gecko; compatible; bingbot/2.0; +http://www.bing.com/bingbot.htm) Chrome/116.0.1938.76 Safari/537.36" 
117.20.69.169 - - [07/Apr/2024:18:51:32 -0700] "GET / HTTP/1.1" 200 13186 "-" "Mozilla/5.0 (Windows NT 10.0; Win64; x64; rv:124.0) Gecko/20100101 Firefox/124.0" 
117.20.69.169 - - [07/Apr/2024:18:51:33 -0700] "GET /css/style.css HTTP/1.1" 404 328 "http://www.secrepo.com/" "Mozilla/5.0 (Windows NT 10.0; Win64; x64; rv:124.0) Gecko/20100101 Firefox/124.0" 
117.20.69.169 - - [07/Apr/2024:18:51:37 -0700] "GET /twitter-icon.png HTTP/1.1" 200 27916 "http://www.secrepo.com/" "Mozilla/5.0 (Windows NT 10.0; Win64; x64; rv:124.0) Gecko/20100101 Firefox/124.0" 
117.20.69.169 - - [07/Apr/2024:18:51:37 -0700] "GET /GitHub-Mark.png HTTP/1.1" 200 7533 "http://www.secrepo.com/" "Mozilla/5.0 (Windows NT 10.0; Win64; x64; rv:124.0) Gecko/20100101 Firefox/124.0" 
117.20.69.169 - - [07/Apr/2024:18:51:41 -0700] "GET /bootstrap/img/favicon.ico HTTP/1.1" 200 690 "http://www.secrepo.com/" "Mozilla/5.0 (Windows NT 10.0; Win64; x64; rv:124.0) Gecko/20100101 Firefox/124.0" 
66.249.64.107 - - [07/Apr/2024:18:51:44 -0700] "GET /self.logs/error.log.2017-03-21.gz HTTP/1.1" 200 1128 "-" "Mozilla/5.0 (Linux; Android 6.0.1; Nexus 5X Build/MMB29P) AppleWebKit/537.36 (KHTML, like Gecko) Chrome/122.0.6261.94 Mobile Safari/537.36 (compatible; Googlebot/2.1; +http://www.google.com/bot.html)" 
114.119.140.107 - - [07/Apr/2024:18:51:55 -0700] "GET /self.logs/error.log.2020-07-17 HTTP/1.1" 200 351 "http://www.secrepo.com/self.logs?C=N%3BO%3DD" "Mozilla/5.0 (Linux; Android 7.0;) AppleWebKit/537.36 (KHTML, like Gecko) Mobile Safari/537.36 (compatible; PetalBot;+https://webmaster.petalsearch.com/site/petalbot)" 
66.249.64.107 - - [07/Apr/2024:18:52:44 -0700] "GET /self.logs/access.log.2017-03-26.gz HTTP/1.1" 200 14291 "-" "Mozilla/5.0 (Linux; Android 6.0.1; Nexus 5X Build/MMB29P) AppleWebKit/537.36 (KHTML, like Gecko) Chrome/122.0.6261.94 Mobile Safari/537.36 (compatible; Googlebot/2.1; +http://www.google.com/bot.html)" 
114.119.142.8 - - [07/Apr/2024:18:53:24 -0700] "GET /honeypot/?C=N%3BO%3DD HTTP/1.1" 200 782 "http://www.secrepo.com/honeypot/" "Mozilla/5.0 (Linux; Android 7.0;) AppleWebKit/537.36 (KHTML, like Gecko) Mobile Safari/537.36 (compatible; PetalBot;+https://webmaster.petalsearch.com/site/petalbot)" 
66.249.64.107 - - [07/Apr/2024:18:53:45 -0700] "GET /self.logs/access.log.2023-01-04.gz HTTP/1.1" 200 24978 "-" "Mozilla/5.0 (Linux; Android 6.0.1; Nexus 5X Build/MMB29P) AppleWebKit/537.36 (KHTML, like Gecko) Chrome/122.0.6261.94 Mobile Safari/537.36 (compatible; Googlebot/2.1; +http://www.google.com/bot.html)" 
66.249.64.107 - - [07/Apr/2024:18:55:41 -0700] "GET /self.logs/error.log.2022-03-09.gz HTTP/1.1" 200 5421 "-" "Mozilla/5.0 (Linux; Android 6.0.1; Nexus 5X Build/MMB29P) AppleWebKit/537.36 (KHTML, like Gecko) Chrome/122.0.6261.94 Mobile Safari/537.36 (compatible; Googlebot/2.1; +http://www.google.com/bot.html)" 
66.249.64.108 - - [07/Apr/2024:18:56:41 -0700] "GET /self.logs/access.log.2022-07-14.gz HTTP/1.1" 200 16273 "-" "Mozilla/5.0 (Linux; Android 6.0.1; Nexus 5X Build/MMB29P) AppleWebKit/537.36 (KHTML, like Gecko) Chrome/122.0.6261.94 Mobile Safari/537.36 (compatible; Googlebot/2.1; +http://www.google.com/bot.html)" 
66.249.64.106 - - [07/Apr/2024:18:58:41 -0700] "GET /self.logs/access.log.2023-10-04.gz HTTP/1.1" 200 12470 "-" "Mozilla/5.0 (Linux; Android 6.0.1; Nexus 5X Build/MMB29P) AppleWebKit/537.36 (KHTML, like Gecko) Chrome/122.0.6261.94 Mobile Safari/537.36 (compatible; Googlebot/2.1; +http://www.google.com/bot.html)" 
66.249.64.107 - - [07/Apr/2024:18:59:42 -0700] "GET /self.logs/access.log.2017-01-12.gz HTTP/1.1" 200 86574 "-" "Mozilla/5.0 (Linux; Android 6.0.1; Nexus 5X Build/MMB29P) AppleWebKit/537.36 (KHTML, like Gecko) Chrome/122.0.6261.94 Mobile Safari/537.36 (compatible; Googlebot/2.1; +http://www.google.com/bot.html)" 
66.249.64.106 - - [07/Apr/2024:19:01:42 -0700] "GET /self.logs/error.log.2019-02-03.gz HTTP/1.1" 200 2964 "-" "Mozilla/5.0 (Linux; Android 6.0.1; Nexus 5X Build/MMB29P) AppleWebKit/537.36 (KHTML, like Gecko) Chrome/122.0.6261.94 Mobile Safari/537.36 (compatible; Googlebot/2.1; +http://www.google.com/bot.html)" 
66.249.64.107 - - [07/Apr/2024:19:02:42 -0700] "GET /self.logs/error.log.2022-05-09.gz HTTP/1.1" 200 1712 "-" "Mozilla/5.0 (Linux; Android 6.0.1; Nexus 5X Build/MMB29P) AppleWebKit/537.36 (KHTML, like Gecko) Chrome/122.0.6261.94 Mobile Safari/537.36 (compatible; Googlebot/2.1; +http://www.google.com/bot.html)" 
216.244.66.245 - - [07/Apr/2024:19:03:41 -0700] "GET /robots.txt HTTP/1.1" 200 333 "-" "Mozilla/5.0 (compatible; DotBot/1.2; +https://opensiteexplorer.org/dotbot; help@moz.com)" 
66.249.64.107 - - [07/Apr/2024:19:04:42 -0700] "GET /self.logs/error.log.2024-03-02.gz HTTP/1.1" 200 1899 "-" "Mozilla/5.0 (Linux; Android 6.0.1; Nexus 5X Build/MMB29P) AppleWebKit/537.36 (KHTML, like Gecko) Chrome/122.0.6261.94 Mobile Safari/537.36 (compatible; Googlebot/2.1; +http://www.google.com/bot.html)" 
43.134.231.202 - - [07/Apr/2024:19:05:28 -0700] "GET /favicon.ico HTTP/1.1" 200 347 "-" "Mozilla/5.0 (Windows NT 10.0; WOW64) AppleWebKit/537.36 (KHTML, like Gecko) Chrome/94.0.4606.71 Safari/537.36 Core/1.94.223.400 QQBrowser/12.2.5536.400" 
66.249.64.107 - - [07/Apr/2024:19:05:42 -0700] "GET /self.logs/access.log.2022-05-12.gz HTTP/1.1" 200 16434 "-" "Mozilla/5.0 (Linux; Android 6.0.1; Nexus 5X Build/MMB29P) AppleWebKit/537.36 (KHTML, like Gecko) Chrome/122.0.6261.94 Mobile Safari/537.36 (compatible; Googlebot/2.1; +http://www.google.com/bot.html)" 
66.249.64.106 - - [07/Apr/2024:19:06:42 -0700] "GET /self.logs/error.log.2021-09-17.gz HTTP/1.1" 200 1185 "-" "Mozilla/5.0 (Linux; Android 6.0.1; Nexus 5X Build/MMB29P) AppleWebKit/537.36 (KHTML, like Gecko) Chrome/122.0.6261.94 Mobile Safari/537.36 (compatible; Googlebot/2.1; +http://www.google.com/bot.html)" 
66.249.64.107 - - [07/Apr/2024:19:08:43 -0700] "GET /self.logs/error.log.2024-01-15.gz HTTP/1.1" 200 3478 "-" "Mozilla/5.0 (Linux; Android 6.0.1; Nexus 5X Build/MMB29P) AppleWebKit/537.36 (KHTML, like Gecko) Chrome/122.0.6261.94 Mobile Safari/537.36 (compatible; Googlebot/2.1; +http://www.google.com/bot.html)" 
66.249.64.106 - - [07/Apr/2024:19:09:43 -0700] "GET /self.logs/access.log.2018-05-08.gz HTTP/1.1" 200 29074 "-" "Mozilla/5.0 (Linux; Android 6.0.1; Nexus 5X Build/MMB29P) AppleWebKit/537.36 (KHTML, like Gecko) Chrome/122.0.6261.94 Mobile Safari/537.36 (compatible; Googlebot/2.1; +http://www.google.com/bot.html)" 
66.249.64.107 - - [07/Apr/2024:19:11:43 -0700] "GET /self.logs/error.log.2019-03-23.gz HTTP/1.1" 200 5580 "-" "Mozilla/5.0 (Linux; Android 6.0.1; Nexus 5X Build/MMB29P) AppleWebKit/537.36 (KHTML, like Gecko) Chrome/122.0.6261.94 Mobile Safari/537.36 (compatible; Googlebot/2.1; +http://www.google.com/bot.html)" 
66.249.64.107 - - [07/Apr/2024:19:12:43 -0700] "GET /self.logs/error.log.2021-06-14.gz HTTP/1.1" 200 1984 "-" "Mozilla/5.0 (Linux; Android 6.0.1; Nexus 5X Build/MMB29P) AppleWebKit/537.36 (KHTML, like Gecko) Chrome/122.0.6261.94 Mobile Safari/537.36 (compatible; Googlebot/2.1; +http://www.google.com/bot.html)" 
66.249.64.107 - - [07/Apr/2024:19:14:43 -0700] "GET /self.logs/error.log.2020-02-15.gz HTTP/1.1" 200 875 "-" "Mozilla/5.0 (Linux; Android 6.0.1; Nexus 5X Build/MMB29P) AppleWebKit/537.36 (KHTML, like Gecko) Chrome/122.0.6261.94 Mobile Safari/537.36 (compatible; Googlebot/2.1; +http://www.google.com/bot.html)" 
66.249.64.106 - - [07/Apr/2024:19:15:43 -0700] "GET /self.logs/error.log.2017-01-19.gz HTTP/1.1" 200 938 "-" "Mozilla/5.0 (Linux; Android 6.0.1; Nexus 5X Build/MMB29P) AppleWebKit/537.36 (KHTML, like Gecko) Chrome/122.0.6261.94 Mobile Safari/537.36 (compatible; Googlebot/2.1; +http://www.google.com/bot.html)" 
114.119.140.107 - - [07/Apr/2024:19:16:39 -0700] "GET /self.logs/error.log.2020-12-05 HTTP/1.1" 200 351 "http://www.secrepo.com/self.logs?C=N%3BO%3DD" "Mozilla/5.0 (Linux; Android 7.0;) AppleWebKit/537.36 (KHTML, like Gecko) Mobile Safari/537.36 (compatible; PetalBot;+https://webmaster.petalsearch.com/site/petalbot)" 
66.249.64.106 - - [07/Apr/2024:19:16:44 -0700] "GET /self.logs/access.log.2021-04-03.gz HTTP/1.1" 200 30893 "-" "Mozilla/5.0 (Linux; Android 6.0.1; Nexus 5X Build/MMB29P) AppleWebKit/537.36 (KHTML, like Gecko) Chrome/122.0.6261.94 Mobile Safari/537.36 (compatible; Googlebot/2.1; +http://www.google.com/bot.html)" 
66.249.64.108 - - [07/Apr/2024:19:18:44 -0700] "GET /self.logs/error.log.2020-06-18 HTTP/1.1" 200 351 "-" "Mozilla/5.0 (Linux; Android 6.0.1; Nexus 5X Build/MMB29P) AppleWebKit/537.36 (KHTML, like Gecko) Chrome/122.0.6261.94 Mobile Safari/537.36 (compatible; Googlebot/2.1; +http://www.google.com/bot.html)" 
66.249.64.106 - - [07/Apr/2024:19:19:46 -0700] "GET /self.logs/error.log.2020-09-27 HTTP/1.1" 200 351 "-" "Mozilla/5.0 (Linux; Android 6.0.1; Nexus 5X Build/MMB29P) AppleWebKit/537.36 (KHTML, like Gecko) Chrome/122.0.6261.94 Mobile Safari/537.36 (compatible; Googlebot/2.1; +http://www.google.com/bot.html)" 
223.204.248.208 - - [07/Apr/2024:19:21:24 -0700] "GET / HTTP/1.1" 301 475 "-" "Mozilla/5.0 (Macintosh; Intel Mac OS X 12_5) AppleWebKit/537.36 (KHTML, like Gecko) Chrome/114.0.0.0 Safari/537.36 Edg/114.0.1264.71" 
223.204.248.208 - - [07/Apr/2024:19:21:25 -0700] "GET / HTTP/1.1" 200 13186 "-" "Mozilla/5.0 (Macintosh; Intel Mac OS X 12_5) AppleWebKit/537.36 (KHTML, like Gecko) Chrome/114.0.0.0 Safari/537.36 Edg/114.0.1264.71" 
223.204.248.208 - - [07/Apr/2024:19:21:28 -0700] "GET /ftp://download.iwlab.foi.se/dataset/ HTTP/1.1" 404 328 "http://secrepo.com" "Mozilla/5.0 (Macintosh; Intel Mac OS X 12_5) AppleWebKit/537.36 (KHTML, like Gecko) Chrome/114.0.0.0 Safari/537.36 Edg/114.0.1264.71" 
223.204.248.208 - - [07/Apr/2024:19:21:29 -0700] "GET /pe_static/apt1.zip HTTP/1.1" 200 1983439 "http://secrepo.com" "Mozilla/5.0 (Macintosh; Intel Mac OS X 12_5) AppleWebKit/537.36 (KHTML, like Gecko) Chrome/114.0.0.0 Safari/537.36 Edg/114.0.1264.71" 
66.249.64.107 - - [07/Apr/2024:19:21:46 -0700] "GET /self.logs/error.log.2023-09-25.gz HTTP/1.1" 200 4883 "-" "Mozilla/5.0 (Linux; Android 6.0.1; Nexus 5X Build/MMB29P) AppleWebKit/537.36 (KHTML, like Gecko) Chrome/122.0.6261.94 Mobile Safari/537.36 (compatible; Googlebot/2.1; +http://www.google.com/bot.html)" 
223.204.248.208 - - [07/Apr/2024:19:21:46 -0700] "GET /scada/scada_logs.zip HTTP/1.1" 200 365012 "http://secrepo.com" "Mozilla/5.0 (Macintosh; Intel Mac OS X 12_5) AppleWebKit/537.36 (KHTML, like Gecko) Chrome/114.0.0.0 Safari/537.36 Edg/114.0.1264.71" 
223.204.248.208 - - [07/Apr/2024:19:22:00 -0700] "GET /pe_static/op-cleaver.zip HTTP/1.1" 200 710176 "http://secrepo.com" "Mozilla/5.0 (Macintosh; Intel Mac OS X 12_5) AppleWebKit/537.36 (KHTML, like Gecko) Chrome/114.0.0.0 Safari/537.36 Edg/114.0.1264.71" 
223.204.248.208 - - [07/Apr/2024:19:22:06 -0700] "GET /pe_static/zeus.zip HTTP/1.1" 200 6381540 "http://secrepo.com" "Mozilla/5.0 (Macintosh; Intel Mac OS X 12_5) AppleWebKit/537.36 (KHTML, like Gecko) Chrome/114.0.0.0 Safari/537.36 Edg/114.0.1264.71" 
66.249.64.106 - - [07/Apr/2024:19:22:46 -0700] "GET /self.logs/access.log.2018-08-10.gz HTTP/1.1" 200 22985 "-" "Mozilla/5.0 (Linux; Android 6.0.1; Nexus 5X Build/MMB29P) AppleWebKit/537.36 (KHTML, like Gecko) Chrome/122.0.6261.94 Mobile Safari/537.36 (compatible; Googlebot/2.1; +http://www.google.com/bot.html)" 
66.249.64.106 - - [07/Apr/2024:19:24:55 -0700] "GET /self.logs/access.log.2022-12-25.gz HTTP/1.1" 200 9344 "-" "Mozilla/5.0 (Linux; Android 6.0.1; Nexus 5X Build/MMB29P) AppleWebKit/537.36 (KHTML, like Gecko) Chrome/122.0.6261.94 Mobile Safari/537.36 (compatible; Googlebot/2.1; +http://www.google.com/bot.html)" 
66.249.64.107 - - [07/Apr/2024:19:25:55 -0700] "GET /self.logs/access.log.2018-05-02.gz HTTP/1.1" 200 18125 "-" "Mozilla/5.0 (Linux; Android 6.0.1; Nexus 5X Build/MMB29P) AppleWebKit/537.36 (KHTML, like Gecko) Chrome/122.0.6261.94 Mobile Safari/537.36 (compatible; Googlebot/2.1; +http://www.google.com/bot.html)" 
66.249.64.108 - - [07/Apr/2024:19:26:55 -0700] "GET /self.logs/error.log.2017-09-05.gz HTTP/1.1" 200 1030 "-" "Mozilla/5.0 (Linux; Android 6.0.1; Nexus 5X Build/MMB29P) AppleWebKit/537.36 (KHTML, like Gecko) Chrome/122.0.6261.94 Mobile Safari/537.36 (compatible; Googlebot/2.1; +http://www.google.com/bot.html)" 
95.163.255.190 - - [07/Apr/2024:19:27:16 -0700] "GET /robots.txt HTTP/1.0" 200 340 "-" "Mozilla/5.0 (compatible; Linux x86_64; Mail.RU_Bot/2.0; +https://help.mail.ru/webmaster/indexing/robots)" 
95.163.255.180 - - [07/Apr/2024:19:28:05 -0700] "GET /honeypot/BSidesDFW%20-%202014.ipynb HTTP/1.1" 200 930884 "-" "Mozilla/5.0 (compatible; Linux x86_64; Mail.RU_Bot/2.0; +https://help.mail.ru/webmaster/indexing/robots)" 
66.249.64.106 - - [07/Apr/2024:19:30:12 -0700] "GET /self.logs/error.log.2022-07-10.gz HTTP/1.1" 200 12688 "-" "Mozilla/5.0 (Linux; Android 6.0.1; Nexus 5X Build/MMB29P) AppleWebKit/537.36 (KHTML, like Gecko) Chrome/122.0.6261.94 Mobile Safari/537.36 (compatible; Googlebot/2.1; +http://www.google.com/bot.html)" 
66.249.64.108 - - [07/Apr/2024:19:30:13 -0700] "GET /self.logs/access.log.2022-06-20.gz HTTP/1.1" 200 12218 "-" "Mozilla/5.0 (Linux; Android 6.0.1; Nexus 5X Build/MMB29P) AppleWebKit/537.36 (KHTML, like Gecko) Chrome/122.0.6261.94 Mobile Safari/537.36 (compatible; Googlebot/2.1; +http://www.google.com/bot.html)" 
66.249.64.106 - - [07/Apr/2024:19:31:13 -0700] "GET /self.logs/error.log.2017-07-30.gz HTTP/1.1" 200 1040 "-" "Mozilla/5.0 (Linux; Android 6.0.1; Nexus 5X Build/MMB29P) AppleWebKit/537.36 (KHTML, like Gecko) Chrome/122.0.6261.94 Mobile Safari/537.36 (compatible; Googlebot/2.1; +http://www.google.com/bot.html)" 
66.249.64.106 - - [07/Apr/2024:19:33:13 -0700] "GET /self.logs/access.log.2017-08-23.gz HTTP/1.1" 200 21207 "-" "Mozilla/5.0 (Linux; Android 6.0.1; Nexus 5X Build/MMB29P) AppleWebKit/537.36 (KHTML, like Gecko) Chrome/122.0.6261.94 Mobile Safari/537.36 (compatible; Googlebot/2.1; +http://www.google.com/bot.html)" 
66.249.64.106 - - [07/Apr/2024:19:34:16 -0700] "GET /self.logs/access.log.2020-10-23.gz HTTP/1.1" 200 13264 "-" "Mozilla/5.0 (Linux; Android 6.0.1; Nexus 5X Build/MMB29P) AppleWebKit/537.36 (KHTML, like Gecko) Chrome/122.0.6261.94 Mobile Safari/537.36 (compatible; Googlebot/2.1; +http://www.google.com/bot.html)" 
66.249.64.106 - - [07/Apr/2024:19:36:16 -0700] "GET /self.logs/error.log.2019-09-19.gz HTTP/1.1" 200 2404 "-" "Mozilla/5.0 (Linux; Android 6.0.1; Nexus 5X Build/MMB29P) AppleWebKit/537.36 (KHTML, like Gecko) Chrome/122.0.6261.94 Mobile Safari/537.36 (compatible; Googlebot/2.1; +http://www.google.com/bot.html)" 
66.249.64.107 - - [07/Apr/2024:19:37:16 -0700] "GET /self.logs/error.log.2022-12-13.gz HTTP/1.1" 200 1876 "-" "Mozilla/5.0 (Linux; Android 6.0.1; Nexus 5X Build/MMB29P) AppleWebKit/537.36 (KHTML, like Gecko) Chrome/122.0.6261.94 Mobile Safari/537.36 (compatible; Googlebot/2.1; +http://www.google.com/bot.html)" 
66.249.64.106 - - [07/Apr/2024:19:39:27 -0700] "GET /self.logs/access.log.2021-11-04.gz HTTP/1.1" 200 26778 "-" "Mozilla/5.0 (Linux; Android 6.0.1; Nexus 5X Build/MMB29P) AppleWebKit/537.36 (KHTML, like Gecko) Chrome/122.0.6261.94 Mobile Safari/537.36 (compatible; Googlebot/2.1; +http://www.google.com/bot.html)" 
65.21.237.134 - - [07/Apr/2024:19:39:57 -0700] "GET /robots.txt HTTP/1.1" 200 333 "-" "Mozilla/5.0 (compatible; SeekportBot; +https://bot.seekport.com)" 
65.21.237.134 - - [07/Apr/2024:19:39:57 -0700] "GET /robots.txt HTTP/1.1" 200 299 "-" "Mozilla/5.0 (compatible; SeekportBot; +https://bot.seekport.com)" 
65.21.237.134 - - [07/Apr/2024:19:39:58 -0700] "GET / HTTP/1.1" 200 49055 "-" "Mozilla/5.0 (compatible; SeekportBot; +https://bot.seekport.com)" 
65.21.237.134 - - [07/Apr/2024:19:39:59 -0700] "GET / HTTP/1.1" 200 49055 "http://www.secrepo.com/" "Mozilla/5.0 (compatible; SeekportBot; +https://bot.seekport.com)" 
65.21.237.134 - - [07/Apr/2024:19:40:00 -0700] "GET /data HTTP/1.1" 404 250 "http://www.secrepo.com/" "Mozilla/5.0 (compatible; SeekportBot; +https://bot.seekport.com)" 
65.21.237.134 - - [07/Apr/2024:19:40:00 -0700] "GET /Datasets%20Description/Network/dhcp.html HTTP/1.1" 200 3927 "http://www.secrepo.com/" "Mozilla/5.0 (compatible; SeekportBot; +https://bot.seekport.com)" 
65.21.237.134 - - [07/Apr/2024:19:40:02 -0700] "GET /Datasets%20Description/Network/dns.html HTTP/1.1" 200 5401 "http://www.secrepo.com/" "Mozilla/5.0 (compatible; SeekportBot; +https://bot.seekport.com)" 
65.21.237.134 - - [07/Apr/2024:19:40:03 -0700] "GET /Datasets%20Description/Network/files.html HTTP/1.1" 200 5013 "http://www.secrepo.com/" "Mozilla/5.0 (compatible; SeekportBot; +https://bot.seekport.com)" 
65.21.237.134 - - [07/Apr/2024:19:40:05 -0700] "GET /Datasets%20Description/Network/ftp.html HTTP/1.1" 200 4869 "http://www.secrepo.com/" "Mozilla/5.0 (compatible; SeekportBot; +https://bot.seekport.com)" 
65.21.237.134 - - [07/Apr/2024:19:40:06 -0700] "GET /Datasets%20Description/Network/http.html HTTP/1.1" 200 5883 "http://www.secrepo.com/" "Mozilla/5.0 (compatible; SeekportBot; +https://bot.seekport.com)" 
65.21.237.134 - - [07/Apr/2024:19:40:07 -0700] "GET /Datasets%20Description/Network/notice.html HTTP/1.1" 200 5334 "http://www.secrepo.com/" "Mozilla/5.0 (compatible; SeekportBot; +https://bot.seekport.com)" 
65.21.237.134 - - [07/Apr/2024:19:40:09 -0700] "GET /Datasets%20Description/Network/signatures.html HTTP/1.1" 404 250 "http://www.secrepo.com/" "Mozilla/5.0 (compatible; SeekportBot; +https://bot.seekport.com)" 
65.21.237.134 - - [07/Apr/2024:19:40:10 -0700] "GET /Datasets%20Description/Network/smtp.html HTTP/1.1" 200 5751 "http://www.secrepo.com/" "Mozilla/5.0 (compatible; SeekportBot; +https://bot.seekport.com)" 
65.21.237.134 - - [07/Apr/2024:19:40:11 -0700] "GET /Datasets%20Description/Network/ssh.html HTTP/1.1" 200 3874 "http://www.secrepo.com/" "Mozilla/5.0 (compatible; SeekportBot; +https://bot.seekport.com)" 
65.21.237.134 - - [07/Apr/2024:19:40:12 -0700] "GET /Datasets%20Description/Network/ssl.html HTTP/1.1" 200 5031 "http://www.secrepo.com/" "Mozilla/5.0 (compatible; SeekportBot; +https://bot.seekport.com)" 
65.21.237.134 - - [07/Apr/2024:19:40:14 -0700] "GET /Datasets%20Description/Network/tunnel.html HTTP/1.1" 200 3746 "http://www.secrepo.com/" "Mozilla/5.0 (compatible; SeekportBot; +https://bot.seekport.com)" 
65.21.237.134 - - [07/Apr/2024:19:40:15 -0700] "GET /Datasets%20Description/Network/weird.html HTTP/1.1" 200 4271 "http://www.secrepo.com/" "Mozilla/5.0 (compatible; SeekportBot; +https://bot.seekport.com)" 
65.21.237.134 - - [07/Apr/2024:19:40:16 -0700] "GET /Datasets%20Description/HTML_Bro_log_1 HTTP/1.1" 301 563 "http://www.secrepo.com/" "Mozilla/5.0 (compatible; SeekportBot; +https://bot.seekport.com)" 
65.21.237.134 - - [07/Apr/2024:19:40:18 -0700] "GET /Datasets%20Description/HTML_Bro_log_2 HTTP/1.1" 301 563 "http://www.secrepo.com/" "Mozilla/5.0 (compatible; SeekportBot; +https://bot.seekport.com)" 
65.21.237.134 - - [07/Apr/2024:19:40:19 -0700] "GET /Datasets%20Description/HTML_Bro_log_3 HTTP/1.1" 301 563 "http://www.secrepo.com/" "Mozilla/5.0 (compatible; SeekportBot; +https://bot.seekport.com)" 
65.21.237.134 - - [07/Apr/2024:19:40:21 -0700] "GET /Datasets%20Description/PE_malware/Zeus.html HTTP/1.1" 200 4572 "http://www.secrepo.com/" "Mozilla/5.0 (compatible; SeekportBot; +https://bot.seekport.com)" 
65.21.237.134 - - [07/Apr/2024:19:40:23 -0700] "GET /Datasets%20Description/PE_malware/VirusShare.html HTTP/1.1" 200 4590 "http://www.secrepo.com/" "Mozilla/5.0 (compatible; SeekportBot; +https://bot.seekport.com)" 
65.21.237.134 - - [07/Apr/2024:19:40:24 -0700] "GET /Datasets%20Description/PE_malware/OPCleaver.html HTTP/1.1" 200 4205 "http://www.secrepo.com/" "Mozilla/5.0 (compatible; SeekportBot; +https://bot.seekport.com)" 
66.249.64.106 - - [07/Apr/2024:19:40:28 -0700] "GET /self.logs/error.log.2021-05-16.gz HTTP/1.1" 200 968 "-" "Mozilla/5.0 (Linux; Android 6.0.1; Nexus 5X Build/MMB29P) AppleWebKit/537.36 (KHTML, like Gecko) Chrome/122.0.6261.94 Mobile Safari/537.36 (compatible; Googlebot/2.1; +http://www.google.com/bot.html)" 
65.21.237.134 - - [07/Apr/2024:19:40:25 -0700] "GET /self.logs/ HTTP/1.1" 200 494473 "http://www.secrepo.com/" "Mozilla/5.0 (compatible; SeekportBot; +https://bot.seekport.com)" 
65.21.237.134 - - [07/Apr/2024:19:40:34 -0700] "GET /honeypot/BSidesDFW%20-%202014.ipynb HTTP/1.1" 200 930843 "http://www.secrepo.com/" "Mozilla/5.0 (compatible; SeekportBot; +https://bot.seekport.com)" 
65.21.237.134 - - [07/Apr/2024:19:40:42 -0700] "GET /Datasets%20Description/Network/%20https:/www.sans.org/reading-room/whitepapers/detection/intrusion-detection-relationship-analysis-37352 HTTP/1.1" 404 284 "http://www.secrepo.com/Datasets%20Description/Network/dhcp.html" "Mozilla/5.0 (compatible; SeekportBot; +https://bot.seekport.com)" 
65.21.237.134 - - [07/Apr/2024:19:40:48 -0700] "GET /Datasets%20Description/Network/%20https:/www.sans.org/reading-room/whitepapers/detection/intrusion-detection-relationship-analysis-37353 HTTP/1.1" 404 284 "http://www.secrepo.com/Datasets%20Description/Network/dns.html" "Mozilla/5.0 (compatible; SeekportBot; +https://bot.seekport.com)" 
65.21.237.134 - - [07/Apr/2024:19:40:53 -0700] "GET /Datasets%20Description/Network/%20https:/www.sans.org/reading-room/whitepapers/detection/intrusion-detection-relationship-analysis-37356 HTTP/1.1" 404 284 "http://www.secrepo.com/Datasets%20Description/Network/files.html" "Mozilla/5.0 (compatible; SeekportBot; +https://bot.seekport.com)" 
65.21.237.134 - - [07/Apr/2024:19:40:58 -0700] "GET /Datasets%20Description/Network/N/A HTTP/1.1" 404 284 "http://www.secrepo.com/Datasets%20Description/Network/files.html" "Mozilla/5.0 (compatible; SeekportBot; +https://bot.seekport.com)" 
65.21.237.134 - - [07/Apr/2024:19:41:04 -0700] "GET /Datasets%20Description/Network/%20https:/www.sans.org/reading-room/whitepapers/detection/intrusion-detection-relationship-analysis-37355 HTTP/1.1" 404 284 "http://www.secrepo.com/Datasets%20Description/Network/ftp.html" "Mozilla/5.0 (compatible; SeekportBot; +https://bot.seekport.com)" 
65.21.237.134 - - [07/Apr/2024:19:41:09 -0700] "GET /Datasets%20Description/Network/%20https:/www.sans.org/reading-room/whitepapers/detection/intrusion-detection-relationship-analysis-37359 HTTP/1.1" 404 284 "http://www.secrepo.com/Datasets%20Description/Network/http.html" "Mozilla/5.0 (compatible; SeekportBot; +https://bot.seekport.com)" 
65.21.237.134 - - [07/Apr/2024:19:41:14 -0700] "GET /Datasets%20Description/Network/%20https:/www.sans.org/reading-room/whitepapers/detection/intrusion-detection-relationship-analysis-37362 HTTP/1.1" 404 284 "http://www.secrepo.com/Datasets%20Description/Network/notice.html" "Mozilla/5.0 (compatible; SeekportBot; +https://bot.seekport.com)" 
65.21.237.134 - - [07/Apr/2024:19:41:19 -0700] "GET /Datasets%20Description/Network/%20https:/www.sans.org/reading-room/whitepapers/detection/intrusion-detection-relationship-analysis-37357 HTTP/1.1" 404 284 "http://www.secrepo.com/Datasets%20Description/Network/smtp.html" "Mozilla/5.0 (compatible; SeekportBot; +https://bot.seekport.com)" 
65.21.237.134 - - [07/Apr/2024:19:41:25 -0700] "GET /Datasets%20Description/Network/%20https:/www.sans.org/reading-room/whitepapers/detection/intrusion-detection-relationship-analysis-37354 HTTP/1.1" 404 284 "http://www.secrepo.com/Datasets%20Description/Network/ssh.html" "Mozilla/5.0 (compatible; SeekportBot; +https://bot.seekport.com)" 
66.249.64.107 - - [07/Apr/2024:19:41:28 -0700] "GET /self.logs/error.log.2017-12-16.gz HTTP/1.1" 200 2096 "-" "Mozilla/5.0 (Linux; Android 6.0.1; Nexus 5X Build/MMB29P) AppleWebKit/537.36 (KHTML, like Gecko) Chrome/122.0.6261.94 Mobile Safari/537.36 (compatible; Googlebot/2.1; +http://www.google.com/bot.html)" 
65.21.237.134 - - [07/Apr/2024:19:41:30 -0700] "GET /Datasets%20Description/Network/%20https:/www.sans.org/reading-room/whitepapers/detection/intrusion-detection-relationship-analysis-37361 HTTP/1.1" 404 284 "http://www.secrepo.com/Datasets%20Description/Network/ssl.html" "Mozilla/5.0 (compatible; SeekportBot; +https://bot.seekport.com)" 
65.21.237.134 - - [07/Apr/2024:19:41:35 -0700] "GET /Datasets%20Description/Network/%20https:/www.sans.org/reading-room/whitepapers/detection/intrusion-detection-relationship-analysis-37360 HTTP/1.1" 404 284 "http://www.secrepo.com/Datasets%20Description/Network/tunnel.html" "Mozilla/5.0 (compatible; SeekportBot; +https://bot.seekport.com)" 
65.21.237.134 - - [07/Apr/2024:19:41:41 -0700] "GET /Datasets%20Description/Network/%20https:/www.sans.org/reading-room/whitepapers/detection/intrusion-detection-relationship-analysis-37358 HTTP/1.1" 404 284 "http://www.secrepo.com/Datasets%20Description/Network/weird.html" "Mozilla/5.0 (compatible; SeekportBot; +https://bot.seekport.com)" 
65.21.237.134 - - [07/Apr/2024:19:41:46 -0700] "GET /Datasets%20Description/HTML_Bro_log_1/ HTTP/1.1" 200 1897 "http://www.secrepo.com/Datasets%20Description/HTML_Bro_log_1" "Mozilla/5.0 (compatible; SeekportBot; +https://bot.seekport.com)" 
65.21.237.134 - - [07/Apr/2024:19:41:51 -0700] "GET /Datasets%20Description/HTML_Bro_log_2/ HTTP/1.1" 200 1897 "http://www.secrepo.com/Datasets%20Description/HTML_Bro_log_2" "Mozilla/5.0 (compatible; SeekportBot; +https://bot.seekport.com)" 
65.21.237.134 - - [07/Apr/2024:19:41:54 -0700] "GET /Datasets%20Description/HTML_Bro_log_3/ HTTP/1.1" 200 1785 "http://www.secrepo.com/Datasets%20Description/HTML_Bro_log_3" "Mozilla/5.0 (compatible; SeekportBot; +https://bot.seekport.com)" 
65.21.237.134 - - [07/Apr/2024:19:41:56 -0700] "GET /Datasets%20Description/PE_malware/%20http:/delivery.acm.org HTTP/1.1" 404 250 "http://www.secrepo.com/Datasets%20Description/PE_malware/Zeus.html" "Mozilla/5.0 (compatible; SeekportBot; +https://bot.seekport.com)" 
65.21.237.134 - - [07/Apr/2024:19:41:57 -0700] "GET /Datasets%20Description/PE_malware/%20https:/cyber.bgu.ac.il/wp-content/uploads/2017/10/07346821.pdf%20 HTTP/1.1" 404 250 "http://www.secrepo.com/Datasets%20Description/PE_malware/VirusShare.html" "Mozilla/5.0 (compatible; SeekportBot; +https://bot.seekport.com)" 
65.21.237.134 - - [07/Apr/2024:19:41:58 -0700] "GET /Datasets%20Description/PE_malware/%20http:/cylance.com/content/dam/cylance/pages/operation-cleaver/Cylance_Operation_Cleaver_Report.pdf%20 HTTP/1.1" 404 250 "http://www.secrepo.com/Datasets%20Description/PE_malware/OPCleaver.html" "Mozilla/5.0 (compatible; SeekportBot; +https://bot.seekport.com)" 
65.21.237.134 - - [07/Apr/2024:19:41:59 -0700] "GET /self.logs/?C=N;O=D HTTP/1.1" 200 494473 "http://www.secrepo.com/self.logs/" "Mozilla/5.0 (compatible; SeekportBot; +https://bot.seekport.com)" 
