207.46.13.122 - - [11/May/2019:08:11:21 -0700] "GET /self.logs/error.log.2019-04-06.gz HTTP/1.1" 200 6548 "-" "Mozilla/5.0 (compatible; bingbot/2.0; +http://www.bing.com/bingbot.htm)" 
49.206.7.241 - - [11/May/2019:08:11:20 -0700] "GET /tg/a.zip HTTP/1.1" 200 8938120 "http://www.secrepo.com/" "Mozilla/5.0 (Windows NT 6.1; Win64; x64) AppleWebKit/537.36 (KHTML, like Gecko) Chrome/74.0.3729.131 Safari/537.36" 
207.46.13.19 - - [11/May/2019:08:13:09 -0700] "GET /robots.txt HTTP/1.1" 200 334 "-" "Mozilla/5.0 (compatible; bingbot/2.0; +http://www.bing.com/bingbot.htm)" 
162.210.196.130 - - [11/May/2019:08:20:49 -0700] "GET /robots.txt HTTP/1.1" 200 289 "-" "Mozilla/5.0 (compatible; MJ12bot/v1.4.8; http://mj12bot.com/)" 
162.210.196.130 - - [11/May/2019:08:20:54 -0700] "GET / HTTP/1.1" 200 46368 "-" "Mozilla/5.0 (compatible; MJ12bot/v1.4.8; http://mj12bot.com/)" 
41.223.160.131 - - [11/May/2019:08:24:28 -0700] "GET /tg/tg_snort_fast.7z HTTP/1.1" 304 131 "-" "Mozilla/5.0 Gecko/20100115 Firefox/3.6" 
41.223.160.131 - - [11/May/2019:08:24:53 -0700] "GET /maccdc2012/dns.log.gz HTTP/1.1" 304 154 "-" "Mozilla/5.0 Gecko/20100115 Firefox/3.6" 
40.77.167.195 - - [11/May/2019:08:28:05 -0700] "GET /self.logs/2016/access.log.2016-06-19.gz HTTP/1.1" 200 5854 "-" "Mozilla/5.0 (compatible; bingbot/2.0; +http://www.bing.com/bingbot.htm)" 
207.46.13.19 - - [11/May/2019:08:32:23 -0700] "GET /self.logs/access.log.2017-06-22.gz HTTP/1.1" 200 28956 "-" "Mozilla/5.0 (compatible; bingbot/2.0; +http://www.bing.com/bingbot.htm)" 
108.59.8.80 - - [11/May/2019:08:40:20 -0700] "GET /robots.txt HTTP/1.1" 301 518 "-" "Mozilla/5.0 (compatible; MJ12bot/v1.4.8; http://mj12bot.com/)" 
108.59.8.80 - - [11/May/2019:08:40:21 -0700] "GET /robots.txt HTTP/1.1" 200 289 "-" "Mozilla/5.0 (compatible; MJ12bot/v1.4.8; http://mj12bot.com/)" 
108.59.8.80 - - [11/May/2019:08:40:24 -0700] "GET / HTTP/1.1" 301 442 "-" "Mozilla/5.0 (compatible; MJ12bot/v1.4.8; http://mj12bot.com/)" 
108.59.8.80 - - [11/May/2019:08:40:28 -0700] "GET / HTTP/1.1" 200 46368 "-" "Mozilla/5.0 (compatible; MJ12bot/v1.4.8; http://mj12bot.com/)" 
209.15.209.89 - - [11/May/2019:08:42:36 -0700] "HEAD / HTTP/1.1" 200 239 "-" "-" 
112.206.30.172 - - [11/May/2019:08:42:37 -0700] "GET / HTTP/1.1" 200 12511 "https://www.researchgate.net/" "Mozilla/5.0 (Windows NT 6.3; Win64; x64; rv:66.0) Gecko/20100101 Firefox/66.0" 
112.206.30.172 - - [11/May/2019:08:42:38 -0700] "GET /twitter-icon.png HTTP/1.1" 200 27787 "http://www.secrepo.com/" "Mozilla/5.0 (Windows NT 6.3; Win64; x64; rv:66.0) Gecko/20100101 Firefox/66.0" 
112.206.30.172 - - [11/May/2019:08:42:38 -0700] "GET /GitHub-Mark.png HTTP/1.1" 200 7428 "http://www.secrepo.com/" "Mozilla/5.0 (Windows NT 6.3; Win64; x64; rv:66.0) Gecko/20100101 Firefox/66.0" 
112.206.30.172 - - [11/May/2019:08:42:38 -0700] "GET /bootstrap/img/favicon.ico HTTP/1.1" 200 589 "-" "Mozilla/5.0 (Windows NT 6.3; Win64; x64; rv:66.0) Gecko/20100101 Firefox/66.0" 
156.205.203.225 - - [11/May/2019:08:43:14 -0700] "GET /wp-login.php HTTP/1.1" 418 732 "-" "Mozilla/5.0 (Windows NT 6.1; WOW64; rv:40.0) Gecko/20100101 Firefox/40.1" 
156.205.203.225 - - [11/May/2019:08:43:15 -0700] "GET / HTTP/1.1" 418 732 "-" "Mozilla/5.0 (Windows NT 6.1; WOW64; rv:40.0) Gecko/20100101 Firefox/40.1" 
112.206.30.172 - - [11/May/2019:08:44:51 -0700] "GET /Security-Data-Analysis/Lab_2/http.log.zip HTTP/1.1" 200 1426647 "-" "Mozilla/5.0 (Windows NT 6.3; Win64; x64; rv:66.0) Gecko/20100101 Firefox/66.0" 
114.249.19.33 - - [11/May/2019:08:48:56 -0700] "GET / HTTP/1.1" 200 12511 "-" "Mozilla/5.0 (Windows NT 10.0; Win64; x64) AppleWebKit/537.36 (KHTML, like Gecko) Chrome/72.0.3626.121 Safari/537.36" 
114.249.19.33 - - [11/May/2019:08:48:56 -0700] "GET /twitter-icon.png HTTP/1.1" 200 27787 "http://www.secrepo.com/" "Mozilla/5.0 (Windows NT 10.0; Win64; x64) AppleWebKit/537.36 (KHTML, like Gecko) Chrome/72.0.3626.121 Safari/537.36" 
114.249.19.33 - - [11/May/2019:08:48:57 -0700] "GET /GitHub-Mark.png HTTP/1.1" 200 7428 "http://www.secrepo.com/" "Mozilla/5.0 (Windows NT 10.0; Win64; x64) AppleWebKit/537.36 (KHTML, like Gecko) Chrome/72.0.3626.121 Safari/537.36" 
42.236.99.230 - - [11/May/2019:08:52:02 -0700] "GET /self.logs/access.log.2017-11-21.gz HTTP/1.1" 200 43068 "http://www.secrepo.com/self.logs/access.log.2017-11-21.gz" "Mozilla/5.0 (Windows NT 6.1; WOW64) AppleWebKit/537.36 (KHTML, like Gecko) Chrome/50.0.2661.102 Safari/537.36; 360Spider" 
162.210.196.100 - - [11/May/2019:08:52:13 -0700] "GET /robots.txt HTTP/1.1" 200 289 "-" "Mozilla/5.0 (compatible; MJ12bot/v1.4.8; http://mj12bot.com/)" 
162.210.196.100 - - [11/May/2019:08:52:14 -0700] "GET / HTTP/1.1" 200 46368 "-" "Mozilla/5.0 (compatible; MJ12bot/v1.4.8; http://mj12bot.com/)" 
61.150.43.52 - - [11/May/2019:08:52:43 -0700] "GET /favicon.ico HTTP/1.1" 200 268 "-" "Mozilla/5.0 (Windows NT 10.0; WOW64) AppleWebKit/537.36 (KHTML, like Gecko) Chrome/49.0.2623.221 Safari/537.36 SE 2.X MetaSr 1.0" 
157.55.39.150 - - [11/May/2019:08:53:01 -0700] "GET /self.logs/2015/error.log.2015-03-31.gz HTTP/1.1" 200 1214 "-" "Mozilla/5.0 (compatible; bingbot/2.0; +http://www.bing.com/bingbot.htm)" 
207.46.13.122 - - [11/May/2019:08:56:36 -0700] "GET /self.logs/2015/error.log.2015-01-29.gz HTTP/1.1" 200 1497 "-" "Mozilla/5.0 (compatible; bingbot/2.0; +http://www.bing.com/bingbot.htm)" 
207.46.13.19 - - [11/May/2019:08:58:33 -0700] "GET /self.logs/access.log.2018-08-19.gz HTTP/1.1" 200 17530 "-" "Mozilla/5.0 (compatible; bingbot/2.0; +http://www.bing.com/bingbot.htm)" 
207.46.13.122 - - [11/May/2019:08:59:40 -0700] "GET /self.logs/access.log.2018-11-10.gz HTTP/1.1" 200 20759 "-" "Mozilla/5.0 (compatible; bingbot/2.0; +http://www.bing.com/bingbot.htm)" 
207.46.13.122 - - [11/May/2019:09:00:01 -0700] "GET /self.logs/2015/error.log.2015-04-26.gz HTTP/1.1" 200 880 "-" "Mozilla/5.0 (compatible; bingbot/2.0; +http://www.bing.com/bingbot.htm)" 
157.55.39.150 - - [11/May/2019:09:02:52 -0700] "GET /self.logs/error.log.2017-03-02.gz HTTP/1.1" 200 1008 "-" "Mozilla/5.0 (compatible; bingbot/2.0; +http://www.bing.com/bingbot.htm)" 
157.55.39.150 - - [11/May/2019:09:03:23 -0700] "GET /self.logs/access.log.2019-02-17.gz HTTP/1.1" 200 21022 "-" "Mozilla/5.0 (compatible; bingbot/2.0; +http://www.bing.com/bingbot.htm)" 
123.125.67.224 - - [11/May/2019:09:07:46 -0700] "GET /robots.txt HTTP/1.1" 200 297 "-" "Mozilla/5.0 (Windows NT 10.0; WOW64) AppleWebKit/537.36 (KHTML, like Gecko) Chrome/45.0.2454.93 Safari/537.36" 
220.181.108.161 - - [11/May/2019:09:07:50 -0700] "GET /robots.txt HTTP/1.1" 200 297 "-" "Mozilla/5.0 (compatible; Baiduspider/2.0; +http://www.baidu.com/search/spider.html)" 
123.125.67.228 - - [11/May/2019:09:07:52 -0700] "GET /robots.txt HTTP/1.1" 200 297 "-" "Mozilla/5.0 (Windows NT 10.0; WOW64) AppleWebKit/537.36 (KHTML, like Gecko) Chrome/45.0.2454.93 Safari/537.36" 
113.171.224.176 - - [11/May/2019:09:10:33 -0700] "GET /honeypot/Honeypot%20-%20Howto.pdf HTTP/1.1" 200 61320 "-" "Mozilla/5.0 Gecko/20100115 Firefox/3.6" 
49.206.7.241 - - [11/May/2019:09:12:29 -0700] "GET / HTTP/1.1" 304 189 "-" "Mozilla/5.0 (Windows NT 6.1; Win64; x64) AppleWebKit/537.36 (KHTML, like Gecko) Chrome/74.0.3729.131 Safari/537.36" 
220.181.108.86 - - [11/May/2019:09:09:28 -0700] "GET /tg/a.zip HTTP/1.1" 200 4105520 "-" "Mozilla/5.0 (compatible; Baiduspider/2.0; +http://www.baidu.com/search/spider.html)" 
220.181.108.92 - - [11/May/2019:09:10:27 -0700] "GET /tg/a.zip HTTP/1.1" 200 5442880 "-" "Mozilla/5.0 (compatible; Baiduspider/2.0; +http://www.baidu.com/search/spider.html)" 
92.86.30.102 - - [11/May/2019:09:18:56 -0700] "GET /wp-login.php HTTP/1.1" 418 732 "-" "Mozilla/5.0 (Windows NT 6.1; WOW64; rv:40.0) Gecko/20100101 Firefox/40.1" 
92.86.30.102 - - [11/May/2019:09:18:56 -0700] "GET / HTTP/1.1" 418 732 "-" "Mozilla/5.0 (Windows NT 6.1; WOW64; rv:40.0) Gecko/20100101 Firefox/40.1" 
207.46.13.23 - - [11/May/2019:09:22:08 -0700] "GET /self.logs/error.log.2019-04-05.gz HTTP/1.1" 200 13332 "-" "Mozilla/5.0 (compatible; bingbot/2.0; +http://www.bing.com/bingbot.htm)" 
123.125.67.224 - - [11/May/2019:09:27:45 -0700] "GET /robots.txt HTTP/1.1" 301 465 "-" "Mozilla/5.0 (Windows NT 10.0; WOW64) AppleWebKit/537.36 (KHTML, like Gecko) Chrome/45.0.2454.93 Safari/537.36" 
123.125.67.226 - - [11/May/2019:09:27:47 -0700] "GET /robots.txt HTTP/1.1" 200 297 "-" "Mozilla/5.0 (Windows NT 10.0; WOW64) AppleWebKit/537.36 (KHTML, like Gecko) Chrome/45.0.2454.93 Safari/537.36" 
209.15.209.89 - - [11/May/2019:09:29:57 -0700] "HEAD / HTTP/1.1" 200 239 "-" "-" 
218.173.152.39 - - [11/May/2019:09:29:58 -0700] "GET / HTTP/1.1" 200 12511 "https://www.researchgate.net/" "Mozilla/5.0 (Windows NT 10.0; Win64; x64) AppleWebKit/537.36 (KHTML, like Gecko) Chrome/74.0.3729.131 Safari/537.36" 
218.173.152.39 - - [11/May/2019:09:29:58 -0700] "GET /twitter-icon.png HTTP/1.1" 200 27787 "http://www.secrepo.com/" "Mozilla/5.0 (Windows NT 10.0; Win64; x64) AppleWebKit/537.36 (KHTML, like Gecko) Chrome/74.0.3729.131 Safari/537.36" 
218.173.152.39 - - [11/May/2019:09:29:58 -0700] "GET /GitHub-Mark.png HTTP/1.1" 200 7428 "http://www.secrepo.com/" "Mozilla/5.0 (Windows NT 10.0; Win64; x64) AppleWebKit/537.36 (KHTML, like Gecko) Chrome/74.0.3729.131 Safari/537.36" 
218.173.152.39 - - [11/May/2019:09:30:00 -0700] "GET /bootstrap/img/favicon.ico HTTP/1.1" 200 590 "http://www.secrepo.com/" "Mozilla/5.0 (Windows NT 10.0; Win64; x64) AppleWebKit/537.36 (KHTML, like Gecko) Chrome/74.0.3729.131 Safari/537.36" 
207.46.13.122 - - [11/May/2019:09:31:32 -0700] "GET /self.logs/error.log.2018-06-26.gz HTTP/1.1" 200 4803 "-" "Mozilla/5.0 (compatible; bingbot/2.0; +http://www.bing.com/bingbot.htm)" 
95.163.255.59 - - [11/May/2019:09:31:48 -0700] "GET /robots.txt HTTP/1.0" 200 252 "-" "Mozilla/5.0 (compatible; Linux x86_64; Mail.RU_Bot/2.0; +http://go.mail.ru/help/robots)" 
95.163.255.56 - - [11/May/2019:09:31:49 -0700] "GET /self.logs/?C=N;O=D HTTP/1.1" 200 16386 "-" "Mozilla/5.0 (compatible; Linux x86_64; Mail.RU_Bot/2.0; +http://go.mail.ru/help/robots)" 
37.235.67.178 - - [11/May/2019:09:32:06 -0700] "GET /honeypot/Honeypot%20-%20Howto.pdf HTTP/1.1" 200 1279362 "http://www.secrepo.com/" "Mozilla/5.0 (Macintosh; Intel Mac OS X 10_12_6) AppleWebKit/537.36 (KHTML, like Gecko) Chrome/67.0.3396.79 Safari/537.36" 
123.125.67.227 - - [11/May/2019:09:36:14 -0700] "GET /robots.txt HTTP/1.1" 301 465 "-" "Mozilla/5.0 (Windows NT 10.0; WOW64) AppleWebKit/537.36 (KHTML, like Gecko) Chrome/45.0.2454.93 Safari/537.36" 
123.125.67.222 - - [11/May/2019:09:36:15 -0700] "GET /robots.txt HTTP/1.1" 200 297 "-" "Mozilla/5.0 (Windows NT 10.0; WOW64) AppleWebKit/537.36 (KHTML, like Gecko) Chrome/45.0.2454.93 Safari/537.36" 
104.144.20.150 - - [11/May/2019:09:36:22 -0700] "GET / HTTP/1.1" 200 12455 "http://www.secrepo.com/" "Mozilla/5.0 (Macintosh; Intel Mac OS X 10_13_3) AppleWebKit/537.36 (KHTML, like Gecko) Chrome/67.0.3396.79 Safari/537.36" 
114.249.19.33 - - [11/May/2019:09:29:06 -0700] "GET /maccdc2012/dns.log.gz HTTP/1.1" 200 6629420 "-" "Mozilla/5.0 (Windows NT 10.0; Win64; x64) AppleWebKit/537.36 (KHTML, like Gecko) Chrome/72.0.3626.121 Safari/537.36" 
49.206.7.241 - - [11/May/2019:09:39:51 -0700] "GET / HTTP/1.1" 304 189 "-" "Mozilla/5.0 (Windows NT 6.1; Win64; x64) AppleWebKit/537.36 (KHTML, like Gecko) Chrome/74.0.3729.131 Safari/537.36" 
123.125.67.158 - - [11/May/2019:09:40:53 -0700] "GET /robots.txt HTTP/1.1" 301 465 "-" "Mozilla/5.0 (Windows NT 10.0; WOW64) AppleWebKit/537.36 (KHTML, like Gecko) Chrome/45.0.2454.93 Safari/537.36" 
123.125.67.226 - - [11/May/2019:09:40:53 -0700] "GET /robots.txt HTTP/1.1" 200 297 "-" "Mozilla/5.0 (Windows NT 10.0; WOW64) AppleWebKit/537.36 (KHTML, like Gecko) Chrome/45.0.2454.93 Safari/537.36" 
218.161.91.110 - - [11/May/2019:09:48:07 -0700] "GET / HTTP/1.1" 200 12511 "https://buzzorange.com/techorange/2017/01/23/cyber-security-and-deep-learning-resources/" "Mozilla/5.0 (iPhone; CPU iPhone OS 12_2 like Mac OS X) AppleWebKit/605.1.15 (KHTML, like Gecko) Version/12.1 Mobile/15E148 Safari/604.1" 
218.161.91.110 - - [11/May/2019:09:48:08 -0700] "GET /twitter-icon.png HTTP/1.1" 200 27787 "http://www.secrepo.com/" "Mozilla/5.0 (iPhone; CPU iPhone OS 12_2 like Mac OS X) AppleWebKit/605.1.15 (KHTML, like Gecko) Version/12.1 Mobile/15E148 Safari/604.1" 
218.161.91.110 - - [11/May/2019:09:48:08 -0700] "GET /GitHub-Mark.png HTTP/1.1" 200 7428 "http://www.secrepo.com/" "Mozilla/5.0 (iPhone; CPU iPhone OS 12_2 like Mac OS X) AppleWebKit/605.1.15 (KHTML, like Gecko) Version/12.1 Mobile/15E148 Safari/604.1" 
218.161.91.110 - - [11/May/2019:09:48:11 -0700] "GET /bootstrap/img/favicon.ico HTTP/1.1" 200 590 "http://www.secrepo.com/" "Mozilla/5.0 (iPhone; CPU iPhone OS 12_2 like Mac OS X) AppleWebKit/605.1.15 (KHTML, like Gecko) Version/12.1 Mobile/15E148 Safari/604.1" 
157.55.39.150 - - [11/May/2019:09:55:37 -0700] "GET /self.logs/error.log.2018-07-21.gz HTTP/1.1" 200 5950 "-" "Mozilla/5.0 (compatible; bingbot/2.0; +http://www.bing.com/bingbot.htm)" 
207.46.13.23 - - [11/May/2019:09:58:16 -0700] "GET /self.logs/error.log.2018-11-03.gz HTTP/1.1" 200 7240 "-" "Mozilla/5.0 (compatible; bingbot/2.0; +http://www.bing.com/bingbot.htm)" 
207.46.13.19 - - [11/May/2019:09:59:26 -0700] "GET /self.logs/access.log.2019-03-11.gz HTTP/1.1" 200 41579 "-" "Mozilla/5.0 (compatible; bingbot/2.0; +http://www.bing.com/bingbot.htm)" 
207.46.13.122 - - [11/May/2019:09:59:44 -0700] "GET /maccdc2012/tunnel.log.gz HTTP/1.1" 200 5229 "-" "Mozilla/5.0 (compatible; bingbot/2.0; +http://www.bing.com/bingbot.htm)" 
207.46.13.23 - - [11/May/2019:10:00:27 -0700] "GET /self.logs/access.log.2018-09-10.gz HTTP/1.1" 200 38923 "-" "Mozilla/5.0 (compatible; bingbot/2.0; +http://www.bing.com/bingbot.htm)" 
207.46.13.19 - - [11/May/2019:10:02:06 -0700] "GET /self.logs/2016/access.log.2016-09-24.gz HTTP/1.1" 200 5531 "-" "Mozilla/5.0 (compatible; bingbot/2.0; +http://www.bing.com/bingbot.htm)" 
207.46.13.23 - - [11/May/2019:10:04:47 -0700] "GET / HTTP/1.1" 301 483 "-" "Mozilla/5.0 (compatible; bingbot/2.0; +http://www.bing.com/bingbot.htm)" 
207.46.13.23 - - [11/May/2019:10:07:39 -0700] "GET / HTTP/1.1" 200 12511 "-" "Mozilla/5.0 (compatible; bingbot/2.0; +http://www.bing.com/bingbot.htm)" 
207.46.13.23 - - [11/May/2019:10:10:30 -0700] "GET /self.logs/error.log.2018-06-17.gz HTTP/1.1" 200 6113 "-" "Mozilla/5.0 (compatible; bingbot/2.0; +http://www.bing.com/bingbot.htm)" 
113.171.224.176 - - [11/May/2019:10:11:13 -0700] "GET /honeypot/Honeypot%20-%20Howto.pdf HTTP/1.1" 200 61320 "-" "Mozilla/5.0 Gecko/20100115 Firefox/3.6" 
117.136.61.45 - - [11/May/2019:10:11:39 -0700] "GET /favicon.ico HTTP/1.1" 200 268 "-" "Dalvik/2.1.0 (Linux; U; Android 9; EML-AL00 Build/HUAWEIEML-AL00)" 
111.206.36.17 - - [11/May/2019:10:13:13 -0700] "GET / HTTP/1.1" 200 12511 "http://www.baidu.com/s?wd=harder53j" "Mozilla/5.0 (Windows NT 6.1; WOW64; rv:43.0) Gecko/20100101 Firefox/43.0" 
157.55.39.150 - - [11/May/2019:10:14:46 -0700] "GET /self.logs/access.log.2017-03-27.gz HTTP/1.1" 200 15624 "-" "Mozilla/5.0 (compatible; bingbot/2.0; +http://www.bing.com/bingbot.htm)" 
207.46.13.19 - - [11/May/2019:10:17:13 -0700] "GET /self.logs/2016/error.log.2016-09-22.gz HTTP/1.1" 200 647 "-" "Mozilla/5.0 (compatible; bingbot/2.0; +http://www.bing.com/bingbot.htm)" 
123.125.67.157 - - [11/May/2019:10:18:05 -0700] "GET /robots.txt HTTP/1.1" 200 297 "-" "Mozilla/5.0 (Windows NT 10.0; WOW64) AppleWebKit/537.36 (KHTML, like Gecko) Chrome/45.0.2454.93 Safari/537.36" 
123.125.67.157 - - [11/May/2019:10:18:06 -0700] "GET /robots.txt HTTP/1.1" 200 297 "-" "Mozilla/5.0 (Windows NT 10.0; WOW64) AppleWebKit/537.36 (KHTML, like Gecko) Chrome/45.0.2454.93 Safari/537.36" 
123.125.71.116 - - [11/May/2019:10:18:08 -0700] "GET /robots.txt HTTP/1.1" 200 297 "-" "Mozilla/5.0 (compatible; Baiduspider/2.0; +http://www.baidu.com/search/spider.html)" 
220.181.108.166 - - [11/May/2019:10:20:58 -0700] "GET / HTTP/1.1" 301 446 "-" "Mozilla/5.0 (compatible; Baiduspider/2.0; +http://www.baidu.com/search/spider.html)" 
123.125.71.114 - - [11/May/2019:10:20:59 -0700] "GET / HTTP/1.1" 200 12474 "-" "Mozilla/5.0 (compatible; Baiduspider/2.0; +http://www.baidu.com/search/spider.html)" 
157.55.39.150 - - [11/May/2019:10:22:59 -0700] "GET /self.logs/access.log.2017-09-10.gz HTTP/1.1" 304 189 "-" "Mozilla/5.0 (compatible; bingbot/2.0; +http://www.bing.com/bingbot.htm)" 
36.110.199.34 - - [11/May/2019:10:25:18 -0700] "GET /twitter-icon.png HTTP/1.1" 301 456 "-" "Mozilla/5.0 (Windows NT 6.1; WOW64; rv:43.0) Gecko/20100101 Firefox/43.0" 
36.110.199.25 - - [11/May/2019:10:25:19 -0700] "GET /twitter-icon.png HTTP/1.1" 200 27732 "-" "Mozilla/5.0 (Windows NT 6.1; WOW64; rv:43.0) Gecko/20100101 Firefox/43.0" 
36.110.199.176 - - [11/May/2019:10:25:21 -0700] "GET /GitHub-Mark.png HTTP/1.1" 301 456 "-" "Mozilla/5.0 (Windows NT 6.1; WOW64; rv:43.0) Gecko/20100101 Firefox/43.0" 
36.110.199.22 - - [11/May/2019:10:25:22 -0700] "GET /GitHub-Mark.png HTTP/1.1" 200 7372 "-" "Mozilla/5.0 (Windows NT 6.1; WOW64; rv:43.0) Gecko/20100101 Firefox/43.0" 
78.135.2.3 - - [11/May/2019:10:27:06 -0700] "GET /wp-login.php HTTP/1.1" 418 732 "-" "Mozilla/5.0 (Windows NT 6.1; WOW64; rv:40.0) Gecko/20100101 Firefox/40.1" 
78.135.2.3 - - [11/May/2019:10:27:06 -0700] "GET / HTTP/1.1" 418 732 "-" "Mozilla/5.0 (Windows NT 6.1; WOW64; rv:40.0) Gecko/20100101 Firefox/40.1" 
207.46.13.19 - - [11/May/2019:10:34:17 -0700] "GET /Datasets%20Description/Network/notice.html HTTP/1.1" 200 1544 "-" "Mozilla/5.0 (compatible; bingbot/2.0; +http://www.bing.com/bingbot.htm)" 
222.18.1.195 - - [11/May/2019:10:36:32 -0700] "GET / HTTP/1.1" 200 12511 "-" "Mozilla/5.0 (Windows NT 10.0; Win64; x64) AppleWebKit/537.36 (KHTML, like Gecko) Chrome/74.0.3729.131 Safari/537.36" 
222.18.1.195 - - [11/May/2019:10:36:33 -0700] "GET /twitter-icon.png HTTP/1.1" 200 27787 "http://www.secrepo.com/" "Mozilla/5.0 (Windows NT 10.0; Win64; x64) AppleWebKit/537.36 (KHTML, like Gecko) Chrome/74.0.3729.131 Safari/537.36" 
222.18.1.195 - - [11/May/2019:10:36:33 -0700] "GET /GitHub-Mark.png HTTP/1.1" 200 7428 "http://www.secrepo.com/" "Mozilla/5.0 (Windows NT 10.0; Win64; x64) AppleWebKit/537.36 (KHTML, like Gecko) Chrome/74.0.3729.131 Safari/537.36" 
222.18.1.195 - - [11/May/2019:10:36:37 -0700] "GET /bootstrap/img/favicon.ico HTTP/1.1" 200 590 "http://www.secrepo.com/" "Mozilla/5.0 (Windows NT 10.0; Win64; x64) AppleWebKit/537.36 (KHTML, like Gecko) Chrome/74.0.3729.131 Safari/537.36" 
107.175.70.204 - - [11/May/2019:10:38:34 -0700] "GET /honeypot/Honeypot%20-%20Howto.pdf HTTP/1.0" 200 1279381 "http://www.secrepo.com/" "Mozilla/5.0 (Macintosh; Intel Mac OS X 10_13_2) AppleWebKit/537.36 (KHTML, like Gecko) Chrome/63.0.3239.84 Safari/62BFE7" 
100.43.90.103 - - [11/May/2019:10:39:30 -0700] "GET /robots.txt HTTP/1.1" 200 289 "-" "Mozilla/5.0 (compatible; YandexBot/3.0; +http://yandex.com/bots)" 
100.43.90.103 - - [11/May/2019:10:39:34 -0700] "GET /Datasets%20Description/HTML_Bro_log_2/conn.html HTTP/1.1" 200 1900 "-" "Mozilla/5.0 (compatible; YandexBot/3.0; +http://yandex.com/bots)" 
157.55.39.150 - - [11/May/2019:10:39:47 -0700] "GET /self.logs/access.log.2017-03-29.gz HTTP/1.1" 200 15473 "-" "Mozilla/5.0 (compatible; bingbot/2.0; +http://www.bing.com/bingbot.htm)" 
207.46.13.23 - - [11/May/2019:10:44:31 -0700] "GET /self.logs/2015/error.log.2015-05-08.gz HTTP/1.1" 200 1110 "-" "Mozilla/5.0 (compatible; bingbot/2.0; +http://www.bing.com/bingbot.htm)" 
103.253.171.228 - - [11/May/2019:10:44:57 -0700] "GET / HTTP/1.1" 200 12511 "-" "Mozilla/5.0 (Windows NT 10.0; Win64; x64) AppleWebKit/537.36 (KHTML, like Gecko) Chrome/73.0.3683.86 Safari/537.36" 
103.253.171.228 - - [11/May/2019:10:44:57 -0700] "GET /twitter-icon.png HTTP/1.1" 200 27787 "http://www.secrepo.com/" "Mozilla/5.0 (Windows NT 10.0; Win64; x64) AppleWebKit/537.36 (KHTML, like Gecko) Chrome/73.0.3683.86 Safari/537.36" 
103.253.171.228 - - [11/May/2019:10:44:57 -0700] "GET /GitHub-Mark.png HTTP/1.1" 200 7428 "http://www.secrepo.com/" "Mozilla/5.0 (Windows NT 10.0; Win64; x64) AppleWebKit/537.36 (KHTML, like Gecko) Chrome/73.0.3683.86 Safari/537.36" 
103.253.171.228 - - [11/May/2019:10:44:59 -0700] "GET /bootstrap/img/favicon.ico HTTP/1.1" 200 589 "http://www.secrepo.com/" "Mozilla/5.0 (Windows NT 10.0; Win64; x64) AppleWebKit/537.36 (KHTML, like Gecko) Chrome/73.0.3683.86 Safari/537.36" 
201.236.141.203 - - [11/May/2019:10:47:47 -0700] "GET /wp-login.php HTTP/1.1" 418 732 "-" "Mozilla/5.0 (Windows NT 6.1; WOW64; rv:40.0) Gecko/20100101 Firefox/40.1" 
201.236.141.203 - - [11/May/2019:10:47:48 -0700] "GET / HTTP/1.1" 418 732 "-" "Mozilla/5.0 (Windows NT 6.1; WOW64; rv:40.0) Gecko/20100101 Firefox/40.1" 
216.244.66.245 - - [11/May/2019:10:48:21 -0700] "GET /robots.txt HTTP/1.1" 200 233 "-" "Mozilla/5.0 (compatible; DotBot/1.1; http://www.opensiteexplorer.org/dotbot, help@moz.com)" 
207.46.13.122 - - [11/May/2019:10:54:24 -0700] "GET /self.logs/2016/error.log.2016-11-29.gz HTTP/1.1" 200 1213 "-" "Mozilla/5.0 (compatible; bingbot/2.0; +http://www.bing.com/bingbot.htm)" 
157.55.39.150 - - [11/May/2019:10:56:05 -0700] "GET /self.logs/error.log.2018-10-09.gz HTTP/1.1" 301 544 "-" "Mozilla/5.0 (compatible; bingbot/2.0; +http://www.bing.com/bingbot.htm)" 
207.46.13.122 - - [11/May/2019:10:57:25 -0700] "GET /self.logs/2015/error.log.2015-08-06.gz HTTP/1.1" 200 729 "-" "Mozilla/5.0 (compatible; bingbot/2.0; +http://www.bing.com/bingbot.htm)" 
207.46.13.122 - - [11/May/2019:11:01:37 -0700] "GET /self.logs/error.log.2018-06-26.gz HTTP/1.1" 200 4803 "-" "Mozilla/5.0 (compatible; bingbot/2.0; +http://www.bing.com/bingbot.htm)" 
207.46.13.23 - - [11/May/2019:11:04:20 -0700] "GET /self.logs/2015/error.log.2015-12-08.gz HTTP/1.1" 200 666 "-" "Mozilla/5.0 (compatible; bingbot/2.0; +http://www.bing.com/bingbot.htm)" 
207.46.13.19 - - [11/May/2019:11:04:54 -0700] "GET /self.logs/access.log.2017-06-03.gz HTTP/1.1" 200 12894 "-" "Mozilla/5.0 (compatible; bingbot/2.0; +http://www.bing.com/bingbot.htm)" 
113.171.224.176 - - [11/May/2019:11:13:04 -0700] "GET /honeypot/Honeypot%20-%20Howto.pdf HTTP/1.1" 200 61320 "-" "Mozilla/5.0 Gecko/20100115 Firefox/3.6" 
157.55.39.150 - - [11/May/2019:11:14:38 -0700] "GET /self.logs/error.log.2018-07-21.gz HTTP/1.1" 200 5950 "-" "Mozilla/5.0 (compatible; bingbot/2.0; +http://www.bing.com/bingbot.htm)" 
207.46.13.122 - - [11/May/2019:11:15:48 -0700] "GET /self.logs/error.log.2017-12-03.gz HTTP/1.1" 200 1805 "-" "Mozilla/5.0 (compatible; bingbot/2.0; +http://www.bing.com/bingbot.htm)" 
91.121.114.64 - - [11/May/2019:11:16:16 -0700] "GET / HTTP/1.1" 301 442 "-" "Mozilla/5.0 (Macintosh; Intel Mac OS X 10_12_6) AppleWebKit/537.36 (KHTML, like Gecko) Chrome/60.0.3112.113 Safari/537.36" 
91.121.114.64 - - [11/May/2019:11:16:17 -0700] "GET / HTTP/1.1" 200 46368 "-" "Mozilla/5.0 (Macintosh; Intel Mac OS X 10_12_6) AppleWebKit/537.36 (KHTML, like Gecko) Chrome/60.0.3112.113 Safari/537.36" 
207.46.13.122 - - [11/May/2019:11:16:24 -0700] "GET /self.logs/2015/error.log.2015-11-09.gz HTTP/1.1" 200 798 "-" "Mozilla/5.0 (compatible; bingbot/2.0; +http://www.bing.com/bingbot.htm)" 
207.46.13.122 - - [11/May/2019:11:17:30 -0700] "GET /self.logs/error.log.2017-01-26.gz HTTP/1.1" 200 1341 "-" "Mozilla/5.0 (compatible; bingbot/2.0; +http://www.bing.com/bingbot.htm)" 
207.46.13.23 - - [11/May/2019:11:17:57 -0700] "GET /self.logs/error.log.2018-11-03.gz HTTP/1.1" 200 7240 "-" "Mozilla/5.0 (compatible; bingbot/2.0; +http://www.bing.com/bingbot.htm)" 
207.46.13.23 - - [11/May/2019:11:19:18 -0700] "GET /self.logs/access.log.2018-09-10.gz HTTP/1.1" 200 38923 "-" "Mozilla/5.0 (compatible; bingbot/2.0; +http://www.bing.com/bingbot.htm)" 
157.55.39.150 - - [11/May/2019:11:21:40 -0700] "GET /self.logs/error.log.2018-09-12.gz HTTP/1.1" 200 5207 "-" "Mozilla/5.0 (compatible; bingbot/2.0; +http://www.bing.com/bingbot.htm)" 
157.55.39.150 - - [11/May/2019:11:21:56 -0700] "GET /self.logs/2015/access.log.2015-05-30.gz HTTP/1.1" 200 3112 "-" "Mozilla/5.0 (compatible; bingbot/2.0; +http://www.bing.com/bingbot.htm)" 
40.77.167.219 - - [11/May/2019:11:23:14 -0700] "GET /self.logs/access.log.2017-04-10.gz HTTP/1.1" 200 49995 "-" "Mozilla/5.0 (compatible; bingbot/2.0; +http://www.bing.com/bingbot.htm)" 
41.223.160.131 - - [11/May/2019:11:24:50 -0700] "GET /tg/tg_snort_fast.7z HTTP/1.1" 304 131 "-" "Mozilla/5.0 Gecko/20100115 Firefox/3.6" 
41.223.160.131 - - [11/May/2019:11:25:09 -0700] "GET /maccdc2012/dns.log.gz HTTP/1.1" 304 154 "-" "Mozilla/5.0 Gecko/20100115 Firefox/3.6" 
207.46.13.23 - - [11/May/2019:11:26:50 -0700] "GET /self.logs/access.log.2019-02-02.gz HTTP/1.1" 200 14697 "-" "Mozilla/5.0 (compatible; bingbot/2.0; +http://www.bing.com/bingbot.htm)" 
207.46.13.23 - - [11/May/2019:11:37:42 -0700] "GET /self.logs/error.log.2018-12-01.gz HTTP/1.1" 200 3539 "-" "Mozilla/5.0 (compatible; bingbot/2.0; +http://www.bing.com/bingbot.htm)" 
40.77.167.219 - - [11/May/2019:11:39:42 -0700] "GET /self.logs/access.log.2018-08-19.gz HTTP/1.1" 200 17530 "-" "Mozilla/5.0 (compatible; bingbot/2.0; +http://www.bing.com/bingbot.htm)" 
157.55.39.150 - - [11/May/2019:11:44:15 -0700] "GET /self.logs/access.log.2019-03-06.gz HTTP/1.1" 200 78586 "-" "Mozilla/5.0 (compatible; bingbot/2.0; +http://www.bing.com/bingbot.htm)" 
207.46.13.122 - - [11/May/2019:11:46:35 -0700] "GET /self.logs/error.log.2019-01-07.gz HTTP/1.1" 200 7349 "-" "Mozilla/5.0 (compatible; bingbot/2.0; +http://www.bing.com/bingbot.htm)" 
66.249.64.47 - - [11/May/2019:11:51:59 -0700] "GET /Datasets%20Description/Network/ssl.html HTTP/1.1" 200 1479 "-" "Mozilla/5.0 (Linux; Android 6.0.1; Nexus 5X Build/MMB29P) AppleWebKit/537.36 (KHTML, like Gecko) Chrome/41.0.2272.96 Mobile Safari/537.36 (compatible; Googlebot/2.1; +http://www.google.com/bot.html)" 
66.249.64.43 - - [11/May/2019:11:52:02 -0700] "GET /Datasets%20Description/Network/tunnel.html HTTP/1.1" 200 1364 "-" "Mozilla/5.0 (Linux; Android 6.0.1; Nexus 5X Build/MMB29P) AppleWebKit/537.36 (KHTML, like Gecko) Chrome/41.0.2272.96 Mobile Safari/537.36 (compatible; Googlebot/2.1; +http://www.google.com/bot.html)" 
157.55.39.150 - - [11/May/2019:11:52:57 -0700] "GET /self.logs/access.log.2018-12-25.gz HTTP/1.1" 200 33357 "-" "Mozilla/5.0 (compatible; bingbot/2.0; +http://www.bing.com/bingbot.htm)" 
207.46.13.122 - - [11/May/2019:12:02:56 -0700] "GET /self.logs/error.log.2018-05-16.gz HTTP/1.1" 200 3625 "-" "Mozilla/5.0 (compatible; bingbot/2.0; +http://www.bing.com/bingbot.htm)" 
199.58.86.209 - - [11/May/2019:12:04:50 -0700] "GET /robots.txt HTTP/1.1" 200 289 "-" "Mozilla/5.0 (compatible; MJ12bot/v1.4.8; http://mj12bot.com/)" 
199.58.86.209 - - [11/May/2019:12:04:52 -0700] "GET / HTTP/1.1" 200 46368 "-" "Mozilla/5.0 (compatible; MJ12bot/v1.4.8; http://mj12bot.com/)" 
207.46.13.122 - - [11/May/2019:12:04:52 -0700] "GET /self.logs/access.log.2017-04-23.gz HTTP/1.1" 200 14846 "-" "Mozilla/5.0 (compatible; bingbot/2.0; +http://www.bing.com/bingbot.htm)" 
40.77.167.219 - - [11/May/2019:12:05:47 -0700] "GET /self.logs/2016/error.log.2016-10-18.gz HTTP/1.1" 200 808 "-" "Mozilla/5.0 (compatible; bingbot/2.0; +http://www.bing.com/bingbot.htm)" 
108.59.8.70 - - [11/May/2019:12:06:17 -0700] "GET /robots.txt HTTP/1.1" 301 518 "-" "Mozilla/5.0 (compatible; MJ12bot/v1.4.8; http://mj12bot.com/)" 
108.59.8.70 - - [11/May/2019:12:06:18 -0700] "GET /robots.txt HTTP/1.1" 200 289 "-" "Mozilla/5.0 (compatible; MJ12bot/v1.4.8; http://mj12bot.com/)" 
108.59.8.70 - - [11/May/2019:12:06:20 -0700] "GET / HTTP/1.1" 301 442 "-" "Mozilla/5.0 (compatible; MJ12bot/v1.4.8; http://mj12bot.com/)" 
108.59.8.70 - - [11/May/2019:12:06:23 -0700] "GET / HTTP/1.1" 200 46368 "-" "Mozilla/5.0 (compatible; MJ12bot/v1.4.8; http://mj12bot.com/)" 
207.46.13.23 - - [11/May/2019:12:09:50 -0700] "GET /self.logs/2015/error.log.2015-06-04.gz HTTP/1.1" 200 968 "-" "Mozilla/5.0 (compatible; bingbot/2.0; +http://www.bing.com/bingbot.htm)" 
113.171.224.176 - - [11/May/2019:12:16:36 -0700] "GET /honeypot/Honeypot%20-%20Howto.pdf HTTP/1.1" 200 61320 "-" "Mozilla/5.0 Gecko/20100115 Firefox/3.6" 
216.244.66.245 - - [11/May/2019:12:21:22 -0700] "GET /robots.txt HTTP/1.1" 301 462 "-" "Mozilla/5.0 (compatible; DotBot/1.1; http://www.opensiteexplorer.org/dotbot, help@moz.com)" 
216.244.66.245 - - [11/May/2019:12:21:23 -0700] "GET /robots.txt HTTP/1.1" 200 233 "-" "Mozilla/5.0 (compatible; DotBot/1.1; http://www.opensiteexplorer.org/dotbot, help@moz.com)" 
118.31.61.174 - - [11/May/2019:12:25:23 -0700] "GET /Public/ueditor/php/controller.php HTTP/1.1" 404 295 "http://www.secrepo.com/Public/ueditor/php/controller.php" "Mozilla/5.0 (compatible; MSIE 9.0; Windows NT 6.1; Win64; x64; Trident/5.0)" 
207.46.13.23 - - [11/May/2019:12:26:04 -0700] "GET /self.logs/error.log.2019-03-17.gz HTTP/1.1" 200 4895 "-" "Mozilla/5.0 (compatible; bingbot/2.0; +http://www.bing.com/bingbot.htm)" 
207.46.13.122 - - [11/May/2019:12:27:21 -0700] "GET /self.logs/error.log.2018-02-22.gz HTTP/1.1" 200 4303 "-" "Mozilla/5.0 (compatible; bingbot/2.0; +http://www.bing.com/bingbot.htm)" 
207.46.13.23 - - [11/May/2019:12:29:29 -0700] "GET /self.logs/access.log.2019-04-29.gz HTTP/1.1" 304 189 "-" "Mozilla/5.0 (compatible; bingbot/2.0; +http://www.bing.com/bingbot.htm)" 
216.244.66.245 - - [11/May/2019:12:30:43 -0700] "GET / HTTP/1.1" 301 442 "-" "Mozilla/5.0 (compatible; DotBot/1.1; http://www.opensiteexplorer.org/dotbot, help@moz.com)" 
66.249.64.47 - - [11/May/2019:12:35:30 -0700] "GET /robots.txt HTTP/1.1" 200 334 "-" "Mozilla/5.0 (compatible; Googlebot/2.1; +http://www.google.com/bot.html)" 
66.249.64.43 - - [11/May/2019:12:35:30 -0700] "GET /Datasets%20Description/HTML_Bro_log_3/weird.html HTTP/1.1" 200 1825 "-" "Mozilla/5.0 (Linux; Android 6.0.1; Nexus 5X Build/MMB29P) AppleWebKit/537.36 (KHTML, like Gecko) Chrome/41.0.2272.96 Mobile Safari/537.36 (compatible; Googlebot/2.1; +http://www.google.com/bot.html)" 
207.46.13.122 - - [11/May/2019:12:38:45 -0700] "GET /self.logs/error.log.2018-06-26.gz HTTP/1.1" 200 4803 "-" "Mozilla/5.0 (compatible; bingbot/2.0; +http://www.bing.com/bingbot.htm)" 
103.41.16.33 - - [11/May/2019:12:45:23 -0700] "GET / HTTP/1.1" 200 46424 "http://www.secrepo.com/" "Mozilla/4.0 (compatible; MSIE 9.0; Windows NT 6.1)" 
207.46.13.23 - - [11/May/2019:12:45:23 -0700] "GET /self.logs/access.log.2018-07-30.gz HTTP/1.1" 301 546 "-" "Mozilla/5.0 (compatible; bingbot/2.0; +http://www.bing.com/bingbot.htm)" 
103.41.16.33 - - [11/May/2019:12:45:26 -0700] "POST //index.asp HTTP/1.1" 404 295 "http://www.secrepo.com//index.asp" "Mozilla/4.0 (compatible; MSIE 9.0; Windows NT 6.1)" 
103.41.16.33 - - [11/May/2019:12:45:26 -0700] "POST //data/config_data.php HTTP/1.1" 404 294 "http://www.secrepo.com//data/config_data.php" "Mozilla/4.0 (compatible; MSIE 9.0; Windows NT 6.1)" 
103.41.16.33 - - [11/May/2019:12:45:26 -0700] "POST //inc/md5.asp HTTP/1.1" 404 294 "http://www.secrepo.com//inc/md5.asp" "Mozilla/4.0 (compatible; MSIE 9.0; Windows NT 6.1)" 
103.41.16.33 - - [11/May/2019:12:45:26 -0700] "POST //plug/vote.asp HTTP/1.1" 404 294 "http://www.secrepo.com//plug/vote.asp" "Mozilla/4.0 (compatible; MSIE 9.0; Windows NT 6.1)" 
103.41.16.33 - - [11/May/2019:12:45:27 -0700] "POST //plus/mytag_js.php?aid=9090 HTTP/1.1" 404 294 "http://www.secrepo.com//plus/mytag_js.php?aid=9090" "Mozilla/4.0 (compatible; MSIE 9.0; Windows NT 6.1)" 
103.41.16.33 - - [11/May/2019:12:45:27 -0700] "POST //plus/mytag_js.php?aid=9090 HTTP/1.1" 404 294 "http://www.secrepo.com//plus/mytag_js.php?aid=9090" "Mozilla/4.0 (compatible; MSIE 9.0; Windows NT 6.1)" 
103.41.16.33 - - [11/May/2019:12:45:27 -0700] "POST //plus/mytag_js.php?aid=9090 HTTP/1.1" 404 294 "http://www.secrepo.com//plus/mytag_js.php?aid=9090" "Mozilla/4.0 (compatible; MSIE 9.0; Windows NT 6.1)" 
103.41.16.33 - - [11/May/2019:12:45:27 -0700] "POST //config/AspCms_Config.asp HTTP/1.1" 404 294 "http://www.secrepo.com//config/AspCms_Config.asp" "Mozilla/4.0 (compatible; MSIE 9.0; Windows NT 6.1)" 
103.41.16.33 - - [11/May/2019:12:45:28 -0700] "POST //index.php?m=formguide&c=index&a=show&formid=1&siteid=1 HTTP/1.1" 404 294 "http://www.secrepo.com//index.php?m=formguide&c=index&a=show&formid=1&siteid=1" "Mozilla/4.0 (compatible; MSIE 9.0; Windows NT 6.1)" 
103.41.16.33 - - [11/May/2019:12:45:28 -0700] "POST //index.php?m=formguide&c=index&a=show&formid=1&siteid=1 HTTP/1.1" 404 294 "http://www.secrepo.com//index.php?m=formguide&c=index&a=show&formid=1&siteid=1" "Mozilla/4.0 (compatible; MSIE 9.0; Windows NT 6.1)" 
103.41.16.33 - - [11/May/2019:12:45:28 -0700] "POST //index.php?m=formguide&c=index&a=show&formid=1&siteid=1 HTTP/1.1" 404 294 "http://www.secrepo.com//index.php?m=formguide&c=index&a=show&formid=1&siteid=1" "Mozilla/4.0 (compatible; MSIE 9.0; Windows NT 6.1)" 
40.77.167.219 - - [11/May/2019:12:47:10 -0700] "GET /self.logs/access.log.2018-07-13.gz HTTP/1.1" 200 17601 "-" "Mozilla/5.0 (compatible; bingbot/2.0; +http://www.bing.com/bingbot.htm)" 
100.43.90.103 - - [11/May/2019:12:53:14 -0700] "GET /Datasets%20Description/HTML_Bro_log_2/irc.html HTTP/1.1" 200 1665 "-" "Mozilla/5.0 (compatible; YandexBot/3.0; +http://yandex.com/bots)" 
40.77.167.219 - - [11/May/2019:12:59:33 -0700] "GET /self.logs/2016/access.log.2016-07-25.gz HTTP/1.1" 200 7279 "-" "Mozilla/5.0 (compatible; bingbot/2.0; +http://www.bing.com/bingbot.htm)" 
212.64.92.217 - - [11/May/2019:13:00:47 -0700] "GET / HTTP/1.1" 301 483 "http://secrepo.com/" "Mozilla/5.0 (Macintosh; Intel Mac OS X 10_13_3) AppleWebKit/537.36 (KHTML, like Gecko) Chrome/66.0.3359.170 Safari/537.36" 
212.64.92.217 - - [11/May/2019:13:00:47 -0700] "GET / HTTP/1.1" 200 12511 "http://secrepo.com/" "Mozilla/5.0 (Macintosh; Intel Mac OS X 10_13_3) AppleWebKit/537.36 (KHTML, like Gecko) Chrome/66.0.3359.170 Safari/537.36" 
157.55.39.150 - - [11/May/2019:13:06:34 -0700] "GET /self.logs/error.log.2019-01-30.gz HTTP/1.1" 200 6628 "-" "Mozilla/5.0 (compatible; bingbot/2.0; +http://www.bing.com/bingbot.htm)" 
207.46.13.122 - - [11/May/2019:13:07:37 -0700] "GET /self.logs/2016/error.log.2016-05-22.gz HTTP/1.1" 200 719 "-" "Mozilla/5.0 (compatible; bingbot/2.0; +http://www.bing.com/bingbot.htm)" 
207.46.13.23 - - [11/May/2019:13:08:18 -0700] "GET /self.logs/access.log.2018-05-30.gz HTTP/1.1" 200 24287 "-" "Mozilla/5.0 (compatible; bingbot/2.0; +http://www.bing.com/bingbot.htm)" 
40.77.167.219 - - [11/May/2019:13:09:40 -0700] "GET /self.logs/2015/error.log.2015-11-06.gz HTTP/1.1" 200 709 "-" "Mozilla/5.0 (compatible; bingbot/2.0; +http://www.bing.com/bingbot.htm)" 
222.186.57.149 - - [11/May/2019:13:10:14 -0700] "GET / HTTP/1.1" 200 46424 "http://www.secrepo.com/" "Mozilla/4.0 (compatible; MSIE 9.0; Windows NT 6.1)" 
222.186.57.149 - - [11/May/2019:13:10:14 -0700] "POST //lequ.php HTTP/1.1" 404 294 "http://www.secrepo.com//lequ.php" "Mozilla/4.0 (compatible; MSIE 9.0; Windows NT 6.1)" 
222.186.57.149 - - [11/May/2019:13:10:14 -0700] "POST //data/cache/asd.php HTTP/1.1" 404 294 "http://www.secrepo.com//data/cache/asd.php" "Mozilla/4.0 (compatible; MSIE 9.0; Windows NT 6.1)" 
222.186.57.149 - - [11/May/2019:13:10:15 -0700] "POST //coon.php HTTP/1.1" 404 294 "http://www.secrepo.com//coon.php" "Mozilla/4.0 (compatible; MSIE 9.0; Windows NT 6.1)" 
222.186.57.149 - - [11/May/2019:13:10:15 -0700] "POST //lx.php HTTP/1.1" 404 294 "http://www.secrepo.com//lx.php" "Mozilla/4.0 (compatible; MSIE 9.0; Windows NT 6.1)" 
222.186.57.149 - - [11/May/2019:13:10:15 -0700] "POST //x.php HTTP/1.1" 404 294 "http://www.secrepo.com//x.php" "Mozilla/4.0 (compatible; MSIE 9.0; Windows NT 6.1)" 
222.186.57.149 - - [11/May/2019:13:10:15 -0700] "POST //12345.php HTTP/1.1" 404 294 "http://www.secrepo.com//12345.php" "Mozilla/4.0 (compatible; MSIE 9.0; Windows NT 6.1)" 
222.186.57.149 - - [11/May/2019:13:10:16 -0700] "POST //plus/mytag_js.php?aid=511348 HTTP/1.1" 404 294 "http://www.secrepo.com//plus/mytag_js.php?aid=511348" "Mozilla/4.0 (compatible; MSIE 9.0; Windows NT 6.1)" 
222.186.57.149 - - [11/May/2019:13:10:16 -0700] "POST //plus/mytag_js.php?aid=511348 HTTP/1.1" 404 294 "http://www.secrepo.com//plus/mytag_js.php?aid=511348" "Mozilla/4.0 (compatible; MSIE 9.0; Windows NT 6.1)" 
222.186.57.149 - - [11/May/2019:13:10:16 -0700] "POST //plus/mytag_js.php?aid=511348 HTTP/1.1" 404 294 "http://www.secrepo.com//plus/mytag_js.php?aid=511348" "Mozilla/4.0 (compatible; MSIE 9.0; Windows NT 6.1)" 
222.186.57.149 - - [11/May/2019:13:10:16 -0700] "POST //config/AspCms_Config.asp HTTP/1.1" 404 294 "http://www.secrepo.com//config/AspCms_Config.asp" "Mozilla/4.0 (compatible; MSIE 9.0; Windows NT 6.1)" 
222.186.57.149 - - [11/May/2019:13:10:16 -0700] "POST //plus/mytag_js.php?aid=9527 HTTP/1.1" 404 294 "http://www.secrepo.com//plus/mytag_js.php?aid=9527" "Mozilla/4.0 (compatible; MSIE 9.0; Windows NT 6.1)" 
222.186.57.149 - - [11/May/2019:13:10:17 -0700] "POST //plus/mytag_js.php?aid=9527 HTTP/1.1" 404 294 "http://www.secrepo.com//plus/mytag_js.php?aid=9527" "Mozilla/4.0 (compatible; MSIE 9.0; Windows NT 6.1)" 
222.186.57.149 - - [11/May/2019:13:10:17 -0700] "POST //plus/mytag_js.php?aid=9527 HTTP/1.1" 404 294 "http://www.secrepo.com//plus/mytag_js.php?aid=9527" "Mozilla/4.0 (compatible; MSIE 9.0; Windows NT 6.1)" 
222.186.57.149 - - [11/May/2019:13:10:17 -0700] "POST //Config_Shell.php HTTP/1.1" 404 294 "http://www.secrepo.com//Config_Shell.php" "Mozilla/4.0 (compatible; MSIE 9.0; Windows NT 6.1)" 
222.186.57.149 - - [11/May/2019:13:10:17 -0700] "POST //data/cache/asd.php HTTP/1.1" 404 294 "http://www.secrepo.com//data/cache/asd.php" "Mozilla/4.0 (compatible; MSIE 9.0; Windows NT 6.1)" 
222.186.57.149 - - [11/May/2019:13:10:18 -0700] "POST //plus/lucas.php HTTP/1.1" 404 294 "http://www.secrepo.com//plus/lucas.php" "Mozilla/4.0 (compatible; MSIE 9.0; Windows NT 6.1)" 
222.186.57.149 - - [11/May/2019:13:10:18 -0700] "POST //plus/read.php HTTP/1.1" 404 294 "http://www.secrepo.com//plus/read.php" "Mozilla/4.0 (compatible; MSIE 9.0; Windows NT 6.1)" 
222.186.57.149 - - [11/May/2019:13:10:18 -0700] "POST //indexa.php HTTP/1.1" 404 294 "http://www.secrepo.com//indexa.php" "Mozilla/4.0 (compatible; MSIE 9.0; Windows NT 6.1)" 
222.186.57.149 - - [11/May/2019:13:10:18 -0700] "POST //data/cache/flye.php HTTP/1.1" 404 294 "http://www.secrepo.com//data/cache/flye.php" "Mozilla/4.0 (compatible; MSIE 9.0; Windows NT 6.1)" 
222.186.57.149 - - [11/May/2019:13:10:18 -0700] "POST //plus/mybak.php HTTP/1.1" 404 294 "http://www.secrepo.com//plus/mybak.php" "Mozilla/4.0 (compatible; MSIE 9.0; Windows NT 6.1)" 
222.186.57.149 - - [11/May/2019:13:10:19 -0700] "POST //plus/x.php HTTP/1.1" 404 294 "http://www.secrepo.com//plus/x.php" "Mozilla/4.0 (compatible; MSIE 9.0; Windows NT 6.1)" 
222.186.57.149 - - [11/May/2019:13:10:19 -0700] "POST //x.php HTTP/1.1" 404 294 "http://www.secrepo.com//x.php" "Mozilla/4.0 (compatible; MSIE 9.0; Windows NT 6.1)" 
222.186.57.149 - - [11/May/2019:13:10:19 -0700] "POST //d.php HTTP/1.1" 404 294 "http://www.secrepo.com//d.php" "Mozilla/4.0 (compatible; MSIE 9.0; Windows NT 6.1)" 
222.186.57.149 - - [11/May/2019:13:10:19 -0700] "POST //plus/90sec.php HTTP/1.1" 404 294 "http://www.secrepo.com//plus/90sec.php" "Mozilla/4.0 (compatible; MSIE 9.0; Windows NT 6.1)" 
222.186.57.149 - - [11/May/2019:13:10:20 -0700] "POST //plus/spider.php HTTP/1.1" 404 294 "http://www.secrepo.com//plus/spider.php" "Mozilla/4.0 (compatible; MSIE 9.0; Windows NT 6.1)" 
222.186.57.149 - - [11/May/2019:13:10:20 -0700] "POST //plus/e7xue.php HTTP/1.1" 404 294 "http://www.secrepo.com//plus/e7xue.php" "Mozilla/4.0 (compatible; MSIE 9.0; Windows NT 6.1)" 
222.186.57.149 - - [11/May/2019:13:10:20 -0700] "POST //plus/mycak.php HTTP/1.1" 404 294 "http://www.secrepo.com//plus/mycak.php" "Mozilla/4.0 (compatible; MSIE 9.0; Windows NT 6.1)" 
222.186.57.149 - - [11/May/2019:13:10:20 -0700] "POST //sitemap/templates/met/SqlIn.asp HTTP/1.1" 404 294 "http://www.secrepo.com//sitemap/templates/met/SqlIn.asp" "Mozilla/4.0 (compatible; MSIE 9.0; Windows NT 6.1)" 
222.186.57.149 - - [11/May/2019:13:10:20 -0700] "POST //plus/mybak.php HTTP/1.1" 404 294 "http://www.secrepo.com//plus/mybak.php" "Mozilla/4.0 (compatible; MSIE 9.0; Windows NT 6.1)" 
222.186.57.149 - - [11/May/2019:13:10:21 -0700] "POST //plus/x.php HTTP/1.1" 404 294 "http://www.secrepo.com//plus/x.php" "Mozilla/4.0 (compatible; MSIE 9.0; Windows NT 6.1)" 
222.186.57.149 - - [11/May/2019:13:10:21 -0700] "POST //plus/service.php HTTP/1.1" 404 294 "http://www.secrepo.com//plus/service.php" "Mozilla/4.0 (compatible; MSIE 9.0; Windows NT 6.1)" 
222.186.57.149 - - [11/May/2019:13:10:21 -0700] "POST //plus/av.php HTTP/1.1" 404 294 "http://www.secrepo.com//plus/av.php" "Mozilla/4.0 (compatible; MSIE 9.0; Windows NT 6.1)" 
222.186.57.149 - - [11/May/2019:13:10:21 -0700] "POST //plus/mytag_js.php?aid=511348 HTTP/1.1" 404 294 "http://www.secrepo.com//plus/mytag_js.php?aid=511348" "Mozilla/4.0 (compatible; MSIE 9.0; Windows NT 6.1)" 
222.186.57.149 - - [11/May/2019:13:10:21 -0700] "POST //plus/mytag_js.php?aid=511348 HTTP/1.1" 404 294 "http://www.secrepo.com//plus/mytag_js.php?aid=511348" "Mozilla/4.0 (compatible; MSIE 9.0; Windows NT 6.1)" 
222.186.57.149 - - [11/May/2019:13:10:22 -0700] "POST //plus/mytag_js.php?aid=511348 HTTP/1.1" 404 294 "http://www.secrepo.com//plus/mytag_js.php?aid=511348" "Mozilla/4.0 (compatible; MSIE 9.0; Windows NT 6.1)" 
222.186.57.149 - - [11/May/2019:13:10:22 -0700] "POST //lang/cn/system.php HTTP/1.1" 404 294 "http://www.secrepo.com//lang/cn/system.php" "Mozilla/4.0 (compatible; MSIE 9.0; Windows NT 6.1)" 
222.186.57.149 - - [11/May/2019:13:10:22 -0700] "POST //config/AspCms_Config.asp HTTP/1.1" 404 294 "http://www.secrepo.com//config/AspCms_Config.asp" "Mozilla/4.0 (compatible; MSIE 9.0; Windows NT 6.1)" 
222.186.57.149 - - [11/May/2019:13:10:22 -0700] "POST //admin_login.php HTTP/1.1" 404 294 "http://www.secrepo.com//admin_login.php" "Mozilla/4.0 (compatible; MSIE 9.0; Windows NT 6.1)" 
222.186.57.149 - - [11/May/2019:13:10:23 -0700] "POST //Templates/red.asp HTTP/1.1" 404 294 "http://www.secrepo.com//Templates/red.asp" "Mozilla/4.0 (compatible; MSIE 9.0; Windows NT 6.1)" 
222.186.57.149 - - [11/May/2019:13:10:23 -0700] "POST //plus/mytag_js.php?aid=8080 HTTP/1.1" 404 294 "http://www.secrepo.com//plus/mytag_js.php?aid=8080" "Mozilla/4.0 (compatible; MSIE 9.0; Windows NT 6.1)" 
222.186.57.149 - - [11/May/2019:13:10:23 -0700] "POST //plus/mytag_js.php?aid=8080 HTTP/1.1" 404 294 "http://www.secrepo.com//plus/mytag_js.php?aid=8080" "Mozilla/4.0 (compatible; MSIE 9.0; Windows NT 6.1)" 
222.186.57.149 - - [11/May/2019:13:10:23 -0700] "POST //plus/mytag_js.php?aid=8080 HTTP/1.1" 404 294 "http://www.secrepo.com//plus/mytag_js.php?aid=8080" "Mozilla/4.0 (compatible; MSIE 9.0; Windows NT 6.1)" 
222.186.57.149 - - [11/May/2019:13:10:23 -0700] "POST //images/swfupload/images/uploadye.php HTTP/1.1" 404 294 "http://www.secrepo.com//images/swfupload/images/uploadye.php" "Mozilla/4.0 (compatible; MSIE 9.0; Windows NT 6.1)" 
222.186.57.149 - - [11/May/2019:13:10:24 -0700] "POST //utility/convert/data/config.inc.php HTTP/1.1" 404 294 "http://www.secrepo.com//utility/convert/data/config.inc.php" "Mozilla/4.0 (compatible; MSIE 9.0; Windows NT 6.1)" 
222.186.57.149 - - [11/May/2019:13:10:24 -0700] "POST //config/AspCms_Config.asp HTTP/1.1" 404 294 "http://www.secrepo.com//config/AspCms_Config.asp" "Mozilla/4.0 (compatible; MSIE 9.0; Windows NT 6.1)" 
222.186.57.149 - - [11/May/2019:13:10:24 -0700] "POST //plus/mytag_js.php?aid=9090 HTTP/1.1" 404 294 "http://www.secrepo.com//plus/mytag_js.php?aid=9090" "Mozilla/4.0 (compatible; MSIE 9.0; Windows NT 6.1)" 
222.186.57.149 - - [11/May/2019:13:10:24 -0700] "POST //plus/mytag_js.php?aid=9090 HTTP/1.1" 404 294 "http://www.secrepo.com//plus/mytag_js.php?aid=9090" "Mozilla/4.0 (compatible; MSIE 9.0; Windows NT 6.1)" 
222.186.57.149 - - [11/May/2019:13:10:25 -0700] "POST //plus/mytag_js.php?aid=9090 HTTP/1.1" 404 294 "http://www.secrepo.com//plus/mytag_js.php?aid=9090" "Mozilla/4.0 (compatible; MSIE 9.0; Windows NT 6.1)" 
222.186.57.149 - - [11/May/2019:13:10:25 -0700] "POST //plus/bakup.hp HTTP/1.1" 404 294 "http://www.secrepo.com//plus/bakup.hp" "Mozilla/4.0 (compatible; MSIE 9.0; Windows NT 6.1)" 
222.186.57.149 - - [11/May/2019:13:10:25 -0700] "POST //plus/bakup.hp HTTP/1.1" 404 294 "http://www.secrepo.com//plus/bakup.hp" "Mozilla/4.0 (compatible; MSIE 9.0; Windows NT 6.1)" 
222.186.57.149 - - [11/May/2019:13:10:25 -0700] "POST //plus/bakup.hp HTTP/1.1" 404 294 "http://www.secrepo.com//plus/bakup.hp" "Mozilla/4.0 (compatible; MSIE 9.0; Windows NT 6.1)" 
222.186.57.149 - - [11/May/2019:13:10:25 -0700] "POST //include/code/mp.php HTTP/1.1" 404 294 "http://www.secrepo.com//include/code/mp.php" "Mozilla/4.0 (compatible; MSIE 9.0; Windows NT 6.1)" 
222.186.57.149 - - [11/May/2019:13:10:26 -0700] "POST //plus/laobiao.php HTTP/1.1" 404 294 "http://www.secrepo.com//plus/laobiao.php" "Mozilla/4.0 (compatible; MSIE 9.0; Windows NT 6.1)" 
222.186.57.149 - - [11/May/2019:13:10:26 -0700] "POST //plus/mytag_js.php?aid=6022 HTTP/1.1" 404 294 "http://www.secrepo.com//plus/mytag_js.php?aid=6022" "Mozilla/4.0 (compatible; MSIE 9.0; Windows NT 6.1)" 
222.186.57.149 - - [11/May/2019:13:10:26 -0700] "POST //plus/mytag_js.php?aid=6022 HTTP/1.1" 404 294 "http://www.secrepo.com//plus/mytag_js.php?aid=6022" "Mozilla/4.0 (compatible; MSIE 9.0; Windows NT 6.1)" 
222.186.57.149 - - [11/May/2019:13:10:26 -0700] "POST //plus/mytag_js.php?aid=6022 HTTP/1.1" 404 294 "http://www.secrepo.com//plus/mytag_js.php?aid=6022" "Mozilla/4.0 (compatible; MSIE 9.0; Windows NT 6.1)" 
222.186.57.149 - - [11/May/2019:13:10:27 -0700] "POST //book/story_dod_hjkdsafon.php HTTP/1.1" 404 294 "http://www.secrepo.com//book/story_dod_hjkdsafon.php" "Mozilla/4.0 (compatible; MSIE 9.0; Windows NT 6.1)" 
222.186.57.149 - - [11/May/2019:13:10:27 -0700] "POST //data/s.asp HTTP/1.1" 404 294 "http://www.secrepo.com//data/s.asp" "Mozilla/4.0 (compatible; MSIE 9.0; Windows NT 6.1)" 
222.186.57.149 - - [11/May/2019:13:10:27 -0700] "POST //plus/mytag_js.php?aid=9527 HTTP/1.1" 404 294 "http://www.secrepo.com//plus/mytag_js.php?aid=9527" "Mozilla/4.0 (compatible; MSIE 9.0; Windows NT 6.1)" 
222.186.57.149 - - [11/May/2019:13:10:27 -0700] "POST //plus/mytag_js.php?aid=9527 HTTP/1.1" 404 294 "http://www.secrepo.com//plus/mytag_js.php?aid=9527" "Mozilla/4.0 (compatible; MSIE 9.0; Windows NT 6.1)" 
222.186.57.149 - - [11/May/2019:13:10:27 -0700] "POST //plus/mytag_js.php?aid=9527 HTTP/1.1" 404 294 "http://www.secrepo.com//plus/mytag_js.php?aid=9527" "Mozilla/4.0 (compatible; MSIE 9.0; Windows NT 6.1)" 
222.186.57.149 - - [11/May/2019:13:10:28 -0700] "POST //plus/mytag_js.php?aid=9191 HTTP/1.1" 404 294 "http://www.secrepo.com//plus/mytag_js.php?aid=9191" "Mozilla/4.0 (compatible; MSIE 9.0; Windows NT 6.1)" 
222.186.57.149 - - [11/May/2019:13:10:28 -0700] "POST //plus/mytag_js.php?aid=9191 HTTP/1.1" 404 294 "http://www.secrepo.com//plus/mytag_js.php?aid=9191" "Mozilla/4.0 (compatible; MSIE 9.0; Windows NT 6.1)" 
222.186.57.149 - - [11/May/2019:13:10:28 -0700] "POST //plus/mytag_js.php?aid=9191 HTTP/1.1" 404 294 "http://www.secrepo.com//plus/mytag_js.php?aid=9191" "Mozilla/4.0 (compatible; MSIE 9.0; Windows NT 6.1)" 
222.186.57.149 - - [11/May/2019:13:10:28 -0700] "POST //install/md5.php HTTP/1.1" 404 294 "http://www.secrepo.com//install/md5.php" "Mozilla/4.0 (compatible; MSIE 9.0; Windows NT 6.1)" 
222.186.57.149 - - [11/May/2019:13:10:29 -0700] "POST //plus/mytag_js.php?aid=9999 HTTP/1.1" 404 294 "http://www.secrepo.com//plus/mytag_js.php?aid=9999" "Mozilla/4.0 (compatible; MSIE 9.0; Windows NT 6.1)" 
222.186.57.149 - - [11/May/2019:13:10:29 -0700] "POST //plus/mytag_js.php?aid=9999 HTTP/1.1" 404 294 "http://www.secrepo.com//plus/mytag_js.php?aid=9999" "Mozilla/4.0 (compatible; MSIE 9.0; Windows NT 6.1)" 
222.186.57.149 - - [11/May/2019:13:10:29 -0700] "POST //plus/mytag_js.php?aid=9999 HTTP/1.1" 404 294 "http://www.secrepo.com//plus/mytag_js.php?aid=9999" "Mozilla/4.0 (compatible; MSIE 9.0; Windows NT 6.1)" 
222.186.57.149 - - [11/May/2019:13:10:29 -0700] "POST //base/admin/cache.asp HTTP/1.1" 404 294 "http://www.secrepo.com//base/admin/cache.asp" "Mozilla/4.0 (compatible; MSIE 9.0; Windows NT 6.1)" 
222.186.57.149 - - [11/May/2019:13:10:29 -0700] "POST //bbs/utility/convert/data/config.inc.php HTTP/1.1" 404 294 "http://www.secrepo.com//bbs/utility/convert/data/config.inc.php" "Mozilla/4.0 (compatible; MSIE 9.0; Windows NT 6.1)" 
222.186.57.149 - - [11/May/2019:13:10:30 -0700] "POST //plus/zdqd.php HTTP/1.1" 404 294 "http://www.secrepo.com//plus/zdqd.php" "Mozilla/4.0 (compatible; MSIE 9.0; Windows NT 6.1)" 
222.186.57.149 - - [11/May/2019:13:10:30 -0700] "POST //templets/plus/sky.php HTTP/1.1" 404 294 "http://www.secrepo.com//templets/plus/sky.php" "Mozilla/4.0 (compatible; MSIE 9.0; Windows NT 6.1)" 
222.186.57.149 - - [11/May/2019:13:10:30 -0700] "POST //plus/90000.php HTTP/1.1" 404 294 "http://www.secrepo.com//plus/90000.php" "Mozilla/4.0 (compatible; MSIE 9.0; Windows NT 6.1)" 
222.186.57.149 - - [11/May/2019:13:10:30 -0700] "POST //uploadfile/userfiles/media/confg.inc.php HTTP/1.1" 404 294 "http://www.secrepo.com//uploadfile/userfiles/media/confg.inc.php" "Mozilla/4.0 (compatible; MSIE 9.0; Windows NT 6.1)" 
222.186.57.149 - - [11/May/2019:13:10:31 -0700] "POST //images/uploadfile.asp HTTP/1.1" 404 294 "http://www.secrepo.com//images/uploadfile.asp" "Mozilla/4.0 (compatible; MSIE 9.0; Windows NT 6.1)" 
222.186.57.149 - - [11/May/2019:13:10:31 -0700] "POST //dxyylc/md5.php HTTP/1.1" 404 294 "http://www.secrepo.com//dxyylc/md5.php" "Mozilla/4.0 (compatible; MSIE 9.0; Windows NT 6.1)" 
222.186.57.149 - - [11/May/2019:13:10:31 -0700] "POST //plus/digg.php HTTP/1.1" 404 294 "http://www.secrepo.com//plus/digg.php" "Mozilla/4.0 (compatible; MSIE 9.0; Windows NT 6.1)" 
222.186.57.149 - - [11/May/2019:13:10:31 -0700] "POST //plus/qingtian.php HTTP/1.1" 404 294 "http://www.secrepo.com//plus/qingtian.php" "Mozilla/4.0 (compatible; MSIE 9.0; Windows NT 6.1)" 
