51.222.253.1 - - [04/Nov/2021:02:06:27 -0700] "GET /squid/access.log.gz HTTP/1.1" 200 78840 "-" "Mozilla/5.0 (compatible; AhrefsBot/7.0; +http://ahrefs.com/robot/)" 
51.222.253.8 - - [04/Nov/2021:02:10:47 -0700] "GET /self.logs/error.log.2019-03-11.gz HTTP/1.1" 200 7863 "-" "Mozilla/5.0 (compatible; AhrefsBot/7.0; +http://ahrefs.com/robot/)" 
51.222.253.2 - - [04/Nov/2021:02:15:07 -0700] "GET /self.logs/error.log.2019-12-29.gz HTTP/1.1" 200 889 "-" "Mozilla/5.0 (compatible; AhrefsBot/7.0; +http://ahrefs.com/robot/)" 
17.121.112.152 - - [04/Nov/2021:02:15:15 -0700] "GET /self.logs/error.log.2020-08-11 HTTP/1.1" 200 307 "-" "Mozilla/5.0 (Macintosh; Intel Mac OS X 10_15_5) AppleWebKit/605.1.15 (KHTML, like Gecko) Version/13.1.1 Safari/605.1.15 (Applebot/0.1; +http://www.apple.com/go/applebot)" 
49.7.20.105 - - [04/Nov/2021:02:15:35 -0700] "GET / HTTP/1.1" 200 13148 "-" "Sogou web spider/4.0(+http://www.sogou.com/docs/help/webmasters.htm#07)" 
51.222.253.16 - - [04/Nov/2021:02:19:16 -0700] "GET /self.logs/error.log.2017-03-24.gz HTTP/1.1" 200 1043 "-" "Mozilla/5.0 (compatible; AhrefsBot/7.0; +http://ahrefs.com/robot/)" 
49.7.20.102 - - [04/Nov/2021:02:20:23 -0700] "GET / HTTP/1.1" 200 13148 "-" "Sogou web spider/4.0(+http://www.sogou.com/docs/help/webmasters.htm#07)" 
51.222.253.19 - - [04/Nov/2021:02:23:31 -0700] "GET /self.logs/access.log.2020-06-15.gz HTTP/1.1" 200 22147 "-" "Mozilla/5.0 (compatible; AhrefsBot/7.0; +http://ahrefs.com/robot/)" 
51.222.253.16 - - [04/Nov/2021:02:31:33 -0700] "GET /self.logs/error.log.2021-09-20.gz HTTP/1.1" 200 5308 "-" "Mozilla/5.0 (compatible; AhrefsBot/7.0; +http://ahrefs.com/robot/)" 
49.7.20.102 - - [04/Nov/2021:02:34:05 -0700] "GET / HTTP/1.1" 200 13148 "-" "Sogou web spider/4.0(+http://www.sogou.com/docs/help/webmasters.htm#07)" 
51.222.253.19 - - [04/Nov/2021:02:35:38 -0700] "GET /maccdc2012/notice.log.gz HTTP/1.1" 200 20753 "-" "Mozilla/5.0 (compatible; AhrefsBot/7.0; +http://ahrefs.com/robot/)" 
207.46.13.118 - - [04/Nov/2021:02:38:48 -0700] "GET /self.logs/access.log.2017-09-11.gz HTTP/1.1" 200 34473 "-" "Mozilla/5.0 (compatible; bingbot/2.0; +http://www.bing.com/bingbot.htm)" 
51.222.253.19 - - [04/Nov/2021:02:43:31 -0700] "GET /maccdc2012/ssh.log.gz HTTP/1.1" 200 78840 "-" "Mozilla/5.0 (compatible; AhrefsBot/7.0; +http://ahrefs.com/robot/)" 
51.222.253.18 - - [04/Nov/2021:02:47:30 -0700] "GET /maccdc2012/ftp.log.gz HTTP/1.1" 200 75920 "-" "Mozilla/5.0 (compatible; AhrefsBot/7.0; +http://ahrefs.com/robot/)" 
49.7.20.102 - - [04/Nov/2021:02:48:11 -0700] "GET / HTTP/1.1" 200 13148 "-" "Sogou web spider/4.0(+http://www.sogou.com/docs/help/webmasters.htm#07)" 
51.222.253.15 - - [04/Nov/2021:02:51:36 -0700] "GET /maccdc2012/files.log.gz HTTP/1.1" 200 78840 "-" "Mozilla/5.0 (compatible; AhrefsBot/7.0; +http://ahrefs.com/robot/)" 
114.119.149.71 - - [04/Nov/2021:02:51:43 -0700] "GET /self.logs/access.log.2019-01-14.gz HTTP/1.1" 200 25786 "-" "Mozilla/5.0 (compatible;PetalBot;+https://webmaster.petalsearch.com/site/petalbot)" 
36.74.40.67 - - [04/Nov/2021:02:52:11 -0700] "GET / HTTP/1.1" 301 475 "-" "Mozilla/5.0 (X11; Linux x86_64) AppleWebKit/534.24 (KHTML, like Gecko) Chrome/79.0.3945.147 Safari/534.24 XiaoMi/MiuiBrowser/12.10.5-go" 
36.74.40.67 - - [04/Nov/2021:02:52:13 -0700] "GET / HTTP/1.1" 200 13185 "-" "Mozilla/5.0 (X11; Linux x86_64) AppleWebKit/534.24 (KHTML, like Gecko) Chrome/79.0.3945.147 Safari/534.24 XiaoMi/MiuiBrowser/12.10.5-go" 
36.74.40.67 - - [04/Nov/2021:02:52:13 -0700] "GET /css/style.css HTTP/1.1" 404 328 "http://www.secrepo.com/" "Mozilla/5.0 (X11; Linux x86_64) AppleWebKit/534.24 (KHTML, like Gecko) Chrome/79.0.3945.147 Safari/534.24 XiaoMi/MiuiBrowser/12.10.5-go" 
36.74.40.67 - - [04/Nov/2021:02:52:13 -0700] "GET /twitter-icon.png HTTP/1.1" 200 27916 "http://www.secrepo.com/" "Mozilla/5.0 (X11; Linux x86_64) AppleWebKit/534.24 (KHTML, like Gecko) Chrome/79.0.3945.147 Safari/534.24 XiaoMi/MiuiBrowser/12.10.5-go" 
36.74.40.67 - - [04/Nov/2021:02:52:13 -0700] "GET /GitHub-Mark.png HTTP/1.1" 200 7556 "http://www.secrepo.com/" "Mozilla/5.0 (X11; Linux x86_64) AppleWebKit/534.24 (KHTML, like Gecko) Chrome/79.0.3945.147 Safari/534.24 XiaoMi/MiuiBrowser/12.10.5-go" 
36.74.40.67 - - [04/Nov/2021:02:52:16 -0700] "GET /bootstrap/img/favicon.ico HTTP/1.1" 200 713 "http://www.secrepo.com/" "Mozilla/5.0 (X11; Linux x86_64) AppleWebKit/534.24 (KHTML, like Gecko) Chrome/79.0.3945.147 Safari/534.24 XiaoMi/MiuiBrowser/12.10.5-go" 
36.74.40.67 - - [04/Nov/2021:02:52:55 -0700] "GET /css/style.css HTTP/1.1" 404 328 "http://www.secrepo.com/" "Mozilla/5.0 (X11; Linux x86_64) AppleWebKit/534.24 (KHTML, like Gecko) Chrome/79.0.3945.147 Safari/534.24 XiaoMi/MiuiBrowser/12.10.5-go" 
165.225.200.185 - - [04/Nov/2021:02:53:14 -0700] "GET /twitter-icon.png HTTP/1.1" 200 27916 "http://www.secrepo.com/" "Mozilla/5.0 (Macintosh; Intel Mac OS X 10_15_7) AppleWebKit/537.36 (KHTML, like Gecko) Chrome/95.0.4638.69 Safari/537.36" 
165.225.200.185 - - [04/Nov/2021:02:53:14 -0700] "GET /css/style.css HTTP/1.1" 404 328 "http://www.secrepo.com/" "Mozilla/5.0 (Macintosh; Intel Mac OS X 10_15_7) AppleWebKit/537.36 (KHTML, like Gecko) Chrome/95.0.4638.69 Safari/537.36" 
51.222.253.10 - - [04/Nov/2021:02:55:57 -0700] "GET /honeypot/BSidesDFW%20-%202014.ipynb HTTP/1.1" 200 930877 "-" "Mozilla/5.0 (compatible; AhrefsBot/7.0; +http://ahrefs.com/robot/)" 
51.222.253.19 - - [04/Nov/2021:03:00:11 -0700] "GET /maccdc2012/signatures.log.gz HTTP/1.1" 200 624 "-" "Mozilla/5.0 (compatible; AhrefsBot/7.0; +http://ahrefs.com/robot/)" 
49.7.20.105 - - [04/Nov/2021:03:00:44 -0700] "GET / HTTP/1.1" 200 13148 "-" "Sogou web spider/4.0(+http://www.sogou.com/docs/help/webmasters.htm#07)" 
49.7.20.102 - - [04/Nov/2021:03:01:43 -0700] "GET / HTTP/1.1" 200 13148 "-" "Sogou web spider/4.0(+http://www.sogou.com/docs/help/webmasters.htm#07)" 
51.222.253.14 - - [04/Nov/2021:03:04:22 -0700] "GET /auth.log/auth.log.gz HTTP/1.1" 200 73000 "-" "Mozilla/5.0 (compatible; AhrefsBot/7.0; +http://ahrefs.com/robot/)" 
51.222.253.7 - - [04/Nov/2021:03:08:24 -0700] "GET /self.logs/access.log.2021-10-28 HTTP/1.1" 200 307 "-" "Mozilla/5.0 (compatible; AhrefsBot/7.0; +http://ahrefs.com/robot/)" 
114.119.149.83 - - [04/Nov/2021:03:09:15 -0700] "GET /self.logs/access.log.2017-07-05.gz HTTP/1.1" 200 22850 "-" "Mozilla/5.0 (compatible;PetalBot;+https://webmaster.petalsearch.com/site/petalbot)" 
51.222.253.18 - - [04/Nov/2021:03:12:19 -0700] "GET /self.logs/access.log.2021-10-29.gz HTTP/1.1" 200 19532 "-" "Mozilla/5.0 (compatible; AhrefsBot/7.0; +http://ahrefs.com/robot/)" 
49.7.20.102 - - [04/Nov/2021:03:14:33 -0700] "GET / HTTP/1.1" 200 13148 "-" "Sogou web spider/4.0(+http://www.sogou.com/docs/help/webmasters.htm#07)" 
51.222.253.7 - - [04/Nov/2021:03:16:33 -0700] "GET /self.logs/error.log.2021-10-28 HTTP/1.1" 200 307 "-" "Mozilla/5.0 (compatible; AhrefsBot/7.0; +http://ahrefs.com/robot/)" 
51.222.253.12 - - [04/Nov/2021:03:20:47 -0700] "GET /self.logs/error.log.2021-10-29.gz HTTP/1.1" 200 1571 "-" "Mozilla/5.0 (compatible; AhrefsBot/7.0; +http://ahrefs.com/robot/)" 
221.224.144.155 - - [04/Nov/2021:03:22:38 -0700] "GET /honeypot/honeypot.json.zip HTTP/1.1" 200 74752 "https://link.csdn.net/?target=http%3A%2F%2Fwww.secrepo.com%2Fhoneypot%2Fhoneypot.json.zip" "Mozilla/5.0 (Windows NT 10.0; Win64; x64) AppleWebKit/537.36 (KHTML, like Gecko) Chrome/95.0.4638.69 Safari/537.36" 
221.224.144.155 - - [04/Nov/2021:03:22:42 -0700] "GET /honeypot/honeypot.json.zip HTTP/1.1" 206 1049032 "https://link.csdn.net/?target=http%3A%2F%2Fwww.secrepo.com%2Fhoneypot%2Fhoneypot.json.zip" "Mozilla/5.0 (Windows NT 10.0; Win64; x64) AppleWebKit/537.36 (KHTML, like Gecko) Chrome/67.0.3396.99 Safari/537.36" 
221.224.144.155 - - [04/Nov/2021:03:22:43 -0700] "GET /honeypot/honeypot.json.zip HTTP/1.1" 206 1049032 "https://link.csdn.net/?target=http%3A%2F%2Fwww.secrepo.com%2Fhoneypot%2Fhoneypot.json.zip" "Mozilla/5.0 (Windows NT 10.0; Win64; x64) AppleWebKit/537.36 (KHTML, like Gecko) Chrome/67.0.3396.99 Safari/537.36" 
221.224.144.155 - - [04/Nov/2021:03:22:42 -0700] "GET /honeypot/honeypot.json.zip HTTP/1.1" 206 1049032 "https://link.csdn.net/?target=http%3A%2F%2Fwww.secrepo.com%2Fhoneypot%2Fhoneypot.json.zip" "Mozilla/5.0 (Windows NT 10.0; Win64; x64) AppleWebKit/537.36 (KHTML, like Gecko) Chrome/67.0.3396.99 Safari/537.36" 
221.224.144.155 - - [04/Nov/2021:03:22:43 -0700] "GET /honeypot/honeypot.json.zip HTTP/1.1" 206 1049032 "https://link.csdn.net/?target=http%3A%2F%2Fwww.secrepo.com%2Fhoneypot%2Fhoneypot.json.zip" "Mozilla/5.0 (Windows NT 10.0; Win64; x64) AppleWebKit/537.36 (KHTML, like Gecko) Chrome/67.0.3396.99 Safari/537.36" 
144.76.118.82 - - [04/Nov/2021:03:23:47 -0700] "GET /robots.txt HTTP/1.1" 200 377 "-" "Mozilla/5.0 (compatible; MJ12bot/v1.4.8; http://mj12bot.com/)" 
144.76.118.82 - - [04/Nov/2021:03:23:51 -0700] "GET /?ref=https://githubhelp.com HTTP/1.1" 200 13141 "-" "Mozilla/5.0 (compatible; MJ12bot/v1.4.8; http://mj12bot.com/)" 
144.76.118.82 - - [04/Nov/2021:03:23:57 -0700] "GET /self.logs/error.log.2021-08-13 HTTP/1.1" 200 307 "-" "Mozilla/5.0 (compatible; MJ12bot/v1.4.8; http://mj12bot.com/)" 
221.224.144.155 - - [04/Nov/2021:03:24:53 -0700] "GET /auth.log/auth.log.gz HTTP/1.1" 200 70216 "https://blog.csdn.net/Eastmount/article/details/108434835" "Mozilla/5.0 (Windows NT 10.0; Win64; x64) AppleWebKit/537.36 (KHTML, like Gecko) Chrome/95.0.4638.69 Safari/537.36" 
51.222.253.7 - - [04/Nov/2021:03:24:57 -0700] "GET /self.logs/access.log.2021-10-30.gz HTTP/1.1" 200 22523 "-" "Mozilla/5.0 (compatible; AhrefsBot/7.0; +http://ahrefs.com/robot/)" 
221.224.144.155 - - [04/Nov/2021:03:25:02 -0700] "GET /auth.log/auth.log.gz HTTP/1.1" 206 456 "-" "Mozilla/5.0 (Windows NT 10.0; Win64; x64) AppleWebKit/537.36 (KHTML, like Gecko) Chrome/95.0.4638.69 Safari/537.36" 
221.224.144.155 - - [04/Nov/2021:03:23:47 -0700] "GET /honeypot/honeypot.json.zip HTTP/1.1" 206 2673103 "https://link.csdn.net/?target=http%3A%2F%2Fwww.secrepo.com%2Fhoneypot%2Fhoneypot.json.zip" "Mozilla/5.0 (Windows NT 10.0; Win64; x64) AppleWebKit/537.36 (KHTML, like Gecko) Chrome/67.0.3396.99 Safari/537.36" 
221.224.144.155 - - [04/Nov/2021:03:22:42 -0700] "GET /honeypot/honeypot.json.zip HTTP/1.1" 200 3600384 "https://link.csdn.net/?target=http%3A%2F%2Fwww.secrepo.com%2Fhoneypot%2Fhoneypot.json.zip" "Mozilla/5.0 (Windows NT 10.0; Win64; x64) AppleWebKit/537.36 (KHTML, like Gecko) Chrome/67.0.3396.99 Safari/537.36" 
221.224.144.155 - - [04/Nov/2021:03:25:03 -0700] "GET /auth.log/auth.log.gz HTTP/1.1" 206 610758 "-" "Mozilla/5.0 (Windows NT 10.0; Win64; x64) AppleWebKit/537.36 (KHTML, like Gecko) Chrome/95.0.4638.69 Safari/537.36" 
221.224.144.155 - - [04/Nov/2021:03:26:08 -0700] "GET /honeypot/honeypot.json.zip HTTP/1.1" 200 74752 "https://link.csdn.net/?target=http%3A%2F%2Fwww.secrepo.com%2Fhoneypot%2Fhoneypot.json.zip" "Mozilla/5.0 (Windows NT 10.0; Win64; x64) AppleWebKit/537.36 (KHTML, like Gecko) Chrome/95.0.4638.69 Safari/537.36" 
168.81.114.129 - - [04/Nov/2021:03:26:15 -0700] "GET /wp-comments.php?pw=AsAjfkel!@&path=wp-comments.php HTTP/1.1" 301 523 "-" "Mozilla/5.0 (Windows NT 10.0; Win64; x64) AppleWebKit/537.36 (KHTML, like Gecko) Chrome/71.0.3578.98 Safari/537.36" 
168.81.114.129 - - [04/Nov/2021:03:26:16 -0700] "GET /wp-comments.php?pw=AsAjfkel!@&path=wp-comments.php HTTP/1.1" 404 284 "-" "Mozilla/5.0 (Windows NT 10.0; Win64; x64) AppleWebKit/537.36 (KHTML, like Gecko) Chrome/71.0.3578.98 Safari/537.36" 
221.224.144.155 - - [04/Nov/2021:03:26:00 -0700] "GET /honeypot/honeypot.json.zip HTTP/1.1" 206 556340 "https://link.csdn.net/?target=http%3A%2F%2Fwww.secrepo.com%2Fhoneypot%2Fhoneypot.json.zip" "Mozilla/5.0 (Windows NT 10.0; Win64; x64) AppleWebKit/537.36 (KHTML, like Gecko) Chrome/67.0.3396.99 Safari/537.36" 
221.224.144.155 - - [04/Nov/2021:03:23:43 -0700] "GET /honeypot/honeypot.json.zip HTTP/1.1" 206 3606528 "https://link.csdn.net/?target=http%3A%2F%2Fwww.secrepo.com%2Fhoneypot%2Fhoneypot.json.zip" "Mozilla/5.0 (Windows NT 10.0; Win64; x64) AppleWebKit/537.36 (KHTML, like Gecko) Chrome/67.0.3396.99 Safari/537.36" 
221.224.144.155 - - [04/Nov/2021:03:26:51 -0700] "GET /honeypot/honeypot.json.zip HTTP/1.1" 206 230023 "https://link.csdn.net/?target=http%3A%2F%2Fwww.secrepo.com%2Fhoneypot%2Fhoneypot.json.zip" "Mozilla/5.0 (Windows NT 10.0; Win64; x64) AppleWebKit/537.36 (KHTML, like Gecko) Chrome/67.0.3396.99 Safari/537.36" 
221.224.144.155 - - [04/Nov/2021:03:23:46 -0700] "GET /honeypot/honeypot.json.zip HTTP/1.1" 206 3387232 "https://link.csdn.net/?target=http%3A%2F%2Fwww.secrepo.com%2Fhoneypot%2Fhoneypot.json.zip" "Mozilla/5.0 (Windows NT 10.0; Win64; x64) AppleWebKit/537.36 (KHTML, like Gecko) Chrome/67.0.3396.99 Safari/537.36" 
221.224.144.155 - - [04/Nov/2021:03:23:16 -0700] "GET /honeypot/honeypot.json.zip HTTP/1.1" 206 3736576 "https://link.csdn.net/?target=http%3A%2F%2Fwww.secrepo.com%2Fhoneypot%2Fhoneypot.json.zip" "Mozilla/5.0 (Windows NT 10.0; Win64; x64) AppleWebKit/537.36 (KHTML, like Gecko) Chrome/67.0.3396.99 Safari/537.36" 
221.224.144.155 - - [04/Nov/2021:03:26:58 -0700] "GET /honeypot/honeypot.json.zip HTTP/1.1" 206 8268 "https://link.csdn.net/?target=http%3A%2F%2Fwww.secrepo.com%2Fhoneypot%2Fhoneypot.json.zip" "Mozilla/5.0 (Windows NT 10.0; Win64; x64) AppleWebKit/537.36 (KHTML, like Gecko) Chrome/67.0.3396.99 Safari/537.36" 
221.224.144.155 - - [04/Nov/2021:03:26:50 -0700] "GET /honeypot/honeypot.json.zip HTTP/1.1" 206 379125 "https://link.csdn.net/?target=http%3A%2F%2Fwww.secrepo.com%2Fhoneypot%2Fhoneypot.json.zip" "Mozilla/5.0 (Windows NT 10.0; Win64; x64) AppleWebKit/537.36 (KHTML, like Gecko) Chrome/67.0.3396.99 Safari/537.36" 
221.224.144.155 - - [04/Nov/2021:03:26:58 -0700] "GET /honeypot/honeypot.json.zip HTTP/1.1" 206 21451 "https://link.csdn.net/?target=http%3A%2F%2Fwww.secrepo.com%2Fhoneypot%2Fhoneypot.json.zip" "Mozilla/5.0 (Windows NT 10.0; Win64; x64) AppleWebKit/537.36 (KHTML, like Gecko) Chrome/67.0.3396.99 Safari/537.36" 
221.224.144.155 - - [04/Nov/2021:03:26:57 -0700] "GET /honeypot/honeypot.json.zip HTTP/1.1" 206 115282 "https://link.csdn.net/?target=http%3A%2F%2Fwww.secrepo.com%2Fhoneypot%2Fhoneypot.json.zip" "Mozilla/5.0 (Windows NT 10.0; Win64; x64) AppleWebKit/537.36 (KHTML, like Gecko) Chrome/67.0.3396.99 Safari/537.36" 
221.224.144.155 - - [04/Nov/2021:03:25:55 -0700] "GET /honeypot/honeypot.json.zip HTTP/1.1" 206 867328 "https://link.csdn.net/?target=http%3A%2F%2Fwww.secrepo.com%2Fhoneypot%2Fhoneypot.json.zip" "Mozilla/5.0 (Windows NT 10.0; Win64; x64) AppleWebKit/537.36 (KHTML, like Gecko) Chrome/67.0.3396.99 Safari/537.36" 
49.7.20.102 - - [04/Nov/2021:03:29:12 -0700] "GET / HTTP/1.1" 200 13148 "-" "Sogou web spider/4.0(+http://www.sogou.com/docs/help/webmasters.htm#07)" 
51.222.253.10 - - [04/Nov/2021:03:29:28 -0700] "GET /self.logs/access.log.2019-04-26.gz HTTP/1.1" 200 23077 "-" "Mozilla/5.0 (compatible; AhrefsBot/7.0; +http://ahrefs.com/robot/)" 
51.222.253.12 - - [04/Nov/2021:03:33:07 -0700] "GET /self.logs/access.log.2019-11-22.gz HTTP/1.1" 200 24264 "-" "Mozilla/5.0 (compatible; AhrefsBot/7.0; +http://ahrefs.com/robot/)" 
51.222.253.4 - - [04/Nov/2021:03:36:44 -0700] "GET /self.logs/error.log.2017-10-18.gz HTTP/1.1" 200 2797 "-" "Mozilla/5.0 (compatible; AhrefsBot/7.0; +http://ahrefs.com/robot/)" 
51.222.253.15 - - [04/Nov/2021:03:40:25 -0700] "GET /self.logs/error.log.2020-05-18.gz HTTP/1.1" 200 918 "-" "Mozilla/5.0 (compatible; AhrefsBot/7.0; +http://ahrefs.com/robot/)" 
216.244.66.245 - - [04/Nov/2021:03:42:31 -0700] "GET /robots.txt HTTP/1.1" 200 333 "-" "Mozilla/5.0 (compatible; DotBot/1.2; +https://opensiteexplorer.org/dotbot; help@moz.com)" 
51.222.253.6 - - [04/Nov/2021:03:44:11 -0700] "GET /self.logs/access.log.2020-01-14.gz HTTP/1.1" 200 17693 "-" "Mozilla/5.0 (compatible; AhrefsBot/7.0; +http://ahrefs.com/robot/)" 
114.119.149.71 - - [04/Nov/2021:03:44:41 -0700] "GET /self.logs/access.log.2017-02-09.gz HTTP/1.1" 200 22853 "-" "Mozilla/5.0 (compatible;PetalBot;+https://webmaster.petalsearch.com/site/petalbot)" 
40.77.167.27 - - [04/Nov/2021:03:45:16 -0700] "GET /self.logs/error.log.2021-05-20.gz HTTP/1.1" 200 10729 "-" "Mozilla/5.0 (compatible; bingbot/2.0; +http://www.bing.com/bingbot.htm)" 
49.7.20.102 - - [04/Nov/2021:03:47:24 -0700] "GET / HTTP/1.1" 200 13148 "-" "Sogou web spider/4.0(+http://www.sogou.com/docs/help/webmasters.htm#07)" 
49.7.20.105 - - [04/Nov/2021:03:51:13 -0700] "GET / HTTP/1.1" 200 13148 "-" "Sogou web spider/4.0(+http://www.sogou.com/docs/help/webmasters.htm#07)" 
51.222.253.19 - - [04/Nov/2021:03:51:35 -0700] "GET /self.logs/error.log.2020-06-20 HTTP/1.1" 200 307 "-" "Mozilla/5.0 (compatible; AhrefsBot/7.0; +http://ahrefs.com/robot/)" 
124.109.49.6 - - [04/Nov/2021:03:52:36 -0700] "GET / HTTP/1.1" 200 49133 "-" "Mozilla/5.0 (Windows NT 10.0; Win64; x64) AppleWebKit/537.36 (KHTML, like Gecko) Chrome/94.0.4606.81 Safari/537.36" 
124.109.49.6 - - [04/Nov/2021:03:52:37 -0700] "GET /css/style.css HTTP/1.1" 404 305 "http://www.secrepo.com/" "Mozilla/5.0 (Windows NT 10.0; Win64; x64) AppleWebKit/537.36 (KHTML, like Gecko) Chrome/94.0.4606.81 Safari/537.36" 
124.109.49.6 - - [04/Nov/2021:03:52:37 -0700] "GET /twitter-icon.png HTTP/1.1" 200 27916 "http://www.secrepo.com/" "Mozilla/5.0 (Windows NT 10.0; Win64; x64) AppleWebKit/537.36 (KHTML, like Gecko) Chrome/94.0.4606.81 Safari/537.36" 
124.109.49.6 - - [04/Nov/2021:03:52:37 -0700] "GET /GitHub-Mark.png HTTP/1.1" 200 7556 "http://www.secrepo.com/" "Mozilla/5.0 (Windows NT 10.0; Win64; x64) AppleWebKit/537.36 (KHTML, like Gecko) Chrome/94.0.4606.81 Safari/537.36" 
124.109.49.6 - - [04/Nov/2021:03:52:43 -0700] "GET /bootstrap/img/favicon.ico HTTP/1.1" 200 713 "http://www.secrepo.com/" "Mozilla/5.0 (Windows NT 10.0; Win64; x64) AppleWebKit/537.36 (KHTML, like Gecko) Chrome/94.0.4606.81 Safari/537.36" 
216.244.66.245 - - [04/Nov/2021:03:53:03 -0700] "GET /self.logs/error.log.2021-04-22.gz HTTP/1.1" 200 7970 "-" "Mozilla/5.0 (compatible; DotBot/1.2; +https://opensiteexplorer.org/dotbot; help@moz.com)" 
216.244.66.245 - - [04/Nov/2021:03:53:08 -0700] "GET /self.logs/error.log.2021-05-20.gz HTTP/1.1" 200 10685 "-" "Mozilla/5.0 (compatible; DotBot/1.2; +https://opensiteexplorer.org/dotbot; help@moz.com)" 
216.244.66.245 - - [04/Nov/2021:03:53:26 -0700] "GET /self.logs/error.log.2020-08-08.gz HTTP/1.1" 200 964 "-" "Mozilla/5.0 (compatible; DotBot/1.2; +https://opensiteexplorer.org/dotbot; help@moz.com)" 
216.244.66.245 - - [04/Nov/2021:03:53:29 -0700] "GET /self.logs/error.log.2020-08-23 HTTP/1.1" 200 307 "-" "Mozilla/5.0 (compatible; DotBot/1.2; +https://opensiteexplorer.org/dotbot; help@moz.com)" 
216.244.66.245 - - [04/Nov/2021:03:53:32 -0700] "GET /self.logs/error.log.2020-09-04 HTTP/1.1" 200 307 "-" "Mozilla/5.0 (compatible; DotBot/1.2; +https://opensiteexplorer.org/dotbot; help@moz.com)" 
216.244.66.245 - - [04/Nov/2021:03:53:34 -0700] "GET /self.logs/error.log.2020-10-17 HTTP/1.1" 200 307 "-" "Mozilla/5.0 (compatible; DotBot/1.2; +https://opensiteexplorer.org/dotbot; help@moz.com)" 
216.244.66.245 - - [04/Nov/2021:03:53:36 -0700] "GET /self.logs/error.log.2020-12-04 HTTP/1.1" 200 307 "-" "Mozilla/5.0 (compatible; DotBot/1.2; +https://opensiteexplorer.org/dotbot; help@moz.com)" 
40.77.167.66 - - [04/Nov/2021:03:54:23 -0700] "GET /self.logs/error.log.2021-02-02.gz HTTP/1.1" 200 2413 "-" "Mozilla/5.0 (compatible; bingbot/2.0; +http://www.bing.com/bingbot.htm)" 
51.222.253.16 - - [04/Nov/2021:03:55:12 -0700] "GET /self.logs/access.log.2021-03-10.gz HTTP/1.1" 200 29938 "-" "Mozilla/5.0 (compatible; AhrefsBot/7.0; +http://ahrefs.com/robot/)" 
51.222.253.11 - - [04/Nov/2021:03:58:32 -0700] "GET /self.logs/error.log.2017-02-17.gz HTTP/1.1" 200 874 "-" "Mozilla/5.0 (compatible; AhrefsBot/7.0; +http://ahrefs.com/robot/)" 
51.222.253.3 - - [04/Nov/2021:04:02:02 -0700] "GET /self.logs/error.log.2020-11-21 HTTP/1.1" 200 307 "-" "Mozilla/5.0 (compatible; AhrefsBot/7.0; +http://ahrefs.com/robot/)" 
114.119.149.89 - - [04/Nov/2021:04:02:28 -0700] "GET /self.logs/access.log.2017-08-18.gz HTTP/1.1" 200 15470 "-" "Mozilla/5.0 (compatible;PetalBot;+https://webmaster.petalsearch.com/site/petalbot)" 
51.222.253.13 - - [04/Nov/2021:04:05:41 -0700] "GET /self.logs/access.log.2018-05-24.gz HTTP/1.1" 200 18756 "-" "Mozilla/5.0 (compatible; AhrefsBot/7.0; +http://ahrefs.com/robot/)" 
51.222.253.3 - - [04/Nov/2021:04:08:59 -0700] "GET /self.logs/error.log.2020-06-30.gz HTTP/1.1" 200 2184 "-" "Mozilla/5.0 (compatible; AhrefsBot/7.0; +http://ahrefs.com/robot/)" 
61.158.152.1 - - [04/Nov/2021:04:10:47 -0700] "GET / HTTP/1.1" 200 13184 "-" "Mozilla/5.0 (Windows NT 10.0; Win64; x64) AppleWebKit/537.36 (KHTML, like Gecko) Chrome/95.0.4638.54 Safari/537.36" 
61.158.152.1 - - [04/Nov/2021:04:10:47 -0700] "GET /css/style.css HTTP/1.1" 404 305 "http://www.secrepo.com/" "Mozilla/5.0 (Windows NT 10.0; Win64; x64) AppleWebKit/537.36 (KHTML, like Gecko) Chrome/95.0.4638.54 Safari/537.36" 
61.158.152.1 - - [04/Nov/2021:04:10:47 -0700] "GET /twitter-icon.png HTTP/1.1" 200 27916 "http://www.secrepo.com/" "Mozilla/5.0 (Windows NT 10.0; Win64; x64) AppleWebKit/537.36 (KHTML, like Gecko) Chrome/95.0.4638.54 Safari/537.36" 
61.158.152.1 - - [04/Nov/2021:04:10:48 -0700] "GET /GitHub-Mark.png HTTP/1.1" 200 7556 "http://www.secrepo.com/" "Mozilla/5.0 (Windows NT 10.0; Win64; x64) AppleWebKit/537.36 (KHTML, like Gecko) Chrome/95.0.4638.54 Safari/537.36" 
61.158.152.1 - - [04/Nov/2021:04:11:19 -0700] "GET /bootstrap/img/favicon.ico HTTP/1.1" 200 713 "http://www.secrepo.com/" "Mozilla/5.0 (Windows NT 10.0; Win64; x64) AppleWebKit/537.36 (KHTML, like Gecko) Chrome/95.0.4638.54 Safari/537.36" 
49.7.20.102 - - [04/Nov/2021:04:13:09 -0700] "GET / HTTP/1.1" 200 13147 "-" "Sogou web spider/4.0(+http://www.sogou.com/docs/help/webmasters.htm#07)" 
51.222.253.11 - - [04/Nov/2021:04:15:52 -0700] "GET /self.logs/access.log.2021-03-19.gz HTTP/1.1" 200 12829 "-" "Mozilla/5.0 (compatible; AhrefsBot/7.0; +http://ahrefs.com/robot/)" 
40.77.167.66 - - [04/Nov/2021:04:17:51 -0700] "GET /self.logs/error.log.2017-07-21.gz HTTP/1.1" 200 900 "-" "Mozilla/5.0 (compatible; bingbot/2.0; +http://www.bing.com/bingbot.htm)" 
51.222.253.11 - - [04/Nov/2021:04:19:10 -0700] "GET /self.logs/access.log.2020-05-15.gz HTTP/1.1" 200 9620 "-" "Mozilla/5.0 (compatible; AhrefsBot/7.0; +http://ahrefs.com/robot/)" 
114.119.149.71 - - [04/Nov/2021:04:20:10 -0700] "GET /self.logs/error.log.2020-01-26.gz HTTP/1.1" 200 1079 "-" "Mozilla/5.0 (compatible;PetalBot;+https://webmaster.petalsearch.com/site/petalbot)" 
207.46.13.154 - - [04/Nov/2021:04:20:42 -0700] "GET /self.logs/error.log.2021-10-10.gz HTTP/1.1" 200 1983 "-" "Mozilla/5.0 (compatible; bingbot/2.0; +http://www.bing.com/bingbot.htm)" 
51.222.253.17 - - [04/Nov/2021:04:22:28 -0700] "GET /self.logs/error.log.2019-04-29.gz HTTP/1.1" 200 15477 "-" "Mozilla/5.0 (compatible; AhrefsBot/7.0; +http://ahrefs.com/robot/)" 
51.222.253.9 - - [04/Nov/2021:04:25:51 -0700] "GET /self.logs/access.log.2020-10-26.gz HTTP/1.1" 200 12128 "-" "Mozilla/5.0 (compatible; AhrefsBot/7.0; +http://ahrefs.com/robot/)" 
66.249.66.86 - - [04/Nov/2021:04:27:48 -0700] "GET /ads.txt HTTP/1.1" 404 328 "-" "Mozilla/5.0 (compatible; Googlebot/2.1; +http://www.google.com/bot.html)" 
13.66.139.1 - - [04/Nov/2021:04:28:30 -0700] "GET /robots.txt HTTP/1.1" 301 495 "-" "Mozilla/5.0 (compatible; bingbot/2.0; +http://www.bing.com/bingbot.htm)" 
13.66.139.1 - - [04/Nov/2021:04:28:31 -0700] "GET /robots.txt HTTP/1.1" 200 377 "-" "Mozilla/5.0 (compatible; bingbot/2.0; +http://www.bing.com/bingbot.htm)" 
13.66.139.0 - - [04/Nov/2021:04:28:47 -0700] "GET /self.logs/access.log.2017-01-30.gz HTTP/1.1" 301 543 "-" "Mozilla/5.0 (compatible; bingbot/2.0; +http://www.bing.com/bingbot.htm)" 
51.222.253.13 - - [04/Nov/2021:04:29:04 -0700] "GET /self.logs/error.log.2017-10-17.gz HTTP/1.1" 200 4081 "-" "Mozilla/5.0 (compatible; AhrefsBot/7.0; +http://ahrefs.com/robot/)" 
51.222.253.11 - - [04/Nov/2021:04:32:31 -0700] "GET /self.logs/error.log.2020-03-23 HTTP/1.1" 200 307 "-" "Mozilla/5.0 (compatible; AhrefsBot/7.0; +http://ahrefs.com/robot/)" 
216.244.66.245 - - [04/Nov/2021:04:35:54 -0700] "GET /robots.txt HTTP/1.1" 301 439 "-" "Mozilla/5.0 (compatible; DotBot/1.2; +https://opensiteexplorer.org/dotbot; help@moz.com)" 
216.244.66.245 - - [04/Nov/2021:04:35:54 -0700] "GET /robots.txt HTTP/1.1" 200 333 "-" "Mozilla/5.0 (compatible; DotBot/1.2; +https://opensiteexplorer.org/dotbot; help@moz.com)" 
216.244.66.245 - - [04/Nov/2021:04:35:54 -0700] "GET /robots.txt HTTP/1.1" 200 333 "-" "Mozilla/5.0 (compatible; DotBot/1.2; +https://opensiteexplorer.org/dotbot; help@moz.com)" 
51.222.253.6 - - [04/Nov/2021:04:36:01 -0700] "GET /self.logs/access.log.2017-11-05.gz HTTP/1.1" 200 26646 "-" "Mozilla/5.0 (compatible; AhrefsBot/7.0; +http://ahrefs.com/robot/)" 
51.222.253.5 - - [04/Nov/2021:04:39:29 -0700] "GET /self.logs/access.log.2020-06-02.gz HTTP/1.1" 200 19139 "-" "Mozilla/5.0 (compatible; AhrefsBot/7.0; +http://ahrefs.com/robot/)" 
49.7.20.102 - - [04/Nov/2021:04:41:16 -0700] "GET / HTTP/1.1" 200 13148 "-" "Sogou web spider/4.0(+http://www.sogou.com/docs/help/webmasters.htm#07)" 
49.7.20.105 - - [04/Nov/2021:04:42:04 -0700] "GET / HTTP/1.1" 200 13148 "-" "Sogou web spider/4.0(+http://www.sogou.com/docs/help/webmasters.htm#07)" 
216.244.66.245 - - [04/Nov/2021:04:43:49 -0700] "GET /maccdc2012/conn.log.gz HTTP/1.1" 301 463 "-" "Mozilla/5.0 (compatible; DotBot/1.2; +https://opensiteexplorer.org/dotbot; help@moz.com)" 
40.77.167.27 - - [04/Nov/2021:04:45:43 -0700] "GET /self.logs/error.log.2017-10-18.gz HTTP/1.1" 200 2841 "-" "Mozilla/5.0 (compatible; bingbot/2.0; +http://www.bing.com/bingbot.htm)" 
51.222.253.20 - - [04/Nov/2021:04:46:16 -0700] "GET /self.logs/access.log.2018-05-07.gz HTTP/1.1" 200 20746 "-" "Mozilla/5.0 (compatible; AhrefsBot/7.0; +http://ahrefs.com/robot/)" 
216.244.66.245 - - [04/Nov/2021:04:46:33 -0700] "GET /self.logs/error.log.2021-02-01.gz HTTP/1.1" 200 5434 "-" "Mozilla/5.0 (compatible; DotBot/1.2; +https://opensiteexplorer.org/dotbot; help@moz.com)" 
216.244.66.245 - - [04/Nov/2021:04:46:58 -0700] "GET /self.logs/error.log.2020-07-28 HTTP/1.1" 200 307 "-" "Mozilla/5.0 (compatible; DotBot/1.2; +https://opensiteexplorer.org/dotbot; help@moz.com)" 
216.244.66.245 - - [04/Nov/2021:04:47:02 -0700] "GET /self.logs/error.log.2020-09-25.gz HTTP/1.1" 200 1294 "-" "Mozilla/5.0 (compatible; DotBot/1.2; +https://opensiteexplorer.org/dotbot; help@moz.com)" 
216.244.66.245 - - [04/Nov/2021:04:47:05 -0700] "GET /self.logs/error.log.2020-11-27 HTTP/1.1" 200 4500 "-" "Mozilla/5.0 (compatible; DotBot/1.2; +https://opensiteexplorer.org/dotbot; help@moz.com)" 
216.244.66.245 - - [04/Nov/2021:04:47:07 -0700] "GET /self.logs/error.log.2021-02-07.gz HTTP/1.1" 200 2989 "-" "Mozilla/5.0 (compatible; DotBot/1.2; +https://opensiteexplorer.org/dotbot; help@moz.com)" 
51.222.253.6 - - [04/Nov/2021:04:49:44 -0700] "GET /self.logs/access.log.2017-01-18.gz HTTP/1.1" 200 15324 "-" "Mozilla/5.0 (compatible; AhrefsBot/7.0; +http://ahrefs.com/robot/)" 
51.222.253.15 - - [04/Nov/2021:04:53:16 -0700] "GET /self.logs/access.log.2020-11-20.gz HTTP/1.1" 200 12397 "-" "Mozilla/5.0 (compatible; AhrefsBot/7.0; +http://ahrefs.com/robot/)" 
114.119.149.71 - - [04/Nov/2021:04:55:26 -0700] "GET /self.logs/access.log.2018-09-15.gz HTTP/1.1" 200 24240 "-" "Mozilla/5.0 (compatible;PetalBot;+https://webmaster.petalsearch.com/site/petalbot)" 
5.102.173.71 - - [04/Nov/2021:04:56:01 -0700] "GET /robots.txt HTTP/1.1" 200 333 "-" "Mozilla/5.0 (compatible; MojeekBot/0.10; +https://www.mojeek.com/bot.html)" 
5.102.173.71 - - [04/Nov/2021:04:56:02 -0700] "GET / HTTP/1.1" 200 13107 "-" "Mozilla/5.0 (compatible; MojeekBot/0.10; +https://www.mojeek.com/bot.html)" 
51.222.253.6 - - [04/Nov/2021:04:56:40 -0700] "GET /self.logs/error.log.2020-10-01 HTTP/1.1" 200 307 "-" "Mozilla/5.0 (compatible; AhrefsBot/7.0; +http://ahrefs.com/robot/)" 
51.222.253.4 - - [04/Nov/2021:05:00:07 -0700] "GET /self.logs/access.log.2021-06-17.gz HTTP/1.1" 200 28447 "-" "Mozilla/5.0 (compatible; AhrefsBot/7.0; +http://ahrefs.com/robot/)" 
51.222.253.17 - - [04/Nov/2021:05:03:42 -0700] "GET /self.logs/error.log.2019-05-14.gz HTTP/1.1" 200 5399 "-" "Mozilla/5.0 (compatible; AhrefsBot/7.0; +http://ahrefs.com/robot/)" 
40.89.246.61 - - [04/Nov/2021:05:04:01 -0700] "GET /Datasets%20Description/PE_malware/OPCleaver.html HTTP/1.1" 200 1458 "-" "python-requests/2.25.1" 
40.89.246.61 - - [04/Nov/2021:05:04:02 -0700] "GET /Datasets%20Description/PE_malware/OPCleaver.html HTTP/1.1" 200 1458 "-" "Mozilla/5.0 (X11; Linux x86_64) AppleWebKit/537.36 (KHTML, like Gecko) HeadlessChrome/88.0.4298.0 Safari/537.36" 
40.77.167.66 - - [04/Nov/2021:05:06:19 -0700] "GET /Datasets%20Description/Network/http.html HTTP/1.1" 200 1709 "-" "Mozilla/5.0 (compatible; bingbot/2.0; +http://www.bing.com/bingbot.htm)" 
51.222.253.20 - - [04/Nov/2021:05:07:07 -0700] "GET /self.logs/access.log.2020-12-22.gz HTTP/1.1" 200 18739 "-" "Mozilla/5.0 (compatible; AhrefsBot/7.0; +http://ahrefs.com/robot/)" 
40.77.167.27 - - [04/Nov/2021:05:08:24 -0700] "GET /Datasets%20Description/Network/?C=S;O=D HTTP/1.1" 200 766 "-" "Mozilla/5.0 (compatible; bingbot/2.0; +http://www.bing.com/bingbot.htm)" 
49.7.20.102 - - [04/Nov/2021:05:09:17 -0700] "GET / HTTP/1.1" 200 13147 "-" "Sogou web spider/4.0(+http://www.sogou.com/docs/help/webmasters.htm#07)" 
51.222.253.5 - - [04/Nov/2021:05:10:39 -0700] "GET /self.logs/error.log.2021-06-17.gz HTTP/1.1" 200 3777 "-" "Mozilla/5.0 (compatible; AhrefsBot/7.0; +http://ahrefs.com/robot/)" 
51.222.253.6 - - [04/Nov/2021:05:14:03 -0700] "GET /self.logs/access.log.2019-12-29.gz HTTP/1.1" 200 19343 "-" "Mozilla/5.0 (compatible; AhrefsBot/7.0; +http://ahrefs.com/robot/)" 
51.222.253.12 - - [04/Nov/2021:05:17:35 -0700] "GET /self.logs/error.log.2020-11-26.gz HTTP/1.1" 200 738 "-" "Mozilla/5.0 (compatible; AhrefsBot/7.0; +http://ahrefs.com/robot/)" 
52.80.218.78 - - [04/Nov/2021:05:20:21 -0700] "GET / HTTP/1.1" 200 13185 "-" "Mozilla/5.0 (iPhone; CPU iPhone OS 11_0 like Mac OS X) AppleWebKit/604.1.38 (KHTML, like Gecko) Version/11.0 Mobile/15A356 Safari/604.1" 
52.80.218.78 - - [04/Nov/2021:05:20:21 -0700] "GET /twitter-icon.png HTTP/1.1" 200 27916 "http://www.secrepo.com/" "Mozilla/5.0 (iPhone; CPU iPhone OS 11_0 like Mac OS X) AppleWebKit/604.1.38 (KHTML, like Gecko) Version/11.0 Mobile/15A356 Safari/604.1" 
52.80.218.78 - - [04/Nov/2021:05:20:21 -0700] "GET /css/style.css HTTP/1.1" 404 305 "http://www.secrepo.com/" "Mozilla/5.0 (iPhone; CPU iPhone OS 11_0 like Mac OS X) AppleWebKit/604.1.38 (KHTML, like Gecko) Version/11.0 Mobile/15A356 Safari/604.1" 
52.80.218.78 - - [04/Nov/2021:05:20:21 -0700] "GET /GitHub-Mark.png HTTP/1.1" 200 7533 "http://www.secrepo.com/" "Mozilla/5.0 (iPhone; CPU iPhone OS 11_0 like Mac OS X) AppleWebKit/604.1.38 (KHTML, like Gecko) Version/11.0 Mobile/15A356 Safari/604.1" 
51.222.253.16 - - [04/Nov/2021:05:21:05 -0700] "GET /self.logs/error.log.2017-07-14.gz HTTP/1.1" 200 985 "-" "Mozilla/5.0 (compatible; AhrefsBot/7.0; +http://ahrefs.com/robot/)" 
51.222.253.12 - - [04/Nov/2021:05:22:03 -0700] "GET /Datasets%20Description/PE_malware/OPCleaver.html HTTP/1.1" 301 511 "-" "Mozilla/5.0 (compatible; AhrefsBot/7.0; +http://ahrefs.com/robot/)" 
51.222.253.19 - - [04/Nov/2021:05:24:33 -0700] "GET /self.logs/access.log.2018-03-08.gz HTTP/1.1" 200 40489 "-" "Mozilla/5.0 (compatible; AhrefsBot/7.0; +http://ahrefs.com/robot/)" 
51.222.253.1 - - [04/Nov/2021:05:28:02 -0700] "GET /self.logs/access.log.2020-01-12.gz HTTP/1.1" 200 18818 "-" "Mozilla/5.0 (compatible; AhrefsBot/7.0; +http://ahrefs.com/robot/)" 
216.244.66.245 - - [04/Nov/2021:05:29:22 -0700] "GET /robots.txt HTTP/1.1" 200 333 "-" "Mozilla/5.0 (compatible; DotBot/1.2; +https://opensiteexplorer.org/dotbot; help@moz.com)" 
49.7.20.105 - - [04/Nov/2021:05:30:21 -0700] "GET / HTTP/1.1" 200 13148 "-" "Sogou web spider/4.0(+http://www.sogou.com/docs/help/webmasters.htm#07)" 
51.222.253.11 - - [04/Nov/2021:05:31:22 -0700] "GET /self.logs/error.log.2021-10-30.gz HTTP/1.1" 200 2396 "-" "Mozilla/5.0 (compatible; AhrefsBot/7.0; +http://ahrefs.com/robot/)" 
51.222.253.4 - - [04/Nov/2021:05:35:06 -0700] "GET / HTTP/1.1" 200 13141 "-" "Mozilla/5.0 (compatible; AhrefsBot/7.0; +http://ahrefs.com/robot/)" 
49.7.20.102 - - [04/Nov/2021:05:35:37 -0700] "GET / HTTP/1.1" 200 13148 "-" "Sogou web spider/4.0(+http://www.sogou.com/docs/help/webmasters.htm#07)" 
123.183.224.2 - - [04/Nov/2021:05:38:18 -0700] "GET /css/style.css HTTP/1.1" 301 464 "http://secrepo.com/" "Mozilla/5.0 (X11; Linux x86_64) AppleWebKit/537.36 (KHTML, like Gecko) Chrome/73.0.3683.86 Safari/537.36" 
123.183.224.2 - - [04/Nov/2021:05:38:19 -0700] "GET /css/style.css HTTP/1.1" 404 291 "http://secrepo.com/" "Mozilla/5.0 (X11; Linux x86_64) AppleWebKit/537.36 (KHTML, like Gecko) Chrome/73.0.3683.86 Safari/537.36" 
123.183.224.2 - - [04/Nov/2021:05:38:20 -0700] "GET /css/style.css HTTP/1.1" 301 464 "http://secrepo.com/" "Mozilla/5.0 (X11; Linux x86_64) AppleWebKit/537.36 (KHTML, like Gecko) Chrome/73.0.3683.86 Safari/537.36" 
123.183.224.2 - - [04/Nov/2021:05:38:20 -0700] "GET /css/style.css HTTP/1.1" 404 291 "http://secrepo.com/" "Mozilla/5.0 (X11; Linux x86_64) AppleWebKit/537.36 (KHTML, like Gecko) Chrome/73.0.3683.86 Safari/537.36" 
123.183.224.2 - - [04/Nov/2021:05:38:21 -0700] "GET /css/style.css HTTP/1.1" 301 464 "http://secrepo.com/" "Mozilla/5.0 (X11; Linux x86_64) AppleWebKit/537.36 (KHTML, like Gecko) Chrome/73.0.3683.86 Safari/537.36" 
123.183.224.2 - - [04/Nov/2021:05:38:21 -0700] "GET /css/style.css HTTP/1.1" 404 291 "http://secrepo.com/" "Mozilla/5.0 (X11; Linux x86_64) AppleWebKit/537.36 (KHTML, like Gecko) Chrome/73.0.3683.86 Safari/537.36" 
49.7.20.159 - - [04/Nov/2021:05:38:22 -0700] "GET /css/style.css HTTP/1.1" 301 464 "http://secrepo.com/" "Mozilla/5.0 (X11; Linux x86_64) AppleWebKit/537.36 (KHTML, like Gecko) Chrome/73.0.3683.86 Safari/537.36" 
49.7.20.159 - - [04/Nov/2021:05:38:25 -0700] "GET /css/style.css HTTP/1.1" 404 291 "http://secrepo.com/" "Mozilla/5.0 (X11; Linux x86_64) AppleWebKit/537.36 (KHTML, like Gecko) Chrome/73.0.3683.86 Safari/537.36" 
49.7.20.159 - - [04/Nov/2021:05:38:25 -0700] "GET /css/style.css HTTP/1.1" 301 464 "http://secrepo.com/" "Mozilla/5.0 (X11; Linux x86_64) AppleWebKit/537.36 (KHTML, like Gecko) Chrome/73.0.3683.86 Safari/537.36" 
49.7.20.159 - - [04/Nov/2021:05:38:26 -0700] "GET /css/style.css HTTP/1.1" 404 291 "http://secrepo.com/" "Mozilla/5.0 (X11; Linux x86_64) AppleWebKit/537.36 (KHTML, like Gecko) Chrome/73.0.3683.86 Safari/537.36" 
216.244.66.245 - - [04/Nov/2021:05:40:46 -0700] "GET /self.logs/2015/access.log.2015-03-30.gz HTTP/1.1" 200 8025 "-" "Mozilla/5.0 (compatible; DotBot/1.2; +https://opensiteexplorer.org/dotbot; help@moz.com)" 
216.244.66.245 - - [04/Nov/2021:05:40:50 -0700] "GET /self.logs/2015/access.log.2015-07-08.gz HTTP/1.1" 200 4738 "-" "Mozilla/5.0 (compatible; DotBot/1.2; +https://opensiteexplorer.org/dotbot; help@moz.com)" 
216.244.66.245 - - [04/Nov/2021:05:40:54 -0700] "GET /self.logs/2015/error.log.2015-05-15.gz HTTP/1.1" 200 1140 "-" "Mozilla/5.0 (compatible; DotBot/1.2; +https://opensiteexplorer.org/dotbot; help@moz.com)" 
216.244.66.245 - - [04/Nov/2021:05:40:58 -0700] "GET /self.logs/2015/error.log.2015-10-14.gz HTTP/1.1" 200 906 "-" "Mozilla/5.0 (compatible; DotBot/1.2; +https://opensiteexplorer.org/dotbot; help@moz.com)" 
216.244.66.245 - - [04/Nov/2021:05:41:02 -0700] "GET /self.logs/2016/access.log.2016-01-07.gz HTTP/1.1" 200 7377 "-" "Mozilla/5.0 (compatible; DotBot/1.2; +https://opensiteexplorer.org/dotbot; help@moz.com)" 
157.55.39.54 - - [04/Nov/2021:05:41:04 -0700] "GET /self.logs/error.log.2018-06-29.gz HTTP/1.1" 200 5474 "-" "Mozilla/5.0 (compatible; bingbot/2.0; +http://www.bing.com/bingbot.htm)" 
216.244.66.245 - - [04/Nov/2021:05:41:04 -0700] "GET /self.logs/2016/access.log.2016-02-13.gz HTTP/1.1" 200 7148 "-" "Mozilla/5.0 (compatible; DotBot/1.2; +https://opensiteexplorer.org/dotbot; help@moz.com)" 
216.244.66.245 - - [04/Nov/2021:05:41:06 -0700] "GET /self.logs/2016/access.log.2016-09-01.gz HTTP/1.1" 200 12672 "-" "Mozilla/5.0 (compatible; DotBot/1.2; +https://opensiteexplorer.org/dotbot; help@moz.com)" 
216.244.66.245 - - [04/Nov/2021:05:41:08 -0700] "GET /self.logs/2016/access.log.2016-09-05.gz HTTP/1.1" 200 10153 "-" "Mozilla/5.0 (compatible; DotBot/1.2; +https://opensiteexplorer.org/dotbot; help@moz.com)" 
216.244.66.245 - - [04/Nov/2021:05:41:09 -0700] "GET /self.logs/2016/access.log.2016-11-30.gz HTTP/1.1" 200 12100 "-" "Mozilla/5.0 (compatible; DotBot/1.2; +https://opensiteexplorer.org/dotbot; help@moz.com)" 
216.244.66.245 - - [04/Nov/2021:05:41:10 -0700] "GET /self.logs/2016/access.log.2016-12-31.gz HTTP/1.1" 200 6818 "-" "Mozilla/5.0 (compatible; DotBot/1.2; +https://opensiteexplorer.org/dotbot; help@moz.com)" 
216.244.66.245 - - [04/Nov/2021:05:41:12 -0700] "GET /self.logs/2016/error.log.2016-01-18.gz HTTP/1.1" 200 1162 "-" "Mozilla/5.0 (compatible; DotBot/1.2; +https://opensiteexplorer.org/dotbot; help@moz.com)" 
216.244.66.245 - - [04/Nov/2021:05:41:13 -0700] "GET /self.logs/2016/error.log.2016-03-30.gz HTTP/1.1" 200 875 "-" "Mozilla/5.0 (compatible; DotBot/1.2; +https://opensiteexplorer.org/dotbot; help@moz.com)" 
216.244.66.245 - - [04/Nov/2021:05:41:14 -0700] "GET /self.logs/2016/error.log.2016-04-14.gz HTTP/1.1" 200 852 "-" "Mozilla/5.0 (compatible; DotBot/1.2; +https://opensiteexplorer.org/dotbot; help@moz.com)" 
216.244.66.245 - - [04/Nov/2021:05:41:14 -0700] "GET /self.logs/2016/error.log.2016-04-27.gz HTTP/1.1" 200 771 "-" "Mozilla/5.0 (compatible; DotBot/1.2; +https://opensiteexplorer.org/dotbot; help@moz.com)" 
216.244.66.245 - - [04/Nov/2021:05:41:15 -0700] "GET /self.logs/2016/error.log.2016-07-29.gz HTTP/1.1" 200 1026 "-" "Mozilla/5.0 (compatible; DotBot/1.2; +https://opensiteexplorer.org/dotbot; help@moz.com)" 
216.244.66.245 - - [04/Nov/2021:05:41:16 -0700] "GET /self.logs/2016/error.log.2016-12-05.gz HTTP/1.1" 200 906 "-" "Mozilla/5.0 (compatible; DotBot/1.2; +https://opensiteexplorer.org/dotbot; help@moz.com)" 
216.244.66.245 - - [04/Nov/2021:05:41:17 -0700] "GET /self.logs/access.log.2017-09-08.gz HTTP/1.1" 200 24280 "-" "Mozilla/5.0 (compatible; DotBot/1.2; +https://opensiteexplorer.org/dotbot; help@moz.com)" 
216.244.66.245 - - [04/Nov/2021:05:41:18 -0700] "GET /self.logs/access.log.2017-11-15.gz HTTP/1.1" 200 29578 "-" "Mozilla/5.0 (compatible; DotBot/1.2; +https://opensiteexplorer.org/dotbot; help@moz.com)" 
216.244.66.245 - - [04/Nov/2021:05:41:19 -0700] "GET /self.logs/access.log.2017-12-04.gz HTTP/1.1" 200 24655 "-" "Mozilla/5.0 (compatible; DotBot/1.2; +https://opensiteexplorer.org/dotbot; help@moz.com)" 
216.244.66.245 - - [04/Nov/2021:05:41:21 -0700] "GET /self.logs/access.log.2018-02-28.gz HTTP/1.1" 200 24554 "-" "Mozilla/5.0 (compatible; DotBot/1.2; +https://opensiteexplorer.org/dotbot; help@moz.com)" 
216.244.66.245 - - [04/Nov/2021:05:41:23 -0700] "GET /self.logs/access.log.2018-09-24.gz HTTP/1.1" 200 23526 "-" "Mozilla/5.0 (compatible; DotBot/1.2; +https://opensiteexplorer.org/dotbot; help@moz.com)" 
216.244.66.245 - - [04/Nov/2021:05:41:25 -0700] "GET /self.logs/access.log.2018-11-25.gz HTTP/1.1" 200 66750 "-" "Mozilla/5.0 (compatible; DotBot/1.2; +https://opensiteexplorer.org/dotbot; help@moz.com)" 
216.244.66.245 - - [04/Nov/2021:05:41:26 -0700] "GET /self.logs/access.log.2019-03-01.gz HTTP/1.1" 200 32866 "-" "Mozilla/5.0 (compatible; DotBot/1.2; +https://opensiteexplorer.org/dotbot; help@moz.com)" 
216.244.66.245 - - [04/Nov/2021:05:41:27 -0700] "GET /self.logs/access.log.2019-04-13.gz HTTP/1.1" 200 20758 "-" "Mozilla/5.0 (compatible; DotBot/1.2; +https://opensiteexplorer.org/dotbot; help@moz.com)" 
216.244.66.245 - - [04/Nov/2021:05:41:28 -0700] "GET /self.logs/access.log.2019-04-17.gz HTTP/1.1" 200 33706 "-" "Mozilla/5.0 (compatible; DotBot/1.2; +https://opensiteexplorer.org/dotbot; help@moz.com)" 
216.244.66.245 - - [04/Nov/2021:05:41:29 -0700] "GET /self.logs/access.log.2019-07-06.gz HTTP/1.1" 200 16790 "-" "Mozilla/5.0 (compatible; DotBot/1.2; +https://opensiteexplorer.org/dotbot; help@moz.com)" 
216.244.66.245 - - [04/Nov/2021:05:41:30 -0700] "GET /self.logs/access.log.2019-09-22.gz HTTP/1.1" 200 21301 "-" "Mozilla/5.0 (compatible; DotBot/1.2; +https://opensiteexplorer.org/dotbot; help@moz.com)" 
216.244.66.245 - - [04/Nov/2021:05:41:31 -0700] "GET /self.logs/access.log.2020-01-06.gz HTTP/1.1" 200 13858 "-" "Mozilla/5.0 (compatible; DotBot/1.2; +https://opensiteexplorer.org/dotbot; help@moz.com)" 
216.244.66.245 - - [04/Nov/2021:05:41:32 -0700] "GET /self.logs/error.log.2018-10-10.gz HTTP/1.1" 200 5678 "-" "Mozilla/5.0 (compatible; DotBot/1.2; +https://opensiteexplorer.org/dotbot; help@moz.com)" 
216.244.66.245 - - [04/Nov/2021:05:41:34 -0700] "GET /self.logs/error.log.2018-03-17.gz HTTP/1.1" 200 4729 "-" "Mozilla/5.0 (compatible; DotBot/1.2; +https://opensiteexplorer.org/dotbot; help@moz.com)" 
216.244.66.245 - - [04/Nov/2021:05:42:11 -0700] "GET /self.logs/error.log.2018-11-21.gz HTTP/1.1" 200 4582 "-" "Mozilla/5.0 (compatible; DotBot/1.2; +https://opensiteexplorer.org/dotbot; help@moz.com)" 
51.222.253.16 - - [04/Nov/2021:05:44:16 -0700] "GET /self.logs/access.log.2019-01-08.gz HTTP/1.1" 200 24652 "-" "Mozilla/5.0 (compatible; AhrefsBot/7.0; +http://ahrefs.com/robot/)" 
51.222.253.3 - - [04/Nov/2021:05:49:02 -0700] "GET /self.logs/error.log.2017-07-10.gz HTTP/1.1" 200 690 "-" "Mozilla/5.0 (compatible; AhrefsBot/7.0; +http://ahrefs.com/robot/)" 
51.222.253.14 - - [04/Nov/2021:05:53:36 -0700] "GET /self.logs/error.log.2019-12-18.gz HTTP/1.1" 200 924 "-" "Mozilla/5.0 (compatible; AhrefsBot/7.0; +http://ahrefs.com/robot/)" 
45.138.147.8 - - [04/Nov/2021:05:54:17 -0700] "GET / HTTP/1.1" 200 49096 "http://voronezh-vrachi.ru/" "Re-re Studio (+http://vip0.ru/)" 
17.121.113.182 - - [04/Nov/2021:05:55:12 -0700] "GET /self.logs/error.log.2020-01-10 HTTP/1.1" 200 2306 "-" "Mozilla/5.0 (Macintosh; Intel Mac OS X 10_15_5) AppleWebKit/605.1.15 (KHTML, like Gecko) Version/13.1.1 Safari/605.1.15 (Applebot/0.1; +http://www.apple.com/go/applebot)" 
51.222.253.18 - - [04/Nov/2021:05:57:55 -0700] "GET /self.logs/access.log.2020-02-18.gz HTTP/1.1" 200 19568 "-" "Mozilla/5.0 (compatible; AhrefsBot/7.0; +http://ahrefs.com/robot/)" 
89.149.200.25 - - [04/Nov/2021:05:58:28 -0700] "GET / HTTP/1.1" 200 13141 "-" "Mozilla/5.0 (Windows NT 10.0; Win64; x64) AppleWebKit/537.36 (KHTML, like Gecko) Chrome/60.0.3112.113 Safari/537.36" 
49.7.20.102 - - [04/Nov/2021:06:01:59 -0700] "GET / HTTP/1.1" 200 13147 "-" "Sogou web spider/4.0(+http://www.sogou.com/docs/help/webmasters.htm#07)" 
51.222.253.11 - - [04/Nov/2021:06:02:33 -0700] "GET /self.logs/access.log.2018-06-30.gz HTTP/1.1" 200 21100 "-" "Mozilla/5.0 (compatible; AhrefsBot/7.0; +http://ahrefs.com/robot/)" 
51.222.253.14 - - [04/Nov/2021:06:06:28 -0700] "GET /self.logs/access.log.2017-10-01.gz HTTP/1.1" 200 24944 "-" "Mozilla/5.0 (compatible; AhrefsBot/7.0; +http://ahrefs.com/robot/)" 
51.222.253.13 - - [04/Nov/2021:06:10:24 -0700] "GET /self.logs/error.log.2020-02-13.gz HTTP/1.1" 200 835 "-" "Mozilla/5.0 (compatible; AhrefsBot/7.0; +http://ahrefs.com/robot/)" 
49.7.20.105 - - [04/Nov/2021:06:15:14 -0700] "GET / HTTP/1.1" 200 13148 "-" "Sogou web spider/4.0(+http://www.sogou.com/docs/help/webmasters.htm#07)" 
207.46.13.182 - - [04/Nov/2021:06:16:29 -0700] "GET /self.logs/access.log.2017-07-23.gz HTTP/1.1" 200 35754 "-" "Mozilla/5.0 (compatible; bingbot/2.0; +http://www.bing.com/bingbot.htm)" 
51.222.253.17 - - [04/Nov/2021:06:18:15 -0700] "GET /self.logs/error.log.2018-03-17.gz HTTP/1.1" 200 4729 "-" "Mozilla/5.0 (compatible; AhrefsBot/7.0; +http://ahrefs.com/robot/)" 
207.46.13.154 - - [04/Nov/2021:06:19:03 -0700] "GET /self.logs/access.log.2018-03-31.gz HTTP/1.1" 200 16141 "-" "Mozilla/5.0 (compatible; bingbot/2.0; +http://www.bing.com/bingbot.htm)" 
103.88.46.129 - - [04/Nov/2021:06:20:52 -0700] "GET /honeypot/honeypot.json.zip HTTP/1.1" 200 73000 "-" "Mozilla/5.0 (Windows NT 10.0; Win64; x64) AppleWebKit/537.36 (KHTML, like Gecko) Chrome/95.0.4638.54 Safari/537.36" 
114.216.180.22 - - [04/Nov/2021:06:20:57 -0700] "GET /honeypot/honeypot.json.zip HTTP/1.1" 206 65990 "-" "Mozilla/5.0 (Windows NT 10.0; Win64; x64) AppleWebKit/537.36 (KHTML, like Gecko) Chrome/67.0.3396.99 Safari/537.36" 
114.216.180.22 - - [04/Nov/2021:06:21:00 -0700] "GET /honeypot/honeypot.json.zip HTTP/1.1" 206 174988 "-" "Mozilla/5.0 (Windows NT 10.0; Win64; x64) AppleWebKit/537.36 (KHTML, like Gecko) Chrome/67.0.3396.99 Safari/537.36" 
114.216.180.22 - - [04/Nov/2021:06:20:58 -0700] "GET /honeypot/honeypot.json.zip HTTP/1.1" 206 289233 "-" "Mozilla/5.0 (Windows NT 10.0; Win64; x64) AppleWebKit/537.36 (KHTML, like Gecko) Chrome/67.0.3396.99 Safari/537.36" 
114.216.180.22 - - [04/Nov/2021:06:20:58 -0700] "GET /honeypot/honeypot.json.zip HTTP/1.1" 206 290880 "-" "Mozilla/5.0 (Windows NT 10.0; Win64; x64) AppleWebKit/537.36 (KHTML, like Gecko) Chrome/67.0.3396.99 Safari/537.36" 
114.216.180.22 - - [04/Nov/2021:06:20:56 -0700] "GET /honeypot/honeypot.json.zip HTTP/1.1" 200 288000 "-" "Mozilla/5.0 (Windows NT 10.0; Win64; x64) AppleWebKit/537.36 (KHTML, like Gecko) Chrome/67.0.3396.99 Safari/537.36" 
114.216.180.22 - - [04/Nov/2021:06:20:58 -0700] "GET /honeypot/honeypot.json.zip HTTP/1.1" 206 439424 "-" "Mozilla/5.0 (Windows NT 10.0; Win64; x64) AppleWebKit/537.36 (KHTML, like Gecko) Chrome/67.0.3396.99 Safari/537.36" 
114.216.180.22 - - [04/Nov/2021:06:21:46 -0700] "GET /honeypot/honeypot.json.zip HTTP/1.1" 206 3126 "-" "Mozilla/5.0 (Windows NT 10.0; Win64; x64) AppleWebKit/537.36 (KHTML, like Gecko) Chrome/67.0.3396.99 Safari/537.36" 
114.216.180.22 - - [04/Nov/2021:06:21:50 -0700] "GET /honeypot/honeypot.json.zip HTTP/1.1" 206 68766 "-" "Mozilla/5.0 (Windows NT 10.0; Win64; x64) AppleWebKit/537.36 (KHTML, like Gecko) Chrome/67.0.3396.99 Safari/537.36" 
114.216.180.22 - - [04/Nov/2021:06:21:20 -0700] "GET /honeypot/honeypot.json.zip HTTP/1.1" 206 336453 "-" "Mozilla/5.0 (Windows NT 10.0; Win64; x64) AppleWebKit/537.36 (KHTML, like Gecko) Chrome/67.0.3396.99 Safari/537.36" 
114.216.180.22 - - [04/Nov/2021:06:21:29 -0700] "GET /honeypot/honeypot.json.zip HTTP/1.1" 206 211238 "-" "Mozilla/5.0 (Windows NT 10.0; Win64; x64) AppleWebKit/537.36 (KHTML, like Gecko) Chrome/67.0.3396.99 Safari/537.36" 
114.216.180.22 - - [04/Nov/2021:06:21:49 -0700] "GET /honeypot/honeypot.json.zip HTTP/1.1" 206 101074 "-" "Mozilla/5.0 (Windows NT 10.0; Win64; x64) AppleWebKit/537.36 (KHTML, like Gecko) Chrome/67.0.3396.99 Safari/537.36" 
114.216.180.22 - - [04/Nov/2021:06:21:56 -0700] "GET /honeypot/honeypot.json.zip HTTP/1.1" 206 34577 "-" "Mozilla/5.0 (Windows NT 10.0; Win64; x64) AppleWebKit/537.36 (KHTML, like Gecko) Chrome/67.0.3396.99 Safari/537.36" 
114.216.180.22 - - [04/Nov/2021:06:21:58 -0700] "GET /honeypot/honeypot.json.zip HTTP/1.1" 206 33848 "-" "Mozilla/5.0 (Windows NT 10.0; Win64; x64) AppleWebKit/537.36 (KHTML, like Gecko) Chrome/67.0.3396.99 Safari/537.36" 
114.216.180.22 - - [04/Nov/2021:06:21:24 -0700] "GET /honeypot/honeypot.json.zip HTTP/1.1" 206 331200 "-" "Mozilla/5.0 (Windows NT 10.0; Win64; x64) AppleWebKit/537.36 (KHTML, like Gecko) Chrome/67.0.3396.99 Safari/537.36" 
114.216.180.22 - - [04/Nov/2021:06:21:59 -0700] "GET /honeypot/honeypot.json.zip HTTP/1.1" 206 23511 "-" "Mozilla/5.0 (Windows NT 10.0; Win64; x64) AppleWebKit/537.36 (KHTML, like Gecko) Chrome/67.0.3396.99 Safari/537.36" 
114.216.180.22 - - [04/Nov/2021:06:22:02 -0700] "GET /honeypot/honeypot.json.zip HTTP/1.1" 206 10808 "-" "Mozilla/5.0 (Windows NT 10.0; Win64; x64) AppleWebKit/537.36 (KHTML, like Gecko) Chrome/67.0.3396.99 Safari/537.36" 
51.222.253.3 - - [04/Nov/2021:06:22:13 -0700] "GET /self.logs/access.log.2018-02-08.gz HTTP/1.1" 200 21825 "-" "Mozilla/5.0 (compatible; AhrefsBot/7.0; +http://ahrefs.com/robot/)" 
114.119.149.90 - - [04/Nov/2021:06:22:24 -0700] "GET /self.logs/error.log.2018-07-01.gz HTTP/1.1" 200 5807 "-" "Mozilla/5.0 (compatible;PetalBot;+https://webmaster.petalsearch.com/site/petalbot)" 
114.216.180.22 - - [04/Nov/2021:06:22:03 -0700] "GET /honeypot/honeypot.json.zip HTTP/1.1" 206 328771 "-" "Mozilla/5.0 (Windows NT 10.0; Win64; x64) AppleWebKit/537.36 (KHTML, like Gecko) Chrome/67.0.3396.99 Safari/537.36" 
216.244.66.245 - - [04/Nov/2021:06:22:32 -0700] "GET /robots.txt HTTP/1.1" 200 333 "-" "Mozilla/5.0 (compatible; DotBot/1.2; +https://opensiteexplorer.org/dotbot; help@moz.com)" 
114.216.180.22 - - [04/Nov/2021:06:22:02 -0700] "GET /honeypot/honeypot.json.zip HTTP/1.1" 206 299520 "-" "Mozilla/5.0 (Windows NT 10.0; Win64; x64) AppleWebKit/537.36 (KHTML, like Gecko) Chrome/67.0.3396.99 Safari/537.36" 
114.216.180.22 - - [04/Nov/2021:06:22:03 -0700] "GET /honeypot/honeypot.json.zip HTTP/1.1" 206 311040 "-" "Mozilla/5.0 (Windows NT 10.0; Win64; x64) AppleWebKit/537.36 (KHTML, like Gecko) Chrome/67.0.3396.99 Safari/537.36" 
114.216.180.22 - - [04/Nov/2021:06:22:07 -0700] "GET /honeypot/honeypot.json.zip HTTP/1.1" 206 270720 "-" "Mozilla/5.0 (Windows NT 10.0; Win64; x64) AppleWebKit/537.36 (KHTML, like Gecko) Chrome/67.0.3396.99 Safari/537.36" 
114.216.180.22 - - [04/Nov/2021:06:21:58 -0700] "GET /honeypot/honeypot.json.zip HTTP/1.1" 206 273600 "-" "Mozilla/5.0 (Windows NT 10.0; Win64; x64) AppleWebKit/537.36 (KHTML, like Gecko) Chrome/67.0.3396.99 Safari/537.36" 
157.55.39.43 - - [04/Nov/2021:06:23:09 -0700] "GET /robots.txt HTTP/1.1" 301 495 "-" "Mozilla/5.0 (compatible; bingbot/2.0; +http://www.bing.com/bingbot.htm)" 
157.55.39.43 - - [04/Nov/2021:06:23:09 -0700] "GET /robots.txt HTTP/1.1" 200 377 "-" "Mozilla/5.0 (compatible; bingbot/2.0; +http://www.bing.com/bingbot.htm)" 
207.46.13.154 - - [04/Nov/2021:06:23:14 -0700] "GET /self.logs/access.log.2017-05-15.gz HTTP/1.1" 301 543 "-" "Mozilla/5.0 (compatible; bingbot/2.0; +http://www.bing.com/bingbot.htm)" 
