157.55.39.209 - - [08/Dec/2022:02:57:43 -0800] "GET /self.logs/access.log.2021-10-12.gz HTTP/1.1" 200 53959 "-" "Mozilla/5.0 AppleWebKit/537.36 (KHTML, like Gecko; compatible; bingbot/2.0; +http://www.bing.com/bingbot.htm) Chrome/103.0.5060.134 Safari/537.36" 
114.119.129.206 - - [08/Dec/2022:02:59:30 -0800] "GET /self.logs/error.log.2018-11-25.gz HTTP/1.1" 200 3891 "-" "Mozilla/5.0 (compatible;PetalBot;+https://webmaster.petalsearch.com/site/petalbot)" 
157.55.39.209 - - [08/Dec/2022:03:02:13 -0800] "GET /self.logs/error.log.2018-08-04.gz HTTP/1.1" 200 7804 "-" "Mozilla/5.0 (compatible; bingbot/2.0; +http://www.bing.com/bingbot.htm)" 
40.77.167.61 - - [08/Dec/2022:03:02:20 -0800] "GET /self.logs/error.log.2021-09-26.gz HTTP/1.1" 200 2611 "-" "Mozilla/5.0 (compatible; bingbot/2.0; +http://www.bing.com/bingbot.htm)" 
157.55.39.49 - - [08/Dec/2022:03:05:42 -0800] "GET /self.logs/2016/access.log.2016-02-03.gz HTTP/1.1" 200 7334 "-" "Mozilla/5.0 AppleWebKit/537.36 (KHTML, like Gecko; compatible; bingbot/2.0; +http://www.bing.com/bingbot.htm) Chrome/103.0.5060.134 Safari/537.36" 
171.217.251.215 - - [08/Dec/2022:03:06:10 -0800] "GET /robots.txt HTTP/1.1" 301 495 "http://secrepo.com/robots.txt" "Mozilla/4.0 (compatible; MSIE 7.0; Windows NT 6.1; WOW64; Trident/7.0; SLCC2; .NET CLR 2.0.50727; .NET CLR 3.5.30729; .NET CLR 3.0.30729; Media Center PC 6.0; .NET4.0C; .NET4.0E)" 
171.217.251.62 - - [08/Dec/2022:03:06:11 -0800] "GET /robots.txt HTTP/1.1" 200 377 "http://secrepo.com/robots.txt" "Mozilla/4.0 (compatible; MSIE 7.0; Windows NT 6.1; WOW64; Trident/7.0; SLCC2; .NET CLR 2.0.50727; .NET CLR 3.5.30729; .NET CLR 3.0.30729; Media Center PC 6.0; .NET4.0C; .NET4.0E)" 
40.77.167.74 - - [08/Dec/2022:03:10:09 -0800] "GET /self.logs/error.log.2021-06-23.gz HTTP/1.1" 200 928 "-" "Mozilla/5.0 AppleWebKit/537.36 (KHTML, like Gecko; compatible; bingbot/2.0; +http://www.bing.com/bingbot.htm) Chrome/103.0.5060.134 Safari/537.36" 
114.119.151.153 - - [08/Dec/2022:03:16:42 -0800] "GET /self.logs/error.log.2020-06-30.gz HTTP/1.1" 200 2228 "-" "Mozilla/5.0 (compatible;PetalBot;+https://webmaster.petalsearch.com/site/petalbot)" 
90.69.48.124 - - [08/Dec/2022:03:19:32 -0800] "GET / HTTP/1.1" 200 13186 "https://colab.research.google.com/" "Mozilla/5.0 (Windows NT 10.0; Win64; x64) AppleWebKit/537.36 (KHTML, like Gecko) Chrome/108.0.0.0 Safari/537.36 Edg/108.0.1462.42" 
90.69.48.124 - - [08/Dec/2022:03:19:32 -0800] "GET /css/style.css HTTP/1.1" 404 305 "http://www.secrepo.com/" "Mozilla/5.0 (Windows NT 10.0; Win64; x64) AppleWebKit/537.36 (KHTML, like Gecko) Chrome/108.0.0.0 Safari/537.36 Edg/108.0.1462.42" 
90.69.48.124 - - [08/Dec/2022:03:19:32 -0800] "GET /GitHub-Mark.png HTTP/1.1" 200 7556 "http://www.secrepo.com/" "Mozilla/5.0 (Windows NT 10.0; Win64; x64) AppleWebKit/537.36 (KHTML, like Gecko) Chrome/108.0.0.0 Safari/537.36 Edg/108.0.1462.42" 
90.69.48.124 - - [08/Dec/2022:03:19:32 -0800] "GET /twitter-icon.png HTTP/1.1" 200 27916 "http://www.secrepo.com/" "Mozilla/5.0 (Windows NT 10.0; Win64; x64) AppleWebKit/537.36 (KHTML, like Gecko) Chrome/108.0.0.0 Safari/537.36 Edg/108.0.1462.42" 
90.69.48.124 - - [08/Dec/2022:03:19:33 -0800] "GET /bootstrap/img/favicon.ico HTTP/1.1" 200 690 "http://www.secrepo.com/" "Mozilla/5.0 (Windows NT 10.0; Win64; x64) AppleWebKit/537.36 (KHTML, like Gecko) Chrome/108.0.0.0 Safari/537.36 Edg/108.0.1462.42" 
40.77.167.61 - - [08/Dec/2022:03:20:11 -0800] "GET /self.logs/2016/access.log.2016-09-02.gz HTTP/1.1" 200 8388 "-" "Mozilla/5.0 (compatible; bingbot/2.0; +http://www.bing.com/bingbot.htm)" 
51.83.111.190 - - [08/Dec/2022:03:22:00 -0800] "GET /honeypot/bsidesdfw%20-%202014.ipynb HTTP/1.1" 301 481 "-" "Tornado-Async-Client" 
83.173.229.98 - - [08/Dec/2022:03:29:46 -0800] "GET / HTTP/1.1" 200 13186 "-" "Mozilla/5.0 (Windows NT 10.0; Win64; x64) AppleWebKit/537.36 (KHTML, like Gecko) Chrome/107.0.0.0 Safari/537.36" 
83.173.229.98 - - [08/Dec/2022:03:29:46 -0800] "GET /css/style.css HTTP/1.1" 404 305 "http://www.secrepo.com/" "Mozilla/5.0 (Windows NT 10.0; Win64; x64) AppleWebKit/537.36 (KHTML, like Gecko) Chrome/107.0.0.0 Safari/537.36" 
83.173.229.98 - - [08/Dec/2022:03:29:46 -0800] "GET /twitter-icon.png HTTP/1.1" 200 27916 "http://www.secrepo.com/" "Mozilla/5.0 (Windows NT 10.0; Win64; x64) AppleWebKit/537.36 (KHTML, like Gecko) Chrome/107.0.0.0 Safari/537.36" 
188.63.16.171 - - [08/Dec/2022:03:29:46 -0800] "GET /GitHub-Mark.png HTTP/1.1" 200 7556 "http://www.secrepo.com/" "Mozilla/5.0 (Windows NT 10.0; Win64; x64) AppleWebKit/537.36 (KHTML, like Gecko) Chrome/107.0.0.0 Safari/537.36" 
83.173.229.98 - - [08/Dec/2022:03:29:47 -0800] "GET /bootstrap/img/favicon.ico HTTP/1.1" 200 690 "http://www.secrepo.com/" "Mozilla/5.0 (Windows NT 10.0; Win64; x64) AppleWebKit/537.36 (KHTML, like Gecko) Chrome/107.0.0.0 Safari/537.36" 
83.173.229.98 - - [08/Dec/2022:03:29:59 -0800] "GET /css/style.css HTTP/1.1" 404 328 "http://www.secrepo.com/" "Mozilla/5.0 (Windows NT 10.0; Win64; x64) AppleWebKit/537.36 (KHTML, like Gecko) Chrome/107.0.0.0 Safari/537.36" 
114.119.146.215 - - [08/Dec/2022:03:39:34 -0800] "GET /robots.txt HTTP/1.1" 301 495 "-" "Mozilla/5.0 (compatible;PetalBot;+https://webmaster.petalsearch.com/site/petalbot)" 
114.119.146.215 - - [08/Dec/2022:03:39:35 -0800] "GET /robots.txt HTTP/1.1" 200 377 "-" "Mozilla/5.0 (compatible;PetalBot;+https://webmaster.petalsearch.com/site/petalbot)" 
114.119.134.80 - - [08/Dec/2022:03:42:30 -0800] "GET /self.logs/error.log.2019-10-10.gz HTTP/1.1" 200 934 "-" "Mozilla/5.0 (compatible;PetalBot;+https://webmaster.petalsearch.com/site/petalbot)" 
157.55.39.209 - - [08/Dec/2022:03:42:27 -0800] "GET /self.logs/ HTTP/1.1" 200 40065 "-" "Mozilla/5.0 AppleWebKit/537.36 (KHTML, like Gecko; compatible; bingbot/2.0; +http://www.bing.com/bingbot.htm) Chrome/103.0.5060.134 Safari/537.36" 
114.119.128.62 - - [08/Dec/2022:03:46:05 -0800] "GET /self.logs/error.log.2018-01-08.gz HTTP/1.1" 200 5838 "-" "Mozilla/5.0 (compatible;PetalBot;+https://webmaster.petalsearch.com/site/petalbot)" 
157.55.39.49 - - [08/Dec/2022:03:52:07 -0800] "GET /self.logs/access.log.2017-01-12.gz HTTP/1.1" 200 86574 "-" "Mozilla/5.0 AppleWebKit/537.36 (KHTML, like Gecko; compatible; bingbot/2.0; +http://www.bing.com/bingbot.htm) Chrome/103.0.5060.134 Safari/537.36" 
157.55.39.49 - - [08/Dec/2022:03:52:36 -0800] "GET /self.logs/2016/access.log.2016-10-09.gz HTTP/1.1" 200 9458 "-" "Mozilla/5.0 AppleWebKit/537.36 (KHTML, like Gecko; compatible; bingbot/2.0; +http://www.bing.com/bingbot.htm) Chrome/103.0.5060.134 Safari/537.36" 
40.77.167.74 - - [08/Dec/2022:04:06:14 -0800] "GET /self.logs/access.log.2019-07-09.gz HTTP/1.1" 200 24769 "-" "Mozilla/5.0 (compatible; bingbot/2.0; +http://www.bing.com/bingbot.htm)" 
40.77.167.74 - - [08/Dec/2022:04:08:34 -0800] "GET /self.logs/error.log.2017-07-27.gz HTTP/1.1" 200 947 "-" "Mozilla/5.0 (compatible; bingbot/2.0; +http://www.bing.com/bingbot.htm)" 
40.77.167.74 - - [08/Dec/2022:04:12:45 -0800] "GET /self.logs/2016/access.log.2016-08-15.gz HTTP/1.1" 200 10095 "-" "Mozilla/5.0 (compatible; bingbot/2.0; +http://www.bing.com/bingbot.htm)" 
157.55.39.49 - - [08/Dec/2022:04:13:07 -0800] "GET /self.logs/access.log.2021-06-22.gz HTTP/1.1" 200 17713 "-" "Mozilla/5.0 (compatible; bingbot/2.0; +http://www.bing.com/bingbot.htm)" 
114.119.150.223 - - [08/Dec/2022:04:13:53 -0800] "GET /self.logs/error.log.2019-08-13.gz HTTP/1.1" 200 1448 "-" "Mozilla/5.0 (compatible;PetalBot;+https://webmaster.petalsearch.com/site/petalbot)" 
157.55.39.49 - - [08/Dec/2022:04:15:28 -0800] "GET /self.logs/2016/error.log.2016-08-28.gz HTTP/1.1" 200 692 "-" "Mozilla/5.0 (compatible; bingbot/2.0; +http://www.bing.com/bingbot.htm)" 
114.119.146.41 - - [08/Dec/2022:04:16:42 -0800] "GET /self.logs/error.log.2018-08-10.gz HTTP/1.1" 200 6947 "-" "Mozilla/5.0 (compatible;PetalBot;+https://webmaster.petalsearch.com/site/petalbot)" 
54.36.148.88 - - [08/Dec/2022:04:20:38 -0800] "GET /robots.txt HTTP/1.1" 301 439 "-" "Mozilla/5.0 (compatible; AhrefsBot/7.0; +http://ahrefs.com/robot/)" 
54.36.148.88 - - [08/Dec/2022:04:20:38 -0800] "GET /robots.txt HTTP/1.1" 200 333 "-" "Mozilla/5.0 (compatible; AhrefsBot/7.0; +http://ahrefs.com/robot/)" 
51.222.253.16 - - [08/Dec/2022:04:20:40 -0800] "GET / HTTP/1.1" 301 419 "-" "Mozilla/5.0 (compatible; AhrefsBot/7.0; +http://ahrefs.com/robot/)" 
40.77.167.74 - - [08/Dec/2022:04:20:45 -0800] "GET /self.logs/error.log.2020-04-21 HTTP/1.1" 200 351 "-" "Mozilla/5.0 AppleWebKit/537.36 (KHTML, like Gecko; compatible; bingbot/2.0; +http://www.bing.com/bingbot.htm) Chrome/103.0.5060.134 Safari/537.36" 
157.55.39.209 - - [08/Dec/2022:04:22:30 -0800] "GET /self.logs/ HTTP/1.1" 200 40065 "-" "Mozilla/5.0 AppleWebKit/537.36 (KHTML, like Gecko; compatible; bingbot/2.0; +http://www.bing.com/bingbot.htm) Chrome/103.0.5060.134 Safari/537.36" 
157.55.39.209 - - [08/Dec/2022:04:22:35 -0800] "GET /self.logs/ HTTP/1.1" 200 40065 "-" "Mozilla/5.0 AppleWebKit/537.36 (KHTML, like Gecko; compatible; bingbot/2.0; +http://www.bing.com/bingbot.htm) Chrome/103.0.5060.134 Safari/537.36" 
40.77.167.74 - - [08/Dec/2022:04:24:36 -0800] "GET /self.logs/access.log.2021-03-11.gz HTTP/1.1" 200 26031 "-" "Mozilla/5.0 (compatible; bingbot/2.0; +http://www.bing.com/bingbot.htm)" 
104.233.160.112 - - [08/Dec/2022:04:27:27 -0800] "GET /js/play.html HTTP/1.1" 404 328 "-" "-" 
40.77.167.61 - - [08/Dec/2022:04:31:58 -0800] "GET /self.logs/2016/error.log.2016-06-18.gz HTTP/1.1" 200 907 "-" "Mozilla/5.0 AppleWebKit/537.36 (KHTML, like Gecko; compatible; bingbot/2.0; +http://www.bing.com/bingbot.htm) Chrome/103.0.5060.134 Safari/537.36" 
40.77.167.74 - - [08/Dec/2022:04:35:06 -0800] "GET /self.logs/error.log.2019-10-08.gz HTTP/1.1" 200 1290 "-" "Mozilla/5.0 AppleWebKit/537.36 (KHTML, like Gecko; compatible; bingbot/2.0; +http://www.bing.com/bingbot.htm) Chrome/103.0.5060.134 Safari/537.36" 
40.77.167.74 - - [08/Dec/2022:04:38:17 -0800] "GET /self.logs/2016/access.log.2016-11-30.gz HTTP/1.1" 200 12144 "-" "Mozilla/5.0 (compatible; bingbot/2.0; +http://www.bing.com/bingbot.htm)" 
114.119.151.104 - - [08/Dec/2022:04:43:29 -0800] "GET /self.logs/2015/access.log.2015-05-22.gz HTTP/1.1" 200 4791 "-" "Mozilla/5.0 (compatible;PetalBot;+https://webmaster.petalsearch.com/site/petalbot)" 
157.55.39.49 - - [08/Dec/2022:04:43:41 -0800] "GET /self.logs/error.log.2020-05-07 HTTP/1.1" 200 351 "-" "Mozilla/5.0 AppleWebKit/537.36 (KHTML, like Gecko; compatible; bingbot/2.0; +http://www.bing.com/bingbot.htm) Chrome/103.0.5060.134 Safari/537.36" 
178.249.213.245 - - [08/Dec/2022:04:50:23 -0800] "GET / HTTP/1.1" 200 13142 "-" "Mozilla/5.0 (Windows NT 10.0; Win64; x64) AppleWebKit/537.36 (KHTML, like Gecko) Chrome/108.0.0.0 Safari/537.36" 
178.249.213.245 - - [08/Dec/2022:04:50:23 -0800] "GET /css/style.css HTTP/1.1" 404 250 "http://www.secrepo.com/" "Mozilla/5.0 (Windows NT 10.0; Win64; x64) AppleWebKit/537.36 (KHTML, like Gecko) Chrome/108.0.0.0 Safari/537.36" 
178.249.213.245 - - [08/Dec/2022:04:50:23 -0800] "GET /GitHub-Mark.png HTTP/1.1" 200 7512 "http://www.secrepo.com/" "Mozilla/5.0 (Windows NT 10.0; Win64; x64) AppleWebKit/537.36 (KHTML, like Gecko) Chrome/108.0.0.0 Safari/537.36" 
178.249.213.245 - - [08/Dec/2022:04:50:23 -0800] "GET /twitter-icon.png HTTP/1.1" 200 27872 "http://www.secrepo.com/" "Mozilla/5.0 (Windows NT 10.0; Win64; x64) AppleWebKit/537.36 (KHTML, like Gecko) Chrome/108.0.0.0 Safari/537.36" 
178.249.213.245 - - [08/Dec/2022:04:50:27 -0800] "GET /bootstrap/img/favicon.ico HTTP/1.1" 200 635 "http://www.secrepo.com/" "Mozilla/5.0 (Windows NT 10.0; Win64; x64) AppleWebKit/537.36 (KHTML, like Gecko) Chrome/108.0.0.0 Safari/537.36" 
114.119.158.46 - - [08/Dec/2022:04:53:22 -0800] "GET /self.logs/error.log.2020-07-05 HTTP/1.1" 200 351 "http://www.secrepo.com/self.logs?C=N%3BO%3DD" "Mozilla/5.0 (Linux; Android 7.0;) AppleWebKit/537.36 (KHTML, like Gecko) Mobile Safari/537.36 (compatible; PetalBot;+https://webmaster.petalsearch.com/site/petalbot)" 
40.77.167.61 - - [08/Dec/2022:04:55:20 -0800] "GET /self.logs/access.log.2022-07-25.gz HTTP/1.1" 200 14444 "-" "Mozilla/5.0 (compatible; bingbot/2.0; +http://www.bing.com/bingbot.htm)" 
40.77.167.73 - - [08/Dec/2022:04:59:41 -0800] "GET /self.logs/access.log.2021-06-05.gz HTTP/1.1" 200 29042 "-" "Mozilla/5.0 AppleWebKit/537.36 (KHTML, like Gecko; compatible; bingbot/2.0; +http://www.bing.com/bingbot.htm) Chrome/103.0.5060.134 Safari/537.36" 
114.221.111.176 - - [08/Dec/2022:05:06:11 -0800] "GET / HTTP/1.1" 200 13142 "https://www.baidu.com/link?url=KJCwJt6zfT5Vm1Pw_F0uJbYHMhqlQsxEpX55VtsMKUJtAbiPAs0qr408Vr7E_K77&wd=&eqid=a49994d300086047000000046391e13b" "Mozilla/5.0 (Windows NT 10.0; Win64; x64) AppleWebKit/537.36 (KHTML, like Gecko) Chrome/108.0.0.0 Safari/537.36 Edg/108.0.1462.42" 
114.221.111.176 - - [08/Dec/2022:05:06:12 -0800] "GET /css/style.css HTTP/1.1" 404 284 "http://www.secrepo.com/" "Mozilla/5.0 (Windows NT 10.0; Win64; x64) AppleWebKit/537.36 (KHTML, like Gecko) Chrome/108.0.0.0 Safari/537.36 Edg/108.0.1462.42" 
114.221.111.176 - - [08/Dec/2022:05:06:12 -0800] "GET /twitter-icon.png HTTP/1.1" 200 27838 "http://www.secrepo.com/" "Mozilla/5.0 (Windows NT 10.0; Win64; x64) AppleWebKit/537.36 (KHTML, like Gecko) Chrome/108.0.0.0 Safari/537.36 Edg/108.0.1462.42" 
114.221.111.176 - - [08/Dec/2022:05:06:12 -0800] "GET /GitHub-Mark.png HTTP/1.1" 200 7512 "http://www.secrepo.com/" "Mozilla/5.0 (Windows NT 10.0; Win64; x64) AppleWebKit/537.36 (KHTML, like Gecko) Chrome/108.0.0.0 Safari/537.36 Edg/108.0.1462.42" 
114.221.111.176 - - [08/Dec/2022:05:06:15 -0800] "GET /bootstrap/img/favicon.ico HTTP/1.1" 200 669 "http://www.secrepo.com/" "Mozilla/5.0 (Windows NT 10.0; Win64; x64) AppleWebKit/537.36 (KHTML, like Gecko) Chrome/108.0.0.0 Safari/537.36 Edg/108.0.1462.42" 
114.221.111.176 - - [08/Dec/2022:05:06:53 -0800] "GET / HTTP/1.1" 200 13142 "https://www.baidu.com/link?url=KJCwJt6zfT5Vm1Pw_F0uJbYHMhqlQsxEpX55VtsMKUJtAbiPAs0qr408Vr7E_K77&wd=&eqid=a49994d300086047000000046391e13b" "Mozilla/5.0 (Windows NT 10.0; Win64; x64) AppleWebKit/537.36 (KHTML, like Gecko) Chrome/108.0.0.0 Safari/537.36 Edg/108.0.1462.42" 
114.221.111.176 - - [08/Dec/2022:05:06:53 -0800] "GET /css/style.css HTTP/1.1" 404 250 "http://www.secrepo.com/" "Mozilla/5.0 (Windows NT 10.0; Win64; x64) AppleWebKit/537.36 (KHTML, like Gecko) Chrome/108.0.0.0 Safari/537.36 Edg/108.0.1462.42" 
157.55.39.209 - - [08/Dec/2022:05:07:45 -0800] "GET /self.logs/ HTTP/1.1" 200 40091 "-" "Mozilla/5.0 (compatible; bingbot/2.0; +http://www.bing.com/bingbot.htm)" 
40.77.167.73 - - [08/Dec/2022:05:08:43 -0800] "GET /self.logs/error.log.2020-07-03 HTTP/1.1" 200 351 "-" "Mozilla/5.0 AppleWebKit/537.36 (KHTML, like Gecko; compatible; bingbot/2.0; +http://www.bing.com/bingbot.htm) Chrome/103.0.5060.134 Safari/537.36" 
17.121.114.91 - - [08/Dec/2022:05:10:45 -0800] "GET /self.logs/error.log.2020-07-30 HTTP/1.1" 200 307 "-" "Mozilla/5.0 (Macintosh; Intel Mac OS X 10_15_5) AppleWebKit/605.1.15 (KHTML, like Gecko) Version/13.1.1 Safari/605.1.15 (Applebot/0.1; +http://www.apple.com/go/applebot)" 
157.55.39.209 - - [08/Dec/2022:05:11:04 -0800] "GET /self.logs/access.log.2021-06-04.gz HTTP/1.1" 200 27385 "-" "Mozilla/5.0 (compatible; bingbot/2.0; +http://www.bing.com/bingbot.htm)" 
61.147.15.65 - - [08/Dec/2022:05:12:08 -0800] "GET / HTTP/1.1" 200 13186 "-" "Mozilla/5.0 (X11; U; Linux i686; en-US; rv:1.9.2.14pre) Gecko/20110105 Firefox/3.6.14pre" 
61.147.15.65 - - [08/Dec/2022:05:12:27 -0800] "GET /favicon.ico HTTP/1.1" 200 391 "-" "Dalvik/2.1.0 (Linux; U; Android 9.0; ZTE BA520 Build/MRA58K)" 
40.77.167.61 - - [08/Dec/2022:05:15:02 -0800] "GET /self.logs/2016/error.log.2016-12-21.gz HTTP/1.1" 200 1397 "-" "Mozilla/5.0 (compatible; bingbot/2.0; +http://www.bing.com/bingbot.htm)" 
157.55.39.49 - - [08/Dec/2022:05:21:55 -0800] "GET /self.logs/access.log.2019-05-05.gz HTTP/1.1" 200 25542 "-" "Mozilla/5.0 (compatible; bingbot/2.0; +http://www.bing.com/bingbot.htm)" 
40.77.167.73 - - [08/Dec/2022:05:24:44 -0800] "GET /self.logs/error.log.2019-08-19.gz HTTP/1.1" 200 1320 "-" "Mozilla/5.0 AppleWebKit/537.36 (KHTML, like Gecko; compatible; bingbot/2.0; +http://www.bing.com/bingbot.htm) Chrome/103.0.5060.134 Safari/537.36" 
114.119.147.211 - - [08/Dec/2022:05:26:31 -0800] "GET /self.logs/error.log.2018-03-07.gz HTTP/1.1" 200 5059 "-" "Mozilla/5.0 (compatible;PetalBot;+https://webmaster.petalsearch.com/site/petalbot)" 
40.77.167.73 - - [08/Dec/2022:05:28:34 -0800] "GET /self.logs/2016/error.log.2016-05-16.gz HTTP/1.1" 200 1050 "-" "Mozilla/5.0 AppleWebKit/537.36 (KHTML, like Gecko; compatible; bingbot/2.0; +http://www.bing.com/bingbot.htm) Chrome/103.0.5060.134 Safari/537.36" 
114.119.136.141 - - [08/Dec/2022:05:30:30 -0800] "GET /self.logs/access.log.2019-04-24.gz HTTP/1.1" 200 23962 "-" "Mozilla/5.0 (compatible;PetalBot;+https://webmaster.petalsearch.com/site/petalbot)" 
114.119.156.138 - - [08/Dec/2022:05:33:42 -0800] "GET /self.logs/error.log.2020-05-10 HTTP/1.1" 200 351 "http://www.secrepo.com/self.logs?C=N%3BO%3DD" "Mozilla/5.0 (Linux; Android 7.0;) AppleWebKit/537.36 (KHTML, like Gecko) Mobile Safari/537.36 (compatible; PetalBot;+https://webmaster.petalsearch.com/site/petalbot)" 
157.55.39.209 - - [08/Dec/2022:05:49:29 -0800] "GET /self.logs/access.log.2021-08-18.gz HTTP/1.1" 200 25805 "-" "Mozilla/5.0 (compatible; bingbot/2.0; +http://www.bing.com/bingbot.htm)" 
114.119.149.222 - - [08/Dec/2022:05:49:33 -0800] "GET /self.logs/2015/error.log.2015-02-19.gz HTTP/1.1" 200 5455 "-" "Mozilla/5.0 (compatible;PetalBot;+https://webmaster.petalsearch.com/site/petalbot)" 
40.77.167.74 - - [08/Dec/2022:05:51:14 -0800] "GET /self.logs/error.log.2019-12-17.gz HTTP/1.1" 200 937 "-" "Mozilla/5.0 AppleWebKit/537.36 (KHTML, like Gecko; compatible; bingbot/2.0; +http://www.bing.com/bingbot.htm) Chrome/103.0.5060.134 Safari/537.36" 
40.77.167.74 - - [08/Dec/2022:05:52:44 -0800] "GET /Datasets%20Description/dns.html HTTP/1.1" 404 328 "-" "Mozilla/5.0 AppleWebKit/537.36 (KHTML, like Gecko; compatible; bingbot/2.0; +http://www.bing.com/bingbot.htm) Chrome/103.0.5060.134 Safari/537.36" 
140.237.242.10 - - [08/Dec/2022:05:53:37 -0800] "GET / HTTP/1.1" 301 438 "-" "Mozilla/5.0 (Windows NT 10.0; WOW64) AppleWebKit/537.36 (KHTML, like Gecko) Chrome/78.0.3904.108 Safari/537.36" 
110.88.127.192 - - [08/Dec/2022:05:53:38 -0800] "GET / HTTP/1.1" 200 13149 "-" "Mozilla/5.0 (Windows NT 10.0; WOW64) AppleWebKit/537.36 (KHTML, like Gecko) Chrome/78.0.3904.108 Safari/537.36" 
157.55.39.209 - - [08/Dec/2022:05:56:50 -0800] "GET /self.logs/ HTTP/1.1" 200 40091 "-" "Mozilla/5.0 (compatible; bingbot/2.0; +http://www.bing.com/bingbot.htm)" 
114.119.158.113 - - [08/Dec/2022:06:01:37 -0800] "GET /self.logs/access.log.2020-10-16.gz HTTP/1.1" 200 11126 "-" "Mozilla/5.0 (compatible;PetalBot;+https://webmaster.petalsearch.com/site/petalbot)" 
40.77.167.6 - - [08/Dec/2022:06:03:55 -0800] "GET /self.logs/access.log.2022-08-07.gz HTTP/1.1" 200 13283 "-" "Mozilla/5.0 AppleWebKit/537.36 (KHTML, like Gecko; compatible; bingbot/2.0; +http://www.bing.com/bingbot.htm) Chrome/103.0.5060.134 Safari/537.36" 
157.55.39.49 - - [08/Dec/2022:06:19:41 -0800] "GET /self.logs/2016/access.log.2016-09-29.gz HTTP/1.1" 200 12131 "-" "Mozilla/5.0 (compatible; bingbot/2.0; +http://www.bing.com/bingbot.htm)" 
195.90.117.170 - - [08/Dec/2022:06:23:25 -0800] "GET / HTTP/1.1" 200 13185 "-" "Mozilla/5.0 (X11; Linux x86_64) AppleWebKit/537.36 (KHTML, like Gecko) Chrome/108.0.0.0 Safari/537.36" 
195.90.117.170 - - [08/Dec/2022:06:23:25 -0800] "GET /css/style.css HTTP/1.1" 404 305 "http://www.secrepo.com/" "Mozilla/5.0 (X11; Linux x86_64) AppleWebKit/537.36 (KHTML, like Gecko) Chrome/108.0.0.0 Safari/537.36" 
195.90.117.170 - - [08/Dec/2022:06:23:25 -0800] "GET /twitter-icon.png HTTP/1.1" 200 27893 "http://www.secrepo.com/" "Mozilla/5.0 (X11; Linux x86_64) AppleWebKit/537.36 (KHTML, like Gecko) Chrome/108.0.0.0 Safari/537.36" 
195.90.117.170 - - [08/Dec/2022:06:23:25 -0800] "GET /GitHub-Mark.png HTTP/1.1" 200 7556 "http://www.secrepo.com/" "Mozilla/5.0 (X11; Linux x86_64) AppleWebKit/537.36 (KHTML, like Gecko) Chrome/108.0.0.0 Safari/537.36" 
195.90.117.170 - - [08/Dec/2022:06:23:26 -0800] "GET /bootstrap/img/favicon.ico HTTP/1.1" 200 690 "http://www.secrepo.com/" "Mozilla/5.0 (X11; Linux x86_64) AppleWebKit/537.36 (KHTML, like Gecko) Chrome/108.0.0.0 Safari/537.36" 
195.90.117.170 - - [08/Dec/2022:06:23:44 -0800] "GET /css/style.css HTTP/1.1" 404 328 "http://www.secrepo.com/" "Mozilla/5.0 (X11; Linux x86_64) AppleWebKit/537.36 (KHTML, like Gecko) Chrome/108.0.0.0 Safari/537.36" 
40.77.167.6 - - [08/Dec/2022:06:24:16 -0800] "GET /self.logs/access.log.2021-02-04.gz HTTP/1.1" 200 25247 "-" "Mozilla/5.0 AppleWebKit/537.36 (KHTML, like Gecko; compatible; bingbot/2.0; +http://www.bing.com/bingbot.htm) Chrome/103.0.5060.134 Safari/537.36" 
77.75.79.31 - - [08/Dec/2022:06:25:26 -0800] "GET /robots.txt HTTP/1.1" 200 333 "-" "Mozilla/5.0 (compatible; SeznamBot/4.0-RC1; +http://napoveda.seznam.cz/seznambot-intro/)" 
77.75.79.119 - - [08/Dec/2022:06:25:26 -0800] "GET /bootstrap/img/favicon.ico HTTP/1.1" 200 669 "-" "Mozilla/5.0 (compatible; SeznamBot/4.0-RC1; +http://napoveda.seznam.cz/seznambot-intro/)" 
117.13.137.210 - - [08/Dec/2022:06:25:42 -0800] "GET /favicon.ico HTTP/1.1" 200 391 "-" "Mozilla/5.0 (Windows NT 10.0; WOW64) AppleWebKit/537.36 (KHTML, like Gecko) Chrome/87.0.4280.66 Safari/537.36 SE 2.X MetaSr 1.0" 
40.77.167.6 - - [08/Dec/2022:06:29:27 -0800] "GET /self.logs/access.log.2021-04-26.gz HTTP/1.1" 200 17412 "-" "Mozilla/5.0 (compatible; bingbot/2.0; +http://www.bing.com/bingbot.htm)" 
77.75.79.119 - - [08/Dec/2022:06:29:43 -0800] "GET /bootstrap/img/favicon.ico HTTP/1.1" 200 713 "-" "Mozilla/5.0 (compatible; SeznamBot/4.0-RC1; +http://napoveda.seznam.cz/seznambot-intro/)" 
206.47.249.246 - - [08/Dec/2022:06:31:26 -0800] "GET /self.logs/error.log.2019-04-23.gz HTTP/1.1" 304 280 "-" "Mozilla/4.0 (compatible;)" 
77.75.79.31 - - [08/Dec/2022:06:32:40 -0800] "GET /bootstrap/img/favicon.ico HTTP/1.1" 200 713 "-" "Mozilla/5.0 (compatible; SeznamBot/4.0-RC1; +http://napoveda.seznam.cz/seznambot-intro/)" 
40.77.167.61 - - [08/Dec/2022:06:35:19 -0800] "GET /self.logs/error.log.2021-09-08 HTTP/1.1" 200 351 "-" "Mozilla/5.0 AppleWebKit/537.36 (KHTML, like Gecko; compatible; bingbot/2.0; +http://www.bing.com/bingbot.htm) Chrome/103.0.5060.134 Safari/537.36" 
157.55.39.49 - - [08/Dec/2022:06:35:52 -0800] "GET /self.logs/error.log.2020-06-18 HTTP/1.1" 200 351 "-" "Mozilla/5.0 (compatible; bingbot/2.0; +http://www.bing.com/bingbot.htm)" 
157.55.39.49 - - [08/Dec/2022:06:36:52 -0800] "GET /self.logs/2016/error.log.2016-01-11.gz HTTP/1.1" 200 859 "-" "Mozilla/5.0 AppleWebKit/537.36 (KHTML, like Gecko; compatible; bingbot/2.0; +http://www.bing.com/bingbot.htm) Chrome/103.0.5060.134 Safari/537.36" 
40.77.167.61 - - [08/Dec/2022:06:38:59 -0800] "GET /self.logs/error.log.2021-01-30.gz HTTP/1.1" 200 1440 "-" "Mozilla/5.0 (compatible; bingbot/2.0; +http://www.bing.com/bingbot.htm)" 
43.228.126.91 - - [08/Dec/2022:06:39:05 -0800] "GET /Addons/EditorForAdmin/content.html HTTP/1.1" 404 328 "-" "Mozilla/5.0 (Windows NT 10.0; WOW64; rv:48.0) Gecko/20100101 Firefox/48.0" 
40.77.167.6 - - [08/Dec/2022:06:42:08 -0800] "GET /self.logs/2016/access.log.2016-10-20.gz HTTP/1.1" 200 8562 "-" "Mozilla/5.0 AppleWebKit/537.36 (KHTML, like Gecko; compatible; bingbot/2.0; +http://www.bing.com/bingbot.htm) Chrome/103.0.5060.134 Safari/537.36" 
40.77.167.73 - - [08/Dec/2022:06:42:42 -0800] "GET /self.logs/access.log.2021-09-19.gz HTTP/1.1" 200 12754 "-" "Mozilla/5.0 (compatible; bingbot/2.0; +http://www.bing.com/bingbot.htm)" 
157.55.39.209 - - [08/Dec/2022:06:43:35 -0800] "GET /self.logs/ HTTP/1.1" 200 40091 "-" "Mozilla/5.0 (compatible; bingbot/2.0; +http://www.bing.com/bingbot.htm)" 
40.77.167.61 - - [08/Dec/2022:06:44:41 -0800] "GET /self.logs/access.log.2022-07-01.gz HTTP/1.1" 200 11585 "-" "Mozilla/5.0 AppleWebKit/537.36 (KHTML, like Gecko; compatible; bingbot/2.0; +http://www.bing.com/bingbot.htm) Chrome/103.0.5060.134 Safari/537.36" 
196.203.181.122 - - [08/Dec/2022:06:49:43 -0800] "GET / HTTP/1.1" 200 13185 "-" "Mozilla/5.0 (Windows NT 10.0; Win64; x64) AppleWebKit/537.36 (KHTML, like Gecko) Chrome/108.0.0.0 Safari/537.36" 
196.203.181.122 - - [08/Dec/2022:06:49:43 -0800] "GET /css/style.css HTTP/1.1" 404 305 "http://www.secrepo.com/" "Mozilla/5.0 (Windows NT 10.0; Win64; x64) AppleWebKit/537.36 (KHTML, like Gecko) Chrome/108.0.0.0 Safari/537.36" 
196.203.181.122 - - [08/Dec/2022:06:49:43 -0800] "GET /twitter-icon.png HTTP/1.1" 200 27916 "http://www.secrepo.com/" "Mozilla/5.0 (Windows NT 10.0; Win64; x64) AppleWebKit/537.36 (KHTML, like Gecko) Chrome/108.0.0.0 Safari/537.36" 
196.203.181.122 - - [08/Dec/2022:06:49:43 -0800] "GET /GitHub-Mark.png HTTP/1.1" 200 7556 "http://www.secrepo.com/" "Mozilla/5.0 (Windows NT 10.0; Win64; x64) AppleWebKit/537.36 (KHTML, like Gecko) Chrome/108.0.0.0 Safari/537.36" 
40.77.167.73 - - [08/Dec/2022:06:50:53 -0800] "GET /self.logs/access.log.2022-08-09.gz HTTP/1.1" 200 24512 "-" "Mozilla/5.0 AppleWebKit/537.36 (KHTML, like Gecko; compatible; bingbot/2.0; +http://www.bing.com/bingbot.htm) Chrome/103.0.5060.134 Safari/537.36" 
40.77.167.61 - - [08/Dec/2022:06:55:23 -0800] "GET /self.logs/access.log.2021-06-30.gz HTTP/1.1" 200 15916 "-" "Mozilla/5.0 AppleWebKit/537.36 (KHTML, like Gecko; compatible; bingbot/2.0; +http://www.bing.com/bingbot.htm) Chrome/103.0.5060.134 Safari/537.36" 
60.53.129.4 - - [08/Dec/2022:06:57:54 -0800] "GET / HTTP/1.1" 200 13185 "-" "Mozilla/5.0 (Macintosh; Intel Mac OS X 10_15_7) AppleWebKit/605.1.15 (KHTML, like Gecko)" 
60.53.129.4 - - [08/Dec/2022:06:57:54 -0800] "GET /apple-touch-icon-precomposed.png HTTP/1.1" 404 328 "-" "Safari/15613.3.9.1.16 CFNetwork/1128.1 Darwin/19.6.0 (x86_64)" 
60.53.129.4 - - [08/Dec/2022:06:57:54 -0800] "GET /apple-touch-icon.png HTTP/1.1" 404 305 "-" "Safari/15613.3.9.1.16 CFNetwork/1128.1 Darwin/19.6.0 (x86_64)" 
60.53.129.4 - - [08/Dec/2022:06:57:55 -0800] "GET /bootstrap/img/favicon.ico HTTP/1.1" 200 690 "-" "Safari/15613.3.9.1.16 CFNetwork/1128.1 Darwin/19.6.0 (x86_64)" 
60.53.129.4 - - [08/Dec/2022:06:57:55 -0800] "GET / HTTP/1.1" 200 13185 "-" "Mozilla/5.0 (iPhone; CPU iPhone OS 14_0 like Mac OS X) AppleWebKit/605.1.15 (KHTML, like Gecko) Version/14.0 Mobile/15E148 Safari/604.1" 
60.53.129.4 - - [08/Dec/2022:06:57:55 -0800] "GET /apple-touch-icon-precomposed.png HTTP/1.1" 404 305 "-" "Safari/15613.3.9.1.16 CFNetwork/1128.1 Darwin/19.6.0 (x86_64)" 
60.53.129.4 - - [08/Dec/2022:06:57:56 -0800] "GET /apple-touch-icon.png HTTP/1.1" 404 305 "-" "Safari/15613.3.9.1.16 CFNetwork/1128.1 Darwin/19.6.0 (x86_64)" 
157.55.39.209 - - [08/Dec/2022:07:00:26 -0800] "GET /self.logs/error.log.2020-06-27 HTTP/1.1" 200 351 "-" "Mozilla/5.0 (compatible; bingbot/2.0; +http://www.bing.com/bingbot.htm)" 
40.77.167.74 - - [08/Dec/2022:07:04:20 -0800] "GET /self.logs/error.log.2018-12-05.gz HTTP/1.1" 200 3999 "-" "Mozilla/5.0 (compatible; bingbot/2.0; +http://www.bing.com/bingbot.htm)" 
114.119.139.183 - - [08/Dec/2022:07:10:42 -0800] "GET /self.logs/error.log.2019-02-11.gz HTTP/1.1" 200 4496 "-" "Mozilla/5.0 (compatible;PetalBot;+https://webmaster.petalsearch.com/site/petalbot)" 
40.77.167.73 - - [08/Dec/2022:07:11:05 -0800] "GET /self.logs/access.log.2021-06-26.gz HTTP/1.1" 200 17143 "-" "Mozilla/5.0 (compatible; bingbot/2.0; +http://www.bing.com/bingbot.htm)" 
40.77.167.6 - - [08/Dec/2022:07:11:11 -0800] "GET /self.logs/2016/error.log.2016-04-02.gz HTTP/1.1" 200 723 "-" "Mozilla/5.0 (compatible; bingbot/2.0; +http://www.bing.com/bingbot.htm)" 
40.77.167.73 - - [08/Dec/2022:07:11:24 -0800] "GET /self.logs/access.log.2022-01-30.gz HTTP/1.1" 200 9856 "-" "Mozilla/5.0 AppleWebKit/537.36 (KHTML, like Gecko; compatible; bingbot/2.0; +http://www.bing.com/bingbot.htm) Chrome/103.0.5060.134 Safari/537.36" 
114.119.129.82 - - [08/Dec/2022:07:12:17 -0800] "GET /self.logs/error.log.2017-09-07.gz HTTP/1.1" 200 1098 "-" "Mozilla/5.0 (compatible;PetalBot;+https://webmaster.petalsearch.com/site/petalbot)" 
40.77.167.61 - - [08/Dec/2022:07:13:13 -0800] "GET /self.logs/error.log.2020-05-20 HTTP/1.1" 200 351 "-" "Mozilla/5.0 AppleWebKit/537.36 (KHTML, like Gecko; compatible; bingbot/2.0; +http://www.bing.com/bingbot.htm) Chrome/103.0.5060.134 Safari/537.36" 
114.119.150.140 - - [08/Dec/2022:07:13:37 -0800] "GET /self.logs/access.log.2020-09-23.gz HTTP/1.1" 200 14148 "-" "Mozilla/5.0 (compatible;PetalBot;+https://webmaster.petalsearch.com/site/petalbot)" 
114.119.151.219 - - [08/Dec/2022:07:15:25 -0800] "GET /self.logs/access.log.2018-07-08.gz HTTP/1.1" 200 30712 "-" "Mozilla/5.0 (compatible;PetalBot;+https://webmaster.petalsearch.com/site/petalbot)" 
114.119.138.13 - - [08/Dec/2022:07:16:31 -0800] "GET /self.logs/2015/access.log.2015-02-15.gz HTTP/1.1" 200 15668 "-" "Mozilla/5.0 (compatible;PetalBot;+https://webmaster.petalsearch.com/site/petalbot)" 
20.115.84.42 - - [08/Dec/2022:07:20:59 -0800] "GET /wp-content/plugins/seoplugins/mar.php HTTP/1.1" 301 549 "www.google.com" "Mozlila/5.0 (Linux; Android 7.0; SM-G892A Bulid/NRD90M; wv) AppleWebKit/537.36 (KHTML, like Gecko) Version/4.0 Chrome/60.0.3112.107 Moblie Safari/537.36" 
20.115.84.42 - - [08/Dec/2022:07:21:04 -0800] "GET /wp-content/plugins/seoplugins/mar.php HTTP/1.1" 429 478 "www.google.com" "Mozlila/5.0 (Linux; Android 7.0; SM-G892A Bulid/NRD90M; wv) AppleWebKit/537.36 (KHTML, like Gecko) Version/4.0 Chrome/60.0.3112.107 Moblie Safari/537.36" 
20.115.84.42 - - [08/Dec/2022:07:21:11 -0800] "GET /wp-content/themes/seotheme/mar.php HTTP/1.1" 301 543 "www.google.com" "Mozlila/5.0 (Linux; Android 7.0; SM-G892A Bulid/NRD90M; wv) AppleWebKit/537.36 (KHTML, like Gecko) Version/4.0 Chrome/60.0.3112.107 Moblie Safari/537.36" 
20.115.84.42 - - [08/Dec/2022:07:21:13 -0800] "GET /wp-content/themes/seotheme/mar.php HTTP/1.1" 429 486 "www.google.com" "Mozlila/5.0 (Linux; Android 7.0; SM-G892A Bulid/NRD90M; wv) AppleWebKit/537.36 (KHTML, like Gecko) Version/4.0 Chrome/60.0.3112.107 Moblie Safari/537.36" 
17.121.115.167 - - [08/Dec/2022:07:23:24 -0800] "GET /self.logs/error.log.2020-12-04 HTTP/1.1" 200 307 "-" "Mozilla/5.0 (Macintosh; Intel Mac OS X 10_15_5) AppleWebKit/605.1.15 (KHTML, like Gecko) Version/13.1.1 Safari/605.1.15 (Applebot/0.1; +http://www.apple.com/go/applebot)" 
114.119.159.135 - - [08/Dec/2022:07:23:52 -0800] "GET /self.logs/access.log.2019-05-03.gz HTTP/1.1" 200 23924 "-" "Mozilla/5.0 (compatible;PetalBot;+https://webmaster.petalsearch.com/site/petalbot)" 
157.55.39.49 - - [08/Dec/2022:07:34:18 -0800] "GET /self.logs/error.log.2020-07-19.gz HTTP/1.1" 200 870 "-" "Mozilla/5.0 (compatible; bingbot/2.0; +http://www.bing.com/bingbot.htm)" 
54.245.218.208 - - [08/Dec/2022:07:37:15 -0800] "GET / HTTP/1.1" 301 419 "-" "Mozilla/5.0 (X11; Linux x86_64) AppleWebKit/537.36 (KHTML, like Gecko) Chrome/83.0.4103.97 Safari/537.36" 
54.245.218.208 - - [08/Dec/2022:07:37:17 -0800] "GET / HTTP/1.1" 200 13142 "-" "Mozilla/5.0 (X11; Linux x86_64) AppleWebKit/537.36 (KHTML, like Gecko) Chrome/83.0.4103.97 Safari/537.36" 
18.237.25.249 - - [08/Dec/2022:07:38:56 -0800] "GET /favicon.ico HTTP/1.1" 301 441 "-" "Mozilla/5.0 (X11; Linux x86_64) AppleWebKit/537.36 (KHTML, like Gecko) Chrome/83.0.4103.97 Safari/537.36" 
18.237.25.249 - - [08/Dec/2022:07:38:58 -0800] "GET /favicon.ico HTTP/1.1" 200 347 "http://secrepo.com/favicon.ico" "Mozilla/5.0 (X11; Linux x86_64) AppleWebKit/537.36 (KHTML, like Gecko) Chrome/83.0.4103.97 Safari/537.36" 
18.237.25.249 - - [08/Dec/2022:07:39:00 -0800] "GET / HTTP/1.1" 301 419 "-" "Mozilla/5.0 (X11; Linux x86_64) AppleWebKit/537.36 (KHTML, like Gecko) Chrome/83.0.4103.97 Safari/537.36" 
18.237.25.249 - - [08/Dec/2022:07:39:02 -0800] "GET / HTTP/1.1" 200 13142 "http://secrepo.com" "Mozilla/5.0 (X11; Linux x86_64) AppleWebKit/537.36 (KHTML, like Gecko) Chrome/83.0.4103.97 Safari/537.36" 
40.77.167.61 - - [08/Dec/2022:07:40:15 -0800] "GET /self.logs/2016/error.log.2016-04-30.gz HTTP/1.1" 200 754 "-" "Mozilla/5.0 AppleWebKit/537.36 (KHTML, like Gecko; compatible; bingbot/2.0; +http://www.bing.com/bingbot.htm) Chrome/103.0.5060.134 Safari/537.36" 
40.77.167.61 - - [08/Dec/2022:07:40:46 -0800] "GET /self.logs/2016/error.log.2016-12-16.gz HTTP/1.1" 200 903 "-" "Mozilla/5.0 (compatible; bingbot/2.0; +http://www.bing.com/bingbot.htm)" 
40.77.167.74 - - [08/Dec/2022:07:41:35 -0800] "GET /self.logs/access.log.2022-03-08.gz HTTP/1.1" 200 15918 "-" "Mozilla/5.0 (compatible; bingbot/2.0; +http://www.bing.com/bingbot.htm)" 
40.77.167.61 - - [08/Dec/2022:07:42:06 -0800] "GET /self.logs/access.log.2019-10-22.gz HTTP/1.1" 200 36040 "-" "Mozilla/5.0 AppleWebKit/537.36 (KHTML, like Gecko; compatible; bingbot/2.0; +http://www.bing.com/bingbot.htm) Chrome/103.0.5060.134 Safari/537.36" 
114.119.139.220 - - [08/Dec/2022:07:43:54 -0800] "GET /self.logs/access.log.2017-11-17.gz HTTP/1.1" 200 19727 "-" "Mozilla/5.0 (compatible;PetalBot;+https://webmaster.petalsearch.com/site/petalbot)" 
157.55.39.209 - - [08/Dec/2022:07:45:50 -0800] "GET /self.logs/2016/error.log.2016-01-18.gz HTTP/1.1" 200 1206 "-" "Mozilla/5.0 (compatible; bingbot/2.0; +http://www.bing.com/bingbot.htm)" 
198.13.38.22 - - [08/Dec/2022:07:53:18 -0800] "GET /wp-admin/css/ HTTP/1.1" 301 501 "binance.com" "Mozilla/5.0 (Windows NT 10.0; Win64; x64) AppleWebKit/537.36 (KHTML, like Gecko) Chrome/90.0.4430.85 Safari/537.36" 
198.13.38.22 - - [08/Dec/2022:07:53:21 -0800] "GET /wp-admin/css/ HTTP/1.1" 404 328 "binance.com" "Mozilla/5.0 (Windows NT 10.0; Win64; x64) AppleWebKit/537.36 (KHTML, like Gecko) Chrome/90.0.4430.85 Safari/537.36" 
198.13.38.22 - - [08/Dec/2022:07:53:26 -0800] "GET /.well-known/ HTTP/1.1" 301 499 "binance.com" "Mozilla/5.0 (Windows NT 10.0; Win64; x64) AppleWebKit/537.36 (KHTML, like Gecko) Chrome/90.0.4430.85 Safari/537.36" 
198.13.38.22 - - [08/Dec/2022:07:53:29 -0800] "GET /.well-known/ HTTP/1.1" 200 663 "binance.com" "Mozilla/5.0 (Windows NT 10.0; Win64; x64) AppleWebKit/537.36 (KHTML, like Gecko) Chrome/90.0.4430.85 Safari/537.36" 
198.13.38.22 - - [08/Dec/2022:07:53:32 -0800] "GET /sites/default/files/ HTTP/1.1" 301 515 "binance.com" "Mozilla/5.0 (Windows NT 10.0; Win64; x64) AppleWebKit/537.36 (KHTML, like Gecko) Chrome/90.0.4430.85 Safari/537.36" 
198.13.38.22 - - [08/Dec/2022:07:53:34 -0800] "GET /sites/default/files/ HTTP/1.1" 404 328 "binance.com" "Mozilla/5.0 (Windows NT 10.0; Win64; x64) AppleWebKit/537.36 (KHTML, like Gecko) Chrome/90.0.4430.85 Safari/537.36" 
198.13.38.22 - - [08/Dec/2022:07:53:37 -0800] "GET /admin/controller/extension/extension/ HTTP/1.1" 301 549 "binance.com" "Mozilla/5.0 (Windows NT 10.0; Win64; x64) AppleWebKit/537.36 (KHTML, like Gecko) Chrome/90.0.4430.85 Safari/537.36" 
198.13.38.22 - - [08/Dec/2022:07:53:40 -0800] "GET /admin/controller/extension/extension/ HTTP/1.1" 404 328 "binance.com" "Mozilla/5.0 (Windows NT 10.0; Win64; x64) AppleWebKit/537.36 (KHTML, like Gecko) Chrome/90.0.4430.85 Safari/537.36" 
198.13.38.22 - - [08/Dec/2022:07:53:42 -0800] "GET /uploads/ HTTP/1.1" 301 491 "binance.com" "Mozilla/5.0 (Windows NT 10.0; Win64; x64) AppleWebKit/537.36 (KHTML, like Gecko) Chrome/90.0.4430.85 Safari/537.36" 
198.13.38.22 - - [08/Dec/2022:07:53:45 -0800] "GET /uploads/ HTTP/1.1" 404 328 "binance.com" "Mozilla/5.0 (Windows NT 10.0; Win64; x64) AppleWebKit/537.36 (KHTML, like Gecko) Chrome/90.0.4430.85 Safari/537.36" 
198.13.38.22 - - [08/Dec/2022:07:53:49 -0800] "GET /images/ HTTP/1.1" 301 489 "binance.com" "Mozilla/5.0 (Windows NT 10.0; Win64; x64) AppleWebKit/537.36 (KHTML, like Gecko) Chrome/90.0.4430.85 Safari/537.36" 
198.13.38.22 - - [08/Dec/2022:07:53:52 -0800] "GET /images/ HTTP/1.1" 404 328 "binance.com" "Mozilla/5.0 (Windows NT 10.0; Win64; x64) AppleWebKit/537.36 (KHTML, like Gecko) Chrome/90.0.4430.85 Safari/537.36" 
198.13.38.22 - - [08/Dec/2022:07:53:56 -0800] "GET /files/ HTTP/1.1" 301 487 "binance.com" "Mozilla/5.0 (Windows NT 10.0; Win64; x64) AppleWebKit/537.36 (KHTML, like Gecko) Chrome/90.0.4430.85 Safari/537.36" 
198.13.38.22 - - [08/Dec/2022:07:54:02 -0800] "GET /files/ HTTP/1.1" 404 328 "binance.com" "Mozilla/5.0 (Windows NT 10.0; Win64; x64) AppleWebKit/537.36 (KHTML, like Gecko) Chrome/90.0.4430.85 Safari/537.36" 
157.55.39.49 - - [08/Dec/2022:07:59:50 -0800] "GET /self.logs/error.log.2019-10-10.gz HTTP/1.1" 200 934 "-" "Mozilla/5.0 AppleWebKit/537.36 (KHTML, like Gecko; compatible; bingbot/2.0; +http://www.bing.com/bingbot.htm) Chrome/103.0.5060.134 Safari/537.36" 
157.55.39.49 - - [08/Dec/2022:07:59:50 -0800] "GET /self.logs/error.log.2021-06-24.gz HTTP/1.1" 200 946 "-" "Mozilla/5.0 AppleWebKit/537.36 (KHTML, like Gecko; compatible; bingbot/2.0; +http://www.bing.com/bingbot.htm) Chrome/103.0.5060.134 Safari/537.36" 
157.55.39.49 - - [08/Dec/2022:07:59:50 -0800] "GET /self.logs/2016/access.log.2016-05-14.gz HTTP/1.1" 200 7942 "-" "Mozilla/5.0 AppleWebKit/537.36 (KHTML, like Gecko; compatible; bingbot/2.0; +http://www.bing.com/bingbot.htm) Chrome/103.0.5060.134 Safari/537.36" 
20.191.45.212 - - [08/Dec/2022:07:59:54 -0800] "GET / HTTP/1.1" 200 13186 "http://www.secrepo.com/" "Mozilla/5.0 (compatible; DuckDuckGo-Favicons-Bot/1.0; +http://duckduckgo.com)" 
20.191.45.212 - - [08/Dec/2022:07:59:54 -0800] "GET /bootstrap/img/favicon.ico HTTP/1.1" 200 690 "http://www.secrepo.com/bootstrap/img/favicon.ico" "Mozilla/5.0 (compatible; DuckDuckGo-Favicons-Bot/1.0; +http://duckduckgo.com)" 
40.77.167.61 - - [08/Dec/2022:08:00:09 -0800] "GET /self.logs/2016/error.log.2016-12-30.gz HTTP/1.1" 200 712 "-" "Mozilla/5.0 (compatible; bingbot/2.0; +http://www.bing.com/bingbot.htm)" 
40.77.167.73 - - [08/Dec/2022:08:02:00 -0800] "GET /self.logs/access.log.2019-02-28.gz HTTP/1.1" 200 27279 "-" "Mozilla/5.0 (compatible; bingbot/2.0; +http://www.bing.com/bingbot.htm)" 
157.55.39.49 - - [08/Dec/2022:08:02:41 -0800] "GET /self.logs/error.log.2019-08-14.gz HTTP/1.1" 200 1389 "-" "Mozilla/5.0 AppleWebKit/537.36 (KHTML, like Gecko; compatible; bingbot/2.0; +http://www.bing.com/bingbot.htm) Chrome/103.0.5060.134 Safari/537.36" 
40.77.167.6 - - [08/Dec/2022:08:02:46 -0800] "GET /self.logs/error.log.2021-09-11.gz HTTP/1.1" 200 4505 "-" "Mozilla/5.0 AppleWebKit/537.36 (KHTML, like Gecko; compatible; bingbot/2.0; +http://www.bing.com/bingbot.htm) Chrome/103.0.5060.134 Safari/537.36" 
40.77.167.74 - - [08/Dec/2022:08:05:46 -0800] "GET /self.logs/access.log.2019-09-01.gz HTTP/1.1" 200 16827 "-" "Mozilla/5.0 (compatible; bingbot/2.0; +http://www.bing.com/bingbot.htm)" 
12.26.0.34 - - [08/Dec/2022:08:05:49 -0800] "GET /robots.txt HTTP/1.1" 200 377 "-" "Mozilla/5.0 (compatible; Googlebot/2.1; +http://www.google.com/bot.html)" 
12.26.0.34 - - [08/Dec/2022:08:05:49 -0800] "GET / HTTP/1.1" 200 13186 "-" "Mozilla/5.0 (compatible; Googlebot/2.1; +http://www.google.com/bot.html)" 
40.77.167.74 - - [08/Dec/2022:08:10:17 -0800] "GET /self.logs/access.log.2022-01-19.gz HTTP/1.1" 200 17295 "-" "Mozilla/5.0 AppleWebKit/537.36 (KHTML, like Gecko; compatible; bingbot/2.0; +http://www.bing.com/bingbot.htm) Chrome/103.0.5060.134 Safari/537.36" 
40.77.167.61 - - [08/Dec/2022:08:10:22 -0800] "GET /self.logs/error.log.2018-01-21.gz HTTP/1.1" 200 1954 "-" "Mozilla/5.0 AppleWebKit/537.36 (KHTML, like Gecko; compatible; bingbot/2.0; +http://www.bing.com/bingbot.htm) Chrome/103.0.5060.134 Safari/537.36" 
151.40.252.250 - - [08/Dec/2022:08:24:08 -0800] "GET / HTTP/1.1" 200 13186 "-" "Mozilla/5.0 (Macintosh; Intel Mac OS X 10_14_6) AppleWebKit/605.1.15 (KHTML, like Gecko) Version/14.1.2 Safari/605.1.15" 
151.40.252.250 - - [08/Dec/2022:08:24:08 -0800] "GET /twitter-icon.png HTTP/1.1" 200 27893 "http://www.secrepo.com/" "Mozilla/5.0 (Macintosh; Intel Mac OS X 10_14_6) AppleWebKit/605.1.15 (KHTML, like Gecko) Version/14.1.2 Safari/605.1.15" 
151.40.252.250 - - [08/Dec/2022:08:24:08 -0800] "GET /css/style.css HTTP/1.1" 404 328 "http://www.secrepo.com/" "Mozilla/5.0 (Macintosh; Intel Mac OS X 10_14_6) AppleWebKit/605.1.15 (KHTML, like Gecko) Version/14.1.2 Safari/605.1.15" 
151.40.252.250 - - [08/Dec/2022:08:24:08 -0800] "GET /GitHub-Mark.png HTTP/1.1" 200 7556 "http://www.secrepo.com/" "Mozilla/5.0 (Macintosh; Intel Mac OS X 10_14_6) AppleWebKit/605.1.15 (KHTML, like Gecko) Version/14.1.2 Safari/605.1.15" 
151.40.252.250 - - [08/Dec/2022:08:24:09 -0800] "GET /bootstrap/img/favicon.ico HTTP/1.1" 200 713 "http://www.secrepo.com/" "Mozilla/5.0 (Macintosh; Intel Mac OS X 10_14_6) AppleWebKit/605.1.15 (KHTML, like Gecko) Version/14.1.2 Safari/605.1.15" 
104.233.160.112 - - [08/Dec/2022:08:25:03 -0800] "GET /js/play.html HTTP/1.1" 404 328 "-" "-" 
151.40.252.250 - - [08/Dec/2022:08:25:28 -0800] "GET /pe_static/zeus.zip HTTP/1.1" 200 2070552 "http://www.secrepo.com/" "Mozilla/5.0 (Macintosh; Intel Mac OS X 10_14_6) AppleWebKit/605.1.15 (KHTML, like Gecko) Version/14.1.2 Safari/605.1.15" 
40.77.167.6 - - [08/Dec/2022:08:25:48 -0800] "GET /self.logs/access.log.2017-06-17.gz HTTP/1.1" 200 36156 "-" "Mozilla/5.0 (compatible; bingbot/2.0; +http://www.bing.com/bingbot.htm)" 
94.204.178.166 - - [08/Dec/2022:08:29:07 -0800] "GET / HTTP/1.1" 200 13186 "-" "Mozilla/5.0 (Windows NT 10.0; Win64; x64) AppleWebKit/537.36 (KHTML, like Gecko) Chrome/108.0.0.0 Safari/537.36 Edg/108.0.1462.42" 
94.204.178.166 - - [08/Dec/2022:08:29:08 -0800] "GET /css/style.css HTTP/1.1" 404 305 "http://www.secrepo.com/" "Mozilla/5.0 (Windows NT 10.0; Win64; x64) AppleWebKit/537.36 (KHTML, like Gecko) Chrome/108.0.0.0 Safari/537.36 Edg/108.0.1462.42" 
94.204.178.166 - - [08/Dec/2022:08:29:16 -0800] "GET /maccdc2012/dns.log.gz HTTP/1.1" 200 6607379 "http://www.secrepo.com/" "Mozilla/5.0 (Windows NT 10.0; Win64; x64) AppleWebKit/537.36 (KHTML, like Gecko) Chrome/108.0.0.0 Safari/537.36 Edg/108.0.1462.42" 
40.77.167.6 - - [08/Dec/2022:08:30:58 -0800] "GET /self.logs/2016/error.log.2016-02-25.gz HTTP/1.1" 200 902 "-" "Mozilla/5.0 AppleWebKit/537.36 (KHTML, like Gecko; compatible; bingbot/2.0; +http://www.bing.com/bingbot.htm) Chrome/103.0.5060.134 Safari/537.36" 
40.77.167.74 - - [08/Dec/2022:08:39:39 -0800] "GET /self.logs/2016/access.log.2016-01-25.gz HTTP/1.1" 200 6725 "-" "Mozilla/5.0 AppleWebKit/537.36 (KHTML, like Gecko; compatible; bingbot/2.0; +http://www.bing.com/bingbot.htm) Chrome/103.0.5060.134 Safari/537.36" 
157.55.39.209 - - [08/Dec/2022:08:49:07 -0800] "GET /self.logs/ HTTP/1.1" 200 40091 "-" "Mozilla/5.0 AppleWebKit/537.36 (KHTML, like Gecko; compatible; bingbot/2.0; +http://www.bing.com/bingbot.htm) Chrome/103.0.5060.134 Safari/537.36" 
104.233.160.112 - - [08/Dec/2022:08:49:54 -0800] "GET /js/play.html HTTP/1.1" 301 499 "-" "-" 
40.77.167.73 - - [08/Dec/2022:08:51:45 -0800] "GET /self.logs/error.log.2018-02-09.gz HTTP/1.1" 200 4214 "-" "Mozilla/5.0 AppleWebKit/537.36 (KHTML, like Gecko; compatible; bingbot/2.0; +http://www.bing.com/bingbot.htm) Chrome/103.0.5060.134 Safari/537.36" 
120.138.12.251 - - [08/Dec/2022:08:58:08 -0800] "GET / HTTP/1.1" 200 13185 "-" "Mozilla/5.0 (Windows NT 10.0; Win64; x64; rv:107.0) Gecko/20100101 Firefox/107.0" 
120.138.12.251 - - [08/Dec/2022:08:58:08 -0800] "GET /css/style.css HTTP/1.1" 404 328 "http://www.secrepo.com/" "Mozilla/5.0 (Windows NT 10.0; Win64; x64; rv:107.0) Gecko/20100101 Firefox/107.0" 
120.138.12.251 - - [08/Dec/2022:08:58:09 -0800] "GET /GitHub-Mark.png HTTP/1.1" 200 7533 "http://www.secrepo.com/" "Mozilla/5.0 (Windows NT 10.0; Win64; x64; rv:107.0) Gecko/20100101 Firefox/107.0" 
120.138.12.251 - - [08/Dec/2022:08:58:09 -0800] "GET /twitter-icon.png HTTP/1.1" 200 27916 "http://www.secrepo.com/" "Mozilla/5.0 (Windows NT 10.0; Win64; x64; rv:107.0) Gecko/20100101 Firefox/107.0" 
120.138.12.251 - - [08/Dec/2022:08:58:09 -0800] "GET /bootstrap/img/favicon.ico HTTP/1.1" 200 690 "http://www.secrepo.com/" "Mozilla/5.0 (Windows NT 10.0; Win64; x64; rv:107.0) Gecko/20100101 Firefox/107.0" 
120.138.12.251 - - [08/Dec/2022:08:58:54 -0800] "GET /css/style.css HTTP/1.1" 404 328 "http://www.secrepo.com/" "Mozilla/5.0 (Windows NT 10.0; Win64; x64; rv:107.0) Gecko/20100101 Firefox/107.0" 
120.138.12.251 - - [08/Dec/2022:08:58:54 -0800] "GET /bootstrap/img/favicon.ico HTTP/1.1" 200 713 "http://www.secrepo.com/" "Mozilla/5.0 (Windows NT 10.0; Win64; x64; rv:107.0) Gecko/20100101 Firefox/107.0" 
114.119.141.93 - - [08/Dec/2022:09:00:38 -0800] "GET /self.logs/error.log.2019-01-02.gz HTTP/1.1" 200 5239 "-" "Mozilla/5.0 (compatible;PetalBot;+https://webmaster.petalsearch.com/site/petalbot)" 
157.55.39.209 - - [08/Dec/2022:09:00:47 -0800] "GET /self.logs/access.log.2017-11-23.gz HTTP/1.1" 200 22457 "-" "Mozilla/5.0 (compatible; bingbot/2.0; +http://www.bing.com/bingbot.htm)" 
40.77.167.74 - - [08/Dec/2022:09:03:23 -0800] "GET /self.logs/access.log.2020-07-14.gz HTTP/1.1" 200 42081 "-" "Mozilla/5.0 (compatible; bingbot/2.0; +http://www.bing.com/bingbot.htm)" 
34.77.181.223 - - [08/Dec/2022:09:03:51 -0800] "GET / HTTP/1.1" 200 13149 "-" "Mozilla/5.0 (compatible; Googlebot/2.1; +http://www.google.com/bot.html)" 
157.55.39.49 - - [08/Dec/2022:09:07:46 -0800] "GET /self.logs/access.log.2021-06-20.gz HTTP/1.1" 200 20180 "-" "Mozilla/5.0 (compatible; bingbot/2.0; +http://www.bing.com/bingbot.htm)" 
157.55.39.209 - - [08/Dec/2022:09:08:30 -0800] "GET /self.logs/ HTTP/1.1" 200 40091 "-" "Mozilla/5.0 AppleWebKit/537.36 (KHTML, like Gecko; compatible; bingbot/2.0; +http://www.bing.com/bingbot.htm) Chrome/103.0.5060.134 Safari/537.36" 
40.77.167.6 - - [08/Dec/2022:09:09:12 -0800] "GET /self.logs/2016/access.log.2016-10-12.gz HTTP/1.1" 200 12503 "-" "Mozilla/5.0 (compatible; bingbot/2.0; +http://www.bing.com/bingbot.htm)" 
120.138.12.251 - - [08/Dec/2022:09:11:25 -0800] "GET /maccdc2012/conn.log.gz HTTP/1.1" 200 14267352 "http://www.secrepo.com/" "Mozilla/5.0 (Windows NT 10.0; Win64; x64; rv:107.0) Gecko/20100101 Firefox/107.0" 
157.55.39.49 - - [08/Dec/2022:09:12:07 -0800] "GET /self.logs/access.log.2021-10-10.gz HTTP/1.1" 200 26970 "-" "Mozilla/5.0 AppleWebKit/537.36 (KHTML, like Gecko; compatible; bingbot/2.0; +http://www.bing.com/bingbot.htm) Chrome/103.0.5060.134 Safari/537.36" 
157.55.39.49 - - [08/Dec/2022:09:17:58 -0800] "GET /self.logs/2016/access.log.2016-10-14.gz HTTP/1.1" 200 7238 "-" "Mozilla/5.0 (compatible; bingbot/2.0; +http://www.bing.com/bingbot.htm)" 
40.77.167.74 - - [08/Dec/2022:09:21:24 -0800] "GET /self.logs/access.log.2019-02-25.gz HTTP/1.1" 200 23990 "-" "Mozilla/5.0 AppleWebKit/537.36 (KHTML, like Gecko; compatible; bingbot/2.0; +http://www.bing.com/bingbot.htm) Chrome/103.0.5060.134 Safari/537.36" 
40.77.167.6 - - [08/Dec/2022:09:26:03 -0800] "GET /self.logs/error.log.2019-12-05.gz HTTP/1.1" 200 1126 "-" "Mozilla/5.0 (compatible; bingbot/2.0; +http://www.bing.com/bingbot.htm)" 
40.77.167.61 - - [08/Dec/2022:09:27:56 -0800] "GET /self.logs/access.log.2020-09-16.gz HTTP/1.1" 200 16408 "-" "Mozilla/5.0 AppleWebKit/537.36 (KHTML, like Gecko; compatible; bingbot/2.0; +http://www.bing.com/bingbot.htm) Chrome/103.0.5060.134 Safari/537.36" 
40.77.167.73 - - [08/Dec/2022:09:32:48 -0800] "GET /self.logs/access.log.2019-09-30.gz HTTP/1.1" 200 21645 "-" "Mozilla/5.0 (compatible; bingbot/2.0; +http://www.bing.com/bingbot.htm)" 
40.77.167.61 - - [08/Dec/2022:09:36:08 -0800] "GET /self.logs/access.log.2020-01-05.gz HTTP/1.1" 200 14041 "-" "Mozilla/5.0 (compatible; bingbot/2.0; +http://www.bing.com/bingbot.htm)" 
40.77.167.74 - - [08/Dec/2022:09:37:25 -0800] "GET /self.logs/error.log.2021-07-28.gz HTTP/1.1" 200 648 "-" "Mozilla/5.0 (compatible; bingbot/2.0; +http://www.bing.com/bingbot.htm)" 
40.77.167.6 - - [08/Dec/2022:09:39:05 -0800] "GET /self.logs/2016/error.log.2016-03-19.gz HTTP/1.1" 200 609 "-" "Mozilla/5.0 (compatible; bingbot/2.0; +http://www.bing.com/bingbot.htm)" 
157.55.39.49 - - [08/Dec/2022:09:39:31 -0800] "GET /self.logs/error.log.2021-09-01.gz HTTP/1.1" 200 1568 "-" "Mozilla/5.0 (compatible; bingbot/2.0; +http://www.bing.com/bingbot.htm)" 
40.77.167.61 - - [08/Dec/2022:09:42:08 -0800] "GET /self.logs/access.log.2021-11-24.gz HTTP/1.1" 200 17933 "-" "Mozilla/5.0 (compatible; bingbot/2.0; +http://www.bing.com/bingbot.htm)" 
157.55.39.209 - - [08/Dec/2022:09:42:13 -0800] "GET /self.logs/ HTTP/1.1" 200 40091 "-" "Mozilla/5.0 (compatible; bingbot/2.0; +http://www.bing.com/bingbot.htm)" 
40.77.167.73 - - [08/Dec/2022:09:48:31 -0800] "GET /self.logs/error.log.2020-07-12 HTTP/1.1" 200 351 "-" "Mozilla/5.0 (compatible; bingbot/2.0; +http://www.bing.com/bingbot.htm)" 
157.55.39.49 - - [08/Dec/2022:09:55:42 -0800] "GET /self.logs/access.log.2020-03-17.gz HTTP/1.1" 200 22591 "-" "Mozilla/5.0 AppleWebKit/537.36 (KHTML, like Gecko; compatible; bingbot/2.0; +http://www.bing.com/bingbot.htm) Chrome/103.0.5060.134 Safari/537.36" 
40.77.167.6 - - [08/Dec/2022:09:55:47 -0800] "GET /self.logs/error.log.2020-06-26.gz HTTP/1.1" 200 871 "-" "Mozilla/5.0 AppleWebKit/537.36 (KHTML, like Gecko; compatible; bingbot/2.0; +http://www.bing.com/bingbot.htm) Chrome/103.0.5060.134 Safari/537.36" 
17.121.114.8 - - [08/Dec/2022:09:57:24 -0800] "GET /data HTTP/1.1" 404 284 "-" "Mozilla/5.0 (Macintosh; Intel Mac OS X 10_15_5) AppleWebKit/605.1.15 (KHTML, like Gecko) Version/13.1.1 Safari/605.1.15 (Applebot/0.1; +http://www.apple.com/go/applebot)" 
40.77.167.73 - - [08/Dec/2022:09:58:31 -0800] "GET /self.logs/access.log.2021-03-27.gz HTTP/1.1" 200 29412 "-" "Mozilla/5.0 AppleWebKit/537.36 (KHTML, like Gecko; compatible; bingbot/2.0; +http://www.bing.com/bingbot.htm) Chrome/103.0.5060.134 Safari/537.36" 
108.49.36.182 - - [08/Dec/2022:09:59:06 -0800] "GET / HTTP/1.1" 200 13186 "-" "Mozilla/5.0 (Macintosh; Intel Mac OS X 10_15_7) AppleWebKit/605.1.15 (KHTML, like Gecko)" 
108.49.36.182 - - [08/Dec/2022:09:59:06 -0800] "GET /css/style.css HTTP/1.1" 404 305 "http://www.secrepo.com/" "Mozilla/5.0 (Macintosh; Intel Mac OS X 10_15_7) AppleWebKit/605.1.15 (KHTML, like Gecko)" 
108.49.36.182 - - [08/Dec/2022:09:59:06 -0800] "GET /twitter-icon.png HTTP/1.1" 200 27893 "http://www.secrepo.com/" "Mozilla/5.0 (Macintosh; Intel Mac OS X 10_15_7) AppleWebKit/605.1.15 (KHTML, like Gecko)" 
