171.13.14.27 - - [25/Oct/2020:19:47:33 -0700] "GET /pe_static/apt1.zip HTTP/1.1" 200 99280 "http://www.secrepo.com/pe_static/apt1.zip" "Mozilla/5.0 (Windows NT 10.0; Win64; x64) AppleWebKit/537.36 (KHTML, like Gecko) Chrome/83.0.4103.116 Safari/537.36 Edg/83.0.478.61" 
171.13.14.75 - - [25/Oct/2020:19:47:34 -0700] "GET /pe_static/apt1.zip HTTP/1.1" 200 880380 "http://www.secrepo.com/pe_static/apt1.zip" "Mozilla/5.0 (Windows NT 10.0; Win64; x64) AppleWebKit/537.36 (KHTML, like Gecko) Chrome/83.0.4103.116 Safari/537.36 Edg/83.0.478.61" 
54.36.148.43 - - [25/Oct/2020:19:49:01 -0700] "GET /self.logs/access.log.2019-10-25.gz HTTP/1.1" 200 17298 "-" "Mozilla/5.0 (compatible; AhrefsBot/7.0; +http://ahrefs.com/robot/)" 
54.36.148.71 - - [25/Oct/2020:19:54:17 -0700] "GET /self.logs/access.log.2017-10-01.gz HTTP/1.1" 200 24944 "-" "Mozilla/5.0 (compatible; AhrefsBot/7.0; +http://ahrefs.com/robot/)" 
36.110.211.5 - - [25/Oct/2020:19:55:37 -0700] "GET /tg/b.zip HTTP/1.1" 200 102200 "http://www.secrepo.com/tg/b.zip" "Mozilla/5.0 (Windows NT 10.0; Win64; x64) AppleWebKit/537.36 (KHTML, like Gecko) Chrome/83.0.4103.116 Safari/537.36 Edg/83.0.478.61" 
36.110.211.5 - - [25/Oct/2020:19:55:39 -0700] "GET /tg/b.zip HTTP/1.1" 200 2779840 "http://www.secrepo.com/tg/b.zip" "Mozilla/5.0 (Windows NT 10.0; Win64; x64) AppleWebKit/537.36 (KHTML, like Gecko) Chrome/83.0.4103.116 Safari/537.36 Edg/83.0.478.61" 
111.198.228.64 - - [25/Oct/2020:19:58:52 -0700] "GET / HTTP/1.1" 200 12883 "-" "Mozilla/5.0 (Macintosh; Intel Mac OS X 10_15_6) AppleWebKit/605.1.15 (KHTML, like Gecko)" 
111.198.228.64 - - [25/Oct/2020:19:58:53 -0700] "GET /apple-touch-icon-precomposed.png HTTP/1.1" 404 328 "-" "Safari%E6%B5%8F%E8%A7%88%E5%99%A8/15610.1.28.1.9 CFNetwork/1128.0.1 Darwin/19.6.0 (x86_64)" 
111.198.228.64 - - [25/Oct/2020:19:58:53 -0700] "GET /apple-touch-icon.png HTTP/1.1" 404 305 "-" "Safari%E6%B5%8F%E8%A7%88%E5%99%A8/15610.1.28.1.9 CFNetwork/1128.0.1 Darwin/19.6.0 (x86_64)" 
111.198.228.64 - - [25/Oct/2020:19:58:53 -0700] "GET / HTTP/1.1" 200 12860 "-" "Mozilla/5.0 (iPhone; CPU iPhone OS 13_1_3 like Mac OS X) AppleWebKit/605.1.15 (KHTML, like Gecko) Version/13.0.1 Mobile/15E148 Safari/604.1" 
111.198.228.64 - - [25/Oct/2020:19:58:54 -0700] "GET /apple-touch-icon-precomposed.png HTTP/1.1" 404 305 "-" "Safari%E6%B5%8F%E8%A7%88%E5%99%A8/15610.1.28.1.9 CFNetwork/1128.0.1 Darwin/19.6.0 (x86_64)" 
111.198.228.64 - - [25/Oct/2020:19:58:55 -0700] "GET /apple-touch-icon.png HTTP/1.1" 404 305 "-" "Safari%E6%B5%8F%E8%A7%88%E5%99%A8/15610.1.28.1.9 CFNetwork/1128.0.1 Darwin/19.6.0 (x86_64)" 
54.36.148.17 - - [25/Oct/2020:19:59:09 -0700] "GET /self.logs/access.log.2020-01-12.gz HTTP/1.1" 200 18818 "-" "Mozilla/5.0 (compatible; AhrefsBot/7.0; +http://ahrefs.com/robot/)" 
157.55.39.229 - - [25/Oct/2020:20:01:20 -0700] "GET /self.logs/access.log.2020-09-10.gz HTTP/1.1" 200 49122 "-" "Mozilla/5.0 (compatible; bingbot/2.0; +http://www.bing.com/bingbot.htm)" 
194.124.34.240 - - [25/Oct/2020:20:03:46 -0700] "GET / HTTP/1.1" 200 12880 "https://blog.csdn.net/zourzh123/article/details/81012081" "Mozilla/5.0 (Windows NT 10.0; Win64; x64) AppleWebKit/537.36 (KHTML, like Gecko) Chrome/86.0.4240.111 Safari/537.36" 
45.144.240.206 - - [25/Oct/2020:20:03:46 -0700] "GET /css/style.css HTTP/1.1" 404 328 "http://www.secrepo.com/" "Mozilla/5.0 (Windows NT 10.0; Win64; x64) AppleWebKit/537.36 (KHTML, like Gecko) Chrome/86.0.4240.111 Safari/537.36" 
54.36.149.61 - - [25/Oct/2020:20:04:13 -0700] "GET /self.logs/error.log.2020-05-29 HTTP/1.1" 200 307 "-" "Mozilla/5.0 (compatible; AhrefsBot/7.0; +http://ahrefs.com/robot/)" 
54.36.148.17 - - [25/Oct/2020:20:09:18 -0700] "GET /self.logs/error.log.2019-05-15.gz HTTP/1.1" 200 5243 "-" "Mozilla/5.0 (compatible; AhrefsBot/7.0; +http://ahrefs.com/robot/)" 
36.110.199.148 - - [25/Oct/2020:20:10:23 -0700] "GET / HTTP/1.1" 200 12880 "http://www.baidu.com/s?wd=jobwv2" "Mozilla/5.0 (Windows NT 6.1; WOW64; rv:43.0) Gecko/20100101 Firefox/43.0" 
36.110.199.148 - - [25/Oct/2020:20:10:24 -0700] "GET /css/style.css HTTP/1.1" 404 305 "http://www.secrepo.com/" "Mozilla/5.0 (Windows NT 6.1; WOW64; rv:43.0) Gecko/20100101 Firefox/43.0" 
180.163.220.99 - - [25/Oct/2020:20:10:42 -0700] "GET /tg/c.zip HTTP/1.1" 200 55480 "http://www.secrepo.com/tg/c.zip" "Mozilla/5.0 (Windows NT 10.0; Win64; x64) AppleWebKit/537.36 (KHTML, like Gecko) Chrome/83.0.4103.116 Safari/537.36 Edg/83.0.478.61" 
66.102.7.189 - - [25/Oct/2020:20:12:24 -0700] "GET / HTTP/1.1" 301 475 "-" "Mozilla/5.0 (X11; Linux x86_64) AppleWebKit/537.36 (KHTML, like Gecko) Chrome/49.0.2623.75 Safari/537.36 Google Favicon" 
66.102.7.195 - - [25/Oct/2020:20:12:24 -0700] "GET / HTTP/1.1" 200 12880 "-" "Mozilla/5.0 (X11; Linux x86_64) AppleWebKit/537.36 (KHTML, like Gecko) Chrome/49.0.2623.75 Safari/537.36 Google Favicon" 
54.36.148.17 - - [25/Oct/2020:20:14:54 -0700] "GET /self.logs/access.log.2019-09-07.gz HTTP/1.1" 200 15735 "-" "Mozilla/5.0 (compatible; AhrefsBot/7.0; +http://ahrefs.com/robot/)" 
54.36.148.244 - - [25/Oct/2020:20:19:58 -0700] "GET /self.logs/access.log.2020-03-29.gz HTTP/1.1" 200 20327 "-" "Mozilla/5.0 (compatible; AhrefsBot/7.0; +http://ahrefs.com/robot/)" 
122.44.141.195 - - [25/Oct/2020:20:20:20 -0700] "GET / HTTP/1.1" 200 12883 "https://www.hakawati.co.kr/416" "Mozilla/5.0 (Windows NT 10.0; Win64; x64) AppleWebKit/537.36 (KHTML, like Gecko) Chrome/86.0.4240.111 Safari/537.36" 
122.44.141.195 - - [25/Oct/2020:20:20:20 -0700] "GET /css/style.css HTTP/1.1" 404 305 "http://www.secrepo.com/" "Mozilla/5.0 (Windows NT 10.0; Win64; x64) AppleWebKit/537.36 (KHTML, like Gecko) Chrome/86.0.4240.111 Safari/537.36" 
122.44.141.195 - - [25/Oct/2020:20:20:20 -0700] "GET /twitter-icon.png HTTP/1.1" 200 27916 "http://www.secrepo.com/" "Mozilla/5.0 (Windows NT 10.0; Win64; x64) AppleWebKit/537.36 (KHTML, like Gecko) Chrome/86.0.4240.111 Safari/537.36" 
122.44.141.195 - - [25/Oct/2020:20:20:20 -0700] "GET /GitHub-Mark.png HTTP/1.1" 200 7556 "http://www.secrepo.com/" "Mozilla/5.0 (Windows NT 10.0; Win64; x64) AppleWebKit/537.36 (KHTML, like Gecko) Chrome/86.0.4240.111 Safari/537.36" 
122.44.141.195 - - [25/Oct/2020:20:20:21 -0700] "GET /bootstrap/img/favicon.ico HTTP/1.1" 200 690 "http://www.secrepo.com/" "Mozilla/5.0 (Windows NT 10.0; Win64; x64) AppleWebKit/537.36 (KHTML, like Gecko) Chrome/86.0.4240.111 Safari/537.36" 
207.46.13.212 - - [25/Oct/2020:20:21:28 -0700] "GET /robots.txt HTTP/1.1" 200 377 "-" "Mozilla/5.0 (compatible; bingbot/2.0; +http://www.bing.com/bingbot.htm)" 
211.249.205.134 - - [25/Oct/2020:20:22:10 -0700] "GET / HTTP/1.1" 200 12883 "-" "facebookexternalhit/1.1; kakaotalk-scrap/1.0; +https://devtalk.kakao.com/t/scrap/33984" 
51.143.124.155 - - [25/Oct/2020:20:24:00 -0700] "GET /self.logs/2015/error.log.2015-10-27.gz HTTP/1.1" 200 796 "-" "Mozilla/5.0 (compatible; bingbot/2.0; +http://www.bing.com/bingbot.htm)" 
125.247.62.172 - - [25/Oct/2020:20:24:36 -0700] "GET / HTTP/1.1" 200 12883 "-" "Mozilla/5.0 (Windows NT 10.0; Win64; x64) AppleWebKit/537.36 (KHTML, like Gecko) Chrome/86.0.4240.111 Safari/537.36" 
125.247.62.172 - - [25/Oct/2020:20:24:36 -0700] "GET /css/style.css HTTP/1.1" 404 305 "http://www.secrepo.com/" "Mozilla/5.0 (Windows NT 10.0; Win64; x64) AppleWebKit/537.36 (KHTML, like Gecko) Chrome/86.0.4240.111 Safari/537.36" 
125.247.62.172 - - [25/Oct/2020:20:24:36 -0700] "GET /twitter-icon.png HTTP/1.1" 200 27916 "http://www.secrepo.com/" "Mozilla/5.0 (Windows NT 10.0; Win64; x64) AppleWebKit/537.36 (KHTML, like Gecko) Chrome/86.0.4240.111 Safari/537.36" 
125.247.62.172 - - [25/Oct/2020:20:24:36 -0700] "GET /GitHub-Mark.png HTTP/1.1" 200 7556 "http://www.secrepo.com/" "Mozilla/5.0 (Windows NT 10.0; Win64; x64) AppleWebKit/537.36 (KHTML, like Gecko) Chrome/86.0.4240.111 Safari/537.36" 
125.247.62.172 - - [25/Oct/2020:20:24:37 -0700] "GET /bootstrap/img/favicon.ico HTTP/1.1" 200 690 "http://www.secrepo.com/" "Mozilla/5.0 (Windows NT 10.0; Win64; x64) AppleWebKit/537.36 (KHTML, like Gecko) Chrome/86.0.4240.111 Safari/537.36" 
54.36.148.17 - - [25/Oct/2020:20:25:02 -0700] "GET /self.logs/access.log.2020-06-02.gz HTTP/1.1" 200 19139 "-" "Mozilla/5.0 (compatible; AhrefsBot/7.0; +http://ahrefs.com/robot/)" 
125.247.62.172 - - [25/Oct/2020:20:26:55 -0700] "GET /maccdc2012/ftp.log.gz HTTP/1.1" 200 127761 "http://www.secrepo.com/" "Mozilla/5.0 (Windows NT 10.0; Win64; x64) AppleWebKit/537.36 (KHTML, like Gecko) Chrome/86.0.4240.111 Safari/537.36" 
220.249.46.130 - - [25/Oct/2020:20:28:40 -0700] "GET /css/style.css HTTP/1.1" 404 291 "http://www.secrepo.com/" "Mozilla/4.0 compatible; MSIE 6.0" 
220.249.46.64 - - [25/Oct/2020:20:28:40 -0700] "GET /twitter-icon.png HTTP/1.1" 200 27879 "http://www.secrepo.com/" "Mozilla/4.0 compatible; MSIE 6.0" 
220.249.46.149 - - [25/Oct/2020:20:28:40 -0700] "GET /GitHub-Mark.png HTTP/1.1" 200 7519 "http://www.secrepo.com/" "Mozilla/4.0 compatible; MSIE 6.0" 
220.249.46.130 - - [25/Oct/2020:20:28:40 -0700] "GET /css/style.css HTTP/1.1" 404 291 "http://www.secrepo.com/" "Mozilla/4.0 compatible; MSIE 6.0" 
220.249.46.167 - - [25/Oct/2020:20:28:41 -0700] "GET /css/style.css HTTP/1.1" 404 291 "http://www.secrepo.com/" "Mozilla/4.0 compatible; MSIE 6.0" 
220.249.46.130 - - [25/Oct/2020:20:28:42 -0700] "GET /css/style.css HTTP/1.1" 404 291 "http://www.secrepo.com/" "Mozilla/4.0 compatible; MSIE 6.0" 
220.249.46.167 - - [25/Oct/2020:20:28:42 -0700] "GET /css/style.css HTTP/1.1" 404 291 "http://www.secrepo.com/" "Mozilla/4.0 compatible; MSIE 6.0" 
220.249.46.167 - - [25/Oct/2020:20:28:43 -0700] "GET /css/style.css HTTP/1.1" 404 291 "http://www.secrepo.com/" "Mozilla/4.0 compatible; MSIE 6.0" 
125.247.62.172 - - [25/Oct/2020:20:29:37 -0700] "GET /maccdc2012/ssh.log.gz HTTP/1.1" 200 182567 "http://www.secrepo.com/" "Mozilla/5.0 (Windows NT 10.0; Win64; x64) AppleWebKit/537.36 (KHTML, like Gecko) Chrome/86.0.4240.111 Safari/537.36" 
125.247.62.172 - - [25/Oct/2020:20:29:32 -0700] "GET /maccdc2012/http.log.gz HTTP/1.1" 200 56420988 "http://www.secrepo.com/" "Mozilla/5.0 (Windows NT 10.0; Win64; x64) AppleWebKit/537.36 (KHTML, like Gecko) Chrome/86.0.4240.111 Safari/537.36" 
54.36.148.17 - - [25/Oct/2020:20:30:06 -0700] "GET /self.logs/access.log.2020-03-06.gz HTTP/1.1" 200 13651 "-" "Mozilla/5.0 (compatible; AhrefsBot/7.0; +http://ahrefs.com/robot/)" 
110.188.95.137 - - [25/Oct/2020:20:33:48 -0700] "GET /favicon.ico HTTP/1.1" 200 391 "-" "Mozilla/5.0 (Windows NT 10.0; WOW64) AppleWebKit/537.36 (KHTML, like Gecko) Chrome/78.0.3904.108 Safari/537.36" 
125.247.62.172 - - [25/Oct/2020:20:34:02 -0700] "GET /self.logs/ HTTP/1.1" 200 25575 "http://www.secrepo.com/" "Mozilla/5.0 (Windows NT 10.0; Win64; x64) AppleWebKit/537.36 (KHTML, like Gecko) Chrome/86.0.4240.111 Safari/537.36" 
125.247.62.172 - - [25/Oct/2020:20:34:02 -0700] "GET /favicon.ico HTTP/1.1" 200 368 "http://www.secrepo.com/self.logs/" "Mozilla/5.0 (Windows NT 10.0; Win64; x64) AppleWebKit/537.36 (KHTML, like Gecko) Chrome/86.0.4240.111 Safari/537.36" 
125.247.62.172 - - [25/Oct/2020:20:34:04 -0700] "GET /self.logs/access.log.2017-01-01.gz HTTP/1.1" 200 17655 "http://www.secrepo.com/self.logs/" "Mozilla/5.0 (Windows NT 10.0; Win64; x64) AppleWebKit/537.36 (KHTML, like Gecko) Chrome/86.0.4240.111 Safari/537.36" 
125.247.62.159 - - [25/Oct/2020:20:34:59 -0700] "GET / HTTP/1.1" 200 12883 "-" "Mozilla/5.0 (Windows NT 10.0; Win64; x64) AppleWebKit/537.36 (KHTML, like Gecko) Chrome/86.0.4240.111 Safari/537.36 Edg/86.0.622.51" 
125.247.62.159 - - [25/Oct/2020:20:34:59 -0700] "GET /css/style.css HTTP/1.1" 404 305 "http://www.secrepo.com/" "Mozilla/5.0 (Windows NT 10.0; Win64; x64) AppleWebKit/537.36 (KHTML, like Gecko) Chrome/86.0.4240.111 Safari/537.36 Edg/86.0.622.51" 
125.247.62.159 - - [25/Oct/2020:20:34:59 -0700] "GET /twitter-icon.png HTTP/1.1" 200 27916 "http://www.secrepo.com/" "Mozilla/5.0 (Windows NT 10.0; Win64; x64) AppleWebKit/537.36 (KHTML, like Gecko) Chrome/86.0.4240.111 Safari/537.36 Edg/86.0.622.51" 
125.247.62.159 - - [25/Oct/2020:20:34:59 -0700] "GET /GitHub-Mark.png HTTP/1.1" 200 7533 "http://www.secrepo.com/" "Mozilla/5.0 (Windows NT 10.0; Win64; x64) AppleWebKit/537.36 (KHTML, like Gecko) Chrome/86.0.4240.111 Safari/537.36 Edg/86.0.622.51" 
125.247.62.159 - - [25/Oct/2020:20:35:00 -0700] "GET /bootstrap/img/favicon.ico HTTP/1.1" 200 690 "http://www.secrepo.com/" "Mozilla/5.0 (Windows NT 10.0; Win64; x64) AppleWebKit/537.36 (KHTML, like Gecko) Chrome/86.0.4240.111 Safari/537.36 Edg/86.0.622.51" 
54.36.148.179 - - [25/Oct/2020:20:35:39 -0700] "GET /self.logs/error.log.2019-05-17.gz HTTP/1.1" 200 7069 "-" "Mozilla/5.0 (compatible; AhrefsBot/7.0; +http://ahrefs.com/robot/)" 
54.36.149.61 - - [25/Oct/2020:20:41:46 -0700] "GET /self.logs/access.log.2020-05-13.gz HTTP/1.1" 200 12621 "-" "Mozilla/5.0 (compatible; AhrefsBot/7.0; +http://ahrefs.com/robot/)" 
39.104.235.66 - - [25/Oct/2020:20:44:05 -0700] "GET /e/data/js/ajax.js HTTP/1.1" 404 328 "-" "Mozilla/5.0 (Windows NT 10.0; WOW64; rv:48.0) Gecko/20100101 Firefox/48.0" 
54.36.148.187 - - [25/Oct/2020:20:46:52 -0700] "GET /self.logs/error.log.2019-03-01.gz HTTP/1.1" 200 8831 "-" "Mozilla/5.0 (compatible; AhrefsBot/7.0; +http://ahrefs.com/robot/)" 
85.214.25.136 - - [25/Oct/2020:20:46:57 -0700] "GET / HTTP/1.1" 200 12882 "-" "Mozilla/5.0 (X11; Ubuntu; Linux i686; rv:28.0) Gecko/20100101 Firefox/28.0" 
85.214.25.136 - - [25/Oct/2020:20:46:57 -0700] "GET //wp-includes/js/jquery/jquery.js HTTP/1.1" 404 328 "-" "Mozilla/5.0 (X11; Ubuntu; Linux i686; rv:28.0) Gecko/20100101 Firefox/28.0" 
85.214.25.136 - - [25/Oct/2020:20:46:57 -0700] "GET //administrator/help/en-GB/toc.json HTTP/1.1" 404 328 "-" "Mozilla/5.0 (X11; Ubuntu; Linux i686; rv:28.0) Gecko/20100101 Firefox/28.0" 
85.214.25.136 - - [25/Oct/2020:20:46:57 -0700] "GET //administrator/language/en-GB/install.xml HTTP/1.1" 404 328 "-" "Mozilla/5.0 (X11; Ubuntu; Linux i686; rv:28.0) Gecko/20100101 Firefox/28.0" 
85.214.25.136 - - [25/Oct/2020:20:46:57 -0700] "GET //plugins/system/debug/debug.xml HTTP/1.1" 404 328 "-" "Mozilla/5.0 (X11; Ubuntu; Linux i686; rv:28.0) Gecko/20100101 Firefox/28.0" 
85.214.25.136 - - [25/Oct/2020:20:46:58 -0700] "GET //administrator/ HTTP/1.1" 404 328 "-" "Mozilla/5.0 (X11; Ubuntu; Linux i686; rv:28.0) Gecko/20100101 Firefox/28.0" 
85.214.25.136 - - [25/Oct/2020:20:46:58 -0700] "GET //misc/ajax.js HTTP/1.1" 404 328 "-" "Mozilla/5.0 (X11; Ubuntu; Linux i686; rv:28.0) Gecko/20100101 Firefox/28.0" 
85.214.25.136 - - [25/Oct/2020:20:46:58 -0700] "GET / HTTP/1.1" 200 12882 "-" "Mozilla/5.0 (X11; Ubuntu; Linux i686; rv:28.0) Gecko/20100101 Firefox/28.0" 
85.214.25.136 - - [25/Oct/2020:20:46:58 -0700] "GET //admin/view/javascript/common.js HTTP/1.1" 404 328 "-" "Mozilla/5.0 (X11; Ubuntu; Linux i686; rv:28.0) Gecko/20100101 Firefox/28.0" 
85.214.25.136 - - [25/Oct/2020:20:46:58 -0700] "GET //admin/includes/general.js HTTP/1.1" 404 328 "-" "Mozilla/5.0 (X11; Ubuntu; Linux i686; rv:28.0) Gecko/20100101 Firefox/28.0" 
85.214.25.136 - - [25/Oct/2020:20:46:59 -0700] "GET //images/editor/separator.gif HTTP/1.1" 404 328 "-" "Mozilla/5.0 (X11; Ubuntu; Linux i686; rv:28.0) Gecko/20100101 Firefox/28.0" 
85.214.25.136 - - [25/Oct/2020:20:46:59 -0700] "GET //js/header-rollup-554.js HTTP/1.1" 404 328 "-" "Mozilla/5.0 (X11; Ubuntu; Linux i686; rv:28.0) Gecko/20100101 Firefox/28.0" 
85.214.25.136 - - [25/Oct/2020:20:46:59 -0700] "GET //vendor/phpunit/phpunit/build.xml HTTP/1.1" 404 328 "-" "Mozilla/5.0 (Macintosh; U; Intel Mac OS X 10_6_8; en-us) AppleWebKit/534.50 (KHTML, like Gecko) Version/5.1 Safari/534.50" 
85.214.25.136 - - [25/Oct/2020:20:46:59 -0700] "GET //fckeditor/editor/filemanager/connectors/php/upload.php?Type=Media HTTP/1.1" 404 328 "-" "Mozilla/5.0 (X11; Ubuntu; Linux i686; rv:28.0) Gecko/20100101 Firefox/28.0" 
85.214.25.136 - - [25/Oct/2020:20:46:59 -0700] "GET //.env HTTP/1.1" 404 328 "-" "Mozilla/5.0 (X11; Ubuntu; Linux i686; rv:28.0) Gecko/20100101 Firefox/28.0" 
85.214.25.136 - - [25/Oct/2020:20:47:00 -0700] "GET / HTTP/1.1" 200 12882 "-" "Mozilla/5.0 (X11; Ubuntu; Linux i686; rv:28.0) Gecko/20100101 Firefox/28.0" 
58.213.69.36 - - [25/Oct/2020:20:47:33 -0700] "GET /favicon.ico HTTP/1.1" 200 391 "-" "Mozilla/5.0 (Windows NT 6.1; WOW64) AppleWebKit/537.36 (KHTML, like Gecko) Chrome/78.0.3904.108 Safari/537.36" 
54.36.149.76 - - [25/Oct/2020:20:52:37 -0700] "GET /self.logs/access.log.2020-06-01.gz HTTP/1.1" 200 12128 "-" "Mozilla/5.0 (compatible; AhrefsBot/7.0; +http://ahrefs.com/robot/)" 
54.36.149.46 - - [25/Oct/2020:20:59:20 -0700] "GET /self.logs/access.log.2020-03-13.gz HTTP/1.1" 200 14053 "-" "Mozilla/5.0 (compatible; AhrefsBot/7.0; +http://ahrefs.com/robot/)" 
54.36.148.17 - - [25/Oct/2020:21:05:30 -0700] "GET /self.logs/access.log.2020-04-14.gz HTTP/1.1" 200 30516 "-" "Mozilla/5.0 (compatible; AhrefsBot/7.0; +http://ahrefs.com/robot/)" 
54.36.148.17 - - [25/Oct/2020:21:10:39 -0700] "GET /self.logs/error.log.2017-01-08.gz HTTP/1.1" 200 1126 "-" "Mozilla/5.0 (compatible; AhrefsBot/7.0; +http://ahrefs.com/robot/)" 
54.36.149.90 - - [25/Oct/2020:21:16:46 -0700] "GET /self.logs/error.log.2019-03-09.gz HTTP/1.1" 200 4665 "-" "Mozilla/5.0 (compatible; AhrefsBot/7.0; +http://ahrefs.com/robot/)" 
85.208.96.68 - - [25/Oct/2020:21:20:59 -0700] "GET /robots.txt HTTP/1.1" 301 439 "-" "Mozilla/5.0 (compatible; SemrushBot-BM/1.0; +http://www.semrush.com/bot.html)" 
85.208.96.68 - - [25/Oct/2020:21:21:02 -0700] "GET /robots.txt HTTP/1.1" 200 333 "-" "Mozilla/5.0 (compatible; SemrushBot-BM/1.0; +http://www.semrush.com/bot.html)" 
54.36.148.156 - - [25/Oct/2020:21:27:25 -0700] "GET /self.logs/error.log.2019-06-29.gz HTTP/1.1" 200 2041 "-" "Mozilla/5.0 (compatible; AhrefsBot/7.0; +http://ahrefs.com/robot/)" 
121.53.81.1 - - [25/Oct/2020:21:30:31 -0700] "GET / HTTP/1.1" 200 12883 "-" "facebookexternalhit/1.1; kakaotalk-scrap/1.0; +https://devtalk.kakao.com/t/scrap/33984" 
190.120.250.50 - - [25/Oct/2020:21:31:38 -0700] "GET /honeypot/Honeypot%20-%20Howto.pdf HTTP/1.1" 200 1279485 "http://www.secrepo.com/" "Mozilla/5.0 (Macintosh; Intel Mac OS X 10_13_1) AppleWebKit/537.36 (KHTML, like Gecko) Chrome/66.0.3359.139 Safari/537.36" 
103.131.71.129 - - [25/Oct/2020:21:37:13 -0700] "GET /robots.txt HTTP/1.1" 301 458 "-" "Mozilla/5.0 (compatible; coccocbot-web/1.0; +http://help.coccoc.com/searchengine)" 
103.131.71.129 - - [25/Oct/2020:21:37:15 -0700] "GET /robots.txt HTTP/1.1" 200 340 "-" "Mozilla/5.0 (compatible; coccocbot-web/1.0; +http://help.coccoc.com/searchengine)" 
103.131.71.141 - - [25/Oct/2020:21:37:18 -0700] "GET / HTTP/1.1" 301 438 "-" "Mozilla/5.0 (compatible; coccocbot-web/1.0; +http://help.coccoc.com/searchengine)" 
103.131.71.140 - - [25/Oct/2020:21:37:20 -0700] "GET /robots.txt HTTP/1.1" 200 340 "-" "Mozilla/5.0 (compatible; coccocbot-web/1.0; +http://help.coccoc.com/searchengine)" 
103.131.71.132 - - [25/Oct/2020:21:37:32 -0700] "GET / HTTP/1.1" 200 12846 "-" "Mozilla/5.0 (compatible; coccocbot-web/1.0; +http://help.coccoc.com/searchengine)" 
54.36.148.49 - - [25/Oct/2020:21:39:12 -0700] "GET /self.logs/error.log.2017-01-26.gz HTTP/1.1" 200 1360 "-" "Mozilla/5.0 (compatible; AhrefsBot/7.0; +http://ahrefs.com/robot/)" 
117.220.251.69 - - [25/Oct/2020:21:45:55 -0700] "GET / HTTP/1.1" 200 12883 "-" "Mozilla/5.0 (Windows NT 10.0; Win64; x64) AppleWebKit/537.36 (KHTML, like Gecko) Chrome/86.0.4240.111 Safari/537.36 Edg/86.0.622.51" 
117.220.251.69 - - [25/Oct/2020:21:45:55 -0700] "GET /css/style.css HTTP/1.1" 404 305 "http://www.secrepo.com/" "Mozilla/5.0 (Windows NT 10.0; Win64; x64) AppleWebKit/537.36 (KHTML, like Gecko) Chrome/86.0.4240.111 Safari/537.36 Edg/86.0.622.51" 
117.220.251.69 - - [25/Oct/2020:21:45:55 -0700] "GET /twitter-icon.png HTTP/1.1" 200 27893 "http://www.secrepo.com/" "Mozilla/5.0 (Windows NT 10.0; Win64; x64) AppleWebKit/537.36 (KHTML, like Gecko) Chrome/86.0.4240.111 Safari/537.36 Edg/86.0.622.51" 
117.220.251.69 - - [25/Oct/2020:21:45:55 -0700] "GET /GitHub-Mark.png HTTP/1.1" 200 7556 "http://www.secrepo.com/" "Mozilla/5.0 (Windows NT 10.0; Win64; x64) AppleWebKit/537.36 (KHTML, like Gecko) Chrome/86.0.4240.111 Safari/537.36 Edg/86.0.622.51" 
117.220.251.69 - - [25/Oct/2020:21:45:56 -0700] "GET /bootstrap/img/favicon.ico HTTP/1.1" 200 690 "http://www.secrepo.com/" "Mozilla/5.0 (Windows NT 10.0; Win64; x64) AppleWebKit/537.36 (KHTML, like Gecko) Chrome/86.0.4240.111 Safari/537.36 Edg/86.0.622.51" 
54.36.148.17 - - [25/Oct/2020:21:51:12 -0700] "GET /Datasets%20Description/?C=M;O=A HTTP/1.1" 200 633 "-" "Mozilla/5.0 (compatible; AhrefsBot/7.0; +http://ahrefs.com/robot/)" 
125.247.62.172 - - [25/Oct/2020:21:55:19 -0700] "GET / HTTP/1.1" 200 12883 "-" "Mozilla/5.0 (Windows NT 10.0; Win64; x64) AppleWebKit/537.36 (KHTML, like Gecko) Chrome/86.0.4240.111 Safari/537.36" 
125.247.62.172 - - [25/Oct/2020:21:55:19 -0700] "GET /css/style.css HTTP/1.1" 404 305 "http://www.secrepo.com/" "Mozilla/5.0 (Windows NT 10.0; Win64; x64) AppleWebKit/537.36 (KHTML, like Gecko) Chrome/86.0.4240.111 Safari/537.36" 
125.247.62.159 - - [25/Oct/2020:21:55:29 -0700] "GET / HTTP/1.1" 200 12883 "-" "Mozilla/5.0 (Windows NT 10.0; Win64; x64) AppleWebKit/537.36 (KHTML, like Gecko) Chrome/86.0.4240.111 Safari/537.36 Edg/86.0.622.51" 
125.247.62.159 - - [25/Oct/2020:21:55:29 -0700] "GET /css/style.css HTTP/1.1" 404 305 "http://www.secrepo.com/" "Mozilla/5.0 (Windows NT 10.0; Win64; x64) AppleWebKit/537.36 (KHTML, like Gecko) Chrome/86.0.4240.111 Safari/537.36 Edg/86.0.622.51" 
175.223.19.223 - - [25/Oct/2020:21:55:39 -0700] "GET / HTTP/1.1" 200 12883 "-" "Mozilla/5.0 (Linux; Android 9; SM-G955N Build/PPR1.180610.011; wv) AppleWebKit/537.36 (KHTML, like Gecko) Version/4.0 Chrome/86.0.4240.99 Mobile Safari/537.36;KAKAOTALK 2109060" 
175.223.19.223 - - [25/Oct/2020:21:55:40 -0700] "GET /css/style.css HTTP/1.1" 404 305 "http://www.secrepo.com/" "Mozilla/5.0 (Linux; Android 9; SM-G955N Build/PPR1.180610.011; wv) AppleWebKit/537.36 (KHTML, like Gecko) Version/4.0 Chrome/86.0.4240.99 Mobile Safari/537.36;KAKAOTALK 2109060" 
175.223.19.223 - - [25/Oct/2020:21:55:40 -0700] "GET /twitter-icon.png HTTP/1.1" 200 27916 "http://www.secrepo.com/" "Mozilla/5.0 (Linux; Android 9; SM-G955N Build/PPR1.180610.011; wv) AppleWebKit/537.36 (KHTML, like Gecko) Version/4.0 Chrome/86.0.4240.99 Mobile Safari/537.36;KAKAOTALK 2109060" 
175.223.19.223 - - [25/Oct/2020:21:55:40 -0700] "GET /GitHub-Mark.png HTTP/1.1" 200 7556 "http://www.secrepo.com/" "Mozilla/5.0 (Linux; Android 9; SM-G955N Build/PPR1.180610.011; wv) AppleWebKit/537.36 (KHTML, like Gecko) Version/4.0 Chrome/86.0.4240.99 Mobile Safari/537.36;KAKAOTALK 2109060" 
175.223.19.223 - - [25/Oct/2020:21:55:42 -0700] "GET /bootstrap/img/favicon.ico HTTP/1.1" 200 713 "http://www.secrepo.com/" "Mozilla/5.0 (Linux; Android 9; SM-G955N Build/PPR1.180610.011; wv) AppleWebKit/537.36 (KHTML, like Gecko) Version/4.0 Chrome/86.0.4240.99 Mobile Safari/537.36;KAKAOTALK 2109060" 
34.229.241.159 - - [25/Oct/2020:21:56:05 -0700] "GET /ads.txt HTTP/1.1" 301 452 "-" "Magic Browser" 
34.229.241.159 - - [25/Oct/2020:21:56:05 -0700] "GET /ads.txt HTTP/1.1" 404 291 "-" "Magic Browser" 
34.229.241.159 - - [25/Oct/2020:21:56:05 -0700] "GET / HTTP/1.1" 301 475 "-" "python-requests/2.22.0" 
34.229.241.159 - - [25/Oct/2020:21:56:05 -0700] "GET / HTTP/1.1" 200 12883 "-" "python-requests/2.22.0" 
34.229.241.159 - - [25/Oct/2020:21:56:05 -0700] "GET /ads.txt HTTP/1.1" 404 291 "-" "Magic Browser" 
125.247.62.159 - - [25/Oct/2020:22:01:13 -0700] "GET /css/style.css HTTP/1.1" 404 328 "http://www.secrepo.com/" "Mozilla/5.0 (Windows NT 10.0; Win64; x64) AppleWebKit/537.36 (KHTML, like Gecko) Chrome/86.0.4240.111 Safari/537.36 Edg/86.0.622.51" 
175.223.19.223 - - [25/Oct/2020:22:06:24 -0700] "GET /self.logs/ HTTP/1.1" 200 25575 "http://www.secrepo.com/" "Mozilla/5.0 (Linux; Android 9; SM-G955N Build/PPR1.180610.011; wv) AppleWebKit/537.36 (KHTML, like Gecko) Version/4.0 Chrome/86.0.4240.99 Mobile Safari/537.36;KAKAOTALK 2109060" 
175.223.19.223 - - [25/Oct/2020:22:06:26 -0700] "GET /favicon.ico HTTP/1.1" 200 391 "http://www.secrepo.com/self.logs/" "Mozilla/5.0 (Linux; Android 9; SM-G955N Build/PPR1.180610.011; wv) AppleWebKit/537.36 (KHTML, like Gecko) Version/4.0 Chrome/86.0.4240.99 Mobile Safari/537.36;KAKAOTALK 2109060" 
54.36.148.240 - - [25/Oct/2020:22:07:12 -0700] "GET /Datasets%20Description/?C=D;O=A HTTP/1.1" 200 633 "-" "Mozilla/5.0 (compatible; AhrefsBot/7.0; +http://ahrefs.com/robot/)" 
157.55.39.229 - - [25/Oct/2020:22:13:51 -0700] "GET /self.logs/error.log.2019-05-04.gz HTTP/1.1" 200 6893 "-" "Mozilla/5.0 (compatible; bingbot/2.0; +http://www.bing.com/bingbot.htm)" 
207.46.13.123 - - [25/Oct/2020:22:14:47 -0700] "GET /self.logs/2015/error.log.2015-10-18.gz HTTP/1.1" 200 774 "-" "Mozilla/5.0 (compatible; bingbot/2.0; +http://www.bing.com/bingbot.htm)" 
111.198.228.64 - - [25/Oct/2020:22:17:09 -0700] "GET / HTTP/1.1" 200 12883 "-" "Mozilla/5.0 (Macintosh; Intel Mac OS X 10_15_6) AppleWebKit/605.1.15 (KHTML, like Gecko)" 
111.198.228.64 - - [25/Oct/2020:22:17:11 -0700] "GET /apple-touch-icon-precomposed.png HTTP/1.1" 404 328 "-" "Safari%E6%B5%8F%E8%A7%88%E5%99%A8/15610.1.28.1.9 CFNetwork/1128.0.1 Darwin/19.6.0 (x86_64)" 
111.198.228.64 - - [25/Oct/2020:22:17:12 -0700] "GET /apple-touch-icon.png HTTP/1.1" 404 305 "-" "Safari%E6%B5%8F%E8%A7%88%E5%99%A8/15610.1.28.1.9 CFNetwork/1128.0.1 Darwin/19.6.0 (x86_64)" 
111.198.228.64 - - [25/Oct/2020:22:17:12 -0700] "GET / HTTP/1.1" 200 12883 "-" "Mozilla/5.0 (iPhone; CPU iPhone OS 13_1_3 like Mac OS X) AppleWebKit/605.1.15 (KHTML, like Gecko) Version/13.0.1 Mobile/15E148 Safari/604.1" 
111.198.228.64 - - [25/Oct/2020:22:17:13 -0700] "GET /apple-touch-icon-precomposed.png HTTP/1.1" 404 305 "-" "Safari%E6%B5%8F%E8%A7%88%E5%99%A8/15610.1.28.1.9 CFNetwork/1128.0.1 Darwin/19.6.0 (x86_64)" 
111.198.228.64 - - [25/Oct/2020:22:17:13 -0700] "GET /apple-touch-icon.png HTTP/1.1" 404 305 "-" "Safari%E6%B5%8F%E8%A7%88%E5%99%A8/15610.1.28.1.9 CFNetwork/1128.0.1 Darwin/19.6.0 (x86_64)" 
54.36.148.98 - - [25/Oct/2020:22:22:46 -0700] "GET /self.logs/error.log.2020-05-11.gz HTTP/1.1" 200 826 "-" "Mozilla/5.0 (compatible; AhrefsBot/7.0; +http://ahrefs.com/robot/)" 
207.46.13.212 - - [25/Oct/2020:22:23:40 -0700] "GET /robots.txt HTTP/1.1" 200 377 "-" "Mozilla/5.0 (compatible; bingbot/2.0; +http://www.bing.com/bingbot.htm)" 
122.44.141.195 - - [25/Oct/2020:22:33:22 -0700] "GET / HTTP/1.1" 200 12883 "https://www.hakawati.co.kr/416" "Mozilla/5.0 (Windows NT 10.0; Win64; x64) AppleWebKit/537.36 (KHTML, like Gecko) Chrome/86.0.4240.111 Safari/537.36" 
122.44.141.195 - - [25/Oct/2020:22:33:22 -0700] "GET /css/style.css HTTP/1.1" 404 305 "http://www.secrepo.com/" "Mozilla/5.0 (Windows NT 10.0; Win64; x64) AppleWebKit/537.36 (KHTML, like Gecko) Chrome/86.0.4240.111 Safari/537.36" 
122.44.141.195 - - [25/Oct/2020:22:33:22 -0700] "GET /twitter-icon.png HTTP/1.1" 200 27916 "http://www.secrepo.com/" "Mozilla/5.0 (Windows NT 10.0; Win64; x64) AppleWebKit/537.36 (KHTML, like Gecko) Chrome/86.0.4240.111 Safari/537.36" 
122.44.141.195 - - [25/Oct/2020:22:33:22 -0700] "GET /GitHub-Mark.png HTTP/1.1" 200 7533 "http://www.secrepo.com/" "Mozilla/5.0 (Windows NT 10.0; Win64; x64) AppleWebKit/537.36 (KHTML, like Gecko) Chrome/86.0.4240.111 Safari/537.36" 
54.36.149.61 - - [25/Oct/2020:22:38:00 -0700] "GET /self.logs/access.log.2019-11-01.gz HTTP/1.1" 200 28572 "-" "Mozilla/5.0 (compatible; AhrefsBot/7.0; +http://ahrefs.com/robot/)" 
17.58.98.7 - - [25/Oct/2020:22:40:38 -0700] "GET /robots.txt HTTP/1.1" 200 333 "-" "Mozilla/5.0 (Macintosh; Intel Mac OS X 10_15_5) AppleWebKit/605.1.15 (KHTML, like Gecko) Version/13.1.1 Safari/605.1.15 (Applebot/0.1; +http://www.apple.com/go/applebot)" 
17.58.96.135 - - [25/Oct/2020:22:40:38 -0700] "GET /self.logs/error.log.2020-02-29 HTTP/1.1" 200 307 "-" "Mozilla/5.0 (Macintosh; Intel Mac OS X 10_15_5) AppleWebKit/605.1.15 (KHTML, like Gecko) Version/13.1.1 Safari/605.1.15 (Applebot/0.1; +http://www.apple.com/go/applebot)" 
157.55.39.229 - - [25/Oct/2020:22:42:04 -0700] "GET /maccdc2012/dns.log.gz HTTP/1.1" 301 517 "-" "Mozilla/5.0 (compatible; bingbot/2.0; +http://www.bing.com/bingbot.htm)" 
125.247.62.159 - - [25/Oct/2020:22:45:43 -0700] "GET / HTTP/1.1" 200 12882 "https://www.hakawati.co.kr/416" "Mozilla/5.0 (Windows NT 6.1; Win64; x64) AppleWebKit/537.36 (KHTML, like Gecko) Chrome/86.0.4240.111 Safari/537.36" 
125.247.62.159 - - [25/Oct/2020:22:45:43 -0700] "GET /css/style.css HTTP/1.1" 404 305 "http://www.secrepo.com/" "Mozilla/5.0 (Windows NT 6.1; Win64; x64) AppleWebKit/537.36 (KHTML, like Gecko) Chrome/86.0.4240.111 Safari/537.36" 
125.247.62.159 - - [25/Oct/2020:22:45:43 -0700] "GET /twitter-icon.png HTTP/1.1" 200 27916 "http://www.secrepo.com/" "Mozilla/5.0 (Windows NT 6.1; Win64; x64) AppleWebKit/537.36 (KHTML, like Gecko) Chrome/86.0.4240.111 Safari/537.36" 
125.247.62.159 - - [25/Oct/2020:22:45:43 -0700] "GET /GitHub-Mark.png HTTP/1.1" 200 7556 "http://www.secrepo.com/" "Mozilla/5.0 (Windows NT 6.1; Win64; x64) AppleWebKit/537.36 (KHTML, like Gecko) Chrome/86.0.4240.111 Safari/537.36" 
125.247.62.159 - - [25/Oct/2020:22:45:44 -0700] "GET / HTTP/1.1" 301 475 "-" "Mozilla/4.0 (compatible; MSIE 7.0; Windows NT 6.1; WOW64; Trident/7.0; SLCC2; .NET CLR 2.0.50727; .NET CLR 3.5.30729; .NET CLR 3.0.30729; Media Center PC 6.0; InfoPath.3; MARKANYWEBDRM#25144; MARKANYEPS#25115; .NET4.0C; .NET4.0E; Zoom 3.6.0)" 
125.247.62.159 - - [25/Oct/2020:22:45:44 -0700] "GET /bootstrap/img/favicon.ico HTTP/1.1" 200 690 "http://www.secrepo.com/" "Mozilla/5.0 (Windows NT 6.1; Win64; x64) AppleWebKit/537.36 (KHTML, like Gecko) Chrome/86.0.4240.111 Safari/537.36" 
125.247.62.159 - - [25/Oct/2020:22:45:44 -0700] "GET / HTTP/1.1" 200 12882 "-" "Mozilla/4.0 (compatible; MSIE 7.0; Windows NT 6.1; WOW64; Trident/7.0; SLCC2; .NET CLR 2.0.50727; .NET CLR 3.5.30729; .NET CLR 3.0.30729; Media Center PC 6.0; InfoPath.3; MARKANYWEBDRM#25144; MARKANYEPS#25115; .NET4.0C; .NET4.0E; Zoom 3.6.0)" 
125.247.62.159 - - [25/Oct/2020:22:45:45 -0700] "GET /css/style.css HTTP/1.1" 404 305 "http://www.secrepo.com/" "Mozilla/4.0 (compatible; MSIE 7.0; Windows NT 6.1; WOW64; Trident/7.0; SLCC2; .NET CLR 2.0.50727; .NET CLR 3.5.30729; .NET CLR 3.0.30729; Media Center PC 6.0; InfoPath.3; MARKANYWEBDRM#25144; MARKANYEPS#25115; .NET4.0C; .NET4.0E; Zoom 3.6.0)" 
171.93.202.204 - - [25/Oct/2020:22:49:49 -0700] "GET /favicon.ico HTTP/1.1" 200 391 "-" "Mozilla/5.0 (Windows NT 10.0; WOW64) AppleWebKit/537.36 (KHTML, like Gecko) Chrome/78.0.3904.108 Safari/537.36" 
54.36.148.172 - - [25/Oct/2020:22:52:50 -0700] "GET /self.logs/access.log.2017-01-19.gz HTTP/1.1" 200 18342 "-" "Mozilla/5.0 (compatible; AhrefsBot/7.0; +http://ahrefs.com/robot/)" 
207.46.13.123 - - [25/Oct/2020:23:05:14 -0700] "GET /self.logs/error.log.2019-09-28.gz HTTP/1.1" 301 541 "-" "Mozilla/5.0 (compatible; bingbot/2.0; +http://www.bing.com/bingbot.htm)" 
54.36.149.73 - - [25/Oct/2020:23:07:56 -0700] "GET /self.logs/error.log.2017-03-02.gz HTTP/1.1" 200 1027 "-" "Mozilla/5.0 (compatible; AhrefsBot/7.0; +http://ahrefs.com/robot/)" 
40.65.205.217 - - [25/Oct/2020:23:11:21 -0700] "GET / HTTP/1.1" 200 12839 "-" "awesome_bot" 
140.113.136.220 - - [25/Oct/2020:23:11:39 -0700] "GET / HTTP/1.1" 200 12883 "https://www.researchgate.net/" "Mozilla/5.0 (X11; Linux x86_64) AppleWebKit/537.36 (KHTML, like Gecko) Chrome/85.0.4183.102 Safari/537.36" 
140.113.136.220 - - [25/Oct/2020:23:11:39 -0700] "GET /css/style.css HTTP/1.1" 404 305 "http://www.secrepo.com/" "Mozilla/5.0 (X11; Linux x86_64) AppleWebKit/537.36 (KHTML, like Gecko) Chrome/85.0.4183.102 Safari/537.36" 
140.113.136.220 - - [25/Oct/2020:23:11:39 -0700] "GET /twitter-icon.png HTTP/1.1" 200 27893 "http://www.secrepo.com/" "Mozilla/5.0 (X11; Linux x86_64) AppleWebKit/537.36 (KHTML, like Gecko) Chrome/85.0.4183.102 Safari/537.36" 
140.113.136.220 - - [25/Oct/2020:23:11:39 -0700] "GET /GitHub-Mark.png HTTP/1.1" 200 7556 "http://www.secrepo.com/" "Mozilla/5.0 (X11; Linux x86_64) AppleWebKit/537.36 (KHTML, like Gecko) Chrome/85.0.4183.102 Safari/537.36" 
140.113.136.220 - - [25/Oct/2020:23:11:40 -0700] "GET /bootstrap/img/favicon.ico HTTP/1.1" 200 690 "http://www.secrepo.com/" "Mozilla/5.0 (X11; Linux x86_64) AppleWebKit/537.36 (KHTML, like Gecko) Chrome/85.0.4183.102 Safari/537.36" 
111.202.101.120 - - [25/Oct/2020:23:12:09 -0700] "GET /css/style.css HTTP/1.1" 404 291 "-" "Mozilla/4.0 (compatible; MSIE 7.0; Windows NT 6.0; Trident/4.0)" 
140.113.136.220 - - [25/Oct/2020:23:12:09 -0700] "GET /css/style.css HTTP/1.1" 404 328 "http://www.secrepo.com/" "Mozilla/5.0 (X11; Linux x86_64) AppleWebKit/537.36 (KHTML, like Gecko) Chrome/85.0.4183.102 Safari/537.36" 
17.58.96.135 - - [25/Oct/2020:23:12:43 -0700] "GET /self.logs/error.log.2020-02-25 HTTP/1.1" 200 307 "-" "Mozilla/5.0 (Macintosh; Intel Mac OS X 10_15_5) AppleWebKit/605.1.15 (KHTML, like Gecko) Version/13.1.1 Safari/605.1.15 (Applebot/0.1; +http://www.apple.com/go/applebot)" 
36.153.167.78 - - [25/Oct/2020:23:14:07 -0700] "GET / HTTP/1.1" 200 12883 "-" "Mozilla/5.0 (Windows NT 10.0; WOW64) AppleWebKit/537.36 (KHTML, like Gecko) Chrome/78.0.3904.108 Safari/537.36" 
36.153.167.78 - - [25/Oct/2020:23:14:08 -0700] "GET /css/style.css HTTP/1.1" 404 328 "http://www.secrepo.com/" "Mozilla/5.0 (Windows NT 10.0; WOW64) AppleWebKit/537.36 (KHTML, like Gecko) Chrome/78.0.3904.108 Safari/537.36" 
36.153.167.78 - - [25/Oct/2020:23:14:08 -0700] "GET /twitter-icon.png HTTP/1.1" 200 27893 "http://www.secrepo.com/" "Mozilla/5.0 (Windows NT 10.0; WOW64) AppleWebKit/537.36 (KHTML, like Gecko) Chrome/78.0.3904.108 Safari/537.36" 
36.153.167.78 - - [25/Oct/2020:23:14:10 -0700] "GET /GitHub-Mark.png HTTP/1.1" 200 7533 "http://www.secrepo.com/" "Mozilla/5.0 (Windows NT 10.0; WOW64) AppleWebKit/537.36 (KHTML, like Gecko) Chrome/78.0.3904.108 Safari/537.36" 
36.153.167.78 - - [25/Oct/2020:23:14:32 -0700] "GET /bootstrap/img/favicon.ico HTTP/1.1" 200 713 "http://www.secrepo.com/" "Mozilla/5.0 (Windows NT 10.0; WOW64) AppleWebKit/537.36 (KHTML, like Gecko) Chrome/78.0.3904.108 Safari/537.36" 
140.113.136.220 - - [25/Oct/2020:23:15:53 -0700] "GET /Datasets%20Description/PE_malware/Zeus.html HTTP/1.1" 200 1698 "http://www.secrepo.com/" "Mozilla/5.0 (X11; Linux x86_64) AppleWebKit/537.36 (KHTML, like Gecko) Chrome/85.0.4183.102 Safari/537.36" 
140.113.136.220 - - [25/Oct/2020:23:15:54 -0700] "GET /favicon.ico HTTP/1.1" 200 368 "http://www.secrepo.com/Datasets%20Description/PE_malware/Zeus.html" "Mozilla/5.0 (X11; Linux x86_64) AppleWebKit/537.36 (KHTML, like Gecko) Chrome/85.0.4183.102 Safari/537.36" 
54.36.149.11 - - [25/Oct/2020:23:24:16 -0700] "GET /self.logs/access.log.2020-09-12.gz HTTP/1.1" 200 10304 "-" "Mozilla/5.0 (compatible; AhrefsBot/7.0; +http://ahrefs.com/robot/)" 
51.143.124.155 - - [25/Oct/2020:23:26:35 -0700] "GET /self.logs/2015/error.log.2015-03-06.gz HTTP/1.1" 200 898 "-" "Mozilla/5.0 (compatible; bingbot/2.0; +http://www.bing.com/bingbot.htm)" 
180.242.183.30 - - [25/Oct/2020:23:27:15 -0700] "GET / HTTP/1.1" 200 12883 "https://www.researchgate.net/" "Mozilla/5.0 (Windows NT 6.1; Win64; x64) AppleWebKit/537.36 (KHTML, like Gecko) Chrome/86.0.4240.111 Safari/537.36" 
180.242.183.30 - - [25/Oct/2020:23:27:16 -0700] "GET /css/style.css HTTP/1.1" 404 328 "http://www.secrepo.com/" "Mozilla/5.0 (Windows NT 6.1; Win64; x64) AppleWebKit/537.36 (KHTML, like Gecko) Chrome/86.0.4240.111 Safari/537.36" 
180.242.183.30 - - [25/Oct/2020:23:27:16 -0700] "GET /twitter-icon.png HTTP/1.1" 200 27916 "http://www.secrepo.com/" "Mozilla/5.0 (Windows NT 6.1; Win64; x64) AppleWebKit/537.36 (KHTML, like Gecko) Chrome/86.0.4240.111 Safari/537.36" 
180.242.183.30 - - [25/Oct/2020:23:27:16 -0700] "GET /GitHub-Mark.png HTTP/1.1" 200 7556 "http://www.secrepo.com/" "Mozilla/5.0 (Windows NT 6.1; Win64; x64) AppleWebKit/537.36 (KHTML, like Gecko) Chrome/86.0.4240.111 Safari/537.36" 
180.242.183.30 - - [25/Oct/2020:23:27:18 -0700] "GET /bootstrap/img/favicon.ico HTTP/1.1" 200 713 "http://www.secrepo.com/" "Mozilla/5.0 (Windows NT 6.1; Win64; x64) AppleWebKit/537.36 (KHTML, like Gecko) Chrome/86.0.4240.111 Safari/537.36" 
180.242.183.30 - - [25/Oct/2020:23:28:05 -0700] "GET /honeypot/honeypot.json.zip HTTP/1.1" 206 23815 "http://www.secrepo.com/" "Mozilla/5.0 (Windows NT 6.1; Win64; x64) AppleWebKit/537.36 (KHTML, like Gecko) Chrome/86.0.4240.111 Safari/537.36" 
180.242.183.30 - - [25/Oct/2020:23:28:05 -0700] "GET /honeypot/honeypot.json.zip HTTP/1.1" 206 448455 "http://www.secrepo.com/" "Mozilla/5.0 (Windows NT 6.1; Win64; x64) AppleWebKit/537.36 (KHTML, like Gecko) Chrome/86.0.4240.111 Safari/537.36" 
180.242.183.30 - - [25/Oct/2020:23:28:04 -0700] "GET /honeypot/honeypot.json.zip HTTP/1.1" 200 905200 "http://www.secrepo.com/" "Mozilla/5.0 (Windows NT 6.1; Win64; x64) AppleWebKit/537.36 (KHTML, like Gecko) Chrome/86.0.4240.111 Safari/537.36" 
180.242.183.30 - - [25/Oct/2020:23:28:07 -0700] "GET /honeypot/honeypot.json.zip HTTP/1.1" 206 119720 "http://www.secrepo.com/" "Mozilla/5.0 (Windows NT 6.1; Win64; x64) AppleWebKit/537.36 (KHTML, like Gecko) Chrome/86.0.4240.111 Safari/537.36" 
180.242.183.30 - - [25/Oct/2020:23:28:07 -0700] "GET /honeypot/honeypot.json.zip HTTP/1.1" 206 75920 "http://www.secrepo.com/" "Mozilla/5.0 (Windows NT 6.1; Win64; x64) AppleWebKit/537.36 (KHTML, like Gecko) Chrome/86.0.4240.111 Safari/537.36" 
180.242.183.30 - - [25/Oct/2020:23:28:07 -0700] "GET /honeypot/honeypot.json.zip HTTP/1.1" 206 75920 "http://www.secrepo.com/" "Mozilla/5.0 (Windows NT 6.1; Win64; x64) AppleWebKit/537.36 (KHTML, like Gecko) Chrome/86.0.4240.111 Safari/537.36" 
180.242.183.30 - - [25/Oct/2020:23:28:07 -0700] "GET /honeypot/honeypot.json.zip HTTP/1.1" 206 73000 "http://www.secrepo.com/" "Mozilla/5.0 (Windows NT 6.1; Win64; x64) AppleWebKit/537.36 (KHTML, like Gecko) Chrome/86.0.4240.111 Safari/537.36" 
180.242.183.30 - - [25/Oct/2020:23:28:06 -0700] "GET /honeypot/honeypot.json.zip HTTP/1.1" 206 576456 "http://www.secrepo.com/" "Mozilla/5.0 (Windows NT 6.1; Win64; x64) AppleWebKit/537.36 (KHTML, like Gecko) Chrome/86.0.4240.111 Safari/537.36" 
180.242.183.30 - - [25/Oct/2020:23:28:05 -0700] "GET /honeypot/honeypot.json.zip HTTP/1.1" 206 672457 "http://www.secrepo.com/" "Mozilla/5.0 (Windows NT 6.1; Win64; x64) AppleWebKit/537.36 (KHTML, like Gecko) Chrome/86.0.4240.111 Safari/537.36" 
180.242.183.30 - - [25/Oct/2020:23:28:37 -0700] "GET /css/style.css HTTP/1.1" 404 328 "http://www.secrepo.com/" "Mozilla/5.0 (Windows NT 6.1; Win64; x64) AppleWebKit/537.36 (KHTML, like Gecko) Chrome/86.0.4240.111 Safari/537.36" 
66.102.6.53 - - [25/Oct/2020:23:33:00 -0700] "GET / HTTP/1.1" 200 12883 "-" "Mozilla/5.0 (X11; Linux x86_64) AppleWebKit/537.36 (KHTML, like Gecko) Chrome/49.0.2623.75 Safari/537.36 Google Favicon" 
66.102.6.54 - - [25/Oct/2020:23:33:00 -0700] "GET /bootstrap/img/favicon.ico HTTP/1.1" 200 713 "-" "Mozilla/5.0 (X11; Linux x86_64) AppleWebKit/537.36 (KHTML, like Gecko) Chrome/49.0.2623.75 Safari/537.36 Google Favicon" 
180.242.183.30 - - [25/Oct/2020:23:38:28 -0700] "GET / HTTP/1.1" 200 12883 "http://www.secrepo.com/" "Mozilla/5.0 (Windows NT 6.1; Win64; x64) AppleWebKit/537.36 (KHTML, like Gecko) Chrome/86.0.4240.111 Safari/537.36" 
180.242.183.30 - - [25/Oct/2020:23:38:29 -0700] "GET /css/style.css HTTP/1.1" 404 328 "http://www.secrepo.com/" "Mozilla/5.0 (Windows NT 6.1; Win64; x64) AppleWebKit/537.36 (KHTML, like Gecko) Chrome/86.0.4240.111 Safari/537.36" 
180.242.183.30 - - [25/Oct/2020:23:39:14 -0700] "GET /Datasets%20Description/PE_malware/Zeus.html HTTP/1.1" 200 1698 "http://www.secrepo.com/" "Mozilla/5.0 (Windows NT 6.1; Win64; x64) AppleWebKit/537.36 (KHTML, like Gecko) Chrome/86.0.4240.111 Safari/537.36" 
180.242.183.30 - - [25/Oct/2020:23:39:15 -0700] "GET /pe_static/zeus.zip HTTP/1.1" 206 23815 "http://www.secrepo.com/" "Mozilla/5.0 (Windows NT 6.1; Win64; x64) AppleWebKit/537.36 (KHTML, like Gecko) Chrome/86.0.4240.111 Safari/537.36" 
180.242.183.30 - - [25/Oct/2020:23:39:15 -0700] "GET /favicon.ico HTTP/1.1" 200 391 "http://www.secrepo.com/Datasets%20Description/PE_malware/Zeus.html" "Mozilla/5.0 (Windows NT 6.1; Win64; x64) AppleWebKit/537.36 (KHTML, like Gecko) Chrome/86.0.4240.111 Safari/537.36" 
180.242.183.30 - - [25/Oct/2020:23:39:15 -0700] "GET /pe_static/zeus.zip HTTP/1.1" 206 576457 "http://www.secrepo.com/" "Mozilla/5.0 (Windows NT 6.1; Win64; x64) AppleWebKit/537.36 (KHTML, like Gecko) Chrome/86.0.4240.111 Safari/537.36" 
180.242.183.30 - - [25/Oct/2020:23:39:14 -0700] "GET /pe_static/zeus.zip HTTP/1.1" 200 730000 "http://www.secrepo.com/" "Mozilla/5.0 (Windows NT 6.1; Win64; x64) AppleWebKit/537.36 (KHTML, like Gecko) Chrome/86.0.4240.111 Safari/537.36" 
180.242.183.30 - - [25/Oct/2020:23:39:15 -0700] "GET /pe_static/zeus.zip HTTP/1.1" 206 672455 "http://www.secrepo.com/" "Mozilla/5.0 (Windows NT 6.1; Win64; x64) AppleWebKit/537.36 (KHTML, like Gecko) Chrome/86.0.4240.111 Safari/537.36" 
54.36.148.17 - - [25/Oct/2020:23:39:33 -0700] "GET /self.logs/error.log.2017-03-15.gz HTTP/1.1" 200 963 "-" "Mozilla/5.0 (compatible; AhrefsBot/7.0; +http://ahrefs.com/robot/)" 
61.237.228.2 - - [25/Oct/2020:23:40:11 -0700] "GET / HTTP/1.1" 200 12883 "-" "Mozilla/5.0 (Windows NT 10.0; Win64; x64) AppleWebKit/537.36 (KHTML, like Gecko) Chrome/86.0.4240.111 Safari/537.36" 
61.237.228.2 - - [25/Oct/2020:23:40:11 -0700] "GET /css/style.css HTTP/1.1" 404 305 "http://www.secrepo.com/" "Mozilla/5.0 (Windows NT 10.0; Win64; x64) AppleWebKit/537.36 (KHTML, like Gecko) Chrome/86.0.4240.111 Safari/537.36" 
61.237.228.2 - - [25/Oct/2020:23:40:11 -0700] "GET /twitter-icon.png HTTP/1.1" 200 27916 "http://www.secrepo.com/" "Mozilla/5.0 (Windows NT 10.0; Win64; x64) AppleWebKit/537.36 (KHTML, like Gecko) Chrome/86.0.4240.111 Safari/537.36" 
61.237.228.2 - - [25/Oct/2020:23:40:11 -0700] "GET /GitHub-Mark.png HTTP/1.1" 200 7556 "http://www.secrepo.com/" "Mozilla/5.0 (Windows NT 10.0; Win64; x64) AppleWebKit/537.36 (KHTML, like Gecko) Chrome/86.0.4240.111 Safari/537.36" 
61.237.228.2 - - [25/Oct/2020:23:40:34 -0700] "GET /bootstrap/img/favicon.ico HTTP/1.1" 200 713 "http://www.secrepo.com/" "Mozilla/5.0 (Windows NT 10.0; Win64; x64) AppleWebKit/537.36 (KHTML, like Gecko) Chrome/86.0.4240.111 Safari/537.36" 
180.242.183.30 - - [25/Oct/2020:23:41:17 -0700] "GET /css/style.css HTTP/1.1" 404 328 "http://www.secrepo.com/" "Mozilla/5.0 (Windows NT 6.1; Win64; x64) AppleWebKit/537.36 (KHTML, like Gecko) Chrome/86.0.4240.111 Safari/537.36" 
149.154.161.7 - - [25/Oct/2020:23:41:25 -0700] "GET / HTTP/1.1" 200 12839 "-" "TelegramBot (like TwitterBot)" 
52.247.107.178 - - [25/Oct/2020:23:45:40 -0700] "GET / HTTP/1.1" 200 12838 "-" "awesome_bot" 
20.186.77.91 - - [25/Oct/2020:23:49:03 -0700] "GET / HTTP/1.1" 200 12838 "-" "awesome_bot" 
52.251.47.95 - - [25/Oct/2020:23:51:03 -0700] "GET / HTTP/1.1" 200 12838 "-" "awesome_bot" 
52.177.13.195 - - [25/Oct/2020:23:52:34 -0700] "GET / HTTP/1.1" 200 12838 "-" "awesome_bot" 
54.36.148.35 - - [25/Oct/2020:23:54:16 -0700] "GET /self.logs/error.log.2020-09-10 HTTP/1.1" 200 307 "-" "Mozilla/5.0 (compatible; AhrefsBot/7.0; +http://ahrefs.com/robot/)" 
40.75.80.81 - - [25/Oct/2020:23:55:55 -0700] "GET / HTTP/1.1" 200 12838 "-" "awesome_bot" 
34.216.119.209 - - [25/Oct/2020:23:55:57 -0700] "GET / HTTP/1.1" 200 48027 "-" "Mozilla/5.0 (Macintosh; Intel Mac OS X 10_10_5) AppleWebKit/537.36 (KHTML, like Gecko) Chrome/52.0.2743.116 Safari/537.36" 
34.216.119.209 - - [25/Oct/2020:23:56:07 -0700] "GET / HTTP/1.1" 301 438 "-" "Mozilla/5.0 (Macintosh; Intel Mac OS X 10_10_5) AppleWebKit/537.36 (KHTML, like Gecko) Chrome/52.0.2743.116 Safari/537.36" 
34.216.119.209 - - [25/Oct/2020:23:56:08 -0700] "GET / HTTP/1.1" 200 48027 "-" "Mozilla/5.0 (Macintosh; Intel Mac OS X 10_10_5) AppleWebKit/537.36 (KHTML, like Gecko) Chrome/52.0.2743.116 Safari/537.36" 
54.36.149.61 - - [26/Oct/2020:00:01:54 -0700] "GET /self.logs/error.log.2017-04-07.gz HTTP/1.1" 200 878 "-" "Mozilla/5.0 (compatible; AhrefsBot/7.0; +http://ahrefs.com/robot/)" 
54.36.149.61 - - [26/Oct/2020:00:09:35 -0700] "GET /self.logs/access.log.2017-01-25.gz HTTP/1.1" 200 19135 "-" "Mozilla/5.0 (compatible; AhrefsBot/7.0; +http://ahrefs.com/robot/)" 
111.202.101.120 - - [26/Oct/2020:00:13:46 -0700] "GET /css/style.css HTTP/1.1" 404 291 "-" "Mozilla/4.0 (compatible; MSIE 7.0; Windows NT 6.0; Trident/4.0)" 
3.233.224.18 - - [26/Oct/2020:00:15:22 -0700] "GET / HTTP/1.1" 301 475 "-" "Mozilla/5.0 (Windows NT 10.0; Win64; x64) AppleWebKit/537.36 (KHTML, like Gecko) Chrome/79.0 Safari/537.36" 
3.233.224.18 - - [26/Oct/2020:00:15:22 -0700] "GET / HTTP/1.1" 200 48064 "-" "Mozilla/5.0 (Windows NT 10.0; Win64; x64) AppleWebKit/537.36 (KHTML, like Gecko) Chrome/79.0 Safari/537.36" 
3.233.224.18 - - [26/Oct/2020:00:15:22 -0700] "GET //wp-includes/wlwmanifest.xml HTTP/1.1" 404 305 "-" "Mozilla/5.0 (Windows NT 10.0; Win64; x64) AppleWebKit/537.36 (KHTML, like Gecko) Chrome/79.0 Safari/537.36" 
3.233.224.18 - - [26/Oct/2020:00:15:22 -0700] "GET //xmlrpc.php?rsd HTTP/1.1" 404 305 "-" "Mozilla/5.0 (Windows NT 10.0; Win64; x64) AppleWebKit/537.36 (KHTML, like Gecko) Chrome/79.0 Safari/537.36" 
3.233.224.18 - - [26/Oct/2020:00:15:22 -0700] "GET / HTTP/1.1" 200 48041 "-" "Mozilla/5.0 (Windows NT 10.0; Win64; x64) AppleWebKit/537.36 (KHTML, like Gecko) Chrome/79.0 Safari/537.36" 
3.233.224.18 - - [26/Oct/2020:00:15:22 -0700] "GET //blog/wp-includes/wlwmanifest.xml HTTP/1.1" 404 305 "-" "Mozilla/5.0 (Windows NT 10.0; Win64; x64) AppleWebKit/537.36 (KHTML, like Gecko) Chrome/79.0 Safari/537.36" 
3.233.224.18 - - [26/Oct/2020:00:15:22 -0700] "GET //web/wp-includes/wlwmanifest.xml HTTP/1.1" 404 305 "-" "Mozilla/5.0 (Windows NT 10.0; Win64; x64) AppleWebKit/537.36 (KHTML, like Gecko) Chrome/79.0 Safari/537.36" 
3.233.224.18 - - [26/Oct/2020:00:15:22 -0700] "GET //wordpress/wp-includes/wlwmanifest.xml HTTP/1.1" 404 305 "-" "Mozilla/5.0 (Windows NT 10.0; Win64; x64) AppleWebKit/537.36 (KHTML, like Gecko) Chrome/79.0 Safari/537.36" 
3.233.224.18 - - [26/Oct/2020:00:15:22 -0700] "GET //website/wp-includes/wlwmanifest.xml HTTP/1.1" 404 305 "-" "Mozilla/5.0 (Windows NT 10.0; Win64; x64) AppleWebKit/537.36 (KHTML, like Gecko) Chrome/79.0 Safari/537.36" 
3.233.224.18 - - [26/Oct/2020:00:15:22 -0700] "GET //wp/wp-includes/wlwmanifest.xml HTTP/1.1" 404 305 "-" "Mozilla/5.0 (Windows NT 10.0; Win64; x64) AppleWebKit/537.36 (KHTML, like Gecko) Chrome/79.0 Safari/537.36" 
3.233.224.18 - - [26/Oct/2020:00:15:22 -0700] "GET //news/wp-includes/wlwmanifest.xml HTTP/1.1" 404 305 "-" "Mozilla/5.0 (Windows NT 10.0; Win64; x64) AppleWebKit/537.36 (KHTML, like Gecko) Chrome/79.0 Safari/537.36" 
3.233.224.18 - - [26/Oct/2020:00:15:22 -0700] "GET //wp1/wp-includes/wlwmanifest.xml HTTP/1.1" 404 305 "-" "Mozilla/5.0 (Windows NT 10.0; Win64; x64) AppleWebKit/537.36 (KHTML, like Gecko) Chrome/79.0 Safari/537.36" 
3.233.224.18 - - [26/Oct/2020:00:15:22 -0700] "GET //test/wp-includes/wlwmanifest.xml HTTP/1.1" 404 305 "-" "Mozilla/5.0 (Windows NT 10.0; Win64; x64) AppleWebKit/537.36 (KHTML, like Gecko) Chrome/79.0 Safari/537.36" 
3.233.224.18 - - [26/Oct/2020:00:15:22 -0700] "GET //wp2/wp-includes/wlwmanifest.xml HTTP/1.1" 404 305 "-" "Mozilla/5.0 (Windows NT 10.0; Win64; x64) AppleWebKit/537.36 (KHTML, like Gecko) Chrome/79.0 Safari/537.36" 
3.233.224.18 - - [26/Oct/2020:00:15:22 -0700] "GET //site/wp-includes/wlwmanifest.xml HTTP/1.1" 404 305 "-" "Mozilla/5.0 (Windows NT 10.0; Win64; x64) AppleWebKit/537.36 (KHTML, like Gecko) Chrome/79.0 Safari/537.36" 
3.233.224.18 - - [26/Oct/2020:00:15:22 -0700] "GET //cms/wp-includes/wlwmanifest.xml HTTP/1.1" 404 305 "-" "Mozilla/5.0 (Windows NT 10.0; Win64; x64) AppleWebKit/537.36 (KHTML, like Gecko) Chrome/79.0 Safari/537.36" 
3.233.224.18 - - [26/Oct/2020:00:15:22 -0700] "GET //sito/wp-includes/wlwmanifest.xml HTTP/1.1" 404 305 "-" "Mozilla/5.0 (Windows NT 10.0; Win64; x64) AppleWebKit/537.36 (KHTML, like Gecko) Chrome/79.0 Safari/537.36" 
54.36.149.61 - - [26/Oct/2020:00:16:42 -0700] "GET /self.logs/access.log.2019-11-09.gz HTTP/1.1" 200 17443 "-" "Mozilla/5.0 (compatible; AhrefsBot/7.0; +http://ahrefs.com/robot/)" 
147.78.177.87 - - [26/Oct/2020:00:17:45 -0700] "GET / HTTP/1.1" 200 12839 "-" "Mozilla/5.0 (Windows NT 10.0; Win64; x64) AppleWebKit/537.36 (KHTML, like Gecko) Chrome/86.0.4240.75 Safari/537.36" 
147.78.177.87 - - [26/Oct/2020:00:17:46 -0700] "GET /css/style.css HTTP/1.1" 404 284 "http://www.secrepo.com/" "Mozilla/5.0 (Windows NT 10.0; Win64; x64) AppleWebKit/537.36 (KHTML, like Gecko) Chrome/86.0.4240.75 Safari/537.36" 
147.78.177.87 - - [26/Oct/2020:00:17:46 -0700] "GET /GitHub-Mark.png HTTP/1.1" 200 7512 "http://www.secrepo.com/" "Mozilla/5.0 (Windows NT 10.0; Win64; x64) AppleWebKit/537.36 (KHTML, like Gecko) Chrome/86.0.4240.75 Safari/537.36" 
147.78.177.87 - - [26/Oct/2020:00:17:46 -0700] "GET /twitter-icon.png HTTP/1.1" 200 27872 "http://www.secrepo.com/" "Mozilla/5.0 (Windows NT 10.0; Win64; x64) AppleWebKit/537.36 (KHTML, like Gecko) Chrome/86.0.4240.75 Safari/537.36" 
147.78.177.87 - - [26/Oct/2020:00:17:56 -0700] "GET /bootstrap/img/favicon.ico HTTP/1.1" 200 669 "http://www.secrepo.com/" "Mozilla/5.0 (Windows NT 10.0; Win64; x64) AppleWebKit/537.36 (KHTML, like Gecko) Chrome/86.0.4240.75 Safari/537.36" 
3.235.89.81 - - [26/Oct/2020:00:20:25 -0700] "GET / HTTP/1.1" 301 475 "-" "python-requests/2.18.1" 
3.235.89.81 - - [26/Oct/2020:00:20:25 -0700] "GET / HTTP/1.1" 200 12883 "-" "python-requests/2.18.1" 
3.235.89.81 - - [26/Oct/2020:00:20:25 -0700] "GET / HTTP/1.1" 200 12883 "-" "python-requests/2.18.1" 
3.235.89.81 - - [26/Oct/2020:00:20:25 -0700] "GET / HTTP/1.1" 200 12883 "-" "python-requests/2.18.1" 
157.55.39.229 - - [26/Oct/2020:00:23:26 -0700] "GET /self.logs/2016/error.log.2016-02-07.gz HTTP/1.1" 200 795 "-" "Mozilla/5.0 (compatible; bingbot/2.0; +http://www.bing.com/bingbot.htm)" 
54.36.148.71 - - [26/Oct/2020:00:24:17 -0700] "GET /self.logs/error.log.2020-05-12 HTTP/1.1" 200 307 "-" "Mozilla/5.0 (compatible; AhrefsBot/7.0; +http://ahrefs.com/robot/)" 
