216.244.66.245 - - [21/Sep/2023:14:57:57 -0700] "GET /self.logs/access.log.2017-11-22.gz HTTP/1.1" 200 24236 "-" "Mozilla/5.0 (compatible; DotBot/1.2; +https://opensiteexplorer.org/dotbot; help@moz.com)" 
216.244.66.245 - - [21/Sep/2023:14:58:29 -0700] "GET /self.logs/access.log.2018-05-27.gz HTTP/1.1" 200 27435 "-" "Mozilla/5.0 (compatible; DotBot/1.2; +https://opensiteexplorer.org/dotbot; help@moz.com)" 
114.119.128.34 - - [21/Sep/2023:14:58:57 -0700] "GET /self.logs/error.log.2019-12-08 HTTP/1.1" 200 351 "http://www.secrepo.com/self.logs?C=N%3BO%3DD" "Mozilla/5.0 (Linux; Android 7.0;) AppleWebKit/537.36 (KHTML, like Gecko) Mobile Safari/537.36 (compatible; PetalBot;+https://webmaster.petalsearch.com/site/petalbot)" 
216.244.66.245 - - [21/Sep/2023:14:58:59 -0700] "GET /self.logs/access.log.2018-07-02.gz HTTP/1.1" 200 45864 "-" "Mozilla/5.0 (compatible; DotBot/1.2; +https://opensiteexplorer.org/dotbot; help@moz.com)" 
216.244.66.245 - - [21/Sep/2023:14:59:51 -0700] "GET /self.logs/access.log.2018-12-26.gz HTTP/1.1" 200 34349 "-" "Mozilla/5.0 (compatible; DotBot/1.2; +https://opensiteexplorer.org/dotbot; help@moz.com)" 
216.244.66.245 - - [21/Sep/2023:15:00:35 -0700] "GET /self.logs/access.log.2019-04-29.gz HTTP/1.1" 200 38180 "-" "Mozilla/5.0 (compatible; DotBot/1.2; +https://opensiteexplorer.org/dotbot; help@moz.com)" 
216.244.66.245 - - [21/Sep/2023:15:01:26 -0700] "GET /self.logs/access.log.2019-06-27.gz HTTP/1.1" 200 35152 "-" "Mozilla/5.0 (compatible; DotBot/1.2; +https://opensiteexplorer.org/dotbot; help@moz.com)" 
216.244.66.245 - - [21/Sep/2023:15:02:17 -0700] "GET /self.logs/access.log.2019-10-08.gz HTTP/1.1" 200 34530 "-" "Mozilla/5.0 (compatible; DotBot/1.2; +https://opensiteexplorer.org/dotbot; help@moz.com)" 
216.244.66.245 - - [21/Sep/2023:15:02:46 -0700] "GET /self.logs/access.log.2020-08-06.gz HTTP/1.1" 200 35751 "-" "Mozilla/5.0 (compatible; DotBot/1.2; +https://opensiteexplorer.org/dotbot; help@moz.com)" 
216.244.66.245 - - [21/Sep/2023:15:03:36 -0700] "GET /self.logs/access.log.2020-10-27.gz HTTP/1.1" 200 36935 "-" "Mozilla/5.0 (compatible; DotBot/1.2; +https://opensiteexplorer.org/dotbot; help@moz.com)" 
216.244.66.245 - - [21/Sep/2023:15:04:09 -0700] "GET /self.logs/access.log.2021-01-21.gz HTTP/1.1" 200 22395 "-" "Mozilla/5.0 (compatible; DotBot/1.2; +https://opensiteexplorer.org/dotbot; help@moz.com)" 
216.244.66.245 - - [21/Sep/2023:15:04:39 -0700] "GET /self.logs/access.log.2021-01-23.gz HTTP/1.1" 200 20247 "-" "Mozilla/5.0 (compatible; DotBot/1.2; +https://opensiteexplorer.org/dotbot; help@moz.com)" 
216.244.66.245 - - [21/Sep/2023:15:05:29 -0700] "GET /self.logs/access.log.2021-01-27.gz HTTP/1.1" 200 20431 "-" "Mozilla/5.0 (compatible; DotBot/1.2; +https://opensiteexplorer.org/dotbot; help@moz.com)" 
216.244.66.245 - - [21/Sep/2023:15:06:19 -0700] "GET /self.logs/access.log.2021-08-29.gz HTTP/1.1" 200 24842 "-" "Mozilla/5.0 (compatible; DotBot/1.2; +https://opensiteexplorer.org/dotbot; help@moz.com)" 
107.20.105.74 - - [21/Sep/2023:15:06:40 -0700] "HEAD / HTTP/1.1" 301 186 "-" "DreamHost SiteMonitor 1.0" 
107.20.105.74 - - [21/Sep/2023:15:06:40 -0700] "HEAD / HTTP/1.1" 200 359 "http://66.33.221.139" "DreamHost SiteMonitor 1.0" 
216.244.66.245 - - [21/Sep/2023:15:06:48 -0700] "GET /self.logs/access.log.2018-04-30.gz HTTP/1.1" 200 16887 "-" "Mozilla/5.0 (compatible; DotBot/1.2; +https://opensiteexplorer.org/dotbot; help@moz.com)" 
216.244.66.245 - - [21/Sep/2023:15:07:19 -0700] "GET /self.logs/access.log.2019-02-10.gz HTTP/1.1" 200 17584 "-" "Mozilla/5.0 (compatible; DotBot/1.2; +https://opensiteexplorer.org/dotbot; help@moz.com)" 
216.244.66.245 - - [21/Sep/2023:15:07:47 -0700] "GET /self.logs/access.log.2019-08-08.gz HTTP/1.1" 200 15912 "-" "Mozilla/5.0 (compatible; DotBot/1.2; +https://opensiteexplorer.org/dotbot; help@moz.com)" 
216.244.66.245 - - [21/Sep/2023:15:08:13 -0700] "GET /self.logs/access.log.2019-12-13.gz HTTP/1.1" 200 14792 "-" "Mozilla/5.0 (compatible; DotBot/1.2; +https://opensiteexplorer.org/dotbot; help@moz.com)" 
216.244.66.245 - - [21/Sep/2023:15:08:38 -0700] "GET /self.logs/access.log.2020-05-02.gz HTTP/1.1" 200 12419 "-" "Mozilla/5.0 (compatible; DotBot/1.2; +https://opensiteexplorer.org/dotbot; help@moz.com)" 
216.244.66.245 - - [21/Sep/2023:15:09:06 -0700] "GET /self.logs/access.log.2020-08-16.gz HTTP/1.1" 200 15503 "-" "Mozilla/5.0 (compatible; DotBot/1.2; +https://opensiteexplorer.org/dotbot; help@moz.com)" 
216.244.66.245 - - [21/Sep/2023:15:09:31 -0700] "GET /self.logs/access.log.2021-05-29.gz HTTP/1.1" 200 17628 "-" "Mozilla/5.0 (compatible; DotBot/1.2; +https://opensiteexplorer.org/dotbot; help@moz.com)" 
216.244.66.245 - - [21/Sep/2023:15:09:55 -0700] "GET /self.logs/access.log.2021-07-28.gz HTTP/1.1" 200 17260 "-" "Mozilla/5.0 (compatible; DotBot/1.2; +https://opensiteexplorer.org/dotbot; help@moz.com)" 
216.244.66.245 - - [21/Sep/2023:15:10:18 -0700] "GET /self.logs/error.log.2023-05-20.gz HTTP/1.1" 200 1060 "-" "Mozilla/5.0 (compatible; DotBot/1.2; +https://opensiteexplorer.org/dotbot; help@moz.com)" 
216.244.66.245 - - [21/Sep/2023:15:10:40 -0700] "GET /self.logs/access.log.2022-02-14.gz HTTP/1.1" 200 11580 "-" "Mozilla/5.0 (compatible; DotBot/1.2; +https://opensiteexplorer.org/dotbot; help@moz.com)" 
216.244.66.245 - - [21/Sep/2023:15:11:01 -0700] "GET /self.logs/access.log.2022-04-05.gz HTTP/1.1" 200 16168 "-" "Mozilla/5.0 (compatible; DotBot/1.2; +https://opensiteexplorer.org/dotbot; help@moz.com)" 
216.244.66.245 - - [21/Sep/2023:15:11:19 -0700] "GET /self.logs/access.log.2022-05-19.gz HTTP/1.1" 200 18142 "-" "Mozilla/5.0 (compatible; DotBot/1.2; +https://opensiteexplorer.org/dotbot; help@moz.com)" 
216.244.66.245 - - [21/Sep/2023:15:11:36 -0700] "GET /self.logs/access.log.2022-07-07.gz HTTP/1.1" 200 14259 "-" "Mozilla/5.0 (compatible; DotBot/1.2; +https://opensiteexplorer.org/dotbot; help@moz.com)" 
216.244.66.245 - - [21/Sep/2023:15:11:53 -0700] "GET /self.logs/error.log.2020-04-23.gz HTTP/1.1" 200 720 "-" "Mozilla/5.0 (compatible; DotBot/1.2; +https://opensiteexplorer.org/dotbot; help@moz.com)" 
216.244.66.245 - - [21/Sep/2023:15:12:08 -0700] "GET /self.logs/error.log.2022-07-27.gz HTTP/1.1" 200 839 "-" "Mozilla/5.0 (compatible; DotBot/1.2; +https://opensiteexplorer.org/dotbot; help@moz.com)" 
180.120.22.99 - - [21/Sep/2023:15:15:14 -0700] "GET / HTTP/1.1" 200 13185 "-" "Mozilla/5.0 (Windows NT 10.0; Win64; x64) AppleWebKit/537.36 (KHTML, like Gecko) Chrome/97.0.4280.67 Safari/537.36 Edg/97.0.664.52" 
107.20.105.74 - - [21/Sep/2023:15:16:40 -0700] "HEAD / HTTP/1.1" 301 186 "-" "DreamHost SiteMonitor 1.0" 
107.20.105.74 - - [21/Sep/2023:15:16:40 -0700] "HEAD / HTTP/1.1" 200 359 "http://66.33.221.139" "DreamHost SiteMonitor 1.0" 
192.58.125.22 - - [21/Sep/2023:15:19:15 -0700] "GET /Security-Data-Analysis/Lab_1/conn.log.zip HTTP/1.1" 200 72072 "-" "Mozilla/5.0 (Windows NT 10.0; Win64; x64) AppleWebKit/537.36 (KHTML, like Gecko) Chrome/116.0.0.0 Safari/537.36" 
63.117.14.72 - - [21/Sep/2023:15:19:18 -0700] "GET /Security-Data-Analysis/Lab_1/conn.log.zip HTTP/1.1" 200 547221505 "https://www.google.com/" "Mozilla/5.0 (Windows NT 10.0; Win64; x64) AppleWebKit/537.36 (KHTML, like Gecko) Chrome/114.0.0.0 Safari/537.36" 
192.58.125.22 - - [21/Sep/2023:15:20:16 -0700] "GET /Security-Data-Analysis/Lab_1/conn.log.zip HTTP/1.1" 200 595980 "-" "Mozilla/5.0 (iPhone; CPU iPhone OS 17_0 like Mac OS X) AppleWebKit/605.1.15 (KHTML, like Gecko) Version/17.0 Mobile/15E148 Safari/604.1" 
192.58.125.22 - - [21/Sep/2023:15:20:36 -0700] "GET /Security-Data-Analysis/Lab_1/conn.log.zip HTTP/1.1" 206 447 "-" "Mozilla/5.0 (Windows NT 10.0; Win64; x64) AppleWebKit/537.36 (KHTML, like Gecko) Chrome/116.0.0.0 Safari/537.36" 
192.58.125.22 - - [21/Sep/2023:15:20:36 -0700] "GET /Security-Data-Analysis/Lab_1/conn.log.zip HTTP/1.1" 206 72072 "-" "Mozilla/5.0 (Windows NT 10.0; Win64; x64) AppleWebKit/537.36 (KHTML, like Gecko) Chrome/116.0.0.0 Safari/537.36" 
192.58.125.22 - - [21/Sep/2023:15:20:40 -0700] "GET /Security-Data-Analysis/Lab_1/conn.log.zip HTTP/1.1" 206 447 "-" "Mozilla/5.0 (Windows NT 10.0; Win64; x64) AppleWebKit/537.36 (KHTML, like Gecko) Chrome/116.0.0.0 Safari/537.36" 
192.58.125.22 - - [21/Sep/2023:15:20:40 -0700] "GET /Security-Data-Analysis/Lab_1/conn.log.zip HTTP/1.1" 206 72072 "-" "Mozilla/5.0 (Windows NT 10.0; Win64; x64) AppleWebKit/537.36 (KHTML, like Gecko) Chrome/116.0.0.0 Safari/537.36" 
192.58.125.22 - - [21/Sep/2023:15:20:43 -0700] "GET /Security-Data-Analysis/Lab_1/conn.log.zip HTTP/1.1" 206 447 "-" "Mozilla/5.0 (Windows NT 10.0; Win64; x64) AppleWebKit/537.36 (KHTML, like Gecko) Chrome/116.0.0.0 Safari/537.36" 
192.58.125.22 - - [21/Sep/2023:15:20:43 -0700] "GET /Security-Data-Analysis/Lab_1/conn.log.zip HTTP/1.1" 206 74844 "-" "Mozilla/5.0 (Windows NT 10.0; Win64; x64) AppleWebKit/537.36 (KHTML, like Gecko) Chrome/116.0.0.0 Safari/537.36" 
192.58.125.22 - - [21/Sep/2023:15:20:45 -0700] "GET /Security-Data-Analysis/Lab_1/conn.log.zip HTTP/1.1" 206 447 "-" "Mozilla/5.0 (Windows NT 10.0; Win64; x64) AppleWebKit/537.36 (KHTML, like Gecko) Chrome/116.0.0.0 Safari/537.36" 
192.58.125.22 - - [21/Sep/2023:15:20:45 -0700] "GET /Security-Data-Analysis/Lab_1/conn.log.zip HTTP/1.1" 206 72072 "-" "Mozilla/5.0 (Windows NT 10.0; Win64; x64) AppleWebKit/537.36 (KHTML, like Gecko) Chrome/116.0.0.0 Safari/537.36" 
192.58.125.22 - - [21/Sep/2023:15:20:59 -0700] "GET /Security-Data-Analysis/Lab_1/conn.log.zip HTTP/1.1" 200 120199464 "-" "Mozilla/5.0 (iPhone; CPU iPhone OS 17_0 like Mac OS X) AppleWebKit/605.1.15 (KHTML, like Gecko) Version/17.0 Mobile/15E148 Safari/604.1" 
216.244.66.245 - - [21/Sep/2023:15:23:02 -0700] "GET /robots.txt HTTP/1.1" 200 333 "-" "Mozilla/5.0 (compatible; DotBot/1.2; +https://opensiteexplorer.org/dotbot; help@moz.com)" 
61.147.21.52 - - [21/Sep/2023:15:23:12 -0700] "GET / HTTP/1.1" 200 13185 "-" "Dalvik/2.1.0 (Linux; U; Android 9.0; ZTE BA520 Build/MRA58K)" 
61.147.15.65 - - [21/Sep/2023:15:23:36 -0700] "GET / HTTP/1.1" 200 13185 "-" "Mozilla/5.0 (Windows; U; Windows NT 5.1; lt; rv:1.9b4) Gecko/2008030714 Firefox/3.0b4" 
4.231.237.162 - - [21/Sep/2023:15:24:16 -0700] "GET /.well-known/pki-validation/xmrlpc.php?p= HTTP/1.1" 404 328 "-" "Mozlila/5.0 (Linux; Android 7.0; SM-G892A Bulid/NRD90M; wv) AppleWebKit/537.36 (KHTML, like Gecko) Version/4.0 Chrome/60.0.3112.107 Moblie Safari/537.36" 
4.231.237.162 - - [21/Sep/2023:15:24:16 -0700] "GET /.well-known/acme-challenge/xmrlpc.php?p= HTTP/1.1" 404 328 "-" "Mozlila/5.0 (Linux; Android 7.0; SM-G892A Bulid/NRD90M; wv) AppleWebKit/537.36 (KHTML, like Gecko) Version/4.0 Chrome/60.0.3112.107 Moblie Safari/537.36" 
4.231.237.162 - - [21/Sep/2023:15:24:17 -0700] "GET /wp-admin/network/xmrlpc.php?p= HTTP/1.1" 404 328 "-" "Mozlila/5.0 (Linux; Android 7.0; SM-G892A Bulid/NRD90M; wv) AppleWebKit/537.36 (KHTML, like Gecko) Version/4.0 Chrome/60.0.3112.107 Moblie Safari/537.36" 
4.231.237.162 - - [21/Sep/2023:15:24:18 -0700] "GET /xmrlpc.php?p= HTTP/1.1" 404 328 "-" "Mozlila/5.0 (Linux; Android 7.0; SM-G892A Bulid/NRD90M; wv) AppleWebKit/537.36 (KHTML, like Gecko) Version/4.0 Chrome/60.0.3112.107 Moblie Safari/537.36" 
4.231.237.162 - - [21/Sep/2023:15:24:18 -0700] "GET /cgi-bin/xmrlpc.php?p= HTTP/1.1" 404 328 "-" "Mozlila/5.0 (Linux; Android 7.0; SM-G892A Bulid/NRD90M; wv) AppleWebKit/537.36 (KHTML, like Gecko) Version/4.0 Chrome/60.0.3112.107 Moblie Safari/537.36" 
4.231.237.162 - - [21/Sep/2023:15:24:18 -0700] "GET /css/xmrlpc.php?p= HTTP/1.1" 404 328 "-" "Mozlila/5.0 (Linux; Android 7.0; SM-G892A Bulid/NRD90M; wv) AppleWebKit/537.36 (KHTML, like Gecko) Version/4.0 Chrome/60.0.3112.107 Moblie Safari/537.36" 
4.231.237.162 - - [21/Sep/2023:15:24:19 -0700] "GET /wp-admin/user/xmrlpc.php?p= HTTP/1.1" 404 328 "-" "Mozlila/5.0 (Linux; Android 7.0; SM-G892A Bulid/NRD90M; wv) AppleWebKit/537.36 (KHTML, like Gecko) Version/4.0 Chrome/60.0.3112.107 Moblie Safari/537.36" 
4.231.237.162 - - [21/Sep/2023:15:24:20 -0700] "GET /img/xmrlpc.php?p= HTTP/1.1" 404 328 "-" "Mozlila/5.0 (Linux; Android 7.0; SM-G892A Bulid/NRD90M; wv) AppleWebKit/537.36 (KHTML, like Gecko) Version/4.0 Chrome/60.0.3112.107 Moblie Safari/537.36" 
4.231.237.162 - - [21/Sep/2023:15:24:20 -0700] "GET /wp-admin/css/colors/coffee/xmrlpc.php?p= HTTP/1.1" 404 328 "-" "Mozlila/5.0 (Linux; Android 7.0; SM-G892A Bulid/NRD90M; wv) AppleWebKit/537.36 (KHTML, like Gecko) Version/4.0 Chrome/60.0.3112.107 Moblie Safari/537.36" 
4.231.237.162 - - [21/Sep/2023:15:24:21 -0700] "GET /wp-admin/images/xmrlpc.php?p= HTTP/1.1" 404 328 "-" "Mozlila/5.0 (Linux; Android 7.0; SM-G892A Bulid/NRD90M; wv) AppleWebKit/537.36 (KHTML, like Gecko) Version/4.0 Chrome/60.0.3112.107 Moblie Safari/537.36" 
4.231.237.162 - - [21/Sep/2023:15:24:21 -0700] "GET /images/xmrlpc.php?p= HTTP/1.1" 404 328 "-" "Mozlila/5.0 (Linux; Android 7.0; SM-G892A Bulid/NRD90M; wv) AppleWebKit/537.36 (KHTML, like Gecko) Version/4.0 Chrome/60.0.3112.107 Moblie Safari/537.36" 
4.231.237.162 - - [21/Sep/2023:15:24:22 -0700] "GET /wp-admin/js/widgets/xmrlpc.php?p= HTTP/1.1" 404 328 "-" "Mozlila/5.0 (Linux; Android 7.0; SM-G892A Bulid/NRD90M; wv) AppleWebKit/537.36 (KHTML, like Gecko) Version/4.0 Chrome/60.0.3112.107 Moblie Safari/537.36" 
4.231.237.162 - - [21/Sep/2023:15:24:22 -0700] "GET /wp-admin/css/colors/xmrlpc.php?p= HTTP/1.1" 404 328 "-" "Mozlila/5.0 (Linux; Android 7.0; SM-G892A Bulid/NRD90M; wv) AppleWebKit/537.36 (KHTML, like Gecko) Version/4.0 Chrome/60.0.3112.107 Moblie Safari/537.36" 
4.231.237.162 - - [21/Sep/2023:15:24:23 -0700] "GET /wp-admin/includes/xmrlpc.php?p= HTTP/1.1" 404 328 "-" "Mozlila/5.0 (Linux; Android 7.0; SM-G892A Bulid/NRD90M; wv) AppleWebKit/537.36 (KHTML, like Gecko) Version/4.0 Chrome/60.0.3112.107 Moblie Safari/537.36" 
4.231.237.162 - - [21/Sep/2023:15:24:23 -0700] "GET /wp-admin/css/colors/blue/xmrlpc.php?p= HTTP/1.1" 404 328 "-" "Mozlila/5.0 (Linux; Android 7.0; SM-G892A Bulid/NRD90M; wv) AppleWebKit/537.36 (KHTML, like Gecko) Version/4.0 Chrome/60.0.3112.107 Moblie Safari/537.36" 
4.231.237.162 - - [21/Sep/2023:15:24:24 -0700] "GET /wp-admin/xmrlpc.php?p= HTTP/1.1" 404 328 "-" "Mozlila/5.0 (Linux; Android 7.0; SM-G892A Bulid/NRD90M; wv) AppleWebKit/537.36 (KHTML, like Gecko) Version/4.0 Chrome/60.0.3112.107 Moblie Safari/537.36" 
107.20.105.74 - - [21/Sep/2023:15:26:40 -0700] "HEAD / HTTP/1.1" 301 186 "-" "DreamHost SiteMonitor 1.0" 
107.20.105.74 - - [21/Sep/2023:15:26:40 -0700] "HEAD / HTTP/1.1" 200 359 "http://66.33.221.139" "DreamHost SiteMonitor 1.0" 
107.20.105.74 - - [21/Sep/2023:15:36:40 -0700] "HEAD / HTTP/1.1" 301 186 "-" "DreamHost SiteMonitor 1.0" 
107.20.105.74 - - [21/Sep/2023:15:36:40 -0700] "HEAD / HTTP/1.1" 200 359 "http://66.33.221.139" "DreamHost SiteMonitor 1.0" 
172.104.17.70 - - [21/Sep/2023:15:37:55 -0700] "GET / HTTP/1.1" 301 475 "-" "python-requests/2.26.0" 
172.104.17.70 - - [21/Sep/2023:15:37:55 -0700] "GET / HTTP/1.1" 200 13186 "-" "python-requests/2.26.0" 
172.104.17.70 - - [21/Sep/2023:15:38:31 -0700] "GET / HTTP/1.1" 301 475 "-" "python-requests/2.20.1" 
172.104.17.70 - - [21/Sep/2023:15:38:31 -0700] "GET / HTTP/1.1" 200 49133 "-" "python-requests/2.20.1" 
172.104.17.70 - - [21/Sep/2023:15:38:34 -0700] "GET / HTTP/1.1" 301 419 "-" "Mozilla/5.0 (Windows NT 10.0; Win64; x64; rv:92.0) Gecko/20100101 Firefox/92.0" 
172.104.17.70 - - [21/Sep/2023:15:38:34 -0700] "GET /sitemap.xml HTTP/1.1" 301 441 "-" "Mozilla/5.0 (Windows NT 10.0; Win64; x64; rv:92.0) Gecko/20100101 Firefox/92.0" 
172.104.17.70 - - [21/Sep/2023:15:38:34 -0700] "GET /robots.txt HTTP/1.1" 301 439 "-" "Mozilla/5.0 (Windows NT 10.0; Win64; x64; rv:92.0) Gecko/20100101 Firefox/92.0" 
114.119.156.30 - - [21/Sep/2023:15:40:57 -0700] "GET /self.logs/error.log.2020-03-23 HTTP/1.1" 200 351 "http://www.secrepo.com/self.logs?C=N%3BO%3DD" "Mozilla/5.0 (Linux; Android 7.0;) AppleWebKit/537.36 (KHTML, like Gecko) Mobile Safari/537.36 (compatible; PetalBot;+https://webmaster.petalsearch.com/site/petalbot)" 
114.119.156.190 - - [21/Sep/2023:15:42:17 -0700] "GET /self.logs/error.log.2020-01-29 HTTP/1.1" 200 1356 "http://www.secrepo.com/self.logs?C=N%3BO%3DD" "Mozilla/5.0 (Linux; Android 7.0;) AppleWebKit/537.36 (KHTML, like Gecko) Mobile Safari/537.36 (compatible; PetalBot;+https://webmaster.petalsearch.com/site/petalbot)" 
207.46.13.54 - - [21/Sep/2023:15:42:27 -0700] "GET /self.logs/access.log.2022-10-08.gz HTTP/1.1" 200 16340 "-" "Mozilla/5.0 AppleWebKit/537.36 (KHTML, like Gecko; compatible; bingbot/2.0; +http://www.bing.com/bingbot.htm) Chrome/103.0.5060.134 Safari/537.36" 
107.20.105.74 - - [21/Sep/2023:15:46:40 -0700] "HEAD / HTTP/1.1" 301 186 "-" "DreamHost SiteMonitor 1.0" 
107.20.105.74 - - [21/Sep/2023:15:46:40 -0700] "HEAD / HTTP/1.1" 200 359 "http://66.33.221.139" "DreamHost SiteMonitor 1.0" 
61.147.21.49 - - [21/Sep/2023:15:46:50 -0700] "GET /favicon.ico HTTP/1.1" 200 391 "-" "Dalvik/2.1.0 (Linux; U; Android 9.0; ZTE BA520 Build/MRA58K)" 
157.55.39.203 - - [21/Sep/2023:15:49:56 -0700] "GET /self.logs/access.log.2019-01-25.gz HTTP/1.1" 200 45310 "-" "Mozilla/5.0 AppleWebKit/537.36 (KHTML, like Gecko; compatible; bingbot/2.0; +http://www.bing.com/bingbot.htm) Chrome/103.0.5060.134 Safari/537.36" 
40.77.167.93 - - [21/Sep/2023:15:52:45 -0700] "GET /robots.txt HTTP/1.1" 301 495 "-" "Mozilla/5.0 AppleWebKit/537.36 (KHTML, like Gecko; compatible; bingbot/2.0; +http://www.bing.com/bingbot.htm) Chrome/103.0.5060.134 Safari/537.36" 
40.77.167.93 - - [21/Sep/2023:15:52:45 -0700] "GET /robots.txt HTTP/1.1" 200 377 "-" "Mozilla/5.0 AppleWebKit/537.36 (KHTML, like Gecko; compatible; bingbot/2.0; +http://www.bing.com/bingbot.htm) Chrome/103.0.5060.134 Safari/537.36" 
207.46.13.141 - - [21/Sep/2023:15:53:05 -0700] "GET / HTTP/1.1" 301 419 "-" "Mozilla/5.0 AppleWebKit/537.36 (KHTML, like Gecko; compatible; bingbot/2.0; +http://www.bing.com/bingbot.htm) Chrome/103.0.5060.134 Safari/537.36" 
216.244.66.245 - - [21/Sep/2023:15:56:27 -0700] "GET /self.logs/2016/error.log.2016-03-06.gz HTTP/1.1" 200 1128 "-" "Mozilla/5.0 (compatible; DotBot/1.2; +https://opensiteexplorer.org/dotbot; help@moz.com)" 
216.244.66.245 - - [21/Sep/2023:15:56:35 -0700] "GET /self.logs/2016/error.log.2016-07-08.gz HTTP/1.1" 200 734 "-" "Mozilla/5.0 (compatible; DotBot/1.2; +https://opensiteexplorer.org/dotbot; help@moz.com)" 
216.244.66.245 - - [21/Sep/2023:15:56:39 -0700] "GET /self.logs/2016/error.log.2016-09-25.gz HTTP/1.1" 200 1469 "-" "Mozilla/5.0 (compatible; DotBot/1.2; +https://opensiteexplorer.org/dotbot; help@moz.com)" 
107.20.105.74 - - [21/Sep/2023:15:56:40 -0700] "HEAD / HTTP/1.1" 301 186 "-" "DreamHost SiteMonitor 1.0" 
107.20.105.74 - - [21/Sep/2023:15:56:40 -0700] "HEAD / HTTP/1.1" 200 359 "http://66.33.221.139" "DreamHost SiteMonitor 1.0" 
216.244.66.245 - - [21/Sep/2023:15:56:43 -0700] "GET /self.logs/2016/error.log.2016-10-23.gz HTTP/1.1" 200 1297 "-" "Mozilla/5.0 (compatible; DotBot/1.2; +https://opensiteexplorer.org/dotbot; help@moz.com)" 
216.244.66.245 - - [21/Sep/2023:15:56:47 -0700] "GET /self.logs/2016/error.log.2016-11-05.gz HTTP/1.1" 200 832 "-" "Mozilla/5.0 (compatible; DotBot/1.2; +https://opensiteexplorer.org/dotbot; help@moz.com)" 
216.244.66.245 - - [21/Sep/2023:15:56:49 -0700] "GET /self.logs/2016/error.log.2016-11-19.gz HTTP/1.1" 200 646 "-" "Mozilla/5.0 (compatible; DotBot/1.2; +https://opensiteexplorer.org/dotbot; help@moz.com)" 
216.244.66.245 - - [21/Sep/2023:15:56:54 -0700] "GET /self.logs/2016/error.log.2016-12-06.gz HTTP/1.1" 200 786 "-" "Mozilla/5.0 (compatible; DotBot/1.2; +https://opensiteexplorer.org/dotbot; help@moz.com)" 
216.244.66.245 - - [21/Sep/2023:15:57:23 -0700] "GET /self.logs/access.log.2017-02-28.gz HTTP/1.1" 200 21593 "-" "Mozilla/5.0 (compatible; DotBot/1.2; +https://opensiteexplorer.org/dotbot; help@moz.com)" 
216.244.66.245 - - [21/Sep/2023:15:59:14 -0700] "GET /self.logs/2015/access.log.2015-02-17.gz HTTP/1.1" 200 11269 "-" "Mozilla/5.0 (compatible; DotBot/1.2; +https://opensiteexplorer.org/dotbot; help@moz.com)" 
216.244.66.245 - - [21/Sep/2023:16:00:04 -0700] "GET /self.logs/2015/access.log.2015-10-04.gz HTTP/1.1" 200 6151 "-" "Mozilla/5.0 (compatible; DotBot/1.2; +https://opensiteexplorer.org/dotbot; help@moz.com)" 
216.244.66.245 - - [21/Sep/2023:16:00:41 -0700] "GET /self.logs/2015/access.log.2015-10-27.gz HTTP/1.1" 200 6503 "-" "Mozilla/5.0 (compatible; DotBot/1.2; +https://opensiteexplorer.org/dotbot; help@moz.com)" 
216.244.66.245 - - [21/Sep/2023:16:01:11 -0700] "GET /self.logs/2015/access.log.2015-11-10.gz HTTP/1.1" 200 7617 "-" "Mozilla/5.0 (compatible; DotBot/1.2; +https://opensiteexplorer.org/dotbot; help@moz.com)" 
216.244.66.245 - - [21/Sep/2023:16:03:17 -0700] "GET /self.logs/2016/access.log.2016-06-03.gz HTTP/1.1" 200 11582 "-" "Mozilla/5.0 (compatible; DotBot/1.2; +https://opensiteexplorer.org/dotbot; help@moz.com)" 
216.244.66.245 - - [21/Sep/2023:16:03:50 -0700] "GET /self.logs/2016/access.log.2016-06-26.gz HTTP/1.1" 200 6821 "-" "Mozilla/5.0 (compatible; DotBot/1.2; +https://opensiteexplorer.org/dotbot; help@moz.com)" 
216.244.66.245 - - [21/Sep/2023:16:04:18 -0700] "GET /self.logs/2016/access.log.2016-08-01.gz HTTP/1.1" 200 10415 "-" "Mozilla/5.0 (compatible; DotBot/1.2; +https://opensiteexplorer.org/dotbot; help@moz.com)" 
216.244.66.245 - - [21/Sep/2023:16:04:46 -0700] "GET /self.logs/access.log.2017-11-02.gz HTTP/1.1" 200 30164 "-" "Mozilla/5.0 (compatible; DotBot/1.2; +https://opensiteexplorer.org/dotbot; help@moz.com)" 
216.244.66.245 - - [21/Sep/2023:16:05:13 -0700] "GET /self.logs/access.log.2018-02-02.gz HTTP/1.1" 200 24558 "-" "Mozilla/5.0 (compatible; DotBot/1.2; +https://opensiteexplorer.org/dotbot; help@moz.com)" 
216.244.66.245 - - [21/Sep/2023:16:05:39 -0700] "GET /self.logs/access.log.2018-05-28.gz HTTP/1.1" 200 38873 "-" "Mozilla/5.0 (compatible; DotBot/1.2; +https://opensiteexplorer.org/dotbot; help@moz.com)" 
216.244.66.245 - - [21/Sep/2023:16:06:05 -0700] "GET /self.logs/access.log.2018-07-08.gz HTTP/1.1" 200 30668 "-" "Mozilla/5.0 (compatible; DotBot/1.2; +https://opensiteexplorer.org/dotbot; help@moz.com)" 
207.46.13.156 - - [21/Sep/2023:16:06:17 -0700] "GET /self.logs/access.log.2023-04-02.gz HTTP/1.1" 301 487 "-" "Mozilla/5.0 AppleWebKit/537.36 (KHTML, like Gecko; compatible; bingbot/2.0; +http://www.bing.com/bingbot.htm) Chrome/103.0.5060.134 Safari/537.36" 
216.244.66.245 - - [21/Sep/2023:16:06:28 -0700] "GET /self.logs/access.log.2019-11-30.gz HTTP/1.1" 200 21766 "-" "Mozilla/5.0 (compatible; DotBot/1.2; +https://opensiteexplorer.org/dotbot; help@moz.com)" 
107.20.105.74 - - [21/Sep/2023:16:06:40 -0700] "HEAD / HTTP/1.1" 301 186 "-" "DreamHost SiteMonitor 1.0" 
107.20.105.74 - - [21/Sep/2023:16:06:40 -0700] "HEAD / HTTP/1.1" 200 359 "http://66.33.221.139" "DreamHost SiteMonitor 1.0" 
216.244.66.245 - - [21/Sep/2023:16:06:51 -0700] "GET /self.logs/access.log.2020-12-21.gz HTTP/1.1" 200 26014 "-" "Mozilla/5.0 (compatible; DotBot/1.2; +https://opensiteexplorer.org/dotbot; help@moz.com)" 
135.181.255.70 - - [21/Sep/2023:16:07:05 -0700] "GET /robots.txt HTTP/1.1" 301 458 "-" "Mozilla/5.0 (Windows; U; Windows NT 5.1; en-US; rv:1.8.1.6) Gecko/20070725 Firefox/2.0.0.6" 
135.181.255.70 - - [21/Sep/2023:16:07:07 -0700] "GET /robots.txt HTTP/1.1" 200 340 "-" "Mozilla/5.0 (Windows; U; Windows NT 5.1; en-US; rv:1.8.1.6) Gecko/20070725 Firefox/2.0.0.6" 
216.244.66.245 - - [21/Sep/2023:16:07:13 -0700] "GET /self.logs/access.log.2021-01-22.gz HTTP/1.1" 200 24207 "-" "Mozilla/5.0 (compatible; DotBot/1.2; +https://opensiteexplorer.org/dotbot; help@moz.com)" 
216.244.66.245 - - [21/Sep/2023:16:07:36 -0700] "GET /self.logs/access.log.2018-05-19.gz HTTP/1.1" 200 13953 "-" "Mozilla/5.0 (compatible; DotBot/1.2; +https://opensiteexplorer.org/dotbot; help@moz.com)" 
216.244.66.245 - - [21/Sep/2023:16:07:55 -0700] "GET /self.logs/access.log.2019-08-21.gz HTTP/1.1" 200 17490 "-" "Mozilla/5.0 (compatible; DotBot/1.2; +https://opensiteexplorer.org/dotbot; help@moz.com)" 
216.244.66.245 - - [21/Sep/2023:16:08:17 -0700] "GET /self.logs/access.log.2019-12-24.gz HTTP/1.1" 200 13990 "-" "Mozilla/5.0 (compatible; DotBot/1.2; +https://opensiteexplorer.org/dotbot; help@moz.com)" 
216.244.66.245 - - [21/Sep/2023:16:08:34 -0700] "GET /self.logs/access.log.2020-01-07.gz HTTP/1.1" 200 14838 "-" "Mozilla/5.0 (compatible; DotBot/1.2; +https://opensiteexplorer.org/dotbot; help@moz.com)" 
216.244.66.245 - - [21/Sep/2023:16:08:51 -0700] "GET /self.logs/access.log.2020-11-28.gz HTTP/1.1" 200 12560 "-" "Mozilla/5.0 (compatible; DotBot/1.2; +https://opensiteexplorer.org/dotbot; help@moz.com)" 
114.119.148.160 - - [21/Sep/2023:16:09:44 -0700] "GET /self.logs/error.log.2020-09-04 HTTP/1.1" 200 351 "http://www.secrepo.com/self.logs?C=N%3BO%3DD" "Mozilla/5.0 (Linux; Android 7.0;) AppleWebKit/537.36 (KHTML, like Gecko) Mobile Safari/537.36 (compatible; PetalBot;+https://webmaster.petalsearch.com/site/petalbot)" 
195.191.219.130 - - [21/Sep/2023:16:10:27 -0700] "GET /robots.txt HTTP/1.1" 200 377 "-" "Mozilla/5.0 (compatible; MJ12bot/v1.4.8; http://mj12bot.com/)" 
195.191.219.130 - - [21/Sep/2023:16:10:29 -0700] "GET / HTTP/1.1" 200 13107 "-" "Mozilla/5.0 (compatible; MJ12bot/v1.4.8; http://mj12bot.com/)" 
107.20.105.74 - - [21/Sep/2023:16:16:40 -0700] "HEAD / HTTP/1.1" 301 186 "-" "DreamHost SiteMonitor 1.0" 
107.20.105.74 - - [21/Sep/2023:16:16:40 -0700] "HEAD / HTTP/1.1" 200 359 "http://66.33.221.139" "DreamHost SiteMonitor 1.0" 
103.131.71.214 - - [21/Sep/2023:16:24:23 -0700] "GET /robots.txt HTTP/1.1" 301 458 "-" "Mozilla/5.0 (compatible; coccocbot-image/1.0; +http://help.coccoc.com/searchengine)" 
103.131.71.214 - - [21/Sep/2023:16:24:25 -0700] "GET /robots.txt HTTP/1.1" 200 340 "-" "Mozilla/5.0 (compatible; coccocbot-image/1.0; +http://help.coccoc.com/searchengine)" 
107.20.105.74 - - [21/Sep/2023:16:26:40 -0700] "HEAD / HTTP/1.1" 301 186 "-" "DreamHost SiteMonitor 1.0" 
107.20.105.74 - - [21/Sep/2023:16:26:40 -0700] "HEAD / HTTP/1.1" 200 359 "http://66.33.221.139" "DreamHost SiteMonitor 1.0" 
58.49.151.2 - - [21/Sep/2023:16:35:27 -0700] "GET / HTTP/1.1" 200 13186 "-" "Mozilla/5.0 (Windows NT 10.0; Win64; x64) AppleWebKit/537.36 (KHTML, like Gecko) Chrome/97.0.4280.67 Safari/537.36 Edg/97.0.664.52" 
107.20.105.74 - - [21/Sep/2023:16:36:40 -0700] "HEAD / HTTP/1.1" 301 186 "-" "DreamHost SiteMonitor 1.0" 
107.20.105.74 - - [21/Sep/2023:16:36:40 -0700] "HEAD / HTTP/1.1" 200 359 "http://66.33.221.139" "DreamHost SiteMonitor 1.0" 
216.244.66.245 - - [21/Sep/2023:16:43:20 -0700] "GET /robots.txt HTTP/1.1" 200 333 "-" "Mozilla/5.0 (compatible; DotBot/1.2; +https://opensiteexplorer.org/dotbot; help@moz.com)" 
107.20.105.74 - - [21/Sep/2023:16:46:40 -0700] "HEAD / HTTP/1.1" 301 186 "-" "DreamHost SiteMonitor 1.0" 
107.20.105.74 - - [21/Sep/2023:16:46:40 -0700] "HEAD / HTTP/1.1" 200 359 "http://66.33.221.139" "DreamHost SiteMonitor 1.0" 
216.244.66.245 - - [21/Sep/2023:16:53:01 -0700] "GET /maccdc2012/ftp.log.gz HTTP/1.1" 200 112420 "-" "Mozilla/5.0 (compatible; DotBot/1.2; +https://opensiteexplorer.org/dotbot; help@moz.com)" 
216.244.66.245 - - [21/Sep/2023:16:53:33 -0700] "GET /maccdc2012/conn.log.gz HTTP/1.1" 200 73000 "-" "Mozilla/5.0 (compatible; DotBot/1.2; +https://opensiteexplorer.org/dotbot; help@moz.com)" 
107.20.105.74 - - [21/Sep/2023:16:56:40 -0700] "HEAD / HTTP/1.1" 301 186 "-" "DreamHost SiteMonitor 1.0" 
107.20.105.74 - - [21/Sep/2023:16:56:40 -0700] "HEAD / HTTP/1.1" 200 359 "http://66.33.221.139" "DreamHost SiteMonitor 1.0" 
216.244.66.245 - - [21/Sep/2023:17:05:26 -0700] "GET /self.logs/2016/error.log.2016-05-15.gz HTTP/1.1" 200 578 "-" "Mozilla/5.0 (compatible; DotBot/1.2; +https://opensiteexplorer.org/dotbot; help@moz.com)" 
216.244.66.245 - - [21/Sep/2023:17:05:55 -0700] "GET /self.logs/2016/error.log.2016-08-24.gz HTTP/1.1" 200 1154 "-" "Mozilla/5.0 (compatible; DotBot/1.2; +https://opensiteexplorer.org/dotbot; help@moz.com)" 
216.244.66.245 - - [21/Sep/2023:17:06:23 -0700] "GET /self.logs/2016/error.log.2016-09-07.gz HTTP/1.1" 200 1442 "-" "Mozilla/5.0 (compatible; DotBot/1.2; +https://opensiteexplorer.org/dotbot; help@moz.com)" 
107.20.105.74 - - [21/Sep/2023:17:06:40 -0700] "HEAD / HTTP/1.1" 301 186 "-" "DreamHost SiteMonitor 1.0" 
107.20.105.74 - - [21/Sep/2023:17:06:40 -0700] "HEAD / HTTP/1.1" 200 359 "http://66.33.221.139" "DreamHost SiteMonitor 1.0" 
216.244.66.245 - - [21/Sep/2023:17:06:51 -0700] "GET /self.logs/access.log.2017-02-10.gz HTTP/1.1" 200 36524 "-" "Mozilla/5.0 (compatible; DotBot/1.2; +https://opensiteexplorer.org/dotbot; help@moz.com)" 
216.244.66.245 - - [21/Sep/2023:17:07:26 -0700] "GET /self.logs/access.log.2017-06-08.gz HTTP/1.1" 200 19765 "-" "Mozilla/5.0 (compatible; DotBot/1.2; +https://opensiteexplorer.org/dotbot; help@moz.com)" 
216.244.66.245 - - [21/Sep/2023:17:07:58 -0700] "GET /self.logs/2015/access.log.2015-02-04.gz HTTP/1.1" 200 3998 "-" "Mozilla/5.0 (compatible; DotBot/1.2; +https://opensiteexplorer.org/dotbot; help@moz.com)" 
216.244.66.245 - - [21/Sep/2023:17:08:27 -0700] "GET /self.logs/2015/access.log.2015-04-02.gz HTTP/1.1" 200 3336 "-" "Mozilla/5.0 (compatible; DotBot/1.2; +https://opensiteexplorer.org/dotbot; help@moz.com)" 
216.244.66.245 - - [21/Sep/2023:17:08:59 -0700] "GET /self.logs/2015/access.log.2015-04-12.gz HTTP/1.1" 200 3124 "-" "Mozilla/5.0 (compatible; DotBot/1.2; +https://opensiteexplorer.org/dotbot; help@moz.com)" 
216.244.66.245 - - [21/Sep/2023:17:09:26 -0700] "GET /self.logs/2015/error.log.2015-02-02.gz HTTP/1.1" 200 696 "-" "Mozilla/5.0 (compatible; DotBot/1.2; +https://opensiteexplorer.org/dotbot; help@moz.com)" 
216.244.66.245 - - [21/Sep/2023:17:09:53 -0700] "GET /self.logs/2015/error.log.2015-04-25.gz HTTP/1.1" 200 1012 "-" "Mozilla/5.0 (compatible; DotBot/1.2; +https://opensiteexplorer.org/dotbot; help@moz.com)" 
216.244.66.245 - - [21/Sep/2023:17:10:18 -0700] "GET /self.logs/2015/error.log.2015-07-16.gz HTTP/1.1" 200 702 "-" "Mozilla/5.0 (compatible; DotBot/1.2; +https://opensiteexplorer.org/dotbot; help@moz.com)" 
58.49.151.108 - - [21/Sep/2023:17:10:43 -0700] "GET / HTTP/1.1" 200 13186 "-" "Mozilla/5.0 (Windows NT 10.0; Win64; x64) AppleWebKit/537.36 (KHTML, like Gecko) Chrome/97.0.4280.67 Safari/537.36 Edg/97.0.664.52" 
216.244.66.245 - - [21/Sep/2023:17:10:44 -0700] "GET /self.logs/2015/error.log.2015-12-02.gz HTTP/1.1" 200 677 "-" "Mozilla/5.0 (compatible; DotBot/1.2; +https://opensiteexplorer.org/dotbot; help@moz.com)" 
216.244.66.245 - - [21/Sep/2023:17:11:07 -0700] "GET /self.logs/2016/access.log.2016-03-07.gz HTTP/1.1" 200 9478 "-" "Mozilla/5.0 (compatible; DotBot/1.2; +https://opensiteexplorer.org/dotbot; help@moz.com)" 
216.244.66.245 - - [21/Sep/2023:17:11:31 -0700] "GET /self.logs/access.log.2017-12-21.gz HTTP/1.1" 200 23968 "-" "Mozilla/5.0 (compatible; DotBot/1.2; +https://opensiteexplorer.org/dotbot; help@moz.com)" 
216.244.66.245 - - [21/Sep/2023:17:11:53 -0700] "GET /self.logs/access.log.2018-11-21.gz HTTP/1.1" 200 67160 "-" "Mozilla/5.0 (compatible; DotBot/1.2; +https://opensiteexplorer.org/dotbot; help@moz.com)" 
216.244.66.245 - - [21/Sep/2023:17:12:43 -0700] "GET /self.logs/access.log.2018-12-10.gz HTTP/1.1" 200 24917 "-" "Mozilla/5.0 (compatible; DotBot/1.2; +https://opensiteexplorer.org/dotbot; help@moz.com)" 
216.244.66.245 - - [21/Sep/2023:17:13:13 -0700] "GET /self.logs/access.log.2019-04-16.gz HTTP/1.1" 200 43570 "-" "Mozilla/5.0 (compatible; DotBot/1.2; +https://opensiteexplorer.org/dotbot; help@moz.com)" 
216.244.66.245 - - [21/Sep/2023:17:13:51 -0700] "GET /self.logs/access.log.2019-04-18.gz HTTP/1.1" 200 33308 "-" "Mozilla/5.0 (compatible; DotBot/1.2; +https://opensiteexplorer.org/dotbot; help@moz.com)" 
216.244.66.245 - - [21/Sep/2023:17:14:34 -0700] "GET /self.logs/access.log.2019-07-01.gz HTTP/1.1" 200 33850 "-" "Mozilla/5.0 (compatible; DotBot/1.2; +https://opensiteexplorer.org/dotbot; help@moz.com)" 
216.244.66.245 - - [21/Sep/2023:17:15:07 -0700] "GET /self.logs/access.log.2019-07-31.gz HTTP/1.1" 200 24337 "-" "Mozilla/5.0 (compatible; DotBot/1.2; +https://opensiteexplorer.org/dotbot; help@moz.com)" 
216.244.66.245 - - [21/Sep/2023:17:15:41 -0700] "GET /self.logs/access.log.2021-01-09.gz HTTP/1.1" 200 28404 "-" "Mozilla/5.0 (compatible; DotBot/1.2; +https://opensiteexplorer.org/dotbot; help@moz.com)" 
216.244.66.245 - - [21/Sep/2023:17:16:09 -0700] "GET /self.logs/access.log.2021-04-23.gz HTTP/1.1" 200 20034 "-" "Mozilla/5.0 (compatible; DotBot/1.2; +https://opensiteexplorer.org/dotbot; help@moz.com)" 
216.244.66.245 - - [21/Sep/2023:17:16:36 -0700] "GET /self.logs/access.log.2021-05-07.gz HTTP/1.1" 200 41955 "-" "Mozilla/5.0 (compatible; DotBot/1.2; +https://opensiteexplorer.org/dotbot; help@moz.com)" 
107.20.105.74 - - [21/Sep/2023:17:16:40 -0700] "HEAD / HTTP/1.1" 301 186 "-" "DreamHost SiteMonitor 1.0" 
107.20.105.74 - - [21/Sep/2023:17:16:40 -0700] "HEAD / HTTP/1.1" 200 359 "http://66.33.221.139" "DreamHost SiteMonitor 1.0" 
216.244.66.245 - - [21/Sep/2023:17:17:26 -0700] "GET /self.logs/access.log.2021-05-14.gz HTTP/1.1" 200 24851 "-" "Mozilla/5.0 (compatible; DotBot/1.2; +https://opensiteexplorer.org/dotbot; help@moz.com)" 
216.244.66.245 - - [21/Sep/2023:17:18:18 -0700] "GET /self.logs/access.log.2021-07-09.gz HTTP/1.1" 200 20875 "-" "Mozilla/5.0 (compatible; DotBot/1.2; +https://opensiteexplorer.org/dotbot; help@moz.com)" 
216.244.66.245 - - [21/Sep/2023:17:18:53 -0700] "GET /self.logs/access.log.2021-08-20.gz HTTP/1.1" 200 25234 "-" "Mozilla/5.0 (compatible; DotBot/1.2; +https://opensiteexplorer.org/dotbot; help@moz.com)" 
216.244.66.245 - - [21/Sep/2023:17:19:24 -0700] "GET /self.logs/access.log.2021-10-30.gz HTTP/1.1" 200 22523 "-" "Mozilla/5.0 (compatible; DotBot/1.2; +https://opensiteexplorer.org/dotbot; help@moz.com)" 
216.244.66.245 - - [21/Sep/2023:17:19:57 -0700] "GET /self.logs/access.log.2020-01-04.gz HTTP/1.1" 200 15695 "-" "Mozilla/5.0 (compatible; DotBot/1.2; +https://opensiteexplorer.org/dotbot; help@moz.com)" 
216.244.66.245 - - [21/Sep/2023:17:20:25 -0700] "GET /self.logs/access.log.2020-04-13.gz HTTP/1.1" 200 12301 "-" "Mozilla/5.0 (compatible; DotBot/1.2; +https://opensiteexplorer.org/dotbot; help@moz.com)" 
216.244.66.245 - - [21/Sep/2023:17:20:50 -0700] "GET /self.logs/access.log.2020-11-11.gz HTTP/1.1" 200 10899 "-" "Mozilla/5.0 (compatible; DotBot/1.2; +https://opensiteexplorer.org/dotbot; help@moz.com)" 
216.244.66.245 - - [21/Sep/2023:17:21:18 -0700] "GET /self.logs/access.log.2021-09-08.gz HTTP/1.1" 200 17536 "-" "Mozilla/5.0 (compatible; DotBot/1.2; +https://opensiteexplorer.org/dotbot; help@moz.com)" 
216.244.66.245 - - [21/Sep/2023:17:21:43 -0700] "GET /self.logs/access.log.2021-09-24.gz HTTP/1.1" 200 19157 "-" "Mozilla/5.0 (compatible; DotBot/1.2; +https://opensiteexplorer.org/dotbot; help@moz.com)" 
216.244.66.245 - - [21/Sep/2023:17:22:07 -0700] "GET /self.logs/access.log.2022-02-02.gz HTTP/1.1" 200 18221 "-" "Mozilla/5.0 (compatible; DotBot/1.2; +https://opensiteexplorer.org/dotbot; help@moz.com)" 
216.244.66.245 - - [21/Sep/2023:17:22:57 -0700] "GET /self.logs/error.log.2017-01-07.gz HTTP/1.1" 200 866 "-" "Mozilla/5.0 (compatible; DotBot/1.2; +https://opensiteexplorer.org/dotbot; help@moz.com)" 
216.244.66.245 - - [21/Sep/2023:17:23:30 -0700] "GET /self.logs/error.log.2017-01-23.gz HTTP/1.1" 200 1043 "-" "Mozilla/5.0 (compatible; DotBot/1.2; +https://opensiteexplorer.org/dotbot; help@moz.com)" 
216.244.66.245 - - [21/Sep/2023:17:23:58 -0700] "GET /self.logs/error.log.2020-06-11 HTTP/1.1" 200 307 "-" "Mozilla/5.0 (compatible; DotBot/1.2; +https://opensiteexplorer.org/dotbot; help@moz.com)" 
216.244.66.245 - - [21/Sep/2023:17:24:26 -0700] "GET /self.logs/error.log.2020-10-18 HTTP/1.1" 200 307 "-" "Mozilla/5.0 (compatible; DotBot/1.2; +https://opensiteexplorer.org/dotbot; help@moz.com)" 
216.244.66.245 - - [21/Sep/2023:17:24:52 -0700] "GET /self.logs/error.log.2021-02-08.gz HTTP/1.1" 200 1051 "-" "Mozilla/5.0 (compatible; DotBot/1.2; +https://opensiteexplorer.org/dotbot; help@moz.com)" 
216.244.66.245 - - [21/Sep/2023:17:25:19 -0700] "GET /self.logs/error.log.2017-05-06.gz HTTP/1.1" 200 831 "-" "Mozilla/5.0 (compatible; DotBot/1.2; +https://opensiteexplorer.org/dotbot; help@moz.com)" 
216.244.66.245 - - [21/Sep/2023:17:25:47 -0700] "GET /self.logs/error.log.2019-08-09 HTTP/1.1" 200 307 "-" "Mozilla/5.0 (compatible; DotBot/1.2; +https://opensiteexplorer.org/dotbot; help@moz.com)" 
216.244.66.245 - - [21/Sep/2023:17:26:10 -0700] "GET /self.logs/error.log.2019-11-26.gz HTTP/1.1" 200 825 "-" "Mozilla/5.0 (compatible; DotBot/1.2; +https://opensiteexplorer.org/dotbot; help@moz.com)" 
216.244.66.245 - - [21/Sep/2023:17:26:32 -0700] "GET /self.logs/error.log.2019-12-13.gz HTTP/1.1" 200 1028 "-" "Mozilla/5.0 (compatible; DotBot/1.2; +https://opensiteexplorer.org/dotbot; help@moz.com)" 
107.20.105.74 - - [21/Sep/2023:17:26:40 -0700] "HEAD / HTTP/1.1" 301 186 "-" "DreamHost SiteMonitor 1.0" 
107.20.105.74 - - [21/Sep/2023:17:26:40 -0700] "HEAD / HTTP/1.1" 200 359 "http://66.33.221.139" "DreamHost SiteMonitor 1.0" 
216.244.66.245 - - [21/Sep/2023:17:36:33 -0700] "GET /robots.txt HTTP/1.1" 200 333 "-" "Mozilla/5.0 (compatible; DotBot/1.2; +https://opensiteexplorer.org/dotbot; help@moz.com)" 
107.20.105.74 - - [21/Sep/2023:17:36:40 -0700] "HEAD / HTTP/1.1" 301 186 "-" "DreamHost SiteMonitor 1.0" 
107.20.105.74 - - [21/Sep/2023:17:36:40 -0700] "HEAD / HTTP/1.1" 200 359 "http://66.33.221.139" "DreamHost SiteMonitor 1.0" 
107.20.105.74 - - [21/Sep/2023:17:46:40 -0700] "HEAD / HTTP/1.1" 301 186 "-" "DreamHost SiteMonitor 1.0" 
107.20.105.74 - - [21/Sep/2023:17:46:40 -0700] "HEAD / HTTP/1.1" 200 359 "http://66.33.221.139" "DreamHost SiteMonitor 1.0" 
216.244.66.245 - - [21/Sep/2023:17:50:50 -0700] "GET /self.logs/access.log.2017-06-15.gz HTTP/1.1" 200 32788 "-" "Mozilla/5.0 (compatible; DotBot/1.2; +https://opensiteexplorer.org/dotbot; help@moz.com)" 
216.244.66.245 - - [21/Sep/2023:17:51:22 -0700] "GET /self.logs/2015/access.log.2015-10-02.gz HTTP/1.1" 200 3824 "-" "Mozilla/5.0 (compatible; DotBot/1.2; +https://opensiteexplorer.org/dotbot; help@moz.com)" 
216.244.66.245 - - [21/Sep/2023:17:51:51 -0700] "GET /self.logs/2015/error.log.2015-05-07.gz HTTP/1.1" 200 2663 "-" "Mozilla/5.0 (compatible; DotBot/1.2; +https://opensiteexplorer.org/dotbot; help@moz.com)" 
216.244.66.245 - - [21/Sep/2023:17:52:25 -0700] "GET /self.logs/2015/error.log.2015-06-11.gz HTTP/1.1" 200 730 "-" "Mozilla/5.0 (compatible; DotBot/1.2; +https://opensiteexplorer.org/dotbot; help@moz.com)" 
216.244.66.245 - - [21/Sep/2023:17:52:58 -0700] "GET /self.logs/2015/error.log.2015-07-05.gz HTTP/1.1" 200 898 "-" "Mozilla/5.0 (compatible; DotBot/1.2; +https://opensiteexplorer.org/dotbot; help@moz.com)" 
216.244.66.245 - - [21/Sep/2023:17:53:27 -0700] "GET /self.logs/2015/error.log.2015-08-03.gz HTTP/1.1" 200 742 "-" "Mozilla/5.0 (compatible; DotBot/1.2; +https://opensiteexplorer.org/dotbot; help@moz.com)" 
216.244.66.245 - - [21/Sep/2023:17:53:55 -0700] "GET /self.logs/2015/error.log.2015-11-18.gz HTTP/1.1" 200 1023 "-" "Mozilla/5.0 (compatible; DotBot/1.2; +https://opensiteexplorer.org/dotbot; help@moz.com)" 
216.244.66.245 - - [21/Sep/2023:17:54:23 -0700] "GET /self.logs/2016/access.log.2016-01-03.gz HTTP/1.1" 200 5226 "-" "Mozilla/5.0 (compatible; DotBot/1.2; +https://opensiteexplorer.org/dotbot; help@moz.com)" 
216.244.66.245 - - [21/Sep/2023:17:54:50 -0700] "GET /self.logs/2016/access.log.2016-07-08.gz HTTP/1.1" 200 7121 "-" "Mozilla/5.0 (compatible; DotBot/1.2; +https://opensiteexplorer.org/dotbot; help@moz.com)" 
216.244.66.245 - - [21/Sep/2023:17:55:17 -0700] "GET /self.logs/access.log.2017-04-15.gz HTTP/1.1" 200 13758 "-" "Mozilla/5.0 (compatible; DotBot/1.2; +https://opensiteexplorer.org/dotbot; help@moz.com)" 
216.244.66.245 - - [21/Sep/2023:17:55:44 -0700] "GET /self.logs/access.log.2017-08-29.gz HTTP/1.1" 200 24930 "-" "Mozilla/5.0 (compatible; DotBot/1.2; +https://opensiteexplorer.org/dotbot; help@moz.com)" 
216.244.66.245 - - [21/Sep/2023:17:56:16 -0700] "GET /self.logs/access.log.2017-12-17.gz HTTP/1.1" 200 21306 "-" "Mozilla/5.0 (compatible; DotBot/1.2; +https://opensiteexplorer.org/dotbot; help@moz.com)" 
107.20.105.74 - - [21/Sep/2023:17:56:40 -0700] "HEAD / HTTP/1.1" 301 186 "-" "DreamHost SiteMonitor 1.0" 
107.20.105.74 - - [21/Sep/2023:17:56:40 -0700] "HEAD / HTTP/1.1" 200 359 "http://66.33.221.139" "DreamHost SiteMonitor 1.0" 
216.244.66.245 - - [21/Sep/2023:17:57:08 -0700] "GET /self.logs/access.log.2018-02-08.gz HTTP/1.1" 200 21825 "-" "Mozilla/5.0 (compatible; DotBot/1.2; +https://opensiteexplorer.org/dotbot; help@moz.com)" 
216.244.66.245 - - [21/Sep/2023:17:57:42 -0700] "GET /self.logs/access.log.2018-05-31.gz HTTP/1.1" 200 23939 "-" "Mozilla/5.0 (compatible; DotBot/1.2; +https://opensiteexplorer.org/dotbot; help@moz.com)" 
114.119.148.174 - - [21/Sep/2023:17:58:01 -0700] "GET /Datasets%20Description/HTML_Bro_log_1/files.html HTTP/1.1" 200 1918 "http://www.secrepo.com/Datasets%20Description/HTML_Bro_log_1?C=S%3BO%3DA" "Mozilla/5.0 (Linux; Android 7.0;) AppleWebKit/537.36 (KHTML, like Gecko) Mobile Safari/537.36 (compatible; PetalBot;+https://webmaster.petalsearch.com/site/petalbot)" 
216.244.66.245 - - [21/Sep/2023:17:58:13 -0700] "GET /self.logs/access.log.2018-07-20.gz HTTP/1.1" 200 20442 "-" "Mozilla/5.0 (compatible; DotBot/1.2; +https://opensiteexplorer.org/dotbot; help@moz.com)" 
216.244.66.245 - - [21/Sep/2023:17:58:42 -0700] "GET /self.logs/access.log.2018-08-15.gz HTTP/1.1" 200 22228 "-" "Mozilla/5.0 (compatible; DotBot/1.2; +https://opensiteexplorer.org/dotbot; help@moz.com)" 
216.244.66.245 - - [21/Sep/2023:17:59:13 -0700] "GET /self.logs/access.log.2018-09-27.gz HTTP/1.1" 200 49242 "-" "Mozilla/5.0 (compatible; DotBot/1.2; +https://opensiteexplorer.org/dotbot; help@moz.com)" 
216.244.66.245 - - [21/Sep/2023:17:59:47 -0700] "GET /self.logs/access.log.2018-10-09.gz HTTP/1.1" 200 22095 "-" "Mozilla/5.0 (compatible; DotBot/1.2; +https://opensiteexplorer.org/dotbot; help@moz.com)" 
216.244.66.245 - - [21/Sep/2023:18:00:16 -0700] "GET /self.logs/access.log.2018-10-23.gz HTTP/1.1" 200 22151 "-" "Mozilla/5.0 (compatible; DotBot/1.2; +https://opensiteexplorer.org/dotbot; help@moz.com)" 
216.244.66.245 - - [21/Sep/2023:18:00:40 -0700] "GET /self.logs/access.log.2018-11-16.gz HTTP/1.1" 200 31020 "-" "Mozilla/5.0 (compatible; DotBot/1.2; +https://opensiteexplorer.org/dotbot; help@moz.com)" 
216.244.66.245 - - [21/Sep/2023:18:01:03 -0700] "GET /self.logs/access.log.2019-03-15.gz HTTP/1.1" 200 21233 "-" "Mozilla/5.0 (compatible; DotBot/1.2; +https://opensiteexplorer.org/dotbot; help@moz.com)" 
216.244.66.245 - - [21/Sep/2023:18:01:25 -0700] "GET /self.logs/access.log.2019-08-18.gz HTTP/1.1" 200 25533 "-" "Mozilla/5.0 (compatible; DotBot/1.2; +https://opensiteexplorer.org/dotbot; help@moz.com)" 
216.244.66.245 - - [21/Sep/2023:18:01:51 -0700] "GET /self.logs/access.log.2020-02-05.gz HTTP/1.1" 200 20001 "-" "Mozilla/5.0 (compatible; DotBot/1.2; +https://opensiteexplorer.org/dotbot; help@moz.com)" 
216.244.66.245 - - [21/Sep/2023:18:02:28 -0700] "GET /self.logs/access.log.2020-09-18.gz HTTP/1.1" 200 22538 "-" "Mozilla/5.0 (compatible; DotBot/1.2; +https://opensiteexplorer.org/dotbot; help@moz.com)" 
216.244.66.245 - - [21/Sep/2023:18:02:59 -0700] "GET /self.logs/access.log.2021-05-20.gz HTTP/1.1" 200 26085 "-" "Mozilla/5.0 (compatible; DotBot/1.2; +https://opensiteexplorer.org/dotbot; help@moz.com)" 
216.244.66.245 - - [21/Sep/2023:18:03:43 -0700] "GET /self.logs/access.log.2021-10-11.gz HTTP/1.1" 200 29328 "-" "Mozilla/5.0 (compatible; DotBot/1.2; +https://opensiteexplorer.org/dotbot; help@moz.com)" 
216.244.66.245 - - [21/Sep/2023:18:04:17 -0700] "GET /self.logs/2015/access.log.2015-02-01.gz HTTP/1.1" 200 2662 "-" "Mozilla/5.0 (compatible; DotBot/1.2; +https://opensiteexplorer.org/dotbot; help@moz.com)" 
216.244.66.245 - - [21/Sep/2023:18:05:26 -0700] "GET /self.logs/access.log.2017-12-03.gz HTTP/1.1" 200 19272 "-" "Mozilla/5.0 (compatible; DotBot/1.2; +https://opensiteexplorer.org/dotbot; help@moz.com)" 
216.244.66.245 - - [21/Sep/2023:18:05:57 -0700] "GET /self.logs/access.log.2019-03-12.gz HTTP/1.1" 200 17354 "-" "Mozilla/5.0 (compatible; DotBot/1.2; +https://opensiteexplorer.org/dotbot; help@moz.com)" 
216.244.66.245 - - [21/Sep/2023:18:06:30 -0700] "GET /self.logs/access.log.2019-12-15.gz HTTP/1.1" 200 16722 "-" "Mozilla/5.0 (compatible; DotBot/1.2; +https://opensiteexplorer.org/dotbot; help@moz.com)" 
107.20.105.74 - - [21/Sep/2023:18:06:40 -0700] "HEAD / HTTP/1.1" 301 186 "-" "DreamHost SiteMonitor 1.0" 
107.20.105.74 - - [21/Sep/2023:18:06:40 -0700] "HEAD / HTTP/1.1" 200 359 "http://66.33.221.139" "DreamHost SiteMonitor 1.0" 
216.244.66.245 - - [21/Sep/2023:18:06:57 -0700] "GET /self.logs/access.log.2020-01-19.gz HTTP/1.1" 200 13714 "-" "Mozilla/5.0 (compatible; DotBot/1.2; +https://opensiteexplorer.org/dotbot; help@moz.com)" 
216.244.66.245 - - [21/Sep/2023:18:07:24 -0700] "GET /self.logs/access.log.2020-02-22.gz HTTP/1.1" 200 13740 "-" "Mozilla/5.0 (compatible; DotBot/1.2; +https://opensiteexplorer.org/dotbot; help@moz.com)" 
216.244.66.245 - - [21/Sep/2023:18:07:50 -0700] "GET /self.logs/access.log.2020-04-12.gz HTTP/1.1" 200 14813 "-" "Mozilla/5.0 (compatible; DotBot/1.2; +https://opensiteexplorer.org/dotbot; help@moz.com)" 
216.244.66.245 - - [21/Sep/2023:18:08:14 -0700] "GET /self.logs/access.log.2021-12-20.gz HTTP/1.1" 200 14378 "-" "Mozilla/5.0 (compatible; DotBot/1.2; +https://opensiteexplorer.org/dotbot; help@moz.com)" 
216.244.66.245 - - [21/Sep/2023:18:08:38 -0700] "GET /self.logs/access.log.2022-02-04.gz HTTP/1.1" 200 7414 "-" "Mozilla/5.0 (compatible; DotBot/1.2; +https://opensiteexplorer.org/dotbot; help@moz.com)" 
216.244.66.245 - - [21/Sep/2023:18:09:03 -0700] "GET /self.logs/access.log.2022-06-15.gz HTTP/1.1" 200 12916 "-" "Mozilla/5.0 (compatible; DotBot/1.2; +https://opensiteexplorer.org/dotbot; help@moz.com)" 
216.244.66.245 - - [21/Sep/2023:18:09:39 -0700] "GET /self.logs/error.log.2020-05-25 HTTP/1.1" 200 307 "-" "Mozilla/5.0 (compatible; DotBot/1.2; +https://opensiteexplorer.org/dotbot; help@moz.com)" 
216.244.66.245 - - [21/Sep/2023:18:10:09 -0700] "GET /self.logs/error.log.2020-07-10 HTTP/1.1" 200 307 "-" "Mozilla/5.0 (compatible; DotBot/1.2; +https://opensiteexplorer.org/dotbot; help@moz.com)" 
216.244.66.245 - - [21/Sep/2023:18:10:38 -0700] "GET /self.logs/error.log.2020-10-15 HTTP/1.1" 200 307 "-" "Mozilla/5.0 (compatible; DotBot/1.2; +https://opensiteexplorer.org/dotbot; help@moz.com)" 
216.244.66.245 - - [21/Sep/2023:18:11:05 -0700] "GET /self.logs/error.log.2021-05-13.gz HTTP/1.1" 200 926 "-" "Mozilla/5.0 (compatible; DotBot/1.2; +https://opensiteexplorer.org/dotbot; help@moz.com)" 
216.244.66.245 - - [21/Sep/2023:18:11:36 -0700] "GET /self.logs/error.log.2021-05-25.gz HTTP/1.1" 200 921 "-" "Mozilla/5.0 (compatible; DotBot/1.2; +https://opensiteexplorer.org/dotbot; help@moz.com)" 
216.244.66.245 - - [21/Sep/2023:18:12:03 -0700] "GET /self.logs/error.log.2022-07-22.gz HTTP/1.1" 200 1005 "-" "Mozilla/5.0 (compatible; DotBot/1.2; +https://opensiteexplorer.org/dotbot; help@moz.com)" 
123.6.49.47 - - [21/Sep/2023:18:12:22 -0700] "GET / HTTP/1.1" 200 13186 "http://baidu.com/" "Mozilla/5.0 (Linux; Android 8.0; Pixel 2 Build/OPD3.170816.012) AppleWebKit/537.36 (KHTML, like Gecko) Chrome/87.0.4280.88 Mobile Safari/537.36" 
123.6.49.47 - - [21/Sep/2023:18:12:22 -0700] "GET /css/style.css HTTP/1.1" 404 305 "http://www.secrepo.com/" "Mozilla/5.0 (Linux; Android 8.0; Pixel 2 Build/OPD3.170816.012) AppleWebKit/537.36 (KHTML, like Gecko) Chrome/87.0.4280.88 Mobile Safari/537.36" 
123.6.49.10 - - [21/Sep/2023:18:12:26 -0700] "GET /bootstrap/img/favicon.ico HTTP/1.1" 200 669 "-" "Mozilla/5.0 (Windows NT 10.0; WOW64) AppleWebKit/537.36 (KHTML, like Gecko) Chrome/78.0.3904.108 Safari/537.36" 
216.244.66.245 - - [21/Sep/2023:18:12:27 -0700] "GET /self.logs/error.log.2017-04-22.gz HTTP/1.1" 200 753 "-" "Mozilla/5.0 (compatible; DotBot/1.2; +https://opensiteexplorer.org/dotbot; help@moz.com)" 
123.6.49.42 - - [21/Sep/2023:18:12:29 -0700] "GET /bootstrap/img/favicon.ico HTTP/1.1" 200 669 "-" "Mozilla/5.0 (Windows NT 10.0; WOW64) AppleWebKit/537.36 (KHTML, like Gecko) Chrome/78.0.3904.108 Safari/537.36" 
216.244.66.245 - - [21/Sep/2023:18:12:50 -0700] "GET /self.logs/error.log.2022-02-23.gz HTTP/1.1" 200 6177 "-" "Mozilla/5.0 (compatible; DotBot/1.2; +https://opensiteexplorer.org/dotbot; help@moz.com)" 
216.244.66.245 - - [21/Sep/2023:18:13:13 -0700] "GET /self.logs/error.log.2022-06-30.gz HTTP/1.1" 200 3631 "-" "Mozilla/5.0 (compatible; DotBot/1.2; +https://opensiteexplorer.org/dotbot; help@moz.com)" 
216.244.66.245 - - [21/Sep/2023:18:13:34 -0700] "GET /self.logs/error.log.2022-11-22.gz HTTP/1.1" 200 5702 "-" "Mozilla/5.0 (compatible; DotBot/1.2; +https://opensiteexplorer.org/dotbot; help@moz.com)" 
216.244.66.245 - - [21/Sep/2023:18:14:24 -0700] "GET /self.logs/error.log.2023-01-28.gz HTTP/1.1" 200 1351 "-" "Mozilla/5.0 (compatible; DotBot/1.2; +https://opensiteexplorer.org/dotbot; help@moz.com)" 
23.93.187.65 - - [21/Sep/2023:18:14:44 -0700] "GET / HTTP/1.1" 200 13186 "-" "Mozilla/5.0 (iPhone; CPU iPhone OS 16_6_1 like Mac OS X) AppleWebKit/605.1.15 (KHTML, like Gecko) Version/16.6 Mobile/15E148 Safari/604.1" 
23.93.187.65 - - [21/Sep/2023:18:14:45 -0700] "GET /apple-touch-icon-120x120-precomposed.png HTTP/1.1" 404 328 "-" "MobileSafari/8615.3.12.10.2 CFNetwork/1410.0.3 Darwin/22.6.0" 
23.93.187.65 - - [21/Sep/2023:18:14:45 -0700] "GET /apple-touch-icon-120x120.png HTTP/1.1" 404 305 "-" "MobileSafari/8615.3.12.10.2 CFNetwork/1410.0.3 Darwin/22.6.0" 
23.93.187.65 - - [21/Sep/2023:18:14:45 -0700] "GET /apple-touch-icon-precomposed.png HTTP/1.1" 404 305 "-" "MobileSafari/8615.3.12.10.2 CFNetwork/1410.0.3 Darwin/22.6.0" 
23.93.187.65 - - [21/Sep/2023:18:14:45 -0700] "GET /apple-touch-icon.png HTTP/1.1" 404 305 "-" "MobileSafari/8615.3.12.10.2 CFNetwork/1410.0.3 Darwin/22.6.0" 
