54.36.149.65 - - [12/Mar/2021:10:39:49 -0800] "GET /self.logs/2015/access.log.2015-07-26.gz HTTP/1.1" 200 3515 "-" "Mozilla/5.0 (compatible; AhrefsBot/7.0; +http://ahrefs.com/robot/)" 
54.36.149.65 - - [12/Mar/2021:10:43:11 -0800] "GET /self.logs/2015/access.log.2015-08-02.gz HTTP/1.1" 200 4208 "-" "Mozilla/5.0 (compatible; AhrefsBot/7.0; +http://ahrefs.com/robot/)" 
54.36.148.7 - - [12/Mar/2021:10:46:36 -0800] "GET /self.logs/2015/access.log.2015-12-16.gz HTTP/1.1" 200 7880 "-" "Mozilla/5.0 (compatible; AhrefsBot/7.0; +http://ahrefs.com/robot/)" 
54.36.149.65 - - [12/Mar/2021:10:49:48 -0800] "GET /self.logs/2015/access.log.2015-07-16.gz HTTP/1.1" 200 7294 "-" "Mozilla/5.0 (compatible; AhrefsBot/7.0; +http://ahrefs.com/robot/)" 
54.36.148.181 - - [12/Mar/2021:10:53:08 -0800] "GET /self.logs/error.log.2020-12-28 HTTP/1.1" 200 307 "-" "Mozilla/5.0 (compatible; AhrefsBot/7.0; +http://ahrefs.com/robot/)" 
114.119.150.248 - - [12/Mar/2021:10:55:18 -0800] "GET /self.logs/2015/access.log.2015-10-15.gz HTTP/1.1" 200 10049 "-" "Mozilla/5.0 (Linux; Android 7.0;) AppleWebKit/537.36 (KHTML, like Gecko) Mobile Safari/537.36 (compatible; PetalBot;+https://aspiegel.com/petalbot)" 
65.21.60.211 - - [12/Mar/2021:10:56:10 -0800] "GET /self.logs/access.log.2019-03-31.gz HTTP/1.1" 200 20220 "-" "Mozilla/5.0 (Macintosh; Intel Mac OS X 10_15_7) AppleWebKit/537.36 (KHTML, like Gecko) Chrome/86.0.4240.111 Safari/537.36" 
65.21.60.211 - - [12/Mar/2021:10:56:10 -0800] "GET /self.logs/access.log.2020-02-25.gz HTTP/1.1" 200 13564 "-" "Mozilla/5.0 (Macintosh; Intel Mac OS X 10_15_7) AppleWebKit/537.36 (KHTML, like Gecko) Chrome/86.0.4240.111 Safari/537.36" 
65.21.60.211 - - [12/Mar/2021:10:56:11 -0800] "GET /self.logs/access.log.2020-07-05.gz HTTP/1.1" 200 14158 "-" "Mozilla/5.0 (Macintosh; Intel Mac OS X 10_15_7) AppleWebKit/537.36 (KHTML, like Gecko) Chrome/86.0.4240.111 Safari/537.36" 
65.21.60.211 - - [12/Mar/2021:10:56:11 -0800] "GET /self.logs/error.log.2017-04-06.gz HTTP/1.1" 200 2636 "-" "Mozilla/5.0 (Macintosh; Intel Mac OS X 10_15_7) AppleWebKit/537.36 (KHTML, like Gecko) Chrome/86.0.4240.111 Safari/537.36" 
65.21.60.211 - - [12/Mar/2021:10:56:11 -0800] "GET /self.logs/error.log.2020-07-23.gz HTTP/1.1" 200 1191 "-" "Mozilla/5.0 (Macintosh; Intel Mac OS X 10_15_7) AppleWebKit/537.36 (KHTML, like Gecko) Chrome/86.0.4240.111 Safari/537.36" 
65.21.60.211 - - [12/Mar/2021:10:56:11 -0800] "GET /self.logs/error.log.2019-03-08.gz HTTP/1.1" 200 5749 "-" "Mozilla/5.0 (Macintosh; Intel Mac OS X 10_15_7) AppleWebKit/537.36 (KHTML, like Gecko) Chrome/86.0.4240.111 Safari/537.36" 
65.21.60.211 - - [12/Mar/2021:10:56:12 -0800] "GET /self.logs/access.log.2019-01-06.gz HTTP/1.1" 200 24742 "-" "Mozilla/5.0 (Macintosh; Intel Mac OS X 10_15_7) AppleWebKit/537.36 (KHTML, like Gecko) Chrome/86.0.4240.111 Safari/537.36" 
65.21.60.211 - - [12/Mar/2021:10:56:12 -0800] "GET /self.logs/error.log.2019-01-27.gz HTTP/1.1" 200 5239 "-" "Mozilla/5.0 (Macintosh; Intel Mac OS X 10_15_7) AppleWebKit/537.36 (KHTML, like Gecko) Chrome/86.0.4240.111 Safari/537.36" 
65.21.60.211 - - [12/Mar/2021:10:56:12 -0800] "GET /self.logs/error.log.2018-06-23.gz HTTP/1.1" 200 5587 "-" "Mozilla/5.0 (Macintosh; Intel Mac OS X 10_15_7) AppleWebKit/537.36 (KHTML, like Gecko) Chrome/86.0.4240.111 Safari/537.36" 
65.21.60.211 - - [12/Mar/2021:10:56:12 -0800] "GET /self.logs/access.log.2019-03-18.gz HTTP/1.1" 200 27280 "-" "Mozilla/5.0 (Macintosh; Intel Mac OS X 10_15_7) AppleWebKit/537.36 (KHTML, like Gecko) Chrome/86.0.4240.111 Safari/537.36" 
65.21.60.211 - - [12/Mar/2021:10:56:13 -0800] "GET /self.logs/error.log.2019-07-23.gz HTTP/1.1" 200 1356 "-" "Mozilla/5.0 (Macintosh; Intel Mac OS X 10_15_7) AppleWebKit/537.36 (KHTML, like Gecko) Chrome/86.0.4240.111 Safari/537.36" 
65.21.60.211 - - [12/Mar/2021:10:56:13 -0800] "GET /self.logs/error.log.2018-02-03.gz HTTP/1.1" 200 4767 "-" "Mozilla/5.0 (Macintosh; Intel Mac OS X 10_15_7) AppleWebKit/537.36 (KHTML, like Gecko) Chrome/86.0.4240.111 Safari/537.36" 
65.21.60.211 - - [12/Mar/2021:10:56:13 -0800] "GET /self.logs/access.log.2021-01-11.gz HTTP/1.1" 200 38398 "-" "Mozilla/5.0 (Macintosh; Intel Mac OS X 10_15_7) AppleWebKit/537.36 (KHTML, like Gecko) Chrome/86.0.4240.111 Safari/537.36" 
65.21.60.211 - - [12/Mar/2021:10:56:13 -0800] "GET /self.logs/access.log.2020-01-09.gz HTTP/1.1" 200 13316 "-" "Mozilla/5.0 (Macintosh; Intel Mac OS X 10_15_7) AppleWebKit/537.36 (KHTML, like Gecko) Chrome/86.0.4240.111 Safari/537.36" 
65.21.60.211 - - [12/Mar/2021:10:56:14 -0800] "GET /self.logs/access.log.2018-01-09.gz HTTP/1.1" 200 24812 "-" "Mozilla/5.0 (Macintosh; Intel Mac OS X 10_15_7) AppleWebKit/537.36 (KHTML, like Gecko) Chrome/86.0.4240.111 Safari/537.36" 
65.21.60.211 - - [12/Mar/2021:10:56:14 -0800] "GET /self.logs/error.log.2018-04-22.gz HTTP/1.1" 200 4336 "-" "Mozilla/5.0 (Macintosh; Intel Mac OS X 10_15_7) AppleWebKit/537.36 (KHTML, like Gecko) Chrome/86.0.4240.111 Safari/537.36" 
65.21.60.211 - - [12/Mar/2021:10:56:14 -0800] "GET /self.logs/error.log.2019-01-10.gz HTTP/1.1" 200 6123 "-" "Mozilla/5.0 (Macintosh; Intel Mac OS X 10_15_7) AppleWebKit/537.36 (KHTML, like Gecko) Chrome/86.0.4240.111 Safari/537.36" 
65.21.60.211 - - [12/Mar/2021:10:56:14 -0800] "GET /self.logs/access.log.2020-11-27.gz HTTP/1.1" 200 12941 "-" "Mozilla/5.0 (Macintosh; Intel Mac OS X 10_15_7) AppleWebKit/537.36 (KHTML, like Gecko) Chrome/86.0.4240.111 Safari/537.36" 
65.21.60.211 - - [12/Mar/2021:10:56:15 -0800] "GET /self.logs/access.log.2019-07-22.gz HTTP/1.1" 200 58400 "-" "Mozilla/5.0 (Macintosh; Intel Mac OS X 10_15_7) AppleWebKit/537.36 (KHTML, like Gecko) Chrome/86.0.4240.111 Safari/537.36" 
65.21.60.211 - - [12/Mar/2021:10:56:15 -0800] "GET /self.logs/access.log.2020-07-15.gz HTTP/1.1" 200 18856 "-" "Mozilla/5.0 (Macintosh; Intel Mac OS X 10_15_7) AppleWebKit/537.36 (KHTML, like Gecko) Chrome/86.0.4240.111 Safari/537.36" 
59.102.241.8 - - [12/Mar/2021:10:59:50 -0800] "GET / HTTP/1.1" 200 12882 "https://www.researchgate.net/" "Mozilla/5.0 (Windows NT 10.0; Win64; x64) AppleWebKit/537.36 (KHTML, like Gecko) Chrome/89.0.4389.82 Safari/537.36" 
59.102.241.8 - - [12/Mar/2021:10:59:50 -0800] "GET /css/style.css HTTP/1.1" 404 305 "http://www.secrepo.com/" "Mozilla/5.0 (Windows NT 10.0; Win64; x64) AppleWebKit/537.36 (KHTML, like Gecko) Chrome/89.0.4389.82 Safari/537.36" 
59.102.241.8 - - [12/Mar/2021:10:59:50 -0800] "GET /twitter-icon.png HTTP/1.1" 200 27916 "http://www.secrepo.com/" "Mozilla/5.0 (Windows NT 10.0; Win64; x64) AppleWebKit/537.36 (KHTML, like Gecko) Chrome/89.0.4389.82 Safari/537.36" 
59.102.241.8 - - [12/Mar/2021:10:59:50 -0800] "GET /GitHub-Mark.png HTTP/1.1" 200 7533 "http://www.secrepo.com/" "Mozilla/5.0 (Windows NT 10.0; Win64; x64) AppleWebKit/537.36 (KHTML, like Gecko) Chrome/89.0.4389.82 Safari/537.36" 
59.102.241.8 - - [12/Mar/2021:10:59:52 -0800] "GET /bootstrap/img/favicon.ico HTTP/1.1" 200 690 "http://www.secrepo.com/" "Mozilla/5.0 (Windows NT 10.0; Win64; x64) AppleWebKit/537.36 (KHTML, like Gecko) Chrome/89.0.4389.82 Safari/537.36" 
114.119.159.40 - - [12/Mar/2021:11:00:53 -0800] "GET /self.logs/error.log.2020-08-31.gz HTTP/1.1" 200 932 "-" "Mozilla/5.0 (Linux; Android 7.0;) AppleWebKit/537.36 (KHTML, like Gecko) Mobile Safari/537.36 (compatible; PetalBot;+https://aspiegel.com/petalbot)" 
157.55.39.11 - - [12/Mar/2021:11:02:20 -0800] "GET /robots.txt HTTP/1.1" 200 377 "-" "Mozilla/5.0 (compatible; bingbot/2.0; +http://www.bing.com/bingbot.htm)" 
54.36.148.7 - - [12/Mar/2021:11:03:15 -0800] "GET /self.logs/access.log.2020-11-16.gz HTTP/1.1" 200 11618 "-" "Mozilla/5.0 (compatible; AhrefsBot/7.0; +http://ahrefs.com/robot/)" 
114.119.159.101 - - [12/Mar/2021:11:05:21 -0800] "GET /self.logs/access.log.2019-01-06.gz HTTP/1.1" 200 24742 "-" "Mozilla/5.0 (Linux; Android 7.0;) AppleWebKit/537.36 (KHTML, like Gecko) Mobile Safari/537.36 (compatible; PetalBot;+https://aspiegel.com/petalbot)" 
116.139.203.90 - - [12/Mar/2021:11:08:19 -0800] "GET /honeypot/Honeypot%20-%20Howto%20-%20BSides%20Austin.pdf HTTP/1.1" 200 2928571 "-" "Mozilla/4.0 (compatible; MSIE 6.0; Windows NT 5.1)" 
114.119.157.43 - - [12/Mar/2021:11:10:23 -0800] "GET /self.logs/error.log.2018-07-27.gz HTTP/1.1" 200 7956 "-" "Mozilla/5.0 (Linux; Android 7.0;) AppleWebKit/537.36 (KHTML, like Gecko) Mobile Safari/537.36 (compatible; PetalBot;+https://aspiegel.com/petalbot)" 
114.119.159.40 - - [12/Mar/2021:11:15:23 -0800] "GET /self.logs/access.log.2017-04-26.gz HTTP/1.1" 200 15962 "-" "Mozilla/5.0 (Linux; Android 7.0;) AppleWebKit/537.36 (KHTML, like Gecko) Mobile Safari/537.36 (compatible; PetalBot;+https://aspiegel.com/petalbot)" 
54.36.149.65 - - [12/Mar/2021:11:16:24 -0800] "GET /self.logs/access.log.2021-01-12.gz HTTP/1.1" 200 33871 "-" "Mozilla/5.0 (compatible; AhrefsBot/7.0; +http://ahrefs.com/robot/)" 
114.119.157.43 - - [12/Mar/2021:11:20:24 -0800] "GET /self.logs/access.log.2018-12-17.gz HTTP/1.1" 200 23571 "-" "Mozilla/5.0 (Linux; Android 7.0;) AppleWebKit/537.36 (KHTML, like Gecko) Mobile Safari/537.36 (compatible; PetalBot;+https://aspiegel.com/petalbot)" 
54.36.149.31 - - [12/Mar/2021:11:22:55 -0800] "GET /self.logs/2016/error.log.2016-09-04.gz HTTP/1.1" 200 1085 "-" "Mozilla/5.0 (compatible; AhrefsBot/7.0; +http://ahrefs.com/robot/)" 
157.55.39.3 - - [12/Mar/2021:11:24:05 -0800] "GET /self.logs/access.log.2018-02-07.gz HTTP/1.1" 200 29450 "-" "Mozilla/5.0 (compatible; bingbot/2.0; +http://www.bing.com/bingbot.htm)" 
114.119.150.248 - - [12/Mar/2021:11:25:25 -0800] "GET /self.logs/error.log.2017-08-07.gz HTTP/1.1" 200 950 "-" "Mozilla/5.0 (Linux; Android 7.0;) AppleWebKit/537.36 (KHTML, like Gecko) Mobile Safari/537.36 (compatible; PetalBot;+https://aspiegel.com/petalbot)" 
54.36.149.65 - - [12/Mar/2021:11:26:26 -0800] "GET /maccdc2012/files.log.gz HTTP/1.1" 200 884760 "-" "Mozilla/5.0 (compatible; AhrefsBot/7.0; +http://ahrefs.com/robot/)" 
54.36.149.65 - - [12/Mar/2021:11:30:01 -0800] "GET /self.logs/error.log.2020-01-30 HTTP/1.1" 200 307 "-" "Mozilla/5.0 (compatible; AhrefsBot/7.0; +http://ahrefs.com/robot/)" 
114.119.155.228 - - [12/Mar/2021:11:30:27 -0800] "GET /self.logs/2015/error.log.2015-12-26.gz HTTP/1.1" 200 669 "-" "Mozilla/5.0 (Linux; Android 7.0;) AppleWebKit/537.36 (KHTML, like Gecko) Mobile Safari/537.36 (compatible; PetalBot;+https://aspiegel.com/petalbot)" 
54.36.148.21 - - [12/Mar/2021:11:33:10 -0800] "GET /self.logs/access.log.2019-01-03.gz HTTP/1.1" 200 24113 "-" "Mozilla/5.0 (compatible; AhrefsBot/7.0; +http://ahrefs.com/robot/)" 
114.119.150.248 - - [12/Mar/2021:11:35:28 -0800] "GET /self.logs/error.log.2019-09-04.gz HTTP/1.1" 200 2938 "-" "Mozilla/5.0 (Linux; Android 7.0;) AppleWebKit/537.36 (KHTML, like Gecko) Mobile Safari/537.36 (compatible; PetalBot;+https://aspiegel.com/petalbot)" 
54.36.149.97 - - [12/Mar/2021:11:36:25 -0800] "GET /self.logs/access.log.2020-04-14.gz HTTP/1.1" 200 30516 "-" "Mozilla/5.0 (compatible; AhrefsBot/7.0; +http://ahrefs.com/robot/)" 
54.36.149.65 - - [12/Mar/2021:11:39:43 -0800] "GET /self.logs/2016/error.log.2016-02-02.gz HTTP/1.1" 200 750 "-" "Mozilla/5.0 (compatible; AhrefsBot/7.0; +http://ahrefs.com/robot/)" 
114.119.141.53 - - [12/Mar/2021:11:40:28 -0800] "GET /self.logs/error.log.2017-12-02.gz HTTP/1.1" 200 1902 "-" "Mozilla/5.0 (Linux; Android 7.0;) AppleWebKit/537.36 (KHTML, like Gecko) Mobile Safari/537.36 (compatible; PetalBot;+https://aspiegel.com/petalbot)" 
54.36.149.65 - - [12/Mar/2021:11:43:02 -0800] "GET /self.logs/access.log.2019-12-14.gz HTTP/1.1" 200 13695 "-" "Mozilla/5.0 (compatible; AhrefsBot/7.0; +http://ahrefs.com/robot/)" 
114.119.155.228 - - [12/Mar/2021:11:45:29 -0800] "GET /self.logs/access.log.2019-08-26.gz HTTP/1.1" 200 19825 "-" "Mozilla/5.0 (Linux; Android 7.0;) AppleWebKit/537.36 (KHTML, like Gecko) Mobile Safari/537.36 (compatible; PetalBot;+https://aspiegel.com/petalbot)" 
54.36.148.21 - - [12/Mar/2021:11:46:20 -0800] "GET /self.logs/error.log.2020-07-03 HTTP/1.1" 200 307 "-" "Mozilla/5.0 (compatible; AhrefsBot/7.0; +http://ahrefs.com/robot/)" 
54.36.149.65 - - [12/Mar/2021:11:49:55 -0800] "GET /self.logs/2016/access.log.2016-12-16.gz HTTP/1.1" 200 7829 "-" "Mozilla/5.0 (compatible; AhrefsBot/7.0; +http://ahrefs.com/robot/)" 
114.119.159.101 - - [12/Mar/2021:11:50:32 -0800] "GET /self.logs/error.log.2017-01-20.gz HTTP/1.1" 200 892 "-" "Mozilla/5.0 (Linux; Android 7.0;) AppleWebKit/537.36 (KHTML, like Gecko) Mobile Safari/537.36 (compatible; PetalBot;+https://aspiegel.com/petalbot)" 
54.36.149.23 - - [12/Mar/2021:11:53:24 -0800] "GET /self.logs/access.log.2018-05-24.gz HTTP/1.1" 200 18756 "-" "Mozilla/5.0 (compatible; AhrefsBot/7.0; +http://ahrefs.com/robot/)" 
114.119.129.244 - - [12/Mar/2021:11:55:33 -0800] "GET /self.logs/error.log.2018-01-28.gz HTTP/1.1" 200 1158 "-" "Mozilla/5.0 (Linux; Android 7.0;) AppleWebKit/537.36 (KHTML, like Gecko) Mobile Safari/537.36 (compatible; PetalBot;+https://aspiegel.com/petalbot)" 
54.36.149.78 - - [12/Mar/2021:11:56:55 -0800] "GET /self.logs/error.log.2019-05-14.gz HTTP/1.1" 200 5399 "-" "Mozilla/5.0 (compatible; AhrefsBot/7.0; +http://ahrefs.com/robot/)" 
54.36.149.65 - - [12/Mar/2021:12:00:18 -0800] "GET /self.logs/2016/error.log.2016-09-01.gz HTTP/1.1" 200 764 "-" "Mozilla/5.0 (compatible; AhrefsBot/7.0; +http://ahrefs.com/robot/)" 
114.119.159.101 - - [12/Mar/2021:12:00:34 -0800] "GET /self.logs/access.log.2020-01-17.gz HTTP/1.1" 200 14370 "-" "Mozilla/5.0 (Linux; Android 7.0;) AppleWebKit/537.36 (KHTML, like Gecko) Mobile Safari/537.36 (compatible; PetalBot;+https://aspiegel.com/petalbot)" 
54.36.149.65 - - [12/Mar/2021:12:03:34 -0800] "GET /self.logs/2016/access.log.2016-02-02.gz HTTP/1.1" 200 8014 "-" "Mozilla/5.0 (compatible; AhrefsBot/7.0; +http://ahrefs.com/robot/)" 
114.119.130.95 - - [12/Mar/2021:12:05:35 -0800] "GET /self.logs/access.log.2018-06-20.gz HTTP/1.1" 200 24279 "-" "Mozilla/5.0 (Linux; Android 7.0;) AppleWebKit/537.36 (KHTML, like Gecko) Mobile Safari/537.36 (compatible; PetalBot;+https://aspiegel.com/petalbot)" 
54.36.148.21 - - [12/Mar/2021:12:06:54 -0800] "GET /self.logs/access.log.2018-02-08.gz HTTP/1.1" 200 21825 "-" "Mozilla/5.0 (compatible; AhrefsBot/7.0; +http://ahrefs.com/robot/)" 
54.36.148.21 - - [12/Mar/2021:12:10:18 -0800] "GET /self.logs/2016/error.log.2016-01-10.gz HTTP/1.1" 200 957 "-" "Mozilla/5.0 (compatible; AhrefsBot/7.0; +http://ahrefs.com/robot/)" 
114.119.155.228 - - [12/Mar/2021:12:10:39 -0800] "GET /self.logs/error.log.2018-08-06.gz HTTP/1.1" 200 6760 "-" "Mozilla/5.0 (Linux; Android 7.0;) AppleWebKit/537.36 (KHTML, like Gecko) Mobile Safari/537.36 (compatible; PetalBot;+https://aspiegel.com/petalbot)" 
54.36.148.21 - - [12/Mar/2021:12:13:18 -0800] "GET /self.logs/access.log.2020-04-25.gz HTTP/1.1" 200 25963 "-" "Mozilla/5.0 (compatible; AhrefsBot/7.0; +http://ahrefs.com/robot/)" 
114.119.150.248 - - [12/Mar/2021:12:15:41 -0800] "GET /self.logs/access.log.2020-08-11.gz HTTP/1.1" 200 11401 "-" "Mozilla/5.0 (Linux; Android 7.0;) AppleWebKit/537.36 (KHTML, like Gecko) Mobile Safari/537.36 (compatible; PetalBot;+https://aspiegel.com/petalbot)" 
54.36.148.21 - - [12/Mar/2021:12:16:29 -0800] "GET /self.logs/2016/error.log.2016-10-22.gz HTTP/1.1" 200 664 "-" "Mozilla/5.0 (compatible; AhrefsBot/7.0; +http://ahrefs.com/robot/)" 
54.36.148.21 - - [12/Mar/2021:12:19:34 -0800] "GET /self.logs/access.log.2018-11-27.gz HTTP/1.1" 200 20177 "-" "Mozilla/5.0 (compatible; AhrefsBot/7.0; +http://ahrefs.com/robot/)" 
114.119.159.101 - - [12/Mar/2021:12:20:45 -0800] "GET /self.logs/2015/access.log.2015-03-19.gz HTTP/1.1" 200 3786 "-" "Mozilla/5.0 (Linux; Android 7.0;) AppleWebKit/537.36 (KHTML, like Gecko) Mobile Safari/537.36 (compatible; PetalBot;+https://aspiegel.com/petalbot)" 
40.77.167.40 - - [12/Mar/2021:12:20:50 -0800] "GET /self.logs/2016/error.log.2016-04-09.gz HTTP/1.1" 200 857 "-" "Mozilla/5.0 (compatible; bingbot/2.0; +http://www.bing.com/bingbot.htm)" 
73.102.91.207 - - [12/Mar/2021:12:22:28 -0800] "GET / HTTP/1.1" 301 475 "-" "Mozilla/5.0 (Windows NT 10.0; Win64; x64; rv:86.0) Gecko/20100101 Firefox/86.0" 
73.102.91.207 - - [12/Mar/2021:12:22:28 -0800] "GET / HTTP/1.1" 200 12880 "-" "Mozilla/5.0 (Windows NT 10.0; Win64; x64; rv:86.0) Gecko/20100101 Firefox/86.0" 
73.102.91.207 - - [12/Mar/2021:12:22:28 -0800] "GET /css/style.css HTTP/1.1" 404 305 "http://www.secrepo.com/" "Mozilla/5.0 (Windows NT 10.0; Win64; x64; rv:86.0) Gecko/20100101 Firefox/86.0" 
73.102.91.207 - - [12/Mar/2021:12:22:29 -0800] "GET /twitter-icon.png HTTP/1.1" 200 27893 "http://www.secrepo.com/" "Mozilla/5.0 (Windows NT 10.0; Win64; x64; rv:86.0) Gecko/20100101 Firefox/86.0" 
73.102.91.207 - - [12/Mar/2021:12:22:29 -0800] "GET /GitHub-Mark.png HTTP/1.1" 200 7556 "http://www.secrepo.com/" "Mozilla/5.0 (Windows NT 10.0; Win64; x64; rv:86.0) Gecko/20100101 Firefox/86.0" 
73.102.91.207 - - [12/Mar/2021:12:22:29 -0800] "GET /bootstrap/img/favicon.ico HTTP/1.1" 200 690 "http://www.secrepo.com/" "Mozilla/5.0 (Windows NT 10.0; Win64; x64; rv:86.0) Gecko/20100101 Firefox/86.0" 
54.36.149.65 - - [12/Mar/2021:12:22:44 -0800] "GET /self.logs/?C=S;O=A HTTP/1.1" 200 32893 "-" "Mozilla/5.0 (compatible; AhrefsBot/7.0; +http://ahrefs.com/robot/)" 
114.119.150.248 - - [12/Mar/2021:12:25:43 -0800] "GET /self.logs/access.log.2017-10-16.gz HTTP/1.1" 200 23873 "-" "Mozilla/5.0 (Linux; Android 7.0;) AppleWebKit/537.36 (KHTML, like Gecko) Mobile Safari/537.36 (compatible; PetalBot;+https://aspiegel.com/petalbot)" 
54.36.149.65 - - [12/Mar/2021:12:25:44 -0800] "GET /self.logs/error.log.2020-10-21.gz HTTP/1.1" 200 813 "-" "Mozilla/5.0 (compatible; AhrefsBot/7.0; +http://ahrefs.com/robot/)" 
54.36.148.156 - - [12/Mar/2021:12:28:47 -0800] "GET /self.logs/access.log.2020-05-18.gz HTTP/1.1" 200 15518 "-" "Mozilla/5.0 (compatible; AhrefsBot/7.0; +http://ahrefs.com/robot/)" 
34.212.122.240 - - [12/Mar/2021:12:31:20 -0800] "GET / HTTP/1.1" 301 419 "-" "Go-http-client/1.1" 
34.212.122.240 - - [12/Mar/2021:12:31:20 -0800] "GET / HTTP/1.1" 200 12837 "http://secrepo.com" "Go-http-client/1.1" 
114.119.159.101 - - [12/Mar/2021:12:31:32 -0800] "GET /self.logs/access.log.2018-02-17.gz HTTP/1.1" 200 15215 "-" "Mozilla/5.0 (Linux; Android 7.0;) AppleWebKit/537.36 (KHTML, like Gecko) Mobile Safari/537.36 (compatible; PetalBot;+https://aspiegel.com/petalbot)" 
54.36.149.65 - - [12/Mar/2021:12:31:44 -0800] "GET /self.logs/access.log.2017-01-25.gz HTTP/1.1" 200 19135 "-" "Mozilla/5.0 (compatible; AhrefsBot/7.0; +http://ahrefs.com/robot/)" 
54.36.149.65 - - [12/Mar/2021:12:34:37 -0800] "GET /self.logs/error.log.2017-05-22.gz HTTP/1.1" 200 952 "-" "Mozilla/5.0 (compatible; AhrefsBot/7.0; +http://ahrefs.com/robot/)" 
114.119.159.40 - - [12/Mar/2021:12:35:47 -0800] "GET /self.logs/error.log.2017-05-27.gz HTTP/1.1" 200 711 "-" "Mozilla/5.0 (Linux; Android 7.0;) AppleWebKit/537.36 (KHTML, like Gecko) Mobile Safari/537.36 (compatible; PetalBot;+https://aspiegel.com/petalbot)" 
54.36.149.65 - - [12/Mar/2021:12:37:33 -0800] "GET /self.logs/access.log.2019-02-10.gz HTTP/1.1" 200 17584 "-" "Mozilla/5.0 (compatible; AhrefsBot/7.0; +http://ahrefs.com/robot/)" 
54.36.148.21 - - [12/Mar/2021:12:40:29 -0800] "GET /self.logs/error.log.2017-10-17.gz HTTP/1.1" 200 4081 "-" "Mozilla/5.0 (compatible; AhrefsBot/7.0; +http://ahrefs.com/robot/)" 
40.77.167.6 - - [12/Mar/2021:12:41:40 -0800] "GET /self.logs/access.log.2017-01-10.gz HTTP/1.1" 304 281 "-" "Mozilla/5.0 (compatible; bingbot/2.0; +http://www.bing.com/bingbot.htm)" 
157.55.39.65 - - [12/Mar/2021:12:41:58 -0800] "GET /self.logs/access.log.2017-12-06.gz HTTP/1.1" 200 32880 "-" "Mozilla/5.0 (compatible; bingbot/2.0; +http://www.bing.com/bingbot.htm)" 
54.36.149.65 - - [12/Mar/2021:12:43:38 -0800] "GET /self.logs/access.log.2017-06-08.gz HTTP/1.1" 200 19765 "-" "Mozilla/5.0 (compatible; AhrefsBot/7.0; +http://ahrefs.com/robot/)" 
114.119.141.53 - - [12/Mar/2021:12:45:49 -0800] "GET /self.logs/2015/error.log.2015-05-25.gz HTTP/1.1" 200 834 "-" "Mozilla/5.0 (Linux; Android 7.0;) AppleWebKit/537.36 (KHTML, like Gecko) Mobile Safari/537.36 (compatible; PetalBot;+https://aspiegel.com/petalbot)" 
54.36.148.21 - - [12/Mar/2021:12:46:34 -0800] "GET /self.logs/access.log.2017-07-08.gz HTTP/1.1" 200 12999 "-" "Mozilla/5.0 (compatible; AhrefsBot/7.0; +http://ahrefs.com/robot/)" 
54.36.148.21 - - [12/Mar/2021:12:49:28 -0800] "GET /self.logs/error.log.2020-06-27 HTTP/1.1" 200 307 "-" "Mozilla/5.0 (compatible; AhrefsBot/7.0; +http://ahrefs.com/robot/)" 
114.119.157.43 - - [12/Mar/2021:12:50:53 -0800] "GET /self.logs/access.log.2019-10-04.gz HTTP/1.1" 200 56053 "-" "Mozilla/5.0 (Linux; Android 7.0;) AppleWebKit/537.36 (KHTML, like Gecko) Mobile Safari/537.36 (compatible; PetalBot;+https://aspiegel.com/petalbot)" 
54.36.148.21 - - [12/Mar/2021:12:52:29 -0800] "GET /self.logs/error.log.2017-10-18.gz HTTP/1.1" 200 2797 "-" "Mozilla/5.0 (compatible; AhrefsBot/7.0; +http://ahrefs.com/robot/)" 
54.36.149.29 - - [12/Mar/2021:12:55:25 -0800] "GET /self.logs/error.log.2020-05-05 HTTP/1.1" 200 307 "-" "Mozilla/5.0 (compatible; AhrefsBot/7.0; +http://ahrefs.com/robot/)" 
114.119.150.248 - - [12/Mar/2021:12:55:53 -0800] "GET /self.logs/2015/error.log.2015-05-05.gz HTTP/1.1" 200 749 "-" "Mozilla/5.0 (Linux; Android 7.0;) AppleWebKit/537.36 (KHTML, like Gecko) Mobile Safari/537.36 (compatible; PetalBot;+https://aspiegel.com/petalbot)" 
54.36.149.65 - - [12/Mar/2021:12:58:37 -0800] "GET /self.logs/error.log.2020-03-23 HTTP/1.1" 200 307 "-" "Mozilla/5.0 (compatible; AhrefsBot/7.0; +http://ahrefs.com/robot/)" 
114.119.140.84 - - [12/Mar/2021:13:00:58 -0800] "GET /self.logs/2015/access.log.2015-10-02.gz HTTP/1.1" 200 3868 "-" "Mozilla/5.0 (Linux; Android 7.0;) AppleWebKit/537.36 (KHTML, like Gecko) Mobile Safari/537.36 (compatible; PetalBot;+https://aspiegel.com/petalbot)" 
54.36.149.76 - - [12/Mar/2021:13:01:43 -0800] "GET /self.logs/error.log.2019-03-22.gz HTTP/1.1" 200 5272 "-" "Mozilla/5.0 (compatible; AhrefsBot/7.0; +http://ahrefs.com/robot/)" 
54.36.149.0 - - [12/Mar/2021:13:04:40 -0800] "GET /self.logs/access.log.2021-01-29.gz HTTP/1.1" 200 17642 "-" "Mozilla/5.0 (compatible; AhrefsBot/7.0; +http://ahrefs.com/robot/)" 
114.119.159.40 - - [12/Mar/2021:13:06:00 -0800] "GET /self.logs/access.log.2017-11-14.gz HTTP/1.1" 200 23001 "-" "Mozilla/5.0 (Linux; Android 7.0;) AppleWebKit/537.36 (KHTML, like Gecko) Mobile Safari/537.36 (compatible; PetalBot;+https://aspiegel.com/petalbot)" 
54.36.148.21 - - [12/Mar/2021:13:07:30 -0800] "GET /self.logs/error.log.2019-12-28.gz HTTP/1.1" 200 828 "-" "Mozilla/5.0 (compatible; AhrefsBot/7.0; +http://ahrefs.com/robot/)" 
103.131.71.203 - - [12/Mar/2021:13:08:33 -0800] "GET /robots.txt HTTP/1.1" 301 458 "-" "Mozilla/5.0 (compatible; coccocbot-image/1.0; +http://help.coccoc.com/searchengine)" 
103.131.71.203 - - [12/Mar/2021:13:08:35 -0800] "GET /robots.txt HTTP/1.1" 200 340 "-" "Mozilla/5.0 (compatible; coccocbot-image/1.0; +http://help.coccoc.com/searchengine)" 
114.119.159.101 - - [12/Mar/2021:13:10:58 -0800] "GET /self.logs/error.log.2017-08-19.gz HTTP/1.1" 200 899 "-" "Mozilla/5.0 (Linux; Android 7.0;) AppleWebKit/537.36 (KHTML, like Gecko) Mobile Safari/537.36 (compatible; PetalBot;+https://aspiegel.com/petalbot)" 
85.208.98.25 - - [12/Mar/2021:13:13:25 -0800] "GET /robots.txt HTTP/1.1" 200 333 "-" "Mozilla/5.0 (compatible; SemrushBot; +http://www.semrush.com/bot.html)" 
54.36.149.65 - - [12/Mar/2021:13:13:47 -0800] "GET /self.logs/access.log.2018-02-09.gz HTTP/1.1" 200 20970 "-" "Mozilla/5.0 (compatible; AhrefsBot/7.0; +http://ahrefs.com/robot/)" 
114.119.155.228 - - [12/Mar/2021:13:15:59 -0800] "GET /self.logs/error.log.2017-12-12.gz HTTP/1.1" 200 1866 "-" "Mozilla/5.0 (Linux; Android 7.0;) AppleWebKit/537.36 (KHTML, like Gecko) Mobile Safari/537.36 (compatible; PetalBot;+https://aspiegel.com/petalbot)" 
54.36.149.65 - - [12/Mar/2021:13:20:00 -0800] "GET /self.logs/access.log.2020-07-25.gz HTTP/1.1" 200 18566 "-" "Mozilla/5.0 (compatible; AhrefsBot/7.0; +http://ahrefs.com/robot/)" 
114.119.150.248 - - [12/Mar/2021:13:21:00 -0800] "GET /self.logs/access.log.2020-01-23.gz HTTP/1.1" 200 14792 "-" "Mozilla/5.0 (Linux; Android 7.0;) AppleWebKit/537.36 (KHTML, like Gecko) Mobile Safari/537.36 (compatible; PetalBot;+https://aspiegel.com/petalbot)" 
54.36.148.104 - - [12/Mar/2021:13:26:02 -0800] "GET /self.logs/access.log.2020-05-25.gz HTTP/1.1" 200 12186 "-" "Mozilla/5.0 (compatible; AhrefsBot/7.0; +http://ahrefs.com/robot/)" 
114.119.129.244 - - [12/Mar/2021:13:26:02 -0800] "GET /self.logs/error.log.2017-01-08.gz HTTP/1.1" 200 1170 "-" "Mozilla/5.0 (Linux; Android 7.0;) AppleWebKit/537.36 (KHTML, like Gecko) Mobile Safari/537.36 (compatible; PetalBot;+https://aspiegel.com/petalbot)" 
54.226.233.98 - - [12/Mar/2021:13:30:31 -0800] "GET / HTTP/1.1" 200 12838 "-" "Mozilla/5.0 (compatible; startmebot/1.0; +https://start.me/bot)" 
114.119.144.30 - - [12/Mar/2021:13:31:04 -0800] "GET /self.logs/access.log.2018-02-01.gz HTTP/1.1" 200 30882 "-" "Mozilla/5.0 (Linux; Android 7.0;) AppleWebKit/537.36 (KHTML, like Gecko) Mobile Safari/537.36 (compatible; PetalBot;+https://aspiegel.com/petalbot)" 
54.36.148.21 - - [12/Mar/2021:13:31:54 -0800] "GET /self.logs/access.log.2020-04-29.gz HTTP/1.1" 200 26196 "-" "Mozilla/5.0 (compatible; AhrefsBot/7.0; +http://ahrefs.com/robot/)" 
114.119.157.43 - - [12/Mar/2021:13:36:06 -0800] "GET /self.logs/2015/access.log.2015-09-10.gz HTTP/1.1" 200 6165 "-" "Mozilla/5.0 (Linux; Android 7.0;) AppleWebKit/537.36 (KHTML, like Gecko) Mobile Safari/537.36 (compatible; PetalBot;+https://aspiegel.com/petalbot)" 
54.36.148.21 - - [12/Mar/2021:13:37:55 -0800] "GET /self.logs/error.log.2017-03-05.gz HTTP/1.1" 200 839 "-" "Mozilla/5.0 (compatible; AhrefsBot/7.0; +http://ahrefs.com/robot/)" 
157.55.39.144 - - [12/Mar/2021:13:39:02 -0800] "GET /self.logs/access.log.2017-03-22.gz HTTP/1.1" 301 543 "-" "Mozilla/5.0 (compatible; bingbot/2.0; +http://www.bing.com/bingbot.htm)" 
157.55.39.3 - - [12/Mar/2021:13:39:42 -0800] "GET /self.logs/error.log.2021-02-03.gz HTTP/1.1" 304 279 "-" "Mozilla/5.0 (compatible; bingbot/2.0; +http://www.bing.com/bingbot.htm)" 
114.119.155.228 - - [12/Mar/2021:13:41:05 -0800] "GET /self.logs/error.log.2019-04-21.gz HTTP/1.1" 200 5185 "-" "Mozilla/5.0 (Linux; Android 7.0;) AppleWebKit/537.36 (KHTML, like Gecko) Mobile Safari/537.36 (compatible; PetalBot;+https://aspiegel.com/petalbot)" 
54.36.149.65 - - [12/Mar/2021:13:44:15 -0800] "GET /self.logs/?C=M;O=A HTTP/1.1" 200 29216 "-" "Mozilla/5.0 (compatible; AhrefsBot/7.0; +http://ahrefs.com/robot/)" 
114.119.140.84 - - [12/Mar/2021:13:46:07 -0800] "GET /self.logs/access.log.2018-07-13.gz HTTP/1.1" 200 17624 "-" "Mozilla/5.0 (Linux; Android 7.0;) AppleWebKit/537.36 (KHTML, like Gecko) Mobile Safari/537.36 (compatible; PetalBot;+https://aspiegel.com/petalbot)" 
54.36.148.21 - - [12/Mar/2021:13:50:51 -0800] "GET /self.logs/?C=D;O=A HTTP/1.1" 200 28122 "-" "Mozilla/5.0 (compatible; AhrefsBot/7.0; +http://ahrefs.com/robot/)" 
114.119.155.228 - - [12/Mar/2021:13:51:08 -0800] "GET /self.logs/error.log.2019-11-28.gz HTTP/1.1" 200 1717 "-" "Mozilla/5.0 (Linux; Android 7.0;) AppleWebKit/537.36 (KHTML, like Gecko) Mobile Safari/537.36 (compatible; PetalBot;+https://aspiegel.com/petalbot)" 
199.16.157.181 - - [12/Mar/2021:13:51:31 -0800] "GET /robots.txt HTTP/1.1" 301 439 "-" "Twitterbot/1.0" 
199.16.157.181 - - [12/Mar/2021:13:51:31 -0800] "GET /robots.txt HTTP/1.1" 200 333 "-" "Twitterbot/1.0" 
199.16.157.181 - - [12/Mar/2021:13:51:32 -0800] "GET / HTTP/1.1" 301 419 "-" "Twitterbot/1.0" 
199.16.157.181 - - [12/Mar/2021:13:51:32 -0800] "GET /robots.txt HTTP/1.1" 200 299 "-" "Twitterbot/1.0" 
199.16.157.181 - - [12/Mar/2021:13:51:32 -0800] "GET / HTTP/1.1" 200 12803 "-" "Twitterbot/1.0" 
161.97.108.113 - - [12/Mar/2021:13:52:16 -0800] "GET / HTTP/1.1" 301 475 "http://secrepo.com" "Mozilla/5.0 (Windows NT 10.0; Win64; x64) AppleWebKit/537.36 (KHTML, like Gecko) Chrome/80.0.3987.132 Safari/537.36" 
161.97.108.113 - - [12/Mar/2021:13:52:16 -0800] "GET / HTTP/1.1" 200 12881 "http://secrepo.com" "Mozilla/5.0 (Windows NT 10.0; Win64; x64) AppleWebKit/537.36 (KHTML, like Gecko) Chrome/80.0.3987.132 Safari/537.36" 
114.119.130.95 - - [12/Mar/2021:13:56:11 -0800] "GET /self.logs/access.log.2019-08-27.gz HTTP/1.1" 200 17004 "-" "Mozilla/5.0 (Linux; Android 7.0;) AppleWebKit/537.36 (KHTML, like Gecko) Mobile Safari/537.36 (compatible; PetalBot;+https://aspiegel.com/petalbot)" 
66.249.66.85 - - [12/Mar/2021:14:00:13 -0800] "GET / HTTP/1.1" 200 12882 "-" "Mozilla/5.0 (compatible; Googlebot/2.1; +http://www.google.com/bot.html)" 
114.119.159.101 - - [12/Mar/2021:14:01:13 -0800] "GET /self.logs/error.log.2019-07-09.gz HTTP/1.1" 200 1905 "-" "Mozilla/5.0 (Linux; Android 7.0;) AppleWebKit/537.36 (KHTML, like Gecko) Mobile Safari/537.36 (compatible; PetalBot;+https://aspiegel.com/petalbot)" 
114.119.150.248 - - [12/Mar/2021:14:06:48 -0800] "GET /self.logs/error.log.2020-02-15.gz HTTP/1.1" 200 875 "-" "Mozilla/5.0 (Linux; Android 7.0;) AppleWebKit/537.36 (KHTML, like Gecko) Mobile Safari/537.36 (compatible; PetalBot;+https://aspiegel.com/petalbot)" 
65.21.61.192 - - [12/Mar/2021:14:07:14 -0800] "GET /maccdc2012/ssh.log.gz HTTP/1.1" 200 55480 "-" "Mozilla/5.0 (Macintosh; Intel Mac OS X 10_15_7) AppleWebKit/537.36 (KHTML, like Gecko) Chrome/86.0.4240.111 Safari/537.36" 
65.21.61.192 - - [12/Mar/2021:14:07:15 -0800] "GET /self.logs/error.log.2017-01-22.gz HTTP/1.1" 200 813 "-" "Mozilla/5.0 (Macintosh; Intel Mac OS X 10_15_7) AppleWebKit/537.36 (KHTML, like Gecko) Chrome/86.0.4240.111 Safari/537.36" 
65.21.61.192 - - [12/Mar/2021:14:07:15 -0800] "GET /self.logs/error.log.2018-10-11.gz HTTP/1.1" 200 7082 "-" "Mozilla/5.0 (Macintosh; Intel Mac OS X 10_15_7) AppleWebKit/537.36 (KHTML, like Gecko) Chrome/86.0.4240.111 Safari/537.36" 
65.21.61.192 - - [12/Mar/2021:14:07:15 -0800] "GET /self.logs/access.log.2019-10-17.gz HTTP/1.1" 200 19408 "-" "Mozilla/5.0 (Macintosh; Intel Mac OS X 10_15_7) AppleWebKit/537.36 (KHTML, like Gecko) Chrome/86.0.4240.111 Safari/537.36" 
65.21.61.192 - - [12/Mar/2021:14:07:15 -0800] "GET /self.logs/access.log.2017-05-24.gz HTTP/1.1" 200 56525 "-" "Mozilla/5.0 (Macintosh; Intel Mac OS X 10_15_7) AppleWebKit/537.36 (KHTML, like Gecko) Chrome/86.0.4240.111 Safari/537.36" 
65.21.61.192 - - [12/Mar/2021:14:07:15 -0800] "GET /self.logs/error.log.2017-12-30.gz HTTP/1.1" 200 2112 "-" "Mozilla/5.0 (Macintosh; Intel Mac OS X 10_15_7) AppleWebKit/537.36 (KHTML, like Gecko) Chrome/86.0.4240.111 Safari/537.36" 
65.21.61.192 - - [12/Mar/2021:14:07:16 -0800] "GET /self.logs/access.log.2020-02-04.gz HTTP/1.1" 200 13008 "-" "Mozilla/5.0 (Macintosh; Intel Mac OS X 10_15_7) AppleWebKit/537.36 (KHTML, like Gecko) Chrome/86.0.4240.111 Safari/537.36" 
65.21.61.192 - - [12/Mar/2021:14:07:16 -0800] "GET /self.logs/error.log.2020-09-16 HTTP/1.1" 200 768 "-" "Mozilla/5.0 (Macintosh; Intel Mac OS X 10_15_7) AppleWebKit/537.36 (KHTML, like Gecko) Chrome/86.0.4240.111 Safari/537.36" 
65.21.61.192 - - [12/Mar/2021:14:07:16 -0800] "GET /self.logs/error.log.2019-12-08 HTTP/1.1" 200 351 "-" "Mozilla/5.0 (Macintosh; Intel Mac OS X 10_15_7) AppleWebKit/537.36 (KHTML, like Gecko) Chrome/86.0.4240.111 Safari/537.36" 
65.21.61.192 - - [12/Mar/2021:14:07:16 -0800] "GET /self.logs/access.log.2017-10-23.gz HTTP/1.1" 200 23796 "-" "Mozilla/5.0 (Macintosh; Intel Mac OS X 10_15_7) AppleWebKit/537.36 (KHTML, like Gecko) Chrome/86.0.4240.111 Safari/537.36" 
65.21.61.192 - - [12/Mar/2021:14:07:17 -0800] "GET /self.logs/access.log.2017-10-09.gz HTTP/1.1" 200 31541 "-" "Mozilla/5.0 (Macintosh; Intel Mac OS X 10_15_7) AppleWebKit/537.36 (KHTML, like Gecko) Chrome/86.0.4240.111 Safari/537.36" 
65.21.61.192 - - [12/Mar/2021:14:07:17 -0800] "GET /self.logs/error.log.2017-10-11.gz HTTP/1.1" 200 2317 "-" "Mozilla/5.0 (Macintosh; Intel Mac OS X 10_15_7) AppleWebKit/537.36 (KHTML, like Gecko) Chrome/86.0.4240.111 Safari/537.36" 
65.21.61.192 - - [12/Mar/2021:14:07:17 -0800] "GET /self.logs/error.log.2018-08-01.gz HTTP/1.1" 200 5797 "-" "Mozilla/5.0 (Macintosh; Intel Mac OS X 10_15_7) AppleWebKit/537.36 (KHTML, like Gecko) Chrome/86.0.4240.111 Safari/537.36" 
65.21.61.192 - - [12/Mar/2021:14:07:17 -0800] "GET /self.logs/error.log.2019-08-17.gz HTTP/1.1" 200 1473 "-" "Mozilla/5.0 (Macintosh; Intel Mac OS X 10_15_7) AppleWebKit/537.36 (KHTML, like Gecko) Chrome/86.0.4240.111 Safari/537.36" 
65.21.61.192 - - [12/Mar/2021:14:07:18 -0800] "GET /self.logs/error.log.2019-04-30.gz HTTP/1.1" 200 5170 "-" "Mozilla/5.0 (Macintosh; Intel Mac OS X 10_15_7) AppleWebKit/537.36 (KHTML, like Gecko) Chrome/86.0.4240.111 Safari/537.36" 
65.21.61.192 - - [12/Mar/2021:14:07:18 -0800] "GET /self.logs/error.log.2019-10-08.gz HTTP/1.1" 200 1290 "-" "Mozilla/5.0 (Macintosh; Intel Mac OS X 10_15_7) AppleWebKit/537.36 (KHTML, like Gecko) Chrome/86.0.4240.111 Safari/537.36" 
65.21.61.192 - - [12/Mar/2021:14:07:18 -0800] "GET /maccdc2012/conn.log.gz HTTP/1.1" 200 58400 "-" "Mozilla/5.0 (Macintosh; Intel Mac OS X 10_15_7) AppleWebKit/537.36 (KHTML, like Gecko) Chrome/86.0.4240.111 Safari/537.36" 
65.21.61.192 - - [12/Mar/2021:14:07:18 -0800] "GET /self.logs/access.log.2017-04-11.gz HTTP/1.1" 200 32546 "-" "Mozilla/5.0 (Macintosh; Intel Mac OS X 10_15_7) AppleWebKit/537.36 (KHTML, like Gecko) Chrome/86.0.4240.111 Safari/537.36" 
65.21.61.192 - - [12/Mar/2021:14:07:19 -0800] "GET /self.logs/error.log.2018-11-16.gz HTTP/1.1" 200 4454 "-" "Mozilla/5.0 (Macintosh; Intel Mac OS X 10_15_7) AppleWebKit/537.36 (KHTML, like Gecko) Chrome/86.0.4240.111 Safari/537.36" 
65.21.61.192 - - [12/Mar/2021:14:07:19 -0800] "GET /self.logs/error.log.2017-02-21.gz HTTP/1.1" 200 999 "-" "Mozilla/5.0 (Macintosh; Intel Mac OS X 10_15_7) AppleWebKit/537.36 (KHTML, like Gecko) Chrome/86.0.4240.111 Safari/537.36" 
54.36.148.210 - - [12/Mar/2021:14:10:36 -0800] "GET /self.logs/access.log.2017-04-04.gz HTTP/1.1" 200 40229 "-" "Mozilla/5.0 (compatible; AhrefsBot/7.0; +http://ahrefs.com/robot/)" 
114.119.159.40 - - [12/Mar/2021:14:11:14 -0800] "GET /self.logs/error.log.2018-03-10.gz HTTP/1.1" 200 6540 "-" "Mozilla/5.0 (Linux; Android 7.0;) AppleWebKit/537.36 (KHTML, like Gecko) Mobile Safari/537.36 (compatible; PetalBot;+https://aspiegel.com/petalbot)" 
114.119.155.228 - - [12/Mar/2021:14:16:15 -0800] "GET /self.logs/2015/access.log.2015-06-07.gz HTTP/1.1" 200 3510 "-" "Mozilla/5.0 (Linux; Android 7.0;) AppleWebKit/537.36 (KHTML, like Gecko) Mobile Safari/537.36 (compatible; PetalBot;+https://aspiegel.com/petalbot)" 
54.36.148.21 - - [12/Mar/2021:14:16:41 -0800] "GET /self.logs/2016/error.log.2016-06-08.gz HTTP/1.1" 200 1022 "-" "Mozilla/5.0 (compatible; AhrefsBot/7.0; +http://ahrefs.com/robot/)" 
62.210.143.6 - - [12/Mar/2021:14:18:06 -0800] "GET /robots.txt HTTP/1.1" 200 377 "-" "Mozilla/5.0 (compatible; Barkrowler/0.9; +https://babbar.tech/crawler)" 
62.210.143.6 - - [12/Mar/2021:14:18:35 -0800] "GET /Datasets%20Description/Network/dns.html HTTP/1.1" 200 1543 "-" "Mozilla/5.0 (compatible; Barkrowler/0.9; +https://babbar.tech/crawler)" 
62.210.143.6 - - [12/Mar/2021:14:19:04 -0800] "GET /Datasets%20Description/Network/http.html HTTP/1.1" 200 1709 "-" "Mozilla/5.0 (compatible; Barkrowler/0.9; +https://babbar.tech/crawler)" 
62.210.143.6 - - [12/Mar/2021:14:19:35 -0800] "GET /Datasets%20Description/Network/notice.html HTTP/1.1" 200 1650 "-" "Mozilla/5.0 (compatible; Barkrowler/0.9; +https://babbar.tech/crawler)" 
54.36.149.65 - - [12/Mar/2021:14:19:40 -0800] "GET /self.logs/error.log.2020-09-11.gz HTTP/1.1" 200 911 "-" "Mozilla/5.0 (compatible; AhrefsBot/7.0; +http://ahrefs.com/robot/)" 
62.210.143.6 - - [12/Mar/2021:14:20:03 -0800] "GET /Datasets%20Description/Network/weird.html HTTP/1.1" 200 1645 "-" "Mozilla/5.0 (compatible; Barkrowler/0.9; +https://babbar.tech/crawler)" 
62.210.143.6 - - [12/Mar/2021:14:20:55 -0800] "GET /Datasets%20Description/Network/N/A HTTP/1.1" 404 328 "-" "Mozilla/5.0 (compatible; Barkrowler/0.9; +https://babbar.tech/crawler)" 
114.119.130.95 - - [12/Mar/2021:14:21:16 -0800] "GET /self.logs/2015/access.log.2015-08-23.gz HTTP/1.1" 200 5012 "-" "Mozilla/5.0 (Linux; Android 7.0;) AppleWebKit/537.36 (KHTML, like Gecko) Mobile Safari/537.36 (compatible; PetalBot;+https://aspiegel.com/petalbot)" 
62.210.143.6 - - [12/Mar/2021:14:22:04 -0800] "GET /self.logs/2015/?C=D;O=D HTTP/1.1" 200 7767 "-" "Mozilla/5.0 (compatible; Barkrowler/0.9; +https://babbar.tech/crawler)" 
54.36.149.65 - - [12/Mar/2021:14:22:41 -0800] "GET /self.logs/2016/error.log.2016-04-08.gz HTTP/1.1" 200 748 "-" "Mozilla/5.0 (compatible; AhrefsBot/7.0; +http://ahrefs.com/robot/)" 
62.210.143.6 - - [12/Mar/2021:14:22:42 -0800] "GET /self.logs/2016/?C=D;O=D HTTP/1.1" 200 8072 "-" "Mozilla/5.0 (compatible; Barkrowler/0.9; +https://babbar.tech/crawler)" 
62.210.143.6 - - [12/Mar/2021:14:23:14 -0800] "GET /Datasets%20Description/Network/ssh.html HTTP/1.1" 200 1368 "-" "Mozilla/5.0 (compatible; Barkrowler/0.9; +https://babbar.tech/crawler)" 
40.77.167.6 - - [12/Mar/2021:14:23:28 -0800] "GET /maccdc2012/smtp.log.gz HTTP/1.1" 200 6956 "-" "Mozilla/5.0 (compatible; bingbot/2.0; +http://www.bing.com/bingbot.htm)" 
62.210.143.6 - - [12/Mar/2021:14:23:42 -0800] "GET /Datasets%20Description/Network/ssl.html HTTP/1.1" 200 1585 "-" "Mozilla/5.0 (compatible; Barkrowler/0.9; +https://babbar.tech/crawler)" 
62.210.143.6 - - [12/Mar/2021:14:24:10 -0800] "GET /Datasets%20Description/Network/signatures.html HTTP/1.1" 404 328 "-" "Mozilla/5.0 (compatible; Barkrowler/0.9; +https://babbar.tech/crawler)" 
62.210.143.6 - - [12/Mar/2021:14:24:44 -0800] "GET /Datasets%20Description/Network/?C=N;O=D HTTP/1.1" 200 765 "-" "Mozilla/5.0 (compatible; Barkrowler/0.9; +https://babbar.tech/crawler)" 
62.210.143.6 - - [12/Mar/2021:14:25:13 -0800] "GET /Datasets%20Description/Network/?C=N;O=A HTTP/1.1" 200 769 "-" "Mozilla/5.0 (compatible; Barkrowler/0.9; +https://babbar.tech/crawler)" 
62.210.143.6 - - [12/Mar/2021:14:25:41 -0800] "GET /Datasets%20Description/Network/?C=D;O=D HTTP/1.1" 200 765 "-" "Mozilla/5.0 (compatible; Barkrowler/0.9; +https://babbar.tech/crawler)" 
54.36.149.65 - - [12/Mar/2021:14:25:47 -0800] "GET /self.logs/access.log.2017-08-09.gz HTTP/1.1" 200 26624 "-" "Mozilla/5.0 (compatible; AhrefsBot/7.0; +http://ahrefs.com/robot/)" 
114.119.155.228 - - [12/Mar/2021:14:26:16 -0800] "GET /self.logs/access.log.2020-08-01.gz HTTP/1.1" 200 11294 "-" "Mozilla/5.0 (Linux; Android 7.0;) AppleWebKit/537.36 (KHTML, like Gecko) Mobile Safari/537.36 (compatible; PetalBot;+https://aspiegel.com/petalbot)" 
62.210.143.6 - - [12/Mar/2021:14:26:23 -0800] "GET /Datasets%20Description/Network/?C=D;O=A HTTP/1.1" 200 769 "-" "Mozilla/5.0 (compatible; Barkrowler/0.9; +https://babbar.tech/crawler)" 
62.210.143.6 - - [12/Mar/2021:14:26:51 -0800] "GET /Datasets%20Description/Network/?C=M;O=D HTTP/1.1" 200 765 "-" "Mozilla/5.0 (compatible; Barkrowler/0.9; +https://babbar.tech/crawler)" 
62.210.143.6 - - [12/Mar/2021:14:27:19 -0800] "GET /Datasets%20Description/Network/?C=M;O=A HTTP/1.1" 200 769 "-" "Mozilla/5.0 (compatible; Barkrowler/0.9; +https://babbar.tech/crawler)" 
62.210.143.6 - - [12/Mar/2021:14:27:50 -0800] "GET /Datasets%20Description/Network/?C=S;O=D HTTP/1.1" 200 766 "-" "Mozilla/5.0 (compatible; Barkrowler/0.9; +https://babbar.tech/crawler)" 
62.210.143.6 - - [12/Mar/2021:14:28:18 -0800] "GET /Datasets%20Description/Network/?C=S;O=A HTTP/1.1" 200 766 "-" "Mozilla/5.0 (compatible; Barkrowler/0.9; +https://babbar.tech/crawler)" 
54.36.148.21 - - [12/Mar/2021:14:28:43 -0800] "GET /self.logs/error.log.2017-01-08.gz HTTP/1.1" 200 1126 "-" "Mozilla/5.0 (compatible; AhrefsBot/7.0; +http://ahrefs.com/robot/)" 
62.210.143.6 - - [12/Mar/2021:14:28:54 -0800] "GET /self.logs/access.log.2019-07-15 HTTP/1.1" 200 372562 "-" "Mozilla/5.0 (compatible; Barkrowler/0.9; +https://babbar.tech/crawler)" 
62.210.143.6 - - [12/Mar/2021:14:29:24 -0800] "GET /tg/tg_snort_full.7z HTTP/1.1" 200 7662080 "-" "Mozilla/5.0 (compatible; Barkrowler/0.9; +https://babbar.tech/crawler)" 
62.210.143.6 - - [12/Mar/2021:14:30:04 -0800] "GET /Datasets%20Description/HTML_Bro_log_1/?C=D;O=D HTTP/1.1" 200 833 "-" "Mozilla/5.0 (compatible; Barkrowler/0.9; +https://babbar.tech/crawler)" 
114.119.159.101 - - [12/Mar/2021:14:31:18 -0800] "GET /self.logs/error.log.2017-01-03.gz HTTP/1.1" 200 4516 "-" "Mozilla/5.0 (Linux; Android 7.0;) AppleWebKit/537.36 (KHTML, like Gecko) Mobile Safari/537.36 (compatible; PetalBot;+https://aspiegel.com/petalbot)" 
54.36.149.65 - - [12/Mar/2021:14:31:29 -0800] "GET /self.logs/2016/error.log.2016-10-28.gz HTTP/1.1" 200 675 "-" "Mozilla/5.0 (compatible; AhrefsBot/7.0; +http://ahrefs.com/robot/)" 
54.36.148.17 - - [12/Mar/2021:14:34:14 -0800] "GET /self.logs/2016/error.log.2016-09-05.gz HTTP/1.1" 200 800 "-" "Mozilla/5.0 (compatible; AhrefsBot/7.0; +http://ahrefs.com/robot/)" 
171.224.23.32 - - [12/Mar/2021:14:35:58 -0800] "GET / HTTP/1.1" 200 12882 "-" "Mozilla/5.0 (Windows NT 10.0; Win64; x64) AppleWebKit/537.36 (KHTML, like Gecko) Chrome/89.0.4389.82 Safari/537.36" 
171.224.23.32 - - [12/Mar/2021:14:35:58 -0800] "GET /css/style.css HTTP/1.1" 404 305 "http://www.secrepo.com/" "Mozilla/5.0 (Windows NT 10.0; Win64; x64) AppleWebKit/537.36 (KHTML, like Gecko) Chrome/89.0.4389.82 Safari/537.36" 
171.224.23.32 - - [12/Mar/2021:14:35:58 -0800] "GET /twitter-icon.png HTTP/1.1" 200 27916 "http://www.secrepo.com/" "Mozilla/5.0 (Windows NT 10.0; Win64; x64) AppleWebKit/537.36 (KHTML, like Gecko) Chrome/89.0.4389.82 Safari/537.36" 
171.224.23.32 - - [12/Mar/2021:14:35:58 -0800] "GET /GitHub-Mark.png HTTP/1.1" 200 7533 "http://www.secrepo.com/" "Mozilla/5.0 (Windows NT 10.0; Win64; x64) AppleWebKit/537.36 (KHTML, like Gecko) Chrome/89.0.4389.82 Safari/537.36" 
171.224.23.32 - - [12/Mar/2021:14:35:59 -0800] "GET /bootstrap/img/favicon.ico HTTP/1.1" 200 690 "http://www.secrepo.com/" "Mozilla/5.0 (Windows NT 10.0; Win64; x64) AppleWebKit/537.36 (KHTML, like Gecko) Chrome/89.0.4389.82 Safari/537.36" 
114.119.129.244 - - [12/Mar/2021:14:36:19 -0800] "GET /self.logs/access.log.2020-12-17.gz HTTP/1.1" 200 16804 "-" "Mozilla/5.0 (Linux; Android 7.0;) AppleWebKit/537.36 (KHTML, like Gecko) Mobile Safari/537.36 (compatible; PetalBot;+https://aspiegel.com/petalbot)" 
54.36.149.102 - - [12/Mar/2021:14:37:13 -0800] "GET /self.logs/2016/error.log.2016-02-20.gz HTTP/1.1" 200 584 "-" "Mozilla/5.0 (compatible; AhrefsBot/7.0; +http://ahrefs.com/robot/)" 
54.36.148.21 - - [12/Mar/2021:14:40:15 -0800] "GET /self.logs/2016/error.log.2016-04-29.gz HTTP/1.1" 200 750 "-" "Mozilla/5.0 (compatible; AhrefsBot/7.0; +http://ahrefs.com/robot/)" 
166.137.139.57 - - [12/Mar/2021:14:41:08 -0800] "GET / HTTP/1.1" 200 12882 "-" "Mozilla/5.0 (iPhone; CPU iPhone OS 14_3 like Mac OS X) AppleWebKit/605.1.15 (KHTML, like Gecko) Version/14.0.2 Mobile/15E148 Safari/604.1" 
114.119.159.101 - - [12/Mar/2021:14:41:20 -0800] "GET /self.logs/2015/error.log.2015-07-06.gz HTTP/1.1" 200 782 "-" "Mozilla/5.0 (Linux; Android 7.0;) AppleWebKit/537.36 (KHTML, like Gecko) Mobile Safari/537.36 (compatible; PetalBot;+https://aspiegel.com/petalbot)" 
54.36.149.3 - - [12/Mar/2021:14:43:26 -0800] "GET /self.logs/2016/error.log.2016-10-29.gz HTTP/1.1" 200 575 "-" "Mozilla/5.0 (compatible; AhrefsBot/7.0; +http://ahrefs.com/robot/)" 
114.119.141.53 - - [12/Mar/2021:14:46:22 -0800] "GET /self.logs/access.log.2017-08-01.gz HTTP/1.1" 200 30188 "-" "Mozilla/5.0 (Linux; Android 7.0;) AppleWebKit/537.36 (KHTML, like Gecko) Mobile Safari/537.36 (compatible; PetalBot;+https://aspiegel.com/petalbot)" 
54.36.148.21 - - [12/Mar/2021:14:46:23 -0800] "GET /self.logs/2016/access.log.2016-12-17.gz HTTP/1.1" 200 9935 "-" "Mozilla/5.0 (compatible; AhrefsBot/7.0; +http://ahrefs.com/robot/)" 
54.36.148.21 - - [12/Mar/2021:14:49:18 -0800] "GET /self.logs/2016/error.log.2016-04-06.gz HTTP/1.1" 200 736 "-" "Mozilla/5.0 (compatible; AhrefsBot/7.0; +http://ahrefs.com/robot/)" 
40.77.167.81 - - [12/Mar/2021:14:51:20 -0800] "GET /self.logs/error.log.2018-04-30.gz HTTP/1.1" 200 3417 "-" "Mozilla/5.0 (compatible; bingbot/2.0; +http://www.bing.com/bingbot.htm)" 
114.119.157.43 - - [12/Mar/2021:14:51:24 -0800] "GET /self.logs/2015/error.log.2015-11-11.gz HTTP/1.1" 200 681 "-" "Mozilla/5.0 (Linux; Android 7.0;) AppleWebKit/537.36 (KHTML, like Gecko) Mobile Safari/537.36 (compatible; PetalBot;+https://aspiegel.com/petalbot)" 
66.249.66.83 - - [12/Mar/2021:14:51:46 -0800] "GET / HTTP/1.1" 200 12882 "-" "Mozilla/5.0 (Linux; Android 6.0.1; Nexus 5X Build/MMB29P) AppleWebKit/537.36 (KHTML, like Gecko) Chrome/88.0.4324.188 Mobile Safari/537.36 (compatible; Googlebot/2.1; +http://www.google.com/bot.html)" 
66.249.66.84 - - [12/Mar/2021:14:51:57 -0800] "GET /css/style.css HTTP/1.1" 404 328 "http://www.secrepo.com/" "Mozilla/5.0 (Linux; Android 6.0.1; Nexus 5X Build/MMB29P) AppleWebKit/537.36 (KHTML, like Gecko) Chrome/89.0.4389.84 Mobile Safari/537.36 (compatible; Googlebot/2.1; +http://www.google.com/bot.html)" 
54.36.149.65 - - [12/Mar/2021:14:52:25 -0800] "GET /self.logs/2016/error.log.2016-11-05.gz HTTP/1.1" 200 832 "-" "Mozilla/5.0 (compatible; AhrefsBot/7.0; +http://ahrefs.com/robot/)" 
54.36.148.63 - - [12/Mar/2021:14:55:27 -0800] "GET /self.logs/2016/access.log.2016-06-10.gz HTTP/1.1" 200 16833 "-" "Mozilla/5.0 (compatible; AhrefsBot/7.0; +http://ahrefs.com/robot/)" 
114.119.130.95 - - [12/Mar/2021:14:56:24 -0800] "GET /self.logs/access.log.2018-03-27.gz HTTP/1.1" 200 37393 "-" "Mozilla/5.0 (Linux; Android 7.0;) AppleWebKit/537.36 (KHTML, like Gecko) Mobile Safari/537.36 (compatible; PetalBot;+https://aspiegel.com/petalbot)" 
54.36.148.167 - - [12/Mar/2021:14:58:28 -0800] "GET /self.logs/2016/access.log.2016-06-12.gz HTTP/1.1" 200 13562 "-" "Mozilla/5.0 (compatible; AhrefsBot/7.0; +http://ahrefs.com/robot/)" 
66.249.66.84 - - [12/Mar/2021:14:59:43 -0800] "GET /self.logs HTTP/1.1" 301 563 "-" "Mozilla/5.0 (compatible; Googlebot/2.1; +http://www.google.com/bot.html)" 
114.119.159.40 - - [12/Mar/2021:15:01:27 -0800] "GET /self.logs/2015/error.log.2015-09-22.gz HTTP/1.1" 200 956 "-" "Mozilla/5.0 (Linux; Android 7.0;) AppleWebKit/537.36 (KHTML, like Gecko) Mobile Safari/537.36 (compatible; PetalBot;+https://aspiegel.com/petalbot)" 
54.36.149.17 - - [12/Mar/2021:15:01:34 -0800] "GET /self.logs/access.log.2018-12-09.gz HTTP/1.1" 200 23244 "-" "Mozilla/5.0 (compatible; AhrefsBot/7.0; +http://ahrefs.com/robot/)" 
54.36.148.21 - - [12/Mar/2021:15:04:36 -0800] "GET /self.logs/2016/access.log.2016-08-26.gz HTTP/1.1" 200 5955 "-" "Mozilla/5.0 (compatible; AhrefsBot/7.0; +http://ahrefs.com/robot/)" 
114.119.159.101 - - [12/Mar/2021:15:06:25 -0800] "GET /self.logs/access.log.2020-04-17.gz HTTP/1.1" 200 21047 "-" "Mozilla/5.0 (Linux; Android 7.0;) AppleWebKit/537.36 (KHTML, like Gecko) Mobile Safari/537.36 (compatible; PetalBot;+https://aspiegel.com/petalbot)" 
54.36.149.65 - - [12/Mar/2021:15:07:31 -0800] "GET /self.logs/2016/error.log.2016-09-02.gz HTTP/1.1" 200 791 "-" "Mozilla/5.0 (compatible; AhrefsBot/7.0; +http://ahrefs.com/robot/)" 
54.36.148.214 - - [12/Mar/2021:15:10:27 -0800] "GET /self.logs/2016/error.log.2016-10-24.gz HTTP/1.1" 200 794 "-" "Mozilla/5.0 (compatible; AhrefsBot/7.0; +http://ahrefs.com/robot/)" 
114.119.155.228 - - [12/Mar/2021:15:11:26 -0800] "GET /self.logs/access.log.2017-11-03.gz HTTP/1.1" 200 26129 "-" "Mozilla/5.0 (Linux; Android 7.0;) AppleWebKit/537.36 (KHTML, like Gecko) Mobile Safari/537.36 (compatible; PetalBot;+https://aspiegel.com/petalbot)" 
54.36.149.65 - - [12/Mar/2021:15:13:30 -0800] "GET /self.logs/2016/error.log.2016-02-05.gz HTTP/1.1" 200 785 "-" "Mozilla/5.0 (compatible; AhrefsBot/7.0; +http://ahrefs.com/robot/)" 
54.197.76.135 - - [12/Mar/2021:15:14:30 -0800] "GET /.env HTTP/1.1" 404 519 "-" "Mozilla/5.0 (X11; Linux x86_64) AppleWebKit/537.36 (KHTML, like Gecko) Chrome/81.0.4044.129 Safari/537.36" 
54.197.76.135 - - [12/Mar/2021:15:14:33 -0800] "POST / HTTP/1.1" 200 12881 "-" "Mozilla/5.0 (X11; Linux x86_64) AppleWebKit/537.36 (KHTML, like Gecko) Chrome/81.0.4044.129 Safari/537.36" 
195.123.209.118 - - [12/Mar/2021:15:14:59 -0800] "GET / HTTP/1.1" 200 48020 "https://seo18.su/" "Mozilla/4.0 (compatible; MSIE 5.5; Windows 98)" 
195.123.209.118 - - [12/Mar/2021:15:15:00 -0800] "GET / HTTP/1.1" 200 48020 "https://seo18.su/" "Mozilla/4.0 (compatible; MSIE 5.5; Windows 98)" 
195.123.209.118 - - [12/Mar/2021:15:15:00 -0800] "GET / HTTP/1.1" 200 48020 "https://seo18.su/" "Mozilla/4.0 (compatible; MSIE 5.5; Windows 98)" 
39.103.181.213 - - [12/Mar/2021:15:15:17 -0800] "GET /data/admin/allowurl.txt HTTP/1.1" 404 328 "-" "Mozilla/5.0 (Windows NT 10.0; WOW64; rv:48.0) Gecko/20100101 Firefox/48.0" 
65.21.50.220 - - [12/Mar/2021:15:15:42 -0800] "GET /self.logs/error.log.2017-08-07.gz HTTP/1.1" 200 950 "-" "Mozilla/5.0 (Macintosh; Intel Mac OS X 10_15_7) AppleWebKit/537.36 (KHTML, like Gecko) Chrome/86.0.4240.111 Safari/537.36" 
65.21.50.220 - - [12/Mar/2021:15:15:42 -0800] "GET /self.logs/error.log.2020-01-02.gz HTTP/1.1" 200 867 "-" "Mozilla/5.0 (Macintosh; Intel Mac OS X 10_15_7) AppleWebKit/537.36 (KHTML, like Gecko) Chrome/86.0.4240.111 Safari/537.36" 
65.21.50.220 - - [12/Mar/2021:15:15:42 -0800] "GET /self.logs/error.log.2017-04-05.gz HTTP/1.1" 200 4186 "-" "Mozilla/5.0 (Macintosh; Intel Mac OS X 10_15_7) AppleWebKit/537.36 (KHTML, like Gecko) Chrome/86.0.4240.111 Safari/537.36" 
65.21.50.220 - - [12/Mar/2021:15:15:43 -0800] "GET /self.logs/error.log.2020-12-21.gz HTTP/1.1" 200 974 "-" "Mozilla/5.0 (Macintosh; Intel Mac OS X 10_15_7) AppleWebKit/537.36 (KHTML, like Gecko) Chrome/86.0.4240.111 Safari/537.36" 
65.21.50.220 - - [12/Mar/2021:15:15:43 -0800] "GET /self.logs/access.log.2019-11-22.gz HTTP/1.1" 200 24308 "-" "Mozilla/5.0 (Macintosh; Intel Mac OS X 10_15_7) AppleWebKit/537.36 (KHTML, like Gecko) Chrome/86.0.4240.111 Safari/537.36" 
65.21.50.220 - - [12/Mar/2021:15:15:43 -0800] "GET /self.logs/error.log.2020-07-30 HTTP/1.1" 200 351 "-" "Mozilla/5.0 (Macintosh; Intel Mac OS X 10_15_7) AppleWebKit/537.36 (KHTML, like Gecko) Chrome/86.0.4240.111 Safari/537.36" 
