188.40.72.119 - - [31/Oct/2021:16:46:26 -0700] "GET /self.logs/access.log.2019-02-28.gz HTTP/1.1" 200 27242 "-" "Mozilla/5.0 (compatible; DataForSeoBot/1.0; +https://dataforseo.com/dataforseo-bot)" 
188.40.72.119 - - [31/Oct/2021:16:46:55 -0700] "GET /self.logs/access.log.2020-08-04.gz HTTP/1.1" 200 15943 "-" "Mozilla/5.0 (compatible; DataForSeoBot/1.0; +https://dataforseo.com/dataforseo-bot)" 
188.40.72.119 - - [31/Oct/2021:16:47:23 -0700] "GET /self.logs/error.log.2019-12-09.gz HTTP/1.1" 200 1531 "-" "Mozilla/5.0 (compatible; DataForSeoBot/1.0; +https://dataforseo.com/dataforseo-bot)" 
188.40.72.119 - - [31/Oct/2021:16:47:52 -0700] "GET /self.logs/error.log.2020-06-22 HTTP/1.1" 200 314 "-" "Mozilla/5.0 (compatible; DataForSeoBot/1.0; +https://dataforseo.com/dataforseo-bot)" 
188.40.72.119 - - [31/Oct/2021:16:48:21 -0700] "GET /self.logs/error.log.2018-02-25.gz HTTP/1.1" 200 4078 "-" "Mozilla/5.0 (compatible; DataForSeoBot/1.0; +https://dataforseo.com/dataforseo-bot)" 
188.40.72.119 - - [31/Oct/2021:16:48:48 -0700] "GET /self.logs/access.log.2018-06-01.gz HTTP/1.1" 200 14947 "-" "Mozilla/5.0 (compatible; DataForSeoBot/1.0; +https://dataforseo.com/dataforseo-bot)" 
188.40.72.119 - - [31/Oct/2021:16:49:17 -0700] "GET /self.logs/access.log.2017-04-29.gz HTTP/1.1" 200 10275 "-" "Mozilla/5.0 (compatible; DataForSeoBot/1.0; +https://dataforseo.com/dataforseo-bot)" 
188.40.72.119 - - [31/Oct/2021:16:49:45 -0700] "GET /self.logs/access.log.2021-03-29.gz HTTP/1.1" 200 26425 "-" "Mozilla/5.0 (compatible; DataForSeoBot/1.0; +https://dataforseo.com/dataforseo-bot)" 
188.40.72.119 - - [31/Oct/2021:16:50:14 -0700] "GET /self.logs/error.log.2017-01-30.gz HTTP/1.1" 200 1945 "-" "Mozilla/5.0 (compatible; DataForSeoBot/1.0; +https://dataforseo.com/dataforseo-bot)" 
188.40.72.119 - - [31/Oct/2021:16:50:42 -0700] "GET /self.logs/error.log.2020-12-09.gz HTTP/1.1" 200 745 "-" "Mozilla/5.0 (compatible; DataForSeoBot/1.0; +https://dataforseo.com/dataforseo-bot)" 
188.40.72.119 - - [31/Oct/2021:16:51:09 -0700] "GET /self.logs/error.log.2021-01-31.gz HTTP/1.1" 200 1137 "-" "Mozilla/5.0 (compatible; DataForSeoBot/1.0; +https://dataforseo.com/dataforseo-bot)" 
188.40.72.119 - - [31/Oct/2021:16:51:38 -0700] "GET /self.logs/access.log.2021-04-10.gz HTTP/1.1" 200 20439 "-" "Mozilla/5.0 (compatible; DataForSeoBot/1.0; +https://dataforseo.com/dataforseo-bot)" 
188.40.72.119 - - [31/Oct/2021:16:52:05 -0700] "GET /self.logs/error.log.2021-10-07.gz HTTP/1.1" 200 159935 "-" "Mozilla/5.0 (compatible; DataForSeoBot/1.0; +https://dataforseo.com/dataforseo-bot)" 
188.40.72.119 - - [31/Oct/2021:16:52:31 -0700] "GET /self.logs/error.log.2017-09-20.gz HTTP/1.1" 200 1831 "-" "Mozilla/5.0 (compatible; DataForSeoBot/1.0; +https://dataforseo.com/dataforseo-bot)" 
188.40.72.119 - - [31/Oct/2021:16:52:57 -0700] "GET /self.logs/error.log.2021-09-25.gz HTTP/1.1" 200 1445 "-" "Mozilla/5.0 (compatible; DataForSeoBot/1.0; +https://dataforseo.com/dataforseo-bot)" 
188.40.72.119 - - [31/Oct/2021:16:53:26 -0700] "GET /self.logs/error.log.2020-08-01.gz HTTP/1.1" 200 830 "-" "Mozilla/5.0 (compatible; DataForSeoBot/1.0; +https://dataforseo.com/dataforseo-bot)" 
188.40.72.119 - - [31/Oct/2021:16:53:49 -0700] "GET /self.logs/error.log.2019-12-04.gz HTTP/1.1" 200 831 "-" "Mozilla/5.0 (compatible; DataForSeoBot/1.0; +https://dataforseo.com/dataforseo-bot)" 
139.30.190.41 - - [31/Oct/2021:16:54:07 -0700] "GET /scada/scada_logs.zip HTTP/1.1" 206 23763 "-" "Mozilla/5.0 (Windows NT 10.0; Win64; x64) AppleWebKit/537.36 (KHTML, like Gecko) Chrome/95.0.4638.54 Safari/537.36" 
139.30.190.41 - - [31/Oct/2021:16:54:07 -0700] "GET /scada/scada_logs.zip HTTP/1.1" 206 60558 "-" "Mozilla/5.0 (Windows NT 10.0; Win64; x64) AppleWebKit/537.36 (KHTML, like Gecko) Chrome/95.0.4638.54 Safari/537.36" 
139.30.190.41 - - [31/Oct/2021:16:54:07 -0700] "GET /scada/scada_logs.zip HTTP/1.1" 200 364975 "-" "Mozilla/5.0 (Windows NT 10.0; Win64; x64) AppleWebKit/537.36 (KHTML, like Gecko) Chrome/95.0.4638.54 Safari/537.36" 
139.30.190.41 - - [31/Oct/2021:16:54:07 -0700] "GET /scada/scada_logs.zip HTTP/1.1" 206 120650 "-" "Mozilla/5.0 (Windows NT 10.0; Win64; x64) AppleWebKit/537.36 (KHTML, like Gecko) Chrome/95.0.4638.54 Safari/537.36" 
188.40.72.119 - - [31/Oct/2021:16:54:16 -0700] "GET /self.logs/error.log.2020-04-22 HTTP/1.1" 200 314 "-" "Mozilla/5.0 (compatible; DataForSeoBot/1.0; +https://dataforseo.com/dataforseo-bot)" 
188.40.72.119 - - [31/Oct/2021:16:54:42 -0700] "GET /self.logs/access.log.2018-08-29.gz HTTP/1.1" 200 41748 "-" "Mozilla/5.0 (compatible; DataForSeoBot/1.0; +https://dataforseo.com/dataforseo-bot)" 
216.244.66.245 - - [31/Oct/2021:16:54:52 -0700] "GET /self.logs/error.log.2021-04-22.gz HTTP/1.1" 200 7970 "-" "Mozilla/5.0 (compatible; DotBot/1.2; +https://opensiteexplorer.org/dotbot; help@moz.com)" 
216.244.66.245 - - [31/Oct/2021:16:54:56 -0700] "GET /self.logs/error.log.2021-05-20.gz HTTP/1.1" 200 10685 "-" "Mozilla/5.0 (compatible; DotBot/1.2; +https://opensiteexplorer.org/dotbot; help@moz.com)" 
188.40.72.119 - - [31/Oct/2021:16:55:06 -0700] "GET /self.logs/error.log.2019-01-30.gz HTTP/1.1" 200 7154 "-" "Mozilla/5.0 (compatible; DataForSeoBot/1.0; +https://dataforseo.com/dataforseo-bot)" 
216.244.66.245 - - [31/Oct/2021:16:55:12 -0700] "GET /self.logs/error.log.2020-08-08.gz HTTP/1.1" 200 964 "-" "Mozilla/5.0 (compatible; DotBot/1.2; +https://opensiteexplorer.org/dotbot; help@moz.com)" 
216.244.66.245 - - [31/Oct/2021:16:55:16 -0700] "GET /self.logs/error.log.2020-08-23 HTTP/1.1" 200 307 "-" "Mozilla/5.0 (compatible; DotBot/1.2; +https://opensiteexplorer.org/dotbot; help@moz.com)" 
216.244.66.245 - - [31/Oct/2021:16:55:20 -0700] "GET /self.logs/error.log.2020-09-04 HTTP/1.1" 200 307 "-" "Mozilla/5.0 (compatible; DotBot/1.2; +https://opensiteexplorer.org/dotbot; help@moz.com)" 
216.244.66.245 - - [31/Oct/2021:16:55:22 -0700] "GET /self.logs/error.log.2020-10-17 HTTP/1.1" 200 307 "-" "Mozilla/5.0 (compatible; DotBot/1.2; +https://opensiteexplorer.org/dotbot; help@moz.com)" 
216.244.66.245 - - [31/Oct/2021:16:55:24 -0700] "GET /self.logs/error.log.2020-12-04 HTTP/1.1" 200 307 "-" "Mozilla/5.0 (compatible; DotBot/1.2; +https://opensiteexplorer.org/dotbot; help@moz.com)" 
188.40.72.119 - - [31/Oct/2021:16:55:32 -0700] "GET /self.logs/access.log.2020-12-10.gz HTTP/1.1" 200 19693 "-" "Mozilla/5.0 (compatible; DataForSeoBot/1.0; +https://dataforseo.com/dataforseo-bot)" 
188.40.72.119 - - [31/Oct/2021:16:55:59 -0700] "GET /self.logs/error.log.2020-04-24.gz HTTP/1.1" 200 1317 "-" "Mozilla/5.0 (compatible; DataForSeoBot/1.0; +https://dataforseo.com/dataforseo-bot)" 
188.40.72.119 - - [31/Oct/2021:16:56:24 -0700] "GET /self.logs/access.log.2020-08-15.gz HTTP/1.1" 200 12885 "-" "Mozilla/5.0 (compatible; DataForSeoBot/1.0; +https://dataforseo.com/dataforseo-bot)" 
188.40.72.119 - - [31/Oct/2021:16:56:48 -0700] "GET /self.logs/error.log.2017-03-08.gz HTTP/1.1" 200 1819 "-" "Mozilla/5.0 (compatible; DataForSeoBot/1.0; +https://dataforseo.com/dataforseo-bot)" 
188.40.72.119 - - [31/Oct/2021:16:57:12 -0700] "GET /self.logs/error.log.2019-08-27.gz HTTP/1.1" 200 1807 "-" "Mozilla/5.0 (compatible; DataForSeoBot/1.0; +https://dataforseo.com/dataforseo-bot)" 
188.40.72.119 - - [31/Oct/2021:16:57:33 -0700] "GET /self.logs/error.log.2020-03-18 HTTP/1.1" 200 314 "-" "Mozilla/5.0 (compatible; DataForSeoBot/1.0; +https://dataforseo.com/dataforseo-bot)" 
188.40.72.119 - - [31/Oct/2021:16:57:56 -0700] "GET /self.logs/error.log.2021-10-23.gz HTTP/1.1" 200 3392 "-" "Mozilla/5.0 (compatible; DataForSeoBot/1.0; +https://dataforseo.com/dataforseo-bot)" 
188.40.72.119 - - [31/Oct/2021:16:58:18 -0700] "GET /self.logs/access.log.2018-11-30.gz HTTP/1.1" 200 22080 "-" "Mozilla/5.0 (compatible; DataForSeoBot/1.0; +https://dataforseo.com/dataforseo-bot)" 
188.40.72.119 - - [31/Oct/2021:16:58:39 -0700] "GET /self.logs/error.log.2019-12-21.gz HTTP/1.1" 200 1306 "-" "Mozilla/5.0 (compatible; DataForSeoBot/1.0; +https://dataforseo.com/dataforseo-bot)" 
188.40.72.119 - - [31/Oct/2021:16:59:01 -0700] "GET /self.logs/error.log.2018-08-01.gz HTTP/1.1" 200 5760 "-" "Mozilla/5.0 (compatible; DataForSeoBot/1.0; +https://dataforseo.com/dataforseo-bot)" 
188.40.72.119 - - [31/Oct/2021:16:59:21 -0700] "GET /self.logs/error.log.2019-07-07.gz HTTP/1.1" 200 2653 "-" "Mozilla/5.0 (compatible; DataForSeoBot/1.0; +https://dataforseo.com/dataforseo-bot)" 
188.40.72.119 - - [31/Oct/2021:16:59:47 -0700] "GET /self.logs/error.log.2021-06-06.gz HTTP/1.1" 200 1520 "-" "Mozilla/5.0 (compatible; DataForSeoBot/1.0; +https://dataforseo.com/dataforseo-bot)" 
188.40.72.119 - - [31/Oct/2021:17:00:06 -0700] "GET /self.logs/access.log.2020-05-05.gz HTTP/1.1" 200 12665 "-" "Mozilla/5.0 (compatible; DataForSeoBot/1.0; +https://dataforseo.com/dataforseo-bot)" 
188.40.72.119 - - [31/Oct/2021:17:00:23 -0700] "GET /self.logs/error.log.2017-02-22.gz HTTP/1.1" 200 988 "-" "Mozilla/5.0 (compatible; DataForSeoBot/1.0; +https://dataforseo.com/dataforseo-bot)" 
188.40.72.119 - - [31/Oct/2021:17:00:40 -0700] "GET /self.logs/access.log.2017-03-05.gz HTTP/1.1" 200 14688 "-" "Mozilla/5.0 (compatible; DataForSeoBot/1.0; +https://dataforseo.com/dataforseo-bot)" 
17.121.115.225 - - [31/Oct/2021:17:01:00 -0700] "GET /self.logs/error.log.2020-06-04 HTTP/1.1" 200 307 "-" "Mozilla/5.0 (Macintosh; Intel Mac OS X 10_15_5) AppleWebKit/605.1.15 (KHTML, like Gecko) Version/13.1.1 Safari/605.1.15 (Applebot/0.1; +http://www.apple.com/go/applebot)" 
64.233.172.80 - - [31/Oct/2021:17:02:28 -0700] "GET / HTTP/1.1" 301 475 "-" "Mozilla/5.0 (X11; Linux x86_64) AppleWebKit/537.36 (KHTML, like Gecko) Chrome/49.0.2623.75 Safari/537.36 Google Favicon" 
64.233.172.53 - - [31/Oct/2021:17:02:28 -0700] "GET / HTTP/1.1" 200 13186 "-" "Mozilla/5.0 (X11; Linux x86_64) AppleWebKit/537.36 (KHTML, like Gecko) Chrome/49.0.2623.75 Safari/537.36 Google Favicon" 
64.233.172.53 - - [31/Oct/2021:17:02:29 -0700] "GET /bootstrap/img/favicon.ico HTTP/1.1" 200 690 "-" "Mozilla/5.0 (X11; Linux x86_64) AppleWebKit/537.36 (KHTML, like Gecko) Chrome/49.0.2623.75 Safari/537.36 Google Favicon" 
114.119.135.212 - - [31/Oct/2021:17:03:06 -0700] "GET /self.logs/error.log.2021-01-15 HTTP/1.1" 200 351 "-" "Mozilla/5.0 (Linux; Android 7.0;) AppleWebKit/537.36 (KHTML, like Gecko) Mobile Safari/537.36 (compatible; PetalBot;+https://webmaster.petalsearch.com/site/petalbot)" 
188.40.72.119 - - [31/Oct/2021:17:04:06 -0700] "GET /self.logs/error.log.2018-08-17.gz HTTP/1.1" 200 6060 "-" "Mozilla/5.0 (compatible; DataForSeoBot/1.0; +https://dataforseo.com/dataforseo-bot)" 
188.40.72.119 - - [31/Oct/2021:17:04:54 -0700] "GET /self.logs/error.log.2020-06-05 HTTP/1.1" 200 314 "-" "Mozilla/5.0 (compatible; DataForSeoBot/1.0; +https://dataforseo.com/dataforseo-bot)" 
51.222.253.19 - - [31/Oct/2021:17:05:28 -0700] "GET /robots.txt HTTP/1.1" 301 439 "-" "Mozilla/5.0 (compatible; AhrefsBot/7.0; +http://ahrefs.com/robot/)" 
51.222.253.19 - - [31/Oct/2021:17:05:28 -0700] "GET /robots.txt HTTP/1.1" 200 333 "-" "Mozilla/5.0 (compatible; AhrefsBot/7.0; +http://ahrefs.com/robot/)" 
188.40.72.119 - - [31/Oct/2021:17:05:31 -0700] "GET /self.logs/error.log.2020-06-07 HTTP/1.1" 200 314 "-" "Mozilla/5.0 (compatible; DataForSeoBot/1.0; +https://dataforseo.com/dataforseo-bot)" 
188.40.72.119 - - [31/Oct/2021:17:06:07 -0700] "GET /self.logs/access.log.2017-07-01.gz HTTP/1.1" 200 12649 "-" "Mozilla/5.0 (compatible; DataForSeoBot/1.0; +https://dataforseo.com/dataforseo-bot)" 
188.40.72.119 - - [31/Oct/2021:17:06:44 -0700] "GET /self.logs/error.log.2019-04-23.gz HTTP/1.1" 200 4747 "-" "Mozilla/5.0 (compatible; DataForSeoBot/1.0; +https://dataforseo.com/dataforseo-bot)" 
188.40.72.119 - - [31/Oct/2021:17:07:20 -0700] "GET /self.logs/access.log.2019-01-05.gz HTTP/1.1" 200 32441 "-" "Mozilla/5.0 (compatible; DataForSeoBot/1.0; +https://dataforseo.com/dataforseo-bot)" 
188.40.72.119 - - [31/Oct/2021:17:07:53 -0700] "GET /self.logs/access.log.2018-07-25.gz HTTP/1.1" 200 25244 "-" "Mozilla/5.0 (compatible; DataForSeoBot/1.0; +https://dataforseo.com/dataforseo-bot)" 
188.40.72.119 - - [31/Oct/2021:17:08:28 -0700] "GET /self.logs/access.log.2019-10-12.gz HTTP/1.1" 200 19015 "-" "Mozilla/5.0 (compatible; DataForSeoBot/1.0; +https://dataforseo.com/dataforseo-bot)" 
188.40.72.119 - - [31/Oct/2021:17:09:03 -0700] "GET /self.logs/access.log.2017-04-16.gz HTTP/1.1" 200 15326 "-" "Mozilla/5.0 (compatible; DataForSeoBot/1.0; +https://dataforseo.com/dataforseo-bot)" 
188.40.72.119 - - [31/Oct/2021:17:09:37 -0700] "GET /self.logs/error.log.2021-08-22.gz HTTP/1.1" 200 2087 "-" "Mozilla/5.0 (compatible; DataForSeoBot/1.0; +https://dataforseo.com/dataforseo-bot)" 
188.40.72.119 - - [31/Oct/2021:17:10:09 -0700] "GET /self.logs/access.log.2021-06-09.gz HTTP/1.1" 200 23548 "-" "Mozilla/5.0 (compatible; DataForSeoBot/1.0; +https://dataforseo.com/dataforseo-bot)" 
188.40.72.119 - - [31/Oct/2021:17:10:41 -0700] "GET /self.logs/error.log.2019-09-28.gz HTTP/1.1" 200 1695 "-" "Mozilla/5.0 (compatible; DataForSeoBot/1.0; +https://dataforseo.com/dataforseo-bot)" 
188.40.72.119 - - [31/Oct/2021:17:11:15 -0700] "GET /self.logs/error.log.2019-12-17.gz HTTP/1.1" 200 900 "-" "Mozilla/5.0 (compatible; DataForSeoBot/1.0; +https://dataforseo.com/dataforseo-bot)" 
188.40.72.119 - - [31/Oct/2021:17:11:44 -0700] "GET /self.logs/access.log.2021-10-07.gz HTTP/1.1" 200 37207 "-" "Mozilla/5.0 (compatible; DataForSeoBot/1.0; +https://dataforseo.com/dataforseo-bot)" 
17.121.114.26 - - [31/Oct/2021:17:12:05 -0700] "GET /self.logs/error.log.2020-02-29 HTTP/1.1" 200 307 "-" "Mozilla/5.0 (Macintosh; Intel Mac OS X 10_15_5) AppleWebKit/605.1.15 (KHTML, like Gecko) Version/13.1.1 Safari/605.1.15 (Applebot/0.1; +http://www.apple.com/go/applebot)" 
188.40.72.119 - - [31/Oct/2021:17:12:16 -0700] "GET /self.logs/error.log.2018-07-11.gz HTTP/1.1" 200 6679 "-" "Mozilla/5.0 (compatible; DataForSeoBot/1.0; +https://dataforseo.com/dataforseo-bot)" 
188.40.72.119 - - [31/Oct/2021:17:12:45 -0700] "GET /self.logs/access.log.2019-01-13.gz HTTP/1.1" 200 20743 "-" "Mozilla/5.0 (compatible; DataForSeoBot/1.0; +https://dataforseo.com/dataforseo-bot)" 
188.40.72.119 - - [31/Oct/2021:17:13:18 -0700] "GET /self.logs/access.log.2019-08-17.gz HTTP/1.1" 200 19249 "-" "Mozilla/5.0 (compatible; DataForSeoBot/1.0; +https://dataforseo.com/dataforseo-bot)" 
188.40.72.119 - - [31/Oct/2021:17:13:49 -0700] "GET /self.logs/access.log.2018-07-08.gz HTTP/1.1" 200 30675 "-" "Mozilla/5.0 (compatible; DataForSeoBot/1.0; +https://dataforseo.com/dataforseo-bot)" 
188.40.72.119 - - [31/Oct/2021:17:14:22 -0700] "GET /self.logs/error.log.2020-05-06 HTTP/1.1" 200 314 "-" "Mozilla/5.0 (compatible; DataForSeoBot/1.0; +https://dataforseo.com/dataforseo-bot)" 
188.40.72.119 - - [31/Oct/2021:17:14:53 -0700] "GET /self.logs/error.log.2020-09-24 HTTP/1.1" 200 314 "-" "Mozilla/5.0 (compatible; DataForSeoBot/1.0; +https://dataforseo.com/dataforseo-bot)" 
114.119.149.90 - - [31/Oct/2021:17:14:53 -0700] "GET /self.logs/error.log.2017-12-05.gz HTTP/1.1" 200 2750 "-" "Mozilla/5.0 (Linux; Android 7.0;) AppleWebKit/537.36 (KHTML, like Gecko) Mobile Safari/537.36 (compatible; PetalBot;+https://webmaster.petalsearch.com/site/petalbot)" 
188.40.72.119 - - [31/Oct/2021:17:15:25 -0700] "GET /self.logs/access.log.2020-02-10.gz HTTP/1.1" 200 14649 "-" "Mozilla/5.0 (compatible; DataForSeoBot/1.0; +https://dataforseo.com/dataforseo-bot)" 
188.40.72.119 - - [31/Oct/2021:17:15:57 -0700] "GET /self.logs/error.log.2021-01-23.gz HTTP/1.1" 200 1130 "-" "Mozilla/5.0 (compatible; DataForSeoBot/1.0; +https://dataforseo.com/dataforseo-bot)" 
188.40.72.119 - - [31/Oct/2021:17:16:27 -0700] "GET /self.logs/error.log.2017-03-07.gz HTTP/1.1" 200 980 "-" "Mozilla/5.0 (compatible; DataForSeoBot/1.0; +https://dataforseo.com/dataforseo-bot)" 
188.40.72.119 - - [31/Oct/2021:17:16:59 -0700] "GET /self.logs/access.log.2019-07-29.gz HTTP/1.1" 200 28178 "-" "Mozilla/5.0 (compatible; DataForSeoBot/1.0; +https://dataforseo.com/dataforseo-bot)" 
188.40.72.119 - - [31/Oct/2021:17:17:28 -0700] "GET /self.logs/access.log.2020-03-16.gz HTTP/1.1" 200 31944 "-" "Mozilla/5.0 (compatible; DataForSeoBot/1.0; +https://dataforseo.com/dataforseo-bot)" 
188.40.72.119 - - [31/Oct/2021:17:17:58 -0700] "GET /self.logs/access.log.2018-09-17.gz HTTP/1.1" 200 30803 "-" "Mozilla/5.0 (compatible; DataForSeoBot/1.0; +https://dataforseo.com/dataforseo-bot)" 
188.40.72.119 - - [31/Oct/2021:17:18:30 -0700] "GET /self.logs/access.log.2020-01-25.gz HTTP/1.1" 200 14587 "-" "Mozilla/5.0 (compatible; DataForSeoBot/1.0; +https://dataforseo.com/dataforseo-bot)" 
17.121.112.24 - - [31/Oct/2021:17:18:42 -0700] "GET /self.logs/error.log.2020-03-19 HTTP/1.1" 200 307 "-" "Mozilla/5.0 (Macintosh; Intel Mac OS X 10_15_5) AppleWebKit/605.1.15 (KHTML, like Gecko) Version/13.1.1 Safari/605.1.15 (Applebot/0.1; +http://www.apple.com/go/applebot)" 
188.40.72.119 - - [31/Oct/2021:17:19:03 -0700] "GET /self.logs/access.log.2019-12-30.gz HTTP/1.1" 200 25645 "-" "Mozilla/5.0 (compatible; DataForSeoBot/1.0; +https://dataforseo.com/dataforseo-bot)" 
188.40.72.119 - - [31/Oct/2021:17:19:35 -0700] "GET /self.logs/access.log.2019-03-04.gz HTTP/1.1" 200 19050 "-" "Mozilla/5.0 (compatible; DataForSeoBot/1.0; +https://dataforseo.com/dataforseo-bot)" 
188.40.72.119 - - [31/Oct/2021:17:20:04 -0700] "GET /self.logs/error.log.2021-06-27.gz HTTP/1.1" 200 2161 "-" "Mozilla/5.0 (compatible; DataForSeoBot/1.0; +https://dataforseo.com/dataforseo-bot)" 
188.40.72.119 - - [31/Oct/2021:17:20:33 -0700] "GET /self.logs/error.log.2021-01-17.gz HTTP/1.1" 200 1116 "-" "Mozilla/5.0 (compatible; DataForSeoBot/1.0; +https://dataforseo.com/dataforseo-bot)" 
188.40.72.119 - - [31/Oct/2021:17:21:02 -0700] "GET /self.logs/error.log.2020-12-13 HTTP/1.1" 200 314 "-" "Mozilla/5.0 (compatible; DataForSeoBot/1.0; +https://dataforseo.com/dataforseo-bot)" 
188.40.72.119 - - [31/Oct/2021:17:21:33 -0700] "GET /self.logs/access.log.2017-03-25.gz HTTP/1.1" 200 13550 "-" "Mozilla/5.0 (compatible; DataForSeoBot/1.0; +https://dataforseo.com/dataforseo-bot)" 
188.40.72.119 - - [31/Oct/2021:17:22:04 -0700] "GET /self.logs/access.log.2019-03-24.gz HTTP/1.1" 200 26115 "-" "Mozilla/5.0 (compatible; DataForSeoBot/1.0; +https://dataforseo.com/dataforseo-bot)" 
188.40.72.119 - - [31/Oct/2021:17:22:33 -0700] "GET /self.logs/access.log.2020-10-14.gz HTTP/1.1" 200 15273 "-" "Mozilla/5.0 (compatible; DataForSeoBot/1.0; +https://dataforseo.com/dataforseo-bot)" 
157.55.39.91 - - [31/Oct/2021:17:22:59 -0700] "GET /self.logs/error.log.2017-01-16.gz HTTP/1.1" 200 1066 "-" "Mozilla/5.0 (compatible; bingbot/2.0; +http://www.bing.com/bingbot.htm)" 
188.40.72.119 - - [31/Oct/2021:17:23:01 -0700] "GET /self.logs/error.log.2018-11-04.gz HTTP/1.1" 200 4827 "-" "Mozilla/5.0 (compatible; DataForSeoBot/1.0; +https://dataforseo.com/dataforseo-bot)" 
188.40.72.119 - - [31/Oct/2021:17:23:32 -0700] "GET /self.logs/access.log.2021-06-01.gz HTTP/1.1" 200 17067 "-" "Mozilla/5.0 (compatible; DataForSeoBot/1.0; +https://dataforseo.com/dataforseo-bot)" 
17.121.115.142 - - [31/Oct/2021:17:23:46 -0700] "GET /self.logs/error.log.2020-04-21 HTTP/1.1" 200 307 "-" "Mozilla/5.0 (Macintosh; Intel Mac OS X 10_15_5) AppleWebKit/605.1.15 (KHTML, like Gecko) Version/13.1.1 Safari/605.1.15 (Applebot/0.1; +http://www.apple.com/go/applebot)" 
188.40.72.119 - - [31/Oct/2021:17:24:01 -0700] "GET /self.logs/error.log.2018-09-25.gz HTTP/1.1" 200 5792 "-" "Mozilla/5.0 (compatible; DataForSeoBot/1.0; +https://dataforseo.com/dataforseo-bot)" 
185.191.171.3 - - [31/Oct/2021:17:24:28 -0700] "GET /self.logs/error.log.2020-02-01 HTTP/1.1" 200 314 "-" "Mozilla/5.0 (compatible; SemrushBot/7~bl; +http://www.semrush.com/bot.html)" 
188.40.72.119 - - [31/Oct/2021:17:24:30 -0700] "GET /self.logs/error.log.2019-05-13.gz HTTP/1.1" 200 5717 "-" "Mozilla/5.0 (compatible; DataForSeoBot/1.0; +https://dataforseo.com/dataforseo-bot)" 
188.40.72.119 - - [31/Oct/2021:17:25:01 -0700] "GET /self.logs/error.log.2019-11-19.gz HTTP/1.1" 200 1414 "-" "Mozilla/5.0 (compatible; DataForSeoBot/1.0; +https://dataforseo.com/dataforseo-bot)" 
188.40.72.119 - - [31/Oct/2021:17:25:32 -0700] "GET /self.logs/access.log.2018-02-13.gz HTTP/1.1" 200 38148 "-" "Mozilla/5.0 (compatible; DataForSeoBot/1.0; +https://dataforseo.com/dataforseo-bot)" 
188.40.72.119 - - [31/Oct/2021:17:26:02 -0700] "GET /self.logs/error.log.2018-07-02.gz HTTP/1.1" 200 7881 "-" "Mozilla/5.0 (compatible; DataForSeoBot/1.0; +https://dataforseo.com/dataforseo-bot)" 
114.119.135.212 - - [31/Oct/2021:17:26:24 -0700] "GET /self.logs/access.log.2018-08-17.gz HTTP/1.1" 200 18865 "-" "Mozilla/5.0 (Linux; Android 7.0;) AppleWebKit/537.36 (KHTML, like Gecko) Mobile Safari/537.36 (compatible; PetalBot;+https://webmaster.petalsearch.com/site/petalbot)" 
188.40.72.119 - - [31/Oct/2021:17:26:32 -0700] "GET /self.logs/access.log.2019-03-19.gz HTTP/1.1" 200 25158 "-" "Mozilla/5.0 (compatible; DataForSeoBot/1.0; +https://dataforseo.com/dataforseo-bot)" 
188.40.72.119 - - [31/Oct/2021:17:27:03 -0700] "GET /self.logs/error.log.2019-11-12.gz HTTP/1.1" 200 1010 "-" "Mozilla/5.0 (compatible; DataForSeoBot/1.0; +https://dataforseo.com/dataforseo-bot)" 
188.40.72.119 - - [31/Oct/2021:17:27:33 -0700] "GET /self.logs/access.log.2017-04-02.gz HTTP/1.1" 200 22203 "-" "Mozilla/5.0 (compatible; DataForSeoBot/1.0; +https://dataforseo.com/dataforseo-bot)" 
188.40.72.119 - - [31/Oct/2021:17:28:01 -0700] "GET /self.logs/error.log.2019-10-31.gz HTTP/1.1" 200 2487 "-" "Mozilla/5.0 (compatible; DataForSeoBot/1.0; +https://dataforseo.com/dataforseo-bot)" 
188.40.72.119 - - [31/Oct/2021:17:28:28 -0700] "GET /self.logs/error.log.2017-02-20.gz HTTP/1.1" 200 1040 "-" "Mozilla/5.0 (compatible; DataForSeoBot/1.0; +https://dataforseo.com/dataforseo-bot)" 
188.40.72.119 - - [31/Oct/2021:17:28:55 -0700] "GET /self.logs/access.log.2020-12-19.gz HTTP/1.1" 200 24628 "-" "Mozilla/5.0 (compatible; DataForSeoBot/1.0; +https://dataforseo.com/dataforseo-bot)" 
188.40.72.119 - - [31/Oct/2021:17:29:24 -0700] "GET /self.logs/access.log.2019-05-19.gz HTTP/1.1" 200 37041 "-" "Mozilla/5.0 (compatible; DataForSeoBot/1.0; +https://dataforseo.com/dataforseo-bot)" 
188.40.72.119 - - [31/Oct/2021:17:29:52 -0700] "GET /self.logs/access.log.2019-11-19.gz HTTP/1.1" 200 30703 "-" "Mozilla/5.0 (compatible; DataForSeoBot/1.0; +https://dataforseo.com/dataforseo-bot)" 
188.40.72.119 - - [31/Oct/2021:17:30:20 -0700] "GET /self.logs/error.log.2017-08-20.gz HTTP/1.1" 200 810 "-" "Mozilla/5.0 (compatible; DataForSeoBot/1.0; +https://dataforseo.com/dataforseo-bot)" 
188.40.72.119 - - [31/Oct/2021:17:30:48 -0700] "GET /self.logs/error.log.2020-02-01 HTTP/1.1" 200 314 "-" "Mozilla/5.0 (compatible; DataForSeoBot/1.0; +https://dataforseo.com/dataforseo-bot)" 
188.40.72.119 - - [31/Oct/2021:17:31:18 -0700] "GET /self.logs/error.log.2021-04-21.gz HTTP/1.1" 200 10576 "-" "Mozilla/5.0 (compatible; DataForSeoBot/1.0; +https://dataforseo.com/dataforseo-bot)" 
188.40.72.119 - - [31/Oct/2021:17:31:44 -0700] "GET /self.logs/access.log.2017-10-22.gz HTTP/1.1" 200 22240 "-" "Mozilla/5.0 (compatible; DataForSeoBot/1.0; +https://dataforseo.com/dataforseo-bot)" 
188.40.72.119 - - [31/Oct/2021:17:32:12 -0700] "GET /self.logs/access.log.2017-08-23.gz HTTP/1.1" 200 21170 "-" "Mozilla/5.0 (compatible; DataForSeoBot/1.0; +https://dataforseo.com/dataforseo-bot)" 
188.40.72.119 - - [31/Oct/2021:17:32:40 -0700] "GET /self.logs/error.log.2021-05-28 HTTP/1.1" 200 314 "-" "Mozilla/5.0 (compatible; DataForSeoBot/1.0; +https://dataforseo.com/dataforseo-bot)" 
188.40.72.119 - - [31/Oct/2021:17:33:06 -0700] "GET /self.logs/access.log.2019-03-25.gz HTTP/1.1" 200 43333 "-" "Mozilla/5.0 (compatible; DataForSeoBot/1.0; +https://dataforseo.com/dataforseo-bot)" 
216.244.66.245 - - [31/Oct/2021:17:33:25 -0700] "GET /robots.txt HTTP/1.1" 301 439 "-" "Mozilla/5.0 (compatible; DotBot/1.2; +https://opensiteexplorer.org/dotbot; help@moz.com)" 
216.244.66.245 - - [31/Oct/2021:17:33:25 -0700] "GET /robots.txt HTTP/1.1" 200 333 "-" "Mozilla/5.0 (compatible; DotBot/1.2; +https://opensiteexplorer.org/dotbot; help@moz.com)" 
216.244.66.245 - - [31/Oct/2021:17:33:25 -0700] "GET /robots.txt HTTP/1.1" 200 333 "-" "Mozilla/5.0 (compatible; DotBot/1.2; +https://opensiteexplorer.org/dotbot; help@moz.com)" 
188.40.72.119 - - [31/Oct/2021:17:33:33 -0700] "GET /self.logs/access.log.2021-03-31.gz HTTP/1.1" 200 21033 "-" "Mozilla/5.0 (compatible; DataForSeoBot/1.0; +https://dataforseo.com/dataforseo-bot)" 
188.40.72.119 - - [31/Oct/2021:17:34:02 -0700] "GET /self.logs/error.log.2019-08-28.gz HTTP/1.1" 200 2779 "-" "Mozilla/5.0 (compatible; DataForSeoBot/1.0; +https://dataforseo.com/dataforseo-bot)" 
188.40.72.119 - - [31/Oct/2021:17:34:29 -0700] "GET /self.logs/access.log.2020-06-13.gz HTTP/1.1" 200 12891 "-" "Mozilla/5.0 (compatible; DataForSeoBot/1.0; +https://dataforseo.com/dataforseo-bot)" 
188.40.72.119 - - [31/Oct/2021:17:34:54 -0700] "GET /self.logs/error.log.2020-01-02.gz HTTP/1.1" 200 830 "-" "Mozilla/5.0 (compatible; DataForSeoBot/1.0; +https://dataforseo.com/dataforseo-bot)" 
188.40.72.119 - - [31/Oct/2021:17:35:21 -0700] "GET /self.logs/error.log.2018-12-06.gz HTTP/1.1" 200 3686 "-" "Mozilla/5.0 (compatible; DataForSeoBot/1.0; +https://dataforseo.com/dataforseo-bot)" 
188.40.72.119 - - [31/Oct/2021:17:35:48 -0700] "GET /self.logs/access.log.2019-03-01.gz HTTP/1.1" 200 32873 "-" "Mozilla/5.0 (compatible; DataForSeoBot/1.0; +https://dataforseo.com/dataforseo-bot)" 
188.40.72.119 - - [31/Oct/2021:17:36:14 -0700] "GET /self.logs/access.log.2018-01-14.gz HTTP/1.1" 200 18927 "-" "Mozilla/5.0 (compatible; DataForSeoBot/1.0; +https://dataforseo.com/dataforseo-bot)" 
188.40.72.119 - - [31/Oct/2021:17:36:39 -0700] "GET /self.logs/error.log.2018-04-29.gz HTTP/1.1" 200 3520 "-" "Mozilla/5.0 (compatible; DataForSeoBot/1.0; +https://dataforseo.com/dataforseo-bot)" 
188.40.72.119 - - [31/Oct/2021:17:37:05 -0700] "GET /self.logs/access.log.2018-08-30.gz HTTP/1.1" 200 36151 "-" "Mozilla/5.0 (compatible; DataForSeoBot/1.0; +https://dataforseo.com/dataforseo-bot)" 
188.40.72.119 - - [31/Oct/2021:17:37:32 -0700] "GET /self.logs/access.log.2018-12-12.gz HTTP/1.1" 200 22909 "-" "Mozilla/5.0 (compatible; DataForSeoBot/1.0; +https://dataforseo.com/dataforseo-bot)" 
188.40.72.119 - - [31/Oct/2021:17:37:56 -0700] "GET /self.logs/error.log.2017-12-02.gz HTTP/1.1" 200 1865 "-" "Mozilla/5.0 (compatible; DataForSeoBot/1.0; +https://dataforseo.com/dataforseo-bot)" 
40.77.167.26 - - [31/Oct/2021:17:38:13 -0700] "GET /self.logs/access.log.2017-03-09.gz HTTP/1.1" 200 22813 "-" "Mozilla/5.0 (compatible; bingbot/2.0; +http://www.bing.com/bingbot.htm)" 
188.40.72.119 - - [31/Oct/2021:17:38:20 -0700] "GET /self.logs/error.log.2018-02-15.gz HTTP/1.1" 200 3811 "-" "Mozilla/5.0 (compatible; DataForSeoBot/1.0; +https://dataforseo.com/dataforseo-bot)" 
188.40.72.119 - - [31/Oct/2021:17:38:44 -0700] "GET /self.logs/error.log.2020-03-30 HTTP/1.1" 200 314 "-" "Mozilla/5.0 (compatible; DataForSeoBot/1.0; +https://dataforseo.com/dataforseo-bot)" 
188.40.72.119 - - [31/Oct/2021:17:39:08 -0700] "GET /self.logs/access.log.2020-03-01.gz HTTP/1.1" 200 13092 "-" "Mozilla/5.0 (compatible; DataForSeoBot/1.0; +https://dataforseo.com/dataforseo-bot)" 
188.40.72.119 - - [31/Oct/2021:17:39:32 -0700] "GET /self.logs/error.log.2018-08-10.gz HTTP/1.1" 200 6910 "-" "Mozilla/5.0 (compatible; DataForSeoBot/1.0; +https://dataforseo.com/dataforseo-bot)" 
17.121.113.210 - - [31/Oct/2021:17:39:45 -0700] "GET /self.logs/error.log.2020-02-24 HTTP/1.1" 200 307 "-" "Mozilla/5.0 (Macintosh; Intel Mac OS X 10_15_5) AppleWebKit/605.1.15 (KHTML, like Gecko) Version/13.1.1 Safari/605.1.15 (Applebot/0.1; +http://www.apple.com/go/applebot)" 
188.40.72.119 - - [31/Oct/2021:17:39:55 -0700] "GET /self.logs/access.log.2018-02-02.gz HTTP/1.1" 200 24565 "-" "Mozilla/5.0 (compatible; DataForSeoBot/1.0; +https://dataforseo.com/dataforseo-bot)" 
216.244.66.245 - - [31/Oct/2021:17:40:03 -0700] "GET /maccdc2012/conn.log.gz HTTP/1.1" 301 463 "-" "Mozilla/5.0 (compatible; DotBot/1.2; +https://opensiteexplorer.org/dotbot; help@moz.com)" 
188.40.72.119 - - [31/Oct/2021:17:40:16 -0700] "GET /self.logs/error.log.2017-06-26.gz HTTP/1.1" 200 3365 "-" "Mozilla/5.0 (compatible; DataForSeoBot/1.0; +https://dataforseo.com/dataforseo-bot)" 
188.40.72.119 - - [31/Oct/2021:17:40:39 -0700] "GET /self.logs/error.log.2019-08-15.gz HTTP/1.1" 200 1240 "-" "Mozilla/5.0 (compatible; DataForSeoBot/1.0; +https://dataforseo.com/dataforseo-bot)" 
188.40.72.119 - - [31/Oct/2021:17:41:01 -0700] "GET /self.logs/access.log.2021-10-21.gz HTTP/1.1" 200 17240 "-" "Mozilla/5.0 (compatible; DataForSeoBot/1.0; +https://dataforseo.com/dataforseo-bot)" 
188.40.72.119 - - [31/Oct/2021:17:41:21 -0700] "GET /self.logs/error.log.2017-06-10.gz HTTP/1.1" 200 959 "-" "Mozilla/5.0 (compatible; DataForSeoBot/1.0; +https://dataforseo.com/dataforseo-bot)" 
188.40.72.119 - - [31/Oct/2021:17:41:40 -0700] "GET /self.logs/access.log.2017-08-09.gz HTTP/1.1" 200 26631 "-" "Mozilla/5.0 (compatible; DataForSeoBot/1.0; +https://dataforseo.com/dataforseo-bot)" 
188.40.72.119 - - [31/Oct/2021:17:42:00 -0700] "GET /self.logs/error.log.2021-04-01.gz HTTP/1.1" 200 3481 "-" "Mozilla/5.0 (compatible; DataForSeoBot/1.0; +https://dataforseo.com/dataforseo-bot)" 
188.40.72.119 - - [31/Oct/2021:17:42:16 -0700] "GET /self.logs/access.log.2017-09-27.gz HTTP/1.1" 200 32220 "-" "Mozilla/5.0 (compatible; DataForSeoBot/1.0; +https://dataforseo.com/dataforseo-bot)" 
216.244.66.245 - - [31/Oct/2021:17:42:33 -0700] "GET /self.logs/error.log.2021-02-01.gz HTTP/1.1" 200 5434 "-" "Mozilla/5.0 (compatible; DotBot/1.2; +https://opensiteexplorer.org/dotbot; help@moz.com)" 
216.244.66.245 - - [31/Oct/2021:17:42:57 -0700] "GET /self.logs/error.log.2020-07-28 HTTP/1.1" 200 307 "-" "Mozilla/5.0 (compatible; DotBot/1.2; +https://opensiteexplorer.org/dotbot; help@moz.com)" 
216.244.66.245 - - [31/Oct/2021:17:43:01 -0700] "GET /self.logs/error.log.2020-09-25.gz HTTP/1.1" 200 1294 "-" "Mozilla/5.0 (compatible; DotBot/1.2; +https://opensiteexplorer.org/dotbot; help@moz.com)" 
216.244.66.245 - - [31/Oct/2021:17:43:03 -0700] "GET /self.logs/error.log.2020-11-27 HTTP/1.1" 200 4500 "-" "Mozilla/5.0 (compatible; DotBot/1.2; +https://opensiteexplorer.org/dotbot; help@moz.com)" 
216.244.66.245 - - [31/Oct/2021:17:43:07 -0700] "GET /self.logs/error.log.2021-02-07.gz HTTP/1.1" 200 2989 "-" "Mozilla/5.0 (compatible; DotBot/1.2; +https://opensiteexplorer.org/dotbot; help@moz.com)" 
172.247.34.127 - - [31/Oct/2021:17:43:30 -0700] "GET / HTTP/1.1" 200 13187 "-" "Mozilla/5.0 (Windows NT 10.0; Win64; x64; rv:91.0) Gecko/20100101 Firefox/91.0" 
17.121.115.27 - - [31/Oct/2021:17:45:44 -0700] "GET /self.logs/error.log.2020-04-06 HTTP/1.1" 200 307 "-" "Mozilla/5.0 (Macintosh; Intel Mac OS X 10_15_5) AppleWebKit/605.1.15 (KHTML, like Gecko) Version/13.1.1 Safari/605.1.15 (Applebot/0.1; +http://www.apple.com/go/applebot)" 
188.40.72.119 - - [31/Oct/2021:17:46:23 -0700] "GET /self.logs/access.log.2018-07-18.gz HTTP/1.1" 200 45871 "-" "Mozilla/5.0 (compatible; DataForSeoBot/1.0; +https://dataforseo.com/dataforseo-bot)" 
188.40.72.119 - - [31/Oct/2021:17:47:02 -0700] "GET /self.logs/error.log.2020-09-11.gz HTTP/1.1" 200 918 "-" "Mozilla/5.0 (compatible; DataForSeoBot/1.0; +https://dataforseo.com/dataforseo-bot)" 
188.40.72.119 - - [31/Oct/2021:17:47:36 -0700] "GET /self.logs/access.log.2020-09-19.gz HTTP/1.1" 200 13385 "-" "Mozilla/5.0 (compatible; DataForSeoBot/1.0; +https://dataforseo.com/dataforseo-bot)" 
188.40.72.119 - - [31/Oct/2021:17:48:10 -0700] "GET /self.logs/error.log.2018-11-29.gz HTTP/1.1" 200 4212 "-" "Mozilla/5.0 (compatible; DataForSeoBot/1.0; +https://dataforseo.com/dataforseo-bot)" 
188.40.72.119 - - [31/Oct/2021:17:48:42 -0700] "GET /self.logs/access.log.2017-09-03.gz HTTP/1.1" 200 19844 "-" "Mozilla/5.0 (compatible; DataForSeoBot/1.0; +https://dataforseo.com/dataforseo-bot)" 
188.40.72.119 - - [31/Oct/2021:17:49:13 -0700] "GET /self.logs/access.log.2017-09-23.gz HTTP/1.1" 200 26160 "-" "Mozilla/5.0 (compatible; DataForSeoBot/1.0; +https://dataforseo.com/dataforseo-bot)" 
188.40.72.119 - - [31/Oct/2021:17:49:46 -0700] "GET /self.logs/access.log.2018-05-20.gz HTTP/1.1" 200 16673 "-" "Mozilla/5.0 (compatible; DataForSeoBot/1.0; +https://dataforseo.com/dataforseo-bot)" 
188.40.72.119 - - [31/Oct/2021:17:50:17 -0700] "GET /self.logs/access.log.2020-09-22.gz HTTP/1.1" 200 12299 "-" "Mozilla/5.0 (compatible; DataForSeoBot/1.0; +https://dataforseo.com/dataforseo-bot)" 
114.119.149.89 - - [31/Oct/2021:17:50:22 -0700] "GET /self.logs/access.log.2017-01-29.gz HTTP/1.1" 200 31408 "-" "Mozilla/5.0 (Linux; Android 7.0;) AppleWebKit/537.36 (KHTML, like Gecko) Mobile Safari/537.36 (compatible; PetalBot;+https://webmaster.petalsearch.com/site/petalbot)" 
188.40.72.119 - - [31/Oct/2021:17:50:47 -0700] "GET /self.logs/access.log.2020-01-24.gz HTTP/1.1" 200 15706 "-" "Mozilla/5.0 (compatible; DataForSeoBot/1.0; +https://dataforseo.com/dataforseo-bot)" 
188.40.72.119 - - [31/Oct/2021:17:51:19 -0700] "GET /self.logs/access.log.2021-03-11.gz HTTP/1.1" 200 25994 "-" "Mozilla/5.0 (compatible; DataForSeoBot/1.0; +https://dataforseo.com/dataforseo-bot)" 
188.40.72.119 - - [31/Oct/2021:17:51:50 -0700] "GET /self.logs/access.log.2019-09-18.gz HTTP/1.1" 200 27462 "-" "Mozilla/5.0 (compatible; DataForSeoBot/1.0; +https://dataforseo.com/dataforseo-bot)" 
188.40.72.119 - - [31/Oct/2021:17:52:21 -0700] "GET /self.logs/error.log.2018-05-17.gz HTTP/1.1" 200 5293 "-" "Mozilla/5.0 (compatible; DataForSeoBot/1.0; +https://dataforseo.com/dataforseo-bot)" 
188.40.72.119 - - [31/Oct/2021:17:52:51 -0700] "GET /self.logs/access.log.2020-09-16.gz HTTP/1.1" 200 16371 "-" "Mozilla/5.0 (compatible; DataForSeoBot/1.0; +https://dataforseo.com/dataforseo-bot)" 
188.40.72.119 - - [31/Oct/2021:17:53:21 -0700] "GET /self.logs/access.log.2017-04-21.gz HTTP/1.1" 200 22331 "-" "Mozilla/5.0 (compatible; DataForSeoBot/1.0; +https://dataforseo.com/dataforseo-bot)" 
188.40.72.119 - - [31/Oct/2021:17:53:50 -0700] "GET /self.logs/access.log.2018-07-10.gz HTTP/1.1" 200 34897 "-" "Mozilla/5.0 (compatible; DataForSeoBot/1.0; +https://dataforseo.com/dataforseo-bot)" 
157.55.39.53 - - [31/Oct/2021:17:54:17 -0700] "GET /self.logs/error.log.2017-10-23.gz HTTP/1.1" 200 2451 "-" "Mozilla/5.0 (compatible; bingbot/2.0; +http://www.bing.com/bingbot.htm)" 
188.40.72.119 - - [31/Oct/2021:17:54:21 -0700] "GET /self.logs/error.log.2018-09-03.gz HTTP/1.1" 200 4711 "-" "Mozilla/5.0 (compatible; DataForSeoBot/1.0; +https://dataforseo.com/dataforseo-bot)" 
188.40.72.119 - - [31/Oct/2021:17:54:51 -0700] "GET /self.logs/access.log.2017-09-08.gz HTTP/1.1" 200 24287 "-" "Mozilla/5.0 (compatible; DataForSeoBot/1.0; +https://dataforseo.com/dataforseo-bot)" 
188.40.72.119 - - [31/Oct/2021:17:55:23 -0700] "GET /self.logs/access.log.2021-10-28 HTTP/1.1" 200 314 "-" "Mozilla/5.0 (compatible; DataForSeoBot/1.0; +https://dataforseo.com/dataforseo-bot)" 
188.40.72.119 - - [31/Oct/2021:17:55:52 -0700] "GET /self.logs/error.log.2020-07-18 HTTP/1.1" 200 314 "-" "Mozilla/5.0 (compatible; DataForSeoBot/1.0; +https://dataforseo.com/dataforseo-bot)" 
188.40.72.119 - - [31/Oct/2021:17:56:24 -0700] "GET /self.logs/error.log.2020-02-04.gz HTTP/1.1" 200 782 "-" "Mozilla/5.0 (compatible; DataForSeoBot/1.0; +https://dataforseo.com/dataforseo-bot)" 
188.40.72.119 - - [31/Oct/2021:17:56:51 -0700] "GET /self.logs/access.log.2017-07-23.gz HTTP/1.1" 200 35717 "-" "Mozilla/5.0 (compatible; DataForSeoBot/1.0; +https://dataforseo.com/dataforseo-bot)" 
17.121.115.245 - - [31/Oct/2021:17:57:07 -0700] "GET /self.logs/error.log.2019-12-24 HTTP/1.1" 200 307 "-" "Mozilla/5.0 (Macintosh; Intel Mac OS X 10_15_5) AppleWebKit/605.1.15 (KHTML, like Gecko) Version/13.1.1 Safari/605.1.15 (Applebot/0.1; +http://www.apple.com/go/applebot)" 
188.40.72.119 - - [31/Oct/2021:17:57:22 -0700] "GET /self.logs/access.log.2018-05-18.gz HTTP/1.1" 200 16489 "-" "Mozilla/5.0 (compatible; DataForSeoBot/1.0; +https://dataforseo.com/dataforseo-bot)" 
188.40.72.119 - - [31/Oct/2021:17:57:51 -0700] "GET /self.logs/error.log.2018-08-15.gz HTTP/1.1" 200 6107 "-" "Mozilla/5.0 (compatible; DataForSeoBot/1.0; +https://dataforseo.com/dataforseo-bot)" 
188.40.72.119 - - [31/Oct/2021:17:58:21 -0700] "GET /self.logs/error.log.2017-09-29.gz HTTP/1.1" 200 2271 "-" "Mozilla/5.0 (compatible; DataForSeoBot/1.0; +https://dataforseo.com/dataforseo-bot)" 
188.40.72.119 - - [31/Oct/2021:17:58:50 -0700] "GET /self.logs/error.log.2021-01-06.gz HTTP/1.1" 200 2488 "-" "Mozilla/5.0 (compatible; DataForSeoBot/1.0; +https://dataforseo.com/dataforseo-bot)" 
188.40.72.119 - - [31/Oct/2021:17:59:21 -0700] "GET /self.logs/error.log.2019-02-05.gz HTTP/1.1" 200 3847 "-" "Mozilla/5.0 (compatible; DataForSeoBot/1.0; +https://dataforseo.com/dataforseo-bot)" 
188.40.72.119 - - [31/Oct/2021:17:59:48 -0700] "GET /self.logs/access.log.2017-02-06.gz HTTP/1.1" 200 30073 "-" "Mozilla/5.0 (compatible; DataForSeoBot/1.0; +https://dataforseo.com/dataforseo-bot)" 
157.55.39.53 - - [31/Oct/2021:18:00:06 -0700] "GET /self.logs/access.log.2018-01-15.gz HTTP/1.1" 200 30388 "-" "Mozilla/5.0 (compatible; bingbot/2.0; +http://www.bing.com/bingbot.htm)" 
188.40.72.119 - - [31/Oct/2021:18:00:18 -0700] "GET /self.logs/error.log.2020-12-21.gz HTTP/1.1" 200 937 "-" "Mozilla/5.0 (compatible; DataForSeoBot/1.0; +https://dataforseo.com/dataforseo-bot)" 
188.40.72.119 - - [31/Oct/2021:18:00:45 -0700] "GET /self.logs/access.log.2021-07-21.gz HTTP/1.1" 200 11340 "-" "Mozilla/5.0 (compatible; DataForSeoBot/1.0; +https://dataforseo.com/dataforseo-bot)" 
188.40.72.119 - - [31/Oct/2021:18:01:12 -0700] "GET /self.logs/error.log.2018-09-22.gz HTTP/1.1" 200 4672 "-" "Mozilla/5.0 (compatible; DataForSeoBot/1.0; +https://dataforseo.com/dataforseo-bot)" 
188.40.72.119 - - [31/Oct/2021:18:01:42 -0700] "GET /self.logs/error.log.2018-08-16.gz HTTP/1.1" 200 10419 "-" "Mozilla/5.0 (compatible; DataForSeoBot/1.0; +https://dataforseo.com/dataforseo-bot)" 
66.249.66.17 - - [31/Oct/2021:18:01:50 -0700] "GET / HTTP/1.1" 200 13186 "-" "Mozilla/5.0 (Linux; Android 6.0.1; Nexus 5X Build/MMB29P) AppleWebKit/537.36 (KHTML, like Gecko) Chrome/94.0.4606.81 Mobile Safari/537.36 (compatible; Googlebot/2.1; +http://www.google.com/bot.html)" 
188.40.72.119 - - [31/Oct/2021:18:02:10 -0700] "GET /self.logs/error.log.2017-02-19.gz HTTP/1.1" 200 748 "-" "Mozilla/5.0 (compatible; DataForSeoBot/1.0; +https://dataforseo.com/dataforseo-bot)" 
188.40.72.119 - - [31/Oct/2021:18:02:38 -0700] "GET /self.logs/error.log.2021-05-06.gz HTTP/1.1" 200 5238 "-" "Mozilla/5.0 (compatible; DataForSeoBot/1.0; +https://dataforseo.com/dataforseo-bot)" 
188.40.72.119 - - [31/Oct/2021:18:03:06 -0700] "GET /self.logs/error.log.2017-05-07.gz HTTP/1.1" 200 1025 "-" "Mozilla/5.0 (compatible; DataForSeoBot/1.0; +https://dataforseo.com/dataforseo-bot)" 
17.121.113.148 - - [31/Oct/2021:18:03:12 -0700] "GET /self.logs/error.log.2020-03-01 HTTP/1.1" 200 307 "-" "Mozilla/5.0 (Macintosh; Intel Mac OS X 10_15_5) AppleWebKit/605.1.15 (KHTML, like Gecko) Version/13.1.1 Safari/605.1.15 (Applebot/0.1; +http://www.apple.com/go/applebot)" 
188.40.72.119 - - [31/Oct/2021:18:03:32 -0700] "GET /self.logs/access.log.2018-09-22.gz HTTP/1.1" 200 74593 "-" "Mozilla/5.0 (compatible; DataForSeoBot/1.0; +https://dataforseo.com/dataforseo-bot)" 
188.40.72.119 - - [31/Oct/2021:18:04:02 -0700] "GET /self.logs/error.log.2020-06-01 HTTP/1.1" 200 314 "-" "Mozilla/5.0 (compatible; DataForSeoBot/1.0; +https://dataforseo.com/dataforseo-bot)" 
188.40.72.119 - - [31/Oct/2021:18:04:30 -0700] "GET /self.logs/error.log.2017-04-02.gz HTTP/1.1" 200 2265 "-" "Mozilla/5.0 (compatible; DataForSeoBot/1.0; +https://dataforseo.com/dataforseo-bot)" 
188.40.72.119 - - [31/Oct/2021:18:04:59 -0700] "GET /self.logs/access.log.2018-02-11.gz HTTP/1.1" 200 29526 "-" "Mozilla/5.0 (compatible; DataForSeoBot/1.0; +https://dataforseo.com/dataforseo-bot)" 
188.40.72.119 - - [31/Oct/2021:18:05:28 -0700] "GET /self.logs/error.log.2017-11-03.gz HTTP/1.1" 200 1989 "-" "Mozilla/5.0 (compatible; DataForSeoBot/1.0; +https://dataforseo.com/dataforseo-bot)" 
188.40.72.119 - - [31/Oct/2021:18:05:56 -0700] "GET /self.logs/access.log.2017-08-24.gz HTTP/1.1" 200 22520 "-" "Mozilla/5.0 (compatible; DataForSeoBot/1.0; +https://dataforseo.com/dataforseo-bot)" 
188.40.72.119 - - [31/Oct/2021:18:06:25 -0700] "GET /self.logs/access.log.2020-08-01.gz HTTP/1.1" 200 11257 "-" "Mozilla/5.0 (compatible; DataForSeoBot/1.0; +https://dataforseo.com/dataforseo-bot)" 
188.40.72.119 - - [31/Oct/2021:18:06:53 -0700] "GET /self.logs/error.log.2017-02-14.gz HTTP/1.1" 200 1686 "-" "Mozilla/5.0 (compatible; DataForSeoBot/1.0; +https://dataforseo.com/dataforseo-bot)" 
188.40.72.119 - - [31/Oct/2021:18:07:21 -0700] "GET /self.logs/error.log.2020-09-14 HTTP/1.1" 200 314 "-" "Mozilla/5.0 (compatible; DataForSeoBot/1.0; +https://dataforseo.com/dataforseo-bot)" 
188.40.72.119 - - [31/Oct/2021:18:07:49 -0700] "GET /self.logs/error.log.2018-09-12.gz HTTP/1.1" 200 5223 "-" "Mozilla/5.0 (compatible; DataForSeoBot/1.0; +https://dataforseo.com/dataforseo-bot)" 
188.40.72.119 - - [31/Oct/2021:18:08:18 -0700] "GET /self.logs/access.log.2017-01-31.gz HTTP/1.1" 200 19861 "-" "Mozilla/5.0 (compatible; DataForSeoBot/1.0; +https://dataforseo.com/dataforseo-bot)" 
188.40.72.119 - - [31/Oct/2021:18:08:44 -0700] "GET /self.logs/access.log.2019-10-22.gz HTTP/1.1" 200 36003 "-" "Mozilla/5.0 (compatible; DataForSeoBot/1.0; +https://dataforseo.com/dataforseo-bot)" 
188.40.72.119 - - [31/Oct/2021:18:09:10 -0700] "GET /self.logs/access.log.2020-10-26.gz HTTP/1.1" 200 12135 "-" "Mozilla/5.0 (compatible; DataForSeoBot/1.0; +https://dataforseo.com/dataforseo-bot)" 
188.40.72.119 - - [31/Oct/2021:18:09:37 -0700] "GET /self.logs/error.log.2018-10-03.gz HTTP/1.1" 200 6540 "-" "Mozilla/5.0 (compatible; DataForSeoBot/1.0; +https://dataforseo.com/dataforseo-bot)" 
35.202.2.1 - - [31/Oct/2021:18:09:46 -0700] "GET /robots.txt HTTP/1.1" 200 340 "-" "ltx71 - (http://ltx71.com/)" 
188.40.72.119 - - [31/Oct/2021:18:10:04 -0700] "GET /self.logs/access.log.2020-06-28.gz HTTP/1.1" 200 12275 "-" "Mozilla/5.0 (compatible; DataForSeoBot/1.0; +https://dataforseo.com/dataforseo-bot)" 
35.202.2.1 - - [31/Oct/2021:18:10:19 -0700] "GET / HTTP/1.1" 200 13149 "-" "ltx71 - (http://ltx71.com/)" 
188.40.72.119 - - [31/Oct/2021:18:10:31 -0700] "GET /self.logs/error.log.2018-06-16.gz HTTP/1.1" 200 6062 "-" "Mozilla/5.0 (compatible; DataForSeoBot/1.0; +https://dataforseo.com/dataforseo-bot)" 
35.239.58.193 - - [31/Oct/2021:18:10:59 -0700] "GET /robots.txt HTTP/1.1" 301 458 "-" "ltx71 - (http://ltx71.com/)" 
188.40.72.119 - - [31/Oct/2021:18:10:59 -0700] "GET /self.logs/error.log.2020-02-23.gz HTTP/1.1" 200 835 "-" "Mozilla/5.0 (compatible; DataForSeoBot/1.0; +https://dataforseo.com/dataforseo-bot)" 
188.40.72.119 - - [31/Oct/2021:18:11:24 -0700] "GET /self.logs/error.log.2018-03-25.gz HTTP/1.1" 200 3962 "-" "Mozilla/5.0 (compatible; DataForSeoBot/1.0; +https://dataforseo.com/dataforseo-bot)" 
35.239.58.193 - - [31/Oct/2021:18:11:42 -0700] "GET / HTTP/1.1" 301 438 "-" "ltx71 - (http://ltx71.com/)" 
188.40.72.119 - - [31/Oct/2021:18:11:50 -0700] "GET /self.logs/error.log.2021-05-11.gz HTTP/1.1" 200 7028 "-" "Mozilla/5.0 (compatible; DataForSeoBot/1.0; +https://dataforseo.com/dataforseo-bot)" 
188.40.72.119 - - [31/Oct/2021:18:12:18 -0700] "GET /self.logs/access.log.2017-06-05.gz HTTP/1.1" 200 25389 "-" "Mozilla/5.0 (compatible; DataForSeoBot/1.0; +https://dataforseo.com/dataforseo-bot)" 
188.40.72.119 - - [31/Oct/2021:18:12:44 -0700] "GET /self.logs/access.log.2017-08-03.gz HTTP/1.1" 200 20537 "-" "Mozilla/5.0 (compatible; DataForSeoBot/1.0; +https://dataforseo.com/dataforseo-bot)" 
188.40.72.119 - - [31/Oct/2021:18:13:10 -0700] "GET /self.logs/access.log.2019-05-05.gz HTTP/1.1" 200 25505 "-" "Mozilla/5.0 (compatible; DataForSeoBot/1.0; +https://dataforseo.com/dataforseo-bot)" 
188.40.72.119 - - [31/Oct/2021:18:13:36 -0700] "GET /self.logs/access.log.2017-11-09.gz HTTP/1.1" 200 28105 "-" "Mozilla/5.0 (compatible; DataForSeoBot/1.0; +https://dataforseo.com/dataforseo-bot)" 
188.40.72.119 - - [31/Oct/2021:18:14:02 -0700] "GET /self.logs/access.log.2018-07-28.gz HTTP/1.1" 200 21419 "-" "Mozilla/5.0 (compatible; DataForSeoBot/1.0; +https://dataforseo.com/dataforseo-bot)" 
188.40.72.119 - - [31/Oct/2021:18:14:29 -0700] "GET /self.logs/error.log.2020-06-14 HTTP/1.1" 200 314 "-" "Mozilla/5.0 (compatible; DataForSeoBot/1.0; +https://dataforseo.com/dataforseo-bot)" 
188.40.72.119 - - [31/Oct/2021:18:14:54 -0700] "GET /self.logs/error.log.2018-03-26.gz HTTP/1.1" 200 4443 "-" "Mozilla/5.0 (compatible; DataForSeoBot/1.0; +https://dataforseo.com/dataforseo-bot)" 
188.40.72.119 - - [31/Oct/2021:18:15:18 -0700] "GET /self.logs/access.log.2021-08-13.gz HTTP/1.1" 200 15462 "-" "Mozilla/5.0 (compatible; DataForSeoBot/1.0; +https://dataforseo.com/dataforseo-bot)" 
188.40.72.119 - - [31/Oct/2021:18:15:45 -0700] "GET /self.logs/error.log.2021-05-17.gz HTTP/1.1" 200 2208 "-" "Mozilla/5.0 (compatible; DataForSeoBot/1.0; +https://dataforseo.com/dataforseo-bot)" 
188.40.72.119 - - [31/Oct/2021:18:16:10 -0700] "GET /self.logs/access.log.2018-01-31.gz HTTP/1.1" 200 37162 "-" "Mozilla/5.0 (compatible; DataForSeoBot/1.0; +https://dataforseo.com/dataforseo-bot)" 
188.40.72.119 - - [31/Oct/2021:18:16:36 -0700] "GET /self.logs/access.log.2017-04-04.gz HTTP/1.1" 200 40236 "-" "Mozilla/5.0 (compatible; DataForSeoBot/1.0; +https://dataforseo.com/dataforseo-bot)" 
188.40.72.119 - - [31/Oct/2021:18:17:01 -0700] "GET /self.logs/error.log.2021-10-14.gz HTTP/1.1" 200 2437 "-" "Mozilla/5.0 (compatible; DataForSeoBot/1.0; +https://dataforseo.com/dataforseo-bot)" 
188.40.72.119 - - [31/Oct/2021:18:17:27 -0700] "GET /self.logs/access.log.2020-01-02.gz HTTP/1.1" 200 29292 "-" "Mozilla/5.0 (compatible; DataForSeoBot/1.0; +https://dataforseo.com/dataforseo-bot)" 
188.40.72.119 - - [31/Oct/2021:18:17:51 -0700] "GET /self.logs/access.log.2020-03-31.gz HTTP/1.1" 200 13585 "-" "Mozilla/5.0 (compatible; DataForSeoBot/1.0; +https://dataforseo.com/dataforseo-bot)" 
188.40.72.119 - - [31/Oct/2021:18:18:16 -0700] "GET /self.logs/error.log.2018-06-12.gz HTTP/1.1" 200 8094 "-" "Mozilla/5.0 (compatible; DataForSeoBot/1.0; +https://dataforseo.com/dataforseo-bot)" 
188.40.72.119 - - [31/Oct/2021:18:18:40 -0700] "GET /self.logs/error.log.2017-01-14.gz HTTP/1.1" 200 840 "-" "Mozilla/5.0 (compatible; DataForSeoBot/1.0; +https://dataforseo.com/dataforseo-bot)" 
188.40.72.119 - - [31/Oct/2021:18:19:04 -0700] "GET /self.logs/access.log.2019-10-04.gz HTTP/1.1" 200 56016 "-" "Mozilla/5.0 (compatible; DataForSeoBot/1.0; +https://dataforseo.com/dataforseo-bot)" 
188.40.72.119 - - [31/Oct/2021:18:19:27 -0700] "GET /self.logs/error.log.2020-12-08.gz HTTP/1.1" 200 741 "-" "Mozilla/5.0 (compatible; DataForSeoBot/1.0; +https://dataforseo.com/dataforseo-bot)" 
188.40.72.119 - - [31/Oct/2021:18:19:51 -0700] "GET /self.logs/access.log.2019-03-08.gz HTTP/1.1" 200 85975 "-" "Mozilla/5.0 (compatible; DataForSeoBot/1.0; +https://dataforseo.com/dataforseo-bot)" 
188.40.72.119 - - [31/Oct/2021:18:20:15 -0700] "GET /self.logs/error.log.2017-05-20.gz HTTP/1.1" 200 2278 "-" "Mozilla/5.0 (compatible; DataForSeoBot/1.0; +https://dataforseo.com/dataforseo-bot)" 
188.40.72.119 - - [31/Oct/2021:18:20:37 -0700] "GET /self.logs/error.log.2018-12-22.gz HTTP/1.1" 200 3346 "-" "Mozilla/5.0 (compatible; DataForSeoBot/1.0; +https://dataforseo.com/dataforseo-bot)" 
216.244.66.245 - - [31/Oct/2021:18:20:45 -0700] "GET /robots.txt HTTP/1.1" 200 333 "-" "Mozilla/5.0 (compatible; DotBot/1.2; +https://opensiteexplorer.org/dotbot; help@moz.com)" 
188.40.72.119 - - [31/Oct/2021:18:21:00 -0700] "GET /self.logs/access.log.2019-09-26.gz HTTP/1.1" 200 17714 "-" "Mozilla/5.0 (compatible; DataForSeoBot/1.0; +https://dataforseo.com/dataforseo-bot)" 
188.40.72.119 - - [31/Oct/2021:18:21:22 -0700] "GET /self.logs/access.log.2017-12-20.gz HTTP/1.1" 200 24825 "-" "Mozilla/5.0 (compatible; DataForSeoBot/1.0; +https://dataforseo.com/dataforseo-bot)" 
188.40.72.119 - - [31/Oct/2021:18:21:44 -0700] "GET /self.logs/access.log.2021-07-25.gz HTTP/1.1" 200 25234 "-" "Mozilla/5.0 (compatible; DataForSeoBot/1.0; +https://dataforseo.com/dataforseo-bot)" 
188.40.72.119 - - [31/Oct/2021:18:22:04 -0700] "GET /self.logs/access.log.2018-01-30.gz HTTP/1.1" 200 22393 "-" "Mozilla/5.0 (compatible; DataForSeoBot/1.0; +https://dataforseo.com/dataforseo-bot)" 
188.40.72.119 - - [31/Oct/2021:18:22:23 -0700] "GET /self.logs/access.log.2019-03-13.gz HTTP/1.1" 200 23435 "-" "Mozilla/5.0 (compatible; DataForSeoBot/1.0; +https://dataforseo.com/dataforseo-bot)" 
36.110.147.84 - - [31/Oct/2021:18:22:32 -0700] "GET / HTTP/1.1" 200 13187 "http://www.sogou.com/web?query=site%3Awww.secrepo.com" "Mozilla/5.0 (Windows NT 6.1; Win64; x64) AppleWebKit/537.36 (KHTML, like Gecko) Chrome/74.0.3729.169 Safari/537.36" 
188.40.72.119 - - [31/Oct/2021:18:22:41 -0700] "GET /self.logs/access.log.2021-03-21.gz HTTP/1.1" 200 14674 "-" "Mozilla/5.0 (compatible; DataForSeoBot/1.0; +https://dataforseo.com/dataforseo-bot)" 
95.163.255.52 - - [31/Oct/2021:18:26:50 -0700] "GET /robots.txt HTTP/1.0" 200 340 "-" "Mozilla/5.0 (compatible; Linux x86_64; Mail.RU_Bot/2.0; +http://go.mail.ru/help/robots)" 
95.163.255.56 - - [31/Oct/2021:18:26:58 -0700] "GET /Datasets%20Description/HTML_Bro_log_2/dns.html HTTP/1.1" 200 1794 "-" "Mozilla/5.0 (compatible; Linux x86_64; Mail.RU_Bot/2.0; +http://go.mail.ru/help/robots)" 
188.40.72.119 - - [31/Oct/2021:18:27:01 -0700] "GET /self.logs/error.log.2020-08-14 HTTP/1.1" 200 314 "-" "Mozilla/5.0 (compatible; DataForSeoBot/1.0; +https://dataforseo.com/dataforseo-bot)" 
188.40.72.119 - - [31/Oct/2021:18:27:40 -0700] "GET /self.logs/error.log.2018-09-29.gz HTTP/1.1" 200 5029 "-" "Mozilla/5.0 (compatible; DataForSeoBot/1.0; +https://dataforseo.com/dataforseo-bot)" 
18.190.38.0 - - [31/Oct/2021:18:27:53 -0700] "GET / HTTP/1.1" 200 13143 "-" "Python/3.5 aiohttp/2.0.2" 
