216.244.66.245 - - [28/Sep/2022:09:06:28 -0700] "GET /robots.txt HTTP/1.1" 200 333 "-" "Mozilla/5.0 (compatible; DotBot/1.2; +https://opensiteexplorer.org/dotbot; help@moz.com)" 
107.167.35.138 - - [28/Sep/2022:09:07:13 -0700] "GET / HTTP/1.1" 200 49089 "-" "-" 
216.244.66.245 - - [28/Sep/2022:09:10:04 -0700] "GET /self.logs/error.log.2022-08-14.gz HTTP/1.1" 200 1298 "-" "Mozilla/5.0 (compatible; DotBot/1.2; +https://opensiteexplorer.org/dotbot; help@moz.com)" 
216.244.66.245 - - [28/Sep/2022:09:10:08 -0700] "GET /self.logs/error.log.2022-09-08.gz HTTP/1.1" 200 1289 "-" "Mozilla/5.0 (compatible; DotBot/1.2; +https://opensiteexplorer.org/dotbot; help@moz.com)" 
216.244.66.245 - - [28/Sep/2022:09:10:12 -0700] "GET /self.logs/error.log.2022-09-13.gz HTTP/1.1" 200 3153 "-" "Mozilla/5.0 (compatible; DotBot/1.2; +https://opensiteexplorer.org/dotbot; help@moz.com)" 
222.187.221.137 - - [28/Sep/2022:09:10:45 -0700] "GET / HTTP/1.1" 200 49089 "-" "-" 
64.124.8.48 - - [28/Sep/2022:09:10:45 -0700] "GET /robots.txt HTTP/1.1" 200 333 "-" "Mozilla/5.0 (X11; Linux x86_64) AppleWebKit/537.36 (KHTML, like Gecko) Chrome/61.0.3163.79 Safari/537.36" 
64.124.8.48 - - [28/Sep/2022:09:10:45 -0700] "GET /self.logs/error.log.2020-11-04 HTTP/1.1" 304 196 "-" "Mozilla/5.0 (X11; Linux x86_64) AppleWebKit/537.36 (KHTML, like Gecko) Chrome/61.0.3163.79 Safari/537.36" 
64.124.8.48 - - [28/Sep/2022:09:10:50 -0700] "GET /self.logs/error.log.2020-11-23 HTTP/1.1" 304 217 "-" "Mozilla/5.0 (X11; Linux x86_64) AppleWebKit/537.36 (KHTML, like Gecko) Chrome/61.0.3163.79 Safari/537.36" 
216.244.66.245 - - [28/Sep/2022:09:11:09 -0700] "GET /self.logs/2015/access.log.2015-04-21.gz HTTP/1.1" 200 6727 "-" "Mozilla/5.0 (compatible; DotBot/1.2; +https://opensiteexplorer.org/dotbot; help@moz.com)" 
216.244.66.245 - - [28/Sep/2022:09:11:12 -0700] "GET /self.logs/2015/access.log.2015-08-01.gz HTTP/1.1" 200 3723 "-" "Mozilla/5.0 (compatible; DotBot/1.2; +https://opensiteexplorer.org/dotbot; help@moz.com)" 
216.244.66.245 - - [28/Sep/2022:09:11:14 -0700] "GET /self.logs/2015/access.log.2015-09-02.gz HTTP/1.1" 200 3941 "-" "Mozilla/5.0 (compatible; DotBot/1.2; +https://opensiteexplorer.org/dotbot; help@moz.com)" 
216.244.66.245 - - [28/Sep/2022:09:11:16 -0700] "GET /self.logs/2015/access.log.2015-10-14.gz HTTP/1.1" 200 11956 "-" "Mozilla/5.0 (compatible; DotBot/1.2; +https://opensiteexplorer.org/dotbot; help@moz.com)" 
216.244.66.245 - - [28/Sep/2022:09:11:18 -0700] "GET /self.logs/2015/access.log.2015-11-01.gz HTTP/1.1" 200 6527 "-" "Mozilla/5.0 (compatible; DotBot/1.2; +https://opensiteexplorer.org/dotbot; help@moz.com)" 
216.244.66.245 - - [28/Sep/2022:09:11:19 -0700] "GET /self.logs/2015/error.log.2015-05-05.gz HTTP/1.1" 200 705 "-" "Mozilla/5.0 (compatible; DotBot/1.2; +https://opensiteexplorer.org/dotbot; help@moz.com)" 
216.244.66.245 - - [28/Sep/2022:09:11:21 -0700] "GET /self.logs/2015/error.log.2015-06-02.gz HTTP/1.1" 200 837 "-" "Mozilla/5.0 (compatible; DotBot/1.2; +https://opensiteexplorer.org/dotbot; help@moz.com)" 
216.244.66.245 - - [28/Sep/2022:09:11:22 -0700] "GET /self.logs/2015/error.log.2015-11-11.gz HTTP/1.1" 200 637 "-" "Mozilla/5.0 (compatible; DotBot/1.2; +https://opensiteexplorer.org/dotbot; help@moz.com)" 
216.244.66.245 - - [28/Sep/2022:09:11:23 -0700] "GET /self.logs/2015/error.log.2015-12-18.gz HTTP/1.1" 200 577 "-" "Mozilla/5.0 (compatible; DotBot/1.2; +https://opensiteexplorer.org/dotbot; help@moz.com)" 
216.244.66.245 - - [28/Sep/2022:09:11:24 -0700] "GET /self.logs/2016/access.log.2016-01-02.gz HTTP/1.1" 200 5954 "-" "Mozilla/5.0 (compatible; DotBot/1.2; +https://opensiteexplorer.org/dotbot; help@moz.com)" 
216.244.66.245 - - [28/Sep/2022:09:11:24 -0700] "GET /self.logs/2016/access.log.2016-01-30.gz HTTP/1.1" 200 34265 "-" "Mozilla/5.0 (compatible; DotBot/1.2; +https://opensiteexplorer.org/dotbot; help@moz.com)" 
216.244.66.245 - - [28/Sep/2022:09:11:25 -0700] "GET /self.logs/2016/access.log.2016-12-08.gz HTTP/1.1" 200 10732 "-" "Mozilla/5.0 (compatible; DotBot/1.2; +https://opensiteexplorer.org/dotbot; help@moz.com)" 
216.244.66.245 - - [28/Sep/2022:09:11:27 -0700] "GET /self.logs/2016/error.log.2016-11-01.gz HTTP/1.1" 200 889 "-" "Mozilla/5.0 (compatible; DotBot/1.2; +https://opensiteexplorer.org/dotbot; help@moz.com)" 
216.244.66.245 - - [28/Sep/2022:09:11:28 -0700] "GET /self.logs/2016/error.log.2016-12-20.gz HTTP/1.1" 200 868 "-" "Mozilla/5.0 (compatible; DotBot/1.2; +https://opensiteexplorer.org/dotbot; help@moz.com)" 
216.244.66.245 - - [28/Sep/2022:09:11:29 -0700] "GET /self.logs/access.log.2017-06-09.gz HTTP/1.1" 200 26500 "-" "Mozilla/5.0 (compatible; DotBot/1.2; +https://opensiteexplorer.org/dotbot; help@moz.com)" 
216.244.66.245 - - [28/Sep/2022:09:11:31 -0700] "GET /self.logs/access.log.2017-07-02.gz HTTP/1.1" 200 16675 "-" "Mozilla/5.0 (compatible; DotBot/1.2; +https://opensiteexplorer.org/dotbot; help@moz.com)" 
216.244.66.245 - - [28/Sep/2022:09:11:31 -0700] "GET /self.logs/access.log.2017-08-13.gz HTTP/1.1" 200 17868 "-" "Mozilla/5.0 (compatible; DotBot/1.2; +https://opensiteexplorer.org/dotbot; help@moz.com)" 
216.244.66.245 - - [28/Sep/2022:09:11:32 -0700] "GET /self.logs/access.log.2017-09-02.gz HTTP/1.1" 200 16411 "-" "Mozilla/5.0 (compatible; DotBot/1.2; +https://opensiteexplorer.org/dotbot; help@moz.com)" 
216.244.66.245 - - [28/Sep/2022:09:11:33 -0700] "GET /self.logs/access.log.2017-09-26.gz HTTP/1.1" 200 43136 "-" "Mozilla/5.0 (compatible; DotBot/1.2; +https://opensiteexplorer.org/dotbot; help@moz.com)" 
216.244.66.245 - - [28/Sep/2022:09:11:34 -0700] "GET /self.logs/access.log.2018-01-23.gz HTTP/1.1" 200 31856 "-" "Mozilla/5.0 (compatible; DotBot/1.2; +https://opensiteexplorer.org/dotbot; help@moz.com)" 
216.244.66.245 - - [28/Sep/2022:09:11:35 -0700] "GET /self.logs/access.log.2018-02-16.gz HTTP/1.1" 200 41390 "-" "Mozilla/5.0 (compatible; DotBot/1.2; +https://opensiteexplorer.org/dotbot; help@moz.com)" 
216.244.66.245 - - [28/Sep/2022:09:11:35 -0700] "GET /self.logs/access.log.2018-05-20.gz HTTP/1.1" 200 16666 "-" "Mozilla/5.0 (compatible; DotBot/1.2; +https://opensiteexplorer.org/dotbot; help@moz.com)" 
216.244.66.245 - - [28/Sep/2022:09:11:36 -0700] "GET /self.logs/access.log.2018-09-23.gz HTTP/1.1" 200 28602 "-" "Mozilla/5.0 (compatible; DotBot/1.2; +https://opensiteexplorer.org/dotbot; help@moz.com)" 
64.124.8.48 - - [28/Sep/2022:09:11:36 -0700] "GET /self.logs/error.log.2020-12-16 HTTP/1.1" 304 217 "-" "Mozilla/5.0 (X11; Linux x86_64) AppleWebKit/537.36 (KHTML, like Gecko) Chrome/61.0.3163.79 Safari/537.36" 
216.244.66.245 - - [28/Sep/2022:09:11:37 -0700] "GET /self.logs/access.log.2019-02-08.gz HTTP/1.1" 200 21270 "-" "Mozilla/5.0 (compatible; DotBot/1.2; +https://opensiteexplorer.org/dotbot; help@moz.com)" 
216.244.66.245 - - [28/Sep/2022:09:11:37 -0700] "GET /self.logs/access.log.2019-04-15.gz HTTP/1.1" 200 32147 "-" "Mozilla/5.0 (compatible; DotBot/1.2; +https://opensiteexplorer.org/dotbot; help@moz.com)" 
216.244.66.245 - - [28/Sep/2022:09:11:39 -0700] "GET /self.logs/access.log.2020-01-30.gz HTTP/1.1" 200 13023 "-" "Mozilla/5.0 (compatible; DotBot/1.2; +https://opensiteexplorer.org/dotbot; help@moz.com)" 
216.244.66.245 - - [28/Sep/2022:09:11:39 -0700] "GET /self.logs/access.log.2020-03-01.gz HTTP/1.1" 200 13085 "-" "Mozilla/5.0 (compatible; DotBot/1.2; +https://opensiteexplorer.org/dotbot; help@moz.com)" 
216.244.66.245 - - [28/Sep/2022:09:11:40 -0700] "GET /self.logs/access.log.2020-05-03.gz HTTP/1.1" 200 15471 "-" "Mozilla/5.0 (compatible; DotBot/1.2; +https://opensiteexplorer.org/dotbot; help@moz.com)" 
216.244.66.245 - - [28/Sep/2022:09:11:41 -0700] "GET /self.logs/access.log.2020-06-05.gz HTTP/1.1" 200 14138 "-" "Mozilla/5.0 (compatible; DotBot/1.2; +https://opensiteexplorer.org/dotbot; help@moz.com)" 
216.244.66.245 - - [28/Sep/2022:09:11:41 -0700] "GET /self.logs/access.log.2020-07-09.gz HTTP/1.1" 200 47658 "-" "Mozilla/5.0 (compatible; DotBot/1.2; +https://opensiteexplorer.org/dotbot; help@moz.com)" 
216.244.66.245 - - [28/Sep/2022:09:11:42 -0700] "GET /self.logs/access.log.2020-08-07.gz HTTP/1.1" 200 24714 "-" "Mozilla/5.0 (compatible; DotBot/1.2; +https://opensiteexplorer.org/dotbot; help@moz.com)" 
216.244.66.245 - - [28/Sep/2022:09:11:43 -0700] "GET /self.logs/access.log.2021-04-15.gz HTTP/1.1" 200 40108 "-" "Mozilla/5.0 (compatible; DotBot/1.2; +https://opensiteexplorer.org/dotbot; help@moz.com)" 
216.244.66.245 - - [28/Sep/2022:09:11:44 -0700] "GET /self.logs/access.log.2021-05-01.gz HTTP/1.1" 200 14336 "-" "Mozilla/5.0 (compatible; DotBot/1.2; +https://opensiteexplorer.org/dotbot; help@moz.com)" 
216.244.66.245 - - [28/Sep/2022:09:11:45 -0700] "GET /self.logs/access.log.2021-08-15.gz HTTP/1.1" 200 19317 "-" "Mozilla/5.0 (compatible; DotBot/1.2; +https://opensiteexplorer.org/dotbot; help@moz.com)" 
216.244.66.245 - - [28/Sep/2022:09:11:46 -0700] "GET /self.logs/access.log.2021-09-29.gz HTTP/1.1" 200 19972 "-" "Mozilla/5.0 (compatible; DotBot/1.2; +https://opensiteexplorer.org/dotbot; help@moz.com)" 
64.124.8.48 - - [28/Sep/2022:09:11:47 -0700] "GET /self.logs/error.log.2021-11-21 HTTP/1.1" 304 217 "-" "Mozilla/5.0 (X11; Linux x86_64) AppleWebKit/537.36 (KHTML, like Gecko) Chrome/61.0.3163.79 Safari/537.36" 
216.244.66.245 - - [28/Sep/2022:09:11:47 -0700] "GET /self.logs/access.log.2022-02-06.gz HTTP/1.1" 200 9764 "-" "Mozilla/5.0 (compatible; DotBot/1.2; +https://opensiteexplorer.org/dotbot; help@moz.com)" 
216.244.66.245 - - [28/Sep/2022:09:11:48 -0700] "GET /self.logs/error.log.2017-04-10.gz HTTP/1.1" 200 4248 "-" "Mozilla/5.0 (compatible; DotBot/1.2; +https://opensiteexplorer.org/dotbot; help@moz.com)" 
216.244.66.245 - - [28/Sep/2022:09:11:48 -0700] "GET /self.logs/error.log.2017-04-18.gz HTTP/1.1" 200 1010 "-" "Mozilla/5.0 (compatible; DotBot/1.2; +https://opensiteexplorer.org/dotbot; help@moz.com)" 
216.244.66.245 - - [28/Sep/2022:09:11:49 -0700] "GET /self.logs/error.log.2017-08-07.gz HTTP/1.1" 200 906 "-" "Mozilla/5.0 (compatible; DotBot/1.2; +https://opensiteexplorer.org/dotbot; help@moz.com)" 
64.124.8.48 - - [28/Sep/2022:09:11:49 -0700] "GET /self.logs/error.log.2020-09-17 HTTP/1.1" 304 196 "-" "Mozilla/5.0 (X11; Linux x86_64) AppleWebKit/537.36 (KHTML, like Gecko) Chrome/61.0.3163.79 Safari/537.36" 
216.244.66.245 - - [28/Sep/2022:09:11:49 -0700] "GET /self.logs/error.log.2017-11-27.gz HTTP/1.1" 200 2090 "-" "Mozilla/5.0 (compatible; DotBot/1.2; +https://opensiteexplorer.org/dotbot; help@moz.com)" 
216.244.66.245 - - [28/Sep/2022:09:11:50 -0700] "GET /self.logs/error.log.2018-04-26.gz HTTP/1.1" 200 4281 "-" "Mozilla/5.0 (compatible; DotBot/1.2; +https://opensiteexplorer.org/dotbot; help@moz.com)" 
216.244.66.245 - - [28/Sep/2022:09:11:51 -0700] "GET /self.logs/error.log.2018-07-03.gz HTTP/1.1" 200 6360 "-" "Mozilla/5.0 (compatible; DotBot/1.2; +https://opensiteexplorer.org/dotbot; help@moz.com)" 
216.244.66.245 - - [28/Sep/2022:09:11:51 -0700] "GET /self.logs/error.log.2018-08-24.gz HTTP/1.1" 200 8614 "-" "Mozilla/5.0 (compatible; DotBot/1.2; +https://opensiteexplorer.org/dotbot; help@moz.com)" 
216.244.66.245 - - [28/Sep/2022:09:11:52 -0700] "GET /self.logs/error.log.2019-08-06.gz HTTP/1.1" 200 1295 "-" "Mozilla/5.0 (compatible; DotBot/1.2; +https://opensiteexplorer.org/dotbot; help@moz.com)" 
216.244.66.245 - - [28/Sep/2022:09:11:52 -0700] "GET /self.logs/error.log.2019-10-02.gz HTTP/1.1" 200 1641 "-" "Mozilla/5.0 (compatible; DotBot/1.2; +https://opensiteexplorer.org/dotbot; help@moz.com)" 
216.244.66.245 - - [28/Sep/2022:09:11:53 -0700] "GET /self.logs/error.log.2019-10-17.gz HTTP/1.1" 200 774 "-" "Mozilla/5.0 (compatible; DotBot/1.2; +https://opensiteexplorer.org/dotbot; help@moz.com)" 
216.244.66.245 - - [28/Sep/2022:09:11:54 -0700] "GET /self.logs/error.log.2020-05-05 HTTP/1.1" 200 307 "-" "Mozilla/5.0 (compatible; DotBot/1.2; +https://opensiteexplorer.org/dotbot; help@moz.com)" 
216.244.66.245 - - [28/Sep/2022:09:11:55 -0700] "GET /self.logs/error.log.2020-05-11.gz HTTP/1.1" 200 826 "-" "Mozilla/5.0 (compatible; DotBot/1.2; +https://opensiteexplorer.org/dotbot; help@moz.com)" 
216.244.66.245 - - [28/Sep/2022:09:11:56 -0700] "GET /self.logs/error.log.2020-05-29 HTTP/1.1" 200 307 "-" "Mozilla/5.0 (compatible; DotBot/1.2; +https://opensiteexplorer.org/dotbot; help@moz.com)" 
216.244.66.245 - - [28/Sep/2022:09:11:56 -0700] "GET /self.logs/error.log.2020-08-04 HTTP/1.1" 200 307 "-" "Mozilla/5.0 (compatible; DotBot/1.2; +https://opensiteexplorer.org/dotbot; help@moz.com)" 
216.244.66.245 - - [28/Sep/2022:09:11:57 -0700] "GET /self.logs/error.log.2020-09-01 HTTP/1.1" 200 307 "-" "Mozilla/5.0 (compatible; DotBot/1.2; +https://opensiteexplorer.org/dotbot; help@moz.com)" 
216.244.66.245 - - [28/Sep/2022:09:11:57 -0700] "GET /self.logs/error.log.2021-05-05.gz HTTP/1.1" 200 3247 "-" "Mozilla/5.0 (compatible; DotBot/1.2; +https://opensiteexplorer.org/dotbot; help@moz.com)" 
216.244.66.245 - - [28/Sep/2022:09:11:58 -0700] "GET /self.logs/error.log.2021-12-01.gz HTTP/1.1" 200 1415 "-" "Mozilla/5.0 (compatible; DotBot/1.2; +https://opensiteexplorer.org/dotbot; help@moz.com)" 
216.244.66.245 - - [28/Sep/2022:09:11:59 -0700] "GET /self.logs/error.log.2019-12-06.gz HTTP/1.1" 200 1123 "-" "Mozilla/5.0 (compatible; DotBot/1.2; +https://opensiteexplorer.org/dotbot; help@moz.com)" 
64.124.8.48 - - [28/Sep/2022:09:11:59 -0700] "GET /self.logs/error.log.2020-06-15 HTTP/1.1" 304 217 "-" "Mozilla/5.0 (X11; Linux x86_64) AppleWebKit/537.36 (KHTML, like Gecko) Chrome/61.0.3163.79 Safari/537.36" 
64.124.8.48 - - [28/Sep/2022:09:12:35 -0700] "GET /self.logs/error.log.2020-10-07 HTTP/1.1" 304 217 "-" "Mozilla/5.0 (X11; Linux x86_64) AppleWebKit/537.36 (KHTML, like Gecko) Chrome/61.0.3163.79 Safari/537.36" 
64.124.8.48 - - [28/Sep/2022:09:12:39 -0700] "GET /self.logs/error.log.2020-10-26 HTTP/1.1" 304 196 "-" "Mozilla/5.0 (X11; Linux x86_64) AppleWebKit/537.36 (KHTML, like Gecko) Chrome/61.0.3163.79 Safari/537.36" 
34.206.152.150 - - [28/Sep/2022:09:12:54 -0700] "HEAD / HTTP/1.1" 301 186 "-" "DreamHost SiteMonitor 1.0" 
34.206.152.150 - - [28/Sep/2022:09:12:54 -0700] "HEAD / HTTP/1.1" 200 359 "http://66.33.221.139" "DreamHost SiteMonitor 1.0" 
64.124.8.48 - - [28/Sep/2022:09:13:01 -0700] "GET /self.logs/error.log.2020-04-06 HTTP/1.1" 304 217 "-" "Mozilla/5.0 (X11; Linux x86_64) AppleWebKit/537.36 (KHTML, like Gecko) Chrome/61.0.3163.79 Safari/537.36" 
64.124.8.48 - - [28/Sep/2022:09:13:20 -0700] "GET /self.logs/error.log.2020-01-23 HTTP/1.1" 304 217 "-" "Mozilla/5.0 (X11; Linux x86_64) AppleWebKit/537.36 (KHTML, like Gecko) Chrome/61.0.3163.79 Safari/537.36" 
64.124.8.48 - - [28/Sep/2022:09:13:25 -0700] "GET /self.logs/error.log.2020-12-02 HTTP/1.1" 304 217 "-" "Mozilla/5.0 (X11; Linux x86_64) AppleWebKit/537.36 (KHTML, like Gecko) Chrome/61.0.3163.79 Safari/537.36" 
64.124.8.48 - - [28/Sep/2022:09:13:31 -0700] "GET /self.logs/error.log.2020-11-19 HTTP/1.1" 304 217 "-" "Mozilla/5.0 (X11; Linux x86_64) AppleWebKit/537.36 (KHTML, like Gecko) Chrome/61.0.3163.79 Safari/537.36" 
64.124.8.48 - - [28/Sep/2022:09:13:42 -0700] "GET /self.logs/error.log.2020-09-03 HTTP/1.1" 304 217 "-" "Mozilla/5.0 (X11; Linux x86_64) AppleWebKit/537.36 (KHTML, like Gecko) Chrome/61.0.3163.79 Safari/537.36" 
107.167.35.130 - - [28/Sep/2022:09:13:43 -0700] "GET / HTTP/1.1" 200 13186 "http://www.SecRepo.com" "Mozilla/5.0 (Windows NT 10.0; Win64; x64) AppleWebKit/537.36 (KHTML, like Gecko) Chrome/87.0.4280.67 Safari/537.36 Edg/87.0.664.52" 
64.124.8.48 - - [28/Sep/2022:09:13:45 -0700] "GET /self.logs/error.log.2020-09-22 HTTP/1.1" 304 196 "-" "Mozilla/5.0 (X11; Linux x86_64) AppleWebKit/537.36 (KHTML, like Gecko) Chrome/61.0.3163.79 Safari/537.36" 
64.124.8.48 - - [28/Sep/2022:09:13:55 -0700] "GET /self.logs/error.log.2020-06-01 HTTP/1.1" 304 217 "-" "Mozilla/5.0 (X11; Linux x86_64) AppleWebKit/537.36 (KHTML, like Gecko) Chrome/61.0.3163.79 Safari/537.36" 
64.124.8.48 - - [28/Sep/2022:09:14:01 -0700] "GET /self.logs/error.log.2020-06-20 HTTP/1.1" 304 217 "-" "Mozilla/5.0 (X11; Linux x86_64) AppleWebKit/537.36 (KHTML, like Gecko) Chrome/61.0.3163.79 Safari/537.36" 
64.124.8.48 - - [28/Sep/2022:09:14:43 -0700] "GET /self.logs/error.log.2021-11-17 HTTP/1.1" 304 220 "-" "Mozilla/5.0 (X11; Linux x86_64) AppleWebKit/537.36 (KHTML, like Gecko) Chrome/61.0.3163.79 Safari/537.36" 
64.124.8.48 - - [28/Sep/2022:09:15:00 -0700] "GET /self.logs/error.log.2020-07-13 HTTP/1.1" 304 217 "-" "Mozilla/5.0 (X11; Linux x86_64) AppleWebKit/537.36 (KHTML, like Gecko) Chrome/61.0.3163.79 Safari/537.36" 
64.124.8.48 - - [28/Sep/2022:09:15:23 -0700] "GET /self.logs/error.log.2020-03-28 HTTP/1.1" 304 217 "-" "Mozilla/5.0 (X11; Linux x86_64) AppleWebKit/537.36 (KHTML, like Gecko) Chrome/61.0.3163.79 Safari/537.36" 
64.124.8.48 - - [28/Sep/2022:09:15:57 -0700] "GET /self.logs/error.log.2020-11-24 HTTP/1.1" 304 220 "-" "Mozilla/5.0 (X11; Linux x86_64) AppleWebKit/537.36 (KHTML, like Gecko) Chrome/61.0.3163.79 Safari/537.36" 
64.124.8.48 - - [28/Sep/2022:09:17:13 -0700] "GET /self.logs/error.log.2020-12-17 HTTP/1.1" 304 217 "-" "Mozilla/5.0 (X11; Linux x86_64) AppleWebKit/537.36 (KHTML, like Gecko) Chrome/61.0.3163.79 Safari/537.36" 
64.124.8.48 - - [28/Sep/2022:09:17:54 -0700] "GET /self.logs/error.log.2020-06-16 HTTP/1.1" 304 217 "-" "Mozilla/5.0 (X11; Linux x86_64) AppleWebKit/537.36 (KHTML, like Gecko) Chrome/61.0.3163.79 Safari/537.36" 
64.124.8.48 - - [28/Sep/2022:09:18:50 -0700] "GET /self.logs/error.log.2020-11-10 HTTP/1.1" 304 217 "-" "Mozilla/5.0 (X11; Linux x86_64) AppleWebKit/537.36 (KHTML, like Gecko) Chrome/61.0.3163.79 Safari/537.36" 
64.124.8.48 - - [28/Sep/2022:09:18:51 -0700] "GET /self.logs/error.log.2020-10-08 HTTP/1.1" 304 196 "-" "Mozilla/5.0 (X11; Linux x86_64) AppleWebKit/537.36 (KHTML, like Gecko) Chrome/61.0.3163.79 Safari/537.36" 
64.124.8.48 - - [28/Sep/2022:09:18:57 -0700] "GET /self.logs/error.log.2020-10-27 HTTP/1.1" 304 217 "-" "Mozilla/5.0 (X11; Linux x86_64) AppleWebKit/537.36 (KHTML, like Gecko) Chrome/61.0.3163.79 Safari/537.36" 
64.124.8.48 - - [28/Sep/2022:09:19:23 -0700] "GET /self.logs/error.log.2020-07-28 HTTP/1.1" 304 217 "-" "Mozilla/5.0 (X11; Linux x86_64) AppleWebKit/537.36 (KHTML, like Gecko) Chrome/61.0.3163.79 Safari/537.36" 
64.124.8.48 - - [28/Sep/2022:09:20:25 -0700] "GET /self.logs/error.log.2020-12-03 HTTP/1.1" 304 217 "-" "Mozilla/5.0 (X11; Linux x86_64) AppleWebKit/537.36 (KHTML, like Gecko) Chrome/61.0.3163.79 Safari/537.36" 
64.124.8.48 - - [28/Sep/2022:09:20:32 -0700] "GET /self.logs/error.log.2020-12-22 HTTP/1.1" 304 217 "-" "Mozilla/5.0 (X11; Linux x86_64) AppleWebKit/537.36 (KHTML, like Gecko) Chrome/61.0.3163.79 Safari/537.36" 
64.124.8.48 - - [28/Sep/2022:09:20:50 -0700] "GET /self.logs/error.log.2020-09-04 HTTP/1.1" 304 217 "-" "Mozilla/5.0 (X11; Linux x86_64) AppleWebKit/537.36 (KHTML, like Gecko) Chrome/61.0.3163.79 Safari/537.36" 
64.124.8.48 - - [28/Sep/2022:09:20:58 -0700] "GET /self.logs/error.log.2020-09-23 HTTP/1.1" 304 217 "-" "Mozilla/5.0 (X11; Linux x86_64) AppleWebKit/537.36 (KHTML, like Gecko) Chrome/61.0.3163.79 Safari/537.36" 
64.124.8.48 - - [28/Sep/2022:09:21:17 -0700] "GET /self.logs/error.log.2020-06-02 HTTP/1.1" 304 217 "-" "Mozilla/5.0 (X11; Linux x86_64) AppleWebKit/537.36 (KHTML, like Gecko) Chrome/61.0.3163.79 Safari/537.36" 
64.124.8.48 - - [28/Sep/2022:09:21:23 -0700] "GET /self.logs/error.log.2020-06-21 HTTP/1.1" 304 217 "-" "Mozilla/5.0 (X11; Linux x86_64) AppleWebKit/537.36 (KHTML, like Gecko) Chrome/61.0.3163.79 Safari/537.36" 
64.124.8.48 - - [28/Sep/2022:09:22:52 -0700] "GET /self.logs/error.log.2021-09-02 HTTP/1.1" 304 217 "-" "Mozilla/5.0 (X11; Linux x86_64) AppleWebKit/537.36 (KHTML, like Gecko) Chrome/61.0.3163.79 Safari/537.36" 
34.206.152.150 - - [28/Sep/2022:09:22:54 -0700] "HEAD / HTTP/1.1" 301 186 "-" "DreamHost SiteMonitor 1.0" 
34.206.152.150 - - [28/Sep/2022:09:22:54 -0700] "HEAD / HTTP/1.1" 200 359 "http://66.33.221.139" "DreamHost SiteMonitor 1.0" 
64.124.8.48 - - [28/Sep/2022:09:22:56 -0700] "GET /self.logs/error.log.2019-09-13 HTTP/1.1" 304 198 "-" "Mozilla/5.0 (X11; Linux x86_64) AppleWebKit/537.36 (KHTML, like Gecko) Chrome/61.0.3163.79 Safari/537.36" 
64.124.8.48 - - [28/Sep/2022:09:23:01 -0700] "GET /self.logs/error.log.2020-07-14 HTTP/1.1" 304 217 "-" "Mozilla/5.0 (X11; Linux x86_64) AppleWebKit/537.36 (KHTML, like Gecko) Chrome/61.0.3163.79 Safari/537.36" 
64.124.8.48 - - [28/Sep/2022:09:23:55 -0700] "GET /self.logs/error.log.2020-01-10 HTTP/1.1" 304 219 "-" "Mozilla/5.0 (X11; Linux x86_64) AppleWebKit/537.36 (KHTML, like Gecko) Chrome/61.0.3163.79 Safari/537.36" 
64.124.8.48 - - [28/Sep/2022:09:24:21 -0700] "GET /self.logs/error.log.2020-11-06 HTTP/1.1" 304 217 "-" "Mozilla/5.0 (X11; Linux x86_64) AppleWebKit/537.36 (KHTML, like Gecko) Chrome/61.0.3163.79 Safari/537.36" 
64.124.8.48 - - [28/Sep/2022:09:24:28 -0700] "GET /self.logs/error.log.2020-11-25 HTTP/1.1" 304 217 "-" "Mozilla/5.0 (X11; Linux x86_64) AppleWebKit/537.36 (KHTML, like Gecko) Chrome/61.0.3163.79 Safari/537.36" 
64.124.8.48 - - [28/Sep/2022:09:24:51 -0700] "GET /self.logs/error.log.2019-10-22 HTTP/1.1" 304 217 "-" "Mozilla/5.0 (X11; Linux x86_64) AppleWebKit/537.36 (KHTML, like Gecko) Chrome/61.0.3163.79 Safari/537.36" 
157.55.39.38 - - [28/Sep/2022:09:25:39 -0700] "GET /self.logs/ HTTP/1.1" 200 38687 "-" "Mozilla/5.0 (compatible; bingbot/2.0; +http://www.bing.com/bingbot.htm)" 
64.124.8.48 - - [28/Sep/2022:09:26:28 -0700] "GET /self.logs/error.log.2020-12-18 HTTP/1.1" 304 217 "-" "Mozilla/5.0 (X11; Linux x86_64) AppleWebKit/537.36 (KHTML, like Gecko) Chrome/61.0.3163.79 Safari/537.36" 
64.124.8.48 - - [28/Sep/2022:09:27:00 -0700] "GET /self.logs/error.log.2020-09-19 HTTP/1.1" 304 217 "-" "Mozilla/5.0 (X11; Linux x86_64) AppleWebKit/537.36 (KHTML, like Gecko) Chrome/61.0.3163.79 Safari/537.36" 
64.124.8.48 - - [28/Sep/2022:09:27:57 -0700] "GET /self.logs/error.log.2020-03-15 HTTP/1.1" 304 219 "-" "Mozilla/5.0 (X11; Linux x86_64) AppleWebKit/537.36 (KHTML, like Gecko) Chrome/61.0.3163.79 Safari/537.36" 
64.124.8.48 - - [28/Sep/2022:09:28:42 -0700] "GET /self.logs/error.log.2019-12-08 HTTP/1.1" 304 217 "-" "Mozilla/5.0 (X11; Linux x86_64) AppleWebKit/537.36 (KHTML, like Gecko) Chrome/61.0.3163.79 Safari/537.36" 
64.124.8.48 - - [28/Sep/2022:09:28:47 -0700] "GET /self.logs/error.log.2020-11-11 HTTP/1.1" 304 217 "-" "Mozilla/5.0 (X11; Linux x86_64) AppleWebKit/537.36 (KHTML, like Gecko) Chrome/61.0.3163.79 Safari/537.36" 
64.124.8.48 - - [28/Sep/2022:09:28:49 -0700] "GET /self.logs/error.log.2020-10-09 HTTP/1.1" 304 196 "-" "Mozilla/5.0 (X11; Linux x86_64) AppleWebKit/537.36 (KHTML, like Gecko) Chrome/61.0.3163.79 Safari/537.36" 
64.124.8.48 - - [28/Sep/2022:09:28:58 -0700] "GET /self.logs/error.log.2020-10-28 HTTP/1.1" 304 217 "-" "Mozilla/5.0 (X11; Linux x86_64) AppleWebKit/537.36 (KHTML, like Gecko) Chrome/61.0.3163.79 Safari/537.36" 
64.124.8.48 - - [28/Sep/2022:09:29:33 -0700] "GET /self.logs/error.log.2020-07-29 HTTP/1.1" 304 217 "-" "Mozilla/5.0 (X11; Linux x86_64) AppleWebKit/537.36 (KHTML, like Gecko) Chrome/61.0.3163.79 Safari/537.36" 
64.124.8.48 - - [28/Sep/2022:09:30:03 -0700] "GET /self.logs/error.log.2020-04-27 HTTP/1.1" 304 217 "-" "Mozilla/5.0 (X11; Linux x86_64) AppleWebKit/537.36 (KHTML, like Gecko) Chrome/61.0.3163.79 Safari/537.36" 
64.124.8.48 - - [28/Sep/2022:09:30:36 -0700] "GET /self.logs/error.log.2020-01-25 HTTP/1.1" 304 217 "-" "Mozilla/5.0 (X11; Linux x86_64) AppleWebKit/537.36 (KHTML, like Gecko) Chrome/61.0.3163.79 Safari/537.36" 
64.124.8.48 - - [28/Sep/2022:09:30:50 -0700] "GET /self.logs/error.log.2020-12-04 HTTP/1.1" 304 217 "-" "Mozilla/5.0 (X11; Linux x86_64) AppleWebKit/537.36 (KHTML, like Gecko) Chrome/61.0.3163.79 Safari/537.36" 
64.124.8.48 - - [28/Sep/2022:09:31:26 -0700] "GET /self.logs/error.log.2020-09-05 HTTP/1.1" 304 217 "-" "Mozilla/5.0 (X11; Linux x86_64) AppleWebKit/537.36 (KHTML, like Gecko) Chrome/61.0.3163.79 Safari/537.36" 
64.124.8.48 - - [28/Sep/2022:09:31:35 -0700] "GET /self.logs/error.log.2020-09-24 HTTP/1.1" 304 217 "-" "Mozilla/5.0 (X11; Linux x86_64) AppleWebKit/537.36 (KHTML, like Gecko) Chrome/61.0.3163.79 Safari/537.36" 
64.124.8.48 - - [28/Sep/2022:09:31:53 -0700] "GET /self.logs/error.log.2020-06-03 HTTP/1.1" 304 217 "-" "Mozilla/5.0 (X11; Linux x86_64) AppleWebKit/537.36 (KHTML, like Gecko) Chrome/61.0.3163.79 Safari/537.36" 
64.124.8.48 - - [28/Sep/2022:09:32:02 -0700] "GET /self.logs/error.log.2020-06-22 HTTP/1.1" 304 217 "-" "Mozilla/5.0 (X11; Linux x86_64) AppleWebKit/537.36 (KHTML, like Gecko) Chrome/61.0.3163.79 Safari/537.36" 
64.124.8.48 - - [28/Sep/2022:09:32:30 -0700] "GET /self.logs/error.log.2020-03-20 HTTP/1.1" 304 217 "-" "Mozilla/5.0 (X11; Linux x86_64) AppleWebKit/537.36 (KHTML, like Gecko) Chrome/61.0.3163.79 Safari/537.36" 
34.206.152.150 - - [28/Sep/2022:09:32:54 -0700] "HEAD / HTTP/1.1" 301 186 "-" "DreamHost SiteMonitor 1.0" 
34.206.152.150 - - [28/Sep/2022:09:32:54 -0700] "HEAD / HTTP/1.1" 200 359 "http://66.33.221.139" "DreamHost SiteMonitor 1.0" 
73.153.161.196 - - [28/Sep/2022:09:33:18 -0700] "GET / HTTP/1.1" 200 13186 "-" "Mozilla/5.0 (Macintosh; Intel Mac OS X 10_15_7) AppleWebKit/605.1.15 (KHTML, like Gecko) Version/16.0 Safari/605.1.15" 
73.153.161.196 - - [28/Sep/2022:09:33:18 -0700] "GET /css/style.css HTTP/1.1" 404 305 "http://www.secrepo.com/" "Mozilla/5.0 (Macintosh; Intel Mac OS X 10_15_7) AppleWebKit/605.1.15 (KHTML, like Gecko) Version/16.0 Safari/605.1.15" 
73.153.161.196 - - [28/Sep/2022:09:33:18 -0700] "GET /GitHub-Mark.png HTTP/1.1" 200 7533 "http://www.secrepo.com/" "Mozilla/5.0 (Macintosh; Intel Mac OS X 10_15_7) AppleWebKit/605.1.15 (KHTML, like Gecko) Version/16.0 Safari/605.1.15" 
73.153.161.196 - - [28/Sep/2022:09:33:18 -0700] "GET /twitter-icon.png HTTP/1.1" 200 27916 "http://www.secrepo.com/" "Mozilla/5.0 (Macintosh; Intel Mac OS X 10_15_7) AppleWebKit/605.1.15 (KHTML, like Gecko) Version/16.0 Safari/605.1.15" 
64.124.8.48 - - [28/Sep/2022:09:33:22 -0700] "GET /self.logs/error.log.2021-11-19 HTTP/1.1" 304 217 "-" "Mozilla/5.0 (X11; Linux x86_64) AppleWebKit/537.36 (KHTML, like Gecko) Chrome/61.0.3163.79 Safari/537.36" 
64.124.8.48 - - [28/Sep/2022:09:33:27 -0700] "GET /self.logs/error.log.2020-10-14 HTTP/1.1" 304 196 "-" "Mozilla/5.0 (X11; Linux x86_64) AppleWebKit/537.36 (KHTML, like Gecko) Chrome/61.0.3163.79 Safari/537.36" 
64.124.8.48 - - [28/Sep/2022:09:35:08 -0700] "GET /self.logs/error.log.2020-01-30 HTTP/1.1" 304 217 "-" "Mozilla/5.0 (X11; Linux x86_64) AppleWebKit/537.36 (KHTML, like Gecko) Chrome/61.0.3163.79 Safari/537.36" 
64.124.8.48 - - [28/Sep/2022:09:35:28 -0700] "GET /self.logs/error.log.2020-11-07 HTTP/1.1" 304 217 "-" "Mozilla/5.0 (X11; Linux x86_64) AppleWebKit/537.36 (KHTML, like Gecko) Chrome/61.0.3163.79 Safari/537.36" 
64.124.8.48 - - [28/Sep/2022:09:35:58 -0700] "GET /self.logs/error.log.2020-09-10 HTTP/1.1" 304 217 "-" "Mozilla/5.0 (X11; Linux x86_64) AppleWebKit/537.36 (KHTML, like Gecko) Chrome/61.0.3163.79 Safari/537.36" 
95.163.255.52 - - [28/Sep/2022:09:36:21 -0700] "GET /robots.txt HTTP/1.0" 200 340 "-" "Mozilla/5.0 (compatible; Linux x86_64; Mail.RU_Bot/2.0; +https://help.mail.ru/webmaster/indexing/robots)" 
95.163.255.54 - - [28/Sep/2022:09:36:22 -0700] "GET /tg/tg_snort_full.7z HTTP/1.1" 200 8847868 "-" "Mozilla/5.0 (compatible; Linux x86_64; Mail.RU_Bot/2.0; +https://help.mail.ru/webmaster/indexing/robots)" 
64.124.8.48 - - [28/Sep/2022:09:38:34 -0700] "GET /self.logs/error.log.2020-07-01 HTTP/1.1" 304 217 "-" "Mozilla/5.0 (X11; Linux x86_64) AppleWebKit/537.36 (KHTML, like Gecko) Chrome/61.0.3163.79 Safari/537.36" 
64.124.8.48 - - [28/Sep/2022:09:38:48 -0700] "GET /self.logs/error.log.2020-06-18 HTTP/1.1" 304 217 "-" "Mozilla/5.0 (X11; Linux x86_64) AppleWebKit/537.36 (KHTML, like Gecko) Chrome/61.0.3163.79 Safari/537.36" 
64.124.8.48 - - [28/Sep/2022:09:39:03 -0700] "GET /self.logs/error.log.2021-05-04 HTTP/1.1" 304 217 "-" "Mozilla/5.0 (X11; Linux x86_64) AppleWebKit/537.36 (KHTML, like Gecko) Chrome/61.0.3163.79 Safari/537.36" 
114.119.149.237 - - [28/Sep/2022:09:39:38 -0700] "GET /self.logs/error.log.2020-03-28 HTTP/1.1" 200 351 "http://www.secrepo.com/self.logs?C=N%3BO%3DD" "Mozilla/5.0 (Linux; Android 7.0;) AppleWebKit/537.36 (KHTML, like Gecko) Mobile Safari/537.36 (compatible; PetalBot;+https://webmaster.petalsearch.com/site/petalbot)" 
34.206.152.150 - - [28/Sep/2022:09:42:54 -0700] "HEAD / HTTP/1.1" 301 186 "-" "DreamHost SiteMonitor 1.0" 
34.206.152.150 - - [28/Sep/2022:09:42:54 -0700] "HEAD / HTTP/1.1" 200 359 "http://66.33.221.139" "DreamHost SiteMonitor 1.0" 
107.167.35.138 - - [28/Sep/2022:09:43:16 -0700] "GET / HTTP/1.1" 200 49089 "-" "-" 
64.124.8.48 - - [28/Sep/2022:09:46:45 -0700] "GET /robots.txt HTTP/1.1" 301 439 "-" "Mozilla/5.0 (X11; Linux x86_64) AppleWebKit/537.36 (KHTML, like Gecko) Chrome/61.0.3163.79 Safari/537.36" 
64.124.8.48 - - [28/Sep/2022:09:46:45 -0700] "GET /robots.txt HTTP/1.1" 200 333 "-" "Mozilla/5.0 (X11; Linux x86_64) AppleWebKit/537.36 (KHTML, like Gecko) Chrome/61.0.3163.79 Safari/537.36" 
64.124.8.48 - - [28/Sep/2022:09:46:46 -0700] "GET /ysyqq.php HTTP/1.1" 301 437 "-" "Mozilla/5.0 (X11; Linux x86_64) AppleWebKit/537.36 (KHTML, like Gecko) Chrome/61.0.3163.79 Safari/537.36" 
64.124.8.48 - - [28/Sep/2022:09:49:39 -0700] "GET /self.logs/error.log.2020-01-31 HTTP/1.1" 200 307 "-" "Mozilla/5.0 (X11; Linux x86_64) AppleWebKit/537.36 (KHTML, like Gecko) Chrome/61.0.3163.79 Safari/537.36" 
64.124.8.48 - - [28/Sep/2022:09:50:17 -0700] "GET /self.logs/error.log.2020-12-10 HTTP/1.1" 200 307 "-" "Mozilla/5.0 (X11; Linux x86_64) AppleWebKit/537.36 (KHTML, like Gecko) Chrome/61.0.3163.79 Safari/537.36" 
64.124.8.48 - - [28/Sep/2022:09:50:22 -0700] "GET /self.logs/error.log.2020-11-08 HTTP/1.1" 200 307 "-" "Mozilla/5.0 (X11; Linux x86_64) AppleWebKit/537.36 (KHTML, like Gecko) Chrome/61.0.3163.79 Safari/537.36" 
64.124.8.48 - - [28/Sep/2022:09:50:38 -0700] "GET /self.logs/error.log.2020-11-27 HTTP/1.1" 200 4500 "-" "Mozilla/5.0 (X11; Linux x86_64) AppleWebKit/537.36 (KHTML, like Gecko) Chrome/61.0.3163.79 Safari/537.36" 
64.124.8.48 - - [28/Sep/2022:09:51:43 -0700] "GET /self.logs/error.log.2020-09-30 HTTP/1.1" 200 307 "-" "Mozilla/5.0 (X11; Linux x86_64) AppleWebKit/537.36 (KHTML, like Gecko) Chrome/61.0.3163.79 Safari/537.36" 
34.206.152.150 - - [28/Sep/2022:09:52:54 -0700] "HEAD / HTTP/1.1" 301 186 "-" "DreamHost SiteMonitor 1.0" 
34.206.152.150 - - [28/Sep/2022:09:52:54 -0700] "HEAD / HTTP/1.1" 200 359 "http://66.33.221.139" "DreamHost SiteMonitor 1.0" 
157.55.39.38 - - [28/Sep/2022:09:55:42 -0700] "GET /self.logs/ HTTP/1.1" 200 38687 "-" "Mozilla/5.0 AppleWebKit/537.36 (KHTML, like Gecko; compatible; bingbot/2.0; +http://www.bing.com/bingbot.htm) Chrome/103.0.5060.134 Safari/537.36" 
207.46.13.96 - - [28/Sep/2022:09:57:07 -0700] "GET /self.logs/access.log.2017-10-29.gz HTTP/1.1" 200 18458 "-" "Mozilla/5.0 (compatible; bingbot/2.0; +http://www.bing.com/bingbot.htm)" 
64.124.8.35 - - [28/Sep/2022:09:59:12 -0700] "GET /robots.txt HTTP/1.1" 200 333 "-" "Mozilla/5.0 (X11; Linux x86_64) AppleWebKit/537.36 (KHTML, like Gecko) Chrome/61.0.3163.79 Safari/537.36" 
64.124.8.35 - - [28/Sep/2022:09:59:12 -0700] "GET /Datasets%20Description/PE_malware/Zeus.html HTTP/1.1" 304 212 "-" "Mozilla/5.0 (X11; Linux x86_64) AppleWebKit/537.36 (KHTML, like Gecko) Chrome/61.0.3163.79 Safari/537.36" 
216.244.66.245 - - [28/Sep/2022:10:01:14 -0700] "GET /robots.txt HTTP/1.1" 200 333 "-" "Mozilla/5.0 (compatible; DotBot/1.2; +https://opensiteexplorer.org/dotbot; help@moz.com)" 
34.206.152.150 - - [28/Sep/2022:10:02:54 -0700] "HEAD / HTTP/1.1" 301 186 "-" "DreamHost SiteMonitor 1.0" 
34.206.152.150 - - [28/Sep/2022:10:02:54 -0700] "HEAD / HTTP/1.1" 200 359 "http://66.33.221.139" "DreamHost SiteMonitor 1.0" 
64.124.8.35 - - [28/Sep/2022:10:02:56 -0700] "GET /Datasets%20Description/Network/files.html HTTP/1.1" 304 233 "-" "Mozilla/5.0 (X11; Linux x86_64) AppleWebKit/537.36 (KHTML, like Gecko) Chrome/61.0.3163.79 Safari/537.36" 
49.37.34.240 - - [28/Sep/2022:10:03:19 -0700] "GET /honeypot/BSidesDFW%20-%202014.ipynb HTTP/1.1" 200 930921 "http://www.secrepo.com/" "Mozilla/5.0 (Windows NT 10.0; WOW64) AppleWebKit/537.36 (KHTML, like Gecko) Chrome/103.0.0.0 Safari/537.36 Vivaldi/5.3.2679.68" 
216.244.66.245 - - [28/Sep/2022:10:04:56 -0700] "GET /self.logs/access.log.2022-08-02.gz HTTP/1.1" 200 16717 "-" "Mozilla/5.0 (compatible; DotBot/1.2; +https://opensiteexplorer.org/dotbot; help@moz.com)" 
64.62.202.81 - - [28/Sep/2022:10:05:14 -0700] "GET /self.logs/error.log.2020-12-12 HTTP/1.1" 200 307 "-" "Mozilla/5.0 (compatible; +centuryb.o.t9[at]gmail.com)" 
216.244.66.245 - - [28/Sep/2022:10:05:59 -0700] "GET /self.logs/2015/access.log.2015-08-08.gz HTTP/1.1" 200 2867 "-" "Mozilla/5.0 (compatible; DotBot/1.2; +https://opensiteexplorer.org/dotbot; help@moz.com)" 
216.244.66.245 - - [28/Sep/2022:10:06:02 -0700] "GET /self.logs/2015/access.log.2015-10-12.gz HTTP/1.1" 200 7744 "-" "Mozilla/5.0 (compatible; DotBot/1.2; +https://opensiteexplorer.org/dotbot; help@moz.com)" 
216.244.66.245 - - [28/Sep/2022:10:06:06 -0700] "GET /self.logs/2015/access.log.2015-12-11.gz HTTP/1.1" 200 7174 "-" "Mozilla/5.0 (compatible; DotBot/1.2; +https://opensiteexplorer.org/dotbot; help@moz.com)" 
216.244.66.245 - - [28/Sep/2022:10:06:08 -0700] "GET /self.logs/2015/error.log.2015-04-05.gz HTTP/1.1" 200 1068 "-" "Mozilla/5.0 (compatible; DotBot/1.2; +https://opensiteexplorer.org/dotbot; help@moz.com)" 
216.244.66.245 - - [28/Sep/2022:10:06:11 -0700] "GET /self.logs/2015/error.log.2015-05-09.gz HTTP/1.1" 200 797 "-" "Mozilla/5.0 (compatible; DotBot/1.2; +https://opensiteexplorer.org/dotbot; help@moz.com)" 
216.244.66.245 - - [28/Sep/2022:10:06:13 -0700] "GET /self.logs/2016/access.log.2016-03-06.gz HTTP/1.1" 200 7485 "-" "Mozilla/5.0 (compatible; DotBot/1.2; +https://opensiteexplorer.org/dotbot; help@moz.com)" 
216.244.66.245 - - [28/Sep/2022:10:06:14 -0700] "GET /self.logs/2016/access.log.2016-03-30.gz HTTP/1.1" 200 8811 "-" "Mozilla/5.0 (compatible; DotBot/1.2; +https://opensiteexplorer.org/dotbot; help@moz.com)" 
216.244.66.245 - - [28/Sep/2022:10:06:16 -0700] "GET /self.logs/2016/error.log.2016-06-30.gz HTTP/1.1" 200 1029 "-" "Mozilla/5.0 (compatible; DotBot/1.2; +https://opensiteexplorer.org/dotbot; help@moz.com)" 
216.244.66.245 - - [28/Sep/2022:10:06:17 -0700] "GET /self.logs/2016/error.log.2016-11-06.gz HTTP/1.1" 200 1231 "-" "Mozilla/5.0 (compatible; DotBot/1.2; +https://opensiteexplorer.org/dotbot; help@moz.com)" 
216.244.66.245 - - [28/Sep/2022:10:06:18 -0700] "GET /self.logs/2016/error.log.2016-11-11.gz HTTP/1.1" 200 526 "-" "Mozilla/5.0 (compatible; DotBot/1.2; +https://opensiteexplorer.org/dotbot; help@moz.com)" 
216.244.66.245 - - [28/Sep/2022:10:06:19 -0700] "GET /self.logs/2016/error.log.2016-12-27.gz HTTP/1.1" 200 1109 "-" "Mozilla/5.0 (compatible; DotBot/1.2; +https://opensiteexplorer.org/dotbot; help@moz.com)" 
216.244.66.245 - - [28/Sep/2022:10:06:20 -0700] "GET /self.logs/access.log.2017-03-16.gz HTTP/1.1" 200 30860 "-" "Mozilla/5.0 (compatible; DotBot/1.2; +https://opensiteexplorer.org/dotbot; help@moz.com)" 
216.244.66.245 - - [28/Sep/2022:10:06:21 -0700] "GET /self.logs/access.log.2018-01-07.gz HTTP/1.1" 200 31025 "-" "Mozilla/5.0 (compatible; DotBot/1.2; +https://opensiteexplorer.org/dotbot; help@moz.com)" 
216.244.66.245 - - [28/Sep/2022:10:06:21 -0700] "GET /self.logs/access.log.2018-01-18.gz HTTP/1.1" 200 27041 "-" "Mozilla/5.0 (compatible; DotBot/1.2; +https://opensiteexplorer.org/dotbot; help@moz.com)" 
216.244.66.245 - - [28/Sep/2022:10:06:22 -0700] "GET /self.logs/access.log.2018-03-17.gz HTTP/1.1" 200 28184 "-" "Mozilla/5.0 (compatible; DotBot/1.2; +https://opensiteexplorer.org/dotbot; help@moz.com)" 
216.244.66.245 - - [28/Sep/2022:10:06:23 -0700] "GET /self.logs/access.log.2018-04-05.gz HTTP/1.1" 200 24403 "-" "Mozilla/5.0 (compatible; DotBot/1.2; +https://opensiteexplorer.org/dotbot; help@moz.com)" 
216.244.66.245 - - [28/Sep/2022:10:06:24 -0700] "GET /self.logs/access.log.2018-04-22.gz HTTP/1.1" 200 43898 "-" "Mozilla/5.0 (compatible; DotBot/1.2; +https://opensiteexplorer.org/dotbot; help@moz.com)" 
216.244.66.245 - - [28/Sep/2022:10:06:25 -0700] "GET /self.logs/access.log.2019-03-06.gz HTTP/1.1" 200 78875 "-" "Mozilla/5.0 (compatible; DotBot/1.2; +https://opensiteexplorer.org/dotbot; help@moz.com)" 
216.244.66.245 - - [28/Sep/2022:10:06:26 -0700] "GET /self.logs/access.log.2019-03-28.gz HTTP/1.1" 200 47669 "-" "Mozilla/5.0 (compatible; DotBot/1.2; +https://opensiteexplorer.org/dotbot; help@moz.com)" 
216.244.66.245 - - [28/Sep/2022:10:06:27 -0700] "GET /self.logs/access.log.2020-01-02.gz HTTP/1.1" 200 29285 "-" "Mozilla/5.0 (compatible; DotBot/1.2; +https://opensiteexplorer.org/dotbot; help@moz.com)" 
216.244.66.245 - - [28/Sep/2022:10:06:27 -0700] "GET /self.logs/access.log.2020-01-25.gz HTTP/1.1" 200 14580 "-" "Mozilla/5.0 (compatible; DotBot/1.2; +https://opensiteexplorer.org/dotbot; help@moz.com)" 
216.244.66.245 - - [28/Sep/2022:10:06:28 -0700] "GET /self.logs/access.log.2020-03-07.gz HTTP/1.1" 200 13579 "-" "Mozilla/5.0 (compatible; DotBot/1.2; +https://opensiteexplorer.org/dotbot; help@moz.com)" 
216.244.66.245 - - [28/Sep/2022:10:06:29 -0700] "GET /self.logs/access.log.2021-04-18.gz HTTP/1.1" 200 31823 "-" "Mozilla/5.0 (compatible; DotBot/1.2; +https://opensiteexplorer.org/dotbot; help@moz.com)" 
216.244.66.245 - - [28/Sep/2022:10:06:30 -0700] "GET /self.logs/access.log.2021-11-01.gz HTTP/1.1" 200 42426 "-" "Mozilla/5.0 (compatible; DotBot/1.2; +https://opensiteexplorer.org/dotbot; help@moz.com)" 
216.244.66.245 - - [28/Sep/2022:10:06:31 -0700] "GET /self.logs/access.log.2021-11-05.gz HTTP/1.1" 200 19474 "-" "Mozilla/5.0 (compatible; DotBot/1.2; +https://opensiteexplorer.org/dotbot; help@moz.com)" 
216.244.66.245 - - [28/Sep/2022:10:06:32 -0700] "GET /self.logs/access.log.2022-03-15.gz HTTP/1.1" 200 13233 "-" "Mozilla/5.0 (compatible; DotBot/1.2; +https://opensiteexplorer.org/dotbot; help@moz.com)" 
216.244.66.245 - - [28/Sep/2022:10:06:33 -0700] "GET /self.logs/error.log.2017-03-07.gz HTTP/1.1" 200 973 "-" "Mozilla/5.0 (compatible; DotBot/1.2; +https://opensiteexplorer.org/dotbot; help@moz.com)" 
216.244.66.245 - - [28/Sep/2022:10:06:33 -0700] "GET /self.logs/error.log.2017-03-15.gz HTTP/1.1" 200 963 "-" "Mozilla/5.0 (compatible; DotBot/1.2; +https://opensiteexplorer.org/dotbot; help@moz.com)" 
216.244.66.245 - - [28/Sep/2022:10:06:34 -0700] "GET /self.logs/error.log.2017-08-04.gz HTTP/1.1" 200 1162 "-" "Mozilla/5.0 (compatible; DotBot/1.2; +https://opensiteexplorer.org/dotbot; help@moz.com)" 
216.244.66.245 - - [28/Sep/2022:10:06:35 -0700] "GET /self.logs/error.log.2017-11-19.gz HTTP/1.1" 200 1222 "-" "Mozilla/5.0 (compatible; DotBot/1.2; +https://opensiteexplorer.org/dotbot; help@moz.com)" 
216.244.66.245 - - [28/Sep/2022:10:06:35 -0700] "GET /self.logs/error.log.2018-06-15.gz HTTP/1.1" 200 9925 "-" "Mozilla/5.0 (compatible; DotBot/1.2; +https://opensiteexplorer.org/dotbot; help@moz.com)" 
216.244.66.245 - - [28/Sep/2022:10:06:36 -0700] "GET /self.logs/error.log.2018-02-01.gz HTTP/1.1" 200 6870 "-" "Mozilla/5.0 (compatible; DotBot/1.2; +https://opensiteexplorer.org/dotbot; help@moz.com)" 
216.244.66.245 - - [28/Sep/2022:10:06:38 -0700] "GET /self.logs/error.log.2018-03-03.gz HTTP/1.1" 200 3273 "-" "Mozilla/5.0 (compatible; DotBot/1.2; +https://opensiteexplorer.org/dotbot; help@moz.com)" 
216.244.66.245 - - [28/Sep/2022:10:06:39 -0700] "GET /self.logs/error.log.2018-05-10.gz HTTP/1.1" 200 3949 "-" "Mozilla/5.0 (compatible; DotBot/1.2; +https://opensiteexplorer.org/dotbot; help@moz.com)" 
216.244.66.245 - - [28/Sep/2022:10:06:40 -0700] "GET /self.logs/error.log.2018-05-31.gz HTTP/1.1" 200 6804 "-" "Mozilla/5.0 (compatible; DotBot/1.2; +https://opensiteexplorer.org/dotbot; help@moz.com)" 
216.244.66.245 - - [28/Sep/2022:10:06:41 -0700] "GET /self.logs/error.log.2019-10-21.gz HTTP/1.1" 200 1150 "-" "Mozilla/5.0 (compatible; DotBot/1.2; +https://opensiteexplorer.org/dotbot; help@moz.com)" 
216.244.66.245 - - [28/Sep/2022:10:06:42 -0700] "GET /self.logs/error.log.2020-02-04.gz HTTP/1.1" 200 775 "-" "Mozilla/5.0 (compatible; DotBot/1.2; +https://opensiteexplorer.org/dotbot; help@moz.com)" 
216.244.66.245 - - [28/Sep/2022:10:06:42 -0700] "GET /self.logs/error.log.2021-02-20.gz HTTP/1.1" 200 1266 "-" "Mozilla/5.0 (compatible; DotBot/1.2; +https://opensiteexplorer.org/dotbot; help@moz.com)" 
216.244.66.245 - - [28/Sep/2022:10:06:43 -0700] "GET /self.logs/error.log.2021-06-16.gz HTTP/1.1" 200 1497 "-" "Mozilla/5.0 (compatible; DotBot/1.2; +https://opensiteexplorer.org/dotbot; help@moz.com)" 
216.244.66.245 - - [28/Sep/2022:10:06:44 -0700] "GET /self.logs/error.log.2021-08-29.gz HTTP/1.1" 200 4573 "-" "Mozilla/5.0 (compatible; DotBot/1.2; +https://opensiteexplorer.org/dotbot; help@moz.com)" 
216.244.66.245 - - [28/Sep/2022:10:06:45 -0700] "GET /self.logs/error.log.2021-09-06.gz HTTP/1.1" 200 1351 "-" "Mozilla/5.0 (compatible; DotBot/1.2; +https://opensiteexplorer.org/dotbot; help@moz.com)" 
216.244.66.245 - - [28/Sep/2022:10:06:45 -0700] "GET /self.logs/error.log.2021-12-18.gz HTTP/1.1" 200 5931 "-" "Mozilla/5.0 (compatible; DotBot/1.2; +https://opensiteexplorer.org/dotbot; help@moz.com)" 
216.244.66.245 - - [28/Sep/2022:10:06:46 -0700] "GET /self.logs/error.log.2022-02-24.gz HTTP/1.1" 200 6243 "-" "Mozilla/5.0 (compatible; DotBot/1.2; +https://opensiteexplorer.org/dotbot; help@moz.com)" 
64.124.8.35 - - [28/Sep/2022:10:07:39 -0700] "GET /Datasets%20Description/HTML_Bro_log_1 HTTP/1.1" 301 563 "-" "Mozilla/5.0 (X11; Linux x86_64) AppleWebKit/537.36 (KHTML, like Gecko) Chrome/61.0.3163.79 Safari/537.36" 
64.124.8.35 - - [28/Sep/2022:10:09:13 -0700] "GET /Datasets%20Description/Network/dhcp.html HTTP/1.1" 304 232 "-" "Mozilla/5.0 (X11; Linux x86_64) AppleWebKit/537.36 (KHTML, like Gecko) Chrome/61.0.3163.79 Safari/537.36" 
27.150.191.125 - - [28/Sep/2022:10:09:26 -0700] "GET / HTTP/1.1" 200 13185 "-" "Mozilla/5.0 (Windows NT 10.0; Win64; x64) AppleWebKit/537.36 (KHTML, like Gecko) Chrome/76.0.3809.25 Safari/537.36" 
27.150.191.125 - - [28/Sep/2022:10:10:07 -0700] "GET /ajax.googleapis.com/ajax/libs/jquery/2.0.2/jquery.min.js HTTP/1.1" 404 328 "-" "Mozilla/5.0 (Windows NT 10.0; Win64; x64) AppleWebKit/537.36 (KHTML, like Gecko) Chrome/76.0.3809.25 Safari/537.36" 
27.150.191.125 - - [28/Sep/2022:10:10:07 -0700] "GET /netdna.bootstrapcdn.com/bootstrap/3.1.1/js/bootstrap.min.js HTTP/1.1" 404 0 "-" "Mozilla/5.0 (Windows NT 10.0; Win64; x64) AppleWebKit/537.36 (KHTML, like Gecko) Chrome/76.0.3809.25 Safari/537.36" 
27.150.191.125 - - [28/Sep/2022:10:10:12 -0700] "GET /netdna.bootstrapcdn.com/bootstrap/3.1.1/js/bootstrap.min.js HTTP/1.1" 404 0 "-" "Mozilla/5.0 (Windows NT 10.0; Win64; x64) AppleWebKit/537.36 (KHTML, like Gecko) Chrome/76.0.3809.25 Safari/537.36" 
27.150.191.125 - - [28/Sep/2022:10:10:28 -0700] "GET /quantserve.com/quant.js HTTP/1.1" 404 328 "-" "Mozilla/5.0 (Windows NT 10.0; Win64; x64) AppleWebKit/537.36 (KHTML, like Gecko) Chrome/76.0.3809.25 Safari/537.36" 
34.206.152.150 - - [28/Sep/2022:10:12:54 -0700] "HEAD / HTTP/1.1" 301 186 "-" "DreamHost SiteMonitor 1.0" 
34.206.152.150 - - [28/Sep/2022:10:12:54 -0700] "HEAD / HTTP/1.1" 200 359 "http://66.33.221.139" "DreamHost SiteMonitor 1.0" 
64.124.8.35 - - [28/Sep/2022:10:14:50 -0700] "GET /Datasets%20Description/Network/ssh.html HTTP/1.1" 304 232 "-" "Mozilla/5.0 (X11; Linux x86_64) AppleWebKit/537.36 (KHTML, like Gecko) Chrome/61.0.3163.79 Safari/537.36" 
64.124.8.35 - - [28/Sep/2022:10:16:57 -0700] "GET /Datasets%20Description/Network/http.html HTTP/1.1" 304 233 "-" "Mozilla/5.0 (X11; Linux x86_64) AppleWebKit/537.36 (KHTML, like Gecko) Chrome/61.0.3163.79 Safari/537.36" 
64.124.8.35 - - [28/Sep/2022:10:17:34 -0700] "GET /Datasets%20Description/Network/notice.html HTTP/1.1" 304 233 "-" "Mozilla/5.0 (X11; Linux x86_64) AppleWebKit/537.36 (KHTML, like Gecko) Chrome/61.0.3163.79 Safari/537.36" 
64.124.8.35 - - [28/Sep/2022:10:18:24 -0700] "GET /Datasets%20Description/Network/smtp.html HTTP/1.1" 304 233 "-" "Mozilla/5.0 (X11; Linux x86_64) AppleWebKit/537.36 (KHTML, like Gecko) Chrome/61.0.3163.79 Safari/537.36" 
64.124.8.35 - - [28/Sep/2022:10:21:41 -0700] "GET /Datasets%20Description/Network/weird.html HTTP/1.1" 304 232 "-" "Mozilla/5.0 (X11; Linux x86_64) AppleWebKit/537.36 (KHTML, like Gecko) Chrome/61.0.3163.79 Safari/537.36" 
64.124.8.35 - - [28/Sep/2022:10:21:54 -0700] "GET /Datasets%20Description/Network/tunnel.html HTTP/1.1" 304 232 "-" "Mozilla/5.0 (X11; Linux x86_64) AppleWebKit/537.36 (KHTML, like Gecko) Chrome/61.0.3163.79 Safari/537.36" 
34.206.152.150 - - [28/Sep/2022:10:22:54 -0700] "HEAD / HTTP/1.1" 301 186 "-" "DreamHost SiteMonitor 1.0" 
34.206.152.150 - - [28/Sep/2022:10:22:54 -0700] "HEAD / HTTP/1.1" 200 359 "http://66.33.221.139" "DreamHost SiteMonitor 1.0" 
157.55.39.38 - - [28/Sep/2022:10:25:35 -0700] "GET /self.logs/ HTTP/1.1" 200 38687 "-" "Mozilla/5.0 (compatible; bingbot/2.0; +http://www.bing.com/bingbot.htm)" 
64.124.8.35 - - [28/Sep/2022:10:26:31 -0700] "GET /Datasets%20Description/Network/ssl.html HTTP/1.1" 304 233 "-" "Mozilla/5.0 (X11; Linux x86_64) AppleWebKit/537.36 (KHTML, like Gecko) Chrome/61.0.3163.79 Safari/537.36" 
106.212.176.8 - - [28/Sep/2022:10:27:55 -0700] "GET / HTTP/1.1" 200 13186 "-" "Mozilla/5.0 (Windows NT 10.0; Win64; x64) AppleWebKit/537.36 (KHTML, like Gecko) Chrome/105.0.0.0 Safari/537.36" 
106.212.176.8 - - [28/Sep/2022:10:27:55 -0700] "GET /css/style.css HTTP/1.1" 404 305 "http://www.secrepo.com/" "Mozilla/5.0 (Windows NT 10.0; Win64; x64) AppleWebKit/537.36 (KHTML, like Gecko) Chrome/105.0.0.0 Safari/537.36" 
106.212.176.8 - - [28/Sep/2022:10:27:55 -0700] "GET /GitHub-Mark.png HTTP/1.1" 200 7556 "http://www.secrepo.com/" "Mozilla/5.0 (Windows NT 10.0; Win64; x64) AppleWebKit/537.36 (KHTML, like Gecko) Chrome/105.0.0.0 Safari/537.36" 
106.212.176.8 - - [28/Sep/2022:10:27:55 -0700] "GET /twitter-icon.png HTTP/1.1" 200 27916 "http://www.secrepo.com/" "Mozilla/5.0 (Windows NT 10.0; Win64; x64) AppleWebKit/537.36 (KHTML, like Gecko) Chrome/105.0.0.0 Safari/537.36" 
106.212.176.8 - - [28/Sep/2022:10:27:57 -0700] "GET /bootstrap/img/favicon.ico HTTP/1.1" 200 690 "http://www.secrepo.com/" "Mozilla/5.0 (Windows NT 10.0; Win64; x64) AppleWebKit/537.36 (KHTML, like Gecko) Chrome/105.0.0.0 Safari/537.36" 
64.62.202.81 - - [28/Sep/2022:10:29:22 -0700] "GET /self.logs/error.log.2020-10-10 HTTP/1.1" 200 307 "-" "Mozilla/5.0 (compatible; +centuryb.o.t9[at]gmail.com)" 
64.124.8.35 - - [28/Sep/2022:10:29:26 -0700] "GET /Datasets%20Description/Network/dns.html HTTP/1.1" 304 233 "-" "Mozilla/5.0 (X11; Linux x86_64) AppleWebKit/537.36 (KHTML, like Gecko) Chrome/61.0.3163.79 Safari/537.36" 
51.75.145.235 - - [28/Sep/2022:10:29:54 -0700] "GET /robots.txt HTTP/1.1" 200 340 "-" "INETDEX-BOT/1.5 (Mozilla/5.0; https://inetdex.com/; info at inetdex dot com)" 
51.75.145.235 - - [28/Sep/2022:10:29:54 -0700] "GET /Datasets%20Description/PE_malware/VirusShare.html HTTP/1.1" 200 1614 "-" "INETDEX-BOT/1.5 (Mozilla/5.0; https://inetdex.com/; info at inetdex dot com)" 
114.119.140.174 - - [28/Sep/2022:10:32:48 -0700] "GET /self.logs/error.log.2020-06-27 HTTP/1.1" 200 351 "http://www.secrepo.com/self.logs?C=N%3BO%3DD" "Mozilla/5.0 (Linux; Android 7.0;) AppleWebKit/537.36 (KHTML, like Gecko) Mobile Safari/537.36 (compatible; PetalBot;+https://webmaster.petalsearch.com/site/petalbot)" 
34.206.152.150 - - [28/Sep/2022:10:32:54 -0700] "HEAD / HTTP/1.1" 301 186 "-" "DreamHost SiteMonitor 1.0" 
34.206.152.150 - - [28/Sep/2022:10:32:54 -0700] "HEAD / HTTP/1.1" 200 359 "http://66.33.221.139" "DreamHost SiteMonitor 1.0" 
132.207.208.141 - - [28/Sep/2022:10:33:03 -0700] "GET / HTTP/1.1" 200 13186 "-" "Mozilla/5.0 (X11; Linux x86_64; rv:103.0) Gecko/20100101 Firefox/103.0" 
132.207.208.141 - - [28/Sep/2022:10:33:03 -0700] "GET /css/style.css HTTP/1.1" 404 305 "http://www.secrepo.com/" "Mozilla/5.0 (X11; Linux x86_64; rv:103.0) Gecko/20100101 Firefox/103.0" 
132.207.208.141 - - [28/Sep/2022:10:33:03 -0700] "GET /twitter-icon.png HTTP/1.1" 200 27893 "http://www.secrepo.com/" "Mozilla/5.0 (X11; Linux x86_64; rv:103.0) Gecko/20100101 Firefox/103.0" 
132.207.208.141 - - [28/Sep/2022:10:33:03 -0700] "GET /GitHub-Mark.png HTTP/1.1" 200 7556 "http://www.secrepo.com/" "Mozilla/5.0 (X11; Linux x86_64; rv:103.0) Gecko/20100101 Firefox/103.0" 
132.207.208.141 - - [28/Sep/2022:10:33:03 -0700] "GET /css/style.css HTTP/1.1" 404 305 "http://www.secrepo.com/" "Mozilla/5.0 (X11; Linux x86_64; rv:103.0) Gecko/20100101 Firefox/103.0" 
132.207.208.141 - - [28/Sep/2022:10:33:03 -0700] "GET /bootstrap/img/favicon.ico HTTP/1.1" 200 690 "http://www.secrepo.com/" "Mozilla/5.0 (X11; Linux x86_64; rv:103.0) Gecko/20100101 Firefox/103.0" 
64.124.8.35 - - [28/Sep/2022:10:34:00 -0700] "GET /Datasets%20Description/HTML_Bro_log_3 HTTP/1.1" 301 563 "-" "Mozilla/5.0 (X11; Linux x86_64) AppleWebKit/537.36 (KHTML, like Gecko) Chrome/61.0.3163.79 Safari/537.36" 
5.194.160.83 - - [28/Sep/2022:10:36:29 -0700] "GET / HTTP/1.1" 200 13186 "-" "Mozilla/5.0 (Macintosh; Intel Mac OS X 10.15; rv:105.0) Gecko/20100101 Firefox/105.0" 
5.194.160.83 - - [28/Sep/2022:10:36:30 -0700] "GET /css/style.css HTTP/1.1" 404 328 "http://www.secrepo.com/" "Mozilla/5.0 (Macintosh; Intel Mac OS X 10.15; rv:105.0) Gecko/20100101 Firefox/105.0" 
5.194.160.83 - - [28/Sep/2022:10:36:30 -0700] "GET /GitHub-Mark.png HTTP/1.1" 304 271 "http://www.secrepo.com/" "Mozilla/5.0 (Macintosh; Intel Mac OS X 10.15; rv:105.0) Gecko/20100101 Firefox/105.0" 
5.194.160.83 - - [28/Sep/2022:10:36:30 -0700] "GET /twitter-icon.png HTTP/1.1" 304 271 "http://www.secrepo.com/" "Mozilla/5.0 (Macintosh; Intel Mac OS X 10.15; rv:105.0) Gecko/20100101 Firefox/105.0" 
5.194.160.83 - - [28/Sep/2022:10:36:30 -0700] "GET /bootstrap/img/favicon.ico HTTP/1.1" 200 713 "http://www.secrepo.com/" "Mozilla/5.0 (Macintosh; Intel Mac OS X 10.15; rv:105.0) Gecko/20100101 Firefox/105.0" 
