107.20.105.74 - - [15/Oct/2023:09:06:40 -0700] "HEAD / HTTP/1.1" 301 186 "-" "DreamHost SiteMonitor 1.0" 
107.20.105.74 - - [15/Oct/2023:09:06:40 -0700] "HEAD / HTTP/1.1" 200 359 "http://66.33.221.139" "DreamHost SiteMonitor 1.0" 
52.167.144.179 - - [15/Oct/2023:09:10:07 -0700] "GET /self.logs/error.log.2020-10-12.gz HTTP/1.1" 200 864 "-" "Mozilla/5.0 AppleWebKit/537.36 (KHTML, like Gecko; compatible; bingbot/2.0; +http://www.bing.com/bingbot.htm) Chrome/103.0.5060.134 Safari/537.36" 
51.222.253.18 - - [15/Oct/2023:09:14:17 -0700] "GET /self.logs/2016/access.log.2016-12-22.gz HTTP/1.1" 200 16551 "-" "Mozilla/5.0 (compatible; AhrefsBot/7.0; +http://ahrefs.com/robot/)" 
27.115.124.97 - - [15/Oct/2023:09:14:41 -0700] "GET / HTTP/1.1" 200 49133 "http://www.secrepo.com" "Mozilla/5.0 (Windows NT 6.2; WOW64) AppleWebKit/537.36 (KHTML, like Gecko) Chrome/29.0.1547.2 Safari/537.36" 
27.115.124.34 - - [15/Oct/2023:09:14:45 -0700] "GET / HTTP/1.1" 200 13142 "https://www.sec-wiki.com/news?News_page=984" "Mozilla/5.0 (Windows; U; Windows NT 6.1; de-DE) AppleWebKit/533.20.25 (KHTML, like Gecko) Version/5.0.3 Safari/533.19.4" 
107.20.105.74 - - [15/Oct/2023:09:16:40 -0700] "HEAD / HTTP/1.1" 301 186 "-" "DreamHost SiteMonitor 1.0" 
107.20.105.74 - - [15/Oct/2023:09:16:40 -0700] "HEAD / HTTP/1.1" 200 359 "http://66.33.221.139" "DreamHost SiteMonitor 1.0" 
51.222.253.4 - - [15/Oct/2023:09:22:34 -0700] "GET /Datasets%20Description/PE_malware/?C=N;O=D HTTP/1.1" 200 639 "-" "Mozilla/5.0 (compatible; AhrefsBot/7.0; +http://ahrefs.com/robot/)" 
107.20.105.74 - - [15/Oct/2023:09:26:40 -0700] "HEAD / HTTP/1.1" 301 186 "-" "DreamHost SiteMonitor 1.0" 
107.20.105.74 - - [15/Oct/2023:09:26:40 -0700] "HEAD / HTTP/1.1" 200 359 "http://66.33.221.139" "DreamHost SiteMonitor 1.0" 
114.119.130.3 - - [15/Oct/2023:09:36:31 -0700] "GET /self.logs/error.log.2020-08-11 HTTP/1.1" 200 351 "http://www.secrepo.com/self.logs?C=N%3BO%3DD" "Mozilla/5.0 (Linux; Android 7.0;) AppleWebKit/537.36 (KHTML, like Gecko) Mobile Safari/537.36 (compatible; PetalBot;+https://webmaster.petalsearch.com/site/petalbot)" 
107.20.105.74 - - [15/Oct/2023:09:36:40 -0700] "HEAD / HTTP/1.1" 301 186 "-" "DreamHost SiteMonitor 1.0" 
107.20.105.74 - - [15/Oct/2023:09:36:40 -0700] "HEAD / HTTP/1.1" 200 359 "http://66.33.221.139" "DreamHost SiteMonitor 1.0" 
114.119.157.156 - - [15/Oct/2023:09:37:32 -0700] "GET /Datasets%20Description/Network/?C=S%3BO%3DA HTTP/1.1" 200 769 "http://www.secrepo.com/Datasets%20Description/Network/" "Mozilla/5.0 (Linux; Android 7.0;) AppleWebKit/537.36 (KHTML, like Gecko) Mobile Safari/537.36 (compatible; PetalBot;+https://webmaster.petalsearch.com/site/petalbot)" 
40.77.167.70 - - [15/Oct/2023:09:45:22 -0700] "GET /self.logs/error.log.2023-09-02.gz HTTP/1.1" 200 2413 "-" "Mozilla/5.0 AppleWebKit/537.36 (KHTML, like Gecko; compatible; bingbot/2.0; +http://www.bing.com/bingbot.htm) Chrome/103.0.5060.134 Safari/537.36" 
107.20.105.74 - - [15/Oct/2023:09:46:40 -0700] "HEAD / HTTP/1.1" 301 186 "-" "DreamHost SiteMonitor 1.0" 
107.20.105.74 - - [15/Oct/2023:09:46:40 -0700] "HEAD / HTTP/1.1" 200 359 "http://66.33.221.139" "DreamHost SiteMonitor 1.0" 
114.119.139.207 - - [15/Oct/2023:09:49:34 -0700] "GET /self.logs/error.log.2020-11-03 HTTP/1.1" 200 351 "http://www.secrepo.com/self.logs?C=N%3BO%3DD" "Mozilla/5.0 (Linux; Android 7.0;) AppleWebKit/537.36 (KHTML, like Gecko) Mobile Safari/537.36 (compatible; PetalBot;+https://webmaster.petalsearch.com/site/petalbot)" 
114.119.135.245 - - [15/Oct/2023:09:51:59 -0700] "GET /self.logs/error.log.2020-01-13 HTTP/1.1" 200 351 "http://www.secrepo.com/self.logs?C=N%3BO%3DD" "Mozilla/5.0 (Linux; Android 7.0;) AppleWebKit/537.36 (KHTML, like Gecko) Mobile Safari/537.36 (compatible; PetalBot;+https://webmaster.petalsearch.com/site/petalbot)" 
66.249.77.98 - - [15/Oct/2023:09:54:20 -0700] "GET / HTTP/1.1" 200 13185 "-" "Mozilla/5.0 (Linux; Android 6.0.1; Nexus 5X Build/MMB29P) AppleWebKit/537.36 (KHTML, like Gecko) Chrome/117.0.5938.132 Mobile Safari/537.36 (compatible; Googlebot/2.1; +http://www.google.com/bot.html)" 
66.249.77.96 - - [15/Oct/2023:09:54:21 -0700] "GET /css/style.css HTTP/1.1" 404 328 "http://www.secrepo.com/" "Mozilla/5.0 (Linux; Android 6.0.1; Nexus 5X Build/MMB29P) AppleWebKit/537.36 (KHTML, like Gecko) Chrome/117.0.5938.149 Mobile Safari/537.36 (compatible; Googlebot/2.1; +http://www.google.com/bot.html)" 
51.222.253.17 - - [15/Oct/2023:09:56:00 -0700] "GET /self.logs/2016/error.log.2016-12-31.gz HTTP/1.1" 200 790 "-" "Mozilla/5.0 (compatible; AhrefsBot/7.0; +http://ahrefs.com/robot/)" 
107.20.105.74 - - [15/Oct/2023:09:56:40 -0700] "HEAD / HTTP/1.1" 301 186 "-" "DreamHost SiteMonitor 1.0" 
107.20.105.74 - - [15/Oct/2023:09:56:40 -0700] "HEAD / HTTP/1.1" 200 359 "http://66.33.221.139" "DreamHost SiteMonitor 1.0" 
107.20.105.74 - - [15/Oct/2023:10:06:40 -0700] "HEAD / HTTP/1.1" 301 186 "-" "DreamHost SiteMonitor 1.0" 
107.20.105.74 - - [15/Oct/2023:10:06:41 -0700] "HEAD / HTTP/1.1" 200 359 "http://66.33.221.139" "DreamHost SiteMonitor 1.0" 
51.222.253.16 - - [15/Oct/2023:10:08:35 -0700] "GET /self.logs/2016/error.log.2016-04-25.gz HTTP/1.1" 200 1301 "-" "Mozilla/5.0 (compatible; AhrefsBot/7.0; +http://ahrefs.com/robot/)" 
107.20.105.74 - - [15/Oct/2023:10:16:40 -0700] "HEAD / HTTP/1.1" 301 186 "-" "DreamHost SiteMonitor 1.0" 
107.20.105.74 - - [15/Oct/2023:10:16:40 -0700] "HEAD / HTTP/1.1" 200 359 "http://66.33.221.139" "DreamHost SiteMonitor 1.0" 
51.222.253.12 - - [15/Oct/2023:10:21:39 -0700] "GET /self.logs/2016/error.log.2016-10-26.gz HTTP/1.1" 200 875 "-" "Mozilla/5.0 (compatible; AhrefsBot/7.0; +http://ahrefs.com/robot/)" 
86.58.86.16 - - [15/Oct/2023:10:24:02 -0700] "GET /wp-login.php HTTP/1.1" 404 328 "-" "Mozilla/5.0 (Windows NT 10.0; WOW64; Trident/7.0; rv:11.0) like Gecko" 
86.58.86.16 - - [15/Oct/2023:10:24:02 -0700] "GET /xmlrpc.php HTTP/1.1" 404 250 "-" "Mozilla/5.0 (Windows NT 10.0; WOW64; Trident/7.0; rv:11.0) like Gecko" 
114.119.138.151 - - [15/Oct/2023:10:25:51 -0700] "GET /self.logs/error.log.2020-09-26 HTTP/1.1" 200 351 "http://www.secrepo.com/self.logs?C=N%3BO%3DD" "Mozilla/5.0 (Linux; Android 7.0;) AppleWebKit/537.36 (KHTML, like Gecko) Mobile Safari/537.36 (compatible; PetalBot;+https://webmaster.petalsearch.com/site/petalbot)" 
107.20.105.74 - - [15/Oct/2023:10:26:40 -0700] "HEAD / HTTP/1.1" 301 186 "-" "DreamHost SiteMonitor 1.0" 
107.20.105.74 - - [15/Oct/2023:10:26:40 -0700] "HEAD / HTTP/1.1" 200 359 "http://66.33.221.139" "DreamHost SiteMonitor 1.0" 
114.119.150.196 - - [15/Oct/2023:10:27:02 -0700] "GET /self.logs/error.log.2020-12-02 HTTP/1.1" 200 351 "http://www.secrepo.com/self.logs?C=N%3BO%3DD" "Mozilla/5.0 (Linux; Android 7.0;) AppleWebKit/537.36 (KHTML, like Gecko) Mobile Safari/537.36 (compatible; PetalBot;+https://webmaster.petalsearch.com/site/petalbot)" 
114.119.155.23 - - [15/Oct/2023:10:27:19 -0700] "GET /self.logs/error.log.2020-07-13 HTTP/1.1" 200 351 "http://www.secrepo.com/self.logs?C=N%3BO%3DD" "Mozilla/5.0 (Linux; Android 7.0;) AppleWebKit/537.36 (KHTML, like Gecko) Mobile Safari/537.36 (compatible; PetalBot;+https://webmaster.petalsearch.com/site/petalbot)" 
114.119.133.42 - - [15/Oct/2023:10:28:59 -0700] "GET /self.logs/error.log.2020-05-26 HTTP/1.1" 200 351 "-" "Mozilla/5.0 (Linux; Android 7.0;) AppleWebKit/537.36 (KHTML, like Gecko) Mobile Safari/537.36 (compatible; PetalBot;+https://webmaster.petalsearch.com/site/petalbot)" 
114.119.133.182 - - [15/Oct/2023:10:30:31 -0700] "GET /self.logs/error.log.2020-02-01 HTTP/1.1" 200 351 "http://www.secrepo.com/self.logs?C=N%3BO%3DD" "Mozilla/5.0 (Linux; Android 7.0;) AppleWebKit/537.36 (KHTML, like Gecko) Mobile Safari/537.36 (compatible; PetalBot;+https://webmaster.petalsearch.com/site/petalbot)" 
8.131.70.17 - - [15/Oct/2023:10:31:28 -0700] "GET /wp-login.php HTTP/1.1" 404 291 "-" "Mozilla/5.0 (X11; Fedora; Linux x86_64; rv:94.0) Gecko/20100101 Firefox/95.0" 
114.119.151.72 - - [15/Oct/2023:10:32:28 -0700] "GET /self.logs/error.log.2020-10-06 HTTP/1.1" 200 351 "http://www.secrepo.com/self.logs?C=N%3BO%3DD" "Mozilla/5.0 (Linux; Android 7.0;) AppleWebKit/537.36 (KHTML, like Gecko) Mobile Safari/537.36 (compatible; PetalBot;+https://webmaster.petalsearch.com/site/petalbot)" 
51.222.253.17 - - [15/Oct/2023:10:34:27 -0700] "GET /self.logs/2016/access.log.2016-05-06.gz HTTP/1.1" 200 8480 "-" "Mozilla/5.0 (compatible; AhrefsBot/7.0; +http://ahrefs.com/robot/)" 
107.20.105.74 - - [15/Oct/2023:10:36:40 -0700] "HEAD / HTTP/1.1" 301 186 "-" "DreamHost SiteMonitor 1.0" 
107.20.105.74 - - [15/Oct/2023:10:36:40 -0700] "HEAD / HTTP/1.1" 200 359 "http://66.33.221.139" "DreamHost SiteMonitor 1.0" 
38.68.134.6 - - [15/Oct/2023:10:43:11 -0700] "GET //wp-includes/wlwmanifest.xml HTTP/1.1" 429 476 "www.google.com" "Mozlila/5.0 (Linux; Android 7.0; SM-G892A Bulid/NRD90M; wv) AppleWebKit/537.36 (KHTML, like Gecko) Version/4.0 Chrome/60.0.3112.107 Moblie Safari/537.36" 
51.222.253.6 - - [15/Oct/2023:10:43:36 -0700] "GET /maccdc2012/tunnel.log.gz HTTP/1.1" 301 467 "-" "Mozilla/5.0 (compatible; AhrefsBot/7.0; +http://ahrefs.com/robot/)" 
107.20.105.74 - - [15/Oct/2023:10:46:40 -0700] "HEAD / HTTP/1.1" 301 186 "-" "DreamHost SiteMonitor 1.0" 
107.20.105.74 - - [15/Oct/2023:10:46:40 -0700] "HEAD / HTTP/1.1" 200 359 "http://66.33.221.139" "DreamHost SiteMonitor 1.0" 
51.222.253.1 - - [15/Oct/2023:10:47:25 -0700] "GET /self.logs/2016/access.log.2016-12-25.gz HTTP/1.1" 200 8700 "-" "Mozilla/5.0 (compatible; AhrefsBot/7.0; +http://ahrefs.com/robot/)" 
114.119.135.171 - - [15/Oct/2023:10:54:56 -0700] "GET /self.logs/error.log.2020-02-18 HTTP/1.1" 200 2341 "http://www.secrepo.com/self.logs?C=N%3BO%3DD" "Mozilla/5.0 (Linux; Android 7.0;) AppleWebKit/537.36 (KHTML, like Gecko) Mobile Safari/537.36 (compatible; PetalBot;+https://webmaster.petalsearch.com/site/petalbot)" 
107.20.105.74 - - [15/Oct/2023:10:56:40 -0700] "HEAD / HTTP/1.1" 301 186 "-" "DreamHost SiteMonitor 1.0" 
107.20.105.74 - - [15/Oct/2023:10:56:40 -0700] "HEAD / HTTP/1.1" 200 359 "http://66.33.221.139" "DreamHost SiteMonitor 1.0" 
51.222.253.6 - - [15/Oct/2023:11:00:19 -0700] "GET /self.logs/2016/access.log.2016-08-30.gz HTTP/1.1" 200 9241 "-" "Mozilla/5.0 (compatible; AhrefsBot/7.0; +http://ahrefs.com/robot/)" 
170.81.228.169 - - [15/Oct/2023:11:03:13 -0700] "GET /mccd2012/ftp.log.gz HTTP/1.1" 301 513 "-" "Mozilla/5.0 (Windows NT 10.0; rv:102.0) Gecko/20100101 Firefox/102.0" 
170.81.228.169 - - [15/Oct/2023:11:03:14 -0700] "GET /mccd2012/ftp.log.gz HTTP/1.1" 404 328 "-" "Mozilla/5.0 (Windows NT 10.0; rv:102.0) Gecko/20100101 Firefox/102.0" 
170.81.228.169 - - [15/Oct/2023:11:03:28 -0700] "GET /maccd2012/ftp.log.gz HTTP/1.1" 301 515 "-" "Mozilla/5.0 (Windows NT 10.0; rv:102.0) Gecko/20100101 Firefox/102.0" 
170.81.228.169 - - [15/Oct/2023:11:03:29 -0700] "GET /maccd2012/ftp.log.gz HTTP/1.1" 404 328 "-" "Mozilla/5.0 (Windows NT 10.0; rv:102.0) Gecko/20100101 Firefox/102.0" 
170.81.228.169 - - [15/Oct/2023:11:03:29 -0700] "GET /favicon.ico HTTP/1.1" 200 368 "http://www.secrepo.com/maccd2012/ftp.log.gz" "Mozilla/5.0 (Windows NT 10.0; rv:102.0) Gecko/20100101 Firefox/102.0" 
170.81.228.169 - - [15/Oct/2023:11:04:00 -0700] "GET /maccdc2012/ftp.log.gz HTTP/1.1" 200 127761 "-" "Mozilla/5.0 (Windows NT 10.0; rv:102.0) Gecko/20100101 Firefox/102.0" 
107.20.105.74 - - [15/Oct/2023:11:06:40 -0700] "HEAD / HTTP/1.1" 301 186 "-" "DreamHost SiteMonitor 1.0" 
107.20.105.74 - - [15/Oct/2023:11:06:40 -0700] "HEAD / HTTP/1.1" 200 359 "http://66.33.221.139" "DreamHost SiteMonitor 1.0" 
51.222.253.18 - - [15/Oct/2023:11:14:11 -0700] "GET /self.logs/2016/error.log.2016-05-16.gz HTTP/1.1" 200 1006 "-" "Mozilla/5.0 (compatible; AhrefsBot/7.0; +http://ahrefs.com/robot/)" 
107.20.105.74 - - [15/Oct/2023:11:16:40 -0700] "HEAD / HTTP/1.1" 301 186 "-" "DreamHost SiteMonitor 1.0" 
107.20.105.74 - - [15/Oct/2023:11:16:40 -0700] "HEAD / HTTP/1.1" 200 359 "http://66.33.221.139" "DreamHost SiteMonitor 1.0" 
216.201.9.135 - - [15/Oct/2023:11:23:17 -0700] "GET /robots.txt HTTP/1.0" 200 340 "-" "Mozilla/4.0 (compatible; fluid/0.0; +http://www.leak.info/bot.html)" 
111.206.170.125 - - [15/Oct/2023:11:24:04 -0700] "GET / HTTP/1.1" 200 13142 "https://www.sec-wiki.com/news?News_page=1171" "Mozilla/5.0 (Windows NT 6.1; WOW64) AppleWebKit/537.17 (KHTML, like Gecko) Chrome/24.0.1312.60 Safari/537.17" 
107.20.105.74 - - [15/Oct/2023:11:26:40 -0700] "HEAD / HTTP/1.1" 301 186 "-" "DreamHost SiteMonitor 1.0" 
107.20.105.74 - - [15/Oct/2023:11:26:40 -0700] "HEAD / HTTP/1.1" 200 359 "http://66.33.221.139" "DreamHost SiteMonitor 1.0" 
51.222.253.5 - - [15/Oct/2023:11:27:42 -0700] "GET /self.logs/2016/error.log.2016-02-22.gz HTTP/1.1" 200 856 "-" "Mozilla/5.0 (compatible; AhrefsBot/7.0; +http://ahrefs.com/robot/)" 
107.20.105.74 - - [15/Oct/2023:11:36:40 -0700] "HEAD / HTTP/1.1" 301 186 "-" "DreamHost SiteMonitor 1.0" 
107.20.105.74 - - [15/Oct/2023:11:36:40 -0700] "HEAD / HTTP/1.1" 200 359 "http://66.33.221.139" "DreamHost SiteMonitor 1.0" 
51.222.253.12 - - [15/Oct/2023:11:40:04 -0700] "GET /self.logs/2016/error.log.2016-07-15.gz HTTP/1.1" 200 897 "-" "Mozilla/5.0 (compatible; AhrefsBot/7.0; +http://ahrefs.com/robot/)" 
49.7.21.74 - - [15/Oct/2023:11:41:17 -0700] "GET / HTTP/1.1" 200 13149 "-" "Sogou web spider/4.0(+http://www.sogou.com/docs/help/webmasters.htm#07)" 
107.20.105.74 - - [15/Oct/2023:11:46:40 -0700] "HEAD / HTTP/1.1" 301 186 "-" "DreamHost SiteMonitor 1.0" 
107.20.105.74 - - [15/Oct/2023:11:46:40 -0700] "HEAD / HTTP/1.1" 200 359 "http://66.33.221.139" "DreamHost SiteMonitor 1.0" 
136.243.54.123 - - [15/Oct/2023:11:48:00 -0700] "GET / HTTP/1.1" 301 419 "https://www.google.it/" "Mozilla/5.0 (Windows; U; Windows NT 6.2; Win64; x64; en-US) Gecko/20100101 Firefox/69.0" 
136.243.54.123 - - [15/Oct/2023:11:48:01 -0700] "GET / HTTP/1.1" 200 49089 "https://www.google.it/" "Mozilla/5.0 (Windows; U; Windows NT 6.2; Win64; x64; en-US) Gecko/20100101 Firefox/69.0" 
40.77.167.43 - - [15/Oct/2023:11:48:35 -0700] "GET /self.logs/access.log.2018-07-25.gz HTTP/1.1" 200 25237 "-" "Mozilla/5.0 AppleWebKit/537.36 (KHTML, like Gecko; compatible; bingbot/2.0; +http://www.bing.com/bingbot.htm) Chrome/103.0.5060.134 Safari/537.36" 
52.167.144.174 - - [15/Oct/2023:11:49:11 -0700] "GET /self.logs/access.log.2019-07-02.gz HTTP/1.1" 200 29180 "-" "Mozilla/5.0 AppleWebKit/537.36 (KHTML, like Gecko; compatible; bingbot/2.0; +http://www.bing.com/bingbot.htm) Chrome/103.0.5060.134 Safari/537.36" 
66.249.72.65 - - [15/Oct/2023:11:55:57 -0700] "GET / HTTP/1.1" 301 475 "-" "Mozilla/5.0 (compatible; Googlebot/2.1; +http://www.google.com/bot.html)" 
66.249.77.96 - - [15/Oct/2023:11:55:58 -0700] "GET / HTTP/1.1" 200 13186 "-" "Mozilla/5.0 (compatible; Googlebot/2.1; +http://www.google.com/bot.html)" 
66.249.77.98 - - [15/Oct/2023:11:56:00 -0700] "GET /css/style.css HTTP/1.1" 404 328 "http://www.secrepo.com/" "Mozilla/5.0 AppleWebKit/537.36 (KHTML, like Gecko; compatible; Googlebot/2.1; +http://www.google.com/bot.html) Chrome/117.0.5938.149 Safari/537.36" 
107.20.105.74 - - [15/Oct/2023:11:56:40 -0700] "HEAD / HTTP/1.1" 301 186 "-" "DreamHost SiteMonitor 1.0" 
107.20.105.74 - - [15/Oct/2023:11:56:40 -0700] "HEAD / HTTP/1.1" 200 359 "http://66.33.221.139" "DreamHost SiteMonitor 1.0" 
51.222.253.4 - - [15/Oct/2023:11:58:17 -0700] "GET /self.logs/2016/error.log.2016-07-29.gz HTTP/1.1" 200 1026 "-" "Mozilla/5.0 (compatible; AhrefsBot/7.0; +http://ahrefs.com/robot/)" 
114.119.142.84 - - [15/Oct/2023:12:01:03 -0700] "GET /self.logs/error.log.2020-09-24 HTTP/1.1" 200 351 "http://www.secrepo.com/self.logs?C=N%3BO%3DD" "Mozilla/5.0 (Linux; Android 7.0;) AppleWebKit/537.36 (KHTML, like Gecko) Mobile Safari/537.36 (compatible; PetalBot;+https://webmaster.petalsearch.com/site/petalbot)" 
66.249.77.99 - - [15/Oct/2023:12:02:28 -0700] "GET / HTTP/1.1" 200 13186 "-" "Mozilla/5.0 (compatible; Googlebot/2.1; +http://www.google.com/bot.html)" 
66.249.77.96 - - [15/Oct/2023:12:02:29 -0700] "GET /css/style.css HTTP/1.1" 404 328 "http://www.secrepo.com/" "Mozilla/5.0 AppleWebKit/537.36 (KHTML, like Gecko; compatible; Googlebot/2.1; +http://www.google.com/bot.html) Chrome/117.0.5938.149 Safari/537.36" 
51.222.253.19 - - [15/Oct/2023:12:05:57 -0700] "GET /self.logs/2016/access.log.2016-09-21.gz HTTP/1.1" 200 20398 "-" "Mozilla/5.0 (compatible; AhrefsBot/7.0; +http://ahrefs.com/robot/)" 
52.167.144.233 - - [15/Oct/2023:12:06:15 -0700] "GET / HTTP/1.1" 200 13142 "-" "Mozilla/5.0 AppleWebKit/537.36 (KHTML, like Gecko; compatible; bingbot/2.0; +http://www.bing.com/bingbot.htm) Chrome/103.0.5060.134 Safari/537.36" 
107.20.105.74 - - [15/Oct/2023:12:06:40 -0700] "HEAD / HTTP/1.1" 301 186 "-" "DreamHost SiteMonitor 1.0" 
107.20.105.74 - - [15/Oct/2023:12:06:40 -0700] "HEAD / HTTP/1.1" 200 359 "http://66.33.221.139" "DreamHost SiteMonitor 1.0" 
5.104.111.232 - - [15/Oct/2023:12:11:26 -0700] "GET / HTTP/1.1" 301 419 "-" "Mozilla/5.0 (compatible; SemrushBot/7~bl; +http://www.semrush.com/bot.html)" 
5.104.111.232 - - [15/Oct/2023:12:11:27 -0700] "GET / HTTP/1.1" 200 13142 "-" "Mozilla/5.0 (compatible; SemrushBot/7~bl; +http://www.semrush.com/bot.html)" 
51.222.253.1 - - [15/Oct/2023:12:13:24 -0700] "GET /self.logs/2015/access.log.2015-09-13.gz HTTP/1.1" 200 4403 "-" "Mozilla/5.0 (compatible; AhrefsBot/7.0; +http://ahrefs.com/robot/)" 
104.250.237.24 - - [15/Oct/2023:12:14:03 -0700] "GET / HTTP/1.1" 301 419 "-" "-" 
104.250.237.24 - - [15/Oct/2023:12:14:04 -0700] "GET / HTTP/1.1" 429 430 "-" "-" 
107.20.105.74 - - [15/Oct/2023:12:16:40 -0700] "HEAD / HTTP/1.1" 301 186 "-" "DreamHost SiteMonitor 1.0" 
107.20.105.74 - - [15/Oct/2023:12:16:40 -0700] "HEAD / HTTP/1.1" 200 359 "http://66.33.221.139" "DreamHost SiteMonitor 1.0" 
51.222.253.12 - - [15/Oct/2023:12:21:39 -0700] "GET /self.logs/2016/access.log.2016-04-18.gz HTTP/1.1" 200 9170 "-" "Mozilla/5.0 (compatible; AhrefsBot/7.0; +http://ahrefs.com/robot/)" 
111.206.170.106 - - [15/Oct/2023:12:21:55 -0700] "GET / HTTP/1.1" 200 13142 "https://www.sec-wiki.com/news?News_page=1245" "Mozilla/5.0 (Windows NT 10.0) AppleWebKit/537.36 (KHTML, like Gecko) Chrome/40.0.2214.93 Safari/537.36" 
114.119.144.179 - - [15/Oct/2023:12:22:01 -0700] "GET /self.logs/error.log.2020-06-08 HTTP/1.1" 200 351 "http://www.secrepo.com/self.logs?C=N%3BO%3DD" "Mozilla/5.0 (Linux; Android 7.0;) AppleWebKit/537.36 (KHTML, like Gecko) Mobile Safari/537.36 (compatible; PetalBot;+https://webmaster.petalsearch.com/site/petalbot)" 
107.20.105.74 - - [15/Oct/2023:12:26:40 -0700] "HEAD / HTTP/1.1" 301 186 "-" "DreamHost SiteMonitor 1.0" 
107.20.105.74 - - [15/Oct/2023:12:26:40 -0700] "HEAD / HTTP/1.1" 200 359 "http://66.33.221.139" "DreamHost SiteMonitor 1.0" 
104.250.238.203 - - [15/Oct/2023:12:27:05 -0700] "GET //wp-content/plugins/fix/up.php HTTP/1.1" 301 533 "-" "Mozilla/5.0 (Windows NT 10.0; Win64; x64) AppleWebKit/537.36 (KHTML, like Gecko) Chrome/85.0.4183.102 Safari/537.36" 
104.250.238.203 - - [15/Oct/2023:12:27:05 -0700] "GET /wp-content/plugins/fix/up.php HTTP/1.1" 429 486 "-" "Mozilla/5.0 (Windows NT 10.0; Win64; x64) AppleWebKit/537.36 (KHTML, like Gecko) Chrome/85.0.4183.102 Safari/537.36" 
51.222.253.12 - - [15/Oct/2023:12:29:14 -0700] "GET /self.logs/2015/access.log.2015-08-07.gz HTTP/1.1" 200 4644 "-" "Mozilla/5.0 (compatible; AhrefsBot/7.0; +http://ahrefs.com/robot/)" 
114.119.130.27 - - [15/Oct/2023:12:36:07 -0700] "GET /self.logs/error.log.2020-11-17 HTTP/1.1" 200 351 "http://www.secrepo.com/self.logs?C=N%3BO%3DD" "Mozilla/5.0 (Linux; Android 7.0;) AppleWebKit/537.36 (KHTML, like Gecko) Mobile Safari/537.36 (compatible; PetalBot;+https://webmaster.petalsearch.com/site/petalbot)" 
107.20.105.74 - - [15/Oct/2023:12:36:40 -0700] "HEAD / HTTP/1.1" 301 186 "-" "DreamHost SiteMonitor 1.0" 
107.20.105.74 - - [15/Oct/2023:12:36:40 -0700] "HEAD / HTTP/1.1" 200 359 "http://66.33.221.139" "DreamHost SiteMonitor 1.0" 
51.222.253.16 - - [15/Oct/2023:12:37:13 -0700] "GET /self.logs/2016/access.log.2016-04-12.gz HTTP/1.1" 200 8815 "-" "Mozilla/5.0 (compatible; AhrefsBot/7.0; +http://ahrefs.com/robot/)" 
114.119.150.6 - - [15/Oct/2023:12:38:05 -0700] "GET /self.logs/error.log.2020-05-06 HTTP/1.1" 200 351 "http://www.secrepo.com/self.logs?C=N%3BO%3DD" "Mozilla/5.0 (Linux; Android 7.0;) AppleWebKit/537.36 (KHTML, like Gecko) Mobile Safari/537.36 (compatible; PetalBot;+https://webmaster.petalsearch.com/site/petalbot)" 
114.119.159.121 - - [15/Oct/2023:12:38:40 -0700] "GET /self.logs/error.log.2020-03-27 HTTP/1.1" 200 351 "http://www.secrepo.com/self.logs?C=N%3BO%3DD" "Mozilla/5.0 (Linux; Android 7.0;) AppleWebKit/537.36 (KHTML, like Gecko) Mobile Safari/537.36 (compatible; PetalBot;+https://webmaster.petalsearch.com/site/petalbot)" 
51.222.253.9 - - [15/Oct/2023:12:45:39 -0700] "GET /self.logs/2016/error.log.2016-12-21.gz HTTP/1.1" 200 1353 "-" "Mozilla/5.0 (compatible; AhrefsBot/7.0; +http://ahrefs.com/robot/)" 
107.20.105.74 - - [15/Oct/2023:12:46:40 -0700] "HEAD / HTTP/1.1" 301 186 "-" "DreamHost SiteMonitor 1.0" 
107.20.105.74 - - [15/Oct/2023:12:46:40 -0700] "HEAD / HTTP/1.1" 200 359 "http://66.33.221.139" "DreamHost SiteMonitor 1.0" 
51.222.253.14 - - [15/Oct/2023:12:53:26 -0700] "GET /self.logs/2015/error.log.2015-04-27.gz HTTP/1.1" 200 715 "-" "Mozilla/5.0 (compatible; AhrefsBot/7.0; +http://ahrefs.com/robot/)" 
66.249.72.65 - - [15/Oct/2023:12:54:32 -0700] "GET / HTTP/1.1" 301 475 "-" "Mozilla/5.0 (compatible; Googlebot/2.1; +http://www.google.com/bot.html)" 
66.249.77.98 - - [15/Oct/2023:12:54:33 -0700] "GET / HTTP/1.1" 200 13186 "-" "Mozilla/5.0 (compatible; Googlebot/2.1; +http://www.google.com/bot.html)" 
66.249.77.99 - - [15/Oct/2023:12:54:36 -0700] "GET /css/style.css HTTP/1.1" 404 328 "http://www.secrepo.com/" "Mozilla/5.0 AppleWebKit/537.36 (KHTML, like Gecko; compatible; Googlebot/2.1; +http://www.google.com/bot.html) Chrome/117.0.5938.149 Safari/537.36" 
107.20.105.74 - - [15/Oct/2023:12:56:40 -0700] "HEAD / HTTP/1.1" 301 186 "-" "DreamHost SiteMonitor 1.0" 
107.20.105.74 - - [15/Oct/2023:12:56:40 -0700] "HEAD / HTTP/1.1" 200 359 "http://66.33.221.139" "DreamHost SiteMonitor 1.0" 
114.119.153.38 - - [15/Oct/2023:12:57:45 -0700] "GET /self.logs/error.log.2021-01-01 HTTP/1.1" 200 351 "http://www.secrepo.com/self.logs?C=N%3BO%3DD" "Mozilla/5.0 (Linux; Android 7.0;) AppleWebKit/537.36 (KHTML, like Gecko) Mobile Safari/537.36 (compatible; PetalBot;+https://webmaster.petalsearch.com/site/petalbot)" 
51.222.253.10 - - [15/Oct/2023:13:01:43 -0700] "GET /self.logs/2016/error.log.2016-06-24.gz HTTP/1.1" 200 1381 "-" "Mozilla/5.0 (compatible; AhrefsBot/7.0; +http://ahrefs.com/robot/)" 
66.249.72.71 - - [15/Oct/2023:13:05:44 -0700] "GET / HTTP/1.1" 301 475 "-" "Mozilla/5.0 (Linux; Android 6.0.1; Nexus 5X Build/MMB29P) AppleWebKit/537.36 (KHTML, like Gecko) Chrome/117.0.5938.132 Mobile Safari/537.36 (compatible; Googlebot/2.1; +http://www.google.com/bot.html)" 
66.249.77.98 - - [15/Oct/2023:13:05:47 -0700] "GET /css/style.css HTTP/1.1" 404 328 "http://www.secrepo.com/" "Mozilla/5.0 (Linux; Android 6.0.1; Nexus 5X Build/MMB29P) AppleWebKit/537.36 (KHTML, like Gecko) Chrome/117.0.5938.149 Mobile Safari/537.36 (compatible; Googlebot/2.1; +http://www.google.com/bot.html)" 
66.249.77.98 - - [15/Oct/2023:13:05:47 -0700] "GET /css/style.css HTTP/1.1" 404 305 "http://www.secrepo.com/" "Mozilla/5.0 (Linux; Android 6.0.1; Nexus 5X Build/MMB29P) AppleWebKit/537.36 (KHTML, like Gecko) Chrome/117.0.5938.149 Mobile Safari/537.36 (compatible; Googlebot/2.1; +http://www.google.com/bot.html)" 
107.20.105.74 - - [15/Oct/2023:13:06:40 -0700] "HEAD / HTTP/1.1" 301 186 "-" "DreamHost SiteMonitor 1.0" 
107.20.105.74 - - [15/Oct/2023:13:06:40 -0700] "HEAD / HTTP/1.1" 200 359 "http://66.33.221.139" "DreamHost SiteMonitor 1.0" 
51.222.253.5 - - [15/Oct/2023:13:10:11 -0700] "GET /robots.txt HTTP/1.1" 200 333 "-" "Mozilla/5.0 (compatible; AhrefsBot/7.0; +http://ahrefs.com/robot/)" 
51.222.253.7 - - [15/Oct/2023:13:10:12 -0700] "GET /self.logs/2015/access.log.2015-12-10.gz HTTP/1.1" 200 6133 "-" "Mozilla/5.0 (compatible; AhrefsBot/7.0; +http://ahrefs.com/robot/)" 
107.20.105.74 - - [15/Oct/2023:13:16:40 -0700] "HEAD / HTTP/1.1" 301 186 "-" "DreamHost SiteMonitor 1.0" 
107.20.105.74 - - [15/Oct/2023:13:16:40 -0700] "HEAD / HTTP/1.1" 200 359 "http://66.33.221.139" "DreamHost SiteMonitor 1.0" 
64.71.131.248 - - [15/Oct/2023:13:17:49 -0700] "GET / HTTP/1.1" 301 475 "-" "Mozilla/5.0 (compatible; ev-crawler/1.0; +https://headline.com/legal/crawler)" 
64.71.131.248 - - [15/Oct/2023:13:17:49 -0700] "GET / HTTP/1.1" 200 13186 "-" "Mozilla/5.0 (compatible; ev-crawler/1.0; +https://headline.com/legal/crawler)" 
64.71.131.248 - - [15/Oct/2023:13:17:49 -0700] "GET /css/style.css HTTP/1.1" 404 328 "http://www.secrepo.com/" "Mozilla/5.0 (compatible; ev-crawler/1.0; +https://headline.com/legal/crawler)" 
64.71.131.248 - - [15/Oct/2023:13:17:49 -0700] "GET /twitter-icon.png HTTP/1.1" 200 27916 "http://www.secrepo.com/" "Mozilla/5.0 (compatible; ev-crawler/1.0; +https://headline.com/legal/crawler)" 
64.71.131.248 - - [15/Oct/2023:13:17:49 -0700] "GET /GitHub-Mark.png HTTP/1.1" 200 7556 "http://www.secrepo.com/" "Mozilla/5.0 (compatible; ev-crawler/1.0; +https://headline.com/legal/crawler)" 
114.119.156.110 - - [15/Oct/2023:13:18:05 -0700] "GET /Datasets%20Description/HTML_Bro_log_1 HTTP/1.1" 301 619 "http://www.secrepo.com/" "Mozilla/5.0 (Linux; Android 7.0;) AppleWebKit/537.36 (KHTML, like Gecko) Mobile Safari/537.36 (compatible; PetalBot;+https://webmaster.petalsearch.com/site/petalbot)" 
114.119.156.110 - - [15/Oct/2023:13:18:09 -0700] "GET /Datasets%20Description/HTML_Bro_log_1/ HTTP/1.1" 200 811 "http://www.secrepo.com/" "Mozilla/5.0 (Linux; Android 7.0;) AppleWebKit/537.36 (KHTML, like Gecko) Mobile Safari/537.36 (compatible; PetalBot;+https://webmaster.petalsearch.com/site/petalbot)" 
51.222.253.2 - - [15/Oct/2023:13:18:22 -0700] "GET /self.logs/2016/access.log.2016-02-26.gz HTTP/1.1" 200 13340 "-" "Mozilla/5.0 (compatible; AhrefsBot/7.0; +http://ahrefs.com/robot/)" 
114.119.139.61 - - [15/Oct/2023:13:25:42 -0700] "GET /self.logs/error.log.2020-10-05 HTTP/1.1" 200 351 "http://www.secrepo.com/self.logs?C=N%3BO%3DD" "Mozilla/5.0 (Linux; Android 7.0;) AppleWebKit/537.36 (KHTML, like Gecko) Mobile Safari/537.36 (compatible; PetalBot;+https://webmaster.petalsearch.com/site/petalbot)" 
3.85.224.65 - - [15/Oct/2023:13:26:09 -0700] "GET / HTTP/1.1" 200 13186 "-" "Iframely/1.3.1 (+https://iframely.com/docs/about) Atlassian" 
54.242.57.161 - - [15/Oct/2023:13:26:09 -0700] "GET / HTTP/1.1" 200 13186 "-" "Iframely/1.3.1 (+https://iframely.com/docs/about) Atlassian" 
107.20.105.74 - - [15/Oct/2023:13:26:40 -0700] "HEAD / HTTP/1.1" 301 186 "-" "DreamHost SiteMonitor 1.0" 
107.20.105.74 - - [15/Oct/2023:13:26:40 -0700] "HEAD / HTTP/1.1" 200 359 "http://66.33.221.139" "DreamHost SiteMonitor 1.0" 
51.222.253.6 - - [15/Oct/2023:13:26:41 -0700] "GET /self.logs/2016/access.log.2016-12-18.gz HTTP/1.1" 200 10090 "-" "Mozilla/5.0 (compatible; AhrefsBot/7.0; +http://ahrefs.com/robot/)" 
51.222.253.16 - - [15/Oct/2023:13:35:08 -0700] "GET /self.logs/2015/error.log.2015-04-24.gz HTTP/1.1" 200 723 "-" "Mozilla/5.0 (compatible; AhrefsBot/7.0; +http://ahrefs.com/robot/)" 
107.20.105.74 - - [15/Oct/2023:13:36:40 -0700] "HEAD / HTTP/1.1" 301 186 "-" "DreamHost SiteMonitor 1.0" 
107.20.105.74 - - [15/Oct/2023:13:36:40 -0700] "HEAD / HTTP/1.1" 200 359 "http://66.33.221.139" "DreamHost SiteMonitor 1.0" 
51.222.253.17 - - [15/Oct/2023:13:43:41 -0700] "GET /self.logs/2016/error.log.2016-12-17.gz HTTP/1.1" 200 811 "-" "Mozilla/5.0 (compatible; AhrefsBot/7.0; +http://ahrefs.com/robot/)" 
114.119.135.136 - - [15/Oct/2023:13:45:16 -0700] "GET /self.logs/error.log.2020-02-07 HTTP/1.1" 200 351 "http://www.secrepo.com/self.logs?C=N%3BO%3DD" "Mozilla/5.0 (Linux; Android 7.0;) AppleWebKit/537.36 (KHTML, like Gecko) Mobile Safari/537.36 (compatible; PetalBot;+https://webmaster.petalsearch.com/site/petalbot)" 
107.20.105.74 - - [15/Oct/2023:13:46:40 -0700] "HEAD / HTTP/1.1" 301 186 "-" "DreamHost SiteMonitor 1.0" 
107.20.105.74 - - [15/Oct/2023:13:46:40 -0700] "HEAD / HTTP/1.1" 200 359 "http://66.33.221.139" "DreamHost SiteMonitor 1.0" 
61.52.132.38 - - [15/Oct/2023:13:50:47 -0700] "GET /robots.txt HTTP/1.1" 200 340 "-" "Mozilla/5.0 (Windows NT 10.0; WOW64) AppleWebKit/537.36 (KHTML, like Gecko) Chrome/89.0.2659.81 Safari/537.36 Core/1.70.3722.400 QQBrowser/10.5.3739.400" 
51.222.253.13 - - [15/Oct/2023:13:52:15 -0700] "GET /self.logs/2016/access.log.2016-10-17.gz HTTP/1.1" 200 9180 "-" "Mozilla/5.0 (compatible; AhrefsBot/7.0; +http://ahrefs.com/robot/)" 
107.20.105.74 - - [15/Oct/2023:13:56:40 -0700] "HEAD / HTTP/1.1" 301 186 "-" "DreamHost SiteMonitor 1.0" 
107.20.105.74 - - [15/Oct/2023:13:56:40 -0700] "HEAD / HTTP/1.1" 200 359 "http://66.33.221.139" "DreamHost SiteMonitor 1.0" 
129.64.0.34 - - [15/Oct/2023:13:58:13 -0700] "GET / HTTP/1.1" 200 13186 "-" "Mozilla/5.0 (Macintosh; Intel Mac OS X 10_15_7) AppleWebKit/605.1.15 (KHTML, like Gecko) Version/16.4 Safari/605.1.15" 
129.64.0.34 - - [15/Oct/2023:13:58:14 -0700] "GET /css/style.css HTTP/1.1" 404 328 "http://www.secrepo.com/" "Mozilla/5.0 (Macintosh; Intel Mac OS X 10_15_7) AppleWebKit/605.1.15 (KHTML, like Gecko) Version/16.4 Safari/605.1.15" 
129.64.0.34 - - [15/Oct/2023:13:58:14 -0700] "GET /GitHub-Mark.png HTTP/1.1" 200 7533 "http://www.secrepo.com/" "Mozilla/5.0 (Macintosh; Intel Mac OS X 10_15_7) AppleWebKit/605.1.15 (KHTML, like Gecko) Version/16.4 Safari/605.1.15" 
129.64.0.34 - - [15/Oct/2023:13:58:14 -0700] "GET /twitter-icon.png HTTP/1.1" 200 27893 "http://www.secrepo.com/" "Mozilla/5.0 (Macintosh; Intel Mac OS X 10_15_7) AppleWebKit/605.1.15 (KHTML, like Gecko) Version/16.4 Safari/605.1.15" 
129.64.0.34 - - [15/Oct/2023:13:58:15 -0700] "GET /bootstrap/img/favicon.ico HTTP/1.1" 200 690 "http://www.secrepo.com/" "Mozilla/5.0 (Macintosh; Intel Mac OS X 10_15_7) AppleWebKit/605.1.15 (KHTML, like Gecko) Version/16.4 Safari/605.1.15" 
51.222.253.4 - - [15/Oct/2023:14:00:35 -0700] "GET /self.logs/2015/error.log.2015-09-29.gz HTTP/1.1" 200 691 "-" "Mozilla/5.0 (compatible; AhrefsBot/7.0; +http://ahrefs.com/robot/)" 
104.248.82.249 - - [15/Oct/2023:14:05:15 -0700] "GET /.well-known/admin.php HTTP/1.1" 301 517 "www.google.com" "Mozlila/5.0 (Linux; Android 7.0; SM-G892A Bulid/NRD90M; wv) AppleWebKit/537.36 (KHTML, like Gecko) Version/4.0 Chrome/60.0.3112.107 Moblie Safari/537.36" 
104.248.82.249 - - [15/Oct/2023:14:05:16 -0700] "GET /.well-known/admin.php HTTP/1.1" 404 328 "www.google.com" "Mozlila/5.0 (Linux; Android 7.0; SM-G892A Bulid/NRD90M; wv) AppleWebKit/537.36 (KHTML, like Gecko) Version/4.0 Chrome/60.0.3112.107 Moblie Safari/537.36" 
184.22.8.82 - - [15/Oct/2023:14:05:50 -0700] "GET / HTTP/1.1" 200 13186 "-" "Mozilla/5.0 (X11; Linux x86_64) AppleWebKit/537.36 (KHTML, like Gecko) Chrome/118.0.0.0 Safari/537.36" 
184.22.8.82 - - [15/Oct/2023:14:05:51 -0700] "GET /css/style.css HTTP/1.1" 404 305 "http://www.secrepo.com/" "Mozilla/5.0 (X11; Linux x86_64) AppleWebKit/537.36 (KHTML, like Gecko) Chrome/118.0.0.0 Safari/537.36" 
184.22.8.82 - - [15/Oct/2023:14:05:51 -0700] "GET /twitter-icon.png HTTP/1.1" 200 27872 "http://www.secrepo.com/" "Mozilla/5.0 (X11; Linux x86_64) AppleWebKit/537.36 (KHTML, like Gecko) Chrome/118.0.0.0 Safari/537.36" 
184.22.8.82 - - [15/Oct/2023:14:05:51 -0700] "GET /GitHub-Mark.png HTTP/1.1" 200 7512 "http://www.secrepo.com/" "Mozilla/5.0 (X11; Linux x86_64) AppleWebKit/537.36 (KHTML, like Gecko) Chrome/118.0.0.0 Safari/537.36" 
184.22.8.82 - - [15/Oct/2023:14:05:52 -0700] "GET /bootstrap/img/favicon.ico HTTP/1.1" 200 713 "http://www.secrepo.com/" "Mozilla/5.0 (X11; Linux x86_64) AppleWebKit/537.36 (KHTML, like Gecko) Chrome/118.0.0.0 Safari/537.36" 
107.20.105.74 - - [15/Oct/2023:14:06:40 -0700] "HEAD / HTTP/1.1" 301 186 "-" "DreamHost SiteMonitor 1.0" 
107.20.105.74 - - [15/Oct/2023:14:06:40 -0700] "HEAD / HTTP/1.1" 200 359 "http://66.33.221.139" "DreamHost SiteMonitor 1.0" 
51.222.253.6 - - [15/Oct/2023:14:08:40 -0700] "GET /Datasets%20Description/?C=N;O=A HTTP/1.1" 200 633 "-" "Mozilla/5.0 (compatible; AhrefsBot/7.0; +http://ahrefs.com/robot/)" 
51.222.253.8 - - [15/Oct/2023:14:10:36 -0700] "GET / HTTP/1.1" 200 13142 "-" "Mozilla/5.0 (compatible; AhrefsBot/7.0; +http://ahrefs.com/robot/)" 
17.241.219.171 - - [15/Oct/2023:14:12:05 -0700] "GET /self.logs/2015/ HTTP/1.1" 200 7577 "-" "Mozilla/5.0 (Macintosh; Intel Mac OS X 10_15_5) AppleWebKit/605.1.15 (KHTML, like Gecko) Version/13.1.1 Safari/605.1.15 (Applebot/0.1; +http://www.apple.com/go/applebot)" 
114.119.157.236 - - [15/Oct/2023:14:13:01 -0700] "GET /self.logs/error.log.2020-10-14 HTTP/1.1" 200 351 "http://www.secrepo.com/self.logs?C=N%3BO%3DD" "Mozilla/5.0 (Linux; Android 7.0;) AppleWebKit/537.36 (KHTML, like Gecko) Mobile Safari/537.36 (compatible; PetalBot;+https://webmaster.petalsearch.com/site/petalbot)" 
114.119.157.195 - - [15/Oct/2023:14:14:44 -0700] "GET /self.logs/error.log.2020-06-04 HTTP/1.1" 200 351 "-" "Mozilla/5.0 (Linux; Android 7.0;) AppleWebKit/537.36 (KHTML, like Gecko) Mobile Safari/537.36 (compatible; PetalBot;+https://webmaster.petalsearch.com/site/petalbot)" 
114.119.135.96 - - [15/Oct/2023:14:16:10 -0700] "GET /self.logs/error.log.2020-05-19 HTTP/1.1" 200 351 "http://www.secrepo.com/self.logs?C=N%3BO%3DD" "Mozilla/5.0 (Linux; Android 7.0;) AppleWebKit/537.36 (KHTML, like Gecko) Mobile Safari/537.36 (compatible; PetalBot;+https://webmaster.petalsearch.com/site/petalbot)" 
107.20.105.74 - - [15/Oct/2023:14:16:40 -0700] "HEAD / HTTP/1.1" 301 186 "-" "DreamHost SiteMonitor 1.0" 
107.20.105.74 - - [15/Oct/2023:14:16:40 -0700] "HEAD / HTTP/1.1" 200 359 "http://66.33.221.139" "DreamHost SiteMonitor 1.0" 
114.119.128.50 - - [15/Oct/2023:14:17:07 -0700] "GET /Datasets%20Description/Network/files.html HTTP/1.1" 200 1532 "http://www.secrepo.com/Datasets%20Description/Network?C=D%3BO%3DA" "Mozilla/5.0 (Linux; Android 7.0;) AppleWebKit/537.36 (KHTML, like Gecko) Mobile Safari/537.36 (compatible; PetalBot;+https://webmaster.petalsearch.com/site/petalbot)" 
40.77.167.70 - - [15/Oct/2023:14:22:59 -0700] "GET /self.logs/access.log.2022-05-03.gz HTTP/1.1" 200 15724 "-" "Mozilla/5.0 AppleWebKit/537.36 (KHTML, like Gecko; compatible; bingbot/2.0; +http://www.bing.com/bingbot.htm) Chrome/103.0.5060.134 Safari/537.36" 
51.222.253.14 - - [15/Oct/2023:14:23:13 -0700] "GET /self.logs/2016/error.log.2016-08-03.gz HTTP/1.1" 200 1624 "-" "Mozilla/5.0 (compatible; AhrefsBot/7.0; +http://ahrefs.com/robot/)" 
107.20.105.74 - - [15/Oct/2023:14:26:40 -0700] "HEAD / HTTP/1.1" 301 186 "-" "DreamHost SiteMonitor 1.0" 
107.20.105.74 - - [15/Oct/2023:14:26:40 -0700] "HEAD / HTTP/1.1" 200 359 "http://66.33.221.139" "DreamHost SiteMonitor 1.0" 
51.222.253.19 - - [15/Oct/2023:14:29:41 -0700] "GET /self.logs/2016/error.log.2016-05-09.gz HTTP/1.1" 200 671 "-" "Mozilla/5.0 (compatible; AhrefsBot/7.0; +http://ahrefs.com/robot/)" 
51.222.253.19 - - [15/Oct/2023:14:35:31 -0700] "GET /self.logs/2016/access.log.2016-04-13.gz HTTP/1.1" 200 16195 "-" "Mozilla/5.0 (compatible; AhrefsBot/7.0; +http://ahrefs.com/robot/)" 
107.20.105.74 - - [15/Oct/2023:14:36:40 -0700] "HEAD / HTTP/1.1" 301 186 "-" "DreamHost SiteMonitor 1.0" 
107.20.105.74 - - [15/Oct/2023:14:36:40 -0700] "HEAD / HTTP/1.1" 200 359 "http://66.33.221.139" "DreamHost SiteMonitor 1.0" 
51.222.253.10 - - [15/Oct/2023:14:41:21 -0700] "GET /self.logs/2016/error.log.2016-06-21.gz HTTP/1.1" 200 802 "-" "Mozilla/5.0 (compatible; AhrefsBot/7.0; +http://ahrefs.com/robot/)" 
95.165.156.168 - - [15/Oct/2023:14:43:22 -0700] "GET /self.logs/ HTTP/1.1" 200 45846 "-" "Mozilla/5.0 (Windows NT 10.0; Win64; x64) AppleWebKit/537.36 (KHTML, like Gecko) Chrome/117.0.0.0 Safari/537.36" 
95.165.156.168 - - [15/Oct/2023:14:43:23 -0700] "GET /self.logs/ HTTP/1.1" 200 45846 "-" "Mozilla/5.0 (Windows NT 10.0; Win64; x64) AppleWebKit/537.36 (KHTML, like Gecko) Chrome/117.0.0.0 Safari/537.36" 
95.165.156.168 - - [15/Oct/2023:14:43:44 -0700] "GET /favicon.ico HTTP/1.1" 200 368 "http://www.secrepo.com/self.logs/" "Mozilla/5.0 (Windows NT 10.0; Win64; x64) AppleWebKit/537.36 (KHTML, like Gecko) Chrome/117.0.0.0 Safari/537.36" 
95.165.156.168 - - [15/Oct/2023:14:43:48 -0700] "GET /self.logs/access.log.2017-01-01.gz HTTP/1.1" 200 17655 "http://www.secrepo.com/self.logs/" "Mozilla/5.0 (Windows NT 10.0; Win64; x64) AppleWebKit/537.36 (KHTML, like Gecko) Chrome/117.0.0.0 Safari/537.36" 
107.20.105.74 - - [15/Oct/2023:14:46:40 -0700] "HEAD / HTTP/1.1" 301 186 "-" "DreamHost SiteMonitor 1.0" 
107.20.105.74 - - [15/Oct/2023:14:46:40 -0700] "HEAD / HTTP/1.1" 200 359 "http://66.33.221.139" "DreamHost SiteMonitor 1.0" 
51.222.253.14 - - [15/Oct/2023:14:47:51 -0700] "GET /self.logs/2016/access.log.2016-11-13.gz HTTP/1.1" 200 12440 "-" "Mozilla/5.0 (compatible; AhrefsBot/7.0; +http://ahrefs.com/robot/)" 
51.222.253.14 - - [15/Oct/2023:14:53:47 -0700] "GET /self.logs/2016/error.log.2016-03-11.gz HTTP/1.1" 200 910 "-" "Mozilla/5.0 (compatible; AhrefsBot/7.0; +http://ahrefs.com/robot/)" 
95.165.156.168 - - [15/Oct/2023:14:55:11 -0700] "GET /self.logs/ HTTP/1.1" 200 45846 "-" "Mozilla/5.0 (Windows NT 10.0; Win64; x64) AppleWebKit/537.36 (KHTML, like Gecko) Chrome/117.0.0.0 Safari/537.36" 
107.20.105.74 - - [15/Oct/2023:14:56:40 -0700] "HEAD / HTTP/1.1" 301 186 "-" "DreamHost SiteMonitor 1.0" 
107.20.105.74 - - [15/Oct/2023:14:56:40 -0700] "HEAD / HTTP/1.1" 200 359 "http://66.33.221.139" "DreamHost SiteMonitor 1.0" 
51.222.253.1 - - [15/Oct/2023:14:59:39 -0700] "GET /self.logs/2016/access.log.2016-03-07.gz HTTP/1.1" 200 9478 "-" "Mozilla/5.0 (compatible; AhrefsBot/7.0; +http://ahrefs.com/robot/)" 
51.222.253.17 - - [15/Oct/2023:15:05:41 -0700] "GET /self.logs/2016/access.log.2016-04-22.gz HTTP/1.1" 200 8038 "-" "Mozilla/5.0 (compatible; AhrefsBot/7.0; +http://ahrefs.com/robot/)" 
107.20.105.74 - - [15/Oct/2023:15:06:40 -0700] "HEAD / HTTP/1.1" 301 186 "-" "DreamHost SiteMonitor 1.0" 
107.20.105.74 - - [15/Oct/2023:15:06:40 -0700] "HEAD / HTTP/1.1" 200 359 "http://66.33.221.139" "DreamHost SiteMonitor 1.0" 
51.222.253.19 - - [15/Oct/2023:15:11:20 -0700] "GET /self.logs/2016/access.log.2016-08-08.gz HTTP/1.1" 200 8887 "-" "Mozilla/5.0 (compatible; AhrefsBot/7.0; +http://ahrefs.com/robot/)" 
104.244.240.53 - - [15/Oct/2023:15:12:29 -0700] "GET /bootstrap/img/favicon.ico HTTP/1.1" 200 713 "-" "Client/34739 CFNetwork/1410.0.3 Darwin/22.6.0" 
107.20.105.74 - - [15/Oct/2023:15:16:40 -0700] "HEAD / HTTP/1.1" 301 186 "-" "DreamHost SiteMonitor 1.0" 
107.20.105.74 - - [15/Oct/2023:15:16:40 -0700] "HEAD / HTTP/1.1" 200 359 "http://66.33.221.139" "DreamHost SiteMonitor 1.0" 
51.222.253.12 - - [15/Oct/2023:15:17:02 -0700] "GET /self.logs/2016/access.log.2016-04-26.gz HTTP/1.1" 200 8229 "-" "Mozilla/5.0 (compatible; AhrefsBot/7.0; +http://ahrefs.com/robot/)" 
51.222.253.8 - - [15/Oct/2023:15:22:38 -0700] "GET /self.logs/2016/access.log.2016-12-14.gz HTTP/1.1" 200 7203 "-" "Mozilla/5.0 (compatible; AhrefsBot/7.0; +http://ahrefs.com/robot/)" 
107.20.105.74 - - [15/Oct/2023:15:26:40 -0700] "HEAD / HTTP/1.1" 301 186 "-" "DreamHost SiteMonitor 1.0" 
107.20.105.74 - - [15/Oct/2023:15:26:40 -0700] "HEAD / HTTP/1.1" 200 359 "http://66.33.221.139" "DreamHost SiteMonitor 1.0" 
52.167.144.10 - - [15/Oct/2023:15:27:24 -0700] "GET /self.logs/error.log.2023-02-02.gz HTTP/1.1" 200 2118 "-" "Mozilla/5.0 AppleWebKit/537.36 (KHTML, like Gecko; compatible; bingbot/2.0; +http://www.bing.com/bingbot.htm) Chrome/103.0.5060.134 Safari/537.36" 
51.222.253.10 - - [15/Oct/2023:15:28:28 -0700] "GET /self.logs/2016/access.log.2016-02-28.gz HTTP/1.1" 200 9432 "-" "Mozilla/5.0 (compatible; AhrefsBot/7.0; +http://ahrefs.com/robot/)" 
114.119.145.79 - - [15/Oct/2023:15:30:26 -0700] "GET /self.logs/error.log.2020-03-27 HTTP/1.1" 200 351 "http://www.secrepo.com/self.logs?C=N%3BO%3DD" "Mozilla/5.0 (Linux; Android 7.0;) AppleWebKit/537.36 (KHTML, like Gecko) Mobile Safari/537.36 (compatible; PetalBot;+https://webmaster.petalsearch.com/site/petalbot)" 
40.77.167.54 - - [15/Oct/2023:15:31:54 -0700] "GET /self.logs/error.log.2023-08-15.gz HTTP/1.1" 200 2697 "-" "Mozilla/5.0 AppleWebKit/537.36 (KHTML, like Gecko; compatible; bingbot/2.0; +http://www.bing.com/bingbot.htm) Chrome/103.0.5060.134 Safari/537.36" 
51.222.253.9 - - [15/Oct/2023:15:34:00 -0700] "GET /self.logs/2015/access.log.2015-09-29.gz HTTP/1.1" 200 5325 "-" "Mozilla/5.0 (compatible; AhrefsBot/7.0; +http://ahrefs.com/robot/)" 
107.20.105.74 - - [15/Oct/2023:15:36:40 -0700] "HEAD / HTTP/1.1" 301 186 "-" "DreamHost SiteMonitor 1.0" 
107.20.105.74 - - [15/Oct/2023:15:36:40 -0700] "HEAD / HTTP/1.1" 200 359 "http://66.33.221.139" "DreamHost SiteMonitor 1.0" 
51.222.253.2 - - [15/Oct/2023:15:39:28 -0700] "GET /self.logs/2016/access.log.2016-04-08.gz HTTP/1.1" 200 20027 "-" "Mozilla/5.0 (compatible; AhrefsBot/7.0; +http://ahrefs.com/robot/)" 
51.222.253.13 - - [15/Oct/2023:15:45:26 -0700] "GET /self.logs/2015/error.log.2015-05-04.gz HTTP/1.1" 200 772 "-" "Mozilla/5.0 (compatible; AhrefsBot/7.0; +http://ahrefs.com/robot/)" 
107.20.105.74 - - [15/Oct/2023:15:46:40 -0700] "HEAD / HTTP/1.1" 301 186 "-" "DreamHost SiteMonitor 1.0" 
107.20.105.74 - - [15/Oct/2023:15:46:40 -0700] "HEAD / HTTP/1.1" 200 359 "http://66.33.221.139" "DreamHost SiteMonitor 1.0" 
51.222.253.6 - - [15/Oct/2023:15:50:59 -0700] "GET /self.logs/2015/error.log.2015-04-06.gz HTTP/1.1" 200 685 "-" "Mozilla/5.0 (compatible; AhrefsBot/7.0; +http://ahrefs.com/robot/)" 
40.77.167.50 - - [15/Oct/2023:15:55:18 -0700] "GET /self.logs/error.log.2022-01-22.gz HTTP/1.1" 200 5187 "-" "Mozilla/5.0 AppleWebKit/537.36 (KHTML, like Gecko; compatible; bingbot/2.0; +http://www.bing.com/bingbot.htm) Chrome/103.0.5060.134 Safari/537.36" 
107.20.105.74 - - [15/Oct/2023:15:56:40 -0700] "HEAD / HTTP/1.1" 301 186 "-" "DreamHost SiteMonitor 1.0" 
107.20.105.74 - - [15/Oct/2023:15:56:40 -0700] "HEAD / HTTP/1.1" 200 359 "http://66.33.221.139" "DreamHost SiteMonitor 1.0" 
51.222.253.20 - - [15/Oct/2023:15:57:19 -0700] "GET /self.logs/2015/access.log.2015-10-29.gz HTTP/1.1" 200 5345 "-" "Mozilla/5.0 (compatible; AhrefsBot/7.0; +http://ahrefs.com/robot/)" 
51.222.253.11 - - [15/Oct/2023:16:03:08 -0700] "GET /self.logs/2016/access.log.2016-10-22.gz HTTP/1.1" 200 6477 "-" "Mozilla/5.0 (compatible; AhrefsBot/7.0; +http://ahrefs.com/robot/)" 
107.20.105.74 - - [15/Oct/2023:16:06:40 -0700] "HEAD / HTTP/1.1" 301 186 "-" "DreamHost SiteMonitor 1.0" 
107.20.105.74 - - [15/Oct/2023:16:06:40 -0700] "HEAD / HTTP/1.1" 200 359 "http://66.33.221.139" "DreamHost SiteMonitor 1.0" 
114.119.138.202 - - [15/Oct/2023:16:08:16 -0700] "GET /self.logs/error.log.2020-09-24 HTTP/1.1" 200 351 "http://www.secrepo.com/self.logs?C=N%3BO%3DD" "Mozilla/5.0 (Linux; Android 7.0;) AppleWebKit/537.36 (KHTML, like Gecko) Mobile Safari/537.36 (compatible; PetalBot;+https://webmaster.petalsearch.com/site/petalbot)" 
51.222.253.1 - - [15/Oct/2023:16:08:51 -0700] "GET /self.logs/2015/error.log.2015-12-02.gz HTTP/1.1" 200 677 "-" "Mozilla/5.0 (compatible; AhrefsBot/7.0; +http://ahrefs.com/robot/)" 
114.119.135.66 - - [15/Oct/2023:16:10:34 -0700] "GET /self.logs/error.log.2020-03-04 HTTP/1.1" 200 351 "http://www.secrepo.com/self.logs?C=N%3BO%3DD" "Mozilla/5.0 (Linux; Android 7.0;) AppleWebKit/537.36 (KHTML, like Gecko) Mobile Safari/537.36 (compatible; PetalBot;+https://webmaster.petalsearch.com/site/petalbot)" 
52.167.144.191 - - [15/Oct/2023:16:11:32 -0700] "GET /Datasets%20Description/Network/signatures.html HTTP/1.1" 404 284 "-" "Mozilla/5.0 AppleWebKit/537.36 (KHTML, like Gecko; compatible; bingbot/2.0; +http://www.bing.com/bingbot.htm) Chrome/103.0.5060.134 Safari/537.36" 
51.222.253.15 - - [15/Oct/2023:16:12:58 -0700] "GET /self.logs/2015/access.log.2015-05-16.gz HTTP/1.1" 200 3702 "-" "Mozilla/5.0 (compatible; AhrefsBot/7.0; +http://ahrefs.com/robot/)" 
107.20.105.74 - - [15/Oct/2023:16:16:40 -0700] "HEAD / HTTP/1.1" 301 186 "-" "DreamHost SiteMonitor 1.0" 
107.20.105.74 - - [15/Oct/2023:16:16:40 -0700] "HEAD / HTTP/1.1" 200 359 "http://66.33.221.139" "DreamHost SiteMonitor 1.0" 
51.222.253.5 - - [15/Oct/2023:16:17:33 -0700] "GET /self.logs/2015/access.log.2015-08-15.gz HTTP/1.1" 200 4263 "-" "Mozilla/5.0 (compatible; AhrefsBot/7.0; +http://ahrefs.com/robot/)" 
74.208.2.222 - - [15/Oct/2023:16:17:42 -0700] "GET /robots.txt HTTP/1.1" 301 495 "-" "IonCrawl (https://www.ionos.de/terms-gtc/faq-crawler-en/)" 
74.208.2.222 - - [15/Oct/2023:16:17:42 -0700] "GET /robots.txt HTTP/1.1" 200 377 "-" "IonCrawl (https://www.ionos.de/terms-gtc/faq-crawler-en/)" 
51.222.253.12 - - [15/Oct/2023:16:22:19 -0700] "GET /self.logs/2015/error.log.2015-03-16.gz HTTP/1.1" 200 963 "-" "Mozilla/5.0 (compatible; AhrefsBot/7.0; +http://ahrefs.com/robot/)" 
74.208.2.182 - - [15/Oct/2023:16:23:58 -0700] "GET /sitemap.xml HTTP/1.1" 301 497 "-" "IonCrawl (https://www.ionos.de/terms-gtc/faq-crawler-en/)" 
74.208.2.182 - - [15/Oct/2023:16:23:58 -0700] "GET /sitemap.xml HTTP/1.1" 404 328 "-" "IonCrawl (https://www.ionos.de/terms-gtc/faq-crawler-en/)" 
74.208.2.182 - - [15/Oct/2023:16:24:00 -0700] "GET /robots.txt HTTP/1.1" 200 354 "-" "IonCrawl (https://www.ionos.de/terms-gtc/faq-crawler-en/)" 
107.20.105.74 - - [15/Oct/2023:16:26:40 -0700] "HEAD / HTTP/1.1" 301 186 "-" "DreamHost SiteMonitor 1.0" 
107.20.105.74 - - [15/Oct/2023:16:26:40 -0700] "HEAD / HTTP/1.1" 200 359 "http://66.33.221.139" "DreamHost SiteMonitor 1.0" 
51.222.253.19 - - [15/Oct/2023:16:26:54 -0700] "GET /self.logs/2015/access.log.2015-09-27.gz HTTP/1.1" 200 4846 "-" "Mozilla/5.0 (compatible; AhrefsBot/7.0; +http://ahrefs.com/robot/)" 
74.208.2.222 - - [15/Oct/2023:16:29:15 -0700] "GET /sitemap.xml HTTP/1.1" 404 328 "-" "IonCrawl (https://www.ionos.de/terms-gtc/faq-crawler-en/)" 
74.208.2.182 - - [15/Oct/2023:16:30:21 -0700] "GET / HTTP/1.1" 301 475 "-" "IonCrawl (https://www.ionos.de/terms-gtc/faq-crawler-en/)" 
74.208.2.212 - - [15/Oct/2023:16:30:40 -0700] "GET / HTTP/1.1" 200 13185 "-" "IonCrawl (https://www.ionos.de/terms-gtc/faq-crawler-en/)" 
51.222.253.3 - - [15/Oct/2023:16:31:30 -0700] "GET /self.logs/2016/access.log.2016-10-15.gz HTTP/1.1" 200 6956 "-" "Mozilla/5.0 (compatible; AhrefsBot/7.0; +http://ahrefs.com/robot/)" 
51.222.253.1 - - [15/Oct/2023:16:35:40 -0700] "GET /self.logs/2015/access.log.2015-07-17.gz HTTP/1.1" 200 4655 "-" "Mozilla/5.0 (compatible; AhrefsBot/7.0; +http://ahrefs.com/robot/)" 
42.236.10.76 - - [15/Oct/2023:16:36:05 -0700] "GET / HTTP/1.1" 200 13185 "-" "Mozilla/5.0 (Windows NT 6.1; WOW64) AppleWebKit/537.36 (KHTML, like Gecko) Chrome/50.0.2661.102 Safari/537.36" 
42.236.10.76 - - [15/Oct/2023:16:36:06 -0700] "GET /css/style.css HTTP/1.1" 404 305 "-" "Mozilla/5.0 (Windows NT 6.1; WOW64) AppleWebKit/537.36 (KHTML, like Gecko) Chrome/50.0.2661.102 Safari/537.36" 
107.20.105.74 - - [15/Oct/2023:16:36:40 -0700] "HEAD / HTTP/1.1" 301 186 "-" "DreamHost SiteMonitor 1.0" 
107.20.105.74 - - [15/Oct/2023:16:36:40 -0700] "HEAD / HTTP/1.1" 200 359 "http://66.33.221.139" "DreamHost SiteMonitor 1.0" 
106.3.146.202 - - [15/Oct/2023:16:37:08 -0700] "GET / HTTP/1.1" 301 419 "-" "Mozilla/5.0 (Windows NT 10.0; Win64; x64) AppleWebKit/537.36 (KHTML, like Gecko) Chrome/114.0.0.0 Safari/537.36" 
106.3.146.202 - - [15/Oct/2023:16:37:23 -0700] "GET / HTTP/1.1" 200 49089 "-" "Mozilla/5.0 (Windows NT 10.0; Win64; x64) AppleWebKit/537.36 (KHTML, like Gecko) Chrome/114.0.0.0 Safari/537.36" 
106.3.146.202 - - [15/Oct/2023:16:37:43 -0700] "GET /favicon.ico HTTP/1.1" 301 441 "-" "Mozilla/5.0 (Windows NT 10.0; Win64; x64) AppleWebKit/537.36 (KHTML, like Gecko) Chrome/114.0.0.0 Safari/537.36" 
106.3.146.202 - - [15/Oct/2023:16:37:59 -0700] "GET /favicon.ico HTTP/1.1" 200 347 "http://secrepo.com/favicon.ico" "Mozilla/5.0 (Windows NT 10.0; Win64; x64) AppleWebKit/537.36 (KHTML, like Gecko) Chrome/114.0.0.0 Safari/537.36" 
106.3.146.202 - - [15/Oct/2023:16:38:02 -0700] "GET /favicon.ico HTTP/1.1" 200 313 "http://secrepo.com/favicon.ico" "Mozilla/5.0 (Windows NT 10.0; Win64; x64) AppleWebKit/537.36 (KHTML, like Gecko) Chrome/114.0.0.0 Safari/537.36" 
51.222.253.16 - - [15/Oct/2023:16:39:48 -0700] "GET /self.logs/2015/error.log.2015-04-16.gz HTTP/1.1" 200 2720 "-" "Mozilla/5.0 (compatible; AhrefsBot/7.0; +http://ahrefs.com/robot/)" 
5.104.111.232 - - [15/Oct/2023:16:41:02 -0700] "GET / HTTP/1.1" 301 419 "-" "Mozilla/5.0 (compatible; SemrushBot/7~bl; +http://www.semrush.com/bot.html)" 
5.104.111.232 - - [15/Oct/2023:16:41:02 -0700] "GET / HTTP/1.1" 200 13141 "-" "Mozilla/5.0 (compatible; SemrushBot/7~bl; +http://www.semrush.com/bot.html)" 
54.36.148.86 - - [15/Oct/2023:16:42:55 -0700] "GET /robots.txt HTTP/1.1" 301 439 "-" "Mozilla/5.0 (compatible; AhrefsBot/7.0; +http://ahrefs.com/robot/)" 
54.36.148.86 - - [15/Oct/2023:16:42:55 -0700] "GET /robots.txt HTTP/1.1" 200 333 "-" "Mozilla/5.0 (compatible; AhrefsBot/7.0; +http://ahrefs.com/robot/)" 
51.222.253.16 - - [15/Oct/2023:16:42:56 -0700] "GET /maccdc2012/signatures.log.gz HTTP/1.1" 301 475 "-" "Mozilla/5.0 (compatible; AhrefsBot/7.0; +http://ahrefs.com/robot/)" 
51.222.253.12 - - [15/Oct/2023:16:44:44 -0700] "GET /self.logs/2016/error.log.2016-06-28.gz HTTP/1.1" 200 1097 "-" "Mozilla/5.0 (compatible; AhrefsBot/7.0; +http://ahrefs.com/robot/)" 
107.20.105.74 - - [15/Oct/2023:16:46:40 -0700] "HEAD / HTTP/1.1" 301 186 "-" "DreamHost SiteMonitor 1.0" 
107.20.105.74 - - [15/Oct/2023:16:46:40 -0700] "HEAD / HTTP/1.1" 200 359 "http://66.33.221.139" "DreamHost SiteMonitor 1.0" 
51.222.253.1 - - [15/Oct/2023:16:49:10 -0700] "GET /self.logs/2016/access.log.2016-10-20.gz HTTP/1.1" 200 8518 "-" "Mozilla/5.0 (compatible; AhrefsBot/7.0; +http://ahrefs.com/robot/)" 
51.222.253.7 - - [15/Oct/2023:16:53:34 -0700] "GET /self.logs/2015/access.log.2015-05-03.gz HTTP/1.1" 200 3162 "-" "Mozilla/5.0 (compatible; AhrefsBot/7.0; +http://ahrefs.com/robot/)" 
107.20.105.74 - - [15/Oct/2023:16:56:40 -0700] "HEAD / HTTP/1.1" 301 186 "-" "DreamHost SiteMonitor 1.0" 
