206.47.249.246 - - [20/Apr/2022:02:41:37 -0700] "GET /self.logs/error.log.2019-04-23.gz HTTP/1.1" 304 280 "-" "Mozilla/4.0 (compatible;)" 
20.191.45.212 - - [20/Apr/2022:02:46:16 -0700] "GET / HTTP/1.1" 200 13185 "http://www.secrepo.com/" "Mozilla/5.0 (compatible; DuckDuckGo-Favicons-Bot/1.0; +http://duckduckgo.com)" 
20.191.45.212 - - [20/Apr/2022:02:46:17 -0700] "GET /bootstrap/img/favicon.ico HTTP/1.1" 200 690 "http://www.secrepo.com/bootstrap/img/favicon.ico" "Mozilla/5.0 (compatible; DuckDuckGo-Favicons-Bot/1.0; +http://duckduckgo.com)" 
114.119.140.174 - - [20/Apr/2022:02:48:25 -0700] "GET /self.logs/error.log.2018-01-30.gz HTTP/1.1" 200 1212 "-" "Mozilla/5.0 (compatible;PetalBot;+https://webmaster.petalsearch.com/site/petalbot)" 
54.36.148.193 - - [20/Apr/2022:02:56:57 -0700] "GET /robots.txt HTTP/1.1" 200 333 "-" "Mozilla/5.0 (compatible; AhrefsBot/7.0; +http://ahrefs.com/robot/)" 
114.119.149.222 - - [20/Apr/2022:02:57:38 -0700] "GET /self.logs/2015/access.log.2015-11-06.gz HTTP/1.1" 200 8699 "-" "Mozilla/5.0 (compatible;PetalBot;+https://webmaster.petalsearch.com/site/petalbot)" 
185.220.100.253 - - [20/Apr/2022:03:00:34 -0700] "GET / HTTP/1.1" 200 13184 "-" "Mozilla/5.0 (Windows NT 10.0; rv:91.0) Gecko/20100101 Firefox/91.0" 
106.198.21.252 - - [20/Apr/2022:03:01:25 -0700] "GET / HTTP/1.1" 200 13184 "-" "Mozilla/5.0 (Windows NT 10.0; Win64; x64) AppleWebKit/537.36 (KHTML, like Gecko) Chrome/100.0.4896.127 Safari/537.36" 
106.198.21.252 - - [20/Apr/2022:03:01:25 -0700] "GET /css/style.css HTTP/1.1" 404 328 "http://www.secrepo.com/" "Mozilla/5.0 (Windows NT 10.0; Win64; x64) AppleWebKit/537.36 (KHTML, like Gecko) Chrome/100.0.4896.127 Safari/537.36" 
106.198.21.252 - - [20/Apr/2022:03:01:26 -0700] "GET /twitter-icon.png HTTP/1.1" 200 27893 "http://www.secrepo.com/" "Mozilla/5.0 (Windows NT 10.0; Win64; x64) AppleWebKit/537.36 (KHTML, like Gecko) Chrome/100.0.4896.127 Safari/537.36" 
106.198.21.252 - - [20/Apr/2022:03:01:26 -0700] "GET /GitHub-Mark.png HTTP/1.1" 200 7533 "http://www.secrepo.com/" "Mozilla/5.0 (Windows NT 10.0; Win64; x64) AppleWebKit/537.36 (KHTML, like Gecko) Chrome/100.0.4896.127 Safari/537.36" 
106.198.21.252 - - [20/Apr/2022:03:01:31 -0700] "GET /bootstrap/img/favicon.ico HTTP/1.1" 200 713 "http://www.secrepo.com/" "Mozilla/5.0 (Windows NT 10.0; Win64; x64) AppleWebKit/537.36 (KHTML, like Gecko) Chrome/100.0.4896.127 Safari/537.36" 
49.7.20.111 - - [20/Apr/2022:03:04:20 -0700] "GET / HTTP/1.1" 200 13147 "-" "Sogou web spider/4.0(+http://www.sogou.com/docs/help/webmasters.htm#07)" 
114.119.145.137 - - [20/Apr/2022:03:05:49 -0700] "GET /self.logs/error.log.2019-04-22.gz HTTP/1.1" 200 3841 "-" "Mozilla/5.0 (compatible;PetalBot;+https://webmaster.petalsearch.com/site/petalbot)" 
40.77.167.2 - - [20/Apr/2022:03:08:41 -0700] "GET /self.logs/ HTTP/1.1" 200 35631 "-" "Mozilla/5.0 (compatible; bingbot/2.0; +http://www.bing.com/bingbot.htm)" 
167.114.129.188 - - [20/Apr/2022:03:10:10 -0700] "GET /wordpress/ HTTP/1.1" 301 439 "-" "-" 
167.114.129.188 - - [20/Apr/2022:03:10:10 -0700] "GET /wordpress/ HTTP/1.1" 404 284 "-" "-" 
24.79.146.215 - - [20/Apr/2022:03:32:10 -0700] "GET / HTTP/1.1" 200 13184 "-" "Mozilla/5.0 (iPhone; CPU iPhone OS 15_3_1 like Mac OS X) AppleWebKit/605.1.15 (KHTML, like Gecko) Version/15.3 Mobile/15E148 Safari/604.1" 
24.79.146.215 - - [20/Apr/2022:03:32:10 -0700] "GET /twitter-icon.png HTTP/1.1" 200 27893 "http://www.secrepo.com/" "Mozilla/5.0 (iPhone; CPU iPhone OS 15_3_1 like Mac OS X) AppleWebKit/605.1.15 (KHTML, like Gecko) Version/15.3 Mobile/15E148 Safari/604.1" 
24.79.146.215 - - [20/Apr/2022:03:32:10 -0700] "GET /css/style.css HTTP/1.1" 404 328 "http://www.secrepo.com/" "Mozilla/5.0 (iPhone; CPU iPhone OS 15_3_1 like Mac OS X) AppleWebKit/605.1.15 (KHTML, like Gecko) Version/15.3 Mobile/15E148 Safari/604.1" 
24.79.146.215 - - [20/Apr/2022:03:32:10 -0700] "GET /GitHub-Mark.png HTTP/1.1" 200 7533 "http://www.secrepo.com/" "Mozilla/5.0 (iPhone; CPU iPhone OS 15_3_1 like Mac OS X) AppleWebKit/605.1.15 (KHTML, like Gecko) Version/15.3 Mobile/15E148 Safari/604.1" 
24.79.146.215 - - [20/Apr/2022:03:32:11 -0700] "GET /bootstrap/img/favicon.ico HTTP/1.1" 200 713 "http://www.secrepo.com/" "Mozilla/5.0 (iPhone; CPU iPhone OS 15_3_1 like Mac OS X) AppleWebKit/605.1.15 (KHTML, like Gecko) Version/15.3 Mobile/15E148 Safari/604.1" 
40.77.167.2 - - [20/Apr/2022:03:42:14 -0700] "GET /self.logs/ HTTP/1.1" 200 35631 "-" "Mozilla/5.0 (compatible; bingbot/2.0; +http://www.bing.com/bingbot.htm)" 
150.214.127.124 - - [20/Apr/2022:03:43:01 -0700] "GET / HTTP/1.1" 200 13184 "-" "Mozilla/5.0 (Windows NT 10.0; Win64; x64) AppleWebKit/537.36 (KHTML, like Gecko) Chrome/100.0.4896.127 Safari/537.36" 
150.214.127.124 - - [20/Apr/2022:03:43:01 -0700] "GET /css/style.css HTTP/1.1" 404 328 "http://www.secrepo.com/" "Mozilla/5.0 (Windows NT 10.0; Win64; x64) AppleWebKit/537.36 (KHTML, like Gecko) Chrome/100.0.4896.127 Safari/537.36" 
150.214.127.124 - - [20/Apr/2022:03:43:01 -0700] "GET /twitter-icon.png HTTP/1.1" 200 27893 "http://www.secrepo.com/" "Mozilla/5.0 (Windows NT 10.0; Win64; x64) AppleWebKit/537.36 (KHTML, like Gecko) Chrome/100.0.4896.127 Safari/537.36" 
150.214.127.124 - - [20/Apr/2022:03:43:01 -0700] "GET /GitHub-Mark.png HTTP/1.1" 200 7556 "http://www.secrepo.com/" "Mozilla/5.0 (Windows NT 10.0; Win64; x64) AppleWebKit/537.36 (KHTML, like Gecko) Chrome/100.0.4896.127 Safari/537.36" 
150.214.127.124 - - [20/Apr/2022:03:43:01 -0700] "GET /bootstrap/img/favicon.ico HTTP/1.1" 200 690 "http://www.secrepo.com/" "Mozilla/5.0 (Windows NT 10.0; Win64; x64) AppleWebKit/537.36 (KHTML, like Gecko) Chrome/100.0.4896.127 Safari/537.36" 
51.222.253.20 - - [20/Apr/2022:03:46:45 -0700] "GET /Datasets%20Description/HTML_Bro_log_3/ HTTP/1.1" 200 779 "-" "Mozilla/5.0 (compatible; AhrefsBot/7.0; +http://ahrefs.com/robot/)" 
114.119.140.174 - - [20/Apr/2022:03:48:42 -0700] "GET /self.logs/access.log.2018-01-20.gz HTTP/1.1" 200 18887 "-" "Mozilla/5.0 (compatible;PetalBot;+https://webmaster.petalsearch.com/site/petalbot)" 
182.138.156.205 - - [20/Apr/2022:03:55:16 -0700] "GET /favicon.ico HTTP/1.1" 304 261 "-" "Mozilla/5.0 (Windows NT 10.0; WOW64) AppleWebKit/537.36 (KHTML, like Gecko) Chrome/86.0.4240.198 Safari/537.36" 
49.7.20.111 - - [20/Apr/2022:03:56:01 -0700] "GET / HTTP/1.1" 200 13148 "-" "Sogou web spider/4.0(+http://www.sogou.com/docs/help/webmasters.htm#07)" 
114.119.149.222 - - [20/Apr/2022:03:57:04 -0700] "GET /self.logs/2015/error.log.2015-07-13.gz HTTP/1.1" 200 902 "-" "Mozilla/5.0 (compatible;PetalBot;+https://webmaster.petalsearch.com/site/petalbot)" 
40.77.167.2 - - [20/Apr/2022:04:05:45 -0700] "GET /self.logs/access.log.2022-03-17.gz HTTP/1.1" 200 9667 "-" "Mozilla/5.0 (compatible; bingbot/2.0; +http://www.bing.com/bingbot.htm)" 
207.46.13.196 - - [20/Apr/2022:04:14:51 -0700] "GET / HTTP/1.1" 301 475 "-" "Mozilla/5.0 (compatible; bingbot/2.0; +http://www.bing.com/bingbot.htm)" 
40.77.167.2 - - [20/Apr/2022:04:16:57 -0700] "GET /self.logs/ HTTP/1.1" 200 35631 "-" "Mozilla/5.0 (compatible; bingbot/2.0; +http://www.bing.com/bingbot.htm)" 
114.119.149.218 - - [20/Apr/2022:04:21:54 -0700] "GET /self.logs/error.log.2018-01-08.gz HTTP/1.1" 200 5838 "-" "Mozilla/5.0 (compatible;PetalBot;+https://webmaster.petalsearch.com/site/petalbot)" 
123.125.109.43 - - [20/Apr/2022:04:35:30 -0700] "GET / HTTP/1.1" 200 13147 "-" "Sogou web spider/4.0(+http://www.sogou.com/docs/help/webmasters.htm#07)" 
61.135.159.149 - - [20/Apr/2022:04:35:44 -0700] "GET / HTTP/1.1" 301 438 "-" "Sogou web spider/4.0(+http://www.sogou.com/docs/help/webmasters.htm#07)" 
114.119.149.218 - - [20/Apr/2022:04:38:45 -0700] "GET /self.logs/error.log.2018-10-29.gz HTTP/1.1" 200 4349 "-" "Mozilla/5.0 (compatible;PetalBot;+https://webmaster.petalsearch.com/site/petalbot)" 
61.135.159.149 - - [20/Apr/2022:04:41:24 -0700] "GET / HTTP/1.1" 200 13147 "-" "Sogou web spider/4.0(+http://www.sogou.com/docs/help/webmasters.htm#07)" 
114.119.145.137 - - [20/Apr/2022:04:46:57 -0700] "GET /self.logs/access.log.2019-05-03.gz HTTP/1.1" 200 23924 "-" "Mozilla/5.0 (compatible;PetalBot;+https://webmaster.petalsearch.com/site/petalbot)" 
49.7.20.111 - - [20/Apr/2022:04:47:23 -0700] "GET / HTTP/1.1" 200 13147 "-" "Sogou web spider/4.0(+http://www.sogou.com/docs/help/webmasters.htm#07)" 
40.77.167.2 - - [20/Apr/2022:04:51:21 -0700] "GET /self.logs/ HTTP/1.1" 200 35631 "-" "Mozilla/5.0 (compatible; bingbot/2.0; +http://www.bing.com/bingbot.htm)" 
193.54.115.84 - - [20/Apr/2022:05:09:09 -0700] "GET / HTTP/1.1" 200 13184 "-" "Mozilla/5.0 (Windows NT 10.0; Win64; x64) AppleWebKit/537.36 (KHTML, like Gecko) Chrome/100.0.4896.88 Safari/537.36" 
193.54.115.84 - - [20/Apr/2022:05:09:09 -0700] "GET /css/style.css HTTP/1.1" 404 328 "http://www.secrepo.com/" "Mozilla/5.0 (Windows NT 10.0; Win64; x64) AppleWebKit/537.36 (KHTML, like Gecko) Chrome/100.0.4896.88 Safari/537.36" 
193.54.115.84 - - [20/Apr/2022:05:09:09 -0700] "GET /GitHub-Mark.png HTTP/1.1" 200 7533 "http://www.secrepo.com/" "Mozilla/5.0 (Windows NT 10.0; Win64; x64) AppleWebKit/537.36 (KHTML, like Gecko) Chrome/100.0.4896.88 Safari/537.36" 
193.54.115.84 - - [20/Apr/2022:05:09:09 -0700] "GET /twitter-icon.png HTTP/1.1" 200 27893 "http://www.secrepo.com/" "Mozilla/5.0 (Windows NT 10.0; Win64; x64) AppleWebKit/537.36 (KHTML, like Gecko) Chrome/100.0.4896.88 Safari/537.36" 
193.54.115.84 - - [20/Apr/2022:05:09:10 -0700] "GET /bootstrap/img/favicon.ico HTTP/1.1" 200 690 "http://www.secrepo.com/" "Mozilla/5.0 (Windows NT 10.0; Win64; x64) AppleWebKit/537.36 (KHTML, like Gecko) Chrome/100.0.4896.88 Safari/537.36" 
114.119.145.137 - - [20/Apr/2022:05:11:01 -0700] "GET /self.logs/error.log.2017-10-17.gz HTTP/1.1" 200 4125 "-" "Mozilla/5.0 (compatible;PetalBot;+https://webmaster.petalsearch.com/site/petalbot)" 
114.119.149.228 - - [20/Apr/2022:05:18:41 -0700] "GET /self.logs/2015/error.log.2015-09-25.gz HTTP/1.1" 200 861 "-" "Mozilla/5.0 (Linux; Android 7.0;) AppleWebKit/537.36 (KHTML, like Gecko) Mobile Safari/537.36 (compatible; PetalBot;+https://webmaster.petalsearch.com/site/petalbot)" 
40.77.167.2 - - [20/Apr/2022:05:25:44 -0700] "GET /self.logs/ HTTP/1.1" 200 35663 "-" "Mozilla/5.0 (compatible; bingbot/2.0; +http://www.bing.com/bingbot.htm)" 
114.119.149.237 - - [20/Apr/2022:05:26:33 -0700] "GET /self.logs/error.log.2018-01-01.gz HTTP/1.1" 200 3002 "-" "Mozilla/5.0 (Linux; Android 7.0;) AppleWebKit/537.36 (KHTML, like Gecko) Mobile Safari/537.36 (compatible; PetalBot;+https://webmaster.petalsearch.com/site/petalbot)" 
114.119.149.228 - - [20/Apr/2022:05:33:56 -0700] "GET /self.logs/access.log.2018-05-18.gz HTTP/1.1" 200 16526 "-" "Mozilla/5.0 (Linux; Android 7.0;) AppleWebKit/537.36 (KHTML, like Gecko) Mobile Safari/537.36 (compatible; PetalBot;+https://webmaster.petalsearch.com/site/petalbot)" 
49.7.20.111 - - [20/Apr/2022:05:50:10 -0700] "GET / HTTP/1.1" 200 13148 "-" "Sogou web spider/4.0(+http://www.sogou.com/docs/help/webmasters.htm#07)" 
114.119.149.23 - - [20/Apr/2022:05:51:20 -0700] "GET /self.logs/error.log.2019-03-17.gz HTTP/1.1" 200 4948 "-" "Mozilla/5.0 (Linux; Android 7.0;) AppleWebKit/537.36 (KHTML, like Gecko) Mobile Safari/537.36 (compatible; PetalBot;+https://webmaster.petalsearch.com/site/petalbot)" 
18.215.242.55 - - [20/Apr/2022:05:54:32 -0700] "GET / HTTP/1.1" 301 438 "-" "Mozilla/5.0 (Macintosh; Intel Mac OS X 10_10_0) AppleWebKit/537.36 (KHTML, like Gecko) Chrome/39.0.2171.95 Safari/537.36" 
18.215.242.55 - - [20/Apr/2022:05:54:37 -0700] "GET / HTTP/1.1" 200 13148 "http://secrepo.com/" "Mozilla/5.0 (Macintosh; Intel Mac OS X 10_10_0) AppleWebKit/537.36 (KHTML, like Gecko) Chrome/39.0.2171.95 Safari/537.36" 
40.77.167.2 - - [20/Apr/2022:05:59:47 -0700] "GET /self.logs/ HTTP/1.1" 200 35663 "-" "Mozilla/5.0 (compatible; bingbot/2.0; +http://www.bing.com/bingbot.htm)" 
114.119.149.228 - - [20/Apr/2022:06:00:58 -0700] "GET /self.logs/access.log.2019-08-23.gz HTTP/1.1" 200 18741 "-" "Mozilla/5.0 (Linux; Android 7.0;) AppleWebKit/537.36 (KHTML, like Gecko) Mobile Safari/537.36 (compatible; PetalBot;+https://webmaster.petalsearch.com/site/petalbot)" 
114.119.149.228 - - [20/Apr/2022:06:11:06 -0700] "GET /self.logs/2015/error.log.2015-10-22.gz HTTP/1.1" 200 1058 "-" "Mozilla/5.0 (Linux; Android 7.0;) AppleWebKit/537.36 (KHTML, like Gecko) Mobile Safari/537.36 (compatible; PetalBot;+https://webmaster.petalsearch.com/site/petalbot)" 
108.59.8.80 - - [20/Apr/2022:06:30:13 -0700] "GET /robots.txt HTTP/1.1" 301 495 "-" "Mozilla/5.0 (compatible; MJ12bot/v1.4.8; http://mj12bot.com/)" 
108.59.8.80 - - [20/Apr/2022:06:30:14 -0700] "GET /robots.txt HTTP/1.1" 200 377 "-" "Mozilla/5.0 (compatible; MJ12bot/v1.4.8; http://mj12bot.com/)" 
108.59.8.80 - - [20/Apr/2022:06:30:18 -0700] "GET / HTTP/1.1" 301 419 "-" "Mozilla/5.0 (compatible; MJ12bot/v1.4.8; http://mj12bot.com/)" 
108.59.8.80 - - [20/Apr/2022:06:30:21 -0700] "GET / HTTP/1.1" 200 13140 "-" "Mozilla/5.0 (compatible; MJ12bot/v1.4.8; http://mj12bot.com/)" 
108.59.8.80 - - [20/Apr/2022:06:30:42 -0700] "GET / HTTP/1.1" 200 13140 "-" "Mozilla/5.0 (compatible; MJ12bot/v1.4.8; http://mj12bot.com/)" 
107.23.48.136 - - [20/Apr/2022:06:33:00 -0700] "HEAD / HTTP/1.1" 200 388 "-" "Ruby" 
40.77.167.2 - - [20/Apr/2022:06:33:10 -0700] "GET /self.logs/ HTTP/1.1" 200 35663 "-" "Mozilla/5.0 (compatible; bingbot/2.0; +http://www.bing.com/bingbot.htm)" 
116.203.44.248 - - [20/Apr/2022:06:40:30 -0700] "GET / HTTP/1.1" 301 475 "https://www.crawlson.com/domain/secrepo.com" "Mozilla/5.0 (compatible; Crawlson/1.0; +https://www.crawlson.com/domain/secrepo.com)" 
116.203.44.248 - - [20/Apr/2022:06:40:31 -0700] "GET / HTTP/1.1" 200 49133 "https://www.crawlson.com/domain/secrepo.com" "Mozilla/5.0 (compatible; Crawlson/1.0; +https://www.crawlson.com/domain/secrepo.com)" 
49.7.20.111 - - [20/Apr/2022:06:48:41 -0700] "GET / HTTP/1.1" 200 13147 "-" "Sogou web spider/4.0(+http://www.sogou.com/docs/help/webmasters.htm#07)" 
44.202.244.149 - - [20/Apr/2022:06:50:21 -0700] "GET /robots.txt HTTP/1.1" 200 333 "-" "Mozilla/5.0 (X11; Linux x86_64) AppleWebKit/537.36 (KHTML, like Gecko) Chrome/94.0.4606.81 Safari/537.36" 
44.202.244.149 - - [20/Apr/2022:06:50:21 -0700] "GET / HTTP/1.1" 200 49111 "-" "Mozilla/5.0 (X11; Linux x86_64) AppleWebKit/537.36 (KHTML, like Gecko) Chrome/94.0.4606.81 Safari/537.36" 
220.246.255.114 - - [20/Apr/2022:06:52:36 -0700] "GET / HTTP/1.1" 200 13184 "http://link.zhihu.com/?target=http%3A//www.secrepo.com/" "Mozilla/5.0 (Windows NT 10.0; Win64; x64) AppleWebKit/537.36 (KHTML, like Gecko) Chrome/100.0.4896.88 Safari/537.36" 
220.246.255.114 - - [20/Apr/2022:06:52:36 -0700] "GET /css/style.css HTTP/1.1" 404 305 "http://www.secrepo.com/" "Mozilla/5.0 (Windows NT 10.0; Win64; x64) AppleWebKit/537.36 (KHTML, like Gecko) Chrome/100.0.4896.88 Safari/537.36" 
220.246.255.114 - - [20/Apr/2022:06:52:36 -0700] "GET /twitter-icon.png HTTP/1.1" 200 27916 "http://www.secrepo.com/" "Mozilla/5.0 (Windows NT 10.0; Win64; x64) AppleWebKit/537.36 (KHTML, like Gecko) Chrome/100.0.4896.88 Safari/537.36" 
220.246.255.114 - - [20/Apr/2022:06:52:37 -0700] "GET /GitHub-Mark.png HTTP/1.1" 200 7556 "http://www.secrepo.com/" "Mozilla/5.0 (Windows NT 10.0; Win64; x64) AppleWebKit/537.36 (KHTML, like Gecko) Chrome/100.0.4896.88 Safari/537.36" 
220.246.255.114 - - [20/Apr/2022:06:52:39 -0700] "GET /bootstrap/img/favicon.ico HTTP/1.1" 200 690 "http://www.secrepo.com/" "Mozilla/5.0 (Windows NT 10.0; Win64; x64) AppleWebKit/537.36 (KHTML, like Gecko) Chrome/100.0.4896.88 Safari/537.36" 
114.119.149.222 - - [20/Apr/2022:06:54:06 -0700] "GET /self.logs/error.log.2017-09-19.gz HTTP/1.1" 200 2748 "-" "Mozilla/5.0 (Linux; Android 7.0;) AppleWebKit/537.36 (KHTML, like Gecko) Mobile Safari/537.36 (compatible; PetalBot;+https://webmaster.petalsearch.com/site/petalbot)" 
40.94.87.9 - - [20/Apr/2022:07:01:10 -0700] "GET / HTTP/1.1" 200 13184 "-" "Mozilla/5.0 (Windows NT 10.0; Win64; x64) AppleWebKit/537.36 (KHTML, like Gecko) Chrome/79.0.3945.136 Safari/537.36" 
40.94.87.9 - - [20/Apr/2022:07:01:11 -0700] "GET /css/style.css HTTP/1.1" 404 305 "http://www.secrepo.com/" "Mozilla/5.0 (Windows NT 10.0; Win64; x64) AppleWebKit/537.36 (KHTML, like Gecko) Chrome/79.0.3945.136 Safari/537.36" 
40.94.87.9 - - [20/Apr/2022:07:01:11 -0700] "GET /twitter-icon.png HTTP/1.1" 200 27893 "http://www.secrepo.com/" "Mozilla/5.0 (Windows NT 10.0; Win64; x64) AppleWebKit/537.36 (KHTML, like Gecko) Chrome/79.0.3945.136 Safari/537.36" 
40.94.87.81 - - [20/Apr/2022:07:01:12 -0700] "GET /GitHub-Mark.png HTTP/1.1" 200 7556 "http://www.secrepo.com/" "Mozilla/5.0 (Windows NT 10.0; Win64; x64) AppleWebKit/537.36 (KHTML, like Gecko) Chrome/79.0.3945.136 Safari/537.36" 
40.94.87.81 - - [20/Apr/2022:07:01:22 -0700] "GET /bootstrap/img/favicon.ico HTTP/1.1" 200 713 "http://www.secrepo.com/" "Mozilla/5.0 (Windows NT 10.0; Win64; x64) AppleWebKit/537.36 (KHTML, like Gecko) Chrome/79.0.3945.136 Safari/537.36" 
114.119.149.222 - - [20/Apr/2022:07:04:57 -0700] "GET /self.logs/2015?C=N%3BO%3DD HTTP/1.1" 301 597 "-" "Mozilla/5.0 (Linux; Android 7.0;) AppleWebKit/537.36 (KHTML, like Gecko) Mobile Safari/537.36 (compatible; PetalBot;+https://webmaster.petalsearch.com/site/petalbot)" 
114.119.149.222 - - [20/Apr/2022:07:04:57 -0700] "GET /self.logs/2015/?C=N%3BO%3DD HTTP/1.1" 200 7598 "-" "Mozilla/5.0 (Linux; Android 7.0;) AppleWebKit/537.36 (KHTML, like Gecko) Mobile Safari/537.36 (compatible; PetalBot;+https://webmaster.petalsearch.com/site/petalbot)" 
40.77.167.2 - - [20/Apr/2022:07:07:43 -0700] "GET /self.logs/ HTTP/1.1" 200 35663 "-" "Mozilla/5.0 (compatible; bingbot/2.0; +http://www.bing.com/bingbot.htm)" 
66.249.64.113 - - [20/Apr/2022:07:13:41 -0700] "GET /robots.txt HTTP/1.1" 200 377 "-" "Mozilla/5.0 (compatible; Googlebot/2.1; +http://www.google.com/bot.html)" 
66.249.64.115 - - [20/Apr/2022:07:13:42 -0700] "GET /ads.txt HTTP/1.1" 404 328 "-" "Mozilla/5.0 (compatible; Googlebot/2.1; +http://www.google.com/bot.html)" 
54.36.149.88 - - [20/Apr/2022:07:16:47 -0700] "GET /robots.txt HTTP/1.1" 301 439 "-" "Mozilla/5.0 (compatible; AhrefsBot/7.0; +http://ahrefs.com/robot/)" 
54.36.149.88 - - [20/Apr/2022:07:16:48 -0700] "GET /robots.txt HTTP/1.1" 200 333 "-" "Mozilla/5.0 (compatible; AhrefsBot/7.0; +http://ahrefs.com/robot/)" 
40.77.167.2 - - [20/Apr/2022:07:24:35 -0700] "GET /self.logs/access.log.2022-02-22.gz HTTP/1.1" 200 12979 "-" "Mozilla/5.0 (compatible; bingbot/2.0; +http://www.bing.com/bingbot.htm)" 
3.86.81.156 - - [20/Apr/2022:07:34:19 -0700] "GET /maccdc2012/http.log.gz HTTP/1.1" 200 56420944 "-" "curl/7.79.1" 
40.77.167.2 - - [20/Apr/2022:07:41:47 -0700] "GET /self.logs/ HTTP/1.1" 200 35663 "-" "Mozilla/5.0 (compatible; bingbot/2.0; +http://www.bing.com/bingbot.htm)" 
49.7.20.111 - - [20/Apr/2022:07:42:28 -0700] "GET / HTTP/1.1" 200 13147 "-" "Sogou web spider/4.0(+http://www.sogou.com/docs/help/webmasters.htm#07)" 
1.180.203.123 - - [20/Apr/2022:07:50:58 -0700] "GET / HTTP/1.1" 200 13185 "https://m.baidu.com/from=0/bd_page_type=1/ssid=0/uid=0/pu=usm%401%2Csz%40320_1001%2Cta%40iphone_2_11.0_24_83.0/baiduid=EBB58FD964ED665EC69CE78A26D59847/w=0_10_/t=iphone/l=1/tc?clk_type=1&vit=osres&l=1&baiduid=EBB58FD964ED665EC69CE78A26D59847&t=iphone&ref=www_iphone&from=0&ssid=0&lid=7366575297767264965&bd_page_type=1&pu=usm%401%2Csz%40320_1001%2Cta%40iphone_2_11.0_24_83.0&order=2&gsflag=4&fm=alop&isAtom=1&waplogo=1&clk_info=%7B%22tplname%22%3A%22www_normal%22%2C%22srcid%22%3A1599%2C%22jumpType%22%3A%22%22%2C%22t%22%3A1650466247133%2C%22xpath%22%3A%22div-article-header-div-div-h3-span%22%7D&is_baidu=0&tj=www_normal_2_0_10_title&m=8&cltj=normal_title&asres=1&title=SecRepo.com-SamplesofSecurityRelatedData&wd=&eqid=663b55341a95d2c51000000162601dc3&w_qd=IlPT2AEptyoA_yiiC6TjCCobqRXZQ_rgJRmQ&bdver=2&tcplug=1&dict=-1&sec=20462&di=80de7e7f013397a1&bdenc=1&nsrc=rnzfXg%2B2AkK%2Fn2zIRUuG%2FpTozwc90rdDoTUoFCvpPRJ23Xb%2FyFLHUVU2z79wXYRTyhJjEzmxoO8eDsQ%2Braa9hQ%3D%3D&ck0=6107&ck1=136&ck2=54&ck3=409&ck6=0&ck7=0" "Mozilla/5.0 (Linux; Android 11; PDPT00 Build/RKQ1.200710.002; wv) AppleWebKit/537.36 (KHTML, like Gecko) Version/4.0 Chrome/83.0.4103.106 Mobile Safari/537.36" 
58.57.111.145 - - [20/Apr/2022:07:50:59 -0700] "GET /css/style.css HTTP/1.1" 404 328 "http://www.secrepo.com/" "Mozilla/5.0 (Linux; Android 11; PDPT00 Build/RKQ1.200710.002; wv) AppleWebKit/537.36 (KHTML, like Gecko) Version/4.0 Chrome/83.0.4103.106 Mobile Safari/537.36" 
58.57.111.145 - - [20/Apr/2022:07:51:00 -0700] "GET /twitter-icon.png HTTP/1.1" 200 27893 "http://www.secrepo.com/" "Mozilla/5.0 (Linux; Android 11; PDPT00 Build/RKQ1.200710.002; wv) AppleWebKit/537.36 (KHTML, like Gecko) Version/4.0 Chrome/83.0.4103.106 Mobile Safari/537.36" 
1.180.203.123 - - [20/Apr/2022:07:51:00 -0700] "GET /GitHub-Mark.png HTTP/1.1" 200 7533 "http://www.secrepo.com/" "Mozilla/5.0 (Linux; Android 11; PDPT00 Build/RKQ1.200710.002; wv) AppleWebKit/537.36 (KHTML, like Gecko) Version/4.0 Chrome/83.0.4103.106 Mobile Safari/537.36" 
1.180.203.123 - - [20/Apr/2022:07:51:12 -0700] "GET /maccdc2012/weird.log.gz HTTP/1.1" 200 75920 "-" "Mozilla/5.0 (Linux; Android 11; PDPT00 Build/RKQ1.200710.002; wv) AppleWebKit/537.36 (KHTML, like Gecko) Version/4.0 Chrome/83.0.4103.106 Mobile Safari/537.36" 
58.57.111.145 - - [20/Apr/2022:07:51:18 -0700] "GET /maccdc2012/weird.log.gz HTTP/1.1" 200 75920 "-" "Mozilla/5.0 (Linux; Android 11; PDPT00 Build/RKQ1.200710.002; wv) AppleWebKit/537.36 (KHTML, like Gecko) Version/4.0 Chrome/83.0.4103.106 Mobile Safari/537.36" 
116.179.32.226 - - [20/Apr/2022:07:57:30 -0700] "GET / HTTP/1.1" 200 13148 "-" "Mozilla/5.0 (Linux;u;Android 4.2.2;zh-cn;) AppleWebKit/534.46 (KHTML,like Gecko) Version/5.1 Mobile Safari/10600.6.3 (compatible; Baiduspider/2.0; +http://www.baidu.com/search/spider.html)" 
116.179.37.146 - - [20/Apr/2022:07:57:35 -0700] "GET /twitter-icon.png HTTP/1.1" 200 27879 "http://www.secrepo.com/" "Mozilla/5.0 (iPhone; CPU iPhone OS 9_1 like Mac OS X) AppleWebKit/601.1.46 (KHTML, like Gecko) Version/9.0 Mobile/13B143 Safari/601.1 (compatible; Baiduspider-render/2.0; +http://www.baidu.com/search/spider.html)" 
116.179.37.72 - - [20/Apr/2022:07:57:35 -0700] "GET /GitHub-Mark.png HTTP/1.1" 200 7519 "http://www.secrepo.com/" "Mozilla/5.0 (iPhone; CPU iPhone OS 9_1 like Mac OS X) AppleWebKit/601.1.46 (KHTML, like Gecko) Version/9.0 Mobile/13B143 Safari/601.1 (compatible; Baiduspider-render/2.0; +http://www.baidu.com/search/spider.html)" 
116.179.37.184 - - [20/Apr/2022:07:57:35 -0700] "GET /css/style.css HTTP/1.1" 404 291 "http://www.secrepo.com/" "Mozilla/5.0 (iPhone; CPU iPhone OS 9_1 like Mac OS X) AppleWebKit/601.1.46 (KHTML, like Gecko) Version/9.0 Mobile/13B143 Safari/601.1 (compatible; Baiduspider-render/2.0; +http://www.baidu.com/search/spider.html)" 
220.181.108.168 - - [20/Apr/2022:08:00:51 -0700] "GET /%E5%AE%89%E5%85%A8%E7%9B%B8%E5%85%B3%E6%95%B0%E6%8D%AE%E6%A0%B7%E6%9C%AC%E9%9B%86 HTTP/1.1" 404 291 "-" "Mozilla/5.0 (compatible; Baiduspider/2.0; +http://www.baidu.com/search/spider.html)" 
3.86.81.156 - - [20/Apr/2022:08:00:55 -0700] "GET /maccdc2012/http.log.gz HTTP/1.1" 200 56420944 "-" "curl/7.79.1" 
114.119.149.237 - - [20/Apr/2022:08:05:27 -0700] "GET /self.logs/error.log.2017-08-20.gz HTTP/1.1" 200 847 "-" "Mozilla/5.0 (compatible;PetalBot;+https://webmaster.petalsearch.com/site/petalbot)" 
40.77.167.2 - - [20/Apr/2022:08:11:30 -0700] "GET /Datasets%20Description/HTML_Bro_log_2/?C=D;O=A HTTP/1.1" 200 832 "-" "Mozilla/5.0 (compatible; bingbot/2.0; +http://www.bing.com/bingbot.htm)" 
207.46.13.196 - - [20/Apr/2022:08:11:33 -0700] "GET / HTTP/1.1" 200 13184 "-" "Mozilla/5.0 (compatible; bingbot/2.0; +http://www.bing.com/bingbot.htm)" 
66.249.64.83 - - [20/Apr/2022:08:13:44 -0700] "GET /ads.txt HTTP/1.1" 301 489 "-" "Mozilla/5.0 (compatible; Googlebot/2.1; +http://www.google.com/bot.html)" 
40.77.167.2 - - [20/Apr/2022:08:16:11 -0700] "GET /self.logs/ HTTP/1.1" 200 35663 "-" "Mozilla/5.0 (compatible; bingbot/2.0; +http://www.bing.com/bingbot.htm)" 
34.220.214.111 - - [20/Apr/2022:08:19:15 -0700] "GET / HTTP/1.1" 301 419 "-" "Mozilla/5.0 (X11; Linux x86_64) AppleWebKit/537.36 (KHTML, like Gecko) Chrome/83.0.4103.97 Safari/537.36" 
34.220.214.111 - - [20/Apr/2022:08:19:19 -0700] "GET / HTTP/1.1" 200 13141 "-" "Mozilla/5.0 (X11; Linux x86_64) AppleWebKit/537.36 (KHTML, like Gecko) Chrome/83.0.4103.97 Safari/537.36" 
123.125.109.61 - - [20/Apr/2022:08:19:25 -0700] "GET / HTTP/1.1" 200 13148 "-" "Sogou web spider/4.0(+http://www.sogou.com/docs/help/webmasters.htm#07)" 
114.119.149.228 - - [20/Apr/2022:08:20:00 -0700] "GET /self.logs/2015/error.log.2015-10-23.gz HTTP/1.1" 200 855 "-" "Mozilla/5.0 (compatible;PetalBot;+https://webmaster.petalsearch.com/site/petalbot)" 
222.187.232.89 - - [20/Apr/2022:08:21:47 -0700] "GET /data/admin/allowurl.txt HTTP/1.1" 404 328 "-" "Mozilla/5.0 (Windows NT 10.0; WOW64; rv:48.0) Gecko/20100101 Firefox/48.0" 
136.233.9.105 - - [20/Apr/2022:08:22:21 -0700] "GET /Security-Data-Analysis/Lab_1/conn.log.zip HTTP/1.1" 200 78840 "-" "Mozilla/5.0 (Windows NT 10.0; Win64; x64) AppleWebKit/537.36 (KHTML, like Gecko) Chrome/100.0.4896.127 Safari/537.36" 
136.233.9.105 - - [20/Apr/2022:08:22:30 -0700] "GET /Security-Data-Analysis/Lab_1/conn.log.zip HTTP/1.1" 206 447 "-" "Mozilla/5.0 (Windows NT 10.0; Win64; x64) AppleWebKit/537.36 (KHTML, like Gecko) Chrome/100.0.4896.127 Safari/537.36" 
136.233.9.105 - - [20/Apr/2022:08:22:30 -0700] "GET /Security-Data-Analysis/Lab_1/conn.log.zip HTTP/1.1" 206 78840 "-" "Mozilla/5.0 (Windows NT 10.0; Win64; x64) AppleWebKit/537.36 (KHTML, like Gecko) Chrome/100.0.4896.127 Safari/537.36" 
136.233.9.105 - - [20/Apr/2022:08:22:34 -0700] "GET /Security-Data-Analysis/Lab_1/conn.log.zip HTTP/1.1" 206 447 "-" "Mozilla/5.0 (Windows NT 10.0; Win64; x64) AppleWebKit/537.36 (KHTML, like Gecko) Chrome/100.0.4896.127 Safari/537.36" 
136.233.9.105 - - [20/Apr/2022:08:22:35 -0700] "GET /Security-Data-Analysis/Lab_1/conn.log.zip HTTP/1.1" 206 78840 "-" "Mozilla/5.0 (Windows NT 10.0; Win64; x64) AppleWebKit/537.36 (KHTML, like Gecko) Chrome/100.0.4896.127 Safari/537.36" 
136.233.9.105 - - [20/Apr/2022:08:22:40 -0700] "GET /Security-Data-Analysis/Lab_1/conn.log.zip HTTP/1.1" 206 447 "-" "Mozilla/5.0 (Windows NT 10.0; Win64; x64) AppleWebKit/537.36 (KHTML, like Gecko) Chrome/100.0.4896.127 Safari/537.36" 
136.233.9.105 - - [20/Apr/2022:08:22:41 -0700] "GET /Security-Data-Analysis/Lab_1/conn.log.zip HTTP/1.1" 206 78840 "-" "Mozilla/5.0 (Windows NT 10.0; Win64; x64) AppleWebKit/537.36 (KHTML, like Gecko) Chrome/100.0.4896.127 Safari/537.36" 
136.233.9.105 - - [20/Apr/2022:08:22:42 -0700] "GET /Security-Data-Analysis/Lab_1/conn.log.zip HTTP/1.1" 206 447 "-" "Mozilla/5.0 (Windows NT 10.0; Win64; x64) AppleWebKit/537.36 (KHTML, like Gecko) Chrome/100.0.4896.127 Safari/537.36" 
136.233.9.105 - - [20/Apr/2022:08:22:43 -0700] "GET /Security-Data-Analysis/Lab_1/conn.log.zip HTTP/1.1" 206 78840 "-" "Mozilla/5.0 (Windows NT 10.0; Win64; x64) AppleWebKit/537.36 (KHTML, like Gecko) Chrome/100.0.4896.127 Safari/537.36" 
136.233.9.105 - - [20/Apr/2022:08:22:43 -0700] "GET /Security-Data-Analysis/Lab_1/conn.log.zip HTTP/1.1" 206 447 "-" "Mozilla/5.0 (Windows NT 10.0; Win64; x64) AppleWebKit/537.36 (KHTML, like Gecko) Chrome/100.0.4896.127 Safari/537.36" 
136.233.9.105 - - [20/Apr/2022:08:22:44 -0700] "GET /Security-Data-Analysis/Lab_1/conn.log.zip HTTP/1.1" 200 78840 "-" "Mozilla/5.0 (Windows NT 10.0; Win64; x64) AppleWebKit/537.36 (KHTML, like Gecko) Chrome/100.0.4896.127 Safari/537.36" 
136.233.9.105 - - [20/Apr/2022:08:22:55 -0700] "GET /Security-Data-Analysis/Lab_1/conn.log.zip HTTP/1.1" 206 445 "-" "Mozilla/5.0 (Windows NT 10.0; Win64; x64) AppleWebKit/537.36 (KHTML, like Gecko) Chrome/100.0.4896.127 Safari/537.36" 
136.233.9.105 - - [20/Apr/2022:08:22:56 -0700] "GET /Security-Data-Analysis/Lab_1/conn.log.zip HTTP/1.1" 206 78840 "-" "Mozilla/5.0 (Windows NT 10.0; Win64; x64) AppleWebKit/537.36 (KHTML, like Gecko) Chrome/100.0.4896.127 Safari/537.36" 
66.249.64.115 - - [20/Apr/2022:08:30:11 -0700] "GET / HTTP/1.1" 200 13184 "-" "Mozilla/5.0 (compatible; Googlebot/2.1; +http://www.google.com/bot.html)" 
49.7.20.111 - - [20/Apr/2022:08:34:53 -0700] "GET / HTTP/1.1" 200 13147 "-" "Sogou web spider/4.0(+http://www.sogou.com/docs/help/webmasters.htm#07)" 
54.244.206.82 - - [20/Apr/2022:08:46:12 -0700] "GET /favicon.ico HTTP/1.1" 301 441 "-" "Mozilla/5.0 (X11; Linux x86_64) AppleWebKit/537.36 (KHTML, like Gecko) Chrome/83.0.4103.97 Safari/537.36" 
54.244.206.82 - - [20/Apr/2022:08:46:14 -0700] "GET /favicon.ico HTTP/1.1" 200 347 "http://secrepo.com/favicon.ico" "Mozilla/5.0 (X11; Linux x86_64) AppleWebKit/537.36 (KHTML, like Gecko) Chrome/83.0.4103.97 Safari/537.36" 
40.77.167.2 - - [20/Apr/2022:08:50:23 -0700] "GET /self.logs/ HTTP/1.1" 200 35663 "-" "Mozilla/5.0 (compatible; bingbot/2.0; +http://www.bing.com/bingbot.htm)" 
114.119.149.218 - - [20/Apr/2022:08:59:47 -0700] "GET /self.logs/access.log.2017-02-24.gz HTTP/1.1" 200 67096 "-" "Mozilla/5.0 (compatible;PetalBot;+https://webmaster.petalsearch.com/site/petalbot)" 
135.181.212.177 - - [20/Apr/2022:09:01:05 -0700] "GET /robots.txt HTTP/1.1" 301 495 "-" "Mozilla/5.0 (compatible; MJ12bot/v1.4.8; http://mj12bot.com/)" 
135.181.212.177 - - [20/Apr/2022:09:01:07 -0700] "GET /robots.txt HTTP/1.1" 200 377 "-" "Mozilla/5.0 (compatible; MJ12bot/v1.4.8; http://mj12bot.com/)" 
135.181.212.177 - - [20/Apr/2022:09:01:10 -0700] "GET /%C2%A0%C2%A0 HTTP/1.1" 301 427 "-" "Mozilla/5.0 (compatible; MJ12bot/v1.4.8; http://mj12bot.com/)" 
135.181.212.177 - - [20/Apr/2022:09:01:14 -0700] "GET /%C3%82%C2%A0%C3%82 HTTP/1.1" 404 284 "-" "Mozilla/5.0 (compatible; MJ12bot/v1.4.8; http://mj12bot.com/)" 
135.181.212.177 - - [20/Apr/2022:09:01:18 -0700] "GET /honeypot//%22http://amunhoney.sourceforge.net//%22 HTTP/1.1" 404 284 "-" "Mozilla/5.0 (compatible; MJ12bot/v1.4.8; http://mj12bot.com/)" 
135.181.212.177 - - [20/Apr/2022:09:01:31 -0700] "GET /honeypot//%22http://glastopf.org//%22 HTTP/1.1" 404 284 "-" "Mozilla/5.0 (compatible; MJ12bot/v1.4.8; http://mj12bot.com/)" 
135.181.212.177 - - [20/Apr/2022:09:01:41 -0700] "GET /honeypot//%22http://www.maxmind.com/%22 HTTP/1.1" 404 284 "-" "Mozilla/5.0 (compatible; MJ12bot/v1.4.8; http://mj12bot.com/)" 
135.181.212.177 - - [20/Apr/2022:09:01:51 -0700] "GET /honeypot//%22https://twitter.com/sooshie/%22 HTTP/1.1" 404 284 "-" "Mozilla/5.0 (compatible; MJ12bot/v1.4.8; http://mj12bot.com/)" 
135.181.212.177 - - [20/Apr/2022:09:01:59 -0700] "GET /honeypot//%22https://twitter.com/theroxyd/%22 HTTP/1.1" 404 284 "-" "Mozilla/5.0 (compatible; MJ12bot/v1.4.8; http://mj12bot.com/)" 
135.181.212.177 - - [20/Apr/2022:09:02:07 -0700] "GET /self.logs/ HTTP/1.1" 200 35619 "-" "Mozilla/5.0 (compatible; MJ12bot/v1.4.8; http://mj12bot.com/)" 
135.181.212.177 - - [20/Apr/2022:09:02:12 -0700] "GET /%C2%A0 HTTP/1.1" 404 284 "-" "Mozilla/5.0 (compatible; MJ12bot/v1.4.8; http://mj12bot.com/)" 
135.181.212.177 - - [20/Apr/2022:09:02:20 -0700] "GET / HTTP/1.1" 200 13140 "-" "Mozilla/5.0 (compatible; MJ12bot/v1.4.8; http://mj12bot.com/)" 
49.7.20.111 - - [20/Apr/2022:09:21:18 -0700] "GET / HTTP/1.1" 200 13148 "-" "Sogou web spider/4.0(+http://www.sogou.com/docs/help/webmasters.htm#07)" 
40.77.167.2 - - [20/Apr/2022:09:25:06 -0700] "GET /self.logs/ HTTP/1.1" 200 35663 "-" "Mozilla/5.0 (compatible; bingbot/2.0; +http://www.bing.com/bingbot.htm)" 
54.198.83.141 - - [20/Apr/2022:09:34:25 -0700] "GET /bootstrap/img/favicon.ico HTTP/1.1" 200 676 "-" "Iframely/1.3.1 (+https://iframely.com/docs/about)" 
54.198.83.141 - - [20/Apr/2022:09:34:25 -0700] "GET / HTTP/1.1" 200 13185 "-" "Iframely/1.3.1 (+https://iframely.com/docs/about) Atlassian" 
184.72.117.210 - - [20/Apr/2022:09:36:42 -0700] "HEAD / HTTP/1.1" 200 388 "-" "Ruby" 
114.119.140.174 - - [20/Apr/2022:09:37:04 -0700] "GET /self.logs/error.log.2018-02-16.gz HTTP/1.1" 200 5301 "-" "Mozilla/5.0 (compatible;PetalBot;+https://webmaster.petalsearch.com/site/petalbot)" 
114.119.149.222 - - [20/Apr/2022:09:47:54 -0700] "GET /self.logs/access.log.2019-01-30.gz HTTP/1.1" 200 29616 "-" "Mozilla/5.0 (compatible;PetalBot;+https://webmaster.petalsearch.com/site/petalbot)" 
13.87.186.206 - - [20/Apr/2022:09:57:38 -0700] "GET / HTTP/1.1" 200 13140 "-" "awesome_bot" 
87.71.254.178 - - [20/Apr/2022:09:57:45 -0700] "GET / HTTP/1.1" 200 13184 "-" "Mozilla/5.0 (iPhone; CPU iPhone OS 15_4_1 like Mac OS X) AppleWebKit/605.1.15 (KHTML, like Gecko) Version/15.4 Mobile/15E148 Safari/604.1" 
87.71.254.178 - - [20/Apr/2022:09:57:45 -0700] "GET /twitter-icon.png HTTP/1.1" 200 27893 "http://www.secrepo.com/" "Mozilla/5.0 (iPhone; CPU iPhone OS 15_4_1 like Mac OS X) AppleWebKit/605.1.15 (KHTML, like Gecko) Version/15.4 Mobile/15E148 Safari/604.1" 
87.71.254.178 - - [20/Apr/2022:09:57:45 -0700] "GET /css/style.css HTTP/1.1" 404 328 "http://www.secrepo.com/" "Mozilla/5.0 (iPhone; CPU iPhone OS 15_4_1 like Mac OS X) AppleWebKit/605.1.15 (KHTML, like Gecko) Version/15.4 Mobile/15E148 Safari/604.1" 
40.77.167.2 - - [20/Apr/2022:09:58:50 -0700] "GET /self.logs/ HTTP/1.1" 200 35663 "-" "Mozilla/5.0 (compatible; bingbot/2.0; +http://www.bing.com/bingbot.htm)" 
114.119.149.237 - - [20/Apr/2022:09:58:54 -0700] "GET /self.logs/error.log.2019-08-06.gz HTTP/1.1" 200 1339 "-" "Mozilla/5.0 (compatible;PetalBot;+https://webmaster.petalsearch.com/site/petalbot)" 
49.7.20.111 - - [20/Apr/2022:10:05:02 -0700] "GET / HTTP/1.1" 200 13146 "-" "Sogou web spider/4.0(+http://www.sogou.com/docs/help/webmasters.htm#07)" 
207.46.13.196 - - [20/Apr/2022:10:10:14 -0700] "GET /self.logs/error.log.2022-02-19.gz HTTP/1.1" 200 3410 "-" "Mozilla/5.0 (compatible; bingbot/2.0; +http://www.bing.com/bingbot.htm)" 
114.119.149.237 - - [20/Apr/2022:10:20:34 -0700] "GET /self.logs/access.log.2017-11-17.gz HTTP/1.1" 200 19727 "-" "Mozilla/5.0 (compatible;PetalBot;+https://webmaster.petalsearch.com/site/petalbot)" 
162.210.196.129 - - [20/Apr/2022:10:31:02 -0700] "GET /robots.txt HTTP/1.1" 200 377 "-" "Mozilla/5.0 (compatible; MJ12bot/v1.4.8; http://mj12bot.com/)" 
162.210.196.129 - - [20/Apr/2022:10:31:35 -0700] "GET / HTTP/1.1" 200 13140 "-" "Mozilla/5.0 (compatible; MJ12bot/v1.4.8; http://mj12bot.com/)" 
40.77.167.2 - - [20/Apr/2022:10:32:53 -0700] "GET /self.logs/ HTTP/1.1" 200 35663 "-" "Mozilla/5.0 (compatible; bingbot/2.0; +http://www.bing.com/bingbot.htm)" 
162.210.196.100 - - [20/Apr/2022:10:35:42 -0700] "GET /robots.txt HTTP/1.1" 301 495 "-" "Mozilla/5.0 (compatible; MJ12bot/v1.4.8; http://mj12bot.com/)" 
162.210.196.100 - - [20/Apr/2022:10:35:43 -0700] "GET /robots.txt HTTP/1.1" 200 377 "-" "Mozilla/5.0 (compatible; MJ12bot/v1.4.8; http://mj12bot.com/)" 
162.210.196.100 - - [20/Apr/2022:10:35:46 -0700] "GET / HTTP/1.1" 301 419 "-" "Mozilla/5.0 (compatible; MJ12bot/v1.4.8; http://mj12bot.com/)" 
162.210.196.100 - - [20/Apr/2022:10:35:50 -0700] "GET / HTTP/1.1" 200 13140 "-" "Mozilla/5.0 (compatible; MJ12bot/v1.4.8; http://mj12bot.com/)" 
207.46.13.71 - - [20/Apr/2022:10:40:22 -0700] "GET /self.logs/access.log.2019-09-21.gz HTTP/1.1" 304 280 "-" "Mozilla/5.0 (compatible; bingbot/2.0; +http://www.bing.com/bingbot.htm)" 
114.119.140.174 - - [20/Apr/2022:10:41:50 -0700] "GET /self.logs/access.log.2017-07-24.gz HTTP/1.1" 200 35804 "-" "Mozilla/5.0 (compatible;PetalBot;+https://webmaster.petalsearch.com/site/petalbot)" 
106.11.158.73 - - [20/Apr/2022:10:42:55 -0700] "GET / HTTP/1.1" 200 13147 "-" "Mozilla/5.0 (Linux; Android 5.0; SM-G900P Build/LRX21T) AppleWebKit/537.36 (KHTML, like Gecko) Chrome/88.0.4324.96 Mobile Safari/537.36" 
106.11.157.75 - - [20/Apr/2022:10:42:56 -0700] "GET /css/style.css HTTP/1.1" 404 291 "http://www.secrepo.com/" "Mozilla/5.0 (Linux; Android 5.0; SM-G900P Build/LRX21T) AppleWebKit/537.36 (KHTML, like Gecko) Chrome/88.0.4324.96 Mobile Safari/537.36" 
49.7.20.111 - - [20/Apr/2022:10:46:36 -0700] "GET / HTTP/1.1" 200 13148 "-" "Sogou web spider/4.0(+http://www.sogou.com/docs/help/webmasters.htm#07)" 
112.5.37.192 - - [20/Apr/2022:10:50:19 -0700] "GET /data/admin/allowurl.txt HTTP/1.1" 404 328 "-" "Mozilla/5.0 (Windows NT 10.0; WOW64; rv:48.0) Gecko/20100101 Firefox/48.0" 
112.5.37.192 - - [20/Apr/2022:10:50:19 -0700] "GET /e/data/js/ajax.js HTTP/1.1" 404 328 "-" "Mozilla/5.0 (Windows NT 10.0; WOW64; rv:48.0) Gecko/20100101 Firefox/48.0" 
114.119.149.222 - - [20/Apr/2022:10:52:23 -0700] "GET /self.logs/access.log.2020-12-29.gz HTTP/1.1" 200 32563 "-" "Mozilla/5.0 (compatible;PetalBot;+https://webmaster.petalsearch.com/site/petalbot)" 
185.191.171.1 - - [20/Apr/2022:11:02:34 -0700] "GET /robots.txt HTTP/1.1" 200 340 "-" "Mozilla/5.0 (compatible; SemrushBot/7~bl; +http://www.semrush.com/bot.html)" 
114.119.140.174 - - [20/Apr/2022:11:02:52 -0700] "GET /self.logs/access.log.2019-12-11.gz HTTP/1.1" 200 18112 "-" "Mozilla/5.0 (compatible;PetalBot;+https://webmaster.petalsearch.com/site/petalbot)" 
40.77.167.2 - - [20/Apr/2022:11:06:47 -0700] "GET /self.logs/ HTTP/1.1" 200 35663 "-" "Mozilla/5.0 (compatible; bingbot/2.0; +http://www.bing.com/bingbot.htm)" 
114.119.145.137 - - [20/Apr/2022:11:13:11 -0700] "GET /self.logs/access.log.2018-12-03.gz HTTP/1.1" 200 22574 "-" "Mozilla/5.0 (compatible;PetalBot;+https://webmaster.petalsearch.com/site/petalbot)" 
222.187.232.89 - - [20/Apr/2022:11:17:34 -0700] "GET / HTTP/1.1" 200 49089 "-" "-" 
114.119.149.222 - - [20/Apr/2022:11:23:25 -0700] "GET /self.logs/error.log.2019-01-12.gz HTTP/1.1" 200 4110 "-" "Mozilla/5.0 (compatible;PetalBot;+https://webmaster.petalsearch.com/site/petalbot)" 
40.77.167.2 - - [20/Apr/2022:11:42:00 -0700] "GET /self.logs/ HTTP/1.1" 200 35663 "-" "Mozilla/5.0 (compatible; bingbot/2.0; +http://www.bing.com/bingbot.htm)" 
114.119.149.218 - - [20/Apr/2022:11:43:52 -0700] "GET /self.logs/access.log.2020-03-02.gz HTTP/1.1" 200 14358 "-" "Mozilla/5.0 (compatible;PetalBot;+https://webmaster.petalsearch.com/site/petalbot)" 
112.5.37.192 - - [20/Apr/2022:11:45:20 -0700] "GET /e/data/js/ajax.js HTTP/1.1" 404 328 "-" "Mozilla/5.0 (Windows NT 10.0; WOW64; rv:48.0) Gecko/20100101 Firefox/48.0" 
112.5.37.192 - - [20/Apr/2022:11:45:23 -0700] "GET /data/admin/allowurl.txt HTTP/1.1" 404 328 "-" "Mozilla/5.0 (Windows NT 10.0; WOW64; rv:48.0) Gecko/20100101 Firefox/48.0" 
116.179.32.143 - - [20/Apr/2022:11:46:01 -0700] "GET /Security-Data-Analysis/Lab_1/conn.log.zip HTTP/1.1" 200 100520 "-" "Mozilla/5.0 (compatible; Baiduspider/2.0; +http://www.baidu.com/search/spider.html)" 
61.135.159.158 - - [20/Apr/2022:12:02:18 -0700] "GET / HTTP/1.1" 200 13147 "-" "Sogou web spider/4.0(+http://www.sogou.com/docs/help/webmasters.htm#07)" 
114.119.149.222 - - [20/Apr/2022:12:04:23 -0700] "GET /self.logs/error.log.2020-09-19 HTTP/1.1" 200 351 "-" "Mozilla/5.0 (Linux; Android 7.0;) AppleWebKit/537.36 (KHTML, like Gecko) Mobile Safari/537.36 (compatible; PetalBot;+https://webmaster.petalsearch.com/site/petalbot)" 
103.131.71.205 - - [20/Apr/2022:12:05:49 -0700] "GET /robots.txt HTTP/1.1" 200 340 "-" "Mozilla/5.0 (compatible; coccocbot-image/1.0; +http://help.coccoc.com/searchengine)" 
103.131.71.204 - - [20/Apr/2022:12:05:51 -0700] "GET /bootstrap/img/favicon.ico HTTP/1.1" 200 676 "-" "Mozilla/5.0 (compatible; coccocbot-image/1.0; +http://help.coccoc.com/searchengine)" 
222.187.222.93 - - [20/Apr/2022:12:12:32 -0700] "GET / HTTP/1.1" 200 49089 "-" "-" 
114.119.149.237 - - [20/Apr/2022:12:14:23 -0700] "GET /self.logs/error.log.2019-10-16.gz HTTP/1.1" 200 816 "-" "Mozilla/5.0 (Linux; Android 7.0;) AppleWebKit/537.36 (KHTML, like Gecko) Mobile Safari/537.36 (compatible; PetalBot;+https://webmaster.petalsearch.com/site/petalbot)" 
40.77.167.2 - - [20/Apr/2022:12:15:44 -0700] "GET /self.logs/ HTTP/1.1" 200 35663 "-" "Mozilla/5.0 (compatible; bingbot/2.0; +http://www.bing.com/bingbot.htm)" 
95.217.226.248 - - [20/Apr/2022:12:23:29 -0700] "GET /robots.txt HTTP/1.1" 200 377 "-" "Mozilla/5.0 (compatible; MJ12bot/v1.4.8; http://mj12bot.com/)" 
95.217.226.248 - - [20/Apr/2022:12:23:33 -0700] "GET /self.logs/error.log.2022-04-16 HTTP/1.1" 200 307 "-" "Mozilla/5.0 (compatible; MJ12bot/v1.4.8; http://mj12bot.com/)" 
95.217.226.248 - - [20/Apr/2022:12:23:38 -0700] "GET /self.logs/error.log.2022-04-18 HTTP/1.1" 200 3925 "-" "Mozilla/5.0 (compatible; MJ12bot/v1.4.8; http://mj12bot.com/)" 
114.119.149.222 - - [20/Apr/2022:12:44:39 -0700] "GET /self.logs/2015/error.log.2015-05-01.gz HTTP/1.1" 200 1000 "-" "Mozilla/5.0 (compatible;PetalBot;+https://webmaster.petalsearch.com/site/petalbot)" 
40.77.167.2 - - [20/Apr/2022:12:49:37 -0700] "GET /self.logs/ HTTP/1.1" 200 35663 "-" "Mozilla/5.0 (compatible; bingbot/2.0; +http://www.bing.com/bingbot.htm)" 
110.190.176.135 - - [20/Apr/2022:13:02:09 -0700] "GET /plus/erraddsave.php?dopost=saveedit&a=b&arrs1%5B%5D=99&arrs1%5B%5D=102&arrs1%5B%5D=103&arrs1%5B%5D=95&arrs1%5B%5D=100&arrs1%5B%5D=98&arrs1%5B%5D=112&arrs1%5B%5D=114&arrs1%5B%5D=101&arrs1%5B%5D=102&arrs1%5B%5D=105&arrs1%5B%5D=120&arrs2%5B%5D=103&arrs2%5B%5D=100&arrs2%5B%5D=109&arrs2%5B%5D=105&arrs2%5B%5D=110&arrs2%5B%5D=96&arrs2%5B%5D=32&arrs2%5B%5D=83&arrs2%5B%5D=69&arrs2%5B%5D=84&arrs2%5B%5D=32&arrs2%5B%5D=96&arrs2%5B%5D=117&arrs2%5B%5D=115&arrs2%5B%5D=101&arrs2%5B%5D=114&arrs2%5B%5D=105&arrs2%5B%5D=100&arrs2%5B%5D=96&arrs2%5B%5D=61&arrs2%5B%5D=39&arrs2%5B%5D=115&arrs2%5B%5D=112&arrs2%5B%5D=105&arrs2%5B%5D=100&arrs2%5B%5D=101&arrs2%5B%5D=114&arrs2%5B%5D=39&arrs2%5B%5D=44&arrs2%5B%5D=32&arrs2%5B%5D=96&arrs2%5B%5D=112&arrs2%5B%5D=119&arrs2%5B%5D=100&arrs2%5B%5D=96&arrs2%5B%5D=61&arrs2%5B%5D=39&arrs2%5B%5D=102&arrs2%5B%5D=50&arrs2%5B%5D=57&arrs2%5B%5D=55&arrs2%5B%5D=97&arrs2%5B%5D=53&arrs2%5B%5D=55&arrs2%5B%5D=97&arrs2%5B%5D=53&arrs2%5B%5D=97&arrs2%5B%5D=55&arrs2%5B%5D=52&arrs2%5B%5D=51&arrs2%5B%5D=56&arrs2%5B%5D=57&arrs2%5B%5D=52&arrs2%5B%5D=97&arrs2%5B%5D=48&arrs2%5B%5D=101&arrs2%5B%5D=52&arrs2%5B%5D=39&arrs2%5B%5D=32&arrs2%5B%5D=119&arrs2%5B%5D=104&arrs2%5B%5D=101&arrs2%5B%5D=114&arrs2%5B%5D=101&arrs2%5B%5D=32&arrs2%5B%5D=105&arrs2%5B%5D=100&arrs2%5B%5D=61&arrs2%5B%5D=49&arrs2%5B%5D=32&arrs2%5B%5D=35 HTTP/1.1" 404 328 "http://www.secrepo.com/plus/erraddsave.php?dopost=saveedit&a=b&arrs1[]=99&arrs1[]=102&arrs1[]=103&arrs1[]=95&arrs1[]=100&arrs1[]=98&arrs1[]=112&arrs1[]=114&arrs1[]=101&arrs1[]=102&arrs1[]=105&arrs1[]=120&arrs2[]=103&arrs2[]=100&arrs2[]=109&arrs2[]=105&arrs2[]=110&arrs2[]=96&arrs2[]=32&arrs2[]=83&arrs2[]=69&arrs2[]=84&arrs2[]=32&arrs2[]=96&arrs2[]=117&arrs2[]=115&arrs2[]=101&arrs2[]=114&arrs2[]=105&arrs2[]=100&arrs2[]=96&arrs2[]=61&arrs2[]=39&arrs2[]=115&arrs2[]=112&arrs2[]=105&arrs2[]=100&arrs2[]=101&arrs2[]=114&arrs2[]=39&arrs2[]=44&arrs2[]=32&arrs2[]=96&arrs2[]=112&arrs2[]=119&arrs2[]=100&arrs2[]=96&arrs2[]=61&arrs2[]=39&arrs2[]=102&arrs2[]=50&arrs2[]=57&arrs2[]=55&arrs2[]=97&arrs2[]=53&arrs2[]=55&arrs2[]=97&arrs2[]=53&arrs2[]=97&arrs2[]=55&arrs2[]=52&arrs2[]=51&arrs2[]=56&arrs2[]=57&arrs2[]=52&arrs2[]=97&arrs2[]=48&arrs2[]=101&arrs2[]=52&arrs2[]=39&arrs2[]=32&arrs2[]=119&arrs2[]=104&arrs2[]=101&arrs2[]=114&arrs2[]=101&arrs2[]=32&arrs2[]=105&arrs2[]=100&arrs2[]=61&arrs2[]=49&arrs2[]=32&arrs2[]=35" "Mozilla/4.0 (compatible; MSIE 7.0; Windows NT 6.1; WOW64; Trident/7.0; SLCC2; .NET CLR 2.0.50727; .NET CLR 3.5.30729; .NET CLR 3.0.30729; Media Center PC 6.0; .NET4.0C; .NET4.0E)" 
114.119.149.228 - - [20/Apr/2022:13:04:38 -0700] "GET /self.logs/error.log.2017-09-07.gz HTTP/1.1" 200 1098 "-" "Mozilla/5.0 (compatible;PetalBot;+https://webmaster.petalsearch.com/site/petalbot)" 
114.119.149.23 - - [20/Apr/2022:13:14:45 -0700] "GET /self.logs/access.log.2020-09-23.gz HTTP/1.1" 200 14148 "-" "Mozilla/5.0 (compatible;PetalBot;+https://webmaster.petalsearch.com/site/petalbot)" 
40.77.167.2 - - [20/Apr/2022:13:23:40 -0700] "GET /self.logs/ HTTP/1.1" 200 35663 "-" "Mozilla/5.0 (compatible; bingbot/2.0; +http://www.bing.com/bingbot.htm)" 
51.222.253.12 - - [20/Apr/2022:13:28:59 -0700] "GET /.well-known/keybase.txt HTTP/1.1" 301 465 "-" "Mozilla/5.0 (compatible; AhrefsBot/7.0; +http://ahrefs.com/robot/)" 
207.46.13.71 - - [20/Apr/2022:13:34:10 -0700] "GET /self.logs/access.log.2022-02-21.gz HTTP/1.1" 200 12645 "-" "Mozilla/5.0 (compatible; bingbot/2.0; +http://www.bing.com/bingbot.htm)" 
114.119.149.228 - - [20/Apr/2022:13:35:04 -0700] "GET /self.logs/2015/error.log.2015-08-25.gz HTTP/1.1" 200 1000 "-" "Mozilla/5.0 (compatible;PetalBot;+https://webmaster.petalsearch.com/site/petalbot)" 
114.119.149.222 - - [20/Apr/2022:13:54:46 -0700] "GET /self.logs/2015/error.log.2015-07-02.gz HTTP/1.1" 200 903 "-" "Mozilla/5.0 (Linux; Android 7.0;) AppleWebKit/537.36 (KHTML, like Gecko) Mobile Safari/537.36 (compatible; PetalBot;+https://webmaster.petalsearch.com/site/petalbot)" 
40.77.167.2 - - [20/Apr/2022:13:57:24 -0700] "GET /self.logs/ HTTP/1.1" 200 35663 "-" "Mozilla/5.0 (compatible; bingbot/2.0; +http://www.bing.com/bingbot.htm)" 
114.119.149.222 - - [20/Apr/2022:14:04:43 -0700] "GET /self.logs/access.log.2020-02-16.gz HTTP/1.1" 200 15304 "-" "Mozilla/5.0 (Linux; Android 7.0;) AppleWebKit/537.36 (KHTML, like Gecko) Mobile Safari/537.36 (compatible; PetalBot;+https://webmaster.petalsearch.com/site/petalbot)" 
192.71.18.246 - - [20/Apr/2022:14:13:00 -0700] "GET / HTTP/1.1" 200 13140 "-" "Mozilla/5.0 (compatible; Googlebot/2.1; +http://www.google.com/bot.html)" 
114.119.149.228 - - [20/Apr/2022:14:14:55 -0700] "GET /self.logs/error.log.2018-10-25.gz HTTP/1.1" 200 4698 "-" "Mozilla/5.0 (Linux; Android 7.0;) AppleWebKit/537.36 (KHTML, like Gecko) Mobile Safari/537.36 (compatible; PetalBot;+https://webmaster.petalsearch.com/site/petalbot)" 
40.77.167.2 - - [20/Apr/2022:14:31:47 -0700] "GET /self.logs/ HTTP/1.1" 200 35663 "-" "Mozilla/5.0 (compatible; bingbot/2.0; +http://www.bing.com/bingbot.htm)" 
114.119.145.137 - - [20/Apr/2022:14:50:47 -0700] "GET /self.logs/error.log.2017-10-28.gz HTTP/1.1" 200 2151 "-" "Mozilla/5.0 (Linux; Android 7.0;) AppleWebKit/537.36 (KHTML, like Gecko) Mobile Safari/537.36 (compatible; PetalBot;+https://webmaster.petalsearch.com/site/petalbot)" 
114.119.149.237 - - [20/Apr/2022:15:00:21 -0700] "GET /self.logs/error.log.2020-07-05 HTTP/1.1" 200 351 "-" "Mozilla/5.0 (Linux; Android 7.0;) AppleWebKit/537.36 (KHTML, like Gecko) Mobile Safari/537.36 (compatible; PetalBot;+https://webmaster.petalsearch.com/site/petalbot)" 
40.77.167.2 - - [20/Apr/2022:15:05:40 -0700] "GET /self.logs/ HTTP/1.1" 200 35663 "-" "Mozilla/5.0 (compatible; bingbot/2.0; +http://www.bing.com/bingbot.htm)" 
114.119.149.218 - - [20/Apr/2022:15:09:43 -0700] "GET /self.logs/access.log.2020-05-29.gz HTTP/1.1" 200 16607 "-" "Mozilla/5.0 (compatible;PetalBot;+https://webmaster.petalsearch.com/site/petalbot)" 
222.187.232.89 - - [20/Apr/2022:15:16:32 -0700] "GET / HTTP/1.1" 200 49089 "-" "-" 
114.119.140.174 - - [20/Apr/2022:15:18:57 -0700] "GET /self.logs/access.log.2020-10-26.gz HTTP/1.1" 200 12172 "-" "Mozilla/5.0 (Linux; Android 7.0;) AppleWebKit/537.36 (KHTML, like Gecko) Mobile Safari/537.36 (compatible; PetalBot;+https://webmaster.petalsearch.com/site/petalbot)" 
222.187.232.89 - - [20/Apr/2022:15:25:34 -0700] "GET / HTTP/1.1" 200 49089 "-" "-" 
114.119.149.237 - - [20/Apr/2022:15:29:08 -0700] "GET /self.logs/access.log.2020-09-07.gz HTTP/1.1" 200 29458 "-" "Mozilla/5.0 (Linux; Android 7.0;) AppleWebKit/537.36 (KHTML, like Gecko) Mobile Safari/537.36 (compatible; PetalBot;+https://webmaster.petalsearch.com/site/petalbot)" 
40.77.167.2 - - [20/Apr/2022:15:39:33 -0700] "GET /self.logs/ HTTP/1.1" 200 35663 "-" "Mozilla/5.0 (compatible; bingbot/2.0; +http://www.bing.com/bingbot.htm)" 
40.77.167.2 - - [20/Apr/2022:16:13:17 -0700] "GET /self.logs/ HTTP/1.1" 200 35663 "-" "Mozilla/5.0 (compatible; bingbot/2.0; +http://www.bing.com/bingbot.htm)" 
114.119.149.237 - - [20/Apr/2022:16:21:29 -0700] "GET /self.logs/error.log.2018-04-01.gz HTTP/1.1" 200 4446 "-" "Mozilla/5.0 (Linux; Android 7.0;) AppleWebKit/537.36 (KHTML, like Gecko) Mobile Safari/537.36 (compatible; PetalBot;+https://webmaster.petalsearch.com/site/petalbot)" 
157.90.181.151 - - [20/Apr/2022:16:22:12 -0700] "GET /robots.txt HTTP/1.1" 200 377 "-" "Mozilla/5.0 (compatible; BLEXBot/1.0; +http://webmeup-crawler.com/)" 
157.90.181.151 - - [20/Apr/2022:16:22:13 -0700] "GET /sitemap HTTP/1.1" 404 328 "-" "Mozilla/5.0 (compatible; BLEXBot/1.0; +http://webmeup-crawler.com/)" 
157.90.181.151 - - [20/Apr/2022:16:22:28 -0700] "GET /sitemap.txt HTTP/1.1" 404 328 "-" "Mozilla/5.0 (compatible; BLEXBot/1.0; +http://webmeup-crawler.com/)" 
114.119.149.237 - - [20/Apr/2022:16:30:57 -0700] "GET /self.logs/access.log.2020-08-03.gz HTTP/1.1" 200 14169 "-" "Mozilla/5.0 (Linux; Android 7.0;) AppleWebKit/537.36 (KHTML, like Gecko) Mobile Safari/537.36 (compatible; PetalBot;+https://webmaster.petalsearch.com/site/petalbot)" 
40.77.167.2 - - [20/Apr/2022:16:47:39 -0700] "GET /self.logs/ HTTP/1.1" 200 35663 "-" "Mozilla/5.0 (compatible; bingbot/2.0; +http://www.bing.com/bingbot.htm)" 
85.208.98.51 - - [20/Apr/2022:17:01:49 -0700] "GET /robots.txt HTTP/1.1" 301 439 "-" "Mozilla/5.0 (compatible; SemrushBot-BM/1.0; +http://www.semrush.com/bot.html)" 
85.208.98.51 - - [20/Apr/2022:17:01:55 -0700] "GET /robots.txt HTTP/1.1" 200 333 "-" "Mozilla/5.0 (compatible; SemrushBot-BM/1.0; +http://www.semrush.com/bot.html)" 
114.119.149.228 - - [20/Apr/2022:17:04:07 -0700] "GET /self.logs/error.log.2017-07-01.gz HTTP/1.1" 200 908 "-" "Mozilla/5.0 (Linux; Android 7.0;) AppleWebKit/537.36 (KHTML, like Gecko) Mobile Safari/537.36 (compatible; PetalBot;+https://webmaster.petalsearch.com/site/petalbot)" 
103.131.71.207 - - [20/Apr/2022:17:12:12 -0700] "GET /robots.txt HTTP/1.1" 200 340 "-" "Mozilla/5.0 (compatible; coccocbot-image/1.0; +http://help.coccoc.com/searchengine)" 
103.131.71.199 - - [20/Apr/2022:17:12:14 -0700] "GET /favicon.ico HTTP/1.1" 200 354 "-" "Mozilla/5.0 (compatible; coccocbot-image/1.0; +http://help.coccoc.com/searchengine)" 
40.77.167.2 - - [20/Apr/2022:17:21:14 -0700] "GET /self.logs/ HTTP/1.1" 200 35663 "-" "Mozilla/5.0 (compatible; bingbot/2.0; +http://www.bing.com/bingbot.htm)" 
