216.244.66.245 - - [24/Mar/2024:21:44:37 -0700] "GET /robots.txt HTTP/1.1" 200 333 "-" "Mozilla/5.0 (compatible; DotBot/1.2; +https://opensiteexplorer.org/dotbot; help@moz.com)" 
207.46.13.6 - - [24/Mar/2024:21:45:17 -0700] "GET /self.logs/access.log.2017-07-27.gz HTTP/1.1" 200 21440 "-" "Mozilla/5.0 AppleWebKit/537.36 (KHTML, like Gecko; compatible; bingbot/2.0; +http://www.bing.com/bingbot.htm) Chrome/116.0.1938.76 Safari/537.36" 
107.20.105.74 - - [24/Mar/2024:21:46:40 -0700] "HEAD / HTTP/1.1" 301 186 "-" "DreamHost SiteMonitor 1.0" 
107.20.105.74 - - [24/Mar/2024:21:46:40 -0700] "HEAD / HTTP/1.1" 200 359 "http://66.33.221.139" "DreamHost SiteMonitor 1.0" 
119.42.146.178 - - [24/Mar/2024:21:46:44 -0700] "GET /static/images/nopic.png HTTP/1.1" 404 328 "-" "Mozilla/5.0 (Windows NT 10.0; WOW64; rv:48.0) Gecko/20100101 Firefox/48.0" 
60.184.110.239 - - [24/Mar/2024:21:48:43 -0700] "GET / HTTP/1.1" 200 49133 "-" "Mozilla/4.0 (compatible; MSIE 8.0; Windows NT 6.1; Trident/4.0)" 
123.126.68.22 - - [24/Mar/2024:21:50:32 -0700] "GET / HTTP/1.1" 200 13149 "-" "Sogou web spider/4.0(+http://www.sogou.com/docs/help/webmasters.htm#07)" 
178.63.3.29 - - [24/Mar/2024:21:52:22 -0700] "GET / HTTP/1.1" 200 13186 "-" "Mozilla/5.0 (Windows NT 10.0; Win64; x64; rv:102.0) Gecko/20100101 Firefox/102.0" 
107.20.105.74 - - [24/Mar/2024:21:56:40 -0700] "HEAD / HTTP/1.1" 301 186 "-" "DreamHost SiteMonitor 1.0" 
107.20.105.74 - - [24/Mar/2024:21:56:40 -0700] "HEAD / HTTP/1.1" 200 359 "http://66.33.221.139" "DreamHost SiteMonitor 1.0" 
150.138.72.214 - - [24/Mar/2024:22:00:27 -0700] "GET / HTTP/1.1" 200 49133 "http://www.secrepo.com" "Mozilla/5.0 (Windows NT 6.1) AppleWebKit/537.36 (KHTML, like Gecko) Chrome/30.0.1599.101 Safari/537.36" 
216.244.66.245 - - [24/Mar/2024:22:03:04 -0700] "GET /self.logs/2015/error.log.2015-03-10.gz HTTP/1.1" 200 4892 "-" "Mozilla/5.0 (compatible; DotBot/1.2; +https://opensiteexplorer.org/dotbot; help@moz.com)" 
216.244.66.245 - - [24/Mar/2024:22:03:44 -0700] "GET /self.logs/2015/error.log.2015-09-15.gz HTTP/1.1" 200 780 "-" "Mozilla/5.0 (compatible; DotBot/1.2; +https://opensiteexplorer.org/dotbot; help@moz.com)" 
60.184.110.239 - - [24/Mar/2024:22:03:56 -0700] "GET / HTTP/1.1" 200 49133 "-" "Mozilla/4.0 (compatible; MSIE 8.0; Windows NT 6.1; Trident/4.0)" 
216.244.66.245 - - [24/Mar/2024:22:04:18 -0700] "GET /self.logs/2015/error.log.2015-09-25.gz HTTP/1.1" 200 817 "-" "Mozilla/5.0 (compatible; DotBot/1.2; +https://opensiteexplorer.org/dotbot; help@moz.com)" 
216.244.66.245 - - [24/Mar/2024:22:04:48 -0700] "GET /self.logs/2015/error.log.2015-12-17.gz HTTP/1.1" 200 791 "-" "Mozilla/5.0 (compatible; DotBot/1.2; +https://opensiteexplorer.org/dotbot; help@moz.com)" 
216.244.66.245 - - [24/Mar/2024:22:05:16 -0700] "GET /self.logs/2016/access.log.2016-02-11.gz HTTP/1.1" 200 9166 "-" "Mozilla/5.0 (compatible; DotBot/1.2; +https://opensiteexplorer.org/dotbot; help@moz.com)" 
216.244.66.245 - - [24/Mar/2024:22:05:44 -0700] "GET /self.logs/2016/error.log.2016-05-28.gz HTTP/1.1" 200 645 "-" "Mozilla/5.0 (compatible; DotBot/1.2; +https://opensiteexplorer.org/dotbot; help@moz.com)" 
216.244.66.245 - - [24/Mar/2024:22:06:11 -0700] "GET /self.logs/2016/error.log.2016-06-09.gz HTTP/1.1" 200 969 "-" "Mozilla/5.0 (compatible; DotBot/1.2; +https://opensiteexplorer.org/dotbot; help@moz.com)" 
107.20.105.74 - - [24/Mar/2024:22:06:40 -0700] "HEAD / HTTP/1.1" 301 186 "-" "DreamHost SiteMonitor 1.0" 
216.244.66.245 - - [24/Mar/2024:22:06:40 -0700] "GET /self.logs/2016/error.log.2016-06-20.gz HTTP/1.1" 200 910 "-" "Mozilla/5.0 (compatible; DotBot/1.2; +https://opensiteexplorer.org/dotbot; help@moz.com)" 
107.20.105.74 - - [24/Mar/2024:22:06:40 -0700] "HEAD / HTTP/1.1" 200 359 "http://66.33.221.139" "DreamHost SiteMonitor 1.0" 
216.244.66.245 - - [24/Mar/2024:22:07:04 -0700] "GET /self.logs/2016/error.log.2016-07-25.gz HTTP/1.1" 200 631 "-" "Mozilla/5.0 (compatible; DotBot/1.2; +https://opensiteexplorer.org/dotbot; help@moz.com)" 
216.244.66.245 - - [24/Mar/2024:22:07:29 -0700] "GET /self.logs/access.log.2017-01-30.gz HTTP/1.1" 200 29740 "-" "Mozilla/5.0 (compatible; DotBot/1.2; +https://opensiteexplorer.org/dotbot; help@moz.com)" 
216.244.66.245 - - [24/Mar/2024:22:08:24 -0700] "GET /self.logs/access.log.2017-06-11.gz HTTP/1.1" 200 20291 "-" "Mozilla/5.0 (compatible; DotBot/1.2; +https://opensiteexplorer.org/dotbot; help@moz.com)" 
216.244.66.245 - - [24/Mar/2024:22:08:54 -0700] "GET /self.logs/access.log.2018-01-25.gz HTTP/1.1" 200 20942 "-" "Mozilla/5.0 (compatible; DotBot/1.2; +https://opensiteexplorer.org/dotbot; help@moz.com)" 
40.77.167.24 - - [24/Mar/2024:22:09:19 -0700] "GET /self.logs/access.log.2021-05-05.gz HTTP/1.1" 200 25333 "-" "Mozilla/5.0 AppleWebKit/537.36 (KHTML, like Gecko; compatible; bingbot/2.0; +http://www.bing.com/bingbot.htm) Chrome/116.0.1938.76 Safari/537.36" 
216.244.66.245 - - [24/Mar/2024:22:09:28 -0700] "GET /self.logs/access.log.2018-03-15.gz HTTP/1.1" 200 50530 "-" "Mozilla/5.0 (compatible; DotBot/1.2; +https://opensiteexplorer.org/dotbot; help@moz.com)" 
216.244.66.245 - - [24/Mar/2024:22:10:18 -0700] "GET /self.logs/access.log.2017-10-29.gz HTTP/1.1" 200 18414 "-" "Mozilla/5.0 (compatible; DotBot/1.2; +https://opensiteexplorer.org/dotbot; help@moz.com)" 
216.244.66.245 - - [24/Mar/2024:22:10:47 -0700] "GET /self.logs/access.log.2018-02-10.gz HTTP/1.1" 200 15147 "-" "Mozilla/5.0 (compatible; DotBot/1.2; +https://opensiteexplorer.org/dotbot; help@moz.com)" 
216.244.66.245 - - [24/Mar/2024:22:11:21 -0700] "GET /self.logs/access.log.2018-03-22.gz HTTP/1.1" 200 19110 "-" "Mozilla/5.0 (compatible; DotBot/1.2; +https://opensiteexplorer.org/dotbot; help@moz.com)" 
216.244.66.245 - - [24/Mar/2024:22:12:12 -0700] "GET /self.logs/access.log.2018-04-15.gz HTTP/1.1" 200 17640 "-" "Mozilla/5.0 (compatible; DotBot/1.2; +https://opensiteexplorer.org/dotbot; help@moz.com)" 
216.244.66.245 - - [24/Mar/2024:22:12:46 -0700] "GET /self.logs/access.log.2018-05-23.gz HTTP/1.1" 200 18494 "-" "Mozilla/5.0 (compatible; DotBot/1.2; +https://opensiteexplorer.org/dotbot; help@moz.com)" 
216.244.66.245 - - [24/Mar/2024:22:13:16 -0700] "GET /self.logs/access.log.2019-01-16.gz HTTP/1.1" 200 26116 "-" "Mozilla/5.0 (compatible; DotBot/1.2; +https://opensiteexplorer.org/dotbot; help@moz.com)" 
216.244.66.245 - - [24/Mar/2024:22:13:45 -0700] "GET /self.logs/access.log.2019-05-19.gz HTTP/1.1" 200 37034 "-" "Mozilla/5.0 (compatible; DotBot/1.2; +https://opensiteexplorer.org/dotbot; help@moz.com)" 
216.244.66.245 - - [24/Mar/2024:22:14:22 -0700] "GET /self.logs/access.log.2019-10-22.gz HTTP/1.1" 200 35996 "-" "Mozilla/5.0 (compatible; DotBot/1.2; +https://opensiteexplorer.org/dotbot; help@moz.com)" 
216.244.66.245 - - [24/Mar/2024:22:14:59 -0700] "GET /self.logs/error.log.2020-08-19 HTTP/1.1" 200 307 "-" "Mozilla/5.0 (compatible; DotBot/1.2; +https://opensiteexplorer.org/dotbot; help@moz.com)" 
216.244.66.245 - - [24/Mar/2024:22:15:30 -0700] "GET /self.logs/access.log.2018-10-12.gz HTTP/1.1" 200 18627 "-" "Mozilla/5.0 (compatible; DotBot/1.2; +https://opensiteexplorer.org/dotbot; help@moz.com)" 
142.93.233.116 - - [24/Mar/2024:22:15:30 -0700] "GET / HTTP/1.1" 301 475 "https://google.com/" "Mozilla/5.0 (Windows NT 10.0; Win64; x64; rv:123.0) Gecko/20100101 Firefox/123.0" 
142.93.233.116 - - [24/Mar/2024:22:15:30 -0700] "GET / HTTP/1.1" 200 13186 "https://google.com/" "Mozilla/5.0 (Windows NT 10.0; Win64; x64; rv:123.0) Gecko/20100101 Firefox/123.0" 
216.244.66.245 - - [24/Mar/2024:22:16:00 -0700] "GET /self.logs/access.log.2020-04-23.gz HTTP/1.1" 200 25798 "-" "Mozilla/5.0 (compatible; DotBot/1.2; +https://opensiteexplorer.org/dotbot; help@moz.com)" 
216.244.66.245 - - [24/Mar/2024:22:16:29 -0700] "GET /self.logs/access.log.2021-03-05.gz HTTP/1.1" 200 19968 "-" "Mozilla/5.0 (compatible; DotBot/1.2; +https://opensiteexplorer.org/dotbot; help@moz.com)" 
107.20.105.74 - - [24/Mar/2024:22:16:40 -0700] "HEAD / HTTP/1.1" 301 186 "-" "DreamHost SiteMonitor 1.0" 
107.20.105.74 - - [24/Mar/2024:22:16:40 -0700] "HEAD / HTTP/1.1" 200 359 "http://66.33.221.139" "DreamHost SiteMonitor 1.0" 
216.244.66.245 - - [24/Mar/2024:22:16:56 -0700] "GET /self.logs/access.log.2021-04-19.gz HTTP/1.1" 200 22590 "-" "Mozilla/5.0 (compatible; DotBot/1.2; +https://opensiteexplorer.org/dotbot; help@moz.com)" 
216.244.66.245 - - [24/Mar/2024:22:17:23 -0700] "GET /self.logs/access.log.2021-05-25.gz HTTP/1.1" 200 22122 "-" "Mozilla/5.0 (compatible; DotBot/1.2; +https://opensiteexplorer.org/dotbot; help@moz.com)" 
216.244.66.245 - - [24/Mar/2024:22:18:13 -0700] "GET /self.logs/access.log.2023-05-30.gz HTTP/1.1" 200 32407 "-" "Mozilla/5.0 (compatible; DotBot/1.2; +https://opensiteexplorer.org/dotbot; help@moz.com)" 
216.244.66.245 - - [24/Mar/2024:22:18:54 -0700] "GET /self.logs/error.log.2018-01-27.gz HTTP/1.1" 200 1141 "-" "Mozilla/5.0 (compatible; DotBot/1.2; +https://opensiteexplorer.org/dotbot; help@moz.com)" 
216.244.66.245 - - [24/Mar/2024:22:19:24 -0700] "GET /self.logs/error.log.2018-05-03.gz HTTP/1.1" 200 3278 "-" "Mozilla/5.0 (compatible; DotBot/1.2; +https://opensiteexplorer.org/dotbot; help@moz.com)" 
216.244.66.245 - - [24/Mar/2024:22:20:03 -0700] "GET /self.logs/error.log.2018-09-28.gz HTTP/1.1" 200 4466 "-" "Mozilla/5.0 (compatible; DotBot/1.2; +https://opensiteexplorer.org/dotbot; help@moz.com)" 
216.244.66.245 - - [24/Mar/2024:22:20:32 -0700] "GET /self.logs/error.log.2019-02-02.gz HTTP/1.1" 200 2871 "-" "Mozilla/5.0 (compatible; DotBot/1.2; +https://opensiteexplorer.org/dotbot; help@moz.com)" 
216.244.66.245 - - [24/Mar/2024:22:21:00 -0700] "GET /self.logs/error.log.2019-05-05.gz HTTP/1.1" 200 4859 "-" "Mozilla/5.0 (compatible; DotBot/1.2; +https://opensiteexplorer.org/dotbot; help@moz.com)" 
216.244.66.245 - - [24/Mar/2024:22:21:29 -0700] "GET /self.logs/error.log.2020-04-17.gz HTTP/1.1" 200 1323 "-" "Mozilla/5.0 (compatible; DotBot/1.2; +https://opensiteexplorer.org/dotbot; help@moz.com)" 
216.244.66.245 - - [24/Mar/2024:22:21:55 -0700] "GET /self.logs/error.log.2021-08-01.gz HTTP/1.1" 200 1043 "-" "Mozilla/5.0 (compatible; DotBot/1.2; +https://opensiteexplorer.org/dotbot; help@moz.com)" 
216.244.66.245 - - [24/Mar/2024:22:22:23 -0700] "GET /self.logs/error.log.2021-09-02 HTTP/1.1" 200 307 "-" "Mozilla/5.0 (compatible; DotBot/1.2; +https://opensiteexplorer.org/dotbot; help@moz.com)" 
216.244.66.245 - - [24/Mar/2024:22:22:49 -0700] "GET /self.logs/error.log.2021-11-21 HTTP/1.1" 200 307 "-" "Mozilla/5.0 (compatible; DotBot/1.2; +https://opensiteexplorer.org/dotbot; help@moz.com)" 
216.244.66.245 - - [24/Mar/2024:22:23:15 -0700] "GET /self.logs/error.log.2022-01-16.gz HTTP/1.1" 200 7881 "-" "Mozilla/5.0 (compatible; DotBot/1.2; +https://opensiteexplorer.org/dotbot; help@moz.com)" 
216.244.66.245 - - [24/Mar/2024:22:23:37 -0700] "GET /self.logs/error.log.2022-02-10.gz HTTP/1.1" 200 938 "-" "Mozilla/5.0 (compatible; DotBot/1.2; +https://opensiteexplorer.org/dotbot; help@moz.com)" 
216.244.66.245 - - [24/Mar/2024:22:24:00 -0700] "GET /self.logs/error.log.2022-11-20.gz HTTP/1.1" 200 880 "-" "Mozilla/5.0 (compatible; DotBot/1.2; +https://opensiteexplorer.org/dotbot; help@moz.com)" 
88.216.2.82 - - [24/Mar/2024:22:24:48 -0700] "GET /robots.txt HTTP/1.0" 301 458 "-" "Mozilla/4.0 (compatible; fluid/0.0; +http://www.leak.info/bot.html)" 
107.20.105.74 - - [24/Mar/2024:22:26:40 -0700] "HEAD / HTTP/1.1" 301 186 "-" "DreamHost SiteMonitor 1.0" 
107.20.105.74 - - [24/Mar/2024:22:26:40 -0700] "HEAD / HTTP/1.1" 200 359 "http://66.33.221.139" "DreamHost SiteMonitor 1.0" 
27.115.124.41 - - [24/Mar/2024:22:31:44 -0700] "GET / HTTP/1.1" 200 49133 "http://www.secrepo.com" "Mozilla/5.0 (Android 2.2; Windows; U; Windows NT 6.1; en-US) AppleWebKit/533.19.4 (KHTML, like Gecko) Version/5.0.3 Safari/533.19.4" 
180.163.220.60 - - [24/Mar/2024:22:31:51 -0700] "GET / HTTP/1.1" 200 13141 "https://www.sec-wiki.com/news?News_page=1009" "Mozilla/5.0 (Windows NT 6.1; WOW64) AppleWebKit/537.36 (KHTML, like Gecko) Chrome/31.0.1623.0 Safari/537.36" 
49.89.85.246 - - [24/Mar/2024:22:34:08 -0700] "GET / HTTP/1.1" 200 49133 "-" "Mozilla/4.0 (compatible; MSIE 8.0; Windows NT 6.1; Trident/4.0)" 
107.20.105.74 - - [24/Mar/2024:22:36:40 -0700] "HEAD / HTTP/1.1" 301 186 "-" "DreamHost SiteMonitor 1.0" 
107.20.105.74 - - [24/Mar/2024:22:36:40 -0700] "HEAD / HTTP/1.1" 200 359 "http://66.33.221.139" "DreamHost SiteMonitor 1.0" 
216.244.66.245 - - [24/Mar/2024:22:39:31 -0700] "GET /robots.txt HTTP/1.1" 200 333 "-" "Mozilla/5.0 (compatible; DotBot/1.2; +https://opensiteexplorer.org/dotbot; help@moz.com)" 
107.20.105.74 - - [24/Mar/2024:22:46:40 -0700] "HEAD / HTTP/1.1" 301 186 "-" "DreamHost SiteMonitor 1.0" 
107.20.105.74 - - [24/Mar/2024:22:46:40 -0700] "HEAD / HTTP/1.1" 200 359 "http://66.33.221.139" "DreamHost SiteMonitor 1.0" 
216.244.66.245 - - [24/Mar/2024:22:47:16 -0700] "GET /maccdc2012/maccdc2012_full_alert.7z HTTP/1.1" 200 296380 "-" "Mozilla/5.0 (compatible; DotBot/1.2; +https://opensiteexplorer.org/dotbot; help@moz.com)" 
114.119.139.166 - - [24/Mar/2024:22:47:52 -0700] "GET /self.logs/error.log.2020-12-16 HTTP/1.1" 200 351 "http://www.secrepo.com/self.logs?C=N%3BO%3DD" "Mozilla/5.0 (Linux; Android 7.0;) AppleWebKit/537.36 (KHTML, like Gecko) Mobile Safari/537.36 (compatible; PetalBot;+https://webmaster.petalsearch.com/site/petalbot)" 
114.119.137.143 - - [24/Mar/2024:22:49:16 -0700] "GET /self.logs/error.log.2020-11-29 HTTP/1.1" 200 351 "-" "Mozilla/5.0 (Linux; Android 7.0;) AppleWebKit/537.36 (KHTML, like Gecko) Mobile Safari/537.36 (compatible; PetalBot;+https://webmaster.petalsearch.com/site/petalbot)" 
114.119.155.236 - - [24/Mar/2024:22:50:42 -0700] "GET /self.logs/error.log.2020-11-08 HTTP/1.1" 200 351 "http://www.secrepo.com/self.logs?C=N%3BO%3DD" "Mozilla/5.0 (Linux; Android 7.0;) AppleWebKit/537.36 (KHTML, like Gecko) Mobile Safari/537.36 (compatible; PetalBot;+https://webmaster.petalsearch.com/site/petalbot)" 
113.215.188.116 - - [24/Mar/2024:22:50:50 -0700] "GET / HTTP/1.1" 301 475 "-" "Mozilla/5.0 (Windows NT 10.0; Win64; x64) AppleWebKit/537.36 (KHTML, like Gecko) Chrome/42.0.3486.1003 Safari/537.36 LBBROWSER" 
113.215.188.116 - - [24/Mar/2024:22:50:51 -0700] "GET / HTTP/1.1" 200 13186 "-" "Mozilla/5.0 (Windows NT 10.0; Win64; x64) AppleWebKit/537.36 (KHTML, like Gecko) Chrome/42.0.3486.1003 Safari/537.36 LBBROWSER" 
113.215.188.116 - - [24/Mar/2024:22:50:52 -0700] "GET / HTTP/1.1" 301 474 "-" "Mozilla/5.0 (Windows NT 10.0; Win64; x64) AppleWebKit/537.36 (KHTML, like Gecko) Chrome/92.0.4515.131 Safari/537.36" 
113.215.188.116 - - [24/Mar/2024:22:50:52 -0700] "GET / HTTP/1.1" 200 13163 "-" "Mozilla/5.0 (Windows NT 10.0; Win64; x64) AppleWebKit/537.36 (KHTML, like Gecko) Chrome/92.0.4515.131 Safari/537.36" 
113.215.188.116 - - [24/Mar/2024:22:50:52 -0700] "GET /bootstrap/img/favicon.ico HTTP/1.1" 301 524 "-" "Mozilla/5.0 (Windows NT 10.0; Win64; x64) AppleWebKit/537.36 (KHTML, like Gecko) Chrome/92.0.4515.131 Safari/537.36" 
113.215.188.116 - - [24/Mar/2024:22:50:52 -0700] "GET /bootstrap/img/favicon.ico HTTP/1.1" 200 690 "-" "Mozilla/5.0 (Windows NT 10.0; Win64; x64) AppleWebKit/537.36 (KHTML, like Gecko) Chrome/92.0.4515.131 Safari/537.36" 
114.119.140.107 - - [24/Mar/2024:22:52:04 -0700] "GET /self.logs/error.log.2020-01-10 HTTP/1.1" 200 2350 "-" "Mozilla/5.0 (Linux; Android 7.0;) AppleWebKit/537.36 (KHTML, like Gecko) Mobile Safari/537.36 (compatible; PetalBot;+https://webmaster.petalsearch.com/site/petalbot)" 
216.244.66.245 - - [24/Mar/2024:22:52:25 -0700] "GET /self.logs/2015/access.log.2015-06-28.gz HTTP/1.1" 200 11840 "-" "Mozilla/5.0 (compatible; DotBot/1.2; +https://opensiteexplorer.org/dotbot; help@moz.com)" 
118.113.128.245 - - [24/Mar/2024:22:52:39 -0700] "GET / HTTP/1.1" 200 13186 "-" "Mozilla/5.0 (Macintosh; Intel Mac OS X 10_15_7) AppleWebKit/605.1.15 (KHTML, like Gecko)" 
118.113.128.245 - - [24/Mar/2024:22:52:40 -0700] "GET /apple-touch-icon-precomposed.png HTTP/1.1" 404 328 "-" "Safari%E6%B5%8F%E8%A7%88%E5%99%A8/16615.3.12.11.5 CFNetwork/1240.0.4.5 Darwin/20.6.0" 
118.113.128.245 - - [24/Mar/2024:22:52:40 -0700] "GET /apple-touch-icon.png HTTP/1.1" 404 305 "-" "Safari%E6%B5%8F%E8%A7%88%E5%99%A8/16615.3.12.11.5 CFNetwork/1240.0.4.5 Darwin/20.6.0" 
118.113.128.245 - - [24/Mar/2024:22:52:41 -0700] "GET /bootstrap/img/favicon.ico HTTP/1.1" 304 253 "-" "Safari%E6%B5%8F%E8%A7%88%E5%99%A8/16615.3.12.11.5 CFNetwork/1240.0.4.5 Darwin/20.6.0" 
118.113.128.245 - - [24/Mar/2024:22:52:41 -0700] "GET / HTTP/1.1" 200 13186 "-" "Mozilla/5.0 (iPhone; CPU iPhone OS 16_4 like Mac OS X) AppleWebKit/605.1.15 (KHTML, like Gecko) Version/16.4 Mobile/15E148 Safari/604.1" 
118.113.128.245 - - [24/Mar/2024:22:52:41 -0700] "GET /apple-touch-icon-precomposed.png HTTP/1.1" 404 305 "-" "Safari%E6%B5%8F%E8%A7%88%E5%99%A8/16615.3.12.11.5 CFNetwork/1240.0.4.5 Darwin/20.6.0" 
118.113.128.245 - - [24/Mar/2024:22:52:42 -0700] "GET /apple-touch-icon.png HTTP/1.1" 404 305 "-" "Safari%E6%B5%8F%E8%A7%88%E5%99%A8/16615.3.12.11.5 CFNetwork/1240.0.4.5 Darwin/20.6.0" 
216.244.66.245 - - [24/Mar/2024:22:53:06 -0700] "GET /self.logs/2015/access.log.2015-10-31.gz HTTP/1.1" 200 7261 "-" "Mozilla/5.0 (compatible; DotBot/1.2; +https://opensiteexplorer.org/dotbot; help@moz.com)" 
114.119.142.8 - - [24/Mar/2024:22:53:26 -0700] "GET /self.logs/error.log.2020-05-02 HTTP/1.1" 200 351 "http://www.secrepo.com/self.logs?C=N%3BO%3DD" "Mozilla/5.0 (Linux; Android 7.0;) AppleWebKit/537.36 (KHTML, like Gecko) Mobile Safari/537.36 (compatible; PetalBot;+https://webmaster.petalsearch.com/site/petalbot)" 
216.244.66.245 - - [24/Mar/2024:22:53:45 -0700] "GET /self.logs/2015/error.log.2015-04-29.gz HTTP/1.1" 200 1778 "-" "Mozilla/5.0 (compatible; DotBot/1.2; +https://opensiteexplorer.org/dotbot; help@moz.com)" 
216.244.66.245 - - [24/Mar/2024:22:54:16 -0700] "GET /self.logs/2015/error.log.2015-05-04.gz HTTP/1.1" 200 772 "-" "Mozilla/5.0 (compatible; DotBot/1.2; +https://opensiteexplorer.org/dotbot; help@moz.com)" 
216.244.66.245 - - [24/Mar/2024:22:54:44 -0700] "GET /self.logs/2015/error.log.2015-08-09.gz HTTP/1.1" 200 857 "-" "Mozilla/5.0 (compatible; DotBot/1.2; +https://opensiteexplorer.org/dotbot; help@moz.com)" 
114.119.150.155 - - [24/Mar/2024:22:54:51 -0700] "GET /Datasets%20Description/PE_malware/?C=S%3BO%3DA HTTP/1.1" 200 686 "http://www.secrepo.com/Datasets%20Description/PE_malware/?C=M%3BO%3DA" "Mozilla/5.0 (Linux; Android 7.0;) AppleWebKit/537.36 (KHTML, like Gecko) Mobile Safari/537.36 (compatible; PetalBot;+https://webmaster.petalsearch.com/site/petalbot)" 
216.244.66.245 - - [24/Mar/2024:22:55:12 -0700] "GET /self.logs/2015/error.log.2015-08-16.gz HTTP/1.1" 200 2707 "-" "Mozilla/5.0 (compatible; DotBot/1.2; +https://opensiteexplorer.org/dotbot; help@moz.com)" 
216.244.66.245 - - [24/Mar/2024:22:55:39 -0700] "GET /self.logs/2015/error.log.2015-08-17.gz HTTP/1.1" 200 1974 "-" "Mozilla/5.0 (compatible; DotBot/1.2; +https://opensiteexplorer.org/dotbot; help@moz.com)" 
216.244.66.245 - - [24/Mar/2024:22:56:04 -0700] "GET /self.logs/2015/error.log.2015-08-19.gz HTTP/1.1" 200 822 "-" "Mozilla/5.0 (compatible; DotBot/1.2; +https://opensiteexplorer.org/dotbot; help@moz.com)" 
216.244.66.245 - - [24/Mar/2024:22:56:29 -0700] "GET /self.logs/2015/error.log.2015-09-03.gz HTTP/1.1" 200 765 "-" "Mozilla/5.0 (compatible; DotBot/1.2; +https://opensiteexplorer.org/dotbot; help@moz.com)" 
107.20.105.74 - - [24/Mar/2024:22:56:40 -0700] "HEAD / HTTP/1.1" 301 186 "-" "DreamHost SiteMonitor 1.0" 
107.20.105.74 - - [24/Mar/2024:22:56:40 -0700] "HEAD / HTTP/1.1" 200 359 "http://66.33.221.139" "DreamHost SiteMonitor 1.0" 
216.244.66.245 - - [24/Mar/2024:22:56:52 -0700] "GET /self.logs/2015/error.log.2015-12-10.gz HTTP/1.1" 200 561 "-" "Mozilla/5.0 (compatible; DotBot/1.2; +https://opensiteexplorer.org/dotbot; help@moz.com)" 
216.244.66.245 - - [24/Mar/2024:22:57:16 -0700] "GET /self.logs/2016/access.log.2016-02-10.gz HTTP/1.1" 200 9269 "-" "Mozilla/5.0 (compatible; DotBot/1.2; +https://opensiteexplorer.org/dotbot; help@moz.com)" 
216.244.66.245 - - [24/Mar/2024:22:57:40 -0700] "GET /self.logs/2016/access.log.2016-03-27.gz HTTP/1.1" 200 7437 "-" "Mozilla/5.0 (compatible; DotBot/1.2; +https://opensiteexplorer.org/dotbot; help@moz.com)" 
216.244.66.245 - - [24/Mar/2024:22:58:03 -0700] "GET /self.logs/2016/access.log.2016-04-11.gz HTTP/1.1" 200 8814 "-" "Mozilla/5.0 (compatible; DotBot/1.2; +https://opensiteexplorer.org/dotbot; help@moz.com)" 
216.244.66.245 - - [24/Mar/2024:22:58:25 -0700] "GET /self.logs/2016/access.log.2016-10-15.gz HTTP/1.1" 200 6956 "-" "Mozilla/5.0 (compatible; DotBot/1.2; +https://opensiteexplorer.org/dotbot; help@moz.com)" 
216.244.66.245 - - [24/Mar/2024:22:58:44 -0700] "GET /self.logs/2016/error.log.2016-02-28.gz HTTP/1.1" 200 1044 "-" "Mozilla/5.0 (compatible; DotBot/1.2; +https://opensiteexplorer.org/dotbot; help@moz.com)" 
216.244.66.245 - - [24/Mar/2024:22:59:02 -0700] "GET /self.logs/2016/error.log.2016-05-11.gz HTTP/1.1" 200 914 "-" "Mozilla/5.0 (compatible; DotBot/1.2; +https://opensiteexplorer.org/dotbot; help@moz.com)" 
216.244.66.245 - - [24/Mar/2024:22:59:18 -0700] "GET /self.logs/2015/access.log.2015-05-27.gz HTTP/1.1" 200 3478 "-" "Mozilla/5.0 (compatible; DotBot/1.2; +https://opensiteexplorer.org/dotbot; help@moz.com)" 
216.244.66.245 - - [24/Mar/2024:22:59:35 -0700] "GET /self.logs/access.log.2017-05-24.gz HTTP/1.1" 200 56481 "-" "Mozilla/5.0 (compatible; DotBot/1.2; +https://opensiteexplorer.org/dotbot; help@moz.com)" 
216.244.66.245 - - [24/Mar/2024:23:00:25 -0700] "GET /self.logs/access.log.2017-08-08.gz HTTP/1.1" 200 24030 "-" "Mozilla/5.0 (compatible; DotBot/1.2; +https://opensiteexplorer.org/dotbot; help@moz.com)" 
216.244.66.245 - - [24/Mar/2024:23:00:55 -0700] "GET /self.logs/access.log.2017-08-15.gz HTTP/1.1" 200 57646 "-" "Mozilla/5.0 (compatible; DotBot/1.2; +https://opensiteexplorer.org/dotbot; help@moz.com)" 
216.244.66.245 - - [24/Mar/2024:23:01:46 -0700] "GET /self.logs/access.log.2017-11-10.gz HTTP/1.1" 200 28680 "-" "Mozilla/5.0 (compatible; DotBot/1.2; +https://opensiteexplorer.org/dotbot; help@moz.com)" 
216.244.66.245 - - [24/Mar/2024:23:02:36 -0700] "GET /self.logs/access.log.2017-12-01.gz HTTP/1.1" 200 21919 "-" "Mozilla/5.0 (compatible; DotBot/1.2; +https://opensiteexplorer.org/dotbot; help@moz.com)" 
216.244.66.245 - - [24/Mar/2024:23:03:08 -0700] "GET /self.logs/access.log.2018-03-01.gz HTTP/1.1" 200 23723 "-" "Mozilla/5.0 (compatible; DotBot/1.2; +https://opensiteexplorer.org/dotbot; help@moz.com)" 
216.244.66.245 - - [24/Mar/2024:23:03:38 -0700] "GET /self.logs/access.log.2017-11-25.gz HTTP/1.1" 200 17370 "-" "Mozilla/5.0 (compatible; DotBot/1.2; +https://opensiteexplorer.org/dotbot; help@moz.com)" 
216.244.66.245 - - [24/Mar/2024:23:04:12 -0700] "GET /self.logs/access.log.2018-03-03.gz HTTP/1.1" 200 16531 "-" "Mozilla/5.0 (compatible; DotBot/1.2; +https://opensiteexplorer.org/dotbot; help@moz.com)" 
216.244.66.245 - - [24/Mar/2024:23:04:42 -0700] "GET /self.logs/access.log.2018-10-17.gz HTTP/1.1" 200 26530 "-" "Mozilla/5.0 (compatible; DotBot/1.2; +https://opensiteexplorer.org/dotbot; help@moz.com)" 
216.244.66.245 - - [24/Mar/2024:23:05:22 -0700] "GET /self.logs/access.log.2019-02-17.gz HTTP/1.1" 200 20991 "-" "Mozilla/5.0 (compatible; DotBot/1.2; +https://opensiteexplorer.org/dotbot; help@moz.com)" 
216.244.66.245 - - [24/Mar/2024:23:06:02 -0700] "GET /self.logs/access.log.2019-05-15.gz HTTP/1.1" 200 41113 "-" "Mozilla/5.0 (compatible; DotBot/1.2; +https://opensiteexplorer.org/dotbot; help@moz.com)" 
107.20.105.74 - - [24/Mar/2024:23:06:40 -0700] "HEAD / HTTP/1.1" 301 186 "-" "DreamHost SiteMonitor 1.0" 
107.20.105.74 - - [24/Mar/2024:23:06:40 -0700] "HEAD / HTTP/1.1" 200 359 "http://66.33.221.139" "DreamHost SiteMonitor 1.0" 
216.244.66.245 - - [24/Mar/2024:23:06:52 -0700] "GET /self.logs/access.log.2019-09-24.gz HTTP/1.1" 200 24040 "-" "Mozilla/5.0 (compatible; DotBot/1.2; +https://opensiteexplorer.org/dotbot; help@moz.com)" 
216.244.66.245 - - [24/Mar/2024:23:07:42 -0700] "GET /self.logs/error.log.2020-05-30 HTTP/1.1" 200 307 "-" "Mozilla/5.0 (compatible; DotBot/1.2; +https://opensiteexplorer.org/dotbot; help@moz.com)" 
216.244.66.245 - - [24/Mar/2024:23:09:16 -0700] "GET /self.logs/access.log.2019-11-04.gz HTTP/1.1" 200 15374 "-" "Mozilla/5.0 (compatible; DotBot/1.2; +https://opensiteexplorer.org/dotbot; help@moz.com)" 
216.244.66.245 - - [24/Mar/2024:23:09:50 -0700] "GET /self.logs/access.log.2020-06-04.gz HTTP/1.1" 200 59860 "-" "Mozilla/5.0 (compatible; DotBot/1.2; +https://opensiteexplorer.org/dotbot; help@moz.com)" 
216.244.66.245 - - [24/Mar/2024:23:10:41 -0700] "GET /self.logs/access.log.2020-12-12.gz HTTP/1.1" 200 31031 "-" "Mozilla/5.0 (compatible; DotBot/1.2; +https://opensiteexplorer.org/dotbot; help@moz.com)" 
216.244.66.245 - - [24/Mar/2024:23:11:17 -0700] "GET /self.logs/access.log.2021-01-15.gz HTTP/1.1" 200 47505 "-" "Mozilla/5.0 (compatible; DotBot/1.2; +https://opensiteexplorer.org/dotbot; help@moz.com)" 
216.244.66.245 - - [24/Mar/2024:23:12:07 -0700] "GET /self.logs/access.log.2021-11-04.gz HTTP/1.1" 200 26734 "-" "Mozilla/5.0 (compatible; DotBot/1.2; +https://opensiteexplorer.org/dotbot; help@moz.com)" 
216.244.66.245 - - [24/Mar/2024:23:12:57 -0700] "GET /self.logs/access.log.2021-11-23.gz HTTP/1.1" 200 21151 "-" "Mozilla/5.0 (compatible; DotBot/1.2; +https://opensiteexplorer.org/dotbot; help@moz.com)" 
216.244.66.245 - - [24/Mar/2024:23:13:27 -0700] "GET /self.logs/error.log.2020-04-26.gz HTTP/1.1" 200 1333 "-" "Mozilla/5.0 (compatible; DotBot/1.2; +https://opensiteexplorer.org/dotbot; help@moz.com)" 
40.77.167.5 - - [24/Mar/2024:23:13:54 -0700] "GET /self.logs/error.log.2017-05-23.gz HTTP/1.1" 301 485 "-" "Mozilla/5.0 AppleWebKit/537.36 (KHTML, like Gecko; compatible; bingbot/2.0; +http://www.bing.com/bingbot.htm) Chrome/116.0.1938.76 Safari/537.36" 
216.244.66.245 - - [24/Mar/2024:23:13:56 -0700] "GET /self.logs/error.log.2021-01-10.gz HTTP/1.1" 200 930 "-" "Mozilla/5.0 (compatible; DotBot/1.2; +https://opensiteexplorer.org/dotbot; help@moz.com)" 
216.244.66.245 - - [24/Mar/2024:23:14:24 -0700] "GET /self.logs/error.log.2021-03-24.gz HTTP/1.1" 200 1440 "-" "Mozilla/5.0 (compatible; DotBot/1.2; +https://opensiteexplorer.org/dotbot; help@moz.com)" 
216.244.66.245 - - [24/Mar/2024:23:14:51 -0700] "GET /self.logs/error.log.2021-05-02.gz HTTP/1.1" 200 5679 "-" "Mozilla/5.0 (compatible; DotBot/1.2; +https://opensiteexplorer.org/dotbot; help@moz.com)" 
216.244.66.245 - - [24/Mar/2024:23:15:16 -0700] "GET /self.logs/error.log.2021-11-02.gz HTTP/1.1" 200 601 "-" "Mozilla/5.0 (compatible; DotBot/1.2; +https://opensiteexplorer.org/dotbot; help@moz.com)" 
216.244.66.245 - - [24/Mar/2024:23:15:40 -0700] "GET /self.logs/access.log.2020-03-14.gz HTTP/1.1" 200 16848 "-" "Mozilla/5.0 (compatible; DotBot/1.2; +https://opensiteexplorer.org/dotbot; help@moz.com)" 
66.249.88.225 - - [24/Mar/2024:23:15:41 -0700] "GET / HTTP/1.1" 200 13186 "http://www.google.com/search" "Mozilla/5.0 (X11; Linux x86_64)  AppleWebKit/537.36 (KHTML, like Gecko; Google Web Preview)  Chrome/122.0.6261.94 Safari/537.36" 
66.249.88.224 - - [24/Mar/2024:23:15:41 -0700] "GET /css/style.css HTTP/1.1" 404 328 "http://www.secrepo.com/" "Mozilla/5.0 (X11; Linux x86_64)  AppleWebKit/537.36 (KHTML, like Gecko; Google Web Preview)  Chrome/122.0.6261.94 Safari/537.36" 
66.249.88.224 - - [24/Mar/2024:23:15:41 -0700] "GET /twitter-icon.png HTTP/1.1" 200 27916 "http://www.secrepo.com/" "Mozilla/5.0 (X11; Linux x86_64)  AppleWebKit/537.36 (KHTML, like Gecko; Google Web Preview)  Chrome/122.0.6261.94 Safari/537.36" 
66.249.88.226 - - [24/Mar/2024:23:15:41 -0700] "GET /GitHub-Mark.png HTTP/1.1" 200 7556 "http://www.secrepo.com/" "Mozilla/5.0 (X11; Linux x86_64)  AppleWebKit/537.36 (KHTML, like Gecko; Google Web Preview)  Chrome/122.0.6261.94 Safari/537.36" 
216.244.66.245 - - [24/Mar/2024:23:16:27 -0700] "GET /self.logs/access.log.2020-04-09.gz HTTP/1.1" 200 18962 "-" "Mozilla/5.0 (compatible; DotBot/1.2; +https://opensiteexplorer.org/dotbot; help@moz.com)" 
107.20.105.74 - - [24/Mar/2024:23:16:40 -0700] "HEAD / HTTP/1.1" 301 186 "-" "DreamHost SiteMonitor 1.0" 
107.20.105.74 - - [24/Mar/2024:23:16:40 -0700] "HEAD / HTTP/1.1" 200 359 "http://66.33.221.139" "DreamHost SiteMonitor 1.0" 
216.244.66.245 - - [24/Mar/2024:23:16:57 -0700] "GET /self.logs/access.log.2020-11-26.gz HTTP/1.1" 200 13274 "-" "Mozilla/5.0 (compatible; DotBot/1.2; +https://opensiteexplorer.org/dotbot; help@moz.com)" 
216.244.66.245 - - [24/Mar/2024:23:17:26 -0700] "GET /self.logs/access.log.2021-03-02.gz HTTP/1.1" 200 19233 "-" "Mozilla/5.0 (compatible; DotBot/1.2; +https://opensiteexplorer.org/dotbot; help@moz.com)" 
216.244.66.245 - - [24/Mar/2024:23:17:56 -0700] "GET /self.logs/access.log.2021-05-22.gz HTTP/1.1" 200 18054 "-" "Mozilla/5.0 (compatible; DotBot/1.2; +https://opensiteexplorer.org/dotbot; help@moz.com)" 
216.244.66.245 - - [24/Mar/2024:23:18:22 -0700] "GET /self.logs/access.log.2021-06-29.gz HTTP/1.1" 200 17476 "-" "Mozilla/5.0 (compatible; DotBot/1.2; +https://opensiteexplorer.org/dotbot; help@moz.com)" 
107.20.105.74 - - [24/Mar/2024:23:26:40 -0700] "HEAD / HTTP/1.1" 301 186 "-" "DreamHost SiteMonitor 1.0" 
107.20.105.74 - - [24/Mar/2024:23:26:40 -0700] "HEAD / HTTP/1.1" 200 359 "http://66.33.221.139" "DreamHost SiteMonitor 1.0" 
40.77.167.52 - - [24/Mar/2024:23:34:28 -0700] "GET /self.logs/error.log.2022-07-27.gz HTTP/1.1" 301 485 "-" "Mozilla/5.0 AppleWebKit/537.36 (KHTML, like Gecko; compatible; bingbot/2.0; +http://www.bing.com/bingbot.htm) Chrome/116.0.1938.76 Safari/537.36" 
107.20.105.74 - - [24/Mar/2024:23:36:40 -0700] "HEAD / HTTP/1.1" 301 186 "-" "DreamHost SiteMonitor 1.0" 
107.20.105.74 - - [24/Mar/2024:23:36:40 -0700] "HEAD / HTTP/1.1" 200 359 "http://66.33.221.139" "DreamHost SiteMonitor 1.0" 
207.46.13.14 - - [24/Mar/2024:23:39:09 -0700] "GET /self.logs/access.log.2021-01-27.gz HTTP/1.1" 301 487 "-" "Mozilla/5.0 AppleWebKit/537.36 (KHTML, like Gecko; compatible; bingbot/2.0; +http://www.bing.com/bingbot.htm) Chrome/116.0.1938.76 Safari/537.36" 
111.202.101.160 - - [24/Mar/2024:23:41:08 -0700] "GET / HTTP/1.1" 200 13148 "-" "Sogou web spider/4.0(+http://www.sogou.com/docs/help/webmasters.htm#07)" 
40.77.167.54 - - [24/Mar/2024:23:43:10 -0700] "GET /self.logs/access.log.2019-09-06.gz HTTP/1.1" 200 23591 "-" "Mozilla/5.0 AppleWebKit/537.36 (KHTML, like Gecko; compatible; bingbot/2.0; +http://www.bing.com/bingbot.htm) Chrome/116.0.1938.76 Safari/537.36" 
173.249.52.122 - - [24/Mar/2024:23:44:27 -0700] "GET /simple.php HTTP/1.1" 429 476 "www.google.com" "Mozlila/5.0 (Linux; Android 7.0; SM-G892A Bulid/NRD90M; wv) AppleWebKit/537.36 (KHTML, like Gecko) Version/4.0 Chrome/60.0.3112.107 Moblie Safari/537.36" 
173.249.52.122 - - [24/Mar/2024:23:44:34 -0700] "GET /style.php HTTP/1.1" 429 486 "www.google.com" "Mozlila/5.0 (Linux; Android 7.0; SM-G892A Bulid/NRD90M; wv) AppleWebKit/537.36 (KHTML, like Gecko) Version/4.0 Chrome/60.0.3112.107 Moblie Safari/537.36" 
107.20.105.74 - - [24/Mar/2024:23:46:40 -0700] "HEAD / HTTP/1.1" 301 186 "-" "DreamHost SiteMonitor 1.0" 
107.20.105.74 - - [24/Mar/2024:23:46:40 -0700] "HEAD / HTTP/1.1" 200 359 "http://66.33.221.139" "DreamHost SiteMonitor 1.0" 
40.77.167.8 - - [24/Mar/2024:23:54:30 -0700] "GET /self.logs/access.log.2019-02-01.gz HTTP/1.1" 200 21790 "-" "Mozilla/5.0 AppleWebKit/537.36 (KHTML, like Gecko; compatible; bingbot/2.0; +http://www.bing.com/bingbot.htm) Chrome/116.0.1938.76 Safari/537.36" 
182.16.3.82 - - [24/Mar/2024:23:55:30 -0700] "GET / HTTP/1.1" 200 13186 "-" "Mozilla/5.0 (Windows NT 10.0; Win64; x64) AppleWebKit/537.36 (KHTML, like Gecko) Chrome/97.0.4280.67 Safari/537.36 Edg/97.0.664.52" 
107.20.105.74 - - [24/Mar/2024:23:56:40 -0700] "HEAD / HTTP/1.1" 301 186 "-" "DreamHost SiteMonitor 1.0" 
107.20.105.74 - - [24/Mar/2024:23:56:40 -0700] "HEAD / HTTP/1.1" 200 359 "http://66.33.221.139" "DreamHost SiteMonitor 1.0" 
45.154.35.141 - - [25/Mar/2024:00:00:48 -0700] "GET / HTTP/1.1" 301 475 "-" "Mozilla/5.0 (X11; Linux x86_64) AppleWebKit/536.5 (KHTML, like Gecko) Chrome/19.0.1084.9 Safari/536.5" 
45.154.35.141 - - [25/Mar/2024:00:00:48 -0700] "GET / HTTP/1.1" 200 49110 "-" "Mozilla/5.0 (X11; Linux x86_64) AppleWebKit/536.5 (KHTML, like Gecko) Chrome/19.0.1084.9 Safari/536.5" 
107.20.105.74 - - [25/Mar/2024:00:06:40 -0700] "HEAD / HTTP/1.1" 301 186 "-" "DreamHost SiteMonitor 1.0" 
107.20.105.74 - - [25/Mar/2024:00:06:40 -0700] "HEAD / HTTP/1.1" 200 359 "http://66.33.221.139" "DreamHost SiteMonitor 1.0" 
54.75.5.83 - - [25/Mar/2024:00:08:23 -0700] "GET / HTTP/1.1" 200 13140 "-" "Mozilla/5.0 (Windows NT 10.0; WOW64) AppleWebKit/537.36 (KHTML, like Gecko) Chrome/53.0.2785.143 Safari/537.36" 
54.75.5.83 - - [25/Mar/2024:00:08:23 -0700] "GET /favicon.ico HTTP/1.1" 200 313 "-" "Mozilla/5.0 (Windows NT 10.0; WOW64) AppleWebKit/537.36 (KHTML, like Gecko) Chrome/53.0.2785.143 Safari/537.36" 
54.75.5.83 - - [25/Mar/2024:00:08:23 -0700] "GET /apple-touch-icon.png HTTP/1.1" 404 284 "-" "Mozilla/5.0 (Windows NT 10.0; WOW64) AppleWebKit/537.36 (KHTML, like Gecko) Chrome/53.0.2785.143 Safari/537.36" 
54.75.5.83 - - [25/Mar/2024:00:08:23 -0700] "GET /apple-touch-icon-precomposed.png HTTP/1.1" 404 284 "-" "Mozilla/5.0 (Windows NT 10.0; WOW64) AppleWebKit/537.36 (KHTML, like Gecko) Chrome/53.0.2785.143 Safari/537.36" 
54.75.5.83 - - [25/Mar/2024:00:08:23 -0700] "GET /bootstrap/img/favicon.ico HTTP/1.1" 200 669 "-" "Mozilla/5.0 (Windows NT 10.0; WOW64) AppleWebKit/537.36 (KHTML, like Gecko) Chrome/53.0.2785.143 Safari/537.36" 
103.238.130.134 - - [25/Mar/2024:00:08:24 -0700] "GET /bootstrap/img/favicon.ico HTTP/1.1" 200 669 "-" "Mozilla/5.0 (Windows NT 10.0; Win64; x64) AppleWebKit/537.36 (KHTML, like Gecko) Chrome/122.0.0.0 Safari/537.36" 
216.244.66.245 - - [25/Mar/2024:00:09:37 -0700] "GET /robots.txt HTTP/1.1" 200 333 "-" "Mozilla/5.0 (compatible; DotBot/1.2; +https://opensiteexplorer.org/dotbot; help@moz.com)" 
212.7.203.10 - - [25/Mar/2024:00:11:19 -0700] "GET / HTTP/1.1" 200 13140 "-" "Mozilla/5.0 (Windows NT 10.0; Win64; x64) AppleWebKit/537.36 (KHTML, like Gecko) Chrome/60.0.3112.113 Safari/537.36" 
107.20.105.74 - - [25/Mar/2024:00:16:40 -0700] "HEAD / HTTP/1.1" 301 186 "-" "DreamHost SiteMonitor 1.0" 
107.20.105.74 - - [25/Mar/2024:00:16:40 -0700] "HEAD / HTTP/1.1" 200 359 "http://66.33.221.139" "DreamHost SiteMonitor 1.0" 
216.244.66.245 - - [25/Mar/2024:00:20:42 -0700] "GET /maccdc2012/weird.log.gz HTTP/1.1" 200 73000 "-" "Mozilla/5.0 (compatible; DotBot/1.2; +https://opensiteexplorer.org/dotbot; help@moz.com)" 
216.244.66.245 - - [25/Mar/2024:00:21:15 -0700] "GET /tg/b.zip HTTP/1.1" 200 59860 "-" "Mozilla/5.0 (compatible; DotBot/1.2; +https://opensiteexplorer.org/dotbot; help@moz.com)" 
216.244.66.245 - - [25/Mar/2024:00:25:56 -0700] "GET /Datasets%20Description/HTML_Bro_log_2/ssl.html HTTP/1.1" 200 5698 "-" "Mozilla/5.0 (compatible; DotBot/1.2; +https://opensiteexplorer.org/dotbot; help@moz.com)" 
107.20.105.74 - - [25/Mar/2024:00:26:40 -0700] "HEAD / HTTP/1.1" 301 186 "-" "DreamHost SiteMonitor 1.0" 
107.20.105.74 - - [25/Mar/2024:00:26:40 -0700] "HEAD / HTTP/1.1" 200 359 "http://66.33.221.139" "DreamHost SiteMonitor 1.0" 
216.244.66.245 - - [25/Mar/2024:00:26:46 -0700] "GET /self.logs/2015/access.log.2015-03-15.gz HTTP/1.1" 200 5484 "-" "Mozilla/5.0 (compatible; DotBot/1.2; +https://opensiteexplorer.org/dotbot; help@moz.com)" 
216.244.66.245 - - [25/Mar/2024:00:27:05 -0700] "GET /self.logs/2015/access.log.2015-03-20.gz HTTP/1.1" 200 4229 "-" "Mozilla/5.0 (compatible; DotBot/1.2; +https://opensiteexplorer.org/dotbot; help@moz.com)" 
216.244.66.245 - - [25/Mar/2024:00:27:23 -0700] "GET /self.logs/2015/access.log.2015-05-05.gz HTTP/1.1" 200 4457 "-" "Mozilla/5.0 (compatible; DotBot/1.2; +https://opensiteexplorer.org/dotbot; help@moz.com)" 
216.244.66.245 - - [25/Mar/2024:00:27:41 -0700] "GET /self.logs/2015/error.log.2015-02-01.gz HTTP/1.1" 200 820 "-" "Mozilla/5.0 (compatible; DotBot/1.2; +https://opensiteexplorer.org/dotbot; help@moz.com)" 
216.244.66.245 - - [25/Mar/2024:00:27:56 -0700] "GET /self.logs/2015/error.log.2015-12-29.gz HTTP/1.1" 200 717 "-" "Mozilla/5.0 (compatible; DotBot/1.2; +https://opensiteexplorer.org/dotbot; help@moz.com)" 
216.244.66.245 - - [25/Mar/2024:00:28:10 -0700] "GET /self.logs/2016/access.log.2016-02-15.gz HTTP/1.1" 200 8225 "-" "Mozilla/5.0 (compatible; DotBot/1.2; +https://opensiteexplorer.org/dotbot; help@moz.com)" 
216.244.66.245 - - [25/Mar/2024:00:28:24 -0700] "GET /self.logs/2016/access.log.2016-04-13.gz HTTP/1.1" 200 16195 "-" "Mozilla/5.0 (compatible; DotBot/1.2; +https://opensiteexplorer.org/dotbot; help@moz.com)" 
216.244.66.245 - - [25/Mar/2024:00:28:56 -0700] "GET /self.logs/2016/access.log.2016-04-18.gz HTTP/1.1" 200 9170 "-" "Mozilla/5.0 (compatible; DotBot/1.2; +https://opensiteexplorer.org/dotbot; help@moz.com)" 
216.244.66.245 - - [25/Mar/2024:00:29:40 -0700] "GET /self.logs/2016/access.log.2016-06-15.gz HTTP/1.1" 200 11007 "-" "Mozilla/5.0 (compatible; DotBot/1.2; +https://opensiteexplorer.org/dotbot; help@moz.com)" 
216.244.66.245 - - [25/Mar/2024:00:30:16 -0700] "GET /self.logs/2016/access.log.2016-08-03.gz HTTP/1.1" 200 12302 "-" "Mozilla/5.0 (compatible; DotBot/1.2; +https://opensiteexplorer.org/dotbot; help@moz.com)" 
196.51.145.200 - - [25/Mar/2024:00:30:16 -0700] "GET /honeypot/Honeypot%20-%20Howto%20-%20BSides%20Austin.pdf HTTP/1.1" 200 2928571 "http://www.secrepo.com/" "Mozilla/5.0 (Windows NT 10.0; Win64; x64) AppleWebKit/537.36 (KHTML, like Gecko) Chrome/114.0.0.0 Safari/537.36 Vivaldi/5.3.2679.68" 
156.146.37.98 - - [25/Mar/2024:00:30:37 -0700] "GET / HTTP/1.1" 200 13185 "-" "Mozilla/5.0 (Windows; U; Windows NT 6.1; en-US; rv:1.9.1.5) Gecko/20091102 Firefox/3.5.5 (.NET CLR 3.5.30729)" 
216.244.66.245 - - [25/Mar/2024:00:30:46 -0700] "GET /self.logs/2016/access.log.2016-12-09.gz HTTP/1.1" 200 9482 "-" "Mozilla/5.0 (compatible; DotBot/1.2; +https://opensiteexplorer.org/dotbot; help@moz.com)" 
216.244.66.245 - - [25/Mar/2024:00:31:16 -0700] "GET /self.logs/2016/error.log.2016-02-29.gz HTTP/1.1" 200 696 "-" "Mozilla/5.0 (compatible; DotBot/1.2; +https://opensiteexplorer.org/dotbot; help@moz.com)" 
216.244.66.245 - - [25/Mar/2024:00:31:44 -0700] "GET /self.logs/2016/error.log.2016-04-28.gz HTTP/1.1" 200 816 "-" "Mozilla/5.0 (compatible; DotBot/1.2; +https://opensiteexplorer.org/dotbot; help@moz.com)" 
216.244.66.245 - - [25/Mar/2024:00:32:12 -0700] "GET /self.logs/2016/error.log.2016-08-01.gz HTTP/1.1" 200 809 "-" "Mozilla/5.0 (compatible; DotBot/1.2; +https://opensiteexplorer.org/dotbot; help@moz.com)" 
216.244.66.245 - - [25/Mar/2024:00:32:37 -0700] "GET /self.logs/2016/error.log.2016-10-04.gz HTTP/1.1" 200 994 "-" "Mozilla/5.0 (compatible; DotBot/1.2; +https://opensiteexplorer.org/dotbot; help@moz.com)" 
216.244.66.245 - - [25/Mar/2024:00:33:01 -0700] "GET /self.logs/2016/error.log.2016-11-28.gz HTTP/1.1" 200 2293 "-" "Mozilla/5.0 (compatible; DotBot/1.2; +https://opensiteexplorer.org/dotbot; help@moz.com)" 
216.244.66.245 - - [25/Mar/2024:00:33:25 -0700] "GET /self.logs/2016/error.log.2016-12-25.gz HTTP/1.1" 200 640 "-" "Mozilla/5.0 (compatible; DotBot/1.2; +https://opensiteexplorer.org/dotbot; help@moz.com)" 
216.244.66.245 - - [25/Mar/2024:00:33:47 -0700] "GET /self.logs/access.log.2017-03-07.gz HTTP/1.1" 200 21630 "-" "Mozilla/5.0 (compatible; DotBot/1.2; +https://opensiteexplorer.org/dotbot; help@moz.com)" 
216.244.66.245 - - [25/Mar/2024:00:34:27 -0700] "GET /self.logs/2015/access.log.2015-01-21.gz HTTP/1.1" 200 4041 "-" "Mozilla/5.0 (compatible; DotBot/1.2; +https://opensiteexplorer.org/dotbot; help@moz.com)" 
216.244.66.245 - - [25/Mar/2024:00:35:08 -0700] "GET /self.logs/access.log.2017-04-14.gz HTTP/1.1" 200 35004 "-" "Mozilla/5.0 (compatible; DotBot/1.2; +https://opensiteexplorer.org/dotbot; help@moz.com)" 
216.244.66.245 - - [25/Mar/2024:00:35:59 -0700] "GET /self.logs/access.log.2018-11-30.gz HTTP/1.1" 200 22073 "-" "Mozilla/5.0 (compatible; DotBot/1.2; +https://opensiteexplorer.org/dotbot; help@moz.com)" 
216.244.66.245 - - [25/Mar/2024:00:36:33 -0700] "GET /self.logs/access.log.2018-12-17.gz HTTP/1.1" 200 23527 "-" "Mozilla/5.0 (compatible; DotBot/1.2; +https://opensiteexplorer.org/dotbot; help@moz.com)" 
107.20.105.74 - - [25/Mar/2024:00:36:40 -0700] "HEAD / HTTP/1.1" 301 186 "-" "DreamHost SiteMonitor 1.0" 
107.20.105.74 - - [25/Mar/2024:00:36:40 -0700] "HEAD / HTTP/1.1" 200 359 "http://66.33.221.139" "DreamHost SiteMonitor 1.0" 
216.244.66.245 - - [25/Mar/2024:00:37:07 -0700] "GET /self.logs/access.log.2019-01-19.gz HTTP/1.1" 200 19729 "-" "Mozilla/5.0 (compatible; DotBot/1.2; +https://opensiteexplorer.org/dotbot; help@moz.com)" 
216.244.66.245 - - [25/Mar/2024:00:37:44 -0700] "GET /self.logs/access.log.2019-03-14.gz HTTP/1.1" 200 27772 "-" "Mozilla/5.0 (compatible; DotBot/1.2; +https://opensiteexplorer.org/dotbot; help@moz.com)" 
216.244.66.245 - - [25/Mar/2024:00:38:14 -0700] "GET /self.logs/access.log.2019-05-01.gz HTTP/1.1" 200 39063 "-" "Mozilla/5.0 (compatible; DotBot/1.2; +https://opensiteexplorer.org/dotbot; help@moz.com)" 
216.244.66.245 - - [25/Mar/2024:00:39:04 -0700] "GET /self.logs/access.log.2019-12-16.gz HTTP/1.1" 200 19838 "-" "Mozilla/5.0 (compatible; DotBot/1.2; +https://opensiteexplorer.org/dotbot; help@moz.com)" 
216.244.66.245 - - [25/Mar/2024:00:39:36 -0700] "GET /self.logs/error.log.2020-02-20 HTTP/1.1" 200 307 "-" "Mozilla/5.0 (compatible; DotBot/1.2; +https://opensiteexplorer.org/dotbot; help@moz.com)" 
216.244.66.245 - - [25/Mar/2024:00:40:06 -0700] "GET /self.logs/error.log.2023-04-14.gz HTTP/1.1" 200 1438 "-" "Mozilla/5.0 (compatible; DotBot/1.2; +https://opensiteexplorer.org/dotbot; help@moz.com)" 
216.244.66.245 - - [25/Mar/2024:00:40:33 -0700] "GET /self.logs/access.log.2020-05-26.gz HTTP/1.1" 200 19947 "-" "Mozilla/5.0 (compatible; DotBot/1.2; +https://opensiteexplorer.org/dotbot; help@moz.com)" 
216.244.66.245 - - [25/Mar/2024:00:41:23 -0700] "GET /self.logs/access.log.2020-10-08.gz HTTP/1.1" 200 20798 "-" "Mozilla/5.0 (compatible; DotBot/1.2; +https://opensiteexplorer.org/dotbot; help@moz.com)" 
216.244.66.245 - - [25/Mar/2024:00:42:00 -0700] "GET /self.logs/access.log.2021-03-08.gz HTTP/1.1" 200 39529 "-" "Mozilla/5.0 (compatible; DotBot/1.2; +https://opensiteexplorer.org/dotbot; help@moz.com)" 
216.244.66.245 - - [25/Mar/2024:00:42:30 -0700] "GET /self.logs/access.log.2021-05-24.gz HTTP/1.1" 200 22633 "-" "Mozilla/5.0 (compatible; DotBot/1.2; +https://opensiteexplorer.org/dotbot; help@moz.com)" 
216.244.66.245 - - [25/Mar/2024:00:42:58 -0700] "GET /self.logs/access.log.2021-06-13.gz HTTP/1.1" 200 21225 "-" "Mozilla/5.0 (compatible; DotBot/1.2; +https://opensiteexplorer.org/dotbot; help@moz.com)" 
216.244.66.245 - - [25/Mar/2024:00:43:29 -0700] "GET /self.logs/access.log.2021-07-25.gz HTTP/1.1" 200 25227 "-" "Mozilla/5.0 (compatible; DotBot/1.2; +https://opensiteexplorer.org/dotbot; help@moz.com)" 
216.244.66.245 - - [25/Mar/2024:00:44:00 -0700] "GET /Datasets%20Description/HTML_Bro_log_1/?C=D;O=A HTTP/1.1" 200 1897 "-" "Mozilla/5.0 (compatible; DotBot/1.2; +https://opensiteexplorer.org/dotbot; help@moz.com)" 
216.244.66.245 - - [25/Mar/2024:00:44:24 -0700] "GET /self.logs/error.log.2018-03-10.gz HTTP/1.1" 200 6496 "-" "Mozilla/5.0 (compatible; DotBot/1.2; +https://opensiteexplorer.org/dotbot; help@moz.com)" 
216.244.66.245 - - [25/Mar/2024:00:44:48 -0700] "GET /self.logs/error.log.2018-06-20.gz HTTP/1.1" 200 6352 "-" "Mozilla/5.0 (compatible; DotBot/1.2; +https://opensiteexplorer.org/dotbot; help@moz.com)" 
216.244.66.245 - - [25/Mar/2024:00:45:11 -0700] "GET /self.logs/error.log.2018-08-14.gz HTTP/1.1" 200 7560 "-" "Mozilla/5.0 (compatible; DotBot/1.2; +https://opensiteexplorer.org/dotbot; help@moz.com)" 
216.244.66.245 - - [25/Mar/2024:00:45:35 -0700] "GET /self.logs/error.log.2018-12-31.gz HTTP/1.1" 200 5285 "-" "Mozilla/5.0 (compatible; DotBot/1.2; +https://opensiteexplorer.org/dotbot; help@moz.com)" 
216.244.66.245 - - [25/Mar/2024:00:45:55 -0700] "GET /self.logs/error.log.2019-06-25.gz HTTP/1.1" 200 1762 "-" "Mozilla/5.0 (compatible; DotBot/1.2; +https://opensiteexplorer.org/dotbot; help@moz.com)" 
216.244.66.245 - - [25/Mar/2024:00:46:14 -0700] "GET /self.logs/error.log.2019-09-07.gz HTTP/1.1" 200 2009 "-" "Mozilla/5.0 (compatible; DotBot/1.2; +https://opensiteexplorer.org/dotbot; help@moz.com)" 
216.244.66.245 - - [25/Mar/2024:00:46:34 -0700] "GET /self.logs/error.log.2020-12-23.gz HTTP/1.1" 200 833 "-" "Mozilla/5.0 (compatible; DotBot/1.2; +https://opensiteexplorer.org/dotbot; help@moz.com)" 
107.20.105.74 - - [25/Mar/2024:00:46:40 -0700] "HEAD / HTTP/1.1" 301 186 "-" "DreamHost SiteMonitor 1.0" 
107.20.105.74 - - [25/Mar/2024:00:46:40 -0700] "HEAD / HTTP/1.1" 200 359 "http://66.33.221.139" "DreamHost SiteMonitor 1.0" 
216.244.66.245 - - [25/Mar/2024:00:46:52 -0700] "GET /self.logs/error.log.2021-02-28.gz HTTP/1.1" 200 2376 "-" "Mozilla/5.0 (compatible; DotBot/1.2; +https://opensiteexplorer.org/dotbot; help@moz.com)" 
216.244.66.245 - - [25/Mar/2024:00:47:10 -0700] "GET /self.logs/error.log.2021-04-02.gz HTTP/1.1" 200 8610 "-" "Mozilla/5.0 (compatible; DotBot/1.2; +https://opensiteexplorer.org/dotbot; help@moz.com)" 
216.244.66.245 - - [25/Mar/2024:00:47:49 -0700] "GET /self.logs/error.log.2021-06-02.gz HTTP/1.1" 200 2402 "-" "Mozilla/5.0 (compatible; DotBot/1.2; +https://opensiteexplorer.org/dotbot; help@moz.com)" 
216.244.66.245 - - [25/Mar/2024:00:48:21 -0700] "GET /self.logs/error.log.2021-10-04.gz HTTP/1.1" 200 1987 "-" "Mozilla/5.0 (compatible; DotBot/1.2; +https://opensiteexplorer.org/dotbot; help@moz.com)" 
216.244.66.245 - - [25/Mar/2024:00:48:51 -0700] "GET /self.logs/error.log.2021-11-15.gz HTTP/1.1" 200 10341 "-" "Mozilla/5.0 (compatible; DotBot/1.2; +https://opensiteexplorer.org/dotbot; help@moz.com)" 
216.244.66.245 - - [25/Mar/2024:00:49:32 -0700] "GET /self.logs/error.log.2021-12-09.gz HTTP/1.1" 200 1339 "-" "Mozilla/5.0 (compatible; DotBot/1.2; +https://opensiteexplorer.org/dotbot; help@moz.com)" 
216.244.66.245 - - [25/Mar/2024:00:50:05 -0700] "GET /self.logs/error.log.2022-10-21.gz HTTP/1.1" 200 4455 "-" "Mozilla/5.0 (compatible; DotBot/1.2; +https://opensiteexplorer.org/dotbot; help@moz.com)" 
216.244.66.245 - - [25/Mar/2024:00:50:36 -0700] "GET /self.logs/error.log.2023-01-06.gz HTTP/1.1" 200 5973 "-" "Mozilla/5.0 (compatible; DotBot/1.2; +https://opensiteexplorer.org/dotbot; help@moz.com)" 
216.244.66.245 - - [25/Mar/2024:00:51:06 -0700] "GET /self.logs/access.log.2020-06-01.gz HTTP/1.1" 200 12128 "-" "Mozilla/5.0 (compatible; DotBot/1.2; +https://opensiteexplorer.org/dotbot; help@moz.com)" 
216.244.66.245 - - [25/Mar/2024:00:51:32 -0700] "GET /self.logs/access.log.2020-07-02.gz HTTP/1.1" 200 10368 "-" "Mozilla/5.0 (compatible; DotBot/1.2; +https://opensiteexplorer.org/dotbot; help@moz.com)" 
216.244.66.245 - - [25/Mar/2024:00:51:57 -0700] "GET /self.logs/access.log.2020-10-13.gz HTTP/1.1" 200 15147 "-" "Mozilla/5.0 (compatible; DotBot/1.2; +https://opensiteexplorer.org/dotbot; help@moz.com)" 
216.244.66.245 - - [25/Mar/2024:00:52:39 -0700] "GET /self.logs/access.log.2021-08-31.gz HTTP/1.1" 200 11664 "-" "Mozilla/5.0 (compatible; DotBot/1.2; +https://opensiteexplorer.org/dotbot; help@moz.com)" 
114.119.142.8 - - [25/Mar/2024:00:56:14 -0700] "GET /self.logs/error.log.2020-11-23 HTTP/1.1" 200 351 "http://www.secrepo.com/self.logs?C=N%3BO%3DD" "Mozilla/5.0 (Linux; Android 7.0;) AppleWebKit/537.36 (KHTML, like Gecko) Mobile Safari/537.36 (compatible; PetalBot;+https://webmaster.petalsearch.com/site/petalbot)" 
107.20.105.74 - - [25/Mar/2024:00:56:40 -0700] "HEAD / HTTP/1.1" 301 186 "-" "DreamHost SiteMonitor 1.0" 
107.20.105.74 - - [25/Mar/2024:00:56:40 -0700] "HEAD / HTTP/1.1" 200 359 "http://66.33.221.139" "DreamHost SiteMonitor 1.0" 
216.244.66.245 - - [25/Mar/2024:01:04:56 -0700] "GET /robots.txt HTTP/1.1" 200 333 "-" "Mozilla/5.0 (compatible; DotBot/1.2; +https://opensiteexplorer.org/dotbot; help@moz.com)" 
114.119.139.166 - - [25/Mar/2024:01:05:40 -0700] "GET /self.logs/error.log.2020-10-30 HTTP/1.1" 200 4346 "http://www.secrepo.com/self.logs?C=N%3BO%3DD" "Mozilla/5.0 (Linux; Android 7.0;) AppleWebKit/537.36 (KHTML, like Gecko) Mobile Safari/537.36 (compatible; PetalBot;+https://webmaster.petalsearch.com/site/petalbot)" 
40.77.167.75 - - [25/Mar/2024:01:06:10 -0700] "GET /self.logs/error.log.2021-04-26.gz HTTP/1.1" 301 485 "-" "Mozilla/5.0 AppleWebKit/537.36 (KHTML, like Gecko; compatible; bingbot/2.0; +http://www.bing.com/bingbot.htm) Chrome/116.0.1938.76 Safari/537.36" 
107.20.105.74 - - [25/Mar/2024:01:06:40 -0700] "HEAD / HTTP/1.1" 301 186 "-" "DreamHost SiteMonitor 1.0" 
107.20.105.74 - - [25/Mar/2024:01:06:40 -0700] "HEAD / HTTP/1.1" 200 359 "http://66.33.221.139" "DreamHost SiteMonitor 1.0" 
159.65.30.162 - - [25/Mar/2024:01:11:33 -0700] "GET /wso112233.php HTTP/1.1" 301 501 "www.google.com" "Mozlila/5.0 (Linux; Android 7.0; SM-G892A Bulid/NRD90M; wv) AppleWebKit/537.36 (KHTML, like Gecko) Version/4.0 Chrome/60.0.3112.107 Moblie Safari/537.36" 
159.65.30.162 - - [25/Mar/2024:01:11:34 -0700] "GET /wso112233.php HTTP/1.1" 404 328 "www.google.com" "Mozlila/5.0 (Linux; Android 7.0; SM-G892A Bulid/NRD90M; wv) AppleWebKit/537.36 (KHTML, like Gecko) Version/4.0 Chrome/60.0.3112.107 Moblie Safari/537.36" 
159.65.30.162 - - [25/Mar/2024:01:11:34 -0700] "GET /wp-content/shell20211028.php HTTP/1.1" 301 531 "www.google.com" "Mozlila/5.0 (Linux; Android 7.0; SM-G892A Bulid/NRD90M; wv) AppleWebKit/537.36 (KHTML, like Gecko) Version/4.0 Chrome/60.0.3112.107 Moblie Safari/537.36" 
159.65.30.162 - - [25/Mar/2024:01:11:35 -0700] "GET /wp-content/shell20211028.php HTTP/1.1" 404 328 "www.google.com" "Mozlila/5.0 (Linux; Android 7.0; SM-G892A Bulid/NRD90M; wv) AppleWebKit/537.36 (KHTML, like Gecko) Version/4.0 Chrome/60.0.3112.107 Moblie Safari/537.36" 
