130.159.237.157 - - [18/Oct/2022:02:39:22 -0700] "GET / HTTP/1.1" 200 13187 "-" "Mozilla/5.0 (Macintosh; Intel Mac OS X 10_15_7) AppleWebKit/537.36 (KHTML, like Gecko) Chrome/106.0.0.0 Safari/537.36" 
130.159.237.157 - - [18/Oct/2022:02:39:22 -0700] "GET /css/style.css HTTP/1.1" 404 305 "http://www.secrepo.com/" "Mozilla/5.0 (Macintosh; Intel Mac OS X 10_15_7) AppleWebKit/537.36 (KHTML, like Gecko) Chrome/106.0.0.0 Safari/537.36" 
130.159.237.157 - - [18/Oct/2022:02:39:22 -0700] "GET /twitter-icon.png HTTP/1.1" 200 27916 "http://www.secrepo.com/" "Mozilla/5.0 (Macintosh; Intel Mac OS X 10_15_7) AppleWebKit/537.36 (KHTML, like Gecko) Chrome/106.0.0.0 Safari/537.36" 
130.159.237.157 - - [18/Oct/2022:02:39:22 -0700] "GET /GitHub-Mark.png HTTP/1.1" 200 7533 "http://www.secrepo.com/" "Mozilla/5.0 (Macintosh; Intel Mac OS X 10_15_7) AppleWebKit/537.36 (KHTML, like Gecko) Chrome/106.0.0.0 Safari/537.36" 
130.159.237.157 - - [18/Oct/2022:02:39:22 -0700] "GET /bootstrap/img/favicon.ico HTTP/1.1" 200 690 "http://www.secrepo.com/" "Mozilla/5.0 (Macintosh; Intel Mac OS X 10_15_7) AppleWebKit/537.36 (KHTML, like Gecko) Chrome/106.0.0.0 Safari/537.36" 
114.119.149.228 - - [18/Oct/2022:02:40:32 -0700] "GET /self.logs/error.log.2021-01-05 HTTP/1.1" 200 351 "http://www.secrepo.com/self.logs?C=N%3BO%3DD" "Mozilla/5.0 (Linux; Android 7.0;) AppleWebKit/537.36 (KHTML, like Gecko) Mobile Safari/537.36 (compatible; PetalBot;+https://webmaster.petalsearch.com/site/petalbot)" 
157.55.39.38 - - [18/Oct/2022:02:44:59 -0700] "GET /self.logs/ HTTP/1.1" 200 39080 "-" "Mozilla/5.0 (compatible; bingbot/2.0; +http://www.bing.com/bingbot.htm)" 
113.15.105.58 - - [18/Oct/2022:02:47:49 -0700] "GET /favicon.ico HTTP/1.1" 304 261 "-" "Mozilla/5.0 (Windows NT 10.0; WOW64) AppleWebKit/537.36 (KHTML, like Gecko) Chrome/86.0.4240.198 Safari/537.36" 
95.198.23.203 - - [18/Oct/2022:02:49:16 -0700] "GET / HTTP/1.1" 200 13187 "-" "Mozilla/5.0 (X11; Ubuntu; Linux x86_64; rv:105.0) Gecko/20100101 Firefox/105.0" 
95.198.23.203 - - [18/Oct/2022:02:49:16 -0700] "GET /css/style.css HTTP/1.1" 404 328 "http://www.secrepo.com/" "Mozilla/5.0 (X11; Ubuntu; Linux x86_64; rv:105.0) Gecko/20100101 Firefox/105.0" 
104.211.53.152 - - [18/Oct/2022:02:55:40 -0700] "GET /maccdc2012/maccdc2012_fast_alert.7z HTTP/1.1" 200 9478260 "-" "-" 
103.85.84.160 - - [18/Oct/2022:03:03:49 -0700] "GET /fix/Public/Webuploader/server/preview.php HTTP/1.1" 404 328 "-" "Mozilla/5.0 (Windows NT 10.0; WOW64; rv:48.0) Gecko/20100101 Firefox/48.0" 
114.119.149.237 - - [18/Oct/2022:03:08:45 -0700] "GET /self.logs/access.log.2017-01-01.gz HTTP/1.1" 200 17678 "-" "Mozilla/5.0 (compatible;PetalBot;+https://webmaster.petalsearch.com/site/petalbot)" 
157.55.39.38 - - [18/Oct/2022:03:12:11 -0700] "GET /self.logs/ HTTP/1.1" 200 39080 "-" "Mozilla/5.0 (compatible; bingbot/2.0; +http://www.bing.com/bingbot.htm)" 
194.93.0.40 - - [18/Oct/2022:03:26:19 -0700] "GET /robots.txt HTTP/1.0" 200 340 "-" "Mozilla/4.0 (compatible; fluid/0.0; +http://www.leak.info/bot.html)" 
114.119.149.228 - - [18/Oct/2022:03:27:31 -0700] "GET /self.logs/error.log.2018-12-22.gz HTTP/1.1" 200 3383 "-" "Mozilla/5.0 (compatible;PetalBot;+https://webmaster.petalsearch.com/site/petalbot)" 
114.119.146.87 - - [18/Oct/2022:03:30:55 -0700] "GET /robots.txt HTTP/1.1" 301 495 "-" "Mozilla/5.0 (compatible;PetalBot;+https://webmaster.petalsearch.com/site/petalbot)" 
114.119.146.87 - - [18/Oct/2022:03:30:57 -0700] "GET /robots.txt HTTP/1.1" 200 377 "-" "Mozilla/5.0 (compatible;PetalBot;+https://webmaster.petalsearch.com/site/petalbot)" 
114.119.149.228 - - [18/Oct/2022:03:35:49 -0700] "GET /self.logs/error.log.2020-11-01 HTTP/1.1" 200 351 "http://www.secrepo.com/self.logs?C=N%3BO%3DD" "Mozilla/5.0 (Linux; Android 7.0;) AppleWebKit/537.36 (KHTML, like Gecko) Mobile Safari/537.36 (compatible; PetalBot;+https://webmaster.petalsearch.com/site/petalbot)" 
157.55.39.38 - - [18/Oct/2022:03:39:44 -0700] "GET /self.logs/ HTTP/1.1" 200 39080 "-" "Mozilla/5.0 AppleWebKit/537.36 (KHTML, like Gecko; compatible; bingbot/2.0; +http://www.bing.com/bingbot.htm) Chrome/103.0.5060.134 Safari/537.36" 
114.119.149.218 - - [18/Oct/2022:03:41:49 -0700] "GET /self.logs/error.log.2020-10-17 HTTP/1.1" 200 351 "http://www.secrepo.com/self.logs?C=N%3BO%3DD" "Mozilla/5.0 (Linux; Android 7.0;) AppleWebKit/537.36 (KHTML, like Gecko) Mobile Safari/537.36 (compatible; PetalBot;+https://webmaster.petalsearch.com/site/petalbot)" 
114.119.149.237 - - [18/Oct/2022:03:48:00 -0700] "GET /self.logs/error.log.2019-04-22.gz HTTP/1.1" 200 3841 "-" "Mozilla/5.0 (compatible;PetalBot;+https://webmaster.petalsearch.com/site/petalbot)" 
114.119.149.218 - - [18/Oct/2022:03:53:57 -0700] "GET /Datasets%20Description/HTML_Bro_log_2/weird.html HTTP/1.1" 200 1935 "http://www.secrepo.com/Datasets%20Description/HTML_Bro_log_2/" "Mozilla/5.0 (Linux; Android 7.0;) AppleWebKit/537.36 (KHTML, like Gecko) Mobile Safari/537.36 (compatible; PetalBot;+https://webmaster.petalsearch.com/site/petalbot)" 
20.2.59.16 - - [18/Oct/2022:03:54:27 -0700] "GET / HTTP/1.1" 200 49089 "-" "-" 
136.226.19.206 - - [18/Oct/2022:03:56:56 -0700] "GET / HTTP/1.1" 200 13187 "-" "Mozilla/5.0 (Windows NT 10.0; Win64; x64; rv:102.0) Gecko/20100101 Firefox/102.0" 
136.226.19.206 - - [18/Oct/2022:03:56:57 -0700] "GET /css/style.css HTTP/1.1" 404 305 "http://www.secrepo.com/" "Mozilla/5.0 (Windows NT 10.0; Win64; x64; rv:102.0) Gecko/20100101 Firefox/102.0" 
136.226.19.206 - - [18/Oct/2022:03:56:57 -0700] "GET /GitHub-Mark.png HTTP/1.1" 200 7533 "http://www.secrepo.com/" "Mozilla/5.0 (Windows NT 10.0; Win64; x64; rv:102.0) Gecko/20100101 Firefox/102.0" 
136.226.19.206 - - [18/Oct/2022:03:56:57 -0700] "GET /twitter-icon.png HTTP/1.1" 200 27893 "http://www.secrepo.com/" "Mozilla/5.0 (Windows NT 10.0; Win64; x64; rv:102.0) Gecko/20100101 Firefox/102.0" 
136.226.19.206 - - [18/Oct/2022:03:56:58 -0700] "GET /bootstrap/img/favicon.ico HTTP/1.1" 200 690 "http://www.secrepo.com/" "Mozilla/5.0 (Windows NT 10.0; Win64; x64; rv:102.0) Gecko/20100101 Firefox/102.0" 
114.119.149.218 - - [18/Oct/2022:04:00:05 -0700] "GET /self.logs/error.log.2020-12-16 HTTP/1.1" 200 351 "http://www.secrepo.com/self.logs?C=N%3BO%3DD" "Mozilla/5.0 (Linux; Android 7.0;) AppleWebKit/537.36 (KHTML, like Gecko) Mobile Safari/537.36 (compatible; PetalBot;+https://webmaster.petalsearch.com/site/petalbot)" 
20.191.45.212 - - [18/Oct/2022:04:04:32 -0700] "GET / HTTP/1.1" 200 13187 "http://www.secrepo.com/" "Mozilla/5.0 (compatible; DuckDuckGo-Favicons-Bot/1.0; +http://duckduckgo.com)" 
20.191.45.212 - - [18/Oct/2022:04:04:32 -0700] "GET /bootstrap/img/favicon.ico HTTP/1.1" 200 690 "http://www.secrepo.com/bootstrap/img/favicon.ico" "Mozilla/5.0 (compatible; DuckDuckGo-Favicons-Bot/1.0; +http://duckduckgo.com)" 
44.234.48.35 - - [18/Oct/2022:04:09:49 -0700] "GET / HTTP/1.1" 301 475 "-" "Mozilla/4.0 (compatible; MSIE 6.0; Windows NT 5.1; FSL 7.0.6.01001)" 
44.234.48.35 - - [18/Oct/2022:04:09:49 -0700] "GET / HTTP/1.1" 200 13187 "-" "Mozilla/4.0 (compatible; MSIE 6.0; Windows NT 5.1; FSL 7.0.6.01001)" 
114.119.149.237 - - [18/Oct/2022:04:19:46 -0700] "GET /self.logs/error.log.2020-10-07 HTTP/1.1" 200 351 "http://www.secrepo.com/self.logs?C=N%3BO%3DD" "Mozilla/5.0 (Linux; Android 7.0;) AppleWebKit/537.36 (KHTML, like Gecko) Mobile Safari/537.36 (compatible; PetalBot;+https://webmaster.petalsearch.com/site/petalbot)" 
44.234.89.20 - - [18/Oct/2022:04:19:50 -0700] "GET / HTTP/1.1" 301 475 "-" "Mozilla/4.0 (compatible; MSIE 6.0; Windows NT 5.1; FSL 7.0.6.01001)" 
44.234.89.20 - - [18/Oct/2022:04:19:50 -0700] "GET / HTTP/1.1" 200 13187 "-" "Mozilla/4.0 (compatible; MSIE 6.0; Windows NT 5.1; FSL 7.0.6.01001)" 
157.55.39.38 - - [18/Oct/2022:04:20:38 -0700] "GET /self.logs/ HTTP/1.1" 200 39080 "-" "Mozilla/5.0 (compatible; bingbot/2.0; +http://www.bing.com/bingbot.htm)" 
114.119.149.228 - - [18/Oct/2022:04:35:54 -0700] "GET /self.logs/error.log.2020-12-13 HTTP/1.1" 200 351 "http://www.secrepo.com/self.logs?C=N%3BO%3DD" "Mozilla/5.0 (Linux; Android 7.0;) AppleWebKit/537.36 (KHTML, like Gecko) Mobile Safari/537.36 (compatible; PetalBot;+https://webmaster.petalsearch.com/site/petalbot)" 
157.55.39.38 - - [18/Oct/2022:04:36:09 -0700] "GET /self.logs/ HTTP/1.1" 200 39080 "-" "Mozilla/5.0 (compatible; bingbot/2.0; +http://www.bing.com/bingbot.htm)" 
44.234.47.136 - - [18/Oct/2022:04:47:12 -0700] "GET / HTTP/1.1" 301 475 "-" "Mozilla/4.0 (compatible; MSIE 6.0; Windows NT 5.1; FSL 7.0.6.01001)" 
44.234.47.136 - - [18/Oct/2022:04:47:12 -0700] "GET / HTTP/1.1" 200 13187 "-" "Mozilla/4.0 (compatible; MSIE 6.0; Windows NT 5.1; FSL 7.0.6.01001)" 
61.148.199.174 - - [18/Oct/2022:04:52:26 -0700] "GET / HTTP/1.1" 200 13187 "-" "Mozilla/5.0 (Windows NT 10.0; Win64; x64) AppleWebKit/537.36 (KHTML, like Gecko) Chrome/104.0.0.0 Safari/537.36" 
61.148.199.174 - - [18/Oct/2022:04:52:26 -0700] "GET /css/style.css HTTP/1.1" 404 305 "http://www.secrepo.com/" "Mozilla/5.0 (Windows NT 10.0; Win64; x64) AppleWebKit/537.36 (KHTML, like Gecko) Chrome/104.0.0.0 Safari/537.36" 
61.148.199.174 - - [18/Oct/2022:04:52:27 -0700] "GET /twitter-icon.png HTTP/1.1" 200 27893 "http://www.secrepo.com/" "Mozilla/5.0 (Windows NT 10.0; Win64; x64) AppleWebKit/537.36 (KHTML, like Gecko) Chrome/104.0.0.0 Safari/537.36" 
61.148.199.174 - - [18/Oct/2022:04:52:27 -0700] "GET /GitHub-Mark.png HTTP/1.1" 200 7533 "http://www.secrepo.com/" "Mozilla/5.0 (Windows NT 10.0; Win64; x64) AppleWebKit/537.36 (KHTML, like Gecko) Chrome/104.0.0.0 Safari/537.36" 
61.148.199.174 - - [18/Oct/2022:04:53:02 -0700] "GET /bootstrap/img/favicon.ico HTTP/1.1" 200 713 "http://www.secrepo.com/" "Mozilla/5.0 (Windows NT 10.0; Win64; x64) AppleWebKit/537.36 (KHTML, like Gecko) Chrome/104.0.0.0 Safari/537.36" 
157.55.39.38 - - [18/Oct/2022:05:03:32 -0700] "GET /self.logs/ HTTP/1.1" 200 39100 "-" "Mozilla/5.0 (compatible; bingbot/2.0; +http://www.bing.com/bingbot.htm)" 
52.31.129.99 - - [18/Oct/2022:05:06:38 -0700] "GET / HTTP/1.1" 200 13150 "-" "node-fetch" 
52.31.129.99 - - [18/Oct/2022:05:06:38 -0700] "GET / HTTP/1.1" 200 13187 "-" "Twitterbot" 
52.31.129.99 - - [18/Oct/2022:05:06:38 -0700] "GET /rss.xml HTTP/1.1" 404 291 "-" "node-fetch" 
114.119.149.218 - - [18/Oct/2022:05:06:57 -0700] "GET /self.logs/error.log.2020-10-26 HTTP/1.1" 200 351 "http://www.secrepo.com/self.logs?C=N%3BO%3DD" "Mozilla/5.0 (Linux; Android 7.0;) AppleWebKit/537.36 (KHTML, like Gecko) Mobile Safari/537.36 (compatible; PetalBot;+https://webmaster.petalsearch.com/site/petalbot)" 
77.75.79.31 - - [18/Oct/2022:05:08:13 -0700] "GET /honeypot/Honeypot%20-%20Howto.pdf HTTP/1.1" 304 222 "-" "Mozilla/5.0 (compatible; SeznamBot/4.0-RC1; +http://napoveda.seznam.cz/seznambot-intro/)" 
119.116.129.190 - - [18/Oct/2022:05:12:03 -0700] "GET /favicon.ico HTTP/1.1" 200 391 "-" "Mozilla/5.0 (Windows NT 10.0; WOW64) AppleWebKit/537.36 (KHTML, like Gecko) Chrome/86.0.4240.198 Safari/537.36" 
114.119.149.218 - - [18/Oct/2022:05:14:23 -0700] "GET /self.logs/access.log.2020-08-09.gz HTTP/1.1" 200 9673 "-" "Mozilla/5.0 (compatible;PetalBot;+https://webmaster.petalsearch.com/site/petalbot)" 
20.191.45.212 - - [18/Oct/2022:05:30:09 -0700] "GET / HTTP/1.1" 200 13187 "http://www.secrepo.com/" "Mozilla/5.0 (compatible; DuckDuckGo-Favicons-Bot/1.0; +http://duckduckgo.com)" 
20.191.45.212 - - [18/Oct/2022:05:30:09 -0700] "GET /bootstrap/img/favicon.ico HTTP/1.1" 200 690 "http://www.secrepo.com/bootstrap/img/favicon.ico" "Mozilla/5.0 (compatible; DuckDuckGo-Favicons-Bot/1.0; +http://duckduckgo.com)" 
157.55.39.38 - - [18/Oct/2022:05:31:55 -0700] "GET /self.logs/ HTTP/1.1" 200 39100 "-" "Mozilla/5.0 (compatible; bingbot/2.0; +http://www.bing.com/bingbot.htm)" 
35.192.13.29 - - [18/Oct/2022:05:50:21 -0700] "GET /ads.txt HTTP/1.1" 301 452 "-" "Go-http-client/1.1" 
35.192.13.29 - - [18/Oct/2022:05:50:21 -0700] "GET /ads.txt HTTP/1.1" 404 291 "http://secrepo.com/ads.txt" "Go-http-client/1.1" 
107.175.8.41 - - [18/Oct/2022:05:55:04 -0700] "GET /bootstrap/img/favicon.ico HTTP/1.1" 200 676 "-" "Mozilla/5.0 (Windows NT 10.0; Win64; x64) AppleWebKit/537.36 (KHTML, like Gecko) Chrome/106.0.0.0 Safari/537.36 Edg/106.0.1370.47" 
114.119.149.222 - - [18/Oct/2022:05:55:25 -0700] "GET /self.logs/error.log.2020-04-06 HTTP/1.1" 200 351 "http://www.secrepo.com/self.logs?C=N%3BO%3DD" "Mozilla/5.0 (Linux; Android 7.0;) AppleWebKit/537.36 (KHTML, like Gecko) Mobile Safari/537.36 (compatible; PetalBot;+https://webmaster.petalsearch.com/site/petalbot)" 
157.55.39.38 - - [18/Oct/2022:05:59:27 -0700] "GET /self.logs/ HTTP/1.1" 200 39100 "-" "Mozilla/5.0 (compatible; bingbot/2.0; +http://www.bing.com/bingbot.htm)" 
216.244.66.245 - - [18/Oct/2022:06:03:39 -0700] "GET /robots.txt HTTP/1.1" 200 333 "-" "Mozilla/5.0 (compatible; DotBot/1.2; +https://opensiteexplorer.org/dotbot; help@moz.com)" 
114.119.149.237 - - [18/Oct/2022:06:09:42 -0700] "GET /self.logs/2015/error.log.2015-12-26.gz HTTP/1.1" 200 669 "-" "Mozilla/5.0 (compatible;PetalBot;+https://webmaster.petalsearch.com/site/petalbot)" 
216.244.66.245 - - [18/Oct/2022:06:09:47 -0700] "GET /self.logs/access.log.2022-03-24.gz HTTP/1.1" 200 29385 "-" "Mozilla/5.0 (compatible; DotBot/1.2; +https://opensiteexplorer.org/dotbot; help@moz.com)" 
65.108.46.72 - - [18/Oct/2022:06:19:56 -0700] "GET /robots.txt HTTP/1.1" 301 458 "-" "Mozilla/5.0 (compatible; MJ12bot/v1.4.8; http://mj12bot.com/)" 
65.108.46.72 - - [18/Oct/2022:06:19:57 -0700] "GET /robots.txt HTTP/1.1" 200 340 "-" "Mozilla/5.0 (compatible; MJ12bot/v1.4.8; http://mj12bot.com/)" 
65.108.46.72 - - [18/Oct/2022:06:19:59 -0700] "GET /%C2%A0%C2%A0 HTTP/1.1" 301 446 "-" "Mozilla/5.0 (compatible; MJ12bot/v1.4.8; http://mj12bot.com/)" 
65.108.46.72 - - [18/Oct/2022:06:20:00 -0700] "GET /%C3%82%C2%A0%C3%82 HTTP/1.1" 404 291 "-" "Mozilla/5.0 (compatible; MJ12bot/v1.4.8; http://mj12bot.com/)" 
65.108.46.72 - - [18/Oct/2022:06:20:02 -0700] "GET /honeypot//%22http://amunhoney.sourceforge.net//%22 HTTP/1.1" 404 291 "-" "Mozilla/5.0 (compatible; MJ12bot/v1.4.8; http://mj12bot.com/)" 
65.108.46.72 - - [18/Oct/2022:06:20:07 -0700] "GET /honeypot//%22http://glastopf.org//%22 HTTP/1.1" 404 291 "-" "Mozilla/5.0 (compatible; MJ12bot/v1.4.8; http://mj12bot.com/)" 
65.108.46.72 - - [18/Oct/2022:06:20:10 -0700] "GET /honeypot//%22http://www.maxmind.com/%22 HTTP/1.1" 404 291 "-" "Mozilla/5.0 (compatible; MJ12bot/v1.4.8; http://mj12bot.com/)" 
65.108.46.72 - - [18/Oct/2022:06:20:14 -0700] "GET /honeypot//%22https://twitter.com/sooshie/%22 HTTP/1.1" 404 291 "-" "Mozilla/5.0 (compatible; MJ12bot/v1.4.8; http://mj12bot.com/)" 
65.108.46.72 - - [18/Oct/2022:06:20:17 -0700] "GET /honeypot//%22https://twitter.com/theroxyd/%22 HTTP/1.1" 404 291 "-" "Mozilla/5.0 (compatible; MJ12bot/v1.4.8; http://mj12bot.com/)" 
65.108.46.72 - - [18/Oct/2022:06:20:21 -0700] "GET /self.logs/ HTTP/1.1" 200 39063 "-" "Mozilla/5.0 (compatible; MJ12bot/v1.4.8; http://mj12bot.com/)" 
65.108.46.72 - - [18/Oct/2022:06:20:23 -0700] "GET /%C2%A0 HTTP/1.1" 404 291 "-" "Mozilla/5.0 (compatible; MJ12bot/v1.4.8; http://mj12bot.com/)" 
65.108.46.72 - - [18/Oct/2022:06:20:26 -0700] "GET / HTTP/1.1" 200 13149 "-" "Mozilla/5.0 (compatible; MJ12bot/v1.4.8; http://mj12bot.com/)" 
114.119.149.23 - - [18/Oct/2022:06:21:13 -0700] "GET /self.logs/error.log.2020-05-08 HTTP/1.1" 200 351 "http://www.secrepo.com/self.logs?C=N%3BO%3DD" "Mozilla/5.0 (Linux; Android 7.0;) AppleWebKit/537.36 (KHTML, like Gecko) Mobile Safari/537.36 (compatible; PetalBot;+https://webmaster.petalsearch.com/site/petalbot)" 
111.198.224.214 - - [18/Oct/2022:06:22:24 -0700] "GET / HTTP/1.1" 200 13186 "-" "Mozilla/5.0 (Macintosh; Intel Mac OS X 10_15_7) AppleWebKit/605.1.15 (KHTML, like Gecko)" 
111.198.224.214 - - [18/Oct/2022:06:22:25 -0700] "GET /apple-touch-icon-precomposed.png HTTP/1.1" 404 328 "-" "Safari%E6%B5%8F%E8%A7%88%E5%99%A8/16614.1.25.9.10 CFNetwork/1240.0.4 Darwin/20.6.0" 
111.198.224.214 - - [18/Oct/2022:06:22:26 -0700] "GET /apple-touch-icon.png HTTP/1.1" 404 305 "-" "Safari%E6%B5%8F%E8%A7%88%E5%99%A8/16614.1.25.9.10 CFNetwork/1240.0.4 Darwin/20.6.0" 
111.198.224.214 - - [18/Oct/2022:06:22:26 -0700] "GET / HTTP/1.1" 200 13186 "-" "Mozilla/5.0 (iPhone; CPU iPhone OS 16_0 like Mac OS X) AppleWebKit/605.1.15 (KHTML, like Gecko) Version/16.0 Mobile/15E148 Safari/604.1" 
111.198.224.214 - - [18/Oct/2022:06:22:26 -0700] "GET /apple-touch-icon-precomposed.png HTTP/1.1" 404 305 "-" "Safari%E6%B5%8F%E8%A7%88%E5%99%A8/16614.1.25.9.10 CFNetwork/1240.0.4 Darwin/20.6.0" 
111.198.224.214 - - [18/Oct/2022:06:22:27 -0700] "GET /apple-touch-icon.png HTTP/1.1" 404 305 "-" "Safari%E6%B5%8F%E8%A7%88%E5%99%A8/16614.1.25.9.10 CFNetwork/1240.0.4 Darwin/20.6.0" 
111.198.224.214 - - [18/Oct/2022:06:25:46 -0700] "GET / HTTP/1.1" 200 13186 "-" "Mozilla/5.0 (Macintosh; Intel Mac OS X 10_15_7) AppleWebKit/605.1.15 (KHTML, like Gecko)" 
111.198.224.214 - - [18/Oct/2022:06:25:47 -0700] "GET /apple-touch-icon-precomposed.png HTTP/1.1" 404 328 "-" "Safari%E6%B5%8F%E8%A7%88%E5%99%A8/16614.1.25.9.10 CFNetwork/1240.0.4 Darwin/20.6.0" 
111.198.224.214 - - [18/Oct/2022:06:25:48 -0700] "GET /apple-touch-icon.png HTTP/1.1" 404 305 "-" "Safari%E6%B5%8F%E8%A7%88%E5%99%A8/16614.1.25.9.10 CFNetwork/1240.0.4 Darwin/20.6.0" 
111.198.224.214 - - [18/Oct/2022:06:25:49 -0700] "GET / HTTP/1.1" 200 13186 "-" "Mozilla/5.0 (iPhone; CPU iPhone OS 16_0 like Mac OS X) AppleWebKit/605.1.15 (KHTML, like Gecko) Version/16.0 Mobile/15E148 Safari/604.1" 
111.198.224.214 - - [18/Oct/2022:06:25:49 -0700] "GET /apple-touch-icon-precomposed.png HTTP/1.1" 404 305 "-" "Safari%E6%B5%8F%E8%A7%88%E5%99%A8/16614.1.25.9.10 CFNetwork/1240.0.4 Darwin/20.6.0" 
111.198.224.214 - - [18/Oct/2022:06:25:50 -0700] "GET /apple-touch-icon.png HTTP/1.1" 404 305 "-" "Safari%E6%B5%8F%E8%A7%88%E5%99%A8/16614.1.25.9.10 CFNetwork/1240.0.4 Darwin/20.6.0" 
114.119.149.228 - - [18/Oct/2022:06:27:52 -0700] "GET /Datasets%20Description/Network/?C=M%3BO%3DA HTTP/1.1" 200 769 "http://www.secrepo.com/Datasets%20Description/Network?C=N%3BO%3DD" "Mozilla/5.0 (Linux; Android 7.0;) AppleWebKit/537.36 (KHTML, like Gecko) Mobile Safari/537.36 (compatible; PetalBot;+https://webmaster.petalsearch.com/site/petalbot)" 
157.55.39.38 - - [18/Oct/2022:06:29:10 -0700] "GET /self.logs/ HTTP/1.1" 200 39100 "-" "Mozilla/5.0 AppleWebKit/537.36 (KHTML, like Gecko; compatible; bingbot/2.0; +http://www.bing.com/bingbot.htm) Chrome/103.0.5060.134 Safari/537.36" 
77.75.79.31 - - [18/Oct/2022:06:30:16 -0700] "GET /Datasets%20Description/PE_malware/Zeus.html HTTP/1.1" 304 233 "-" "Mozilla/5.0 (compatible; SeznamBot/4.0-RC1; +http://napoveda.seznam.cz/seznambot-intro/)" 
90.243.28.234 - - [18/Oct/2022:06:46:24 -0700] "GET / HTTP/1.1" 200 13187 "-" "Mozilla/5.0 (Windows NT 10.0; Win64; x64) AppleWebKit/537.36 (KHTML, like Gecko) Chrome/106.0.0.0 Safari/537.36" 
90.243.28.234 - - [18/Oct/2022:06:46:24 -0700] "GET /css/style.css HTTP/1.1" 404 305 "http://www.secrepo.com/" "Mozilla/5.0 (Windows NT 10.0; Win64; x64) AppleWebKit/537.36 (KHTML, like Gecko) Chrome/106.0.0.0 Safari/537.36" 
90.243.28.234 - - [18/Oct/2022:06:46:24 -0700] "GET /twitter-icon.png HTTP/1.1" 200 27893 "http://www.secrepo.com/" "Mozilla/5.0 (Windows NT 10.0; Win64; x64) AppleWebKit/537.36 (KHTML, like Gecko) Chrome/106.0.0.0 Safari/537.36" 
90.243.28.234 - - [18/Oct/2022:06:46:24 -0700] "GET /GitHub-Mark.png HTTP/1.1" 200 7556 "http://www.secrepo.com/" "Mozilla/5.0 (Windows NT 10.0; Win64; x64) AppleWebKit/537.36 (KHTML, like Gecko) Chrome/106.0.0.0 Safari/537.36" 
90.243.28.234 - - [18/Oct/2022:06:46:25 -0700] "GET /bootstrap/img/favicon.ico HTTP/1.1" 200 690 "http://www.secrepo.com/" "Mozilla/5.0 (Windows NT 10.0; Win64; x64) AppleWebKit/537.36 (KHTML, like Gecko) Chrome/106.0.0.0 Safari/537.36" 
20.2.59.16 - - [18/Oct/2022:06:46:52 -0700] "GET / HTTP/1.1" 200 49089 "-" "-" 
72.83.190.47 - - [18/Oct/2022:06:51:23 -0700] "GET / HTTP/1.1" 200 13187 "-" "Mozilla/5.0 (iPhone; CPU iPhone OS 15_6_1 like Mac OS X) AppleWebKit/605.1.15 (KHTML, like Gecko) Version/15.6.1 Mobile/15E148 Safari/604.1" 
72.83.190.47 - - [18/Oct/2022:06:51:23 -0700] "GET /css/style.css HTTP/1.1" 404 305 "http://www.secrepo.com/" "Mozilla/5.0 (iPhone; CPU iPhone OS 15_6_1 like Mac OS X) AppleWebKit/605.1.15 (KHTML, like Gecko) Version/15.6.1 Mobile/15E148 Safari/604.1" 
72.83.190.47 - - [18/Oct/2022:06:51:23 -0700] "GET /twitter-icon.png HTTP/1.1" 200 27916 "http://www.secrepo.com/" "Mozilla/5.0 (iPhone; CPU iPhone OS 15_6_1 like Mac OS X) AppleWebKit/605.1.15 (KHTML, like Gecko) Version/15.6.1 Mobile/15E148 Safari/604.1" 
72.83.190.47 - - [18/Oct/2022:06:51:23 -0700] "GET /GitHub-Mark.png HTTP/1.1" 200 7533 "http://www.secrepo.com/" "Mozilla/5.0 (iPhone; CPU iPhone OS 15_6_1 like Mac OS X) AppleWebKit/605.1.15 (KHTML, like Gecko) Version/15.6.1 Mobile/15E148 Safari/604.1" 
205.193.218.61 - - [18/Oct/2022:06:52:50 -0700] "GET / HTTP/1.1" 200 13187 "-" "Mozilla/5.0 (Windows NT 10.0; Win64; x64) AppleWebKit/537.36 (KHTML, like Gecko) Chrome/106.0.0.0 Safari/537.36 Edg/106.0.1370.42" 
205.193.218.61 - - [18/Oct/2022:06:52:50 -0700] "GET /css/style.css HTTP/1.1" 404 305 "http://www.secrepo.com/" "Mozilla/5.0 (Windows NT 10.0; Win64; x64) AppleWebKit/537.36 (KHTML, like Gecko) Chrome/106.0.0.0 Safari/537.36 Edg/106.0.1370.42" 
157.55.39.38 - - [18/Oct/2022:06:57:52 -0700] "GET /self.logs/ HTTP/1.1" 200 39100 "-" "Mozilla/5.0 (compatible; bingbot/2.0; +http://www.bing.com/bingbot.htm)" 
121.234.35.120 - - [18/Oct/2022:07:04:25 -0700] "GET / HTTP/1.1" 200 13143 "-" "Mozilla/5.0 (Windows NT 6.1; Win64; x64) AppleWebKit/537.36 (KHTML, like Gecko) Chrome/73.0.3683.75 Safari/537.36" 
45.95.243.64 - - [18/Oct/2022:07:09:34 -0700] "GET /.git/info/refs?service=git-upload-pack HTTP/1.1" 301 495 "-" "git/2.17.1" 
45.95.243.64 - - [18/Oct/2022:07:09:34 -0700] "GET /.git/info/refs?service=git-upload-pack HTTP/1.1" 404 284 "-" "git/2.17.1" 
41.142.55.8 - - [18/Oct/2022:07:10:41 -0700] "GET / HTTP/1.1" 200 13143 "-" "Mozilla/5.0 (Windows NT 10.0; Win64; x64; rv:105.0) Gecko/20100101 Firefox/105.0" 
41.142.55.8 - - [18/Oct/2022:07:10:42 -0700] "GET /css/style.css HTTP/1.1" 404 284 "http://www.secrepo.com/" "Mozilla/5.0 (Windows NT 10.0; Win64; x64; rv:105.0) Gecko/20100101 Firefox/105.0" 
41.142.55.8 - - [18/Oct/2022:07:10:42 -0700] "GET /twitter-icon.png HTTP/1.1" 200 27872 "http://www.secrepo.com/" "Mozilla/5.0 (Windows NT 10.0; Win64; x64; rv:105.0) Gecko/20100101 Firefox/105.0" 
41.142.55.8 - - [18/Oct/2022:07:10:42 -0700] "GET /GitHub-Mark.png HTTP/1.1" 200 7512 "http://www.secrepo.com/" "Mozilla/5.0 (Windows NT 10.0; Win64; x64; rv:105.0) Gecko/20100101 Firefox/105.0" 
41.142.55.8 - - [18/Oct/2022:07:10:43 -0700] "GET /bootstrap/img/favicon.ico HTTP/1.1" 200 669 "http://www.secrepo.com/" "Mozilla/5.0 (Windows NT 10.0; Win64; x64; rv:105.0) Gecko/20100101 Firefox/105.0" 
114.119.140.174 - - [18/Oct/2022:07:18:09 -0700] "GET /self.logs/access.log.2019-04-12.gz HTTP/1.1" 200 20172 "-" "Mozilla/5.0 (compatible;PetalBot;+https://webmaster.petalsearch.com/site/petalbot)" 
12.26.0.34 - - [18/Oct/2022:07:18:30 -0700] "GET /robots.txt HTTP/1.1" 200 377 "-" "DuckDuckBot/1.1; (+http://duckduckgo.com/duckduckbot.html)" 
12.26.0.34 - - [18/Oct/2022:07:18:30 -0700] "GET / HTTP/1.1" 200 13187 "-" "DuckDuckBot/1.1; (+http://duckduckgo.com/duckduckbot.html)" 
20.239.57.84 - - [18/Oct/2022:07:19:26 -0700] "GET / HTTP/1.1" 200 13143 "-" "Mozilla/5.0 (Windows NT 10.0; Win64; x64) AppleWebKit/537.36 (KHTML, like Gecko) Chrome/106.0.0.0 Safari/537.36" 
20.239.57.84 - - [18/Oct/2022:07:19:26 -0700] "GET /twitter-icon.png HTTP/1.1" 200 27838 "http://www.secrepo.com/" "Mozilla/5.0 (Windows NT 10.0; Win64; x64) AppleWebKit/537.36 (KHTML, like Gecko) Chrome/106.0.0.0 Safari/537.36" 
20.239.57.84 - - [18/Oct/2022:07:19:27 -0700] "GET /GitHub-Mark.png HTTP/1.1" 200 7512 "http://www.secrepo.com/" "Mozilla/5.0 (Windows NT 10.0; Win64; x64) AppleWebKit/537.36 (KHTML, like Gecko) Chrome/106.0.0.0 Safari/537.36" 
20.239.57.84 - - [18/Oct/2022:07:19:27 -0700] "GET /css/style.css HTTP/1.1" 404 284 "http://www.secrepo.com/" "Mozilla/5.0 (Windows NT 10.0; Win64; x64) AppleWebKit/537.36 (KHTML, like Gecko) Chrome/106.0.0.0 Safari/537.36" 
20.239.57.84 - - [18/Oct/2022:07:19:29 -0700] "GET /bootstrap/img/favicon.ico HTTP/1.1" 200 635 "http://www.secrepo.com/" "Mozilla/5.0 (Windows NT 10.0; Win64; x64) AppleWebKit/537.36 (KHTML, like Gecko) Chrome/106.0.0.0 Safari/537.36" 
114.119.149.23 - - [18/Oct/2022:07:24:41 -0700] "GET /self.logs/error.log.2020-11-03 HTTP/1.1" 200 351 "http://www.secrepo.com/self.logs?C=N%3BO%3DD" "Mozilla/5.0 (Linux; Android 7.0;) AppleWebKit/537.36 (KHTML, like Gecko) Mobile Safari/537.36 (compatible; PetalBot;+https://webmaster.petalsearch.com/site/petalbot)" 
157.55.39.38 - - [18/Oct/2022:07:25:55 -0700] "GET /self.logs/ HTTP/1.1" 200 39100 "-" "Mozilla/5.0 (compatible; bingbot/2.0; +http://www.bing.com/bingbot.htm)" 
41.142.68.34 - - [18/Oct/2022:07:32:26 -0700] "GET /maccdc2012/conn.log.gz HTTP/1.1" 200 549157709 "http://www.secrepo.com/" "Mozilla/5.0 (Windows NT 10.0; Win64; x64; rv:105.0) Gecko/20100101 Firefox/105.0" 
52.178.46.170 - - [18/Oct/2022:07:35:59 -0700] "GET /wp-content/themes/seotheme/db.php?u HTTP/1.1" 301 545 "www.google.com" "Mozlila/5.0 (Linux; Android 7.0; SM-G892A Bulid/NRD90M; wv) AppleWebKit/537.36 (KHTML, like Gecko) Version/4.0 Chrome/60.0.3112.107 Moblie Safari/537.36" 
52.178.46.170 - - [18/Oct/2022:07:36:03 -0700] "GET /wp-content/themes/seotheme/db.php?u HTTP/1.1" 404 328 "www.google.com" "Mozlila/5.0 (Linux; Android 7.0; SM-G892A Bulid/NRD90M; wv) AppleWebKit/537.36 (KHTML, like Gecko) Version/4.0 Chrome/60.0.3112.107 Moblie Safari/537.36" 
137.117.12.73 - - [18/Oct/2022:07:36:37 -0700] "GET /maccdc2012/maccdc2012_fast_alert.7z HTTP/1.1" 200 9478260 "-" "-" 
114.119.149.228 - - [18/Oct/2022:07:41:18 -0700] "GET /self.logs/access.log.2019-04-05.gz HTTP/1.1" 200 42891 "-" "Mozilla/5.0 (compatible;PetalBot;+https://webmaster.petalsearch.com/site/petalbot)" 
134.122.137.48 - - [18/Oct/2022:07:45:56 -0700] "GET / HTTP/1.1" 200 13187 "http://www.secrepo.com" "Mozilla/5.0 (Windows NT 10.0; Win64; x64) AppleWebKit/537.36 (KHTML, like Gecko) Chrome/87.0.4280.67 Safari/537.36 Edg/87.0.664.52" 
114.119.149.23 - - [18/Oct/2022:07:54:07 -0700] "GET /self.logs/access.log.2018-01-25.gz HTTP/1.1" 200 20986 "-" "Mozilla/5.0 (compatible;PetalBot;+https://webmaster.petalsearch.com/site/petalbot)" 
157.55.39.38 - - [18/Oct/2022:07:54:19 -0700] "GET /self.logs/ HTTP/1.1" 200 39100 "-" "Mozilla/5.0 (compatible; bingbot/2.0; +http://www.bing.com/bingbot.htm)" 
36.70.142.96 - - [18/Oct/2022:08:09:19 -0700] "GET / HTTP/1.1" 200 13187 "-" "Mozilla/5.0 (Windows NT 10.0; Win64; x64) AppleWebKit/537.36 (KHTML, like Gecko) Chrome/105.0.0.0 Safari/537.36" 
36.70.142.96 - - [18/Oct/2022:08:09:20 -0700] "GET /css/style.css HTTP/1.1" 404 328 "http://www.secrepo.com/" "Mozilla/5.0 (Windows NT 10.0; Win64; x64) AppleWebKit/537.36 (KHTML, like Gecko) Chrome/105.0.0.0 Safari/537.36" 
36.70.142.96 - - [18/Oct/2022:08:09:20 -0700] "GET /twitter-icon.png HTTP/1.1" 200 27893 "http://www.secrepo.com/" "Mozilla/5.0 (Windows NT 10.0; Win64; x64) AppleWebKit/537.36 (KHTML, like Gecko) Chrome/105.0.0.0 Safari/537.36" 
36.70.142.96 - - [18/Oct/2022:08:09:21 -0700] "GET /GitHub-Mark.png HTTP/1.1" 200 7533 "http://www.secrepo.com/" "Mozilla/5.0 (Windows NT 10.0; Win64; x64) AppleWebKit/537.36 (KHTML, like Gecko) Chrome/105.0.0.0 Safari/537.36" 
36.70.142.96 - - [18/Oct/2022:08:09:23 -0700] "GET /bootstrap/img/favicon.ico HTTP/1.1" 200 690 "http://www.secrepo.com/" "Mozilla/5.0 (Windows NT 10.0; Win64; x64) AppleWebKit/537.36 (KHTML, like Gecko) Chrome/105.0.0.0 Safari/537.36" 
66.249.70.175 - - [18/Oct/2022:08:21:39 -0700] "GET /?t=1&cn=ZmxleGlibGVfcmVjc18y&refsrc=email&iid=2572d65d1a814c138a77f3b60465fe37&uid=30635594&nid=244+272699400 HTTP/1.1" 200 13186 "-" "Mozilla/5.0 (compatible; Googlebot/2.1; +http://www.google.com/bot.html)" 
66.249.70.175 - - [18/Oct/2022:08:21:42 -0700] "GET /css/style.css HTTP/1.1" 404 328 "http://www.secrepo.com/?t=1&cn=ZmxleGlibGVfcmVjc18y&refsrc=email&iid=2572d65d1a814c138a77f3b60465fe37&uid=30635594&nid=244+272699400" "Mozilla/5.0 AppleWebKit/537.36 (KHTML, like Gecko; compatible; Googlebot/2.1; +http://www.google.com/bot.html) Chrome/106.0.5249.103 Safari/537.36" 
66.249.70.179 - - [18/Oct/2022:08:21:43 -0700] "GET /css/style.css HTTP/1.1" 404 328 "http://www.secrepo.com/?t=1&cn=ZmxleGlibGVfcmVjc18y&refsrc=email&iid=2572d65d1a814c138a77f3b60465fe37&uid=30635594&nid=244+272699400" "Mozilla/5.0 AppleWebKit/537.36 (KHTML, like Gecko; compatible; Googlebot/2.1; +http://www.google.com/bot.html) Chrome/106.0.5249.103 Safari/537.36" 
157.55.39.38 - - [18/Oct/2022:08:23:51 -0700] "GET /self.logs/ HTTP/1.1" 200 39100 "-" "Mozilla/5.0 (compatible; bingbot/2.0; +http://www.bing.com/bingbot.htm)" 
140.237.242.67 - - [18/Oct/2022:08:25:08 -0700] "GET / HTTP/1.1" 301 438 "-" "Mozilla/5.0 (Windows NT 10.0; WOW64) AppleWebKit/537.36 (KHTML, like Gecko) Chrome/78.0.3904.108 Safari/537.36" 
110.88.127.185 - - [18/Oct/2022:08:25:09 -0700] "GET / HTTP/1.1" 200 13149 "-" "Mozilla/5.0 (Windows NT 10.0; WOW64) AppleWebKit/537.36 (KHTML, like Gecko) Chrome/78.0.3904.108 Safari/537.36" 
114.119.145.137 - - [18/Oct/2022:08:27:59 -0700] "GET /self.logs/error.log.2018-11-25.gz HTTP/1.1" 200 3891 "-" "Mozilla/5.0 (compatible;PetalBot;+https://webmaster.petalsearch.com/site/petalbot)" 
111.119.187.45 - - [18/Oct/2022:08:31:10 -0700] "GET / HTTP/1.1" 200 13187 "-" "Mozilla/5.0 (Windows NT 10.0; Win64; x64) AppleWebKit/537.36 (KHTML, like Gecko) Chrome/106.0.0.0 Safari/537.36" 
111.119.187.45 - - [18/Oct/2022:08:31:11 -0700] "GET /css/style.css HTTP/1.1" 404 305 "http://www.secrepo.com/" "Mozilla/5.0 (Windows NT 10.0; Win64; x64) AppleWebKit/537.36 (KHTML, like Gecko) Chrome/106.0.0.0 Safari/537.36" 
111.119.187.45 - - [18/Oct/2022:08:31:33 -0700] "GET /twitter-icon.png HTTP/1.1" 200 27916 "http://www.secrepo.com/" "Mozilla/5.0 (Windows NT 10.0; Win64; x64) AppleWebKit/537.36 (KHTML, like Gecko) Chrome/106.0.0.0 Safari/537.36" 
111.119.187.45 - - [18/Oct/2022:08:31:33 -0700] "GET /GitHub-Mark.png HTTP/1.1" 200 7533 "http://www.secrepo.com/" "Mozilla/5.0 (Windows NT 10.0; Win64; x64) AppleWebKit/537.36 (KHTML, like Gecko) Chrome/106.0.0.0 Safari/537.36" 
111.119.187.45 - - [18/Oct/2022:08:31:57 -0700] "GET /bootstrap/img/favicon.ico HTTP/1.1" 200 713 "http://www.secrepo.com/" "Mozilla/5.0 (Windows NT 10.0; Win64; x64) AppleWebKit/537.36 (KHTML, like Gecko) Chrome/106.0.0.0 Safari/537.36" 
114.119.149.237 - - [18/Oct/2022:08:33:41 -0700] "GET /self.logs/access.log.2018-01-04.gz HTTP/1.1" 200 25379 "-" "Mozilla/5.0 (compatible;PetalBot;+https://webmaster.petalsearch.com/site/petalbot)" 
43.228.126.91 - - [18/Oct/2022:08:49:11 -0700] "GET /login.php?s=Admin/login HTTP/1.1" 404 328 "-" "Mozilla/5.0 (Windows NT 10.0; WOW64; rv:48.0) Gecko/20100101 Firefox/48.0" 
114.119.149.23 - - [18/Oct/2022:08:50:18 -0700] "GET /self.logs/access.log.2018-11-11.gz HTTP/1.1" 200 19969 "-" "Mozilla/5.0 (compatible;PetalBot;+https://webmaster.petalsearch.com/site/petalbot)" 
157.55.39.38 - - [18/Oct/2022:08:53:24 -0700] "GET /self.logs/ HTTP/1.1" 200 39100 "-" "Mozilla/5.0 AppleWebKit/537.36 (KHTML, like Gecko; compatible; bingbot/2.0; +http://www.bing.com/bingbot.htm) Chrome/103.0.5060.134 Safari/537.36" 
43.142.249.119 - - [18/Oct/2022:08:53:47 -0700] "GET / HTTP/1.1" 200 13149 "-" "Mozilla/5.0 (Linux; Android 6.0; Nexus 5 Build/MRA58N) AppleWebKit/537.36 (KHTML, like Gecko) Chrome/81.0.4044.138 Mobile Safari/537.36" 
124.223.196.50 - - [18/Oct/2022:08:53:58 -0700] "GET / HTTP/1.1" 200 13149 "-" "Mozilla/5.0 (Linux; Android 6.0; Nexus 5 Build/MRA58N) AppleWebKit/537.36 (KHTML, like Gecko) Chrome/81.0.4044.138 Mobile Safari/537.36" 
43.142.249.119 - - [18/Oct/2022:09:01:14 -0700] "GET / HTTP/1.1" 200 13150 "-" "Mozilla/5.0 (Linux; Android 6.0; Nexus 5 Build/MRA58N) AppleWebKit/537.36 (KHTML, like Gecko) Chrome/81.0.4044.138 Mobile Safari/537.36" 
124.223.196.50 - - [18/Oct/2022:09:01:19 -0700] "GET / HTTP/1.1" 200 13150 "-" "Mozilla/5.0 (Linux; Android 6.0; Nexus 5 Build/MRA58N) AppleWebKit/537.36 (KHTML, like Gecko) Chrome/81.0.4044.138 Mobile Safari/537.36" 
114.119.140.174 - - [18/Oct/2022:09:08:46 -0700] "GET /self.logs/2015/access.log.2015-05-22.gz HTTP/1.1" 200 4791 "-" "Mozilla/5.0 (compatible;PetalBot;+https://webmaster.petalsearch.com/site/petalbot)" 
45.18.35.235 - - [18/Oct/2022:09:20:21 -0700] "GET /bootstrap/img/favicon.ico HTTP/1.1" 200 713 "-" "Mozilla/5.0 (Windows NT 10.0; Win64; x64; rv:105.0) Gecko/20100101 Firefox/105.0" 
157.55.39.38 - - [18/Oct/2022:09:21:56 -0700] "GET /self.logs/ HTTP/1.1" 200 39100 "-" "Mozilla/5.0 AppleWebKit/537.36 (KHTML, like Gecko; compatible; bingbot/2.0; +http://www.bing.com/bingbot.htm) Chrome/103.0.5060.134 Safari/537.36" 
134.122.137.48 - - [18/Oct/2022:09:23:04 -0700] "GET / HTTP/1.1" 200 13187 "http://www.SecRepo.com" "Mozilla/5.0 (Windows NT 10.0; Win64; x64) AppleWebKit/537.36 (KHTML, like Gecko) Chrome/87.0.4280.67 Safari/537.36 Edg/87.0.664.52" 
45.18.35.235 - - [18/Oct/2022:09:24:19 -0700] "HEAD / HTTP/1.1" 200 425 "-" "Mozilla/5.0 (Windows NT 10.0; Win64; x64; rv:105.0) Gecko/20100101 Firefox/105.0" 
157.55.39.55 - - [18/Oct/2022:09:32:01 -0700] "GET /Datasets%20Description/PE_malware/Zeus.html HTTP/1.1" 200 1698 "-" "Mozilla/5.0 (compatible; bingbot/2.0; +http://www.bing.com/bingbot.htm)" 
179.186.47.203 - - [18/Oct/2022:09:39:19 -0700] "GET / HTTP/1.1" 200 13187 "https://www.reddit.com/" "Mozilla/5.0 (X11; Linux x86_64) AppleWebKit/537.36 (KHTML, like Gecko) Chrome/106.0.0.0 Safari/537.36" 
179.186.47.203 - - [18/Oct/2022:09:39:19 -0700] "GET /css/style.css HTTP/1.1" 404 305 "http://www.secrepo.com/" "Mozilla/5.0 (X11; Linux x86_64) AppleWebKit/537.36 (KHTML, like Gecko) Chrome/106.0.0.0 Safari/537.36" 
179.186.47.203 - - [18/Oct/2022:09:39:19 -0700] "GET /twitter-icon.png HTTP/1.1" 200 27916 "http://www.secrepo.com/" "Mozilla/5.0 (X11; Linux x86_64) AppleWebKit/537.36 (KHTML, like Gecko) Chrome/106.0.0.0 Safari/537.36" 
179.186.47.203 - - [18/Oct/2022:09:39:19 -0700] "GET /GitHub-Mark.png HTTP/1.1" 200 7533 "http://www.secrepo.com/" "Mozilla/5.0 (X11; Linux x86_64) AppleWebKit/537.36 (KHTML, like Gecko) Chrome/106.0.0.0 Safari/537.36" 
179.186.47.203 - - [18/Oct/2022:09:39:20 -0700] "GET /bootstrap/img/favicon.ico HTTP/1.1" 200 690 "http://www.secrepo.com/" "Mozilla/5.0 (X11; Linux x86_64) AppleWebKit/537.36 (KHTML, like Gecko) Chrome/106.0.0.0 Safari/537.36" 
114.119.149.237 - - [18/Oct/2022:09:40:30 -0700] "GET /self.logs/access.log.2017-11-17.gz HTTP/1.1" 200 19727 "-" "Mozilla/5.0 (compatible;PetalBot;+https://webmaster.petalsearch.com/site/petalbot)" 
44.234.89.20 - - [18/Oct/2022:09:40:50 -0700] "GET / HTTP/1.1" 301 475 "-" "Mozilla/4.0 (compatible; MSIE 6.0; Windows NT 5.1; FSL 7.0.6.01001)" 
44.234.89.20 - - [18/Oct/2022:09:40:50 -0700] "GET / HTTP/1.1" 200 13187 "-" "Mozilla/4.0 (compatible; MSIE 6.0; Windows NT 5.1; FSL 7.0.6.01001)" 
195.191.219.131 - - [18/Oct/2022:09:44:00 -0700] "GET /robots.txt HTTP/1.1" 200 377 "-" "Mozilla/5.0 (compatible; MJ12bot/v1.4.8; http://mj12bot.com/)" 
195.191.219.131 - - [18/Oct/2022:09:44:02 -0700] "GET / HTTP/1.1" 200 13109 "-" "Mozilla/5.0 (compatible; MJ12bot/v1.4.8; http://mj12bot.com/)" 
114.119.140.174 - - [18/Oct/2022:09:46:15 -0700] "GET /self.logs/error.log.2019-01-02.gz HTTP/1.1" 200 5239 "-" "Mozilla/5.0 (compatible;PetalBot;+https://webmaster.petalsearch.com/site/petalbot)" 
157.55.39.38 - - [18/Oct/2022:09:48:59 -0700] "GET /self.logs/ HTTP/1.1" 200 39100 "-" "Mozilla/5.0 (compatible; bingbot/2.0; +http://www.bing.com/bingbot.htm)" 
107.151.3.34 - - [18/Oct/2022:09:49:40 -0700] "GET / HTTP/1.1" 301 475 "http://secrepo.com" "Mozilla/5.0 (Windows NT 10.0; Win64; x64) AppleWebKit/537.36 (KHTML, like Gecko) Chrome/87.0.4280.67 Safari/537.36 Edg/87.0.664.52" 
107.151.3.34 - - [18/Oct/2022:09:49:40 -0700] "GET / HTTP/1.1" 200 13187 "http://secrepo.com" "Mozilla/5.0 (Windows NT 10.0; Win64; x64) AppleWebKit/537.36 (KHTML, like Gecko) Chrome/87.0.4280.67 Safari/537.36 Edg/87.0.664.52" 
37.139.128.61 - - [18/Oct/2022:09:52:44 -0700] "GET /.env HTTP/1.1" 301 483 "-" "Mozilla/5.0 (X11; Linux x86_64) AppleWebKit/537.36 (KHTML, like Gecko) Chrome/81.0.4044.129 Safari/537.36" 
37.139.128.61 - - [18/Oct/2022:09:52:44 -0700] "POST / HTTP/1.1" 301 475 "-" "Mozilla/5.0 (X11; Linux x86_64) AppleWebKit/537.36 (KHTML, like Gecko) Chrome/81.0.4044.129 Safari/537.36" 
54.226.127.186 - - [18/Oct/2022:09:54:11 -0700] "GET / HTTP/1.1" 200 13143 "-" "Mozilla/5.0 (compatible; startmebot/1.0; +https://start.me/bot)" 
213.144.5.150 - - [18/Oct/2022:09:59:05 -0700] "HEAD / HTTP/1.1" 200 396 "-" "Java/15-ea" 
114.119.149.218 - - [18/Oct/2022:10:05:43 -0700] "GET /self.logs/access.log.2018-12-03.gz HTTP/1.1" 200 22574 "-" "Mozilla/5.0 (compatible;PetalBot;+https://webmaster.petalsearch.com/site/petalbot)" 
134.122.137.48 - - [18/Oct/2022:10:11:25 -0700] "GET /data/admin/allowurl.txt HTTP/1.1" 404 328 "-" "Mozilla/5.0 (Windows NT 10.0; WOW64; rv:48.0) Gecko/20100101 Firefox/48.0" 
157.55.39.38 - - [18/Oct/2022:10:17:32 -0700] "GET /self.logs/ HTTP/1.1" 200 39100 "-" "Mozilla/5.0 (compatible; bingbot/2.0; +http://www.bing.com/bingbot.htm)" 
49.43.43.174 - - [18/Oct/2022:10:19:27 -0700] "GET / HTTP/1.1" 200 13187 "-" "Mozilla/5.0 (Windows NT 10.0; Win64; x64) AppleWebKit/537.36 (KHTML, like Gecko) Chrome/105.0.0.0 Safari/537.36" 
49.43.43.174 - - [18/Oct/2022:10:19:27 -0700] "GET /css/style.css HTTP/1.1" 404 305 "http://www.secrepo.com/" "Mozilla/5.0 (Windows NT 10.0; Win64; x64) AppleWebKit/537.36 (KHTML, like Gecko) Chrome/105.0.0.0 Safari/537.36" 
49.43.43.174 - - [18/Oct/2022:10:19:27 -0700] "GET /twitter-icon.png HTTP/1.1" 200 27916 "http://www.secrepo.com/" "Mozilla/5.0 (Windows NT 10.0; Win64; x64) AppleWebKit/537.36 (KHTML, like Gecko) Chrome/105.0.0.0 Safari/537.36" 
49.43.43.174 - - [18/Oct/2022:10:19:28 -0700] "GET /GitHub-Mark.png HTTP/1.1" 200 7533 "http://www.secrepo.com/" "Mozilla/5.0 (Windows NT 10.0; Win64; x64) AppleWebKit/537.36 (KHTML, like Gecko) Chrome/105.0.0.0 Safari/537.36" 
49.43.43.174 - - [18/Oct/2022:10:19:29 -0700] "GET /bootstrap/img/favicon.ico HTTP/1.1" 200 690 "http://www.secrepo.com/" "Mozilla/5.0 (Windows NT 10.0; Win64; x64) AppleWebKit/537.36 (KHTML, like Gecko) Chrome/105.0.0.0 Safari/537.36" 
60.13.139.74 - - [18/Oct/2022:10:26:54 -0700] "GET /favicon.ico HTTP/1.1" 304 261 "-" "Mozilla/5.0 (Windows NT 10.0; Win64; x64) AppleWebKit/537.36 (KHTML, like Gecko) Chrome/95.0.4638.69 Safari/537.36" 
114.119.149.222 - - [18/Oct/2022:10:30:55 -0700] "GET /self.logs/access.log.2020-08-08.gz HTTP/1.1" 200 14967 "-" "Mozilla/5.0 (compatible;PetalBot;+https://webmaster.petalsearch.com/site/petalbot)" 
27.106.65.181 - - [18/Oct/2022:10:33:15 -0700] "GET /favicon.ico HTTP/1.1" 304 261 "http://www.secrepo.com/honeypot/Honeypot%20-%20Howto.pdf" "Mozilla/5.0 (Windows NT 10.0; Win64; x64) AppleWebKit/537.36 (KHTML, like Gecko) Chrome/106.0.0.0 Safari/537.36" 
35.90.223.246 - - [18/Oct/2022:10:35:08 -0700] "GET / HTTP/1.1" 301 419 "-" "Mozilla/5.0 (X11; Linux x86_64) AppleWebKit/537.36 (KHTML, like Gecko) Chrome/83.0.4103.97 Safari/537.36" 
35.90.223.246 - - [18/Oct/2022:10:35:09 -0700] "GET / HTTP/1.1" 200 13143 "-" "Mozilla/5.0 (X11; Linux x86_64) AppleWebKit/537.36 (KHTML, like Gecko) Chrome/83.0.4103.97 Safari/537.36" 
35.88.243.121 - - [18/Oct/2022:10:35:26 -0700] "GET /favicon.ico HTTP/1.1" 301 441 "-" "Mozilla/5.0 (X11; Linux x86_64) AppleWebKit/537.36 (KHTML, like Gecko) Chrome/83.0.4103.97 Safari/537.36" 
35.88.243.121 - - [18/Oct/2022:10:35:28 -0700] "GET /favicon.ico HTTP/1.1" 200 347 "http://secrepo.com/favicon.ico" "Mozilla/5.0 (X11; Linux x86_64) AppleWebKit/537.36 (KHTML, like Gecko) Chrome/83.0.4103.97 Safari/537.36" 
118.107.11.18 - - [18/Oct/2022:10:41:46 -0700] "GET /Public/webuploader/0.1.5/server/preview.php HTTP/1.1" 404 328 "-" "Mozilla/5.0 (Windows NT 10.0; WOW64; rv:48.0) Gecko/20100101 Firefox/48.0" 
157.55.39.38 - - [18/Oct/2022:10:48:15 -0700] "GET /self.logs/ HTTP/1.1" 200 39100 "-" "Mozilla/5.0 AppleWebKit/537.36 (KHTML, like Gecko; compatible; bingbot/2.0; +http://www.bing.com/bingbot.htm) Chrome/103.0.5060.134 Safari/537.36" 
66.249.64.222 - - [18/Oct/2022:11:10:56 -0700] "GET / HTTP/1.1" 301 475 "-" "Mozilla/5.0 (compatible; Googlebot/2.1; +http://www.google.com/bot.html)" 
66.249.70.179 - - [18/Oct/2022:11:10:57 -0700] "GET / HTTP/1.1" 200 13187 "-" "Mozilla/5.0 (compatible; Googlebot/2.1; +http://www.google.com/bot.html)" 
66.249.70.179 - - [18/Oct/2022:11:10:58 -0700] "GET /css/style.css HTTP/1.1" 404 328 "http://www.secrepo.com/" "Mozilla/5.0 AppleWebKit/537.36 (KHTML, like Gecko; compatible; Googlebot/2.1; +http://www.google.com/bot.html) Chrome/106.0.5249.103 Safari/537.36" 
66.249.70.177 - - [18/Oct/2022:11:11:08 -0700] "GET /bootstrap/img/favicon.ico HTTP/1.1" 200 713 "-" "Googlebot-Image/1.0" 
66.249.70.175 - - [18/Oct/2022:11:11:08 -0700] "GET /favicon.ico HTTP/1.1" 200 391 "-" "Googlebot-Image/1.0" 
66.249.64.220 - - [18/Oct/2022:11:11:13 -0700] "GET / HTTP/1.1" 301 475 "-" "Mozilla/5.0 (compatible; Googlebot/2.1; +http://www.google.com/bot.html)" 
66.249.64.222 - - [18/Oct/2022:11:11:13 -0700] "GET / HTTP/1.1" 301 475 "-" "Mozilla/5.0 (Linux; Android 6.0.1; Nexus 5X Build/MMB29P) AppleWebKit/537.36 (KHTML, like Gecko) Chrome/99.0.4844.84 Mobile Safari/537.36 (compatible; Googlebot/2.1; +http://www.google.com/bot.html)" 
66.249.70.177 - - [18/Oct/2022:11:11:13 -0700] "GET / HTTP/1.1" 200 13187 "-" "Mozilla/5.0 (compatible; Googlebot/2.1; +http://www.google.com/bot.html)" 
66.249.70.175 - - [18/Oct/2022:11:11:14 -0700] "GET / HTTP/1.1" 200 13187 "-" "Mozilla/5.0 (Linux; Android 6.0.1; Nexus 5X Build/MMB29P) AppleWebKit/537.36 (KHTML, like Gecko) Chrome/99.0.4844.84 Mobile Safari/537.36 (compatible; Googlebot/2.1; +http://www.google.com/bot.html)" 
66.249.70.177 - - [18/Oct/2022:11:11:16 -0700] "GET /bootstrap/img/favicon.ico HTTP/1.1" 200 690 "-" "Googlebot-Image/1.0" 
66.249.70.175 - - [18/Oct/2022:11:11:19 -0700] "GET /bootstrap/img/favicon.ico HTTP/1.1" 200 713 "-" "Googlebot-Image/1.0" 
114.119.140.174 - - [18/Oct/2022:11:14:22 -0700] "GET /self.logs/error.log.2020-02-08.gz HTTP/1.1" 200 870 "-" "Mozilla/5.0 (compatible;PetalBot;+https://webmaster.petalsearch.com/site/petalbot)" 
157.55.39.38 - - [18/Oct/2022:11:15:08 -0700] "GET /self.logs/ HTTP/1.1" 200 39100 "-" "Mozilla/5.0 (compatible; bingbot/2.0; +http://www.bing.com/bingbot.htm)" 
114.119.149.23 - - [18/Oct/2022:11:20:18 -0700] "GET /self.logs/error.log.2017-09-28.gz HTTP/1.1" 200 2288 "-" "Mozilla/5.0 (compatible;PetalBot;+https://webmaster.petalsearch.com/site/petalbot)" 
114.119.145.137 - - [18/Oct/2022:11:28:07 -0700] "GET /self.logs/error.log.2019-01-12.gz HTTP/1.1" 200 4110 "-" "Mozilla/5.0 (compatible;PetalBot;+https://webmaster.petalsearch.com/site/petalbot)" 
51.222.253.16 - - [18/Oct/2022:11:28:40 -0700] "GET /robots.txt HTTP/1.1" 200 333 "-" "Mozilla/5.0 (compatible; AhrefsBot/7.0; +http://ahrefs.com/robot/)" 
49.7.20.69 - - [18/Oct/2022:11:29:17 -0700] "GET / HTTP/1.1" 200 13150 "-" "Sogou web spider/4.0(+http://www.sogou.com/docs/help/webmasters.htm#07)" 
157.55.39.38 - - [18/Oct/2022:11:43:31 -0700] "GET /self.logs/ HTTP/1.1" 200 39100 "-" "Mozilla/5.0 (compatible; bingbot/2.0; +http://www.bing.com/bingbot.htm)" 
114.119.149.218 - - [18/Oct/2022:11:45:36 -0700] "GET /self.logs/access.log.2017-01-19.gz HTTP/1.1" 200 18386 "-" "Mozilla/5.0 (compatible;PetalBot;+https://webmaster.petalsearch.com/site/petalbot)" 
118.184.179.73 - - [18/Oct/2022:11:50:02 -0700] "GET / HTTP/1.1" 200 13187 "-" "Mozilla/5.0 (Windows NT 10.0; Win64; x64) AppleWebKit/537.36 (KHTML, like Gecko) Chrome/96.0.4664.45 Safari/537.36" 
118.184.179.73 - - [18/Oct/2022:11:51:04 -0700] "GET / HTTP/1.1" 200 13187 "-" "Mozilla/5.0 (Windows NT 10.0; Win64; x64) AppleWebKit/537.36 (KHTML, like Gecko) Chrome/96.0.4664.45 Safari/537.36" 
66.249.70.175 - - [18/Oct/2022:11:51:34 -0700] "GET /ads.txt HTTP/1.1" 404 328 "-" "Mozilla/5.0 (compatible; Googlebot/2.1; +http://www.google.com/bot.html)" 
66.249.64.220 - - [18/Oct/2022:11:51:35 -0700] "GET /ads.txt HTTP/1.1" 301 489 "-" "Mozilla/5.0 (compatible; Googlebot/2.1; +http://www.google.com/bot.html)" 
50.220.158.114 - - [18/Oct/2022:11:52:27 -0700] "GET / HTTP/1.1" 200 13187 "-" "Mozilla/5.0 (Windows NT 10.0; Win64; x64) AppleWebKit/537.36 (KHTML, like Gecko) Chrome/106.0.0.0 Safari/537.36" 
50.220.158.114 - - [18/Oct/2022:11:52:27 -0700] "GET /css/style.css HTTP/1.1" 404 305 "http://www.secrepo.com/" "Mozilla/5.0 (Windows NT 10.0; Win64; x64) AppleWebKit/537.36 (KHTML, like Gecko) Chrome/106.0.0.0 Safari/537.36" 
50.220.158.114 - - [18/Oct/2022:11:52:27 -0700] "GET /twitter-icon.png HTTP/1.1" 200 27916 "http://www.secrepo.com/" "Mozilla/5.0 (Windows NT 10.0; Win64; x64) AppleWebKit/537.36 (KHTML, like Gecko) Chrome/106.0.0.0 Safari/537.36" 
50.220.158.114 - - [18/Oct/2022:11:52:27 -0700] "GET /GitHub-Mark.png HTTP/1.1" 200 7556 "http://www.secrepo.com/" "Mozilla/5.0 (Windows NT 10.0; Win64; x64) AppleWebKit/537.36 (KHTML, like Gecko) Chrome/106.0.0.0 Safari/537.36" 
50.220.158.114 - - [18/Oct/2022:11:52:27 -0700] "GET /bootstrap/img/favicon.ico HTTP/1.1" 200 690 "http://www.secrepo.com/" "Mozilla/5.0 (Windows NT 10.0; Win64; x64) AppleWebKit/537.36 (KHTML, like Gecko) Chrome/106.0.0.0 Safari/537.36" 
205.175.118.168 - - [18/Oct/2022:11:58:44 -0700] "GET / HTTP/1.1" 200 13187 "-" "Mozilla/5.0 (Windows NT 10.0; Win64; x64; rv:105.0) Gecko/20100101 Firefox/105.0" 
205.175.118.168 - - [18/Oct/2022:11:58:44 -0700] "GET /css/style.css HTTP/1.1" 404 328 "http://www.secrepo.com/" "Mozilla/5.0 (Windows NT 10.0; Win64; x64; rv:105.0) Gecko/20100101 Firefox/105.0" 
205.175.118.168 - - [18/Oct/2022:11:58:45 -0700] "GET /GitHub-Mark.png HTTP/1.1" 200 7556 "http://www.secrepo.com/" "Mozilla/5.0 (Windows NT 10.0; Win64; x64; rv:105.0) Gecko/20100101 Firefox/105.0" 
205.175.118.168 - - [18/Oct/2022:11:58:45 -0700] "GET /twitter-icon.png HTTP/1.1" 200 27893 "http://www.secrepo.com/" "Mozilla/5.0 (Windows NT 10.0; Win64; x64; rv:105.0) Gecko/20100101 Firefox/105.0" 
205.175.118.168 - - [18/Oct/2022:11:58:45 -0700] "GET /css/style.css HTTP/1.1" 404 305 "http://www.secrepo.com/" "Mozilla/5.0 (Windows NT 10.0; Win64; x64; rv:105.0) Gecko/20100101 Firefox/105.0" 
205.175.118.168 - - [18/Oct/2022:11:58:45 -0700] "GET /bootstrap/img/favicon.ico HTTP/1.1" 200 690 "http://www.secrepo.com/" "Mozilla/5.0 (Windows NT 10.0; Win64; x64; rv:105.0) Gecko/20100101 Firefox/105.0" 
114.119.149.228 - - [18/Oct/2022:12:00:46 -0700] "GET /self.logs/error.log.2018-08-21.gz HTTP/1.1" 200 5472 "-" "Mozilla/5.0 (compatible;PetalBot;+https://webmaster.petalsearch.com/site/petalbot)" 
49.7.20.69 - - [18/Oct/2022:12:02:54 -0700] "GET / HTTP/1.1" 200 13150 "-" "Sogou web spider/4.0(+http://www.sogou.com/docs/help/webmasters.htm#07)" 
157.55.39.38 - - [18/Oct/2022:12:09:53 -0700] "GET /self.logs/ HTTP/1.1" 200 39100 "-" "Mozilla/5.0 (compatible; bingbot/2.0; +http://www.bing.com/bingbot.htm)" 
44.234.89.20 - - [18/Oct/2022:12:10:33 -0700] "GET / HTTP/1.1" 301 475 "-" "Mozilla/4.0 (compatible; MSIE 6.0; Windows NT 5.1; FSL 7.0.6.01001)" 
44.234.89.20 - - [18/Oct/2022:12:10:33 -0700] "GET / HTTP/1.1" 200 13187 "-" "Mozilla/4.0 (compatible; MSIE 6.0; Windows NT 5.1; FSL 7.0.6.01001)" 
114.119.149.228 - - [18/Oct/2022:12:12:52 -0700] "GET /self.logs/error.log.2017-04-28.gz HTTP/1.1" 200 959 "-" "Mozilla/5.0 (compatible;PetalBot;+https://webmaster.petalsearch.com/site/petalbot)" 
151.245.82.213 - - [18/Oct/2022:12:17:54 -0700] "GET / HTTP/1.1" 200 13187 "-" "Mozilla/5.0 (Windows NT 10.0; Win64; x64) AppleWebKit/537.36 (KHTML, like Gecko) Chrome/106.0.0.0 Safari/537.36" 
151.245.82.213 - - [18/Oct/2022:12:17:55 -0700] "GET /css/style.css HTTP/1.1" 404 305 "http://www.secrepo.com/" "Mozilla/5.0 (Windows NT 10.0; Win64; x64) AppleWebKit/537.36 (KHTML, like Gecko) Chrome/106.0.0.0 Safari/537.36" 
151.245.82.213 - - [18/Oct/2022:12:17:55 -0700] "GET /twitter-icon.png HTTP/1.1" 200 27916 "http://www.secrepo.com/" "Mozilla/5.0 (Windows NT 10.0; Win64; x64) AppleWebKit/537.36 (KHTML, like Gecko) Chrome/106.0.0.0 Safari/537.36" 
151.245.82.213 - - [18/Oct/2022:12:17:55 -0700] "GET /GitHub-Mark.png HTTP/1.1" 200 7556 "http://www.secrepo.com/" "Mozilla/5.0 (Windows NT 10.0; Win64; x64) AppleWebKit/537.36 (KHTML, like Gecko) Chrome/106.0.0.0 Safari/537.36" 
151.245.82.213 - - [18/Oct/2022:12:19:29 -0700] "GET /bootstrap/img/favicon.ico HTTP/1.1" 200 713 "http://www.secrepo.com/" "Mozilla/5.0 (Windows NT 10.0; Win64; x64) AppleWebKit/537.36 (KHTML, like Gecko) Chrome/106.0.0.0 Safari/537.36" 
114.119.149.222 - - [18/Oct/2022:12:24:28 -0700] "GET /self.logs/access.log.2020-11-09.gz HTTP/1.1" 200 20910 "-" "Mozilla/5.0 (compatible;PetalBot;+https://webmaster.petalsearch.com/site/petalbot)" 
185.180.220.78 - - [18/Oct/2022:12:25:32 -0700] "GET / HTTP/1.1" 301 475 "-" "Mozilla/5.0 (Windows NT 10.0; Win64; x64) AppleWebKit/537.36 (KHTML, like Gecko) Chrome/105.0.0.0 Safari/537.36" 
185.180.220.78 - - [18/Oct/2022:12:25:34 -0700] "GET / HTTP/1.1" 200 13187 "-" "Mozilla/5.0 (Windows NT 10.0; Win64; x64) AppleWebKit/537.36 (KHTML, like Gecko) Chrome/105.0.0.0 Safari/537.36" 
185.180.220.78 - - [18/Oct/2022:12:25:34 -0700] "GET /css/style.css HTTP/1.1" 404 305 "-" "Mozilla/5.0 (Windows NT 10.0; Win64; x64) AppleWebKit/537.36 (KHTML, like Gecko) Chrome/105.0.0.0 Safari/537.36" 
185.180.220.78 - - [18/Oct/2022:12:25:34 -0700] "GET /twitter-icon.png HTTP/1.1" 200 27893 "-" "Mozilla/5.0 (Windows NT 10.0; Win64; x64) AppleWebKit/537.36 (KHTML, like Gecko) Chrome/105.0.0.0 Safari/537.36" 
185.180.220.78 - - [18/Oct/2022:12:25:35 -0700] "GET /GitHub-Mark.png HTTP/1.1" 200 7533 "-" "Mozilla/5.0 (Windows NT 10.0; Win64; x64) AppleWebKit/537.36 (KHTML, like Gecko) Chrome/105.0.0.0 Safari/537.36" 
