3.0.239.211 - - [01/Jun/2023:15:05:42 -0700] "GET /self.logs/2016/access.log.2016-12-20.gz HTTP/1.1" 200 21520 "-" "Mozilla/5.0 (Linux; Android 5.0) AppleWebKit/537.36 (KHTML, like Gecko) Mobile Safari/537.36 (compatible; Bytespider; https://zhanzhang.toutiao.com/)" 
216.244.66.245 - - [01/Jun/2023:15:04:38 -0700] "GET /self.logs/access.log.2019-11-27.gz HTTP/1.1" 200 55480 "-" "Mozilla/5.0 (compatible; DotBot/1.2; +https://opensiteexplorer.org/dotbot; help@moz.com)" 
216.244.66.245 - - [01/Jun/2023:15:06:00 -0700] "GET /self.logs/error.log.2017-03-25.gz HTTP/1.1" 200 1002 "-" "Mozilla/5.0 (compatible; DotBot/1.2; +https://opensiteexplorer.org/dotbot; help@moz.com)" 
216.244.66.245 - - [01/Jun/2023:15:06:28 -0700] "GET /self.logs/error.log.2017-04-29.gz HTTP/1.1" 200 1027 "-" "Mozilla/5.0 (compatible; DotBot/1.2; +https://opensiteexplorer.org/dotbot; help@moz.com)" 
216.244.66.245 - - [01/Jun/2023:15:06:56 -0700] "GET /self.logs/error.log.2017-09-28.gz HTTP/1.1" 200 2244 "-" "Mozilla/5.0 (compatible; DotBot/1.2; +https://opensiteexplorer.org/dotbot; help@moz.com)" 
216.244.66.245 - - [01/Jun/2023:15:07:22 -0700] "GET /self.logs/error.log.2018-05-06.gz HTTP/1.1" 200 5159 "-" "Mozilla/5.0 (compatible; DotBot/1.2; +https://opensiteexplorer.org/dotbot; help@moz.com)" 
216.244.66.245 - - [01/Jun/2023:15:07:48 -0700] "GET /self.logs/error.log.2018-05-17.gz HTTP/1.1" 200 5286 "-" "Mozilla/5.0 (compatible; DotBot/1.2; +https://opensiteexplorer.org/dotbot; help@moz.com)" 
216.244.66.245 - - [01/Jun/2023:15:08:14 -0700] "GET /self.logs/error.log.2018-12-15.gz HTTP/1.1" 200 16192 "-" "Mozilla/5.0 (compatible; DotBot/1.2; +https://opensiteexplorer.org/dotbot; help@moz.com)" 
52.76.197.237 - - [01/Jun/2023:15:08:34 -0700] "GET /self.logs/access.log.2022-02-14.gz HTTP/1.1" 200 11624 "-" "Mozilla/5.0 (Linux; Android 5.0) AppleWebKit/537.36 (KHTML, like Gecko) Mobile Safari/537.36 (compatible; Bytespider; https://zhanzhang.toutiao.com/)" 
216.244.66.245 - - [01/Jun/2023:15:08:39 -0700] "GET /self.logs/error.log.2021-01-22 HTTP/1.1" 200 1641 "-" "Mozilla/5.0 (compatible; DotBot/1.2; +https://opensiteexplorer.org/dotbot; help@moz.com)" 
216.244.66.245 - - [01/Jun/2023:15:09:03 -0700] "GET /self.logs/error.log.2021-08-09.gz HTTP/1.1" 200 1283 "-" "Mozilla/5.0 (compatible; DotBot/1.2; +https://opensiteexplorer.org/dotbot; help@moz.com)" 
216.244.66.245 - - [01/Jun/2023:15:09:25 -0700] "GET /self.logs/error.log.2021-12-13.gz HTTP/1.1" 200 1038 "-" "Mozilla/5.0 (compatible; DotBot/1.2; +https://opensiteexplorer.org/dotbot; help@moz.com)" 
216.244.66.245 - - [01/Jun/2023:15:09:46 -0700] "GET /self.logs/error.log.2022-01-21.gz HTTP/1.1" 200 2992 "-" "Mozilla/5.0 (compatible; DotBot/1.2; +https://opensiteexplorer.org/dotbot; help@moz.com)" 
216.244.66.245 - - [01/Jun/2023:15:10:11 -0700] "GET /self.logs/error.log.2022-05-07.gz HTTP/1.1" 200 2165 "-" "Mozilla/5.0 (compatible; DotBot/1.2; +https://opensiteexplorer.org/dotbot; help@moz.com)" 
216.244.66.245 - - [01/Jun/2023:15:10:29 -0700] "GET /self.logs/error.log.2022-05-27.gz HTTP/1.1" 200 2834 "-" "Mozilla/5.0 (compatible; DotBot/1.2; +https://opensiteexplorer.org/dotbot; help@moz.com)" 
216.244.66.245 - - [01/Jun/2023:15:10:47 -0700] "GET /self.logs/error.log.2022-05-29.gz HTTP/1.1" 200 4405 "-" "Mozilla/5.0 (compatible; DotBot/1.2; +https://opensiteexplorer.org/dotbot; help@moz.com)" 
216.244.66.245 - - [01/Jun/2023:15:11:03 -0700] "GET /self.logs/error.log.2017-01-08.gz HTTP/1.1" 200 1126 "-" "Mozilla/5.0 (compatible; DotBot/1.2; +https://opensiteexplorer.org/dotbot; help@moz.com)" 
52.220.39.52 - - [01/Jun/2023:15:11:04 -0700] "GET /self.logs/access.log.2022-06-19.gz HTTP/1.1" 200 11124 "-" "Mozilla/5.0 (Linux; Android 5.0) AppleWebKit/537.36 (KHTML, like Gecko) Mobile Safari/537.36 (compatible; Bytespider; https://zhanzhang.toutiao.com/)" 
216.244.66.245 - - [01/Jun/2023:15:11:21 -0700] "GET /self.logs/error.log.2017-05-12.gz HTTP/1.1" 200 917 "-" "Mozilla/5.0 (compatible; DotBot/1.2; +https://opensiteexplorer.org/dotbot; help@moz.com)" 
216.244.66.245 - - [01/Jun/2023:15:11:37 -0700] "GET /self.logs/error.log.2020-04-21 HTTP/1.1" 200 307 "-" "Mozilla/5.0 (compatible; DotBot/1.2; +https://opensiteexplorer.org/dotbot; help@moz.com)" 
216.244.66.245 - - [01/Jun/2023:15:11:51 -0700] "GET /self.logs/error.log.2020-05-01 HTTP/1.1" 200 307 "-" "Mozilla/5.0 (compatible; DotBot/1.2; +https://opensiteexplorer.org/dotbot; help@moz.com)" 
216.244.66.245 - - [01/Jun/2023:15:12:05 -0700] "GET /self.logs/error.log.2022-09-04.gz HTTP/1.1" 200 9860 "-" "Mozilla/5.0 (compatible; DotBot/1.2; +https://opensiteexplorer.org/dotbot; help@moz.com)" 
216.244.66.245 - - [01/Jun/2023:15:12:18 -0700] "GET /self.logs/error.log.2022-10-09.gz HTTP/1.1" 200 883 "-" "Mozilla/5.0 (compatible; DotBot/1.2; +https://opensiteexplorer.org/dotbot; help@moz.com)" 
216.244.66.245 - - [01/Jun/2023:15:12:31 -0700] "GET /self.logs/error.log.2022-10-11.gz HTTP/1.1" 200 1855 "-" "Mozilla/5.0 (compatible; DotBot/1.2; +https://opensiteexplorer.org/dotbot; help@moz.com)" 
216.244.66.245 - - [01/Jun/2023:15:12:42 -0700] "GET /self.logs/error.log.2023-02-01.gz HTTP/1.1" 200 5240 "-" "Mozilla/5.0 (compatible; DotBot/1.2; +https://opensiteexplorer.org/dotbot; help@moz.com)" 
104.128.188.195 - - [01/Jun/2023:15:13:32 -0700] "GET /.git/config HTTP/1.1" 404 328 "-" "python-requests/2.28.1" 
104.128.188.195 - - [01/Jun/2023:15:13:33 -0700] "GET /rest/.env HTTP/1.1" 404 328 "-" "Mozilla/5.0 (Macintosh; Intel Mac OS X 10.15; rv:77.0) Gecko/20100101 Firefox/77.0" 
104.128.188.195 - - [01/Jun/2023:15:13:33 -0700] "POST /rest/.env HTTP/1.1" 404 328 "-" "Mozilla/5.0 (Macintosh; Intel Mac OS X 10.15; rv:77.0) Gecko/20100101 Firefox/77.0" 
104.128.188.195 - - [01/Jun/2023:15:13:36 -0700] "GET /shared/.env HTTP/1.1" 404 328 "-" "Mozilla/5.0 (Macintosh; Intel Mac OS X 10.15; rv:77.0) Gecko/20100101 Firefox/77.0" 
104.128.188.195 - - [01/Jun/2023:15:13:36 -0700] "POST /shared/.env HTTP/1.1" 404 328 "-" "Mozilla/5.0 (Macintosh; Intel Mac OS X 10.15; rv:77.0) Gecko/20100101 Firefox/77.0" 
104.128.188.195 - - [01/Jun/2023:15:13:38 -0700] "GET /application/.env HTTP/1.1" 404 328 "-" "Mozilla/5.0 (Macintosh; Intel Mac OS X 10.15; rv:77.0) Gecko/20100101 Firefox/77.0" 
104.128.188.195 - - [01/Jun/2023:15:13:38 -0700] "POST /application/.env HTTP/1.1" 404 328 "-" "Mozilla/5.0 (Macintosh; Intel Mac OS X 10.15; rv:77.0) Gecko/20100101 Firefox/77.0" 
104.128.188.195 - - [01/Jun/2023:15:13:45 -0700] "GET /.env.development HTTP/1.1" 404 519 "-" "Mozilla/5.0 (Macintosh; Intel Mac OS X 10.15; rv:77.0) Gecko/20100101 Firefox/77.0" 
104.128.188.195 - - [01/Jun/2023:15:13:45 -0700] "POST /.env.development HTTP/1.1" 404 519 "-" "Mozilla/5.0 (Macintosh; Intel Mac OS X 10.15; rv:77.0) Gecko/20100101 Firefox/77.0" 
104.128.188.195 - - [01/Jun/2023:15:13:47 -0700] "GET /cms/.env HTTP/1.1" 404 328 "-" "Mozilla/5.0 (Macintosh; Intel Mac OS X 10.15; rv:77.0) Gecko/20100101 Firefox/77.0" 
104.128.188.195 - - [01/Jun/2023:15:13:47 -0700] "POST /cms/.env HTTP/1.1" 404 328 "-" "Mozilla/5.0 (Macintosh; Intel Mac OS X 10.15; rv:77.0) Gecko/20100101 Firefox/77.0" 
104.128.188.195 - - [01/Jun/2023:15:13:49 -0700] "GET /sources/.env HTTP/1.1" 404 328 "-" "Mozilla/5.0 (Macintosh; Intel Mac OS X 10.15; rv:77.0) Gecko/20100101 Firefox/77.0" 
104.128.188.195 - - [01/Jun/2023:15:13:49 -0700] "POST /sources/.env HTTP/1.1" 404 328 "-" "Mozilla/5.0 (Macintosh; Intel Mac OS X 10.15; rv:77.0) Gecko/20100101 Firefox/77.0" 
104.128.188.195 - - [01/Jun/2023:15:13:51 -0700] "GET /development/.env HTTP/1.1" 404 328 "-" "Mozilla/5.0 (Macintosh; Intel Mac OS X 10.15; rv:77.0) Gecko/20100101 Firefox/77.0" 
104.128.188.195 - - [01/Jun/2023:15:13:51 -0700] "POST /development/.env HTTP/1.1" 404 328 "-" "Mozilla/5.0 (Macintosh; Intel Mac OS X 10.15; rv:77.0) Gecko/20100101 Firefox/77.0" 
18.138.30.20 - - [01/Jun/2023:15:13:52 -0700] "GET /self.logs/access.log.2022-06-29.gz HTTP/1.1" 200 45156 "-" "Mozilla/5.0 (Linux; Android 5.0) AppleWebKit/537.36 (KHTML, like Gecko) Mobile Safari/537.36 (compatible; Bytespider; https://zhanzhang.toutiao.com/)" 
104.128.188.195 - - [01/Jun/2023:15:13:54 -0700] "GET /cp/.env HTTP/1.1" 404 328 "-" "Mozilla/5.0 (Macintosh; Intel Mac OS X 10.15; rv:77.0) Gecko/20100101 Firefox/77.0" 
104.128.188.195 - - [01/Jun/2023:15:13:54 -0700] "POST /cp/.env HTTP/1.1" 404 328 "-" "Mozilla/5.0 (Macintosh; Intel Mac OS X 10.15; rv:77.0) Gecko/20100101 Firefox/77.0" 
104.128.188.195 - - [01/Jun/2023:15:13:56 -0700] "GET /enviroments/.env HTTP/1.1" 404 328 "-" "Mozilla/5.0 (Macintosh; Intel Mac OS X 10.15; rv:77.0) Gecko/20100101 Firefox/77.0" 
104.128.188.195 - - [01/Jun/2023:15:13:56 -0700] "POST /enviroments/.env HTTP/1.1" 404 328 "-" "Mozilla/5.0 (Macintosh; Intel Mac OS X 10.15; rv:77.0) Gecko/20100101 Firefox/77.0" 
104.128.188.195 - - [01/Jun/2023:15:13:59 -0700] "GET /docker/.env HTTP/1.1" 404 328 "-" "Mozilla/5.0 (Macintosh; Intel Mac OS X 10.15; rv:77.0) Gecko/20100101 Firefox/77.0" 
104.128.188.195 - - [01/Jun/2023:15:13:59 -0700] "POST /docker/.env HTTP/1.1" 404 328 "-" "Mozilla/5.0 (Macintosh; Intel Mac OS X 10.15; rv:77.0) Gecko/20100101 Firefox/77.0" 
104.128.188.195 - - [01/Jun/2023:15:14:01 -0700] "GET /.env.dist HTTP/1.1" 404 519 "-" "Mozilla/5.0 (Macintosh; Intel Mac OS X 10.15; rv:77.0) Gecko/20100101 Firefox/77.0" 
104.128.188.195 - - [01/Jun/2023:15:14:01 -0700] "POST /.env.dist HTTP/1.1" 404 519 "-" "Mozilla/5.0 (Macintosh; Intel Mac OS X 10.15; rv:77.0) Gecko/20100101 Firefox/77.0" 
104.128.188.195 - - [01/Jun/2023:15:14:03 -0700] "GET /script/.env HTTP/1.1" 404 328 "-" "Mozilla/5.0 (Macintosh; Intel Mac OS X 10.15; rv:77.0) Gecko/20100101 Firefox/77.0" 
104.128.188.195 - - [01/Jun/2023:15:14:03 -0700] "POST /script/.env HTTP/1.1" 404 328 "-" "Mozilla/5.0 (Macintosh; Intel Mac OS X 10.15; rv:77.0) Gecko/20100101 Firefox/77.0" 
104.128.188.195 - - [01/Jun/2023:15:14:07 -0700] "GET /.env HTTP/1.1" 404 519 "-" "Mozilla/5.0 (Macintosh; Intel Mac OS X 10.15; rv:77.0) Gecko/20100101 Firefox/77.0" 
104.128.188.195 - - [01/Jun/2023:15:14:07 -0700] "POST /.env HTTP/1.1" 404 519 "-" "Mozilla/5.0 (Macintosh; Intel Mac OS X 10.15; rv:77.0) Gecko/20100101 Firefox/77.0" 
104.128.188.195 - - [01/Jun/2023:15:14:12 -0700] "GET /app/.env HTTP/1.1" 404 328 "-" "Mozilla/5.0 (Macintosh; Intel Mac OS X 10.15; rv:77.0) Gecko/20100101 Firefox/77.0" 
104.128.188.195 - - [01/Jun/2023:15:14:12 -0700] "POST /app/.env HTTP/1.1" 404 328 "-" "Mozilla/5.0 (Macintosh; Intel Mac OS X 10.15; rv:77.0) Gecko/20100101 Firefox/77.0" 
104.128.188.195 - - [01/Jun/2023:15:14:14 -0700] "GET /.env.prod HTTP/1.1" 404 519 "-" "Mozilla/5.0 (Macintosh; Intel Mac OS X 10.15; rv:77.0) Gecko/20100101 Firefox/77.0" 
104.128.188.195 - - [01/Jun/2023:15:14:14 -0700] "POST /.env.prod HTTP/1.1" 404 519 "-" "Mozilla/5.0 (Macintosh; Intel Mac OS X 10.15; rv:77.0) Gecko/20100101 Firefox/77.0" 
104.128.188.195 - - [01/Jun/2023:15:14:18 -0700] "GET /apps/.env HTTP/1.1" 404 328 "-" "Mozilla/5.0 (Macintosh; Intel Mac OS X 10.15; rv:77.0) Gecko/20100101 Firefox/77.0" 
104.128.188.195 - - [01/Jun/2023:15:14:18 -0700] "POST /apps/.env HTTP/1.1" 404 328 "-" "Mozilla/5.0 (Macintosh; Intel Mac OS X 10.15; rv:77.0) Gecko/20100101 Firefox/77.0" 
104.128.188.195 - - [01/Jun/2023:15:14:20 -0700] "GET /core/.env HTTP/1.1" 404 328 "-" "Mozilla/5.0 (Macintosh; Intel Mac OS X 10.15; rv:77.0) Gecko/20100101 Firefox/77.0" 
104.128.188.195 - - [01/Jun/2023:15:14:20 -0700] "POST /core/.env HTTP/1.1" 404 328 "-" "Mozilla/5.0 (Macintosh; Intel Mac OS X 10.15; rv:77.0) Gecko/20100101 Firefox/77.0" 
104.128.188.195 - - [01/Jun/2023:15:14:23 -0700] "GET /back/.env HTTP/1.1" 404 328 "-" "Mozilla/5.0 (Macintosh; Intel Mac OS X 10.15; rv:77.0) Gecko/20100101 Firefox/77.0" 
104.128.188.195 - - [01/Jun/2023:15:14:23 -0700] "POST /back/.env HTTP/1.1" 404 328 "-" "Mozilla/5.0 (Macintosh; Intel Mac OS X 10.15; rv:77.0) Gecko/20100101 Firefox/77.0" 
104.128.188.195 - - [01/Jun/2023:15:14:24 -0700] "GET /.env.save HTTP/1.1" 404 519 "-" "Mozilla/5.0 (Macintosh; Intel Mac OS X 10.15; rv:77.0) Gecko/20100101 Firefox/77.0" 
104.128.188.195 - - [01/Jun/2023:15:14:25 -0700] "POST /.env.save HTTP/1.1" 404 519 "-" "Mozilla/5.0 (Macintosh; Intel Mac OS X 10.15; rv:77.0) Gecko/20100101 Firefox/77.0" 
104.128.188.195 - - [01/Jun/2023:15:14:26 -0700] "GET /admin-app/.env HTTP/1.1" 404 328 "-" "Mozilla/5.0 (Macintosh; Intel Mac OS X 10.15; rv:77.0) Gecko/20100101 Firefox/77.0" 
104.128.188.195 - - [01/Jun/2023:15:14:26 -0700] "POST /admin-app/.env HTTP/1.1" 404 328 "-" "Mozilla/5.0 (Macintosh; Intel Mac OS X 10.15; rv:77.0) Gecko/20100101 Firefox/77.0" 
104.128.188.195 - - [01/Jun/2023:15:14:30 -0700] "GET /.env.old HTTP/1.1" 404 519 "-" "Mozilla/5.0 (Macintosh; Intel Mac OS X 10.15; rv:77.0) Gecko/20100101 Firefox/77.0" 
104.128.188.195 - - [01/Jun/2023:15:14:31 -0700] "POST /.env.old HTTP/1.1" 404 519 "-" "Mozilla/5.0 (Macintosh; Intel Mac OS X 10.15; rv:77.0) Gecko/20100101 Firefox/77.0" 
104.128.188.195 - - [01/Jun/2023:15:14:32 -0700] "GET /local/.env HTTP/1.1" 404 328 "-" "Mozilla/5.0 (Macintosh; Intel Mac OS X 10.15; rv:77.0) Gecko/20100101 Firefox/77.0" 
104.128.188.195 - - [01/Jun/2023:15:14:32 -0700] "POST /local/.env HTTP/1.1" 404 328 "-" "Mozilla/5.0 (Macintosh; Intel Mac OS X 10.15; rv:77.0) Gecko/20100101 Firefox/77.0" 
104.128.188.195 - - [01/Jun/2023:15:14:34 -0700] "GET /.env.production HTTP/1.1" 404 519 "-" "Mozilla/5.0 (Macintosh; Intel Mac OS X 10.15; rv:77.0) Gecko/20100101 Firefox/77.0" 
104.128.188.195 - - [01/Jun/2023:15:14:34 -0700] "POST /.env.production HTTP/1.1" 404 519 "-" "Mozilla/5.0 (Macintosh; Intel Mac OS X 10.15; rv:77.0) Gecko/20100101 Firefox/77.0" 
104.128.188.195 - - [01/Jun/2023:15:14:39 -0700] "GET /laravel/.env HTTP/1.1" 404 328 "-" "Mozilla/5.0 (Macintosh; Intel Mac OS X 10.15; rv:77.0) Gecko/20100101 Firefox/77.0" 
104.128.188.195 - - [01/Jun/2023:15:14:39 -0700] "POST /laravel/.env HTTP/1.1" 404 328 "-" "Mozilla/5.0 (Macintosh; Intel Mac OS X 10.15; rv:77.0) Gecko/20100101 Firefox/77.0" 
104.128.188.195 - - [01/Jun/2023:15:14:42 -0700] "GET /api/.env HTTP/1.1" 404 328 "-" "Mozilla/5.0 (Macintosh; Intel Mac OS X 10.15; rv:77.0) Gecko/20100101 Firefox/77.0" 
104.128.188.195 - - [01/Jun/2023:15:14:42 -0700] "POST /api/.env HTTP/1.1" 404 328 "-" "Mozilla/5.0 (Macintosh; Intel Mac OS X 10.15; rv:77.0) Gecko/20100101 Firefox/77.0" 
104.128.188.195 - - [01/Jun/2023:15:14:44 -0700] "GET /fedex/.env HTTP/1.1" 404 328 "-" "Mozilla/5.0 (Macintosh; Intel Mac OS X 10.15; rv:77.0) Gecko/20100101 Firefox/77.0" 
104.128.188.195 - - [01/Jun/2023:15:14:44 -0700] "POST /fedex/.env HTTP/1.1" 404 328 "-" "Mozilla/5.0 (Macintosh; Intel Mac OS X 10.15; rv:77.0) Gecko/20100101 Firefox/77.0" 
104.128.188.195 - - [01/Jun/2023:15:14:46 -0700] "GET /live_env HTTP/1.1" 404 328 "-" "Mozilla/5.0 (Macintosh; Intel Mac OS X 10.15; rv:77.0) Gecko/20100101 Firefox/77.0" 
104.128.188.195 - - [01/Jun/2023:15:14:46 -0700] "POST /live_env HTTP/1.1" 404 328 "-" "Mozilla/5.0 (Macintosh; Intel Mac OS X 10.15; rv:77.0) Gecko/20100101 Firefox/77.0" 
104.128.188.195 - - [01/Jun/2023:15:14:49 -0700] "GET /private/.env HTTP/1.1" 404 328 "-" "Mozilla/5.0 (Macintosh; Intel Mac OS X 10.15; rv:77.0) Gecko/20100101 Firefox/77.0" 
104.128.188.195 - - [01/Jun/2023:15:14:49 -0700] "POST /private/.env HTTP/1.1" 404 328 "-" "Mozilla/5.0 (Macintosh; Intel Mac OS X 10.15; rv:77.0) Gecko/20100101 Firefox/77.0" 
104.128.188.195 - - [01/Jun/2023:15:14:54 -0700] "GET /.env.project HTTP/1.1" 404 519 "-" "Mozilla/5.0 (Macintosh; Intel Mac OS X 10.15; rv:77.0) Gecko/20100101 Firefox/77.0" 
104.128.188.195 - - [01/Jun/2023:15:14:54 -0700] "POST /.env.project HTTP/1.1" 404 519 "-" "Mozilla/5.0 (Macintosh; Intel Mac OS X 10.15; rv:77.0) Gecko/20100101 Firefox/77.0" 
104.128.188.195 - - [01/Jun/2023:15:14:57 -0700] "GET /system/.env HTTP/1.1" 404 328 "-" "Mozilla/5.0 (Macintosh; Intel Mac OS X 10.15; rv:77.0) Gecko/20100101 Firefox/77.0" 
104.128.188.195 - - [01/Jun/2023:15:14:57 -0700] "POST /system/.env HTTP/1.1" 404 328 "-" "Mozilla/5.0 (Macintosh; Intel Mac OS X 10.15; rv:77.0) Gecko/20100101 Firefox/77.0" 
104.128.188.195 - - [01/Jun/2023:15:14:58 -0700] "GET /enviroments/.env.production HTTP/1.1" 404 328 "-" "Mozilla/5.0 (Macintosh; Intel Mac OS X 10.15; rv:77.0) Gecko/20100101 Firefox/77.0" 
104.128.188.195 - - [01/Jun/2023:15:14:59 -0700] "POST /enviroments/.env.production HTTP/1.1" 404 328 "-" "Mozilla/5.0 (Macintosh; Intel Mac OS X 10.15; rv:77.0) Gecko/20100101 Firefox/77.0" 
104.128.188.195 - - [01/Jun/2023:15:15:00 -0700] "GET /frontend_dev.php/$ HTTP/1.1" 404 328 "-" "Mozilla/5.0 (Macintosh; Intel Mac OS X 10.15; rv:77.0) Gecko/20100101 Firefox/77.0" 
104.128.188.195 - - [01/Jun/2023:15:15:02 -0700] "GET /debug/default/view?panel=config HTTP/1.1" 404 328 "-" "Mozilla/5.0 (Macintosh; Intel Mac OS X 10.15; rv:77.0) Gecko/20100101 Firefox/77.0" 
104.128.188.195 - - [01/Jun/2023:15:15:03 -0700] "GET /config.json HTTP/1.1" 404 328 "-" "Mozilla/5.0 (Macintosh; Intel Mac OS X 10.15; rv:77.0) Gecko/20100101 Firefox/77.0" 
104.128.188.195 - - [01/Jun/2023:15:15:06 -0700] "GET /.json HTTP/1.1" 404 328 "-" "Mozilla/5.0 (Macintosh; Intel Mac OS X 10.15; rv:77.0) Gecko/20100101 Firefox/77.0" 
104.128.188.195 - - [01/Jun/2023:15:15:10 -0700] "GET /_profiler/phpinfo HTTP/1.1" 404 328 "-" "Mozilla/5.0 (Macintosh; Intel Mac OS X 10.15; rv:77.0) Gecko/20100101 Firefox/77.0" 
104.128.188.195 - - [01/Jun/2023:15:15:11 -0700] "GET /info.php HTTP/1.1" 404 328 "-" "Mozilla/5.0 (Macintosh; Intel Mac OS X 10.15; rv:77.0) Gecko/20100101 Firefox/77.0" 
104.128.188.195 - - [01/Jun/2023:15:15:13 -0700] "GET /?phpinfo=1 HTTP/1.1" 200 13185 "-" "Mozilla/5.0 (Macintosh; Intel Mac OS X 10.15; rv:77.0) Gecko/20100101 Firefox/77.0" 
104.128.188.195 - - [01/Jun/2023:15:15:14 -0700] "GET /phpinfo.php HTTP/1.1" 404 328 "-" "Mozilla/5.0 (Macintosh; Intel Mac OS X 10.15; rv:77.0) Gecko/20100101 Firefox/77.0" 
13.228.239.131 - - [01/Jun/2023:15:16:35 -0700] "GET /self.logs/access.log.2020-12-30.gz HTTP/1.1" 200 36698 "-" "Mozilla/5.0 (Linux; Android 5.0) AppleWebKit/537.36 (KHTML, like Gecko) Mobile Safari/537.36 (compatible; Bytespider; https://zhanzhang.toutiao.com/)" 
18.141.20.85 - - [01/Jun/2023:15:19:19 -0700] "GET /self.logs/access.log.2021-02-08.gz HTTP/1.1" 200 24768 "-" "Mozilla/5.0 (Linux; Android 5.0) AppleWebKit/537.36 (KHTML, like Gecko) Mobile Safari/537.36 (compatible; Bytespider; https://zhanzhang.toutiao.com/)" 
18.141.84.153 - - [01/Jun/2023:15:22:11 -0700] "GET /self.logs/access.log.2020-04-04.gz HTTP/1.1" 200 24713 "-" "Mozilla/5.0 (Linux; Android 5.0) AppleWebKit/537.36 (KHTML, like Gecko) Mobile Safari/537.36 (compatible; Bytespider; https://zhanzhang.toutiao.com/)" 
45.134.22.206 - - [01/Jun/2023:15:24:37 -0700] "HEAD /old/public_html.gz HTTP/1.1" 301 185 "-" "-" 
45.134.22.104 - - [01/Jun/2023:15:24:38 -0700] "HEAD /old/public_html.gz HTTP/1.1" 404 265 "-" "-" 
45.128.199.75 - - [01/Jun/2023:15:24:59 -0700] "HEAD /backup/wallet.zip HTTP/1.1" 301 184 "-" "-" 
45.128.199.245 - - [01/Jun/2023:15:25:00 -0700] "HEAD /backup/wallet.zip HTTP/1.1" 404 265 "-" "-" 
18.136.39.157 - - [01/Jun/2023:15:25:24 -0700] "GET /self.logs/access.log.2017-11-24.gz HTTP/1.1" 200 23169 "-" "Mozilla/5.0 (Linux; Android 5.0) AppleWebKit/537.36 (KHTML, like Gecko) Mobile Safari/537.36 (compatible; Bytespider; https://zhanzhang.toutiao.com/)" 
98.159.226.241 - - [01/Jun/2023:15:25:46 -0700] "HEAD /back/wallet.zip HTTP/1.1" 301 182 "-" "-" 
98.159.226.243 - - [01/Jun/2023:15:25:46 -0700] "HEAD /back/wallet.zip HTTP/1.1" 404 265 "-" "-" 
45.128.199.84 - - [01/Jun/2023:15:26:01 -0700] "HEAD /old/well-known.zip HTTP/1.1" 301 185 "-" "-" 
45.128.199.76 - - [01/Jun/2023:15:26:01 -0700] "HEAD /old/well-known.zip HTTP/1.1" 404 265 "-" "-" 
98.159.226.242 - - [01/Jun/2023:15:27:07 -0700] "HEAD /backups/www.tar HTTP/1.1" 301 182 "-" "-" 
98.159.226.242 - - [01/Jun/2023:15:27:07 -0700] "HEAD /backups/www.tar HTTP/1.1" 404 265 "-" "-" 
18.143.30.70 - - [01/Jun/2023:15:27:19 -0700] "GET /self.logs/access.log.2022-06-25.gz HTTP/1.1" 200 30739 "-" "Mozilla/5.0 (Linux; Android 5.0) AppleWebKit/537.36 (KHTML, like Gecko) Mobile Safari/537.36 (compatible; Bytespider; https://zhanzhang.toutiao.com/)" 
45.128.199.72 - - [01/Jun/2023:15:28:14 -0700] "HEAD /backup/sql.sql HTTP/1.1" 301 181 "-" "-" 
45.128.199.73 - - [01/Jun/2023:15:28:14 -0700] "HEAD /backup/sql.sql HTTP/1.1" 404 265 "-" "-" 
194.32.120.140 - - [01/Jun/2023:15:29:22 -0700] "HEAD /backups/public_html.zip HTTP/1.1" 301 190 "-" "-" 
194.32.120.117 - - [01/Jun/2023:15:29:23 -0700] "HEAD /backups/public_html.zip HTTP/1.1" 404 265 "-" "-" 
98.159.226.101 - - [01/Jun/2023:15:29:43 -0700] "HEAD /backup/credentials.txt HTTP/1.1" 301 189 "-" "-" 
98.159.226.99 - - [01/Jun/2023:15:29:44 -0700] "HEAD /backup/credentials.txt HTTP/1.1" 404 265 "-" "-" 
178.239.198.31 - - [01/Jun/2023:15:30:05 -0700] "HEAD /old/full_backup.zip HTTP/1.1" 301 186 "-" "-" 
178.239.198.7 - - [01/Jun/2023:15:30:05 -0700] "HEAD /old/full_backup.zip HTTP/1.1" 404 265 "-" "-" 
18.136.188.67 - - [01/Jun/2023:15:30:46 -0700] "GET /self.logs/access.log.2022-04-05.gz HTTP/1.1" 200 16212 "-" "Mozilla/5.0 (Linux; Android 5.0) AppleWebKit/537.36 (KHTML, like Gecko) Mobile Safari/537.36 (compatible; Bytespider; https://zhanzhang.toutiao.com/)" 
98.159.226.244 - - [01/Jun/2023:15:30:52 -0700] "HEAD /bak/archive.zip HTTP/1.1" 301 182 "-" "-" 
98.159.226.241 - - [01/Jun/2023:15:30:52 -0700] "HEAD /bak/archive.zip HTTP/1.1" 404 265 "-" "-" 
194.32.120.133 - - [01/Jun/2023:15:31:13 -0700] "HEAD /old/web.zip HTTP/1.1" 301 178 "-" "-" 
185.192.70.20 - - [01/Jun/2023:15:31:13 -0700] "HEAD /old/web.zip HTTP/1.1" 404 265 "-" "-" 
45.134.22.203 - - [01/Jun/2023:15:31:29 -0700] "HEAD /old/backup.tar HTTP/1.1" 301 181 "-" "-" 
45.134.22.216 - - [01/Jun/2023:15:31:29 -0700] "HEAD /old/backup.tar HTTP/1.1" 404 265 "-" "-" 
185.192.71.96 - - [01/Jun/2023:15:31:50 -0700] "HEAD /backups/.well-known.zip HTTP/1.1" 301 190 "-" "-" 
91.230.225.251 - - [01/Jun/2023:15:31:50 -0700] "HEAD /backups/.well-known.zip HTTP/1.1" 404 265 "-" "-" 
98.159.226.214 - - [01/Jun/2023:15:32:03 -0700] "HEAD /restore/bak.rar HTTP/1.1" 301 182 "-" "-" 
98.159.226.210 - - [01/Jun/2023:15:32:04 -0700] "HEAD /restore/bak.rar HTTP/1.1" 404 265 "-" "-" 
54.251.231.26 - - [01/Jun/2023:15:32:49 -0700] "GET /self.logs/2016/error.log.2016-04-26.gz HTTP/1.1" 200 764 "-" "Mozilla/5.0 (Linux; Android 5.0) AppleWebKit/537.36 (KHTML, like Gecko) Mobile Safari/537.36 (compatible; Bytespider; https://zhanzhang.toutiao.com/)" 
157.97.122.23 - - [01/Jun/2023:15:37:35 -0700] "HEAD /old/config.json HTTP/1.1" 301 182 "-" "-" 
157.97.122.22 - - [01/Jun/2023:15:37:36 -0700] "HEAD /old/config.json HTTP/1.1" 404 265 "-" "-" 
82.118.30.93 - - [01/Jun/2023:15:38:18 -0700] "HEAD /bak/full_backup.zip HTTP/1.1" 301 186 "-" "-" 
82.118.30.56 - - [01/Jun/2023:15:38:19 -0700] "HEAD /bak/full_backup.zip HTTP/1.1" 404 265 "-" "-" 
157.97.122.26 - - [01/Jun/2023:15:38:52 -0700] "HEAD /bak/bak.tar.gz HTTP/1.1" 301 181 "-" "-" 
157.97.122.28 - - [01/Jun/2023:15:38:53 -0700] "HEAD /bak/bak.tar.gz HTTP/1.1" 404 265 "-" "-" 
157.97.122.27 - - [01/Jun/2023:15:39:30 -0700] "HEAD /old/sql.sql HTTP/1.1" 301 178 "-" "-" 
157.97.122.26 - - [01/Jun/2023:15:39:32 -0700] "HEAD /old/sql.sql HTTP/1.1" 404 265 "-" "-" 
64.64.123.40 - - [01/Jun/2023:15:39:43 -0700] "HEAD /old/sftp-config.json HTTP/1.1" 301 187 "-" "-" 
64.64.123.40 - - [01/Jun/2023:15:39:43 -0700] "HEAD /old/sftp-config.json HTTP/1.1" 404 265 "-" "-" 
13.214.10.8 - - [01/Jun/2023:15:41:02 -0700] "GET /self.logs/access.log.2022-12-27.gz HTTP/1.1" 200 12697 "-" "Mozilla/5.0 (Linux; Android 5.0) AppleWebKit/537.36 (KHTML, like Gecko) Mobile Safari/537.36 (compatible; Bytespider; https://zhanzhang.toutiao.com/)" 
157.97.122.22 - - [01/Jun/2023:15:41:52 -0700] "HEAD /back/dump.sql HTTP/1.1" 301 180 "-" "-" 
157.97.122.22 - - [01/Jun/2023:15:41:52 -0700] "HEAD /back/dump.sql HTTP/1.1" 404 265 "-" "-" 
157.97.122.28 - - [01/Jun/2023:15:41:54 -0700] "HEAD /backups/directory.tar.gz HTTP/1.1" 301 191 "-" "-" 
157.97.122.28 - - [01/Jun/2023:15:41:54 -0700] "HEAD /backups/directory.tar.gz HTTP/1.1" 404 265 "-" "-" 
52.74.240.187 - - [01/Jun/2023:15:43:42 -0700] "GET /self.logs/access.log.2020-09-17.gz HTTP/1.1" 200 11291 "-" "Mozilla/5.0 (Linux; Android 5.0) AppleWebKit/537.36 (KHTML, like Gecko) Mobile Safari/537.36 (compatible; Bytespider; https://zhanzhang.toutiao.com/)" 
82.118.30.90 - - [01/Jun/2023:15:44:46 -0700] "HEAD /restore/application.zip HTTP/1.1" 301 190 "-" "-" 
82.118.30.93 - - [01/Jun/2023:15:44:46 -0700] "HEAD /restore/application.zip HTTP/1.1" 404 265 "-" "-" 
157.97.122.28 - - [01/Jun/2023:15:46:11 -0700] "HEAD /backup.rar HTTP/1.1" 301 177 "-" "-" 
157.97.122.27 - - [01/Jun/2023:15:46:11 -0700] "HEAD /backup.rar HTTP/1.1" 404 265 "-" "-" 
54.254.154.7 - - [01/Jun/2023:15:46:23 -0700] "GET /self.logs/access.log.2017-08-15.gz HTTP/1.1" 200 57690 "-" "Mozilla/5.0 (Linux; Android 5.0) AppleWebKit/537.36 (KHTML, like Gecko) Mobile Safari/537.36 (compatible; Bytespider; https://zhanzhang.toutiao.com/)" 
157.97.122.25 - - [01/Jun/2023:15:47:55 -0700] "HEAD /old/config.js HTTP/1.1" 301 180 "-" "-" 
157.97.122.23 - - [01/Jun/2023:15:47:56 -0700] "HEAD /old/config.js HTTP/1.1" 404 265 "-" "-" 
120.244.123.251 - - [01/Jun/2023:15:49:01 -0700] "GET /robots.txt HTTP/1.1" 200 340 "-" "Mozilla/5.0 (Windows NT 10.0; Win64; x64) AppleWebKit/537.36 (KHTML, like Gecko) Chrome/70.0.3538.102 Safari/537.36 Edge/18.18362" 
18.143.109.140 - - [01/Jun/2023:15:49:05 -0700] "GET /self.logs/access.log.2021-06-26.gz HTTP/1.1" 200 17143 "-" "Mozilla/5.0 (Linux; Android 5.0) AppleWebKit/537.36 (KHTML, like Gecko) Mobile Safari/537.36 (compatible; Bytespider; https://zhanzhang.toutiao.com/)" 
45.92.228.90 - - [01/Jun/2023:15:49:23 -0700] "HEAD /backup/public_html.tar HTTP/1.1" 301 189 "-" "-" 
45.92.228.93 - - [01/Jun/2023:15:49:24 -0700] "HEAD /backup/public_html.tar HTTP/1.1" 404 265 "-" "-" 
13.214.102.176 - - [01/Jun/2023:15:51:46 -0700] "GET /self.logs/access.log.2022-10-04.gz HTTP/1.1" 200 18931 "-" "Mozilla/5.0 (Linux; Android 5.0) AppleWebKit/537.36 (KHTML, like Gecko) Mobile Safari/537.36 (compatible; Bytespider; https://zhanzhang.toutiao.com/)" 
91.219.238.247 - - [01/Jun/2023:15:53:52 -0700] "HEAD /old/secrepo.com.tar.gz HTTP/1.1" 301 189 "-" "-" 
91.219.237.145 - - [01/Jun/2023:15:53:53 -0700] "HEAD /old/secrepo.com.tar.gz HTTP/1.1" 404 265 "-" "-" 
91.219.238.247 - - [01/Jun/2023:15:53:55 -0700] "HEAD /restore/directory.rar HTTP/1.1" 301 188 "-" "-" 
91.219.239.148 - - [01/Jun/2023:15:53:55 -0700] "HEAD /restore/directory.rar HTTP/1.1" 404 265 "-" "-" 
18.140.213.235 - - [01/Jun/2023:15:54:40 -0700] "GET /self.logs/2016/access.log.2016-02-07.gz HTTP/1.1" 200 9181 "-" "Mozilla/5.0 (Linux; Android 5.0) AppleWebKit/537.36 (KHTML, like Gecko) Mobile Safari/537.36 (compatible; Bytespider; https://zhanzhang.toutiao.com/)" 
216.244.66.245 - - [01/Jun/2023:15:54:56 -0700] "GET /robots.txt HTTP/1.1" 200 333 "-" "Mozilla/5.0 (compatible; DotBot/1.2; +https://opensiteexplorer.org/dotbot; help@moz.com)" 
82.118.30.94 - - [01/Jun/2023:15:56:02 -0700] "HEAD /bak/sftp-config.json HTTP/1.1" 301 187 "-" "-" 
82.118.30.65 - - [01/Jun/2023:15:56:02 -0700] "HEAD /bak/sftp-config.json HTTP/1.1" 404 265 "-" "-" 
157.97.122.23 - - [01/Jun/2023:15:56:24 -0700] "HEAD /backups/latest.zip HTTP/1.1" 301 185 "-" "-" 
157.97.122.24 - - [01/Jun/2023:15:56:24 -0700] "HEAD /backups/latest.zip HTTP/1.1" 404 265 "-" "-" 
119.96.221.66 - - [01/Jun/2023:15:56:58 -0700] "GET /css/album.css HTTP/1.1" 404 328 "-" "Mozilla/5.0 (Windows NT 10.0; WOW64; rv:48.0) Gecko/20100101 Firefox/48.0" 
3.1.229.207 - - [01/Jun/2023:15:57:11 -0700] "GET /self.logs/2016/access.log.2016-02-02.gz HTTP/1.1" 200 8058 "-" "Mozilla/5.0 (Linux; Android 5.0) AppleWebKit/537.36 (KHTML, like Gecko) Mobile Safari/537.36 (compatible; Bytespider; https://zhanzhang.toutiao.com/)" 
114.119.146.211 - - [01/Jun/2023:15:58:15 -0700] "GET /self.logs/error.log.2020-12-31 HTTP/1.1" 200 351 "http://www.secrepo.com/self.logs?C=N%3BO%3DD" "Mozilla/5.0 (Linux; Android 7.0;) AppleWebKit/537.36 (KHTML, like Gecko) Mobile Safari/537.36 (compatible; PetalBot;+https://webmaster.petalsearch.com/site/petalbot)" 
82.118.30.77 - - [01/Jun/2023:15:59:13 -0700] "HEAD /restore/.well-known.zip HTTP/1.1" 301 190 "-" "-" 
82.118.30.56 - - [01/Jun/2023:15:59:13 -0700] "HEAD /restore/.well-known.zip HTTP/1.1" 404 265 "-" "-" 
114.119.152.50 - - [01/Jun/2023:15:59:47 -0700] "GET /Datasets%20Description/Network/ssh.html HTTP/1.1" 200 1368 "http://www.secrepo.com/Datasets%20Description/Network/?C=D%3BO%3DA" "Mozilla/5.0 (Linux; Android 7.0;) AppleWebKit/537.36 (KHTML, like Gecko) Mobile Safari/537.36 (compatible; PetalBot;+https://webmaster.petalsearch.com/site/petalbot)" 
91.219.237.145 - - [01/Jun/2023:16:01:47 -0700] "HEAD /back/directory.zip HTTP/1.1" 301 185 "-" "-" 
91.219.237.145 - - [01/Jun/2023:16:01:47 -0700] "HEAD /back/directory.zip HTTP/1.1" 404 265 "-" "-" 
157.97.122.27 - - [01/Jun/2023:16:01:53 -0700] "HEAD /backup/index.zip HTTP/1.1" 301 183 "-" "-" 
157.97.122.28 - - [01/Jun/2023:16:01:53 -0700] "HEAD /backup/index.zip HTTP/1.1" 404 265 "-" "-" 
64.64.123.40 - - [01/Jun/2023:16:02:21 -0700] "HEAD /old/website.gz HTTP/1.1" 301 181 "-" "-" 
64.64.123.40 - - [01/Jun/2023:16:02:21 -0700] "HEAD /old/website.gz HTTP/1.1" 404 265 "-" "-" 
13.251.73.75 - - [01/Jun/2023:16:02:39 -0700] "GET /self.logs/access.log.2020-12-17.gz HTTP/1.1" 200 16804 "-" "Mozilla/5.0 (Linux; Android 5.0) AppleWebKit/537.36 (KHTML, like Gecko) Mobile Safari/537.36 (compatible; Bytespider; https://zhanzhang.toutiao.com/)" 
216.244.66.245 - - [01/Jun/2023:16:02:38 -0700] "GET /maccdc2012/http.log.gz HTTP/1.1" 200 122640 "-" "Mozilla/5.0 (compatible; DotBot/1.2; +https://opensiteexplorer.org/dotbot; help@moz.com)" 
64.64.123.41 - - [01/Jun/2023:16:03:39 -0700] "HEAD /backup/latest.zip HTTP/1.1" 301 184 "-" "-" 
64.64.123.41 - - [01/Jun/2023:16:03:39 -0700] "HEAD /backup/latest.zip HTTP/1.1" 404 265 "-" "-" 
45.92.228.92 - - [01/Jun/2023:16:04:31 -0700] "HEAD /old/wallet.dat HTTP/1.1" 301 181 "-" "-" 
45.92.228.142 - - [01/Jun/2023:16:04:31 -0700] "HEAD /old/wallet.dat HTTP/1.1" 404 265 "-" "-" 
216.244.66.245 - - [01/Jun/2023:16:05:23 -0700] "GET /self.logs/2015/access.log.2015-07-02.gz HTTP/1.1" 200 4059 "-" "Mozilla/5.0 (compatible; DotBot/1.2; +https://opensiteexplorer.org/dotbot; help@moz.com)" 
3.0.253.164 - - [01/Jun/2023:16:05:36 -0700] "GET /self.logs/2016/error.log.2016-12-19.gz HTTP/1.1" 200 748 "-" "Mozilla/5.0 (Linux; Android 5.0) AppleWebKit/537.36 (KHTML, like Gecko) Mobile Safari/537.36 (compatible; Bytespider; https://zhanzhang.toutiao.com/)" 
216.244.66.245 - - [01/Jun/2023:16:05:46 -0700] "GET /self.logs/2015/access.log.2015-07-05.gz HTTP/1.1" 200 3482 "-" "Mozilla/5.0 (compatible; DotBot/1.2; +https://opensiteexplorer.org/dotbot; help@moz.com)" 
216.244.66.245 - - [01/Jun/2023:16:06:03 -0700] "GET /self.logs/2015/access.log.2015-10-28.gz HTTP/1.1" 200 20092 "-" "Mozilla/5.0 (compatible; DotBot/1.2; +https://opensiteexplorer.org/dotbot; help@moz.com)" 
216.244.66.245 - - [01/Jun/2023:16:06:22 -0700] "GET /self.logs/2015/access.log.2015-11-11.gz HTTP/1.1" 200 5252 "-" "Mozilla/5.0 (compatible; DotBot/1.2; +https://opensiteexplorer.org/dotbot; help@moz.com)" 
216.244.66.245 - - [01/Jun/2023:16:06:37 -0700] "GET /self.logs/2015/access.log.2015-11-21.gz HTTP/1.1" 200 5425 "-" "Mozilla/5.0 (compatible; DotBot/1.2; +https://opensiteexplorer.org/dotbot; help@moz.com)" 
216.244.66.245 - - [01/Jun/2023:16:06:51 -0700] "GET /self.logs/2015/access.log.2015-12-15.gz HTTP/1.1" 200 8891 "-" "Mozilla/5.0 (compatible; DotBot/1.2; +https://opensiteexplorer.org/dotbot; help@moz.com)" 
216.244.66.245 - - [01/Jun/2023:16:07:05 -0700] "GET /self.logs/2015/error.log.2015-04-27.gz HTTP/1.1" 200 715 "-" "Mozilla/5.0 (compatible; DotBot/1.2; +https://opensiteexplorer.org/dotbot; help@moz.com)" 
216.244.66.245 - - [01/Jun/2023:16:07:17 -0700] "GET /self.logs/2015/error.log.2015-08-12.gz HTTP/1.1" 200 1013 "-" "Mozilla/5.0 (compatible; DotBot/1.2; +https://opensiteexplorer.org/dotbot; help@moz.com)" 
216.244.66.245 - - [01/Jun/2023:16:07:29 -0700] "GET /self.logs/2015/error.log.2015-09-26.gz HTTP/1.1" 200 722 "-" "Mozilla/5.0 (compatible; DotBot/1.2; +https://opensiteexplorer.org/dotbot; help@moz.com)" 
216.244.66.245 - - [01/Jun/2023:16:07:41 -0700] "GET /self.logs/2015/error.log.2015-11-29.gz HTTP/1.1" 200 679 "-" "Mozilla/5.0 (compatible; DotBot/1.2; +https://opensiteexplorer.org/dotbot; help@moz.com)" 
216.244.66.245 - - [01/Jun/2023:16:07:51 -0700] "GET /self.logs/2016/access.log.2016-02-09.gz HTTP/1.1" 200 9401 "-" "Mozilla/5.0 (compatible; DotBot/1.2; +https://opensiteexplorer.org/dotbot; help@moz.com)" 
52.77.164.157 - - [01/Jun/2023:16:08:04 -0700] "GET /self.logs/access.log.2023-01-16.gz HTTP/1.1" 200 20659 "-" "Mozilla/5.0 (Linux; Android 5.0) AppleWebKit/537.36 (KHTML, like Gecko) Mobile Safari/537.36 (compatible; Bytespider; https://zhanzhang.toutiao.com/)" 
216.244.66.245 - - [01/Jun/2023:16:08:31 -0700] "GET /self.logs/2016/access.log.2016-06-12.gz HTTP/1.1" 200 13562 "-" "Mozilla/5.0 (compatible; DotBot/1.2; +https://opensiteexplorer.org/dotbot; help@moz.com)" 
157.97.122.22 - - [01/Jun/2023:16:08:58 -0700] "HEAD /back/website.gz HTTP/1.1" 301 182 "-" "-" 
157.97.122.24 - - [01/Jun/2023:16:08:58 -0700] "HEAD /back/website.gz HTTP/1.1" 404 265 "-" "-" 
216.244.66.245 - - [01/Jun/2023:16:09:02 -0700] "GET /self.logs/2016/access.log.2016-08-14.gz HTTP/1.1" 200 13136 "-" "Mozilla/5.0 (compatible; DotBot/1.2; +https://opensiteexplorer.org/dotbot; help@moz.com)" 
216.244.66.245 - - [01/Jun/2023:16:09:40 -0700] "GET /self.logs/2016/error.log.2016-06-12.gz HTTP/1.1" 200 1226 "-" "Mozilla/5.0 (compatible; DotBot/1.2; +https://opensiteexplorer.org/dotbot; help@moz.com)" 
216.244.66.245 - - [01/Jun/2023:16:10:13 -0700] "GET /self.logs/2016/error.log.2016-07-28.gz HTTP/1.1" 200 756 "-" "Mozilla/5.0 (compatible; DotBot/1.2; +https://opensiteexplorer.org/dotbot; help@moz.com)" 
216.244.66.245 - - [01/Jun/2023:16:10:45 -0700] "GET /self.logs/2016/error.log.2016-08-10.gz HTTP/1.1" 200 708 "-" "Mozilla/5.0 (compatible; DotBot/1.2; +https://opensiteexplorer.org/dotbot; help@moz.com)" 
13.229.172.52 - - [01/Jun/2023:16:10:50 -0700] "GET /self.logs/access.log.2021-05-17.gz HTTP/1.1" 200 27214 "-" "Mozilla/5.0 (Linux; Android 5.0) AppleWebKit/537.36 (KHTML, like Gecko) Mobile Safari/537.36 (compatible; Bytespider; https://zhanzhang.toutiao.com/)" 
40.77.167.161 - - [01/Jun/2023:16:11:03 -0700] "GET /self.logs/ HTTP/1.1" 200 43248 "-" "Mozilla/5.0 AppleWebKit/537.36 (KHTML, like Gecko; compatible; bingbot/2.0; +http://www.bing.com/bingbot.htm) Chrome/103.0.5060.134 Safari/537.36" 
216.244.66.245 - - [01/Jun/2023:16:11:12 -0700] "GET /self.logs/2016/error.log.2016-08-17.gz HTTP/1.1" 200 1044 "-" "Mozilla/5.0 (compatible; DotBot/1.2; +https://opensiteexplorer.org/dotbot; help@moz.com)" 
223.72.91.131 - - [01/Jun/2023:16:11:42 -0700] "GET /favicon.ico HTTP/1.1" 200 391 "-" "Mozilla/5.0 (Windows NT 10.0; WOW64) AppleWebKit/537.36 (KHTML, like Gecko) Chrome/108.0.5359.95 Safari/537.36" 
216.244.66.245 - - [01/Jun/2023:16:11:44 -0700] "GET /self.logs/2016/error.log.2016-10-12.gz HTTP/1.1" 200 1332 "-" "Mozilla/5.0 (compatible; DotBot/1.2; +https://opensiteexplorer.org/dotbot; help@moz.com)" 
82.118.30.59 - - [01/Jun/2023:16:12:02 -0700] "HEAD /old/www.gz HTTP/1.1" 301 177 "-" "-" 
82.118.30.98 - - [01/Jun/2023:16:12:02 -0700] "HEAD /old/www.gz HTTP/1.1" 404 265 "-" "-" 
216.244.66.245 - - [01/Jun/2023:16:12:09 -0700] "GET /self.logs/2016/error.log.2016-11-27.gz HTTP/1.1" 200 1898 "-" "Mozilla/5.0 (compatible; DotBot/1.2; +https://opensiteexplorer.org/dotbot; help@moz.com)" 
216.244.66.245 - - [01/Jun/2023:16:12:34 -0700] "GET /self.logs/access.log.2017-03-21.gz HTTP/1.1" 200 26741 "-" "Mozilla/5.0 (compatible; DotBot/1.2; +https://opensiteexplorer.org/dotbot; help@moz.com)" 
216.244.66.245 - - [01/Jun/2023:16:13:00 -0700] "GET /self.logs/access.log.2017-04-01.gz HTTP/1.1" 200 12034 "-" "Mozilla/5.0 (compatible; DotBot/1.2; +https://opensiteexplorer.org/dotbot; help@moz.com)" 
157.97.122.25 - - [01/Jun/2023:16:13:17 -0700] "HEAD /bak.rar HTTP/1.1" 301 174 "-" "-" 
157.97.122.25 - - [01/Jun/2023:16:13:18 -0700] "HEAD /bak.rar HTTP/1.1" 404 265 "-" "-" 
216.244.66.245 - - [01/Jun/2023:16:13:25 -0700] "GET /self.logs/access.log.2018-03-24.gz HTTP/1.1" 200 31580 "-" "Mozilla/5.0 (compatible; DotBot/1.2; +https://opensiteexplorer.org/dotbot; help@moz.com)" 
18.142.26.231 - - [01/Jun/2023:16:13:39 -0700] "GET /self.logs/2016/access.log.2016-09-24.gz HTTP/1.1" 200 5584 "-" "Mozilla/5.0 (Linux; Android 5.0) AppleWebKit/537.36 (KHTML, like Gecko) Mobile Safari/537.36 (compatible; Bytespider; https://zhanzhang.toutiao.com/)" 
216.244.66.245 - - [01/Jun/2023:16:13:48 -0700] "GET /self.logs/access.log.2018-04-08.gz HTTP/1.1" 200 40982 "-" "Mozilla/5.0 (compatible; DotBot/1.2; +https://opensiteexplorer.org/dotbot; help@moz.com)" 
216.244.66.245 - - [01/Jun/2023:16:14:17 -0700] "GET /self.logs/access.log.2018-04-19.gz HTTP/1.1" 200 21462 "-" "Mozilla/5.0 (compatible; DotBot/1.2; +https://opensiteexplorer.org/dotbot; help@moz.com)" 
51.77.205.250 - - [01/Jun/2023:16:14:47 -0700] "GET /honeypot/BSidesDFW%20-%202014.ipynb HTTP/1.1" 301 481 "-" "Tornado-Async-Client" 
91.219.237.145 - - [01/Jun/2023:16:14:47 -0700] "HEAD /www.rar HTTP/1.1" 301 174 "-" "-" 
51.77.205.250 - - [01/Jun/2023:16:14:47 -0700] "GET /honeypot/BSidesDFW%20-%202014.ipynb HTTP/1.1" 200 930877 "-" "Tornado-Async-Client" 
91.219.238.247 - - [01/Jun/2023:16:14:47 -0700] "HEAD /www.rar HTTP/1.1" 404 265 "-" "-" 
216.244.66.245 - - [01/Jun/2023:16:14:40 -0700] "GET /self.logs/access.log.2018-09-22.gz HTTP/1.1" 200 74586 "-" "Mozilla/5.0 (compatible; DotBot/1.2; +https://opensiteexplorer.org/dotbot; help@moz.com)" 
216.244.66.245 - - [01/Jun/2023:16:15:31 -0700] "GET /self.logs/access.log.2018-12-29.gz HTTP/1.1" 200 26729 "-" "Mozilla/5.0 (compatible; DotBot/1.2; +https://opensiteexplorer.org/dotbot; help@moz.com)" 
216.244.66.245 - - [01/Jun/2023:16:16:03 -0700] "GET /self.logs/access.log.2019-08-26.gz HTTP/1.1" 200 19781 "-" "Mozilla/5.0 (compatible; DotBot/1.2; +https://opensiteexplorer.org/dotbot; help@moz.com)" 
13.250.205.230 - - [01/Jun/2023:16:16:12 -0700] "GET /self.logs/access.log.2020-01-27.gz HTTP/1.1" 200 14417 "-" "Mozilla/5.0 (Linux; Android 5.0) AppleWebKit/537.36 (KHTML, like Gecko) Mobile Safari/537.36 (compatible; Bytespider; https://zhanzhang.toutiao.com/)" 
216.244.66.245 - - [01/Jun/2023:16:16:31 -0700] "GET /self.logs/access.log.2019-09-18.gz HTTP/1.1" 200 27455 "-" "Mozilla/5.0 (compatible; DotBot/1.2; +https://opensiteexplorer.org/dotbot; help@moz.com)" 
216.244.66.245 - - [01/Jun/2023:16:17:05 -0700] "GET /self.logs/access.log.2020-07-19.gz HTTP/1.1" 200 24858 "-" "Mozilla/5.0 (compatible; DotBot/1.2; +https://opensiteexplorer.org/dotbot; help@moz.com)" 
114.119.153.152 - - [01/Jun/2023:16:17:07 -0700] "GET /self.logs/error.log.2020-11-11 HTTP/1.1" 200 351 "http://www.secrepo.com/self.logs?C=N%3BO%3DD" "Mozilla/5.0 (Linux; Android 7.0;) AppleWebKit/537.36 (KHTML, like Gecko) Mobile Safari/537.36 (compatible; PetalBot;+https://webmaster.petalsearch.com/site/petalbot)" 
216.244.66.245 - - [01/Jun/2023:16:17:33 -0700] "GET /self.logs/access.log.2020-09-19.gz HTTP/1.1" 200 13378 "-" "Mozilla/5.0 (compatible; DotBot/1.2; +https://opensiteexplorer.org/dotbot; help@moz.com)" 
82.118.30.84 - - [01/Jun/2023:16:17:49 -0700] "HEAD /back/website.tar HTTP/1.1" 301 183 "-" "-" 
82.118.30.81 - - [01/Jun/2023:16:17:49 -0700] "HEAD /back/website.tar HTTP/1.1" 404 265 "-" "-" 
157.97.122.22 - - [01/Jun/2023:16:18:05 -0700] "HEAD /back/www.zip HTTP/1.1" 301 179 "-" "-" 
157.97.122.24 - - [01/Jun/2023:16:18:05 -0700] "HEAD /back/www.zip HTTP/1.1" 404 265 "-" "-" 
216.244.66.245 - - [01/Jun/2023:16:18:12 -0700] "GET /self.logs/access.log.2020-09-30.gz HTTP/1.1" 200 13380 "-" "Mozilla/5.0 (compatible; DotBot/1.2; +https://opensiteexplorer.org/dotbot; help@moz.com)" 
216.244.66.245 - - [01/Jun/2023:16:18:42 -0700] "GET /self.logs/access.log.2020-11-20.gz HTTP/1.1" 200 12397 "-" "Mozilla/5.0 (compatible; DotBot/1.2; +https://opensiteexplorer.org/dotbot; help@moz.com)" 
114.119.147.209 - - [01/Jun/2023:16:18:43 -0700] "GET /self.logs/error.log.2020-02-29 HTTP/1.1" 200 351 "http://www.secrepo.com/self.logs?C=N%3BO%3DD" "Mozilla/5.0 (Linux; Android 7.0;) AppleWebKit/537.36 (KHTML, like Gecko) Mobile Safari/537.36 (compatible; PetalBot;+https://webmaster.petalsearch.com/site/petalbot)" 
3.0.216.239 - - [01/Jun/2023:16:18:52 -0700] "GET /self.logs/access.log.2017-09-28.gz HTTP/1.1" 200 26616 "-" "Mozilla/5.0 (Linux; Android 5.0) AppleWebKit/537.36 (KHTML, like Gecko) Mobile Safari/537.36 (compatible; Bytespider; https://zhanzhang.toutiao.com/)" 
216.244.66.245 - - [01/Jun/2023:16:19:14 -0700] "GET /self.logs/access.log.2022-03-24.gz HTTP/1.1" 200 29385 "-" "Mozilla/5.0 (compatible; DotBot/1.2; +https://opensiteexplorer.org/dotbot; help@moz.com)" 
157.97.122.23 - - [01/Jun/2023:16:19:36 -0700] "HEAD /back/web.zip HTTP/1.1" 301 179 "-" "-" 
157.97.122.23 - - [01/Jun/2023:16:19:36 -0700] "HEAD /back/web.zip HTTP/1.1" 404 265 "-" "-" 
216.244.66.245 - - [01/Jun/2023:16:19:45 -0700] "GET /self.logs/access.log.2022-05-06.gz HTTP/1.1" 200 12619 "-" "Mozilla/5.0 (compatible; DotBot/1.2; +https://opensiteexplorer.org/dotbot; help@moz.com)" 
91.219.239.148 - - [01/Jun/2023:16:20:05 -0700] "HEAD /bak/secrepo.com.zip HTTP/1.1" 301 186 "-" "-" 
91.219.237.145 - - [01/Jun/2023:16:20:05 -0700] "HEAD /bak/secrepo.com.zip HTTP/1.1" 404 265 "-" "-" 
216.244.66.245 - - [01/Jun/2023:16:20:11 -0700] "GET /self.logs/access.log.2022-07-15.gz HTTP/1.1" 200 12414 "-" "Mozilla/5.0 (compatible; DotBot/1.2; +https://opensiteexplorer.org/dotbot; help@moz.com)" 
157.97.122.25 - - [01/Jun/2023:16:20:31 -0700] "HEAD /backups/public_html.gz HTTP/1.1" 301 189 "-" "-" 
157.97.122.23 - - [01/Jun/2023:16:20:31 -0700] "HEAD /backups/public_html.gz HTTP/1.1" 404 265 "-" "-" 
216.244.66.245 - - [01/Jun/2023:16:20:37 -0700] "GET /self.logs/access.log.2019-12-18.gz HTTP/1.1" 200 18815 "-" "Mozilla/5.0 (compatible; DotBot/1.2; +https://opensiteexplorer.org/dotbot; help@moz.com)" 
216.244.66.245 - - [01/Jun/2023:16:21:05 -0700] "GET /self.logs/access.log.2020-03-06.gz HTTP/1.1" 200 13651 "-" "Mozilla/5.0 (compatible; DotBot/1.2; +https://opensiteexplorer.org/dotbot; help@moz.com)" 
216.244.66.245 - - [01/Jun/2023:16:21:30 -0700] "GET /self.logs/access.log.2022-02-05.gz HTTP/1.1" 200 10464 "-" "Mozilla/5.0 (compatible; DotBot/1.2; +https://opensiteexplorer.org/dotbot; help@moz.com)" 
3.235.254.188 - - [01/Jun/2023:16:21:38 -0700] "GET / HTTP/1.1" 200 13141 "-" "Mozilla/5.0 (compatible; startmebot/1.0; +https://start.me/bot)" 
3.1.251.121 - - [01/Jun/2023:16:21:47 -0700] "GET /self.logs/access.log.2018-04-03.gz HTTP/1.1" 200 27684 "-" "Mozilla/5.0 (Linux; Android 5.0) AppleWebKit/537.36 (KHTML, like Gecko) Mobile Safari/537.36 (compatible; Bytespider; https://zhanzhang.toutiao.com/)" 
216.244.66.245 - - [01/Jun/2023:16:21:53 -0700] "GET /self.logs/error.log.2017-03-04.gz HTTP/1.1" 200 1276 "-" "Mozilla/5.0 (compatible; DotBot/1.2; +https://opensiteexplorer.org/dotbot; help@moz.com)" 
216.244.66.245 - - [01/Jun/2023:16:22:17 -0700] "GET /self.logs/error.log.2017-09-13.gz HTTP/1.1" 200 4158 "-" "Mozilla/5.0 (compatible; DotBot/1.2; +https://opensiteexplorer.org/dotbot; help@moz.com)" 
216.244.66.245 - - [01/Jun/2023:16:22:40 -0700] "GET /self.logs/error.log.2018-03-01.gz HTTP/1.1" 200 3716 "-" "Mozilla/5.0 (compatible; DotBot/1.2; +https://opensiteexplorer.org/dotbot; help@moz.com)" 
45.92.228.142 - - [01/Jun/2023:16:23:00 -0700] "HEAD /backups/config.js HTTP/1.1" 301 184 "-" "-" 
45.92.228.90 - - [01/Jun/2023:16:23:00 -0700] "HEAD /backups/config.js HTTP/1.1" 404 265 "-" "-" 
216.244.66.245 - - [01/Jun/2023:16:23:41 -0700] "GET /self.logs/error.log.2018-08-11.gz HTTP/1.1" 200 6094 "-" "Mozilla/5.0 (compatible; DotBot/1.2; +https://opensiteexplorer.org/dotbot; help@moz.com)" 
216.244.66.245 - - [01/Jun/2023:16:24:11 -0700] "GET /self.logs/error.log.2018-12-12.gz HTTP/1.1" 200 4401 "-" "Mozilla/5.0 (compatible; DotBot/1.2; +https://opensiteexplorer.org/dotbot; help@moz.com)" 
216.244.66.245 - - [01/Jun/2023:16:24:39 -0700] "GET /self.logs/error.log.2018-12-21.gz HTTP/1.1" 200 5466 "-" "Mozilla/5.0 (compatible; DotBot/1.2; +https://opensiteexplorer.org/dotbot; help@moz.com)" 
216.244.66.245 - - [01/Jun/2023:16:25:08 -0700] "GET /self.logs/error.log.2019-04-22.gz HTTP/1.1" 200 3797 "-" "Mozilla/5.0 (compatible; DotBot/1.2; +https://opensiteexplorer.org/dotbot; help@moz.com)" 
216.244.66.245 - - [01/Jun/2023:16:25:35 -0700] "GET /self.logs/error.log.2019-09-25.gz HTTP/1.1" 200 972 "-" "Mozilla/5.0 (compatible; DotBot/1.2; +https://opensiteexplorer.org/dotbot; help@moz.com)" 
216.244.66.245 - - [01/Jun/2023:16:26:03 -0700] "GET /self.logs/error.log.2020-11-15 HTTP/1.1" 200 307 "-" "Mozilla/5.0 (compatible; DotBot/1.2; +https://opensiteexplorer.org/dotbot; help@moz.com)" 
216.244.66.245 - - [01/Jun/2023:16:26:28 -0700] "GET /self.logs/error.log.2020-11-17 HTTP/1.1" 200 307 "-" "Mozilla/5.0 (compatible; DotBot/1.2; +https://opensiteexplorer.org/dotbot; help@moz.com)" 
216.244.66.245 - - [01/Jun/2023:16:26:51 -0700] "GET /self.logs/error.log.2020-11-28 HTTP/1.1" 200 307 "-" "Mozilla/5.0 (compatible; DotBot/1.2; +https://opensiteexplorer.org/dotbot; help@moz.com)" 
18.138.107.210 - - [01/Jun/2023:16:27:02 -0700] "GET /self.logs/2016/access.log.2016-10-08.gz HTTP/1.1" 200 6822 "-" "Mozilla/5.0 (Linux; Android 5.0) AppleWebKit/537.36 (KHTML, like Gecko) Mobile Safari/537.36 (compatible; Bytespider; https://zhanzhang.toutiao.com/)" 
216.244.66.245 - - [01/Jun/2023:16:27:15 -0700] "GET /self.logs/error.log.2021-03-31.gz HTTP/1.1" 200 3512 "-" "Mozilla/5.0 (compatible; DotBot/1.2; +https://opensiteexplorer.org/dotbot; help@moz.com)" 
216.244.66.245 - - [01/Jun/2023:16:27:38 -0700] "GET /self.logs/error.log.2021-09-05.gz HTTP/1.1" 200 3518 "-" "Mozilla/5.0 (compatible; DotBot/1.2; +https://opensiteexplorer.org/dotbot; help@moz.com)" 
216.244.66.245 - - [01/Jun/2023:16:28:01 -0700] "GET /self.logs/error.log.2021-10-25.gz HTTP/1.1" 200 1931 "-" "Mozilla/5.0 (compatible; DotBot/1.2; +https://opensiteexplorer.org/dotbot; help@moz.com)" 
216.244.66.245 - - [01/Jun/2023:16:28:20 -0700] "GET /self.logs/error.log.2022-03-16.gz HTTP/1.1" 200 11486 "-" "Mozilla/5.0 (compatible; DotBot/1.2; +https://opensiteexplorer.org/dotbot; help@moz.com)" 
91.219.238.247 - - [01/Jun/2023:16:28:38 -0700] "HEAD /backups/directory.gz HTTP/1.1" 301 187 "-" "-" 
91.219.237.145 - - [01/Jun/2023:16:28:39 -0700] "HEAD /backups/directory.gz HTTP/1.1" 404 265 "-" "-" 
216.244.66.245 - - [01/Jun/2023:16:29:13 -0700] "GET /self.logs/error.log.2017-01-30.gz HTTP/1.1" 200 1938 "-" "Mozilla/5.0 (compatible; DotBot/1.2; +https://opensiteexplorer.org/dotbot; help@moz.com)" 
216.244.66.245 - - [01/Jun/2023:16:29:43 -0700] "GET /self.logs/error.log.2017-02-18.gz HTTP/1.1" 200 889 "-" "Mozilla/5.0 (compatible; DotBot/1.2; +https://opensiteexplorer.org/dotbot; help@moz.com)" 
52.76.41.54 - - [01/Jun/2023:16:29:44 -0700] "GET /self.logs/access.log.2017-08-07.gz HTTP/1.1" 200 38525 "-" "Mozilla/5.0 (Linux; Android 5.0) AppleWebKit/537.36 (KHTML, like Gecko) Mobile Safari/537.36 (compatible; Bytespider; https://zhanzhang.toutiao.com/)" 
216.244.66.245 - - [01/Jun/2023:16:30:12 -0700] "GET /self.logs/error.log.2020-03-29.gz HTTP/1.1" 200 841 "-" "Mozilla/5.0 (compatible; DotBot/1.2; +https://opensiteexplorer.org/dotbot; help@moz.com)" 
64.64.123.41 - - [01/Jun/2023:16:30:16 -0700] "HEAD /website.zip HTTP/1.1" 301 178 "-" "-" 
64.64.123.41 - - [01/Jun/2023:16:30:16 -0700] "HEAD /website.zip HTTP/1.1" 404 265 "-" "-" 
216.244.66.245 - - [01/Jun/2023:16:30:43 -0700] "GET /self.logs/error.log.2020-04-16.gz HTTP/1.1" 200 1392 "-" "Mozilla/5.0 (compatible; DotBot/1.2; +https://opensiteexplorer.org/dotbot; help@moz.com)" 
82.118.30.97 - - [01/Jun/2023:16:31:10 -0700] "HEAD /bak/secrepo.com.sql HTTP/1.1" 301 186 "-" "-" 
82.118.30.75 - - [01/Jun/2023:16:31:10 -0700] "HEAD /bak/secrepo.com.sql HTTP/1.1" 404 265 "-" "-" 
216.244.66.245 - - [01/Jun/2023:16:31:11 -0700] "GET /self.logs/error.log.2020-06-21 HTTP/1.1" 200 307 "-" "Mozilla/5.0 (compatible; DotBot/1.2; +https://opensiteexplorer.org/dotbot; help@moz.com)" 
216.244.66.245 - - [01/Jun/2023:16:31:41 -0700] "GET /self.logs/error.log.2022-10-26.gz HTTP/1.1" 200 4948 "-" "Mozilla/5.0 (compatible; DotBot/1.2; +https://opensiteexplorer.org/dotbot; help@moz.com)" 
216.244.66.245 - - [01/Jun/2023:16:32:05 -0700] "GET /Datasets%20Description/HTML_Bro_log_3/?C=S;O=A HTTP/1.1" 200 1819 "-" "Mozilla/5.0 (compatible; DotBot/1.2; +https://opensiteexplorer.org/dotbot; help@moz.com)" 
45.92.228.93 - - [01/Jun/2023:16:32:06 -0700] "HEAD /restore/public_html.rar HTTP/1.1" 301 190 "-" "-" 
45.92.228.90 - - [01/Jun/2023:16:32:06 -0700] "HEAD /restore/public_html.rar HTTP/1.1" 404 265 "-" "-" 
52.77.164.157 - - [01/Jun/2023:16:32:21 -0700] "GET /self.logs/access.log.2023-01-16.gz HTTP/1.1" 200 20659 "-" "Mozilla/5.0 (Linux; Android 5.0) AppleWebKit/537.36 (KHTML, like Gecko) Mobile Safari/537.36 (compatible; Bytespider; https://zhanzhang.toutiao.com/)" 
216.244.66.245 - - [01/Jun/2023:16:32:29 -0700] "GET /Datasets%20Description/PE_malware/?C=M;O=A HTTP/1.1" 200 1007 "-" "Mozilla/5.0 (compatible; DotBot/1.2; +https://opensiteexplorer.org/dotbot; help@moz.com)" 
