49.37.174.108 - - [09/Dec/2020:18:52:54 -0800] "GET /GitHub-Mark.png HTTP/1.1" 200 7533 "http://www.secrepo.com/" "Mozilla/5.0 (Macintosh; Intel Mac OS X 10_15_7) AppleWebKit/537.36 (KHTML, like Gecko) Chrome/87.0.4280.88 Safari/537.36" 
49.37.174.108 - - [09/Dec/2020:18:52:55 -0800] "GET /bootstrap/img/favicon.ico HTTP/1.1" 200 690 "http://www.secrepo.com/" "Mozilla/5.0 (Macintosh; Intel Mac OS X 10_15_7) AppleWebKit/537.36 (KHTML, like Gecko) Chrome/87.0.4280.88 Safari/537.36" 
54.36.149.58 - - [09/Dec/2020:19:02:57 -0800] "GET /self.logs/?C=N;O=D HTTP/1.1" 200 26972 "-" "Mozilla/5.0 (compatible; AhrefsBot/7.0; +http://ahrefs.com/robot/)" 
66.249.64.155 - - [09/Dec/2020:19:07:44 -0800] "GET /honeypot/Honeypot%20-%20Howto.pdf HTTP/1.1" 304 266 "-" "Mozilla/5.0 (compatible; Googlebot/2.1; +http://www.google.com/bot.html)" 
173.231.59.197 - - [09/Dec/2020:19:10:05 -0800] "GET /robots.txt HTTP/1.1" 200 340 "-" "Mozilla/5.0 (compatible; Adsbot/3.1)" 
173.231.59.197 - - [09/Dec/2020:19:11:32 -0800] "GET / HTTP/1.1" 200 12844 "-" "Mozilla/5.0 (compatible; Adsbot/3.1)" 
40.77.167.39 - - [09/Dec/2020:19:16:46 -0800] "GET / HTTP/1.1" 200 12882 "-" "Mozilla/5.0 (compatible; bingbot/2.0; +http://www.bing.com/bingbot.htm)" 
54.36.149.58 - - [09/Dec/2020:19:17:45 -0800] "GET /self.logs/error.log.2018-10-27.gz HTTP/1.1" 200 5450 "-" "Mozilla/5.0 (compatible; AhrefsBot/7.0; +http://ahrefs.com/robot/)" 
40.77.167.39 - - [09/Dec/2020:19:22:31 -0800] "GET /self.logs/access.log.2017-04-08.gz HTTP/1.1" 304 280 "-" "Mozilla/5.0 (compatible; bingbot/2.0; +http://www.bing.com/bingbot.htm)" 
146.185.128.43 - - [09/Dec/2020:19:23:40 -0800] "GET / HTTP/1.1" 200 12882 "-" "Mozilla/5.0 (Macintosh; Intel Mac OS X 10_14_4) AppleWebKit/537.36 (KHTML, like Gecko) Chrome/73.0.3683.103 Safari/537.36" 
146.185.128.43 - - [09/Dec/2020:19:23:40 -0800] "GET /css/style.css HTTP/1.1" 404 305 "http://www.secrepo.com/" "Mozilla/5.0 (Macintosh; Intel Mac OS X 10_14_4) AppleWebKit/537.36 (KHTML, like Gecko) Chrome/73.0.3683.103 Safari/537.36" 
146.185.128.43 - - [09/Dec/2020:19:23:40 -0800] "GET /twitter-icon.png HTTP/1.1" 200 27893 "http://www.secrepo.com/" "Mozilla/5.0 (Macintosh; Intel Mac OS X 10_14_4) AppleWebKit/537.36 (KHTML, like Gecko) Chrome/73.0.3683.103 Safari/537.36" 
146.185.128.43 - - [09/Dec/2020:19:23:40 -0800] "GET /GitHub-Mark.png HTTP/1.1" 200 7556 "http://www.secrepo.com/" "Mozilla/5.0 (Macintosh; Intel Mac OS X 10_14_4) AppleWebKit/537.36 (KHTML, like Gecko) Chrome/73.0.3683.103 Safari/537.36" 
111.202.101.68 - - [09/Dec/2020:19:30:32 -0800] "GET /css/style.css HTTP/1.1" 404 291 "-" "Mozilla/4.0 (compatible; MSIE 7.0; Windows NT 6.0; Trident/4.0)" 
58.250.125.185 - - [09/Dec/2020:19:30:33 -0800] "GET /css/style.css HTTP/1.1" 404 284 "-" "Sogou web spider/4.0(+http://www.sogou.com/docs/help/webmasters.htm#07)" 
111.202.100.82 - - [09/Dec/2020:19:30:33 -0800] "GET /css/style.css HTTP/1.1" 404 284 "-" "Sogou web spider/4.0(+http://www.sogou.com/docs/help/webmasters.htm#07)" 
111.202.100.82 - - [09/Dec/2020:19:30:33 -0800] "GET /css/style.css HTTP/1.1" 404 284 "-" "Mozilla/5.0 (Macintosh; Intel Mac OS X 10_15_1) AppleWebKit/537.36 (KHTML, like Gecko) Chrome/78.0.3904.97 Safari/537.36" 
49.7.20.28 - - [09/Dec/2020:19:30:33 -0800] "GET /css/style.css HTTP/1.1" 404 284 "-" "Sogou web spider/4.0(+http://www.sogou.com/docs/help/webmasters.htm#07)" 
58.250.125.185 - - [09/Dec/2020:19:30:33 -0800] "GET /css/style.css HTTP/1.1" 404 284 "-" "Mozilla/5.0 (Macintosh; Intel Mac OS X 10_15_1) AppleWebKit/537.36 (KHTML, like Gecko) Chrome/78.0.3904.97 Safari/537.36" 
49.7.20.28 - - [09/Dec/2020:19:30:35 -0800] "GET /css/style.css HTTP/1.1" 404 284 "-" "Mozilla/5.0 (Macintosh; Intel Mac OS X 10_15_1) AppleWebKit/537.36 (KHTML, like Gecko) Chrome/78.0.3904.97 Safari/537.36" 
54.36.148.14 - - [09/Dec/2020:19:31:14 -0800] "GET /self.logs/access.log.2020-09-04.gz HTTP/1.1" 200 10579 "-" "Mozilla/5.0 (compatible; AhrefsBot/7.0; +http://ahrefs.com/robot/)" 
173.231.59.197 - - [09/Dec/2020:19:32:30 -0800] "GET /robots.txt HTTP/1.1" 301 458 "-" "Mozilla/5.0 (compatible; Adsbot/3.1)" 
207.46.13.26 - - [09/Dec/2020:19:33:06 -0800] "GET /self.logs/error.log.2019-08-08 HTTP/1.1" 301 535 "-" "Mozilla/5.0 (compatible; bingbot/2.0; +http://www.bing.com/bingbot.htm)" 
113.140.11.4 - - [09/Dec/2020:19:35:00 -0800] "GET /Security-Data-Analysis/Lab_1/conn.log.zip HTTP/1.1" 200 385920 "-" "Mozilla/5.0 (Windows NT 6.1; Win64; x64; rv:83.0) Gecko/20100101 Firefox/83.0" 
54.36.149.58 - - [09/Dec/2020:19:44:57 -0800] "GET /self.logs/error.log.2018-09-20.gz HTTP/1.1" 200 5024 "-" "Mozilla/5.0 (compatible; AhrefsBot/7.0; +http://ahrefs.com/robot/)" 
72.199.108.86 - - [09/Dec/2020:19:46:34 -0800] "GET / HTTP/1.1" 200 12882 "-" "Mozilla/5.0 (Windows NT 10.0; Win64; x64) AppleWebKit/537.36 (KHTML, like Gecko) Chrome/87.0.4280.88 Safari/537.36" 
72.199.108.86 - - [09/Dec/2020:19:46:34 -0800] "GET /css/style.css HTTP/1.1" 404 305 "http://www.secrepo.com/" "Mozilla/5.0 (Windows NT 10.0; Win64; x64) AppleWebKit/537.36 (KHTML, like Gecko) Chrome/87.0.4280.88 Safari/537.36" 
72.199.108.86 - - [09/Dec/2020:19:46:34 -0800] "GET /twitter-icon.png HTTP/1.1" 200 27916 "http://www.secrepo.com/" "Mozilla/5.0 (Windows NT 10.0; Win64; x64) AppleWebKit/537.36 (KHTML, like Gecko) Chrome/87.0.4280.88 Safari/537.36" 
72.199.108.86 - - [09/Dec/2020:19:46:34 -0800] "GET /GitHub-Mark.png HTTP/1.1" 200 7533 "http://www.secrepo.com/" "Mozilla/5.0 (Windows NT 10.0; Win64; x64) AppleWebKit/537.36 (KHTML, like Gecko) Chrome/87.0.4280.88 Safari/537.36" 
72.199.108.86 - - [09/Dec/2020:19:46:35 -0800] "GET /bootstrap/img/favicon.ico HTTP/1.1" 200 690 "http://www.secrepo.com/" "Mozilla/5.0 (Windows NT 10.0; Win64; x64) AppleWebKit/537.36 (KHTML, like Gecko) Chrome/87.0.4280.88 Safari/537.36" 
66.249.64.153 - - [09/Dec/2020:19:49:36 -0800] "GET /ads.txt HTTP/1.1" 404 328 "-" "Mozilla/5.0 (compatible; Googlebot/2.1; +http://www.google.com/bot.html)" 
72.199.108.86 - - [09/Dec/2020:19:48:05 -0800] "GET /maccdc2012/conn.log.gz HTTP/1.1" 200 549157753 "http://www.secrepo.com/" "Mozilla/5.0 (Windows NT 10.0; Win64; x64) AppleWebKit/537.36 (KHTML, like Gecko) Chrome/87.0.4280.88 Safari/537.36" 
72.199.108.86 - - [09/Dec/2020:19:51:06 -0800] "GET /css/style.css HTTP/1.1" 404 328 "http://www.secrepo.com/" "Mozilla/5.0 (Windows NT 10.0; Win64; x64) AppleWebKit/537.36 (KHTML, like Gecko) Chrome/87.0.4280.88 Safari/537.36" 
54.36.148.179 - - [09/Dec/2020:19:52:07 -0800] "GET /self.logs/error.log.2020-09-16 HTTP/1.1" 200 724 "-" "Mozilla/5.0 (compatible; AhrefsBot/7.0; +http://ahrefs.com/robot/)" 
54.36.149.58 - - [09/Dec/2020:19:59:45 -0800] "GET /self.logs/access.log.2018-12-03.gz HTTP/1.1" 200 22530 "-" "Mozilla/5.0 (compatible; AhrefsBot/7.0; +http://ahrefs.com/robot/)" 
173.231.59.197 - - [09/Dec/2020:20:02:14 -0800] "GET / HTTP/1.1" 200 12842 "-" "Mozilla/5.0 (compatible; Adsbot/3.1)" 
54.36.149.103 - - [09/Dec/2020:20:07:17 -0800] "GET /self.logs/access.log.2018-03-28.gz HTTP/1.1" 200 27542 "-" "Mozilla/5.0 (compatible; AhrefsBot/7.0; +http://ahrefs.com/robot/)" 
173.231.59.197 - - [09/Dec/2020:20:10:27 -0800] "GET / HTTP/1.1" 301 438 "-" "Mozilla/5.0 (compatible; Adsbot/3.1)" 
173.231.59.197 - - [09/Dec/2020:20:10:32 -0800] "GET /data HTTP/1.1" 404 291 "http://www.secrepo.com/" "Mozilla/5.0 (compatible; Adsbot/3.1)" 
173.231.59.197 - - [09/Dec/2020:20:11:04 -0800] "GET /tg/a.zip HTTP/1.1" 200 73000 "http://www.secrepo.com/" "Mozilla/5.0 (compatible; Adsbot/3.1)" 
173.231.59.197 - - [09/Dec/2020:20:11:34 -0800] "GET /tg/b.zip HTTP/1.1" 200 70080 "http://www.secrepo.com/" "Mozilla/5.0 (compatible; Adsbot/3.1)" 
173.231.59.197 - - [09/Dec/2020:20:12:07 -0800] "GET /tg/c.zip HTTP/1.1" 200 73000 "http://www.secrepo.com/" "Mozilla/5.0 (compatible; Adsbot/3.1)" 
54.36.149.58 - - [09/Dec/2020:20:12:32 -0800] "GET /self.logs/access.log.2018-03-29.gz HTTP/1.1" 200 21055 "-" "Mozilla/5.0 (compatible; AhrefsBot/7.0; +http://ahrefs.com/robot/)" 
173.231.59.197 - - [09/Dec/2020:20:12:47 -0800] "GET /self.logs/ HTTP/1.1" 200 26322 "http://www.secrepo.com/" "Mozilla/5.0 (compatible; Adsbot/3.1)" 
173.231.59.197 - - [09/Dec/2020:20:13:31 -0800] "GET /pe_static/apt1.zip HTTP/1.1" 200 70080 "http://www.secrepo.com/" "Mozilla/5.0 (compatible; Adsbot/3.1)" 
173.231.59.197 - - [09/Dec/2020:20:14:07 -0800] "GET /pe_static/zeus.zip HTTP/1.1" 200 73000 "http://www.secrepo.com/" "Mozilla/5.0 (compatible; Adsbot/3.1)" 
173.231.59.197 - - [09/Dec/2020:20:14:52 -0800] "GET /squid/access.log.gz HTTP/1.1" 200 75920 "http://www.secrepo.com/" "Mozilla/5.0 (compatible; Adsbot/3.1)" 
157.55.39.220 - - [09/Dec/2020:20:14:53 -0800] "GET /self.logs/error.log.2017-11-19.gz HTTP/1.1" 301 541 "-" "Mozilla/5.0 (compatible; bingbot/2.0; +http://www.bing.com/bingbot.htm)" 
54.36.149.58 - - [09/Dec/2020:20:15:15 -0800] "GET /self.logs/access.log.2017-02-21.gz HTTP/1.1" 200 15979 "-" "Mozilla/5.0 (compatible; AhrefsBot/7.0; +http://ahrefs.com/robot/)" 
173.231.59.197 - - [09/Dec/2020:20:15:29 -0800] "GET /tg/tg_snort_fast.7z HTTP/1.1" 200 70080 "http://www.secrepo.com/" "Mozilla/5.0 (compatible; Adsbot/3.1)" 
173.231.59.197 - - [09/Dec/2020:20:16:12 -0800] "GET /tg/tg_snort_full.7z HTTP/1.1" 200 73000 "http://www.secrepo.com/" "Mozilla/5.0 (compatible; Adsbot/3.1)" 
173.231.59.197 - - [09/Dec/2020:20:16:51 -0800] "GET /auth.log/auth.log.gz HTTP/1.1" 200 75920 "http://www.secrepo.com/" "Mozilla/5.0 (compatible; Adsbot/3.1)" 
173.231.59.197 - - [09/Dec/2020:20:17:45 -0800] "GET /scada/scada_logs.zip HTTP/1.1" 200 70080 "http://www.secrepo.com/" "Mozilla/5.0 (compatible; Adsbot/3.1)" 
54.36.149.58 - - [09/Dec/2020:20:17:54 -0800] "GET /self.logs/access.log.2018-04-15.gz HTTP/1.1" 200 17640 "-" "Mozilla/5.0 (compatible; AhrefsBot/7.0; +http://ahrefs.com/robot/)" 
173.231.59.197 - - [09/Dec/2020:20:18:38 -0800] "GET /maccdc2012/dns.log.gz HTTP/1.1" 200 75920 "http://www.secrepo.com/" "Mozilla/5.0 (compatible; Adsbot/3.1)" 
173.231.59.197 - - [09/Dec/2020:20:19:05 -0800] "GET /maccdc2012/ftp.log.gz HTTP/1.1" 200 75920 "http://www.secrepo.com/" "Mozilla/5.0 (compatible; Adsbot/3.1)" 
173.231.59.197 - - [09/Dec/2020:20:19:43 -0800] "GET /maccdc2012/ssh.log.gz HTTP/1.1" 200 73000 "http://www.secrepo.com/" "Mozilla/5.0 (compatible; Adsbot/3.1)" 
173.231.59.197 - - [09/Dec/2020:20:20:13 -0800] "GET /maccdc2012/ssl.log.gz HTTP/1.1" 200 73000 "http://www.secrepo.com/" "Mozilla/5.0 (compatible; Adsbot/3.1)" 
54.36.149.58 - - [09/Dec/2020:20:20:48 -0800] "GET /self.logs/error.log.2019-06-28.gz HTTP/1.1" 200 2401 "-" "Mozilla/5.0 (compatible; AhrefsBot/7.0; +http://ahrefs.com/robot/)" 
173.231.59.197 - - [09/Dec/2020:20:20:55 -0800] "GET /maccdc2012/conn.log.gz HTTP/1.1" 200 73000 "http://www.secrepo.com/" "Mozilla/5.0 (compatible; Adsbot/3.1)" 
173.231.59.197 - - [09/Dec/2020:20:21:31 -0800] "GET /maccdc2012/dhcp.log.gz HTTP/1.1" 200 44940 "http://www.secrepo.com/" "Mozilla/5.0 (compatible; Adsbot/3.1)" 
173.231.59.197 - - [09/Dec/2020:20:22:09 -0800] "GET /maccdc2012/http.log.gz HTTP/1.1" 200 75920 "http://www.secrepo.com/" "Mozilla/5.0 (compatible; Adsbot/3.1)" 
173.231.59.197 - - [09/Dec/2020:20:22:49 -0800] "GET /maccdc2012/smtp.log.gz HTTP/1.1" 200 6919 "http://www.secrepo.com/" "Mozilla/5.0 (compatible; Adsbot/3.1)" 
173.231.59.197 - - [09/Dec/2020:20:23:20 -0800] "GET /maccdc2012/files.log.gz HTTP/1.1" 200 75920 "http://www.secrepo.com/" "Mozilla/5.0 (compatible; Adsbot/3.1)" 
54.36.149.77 - - [09/Dec/2020:20:23:33 -0800] "GET /self.logs/access.log.2018-04-18.gz HTTP/1.1" 200 20337 "-" "Mozilla/5.0 (compatible; AhrefsBot/7.0; +http://ahrefs.com/robot/)" 
173.231.59.197 - - [09/Dec/2020:20:23:48 -0800] "GET /maccdc2012/weird.log.gz HTTP/1.1" 200 70080 "http://www.secrepo.com/" "Mozilla/5.0 (compatible; Adsbot/3.1)" 
173.231.59.197 - - [09/Dec/2020:20:24:29 -0800] "GET /maccdc2012/notice.log.gz HTTP/1.1" 200 20760 "http://www.secrepo.com/" "Mozilla/5.0 (compatible; Adsbot/3.1)" 
173.231.59.197 - - [09/Dec/2020:20:25:03 -0800] "GET /maccdc2012/tunnel.log.gz HTTP/1.1" 200 5245 "http://www.secrepo.com/" "Mozilla/5.0 (compatible; Adsbot/3.1)" 
173.231.59.197 - - [09/Dec/2020:20:25:35 -0800] "GET /pe_static/op-cleaver.zip HTTP/1.1" 200 75920 "http://www.secrepo.com/" "Mozilla/5.0 (compatible; Adsbot/3.1)" 
54.36.148.209 - - [09/Dec/2020:20:26:24 -0800] "GET /self.logs/access.log.2017-06-20.gz HTTP/1.1" 200 26784 "-" "Mozilla/5.0 (compatible; AhrefsBot/7.0; +http://ahrefs.com/robot/)" 
173.231.59.197 - - [09/Dec/2020:20:26:46 -0800] "GET /honeypot/honeypot.json.zip HTTP/1.1" 200 73000 "http://www.secrepo.com/" "Mozilla/5.0 (compatible; Adsbot/3.1)" 
173.231.59.197 - - [09/Dec/2020:20:27:14 -0800] "GET /maccdc2012/signatures.log.gz HTTP/1.1" 200 631 "http://www.secrepo.com/" "Mozilla/5.0 (compatible; Adsbot/3.1)" 
173.231.59.197 - - [09/Dec/2020:20:27:41 -0800] "GET /domaindata/domainmovement.zip HTTP/1.1" 200 75920 "http://www.secrepo.com/" "Mozilla/5.0 (compatible; Adsbot/3.1)" 
173.231.59.197 - - [09/Dec/2020:20:28:07 -0800] "GET /misc/zeus_dga_domains.txt.zip HTTP/1.1" 200 73000 "http://www.secrepo.com/" "Mozilla/5.0 (compatible; Adsbot/3.1)" 
85.208.96.65 - - [09/Dec/2020:20:28:11 -0800] "GET /robots.txt HTTP/1.1" 301 439 "-" "Mozilla/5.0 (compatible; SemrushBot-BM/1.0; +http://www.semrush.com/bot.html)" 
85.208.96.65 - - [09/Dec/2020:20:28:14 -0800] "GET /robots.txt HTTP/1.1" 200 333 "-" "Mozilla/5.0 (compatible; SemrushBot-BM/1.0; +http://www.semrush.com/bot.html)" 
173.231.59.197 - - [09/Dec/2020:20:28:38 -0800] "GET /maccdc2012/maccdc2012_fast_alert.7z HTTP/1.1" 200 73000 "http://www.secrepo.com/" "Mozilla/5.0 (compatible; Adsbot/3.1)" 
173.231.59.197 - - [09/Dec/2020:20:29:12 -0800] "GET /maccdc2012/maccdc2012_full_alert.7z HTTP/1.1" 200 73000 "http://www.secrepo.com/" "Mozilla/5.0 (compatible; Adsbot/3.1)" 
54.36.148.14 - - [09/Dec/2020:20:29:15 -0800] "GET /self.logs/error.log.2017-11-02.gz HTTP/1.1" 200 1937 "-" "Mozilla/5.0 (compatible; AhrefsBot/7.0; +http://ahrefs.com/robot/)" 
173.231.59.197 - - [09/Dec/2020:20:29:40 -0800] "GET /Security-Data-Analysis/Lab_1/conn.log.zip HTTP/1.1" 200 75920 "http://www.secrepo.com/" "Mozilla/5.0 (compatible; Adsbot/3.1)" 
54.36.149.58 - - [09/Dec/2020:20:32:00 -0800] "GET /Datasets%20Description/PE_malware/?C=D;O=A HTTP/1.1" 200 642 "-" "Mozilla/5.0 (compatible; AhrefsBot/7.0; +http://ahrefs.com/robot/)" 
218.77.121.35 - - [09/Dec/2020:20:32:44 -0800] "GET / HTTP/1.1" 200 12844 "http://www.secrepo.com/" "Mozilla/5.0 (Windows NT 10.0; WOW64) AppleWebKit/537.36 (KHTML, like Gecko) Chrome/63.0.3239.132 Safari/537.36" 
54.36.148.14 - - [09/Dec/2020:20:34:50 -0800] "GET /self.logs/access.log.2017-03-15.gz HTTP/1.1" 200 15770 "-" "Mozilla/5.0 (compatible; AhrefsBot/7.0; +http://ahrefs.com/robot/)" 
103.7.29.7 - - [09/Dec/2020:20:35:16 -0800] "GET / HTTP/1.1" 200 12881 "https://www.researchgate.net/" "Mozilla/5.0 (Macintosh; Intel Mac OS X 10_15_4) AppleWebKit/537.36 (KHTML, like Gecko) Chrome/87.0.4280.88 Safari/537.36" 
103.7.29.7 - - [09/Dec/2020:20:35:16 -0800] "GET /css/style.css HTTP/1.1" 404 305 "http://www.secrepo.com/" "Mozilla/5.0 (Macintosh; Intel Mac OS X 10_15_4) AppleWebKit/537.36 (KHTML, like Gecko) Chrome/87.0.4280.88 Safari/537.36" 
103.7.29.7 - - [09/Dec/2020:20:35:16 -0800] "GET /twitter-icon.png HTTP/1.1" 200 27893 "http://www.secrepo.com/" "Mozilla/5.0 (Macintosh; Intel Mac OS X 10_15_4) AppleWebKit/537.36 (KHTML, like Gecko) Chrome/87.0.4280.88 Safari/537.36" 
103.7.29.6 - - [09/Dec/2020:20:35:17 -0800] "GET /GitHub-Mark.png HTTP/1.1" 200 7556 "http://www.secrepo.com/" "Mozilla/5.0 (Macintosh; Intel Mac OS X 10_15_4) AppleWebKit/537.36 (KHTML, like Gecko) Chrome/87.0.4280.88 Safari/537.36" 
103.7.29.7 - - [09/Dec/2020:20:35:21 -0800] "GET /robots.txt HTTP/1.1" 200 377 "-" "Mozilla/5.0 (Macintosh; Intel Mac OS X 10_15_4) AppleWebKit/537.36 (KHTML, like Gecko) Chrome/87.0.4280.88 Safari/537.36" 
54.36.149.58 - - [09/Dec/2020:20:37:24 -0800] "GET /self.logs/access.log.2019-02-06.gz HTTP/1.1" 200 22358 "-" "Mozilla/5.0 (compatible; AhrefsBot/7.0; +http://ahrefs.com/robot/)" 
54.36.148.14 - - [09/Dec/2020:20:39:52 -0800] "GET /self.logs/access.log.2018-08-31.gz HTTP/1.1" 200 23987 "-" "Mozilla/5.0 (compatible; AhrefsBot/7.0; +http://ahrefs.com/robot/)" 
54.36.148.14 - - [09/Dec/2020:20:42:21 -0800] "GET /self.logs/error.log.2017-11-05.gz HTTP/1.1" 200 2961 "-" "Mozilla/5.0 (compatible; AhrefsBot/7.0; +http://ahrefs.com/robot/)" 
207.46.13.196 - - [09/Dec/2020:20:43:02 -0800] "GET /self.logs/error.log.2018-09-29.gz HTTP/1.1" 301 541 "-" "Mozilla/5.0 (compatible; bingbot/2.0; +http://www.bing.com/bingbot.htm)" 
54.36.148.14 - - [09/Dec/2020:20:44:57 -0800] "GET /self.logs/access.log.2019-02-12.gz HTTP/1.1" 200 21127 "-" "Mozilla/5.0 (compatible; AhrefsBot/7.0; +http://ahrefs.com/robot/)" 
54.36.149.58 - - [09/Dec/2020:20:47:26 -0800] "GET /self.logs/access.log.2019-07-13.gz HTTP/1.1" 200 23428 "-" "Mozilla/5.0 (compatible; AhrefsBot/7.0; +http://ahrefs.com/robot/)" 
54.36.149.13 - - [09/Dec/2020:20:49:59 -0800] "GET /Datasets%20Description/HTML_Bro_log_1/?C=S;O=A HTTP/1.1" 200 783 "-" "Mozilla/5.0 (compatible; AhrefsBot/7.0; +http://ahrefs.com/robot/)" 
54.36.149.58 - - [09/Dec/2020:20:52:40 -0800] "GET /self.logs/error.log.2017-01-23.gz HTTP/1.1" 200 1043 "-" "Mozilla/5.0 (compatible; AhrefsBot/7.0; +http://ahrefs.com/robot/)" 
54.36.149.58 - - [09/Dec/2020:20:55:15 -0800] "GET /self.logs/error.log.2017-11-08.gz HTTP/1.1" 200 2494 "-" "Mozilla/5.0 (compatible; AhrefsBot/7.0; +http://ahrefs.com/robot/)" 
54.36.148.255 - - [09/Dec/2020:20:58:00 -0800] "GET /self.logs/access.log.2019-02-20.gz HTTP/1.1" 200 19556 "-" "Mozilla/5.0 (compatible; AhrefsBot/7.0; +http://ahrefs.com/robot/)" 
54.36.148.14 - - [09/Dec/2020:21:01:09 -0800] "GET /Datasets%20Description/Network/tunnel.html HTTP/1.1" 200 1426 "-" "Mozilla/5.0 (compatible; AhrefsBot/7.0; +http://ahrefs.com/robot/)" 
54.36.149.58 - - [09/Dec/2020:21:03:42 -0800] "GET /self.logs/error.log.2020-01-04.gz HTTP/1.1" 200 828 "-" "Mozilla/5.0 (compatible; AhrefsBot/7.0; +http://ahrefs.com/robot/)" 
54.36.148.14 - - [09/Dec/2020:21:09:12 -0800] "GET /self.logs/error.log.2018-08-10.gz HTTP/1.1" 200 6903 "-" "Mozilla/5.0 (compatible; AhrefsBot/7.0; +http://ahrefs.com/robot/)" 
138.201.220.92 - - [09/Dec/2020:21:11:40 -0800] "GET / HTTP/1.1" 301 475 "-" "Mozilla/5.0 (Macintosh; Intel Mac OS X 10_13_4) AppleWebKit/537.36 (KHTML, like Gecko) Chrome/67.0.3396.87 Safari/537.36" 
138.201.220.92 - - [09/Dec/2020:21:11:42 -0800] "GET / HTTP/1.1" 200 12881 "http://secrepo.com" "Mozilla/5.0 (Macintosh; Intel Mac OS X 10_13_4) AppleWebKit/537.36 (KHTML, like Gecko) Chrome/67.0.3396.87 Safari/537.36" 
138.201.220.92 - - [09/Dec/2020:21:11:45 -0800] "GET /data HTTP/1.1" 404 328 "http://www.secrepo.com/" "Mozilla/5.0 (Macintosh; Intel Mac OS X 10_13_4) AppleWebKit/537.36 (KHTML, like Gecko) Chrome/67.0.3396.87 Safari/537.36" 
138.201.220.92 - - [09/Dec/2020:21:11:46 -0800] "GET /honeypot/Honeypot%20-%20Howto%20-%20BSides%20Austin.pdf HTTP/1.1" 200 2928571 "http://www.secrepo.com/" "Mozilla/5.0 (Macintosh; Intel Mac OS X 10_13_4) AppleWebKit/537.36 (KHTML, like Gecko) Chrome/67.0.3396.87 Safari/537.36" 
138.201.220.92 - - [09/Dec/2020:21:11:48 -0800] "GET / HTTP/1.1" 301 475 "http://www.secrepo.com/" "Mozilla/5.0 (Macintosh; Intel Mac OS X 10_13_4) AppleWebKit/537.36 (KHTML, like Gecko) Chrome/67.0.3396.87 Safari/537.36" 
138.201.220.92 - - [09/Dec/2020:21:11:49 -0800] "GET / HTTP/1.1" 200 12881 "http://secrepo.com" "Mozilla/5.0 (Macintosh; Intel Mac OS X 10_13_4) AppleWebKit/537.36 (KHTML, like Gecko) Chrome/67.0.3396.87 Safari/537.36" 
138.201.220.92 - - [09/Dec/2020:21:11:53 -0800] "GET /honeypot/Honeypot%20-%20Howto.pdf HTTP/1.1" 200 1279529 "http://www.secrepo.com/" "Mozilla/5.0 (Macintosh; Intel Mac OS X 10_13_4) AppleWebKit/537.36 (KHTML, like Gecko) Chrome/67.0.3396.87 Safari/537.36" 
138.201.220.92 - - [09/Dec/2020:21:11:55 -0800] "GET /maccdc2012/conn.log.gz HTTP/1.1" 200 3010520 "http://www.secrepo.com/" "Mozilla/5.0 (Macintosh; Intel Mac OS X 10_13_4) AppleWebKit/537.36 (KHTML, like Gecko) Chrome/67.0.3396.87 Safari/537.36" 
138.201.220.92 - - [09/Dec/2020:21:11:56 -0800] "GET /ftp://download.iwlab.foi.se/dataset/ HTTP/1.1" 404 328 "http://www.secrepo.com/" "Mozilla/5.0 (Macintosh; Intel Mac OS X 10_13_4) AppleWebKit/537.36 (KHTML, like Gecko) Chrome/67.0.3396.87 Safari/537.36" 
138.201.220.92 - - [09/Dec/2020:21:11:57 -0800] "GET /maccdc2012/dhcp.log.gz HTTP/1.1" 200 44977 "http://www.secrepo.com/" "Mozilla/5.0 (Macintosh; Intel Mac OS X 10_13_4) AppleWebKit/537.36 (KHTML, like Gecko) Chrome/67.0.3396.87 Safari/537.36" 
138.201.220.92 - - [09/Dec/2020:21:12:02 -0800] "GET /Security-Data-Analysis/Lab_1/conn.log.zip HTTP/1.1" 200 4333280 "http://www.secrepo.com/" "Mozilla/5.0 (Macintosh; Intel Mac OS X 10_13_4) AppleWebKit/537.36 (KHTML, like Gecko) Chrome/67.0.3396.87 Safari/537.36" 
138.201.220.92 - - [09/Dec/2020:21:12:04 -0800] "GET /Datasets%20Description/Network/dhcp.html HTTP/1.1" 200 1461 "http://www.secrepo.com/" "Mozilla/5.0 (Macintosh; Intel Mac OS X 10_13_4) AppleWebKit/537.36 (KHTML, like Gecko) Chrome/67.0.3396.87 Safari/537.36" 
138.201.220.92 - - [09/Dec/2020:21:12:05 -0800] "GET /honeypot/BSidesDFW%20-%202014.ipynb HTTP/1.1" 200 930921 "http://www.secrepo.com/" "Mozilla/5.0 (Macintosh; Intel Mac OS X 10_13_4) AppleWebKit/537.36 (KHTML, like Gecko) Chrome/67.0.3396.87 Safari/537.36" 
138.201.220.92 - - [09/Dec/2020:21:12:07 -0800] "GET /maccdc2012/dns.log.gz HTTP/1.1" 200 4791720 "http://www.secrepo.com/" "Mozilla/5.0 (Macintosh; Intel Mac OS X 10_13_4) AppleWebKit/537.36 (KHTML, like Gecko) Chrome/67.0.3396.87 Safari/537.36" 
138.201.220.92 - - [09/Dec/2020:21:12:09 -0800] "GET /honeypot/honeypot.json.zip HTTP/1.1" 200 3235360 "http://www.secrepo.com/" "Mozilla/5.0 (Macintosh; Intel Mac OS X 10_13_4) AppleWebKit/537.36 (KHTML, like Gecko) Chrome/67.0.3396.87 Safari/537.36" 
138.201.220.92 - - [09/Dec/2020:21:12:11 -0800] "GET /Datasets%20Description/Network/dns.html HTTP/1.1" 200 1543 "http://www.secrepo.com/" "Mozilla/5.0 (Macintosh; Intel Mac OS X 10_13_4) AppleWebKit/537.36 (KHTML, like Gecko) Chrome/67.0.3396.87 Safari/537.36" 
138.201.220.92 - - [09/Dec/2020:21:12:12 -0800] "GET /auth.log/auth.log.gz HTTP/1.1" 200 615679 "http://www.secrepo.com/" "Mozilla/5.0 (Macintosh; Intel Mac OS X 10_13_4) AppleWebKit/537.36 (KHTML, like Gecko) Chrome/67.0.3396.87 Safari/537.36" 
138.201.220.92 - - [09/Dec/2020:21:12:13 -0800] "GET /maccdc2012/files.log.gz HTTP/1.1" 200 4201880 "http://www.secrepo.com/" "Mozilla/5.0 (Macintosh; Intel Mac OS X 10_13_4) AppleWebKit/537.36 (KHTML, like Gecko) Chrome/67.0.3396.87 Safari/537.36" 
138.201.220.92 - - [09/Dec/2020:21:12:15 -0800] "GET /squid/access.log.gz HTTP/1.1" 200 3235360 "http://www.secrepo.com/" "Mozilla/5.0 (Macintosh; Intel Mac OS X 10_13_4) AppleWebKit/537.36 (KHTML, like Gecko) Chrome/67.0.3396.87 Safari/537.36" 
138.201.220.92 - - [09/Dec/2020:21:12:17 -0800] "GET /Datasets%20Description/Network/files.html HTTP/1.1" 200 1532 "http://www.secrepo.com/" "Mozilla/5.0 (Macintosh; Intel Mac OS X 10_13_4) AppleWebKit/537.36 (KHTML, like Gecko) Chrome/67.0.3396.87 Safari/537.36" 
138.201.220.92 - - [09/Dec/2020:21:12:18 -0800] "GET /self.logs/ HTTP/1.1" 200 26359 "http://www.secrepo.com/" "Mozilla/5.0 (Macintosh; Intel Mac OS X 10_13_4) AppleWebKit/537.36 (KHTML, like Gecko) Chrome/67.0.3396.87 Safari/537.36" 
138.201.220.92 - - [09/Dec/2020:21:13:02 -0800] "GET /maccdc2012/ftp.log.gz HTTP/1.1" 200 127761 "http://www.secrepo.com/" "Mozilla/5.0 (Macintosh; Intel Mac OS X 10_13_4) AppleWebKit/537.36 (KHTML, like Gecko) Chrome/67.0.3396.87 Safari/537.36" 
138.201.220.92 - - [09/Dec/2020:21:13:02 -0800] "GET /Datasets%20Description/PE_malware/OPCleaver.html HTTP/1.1" 200 1458 "http://www.secrepo.com/" "Mozilla/5.0 (Macintosh; Intel Mac OS X 10_13_4) AppleWebKit/537.36 (KHTML, like Gecko) Chrome/67.0.3396.87 Safari/537.36" 
138.201.220.92 - - [09/Dec/2020:21:13:03 -0800] "GET /Datasets%20Description/Network/ftp.html HTTP/1.1" 200 1530 "http://www.secrepo.com/" "Mozilla/5.0 (Macintosh; Intel Mac OS X 10_13_4) AppleWebKit/537.36 (KHTML, like Gecko) Chrome/67.0.3396.87 Safari/537.36" 
138.201.220.92 - - [09/Dec/2020:21:13:03 -0800] "GET /pe_static/op-cleaver.zip HTTP/1.1" 200 710176 "http://www.secrepo.com/" "Mozilla/5.0 (Macintosh; Intel Mac OS X 10_13_4) AppleWebKit/537.36 (KHTML, like Gecko) Chrome/67.0.3396.87 Safari/537.36" 
138.201.220.92 - - [09/Dec/2020:21:13:05 -0800] "GET /maccdc2012/http.log.gz HTTP/1.1" 200 2575440 "http://www.secrepo.com/" "Mozilla/5.0 (Macintosh; Intel Mac OS X 10_13_4) AppleWebKit/537.36 (KHTML, like Gecko) Chrome/67.0.3396.87 Safari/537.36" 
138.201.220.92 - - [09/Dec/2020:21:13:06 -0800] "GET /Datasets%20Description/PE_malware/VirusShare.html HTTP/1.1" 200 1651 "http://www.secrepo.com/" "Mozilla/5.0 (Macintosh; Intel Mac OS X 10_13_4) AppleWebKit/537.36 (KHTML, like Gecko) Chrome/67.0.3396.87 Safari/537.36" 
138.201.220.92 - - [09/Dec/2020:21:13:06 -0800] "GET /Datasets%20Description/Network/http.html HTTP/1.1" 200 1709 "http://www.secrepo.com/" "Mozilla/5.0 (Macintosh; Intel Mac OS X 10_13_4) AppleWebKit/537.36 (KHTML, like Gecko) Chrome/67.0.3396.87 Safari/537.36" 
138.201.220.92 - - [09/Dec/2020:21:13:07 -0800] "GET /pe_static/apt1.zip HTTP/1.1" 200 1983439 "http://www.secrepo.com/" "Mozilla/5.0 (Macintosh; Intel Mac OS X 10_13_4) AppleWebKit/537.36 (KHTML, like Gecko) Chrome/67.0.3396.87 Safari/537.36" 
138.201.220.92 - - [09/Dec/2020:21:13:08 -0800] "GET / HTTP/1.1" 200 12881 "http://www.secrepo.com/" "Mozilla/5.0 (Macintosh; Intel Mac OS X 10_13_4) AppleWebKit/537.36 (KHTML, like Gecko) Chrome/67.0.3396.87 Safari/537.36" 
138.201.220.92 - - [09/Dec/2020:21:13:10 -0800] "GET /Datasets%20Description/PE_malware/Zeus.html HTTP/1.1" 200 1698 "http://www.secrepo.com/" "Mozilla/5.0 (Macintosh; Intel Mac OS X 10_13_4) AppleWebKit/537.36 (KHTML, like Gecko) Chrome/67.0.3396.87 Safari/537.36" 
138.201.220.92 - - [09/Dec/2020:21:13:11 -0800] "GET /maccdc2012/notice.log.gz HTTP/1.1" 200 20797 "http://www.secrepo.com/" "Mozilla/5.0 (Macintosh; Intel Mac OS X 10_13_4) AppleWebKit/537.36 (KHTML, like Gecko) Chrome/67.0.3396.87 Safari/537.36" 
138.201.220.92 - - [09/Dec/2020:21:13:11 -0800] "GET /pe_static/zeus.zip HTTP/1.1" 200 2143280 "http://www.secrepo.com/" "Mozilla/5.0 (Macintosh; Intel Mac OS X 10_13_4) AppleWebKit/537.36 (KHTML, like Gecko) Chrome/67.0.3396.87 Safari/537.36" 
138.201.220.92 - - [09/Dec/2020:21:13:12 -0800] "GET /Datasets%20Description/Network/notice.html HTTP/1.1" 200 1650 "http://www.secrepo.com/" "Mozilla/5.0 (Macintosh; Intel Mac OS X 10_13_4) AppleWebKit/537.36 (KHTML, like Gecko) Chrome/67.0.3396.87 Safari/537.36" 
138.201.220.92 - - [09/Dec/2020:21:13:12 -0800] "GET /scada/scada_logs.zip HTTP/1.1" 200 365012 "http://www.secrepo.com/" "Mozilla/5.0 (Macintosh; Intel Mac OS X 10_13_4) AppleWebKit/537.36 (KHTML, like Gecko) Chrome/67.0.3396.87 Safari/537.36" 
138.201.220.92 - - [09/Dec/2020:21:13:13 -0800] "GET /maccdc2012/signatures.log.gz HTTP/1.1" 200 668 "http://www.secrepo.com/" "Mozilla/5.0 (Macintosh; Intel Mac OS X 10_13_4) AppleWebKit/537.36 (KHTML, like Gecko) Chrome/67.0.3396.87 Safari/537.36" 
138.201.220.92 - - [09/Dec/2020:21:13:13 -0800] "GET /domaindata/domainmovement.zip HTTP/1.1" 200 1258520 "http://www.secrepo.com/" "Mozilla/5.0 (Macintosh; Intel Mac OS X 10_13_4) AppleWebKit/537.36 (KHTML, like Gecko) Chrome/67.0.3396.87 Safari/537.36" 
138.201.220.92 - - [09/Dec/2020:21:13:16 -0800] "GET /Datasets%20Description/Network/signatures.html HTTP/1.1" 404 328 "http://www.secrepo.com/" "Mozilla/5.0 (Macintosh; Intel Mac OS X 10_13_4) AppleWebKit/537.36 (KHTML, like Gecko) Chrome/67.0.3396.87 Safari/537.36" 
138.201.220.92 - - [09/Dec/2020:21:13:16 -0800] "GET /misc/zeus_dga_domains.txt.zip HTTP/1.1" 200 592381 "http://www.secrepo.com/" "Mozilla/5.0 (Macintosh; Intel Mac OS X 10_13_4) AppleWebKit/537.36 (KHTML, like Gecko) Chrome/67.0.3396.87 Safari/537.36" 
138.201.220.92 - - [09/Dec/2020:21:13:17 -0800] "GET /maccdc2012/smtp.log.gz HTTP/1.1" 200 6956 "http://www.secrepo.com/" "Mozilla/5.0 (Macintosh; Intel Mac OS X 10_13_4) AppleWebKit/537.36 (KHTML, like Gecko) Chrome/67.0.3396.87 Safari/537.36" 
138.201.220.92 - - [09/Dec/2020:21:13:17 -0800] "GET /tg/tg_snort_full.7z HTTP/1.1" 200 2598800 "http://www.secrepo.com/" "Mozilla/5.0 (Macintosh; Intel Mac OS X 10_13_4) AppleWebKit/537.36 (KHTML, like Gecko) Chrome/67.0.3396.87 Safari/537.36" 
138.201.220.92 - - [09/Dec/2020:21:13:18 -0800] "GET /Datasets%20Description/Network/smtp.html HTTP/1.1" 200 1637 "http://www.secrepo.com/" "Mozilla/5.0 (Macintosh; Intel Mac OS X 10_13_4) AppleWebKit/537.36 (KHTML, like Gecko) Chrome/67.0.3396.87 Safari/537.36" 
138.201.220.92 - - [09/Dec/2020:21:13:18 -0800] "GET /tg/tg_snort_fast.7z HTTP/1.1" 200 2528720 "http://www.secrepo.com/" "Mozilla/5.0 (Macintosh; Intel Mac OS X 10_13_4) AppleWebKit/537.36 (KHTML, like Gecko) Chrome/67.0.3396.87 Safari/537.36" 
138.201.220.92 - - [09/Dec/2020:21:13:19 -0800] "GET /maccdc2012/ssh.log.gz HTTP/1.1" 200 182567 "http://www.secrepo.com/" "Mozilla/5.0 (Macintosh; Intel Mac OS X 10_13_4) AppleWebKit/537.36 (KHTML, like Gecko) Chrome/67.0.3396.87 Safari/537.36" 
138.201.220.92 - - [09/Dec/2020:21:13:20 -0800] "GET /Datasets%20Description/HTML_Bro_log_3 HTTP/1.1" 301 619 "http://www.secrepo.com/" "Mozilla/5.0 (Macintosh; Intel Mac OS X 10_13_4) AppleWebKit/537.36 (KHTML, like Gecko) Chrome/67.0.3396.87 Safari/537.36" 
138.201.220.92 - - [09/Dec/2020:21:13:20 -0800] "GET /Datasets%20Description/HTML_Bro_log_3/ HTTP/1.1" 200 823 "http://www.secrepo.com/Datasets%20Description/HTML_Bro_log_3" "Mozilla/5.0 (Macintosh; Intel Mac OS X 10_13_4) AppleWebKit/537.36 (KHTML, like Gecko) Chrome/67.0.3396.87 Safari/537.36" 
138.201.220.92 - - [09/Dec/2020:21:13:20 -0800] "GET /Datasets%20Description/Network/ssh.html HTTP/1.1" 200 1368 "http://www.secrepo.com/" "Mozilla/5.0 (Macintosh; Intel Mac OS X 10_13_4) AppleWebKit/537.36 (KHTML, like Gecko) Chrome/67.0.3396.87 Safari/537.36" 
138.201.220.92 - - [09/Dec/2020:21:13:21 -0800] "GET /tg/c.zip HTTP/1.1" 200 2569600 "http://www.secrepo.com/" "Mozilla/5.0 (Macintosh; Intel Mac OS X 10_13_4) AppleWebKit/537.36 (KHTML, like Gecko) Chrome/67.0.3396.87 Safari/537.36" 
138.201.220.92 - - [09/Dec/2020:21:13:21 -0800] "GET /maccdc2012/ssl.log.gz HTTP/1.1" 200 1311486 "http://www.secrepo.com/" "Mozilla/5.0 (Macintosh; Intel Mac OS X 10_13_4) AppleWebKit/537.36 (KHTML, like Gecko) Chrome/67.0.3396.87 Safari/537.36" 
138.201.220.92 - - [09/Dec/2020:21:13:22 -0800] "GET /Datasets%20Description/HTML_Bro_log_2 HTTP/1.1" 301 619 "http://www.secrepo.com/" "Mozilla/5.0 (Macintosh; Intel Mac OS X 10_13_4) AppleWebKit/537.36 (KHTML, like Gecko) Chrome/67.0.3396.87 Safari/537.36" 
138.201.220.92 - - [09/Dec/2020:21:13:23 -0800] "GET /Datasets%20Description/HTML_Bro_log_2/ HTTP/1.1" 200 832 "http://www.secrepo.com/Datasets%20Description/HTML_Bro_log_2" "Mozilla/5.0 (Macintosh; Intel Mac OS X 10_13_4) AppleWebKit/537.36 (KHTML, like Gecko) Chrome/67.0.3396.87 Safari/537.36" 
138.201.220.92 - - [09/Dec/2020:21:13:24 -0800] "GET /Datasets%20Description/Network/ssl.html HTTP/1.1" 200 1585 "http://www.secrepo.com/" "Mozilla/5.0 (Macintosh; Intel Mac OS X 10_13_4) AppleWebKit/537.36 (KHTML, like Gecko) Chrome/67.0.3396.87 Safari/537.36" 
138.201.220.92 - - [09/Dec/2020:21:13:25 -0800] "GET /tg/b.zip HTTP/1.1" 200 2505360 "http://www.secrepo.com/" "Mozilla/5.0 (Macintosh; Intel Mac OS X 10_13_4) AppleWebKit/537.36 (KHTML, like Gecko) Chrome/67.0.3396.87 Safari/537.36" 
138.201.220.92 - - [09/Dec/2020:21:13:26 -0800] "GET /maccdc2012/tunnel.log.gz HTTP/1.1" 200 5282 "http://www.secrepo.com/" "Mozilla/5.0 (Macintosh; Intel Mac OS X 10_13_4) AppleWebKit/537.36 (KHTML, like Gecko) Chrome/67.0.3396.87 Safari/537.36" 
138.201.220.92 - - [09/Dec/2020:21:13:26 -0800] "GET /Datasets%20Description/HTML_Bro_log_1 HTTP/1.1" 301 619 "http://www.secrepo.com/" "Mozilla/5.0 (Macintosh; Intel Mac OS X 10_13_4) AppleWebKit/537.36 (KHTML, like Gecko) Chrome/67.0.3396.87 Safari/537.36" 
138.201.220.92 - - [09/Dec/2020:21:13:26 -0800] "GET /Datasets%20Description/HTML_Bro_log_1/ HTTP/1.1" 200 834 "http://www.secrepo.com/Datasets%20Description/HTML_Bro_log_1" "Mozilla/5.0 (Macintosh; Intel Mac OS X 10_13_4) AppleWebKit/537.36 (KHTML, like Gecko) Chrome/67.0.3396.87 Safari/537.36" 
138.201.220.92 - - [09/Dec/2020:21:13:28 -0800] "GET /Datasets%20Description/Network/tunnel.html HTTP/1.1" 200 1470 "http://www.secrepo.com/" "Mozilla/5.0 (Macintosh; Intel Mac OS X 10_13_4) AppleWebKit/537.36 (KHTML, like Gecko) Chrome/67.0.3396.87 Safari/537.36" 
138.201.220.92 - - [09/Dec/2020:21:13:28 -0800] "GET /tg/a.zip HTTP/1.1" 200 2566680 "http://www.secrepo.com/" "Mozilla/5.0 (Macintosh; Intel Mac OS X 10_13_4) AppleWebKit/537.36 (KHTML, like Gecko) Chrome/67.0.3396.87 Safari/537.36" 
138.201.220.92 - - [09/Dec/2020:21:13:29 -0800] "GET /maccdc2012/weird.log.gz HTTP/1.1" 200 1252854 "http://www.secrepo.com/" "Mozilla/5.0 (Macintosh; Intel Mac OS X 10_13_4) AppleWebKit/537.36 (KHTML, like Gecko) Chrome/67.0.3396.87 Safari/537.36" 
138.201.220.92 - - [09/Dec/2020:21:13:30 -0800] "GET /maccdc2012/maccdc2012_full_alert.7z HTTP/1.1" 200 2441120 "http://www.secrepo.com/" "Mozilla/5.0 (Macintosh; Intel Mac OS X 10_13_4) AppleWebKit/537.36 (KHTML, like Gecko) Chrome/67.0.3396.87 Safari/537.36" 
138.201.220.92 - - [09/Dec/2020:21:13:31 -0800] "GET /Datasets%20Description/Network/weird.html HTTP/1.1" 200 1645 "http://www.secrepo.com/" "Mozilla/5.0 (Macintosh; Intel Mac OS X 10_13_4) AppleWebKit/537.36 (KHTML, like Gecko) Chrome/67.0.3396.87 Safari/537.36" 
138.201.220.92 - - [09/Dec/2020:21:13:31 -0800] "GET /maccdc2012/maccdc2012_fast_alert.7z HTTP/1.1" 200 2280520 "http://www.secrepo.com/" "Mozilla/5.0 (Macintosh; Intel Mac OS X 10_13_4) AppleWebKit/537.36 (KHTML, like Gecko) Chrome/67.0.3396.87 Safari/537.36" 
207.46.13.43 - - [09/Dec/2020:21:15:18 -0800] "GET /self.logs/2015/error.log.2015-01-18.gz HTTP/1.1" 301 551 "-" "Mozilla/5.0 (compatible; bingbot/2.0; +http://www.bing.com/bingbot.htm)" 
17.58.98.97 - - [09/Dec/2020:21:21:32 -0800] "GET /robots.txt HTTP/1.1" 200 333 "-" "Mozilla/5.0 (Macintosh; Intel Mac OS X 10_15_5) AppleWebKit/605.1.15 (KHTML, like Gecko) Version/13.1.1 Safari/605.1.15 (Applebot/0.1; +http://www.apple.com/go/applebot)" 
17.58.96.143 - - [09/Dec/2020:21:21:32 -0800] "GET /%22http://www.maxmind.com/%22 HTTP/1.1" 404 284 "-" "Mozilla/5.0 (Macintosh; Intel Mac OS X 10_15_5) AppleWebKit/605.1.15 (KHTML, like Gecko) Version/13.1.1 Safari/605.1.15 (Applebot/0.1; +http://www.apple.com/go/applebot)" 
73.243.242.182 - - [09/Dec/2020:21:30:00 -0800] "GET / HTTP/1.1" 200 12882 "-" "Mozilla/5.0 (Macintosh; Intel Mac OS X 10_14_6) AppleWebKit/537.36 (KHTML, like Gecko) Chrome/86.0.4240.183 Safari/537.36" 
73.243.242.182 - - [09/Dec/2020:21:30:00 -0800] "GET /css/style.css HTTP/1.1" 404 305 "http://www.secrepo.com/" "Mozilla/5.0 (Macintosh; Intel Mac OS X 10_14_6) AppleWebKit/537.36 (KHTML, like Gecko) Chrome/86.0.4240.183 Safari/537.36" 
73.243.242.182 - - [09/Dec/2020:21:30:01 -0800] "GET /twitter-icon.png HTTP/1.1" 200 27893 "http://www.secrepo.com/" "Mozilla/5.0 (Macintosh; Intel Mac OS X 10_14_6) AppleWebKit/537.36 (KHTML, like Gecko) Chrome/86.0.4240.183 Safari/537.36" 
73.243.242.182 - - [09/Dec/2020:21:30:01 -0800] "GET /GitHub-Mark.png HTTP/1.1" 200 7533 "http://www.secrepo.com/" "Mozilla/5.0 (Macintosh; Intel Mac OS X 10_14_6) AppleWebKit/537.36 (KHTML, like Gecko) Chrome/86.0.4240.183 Safari/537.36" 
73.243.242.182 - - [09/Dec/2020:21:30:02 -0800] "GET /bootstrap/img/favicon.ico HTTP/1.1" 200 690 "http://www.secrepo.com/" "Mozilla/5.0 (Macintosh; Intel Mac OS X 10_14_6) AppleWebKit/537.36 (KHTML, like Gecko) Chrome/86.0.4240.183 Safari/537.36" 
222.204.232.191 - - [09/Dec/2020:21:33:10 -0800] "GET / HTTP/1.1" 200 12882 "-" "Mozilla/5.0 (Windows NT 10.0; Win64; x64) AppleWebKit/537.36 (KHTML, like Gecko) Chrome/87.0.4280.67 Safari/537.36 Edg/87.0.664.55" 
222.204.232.191 - - [09/Dec/2020:21:33:10 -0800] "GET /css/style.css HTTP/1.1" 404 328 "http://www.secrepo.com/" "Mozilla/5.0 (Windows NT 10.0; Win64; x64) AppleWebKit/537.36 (KHTML, like Gecko) Chrome/87.0.4280.67 Safari/537.36 Edg/87.0.664.55" 
207.46.13.26 - - [09/Dec/2020:21:34:31 -0800] "GET /self.logs/access.log.2017-12-20.gz HTTP/1.1" 301 543 "-" "Mozilla/5.0 (compatible; bingbot/2.0; +http://www.bing.com/bingbot.htm)" 
52.177.2.110 - - [09/Dec/2020:21:34:42 -0800] "GET /administrator/help/en-GB/toc.json HTTP/1.1" 301 541 "-" "Mozilla/5.0 (X11; Ubuntu; Linux i686; rv:28.0) Gecko/20100101 Firefox/28.0" 
52.177.2.110 - - [09/Dec/2020:21:34:43 -0800] "GET /administrator/help/en-GB/toc.json HTTP/1.1" 404 328 "-" "Mozilla/5.0 (X11; Ubuntu; Linux i686; rv:28.0) Gecko/20100101 Firefox/28.0" 
52.177.2.110 - - [09/Dec/2020:21:34:43 -0800] "GET /administrator/language/en-GB/install.xml HTTP/1.1" 301 555 "-" "Mozilla/5.0 (X11; Ubuntu; Linux i686; rv:28.0) Gecko/20100101 Firefox/28.0" 
52.177.2.110 - - [09/Dec/2020:21:34:43 -0800] "GET /administrator/language/en-GB/install.xml HTTP/1.1" 404 328 "-" "Mozilla/5.0 (X11; Ubuntu; Linux i686; rv:28.0) Gecko/20100101 Firefox/28.0" 
52.177.2.110 - - [09/Dec/2020:21:34:43 -0800] "GET /plugins/system/debug/debug.xml HTTP/1.1" 301 535 "-" "Mozilla/5.0 (X11; Ubuntu; Linux i686; rv:28.0) Gecko/20100101 Firefox/28.0" 
52.177.2.110 - - [09/Dec/2020:21:34:43 -0800] "GET /plugins/system/debug/debug.xml HTTP/1.1" 404 328 "-" "Mozilla/5.0 (X11; Ubuntu; Linux i686; rv:28.0) Gecko/20100101 Firefox/28.0" 
52.177.2.110 - - [09/Dec/2020:21:34:43 -0800] "GET /administrator/ HTTP/1.1" 301 503 "-" "Mozilla/5.0 (X11; Ubuntu; Linux i686; rv:28.0) Gecko/20100101 Firefox/28.0" 
52.177.2.110 - - [09/Dec/2020:21:34:43 -0800] "GET /administrator/ HTTP/1.1" 404 328 "-" "Mozilla/5.0 (X11; Ubuntu; Linux i686; rv:28.0) Gecko/20100101 Firefox/28.0" 
52.177.2.110 - - [09/Dec/2020:21:34:43 -0800] "GET /admin/view/javascript/common.js HTTP/1.1" 301 537 "-" "Mozilla/5.0 (X11; Ubuntu; Linux i686; rv:28.0) Gecko/20100101 Firefox/28.0" 
52.177.2.110 - - [09/Dec/2020:21:34:43 -0800] "GET /admin/view/javascript/common.js HTTP/1.1" 404 328 "-" "Mozilla/5.0 (X11; Ubuntu; Linux i686; rv:28.0) Gecko/20100101 Firefox/28.0" 
52.177.2.110 - - [09/Dec/2020:21:34:43 -0800] "GET /admin/index.php HTTP/1.1" 301 505 "-" "Mozilla/5.0 (X11; Ubuntu; Linux i686; rv:28.0) Gecko/20100101 Firefox/28.0" 
52.177.2.110 - - [09/Dec/2020:21:34:44 -0800] "GET /admin/index.php HTTP/1.1" 404 328 "-" "Mozilla/5.0 (X11; Ubuntu; Linux i686; rv:28.0) Gecko/20100101 Firefox/28.0" 
157.55.39.231 - - [09/Dec/2020:21:35:48 -0800] "GET /self.logs/error.log.2017-06-30.gz HTTP/1.1" 200 1308 "-" "Mozilla/5.0 (compatible; bingbot/2.0; +http://www.bing.com/bingbot.htm)" 
178.233.136.98 - - [09/Dec/2020:21:37:42 -0800] "GET / HTTP/1.1" 200 12882 "-" "Mozilla/5.0 (Windows NT 10.0; Win64; x64) AppleWebKit/537.36 (KHTML, like Gecko) Chrome/87.0.4280.88 Safari/537.36" 
178.233.136.98 - - [09/Dec/2020:21:37:42 -0800] "GET /css/style.css HTTP/1.1" 404 305 "http://www.secrepo.com/" "Mozilla/5.0 (Windows NT 10.0; Win64; x64) AppleWebKit/537.36 (KHTML, like Gecko) Chrome/87.0.4280.88 Safari/537.36" 
178.233.136.98 - - [09/Dec/2020:21:37:42 -0800] "GET /twitter-icon.png HTTP/1.1" 200 27893 "http://www.secrepo.com/" "Mozilla/5.0 (Windows NT 10.0; Win64; x64) AppleWebKit/537.36 (KHTML, like Gecko) Chrome/87.0.4280.88 Safari/537.36" 
178.233.136.98 - - [09/Dec/2020:21:37:42 -0800] "GET /GitHub-Mark.png HTTP/1.1" 200 7556 "http://www.secrepo.com/" "Mozilla/5.0 (Windows NT 10.0; Win64; x64) AppleWebKit/537.36 (KHTML, like Gecko) Chrome/87.0.4280.88 Safari/537.36" 
103.120.29.242 - - [09/Dec/2020:21:47:09 -0800] "HEAD / HTTP/1.1" 200 396 "-" "Microsoft Office Excel 2014" 
103.120.29.242 - - [09/Dec/2020:21:47:10 -0800] "GET / HTTP/1.1" 200 12882 "-" "Mozilla/4.0 (compatible; MSIE 7.0; Windows NT 10.0; Win64; x64; Trident/7.0; .NET4.0C; .NET4.0E; InfoPath.3; ms-office)" 
103.120.29.242 - - [09/Dec/2020:21:47:12 -0800] "HEAD / HTTP/1.1" 200 396 "-" "Microsoft Office Excel 2014" 
103.120.29.242 - - [09/Dec/2020:21:47:13 -0800] "GET / HTTP/1.1" 200 12882 "-" "Mozilla/4.0 (compatible; MSIE 7.0; Windows NT 10.0; Win64; x64; Trident/7.0; .NET4.0C; .NET4.0E; InfoPath.3; ms-office)" 
103.120.29.242 - - [09/Dec/2020:21:47:15 -0800] "GET / HTTP/1.1" 200 12882 "-" "Mozilla/5.0 (Windows NT 10.0; Win64; x64) AppleWebKit/537.36 (KHTML, like Gecko) Chrome/86.0.4240.198 Safari/537.36 Edg/86.0.622.69" 
103.120.29.242 - - [09/Dec/2020:21:47:24 -0800] "GET / HTTP/1.1" 200 12882 "-" "Mozilla/5.0 (Windows NT 10.0; Win64; x64) AppleWebKit/537.36 (KHTML, like Gecko) Chrome/86.0.4240.198 Safari/537.36" 
103.120.29.242 - - [09/Dec/2020:21:47:25 -0800] "GET /css/style.css HTTP/1.1" 404 328 "http://www.secrepo.com/" "Mozilla/5.0 (Windows NT 10.0; Win64; x64) AppleWebKit/537.36 (KHTML, like Gecko) Chrome/86.0.4240.198 Safari/537.36" 
103.120.29.242 - - [09/Dec/2020:21:47:26 -0800] "GET /twitter-icon.png HTTP/1.1" 200 27893 "http://www.secrepo.com/" "Mozilla/5.0 (Windows NT 10.0; Win64; x64) AppleWebKit/537.36 (KHTML, like Gecko) Chrome/86.0.4240.198 Safari/537.36" 
103.120.29.242 - - [09/Dec/2020:21:47:27 -0800] "GET /GitHub-Mark.png HTTP/1.1" 200 7533 "http://www.secrepo.com/" "Mozilla/5.0 (Windows NT 10.0; Win64; x64) AppleWebKit/537.36 (KHTML, like Gecko) Chrome/86.0.4240.198 Safari/537.36" 
103.120.29.242 - - [09/Dec/2020:21:47:32 -0800] "GET /bootstrap/img/favicon.ico HTTP/1.1" 200 713 "http://www.secrepo.com/" "Mozilla/5.0 (Windows NT 10.0; Win64; x64) AppleWebKit/537.36 (KHTML, like Gecko) Chrome/86.0.4240.198 Safari/537.36" 
207.46.13.163 - - [09/Dec/2020:21:48:54 -0800] "GET /self.logs/error.log.2019-03-08.gz HTTP/1.1" 301 541 "-" "Mozilla/5.0 (compatible; bingbot/2.0; +http://www.bing.com/bingbot.htm)" 
54.36.149.8 - - [09/Dec/2020:21:53:16 -0800] "GET /self.logs/access.log.2020-10-10.gz HTTP/1.1" 200 28405 "-" "Mozilla/5.0 (compatible; AhrefsBot/7.0; +http://ahrefs.com/robot/)" 
207.46.13.1 - - [09/Dec/2020:21:54:10 -0800] "GET /self.logs/2015/error.log.2015-03-17.gz HTTP/1.1" 301 551 "-" "Mozilla/5.0 (compatible; bingbot/2.0; +http://www.bing.com/bingbot.htm)" 
91.188.210.2 - - [09/Dec/2020:21:56:33 -0800] "GET / HTTP/1.1" 301 475 "-" "Mozilla/5.0 (Windows NT 10.0; Win64; x64) AppleWebKit/537.36 (KHTML, like Gecko) Chrome/87.0.4280.88 Safari/537.36" 
91.188.210.2 - - [09/Dec/2020:21:56:34 -0800] "GET / HTTP/1.1" 200 12882 "-" "Mozilla/5.0 (Windows NT 10.0; Win64; x64) AppleWebKit/537.36 (KHTML, like Gecko) Chrome/87.0.4280.88 Safari/537.36" 
91.188.210.2 - - [09/Dec/2020:21:56:34 -0800] "GET /css/style.css HTTP/1.1" 404 305 "http://www.secrepo.com/" "Mozilla/5.0 (Windows NT 10.0; Win64; x64) AppleWebKit/537.36 (KHTML, like Gecko) Chrome/87.0.4280.88 Safari/537.36" 
91.188.210.2 - - [09/Dec/2020:21:56:34 -0800] "GET /twitter-icon.png HTTP/1.1" 200 27916 "http://www.secrepo.com/" "Mozilla/5.0 (Windows NT 10.0; Win64; x64) AppleWebKit/537.36 (KHTML, like Gecko) Chrome/87.0.4280.88 Safari/537.36" 
91.188.210.2 - - [09/Dec/2020:21:56:36 -0800] "GET /GitHub-Mark.png HTTP/1.1" 200 7533 "http://www.secrepo.com/" "Mozilla/5.0 (Windows NT 10.0; Win64; x64) AppleWebKit/537.36 (KHTML, like Gecko) Chrome/87.0.4280.88 Safari/537.36" 
91.188.210.2 - - [09/Dec/2020:21:56:41 -0800] "GET /bootstrap/img/favicon.ico HTTP/1.1" 200 713 "http://www.secrepo.com/" "Mozilla/5.0 (Windows NT 10.0; Win64; x64) AppleWebKit/537.36 (KHTML, like Gecko) Chrome/87.0.4280.88 Safari/537.36" 
157.55.39.77 - - [09/Dec/2020:21:59:45 -0800] "GET /self.logs/2015/access.log.2015-06-05.gz HTTP/1.1" 304 279 "-" "Mozilla/5.0 (compatible; bingbot/2.0; +http://www.bing.com/bingbot.htm)" 
91.188.210.2 - - [09/Dec/2020:21:59:59 -0800] "GET /css/style.css HTTP/1.1" 404 328 "http://www.secrepo.com/" "Mozilla/5.0 (Windows NT 10.0; Win64; x64) AppleWebKit/537.36 (KHTML, like Gecko) Chrome/87.0.4280.88 Safari/537.36" 
62.210.143.6 - - [09/Dec/2020:22:12:13 -0800] "GET /robots.txt HTTP/1.1" 200 377 "-" "Mozilla/5.0 (compatible; Barkrowler/0.9; +https://babbar.tech/crawler)" 
62.210.143.6 - - [09/Dec/2020:22:12:47 -0800] "GET /tg_snort_full.7z HTTP/1.1" 404 328 "-" "Mozilla/5.0 (compatible; Barkrowler/0.9; +https://babbar.tech/crawler)" 
62.210.143.6 - - [09/Dec/2020:22:13:06 -0800] "GET /tg_snort_fast.7z HTTP/1.1" 404 328 "-" "Mozilla/5.0 (compatible; Barkrowler/0.9; +https://babbar.tech/crawler)" 
62.210.143.6 - - [09/Dec/2020:22:13:31 -0800] "GET / HTTP/1.1" 200 12883 "-" "Mozilla/5.0 (compatible; Barkrowler/0.9; +https://babbar.tech/crawler)" 
62.210.143.6 - - [09/Dec/2020:22:13:50 -0800] "GET /self.logs/ HTTP/1.1" 200 26359 "-" "Mozilla/5.0 (compatible; Barkrowler/0.9; +https://babbar.tech/crawler)" 
147.92.153.4 - - [09/Dec/2020:22:13:53 -0800] "GET /robots.txt HTTP/1.1" 200 377 "-" "Mozilla/5.0 (compatible; Linespider/1.1; +https://lin.ee/4dwXkTH)" 
147.92.153.18 - - [09/Dec/2020:22:13:53 -0800] "GET /robots.txt HTTP/1.1" 301 495 "-" "Mozilla/5.0 (compatible; Linespider/1.1; +https://lin.ee/4dwXkTH)" 
147.92.153.18 - - [09/Dec/2020:22:13:54 -0800] "GET /robots.txt HTTP/1.1" 200 377 "-" "Mozilla/5.0 (compatible; Linespider/1.1; +https://lin.ee/4dwXkTH)" 
147.92.153.19 - - [09/Dec/2020:22:13:55 -0800] "GET / HTTP/1.1" 200 12883 "-" "Mozilla/5.0 (compatible; Linespider/1.1; +https://lin.ee/4dwXkTH)" 
147.92.153.3 - - [09/Dec/2020:22:13:56 -0800] "GET /css/style.css HTTP/1.1" 404 328 "http://www.secrepo.com/" "Mozilla/5.0 (Windows NT 6.1; Win64; x64) AppleWebit/537.36 (KHTML, like Gecko) Chrome/63.0.3239.0 Safari/537.36 (compatible; Linespider/1.1; +https://lin.ee/4dwXkTH)" 
147.92.153.1 - - [09/Dec/2020:22:13:56 -0800] "GET / HTTP/1.1" 301 475 "-" "Mozilla/5.0 (compatible; Linespider/1.1; +https://lin.ee/4dwXkTH)" 
147.92.153.1 - - [09/Dec/2020:22:13:57 -0800] "GET / HTTP/1.1" 200 12883 "-" "Mozilla/5.0 (compatible; Linespider/1.1; +https://lin.ee/4dwXkTH)" 
147.92.153.10 - - [09/Dec/2020:22:13:58 -0800] "GET /favicon.ico HTTP/1.1" 200 391 "-" "Mozilla/5.0 (compatible; Linespider/1.1; +https://lin.ee/4dwXkTH)" 
147.92.153.10 - - [09/Dec/2020:22:13:59 -0800] "GET /bootstrap/img/favicon.ico HTTP/1.1" 200 713 "-" "Mozilla/5.0 (compatible; Linespider/1.1; +https://lin.ee/4dwXkTH)" 
62.210.143.6 - - [09/Dec/2020:22:14:14 -0800] "GET /self.logs/2015/ HTTP/1.1" 200 7621 "-" "Mozilla/5.0 (compatible; Barkrowler/0.9; +https://babbar.tech/crawler)" 
62.210.143.6 - - [09/Dec/2020:22:15:12 -0800] "GET /self.logs/2016/ HTTP/1.1" 200 7860 "-" "Mozilla/5.0 (compatible; Barkrowler/0.9; +https://babbar.tech/crawler)" 
62.210.143.6 - - [09/Dec/2020:22:15:31 -0800] "GET /self.logs/2015/?C=M;O=A HTTP/1.1" 200 7706 "-" "Mozilla/5.0 (compatible; Barkrowler/0.9; +https://babbar.tech/crawler)" 
62.210.143.6 - - [09/Dec/2020:22:15:55 -0800] "GET /self.logs/2015/?C=S;O=A HTTP/1.1" 200 8288 "-" "Mozilla/5.0 (compatible; Barkrowler/0.9; +https://babbar.tech/crawler)" 
62.210.143.6 - - [09/Dec/2020:22:16:15 -0800] "GET /self.logs/2015/?C=D;O=A HTTP/1.1" 200 7621 "-" "Mozilla/5.0 (compatible; Barkrowler/0.9; +https://babbar.tech/crawler)" 
62.210.143.6 - - [09/Dec/2020:22:16:33 -0800] "GET /self.logs/2015/?C=N;O=D HTTP/1.1" 200 7767 "-" "Mozilla/5.0 (compatible; Barkrowler/0.9; +https://babbar.tech/crawler)" 
62.210.143.6 - - [09/Dec/2020:22:16:52 -0800] "GET /self.logs/2016/?C=M;O=A HTTP/1.1" 200 8029 "-" "Mozilla/5.0 (compatible; Barkrowler/0.9; +https://babbar.tech/crawler)" 
62.210.143.6 - - [09/Dec/2020:22:17:10 -0800] "GET /self.logs/2016/?C=S;O=A HTTP/1.1" 200 8583 "-" "Mozilla/5.0 (compatible; Barkrowler/0.9; +https://babbar.tech/crawler)" 
62.210.143.6 - - [09/Dec/2020:22:17:30 -0800] "GET /self.logs/2016/?C=D;O=A HTTP/1.1" 200 7860 "-" "Mozilla/5.0 (compatible; Barkrowler/0.9; +https://babbar.tech/crawler)" 
62.210.143.6 - - [09/Dec/2020:22:17:51 -0800] "GET /self.logs/2016/?C=N;O=D HTTP/1.1" 200 8072 "-" "Mozilla/5.0 (compatible; Barkrowler/0.9; +https://babbar.tech/crawler)" 
62.210.143.6 - - [09/Dec/2020:22:18:20 -0800] "GET /self.logs/?C=S;O=A HTTP/1.1" 200 30811 "-" "Mozilla/5.0 (compatible; Barkrowler/0.9; +https://babbar.tech/crawler)" 
173.231.59.197 - - [09/Dec/2020:22:18:38 -0800] "GET / HTTP/1.1" 200 12845 "-" "Mozilla/5.0 (compatible; Adsbot/3.1)" 
62.210.143.6 - - [09/Dec/2020:22:18:39 -0800] "GET /self.logs/?C=M;O=A HTTP/1.1" 200 27425 "-" "Mozilla/5.0 (compatible; Barkrowler/0.9; +https://babbar.tech/crawler)" 
62.210.143.6 - - [09/Dec/2020:22:18:51 -0800] "GET /self.logs/?C=D;O=A HTTP/1.1" 200 26359 "-" "Mozilla/5.0 (compatible; Barkrowler/0.9; +https://babbar.tech/crawler)" 
62.210.143.6 - - [09/Dec/2020:22:19:04 -0800] "GET /self.logs/?C=N;O=D HTTP/1.1" 200 27016 "-" "Mozilla/5.0 (compatible; Barkrowler/0.9; +https://babbar.tech/crawler)" 
62.210.143.6 - - [09/Dec/2020:22:19:16 -0800] "GET /self.logs/2015/?C=N;O=A HTTP/1.1" 200 7621 "-" "Mozilla/5.0 (compatible; Barkrowler/0.9; +https://babbar.tech/crawler)" 
62.210.143.6 - - [09/Dec/2020:22:19:29 -0800] "GET /self.logs/2015/?C=S;O=D HTTP/1.1" 200 8174 "-" "Mozilla/5.0 (compatible; Barkrowler/0.9; +https://babbar.tech/crawler)" 
47.29.101.179 - - [09/Dec/2020:22:48:41 -0800] "GET / HTTP/1.1" 200 12882 "-" "Mozilla/5.0 (Linux; Android 7.1.1; Moto G (5S) Plus Build/NPSS26.116-61-5) AppleWebKit/537.36 (KHTML, like Gecko) Chrome/57.0.2987.132 Mobile Safari/537.36" 
47.29.101.179 - - [09/Dec/2020:22:48:41 -0800] "GET /css/style.css HTTP/1.1" 404 305 "http://www.secrepo.com/" "Mozilla/5.0 (Linux; Android 7.1.1; Moto G (5S) Plus Build/NPSS26.116-61-5) AppleWebKit/537.36 (KHTML, like Gecko) Chrome/57.0.2987.132 Mobile Safari/537.36" 
47.29.101.179 - - [09/Dec/2020:22:48:42 -0800] "GET /GitHub-Mark.png HTTP/1.1" 200 7556 "http://www.secrepo.com/" "Mozilla/5.0 (Linux; Android 7.1.1; Moto G (5S) Plus Build/NPSS26.116-61-5) AppleWebKit/537.36 (KHTML, like Gecko) Chrome/57.0.2987.132 Mobile Safari/537.36" 
