40.77.167.52 - - [29/May/2024:12:08:19 -0700] "GET /self.logs/error.log.2023-06-09.gz HTTP/1.1" 200 14645 "-" "Mozilla/5.0 AppleWebKit/537.36 (KHTML, like Gecko; compatible; bingbot/2.0; +http://www.bing.com/bingbot.htm) Chrome/116.0.1938.76 Safari/537.36" 
80.187.103.161 - - [29/May/2024:12:14:54 -0700] "GET / HTTP/1.1" 200 13185 "-" "Mozilla/5.0 (iPhone; CPU iPhone OS 17_4_1 like Mac OS X) AppleWebKit/605.1.15 (KHTML, like Gecko) Version/17.4.1 Mobile/15E148 Safari/604.1" 
80.187.103.161 - - [29/May/2024:12:14:54 -0700] "GET /twitter-icon.png HTTP/1.1" 200 27916 "http://www.secrepo.com/" "Mozilla/5.0 (iPhone; CPU iPhone OS 17_4_1 like Mac OS X) AppleWebKit/605.1.15 (KHTML, like Gecko) Version/17.4.1 Mobile/15E148 Safari/604.1" 
141.94.27.23 - - [29/May/2024:12:17:38 -0700] "GET /twitter-icon.png HTTP/1.1" 200 27872 "-" "Mozilla/5.0 (Windows; U; Windows NT 6.0; en-US) AppleWebKit/534.13 (KHTML, like Gecko) Chrome/9.0.597.0 Safari/534.13" 
107.20.105.74 - - [29/May/2024:12:17:47 -0700] "HEAD / HTTP/1.1" 301 186 "-" "DreamHost SiteMonitor 1.0" 
107.20.105.74 - - [29/May/2024:12:17:47 -0700] "HEAD / HTTP/1.1" 200 359 "http://67.205.24.129" "DreamHost SiteMonitor 1.0" 
112.98.224.195 - - [29/May/2024:12:18:50 -0700] "GET /maccdc2012/smtp.log.gz HTTP/1.1" 200 6956 "-" "Mozilla/5.0 (Windows NT 5.1) AppleWebKit/532.0 (KHTML, like Gecko) Chrome/43.0.868.0 Safari/532.0" 
114.119.142.8 - - [29/May/2024:12:21:17 -0700] "GET /Datasets%20Description/Network/?C=S%3BO%3DA HTTP/1.1" 200 769 "http://www.secrepo.com/Datasets%20Description/Network/?C=N%3BO%3DD" "Mozilla/5.0 (Linux; Android 7.0;) AppleWebKit/537.36 (KHTML, like Gecko) Mobile Safari/537.36 (compatible; PetalBot;+https://webmaster.petalsearch.com/site/petalbot)" 
52.230.152.131 - - [29/May/2024:12:30:13 -0700] "GET /robots.txt HTTP/1.1" 200 340 "-" "Mozilla/5.0 AppleWebKit/537.36 (KHTML, like Gecko; compatible; GPTBot/1.0; +https://openai.com/gptbot)" 
66.249.66.1 - - [29/May/2024:12:32:26 -0700] "GET /squid/access.log.gz HTTP/1.1" 200 23100671 "-" "Mozilla/5.0 (Linux; Android 6.0.1; Nexus 5X Build/MMB29P) AppleWebKit/537.36 (KHTML, like Gecko) Chrome/125.0.6422.65 Mobile Safari/537.36 (compatible; Googlebot/2.1; +http://www.google.com/bot.html)" 
66.249.66.23 - - [29/May/2024:12:37:26 -0700] "GET /maccdc2012/ftp.log.gz HTTP/1.1" 200 127761 "-" "Mozilla/5.0 (Linux; Android 6.0.1; Nexus 5X Build/MMB29P) AppleWebKit/537.36 (KHTML, like Gecko) Chrome/125.0.6422.65 Mobile Safari/537.36 (compatible; Googlebot/2.1; +http://www.google.com/bot.html)" 
107.20.105.74 - - [29/May/2024:12:37:47 -0700] "HEAD / HTTP/1.1" 301 186 "-" "DreamHost SiteMonitor 1.0" 
107.20.105.74 - - [29/May/2024:12:37:47 -0700] "HEAD / HTTP/1.1" 200 359 "http://67.205.24.129" "DreamHost SiteMonitor 1.0" 
66.249.66.1 - - [29/May/2024:12:41:26 -0700] "GET /maccdc2012/ssl.log.gz HTTP/1.1" 200 1311486 "-" "Mozilla/5.0 (Linux; Android 6.0.1; Nexus 5X Build/MMB29P) AppleWebKit/537.36 (KHTML, like Gecko) Chrome/125.0.6422.65 Mobile Safari/537.36 (compatible; Googlebot/2.1; +http://www.google.com/bot.html)" 
157.55.39.52 - - [29/May/2024:12:42:02 -0700] "GET /self.logs/error.log.2018-04-13.gz HTTP/1.1" 301 485 "-" "Mozilla/5.0 AppleWebKit/537.36 (KHTML, like Gecko; compatible; bingbot/2.0; +http://www.bing.com/bingbot.htm) Chrome/116.0.1938.76 Safari/537.36" 
66.249.66.2 - - [29/May/2024:12:46:26 -0700] "GET /maccdc2012/http.log.gz HTTP/1.1" 200 34709784 "-" "Mozilla/5.0 (Linux; Android 6.0.1; Nexus 5X Build/MMB29P) AppleWebKit/537.36 (KHTML, like Gecko) Chrome/125.0.6422.65 Mobile Safari/537.36 (compatible; Googlebot/2.1; +http://www.google.com/bot.html)" 
114.119.140.107 - - [29/May/2024:12:47:28 -0700] "GET /self.logs/error.log.2021-01-09 HTTP/1.1" 200 351 "http://www.secrepo.com/self.logs?C=N%3BO%3DD" "Mozilla/5.0 (Linux; Android 7.0;) AppleWebKit/537.36 (KHTML, like Gecko) Mobile Safari/537.36 (compatible; PetalBot;+https://webmaster.petalsearch.com/site/petalbot)" 
66.249.66.8 - - [29/May/2024:12:48:26 -0700] "GET /maccdc2012/tunnel.log.gz HTTP/1.1" 200 5282 "-" "Mozilla/5.0 (Linux; Android 6.0.1; Nexus 5X Build/MMB29P) AppleWebKit/537.36 (KHTML, like Gecko) Chrome/125.0.6422.65 Mobile Safari/537.36 (compatible; Googlebot/2.1; +http://www.google.com/bot.html)" 
114.119.155.236 - - [29/May/2024:12:48:47 -0700] "GET /Datasets%20Description/Network/?C=N%3BO%3DD HTTP/1.1" 200 769 "https://www.secrepo.com/Datasets%20Description/Network?C=M%3BO%3DA" "Mozilla/5.0 (Linux; Android 7.0;) AppleWebKit/537.36 (KHTML, like Gecko) Mobile Safari/537.36 (compatible; PetalBot;+https://webmaster.petalsearch.com/site/petalbot)" 
159.138.103.201 - - [29/May/2024:12:54:35 -0700] "GET /Datasets%20Description/PE_malware/?C=M;O=A HTTP/1.1" 200 664 "-" "Mozilla/5.0 (Windows NT 10.0; Win64; x64) AppleWebKit/537.36 (KHTML, like Gecko) Chrome/104.0.0.0 Safari/537.36" 
107.20.105.74 - - [29/May/2024:12:57:47 -0700] "HEAD / HTTP/1.1" 301 186 "-" "DreamHost SiteMonitor 1.0" 
107.20.105.74 - - [29/May/2024:12:57:47 -0700] "HEAD / HTTP/1.1" 200 359 "http://67.205.24.129" "DreamHost SiteMonitor 1.0" 
66.249.66.23 - - [29/May/2024:13:10:36 -0700] "GET /pe_static/zeus.zip HTTP/1.1" 200 42628280 "-" "Mozilla/5.0 (Linux; Android 6.0.1; Nexus 5X Build/MMB29P) AppleWebKit/537.36 (KHTML, like Gecko) Chrome/125.0.6422.65 Mobile Safari/537.36 (compatible; Googlebot/2.1; +http://www.google.com/bot.html)" 
66.249.66.23 - - [29/May/2024:13:11:36 -0700] "GET /maccdc2012/maccdc2012_fast_alert.7z HTTP/1.1" 200 9478260 "-" "Mozilla/5.0 (Linux; Android 6.0.1; Nexus 5X Build/MMB29P) AppleWebKit/537.36 (KHTML, like Gecko) Chrome/125.0.6422.65 Mobile Safari/537.36 (compatible; Googlebot/2.1; +http://www.google.com/bot.html)" 
66.249.66.7 - - [29/May/2024:13:14:50 -0700] "GET /honeypot/honeypot.json.zip HTTP/1.1" 200 23086087 "-" "Mozilla/5.0 (Linux; Android 6.0.1; Nexus 5X Build/MMB29P) AppleWebKit/537.36 (KHTML, like Gecko) Chrome/125.0.6422.65 Mobile Safari/537.36 (compatible; Googlebot/2.1; +http://www.google.com/bot.html)" 
85.208.98.23 - - [29/May/2024:13:15:58 -0700] "GET /robots.txt HTTP/1.1" 200 333 "-" "Mozilla/5.0 (compatible; SemrushBot-BA; +http://www.semrush.com/bot.html)" 
107.20.105.74 - - [29/May/2024:13:17:47 -0700] "HEAD / HTTP/1.1" 301 186 "-" "DreamHost SiteMonitor 1.0" 
107.20.105.74 - - [29/May/2024:13:17:47 -0700] "HEAD / HTTP/1.1" 200 359 "http://67.205.24.129" "DreamHost SiteMonitor 1.0" 
195.191.219.130 - - [29/May/2024:13:18:31 -0700] "GET /robots.txt HTTP/1.1" 301 495 "-" "Mozilla/5.0 (compatible; MJ12bot/v1.4.8; http://mj12bot.com/)" 
195.191.219.130 - - [29/May/2024:13:18:32 -0700] "GET /robots.txt HTTP/1.1" 200 377 "-" "Mozilla/5.0 (compatible; MJ12bot/v1.4.8; http://mj12bot.com/)" 
195.191.219.130 - - [29/May/2024:13:18:34 -0700] "GET / HTTP/1.1" 301 419 "-" "Mozilla/5.0 (compatible; MJ12bot/v1.4.8; http://mj12bot.com/)" 
195.191.219.130 - - [29/May/2024:13:18:34 -0700] "GET /robots.txt HTTP/1.1" 200 377 "-" "Mozilla/5.0 (compatible; MJ12bot/v1.4.8; http://mj12bot.com/)" 
195.191.219.130 - - [29/May/2024:13:18:35 -0700] "GET / HTTP/1.1" 200 13107 "-" "Mozilla/5.0 (compatible; MJ12bot/v1.4.8; http://mj12bot.com/)" 
195.191.219.130 - - [29/May/2024:13:18:35 -0700] "GET / HTTP/1.1" 200 13107 "-" "Mozilla/5.0 (compatible; MJ12bot/v1.4.8; http://mj12bot.com/)" 
207.46.13.154 - - [29/May/2024:13:20:37 -0700] "GET /self.logs/error.log.2017-08-30.gz HTTP/1.1" 301 485 "-" "Mozilla/5.0 AppleWebKit/537.36 (KHTML, like Gecko; compatible; bingbot/2.0; +http://www.bing.com/bingbot.htm) Chrome/116.0.1938.76 Safari/537.36" 
66.249.66.7 - - [29/May/2024:13:23:32 -0700] "GET /pe_static/op-cleaver.zip HTTP/1.1" 200 710176 "-" "Mozilla/5.0 (Linux; Android 6.0.1; Nexus 5X Build/MMB29P) AppleWebKit/537.36 (KHTML, like Gecko) Chrome/125.0.6422.65 Mobile Safari/537.36 (compatible; Googlebot/2.1; +http://www.google.com/bot.html)" 
66.249.66.8 - - [29/May/2024:13:27:31 -0700] "GET /scada/scada_logs.zip HTTP/1.1" 200 365012 "-" "Mozilla/5.0 (Linux; Android 6.0.1; Nexus 5X Build/MMB29P) AppleWebKit/537.36 (KHTML, like Gecko) Chrome/125.0.6422.65 Mobile Safari/537.36 (compatible; Googlebot/2.1; +http://www.google.com/bot.html)" 
66.249.66.8 - - [29/May/2024:13:29:50 -0700] "GET /?t=1&cn=ZmxleGlibGVfcmVjc18y&refsrc=email&iid=2572d65d1a814c138a77f3b60465fe37&uid=30635594&nid=244+272699400 HTTP/1.1" 200 13185 "-" "Mozilla/5.0 (Linux; Android 6.0.1; Nexus 5X Build/MMB29P) AppleWebKit/537.36 (KHTML, like Gecko) Chrome/125.0.6422.65 Mobile Safari/537.36 (compatible; Googlebot/2.1; +http://www.google.com/bot.html)" 
66.249.66.7 - - [29/May/2024:13:30:31 -0700] "GET /maccdc2012/notice.log.gz HTTP/1.1" 200 20797 "-" "Mozilla/5.0 (Linux; Android 6.0.1; Nexus 5X Build/MMB29P) AppleWebKit/537.36 (KHTML, like Gecko) Chrome/125.0.6422.65 Mobile Safari/537.36 (compatible; Googlebot/2.1; +http://www.google.com/bot.html)" 
220.70.33.3 - - [29/May/2024:13:31:06 -0700] "GET /index.php?m=wap&a=index&siteid=1 HTTP/1.1" 301 547 "-" "python-requests/2.32.2" 
220.70.33.3 - - [29/May/2024:13:31:06 -0700] "GET /index.php?m=wap&a=index&siteid=1 HTTP/1.1" 404 328 "-" "python-requests/2.32.2" 
220.70.33.3 - - [29/May/2024:13:31:07 -0700] "GET /index.php?m=attachment&c=attachments&a=swfupload_json&aid=1&src=%26id=%25%2A27an%2Ad%25%2A20updat*exml%281%2Ccon*cat%280x7e%2C%28us*er%28%29%29%2C0x7e%29%2C1%29%23%26modelid%3D1%26catid%3D1%26m%3D1%26f%3Dshadow HTTP/1.1" 301 911 "-" "python-requests/2.32.2" 
220.70.33.3 - - [29/May/2024:13:31:07 -0700] "GET /index.php?m=attachment&c=attachments&a=swfupload_json&aid=1&src=%26id=%25%2A27an%2Ad%25%2A20updat*exml%281%2Ccon*cat%280x7e%2C%28us*er%28%29%29%2C0x7e%29%2C1%29%23%26modelid%3D1%26catid%3D1%26m%3D1%26f%3Dshadow HTTP/1.1" 404 328 "-" "python-requests/2.32.2" 
43.228.124.128 - - [29/May/2024:13:34:21 -0700] "GET / HTTP/1.1" 200 13185 "-" "Mozilla/5.0 (Windows NT 10.0; Win64; x64) AppleWebKit/537.36 (KHTML, like Gecko) Chrome/97.0.4280.67 Safari/537.36 Edg/97.0.664.52" 
66.249.66.6 - - [29/May/2024:13:34:31 -0700] "GET /misc/zeus_dga_domains.txt.zip HTTP/1.1" 200 592381 "-" "Mozilla/5.0 (Linux; Android 6.0.1; Nexus 5X Build/MMB29P) AppleWebKit/537.36 (KHTML, like Gecko) Chrome/125.0.6422.65 Mobile Safari/537.36 (compatible; Googlebot/2.1; +http://www.google.com/bot.html)" 
52.167.144.216 - - [29/May/2024:13:36:29 -0700] "GET /self.logs/access.log.2017-08-01.gz HTTP/1.1" 200 30144 "-" "Mozilla/5.0 AppleWebKit/537.36 (KHTML, like Gecko; compatible; bingbot/2.0; +http://www.bing.com/bingbot.htm) Chrome/116.0.1938.76 Safari/537.36" 
107.20.105.74 - - [29/May/2024:13:37:47 -0700] "HEAD / HTTP/1.1" 301 186 "-" "DreamHost SiteMonitor 1.0" 
107.20.105.74 - - [29/May/2024:13:37:47 -0700] "HEAD / HTTP/1.1" 200 359 "http://67.205.24.129" "DreamHost SiteMonitor 1.0" 
52.167.144.216 - - [29/May/2024:13:39:18 -0700] "GET /self.logs/ HTTP/1.1" 200 50070 "-" "Mozilla/5.0 AppleWebKit/537.36 (KHTML, like Gecko; compatible; bingbot/2.0; +http://www.bing.com/bingbot.htm) Chrome/116.0.1938.76 Safari/537.36" 
114.119.137.143 - - [29/May/2024:13:41:53 -0700] "GET /self.logs/error.log.2020-09-16 HTTP/1.1" 200 768 "-" "Mozilla/5.0 (Linux; Android 7.0;) AppleWebKit/537.36 (KHTML, like Gecko) Mobile Safari/537.36 (compatible; PetalBot;+https://webmaster.petalsearch.com/site/petalbot)" 
157.55.39.56 - - [29/May/2024:13:53:30 -0700] "GET /self.logs/access.log.2017-11-01.gz HTTP/1.1" 200 43325 "-" "Mozilla/5.0 AppleWebKit/537.36 (KHTML, like Gecko; compatible; bingbot/2.0; +http://www.bing.com/bingbot.htm) Chrome/116.0.1938.76 Safari/537.36" 
52.230.152.102 - - [29/May/2024:13:54:36 -0700] "GET /robots.txt HTTP/1.1" 200 340 "-" "Mozilla/5.0 AppleWebKit/537.36 (KHTML, like Gecko; compatible; GPTBot/1.0; +https://openai.com/gptbot)" 
107.20.105.74 - - [29/May/2024:13:57:47 -0700] "HEAD / HTTP/1.1" 301 186 "-" "DreamHost SiteMonitor 1.0" 
107.20.105.74 - - [29/May/2024:13:57:47 -0700] "HEAD / HTTP/1.1" 200 359 "http://67.205.24.129" "DreamHost SiteMonitor 1.0" 
43.228.124.128 - - [29/May/2024:14:00:59 -0700] "GET / HTTP/1.1" 200 13185 "-" "Mozilla/5.0 (Windows NT 10.0; Win64; x64) AppleWebKit/537.36 (KHTML, like Gecko) Chrome/97.0.4280.67 Safari/537.36 Edg/97.0.664.52" 
207.46.13.31 - - [29/May/2024:14:02:29 -0700] "GET /twitter-icon.png HTTP/1.1" 200 27872 "-" "Mozilla/5.0 AppleWebKit/537.36 (KHTML, like Gecko; compatible; bingbot/2.0; +http://www.bing.com/bingbot.htm) Chrome/116.0.1938.76 Safari/537.36" 
66.249.66.6 - - [29/May/2024:14:04:47 -0700] "GET / HTTP/1.1" 200 13185 "-" "Mozilla/5.0 (compatible; Googlebot/2.1; +http://www.google.com/bot.html)" 
66.249.66.7 - - [29/May/2024:14:04:48 -0700] "GET /css/style.css HTTP/1.1" 404 328 "http://www.secrepo.com/" "Mozilla/5.0 AppleWebKit/537.36 (KHTML, like Gecko; compatible; Googlebot/2.1; +http://www.google.com/bot.html) Chrome/125.0.6422.66 Safari/537.36" 
66.249.66.7 - - [29/May/2024:14:06:13 -0700] "GET / HTTP/1.1" 200 13185 "-" "Mozilla/5.0 (compatible; Googlebot/2.1; +http://www.google.com/bot.html)" 
66.249.66.6 - - [29/May/2024:14:06:14 -0700] "GET /css/style.css HTTP/1.1" 404 328 "http://www.secrepo.com/" "Mozilla/5.0 AppleWebKit/537.36 (KHTML, like Gecko; compatible; Googlebot/2.1; +http://www.google.com/bot.html) Chrome/125.0.6422.66 Safari/537.36" 
66.249.66.76 - - [29/May/2024:14:07:39 -0700] "GET / HTTP/1.1" 301 475 "-" "Mozilla/5.0 (compatible; Googlebot/2.1; +http://www.google.com/bot.html)" 
66.249.66.8 - - [29/May/2024:14:07:39 -0700] "GET / HTTP/1.1" 200 13185 "-" "Mozilla/5.0 (compatible; Googlebot/2.1; +http://www.google.com/bot.html)" 
66.249.66.7 - - [29/May/2024:14:07:42 -0700] "GET /css/style.css HTTP/1.1" 404 328 "http://www.secrepo.com/" "Mozilla/5.0 AppleWebKit/537.36 (KHTML, like Gecko; compatible; Googlebot/2.1; +http://www.google.com/bot.html) Chrome/125.0.6422.66 Safari/537.36" 
66.249.66.8 - - [29/May/2024:14:16:25 -0700] "GET /tg/c.zip HTTP/1.1" 200 39777452 "-" "Mozilla/5.0 (Linux; Android 6.0.1; Nexus 5X Build/MMB29P) AppleWebKit/537.36 (KHTML, like Gecko) Chrome/125.0.6422.65 Mobile Safari/537.36 (compatible; Googlebot/2.1; +http://www.google.com/bot.html)" 
107.20.105.74 - - [29/May/2024:14:17:47 -0700] "HEAD / HTTP/1.1" 301 186 "-" "DreamHost SiteMonitor 1.0" 
107.20.105.74 - - [29/May/2024:14:17:47 -0700] "HEAD / HTTP/1.1" 200 359 "http://67.205.24.129" "DreamHost SiteMonitor 1.0" 
66.249.66.1 - - [29/May/2024:14:21:29 -0700] "GET /maccdc2012/weird.log.gz HTTP/1.1" 200 1252854 "-" "Mozilla/5.0 (Linux; Android 6.0.1; Nexus 5X Build/MMB29P) AppleWebKit/537.36 (KHTML, like Gecko) Chrome/125.0.6422.65 Mobile Safari/537.36 (compatible; Googlebot/2.1; +http://www.google.com/bot.html)" 
66.249.66.23 - - [29/May/2024:14:25:29 -0700] "GET /tg/b.zip HTTP/1.1" 200 29659060 "-" "Mozilla/5.0 (Linux; Android 6.0.1; Nexus 5X Build/MMB29P) AppleWebKit/537.36 (KHTML, like Gecko) Chrome/125.0.6422.65 Mobile Safari/537.36 (compatible; Googlebot/2.1; +http://www.google.com/bot.html)" 
114.119.139.166 - - [29/May/2024:14:27:24 -0700] "GET /self.logs/error.log.2020-10-03 HTTP/1.1" 200 351 "http://www.secrepo.com/self.logs?C=N%3BO%3DD" "Mozilla/5.0 (Linux; Android 7.0;) AppleWebKit/537.36 (KHTML, like Gecko) Mobile Safari/537.36 (compatible; PetalBot;+https://webmaster.petalsearch.com/site/petalbot)" 
66.249.66.2 - - [29/May/2024:14:28:30 -0700] "GET /tg/a.zip HTTP/1.1" 200 36726120 "-" "Mozilla/5.0 (Linux; Android 6.0.1; Nexus 5X Build/MMB29P) AppleWebKit/537.36 (KHTML, like Gecko) Chrome/125.0.6422.65 Mobile Safari/537.36 (compatible; Googlebot/2.1; +http://www.google.com/bot.html)" 
114.119.157.24 - - [29/May/2024:14:28:55 -0700] "GET /self.logs/error.log.2020-06-16 HTTP/1.1" 200 351 "http://www.secrepo.com/self.logs?C=N%3BO%3DD" "Mozilla/5.0 (Linux; Android 7.0;) AppleWebKit/537.36 (KHTML, like Gecko) Mobile Safari/537.36 (compatible; PetalBot;+https://webmaster.petalsearch.com/site/petalbot)" 
157.55.39.60 - - [29/May/2024:14:29:12 -0700] "GET /self.logs/access.log.2022-05-30.gz HTTP/1.1" 301 487 "-" "Mozilla/5.0 AppleWebKit/537.36 (KHTML, like Gecko; compatible; bingbot/2.0; +http://www.bing.com/bingbot.htm) Chrome/116.0.1938.76 Safari/537.36" 
66.249.66.2 - - [29/May/2024:14:29:29 -0700] "GET /maccdc2012/dhcp.log.gz HTTP/1.1" 200 44977 "-" "Mozilla/5.0 (Linux; Android 6.0.1; Nexus 5X Build/MMB29P) AppleWebKit/537.36 (KHTML, like Gecko) Chrome/125.0.6422.65 Mobile Safari/537.36 (compatible; Googlebot/2.1; +http://www.google.com/bot.html)" 
207.46.13.102 - - [29/May/2024:14:29:34 -0700] "GET /self.logs/access.log.2021-09-26.gz HTTP/1.1" 200 16312 "-" "Mozilla/5.0 AppleWebKit/537.36 (KHTML, like Gecko; compatible; bingbot/2.0; +http://www.bing.com/bingbot.htm) Chrome/116.0.1938.76 Safari/537.36" 
66.249.66.1 - - [29/May/2024:14:30:30 -0700] "GET /maccdc2012/ssh.log.gz HTTP/1.1" 200 182567 "-" "Mozilla/5.0 (Linux; Android 6.0.1; Nexus 5X Build/MMB29P) AppleWebKit/537.36 (KHTML, like Gecko) Chrome/125.0.6422.65 Mobile Safari/537.36 (compatible; Googlebot/2.1; +http://www.google.com/bot.html)" 
66.249.66.8 - - [29/May/2024:14:31:30 -0700] "GET /pe_static/apt1.zip HTTP/1.1" 200 1983439 "-" "Mozilla/5.0 (Linux; Android 6.0.1; Nexus 5X Build/MMB29P) AppleWebKit/537.36 (KHTML, like Gecko) Chrome/125.0.6422.65 Mobile Safari/537.36 (compatible; Googlebot/2.1; +http://www.google.com/bot.html)" 
66.249.66.7 - - [29/May/2024:14:33:33 -0700] "GET /maccdc2012/maccdc2012_full_alert.7z HTTP/1.1" 200 24979053 "-" "Mozilla/5.0 (Linux; Android 6.0.1; Nexus 5X Build/MMB29P) AppleWebKit/537.36 (KHTML, like Gecko) Chrome/125.0.6422.65 Mobile Safari/537.36 (compatible; Googlebot/2.1; +http://www.google.com/bot.html)" 
66.249.66.8 - - [29/May/2024:14:35:33 -0700] "GET /maccdc2012/conn.log.gz HTTP/1.1" 200 34882048 "-" "Mozilla/5.0 (Linux; Android 6.0.1; Nexus 5X Build/MMB29P) AppleWebKit/537.36 (KHTML, like Gecko) Chrome/125.0.6422.65 Mobile Safari/537.36 (compatible; Googlebot/2.1; +http://www.google.com/bot.html)" 
107.20.105.74 - - [29/May/2024:14:37:47 -0700] "HEAD / HTTP/1.1" 301 186 "-" "DreamHost SiteMonitor 1.0" 
107.20.105.74 - - [29/May/2024:14:37:47 -0700] "HEAD / HTTP/1.1" 200 359 "http://67.205.24.129" "DreamHost SiteMonitor 1.0" 
66.249.66.8 - - [29/May/2024:14:38:35 -0700] "GET /auth.log/auth.log.gz HTTP/1.1" 200 615679 "-" "Mozilla/5.0 (Linux; Android 6.0.1; Nexus 5X Build/MMB29P) AppleWebKit/537.36 (KHTML, like Gecko) Chrome/125.0.6422.65 Mobile Safari/537.36 (compatible; Googlebot/2.1; +http://www.google.com/bot.html)" 
66.249.66.6 - - [29/May/2024:14:41:35 -0700] "GET /honeypot/BSidesDFW%20-%202014.ipynb HTTP/1.1" 200 930921 "-" "Mozilla/5.0 (Linux; Android 6.0.1; Nexus 5X Build/MMB29P) AppleWebKit/537.36 (KHTML, like Gecko) Chrome/125.0.6422.65 Mobile Safari/537.36 (compatible; Googlebot/2.1; +http://www.google.com/bot.html)" 
66.249.66.8 - - [29/May/2024:14:49:35 -0700] "GET /Security-Data-Analysis/Lab_1/conn.log.zip HTTP/1.1" 200 46137741 "-" "Mozilla/5.0 (Linux; Android 6.0.1; Nexus 5X Build/MMB29P) AppleWebKit/537.36 (KHTML, like Gecko) Chrome/125.0.6422.65 Mobile Safari/537.36 (compatible; Googlebot/2.1; +http://www.google.com/bot.html)" 
114.84.158.102 - - [29/May/2024:14:50:03 -0700] "GET /maccdc2012/smtp.log.gz HTTP/1.1" 200 6956 "-" "Opera/9.63.(Windows NT 6.2; fi-FI) Presto/2.9.182 Version/11.00" 
36.155.121.214 - - [29/May/2024:14:50:06 -0700] "GET /maccdc2012/signatures.log.gz HTTP/1.1" 200 668 "-" "Mozilla/5.0 (Windows; U; Windows NT 5.2) AppleWebKit/531.2.5 (KHTML, like Gecko) Version/5.0.1 Safari/531.2.5" 
66.249.66.7 - - [29/May/2024:14:50:35 -0700] "GET /maccdc2012/dns.log.gz HTTP/1.1" 200 6607379 "-" "Mozilla/5.0 (Linux; Android 6.0.1; Nexus 5X Build/MMB29P) AppleWebKit/537.36 (KHTML, like Gecko) Chrome/125.0.6422.65 Mobile Safari/537.36 (compatible; Googlebot/2.1; +http://www.google.com/bot.html)" 
66.249.66.8 - - [29/May/2024:14:53:49 -0700] "GET /maccdc2012/smtp.log.gz HTTP/1.1" 200 6956 "-" "Mozilla/5.0 (Linux; Android 6.0.1; Nexus 5X Build/MMB29P) AppleWebKit/537.36 (KHTML, like Gecko) Chrome/125.0.6422.65 Mobile Safari/537.36 (compatible; Googlebot/2.1; +http://www.google.com/bot.html)" 
107.20.105.74 - - [29/May/2024:14:57:47 -0700] "HEAD / HTTP/1.1" 301 186 "-" "DreamHost SiteMonitor 1.0" 
107.20.105.74 - - [29/May/2024:14:57:47 -0700] "HEAD / HTTP/1.1" 200 359 "http://67.205.24.129" "DreamHost SiteMonitor 1.0" 
66.249.66.8 - - [29/May/2024:14:57:53 -0700] "GET /tg/tg_snort_full.7z HTTP/1.1" 200 8847905 "-" "Mozilla/5.0 (Linux; Android 6.0.1; Nexus 5X Build/MMB29P) AppleWebKit/537.36 (KHTML, like Gecko) Chrome/125.0.6422.65 Mobile Safari/537.36 (compatible; Googlebot/2.1; +http://www.google.com/bot.html)" 
66.249.66.2 - - [29/May/2024:14:59:53 -0700] "GET /maccdc2012/files.log.gz HTTP/1.1" 200 49572496 "-" "Mozilla/5.0 (Linux; Android 6.0.1; Nexus 5X Build/MMB29P) AppleWebKit/537.36 (KHTML, like Gecko) Chrome/125.0.6422.65 Mobile Safari/537.36 (compatible; Googlebot/2.1; +http://www.google.com/bot.html)" 
114.119.139.166 - - [29/May/2024:15:00:37 -0700] "GET /self.logs/error.log.2020-09-23 HTTP/1.1" 200 351 "http://www.secrepo.com/self.logs?C=N%3BO%3DD" "Mozilla/5.0 (Linux; Android 7.0;) AppleWebKit/537.36 (KHTML, like Gecko) Mobile Safari/537.36 (compatible; PetalBot;+https://webmaster.petalsearch.com/site/petalbot)" 
175.138.6.189 - - [29/May/2024:15:00:40 -0700] "GET / HTTP/1.1" 200 13185 "-" "Mozilla/5.0 (Macintosh; Intel Mac OS X 10_15_7) AppleWebKit/605.1.15 (KHTML, like Gecko)" 
175.138.6.189 - - [29/May/2024:15:00:41 -0700] "GET /apple-touch-icon-precomposed.png HTTP/1.1" 404 328 "-" "Safari/15613.3.9.1.16 CFNetwork/1128.1 Darwin/19.6.0 (x86_64)" 
175.138.6.189 - - [29/May/2024:15:00:41 -0700] "GET /apple-touch-icon.png HTTP/1.1" 404 305 "-" "Safari/15613.3.9.1.16 CFNetwork/1128.1 Darwin/19.6.0 (x86_64)" 
175.138.6.189 - - [29/May/2024:15:00:41 -0700] "GET /bootstrap/img/favicon.ico HTTP/1.1" 200 690 "-" "Safari/15613.3.9.1.16 CFNetwork/1128.1 Darwin/19.6.0 (x86_64)" 
175.138.6.189 - - [29/May/2024:15:00:42 -0700] "GET / HTTP/1.1" 200 13162 "-" "Mozilla/5.0 (iPhone; CPU iPhone OS 14_0 like Mac OS X) AppleWebKit/605.1.15 (KHTML, like Gecko) Version/14.0 Mobile/15E148 Safari/604.1" 
175.138.6.189 - - [29/May/2024:15:00:42 -0700] "GET /apple-touch-icon-precomposed.png HTTP/1.1" 404 305 "-" "Safari/15613.3.9.1.16 CFNetwork/1128.1 Darwin/19.6.0 (x86_64)" 
175.138.6.189 - - [29/May/2024:15:00:42 -0700] "GET /apple-touch-icon.png HTTP/1.1" 404 305 "-" "Safari/15613.3.9.1.16 CFNetwork/1128.1 Darwin/19.6.0 (x86_64)" 
17.241.219.171 - - [29/May/2024:15:01:39 -0700] "GET /robots.txt HTTP/1.1" 200 333 "-" "Mozilla/5.0 (Macintosh; Intel Mac OS X 10_15_7) AppleWebKit/605.1.15 (KHTML, like Gecko) Version/17.4 Safari/605.1.15 (Applebot/0.1; +http://www.apple.com/go/applebot)" 
17.241.219.171 - - [29/May/2024:15:01:39 -0700] "GET /self.logs/access.log.2019-07-15 HTTP/1.1" 200 372484 "-" "Mozilla/5.0 (Macintosh; Intel Mac OS X 10_15_7) AppleWebKit/605.1.15 (KHTML, like Gecko) Version/17.4 Safari/605.1.15 (Applebot/0.1; +http://www.apple.com/go/applebot)" 
66.249.66.2 - - [29/May/2024:15:02:53 -0700] "GET /Datasets%20Description/Network/signatures.html HTTP/1.1" 404 328 "-" "Mozilla/5.0 (Linux; Android 6.0.1; Nexus 5X Build/MMB29P) AppleWebKit/537.36 (KHTML, like Gecko) Chrome/125.0.6422.65 Mobile Safari/537.36 (compatible; Googlebot/2.1; +http://www.google.com/bot.html)" 
66.249.66.1 - - [29/May/2024:15:11:57 -0700] "GET /domaindata/domainmovement.zip HTTP/1.1" 200 7437836 "-" "Mozilla/5.0 (Linux; Android 6.0.1; Nexus 5X Build/MMB29P) AppleWebKit/537.36 (KHTML, like Gecko) Chrome/125.0.6422.65 Mobile Safari/537.36 (compatible; Googlebot/2.1; +http://www.google.com/bot.html)" 
173.236.202.71 - - [29/May/2024:15:13:04 -0700] "GET /wp-login.php HTTP/1.1" 301 462 "-" "Mozilla/5.0 (X11; Fedora; Linux x86_64; rv:94.0) Gecko/20100101 Firefox/95.0" 
173.236.202.71 - - [29/May/2024:15:13:04 -0700] "GET /wp-login.php HTTP/1.1" 404 291 "http://secrepo.com/wp-login.php" "Mozilla/5.0 (X11; Fedora; Linux x86_64; rv:94.0) Gecko/20100101 Firefox/95.0" 
66.249.66.23 - - [29/May/2024:15:13:08 -0700] "GET /tg/tg_snort_fast.7z HTTP/1.1" 200 4274204 "-" "Mozilla/5.0 (Linux; Android 6.0.1; Nexus 5X Build/MMB29P) AppleWebKit/537.36 (KHTML, like Gecko) Chrome/125.0.6422.65 Mobile Safari/537.36 (compatible; Googlebot/2.1; +http://www.google.com/bot.html)" 
66.249.66.1 - - [29/May/2024:15:14:15 -0700] "GET /maccdc2012/signatures.log.gz HTTP/1.1" 200 668 "-" "Mozilla/5.0 (Linux; Android 6.0.1; Nexus 5X Build/MMB29P) AppleWebKit/537.36 (KHTML, like Gecko) Chrome/125.0.6422.65 Mobile Safari/537.36 (compatible; Googlebot/2.1; +http://www.google.com/bot.html)" 
114.119.142.8 - - [29/May/2024:15:16:33 -0700] "GET /self.logs/error.log.2020-12-04 HTTP/1.1" 200 351 "http://www.secrepo.com/self.logs?C=N%3BO%3DD" "Mozilla/5.0 (Linux; Android 7.0;) AppleWebKit/537.36 (KHTML, like Gecko) Mobile Safari/537.36 (compatible; PetalBot;+https://webmaster.petalsearch.com/site/petalbot)" 
107.20.105.74 - - [29/May/2024:15:17:47 -0700] "HEAD / HTTP/1.1" 301 186 "-" "DreamHost SiteMonitor 1.0" 
107.20.105.74 - - [29/May/2024:15:17:47 -0700] "HEAD / HTTP/1.1" 200 359 "http://67.205.24.129" "DreamHost SiteMonitor 1.0" 
40.77.167.45 - - [29/May/2024:15:22:18 -0700] "GET /self.logs/access.log.2019-07-04.gz HTTP/1.1" 200 26681 "-" "Mozilla/5.0 AppleWebKit/537.36 (KHTML, like Gecko; compatible; bingbot/2.0; +http://www.bing.com/bingbot.htm) Chrome/116.0.1938.76 Safari/537.36" 
66.249.66.7 - - [29/May/2024:15:26:27 -0700] "GET /data HTTP/1.1" 404 328 "-" "Mozilla/5.0 (Linux; Android 6.0.1; Nexus 5X Build/MMB29P) AppleWebKit/537.36 (KHTML, like Gecko) Chrome/125.0.6422.65 Mobile Safari/537.36 (compatible; Googlebot/2.1; +http://www.google.com/bot.html)" 
207.46.13.7 - - [29/May/2024:15:26:49 -0700] "GET /self.logs/access.log.2019-05-05.gz HTTP/1.1" 200 25498 "-" "Mozilla/5.0 AppleWebKit/537.36 (KHTML, like Gecko; compatible; bingbot/2.0; +http://www.bing.com/bingbot.htm) Chrome/116.0.1938.76 Safari/537.36" 
43.228.124.128 - - [29/May/2024:15:28:27 -0700] "GET / HTTP/1.1" 200 13183 "-" "Mozilla/5.0 (Windows NT 10.0; Win64; x64) AppleWebKit/537.36 (KHTML, like Gecko) Chrome/97.0.4280.67 Safari/537.36 Edg/97.0.664.52" 
111.7.100.35 - - [29/May/2024:15:37:33 -0700] "GET / HTTP/1.1" 200 0 "-" "Mozilla/5.0 (Windows NT 10.0; Win64; x64) AppleWebKit/537.36 (KHTML, like Gecko) Chrome/90.0.4430.93 Safari/537.36Mozilla/5.0 (Linux; U; Android 8.0.0; zh-CN; SM-C7000 Build/R16NW) AppleWebKit/537.36 (KHTML, like Gecko) Version/4.0 Chrome/57.0.2987.108 UCBrowser/12.2.0.1000 Mobile Safari/537.36" 
107.20.105.74 - - [29/May/2024:15:37:47 -0700] "HEAD / HTTP/1.1" 301 186 "-" "DreamHost SiteMonitor 1.0" 
107.20.105.74 - - [29/May/2024:15:37:47 -0700] "HEAD / HTTP/1.1" 200 359 "http://67.205.24.129" "DreamHost SiteMonitor 1.0" 
52.230.152.126 - - [29/May/2024:15:43:52 -0700] "GET /robots.txt HTTP/1.1" 200 340 "-" "Mozilla/5.0 AppleWebKit/537.36 (KHTML, like Gecko; compatible; GPTBot/1.0; +https://openai.com/gptbot)" 
207.46.13.107 - - [29/May/2024:15:45:13 -0700] "GET /self.logs/error.log.2017-02-07.gz HTTP/1.1" 301 485 "-" "Mozilla/5.0 AppleWebKit/537.36 (KHTML, like Gecko; compatible; bingbot/2.0; +http://www.bing.com/bingbot.htm) Chrome/116.0.1938.76 Safari/537.36" 
157.55.39.54 - - [29/May/2024:15:52:51 -0700] "GET /self.logs/error.log.2020-04-19 HTTP/1.1" 301 479 "-" "Mozilla/5.0 AppleWebKit/537.36 (KHTML, like Gecko; compatible; bingbot/2.0; +http://www.bing.com/bingbot.htm) Chrome/116.0.1938.76 Safari/537.36" 
157.55.39.61 - - [29/May/2024:15:57:32 -0700] "GET / HTTP/1.1" 200 13141 "-" "Mozilla/5.0 AppleWebKit/537.36 (KHTML, like Gecko; compatible; bingbot/2.0; +http://www.bing.com/bingbot.htm) Chrome/116.0.1938.76 Safari/537.36" 
107.20.105.74 - - [29/May/2024:15:57:47 -0700] "HEAD / HTTP/1.1" 301 186 "-" "DreamHost SiteMonitor 1.0" 
107.20.105.74 - - [29/May/2024:15:57:47 -0700] "HEAD / HTTP/1.1" 200 359 "http://67.205.24.129" "DreamHost SiteMonitor 1.0" 
114.119.140.107 - - [29/May/2024:16:02:38 -0700] "GET /self.logs/error.log.2020-11-16 HTTP/1.1" 200 351 "http://www.secrepo.com/self.logs?C=N%3BO%3DD" "Mozilla/5.0 (Linux; Android 7.0;) AppleWebKit/537.36 (KHTML, like Gecko) Mobile Safari/537.36 (compatible; PetalBot;+https://webmaster.petalsearch.com/site/petalbot)" 
54.36.148.82 - - [29/May/2024:16:03:01 -0700] "GET /robots.txt HTTP/1.1" 200 333 "-" "Mozilla/5.0 (compatible; AhrefsBot/7.0; +http://ahrefs.com/robot/)" 
114.119.150.155 - - [29/May/2024:16:04:10 -0700] "GET /self.logs/error.log.2020-02-09 HTTP/1.1" 200 351 "http://www.secrepo.com/self.logs?C=N%3BO%3DD" "Mozilla/5.0 (Linux; Android 7.0;) AppleWebKit/537.36 (KHTML, like Gecko) Mobile Safari/537.36 (compatible; PetalBot;+https://webmaster.petalsearch.com/site/petalbot)" 
107.20.105.74 - - [29/May/2024:16:17:47 -0700] "HEAD / HTTP/1.1" 301 186 "-" "DreamHost SiteMonitor 1.0" 
107.20.105.74 - - [29/May/2024:16:17:47 -0700] "HEAD / HTTP/1.1" 200 359 "http://67.205.24.129" "DreamHost SiteMonitor 1.0" 
114.119.155.236 - - [29/May/2024:16:34:10 -0700] "GET /self.logs/error.log.2020-12-05 HTTP/1.1" 200 351 "http://www.secrepo.com/self.logs?C=N%3BO%3DD" "Mozilla/5.0 (Linux; Android 7.0;) AppleWebKit/537.36 (KHTML, like Gecko) Mobile Safari/537.36 (compatible; PetalBot;+https://webmaster.petalsearch.com/site/petalbot)" 
107.20.105.74 - - [29/May/2024:16:37:47 -0700] "HEAD / HTTP/1.1" 301 186 "-" "DreamHost SiteMonitor 1.0" 
107.20.105.74 - - [29/May/2024:16:37:47 -0700] "HEAD / HTTP/1.1" 200 359 "http://67.205.24.129" "DreamHost SiteMonitor 1.0" 
52.230.152.16 - - [29/May/2024:16:51:18 -0700] "GET /robots.txt HTTP/1.1" 200 340 "-" "Mozilla/5.0 AppleWebKit/537.36 (KHTML, like Gecko; compatible; GPTBot/1.0; +https://openai.com/gptbot)" 
107.20.105.74 - - [29/May/2024:16:57:47 -0700] "HEAD / HTTP/1.1" 301 186 "-" "DreamHost SiteMonitor 1.0" 
107.20.105.74 - - [29/May/2024:16:57:47 -0700] "HEAD / HTTP/1.1" 200 359 "http://67.205.24.129" "DreamHost SiteMonitor 1.0" 
43.228.124.128 - - [29/May/2024:17:04:08 -0700] "GET / HTTP/1.1" 200 13185 "-" "Mozilla/5.0 (Windows NT 10.0; Win64; x64) AppleWebKit/537.36 (KHTML, like Gecko) Chrome/97.0.4280.67 Safari/537.36 Edg/97.0.664.52" 
107.20.105.74 - - [29/May/2024:17:17:47 -0700] "HEAD / HTTP/1.1" 301 186 "-" "DreamHost SiteMonitor 1.0" 
107.20.105.74 - - [29/May/2024:17:17:47 -0700] "HEAD / HTTP/1.1" 200 359 "http://67.205.24.129" "DreamHost SiteMonitor 1.0" 
157.55.39.11 - - [29/May/2024:17:20:30 -0700] "GET /self.logs/access.log.2020-03-03.gz HTTP/1.1" 200 14491 "-" "Mozilla/5.0 AppleWebKit/537.36 (KHTML, like Gecko; compatible; bingbot/2.0; +http://www.bing.com/bingbot.htm) Chrome/116.0.1938.76 Safari/537.36" 
114.119.137.143 - - [29/May/2024:17:27:23 -0700] "GET /self.logs/error.log.2020-10-04 HTTP/1.1" 200 351 "http://www.secrepo.com/self.logs?C=N%3BO%3DD" "Mozilla/5.0 (Linux; Android 7.0;) AppleWebKit/537.36 (KHTML, like Gecko) Mobile Safari/537.36 (compatible; PetalBot;+https://webmaster.petalsearch.com/site/petalbot)" 
114.119.128.10 - - [29/May/2024:17:28:41 -0700] "GET /self.logs/error.log.2020-02-20 HTTP/1.1" 200 351 "http://www.secrepo.com/self.logs?C=N%3BO%3DD" "Mozilla/5.0 (Linux; Android 7.0;) AppleWebKit/537.36 (KHTML, like Gecko) Mobile Safari/537.36 (compatible; PetalBot;+https://webmaster.petalsearch.com/site/petalbot)" 
107.20.105.74 - - [29/May/2024:17:37:47 -0700] "HEAD / HTTP/1.1" 301 186 "-" "DreamHost SiteMonitor 1.0" 
107.20.105.74 - - [29/May/2024:17:37:47 -0700] "HEAD / HTTP/1.1" 200 359 "http://67.205.24.129" "DreamHost SiteMonitor 1.0" 
114.119.155.236 - - [29/May/2024:17:41:02 -0700] "GET /self.logs/error.log.2020-09-16 HTTP/1.1" 200 768 "-" "Mozilla/5.0 (Linux; Android 7.0;) AppleWebKit/537.36 (KHTML, like Gecko) Mobile Safari/537.36 (compatible; PetalBot;+https://webmaster.petalsearch.com/site/petalbot)" 
114.119.139.166 - - [29/May/2024:17:42:56 -0700] "GET /Datasets%20Description/?C=D%3BO%3DA HTTP/1.1" 200 677 "http://www.secrepo.com/Datasets%20Description/?C=M%3BO%3DA" "Mozilla/5.0 (Linux; Android 7.0;) AppleWebKit/537.36 (KHTML, like Gecko) Mobile Safari/537.36 (compatible; PetalBot;+https://webmaster.petalsearch.com/site/petalbot)" 
157.55.39.6 - - [29/May/2024:17:47:07 -0700] "GET /self.logs/access.log.2018-04-13.gz HTTP/1.1" 200 26504 "-" "Mozilla/5.0 AppleWebKit/537.36 (KHTML, like Gecko; compatible; bingbot/2.0; +http://www.bing.com/bingbot.htm) Chrome/116.0.1938.76 Safari/537.36" 
114.119.142.8 - - [29/May/2024:17:50:00 -0700] "GET /self.logs/error.log.2020-09-19 HTTP/1.1" 200 351 "http://www.secrepo.com/self.logs?C=N%3BO%3DD" "Mozilla/5.0 (Linux; Android 7.0;) AppleWebKit/537.36 (KHTML, like Gecko) Mobile Safari/537.36 (compatible; PetalBot;+https://webmaster.petalsearch.com/site/petalbot)" 
124.243.132.85 - - [29/May/2024:17:52:00 -0700] "GET /Datasets%20Description/?C=S;O=A HTTP/1.1" 200 655 "-" "Mozilla/5.0 (Windows NT 10.0; Win64; x64) AppleWebKit/537.36 (KHTML, like Gecko) Chrome/110.0.0.0 Safari/537.36" 
107.20.105.74 - - [29/May/2024:17:57:47 -0700] "HEAD / HTTP/1.1" 301 186 "-" "DreamHost SiteMonitor 1.0" 
107.20.105.74 - - [29/May/2024:17:57:47 -0700] "HEAD / HTTP/1.1" 200 359 "http://67.205.24.129" "DreamHost SiteMonitor 1.0" 
69.171.230.2 - - [29/May/2024:18:15:58 -0700] "GET / HTTP/1.1" 200 49133 "-" "facebookexternalhit/1.1 (+http://www.facebook.com/externalhit_uatext.php)" 
107.20.105.74 - - [29/May/2024:18:17:47 -0700] "HEAD / HTTP/1.1" 301 186 "-" "DreamHost SiteMonitor 1.0" 
107.20.105.74 - - [29/May/2024:18:17:47 -0700] "HEAD / HTTP/1.1" 200 359 "http://67.205.24.129" "DreamHost SiteMonitor 1.0" 
65.108.46.72 - - [29/May/2024:18:19:11 -0700] "GET /robots.txt HTTP/1.1" 200 340 "-" "Mozilla/5.0 (compatible; MJ12bot/v1.4.8; http://mj12bot.com/)" 
65.108.46.72 - - [29/May/2024:18:19:13 -0700] "GET /self.logs/error.log.2023-01-29 HTTP/1.1" 200 511 "-" "Mozilla/5.0 (compatible; MJ12bot/v1.4.8; http://mj12bot.com/)" 
65.108.46.72 - - [29/May/2024:18:19:15 -0700] "GET /self.logs/error.log.2023-01-30 HTTP/1.1" 200 314 "-" "Mozilla/5.0 (compatible; MJ12bot/v1.4.8; http://mj12bot.com/)" 
154.221.0.229 - - [29/May/2024:18:24:16 -0700] "GET /data/conf/version.txt HTTP/1.1" 301 517 "-" "python-requests/2.32.2" 
154.221.0.229 - - [29/May/2024:18:24:17 -0700] "GET /data/conf/version.txt HTTP/1.1" 404 328 "-" "python-requests/2.32.2" 
157.55.39.61 - - [29/May/2024:18:25:15 -0700] "GET /self.logs/error.log.2022-01-21.gz HTTP/1.1" 200 2992 "-" "Mozilla/5.0 AppleWebKit/537.36 (KHTML, like Gecko; compatible; bingbot/2.0; +http://www.bing.com/bingbot.htm) Chrome/116.0.1938.76 Safari/537.36" 
216.244.66.245 - - [29/May/2024:18:28:04 -0700] "GET /robots.txt HTTP/1.1" 200 333 "-" "Mozilla/5.0 (compatible; DotBot/1.2; +https://opensiteexplorer.org/dotbot; help@moz.com)" 
223.214.191.249 - - [29/May/2024:18:31:01 -0700] "GET /maccdc2012/smtp.log.gz HTTP/1.1" 200 6956 "-" "Opera/8.23.(X11; Linux i686; ko-KR) Presto/2.9.180 Version/12.00" 
107.20.105.74 - - [29/May/2024:18:37:47 -0700] "HEAD / HTTP/1.1" 301 186 "-" "DreamHost SiteMonitor 1.0" 
107.20.105.74 - - [29/May/2024:18:37:47 -0700] "HEAD / HTTP/1.1" 200 359 "http://67.205.24.129" "DreamHost SiteMonitor 1.0" 
52.230.152.131 - - [29/May/2024:18:52:13 -0700] "GET /robots.txt HTTP/1.1" 200 340 "-" "Mozilla/5.0 AppleWebKit/537.36 (KHTML, like Gecko; compatible; GPTBot/1.0; +https://openai.com/gptbot)" 
107.20.105.74 - - [29/May/2024:18:57:47 -0700] "HEAD / HTTP/1.1" 301 186 "-" "DreamHost SiteMonitor 1.0" 
107.20.105.74 - - [29/May/2024:18:57:47 -0700] "HEAD / HTTP/1.1" 200 359 "http://67.205.24.129" "DreamHost SiteMonitor 1.0" 
114.119.139.166 - - [29/May/2024:18:58:09 -0700] "GET /self.logs/error.log.2020-06-04 HTTP/1.1" 200 351 "-" "Mozilla/5.0 (Linux; Android 7.0;) AppleWebKit/537.36 (KHTML, like Gecko) Mobile Safari/537.36 (compatible; PetalBot;+https://webmaster.petalsearch.com/site/petalbot)" 
207.46.13.6 - - [29/May/2024:19:01:49 -0700] "GET / HTTP/1.1" 200 13141 "-" "Mozilla/5.0 AppleWebKit/537.36 (KHTML, like Gecko; compatible; bingbot/2.0; +http://www.bing.com/bingbot.htm) Chrome/116.0.1938.76 Safari/537.36" 
207.46.13.6 - - [29/May/2024:19:02:08 -0700] "GET /css/style.css HTTP/1.1" 404 284 "-" "Mozilla/5.0 AppleWebKit/537.36 (KHTML, like Gecko; compatible; bingbot/2.0; +http://www.bing.com/bingbot.htm) Chrome/116.0.1938.76 Safari/537.36" 
40.77.167.181 - - [29/May/2024:19:13:52 -0700] "GET /robots.txt HTTP/1.1" 301 495 "-" "Mozilla/5.0 AppleWebKit/537.36 (KHTML, like Gecko; compatible; bingbot/2.0; +http://www.bing.com/bingbot.htm) Chrome/116.0.1938.76 Safari/537.36" 
40.77.167.181 - - [29/May/2024:19:13:52 -0700] "GET /robots.txt HTTP/1.1" 200 377 "-" "Mozilla/5.0 AppleWebKit/537.36 (KHTML, like Gecko; compatible; bingbot/2.0; +http://www.bing.com/bingbot.htm) Chrome/116.0.1938.76 Safari/537.36" 
40.77.167.52 - - [29/May/2024:19:13:59 -0700] "GET /self.logs/error.log.2018-02-14.gz HTTP/1.1" 301 485 "-" "Mozilla/5.0 AppleWebKit/537.36 (KHTML, like Gecko; compatible; bingbot/2.0; +http://www.bing.com/bingbot.htm) Chrome/116.0.1938.76 Safari/537.36" 
66.249.66.7 - - [29/May/2024:19:14:21 -0700] "GET /Datasets%20Description/Network/notice.html HTTP/1.1" 304 358 "-" "Mozilla/5.0 (Linux; Android 6.0.1; Nexus 5X Build/MMB29P) AppleWebKit/537.36 (KHTML, like Gecko) Chrome/125.0.6422.65 Mobile Safari/537.36 (compatible; Googlebot/2.1; +http://www.google.com/bot.html)" 
114.119.140.107 - - [29/May/2024:19:17:05 -0700] "GET /self.logs/error.log.2019-10-22 HTTP/1.1" 200 351 "http://www.secrepo.com/self.logs?C=N%3BO%3DD" "Mozilla/5.0 (Linux; Android 7.0;) AppleWebKit/537.36 (KHTML, like Gecko) Mobile Safari/537.36 (compatible; PetalBot;+https://webmaster.petalsearch.com/site/petalbot)" 
107.20.105.74 - - [29/May/2024:19:17:47 -0700] "HEAD / HTTP/1.1" 301 186 "-" "DreamHost SiteMonitor 1.0" 
107.20.105.74 - - [29/May/2024:19:17:47 -0700] "HEAD / HTTP/1.1" 200 359 "http://67.205.24.129" "DreamHost SiteMonitor 1.0" 
180.109.28.210 - - [29/May/2024:19:22:56 -0700] "GET /favicon.ico HTTP/1.1" 304 342 "-" "Mozilla/5.0 (Windows NT 10.0; WOW64) AppleWebKit/537.36 (KHTML, like Gecko) Chrome/86.0.4240.198 Safari/537.36" 
52.167.144.203 - - [29/May/2024:19:25:02 -0700] "GET /self.logs/access.log.2024-03-25.gz HTTP/1.1" 200 20720 "-" "Mozilla/5.0 AppleWebKit/537.36 (KHTML, like Gecko; compatible; bingbot/2.0; +http://www.bing.com/bingbot.htm) Chrome/116.0.1938.76 Safari/537.36" 
107.20.105.74 - - [29/May/2024:19:37:47 -0700] "HEAD / HTTP/1.1" 301 186 "-" "DreamHost SiteMonitor 1.0" 
107.20.105.74 - - [29/May/2024:19:37:47 -0700] "HEAD / HTTP/1.1" 200 359 "http://67.205.24.129" "DreamHost SiteMonitor 1.0" 
40.77.167.143 - - [29/May/2024:19:37:51 -0700] "GET /self.logs/error.log.2017-12-10.gz HTTP/1.1" 301 485 "-" "Mozilla/5.0 AppleWebKit/537.36 (KHTML, like Gecko; compatible; bingbot/2.0; +http://www.bing.com/bingbot.htm) Chrome/116.0.1938.76 Safari/537.36" 
124.243.148.208 - - [29/May/2024:19:39:50 -0700] "GET /self.logs/?C=N;O=D HTTP/1.1" 200 51523 "-" "Mozilla/5.0 (Windows NT 10.0; Win64; x64) AppleWebKit/537.36 (KHTML, like Gecko) Chrome/107.0.0.0 Safari/537.36" 
66.249.66.6 - - [29/May/2024:19:41:03 -0700] "GET / HTTP/1.1" 200 13185 "-" "Mozilla/5.0 (compatible; Googlebot/2.1; +http://www.google.com/bot.html)" 
66.249.66.6 - - [29/May/2024:19:41:06 -0700] "GET /css/style.css HTTP/1.1" 404 305 "http://www.secrepo.com/" "Mozilla/5.0 AppleWebKit/537.36 (KHTML, like Gecko; compatible; Googlebot/2.1; +http://www.google.com/bot.html) Chrome/125.0.6422.66 Safari/537.36" 
66.249.66.75 - - [29/May/2024:19:42:42 -0700] "GET / HTTP/1.1" 301 475 "-" "Mozilla/5.0 (compatible; Googlebot/2.1; +http://www.google.com/bot.html)" 
66.249.66.7 - - [29/May/2024:19:42:43 -0700] "GET / HTTP/1.1" 200 13185 "-" "Mozilla/5.0 (compatible; Googlebot/2.1; +http://www.google.com/bot.html)" 
66.249.66.7 - - [29/May/2024:19:42:45 -0700] "GET /css/style.css HTTP/1.1" 404 305 "http://www.secrepo.com/" "Mozilla/5.0 AppleWebKit/537.36 (KHTML, like Gecko; compatible; Googlebot/2.1; +http://www.google.com/bot.html) Chrome/125.0.6422.66 Safari/537.36" 
157.55.39.56 - - [29/May/2024:19:48:34 -0700] "GET /self.logs/error.log.2017-03-30.gz HTTP/1.1" 301 485 "-" "Mozilla/5.0 AppleWebKit/537.36 (KHTML, like Gecko; compatible; bingbot/2.0; +http://www.bing.com/bingbot.htm) Chrome/116.0.1938.76 Safari/537.36" 
40.77.167.52 - - [29/May/2024:19:53:56 -0700] "GET /self.logs/error.log.2018-12-07.gz HTTP/1.1" 200 3143 "-" "Mozilla/5.0 AppleWebKit/537.36 (KHTML, like Gecko; compatible; bingbot/2.0; +http://www.bing.com/bingbot.htm) Chrome/116.0.1938.76 Safari/537.36" 
107.20.105.74 - - [29/May/2024:19:57:47 -0700] "HEAD / HTTP/1.1" 301 186 "-" "DreamHost SiteMonitor 1.0" 
107.20.105.74 - - [29/May/2024:19:57:47 -0700] "HEAD / HTTP/1.1" 200 359 "http://67.205.24.129" "DreamHost SiteMonitor 1.0" 
114.119.150.155 - - [29/May/2024:19:58:34 -0700] "GET /self.logs/error.log.2020-03-20 HTTP/1.1" 200 351 "http://www.secrepo.com/self.logs?C=N%3BO%3DD" "Mozilla/5.0 (Linux; Android 7.0;) AppleWebKit/537.36 (KHTML, like Gecko) Mobile Safari/537.36 (compatible; PetalBot;+https://webmaster.petalsearch.com/site/petalbot)" 
114.119.139.166 - - [29/May/2024:19:59:58 -0700] "GET /self.logs?C=S%3BO%3DA HTTP/1.1" 301 587 "https://www.secrepo.com/self.logs" "Mozilla/5.0 (Linux; Android 7.0;) AppleWebKit/537.36 (KHTML, like Gecko) Mobile Safari/537.36 (compatible; PetalBot;+https://webmaster.petalsearch.com/site/petalbot)" 
114.119.139.166 - - [29/May/2024:19:59:58 -0700] "GET /self.logs/?C=S%3BO%3DA HTTP/1.1" 200 50091 "https://www.secrepo.com/self.logs" "Mozilla/5.0 (Linux; Android 7.0;) AppleWebKit/537.36 (KHTML, like Gecko) Mobile Safari/537.36 (compatible; PetalBot;+https://webmaster.petalsearch.com/site/petalbot)" 
207.46.13.107 - - [29/May/2024:20:00:55 -0700] "GET /self.logs/access.log.2020-08-20.gz HTTP/1.1" 200 38856 "-" "Mozilla/5.0 AppleWebKit/537.36 (KHTML, like Gecko; compatible; bingbot/2.0; +http://www.bing.com/bingbot.htm) Chrome/116.0.1938.76 Safari/537.36" 
107.20.105.74 - - [29/May/2024:20:17:47 -0700] "HEAD / HTTP/1.1" 301 186 "-" "DreamHost SiteMonitor 1.0" 
107.20.105.74 - - [29/May/2024:20:17:47 -0700] "HEAD / HTTP/1.1" 200 359 "http://67.205.24.129" "DreamHost SiteMonitor 1.0" 
40.77.167.27 - - [29/May/2024:20:18:09 -0700] "GET /self.logs/error.log.2017-02-11.gz HTTP/1.1" 200 926 "-" "Mozilla/5.0 AppleWebKit/537.36 (KHTML, like Gecko; compatible; bingbot/2.0; +http://www.bing.com/bingbot.htm) Chrome/116.0.1938.76 Safari/537.36" 
157.55.39.53 - - [29/May/2024:20:24:43 -0700] "GET /self.logs/error.log.2017-12-14.gz HTTP/1.1" 301 485 "-" "Mozilla/5.0 AppleWebKit/537.36 (KHTML, like Gecko; compatible; bingbot/2.0; +http://www.bing.com/bingbot.htm) Chrome/116.0.1938.76 Safari/537.36" 
114.119.139.166 - - [29/May/2024:20:31:31 -0700] "GET /self.logs/2015/?C=M%3BO%3DA HTTP/1.1" 200 7621 "http://www.secrepo.com/self.logs/2015/?C=S%3BO%3DA" "Mozilla/5.0 (Linux; Android 7.0;) AppleWebKit/537.36 (KHTML, like Gecko) Mobile Safari/537.36 (compatible; PetalBot;+https://webmaster.petalsearch.com/site/petalbot)" 
107.20.105.74 - - [29/May/2024:20:37:47 -0700] "HEAD / HTTP/1.1" 301 186 "-" "DreamHost SiteMonitor 1.0" 
107.20.105.74 - - [29/May/2024:20:37:47 -0700] "HEAD / HTTP/1.1" 200 359 "http://67.205.24.129" "DreamHost SiteMonitor 1.0" 
66.249.66.7 - - [29/May/2024:20:40:28 -0700] "GET / HTTP/1.1" 200 13183 "-" "Mozilla/5.0 (compatible; Googlebot/2.1; +http://www.google.com/bot.html)" 
66.249.66.8 - - [29/May/2024:20:40:30 -0700] "GET /css/style.css HTTP/1.1" 404 328 "http://www.secrepo.com/" "Mozilla/5.0 AppleWebKit/537.36 (KHTML, like Gecko; compatible; Googlebot/2.1; +http://www.google.com/bot.html) Chrome/125.0.6422.66 Safari/537.36" 
207.46.13.168 - - [29/May/2024:20:41:47 -0700] "GET /self.logs/error.log.2022-07-09.gz HTTP/1.1" 200 4502 "-" "Mozilla/5.0 AppleWebKit/537.36 (KHTML, like Gecko; compatible; bingbot/2.0; +http://www.bing.com/bingbot.htm) Chrome/116.0.1938.76 Safari/537.36" 
66.249.66.74 - - [29/May/2024:20:42:29 -0700] "GET / HTTP/1.1" 301 475 "-" "Mozilla/5.0 (compatible; Googlebot/2.1; +http://www.google.com/bot.html)" 
66.249.66.8 - - [29/May/2024:20:42:30 -0700] "GET / HTTP/1.1" 200 13183 "-" "Mozilla/5.0 (compatible; Googlebot/2.1; +http://www.google.com/bot.html)" 
66.249.66.8 - - [29/May/2024:20:42:33 -0700] "GET /css/style.css HTTP/1.1" 404 305 "http://www.secrepo.com/" "Mozilla/5.0 AppleWebKit/537.36 (KHTML, like Gecko; compatible; Googlebot/2.1; +http://www.google.com/bot.html) Chrome/125.0.6422.66 Safari/537.36" 
159.223.8.224 - - [29/May/2024:20:45:55 -0700] "GET /wp-content/themes/travelscape/json.php HTTP/1.1" 301 551 "www.google.com" "Mozlila/5.0 (Linux; Android 7.0; SM-G892A Bulid/NRD90M; wv) AppleWebKit/537.36 (KHTML, like Gecko) Version/4.0 Chrome/60.0.3112.107 Moblie Safari/537.36" 
159.223.8.224 - - [29/May/2024:20:45:55 -0700] "GET /wp-content/themes/travelscape/json.php HTTP/1.1" 404 328 "www.google.com" "Mozlila/5.0 (Linux; Android 7.0; SM-G892A Bulid/NRD90M; wv) AppleWebKit/537.36 (KHTML, like Gecko) Version/4.0 Chrome/60.0.3112.107 Moblie Safari/537.36" 
159.223.8.224 - - [29/May/2024:20:45:56 -0700] "GET /wp-content/themes/travel/issue.php HTTP/1.1" 301 543 "www.google.com" "Mozlila/5.0 (Linux; Android 7.0; SM-G892A Bulid/NRD90M; wv) AppleWebKit/537.36 (KHTML, like Gecko) Version/4.0 Chrome/60.0.3112.107 Moblie Safari/537.36" 
159.223.8.224 - - [29/May/2024:20:45:56 -0700] "GET /wp-content/themes/travel/issue.php HTTP/1.1" 404 328 "www.google.com" "Mozlila/5.0 (Linux; Android 7.0; SM-G892A Bulid/NRD90M; wv) AppleWebKit/537.36 (KHTML, like Gecko) Version/4.0 Chrome/60.0.3112.107 Moblie Safari/537.36" 
159.223.8.224 - - [29/May/2024:20:45:57 -0700] "GET /epinyins.php HTTP/1.1" 301 499 "www.google.com" "Mozlila/5.0 (Linux; Android 7.0; SM-G892A Bulid/NRD90M; wv) AppleWebKit/537.36 (KHTML, like Gecko) Version/4.0 Chrome/60.0.3112.107 Moblie Safari/537.36" 
159.223.8.224 - - [29/May/2024:20:45:58 -0700] "GET /epinyins.php HTTP/1.1" 404 328 "www.google.com" "Mozlila/5.0 (Linux; Android 7.0; SM-G892A Bulid/NRD90M; wv) AppleWebKit/537.36 (KHTML, like Gecko) Version/4.0 Chrome/60.0.3112.107 Moblie Safari/537.36" 
52.167.144.204 - - [29/May/2024:20:48:57 -0700] "GET /self.logs/error.log.2020-06-10 HTTP/1.1" 200 307 "-" "Mozilla/5.0 AppleWebKit/537.36 (KHTML, like Gecko; compatible; bingbot/2.0; +http://www.bing.com/bingbot.htm) Chrome/116.0.1938.76 Safari/537.36" 
123.165.251.203 - - [29/May/2024:20:49:26 -0700] "GET /favicon.ico HTTP/1.1" 200 391 "-" "Mozilla/5.0 (Windows NT 10.0; WOW64) AppleWebKit/537.36 (KHTML, like Gecko) Chrome/86.0.4240.198 Safari/537.36" 
207.46.13.107 - - [29/May/2024:20:49:27 -0700] "GET /self.logs/error.log.2018-01-09.gz HTTP/1.1" 301 485 "-" "Mozilla/5.0 AppleWebKit/537.36 (KHTML, like Gecko; compatible; bingbot/2.0; +http://www.bing.com/bingbot.htm) Chrome/116.0.1938.76 Safari/537.36" 
157.55.39.11 - - [29/May/2024:20:50:15 -0700] "GET /self.logs/error.log.2017-10-15.gz HTTP/1.1" 200 2108 "-" "Mozilla/5.0 AppleWebKit/537.36 (KHTML, like Gecko; compatible; bingbot/2.0; +http://www.bing.com/bingbot.htm) Chrome/116.0.1938.76 Safari/537.36" 
207.46.13.102 - - [29/May/2024:20:50:49 -0700] "GET /self.logs/error.log.2019-01-04.gz HTTP/1.1" 301 485 "-" "Mozilla/5.0 AppleWebKit/537.36 (KHTML, like Gecko; compatible; bingbot/2.0; +http://www.bing.com/bingbot.htm) Chrome/116.0.1938.76 Safari/537.36" 
203.2.64.59 - - [29/May/2024:20:50:58 -0700] "GET / HTTP/1.1" 200 13146 "-" "Mozilla/5.0 (iPhone; CPU iPhone OS 13_2_3 like Mac OS X) AppleWebKit/605.1.15 (KHTML, like Gecko) Version/13.0.3 Mobile/15E148 Safari/604.1" 
107.20.105.74 - - [29/May/2024:20:57:47 -0700] "HEAD / HTTP/1.1" 301 186 "-" "DreamHost SiteMonitor 1.0" 
107.20.105.74 - - [29/May/2024:20:57:47 -0700] "HEAD / HTTP/1.1" 200 359 "http://67.205.24.129" "DreamHost SiteMonitor 1.0" 
52.230.152.22 - - [29/May/2024:21:06:02 -0700] "GET /robots.txt HTTP/1.1" 200 340 "-" "Mozilla/5.0 AppleWebKit/537.36 (KHTML, like Gecko; compatible; GPTBot/1.0; +https://openai.com/gptbot)" 
72.90.81.11 - - [29/May/2024:21:07:20 -0700] "HEAD / HTTP/1.1" 200 425 "-" "Mozilla/5.0 (compatible; Fess/14.10; +http://fess.codelibs.org/bot.html)" 
72.90.81.11 - - [29/May/2024:21:07:20 -0700] "GET / HTTP/1.1" 200 13162 "-" "Mozilla/5.0 (compatible; Fess/14.10; +http://fess.codelibs.org/bot.html)" 
114.224.61.60 - - [29/May/2024:21:07:39 -0700] "GET / HTTP/1.1" 200 13185 "-" "Mozilla/5.0 (Macintosh; Intel Mac OS X 10_15_7) AppleWebKit/605.1.15 (KHTML, like Gecko)" 
114.224.61.60 - - [29/May/2024:21:07:40 -0700] "GET /apple-touch-icon-precomposed.png HTTP/1.1" 404 328 "-" "Safari%E6%B5%8F%E8%A7%88%E5%99%A8/16615.3.12.11.5 CFNetwork/1240.0.4.5 Darwin/20.6.0" 
114.224.61.60 - - [29/May/2024:21:07:41 -0700] "GET /apple-touch-icon.png HTTP/1.1" 404 305 "-" "Safari%E6%B5%8F%E8%A7%88%E5%99%A8/16615.3.12.11.5 CFNetwork/1240.0.4.5 Darwin/20.6.0" 
114.224.61.60 - - [29/May/2024:21:07:42 -0700] "GET /bootstrap/img/favicon.ico HTTP/1.1" 200 690 "-" "Safari%E6%B5%8F%E8%A7%88%E5%99%A8/16615.3.12.11.5 CFNetwork/1240.0.4.5 Darwin/20.6.0" 
114.224.61.60 - - [29/May/2024:21:07:43 -0700] "GET / HTTP/1.1" 200 13185 "-" "Mozilla/5.0 (iPhone; CPU iPhone OS 16_4 like Mac OS X) AppleWebKit/605.1.15 (KHTML, like Gecko) Version/16.4 Mobile/15E148 Safari/604.1" 
114.224.61.60 - - [29/May/2024:21:07:43 -0700] "GET /apple-touch-icon-precomposed.png HTTP/1.1" 404 305 "-" "Safari%E6%B5%8F%E8%A7%88%E5%99%A8/16615.3.12.11.5 CFNetwork/1240.0.4.5 Darwin/20.6.0" 
114.224.61.60 - - [29/May/2024:21:07:44 -0700] "GET /apple-touch-icon.png HTTP/1.1" 404 305 "-" "Safari%E6%B5%8F%E8%A7%88%E5%99%A8/16615.3.12.11.5 CFNetwork/1240.0.4.5 Darwin/20.6.0" 
72.90.81.11 - - [29/May/2024:21:08:08 -0700] "HEAD / HTTP/1.1" 200 425 "-" "Mozilla/5.0 (compatible; Fess/14.10; +http://fess.codelibs.org/bot.html)" 
207.46.13.102 - - [29/May/2024:21:09:40 -0700] "GET /self.logs/error.log.2017-08-25.gz HTTP/1.1" 200 988 "-" "Mozilla/5.0 AppleWebKit/537.36 (KHTML, like Gecko; compatible; bingbot/2.0; +http://www.bing.com/bingbot.htm) Chrome/116.0.1938.76 Safari/537.36" 
