198.46.235.113 - - [17/Oct/2022:16:00:38 -0700] "GET /Datasets%20Description/PE_malware/Zeus.html HTTP/1.1" 200 1698 "http://www.secrepo.com" "Mozilla/5.0 (Macintosh; Intel Mac OS X 12_5) AppleWebKit/537.36 (KHTML, like Gecko) Chrome/103.0.0.0 Safari/537.36 Vivaldi/5.3.2679.68" 
198.46.235.113 - - [17/Oct/2022:16:00:38 -0700] "GET /Datasets%20Description/Network/http.html HTTP/1.1" 200 1709 "http://www.secrepo.com" "Mozilla/5.0 (Macintosh; Intel Mac OS X 12_5) AppleWebKit/537.36 (KHTML, like Gecko) Chrome/103.0.0.0 Safari/537.36 Vivaldi/5.3.2679.68" 
198.46.235.113 - - [17/Oct/2022:16:00:39 -0700] "GET /pe_static/zeus.zip HTTP/1.1" 200 5793280 "http://www.secrepo.com" "Mozilla/5.0 (Macintosh; Intel Mac OS X 12_5) AppleWebKit/537.36 (KHTML, like Gecko) Chrome/103.0.0.0 Safari/537.36 Vivaldi/5.3.2679.68" 
198.46.235.113 - - [17/Oct/2022:16:00:43 -0700] "GET / HTTP/1.1" 200 13185 "http://www.secrepo.com" "Mozilla/5.0 (Macintosh; Intel Mac OS X 12_5) AppleWebKit/537.36 (KHTML, like Gecko) Chrome/103.0.0.0 Safari/537.36 Vivaldi/5.3.2679.68" 
198.46.235.113 - - [17/Oct/2022:16:00:44 -0700] "GET /scada/scada_logs.zip HTTP/1.1" 200 365012 "http://www.secrepo.com" "Mozilla/5.0 (Macintosh; Intel Mac OS X 12_5) AppleWebKit/537.36 (KHTML, like Gecko) Chrome/103.0.0.0 Safari/537.36 Vivaldi/5.3.2679.68" 
198.46.235.113 - - [17/Oct/2022:16:00:45 -0700] "GET /maccdc2012/notice.log.gz HTTP/1.1" 200 20797 "http://www.secrepo.com" "Mozilla/5.0 (Macintosh; Intel Mac OS X 12_5) AppleWebKit/537.36 (KHTML, like Gecko) Chrome/103.0.0.0 Safari/537.36 Vivaldi/5.3.2679.68" 
198.46.235.113 - - [17/Oct/2022:16:00:45 -0700] "GET /domaindata/domainmovement.zip HTTP/1.1" 200 7437836 "http://www.secrepo.com" "Mozilla/5.0 (Macintosh; Intel Mac OS X 12_5) AppleWebKit/537.36 (KHTML, like Gecko) Chrome/103.0.0.0 Safari/537.36 Vivaldi/5.3.2679.68" 
198.46.235.113 - - [17/Oct/2022:16:00:47 -0700] "GET /Datasets%20Description/Network/notice.html HTTP/1.1" 200 1650 "http://www.secrepo.com" "Mozilla/5.0 (Macintosh; Intel Mac OS X 12_5) AppleWebKit/537.36 (KHTML, like Gecko) Chrome/103.0.0.0 Safari/537.36 Vivaldi/5.3.2679.68" 
198.46.235.113 - - [17/Oct/2022:16:00:48 -0700] "GET /misc/zeus_dga_domains.txt.zip HTTP/1.1" 200 592381 "http://www.secrepo.com" "Mozilla/5.0 (Macintosh; Intel Mac OS X 12_5) AppleWebKit/537.36 (KHTML, like Gecko) Chrome/103.0.0.0 Safari/537.36 Vivaldi/5.3.2679.68" 
198.46.235.113 - - [17/Oct/2022:16:00:49 -0700] "GET /maccdc2012/signatures.log.gz HTTP/1.1" 200 668 "http://www.secrepo.com" "Mozilla/5.0 (Macintosh; Intel Mac OS X 12_5) AppleWebKit/537.36 (KHTML, like Gecko) Chrome/103.0.0.0 Safari/537.36 Vivaldi/5.3.2679.68" 
198.46.235.113 - - [17/Oct/2022:16:00:49 -0700] "GET /tg/tg_snort_full.7z HTTP/1.1" 200 8847905 "http://www.secrepo.com" "Mozilla/5.0 (Macintosh; Intel Mac OS X 12_5) AppleWebKit/537.36 (KHTML, like Gecko) Chrome/103.0.0.0 Safari/537.36 Vivaldi/5.3.2679.68" 
198.46.235.113 - - [17/Oct/2022:16:00:51 -0700] "GET /Datasets%20Description/Network/signatures.html HTTP/1.1" 404 328 "http://www.secrepo.com" "Mozilla/5.0 (Macintosh; Intel Mac OS X 12_5) AppleWebKit/537.36 (KHTML, like Gecko) Chrome/103.0.0.0 Safari/537.36 Vivaldi/5.3.2679.68" 
198.46.235.113 - - [17/Oct/2022:16:00:51 -0700] "GET /tg/tg_snort_fast.7z HTTP/1.1" 200 4274204 "http://www.secrepo.com" "Mozilla/5.0 (Macintosh; Intel Mac OS X 12_5) AppleWebKit/537.36 (KHTML, like Gecko) Chrome/103.0.0.0 Safari/537.36 Vivaldi/5.3.2679.68" 
198.46.235.113 - - [17/Oct/2022:16:00:53 -0700] "GET /maccdc2012/smtp.log.gz HTTP/1.1" 200 6956 "http://www.secrepo.com" "Mozilla/5.0 (Macintosh; Intel Mac OS X 12_5) AppleWebKit/537.36 (KHTML, like Gecko) Chrome/103.0.0.0 Safari/537.36 Vivaldi/5.3.2679.68" 
198.46.235.113 - - [17/Oct/2022:16:00:53 -0700] "GET /Datasets%20Description/HTML_Bro_log_3 HTTP/1.1" 301 619 "http://www.secrepo.com" "Mozilla/5.0 (Macintosh; Intel Mac OS X 12_5) AppleWebKit/537.36 (KHTML, like Gecko) Chrome/103.0.0.0 Safari/537.36 Vivaldi/5.3.2679.68" 
198.46.235.113 - - [17/Oct/2022:16:00:54 -0700] "GET /Datasets%20Description/HTML_Bro_log_3/ HTTP/1.1" 200 823 "http://www.secrepo.com/Datasets%20Description/HTML_Bro_log_3" "Mozilla/5.0 (Macintosh; Intel Mac OS X 12_5) AppleWebKit/537.36 (KHTML, like Gecko) Chrome/103.0.0.0 Safari/537.36 Vivaldi/5.3.2679.68" 
198.46.235.113 - - [17/Oct/2022:16:00:54 -0700] "GET /Datasets%20Description/Network/smtp.html HTTP/1.1" 200 1637 "http://www.secrepo.com" "Mozilla/5.0 (Macintosh; Intel Mac OS X 12_5) AppleWebKit/537.36 (KHTML, like Gecko) Chrome/103.0.0.0 Safari/537.36 Vivaldi/5.3.2679.68" 
198.46.235.113 - - [17/Oct/2022:16:00:55 -0700] "GET /tg/c.zip HTTP/1.1" 200 23003760 "http://www.secrepo.com" "Mozilla/5.0 (Macintosh; Intel Mac OS X 12_5) AppleWebKit/537.36 (KHTML, like Gecko) Chrome/103.0.0.0 Safari/537.36 Vivaldi/5.3.2679.68" 
198.46.235.113 - - [17/Oct/2022:16:00:57 -0700] "GET /maccdc2012/ssh.log.gz HTTP/1.1" 200 182567 "http://www.secrepo.com" "Mozilla/5.0 (Macintosh; Intel Mac OS X 12_5) AppleWebKit/537.36 (KHTML, like Gecko) Chrome/103.0.0.0 Safari/537.36 Vivaldi/5.3.2679.68" 
198.46.235.113 - - [17/Oct/2022:16:00:57 -0700] "GET /Datasets%20Description/HTML_Bro_log_2 HTTP/1.1" 301 619 "http://www.secrepo.com" "Mozilla/5.0 (Macintosh; Intel Mac OS X 12_5) AppleWebKit/537.36 (KHTML, like Gecko) Chrome/103.0.0.0 Safari/537.36 Vivaldi/5.3.2679.68" 
198.46.235.113 - - [17/Oct/2022:16:00:58 -0700] "GET /Datasets%20Description/HTML_Bro_log_2/ HTTP/1.1" 200 832 "http://www.secrepo.com/Datasets%20Description/HTML_Bro_log_2" "Mozilla/5.0 (Macintosh; Intel Mac OS X 12_5) AppleWebKit/537.36 (KHTML, like Gecko) Chrome/103.0.0.0 Safari/537.36 Vivaldi/5.3.2679.68" 
198.46.235.113 - - [17/Oct/2022:16:00:59 -0700] "GET /Datasets%20Description/Network/ssh.html HTTP/1.1" 200 1368 "http://www.secrepo.com" "Mozilla/5.0 (Macintosh; Intel Mac OS X 12_5) AppleWebKit/537.36 (KHTML, like Gecko) Chrome/103.0.0.0 Safari/537.36 Vivaldi/5.3.2679.68" 
198.46.235.113 - - [17/Oct/2022:16:00:59 -0700] "GET /tg/b.zip HTTP/1.1" 200 14979600 "http://www.secrepo.com" "Mozilla/5.0 (Macintosh; Intel Mac OS X 12_5) AppleWebKit/537.36 (KHTML, like Gecko) Chrome/103.0.0.0 Safari/537.36 Vivaldi/5.3.2679.68" 
198.46.235.113 - - [17/Oct/2022:16:01:01 -0700] "GET /maccdc2012/ssl.log.gz HTTP/1.1" 200 1311486 "http://www.secrepo.com" "Mozilla/5.0 (Macintosh; Intel Mac OS X 12_5) AppleWebKit/537.36 (KHTML, like Gecko) Chrome/103.0.0.0 Safari/537.36 Vivaldi/5.3.2679.68" 
198.46.235.113 - - [17/Oct/2022:16:01:02 -0700] "GET /Datasets%20Description/HTML_Bro_log_1 HTTP/1.1" 301 619 "http://www.secrepo.com" "Mozilla/5.0 (Macintosh; Intel Mac OS X 12_5) AppleWebKit/537.36 (KHTML, like Gecko) Chrome/103.0.0.0 Safari/537.36 Vivaldi/5.3.2679.68" 
198.46.235.113 - - [17/Oct/2022:16:01:03 -0700] "GET /Datasets%20Description/HTML_Bro_log_1/ HTTP/1.1" 200 834 "http://www.secrepo.com/Datasets%20Description/HTML_Bro_log_1" "Mozilla/5.0 (Macintosh; Intel Mac OS X 12_5) AppleWebKit/537.36 (KHTML, like Gecko) Chrome/103.0.0.0 Safari/537.36 Vivaldi/5.3.2679.68" 
198.46.235.113 - - [17/Oct/2022:16:01:04 -0700] "GET /Datasets%20Description/Network/ssl.html HTTP/1.1" 200 1585 "http://www.secrepo.com" "Mozilla/5.0 (Macintosh; Intel Mac OS X 12_5) AppleWebKit/537.36 (KHTML, like Gecko) Chrome/103.0.0.0 Safari/537.36 Vivaldi/5.3.2679.68" 
198.46.235.113 - - [17/Oct/2022:16:01:04 -0700] "GET /tg/a.zip HTTP/1.1" 200 31384160 "http://www.secrepo.com" "Mozilla/5.0 (Macintosh; Intel Mac OS X 12_5) AppleWebKit/537.36 (KHTML, like Gecko) Chrome/103.0.0.0 Safari/537.36 Vivaldi/5.3.2679.68" 
198.46.235.113 - - [17/Oct/2022:16:01:06 -0700] "GET /maccdc2012/tunnel.log.gz HTTP/1.1" 200 5282 "http://www.secrepo.com" "Mozilla/5.0 (Macintosh; Intel Mac OS X 12_5) AppleWebKit/537.36 (KHTML, like Gecko) Chrome/103.0.0.0 Safari/537.36 Vivaldi/5.3.2679.68" 
198.46.235.113 - - [17/Oct/2022:16:01:06 -0700] "GET /maccdc2012/maccdc2012_full_alert.7z HTTP/1.1" 200 24979053 "http://www.secrepo.com" "Mozilla/5.0 (Macintosh; Intel Mac OS X 12_5) AppleWebKit/537.36 (KHTML, like Gecko) Chrome/103.0.0.0 Safari/537.36 Vivaldi/5.3.2679.68" 
198.46.235.113 - - [17/Oct/2022:16:01:08 -0700] "GET /Datasets%20Description/Network/tunnel.html HTTP/1.1" 200 1470 "http://www.secrepo.com" "Mozilla/5.0 (Macintosh; Intel Mac OS X 12_5) AppleWebKit/537.36 (KHTML, like Gecko) Chrome/103.0.0.0 Safari/537.36 Vivaldi/5.3.2679.68" 
198.46.235.113 - - [17/Oct/2022:16:01:09 -0700] "GET /maccdc2012/maccdc2012_fast_alert.7z HTTP/1.1" 200 9478260 "http://www.secrepo.com" "Mozilla/5.0 (Macintosh; Intel Mac OS X 12_5) AppleWebKit/537.36 (KHTML, like Gecko) Chrome/103.0.0.0 Safari/537.36 Vivaldi/5.3.2679.68" 
198.46.235.113 - - [17/Oct/2022:16:01:10 -0700] "GET /maccdc2012/weird.log.gz HTTP/1.1" 200 1252854 "http://www.secrepo.com" "Mozilla/5.0 (Macintosh; Intel Mac OS X 12_5) AppleWebKit/537.36 (KHTML, like Gecko) Chrome/103.0.0.0 Safari/537.36 Vivaldi/5.3.2679.68" 
198.46.235.113 - - [17/Oct/2022:16:01:12 -0700] "GET /Datasets%20Description/Network/weird.html HTTP/1.1" 200 1645 "http://www.secrepo.com" "Mozilla/5.0 (Macintosh; Intel Mac OS X 12_5) AppleWebKit/537.36 (KHTML, like Gecko) Chrome/103.0.0.0 Safari/537.36 Vivaldi/5.3.2679.68" 
124.220.171.218 - - [17/Oct/2022:16:08:18 -0700] "GET / HTTP/1.1" 200 13148 "-" "Mozilla/5.0 (Linux; Android 6.0; Nexus 5 Build/MRA58N) AppleWebKit/537.36 (KHTML, like Gecko) Chrome/81.0.4044.138 Mobile Safari/537.36" 
174.95.43.63 - - [17/Oct/2022:16:09:24 -0700] "GET / HTTP/1.1" 200 13185 "-" "Mozilla/5.0 (Windows NT 10.0; Win64; x64) AppleWebKit/537.36 (KHTML, like Gecko) Chrome/106.0.0.0 Safari/537.36" 
174.95.43.63 - - [17/Oct/2022:16:09:24 -0700] "GET /css/style.css HTTP/1.1" 404 305 "http://www.secrepo.com/" "Mozilla/5.0 (Windows NT 10.0; Win64; x64) AppleWebKit/537.36 (KHTML, like Gecko) Chrome/106.0.0.0 Safari/537.36" 
174.95.43.63 - - [17/Oct/2022:16:09:24 -0700] "GET /twitter-icon.png HTTP/1.1" 200 27893 "http://www.secrepo.com/" "Mozilla/5.0 (Windows NT 10.0; Win64; x64) AppleWebKit/537.36 (KHTML, like Gecko) Chrome/106.0.0.0 Safari/537.36" 
174.95.43.63 - - [17/Oct/2022:16:09:24 -0700] "GET /GitHub-Mark.png HTTP/1.1" 200 7556 "http://www.secrepo.com/" "Mozilla/5.0 (Windows NT 10.0; Win64; x64) AppleWebKit/537.36 (KHTML, like Gecko) Chrome/106.0.0.0 Safari/537.36" 
174.95.43.63 - - [17/Oct/2022:16:09:24 -0700] "GET /bootstrap/img/favicon.ico HTTP/1.1" 200 690 "http://www.secrepo.com/" "Mozilla/5.0 (Windows NT 10.0; Win64; x64) AppleWebKit/537.36 (KHTML, like Gecko) Chrome/106.0.0.0 Safari/537.36" 
174.95.43.63 - - [17/Oct/2022:16:09:53 -0700] "GET /pe_static/zeus.zip HTTP/1.1" 200 51367222 "http://www.secrepo.com/" "Mozilla/5.0 (Windows NT 10.0; Win64; x64) AppleWebKit/537.36 (KHTML, like Gecko) Chrome/106.0.0.0 Safari/537.36" 
174.95.43.63 - - [17/Oct/2022:16:10:00 -0700] "GET /pe_static/zeus.zip HTTP/1.1" 200 51367199 "-" "Mozilla/5.0 (Windows NT 10.0; Win64; x64) AppleWebKit/537.36 (KHTML, like Gecko) Chrome/106.0.0.0 Safari/537.36" 
49.7.20.105 - - [17/Oct/2022:16:13:02 -0700] "GET / HTTP/1.1" 200 13148 "-" "Sogou web spider/4.0(+http://www.sogou.com/docs/help/webmasters.htm#07)" 
114.119.149.23 - - [17/Oct/2022:16:24:36 -0700] "GET /self.logs/error.log.2018-03-23.gz HTTP/1.1" 200 4661 "-" "Mozilla/5.0 (compatible;PetalBot;+https://webmaster.petalsearch.com/site/petalbot)" 
157.55.39.38 - - [17/Oct/2022:16:29:20 -0700] "GET /self.logs/ HTTP/1.1" 200 39080 "-" "Mozilla/5.0 AppleWebKit/537.36 (KHTML, like Gecko; compatible; bingbot/2.0; +http://www.bing.com/bingbot.htm) Chrome/103.0.5060.134 Safari/537.36" 
114.119.149.228 - - [17/Oct/2022:16:30:35 -0700] "GET /Datasets%20Description/Network/?C=D%3BO%3DA HTTP/1.1" 200 769 "http://www.secrepo.com/Datasets%20Description/Network?C=N%3BO%3DD" "Mozilla/5.0 (Linux; Android 7.0;) AppleWebKit/537.36 (KHTML, like Gecko) Mobile Safari/537.36 (compatible; PetalBot;+https://webmaster.petalsearch.com/site/petalbot)" 
49.7.20.105 - - [17/Oct/2022:16:39:12 -0700] "GET / HTTP/1.1" 200 13148 "-" "Sogou web spider/4.0(+http://www.sogou.com/docs/help/webmasters.htm#07)" 
120.92.72.66 - - [17/Oct/2022:16:52:58 -0700] "GET / HTTP/1.1" 301 475 "-" "Mozilla/5.0 (Windows NT 10.0; Win64; x64) AppleWebKit/537.36 (KHTML, like Gecko) Chrome/59.0.3071.115 Safari/537.36" 
120.92.72.144 - - [17/Oct/2022:16:53:02 -0700] "GET / HTTP/1.1" 200 13186 "-" "Mozilla/5.0 (Windows NT 10.0; Win64; x64) AppleWebKit/537.36 (KHTML, like Gecko) Chrome/59.0.3071.115 Safari/537.36" 
157.55.39.38 - - [17/Oct/2022:16:57:03 -0700] "GET /self.logs/ HTTP/1.1" 200 39080 "-" "Mozilla/5.0 (compatible; bingbot/2.0; +http://www.bing.com/bingbot.htm)" 
27.150.191.126 - - [17/Oct/2022:16:58:48 -0700] "GET / HTTP/1.1" 200 13186 "-" "Mozilla/5.0 (Windows NT 10.0; Win64; x64) AppleWebKit/537.36 (KHTML, like Gecko) Chrome/76.0.3809.25 Safari/537.36" 
27.150.191.126 - - [17/Oct/2022:16:59:19 -0700] "GET /ajax.googleapis.com/ajax/libs/jquery/2.0.2/jquery.min.js HTTP/1.1" 404 328 "-" "Mozilla/5.0 (Windows NT 10.0; Win64; x64) AppleWebKit/537.36 (KHTML, like Gecko) Chrome/76.0.3809.25 Safari/537.36" 
27.150.191.126 - - [17/Oct/2022:16:59:20 -0700] "GET /netdna.bootstrapcdn.com/bootstrap/3.1.1/js/bootstrap.min.js HTTP/1.1" 404 0 "-" "Mozilla/5.0 (Windows NT 10.0; Win64; x64) AppleWebKit/537.36 (KHTML, like Gecko) Chrome/76.0.3809.25 Safari/537.36" 
27.150.191.126 - - [17/Oct/2022:16:59:25 -0700] "GET /netdna.bootstrapcdn.com/bootstrap/3.1.1/js/bootstrap.min.js HTTP/1.1" 404 0 "-" "Mozilla/5.0 (Windows NT 10.0; Win64; x64) AppleWebKit/537.36 (KHTML, like Gecko) Chrome/76.0.3809.25 Safari/537.36" 
27.150.191.126 - - [17/Oct/2022:16:59:25 -0700] "GET /www.google-analytics.com/analytics.js HTTP/1.1" 404 328 "-" "Mozilla/5.0 (Windows NT 10.0; Win64; x64) AppleWebKit/537.36 (KHTML, like Gecko) Chrome/76.0.3809.25 Safari/537.36" 
27.150.191.126 - - [17/Oct/2022:16:59:25 -0700] "GET /quantserve.com/quant.js HTTP/1.1" 404 305 "-" "Mozilla/5.0 (Windows NT 10.0; Win64; x64) AppleWebKit/537.36 (KHTML, like Gecko) Chrome/76.0.3809.25 Safari/537.36" 
218.215.134.178 - - [17/Oct/2022:16:59:56 -0700] "GET / HTTP/1.1" 200 13186 "-" "Mozilla/5.0 (Windows NT 10.0; Win64; x64) AppleWebKit/537.36 (KHTML, like Gecko) Chrome/106.0.0.0 Safari/537.36" 
218.215.134.178 - - [17/Oct/2022:16:59:56 -0700] "GET /css/style.css HTTP/1.1" 404 305 "http://www.secrepo.com/" "Mozilla/5.0 (Windows NT 10.0; Win64; x64) AppleWebKit/537.36 (KHTML, like Gecko) Chrome/106.0.0.0 Safari/537.36" 
218.215.134.178 - - [17/Oct/2022:16:59:56 -0700] "GET /twitter-icon.png HTTP/1.1" 200 27916 "http://www.secrepo.com/" "Mozilla/5.0 (Windows NT 10.0; Win64; x64) AppleWebKit/537.36 (KHTML, like Gecko) Chrome/106.0.0.0 Safari/537.36" 
218.215.134.178 - - [17/Oct/2022:16:59:56 -0700] "GET /GitHub-Mark.png HTTP/1.1" 200 7556 "http://www.secrepo.com/" "Mozilla/5.0 (Windows NT 10.0; Win64; x64) AppleWebKit/537.36 (KHTML, like Gecko) Chrome/106.0.0.0 Safari/537.36" 
218.215.134.178 - - [17/Oct/2022:16:59:58 -0700] "GET /bootstrap/img/favicon.ico HTTP/1.1" 200 690 "http://www.secrepo.com/" "Mozilla/5.0 (Windows NT 10.0; Win64; x64) AppleWebKit/537.36 (KHTML, like Gecko) Chrome/106.0.0.0 Safari/537.36" 
157.55.39.55 - - [17/Oct/2022:17:06:39 -0700] "GET / HTTP/1.1" 200 13185 "-" "Mozilla/5.0 (compatible; bingbot/2.0; +http://www.bing.com/bingbot.htm)" 
114.119.145.137 - - [17/Oct/2022:17:07:20 -0700] "GET /self.logs/error.log.2018-09-02.gz HTTP/1.1" 200 5402 "-" "Mozilla/5.0 (compatible;PetalBot;+https://webmaster.petalsearch.com/site/petalbot)" 
114.119.149.218 - - [17/Oct/2022:17:13:08 -0700] "GET /self.logs/error.log.2020-09-08 HTTP/1.1" 200 351 "http://www.secrepo.com/self.logs?C=N%3BO%3DD" "Mozilla/5.0 (Linux; Android 7.0;) AppleWebKit/537.36 (KHTML, like Gecko) Mobile Safari/537.36 (compatible; PetalBot;+https://webmaster.petalsearch.com/site/petalbot)" 
157.55.39.38 - - [17/Oct/2022:17:26:26 -0700] "GET /self.logs/ HTTP/1.1" 200 39080 "-" "Mozilla/5.0 (compatible; bingbot/2.0; +http://www.bing.com/bingbot.htm)" 
114.119.140.174 - - [17/Oct/2022:17:36:01 -0700] "GET /self.logs/access.log.2020-07-30.gz HTTP/1.1" 200 13139 "-" "Mozilla/5.0 (compatible;PetalBot;+https://webmaster.petalsearch.com/site/petalbot)" 
54.36.148.239 - - [17/Oct/2022:17:38:19 -0700] "GET /robots.txt HTTP/1.1" 301 439 "-" "Mozilla/5.0 (compatible; AhrefsBot/7.0; +http://ahrefs.com/robot/)" 
54.36.148.239 - - [17/Oct/2022:17:38:19 -0700] "GET /robots.txt HTTP/1.1" 200 333 "-" "Mozilla/5.0 (compatible; AhrefsBot/7.0; +http://ahrefs.com/robot/)" 
107.151.3.34 - - [17/Oct/2022:17:42:00 -0700] "GET / HTTP/1.1" 301 475 "http://SecRepo.com" "Mozilla/5.0 (Windows NT 10.0; Win64; x64) AppleWebKit/537.36 (KHTML, like Gecko) Chrome/87.0.4280.67 Safari/537.36 Edg/87.0.664.52" 
107.151.3.34 - - [17/Oct/2022:17:42:00 -0700] "GET / HTTP/1.1" 200 13185 "http://SecRepo.com" "Mozilla/5.0 (Windows NT 10.0; Win64; x64) AppleWebKit/537.36 (KHTML, like Gecko) Chrome/87.0.4280.67 Safari/537.36 Edg/87.0.664.52" 
39.144.45.4 - - [17/Oct/2022:17:51:32 -0700] "GET / HTTP/1.1" 200 13185 "-" "Mozilla/5.0 (Linux; Android 10; NOH-AN00 Build/HUAWEINOH-AN00; wv) AppleWebKit/537.36 (KHTML, like Gecko) Version/4.0 Chrome/86.0.4240.99 XWEB/4317 MMWEBSDK/20220903 Mobile Safari/537.36 MMWEBID/5674 MicroMessenger/8.0.28.2240(0x28001C92) WeChat/arm64 Weixin NetType/5G Language/zh_CN ABI/arm64" 
39.144.45.4 - - [17/Oct/2022:17:51:34 -0700] "GET /css/style.css HTTP/1.1" 404 328 "http://www.secrepo.com/" "Mozilla/5.0 (Linux; Android 10; NOH-AN00 Build/HUAWEINOH-AN00; wv) AppleWebKit/537.36 (KHTML, like Gecko) Version/4.0 Chrome/86.0.4240.99 XWEB/4317 MMWEBSDK/20220903 Mobile Safari/537.36 MMWEBID/5674 MicroMessenger/8.0.28.2240(0x28001C92) WeChat/arm64 Weixin NetType/5G Language/zh_CN ABI/arm64" 
157.55.39.38 - - [17/Oct/2022:17:54:49 -0700] "GET /self.logs/ HTTP/1.1" 200 39080 "-" "Mozilla/5.0 (compatible; bingbot/2.0; +http://www.bing.com/bingbot.htm)" 
74.193.42.85 - - [17/Oct/2022:17:55:11 -0700] "GET /self.logs/ HTTP/1.1" 200 39080 "-" "Mozilla/5.0 (Windows NT 10.0; Win64; x64) AppleWebKit/537.36 (KHTML, like Gecko) Chrome/106.0.0.0 Safari/537.36" 
74.193.42.85 - - [17/Oct/2022:17:55:11 -0700] "GET /favicon.ico HTTP/1.1" 200 368 "http://www.secrepo.com/self.logs/" "Mozilla/5.0 (Windows NT 10.0; Win64; x64) AppleWebKit/537.36 (KHTML, like Gecko) Chrome/106.0.0.0 Safari/537.36" 
74.193.42.85 - - [17/Oct/2022:17:55:14 -0700] "GET /self.logs/?C=D;O=A HTTP/1.1" 200 39057 "http://www.secrepo.com/self.logs/" "Mozilla/5.0 (Windows NT 10.0; Win64; x64) AppleWebKit/537.36 (KHTML, like Gecko) Chrome/106.0.0.0 Safari/537.36" 
74.193.42.85 - - [17/Oct/2022:17:55:16 -0700] "GET /self.logs/access.log.2017-01-03.gz HTTP/1.1" 200 41141 "http://www.secrepo.com/self.logs/?C=D;O=A" "Mozilla/5.0 (Windows NT 10.0; Win64; x64) AppleWebKit/537.36 (KHTML, like Gecko) Chrome/106.0.0.0 Safari/537.36" 
74.193.42.85 - - [17/Oct/2022:17:55:27 -0700] "GET /self.logs/access.log.2017-01-31.gz HTTP/1.1" 200 19898 "http://www.secrepo.com/self.logs/?C=D;O=A" "Mozilla/5.0 (Windows NT 10.0; Win64; x64) AppleWebKit/537.36 (KHTML, like Gecko) Chrome/106.0.0.0 Safari/537.36" 
157.55.39.55 - - [17/Oct/2022:17:55:43 -0700] "GET /Datasets%20Description/PE_malware/Zeus.html HTTP/1.1" 200 1698 "-" "Mozilla/5.0 (compatible; bingbot/2.0; +http://www.bing.com/bingbot.htm)" 
114.119.149.218 - - [17/Oct/2022:17:58:03 -0700] "GET /self.logs/error.log.2020-08-02 HTTP/1.1" 200 351 "http://www.secrepo.com/self.logs?C=N%3BO%3DD" "Mozilla/5.0 (Linux; Android 7.0;) AppleWebKit/537.36 (KHTML, like Gecko) Mobile Safari/537.36 (compatible; PetalBot;+https://webmaster.petalsearch.com/site/petalbot)" 
123.139.248.215 - - [17/Oct/2022:18:03:12 -0700] "GET /favicon.ico HTTP/1.1" 200 391 "-" "Mozilla/5.0 (Windows NT 6.1; WOW64) AppleWebKit/537.36 (KHTML, like Gecko) Chrome/86.0.4240.198 Safari/537.36" 
114.119.149.218 - - [17/Oct/2022:18:03:54 -0700] "GET /self.logs/access.log.2020-01-02.gz HTTP/1.1" 200 29329 "-" "Mozilla/5.0 (compatible;PetalBot;+https://webmaster.petalsearch.com/site/petalbot)" 
157.55.39.55 - - [17/Oct/2022:18:09:54 -0700] "GET / HTTP/1.1" 200 13186 "-" "Mozilla/5.0 AppleWebKit/537.36 (KHTML, like Gecko; compatible; bingbot/2.0; +http://www.bing.com/bingbot.htm) Chrome/103.0.5060.134 Safari/537.36" 
114.119.149.222 - - [17/Oct/2022:18:15:32 -0700] "GET /self.logs/error.log.2020-05-22 HTTP/1.1" 200 351 "http://www.secrepo.com/self.logs?C=N%3BO%3DD" "Mozilla/5.0 (Linux; Android 7.0;) AppleWebKit/537.36 (KHTML, like Gecko) Mobile Safari/537.36 (compatible; PetalBot;+https://webmaster.petalsearch.com/site/petalbot)" 
51.222.253.10 - - [17/Oct/2022:18:20:03 -0700] "GET /Datasets%20Description/ HTTP/1.1" 200 633 "-" "Mozilla/5.0 (compatible; AhrefsBot/7.0; +http://ahrefs.com/robot/)" 
20.239.218.124 - - [17/Oct/2022:18:22:07 -0700] "GET / HTTP/1.1" 200 49089 "-" "-" 
157.55.39.38 - - [17/Oct/2022:18:23:11 -0700] "GET /self.logs/ HTTP/1.1" 200 39080 "-" "Mozilla/5.0 AppleWebKit/537.36 (KHTML, like Gecko; compatible; bingbot/2.0; +http://www.bing.com/bingbot.htm) Chrome/103.0.5060.134 Safari/537.36" 
114.119.149.218 - - [17/Oct/2022:18:27:25 -0700] "GET /self.logs/error.log.2020-09-27 HTTP/1.1" 200 351 "http://www.secrepo.com/self.logs?C=N%3BO%3DD" "Mozilla/5.0 (Linux; Android 7.0;) AppleWebKit/537.36 (KHTML, like Gecko) Mobile Safari/537.36 (compatible; PetalBot;+https://webmaster.petalsearch.com/site/petalbot)" 
61.135.159.143 - - [17/Oct/2022:18:28:19 -0700] "GET / HTTP/1.1" 200 13149 "-" "Sogou web spider/4.0(+http://www.sogou.com/docs/help/webmasters.htm#07)" 
175.125.95.162 - - [17/Oct/2022:18:29:44 -0700] "GET /js/GB_BIG.js HTTP/1.1" 301 499 "http://secrepo.com/js/GB_BIG.js" "Mozilla/5.0 (compatible; MSIE 9.0; Windows NT 6.1; Win64; x64; Trident/5.0)" 
175.125.95.162 - - [17/Oct/2022:18:29:45 -0700] "GET /js/GB_BIG.js HTTP/1.1" 404 328 "http://secrepo.com/js/GB_BIG.js" "Mozilla/5.0 (compatible; MSIE 9.0; Windows NT 6.1; Win64; x64; Trident/5.0)" 
114.119.149.228 - - [17/Oct/2022:18:33:23 -0700] "GET /self.logs/error.log.2020-02-18 HTTP/1.1" 200 2341 "http://www.secrepo.com/self.logs?C=N%3BO%3DD" "Mozilla/5.0 (Linux; Android 7.0;) AppleWebKit/537.36 (KHTML, like Gecko) Mobile Safari/537.36 (compatible; PetalBot;+https://webmaster.petalsearch.com/site/petalbot)" 
114.119.145.137 - - [17/Oct/2022:18:39:23 -0700] "GET /Datasets%20Description/HTML_Bro_log_2/?C=D%3BO%3DA HTTP/1.1" 200 832 "http://www.secrepo.com/Datasets%20Description/HTML_Bro_log_2/" "Mozilla/5.0 (Linux; Android 7.0;) AppleWebKit/537.36 (KHTML, like Gecko) Mobile Safari/537.36 (compatible; PetalBot;+https://webmaster.petalsearch.com/site/petalbot)" 
61.139.17.156 - - [17/Oct/2022:18:46:24 -0700] "GET /honeypot/honeypot.json.zip HTTP/1.1" 200 23086087 "https://link.csdn.net/?target=http%3A%2F%2Fwww.secrepo.com%2Fhoneypot%2Fhoneypot.json.zip" "Mozilla/5.0 (Windows NT 10.0; WOW64) AppleWebKit/537.36 (KHTML, like Gecko) Chrome/86.0.4240.198 Safari/537.36" 
103.209.252.247 - - [17/Oct/2022:18:50:05 -0700] "GET /Security-Data-Analysis/Lab_1/conn.log.zip HTTP/1.1" 200 78590 "-" "Mozilla/5.0 (Windows NT 10.0; Win64; x64) AppleWebKit/537.36 (KHTML, like Gecko) Chrome/103.0.0.0 Safari/537.36" 
103.209.252.247 - - [17/Oct/2022:18:50:13 -0700] "GET /Security-Data-Analysis/Lab_1/conn.log.zip HTTP/1.1" 206 447 "-" "Mozilla/5.0 (Windows NT 10.0; Win64; x64) AppleWebKit/537.36 (KHTML, like Gecko) Chrome/103.0.0.0 Safari/537.36" 
103.209.252.247 - - [17/Oct/2022:18:50:14 -0700] "GET /Security-Data-Analysis/Lab_1/conn.log.zip HTTP/1.1" 206 78590 "-" "Mozilla/5.0 (Windows NT 10.0; Win64; x64) AppleWebKit/537.36 (KHTML, like Gecko) Chrome/103.0.0.0 Safari/537.36" 
103.209.252.247 - - [17/Oct/2022:18:50:16 -0700] "GET /Security-Data-Analysis/Lab_1/conn.log.zip HTTP/1.1" 206 447 "-" "Mozilla/5.0 (Windows NT 10.0; Win64; x64) AppleWebKit/537.36 (KHTML, like Gecko) Chrome/103.0.0.0 Safari/537.36" 
103.209.252.247 - - [17/Oct/2022:18:50:16 -0700] "GET /Security-Data-Analysis/Lab_1/conn.log.zip HTTP/1.1" 200 78590 "-" "Mozilla/5.0 (Windows NT 10.0; Win64; x64) AppleWebKit/537.36 (KHTML, like Gecko) Chrome/103.0.0.0 Safari/537.36" 
103.209.252.247 - - [17/Oct/2022:18:50:16 -0700] "GET /Security-Data-Analysis/Lab_1/conn.log.zip HTTP/1.1" 200 78590 "-" "Mozilla/5.0 (Windows NT 10.0; Win64; x64) AppleWebKit/537.36 (KHTML, like Gecko) Chrome/103.0.0.0 Safari/537.36" 
60.188.10.165 - - [17/Oct/2022:18:50:19 -0700] "GET / HTTP/1.1" 200 13149 "-" "Mozilla/5.0 (iPhone; CPU iPhone OS 10_3 like Mac OS X) AppleWebKit/602.1.50 (KHTML, like Gecko) CriOS/56.0.2924.75 Mobile/14E5239e YisouSpider/5.0 Safari/602.1" 
101.67.49.165 - - [17/Oct/2022:18:50:20 -0700] "GET /css/style.css HTTP/1.1" 404 291 "http://www.secrepo.com/" "Mozilla/5.0 (iPhone; CPU iPhone OS 10_3 like Mac OS X) AppleWebKit/602.1.50 (KHTML, like Gecko) CriOS/56.0.2924.75 Mobile/14E5239e YisouSpider/5.0 Safari/602.1" 
157.55.39.38 - - [17/Oct/2022:18:50:44 -0700] "GET /self.logs/ HTTP/1.1" 200 39080 "-" "Mozilla/5.0 AppleWebKit/537.36 (KHTML, like Gecko; compatible; bingbot/2.0; +http://www.bing.com/bingbot.htm) Chrome/103.0.5060.134 Safari/537.36" 
114.119.149.237 - - [17/Oct/2022:18:52:55 -0700] "GET /self.logs/error.log.2020-06-19 HTTP/1.1" 200 351 "http://www.secrepo.com/self.logs?C=N%3BO%3DD" "Mozilla/5.0 (Linux; Android 7.0;) AppleWebKit/537.36 (KHTML, like Gecko) Mobile Safari/537.36 (compatible; PetalBot;+https://webmaster.petalsearch.com/site/petalbot)" 
61.139.17.156 - - [17/Oct/2022:19:00:37 -0700] "GET /auth.log/auth.log.gz HTTP/1.1" 200 615679 "https://link.csdn.net/?target=http%3A%2F%2Fwww.secrepo.com%2Fauth.log%2Fauth.log.gz" "Mozilla/5.0 (Windows NT 10.0; WOW64) AppleWebKit/537.36 (KHTML, like Gecko) Chrome/86.0.4240.198 Safari/537.36" 
114.119.149.218 - - [17/Oct/2022:19:03:01 -0700] "GET /self.logs/access.log.2019-10-11.gz HTTP/1.1" 200 23032 "-" "Mozilla/5.0 (compatible;PetalBot;+https://webmaster.petalsearch.com/site/petalbot)" 
114.119.149.23 - - [17/Oct/2022:19:08:53 -0700] "GET /self.logs/error.log.2020-09-30 HTTP/1.1" 200 351 "http://www.secrepo.com/self.logs?C=N%3BO%3DD" "Mozilla/5.0 (Linux; Android 7.0;) AppleWebKit/537.36 (KHTML, like Gecko) Mobile Safari/537.36 (compatible; PetalBot;+https://webmaster.petalsearch.com/site/petalbot)" 
44.234.89.20 - - [17/Oct/2022:19:12:56 -0700] "GET / HTTP/1.1" 301 475 "-" "Mozilla/4.0 (compatible; MSIE 6.0; Windows NT 5.1; FSL 7.0.6.01001)" 
44.234.89.20 - - [17/Oct/2022:19:12:56 -0700] "GET / HTTP/1.1" 200 13186 "-" "Mozilla/4.0 (compatible; MSIE 6.0; Windows NT 5.1; FSL 7.0.6.01001)" 
206.47.249.246 - - [17/Oct/2022:19:14:00 -0700] "GET /self.logs/error.log.2019-04-23.gz HTTP/1.1" 304 280 "-" "Mozilla/4.0 (compatible;)" 
104.42.118.246 - - [17/Oct/2022:19:16:19 -0700] "GET /maccdc2012/maccdc2012_fast_alert.7z HTTP/1.1" 200 9478260 "-" "-" 
94.74.127.96 - - [17/Oct/2022:19:26:08 -0700] "GET / HTTP/1.1" 200 13186 "-" "Mozilla/5.0 (Windows NT 10.0; WOW64) AppleWebKit/537.36 (KHTML, like Gecko) Chrome/63.0.3239.132 Safari/537.36" 
114.119.149.228 - - [17/Oct/2022:19:26:26 -0700] "GET /self.logs/error.log.2017-12-05.gz HTTP/1.1" 200 2750 "-" "Mozilla/5.0 (compatible;PetalBot;+https://webmaster.petalsearch.com/site/petalbot)" 
52.212.146.96 - - [17/Oct/2022:19:30:01 -0700] "GET /self.logs/access.log.2022-10-11.gz HTTP/1.1" 200 12720 "-" "python-requests/2.12.1" 
101.67.49.212 - - [17/Oct/2022:19:30:11 -0700] "GET / HTTP/1.1" 301 438 "-" "Mozilla/5.0 (iPhone; CPU iPhone OS 10_3 like Mac OS X) AppleWebKit/602.1.50 (KHTML, like Gecko) CriOS/56.0.2924.75 Mobile/14E5239e YisouSpider/5.0 Safari/602.1" 
39.173.107.84 - - [17/Oct/2022:19:30:12 -0700] "GET / HTTP/1.1" 200 13149 "-" "Mozilla/5.0 (iPhone; CPU iPhone OS 10_3 like Mac OS X) AppleWebKit/602.1.50 (KHTML, like Gecko) CriOS/56.0.2924.75 Mobile/14E5239e YisouSpider/5.0 Safari/602.1" 
39.173.107.84 - - [17/Oct/2022:19:30:13 -0700] "GET /css/style.css HTTP/1.1" 404 291 "http://www.secrepo.com/" "Mozilla/5.0 (iPhone; CPU iPhone OS 10_3 like Mac OS X) AppleWebKit/602.1.50 (KHTML, like Gecko) CriOS/56.0.2924.75 Mobile/14E5239e YisouSpider/5.0 Safari/602.1" 
114.119.149.237 - - [17/Oct/2022:19:38:05 -0700] "GET /self.logs/error.log.2020-10-18 HTTP/1.1" 200 351 "http://www.secrepo.com/self.logs?C=N%3BO%3DD" "Mozilla/5.0 (Linux; Android 7.0;) AppleWebKit/537.36 (KHTML, like Gecko) Mobile Safari/537.36 (compatible; PetalBot;+https://webmaster.petalsearch.com/site/petalbot)" 
20.191.45.212 - - [17/Oct/2022:19:40:20 -0700] "GET / HTTP/1.1" 200 13186 "http://www.secrepo.com/" "Mozilla/5.0 (compatible; DuckDuckGo-Favicons-Bot/1.0; +http://duckduckgo.com)" 
20.191.45.212 - - [17/Oct/2022:19:40:21 -0700] "GET /bootstrap/img/favicon.ico HTTP/1.1" 200 690 "http://www.secrepo.com/bootstrap/img/favicon.ico" "Mozilla/5.0 (compatible; DuckDuckGo-Favicons-Bot/1.0; +http://duckduckgo.com)" 
35.86.215.22 - - [17/Oct/2022:19:42:41 -0700] "GET / HTTP/1.1" 301 475 "-" "Mozilla/4.0 (compatible; MSIE 6.0; Windows NT 5.1; FSL 7.0.6.01001)" 
35.86.215.22 - - [17/Oct/2022:19:42:41 -0700] "GET / HTTP/1.1" 200 13186 "-" "Mozilla/4.0 (compatible; MSIE 6.0; Windows NT 5.1; FSL 7.0.6.01001)" 
114.119.149.23 - - [17/Oct/2022:19:44:22 -0700] "GET /self.logs/error.log.2020-06-24 HTTP/1.1" 200 351 "http://www.secrepo.com/self.logs?C=N%3BO%3DD" "Mozilla/5.0 (Linux; Android 7.0;) AppleWebKit/537.36 (KHTML, like Gecko) Mobile Safari/537.36 (compatible; PetalBot;+https://webmaster.petalsearch.com/site/petalbot)" 
116.203.62.31 - - [17/Oct/2022:19:48:32 -0700] "GET /Datasets%20Description/Network/dns.html HTTP/1.1" 200 5435 "-" "Mozilla/5.0 (Macintosh; Intel Mac OS X 10_11_6) AppleWebKit/537.36 (KHTML, like Gecko) Chrome/83.0.4103.116 Safari/537.36" 
157.55.39.38 - - [17/Oct/2022:19:48:50 -0700] "GET /self.logs/ HTTP/1.1" 200 39080 "-" "Mozilla/5.0 (compatible; bingbot/2.0; +http://www.bing.com/bingbot.htm)" 
114.119.145.137 - - [17/Oct/2022:19:50:42 -0700] "GET /Datasets%20Description/ HTTP/1.1" 200 677 "http://www.secrepo.com/Datasets%20Description/PE_malware/" "Mozilla/5.0 (Linux; Android 7.0;) AppleWebKit/537.36 (KHTML, like Gecko) Mobile Safari/537.36 (compatible; PetalBot;+https://webmaster.petalsearch.com/site/petalbot)" 
103.85.84.160 - - [17/Oct/2022:19:54:20 -0700] "GET /Public/lib/webuploader/0.1.5/server/preview.php HTTP/1.1" 404 328 "-" "Mozilla/5.0 (Windows NT 10.0; WOW64; rv:48.0) Gecko/20100101 Firefox/48.0" 
114.119.149.23 - - [17/Oct/2022:19:56:28 -0700] "GET /self.logs/error.log.2020-12-05 HTTP/1.1" 200 351 "http://www.secrepo.com/self.logs?C=N%3BO%3DD" "Mozilla/5.0 (Linux; Android 7.0;) AppleWebKit/537.36 (KHTML, like Gecko) Mobile Safari/537.36 (compatible; PetalBot;+https://webmaster.petalsearch.com/site/petalbot)" 
74.193.42.85 - - [17/Oct/2022:19:59:49 -0700] "GET /self.logs/ HTTP/1.1" 200 39080 "-" "Mozilla/5.0 (Windows NT 10.0; Win64; x64) AppleWebKit/537.36 (KHTML, like Gecko) Chrome/106.0.0.0 Safari/537.36" 
42.236.10.121 - - [17/Oct/2022:20:07:07 -0700] "GET / HTTP/1.1" 200 13183 "http://www.secrepo.com/" "Mozilla/5.0 (Windows NT 6.1; WOW64) AppleWebKit/537.36 (KHTML, like Gecko) Chrome/50.0.2661.102 Safari/537.36; 360Spider" 
114.119.149.218 - - [17/Oct/2022:20:07:58 -0700] "GET /self.logs/2015/access.log.2015-09-21.gz HTTP/1.1" 200 5577 "-" "Mozilla/5.0 (compatible;PetalBot;+https://webmaster.petalsearch.com/site/petalbot)" 
157.55.39.38 - - [17/Oct/2022:20:16:22 -0700] "GET /self.logs/ HTTP/1.1" 200 39080 "-" "Mozilla/5.0 (compatible; bingbot/2.0; +http://www.bing.com/bingbot.htm)" 
34.133.128.17 - - [17/Oct/2022:20:18:27 -0700] "GET / HTTP/1.1" 301 438 "https://www.google.com" "Not A;Brand\";v=\"99\", \"Chromium\";v=\"90\", \"Google Chrome\";v=\"90" 
34.133.128.17 - - [17/Oct/2022:20:18:27 -0700] "GET / HTTP/1.1" 200 49096 "http://secrepo.com/" "Not A;Brand\";v=\"99\", \"Chromium\";v=\"90\", \"Google Chrome\";v=\"90" 
34.133.128.17 - - [17/Oct/2022:20:18:27 -0700] "GET / HTTP/1.1" 301 438 "https://www.google.com" "Not A;Brand\";v=\"99\", \"Chromium\";v=\"90\", \"Google Chrome\";v=\"90" 
34.133.128.17 - - [17/Oct/2022:20:18:27 -0700] "GET / HTTP/1.1" 200 13147 "http://secrepo.com/" "Not A;Brand\";v=\"99\", \"Chromium\";v=\"90\", \"Google Chrome\";v=\"90" 
114.119.149.222 - - [17/Oct/2022:20:19:46 -0700] "GET /self.logs/error.log.2020-11-12 HTTP/1.1" 200 351 "http://www.secrepo.com/self.logs?C=N%3BO%3DD" "Mozilla/5.0 (Linux; Android 7.0;) AppleWebKit/537.36 (KHTML, like Gecko) Mobile Safari/537.36 (compatible; PetalBot;+https://webmaster.petalsearch.com/site/petalbot)" 
114.119.149.23 - - [17/Oct/2022:20:25:35 -0700] "GET /self.logs/error.log.2017-10-19.gz HTTP/1.1" 200 7968 "-" "Mozilla/5.0 (compatible;PetalBot;+https://webmaster.petalsearch.com/site/petalbot)" 
114.119.149.237 - - [17/Oct/2022:20:31:27 -0700] "GET /self.logs/error.log.2020-05-16 HTTP/1.1" 200 351 "http://www.secrepo.com/self.logs?C=N%3BO%3DD" "Mozilla/5.0 (Linux; Android 7.0;) AppleWebKit/537.36 (KHTML, like Gecko) Mobile Safari/537.36 (compatible; PetalBot;+https://webmaster.petalsearch.com/site/petalbot)" 
14.29.182.82 - - [17/Oct/2022:20:32:24 -0700] "GET / HTTP/1.1" 301 438 "-" "Mozilla/5.0 (iPhone; CPU iPhone OS 13_2_3 like Mac OS X) AppleWebKit/605.1.15 (KHTML, like Gecko) Version/13.0.3 Mobile/15E148 Safari/604.1" 
20.2.59.16 - - [17/Oct/2022:20:33:30 -0700] "GET / HTTP/1.1" 200 49089 "-" "-" 
20.239.218.124 - - [17/Oct/2022:20:33:38 -0700] "GET / HTTP/1.1" 200 49089 "-" "-" 
44.234.114.218 - - [17/Oct/2022:20:34:54 -0700] "GET / HTTP/1.1" 301 475 "-" "Mozilla/4.0 (compatible; MSIE 6.0; Windows NT 5.1; FSL 7.0.6.01001)" 
44.234.114.218 - - [17/Oct/2022:20:34:54 -0700] "GET / HTTP/1.1" 200 13184 "-" "Mozilla/4.0 (compatible; MSIE 6.0; Windows NT 5.1; FSL 7.0.6.01001)" 
114.119.149.237 - - [17/Oct/2022:20:40:19 -0700] "GET /self.logs/access.log.2017-03-09.gz HTTP/1.1" 200 22813 "-" "Mozilla/5.0 (compatible;PetalBot;+https://webmaster.petalsearch.com/site/petalbot)" 
157.55.39.38 - - [17/Oct/2022:20:44:35 -0700] "GET /self.logs/ HTTP/1.1" 200 39080 "-" "Mozilla/5.0 (compatible; bingbot/2.0; +http://www.bing.com/bingbot.htm)" 
114.119.149.23 - - [17/Oct/2022:20:46:03 -0700] "GET /self.logs/error.log.2020-05-29 HTTP/1.1" 200 351 "http://www.secrepo.com/self.logs?C=N%3BO%3DD" "Mozilla/5.0 (Linux; Android 7.0;) AppleWebKit/537.36 (KHTML, like Gecko) Mobile Safari/537.36 (compatible; PetalBot;+https://webmaster.petalsearch.com/site/petalbot)" 
114.119.140.174 - - [17/Oct/2022:20:57:28 -0700] "GET /self.logs/error.log.2020-06-25 HTTP/1.1" 200 351 "http://www.secrepo.com/self.logs?C=N%3BO%3DD" "Mozilla/5.0 (Linux; Android 7.0;) AppleWebKit/537.36 (KHTML, like Gecko) Mobile Safari/537.36 (compatible; PetalBot;+https://webmaster.petalsearch.com/site/petalbot)" 
77.75.79.31 - - [17/Oct/2022:20:59:54 -0700] "GET /robots.txt HTTP/1.1" 200 333 "-" "Mozilla/5.0 (compatible; SeznamBot/4.0-RC1; +http://napoveda.seznam.cz/seznambot-intro/)" 
77.75.79.31 - - [17/Oct/2022:20:59:54 -0700] "GET /Datasets%20Description/Network/ssl.html HTTP/1.1" 304 233 "-" "Mozilla/5.0 (compatible; SeznamBot/4.0-RC1; +http://napoveda.seznam.cz/seznambot-intro/)" 
114.119.149.228 - - [17/Oct/2022:21:08:28 -0700] "GET /self.logs/2015/error.log.2015-09-17.gz HTTP/1.1" 200 896 "-" "Mozilla/5.0 (compatible;PetalBot;+https://webmaster.petalsearch.com/site/petalbot)" 
157.55.39.38 - - [17/Oct/2022:21:20:18 -0700] "GET /self.logs/ HTTP/1.1" 200 39080 "-" "Mozilla/5.0 AppleWebKit/537.36 (KHTML, like Gecko; compatible; bingbot/2.0; +http://www.bing.com/bingbot.htm) Chrome/103.0.5060.134 Safari/537.36" 
114.119.149.237 - - [17/Oct/2022:21:20:53 -0700] "GET /self.logs/error.log.2020-06-30.gz HTTP/1.1" 200 2228 "-" "Mozilla/5.0 (compatible;PetalBot;+https://webmaster.petalsearch.com/site/petalbot)" 
114.119.149.218 - - [17/Oct/2022:21:20:54 -0700] "GET /self.logs/error.log.2020-06-30.gz HTTP/1.1" 200 2228 "-" "Mozilla/5.0 (compatible;PetalBot;+https://webmaster.petalsearch.com/site/petalbot)" 
114.119.149.218 - - [17/Oct/2022:21:26:28 -0700] "GET /self.logs/access.log.2020-01-20.gz HTTP/1.1" 200 13367 "-" "Mozilla/5.0 (compatible;PetalBot;+https://webmaster.petalsearch.com/site/petalbot)" 
103.141.54.58 - - [17/Oct/2022:21:27:40 -0700] "GET / HTTP/1.1" 200 13186 "-" "Mozilla/5.0 (Windows NT 10.0; Win64; x64) AppleWebKit/537.36 (KHTML, like Gecko) Chrome/106.0.0.0 Safari/537.36" 
103.141.54.58 - - [17/Oct/2022:21:27:40 -0700] "GET /css/style.css HTTP/1.1" 404 305 "http://www.secrepo.com/" "Mozilla/5.0 (Windows NT 10.0; Win64; x64) AppleWebKit/537.36 (KHTML, like Gecko) Chrome/106.0.0.0 Safari/537.36" 
3.89.152.195 - - [17/Oct/2022:21:28:17 -0700] "GET / HTTP/1.1" 200 13186 "-" "Iframely/1.3.1 (+https://iframely.com/docs/about) Atlassian" 
3.89.152.195 - - [17/Oct/2022:21:28:17 -0700] "GET /bootstrap/img/favicon.ico HTTP/1.1" 200 676 "-" "Iframely/1.3.1 (+https://iframely.com/docs/about)" 
44.234.114.218 - - [17/Oct/2022:21:33:52 -0700] "GET / HTTP/1.1" 301 475 "-" "Mozilla/4.0 (compatible; MSIE 6.0; Windows NT 5.1; FSL 7.0.6.01001)" 
44.234.114.218 - - [17/Oct/2022:21:33:53 -0700] "GET / HTTP/1.1" 200 13186 "-" "Mozilla/4.0 (compatible; MSIE 6.0; Windows NT 5.1; FSL 7.0.6.01001)" 
114.119.149.222 - - [17/Oct/2022:21:43:56 -0700] "GET /self.logs/error.log.2020-03-16.gz HTTP/1.1" 200 872 "-" "Mozilla/5.0 (compatible;PetalBot;+https://webmaster.petalsearch.com/site/petalbot)" 
157.55.39.38 - - [17/Oct/2022:21:47:41 -0700] "GET /self.logs/ HTTP/1.1" 200 39080 "-" "Mozilla/5.0 (compatible; bingbot/2.0; +http://www.bing.com/bingbot.htm)" 
114.119.149.23 - - [17/Oct/2022:21:49:49 -0700] "GET /self.logs/error.log.2019-10-10.gz HTTP/1.1" 200 934 "-" "Mozilla/5.0 (compatible;PetalBot;+https://webmaster.petalsearch.com/site/petalbot)" 
74.193.42.85 - - [17/Oct/2022:21:53:28 -0700] "GET /self.logs/ HTTP/1.1" 200 39080 "-" "Mozilla/5.0 (Windows NT 10.0; Win64; x64) AppleWebKit/537.36 (KHTML, like Gecko) Chrome/106.0.0.0 Safari/537.36" 
74.193.42.85 - - [17/Oct/2022:21:53:36 -0700] "GET /self.logs/access.log.2017-04-03.gz HTTP/1.1" 200 33888 "http://www.secrepo.com/self.logs/" "Mozilla/5.0 (Windows NT 10.0; Win64; x64) AppleWebKit/537.36 (KHTML, like Gecko) Chrome/106.0.0.0 Safari/537.36" 
137.97.97.208 - - [17/Oct/2022:21:55:08 -0700] "GET /css/style.css HTTP/1.1" 404 328 "http://www.secrepo.com/" "Mozilla/5.0 (Windows NT 10.0; Win64; x64) AppleWebKit/537.36 (KHTML, like Gecko) Chrome/106.0.0.0 Safari/537.36" 
114.119.149.222 - - [17/Oct/2022:21:55:44 -0700] "GET /self.logs/error.log.2018-01-02.gz HTTP/1.1" 200 3143 "-" "Mozilla/5.0 (compatible;PetalBot;+https://webmaster.petalsearch.com/site/petalbot)" 
114.119.145.137 - - [17/Oct/2022:22:01:41 -0700] "GET /self.logs/access.log.2018-07-22.gz HTTP/1.1" 200 18869 "-" "Mozilla/5.0 (compatible;PetalBot;+https://webmaster.petalsearch.com/site/petalbot)" 
111.198.224.214 - - [17/Oct/2022:22:05:21 -0700] "GET / HTTP/1.1" 200 13186 "-" "Mozilla/5.0 (Macintosh; Intel Mac OS X 10_15_7) AppleWebKit/605.1.15 (KHTML, like Gecko)" 
111.198.224.214 - - [17/Oct/2022:22:05:24 -0700] "GET /apple-touch-icon-precomposed.png HTTP/1.1" 404 328 "-" "Safari%E6%B5%8F%E8%A7%88%E5%99%A8/16614.1.25.9.10 CFNetwork/1240.0.4 Darwin/20.6.0" 
111.198.224.214 - - [17/Oct/2022:22:05:25 -0700] "GET /apple-touch-icon.png HTTP/1.1" 404 305 "-" "Safari%E6%B5%8F%E8%A7%88%E5%99%A8/16614.1.25.9.10 CFNetwork/1240.0.4 Darwin/20.6.0" 
111.198.224.214 - - [17/Oct/2022:22:05:26 -0700] "GET /bootstrap/img/favicon.ico HTTP/1.1" 304 253 "-" "Safari%E6%B5%8F%E8%A7%88%E5%99%A8/16614.1.25.9.10 CFNetwork/1240.0.4 Darwin/20.6.0" 
111.198.224.214 - - [17/Oct/2022:22:05:26 -0700] "GET / HTTP/1.1" 200 13186 "-" "Mozilla/5.0 (iPhone; CPU iPhone OS 16_0 like Mac OS X) AppleWebKit/605.1.15 (KHTML, like Gecko) Version/16.0 Mobile/15E148 Safari/604.1" 
111.198.224.214 - - [17/Oct/2022:22:05:27 -0700] "GET /apple-touch-icon-precomposed.png HTTP/1.1" 404 305 "-" "Safari%E6%B5%8F%E8%A7%88%E5%99%A8/16614.1.25.9.10 CFNetwork/1240.0.4 Darwin/20.6.0" 
111.198.224.214 - - [17/Oct/2022:22:05:27 -0700] "GET /apple-touch-icon.png HTTP/1.1" 404 305 "-" "Safari%E6%B5%8F%E8%A7%88%E5%99%A8/16614.1.25.9.10 CFNetwork/1240.0.4 Darwin/20.6.0" 
114.119.149.222 - - [17/Oct/2022:22:07:29 -0700] "GET /self.logs/error.log.2018-08-10.gz HTTP/1.1" 200 6947 "-" "Mozilla/5.0 (compatible;PetalBot;+https://webmaster.petalsearch.com/site/petalbot)" 
54.36.148.156 - - [17/Oct/2022:22:08:16 -0700] "GET /robots.txt HTTP/1.1" 200 333 "-" "Mozilla/5.0 (compatible; AhrefsBot/7.0; +http://ahrefs.com/robot/)" 
114.119.149.228 - - [17/Oct/2022:22:13:22 -0700] "GET /self.logs/error.log.2019-08-13.gz HTTP/1.1" 200 1448 "-" "Mozilla/5.0 (compatible;PetalBot;+https://webmaster.petalsearch.com/site/petalbot)" 
157.55.39.38 - - [17/Oct/2022:22:15:42 -0700] "GET /self.logs/ HTTP/1.1" 200 39080 "-" "Mozilla/5.0 AppleWebKit/537.36 (KHTML, like Gecko; compatible; bingbot/2.0; +http://www.bing.com/bingbot.htm) Chrome/103.0.5060.134 Safari/537.36" 
114.119.140.174 - - [17/Oct/2022:22:25:06 -0700] "GET / HTTP/1.1" 200 13186 "https://www.open-open.com/lib/view/open1483496534221.html" "Mozilla/5.0 (Linux; Android 7.0;) AppleWebKit/537.36 (KHTML, like Gecko) Mobile Safari/537.36 (compatible; PetalBot;+https://webmaster.petalsearch.com/site/petalbot)" 
114.119.149.222 - - [17/Oct/2022:22:33:37 -0700] "GET /self.logs/access.log.2018-08-26.gz HTTP/1.1" 200 29837 "-" "Mozilla/5.0 (compatible;PetalBot;+https://webmaster.petalsearch.com/site/petalbot)" 
85.208.98.51 - - [17/Oct/2022:22:33:45 -0700] "GET /robots.txt HTTP/1.1" 301 439 "-" "Mozilla/5.0 (compatible; SemrushBot-BM/1.0; +http://www.semrush.com/bot.html)" 
85.208.98.51 - - [17/Oct/2022:22:33:53 -0700] "GET /robots.txt HTTP/1.1" 200 333 "-" "Mozilla/5.0 (compatible; SemrushBot-BM/1.0; +http://www.semrush.com/bot.html)" 
157.55.39.55 - - [17/Oct/2022:22:34:40 -0700] "GET / HTTP/1.1" 301 475 "-" "Mozilla/5.0 (compatible; bingbot/2.0; +http://www.bing.com/bingbot.htm)" 
65.109.84.117 - - [17/Oct/2022:22:39:29 -0700] "GET / HTTP/1.1" 301 475 "-" "Mozilla/5.0 (Windows NT 10.0; Win64; x64) AppleWebKit/537.36 (KHTML, like Gecko) Chrome/78.0.3904.108 Safari/537.36" 
65.109.84.117 - - [17/Oct/2022:22:39:30 -0700] "GET / HTTP/1.1" 200 49133 "-" "Mozilla/5.0 (Windows NT 10.0; Win64; x64) AppleWebKit/537.36 (KHTML, like Gecko) Chrome/78.0.3904.108 Safari/537.36" 
65.109.84.117 - - [17/Oct/2022:22:39:30 -0700] "GET //wp-includes/wlwmanifest.xml HTTP/1.1" 404 305 "-" "Mozilla/5.0 (Windows NT 10.0; Win64; x64) AppleWebKit/537.36 (KHTML, like Gecko) Chrome/78.0.3904.108 Safari/537.36" 
65.109.84.117 - - [17/Oct/2022:22:39:30 -0700] "GET //xmlrpc.php?rsd HTTP/1.1" 404 305 "-" "Mozilla/5.0 (Windows NT 10.0; Win64; x64) AppleWebKit/537.36 (KHTML, like Gecko) Chrome/78.0.3904.108 Safari/537.36" 
65.109.84.117 - - [17/Oct/2022:22:39:30 -0700] "GET / HTTP/1.1" 200 49110 "-" "Mozilla/5.0 (Windows NT 10.0; Win64; x64) AppleWebKit/537.36 (KHTML, like Gecko) Chrome/78.0.3904.108 Safari/537.36" 
65.109.84.117 - - [17/Oct/2022:22:39:30 -0700] "GET //blog/wp-includes/wlwmanifest.xml HTTP/1.1" 404 305 "-" "Mozilla/5.0 (Windows NT 10.0; Win64; x64) AppleWebKit/537.36 (KHTML, like Gecko) Chrome/78.0.3904.108 Safari/537.36" 
65.109.84.117 - - [17/Oct/2022:22:39:30 -0700] "GET //web/wp-includes/wlwmanifest.xml HTTP/1.1" 404 305 "-" "Mozilla/5.0 (Windows NT 10.0; Win64; x64) AppleWebKit/537.36 (KHTML, like Gecko) Chrome/78.0.3904.108 Safari/537.36" 
65.109.84.117 - - [17/Oct/2022:22:39:30 -0700] "GET //wordpress/wp-includes/wlwmanifest.xml HTTP/1.1" 404 305 "-" "Mozilla/5.0 (Windows NT 10.0; Win64; x64) AppleWebKit/537.36 (KHTML, like Gecko) Chrome/78.0.3904.108 Safari/537.36" 
65.109.84.117 - - [17/Oct/2022:22:39:31 -0700] "GET //website/wp-includes/wlwmanifest.xml HTTP/1.1" 404 305 "-" "Mozilla/5.0 (Windows NT 10.0; Win64; x64) AppleWebKit/537.36 (KHTML, like Gecko) Chrome/78.0.3904.108 Safari/537.36" 
65.109.84.117 - - [17/Oct/2022:22:39:31 -0700] "GET //wp/wp-includes/wlwmanifest.xml HTTP/1.1" 404 305 "-" "Mozilla/5.0 (Windows NT 10.0; Win64; x64) AppleWebKit/537.36 (KHTML, like Gecko) Chrome/78.0.3904.108 Safari/537.36" 
65.109.84.117 - - [17/Oct/2022:22:39:31 -0700] "GET //news/wp-includes/wlwmanifest.xml HTTP/1.1" 404 305 "-" "Mozilla/5.0 (Windows NT 10.0; Win64; x64) AppleWebKit/537.36 (KHTML, like Gecko) Chrome/78.0.3904.108 Safari/537.36" 
65.109.84.117 - - [17/Oct/2022:22:39:31 -0700] "GET //2018/wp-includes/wlwmanifest.xml HTTP/1.1" 404 305 "-" "Mozilla/5.0 (Windows NT 10.0; Win64; x64) AppleWebKit/537.36 (KHTML, like Gecko) Chrome/78.0.3904.108 Safari/537.36" 
65.109.84.117 - - [17/Oct/2022:22:39:31 -0700] "GET //2019/wp-includes/wlwmanifest.xml HTTP/1.1" 404 305 "-" "Mozilla/5.0 (Windows NT 10.0; Win64; x64) AppleWebKit/537.36 (KHTML, like Gecko) Chrome/78.0.3904.108 Safari/537.36" 
65.109.84.117 - - [17/Oct/2022:22:39:31 -0700] "GET //shop/wp-includes/wlwmanifest.xml HTTP/1.1" 404 305 "-" "Mozilla/5.0 (Windows NT 10.0; Win64; x64) AppleWebKit/537.36 (KHTML, like Gecko) Chrome/78.0.3904.108 Safari/537.36" 
65.109.84.117 - - [17/Oct/2022:22:39:31 -0700] "GET //wp1/wp-includes/wlwmanifest.xml HTTP/1.1" 404 305 "-" "Mozilla/5.0 (Windows NT 10.0; Win64; x64) AppleWebKit/537.36 (KHTML, like Gecko) Chrome/78.0.3904.108 Safari/537.36" 
65.109.84.117 - - [17/Oct/2022:22:39:31 -0700] "GET //test/wp-includes/wlwmanifest.xml HTTP/1.1" 404 305 "-" "Mozilla/5.0 (Windows NT 10.0; Win64; x64) AppleWebKit/537.36 (KHTML, like Gecko) Chrome/78.0.3904.108 Safari/537.36" 
65.109.84.117 - - [17/Oct/2022:22:39:31 -0700] "GET //media/wp-includes/wlwmanifest.xml HTTP/1.1" 404 305 "-" "Mozilla/5.0 (Windows NT 10.0; Win64; x64) AppleWebKit/537.36 (KHTML, like Gecko) Chrome/78.0.3904.108 Safari/537.36" 
65.109.84.117 - - [17/Oct/2022:22:39:32 -0700] "GET //wp2/wp-includes/wlwmanifest.xml HTTP/1.1" 404 305 "-" "Mozilla/5.0 (Windows NT 10.0; Win64; x64) AppleWebKit/537.36 (KHTML, like Gecko) Chrome/78.0.3904.108 Safari/537.36" 
65.109.84.117 - - [17/Oct/2022:22:39:32 -0700] "GET //site/wp-includes/wlwmanifest.xml HTTP/1.1" 404 305 "-" "Mozilla/5.0 (Windows NT 10.0; Win64; x64) AppleWebKit/537.36 (KHTML, like Gecko) Chrome/78.0.3904.108 Safari/537.36" 
65.109.84.117 - - [17/Oct/2022:22:39:32 -0700] "GET //cms/wp-includes/wlwmanifest.xml HTTP/1.1" 404 305 "-" "Mozilla/5.0 (Windows NT 10.0; Win64; x64) AppleWebKit/537.36 (KHTML, like Gecko) Chrome/78.0.3904.108 Safari/537.36" 
65.109.84.117 - - [17/Oct/2022:22:39:32 -0700] "GET //sito/wp-includes/wlwmanifest.xml HTTP/1.1" 404 305 "-" "Mozilla/5.0 (Windows NT 10.0; Win64; x64) AppleWebKit/537.36 (KHTML, like Gecko) Chrome/78.0.3904.108 Safari/537.36" 
157.55.39.38 - - [17/Oct/2022:22:44:16 -0700] "GET /self.logs/ HTTP/1.1" 200 39080 "-" "Mozilla/5.0 AppleWebKit/537.36 (KHTML, like Gecko; compatible; bingbot/2.0; +http://www.bing.com/bingbot.htm) Chrome/103.0.5060.134 Safari/537.36" 
119.29.2.94 - - [17/Oct/2022:22:51:32 -0700] "GET / HTTP/1.1" 200 13186 "http://www.secrepo.com" "Mozilla/5.0 (Windows NT 10.0; Win64; x64) AppleWebKit/537.36 (KHTML, like Gecko) Chrome/87.0.4280.67 Safari/537.36 Edg/87.0.664.52" 
44.234.89.20 - - [17/Oct/2022:22:52:40 -0700] "GET / HTTP/1.1" 301 475 "-" "Mozilla/4.0 (compatible; MSIE 6.0; Windows NT 5.1; FSL 7.0.6.01001)" 
44.234.89.20 - - [17/Oct/2022:22:52:40 -0700] "GET / HTTP/1.1" 200 13186 "-" "Mozilla/4.0 (compatible; MSIE 6.0; Windows NT 5.1; FSL 7.0.6.01001)" 
114.119.149.222 - - [17/Oct/2022:22:58:32 -0700] "GET /self.logs/access.log.2018-10-29.gz HTTP/1.1" 200 20704 "-" "Mozilla/5.0 (compatible;PetalBot;+https://webmaster.petalsearch.com/site/petalbot)" 
114.119.149.218 - - [17/Oct/2022:23:04:27 -0700] "GET /self.logs/access.log.2019-04-19.gz HTTP/1.1" 200 25416 "-" "Mozilla/5.0 (compatible;PetalBot;+https://webmaster.petalsearch.com/site/petalbot)" 
27.150.191.126 - - [17/Oct/2022:23:07:39 -0700] "GET / HTTP/1.1" 200 13186 "-" "Mozilla/5.0 (Windows NT 10.0; Win64; x64) AppleWebKit/537.36 (KHTML, like Gecko) Chrome/76.0.3809.25 Safari/537.36" 
27.150.191.126 - - [17/Oct/2022:23:07:45 -0700] "GET /ajax.googleapis.com/ajax/libs/jquery/2.0.2/jquery.min.js HTTP/1.1" 404 328 "-" "Mozilla/5.0 (Windows NT 10.0; Win64; x64) AppleWebKit/537.36 (KHTML, like Gecko) Chrome/76.0.3809.25 Safari/537.36" 
27.150.191.126 - - [17/Oct/2022:23:07:46 -0700] "GET /netdna.bootstrapcdn.com/bootstrap/3.1.1/js/bootstrap.min.js HTTP/1.1" 404 0 "-" "Mozilla/5.0 (Windows NT 10.0; Win64; x64) AppleWebKit/537.36 (KHTML, like Gecko) Chrome/76.0.3809.25 Safari/537.36" 
27.150.191.126 - - [17/Oct/2022:23:07:46 -0700] "GET /www.google-analytics.com/analytics.js HTTP/1.1" 404 328 "-" "Mozilla/5.0 (Windows NT 10.0; Win64; x64) AppleWebKit/537.36 (KHTML, like Gecko) Chrome/76.0.3809.25 Safari/537.36" 
154.53.60.184 - - [17/Oct/2022:23:09:26 -0700] "GET / HTTP/1.1" 301 438 "-" "Mozilla/5.0 (Windows NT 10.0; Win64; x64; rv:96.0) Gecko/20100101 Firefox/96.0" 
154.53.60.184 - - [17/Oct/2022:23:09:26 -0700] "GET / HTTP/1.1" 200 49096 "http://secrepo.com/" "Mozilla/5.0 (Windows NT 10.0; Win64; x64; rv:96.0) Gecko/20100101 Firefox/96.0" 
157.55.39.38 - - [17/Oct/2022:23:10:19 -0700] "GET /self.logs/ HTTP/1.1" 200 39080 "-" "Mozilla/5.0 AppleWebKit/537.36 (KHTML, like Gecko; compatible; bingbot/2.0; +http://www.bing.com/bingbot.htm) Chrome/103.0.5060.134 Safari/537.36" 
114.119.149.228 - - [17/Oct/2022:23:10:28 -0700] "GET /self.logs/access.log.2019-10-02.gz HTTP/1.1" 200 23010 "-" "Mozilla/5.0 (compatible;PetalBot;+https://webmaster.petalsearch.com/site/petalbot)" 
115.31.166.253 - - [17/Oct/2022:23:13:36 -0700] "GET / HTTP/1.1" 200 13186 "-" "Mozilla/5.0 (Windows NT 10.0; Win64; x64) AppleWebKit/537.36 (KHTML, like Gecko) Chrome/106.0.0.0 Safari/537.36" 
115.31.166.253 - - [17/Oct/2022:23:13:36 -0700] "GET /css/style.css HTTP/1.1" 404 305 "http://www.secrepo.com/" "Mozilla/5.0 (Windows NT 10.0; Win64; x64) AppleWebKit/537.36 (KHTML, like Gecko) Chrome/106.0.0.0 Safari/537.36" 
115.31.166.253 - - [17/Oct/2022:23:13:37 -0700] "GET /twitter-icon.png HTTP/1.1" 200 27916 "http://www.secrepo.com/" "Mozilla/5.0 (Windows NT 10.0; Win64; x64) AppleWebKit/537.36 (KHTML, like Gecko) Chrome/106.0.0.0 Safari/537.36" 
