157.55.39.6 - - [01/Jan/2022:02:19:42 -0800] "GET /self.logs/access.log.2018-02-06.gz HTTP/1.1" 200 29306 "-" "Mozilla/5.0 (compatible; bingbot/2.0; +http://www.bing.com/bingbot.htm)" 
51.222.253.9 - - [01/Jan/2022:02:20:44 -0800] "GET /self.logs/2016/error.log.2016-08-06.gz HTTP/1.1" 200 3736 "-" "Mozilla/5.0 (compatible; AhrefsBot/7.0; +http://ahrefs.com/robot/)" 
51.222.253.12 - - [01/Jan/2022:02:22:51 -0800] "GET /self.logs/2015/error.log.2015-07-13.gz HTTP/1.1" 200 858 "-" "Mozilla/5.0 (compatible; AhrefsBot/7.0; +http://ahrefs.com/robot/)" 
51.222.253.4 - - [01/Jan/2022:02:24:55 -0800] "GET /self.logs/2016/access.log.2016-02-24.gz HTTP/1.1" 200 26841 "-" "Mozilla/5.0 (compatible; AhrefsBot/7.0; +http://ahrefs.com/robot/)" 
157.55.39.6 - - [01/Jan/2022:02:26:43 -0800] "GET /Datasets%20Description/ HTTP/1.1" 200 677 "-" "Mozilla/5.0 (compatible; bingbot/2.0; +http://www.bing.com/bingbot.htm)" 
51.222.253.1 - - [01/Jan/2022:02:28:53 -0800] "GET /self.logs/2016/error.log.2016-12-24.gz HTTP/1.1" 200 1037 "-" "Mozilla/5.0 (compatible; AhrefsBot/7.0; +http://ahrefs.com/robot/)" 
51.222.253.18 - - [01/Jan/2022:02:30:56 -0800] "GET /self.logs/2015/error.log.2015-06-05.gz HTTP/1.1" 200 693 "-" "Mozilla/5.0 (compatible; AhrefsBot/7.0; +http://ahrefs.com/robot/)" 
51.222.253.2 - - [01/Jan/2022:02:34:45 -0800] "GET /self.logs/2016/error.log.2016-08-07.gz HTTP/1.1" 200 1873 "-" "Mozilla/5.0 (compatible; AhrefsBot/7.0; +http://ahrefs.com/robot/)" 
51.222.253.8 - - [01/Jan/2022:02:36:42 -0800] "GET /self.logs/2016/access.log.2016-02-25.gz HTTP/1.1" 200 11461 "-" "Mozilla/5.0 (compatible; AhrefsBot/7.0; +http://ahrefs.com/robot/)" 
51.222.253.1 - - [01/Jan/2022:02:38:41 -0800] "GET /self.logs/2016/error.log.2016-05-10.gz HTTP/1.1" 200 854 "-" "Mozilla/5.0 (compatible; AhrefsBot/7.0; +http://ahrefs.com/robot/)" 
51.222.253.18 - - [01/Jan/2022:02:40:50 -0800] "GET /self.logs/2015/error.log.2015-07-29.gz HTTP/1.1" 200 761 "-" "Mozilla/5.0 (compatible; AhrefsBot/7.0; +http://ahrefs.com/robot/)" 
66.249.66.207 - - [01/Jan/2022:02:42:12 -0800] "GET / HTTP/1.1" 200 13185 "-" "Mozilla/5.0 (Linux; Android 6.0.1; Nexus 5X Build/MMB29P) AppleWebKit/537.36 (KHTML, like Gecko) Chrome/96.0.4664.93 Mobile Safari/537.36 (compatible; Googlebot/2.1; +http://www.google.com/bot.html)" 
217.182.175.162 - - [01/Jan/2022:02:42:29 -0800] "HEAD /self.logs/ HTTP/1.1" 200 236 "-" "Mozilla/5.0 (Macintosh; Intel Mac OS X 10_14_0) AppleWebKit/537.36 (KHTML, like Gecko) Chrome/70.0.3538.67 Safari/537.36" 
51.222.253.6 - - [01/Jan/2022:02:42:51 -0800] "GET /self.logs/2016/access.log.2016-12-04.gz HTTP/1.1" 200 27483 "-" "Mozilla/5.0 (compatible; AhrefsBot/7.0; +http://ahrefs.com/robot/)" 
77.75.77.62 - - [01/Jan/2022:02:42:54 -0800] "GET /robots.txt HTTP/1.1" 200 377 "-" "Mozilla/5.0 (compatible; SeznamBot/3.2; +http://napoveda.seznam.cz/en/seznambot-intro/)" 
77.75.77.62 - - [01/Jan/2022:02:42:54 -0800] "GET /Datasets%20Description/Network/tunnel.html HTTP/1.1" 304 266 "-" "Mozilla/5.0 (compatible; SeznamBot/3.2; +http://napoveda.seznam.cz/en/seznambot-intro/)" 
51.222.253.6 - - [01/Jan/2022:02:44:53 -0800] "GET /self.logs/2016/access.log.2016-03-23.gz HTTP/1.1" 200 9821 "-" "Mozilla/5.0 (compatible; AhrefsBot/7.0; +http://ahrefs.com/robot/)" 
65.108.79.209 - - [01/Jan/2022:02:46:05 -0800] "GET /Datasets%20Description/HTML_Bro_log_1/files.html HTTP/1.1" 200 1881 "http://www.secrepo.com/Datasets%20Description/HTML_Bro_log_1/" "Mozilla/5.0 (compatible; SEOkicks; +https://www.seokicks.de/robot.html)" 
65.108.79.209 - - [01/Jan/2022:02:46:07 -0800] "GET /Datasets%20Description/HTML_Bro_log_1/ftp.html HTTP/1.1" 200 1728 "http://www.secrepo.com/Datasets%20Description/HTML_Bro_log_1/" "Mozilla/5.0 (compatible; SEOkicks; +https://www.seokicks.de/robot.html)" 
65.108.79.209 - - [01/Jan/2022:02:46:08 -0800] "GET /Datasets%20Description/HTML_Bro_log_1/http.html HTTP/1.1" 200 1997 "http://www.secrepo.com/Datasets%20Description/HTML_Bro_log_1/" "Mozilla/5.0 (compatible; SEOkicks; +https://www.seokicks.de/robot.html)" 
65.108.79.209 - - [01/Jan/2022:02:46:10 -0800] "GET /Datasets%20Description/HTML_Bro_log_1/irc.html HTTP/1.1" 200 1744 "http://www.secrepo.com/Datasets%20Description/HTML_Bro_log_1/" "Mozilla/5.0 (compatible; SEOkicks; +https://www.seokicks.de/robot.html)" 
65.108.79.209 - - [01/Jan/2022:02:46:11 -0800] "GET /Datasets%20Description/HTML_Bro_log_1/loaded_scripts.html HTTP/1.1" 200 1506 "http://www.secrepo.com/Datasets%20Description/HTML_Bro_log_1/" "Mozilla/5.0 (compatible; SEOkicks; +https://www.seokicks.de/robot.html)" 
65.108.79.209 - - [01/Jan/2022:02:46:13 -0800] "GET /Datasets%20Description/HTML_Bro_log_1/notice.html HTTP/1.1" 200 1964 "http://www.secrepo.com/Datasets%20Description/HTML_Bro_log_1/" "Mozilla/5.0 (compatible; SEOkicks; +https://www.seokicks.de/robot.html)" 
65.108.79.209 - - [01/Jan/2022:02:46:15 -0800] "GET /Datasets%20Description/HTML_Bro_log_1/packet_filter.html HTTP/1.1" 200 1688 "http://www.secrepo.com/Datasets%20Description/HTML_Bro_log_1/" "Mozilla/5.0 (compatible; SEOkicks; +https://www.seokicks.de/robot.html)" 
65.108.79.209 - - [01/Jan/2022:02:46:17 -0800] "GET /Datasets%20Description/HTML_Bro_log_1/ssl.html HTTP/1.1" 200 1823 "http://www.secrepo.com/Datasets%20Description/HTML_Bro_log_1/" "Mozilla/5.0 (compatible; SEOkicks; +https://www.seokicks.de/robot.html)" 
65.108.79.209 - - [01/Jan/2022:02:46:20 -0800] "GET /Datasets%20Description/HTML_Bro_log_1/weird.html HTTP/1.1" 200 1900 "http://www.secrepo.com/Datasets%20Description/HTML_Bro_log_1/" "Mozilla/5.0 (compatible; SEOkicks; +https://www.seokicks.de/robot.html)" 
65.108.79.209 - - [01/Jan/2022:02:46:22 -0800] "GET /Datasets%20Description/HTML_Bro_log_2/?C=N;O=D HTTP/1.1" 200 795 "http://www.secrepo.com/Datasets%20Description/HTML_Bro_log_2/" "Mozilla/5.0 (compatible; SEOkicks; +https://www.seokicks.de/robot.html)" 
65.108.79.209 - - [01/Jan/2022:02:46:23 -0800] "GET /Datasets%20Description/HTML_Bro_log_2/?C=M;O=A HTTP/1.1" 200 795 "http://www.secrepo.com/Datasets%20Description/HTML_Bro_log_2/" "Mozilla/5.0 (compatible; SEOkicks; +https://www.seokicks.de/robot.html)" 
51.222.253.13 - - [01/Jan/2022:02:47:03 -0800] "GET /self.logs/2016/access.log.2016-12-02.gz HTTP/1.1" 200 9329 "-" "Mozilla/5.0 (compatible; AhrefsBot/7.0; +http://ahrefs.com/robot/)" 
66.249.66.159 - - [01/Jan/2022:02:47:33 -0800] "GET /css/style.css HTTP/1.1" 404 328 "http://www.secrepo.com/" "Mozilla/5.0 (Linux; Android 6.0.1; Nexus 5X Build/MMB29P) AppleWebKit/537.36 (KHTML, like Gecko) Chrome/96.0.4664.93 Mobile Safari/537.36 (compatible; Googlebot/2.1; +http://www.google.com/bot.html)" 
66.249.66.209 - - [01/Jan/2022:02:47:35 -0800] "GET /css/style.css HTTP/1.1" 404 328 "http://www.secrepo.com/" "Mozilla/5.0 (Linux; Android 6.0.1; Nexus 5X Build/MMB29P) AppleWebKit/537.36 (KHTML, like Gecko) Chrome/96.0.4664.93 Mobile Safari/537.36 (compatible; Googlebot/2.1; +http://www.google.com/bot.html)" 
51.222.253.15 - - [01/Jan/2022:02:49:05 -0800] "GET /self.logs/2016/access.log.2016-03-14.gz HTTP/1.1" 200 13569 "-" "Mozilla/5.0 (compatible; AhrefsBot/7.0; +http://ahrefs.com/robot/)" 
51.222.253.10 - - [01/Jan/2022:02:51:08 -0800] "GET /self.logs/2016/error.log.2016-01-14.gz HTTP/1.1" 200 695 "-" "Mozilla/5.0 (compatible; AhrefsBot/7.0; +http://ahrefs.com/robot/)" 
51.222.253.1 - - [01/Jan/2022:02:53:11 -0800] "GET /self.logs/2016/access.log.2016-12-20.gz HTTP/1.1" 200 21476 "-" "Mozilla/5.0 (compatible; AhrefsBot/7.0; +http://ahrefs.com/robot/)" 
51.222.253.3 - - [01/Jan/2022:02:55:12 -0800] "GET /self.logs/2015/access.log.2015-01-29.gz HTTP/1.1" 200 8415 "-" "Mozilla/5.0 (compatible; AhrefsBot/7.0; +http://ahrefs.com/robot/)" 
14.18.38.29 - - [01/Jan/2022:02:56:06 -0800] "GET /css/album.css HTTP/1.1" 404 328 "-" "Mozilla/5.0 (Windows NT 10.0; WOW64; rv:48.0) Gecko/20100101 Firefox/48.0" 
51.222.253.13 - - [01/Jan/2022:02:57:11 -0800] "GET /self.logs/error.log.2021-11-17 HTTP/1.1" 200 10024 "-" "Mozilla/5.0 (compatible; AhrefsBot/7.0; +http://ahrefs.com/robot/)" 
51.222.253.8 - - [01/Jan/2022:02:59:03 -0800] "GET /self.logs/2016/access.log.2016-01-10.gz HTTP/1.1" 200 7118 "-" "Mozilla/5.0 (compatible; AhrefsBot/7.0; +http://ahrefs.com/robot/)" 
51.222.253.11 - - [01/Jan/2022:03:01:00 -0800] "GET /self.logs/2016/access.log.2016-05-07.gz HTTP/1.1" 200 8275 "-" "Mozilla/5.0 (compatible; AhrefsBot/7.0; +http://ahrefs.com/robot/)" 
51.222.253.7 - - [01/Jan/2022:03:02:51 -0800] "GET /self.logs/2016/error.log.2016-02-13.gz HTTP/1.1" 200 868 "-" "Mozilla/5.0 (compatible; AhrefsBot/7.0; +http://ahrefs.com/robot/)" 
51.222.253.5 - - [01/Jan/2022:03:04:45 -0800] "GET /self.logs/2016/access.log.2016-05-11.gz HTTP/1.1" 200 18386 "-" "Mozilla/5.0 (compatible; AhrefsBot/7.0; +http://ahrefs.com/robot/)" 
51.222.253.11 - - [01/Jan/2022:03:06:38 -0800] "GET /self.logs/2016/access.log.2016-02-23.gz HTTP/1.1" 200 10212 "-" "Mozilla/5.0 (compatible; AhrefsBot/7.0; +http://ahrefs.com/robot/)" 
51.222.253.17 - - [01/Jan/2022:03:08:20 -0800] "GET /self.logs/2016/error.log.2016-05-15.gz HTTP/1.1" 200 578 "-" "Mozilla/5.0 (compatible; AhrefsBot/7.0; +http://ahrefs.com/robot/)" 
199.58.86.211 - - [01/Jan/2022:03:09:17 -0800] "GET /robots.txt HTTP/1.1" 200 377 "-" "Mozilla/5.0 (compatible; MJ12bot/v1.4.8; http://mj12bot.com/)" 
199.58.86.211 - - [01/Jan/2022:03:09:24 -0800] "GET / HTTP/1.1" 200 13142 "-" "Mozilla/5.0 (compatible; MJ12bot/v1.4.8; http://mj12bot.com/)" 
51.222.253.13 - - [01/Jan/2022:03:10:10 -0800] "GET /self.logs/2016/access.log.2016-05-05.gz HTTP/1.1" 200 8699 "-" "Mozilla/5.0 (compatible; AhrefsBot/7.0; +http://ahrefs.com/robot/)" 
51.222.253.18 - - [01/Jan/2022:03:12:02 -0800] "GET /self.logs/2016/access.log.2016-05-29.gz HTTP/1.1" 200 8129 "-" "Mozilla/5.0 (compatible; AhrefsBot/7.0; +http://ahrefs.com/robot/)" 
51.222.253.12 - - [01/Jan/2022:03:13:56 -0800] "GET /self.logs/2016/error.log.2016-03-02.gz HTTP/1.1" 200 780 "-" "Mozilla/5.0 (compatible; AhrefsBot/7.0; +http://ahrefs.com/robot/)" 
51.222.253.20 - - [01/Jan/2022:03:15:45 -0800] "GET /self.logs/2016/error.log.2016-03-12.gz HTTP/1.1" 200 762 "-" "Mozilla/5.0 (compatible; AhrefsBot/7.0; +http://ahrefs.com/robot/)" 
51.222.253.19 - - [01/Jan/2022:03:17:39 -0800] "GET /self.logs/2016/access.log.2016-12-29.gz HTTP/1.1" 200 8908 "-" "Mozilla/5.0 (compatible; AhrefsBot/7.0; +http://ahrefs.com/robot/)" 
51.222.253.17 - - [01/Jan/2022:03:19:39 -0800] "GET /self.logs/2016/error.log.2016-01-07.gz HTTP/1.1" 200 798 "-" "Mozilla/5.0 (compatible; AhrefsBot/7.0; +http://ahrefs.com/robot/)" 
51.222.253.19 - - [01/Jan/2022:03:21:29 -0800] "GET /self.logs/2016/error.log.2016-03-14.gz HTTP/1.1" 200 958 "-" "Mozilla/5.0 (compatible; AhrefsBot/7.0; +http://ahrefs.com/robot/)" 
77.75.76.169 - - [01/Jan/2022:03:21:43 -0800] "GET /robots.txt HTTP/1.1" 200 377 "-" "Mozilla/5.0 (compatible; SeznamBot/3.2; +http://napoveda.seznam.cz/en/seznambot-intro/)" 
77.75.76.169 - - [01/Jan/2022:03:21:44 -0800] "GET /Datasets%20Description/Network/ftp.html HTTP/1.1" 304 277 "-" "Mozilla/5.0 (compatible; SeznamBot/3.2; +http://napoveda.seznam.cz/en/seznambot-intro/)" 
51.222.253.13 - - [01/Jan/2022:03:23:21 -0800] "GET /self.logs/2016/access.log.2016-05-09.gz HTTP/1.1" 200 8426 "-" "Mozilla/5.0 (compatible; AhrefsBot/7.0; +http://ahrefs.com/robot/)" 
51.222.253.20 - - [01/Jan/2022:03:25:15 -0800] "GET /self.logs/2016/error.log.2016-07-06.gz HTTP/1.1" 200 912 "-" "Mozilla/5.0 (compatible; AhrefsBot/7.0; +http://ahrefs.com/robot/)" 
51.222.253.9 - - [01/Jan/2022:03:27:08 -0800] "GET /self.logs/2016/error.log.2016-12-28.gz HTTP/1.1" 200 1054 "-" "Mozilla/5.0 (compatible; AhrefsBot/7.0; +http://ahrefs.com/robot/)" 
51.222.253.13 - - [01/Jan/2022:03:29:01 -0800] "GET /self.logs/2016/access.log.2016-07-08.gz HTTP/1.1" 200 7121 "-" "Mozilla/5.0 (compatible; AhrefsBot/7.0; +http://ahrefs.com/robot/)" 
51.222.253.7 - - [01/Jan/2022:03:30:47 -0800] "GET /self.logs/2016/access.log.2016-07-20.gz HTTP/1.1" 200 9257 "-" "Mozilla/5.0 (compatible; AhrefsBot/7.0; +http://ahrefs.com/robot/)" 
51.222.253.14 - - [01/Jan/2022:03:32:31 -0800] "GET /self.logs/2016/access.log.2016-07-29.gz HTTP/1.1" 200 6811 "-" "Mozilla/5.0 (compatible; AhrefsBot/7.0; +http://ahrefs.com/robot/)" 
51.222.253.16 - - [01/Jan/2022:03:34:23 -0800] "GET /self.logs/2016/error.log.2016-02-14.gz HTTP/1.1" 200 699 "-" "Mozilla/5.0 (compatible; AhrefsBot/7.0; +http://ahrefs.com/robot/)" 
157.55.39.206 - - [01/Jan/2022:03:43:48 -0800] "GET /self.logs/access.log.2017-07-16.gz HTTP/1.1" 200 16873 "-" "Mozilla/5.0 (compatible; bingbot/2.0; +http://www.bing.com/bingbot.htm)" 
66.249.66.15 - - [01/Jan/2022:03:46:12 -0800] "GET /ads.txt HTTP/1.1" 404 328 "-" "Mozilla/5.0 (compatible; Googlebot/2.1; +http://www.google.com/bot.html)" 
51.222.253.16 - - [01/Jan/2022:03:53:42 -0800] "GET /self.logs/2016/error.log.2016-06-18.gz HTTP/1.1" 200 863 "-" "Mozilla/5.0 (compatible; AhrefsBot/7.0; +http://ahrefs.com/robot/)" 
114.119.149.81 - - [01/Jan/2022:03:56:40 -0800] "GET /self.logs/access.log.2021-01-18.gz HTTP/1.1" 200 20273 "-" "Mozilla/5.0 (Linux; Android 7.0;) AppleWebKit/537.36 (KHTML, like Gecko) Mobile Safari/537.36 (compatible; PetalBot;+https://webmaster.petalsearch.com/site/petalbot)" 
49.7.20.105 - - [01/Jan/2022:03:58:26 -0800] "GET / HTTP/1.1" 200 13149 "-" "Sogou web spider/4.0(+http://www.sogou.com/docs/help/webmasters.htm#07)" 
77.75.79.95 - - [01/Jan/2022:04:05:53 -0800] "GET /robots.txt HTTP/1.1" 200 377 "-" "Mozilla/5.0 (compatible; SeznamBot/3.2; +http://napoveda.seznam.cz/en/seznambot-intro/)" 
77.75.79.95 - - [01/Jan/2022:04:05:55 -0800] "GET /Datasets%20Description/Network/dns.html HTTP/1.1" 304 277 "-" "Mozilla/5.0 (compatible; SeznamBot/3.2; +http://napoveda.seznam.cz/en/seznambot-intro/)" 
66.249.66.158 - - [01/Jan/2022:04:16:12 -0800] "GET /robots.txt HTTP/1.1" 301 495 "-" "Mozilla/5.0 (compatible; Googlebot/2.1; +http://www.google.com/bot.html)" 
66.249.66.159 - - [01/Jan/2022:04:16:12 -0800] "GET /robots.txt HTTP/1.1" 200 377 "-" "Mozilla/5.0 (compatible; Googlebot/2.1; +http://www.google.com/bot.html)" 
66.249.66.220 - - [01/Jan/2022:04:16:12 -0800] "GET /ads.txt HTTP/1.1" 301 489 "-" "Mozilla/5.0 (compatible; Googlebot/2.1; +http://www.google.com/bot.html)" 
51.222.253.8 - - [01/Jan/2022:04:17:14 -0800] "GET /self.logs/2016/error.log.2016-11-25.gz HTTP/1.1" 200 1203 "-" "Mozilla/5.0 (compatible; AhrefsBot/7.0; +http://ahrefs.com/robot/)" 
183.56.248.121 - - [01/Jan/2022:04:19:44 -0800] "GET /data/admin/allowurl.txt HTTP/1.1" 404 328 "-" "Mozilla/5.0 (Windows NT 10.0; WOW64; rv:48.0) Gecko/20100101 Firefox/48.0" 
49.7.20.105 - - [01/Jan/2022:04:32:40 -0800] "GET / HTTP/1.1" 200 13149 "-" "Sogou web spider/4.0(+http://www.sogou.com/docs/help/webmasters.htm#07)" 
65.108.79.209 - - [01/Jan/2022:04:33:28 -0800] "GET /Datasets%20Description/HTML_Bro_log_2/?C=S;O=A HTTP/1.1" 200 787 "http://www.secrepo.com/Datasets%20Description/HTML_Bro_log_2/" "Mozilla/5.0 (compatible; SEOkicks; +https://www.seokicks.de/robot.html)" 
65.108.79.209 - - [01/Jan/2022:04:33:29 -0800] "GET /Datasets%20Description/HTML_Bro_log_2/?C=D;O=A HTTP/1.1" 200 795 "http://www.secrepo.com/Datasets%20Description/HTML_Bro_log_2/" "Mozilla/5.0 (compatible; SEOkicks; +https://www.seokicks.de/robot.html)" 
65.108.79.209 - - [01/Jan/2022:04:33:30 -0800] "GET /Datasets%20Description/HTML_Bro_log_2/app_stats.html HTTP/1.1" 200 1553 "http://www.secrepo.com/Datasets%20Description/HTML_Bro_log_2/" "Mozilla/5.0 (compatible; SEOkicks; +https://www.seokicks.de/robot.html)" 
65.108.79.209 - - [01/Jan/2022:04:33:32 -0800] "GET /Datasets%20Description/HTML_Bro_log_2/conn.html HTTP/1.1" 200 1969 "http://www.secrepo.com/Datasets%20Description/HTML_Bro_log_2/" "Mozilla/5.0 (compatible; SEOkicks; +https://www.seokicks.de/robot.html)" 
65.108.79.209 - - [01/Jan/2022:04:33:33 -0800] "GET /Datasets%20Description/HTML_Bro_log_2/dhcp.html HTTP/1.1" 200 1700 "http://www.secrepo.com/Datasets%20Description/HTML_Bro_log_2/" "Mozilla/5.0 (compatible; SEOkicks; +https://www.seokicks.de/robot.html)" 
65.108.79.209 - - [01/Jan/2022:04:33:35 -0800] "GET /Datasets%20Description/HTML_Bro_log_2/dns.html HTTP/1.1" 200 1794 "http://www.secrepo.com/Datasets%20Description/HTML_Bro_log_2/" "Mozilla/5.0 (compatible; SEOkicks; +https://www.seokicks.de/robot.html)" 
65.108.79.209 - - [01/Jan/2022:04:33:36 -0800] "GET /Datasets%20Description/HTML_Bro_log_2/dpd.html HTTP/1.1" 200 1618 "http://www.secrepo.com/Datasets%20Description/HTML_Bro_log_2/" "Mozilla/5.0 (compatible; SEOkicks; +https://www.seokicks.de/robot.html)" 
65.108.79.209 - - [01/Jan/2022:04:33:37 -0800] "GET /Datasets%20Description/HTML_Bro_log_2/files.html HTTP/1.1" 200 1873 "http://www.secrepo.com/Datasets%20Description/HTML_Bro_log_2/" "Mozilla/5.0 (compatible; SEOkicks; +https://www.seokicks.de/robot.html)" 
65.108.79.209 - - [01/Jan/2022:04:33:39 -0800] "GET /Datasets%20Description/HTML_Bro_log_2/ftp.html HTTP/1.1" 200 1701 "http://www.secrepo.com/Datasets%20Description/HTML_Bro_log_2/" "Mozilla/5.0 (compatible; SEOkicks; +https://www.seokicks.de/robot.html)" 
65.108.79.209 - - [01/Jan/2022:04:33:40 -0800] "GET /Datasets%20Description/HTML_Bro_log_2/http.html HTTP/1.1" 200 1995 "http://www.secrepo.com/Datasets%20Description/HTML_Bro_log_2/" "Mozilla/5.0 (compatible; SEOkicks; +https://www.seokicks.de/robot.html)" 
65.108.79.209 - - [01/Jan/2022:04:33:41 -0800] "GET /Datasets%20Description/HTML_Bro_log_2/irc.html HTTP/1.1" 200 1734 "http://www.secrepo.com/Datasets%20Description/HTML_Bro_log_2/" "Mozilla/5.0 (compatible; SEOkicks; +https://www.seokicks.de/robot.html)" 
207.46.13.186 - - [01/Jan/2022:04:40:34 -0800] "GET /self.logs/access.log.2021-03-12.gz HTTP/1.1" 200 22224 "-" "Mozilla/5.0 (compatible; bingbot/2.0; +http://www.bing.com/bingbot.htm)" 
217.182.175.162 - - [01/Jan/2022:04:42:29 -0800] "HEAD /self.logs/ HTTP/1.1" 200 236 "-" "Mozilla/5.0 (Macintosh; Intel Mac OS X 10_14_0) AppleWebKit/537.36 (KHTML, like Gecko) Chrome/70.0.3538.67 Safari/537.36" 
207.46.13.186 - - [01/Jan/2022:04:45:52 -0800] "GET / HTTP/1.1" 301 475 "-" "Mozilla/5.0 (compatible; bingbot/2.0; +http://www.bing.com/bingbot.htm)" 
207.46.13.186 - - [01/Jan/2022:04:48:32 -0800] "GET / HTTP/1.1" 200 13186 "-" "Mozilla/5.0 (compatible; bingbot/2.0; +http://www.bing.com/bingbot.htm)" 
120.244.141.14 - - [01/Jan/2022:04:48:45 -0800] "GET /bootstrap/img/favicon.ico HTTP/1.0" 304 226 "-" "Mozilla/5.0 (Windows NT 10.0; Win64; x64) AppleWebKit/537.36 (KHTML, like Gecko) Chrome/96.0.4664.110 Safari/537.36" 
118.184.177.110 - - [01/Jan/2022:04:49:21 -0800] "GET / HTTP/1.1" 301 438 "-" "Sogou web spider/4.0(+http://www.sogou.com/docs/help/webmasters.htm#07)" 
118.184.177.110 - - [01/Jan/2022:04:51:50 -0800] "GET / HTTP/1.1" 200 13149 "-" "Sogou web spider/4.0(+http://www.sogou.com/docs/help/webmasters.htm#07)" 
123.183.224.2 - - [01/Jan/2022:04:51:55 -0800] "GET /css/style.css HTTP/1.1" 301 464 "http://secrepo.com/" "Mozilla/5.0 (X11; Linux x86_64) AppleWebKit/537.36 (KHTML, like Gecko) Chrome/73.0.3683.86 Safari/537.36" 
123.183.224.2 - - [01/Jan/2022:04:51:56 -0800] "GET /css/style.css HTTP/1.1" 404 291 "http://secrepo.com/" "Mozilla/5.0 (X11; Linux x86_64) AppleWebKit/537.36 (KHTML, like Gecko) Chrome/73.0.3683.86 Safari/537.36" 
123.183.224.2 - - [01/Jan/2022:04:51:56 -0800] "GET /css/style.css HTTP/1.1" 301 464 "http://secrepo.com/" "Mozilla/5.0 (X11; Linux x86_64) AppleWebKit/537.36 (KHTML, like Gecko) Chrome/73.0.3683.86 Safari/537.36" 
123.183.224.2 - - [01/Jan/2022:04:51:57 -0800] "GET /css/style.css HTTP/1.1" 404 291 "http://secrepo.com/" "Mozilla/5.0 (X11; Linux x86_64) AppleWebKit/537.36 (KHTML, like Gecko) Chrome/73.0.3683.86 Safari/537.36" 
123.183.224.2 - - [01/Jan/2022:04:51:58 -0800] "GET /css/style.css HTTP/1.1" 301 464 "http://secrepo.com/" "Mozilla/5.0 (X11; Linux x86_64) AppleWebKit/537.36 (KHTML, like Gecko) Chrome/73.0.3683.86 Safari/537.36" 
123.183.224.2 - - [01/Jan/2022:04:51:58 -0800] "GET /css/style.css HTTP/1.1" 404 291 "http://secrepo.com/" "Mozilla/5.0 (X11; Linux x86_64) AppleWebKit/537.36 (KHTML, like Gecko) Chrome/73.0.3683.86 Safari/537.36" 
114.119.149.83 - - [01/Jan/2022:04:56:52 -0800] "GET /self.logs/error.log.2017-06-12.gz HTTP/1.1" 200 817 "-" "Mozilla/5.0 (Linux; Android 7.0;) AppleWebKit/537.36 (KHTML, like Gecko) Mobile Safari/537.36 (compatible; PetalBot;+https://webmaster.petalsearch.com/site/petalbot)" 
83.50.182.25 - - [01/Jan/2022:04:57:11 -0800] "GET / HTTP/1.1" 200 13186 "-" "Mozilla/5.0 (Windows NT 10.0; Win64; x64; rv:95.0) Gecko/20100101 Firefox/95.0" 
83.50.182.25 - - [01/Jan/2022:04:57:11 -0800] "GET /robots.txt HTTP/1.1" 200 377 "-" "Mozilla/5.0 (Windows NT 10.0; Win64; x64; rv:95.0) Gecko/20100101 Firefox/95.0" 
83.50.182.25 - - [01/Jan/2022:04:57:11 -0800] "GET /css/style.css HTTP/1.1" 404 328 "http://www.secrepo.com/" "Mozilla/5.0 (Windows NT 10.0; Win64; x64; rv:95.0) Gecko/20100101 Firefox/95.0" 
83.50.182.25 - - [01/Jan/2022:04:57:11 -0800] "GET /twitter-icon.png HTTP/1.1" 200 27893 "http://www.secrepo.com/" "Mozilla/5.0 (Windows NT 10.0; Win64; x64; rv:95.0) Gecko/20100101 Firefox/95.0" 
83.50.182.25 - - [01/Jan/2022:04:57:11 -0800] "GET /GitHub-Mark.png HTTP/1.1" 200 7533 "http://www.secrepo.com/" "Mozilla/5.0 (Windows NT 10.0; Win64; x64; rv:95.0) Gecko/20100101 Firefox/95.0" 
83.50.182.25 - - [01/Jan/2022:04:57:11 -0800] "GET /bootstrap/img/favicon.ico HTTP/1.1" 200 690 "http://www.secrepo.com/" "Mozilla/5.0 (Windows NT 10.0; Win64; x64; rv:95.0) Gecko/20100101 Firefox/95.0" 
49.7.20.105 - - [01/Jan/2022:05:00:31 -0800] "GET / HTTP/1.1" 200 13149 "-" "Sogou web spider/4.0(+http://www.sogou.com/docs/help/webmasters.htm#07)" 
51.222.253.3 - - [01/Jan/2022:05:01:41 -0800] "GET /self.logs/error.log.2021-11-16.gz HTTP/1.1" 200 3505 "-" "Mozilla/5.0 (compatible; AhrefsBot/7.0; +http://ahrefs.com/robot/)" 
77.75.79.119 - - [01/Jan/2022:05:09:37 -0800] "GET /robots.txt HTTP/1.1" 200 377 "-" "Mozilla/5.0 (compatible; SeznamBot/3.2; +http://napoveda.seznam.cz/en/seznambot-intro/)" 
77.75.79.119 - - [01/Jan/2022:05:09:38 -0800] "GET /honeypot/Honeypot%20-%20Howto.pdf HTTP/1.1" 304 266 "-" "Mozilla/5.0 (compatible; SeznamBot/3.2; +http://napoveda.seznam.cz/en/seznambot-intro/)" 
27.159.92.17 - - [01/Jan/2022:05:16:18 -0800] "GET /data/admin/allowurl.txt HTTP/1.1" 404 328 "-" "Mozilla/5.0 (Windows NT 10.0; WOW64; rv:48.0) Gecko/20100101 Firefox/48.0" 
49.7.20.105 - - [01/Jan/2022:05:29:11 -0800] "GET / HTTP/1.1" 200 13149 "-" "Sogou web spider/4.0(+http://www.sogou.com/docs/help/webmasters.htm#07)" 
51.222.253.13 - - [01/Jan/2022:05:46:47 -0800] "GET /self.logs/error.log.2018-04-09.gz HTTP/1.1" 200 5533 "-" "Mozilla/5.0 (compatible; AhrefsBot/7.0; +http://ahrefs.com/robot/)" 
51.222.253.1 - - [01/Jan/2022:05:48:37 -0800] "GET /self.logs/error.log.2020-09-30 HTTP/1.1" 200 307 "-" "Mozilla/5.0 (compatible; AhrefsBot/7.0; +http://ahrefs.com/robot/)" 
51.222.253.7 - - [01/Jan/2022:05:50:17 -0800] "GET /self.logs/error.log.2018-09-05.gz HTTP/1.1" 200 6532 "-" "Mozilla/5.0 (compatible; AhrefsBot/7.0; +http://ahrefs.com/robot/)" 
51.222.253.6 - - [01/Jan/2022:05:52:01 -0800] "GET /self.logs/error.log.2017-03-18.gz HTTP/1.1" 200 1115 "-" "Mozilla/5.0 (compatible; AhrefsBot/7.0; +http://ahrefs.com/robot/)" 
51.222.253.19 - - [01/Jan/2022:05:53:45 -0800] "GET /self.logs/access.log.2017-08-17.gz HTTP/1.1" 200 21327 "-" "Mozilla/5.0 (compatible; AhrefsBot/7.0; +http://ahrefs.com/robot/)" 
49.7.20.105 - - [01/Jan/2022:05:54:13 -0800] "GET / HTTP/1.1" 200 13149 "-" "Sogou web spider/4.0(+http://www.sogou.com/docs/help/webmasters.htm#07)" 
114.119.149.81 - - [01/Jan/2022:05:56:39 -0800] "GET /self.logs/2015/error.log.2015-09-28.gz HTTP/1.1" 200 836 "-" "Mozilla/5.0 (Linux; Android 7.0;) AppleWebKit/537.36 (KHTML, like Gecko) Mobile Safari/537.36 (compatible; PetalBot;+https://webmaster.petalsearch.com/site/petalbot)" 
51.222.253.9 - - [01/Jan/2022:05:57:11 -0800] "GET /self.logs/access.log.2018-04-01.gz HTTP/1.1" 200 18612 "-" "Mozilla/5.0 (compatible; AhrefsBot/7.0; +http://ahrefs.com/robot/)" 
51.222.253.9 - - [01/Jan/2022:05:58:53 -0800] "GET /auth.log/auth.log.gz HTTP/1.1" 200 78840 "-" "Mozilla/5.0 (compatible; AhrefsBot/7.0; +http://ahrefs.com/robot/)" 
51.222.253.8 - - [01/Jan/2022:06:02:47 -0800] "GET / HTTP/1.1" 200 13141 "-" "Mozilla/5.0 (compatible; AhrefsBot/7.0; +http://ahrefs.com/robot/)" 
51.222.253.6 - - [01/Jan/2022:06:04:57 -0800] "GET /self.logs/access.log.2019-05-23.gz HTTP/1.1" 200 27986 "-" "Mozilla/5.0 (compatible; AhrefsBot/7.0; +http://ahrefs.com/robot/)" 
51.222.253.14 - - [01/Jan/2022:06:09:31 -0800] "GET /self.logs/2016/access.log.2016-03-31.gz HTTP/1.1" 200 8396 "-" "Mozilla/5.0 (compatible; AhrefsBot/7.0; +http://ahrefs.com/robot/)" 
65.108.79.209 - - [01/Jan/2022:06:10:27 -0800] "GET /Datasets%20Description/HTML_Bro_log_2/loaded_scripts.html HTTP/1.1" 200 1506 "http://www.secrepo.com/Datasets%20Description/HTML_Bro_log_2/" "Mozilla/5.0 (compatible; SEOkicks; +https://www.seokicks.de/robot.html)" 
65.108.79.209 - - [01/Jan/2022:06:10:28 -0800] "GET /Datasets%20Description/HTML_Bro_log_2/notice.html HTTP/1.1" 200 1969 "http://www.secrepo.com/Datasets%20Description/HTML_Bro_log_2/" "Mozilla/5.0 (compatible; SEOkicks; +https://www.seokicks.de/robot.html)" 
65.108.79.209 - - [01/Jan/2022:06:10:30 -0800] "GET /Datasets%20Description/HTML_Bro_log_2/packet_filter.html HTTP/1.1" 200 1688 "http://www.secrepo.com/Datasets%20Description/HTML_Bro_log_2/" "Mozilla/5.0 (compatible; SEOkicks; +https://www.seokicks.de/robot.html)" 
65.108.79.209 - - [01/Jan/2022:06:10:31 -0800] "GET /Datasets%20Description/HTML_Bro_log_2/ssl.html HTTP/1.1" 200 1823 "http://www.secrepo.com/Datasets%20Description/HTML_Bro_log_2/" "Mozilla/5.0 (compatible; SEOkicks; +https://www.seokicks.de/robot.html)" 
65.108.79.209 - - [01/Jan/2022:06:10:32 -0800] "GET /Datasets%20Description/HTML_Bro_log_2/weird.html HTTP/1.1" 200 1898 "http://www.secrepo.com/Datasets%20Description/HTML_Bro_log_2/" "Mozilla/5.0 (compatible; SEOkicks; +https://www.seokicks.de/robot.html)" 
65.108.79.209 - - [01/Jan/2022:06:10:34 -0800] "GET /Datasets%20Description/HTML_Bro_log_3/?C=N;O=D HTTP/1.1" 200 785 "http://www.secrepo.com/Datasets%20Description/HTML_Bro_log_3/" "Mozilla/5.0 (compatible; SEOkicks; +https://www.seokicks.de/robot.html)" 
65.108.79.209 - - [01/Jan/2022:06:10:36 -0800] "GET /Datasets%20Description/HTML_Bro_log_3/?C=M;O=A HTTP/1.1" 200 786 "http://www.secrepo.com/Datasets%20Description/HTML_Bro_log_3/" "Mozilla/5.0 (compatible; SEOkicks; +https://www.seokicks.de/robot.html)" 
65.108.79.209 - - [01/Jan/2022:06:10:37 -0800] "GET /Datasets%20Description/HTML_Bro_log_3/?C=S;O=A HTTP/1.1" 200 781 "http://www.secrepo.com/Datasets%20Description/HTML_Bro_log_3/" "Mozilla/5.0 (compatible; SEOkicks; +https://www.seokicks.de/robot.html)" 
65.108.79.209 - - [01/Jan/2022:06:10:39 -0800] "GET /Datasets%20Description/HTML_Bro_log_3/?C=D;O=A HTTP/1.1" 200 786 "http://www.secrepo.com/Datasets%20Description/HTML_Bro_log_3/" "Mozilla/5.0 (compatible; SEOkicks; +https://www.seokicks.de/robot.html)" 
65.108.79.209 - - [01/Jan/2022:06:10:40 -0800] "GET /Datasets%20Description/HTML_Bro_log_3/app_stats.html HTTP/1.1" 200 1554 "http://www.secrepo.com/Datasets%20Description/HTML_Bro_log_3/" "Mozilla/5.0 (compatible; SEOkicks; +https://www.seokicks.de/robot.html)" 
65.108.79.209 - - [01/Jan/2022:06:10:41 -0800] "GET /Datasets%20Description/HTML_Bro_log_3/conn.html HTTP/1.1" 200 1972 "http://www.secrepo.com/Datasets%20Description/HTML_Bro_log_3/" "Mozilla/5.0 (compatible; SEOkicks; +https://www.seokicks.de/robot.html)" 
51.222.253.15 - - [01/Jan/2022:06:17:57 -0800] "GET /self.logs/2016/access.log.2016-07-30.gz HTTP/1.1" 200 5614 "-" "Mozilla/5.0 (compatible; AhrefsBot/7.0; +http://ahrefs.com/robot/)" 
49.7.20.105 - - [01/Jan/2022:06:18:57 -0800] "GET / HTTP/1.1" 200 13148 "-" "Sogou web spider/4.0(+http://www.sogou.com/docs/help/webmasters.htm#07)" 
51.222.253.5 - - [01/Jan/2022:06:25:39 -0800] "GET /self.logs/2016/access.log.2016-07-14.gz HTTP/1.1" 200 9562 "-" "Mozilla/5.0 (compatible; AhrefsBot/7.0; +http://ahrefs.com/robot/)" 
114.119.149.81 - - [01/Jan/2022:06:26:36 -0800] "GET /self.logs/access.log.2019-01-10.gz HTTP/1.1" 200 27781 "-" "Mozilla/5.0 (Linux; Android 7.0;) AppleWebKit/537.36 (KHTML, like Gecko) Mobile Safari/537.36 (compatible; PetalBot;+https://webmaster.petalsearch.com/site/petalbot)" 
51.222.253.20 - - [01/Jan/2022:06:26:58 -0800] "GET /self.logs/error.log.2017-12-02.gz HTTP/1.1" 200 1858 "-" "Mozilla/5.0 (compatible; AhrefsBot/7.0; +http://ahrefs.com/robot/)" 
51.222.253.12 - - [01/Jan/2022:06:34:26 -0800] "GET /self.logs/2016/error.log.2016-11-23.gz HTTP/1.1" 200 747 "-" "Mozilla/5.0 (compatible; AhrefsBot/7.0; +http://ahrefs.com/robot/)" 
49.7.20.105 - - [01/Jan/2022:06:42:12 -0800] "GET / HTTP/1.1" 200 13148 "-" "Sogou web spider/4.0(+http://www.sogou.com/docs/help/webmasters.htm#07)" 
51.222.253.10 - - [01/Jan/2022:06:42:30 -0800] "GET /self.logs/2016/error.log.2016-10-21.gz HTTP/1.1" 200 720 "-" "Mozilla/5.0 (compatible; AhrefsBot/7.0; +http://ahrefs.com/robot/)" 
220.181.108.96 - - [01/Jan/2022:06:57:33 -0800] "GET / HTTP/1.1" 301 438 "-" "Mozilla/5.0 (Linux;u;Android 4.2.2;zh-cn;) AppleWebKit/534.46 (KHTML,like Gecko) Version/5.1 Mobile Safari/10600.6.3 (compatible; Baiduspider/2.0; +http://www.baidu.com/search/spider.html)" 
116.179.32.69 - - [01/Jan/2022:06:57:34 -0800] "GET / HTTP/1.1" 301 438 "-" "Mozilla/5.0 (compatible; Baiduspider/2.0; +http://www.baidu.com/search/spider.html)" 
116.179.32.219 - - [01/Jan/2022:06:57:34 -0800] "GET / HTTP/1.1" 200 13149 "-" "Mozilla/5.0 (compatible; Baiduspider/2.0; +http://www.baidu.com/search/spider.html)" 
220.181.108.96 - - [01/Jan/2022:06:57:35 -0800] "GET / HTTP/1.1" 200 13149 "-" "Mozilla/5.0 (Linux;u;Android 4.2.2;zh-cn;) AppleWebKit/534.46 (KHTML,like Gecko) Version/5.1 Mobile Safari/10600.6.3 (compatible; Baiduspider/2.0; +http://www.baidu.com/search/spider.html)" 
116.179.37.41 - - [01/Jan/2022:06:57:37 -0800] "GET /css/style.css HTTP/1.1" 404 291 "http://www.secrepo.com/" "Mozilla/5.0 (compatible; Baiduspider-render/2.0; +http://www.baidu.com/search/spider.html)" 
116.179.37.5 - - [01/Jan/2022:06:57:40 -0800] "GET /css/style.css HTTP/1.1" 404 291 "http://www.secrepo.com/" "Mozilla/5.0 (iPhone; CPU iPhone OS 9_1 like Mac OS X) AppleWebKit/601.1.46 (KHTML, like Gecko) Version/9.0 Mobile/13B143 Safari/601.1 (compatible; Baiduspider-render/2.0; +http://www.baidu.com/search/spider.html)" 
73.117.49.31 - - [01/Jan/2022:07:04:32 -0800] "GET /favicon.ico HTTP/1.1" 200 391 "-" "Mozilla/5.0 (Windows NT 10.0; WOW64) AppleWebKit/537.36 (KHTML, like Gecko) Chrome/86.0.4240.198 Safari/537.36" 
51.222.253.11 - - [01/Jan/2022:07:05:03 -0800] "GET /self.logs/error.log.2017-11-30.gz HTTP/1.1" 200 2573 "-" "Mozilla/5.0 (compatible; AhrefsBot/7.0; +http://ahrefs.com/robot/)" 
114.119.149.81 - - [01/Jan/2022:07:06:15 -0800] "GET /self.logs/error.log.2017-10-26.gz HTTP/1.1" 200 1746 "-" "Mozilla/5.0 (Linux; Android 7.0;) AppleWebKit/537.36 (KHTML, like Gecko) Mobile Safari/537.36 (compatible; PetalBot;+https://webmaster.petalsearch.com/site/petalbot)" 
49.7.20.105 - - [01/Jan/2022:07:07:15 -0800] "GET / HTTP/1.1" 200 13149 "-" "Sogou web spider/4.0(+http://www.sogou.com/docs/help/webmasters.htm#07)" 
192.133.77.14 - - [01/Jan/2022:07:22:33 -0800] "GET /robots.txt HTTP/1.1" 301 439 "-" "Twitterbot/1.0" 
192.133.77.14 - - [01/Jan/2022:07:22:34 -0800] "GET /robots.txt HTTP/1.1" 200 333 "-" "Twitterbot/1.0" 
192.133.77.14 - - [01/Jan/2022:07:22:34 -0800] "GET / HTTP/1.1" 301 419 "-" "Twitterbot/1.0" 
192.133.77.18 - - [01/Jan/2022:07:22:34 -0800] "GET /robots.txt HTTP/1.1" 200 333 "-" "Twitterbot/1.0" 
192.133.77.18 - - [01/Jan/2022:07:22:34 -0800] "GET / HTTP/1.1" 200 13108 "-" "Twitterbot/1.0" 
49.7.20.105 - - [01/Jan/2022:07:34:01 -0800] "GET / HTTP/1.1" 200 13149 "-" "Sogou web spider/4.0(+http://www.sogou.com/docs/help/webmasters.htm#07)" 
65.108.79.209 - - [01/Jan/2022:07:37:27 -0800] "GET /Datasets%20Description/HTML_Bro_log_3/dhcp.html HTTP/1.1" 200 1703 "http://www.secrepo.com/Datasets%20Description/HTML_Bro_log_3/" "Mozilla/5.0 (compatible; SEOkicks; +https://www.seokicks.de/robot.html)" 
65.108.79.209 - - [01/Jan/2022:07:37:30 -0800] "GET /Datasets%20Description/HTML_Bro_log_3/dns.html HTTP/1.1" 200 1793 "http://www.secrepo.com/Datasets%20Description/HTML_Bro_log_3/" "Mozilla/5.0 (compatible; SEOkicks; +https://www.seokicks.de/robot.html)" 
65.108.79.209 - - [01/Jan/2022:07:37:33 -0800] "GET /Datasets%20Description/HTML_Bro_log_3/dpd.html HTTP/1.1" 200 1625 "http://www.secrepo.com/Datasets%20Description/HTML_Bro_log_3/" "Mozilla/5.0 (compatible; SEOkicks; +https://www.seokicks.de/robot.html)" 
65.108.79.209 - - [01/Jan/2022:07:37:35 -0800] "GET /Datasets%20Description/HTML_Bro_log_3/files.html HTTP/1.1" 200 1873 "http://www.secrepo.com/Datasets%20Description/HTML_Bro_log_3/" "Mozilla/5.0 (compatible; SEOkicks; +https://www.seokicks.de/robot.html)" 
65.108.79.209 - - [01/Jan/2022:07:37:37 -0800] "GET /Datasets%20Description/HTML_Bro_log_3/http.html HTTP/1.1" 200 1998 "http://www.secrepo.com/Datasets%20Description/HTML_Bro_log_3/" "Mozilla/5.0 (compatible; SEOkicks; +https://www.seokicks.de/robot.html)" 
65.108.79.209 - - [01/Jan/2022:07:37:39 -0800] "GET /Datasets%20Description/HTML_Bro_log_3/irc.html HTTP/1.1" 200 1747 "http://www.secrepo.com/Datasets%20Description/HTML_Bro_log_3/" "Mozilla/5.0 (compatible; SEOkicks; +https://www.seokicks.de/robot.html)" 
65.108.79.209 - - [01/Jan/2022:07:37:41 -0800] "GET /Datasets%20Description/HTML_Bro_log_3/loaded_scripts.html HTTP/1.1" 200 1506 "http://www.secrepo.com/Datasets%20Description/HTML_Bro_log_3/" "Mozilla/5.0 (compatible; SEOkicks; +https://www.seokicks.de/robot.html)" 
65.108.79.209 - - [01/Jan/2022:07:37:44 -0800] "GET /Datasets%20Description/HTML_Bro_log_3/notice.html HTTP/1.1" 200 1965 "http://www.secrepo.com/Datasets%20Description/HTML_Bro_log_3/" "Mozilla/5.0 (compatible; SEOkicks; +https://www.seokicks.de/robot.html)" 
65.108.79.209 - - [01/Jan/2022:07:37:48 -0800] "GET /Datasets%20Description/HTML_Bro_log_3/packet_filter.html HTTP/1.1" 200 1688 "http://www.secrepo.com/Datasets%20Description/HTML_Bro_log_3/" "Mozilla/5.0 (compatible; SEOkicks; +https://www.seokicks.de/robot.html)" 
65.108.79.209 - - [01/Jan/2022:07:37:50 -0800] "GET /Datasets%20Description/HTML_Bro_log_3/ssl.html HTTP/1.1" 200 1837 "http://www.secrepo.com/Datasets%20Description/HTML_Bro_log_3/" "Mozilla/5.0 (compatible; SEOkicks; +https://www.seokicks.de/robot.html)" 
54.188.70.242 - - [01/Jan/2022:07:38:23 -0800] "GET / HTTP/1.1" 301 419 "-" "Mozilla/5.0 (X11; Linux x86_64) AppleWebKit/537.36 (KHTML, like Gecko) Chrome/83.0.4103.97 Safari/537.36" 
54.188.70.242 - - [01/Jan/2022:07:38:25 -0800] "GET / HTTP/1.1" 200 13142 "-" "Mozilla/5.0 (X11; Linux x86_64) AppleWebKit/537.36 (KHTML, like Gecko) Chrome/83.0.4103.97 Safari/537.36" 
52.43.161.255 - - [01/Jan/2022:07:41:42 -0800] "GET /favicon.ico HTTP/1.1" 301 441 "-" "Mozilla/5.0 (X11; Linux x86_64) AppleWebKit/537.36 (KHTML, like Gecko) Chrome/83.0.4103.97 Safari/537.36" 
52.43.161.255 - - [01/Jan/2022:07:41:45 -0800] "GET /favicon.ico HTTP/1.1" 200 347 "http://secrepo.com/favicon.ico" "Mozilla/5.0 (X11; Linux x86_64) AppleWebKit/537.36 (KHTML, like Gecko) Chrome/83.0.4103.97 Safari/537.36" 
52.43.161.255 - - [01/Jan/2022:07:41:48 -0800] "GET / HTTP/1.1" 301 419 "-" "Mozilla/5.0 (X11; Linux x86_64) AppleWebKit/537.36 (KHTML, like Gecko) Chrome/83.0.4103.97 Safari/537.36" 
52.43.161.255 - - [01/Jan/2022:07:41:50 -0800] "GET / HTTP/1.1" 200 13142 "http://secrepo.com" "Mozilla/5.0 (X11; Linux x86_64) AppleWebKit/537.36 (KHTML, like Gecko) Chrome/83.0.4103.97 Safari/537.36" 
87.236.233.98 - - [01/Jan/2022:08:01:17 -0800] "GET /robots.txt HTTP/1.1" 200 377 "-" "Mozilla/5.0 (Windows NT 10.0; Win64; x64) AppleWebKit/537.36 (KHTML, like Gecko) Chrome/96.0.4664.110 Safari/537.36" 
87.236.233.98 - - [01/Jan/2022:08:01:17 -0800] "GET /Datasets%20Description/PE_malware/VirusShare.html HTTP/1.1" 200 1651 "-" "Mozilla/5.0 (Windows NT 10.0; Win64; x64) AppleWebKit/537.36 (KHTML, like Gecko) Chrome/96.0.4664.110 Safari/537.36" 
87.236.233.98 - - [01/Jan/2022:08:01:18 -0800] "GET /favicon.ico HTTP/1.1" 200 368 "http://www.secrepo.com/Datasets%20Description/PE_malware/VirusShare.html" "Mozilla/5.0 (Windows NT 10.0; Win64; x64) AppleWebKit/537.36 (KHTML, like Gecko) Chrome/96.0.4664.110 Safari/537.36" 
49.7.20.105 - - [01/Jan/2022:08:06:25 -0800] "GET / HTTP/1.1" 200 13148 "-" "Sogou web spider/4.0(+http://www.sogou.com/docs/help/webmasters.htm#07)" 
207.46.13.27 - - [01/Jan/2022:08:17:20 -0800] "GET /maccdc2012/dns.log.gz HTTP/1.1" 200 6607379 "-" "Mozilla/5.0 (compatible; bingbot/2.0; +http://www.bing.com/bingbot.htm)" 
157.55.39.6 - - [01/Jan/2022:08:21:58 -0800] "GET /self.logs/error.log.2017-01-01.gz HTTP/1.1" 200 1106 "-" "Mozilla/5.0 (compatible; bingbot/2.0; +http://www.bing.com/bingbot.htm)" 
51.222.253.7 - - [01/Jan/2022:08:22:08 -0800] "GET /self.logs/2015/access.log.2015-04-08.gz HTTP/1.1" 200 4114 "-" "Mozilla/5.0 (compatible; AhrefsBot/7.0; +http://ahrefs.com/robot/)" 
157.55.39.37 - - [01/Jan/2022:08:24:06 -0800] "GET /self.logs/access.log.2021-02-23.gz HTTP/1.1" 301 543 "-" "Mozilla/5.0 (compatible; bingbot/2.0; +http://www.bing.com/bingbot.htm)" 
51.222.253.6 - - [01/Jan/2022:08:25:50 -0800] "GET /self.logs/2015/access.log.2015-09-12.gz HTTP/1.1" 200 4105 "-" "Mozilla/5.0 (compatible; AhrefsBot/7.0; +http://ahrefs.com/robot/)" 
114.119.149.83 - - [01/Jan/2022:08:28:37 -0800] "GET /self.logs/access.log.2019-11-11.gz HTTP/1.1" 200 29015 "-" "Mozilla/5.0 (Linux; Android 7.0;) AppleWebKit/537.36 (KHTML, like Gecko) Mobile Safari/537.36 (compatible; PetalBot;+https://webmaster.petalsearch.com/site/petalbot)" 
51.222.253.13 - - [01/Jan/2022:08:34:23 -0800] "GET /self.logs/2015/error.log.2015-10-25.gz HTTP/1.1" 200 751 "-" "Mozilla/5.0 (compatible; AhrefsBot/7.0; +http://ahrefs.com/robot/)" 
49.7.20.105 - - [01/Jan/2022:08:39:17 -0800] "GET / HTTP/1.1" 200 13149 "-" "Sogou web spider/4.0(+http://www.sogou.com/docs/help/webmasters.htm#07)" 
51.222.253.17 - - [01/Jan/2022:08:42:15 -0800] "GET /self.logs/2015/access.log.2015-04-14.gz HTTP/1.1" 200 5074 "-" "Mozilla/5.0 (compatible; AhrefsBot/7.0; +http://ahrefs.com/robot/)" 
185.191.171.13 - - [01/Jan/2022:08:43:18 -0800] "GET /robots.txt HTTP/1.1" 200 340 "-" "Mozilla/5.0 (compatible; SemrushBot/7~bl; +http://www.semrush.com/bot.html)" 
185.191.171.7 - - [01/Jan/2022:08:43:18 -0800] "GET /Datasets%20Description/HTML_Bro_log_1/irc.html HTTP/1.1" 200 1744 "-" "Mozilla/5.0 (compatible; SemrushBot/7~bl; +http://www.semrush.com/bot.html)" 
114.119.149.81 - - [01/Jan/2022:08:48:15 -0800] "GET /self.logs/2015/error.log.2015-12-11.gz HTTP/1.1" 200 777 "-" "Mozilla/5.0 (Linux; Android 7.0;) AppleWebKit/537.36 (KHTML, like Gecko) Mobile Safari/537.36 (compatible; PetalBot;+https://webmaster.petalsearch.com/site/petalbot)" 
51.222.253.8 - - [01/Jan/2022:08:48:59 -0800] "GET /self.logs/2015/access.log.2015-03-21.gz HTTP/1.1" 200 2948 "-" "Mozilla/5.0 (compatible; AhrefsBot/7.0; +http://ahrefs.com/robot/)" 
106.13.195.130 - - [01/Jan/2022:08:53:50 -0800] "HEAD /wwwroot.rar HTTP/1.1" 404 265 "-" "Mozilla/4.0 (compatible; MSIE 8.0; Windows NT 6.1; Trident/4.0)" 
106.13.195.130 - - [01/Jan/2022:08:53:50 -0800] "HEAD /wwwroot.zip HTTP/1.1" 404 231 "-" "Mozilla/4.0 (compatible; MSIE 8.0; Windows NT 6.1; Trident/4.0)" 
106.13.195.130 - - [01/Jan/2022:08:53:51 -0800] "HEAD /www.rar HTTP/1.1" 404 231 "-" "Mozilla/4.0 (compatible; MSIE 8.0; Windows NT 6.1; Trident/4.0)" 
106.13.195.130 - - [01/Jan/2022:08:53:51 -0800] "HEAD /www.zip HTTP/1.1" 404 231 "-" "Mozilla/4.0 (compatible; MSIE 8.0; Windows NT 6.1; Trident/4.0)" 
106.13.195.130 - - [01/Jan/2022:08:53:51 -0800] "HEAD /web.rar HTTP/1.1" 404 231 "-" "Mozilla/4.0 (compatible; MSIE 8.0; Windows NT 6.1; Trident/4.0)" 
106.13.195.130 - - [01/Jan/2022:08:53:51 -0800] "HEAD /web.zip HTTP/1.1" 404 231 "-" "Mozilla/4.0 (compatible; MSIE 8.0; Windows NT 6.1; Trident/4.0)" 
106.13.195.130 - - [01/Jan/2022:08:53:52 -0800] "HEAD /www.secrepo.com.rar HTTP/1.1" 404 231 "-" "Mozilla/4.0 (compatible; MSIE 8.0; Windows NT 6.1; Trident/4.0)" 
106.13.195.130 - - [01/Jan/2022:08:53:52 -0800] "HEAD /www.secrepo.com.zip HTTP/1.1" 404 231 "-" "Mozilla/4.0 (compatible; MSIE 8.0; Windows NT 6.1; Trident/4.0)" 
106.13.195.130 - - [01/Jan/2022:08:53:53 -0800] "HEAD /www_secrepo_com.rar HTTP/1.1" 404 231 "-" "Mozilla/4.0 (compatible; MSIE 8.0; Windows NT 6.1; Trident/4.0)" 
106.13.195.130 - - [01/Jan/2022:08:53:53 -0800] "HEAD /www_secrepo_com.zip HTTP/1.1" 404 231 "-" "Mozilla/4.0 (compatible; MSIE 8.0; Windows NT 6.1; Trident/4.0)" 
106.13.195.130 - - [01/Jan/2022:08:53:54 -0800] "HEAD /wwwsecrepocom.rar HTTP/1.1" 404 231 "-" "Mozilla/4.0 (compatible; MSIE 8.0; Windows NT 6.1; Trident/4.0)" 
106.13.195.130 - - [01/Jan/2022:08:53:54 -0800] "HEAD /wwwsecrepocom.zip HTTP/1.1" 404 231 "-" "Mozilla/4.0 (compatible; MSIE 8.0; Windows NT 6.1; Trident/4.0)" 
106.13.195.130 - - [01/Jan/2022:08:53:54 -0800] "HEAD /secrepo.com.rar HTTP/1.1" 404 231 "-" "Mozilla/4.0 (compatible; MSIE 8.0; Windows NT 6.1; Trident/4.0)" 
106.13.195.130 - - [01/Jan/2022:08:53:55 -0800] "HEAD /secrepo.com.zip HTTP/1.1" 404 231 "-" "Mozilla/4.0 (compatible; MSIE 8.0; Windows NT 6.1; Trident/4.0)" 
106.13.195.130 - - [01/Jan/2022:08:53:55 -0800] "HEAD /secrepo.rar HTTP/1.1" 404 231 "-" "Mozilla/4.0 (compatible; MSIE 8.0; Windows NT 6.1; Trident/4.0)" 
106.13.195.130 - - [01/Jan/2022:08:53:56 -0800] "HEAD /secrepo.zip HTTP/1.1" 404 231 "-" "Mozilla/4.0 (compatible; MSIE 8.0; Windows NT 6.1; Trident/4.0)" 
65.108.79.209 - - [01/Jan/2022:08:59:41 -0800] "GET /Datasets%20Description/HTML_Bro_log_3/weird.html HTTP/1.1" 200 1894 "http://www.secrepo.com/Datasets%20Description/HTML_Bro_log_3/" "Mozilla/5.0 (compatible; SEOkicks; +https://www.seokicks.de/robot.html)" 
65.108.79.209 - - [01/Jan/2022:08:59:42 -0800] "GET /self.logs/?C=N;O=D HTTP/1.1" 200 34567 "http://www.secrepo.com/self.logs/" "Mozilla/5.0 (compatible; SEOkicks; +https://www.seokicks.de/robot.html)" 
65.108.79.209 - - [01/Jan/2022:08:59:49 -0800] "GET /self.logs/?C=M;O=A HTTP/1.1" 200 35032 "http://www.secrepo.com/self.logs/" "Mozilla/5.0 (compatible; SEOkicks; +https://www.seokicks.de/robot.html)" 
65.108.79.209 - - [01/Jan/2022:08:59:52 -0800] "GET /self.logs/?C=S;O=A HTTP/1.1" 200 40022 "http://www.secrepo.com/self.logs/" "Mozilla/5.0 (compatible; SEOkicks; +https://www.seokicks.de/robot.html)" 
65.108.79.209 - - [01/Jan/2022:08:59:55 -0800] "GET /self.logs/?C=D;O=A HTTP/1.1" 200 33665 "http://www.secrepo.com/self.logs/" "Mozilla/5.0 (compatible; SEOkicks; +https://www.seokicks.de/robot.html)" 
65.108.79.209 - - [01/Jan/2022:08:59:57 -0800] "GET /self.logs/2015/ HTTP/1.1" 200 7584 "http://www.secrepo.com/self.logs/" "Mozilla/5.0 (compatible; SEOkicks; +https://www.seokicks.de/robot.html)" 
65.108.79.209 - - [01/Jan/2022:09:00:01 -0800] "GET /self.logs/2016/ HTTP/1.1" 200 7823 "http://www.secrepo.com/self.logs/" "Mozilla/5.0 (compatible; SEOkicks; +https://www.seokicks.de/robot.html)" 
65.108.79.209 - - [01/Jan/2022:09:00:06 -0800] "GET /self.logs/access.log.2019-07-15 HTTP/1.1" 200 78840 "http://www.secrepo.com/self.logs/" "Mozilla/5.0 (compatible; SEOkicks; +https://www.seokicks.de/robot.html)" 
65.108.79.209 - - [01/Jan/2022:09:00:07 -0800] "GET /self.logs/access.log.2021-10-28 HTTP/1.1" 200 314 "http://www.secrepo.com/self.logs/" "Mozilla/5.0 (compatible; SEOkicks; +https://www.seokicks.de/robot.html)" 
65.108.79.209 - - [01/Jan/2022:09:00:08 -0800] "GET /self.logs/error.log.2019-07-15 HTTP/1.1" 200 23147 "http://www.secrepo.com/self.logs/" "Mozilla/5.0 (compatible; SEOkicks; +https://www.seokicks.de/robot.html)" 
65.108.79.209 - - [01/Jan/2022:09:00:10 -0800] "GET /self.logs/error.log.2019-08-08 HTTP/1.1" 200 1312 "http://www.secrepo.com/self.logs/" "Mozilla/5.0 (compatible; SEOkicks; +https://www.seokicks.de/robot.html)" 
49.7.20.105 - - [01/Jan/2022:09:11:34 -0800] "GET / HTTP/1.1" 200 13148 "-" "Sogou web spider/4.0(+http://www.sogou.com/docs/help/webmasters.htm#07)" 
51.222.253.18 - - [01/Jan/2022:09:15:10 -0800] "GET /robots.txt HTTP/1.1" 301 439 "-" "Mozilla/5.0 (compatible; AhrefsBot/7.0; +http://ahrefs.com/robot/)" 
51.222.253.18 - - [01/Jan/2022:09:15:10 -0800] "GET /robots.txt HTTP/1.1" 200 333 "-" "Mozilla/5.0 (compatible; AhrefsBot/7.0; +http://ahrefs.com/robot/)" 
157.55.39.206 - - [01/Jan/2022:09:15:30 -0800] "GET /Datasets%20Description/HTML_Bro_log_2/?C=N;O=A HTTP/1.1" 200 832 "-" "Mozilla/5.0 (compatible; bingbot/2.0; +http://www.bing.com/bingbot.htm)" 
106.13.195.130 - - [01/Jan/2022:09:17:20 -0800] "HEAD /wwwroot.rar HTTP/1.1" 404 265 "-" "Mozilla/4.0 (compatible; MSIE 8.0; Windows NT 6.1; Trident/4.0)" 
106.13.195.130 - - [01/Jan/2022:09:17:21 -0800] "HEAD /wwwroot.zip HTTP/1.1" 404 231 "-" "Mozilla/4.0 (compatible; MSIE 8.0; Windows NT 6.1; Trident/4.0)" 
106.13.195.130 - - [01/Jan/2022:09:17:21 -0800] "HEAD /www.rar HTTP/1.1" 404 231 "-" "Mozilla/4.0 (compatible; MSIE 8.0; Windows NT 6.1; Trident/4.0)" 
106.13.195.130 - - [01/Jan/2022:09:17:21 -0800] "HEAD /www.zip HTTP/1.1" 404 231 "-" "Mozilla/4.0 (compatible; MSIE 8.0; Windows NT 6.1; Trident/4.0)" 
106.13.195.130 - - [01/Jan/2022:09:17:22 -0800] "HEAD /web.rar HTTP/1.1" 404 231 "-" "Mozilla/4.0 (compatible; MSIE 8.0; Windows NT 6.1; Trident/4.0)" 
106.13.195.130 - - [01/Jan/2022:09:17:23 -0800] "HEAD /web.zip HTTP/1.1" 404 231 "-" "Mozilla/4.0 (compatible; MSIE 8.0; Windows NT 6.1; Trident/4.0)" 
106.13.195.130 - - [01/Jan/2022:09:17:23 -0800] "HEAD /www.SecRepo.com.rar HTTP/1.1" 404 231 "-" "Mozilla/4.0 (compatible; MSIE 8.0; Windows NT 6.1; Trident/4.0)" 
106.13.195.130 - - [01/Jan/2022:09:17:24 -0800] "HEAD /www.SecRepo.com.zip HTTP/1.1" 404 231 "-" "Mozilla/4.0 (compatible; MSIE 8.0; Windows NT 6.1; Trident/4.0)" 
106.13.195.130 - - [01/Jan/2022:09:17:24 -0800] "HEAD /www_SecRepo_com.rar HTTP/1.1" 404 231 "-" "Mozilla/4.0 (compatible; MSIE 8.0; Windows NT 6.1; Trident/4.0)" 
106.13.195.130 - - [01/Jan/2022:09:17:24 -0800] "HEAD /www_SecRepo_com.zip HTTP/1.1" 404 231 "-" "Mozilla/4.0 (compatible; MSIE 8.0; Windows NT 6.1; Trident/4.0)" 
106.13.195.130 - - [01/Jan/2022:09:17:24 -0800] "HEAD /wwwSecRepocom.rar HTTP/1.1" 404 231 "-" "Mozilla/4.0 (compatible; MSIE 8.0; Windows NT 6.1; Trident/4.0)" 
106.13.195.130 - - [01/Jan/2022:09:17:25 -0800] "HEAD /wwwSecRepocom.zip HTTP/1.1" 404 231 "-" "Mozilla/4.0 (compatible; MSIE 8.0; Windows NT 6.1; Trident/4.0)" 
106.13.195.130 - - [01/Jan/2022:09:17:25 -0800] "HEAD /SecRepo.com.rar HTTP/1.1" 404 231 "-" "Mozilla/4.0 (compatible; MSIE 8.0; Windows NT 6.1; Trident/4.0)" 
106.13.195.130 - - [01/Jan/2022:09:17:25 -0800] "HEAD /SecRepo.com.zip HTTP/1.1" 404 231 "-" "Mozilla/4.0 (compatible; MSIE 8.0; Windows NT 6.1; Trident/4.0)" 
106.13.195.130 - - [01/Jan/2022:09:17:26 -0800] "HEAD /SecRepo.rar HTTP/1.1" 404 231 "-" "Mozilla/4.0 (compatible; MSIE 8.0; Windows NT 6.1; Trident/4.0)" 
106.13.195.130 - - [01/Jan/2022:09:17:27 -0800] "HEAD /SecRepo.zip HTTP/1.1" 404 231 "-" "Mozilla/4.0 (compatible; MSIE 8.0; Windows NT 6.1; Trident/4.0)" 
101.94.248.59 - - [01/Jan/2022:09:26:06 -0800] "GET /honeypot/honeypot.json.zip HTTP/1.1" 200 79200 "https://link.csdn.net/?target=http%3A%2F%2Fwww.secrepo.com%2Fhoneypot%2Fhoneypot.json.zip" "Mozilla/5.0 (Windows NT 10.0; Win64; x64) AppleWebKit/537.36 (KHTML, like Gecko) Chrome/96.0.4664.110 Safari/537.36 Edg/96.0.1054.62" 
101.94.248.59 - - [01/Jan/2022:09:26:11 -0800] "GET /honeypot/honeypot.json.zip HTTP/1.1" 206 1049032 "https://link.csdn.net/?target=http%3A%2F%2Fwww.secrepo.com%2Fhoneypot%2Fhoneypot.json.zip" "Mozilla/5.0 (Windows NT 10.0; Win64; x64) AppleWebKit/537.36 (KHTML, like Gecko) Chrome/67.0.3396.99 Safari/537.36" 
101.94.248.59 - - [01/Jan/2022:09:26:11 -0800] "GET /honeypot/honeypot.json.zip HTTP/1.1" 206 1049032 "https://link.csdn.net/?target=http%3A%2F%2Fwww.secrepo.com%2Fhoneypot%2Fhoneypot.json.zip" "Mozilla/5.0 (Windows NT 10.0; Win64; x64) AppleWebKit/537.36 (KHTML, like Gecko) Chrome/67.0.3396.99 Safari/537.36" 
101.94.248.59 - - [01/Jan/2022:09:26:14 -0800] "GET /honeypot/honeypot.json.zip HTTP/1.1" 206 3421653 "https://link.csdn.net/?target=http%3A%2F%2Fwww.secrepo.com%2Fhoneypot%2Fhoneypot.json.zip" "Mozilla/5.0 (Windows NT 10.0; Win64; x64) AppleWebKit/537.36 (KHTML, like Gecko) Chrome/67.0.3396.99 Safari/537.36" 
101.94.248.59 - - [01/Jan/2022:09:26:11 -0800] "GET /honeypot/honeypot.json.zip HTTP/1.1" 206 1049032 "https://link.csdn.net/?target=http%3A%2F%2Fwww.secrepo.com%2Fhoneypot%2Fhoneypot.json.zip" "Mozilla/5.0 (Windows NT 10.0; Win64; x64) AppleWebKit/537.36 (KHTML, like Gecko) Chrome/67.0.3396.99 Safari/537.36" 
101.94.248.59 - - [01/Jan/2022:09:26:30 -0800] "GET /honeypot/honeypot.json.zip HTTP/1.1" 206 785635 "https://link.csdn.net/?target=http%3A%2F%2Fwww.secrepo.com%2Fhoneypot%2Fhoneypot.json.zip" "Mozilla/5.0 (Windows NT 10.0; Win64; x64) AppleWebKit/537.36 (KHTML, like Gecko) Chrome/67.0.3396.99 Safari/537.36" 
101.94.248.59 - - [01/Jan/2022:09:26:19 -0800] "GET /honeypot/honeypot.json.zip HTTP/1.1" 206 3064694 "https://link.csdn.net/?target=http%3A%2F%2Fwww.secrepo.com%2Fhoneypot%2Fhoneypot.json.zip" "Mozilla/5.0 (Windows NT 10.0; Win64; x64) AppleWebKit/537.36 (KHTML, like Gecko) Chrome/67.0.3396.99 Safari/537.36" 
101.94.248.59 - - [01/Jan/2022:09:26:11 -0800] "GET /honeypot/honeypot.json.zip HTTP/1.1" 206 336960 "https://link.csdn.net/?target=http%3A%2F%2Fwww.secrepo.com%2Fhoneypot%2Fhoneypot.json.zip" "Mozilla/5.0 (Windows NT 10.0; Win64; x64) AppleWebKit/537.36 (KHTML, like Gecko) Chrome/67.0.3396.99 Safari/537.36" 
