192.99.160.200 - - [06/Sep/2021:20:16:49 -0700] "GET /Datasets%20Description/PE_malware/VirusShare.html HTTP/1.1" 200 1607 "-" "Mozilla/5.0 (compatible; MJ12bot/v1.4.8; http://mj12bot.com/)" 
192.99.160.200 - - [06/Sep/2021:20:17:20 -0700] "GET /Datasets%20Description/PE_malware/Zeus.html HTTP/1.1" 301 501 "-" "Mozilla/5.0 (compatible; MJ12bot/v1.4.8; http://mj12bot.com/)" 
192.99.160.200 - - [06/Sep/2021:20:17:34 -0700] "GET /Datasets%20Description/PE_malware/Zeus.html HTTP/1.1" 200 1654 "-" "Mozilla/5.0 (compatible; MJ12bot/v1.4.8; http://mj12bot.com/)" 
192.99.160.200 - - [06/Sep/2021:20:17:51 -0700] "GET /data HTTP/1.1" 301 427 "-" "Mozilla/5.0 (compatible; MJ12bot/v1.4.8; http://mj12bot.com/)" 
192.99.160.200 - - [06/Sep/2021:20:18:10 -0700] "GET /data HTTP/1.1" 404 284 "-" "Mozilla/5.0 (compatible; MJ12bot/v1.4.8; http://mj12bot.com/)" 
37.143.30.194 - - [06/Sep/2021:20:18:19 -0700] "GET /assets/admin/ HTTP/1.1" 301 464 "-" "Mozilla/5.0 (X11; Ubuntu; Linux x86_64; rv:62.0) Gecko/20100101 Firefox/62.0" 
37.143.30.194 - - [06/Sep/2021:20:18:21 -0700] "GET /assets/admin/ HTTP/1.1" 404 291 "http://secrepo.com/assets/admin/" "Mozilla/5.0 (X11; Ubuntu; Linux x86_64; rv:62.0) Gecko/20100101 Firefox/62.0" 
192.99.160.200 - - [06/Sep/2021:20:18:30 -0700] "GET /ftp://download.iwlab.foi.se/dataset/ HTTP/1.1" 301 489 "-" "Mozilla/5.0 (compatible; MJ12bot/v1.4.8; http://mj12bot.com/)" 
192.99.160.200 - - [06/Sep/2021:20:18:52 -0700] "GET /ftp:/download.iwlab.foi.se/dataset/ HTTP/1.1" 404 284 "-" "Mozilla/5.0 (compatible; MJ12bot/v1.4.8; http://mj12bot.com/)" 
192.99.160.200 - - [06/Sep/2021:20:19:15 -0700] "GET /honeypot/BSidesDFW HTTP/1.1" 301 455 "-" "Mozilla/5.0 (compatible; MJ12bot/v1.4.8; http://mj12bot.com/)" 
192.99.160.200 - - [06/Sep/2021:20:19:37 -0700] "GET /honeypot/BSidesDFW HTTP/1.1" 404 284 "-" "Mozilla/5.0 (compatible; MJ12bot/v1.4.8; http://mj12bot.com/)" 
192.99.160.200 - - [06/Sep/2021:20:20:00 -0700] "GET /honeypot/Honeypot HTTP/1.1" 301 453 "-" "Mozilla/5.0 (compatible; MJ12bot/v1.4.8; http://mj12bot.com/)" 
192.99.160.200 - - [06/Sep/2021:20:20:27 -0700] "GET /honeypot/Honeypot HTTP/1.1" 404 284 "-" "Mozilla/5.0 (compatible; MJ12bot/v1.4.8; http://mj12bot.com/)" 
192.99.160.200 - - [06/Sep/2021:20:20:44 -0700] "GET /self.logs/ HTTP/1.1" 301 439 "-" "Mozilla/5.0 (compatible; MJ12bot/v1.4.8; http://mj12bot.com/)" 
192.99.160.200 - - [06/Sep/2021:20:21:05 -0700] "GET /self.logs/ HTTP/1.1" 200 31518 "-" "Mozilla/5.0 (compatible; MJ12bot/v1.4.8; http://mj12bot.com/)" 
192.99.160.200 - - [06/Sep/2021:20:21:26 -0700] "GET /sitemap.xml HTTP/1.1" 301 441 "-" "Mozilla/5.0 (compatible; MJ12bot/v1.4.8; http://mj12bot.com/)" 
192.99.160.200 - - [06/Sep/2021:20:21:54 -0700] "GET /sitemap.xml HTTP/1.1" 404 284 "-" "Mozilla/5.0 (compatible; MJ12bot/v1.4.8; http://mj12bot.com/)" 
192.99.160.200 - - [06/Sep/2021:20:22:13 -0700] "GET /Datasets%20Description/Network/dhcp.html HTTP/1.1" 200 1417 "-" "Mozilla/5.0 (compatible; MJ12bot/v1.4.8; http://mj12bot.com/)" 
192.99.160.200 - - [06/Sep/2021:20:22:37 -0700] "GET /Datasets%20Description/Network/dns.html HTTP/1.1" 200 1499 "-" "Mozilla/5.0 (compatible; MJ12bot/v1.4.8; http://mj12bot.com/)" 
192.99.160.200 - - [06/Sep/2021:20:22:55 -0700] "GET /Datasets%20Description/Network/files.html HTTP/1.1" 200 1488 "-" "Mozilla/5.0 (compatible; MJ12bot/v1.4.8; http://mj12bot.com/)" 
192.99.160.200 - - [06/Sep/2021:20:23:16 -0700] "GET /Datasets%20Description/Network/ftp.html HTTP/1.1" 200 1486 "-" "Mozilla/5.0 (compatible; MJ12bot/v1.4.8; http://mj12bot.com/)" 
192.99.160.200 - - [06/Sep/2021:20:23:35 -0700] "GET /Datasets%20Description/Network/http.html HTTP/1.1" 200 1665 "-" "Mozilla/5.0 (compatible; MJ12bot/v1.4.8; http://mj12bot.com/)" 
192.99.160.200 - - [06/Sep/2021:20:23:47 -0700] "GET /Datasets%20Description/Network/notice.html HTTP/1.1" 200 1606 "-" "Mozilla/5.0 (compatible; MJ12bot/v1.4.8; http://mj12bot.com/)" 
192.99.160.200 - - [06/Sep/2021:20:24:08 -0700] "GET /Datasets%20Description/Network/smtp.html HTTP/1.1" 200 1593 "-" "Mozilla/5.0 (compatible; MJ12bot/v1.4.8; http://mj12bot.com/)" 
192.99.160.200 - - [06/Sep/2021:20:24:28 -0700] "GET /Datasets%20Description/Network/ssh.html HTTP/1.1" 200 1324 "-" "Mozilla/5.0 (compatible; MJ12bot/v1.4.8; http://mj12bot.com/)" 
192.99.160.200 - - [06/Sep/2021:20:24:52 -0700] "GET /Datasets%20Description/Network/ssl.html HTTP/1.1" 200 1541 "-" "Mozilla/5.0 (compatible; MJ12bot/v1.4.8; http://mj12bot.com/)" 
36.112.86.10 - - [06/Sep/2021:20:24:52 -0700] "GET /favicon.ico HTTP/1.1" 304 261 "-" "Mozilla/5.0 (Windows NT 10.0; WOW64) AppleWebKit/537.36 (KHTML, like Gecko) Chrome/86.0.4240.198 Safari/537.36" 
192.99.160.200 - - [06/Sep/2021:20:25:11 -0700] "GET /Datasets%20Description/Network/tunnel.html HTTP/1.1" 200 1426 "-" "Mozilla/5.0 (compatible; MJ12bot/v1.4.8; http://mj12bot.com/)" 
192.99.160.200 - - [06/Sep/2021:20:25:39 -0700] "GET /Datasets%20Description/Network/weird.html HTTP/1.1" 200 1601 "-" "Mozilla/5.0 (compatible; MJ12bot/v1.4.8; http://mj12bot.com/)" 
192.99.160.200 - - [06/Sep/2021:20:25:52 -0700] "GET /Datasets%20Description/PE_malware/OPCleaver.html HTTP/1.1" 200 1414 "-" "Mozilla/5.0 (compatible; MJ12bot/v1.4.8; http://mj12bot.com/)" 
192.99.160.200 - - [06/Sep/2021:20:26:18 -0700] "GET /Datasets%20Description/PE_malware/VirusShare.html HTTP/1.1" 200 1607 "-" "Mozilla/5.0 (compatible; MJ12bot/v1.4.8; http://mj12bot.com/)" 
192.99.160.200 - - [06/Sep/2021:20:26:30 -0700] "GET /Datasets%20Description/PE_malware/Zeus.html HTTP/1.1" 200 1654 "-" "Mozilla/5.0 (compatible; MJ12bot/v1.4.8; http://mj12bot.com/)" 
192.99.160.200 - - [06/Sep/2021:20:26:52 -0700] "GET /self.logs/error.log.2019-09-13 HTTP/1.1" 200 3714 "-" "Mozilla/5.0 (compatible; MJ12bot/v1.4.8; http://mj12bot.com/)" 
192.99.160.200 - - [06/Sep/2021:20:27:19 -0700] "GET /self.logs/error.log.2020-02-22 HTTP/1.1" 200 307 "-" "Mozilla/5.0 (compatible; MJ12bot/v1.4.8; http://mj12bot.com/)" 
192.99.160.200 - - [06/Sep/2021:20:27:37 -0700] "GET /self.logs/error.log.2020-05-08 HTTP/1.1" 200 307 "-" "Mozilla/5.0 (compatible; MJ12bot/v1.4.8; http://mj12bot.com/)" 
192.99.160.200 - - [06/Sep/2021:20:28:00 -0700] "GET /self.logs/error.log.2020-05-10 HTTP/1.1" 200 307 "-" "Mozilla/5.0 (compatible; MJ12bot/v1.4.8; http://mj12bot.com/)" 
192.99.160.200 - - [06/Sep/2021:20:28:17 -0700] "GET /self.logs/error.log.2020-05-12 HTTP/1.1" 200 307 "-" "Mozilla/5.0 (compatible; MJ12bot/v1.4.8; http://mj12bot.com/)" 
66.249.66.159 - - [06/Sep/2021:20:28:20 -0700] "GET /ads.txt HTTP/1.1" 301 489 "-" "Mozilla/5.0 (compatible; Googlebot/2.1; +http://www.google.com/bot.html)" 
192.99.160.200 - - [06/Sep/2021:20:28:35 -0700] "GET /self.logs/error.log.2020-10-17 HTTP/1.1" 200 307 "-" "Mozilla/5.0 (compatible; MJ12bot/v1.4.8; http://mj12bot.com/)" 
192.99.160.200 - - [06/Sep/2021:20:28:57 -0700] "GET /self.logs/error.log.2020-10-18 HTTP/1.1" 200 307 "-" "Mozilla/5.0 (compatible; MJ12bot/v1.4.8; http://mj12bot.com/)" 
222.209.85.215 - - [06/Sep/2021:20:32:16 -0700] "GET /favicon.ico HTTP/1.1" 200 391 "-" "Mozilla/5.0 (Windows NT 10.0; WOW64) AppleWebKit/537.36 (KHTML, like Gecko) Chrome/79.0.3945.79 Safari/537.36" 
186.31.101.226 - - [06/Sep/2021:20:52:48 -0700] "GET /attachments/admin/ HTTP/1.1" 301 511 "-" "Mozilla/5.0 (X11; Ubuntu; Linux x86_64; rv:62.0) Gecko/20100101 Firefox/62.0" 
186.31.101.226 - - [06/Sep/2021:20:52:48 -0700] "GET /attachments/admin/ HTTP/1.1" 404 328 "http://secrepo.com/attachments/admin/" "Mozilla/5.0 (X11; Ubuntu; Linux x86_64; rv:62.0) Gecko/20100101 Firefox/62.0" 
54.162.102.36 - - [06/Sep/2021:21:23:32 -0700] "GET /robots.txt HTTP/1.1" 301 495 "-" "MixnodeCache/1.8(+https://cache.mixnode.com/)" 
54.162.102.36 - - [06/Sep/2021:21:23:32 -0700] "GET /robots.txt HTTP/1.1" 200 377 "-" "MixnodeCache/1.8(+https://cache.mixnode.com/)" 
54.162.102.36 - - [06/Sep/2021:21:23:32 -0700] "GET /ads.txt HTTP/1.1" 301 489 "-" "MixnodeCache/1.8(+https://cache.mixnode.com/)" 
183.185.190.209 - - [06/Sep/2021:21:25:01 -0700] "GET /favicon.ico HTTP/1.1" 200 391 "-" "Mozilla/5.0 (Windows NT 10.0; WOW64) AppleWebKit/537.36 (KHTML, like Gecko) Chrome/86.0.4240.198 Safari/537.36" 
207.46.13.115 - - [06/Sep/2021:21:32:25 -0700] "GET /self.logs/access.log.2021-01-15.gz HTTP/1.1" 200 47549 "-" "Mozilla/5.0 (compatible; bingbot/2.0; +http://www.bing.com/bingbot.htm)" 
114.119.154.13 - - [06/Sep/2021:21:38:30 -0700] "GET /self.logs/access.log.2020-06-02.gz HTTP/1.1" 200 19183 "-" "Mozilla/5.0 (Linux; Android 7.0;) AppleWebKit/537.36 (KHTML, like Gecko) Mobile Safari/537.36 (compatible; PetalBot;+https://webmaster.petalsearch.com/site/petalbot)" 
178.154.193.52 - - [06/Sep/2021:21:43:52 -0700] "GET /auto/admin/ HTTP/1.1" 301 460 "-" "Mozilla/5.0 (X11; Ubuntu; Linux x86_64; rv:62.0) Gecko/20100101 Firefox/62.0" 
178.154.193.52 - - [06/Sep/2021:21:43:53 -0700] "GET /auto/admin/ HTTP/1.1" 404 291 "http://secrepo.com/auto/admin/" "Mozilla/5.0 (X11; Ubuntu; Linux x86_64; rv:62.0) Gecko/20100101 Firefox/62.0" 
95.163.255.54 - - [06/Sep/2021:21:57:11 -0700] "GET /robots.txt HTTP/1.0" 200 340 "-" "Mozilla/5.0 (compatible; Linux x86_64; Mail.RU_Bot/2.0; +http://go.mail.ru/help/robots)" 
95.163.255.52 - - [06/Sep/2021:21:57:12 -0700] "GET /maccdc2012/?C=S;O=A HTTP/1.1" 200 826 "-" "Mozilla/5.0 (compatible; Linux x86_64; Mail.RU_Bot/2.0; +http://go.mail.ru/help/robots)" 
114.119.154.124 - - [06/Sep/2021:21:59:12 -0700] "GET /self.logs/error.log.2018-04-11.gz HTTP/1.1" 200 4537 "-" "Mozilla/5.0 (Linux; Android 7.0;) AppleWebKit/537.36 (KHTML, like Gecko) Mobile Safari/537.36 (compatible; PetalBot;+https://webmaster.petalsearch.com/site/petalbot)" 
103.242.190.62 - - [06/Sep/2021:22:06:02 -0700] "GET /Security-Data-Analysis/Lab_1/conn.log.zip HTTP/1.1" 200 78840 "-" "Mozilla/5.0 (X11; Linux x86_64) AppleWebKit/537.36 (KHTML, like Gecko) Chrome/93.0.4577.63 Safari/537.36" 
186.31.101.226 - - [06/Sep/2021:22:17:17 -0700] "GET /b/admin/ HTTP/1.1" 301 491 "-" "Mozilla/5.0 (X11; Ubuntu; Linux x86_64; rv:62.0) Gecko/20100101 Firefox/62.0" 
186.31.101.226 - - [06/Sep/2021:22:17:18 -0700] "GET /b/admin/ HTTP/1.1" 404 328 "http://secrepo.com/b/admin/" "Mozilla/5.0 (X11; Ubuntu; Linux x86_64; rv:62.0) Gecko/20100101 Firefox/62.0" 
114.119.154.155 - - [06/Sep/2021:22:20:13 -0700] "GET /self.logs/access.log.2020-10-06.gz HTTP/1.1" 200 14793 "-" "Mozilla/5.0 (Linux; Android 7.0;) AppleWebKit/537.36 (KHTML, like Gecko) Mobile Safari/537.36 (compatible; PetalBot;+https://webmaster.petalsearch.com/site/petalbot)" 
88.87.69.75 - - [06/Sep/2021:22:33:49 -0700] "GET /back/admin/ HTTP/1.1" 301 460 "-" "Mozilla/5.0 (X11; Ubuntu; Linux x86_64; rv:62.0) Gecko/20100101 Firefox/62.0" 
88.87.69.75 - - [06/Sep/2021:22:33:50 -0700] "GET /back/admin/ HTTP/1.1" 404 291 "http://secrepo.com/back/admin/" "Mozilla/5.0 (X11; Ubuntu; Linux x86_64; rv:62.0) Gecko/20100101 Firefox/62.0" 
114.119.154.113 - - [06/Sep/2021:22:41:18 -0700] "GET /self.logs/error.log.2020-05-05 HTTP/1.1" 200 351 "-" "Mozilla/5.0 (Linux; Android 7.0;) AppleWebKit/537.36 (KHTML, like Gecko) Mobile Safari/537.36 (compatible; PetalBot;+https://webmaster.petalsearch.com/site/petalbot)" 
188.75.134.126 - - [06/Sep/2021:22:50:20 -0700] "GET /backdoor/admin/ HTTP/1.1" 301 468 "-" "Mozilla/5.0 (X11; Ubuntu; Linux x86_64; rv:62.0) Gecko/20100101 Firefox/62.0" 
188.75.134.126 - - [06/Sep/2021:22:50:21 -0700] "GET /backdoor/admin/ HTTP/1.1" 404 291 "http://secrepo.com/backdoor/admin/" "Mozilla/5.0 (X11; Ubuntu; Linux x86_64; rv:62.0) Gecko/20100101 Firefox/62.0" 
193.150.101.50 - - [06/Sep/2021:23:07:26 -0700] "GET /backend/admin/ HTTP/1.1" 301 466 "-" "Mozilla/5.0 (X11; Ubuntu; Linux x86_64; rv:62.0) Gecko/20100101 Firefox/62.0" 
193.150.101.50 - - [06/Sep/2021:23:07:32 -0700] "GET /backend/admin/ HTTP/1.1" 404 291 "http://secrepo.com/backend/admin/" "Mozilla/5.0 (X11; Ubuntu; Linux x86_64; rv:62.0) Gecko/20100101 Firefox/62.0" 
66.249.66.86 - - [06/Sep/2021:23:22:25 -0700] "GET /robots.txt HTTP/1.1" 200 377 "-" "Mozilla/5.0 (compatible; Googlebot/2.1; +http://www.google.com/bot.html)" 
66.249.66.86 - - [06/Sep/2021:23:22:25 -0700] "GET /maccdc2012/http.log.gz HTTP/1.1" 200 431860 "-" "Mozilla/5.0 (compatible; Googlebot/2.1; +http://www.google.com/bot.html)" 
188.120.241.35 - - [06/Sep/2021:23:24:09 -0700] "GET /backoffice/admin/ HTTP/1.1" 301 472 "-" "Mozilla/5.0 (X11; Ubuntu; Linux x86_64; rv:62.0) Gecko/20100101 Firefox/62.0" 
188.120.241.35 - - [06/Sep/2021:23:24:10 -0700] "GET /backoffice/admin/ HTTP/1.1" 404 291 "http://secrepo.com/backoffice/admin/" "Mozilla/5.0 (X11; Ubuntu; Linux x86_64; rv:62.0) Gecko/20100101 Firefox/62.0" 
51.68.205.164 - - [06/Sep/2021:23:30:56 -0700] "GET /Datasets%20Description/Network/http.html HTTP/1.1" 200 1709 "-" "Mozilla/5.0 (Windows NT 10.0; Win64; x64) AppleWebKit/537.36 (KHTML, like Gecko) Chrome/92.0.4515.159 Safari/537.36" 
51.68.205.164 - - [06/Sep/2021:23:30:56 -0700] "GET /favicon.ico HTTP/1.1" 200 368 "-" "Mozilla/5.0 (Windows NT 10.0; Win64; x64) AppleWebKit/537.36 (KHTML, like Gecko) Chrome/92.0.4515.159 Safari/537.36" 
95.163.255.57 - - [06/Sep/2021:23:32:14 -0700] "GET /robots.txt HTTP/1.0" 200 340 "-" "Mozilla/5.0 (compatible; Linux x86_64; Mail.RU_Bot/2.0; +http://go.mail.ru/help/robots)" 
95.163.255.58 - - [06/Sep/2021:23:32:15 -0700] "GET /Datasets%20Description/HTML_Bro_log_1/conn.html HTTP/1.1" 200 1974 "-" "Mozilla/5.0 (compatible; Linux x86_64; Mail.RU_Bot/2.0; +http://go.mail.ru/help/robots)" 
51.68.205.164 - - [06/Sep/2021:23:31:06 -0700] "GET /maccdc2012/http.log.gz HTTP/1.1" 200 56420988 "-" "Mozilla/5.0 (Windows NT 10.0; Win64; x64) AppleWebKit/537.36 (KHTML, like Gecko) Chrome/92.0.4515.159 Safari/537.36" 
51.68.205.164 - - [06/Sep/2021:23:34:46 -0700] "GET /maccdc2012/http.log.gz HTTP/1.1" 200 56420988 "-" "Mozilla/5.0 (Windows NT 10.0; Win64; x64) AppleWebKit/537.36 (KHTML, like Gecko) Chrome/92.0.4515.159 Safari/537.36" 
1.80.36.51 - - [06/Sep/2021:23:39:01 -0700] "GET / HTTP/1.1" 200 12883 "-" "Mozilla/5.0 (Windows NT 6.1; Win64; x64) AppleWebKit/537.36 (KHTML, like Gecko) Chrome/93.0.4577.63 Safari/537.36" 
1.80.36.51 - - [06/Sep/2021:23:39:01 -0700] "GET /css/style.css HTTP/1.1" 404 328 "http://www.secrepo.com/" "Mozilla/5.0 (Windows NT 6.1; Win64; x64) AppleWebKit/537.36 (KHTML, like Gecko) Chrome/93.0.4577.63 Safari/537.36" 
1.80.36.51 - - [06/Sep/2021:23:39:03 -0700] "GET /GitHub-Mark.png HTTP/1.1" 200 7556 "http://www.secrepo.com/" "Mozilla/5.0 (Windows NT 6.1; Win64; x64) AppleWebKit/537.36 (KHTML, like Gecko) Chrome/93.0.4577.63 Safari/537.36" 
1.80.36.51 - - [06/Sep/2021:23:39:03 -0700] "GET /twitter-icon.png HTTP/1.1" 200 27893 "http://www.secrepo.com/" "Mozilla/5.0 (Windows NT 6.1; Win64; x64) AppleWebKit/537.36 (KHTML, like Gecko) Chrome/93.0.4577.63 Safari/537.36" 
51.68.205.164 - - [06/Sep/2021:23:38:35 -0700] "GET /maccdc2012/http.log.gz HTTP/1.1" 200 56420988 "-" "Mozilla/5.0 (Windows NT 10.0; Win64; x64) AppleWebKit/537.36 (KHTML, like Gecko) Chrome/92.0.4515.159 Safari/537.36" 
213.108.129.240 - - [06/Sep/2021:23:41:05 -0700] "GET /backup/admin/ HTTP/1.1" 301 464 "-" "Mozilla/5.0 (X11; Ubuntu; Linux x86_64; rv:62.0) Gecko/20100101 Firefox/62.0" 
213.108.129.240 - - [06/Sep/2021:23:41:06 -0700] "GET /backup/admin/ HTTP/1.1" 404 291 "http://secrepo.com/backup/admin/" "Mozilla/5.0 (X11; Ubuntu; Linux x86_64; rv:62.0) Gecko/20100101 Firefox/62.0" 
51.68.205.164 - - [06/Sep/2021:23:42:02 -0700] "GET /maccdc2012/http.log.gz HTTP/1.1" 200 56420988 "-" "Mozilla/5.0 (Windows NT 10.0; Win64; x64) AppleWebKit/537.36 (KHTML, like Gecko) Chrome/92.0.4515.159 Safari/537.36" 
188.75.134.126 - - [06/Sep/2021:23:57:52 -0700] "GET /back-up/admin/ HTTP/1.1" 301 466 "-" "Mozilla/5.0 (X11; Ubuntu; Linux x86_64; rv:62.0) Gecko/20100101 Firefox/62.0" 
188.75.134.126 - - [06/Sep/2021:23:57:52 -0700] "GET /back-up/admin/ HTTP/1.1" 404 291 "http://secrepo.com/back-up/admin/" "Mozilla/5.0 (X11; Ubuntu; Linux x86_64; rv:62.0) Gecko/20100101 Firefox/62.0" 
66.231.185.78 - - [07/Sep/2021:00:01:30 -0700] "GET / HTTP/1.1" 200 12842 "-" "Mozilla/5.0 (compatible; MixrankBot; crawler@mixrank.com)" 
66.231.185.78 - - [07/Sep/2021:00:01:31 -0700] "GET /maccdc2012/conn.log.gz HTTP/1.1" 301 482 "-" "Mozilla/5.0 (compatible; MixrankBot; crawler@mixrank.com)" 
66.231.185.78 - - [07/Sep/2021:00:01:34 -0700] "GET /maccdc2012/conn.log.gz HTTP/1.1" 200 6009360 "-" "Mozilla/5.0 (compatible; MixrankBot; crawler@mixrank.com)" 
66.231.185.78 - - [07/Sep/2021:00:02:17 -0700] "GET /self.logs/ HTTP/1.1" 301 458 "-" "Mozilla/5.0 (compatible; MixrankBot; crawler@mixrank.com)" 
66.231.185.78 - - [07/Sep/2021:00:02:17 -0700] "GET /self.logs/ HTTP/1.1" 200 31525 "-" "Mozilla/5.0 (compatible; MixrankBot; crawler@mixrank.com)" 
66.231.185.78 - - [07/Sep/2021:00:02:20 -0700] "GET /maccdc2012/ssh.log.gz HTTP/1.1" 301 480 "-" "Mozilla/5.0 (compatible; MixrankBot; crawler@mixrank.com)" 
66.231.185.78 - - [07/Sep/2021:00:02:24 -0700] "GET /maccdc2012/ssh.log.gz HTTP/1.1" 200 182530 "-" "Mozilla/5.0 (compatible; MixrankBot; crawler@mixrank.com)" 
66.231.185.78 - - [07/Sep/2021:00:02:35 -0700] "GET /maccdc2012/maccdc2012_full_alert.7z HTTP/1.1" 301 508 "-" "Mozilla/5.0 (compatible; MixrankBot; crawler@mixrank.com)" 
123.125.109.112 - - [07/Sep/2021:00:03:03 -0700] "GET / HTTP/1.1" 301 438 "-" "Sogou web spider/4.0(+http://www.sogou.com/docs/help/webmasters.htm#07)" 
66.231.185.78 - - [07/Sep/2021:00:02:45 -0700] "GET /maccdc2012/maccdc2012_full_alert.7z HTTP/1.1" 200 24443320 "-" "Mozilla/5.0 (compatible; MixrankBot; crawler@mixrank.com)" 
66.231.185.78 - - [07/Sep/2021:00:03:13 -0700] "GET /https://s3-us-west-1.amazonaws.com/umbrella-static/index.html HTTP/1.1" 301 558 "-" "Mozilla/5.0 (compatible; MixrankBot; crawler@mixrank.com)" 
66.231.185.78 - - [07/Sep/2021:00:03:14 -0700] "GET /https:/s3-us-west-1.amazonaws.com/umbrella-static/index.html HTTP/1.1" 404 291 "-" "Mozilla/5.0 (compatible; MixrankBot; crawler@mixrank.com)" 
66.231.185.78 - - [07/Sep/2021:00:03:30 -0700] "GET /honeypot/BSidesDFW HTTP/1.1" 301 474 "-" "Mozilla/5.0 (compatible; MixrankBot; crawler@mixrank.com)" 
66.231.185.78 - - [07/Sep/2021:00:03:31 -0700] "GET /honeypot/BSidesDFW HTTP/1.1" 404 291 "-" "Mozilla/5.0 (compatible; MixrankBot; crawler@mixrank.com)" 
66.231.185.78 - - [07/Sep/2021:00:03:31 -0700] "GET /maccdc2012/dhcp.log.gz HTTP/1.1" 301 482 "-" "Mozilla/5.0 (compatible; MixrankBot; crawler@mixrank.com)" 
66.231.185.78 - - [07/Sep/2021:00:03:32 -0700] "GET /maccdc2012/dhcp.log.gz HTTP/1.1" 200 44940 "-" "Mozilla/5.0 (compatible; MixrankBot; crawler@mixrank.com)" 
66.231.185.78 - - [07/Sep/2021:00:03:39 -0700] "GET /Security-Data-Analysis/Lab_1/conn.log.zip HTTP/1.1" 301 520 "-" "Mozilla/5.0 (compatible; MixrankBot; crawler@mixrank.com)" 
66.231.185.78 - - [07/Sep/2021:00:03:39 -0700] "GET /Security-Data-Analysis/Lab_1/conn.log.zip HTTP/1.1" 200 11685840 "-" "Mozilla/5.0 (compatible; MixrankBot; crawler@mixrank.com)" 
66.231.185.78 - - [07/Sep/2021:00:04:13 -0700] "GET /pe_static/apt1.zip HTTP/1.1" 301 474 "-" "Mozilla/5.0 (compatible; MixrankBot; crawler@mixrank.com)" 
66.231.185.78 - - [07/Sep/2021:00:04:13 -0700] "GET /pe_static/apt1.zip HTTP/1.1" 200 1983402 "-" "Mozilla/5.0 (compatible; MixrankBot; crawler@mixrank.com)" 
66.231.185.78 - - [07/Sep/2021:00:04:24 -0700] "GET /maccdc2012/ftp.log.gz HTTP/1.1" 301 480 "-" "Mozilla/5.0 (compatible; MixrankBot; crawler@mixrank.com)" 
66.231.185.78 - - [07/Sep/2021:00:04:24 -0700] "GET /maccdc2012/ftp.log.gz HTTP/1.1" 200 127724 "-" "Mozilla/5.0 (compatible; MixrankBot; crawler@mixrank.com)" 
123.125.109.112 - - [07/Sep/2021:00:10:10 -0700] "GET / HTTP/1.1" 200 12842 "-" "Sogou web spider/4.0(+http://www.sogou.com/docs/help/webmasters.htm#07)" 
194.87.155.196 - - [07/Sep/2021:00:14:41 -0700] "GET /backups/admin/ HTTP/1.1" 301 466 "-" "Mozilla/5.0 (X11; Ubuntu; Linux x86_64; rv:62.0) Gecko/20100101 Firefox/62.0" 
194.87.155.196 - - [07/Sep/2021:00:14:42 -0700] "GET /backups/admin/ HTTP/1.1" 404 291 "http://secrepo.com/backups/admin/" "Mozilla/5.0 (X11; Ubuntu; Linux x86_64; rv:62.0) Gecko/20100101 Firefox/62.0" 
207.46.13.115 - - [07/Sep/2021:00:15:22 -0700] "GET /self.logs/access.log.2017-09-07.gz HTTP/1.1" 200 24733 "-" "Mozilla/5.0 (compatible; bingbot/2.0; +http://www.bing.com/bingbot.htm)" 
40.77.167.39 - - [07/Sep/2021:00:17:03 -0700] "GET /self.logs/error.log.2020-04-05.gz HTTP/1.1" 301 541 "-" "Mozilla/5.0 (compatible; bingbot/2.0; +http://www.bing.com/bingbot.htm)" 
157.55.39.160 - - [07/Sep/2021:00:18:28 -0700] "GET /self.logs/error.log.2020-08-27 HTTP/1.1" 301 535 "-" "Mozilla/5.0 (compatible; bingbot/2.0; +http://www.bing.com/bingbot.htm)" 
118.184.177.111 - - [07/Sep/2021:00:28:50 -0700] "GET / HTTP/1.1" 301 438 "-" "Sogou web spider/4.0(+http://www.sogou.com/docs/help/webmasters.htm#07)" 
87.228.103.123 - - [07/Sep/2021:00:29:52 -0700] "GET /bak/admin/ HTTP/1.1" 301 458 "-" "Mozilla/5.0 (X11; Ubuntu; Linux x86_64; rv:62.0) Gecko/20100101 Firefox/62.0" 
87.228.103.123 - - [07/Sep/2021:00:29:52 -0700] "GET /bak/admin/ HTTP/1.1" 404 291 "http://secrepo.com/bak/admin/" "Mozilla/5.0 (X11; Ubuntu; Linux x86_64; rv:62.0) Gecko/20100101 Firefox/62.0" 
118.184.177.111 - - [07/Sep/2021:00:31:39 -0700] "GET / HTTP/1.1" 200 12845 "-" "Sogou web spider/4.0(+http://www.sogou.com/docs/help/webmasters.htm#07)" 
114.119.154.14 - - [07/Sep/2021:00:33:23 -0700] "GET /self.logs/access.log.2020-12-12.gz HTTP/1.1" 200 31075 "-" "Mozilla/5.0 (Linux; Android 7.0;) AppleWebKit/537.36 (KHTML, like Gecko) Mobile Safari/537.36 (compatible; PetalBot;+https://webmaster.petalsearch.com/site/petalbot)" 
123.125.109.112 - - [07/Sep/2021:00:42:13 -0700] "GET / HTTP/1.1" 200 12845 "-" "Sogou web spider/4.0(+http://www.sogou.com/docs/help/webmasters.htm#07)" 
123.183.224.116 - - [07/Sep/2021:00:43:24 -0700] "GET / HTTP/1.1" 301 438 "-" "Sogou web spider/4.0(+http://www.sogou.com/docs/help/webmasters.htm#07)" 
123.183.224.116 - - [07/Sep/2021:00:49:50 -0700] "GET / HTTP/1.1" 200 12845 "-" "Sogou web spider/4.0(+http://www.sogou.com/docs/help/webmasters.htm#07)" 
113.199.160.110 - - [07/Sep/2021:00:54:46 -0700] "GET /self.logs/ HTTP/1.1" 200 31562 "https://www.google.com/" "Mozilla/5.0 (X11; Linux x86_64) AppleWebKit/537.36 (KHTML, like Gecko) Chrome/90.0.4430.212 Safari/537.36" 
113.199.160.110 - - [07/Sep/2021:00:54:48 -0700] "GET /favicon.ico HTTP/1.1" 200 368 "http://www.secrepo.com/self.logs/" "Mozilla/5.0 (X11; Linux x86_64) AppleWebKit/537.36 (KHTML, like Gecko) Chrome/90.0.4430.212 Safari/537.36" 
66.249.66.85 - - [07/Sep/2021:00:56:39 -0700] "GET /Datasets%20Description/PE_malware/OPCleaver.html HTTP/1.1" 200 1458 "-" "Mozilla/5.0 (compatible; Googlebot/2.1; +http://www.google.com/bot.html)" 
114.119.154.135 - - [07/Sep/2021:00:56:57 -0700] "GET /self.logs/error.log.2017-04-02.gz HTTP/1.1" 200 2302 "-" "Mozilla/5.0 (Linux; Android 7.0;) AppleWebKit/537.36 (KHTML, like Gecko) Mobile Safari/537.36 (compatible; PetalBot;+https://webmaster.petalsearch.com/site/petalbot)" 
157.55.39.160 - - [07/Sep/2021:00:57:52 -0700] "GET /self.logs/access.log.2020-10-11.gz HTTP/1.1" 200 15737 "-" "Mozilla/5.0 (compatible; bingbot/2.0; +http://www.bing.com/bingbot.htm)" 
83.69.219.254 - - [07/Sep/2021:01:01:18 -0700] "GET /bak-up/admin/ HTTP/1.1" 301 464 "-" "Mozilla/5.0 (X11; Ubuntu; Linux x86_64; rv:62.0) Gecko/20100101 Firefox/62.0" 
17.121.114.226 - - [07/Sep/2021:01:06:50 -0700] "GET /robots.txt HTTP/1.1" 200 333 "-" "Mozilla/5.0 (Macintosh; Intel Mac OS X 10_15_5) AppleWebKit/605.1.15 (KHTML, like Gecko) Version/13.1.1 Safari/605.1.15 (Applebot/0.1; +http://www.apple.com/go/applebot)" 
17.121.114.226 - - [07/Sep/2021:01:06:50 -0700] "GET /self.logs/error.log.2020-03-04 HTTP/1.1" 200 273 "-" "Mozilla/5.0 (Macintosh; Intel Mac OS X 10_15_5) AppleWebKit/605.1.15 (KHTML, like Gecko) Version/13.1.1 Safari/605.1.15 (Applebot/0.1; +http://www.apple.com/go/applebot)" 
213.108.129.241 - - [07/Sep/2021:01:10:56 -0700] "GET /bank/admin/ HTTP/1.1" 301 460 "-" "Mozilla/5.0 (X11; Ubuntu; Linux x86_64; rv:62.0) Gecko/20100101 Firefox/62.0" 
213.108.129.241 - - [07/Sep/2021:01:10:56 -0700] "GET /bank/admin/ HTTP/1.1" 404 291 "http://secrepo.com/bank/admin/" "Mozilla/5.0 (X11; Ubuntu; Linux x86_64; rv:62.0) Gecko/20100101 Firefox/62.0" 
95.163.255.58 - - [07/Sep/2021:01:11:35 -0700] "GET /robots.txt HTTP/1.0" 200 340 "-" "Mozilla/5.0 (compatible; Linux x86_64; Mail.RU_Bot/2.0; +http://go.mail.ru/help/robots)" 
95.163.255.54 - - [07/Sep/2021:01:11:36 -0700] "GET /Datasets%20Description/Network/notice.html HTTP/1.1" 200 1613 "-" "Mozilla/5.0 (compatible; Linux x86_64; Mail.RU_Bot/2.0; +http://go.mail.ru/help/robots)" 
17.121.114.3 - - [07/Sep/2021:01:19:23 -0700] "GET /self.logs/error.log.2020-05-25 HTTP/1.1" 200 307 "-" "Mozilla/5.0 (Macintosh; Intel Mac OS X 10_15_5) AppleWebKit/605.1.15 (KHTML, like Gecko) Version/13.1.1 Safari/605.1.15 (Applebot/0.1; +http://www.apple.com/go/applebot)" 
114.119.154.155 - - [07/Sep/2021:01:21:00 -0700] "GET /self.logs/error.log.2017-09-05.gz HTTP/1.1" 200 1030 "-" "Mozilla/5.0 (Linux; Android 7.0;) AppleWebKit/537.36 (KHTML, like Gecko) Mobile Safari/537.36 (compatible; PetalBot;+https://webmaster.petalsearch.com/site/petalbot)" 
2.85.239.5 - - [07/Sep/2021:01:21:52 -0700] "GET / HTTP/1.1" 200 12882 "-" "Mozilla/5.0 (X11; Linux x86_64; rv:91.0) Gecko/20100101 Firefox/91.0" 
2.85.239.5 - - [07/Sep/2021:01:21:52 -0700] "GET /css/style.css HTTP/1.1" 404 305 "http://www.secrepo.com/" "Mozilla/5.0 (X11; Linux x86_64; rv:91.0) Gecko/20100101 Firefox/91.0" 
2.85.239.5 - - [07/Sep/2021:01:21:52 -0700] "GET /GitHub-Mark.png HTTP/1.1" 200 7556 "http://www.secrepo.com/" "Mozilla/5.0 (X11; Linux x86_64; rv:91.0) Gecko/20100101 Firefox/91.0" 
2.85.239.5 - - [07/Sep/2021:01:21:52 -0700] "GET /bootstrap/img/favicon.ico HTTP/1.1" 200 690 "http://www.secrepo.com/" "Mozilla/5.0 (X11; Linux x86_64; rv:91.0) Gecko/20100101 Firefox/91.0" 
207.46.13.115 - - [07/Sep/2021:01:35:59 -0700] "GET /self.logs/error.log.2017-03-06.gz HTTP/1.1" 200 932 "-" "Mozilla/5.0 (compatible; bingbot/2.0; +http://www.bing.com/bingbot.htm)" 
68.235.33.114 - - [07/Sep/2021:01:36:37 -0700] "GET /honeypot/Honeypot%20-%20Howto.pdf HTTP/1.1" 200 1279529 "http://www.secrepo.com/honeypot/Honeypot%20-%20Howto.pdf" "Mozilla/5.0 (Windows NT 10.0; WOW64; Rv:50.0) Gecko/20100101 Firefox/50.0" 
17.121.114.238 - - [07/Sep/2021:02:02:51 -0700] "GET /self.logs/error.log.2020-02-22 HTTP/1.1" 200 307 "-" "Mozilla/5.0 (Macintosh; Intel Mac OS X 10_15_5) AppleWebKit/605.1.15 (KHTML, like Gecko) Version/13.1.1 Safari/605.1.15 (Applebot/0.1; +http://www.apple.com/go/applebot)" 
114.119.154.155 - - [07/Sep/2021:02:11:39 -0700] "GET /self.logs/error.log.2019-09-21.gz HTTP/1.1" 200 2929 "-" "Mozilla/5.0 (Linux; Android 7.0;) AppleWebKit/537.36 (KHTML, like Gecko) Mobile Safari/537.36 (compatible; PetalBot;+https://webmaster.petalsearch.com/site/petalbot)" 
