59.61.78.226 - - [22/Dec/2019:17:20:40 -0800] "GET /bootstrap/img/favicon.ico HTTP/1.1" 200 624 "http://www.secrepo.com/" "Mozilla/5.0 (Windows NT 10.0; WOW64) AppleWebKit/537.36 (KHTML, like Gecko) Chrome/78.0.3904.108 Safari/537.36" 
58.246.221.61 - - [22/Dec/2019:17:23:01 -0800] "GET / HTTP/1.1" 200 47355 "-" "Mozilla/5.0 (Windows NT 6.1; WOW64) AppleWebKit/537.36 (KHTML, like Gecko) Chrome/45.0.2454.101 Safari/537.36" 
202.12.95.227 - - [22/Dec/2019:17:24:06 -0800] "GET / HTTP/1.1" 301 475 "-" "Mozilla/5.0 (Windows NT 10.0; Win64; x64) AppleWebKit/537.36 (KHTML, like Gecko) Chrome/79.0.3945.88 Safari/537.36" 
202.12.95.227 - - [22/Dec/2019:17:24:07 -0800] "GET / HTTP/1.1" 200 47355 "-" "Mozilla/4.0 (compatible;)" 
202.12.95.227 - - [22/Dec/2019:17:24:07 -0800] "GET /css/style.css HTTP/1.1" 404 294 "-" "Mozilla/4.0 (compatible;)" 
202.12.95.227 - - [22/Dec/2019:17:24:07 -0800] "GET /bootstrap/img/favicon.ico HTTP/1.1" 200 624 "-" "Mozilla/4.0 (compatible;)" 
202.12.95.227 - - [22/Dec/2019:17:24:08 -0800] "GET /GitHub-Mark.png HTTP/1.1" 304 165 "http://www.secrepo.com/" "Mozilla/5.0 (Windows NT 10.0; Win64; x64) AppleWebKit/537.36 (KHTML, like Gecko) Chrome/79.0.3945.88 Safari/537.36" 
202.12.95.227 - - [22/Dec/2019:17:24:08 -0800] "GET /css/style.css HTTP/1.1" 404 271 "http://www.secrepo.com/" "Mozilla/5.0 (Windows NT 10.0; Win64; x64) AppleWebKit/537.36 (KHTML, like Gecko) Chrome/79.0.3945.88 Safari/537.36" 
202.12.95.227 - - [22/Dec/2019:17:24:08 -0800] "GET /twitter-icon.png HTTP/1.1" 304 165 "http://www.secrepo.com/" "Mozilla/5.0 (Windows NT 10.0; Win64; x64) AppleWebKit/537.36 (KHTML, like Gecko) Chrome/79.0.3945.88 Safari/537.36" 
207.46.13.14 - - [22/Dec/2019:17:24:30 -0800] "GET /Datasets%20Description/HTML_Bro_log_1/loaded_scripts.html HTTP/1.1" 200 1464 "-" "Mozilla/5.0 (compatible; bingbot/2.0; +http://www.bing.com/bingbot.htm)" 
202.12.95.227 - - [22/Dec/2019:17:24:31 -0800] "GET /Datasets%20Description/PE_malware/Zeus.html HTTP/1.1" 200 4571 "http://www.secrepo.com/" "Mozilla/5.0 (Windows NT 10.0; Win64; x64) AppleWebKit/537.36 (KHTML, like Gecko) Chrome/79.0.3945.88 Safari/537.36" 
202.12.95.227 - - [22/Dec/2019:17:24:35 -0800] "GET /Datasets%20Description/PE_malware/VirusShare.html HTTP/1.1" 200 4589 "http://www.secrepo.com/" "Mozilla/5.0 (Windows NT 10.0; Win64; x64) AppleWebKit/537.36 (KHTML, like Gecko) Chrome/79.0.3945.88 Safari/537.36" 
106.120.173.109 - - [22/Dec/2019:17:40:04 -0800] "GET /robots.txt HTTP/1.1" 200 251 "-" "Sogou web spider/4.0(+http://www.sogou.com/docs/help/webmasters.htm#07)" 
106.120.173.109 - - [22/Dec/2019:17:40:04 -0800] "GET / HTTP/1.1" 200 12623 "-" "Sogou web spider/4.0(+http://www.sogou.com/docs/help/webmasters.htm#07)" 
106.120.173.154 - - [22/Dec/2019:17:40:09 -0800] "GET /css/style.css HTTP/1.1" 404 257 "-" "Mozilla/4.0 (compatible; MSIE 7.0; Windows NT 6.0; Trident/4.0)" 
40.77.167.125 - - [22/Dec/2019:17:43:13 -0800] "GET /self.logs/error.log.2019-07-29.gz HTTP/1.1" 200 1420 "-" "Mozilla/5.0 (compatible; bingbot/2.0; +http://www.bing.com/bingbot.htm)" 
207.46.13.196 - - [22/Dec/2019:18:00:02 -0800] "GET /self.logs/access.log.2018-01-19.gz HTTP/1.1" 301 543 "-" "Mozilla/5.0 (compatible; bingbot/2.0; +http://www.bing.com/bingbot.htm)" 
120.236.174.167 - - [22/Dec/2019:18:00:47 -0800] "GET / HTTP/1.1" 200 12661 "-" "Mozilla/5.0 (Windows NT 10.0; Win64; x64) AppleWebKit/537.36 (KHTML, like Gecko) Chrome/79.0.3945.88 Safari/537.36" 
120.236.174.167 - - [22/Dec/2019:18:00:47 -0800] "GET /twitter-icon.png HTTP/1.1" 200 27810 "http://www.secrepo.com/" "Mozilla/5.0 (Windows NT 10.0; Win64; x64) AppleWebKit/537.36 (KHTML, like Gecko) Chrome/79.0.3945.88 Safari/537.36" 
120.236.174.167 - - [22/Dec/2019:18:00:47 -0800] "GET /css/style.css HTTP/1.1" 404 271 "http://www.secrepo.com/" "Mozilla/5.0 (Windows NT 10.0; Win64; x64) AppleWebKit/537.36 (KHTML, like Gecko) Chrome/79.0.3945.88 Safari/537.36" 
120.236.174.167 - - [22/Dec/2019:18:00:47 -0800] "GET /GitHub-Mark.png HTTP/1.1" 200 7450 "http://www.secrepo.com/" "Mozilla/5.0 (Windows NT 10.0; Win64; x64) AppleWebKit/537.36 (KHTML, like Gecko) Chrome/79.0.3945.88 Safari/537.36" 
120.236.174.167 - - [22/Dec/2019:18:00:59 -0800] "GET /Datasets%20Description/Network/http.html HTTP/1.1" 200 1630 "http://www.secrepo.com/" "Mozilla/5.0 (Windows NT 10.0; Win64; x64) AppleWebKit/537.36 (KHTML, like Gecko) Chrome/79.0.3945.88 Safari/537.36" 
120.236.174.167 - - [22/Dec/2019:18:01:00 -0800] "GET /favicon.ico HTTP/1.1" 200 279 "http://www.secrepo.com/Datasets%20Description/Network/http.html" "Mozilla/5.0 (Windows NT 10.0; Win64; x64) AppleWebKit/537.36 (KHTML, like Gecko) Chrome/79.0.3945.88 Safari/537.36" 
120.236.174.167 - - [22/Dec/2019:18:01:31 -0800] "GET /bootstrap/img/favicon.ico HTTP/1.1" 200 624 "http://www.secrepo.com/" "Mozilla/5.0 (Windows NT 10.0; Win64; x64) AppleWebKit/537.36 (KHTML, like Gecko) Chrome/79.0.3945.88 Safari/537.36" 
113.171.224.176 - - [22/Dec/2019:18:07:16 -0800] "GET /honeypot/Honeypot%20-%20Howto.pdf HTTP/1.1" 200 61320 "-" "Mozilla/5.0 Gecko/20100115 Firefox/3.6" 
207.46.13.14 - - [22/Dec/2019:18:13:28 -0800] "GET /self.logs/access.log.2017-08-28.gz HTTP/1.1" 200 23242 "-" "Mozilla/5.0 (compatible; bingbot/2.0; +http://www.bing.com/bingbot.htm)" 
140.116.72.37 - - [22/Dec/2019:18:13:38 -0800] "GET / HTTP/1.1" 200 12661 "-" "Mozilla/5.0 (Windows NT 10.0; Win64; x64) AppleWebKit/537.36 (KHTML, like Gecko) Chrome/79.0.3945.88 Safari/537.36" 
140.116.72.37 - - [22/Dec/2019:18:13:38 -0800] "GET /twitter-icon.png HTTP/1.1" 200 27810 "http://www.secrepo.com/" "Mozilla/5.0 (Windows NT 10.0; Win64; x64) AppleWebKit/537.36 (KHTML, like Gecko) Chrome/79.0.3945.88 Safari/537.36" 
140.116.72.37 - - [22/Dec/2019:18:13:38 -0800] "GET /css/style.css HTTP/1.1" 404 271 "http://www.secrepo.com/" "Mozilla/5.0 (Windows NT 10.0; Win64; x64) AppleWebKit/537.36 (KHTML, like Gecko) Chrome/79.0.3945.88 Safari/537.36" 
140.116.72.37 - - [22/Dec/2019:18:13:39 -0800] "GET /GitHub-Mark.png HTTP/1.1" 200 7427 "http://www.secrepo.com/" "Mozilla/5.0 (Windows NT 10.0; Win64; x64) AppleWebKit/537.36 (KHTML, like Gecko) Chrome/79.0.3945.88 Safari/537.36" 
140.116.72.37 - - [22/Dec/2019:18:13:39 -0800] "GET /bootstrap/img/favicon.ico HTTP/1.1" 200 601 "http://www.secrepo.com/" "Mozilla/5.0 (Windows NT 10.0; Win64; x64) AppleWebKit/537.36 (KHTML, like Gecko) Chrome/79.0.3945.88 Safari/537.36" 
199.58.86.209 - - [22/Dec/2019:18:20:36 -0800] "GET /robots.txt HTTP/1.1" 200 288 "-" "Mozilla/5.0 (compatible; MJ12bot/v1.4.8; http://mj12bot.com/)" 
199.58.86.209 - - [22/Dec/2019:18:20:38 -0800] "GET / HTTP/1.1" 200 12581 "-" "Mozilla/5.0 (compatible; MJ12bot/v1.4.8; http://mj12bot.com/)" 
58.192.113.99 - - [22/Dec/2019:18:23:19 -0800] "GET / HTTP/1.1" 200 12659 "-" "Mozilla/5.0 (Windows NT 10.0; WOW64) AppleWebKit/537.36 (KHTML, like Gecko) Chrome/65.0.3314.0 Safari/537.36 SE 2.X MetaSr 1.0" 
58.192.113.99 - - [22/Dec/2019:18:23:20 -0800] "GET /css/style.css HTTP/1.1" 404 294 "http://www.secrepo.com/" "Mozilla/5.0 (Windows NT 10.0; WOW64) AppleWebKit/537.36 (KHTML, like Gecko) Chrome/65.0.3314.0 Safari/537.36 SE 2.X MetaSr 1.0" 
58.192.113.99 - - [22/Dec/2019:18:23:47 -0800] "GET /favicon.ico HTTP/1.1" 200 302 "-" "Mozilla/5.0 (Windows NT 10.0; WOW64) AppleWebKit/537.36 (KHTML, like Gecko) Chrome/65.0.3314.0 Safari/537.36 SE 2.X MetaSr 1.0" 
52.212.146.96 - - [22/Dec/2019:18:30:02 -0800] "GET /self.logs/access.log.2019-12-16.gz HTTP/1.1" 200 19777 "-" "python-requests/2.12.1" 
52.212.146.96 - - [22/Dec/2019:18:30:03 -0800] "GET /self.logs/access.log.2019-12-17.gz HTTP/1.1" 200 15342 "-" "python-requests/2.12.1" 
52.212.146.96 - - [22/Dec/2019:18:30:03 -0800] "GET /self.logs/access.log.2019-12-18.gz HTTP/1.1" 200 18754 "-" "python-requests/2.12.1" 
52.212.146.96 - - [22/Dec/2019:18:30:03 -0800] "GET /self.logs/access.log.2019-12-19.gz HTTP/1.1" 200 19800 "-" "python-requests/2.12.1" 
52.212.146.96 - - [22/Dec/2019:18:30:03 -0800] "GET /self.logs/access.log.2019-12-20.gz HTTP/1.1" 404 294 "-" "python-requests/2.12.1" 
52.212.146.96 - - [22/Dec/2019:18:30:04 -0800] "GET /self.logs/access.log.2019-12-21.gz HTTP/1.1" 404 294 "-" "python-requests/2.12.1" 
52.212.146.96 - - [22/Dec/2019:18:30:04 -0800] "GET /self.logs/access.log.2019-12-22.gz HTTP/1.1" 404 294 "-" "python-requests/2.12.1" 
123.118.177.109 - - [22/Dec/2019:18:34:26 -0800] "GET / HTTP/1.1" 200 12661 "-" "Mozilla/5.0 (Windows NT 10.0; Win64; x64) AppleWebKit/537.36 (KHTML, like Gecko) Chrome/79.0.3945.88 Safari/537.36" 
123.118.177.109 - - [22/Dec/2019:18:34:26 -0800] "GET /css/style.css HTTP/1.1" 404 271 "http://www.secrepo.com/" "Mozilla/5.0 (Windows NT 10.0; Win64; x64) AppleWebKit/537.36 (KHTML, like Gecko) Chrome/79.0.3945.88 Safari/537.36" 
123.118.177.109 - - [22/Dec/2019:18:34:26 -0800] "GET /twitter-icon.png HTTP/1.1" 200 27787 "http://www.secrepo.com/" "Mozilla/5.0 (Windows NT 10.0; Win64; x64) AppleWebKit/537.36 (KHTML, like Gecko) Chrome/79.0.3945.88 Safari/537.36" 
123.118.177.109 - - [22/Dec/2019:18:34:27 -0800] "GET /GitHub-Mark.png HTTP/1.1" 200 7450 "http://www.secrepo.com/" "Mozilla/5.0 (Windows NT 10.0; Win64; x64) AppleWebKit/537.36 (KHTML, like Gecko) Chrome/79.0.3945.88 Safari/537.36" 
123.118.177.109 - - [22/Dec/2019:18:34:28 -0800] "GET /bootstrap/img/favicon.ico HTTP/1.1" 200 601 "http://www.secrepo.com/" "Mozilla/5.0 (Windows NT 10.0; Win64; x64) AppleWebKit/537.36 (KHTML, like Gecko) Chrome/79.0.3945.88 Safari/537.36" 
171.210.50.129 - - [22/Dec/2019:18:42:19 -0800] "GET /favicon.ico HTTP/1.1" 200 302 "-" "Mozilla/5.0 (Windows NT 10.0; WOW64) AppleWebKit/537.36 (KHTML, like Gecko) Chrome/63.0.3239.132 Safari/537.36" 
210.47.7.50 - - [22/Dec/2019:18:42:37 -0800] "GET /favicon.ico HTTP/1.1" 200 302 "-" "Mozilla/5.0 (Windows NT 10.0; WOW64) AppleWebKit/537.36 (KHTML, like Gecko) Chrome/58.0.3029.110 Safari/537.36 SE 2.X MetaSr 1.0" 
207.46.13.252 - - [22/Dec/2019:18:45:51 -0800] "GET /self.logs/access.log.2017-02-11.gz HTTP/1.1" 200 35545 "-" "Mozilla/5.0 (compatible; bingbot/2.0; +http://www.bing.com/bingbot.htm)" 
139.9.61.200 - - [22/Dec/2019:18:49:18 -0800] "GET //template/box/upgrade.html HTTP/1.1" 301 525 "http://secrepo.com//template/box/upgrade.html" "Mozilla/5.0 (compatible; MSIE 9.0; Windows NT 6.1; Win64; x64; Trident/5.0)" 
139.9.61.200 - - [22/Dec/2019:18:49:18 -0800] "GET /template/box/upgrade.html HTTP/1.1" 404 294 "http://secrepo.com//template/box/upgrade.html" "Mozilla/5.0 (compatible; MSIE 9.0; Windows NT 6.1; Win64; x64; Trident/5.0)" 
123.118.177.109 - - [22/Dec/2019:18:58:51 -0800] "GET / HTTP/1.1" 200 12659 "http://www.secrepo.com/" "Mozilla/5.0 (Windows NT 10.0; Win64; x64) AppleWebKit/537.36 (KHTML, like Gecko) Chrome/79.0.3945.88 Safari/537.36" 
123.118.177.109 - - [22/Dec/2019:18:58:51 -0800] "GET /css/style.css HTTP/1.1" 404 271 "http://www.secrepo.com/" "Mozilla/5.0 (Windows NT 10.0; Win64; x64) AppleWebKit/537.36 (KHTML, like Gecko) Chrome/79.0.3945.88 Safari/537.36" 
207.46.13.252 - - [22/Dec/2019:19:01:29 -0800] "GET /self.logs/2016/error.log.2016-03-03.gz HTTP/1.1" 200 1138 "-" "Mozilla/5.0 (compatible; bingbot/2.0; +http://www.bing.com/bingbot.htm)" 
113.171.224.176 - - [22/Dec/2019:19:13:14 -0800] "GET /honeypot/Honeypot%20-%20Howto.pdf HTTP/1.1" 200 61320 "-" "Mozilla/5.0 Gecko/20100115 Firefox/3.6" 
207.46.13.196 - - [22/Dec/2019:19:13:21 -0800] "GET /self.logs/2016/error.log.2016-01-01.gz HTTP/1.1" 200 534 "-" "Mozilla/5.0 (compatible; bingbot/2.0; +http://www.bing.com/bingbot.htm)" 
206.47.249.246 - - [22/Dec/2019:19:22:58 -0800] "GET /self.logs/error.log.2019-04-23.gz HTTP/1.1" 304 175 "-" "Mozilla/4.0 (compatible;)" 
157.55.39.170 - - [22/Dec/2019:19:27:01 -0800] "GET /self.logs/error.log.2018-04-21.gz HTTP/1.1" 200 3387 "-" "Mozilla/5.0 (compatible; bingbot/2.0; +http://www.bing.com/bingbot.htm)" 
122.172.57.72 - - [22/Dec/2019:19:28:49 -0800] "GET / HTTP/1.1" 200 12660 "-" "Mozilla/5.0 (Windows NT 10.0; Win64; x64) AppleWebKit/537.36 (KHTML, like Gecko) Chrome/78.0.3904.108 Safari/537.36" 
122.172.57.72 - - [22/Dec/2019:19:28:51 -0800] "GET /css/style.css HTTP/1.1" 404 271 "http://www.secrepo.com/" "Mozilla/5.0 (Windows NT 10.0; Win64; x64) AppleWebKit/537.36 (KHTML, like Gecko) Chrome/78.0.3904.108 Safari/537.36" 
122.172.57.72 - - [22/Dec/2019:19:28:51 -0800] "GET /twitter-icon.png HTTP/1.1" 200 27810 "http://www.secrepo.com/" "Mozilla/5.0 (Windows NT 10.0; Win64; x64) AppleWebKit/537.36 (KHTML, like Gecko) Chrome/78.0.3904.108 Safari/537.36" 
122.172.57.72 - - [22/Dec/2019:19:28:51 -0800] "GET /GitHub-Mark.png HTTP/1.1" 200 7450 "http://www.secrepo.com/" "Mozilla/5.0 (Windows NT 10.0; Win64; x64) AppleWebKit/537.36 (KHTML, like Gecko) Chrome/78.0.3904.108 Safari/537.36" 
122.172.57.72 - - [22/Dec/2019:19:29:27 -0800] "GET /css/style.css HTTP/1.1" 404 294 "http://www.secrepo.com/" "Mozilla/5.0 (Windows NT 10.0; Win64; x64) AppleWebKit/537.36 (KHTML, like Gecko) Chrome/78.0.3904.108 Safari/537.36" 
122.172.57.72 - - [22/Dec/2019:19:29:46 -0800] "GET /maccdc2012/dhcp.log.gz HTTP/1.1" 200 44872 "http://www.secrepo.com/" "Mozilla/5.0 (Windows NT 10.0; Win64; x64) AppleWebKit/537.36 (KHTML, like Gecko) Chrome/78.0.3904.108 Safari/537.36" 
122.172.57.72 - - [22/Dec/2019:19:30:15 -0800] "GET /maccdc2012/conn.log.gz HTTP/1.1" 200 18858576 "-" "Mozilla/5.0 (Windows NT 10.0; Win64; x64) AppleWebKit/537.36 (KHTML, like Gecko) Chrome/78.0.3904.108 Safari/537.36" 
122.172.57.72 - - [22/Dec/2019:19:30:21 -0800] "GET /maccdc2012/dhcp.log.gz HTTP/1.1" 200 44872 "-" "Mozilla/5.0 (Windows NT 10.0; Win64; x64) AppleWebKit/537.36 (KHTML, like Gecko) Chrome/78.0.3904.108 Safari/537.36" 
221.234.36.72 - - [22/Dec/2019:19:32:33 -0800] "POST /tags.php HTTP/1.1" 404 294 "-" "python-requests/2.22.0" 
221.234.36.72 - - [22/Dec/2019:19:33:42 -0800] "POST /tags.php HTTP/1.1" 404 294 "-" "python-requests/2.22.0" 
122.172.57.72 - - [22/Dec/2019:19:33:45 -0800] "GET /Datasets%20Description/Network/dns.html HTTP/1.1" 200 1464 "http://www.secrepo.com/" "Mozilla/5.0 (Windows NT 10.0; Win64; x64) AppleWebKit/537.36 (KHTML, like Gecko) Chrome/78.0.3904.108 Safari/537.36" 
122.172.57.72 - - [22/Dec/2019:19:33:46 -0800] "GET /favicon.ico HTTP/1.1" 200 279 "http://www.secrepo.com/Datasets%20Description/Network/dns.html" "Mozilla/5.0 (Windows NT 10.0; Win64; x64) AppleWebKit/537.36 (KHTML, like Gecko) Chrome/78.0.3904.108 Safari/537.36" 
221.234.36.72 - - [22/Dec/2019:19:33:59 -0800] "POST /tags.php HTTP/1.1" 404 294 "-" "python-requests/2.22.0" 
221.234.36.72 - - [22/Dec/2019:19:34:12 -0800] "POST /tags.php HTTP/1.1" 404 294 "-" "python-requests/2.22.0" 
122.172.57.72 - - [22/Dec/2019:19:34:19 -0800] "GET / HTTP/1.1" 200 12659 "http://www.secrepo.com/" "Mozilla/5.0 (Windows NT 10.0; Win64; x64) AppleWebKit/537.36 (KHTML, like Gecko) Chrome/78.0.3904.108 Safari/537.36" 
122.172.57.72 - - [22/Dec/2019:19:34:20 -0800] "GET /css/style.css HTTP/1.1" 404 271 "http://www.secrepo.com/" "Mozilla/5.0 (Windows NT 10.0; Win64; x64) AppleWebKit/537.36 (KHTML, like Gecko) Chrome/78.0.3904.108 Safari/537.36" 
122.172.57.72 - - [22/Dec/2019:19:34:37 -0800] "GET /Datasets%20Description/Network/http.html HTTP/1.1" 200 1630 "http://www.secrepo.com/" "Mozilla/5.0 (Windows NT 10.0; Win64; x64) AppleWebKit/537.36 (KHTML, like Gecko) Chrome/78.0.3904.108 Safari/537.36" 
221.234.36.72 - - [22/Dec/2019:19:34:42 -0800] "POST /tags.php HTTP/1.1" 404 294 "-" "python-requests/2.22.0" 
122.172.57.72 - - [22/Dec/2019:19:34:31 -0800] "GET /maccdc2012/http.log.gz HTTP/1.1" 200 56420883 "-" "Mozilla/5.0 (Windows NT 10.0; Win64; x64) AppleWebKit/537.36 (KHTML, like Gecko) Chrome/78.0.3904.108 Safari/537.36" 
221.234.36.72 - - [22/Dec/2019:19:34:58 -0800] "POST /tags.php HTTP/1.1" 404 294 "-" "python-requests/2.22.0" 
221.234.36.72 - - [22/Dec/2019:19:35:02 -0800] "POST /tags.php HTTP/1.1" 404 294 "-" "python-requests/2.22.0" 
221.234.36.72 - - [22/Dec/2019:19:35:03 -0800] "POST /tags.php HTTP/1.1" 404 294 "-" "python-requests/2.22.0" 
221.234.36.72 - - [22/Dec/2019:19:35:06 -0800] "POST /tags.php HTTP/1.1" 404 294 "-" "python-requests/2.22.0" 
221.234.36.72 - - [22/Dec/2019:19:35:07 -0800] "POST /tags.php HTTP/1.1" 404 294 "-" "python-requests/2.22.0" 
221.234.36.72 - - [22/Dec/2019:19:35:08 -0800] "POST /tags.php HTTP/1.1" 404 294 "-" "python-requests/2.22.0" 
221.234.36.72 - - [22/Dec/2019:19:35:09 -0800] "POST /tags.php HTTP/1.1" 404 294 "-" "python-requests/2.22.0" 
221.234.36.72 - - [22/Dec/2019:19:35:10 -0800] "POST /tags.php HTTP/1.1" 404 294 "-" "python-requests/2.22.0" 
221.234.36.72 - - [22/Dec/2019:19:35:12 -0800] "POST /tags.php HTTP/1.1" 404 294 "-" "python-requests/2.22.0" 
221.234.36.72 - - [22/Dec/2019:19:35:13 -0800] "POST /tags.php HTTP/1.1" 404 294 "-" "python-requests/2.22.0" 
221.234.36.72 - - [22/Dec/2019:19:35:14 -0800] "POST /tags.php HTTP/1.1" 404 294 "-" "python-requests/2.22.0" 
221.234.36.72 - - [22/Dec/2019:19:35:15 -0800] "POST /tags.php HTTP/1.1" 404 294 "-" "python-requests/2.22.0" 
221.234.36.72 - - [22/Dec/2019:19:35:15 -0800] "POST /tags.php HTTP/1.1" 404 294 "-" "python-requests/2.22.0" 
221.234.36.72 - - [22/Dec/2019:19:35:16 -0800] "POST /tags.php HTTP/1.1" 404 294 "-" "python-requests/2.22.0" 
221.234.36.72 - - [22/Dec/2019:19:35:17 -0800] "POST /tags.php HTTP/1.1" 404 294 "-" "python-requests/2.22.0" 
221.234.36.72 - - [22/Dec/2019:19:35:19 -0800] "POST /tags.php HTTP/1.1" 404 294 "-" "python-requests/2.22.0" 
221.234.36.72 - - [22/Dec/2019:19:35:20 -0800] "POST /tags.php HTTP/1.1" 404 294 "-" "python-requests/2.22.0" 
221.234.36.72 - - [22/Dec/2019:19:35:20 -0800] "POST /tags.php HTTP/1.1" 404 294 "-" "python-requests/2.22.0" 
221.234.36.72 - - [22/Dec/2019:19:35:22 -0800] "POST /tags.php HTTP/1.1" 404 294 "-" "python-requests/2.22.0" 
221.234.36.72 - - [22/Dec/2019:19:35:22 -0800] "POST /tags.php HTTP/1.1" 404 294 "-" "python-requests/2.22.0" 
221.234.36.72 - - [22/Dec/2019:19:35:23 -0800] "POST /tags.php HTTP/1.1" 404 294 "-" "python-requests/2.22.0" 
221.234.36.72 - - [22/Dec/2019:19:35:24 -0800] "POST /tags.php HTTP/1.1" 404 294 "-" "python-requests/2.22.0" 
221.234.36.72 - - [22/Dec/2019:19:35:25 -0800] "POST /tags.php HTTP/1.1" 404 294 "-" "python-requests/2.22.0" 
221.234.36.72 - - [22/Dec/2019:19:35:29 -0800] "POST /tags.php HTTP/1.1" 404 294 "-" "python-requests/2.22.0" 
221.234.36.72 - - [22/Dec/2019:19:35:34 -0800] "POST /tags.php HTTP/1.1" 404 294 "-" "python-requests/2.22.0" 
66.249.66.88 - - [22/Dec/2019:19:35:35 -0800] "GET /self.logs/ HTTP/1.1" 200 20056 "-" "Mozilla/5.0 (Linux; Android 6.0.1; Nexus 5X Build/MMB29P) AppleWebKit/537.36 (KHTML, like Gecko) Chrome/41.0.2272.96 Mobile Safari/537.36 (compatible; Googlebot/2.1; +http://www.google.com/bot.html)" 
221.234.36.72 - - [22/Dec/2019:19:35:40 -0800] "POST /tags.php HTTP/1.1" 404 294 "-" "python-requests/2.22.0" 
221.234.36.72 - - [22/Dec/2019:19:35:45 -0800] "POST /tags.php HTTP/1.1" 404 294 "-" "python-requests/2.22.0" 
221.234.36.72 - - [22/Dec/2019:19:35:46 -0800] "POST /tags.php HTTP/1.1" 404 294 "-" "python-requests/2.22.0" 
221.234.36.72 - - [22/Dec/2019:19:35:49 -0800] "POST /tags.php HTTP/1.1" 404 294 "-" "python-requests/2.22.0" 
221.234.36.72 - - [22/Dec/2019:19:35:52 -0800] "POST /tags.php HTTP/1.1" 404 294 "-" "python-requests/2.22.0" 
221.234.36.72 - - [22/Dec/2019:19:35:54 -0800] "POST /tags.php HTTP/1.1" 404 294 "-" "python-requests/2.22.0" 
221.234.36.72 - - [22/Dec/2019:19:36:00 -0800] "POST /tags.php HTTP/1.1" 404 294 "-" "python-requests/2.22.0" 
221.234.36.72 - - [22/Dec/2019:19:36:05 -0800] "POST /tags.php HTTP/1.1" 404 294 "-" "python-requests/2.22.0" 
221.234.36.72 - - [22/Dec/2019:19:36:13 -0800] "POST /tags.php HTTP/1.1" 404 294 "-" "python-requests/2.22.0" 
54.189.187.188 - - [22/Dec/2019:19:36:14 -0800] "GET / HTTP/1.1" 200 47311 "-" "Mozilla/5.0 (Windows NT 6.1; Win64; x64) AppleWebKit/537.36 (KHTML, like Gecko) Chrome/72.0.3626.109 Safari/537.36" 
221.234.36.72 - - [22/Dec/2019:19:36:21 -0800] "POST /tags.php HTTP/1.1" 404 294 "-" "python-requests/2.22.0" 
40.77.167.125 - - [22/Dec/2019:19:38:32 -0800] "GET /self.logs/access.log.2018-11-06.gz HTTP/1.1" 200 17576 "-" "Mozilla/5.0 (compatible; bingbot/2.0; +http://www.bing.com/bingbot.htm)" 
207.46.13.252 - - [22/Dec/2019:19:43:50 -0800] "GET /self.logs/access.log.2017-12-17.gz HTTP/1.1" 304 175 "-" "Mozilla/5.0 (compatible; bingbot/2.0; +http://www.bing.com/bingbot.htm)" 
58.192.113.99 - - [22/Dec/2019:20:02:39 -0800] "GET /favicon.ico HTTP/1.1" 200 302 "-" "Mozilla/5.0 (Windows NT 10.0; WOW64) AppleWebKit/537.36 (KHTML, like Gecko) Chrome/65.0.3314.0 Safari/537.36 SE 2.X MetaSr 1.0" 
116.21.0.196 - - [22/Dec/2019:20:05:21 -0800] "GET /self.logs/ HTTP/1.1" 200 20056 "-" "Mozilla/5.0 (Windows NT 10.0; Win64; x64) AppleWebKit/537.36 (KHTML, like Gecko) Chrome/79.0.3945.88 Safari/537.36" 
116.21.0.196 - - [22/Dec/2019:20:05:22 -0800] "GET /favicon.ico HTTP/1.1" 200 279 "http://www.secrepo.com/self.logs/" "Mozilla/5.0 (Windows NT 10.0; Win64; x64) AppleWebKit/537.36 (KHTML, like Gecko) Chrome/79.0.3945.88 Safari/537.36" 
34.218.79.180 - - [22/Dec/2019:20:06:42 -0800] "GET /)%5Cn* HTTP/1.1" 404 250 "-" "Mozilla/5.0 (Windows NT 6.2; WOW64) AppleWebKit/537.36 (KHTML, like Gecko) Chrome/29.0.1547.2 Safari/537.36" 
116.21.0.196 - - [22/Dec/2019:20:07:35 -0800] "GET /self.logs/access.log.2015-01-17.gz HTTP/1.1" 404 294 "-" "python-requests/2.18.4" 
116.21.0.196 - - [22/Dec/2019:20:07:35 -0800] "GET /self.logs/access.log.2015-01-18.gz HTTP/1.1" 404 294 "-" "python-requests/2.18.4" 
116.21.0.196 - - [22/Dec/2019:20:07:36 -0800] "GET /self.logs/access.log.2015-01-19.gz HTTP/1.1" 404 294 "-" "python-requests/2.18.4" 
116.21.0.196 - - [22/Dec/2019:20:07:36 -0800] "GET /self.logs/access.log.2015-01-20.gz HTTP/1.1" 404 294 "-" "python-requests/2.18.4" 
116.21.0.196 - - [22/Dec/2019:20:07:37 -0800] "GET /self.logs/access.log.2015-01-21.gz HTTP/1.1" 404 294 "-" "python-requests/2.18.4" 
116.21.0.196 - - [22/Dec/2019:20:07:38 -0800] "GET /self.logs/access.log.2015-01-22.gz HTTP/1.1" 404 294 "-" "python-requests/2.18.4" 
116.21.0.196 - - [22/Dec/2019:20:07:38 -0800] "GET /self.logs/access.log.2015-01-23.gz HTTP/1.1" 404 294 "-" "python-requests/2.18.4" 
116.21.0.196 - - [22/Dec/2019:20:07:39 -0800] "GET /self.logs/access.log.2015-01-24.gz HTTP/1.1" 404 294 "-" "python-requests/2.18.4" 
116.21.0.196 - - [22/Dec/2019:20:07:40 -0800] "GET /self.logs/access.log.2015-01-25.gz HTTP/1.1" 404 294 "-" "python-requests/2.18.4" 
116.21.0.196 - - [22/Dec/2019:20:07:41 -0800] "GET /self.logs/access.log.2015-01-26.gz HTTP/1.1" 404 294 "-" "python-requests/2.18.4" 
116.21.0.196 - - [22/Dec/2019:20:07:41 -0800] "GET /self.logs/access.log.2015-01-27.gz HTTP/1.1" 404 294 "-" "python-requests/2.18.4" 
116.21.0.196 - - [22/Dec/2019:20:07:42 -0800] "GET /self.logs/access.log.2015-01-28.gz HTTP/1.1" 404 294 "-" "python-requests/2.18.4" 
116.21.0.196 - - [22/Dec/2019:20:07:42 -0800] "GET /self.logs/access.log.2015-01-29.gz HTTP/1.1" 404 294 "-" "python-requests/2.18.4" 
116.21.0.196 - - [22/Dec/2019:20:07:43 -0800] "GET /self.logs/access.log.2015-01-30.gz HTTP/1.1" 404 294 "-" "python-requests/2.18.4" 
116.21.0.196 - - [22/Dec/2019:20:07:43 -0800] "GET /self.logs/access.log.2015-01-31.gz HTTP/1.1" 404 294 "-" "python-requests/2.18.4" 
116.21.0.196 - - [22/Dec/2019:20:07:44 -0800] "GET /self.logs/access.log.2015-02-01.gz HTTP/1.1" 404 294 "-" "python-requests/2.18.4" 
116.21.0.196 - - [22/Dec/2019:20:07:44 -0800] "GET /self.logs/access.log.2015-02-02.gz HTTP/1.1" 404 294 "-" "python-requests/2.18.4" 
116.21.0.196 - - [22/Dec/2019:20:07:45 -0800] "GET /self.logs/access.log.2015-02-03.gz HTTP/1.1" 404 294 "-" "python-requests/2.18.4" 
116.21.0.196 - - [22/Dec/2019:20:07:45 -0800] "GET /self.logs/access.log.2015-02-04.gz HTTP/1.1" 404 294 "-" "python-requests/2.18.4" 
116.21.0.196 - - [22/Dec/2019:20:07:46 -0800] "GET /self.logs/access.log.2015-02-05.gz HTTP/1.1" 404 294 "-" "python-requests/2.18.4" 
116.21.0.196 - - [22/Dec/2019:20:07:46 -0800] "GET /self.logs/access.log.2015-02-06.gz HTTP/1.1" 404 294 "-" "python-requests/2.18.4" 
116.21.0.196 - - [22/Dec/2019:20:07:47 -0800] "GET /self.logs/access.log.2015-02-07.gz HTTP/1.1" 404 294 "-" "python-requests/2.18.4" 
116.21.0.196 - - [22/Dec/2019:20:07:49 -0800] "GET /self.logs/access.log.2015-02-08.gz HTTP/1.1" 404 294 "-" "python-requests/2.18.4" 
116.21.0.196 - - [22/Dec/2019:20:07:49 -0800] "GET /self.logs/access.log.2015-02-09.gz HTTP/1.1" 404 294 "-" "python-requests/2.18.4" 
116.21.0.196 - - [22/Dec/2019:20:07:50 -0800] "GET /self.logs/access.log.2015-02-10.gz HTTP/1.1" 404 294 "-" "python-requests/2.18.4" 
116.21.0.196 - - [22/Dec/2019:20:07:54 -0800] "GET /self.logs/access.log.2015-02-11.gz HTTP/1.1" 404 294 "-" "python-requests/2.18.4" 
116.21.0.196 - - [22/Dec/2019:20:07:59 -0800] "GET /self.logs/access.log.2015-02-12.gz HTTP/1.1" 404 294 "-" "python-requests/2.18.4" 
116.21.0.196 - - [22/Dec/2019:20:07:59 -0800] "GET /self.logs/access.log.2015-02-13.gz HTTP/1.1" 404 294 "-" "python-requests/2.18.4" 
116.21.0.196 - - [22/Dec/2019:20:08:00 -0800] "GET /self.logs/access.log.2015-02-14.gz HTTP/1.1" 404 294 "-" "python-requests/2.18.4" 
116.21.0.196 - - [22/Dec/2019:20:08:02 -0800] "GET /self.logs/access.log.2015-02-15.gz HTTP/1.1" 404 294 "-" "python-requests/2.18.4" 
116.21.0.196 - - [22/Dec/2019:20:08:03 -0800] "GET /self.logs/access.log.2015-02-16.gz HTTP/1.1" 404 294 "-" "python-requests/2.18.4" 
116.21.0.196 - - [22/Dec/2019:20:08:05 -0800] "GET /self.logs/access.log.2015-02-17.gz HTTP/1.1" 404 294 "-" "python-requests/2.18.4" 
116.21.0.196 - - [22/Dec/2019:20:08:05 -0800] "GET /self.logs/access.log.2015-02-18.gz HTTP/1.1" 404 294 "-" "python-requests/2.18.4" 
116.21.0.196 - - [22/Dec/2019:20:08:06 -0800] "GET /self.logs/access.log.2015-02-19.gz HTTP/1.1" 404 294 "-" "python-requests/2.18.4" 
116.21.0.196 - - [22/Dec/2019:20:08:06 -0800] "GET /self.logs/access.log.2015-02-20.gz HTTP/1.1" 404 294 "-" "python-requests/2.18.4" 
116.21.0.196 - - [22/Dec/2019:20:08:07 -0800] "GET /self.logs/access.log.2015-02-21.gz HTTP/1.1" 404 294 "-" "python-requests/2.18.4" 
116.21.0.196 - - [22/Dec/2019:20:08:07 -0800] "GET /self.logs/access.log.2015-02-22.gz HTTP/1.1" 404 294 "-" "python-requests/2.18.4" 
116.21.0.196 - - [22/Dec/2019:20:08:09 -0800] "GET /self.logs/access.log.2015-02-23.gz HTTP/1.1" 404 294 "-" "python-requests/2.18.4" 
116.21.0.196 - - [22/Dec/2019:20:08:10 -0800] "GET /self.logs/access.log.2015-02-24.gz HTTP/1.1" 404 294 "-" "python-requests/2.18.4" 
116.21.0.196 - - [22/Dec/2019:20:08:10 -0800] "GET /self.logs/error.log.2019-12-19.gz HTTP/1.1" 200 870 "http://www.secrepo.com/self.logs/" "Mozilla/5.0 (Windows NT 10.0; Win64; x64) AppleWebKit/537.36 (KHTML, like Gecko) Chrome/79.0.3945.88 Safari/537.36" 
116.21.0.196 - - [22/Dec/2019:20:08:10 -0800] "GET /self.logs/access.log.2015-02-25.gz HTTP/1.1" 404 294 "-" "python-requests/2.18.4" 
116.21.0.196 - - [22/Dec/2019:20:08:11 -0800] "GET /self.logs/access.log.2015-02-26.gz HTTP/1.1" 404 294 "-" "python-requests/2.18.4" 
116.21.0.196 - - [22/Dec/2019:20:08:11 -0800] "GET /self.logs/access.log.2015-02-27.gz HTTP/1.1" 404 294 "-" "python-requests/2.18.4" 
116.21.0.196 - - [22/Dec/2019:20:08:12 -0800] "GET /self.logs/access.log.2015-02-28.gz HTTP/1.1" 404 294 "-" "python-requests/2.18.4" 
116.21.0.196 - - [22/Dec/2019:20:08:13 -0800] "GET /self.logs/access.log.2015-03-01.gz HTTP/1.1" 404 294 "-" "python-requests/2.18.4" 
116.21.0.196 - - [22/Dec/2019:20:08:13 -0800] "GET /self.logs/access.log.2015-03-02.gz HTTP/1.1" 404 294 "-" "python-requests/2.18.4" 
116.21.0.196 - - [22/Dec/2019:20:08:14 -0800] "GET /self.logs/access.log.2015-03-03.gz HTTP/1.1" 404 294 "-" "python-requests/2.18.4" 
116.21.0.196 - - [22/Dec/2019:20:08:15 -0800] "GET /self.logs/access.log.2015-03-04.gz HTTP/1.1" 404 294 "-" "python-requests/2.18.4" 
116.21.0.196 - - [22/Dec/2019:20:08:15 -0800] "GET /self.logs/access.log.2015-03-05.gz HTTP/1.1" 404 294 "-" "python-requests/2.18.4" 
116.21.0.196 - - [22/Dec/2019:20:08:15 -0800] "GET /self.logs/access.log.2015-03-06.gz HTTP/1.1" 404 294 "-" "python-requests/2.18.4" 
116.21.0.196 - - [22/Dec/2019:20:08:16 -0800] "GET /self.logs/access.log.2015-03-07.gz HTTP/1.1" 404 294 "-" "python-requests/2.18.4" 
116.21.0.196 - - [22/Dec/2019:20:08:16 -0800] "GET /self.logs/access.log.2015-03-08.gz HTTP/1.1" 404 294 "-" "python-requests/2.18.4" 
116.21.0.196 - - [22/Dec/2019:20:08:17 -0800] "GET /self.logs/access.log.2015-03-09.gz HTTP/1.1" 404 294 "-" "python-requests/2.18.4" 
116.21.0.196 - - [22/Dec/2019:20:08:17 -0800] "GET /self.logs/access.log.2015-03-10.gz HTTP/1.1" 404 294 "-" "python-requests/2.18.4" 
116.21.0.196 - - [22/Dec/2019:20:08:18 -0800] "GET /self.logs/access.log.2015-03-11.gz HTTP/1.1" 404 294 "-" "python-requests/2.18.4" 
116.21.0.196 - - [22/Dec/2019:20:08:18 -0800] "GET /self.logs/access.log.2015-03-12.gz HTTP/1.1" 404 294 "-" "python-requests/2.18.4" 
116.21.0.196 - - [22/Dec/2019:20:08:19 -0800] "GET /self.logs/access.log.2015-03-13.gz HTTP/1.1" 404 294 "-" "python-requests/2.18.4" 
116.21.0.196 - - [22/Dec/2019:20:08:19 -0800] "GET /self.logs/access.log.2015-03-14.gz HTTP/1.1" 404 294 "-" "python-requests/2.18.4" 
116.21.0.196 - - [22/Dec/2019:20:08:20 -0800] "GET /self.logs/access.log.2015-03-15.gz HTTP/1.1" 404 294 "-" "python-requests/2.18.4" 
116.21.0.196 - - [22/Dec/2019:20:08:21 -0800] "GET /self.logs/access.log.2015-03-16.gz HTTP/1.1" 404 294 "-" "python-requests/2.18.4" 
116.21.0.196 - - [22/Dec/2019:20:08:22 -0800] "GET /self.logs/access.log.2015-03-17.gz HTTP/1.1" 404 294 "-" "python-requests/2.18.4" 
116.21.0.196 - - [22/Dec/2019:20:08:22 -0800] "GET /self.logs/access.log.2015-03-18.gz HTTP/1.1" 404 294 "-" "python-requests/2.18.4" 
116.21.0.196 - - [22/Dec/2019:20:08:23 -0800] "GET /self.logs/access.log.2015-03-19.gz HTTP/1.1" 404 294 "-" "python-requests/2.18.4" 
116.21.0.196 - - [22/Dec/2019:20:08:23 -0800] "GET /self.logs/access.log.2015-03-20.gz HTTP/1.1" 404 294 "-" "python-requests/2.18.4" 
116.21.0.196 - - [22/Dec/2019:20:08:24 -0800] "GET /self.logs/access.log.2015-03-21.gz HTTP/1.1" 404 294 "-" "python-requests/2.18.4" 
116.21.0.196 - - [22/Dec/2019:20:08:24 -0800] "GET /self.logs/access.log.2015-03-22.gz HTTP/1.1" 404 294 "-" "python-requests/2.18.4" 
116.21.0.196 - - [22/Dec/2019:20:08:25 -0800] "GET /self.logs/access.log.2015-03-23.gz HTTP/1.1" 404 294 "-" "python-requests/2.18.4" 
116.21.0.196 - - [22/Dec/2019:20:08:25 -0800] "GET /self.logs/access.log.2015-03-24.gz HTTP/1.1" 404 294 "-" "python-requests/2.18.4" 
116.21.0.196 - - [22/Dec/2019:20:08:26 -0800] "GET /self.logs/access.log.2015-03-25.gz HTTP/1.1" 404 294 "-" "python-requests/2.18.4" 
116.21.0.196 - - [22/Dec/2019:20:08:26 -0800] "GET /self.logs/access.log.2015-03-26.gz HTTP/1.1" 404 294 "-" "python-requests/2.18.4" 
116.21.0.196 - - [22/Dec/2019:20:08:28 -0800] "GET /self.logs/access.log.2015-03-27.gz HTTP/1.1" 404 294 "-" "python-requests/2.18.4" 
116.21.0.196 - - [22/Dec/2019:20:08:28 -0800] "GET /self.logs/access.log.2015-03-28.gz HTTP/1.1" 404 294 "-" "python-requests/2.18.4" 
116.21.0.196 - - [22/Dec/2019:20:08:29 -0800] "GET /self.logs/access.log.2019-12-19.gz HTTP/1.1" 200 19800 "http://www.secrepo.com/self.logs/" "Mozilla/5.0 (Windows NT 10.0; Win64; x64) AppleWebKit/537.36 (KHTML, like Gecko) Chrome/79.0.3945.88 Safari/537.36" 
116.21.0.196 - - [22/Dec/2019:20:08:29 -0800] "GET /self.logs/access.log.2015-03-29.gz HTTP/1.1" 404 294 "-" "python-requests/2.18.4" 
116.21.0.196 - - [22/Dec/2019:20:08:29 -0800] "GET /self.logs/access.log.2015-03-30.gz HTTP/1.1" 404 294 "-" "python-requests/2.18.4" 
116.21.0.196 - - [22/Dec/2019:20:08:30 -0800] "GET /self.logs/access.log.2015-03-31.gz HTTP/1.1" 404 294 "-" "python-requests/2.18.4" 
116.21.0.196 - - [22/Dec/2019:20:08:30 -0800] "GET /self.logs/access.log.2015-04-01.gz HTTP/1.1" 404 294 "-" "python-requests/2.18.4" 
116.21.0.196 - - [22/Dec/2019:20:08:31 -0800] "GET /self.logs/access.log.2015-04-02.gz HTTP/1.1" 404 294 "-" "python-requests/2.18.4" 
116.21.0.196 - - [22/Dec/2019:20:08:31 -0800] "GET /self.logs/access.log.2015-04-03.gz HTTP/1.1" 404 294 "-" "python-requests/2.18.4" 
116.21.0.196 - - [22/Dec/2019:20:08:31 -0800] "GET /self.logs/access.log.2015-04-04.gz HTTP/1.1" 404 294 "-" "python-requests/2.18.4" 
116.21.0.196 - - [22/Dec/2019:20:08:32 -0800] "GET /self.logs/access.log.2015-04-05.gz HTTP/1.1" 404 294 "-" "python-requests/2.18.4" 
116.21.0.196 - - [22/Dec/2019:20:08:34 -0800] "GET /self.logs/access.log.2015-04-06.gz HTTP/1.1" 404 294 "-" "python-requests/2.18.4" 
116.21.0.196 - - [22/Dec/2019:20:08:34 -0800] "GET /self.logs/access.log.2015-04-07.gz HTTP/1.1" 404 294 "-" "python-requests/2.18.4" 
116.21.0.196 - - [22/Dec/2019:20:08:34 -0800] "GET /self.logs/access.log.2015-04-08.gz HTTP/1.1" 404 294 "-" "python-requests/2.18.4" 
116.21.0.196 - - [22/Dec/2019:20:08:35 -0800] "GET /self.logs/access.log.2015-04-09.gz HTTP/1.1" 404 294 "-" "python-requests/2.18.4" 
116.21.0.196 - - [22/Dec/2019:20:08:36 -0800] "GET /self.logs/access.log.2015-04-10.gz HTTP/1.1" 404 294 "-" "python-requests/2.18.4" 
116.21.0.196 - - [22/Dec/2019:20:08:36 -0800] "GET /self.logs/access.log.2015-04-11.gz HTTP/1.1" 404 294 "-" "python-requests/2.18.4" 
116.21.0.196 - - [22/Dec/2019:20:08:37 -0800] "GET /self.logs/access.log.2015-04-12.gz HTTP/1.1" 404 294 "-" "python-requests/2.18.4" 
116.21.0.196 - - [22/Dec/2019:20:08:37 -0800] "GET /self.logs/access.log.2015-04-13.gz HTTP/1.1" 404 294 "-" "python-requests/2.18.4" 
116.21.0.196 - - [22/Dec/2019:20:08:38 -0800] "GET /self.logs/access.log.2015-04-14.gz HTTP/1.1" 404 294 "-" "python-requests/2.18.4" 
116.21.0.196 - - [22/Dec/2019:20:08:39 -0800] "GET /self.logs/access.log.2015-04-15.gz HTTP/1.1" 404 294 "-" "python-requests/2.18.4" 
116.21.0.196 - - [22/Dec/2019:20:08:39 -0800] "GET /self.logs/access.log.2015-04-16.gz HTTP/1.1" 404 294 "-" "python-requests/2.18.4" 
116.21.0.196 - - [22/Dec/2019:20:08:40 -0800] "GET /self.logs/access.log.2015-04-17.gz HTTP/1.1" 404 294 "-" "python-requests/2.18.4" 
116.21.0.196 - - [22/Dec/2019:20:08:40 -0800] "GET /self.logs/access.log.2015-04-18.gz HTTP/1.1" 404 294 "-" "python-requests/2.18.4" 
220.243.135.88 - - [22/Dec/2019:20:08:59 -0800] "GET /robots.txt HTTP/1.1" 200 244 "-" "Mozilla/5.0 (Linux; Android 8.0; Pixel 2 Build/OPD3.170816.012) AppleWebKit/537.36 (KHTML, like Gecko) Chrome/56.0.2090.1693 Mobile Safari/537.36" 
67.21.94.192 - - [22/Dec/2019:20:13:23 -0800] "GET /bootstrap/img/favicon.ico HTTP/1.1" 200 624 "-" "Mozilla/5.0 (X11; Linux x86_64) AppleWebKit/537.36 (KHTML, like Gecko) Chrome/76.0.3809.100 Safari/537.36" 
85.208.96.65 - - [22/Dec/2019:20:16:38 -0800] "GET /robots.txt HTTP/1.1" 301 439 "-" "Mozilla/5.0 (compatible; SemrushBot/1.0~bm; +http://www.semrush.com/bot.html)" 
85.208.96.65 - - [22/Dec/2019:20:16:41 -0800] "GET /robots.txt HTTP/1.1" 200 244 "-" "Mozilla/5.0 (compatible; SemrushBot/1.0~bm; +http://www.semrush.com/bot.html)" 
113.171.224.176 - - [22/Dec/2019:20:18:10 -0800] "GET /honeypot/Honeypot%20-%20Howto.pdf HTTP/1.1" 200 61320 "-" "Mozilla/5.0 Gecko/20100115 Firefox/3.6" 
106.11.159.186 - - [22/Dec/2019:20:18:56 -0800] "GET /robots.txt HTTP/1.1" 200 288 "-" "YisouSpider" 
42.120.160.7 - - [22/Dec/2019:20:18:55 -0800] "GET /tg/tg_snort_full.7z HTTP/1.1" 200 286160 "-" "Mozilla/5.0 (Windows NT 6.1; Win64; x64) AppleWebKit/537.36 (KHTML, like Gecko) Chrome/69.0.3497.81 YisouSpider/5.0 Safari/537.36" 
58.192.113.99 - - [22/Dec/2019:20:24:18 -0800] "GET /favicon.ico HTTP/1.1" 200 302 "-" "Mozilla/5.0 (Windows NT 10.0; WOW64) AppleWebKit/537.36 (KHTML, like Gecko) Chrome/65.0.3314.0 Safari/537.36 SE 2.X MetaSr 1.0" 
207.46.13.252 - - [22/Dec/2019:20:28:31 -0800] "GET /self.logs/2016/error.log.2016-05-13.gz HTTP/1.1" 200 1033 "-" "Mozilla/5.0 (compatible; bingbot/2.0; +http://www.bing.com/bingbot.htm)" 
34.229.157.237 - - [22/Dec/2019:20:45:14 -0800] "GET / HTTP/1.1" 200 12614 "-" "Mozilla/5.0 (Windows NT 10.0; Win64; x64) AppleWebKit/537.36 (KHTML, like Gecko) Chrome/63.0.3239.84 Safari/537.36" 
34.229.157.237 - - [22/Dec/2019:20:45:14 -0800] "GET /favicon.ico HTTP/1.1" 200 224 "-" "Mozilla/5.0 (Windows NT 10.0; Win64; x64) AppleWebKit/537.36 (KHTML, like Gecko) Chrome/63.0.3239.84 Safari/537.36" 
34.229.157.237 - - [22/Dec/2019:20:45:14 -0800] "GET /GitHub-Mark.png HTTP/1.1" 200 7406 "-" "Mozilla/5.0 (Windows NT 10.0; Win64; x64) AppleWebKit/537.36 (KHTML, like Gecko) Chrome/63.0.3239.84 Safari/537.36" 
34.229.157.237 - - [22/Dec/2019:20:45:14 -0800] "GET /twitter-icon.png HTTP/1.1" 200 27766 "-" "Mozilla/5.0 (Windows NT 10.0; Win64; x64) AppleWebKit/537.36 (KHTML, like Gecko) Chrome/63.0.3239.84 Safari/537.36" 
66.42.110.13 - - [22/Dec/2019:20:54:17 -0800] "GET /self.logs/ HTTP/1.1" 200 20019 "-" "Mozilla/5.0 (Windows NT 10.0; Win64; x64) AppleWebKit/537.36 (KHTML, like Gecko) Chrome/79.0.3945.88 Safari/537.36" 
66.42.110.13 - - [22/Dec/2019:20:54:19 -0800] "GET /favicon.ico HTTP/1.1" 200 265 "http://www.secrepo.com/self.logs/" "Mozilla/5.0 (Windows NT 10.0; Win64; x64) AppleWebKit/537.36 (KHTML, like Gecko) Chrome/79.0.3945.88 Safari/537.36" 
157.55.39.170 - - [22/Dec/2019:20:54:33 -0800] "GET /self.logs/2016/access.log.2016-01-08.gz HTTP/1.1" 200 7380 "-" "Mozilla/5.0 (compatible; bingbot/2.0; +http://www.bing.com/bingbot.htm)" 
207.46.13.252 - - [22/Dec/2019:21:00:35 -0800] "GET / HTTP/1.1" 200 12660 "-" "Mozilla/5.0 (compatible; bingbot/2.0; +http://www.bing.com/bingbot.htm)" 
1.68.112.153 - - [22/Dec/2019:21:01:38 -0800] "GET / HTTP/1.1" 200 12660 "-" "com.zhihu.android/Futureve/5.28.2 Mozilla/5.0 (Linux; Android 9; SM-G8870 Build/PPR1.180610.011; wv) AppleWebKit/537.36 (KHTML, like Gecko) Version/4.0 Chrome/74.0.3729.136 Mobile Safari/537.36" 
1.68.112.153 - - [22/Dec/2019:21:01:39 -0800] "GET /css/style.css HTTP/1.1" 404 271 "http://www.secrepo.com/" "com.zhihu.android/Futureve/5.28.2 Mozilla/5.0 (Linux; Android 9; SM-G8870 Build/PPR1.180610.011; wv) AppleWebKit/537.36 (KHTML, like Gecko) Version/4.0 Chrome/74.0.3729.136 Mobile Safari/537.36" 
1.68.112.153 - - [22/Dec/2019:21:01:39 -0800] "GET /twitter-icon.png HTTP/1.1" 200 27810 "http://www.secrepo.com/" "com.zhihu.android/Futureve/5.28.2 Mozilla/5.0 (Linux; Android 9; SM-G8870 Build/PPR1.180610.011; wv) AppleWebKit/537.36 (KHTML, like Gecko) Version/4.0 Chrome/74.0.3729.136 Mobile Safari/537.36" 
1.68.112.153 - - [22/Dec/2019:21:01:39 -0800] "GET /GitHub-Mark.png HTTP/1.1" 200 7450 "http://www.secrepo.com/" "com.zhihu.android/Futureve/5.28.2 Mozilla/5.0 (Linux; Android 9; SM-G8870 Build/PPR1.180610.011; wv) AppleWebKit/537.36 (KHTML, like Gecko) Version/4.0 Chrome/74.0.3729.136 Mobile Safari/537.36" 
1.68.112.153 - - [22/Dec/2019:21:01:47 -0800] "GET /bootstrap/img/favicon.ico HTTP/1.1" 200 624 "http://www.secrepo.com/" "com.zhihu.android/Futureve/5.28.2 Mozilla/5.0 (Linux; Android 9; SM-G8870 Build/PPR1.180610.011; wv) AppleWebKit/537.36 (KHTML, like Gecko) Version/4.0 Chrome/74.0.3729.136 Mobile Safari/537.36" 
61.129.7.235 - - [22/Dec/2019:21:03:39 -0800] "GET /?utm_source=wechat_session&utm_medium=social&utm_oi=1094154716308668416 HTTP/1.1" 200 47355 "-" "Mozilla/5.0 (Linux; Android 5.1.1; SM801 Build/LMY47V; wv) AppleWebKit/537.36 (KHTML, like Gecko) Version/4.0 Chrome/53.0.2785.49 Mobile MQQBrowser/6.2 TBS/043024 Safari/537.36 MicroMessenger/6.5.4.1000 NetType/4G Language/zh_CN" 
40.77.167.125 - - [22/Dec/2019:21:06:09 -0800] "GET /self.logs/access.log.2017-02-17.gz HTTP/1.1" 304 175 "-" "Mozilla/5.0 (compatible; bingbot/2.0; +http://www.bing.com/bingbot.htm)" 
207.46.13.252 - - [22/Dec/2019:21:08:32 -0800] "GET / HTTP/1.1" 200 12660 "-" "Mozilla/5.0 (compatible; bingbot/2.0; +http://www.bing.com/bingbot.htm)" 
108.59.8.70 - - [22/Dec/2019:21:17:08 -0800] "GET /robots.txt HTTP/1.1" 200 288 "-" "Mozilla/5.0 (compatible; MJ12bot/v1.4.8; http://mj12bot.com/)" 
108.59.8.70 - - [22/Dec/2019:21:17:12 -0800] "GET / HTTP/1.1" 200 12615 "-" "Mozilla/5.0 (compatible; MJ12bot/v1.4.8; http://mj12bot.com/)" 
40.77.167.125 - - [22/Dec/2019:21:20:39 -0800] "GET /self.logs/access.log.2018-09-02.gz HTTP/1.1" 200 20312 "-" "Mozilla/5.0 (compatible; bingbot/2.0; +http://www.bing.com/bingbot.htm)" 
113.171.224.176 - - [22/Dec/2019:21:23:50 -0800] "GET /honeypot/Honeypot%20-%20Howto.pdf HTTP/1.1" 200 61320 "-" "Mozilla/5.0 Gecko/20100115 Firefox/3.6" 
149.28.78.214 - - [22/Dec/2019:21:27:01 -0800] "GET /honeypot/honeypot.json.zip HTTP/1.1" 200 1232240 "-" "Mozilla/5.0 (Windows NT 10.0; Win64; x64) AppleWebKit/537.36 (KHTML, like Gecko) Chrome/79.0.3945.88 Safari/537.36" 
35.176.97.71 - - [22/Dec/2019:21:33:52 -0800] "GET / HTTP/1.1" 200 12660 "-" "Mozilla/5.0 (Linux; Android 6.0.1; CPH1607 Build/MMB29M; wv) AppleWebKit/537.36 (KHTML, like Gecko) Version/4.0 Chrome/63.0.3239.111 Mobile Safari/537.36" 
66.249.66.89 - - [22/Dec/2019:21:35:44 -0800] "GET /?page=PcapFiles HTTP/1.1" 200 12660 "-" "Mozilla/5.0 (Linux; Android 6.0.1; Nexus 5X Build/MMB29P) AppleWebKit/537.36 (KHTML, like Gecko) Chrome/41.0.2272.96 Mobile Safari/537.36 (compatible; Googlebot/2.1; +http://www.google.com/bot.html)" 
66.249.66.89 - - [22/Dec/2019:21:35:48 -0800] "GET /css/style.css HTTP/1.1" 404 294 "http://www.secrepo.com/?page=PcapFiles" "Mozilla/5.0 (Linux; Android 6.0.1; Nexus 5X Build/MMB29P) AppleWebKit/537.36 (KHTML, like Gecko) Chrome/41.0.2272.96 Mobile Safari/537.36 (compatible; Googlebot/2.1; +http://www.google.com/bot.html)" 
171.223.40.11 - - [22/Dec/2019:21:39:59 -0800] "GET /favicon.ico HTTP/1.1" 200 302 "-" "Mozilla/5.0 (Windows NT 6.1; WOW64) AppleWebKit/537.36 (KHTML, like Gecko) Chrome/63.0.3239.132 Safari/537.36" 
36.110.199.153 - - [22/Dec/2019:21:40:16 -0800] "GET / HTTP/1.1" 301 475 "http://www.baidu.com/s?wd=begun9iz" "Mozilla/5.0 (Windows NT 6.1; WOW64; rv:43.0) Gecko/20100101 Firefox/43.0" 
36.110.199.145 - - [22/Dec/2019:21:40:18 -0800] "GET / HTTP/1.1" 200 12660 "-" "Mozilla/5.0 (Windows NT 6.1; WOW64; rv:43.0) Gecko/20100101 Firefox/43.0" 
36.110.199.23 - - [22/Dec/2019:21:40:19 -0800] "GET /css/style.css HTTP/1.1" 404 294 "http://www.secrepo.com/" "Mozilla/5.0 (Windows NT 6.1; WOW64; rv:43.0) Gecko/20100101 Firefox/43.0" 
149.28.90.152 - - [22/Dec/2019:21:44:39 -0800] "GET /self.logs/access.log.2017-01-01.gz HTTP/1.1" 200 17536 "http://www.secrepo.com/self.logs/" "Mozilla/5.0 (Windows NT 10.0; Win64; x64) AppleWebKit/537.36 (KHTML, like Gecko) Chrome/79.0.3945.88 Safari/537.36" 
110.229.220.81 - - [22/Dec/2019:21:52:54 -0800] "GET /index.php?s=index/%5Cthink%5Capp/invokefunction&function=call_user_func_array&vars%5B0%5D=phpinfo&vars%5B1%5D%5B%5D=1 HTTP/1.1" 404 294 "-" "Mozilla/5.0 (Windows NT 10.0; WOW64; rv:48.0) Gecko/20100101 Firefox/48.0" 
108.59.8.70 - - [22/Dec/2019:21:54:13 -0800] "GET /robots.txt HTTP/1.1" 301 495 "-" "Mozilla/5.0 (compatible; MJ12bot/v1.4.8; http://mj12bot.com/)" 
77.111.247.34 - - [22/Dec/2019:21:54:14 -0800] "GET / HTTP/1.1" 200 12616 "-" "Mozilla/5.0 (Windows NT 10.0; Win64; x64) AppleWebKit/537.36 (KHTML, like Gecko) Chrome/78.0.3904.108 Safari/537.36 OPR/65.0.3467.78" 
108.59.8.70 - - [22/Dec/2019:21:54:14 -0800] "GET /robots.txt HTTP/1.1" 200 288 "-" "Mozilla/5.0 (compatible; MJ12bot/v1.4.8; http://mj12bot.com/)" 
77.111.247.34 - - [22/Dec/2019:21:54:14 -0800] "GET /css/style.css HTTP/1.1" 404 250 "http://www.secrepo.com/" "Mozilla/5.0 (Windows NT 10.0; Win64; x64) AppleWebKit/537.36 (KHTML, like Gecko) Chrome/78.0.3904.108 Safari/537.36 OPR/65.0.3467.78" 
77.111.247.34 - - [22/Dec/2019:21:54:16 -0800] "GET /twitter-icon.png HTTP/1.1" 200 27766 "http://www.secrepo.com/" "Mozilla/5.0 (Windows NT 10.0; Win64; x64) AppleWebKit/537.36 (KHTML, like Gecko) Chrome/78.0.3904.108 Safari/537.36 OPR/65.0.3467.78" 
77.111.247.34 - - [22/Dec/2019:21:54:16 -0800] "GET /GitHub-Mark.png HTTP/1.1" 200 7406 "http://www.secrepo.com/" "Mozilla/5.0 (Windows NT 10.0; Win64; x64) AppleWebKit/537.36 (KHTML, like Gecko) Chrome/78.0.3904.108 Safari/537.36 OPR/65.0.3467.78" 
108.59.8.70 - - [22/Dec/2019:21:54:16 -0800] "GET / HTTP/1.1" 301 419 "-" "Mozilla/5.0 (compatible; MJ12bot/v1.4.8; http://mj12bot.com/)" 
77.111.247.34 - - [22/Dec/2019:21:54:18 -0800] "GET /bootstrap/img/favicon.ico HTTP/1.1" 200 580 "http://www.secrepo.com/" "Mozilla/5.0 (Windows NT 10.0; Win64; x64) AppleWebKit/537.36 (KHTML, like Gecko) Chrome/78.0.3904.108 Safari/537.36 OPR/65.0.3467.78" 
108.59.8.70 - - [22/Dec/2019:21:54:18 -0800] "GET / HTTP/1.1" 200 12616 "-" "Mozilla/5.0 (compatible; MJ12bot/v1.4.8; http://mj12bot.com/)" 
202.204.205.133 - - [22/Dec/2019:22:08:18 -0800] "GET / HTTP/1.1" 200 12658 "-" "Mozilla/5.0 (X11; Linux x86_64) AppleWebKit/537.36 (KHTML, like Gecko) Chrome/78.0.3904.108 Safari/537.36" 
202.204.205.133 - - [22/Dec/2019:22:08:18 -0800] "GET /css/style.css HTTP/1.1" 404 294 "http://www.secrepo.com/" "Mozilla/5.0 (X11; Linux x86_64) AppleWebKit/537.36 (KHTML, like Gecko) Chrome/78.0.3904.108 Safari/537.36" 
202.204.205.133 - - [22/Dec/2019:22:08:18 -0800] "GET /twitter-icon.png HTTP/1.1" 200 27787 "http://www.secrepo.com/" "Mozilla/5.0 (X11; Linux x86_64) AppleWebKit/537.36 (KHTML, like Gecko) Chrome/78.0.3904.108 Safari/537.36" 
202.204.205.133 - - [22/Dec/2019:22:08:18 -0800] "GET /GitHub-Mark.png HTTP/1.1" 200 7450 "http://www.secrepo.com/" "Mozilla/5.0 (X11; Linux x86_64) AppleWebKit/537.36 (KHTML, like Gecko) Chrome/78.0.3904.108 Safari/537.36" 
202.204.205.133 - - [22/Dec/2019:22:08:22 -0800] "GET /bootstrap/img/favicon.ico HTTP/1.1" 200 624 "http://www.secrepo.com/" "Mozilla/5.0 (X11; Linux x86_64) AppleWebKit/537.36 (KHTML, like Gecko) Chrome/78.0.3904.108 Safari/537.36" 
157.55.39.30 - - [22/Dec/2019:22:24:52 -0800] "GET /robots.txt HTTP/1.1" 200 288 "-" "Mozilla/5.0 (compatible; bingbot/2.0; +http://www.bing.com/bingbot.htm)" 
157.55.39.170 - - [22/Dec/2019:22:25:27 -0800] "GET /self.logs/error.log.2019-05-22.gz HTTP/1.1" 200 10827 "-" "Mozilla/5.0 (compatible; bingbot/2.0; +http://www.bing.com/bingbot.htm)" 
157.55.39.170 - - [22/Dec/2019:22:25:27 -0800] "GET /self.logs/error.log.2018-02-22.gz HTTP/1.1" 200 4233 "-" "Mozilla/5.0 (compatible; bingbot/2.0; +http://www.bing.com/bingbot.htm)" 
207.46.13.196 - - [22/Dec/2019:22:27:54 -0800] "GET /self.logs/error.log.2019-01-01.gz HTTP/1.1" 200 7120 "-" "Mozilla/5.0 (compatible; bingbot/2.0; +http://www.bing.com/bingbot.htm)" 
113.171.224.176 - - [22/Dec/2019:22:29:44 -0800] "GET /honeypot/Honeypot%20-%20Howto.pdf HTTP/1.1" 200 61320 "-" "Mozilla/5.0 Gecko/20100115 Firefox/3.6" 
40.77.167.25 - - [22/Dec/2019:22:29:52 -0800] "GET /self.logs/access.log.2019-10-18.gz HTTP/1.1" 200 23619 "-" "Mozilla/5.0 (compatible; bingbot/2.0; +http://www.bing.com/bingbot.htm)" 
45.79.106.194 - - [22/Dec/2019:22:33:16 -0800] "GET /favicon.ico HTTP/1.1" 200 302 "-" "Mozilla/5.0 (Windows NT 6.1; WOW64) AppleWebKit/537.36 (KHTML, like Gecko) Chrome/69.0.3497.100 Safari/537.36" 
77.111.247.34 - - [22/Dec/2019:22:39:08 -0800] "GET / HTTP/1.1" 200 12615 "-" "Mozilla/5.0 (Windows NT 10.0; Win64; x64) AppleWebKit/537.36 (KHTML, like Gecko) Chrome/78.0.3904.108 Safari/537.36 OPR/65.0.3467.78" 
77.111.247.34 - - [22/Dec/2019:22:39:08 -0800] "GET /css/style.css HTTP/1.1" 404 250 "http://www.secrepo.com/" "Mozilla/5.0 (Windows NT 10.0; Win64; x64) AppleWebKit/537.36 (KHTML, like Gecko) Chrome/78.0.3904.108 Safari/537.36 OPR/65.0.3467.78" 
5.248.255.159 - - [22/Dec/2019:22:53:28 -0800] "GET /Datasets%20Description/Network/ HTTP/1.1" 200 1546 "https://immigrational.info/" "Mozilla/4.0 (compatible; MSIE 6.0; Windows NT 5.1; SV1; Media Center PC" 
5.248.255.159 - - [22/Dec/2019:22:53:28 -0800] "GET /Datasets%20Description/Network/ HTTP/1.1" 200 1546 "https://immigrational.info/" "Mozilla/4.0 (compatible; MSIE 6.0; Windows NT 5.1; SV1; Media Center PC" 
5.248.255.159 - - [22/Dec/2019:22:53:29 -0800] "GET /Datasets%20Description/Network/ HTTP/1.1" 200 1546 "https://immigrational.info/" "Mozilla/4.0 (compatible; MSIE 6.0; Windows NT 5.1; SV1; Media Center PC" 
91.242.162.49 - - [22/Dec/2019:22:55:07 -0800] "GET /robots.txt HTTP/1.1" 200 251 "-" "Mozilla/5.0 (compatible; Qwantify/2.4w; +https://www.qwant.com/)/2.4w" 
91.242.162.49 - - [22/Dec/2019:22:55:07 -0800] "GET /maccdc2012/maccdc2012_full_alert.7z HTTP/1.1" 200 84680 "-" "Mozilla/5.0 (compatible; Qwantify/2.4w; +https://www.qwant.com/)/2.4w" 
115.156.141.206 - - [22/Dec/2019:22:59:14 -0800] "GET / HTTP/1.1" 200 12658 "-" "Mozilla/5.0 (Windows NT 10.0; Win64; x64) AppleWebKit/537.36 (KHTML, like Gecko) Chrome/79.0.3945.88 Safari/537.36" 
115.156.141.206 - - [22/Dec/2019:22:59:14 -0800] "GET /css/style.css HTTP/1.1" 404 271 "http://www.secrepo.com/" "Mozilla/5.0 (Windows NT 10.0; Win64; x64) AppleWebKit/537.36 (KHTML, like Gecko) Chrome/79.0.3945.88 Safari/537.36" 
115.156.141.206 - - [22/Dec/2019:22:59:14 -0800] "GET /twitter-icon.png HTTP/1.1" 200 27810 "http://www.secrepo.com/" "Mozilla/5.0 (Windows NT 10.0; Win64; x64) AppleWebKit/537.36 (KHTML, like Gecko) Chrome/79.0.3945.88 Safari/537.36" 
115.156.141.206 - - [22/Dec/2019:22:59:14 -0800] "GET /GitHub-Mark.png HTTP/1.1" 200 7450 "http://www.secrepo.com/" "Mozilla/5.0 (Windows NT 10.0; Win64; x64) AppleWebKit/537.36 (KHTML, like Gecko) Chrome/79.0.3945.88 Safari/537.36" 
115.156.141.206 - - [22/Dec/2019:22:59:17 -0800] "GET /bootstrap/img/favicon.ico HTTP/1.1" 200 624 "http://www.secrepo.com/" "Mozilla/5.0 (Windows NT 10.0; Win64; x64) AppleWebKit/537.36 (KHTML, like Gecko) Chrome/79.0.3945.88 Safari/537.36" 
207.46.13.196 - - [22/Dec/2019:22:59:06 -0800] "GET /maccdc2012/files.log.gz HTTP/1.1" 200 11064640 "-" "Mozilla/5.0 (compatible; bingbot/2.0; +http://www.bing.com/bingbot.htm)" 
115.156.141.206 - - [22/Dec/2019:23:00:12 -0800] "GET /css/style.css HTTP/1.1" 404 294 "http://www.secrepo.com/" "Mozilla/5.0 (Windows NT 10.0; Win64; x64) AppleWebKit/537.36 (KHTML, like Gecko) Chrome/79.0.3945.88 Safari/537.36" 
