49.157.23.82 - - [15/Apr/2022:02:46:39 -0700] "POST //index.php?m=member&c=index&a=register&siteid=1 HTTP/1.1" 404 328 "-" "Mozilla/4.0 (compatible; MSIE 6.0; Windows NT 5.2; en) Opera 9.50" 
49.157.23.82 - - [15/Apr/2022:02:46:43 -0700] "POST //index.php?m=member&c=index&a=register&siteid=1 HTTP/1.1" 404 328 "-" "Mozilla/4.0 (compatible; MSIE 6.0; Windows NT 5.2; en) Opera 9.50" 
114.119.145.137 - - [15/Apr/2022:02:50:43 -0700] "GET /self.logs/access.log.2018-10-17.gz HTTP/1.1" 200 26574 "-" "Mozilla/5.0 (Linux; Android 7.0;) AppleWebKit/537.36 (KHTML, like Gecko) Mobile Safari/537.36 (compatible; PetalBot;+https://webmaster.petalsearch.com/site/petalbot)" 
154.54.249.18 - - [15/Apr/2022:02:57:24 -0700] "GET /robots.txt HTTP/1.1" 200 377 "-" "Mozilla/5.0 (compatible; Barkrowler/0.9; +https://babbar.tech/crawler)" 
154.54.249.18 - - [15/Apr/2022:02:57:48 -0700] "GET / HTTP/1.1" 200 13185 "-" "Mozilla/5.0 (compatible; Barkrowler/0.9; +https://babbar.tech/crawler)" 
154.54.249.18 - - [15/Apr/2022:02:58:13 -0700] "GET /self.logs/2015/?C=M;O=A HTTP/1.1" 200 7706 "-" "Mozilla/5.0 (compatible; Barkrowler/0.9; +https://babbar.tech/crawler)" 
51.222.253.15 - - [15/Apr/2022:02:58:20 -0700] "GET / HTTP/1.1" 200 13141 "-" "Mozilla/5.0 (compatible; AhrefsBot/7.0; +http://ahrefs.com/robot/)" 
154.54.249.18 - - [15/Apr/2022:02:58:41 -0700] "GET /self.logs/2015/?C=S;O=A HTTP/1.1" 200 8288 "-" "Mozilla/5.0 (compatible; Barkrowler/0.9; +https://babbar.tech/crawler)" 
154.54.249.18 - - [15/Apr/2022:02:59:06 -0700] "GET /self.logs/2016/?C=M;O=A HTTP/1.1" 200 8029 "-" "Mozilla/5.0 (compatible; Barkrowler/0.9; +https://babbar.tech/crawler)" 
49.7.20.111 - - [15/Apr/2022:02:59:23 -0700] "GET / HTTP/1.1" 200 13148 "-" "Sogou web spider/4.0(+http://www.sogou.com/docs/help/webmasters.htm#07)" 
154.54.249.18 - - [15/Apr/2022:02:59:31 -0700] "GET /self.logs/2016/?C=S;O=A HTTP/1.1" 200 8583 "-" "Mozilla/5.0 (compatible; Barkrowler/0.9; +https://babbar.tech/crawler)" 
154.54.249.18 - - [15/Apr/2022:02:59:55 -0700] "GET /self.logs/2016/?C=D;O=A HTTP/1.1" 200 7860 "-" "Mozilla/5.0 (compatible; Barkrowler/0.9; +https://babbar.tech/crawler)" 
40.77.167.46 - - [15/Apr/2022:03:00:14 -0700] "GET / HTTP/1.1" 301 475 "-" "Mozilla/5.0 (compatible; bingbot/2.0; +http://www.bing.com/bingbot.htm)" 
154.54.249.18 - - [15/Apr/2022:03:00:20 -0700] "GET /Datasets%20Description/HTML_Bro_log_3 HTTP/1.1" 301 619 "-" "Mozilla/5.0 (compatible; Barkrowler/0.9; +https://babbar.tech/crawler)" 
154.54.249.18 - - [15/Apr/2022:03:00:44 -0700] "GET /Datasets%20Description/PE_malware/?C=N;O=A HTTP/1.1" 200 686 "-" "Mozilla/5.0 (compatible; Barkrowler/0.9; +https://babbar.tech/crawler)" 
157.55.39.91 - - [15/Apr/2022:03:02:11 -0700] "GET /self.logs/2016/error.log.2016-07-27.gz HTTP/1.1" 200 1037 "-" "Mozilla/5.0 (compatible; bingbot/2.0; +http://www.bing.com/bingbot.htm)" 
15.165.45.41 - - [15/Apr/2022:03:03:14 -0700] "GET /honeypot/honeypot.json.zip HTTP/1.1" 200 23086043 "https://link.csdn.net/?target=http%3A%2F%2Fwww.secrepo.com%2Fhoneypot%2Fhoneypot.json.zip" "Mozilla/5.0 (Windows NT 10.0; Win64; x64) AppleWebKit/537.36 (KHTML, like Gecko) Chrome/100.0.4896.75 Safari/537.36 Edg/100.0.1185.39" 
114.119.149.23 - - [15/Apr/2022:03:08:19 -0700] "GET /self.logs/error.log.2018-05-11.gz HTTP/1.1" 200 11253 "-" "Mozilla/5.0 (Linux; Android 7.0;) AppleWebKit/537.36 (KHTML, like Gecko) Mobile Safari/537.36 (compatible; PetalBot;+https://webmaster.petalsearch.com/site/petalbot)" 
15.165.45.41 - - [15/Apr/2022:03:10:53 -0700] "GET / HTTP/1.1" 200 13141 "-" "Mozilla/5.0 (Windows NT 10.0; Win64; x64) AppleWebKit/537.36 (KHTML, like Gecko) Chrome/100.0.4896.75 Safari/537.36 Edg/100.0.1185.39" 
15.165.45.41 - - [15/Apr/2022:03:10:54 -0700] "GET /css/style.css HTTP/1.1" 404 250 "http://www.secrepo.com/" "Mozilla/5.0 (Windows NT 10.0; Win64; x64) AppleWebKit/537.36 (KHTML, like Gecko) Chrome/100.0.4896.75 Safari/537.36 Edg/100.0.1185.39" 
15.165.45.41 - - [15/Apr/2022:03:10:54 -0700] "GET /twitter-icon.png HTTP/1.1" 200 27872 "http://www.secrepo.com/" "Mozilla/5.0 (Windows NT 10.0; Win64; x64) AppleWebKit/537.36 (KHTML, like Gecko) Chrome/100.0.4896.75 Safari/537.36 Edg/100.0.1185.39" 
15.165.45.41 - - [15/Apr/2022:03:10:54 -0700] "GET /GitHub-Mark.png HTTP/1.1" 200 7512 "http://www.secrepo.com/" "Mozilla/5.0 (Windows NT 10.0; Win64; x64) AppleWebKit/537.36 (KHTML, like Gecko) Chrome/100.0.4896.75 Safari/537.36 Edg/100.0.1185.39" 
40.77.167.2 - - [15/Apr/2022:03:10:55 -0700] "GET /self.logs/ HTTP/1.1" 200 35529 "-" "Mozilla/5.0 (compatible; bingbot/2.0; +http://www.bing.com/bingbot.htm)" 
15.165.45.41 - - [15/Apr/2022:03:10:59 -0700] "GET /bootstrap/img/favicon.ico HTTP/1.1" 200 669 "http://www.secrepo.com/" "Mozilla/5.0 (Windows NT 10.0; Win64; x64) AppleWebKit/537.36 (KHTML, like Gecko) Chrome/100.0.4896.75 Safari/537.36 Edg/100.0.1185.39" 
15.165.45.41 - - [15/Apr/2022:03:11:25 -0700] "GET /css/style.css HTTP/1.1" 404 284 "http://www.secrepo.com/" "Mozilla/5.0 (Windows NT 10.0; Win64; x64) AppleWebKit/537.36 (KHTML, like Gecko) Chrome/100.0.4896.75 Safari/537.36 Edg/100.0.1185.39" 
123.183.224.73 - - [15/Apr/2022:03:12:10 -0700] "GET / HTTP/1.1" 200 13148 "-" "Sogou web spider/4.0(+http://www.sogou.com/docs/help/webmasters.htm#07)" 
114.119.149.23 - - [15/Apr/2022:03:19:58 -0700] "GET /self.logs/error.log.2017-09-25.gz HTTP/1.1" 200 1892 "-" "Mozilla/5.0 (Linux; Android 7.0;) AppleWebKit/537.36 (KHTML, like Gecko) Mobile Safari/537.36 (compatible; PetalBot;+https://webmaster.petalsearch.com/site/petalbot)" 
114.119.149.218 - - [15/Apr/2022:03:25:44 -0700] "GET /self.logs/error.log.2020-09-02 HTTP/1.1" 200 935 "-" "Mozilla/5.0 (Linux; Android 7.0;) AppleWebKit/537.36 (KHTML, like Gecko) Mobile Safari/537.36 (compatible; PetalBot;+https://webmaster.petalsearch.com/site/petalbot)" 
49.7.20.111 - - [15/Apr/2022:03:28:40 -0700] "GET / HTTP/1.1" 301 438 "-" "Sogou web spider/4.0(+http://www.sogou.com/docs/help/webmasters.htm#07)" 
49.7.20.105 - - [15/Apr/2022:03:28:43 -0700] "GET / HTTP/1.1" 200 13148 "-" "Sogou web spider/4.0(+http://www.sogou.com/docs/help/webmasters.htm#07)" 
114.119.149.222 - - [15/Apr/2022:03:31:36 -0700] "GET /self.logs/error.log.2019-09-07.gz HTTP/1.1" 200 2053 "-" "Mozilla/5.0 (Linux; Android 7.0;) AppleWebKit/537.36 (KHTML, like Gecko) Mobile Safari/537.36 (compatible; PetalBot;+https://webmaster.petalsearch.com/site/petalbot)" 
116.179.32.95 - - [15/Apr/2022:03:37:14 -0700] "GET /honeypot/Honeypot%20-%20Howto.pdf HTTP/1.1" 200 1279492 "-" "Mozilla/5.0 (compatible; Baiduspider/2.0; +http://www.baidu.com/search/spider.html)" 
40.77.167.2 - - [15/Apr/2022:03:45:38 -0700] "GET /self.logs/ HTTP/1.1" 200 35529 "-" "Mozilla/5.0 (compatible; bingbot/2.0; +http://www.bing.com/bingbot.htm)" 
49.7.20.111 - - [15/Apr/2022:03:53:23 -0700] "GET / HTTP/1.1" 200 13148 "-" "Sogou web spider/4.0(+http://www.sogou.com/docs/help/webmasters.htm#07)" 
123.183.224.73 - - [15/Apr/2022:04:04:28 -0700] "GET / HTTP/1.1" 200 13148 "-" "Sogou web spider/4.0(+http://www.sogou.com/docs/help/webmasters.htm#07)" 
114.119.140.174 - - [15/Apr/2022:04:06:27 -0700] "GET /self.logs/access.log.2019-07-15 HTTP/1.1" 200 372562 "-" "Mozilla/5.0 (Linux; Android 7.0;) AppleWebKit/537.36 (KHTML, like Gecko) Mobile Safari/537.36 (compatible; PetalBot;+https://webmaster.petalsearch.com/site/petalbot)" 
5.9.106.204 - - [15/Apr/2022:04:16:26 -0700] "GET / HTTP/1.1" 301 475 "-" "Mozilla/5.0 (Windows NT 10.0; Win64; x64) AppleWebKit/537.36 (KHTML, like Gecko) Chrome/94.0.4606.71 Safari/537.36" 
5.9.106.204 - - [15/Apr/2022:04:16:26 -0700] "GET / HTTP/1.1" 200 13185 "-" "Mozilla/5.0 (Windows NT 10.0; Win64; x64) AppleWebKit/537.36 (KHTML, like Gecko) Chrome/94.0.4606.71 Safari/537.36" 
5.9.106.204 - - [15/Apr/2022:04:16:27 -0700] "GET /css/style.css HTTP/1.1" 404 305 "http://www.secrepo.com/" "Mozilla/5.0 (Windows NT 10.0; Win64; x64) AppleWebKit/537.36 (KHTML, like Gecko) Chrome/94.0.4606.71 Safari/537.36" 
5.9.106.204 - - [15/Apr/2022:04:16:27 -0700] "GET /twitter-icon.png HTTP/1.1" 200 27916 "http://www.secrepo.com/" "Mozilla/5.0 (Windows NT 10.0; Win64; x64) AppleWebKit/537.36 (KHTML, like Gecko) Chrome/94.0.4606.71 Safari/537.36" 
5.9.106.204 - - [15/Apr/2022:04:16:27 -0700] "GET /GitHub-Mark.png HTTP/1.1" 200 7556 "http://www.secrepo.com/" "Mozilla/5.0 (Windows NT 10.0; Win64; x64) AppleWebKit/537.36 (KHTML, like Gecko) Chrome/94.0.4606.71 Safari/537.36" 
5.9.106.204 - - [15/Apr/2022:04:16:29 -0700] "GET / HTTP/1.1" 200 13185 "http://www.secrepo.com/" "Mozilla/5.0 (X11; Linux x86_64) AppleWebKit/537.36 (KHTML, like Gecko) HeadlessChrome/91.0.4469.0 Safari/537.36" 
5.9.106.204 - - [15/Apr/2022:04:16:29 -0700] "GET /css/style.css HTTP/1.1" 404 305 "http://www.secrepo.com/" "Mozilla/5.0 (X11; Linux x86_64) AppleWebKit/537.36 (KHTML, like Gecko) HeadlessChrome/91.0.4469.0 Safari/537.36" 
5.9.106.204 - - [15/Apr/2022:04:16:29 -0700] "GET /twitter-icon.png HTTP/1.1" 304 281 "http://www.secrepo.com/" "Mozilla/5.0 (X11; Linux x86_64) AppleWebKit/537.36 (KHTML, like Gecko) HeadlessChrome/91.0.4469.0 Safari/537.36" 
5.9.106.204 - - [15/Apr/2022:04:16:29 -0700] "GET /GitHub-Mark.png HTTP/1.1" 304 271 "http://www.secrepo.com/" "Mozilla/5.0 (X11; Linux x86_64) AppleWebKit/537.36 (KHTML, like Gecko) HeadlessChrome/91.0.4469.0 Safari/537.36" 
40.77.167.2 - - [15/Apr/2022:04:19:31 -0700] "GET /self.logs/ HTTP/1.1" 200 35529 "-" "Mozilla/5.0 (compatible; bingbot/2.0; +http://www.bing.com/bingbot.htm)" 
114.119.149.228 - - [15/Apr/2022:04:23:32 -0700] "GET /self.logs/2016/error.log.2016-04-10.gz HTTP/1.1" 200 805 "-" "Mozilla/5.0 (Linux; Android 7.0;) AppleWebKit/537.36 (KHTML, like Gecko) Mobile Safari/537.36 (compatible; PetalBot;+https://webmaster.petalsearch.com/site/petalbot)" 
112.5.37.192 - - [15/Apr/2022:04:24:36 -0700] "GET / HTTP/1.1" 200 49089 "-" "-" 
114.119.149.228 - - [15/Apr/2022:04:29:18 -0700] "GET /self.logs/access.log.2019-09-11.gz HTTP/1.1" 200 33656 "-" "Mozilla/5.0 (Linux; Android 7.0;) AppleWebKit/537.36 (KHTML, like Gecko) Mobile Safari/537.36 (compatible; PetalBot;+https://webmaster.petalsearch.com/site/petalbot)" 
13.215.159.160 - - [15/Apr/2022:04:30:23 -0700] "GET / HTTP/1.1" 200 13141 "http://www.secrepo.com/" "Mozilla/5.0 (Windows NT 10.0; Win64; x64) AppleWebKit/537.36 (KHTML, like Gecko) Chrome/100.0.4896.75 Safari/537.36 Edg/100.0.1185.39" 
13.215.159.160 - - [15/Apr/2022:04:30:23 -0700] "GET /css/style.css HTTP/1.1" 404 250 "http://www.secrepo.com/" "Mozilla/5.0 (Windows NT 10.0; Win64; x64) AppleWebKit/537.36 (KHTML, like Gecko) Chrome/100.0.4896.75 Safari/537.36 Edg/100.0.1185.39" 
49.7.20.111 - - [15/Apr/2022:04:36:49 -0700] "GET / HTTP/1.1" 200 13148 "-" "Sogou web spider/4.0(+http://www.sogou.com/docs/help/webmasters.htm#07)" 
49.197.229.90 - - [15/Apr/2022:04:40:54 -0700] "GET / HTTP/1.1" 200 13185 "-" "Mozilla/5.0 (Windows NT 10.0; Win64; x64) AppleWebKit/537.36 (KHTML, like Gecko) Chrome/100.0.4896.75 Safari/537.36 Edg/100.0.1185.39" 
49.197.229.90 - - [15/Apr/2022:04:40:54 -0700] "GET /css/style.css HTTP/1.1" 404 305 "http://www.secrepo.com/" "Mozilla/5.0 (Windows NT 10.0; Win64; x64) AppleWebKit/537.36 (KHTML, like Gecko) Chrome/100.0.4896.75 Safari/537.36 Edg/100.0.1185.39" 
49.197.229.90 - - [15/Apr/2022:04:40:54 -0700] "GET /twitter-icon.png HTTP/1.1" 200 27916 "http://www.secrepo.com/" "Mozilla/5.0 (Windows NT 10.0; Win64; x64) AppleWebKit/537.36 (KHTML, like Gecko) Chrome/100.0.4896.75 Safari/537.36 Edg/100.0.1185.39" 
49.197.229.90 - - [15/Apr/2022:04:40:54 -0700] "GET /GitHub-Mark.png HTTP/1.1" 200 7533 "http://www.secrepo.com/" "Mozilla/5.0 (Windows NT 10.0; Win64; x64) AppleWebKit/537.36 (KHTML, like Gecko) Chrome/100.0.4896.75 Safari/537.36 Edg/100.0.1185.39" 
114.119.145.137 - - [15/Apr/2022:04:40:56 -0700] "GET /self.logs/error.log.2020-12-28 HTTP/1.1" 200 351 "-" "Mozilla/5.0 (Linux; Android 7.0;) AppleWebKit/537.36 (KHTML, like Gecko) Mobile Safari/537.36 (compatible; PetalBot;+https://webmaster.petalsearch.com/site/petalbot)" 
49.197.229.90 - - [15/Apr/2022:04:40:57 -0700] "GET /bootstrap/img/favicon.ico HTTP/1.1" 200 713 "http://www.secrepo.com/" "Mozilla/5.0 (Windows NT 10.0; Win64; x64) AppleWebKit/537.36 (KHTML, like Gecko) Chrome/100.0.4896.75 Safari/537.36 Edg/100.0.1185.39" 
49.197.229.90 - - [15/Apr/2022:04:43:31 -0700] "GET /Datasets%20Description/Network/http.html HTTP/1.1" 200 1709 "http://www.secrepo.com/" "Mozilla/5.0 (Windows NT 10.0; Win64; x64) AppleWebKit/537.36 (KHTML, like Gecko) Chrome/100.0.4896.75 Safari/537.36 Edg/100.0.1185.39" 
49.197.229.90 - - [15/Apr/2022:04:43:31 -0700] "GET /favicon.ico HTTP/1.1" 200 368 "http://www.secrepo.com/Datasets%20Description/Network/http.html" "Mozilla/5.0 (Windows NT 10.0; Win64; x64) AppleWebKit/537.36 (KHTML, like Gecko) Chrome/100.0.4896.75 Safari/537.36 Edg/100.0.1185.39" 
13.215.159.160 - - [15/Apr/2022:04:44:56 -0700] "GET /maccdc2012/weird.log.gz HTTP/1.1" 200 1252810 "http://www.secrepo.com/" "Mozilla/5.0 (Windows NT 10.0; Win64; x64) AppleWebKit/537.36 (KHTML, like Gecko) Chrome/100.0.4896.75 Safari/537.36 Edg/100.0.1185.39" 
51.222.253.5 - - [15/Apr/2022:04:46:32 -0700] "GET /Datasets%20Description/PE_malware/OPCleaver.html HTTP/1.1" 200 1414 "-" "Mozilla/5.0 (compatible; AhrefsBot/7.0; +http://ahrefs.com/robot/)" 
123.125.109.129 - - [15/Apr/2022:04:46:46 -0700] "GET / HTTP/1.1" 301 438 "-" "Sogou web spider/4.0(+http://www.sogou.com/docs/help/webmasters.htm#07)" 
13.215.159.160 - - [15/Apr/2022:04:46:57 -0700] "GET / HTTP/1.1" 200 13141 "http://www.secrepo.com/" "Mozilla/5.0 (Windows NT 10.0; Win64; x64) AppleWebKit/537.36 (KHTML, like Gecko) Chrome/100.0.4896.75 Safari/537.36 Edg/100.0.1185.39" 
13.215.159.160 - - [15/Apr/2022:04:46:58 -0700] "GET /css/style.css HTTP/1.1" 404 284 "http://www.secrepo.com/" "Mozilla/5.0 (Windows NT 10.0; Win64; x64) AppleWebKit/537.36 (KHTML, like Gecko) Chrome/100.0.4896.75 Safari/537.36 Edg/100.0.1185.39" 
40.77.167.2 - - [15/Apr/2022:04:52:24 -0700] "GET /self.logs/ HTTP/1.1" 200 35529 "-" "Mozilla/5.0 (compatible; bingbot/2.0; +http://www.bing.com/bingbot.htm)" 
114.119.140.174 - - [15/Apr/2022:04:52:32 -0700] "GET /self.logs/2016/error.log.2016-02-13.gz HTTP/1.1" 200 912 "-" "Mozilla/5.0 (Linux; Android 7.0;) AppleWebKit/537.36 (KHTML, like Gecko) Mobile Safari/537.36 (compatible; PetalBot;+https://webmaster.petalsearch.com/site/petalbot)" 
123.125.109.129 - - [15/Apr/2022:04:53:12 -0700] "GET / HTTP/1.1" 200 13148 "-" "Sogou web spider/4.0(+http://www.sogou.com/docs/help/webmasters.htm#07)" 
194.166.59.177 - - [15/Apr/2022:04:53:29 -0700] "GET / HTTP/1.1" 200 13185 "-" "Mozilla/5.0 (X11; Fedora; Linux x86_64) AppleWebKit/537.36 (KHTML, like Gecko) Chrome/100.0.4896.88 Safari/537.36" 
194.166.59.177 - - [15/Apr/2022:04:53:29 -0700] "GET /css/style.css HTTP/1.1" 404 305 "http://www.secrepo.com/" "Mozilla/5.0 (X11; Fedora; Linux x86_64) AppleWebKit/537.36 (KHTML, like Gecko) Chrome/100.0.4896.88 Safari/537.36" 
194.166.59.177 - - [15/Apr/2022:04:53:29 -0700] "GET /twitter-icon.png HTTP/1.1" 200 27893 "http://www.secrepo.com/" "Mozilla/5.0 (X11; Fedora; Linux x86_64) AppleWebKit/537.36 (KHTML, like Gecko) Chrome/100.0.4896.88 Safari/537.36" 
194.166.59.177 - - [15/Apr/2022:04:53:29 -0700] "GET /GitHub-Mark.png HTTP/1.1" 200 7556 "http://www.secrepo.com/" "Mozilla/5.0 (X11; Fedora; Linux x86_64) AppleWebKit/537.36 (KHTML, like Gecko) Chrome/100.0.4896.88 Safari/537.36" 
194.166.59.177 - - [15/Apr/2022:04:53:29 -0700] "GET /bootstrap/img/favicon.ico HTTP/1.1" 200 690 "http://www.secrepo.com/" "Mozilla/5.0 (X11; Fedora; Linux x86_64) AppleWebKit/537.36 (KHTML, like Gecko) Chrome/100.0.4896.88 Safari/537.36" 
49.157.23.82 - - [15/Apr/2022:04:55:30 -0700] "GET //Content/Ueditor/net/controller.ashx?action=catchimage HTTP/1.1" 404 328 "-" "Opera/9.80 (Windows NT 6.1; U; en) Presto/2.8.131 Version/11.11" 
49.157.23.82 - - [15/Apr/2022:04:55:34 -0700] "GET //ueditor/net/controller.ashx?action=catchimage HTTP/1.1" 404 328 "-" "Opera/9.80 (Windows NT 6.1; U; en) Presto/2.8.131 Version/11.11" 
49.157.23.82 - - [15/Apr/2022:04:55:38 -0700] "GET //Scripts/ueditor/net/controller.ashx?action=catchimage HTTP/1.1" 404 328 "-" "Opera/9.80 (Windows NT 6.1; U; en) Presto/2.8.131 Version/11.11" 
123.183.224.73 - - [15/Apr/2022:04:57:00 -0700] "GET / HTTP/1.1" 200 13148 "-" "Sogou web spider/4.0(+http://www.sogou.com/docs/help/webmasters.htm#07)" 
114.119.149.23 - - [15/Apr/2022:05:04:04 -0700] "GET /self.logs/error.log.2019-11-12.gz HTTP/1.1" 200 1047 "-" "Mozilla/5.0 (Linux; Android 7.0;) AppleWebKit/537.36 (KHTML, like Gecko) Mobile Safari/537.36 (compatible; PetalBot;+https://webmaster.petalsearch.com/site/petalbot)" 
128.244.13.15 - - [15/Apr/2022:05:08:37 -0700] "GET /GitHub-Mark.png HTTP/1.1" 200 7512 "-" "Mozilla/5.0 (Macintosh; Intel Mac OS X 10_15_7) AppleWebKit/605.1.15 (KHTML, like Gecko) Version/14.1.2 Safari/605.1.15" 
128.244.13.15 - - [15/Apr/2022:05:08:37 -0700] "GET /twitter-icon.png HTTP/1.1" 200 27872 "-" "Mozilla/5.0 (Macintosh; Intel Mac OS X 10_15_7) AppleWebKit/605.1.15 (KHTML, like Gecko) Version/14.1.2 Safari/605.1.15" 
114.119.149.228 - - [15/Apr/2022:05:09:50 -0700] "GET /self.logs/error.log.2017-09-13.gz HTTP/1.1" 200 4202 "-" "Mozilla/5.0 (Linux; Android 7.0;) AppleWebKit/537.36 (KHTML, like Gecko) Mobile Safari/537.36 (compatible; PetalBot;+https://webmaster.petalsearch.com/site/petalbot)" 
114.119.149.218 - - [15/Apr/2022:05:21:24 -0700] "GET /self.logs/error.log.2018-08-28.gz HTTP/1.1" 200 7044 "-" "Mozilla/5.0 (Linux; Android 7.0;) AppleWebKit/537.36 (KHTML, like Gecko) Mobile Safari/537.36 (compatible; PetalBot;+https://webmaster.petalsearch.com/site/petalbot)" 
112.5.37.192 - - [15/Apr/2022:05:25:40 -0700] "GET / HTTP/1.1" 200 49089 "-" "-" 
40.77.167.2 - - [15/Apr/2022:05:26:17 -0700] "GET /self.logs/ HTTP/1.1" 200 35550 "-" "Mozilla/5.0 (compatible; bingbot/2.0; +http://www.bing.com/bingbot.htm)" 
144.202.83.166 - - [15/Apr/2022:05:26:36 -0700] "GET /favicon.ico HTTP/1.1" 200 354 "-" "Mozilla/5.0 (Windows NT 10.0; Win64; x64) AppleWebKit/537.36 (KHTML, like Gecko) Chrome/95.0.4638.69 Safari/537.36" 
114.119.149.23 - - [15/Apr/2022:05:27:09 -0700] "GET /self.logs/error.log.2017-07-15.gz HTTP/1.1" 200 915 "-" "Mozilla/5.0 (Linux; Android 7.0;) AppleWebKit/537.36 (KHTML, like Gecko) Mobile Safari/537.36 (compatible; PetalBot;+https://webmaster.petalsearch.com/site/petalbot)" 
49.7.20.111 - - [15/Apr/2022:05:32:28 -0700] "GET / HTTP/1.1" 200 13148 "-" "Sogou web spider/4.0(+http://www.sogou.com/docs/help/webmasters.htm#07)" 
114.119.140.174 - - [15/Apr/2022:05:32:56 -0700] "GET /self.logs/access.log.2018-08-09.gz HTTP/1.1" 200 26792 "-" "Mozilla/5.0 (Linux; Android 7.0;) AppleWebKit/537.36 (KHTML, like Gecko) Mobile Safari/537.36 (compatible; PetalBot;+https://webmaster.petalsearch.com/site/petalbot)" 
185.30.130.121 - - [15/Apr/2022:05:36:22 -0700] "GET / HTTP/1.1" 200 13185 "-" "Mozilla/5.0 (Windows NT 10.0; Win64; x64) AppleWebKit/537.36 (KHTML, like Gecko) Chrome/100.0.4896.88 Safari/537.36" 
185.30.130.121 - - [15/Apr/2022:05:36:23 -0700] "GET /css/style.css HTTP/1.1" 404 305 "http://www.secrepo.com/" "Mozilla/5.0 (Windows NT 10.0; Win64; x64) AppleWebKit/537.36 (KHTML, like Gecko) Chrome/100.0.4896.88 Safari/537.36" 
185.30.130.121 - - [15/Apr/2022:05:36:23 -0700] "GET /twitter-icon.png HTTP/1.1" 200 27916 "http://www.secrepo.com/" "Mozilla/5.0 (Windows NT 10.0; Win64; x64) AppleWebKit/537.36 (KHTML, like Gecko) Chrome/100.0.4896.88 Safari/537.36" 
185.30.130.121 - - [15/Apr/2022:05:36:23 -0700] "GET /GitHub-Mark.png HTTP/1.1" 200 7556 "http://www.secrepo.com/" "Mozilla/5.0 (Windows NT 10.0; Win64; x64) AppleWebKit/537.36 (KHTML, like Gecko) Chrome/100.0.4896.88 Safari/537.36" 
185.30.130.121 - - [15/Apr/2022:05:36:24 -0700] "GET /bootstrap/img/favicon.ico HTTP/1.1" 200 690 "http://www.secrepo.com/" "Mozilla/5.0 (Windows NT 10.0; Win64; x64) AppleWebKit/537.36 (KHTML, like Gecko) Chrome/100.0.4896.88 Safari/537.36" 
185.30.130.121 - - [15/Apr/2022:05:38:22 -0700] "GET /self.logs/ HTTP/1.1" 200 35550 "-" "Mozilla/5.0 (Windows NT 10.0; Win64; x64) AppleWebKit/537.36 (KHTML, like Gecko) Chrome/100.0.4896.88 Safari/537.36" 
185.30.130.121 - - [15/Apr/2022:05:38:22 -0700] "GET /favicon.ico HTTP/1.1" 200 368 "http://www.secrepo.com/self.logs/" "Mozilla/5.0 (Windows NT 10.0; Win64; x64) AppleWebKit/537.36 (KHTML, like Gecko) Chrome/100.0.4896.88 Safari/537.36" 
54.198.80.69 - - [15/Apr/2022:05:38:34 -0700] "GET / HTTP/1.1" 200 13185 "-" "Iframely/1.3.1 (+https://iframely.com/docs/about) Atlassian" 
93.37.213.11 - - [15/Apr/2022:05:38:35 -0700] "GET /bootstrap/img/favicon.ico HTTP/1.1" 200 713 "https://ermescybersecurity.atlassian.net/" "Mozilla/5.0 (Macintosh; Intel Mac OS X 10.15; rv:99.0) Gecko/20100101 Firefox/99.0" 
58.26.140.44 - - [15/Apr/2022:05:39:01 -0700] "GET / HTTP/1.1" 200 13141 "-" "Mozilla/5.0 (Macintosh; Intel Mac OS X 10_15_7) AppleWebKit/537.36 (KHTML, like Gecko) Chrome/100.0.4896.75 Safari/537.36" 
58.26.140.44 - - [15/Apr/2022:05:39:02 -0700] "GET /css/style.css HTTP/1.1" 404 284 "http://www.secrepo.com/" "Mozilla/5.0 (Macintosh; Intel Mac OS X 10_15_7) AppleWebKit/537.36 (KHTML, like Gecko) Chrome/100.0.4896.75 Safari/537.36" 
58.26.140.44 - - [15/Apr/2022:05:39:03 -0700] "GET /twitter-icon.png HTTP/1.1" 200 27838 "http://www.secrepo.com/" "Mozilla/5.0 (Macintosh; Intel Mac OS X 10_15_7) AppleWebKit/537.36 (KHTML, like Gecko) Chrome/100.0.4896.75 Safari/537.36" 
58.26.140.44 - - [15/Apr/2022:05:39:04 -0700] "GET /GitHub-Mark.png HTTP/1.1" 200 7512 "http://www.secrepo.com/" "Mozilla/5.0 (Macintosh; Intel Mac OS X 10_15_7) AppleWebKit/537.36 (KHTML, like Gecko) Chrome/100.0.4896.75 Safari/537.36" 
58.26.140.44 - - [15/Apr/2022:05:39:04 -0700] "GET /bootstrap/img/favicon.ico HTTP/1.1" 200 635 "http://www.secrepo.com/" "Mozilla/5.0 (Macintosh; Intel Mac OS X 10_15_7) AppleWebKit/537.36 (KHTML, like Gecko) Chrome/100.0.4896.75 Safari/537.36" 
185.30.130.121 - - [15/Apr/2022:05:43:48 -0700] "GET /self.logs/ HTTP/1.1" 200 35550 "-" "Mozilla/5.0 (Windows NT 10.0; Win64; x64) AppleWebKit/537.36 (KHTML, like Gecko) Chrome/100.0.4896.75 Safari/537.36" 
185.30.130.121 - - [15/Apr/2022:05:43:51 -0700] "GET /favicon.ico HTTP/1.1" 200 391 "http://www.secrepo.com/self.logs/" "Mozilla/5.0 (Windows NT 10.0; Win64; x64) AppleWebKit/537.36 (KHTML, like Gecko) Chrome/100.0.4896.75 Safari/537.36" 
112.5.37.192 - - [15/Apr/2022:05:43:57 -0700] "GET /data/admin/allowurl.txt HTTP/1.1" 404 328 "-" "Mozilla/5.0 (Windows NT 10.0; WOW64; rv:48.0) Gecko/20100101 Firefox/48.0" 
185.30.130.121 - - [15/Apr/2022:05:44:02 -0700] "GET /self.logs/error.log.2022-04-06 HTTP/1.1" 200 351 "http://www.secrepo.com/self.logs/" "Mozilla/5.0 (Windows NT 10.0; Win64; x64) AppleWebKit/537.36 (KHTML, like Gecko) Chrome/100.0.4896.88 Safari/537.36" 
185.30.130.121 - - [15/Apr/2022:05:44:07 -0700] "GET /self.logs/error.log.2022-04-06 HTTP/1.1" 304 261 "-" "Mozilla/5.0 (Windows NT 10.0; Win64; x64) AppleWebKit/537.36 (KHTML, like Gecko) Chrome/100.0.4896.88 Safari/537.36" 
185.30.130.121 - - [15/Apr/2022:05:44:17 -0700] "GET /self.logs/access.log.2017-01-01.gz HTTP/1.1" 200 17678 "http://www.secrepo.com/self.logs/" "Mozilla/5.0 (Windows NT 10.0; Win64; x64) AppleWebKit/537.36 (KHTML, like Gecko) Chrome/100.0.4896.75 Safari/537.36" 
185.30.130.121 - - [15/Apr/2022:05:44:33 -0700] "GET /self.logs/access.log.2022-04-12.gz HTTP/1.1" 200 20728 "http://www.secrepo.com/self.logs/" "Mozilla/5.0 (Windows NT 10.0; Win64; x64) AppleWebKit/537.36 (KHTML, like Gecko) Chrome/100.0.4896.88 Safari/537.36" 
185.30.130.121 - - [15/Apr/2022:05:44:37 -0700] "GET /self.logs/access.log.2022-04-12.gz HTTP/1.1" 200 20728 "http://www.secrepo.com/self.logs/" "Mozilla/5.0 (Windows NT 10.0; Win64; x64) AppleWebKit/537.36 (KHTML, like Gecko) Chrome/100.0.4896.75 Safari/537.36" 
185.30.130.121 - - [15/Apr/2022:05:46:12 -0700] "GET /css/style.css HTTP/1.1" 404 328 "http://www.secrepo.com/" "Mozilla/5.0 (Windows NT 10.0; Win64; x64) AppleWebKit/537.36 (KHTML, like Gecko) Chrome/100.0.4896.88 Safari/537.36" 
185.30.130.121 - - [15/Apr/2022:05:51:38 -0700] "GET / HTTP/1.1" 200 13185 "http://www.secrepo.com/" "Mozilla/5.0 (Windows NT 10.0; Win64; x64) AppleWebKit/537.36 (KHTML, like Gecko) Chrome/100.0.4896.88 Safari/537.36" 
185.30.130.121 - - [15/Apr/2022:05:51:38 -0700] "GET /css/style.css HTTP/1.1" 404 305 "http://www.secrepo.com/" "Mozilla/5.0 (Windows NT 10.0; Win64; x64) AppleWebKit/537.36 (KHTML, like Gecko) Chrome/100.0.4896.88 Safari/537.36" 
51.222.253.6 - - [15/Apr/2022:05:51:47 -0700] "GET /robots.txt HTTP/1.1" 301 439 "-" "Mozilla/5.0 (compatible; AhrefsBot/7.0; +http://ahrefs.com/robot/)" 
51.222.253.6 - - [15/Apr/2022:05:51:47 -0700] "GET /robots.txt HTTP/1.1" 200 333 "-" "Mozilla/5.0 (compatible; AhrefsBot/7.0; +http://ahrefs.com/robot/)" 
185.30.130.121 - - [15/Apr/2022:05:51:47 -0700] "GET /css/style.css HTTP/1.1" 404 328 "http://www.secrepo.com/" "Mozilla/5.0 (Windows NT 10.0; Win64; x64) AppleWebKit/537.36 (KHTML, like Gecko) Chrome/100.0.4896.88 Safari/537.36" 
185.30.130.121 - - [15/Apr/2022:05:51:58 -0700] "GET /css/style.css HTTP/1.1" 404 328 "http://www.secrepo.com/" "Mozilla/5.0 (Windows NT 10.0; Win64; x64) AppleWebKit/537.36 (KHTML, like Gecko) Chrome/100.0.4896.88 Safari/537.36" 
101.43.118.245 - - [15/Apr/2022:05:52:56 -0700] "GET / HTTP/1.1" 200 13185 "-" "Mozilla/5.0 (Windows NT 10.0; WOW64) AppleWebKit/537.36 (KHTML, like Gecko) Chrome/63.0.3239.132 Safari/537.36" 
114.119.140.174 - - [15/Apr/2022:05:55:58 -0700] "GET /self.logs/2016/error.log.2016-02-18.gz HTTP/1.1" 200 1092 "-" "Mozilla/5.0 (Linux; Android 7.0;) AppleWebKit/537.36 (KHTML, like Gecko) Mobile Safari/537.36 (compatible; PetalBot;+https://webmaster.petalsearch.com/site/petalbot)" 
112.5.37.192 - - [15/Apr/2022:05:58:09 -0700] "GET /e/data/js/ajax.js HTTP/1.1" 404 328 "-" "Mozilla/5.0 (Windows NT 10.0; WOW64; rv:48.0) Gecko/20100101 Firefox/48.0" 
40.77.167.45 - - [15/Apr/2022:06:00:01 -0700] "GET /self.logs/access.log.2022-03-09.gz HTTP/1.1" 200 22821 "-" "Mozilla/5.0 (compatible; bingbot/2.0; +http://www.bing.com/bingbot.htm)" 
40.77.167.2 - - [15/Apr/2022:06:00:21 -0700] "GET /self.logs/ HTTP/1.1" 200 35550 "-" "Mozilla/5.0 (compatible; bingbot/2.0; +http://www.bing.com/bingbot.htm)" 
114.119.140.174 - - [15/Apr/2022:06:01:45 -0700] "GET /self.logs/error.log.2019-01-02.gz HTTP/1.1" 200 5239 "-" "Mozilla/5.0 (Linux; Android 7.0;) AppleWebKit/537.36 (KHTML, like Gecko) Mobile Safari/537.36 (compatible; PetalBot;+https://webmaster.petalsearch.com/site/petalbot)" 
178.174.238.225 - - [15/Apr/2022:06:01:49 -0700] "GET /twitter-icon.png HTTP/1.1" 200 27916 "-" "Mozilla/5.0 (X11; Ubuntu; Linux i686; rv:65.0) Gecko/20100101 Firefox/65.0" 
178.174.238.225 - - [15/Apr/2022:06:01:49 -0700] "GET /GitHub-Mark.png HTTP/1.1" 200 7556 "-" "Mozilla/5.0 (X11; Ubuntu; Linux i686; rv:65.0) Gecko/20100101 Firefox/65.0" 
206.47.249.246 - - [15/Apr/2022:06:03:45 -0700] "GET /self.logs/error.log.2019-04-23.gz HTTP/1.1" 304 280 "-" "Mozilla/4.0 (compatible;)" 
114.119.145.137 - - [15/Apr/2022:06:24:52 -0700] "GET /self.logs/error.log.2018-07-11.gz HTTP/1.1" 200 6716 "-" "Mozilla/5.0 (Linux; Android 7.0;) AppleWebKit/537.36 (KHTML, like Gecko) Mobile Safari/537.36 (compatible; PetalBot;+https://webmaster.petalsearch.com/site/petalbot)" 
17.121.112.87 - - [15/Apr/2022:06:29:25 -0700] "GET /self.logs/2015/ HTTP/1.1" 200 7577 "-" "Mozilla/5.0 (Macintosh; Intel Mac OS X 10_15_5) AppleWebKit/605.1.15 (KHTML, like Gecko) Version/13.1.1 Safari/605.1.15 (Applebot/0.1; +http://www.apple.com/go/applebot)" 
114.119.140.174 - - [15/Apr/2022:06:30:32 -0700] "GET /self.logs/error.log.2020-09-06 HTTP/1.1" 200 351 "-" "Mozilla/5.0 (Linux; Android 7.0;) AppleWebKit/537.36 (KHTML, like Gecko) Mobile Safari/537.36 (compatible; PetalBot;+https://webmaster.petalsearch.com/site/petalbot)" 
78.190.143.86 - - [15/Apr/2022:06:33:19 -0700] "GET / HTTP/1.1" 200 13183 "-" "Mozilla/5.0 (Windows NT 10.0; Win64; x64) AppleWebKit/537.36 (KHTML, like Gecko) Chrome/100.0.4896.88 Safari/537.36" 
78.190.143.86 - - [15/Apr/2022:06:33:19 -0700] "GET /css/style.css HTTP/1.1" 404 305 "http://www.secrepo.com/" "Mozilla/5.0 (Windows NT 10.0; Win64; x64) AppleWebKit/537.36 (KHTML, like Gecko) Chrome/100.0.4896.88 Safari/537.36" 
78.190.143.86 - - [15/Apr/2022:06:33:19 -0700] "GET /GitHub-Mark.png HTTP/1.1" 200 7556 "http://www.secrepo.com/" "Mozilla/5.0 (Windows NT 10.0; Win64; x64) AppleWebKit/537.36 (KHTML, like Gecko) Chrome/100.0.4896.88 Safari/537.36" 
78.190.143.86 - - [15/Apr/2022:06:33:19 -0700] "GET /twitter-icon.png HTTP/1.1" 200 27916 "http://www.secrepo.com/" "Mozilla/5.0 (Windows NT 10.0; Win64; x64) AppleWebKit/537.36 (KHTML, like Gecko) Chrome/100.0.4896.88 Safari/537.36" 
78.190.143.86 - - [15/Apr/2022:06:33:20 -0700] "GET /bootstrap/img/favicon.ico HTTP/1.1" 200 690 "http://www.secrepo.com/" "Mozilla/5.0 (Windows NT 10.0; Win64; x64) AppleWebKit/537.36 (KHTML, like Gecko) Chrome/100.0.4896.88 Safari/537.36" 
78.190.143.86 - - [15/Apr/2022:06:34:02 -0700] "GET /honeypot/honeypot.json.zip HTTP/1.1" 200 1680280 "http://www.secrepo.com/" "Mozilla/5.0 (Windows NT 10.0; Win64; x64) AppleWebKit/537.36 (KHTML, like Gecko) Chrome/100.0.4896.88 Safari/537.36" 
40.77.167.2 - - [15/Apr/2022:06:34:14 -0700] "GET /self.logs/ HTTP/1.1" 200 35550 "-" "Mozilla/5.0 (compatible; bingbot/2.0; +http://www.bing.com/bingbot.htm)" 
112.47.58.191 - - [15/Apr/2022:06:41:29 -0700] "GET / HTTP/1.1" 200 13183 "-" "Mozilla/5.0 (Windows NT 10.0; Win64; x64; rv:91.0) Gecko/20100101 Firefox/91.0" 
2.56.59.164 - - [15/Apr/2022:06:46:26 -0700] "GET /defaul1.php HTTP/1.1" 301 497 "www.google.com" "Mozlila/5.0 (Linux; Android 7.0; SM-G892A Bulid/NRD90M; wv) AppleWebKit/537.36 (KHTML, like Gecko) Version/4.0 Chrome/60.0.3112.107 Moblie Safari/537.36" 
2.56.59.164 - - [15/Apr/2022:06:46:41 -0700] "GET /defaul1.php HTTP/1.1" 404 328 "www.google.com" "Mozlila/5.0 (Linux; Android 7.0; SM-G892A Bulid/NRD90M; wv) AppleWebKit/537.36 (KHTML, like Gecko) Version/4.0 Chrome/60.0.3112.107 Moblie Safari/537.36" 
114.119.149.228 - - [15/Apr/2022:06:59:29 -0700] "GET /self.logs/error.log.2020-12-16 HTTP/1.1" 200 351 "-" "Mozilla/5.0 (Linux; Android 7.0;) AppleWebKit/537.36 (KHTML, like Gecko) Mobile Safari/537.36 (compatible; PetalBot;+https://webmaster.petalsearch.com/site/petalbot)" 
40.77.167.2 - - [15/Apr/2022:07:08:18 -0700] "GET /self.logs/ HTTP/1.1" 200 0 "-" "Mozilla/5.0 (compatible; bingbot/2.0; +http://www.bing.com/bingbot.htm)" 
114.119.140.174 - - [15/Apr/2022:07:10:56 -0700] "GET /self.logs/access.log.2020-12-19.gz HTTP/1.1" 200 24665 "-" "Mozilla/5.0 (Linux; Android 7.0;) AppleWebKit/537.36 (KHTML, like Gecko) Mobile Safari/537.36 (compatible; PetalBot;+https://webmaster.petalsearch.com/site/petalbot)" 
17.121.115.222 - - [15/Apr/2022:07:13:26 -0700] "GET / HTTP/1.1" 200 13139 "-" "Mozilla/5.0 (Macintosh; Intel Mac OS X 10_15_5) AppleWebKit/605.1.15 (KHTML, like Gecko) Version/13.1.1 Safari/605.1.15 (Applebot/0.1; +http://www.apple.com/go/applebot)" 
112.80.136.151 - - [15/Apr/2022:07:19:11 -0700] "GET /favicon.ico HTTP/1.1" 200 391 "-" "Mozilla/5.0 (Windows NT 10.0; WOW64) AppleWebKit/537.36 (KHTML, like Gecko) Chrome/86.0.4240.198 Safari/537.36" 
66.249.66.92 - - [15/Apr/2022:07:22:30 -0700] "GET / HTTP/1.1" 200 13185 "-" "Mozilla/5.0 (Linux; Android 6.0.1; Nexus 5X Build/MMB29P) AppleWebKit/537.36 (KHTML, like Gecko) Chrome/99.0.4844.84 Mobile Safari/537.36 (compatible; Googlebot/2.1; +http://www.google.com/bot.html)" 
66.249.66.91 - - [15/Apr/2022:07:23:14 -0700] "GET /css/style.css HTTP/1.1" 404 328 "http://www.secrepo.com/" "Mozilla/5.0 (Linux; Android 6.0.1; Nexus 5X Build/MMB29P) AppleWebKit/537.36 (KHTML, like Gecko) Chrome/100.0.4896.75 Mobile Safari/537.36 (compatible; Googlebot/2.1; +http://www.google.com/bot.html)" 
66.249.66.92 - - [15/Apr/2022:07:23:14 -0700] "GET /css/style.css HTTP/1.1" 404 328 "http://www.secrepo.com/" "Mozilla/5.0 (Linux; Android 6.0.1; Nexus 5X Build/MMB29P) AppleWebKit/537.36 (KHTML, like Gecko) Chrome/100.0.4896.75 Mobile Safari/537.36 (compatible; Googlebot/2.1; +http://www.google.com/bot.html)" 
112.5.37.192 - - [15/Apr/2022:07:23:43 -0700] "GET / HTTP/1.1" 200 49089 "-" "-" 
114.119.149.228 - - [15/Apr/2022:07:28:13 -0700] "GET /self.logs/error.log.2018-06-29.gz HTTP/1.1" 200 5474 "-" "Mozilla/5.0 (Linux; Android 7.0;) AppleWebKit/537.36 (KHTML, like Gecko) Mobile Safari/537.36 (compatible; PetalBot;+https://webmaster.petalsearch.com/site/petalbot)" 
108.7.216.178 - - [15/Apr/2022:07:28:39 -0700] "GET / HTTP/1.1" 200 13185 "-" "Mozilla/5.0 (Macintosh; Intel Mac OS X 10_15_7) AppleWebKit/537.36 (KHTML, like Gecko) Chrome/100.0.4896.88 Safari/537.36" 
108.7.216.178 - - [15/Apr/2022:07:28:43 -0700] "GET /css/style.css HTTP/1.1" 404 328 "http://www.secrepo.com/" "Mozilla/5.0 (Macintosh; Intel Mac OS X 10_15_7) AppleWebKit/537.36 (KHTML, like Gecko) Chrome/100.0.4896.88 Safari/537.36" 
108.7.216.178 - - [15/Apr/2022:07:28:43 -0700] "GET /GitHub-Mark.png HTTP/1.1" 200 7556 "http://www.secrepo.com/" "Mozilla/5.0 (Macintosh; Intel Mac OS X 10_15_7) AppleWebKit/537.36 (KHTML, like Gecko) Chrome/100.0.4896.88 Safari/537.36" 
108.7.216.178 - - [15/Apr/2022:07:28:43 -0700] "GET /twitter-icon.png HTTP/1.1" 200 27916 "http://www.secrepo.com/" "Mozilla/5.0 (Macintosh; Intel Mac OS X 10_15_7) AppleWebKit/537.36 (KHTML, like Gecko) Chrome/100.0.4896.88 Safari/537.36" 
66.249.66.93 - - [15/Apr/2022:07:29:08 -0700] "GET /ads.txt HTTP/1.1" 404 328 "-" "Mozilla/5.0 (compatible; Googlebot/2.1; +http://www.google.com/bot.html)" 
66.249.66.128 - - [15/Apr/2022:07:29:08 -0700] "GET /robots.txt HTTP/1.1" 301 495 "-" "Mozilla/5.0 (compatible; Googlebot/2.1; +http://www.google.com/bot.html)" 
66.249.66.92 - - [15/Apr/2022:07:29:08 -0700] "GET /robots.txt HTTP/1.1" 200 377 "-" "Mozilla/5.0 (compatible; Googlebot/2.1; +http://www.google.com/bot.html)" 
66.249.66.159 - - [15/Apr/2022:07:29:11 -0700] "GET /ads.txt HTTP/1.1" 301 489 "-" "Mozilla/5.0 (compatible; Googlebot/2.1; +http://www.google.com/bot.html)" 
40.77.167.46 - - [15/Apr/2022:07:31:10 -0700] "GET /self.logs/error.log.2022-03-12.gz HTTP/1.1" 200 837 "-" "Mozilla/5.0 (compatible; bingbot/2.0; +http://www.bing.com/bingbot.htm)" 
107.23.219.165 - - [15/Apr/2022:07:32:20 -0700] "GET / HTTP/1.1" 200 13185 "-" "Iframely/1.3.1 (+https://iframely.com/docs/about) Atlassian" 
118.184.177.109 - - [15/Apr/2022:07:33:20 -0700] "GET / HTTP/1.1" 200 13148 "-" "Sogou web spider/4.0(+http://www.sogou.com/docs/help/webmasters.htm#07)" 
114.119.145.137 - - [15/Apr/2022:07:33:56 -0700] "GET /self.logs/error.log.2019-01-31.gz HTTP/1.1" 200 4037 "-" "Mozilla/5.0 (Linux; Android 7.0;) AppleWebKit/537.36 (KHTML, like Gecko) Mobile Safari/537.36 (compatible; PetalBot;+https://webmaster.petalsearch.com/site/petalbot)" 
40.77.167.2 - - [15/Apr/2022:07:43:11 -0700] "GET /self.logs/ HTTP/1.1" 200 0 "-" "Mozilla/5.0 (compatible; bingbot/2.0; +http://www.bing.com/bingbot.htm)" 
114.119.140.174 - - [15/Apr/2022:07:45:19 -0700] "GET /self.logs/error.log.2017-03-05.gz HTTP/1.1" 200 883 "-" "Mozilla/5.0 (Linux; Android 7.0;) AppleWebKit/537.36 (KHTML, like Gecko) Mobile Safari/537.36 (compatible; PetalBot;+https://webmaster.petalsearch.com/site/petalbot)" 
46.5.3.215 - - [15/Apr/2022:07:54:07 -0700] "GET / HTTP/1.1" 301 475 "-" "Mozilla/5.0 (X11; Linux i686; rv:99.0) Gecko/20100101 Firefox/99.0" 
46.5.3.215 - - [15/Apr/2022:07:54:08 -0700] "GET / HTTP/1.1" 200 13185 "-" "Mozilla/5.0 (X11; Linux i686; rv:99.0) Gecko/20100101 Firefox/99.0" 
46.5.3.215 - - [15/Apr/2022:07:54:29 -0700] "GET / HTTP/1.1" 200 13185 "-" "Mozilla/5.0 (X11; Linux i686; rv:99.0) Gecko/20100101 Firefox/99.0" 
46.5.3.215 - - [15/Apr/2022:07:54:31 -0700] "GET /css/style.css HTTP/1.1" 404 305 "http://www.secrepo.com/" "Mozilla/5.0 (X11; Linux i686; rv:99.0) Gecko/20100101 Firefox/99.0" 
46.5.3.215 - - [15/Apr/2022:07:54:32 -0700] "GET /css/style.css HTTP/1.1" 404 328 "http://www.secrepo.com/" "Mozilla/5.0 (X11; Linux i686; rv:99.0) Gecko/20100101 Firefox/99.0" 
46.5.3.215 - - [15/Apr/2022:07:54:31 -0700] "GET /twitter-icon.png HTTP/1.1" 200 27893 "http://www.secrepo.com/" "Mozilla/5.0 (X11; Linux i686; rv:99.0) Gecko/20100101 Firefox/99.0" 
46.5.3.215 - - [15/Apr/2022:07:54:31 -0700] "GET /GitHub-Mark.png HTTP/1.1" 200 7556 "http://www.secrepo.com/" "Mozilla/5.0 (X11; Linux i686; rv:99.0) Gecko/20100101 Firefox/99.0" 
46.5.3.215 - - [15/Apr/2022:07:54:33 -0700] "GET /bootstrap/img/favicon.ico HTTP/1.1" 200 690 "http://www.secrepo.com/" "Mozilla/5.0 (X11; Linux i686; rv:99.0) Gecko/20100101 Firefox/99.0" 
46.5.3.215 - - [15/Apr/2022:07:54:48 -0700] "GET /data HTTP/1.1" 404 328 "http://www.secrepo.com/" "Mozilla/5.0 (X11; Linux i686; rv:99.0) Gecko/20100101 Firefox/99.0" 
46.5.3.215 - - [15/Apr/2022:07:54:49 -0700] "GET /favicon.ico HTTP/1.1" 200 368 "http://www.secrepo.com/data" "Mozilla/5.0 (X11; Linux i686; rv:99.0) Gecko/20100101 Firefox/99.0" 
78.190.143.86 - - [15/Apr/2022:08:04:23 -0700] "GET /css/style.css HTTP/1.1" 404 328 "http://www.secrepo.com/" "Mozilla/5.0 (Windows NT 10.0; Win64; x64) AppleWebKit/537.36 (KHTML, like Gecko) Chrome/100.0.4896.88 Safari/537.36" 
51.222.253.6 - - [15/Apr/2022:08:06:24 -0700] "GET /Datasets%20Description/?C=N;O=A HTTP/1.1" 200 633 "-" "Mozilla/5.0 (compatible; AhrefsBot/7.0; +http://ahrefs.com/robot/)" 
114.119.149.237 - - [15/Apr/2022:08:14:03 -0700] "GET /self.logs/2016?C=M%3BO%3DA HTTP/1.1" 301 597 "-" "Mozilla/5.0 (Linux; Android 7.0;) AppleWebKit/537.36 (KHTML, like Gecko) Mobile Safari/537.36 (compatible; PetalBot;+https://webmaster.petalsearch.com/site/petalbot)" 
114.119.149.237 - - [15/Apr/2022:08:14:04 -0700] "GET /self.logs/2016/?C=M%3BO%3DA HTTP/1.1" 200 7837 "-" "Mozilla/5.0 (Linux; Android 7.0;) AppleWebKit/537.36 (KHTML, like Gecko) Mobile Safari/537.36 (compatible; PetalBot;+https://webmaster.petalsearch.com/site/petalbot)" 
40.77.167.2 - - [15/Apr/2022:08:17:05 -0700] "GET /self.logs/ HTTP/1.1" 200 0 "-" "Mozilla/5.0 (compatible; bingbot/2.0; +http://www.bing.com/bingbot.htm)" 
23.94.151.84 - - [15/Apr/2022:08:24:19 -0700] "GET / HTTP/1.1" 301 475 "-" "Mozilla/5.0 (Macintosh; Intel Mac OS X 10_13_4) AppleWebKit/537.36 (KHTML, like Gecko) Chrome/67.0.3396.87 Safari/537.36" 
23.94.151.84 - - [15/Apr/2022:08:24:20 -0700] "GET / HTTP/1.1" 200 13185 "-" "Mozilla/5.0 (Macintosh; Intel Mac OS X 10_13_4) AppleWebKit/537.36 (KHTML, like Gecko) Chrome/67.0.3396.87 Safari/537.36" 
107.173.248.123 - - [15/Apr/2022:08:24:21 -0700] "GET /data HTTP/1.1" 404 328 "http://www.secrepo.com/" "Mozilla/5.0 (Macintosh; Intel Mac OS X 10_13_4) AppleWebKit/537.36 (KHTML, like Gecko) Chrome/67.0.3396.87 Safari/537.36" 
107.173.248.123 - - [15/Apr/2022:08:24:22 -0700] "GET /ftp://download.iwlab.foi.se/dataset/ HTTP/1.1" 404 328 "http://www.secrepo.com/" "Mozilla/5.0 (Macintosh; Intel Mac OS X 10_13_4) AppleWebKit/537.36 (KHTML, like Gecko) Chrome/67.0.3396.87 Safari/537.36" 
23.94.151.84 - - [15/Apr/2022:08:24:22 -0700] "GET / HTTP/1.1" 301 475 "http://www.secrepo.com/" "Mozilla/5.0 (Macintosh; Intel Mac OS X 10_13_4) AppleWebKit/537.36 (KHTML, like Gecko) Chrome/67.0.3396.87 Safari/537.36" 
23.94.151.84 - - [15/Apr/2022:08:24:23 -0700] "GET / HTTP/1.1" 200 13185 "http://secrepo.com" "Mozilla/5.0 (Macintosh; Intel Mac OS X 10_13_4) AppleWebKit/537.36 (KHTML, like Gecko) Chrome/67.0.3396.87 Safari/537.36" 
107.173.248.123 - - [15/Apr/2022:08:24:25 -0700] "GET /Security-Data-Analysis/Lab_1/conn.log.zip HTTP/1.1" 200 28283120 "http://www.secrepo.com/" "Mozilla/5.0 (Macintosh; Intel Mac OS X 10_13_4) AppleWebKit/537.36 (KHTML, like Gecko) Chrome/67.0.3396.87 Safari/537.36" 
107.173.248.123 - - [15/Apr/2022:08:24:29 -0700] "GET /maccdc2012/conn.log.gz HTTP/1.1" 200 11388000 "http://www.secrepo.com/" "Mozilla/5.0 (Macintosh; Intel Mac OS X 10_13_4) AppleWebKit/537.36 (KHTML, like Gecko) Chrome/67.0.3396.87 Safari/537.36" 
107.173.248.123 - - [15/Apr/2022:08:25:04 -0700] "GET /honeypot/BSidesDFW%20-%202014.ipynb HTTP/1.1" 200 930921 "http://www.secrepo.com/" "Mozilla/5.0 (Macintosh; Intel Mac OS X 10_13_4) AppleWebKit/537.36 (KHTML, like Gecko) Chrome/67.0.3396.87 Safari/537.36" 
107.173.248.123 - - [15/Apr/2022:08:25:07 -0700] "GET /maccdc2012/dhcp.log.gz HTTP/1.1" 200 44977 "http://www.secrepo.com/" "Mozilla/5.0 (Macintosh; Intel Mac OS X 10_13_4) AppleWebKit/537.36 (KHTML, like Gecko) Chrome/67.0.3396.87 Safari/537.36" 
107.173.248.123 - - [15/Apr/2022:08:25:09 -0700] "GET /honeypot/honeypot.json.zip HTTP/1.1" 200 16591440 "http://www.secrepo.com/" "Mozilla/5.0 (Macintosh; Intel Mac OS X 10_13_4) AppleWebKit/537.36 (KHTML, like Gecko) Chrome/67.0.3396.87 Safari/537.36" 
107.173.248.170 - - [15/Apr/2022:08:25:45 -0700] "GET /Datasets%20Description/Network/dhcp.html HTTP/1.1" 200 1461 "http://www.secrepo.com/" "Mozilla/5.0 (Macintosh; Intel Mac OS X 10_13_4) AppleWebKit/537.36 (KHTML, like Gecko) Chrome/67.0.3396.87 Safari/537.36" 
107.173.248.170 - - [15/Apr/2022:08:25:47 -0700] "GET /auth.log/auth.log.gz HTTP/1.1" 200 615679 "http://www.secrepo.com/" "Mozilla/5.0 (Macintosh; Intel Mac OS X 10_13_4) AppleWebKit/537.36 (KHTML, like Gecko) Chrome/67.0.3396.87 Safari/537.36" 
107.173.248.170 - - [15/Apr/2022:08:25:55 -0700] "GET /maccdc2012/dns.log.gz HTTP/1.1" 200 6607379 "http://www.secrepo.com/" "Mozilla/5.0 (Macintosh; Intel Mac OS X 10_13_4) AppleWebKit/537.36 (KHTML, like Gecko) Chrome/67.0.3396.87 Safari/537.36" 
107.173.248.170 - - [15/Apr/2022:08:26:00 -0700] "GET /squid/access.log.gz HTTP/1.1" 200 18664640 "http://www.secrepo.com/" "Mozilla/5.0 (Macintosh; Intel Mac OS X 10_13_4) AppleWebKit/537.36 (KHTML, like Gecko) Chrome/67.0.3396.87 Safari/537.36" 
114.119.140.174 - - [15/Apr/2022:08:31:23 -0700] "GET /self.logs/2015/error.log.2015-06-13.gz HTTP/1.1" 200 665 "-" "Mozilla/5.0 (Linux; Android 7.0;) AppleWebKit/537.36 (KHTML, like Gecko) Mobile Safari/537.36 (compatible; PetalBot;+https://webmaster.petalsearch.com/site/petalbot)" 
114.135.115.191 - - [15/Apr/2022:08:42:39 -0700] "GET / HTTP/1.1" 301 475 "-" "Mozilla/5.0 (Windows NT 10.0; Win64; x64) AppleWebKit/537.36 (KHTML, like Gecko) Chrome/76.0.3809.25 Safari/537.36" 
114.135.115.191 - - [15/Apr/2022:08:42:45 -0700] "GET / HTTP/1.1" 200 13185 "-" "Mozilla/5.0 (Windows NT 10.0; Win64; x64) AppleWebKit/537.36 (KHTML, like Gecko) Chrome/76.0.3809.25 Safari/537.36" 
222.187.232.89 - - [15/Apr/2022:08:42:48 -0700] "GET /data/admin/allowurl.txt HTTP/1.1" 404 328 "-" "Mozilla/5.0 (Windows NT 10.0; WOW64; rv:48.0) Gecko/20100101 Firefox/48.0" 
114.135.115.191 - - [15/Apr/2022:08:43:42 -0700] "GET /ajax.googleapis.com/ajax/libs/jquery/2.0.2/jquery.min.js HTTP/1.1" 301 587 "-" "Mozilla/5.0 (Windows NT 10.0; Win64; x64) AppleWebKit/537.36 (KHTML, like Gecko) Chrome/76.0.3809.25 Safari/537.36" 
114.135.115.191 - - [15/Apr/2022:08:43:43 -0700] "GET /ajax.googleapis.com/ajax/libs/jquery/2.0.2/jquery.min.js HTTP/1.1" 404 328 "-" "Mozilla/5.0 (Windows NT 10.0; Win64; x64) AppleWebKit/537.36 (KHTML, like Gecko) Chrome/76.0.3809.25 Safari/537.36" 
114.135.115.191 - - [15/Apr/2022:08:43:44 -0700] "GET /netdna.bootstrapcdn.com/bootstrap/3.1.1/js/bootstrap.min.js HTTP/1.1" 301 592 "-" "Mozilla/5.0 (Windows NT 10.0; Win64; x64) AppleWebKit/537.36 (KHTML, like Gecko) Chrome/76.0.3809.25 Safari/537.36" 
114.135.115.191 - - [15/Apr/2022:08:43:44 -0700] "GET /netdna.bootstrapcdn.com/bootstrap/3.1.1/js/bootstrap.min.js HTTP/1.1" 404 305 "-" "Mozilla/5.0 (Windows NT 10.0; Win64; x64) AppleWebKit/537.36 (KHTML, like Gecko) Chrome/76.0.3809.25 Safari/537.36" 
114.135.115.191 - - [15/Apr/2022:08:43:44 -0700] "GET /www.google-analytics.com/analytics.js HTTP/1.1" 301 548 "-" "Mozilla/5.0 (Windows NT 10.0; Win64; x64) AppleWebKit/537.36 (KHTML, like Gecko) Chrome/76.0.3809.25 Safari/537.36" 
114.135.115.191 - - [15/Apr/2022:08:43:44 -0700] "GET /www.google-analytics.com/analytics.js HTTP/1.1" 404 305 "-" "Mozilla/5.0 (Windows NT 10.0; Win64; x64) AppleWebKit/537.36 (KHTML, like Gecko) Chrome/76.0.3809.25 Safari/537.36" 
114.135.115.191 - - [15/Apr/2022:08:43:45 -0700] "GET /quantserve.com/quant.js HTTP/1.1" 301 520 "-" "Mozilla/5.0 (Windows NT 10.0; Win64; x64) AppleWebKit/537.36 (KHTML, like Gecko) Chrome/76.0.3809.25 Safari/537.36" 
114.135.115.191 - - [15/Apr/2022:08:43:46 -0700] "GET /quantserve.com/quant.js HTTP/1.1" 404 305 "-" "Mozilla/5.0 (Windows NT 10.0; Win64; x64) AppleWebKit/537.36 (KHTML, like Gecko) Chrome/76.0.3809.25 Safari/537.36" 
213.218.155.90 - - [15/Apr/2022:08:45:10 -0700] "GET /twitter-icon.png HTTP/1.1" 200 27916 "-" "Mozilla/5.0 (X11; Ubuntu; Linux x86_64; rv:99.0) Gecko/20100101 Firefox/99.0" 
213.218.155.90 - - [15/Apr/2022:08:45:10 -0700] "GET /GitHub-Mark.png HTTP/1.1" 200 7556 "-" "Mozilla/5.0 (X11; Ubuntu; Linux x86_64; rv:99.0) Gecko/20100101 Firefox/99.0" 
17.121.113.148 - - [15/Apr/2022:08:45:19 -0700] "GET /data HTTP/1.1" 404 284 "-" "Mozilla/5.0 (Macintosh; Intel Mac OS X 10_15_5) AppleWebKit/605.1.15 (KHTML, like Gecko) Version/13.1.1 Safari/605.1.15 (Applebot/0.1; +http://www.apple.com/go/applebot)" 
114.119.149.23 - - [15/Apr/2022:08:48:40 -0700] "GET /self.logs/error.log.2019-10-18.gz HTTP/1.1" 200 2369 "-" "Mozilla/5.0 (Linux; Android 7.0;) AppleWebKit/537.36 (KHTML, like Gecko) Mobile Safari/537.36 (compatible; PetalBot;+https://webmaster.petalsearch.com/site/petalbot)" 
40.77.167.2 - - [15/Apr/2022:08:50:49 -0700] "GET /self.logs/ HTTP/1.1" 200 35550 "-" "Mozilla/5.0 (compatible; bingbot/2.0; +http://www.bing.com/bingbot.htm)" 
114.119.149.228 - - [15/Apr/2022:08:54:21 -0700] "GET /self.logs/2015/error.log.2015-10-23.gz HTTP/1.1" 200 855 "-" "Mozilla/5.0 (Linux; Android 7.0;) AppleWebKit/537.36 (KHTML, like Gecko) Mobile Safari/537.36 (compatible; PetalBot;+https://webmaster.petalsearch.com/site/petalbot)" 
112.47.58.192 - - [15/Apr/2022:08:58:52 -0700] "GET / HTTP/1.1" 200 13185 "-" "Mozilla/5.0 (Windows NT 10.0; Win64; x64; rv:91.0) Gecko/20100101 Firefox/91.0" 
51.222.253.3 - - [15/Apr/2022:09:17:29 -0700] "GET /Datasets%20Description/HTML_Bro_log_2/ftp.html HTTP/1.1" 200 1694 "-" "Mozilla/5.0 (compatible; AhrefsBot/7.0; +http://ahrefs.com/robot/)" 
40.77.167.2 - - [15/Apr/2022:09:24:21 -0700] "GET /self.logs/ HTTP/1.1" 200 35550 "-" "Mozilla/5.0 (compatible; bingbot/2.0; +http://www.bing.com/bingbot.htm)" 
114.119.139.115 - - [15/Apr/2022:09:28:25 -0700] "GET /robots.txt HTTP/1.1" 301 495 "-" "Mozilla/5.0 (compatible;PetalBot;+https://webmaster.petalsearch.com/site/petalbot)" 
114.119.139.115 - - [15/Apr/2022:09:28:27 -0700] "GET /robots.txt HTTP/1.1" 200 377 "-" "Mozilla/5.0 (compatible;PetalBot;+https://webmaster.petalsearch.com/site/petalbot)" 
40.77.167.43 - - [15/Apr/2022:09:31:35 -0700] "GET /Datasets%20Description/PE_malware/VirusShare.html HTTP/1.1" 200 1651 "-" "Mozilla/5.0 (compatible; bingbot/2.0; +http://www.bing.com/bingbot.htm)" 
114.119.145.137 - - [15/Apr/2022:09:34:13 -0700] "GET /self.logs/2016/access.log.2016-02-23.gz HTTP/1.1" 200 10256 "-" "Mozilla/5.0 (Linux; Android 7.0;) AppleWebKit/537.36 (KHTML, like Gecko) Mobile Safari/537.36 (compatible; PetalBot;+https://webmaster.petalsearch.com/site/petalbot)" 
114.119.149.237 - - [15/Apr/2022:09:39:58 -0700] "GET /Datasets%20Description/smtp.html HTTP/1.1" 404 328 "-" "Mozilla/5.0 (Linux; Android 7.0;) AppleWebKit/537.36 (KHTML, like Gecko) Mobile Safari/537.36 (compatible; PetalBot;+https://webmaster.petalsearch.com/site/petalbot)" 
114.119.149.237 - - [15/Apr/2022:09:45:44 -0700] "GET /self.logs/2015/error.log.2015-11-25.gz HTTP/1.1" 200 766 "-" "Mozilla/5.0 (Linux; Android 7.0;) AppleWebKit/537.36 (KHTML, like Gecko) Mobile Safari/537.36 (compatible; PetalBot;+https://webmaster.petalsearch.com/site/petalbot)" 
114.119.140.174 - - [15/Apr/2022:09:57:15 -0700] "GET /self.logs/2016/access.log.2016-11-18.gz HTTP/1.1" 200 22031 "-" "Mozilla/5.0 (Linux; Android 7.0;) AppleWebKit/537.36 (KHTML, like Gecko) Mobile Safari/537.36 (compatible; PetalBot;+https://webmaster.petalsearch.com/site/petalbot)" 
40.77.167.2 - - [15/Apr/2022:09:58:26 -0700] "GET /self.logs/ HTTP/1.1" 200 35550 "-" "Mozilla/5.0 (compatible; bingbot/2.0; +http://www.bing.com/bingbot.htm)" 
112.47.58.192 - - [15/Apr/2022:09:58:53 -0700] "GET / HTTP/1.1" 200 13185 "-" "Mozilla/5.0 (Windows NT 10.0; Win64; x64; rv:91.0) Gecko/20100101 Firefox/91.0" 
51.222.253.9 - - [15/Apr/2022:10:03:02 -0700] "GET /Datasets%20Description/HTML_Bro_log_1/loaded_scripts.html HTTP/1.1" 200 1499 "-" "Mozilla/5.0 (compatible; AhrefsBot/7.0; +http://ahrefs.com/robot/)" 
40.77.167.97 - - [15/Apr/2022:10:05:09 -0700] "GET /robots.txt HTTP/1.1" 301 495 "-" "Mozilla/5.0 (compatible; bingbot/2.0; +http://www.bing.com/bingbot.htm)" 
40.77.167.97 - - [15/Apr/2022:10:05:09 -0700] "GET /robots.txt HTTP/1.1" 200 377 "-" "Mozilla/5.0 (compatible; bingbot/2.0; +http://www.bing.com/bingbot.htm)" 
40.77.167.43 - - [15/Apr/2022:10:05:20 -0700] "GET /self.logs/error.log.2021-11-17 HTTP/1.1" 301 535 "-" "Mozilla/5.0 (compatible; bingbot/2.0; +http://www.bing.com/bingbot.htm)" 
44.192.16.230 - - [15/Apr/2022:10:06:46 -0700] "GET / HTTP/1.1" 200 13139 "-" "Mozilla/5.0 (compatible; startmebot/1.0; +https://start.me/bot)" 
114.119.149.237 - - [15/Apr/2022:10:14:33 -0700] "GET /self.logs/error.log.2019-01-12.gz HTTP/1.1" 200 4110 "-" "Mozilla/5.0 (Linux; Android 7.0;) AppleWebKit/537.36 (KHTML, like Gecko) Mobile Safari/537.36 (compatible; PetalBot;+https://webmaster.petalsearch.com/site/petalbot)" 
114.119.149.218 - - [15/Apr/2022:10:20:14 -0700] "GET /self.logs/error.log.2018-08-31.gz HTTP/1.1" 200 5212 "-" "Mozilla/5.0 (Linux; Android 7.0;) AppleWebKit/537.36 (KHTML, like Gecko) Mobile Safari/537.36 (compatible; PetalBot;+https://webmaster.petalsearch.com/site/petalbot)" 
40.77.167.2 - - [15/Apr/2022:10:32:28 -0700] "GET /self.logs/ HTTP/1.1" 200 35550 "-" "Mozilla/5.0 (compatible; bingbot/2.0; +http://www.bing.com/bingbot.htm)" 
