114.119.140.174 - - [05/Jul/2022:16:51:28 -0700] "GET /self.logs/2015/access.log.2015-11-11.gz HTTP/1.1" 200 5296 "-" "Mozilla/5.0 (compatible;PetalBot;+https://webmaster.petalsearch.com/site/petalbot)" 
34.206.152.150 - - [05/Jul/2022:16:52:54 -0700] "HEAD / HTTP/1.1" 301 186 "-" "DreamHost SiteMonitor 1.0" 
34.206.152.150 - - [05/Jul/2022:16:52:54 -0700] "HEAD / HTTP/1.1" 200 359 "http://66.33.221.139" "DreamHost SiteMonitor 1.0" 
138.201.31.122 - - [05/Jul/2022:16:53:17 -0700] "GET /robots.txt HTTP/1.1" 301 458 "-" "Mozilla/5.0 (compatible; DataForSeoBot/1.0; +https://dataforseo.com/dataforseo-bot)" 
138.201.31.122 - - [05/Jul/2022:16:53:18 -0700] "GET /robots.txt HTTP/1.1" 200 340 "-" "Mozilla/5.0 (compatible; DataForSeoBot/1.0; +https://dataforseo.com/dataforseo-bot)" 
138.201.31.122 - - [05/Jul/2022:16:53:19 -0700] "GET / HTTP/1.1" 301 438 "-" "Mozilla/5.0 (compatible; DataForSeoBot/1.0; +https://dataforseo.com/dataforseo-bot)" 
138.201.140.204 - - [05/Jul/2022:16:53:19 -0700] "GET /sitemap.xml HTTP/1.1" 301 460 "-" "Mozilla/5.0 (compatible; DataForSeoBot/1.0; +https://dataforseo.com/dataforseo-bot)" 
138.201.140.204 - - [05/Jul/2022:16:53:19 -0700] "GET /sitemap.xml HTTP/1.1" 404 291 "-" "Mozilla/5.0 (compatible; DataForSeoBot/1.0; +https://dataforseo.com/dataforseo-bot)" 
122.232.62.250 - - [05/Jul/2022:16:57:25 -0700] "POST /plug/vote/vote_SettingFun.asp HTTP/1.1" 404 328 "http://misc.yahoo.com.cn/" "Mozilla/5.0+(compatible;+Baispider/2.0;++http://www.bai.com/search/spider.html)" 
122.232.62.250 - - [05/Jul/2022:16:57:25 -0700] "POST /plug/vote/vote_SettingFun.asp HTTP/1.1" 418 746 "http://misc.yahoo.com.cn/" "Mozilla/5.0+(compatible;+Baispider/2.0;++http://www.bai.com/search/spider.html)" 
207.46.13.50 - - [05/Jul/2022:16:57:30 -0700] "GET /self.logs/ HTTP/1.1" 200 37105 "-" "Mozilla/5.0 (compatible; bingbot/2.0; +http://www.bing.com/bingbot.htm)" 
49.7.20.111 - - [05/Jul/2022:16:59:37 -0700] "GET / HTTP/1.1" 200 13149 "-" "Sogou web spider/4.0(+http://www.sogou.com/docs/help/webmasters.htm#07)" 
34.206.152.150 - - [05/Jul/2022:17:02:54 -0700] "HEAD / HTTP/1.1" 301 186 "-" "DreamHost SiteMonitor 1.0" 
34.206.152.150 - - [05/Jul/2022:17:02:54 -0700] "HEAD / HTTP/1.1" 200 359 "http://66.33.221.139" "DreamHost SiteMonitor 1.0" 
34.206.152.150 - - [05/Jul/2022:17:12:54 -0700] "HEAD / HTTP/1.1" 301 186 "-" "DreamHost SiteMonitor 1.0" 
34.206.152.150 - - [05/Jul/2022:17:12:54 -0700] "HEAD / HTTP/1.1" 200 359 "http://66.33.221.139" "DreamHost SiteMonitor 1.0" 
51.222.253.15 - - [05/Jul/2022:17:16:05 -0700] "GET /Datasets%20Description/PE_malware/OPCleaver.html HTTP/1.1" 200 1414 "-" "Mozilla/5.0 (compatible; AhrefsBot/7.0; +http://ahrefs.com/robot/)" 
107.167.47.154 - - [05/Jul/2022:17:16:54 -0700] "GET /data/admin/allowurl.txt HTTP/1.1" 404 328 "-" "Mozilla/5.0 (Windows NT 10.0; WOW64; rv:48.0) Gecko/20100101 Firefox/48.0" 
114.119.149.23 - - [05/Jul/2022:17:18:25 -0700] "GET /self.logs/access.log.2019-01-14.gz HTTP/1.1" 200 25786 "-" "Mozilla/5.0 (compatible;PetalBot;+https://webmaster.petalsearch.com/site/petalbot)" 
222.186.43.77 - - [05/Jul/2022:17:21:45 -0700] "GET /data/admin/allowurl.txt HTTP/1.1" 404 328 "-" "Mozilla/5.0 (Windows NT 10.0; WOW64; rv:48.0) Gecko/20100101 Firefox/48.0" 
34.206.152.150 - - [05/Jul/2022:17:22:54 -0700] "HEAD / HTTP/1.1" 301 186 "-" "DreamHost SiteMonitor 1.0" 
34.206.152.150 - - [05/Jul/2022:17:22:54 -0700] "HEAD / HTTP/1.1" 200 359 "http://66.33.221.139" "DreamHost SiteMonitor 1.0" 
49.7.20.111 - - [05/Jul/2022:17:26:20 -0700] "GET / HTTP/1.1" 200 13149 "-" "Sogou web spider/4.0(+http://www.sogou.com/docs/help/webmasters.htm#07)" 
207.46.13.50 - - [05/Jul/2022:17:32:15 -0700] "GET /self.logs/ HTTP/1.1" 200 37105 "-" "Mozilla/5.0 (compatible; bingbot/2.0; +http://www.bing.com/bingbot.htm)" 
34.206.152.150 - - [05/Jul/2022:17:32:54 -0700] "HEAD / HTTP/1.1" 301 186 "-" "DreamHost SiteMonitor 1.0" 
34.206.152.150 - - [05/Jul/2022:17:32:54 -0700] "HEAD / HTTP/1.1" 200 359 "http://66.33.221.139" "DreamHost SiteMonitor 1.0" 
34.206.152.150 - - [05/Jul/2022:17:42:54 -0700] "HEAD / HTTP/1.1" 301 186 "-" "DreamHost SiteMonitor 1.0" 
34.206.152.150 - - [05/Jul/2022:17:42:54 -0700] "HEAD / HTTP/1.1" 200 359 "http://66.33.221.139" "DreamHost SiteMonitor 1.0" 
34.206.152.150 - - [05/Jul/2022:17:52:54 -0700] "HEAD / HTTP/1.1" 301 186 "-" "DreamHost SiteMonitor 1.0" 
34.206.152.150 - - [05/Jul/2022:17:52:54 -0700] "HEAD / HTTP/1.1" 200 359 "http://66.33.221.139" "DreamHost SiteMonitor 1.0" 
49.7.20.111 - - [05/Jul/2022:17:53:19 -0700] "GET / HTTP/1.1" 200 13150 "-" "Sogou web spider/4.0(+http://www.sogou.com/docs/help/webmasters.htm#07)" 
34.206.152.150 - - [05/Jul/2022:18:02:54 -0700] "HEAD / HTTP/1.1" 301 186 "-" "DreamHost SiteMonitor 1.0" 
34.206.152.150 - - [05/Jul/2022:18:02:54 -0700] "HEAD / HTTP/1.1" 200 359 "http://66.33.221.139" "DreamHost SiteMonitor 1.0" 
85.208.98.193 - - [05/Jul/2022:18:03:45 -0700] "GET /robots.txt HTTP/1.1" 200 377 "-" "Mozilla/5.0 (compatible; SiteAuditBot/0.97; +http://www.semrush.com/bot.html)" 
85.208.98.197 - - [05/Jul/2022:18:03:45 -0700] "GET / HTTP/1.1" 200 13186 "-" "Mozilla/5.0 (compatible; SiteAuditBot/0.97; +http://www.semrush.com/bot.html)" 
207.46.13.50 - - [05/Jul/2022:18:08:19 -0700] "GET /self.logs/ HTTP/1.1" 200 37105 "-" "Mozilla/5.0 (compatible; bingbot/2.0; +http://www.bing.com/bingbot.htm)" 
138.201.31.122 - - [05/Jul/2022:18:12:44 -0700] "GET /self.logs/ HTTP/1.1" 200 37068 "-" "Mozilla/5.0 (compatible; DataForSeoBot/1.0; +https://dataforseo.com/dataforseo-bot)" 
34.206.152.150 - - [05/Jul/2022:18:12:54 -0700] "HEAD / HTTP/1.1" 301 186 "-" "DreamHost SiteMonitor 1.0" 
34.206.152.150 - - [05/Jul/2022:18:12:54 -0700] "HEAD / HTTP/1.1" 200 359 "http://66.33.221.139" "DreamHost SiteMonitor 1.0" 
123.125.109.50 - - [05/Jul/2022:18:13:58 -0700] "GET / HTTP/1.1" 200 13149 "-" "Sogou web spider/4.0(+http://www.sogou.com/docs/help/webmasters.htm#07)" 
107.167.47.154 - - [05/Jul/2022:18:14:23 -0700] "GET /data/admin/allowurl.txt HTTP/1.1" 404 328 "-" "Mozilla/5.0 (Windows NT 10.0; WOW64; rv:48.0) Gecko/20100101 Firefox/48.0" 
219.142.4.5 - - [05/Jul/2022:18:15:52 -0700] "GET /favicon.ico HTTP/1.1" 200 391 "-" "Mozilla/5.0 (Windows NT 10.0; WOW64) AppleWebKit/537.36 (KHTML, like Gecko) Chrome/86.0.4240.198 Safari/537.36" 
85.208.98.51 - - [05/Jul/2022:18:17:58 -0700] "GET /robots.txt HTTP/1.1" 301 439 "-" "Mozilla/5.0 (compatible; SemrushBot-BM/1.0; +http://www.semrush.com/bot.html)" 
85.208.98.51 - - [05/Jul/2022:18:18:02 -0700] "GET /robots.txt HTTP/1.1" 200 333 "-" "Mozilla/5.0 (compatible; SemrushBot-BM/1.0; +http://www.semrush.com/bot.html)" 
49.7.20.111 - - [05/Jul/2022:18:19:10 -0700] "GET / HTTP/1.1" 200 13150 "-" "Sogou web spider/4.0(+http://www.sogou.com/docs/help/webmasters.htm#07)" 
180.137.222.109 - - [05/Jul/2022:18:20:14 -0700] "GET /favicon.ico HTTP/1.1" 200 391 "-" "Mozilla/5.0 (Windows NT 10.0; WOW64) AppleWebKit/537.36 (KHTML, like Gecko) Chrome/86.0.4240.198 Safari/537.36" 
34.206.152.150 - - [05/Jul/2022:18:22:54 -0700] "HEAD / HTTP/1.1" 301 186 "-" "DreamHost SiteMonitor 1.0" 
34.206.152.150 - - [05/Jul/2022:18:22:54 -0700] "HEAD / HTTP/1.1" 200 359 "http://66.33.221.139" "DreamHost SiteMonitor 1.0" 
171.252.227.66 - - [05/Jul/2022:18:28:39 -0700] "GET / HTTP/1.1" 200 13187 "-" "Mozilla/5.0 (Windows NT 10.0; Win64; x64) AppleWebKit/537.36 (KHTML, like Gecko) Chrome/103.0.5060.66 Safari/537.36 Edg/103.0.1264.44" 
171.252.227.66 - - [05/Jul/2022:18:28:40 -0700] "GET /css/style.css HTTP/1.1" 404 305 "http://www.secrepo.com/" "Mozilla/5.0 (Windows NT 10.0; Win64; x64) AppleWebKit/537.36 (KHTML, like Gecko) Chrome/103.0.5060.66 Safari/537.36 Edg/103.0.1264.44" 
171.252.227.66 - - [05/Jul/2022:18:28:40 -0700] "GET /twitter-icon.png HTTP/1.1" 200 27916 "http://www.secrepo.com/" "Mozilla/5.0 (Windows NT 10.0; Win64; x64) AppleWebKit/537.36 (KHTML, like Gecko) Chrome/103.0.5060.66 Safari/537.36 Edg/103.0.1264.44" 
171.252.227.66 - - [05/Jul/2022:18:28:40 -0700] "GET /GitHub-Mark.png HTTP/1.1" 200 7533 "http://www.secrepo.com/" "Mozilla/5.0 (Windows NT 10.0; Win64; x64) AppleWebKit/537.36 (KHTML, like Gecko) Chrome/103.0.5060.66 Safari/537.36 Edg/103.0.1264.44" 
114.119.149.237 - - [05/Jul/2022:18:29:48 -0700] "GET /self.logs/2015/access.log.2015-09-21.gz HTTP/1.1" 200 5577 "-" "Mozilla/5.0 (compatible;PetalBot;+https://webmaster.petalsearch.com/site/petalbot)" 
34.206.152.150 - - [05/Jul/2022:18:32:54 -0700] "HEAD / HTTP/1.1" 301 186 "-" "DreamHost SiteMonitor 1.0" 
34.206.152.150 - - [05/Jul/2022:18:32:54 -0700] "HEAD / HTTP/1.1" 200 359 "http://66.33.221.139" "DreamHost SiteMonitor 1.0" 
220.181.108.81 - - [05/Jul/2022:18:38:37 -0700] "GET /pe_static/apt1.zip HTTP/1.1" 200 1983402 "-" "Mozilla/5.0 (compatible; Baiduspider/2.0; +http://www.baidu.com/search/spider.html)" 
220.181.51.113 - - [05/Jul/2022:18:38:50 -0700] "GET /robots.txt HTTP/1.1" 200 340 "-" "Mozilla/5.0 (Windows NT 10.0; WOW64) AppleWebKit/537.36 (KHTML, like Gecko) Chrome/48.0.2564.116 Safari/537.36" 
116.179.33.85 - - [05/Jul/2022:18:39:24 -0700] "GET /robots.txt HTTP/1.1" 200 340 "-" "Mozilla/5.0 (Windows NT 10.0; WOW64) AppleWebKit/537.36 (KHTML, like Gecko) Chrome/48.0.2564.116 Safari/537.36" 
114.119.140.174 - - [05/Jul/2022:18:40:14 -0700] "GET /self.logs/access.log.2017-03-09.gz HTTP/1.1" 200 22813 "-" "Mozilla/5.0 (compatible;PetalBot;+https://webmaster.petalsearch.com/site/petalbot)" 
34.206.152.150 - - [05/Jul/2022:18:42:54 -0700] "HEAD / HTTP/1.1" 301 186 "-" "DreamHost SiteMonitor 1.0" 
34.206.152.150 - - [05/Jul/2022:18:42:54 -0700] "HEAD / HTTP/1.1" 200 359 "http://66.33.221.139" "DreamHost SiteMonitor 1.0" 
49.7.20.111 - - [05/Jul/2022:18:44:33 -0700] "GET / HTTP/1.1" 200 13150 "-" "Sogou web spider/4.0(+http://www.sogou.com/docs/help/webmasters.htm#07)" 
34.206.152.150 - - [05/Jul/2022:18:52:54 -0700] "HEAD / HTTP/1.1" 301 186 "-" "DreamHost SiteMonitor 1.0" 
34.206.152.150 - - [05/Jul/2022:18:52:54 -0700] "HEAD / HTTP/1.1" 200 359 "http://66.33.221.139" "DreamHost SiteMonitor 1.0" 
207.46.13.50 - - [05/Jul/2022:18:56:11 -0700] "GET /self.logs/ HTTP/1.1" 200 37105 "-" "Mozilla/5.0 (compatible; bingbot/2.0; +http://www.bing.com/bingbot.htm)" 
114.119.149.237 - - [05/Jul/2022:19:00:19 -0700] "GET /self.logs/error.log.2019-10-10.gz HTTP/1.1" 200 934 "-" "Mozilla/5.0 (compatible;PetalBot;+https://webmaster.petalsearch.com/site/petalbot)" 
34.206.152.150 - - [05/Jul/2022:19:02:54 -0700] "HEAD / HTTP/1.1" 301 186 "-" "DreamHost SiteMonitor 1.0" 
34.206.152.150 - - [05/Jul/2022:19:02:54 -0700] "HEAD / HTTP/1.1" 200 359 "http://66.33.221.139" "DreamHost SiteMonitor 1.0" 
107.167.35.130 - - [05/Jul/2022:19:03:59 -0700] "GET / HTTP/1.1" 200 13187 "http://www.SecRepo.com" "Mozilla/5.0 (Windows NT 10.0; Win64; x64) AppleWebKit/537.36 (KHTML, like Gecko) Chrome/87.0.4280.67 Safari/537.36 Edg/87.0.664.52" 
49.7.20.111 - - [05/Jul/2022:19:07:25 -0700] "GET / HTTP/1.1" 200 13150 "-" "Sogou web spider/4.0(+http://www.sogou.com/docs/help/webmasters.htm#07)" 
34.206.152.150 - - [05/Jul/2022:19:12:54 -0700] "HEAD / HTTP/1.1" 301 186 "-" "DreamHost SiteMonitor 1.0" 
34.206.152.150 - - [05/Jul/2022:19:12:54 -0700] "HEAD / HTTP/1.1" 200 359 "http://66.33.221.139" "DreamHost SiteMonitor 1.0" 
136.243.70.68 - - [05/Jul/2022:19:20:31 -0700] "GET /robots.txt HTTP/1.1" 200 377 "-" "AwarioSmartBot/1.0 (+https://awario.com/bots.html; bots@awario.com)" 
136.243.70.68 - - [05/Jul/2022:19:20:31 -0700] "GET / HTTP/1.1" 200 13186 "-" "AwarioSmartBot/1.0 (+https://awario.com/bots.html; bots@awario.com)" 
34.206.152.150 - - [05/Jul/2022:19:22:54 -0700] "HEAD / HTTP/1.1" 301 186 "-" "DreamHost SiteMonitor 1.0" 
34.206.152.150 - - [05/Jul/2022:19:22:54 -0700] "HEAD / HTTP/1.1" 200 359 "http://66.33.221.139" "DreamHost SiteMonitor 1.0" 
172.107.246.195 - - [05/Jul/2022:19:25:11 -0700] "GET /?author=1 HTTP/1.1" 301 493 "-" "Mozilla/5.0 (Windows NT 10.0; Win64; x64) AppleWebKit/537.36 (KHTML, like Gecko) Chrome/63.0.3239.132 Safari/537.36" 
172.107.246.195 - - [05/Jul/2022:19:25:11 -0700] "GET /wp-json/wp/v2/users/ HTTP/1.1" 301 514 "-" "Mozilla/5.0 (Windows NT 10.0; Win64; x64) AppleWebKit/537.36 (KHTML, like Gecko) Chrome/63.0.3239.132 Safari/537.36" 
172.107.246.195 - - [05/Jul/2022:19:25:11 -0700] "POST /xmlrpc.php HTTP/1.1" 301 494 "-" "Mozilla/5.0 (Windows NT 10.0; Win64; x64) AppleWebKit/537.36 (KHTML, like Gecko) Chrome/63.0.3239.132 Safari/537.36" 
114.119.149.237 - - [05/Jul/2022:19:29:36 -0700] "GET /self.logs/error.log.2019-08-13.gz HTTP/1.1" 200 1448 "-" "Mozilla/5.0 (compatible;PetalBot;+https://webmaster.petalsearch.com/site/petalbot)" 
52.212.146.96 - - [05/Jul/2022:19:30:01 -0700] "GET /self.logs/access.log.2022-06-29.gz HTTP/1.1" 200 45156 "-" "python-requests/2.12.1" 
207.46.13.50 - - [05/Jul/2022:19:31:07 -0700] "GET /self.logs/ HTTP/1.1" 200 37105 "-" "Mozilla/5.0 (compatible; bingbot/2.0; +http://www.bing.com/bingbot.htm)" 
49.7.20.111 - - [05/Jul/2022:19:31:55 -0700] "GET / HTTP/1.1" 200 13150 "-" "Sogou web spider/4.0(+http://www.sogou.com/docs/help/webmasters.htm#07)" 
34.206.152.150 - - [05/Jul/2022:19:32:54 -0700] "HEAD / HTTP/1.1" 301 186 "-" "DreamHost SiteMonitor 1.0" 
34.206.152.150 - - [05/Jul/2022:19:32:54 -0700] "HEAD / HTTP/1.1" 200 359 "http://66.33.221.139" "DreamHost SiteMonitor 1.0" 
34.206.152.150 - - [05/Jul/2022:19:42:54 -0700] "HEAD / HTTP/1.1" 301 186 "-" "DreamHost SiteMonitor 1.0" 
34.206.152.150 - - [05/Jul/2022:19:42:54 -0700] "HEAD / HTTP/1.1" 200 359 "http://66.33.221.139" "DreamHost SiteMonitor 1.0" 
114.97.185.61 - - [05/Jul/2022:19:44:35 -0700] "GET / HTTP/1.1" 200 13187 "-" "Mozilla/5.0 (Windows NT 10.0; Win64; x64; rv:91.0) Gecko/20100101 Firefox/91.0" 
222.186.43.77 - - [05/Jul/2022:19:45:34 -0700] "GET /e/data/js/ajax.js HTTP/1.1" 404 328 "-" "Mozilla/5.0 (Windows NT 10.0; WOW64; rv:48.0) Gecko/20100101 Firefox/48.0" 
123.125.109.129 - - [05/Jul/2022:19:47:42 -0700] "GET / HTTP/1.1" 200 13149 "-" "Sogou web spider/4.0(+http://www.sogou.com/docs/help/webmasters.htm#07)" 
114.119.140.174 - - [05/Jul/2022:19:49:21 -0700] "GET /self.logs/access.log.2018-07-22.gz HTTP/1.1" 200 18869 "-" "Mozilla/5.0 (compatible;PetalBot;+https://webmaster.petalsearch.com/site/petalbot)" 
34.206.152.150 - - [05/Jul/2022:19:52:54 -0700] "HEAD / HTTP/1.1" 301 186 "-" "DreamHost SiteMonitor 1.0" 
34.206.152.150 - - [05/Jul/2022:19:52:54 -0700] "HEAD / HTTP/1.1" 200 359 "http://66.33.221.139" "DreamHost SiteMonitor 1.0" 
114.119.140.174 - - [05/Jul/2022:19:59:10 -0700] "GET /self.logs/access.log.2020-06-23.gz HTTP/1.1" 200 15016 "-" "Mozilla/5.0 (compatible;PetalBot;+https://webmaster.petalsearch.com/site/petalbot)" 
34.206.152.150 - - [05/Jul/2022:20:02:54 -0700] "HEAD / HTTP/1.1" 301 186 "-" "DreamHost SiteMonitor 1.0" 
34.206.152.150 - - [05/Jul/2022:20:02:54 -0700] "HEAD / HTTP/1.1" 200 359 "http://66.33.221.139" "DreamHost SiteMonitor 1.0" 
207.46.13.50 - - [05/Jul/2022:20:04:57 -0700] "GET /self.logs/ HTTP/1.1" 200 37105 "-" "Mozilla/5.0 (compatible; bingbot/2.0; +http://www.bing.com/bingbot.htm)" 
34.128.70.130 - - [05/Jul/2022:20:06:24 -0700] "GET / HTTP/1.1" 301 475 "-" "Mozilla/5.0 (Windows NT 10.0; Win64; x64) AppleWebKit/537.36 (KHTML, like Gecko) Chrome/95.0.4638.69 Safari/537.36" 
34.128.70.130 - - [05/Jul/2022:20:06:25 -0700] "GET //wp-includes/ID3/license.txt HTTP/1.1" 404 328 "-" "Mozilla/5.0 (Windows NT 10.0; Win64; x64) AppleWebKit/537.36 (KHTML, like Gecko) Chrome/95.0.4638.69 Safari/537.36" 
34.128.70.130 - - [05/Jul/2022:20:06:25 -0700] "GET //feed/ HTTP/1.1" 404 305 "-" "Mozilla/5.0 (Windows NT 10.0; Win64; x64) AppleWebKit/537.36 (KHTML, like Gecko) Chrome/95.0.4638.69 Safari/537.36" 
34.128.70.130 - - [05/Jul/2022:20:06:26 -0700] "GET //xmlrpc.php?rsd HTTP/1.1" 404 305 "-" "Mozilla/5.0 (Windows NT 10.0; Win64; x64) AppleWebKit/537.36 (KHTML, like Gecko) Chrome/95.0.4638.69 Safari/537.36" 
34.128.70.130 - - [05/Jul/2022:20:06:26 -0700] "GET //blog/wp-includes/wlwmanifest.xml HTTP/1.1" 404 305 "-" "Mozilla/5.0 (Windows NT 10.0; Win64; x64) AppleWebKit/537.36 (KHTML, like Gecko) Chrome/95.0.4638.69 Safari/537.36" 
34.128.70.130 - - [05/Jul/2022:20:06:26 -0700] "GET //web/wp-includes/wlwmanifest.xml HTTP/1.1" 404 305 "-" "Mozilla/5.0 (Windows NT 10.0; Win64; x64) AppleWebKit/537.36 (KHTML, like Gecko) Chrome/95.0.4638.69 Safari/537.36" 
34.128.70.130 - - [05/Jul/2022:20:06:26 -0700] "GET //wordpress/wp-includes/wlwmanifest.xml HTTP/1.1" 404 305 "-" "Mozilla/5.0 (Windows NT 10.0; Win64; x64) AppleWebKit/537.36 (KHTML, like Gecko) Chrome/95.0.4638.69 Safari/537.36" 
34.128.70.130 - - [05/Jul/2022:20:06:27 -0700] "GET //wp/wp-includes/wlwmanifest.xml HTTP/1.1" 404 305 "-" "Mozilla/5.0 (Windows NT 10.0; Win64; x64) AppleWebKit/537.36 (KHTML, like Gecko) Chrome/95.0.4638.69 Safari/537.36" 
34.128.70.130 - - [05/Jul/2022:20:06:27 -0700] "GET //2020/wp-includes/wlwmanifest.xml HTTP/1.1" 404 305 "-" "Mozilla/5.0 (Windows NT 10.0; Win64; x64) AppleWebKit/537.36 (KHTML, like Gecko) Chrome/95.0.4638.69 Safari/537.36" 
34.128.70.130 - - [05/Jul/2022:20:06:27 -0700] "GET //2019/wp-includes/wlwmanifest.xml HTTP/1.1" 404 305 "-" "Mozilla/5.0 (Windows NT 10.0; Win64; x64) AppleWebKit/537.36 (KHTML, like Gecko) Chrome/95.0.4638.69 Safari/537.36" 
34.128.70.130 - - [05/Jul/2022:20:06:27 -0700] "GET //2021/wp-includes/wlwmanifest.xml HTTP/1.1" 404 305 "-" "Mozilla/5.0 (Windows NT 10.0; Win64; x64) AppleWebKit/537.36 (KHTML, like Gecko) Chrome/95.0.4638.69 Safari/537.36" 
34.128.70.130 - - [05/Jul/2022:20:06:28 -0700] "GET //shop/wp-includes/wlwmanifest.xml HTTP/1.1" 404 305 "-" "Mozilla/5.0 (Windows NT 10.0; Win64; x64) AppleWebKit/537.36 (KHTML, like Gecko) Chrome/95.0.4638.69 Safari/537.36" 
34.128.70.130 - - [05/Jul/2022:20:06:28 -0700] "GET //wp1/wp-includes/wlwmanifest.xml HTTP/1.1" 404 305 "-" "Mozilla/5.0 (Windows NT 10.0; Win64; x64) AppleWebKit/537.36 (KHTML, like Gecko) Chrome/95.0.4638.69 Safari/537.36" 
34.128.70.130 - - [05/Jul/2022:20:06:28 -0700] "GET //test/wp-includes/wlwmanifest.xml HTTP/1.1" 404 305 "-" "Mozilla/5.0 (Windows NT 10.0; Win64; x64) AppleWebKit/537.36 (KHTML, like Gecko) Chrome/95.0.4638.69 Safari/537.36" 
34.128.70.130 - - [05/Jul/2022:20:06:28 -0700] "GET //site/wp-includes/wlwmanifest.xml HTTP/1.1" 404 305 "-" "Mozilla/5.0 (Windows NT 10.0; Win64; x64) AppleWebKit/537.36 (KHTML, like Gecko) Chrome/95.0.4638.69 Safari/537.36" 
34.128.70.130 - - [05/Jul/2022:20:06:29 -0700] "GET //cms/wp-includes/wlwmanifest.xml HTTP/1.1" 404 305 "-" "Mozilla/5.0 (Windows NT 10.0; Win64; x64) AppleWebKit/537.36 (KHTML, like Gecko) Chrome/95.0.4638.69 Safari/537.36" 
157.55.39.60 - - [05/Jul/2022:20:07:16 -0700] "GET /data HTTP/1.1" 404 328 "-" "Mozilla/5.0 (compatible; bingbot/2.0; +http://www.bing.com/bingbot.htm)" 
44.206.236.145 - - [05/Jul/2022:20:08:58 -0700] "GET /robots.txt HTTP/1.1" 200 333 "-" "Mozilla/5.0 (X11; Linux x86_64) AppleWebKit/537.36 (KHTML, like Gecko) Chrome/94.0.4606.81 Safari/537.36" 
44.206.236.145 - - [05/Jul/2022:20:08:58 -0700] "GET / HTTP/1.1" 200 49111 "-" "Mozilla/5.0 (X11; Linux x86_64) AppleWebKit/537.36 (KHTML, like Gecko) Chrome/94.0.4606.81 Safari/537.36" 
34.206.152.150 - - [05/Jul/2022:20:12:54 -0700] "HEAD / HTTP/1.1" 301 186 "-" "DreamHost SiteMonitor 1.0" 
34.206.152.150 - - [05/Jul/2022:20:12:54 -0700] "HEAD / HTTP/1.1" 200 359 "http://66.33.221.139" "DreamHost SiteMonitor 1.0" 
114.119.140.174 - - [05/Jul/2022:20:19:51 -0700] "GET /self.logs/error.log.2017-02-02.gz HTTP/1.1" 200 957 "-" "Mozilla/5.0 (compatible;PetalBot;+https://webmaster.petalsearch.com/site/petalbot)" 
49.7.20.111 - - [05/Jul/2022:20:20:08 -0700] "GET / HTTP/1.1" 200 13148 "-" "Sogou web spider/4.0(+http://www.sogou.com/docs/help/webmasters.htm#07)" 
198.46.175.92 - - [05/Jul/2022:20:20:51 -0700] "GET / HTTP/1.1" 301 475 "-" "Mozilla/5.0 (Windows NT 10.0; WOW64; Trident/7.0; MDDCJS; rv:11.0) like Gecko,gzip(gfe)" 
198.46.175.92 - - [05/Jul/2022:20:20:51 -0700] "GET / HTTP/1.1" 200 13185 "-" "Mozilla/5.0 (Windows NT 10.0; WOW64; Trident/7.0; MDDCJS; rv:11.0) like Gecko,gzip(gfe)" 
198.46.222.102 - - [05/Jul/2022:20:21:09 -0700] "GET /data HTTP/1.1" 404 328 "http://www.secrepo.com/" "Mozilla/5.0 (Windows NT 10.0; WOW64; Trident/7.0; MDDCJS; rv:11.0) like Gecko,gzip(gfe)" 
198.46.222.102 - - [05/Jul/2022:20:21:09 -0700] "GET /ftp://download.iwlab.foi.se/dataset/ HTTP/1.1" 404 328 "http://www.secrepo.com/" "Mozilla/5.0 (Windows NT 10.0; WOW64; Trident/7.0; MDDCJS; rv:11.0) like Gecko,gzip(gfe)" 
198.46.175.92 - - [05/Jul/2022:20:21:09 -0700] "GET / HTTP/1.1" 301 475 "http://www.secrepo.com/" "Mozilla/5.0 (Windows NT 10.0; WOW64; Trident/7.0; MDDCJS; rv:11.0) like Gecko,gzip(gfe)" 
198.46.175.92 - - [05/Jul/2022:20:21:09 -0700] "GET / HTTP/1.1" 200 13185 "http://secrepo.com" "Mozilla/5.0 (Windows NT 10.0; WOW64; Trident/7.0; MDDCJS; rv:11.0) like Gecko,gzip(gfe)" 
198.46.222.102 - - [05/Jul/2022:20:21:18 -0700] "GET /Security-Data-Analysis/Lab_1/conn.log.zip HTTP/1.1" 200 5971400 "http://www.secrepo.com/" "Mozilla/5.0 (Windows NT 10.0; WOW64; Trident/7.0; MDDCJS; rv:11.0) like Gecko,gzip(gfe)" 
34.206.152.150 - - [05/Jul/2022:20:22:54 -0700] "HEAD / HTTP/1.1" 301 186 "-" "DreamHost SiteMonitor 1.0" 
34.206.152.150 - - [05/Jul/2022:20:22:54 -0700] "HEAD / HTTP/1.1" 200 359 "http://66.33.221.139" "DreamHost SiteMonitor 1.0" 
198.46.222.102 - - [05/Jul/2022:20:22:16 -0700] "GET /maccdc2012/conn.log.gz HTTP/1.1" 200 6009360 "http://www.secrepo.com/" "Mozilla/5.0 (Windows NT 10.0; WOW64; Trident/7.0; MDDCJS; rv:11.0) like Gecko,gzip(gfe)" 
198.46.222.102 - - [05/Jul/2022:20:23:07 -0700] "GET /honeypot/BSidesDFW%20-%202014.ipynb HTTP/1.1" 200 930921 "http://www.secrepo.com/" "Mozilla/5.0 (Windows NT 10.0; WOW64; Trident/7.0; MDDCJS; rv:11.0) like Gecko,gzip(gfe)" 
34.206.152.150 - - [05/Jul/2022:20:32:54 -0700] "HEAD / HTTP/1.1" 301 186 "-" "DreamHost SiteMonitor 1.0" 
34.206.152.150 - - [05/Jul/2022:20:32:54 -0700] "HEAD / HTTP/1.1" 200 359 "http://66.33.221.139" "DreamHost SiteMonitor 1.0" 
207.46.13.50 - - [05/Jul/2022:20:39:04 -0700] "GET /self.logs/ HTTP/1.1" 200 37105 "-" "Mozilla/5.0 (compatible; bingbot/2.0; +http://www.bing.com/bingbot.htm)" 
34.206.152.150 - - [05/Jul/2022:20:42:54 -0700] "HEAD / HTTP/1.1" 301 186 "-" "DreamHost SiteMonitor 1.0" 
34.206.152.150 - - [05/Jul/2022:20:42:54 -0700] "HEAD / HTTP/1.1" 200 359 "http://66.33.221.139" "DreamHost SiteMonitor 1.0" 
114.119.140.174 - - [05/Jul/2022:20:50:45 -0700] "GET /self.logs/error.log.2017-01-25.gz HTTP/1.1" 200 1421 "-" "Mozilla/5.0 (compatible;PetalBot;+https://webmaster.petalsearch.com/site/petalbot)" 
73.219.254.120 - - [05/Jul/2022:20:51:09 -0700] "GET / HTTP/1.1" 200 13185 "-" "Mozilla/5.0 (Macintosh; Intel Mac OS X 10_12_6) AppleWebKit/537.36 (KHTML, like Gecko) Chrome/103.0.0.0 Safari/537.36" 
73.219.254.120 - - [05/Jul/2022:20:51:09 -0700] "GET /css/style.css HTTP/1.1" 404 305 "http://www.secrepo.com/" "Mozilla/5.0 (Macintosh; Intel Mac OS X 10_12_6) AppleWebKit/537.36 (KHTML, like Gecko) Chrome/103.0.0.0 Safari/537.36" 
73.219.254.120 - - [05/Jul/2022:20:51:09 -0700] "GET /GitHub-Mark.png HTTP/1.1" 200 7556 "http://www.secrepo.com/" "Mozilla/5.0 (Macintosh; Intel Mac OS X 10_12_6) AppleWebKit/537.36 (KHTML, like Gecko) Chrome/103.0.0.0 Safari/537.36" 
73.219.254.120 - - [05/Jul/2022:20:51:09 -0700] "GET /twitter-icon.png HTTP/1.1" 200 27916 "http://www.secrepo.com/" "Mozilla/5.0 (Macintosh; Intel Mac OS X 10_12_6) AppleWebKit/537.36 (KHTML, like Gecko) Chrome/103.0.0.0 Safari/537.36" 
73.219.254.120 - - [05/Jul/2022:20:51:11 -0700] "GET /bootstrap/img/favicon.ico HTTP/1.1" 200 690 "http://www.secrepo.com/" "Mozilla/5.0 (Macintosh; Intel Mac OS X 10_12_6) AppleWebKit/537.36 (KHTML, like Gecko) Chrome/103.0.0.0 Safari/537.36" 
34.206.152.150 - - [05/Jul/2022:20:52:54 -0700] "HEAD / HTTP/1.1" 301 186 "-" "DreamHost SiteMonitor 1.0" 
34.206.152.150 - - [05/Jul/2022:20:52:54 -0700] "HEAD / HTTP/1.1" 200 359 "http://66.33.221.139" "DreamHost SiteMonitor 1.0" 
165.225.230.103 - - [05/Jul/2022:20:53:55 -0700] "GET / HTTP/1.1" 301 475 "https://www.reddit.com/" "Mozilla/5.0 (X11; Linux x86_64; rv:102.0) Gecko/20100101 Firefox/102.0" 
165.225.230.103 - - [05/Jul/2022:20:53:56 -0700] "GET / HTTP/1.1" 200 13162 "https://www.reddit.com/" "Mozilla/5.0 (X11; Linux x86_64; rv:102.0) Gecko/20100101 Firefox/102.0" 
165.225.230.103 - - [05/Jul/2022:20:53:56 -0700] "GET /css/style.css HTTP/1.1" 404 305 "http://www.secrepo.com/" "Mozilla/5.0 (X11; Linux x86_64; rv:102.0) Gecko/20100101 Firefox/102.0" 
165.225.230.103 - - [05/Jul/2022:20:53:56 -0700] "GET /twitter-icon.png HTTP/1.1" 200 27893 "http://www.secrepo.com/" "Mozilla/5.0 (X11; Linux x86_64; rv:102.0) Gecko/20100101 Firefox/102.0" 
165.225.230.103 - - [05/Jul/2022:20:53:57 -0700] "GET /GitHub-Mark.png HTTP/1.1" 200 7556 "http://www.secrepo.com/" "Mozilla/5.0 (X11; Linux x86_64; rv:102.0) Gecko/20100101 Firefox/102.0" 
165.225.230.103 - - [05/Jul/2022:20:53:57 -0700] "GET /bootstrap/img/favicon.ico HTTP/1.1" 200 690 "http://www.secrepo.com/" "Mozilla/5.0 (X11; Linux x86_64; rv:102.0) Gecko/20100101 Firefox/102.0" 
68.33.176.135 - - [05/Jul/2022:20:58:33 -0700] "GET / HTTP/1.1" 200 13185 "-" "Mozilla/5.0 (iPhone; CPU iPhone OS 15_5 like Mac OS X) AppleWebKit/605.1.15 (KHTML, like Gecko) Version/15.5 Mobile/15E148 Safari/604.1" 
114.119.149.222 - - [05/Jul/2022:21:00:48 -0700] "GET /self.logs/error.log.2020-03-16.gz HTTP/1.1" 200 872 "-" "Mozilla/5.0 (compatible;PetalBot;+https://webmaster.petalsearch.com/site/petalbot)" 
34.206.152.150 - - [05/Jul/2022:21:02:54 -0700] "HEAD / HTTP/1.1" 301 186 "-" "DreamHost SiteMonitor 1.0" 
34.206.152.150 - - [05/Jul/2022:21:02:54 -0700] "HEAD / HTTP/1.1" 200 359 "http://66.33.221.139" "DreamHost SiteMonitor 1.0" 
183.189.234.38 - - [05/Jul/2022:21:08:13 -0700] "GET / HTTP/1.1" 200 49096 "-" "Mozilla/4.0 (compatible; MSIE 8.0; Windows NT 6.1; Trident/4.0)" 
183.189.234.38 - - [05/Jul/2022:21:08:13 -0700] "GET / HTTP/1.1" 200 49096 "-" "Mozilla/4.0 (compatible; MSIE 8.0; Windows NT 6.1; Trident/4.0)" 
183.189.234.38 - - [05/Jul/2022:21:08:33 -0700] "GET / HTTP/1.1" 200 49096 "-" "Mozilla/4.0 (compatible; MSIE 8.0; Windows NT 6.1; Trident/4.0)" 
49.7.20.111 - - [05/Jul/2022:21:09:07 -0700] "GET / HTTP/1.1" 200 13149 "-" "Sogou web spider/4.0(+http://www.sogou.com/docs/help/webmasters.htm#07)" 
34.206.152.150 - - [05/Jul/2022:21:12:54 -0700] "HEAD / HTTP/1.1" 301 186 "-" "DreamHost SiteMonitor 1.0" 
34.206.152.150 - - [05/Jul/2022:21:12:54 -0700] "HEAD / HTTP/1.1" 200 359 "http://66.33.221.139" "DreamHost SiteMonitor 1.0" 
207.46.13.50 - - [05/Jul/2022:21:13:48 -0700] "GET /self.logs/ HTTP/1.1" 200 37105 "-" "Mozilla/5.0 (compatible; bingbot/2.0; +http://www.bing.com/bingbot.htm)" 
171.212.240.22 - - [05/Jul/2022:21:19:57 -0700] "GET / HTTP/1.1" 200 13187 "-" "Mozilla/5.0 (Macintosh; Intel Mac OS X 10_15_7) AppleWebKit/605.1.15 (KHTML, like Gecko)" 
171.212.240.22 - - [05/Jul/2022:21:19:58 -0700] "GET /apple-touch-icon-precomposed.png HTTP/1.1" 404 328 "-" "Safari%E6%B5%8F%E8%A7%88%E5%99%A8/16613.1.17.1.13 CFNetwork/1240.0.4 Darwin/20.6.0" 
171.212.240.22 - - [05/Jul/2022:21:19:58 -0700] "GET /apple-touch-icon.png HTTP/1.1" 404 305 "-" "Safari%E6%B5%8F%E8%A7%88%E5%99%A8/16613.1.17.1.13 CFNetwork/1240.0.4 Darwin/20.6.0" 
171.212.240.22 - - [05/Jul/2022:21:19:59 -0700] "GET / HTTP/1.1" 200 13164 "-" "Mozilla/5.0 (iPhone; CPU iPhone OS 14_0 like Mac OS X) AppleWebKit/605.1.15 (KHTML, like Gecko) Version/14.0 Mobile/15E148 Safari/604.1" 
171.212.240.22 - - [05/Jul/2022:21:19:59 -0700] "GET /apple-touch-icon-precomposed.png HTTP/1.1" 404 305 "-" "Safari%E6%B5%8F%E8%A7%88%E5%99%A8/16613.1.17.1.13 CFNetwork/1240.0.4 Darwin/20.6.0" 
171.212.240.22 - - [05/Jul/2022:21:19:59 -0700] "GET /apple-touch-icon.png HTTP/1.1" 404 305 "-" "Safari%E6%B5%8F%E8%A7%88%E5%99%A8/16613.1.17.1.13 CFNetwork/1240.0.4 Darwin/20.6.0" 
114.119.140.174 - - [05/Jul/2022:21:21:36 -0700] "GET /self.logs/access.log.2018-02-11.gz HTTP/1.1" 200 29563 "-" "Mozilla/5.0 (compatible;PetalBot;+https://webmaster.petalsearch.com/site/petalbot)" 
34.206.152.150 - - [05/Jul/2022:21:22:54 -0700] "HEAD / HTTP/1.1" 301 186 "-" "DreamHost SiteMonitor 1.0" 
34.206.152.150 - - [05/Jul/2022:21:22:54 -0700] "HEAD / HTTP/1.1" 200 359 "http://66.33.221.139" "DreamHost SiteMonitor 1.0" 
3.92.210.162 - - [05/Jul/2022:21:25:10 -0700] "GET / HTTP/1.1" 200 13143 "-" "Mozilla/5.0 (X11; Linux x86_64) AppleWebKit/537.36 (KHTML, like Gecko) Chrome/84.0.4147.135 Safari/537.36" 
54.174.170.53 - - [05/Jul/2022:21:25:45 -0700] "GET / HTTP/1.1" 200 13143 "-" "Mozilla/5.0 (X11; Linux x86_64) AppleWebKit/537.36 (KHTML, like Gecko) Chrome/84.0.4147.135 Safari/537.36" 
206.47.249.246 - - [05/Jul/2022:21:27:51 -0700] "GET /self.logs/error.log.2019-04-23.gz HTTP/1.1" 304 280 "-" "Mozilla/4.0 (compatible;)" 
34.206.152.150 - - [05/Jul/2022:21:32:54 -0700] "HEAD / HTTP/1.1" 301 186 "-" "DreamHost SiteMonitor 1.0" 
34.206.152.150 - - [05/Jul/2022:21:32:54 -0700] "HEAD / HTTP/1.1" 200 359 "http://66.33.221.139" "DreamHost SiteMonitor 1.0" 
114.119.149.23 - - [05/Jul/2022:21:42:15 -0700] "GET /self.logs/error.log.2018-07-22.gz HTTP/1.1" 200 6295 "-" "Mozilla/5.0 (compatible;PetalBot;+https://webmaster.petalsearch.com/site/petalbot)" 
34.206.152.150 - - [05/Jul/2022:21:42:54 -0700] "HEAD / HTTP/1.1" 301 186 "-" "DreamHost SiteMonitor 1.0" 
34.206.152.150 - - [05/Jul/2022:21:42:54 -0700] "HEAD / HTTP/1.1" 200 359 "http://66.33.221.139" "DreamHost SiteMonitor 1.0" 
207.46.13.50 - - [05/Jul/2022:21:48:37 -0700] "GET /self.logs/ HTTP/1.1" 200 37105 "-" "Mozilla/5.0 (compatible; bingbot/2.0; +http://www.bing.com/bingbot.htm)" 
114.119.149.23 - - [05/Jul/2022:21:52:22 -0700] "GET /self.logs/error.log.2017-02-01.gz HTTP/1.1" 200 929 "-" "Mozilla/5.0 (compatible;PetalBot;+https://webmaster.petalsearch.com/site/petalbot)" 
34.206.152.150 - - [05/Jul/2022:21:52:54 -0700] "HEAD / HTTP/1.1" 301 186 "-" "DreamHost SiteMonitor 1.0" 
34.206.152.150 - - [05/Jul/2022:21:52:54 -0700] "HEAD / HTTP/1.1" 200 359 "http://66.33.221.139" "DreamHost SiteMonitor 1.0" 
49.7.20.111 - - [05/Jul/2022:21:54:42 -0700] "GET / HTTP/1.1" 200 13150 "-" "Sogou web spider/4.0(+http://www.sogou.com/docs/help/webmasters.htm#07)" 
49.36.47.210 - - [05/Jul/2022:21:58:08 -0700] "GET / HTTP/1.1" 200 13187 "-" "Mozilla/5.0 (Windows NT 10.0; Win64; x64) AppleWebKit/537.36 (KHTML, like Gecko) Chrome/103.0.5060.66 Safari/537.36 Edg/103.0.1264.44" 
49.36.47.210 - - [05/Jul/2022:21:58:08 -0700] "GET /css/style.css HTTP/1.1" 404 305 "http://www.secrepo.com/" "Mozilla/5.0 (Windows NT 10.0; Win64; x64) AppleWebKit/537.36 (KHTML, like Gecko) Chrome/103.0.5060.66 Safari/537.36 Edg/103.0.1264.44" 
49.36.47.210 - - [05/Jul/2022:21:58:08 -0700] "GET /GitHub-Mark.png HTTP/1.1" 200 7556 "http://www.secrepo.com/" "Mozilla/5.0 (Windows NT 10.0; Win64; x64) AppleWebKit/537.36 (KHTML, like Gecko) Chrome/103.0.5060.66 Safari/537.36 Edg/103.0.1264.44" 
49.36.47.210 - - [05/Jul/2022:21:58:08 -0700] "GET /twitter-icon.png HTTP/1.1" 200 27916 "http://www.secrepo.com/" "Mozilla/5.0 (Windows NT 10.0; Win64; x64) AppleWebKit/537.36 (KHTML, like Gecko) Chrome/103.0.5060.66 Safari/537.36 Edg/103.0.1264.44" 
49.36.47.210 - - [05/Jul/2022:21:58:14 -0700] "GET /bootstrap/img/favicon.ico HTTP/1.1" 200 713 "http://www.secrepo.com/" "Mozilla/5.0 (Windows NT 10.0; Win64; x64) AppleWebKit/537.36 (KHTML, like Gecko) Chrome/103.0.5060.66 Safari/537.36 Edg/103.0.1264.44" 
49.36.47.210 - - [05/Jul/2022:21:58:32 -0700] "GET /maccdc2012/dhcp.log.gz HTTP/1.1" 200 44977 "http://www.secrepo.com/" "Mozilla/5.0 (Windows NT 10.0; Win64; x64) AppleWebKit/537.36 (KHTML, like Gecko) Chrome/103.0.5060.66 Safari/537.36 Edg/103.0.1264.44" 
49.36.47.210 - - [05/Jul/2022:22:00:24 -0700] "GET /tg/tg_snort_fast.7z HTTP/1.1" 200 4274204 "http://www.secrepo.com/" "Mozilla/5.0 (Windows NT 10.0; Win64; x64) AppleWebKit/537.36 (KHTML, like Gecko) Chrome/103.0.5060.66 Safari/537.36 Edg/103.0.1264.44" 
49.36.47.210 - - [05/Jul/2022:22:01:25 -0700] "GET /maccdc2012/ssh.log.gz HTTP/1.1" 200 182567 "http://www.secrepo.com/" "Mozilla/5.0 (Windows NT 10.0; Win64; x64) AppleWebKit/537.36 (KHTML, like Gecko) Chrome/103.0.5060.66 Safari/537.36 Edg/103.0.1264.44" 
34.206.152.150 - - [05/Jul/2022:22:02:54 -0700] "HEAD / HTTP/1.1" 301 186 "-" "DreamHost SiteMonitor 1.0" 
34.206.152.150 - - [05/Jul/2022:22:02:54 -0700] "HEAD / HTTP/1.1" 200 359 "http://66.33.221.139" "DreamHost SiteMonitor 1.0" 
49.36.47.210 - - [05/Jul/2022:22:06:59 -0700] "GET /css/style.css HTTP/1.1" 404 328 "http://www.secrepo.com/" "Mozilla/5.0 (Windows NT 10.0; Win64; x64) AppleWebKit/537.36 (KHTML, like Gecko) Chrome/103.0.5060.66 Safari/537.36 Edg/103.0.1264.44" 
34.206.152.150 - - [05/Jul/2022:22:12:54 -0700] "HEAD / HTTP/1.1" 301 186 "-" "DreamHost SiteMonitor 1.0" 
34.206.152.150 - - [05/Jul/2022:22:12:54 -0700] "HEAD / HTTP/1.1" 200 359 "http://66.33.221.139" "DreamHost SiteMonitor 1.0" 
199.58.86.211 - - [05/Jul/2022:22:17:44 -0700] "GET /robots.txt HTTP/1.1" 200 377 "-" "Mozilla/5.0 (compatible; MJ12bot/v1.4.8; http://mj12bot.com/)" 
199.58.86.211 - - [05/Jul/2022:22:17:46 -0700] "GET / HTTP/1.1" 200 13109 "-" "Mozilla/5.0 (compatible; MJ12bot/v1.4.8; http://mj12bot.com/)" 
34.206.152.150 - - [05/Jul/2022:22:22:54 -0700] "HEAD / HTTP/1.1" 301 186 "-" "DreamHost SiteMonitor 1.0" 
34.206.152.150 - - [05/Jul/2022:22:22:54 -0700] "HEAD / HTTP/1.1" 200 359 "http://66.33.221.139" "DreamHost SiteMonitor 1.0" 
207.46.13.50 - - [05/Jul/2022:22:23:16 -0700] "GET /self.logs/ HTTP/1.1" 200 37105 "-" "Mozilla/5.0 (compatible; bingbot/2.0; +http://www.bing.com/bingbot.htm)" 
51.222.253.12 - - [05/Jul/2022:22:26:12 -0700] "GET /Datasets%20Description/Network/?C=N;O=A HTTP/1.1" 200 725 "-" "Mozilla/5.0 (compatible; AhrefsBot/7.0; +http://ahrefs.com/robot/)" 
34.206.152.150 - - [05/Jul/2022:22:32:54 -0700] "HEAD / HTTP/1.1" 301 186 "-" "DreamHost SiteMonitor 1.0" 
34.206.152.150 - - [05/Jul/2022:22:32:54 -0700] "HEAD / HTTP/1.1" 200 359 "http://66.33.221.139" "DreamHost SiteMonitor 1.0" 
116.203.44.248 - - [05/Jul/2022:22:33:40 -0700] "GET / HTTP/1.1" 200 49133 "http://www.secrepo.com/" "Mozilla/5.0 (X11; Ubuntu; Linux x86_64; rv:89.0) Gecko/20100101 Firefox/89.0" 
114.119.140.174 - - [05/Jul/2022:22:34:33 -0700] "GET /self.logs/access.log.2017-09-06.gz HTTP/1.1" 200 25851 "-" "Mozilla/5.0 (compatible;PetalBot;+https://webmaster.petalsearch.com/site/petalbot)" 
49.7.20.111 - - [05/Jul/2022:22:36:27 -0700] "GET / HTTP/1.1" 200 13149 "-" "Sogou web spider/4.0(+http://www.sogou.com/docs/help/webmasters.htm#07)" 
20.2.72.28 - - [05/Jul/2022:22:42:47 -0700] "GET /e/data/js/ajax.js HTTP/1.1" 404 328 "-" "Mozilla/5.0 (Windows NT 10.0; WOW64; rv:48.0) Gecko/20100101 Firefox/48.0" 
34.206.152.150 - - [05/Jul/2022:22:42:54 -0700] "HEAD / HTTP/1.1" 301 186 "-" "DreamHost SiteMonitor 1.0" 
34.206.152.150 - - [05/Jul/2022:22:42:54 -0700] "HEAD / HTTP/1.1" 200 359 "http://66.33.221.139" "DreamHost SiteMonitor 1.0" 
98.42.115.61 - - [05/Jul/2022:22:43:33 -0700] "GET / HTTP/1.1" 200 13186 "-" "Mozilla/5.0 (Macintosh; Intel Mac OS X 10_15_7) AppleWebKit/537.36 (KHTML, like Gecko) Chrome/103.0.0.0 Safari/537.36" 
98.42.115.61 - - [05/Jul/2022:22:43:33 -0700] "GET /css/style.css HTTP/1.1" 404 305 "http://www.secrepo.com/" "Mozilla/5.0 (Macintosh; Intel Mac OS X 10_15_7) AppleWebKit/537.36 (KHTML, like Gecko) Chrome/103.0.0.0 Safari/537.36" 
98.42.115.61 - - [05/Jul/2022:22:43:33 -0700] "GET /twitter-icon.png HTTP/1.1" 200 27893 "http://www.secrepo.com/" "Mozilla/5.0 (Macintosh; Intel Mac OS X 10_15_7) AppleWebKit/537.36 (KHTML, like Gecko) Chrome/103.0.0.0 Safari/537.36" 
98.42.115.61 - - [05/Jul/2022:22:43:33 -0700] "GET /GitHub-Mark.png HTTP/1.1" 200 7556 "http://www.secrepo.com/" "Mozilla/5.0 (Macintosh; Intel Mac OS X 10_15_7) AppleWebKit/537.36 (KHTML, like Gecko) Chrome/103.0.0.0 Safari/537.36" 
98.42.115.61 - - [05/Jul/2022:22:43:34 -0700] "GET /bootstrap/img/favicon.ico HTTP/1.1" 200 690 "http://www.secrepo.com/" "Mozilla/5.0 (Macintosh; Intel Mac OS X 10_15_7) AppleWebKit/537.36 (KHTML, like Gecko) Chrome/103.0.0.0 Safari/537.36" 
114.119.140.174 - - [05/Jul/2022:22:45:29 -0700] "GET /self.logs/error.log.2019-02-11.gz HTTP/1.1" 200 4496 "-" "Mozilla/5.0 (compatible;PetalBot;+https://webmaster.petalsearch.com/site/petalbot)" 
20.2.72.28 - - [05/Jul/2022:22:47:58 -0700] "GET /css/album.css HTTP/1.1" 404 328 "-" "Mozilla/5.0 (Windows NT 10.0; WOW64; rv:48.0) Gecko/20100101 Firefox/48.0" 
20.2.72.28 - - [05/Jul/2022:22:48:05 -0700] "GET /data/admin/allowurl.txt HTTP/1.1" 404 328 "-" "Mozilla/5.0 (Windows NT 10.0; WOW64; rv:48.0) Gecko/20100101 Firefox/48.0" 
34.206.152.150 - - [05/Jul/2022:22:52:54 -0700] "HEAD / HTTP/1.1" 301 186 "-" "DreamHost SiteMonitor 1.0" 
34.206.152.150 - - [05/Jul/2022:22:52:54 -0700] "HEAD / HTTP/1.1" 200 359 "http://66.33.221.139" "DreamHost SiteMonitor 1.0" 
207.46.13.50 - - [05/Jul/2022:22:56:43 -0700] "GET /self.logs/ HTTP/1.1" 200 37105 "-" "Mozilla/5.0 (compatible; bingbot/2.0; +http://www.bing.com/bingbot.htm)" 
222.209.85.215 - - [05/Jul/2022:23:02:41 -0700] "GET /favicon.ico HTTP/1.1" 200 391 "-" "Mozilla/5.0 (Windows NT 10.0; WOW64) AppleWebKit/537.36 (KHTML, like Gecko) Chrome/79.0.3945.79 Safari/537.36" 
34.206.152.150 - - [05/Jul/2022:23:02:54 -0700] "HEAD / HTTP/1.1" 301 186 "-" "DreamHost SiteMonitor 1.0" 
34.206.152.150 - - [05/Jul/2022:23:02:54 -0700] "HEAD / HTTP/1.1" 200 359 "http://66.33.221.139" "DreamHost SiteMonitor 1.0" 
114.119.149.222 - - [05/Jul/2022:23:06:41 -0700] "GET /self.logs/access.log.2019-04-19.gz HTTP/1.1" 200 25416 "-" "Mozilla/5.0 (compatible;PetalBot;+https://webmaster.petalsearch.com/site/petalbot)" 
107.167.39.74 - - [05/Jul/2022:23:06:41 -0700] "GET / HTTP/1.1" 200 13186 "http://www.secrepo.com" "Mozilla/5.0 (Windows NT 10.0; Win64; x64) AppleWebKit/537.36 (KHTML, like Gecko) Chrome/87.0.4280.67 Safari/537.36 Edg/87.0.664.52" 
34.206.152.150 - - [05/Jul/2022:23:12:54 -0700] "HEAD / HTTP/1.1" 301 186 "-" "DreamHost SiteMonitor 1.0" 
34.206.152.150 - - [05/Jul/2022:23:12:54 -0700] "HEAD / HTTP/1.1" 200 359 "http://66.33.221.139" "DreamHost SiteMonitor 1.0" 
23.225.228.234 - - [05/Jul/2022:23:14:43 -0700] "GET /public/static/libs/jymusic/js/base64.js HTTP/1.1" 404 328 "-" "Mozilla/5.0 (compatible; Baiduspider/2.0;+http://www.baidu.com/search/spider.html)" 
49.7.20.111 - - [05/Jul/2022:23:14:51 -0700] "GET / HTTP/1.1" 200 13149 "-" "Sogou web spider/4.0(+http://www.sogou.com/docs/help/webmasters.htm#07)" 
23.225.228.234 - - [05/Jul/2022:23:14:52 -0700] "GET /plugins/qqkf/qqkf2.js HTTP/1.1" 404 284 "-" "Mozilla/5.0 (compatible; Baiduspider/2.0;+http://www.baidu.com/search/spider.html)" 
23.225.228.234 - - [05/Jul/2022:23:15:02 -0700] "GET /images/3z.png HTTP/1.1" 404 284 "-" "Mozilla/5.0 (compatible; Baiduspider/2.0;+http://www.baidu.com/search/spider.html)" 
23.225.228.234 - - [05/Jul/2022:23:15:09 -0700] "GET /themes/default/images/yahoo.gif HTTP/1.1" 404 284 "-" "Mozilla/5.0 (compatible; Baiduspider/2.0;+http://www.baidu.com/search/spider.html)" 
23.225.228.234 - - [05/Jul/2022:23:15:16 -0700] "GET /js/calendar/active-bg.gif HTTP/1.1" 404 284 "-" "Mozilla/5.0 (compatible; Baiduspider/2.0;+http://www.baidu.com/search/spider.html)" 
23.225.228.234 - - [05/Jul/2022:23:15:25 -0700] "GET /js/slick/images/code.png HTTP/1.1" 404 284 "-" "Mozilla/5.0 (compatible; Baiduspider/2.0;+http://www.baidu.com/search/spider.html)" 
23.225.228.234 - - [05/Jul/2022:23:15:34 -0700] "GET /css/tips.css HTTP/1.1" 404 284 "-" "Mozilla/5.0 (compatible; Baiduspider/2.0;+http://www.baidu.com/search/spider.html)" 
23.225.228.234 - - [05/Jul/2022:23:15:45 -0700] "GET /js/webuploader/webuploader.css HTTP/1.1" 404 284 "-" "Mozilla/5.0 (compatible; Baiduspider/2.0;+http://www.baidu.com/search/spider.html)" 
23.225.228.234 - - [05/Jul/2022:23:15:52 -0700] "GET /css/images/refresh.png HTTP/1.1" 404 284 "-" "Mozilla/5.0 (compatible; Baiduspider/2.0;+http://www.baidu.com/search/spider.html)" 
23.225.228.234 - - [05/Jul/2022:23:16:01 -0700] "GET /wp-content/themes/ripro/assets/js/html5shiv.js HTTP/1.1" 404 284 "-" "Mozilla/5.0 (compatible; Baiduspider/2.0;+http://www.baidu.com/search/spider.html)" 
23.225.228.234 - - [05/Jul/2022:23:16:09 -0700] "GET /wp-includes/css/wp-embed-template-ie.css HTTP/1.1" 404 284 "-" "Mozilla/5.0 (compatible; Baiduspider/2.0;+http://www.baidu.com/search/spider.html)" 
23.225.228.234 - - [05/Jul/2022:23:16:18 -0700] "GET /static/login/logo.png HTTP/1.1" 404 284 "-" "Mozilla/5.0 (compatible; Baiduspider/2.0;+http://www.baidu.com/search/spider.html)" 
23.225.228.234 - - [05/Jul/2022:23:16:27 -0700] "GET /static/login/keypad/images/formEle/keyBg.jpg HTTP/1.1" 404 284 "-" "Mozilla/5.0 (compatible; Baiduspider/2.0;+http://www.baidu.com/search/spider.html)" 
23.225.228.234 - - [05/Jul/2022:23:16:36 -0700] "GET /js/err.html HTTP/1.1" 404 284 "-" "Mozilla/5.0 (compatible; Baiduspider/2.0;+http://www.baidu.com/search/spider.html)" 
23.225.228.234 - - [05/Jul/2022:23:16:43 -0700] "GET /js/comment.css HTTP/1.1" 404 284 "-" "Mozilla/5.0 (compatible; Baiduspider/2.0;+http://www.baidu.com/search/spider.html)" 
23.225.228.234 - - [05/Jul/2022:23:16:51 -0700] "GET /plus/img/toplogo.gif HTTP/1.1" 404 284 "-" "Mozilla/5.0 (compatible; Baiduspider/2.0;+http://www.baidu.com/search/spider.html)" 
23.225.228.234 - - [05/Jul/2022:23:16:58 -0700] "GET /data/admin/allowurl.txt HTTP/1.1" 404 284 "-" "Mozilla/5.0 (compatible; Baiduspider/2.0;+http://www.baidu.com/search/spider.html)" 
23.225.228.234 - - [05/Jul/2022:23:17:07 -0700] "GET /member/templets/images/login_logo.gif HTTP/1.1" 404 284 "-" "Mozilla/5.0 (compatible; Baiduspider/2.0;+http://www.baidu.com/search/spider.html)" 
107.167.39.74 - - [05/Jul/2022:23:17:10 -0700] "GET / HTTP/1.1" 200 13186 "http://www.secrepo.com" "Mozilla/5.0 (Windows NT 10.0; Win64; x64) AppleWebKit/537.36 (KHTML, like Gecko) Chrome/87.0.4280.67 Safari/537.36 Edg/87.0.664.52" 
114.119.149.23 - - [05/Jul/2022:23:17:10 -0700] "GET /self.logs/access.log.2018-11-14.gz HTTP/1.1" 200 33285 "-" "Mozilla/5.0 (compatible;PetalBot;+https://webmaster.petalsearch.com/site/petalbot)" 
129.126.176.49 - - [05/Jul/2022:23:18:40 -0700] "GET / HTTP/1.1" 200 13186 "-" "Mozilla/5.0 (Macintosh; Intel Mac OS X 10_15_7) AppleWebKit/605.1.15 (KHTML, like Gecko) Version/15.5 Safari/605.1.15" 
129.126.176.49 - - [05/Jul/2022:23:18:41 -0700] "GET /css/style.css HTTP/1.1" 404 328 "http://www.secrepo.com/" "Mozilla/5.0 (Macintosh; Intel Mac OS X 10_15_7) AppleWebKit/605.1.15 (KHTML, like Gecko) Version/15.5 Safari/605.1.15" 
129.126.176.49 - - [05/Jul/2022:23:18:42 -0700] "GET /twitter-icon.png HTTP/1.1" 200 27893 "http://www.secrepo.com/" "Mozilla/5.0 (Macintosh; Intel Mac OS X 10_15_7) AppleWebKit/605.1.15 (KHTML, like Gecko) Version/15.5 Safari/605.1.15" 
129.126.176.49 - - [05/Jul/2022:23:18:42 -0700] "GET /GitHub-Mark.png HTTP/1.1" 200 7533 "http://www.secrepo.com/" "Mozilla/5.0 (Macintosh; Intel Mac OS X 10_15_7) AppleWebKit/605.1.15 (KHTML, like Gecko) Version/15.5 Safari/605.1.15" 
129.126.176.49 - - [05/Jul/2022:23:18:43 -0700] "GET /bootstrap/img/favicon.ico HTTP/1.1" 200 713 "http://www.secrepo.com/" "Mozilla/5.0 (Macintosh; Intel Mac OS X 10_15_7) AppleWebKit/605.1.15 (KHTML, like Gecko) Version/15.5 Safari/605.1.15" 
34.206.152.150 - - [05/Jul/2022:23:22:54 -0700] "HEAD / HTTP/1.1" 301 186 "-" "DreamHost SiteMonitor 1.0" 
34.206.152.150 - - [05/Jul/2022:23:22:54 -0700] "HEAD / HTTP/1.1" 200 359 "http://66.33.221.139" "DreamHost SiteMonitor 1.0" 
222.209.85.215 - - [05/Jul/2022:23:25:38 -0700] "GET /favicon.ico HTTP/1.1" 200 391 "-" "Mozilla/5.0 (Windows NT 10.0; WOW64) AppleWebKit/537.36 (KHTML, like Gecko) Chrome/79.0.3945.79 Safari/537.36" 
171.212.240.22 - - [05/Jul/2022:23:26:43 -0700] "GET / HTTP/1.1" 200 13186 "-" "Mozilla/5.0 (Macintosh; Intel Mac OS X 10_15_7) AppleWebKit/605.1.15 (KHTML, like Gecko)" 
171.212.240.22 - - [05/Jul/2022:23:26:44 -0700] "GET /apple-touch-icon-precomposed.png HTTP/1.1" 404 328 "-" "Safari%E6%B5%8F%E8%A7%88%E5%99%A8/16613.1.17.1.13 CFNetwork/1240.0.4 Darwin/20.6.0" 
171.212.240.22 - - [05/Jul/2022:23:26:44 -0700] "GET /apple-touch-icon.png HTTP/1.1" 404 305 "-" "Safari%E6%B5%8F%E8%A7%88%E5%99%A8/16613.1.17.1.13 CFNetwork/1240.0.4 Darwin/20.6.0" 
171.212.240.22 - - [05/Jul/2022:23:26:44 -0700] "GET / HTTP/1.1" 200 13186 "-" "Mozilla/5.0 (iPhone; CPU iPhone OS 14_0 like Mac OS X) AppleWebKit/605.1.15 (KHTML, like Gecko) Version/14.0 Mobile/15E148 Safari/604.1" 
171.212.240.22 - - [05/Jul/2022:23:26:45 -0700] "GET /apple-touch-icon-precomposed.png HTTP/1.1" 404 305 "-" "Safari%E6%B5%8F%E8%A7%88%E5%99%A8/16613.1.17.1.13 CFNetwork/1240.0.4 Darwin/20.6.0" 
171.212.240.22 - - [05/Jul/2022:23:26:45 -0700] "GET /apple-touch-icon.png HTTP/1.1" 404 305 "-" "Safari%E6%B5%8F%E8%A7%88%E5%99%A8/16613.1.17.1.13 CFNetwork/1240.0.4 Darwin/20.6.0" 
222.209.85.215 - - [05/Jul/2022:23:27:10 -0700] "GET /favicon.ico HTTP/1.1" 200 391 "-" "Mozilla/5.0 (Windows NT 10.0; WOW64) AppleWebKit/537.36 (KHTML, like Gecko) Chrome/79.0.3945.79 Safari/537.36" 
222.209.85.215 - - [05/Jul/2022:23:27:15 -0700] "GET /favicon.ico HTTP/1.1" 200 368 "-" "Mozilla/5.0 (Windows NT 10.0; WOW64) AppleWebKit/537.36 (KHTML, like Gecko) Chrome/79.0.3945.79 Safari/537.36" 
222.209.85.215 - - [05/Jul/2022:23:28:25 -0700] "GET /favicon.ico HTTP/1.1" 200 391 "-" "Mozilla/5.0 (Windows NT 10.0; WOW64) AppleWebKit/537.36 (KHTML, like Gecko) Chrome/79.0.3945.79 Safari/537.36" 
51.222.253.1 - - [05/Jul/2022:23:30:45 -0700] "GET /Datasets%20Description/HTML_Bro_log_3/packet_filter.html HTTP/1.1" 200 1681 "-" "Mozilla/5.0 (compatible; AhrefsBot/7.0; +http://ahrefs.com/robot/)" 
207.46.13.50 - - [05/Jul/2022:23:30:51 -0700] "GET /self.logs/ HTTP/1.1" 200 37105 "-" "Mozilla/5.0 (compatible; bingbot/2.0; +http://www.bing.com/bingbot.htm)" 
185.173.34.186 - - [05/Jul/2022:23:32:54 -0700] "GET / HTTP/1.1" 200 13186 "-" "Mozilla/5.0 (Windows NT 10.0; Win64; x64) AppleWebKit/537.36 (KHTML, like Gecko) Chrome/103.0.0.0 Safari/537.36" 
185.173.34.186 - - [05/Jul/2022:23:32:54 -0700] "GET /css/style.css HTTP/1.1" 404 305 "http://www.secrepo.com/" "Mozilla/5.0 (Windows NT 10.0; Win64; x64) AppleWebKit/537.36 (KHTML, like Gecko) Chrome/103.0.0.0 Safari/537.36" 
34.206.152.150 - - [05/Jul/2022:23:32:54 -0700] "HEAD / HTTP/1.1" 301 186 "-" "DreamHost SiteMonitor 1.0" 
34.206.152.150 - - [05/Jul/2022:23:32:54 -0700] "HEAD / HTTP/1.1" 200 359 "http://66.33.221.139" "DreamHost SiteMonitor 1.0" 
185.173.34.186 - - [05/Jul/2022:23:32:54 -0700] "GET /twitter-icon.png HTTP/1.1" 200 27893 "http://www.secrepo.com/" "Mozilla/5.0 (Windows NT 10.0; Win64; x64) AppleWebKit/537.36 (KHTML, like Gecko) Chrome/103.0.0.0 Safari/537.36" 
185.173.34.186 - - [05/Jul/2022:23:32:54 -0700] "GET /GitHub-Mark.png HTTP/1.1" 200 7556 "http://www.secrepo.com/" "Mozilla/5.0 (Windows NT 10.0; Win64; x64) AppleWebKit/537.36 (KHTML, like Gecko) Chrome/103.0.0.0 Safari/537.36" 
185.173.34.186 - - [05/Jul/2022:23:32:54 -0700] "GET /bootstrap/img/favicon.ico HTTP/1.1" 200 690 "http://www.secrepo.com/" "Mozilla/5.0 (Windows NT 10.0; Win64; x64) AppleWebKit/537.36 (KHTML, like Gecko) Chrome/103.0.0.0 Safari/537.36" 
157.55.39.202 - - [05/Jul/2022:23:37:24 -0700] "GET /self.logs/access.log.2019-05-04.gz HTTP/1.1" 304 280 "-" "Mozilla/5.0 (compatible; bingbot/2.0; +http://www.bing.com/bingbot.htm)" 
114.119.149.237 - - [05/Jul/2022:23:37:48 -0700] "GET /self.logs/error.log.2018-09-04.gz HTTP/1.1" 200 9713 "-" "Mozilla/5.0 (compatible;PetalBot;+https://webmaster.petalsearch.com/site/petalbot)" 
34.206.152.150 - - [05/Jul/2022:23:42:54 -0700] "HEAD / HTTP/1.1" 301 186 "-" "DreamHost SiteMonitor 1.0" 
34.206.152.150 - - [05/Jul/2022:23:42:54 -0700] "HEAD / HTTP/1.1" 200 359 "http://66.33.221.139" "DreamHost SiteMonitor 1.0" 
49.7.20.111 - - [05/Jul/2022:23:49:24 -0700] "GET / HTTP/1.1" 200 13150 "-" "Sogou web spider/4.0(+http://www.sogou.com/docs/help/webmasters.htm#07)" 
185.173.34.186 - - [05/Jul/2022:23:51:14 -0700] "GET /maccdc2012/http.log.gz HTTP/1.1" 200 4351117 "http://www.secrepo.com/" "Mozilla/5.0 (Windows NT 10.0; Win64; x64) AppleWebKit/537.36 (KHTML, like Gecko) Chrome/103.0.0.0 Safari/537.36" 
140.237.230.80 - - [05/Jul/2022:23:51:42 -0700] "GET / HTTP/1.1" 301 438 "-" "Mozilla/5.0 (Windows NT 10.0; WOW64) AppleWebKit/537.36 (KHTML, like Gecko) Chrome/78.0.3904.108 Safari/537.36" 
27.158.148.177 - - [05/Jul/2022:23:51:45 -0700] "GET / HTTP/1.1" 200 13150 "-" "Mozilla/5.0 (Windows NT 10.0; WOW64) AppleWebKit/537.36 (KHTML, like Gecko) Chrome/78.0.3904.108 Safari/537.36" 
34.206.152.150 - - [05/Jul/2022:23:52:54 -0700] "HEAD / HTTP/1.1" 301 186 "-" "DreamHost SiteMonitor 1.0" 
34.206.152.150 - - [05/Jul/2022:23:52:54 -0700] "HEAD / HTTP/1.1" 200 359 "http://66.33.221.139" "DreamHost SiteMonitor 1.0" 
183.253.80.116 - - [05/Jul/2022:23:56:26 -0700] "GET / HTTP/1.1" 200 13187 "http://www.aqvalit.com/" "Mozilla/5.0 (Linux; Android 11; SAMSUNG SM-G973U) AppleWebKit/537.36 (KHTML, like Gecko) SamsungBrowser/14.2 Chrome/87.0.4280.141 Mobile Safari/537.36" 
83.149.106.225 - - [05/Jul/2022:23:57:14 -0700] "GET / HTTP/1.1" 200 13143 "-" "Mozilla/5.0 (Windows NT 10.0; Win64; x64) AppleWebKit/537.36 (KHTML, like Gecko) Chrome/60.0.3112.113 Safari/537.36" 
114.119.140.174 - - [05/Jul/2022:23:59:17 -0700] "GET /self.logs/access.log.2019-03-04.gz HTTP/1.1" 200 19087 "-" "Mozilla/5.0 (compatible;PetalBot;+https://webmaster.petalsearch.com/site/petalbot)" 
34.206.152.150 - - [06/Jul/2022:00:02:54 -0700] "HEAD / HTTP/1.1" 301 186 "-" "DreamHost SiteMonitor 1.0" 
34.206.152.150 - - [06/Jul/2022:00:02:54 -0700] "HEAD / HTTP/1.1" 200 359 "http://66.33.221.139" "DreamHost SiteMonitor 1.0" 
207.46.13.50 - - [06/Jul/2022:00:06:01 -0700] "GET /self.logs/ HTTP/1.1" 200 37105 "-" "Mozilla/5.0 (compatible; bingbot/2.0; +http://www.bing.com/bingbot.htm)" 
162.210.196.98 - - [06/Jul/2022:00:09:16 -0700] "GET /robots.txt HTTP/1.1" 301 495 "-" "Mozilla/5.0 (compatible; MJ12bot/v1.4.8; http://mj12bot.com/)" 
