216.244.66.245 - - [02/Jul/2022:08:42:07 -0700] "GET /self.logs/access.log.2019-07-28.gz HTTP/1.1" 200 23288 "-" "Mozilla/5.0 (compatible; DotBot/1.2; +https://opensiteexplorer.org/dotbot; help@moz.com)" 
216.244.66.245 - - [02/Jul/2022:08:42:08 -0700] "GET /self.logs/access.log.2020-04-26.gz HTTP/1.1" 200 18793 "-" "Mozilla/5.0 (compatible; DotBot/1.2; +https://opensiteexplorer.org/dotbot; help@moz.com)" 
216.244.66.245 - - [02/Jul/2022:08:42:09 -0700] "GET /self.logs/access.log.2020-08-30.gz HTTP/1.1" 200 14876 "-" "Mozilla/5.0 (compatible; DotBot/1.2; +https://opensiteexplorer.org/dotbot; help@moz.com)" 
216.244.66.245 - - [02/Jul/2022:08:42:10 -0700] "GET /self.logs/access.log.2020-12-13.gz HTTP/1.1" 200 34130 "-" "Mozilla/5.0 (compatible; DotBot/1.2; +https://opensiteexplorer.org/dotbot; help@moz.com)" 
216.244.66.245 - - [02/Jul/2022:08:42:10 -0700] "GET /self.logs/access.log.2021-04-11.gz HTTP/1.1" 200 23963 "-" "Mozilla/5.0 (compatible; DotBot/1.2; +https://opensiteexplorer.org/dotbot; help@moz.com)" 
216.244.66.245 - - [02/Jul/2022:08:42:11 -0700] "GET /self.logs/error.log.2017-09-26.gz HTTP/1.1" 200 9152 "-" "Mozilla/5.0 (compatible; DotBot/1.2; +https://opensiteexplorer.org/dotbot; help@moz.com)" 
216.244.66.245 - - [02/Jul/2022:08:42:12 -0700] "GET /self.logs/error.log.2017-05-16.gz HTTP/1.1" 200 1062 "-" "Mozilla/5.0 (compatible; DotBot/1.2; +https://opensiteexplorer.org/dotbot; help@moz.com)" 
216.244.66.245 - - [02/Jul/2022:08:42:12 -0700] "GET /self.logs/error.log.2017-10-05.gz HTTP/1.1" 200 2280 "-" "Mozilla/5.0 (compatible; DotBot/1.2; +https://opensiteexplorer.org/dotbot; help@moz.com)" 
216.244.66.245 - - [02/Jul/2022:08:42:13 -0700] "GET /self.logs/error.log.2018-04-01.gz HTTP/1.1" 200 4402 "-" "Mozilla/5.0 (compatible; DotBot/1.2; +https://opensiteexplorer.org/dotbot; help@moz.com)" 
216.244.66.245 - - [02/Jul/2022:08:42:14 -0700] "GET /self.logs/error.log.2018-08-12.gz HTTP/1.1" 200 9155 "-" "Mozilla/5.0 (compatible; DotBot/1.2; +https://opensiteexplorer.org/dotbot; help@moz.com)" 
216.244.66.245 - - [02/Jul/2022:08:42:14 -0700] "GET /self.logs/error.log.2018-08-03.gz HTTP/1.1" 200 6293 "-" "Mozilla/5.0 (compatible; DotBot/1.2; +https://opensiteexplorer.org/dotbot; help@moz.com)" 
216.244.66.245 - - [02/Jul/2022:08:42:15 -0700] "GET /self.logs/error.log.2019-01-05.gz HTTP/1.1" 200 5404 "-" "Mozilla/5.0 (compatible; DotBot/1.2; +https://opensiteexplorer.org/dotbot; help@moz.com)" 
216.244.66.245 - - [02/Jul/2022:08:42:16 -0700] "GET /self.logs/error.log.2019-04-08.gz HTTP/1.1" 200 5162 "-" "Mozilla/5.0 (compatible; DotBot/1.2; +https://opensiteexplorer.org/dotbot; help@moz.com)" 
216.244.66.245 - - [02/Jul/2022:08:42:17 -0700] "GET /self.logs/error.log.2019-12-12.gz HTTP/1.1" 200 824 "-" "Mozilla/5.0 (compatible; DotBot/1.2; +https://opensiteexplorer.org/dotbot; help@moz.com)" 
216.244.66.245 - - [02/Jul/2022:08:42:17 -0700] "GET /self.logs/error.log.2019-12-21.gz HTTP/1.1" 200 1299 "-" "Mozilla/5.0 (compatible; DotBot/1.2; +https://opensiteexplorer.org/dotbot; help@moz.com)" 
216.244.66.245 - - [02/Jul/2022:08:42:18 -0700] "GET /self.logs/error.log.2020-08-27 HTTP/1.1" 200 307 "-" "Mozilla/5.0 (compatible; DotBot/1.2; +https://opensiteexplorer.org/dotbot; help@moz.com)" 
216.244.66.245 - - [02/Jul/2022:08:42:18 -0700] "GET /self.logs/error.log.2020-09-17 HTTP/1.1" 200 307 "-" "Mozilla/5.0 (compatible; DotBot/1.2; +https://opensiteexplorer.org/dotbot; help@moz.com)" 
216.244.66.245 - - [02/Jul/2022:08:42:19 -0700] "GET /self.logs/error.log.2021-01-07 HTTP/1.1" 200 307 "-" "Mozilla/5.0 (compatible; DotBot/1.2; +https://opensiteexplorer.org/dotbot; help@moz.com)" 
216.244.66.245 - - [02/Jul/2022:08:42:20 -0700] "GET /self.logs/error.log.2021-01-14 HTTP/1.1" 200 307 "-" "Mozilla/5.0 (compatible; DotBot/1.2; +https://opensiteexplorer.org/dotbot; help@moz.com)" 
216.244.66.245 - - [02/Jul/2022:08:42:20 -0700] "GET /self.logs/error.log.2021-01-28.gz HTTP/1.1" 200 6335 "-" "Mozilla/5.0 (compatible; DotBot/1.2; +https://opensiteexplorer.org/dotbot; help@moz.com)" 
216.244.66.245 - - [02/Jul/2022:08:42:21 -0700] "GET /self.logs/error.log.2021-03-09.gz HTTP/1.1" 200 2209 "-" "Mozilla/5.0 (compatible; DotBot/1.2; +https://opensiteexplorer.org/dotbot; help@moz.com)" 
216.244.66.245 - - [02/Jul/2022:08:42:21 -0700] "GET /self.logs/error.log.2021-03-22 HTTP/1.1" 200 307 "-" "Mozilla/5.0 (compatible; DotBot/1.2; +https://opensiteexplorer.org/dotbot; help@moz.com)" 
216.244.66.245 - - [02/Jul/2022:08:42:22 -0700] "GET /self.logs/error.log.2021-04-20.gz HTTP/1.1" 200 1246 "-" "Mozilla/5.0 (compatible; DotBot/1.2; +https://opensiteexplorer.org/dotbot; help@moz.com)" 
216.244.66.245 - - [02/Jul/2022:08:42:23 -0700] "GET /self.logs/error.log.2021-07-30.gz HTTP/1.1" 200 1179 "-" "Mozilla/5.0 (compatible; DotBot/1.2; +https://opensiteexplorer.org/dotbot; help@moz.com)" 
216.244.66.245 - - [02/Jul/2022:08:42:23 -0700] "GET /self.logs/error.log.2021-08-31.gz HTTP/1.1" 200 554 "-" "Mozilla/5.0 (compatible; DotBot/1.2; +https://opensiteexplorer.org/dotbot; help@moz.com)" 
216.244.66.245 - - [02/Jul/2022:08:42:24 -0700] "GET /self.logs/error.log.2021-09-23.gz HTTP/1.1" 200 1593 "-" "Mozilla/5.0 (compatible; DotBot/1.2; +https://opensiteexplorer.org/dotbot; help@moz.com)" 
107.167.39.42 - - [02/Jul/2022:08:42:24 -0700] "GET / HTTP/1.1" 200 49089 "-" "-" 
216.244.66.245 - - [02/Jul/2022:08:42:25 -0700] "GET /self.logs/error.log.2021-09-26.gz HTTP/1.1" 200 2567 "-" "Mozilla/5.0 (compatible; DotBot/1.2; +https://opensiteexplorer.org/dotbot; help@moz.com)" 
18.207.130.237 - - [02/Jul/2022:08:42:54 -0700] "HEAD / HTTP/1.1" 301 186 "-" "DreamHost SiteMonitor 1.0" 
18.207.130.237 - - [02/Jul/2022:08:42:54 -0700] "HEAD / HTTP/1.1" 200 359 "http://66.33.221.139" "DreamHost SiteMonitor 1.0" 
122.4.43.216 - - [02/Jul/2022:08:46:29 -0700] "POST /wp-content/plugins/login-wall-lurbn/login_wall.php?login=cmd HTTP/1.1" 418 747 "http://misc.yahoo.com.cn/" "Mozilla/5.0+(compatible;+Baispider/2.0;++http://www.bai.com/search/spider.html)" 
122.4.43.216 - - [02/Jul/2022:08:46:30 -0700] "POST /wp-content/plugins/login-wall-lurbn/login_wall.php?login=cmd HTTP/1.1" 418 746 "http://misc.yahoo.com.cn/" "Mozilla/5.0+(compatible;+Baispider/2.0;++http://www.bai.com/search/spider.html)" 
122.4.43.216 - - [02/Jul/2022:08:46:30 -0700] "POST /wp-content/plugins/login-wall-lurbn/login_wall.php?login=cmd HTTP/1.1" 418 746 "http://misc.yahoo.com.cn/" "Mozilla/5.0+(compatible;+Baispider/2.0;++http://www.bai.com/search/spider.html)" 
114.119.149.23 - - [02/Jul/2022:08:47:48 -0700] "GET /self.logs/2016/error.log.2016-04-05.gz HTTP/1.1" 200 1502 "http://www.secrepo.com/self.logs/2016/?C=S%3BO%3DA" "Mozilla/5.0 (Linux; Android 7.0;) AppleWebKit/537.36 (KHTML, like Gecko) Mobile Safari/537.36 (compatible; PetalBot;+https://webmaster.petalsearch.com/site/petalbot)" 
18.207.130.237 - - [02/Jul/2022:08:52:54 -0700] "HEAD / HTTP/1.1" 301 186 "-" "DreamHost SiteMonitor 1.0" 
18.207.130.237 - - [02/Jul/2022:08:52:54 -0700] "HEAD / HTTP/1.1" 200 359 "http://66.33.221.139" "DreamHost SiteMonitor 1.0" 
207.46.13.213 - - [02/Jul/2022:08:53:46 -0700] "GET /self.logs/ HTTP/1.1" 200 37044 "-" "Mozilla/5.0 (compatible; bingbot/2.0; +http://www.bing.com/bingbot.htm)" 
114.119.149.228 - - [02/Jul/2022:09:00:51 -0700] "GET /self.logs/2016/access.log.2016-10-27.gz HTTP/1.1" 200 14090 "http://www.secrepo.com/self.logs/2016/?C=S%3BO%3DA" "Mozilla/5.0 (Linux; Android 7.0;) AppleWebKit/537.36 (KHTML, like Gecko) Mobile Safari/537.36 (compatible; PetalBot;+https://webmaster.petalsearch.com/site/petalbot)" 
34.206.152.150 - - [02/Jul/2022:09:02:54 -0700] "HEAD / HTTP/1.1" 301 186 "-" "DreamHost SiteMonitor 1.0" 
34.206.152.150 - - [02/Jul/2022:09:02:54 -0700] "HEAD / HTTP/1.1" 200 359 "http://66.33.221.139" "DreamHost SiteMonitor 1.0" 
116.203.44.248 - - [02/Jul/2022:09:08:13 -0700] "GET / HTTP/1.1" 301 475 "https://www.crawlson.com/domain/secrepo.com" "Mozilla/5.0 (compatible; Crawlson/1.0; +https://www.crawlson.com/domain/secrepo.com)" 
116.203.44.248 - - [02/Jul/2022:09:08:14 -0700] "GET / HTTP/1.1" 200 49133 "https://www.crawlson.com/domain/secrepo.com" "Mozilla/5.0 (compatible; Crawlson/1.0; +https://www.crawlson.com/domain/secrepo.com)" 
107.167.35.138 - - [02/Jul/2022:09:11:26 -0700] "GET / HTTP/1.1" 200 49089 "-" "-" 
18.207.130.237 - - [02/Jul/2022:09:12:54 -0700] "HEAD / HTTP/1.1" 301 186 "-" "DreamHost SiteMonitor 1.0" 
18.207.130.237 - - [02/Jul/2022:09:12:54 -0700] "HEAD / HTTP/1.1" 200 359 "http://66.33.221.139" "DreamHost SiteMonitor 1.0" 
114.119.149.23 - - [02/Jul/2022:09:13:44 -0700] "GET /self.logs/error.log.2021-01-19 HTTP/1.1" 200 351 "http://www.secrepo.com/self.logs?C=N%3BO%3DD" "Mozilla/5.0 (Linux; Android 7.0;) AppleWebKit/537.36 (KHTML, like Gecko) Mobile Safari/537.36 (compatible; PetalBot;+https://webmaster.petalsearch.com/site/petalbot)" 
66.249.66.158 - - [02/Jul/2022:09:18:02 -0700] "GET /robots.txt HTTP/1.1" 200 377 "-" "Mozilla/5.0 (compatible; Googlebot/2.1; +http://www.google.com/bot.html)" 
66.249.66.15 - - [02/Jul/2022:09:18:03 -0700] "GET /ads.txt HTTP/1.1" 404 328 "-" "Mozilla/5.0 (compatible; Googlebot/2.1; +http://www.google.com/bot.html)" 
34.206.152.150 - - [02/Jul/2022:09:22:54 -0700] "HEAD / HTTP/1.1" 301 186 "-" "DreamHost SiteMonitor 1.0" 
34.206.152.150 - - [02/Jul/2022:09:22:54 -0700] "HEAD / HTTP/1.1" 200 359 "http://66.33.221.139" "DreamHost SiteMonitor 1.0" 
114.119.140.174 - - [02/Jul/2022:09:26:39 -0700] "GET /self.logs/error.log.2017-07-15.gz HTTP/1.1" 200 915 "http://www.secrepo.com/self.logs?C=N%3BO%3DD" "Mozilla/5.0 (Linux; Android 7.0;) AppleWebKit/537.36 (KHTML, like Gecko) Mobile Safari/537.36 (compatible; PetalBot;+https://webmaster.petalsearch.com/site/petalbot)" 
216.244.66.245 - - [02/Jul/2022:09:27:53 -0700] "GET /robots.txt HTTP/1.1" 200 333 "-" "Mozilla/5.0 (compatible; DotBot/1.2; +https://opensiteexplorer.org/dotbot; help@moz.com)" 
207.46.13.213 - - [02/Jul/2022:09:29:00 -0700] "GET /self.logs/ HTTP/1.1" 200 37044 "-" "Mozilla/5.0 (compatible; bingbot/2.0; +http://www.bing.com/bingbot.htm)" 
107.167.39.42 - - [02/Jul/2022:09:31:55 -0700] "GET / HTTP/1.1" 200 49089 "-" "-" 
18.207.130.237 - - [02/Jul/2022:09:32:54 -0700] "HEAD / HTTP/1.1" 301 186 "-" "DreamHost SiteMonitor 1.0" 
18.207.130.237 - - [02/Jul/2022:09:32:54 -0700] "HEAD / HTTP/1.1" 200 359 "http://66.33.221.139" "DreamHost SiteMonitor 1.0" 
114.119.149.23 - - [02/Jul/2022:09:33:08 -0700] "GET /self.logs/error.log.2018-10-13.gz HTTP/1.1" 200 3994 "http://www.secrepo.com/self.logs?C=N%3BO%3DD" "Mozilla/5.0 (Linux; Android 7.0;) AppleWebKit/537.36 (KHTML, like Gecko) Mobile Safari/537.36 (compatible; PetalBot;+https://webmaster.petalsearch.com/site/petalbot)" 
216.244.66.245 - - [02/Jul/2022:09:33:20 -0700] "GET /self.logs/access.log.2022-04-07.gz HTTP/1.1" 200 13415 "-" "Mozilla/5.0 (compatible; DotBot/1.2; +https://opensiteexplorer.org/dotbot; help@moz.com)" 
216.244.66.245 - - [02/Jul/2022:09:33:28 -0700] "GET /self.logs/error.log.2022-05-26.gz HTTP/1.1" 200 2621 "-" "Mozilla/5.0 (compatible; DotBot/1.2; +https://opensiteexplorer.org/dotbot; help@moz.com)" 
216.244.66.245 - - [02/Jul/2022:09:33:33 -0700] "GET /self.logs/error.log.2022-06-02.gz HTTP/1.1" 200 3989 "-" "Mozilla/5.0 (compatible; DotBot/1.2; +https://opensiteexplorer.org/dotbot; help@moz.com)" 
216.244.66.245 - - [02/Jul/2022:09:34:35 -0700] "GET /self.logs/2015/access.log.2015-08-26.gz HTTP/1.1" 200 4746 "-" "Mozilla/5.0 (compatible; DotBot/1.2; +https://opensiteexplorer.org/dotbot; help@moz.com)" 
216.244.66.245 - - [02/Jul/2022:09:34:38 -0700] "GET /self.logs/2015/access.log.2015-08-27.gz HTTP/1.1" 200 6112 "-" "Mozilla/5.0 (compatible; DotBot/1.2; +https://opensiteexplorer.org/dotbot; help@moz.com)" 
216.244.66.245 - - [02/Jul/2022:09:34:40 -0700] "GET /self.logs/2015/access.log.2015-10-29.gz HTTP/1.1" 200 5345 "-" "Mozilla/5.0 (compatible; DotBot/1.2; +https://opensiteexplorer.org/dotbot; help@moz.com)" 
216.244.66.245 - - [02/Jul/2022:09:34:42 -0700] "GET /self.logs/2015/access.log.2015-12-14.gz HTTP/1.1" 200 6607 "-" "Mozilla/5.0 (compatible; DotBot/1.2; +https://opensiteexplorer.org/dotbot; help@moz.com)" 
216.244.66.245 - - [02/Jul/2022:09:34:44 -0700] "GET /self.logs/2015/error.log.2015-04-21.gz HTTP/1.1" 200 2222 "-" "Mozilla/5.0 (compatible; DotBot/1.2; +https://opensiteexplorer.org/dotbot; help@moz.com)" 
216.244.66.245 - - [02/Jul/2022:09:34:46 -0700] "GET /self.logs/2015/error.log.2015-06-24.gz HTTP/1.1" 200 895 "-" "Mozilla/5.0 (compatible; DotBot/1.2; +https://opensiteexplorer.org/dotbot; help@moz.com)" 
216.244.66.245 - - [02/Jul/2022:09:34:47 -0700] "GET /self.logs/2015/error.log.2015-07-31.gz HTTP/1.1" 200 881 "-" "Mozilla/5.0 (compatible; DotBot/1.2; +https://opensiteexplorer.org/dotbot; help@moz.com)" 
216.244.66.245 - - [02/Jul/2022:09:34:48 -0700] "GET /self.logs/2015/error.log.2015-10-10.gz HTTP/1.1" 200 866 "-" "Mozilla/5.0 (compatible; DotBot/1.2; +https://opensiteexplorer.org/dotbot; help@moz.com)" 
216.244.66.245 - - [02/Jul/2022:09:34:49 -0700] "GET /self.logs/2016/access.log.2016-02-06.gz HTTP/1.1" 200 5783 "-" "Mozilla/5.0 (compatible; DotBot/1.2; +https://opensiteexplorer.org/dotbot; help@moz.com)" 
216.244.66.245 - - [02/Jul/2022:09:34:50 -0700] "GET /self.logs/2016/access.log.2016-03-23.gz HTTP/1.1" 200 9821 "-" "Mozilla/5.0 (compatible; DotBot/1.2; +https://opensiteexplorer.org/dotbot; help@moz.com)" 
216.244.66.245 - - [02/Jul/2022:09:34:51 -0700] "GET /self.logs/2016/access.log.2016-06-11.gz HTTP/1.1" 200 7738 "-" "Mozilla/5.0 (compatible; DotBot/1.2; +https://opensiteexplorer.org/dotbot; help@moz.com)" 
216.244.66.245 - - [02/Jul/2022:09:34:51 -0700] "GET /self.logs/2016/access.log.2016-08-28.gz HTTP/1.1" 200 7321 "-" "Mozilla/5.0 (compatible; DotBot/1.2; +https://opensiteexplorer.org/dotbot; help@moz.com)" 
216.244.66.245 - - [02/Jul/2022:09:34:52 -0700] "GET /self.logs/2016/access.log.2016-10-29.gz HTTP/1.1" 200 7062 "-" "Mozilla/5.0 (compatible; DotBot/1.2; +https://opensiteexplorer.org/dotbot; help@moz.com)" 
216.244.66.245 - - [02/Jul/2022:09:34:53 -0700] "GET /self.logs/2016/error.log.2016-01-04.gz HTTP/1.1" 200 707 "-" "Mozilla/5.0 (compatible; DotBot/1.2; +https://opensiteexplorer.org/dotbot; help@moz.com)" 
216.244.66.245 - - [02/Jul/2022:09:34:53 -0700] "GET /self.logs/2016/error.log.2016-02-23.gz HTTP/1.1" 200 857 "-" "Mozilla/5.0 (compatible; DotBot/1.2; +https://opensiteexplorer.org/dotbot; help@moz.com)" 
216.244.66.245 - - [02/Jul/2022:09:34:54 -0700] "GET /self.logs/2016/error.log.2016-04-01.gz HTTP/1.1" 200 782 "-" "Mozilla/5.0 (compatible; DotBot/1.2; +https://opensiteexplorer.org/dotbot; help@moz.com)" 
216.244.66.245 - - [02/Jul/2022:09:34:55 -0700] "GET /self.logs/2016/error.log.2016-08-31.gz HTTP/1.1" 200 852 "-" "Mozilla/5.0 (compatible; DotBot/1.2; +https://opensiteexplorer.org/dotbot; help@moz.com)" 
216.244.66.245 - - [02/Jul/2022:09:34:56 -0700] "GET /self.logs/2016/error.log.2016-09-05.gz HTTP/1.1" 200 800 "-" "Mozilla/5.0 (compatible; DotBot/1.2; +https://opensiteexplorer.org/dotbot; help@moz.com)" 
216.244.66.245 - - [02/Jul/2022:09:34:56 -0700] "GET /self.logs/2016/error.log.2016-09-13.gz HTTP/1.1" 200 1023 "-" "Mozilla/5.0 (compatible; DotBot/1.2; +https://opensiteexplorer.org/dotbot; help@moz.com)" 
216.244.66.245 - - [02/Jul/2022:09:34:57 -0700] "GET /self.logs/access.log.2017-01-21.gz HTTP/1.1" 200 19600 "-" "Mozilla/5.0 (compatible; DotBot/1.2; +https://opensiteexplorer.org/dotbot; help@moz.com)" 
216.244.66.245 - - [02/Jul/2022:09:34:58 -0700] "GET /self.logs/access.log.2017-02-13.gz HTTP/1.1" 200 25489 "-" "Mozilla/5.0 (compatible; DotBot/1.2; +https://opensiteexplorer.org/dotbot; help@moz.com)" 
216.244.66.245 - - [02/Jul/2022:09:34:59 -0700] "GET /self.logs/access.log.2018-07-15.gz HTTP/1.1" 200 55410 "-" "Mozilla/5.0 (compatible; DotBot/1.2; +https://opensiteexplorer.org/dotbot; help@moz.com)" 
216.244.66.245 - - [02/Jul/2022:09:35:00 -0700] "GET /self.logs/access.log.2018-07-22.gz HTTP/1.1" 200 18825 "-" "Mozilla/5.0 (compatible; DotBot/1.2; +https://opensiteexplorer.org/dotbot; help@moz.com)" 
216.244.66.245 - - [02/Jul/2022:09:35:01 -0700] "GET /self.logs/access.log.2019-02-26.gz HTTP/1.1" 200 24439 "-" "Mozilla/5.0 (compatible; DotBot/1.2; +https://opensiteexplorer.org/dotbot; help@moz.com)" 
216.244.66.245 - - [02/Jul/2022:09:35:01 -0700] "GET /self.logs/access.log.2019-10-04.gz HTTP/1.1" 200 56009 "-" "Mozilla/5.0 (compatible; DotBot/1.2; +https://opensiteexplorer.org/dotbot; help@moz.com)" 
216.244.66.245 - - [02/Jul/2022:09:35:02 -0700] "GET /self.logs/access.log.2020-01-22.gz HTTP/1.1" 200 15466 "-" "Mozilla/5.0 (compatible; DotBot/1.2; +https://opensiteexplorer.org/dotbot; help@moz.com)" 
216.244.66.245 - - [02/Jul/2022:09:35:03 -0700] "GET /self.logs/access.log.2020-07-30.gz HTTP/1.1" 200 13095 "-" "Mozilla/5.0 (compatible; DotBot/1.2; +https://opensiteexplorer.org/dotbot; help@moz.com)" 
216.244.66.245 - - [02/Jul/2022:09:35:04 -0700] "GET /self.logs/access.log.2020-12-28.gz HTTP/1.1" 200 34246 "-" "Mozilla/5.0 (compatible; DotBot/1.2; +https://opensiteexplorer.org/dotbot; help@moz.com)" 
216.244.66.245 - - [02/Jul/2022:09:35:04 -0700] "GET /self.logs/access.log.2021-04-27.gz HTTP/1.1" 200 19558 "-" "Mozilla/5.0 (compatible; DotBot/1.2; +https://opensiteexplorer.org/dotbot; help@moz.com)" 
216.244.66.245 - - [02/Jul/2022:09:35:05 -0700] "GET /self.logs/access.log.2021-07-14.gz HTTP/1.1" 200 19570 "-" "Mozilla/5.0 (compatible; DotBot/1.2; +https://opensiteexplorer.org/dotbot; help@moz.com)" 
216.244.66.245 - - [02/Jul/2022:09:35:06 -0700] "GET /self.logs/access.log.2021-09-03.gz HTTP/1.1" 200 16032 "-" "Mozilla/5.0 (compatible; DotBot/1.2; +https://opensiteexplorer.org/dotbot; help@moz.com)" 
216.244.66.245 - - [02/Jul/2022:09:35:07 -0700] "GET /self.logs/error.log.2017-06-04.gz HTTP/1.1" 200 1114 "-" "Mozilla/5.0 (compatible; DotBot/1.2; +https://opensiteexplorer.org/dotbot; help@moz.com)" 
216.244.66.245 - - [02/Jul/2022:09:35:07 -0700] "GET /self.logs/error.log.2017-07-15.gz HTTP/1.1" 200 871 "-" "Mozilla/5.0 (compatible; DotBot/1.2; +https://opensiteexplorer.org/dotbot; help@moz.com)" 
216.244.66.245 - - [02/Jul/2022:09:35:08 -0700] "GET /self.logs/error.log.2017-07-30.gz HTTP/1.1" 200 996 "-" "Mozilla/5.0 (compatible; DotBot/1.2; +https://opensiteexplorer.org/dotbot; help@moz.com)" 
216.244.66.245 - - [02/Jul/2022:09:35:09 -0700] "GET /self.logs/error.log.2017-12-12.gz HTTP/1.1" 200 1822 "-" "Mozilla/5.0 (compatible; DotBot/1.2; +https://opensiteexplorer.org/dotbot; help@moz.com)" 
216.244.66.245 - - [02/Jul/2022:09:35:09 -0700] "GET /self.logs/error.log.2017-12-16.gz HTTP/1.1" 200 2052 "-" "Mozilla/5.0 (compatible; DotBot/1.2; +https://opensiteexplorer.org/dotbot; help@moz.com)" 
216.244.66.245 - - [02/Jul/2022:09:35:10 -0700] "GET /self.logs/error.log.2018-04-30.gz HTTP/1.1" 200 3373 "-" "Mozilla/5.0 (compatible; DotBot/1.2; +https://opensiteexplorer.org/dotbot; help@moz.com)" 
216.244.66.245 - - [02/Jul/2022:09:35:11 -0700] "GET /self.logs/error.log.2018-05-27.gz HTTP/1.1" 200 5971 "-" "Mozilla/5.0 (compatible; DotBot/1.2; +https://opensiteexplorer.org/dotbot; help@moz.com)" 
216.244.66.245 - - [02/Jul/2022:09:35:12 -0700] "GET /self.logs/error.log.2018-06-16.gz HTTP/1.1" 200 6055 "-" "Mozilla/5.0 (compatible; DotBot/1.2; +https://opensiteexplorer.org/dotbot; help@moz.com)" 
216.244.66.245 - - [02/Jul/2022:09:35:14 -0700] "GET /self.logs/error.log.2020-01-05.gz HTTP/1.1" 200 926 "-" "Mozilla/5.0 (compatible; DotBot/1.2; +https://opensiteexplorer.org/dotbot; help@moz.com)" 
216.244.66.245 - - [02/Jul/2022:09:35:15 -0700] "GET /self.logs/error.log.2020-11-14 HTTP/1.1" 200 307 "-" "Mozilla/5.0 (compatible; DotBot/1.2; +https://opensiteexplorer.org/dotbot; help@moz.com)" 
216.244.66.245 - - [02/Jul/2022:09:35:16 -0700] "GET /self.logs/error.log.2020-11-16 HTTP/1.1" 200 307 "-" "Mozilla/5.0 (compatible; DotBot/1.2; +https://opensiteexplorer.org/dotbot; help@moz.com)" 
216.244.66.245 - - [02/Jul/2022:09:35:16 -0700] "GET /self.logs/error.log.2021-02-05.gz HTTP/1.1" 200 1037 "-" "Mozilla/5.0 (compatible; DotBot/1.2; +https://opensiteexplorer.org/dotbot; help@moz.com)" 
216.244.66.245 - - [02/Jul/2022:09:35:17 -0700] "GET /self.logs/error.log.2021-06-01.gz HTTP/1.1" 200 1326 "-" "Mozilla/5.0 (compatible; DotBot/1.2; +https://opensiteexplorer.org/dotbot; help@moz.com)" 
216.244.66.245 - - [02/Jul/2022:09:35:18 -0700] "GET /self.logs/error.log.2021-09-13.gz HTTP/1.1" 200 5557 "-" "Mozilla/5.0 (compatible; DotBot/1.2; +https://opensiteexplorer.org/dotbot; help@moz.com)" 
216.244.66.245 - - [02/Jul/2022:09:35:18 -0700] "GET /self.logs/error.log.2021-09-29.gz HTTP/1.1" 200 2459 "-" "Mozilla/5.0 (compatible; DotBot/1.2; +https://opensiteexplorer.org/dotbot; help@moz.com)" 
13.66.139.9 - - [02/Jul/2022:09:40:13 -0700] "GET /robots.txt HTTP/1.1" 200 377 "-" "Mozilla/5.0 (compatible; bingbot/2.0; +http://www.bing.com/bingbot.htm)" 
13.66.139.15 - - [02/Jul/2022:09:40:26 -0700] "GET /self.logs/2016/error.log.2016-02-27.gz HTTP/1.1" 200 1171 "-" "Mozilla/5.0 (compatible; bingbot/2.0; +http://www.bing.com/bingbot.htm)" 
18.207.130.237 - - [02/Jul/2022:09:42:54 -0700] "HEAD / HTTP/1.1" 301 186 "-" "DreamHost SiteMonitor 1.0" 
18.207.130.237 - - [02/Jul/2022:09:42:54 -0700] "HEAD / HTTP/1.1" 200 359 "http://66.33.221.139" "DreamHost SiteMonitor 1.0" 
114.119.145.137 - - [02/Jul/2022:09:46:18 -0700] "GET /self.logs/2016/error.log.2016-03-17.gz HTTP/1.1" 200 899 "http://www.secrepo.com/self.logs/2016/?C=S%3BO%3DA" "Mozilla/5.0 (Linux; Android 7.0;) AppleWebKit/537.36 (KHTML, like Gecko) Mobile Safari/537.36 (compatible; PetalBot;+https://webmaster.petalsearch.com/site/petalbot)" 
34.206.152.150 - - [02/Jul/2022:09:52:54 -0700] "HEAD / HTTP/1.1" 301 186 "-" "DreamHost SiteMonitor 1.0" 
34.206.152.150 - - [02/Jul/2022:09:52:54 -0700] "HEAD / HTTP/1.1" 200 359 "http://66.33.221.139" "DreamHost SiteMonitor 1.0" 
114.119.145.137 - - [02/Jul/2022:09:52:59 -0700] "GET /self.logs/error.log.2017-03-18.gz HTTP/1.1" 200 1159 "http://www.secrepo.com/self.logs?C=N%3BO%3DD" "Mozilla/5.0 (Linux; Android 7.0;) AppleWebKit/537.36 (KHTML, like Gecko) Mobile Safari/537.36 (compatible; PetalBot;+https://webmaster.petalsearch.com/site/petalbot)" 
51.222.253.18 - - [02/Jul/2022:09:57:50 -0700] "GET /robots.txt HTTP/1.1" 200 333 "-" "Mozilla/5.0 (compatible; AhrefsBot/7.0; +http://ahrefs.com/robot/)" 
114.119.140.174 - - [02/Jul/2022:09:59:43 -0700] "GET /self.logs/2016/access.log.2016-09-02.gz HTTP/1.1" 200 8388 "http://www.secrepo.com/self.logs/2016/?C=S%3BO%3DA" "Mozilla/5.0 (Linux; Android 7.0;) AppleWebKit/537.36 (KHTML, like Gecko) Mobile Safari/537.36 (compatible; PetalBot;+https://webmaster.petalsearch.com/site/petalbot)" 
34.206.152.150 - - [02/Jul/2022:10:02:54 -0700] "HEAD / HTTP/1.1" 301 186 "-" "DreamHost SiteMonitor 1.0" 
34.206.152.150 - - [02/Jul/2022:10:02:54 -0700] "HEAD / HTTP/1.1" 200 359 "http://66.33.221.139" "DreamHost SiteMonitor 1.0" 
207.46.13.213 - - [02/Jul/2022:10:04:13 -0700] "GET /self.logs/ HTTP/1.1" 200 37044 "-" "Mozilla/5.0 (compatible; bingbot/2.0; +http://www.bing.com/bingbot.htm)" 
114.119.149.237 - - [02/Jul/2022:10:12:53 -0700] "GET /self.logs/2016/access.log.2016-10-02.gz HTTP/1.1" 200 9468 "http://www.secrepo.com/self.logs/2016/?C=S%3BO%3DA" "Mozilla/5.0 (Linux; Android 7.0;) AppleWebKit/537.36 (KHTML, like Gecko) Mobile Safari/537.36 (compatible; PetalBot;+https://webmaster.petalsearch.com/site/petalbot)" 
18.207.130.237 - - [02/Jul/2022:10:12:54 -0700] "HEAD / HTTP/1.1" 301 186 "-" "DreamHost SiteMonitor 1.0" 
18.207.130.237 - - [02/Jul/2022:10:12:54 -0700] "HEAD / HTTP/1.1" 200 359 "http://66.33.221.139" "DreamHost SiteMonitor 1.0" 
114.119.149.237 - - [02/Jul/2022:10:19:27 -0700] "GET /self.logs/access.log.2017-06-04.gz HTTP/1.1" 200 25089 "https://www.secrepo.com/self.logs/?C=M%3BO%3DA" "Mozilla/5.0 (Linux; Android 7.0;) AppleWebKit/537.36 (KHTML, like Gecko) Mobile Safari/537.36 (compatible; PetalBot;+https://webmaster.petalsearch.com/site/petalbot)" 
216.244.66.245 - - [02/Jul/2022:10:20:51 -0700] "GET /robots.txt HTTP/1.1" 200 333 "-" "Mozilla/5.0 (compatible; DotBot/1.2; +https://opensiteexplorer.org/dotbot; help@moz.com)" 
34.206.152.150 - - [02/Jul/2022:10:22:54 -0700] "HEAD / HTTP/1.1" 301 186 "-" "DreamHost SiteMonitor 1.0" 
34.206.152.150 - - [02/Jul/2022:10:22:54 -0700] "HEAD / HTTP/1.1" 200 359 "http://66.33.221.139" "DreamHost SiteMonitor 1.0" 
216.244.66.245 - - [02/Jul/2022:10:26:08 -0700] "GET /self.logs/error.log.2022-04-02.gz HTTP/1.1" 200 13265 "-" "Mozilla/5.0 (compatible; DotBot/1.2; +https://opensiteexplorer.org/dotbot; help@moz.com)" 
216.244.66.245 - - [02/Jul/2022:10:26:19 -0700] "GET /self.logs/error.log.2022-04-04.gz HTTP/1.1" 200 1666 "-" "Mozilla/5.0 (compatible; DotBot/1.2; +https://opensiteexplorer.org/dotbot; help@moz.com)" 
216.244.66.245 - - [02/Jul/2022:10:26:22 -0700] "GET /self.logs/error.log.2022-04-14.gz HTTP/1.1" 200 7031 "-" "Mozilla/5.0 (compatible; DotBot/1.2; +https://opensiteexplorer.org/dotbot; help@moz.com)" 
216.244.66.245 - - [02/Jul/2022:10:26:28 -0700] "GET /self.logs/error.log.2022-04-23.gz HTTP/1.1" 200 3956 "-" "Mozilla/5.0 (compatible; DotBot/1.2; +https://opensiteexplorer.org/dotbot; help@moz.com)" 
216.244.66.245 - - [02/Jul/2022:10:26:31 -0700] "GET /self.logs/error.log.2022-05-10.gz HTTP/1.1" 200 879 "-" "Mozilla/5.0 (compatible; DotBot/1.2; +https://opensiteexplorer.org/dotbot; help@moz.com)" 
216.244.66.245 - - [02/Jul/2022:10:26:35 -0700] "GET /self.logs/error.log.2022-06-22.gz HTTP/1.1" 200 4299 "-" "Mozilla/5.0 (compatible; DotBot/1.2; +https://opensiteexplorer.org/dotbot; help@moz.com)" 
216.244.66.245 - - [02/Jul/2022:10:27:26 -0700] "GET /self.logs/2015/access.log.2015-06-14.gz HTTP/1.1" 200 4400 "-" "Mozilla/5.0 (compatible; DotBot/1.2; +https://opensiteexplorer.org/dotbot; help@moz.com)" 
216.244.66.245 - - [02/Jul/2022:10:27:28 -0700] "GET /self.logs/2015/access.log.2015-08-21.gz HTTP/1.1" 200 4354 "-" "Mozilla/5.0 (compatible; DotBot/1.2; +https://opensiteexplorer.org/dotbot; help@moz.com)" 
216.244.66.245 - - [02/Jul/2022:10:27:30 -0700] "GET /self.logs/2015/access.log.2015-09-21.gz HTTP/1.1" 200 5533 "-" "Mozilla/5.0 (compatible; DotBot/1.2; +https://opensiteexplorer.org/dotbot; help@moz.com)" 
216.244.66.245 - - [02/Jul/2022:10:27:31 -0700] "GET /self.logs/2015/access.log.2015-10-24.gz HTTP/1.1" 200 4867 "-" "Mozilla/5.0 (compatible; DotBot/1.2; +https://opensiteexplorer.org/dotbot; help@moz.com)" 
216.244.66.245 - - [02/Jul/2022:10:27:33 -0700] "GET /self.logs/2015/error.log.2015-04-08.gz HTTP/1.1" 200 613 "-" "Mozilla/5.0 (compatible; DotBot/1.2; +https://opensiteexplorer.org/dotbot; help@moz.com)" 
216.244.66.245 - - [02/Jul/2022:10:27:34 -0700] "GET /self.logs/2015/error.log.2015-11-06.gz HTTP/1.1" 200 728 "-" "Mozilla/5.0 (compatible; DotBot/1.2; +https://opensiteexplorer.org/dotbot; help@moz.com)" 
216.244.66.245 - - [02/Jul/2022:10:27:35 -0700] "GET /self.logs/2016/access.log.2016-02-07.gz HTTP/1.1" 200 9137 "-" "Mozilla/5.0 (compatible; DotBot/1.2; +https://opensiteexplorer.org/dotbot; help@moz.com)" 
216.244.66.245 - - [02/Jul/2022:10:27:36 -0700] "GET /self.logs/2016/access.log.2016-02-21.gz HTTP/1.1" 200 8003 "-" "Mozilla/5.0 (compatible; DotBot/1.2; +https://opensiteexplorer.org/dotbot; help@moz.com)" 
216.244.66.245 - - [02/Jul/2022:10:27:37 -0700] "GET /self.logs/2016/access.log.2016-05-24.gz HTTP/1.1" 200 11453 "-" "Mozilla/5.0 (compatible; DotBot/1.2; +https://opensiteexplorer.org/dotbot; help@moz.com)" 
216.244.66.245 - - [02/Jul/2022:10:27:37 -0700] "GET /self.logs/2016/access.log.2016-10-04.gz HTTP/1.1" 200 9623 "-" "Mozilla/5.0 (compatible; DotBot/1.2; +https://opensiteexplorer.org/dotbot; help@moz.com)" 
216.244.66.245 - - [02/Jul/2022:10:27:38 -0700] "GET /self.logs/2016/error.log.2016-04-16.gz HTTP/1.1" 200 980 "-" "Mozilla/5.0 (compatible; DotBot/1.2; +https://opensiteexplorer.org/dotbot; help@moz.com)" 
216.244.66.245 - - [02/Jul/2022:10:27:39 -0700] "GET /self.logs/2016/error.log.2016-06-27.gz HTTP/1.1" 200 1114 "-" "Mozilla/5.0 (compatible; DotBot/1.2; +https://opensiteexplorer.org/dotbot; help@moz.com)" 
216.244.66.245 - - [02/Jul/2022:10:27:39 -0700] "GET /self.logs/2016/error.log.2016-09-09.gz HTTP/1.1" 200 794 "-" "Mozilla/5.0 (compatible; DotBot/1.2; +https://opensiteexplorer.org/dotbot; help@moz.com)" 
216.244.66.245 - - [02/Jul/2022:10:27:40 -0700] "GET /self.logs/2016/error.log.2016-12-13.gz HTTP/1.1" 200 682 "-" "Mozilla/5.0 (compatible; DotBot/1.2; +https://opensiteexplorer.org/dotbot; help@moz.com)" 
216.244.66.245 - - [02/Jul/2022:10:27:41 -0700] "GET /self.logs/access.log.2017-01-09.gz HTTP/1.1" 200 24919 "-" "Mozilla/5.0 (compatible; DotBot/1.2; +https://opensiteexplorer.org/dotbot; help@moz.com)" 
216.244.66.245 - - [02/Jul/2022:10:27:42 -0700] "GET /self.logs/access.log.2017-07-31.gz HTTP/1.1" 200 52695 "-" "Mozilla/5.0 (compatible; DotBot/1.2; +https://opensiteexplorer.org/dotbot; help@moz.com)" 
216.244.66.245 - - [02/Jul/2022:10:27:42 -0700] "GET /self.logs/access.log.2017-08-03.gz HTTP/1.1" 200 20530 "-" "Mozilla/5.0 (compatible; DotBot/1.2; +https://opensiteexplorer.org/dotbot; help@moz.com)" 
216.244.66.245 - - [02/Jul/2022:10:27:43 -0700] "GET /self.logs/access.log.2017-09-05.gz HTTP/1.1" 200 21574 "-" "Mozilla/5.0 (compatible; DotBot/1.2; +https://opensiteexplorer.org/dotbot; help@moz.com)" 
216.244.66.245 - - [02/Jul/2022:10:27:44 -0700] "GET /self.logs/access.log.2017-12-16.gz HTTP/1.1" 200 19589 "-" "Mozilla/5.0 (compatible; DotBot/1.2; +https://opensiteexplorer.org/dotbot; help@moz.com)" 
216.244.66.245 - - [02/Jul/2022:10:27:45 -0700] "GET /self.logs/access.log.2018-01-06.gz HTTP/1.1" 200 37218 "-" "Mozilla/5.0 (compatible; DotBot/1.2; +https://opensiteexplorer.org/dotbot; help@moz.com)" 
216.244.66.245 - - [02/Jul/2022:10:27:45 -0700] "GET /self.logs/access.log.2018-01-12.gz HTTP/1.1" 200 18891 "-" "Mozilla/5.0 (compatible; DotBot/1.2; +https://opensiteexplorer.org/dotbot; help@moz.com)" 
216.244.66.245 - - [02/Jul/2022:10:27:46 -0700] "GET /self.logs/access.log.2018-01-14.gz HTTP/1.1" 200 18920 "-" "Mozilla/5.0 (compatible; DotBot/1.2; +https://opensiteexplorer.org/dotbot; help@moz.com)" 
216.244.66.245 - - [02/Jul/2022:10:27:47 -0700] "GET /self.logs/access.log.2018-04-23.gz HTTP/1.1" 200 28485 "-" "Mozilla/5.0 (compatible; DotBot/1.2; +https://opensiteexplorer.org/dotbot; help@moz.com)" 
216.244.66.245 - - [02/Jul/2022:10:27:48 -0700] "GET /self.logs/access.log.2018-05-16.gz HTTP/1.1" 200 60599 "-" "Mozilla/5.0 (compatible; DotBot/1.2; +https://opensiteexplorer.org/dotbot; help@moz.com)" 
216.244.66.245 - - [02/Jul/2022:10:27:49 -0700] "GET /self.logs/access.log.2018-06-06.gz HTTP/1.1" 200 20785 "-" "Mozilla/5.0 (compatible; DotBot/1.2; +https://opensiteexplorer.org/dotbot; help@moz.com)" 
216.244.66.245 - - [02/Jul/2022:10:27:49 -0700] "GET /self.logs/access.log.2019-01-06.gz HTTP/1.1" 200 24698 "-" "Mozilla/5.0 (compatible; DotBot/1.2; +https://opensiteexplorer.org/dotbot; help@moz.com)" 
216.244.66.245 - - [02/Jul/2022:10:27:50 -0700] "GET /self.logs/access.log.2020-04-18.gz HTTP/1.1" 200 13659 "-" "Mozilla/5.0 (compatible; DotBot/1.2; +https://opensiteexplorer.org/dotbot; help@moz.com)" 
216.244.66.245 - - [02/Jul/2022:10:27:51 -0700] "GET /self.logs/access.log.2020-08-20.gz HTTP/1.1" 200 38856 "-" "Mozilla/5.0 (compatible; DotBot/1.2; +https://opensiteexplorer.org/dotbot; help@moz.com)" 
216.244.66.245 - - [02/Jul/2022:10:27:52 -0700] "GET /self.logs/access.log.2021-02-22.gz HTTP/1.1" 200 21324 "-" "Mozilla/5.0 (compatible; DotBot/1.2; +https://opensiteexplorer.org/dotbot; help@moz.com)" 
216.244.66.245 - - [02/Jul/2022:10:27:52 -0700] "GET /self.logs/access.log.2021-03-03.gz HTTP/1.1" 200 18516 "-" "Mozilla/5.0 (compatible; DotBot/1.2; +https://opensiteexplorer.org/dotbot; help@moz.com)" 
216.244.66.245 - - [02/Jul/2022:10:27:53 -0700] "GET /self.logs/access.log.2021-11-29.gz HTTP/1.1" 200 19909 "-" "Mozilla/5.0 (compatible; DotBot/1.2; +https://opensiteexplorer.org/dotbot; help@moz.com)" 
216.244.66.245 - - [02/Jul/2022:10:27:54 -0700] "GET /self.logs/error.log.2017-09-05.gz HTTP/1.1" 200 986 "-" "Mozilla/5.0 (compatible; DotBot/1.2; +https://opensiteexplorer.org/dotbot; help@moz.com)" 
216.244.66.245 - - [02/Jul/2022:10:27:54 -0700] "GET /self.logs/error.log.2017-10-25.gz HTTP/1.1" 200 2012 "-" "Mozilla/5.0 (compatible; DotBot/1.2; +https://opensiteexplorer.org/dotbot; help@moz.com)" 
216.244.66.245 - - [02/Jul/2022:10:27:55 -0700] "GET /self.logs/error.log.2018-03-09.gz HTTP/1.1" 200 4212 "-" "Mozilla/5.0 (compatible; DotBot/1.2; +https://opensiteexplorer.org/dotbot; help@moz.com)" 
216.244.66.245 - - [02/Jul/2022:10:27:56 -0700] "GET /self.logs/error.log.2018-04-06.gz HTTP/1.1" 200 4953 "-" "Mozilla/5.0 (compatible; DotBot/1.2; +https://opensiteexplorer.org/dotbot; help@moz.com)" 
216.244.66.245 - - [02/Jul/2022:10:27:56 -0700] "GET /self.logs/error.log.2018-11-19.gz HTTP/1.1" 200 6540 "-" "Mozilla/5.0 (compatible; DotBot/1.2; +https://opensiteexplorer.org/dotbot; help@moz.com)" 
216.244.66.245 - - [02/Jul/2022:10:27:57 -0700] "GET /self.logs/error.log.2019-02-14.gz HTTP/1.1" 200 3578 "-" "Mozilla/5.0 (compatible; DotBot/1.2; +https://opensiteexplorer.org/dotbot; help@moz.com)" 
216.244.66.245 - - [02/Jul/2022:10:27:58 -0700] "GET /self.logs/error.log.2019-03-03.gz HTTP/1.1" 200 4412 "-" "Mozilla/5.0 (compatible; DotBot/1.2; +https://opensiteexplorer.org/dotbot; help@moz.com)" 
216.244.66.245 - - [02/Jul/2022:10:27:59 -0700] "GET /self.logs/error.log.2019-12-02.gz HTTP/1.1" 200 816 "-" "Mozilla/5.0 (compatible; DotBot/1.2; +https://opensiteexplorer.org/dotbot; help@moz.com)" 
216.244.66.245 - - [02/Jul/2022:10:27:59 -0700] "GET /self.logs/error.log.2020-01-02.gz HTTP/1.1" 200 823 "-" "Mozilla/5.0 (compatible; DotBot/1.2; +https://opensiteexplorer.org/dotbot; help@moz.com)" 
216.244.66.245 - - [02/Jul/2022:10:28:00 -0700] "GET /self.logs/error.log.2020-04-02.gz HTTP/1.1" 200 1096 "-" "Mozilla/5.0 (compatible; DotBot/1.2; +https://opensiteexplorer.org/dotbot; help@moz.com)" 
216.244.66.245 - - [02/Jul/2022:10:28:01 -0700] "GET /self.logs/error.log.2021-03-29.gz HTTP/1.1" 200 3380 "-" "Mozilla/5.0 (compatible; DotBot/1.2; +https://opensiteexplorer.org/dotbot; help@moz.com)" 
216.244.66.245 - - [02/Jul/2022:10:28:01 -0700] "GET /self.logs/error.log.2021-08-26 HTTP/1.1" 200 307 "-" "Mozilla/5.0 (compatible; DotBot/1.2; +https://opensiteexplorer.org/dotbot; help@moz.com)" 
216.244.66.245 - - [02/Jul/2022:10:28:02 -0700] "GET /self.logs/error.log.2021-11-29.gz HTTP/1.1" 200 3505 "-" "Mozilla/5.0 (compatible; DotBot/1.2; +https://opensiteexplorer.org/dotbot; help@moz.com)" 
114.119.149.222 - - [02/Jul/2022:10:32:34 -0700] "GET /self.logs/error.log.2018-04-11.gz HTTP/1.1" 200 4537 "http://www.secrepo.com/self.logs?C=N%3BO%3DD" "Mozilla/5.0 (Linux; Android 7.0;) AppleWebKit/537.36 (KHTML, like Gecko) Mobile Safari/537.36 (compatible; PetalBot;+https://webmaster.petalsearch.com/site/petalbot)" 
34.206.152.150 - - [02/Jul/2022:10:32:54 -0700] "HEAD / HTTP/1.1" 301 186 "-" "DreamHost SiteMonitor 1.0" 
34.206.152.150 - - [02/Jul/2022:10:32:54 -0700] "HEAD / HTTP/1.1" 200 359 "http://66.33.221.139" "DreamHost SiteMonitor 1.0" 
207.46.13.213 - - [02/Jul/2022:10:39:46 -0700] "GET /self.logs/ HTTP/1.1" 200 37044 "-" "Mozilla/5.0 (compatible; bingbot/2.0; +http://www.bing.com/bingbot.htm)" 
34.206.152.150 - - [02/Jul/2022:10:42:54 -0700] "HEAD / HTTP/1.1" 301 186 "-" "DreamHost SiteMonitor 1.0" 
34.206.152.150 - - [02/Jul/2022:10:42:54 -0700] "HEAD / HTTP/1.1" 200 359 "http://66.33.221.139" "DreamHost SiteMonitor 1.0" 
17.121.112.132 - - [02/Jul/2022:10:46:33 -0700] "GET /self.logs/error.log.2020-01-10 HTTP/1.1" 200 2306 "-" "Mozilla/5.0 (Macintosh; Intel Mac OS X 10_15_5) AppleWebKit/605.1.15 (KHTML, like Gecko) Version/13.1.1 Safari/605.1.15 (Applebot/0.1; +http://www.apple.com/go/applebot)" 
51.222.253.7 - - [02/Jul/2022:10:52:42 -0700] "GET /Datasets%20Description/HTML_Bro_log_1/?C=S;O=A HTTP/1.1" 200 783 "-" "Mozilla/5.0 (compatible; AhrefsBot/7.0; +http://ahrefs.com/robot/)" 
34.206.152.150 - - [02/Jul/2022:10:52:54 -0700] "HEAD / HTTP/1.1" 301 186 "-" "DreamHost SiteMonitor 1.0" 
34.206.152.150 - - [02/Jul/2022:10:52:54 -0700] "HEAD / HTTP/1.1" 200 359 "http://66.33.221.139" "DreamHost SiteMonitor 1.0" 
107.167.39.42 - - [02/Jul/2022:10:55:21 -0700] "GET / HTTP/1.1" 200 49089 "-" "-" 
39.173.107.235 - - [02/Jul/2022:10:56:32 -0700] "GET / HTTP/1.1" 200 13149 "-" "Mozilla/5.0 (Linux; Android 5.0; SM-G900P Build/LRX21T) AppleWebKit/537.36 (KHTML, like Gecko) Chrome/88.0.4324.96 Mobile Safari/537.36" 
101.67.50.105 - - [02/Jul/2022:10:56:34 -0700] "GET /css/style.css HTTP/1.1" 404 291 "http://www.secrepo.com/" "Mozilla/5.0 (Linux; Android 5.0; SM-G900P Build/LRX21T) AppleWebKit/537.36 (KHTML, like Gecko) Chrome/88.0.4324.96 Mobile Safari/537.36" 
69.255.129.182 - - [02/Jul/2022:10:58:17 -0700] "GET / HTTP/1.1" 200 13186 "https://www.reddit.com/" "Mozilla/5.0 (Windows NT 10.0; Win64; x64; rv:102.0) Gecko/20100101 Firefox/102.0" 
69.255.129.182 - - [02/Jul/2022:10:58:17 -0700] "GET /css/style.css HTTP/1.1" 404 305 "http://www.secrepo.com/" "Mozilla/5.0 (Windows NT 10.0; Win64; x64; rv:102.0) Gecko/20100101 Firefox/102.0" 
69.255.129.182 - - [02/Jul/2022:10:58:17 -0700] "GET /css/style.css HTTP/1.1" 404 305 "http://www.secrepo.com/" "Mozilla/5.0 (Windows NT 10.0; Win64; x64; rv:102.0) Gecko/20100101 Firefox/102.0" 
69.255.129.182 - - [02/Jul/2022:10:58:17 -0700] "GET /twitter-icon.png HTTP/1.1" 200 27893 "http://www.secrepo.com/" "Mozilla/5.0 (Windows NT 10.0; Win64; x64; rv:102.0) Gecko/20100101 Firefox/102.0" 
69.255.129.182 - - [02/Jul/2022:10:58:17 -0700] "GET /GitHub-Mark.png HTTP/1.1" 200 7556 "http://www.secrepo.com/" "Mozilla/5.0 (Windows NT 10.0; Win64; x64; rv:102.0) Gecko/20100101 Firefox/102.0" 
69.255.129.182 - - [02/Jul/2022:10:58:17 -0700] "GET /bootstrap/img/favicon.ico HTTP/1.1" 200 690 "http://www.secrepo.com/" "Mozilla/5.0 (Windows NT 10.0; Win64; x64; rv:102.0) Gecko/20100101 Firefox/102.0" 
34.206.152.150 - - [02/Jul/2022:11:02:54 -0700] "HEAD / HTTP/1.1" 301 186 "-" "DreamHost SiteMonitor 1.0" 
34.206.152.150 - - [02/Jul/2022:11:02:54 -0700] "HEAD / HTTP/1.1" 200 359 "http://66.33.221.139" "DreamHost SiteMonitor 1.0" 
114.119.149.228 - - [02/Jul/2022:11:05:19 -0700] "GET /self.logs/error.log.2020-01-15 HTTP/1.1" 200 4371 "http://www.secrepo.com/self.logs?C=N%3BO%3DD" "Mozilla/5.0 (Linux; Android 7.0;) AppleWebKit/537.36 (KHTML, like Gecko) Mobile Safari/537.36 (compatible; PetalBot;+https://webmaster.petalsearch.com/site/petalbot)" 
107.167.35.138 - - [02/Jul/2022:11:10:25 -0700] "GET / HTTP/1.1" 200 49089 "-" "-" 
18.207.130.237 - - [02/Jul/2022:11:12:54 -0700] "HEAD / HTTP/1.1" 301 186 "-" "DreamHost SiteMonitor 1.0" 
18.207.130.237 - - [02/Jul/2022:11:12:54 -0700] "HEAD / HTTP/1.1" 200 359 "http://66.33.221.139" "DreamHost SiteMonitor 1.0" 
216.244.66.245 - - [02/Jul/2022:11:14:13 -0700] "GET /robots.txt HTTP/1.1" 200 333 "-" "Mozilla/5.0 (compatible; DotBot/1.2; +https://opensiteexplorer.org/dotbot; help@moz.com)" 
207.46.13.213 - - [02/Jul/2022:11:14:18 -0700] "GET /self.logs/ HTTP/1.1" 200 37044 "-" "Mozilla/5.0 (compatible; bingbot/2.0; +http://www.bing.com/bingbot.htm)" 
216.244.66.245 - - [02/Jul/2022:11:19:18 -0700] "GET /self.logs/access.log.2022-05-31.gz HTTP/1.1" 200 16878 "-" "Mozilla/5.0 (compatible; DotBot/1.2; +https://opensiteexplorer.org/dotbot; help@moz.com)" 
216.244.66.245 - - [02/Jul/2022:11:19:23 -0700] "GET /self.logs/error.log.2022-04-22.gz HTTP/1.1" 200 2039 "-" "Mozilla/5.0 (compatible; DotBot/1.2; +https://opensiteexplorer.org/dotbot; help@moz.com)" 
216.244.66.245 - - [02/Jul/2022:11:19:28 -0700] "GET /self.logs/error.log.2022-06-04.gz HTTP/1.1" 200 8477 "-" "Mozilla/5.0 (compatible; DotBot/1.2; +https://opensiteexplorer.org/dotbot; help@moz.com)" 
222.186.43.77 - - [02/Jul/2022:11:19:52 -0700] "GET /e/data/js/ajax.js HTTP/1.1" 404 328 "-" "Mozilla/5.0 (Windows NT 10.0; WOW64; rv:48.0) Gecko/20100101 Firefox/48.0" 
222.186.43.77 - - [02/Jul/2022:11:19:56 -0700] "GET /data/admin/allowurl.txt HTTP/1.1" 404 328 "-" "Mozilla/5.0 (Windows NT 10.0; WOW64; rv:48.0) Gecko/20100101 Firefox/48.0" 
216.244.66.245 - - [02/Jul/2022:11:20:25 -0700] "GET /self.logs/2015/access.log.2015-01-25.gz HTTP/1.1" 200 3075 "-" "Mozilla/5.0 (compatible; DotBot/1.2; +https://opensiteexplorer.org/dotbot; help@moz.com)" 
216.244.66.245 - - [02/Jul/2022:11:20:27 -0700] "GET /self.logs/2015/access.log.2015-02-07.gz HTTP/1.1" 200 2834 "-" "Mozilla/5.0 (compatible; DotBot/1.2; +https://opensiteexplorer.org/dotbot; help@moz.com)" 
216.244.66.245 - - [02/Jul/2022:11:20:30 -0700] "GET /self.logs/2015/access.log.2015-04-15.gz HTTP/1.1" 200 20717 "-" "Mozilla/5.0 (compatible; DotBot/1.2; +https://opensiteexplorer.org/dotbot; help@moz.com)" 
216.244.66.245 - - [02/Jul/2022:11:20:32 -0700] "GET /self.logs/2015/access.log.2015-07-27.gz HTTP/1.1" 200 5706 "-" "Mozilla/5.0 (compatible; DotBot/1.2; +https://opensiteexplorer.org/dotbot; help@moz.com)" 
216.244.66.245 - - [02/Jul/2022:11:20:33 -0700] "GET /self.logs/2016/access.log.2016-01-31.gz HTTP/1.1" 200 5820 "-" "Mozilla/5.0 (compatible; DotBot/1.2; +https://opensiteexplorer.org/dotbot; help@moz.com)" 
216.244.66.245 - - [02/Jul/2022:11:20:35 -0700] "GET /self.logs/2016/access.log.2016-03-05.gz HTTP/1.1" 200 6768 "-" "Mozilla/5.0 (compatible; DotBot/1.2; +https://opensiteexplorer.org/dotbot; help@moz.com)" 
216.244.66.245 - - [02/Jul/2022:11:20:36 -0700] "GET /self.logs/2016/access.log.2016-04-10.gz HTTP/1.1" 200 8417 "-" "Mozilla/5.0 (compatible; DotBot/1.2; +https://opensiteexplorer.org/dotbot; help@moz.com)" 
216.244.66.245 - - [02/Jul/2022:11:20:37 -0700] "GET /self.logs/2016/error.log.2016-01-17.gz HTTP/1.1" 200 749 "-" "Mozilla/5.0 (compatible; DotBot/1.2; +https://opensiteexplorer.org/dotbot; help@moz.com)" 
216.244.66.245 - - [02/Jul/2022:11:20:38 -0700] "GET /self.logs/2016/error.log.2016-07-17.gz HTTP/1.1" 200 930 "-" "Mozilla/5.0 (compatible; DotBot/1.2; +https://opensiteexplorer.org/dotbot; help@moz.com)" 
216.244.66.245 - - [02/Jul/2022:11:20:39 -0700] "GET /self.logs/2016/error.log.2016-07-24.gz HTTP/1.1" 200 839 "-" "Mozilla/5.0 (compatible; DotBot/1.2; +https://opensiteexplorer.org/dotbot; help@moz.com)" 
216.244.66.245 - - [02/Jul/2022:11:20:40 -0700] "GET /self.logs/2016/error.log.2016-11-23.gz HTTP/1.1" 200 747 "-" "Mozilla/5.0 (compatible; DotBot/1.2; +https://opensiteexplorer.org/dotbot; help@moz.com)" 
216.244.66.245 - - [02/Jul/2022:11:20:40 -0700] "GET /self.logs/access.log.2017-06-13.gz HTTP/1.1" 200 20835 "-" "Mozilla/5.0 (compatible; DotBot/1.2; +https://opensiteexplorer.org/dotbot; help@moz.com)" 
216.244.66.245 - - [02/Jul/2022:11:20:41 -0700] "GET /self.logs/access.log.2018-02-05.gz HTTP/1.1" 200 21957 "-" "Mozilla/5.0 (compatible; DotBot/1.2; +https://opensiteexplorer.org/dotbot; help@moz.com)" 
216.244.66.245 - - [02/Jul/2022:11:20:42 -0700] "GET /self.logs/access.log.2018-03-08.gz HTTP/1.1" 200 40489 "-" "Mozilla/5.0 (compatible; DotBot/1.2; +https://opensiteexplorer.org/dotbot; help@moz.com)" 
216.244.66.245 - - [02/Jul/2022:11:20:43 -0700] "GET /self.logs/access.log.2018-04-10.gz HTTP/1.1" 200 34220 "-" "Mozilla/5.0 (compatible; DotBot/1.2; +https://opensiteexplorer.org/dotbot; help@moz.com)" 
216.244.66.245 - - [02/Jul/2022:11:20:43 -0700] "GET /self.logs/access.log.2018-04-18.gz HTTP/1.1" 200 20337 "-" "Mozilla/5.0 (compatible; DotBot/1.2; +https://opensiteexplorer.org/dotbot; help@moz.com)" 
216.244.66.245 - - [02/Jul/2022:11:20:44 -0700] "GET /self.logs/access.log.2018-09-06.gz HTTP/1.1" 200 21602 "-" "Mozilla/5.0 (compatible; DotBot/1.2; +https://opensiteexplorer.org/dotbot; help@moz.com)" 
216.244.66.245 - - [02/Jul/2022:11:20:45 -0700] "GET /self.logs/access.log.2018-10-02.gz HTTP/1.1" 200 25341 "-" "Mozilla/5.0 (compatible; DotBot/1.2; +https://opensiteexplorer.org/dotbot; help@moz.com)" 
216.244.66.245 - - [02/Jul/2022:11:20:46 -0700] "GET /self.logs/access.log.2019-04-27.gz HTTP/1.1" 200 22259 "-" "Mozilla/5.0 (compatible; DotBot/1.2; +https://opensiteexplorer.org/dotbot; help@moz.com)" 
216.244.66.245 - - [02/Jul/2022:11:20:47 -0700] "GET /self.logs/access.log.2019-08-13.gz HTTP/1.1" 200 29082 "-" "Mozilla/5.0 (compatible; DotBot/1.2; +https://opensiteexplorer.org/dotbot; help@moz.com)" 
216.244.66.245 - - [02/Jul/2022:11:20:47 -0700] "GET /self.logs/access.log.2019-10-25.gz HTTP/1.1" 200 17298 "-" "Mozilla/5.0 (compatible; DotBot/1.2; +https://opensiteexplorer.org/dotbot; help@moz.com)" 
216.244.66.245 - - [02/Jul/2022:11:20:48 -0700] "GET /self.logs/access.log.2019-11-03.gz HTTP/1.1" 200 19002 "-" "Mozilla/5.0 (compatible; DotBot/1.2; +https://opensiteexplorer.org/dotbot; help@moz.com)" 
216.244.66.245 - - [02/Jul/2022:11:20:49 -0700] "GET /self.logs/access.log.2019-11-16.gz HTTP/1.1" 200 21735 "-" "Mozilla/5.0 (compatible; DotBot/1.2; +https://opensiteexplorer.org/dotbot; help@moz.com)" 
216.244.66.245 - - [02/Jul/2022:11:20:50 -0700] "GET /self.logs/access.log.2020-02-09.gz HTTP/1.1" 200 16127 "-" "Mozilla/5.0 (compatible; DotBot/1.2; +https://opensiteexplorer.org/dotbot; help@moz.com)" 
216.244.66.245 - - [02/Jul/2022:11:20:50 -0700] "GET /self.logs/access.log.2021-05-12.gz HTTP/1.1" 200 21350 "-" "Mozilla/5.0 (compatible; DotBot/1.2; +https://opensiteexplorer.org/dotbot; help@moz.com)" 
216.244.66.245 - - [02/Jul/2022:11:20:51 -0700] "GET /self.logs/access.log.2021-11-02.gz HTTP/1.1" 200 54654 "-" "Mozilla/5.0 (compatible; DotBot/1.2; +https://opensiteexplorer.org/dotbot; help@moz.com)" 
216.244.66.245 - - [02/Jul/2022:11:20:52 -0700] "GET /self.logs/access.log.2021-12-07.gz HTTP/1.1" 200 16758 "-" "Mozilla/5.0 (compatible; DotBot/1.2; +https://opensiteexplorer.org/dotbot; help@moz.com)" 
216.244.66.245 - - [02/Jul/2022:11:20:53 -0700] "GET /self.logs/access.log.2022-03-19.gz HTTP/1.1" 200 11798 "-" "Mozilla/5.0 (compatible; DotBot/1.2; +https://opensiteexplorer.org/dotbot; help@moz.com)" 
216.244.66.245 - - [02/Jul/2022:11:20:53 -0700] "GET /self.logs/error.log.2017-04-07.gz HTTP/1.1" 200 878 "-" "Mozilla/5.0 (compatible; DotBot/1.2; +https://opensiteexplorer.org/dotbot; help@moz.com)" 
216.244.66.245 - - [02/Jul/2022:11:20:54 -0700] "GET /self.logs/error.log.2018-01-28.gz HTTP/1.1" 200 1114 "-" "Mozilla/5.0 (compatible; DotBot/1.2; +https://opensiteexplorer.org/dotbot; help@moz.com)" 
216.244.66.245 - - [02/Jul/2022:11:20:55 -0700] "GET /self.logs/error.log.2018-02-24.gz HTTP/1.1" 200 3516 "-" "Mozilla/5.0 (compatible; DotBot/1.2; +https://opensiteexplorer.org/dotbot; help@moz.com)" 
216.244.66.245 - - [02/Jul/2022:11:20:55 -0700] "GET /self.logs/error.log.2018-03-29.gz HTTP/1.1" 200 4193 "-" "Mozilla/5.0 (compatible; DotBot/1.2; +https://opensiteexplorer.org/dotbot; help@moz.com)" 
216.244.66.245 - - [02/Jul/2022:11:20:56 -0700] "GET /self.logs/error.log.2018-07-30.gz HTTP/1.1" 200 9958 "-" "Mozilla/5.0 (compatible; DotBot/1.2; +https://opensiteexplorer.org/dotbot; help@moz.com)" 
216.244.66.245 - - [02/Jul/2022:11:20:57 -0700] "GET /self.logs/error.log.2018-07-27.gz HTTP/1.1" 200 7912 "-" "Mozilla/5.0 (compatible; DotBot/1.2; +https://opensiteexplorer.org/dotbot; help@moz.com)" 
216.244.66.245 - - [02/Jul/2022:11:20:58 -0700] "GET /self.logs/error.log.2018-11-15.gz HTTP/1.1" 200 3558 "-" "Mozilla/5.0 (compatible; DotBot/1.2; +https://opensiteexplorer.org/dotbot; help@moz.com)" 
216.244.66.245 - - [02/Jul/2022:11:20:58 -0700] "GET /self.logs/error.log.2019-08-18.gz HTTP/1.1" 200 1302 "-" "Mozilla/5.0 (compatible; DotBot/1.2; +https://opensiteexplorer.org/dotbot; help@moz.com)" 
216.244.66.245 - - [02/Jul/2022:11:20:59 -0700] "GET /self.logs/error.log.2019-08-29.gz HTTP/1.1" 200 2522 "-" "Mozilla/5.0 (compatible; DotBot/1.2; +https://opensiteexplorer.org/dotbot; help@moz.com)" 
216.244.66.245 - - [02/Jul/2022:11:20:59 -0700] "GET /self.logs/error.log.2020-06-04 HTTP/1.1" 200 307 "-" "Mozilla/5.0 (compatible; DotBot/1.2; +https://opensiteexplorer.org/dotbot; help@moz.com)" 
216.244.66.245 - - [02/Jul/2022:11:21:00 -0700] "GET /self.logs/error.log.2020-08-28 HTTP/1.1" 200 307 "-" "Mozilla/5.0 (compatible; DotBot/1.2; +https://opensiteexplorer.org/dotbot; help@moz.com)" 
216.244.66.245 - - [02/Jul/2022:11:21:01 -0700] "GET /self.logs/error.log.2021-01-08.gz HTTP/1.1" 200 932 "-" "Mozilla/5.0 (compatible; DotBot/1.2; +https://opensiteexplorer.org/dotbot; help@moz.com)" 
216.244.66.245 - - [02/Jul/2022:11:21:01 -0700] "GET /self.logs/error.log.2021-02-18.gz HTTP/1.1" 200 2320 "-" "Mozilla/5.0 (compatible; DotBot/1.2; +https://opensiteexplorer.org/dotbot; help@moz.com)" 
216.244.66.245 - - [02/Jul/2022:11:21:02 -0700] "GET /self.logs/error.log.2021-04-11.gz HTTP/1.1" 200 1174 "-" "Mozilla/5.0 (compatible; DotBot/1.2; +https://opensiteexplorer.org/dotbot; help@moz.com)" 
216.244.66.245 - - [02/Jul/2022:11:21:03 -0700] "GET /self.logs/error.log.2021-08-02.gz HTTP/1.1" 200 1488 "-" "Mozilla/5.0 (compatible; DotBot/1.2; +https://opensiteexplorer.org/dotbot; help@moz.com)" 
216.244.66.245 - - [02/Jul/2022:11:21:04 -0700] "GET /self.logs/error.log.2021-12-23 HTTP/1.1" 200 307 "-" "Mozilla/5.0 (compatible; DotBot/1.2; +https://opensiteexplorer.org/dotbot; help@moz.com)" 
18.207.130.237 - - [02/Jul/2022:11:22:54 -0700] "HEAD / HTTP/1.1" 301 186 "-" "DreamHost SiteMonitor 1.0" 
18.207.130.237 - - [02/Jul/2022:11:22:54 -0700] "HEAD / HTTP/1.1" 200 359 "http://66.33.221.139" "DreamHost SiteMonitor 1.0" 
157.55.39.60 - - [02/Jul/2022:11:25:19 -0700] "GET /Datasets%20Description/Network/?C=S;O=D HTTP/1.1" 200 766 "-" "Mozilla/5.0 (compatible; bingbot/2.0; +http://www.bing.com/bingbot.htm)" 
34.206.152.150 - - [02/Jul/2022:11:32:54 -0700] "HEAD / HTTP/1.1" 301 186 "-" "DreamHost SiteMonitor 1.0" 
34.206.152.150 - - [02/Jul/2022:11:32:54 -0700] "HEAD / HTTP/1.1" 200 359 "http://66.33.221.139" "DreamHost SiteMonitor 1.0" 
