54.36.148.17 - - [27/Mar/2021:05:31:47 -0700] "GET /self.logs/error.log.2018-03-14.gz HTTP/1.1" 200 4643 "-" "Mozilla/5.0 (compatible; AhrefsBot/7.0; +http://ahrefs.com/robot/)" 
54.36.148.17 - - [27/Mar/2021:05:32:43 -0700] "GET /self.logs/error.log.2017-02-22.gz HTTP/1.1" 200 981 "-" "Mozilla/5.0 (compatible; AhrefsBot/7.0; +http://ahrefs.com/robot/)" 
54.36.148.185 - - [27/Mar/2021:05:33:35 -0700] "GET /self.logs/access.log.2020-10-10.gz HTTP/1.1" 200 28405 "-" "Mozilla/5.0 (compatible; AhrefsBot/7.0; +http://ahrefs.com/robot/)" 
54.36.148.17 - - [27/Mar/2021:05:34:24 -0700] "GET /self.logs/error.log.2019-11-27.gz HTTP/1.1" 200 1332 "-" "Mozilla/5.0 (compatible; AhrefsBot/7.0; +http://ahrefs.com/robot/)" 
54.36.149.61 - - [27/Mar/2021:05:35:14 -0700] "GET /self.logs/access.log.2019-03-02.gz HTTP/1.1" 200 24373 "-" "Mozilla/5.0 (compatible; AhrefsBot/7.0; +http://ahrefs.com/robot/)" 
54.36.148.77 - - [27/Mar/2021:05:36:06 -0700] "GET /self.logs/access.log.2017-01-15.gz HTTP/1.1" 200 13702 "-" "Mozilla/5.0 (compatible; AhrefsBot/7.0; +http://ahrefs.com/robot/)" 
114.119.130.95 - - [27/Mar/2021:05:36:25 -0700] "GET /maccdc2012/tunnel.log.gz HTTP/1.1" 200 5282 "-" "Mozilla/5.0 (Linux; Android 7.0;) AppleWebKit/537.36 (KHTML, like Gecko) Mobile Safari/537.36 (compatible; PetalBot;+https://aspiegel.com/petalbot)" 
54.36.149.61 - - [27/Mar/2021:05:36:59 -0700] "GET /self.logs/access.log.2018-03-26.gz HTTP/1.1" 200 21137 "-" "Mozilla/5.0 (compatible; AhrefsBot/7.0; +http://ahrefs.com/robot/)" 
54.36.149.21 - - [27/Mar/2021:05:37:49 -0700] "GET /self.logs/access.log.2018-09-06.gz HTTP/1.1" 200 21602 "-" "Mozilla/5.0 (compatible; AhrefsBot/7.0; +http://ahrefs.com/robot/)" 
54.36.149.61 - - [27/Mar/2021:05:38:39 -0700] "GET /self.logs/access.log.2017-03-20.gz HTTP/1.1" 200 16074 "-" "Mozilla/5.0 (compatible; AhrefsBot/7.0; +http://ahrefs.com/robot/)" 
54.36.149.32 - - [27/Mar/2021:05:39:30 -0700] "GET /self.logs/access.log.2018-04-19.gz HTTP/1.1" 200 21462 "-" "Mozilla/5.0 (compatible; AhrefsBot/7.0; +http://ahrefs.com/robot/)" 
23.19.70.148 - - [27/Mar/2021:05:39:42 -0700] "GET /info/1023/1776.htm HTTP/1.1" 404 328 "http://www.baidu.com" "Mozilla/4.0 (compatible; MSIE 9.0; Windows NT 6.1)" 
54.36.148.17 - - [27/Mar/2021:05:40:19 -0700] "GET /self.logs/error.log.2018-06-01.gz HTTP/1.1" 200 5012 "-" "Mozilla/5.0 (compatible; AhrefsBot/7.0; +http://ahrefs.com/robot/)" 
54.36.149.61 - - [27/Mar/2021:05:41:08 -0700] "GET /self.logs/access.log.2020-06-30.gz HTTP/1.1" 200 15549 "-" "Mozilla/5.0 (compatible; AhrefsBot/7.0; +http://ahrefs.com/robot/)" 
114.119.141.53 - - [27/Mar/2021:05:41:32 -0700] "GET /self.logs/error.log.2020-06-22 HTTP/1.1" 200 351 "-" "Mozilla/5.0 (Linux; Android 7.0;) AppleWebKit/537.36 (KHTML, like Gecko) Mobile Safari/537.36 (compatible; PetalBot;+https://aspiegel.com/petalbot)" 
54.36.148.17 - - [27/Mar/2021:05:42:01 -0700] "GET /self.logs/access.log.2017-12-19.gz HTTP/1.1" 200 24177 "-" "Mozilla/5.0 (compatible; AhrefsBot/7.0; +http://ahrefs.com/robot/)" 
54.36.148.17 - - [27/Mar/2021:05:42:57 -0700] "GET /self.logs/error.log.2018-01-25.gz HTTP/1.1" 200 1273 "-" "Mozilla/5.0 (compatible; AhrefsBot/7.0; +http://ahrefs.com/robot/)" 
54.36.148.54 - - [27/Mar/2021:05:43:50 -0700] "GET /self.logs/access.log.2018-09-20.gz HTTP/1.1" 200 27034 "-" "Mozilla/5.0 (compatible; AhrefsBot/7.0; +http://ahrefs.com/robot/)" 
17.58.96.141 - - [27/Mar/2021:05:43:53 -0700] "GET /self.logs/error.log.2020-01-01 HTTP/1.1" 200 307 "-" "Mozilla/5.0 (Macintosh; Intel Mac OS X 10_15_5) AppleWebKit/605.1.15 (KHTML, like Gecko) Version/13.1.1 Safari/605.1.15 (Applebot/0.1; +http://www.apple.com/go/applebot)" 
54.36.149.61 - - [27/Mar/2021:05:44:41 -0700] "GET /self.logs/access.log.2020-06-28.gz HTTP/1.1" 200 12268 "-" "Mozilla/5.0 (compatible; AhrefsBot/7.0; +http://ahrefs.com/robot/)" 
54.36.149.58 - - [27/Mar/2021:05:45:31 -0700] "GET /self.logs/access.log.2019-05-03.gz HTTP/1.1" 200 23880 "-" "Mozilla/5.0 (compatible; AhrefsBot/7.0; +http://ahrefs.com/robot/)" 
54.36.148.17 - - [27/Mar/2021:05:46:21 -0700] "GET /self.logs/access.log.2019-11-07.gz HTTP/1.1" 200 24888 "-" "Mozilla/5.0 (compatible; AhrefsBot/7.0; +http://ahrefs.com/robot/)" 
54.36.148.17 - - [27/Mar/2021:05:47:11 -0700] "GET /self.logs/access.log.2017-10-19.gz HTTP/1.1" 200 52930 "-" "Mozilla/5.0 (compatible; AhrefsBot/7.0; +http://ahrefs.com/robot/)" 
114.119.141.53 - - [27/Mar/2021:05:47:53 -0700] "GET /self.logs/error.log.2019-02-23.gz HTTP/1.1" 200 4398 "-" "Mozilla/5.0 (Linux; Android 7.0;) AppleWebKit/537.36 (KHTML, like Gecko) Mobile Safari/537.36 (compatible; PetalBot;+https://aspiegel.com/petalbot)" 
54.36.149.61 - - [27/Mar/2021:05:48:03 -0700] "GET /self.logs/access.log.2019-02-09.gz HTTP/1.1" 200 13888 "-" "Mozilla/5.0 (compatible; AhrefsBot/7.0; +http://ahrefs.com/robot/)" 
54.36.148.17 - - [27/Mar/2021:05:48:54 -0700] "GET /self.logs/access.log.2017-06-15.gz HTTP/1.1" 200 32788 "-" "Mozilla/5.0 (compatible; AhrefsBot/7.0; +http://ahrefs.com/robot/)" 
13.66.139.68 - - [27/Mar/2021:05:49:23 -0700] "GET / HTTP/1.1" 301 475 "-" "Mozilla/5.0 (compatible; bingbot/2.0; +http://www.bing.com/bingbot.htm)" 
54.36.148.17 - - [27/Mar/2021:05:49:47 -0700] "GET /self.logs/access.log.2019-11-03.gz HTTP/1.1" 200 19002 "-" "Mozilla/5.0 (compatible; AhrefsBot/7.0; +http://ahrefs.com/robot/)" 
111.202.101.150 - - [27/Mar/2021:05:50:29 -0700] "GET / HTTP/1.1" 200 12845 "-" "Sogou web spider/4.0(+http://www.sogou.com/docs/help/webmasters.htm#07)" 
54.36.149.61 - - [27/Mar/2021:05:50:41 -0700] "GET /self.logs/error.log.2019-06-25.gz HTTP/1.1" 200 1762 "-" "Mozilla/5.0 (compatible; AhrefsBot/7.0; +http://ahrefs.com/robot/)" 
13.66.139.68 - - [27/Mar/2021:05:50:53 -0700] "GET / HTTP/1.1" 200 12882 "-" "Mozilla/5.0 (compatible; bingbot/2.0; +http://www.bing.com/bingbot.htm)" 
54.36.149.61 - - [27/Mar/2021:05:51:34 -0700] "GET /self.logs/error.log.2018-02-02.gz HTTP/1.1" 200 3999 "-" "Mozilla/5.0 (compatible; AhrefsBot/7.0; +http://ahrefs.com/robot/)" 
54.36.149.61 - - [27/Mar/2021:05:52:29 -0700] "GET /self.logs/access.log.2019-11-08.gz HTTP/1.1" 200 16419 "-" "Mozilla/5.0 (compatible; AhrefsBot/7.0; +http://ahrefs.com/robot/)" 
162.241.148.253 - - [27/Mar/2021:05:53:18 -0700] "HEAD / HTTP/1.1" 200 359 "https://www.ilovephd.com" "Mozilla/5.0 (Windows NT 10.0; Win64; x64) AppleWebKit/537.36 (KHTML, like Gecko) Chrome/70.0.3538.102 Safari/537.36" 
54.36.149.73 - - [27/Mar/2021:05:53:22 -0700] "GET /self.logs/access.log.2017-11-28.gz HTTP/1.1" 200 23767 "-" "Mozilla/5.0 (compatible; AhrefsBot/7.0; +http://ahrefs.com/robot/)" 
114.119.141.53 - - [27/Mar/2021:05:53:23 -0700] "GET /self.logs/2016/error.log.2016-06-04.gz HTTP/1.1" 200 1394 "-" "Mozilla/5.0 (Linux; Android 7.0;) AppleWebKit/537.36 (KHTML, like Gecko) Mobile Safari/537.36 (compatible; PetalBot;+https://aspiegel.com/petalbot)" 
54.36.148.17 - - [27/Mar/2021:05:54:12 -0700] "GET /self.logs/error.log.2020-07-20.gz HTTP/1.1" 200 937 "-" "Mozilla/5.0 (compatible; AhrefsBot/7.0; +http://ahrefs.com/robot/)" 
54.36.148.17 - - [27/Mar/2021:05:55:59 -0700] "GET /self.logs/access.log.2019-11-11.gz HTTP/1.1" 200 28971 "-" "Mozilla/5.0 (compatible; AhrefsBot/7.0; +http://ahrefs.com/robot/)" 
54.36.148.166 - - [27/Mar/2021:05:56:52 -0700] "GET /self.logs/error.log.2019-11-01.gz HTTP/1.1" 200 1866 "-" "Mozilla/5.0 (compatible; AhrefsBot/7.0; +http://ahrefs.com/robot/)" 
54.36.149.61 - - [27/Mar/2021:05:57:41 -0700] "GET /self.logs/error.log.2018-01-15.gz HTTP/1.1" 200 5552 "-" "Mozilla/5.0 (compatible; AhrefsBot/7.0; +http://ahrefs.com/robot/)" 
54.36.148.17 - - [27/Mar/2021:05:58:28 -0700] "GET /self.logs/access.log.2019-12-24.gz HTTP/1.1" 200 13990 "-" "Mozilla/5.0 (compatible; AhrefsBot/7.0; +http://ahrefs.com/robot/)" 
114.119.140.84 - - [27/Mar/2021:05:58:58 -0700] "GET /self.logs/access.log.2017-04-10.gz HTTP/1.1" 200 50914 "-" "Mozilla/5.0 (Linux; Android 7.0;) AppleWebKit/537.36 (KHTML, like Gecko) Mobile Safari/537.36 (compatible; PetalBot;+https://aspiegel.com/petalbot)" 
54.36.148.74 - - [27/Mar/2021:05:59:19 -0700] "GET /self.logs/access.log.2019-09-05.gz HTTP/1.1" 200 24482 "-" "Mozilla/5.0 (compatible; AhrefsBot/7.0; +http://ahrefs.com/robot/)" 
54.36.148.122 - - [27/Mar/2021:06:00:12 -0700] "GET /self.logs/error.log.2017-06-25.gz HTTP/1.1" 200 803 "-" "Mozilla/5.0 (compatible; AhrefsBot/7.0; +http://ahrefs.com/robot/)" 
54.36.148.238 - - [27/Mar/2021:06:01:06 -0700] "GET /self.logs/error.log.2020-07-25 HTTP/1.1" 200 307 "-" "Mozilla/5.0 (compatible; AhrefsBot/7.0; +http://ahrefs.com/robot/)" 
54.36.149.61 - - [27/Mar/2021:06:01:58 -0700] "GET /self.logs/error.log.2019-05-01.gz HTTP/1.1" 200 7517 "-" "Mozilla/5.0 (compatible; AhrefsBot/7.0; +http://ahrefs.com/robot/)" 
54.36.149.61 - - [27/Mar/2021:06:02:51 -0700] "GET /self.logs/access.log.2017-11-17.gz HTTP/1.1" 200 19683 "-" "Mozilla/5.0 (compatible; AhrefsBot/7.0; +http://ahrefs.com/robot/)" 
54.36.148.99 - - [27/Mar/2021:06:03:45 -0700] "GET /self.logs/error.log.2017-11-16.gz HTTP/1.1" 200 1086 "-" "Mozilla/5.0 (compatible; AhrefsBot/7.0; +http://ahrefs.com/robot/)" 
46.229.173.66 - - [27/Mar/2021:06:03:50 -0700] "GET /robots.txt HTTP/1.1" 200 377 "-" "Mozilla/5.0 (compatible; SemrushBot-SA/0.97; +http://www.semrush.com/bot.html)" 
46.229.173.66 - - [27/Mar/2021:06:03:50 -0700] "GET / HTTP/1.1" 200 12858 "-" "Mozilla/5.0 (compatible; SemrushBot-SA/0.97; +http://www.semrush.com/bot.html)" 
54.36.149.14 - - [27/Mar/2021:06:04:40 -0700] "GET /self.logs/access.log.2019-09-27.gz HTTP/1.1" 200 24227 "-" "Mozilla/5.0 (compatible; AhrefsBot/7.0; +http://ahrefs.com/robot/)" 
114.119.144.30 - - [27/Mar/2021:06:05:00 -0700] "GET /self.logs/error.log.2021-01-09 HTTP/1.1" 200 351 "-" "Mozilla/5.0 (Linux; Android 7.0;) AppleWebKit/537.36 (KHTML, like Gecko) Mobile Safari/537.36 (compatible; PetalBot;+https://aspiegel.com/petalbot)" 
54.36.148.17 - - [27/Mar/2021:06:05:38 -0700] "GET /self.logs/access.log.2017-03-02.gz HTTP/1.1" 200 25329 "-" "Mozilla/5.0 (compatible; AhrefsBot/7.0; +http://ahrefs.com/robot/)" 
54.36.148.17 - - [27/Mar/2021:06:06:41 -0700] "GET /self.logs/error.log.2018-02-05.gz HTTP/1.1" 200 4551 "-" "Mozilla/5.0 (compatible; AhrefsBot/7.0; +http://ahrefs.com/robot/)" 
40.77.167.45 - - [27/Mar/2021:06:07:28 -0700] "GET /self.logs/access.log.2017-01-09.gz HTTP/1.1" 200 24963 "-" "Mozilla/5.0 (compatible; bingbot/2.0; +http://www.bing.com/bingbot.htm)" 
54.36.149.61 - - [27/Mar/2021:06:07:42 -0700] "GET /self.logs/error.log.2017-09-23.gz HTTP/1.1" 200 2163 "-" "Mozilla/5.0 (compatible; AhrefsBot/7.0; +http://ahrefs.com/robot/)" 
13.66.139.40 - - [27/Mar/2021:06:08:28 -0700] "GET /self.logs/ HTTP/1.1" 200 28431 "-" "Mozilla/5.0 (compatible; bingbot/2.0; +http://www.bing.com/bingbot.htm)" 
54.36.148.17 - - [27/Mar/2021:06:08:40 -0700] "GET /self.logs/error.log.2019-01-14.gz HTTP/1.1" 200 5729 "-" "Mozilla/5.0 (compatible; AhrefsBot/7.0; +http://ahrefs.com/robot/)" 
111.202.101.150 - - [27/Mar/2021:06:09:17 -0700] "GET / HTTP/1.1" 200 12844 "-" "Sogou web spider/4.0(+http://www.sogou.com/docs/help/webmasters.htm#07)" 
54.36.149.61 - - [27/Mar/2021:06:09:40 -0700] "GET /self.logs/access.log.2020-08-07.gz HTTP/1.1" 200 24714 "-" "Mozilla/5.0 (compatible; AhrefsBot/7.0; +http://ahrefs.com/robot/)" 
111.202.101.153 - - [27/Mar/2021:06:10:40 -0700] "GET / HTTP/1.1" 200 12844 "-" "Sogou web spider/4.0(+http://www.sogou.com/docs/help/webmasters.htm#07)" 
54.36.148.150 - - [27/Mar/2021:06:10:41 -0700] "GET /self.logs/error.log.2019-02-22.gz HTTP/1.1" 200 4167 "-" "Mozilla/5.0 (compatible; AhrefsBot/7.0; +http://ahrefs.com/robot/)" 
40.77.167.45 - - [27/Mar/2021:06:10:59 -0700] "GET /self.logs/access.log.2018-09-19.gz HTTP/1.1" 304 280 "-" "Mozilla/5.0 (compatible; bingbot/2.0; +http://www.bing.com/bingbot.htm)" 
54.36.149.61 - - [27/Mar/2021:06:11:33 -0700] "GET /self.logs/access.log.2020-02-12.gz HTTP/1.1" 200 18534 "-" "Mozilla/5.0 (compatible; AhrefsBot/7.0; +http://ahrefs.com/robot/)" 
54.36.149.61 - - [27/Mar/2021:06:12:25 -0700] "GET /self.logs/access.log.2019-02-19.gz HTTP/1.1" 200 22970 "-" "Mozilla/5.0 (compatible; AhrefsBot/7.0; +http://ahrefs.com/robot/)" 
54.36.148.17 - - [27/Mar/2021:06:13:18 -0700] "GET /self.logs/access.log.2017-10-16.gz HTTP/1.1" 200 23829 "-" "Mozilla/5.0 (compatible; AhrefsBot/7.0; +http://ahrefs.com/robot/)" 
54.36.149.61 - - [27/Mar/2021:06:15:00 -0700] "GET /self.logs/error.log.2019-10-02.gz HTTP/1.1" 200 1641 "-" "Mozilla/5.0 (compatible; AhrefsBot/7.0; +http://ahrefs.com/robot/)" 
40.77.167.45 - - [27/Mar/2021:06:16:39 -0700] "GET /self.logs/error.log.2017-07-28.gz HTTP/1.1" 301 541 "-" "Mozilla/5.0 (compatible; bingbot/2.0; +http://www.bing.com/bingbot.htm)" 
54.36.148.17 - - [27/Mar/2021:06:16:49 -0700] "GET /self.logs/access.log.2017-05-07.gz HTTP/1.1" 200 16666 "-" "Mozilla/5.0 (compatible; AhrefsBot/7.0; +http://ahrefs.com/robot/)" 
114.119.150.248 - - [27/Mar/2021:06:16:53 -0700] "GET /self.logs/2016/access.log.2016-11-25.gz HTTP/1.1" 200 16819 "-" "Mozilla/5.0 (Linux; Android 7.0;) AppleWebKit/537.36 (KHTML, like Gecko) Mobile Safari/537.36 (compatible; PetalBot;+https://aspiegel.com/petalbot)" 
54.36.149.27 - - [27/Mar/2021:06:18:38 -0700] "GET /self.logs/access.log.2020-01-02.gz HTTP/1.1" 200 29285 "-" "Mozilla/5.0 (compatible; AhrefsBot/7.0; +http://ahrefs.com/robot/)" 
54.36.149.4 - - [27/Mar/2021:06:20:29 -0700] "GET /self.logs/access.log.2020-04-20.gz HTTP/1.1" 200 18454 "-" "Mozilla/5.0 (compatible; AhrefsBot/7.0; +http://ahrefs.com/robot/)" 
54.36.148.17 - - [27/Mar/2021:06:22:17 -0700] "GET /self.logs/access.log.2019-09-25.gz HTTP/1.1" 200 17900 "-" "Mozilla/5.0 (compatible; AhrefsBot/7.0; +http://ahrefs.com/robot/)" 
114.119.144.30 - - [27/Mar/2021:06:23:12 -0700] "GET /self.logs/access.log.2018-07-10.gz HTTP/1.1" 200 34934 "-" "Mozilla/5.0 (Linux; Android 7.0;) AppleWebKit/537.36 (KHTML, like Gecko) Mobile Safari/537.36 (compatible; PetalBot;+https://aspiegel.com/petalbot)" 
54.36.148.17 - - [27/Mar/2021:06:24:07 -0700] "GET /self.logs/access.log.2017-10-29.gz HTTP/1.1" 200 18414 "-" "Mozilla/5.0 (compatible; AhrefsBot/7.0; +http://ahrefs.com/robot/)" 
54.36.149.61 - - [27/Mar/2021:06:26:12 -0700] "GET /self.logs/access.log.2018-09-17.gz HTTP/1.1" 200 30796 "-" "Mozilla/5.0 (compatible; AhrefsBot/7.0; +http://ahrefs.com/robot/)" 
54.36.149.4 - - [27/Mar/2021:06:28:03 -0700] "GET /self.logs/error.log.2017-12-04.gz HTTP/1.1" 200 1667 "-" "Mozilla/5.0 (compatible; AhrefsBot/7.0; +http://ahrefs.com/robot/)" 
114.119.140.84 - - [27/Mar/2021:06:28:41 -0700] "GET /self.logs/2015/error.log.2015-02-07.gz HTTP/1.1" 200 760 "-" "Mozilla/5.0 (Linux; Android 7.0;) AppleWebKit/537.36 (KHTML, like Gecko) Mobile Safari/537.36 (compatible; PetalBot;+https://aspiegel.com/petalbot)" 
54.36.148.17 - - [27/Mar/2021:06:29:49 -0700] "GET /self.logs/error.log.2019-08-19.gz HTTP/1.1" 200 1276 "-" "Mozilla/5.0 (compatible; AhrefsBot/7.0; +http://ahrefs.com/robot/)" 
54.36.149.61 - - [27/Mar/2021:06:31:38 -0700] "GET /self.logs/error.log.2017-11-07.gz HTTP/1.1" 200 2021 "-" "Mozilla/5.0 (compatible; AhrefsBot/7.0; +http://ahrefs.com/robot/)" 
54.36.148.17 - - [27/Mar/2021:06:33:24 -0700] "GET /self.logs/error.log.2017-04-14.gz HTTP/1.1" 200 1256 "-" "Mozilla/5.0 (compatible; AhrefsBot/7.0; +http://ahrefs.com/robot/)" 
114.119.141.53 - - [27/Mar/2021:06:33:59 -0700] "GET /self.logs/2016/access.log.2016-07-22.gz HTTP/1.1" 200 8204 "-" "Mozilla/5.0 (Linux; Android 7.0;) AppleWebKit/537.36 (KHTML, like Gecko) Mobile Safari/537.36 (compatible; PetalBot;+https://aspiegel.com/petalbot)" 
54.36.149.61 - - [27/Mar/2021:06:34:17 -0700] "GET /self.logs/access.log.2017-06-26.gz HTTP/1.1" 200 47648 "-" "Mozilla/5.0 (compatible; AhrefsBot/7.0; +http://ahrefs.com/robot/)" 
147.92.179.107 - - [27/Mar/2021:06:34:35 -0700] "GET /maccdc2012/conn.log.gz HTTP/1.1" 200 67160 "-" "facebookexternalhit/1.1;line-poker/1.0" 
147.92.179.119 - - [27/Mar/2021:06:34:35 -0700] "GET /maccdc2012/conn.log.gz HTTP/1.1" 200 67160 "-" "facebookexternalhit/1.1;line-poker/1.0" 
54.36.149.61 - - [27/Mar/2021:06:35:11 -0700] "GET /self.logs/error.log.2017-08-26.gz HTTP/1.1" 200 530 "-" "Mozilla/5.0 (compatible; AhrefsBot/7.0; +http://ahrefs.com/robot/)" 
54.36.148.17 - - [27/Mar/2021:06:36:01 -0700] "GET /self.logs/error.log.2017-06-18.gz HTTP/1.1" 200 1011 "-" "Mozilla/5.0 (compatible; AhrefsBot/7.0; +http://ahrefs.com/robot/)" 
54.36.148.17 - - [27/Mar/2021:06:36:51 -0700] "GET /self.logs/error.log.2017-09-12.gz HTTP/1.1" 200 1511 "-" "Mozilla/5.0 (compatible; AhrefsBot/7.0; +http://ahrefs.com/robot/)" 
54.36.148.253 - - [27/Mar/2021:06:37:41 -0700] "GET /self.logs/access.log.2018-09-05.gz HTTP/1.1" 200 24880 "-" "Mozilla/5.0 (compatible; AhrefsBot/7.0; +http://ahrefs.com/robot/)" 
54.36.148.17 - - [27/Mar/2021:06:38:34 -0700] "GET /self.logs/access.log.2017-07-24.gz HTTP/1.1" 200 35760 "-" "Mozilla/5.0 (compatible; AhrefsBot/7.0; +http://ahrefs.com/robot/)" 
54.36.149.61 - - [27/Mar/2021:06:39:19 -0700] "GET /self.logs/access.log.2019-09-26.gz HTTP/1.1" 200 17707 "-" "Mozilla/5.0 (compatible; AhrefsBot/7.0; +http://ahrefs.com/robot/)" 
114.119.157.43 - - [27/Mar/2021:06:40:06 -0700] "GET /self.logs/2015/access.log.2015-07-28.gz HTTP/1.1" 200 3774 "-" "Mozilla/5.0 (Linux; Android 7.0;) AppleWebKit/537.36 (KHTML, like Gecko) Mobile Safari/537.36 (compatible; PetalBot;+https://aspiegel.com/petalbot)" 
54.36.148.135 - - [27/Mar/2021:06:40:08 -0700] "GET /self.logs/error.log.2017-05-09.gz HTTP/1.1" 200 936 "-" "Mozilla/5.0 (compatible; AhrefsBot/7.0; +http://ahrefs.com/robot/)" 
54.36.149.61 - - [27/Mar/2021:06:40:58 -0700] "GET /self.logs/access.log.2017-03-25.gz HTTP/1.1" 200 13543 "-" "Mozilla/5.0 (compatible; AhrefsBot/7.0; +http://ahrefs.com/robot/)" 
54.36.148.128 - - [27/Mar/2021:06:41:50 -0700] "GET /self.logs/access.log.2018-05-25.gz HTTP/1.1" 200 18859 "-" "Mozilla/5.0 (compatible; AhrefsBot/7.0; +http://ahrefs.com/robot/)" 
54.36.148.53 - - [27/Mar/2021:06:42:43 -0700] "GET /self.logs/error.log.2017-02-15.gz HTTP/1.1" 200 842 "-" "Mozilla/5.0 (compatible; AhrefsBot/7.0; +http://ahrefs.com/robot/)" 
54.36.148.17 - - [27/Mar/2021:06:44:23 -0700] "GET /self.logs/error.log.2018-10-18.gz HTTP/1.1" 200 4359 "-" "Mozilla/5.0 (compatible; AhrefsBot/7.0; +http://ahrefs.com/robot/)" 
54.36.149.61 - - [27/Mar/2021:06:45:11 -0700] "GET /self.logs/error.log.2020-07-23.gz HTTP/1.1" 200 1147 "-" "Mozilla/5.0 (compatible; AhrefsBot/7.0; +http://ahrefs.com/robot/)" 
114.119.159.40 - - [27/Mar/2021:06:45:26 -0700] "GET /self.logs/error.log.2019-10-08.gz HTTP/1.1" 200 1290 "-" "Mozilla/5.0 (Linux; Android 7.0;) AppleWebKit/537.36 (KHTML, like Gecko) Mobile Safari/537.36 (compatible; PetalBot;+https://aspiegel.com/petalbot)" 
54.36.149.61 - - [27/Mar/2021:06:46:00 -0700] "GET /self.logs/error.log.2018-03-27.gz HTTP/1.1" 200 9516 "-" "Mozilla/5.0 (compatible; AhrefsBot/7.0; +http://ahrefs.com/robot/)" 
54.36.148.17 - - [27/Mar/2021:06:46:51 -0700] "GET /self.logs/error.log.2019-03-27.gz HTTP/1.1" 200 8297 "-" "Mozilla/5.0 (compatible; AhrefsBot/7.0; +http://ahrefs.com/robot/)" 
54.36.149.67 - - [27/Mar/2021:06:47:43 -0700] "GET /self.logs/error.log.2017-12-13.gz HTTP/1.1" 200 2037 "-" "Mozilla/5.0 (compatible; AhrefsBot/7.0; +http://ahrefs.com/robot/)" 
54.36.148.99 - - [27/Mar/2021:06:48:33 -0700] "GET /self.logs/access.log.2019-03-03.gz HTTP/1.1" 200 24316 "-" "Mozilla/5.0 (compatible; AhrefsBot/7.0; +http://ahrefs.com/robot/)" 
54.36.149.61 - - [27/Mar/2021:06:49:26 -0700] "GET /self.logs/error.log.2019-12-14.gz HTTP/1.1" 200 1318 "-" "Mozilla/5.0 (compatible; AhrefsBot/7.0; +http://ahrefs.com/robot/)" 
54.36.149.61 - - [27/Mar/2021:06:50:18 -0700] "GET /self.logs/error.log.2017-12-11.gz HTTP/1.1" 200 5186 "-" "Mozilla/5.0 (compatible; AhrefsBot/7.0; +http://ahrefs.com/robot/)" 
54.36.148.52 - - [27/Mar/2021:06:51:18 -0700] "GET /self.logs/access.log.2017-10-26.gz HTTP/1.1" 200 18336 "-" "Mozilla/5.0 (compatible; AhrefsBot/7.0; +http://ahrefs.com/robot/)" 
114.119.140.84 - - [27/Mar/2021:06:51:19 -0700] "GET /self.logs/2015/access.log.2015-01-30.gz HTTP/1.1" 200 6325 "-" "Mozilla/5.0 (Linux; Android 7.0;) AppleWebKit/537.36 (KHTML, like Gecko) Mobile Safari/537.36 (compatible; PetalBot;+https://aspiegel.com/petalbot)" 
54.36.148.17 - - [27/Mar/2021:06:52:34 -0700] "GET /self.logs/error.log.2018-08-30.gz HTTP/1.1" 200 5632 "-" "Mozilla/5.0 (compatible; AhrefsBot/7.0; +http://ahrefs.com/robot/)" 
54.36.148.156 - - [27/Mar/2021:06:54:12 -0700] "GET /self.logs/access.log.2020-03-19.gz HTTP/1.1" 200 18686 "-" "Mozilla/5.0 (compatible; AhrefsBot/7.0; +http://ahrefs.com/robot/)" 
54.36.148.17 - - [27/Mar/2021:06:56:16 -0700] "GET /self.logs/error.log.2018-10-31.gz HTTP/1.1" 200 5560 "-" "Mozilla/5.0 (compatible; AhrefsBot/7.0; +http://ahrefs.com/robot/)" 
114.119.140.84 - - [27/Mar/2021:06:57:02 -0700] "GET /self.logs/2015/access.log.2015-06-26.gz HTTP/1.1" 200 4128 "-" "Mozilla/5.0 (Linux; Android 7.0;) AppleWebKit/537.36 (KHTML, like Gecko) Mobile Safari/537.36 (compatible; PetalBot;+https://aspiegel.com/petalbot)" 
54.36.149.61 - - [27/Mar/2021:06:57:16 -0700] "GET /self.logs/error.log.2018-09-13.gz HTTP/1.1" 200 5964 "-" "Mozilla/5.0 (compatible; AhrefsBot/7.0; +http://ahrefs.com/robot/)" 
54.36.149.61 - - [27/Mar/2021:06:58:08 -0700] "GET /self.logs/access.log.2017-12-04.gz HTTP/1.1" 200 24655 "-" "Mozilla/5.0 (compatible; AhrefsBot/7.0; +http://ahrefs.com/robot/)" 
54.36.149.61 - - [27/Mar/2021:06:58:55 -0700] "GET /self.logs/access.log.2020-05-27.gz HTTP/1.1" 200 22227 "-" "Mozilla/5.0 (compatible; AhrefsBot/7.0; +http://ahrefs.com/robot/)" 
54.205.233.227 - - [27/Mar/2021:06:59:23 -0700] "GET / HTTP/1.1" 200 12838 "-" "Mozilla/5.0 (compatible; startmebot/1.0; +https://start.me/bot)" 
54.36.149.8 - - [27/Mar/2021:06:59:46 -0700] "GET /self.logs/access.log.2018-09-10.gz HTTP/1.1" 200 38852 "-" "Mozilla/5.0 (compatible; AhrefsBot/7.0; +http://ahrefs.com/robot/)" 
54.36.148.162 - - [27/Mar/2021:07:00:33 -0700] "GET /self.logs/error.log.2019-01-16.gz HTTP/1.1" 200 6220 "-" "Mozilla/5.0 (compatible; AhrefsBot/7.0; +http://ahrefs.com/robot/)" 
54.36.149.92 - - [27/Mar/2021:07:01:23 -0700] "GET /self.logs/access.log.2018-12-17.gz HTTP/1.1" 200 23527 "-" "Mozilla/5.0 (compatible; AhrefsBot/7.0; +http://ahrefs.com/robot/)" 
54.36.149.61 - - [27/Mar/2021:07:02:15 -0700] "GET /self.logs/error.log.2017-03-30.gz HTTP/1.1" 200 1113 "-" "Mozilla/5.0 (compatible; AhrefsBot/7.0; +http://ahrefs.com/robot/)" 
114.119.159.101 - - [27/Mar/2021:07:02:39 -0700] "GET /self.logs/2015/error.log.2015-01-21.gz HTTP/1.1" 200 679 "-" "Mozilla/5.0 (Linux; Android 7.0;) AppleWebKit/537.36 (KHTML, like Gecko) Mobile Safari/537.36 (compatible; PetalBot;+https://aspiegel.com/petalbot)" 
40.77.167.15 - - [27/Mar/2021:07:02:45 -0700] "GET /self.logs/access.log.2018-03-31.gz HTTP/1.1" 304 280 "-" "Mozilla/5.0 (compatible; bingbot/2.0; +http://www.bing.com/bingbot.htm)" 
54.36.149.61 - - [27/Mar/2021:07:04:06 -0700] "GET /self.logs/error.log.2020-08-19 HTTP/1.1" 200 307 "-" "Mozilla/5.0 (compatible; AhrefsBot/7.0; +http://ahrefs.com/robot/)" 
54.36.149.43 - - [27/Mar/2021:07:04:54 -0700] "GET /self.logs/error.log.2019-02-28.gz HTTP/1.1" 200 6170 "-" "Mozilla/5.0 (compatible; AhrefsBot/7.0; +http://ahrefs.com/robot/)" 
54.36.148.17 - - [27/Mar/2021:07:05:43 -0700] "GET /self.logs/access.log.2020-10-27.gz HTTP/1.1" 200 36935 "-" "Mozilla/5.0 (compatible; AhrefsBot/7.0; +http://ahrefs.com/robot/)" 
112.87.205.93 - - [27/Mar/2021:07:06:15 -0700] "GET /favicon.ico HTTP/1.1" 200 391 "-" "Mozilla/5.0 (Windows NT 10.0; WOW64) AppleWebKit/537.36 (KHTML, like Gecko) Chrome/86.0.4240.198 Safari/537.36" 
54.36.148.17 - - [27/Mar/2021:07:06:30 -0700] "GET /self.logs/error.log.2018-12-25.gz HTTP/1.1" 200 5931 "-" "Mozilla/5.0 (compatible; AhrefsBot/7.0; +http://ahrefs.com/robot/)" 
54.36.148.137 - - [27/Mar/2021:07:07:23 -0700] "GET /self.logs/access.log.2020-01-18.gz HTTP/1.1" 200 11188 "-" "Mozilla/5.0 (compatible; AhrefsBot/7.0; +http://ahrefs.com/robot/)" 
54.36.149.61 - - [27/Mar/2021:07:08:11 -0700] "GET /self.logs/access.log.2017-09-30.gz HTTP/1.1" 200 19271 "-" "Mozilla/5.0 (compatible; AhrefsBot/7.0; +http://ahrefs.com/robot/)" 
114.119.141.53 - - [27/Mar/2021:07:08:18 -0700] "GET /self.logs/error.log.2020-05-19 HTTP/1.1" 200 351 "-" "Mozilla/5.0 (Linux; Android 7.0;) AppleWebKit/537.36 (KHTML, like Gecko) Mobile Safari/537.36 (compatible; PetalBot;+https://aspiegel.com/petalbot)" 
54.36.148.17 - - [27/Mar/2021:07:08:55 -0700] "GET /self.logs/access.log.2019-11-27.gz HTTP/1.1" 200 73000 "-" "Mozilla/5.0 (compatible; AhrefsBot/7.0; +http://ahrefs.com/robot/)" 
221.213.20.57 - - [27/Mar/2021:07:09:33 -0700] "GET /honeypot/honeypot.json.zip HTTP/1.1" 206 262597 "-" "Mozilla/5.0 (Linux; Android) AppleWebKit/537.36 (KHTML, like Gecko) Chrome/34.0.1847.131 Safari/537.36" 
221.213.20.57 - - [27/Mar/2021:07:09:33 -0700] "GET /honeypot/honeypot.json.zip HTTP/1.1" 206 262597 "-" "Mozilla/5.0 (Linux; Android) AppleWebKit/537.36 (KHTML, like Gecko) Chrome/34.0.1847.131 Safari/537.36" 
221.213.20.57 - - [27/Mar/2021:07:09:41 -0700] "GET /honeypot/honeypot.json.zip HTTP/1.1" 206 262597 "-" "Mozilla/5.0 (Linux; Android) AppleWebKit/537.36 (KHTML, like Gecko) Chrome/34.0.1847.131 Safari/537.36" 
221.213.20.57 - - [27/Mar/2021:07:09:33 -0700] "GET /honeypot/honeypot.json.zip HTTP/1.1" 206 262597 "-" "Mozilla/5.0 (Linux; Android) AppleWebKit/537.36 (KHTML, like Gecko) Chrome/34.0.1847.131 Safari/537.36" 
54.36.149.61 - - [27/Mar/2021:07:09:46 -0700] "GET /self.logs/access.log.2020-10-31.gz HTTP/1.1" 200 11713 "-" "Mozilla/5.0 (compatible; AhrefsBot/7.0; +http://ahrefs.com/robot/)" 
221.213.20.57 - - [27/Mar/2021:07:09:33 -0700] "GET /honeypot/honeypot.json.zip HTTP/1.1" 206 262597 "-" "Mozilla/5.0 (Linux; Android) AppleWebKit/537.36 (KHTML, like Gecko) Chrome/34.0.1847.131 Safari/537.36" 
221.213.20.57 - - [27/Mar/2021:07:09:45 -0700] "GET /honeypot/honeypot.json.zip HTTP/1.1" 206 262597 "-" "Mozilla/5.0 (Linux; Android) AppleWebKit/537.36 (KHTML, like Gecko) Chrome/34.0.1847.131 Safari/537.36" 
221.213.20.57 - - [27/Mar/2021:07:09:43 -0700] "GET /honeypot/honeypot.json.zip HTTP/1.1" 206 262597 "-" "Mozilla/5.0 (Linux; Android) AppleWebKit/537.36 (KHTML, like Gecko) Chrome/34.0.1847.131 Safari/537.36" 
221.213.20.57 - - [27/Mar/2021:07:09:51 -0700] "GET /honeypot/honeypot.json.zip HTTP/1.1" 206 262597 "-" "Mozilla/5.0 (Linux; Android) AppleWebKit/537.36 (KHTML, like Gecko) Chrome/34.0.1847.131 Safari/537.36" 
221.213.20.57 - - [27/Mar/2021:07:09:53 -0700] "GET /honeypot/honeypot.json.zip HTTP/1.1" 206 262597 "-" "Mozilla/5.0 (Linux; Android) AppleWebKit/537.36 (KHTML, like Gecko) Chrome/34.0.1847.131 Safari/537.36" 
221.213.20.57 - - [27/Mar/2021:07:10:02 -0700] "GET /honeypot/honeypot.json.zip HTTP/1.1" 206 262597 "-" "Mozilla/5.0 (Linux; Android) AppleWebKit/537.36 (KHTML, like Gecko) Chrome/34.0.1847.131 Safari/537.36" 
221.213.20.57 - - [27/Mar/2021:07:10:11 -0700] "GET /honeypot/honeypot.json.zip HTTP/1.1" 206 262597 "-" "Mozilla/5.0 (Linux; Android) AppleWebKit/537.36 (KHTML, like Gecko) Chrome/34.0.1847.131 Safari/537.36" 
221.213.20.57 - - [27/Mar/2021:07:10:16 -0700] "GET /honeypot/honeypot.json.zip HTTP/1.1" 206 262597 "-" "Mozilla/5.0 (Linux; Android) AppleWebKit/537.36 (KHTML, like Gecko) Chrome/34.0.1847.131 Safari/537.36" 
221.213.20.57 - - [27/Mar/2021:07:10:07 -0700] "GET /honeypot/honeypot.json.zip HTTP/1.1" 206 262597 "-" "Mozilla/5.0 (Linux; Android) AppleWebKit/537.36 (KHTML, like Gecko) Chrome/34.0.1847.131 Safari/537.36" 
54.36.148.138 - - [27/Mar/2021:07:10:43 -0700] "GET / HTTP/1.1" 200 12838 "-" "Mozilla/5.0 (compatible; AhrefsBot/7.0; +http://ahrefs.com/robot/)" 
221.213.20.57 - - [27/Mar/2021:07:10:34 -0700] "GET /honeypot/honeypot.json.zip HTTP/1.1" 206 262597 "-" "Mozilla/5.0 (Linux; Android) AppleWebKit/537.36 (KHTML, like Gecko) Chrome/34.0.1847.131 Safari/537.36" 
221.213.20.57 - - [27/Mar/2021:07:10:27 -0700] "GET /honeypot/honeypot.json.zip HTTP/1.1" 206 262597 "-" "Mozilla/5.0 (Linux; Android) AppleWebKit/537.36 (KHTML, like Gecko) Chrome/34.0.1847.131 Safari/537.36" 
221.213.20.57 - - [27/Mar/2021:07:10:29 -0700] "GET /honeypot/honeypot.json.zip HTTP/1.1" 206 262597 "-" "Mozilla/5.0 (Linux; Android) AppleWebKit/537.36 (KHTML, like Gecko) Chrome/34.0.1847.131 Safari/537.36" 
221.213.20.57 - - [27/Mar/2021:07:10:32 -0700] "GET /honeypot/honeypot.json.zip HTTP/1.1" 206 262597 "-" "Mozilla/5.0 (Linux; Android) AppleWebKit/537.36 (KHTML, like Gecko) Chrome/34.0.1847.131 Safari/537.36" 
221.213.20.57 - - [27/Mar/2021:07:10:52 -0700] "GET /honeypot/honeypot.json.zip HTTP/1.1" 206 262597 "-" "Mozilla/5.0 (Linux; Android) AppleWebKit/537.36 (KHTML, like Gecko) Chrome/34.0.1847.131 Safari/537.36" 
221.213.20.57 - - [27/Mar/2021:07:10:56 -0700] "GET /honeypot/honeypot.json.zip HTTP/1.1" 206 262597 "-" "Mozilla/5.0 (Linux; Android) AppleWebKit/537.36 (KHTML, like Gecko) Chrome/34.0.1847.131 Safari/537.36" 
221.213.20.57 - - [27/Mar/2021:07:10:50 -0700] "GET /honeypot/honeypot.json.zip HTTP/1.1" 206 262597 "-" "Mozilla/5.0 (Linux; Android) AppleWebKit/537.36 (KHTML, like Gecko) Chrome/34.0.1847.131 Safari/537.36" 
221.213.20.57 - - [27/Mar/2021:07:10:53 -0700] "GET /honeypot/honeypot.json.zip HTTP/1.1" 206 262597 "-" "Mozilla/5.0 (Linux; Android) AppleWebKit/537.36 (KHTML, like Gecko) Chrome/34.0.1847.131 Safari/537.36" 
221.213.20.57 - - [27/Mar/2021:07:11:10 -0700] "GET /honeypot/honeypot.json.zip HTTP/1.1" 206 262597 "-" "Mozilla/5.0 (Linux; Android) AppleWebKit/537.36 (KHTML, like Gecko) Chrome/34.0.1847.131 Safari/537.36" 
221.213.20.57 - - [27/Mar/2021:07:11:12 -0700] "GET /honeypot/honeypot.json.zip HTTP/1.1" 206 262597 "-" "Mozilla/5.0 (Linux; Android) AppleWebKit/537.36 (KHTML, like Gecko) Chrome/34.0.1847.131 Safari/537.36" 
221.213.20.57 - - [27/Mar/2021:07:11:16 -0700] "GET /honeypot/honeypot.json.zip HTTP/1.1" 206 262597 "-" "Mozilla/5.0 (Linux; Android) AppleWebKit/537.36 (KHTML, like Gecko) Chrome/34.0.1847.131 Safari/537.36" 
221.213.20.57 - - [27/Mar/2021:07:11:17 -0700] "GET /honeypot/honeypot.json.zip HTTP/1.1" 206 262597 "-" "Mozilla/5.0 (Linux; Android) AppleWebKit/537.36 (KHTML, like Gecko) Chrome/34.0.1847.131 Safari/537.36" 
221.213.20.57 - - [27/Mar/2021:07:11:33 -0700] "GET /honeypot/honeypot.json.zip HTTP/1.1" 206 262597 "-" "Mozilla/5.0 (Linux; Android) AppleWebKit/537.36 (KHTML, like Gecko) Chrome/34.0.1847.131 Safari/537.36" 
221.213.20.57 - - [27/Mar/2021:07:11:37 -0700] "GET /honeypot/honeypot.json.zip HTTP/1.1" 206 262597 "-" "Mozilla/5.0 (Linux; Android) AppleWebKit/537.36 (KHTML, like Gecko) Chrome/34.0.1847.131 Safari/537.36" 
221.213.20.57 - - [27/Mar/2021:07:11:38 -0700] "GET /honeypot/honeypot.json.zip HTTP/1.1" 206 262597 "-" "Mozilla/5.0 (Linux; Android) AppleWebKit/537.36 (KHTML, like Gecko) Chrome/34.0.1847.131 Safari/537.36" 
221.213.20.57 - - [27/Mar/2021:07:11:38 -0700] "GET /honeypot/honeypot.json.zip HTTP/1.1" 206 262597 "-" "Mozilla/5.0 (Linux; Android) AppleWebKit/537.36 (KHTML, like Gecko) Chrome/34.0.1847.131 Safari/537.36" 
221.213.20.57 - - [27/Mar/2021:07:11:50 -0700] "GET /honeypot/honeypot.json.zip HTTP/1.1" 206 262597 "-" "Mozilla/5.0 (Linux; Android) AppleWebKit/537.36 (KHTML, like Gecko) Chrome/34.0.1847.131 Safari/537.36" 
221.213.20.57 - - [27/Mar/2021:07:11:53 -0700] "GET /honeypot/honeypot.json.zip HTTP/1.1" 206 262598 "-" "Mozilla/5.0 (Linux; Android) AppleWebKit/537.36 (KHTML, like Gecko) Chrome/34.0.1847.131 Safari/537.36" 
221.213.20.57 - - [27/Mar/2021:07:11:55 -0700] "GET /honeypot/honeypot.json.zip HTTP/1.1" 206 262599 "-" "Mozilla/5.0 (Linux; Android) AppleWebKit/537.36 (KHTML, like Gecko) Chrome/34.0.1847.131 Safari/537.36" 
221.213.20.57 - - [27/Mar/2021:07:12:00 -0700] "GET /honeypot/honeypot.json.zip HTTP/1.1" 206 262599 "-" "Mozilla/5.0 (Linux; Android) AppleWebKit/537.36 (KHTML, like Gecko) Chrome/34.0.1847.131 Safari/537.36" 
221.213.20.57 - - [27/Mar/2021:07:09:33 -0700] "GET /honeypot/honeypot.json.zip HTTP/1.1" 200 2198880 "-" "Mozilla/5.0 (Linux; Android) AppleWebKit/537.36 (KHTML, like Gecko) Chrome/34.0.1847.131 Safari/537.36" 
221.213.20.57 - - [27/Mar/2021:07:12:18 -0700] "GET /honeypot/honeypot.json.zip HTTP/1.1" 206 262599 "-" "Mozilla/5.0 (Linux; Android) AppleWebKit/537.36 (KHTML, like Gecko) Chrome/34.0.1847.131 Safari/537.36" 
54.36.148.17 - - [27/Mar/2021:07:12:35 -0700] "GET /self.logs/error.log.2019-08-27.gz HTTP/1.1" 200 1800 "-" "Mozilla/5.0 (compatible; AhrefsBot/7.0; +http://ahrefs.com/robot/)" 
221.213.20.57 - - [27/Mar/2021:07:12:17 -0700] "GET /honeypot/honeypot.json.zip HTTP/1.1" 206 262599 "-" "Mozilla/5.0 (Linux; Android) AppleWebKit/537.36 (KHTML, like Gecko) Chrome/34.0.1847.131 Safari/537.36" 
221.213.20.57 - - [27/Mar/2021:07:12:14 -0700] "GET /honeypot/honeypot.json.zip HTTP/1.1" 206 262599 "-" "Mozilla/5.0 (Linux; Android) AppleWebKit/537.36 (KHTML, like Gecko) Chrome/34.0.1847.131 Safari/537.36" 
221.213.20.57 - - [27/Mar/2021:07:12:18 -0700] "GET /honeypot/honeypot.json.zip HTTP/1.1" 206 262599 "-" "Mozilla/5.0 (Linux; Android) AppleWebKit/537.36 (KHTML, like Gecko) Chrome/34.0.1847.131 Safari/537.36" 
221.213.20.57 - - [27/Mar/2021:07:12:19 -0700] "GET /honeypot/honeypot.json.zip HTTP/1.1" 206 262599 "-" "Mozilla/5.0 (Linux; Android) AppleWebKit/537.36 (KHTML, like Gecko) Chrome/34.0.1847.131 Safari/537.36" 
221.213.20.57 - - [27/Mar/2021:07:12:42 -0700] "GET /honeypot/honeypot.json.zip HTTP/1.1" 206 262599 "-" "Mozilla/5.0 (Linux; Android) AppleWebKit/537.36 (KHTML, like Gecko) Chrome/34.0.1847.131 Safari/537.36" 
221.213.20.57 - - [27/Mar/2021:07:12:39 -0700] "GET /honeypot/honeypot.json.zip HTTP/1.1" 206 262599 "-" "Mozilla/5.0 (Linux; Android) AppleWebKit/537.36 (KHTML, like Gecko) Chrome/34.0.1847.131 Safari/537.36" 
221.213.20.57 - - [27/Mar/2021:07:12:41 -0700] "GET /honeypot/honeypot.json.zip HTTP/1.1" 206 262599 "-" "Mozilla/5.0 (Linux; Android) AppleWebKit/537.36 (KHTML, like Gecko) Chrome/34.0.1847.131 Safari/537.36" 
221.213.20.57 - - [27/Mar/2021:07:12:41 -0700] "GET /honeypot/honeypot.json.zip HTTP/1.1" 206 262599 "-" "Mozilla/5.0 (Linux; Android) AppleWebKit/537.36 (KHTML, like Gecko) Chrome/34.0.1847.131 Safari/537.36" 
221.213.20.57 - - [27/Mar/2021:07:12:41 -0700] "GET /honeypot/honeypot.json.zip HTTP/1.1" 206 262599 "-" "Mozilla/5.0 (Linux; Android) AppleWebKit/537.36 (KHTML, like Gecko) Chrome/34.0.1847.131 Safari/537.36" 
221.213.20.57 - - [27/Mar/2021:07:13:01 -0700] "GET /honeypot/honeypot.json.zip HTTP/1.1" 206 262599 "-" "Mozilla/5.0 (Linux; Android) AppleWebKit/537.36 (KHTML, like Gecko) Chrome/34.0.1847.131 Safari/537.36" 
221.213.20.57 - - [27/Mar/2021:07:13:01 -0700] "GET /honeypot/honeypot.json.zip HTTP/1.1" 206 262599 "-" "Mozilla/5.0 (Linux; Android) AppleWebKit/537.36 (KHTML, like Gecko) Chrome/34.0.1847.131 Safari/537.36" 
221.213.20.57 - - [27/Mar/2021:07:13:09 -0700] "GET /honeypot/honeypot.json.zip HTTP/1.1" 206 262599 "-" "Mozilla/5.0 (Linux; Android) AppleWebKit/537.36 (KHTML, like Gecko) Chrome/34.0.1847.131 Safari/537.36" 
221.213.20.57 - - [27/Mar/2021:07:13:03 -0700] "GET /honeypot/honeypot.json.zip HTTP/1.1" 206 262599 "-" "Mozilla/5.0 (Linux; Android) AppleWebKit/537.36 (KHTML, like Gecko) Chrome/34.0.1847.131 Safari/537.36" 
221.213.20.57 - - [27/Mar/2021:07:13:04 -0700] "GET /honeypot/honeypot.json.zip HTTP/1.1" 206 262599 "-" "Mozilla/5.0 (Linux; Android) AppleWebKit/537.36 (KHTML, like Gecko) Chrome/34.0.1847.131 Safari/537.36" 
221.213.20.57 - - [27/Mar/2021:07:13:16 -0700] "GET /honeypot/honeypot.json.zip HTTP/1.1" 206 262599 "-" "Mozilla/5.0 (Linux; Android) AppleWebKit/537.36 (KHTML, like Gecko) Chrome/34.0.1847.131 Safari/537.36" 
221.213.20.57 - - [27/Mar/2021:07:13:26 -0700] "GET /honeypot/honeypot.json.zip HTTP/1.1" 206 262599 "-" "Mozilla/5.0 (Linux; Android) AppleWebKit/537.36 (KHTML, like Gecko) Chrome/34.0.1847.131 Safari/537.36" 
221.213.20.57 - - [27/Mar/2021:07:13:23 -0700] "GET /honeypot/honeypot.json.zip HTTP/1.1" 206 262599 "-" "Mozilla/5.0 (Linux; Android) AppleWebKit/537.36 (KHTML, like Gecko) Chrome/34.0.1847.131 Safari/537.36" 
221.213.20.57 - - [27/Mar/2021:07:13:28 -0700] "GET /honeypot/honeypot.json.zip HTTP/1.1" 206 262599 "-" "Mozilla/5.0 (Linux; Android) AppleWebKit/537.36 (KHTML, like Gecko) Chrome/34.0.1847.131 Safari/537.36" 
221.213.20.57 - - [27/Mar/2021:07:13:38 -0700] "GET /honeypot/honeypot.json.zip HTTP/1.1" 206 262599 "-" "Mozilla/5.0 (Linux; Android) AppleWebKit/537.36 (KHTML, like Gecko) Chrome/34.0.1847.131 Safari/537.36" 
221.213.20.57 - - [27/Mar/2021:07:13:28 -0700] "GET /honeypot/honeypot.json.zip HTTP/1.1" 206 262599 "-" "Mozilla/5.0 (Linux; Android) AppleWebKit/537.36 (KHTML, like Gecko) Chrome/34.0.1847.131 Safari/537.36" 
221.213.20.57 - - [27/Mar/2021:07:13:45 -0700] "GET /honeypot/honeypot.json.zip HTTP/1.1" 206 262599 "-" "Mozilla/5.0 (Linux; Android) AppleWebKit/537.36 (KHTML, like Gecko) Chrome/34.0.1847.131 Safari/537.36" 
221.213.20.57 - - [27/Mar/2021:07:13:35 -0700] "GET /honeypot/honeypot.json.zip HTTP/1.1" 206 262599 "-" "Mozilla/5.0 (Linux; Android) AppleWebKit/537.36 (KHTML, like Gecko) Chrome/34.0.1847.131 Safari/537.36" 
221.213.20.57 - - [27/Mar/2021:07:13:49 -0700] "GET /honeypot/honeypot.json.zip HTTP/1.1" 206 262599 "-" "Mozilla/5.0 (Linux; Android) AppleWebKit/537.36 (KHTML, like Gecko) Chrome/34.0.1847.131 Safari/537.36" 
221.213.20.57 - - [27/Mar/2021:07:14:04 -0700] "GET /honeypot/honeypot.json.zip HTTP/1.1" 206 131527 "-" "Mozilla/5.0 (Linux; Android) AppleWebKit/537.36 (KHTML, like Gecko) Chrome/34.0.1847.131 Safari/537.36" 
221.213.20.57 - - [27/Mar/2021:07:13:51 -0700] "GET /honeypot/honeypot.json.zip HTTP/1.1" 206 262599 "-" "Mozilla/5.0 (Linux; Android) AppleWebKit/537.36 (KHTML, like Gecko) Chrome/34.0.1847.131 Safari/537.36" 
221.213.20.57 - - [27/Mar/2021:07:14:02 -0700] "GET /honeypot/honeypot.json.zip HTTP/1.1" 206 262599 "-" "Mozilla/5.0 (Linux; Android) AppleWebKit/537.36 (KHTML, like Gecko) Chrome/34.0.1847.131 Safari/537.36" 
221.213.20.57 - - [27/Mar/2021:07:14:01 -0700] "GET /honeypot/honeypot.json.zip HTTP/1.1" 206 262599 "-" "Mozilla/5.0 (Linux; Android) AppleWebKit/537.36 (KHTML, like Gecko) Chrome/34.0.1847.131 Safari/537.36" 
221.213.20.57 - - [27/Mar/2021:07:13:56 -0700] "GET /honeypot/honeypot.json.zip HTTP/1.1" 206 262599 "-" "Mozilla/5.0 (Linux; Android) AppleWebKit/537.36 (KHTML, like Gecko) Chrome/34.0.1847.131 Safari/537.36" 
54.36.149.61 - - [27/Mar/2021:07:14:21 -0700] "GET /self.logs/access.log.2018-03-14.gz HTTP/1.1" 200 54747 "-" "Mozilla/5.0 (compatible; AhrefsBot/7.0; +http://ahrefs.com/robot/)" 
221.213.20.57 - - [27/Mar/2021:07:14:12 -0700] "GET /honeypot/honeypot.json.zip HTTP/1.1" 206 262599 "-" "Mozilla/5.0 (Linux; Android) AppleWebKit/537.36 (KHTML, like Gecko) Chrome/34.0.1847.131 Safari/537.36" 
221.213.20.57 - - [27/Mar/2021:07:14:14 -0700] "GET /honeypot/honeypot.json.zip HTTP/1.1" 206 262599 "-" "Mozilla/5.0 (Linux; Android) AppleWebKit/537.36 (KHTML, like Gecko) Chrome/34.0.1847.131 Safari/537.36" 
221.213.20.57 - - [27/Mar/2021:07:14:23 -0700] "GET /honeypot/honeypot.json.zip HTTP/1.1" 206 262599 "-" "Mozilla/5.0 (Linux; Android) AppleWebKit/537.36 (KHTML, like Gecko) Chrome/34.0.1847.131 Safari/537.36" 
221.213.20.57 - - [27/Mar/2021:07:14:21 -0700] "GET /honeypot/honeypot.json.zip HTTP/1.1" 206 262599 "-" "Mozilla/5.0 (Linux; Android) AppleWebKit/537.36 (KHTML, like Gecko) Chrome/34.0.1847.131 Safari/537.36" 
221.213.20.57 - - [27/Mar/2021:07:14:25 -0700] "GET /honeypot/honeypot.json.zip HTTP/1.1" 206 262599 "-" "Mozilla/5.0 (Linux; Android) AppleWebKit/537.36 (KHTML, like Gecko) Chrome/34.0.1847.131 Safari/537.36" 
221.213.20.57 - - [27/Mar/2021:07:14:24 -0700] "GET /honeypot/honeypot.json.zip HTTP/1.1" 206 262599 "-" "Mozilla/5.0 (Linux; Android) AppleWebKit/537.36 (KHTML, like Gecko) Chrome/34.0.1847.131 Safari/537.36" 
221.213.20.57 - - [27/Mar/2021:07:14:48 -0700] "GET /honeypot/honeypot.json.zip HTTP/1.1" 206 131527 "-" "Mozilla/5.0 (Linux; Android) AppleWebKit/537.36 (KHTML, like Gecko) Chrome/34.0.1847.131 Safari/537.36" 
221.213.20.57 - - [27/Mar/2021:07:14:31 -0700] "GET /honeypot/honeypot.json.zip HTTP/1.1" 206 262599 "-" "Mozilla/5.0 (Linux; Android) AppleWebKit/537.36 (KHTML, like Gecko) Chrome/34.0.1847.131 Safari/537.36" 
221.213.20.57 - - [27/Mar/2021:07:14:43 -0700] "GET /honeypot/honeypot.json.zip HTTP/1.1" 206 262599 "-" "Mozilla/5.0 (Linux; Android) AppleWebKit/537.36 (KHTML, like Gecko) Chrome/34.0.1847.131 Safari/537.36" 
221.213.20.57 - - [27/Mar/2021:07:14:43 -0700] "GET /honeypot/honeypot.json.zip HTTP/1.1" 206 262599 "-" "Mozilla/5.0 (Linux; Android) AppleWebKit/537.36 (KHTML, like Gecko) Chrome/34.0.1847.131 Safari/537.36" 
221.213.20.57 - - [27/Mar/2021:07:14:52 -0700] "GET /honeypot/honeypot.json.zip HTTP/1.1" 206 131527 "-" "Mozilla/5.0 (Linux; Android) AppleWebKit/537.36 (KHTML, like Gecko) Chrome/34.0.1847.131 Safari/537.36" 
221.213.20.57 - - [27/Mar/2021:07:14:56 -0700] "GET /honeypot/honeypot.json.zip HTTP/1.1" 206 8645 "-" "Mozilla/5.0 (Linux; Android) AppleWebKit/537.36 (KHTML, like Gecko) Chrome/34.0.1847.131 Safari/537.36" 
221.213.20.57 - - [27/Mar/2021:07:14:57 -0700] "GET /honeypot/honeypot.json.zip HTTP/1.1" 206 8645 "-" "Mozilla/5.0 (Linux; Android) AppleWebKit/537.36 (KHTML, like Gecko) Chrome/34.0.1847.131 Safari/537.36" 
221.213.20.57 - - [27/Mar/2021:07:14:58 -0700] "GET /honeypot/honeypot.json.zip HTTP/1.1" 206 8645 "-" "Mozilla/5.0 (Linux; Android) AppleWebKit/537.36 (KHTML, like Gecko) Chrome/34.0.1847.131 Safari/537.36" 
221.213.20.57 - - [27/Mar/2021:07:14:58 -0700] "GET /honeypot/honeypot.json.zip HTTP/1.1" 206 16838 "-" "Mozilla/5.0 (Linux; Android) AppleWebKit/537.36 (KHTML, like Gecko) Chrome/34.0.1847.131 Safari/537.36" 
221.213.20.57 - - [27/Mar/2021:07:14:58 -0700] "GET /honeypot/honeypot.json.zip HTTP/1.1" 206 16838 "-" "Mozilla/5.0 (Linux; Android) AppleWebKit/537.36 (KHTML, like Gecko) Chrome/34.0.1847.131 Safari/537.36" 
221.213.20.57 - - [27/Mar/2021:07:14:59 -0700] "GET /honeypot/honeypot.json.zip HTTP/1.1" 206 8645 "-" "Mozilla/5.0 (Linux; Android) AppleWebKit/537.36 (KHTML, like Gecko) Chrome/34.0.1847.131 Safari/537.36" 
221.213.20.57 - - [27/Mar/2021:07:14:42 -0700] "GET /honeypot/honeypot.json.zip HTTP/1.1" 206 262599 "-" "Mozilla/5.0 (Linux; Android) AppleWebKit/537.36 (KHTML, like Gecko) Chrome/34.0.1847.131 Safari/537.36" 
221.213.20.57 - - [27/Mar/2021:07:15:00 -0700] "GET /honeypot/honeypot.json.zip HTTP/1.1" 206 8645 "-" "Mozilla/5.0 (Linux; Android) AppleWebKit/537.36 (KHTML, like Gecko) Chrome/34.0.1847.131 Safari/537.36" 
221.213.20.57 - - [27/Mar/2021:07:15:00 -0700] "GET /honeypot/honeypot.json.zip HTTP/1.1" 206 3660 "-" "Mozilla/5.0 (Linux; Android) AppleWebKit/537.36 (KHTML, like Gecko) Chrome/34.0.1847.131 Safari/537.36" 
221.213.20.57 - - [27/Mar/2021:07:15:02 -0700] "GET /honeypot/honeypot.json.zip HTTP/1.1" 206 8645 "-" "Mozilla/5.0 (Linux; Android) AppleWebKit/537.36 (KHTML, like Gecko) Chrome/34.0.1847.131 Safari/537.36" 
114.119.144.30 - - [27/Mar/2021:07:15:07 -0700] "GET /self.logs/access.log.2019-08-10.gz HTTP/1.1" 200 14930 "-" "Mozilla/5.0 (Linux; Android 7.0;) AppleWebKit/537.36 (KHTML, like Gecko) Mobile Safari/537.36 (compatible; PetalBot;+https://aspiegel.com/petalbot)" 
54.36.148.17 - - [27/Mar/2021:07:16:10 -0700] "GET /self.logs/error.log.2020-08-21 HTTP/1.1" 200 307 "-" "Mozilla/5.0 (compatible; AhrefsBot/7.0; +http://ahrefs.com/robot/)" 
66.249.64.157 - - [27/Mar/2021:07:16:25 -0700] "GET /Datasets%20Description/HTML_Bro_log_2 HTTP/1.1" 301 619 "-" "Mozilla/5.0 (compatible; Googlebot/2.1; +http://www.google.com/bot.html)" 
66.249.64.155 - - [27/Mar/2021:07:16:26 -0700] "GET /Datasets%20Description/HTML_Bro_log_2/ HTTP/1.1" 200 832 "-" "Mozilla/5.0 (compatible; Googlebot/2.1; +http://www.google.com/bot.html)" 
54.36.148.82 - - [27/Mar/2021:07:17:57 -0700] "GET /self.logs/access.log.2018-05-16.gz HTTP/1.1" 200 60599 "-" "Mozilla/5.0 (compatible; AhrefsBot/7.0; +http://ahrefs.com/robot/)" 
114.119.129.244 - - [27/Mar/2021:07:20:59 -0700] "GET /self.logs/2015/error.log.2015-07-31.gz HTTP/1.1" 200 925 "-" "Mozilla/5.0 (Linux; Android 7.0;) AppleWebKit/537.36 (KHTML, like Gecko) Mobile Safari/537.36 (compatible; PetalBot;+https://aspiegel.com/petalbot)" 
54.36.149.15 - - [27/Mar/2021:07:21:18 -0700] "GET /self.logs/access.log.2017-09-19.gz HTTP/1.1" 200 26308 "-" "Mozilla/5.0 (compatible; AhrefsBot/7.0; +http://ahrefs.com/robot/)" 
54.36.149.107 - - [27/Mar/2021:07:23:16 -0700] "GET /self.logs/error.log.2020-07-10 HTTP/1.1" 200 307 "-" "Mozilla/5.0 (compatible; AhrefsBot/7.0; +http://ahrefs.com/robot/)" 
54.36.148.195 - - [27/Mar/2021:07:24:57 -0700] "GET /self.logs/error.log.2019-03-06.gz HTTP/1.1" 200 5148 "-" "Mozilla/5.0 (compatible; AhrefsBot/7.0; +http://ahrefs.com/robot/)" 
54.36.149.61 - - [27/Mar/2021:07:26:42 -0700] "GET /self.logs/error.log.2018-06-05.gz HTTP/1.1" 200 6287 "-" "Mozilla/5.0 (compatible; AhrefsBot/7.0; +http://ahrefs.com/robot/)" 
114.119.140.84 - - [27/Mar/2021:07:27:15 -0700] "GET /self.logs/2016/access.log.2016-02-22.gz HTTP/1.1" 200 10431 "-" "Mozilla/5.0 (Linux; Android 7.0;) AppleWebKit/537.36 (KHTML, like Gecko) Mobile Safari/537.36 (compatible; PetalBot;+https://aspiegel.com/petalbot)" 
125.120.83.82 - - [27/Mar/2021:07:26:20 -0700] "GET /auth.log/auth.log.gz HTTP/1.1" 200 615679 "https://link.csdn.net/?target=http%3A%2F%2Fwww.secrepo.com%2Fauth.log%2Fauth.log.gz" "Mozilla/5.0 (Windows NT 10.0; WOW64) AppleWebKit/537.36 (KHTML, like Gecko) Chrome/75.0.3770.100 Safari/537.36" 
123.183.224.97 - - [27/Mar/2021:07:27:30 -0700] "GET / HTTP/1.1" 301 438 "-" "Sogou web spider/4.0(+http://www.sogou.com/docs/help/webmasters.htm#07)" 
54.36.149.61 - - [27/Mar/2021:07:28:22 -0700] "GET /self.logs/access.log.2018-08-25.gz HTTP/1.1" 200 19123 "-" "Mozilla/5.0 (compatible; AhrefsBot/7.0; +http://ahrefs.com/robot/)" 
54.36.149.61 - - [27/Mar/2021:07:30:01 -0700] "GET /self.logs/error.log.2019-01-06.gz HTTP/1.1" 200 4680 "-" "Mozilla/5.0 (compatible; AhrefsBot/7.0; +http://ahrefs.com/robot/)" 
54.36.149.61 - - [27/Mar/2021:07:31:43 -0700] "GET /self.logs/access.log.2018-08-23.gz HTTP/1.1" 200 22117 "-" "Mozilla/5.0 (compatible; AhrefsBot/7.0; +http://ahrefs.com/robot/)" 
114.119.141.53 - - [27/Mar/2021:07:33:08 -0700] "GET /self.logs/2016/error.log.2016-06-24.gz HTTP/1.1" 200 1425 "-" "Mozilla/5.0 (Linux; Android 7.0;) AppleWebKit/537.36 (KHTML, like Gecko) Mobile Safari/537.36 (compatible; PetalBot;+https://aspiegel.com/petalbot)" 
54.36.148.17 - - [27/Mar/2021:07:33:17 -0700] "GET /self.logs/error.log.2019-08-21.gz HTTP/1.1" 200 1364 "-" "Mozilla/5.0 (compatible; AhrefsBot/7.0; +http://ahrefs.com/robot/)" 
54.36.148.17 - - [27/Mar/2021:07:34:56 -0700] "GET /self.logs/access.log.2017-07-05.gz HTTP/1.1" 200 22806 "-" "Mozilla/5.0 (compatible; AhrefsBot/7.0; +http://ahrefs.com/robot/)" 
36.110.211.66 - - [27/Mar/2021:07:35:02 -0700] "GET /maccdc2012/ssl.log.gz HTTP/1.1" 200 67160 "http://www.secrepo.com/maccdc2012/ssl.log.gz" "Mozilla/5.0 (Windows NT 10.0; Win64; x64) AppleWebKit/537.36 (KHTML, like Gecko) Chrome/83.0.4103.116 Safari/537.36 Edg/83.0.478.61" 
58.247.247.12 - - [27/Mar/2021:07:35:03 -0700] "GET http://www.secrepo.com/maccdc2012/ssl.log.gz HTTP/1.1" 200 1220560 "-" "Mozilla/5.0 (Macintosh; Intel Mac OS X 10_11_6) AppleWebKit/537.36 (KHTML, like Gecko) Chrome/56.0.2924.87 Safari/537.36" 
54.36.148.233 - - [27/Mar/2021:07:36:38 -0700] "GET /self.logs/access.log.2018-06-27.gz HTTP/1.1" 200 30341 "-" "Mozilla/5.0 (compatible; AhrefsBot/7.0; +http://ahrefs.com/robot/)" 
123.183.224.94 - - [27/Mar/2021:07:37:22 -0700] "GET / HTTP/1.1" 200 12845 "-" "Sogou web spider/4.0(+http://www.sogou.com/docs/help/webmasters.htm#07)" 
54.36.148.63 - - [27/Mar/2021:07:38:20 -0700] "GET /self.logs/error.log.2017-07-31.gz HTTP/1.1" 200 1011 "-" "Mozilla/5.0 (compatible; AhrefsBot/7.0; +http://ahrefs.com/robot/)" 
114.119.155.228 - - [27/Mar/2021:07:38:29 -0700] "GET /self.logs/2015/access.log.2015-04-24.gz HTTP/1.1" 200 3780 "-" "Mozilla/5.0 (Linux; Android 7.0;) AppleWebKit/537.36 (KHTML, like Gecko) Mobile Safari/537.36 (compatible; PetalBot;+https://aspiegel.com/petalbot)" 
180.163.220.62 - - [27/Mar/2021:07:39:56 -0700] "GET /pe_static/zeus.zip HTTP/1.1" 200 78840 "http://www.secrepo.com/pe_static/zeus.zip" "Mozilla/5.0 (Windows NT 10.0; Win64; x64) AppleWebKit/537.36 (KHTML, like Gecko) Chrome/83.0.4103.116 Safari/537.36 Edg/83.0.478.61" 
54.36.148.7 - - [27/Mar/2021:07:39:58 -0700] "GET /self.logs/error.log.2019-08-24.gz HTTP/1.1" 200 1835 "-" "Mozilla/5.0 (compatible; AhrefsBot/7.0; +http://ahrefs.com/robot/)" 
180.163.220.61 - - [27/Mar/2021:07:39:57 -0700] "GET /pe_static/zeus.zip HTTP/1.1" 200 642400 "http://www.secrepo.com/pe_static/zeus.zip" "Mozilla/5.0 (Windows NT 10.0; Win64; x64) AppleWebKit/537.36 (KHTML, like Gecko) Chrome/83.0.4103.116 Safari/537.36 Edg/83.0.478.61" 
171.13.14.76 - - [27/Mar/2021:07:41:12 -0700] "GET /honeypot/honeypot.json.zip HTTP/1.1" 200 67160 "http://www.secrepo.com/honeypot/honeypot.json.zip" "Mozilla/5.0 (Windows NT 10.0; Win64; x64) AppleWebKit/537.36 (KHTML, like Gecko) Chrome/83.0.4103.116 Safari/537.36 Edg/83.0.478.61" 
171.13.14.76 - - [27/Mar/2021:07:41:20 -0700] "GET /maccdc2012/ftp.log.gz HTTP/1.1" 200 58400 "http://www.secrepo.com/maccdc2012/ftp.log.gz" "Mozilla/5.0 (Windows NT 10.0; Win64; x64) AppleWebKit/537.36 (KHTML, like Gecko) Chrome/83.0.4103.116 Safari/537.36 Edg/83.0.478.61" 
171.13.14.6 - - [27/Mar/2021:07:41:15 -0700] "GET /honeypot/honeypot.json.zip HTTP/1.1" 200 220460 "http://www.secrepo.com/honeypot/honeypot.json.zip" "Mozilla/5.0 (Windows NT 10.0; Win64; x64) AppleWebKit/537.36 (KHTML, like Gecko) Chrome/83.0.4103.116 Safari/537.36 Edg/83.0.478.61" 
54.36.149.61 - - [27/Mar/2021:07:41:44 -0700] "GET /self.logs/error.log.2019-01-24.gz HTTP/1.1" 200 2375 "-" "Mozilla/5.0 (compatible; AhrefsBot/7.0; +http://ahrefs.com/robot/)" 
