47.243.7.176 - - [26/Nov/2023:11:36:26 -0800] "GET /blog/.env HTTP/1.1" 429 500 "-" "Mozilla/5.0 (Linux; Android 11; Redmi Note 9 Pro Build/RKQ1.200826.002; wv) AppleWebKit/537.36 (KHTML, like Gecko) Version/4.0 Chrome/90.0.4430.210 Mobile Safari/537.36" 
47.243.7.176 - - [26/Nov/2023:11:36:27 -0800] "GET /config/.env HTTP/1.1" 301 497 "-" "Mozilla/5.0 (Linux; Android 11; Redmi Note 9 Pro Build/RKQ1.200826.002; wv) AppleWebKit/537.36 (KHTML, like Gecko) Version/4.0 Chrome/90.0.4430.210 Mobile Safari/537.36" 
47.243.7.176 - - [26/Nov/2023:11:36:29 -0800] "GET /config/.env HTTP/1.1" 429 500 "-" "Mozilla/5.0 (Linux; Android 11; Redmi Note 9 Pro Build/RKQ1.200826.002; wv) AppleWebKit/537.36 (KHTML, like Gecko) Version/4.0 Chrome/90.0.4430.210 Mobile Safari/537.36" 
107.20.105.74 - - [26/Nov/2023:11:36:40 -0800] "HEAD / HTTP/1.1" 301 186 "-" "DreamHost SiteMonitor 1.0" 
107.20.105.74 - - [26/Nov/2023:11:36:40 -0800] "HEAD / HTTP/1.1" 200 359 "http://66.33.221.139" "DreamHost SiteMonitor 1.0" 
51.222.253.20 - - [26/Nov/2023:11:36:45 -0800] "GET /Datasets%20Description/Network/weird.html HTTP/1.1" 200 1601 "-" "Mozilla/5.0 (compatible; AhrefsBot/7.0; +http://ahrefs.com/robot/)" 
52.167.144.230 - - [26/Nov/2023:11:40:11 -0800] "GET /self.logs/access.log.2018-05-27.gz HTTP/1.1" 200 27435 "-" "Mozilla/5.0 AppleWebKit/537.36 (KHTML, like Gecko; compatible; bingbot/2.0; +http://www.bing.com/bingbot.htm) Chrome/116.0.1938.76 Safari/537.36" 
52.167.144.230 - - [26/Nov/2023:11:43:34 -0800] "GET /self.logs/access.log.2018-05-30.gz HTTP/1.1" 200 24251 "-" "Mozilla/5.0 AppleWebKit/537.36 (KHTML, like Gecko; compatible; bingbot/2.0; +http://www.bing.com/bingbot.htm) Chrome/116.0.1938.76 Safari/537.36" 
107.20.105.74 - - [26/Nov/2023:11:46:40 -0800] "HEAD / HTTP/1.1" 301 186 "-" "DreamHost SiteMonitor 1.0" 
107.20.105.74 - - [26/Nov/2023:11:46:40 -0800] "HEAD / HTTP/1.1" 200 359 "http://66.33.221.139" "DreamHost SiteMonitor 1.0" 
114.119.152.233 - - [26/Nov/2023:11:47:56 -0800] "GET /honeypot/BSidesDFW%20-%202014.ipynb HTTP/1.1" 200 930921 "http://www.secrepo.com/" "Mozilla/5.0 (Linux; Android 7.0;) AppleWebKit/537.36 (KHTML, like Gecko) Mobile Safari/537.36 (compatible; PetalBot;+https://webmaster.petalsearch.com/site/petalbot)" 
157.245.118.163 - - [26/Nov/2023:11:53:37 -0800] "GET /.well-known/security.txt HTTP/1.1" 301 486 "-" "Go-http-client/1.1" 
157.245.118.163 - - [26/Nov/2023:11:53:37 -0800] "GET /.well-known/security.txt HTTP/1.1" 404 291 "http://secrepo.com/.well-known/security.txt" "Go-http-client/1.1" 
157.245.118.163 - - [26/Nov/2023:11:53:37 -0800] "GET /security.txt HTTP/1.1" 301 462 "-" "Go-http-client/1.1" 
157.245.118.163 - - [26/Nov/2023:11:53:37 -0800] "GET /security.txt HTTP/1.1" 404 291 "http://secrepo.com/security.txt" "Go-http-client/1.1" 
107.20.105.74 - - [26/Nov/2023:11:56:40 -0800] "HEAD / HTTP/1.1" 301 186 "-" "DreamHost SiteMonitor 1.0" 
107.20.105.74 - - [26/Nov/2023:11:56:40 -0800] "HEAD / HTTP/1.1" 200 359 "http://66.33.221.139" "DreamHost SiteMonitor 1.0" 
222.187.239.153 - - [26/Nov/2023:12:00:57 -0800] "HEAD /static/js/admincp.js HTTP/1.1" 301 243 "-" "-" 
20.191.45.212 - - [26/Nov/2023:12:05:56 -0800] "GET / HTTP/1.1" 200 13186 "http://www.secrepo.com/" "Mozilla/5.0 (compatible; DuckDuckGo-Favicons-Bot/1.0; +http://duckduckgo.com)" 
20.191.45.212 - - [26/Nov/2023:12:05:56 -0800] "GET /bootstrap/img/favicon.ico HTTP/1.1" 200 690 "http://www.secrepo.com/bootstrap/img/favicon.ico" "Mozilla/5.0 (compatible; DuckDuckGo-Favicons-Bot/1.0; +http://duckduckgo.com)" 
107.20.105.74 - - [26/Nov/2023:12:06:40 -0800] "HEAD / HTTP/1.1" 301 186 "-" "DreamHost SiteMonitor 1.0" 
107.20.105.74 - - [26/Nov/2023:12:06:40 -0800] "HEAD / HTTP/1.1" 200 359 "http://66.33.221.139" "DreamHost SiteMonitor 1.0" 
114.119.159.26 - - [26/Nov/2023:12:09:07 -0800] "GET /self.logs/error.log.2020-09-30 HTTP/1.1" 200 351 "http://www.secrepo.com/self.logs?C=N%3BO%3DD" "Mozilla/5.0 (Linux; Android 7.0;) AppleWebKit/537.36 (KHTML, like Gecko) Mobile Safari/537.36 (compatible; PetalBot;+https://webmaster.petalsearch.com/site/petalbot)" 
207.46.13.125 - - [26/Nov/2023:12:09:07 -0800] "GET /self.logs/access.log.2017-01-23.gz HTTP/1.1" 200 45656 "-" "Mozilla/5.0 AppleWebKit/537.36 (KHTML, like Gecko; compatible; bingbot/2.0; +http://www.bing.com/bingbot.htm) Chrome/116.0.1938.76 Safari/537.36" 
114.119.146.198 - - [26/Nov/2023:12:10:27 -0800] "GET /self.logs/error.log.2020-06-28 HTTP/1.1" 200 351 "http://www.secrepo.com/self.logs?C=N%3BO%3DD" "Mozilla/5.0 (Linux; Android 7.0;) AppleWebKit/537.36 (KHTML, like Gecko) Mobile Safari/537.36 (compatible; PetalBot;+https://webmaster.petalsearch.com/site/petalbot)" 
222.187.239.153 - - [26/Nov/2023:12:13:21 -0800] "HEAD /static/js/admincp.js HTTP/1.1" 301 243 "-" "-" 
119.42.146.242 - - [26/Nov/2023:12:14:48 -0800] "GET /1234.php HTTP/1.1" 429 476 "-" "Mozilla/5.0 (Windows NT 10.0; WOW64; rv:48.0) Gecko/20100101 Firefox/48.0" 
4.239.248.150 - - [26/Nov/2023:12:15:41 -0800] "GET / HTTP/1.1" 301 419 "-" "-" 
4.239.248.150 - - [26/Nov/2023:12:15:41 -0800] "GET / HTTP/1.1" 429 420 "-" "-" 
119.42.148.82 - - [26/Nov/2023:12:16:17 -0800] "GET /124.php HTTP/1.1" 429 476 "-" "Mozilla/5.0 (Windows NT 10.0; WOW64; rv:48.0) Gecko/20100101 Firefox/48.0" 
107.20.105.74 - - [26/Nov/2023:12:16:40 -0800] "HEAD / HTTP/1.1" 301 186 "-" "DreamHost SiteMonitor 1.0" 
107.20.105.74 - - [26/Nov/2023:12:16:40 -0800] "HEAD / HTTP/1.1" 200 359 "http://66.33.221.139" "DreamHost SiteMonitor 1.0" 
116.213.38.42 - - [26/Nov/2023:12:17:21 -0800] "GET /888.php HTTP/1.1" 429 476 "-" "Mozilla/5.0 (Windows NT 10.0; WOW64; rv:48.0) Gecko/20100101 Firefox/48.0" 
66.249.70.71 - - [26/Nov/2023:12:17:58 -0800] "GET / HTTP/1.1" 301 475 "-" "Mozilla/5.0 (compatible; Googlebot/2.1; +http://www.google.com/bot.html)" 
66.249.64.108 - - [26/Nov/2023:12:17:59 -0800] "GET / HTTP/1.1" 200 13186 "-" "Mozilla/5.0 (compatible; Googlebot/2.1; +http://www.google.com/bot.html)" 
66.249.64.108 - - [26/Nov/2023:12:18:00 -0800] "GET /css/style.css HTTP/1.1" 404 305 "http://www.secrepo.com/" "Mozilla/5.0 AppleWebKit/537.36 (KHTML, like Gecko; compatible; Googlebot/2.1; +http://www.google.com/bot.html) Chrome/119.0.6045.123 Safari/537.36" 
111.173.114.14 - - [26/Nov/2023:12:18:00 -0800] "GET / HTTP/1.1" 200 13186 "-" "Mozilla/5.0 (Windows NT 10.0; Win64; x64) AppleWebKit/537.36 (KHTML, like Gecko) Chrome/97.0.4280.67 Safari/537.36 Edg/97.0.664.52" 
66.249.70.65 - - [26/Nov/2023:12:21:54 -0800] "GET / HTTP/1.1" 301 475 "-" "Mozilla/5.0 (compatible; Googlebot/2.1; +http://www.google.com/bot.html)" 
66.249.64.107 - - [26/Nov/2023:12:21:55 -0800] "GET / HTTP/1.1" 200 13186 "-" "Mozilla/5.0 (compatible; Googlebot/2.1; +http://www.google.com/bot.html)" 
66.249.64.106 - - [26/Nov/2023:12:21:57 -0800] "GET /css/style.css HTTP/1.1" 404 328 "http://www.secrepo.com/" "Mozilla/5.0 AppleWebKit/537.36 (KHTML, like Gecko; compatible; Googlebot/2.1; +http://www.google.com/bot.html) Chrome/119.0.6045.123 Safari/537.36" 
119.42.146.154 - - [26/Nov/2023:12:24:36 -0800] "GET /ak.php HTTP/1.1" 404 328 "-" "Mozilla/5.0 (Windows NT 10.0; WOW64; rv:48.0) Gecko/20100101 Firefox/48.0" 
66.249.64.107 - - [26/Nov/2023:12:25:50 -0800] "GET / HTTP/1.1" 200 13186 "-" "Mozilla/5.0 (compatible; Googlebot/2.1; +http://www.google.com/bot.html)" 
66.249.64.106 - - [26/Nov/2023:12:25:52 -0800] "GET /css/style.css HTTP/1.1" 404 328 "http://www.secrepo.com/" "Mozilla/5.0 AppleWebKit/537.36 (KHTML, like Gecko; compatible; Googlebot/2.1; +http://www.google.com/bot.html) Chrome/119.0.6045.123 Safari/537.36" 
107.20.105.74 - - [26/Nov/2023:12:26:40 -0800] "HEAD / HTTP/1.1" 301 186 "-" "DreamHost SiteMonitor 1.0" 
107.20.105.74 - - [26/Nov/2023:12:26:40 -0800] "HEAD / HTTP/1.1" 200 359 "http://66.33.221.139" "DreamHost SiteMonitor 1.0" 
66.249.64.106 - - [26/Nov/2023:12:33:09 -0800] "GET /css/style.css HTTP/1.1" 404 328 "http://www.secrepo.com/" "Mozilla/5.0 (Linux; Android 6.0.1; Nexus 5X Build/MMB29P) AppleWebKit/537.36 (KHTML, like Gecko) Chrome/119.0.6045.123 Mobile Safari/537.36 (compatible; Googlebot/2.1; +http://www.google.com/bot.html)" 
66.249.64.106 - - [26/Nov/2023:12:33:20 -0800] "GET / HTTP/1.1" 200 13186 "-" "Mozilla/5.0 (compatible; Googlebot/2.1; +http://www.google.com/bot.html)" 
66.249.64.106 - - [26/Nov/2023:12:33:21 -0800] "GET /css/style.css HTTP/1.1" 404 305 "http://www.secrepo.com/" "Mozilla/5.0 AppleWebKit/537.36 (KHTML, like Gecko; compatible; Googlebot/2.1; +http://www.google.com/bot.html) Chrome/119.0.6045.123 Safari/537.36" 
107.20.105.74 - - [26/Nov/2023:12:36:40 -0800] "HEAD / HTTP/1.1" 301 186 "-" "DreamHost SiteMonitor 1.0" 
107.20.105.74 - - [26/Nov/2023:12:36:40 -0800] "HEAD / HTTP/1.1" 200 359 "http://66.33.221.139" "DreamHost SiteMonitor 1.0" 
107.20.105.74 - - [26/Nov/2023:12:46:40 -0800] "HEAD / HTTP/1.1" 301 186 "-" "DreamHost SiteMonitor 1.0" 
107.20.105.74 - - [26/Nov/2023:12:46:40 -0800] "HEAD / HTTP/1.1" 200 359 "http://66.33.221.139" "DreamHost SiteMonitor 1.0" 
51.222.253.9 - - [26/Nov/2023:12:49:10 -0800] "GET /Datasets%20Description/Network/files.html HTTP/1.1" 200 1488 "-" "Mozilla/5.0 (compatible; AhrefsBot/7.0; +http://ahrefs.com/robot/)" 
107.20.105.74 - - [26/Nov/2023:12:56:40 -0800] "HEAD / HTTP/1.1" 301 186 "-" "DreamHost SiteMonitor 1.0" 
107.20.105.74 - - [26/Nov/2023:12:56:40 -0800] "HEAD / HTTP/1.1" 200 359 "http://66.33.221.139" "DreamHost SiteMonitor 1.0" 
192.71.225.127 - - [26/Nov/2023:12:57:09 -0800] "GET /robots.txt HTTP/1.1" 301 458 "-" "Mozilla/5.0 (Windows NT 10.0; Win64; x64) AppleWebKit/537.36 (KHTML, like Gecko) Chrome/103.0.5060.114 Safari/537.36" 
192.71.103.173 - - [26/Nov/2023:12:57:09 -0800] "GET /robots.txt HTTP/1.1" 200 340 "http://secrepo.com/robots.txt" "Mozilla/5.0 (Windows NT 10.0; Win64; x64) AppleWebKit/537.36 (KHTML, like Gecko) Chrome/103.0.5060.114 Safari/537.36" 
192.71.2.171 - - [26/Nov/2023:12:57:09 -0800] "GET /humans.txt HTTP/1.1" 301 458 "-" "Mozilla/5.0 (Windows NT 10.0; Win64; x64) AppleWebKit/537.36 (KHTML, like Gecko) Chrome/103.0.5060.114 Safari/537.36" 
192.71.23.211 - - [26/Nov/2023:12:57:09 -0800] "GET /humans.txt HTTP/1.1" 404 291 "http://secrepo.com/humans.txt" "Mozilla/5.0 (Windows NT 10.0; Win64; x64) AppleWebKit/537.36 (KHTML, like Gecko) Chrome/103.0.5060.114 Safari/537.36" 
192.71.36.158 - - [26/Nov/2023:12:57:10 -0800] "GET /ads.txt HTTP/1.1" 301 452 "-" "Mozilla/5.0 (Windows NT 10.0; Win64; x64) AppleWebKit/537.36 (KHTML, like Gecko) Chrome/103.0.5060.114 Safari/537.36" 
192.71.30.89 - - [26/Nov/2023:12:57:10 -0800] "GET /ads.txt HTTP/1.1" 404 291 "http://secrepo.com/ads.txt" "Mozilla/5.0 (Windows NT 10.0; Win64; x64) AppleWebKit/537.36 (KHTML, like Gecko) Chrome/103.0.5060.114 Safari/537.36" 
192.71.42.108 - - [26/Nov/2023:12:57:10 -0800] "GET / HTTP/1.1" 301 438 "-" "Mozilla/5.0 (Windows NT 10.0; Win64; x64) AppleWebKit/537.36 (KHTML, like Gecko) Chrome/103.0.5060.114 Safari/537.36" 
192.71.103.173 - - [26/Nov/2023:12:57:11 -0800] "GET / HTTP/1.1" 200 13149 "http://secrepo.com/" "Mozilla/5.0 (Windows NT 10.0; Win64; x64) AppleWebKit/537.36 (KHTML, like Gecko) Chrome/103.0.5060.114 Safari/537.36" 
223.113.128.187 - - [26/Nov/2023:12:57:36 -0800] "GET / HTTP/1.1" 200 49089 "-" "curl/7.29.0" 
216.244.66.245 - - [26/Nov/2023:13:03:51 -0800] "GET /robots.txt HTTP/1.1" 200 333 "-" "Mozilla/5.0 (compatible; DotBot/1.2; +https://opensiteexplorer.org/dotbot; help@moz.com)" 
107.20.105.74 - - [26/Nov/2023:13:06:40 -0800] "HEAD / HTTP/1.1" 301 186 "-" "DreamHost SiteMonitor 1.0" 
107.20.105.74 - - [26/Nov/2023:13:06:40 -0800] "HEAD / HTTP/1.1" 200 359 "http://66.33.221.139" "DreamHost SiteMonitor 1.0" 
58.49.151.108 - - [26/Nov/2023:13:07:19 -0800] "GET / HTTP/1.1" 200 13185 "-" "Mozilla/5.0 (Windows NT 10.0; Win64; x64) AppleWebKit/537.36 (KHTML, like Gecko) Chrome/97.0.4280.67 Safari/537.36 Edg/97.0.664.52" 
52.167.144.142 - - [26/Nov/2023:13:14:50 -0800] "GET /self.logs/access.log.2018-05-16.gz HTTP/1.1" 200 60599 "-" "Mozilla/5.0 AppleWebKit/537.36 (KHTML, like Gecko; compatible; bingbot/2.0; +http://www.bing.com/bingbot.htm) Chrome/116.0.1938.76 Safari/537.36" 
107.20.105.74 - - [26/Nov/2023:13:16:40 -0800] "HEAD / HTTP/1.1" 301 186 "-" "DreamHost SiteMonitor 1.0" 
107.20.105.74 - - [26/Nov/2023:13:16:40 -0800] "HEAD / HTTP/1.1" 200 359 "http://66.33.221.139" "DreamHost SiteMonitor 1.0" 
40.88.21.235 - - [26/Nov/2023:13:18:29 -0800] "GET / HTTP/1.1" 200 13186 "http://www.secrepo.com/" "Mozilla/5.0 (compatible; DuckDuckGo-Favicons-Bot/1.0; +http://duckduckgo.com)" 
40.88.21.235 - - [26/Nov/2023:13:18:29 -0800] "GET /bootstrap/img/favicon.ico HTTP/1.1" 200 690 "http://www.secrepo.com/bootstrap/img/favicon.ico" "Mozilla/5.0 (compatible; DuckDuckGo-Favicons-Bot/1.0; +http://duckduckgo.com)" 
17.241.75.121 - - [26/Nov/2023:13:20:25 -0800] "GET /robots.txt HTTP/1.1" 200 333 "-" "Mozilla/5.0 (Macintosh; Intel Mac OS X 10_15_5) AppleWebKit/605.1.15 (KHTML, like Gecko) Version/13.1.1 Safari/605.1.15 (Applebot/0.1; +http://www.apple.com/go/applebot)" 
17.241.75.121 - - [26/Nov/2023:13:20:25 -0800] "GET /Datasets%20Description/HTML_Bro_log_2/ssl.html HTTP/1.1" 200 1782 "-" "Mozilla/5.0 (Macintosh; Intel Mac OS X 10_15_5) AppleWebKit/605.1.15 (KHTML, like Gecko) Version/13.1.1 Safari/605.1.15 (Applebot/0.1; +http://www.apple.com/go/applebot)" 
111.173.114.18 - - [26/Nov/2023:13:22:03 -0800] "GET /login.php?s=Admin/login HTTP/1.1" 404 328 "-" "python-requests/2.31.0" 
111.173.114.18 - - [26/Nov/2023:13:22:23 -0800] "GET /admin.php HTTP/1.1" 404 328 "-" "python-requests/2.31.0" 
40.77.167.61 - - [26/Nov/2023:13:25:53 -0800] "GET /self.logs/access.log.2022-08-15.gz HTTP/1.1" 301 487 "-" "Mozilla/5.0 AppleWebKit/537.36 (KHTML, like Gecko; compatible; bingbot/2.0; +http://www.bing.com/bingbot.htm) Chrome/116.0.1938.76 Safari/537.36" 
107.20.105.74 - - [26/Nov/2023:13:26:40 -0800] "HEAD / HTTP/1.1" 301 186 "-" "DreamHost SiteMonitor 1.0" 
107.20.105.74 - - [26/Nov/2023:13:26:40 -0800] "HEAD / HTTP/1.1" 200 359 "http://66.33.221.139" "DreamHost SiteMonitor 1.0" 
51.222.253.9 - - [26/Nov/2023:13:36:37 -0800] "GET /self.logs/2015/?C=N;O=A HTTP/1.1" 200 7577 "-" "Mozilla/5.0 (compatible; AhrefsBot/7.0; +http://ahrefs.com/robot/)" 
107.20.105.74 - - [26/Nov/2023:13:36:40 -0800] "HEAD / HTTP/1.1" 301 186 "-" "DreamHost SiteMonitor 1.0" 
107.20.105.74 - - [26/Nov/2023:13:36:40 -0800] "HEAD / HTTP/1.1" 200 359 "http://66.33.221.139" "DreamHost SiteMonitor 1.0" 
107.20.105.74 - - [26/Nov/2023:13:46:40 -0800] "HEAD / HTTP/1.1" 301 186 "-" "DreamHost SiteMonitor 1.0" 
107.20.105.74 - - [26/Nov/2023:13:46:40 -0800] "HEAD / HTTP/1.1" 200 359 "http://66.33.221.139" "DreamHost SiteMonitor 1.0" 
207.46.13.156 - - [26/Nov/2023:13:51:45 -0800] "GET /self.logs/access.log.2019-06-26.gz HTTP/1.1" 301 487 "-" "Mozilla/5.0 AppleWebKit/537.36 (KHTML, like Gecko; compatible; bingbot/2.0; +http://www.bing.com/bingbot.htm) Chrome/116.0.1938.76 Safari/537.36" 
114.119.133.125 - - [26/Nov/2023:13:52:32 -0800] "GET /self.logs/error.log.2020-03-10 HTTP/1.1" 200 351 "-" "Mozilla/5.0 (Linux; Android 7.0;) AppleWebKit/537.36 (KHTML, like Gecko) Mobile Safari/537.36 (compatible; PetalBot;+https://webmaster.petalsearch.com/site/petalbot)" 
107.20.105.74 - - [26/Nov/2023:13:56:40 -0800] "HEAD / HTTP/1.1" 301 186 "-" "DreamHost SiteMonitor 1.0" 
107.20.105.74 - - [26/Nov/2023:13:56:40 -0800] "HEAD / HTTP/1.1" 200 359 "http://66.33.221.139" "DreamHost SiteMonitor 1.0" 
66.249.64.107 - - [26/Nov/2023:14:02:16 -0800] "GET / HTTP/1.1" 200 13186 "-" "Mozilla/5.0 (Linux; Android 6.0.1; Nexus 5X Build/MMB29P) AppleWebKit/537.36 (KHTML, like Gecko) Chrome/119.0.6045.123 Mobile Safari/537.36 (compatible; Googlebot/2.1; +http://www.google.com/bot.html)" 
121.22.243.157 - - [26/Nov/2023:14:02:26 -0800] "GET / HTTP/1.1" 200 13186 "-" "Mozilla/5.0 (Windows NT 10.0; Win64; x64) AppleWebKit/537.36 (KHTML, like Gecko) Chrome/97.0.4280.67 Safari/537.36 Edg/97.0.664.52" 
107.20.105.74 - - [26/Nov/2023:14:06:40 -0800] "HEAD / HTTP/1.1" 301 186 "-" "DreamHost SiteMonitor 1.0" 
107.20.105.74 - - [26/Nov/2023:14:06:40 -0800] "HEAD / HTTP/1.1" 200 359 "http://66.33.221.139" "DreamHost SiteMonitor 1.0" 
104.28.86.35 - - [26/Nov/2023:14:09:14 -0800] "GET / HTTP/1.1" 200 13186 "-" "Mozilla/5.0 (Macintosh; Intel Mac OS X 10_15_7) AppleWebKit/605.1.15 (KHTML, like Gecko) Version/17.0 Safari/605.1.15" 
104.28.86.35 - - [26/Nov/2023:14:09:14 -0800] "GET /bootstrap/img/favicon.ico HTTP/1.1" 304 263 "http://www.secrepo.com/" "Mozilla/5.0 (Macintosh; Intel Mac OS X 10_15_7) AppleWebKit/605.1.15 (KHTML, like Gecko) Version/17.0 Safari/605.1.15" 
111.173.114.18 - - [26/Nov/2023:14:11:13 -0800] "GET /index.php?m=admin&c=index&a=login HTTP/1.1" 404 328 "-" "python-requests/2.31.0" 
114.119.154.9 - - [26/Nov/2023:14:11:21 -0800] "GET /self.logs/error.log.2020-10-24 HTTP/1.1" 200 351 "http://www.secrepo.com/self.logs?C=N%3BO%3DD" "Mozilla/5.0 (Linux; Android 7.0;) AppleWebKit/537.36 (KHTML, like Gecko) Mobile Safari/537.36 (compatible; PetalBot;+https://webmaster.petalsearch.com/site/petalbot)" 
107.20.105.74 - - [26/Nov/2023:14:16:40 -0800] "HEAD / HTTP/1.1" 301 186 "-" "DreamHost SiteMonitor 1.0" 
107.20.105.74 - - [26/Nov/2023:14:16:40 -0800] "HEAD / HTTP/1.1" 200 359 "http://66.33.221.139" "DreamHost SiteMonitor 1.0" 
107.20.105.74 - - [26/Nov/2023:14:26:40 -0800] "HEAD / HTTP/1.1" 301 186 "-" "DreamHost SiteMonitor 1.0" 
107.20.105.74 - - [26/Nov/2023:14:26:40 -0800] "HEAD / HTTP/1.1" 200 359 "http://66.33.221.139" "DreamHost SiteMonitor 1.0" 
143.132.64.28 - - [26/Nov/2023:14:27:35 -0800] "GET / HTTP/1.1" 200 13186 "-" "Mozilla/5.0 (Windows NT 10.0; Win64; x64) AppleWebKit/537.36 (KHTML, like Gecko) Chrome/119.0.0.0 Safari/537.36 Edg/119.0.0.0" 
143.132.64.28 - - [26/Nov/2023:14:27:35 -0800] "GET /css/style.css HTTP/1.1" 404 305 "http://www.secrepo.com/" "Mozilla/5.0 (Windows NT 10.0; Win64; x64) AppleWebKit/537.36 (KHTML, like Gecko) Chrome/119.0.0.0 Safari/537.36 Edg/119.0.0.0" 
143.132.64.28 - - [26/Nov/2023:14:27:35 -0800] "GET /GitHub-Mark.png HTTP/1.1" 200 7533 "http://www.secrepo.com/" "Mozilla/5.0 (Windows NT 10.0; Win64; x64) AppleWebKit/537.36 (KHTML, like Gecko) Chrome/119.0.0.0 Safari/537.36 Edg/119.0.0.0" 
143.132.64.28 - - [26/Nov/2023:14:27:35 -0800] "GET /twitter-icon.png HTTP/1.1" 200 27916 "http://www.secrepo.com/" "Mozilla/5.0 (Windows NT 10.0; Win64; x64) AppleWebKit/537.36 (KHTML, like Gecko) Chrome/119.0.0.0 Safari/537.36 Edg/119.0.0.0" 
143.132.64.28 - - [26/Nov/2023:14:27:36 -0800] "GET /bootstrap/img/favicon.ico HTTP/1.1" 200 690 "http://www.secrepo.com/" "Mozilla/5.0 (Windows NT 10.0; Win64; x64) AppleWebKit/537.36 (KHTML, like Gecko) Chrome/119.0.0.0 Safari/537.36 Edg/119.0.0.0" 
202.63.172.78 - - [26/Nov/2023:14:28:00 -0800] "GET / HTTP/1.1" 200 13186 "-" "Mozilla/5.0 (Windows NT 10.0; Win64; x64) AppleWebKit/537.36 (KHTML, like Gecko) Chrome/97.0.4280.67 Safari/537.36 Edg/97.0.664.52" 
114.119.160.248 - - [26/Nov/2023:14:30:47 -0800] "GET /self.logs/error.log.2020-08-29 HTTP/1.1" 200 351 "http://www.secrepo.com/self.logs?C=N%3BO%3DD" "Mozilla/5.0 (Linux; Android 7.0;) AppleWebKit/537.36 (KHTML, like Gecko) Mobile Safari/537.36 (compatible; PetalBot;+https://webmaster.petalsearch.com/site/petalbot)" 
107.20.105.74 - - [26/Nov/2023:14:36:40 -0800] "HEAD / HTTP/1.1" 301 186 "-" "DreamHost SiteMonitor 1.0" 
107.20.105.74 - - [26/Nov/2023:14:36:40 -0800] "HEAD / HTTP/1.1" 200 359 "http://66.33.221.139" "DreamHost SiteMonitor 1.0" 
207.46.13.63 - - [26/Nov/2023:14:39:00 -0800] "GET /self.logs/access.log.2022-02-11.gz HTTP/1.1" 301 487 "-" "Mozilla/5.0 AppleWebKit/537.36 (KHTML, like Gecko; compatible; bingbot/2.0; +http://www.bing.com/bingbot.htm) Chrome/116.0.1938.76 Safari/537.36" 
107.20.105.74 - - [26/Nov/2023:14:46:40 -0800] "HEAD / HTTP/1.1" 301 186 "-" "DreamHost SiteMonitor 1.0" 
107.20.105.74 - - [26/Nov/2023:14:46:40 -0800] "HEAD / HTTP/1.1" 200 359 "http://66.33.221.139" "DreamHost SiteMonitor 1.0" 
125.94.144.102 - - [26/Nov/2023:14:50:44 -0800] "GET / HTTP/1.1" 301 438 "-" "Mozilla/5.0 (iPhone; CPU iPhone OS 13_2_3 like Mac OS X) AppleWebKit/605.1.15 (KHTML, like Gecko) Version/13.0.3 Mobile/15E148 Safari/604.1" 
125.94.144.102 - - [26/Nov/2023:14:50:45 -0800] "GET / HTTP/1.1" 429 439 "http://secrepo.com" "Mozilla/5.0 (iPhone; CPU iPhone OS 13_2_3 like Mac OS X) AppleWebKit/605.1.15 (KHTML, like Gecko) Version/13.0.3 Mobile/15E148 Safari/604.1" 
107.20.105.74 - - [26/Nov/2023:14:56:40 -0800] "HEAD / HTTP/1.1" 301 186 "-" "DreamHost SiteMonitor 1.0" 
107.20.105.74 - - [26/Nov/2023:14:56:40 -0800] "HEAD / HTTP/1.1" 200 359 "http://66.33.221.139" "DreamHost SiteMonitor 1.0" 
51.222.253.6 - - [26/Nov/2023:15:04:35 -0800] "GET /Datasets%20Description/HTML_Bro_log_2/loaded_scripts.html HTTP/1.1" 200 1499 "-" "Mozilla/5.0 (compatible; AhrefsBot/7.0; +http://ahrefs.com/robot/)" 
107.20.105.74 - - [26/Nov/2023:15:06:40 -0800] "HEAD / HTTP/1.1" 301 186 "-" "DreamHost SiteMonitor 1.0" 
107.20.105.74 - - [26/Nov/2023:15:06:40 -0800] "HEAD / HTTP/1.1" 200 359 "http://66.33.221.139" "DreamHost SiteMonitor 1.0" 
89.46.110.112 - - [26/Nov/2023:15:07:23 -0800] "GET / HTTP/1.1" 301 419 "-" "-" 
89.46.110.112 - - [26/Nov/2023:15:07:24 -0800] "GET / HTTP/1.1" 200 49089 "-" "-" 
114.119.150.5 - - [26/Nov/2023:15:08:09 -0800] "GET /self.logs/error.log.2020-08-21 HTTP/1.1" 200 351 "http://www.secrepo.com/self.logs?C=N%3BO%3DD" "Mozilla/5.0 (Linux; Android 7.0;) AppleWebKit/537.36 (KHTML, like Gecko) Mobile Safari/537.36 (compatible; PetalBot;+https://webmaster.petalsearch.com/site/petalbot)" 
114.119.142.7 - - [26/Nov/2023:15:09:51 -0800] "GET /self.logs/error.log.2020-05-17 HTTP/1.1" 200 351 "http://www.secrepo.com/self.logs?C=N%3BO%3DD" "Mozilla/5.0 (Linux; Android 7.0;) AppleWebKit/537.36 (KHTML, like Gecko) Mobile Safari/537.36 (compatible; PetalBot;+https://webmaster.petalsearch.com/site/petalbot)" 
114.119.159.210 - - [26/Nov/2023:15:11:05 -0800] "GET /self.logs/error.log.2020-04-21 HTTP/1.1" 200 351 "http://www.secrepo.com/self.logs?C=N%3BO%3DD" "Mozilla/5.0 (Linux; Android 7.0;) AppleWebKit/537.36 (KHTML, like Gecko) Mobile Safari/537.36 (compatible; PetalBot;+https://webmaster.petalsearch.com/site/petalbot)" 
40.77.167.60 - - [26/Nov/2023:15:13:44 -0800] "GET /self.logs/access.log.2017-03-11.gz HTTP/1.1" 301 487 "-" "Mozilla/5.0 AppleWebKit/537.36 (KHTML, like Gecko; compatible; bingbot/2.0; +http://www.bing.com/bingbot.htm) Chrome/116.0.1938.76 Safari/537.36" 
107.20.105.74 - - [26/Nov/2023:15:16:40 -0800] "HEAD / HTTP/1.1" 301 186 "-" "DreamHost SiteMonitor 1.0" 
107.20.105.74 - - [26/Nov/2023:15:16:40 -0800] "HEAD / HTTP/1.1" 200 359 "http://66.33.221.139" "DreamHost SiteMonitor 1.0" 
157.55.39.10 - - [26/Nov/2023:15:19:09 -0800] "GET /self.logs/access.log.2022-04-21.gz HTTP/1.1" 301 487 "-" "Mozilla/5.0 AppleWebKit/537.36 (KHTML, like Gecko; compatible; bingbot/2.0; +http://www.bing.com/bingbot.htm) Chrome/116.0.1938.76 Safari/537.36" 
107.20.105.74 - - [26/Nov/2023:15:26:40 -0800] "HEAD / HTTP/1.1" 301 186 "-" "DreamHost SiteMonitor 1.0" 
107.20.105.74 - - [26/Nov/2023:15:26:40 -0800] "HEAD / HTTP/1.1" 200 359 "http://66.33.221.139" "DreamHost SiteMonitor 1.0" 
114.119.134.80 - - [26/Nov/2023:15:28:42 -0800] "GET /self.logs/error.log.2020-06-07 HTTP/1.1" 200 351 "http://www.secrepo.com/self.logs?C=N%3BO%3DD" "Mozilla/5.0 (Linux; Android 7.0;) AppleWebKit/537.36 (KHTML, like Gecko) Mobile Safari/537.36 (compatible; PetalBot;+https://webmaster.petalsearch.com/site/petalbot)" 
107.20.105.74 - - [26/Nov/2023:15:36:40 -0800] "HEAD / HTTP/1.1" 301 186 "-" "DreamHost SiteMonitor 1.0" 
107.20.105.74 - - [26/Nov/2023:15:36:40 -0800] "HEAD / HTTP/1.1" 200 359 "http://66.33.221.139" "DreamHost SiteMonitor 1.0" 
107.20.105.74 - - [26/Nov/2023:15:46:40 -0800] "HEAD / HTTP/1.1" 301 186 "-" "DreamHost SiteMonitor 1.0" 
107.20.105.74 - - [26/Nov/2023:15:46:40 -0800] "HEAD / HTTP/1.1" 200 359 "http://66.33.221.139" "DreamHost SiteMonitor 1.0" 
107.20.105.74 - - [26/Nov/2023:15:56:40 -0800] "HEAD / HTTP/1.1" 301 186 "-" "DreamHost SiteMonitor 1.0" 
107.20.105.74 - - [26/Nov/2023:15:56:40 -0800] "HEAD / HTTP/1.1" 200 359 "http://66.33.221.139" "DreamHost SiteMonitor 1.0" 
107.20.105.74 - - [26/Nov/2023:16:06:40 -0800] "HEAD / HTTP/1.1" 301 186 "-" "DreamHost SiteMonitor 1.0" 
107.20.105.74 - - [26/Nov/2023:16:06:40 -0800] "HEAD / HTTP/1.1" 200 359 "http://66.33.221.139" "DreamHost SiteMonitor 1.0" 
157.55.39.9 - - [26/Nov/2023:16:06:47 -0800] "GET /self.logs/access.log.2018-09-21.gz HTTP/1.1" 200 44081 "-" "Mozilla/5.0 AppleWebKit/537.36 (KHTML, like Gecko; compatible; bingbot/2.0; +http://www.bing.com/bingbot.htm) Chrome/116.0.1938.76 Safari/537.36" 
66.249.70.71 - - [26/Nov/2023:16:08:15 -0800] "GET / HTTP/1.1" 301 475 "-" "Mozilla/5.0 (Linux; Android 6.0.1; Nexus 5X Build/MMB29P) AppleWebKit/537.36 (KHTML, like Gecko) Chrome/119.0.6045.123 Mobile Safari/537.36 (compatible; Googlebot/2.1; +http://www.google.com/bot.html)" 
66.249.64.106 - - [26/Nov/2023:16:08:17 -0800] "GET /css/style.css HTTP/1.1" 404 328 "http://www.secrepo.com/" "Mozilla/5.0 (Linux; Android 6.0.1; Nexus 5X Build/MMB29P) AppleWebKit/537.36 (KHTML, like Gecko) Chrome/119.0.6045.123 Mobile Safari/537.36 (compatible; Googlebot/2.1; +http://www.google.com/bot.html)" 
114.119.145.81 - - [26/Nov/2023:16:10:33 -0800] "GET /self.logs/error.log.2020-08-15 HTTP/1.1" 200 351 "http://www.secrepo.com/self.logs?C=N%3BO%3DD" "Mozilla/5.0 (Linux; Android 7.0;) AppleWebKit/537.36 (KHTML, like Gecko) Mobile Safari/537.36 (compatible; PetalBot;+https://webmaster.petalsearch.com/site/petalbot)" 
114.119.145.193 - - [26/Nov/2023:16:11:57 -0800] "GET /self.logs/error.log.2020-06-18 HTTP/1.1" 200 351 "http://www.secrepo.com/self.logs?C=N%3BO%3DD" "Mozilla/5.0 (Linux; Android 7.0;) AppleWebKit/537.36 (KHTML, like Gecko) Mobile Safari/537.36 (compatible; PetalBot;+https://webmaster.petalsearch.com/site/petalbot)" 
107.20.105.74 - - [26/Nov/2023:16:16:40 -0800] "HEAD / HTTP/1.1" 301 186 "-" "DreamHost SiteMonitor 1.0" 
107.20.105.74 - - [26/Nov/2023:16:16:40 -0800] "HEAD / HTTP/1.1" 200 359 "http://66.33.221.139" "DreamHost SiteMonitor 1.0" 
107.20.105.74 - - [26/Nov/2023:16:26:40 -0800] "HEAD / HTTP/1.1" 301 186 "-" "DreamHost SiteMonitor 1.0" 
107.20.105.74 - - [26/Nov/2023:16:26:40 -0800] "HEAD / HTTP/1.1" 200 359 "http://66.33.221.139" "DreamHost SiteMonitor 1.0" 
111.173.114.16 - - [26/Nov/2023:16:28:36 -0800] "GET /include/ckeditor/plugins/smiley/images/angel_smile.gif HTTP/1.1" 404 328 "http://www.secrepo.com/include/ckeditor/plugins/smiley/images/angel_smile.gif" "Mozilla/5.0 (Windows NT 10.0; Win64; x64) AppleWebKit/537.36 (KHTML, like Gecko) Chrome/83.0.4103.61 Safari/537.36" 
111.173.114.16 - - [26/Nov/2023:16:28:37 -0800] "GET /plus/ad_js.php HTTP/1.1" 404 328 "http://www.secrepo.com/plus/ad_js.php" "Mozilla/5.0 (Windows NT 10.0; Win64; x64) AppleWebKit/537.36 (KHTML, like Gecko) Chrome/83.0.4103.61 Safari/537.36" 
111.173.114.16 - - [26/Nov/2023:16:28:37 -0800] "GET /plus/flink_add.php HTTP/1.1" 404 328 "http://www.secrepo.com/plus/flink_add.php" "Mozilla/5.0 (Windows NT 10.0; Win64; x64) AppleWebKit/537.36 (KHTML, like Gecko) Chrome/83.0.4103.61 Safari/537.36" 
107.20.105.74 - - [26/Nov/2023:16:36:40 -0800] "HEAD / HTTP/1.1" 301 186 "-" "DreamHost SiteMonitor 1.0" 
107.20.105.74 - - [26/Nov/2023:16:36:40 -0800] "HEAD / HTTP/1.1" 200 359 "http://66.33.221.139" "DreamHost SiteMonitor 1.0" 
107.20.105.74 - - [26/Nov/2023:16:46:40 -0800] "HEAD / HTTP/1.1" 301 186 "-" "DreamHost SiteMonitor 1.0" 
107.20.105.74 - - [26/Nov/2023:16:46:40 -0800] "HEAD / HTTP/1.1" 200 359 "http://66.33.221.139" "DreamHost SiteMonitor 1.0" 
114.119.133.125 - - [26/Nov/2023:16:56:07 -0800] "GET /self.logs/ HTTP/1.1" 200 46647 "https://github.com/daniele-sartiano/Awesome-Cybersecurity-Datasets" "Mozilla/5.0 (Linux; Android 7.0;) AppleWebKit/537.36 (KHTML, like Gecko) Mobile Safari/537.36 (compatible; PetalBot;+https://webmaster.petalsearch.com/site/petalbot)" 
107.20.105.74 - - [26/Nov/2023:16:56:40 -0800] "HEAD / HTTP/1.1" 301 186 "-" "DreamHost SiteMonitor 1.0" 
107.20.105.74 - - [26/Nov/2023:16:56:40 -0800] "HEAD / HTTP/1.1" 200 359 "http://66.33.221.139" "DreamHost SiteMonitor 1.0" 
107.20.105.74 - - [26/Nov/2023:17:06:40 -0800] "HEAD / HTTP/1.1" 301 186 "-" "DreamHost SiteMonitor 1.0" 
107.20.105.74 - - [26/Nov/2023:17:06:40 -0800] "HEAD / HTTP/1.1" 200 359 "http://66.33.221.139" "DreamHost SiteMonitor 1.0" 
114.119.151.63 - - [26/Nov/2023:17:12:27 -0800] "GET /self.logs/error.log.2020-09-10 HTTP/1.1" 200 351 "http://www.secrepo.com/self.logs?C=N%3BO%3DD" "Mozilla/5.0 (Linux; Android 7.0;) AppleWebKit/537.36 (KHTML, like Gecko) Mobile Safari/537.36 (compatible; PetalBot;+https://webmaster.petalsearch.com/site/petalbot)" 
114.119.142.27 - - [26/Nov/2023:17:13:53 -0800] "GET /self.logs/error.log.2020-03-05 HTTP/1.1" 200 351 "http://www.secrepo.com/self.logs?C=N%3BO%3DD" "Mozilla/5.0 (Linux; Android 7.0;) AppleWebKit/537.36 (KHTML, like Gecko) Mobile Safari/537.36 (compatible; PetalBot;+https://webmaster.petalsearch.com/site/petalbot)" 
107.20.105.74 - - [26/Nov/2023:17:16:40 -0800] "HEAD / HTTP/1.1" 301 186 "-" "DreamHost SiteMonitor 1.0" 
107.20.105.74 - - [26/Nov/2023:17:16:40 -0800] "HEAD / HTTP/1.1" 200 359 "http://66.33.221.139" "DreamHost SiteMonitor 1.0" 
107.20.105.74 - - [26/Nov/2023:17:26:40 -0800] "HEAD / HTTP/1.1" 301 186 "-" "DreamHost SiteMonitor 1.0" 
107.20.105.74 - - [26/Nov/2023:17:26:40 -0800] "HEAD / HTTP/1.1" 200 359 "http://66.33.221.139" "DreamHost SiteMonitor 1.0" 
58.49.151.47 - - [26/Nov/2023:17:30:57 -0800] "GET / HTTP/1.1" 200 13186 "-" "Mozilla/5.0 (Windows NT 10.0; Win64; x64) AppleWebKit/537.36 (KHTML, like Gecko) Chrome/97.0.4280.67 Safari/537.36 Edg/97.0.664.52" 
107.20.105.74 - - [26/Nov/2023:17:36:40 -0800] "HEAD / HTTP/1.1" 301 186 "-" "DreamHost SiteMonitor 1.0" 
107.20.105.74 - - [26/Nov/2023:17:36:40 -0800] "HEAD / HTTP/1.1" 200 359 "http://66.33.221.139" "DreamHost SiteMonitor 1.0" 
222.209.85.215 - - [26/Nov/2023:17:38:39 -0800] "GET /favicon.ico HTTP/1.1" 200 391 "-" "Mozilla/5.0 (Windows NT 10.0; WOW64) AppleWebKit/537.36 (KHTML, like Gecko) Chrome/79.0.3945.79 Safari/537.36" 
107.20.105.74 - - [26/Nov/2023:17:46:40 -0800] "HEAD / HTTP/1.1" 301 186 "-" "DreamHost SiteMonitor 1.0" 
107.20.105.74 - - [26/Nov/2023:17:46:40 -0800] "HEAD / HTTP/1.1" 200 359 "http://66.33.221.139" "DreamHost SiteMonitor 1.0" 
52.167.144.191 - - [26/Nov/2023:17:47:46 -0800] "GET /self.logs/access.log.2023-07-01.gz HTTP/1.1" 200 9775 "-" "Mozilla/5.0 AppleWebKit/537.36 (KHTML, like Gecko; compatible; bingbot/2.0; +http://www.bing.com/bingbot.htm) Chrome/116.0.1938.76 Safari/537.36" 
17.241.75.116 - - [26/Nov/2023:17:52:02 -0800] "GET /self.logs/?C=N;O=D HTTP/1.1" 200 47966 "-" "Mozilla/5.0 (Macintosh; Intel Mac OS X 10_15_5) AppleWebKit/605.1.15 (KHTML, like Gecko) Version/13.1.1 Safari/605.1.15 (Applebot/0.1; +http://www.apple.com/go/applebot)" 
107.20.105.74 - - [26/Nov/2023:17:56:40 -0800] "HEAD / HTTP/1.1" 301 186 "-" "DreamHost SiteMonitor 1.0" 
107.20.105.74 - - [26/Nov/2023:17:56:40 -0800] "HEAD / HTTP/1.1" 200 359 "http://66.33.221.139" "DreamHost SiteMonitor 1.0" 
114.119.155.210 - - [26/Nov/2023:18:02:24 -0800] "GET /self.logs/error.log.2020-10-26 HTTP/1.1" 200 351 "http://www.secrepo.com/self.logs?C=N%3BO%3DD" "Mozilla/5.0 (Linux; Android 7.0;) AppleWebKit/537.36 (KHTML, like Gecko) Mobile Safari/537.36 (compatible; PetalBot;+https://webmaster.petalsearch.com/site/petalbot)" 
114.119.157.112 - - [26/Nov/2023:18:03:44 -0800] "GET /self.logs/error.log.2020-07-30 HTTP/1.1" 200 351 "http://www.secrepo.com/self.logs?C=N%3BO%3DD" "Mozilla/5.0 (Linux; Android 7.0;) AppleWebKit/537.36 (KHTML, like Gecko) Mobile Safari/537.36 (compatible; PetalBot;+https://webmaster.petalsearch.com/site/petalbot)" 
66.249.70.71 - - [26/Nov/2023:18:04:00 -0800] "GET / HTTP/1.1" 301 475 "-" "Mozilla/5.0 (compatible; Googlebot/2.1; +http://www.google.com/bot.html)" 
66.249.64.108 - - [26/Nov/2023:18:04:01 -0800] "GET / HTTP/1.1" 200 13185 "-" "Mozilla/5.0 (compatible; Googlebot/2.1; +http://www.google.com/bot.html)" 
66.249.64.108 - - [26/Nov/2023:18:04:03 -0800] "GET /css/style.css HTTP/1.1" 404 305 "http://www.secrepo.com/" "Mozilla/5.0 AppleWebKit/537.36 (KHTML, like Gecko; compatible; Googlebot/2.1; +http://www.google.com/bot.html) Chrome/119.0.6045.123 Safari/537.36" 
114.119.139.43 - - [26/Nov/2023:18:05:09 -0800] "GET /Datasets%20Description/HTML_Bro_log_1/dhcp.html HTTP/1.1" 200 1733 "http://www.secrepo.com/Datasets%20Description/HTML_Bro_log_1/?C=M%3BO%3DA" "Mozilla/5.0 (Linux; Android 7.0;) AppleWebKit/537.36 (KHTML, like Gecko) Mobile Safari/537.36 (compatible; PetalBot;+https://webmaster.petalsearch.com/site/petalbot)" 
107.20.105.74 - - [26/Nov/2023:18:06:40 -0800] "HEAD / HTTP/1.1" 301 186 "-" "DreamHost SiteMonitor 1.0" 
107.20.105.74 - - [26/Nov/2023:18:06:40 -0800] "HEAD / HTTP/1.1" 200 359 "http://66.33.221.139" "DreamHost SiteMonitor 1.0" 
66.249.64.106 - - [26/Nov/2023:18:14:07 -0800] "GET / HTTP/1.1" 200 13185 "-" "Mozilla/5.0 (compatible; Googlebot/2.1; +http://www.google.com/bot.html)" 
66.249.64.106 - - [26/Nov/2023:18:14:09 -0800] "GET /css/style.css HTTP/1.1" 404 305 "http://www.secrepo.com/" "Mozilla/5.0 AppleWebKit/537.36 (KHTML, like Gecko; compatible; Googlebot/2.1; +http://www.google.com/bot.html) Chrome/119.0.6045.123 Safari/537.36" 
107.20.105.74 - - [26/Nov/2023:18:16:40 -0800] "HEAD / HTTP/1.1" 301 186 "-" "DreamHost SiteMonitor 1.0" 
107.20.105.74 - - [26/Nov/2023:18:16:40 -0800] "HEAD / HTTP/1.1" 200 359 "http://66.33.221.139" "DreamHost SiteMonitor 1.0" 
107.20.105.74 - - [26/Nov/2023:18:26:40 -0800] "HEAD / HTTP/1.1" 301 186 "-" "DreamHost SiteMonitor 1.0" 
107.20.105.74 - - [26/Nov/2023:18:26:40 -0800] "HEAD / HTTP/1.1" 200 359 "http://66.33.221.139" "DreamHost SiteMonitor 1.0" 
107.20.105.74 - - [26/Nov/2023:18:36:40 -0800] "HEAD / HTTP/1.1" 301 186 "-" "DreamHost SiteMonitor 1.0" 
107.20.105.74 - - [26/Nov/2023:18:36:40 -0800] "HEAD / HTTP/1.1" 200 359 "http://66.33.221.139" "DreamHost SiteMonitor 1.0" 
114.119.140.185 - - [26/Nov/2023:18:38:50 -0800] "GET /self.logs/error.log.2020-02-18 HTTP/1.1" 200 2341 "http://www.secrepo.com/self.logs?C=N%3BO%3DD" "Mozilla/5.0 (Linux; Android 7.0;) AppleWebKit/537.36 (KHTML, like Gecko) Mobile Safari/537.36 (compatible; PetalBot;+https://webmaster.petalsearch.com/site/petalbot)" 
107.20.105.74 - - [26/Nov/2023:18:46:40 -0800] "HEAD / HTTP/1.1" 301 186 "-" "DreamHost SiteMonitor 1.0" 
107.20.105.74 - - [26/Nov/2023:18:46:40 -0800] "HEAD / HTTP/1.1" 200 359 "http://66.33.221.139" "DreamHost SiteMonitor 1.0" 
107.20.105.74 - - [26/Nov/2023:18:56:40 -0800] "HEAD / HTTP/1.1" 301 186 "-" "DreamHost SiteMonitor 1.0" 
107.20.105.74 - - [26/Nov/2023:18:56:40 -0800] "HEAD / HTTP/1.1" 200 359 "http://66.33.221.139" "DreamHost SiteMonitor 1.0" 
51.222.253.18 - - [26/Nov/2023:18:59:51 -0800] "GET / HTTP/1.1" 200 13142 "-" "Mozilla/5.0 (compatible; AhrefsBot/7.0; +http://ahrefs.com/robot/)" 
107.20.105.74 - - [26/Nov/2023:19:06:40 -0800] "HEAD / HTTP/1.1" 301 186 "-" "DreamHost SiteMonitor 1.0" 
107.20.105.74 - - [26/Nov/2023:19:06:40 -0800] "HEAD / HTTP/1.1" 200 359 "http://66.33.221.139" "DreamHost SiteMonitor 1.0" 
107.20.105.74 - - [26/Nov/2023:19:16:40 -0800] "HEAD / HTTP/1.1" 301 186 "-" "DreamHost SiteMonitor 1.0" 
107.20.105.74 - - [26/Nov/2023:19:16:40 -0800] "HEAD / HTTP/1.1" 200 359 "http://66.33.221.139" "DreamHost SiteMonitor 1.0" 
222.209.85.215 - - [26/Nov/2023:19:22:13 -0800] "GET /favicon.ico HTTP/1.1" 200 391 "-" "Mozilla/5.0 (Windows NT 10.0; WOW64) AppleWebKit/537.36 (KHTML, like Gecko) Chrome/79.0.3945.79 Safari/537.36" 
107.20.105.74 - - [26/Nov/2023:19:26:40 -0800] "HEAD / HTTP/1.1" 301 186 "-" "DreamHost SiteMonitor 1.0" 
107.20.105.74 - - [26/Nov/2023:19:26:40 -0800] "HEAD / HTTP/1.1" 200 359 "http://66.33.221.139" "DreamHost SiteMonitor 1.0" 
51.222.253.19 - - [26/Nov/2023:19:27:28 -0800] "GET /maccdc2012/dns.log.gz HTTP/1.1" 200 75920 "-" "Mozilla/5.0 (compatible; AhrefsBot/7.0; +http://ahrefs.com/robot/)" 
107.20.105.74 - - [26/Nov/2023:19:36:40 -0800] "HEAD / HTTP/1.1" 301 186 "-" "DreamHost SiteMonitor 1.0" 
107.20.105.74 - - [26/Nov/2023:19:36:40 -0800] "HEAD / HTTP/1.1" 200 359 "http://66.33.221.139" "DreamHost SiteMonitor 1.0" 
106.75.74.57 - - [26/Nov/2023:19:40:34 -0800] "GET / HTTP/1.1" 200 13149 "-" "Mozilla/5.0 (Macintosh; Intel Mac OS X 9_2_2) AppleWebKit/575.41 (KHTML, like Gecko) Chrome/84.0.1502 Safari/537.36" 
106.75.74.57 - - [26/Nov/2023:19:40:37 -0800] "GET /bootstrap/img/favicon.ico HTTP/1.1" 200 676 "-" "Mozilla/5.0 (Macintosh; Intel Mac OS X 8_2_2) AppleWebKit/561.54 (KHTML, like Gecko) Chrome/58.0.1043 Safari/537.36" 
106.75.74.57 - - [26/Nov/2023:19:40:39 -0800] "GET /robots.txt HTTP/1.1" 200 340 "-" "Mozilla/5.0 (Windows NT 8_0; Win64; x64) AppleWebKit/567.41 (KHTML, like Gecko) Chrome/56.0.1809 Safari/537.36" 
106.75.74.57 - - [26/Nov/2023:19:40:39 -0800] "GET /sitemap.xml HTTP/1.1" 404 291 "-" "Mozilla/5.0 (Macintosh; Intel Mac OS X 9_1_2) AppleWebKit/550.38 (KHTML, like Gecko) Chrome/60.0.2489 Safari/537.36" 
106.75.74.57 - - [26/Nov/2023:19:40:40 -0800] "GET /axis2-admin/ HTTP/1.1" 404 291 "-" "Mozilla/5.0 (Windows NT 10.0; WOW64) AppleWebKit/537.36 (KHTML, like Gecko) Chrome/83.0.4103.116 Safari/537.36" 
106.75.74.57 - - [26/Nov/2023:19:40:40 -0800] "GET /axis2/ HTTP/1.1" 404 291 "-" "Mozilla/5.0 (Windows NT 10.0; WOW64) AppleWebKit/537.36 (KHTML, like Gecko) Chrome/83.0.4103.116 Safari/537.36" 
106.75.74.57 - - [26/Nov/2023:19:40:41 -0800] "GET /axis2/axis2-admin/ HTTP/1.1" 404 291 "-" "Mozilla/5.0 (Windows NT 10.0; WOW64) AppleWebKit/537.36 (KHTML, like Gecko) Chrome/83.0.4103.116 Safari/537.36" 
157.55.39.52 - - [26/Nov/2023:19:44:59 -0800] "GET /self.logs/access.log.2022-01-15.gz HTTP/1.1" 200 15971 "-" "Mozilla/5.0 AppleWebKit/537.36 (KHTML, like Gecko; compatible; bingbot/2.0; +http://www.bing.com/bingbot.htm) Chrome/116.0.1938.76 Safari/537.36" 
107.20.105.74 - - [26/Nov/2023:19:46:40 -0800] "HEAD / HTTP/1.1" 301 186 "-" "DreamHost SiteMonitor 1.0" 
107.20.105.74 - - [26/Nov/2023:19:46:40 -0800] "HEAD / HTTP/1.1" 200 359 "http://66.33.221.139" "DreamHost SiteMonitor 1.0" 
44.203.64.118 - - [26/Nov/2023:19:46:47 -0800] "GET / HTTP/1.1" 200 13143 "-" "Mozilla/5.0 (compatible; startmebot/1.0; +https://start.me/bot)" 
51.222.253.12 - - [26/Nov/2023:19:53:41 -0800] "GET /self.logs/2016/?C=D;O=D HTTP/1.1" 200 8028 "-" "Mozilla/5.0 (compatible; AhrefsBot/7.0; +http://ahrefs.com/robot/)" 
107.20.105.74 - - [26/Nov/2023:19:56:40 -0800] "HEAD / HTTP/1.1" 301 186 "-" "DreamHost SiteMonitor 1.0" 
107.20.105.74 - - [26/Nov/2023:19:56:40 -0800] "HEAD / HTTP/1.1" 200 359 "http://66.33.221.139" "DreamHost SiteMonitor 1.0" 
107.20.105.74 - - [26/Nov/2023:20:06:40 -0800] "HEAD / HTTP/1.1" 301 186 "-" "DreamHost SiteMonitor 1.0" 
107.20.105.74 - - [26/Nov/2023:20:06:40 -0800] "HEAD / HTTP/1.1" 200 359 "http://66.33.221.139" "DreamHost SiteMonitor 1.0" 
107.20.105.74 - - [26/Nov/2023:20:16:40 -0800] "HEAD / HTTP/1.1" 301 186 "-" "DreamHost SiteMonitor 1.0" 
107.20.105.74 - - [26/Nov/2023:20:16:40 -0800] "HEAD / HTTP/1.1" 200 359 "http://66.33.221.139" "DreamHost SiteMonitor 1.0" 
107.20.105.74 - - [26/Nov/2023:20:26:40 -0800] "HEAD / HTTP/1.1" 301 186 "-" "DreamHost SiteMonitor 1.0" 
107.20.105.74 - - [26/Nov/2023:20:26:40 -0800] "HEAD / HTTP/1.1" 200 359 "http://66.33.221.139" "DreamHost SiteMonitor 1.0" 
107.20.105.74 - - [26/Nov/2023:20:36:40 -0800] "HEAD / HTTP/1.1" 301 186 "-" "DreamHost SiteMonitor 1.0" 
107.20.105.74 - - [26/Nov/2023:20:36:40 -0800] "HEAD / HTTP/1.1" 200 359 "http://66.33.221.139" "DreamHost SiteMonitor 1.0" 
107.20.105.74 - - [26/Nov/2023:20:46:40 -0800] "HEAD / HTTP/1.1" 301 186 "-" "DreamHost SiteMonitor 1.0" 
107.20.105.74 - - [26/Nov/2023:20:46:40 -0800] "HEAD / HTTP/1.1" 200 359 "http://66.33.221.139" "DreamHost SiteMonitor 1.0" 
40.77.167.55 - - [26/Nov/2023:20:47:38 -0800] "GET /self.logs/access.log.2023-02-16.gz HTTP/1.1" 200 11848 "-" "Mozilla/5.0 AppleWebKit/537.36 (KHTML, like Gecko; compatible; bingbot/2.0; +http://www.bing.com/bingbot.htm) Chrome/116.0.1938.76 Safari/537.36" 
107.20.105.74 - - [26/Nov/2023:20:56:40 -0800] "HEAD / HTTP/1.1" 301 186 "-" "DreamHost SiteMonitor 1.0" 
107.20.105.74 - - [26/Nov/2023:20:56:40 -0800] "HEAD / HTTP/1.1" 200 359 "http://66.33.221.139" "DreamHost SiteMonitor 1.0" 
72.90.81.11 - - [26/Nov/2023:21:05:53 -0800] "HEAD / HTTP/1.1" 200 425 "-" "Mozilla/5.0 (compatible; Fess/14.10; +http://fess.codelibs.org/bot.html)" 
72.90.81.11 - - [26/Nov/2023:21:05:53 -0800] "GET / HTTP/1.1" 200 13163 "-" "Mozilla/5.0 (compatible; Fess/14.10; +http://fess.codelibs.org/bot.html)" 
103.153.183.106 - - [26/Nov/2023:21:06:23 -0800] "GET /wp-includes/css/buttons.css HTTP/1.1" 301 473 "-" "Go-http-client/1.1" 
103.153.183.106 - - [26/Nov/2023:21:06:23 -0800] "GET /wp-includes/css/buttons.css HTTP/1.1" 429 420 "http://secrepo.com/wp-includes/css/buttons.css" "Go-http-client/1.1" 
107.20.105.74 - - [26/Nov/2023:21:06:40 -0800] "HEAD / HTTP/1.1" 301 186 "-" "DreamHost SiteMonitor 1.0" 
107.20.105.74 - - [26/Nov/2023:21:06:40 -0800] "HEAD / HTTP/1.1" 200 359 "http://66.33.221.139" "DreamHost SiteMonitor 1.0" 
72.90.81.11 - - [26/Nov/2023:21:07:24 -0800] "HEAD / HTTP/1.1" 200 425 "-" "Mozilla/5.0 (compatible; Fess/14.10; +http://fess.codelibs.org/bot.html)" 
101.35.245.29 - - [26/Nov/2023:21:10:55 -0800] "GET / HTTP/1.1" 301 475 "-" "Mozilla/5.0 (Windows NT 6.1; WOW64; rv:17.0) Gecko/20100101 Firefox/17.0" 
101.35.245.29 - - [26/Nov/2023:21:10:56 -0800] "GET / HTTP/1.1" 200 49133 "-" "Mozilla/5.0 (Windows NT 6.1; WOW64; rv:17.0) Gecko/20100101 Firefox/17.0" 
52.167.144.171 - - [26/Nov/2023:21:16:31 -0800] "GET /self.logs/access.log.2017-03-22.gz HTTP/1.1" 200 25079 "-" "Mozilla/5.0 AppleWebKit/537.36 (KHTML, like Gecko; compatible; bingbot/2.0; +http://www.bing.com/bingbot.htm) Chrome/116.0.1938.76 Safari/537.36" 
107.20.105.74 - - [26/Nov/2023:21:16:40 -0800] "HEAD / HTTP/1.1" 301 186 "-" "DreamHost SiteMonitor 1.0" 
107.20.105.74 - - [26/Nov/2023:21:16:40 -0800] "HEAD / HTTP/1.1" 200 359 "http://66.33.221.139" "DreamHost SiteMonitor 1.0" 
157.55.39.202 - - [26/Nov/2023:21:22:50 -0800] "GET /self.logs/access.log.2018-08-22.gz HTTP/1.1" 200 24948 "-" "Mozilla/5.0 AppleWebKit/537.36 (KHTML, like Gecko; compatible; bingbot/2.0; +http://www.bing.com/bingbot.htm) Chrome/116.0.1938.76 Safari/537.36" 
107.20.105.74 - - [26/Nov/2023:21:26:40 -0800] "HEAD / HTTP/1.1" 301 186 "-" "DreamHost SiteMonitor 1.0" 
107.20.105.74 - - [26/Nov/2023:21:26:40 -0800] "HEAD / HTTP/1.1" 200 359 "http://66.33.221.139" "DreamHost SiteMonitor 1.0" 
107.20.105.74 - - [26/Nov/2023:21:36:40 -0800] "HEAD / HTTP/1.1" 301 186 "-" "DreamHost SiteMonitor 1.0" 
107.20.105.74 - - [26/Nov/2023:21:36:40 -0800] "HEAD / HTTP/1.1" 200 359 "http://66.33.221.139" "DreamHost SiteMonitor 1.0" 
103.216.152.178 - - [26/Nov/2023:21:43:31 -0800] "GET / HTTP/1.1" 200 13186 "-" "Mozilla/5.0 (Windows NT 10.0; Win64; x64) AppleWebKit/537.36 (KHTML, like Gecko) Chrome/97.0.4280.67 Safari/537.36 Edg/97.0.664.52" 
51.222.253.15 - - [26/Nov/2023:21:44:04 -0800] "GET /robots.txt HTTP/1.1" 301 439 "-" "Mozilla/5.0 (compatible; AhrefsBot/7.0; +http://ahrefs.com/robot/)" 
51.222.253.15 - - [26/Nov/2023:21:44:04 -0800] "GET /robots.txt HTTP/1.1" 200 333 "-" "Mozilla/5.0 (compatible; AhrefsBot/7.0; +http://ahrefs.com/robot/)" 
51.222.253.13 - - [26/Nov/2023:21:44:05 -0800] "GET / HTTP/1.1" 301 419 "-" "Mozilla/5.0 (compatible; AhrefsBot/7.0; +http://ahrefs.com/robot/)" 
107.20.105.74 - - [26/Nov/2023:21:46:40 -0800] "HEAD / HTTP/1.1" 301 186 "-" "DreamHost SiteMonitor 1.0" 
107.20.105.74 - - [26/Nov/2023:21:46:40 -0800] "HEAD / HTTP/1.1" 200 359 "http://66.33.221.139" "DreamHost SiteMonitor 1.0" 
27.150.191.126 - - [26/Nov/2023:21:48:27 -0800] "GET / HTTP/1.1" 301 475 "-" "Mozilla/5.0 (Windows NT 10.0; Win64; x64) AppleWebKit/537.36 (KHTML, like Gecko) Chrome/76.0.3809.25 Safari/537.36" 
27.150.191.126 - - [26/Nov/2023:21:48:28 -0800] "GET / HTTP/1.1" 200 13186 "-" "Mozilla/5.0 (Windows NT 10.0; Win64; x64) AppleWebKit/537.36 (KHTML, like Gecko) Chrome/76.0.3809.25 Safari/537.36" 
27.150.191.126 - - [26/Nov/2023:21:49:29 -0800] "GET /ajax.googleapis.com/ajax/libs/jquery/2.0.2/jquery.min.js HTTP/1.1" 301 587 "-" "Mozilla/5.0 (Windows NT 10.0; Win64; x64) AppleWebKit/537.36 (KHTML, like Gecko) Chrome/76.0.3809.25 Safari/537.36" 
27.150.191.126 - - [26/Nov/2023:21:49:30 -0800] "GET /ajax.googleapis.com/ajax/libs/jquery/2.0.2/jquery.min.js HTTP/1.1" 404 328 "-" "Mozilla/5.0 (Windows NT 10.0; Win64; x64) AppleWebKit/537.36 (KHTML, like Gecko) Chrome/76.0.3809.25 Safari/537.36" 
27.150.191.126 - - [26/Nov/2023:21:49:30 -0800] "GET /netdna.bootstrapcdn.com/bootstrap/3.1.1/js/bootstrap.min.js HTTP/1.1" 301 0 "-" "Mozilla/5.0 (Windows NT 10.0; Win64; x64) AppleWebKit/537.36 (KHTML, like Gecko) Chrome/76.0.3809.25 Safari/537.36" 
27.150.191.126 - - [26/Nov/2023:21:49:30 -0800] "GET /netdna.bootstrapcdn.com/bootstrap/3.1.1/js/bootstrap.min.js HTTP/1.1" 301 0 "-" "Mozilla/5.0 (Windows NT 10.0; Win64; x64) AppleWebKit/537.36 (KHTML, like Gecko) Chrome/76.0.3809.25 Safari/537.36" 
27.150.191.126 - - [26/Nov/2023:21:49:31 -0800] "GET /www.google-analytics.com/analytics.js HTTP/1.1" 301 549 "-" "Mozilla/5.0 (Windows NT 10.0; Win64; x64) AppleWebKit/537.36 (KHTML, like Gecko) Chrome/76.0.3809.25 Safari/537.36" 
27.150.191.126 - - [26/Nov/2023:21:49:31 -0800] "GET /www.google-analytics.com/analytics.js HTTP/1.1" 404 305 "-" "Mozilla/5.0 (Windows NT 10.0; Win64; x64) AppleWebKit/537.36 (KHTML, like Gecko) Chrome/76.0.3809.25 Safari/537.36" 
27.150.191.126 - - [26/Nov/2023:21:49:31 -0800] "GET /quantserve.com/quant.js HTTP/1.1" 301 520 "-" "Mozilla/5.0 (Windows NT 10.0; Win64; x64) AppleWebKit/537.36 (KHTML, like Gecko) Chrome/76.0.3809.25 Safari/537.36" 
27.150.191.126 - - [26/Nov/2023:21:49:31 -0800] "GET /quantserve.com/quant.js HTTP/1.1" 404 305 "-" "Mozilla/5.0 (Windows NT 10.0; Win64; x64) AppleWebKit/537.36 (KHTML, like Gecko) Chrome/76.0.3809.25 Safari/537.36" 
114.119.136.148 - - [26/Nov/2023:21:53:43 -0800] "GET /self.logs/error.log.2020-02-18 HTTP/1.1" 200 2341 "http://www.secrepo.com/self.logs?C=N%3BO%3DD" "Mozilla/5.0 (Linux; Android 7.0;) AppleWebKit/537.36 (KHTML, like Gecko) Mobile Safari/537.36 (compatible; PetalBot;+https://webmaster.petalsearch.com/site/petalbot)" 
114.119.151.179 - - [26/Nov/2023:21:54:23 -0800] "GET /self.logs/error.log.2020-10-15 HTTP/1.1" 200 351 "http://www.secrepo.com/self.logs?C=N%3BO%3DD" "Mozilla/5.0 (Linux; Android 7.0;) AppleWebKit/537.36 (KHTML, like Gecko) Mobile Safari/537.36 (compatible; PetalBot;+https://webmaster.petalsearch.com/site/petalbot)" 
114.119.134.3 - - [26/Nov/2023:21:56:36 -0800] "GET /self.logs/error.log.2021-01-22 HTTP/1.1" 200 1685 "http://www.secrepo.com/self.logs?C=N%3BO%3DD" "Mozilla/5.0 (Linux; Android 7.0;) AppleWebKit/537.36 (KHTML, like Gecko) Mobile Safari/537.36 (compatible; PetalBot;+https://webmaster.petalsearch.com/site/petalbot)" 
107.20.105.74 - - [26/Nov/2023:21:56:40 -0800] "HEAD / HTTP/1.1" 301 186 "-" "DreamHost SiteMonitor 1.0" 
107.20.105.74 - - [26/Nov/2023:21:56:40 -0800] "HEAD / HTTP/1.1" 200 359 "http://66.33.221.139" "DreamHost SiteMonitor 1.0" 
114.119.152.221 - - [26/Nov/2023:21:56:51 -0800] "GET /self.logs/error.log.2020-05-24 HTTP/1.1" 200 351 "http://www.secrepo.com/self.logs?C=N%3BO%3DD" "Mozilla/5.0 (Linux; Android 7.0;) AppleWebKit/537.36 (KHTML, like Gecko) Mobile Safari/537.36 (compatible; PetalBot;+https://webmaster.petalsearch.com/site/petalbot)" 
114.119.153.169 - - [26/Nov/2023:21:58:17 -0800] "GET /self.logs/error.log.2020-05-20 HTTP/1.1" 200 351 "http://www.secrepo.com/self.logs?C=N%3BO%3DD" "Mozilla/5.0 (Linux; Android 7.0;) AppleWebKit/537.36 (KHTML, like Gecko) Mobile Safari/537.36 (compatible; PetalBot;+https://webmaster.petalsearch.com/site/petalbot)" 
114.119.156.74 - - [26/Nov/2023:21:58:46 -0800] "GET /self.logs/error.log.2020-05-04 HTTP/1.1" 200 351 "http://www.secrepo.com/self.logs?C=N%3BO%3DD" "Mozilla/5.0 (Linux; Android 7.0;) AppleWebKit/537.36 (KHTML, like Gecko) Mobile Safari/537.36 (compatible; PetalBot;+https://webmaster.petalsearch.com/site/petalbot)" 
114.119.141.35 - - [26/Nov/2023:22:00:07 -0800] "GET /Datasets%20Description/HTML_Bro_log_1/?C=S%3BO%3DA HTTP/1.1" 200 834 "http://www.secrepo.com/Datasets%20Description/HTML_Bro_log_1/?C=M%3BO%3DA" "Mozilla/5.0 (Linux; Android 7.0;) AppleWebKit/537.36 (KHTML, like Gecko) Mobile Safari/537.36 (compatible; PetalBot;+https://webmaster.petalsearch.com/site/petalbot)" 
223.72.89.196 - - [26/Nov/2023:22:04:33 -0800] "GET / HTTP/1.1" 200 13185 "-" "Mozilla/5.0 (Macintosh; Intel Mac OS X 10_15_7) AppleWebKit/605.1.15 (KHTML, like Gecko) Version/16.6 Mobile/15E148 Safari/604.1" 
223.72.89.196 - - [26/Nov/2023:22:04:33 -0800] "GET /apple-touch-icon-152x152-precomposed.png HTTP/1.1" 404 328 "-" "MobileSafari/8615.3.12.10.2 CFNetwork/1410.0.3 Darwin/22.6.0" 
223.72.89.196 - - [26/Nov/2023:22:04:33 -0800] "GET /apple-touch-icon-152x152.png HTTP/1.1" 404 305 "-" "MobileSafari/8615.3.12.10.2 CFNetwork/1410.0.3 Darwin/22.6.0" 
223.72.89.196 - - [26/Nov/2023:22:04:34 -0800] "GET /apple-touch-icon-precomposed.png HTTP/1.1" 404 305 "-" "MobileSafari/8615.3.12.10.2 CFNetwork/1410.0.3 Darwin/22.6.0" 
223.72.89.196 - - [26/Nov/2023:22:04:34 -0800] "GET /apple-touch-icon.png HTTP/1.1" 404 305 "-" "MobileSafari/8615.3.12.10.2 CFNetwork/1410.0.3 Darwin/22.6.0" 
223.72.89.196 - - [26/Nov/2023:22:04:34 -0800] "GET /bootstrap/img/favicon.ico HTTP/1.1" 200 690 "-" "MobileSafari/8615.3.12.10.2 CFNetwork/1410.0.3 Darwin/22.6.0" 
107.20.105.74 - - [26/Nov/2023:22:06:40 -0800] "HEAD / HTTP/1.1" 301 186 "-" "DreamHost SiteMonitor 1.0" 
107.20.105.74 - - [26/Nov/2023:22:06:40 -0800] "HEAD / HTTP/1.1" 200 359 "http://66.33.221.139" "DreamHost SiteMonitor 1.0" 
