62.210.143.10 - - [10/Aug/2021:21:51:30 -0700] "GET /Datasets%20Description/?C=D;O=D HTTP/1.1" 200 673 "-" "Mozilla/5.0 (compatible; Barkrowler/0.9; +https://babbar.tech/crawler)" 
62.210.143.10 - - [10/Aug/2021:21:51:54 -0700] "GET /Datasets%20Description/?C=N;O=A HTTP/1.1" 200 677 "-" "Mozilla/5.0 (compatible; Barkrowler/0.9; +https://babbar.tech/crawler)" 
62.210.143.10 - - [10/Aug/2021:21:52:24 -0700] "GET /Datasets%20Description/?C=N;O=D HTTP/1.1" 200 673 "-" "Mozilla/5.0 (compatible; Barkrowler/0.9; +https://babbar.tech/crawler)" 
62.210.143.10 - - [10/Aug/2021:21:52:50 -0700] "GET /Datasets%20Description/Network/ HTTP/1.1" 200 769 "-" "Mozilla/5.0 (compatible; Barkrowler/0.9; +https://babbar.tech/crawler)" 
62.210.143.10 - - [10/Aug/2021:21:53:13 -0700] "GET /self.logs/?C=N;O=A HTTP/1.1" 200 31016 "-" "Mozilla/5.0 (compatible; Barkrowler/0.9; +https://babbar.tech/crawler)" 
62.210.143.10 - - [10/Aug/2021:21:53:35 -0700] "GET /self.logs/?C=M;O=D HTTP/1.1" 200 33537 "-" "Mozilla/5.0 (compatible; Barkrowler/0.9; +https://babbar.tech/crawler)" 
62.210.143.10 - - [10/Aug/2021:21:53:58 -0700] "GET /self.logs/?C=S;O=D HTTP/1.1" 200 36583 "-" "Mozilla/5.0 (compatible; Barkrowler/0.9; +https://babbar.tech/crawler)" 
62.210.143.10 - - [10/Aug/2021:21:54:24 -0700] "GET /self.logs/?C=D;O=D HTTP/1.1" 200 31698 "-" "Mozilla/5.0 (compatible; Barkrowler/0.9; +https://babbar.tech/crawler)" 
62.210.143.10 - - [10/Aug/2021:21:54:47 -0700] "GET /tg_snort_full.7z HTTP/1.1" 404 328 "-" "Mozilla/5.0 (compatible; Barkrowler/0.9; +https://babbar.tech/crawler)" 
62.210.143.10 - - [10/Aug/2021:21:55:11 -0700] "GET /tg_snort_fast.7z HTTP/1.1" 404 328 "-" "Mozilla/5.0 (compatible; Barkrowler/0.9; +https://babbar.tech/crawler)" 
114.119.159.40 - - [10/Aug/2021:21:55:31 -0700] "GET /self.logs/access.log.2018-01-03.gz HTTP/1.1" 200 27861 "-" "Mozilla/5.0 (Linux; Android 7.0;) AppleWebKit/537.36 (KHTML, like Gecko) Mobile Safari/537.36 (compatible; PetalBot;+https://webmaster.petalsearch.com/site/petalbot)" 
62.210.143.10 - - [10/Aug/2021:21:55:33 -0700] "GET /Datasets%20Description/Network/ftp.html HTTP/1.1" 200 1530 "-" "Mozilla/5.0 (compatible; Barkrowler/0.9; +https://babbar.tech/crawler)" 
62.210.143.10 - - [10/Aug/2021:21:55:55 -0700] "GET /Datasets%20Description/Network/http.html HTTP/1.1" 200 1709 "-" "Mozilla/5.0 (compatible; Barkrowler/0.9; +https://babbar.tech/crawler)" 
62.210.143.10 - - [10/Aug/2021:21:56:17 -0700] "GET /Datasets%20Description/Network/files.html HTTP/1.1" 200 1532 "-" "Mozilla/5.0 (compatible; Barkrowler/0.9; +https://babbar.tech/crawler)" 
62.210.143.10 - - [10/Aug/2021:21:56:38 -0700] "GET /Datasets%20Description/Network/notice.html HTTP/1.1" 200 1650 "-" "Mozilla/5.0 (compatible; Barkrowler/0.9; +https://babbar.tech/crawler)" 
106.38.241.144 - - [10/Aug/2021:22:01:08 -0700] "GET / HTTP/1.1" 200 12845 "-" "Sogou web spider/4.0(+http://www.sogou.com/docs/help/webmasters.htm#07)" 
17.121.113.134 - - [10/Aug/2021:22:03:24 -0700] "GET /self.logs/error.log.2020-01-23 HTTP/1.1" 200 307 "-" "Mozilla/5.0 (Macintosh; Intel Mac OS X 10_15_5) AppleWebKit/605.1.15 (KHTML, like Gecko) Version/13.1.1 Safari/605.1.15 (Applebot/0.1; +http://www.apple.com/go/applebot)" 
68.98.52.231 - - [10/Aug/2021:22:06:14 -0700] "GET /bootstrap/img/favicon.ico HTTP/1.1" 304 263 "-" "Mozilla/5.0 (Windows NT 10.0; Win64; x64) AppleWebKit/537.36 (KHTML, like Gecko) Chrome/92.0.4515.131 Safari/537.36" 
121.36.11.131 - - [10/Aug/2021:22:07:48 -0700] "HEAD / HTTP/1.1" 200 396 "http://www.secrepo.com" "Mozilla/5.0 (compatible; MSIE 9.0; Windows NT 6.1; Trident/5.0); 360Spider" 
114.119.129.244 - - [10/Aug/2021:22:15:24 -0700] "GET /self.logs/access.log.2017-03-10.gz HTTP/1.1" 200 17942 "-" "Mozilla/5.0 (Linux; Android 7.0;) AppleWebKit/537.36 (KHTML, like Gecko) Mobile Safari/537.36 (compatible; PetalBot;+https://webmaster.petalsearch.com/site/petalbot)" 
95.91.74.118 - - [10/Aug/2021:22:17:05 -0700] "GET /robots.txt HTTP/1.1" 200 377 "-" "Mozilla/5.0 (compatible; MJ12bot/v1.4.8; http://mj12bot.com/)" 
114.119.140.84 - - [10/Aug/2021:22:22:08 -0700] "GET /self.logs/access.log.2017-05-16.gz HTTP/1.1" 200 26444 "-" "Mozilla/5.0 (Linux; Android 7.0;) AppleWebKit/537.36 (KHTML, like Gecko) Mobile Safari/537.36 (compatible; PetalBot;+https://webmaster.petalsearch.com/site/petalbot)" 
62.210.143.10 - - [10/Aug/2021:22:24:24 -0700] "GET /Datasets%20Description/Network/weird.html HTTP/1.1" 200 1645 "-" "Mozilla/5.0 (compatible; Barkrowler/0.9; +https://babbar.tech/crawler)" 
62.210.143.10 - - [10/Aug/2021:22:24:38 -0700] "GET /Datasets%20Description/Network/N/A HTTP/1.1" 404 328 "-" "Mozilla/5.0 (compatible; Barkrowler/0.9; +https://babbar.tech/crawler)" 
62.210.143.10 - - [10/Aug/2021:22:25:02 -0700] "GET /self.logs/2015/?C=D;O=D HTTP/1.1" 200 7767 "-" "Mozilla/5.0 (compatible; Barkrowler/0.9; +https://babbar.tech/crawler)" 
62.210.143.10 - - [10/Aug/2021:22:25:26 -0700] "GET /self.logs/2016/?C=D;O=D HTTP/1.1" 200 8072 "-" "Mozilla/5.0 (compatible; Barkrowler/0.9; +https://babbar.tech/crawler)" 
62.210.143.10 - - [10/Aug/2021:22:25:46 -0700] "GET /Datasets%20Description/Network/ssh.html HTTP/1.1" 200 1368 "-" "Mozilla/5.0 (compatible; Barkrowler/0.9; +https://babbar.tech/crawler)" 
62.210.143.10 - - [10/Aug/2021:22:26:16 -0700] "GET /Datasets%20Description/Network/signatures.html HTTP/1.1" 404 328 "-" "Mozilla/5.0 (compatible; Barkrowler/0.9; +https://babbar.tech/crawler)" 
62.210.143.10 - - [10/Aug/2021:22:26:40 -0700] "GET /Datasets%20Description/Network/?C=N;O=D HTTP/1.1" 200 765 "-" "Mozilla/5.0 (compatible; Barkrowler/0.9; +https://babbar.tech/crawler)" 
62.210.143.10 - - [10/Aug/2021:22:27:05 -0700] "GET /Datasets%20Description/Network/?C=N;O=A HTTP/1.1" 200 769 "-" "Mozilla/5.0 (compatible; Barkrowler/0.9; +https://babbar.tech/crawler)" 
62.210.143.10 - - [10/Aug/2021:22:27:50 -0700] "GET /Datasets%20Description/Network/?C=D;O=D HTTP/1.1" 200 765 "-" "Mozilla/5.0 (compatible; Barkrowler/0.9; +https://babbar.tech/crawler)" 
62.210.143.10 - - [10/Aug/2021:22:28:13 -0700] "GET /Datasets%20Description/Network/?C=D;O=A HTTP/1.1" 200 769 "-" "Mozilla/5.0 (compatible; Barkrowler/0.9; +https://babbar.tech/crawler)" 
62.210.143.10 - - [10/Aug/2021:22:28:36 -0700] "GET /Datasets%20Description/Network/?C=M;O=D HTTP/1.1" 200 765 "-" "Mozilla/5.0 (compatible; Barkrowler/0.9; +https://babbar.tech/crawler)" 
114.119.144.30 - - [10/Aug/2021:22:28:50 -0700] "GET /self.logs/access.log.2018-08-29.gz HTTP/1.1" 200 41785 "-" "Mozilla/5.0 (Linux; Android 7.0;) AppleWebKit/537.36 (KHTML, like Gecko) Mobile Safari/537.36 (compatible; PetalBot;+https://webmaster.petalsearch.com/site/petalbot)" 
62.210.143.10 - - [10/Aug/2021:22:28:59 -0700] "GET /Datasets%20Description/Network/?C=M;O=A HTTP/1.1" 200 769 "-" "Mozilla/5.0 (compatible; Barkrowler/0.9; +https://babbar.tech/crawler)" 
62.210.143.10 - - [10/Aug/2021:22:29:21 -0700] "GET /Datasets%20Description/Network/?C=S;O=D HTTP/1.1" 200 766 "-" "Mozilla/5.0 (compatible; Barkrowler/0.9; +https://babbar.tech/crawler)" 
62.210.143.10 - - [10/Aug/2021:22:29:50 -0700] "GET /self.logs/access.log.2019-07-15 HTTP/1.1" 304 265 "-" "Mozilla/5.0 (compatible; Barkrowler/0.9; +https://babbar.tech/crawler)" 
62.210.143.10 - - [10/Aug/2021:22:30:14 -0700] "GET /Datasets%20Description/PE_malware/ HTTP/1.1" 200 686 "-" "Mozilla/5.0 (compatible; Barkrowler/0.9; +https://babbar.tech/crawler)" 
62.210.143.10 - - [10/Aug/2021:22:30:34 -0700] "GET /Datasets%20Description/Network/smtp.html HTTP/1.1" 200 1637 "-" "Mozilla/5.0 (compatible; Barkrowler/0.9; +https://babbar.tech/crawler)" 
62.210.143.10 - - [10/Aug/2021:22:31:07 -0700] "GET /Datasets%20Description/Network/tunnel.html HTTP/1.1" 200 1470 "-" "Mozilla/5.0 (compatible; Barkrowler/0.9; +https://babbar.tech/crawler)" 
62.210.143.10 - - [10/Aug/2021:22:31:28 -0700] "GET /Datasets%20Description/Network/dhcp.html HTTP/1.1" 200 1461 "-" "Mozilla/5.0 (compatible; Barkrowler/0.9; +https://babbar.tech/crawler)" 
106.38.241.144 - - [10/Aug/2021:22:31:50 -0700] "GET / HTTP/1.1" 200 12845 "-" "Sogou web spider/4.0(+http://www.sogou.com/docs/help/webmasters.htm#07)" 
62.210.143.10 - - [10/Aug/2021:22:31:53 -0700] "GET /self.logs/error.log.2020-10-10 HTTP/1.1" 304 261 "-" "Mozilla/5.0 (compatible; Barkrowler/0.9; +https://babbar.tech/crawler)" 
62.210.143.10 - - [10/Aug/2021:22:32:17 -0700] "GET /self.logs/error.log.2019-07-15 HTTP/1.1" 304 264 "-" "Mozilla/5.0 (compatible; Barkrowler/0.9; +https://babbar.tech/crawler)" 
62.210.143.10 - - [10/Aug/2021:22:32:38 -0700] "GET /self.logs/error.log.2019-10-07 HTTP/1.1" 304 261 "-" "Mozilla/5.0 (compatible; Barkrowler/0.9; +https://babbar.tech/crawler)" 
62.210.143.10 - - [10/Aug/2021:22:33:00 -0700] "GET /self.logs/error.log.2019-10-13 HTTP/1.1" 304 261 "-" "Mozilla/5.0 (compatible; Barkrowler/0.9; +https://babbar.tech/crawler)" 
62.210.143.10 - - [10/Aug/2021:22:33:22 -0700] "GET /self.logs/error.log.2019-10-22 HTTP/1.1" 304 261 "-" "Mozilla/5.0 (compatible; Barkrowler/0.9; +https://babbar.tech/crawler)" 
62.210.143.10 - - [10/Aug/2021:22:33:44 -0700] "GET /self.logs/error.log.2019-12-22 HTTP/1.1" 304 261 "-" "Mozilla/5.0 (compatible; Barkrowler/0.9; +https://babbar.tech/crawler)" 
62.210.143.10 - - [10/Aug/2021:22:34:04 -0700] "GET /self.logs/error.log.2019-12-24 HTTP/1.1" 304 261 "-" "Mozilla/5.0 (compatible; Barkrowler/0.9; +https://babbar.tech/crawler)" 
62.210.143.10 - - [10/Aug/2021:22:34:26 -0700] "GET /self.logs/error.log.2019-12-08 HTTP/1.1" 304 261 "-" "Mozilla/5.0 (compatible; Barkrowler/0.9; +https://babbar.tech/crawler)" 
62.210.143.10 - - [10/Aug/2021:22:34:55 -0700] "GET /self.logs/error.log.2019-08-09 HTTP/1.1" 304 261 "-" "Mozilla/5.0 (compatible; Barkrowler/0.9; +https://babbar.tech/crawler)" 
62.210.143.10 - - [10/Aug/2021:22:35:15 -0700] "GET /tg/tg_snort_fast.7z HTTP/1.1" 304 266 "-" "Mozilla/5.0 (compatible; Barkrowler/0.9; +https://babbar.tech/crawler)" 
62.210.143.10 - - [10/Aug/2021:22:35:37 -0700] "GET /Datasets%20Description/HTML_Bro_log_2 HTTP/1.1" 301 619 "-" "Mozilla/5.0 (compatible; Barkrowler/0.9; +https://babbar.tech/crawler)" 
114.119.144.30 - - [10/Aug/2021:22:35:40 -0700] "GET /self.logs/access.log.2018-11-22.gz HTTP/1.1" 200 24944 "-" "Mozilla/5.0 (Linux; Android 7.0;) AppleWebKit/537.36 (KHTML, like Gecko) Mobile Safari/537.36 (compatible; PetalBot;+https://webmaster.petalsearch.com/site/petalbot)" 
62.210.143.10 - - [10/Aug/2021:22:36:01 -0700] "GET /Datasets%20Description/HTML_Bro_log_1/ HTTP/1.1" 200 834 "-" "Mozilla/5.0 (compatible; Barkrowler/0.9; +https://babbar.tech/crawler)" 
62.210.143.10 - - [10/Aug/2021:22:36:30 -0700] "GET /Datasets%20Description/HTML_Bro_log_1 HTTP/1.1" 301 619 "-" "Mozilla/5.0 (compatible; Barkrowler/0.9; +https://babbar.tech/crawler)" 
62.210.143.10 - - [10/Aug/2021:22:36:49 -0700] "GET /self.logs/error.log.2021-01-09 HTTP/1.1" 304 261 "-" "Mozilla/5.0 (compatible; Barkrowler/0.9; +https://babbar.tech/crawler)" 
62.210.143.10 - - [10/Aug/2021:22:37:09 -0700] "GET /self.logs/error.log.2021-01-02 HTTP/1.1" 304 261 "-" "Mozilla/5.0 (compatible; Barkrowler/0.9; +https://babbar.tech/crawler)" 
62.210.143.10 - - [10/Aug/2021:22:37:32 -0700] "GET /self.logs/error.log.2021-01-19 HTTP/1.1" 304 261 "-" "Mozilla/5.0 (compatible; Barkrowler/0.9; +https://babbar.tech/crawler)" 
62.210.143.10 - - [10/Aug/2021:22:37:53 -0700] "GET /self.logs/error.log.2021-03-08 HTTP/1.1" 304 263 "-" "Mozilla/5.0 (compatible; Barkrowler/0.9; +https://babbar.tech/crawler)" 
62.210.143.10 - - [10/Aug/2021:22:38:14 -0700] "GET /self.logs/error.log.2021-01-07 HTTP/1.1" 304 261 "-" "Mozilla/5.0 (compatible; Barkrowler/0.9; +https://babbar.tech/crawler)" 
62.210.143.10 - - [10/Aug/2021:22:38:36 -0700] "GET /self.logs/error.log.2021-01-18 HTTP/1.1" 304 261 "-" "Mozilla/5.0 (compatible; Barkrowler/0.9; +https://babbar.tech/crawler)" 
54.36.148.34 - - [10/Aug/2021:22:39:44 -0700] "GET /self.logs/2016/error.log.2016-02-11.gz HTTP/1.1" 200 886 "-" "Mozilla/5.0 (compatible; AhrefsBot/7.0; +http://ahrefs.com/robot/)" 
54.36.148.72 - - [10/Aug/2021:22:45:03 -0700] "GET / HTTP/1.1" 200 12839 "-" "Mozilla/5.0 (compatible; AhrefsBot/7.0; +http://ahrefs.com/robot/)" 
114.119.129.244 - - [10/Aug/2021:22:49:07 -0700] "GET /self.logs/access.log.2019-06-27.gz HTTP/1.1" 200 35196 "-" "Mozilla/5.0 (Linux; Android 7.0;) AppleWebKit/537.36 (KHTML, like Gecko) Mobile Safari/537.36 (compatible; PetalBot;+https://webmaster.petalsearch.com/site/petalbot)" 
34.82.72.216 - - [10/Aug/2021:22:50:49 -0700] "GET / HTTP/1.1" 200 12839 "-" "Mozilla/5.0 (Macintosh; Intel Mac OS X 10_15_7) AppleWebKit/537.36 (KHTML, like Gecko) Chrome/92.0.4515.131 Safari/537.36" 
34.82.72.216 - - [10/Aug/2021:22:50:49 -0700] "GET /css/style.css HTTP/1.1" 404 284 "http://www.secrepo.com/" "Mozilla/5.0 (Macintosh; Intel Mac OS X 10_15_7) AppleWebKit/537.36 (KHTML, like Gecko) Chrome/92.0.4515.131 Safari/537.36" 
34.82.72.216 - - [10/Aug/2021:22:50:49 -0700] "GET /twitter-icon.png HTTP/1.1" 200 27872 "http://www.secrepo.com/" "Mozilla/5.0 (Macintosh; Intel Mac OS X 10_15_7) AppleWebKit/537.36 (KHTML, like Gecko) Chrome/92.0.4515.131 Safari/537.36" 
34.82.72.216 - - [10/Aug/2021:22:50:49 -0700] "GET /GitHub-Mark.png HTTP/1.1" 200 7512 "http://www.secrepo.com/" "Mozilla/5.0 (Macintosh; Intel Mac OS X 10_15_7) AppleWebKit/537.36 (KHTML, like Gecko) Chrome/92.0.4515.131 Safari/537.36" 
34.82.72.216 - - [10/Aug/2021:22:50:50 -0700] "GET /bootstrap/img/favicon.ico HTTP/1.1" 200 669 "http://www.secrepo.com/" "Mozilla/5.0 (Macintosh; Intel Mac OS X 10_15_7) AppleWebKit/537.36 (KHTML, like Gecko) Chrome/92.0.4515.131 Safari/537.36" 
54.36.148.157 - - [10/Aug/2021:22:52:13 -0700] "GET /Datasets%20Description/HTML_Bro_log_2/dns.html HTTP/1.1" 200 1787 "-" "Mozilla/5.0 (compatible; AhrefsBot/7.0; +http://ahrefs.com/robot/)" 
106.38.241.144 - - [10/Aug/2021:22:55:09 -0700] "GET / HTTP/1.1" 200 12846 "-" "Sogou web spider/4.0(+http://www.sogou.com/docs/help/webmasters.htm#07)" 
54.36.148.47 - - [10/Aug/2021:22:56:02 -0700] "GET /self.logs/2016/error.log.2016-09-07.gz HTTP/1.1" 200 1442 "-" "Mozilla/5.0 (compatible; AhrefsBot/7.0; +http://ahrefs.com/robot/)" 
95.163.255.57 - - [10/Aug/2021:22:58:32 -0700] "GET /robots.txt HTTP/1.0" 200 340 "-" "Mozilla/5.0 (compatible; Linux x86_64; Mail.RU_Bot/2.0; +http://go.mail.ru/help/robots)" 
95.163.255.57 - - [10/Aug/2021:22:58:33 -0700] "GET /maccdc2012/?C=N;O=D HTTP/1.1" 200 825 "-" "Mozilla/5.0 (compatible; Linux x86_64; Mail.RU_Bot/2.0; +http://go.mail.ru/help/robots)" 
111.198.224.23 - - [10/Aug/2021:22:58:38 -0700] "GET / HTTP/1.1" 200 12883 "-" "Mozilla/5.0 (Macintosh; Intel Mac OS X 10_15_7) AppleWebKit/605.1.15 (KHTML, like Gecko)" 
111.198.224.23 - - [10/Aug/2021:22:58:39 -0700] "GET /apple-touch-icon-precomposed.png HTTP/1.1" 404 328 "-" "Safari%E6%B5%8F%E8%A7%88%E5%99%A8/16611.3.10.1.3 CFNetwork/1240.0.4 Darwin/20.6.0" 
111.198.224.23 - - [10/Aug/2021:22:58:39 -0700] "GET /apple-touch-icon.png HTTP/1.1" 404 305 "-" "Safari%E6%B5%8F%E8%A7%88%E5%99%A8/16611.3.10.1.3 CFNetwork/1240.0.4 Darwin/20.6.0" 
111.198.224.23 - - [10/Aug/2021:22:58:39 -0700] "GET /bootstrap/img/favicon.ico HTTP/1.1" 200 690 "-" "Safari%E6%B5%8F%E8%A7%88%E5%99%A8/16611.3.10.1.3 CFNetwork/1240.0.4 Darwin/20.6.0" 
111.198.224.23 - - [10/Aug/2021:22:58:40 -0700] "GET / HTTP/1.1" 200 12883 "-" "Mozilla/5.0 (iPhone; CPU iPhone OS 14_0 like Mac OS X) AppleWebKit/605.1.15 (KHTML, like Gecko) Version/14.0 Mobile/15E148 Safari/604.1" 
111.198.224.23 - - [10/Aug/2021:22:58:40 -0700] "GET /apple-touch-icon-precomposed.png HTTP/1.1" 404 305 "-" "Safari%E6%B5%8F%E8%A7%88%E5%99%A8/16611.3.10.1.3 CFNetwork/1240.0.4 Darwin/20.6.0" 
111.198.224.23 - - [10/Aug/2021:22:58:40 -0700] "GET /apple-touch-icon.png HTTP/1.1" 404 305 "-" "Safari%E6%B5%8F%E8%A7%88%E5%99%A8/16611.3.10.1.3 CFNetwork/1240.0.4 Darwin/20.6.0" 
54.36.148.109 - - [10/Aug/2021:22:59:54 -0700] "GET /self.logs/2016/error.log.2016-11-02.gz HTTP/1.1" 200 891 "-" "Mozilla/5.0 (compatible; AhrefsBot/7.0; +http://ahrefs.com/robot/)" 
114.119.140.84 - - [10/Aug/2021:23:02:33 -0700] "GET /self.logs/error.log.2018-05-21.gz HTTP/1.1" 200 5257 "-" "Mozilla/5.0 (Linux; Android 7.0;) AppleWebKit/537.36 (KHTML, like Gecko) Mobile Safari/537.36 (compatible; PetalBot;+https://webmaster.petalsearch.com/site/petalbot)" 
54.36.148.223 - - [10/Aug/2021:23:03:45 -0700] "GET /self.logs/2016/access.log.2016-12-17.gz HTTP/1.1" 200 9935 "-" "Mozilla/5.0 (compatible; AhrefsBot/7.0; +http://ahrefs.com/robot/)" 
62.210.143.10 - - [10/Aug/2021:23:08:23 -0700] "GET /self.logs/error.log.2021-01-01 HTTP/1.1" 304 261 "-" "Mozilla/5.0 (compatible; Barkrowler/0.9; +https://babbar.tech/crawler)" 
62.210.143.10 - - [10/Aug/2021:23:08:37 -0700] "GET /self.logs/error.log.2021-01-16 HTTP/1.1" 304 261 "-" "Mozilla/5.0 (compatible; Barkrowler/0.9; +https://babbar.tech/crawler)" 
62.210.143.10 - - [10/Aug/2021:23:08:47 -0700] "GET /self.logs/error.log.2021-01-29 HTTP/1.1" 304 261 "-" "Mozilla/5.0 (compatible; Barkrowler/0.9; +https://babbar.tech/crawler)" 
62.210.143.10 - - [10/Aug/2021:23:09:03 -0700] "GET /self.logs/error.log.2021-01-04 HTTP/1.1" 304 261 "-" "Mozilla/5.0 (compatible; Barkrowler/0.9; +https://babbar.tech/crawler)" 
62.210.143.10 - - [10/Aug/2021:23:09:35 -0700] "GET /self.logs/error.log.2021-03-22 HTTP/1.1" 304 261 "-" "Mozilla/5.0 (compatible; Barkrowler/0.9; +https://babbar.tech/crawler)" 
62.210.143.10 - - [10/Aug/2021:23:09:56 -0700] "GET /self.logs/error.log.2021-01-14 HTTP/1.1" 304 261 "-" "Mozilla/5.0 (compatible; Barkrowler/0.9; +https://babbar.tech/crawler)" 
62.210.143.10 - - [10/Aug/2021:23:10:15 -0700] "GET /self.logs/error.log.2021-01-05 HTTP/1.1" 304 261 "-" "Mozilla/5.0 (compatible; Barkrowler/0.9; +https://babbar.tech/crawler)" 
62.210.143.10 - - [10/Aug/2021:23:10:35 -0700] "GET /self.logs/error.log.2021-03-02 HTTP/1.1" 304 263 "-" "Mozilla/5.0 (compatible; Barkrowler/0.9; +https://babbar.tech/crawler)" 
62.210.143.10 - - [10/Aug/2021:23:10:55 -0700] "GET /self.logs/error.log.2021-03-05 HTTP/1.1" 304 261 "-" "Mozilla/5.0 (compatible; Barkrowler/0.9; +https://babbar.tech/crawler)" 
62.210.143.10 - - [10/Aug/2021:23:11:16 -0700] "GET /self.logs/error.log.2021-01-15 HTTP/1.1" 304 261 "-" "Mozilla/5.0 (compatible; Barkrowler/0.9; +https://babbar.tech/crawler)" 
62.210.143.10 - - [10/Aug/2021:23:11:40 -0700] "GET /self.logs/error.log.2020-01-20 HTTP/1.1" 304 261 "-" "Mozilla/5.0 (compatible; Barkrowler/0.9; +https://babbar.tech/crawler)" 
62.210.143.10 - - [10/Aug/2021:23:12:03 -0700] "GET /self.logs/error.log.2020-03-19 HTTP/1.1" 304 261 "-" "Mozilla/5.0 (compatible; Barkrowler/0.9; +https://babbar.tech/crawler)" 
62.210.143.10 - - [10/Aug/2021:23:12:45 -0700] "GET /self.logs/error.log.2020-07-18 HTTP/1.1" 304 261 "-" "Mozilla/5.0 (compatible; Barkrowler/0.9; +https://babbar.tech/crawler)" 
62.210.143.10 - - [10/Aug/2021:23:13:03 -0700] "GET /self.logs/error.log.2020-09-14 HTTP/1.1" 304 261 "-" "Mozilla/5.0 (compatible; Barkrowler/0.9; +https://babbar.tech/crawler)" 
62.210.143.10 - - [10/Aug/2021:23:13:20 -0700] "GET /self.logs/error.log.2020-07-02 HTTP/1.1" 304 261 "-" "Mozilla/5.0 (compatible; Barkrowler/0.9; +https://babbar.tech/crawler)" 
62.210.143.10 - - [10/Aug/2021:23:13:37 -0700] "GET /self.logs/error.log.2020-03-28 HTTP/1.1" 304 261 "-" "Mozilla/5.0 (compatible; Barkrowler/0.9; +https://babbar.tech/crawler)" 
62.210.143.10 - - [10/Aug/2021:23:13:59 -0700] "GET /self.logs/error.log.2020-09-16 HTTP/1.1" 304 263 "-" "Mozilla/5.0 (compatible; Barkrowler/0.9; +https://babbar.tech/crawler)" 
62.210.143.10 - - [10/Aug/2021:23:14:15 -0700] "GET /self.logs/error.log.2020-08-19 HTTP/1.1" 304 261 "-" "Mozilla/5.0 (compatible; Barkrowler/0.9; +https://babbar.tech/crawler)" 
62.210.143.10 - - [10/Aug/2021:23:14:34 -0700] "GET /self.logs/error.log.2020-03-31 HTTP/1.1" 304 261 "-" "Mozilla/5.0 (compatible; Barkrowler/0.9; +https://babbar.tech/crawler)" 
62.210.143.10 - - [10/Aug/2021:23:14:49 -0700] "GET /self.logs/error.log.2020-05-25 HTTP/1.1" 304 261 "-" "Mozilla/5.0 (compatible; Barkrowler/0.9; +https://babbar.tech/crawler)" 
62.210.143.10 - - [10/Aug/2021:23:15:09 -0700] "GET /self.logs/error.log.2020-04-21 HTTP/1.1" 304 261 "-" "Mozilla/5.0 (compatible; Barkrowler/0.9; +https://babbar.tech/crawler)" 
62.210.143.10 - - [10/Aug/2021:23:15:29 -0700] "GET /self.logs/error.log.2020-03-01 HTTP/1.1" 304 261 "-" "Mozilla/5.0 (compatible; Barkrowler/0.9; +https://babbar.tech/crawler)" 
62.210.143.10 - - [10/Aug/2021:23:15:45 -0700] "GET /self.logs/error.log.2020-01-03 HTTP/1.1" 304 263 "-" "Mozilla/5.0 (compatible; Barkrowler/0.9; +https://babbar.tech/crawler)" 
62.210.143.10 - - [10/Aug/2021:23:16:04 -0700] "GET /self.logs/error.log.2020-07-28 HTTP/1.1" 304 261 "-" "Mozilla/5.0 (compatible; Barkrowler/0.9; +https://babbar.tech/crawler)" 
106.38.241.144 - - [10/Aug/2021:23:16:09 -0700] "GET / HTTP/1.1" 200 12846 "-" "Sogou web spider/4.0(+http://www.sogou.com/docs/help/webmasters.htm#07)" 
114.119.129.244 - - [10/Aug/2021:23:16:15 -0700] "GET /self.logs/error.log.2018-04-12.gz HTTP/1.1" 200 4309 "-" "Mozilla/5.0 (Linux; Android 7.0;) AppleWebKit/537.36 (KHTML, like Gecko) Mobile Safari/537.36 (compatible; PetalBot;+https://webmaster.petalsearch.com/site/petalbot)" 
54.36.148.99 - - [10/Aug/2021:23:16:20 -0700] "GET /self.logs/2016/access.log.2016-05-13.gz HTTP/1.1" 200 13559 "-" "Mozilla/5.0 (compatible; AhrefsBot/7.0; +http://ahrefs.com/robot/)" 
62.210.143.10 - - [10/Aug/2021:23:16:48 -0700] "GET /self.logs/error.log.2020-03-20 HTTP/1.1" 304 261 "-" "Mozilla/5.0 (compatible; Barkrowler/0.9; +https://babbar.tech/crawler)" 
62.210.143.10 - - [10/Aug/2021:23:17:10 -0700] "GET /self.logs/error.log.2020-03-30 HTTP/1.1" 304 261 "-" "Mozilla/5.0 (compatible; Barkrowler/0.9; +https://babbar.tech/crawler)" 
62.210.143.10 - - [10/Aug/2021:23:17:38 -0700] "GET /self.logs/error.log.2020-05-01 HTTP/1.1" 304 261 "-" "Mozilla/5.0 (compatible; Barkrowler/0.9; +https://babbar.tech/crawler)" 
62.210.143.10 - - [10/Aug/2021:23:17:56 -0700] "GET /self.logs/error.log.2020-08-11 HTTP/1.1" 304 261 "-" "Mozilla/5.0 (compatible; Barkrowler/0.9; +https://babbar.tech/crawler)" 
62.210.143.10 - - [10/Aug/2021:23:18:16 -0700] "GET /self.logs/error.log.2020-09-30 HTTP/1.1" 304 261 "-" "Mozilla/5.0 (compatible; Barkrowler/0.9; +https://babbar.tech/crawler)" 
62.210.143.10 - - [10/Aug/2021:23:18:53 -0700] "GET /self.logs/error.log.2020-08-14 HTTP/1.1" 304 261 "-" "Mozilla/5.0 (compatible; Barkrowler/0.9; +https://babbar.tech/crawler)" 
62.210.143.10 - - [10/Aug/2021:23:19:12 -0700] "GET /self.logs/error.log.2020-05-10 HTTP/1.1" 304 261 "-" "Mozilla/5.0 (compatible; Barkrowler/0.9; +https://babbar.tech/crawler)" 
62.210.143.10 - - [10/Aug/2021:23:19:35 -0700] "GET /self.logs/error.log.2020-06-10 HTTP/1.1" 304 261 "-" "Mozilla/5.0 (compatible; Barkrowler/0.9; +https://babbar.tech/crawler)" 
62.210.143.10 - - [10/Aug/2021:23:19:56 -0700] "GET /self.logs/error.log.2020-09-10 HTTP/1.1" 304 261 "-" "Mozilla/5.0 (compatible; Barkrowler/0.9; +https://babbar.tech/crawler)" 
62.210.143.10 - - [10/Aug/2021:23:20:16 -0700] "GET /self.logs/error.log.2020-03-23 HTTP/1.1" 304 261 "-" "Mozilla/5.0 (compatible; Barkrowler/0.9; +https://babbar.tech/crawler)" 
62.210.143.10 - - [10/Aug/2021:23:20:39 -0700] "GET /self.logs/error.log.2020-05-14 HTTP/1.1" 304 261 "-" "Mozilla/5.0 (compatible; Barkrowler/0.9; +https://babbar.tech/crawler)" 
62.210.143.10 - - [10/Aug/2021:23:20:54 -0700] "GET /self.logs/error.log.2020-03-15 HTTP/1.1" 304 263 "-" "Mozilla/5.0 (compatible; Barkrowler/0.9; +https://babbar.tech/crawler)" 
62.210.143.10 - - [10/Aug/2021:23:21:14 -0700] "GET /self.logs/error.log.2020-05-02 HTTP/1.1" 304 261 "-" "Mozilla/5.0 (compatible; Barkrowler/0.9; +https://babbar.tech/crawler)" 
54.36.149.22 - - [10/Aug/2021:23:25:02 -0700] "GET /self.logs/2016/error.log.2016-06-09.gz HTTP/1.1" 200 969 "-" "Mozilla/5.0 (compatible; AhrefsBot/7.0; +http://ahrefs.com/robot/)" 
114.119.140.84 - - [10/Aug/2021:23:28:59 -0700] "GET /self.logs/error.log.2017-06-06.gz HTTP/1.1" 200 1098 "-" "Mozilla/5.0 (Linux; Android 7.0;) AppleWebKit/537.36 (KHTML, like Gecko) Mobile Safari/537.36 (compatible; PetalBot;+https://webmaster.petalsearch.com/site/petalbot)" 
54.36.148.121 - - [10/Aug/2021:23:32:39 -0700] "GET /self.logs/access.log.2019-08-22.gz HTTP/1.1" 200 19771 "-" "Mozilla/5.0 (compatible; AhrefsBot/7.0; +http://ahrefs.com/robot/)" 
103.131.71.201 - - [10/Aug/2021:23:34:23 -0700] "GET /robots.txt HTTP/1.1" 200 340 "-" "Mozilla/5.0 (compatible; coccocbot-image/1.0; +http://help.coccoc.com/searchengine)" 
103.131.71.200 - - [10/Aug/2021:23:34:25 -0700] "GET /bootstrap/img/favicon.ico HTTP/1.1" 200 676 "-" "Mozilla/5.0 (compatible; coccocbot-image/1.0; +http://help.coccoc.com/searchengine)" 
54.36.149.94 - - [10/Aug/2021:23:39:23 -0700] "GET /self.logs/error.log.2018-10-27.gz HTTP/1.1" 200 5450 "-" "Mozilla/5.0 (compatible; AhrefsBot/7.0; +http://ahrefs.com/robot/)" 
106.38.241.144 - - [10/Aug/2021:23:40:45 -0700] "GET / HTTP/1.1" 200 12846 "-" "Sogou web spider/4.0(+http://www.sogou.com/docs/help/webmasters.htm#07)" 
123.183.224.119 - - [10/Aug/2021:23:41:33 -0700] "GET / HTTP/1.1" 200 12846 "-" "Sogou web spider/4.0(+http://www.sogou.com/docs/help/webmasters.htm#07)" 
114.119.150.248 - - [10/Aug/2021:23:49:07 -0700] "GET /self.logs/error.log.2017-04-12.gz HTTP/1.1" 200 995 "-" "Mozilla/5.0 (Linux; Android 7.0;) AppleWebKit/537.36 (KHTML, like Gecko) Mobile Safari/537.36 (compatible; PetalBot;+https://webmaster.petalsearch.com/site/petalbot)" 
62.210.143.10 - - [10/Aug/2021:23:52:05 -0700] "GET /self.logs/error.log.2020-08-03 HTTP/1.1" 304 261 "-" "Mozilla/5.0 (compatible; Barkrowler/0.9; +https://babbar.tech/crawler)" 
62.210.143.10 - - [10/Aug/2021:23:52:16 -0700] "GET /self.logs/error.log.2020-09-08 HTTP/1.1" 304 261 "-" "Mozilla/5.0 (compatible; Barkrowler/0.9; +https://babbar.tech/crawler)" 
62.210.143.10 - - [10/Aug/2021:23:52:26 -0700] "GET /self.logs/error.log.2020-05-05 HTTP/1.1" 304 261 "-" "Mozilla/5.0 (compatible; Barkrowler/0.9; +https://babbar.tech/crawler)" 
62.210.143.10 - - [10/Aug/2021:23:52:36 -0700] "GET /self.logs/error.log.2020-06-27 HTTP/1.1" 304 261 "-" "Mozilla/5.0 (compatible; Barkrowler/0.9; +https://babbar.tech/crawler)" 
62.210.143.10 - - [10/Aug/2021:23:52:46 -0700] "GET /self.logs/error.log.2020-02-27 HTTP/1.1" 304 261 "-" "Mozilla/5.0 (compatible; Barkrowler/0.9; +https://babbar.tech/crawler)" 
62.210.143.10 - - [10/Aug/2021:23:52:55 -0700] "GET /self.logs/error.log.2020-04-27 HTTP/1.1" 304 261 "-" "Mozilla/5.0 (compatible; Barkrowler/0.9; +https://babbar.tech/crawler)" 
62.210.143.10 - - [10/Aug/2021:23:53:05 -0700] "GET /self.logs/error.log.2020-05-27 HTTP/1.1" 304 261 "-" "Mozilla/5.0 (compatible; Barkrowler/0.9; +https://babbar.tech/crawler)" 
62.210.143.10 - - [10/Aug/2021:23:53:23 -0700] "GET /self.logs/error.log.2020-04-06 HTTP/1.1" 304 261 "-" "Mozilla/5.0 (compatible; Barkrowler/0.9; +https://babbar.tech/crawler)" 
62.210.143.10 - - [10/Aug/2021:23:53:39 -0700] "GET /self.logs/error.log.2020-09-26 HTTP/1.1" 304 261 "-" "Mozilla/5.0 (compatible; Barkrowler/0.9; +https://babbar.tech/crawler)" 
62.210.143.10 - - [10/Aug/2021:23:53:54 -0700] "GET /self.logs/error.log.2020-06-13 HTTP/1.1" 304 261 "-" "Mozilla/5.0 (compatible; Barkrowler/0.9; +https://babbar.tech/crawler)" 
62.210.143.10 - - [10/Aug/2021:23:54:09 -0700] "GET /self.logs/error.log.2020-04-19 HTTP/1.1" 304 261 "-" "Mozilla/5.0 (compatible; Barkrowler/0.9; +https://babbar.tech/crawler)" 
62.210.143.10 - - [10/Aug/2021:23:54:25 -0700] "GET /self.logs/error.log.2020-05-19 HTTP/1.1" 304 261 "-" "Mozilla/5.0 (compatible; Barkrowler/0.9; +https://babbar.tech/crawler)" 
62.210.143.10 - - [10/Aug/2021:23:54:40 -0700] "GET /self.logs/error.log.2020-09-23 HTTP/1.1" 304 261 "-" "Mozilla/5.0 (compatible; Barkrowler/0.9; +https://babbar.tech/crawler)" 
62.210.143.10 - - [10/Aug/2021:23:54:57 -0700] "GET /self.logs/error.log.2020-07-24 HTTP/1.1" 304 261 "-" "Mozilla/5.0 (compatible; Barkrowler/0.9; +https://babbar.tech/crawler)" 
62.210.143.10 - - [10/Aug/2021:23:55:12 -0700] "GET /self.logs/error.log.2020-01-07 HTTP/1.1" 304 261 "-" "Mozilla/5.0 (compatible; Barkrowler/0.9; +https://babbar.tech/crawler)" 
207.46.13.115 - - [10/Aug/2021:23:55:17 -0700] "GET /self.logs/access.log.2021-04-25.gz HTTP/1.1" 200 26774 "-" "Mozilla/5.0 (compatible; bingbot/2.0; +http://www.bing.com/bingbot.htm)" 
62.210.143.10 - - [10/Aug/2021:23:55:27 -0700] "GET /self.logs/error.log.2020-04-18 HTTP/1.1" 304 261 "-" "Mozilla/5.0 (compatible; Barkrowler/0.9; +https://babbar.tech/crawler)" 
114.119.155.228 - - [10/Aug/2021:23:55:44 -0700] "GET /self.logs/error.log.2020-08-31.gz HTTP/1.1" 200 932 "-" "Mozilla/5.0 (Linux; Android 7.0;) AppleWebKit/537.36 (KHTML, like Gecko) Mobile Safari/537.36 (compatible; PetalBot;+https://webmaster.petalsearch.com/site/petalbot)" 
182.76.174.74 - - [11/Aug/2021:00:00:57 -0700] "GET /Datasets%20Description/Network/dhcp.html HTTP/1.1" 200 1461 "http://www.secrepo.com/" "Mozilla/5.0 (X11; Ubuntu; Linux x86_64; rv:79.0) Gecko/20100101 Firefox/79.0" 
66.175.210.243 - - [11/Aug/2021:00:03:59 -0700] "GET /robots.txt HTTP/1.1" 301 439 "-" "SerendeputyBot/0.8.6 (http://serendeputy.com/about/serendeputy-bot)" 
66.175.210.243 - - [11/Aug/2021:00:03:59 -0700] "GET / HTTP/1.1" 301 419 "-" "SerendeputyBot/0.8.6 (http://serendeputy.com/about/serendeputy-bot)" 
66.175.210.243 - - [11/Aug/2021:00:03:59 -0700] "GET / HTTP/1.1" 200 48020 "-" "SerendeputyBot/0.8.6 (http://serendeputy.com/about/serendeputy-bot)" 
66.175.210.243 - - [11/Aug/2021:00:04:02 -0700] "GET /Datasets%20Description/Network/ssh.html HTTP/1.1" 301 493 "-" "SerendeputyBot/0.8.6 (http://serendeputy.com/about/serendeputy-bot)" 
66.175.210.243 - - [11/Aug/2021:00:04:02 -0700] "GET /Datasets+Description/Network/ssh.html HTTP/1.1" 404 284 "-" "SerendeputyBot/0.8.6 (http://serendeputy.com/about/serendeputy-bot)" 
106.38.241.144 - - [11/Aug/2021:00:06:36 -0700] "GET / HTTP/1.1" 200 12844 "-" "Sogou web spider/4.0(+http://www.sogou.com/docs/help/webmasters.htm#07)" 
18.220.73.238 - - [11/Aug/2021:00:07:23 -0700] "GET / HTTP/1.1" 301 419 "-" "-" 
18.220.73.238 - - [11/Aug/2021:00:07:23 -0700] "GET / HTTP/1.1" 200 48020 "-" "-" 
49.7.20.108 - - [11/Aug/2021:00:08:08 -0700] "GET / HTTP/1.1" 301 438 "-" "Sogou web spider/4.0(+http://www.sogou.com/docs/help/webmasters.htm#07)" 
114.119.159.40 - - [11/Aug/2021:00:08:57 -0700] "GET /self.logs/error.log.2017-04-02.gz HTTP/1.1" 200 2302 "-" "Mozilla/5.0 (Linux; Android 7.0;) AppleWebKit/537.36 (KHTML, like Gecko) Mobile Safari/537.36 (compatible; PetalBot;+https://webmaster.petalsearch.com/site/petalbot)" 
94.230.149.181 - - [11/Aug/2021:00:15:14 -0700] "GET / HTTP/1.1" 200 12883 "-" "Mozilla/5.0 (Windows NT 10.0; Win64; x64) AppleWebKit/537.36 (KHTML, like Gecko) Chrome/92.0.4515.131 Safari/537.36" 
94.230.149.181 - - [11/Aug/2021:00:15:14 -0700] "GET /css/style.css HTTP/1.1" 404 305 "http://www.secrepo.com/" "Mozilla/5.0 (Windows NT 10.0; Win64; x64) AppleWebKit/537.36 (KHTML, like Gecko) Chrome/92.0.4515.131 Safari/537.36" 
94.230.149.181 - - [11/Aug/2021:00:15:15 -0700] "GET /twitter-icon.png HTTP/1.1" 200 27893 "http://www.secrepo.com/" "Mozilla/5.0 (Windows NT 10.0; Win64; x64) AppleWebKit/537.36 (KHTML, like Gecko) Chrome/92.0.4515.131 Safari/537.36" 
94.230.149.181 - - [11/Aug/2021:00:15:15 -0700] "GET /GitHub-Mark.png HTTP/1.1" 200 7556 "http://www.secrepo.com/" "Mozilla/5.0 (Windows NT 10.0; Win64; x64) AppleWebKit/537.36 (KHTML, like Gecko) Chrome/92.0.4515.131 Safari/537.36" 
94.230.149.181 - - [11/Aug/2021:00:15:15 -0700] "GET /bootstrap/img/favicon.ico HTTP/1.1" 200 690 "http://www.secrepo.com/" "Mozilla/5.0 (Windows NT 10.0; Win64; x64) AppleWebKit/537.36 (KHTML, like Gecko) Chrome/92.0.4515.131 Safari/537.36" 
114.119.159.40 - - [11/Aug/2021:00:15:35 -0700] "GET /self.logs/2015/error.log.2015-09-25.gz HTTP/1.1" 200 861 "-" "Mozilla/5.0 (Linux; Android 7.0;) AppleWebKit/537.36 (KHTML, like Gecko) Mobile Safari/537.36 (compatible; PetalBot;+https://webmaster.petalsearch.com/site/petalbot)" 
161.81.222.47 - - [11/Aug/2021:00:16:44 -0700] "GET / HTTP/1.1" 200 12846 "-" "Mozilla/5.0 (Windows NT 10.0; Win64; x64) AppleWebKit/537.36 (KHTML, like Gecko) Chrome/91.0.4472.77 Safari/537.36" 
161.81.222.47 - - [11/Aug/2021:00:16:45 -0700] "GET /css/style.css HTTP/1.1" 404 291 "http://www.secrepo.com/" "Mozilla/5.0 (Windows NT 10.0; Win64; x64) AppleWebKit/537.36 (KHTML, like Gecko) Chrome/91.0.4472.77 Safari/537.36" 
23.101.1.126 - - [11/Aug/2021:00:16:46 -0700] "GET /GitHub-Mark.png HTTP/1.1" 200 7519 "http://www.secrepo.com/" "Mozilla/5.0 (Windows NT 10.0; Win64; x64) AppleWebKit/537.36 (KHTML, like Gecko) Chrome/91.0.4472.77 Safari/537.36" 
172.105.170.253 - - [11/Aug/2021:00:16:47 -0700] "GET /twitter-icon.png HTTP/1.1" 200 27879 "http://www.secrepo.com/" "Mozilla/5.0 (Windows NT 10.0; Win64; x64) AppleWebKit/537.36 (KHTML, like Gecko) Chrome/91.0.4472.77 Safari/537.36" 
161.81.222.47 - - [11/Aug/2021:00:16:50 -0700] "GET /bootstrap/img/favicon.ico HTTP/1.1" 200 676 "http://www.secrepo.com/" "Mozilla/5.0 (Windows NT 10.0; Win64; x64) AppleWebKit/537.36 (KHTML, like Gecko) Chrome/91.0.4472.77 Safari/537.36" 
40.77.167.50 - - [11/Aug/2021:00:26:28 -0700] "GET / HTTP/1.1" 200 12883 "-" "Mozilla/5.0 (compatible; bingbot/2.0; +http://www.bing.com/bingbot.htm)" 
40.77.190.25 - - [11/Aug/2021:00:26:34 -0700] "GET /css/style.css HTTP/1.1" 404 328 "http://www.secrepo.com/" "Mozilla/5.0 (Windows NT 6.1; WOW64) AppleWebKit/534+ (KHTML, like Gecko) BingPreview/1.0b" 
114.119.157.43 - - [11/Aug/2021:00:28:38 -0700] "GET /self.logs/error.log.2017-05-01.gz HTTP/1.1" 200 843 "-" "Mozilla/5.0 (Linux; Android 7.0;) AppleWebKit/537.36 (KHTML, like Gecko) Mobile Safari/537.36 (compatible; PetalBot;+https://webmaster.petalsearch.com/site/petalbot)" 
106.38.241.144 - - [11/Aug/2021:00:30:04 -0700] "GET / HTTP/1.1" 200 12846 "-" "Sogou web spider/4.0(+http://www.sogou.com/docs/help/webmasters.htm#07)" 
40.77.167.50 - - [11/Aug/2021:00:30:30 -0700] "GET /self.logs/access.log.2021-06-09.gz HTTP/1.1" 200 23585 "-" "Mozilla/5.0 (compatible; bingbot/2.0; +http://www.bing.com/bingbot.htm)" 
36.112.79.138 - - [11/Aug/2021:00:34:50 -0700] "GET / HTTP/1.1" 200 12883 "-" "Mozilla/5.0 (Macintosh; Intel Mac OS X 10_14_6) AppleWebKit/537.36 (KHTML, like Gecko) Chrome/92.0.4515.107 Safari/537.36" 
36.112.79.138 - - [11/Aug/2021:00:34:50 -0700] "GET /css/style.css HTTP/1.1" 404 305 "http://www.secrepo.com/" "Mozilla/5.0 (Macintosh; Intel Mac OS X 10_14_6) AppleWebKit/537.36 (KHTML, like Gecko) Chrome/92.0.4515.107 Safari/537.36" 
36.112.79.138 - - [11/Aug/2021:00:34:51 -0700] "GET /GitHub-Mark.png HTTP/1.1" 200 7556 "http://www.secrepo.com/" "Mozilla/5.0 (Macintosh; Intel Mac OS X 10_14_6) AppleWebKit/537.36 (KHTML, like Gecko) Chrome/92.0.4515.107 Safari/537.36" 
36.112.79.138 - - [11/Aug/2021:00:34:51 -0700] "GET /twitter-icon.png HTTP/1.1" 200 27893 "http://www.secrepo.com/" "Mozilla/5.0 (Macintosh; Intel Mac OS X 10_14_6) AppleWebKit/537.36 (KHTML, like Gecko) Chrome/92.0.4515.107 Safari/537.36" 
36.112.79.138 - - [11/Aug/2021:00:35:22 -0700] "GET /bootstrap/img/favicon.ico HTTP/1.1" 200 713 "http://www.secrepo.com/" "Mozilla/5.0 (Macintosh; Intel Mac OS X 10_14_6) AppleWebKit/537.36 (KHTML, like Gecko) Chrome/92.0.4515.107 Safari/537.36" 
54.36.148.92 - - [11/Aug/2021:00:36:47 -0700] "GET /self.logs/access.log.2018-04-23.gz HTTP/1.1" 200 28485 "-" "Mozilla/5.0 (compatible; AhrefsBot/7.0; +http://ahrefs.com/robot/)" 
174.208.168.63 - - [11/Aug/2021:00:39:07 -0700] "GET / HTTP/1.1" 200 12883 "-" "Mozilla/5.0 (Linux; Android 11; Pixel 5) AppleWebKit/537.36 (KHTML, like Gecko) Chrome/92.0.4515.131 Mobile Safari/537.36" 
174.208.168.63 - - [11/Aug/2021:00:39:07 -0700] "GET /css/style.css HTTP/1.1" 404 305 "http://www.secrepo.com/" "Mozilla/5.0 (Linux; Android 11; Pixel 5) AppleWebKit/537.36 (KHTML, like Gecko) Chrome/92.0.4515.131 Mobile Safari/537.36" 
174.208.168.63 - - [11/Aug/2021:00:39:07 -0700] "GET /twitter-icon.png HTTP/1.1" 200 27916 "http://www.secrepo.com/" "Mozilla/5.0 (Linux; Android 11; Pixel 5) AppleWebKit/537.36 (KHTML, like Gecko) Chrome/92.0.4515.131 Mobile Safari/537.36" 
174.208.168.63 - - [11/Aug/2021:00:39:07 -0700] "GET /GitHub-Mark.png HTTP/1.1" 200 7533 "http://www.secrepo.com/" "Mozilla/5.0 (Linux; Android 11; Pixel 5) AppleWebKit/537.36 (KHTML, like Gecko) Chrome/92.0.4515.131 Mobile Safari/537.36" 
91.199.112.169 - - [11/Aug/2021:00:39:09 -0700] "GET /%5C%22http://amunhoney.sourceforge.net/%5C%22 HTTP/1.1" 301 520 "http://kak-faq.ru/" "Re-re Studio (+http://vip0.ru/)" 
174.208.168.63 - - [11/Aug/2021:00:39:10 -0700] "GET /bootstrap/img/favicon.ico HTTP/1.1" 200 713 "http://www.secrepo.com/" "Mozilla/5.0 (Linux; Android 11; Pixel 5) AppleWebKit/537.36 (KHTML, like Gecko) Chrome/92.0.4515.131 Mobile Safari/537.36" 
91.199.112.169 - - [11/Aug/2021:00:39:10 -0700] "GET /%5C%22http:/amunhoney.sourceforge.net/%5C%22 HTTP/1.1" 404 291 "http://kak-faq.ru/" "Re-re Studio (+http://vip0.ru/)" 
46.150.246.65 - - [11/Aug/2021:00:39:27 -0700] "GET /%5C%22http://glastopf.org/%5C%22 HTTP/1.1" 301 494 "http://kak-faq.ru/" "Re-re Studio (+http://vip0.ru/)" 
46.150.246.65 - - [11/Aug/2021:00:39:28 -0700] "GET /%5C%22http:/glastopf.org/%5C%22 HTTP/1.1" 404 291 "http://kak-faq.ru/" "Re-re Studio (+http://vip0.ru/)" 
49.7.20.108 - - [11/Aug/2021:00:40:47 -0700] "GET / HTTP/1.1" 301 438 "-" "Sogou web spider/4.0(+http://www.sogou.com/docs/help/webmasters.htm#07)" 
114.119.159.40 - - [11/Aug/2021:00:41:57 -0700] "GET /self.logs/access.log.2017-02-23.gz HTTP/1.1" 200 20704 "-" "Mozilla/5.0 (Linux; Android 7.0;) AppleWebKit/537.36 (KHTML, like Gecko) Mobile Safari/537.36 (compatible; PetalBot;+https://webmaster.petalsearch.com/site/petalbot)" 
114.119.130.95 - - [11/Aug/2021:00:48:42 -0700] "GET /self.logs/error.log.2018-10-24.gz HTTP/1.1" 200 4562 "-" "Mozilla/5.0 (Linux; Android 7.0;) AppleWebKit/537.36 (KHTML, like Gecko) Mobile Safari/537.36 (compatible; PetalBot;+https://webmaster.petalsearch.com/site/petalbot)" 
54.36.148.63 - - [11/Aug/2021:00:50:18 -0700] "GET /self.logs/error.log.2020-05-21.gz HTTP/1.1" 200 1021 "-" "Mozilla/5.0 (compatible; AhrefsBot/7.0; +http://ahrefs.com/robot/)" 
106.38.241.144 - - [11/Aug/2021:00:55:30 -0700] "GET / HTTP/1.1" 200 12846 "-" "Sogou web spider/4.0(+http://www.sogou.com/docs/help/webmasters.htm#07)" 
66.249.64.94 - - [11/Aug/2021:00:56:20 -0700] "GET / HTTP/1.1" 301 475 "-" "Mozilla/5.0 (compatible; Googlebot/2.1; +http://www.google.com/bot.html)" 
66.249.64.136 - - [11/Aug/2021:00:56:21 -0700] "GET / HTTP/1.1" 200 12883 "-" "Mozilla/5.0 (compatible; Googlebot/2.1; +http://www.google.com/bot.html)" 
66.249.64.143 - - [11/Aug/2021:00:56:27 -0700] "GET /css/style.css HTTP/1.1" 404 328 "http://www.secrepo.com/" "Mozilla/5.0 AppleWebKit/537.36 (KHTML, like Gecko; compatible; Googlebot/2.1; +http://www.google.com/bot.html) Chrome/92.0.4515.119 Safari/537.36" 
66.249.64.136 - - [11/Aug/2021:00:56:27 -0700] "GET /css/style.css HTTP/1.1" 404 328 "http://www.secrepo.com/" "Mozilla/5.0 AppleWebKit/537.36 (KHTML, like Gecko; compatible; Googlebot/2.1; +http://www.google.com/bot.html) Chrome/92.0.4515.119 Safari/537.36" 
103.19.212.1 - - [11/Aug/2021:00:57:03 -0700] "GET /bootstrap/img/favicon.ico HTTP/1.1" 200 713 "-" "Mozilla/5.0 (Windows NT 10.0; Win64; x64; rv:78.0) Gecko/20100101 Firefox/78.0" 
54.36.148.85 - - [11/Aug/2021:00:57:53 -0700] "GET /self.logs/error.log.2020-09-16 HTTP/1.1" 200 724 "-" "Mozilla/5.0 (compatible; AhrefsBot/7.0; +http://ahrefs.com/robot/)" 
118.184.177.110 - - [11/Aug/2021:00:59:41 -0700] "GET / HTTP/1.1" 200 12846 "-" "Sogou web spider/4.0(+http://www.sogou.com/docs/help/webmasters.htm#07)" 
17.121.113.238 - - [11/Aug/2021:01:00:57 -0700] "GET /self.logs/error.log.2020-03-05 HTTP/1.1" 200 307 "-" "Mozilla/5.0 (Macintosh; Intel Mac OS X 10_15_5) AppleWebKit/605.1.15 (KHTML, like Gecko) Version/13.1.1 Safari/605.1.15 (Applebot/0.1; +http://www.apple.com/go/applebot)" 
206.47.249.246 - - [11/Aug/2021:01:05:25 -0700] "GET /self.logs/error.log.2019-04-23.gz HTTP/1.1" 304 280 "-" "Mozilla/4.0 (compatible;)" 
114.119.141.53 - - [11/Aug/2021:01:08:50 -0700] "GET /self.logs/access.log.2020-11-18.gz HTTP/1.1" 200 14956 "-" "Mozilla/5.0 (Linux; Android 7.0;) AppleWebKit/537.36 (KHTML, like Gecko) Mobile Safari/537.36 (compatible; PetalBot;+https://webmaster.petalsearch.com/site/petalbot)" 
182.65.110.191 - - [11/Aug/2021:01:13:57 -0700] "GET /?utm=semalt.com HTTP/1.1" 301 505 "https://semalt.com-----google.com/?q=semalt" "Mozilla/5.0 (Windows NT 10.0; Win64; x64) AppleWebKit/537.36 (KHTML, like Gecko) Chrome/74.0.3729.169 Safari/537.36" 
49.7.20.108 - - [11/Aug/2021:01:14:48 -0700] "GET / HTTP/1.1" 200 12846 "-" "Sogou web spider/4.0(+http://www.sogou.com/docs/help/webmasters.htm#07)" 
114.119.140.84 - - [11/Aug/2021:01:15:25 -0700] "GET /self.logs/error.log.2017-05-30.gz HTTP/1.1" 200 905 "-" "Mozilla/5.0 (Linux; Android 7.0;) AppleWebKit/537.36 (KHTML, like Gecko) Mobile Safari/537.36 (compatible; PetalBot;+https://webmaster.petalsearch.com/site/petalbot)" 
47.240.171.207 - - [11/Aug/2021:01:16:16 -0700] "GET / HTTP/1.1" 200 12845 "-" "Mozilla/5.0 (Windows NT 10.0; Win64; x64) AppleWebKit/537.36 (KHTML, like Gecko) Chrome/92.0.4515.131 Safari/537.36" 
47.240.171.207 - - [11/Aug/2021:01:16:17 -0700] "GET /css/style.css HTTP/1.1" 404 291 "http://www.secrepo.com/" "Mozilla/5.0 (Windows NT 10.0; Win64; x64) AppleWebKit/537.36 (KHTML, like Gecko) Chrome/92.0.4515.131 Safari/537.36" 
47.240.171.207 - - [11/Aug/2021:01:16:17 -0700] "GET /twitter-icon.png HTTP/1.1" 200 27879 "http://www.secrepo.com/" "Mozilla/5.0 (Windows NT 10.0; Win64; x64) AppleWebKit/537.36 (KHTML, like Gecko) Chrome/92.0.4515.131 Safari/537.36" 
47.240.171.207 - - [11/Aug/2021:01:16:17 -0700] "GET /GitHub-Mark.png HTTP/1.1" 200 7519 "http://www.secrepo.com/" "Mozilla/5.0 (Windows NT 10.0; Win64; x64) AppleWebKit/537.36 (KHTML, like Gecko) Chrome/92.0.4515.131 Safari/537.36" 
47.240.171.207 - - [11/Aug/2021:01:16:20 -0700] "GET /bootstrap/img/favicon.ico HTTP/1.1" 200 676 "http://www.secrepo.com/" "Mozilla/5.0 (Windows NT 10.0; Win64; x64) AppleWebKit/537.36 (KHTML, like Gecko) Chrome/92.0.4515.131 Safari/537.36" 
106.38.241.144 - - [11/Aug/2021:01:20:10 -0700] "GET / HTTP/1.1" 200 12845 "-" "Sogou web spider/4.0(+http://www.sogou.com/docs/help/webmasters.htm#07)" 
114.119.150.248 - - [11/Aug/2021:01:22:12 -0700] "GET /self.logs/error.log.2020-02-08.gz HTTP/1.1" 200 870 "-" "Mozilla/5.0 (Linux; Android 7.0;) AppleWebKit/537.36 (KHTML, like Gecko) Mobile Safari/537.36 (compatible; PetalBot;+https://webmaster.petalsearch.com/site/petalbot)" 
114.119.155.228 - - [11/Aug/2021:01:28:53 -0700] "GET /self.logs/error.log.2018-04-04.gz HTTP/1.1" 200 10334 "-" "Mozilla/5.0 (Linux; Android 7.0;) AppleWebKit/537.36 (KHTML, like Gecko) Mobile Safari/537.36 (compatible; PetalBot;+https://webmaster.petalsearch.com/site/petalbot)" 
66.249.64.149 - - [11/Aug/2021:01:29:19 -0700] "GET / HTTP/1.1" 200 12882 "-" "Mozilla/5.0 (Linux; Android 6.0.1; Nexus 5X Build/MMB29P) AppleWebKit/537.36 (KHTML, like Gecko) Chrome/92.0.4515.119 Mobile Safari/537.36 (compatible; Googlebot/2.1; +http://www.google.com/bot.html)" 
207.46.13.115 - - [11/Aug/2021:01:30:55 -0700] "GET /self.logs/error.log.2021-06-18.gz HTTP/1.1" 200 1137 "-" "Mozilla/5.0 (compatible; bingbot/2.0; +http://www.bing.com/bingbot.htm)" 
54.36.148.86 - - [11/Aug/2021:01:31:22 -0700] "GET /self.logs/error.log.2019-10-02.gz HTTP/1.1" 200 1641 "-" "Mozilla/5.0 (compatible; AhrefsBot/7.0; +http://ahrefs.com/robot/)" 
108.59.8.80 - - [11/Aug/2021:01:33:00 -0700] "GET /robots.txt HTTP/1.1" 200 377 "-" "Mozilla/5.0 (compatible; MJ12bot/v1.4.8; http://mj12bot.com/)" 
108.59.8.80 - - [11/Aug/2021:01:33:03 -0700] "GET / HTTP/1.1" 200 12839 "-" "Mozilla/5.0 (compatible; MJ12bot/v1.4.8; http://mj12bot.com/)" 
116.203.44.248 - - [11/Aug/2021:01:38:44 -0700] "GET / HTTP/1.1" 301 475 "https://www.crawlson.com/search?q=site:secrepo.com" "Mozilla/5.0 (compatible; Crawlson/1.0; +https://www.crawlson.com/search?q=site:secrepo.com)" 
116.203.44.248 - - [11/Aug/2021:01:38:44 -0700] "GET / HTTP/1.1" 200 48064 "https://www.crawlson.com/search?q=site:secrepo.com" "Mozilla/5.0 (compatible; Crawlson/1.0; +https://www.crawlson.com/search?q=site:secrepo.com)" 
114.119.159.40 - - [11/Aug/2021:01:42:10 -0700] "GET /self.logs/access.log.2018-08-09.gz HTTP/1.1" 200 26792 "-" "Mozilla/5.0 (Linux; Android 7.0;) AppleWebKit/537.36 (KHTML, like Gecko) Mobile Safari/537.36 (compatible; PetalBot;+https://webmaster.petalsearch.com/site/petalbot)" 
106.38.241.144 - - [11/Aug/2021:01:43:50 -0700] "GET / HTTP/1.1" 200 12846 "-" "Sogou web spider/4.0(+http://www.sogou.com/docs/help/webmasters.htm#07)" 
49.7.20.108 - - [11/Aug/2021:01:50:13 -0700] "GET / HTTP/1.1" 301 438 "-" "Sogou web spider/4.0(+http://www.sogou.com/docs/help/webmasters.htm#07)" 
114.119.129.244 - - [11/Aug/2021:01:55:44 -0700] "GET /robots.txt HTTP/1.1" 200 377 "-" "Mozilla/5.0 (compatible;PetalBot;+https://webmaster.petalsearch.com/site/petalbot)" 
114.119.155.228 - - [11/Aug/2021:02:02:25 -0700] "GET /self.logs/access.log.2018-11-04.gz HTTP/1.1" 200 18929 "-" "Mozilla/5.0 (Linux; Android 7.0;) AppleWebKit/537.36 (KHTML, like Gecko) Mobile Safari/537.36 (compatible; PetalBot;+https://webmaster.petalsearch.com/site/petalbot)" 
106.38.241.144 - - [11/Aug/2021:02:06:43 -0700] "GET / HTTP/1.1" 200 12846 "-" "Sogou web spider/4.0(+http://www.sogou.com/docs/help/webmasters.htm#07)" 
123.118.11.220 - - [11/Aug/2021:02:06:52 -0700] "GET /misc/zeus_dga_domains.txt.zip HTTP/1.1" 200 592381 "-" "Mozilla/5.0 (Windows NT 10.0; Win64; x64; rv:90.0) Gecko/20100101 Firefox/90.0" 
95.163.255.52 - - [11/Aug/2021:02:07:36 -0700] "GET /robots.txt HTTP/1.0" 200 340 "-" "Mozilla/5.0 (compatible; Linux x86_64; Mail.RU_Bot/2.0; +http://go.mail.ru/help/robots)" 
95.163.255.53 - - [11/Aug/2021:02:07:38 -0700] "GET /maccdc2012/ HTTP/1.1" 200 826 "-" "Mozilla/5.0 (compatible; Linux x86_64; Mail.RU_Bot/2.0; +http://go.mail.ru/help/robots)" 
49.7.20.102 - - [11/Aug/2021:02:09:11 -0700] "GET / HTTP/1.1" 200 12846 "-" "Sogou web spider/4.0(+http://www.sogou.com/docs/help/webmasters.htm#07)" 
114.119.157.43 - - [11/Aug/2021:02:15:45 -0700] "GET /self.logs/access.log.2019-01-08.gz HTTP/1.1" 200 24696 "-" "Mozilla/5.0 (Linux; Android 7.0;) AppleWebKit/537.36 (KHTML, like Gecko) Mobile Safari/537.36 (compatible; PetalBot;+https://webmaster.petalsearch.com/site/petalbot)" 
114.119.129.244 - - [11/Aug/2021:02:22:35 -0700] "GET /self.logs/error.log.2018-10-06.gz HTTP/1.1" 200 4339 "-" "Mozilla/5.0 (Linux; Android 7.0;) AppleWebKit/537.36 (KHTML, like Gecko) Mobile Safari/537.36 (compatible; PetalBot;+https://webmaster.petalsearch.com/site/petalbot)" 
49.7.20.108 - - [11/Aug/2021:02:27:45 -0700] "GET / HTTP/1.1" 200 12845 "-" "Sogou web spider/4.0(+http://www.sogou.com/docs/help/webmasters.htm#07)" 
106.38.241.144 - - [11/Aug/2021:02:28:02 -0700] "GET / HTTP/1.1" 200 12845 "-" "Sogou web spider/4.0(+http://www.sogou.com/docs/help/webmasters.htm#07)" 
49.7.20.102 - - [11/Aug/2021:02:28:12 -0700] "GET / HTTP/1.1" 200 12845 "-" "Sogou web spider/4.0(+http://www.sogou.com/docs/help/webmasters.htm#07)" 
114.119.141.53 - - [11/Aug/2021:02:29:20 -0700] "GET /self.logs/access.log.2018-05-19.gz HTTP/1.1" 200 13997 "-" "Mozilla/5.0 (Linux; Android 7.0;) AppleWebKit/537.36 (KHTML, like Gecko) Mobile Safari/537.36 (compatible; PetalBot;+https://webmaster.petalsearch.com/site/petalbot)" 
54.36.149.23 - - [11/Aug/2021:02:36:00 -0700] "GET /self.logs/2015/access.log.2015-11-04.gz HTTP/1.1" 200 5934 "-" "Mozilla/5.0 (compatible; AhrefsBot/7.0; +http://ahrefs.com/robot/)" 
114.119.159.40 - - [11/Aug/2021:02:36:03 -0700] "GET /self.logs/error.log.2018-12-02.gz HTTP/1.1" 200 4146 "-" "Mozilla/5.0 (Linux; Android 7.0;) AppleWebKit/537.36 (KHTML, like Gecko) Mobile Safari/537.36 (compatible; PetalBot;+https://webmaster.petalsearch.com/site/petalbot)" 
