111.202.100.87 - - [28/Nov/2020:09:40:35 -0800] "GET / HTTP/1.1" 301 438 "-" "Sogou web spider/4.0(+http://www.sogou.com/docs/help/webmasters.htm#07)" 
111.202.100.87 - - [28/Nov/2020:09:41:57 -0800] "GET / HTTP/1.1" 200 12845 "-" "Sogou web spider/4.0(+http://www.sogou.com/docs/help/webmasters.htm#07)" 
207.46.13.39 - - [28/Nov/2020:09:47:59 -0800] "GET /self.logs/error.log.2017-06-16.gz HTTP/1.1" 304 279 "-" "Mozilla/5.0 (compatible; bingbot/2.0; +http://www.bing.com/bingbot.htm)" 
49.7.20.102 - - [28/Nov/2020:09:57:33 -0800] "GET / HTTP/1.1" 200 12845 "-" "Sogou web spider/4.0(+http://www.sogou.com/docs/help/webmasters.htm#07)" 
106.38.241.69 - - [28/Nov/2020:09:57:53 -0800] "GET /css/style.css HTTP/1.1" 404 291 "-" "Mozilla/4.0 (compatible; MSIE 7.0; Windows NT 6.0; Trident/4.0)" 
37.139.30.158 - - [28/Nov/2020:10:00:40 -0800] "GET / HTTP/1.1" 200 12881 "-" "Mozilla/5.0 (Macintosh; Intel Mac OS X 10_14_4) AppleWebKit/537.36 (KHTML, like Gecko) Chrome/73.0.3683.103 Safari/537.36" 
37.139.30.158 - - [28/Nov/2020:10:00:40 -0800] "GET /twitter-icon.png HTTP/1.1" 200 27916 "http://www.secrepo.com/" "Mozilla/5.0 (Macintosh; Intel Mac OS X 10_14_4) AppleWebKit/537.36 (KHTML, like Gecko) Chrome/73.0.3683.103 Safari/537.36" 
37.139.30.158 - - [28/Nov/2020:10:00:40 -0800] "GET /css/style.css HTTP/1.1" 404 305 "http://www.secrepo.com/" "Mozilla/5.0 (Macintosh; Intel Mac OS X 10_14_4) AppleWebKit/537.36 (KHTML, like Gecko) Chrome/73.0.3683.103 Safari/537.36" 
37.139.30.158 - - [28/Nov/2020:10:00:40 -0800] "GET /GitHub-Mark.png HTTP/1.1" 200 7556 "http://www.secrepo.com/" "Mozilla/5.0 (Macintosh; Intel Mac OS X 10_14_4) AppleWebKit/537.36 (KHTML, like Gecko) Chrome/73.0.3683.103 Safari/537.36" 
157.55.39.225 - - [28/Nov/2020:10:07:22 -0800] "GET /self.logs/access.log.2017-09-06.gz HTTP/1.1" 301 543 "-" "Mozilla/5.0 (compatible; bingbot/2.0; +http://www.bing.com/bingbot.htm)" 
13.66.139.16 - - [28/Nov/2020:10:24:00 -0800] "GET /self.logs/access.log.2018-06-25.gz HTTP/1.1" 200 19723 "-" "Mozilla/5.0 (compatible; bingbot/2.0; +http://www.bing.com/bingbot.htm)" 
13.66.139.85 - - [28/Nov/2020:10:38:12 -0800] "GET /self.logs/error.log.2018-07-03.gz HTTP/1.1" 200 6404 "-" "Mozilla/5.0 (compatible; bingbot/2.0; +http://www.bing.com/bingbot.htm)" 
52.56.255.179 - - [28/Nov/2020:10:44:23 -0800] "GET / HTTP/1.1" 301 475 "-" "Mozilla/5.0 (X11; Ubuntu; Linux x86_64; rv:74.0) Gecko/20100101 Firefox/74.0" 
52.56.255.179 - - [28/Nov/2020:10:44:23 -0800] "GET / HTTP/1.1" 200 12882 "-" "Mozilla/5.0 (X11; Ubuntu; Linux x86_64; rv:74.0) Gecko/20100101 Firefox/74.0" 
52.56.255.179 - - [28/Nov/2020:10:44:24 -0800] "GET /css/style.css HTTP/1.1" 404 305 "http://www.secrepo.com/" "Mozilla/5.0 (X11; Ubuntu; Linux x86_64; rv:74.0) Gecko/20100101 Firefox/74.0" 
52.56.255.179 - - [28/Nov/2020:10:44:24 -0800] "GET /twitter-icon.png HTTP/1.1" 200 27916 "http://www.secrepo.com/" "Mozilla/5.0 (X11; Ubuntu; Linux x86_64; rv:74.0) Gecko/20100101 Firefox/74.0" 
52.56.255.179 - - [28/Nov/2020:10:44:24 -0800] "GET /GitHub-Mark.png HTTP/1.1" 200 7556 "http://www.secrepo.com/" "Mozilla/5.0 (X11; Ubuntu; Linux x86_64; rv:74.0) Gecko/20100101 Firefox/74.0" 
52.56.255.179 - - [28/Nov/2020:10:44:24 -0800] "GET /bootstrap/img/favicon.ico HTTP/1.1" 200 690 "-" "Mozilla/5.0 (X11; Ubuntu; Linux x86_64; rv:74.0) Gecko/20100101 Firefox/74.0" 
52.56.255.179 - - [28/Nov/2020:10:45:14 -0800] "GET / HTTP/1.1" 200 12882 "-" "Mozilla/5.0 (X11; Ubuntu; Linux x86_64; rv:74.0) Gecko/20100101 Firefox/74.0" 
52.56.255.179 - - [28/Nov/2020:10:45:14 -0800] "GET /css/style.css HTTP/1.1" 404 305 "http://www.secrepo.com/" "Mozilla/5.0 (X11; Ubuntu; Linux x86_64; rv:74.0) Gecko/20100101 Firefox/74.0" 
52.56.255.179 - - [28/Nov/2020:10:45:14 -0800] "GET /GitHub-Mark.png HTTP/1.1" 200 7556 "http://www.secrepo.com/" "Mozilla/5.0 (X11; Ubuntu; Linux x86_64; rv:74.0) Gecko/20100101 Firefox/74.0" 
52.56.255.179 - - [28/Nov/2020:10:45:14 -0800] "GET /twitter-icon.png HTTP/1.1" 200 27916 "http://www.secrepo.com/" "Mozilla/5.0 (X11; Ubuntu; Linux x86_64; rv:74.0) Gecko/20100101 Firefox/74.0" 
52.56.255.179 - - [28/Nov/2020:10:45:14 -0800] "GET /css/style.css HTTP/1.1" 404 305 "http://www.secrepo.com/" "Mozilla/5.0 (X11; Ubuntu; Linux x86_64; rv:74.0) Gecko/20100101 Firefox/74.0" 
52.56.255.179 - - [28/Nov/2020:10:45:15 -0800] "GET /bootstrap/img/favicon.ico HTTP/1.1" 200 690 "-" "Mozilla/5.0 (X11; Ubuntu; Linux x86_64; rv:74.0) Gecko/20100101 Firefox/74.0" 
13.66.139.85 - - [28/Nov/2020:11:01:04 -0800] "GET /self.logs/access.log.2020-08-31.gz HTTP/1.1" 200 17108 "-" "Mozilla/5.0 (compatible; bingbot/2.0; +http://www.bing.com/bingbot.htm)" 
207.46.13.39 - - [28/Nov/2020:11:04:16 -0800] "GET /self.logs/2016/access.log.2016-02-28.gz HTTP/1.1" 304 280 "-" "Mozilla/5.0 (compatible; bingbot/2.0; +http://www.bing.com/bingbot.htm)" 
142.68.59.137 - - [28/Nov/2020:11:13:32 -0800] "GET / HTTP/1.1" 200 12882 "-" "Mozilla/5.0 (Macintosh; Intel Mac OS X 10_15_7) AppleWebKit/605.1.15 (KHTML, like Gecko)" 
142.68.59.137 - - [28/Nov/2020:11:13:32 -0800] "GET /apple-touch-icon-precomposed.png HTTP/1.1" 404 328 "-" "Safari/15610.1.28.1.9 CFNetwork/1128.0.1 Darwin/19.6.0 (x86_64)" 
142.68.59.137 - - [28/Nov/2020:11:13:32 -0800] "GET /apple-touch-icon.png HTTP/1.1" 404 305 "-" "Safari/15610.1.28.1.9 CFNetwork/1128.0.1 Darwin/19.6.0 (x86_64)" 
142.68.59.137 - - [28/Nov/2020:11:13:32 -0800] "GET /bootstrap/img/favicon.ico HTTP/1.1" 200 690 "-" "Safari/15610.1.28.1.9 CFNetwork/1128.0.1 Darwin/19.6.0 (x86_64)" 
142.68.59.137 - - [28/Nov/2020:11:13:32 -0800] "GET / HTTP/1.1" 200 12882 "-" "Mozilla/5.0 (iPhone; CPU iPhone OS 13_1_3 like Mac OS X) AppleWebKit/605.1.15 (KHTML, like Gecko) Version/13.0.1 Mobile/15E148 Safari/604.1" 
142.68.59.137 - - [28/Nov/2020:11:13:32 -0800] "GET /apple-touch-icon-precomposed.png HTTP/1.1" 404 305 "-" "Safari/15610.1.28.1.9 CFNetwork/1128.0.1 Darwin/19.6.0 (x86_64)" 
142.68.59.137 - - [28/Nov/2020:11:13:32 -0800] "GET /apple-touch-icon.png HTTP/1.1" 404 305 "-" "Safari/15610.1.28.1.9 CFNetwork/1128.0.1 Darwin/19.6.0 (x86_64)" 
142.68.59.137 - - [28/Nov/2020:11:14:34 -0800] "GET / HTTP/1.1" 200 12882 "-" "Mozilla/5.0 (Macintosh; Intel Mac OS X 10_15_7) AppleWebKit/605.1.15 (KHTML, like Gecko)" 
142.68.59.137 - - [28/Nov/2020:11:14:34 -0800] "GET /apple-touch-icon-precomposed.png HTTP/1.1" 404 328 "-" "Safari/15610.1.28.1.9 CFNetwork/1128.0.1 Darwin/19.6.0 (x86_64)" 
142.68.59.137 - - [28/Nov/2020:11:14:34 -0800] "GET /apple-touch-icon.png HTTP/1.1" 404 305 "-" "Safari/15610.1.28.1.9 CFNetwork/1128.0.1 Darwin/19.6.0 (x86_64)" 
142.68.59.137 - - [28/Nov/2020:11:14:34 -0800] "GET /bootstrap/img/favicon.ico HTTP/1.1" 200 690 "-" "Safari/15610.1.28.1.9 CFNetwork/1128.0.1 Darwin/19.6.0 (x86_64)" 
142.68.59.137 - - [28/Nov/2020:11:14:34 -0800] "GET / HTTP/1.1" 200 12859 "-" "Mozilla/5.0 (iPhone; CPU iPhone OS 13_1_3 like Mac OS X) AppleWebKit/605.1.15 (KHTML, like Gecko) Version/13.0.1 Mobile/15E148 Safari/604.1" 
142.68.59.137 - - [28/Nov/2020:11:14:34 -0800] "GET /apple-touch-icon-precomposed.png HTTP/1.1" 404 305 "-" "Safari/15610.1.28.1.9 CFNetwork/1128.0.1 Darwin/19.6.0 (x86_64)" 
142.68.59.137 - - [28/Nov/2020:11:14:34 -0800] "GET /apple-touch-icon.png HTTP/1.1" 404 305 "-" "Safari/15610.1.28.1.9 CFNetwork/1128.0.1 Darwin/19.6.0 (x86_64)" 
8.47.15.58 - - [28/Nov/2020:11:18:36 -0800] "GET / HTTP/1.1" 200 12882 "-" "Mozilla/5.0 (iPhone; CPU iPhone OS 14_2_1 like Mac OS X) AppleWebKit/605.1.15 (KHTML, like Gecko) Version/14.0.1 Mobile/15E148 Safari/604.1" 
8.47.15.58 - - [28/Nov/2020:11:18:37 -0800] "GET /apple-touch-icon-120x120-precomposed.png HTTP/1.1" 404 328 "-" "MobileSafari/604.1 CFNetwork/1206 Darwin/20.1.0" 
8.47.15.58 - - [28/Nov/2020:11:18:37 -0800] "GET /apple-touch-icon-120x120.png HTTP/1.1" 404 305 "-" "MobileSafari/604.1 CFNetwork/1206 Darwin/20.1.0" 
8.47.15.58 - - [28/Nov/2020:11:18:37 -0800] "GET /apple-touch-icon-precomposed.png HTTP/1.1" 404 305 "-" "MobileSafari/604.1 CFNetwork/1206 Darwin/20.1.0" 
8.47.15.58 - - [28/Nov/2020:11:18:37 -0800] "GET /apple-touch-icon.png HTTP/1.1" 404 305 "-" "MobileSafari/604.1 CFNetwork/1206 Darwin/20.1.0" 
8.47.15.58 - - [28/Nov/2020:11:18:37 -0800] "GET /bootstrap/img/favicon.ico HTTP/1.1" 200 690 "-" "MobileSafari/604.1 CFNetwork/1206 Darwin/20.1.0" 
66.249.64.155 - - [28/Nov/2020:11:24:39 -0800] "GET /Datasets%20Description/PE_malware/VirusShare.html HTTP/1.1" 304 277 "-" "Mozilla/5.0 (compatible; Googlebot/2.1; +http://www.google.com/bot.html)" 
81.0.7.221 - - [28/Nov/2020:11:25:11 -0800] "GET / HTTP/1.1" 200 12882 "-" "Mozilla/5.0 (Macintosh; Intel Mac OS X 10_15_6) AppleWebKit/605.1.15 (KHTML, like Gecko) Version/14.0 Safari/605.1.15" 
81.0.7.221 - - [28/Nov/2020:11:25:11 -0800] "GET /bootstrap/img/favicon.ico HTTP/1.1" 304 263 "http://www.secrepo.com/" "Mozilla/5.0 (Macintosh; Intel Mac OS X 10_15_6) AppleWebKit/605.1.15 (KHTML, like Gecko) Version/14.0 Safari/605.1.15" 
81.0.7.221 - - [28/Nov/2020:11:25:11 -0800] "GET /twitter-icon.png HTTP/1.1" 200 27893 "http://www.secrepo.com/" "Mozilla/5.0 (Macintosh; Intel Mac OS X 10_15_6) AppleWebKit/605.1.15 (KHTML, like Gecko) Version/14.0 Safari/605.1.15" 
13.66.139.16 - - [28/Nov/2020:11:35:57 -0800] "GET /self.logs/error.log.2019-03-25.gz HTTP/1.1" 200 4084 "-" "Mozilla/5.0 (compatible; bingbot/2.0; +http://www.bing.com/bingbot.htm)" 
116.179.32.225 - - [28/Nov/2020:11:41:05 -0800] "GET /Datasets%20Description/Network/dns.html HTTP/1.1" 200 1506 "-" "Mozilla/5.0 (compatible; Baiduspider/2.0; +http://www.baidu.com/search/spider.html)" 
13.66.139.16 - - [28/Nov/2020:11:41:55 -0800] "GET /self.logs/error.log.2019-11-13.gz HTTP/1.1" 200 1150 "-" "Mozilla/5.0 (compatible; bingbot/2.0; +http://www.bing.com/bingbot.htm)" 
66.249.64.155 - - [28/Nov/2020:11:43:16 -0800] "GET /Datasets%20Description/PE_malware/VirusShare.html HTTP/1.1" 200 1651 "-" "Mozilla/5.0 (Linux; Android 6.0.1; Nexus 5X Build/MMB29P) AppleWebKit/537.36 (KHTML, like Gecko) Chrome/86.0.4240.96 Mobile Safari/537.36 (compatible; Googlebot/2.1; +http://www.google.com/bot.html)" 
74.96.216.56 - - [28/Nov/2020:11:46:27 -0800] "GET / HTTP/1.1" 200 12882 "-" "Mozilla/5.0 (Windows NT 10.0; Win64; x64) AppleWebKit/537.36 (KHTML, like Gecko) Chrome/86.0.4240.198 Safari/537.36" 
74.96.216.56 - - [28/Nov/2020:11:46:27 -0800] "GET /twitter-icon.png HTTP/1.1" 200 27916 "http://www.secrepo.com/" "Mozilla/5.0 (Windows NT 10.0; Win64; x64) AppleWebKit/537.36 (KHTML, like Gecko) Chrome/86.0.4240.198 Safari/537.36" 
74.96.216.56 - - [28/Nov/2020:11:46:27 -0800] "GET /css/style.css HTTP/1.1" 404 305 "http://www.secrepo.com/" "Mozilla/5.0 (Windows NT 10.0; Win64; x64) AppleWebKit/537.36 (KHTML, like Gecko) Chrome/86.0.4240.198 Safari/537.36" 
74.96.216.56 - - [28/Nov/2020:11:46:27 -0800] "GET /GitHub-Mark.png HTTP/1.1" 200 7556 "http://www.secrepo.com/" "Mozilla/5.0 (Windows NT 10.0; Win64; x64) AppleWebKit/537.36 (KHTML, like Gecko) Chrome/86.0.4240.198 Safari/537.36" 
74.96.216.56 - - [28/Nov/2020:11:46:29 -0800] "GET /bootstrap/img/favicon.ico HTTP/1.1" 200 690 "http://www.secrepo.com/" "Mozilla/5.0 (Windows NT 10.0; Win64; x64) AppleWebKit/537.36 (KHTML, like Gecko) Chrome/86.0.4240.198 Safari/537.36" 
142.68.59.137 - - [28/Nov/2020:11:46:58 -0800] "GET / HTTP/1.1" 200 12882 "-" "Mozilla/5.0 (Macintosh; Intel Mac OS X 10_15_7) AppleWebKit/605.1.15 (KHTML, like Gecko)" 
142.68.59.137 - - [28/Nov/2020:11:46:59 -0800] "GET /apple-touch-icon-precomposed.png HTTP/1.1" 404 328 "-" "Safari/15610.1.28.1.9 CFNetwork/1128.0.1 Darwin/19.6.0 (x86_64)" 
142.68.59.137 - - [28/Nov/2020:11:46:59 -0800] "GET /apple-touch-icon.png HTTP/1.1" 404 305 "-" "Safari/15610.1.28.1.9 CFNetwork/1128.0.1 Darwin/19.6.0 (x86_64)" 
142.68.59.137 - - [28/Nov/2020:11:46:59 -0800] "GET /bootstrap/img/favicon.ico HTTP/1.1" 200 690 "-" "Safari/15610.1.28.1.9 CFNetwork/1128.0.1 Darwin/19.6.0 (x86_64)" 
142.68.59.137 - - [28/Nov/2020:11:46:59 -0800] "GET / HTTP/1.1" 200 12882 "-" "Mozilla/5.0 (iPhone; CPU iPhone OS 13_1_3 like Mac OS X) AppleWebKit/605.1.15 (KHTML, like Gecko) Version/13.0.1 Mobile/15E148 Safari/604.1" 
142.68.59.137 - - [28/Nov/2020:11:46:59 -0800] "GET /apple-touch-icon-precomposed.png HTTP/1.1" 404 305 "-" "Safari/15610.1.28.1.9 CFNetwork/1128.0.1 Darwin/19.6.0 (x86_64)" 
142.68.59.137 - - [28/Nov/2020:11:46:59 -0800] "GET /apple-touch-icon.png HTTP/1.1" 404 305 "-" "Safari/15610.1.28.1.9 CFNetwork/1128.0.1 Darwin/19.6.0 (x86_64)" 
13.66.139.16 - - [28/Nov/2020:11:54:10 -0800] "GET /self.logs/access.log.2019-02-10.gz HTTP/1.1" 200 17628 "-" "Mozilla/5.0 (compatible; bingbot/2.0; +http://www.bing.com/bingbot.htm)" 
77.75.78.167 - - [28/Nov/2020:11:57:42 -0800] "GET /robots.txt HTTP/1.1" 200 377 "-" "Mozilla/5.0 (compatible; SeznamBot/3.2; +http://napoveda.seznam.cz/en/seznambot-intro/)" 
77.75.78.167 - - [28/Nov/2020:11:57:42 -0800] "GET /Datasets%20Description/Network/ftp.html HTTP/1.1" 304 267 "-" "Mozilla/5.0 (compatible; SeznamBot/3.2; +http://napoveda.seznam.cz/en/seznambot-intro/)" 
13.66.139.36 - - [28/Nov/2020:12:11:08 -0800] "GET /self.logs/access.log.2017-01-13.gz HTTP/1.1" 200 16704 "-" "Mozilla/5.0 (compatible; bingbot/2.0; +http://www.bing.com/bingbot.htm)" 
17.58.96.142 - - [28/Nov/2020:12:17:41 -0800] "GET /self.logs/error.log.2020-03-01 HTTP/1.1" 200 307 "-" "Mozilla/5.0 (Macintosh; Intel Mac OS X 10_15_5) AppleWebKit/605.1.15 (KHTML, like Gecko) Version/13.1.1 Safari/605.1.15 (Applebot/0.1; +http://www.apple.com/go/applebot)" 
13.66.139.85 - - [28/Nov/2020:12:18:01 -0800] "GET /self.logs/2015/access.log.2015-10-06.gz HTTP/1.1" 200 6290 "-" "Mozilla/5.0 (compatible; bingbot/2.0; +http://www.bing.com/bingbot.htm)" 
13.66.139.16 - - [28/Nov/2020:12:18:06 -0800] "GET /self.logs/access.log.2019-04-21.gz HTTP/1.1" 200 20306 "-" "Mozilla/5.0 (compatible; bingbot/2.0; +http://www.bing.com/bingbot.htm)" 
13.66.139.16 - - [28/Nov/2020:12:18:52 -0800] "GET /self.logs/access.log.2018-11-15.gz HTTP/1.1" 200 46124 "-" "Mozilla/5.0 (compatible; bingbot/2.0; +http://www.bing.com/bingbot.htm)" 
95.25.85.212 - - [28/Nov/2020:12:22:06 -0800] "GET / HTTP/1.1" 200 12882 "-" "Mozilla/5.0 (Windows NT 10.0; Win64; x64) AppleWebKit/537.36 (KHTML, like Gecko) Chrome/86.0.4240.198 Safari/537.36" 
95.25.85.212 - - [28/Nov/2020:12:22:07 -0800] "GET /css/style.css HTTP/1.1" 404 305 "http://www.secrepo.com/" "Mozilla/5.0 (Windows NT 10.0; Win64; x64) AppleWebKit/537.36 (KHTML, like Gecko) Chrome/86.0.4240.198 Safari/537.36" 
95.25.85.212 - - [28/Nov/2020:12:22:07 -0800] "GET /twitter-icon.png HTTP/1.1" 200 27893 "http://www.secrepo.com/" "Mozilla/5.0 (Windows NT 10.0; Win64; x64) AppleWebKit/537.36 (KHTML, like Gecko) Chrome/86.0.4240.198 Safari/537.36" 
95.25.85.212 - - [28/Nov/2020:12:22:07 -0800] "GET /GitHub-Mark.png HTTP/1.1" 200 7556 "http://www.secrepo.com/" "Mozilla/5.0 (Windows NT 10.0; Win64; x64) AppleWebKit/537.36 (KHTML, like Gecko) Chrome/86.0.4240.198 Safari/537.36" 
95.25.85.212 - - [28/Nov/2020:12:22:09 -0800] "GET /bootstrap/img/favicon.ico HTTP/1.1" 200 713 "http://www.secrepo.com/" "Mozilla/5.0 (Windows NT 10.0; Win64; x64) AppleWebKit/537.36 (KHTML, like Gecko) Chrome/86.0.4240.198 Safari/537.36" 
35.230.47.115 - - [28/Nov/2020:12:23:04 -0800] "GET /.env HTTP/1.1" 404 328 "-" "Mozilla/5.0 (X11; Linux x86_64) AppleWebKit/537.36 (KHTML, like Gecko) Chrome/81.0.4044.129 Safari/537.36" 
35.230.47.115 - - [28/Nov/2020:12:23:04 -0800] "POST / HTTP/1.1" 200 12882 "-" "Mozilla/5.0 (X11; Linux x86_64) AppleWebKit/537.36 (KHTML, like Gecko) Chrome/81.0.4044.129 Safari/537.36" 
85.208.98.24 - - [28/Nov/2020:12:31:59 -0800] "GET /robots.txt HTTP/1.1" 200 333 "-" "Mozilla/5.0 (compatible; SemrushBot-BA; +http://www.semrush.com/bot.html)" 
85.208.98.18 - - [28/Nov/2020:12:32:17 -0800] "GET / HTTP/1.1" 200 12838 "-" "Mozilla/5.0 (compatible; SemrushBot-BA; +http://www.semrush.com/bot.html)" 
92.7.89.80 - - [28/Nov/2020:12:36:55 -0800] "GET / HTTP/1.1" 301 475 "-" "Mozilla/5.0 (Macintosh; Intel Mac OS X 10_15_7) AppleWebKit/537.36 (KHTML, like Gecko) Chrome/87.0.4280.67 Safari/537.36" 
92.7.89.80 - - [28/Nov/2020:12:36:55 -0800] "GET / HTTP/1.1" 200 12882 "-" "Mozilla/5.0 (Macintosh; Intel Mac OS X 10_15_7) AppleWebKit/537.36 (KHTML, like Gecko) Chrome/87.0.4280.67 Safari/537.36" 
92.7.89.80 - - [28/Nov/2020:12:36:56 -0800] "GET /css/style.css HTTP/1.1" 404 305 "http://www.secrepo.com/" "Mozilla/5.0 (Macintosh; Intel Mac OS X 10_15_7) AppleWebKit/537.36 (KHTML, like Gecko) Chrome/87.0.4280.67 Safari/537.36" 
92.7.89.80 - - [28/Nov/2020:12:36:56 -0800] "GET /twitter-icon.png HTTP/1.1" 200 27893 "http://www.secrepo.com/" "Mozilla/5.0 (Macintosh; Intel Mac OS X 10_15_7) AppleWebKit/537.36 (KHTML, like Gecko) Chrome/87.0.4280.67 Safari/537.36" 
92.7.89.80 - - [28/Nov/2020:12:36:56 -0800] "GET /GitHub-Mark.png HTTP/1.1" 200 7556 "http://www.secrepo.com/" "Mozilla/5.0 (Macintosh; Intel Mac OS X 10_15_7) AppleWebKit/537.36 (KHTML, like Gecko) Chrome/87.0.4280.67 Safari/537.36" 
92.7.89.80 - - [28/Nov/2020:12:36:57 -0800] "GET /bootstrap/img/favicon.ico HTTP/1.1" 200 690 "http://www.secrepo.com/" "Mozilla/5.0 (Macintosh; Intel Mac OS X 10_15_7) AppleWebKit/537.36 (KHTML, like Gecko) Chrome/87.0.4280.67 Safari/537.36" 
66.102.7.195 - - [28/Nov/2020:12:44:25 -0800] "GET / HTTP/1.1" 200 12882 "-" "Mozilla/5.0 (X11; Linux x86_64) AppleWebKit/537.36 (KHTML, like Gecko) Chrome/49.0.2623.75 Safari/537.36 Google Favicon" 
66.102.7.195 - - [28/Nov/2020:12:44:26 -0800] "GET /bootstrap/img/favicon.ico HTTP/1.1" 200 690 "-" "Mozilla/5.0 (X11; Linux x86_64) AppleWebKit/537.36 (KHTML, like Gecko) Chrome/49.0.2623.75 Safari/537.36 Google Favicon" 
17.58.96.143 - - [28/Nov/2020:12:52:27 -0800] "GET /self.logs/error.log.2019-12-08 HTTP/1.1" 200 307 "-" "Mozilla/5.0 (Macintosh; Intel Mac OS X 10_15_5) AppleWebKit/605.1.15 (KHTML, like Gecko) Version/13.1.1 Safari/605.1.15 (Applebot/0.1; +http://www.apple.com/go/applebot)" 
13.66.139.36 - - [28/Nov/2020:12:55:01 -0800] "GET /self.logs/2016/access.log.2016-02-15.gz HTTP/1.1" 200 8269 "-" "Mozilla/5.0 (compatible; bingbot/2.0; +http://www.bing.com/bingbot.htm)" 
46.101.102.111 - - [28/Nov/2020:12:56:48 -0800] "GET / HTTP/1.1" 200 12882 "-" "Mozilla/5.0 (Macintosh; Intel Mac OS X 10_14_4) AppleWebKit/537.36 (KHTML, like Gecko) Chrome/73.0.3683.103 Safari/537.36" 
46.101.102.111 - - [28/Nov/2020:12:56:48 -0800] "GET /css/style.css HTTP/1.1" 404 305 "http://www.secrepo.com/" "Mozilla/5.0 (Macintosh; Intel Mac OS X 10_14_4) AppleWebKit/537.36 (KHTML, like Gecko) Chrome/73.0.3683.103 Safari/537.36" 
46.101.102.111 - - [28/Nov/2020:12:56:48 -0800] "GET /twitter-icon.png HTTP/1.1" 200 27893 "http://www.secrepo.com/" "Mozilla/5.0 (Macintosh; Intel Mac OS X 10_14_4) AppleWebKit/537.36 (KHTML, like Gecko) Chrome/73.0.3683.103 Safari/537.36" 
46.101.102.111 - - [28/Nov/2020:12:56:48 -0800] "GET /GitHub-Mark.png HTTP/1.1" 200 7556 "http://www.secrepo.com/" "Mozilla/5.0 (Macintosh; Intel Mac OS X 10_14_4) AppleWebKit/537.36 (KHTML, like Gecko) Chrome/73.0.3683.103 Safari/537.36" 
197.10.127.210 - - [28/Nov/2020:13:10:57 -0800] "GET / HTTP/1.1" 200 12882 "-" "Mozilla/5.0 (iPhone; CPU iPhone OS 13_3 like Mac OS X) AppleWebKit/605.1.15 (KHTML, like Gecko) Mobile/15E148 [FBAN/FBIOS;FBDV/iPhone8,2;FBMD/iPhone;FBSN/iOS;FBSV/13.3;FBSS/3;FBID/phone;FBLC/fr_FR;FBOP/5]" 
197.10.127.210 - - [28/Nov/2020:13:10:57 -0800] "GET /css/style.css HTTP/1.1" 404 305 "http://www.secrepo.com/" "Mozilla/5.0 (iPhone; CPU iPhone OS 13_3 like Mac OS X) AppleWebKit/605.1.15 (KHTML, like Gecko) Mobile/15E148 [FBAN/FBIOS;FBDV/iPhone8,2;FBMD/iPhone;FBSN/iOS;FBSV/13.3;FBSS/3;FBID/phone;FBLC/fr_FR;FBOP/5]" 
197.10.127.210 - - [28/Nov/2020:13:10:57 -0800] "GET /GitHub-Mark.png HTTP/1.1" 200 7556 "http://www.secrepo.com/" "Mozilla/5.0 (iPhone; CPU iPhone OS 13_3 like Mac OS X) AppleWebKit/605.1.15 (KHTML, like Gecko) Mobile/15E148 [FBAN/FBIOS;FBDV/iPhone8,2;FBMD/iPhone;FBSN/iOS;FBSV/13.3;FBSS/3;FBID/phone;FBLC/fr_FR;FBOP/5]" 
197.10.127.210 - - [28/Nov/2020:13:10:57 -0800] "GET /twitter-icon.png HTTP/1.1" 200 27916 "http://www.secrepo.com/" "Mozilla/5.0 (iPhone; CPU iPhone OS 13_3 like Mac OS X) AppleWebKit/605.1.15 (KHTML, like Gecko) Mobile/15E148 [FBAN/FBIOS;FBDV/iPhone8,2;FBMD/iPhone;FBSN/iOS;FBSV/13.3;FBSS/3;FBID/phone;FBLC/fr_FR;FBOP/5]" 
13.66.139.36 - - [28/Nov/2020:13:14:04 -0800] "GET /self.logs/2016/access.log.2016-01-03.gz HTTP/1.1" 200 5270 "-" "Mozilla/5.0 (compatible; bingbot/2.0; +http://www.bing.com/bingbot.htm)" 
13.66.139.85 - - [28/Nov/2020:13:24:58 -0800] "GET /self.logs/access.log.2020-06-18.gz HTTP/1.1" 200 14709 "-" "Mozilla/5.0 (compatible; bingbot/2.0; +http://www.bing.com/bingbot.htm)" 
13.66.139.85 - - [28/Nov/2020:13:32:09 -0800] "GET /self.logs/access.log.2017-03-18.gz HTTP/1.1" 200 10583 "-" "Mozilla/5.0 (compatible; bingbot/2.0; +http://www.bing.com/bingbot.htm)" 
13.66.139.36 - - [28/Nov/2020:13:37:06 -0800] "GET /self.logs/access.log.2019-10-04.gz HTTP/1.1" 200 56053 "-" "Mozilla/5.0 (compatible; bingbot/2.0; +http://www.bing.com/bingbot.htm)" 
13.66.139.85 - - [28/Nov/2020:13:43:00 -0800] "GET /self.logs/access.log.2018-09-02.gz HTTP/1.1" 200 20417 "-" "Mozilla/5.0 (compatible; bingbot/2.0; +http://www.bing.com/bingbot.htm)" 
66.249.64.155 - - [28/Nov/2020:13:45:09 -0800] "GET /honeypot/Honeypot%20-%20Howto.pdf HTTP/1.1" 304 266 "-" "Mozilla/5.0 (compatible; Googlebot/2.1; +http://www.google.com/bot.html)" 
17.58.96.142 - - [28/Nov/2020:13:45:55 -0800] "GET /self.logs/error.log.2020-02-06 HTTP/1.1" 200 307 "-" "Mozilla/5.0 (Macintosh; Intel Mac OS X 10_15_5) AppleWebKit/605.1.15 (KHTML, like Gecko) Version/13.1.1 Safari/605.1.15 (Applebot/0.1; +http://www.apple.com/go/applebot)" 
17.58.96.142 - - [28/Nov/2020:13:48:51 -0800] "GET /self.logs/error.log.2019-08-09 HTTP/1.1" 200 307 "-" "Mozilla/5.0 (Macintosh; Intel Mac OS X 10_15_5) AppleWebKit/605.1.15 (KHTML, like Gecko) Version/13.1.1 Safari/605.1.15 (Applebot/0.1; +http://www.apple.com/go/applebot)" 
70.32.0.159 - - [28/Nov/2020:13:48:52 -0800] "GET / HTTP/1.1" 301 475 "-" "python-requests/2.24.0" 
70.32.0.159 - - [28/Nov/2020:13:48:56 -0800] "GET / HTTP/1.1" 200 12882 "-" "python-requests/2.24.0" 
13.66.139.36 - - [28/Nov/2020:13:50:07 -0800] "GET /self.logs/access.log.2018-01-17.gz HTTP/1.1" 200 31151 "-" "Mozilla/5.0 (compatible; bingbot/2.0; +http://www.bing.com/bingbot.htm)" 
13.66.139.85 - - [28/Nov/2020:13:51:10 -0800] "GET /self.logs/error.log.2018-12-10.gz HTTP/1.1" 200 4219 "-" "Mozilla/5.0 (compatible; bingbot/2.0; +http://www.bing.com/bingbot.htm)" 
17.58.96.142 - - [28/Nov/2020:13:51:46 -0800] "GET /self.logs/error.log.2020-02-20 HTTP/1.1" 200 307 "-" "Mozilla/5.0 (Macintosh; Intel Mac OS X 10_15_5) AppleWebKit/605.1.15 (KHTML, like Gecko) Version/13.1.1 Safari/605.1.15 (Applebot/0.1; +http://www.apple.com/go/applebot)" 
114.119.138.82 - - [28/Nov/2020:13:55:01 -0800] "GET /robots.txt HTTP/1.1" 200 377 "-" "(compatible;PetalBot;+https://aspiegel.com/petalbot)" 
77.75.76.172 - - [28/Nov/2020:13:58:16 -0800] "GET /robots.txt HTTP/1.1" 200 377 "-" "Mozilla/5.0 (compatible; SeznamBot/3.2; +http://napoveda.seznam.cz/en/seznambot-intro/)" 
77.75.76.172 - - [28/Nov/2020:13:58:17 -0800] "GET /Datasets%20Description/Network/smtp.html HTTP/1.1" 304 267 "-" "Mozilla/5.0 (compatible; SeznamBot/3.2; +http://napoveda.seznam.cz/en/seznambot-intro/)" 
13.66.139.16 - - [28/Nov/2020:14:07:06 -0800] "GET /self.logs/error.log.2017-09-24.gz HTTP/1.1" 200 2082 "-" "Mozilla/5.0 (compatible; bingbot/2.0; +http://www.bing.com/bingbot.htm)" 
17.58.96.142 - - [28/Nov/2020:14:17:50 -0800] "GET /self.logs/error.log.2020-03-10 HTTP/1.1" 200 307 "-" "Mozilla/5.0 (Macintosh; Intel Mac OS X 10_15_5) AppleWebKit/605.1.15 (KHTML, like Gecko) Version/13.1.1 Safari/605.1.15 (Applebot/0.1; +http://www.apple.com/go/applebot)" 
13.66.139.36 - - [28/Nov/2020:14:21:10 -0800] "GET /self.logs/error.log.2017-04-30.gz HTTP/1.1" 200 1277 "-" "Mozilla/5.0 (compatible; bingbot/2.0; +http://www.bing.com/bingbot.htm)" 
54.36.148.233 - - [28/Nov/2020:14:23:37 -0800] "GET /robots.txt HTTP/1.1" 200 333 "-" "Mozilla/5.0 (compatible; AhrefsBot/6.1; +http://ahrefs.com/robot/)" 
13.66.139.16 - - [28/Nov/2020:14:26:08 -0800] "GET /self.logs/access.log.2020-03-21.gz HTTP/1.1" 200 18235 "-" "Mozilla/5.0 (compatible; bingbot/2.0; +http://www.bing.com/bingbot.htm)" 
146.185.151.183 - - [28/Nov/2020:14:28:12 -0800] "GET / HTTP/1.1" 200 12882 "-" "Mozilla/5.0 (Macintosh; Intel Mac OS X 10_14_4) AppleWebKit/537.36 (KHTML, like Gecko) Chrome/73.0.3683.103 Safari/537.36" 
146.185.151.183 - - [28/Nov/2020:14:28:12 -0800] "GET /css/style.css HTTP/1.1" 404 305 "http://www.secrepo.com/" "Mozilla/5.0 (Macintosh; Intel Mac OS X 10_14_4) AppleWebKit/537.36 (KHTML, like Gecko) Chrome/73.0.3683.103 Safari/537.36" 
146.185.151.183 - - [28/Nov/2020:14:28:12 -0800] "GET /GitHub-Mark.png HTTP/1.1" 200 7556 "http://www.secrepo.com/" "Mozilla/5.0 (Macintosh; Intel Mac OS X 10_14_4) AppleWebKit/537.36 (KHTML, like Gecko) Chrome/73.0.3683.103 Safari/537.36" 
146.185.151.183 - - [28/Nov/2020:14:28:12 -0800] "GET /twitter-icon.png HTTP/1.1" 200 27916 "http://www.secrepo.com/" "Mozilla/5.0 (Macintosh; Intel Mac OS X 10_14_4) AppleWebKit/537.36 (KHTML, like Gecko) Chrome/73.0.3683.103 Safari/537.36" 
13.66.139.16 - - [28/Nov/2020:14:29:08 -0800] "GET /self.logs/access.log.2019-08-14.gz HTTP/1.1" 200 32890 "-" "Mozilla/5.0 (compatible; bingbot/2.0; +http://www.bing.com/bingbot.htm)" 
13.66.139.36 - - [28/Nov/2020:15:04:54 -0800] "GET /self.logs/access.log.2017-01-06.gz HTTP/1.1" 200 20623 "-" "Mozilla/5.0 (compatible; bingbot/2.0; +http://www.bing.com/bingbot.htm)" 
13.66.139.85 - - [28/Nov/2020:15:07:07 -0800] "GET /self.logs/access.log.2017-12-14.gz HTTP/1.1" 200 24902 "-" "Mozilla/5.0 (compatible; bingbot/2.0; +http://www.bing.com/bingbot.htm)" 
13.66.139.85 - - [28/Nov/2020:15:19:09 -0800] "GET /self.logs/access.log.2017-04-07.gz HTTP/1.1" 200 27912 "-" "Mozilla/5.0 (compatible; bingbot/2.0; +http://www.bing.com/bingbot.htm)" 
74.125.212.82 - - [28/Nov/2020:15:27:13 -0800] "GET / HTTP/1.1" 301 475 "-" "Mozilla/5.0 (X11; Linux x86_64) AppleWebKit/537.36 (KHTML, like Gecko) Chrome/49.0.2623.75 Safari/537.36 Google Favicon" 
66.102.6.193 - - [28/Nov/2020:15:27:13 -0800] "GET / HTTP/1.1" 200 12881 "-" "Mozilla/5.0 (X11; Linux x86_64) AppleWebKit/537.36 (KHTML, like Gecko) Chrome/49.0.2623.75 Safari/537.36 Google Favicon" 
66.102.6.195 - - [28/Nov/2020:15:27:13 -0800] "GET /bootstrap/img/favicon.ico HTTP/1.1" 200 713 "-" "Mozilla/5.0 (X11; Linux x86_64) AppleWebKit/537.36 (KHTML, like Gecko) Chrome/49.0.2623.75 Safari/537.36 Google Favicon" 
13.66.139.36 - - [28/Nov/2020:15:28:06 -0800] "GET /self.logs/access.log.2019-05-07.gz HTTP/1.1" 200 32054 "-" "Mozilla/5.0 (compatible; bingbot/2.0; +http://www.bing.com/bingbot.htm)" 
77.75.79.101 - - [28/Nov/2020:15:31:20 -0800] "GET /robots.txt HTTP/1.1" 200 377 "-" "Mozilla/5.0 (compatible; SeznamBot/3.2; +http://napoveda.seznam.cz/en/seznambot-intro/)" 
77.75.79.101 - - [28/Nov/2020:15:31:21 -0800] "GET /Datasets%20Description/PE_malware/VirusShare.html HTTP/1.1" 304 267 "-" "Mozilla/5.0 (compatible; SeznamBot/3.2; +http://napoveda.seznam.cz/en/seznambot-intro/)" 
17.58.96.142 - - [28/Nov/2020:15:31:36 -0800] "GET /self.logs/error.log.2020-02-07 HTTP/1.1" 200 307 "-" "Mozilla/5.0 (Macintosh; Intel Mac OS X 10_15_5) AppleWebKit/605.1.15 (KHTML, like Gecko) Version/13.1.1 Safari/605.1.15 (Applebot/0.1; +http://www.apple.com/go/applebot)" 
13.66.139.36 - - [28/Nov/2020:15:34:57 -0800] "GET /self.logs/access.log.2017-04-16.gz HTTP/1.1" 200 15363 "-" "Mozilla/5.0 (compatible; bingbot/2.0; +http://www.bing.com/bingbot.htm)" 
13.66.139.36 - - [28/Nov/2020:15:53:59 -0800] "GET /self.logs/2015/access.log.2015-11-07.gz HTTP/1.1" 200 5786 "-" "Mozilla/5.0 (compatible; bingbot/2.0; +http://www.bing.com/bingbot.htm)" 
66.249.64.157 - - [28/Nov/2020:15:55:19 -0800] "GET / HTTP/1.1" 200 12882 "-" "Mozilla/5.0 (compatible; Googlebot/2.1; +http://www.google.com/bot.html)" 
66.249.64.153 - - [28/Nov/2020:15:55:21 -0800] "GET /css/style.css HTTP/1.1" 404 328 "http://www.secrepo.com/" "Mozilla/5.0 AppleWebKit/537.36 (KHTML, like Gecko; compatible; Googlebot/2.1; +http://www.google.com/bot.html) Chrome/85.0.4183.140 Safari/537.36" 
13.66.139.36 - - [28/Nov/2020:16:07:10 -0800] "GET /self.logs/2016/access.log.2016-06-17.gz HTTP/1.1" 200 12167 "-" "Mozilla/5.0 (compatible; bingbot/2.0; +http://www.bing.com/bingbot.htm)" 
13.66.139.36 - - [28/Nov/2020:16:17:01 -0800] "GET /self.logs/error.log.2020-02-20 HTTP/1.1" 200 351 "-" "Mozilla/5.0 (compatible; bingbot/2.0; +http://www.bing.com/bingbot.htm)" 
17.58.96.142 - - [28/Nov/2020:16:18:40 -0800] "GET /self.logs/error.log.2020-01-07 HTTP/1.1" 200 307 "-" "Mozilla/5.0 (Macintosh; Intel Mac OS X 10_15_5) AppleWebKit/605.1.15 (KHTML, like Gecko) Version/13.1.1 Safari/605.1.15 (Applebot/0.1; +http://www.apple.com/go/applebot)" 
116.179.32.90 - - [28/Nov/2020:16:20:08 -0800] "GET /tg/c.zip HTTP/1.1" 200 22690236 "-" "Mozilla/5.0 (compatible; Baiduspider/2.0; +http://www.baidu.com/search/spider.html)" 
13.66.139.36 - - [28/Nov/2020:16:23:12 -0800] "GET /self.logs/access.log.2018-01-24.gz HTTP/1.1" 200 25982 "-" "Mozilla/5.0 (compatible; bingbot/2.0; +http://www.bing.com/bingbot.htm)" 
17.58.96.142 - - [28/Nov/2020:16:25:18 -0800] "GET /self.logs/error.log.2020-02-22 HTTP/1.1" 200 307 "-" "Mozilla/5.0 (Macintosh; Intel Mac OS X 10_15_5) AppleWebKit/605.1.15 (KHTML, like Gecko) Version/13.1.1 Safari/605.1.15 (Applebot/0.1; +http://www.apple.com/go/applebot)" 
172.58.31.50 - - [28/Nov/2020:16:30:03 -0800] "GET / HTTP/1.1" 200 12882 "-" "Mozilla/5.0 (Macintosh; Intel Mac OS X 10_15_6) AppleWebKit/605.1.15 (KHTML, like Gecko) Version/14.0 Safari/605.1.15" 
13.66.139.16 - - [28/Nov/2020:16:37:11 -0800] "GET /self.logs/error.log.2018-11-23.gz HTTP/1.1" 200 3952 "-" "Mozilla/5.0 (compatible; bingbot/2.0; +http://www.bing.com/bingbot.htm)" 
123.183.224.117 - - [28/Nov/2020:16:39:23 -0800] "GET / HTTP/1.1" 301 438 "-" "Sogou web spider/4.0(+http://www.sogou.com/docs/help/webmasters.htm#07)" 
111.202.101.151 - - [28/Nov/2020:16:40:16 -0800] "GET / HTTP/1.1" 200 12845 "-" "Sogou web spider/4.0(+http://www.sogou.com/docs/help/webmasters.htm#07)" 
123.183.224.117 - - [28/Nov/2020:16:40:28 -0800] "GET / HTTP/1.1" 200 12845 "-" "Sogou web spider/4.0(+http://www.sogou.com/docs/help/webmasters.htm#07)" 
74.219.66.10 - - [28/Nov/2020:16:42:48 -0800] "GET / HTTP/1.1" 200 12882 "-" "Mozilla/5.0 (Windows NT 10.0; Win64; x64) AppleWebKit/537.36 (KHTML, like Gecko) Chrome/86.0.4240.198 Safari/537.36" 
74.219.66.10 - - [28/Nov/2020:16:42:48 -0800] "GET /css/style.css HTTP/1.1" 404 305 "http://www.secrepo.com/" "Mozilla/5.0 (Windows NT 10.0; Win64; x64) AppleWebKit/537.36 (KHTML, like Gecko) Chrome/86.0.4240.198 Safari/537.36" 
74.219.66.10 - - [28/Nov/2020:16:42:48 -0800] "GET /twitter-icon.png HTTP/1.1" 200 27916 "http://www.secrepo.com/" "Mozilla/5.0 (Windows NT 10.0; Win64; x64) AppleWebKit/537.36 (KHTML, like Gecko) Chrome/86.0.4240.198 Safari/537.36" 
74.219.66.10 - - [28/Nov/2020:16:42:48 -0800] "GET /GitHub-Mark.png HTTP/1.1" 200 7556 "http://www.secrepo.com/" "Mozilla/5.0 (Windows NT 10.0; Win64; x64) AppleWebKit/537.36 (KHTML, like Gecko) Chrome/86.0.4240.198 Safari/537.36" 
74.219.66.10 - - [28/Nov/2020:16:42:49 -0800] "GET /bootstrap/img/favicon.ico HTTP/1.1" 200 690 "http://www.secrepo.com/" "Mozilla/5.0 (Windows NT 10.0; Win64; x64) AppleWebKit/537.36 (KHTML, like Gecko) Chrome/86.0.4240.198 Safari/537.36" 
54.172.169.223 - - [28/Nov/2020:16:45:57 -0800] "GET / HTTP/1.1" 200 12838 "-" "Mozilla/5.0 (compatible; startmebot/1.0; +https://start.me/bot)" 
96.30.100.3 - - [28/Nov/2020:16:46:12 -0800] "GET / HTTP/1.1" 200 12882 "-" "Mozilla/5.0 (Windows NT 10.0; Win64; x64) AppleWebKit/537.36 (KHTML, like Gecko) Chrome/87.0.4280.67 Safari/537.36 Edg/87.0.664.47" 
96.30.100.3 - - [28/Nov/2020:16:46:13 -0800] "GET /GitHub-Mark.png HTTP/1.1" 200 7556 "http://www.secrepo.com/" "Mozilla/5.0 (Windows NT 10.0; Win64; x64) AppleWebKit/537.36 (KHTML, like Gecko) Chrome/87.0.4280.67 Safari/537.36 Edg/87.0.664.47" 
96.30.100.3 - - [28/Nov/2020:16:46:13 -0800] "GET /css/style.css HTTP/1.1" 404 305 "http://www.secrepo.com/" "Mozilla/5.0 (Windows NT 10.0; Win64; x64) AppleWebKit/537.36 (KHTML, like Gecko) Chrome/87.0.4280.67 Safari/537.36 Edg/87.0.664.47" 
96.30.100.3 - - [28/Nov/2020:16:46:13 -0800] "GET /twitter-icon.png HTTP/1.1" 200 27916 "http://www.secrepo.com/" "Mozilla/5.0 (Windows NT 10.0; Win64; x64) AppleWebKit/537.36 (KHTML, like Gecko) Chrome/87.0.4280.67 Safari/537.36 Edg/87.0.664.47" 
96.30.100.3 - - [28/Nov/2020:16:46:14 -0800] "GET /bootstrap/img/favicon.ico HTTP/1.1" 200 690 "http://www.secrepo.com/" "Mozilla/5.0 (Windows NT 10.0; Win64; x64) AppleWebKit/537.36 (KHTML, like Gecko) Chrome/87.0.4280.67 Safari/537.36 Edg/87.0.664.47" 
13.66.139.36 - - [28/Nov/2020:16:46:14 -0800] "GET /self.logs/access.log.2019-09-26.gz HTTP/1.1" 200 17751 "-" "Mozilla/5.0 (compatible; bingbot/2.0; +http://www.bing.com/bingbot.htm)" 
96.30.100.3 - - [28/Nov/2020:16:46:40 -0800] "GET /self.logs/ HTTP/1.1" 200 26141 "http://www.secrepo.com/" "Mozilla/5.0 (Windows NT 10.0; Win64; x64) AppleWebKit/537.36 (KHTML, like Gecko) Chrome/87.0.4280.67 Safari/537.36 Edg/87.0.664.47" 
96.30.100.3 - - [28/Nov/2020:16:46:51 -0800] "GET /favicon.ico HTTP/1.1" 200 368 "http://www.secrepo.com/self.logs/" "Mozilla/5.0 (Windows NT 10.0; Win64; x64) AppleWebKit/537.36 (KHTML, like Gecko) Chrome/87.0.4280.67 Safari/537.36 Edg/87.0.664.47" 
96.30.100.3 - - [28/Nov/2020:16:46:57 -0800] "GET /self.logs/access.log.2017-01-01.gz HTTP/1.1" 200 17678 "http://www.secrepo.com/self.logs/" "Mozilla/5.0 (Windows NT 10.0; Win64; x64) AppleWebKit/537.36 (KHTML, like Gecko) Chrome/87.0.4280.67 Safari/537.36 Edg/87.0.664.47" 
207.46.13.39 - - [28/Nov/2020:16:47:19 -0800] "GET /self.logs/access.log.2017-08-18.gz HTTP/1.1" 304 280 "-" "Mozilla/5.0 (compatible; bingbot/2.0; +http://www.bing.com/bingbot.htm)" 
13.66.139.36 - - [28/Nov/2020:16:48:14 -0800] "GET /self.logs/error.log.2019-10-13 HTTP/1.1" 200 351 "-" "Mozilla/5.0 (compatible; bingbot/2.0; +http://www.bing.com/bingbot.htm)" 
207.46.13.39 - - [28/Nov/2020:16:53:01 -0800] "GET /self.logs/2015/access.log.2015-05-29.gz HTTP/1.1" 304 279 "-" "Mozilla/5.0 (compatible; bingbot/2.0; +http://www.bing.com/bingbot.htm)" 
13.66.139.36 - - [28/Nov/2020:17:05:05 -0800] "GET /self.logs/error.log.2017-03-24.gz HTTP/1.1" 200 1087 "-" "Mozilla/5.0 (compatible; bingbot/2.0; +http://www.bing.com/bingbot.htm)" 
59.64.129.44 - - [28/Nov/2020:17:08:52 -0800] "GET /favicon.ico HTTP/1.1" 200 391 "-" "Mozilla/5.0 (Windows NT 10.0; WOW64) AppleWebKit/537.36 (KHTML, like Gecko) Chrome/78.0.3904.108 Safari/537.36" 
13.66.139.36 - - [28/Nov/2020:17:13:06 -0800] "GET /self.logs/access.log.2019-02-12.gz HTTP/1.1" 200 21171 "-" "Mozilla/5.0 (compatible; bingbot/2.0; +http://www.bing.com/bingbot.htm)" 
49.7.21.92 - - [28/Nov/2020:17:14:08 -0800] "GET / HTTP/1.1" 200 12845 "-" "Sogou web spider/4.0(+http://www.sogou.com/docs/help/webmasters.htm#07)" 
13.66.139.36 - - [28/Nov/2020:17:30:08 -0800] "GET /self.logs/access.log.2018-03-26.gz HTTP/1.1" 200 21181 "-" "Mozilla/5.0 (compatible; bingbot/2.0; +http://www.bing.com/bingbot.htm)" 
13.66.139.16 - - [28/Nov/2020:17:46:08 -0800] "GET /self.logs/access.log.2019-10-17.gz HTTP/1.1" 200 19408 "-" "Mozilla/5.0 (compatible; bingbot/2.0; +http://www.bing.com/bingbot.htm)" 
13.66.139.36 - - [28/Nov/2020:17:48:09 -0800] "GET /self.logs/error.log.2019-09-03.gz HTTP/1.1" 200 2110 "-" "Mozilla/5.0 (compatible; bingbot/2.0; +http://www.bing.com/bingbot.htm)" 
206.47.249.246 - - [28/Nov/2020:17:59:27 -0800] "GET /self.logs/error.log.2019-04-23.gz HTTP/1.1" 304 280 "-" "Mozilla/4.0 (compatible;)" 
1.231.242.150 - - [28/Nov/2020:18:04:46 -0800] "GET / HTTP/1.1" 200 12882 "-" "Mozilla/5.0 (Windows NT 10.0; Win64; x64) AppleWebKit/537.36 (KHTML, like Gecko) Chrome/86.0.4240.198 Safari/537.36" 
1.231.242.150 - - [28/Nov/2020:18:04:46 -0800] "GET /css/style.css HTTP/1.1" 404 305 "http://www.secrepo.com/" "Mozilla/5.0 (Windows NT 10.0; Win64; x64) AppleWebKit/537.36 (KHTML, like Gecko) Chrome/86.0.4240.198 Safari/537.36" 
1.231.242.150 - - [28/Nov/2020:18:04:46 -0800] "GET /twitter-icon.png HTTP/1.1" 200 27916 "http://www.secrepo.com/" "Mozilla/5.0 (Windows NT 10.0; Win64; x64) AppleWebKit/537.36 (KHTML, like Gecko) Chrome/86.0.4240.198 Safari/537.36" 
1.231.242.150 - - [28/Nov/2020:18:04:46 -0800] "GET /GitHub-Mark.png HTTP/1.1" 200 7556 "http://www.secrepo.com/" "Mozilla/5.0 (Windows NT 10.0; Win64; x64) AppleWebKit/537.36 (KHTML, like Gecko) Chrome/86.0.4240.198 Safari/537.36" 
1.231.242.150 - - [28/Nov/2020:18:04:47 -0800] "GET /bootstrap/img/favicon.ico HTTP/1.1" 200 690 "http://www.secrepo.com/" "Mozilla/5.0 (Windows NT 10.0; Win64; x64) AppleWebKit/537.36 (KHTML, like Gecko) Chrome/86.0.4240.198 Safari/537.36" 
1.231.242.150 - - [28/Nov/2020:18:05:08 -0800] "GET /maccdc2012/ssh.log.gz HTTP/1.1" 200 182567 "http://www.secrepo.com/" "Mozilla/5.0 (Windows NT 10.0; Win64; x64) AppleWebKit/537.36 (KHTML, like Gecko) Chrome/86.0.4240.198 Safari/537.36" 
1.231.242.150 - - [28/Nov/2020:18:05:10 -0800] "GET /Datasets%20Description/Network/ssh.html HTTP/1.1" 200 1345 "http://www.secrepo.com/" "Mozilla/5.0 (Windows NT 10.0; Win64; x64) AppleWebKit/537.36 (KHTML, like Gecko) Chrome/86.0.4240.198 Safari/537.36" 
1.231.242.150 - - [28/Nov/2020:18:05:10 -0800] "GET /favicon.ico HTTP/1.1" 200 368 "http://www.secrepo.com/Datasets%20Description/Network/ssh.html" "Mozilla/5.0 (Windows NT 10.0; Win64; x64) AppleWebKit/537.36 (KHTML, like Gecko) Chrome/86.0.4240.198 Safari/537.36" 
13.66.139.85 - - [28/Nov/2020:18:08:05 -0800] "GET /self.logs/access.log.2017-09-15.gz HTTP/1.1" 200 18802 "-" "Mozilla/5.0 (compatible; bingbot/2.0; +http://www.bing.com/bingbot.htm)" 
13.66.139.16 - - [28/Nov/2020:18:08:09 -0800] "GET /self.logs/access.log.2019-08-17.gz HTTP/1.1" 200 19286 "-" "Mozilla/5.0 (compatible; bingbot/2.0; +http://www.bing.com/bingbot.htm)" 
207.46.13.115 - - [28/Nov/2020:18:12:30 -0800] "GET /self.logs/2016/access.log.2016-08-27.gz HTTP/1.1" 304 280 "-" "Mozilla/5.0 (compatible; bingbot/2.0; +http://www.bing.com/bingbot.htm)" 
13.66.139.85 - - [28/Nov/2020:18:15:55 -0800] "GET /self.logs/access.log.2018-09-21.gz HTTP/1.1" 200 44125 "-" "Mozilla/5.0 (compatible; bingbot/2.0; +http://www.bing.com/bingbot.htm)" 
113.147.176.68 - - [28/Nov/2020:18:16:45 -0800] "GET /favicon.ico HTTP/1.1" 200 391 "-" "Mozilla/5.0 (iPad; CPU OS 13_7 like Mac OS X) AppleWebKit/605.1.15 (KHTML, like Gecko) CriOS/86.0.4240.93 Mobile/15E148 Safari/604.1" 
113.147.176.68 - - [28/Nov/2020:18:16:45 -0800] "GET / HTTP/1.1" 200 12883 "-" "Mozilla/5.0 (iPad; CPU OS 13_7 like Mac OS X) AppleWebKit/605.1.15 (KHTML, like Gecko) CriOS/86.0.4240.93 Mobile/15E148 Safari/604.1" 
139.59.142.250 - - [28/Nov/2020:18:20:52 -0800] "GET / HTTP/1.1" 200 12883 "-" "Mozilla/5.0 (Macintosh; Intel Mac OS X 10_14_4) AppleWebKit/537.36 (KHTML, like Gecko) Chrome/73.0.3683.103 Safari/537.36" 
139.59.142.250 - - [28/Nov/2020:18:20:52 -0800] "GET /css/style.css HTTP/1.1" 404 305 "http://www.secrepo.com/" "Mozilla/5.0 (Macintosh; Intel Mac OS X 10_14_4) AppleWebKit/537.36 (KHTML, like Gecko) Chrome/73.0.3683.103 Safari/537.36" 
139.59.142.250 - - [28/Nov/2020:18:20:52 -0800] "GET /twitter-icon.png HTTP/1.1" 200 27916 "http://www.secrepo.com/" "Mozilla/5.0 (Macintosh; Intel Mac OS X 10_14_4) AppleWebKit/537.36 (KHTML, like Gecko) Chrome/73.0.3683.103 Safari/537.36" 
139.59.142.250 - - [28/Nov/2020:18:20:52 -0800] "GET /GitHub-Mark.png HTTP/1.1" 200 7533 "http://www.secrepo.com/" "Mozilla/5.0 (Macintosh; Intel Mac OS X 10_14_4) AppleWebKit/537.36 (KHTML, like Gecko) Chrome/73.0.3683.103 Safari/537.36" 
52.212.146.96 - - [28/Nov/2020:18:30:02 -0800] "GET /self.logs/access.log.2020-11-22.gz HTTP/1.1" 200 10922 "-" "python-requests/2.12.1" 
52.212.146.96 - - [28/Nov/2020:18:30:02 -0800] "GET /self.logs/access.log.2020-11-23.gz HTTP/1.1" 200 16938 "-" "python-requests/2.12.1" 
52.212.146.96 - - [28/Nov/2020:18:30:03 -0800] "GET /self.logs/access.log.2020-11-24.gz HTTP/1.1" 200 18016 "-" "python-requests/2.12.1" 
52.212.146.96 - - [28/Nov/2020:18:30:03 -0800] "GET /self.logs/access.log.2020-11-25.gz HTTP/1.1" 200 10340 "-" "python-requests/2.12.1" 
52.212.146.96 - - [28/Nov/2020:18:30:03 -0800] "GET /self.logs/access.log.2020-11-26.gz HTTP/1.1" 404 328 "-" "python-requests/2.12.1" 
52.212.146.96 - - [28/Nov/2020:18:30:03 -0800] "GET /self.logs/access.log.2020-11-27.gz HTTP/1.1" 404 328 "-" "python-requests/2.12.1" 
52.212.146.96 - - [28/Nov/2020:18:30:04 -0800] "GET /self.logs/access.log.2020-11-28.gz HTTP/1.1" 404 328 "-" "python-requests/2.12.1" 
20.52.152.222 - - [28/Nov/2020:18:31:40 -0800] "GET / HTTP/1.1" 301 475 "-" "Mozilla/5.0 (Windows NT 10.0; Win64; x64) AppleWebKit/537.36 (KHTML, like Gecko) Chrome/63.0.3239.132 Safari/537.36" 
20.52.152.222 - - [28/Nov/2020:18:31:40 -0800] "GET /wp-includes/wlwmanifest.xml HTTP/1.1" 301 528 "-" "Mozilla/5.0 (Windows NT 10.0; Win64; x64) AppleWebKit/537.36 (KHTML, like Gecko) Chrome/63.0.3239.132 Safari/537.36" 
20.52.152.222 - - [28/Nov/2020:18:31:40 -0800] "GET /xmlrpc.php?rsd HTTP/1.1" 301 502 "-" "Mozilla/5.0 (Windows NT 10.0; Win64; x64) AppleWebKit/537.36 (KHTML, like Gecko) Chrome/63.0.3239.132 Safari/537.36" 
20.52.152.222 - - [28/Nov/2020:18:31:40 -0800] "GET / HTTP/1.1" 301 474 "-" "Mozilla/5.0 (Windows NT 10.0; Win64; x64) AppleWebKit/537.36 (KHTML, like Gecko) Chrome/63.0.3239.132 Safari/537.36" 
20.52.152.222 - - [28/Nov/2020:18:31:40 -0800] "GET /blog/wp-includes/wlwmanifest.xml HTTP/1.1" 301 538 "-" "Mozilla/5.0 (Windows NT 10.0; Win64; x64) AppleWebKit/537.36 (KHTML, like Gecko) Chrome/63.0.3239.132 Safari/537.36" 
20.52.152.222 - - [28/Nov/2020:18:31:41 -0800] "GET /web/wp-includes/wlwmanifest.xml HTTP/1.1" 301 536 "-" "Mozilla/5.0 (Windows NT 10.0; Win64; x64) AppleWebKit/537.36 (KHTML, like Gecko) Chrome/63.0.3239.132 Safari/537.36" 
20.52.152.222 - - [28/Nov/2020:18:31:41 -0800] "GET /wordpress/wp-includes/wlwmanifest.xml HTTP/1.1" 301 548 "-" "Mozilla/5.0 (Windows NT 10.0; Win64; x64) AppleWebKit/537.36 (KHTML, like Gecko) Chrome/63.0.3239.132 Safari/537.36" 
20.52.152.222 - - [28/Nov/2020:18:31:41 -0800] "GET /website/wp-includes/wlwmanifest.xml HTTP/1.1" 301 544 "-" "Mozilla/5.0 (Windows NT 10.0; Win64; x64) AppleWebKit/537.36 (KHTML, like Gecko) Chrome/63.0.3239.132 Safari/537.36" 
20.52.152.222 - - [28/Nov/2020:18:31:41 -0800] "GET /wp/wp-includes/wlwmanifest.xml HTTP/1.1" 301 534 "-" "Mozilla/5.0 (Windows NT 10.0; Win64; x64) AppleWebKit/537.36 (KHTML, like Gecko) Chrome/63.0.3239.132 Safari/537.36" 
20.52.152.222 - - [28/Nov/2020:18:31:41 -0800] "GET /news/wp-includes/wlwmanifest.xml HTTP/1.1" 301 538 "-" "Mozilla/5.0 (Windows NT 10.0; Win64; x64) AppleWebKit/537.36 (KHTML, like Gecko) Chrome/63.0.3239.132 Safari/537.36" 
20.52.152.222 - - [28/Nov/2020:18:31:41 -0800] "GET /2015/wp-includes/wlwmanifest.xml HTTP/1.1" 301 538 "-" "Mozilla/5.0 (Windows NT 10.0; Win64; x64) AppleWebKit/537.36 (KHTML, like Gecko) Chrome/63.0.3239.132 Safari/537.36" 
20.52.152.222 - - [28/Nov/2020:18:31:41 -0800] "GET /2016/wp-includes/wlwmanifest.xml HTTP/1.1" 301 538 "-" "Mozilla/5.0 (Windows NT 10.0; Win64; x64) AppleWebKit/537.36 (KHTML, like Gecko) Chrome/63.0.3239.132 Safari/537.36" 
20.52.152.222 - - [28/Nov/2020:18:31:41 -0800] "GET /2017/wp-includes/wlwmanifest.xml HTTP/1.1" 301 538 "-" "Mozilla/5.0 (Windows NT 10.0; Win64; x64) AppleWebKit/537.36 (KHTML, like Gecko) Chrome/63.0.3239.132 Safari/537.36" 
20.52.152.222 - - [28/Nov/2020:18:31:41 -0800] "GET /2018/wp-includes/wlwmanifest.xml HTTP/1.1" 301 538 "-" "Mozilla/5.0 (Windows NT 10.0; Win64; x64) AppleWebKit/537.36 (KHTML, like Gecko) Chrome/63.0.3239.132 Safari/537.36" 
20.52.152.222 - - [28/Nov/2020:18:31:41 -0800] "GET /shop/wp-includes/wlwmanifest.xml HTTP/1.1" 301 538 "-" "Mozilla/5.0 (Windows NT 10.0; Win64; x64) AppleWebKit/537.36 (KHTML, like Gecko) Chrome/63.0.3239.132 Safari/537.36" 
20.52.152.222 - - [28/Nov/2020:18:31:42 -0800] "GET /wp1/wp-includes/wlwmanifest.xml HTTP/1.1" 301 536 "-" "Mozilla/5.0 (Windows NT 10.0; Win64; x64) AppleWebKit/537.36 (KHTML, like Gecko) Chrome/63.0.3239.132 Safari/537.36" 
20.52.152.222 - - [28/Nov/2020:18:31:42 -0800] "GET /test/wp-includes/wlwmanifest.xml HTTP/1.1" 301 538 "-" "Mozilla/5.0 (Windows NT 10.0; Win64; x64) AppleWebKit/537.36 (KHTML, like Gecko) Chrome/63.0.3239.132 Safari/537.36" 
20.52.152.222 - - [28/Nov/2020:18:31:42 -0800] "GET /media/wp-includes/wlwmanifest.xml HTTP/1.1" 301 540 "-" "Mozilla/5.0 (Windows NT 10.0; Win64; x64) AppleWebKit/537.36 (KHTML, like Gecko) Chrome/63.0.3239.132 Safari/537.36" 
20.52.152.222 - - [28/Nov/2020:18:31:42 -0800] "GET /wp2/wp-includes/wlwmanifest.xml HTTP/1.1" 301 536 "-" "Mozilla/5.0 (Windows NT 10.0; Win64; x64) AppleWebKit/537.36 (KHTML, like Gecko) Chrome/63.0.3239.132 Safari/537.36" 
20.52.152.222 - - [28/Nov/2020:18:31:42 -0800] "GET /site/wp-includes/wlwmanifest.xml HTTP/1.1" 301 538 "-" "Mozilla/5.0 (Windows NT 10.0; Win64; x64) AppleWebKit/537.36 (KHTML, like Gecko) Chrome/63.0.3239.132 Safari/537.36" 
20.52.152.222 - - [28/Nov/2020:18:31:42 -0800] "GET /cms/wp-includes/wlwmanifest.xml HTTP/1.1" 301 536 "-" "Mozilla/5.0 (Windows NT 10.0; Win64; x64) AppleWebKit/537.36 (KHTML, like Gecko) Chrome/63.0.3239.132 Safari/537.36" 
20.52.152.222 - - [28/Nov/2020:18:31:42 -0800] "GET /sito/wp-includes/wlwmanifest.xml HTTP/1.1" 301 538 "-" "Mozilla/5.0 (Windows NT 10.0; Win64; x64) AppleWebKit/537.36 (KHTML, like Gecko) Chrome/63.0.3239.132 Safari/537.36" 
13.66.139.16 - - [28/Nov/2020:18:33:13 -0800] "GET / HTTP/1.1" 301 475 "-" "Mozilla/5.0 (compatible; bingbot/2.0; +http://www.bing.com/bingbot.htm)" 
207.46.13.155 - - [28/Nov/2020:18:35:15 -0800] "GET /self.logs/access.log.2018-01-23.gz HTTP/1.1" 301 543 "-" "Mozilla/5.0 (compatible; bingbot/2.0; +http://www.bing.com/bingbot.htm)" 
66.249.64.155 - - [28/Nov/2020:18:38:31 -0800] "GET / HTTP/1.1" 200 12882 "-" "Mozilla/5.0 (Linux; Android 6.0.1; Nexus 5X Build/MMB29P) AppleWebKit/537.36 (KHTML, like Gecko) Chrome/86.0.4240.96 Mobile Safari/537.36 (compatible; Googlebot/2.1; +http://www.google.com/bot.html)" 
66.249.64.153 - - [28/Nov/2020:18:38:31 -0800] "GET /robots.txt HTTP/1.1" 200 377 "-" "Mozilla/5.0 (compatible; Googlebot/2.1; +http://www.google.com/bot.html)" 
13.66.139.16 - - [28/Nov/2020:18:42:03 -0800] "GET /self.logs/access.log.2017-08-10.gz HTTP/1.1" 200 18149 "-" "Mozilla/5.0 (compatible; bingbot/2.0; +http://www.bing.com/bingbot.htm)" 
66.249.64.155 - - [28/Nov/2020:18:46:00 -0800] "GET /?t=1&cn=ZmxleGlibGVfcmVjc18y&refsrc=email&iid=2572d65d1a814c138a77f3b60465fe37&uid=30635594&nid=244+272699400 HTTP/1.1" 200 12883 "-" "Mozilla/5.0 (Linux; Android 6.0.1; Nexus 5X Build/MMB29P) AppleWebKit/537.36 (KHTML, like Gecko) Chrome/86.0.4240.96 Mobile Safari/537.36 (compatible; Googlebot/2.1; +http://www.google.com/bot.html)" 
207.46.13.39 - - [28/Nov/2020:18:46:40 -0800] "GET / HTTP/1.1" 200 12883 "-" "Mozilla/5.0 (compatible; bingbot/2.0; +http://www.bing.com/bingbot.htm)" 
66.249.64.155 - - [28/Nov/2020:19:02:32 -0800] "GET /ads.txt HTTP/1.1" 404 328 "-" "Mozilla/5.0 (compatible; Googlebot/2.1; +http://www.google.com/bot.html)" 
17.58.96.143 - - [28/Nov/2020:19:03:58 -0800] "GET /self.logs/error.log.2020-01-27 HTTP/1.1" 200 307 "-" "Mozilla/5.0 (Macintosh; Intel Mac OS X 10_15_5) AppleWebKit/605.1.15 (KHTML, like Gecko) Version/13.1.1 Safari/605.1.15 (Applebot/0.1; +http://www.apple.com/go/applebot)" 
13.68.151.233 - - [28/Nov/2020:19:08:00 -0800] "GET / HTTP/1.1" 200 12882 "-" "Mozilla/5.0 (X11; Ubuntu; Linux i686; rv:28.0) Gecko/20100101 Firefox/28.0" 
13.68.151.233 - - [28/Nov/2020:19:08:00 -0800] "GET //wp-includes/js/jquery/jquery.js HTTP/1.1" 404 328 "-" "Mozilla/5.0 (X11; Ubuntu; Linux i686; rv:28.0) Gecko/20100101 Firefox/28.0" 
13.68.151.233 - - [28/Nov/2020:19:08:00 -0800] "GET //administrator/help/en-GB/toc.json HTTP/1.1" 404 328 "-" "Mozilla/5.0 (X11; Ubuntu; Linux i686; rv:28.0) Gecko/20100101 Firefox/28.0" 
13.68.151.233 - - [28/Nov/2020:19:08:00 -0800] "GET //administrator/language/en-GB/install.xml HTTP/1.1" 404 328 "-" "Mozilla/5.0 (X11; Ubuntu; Linux i686; rv:28.0) Gecko/20100101 Firefox/28.0" 
13.68.151.233 - - [28/Nov/2020:19:08:00 -0800] "GET //plugins/system/debug/debug.xml HTTP/1.1" 404 328 "-" "Mozilla/5.0 (X11; Ubuntu; Linux i686; rv:28.0) Gecko/20100101 Firefox/28.0" 
13.68.151.233 - - [28/Nov/2020:19:08:00 -0800] "GET //administrator/ HTTP/1.1" 404 328 "-" "Mozilla/5.0 (X11; Ubuntu; Linux i686; rv:28.0) Gecko/20100101 Firefox/28.0" 
13.68.151.233 - - [28/Nov/2020:19:08:00 -0800] "GET //misc/ajax.js HTTP/1.1" 404 328 "-" "Mozilla/5.0 (X11; Ubuntu; Linux i686; rv:28.0) Gecko/20100101 Firefox/28.0" 
13.68.151.233 - - [28/Nov/2020:19:08:00 -0800] "GET / HTTP/1.1" 200 12882 "-" "Mozilla/5.0 (X11; Ubuntu; Linux i686; rv:28.0) Gecko/20100101 Firefox/28.0" 
13.68.151.233 - - [28/Nov/2020:19:08:00 -0800] "GET //admin/view/javascript/common.js HTTP/1.1" 404 328 "-" "Mozilla/5.0 (X11; Ubuntu; Linux i686; rv:28.0) Gecko/20100101 Firefox/28.0" 
13.68.151.233 - - [28/Nov/2020:19:08:00 -0800] "GET //admin/includes/general.js HTTP/1.1" 404 328 "-" "Mozilla/5.0 (X11; Ubuntu; Linux i686; rv:28.0) Gecko/20100101 Firefox/28.0" 
13.68.151.233 - - [28/Nov/2020:19:08:00 -0800] "GET //images/editor/separator.gif HTTP/1.1" 404 328 "-" "Mozilla/5.0 (X11; Ubuntu; Linux i686; rv:28.0) Gecko/20100101 Firefox/28.0" 
13.68.151.233 - - [28/Nov/2020:19:08:00 -0800] "GET //js/header-rollup-554.js HTTP/1.1" 404 328 "-" "Mozilla/5.0 (X11; Ubuntu; Linux i686; rv:28.0) Gecko/20100101 Firefox/28.0" 
13.68.151.233 - - [28/Nov/2020:19:08:00 -0800] "GET //vendor/phpunit/phpunit/build.xml HTTP/1.1" 404 328 "-" "Mozilla/5.0 (Macintosh; U; Intel Mac OS X 10_6_8; en-us) AppleWebKit/534.50 (KHTML, like Gecko) Version/5.1 Safari/534.50" 
