83.32.67.145 - - [20/Jun/2021:01:09:40 -0700] "GET /twitter-icon.png HTTP/1.1" 200 27916 "http://www.secrepo.com/" "Mozilla/5.0 (iPhone; CPU iPhone OS 14_6 like Mac OS X) AppleWebKit/605.1.15 (KHTML, like Gecko) Version/14.1.1 Mobile/15E148 Safari/604.1" 
83.32.67.145 - - [20/Jun/2021:01:09:40 -0700] "GET /GitHub-Mark.png HTTP/1.1" 200 7556 "http://www.secrepo.com/" "Mozilla/5.0 (iPhone; CPU iPhone OS 14_6 like Mac OS X) AppleWebKit/605.1.15 (KHTML, like Gecko) Version/14.1.1 Mobile/15E148 Safari/604.1" 
83.32.67.145 - - [20/Jun/2021:01:09:41 -0700] "GET /bootstrap/img/favicon.ico HTTP/1.1" 200 713 "http://www.secrepo.com/" "Mozilla/5.0 (iPhone; CPU iPhone OS 14_6 like Mac OS X) AppleWebKit/605.1.15 (KHTML, like Gecko) Version/14.1.1 Mobile/15E148 Safari/604.1" 
207.46.13.89 - - [20/Jun/2021:01:11:52 -0700] "GET /self.logs/error.log.2019-04-09.gz HTTP/1.1" 200 5629 "-" "Mozilla/5.0 (compatible; bingbot/2.0; +http://www.bing.com/bingbot.htm)" 
39.153.148.91 - - [20/Jun/2021:01:18:37 -0700] "GET /favicon.ico HTTP/1.1" 304 261 "-" "Mozilla/5.0 (Windows NT 10.0; WOW64) AppleWebKit/537.36 (KHTML, like Gecko) Chrome/86.0.4240.198 Safari/537.36" 
157.90.181.151 - - [20/Jun/2021:01:19:40 -0700] "GET /robots.txt HTTP/1.1" 301 495 "-" "Mozilla/5.0 (compatible; BLEXBot/1.0; +http://webmeup-crawler.com/)" 
157.90.181.151 - - [20/Jun/2021:01:19:40 -0700] "GET /robots.txt HTTP/1.1" 200 377 "-" "Mozilla/5.0 (compatible; BLEXBot/1.0; +http://webmeup-crawler.com/)" 
157.90.181.151 - - [20/Jun/2021:01:20:00 -0700] "GET /Datasets%20Description/Network/?C=D;O=D HTTP/1.1" 200 765 "-" "Mozilla/5.0 (compatible; BLEXBot/1.0; +http://webmeup-crawler.com/)" 
157.90.181.151 - - [20/Jun/2021:01:20:08 -0700] "GET /Datasets%20Description/Network/?C=M;O=D HTTP/1.1" 200 765 "-" "Mozilla/5.0 (compatible; BLEXBot/1.0; +http://webmeup-crawler.com/)" 
157.90.181.151 - - [20/Jun/2021:01:20:12 -0700] "GET /Datasets%20Description/Network/?C=N;O=A HTTP/1.1" 200 769 "-" "Mozilla/5.0 (compatible; BLEXBot/1.0; +http://webmeup-crawler.com/)" 
157.90.181.151 - - [20/Jun/2021:01:20:25 -0700] "GET /Datasets%20Description/Network/?C=S;O=D HTTP/1.1" 200 766 "-" "Mozilla/5.0 (compatible; BLEXBot/1.0; +http://webmeup-crawler.com/)" 
157.90.181.151 - - [20/Jun/2021:01:20:33 -0700] "GET /Datasets%20Description/PE_malware/?C=D;O=D HTTP/1.1" 200 683 "-" "Mozilla/5.0 (compatible; BLEXBot/1.0; +http://webmeup-crawler.com/)" 
157.90.181.151 - - [20/Jun/2021:01:20:42 -0700] "GET /Datasets%20Description/PE_malware/?C=M;O=D HTTP/1.1" 200 683 "-" "Mozilla/5.0 (compatible; BLEXBot/1.0; +http://webmeup-crawler.com/)" 
157.90.181.151 - - [20/Jun/2021:01:20:46 -0700] "GET /Datasets%20Description/PE_malware/?C=N;O=A HTTP/1.1" 200 686 "-" "Mozilla/5.0 (compatible; BLEXBot/1.0; +http://webmeup-crawler.com/)" 
157.90.181.151 - - [20/Jun/2021:01:20:58 -0700] "GET /Datasets%20Description/PE_malware/?C=S;O=D HTTP/1.1" 200 683 "-" "Mozilla/5.0 (compatible; BLEXBot/1.0; +http://webmeup-crawler.com/)" 
49.7.20.111 - - [20/Jun/2021:01:21:48 -0700] "GET / HTTP/1.1" 200 12845 "-" "Sogou web spider/4.0(+http://www.sogou.com/docs/help/webmasters.htm#07)" 
106.38.241.177 - - [20/Jun/2021:01:29:08 -0700] "GET / HTTP/1.1" 200 12845 "-" "Sogou web spider/4.0(+http://www.sogou.com/docs/help/webmasters.htm#07)" 
223.196.172.202 - - [20/Jun/2021:01:36:17 -0700] "GET //semalt.com HTTP/1.1" 301 495 "https://www.bing.com/search?q=semalt.com" "Mozilla/5.0 (Windows NT 10.0; Win64; x64) AppleWebKit/537.36 (KHTML, like Gecko) Chrome/74.0.3729.169 Safari/537.36" 
49.7.20.108 - - [20/Jun/2021:01:38:23 -0700] "GET / HTTP/1.1" 200 12845 "-" "Sogou web spider/4.0(+http://www.sogou.com/docs/help/webmasters.htm#07)" 
106.38.241.104 - - [20/Jun/2021:01:42:04 -0700] "GET / HTTP/1.1" 200 12845 "-" "Sogou web spider/4.0(+http://www.sogou.com/docs/help/webmasters.htm#07)" 
207.46.13.155 - - [20/Jun/2021:01:55:48 -0700] "GET / HTTP/1.1" 301 475 "-" "Mozilla/5.0 (compatible; bingbot/2.0; +http://www.bing.com/bingbot.htm)" 
114.119.145.140 - - [20/Jun/2021:02:00:07 -0700] "GET /robots.txt HTTP/1.1" 200 377 "-" "Mozilla/5.0 (compatible;PetalBot;+https://webmaster.petalsearch.com/site/petalbot)" 
106.38.241.177 - - [20/Jun/2021:02:02:58 -0700] "GET / HTTP/1.1" 200 12844 "-" "Sogou web spider/4.0(+http://www.sogou.com/docs/help/webmasters.htm#07)" 
49.7.20.108 - - [20/Jun/2021:02:03:20 -0700] "GET / HTTP/1.1" 200 12844 "-" "Sogou web spider/4.0(+http://www.sogou.com/docs/help/webmasters.htm#07)" 
49.7.20.111 - - [20/Jun/2021:02:09:45 -0700] "GET / HTTP/1.1" 200 12844 "-" "Sogou web spider/4.0(+http://www.sogou.com/docs/help/webmasters.htm#07)" 
54.36.149.61 - - [20/Jun/2021:02:17:49 -0700] "GET /self.logs/ HTTP/1.1" 200 30013 "-" "Mozilla/5.0 (compatible; AhrefsBot/7.0; +http://ahrefs.com/robot/)" 
49.7.20.108 - - [20/Jun/2021:02:26:49 -0700] "GET / HTTP/1.1" 200 12844 "-" "Sogou web spider/4.0(+http://www.sogou.com/docs/help/webmasters.htm#07)" 
13.57.219.125 - - [20/Jun/2021:02:29:51 -0700] "GET / HTTP/1.1" 301 438 "-" "Mozilla/5.0 (Macintosh; Intel Mac OS X 10_10_1) AppleWebKit/537.36 (KHTML, like Gecko) Chrome/40.0.2214.93 Safari/537.36" 
13.57.219.125 - - [20/Jun/2021:02:29:51 -0700] "GET / HTTP/1.1" 200 48027 "-" "Mozilla/5.0 (Macintosh; Intel Mac OS X 10_10_1) AppleWebKit/537.36 (KHTML, like Gecko) Chrome/40.0.2214.93 Safari/537.36" 
54.215.196.1 - - [20/Jun/2021:02:29:54 -0700] "GET /robots.txt HTTP/1.1" 301 458 "-" "Mozilla/5.0 (Macintosh; Intel Mac OS X 10_11_4) AppleWebKit/537.36 (KHTML, like Gecko) Chrome/50.0.2661.102 Safari/537.36" 
54.215.196.1 - - [20/Jun/2021:02:29:54 -0700] "GET /robots.txt HTTP/1.1" 200 340 "-" "Mozilla/5.0 (Macintosh; Intel Mac OS X 10_11_4) AppleWebKit/537.36 (KHTML, like Gecko) Chrome/50.0.2661.102 Safari/537.36" 
54.215.196.1 - - [20/Jun/2021:02:29:54 -0700] "HEAD / HTTP/1.1" 301 186 "-" "Mozilla/5.0 (Macintosh; Intel Mac OS X 10_11_4) AppleWebKit/537.36 (KHTML, like Gecko) Chrome/50.0.2661.102 Safari/537.36" 
54.215.196.1 - - [20/Jun/2021:02:29:54 -0700] "HEAD / HTTP/1.1" 200 359 "-" "Mozilla/5.0 (Macintosh; Intel Mac OS X 10_11_4) AppleWebKit/537.36 (KHTML, like Gecko) Chrome/50.0.2661.102 Safari/537.36" 
54.215.196.1 - - [20/Jun/2021:02:29:54 -0700] "GET / HTTP/1.1" 301 438 "-" "Mozilla/5.0 (Macintosh; Intel Mac OS X 10_11_4) AppleWebKit/537.36 (KHTML, like Gecko) Chrome/50.0.2661.102 Safari/537.36" 
54.215.196.1 - - [20/Jun/2021:02:29:55 -0700] "HEAD / HTTP/1.1" 200 359 "-" "Mozilla/5.0 (Macintosh; Intel Mac OS X 10_11_4) AppleWebKit/537.36 (KHTML, like Gecko) Chrome/50.0.2661.102 Safari/537.36" 
54.215.196.1 - - [20/Jun/2021:02:29:55 -0700] "GET / HTTP/1.1" 200 12844 "-" "Mozilla/5.0 (Macintosh; Intel Mac OS X 10_11_4) AppleWebKit/537.36 (KHTML, like Gecko) Chrome/50.0.2661.102 Safari/537.36" 
54.215.196.1 - - [20/Jun/2021:02:29:55 -0700] "HEAD /data HTTP/1.1" 404 272 "-" "Mozilla/5.0 (Macintosh; Intel Mac OS X 10_11_4) AppleWebKit/537.36 (KHTML, like Gecko) Chrome/50.0.2661.102 Safari/537.36" 
3.101.54.5 - - [20/Jun/2021:02:29:55 -0700] "GET / HTTP/1.1" 301 475 "-" "Mozilla/5.0 (X11; Linux x86_64) AppleWebKit/537.36 (KHTML, like Gecko) HeadlessChrome/77.0.3835.0 Safari/537.36" 
54.215.196.1 - - [20/Jun/2021:02:29:55 -0700] "HEAD / HTTP/1.1" 301 186 "-" "Mozilla/5.0 (Macintosh; Intel Mac OS X 10_11_4) AppleWebKit/537.36 (KHTML, like Gecko) Chrome/50.0.2661.102 Safari/537.36" 
3.101.54.5 - - [20/Jun/2021:02:29:55 -0700] "GET / HTTP/1.1" 200 12881 "-" "Mozilla/5.0 (X11; Linux x86_64) AppleWebKit/537.36 (KHTML, like Gecko) HeadlessChrome/77.0.3835.0 Safari/537.36" 
54.215.196.1 - - [20/Jun/2021:02:29:55 -0700] "HEAD / HTTP/1.1" 200 359 "-" "Mozilla/5.0 (Macintosh; Intel Mac OS X 10_11_4) AppleWebKit/537.36 (KHTML, like Gecko) Chrome/50.0.2661.102 Safari/537.36" 
54.215.196.1 - - [20/Jun/2021:02:29:55 -0700] "HEAD /maccdc2012/conn.log.gz HTTP/1.1" 200 377 "-" "Mozilla/5.0 (Macintosh; Intel Mac OS X 10_11_4) AppleWebKit/537.36 (KHTML, like Gecko) Chrome/50.0.2661.102 Safari/537.36" 
3.101.54.5 - - [20/Jun/2021:02:29:56 -0700] "GET /css/style.css HTTP/1.1" 404 305 "http://www.secrepo.com/" "Mozilla/5.0 (X11; Linux x86_64) AppleWebKit/537.36 (KHTML, like Gecko) HeadlessChrome/77.0.3835.0 Safari/537.36" 
54.215.196.1 - - [20/Jun/2021:02:29:56 -0700] "HEAD /maccdc2012/dhcp.log.gz HTTP/1.1" 200 369 "-" "Mozilla/5.0 (Macintosh; Intel Mac OS X 10_11_4) AppleWebKit/537.36 (KHTML, like Gecko) Chrome/50.0.2661.102 Safari/537.36" 
54.215.196.1 - - [20/Jun/2021:02:29:56 -0700] "HEAD /maccdc2012/dns.log.gz HTTP/1.1" 200 373 "-" "Mozilla/5.0 (Macintosh; Intel Mac OS X 10_11_4) AppleWebKit/537.36 (KHTML, like Gecko) Chrome/50.0.2661.102 Safari/537.36" 
54.215.196.1 - - [20/Jun/2021:02:29:56 -0700] "HEAD /maccdc2012/files.log.gz HTTP/1.1" 200 375 "-" "Mozilla/5.0 (Macintosh; Intel Mac OS X 10_11_4) AppleWebKit/537.36 (KHTML, like Gecko) Chrome/50.0.2661.102 Safari/537.36" 
54.215.196.1 - - [20/Jun/2021:02:29:56 -0700] "HEAD /maccdc2012/ftp.log.gz HTTP/1.1" 200 371 "-" "Mozilla/5.0 (Macintosh; Intel Mac OS X 10_11_4) AppleWebKit/537.36 (KHTML, like Gecko) Chrome/50.0.2661.102 Safari/537.36" 
54.215.196.1 - - [20/Jun/2021:02:29:56 -0700] "HEAD /maccdc2012/http.log.gz HTTP/1.1" 200 375 "-" "Mozilla/5.0 (Macintosh; Intel Mac OS X 10_11_4) AppleWebKit/537.36 (KHTML, like Gecko) Chrome/50.0.2661.102 Safari/537.36" 
54.215.196.1 - - [20/Jun/2021:02:29:56 -0700] "HEAD /maccdc2012/notice.log.gz HTTP/1.1" 200 369 "-" "Mozilla/5.0 (Macintosh; Intel Mac OS X 10_11_4) AppleWebKit/537.36 (KHTML, like Gecko) Chrome/50.0.2661.102 Safari/537.36" 
54.215.196.1 - - [20/Jun/2021:02:29:57 -0700] "HEAD /maccdc2012/signatures.log.gz HTTP/1.1" 200 366 "-" "Mozilla/5.0 (Macintosh; Intel Mac OS X 10_11_4) AppleWebKit/537.36 (KHTML, like Gecko) Chrome/50.0.2661.102 Safari/537.36" 
54.215.196.1 - - [20/Jun/2021:02:29:57 -0700] "HEAD /maccdc2012/smtp.log.gz HTTP/1.1" 200 368 "-" "Mozilla/5.0 (Macintosh; Intel Mac OS X 10_11_4) AppleWebKit/537.36 (KHTML, like Gecko) Chrome/50.0.2661.102 Safari/537.36" 
54.215.196.1 - - [20/Jun/2021:02:29:57 -0700] "HEAD /maccdc2012/ssh.log.gz HTTP/1.1" 200 371 "-" "Mozilla/5.0 (Macintosh; Intel Mac OS X 10_11_4) AppleWebKit/537.36 (KHTML, like Gecko) Chrome/50.0.2661.102 Safari/537.36" 
54.215.196.1 - - [20/Jun/2021:02:29:57 -0700] "HEAD /maccdc2012/ssl.log.gz HTTP/1.1" 200 373 "-" "Mozilla/5.0 (Macintosh; Intel Mac OS X 10_11_4) AppleWebKit/537.36 (KHTML, like Gecko) Chrome/50.0.2661.102 Safari/537.36" 
54.215.196.1 - - [20/Jun/2021:02:29:57 -0700] "HEAD /maccdc2012/tunnel.log.gz HTTP/1.1" 200 368 "-" "Mozilla/5.0 (Macintosh; Intel Mac OS X 10_11_4) AppleWebKit/537.36 (KHTML, like Gecko) Chrome/50.0.2661.102 Safari/537.36" 
54.215.196.1 - - [20/Jun/2021:02:29:58 -0700] "HEAD /maccdc2012/weird.log.gz HTTP/1.1" 200 373 "-" "Mozilla/5.0 (Macintosh; Intel Mac OS X 10_11_4) AppleWebKit/537.36 (KHTML, like Gecko) Chrome/50.0.2661.102 Safari/537.36" 
54.215.196.1 - - [20/Jun/2021:02:29:58 -0700] "HEAD /maccdc2012/maccdc2012_fast_alert.7z HTTP/1.1" 200 368 "-" "Mozilla/5.0 (Macintosh; Intel Mac OS X 10_11_4) AppleWebKit/537.36 (KHTML, like Gecko) Chrome/50.0.2661.102 Safari/537.36" 
54.215.196.1 - - [20/Jun/2021:02:29:58 -0700] "HEAD /maccdc2012/maccdc2012_full_alert.7z HTTP/1.1" 200 370 "-" "Mozilla/5.0 (Macintosh; Intel Mac OS X 10_11_4) AppleWebKit/537.36 (KHTML, like Gecko) Chrome/50.0.2661.102 Safari/537.36" 
54.215.196.1 - - [20/Jun/2021:02:29:58 -0700] "HEAD /tg/a.zip HTTP/1.1" 200 358 "-" "Mozilla/5.0 (Macintosh; Intel Mac OS X 10_11_4) AppleWebKit/537.36 (KHTML, like Gecko) Chrome/50.0.2661.102 Safari/537.36" 
54.215.196.1 - - [20/Jun/2021:02:29:58 -0700] "HEAD /tg/b.zip HTTP/1.1" 200 358 "-" "Mozilla/5.0 (Macintosh; Intel Mac OS X 10_11_4) AppleWebKit/537.36 (KHTML, like Gecko) Chrome/50.0.2661.102 Safari/537.36" 
54.215.196.1 - - [20/Jun/2021:02:29:58 -0700] "HEAD /tg/c.zip HTTP/1.1" 200 358 "-" "Mozilla/5.0 (Macintosh; Intel Mac OS X 10_11_4) AppleWebKit/537.36 (KHTML, like Gecko) Chrome/50.0.2661.102 Safari/537.36" 
54.215.196.1 - - [20/Jun/2021:02:29:58 -0700] "HEAD /tg/tg_snort_fast.7z HTTP/1.1" 200 368 "-" "Mozilla/5.0 (Macintosh; Intel Mac OS X 10_11_4) AppleWebKit/537.36 (KHTML, like Gecko) Chrome/50.0.2661.102 Safari/537.36" 
54.215.196.1 - - [20/Jun/2021:02:29:59 -0700] "HEAD /tg/tg_snort_full.7z HTTP/1.1" 200 368 "-" "Mozilla/5.0 (Macintosh; Intel Mac OS X 10_11_4) AppleWebKit/537.36 (KHTML, like Gecko) Chrome/50.0.2661.102 Safari/537.36" 
54.215.196.1 - - [20/Jun/2021:02:29:59 -0700] "HEAD /misc/zeus_dga_domains.txt.zip HTTP/1.1" 200 354 "-" "Mozilla/5.0 (Macintosh; Intel Mac OS X 10_11_4) AppleWebKit/537.36 (KHTML, like Gecko) Chrome/50.0.2661.102 Safari/537.36" 
54.215.196.1 - - [20/Jun/2021:02:29:59 -0700] "HEAD /domaindata/domainmovement.zip HTTP/1.1" 200 356 "-" "Mozilla/5.0 (Macintosh; Intel Mac OS X 10_11_4) AppleWebKit/537.36 (KHTML, like Gecko) Chrome/50.0.2661.102 Safari/537.36" 
54.215.196.1 - - [20/Jun/2021:02:29:59 -0700] "HEAD /scada/scada_logs.zip HTTP/1.1" 200 354 "-" "Mozilla/5.0 (Macintosh; Intel Mac OS X 10_11_4) AppleWebKit/537.36 (KHTML, like Gecko) Chrome/50.0.2661.102 Safari/537.36" 
54.215.196.1 - - [20/Jun/2021:02:29:59 -0700] "HEAD /pe_static/zeus.zip HTTP/1.1" 200 358 "-" "Mozilla/5.0 (Macintosh; Intel Mac OS X 10_11_4) AppleWebKit/537.36 (KHTML, like Gecko) Chrome/50.0.2661.102 Safari/537.36" 
54.215.196.1 - - [20/Jun/2021:02:29:59 -0700] "HEAD /pe_static/apt1.zip HTTP/1.1" 200 356 "-" "Mozilla/5.0 (Macintosh; Intel Mac OS X 10_11_4) AppleWebKit/537.36 (KHTML, like Gecko) Chrome/50.0.2661.102 Safari/537.36" 
54.215.196.1 - - [20/Jun/2021:02:30:00 -0700] "HEAD /pe_static/op-cleaver.zip HTTP/1.1" 200 354 "-" "Mozilla/5.0 (Macintosh; Intel Mac OS X 10_11_4) AppleWebKit/537.36 (KHTML, like Gecko) Chrome/50.0.2661.102 Safari/537.36" 
54.215.196.1 - - [20/Jun/2021:02:30:00 -0700] "HEAD /self.logs/ HTTP/1.1" 200 243 "-" "Mozilla/5.0 (Macintosh; Intel Mac OS X 10_11_4) AppleWebKit/537.36 (KHTML, like Gecko) Chrome/50.0.2661.102 Safari/537.36" 
54.215.196.1 - - [20/Jun/2021:02:30:00 -0700] "HEAD /squid/access.log.gz HTTP/1.1" 200 375 "-" "Mozilla/5.0 (Macintosh; Intel Mac OS X 10_11_4) AppleWebKit/537.36 (KHTML, like Gecko) Chrome/50.0.2661.102 Safari/537.36" 
54.215.196.1 - - [20/Jun/2021:02:30:00 -0700] "HEAD /auth.log/auth.log.gz HTTP/1.1" 200 371 "-" "Mozilla/5.0 (Macintosh; Intel Mac OS X 10_11_4) AppleWebKit/537.36 (KHTML, like Gecko) Chrome/50.0.2661.102 Safari/537.36" 
54.215.196.1 - - [20/Jun/2021:02:30:00 -0700] "HEAD /honeypot/honeypot.json.zip HTTP/1.1" 200 358 "-" "Mozilla/5.0 (Macintosh; Intel Mac OS X 10_11_4) AppleWebKit/537.36 (KHTML, like Gecko) Chrome/50.0.2661.102 Safari/537.36" 
54.215.196.1 - - [20/Jun/2021:02:30:00 -0700] "HEAD /Security-Data-Analysis/Lab_1/conn.log.zip HTTP/1.1" 200 360 "-" "Mozilla/5.0 (Macintosh; Intel Mac OS X 10_11_4) AppleWebKit/537.36 (KHTML, like Gecko) Chrome/50.0.2661.102 Safari/537.36" 
54.215.196.1 - - [20/Jun/2021:02:30:01 -0700] "GET /data HTTP/1.1" 404 291 "-" "Mozilla/5.0 (Macintosh; Intel Mac OS X 10_11_4) AppleWebKit/537.36 (KHTML, like Gecko) Chrome/50.0.2661.102 Safari/537.36" 
54.215.196.1 - - [20/Jun/2021:02:30:01 -0700] "GET / HTTP/1.1" 301 438 "-" "Mozilla/5.0 (Macintosh; Intel Mac OS X 10_11_4) AppleWebKit/537.36 (KHTML, like Gecko) Chrome/50.0.2661.102 Safari/537.36" 
54.215.196.1 - - [20/Jun/2021:02:30:01 -0700] "GET /self.logs/ HTTP/1.1" 200 30020 "-" "Mozilla/5.0 (Macintosh; Intel Mac OS X 10_11_4) AppleWebKit/537.36 (KHTML, like Gecko) Chrome/50.0.2661.102 Safari/537.36" 
54.215.196.1 - - [20/Jun/2021:02:30:01 -0700] "HEAD /self.logs/?C=N&O=D HTTP/1.1" 200 243 "-" "Mozilla/5.0 (Macintosh; Intel Mac OS X 10_11_4) AppleWebKit/537.36 (KHTML, like Gecko) Chrome/50.0.2661.102 Safari/537.36" 
54.215.196.1 - - [20/Jun/2021:02:30:01 -0700] "HEAD /self.logs/?C=M&O=A HTTP/1.1" 200 243 "-" "Mozilla/5.0 (Macintosh; Intel Mac OS X 10_11_4) AppleWebKit/537.36 (KHTML, like Gecko) Chrome/50.0.2661.102 Safari/537.36" 
54.215.196.1 - - [20/Jun/2021:02:30:02 -0700] "HEAD /self.logs/?C=S&O=A HTTP/1.1" 200 243 "-" "Mozilla/5.0 (Macintosh; Intel Mac OS X 10_11_4) AppleWebKit/537.36 (KHTML, like Gecko) Chrome/50.0.2661.102 Safari/537.36" 
54.215.196.1 - - [20/Jun/2021:02:30:02 -0700] "GET /self.logs/?C=N;O=D HTTP/1.1" 200 30694 "-" "Mozilla/5.0 (Macintosh; Intel Mac OS X 10_11_4) AppleWebKit/537.36 (KHTML, like Gecko) Chrome/50.0.2661.102 Safari/537.36" 
54.215.196.1 - - [20/Jun/2021:02:30:03 -0700] "GET /self.logs/?C=M;O=A HTTP/1.1" 200 31170 "-" "Mozilla/5.0 (Macintosh; Intel Mac OS X 10_11_4) AppleWebKit/537.36 (KHTML, like Gecko) Chrome/50.0.2661.102 Safari/537.36" 
54.215.196.1 - - [20/Jun/2021:02:30:04 -0700] "GET /self.logs/?C=S;O=A HTTP/1.1" 200 35219 "-" "Mozilla/5.0 (Macintosh; Intel Mac OS X 10_11_4) AppleWebKit/537.36 (KHTML, like Gecko) Chrome/50.0.2661.102 Safari/537.36" 
106.38.241.177 - - [20/Jun/2021:02:35:52 -0700] "GET / HTTP/1.1" 200 12844 "-" "Sogou web spider/4.0(+http://www.sogou.com/docs/help/webmasters.htm#07)" 
185.191.171.42 - - [20/Jun/2021:02:37:31 -0700] "GET /robots.txt HTTP/1.1" 200 340 "-" "Mozilla/5.0 (compatible; SemrushBot/7~bl; +http://www.semrush.com/bot.html)" 
185.191.171.9 - - [20/Jun/2021:02:37:31 -0700] "GET /self.logs/error.log.2020-01-29 HTTP/1.1" 200 1319 "-" "Mozilla/5.0 (compatible; SemrushBot/7~bl; +http://www.semrush.com/bot.html)" 
106.38.241.104 - - [20/Jun/2021:02:37:59 -0700] "GET / HTTP/1.1" 200 12844 "-" "Sogou web spider/4.0(+http://www.sogou.com/docs/help/webmasters.htm#07)" 
49.7.20.108 - - [20/Jun/2021:02:49:07 -0700] "GET / HTTP/1.1" 200 12844 "-" "Sogou web spider/4.0(+http://www.sogou.com/docs/help/webmasters.htm#07)" 
54.36.149.61 - - [20/Jun/2021:02:49:57 -0700] "GET / HTTP/1.1" 200 12837 "-" "Mozilla/5.0 (compatible; AhrefsBot/7.0; +http://ahrefs.com/robot/)" 
61.151.178.166 - - [20/Jun/2021:02:54:01 -0700] "GET /honeypot/BSidesDFW%20-%202014.ipynb HTTP/1.1" 200 573780 "-" "Mozilla/5.0 (iPhone; CPU iPhone OS 10_2_1 like Mac OS X) AppleWebKit/602.4.6 (KHTML, like Gecko) Mobile/14D27 MicroMessenger/6.5.5 NetType/WIFI Language/zh_CN" 
