52.26.60.191 - - [07/May/2021:08:22:46 -0700] "GET / HTTP/1.1" 301 419 "-" "Mozilla/5.0 (X11; Linux x86_64) AppleWebKit/537.36 (KHTML, like Gecko) Chrome/83.0.4103.97 Safari/537.36" 
207.46.13.103 - - [07/May/2021:08:22:59 -0700] "GET /self.logs/error.log.2019-04-18.gz HTTP/1.1" 200 4784 "-" "Mozilla/5.0 (compatible; bingbot/2.0; +http://www.bing.com/bingbot.htm)" 
54.36.148.17 - - [07/May/2021:08:23:25 -0700] "GET /self.logs/2015/access.log.2015-03-01.gz HTTP/1.1" 200 2452 "-" "Mozilla/5.0 (compatible; AhrefsBot/7.0; +http://ahrefs.com/robot/)" 
54.36.149.61 - - [07/May/2021:08:24:45 -0700] "GET /self.logs/2016/access.log.2016-03-01.gz HTTP/1.1" 200 9236 "-" "Mozilla/5.0 (compatible; AhrefsBot/7.0; +http://ahrefs.com/robot/)" 
54.36.149.61 - - [07/May/2021:08:26:04 -0700] "GET /self.logs/access.log.2017-04-30.gz HTTP/1.1" 200 11936 "-" "Mozilla/5.0 (compatible; AhrefsBot/7.0; +http://ahrefs.com/robot/)" 
103.205.5.116 - - [07/May/2021:08:26:39 -0700] "GET / HTTP/1.1" 200 12845 "-" "Mozilla/4.0 (compatible; MSIE 7.0; Windows NT 5.1; TencentTraveler ; EmbeddedWB 14.52 from: http://www.bsalsa.com/ EmbeddedWB 14.52; .NET CLR 2.0.50727; InfoPath.2; .NET CLR 3.0.04506.30; .NET CLR 3.0.04506.590; .NET CLR 3.0.04506.648; .NET CLR 3.5.21022)" 
103.205.5.116 - - [07/May/2021:08:26:40 -0700] "GET / HTTP/1.1" 200 12838 "-" "Mozilla/5.0 (Windows NT 6.1; WOW64) AppleWebKit/537.36 (KHTML, like Gecko) Chrome/50.0.2661.102 Safari/537.36" 
54.36.148.17 - - [07/May/2021:08:27:26 -0700] "GET /self.logs/2016/access.log.2016-03-08.gz HTTP/1.1" 200 8218 "-" "Mozilla/5.0 (compatible; AhrefsBot/7.0; +http://ahrefs.com/robot/)" 
114.119.155.228 - - [07/May/2021:08:28:40 -0700] "GET /self.logs/error.log.2017-02-16.gz HTTP/1.1" 200 1122 "-" "Mozilla/5.0 (Linux; Android 7.0;) AppleWebKit/537.36 (KHTML, like Gecko) Mobile Safari/537.36 (compatible; PetalBot;+https://webmaster.petalsearch.com/site/petalbot)" 
54.36.148.17 - - [07/May/2021:08:28:51 -0700] "GET /self.logs/error.log.2019-02-19.gz HTTP/1.1" 200 3639 "-" "Mozilla/5.0 (compatible; AhrefsBot/7.0; +http://ahrefs.com/robot/)" 
54.36.148.17 - - [07/May/2021:08:30:12 -0700] "GET /self.logs/2016/access.log.2016-11-15.gz HTTP/1.1" 200 19648 "-" "Mozilla/5.0 (compatible; AhrefsBot/7.0; +http://ahrefs.com/robot/)" 
54.36.148.126 - - [07/May/2021:08:31:32 -0700] "GET /self.logs/error.log.2020-03-01 HTTP/1.1" 200 307 "-" "Mozilla/5.0 (compatible; AhrefsBot/7.0; +http://ahrefs.com/robot/)" 
54.36.149.61 - - [07/May/2021:08:32:50 -0700] "GET /self.logs/2016/error.log.2016-04-30.gz HTTP/1.1" 200 710 "-" "Mozilla/5.0 (compatible; AhrefsBot/7.0; +http://ahrefs.com/robot/)" 
54.36.148.17 - - [07/May/2021:08:34:07 -0700] "GET /self.logs/access.log.2020-04-20.gz HTTP/1.1" 200 18454 "-" "Mozilla/5.0 (compatible; AhrefsBot/7.0; +http://ahrefs.com/robot/)" 
114.119.157.43 - - [07/May/2021:08:35:03 -0700] "GET /self.logs/access.log.2018-11-21.gz HTTP/1.1" 200 69036 "-" "Mozilla/5.0 (Linux; Android 7.0;) AppleWebKit/537.36 (KHTML, like Gecko) Mobile Safari/537.36 (compatible; PetalBot;+https://webmaster.petalsearch.com/site/petalbot)" 
54.36.149.61 - - [07/May/2021:08:35:23 -0700] "GET /self.logs/error.log.2020-06-06 HTTP/1.1" 200 307 "-" "Mozilla/5.0 (compatible; AhrefsBot/7.0; +http://ahrefs.com/robot/)" 
54.36.149.61 - - [07/May/2021:08:36:04 -0700] "GET /self.logs/access.log.2018-04-19.gz HTTP/1.1" 200 21462 "-" "Mozilla/5.0 (compatible; AhrefsBot/7.0; +http://ahrefs.com/robot/)" 
54.36.148.17 - - [07/May/2021:08:36:44 -0700] "GET /self.logs/error.log.2020-11-03 HTTP/1.1" 200 307 "-" "Mozilla/5.0 (compatible; AhrefsBot/7.0; +http://ahrefs.com/robot/)" 
54.36.149.58 - - [07/May/2021:08:37:23 -0700] "GET /self.logs/2016/access.log.2016-11-17.gz HTTP/1.1" 200 15148 "-" "Mozilla/5.0 (compatible; AhrefsBot/7.0; +http://ahrefs.com/robot/)" 
54.36.149.61 - - [07/May/2021:08:38:00 -0700] "GET /self.logs/access.log.2020-01-26.gz HTTP/1.1" 200 9878 "-" "Mozilla/5.0 (compatible; AhrefsBot/7.0; +http://ahrefs.com/robot/)" 
54.36.148.210 - - [07/May/2021:08:38:41 -0700] "GET /self.logs/error.log.2018-06-20.gz HTTP/1.1" 200 6352 "-" "Mozilla/5.0 (compatible; AhrefsBot/7.0; +http://ahrefs.com/robot/)" 
54.36.148.213 - - [07/May/2021:08:39:21 -0700] "GET /self.logs/error.log.2018-06-01.gz HTTP/1.1" 200 5012 "-" "Mozilla/5.0 (compatible; AhrefsBot/7.0; +http://ahrefs.com/robot/)" 
17.121.112.189 - - [07/May/2021:08:39:41 -0700] "GET /self.logs/error.log.2020-02-09 HTTP/1.1" 200 307 "-" "Mozilla/5.0 (Macintosh; Intel Mac OS X 10_15_5) AppleWebKit/605.1.15 (KHTML, like Gecko) Version/13.1.1 Safari/605.1.15 (Applebot/0.1; +http://www.apple.com/go/applebot)" 
54.36.149.61 - - [07/May/2021:08:40:01 -0700] "GET /self.logs/access.log.2017-06-23.gz HTTP/1.1" 200 78840 "-" "Mozilla/5.0 (compatible; AhrefsBot/7.0; +http://ahrefs.com/robot/)" 
54.36.148.17 - - [07/May/2021:08:40:39 -0700] "GET /self.logs/access.log.2017-07-30.gz HTTP/1.1" 200 15870 "-" "Mozilla/5.0 (compatible; AhrefsBot/7.0; +http://ahrefs.com/robot/)" 
54.36.148.114 - - [07/May/2021:08:41:15 -0700] "GET /self.logs/error.log.2018-07-06.gz HTTP/1.1" 200 6649 "-" "Mozilla/5.0 (compatible; AhrefsBot/7.0; +http://ahrefs.com/robot/)" 
54.36.148.17 - - [07/May/2021:08:41:54 -0700] "GET /self.logs/access.log.2020-06-30.gz HTTP/1.1" 200 15549 "-" "Mozilla/5.0 (compatible; AhrefsBot/7.0; +http://ahrefs.com/robot/)" 
54.36.148.17 - - [07/May/2021:08:42:32 -0700] "GET /self.logs/access.log.2019-09-12.gz HTTP/1.1" 200 24570 "-" "Mozilla/5.0 (compatible; AhrefsBot/7.0; +http://ahrefs.com/robot/)" 
54.36.149.61 - - [07/May/2021:08:43:12 -0700] "GET /self.logs/2016/error.log.2016-11-12.gz HTTP/1.1" 200 728 "-" "Mozilla/5.0 (compatible; AhrefsBot/7.0; +http://ahrefs.com/robot/)" 
54.36.149.61 - - [07/May/2021:08:43:52 -0700] "GET /self.logs/error.log.2017-04-10.gz HTTP/1.1" 200 4248 "-" "Mozilla/5.0 (compatible; AhrefsBot/7.0; +http://ahrefs.com/robot/)" 
54.36.148.72 - - [07/May/2021:08:44:33 -0700] "GET /self.logs/access.log.2019-01-20.gz HTTP/1.1" 200 27321 "-" "Mozilla/5.0 (compatible; AhrefsBot/7.0; +http://ahrefs.com/robot/)" 
54.36.149.61 - - [07/May/2021:08:45:10 -0700] "GET /self.logs/access.log.2017-12-19.gz HTTP/1.1" 200 24177 "-" "Mozilla/5.0 (compatible; AhrefsBot/7.0; +http://ahrefs.com/robot/)" 
40.77.167.32 - - [07/May/2021:08:45:43 -0700] "GET /self.logs/error.log.2021-03-19.gz HTTP/1.1" 200 2161 "-" "Mozilla/5.0 (compatible; bingbot/2.0; +http://www.bing.com/bingbot.htm)" 
54.36.148.174 - - [07/May/2021:08:45:48 -0700] "GET /self.logs/error.log.2019-01-21.gz HTTP/1.1" 200 4877 "-" "Mozilla/5.0 (compatible; AhrefsBot/7.0; +http://ahrefs.com/robot/)" 
54.36.149.61 - - [07/May/2021:08:46:26 -0700] "GET /self.logs/access.log.2019-04-14.gz HTTP/1.1" 200 41649 "-" "Mozilla/5.0 (compatible; AhrefsBot/7.0; +http://ahrefs.com/robot/)" 
114.119.159.40 - - [07/May/2021:08:47:02 -0700] "GET /self.logs/access.log.2019-08-30.gz HTTP/1.1" 200 16259 "-" "Mozilla/5.0 (Linux; Android 7.0;) AppleWebKit/537.36 (KHTML, like Gecko) Mobile Safari/537.36 (compatible; PetalBot;+https://webmaster.petalsearch.com/site/petalbot)" 
54.36.149.61 - - [07/May/2021:08:47:03 -0700] "GET /self.logs/error.log.2019-03-12.gz HTTP/1.1" 200 2550 "-" "Mozilla/5.0 (compatible; AhrefsBot/7.0; +http://ahrefs.com/robot/)" 
17.121.112.205 - - [07/May/2021:08:47:13 -0700] "GET /self.logs/error.log.2020-03-19 HTTP/1.1" 200 307 "-" "Mozilla/5.0 (Macintosh; Intel Mac OS X 10_15_5) AppleWebKit/605.1.15 (KHTML, like Gecko) Version/13.1.1 Safari/605.1.15 (Applebot/0.1; +http://www.apple.com/go/applebot)" 
54.36.148.17 - - [07/May/2021:08:47:39 -0700] "GET /self.logs/error.log.2019-02-05.gz HTTP/1.1" 200 3840 "-" "Mozilla/5.0 (compatible; AhrefsBot/7.0; +http://ahrefs.com/robot/)" 
54.36.148.17 - - [07/May/2021:08:48:18 -0700] "GET /self.logs/error.log.2018-01-25.gz HTTP/1.1" 200 1273 "-" "Mozilla/5.0 (compatible; AhrefsBot/7.0; +http://ahrefs.com/robot/)" 
54.36.148.17 - - [07/May/2021:08:48:53 -0700] "GET /self.logs/access.log.2017-12-09.gz HTTP/1.1" 200 48323 "-" "Mozilla/5.0 (compatible; AhrefsBot/7.0; +http://ahrefs.com/robot/)" 
54.36.148.230 - - [07/May/2021:08:50:09 -0700] "GET /self.logs/access.log.2018-05-17.gz HTTP/1.1" 200 23069 "-" "Mozilla/5.0 (compatible; AhrefsBot/7.0; +http://ahrefs.com/robot/)" 
54.36.148.17 - - [07/May/2021:08:51:32 -0700] "GET /self.logs/2016/error.log.2016-09-28.gz HTTP/1.1" 200 1387 "-" "Mozilla/5.0 (compatible; AhrefsBot/7.0; +http://ahrefs.com/robot/)" 
54.36.148.17 - - [07/May/2021:08:52:47 -0700] "GET /self.logs/access.log.2020-10-30.gz HTTP/1.1" 200 55084 "-" "Mozilla/5.0 (compatible; AhrefsBot/7.0; +http://ahrefs.com/robot/)" 
114.119.140.84 - - [07/May/2021:08:53:13 -0700] "GET /self.logs/access.log.2018-06-19.gz HTTP/1.1" 200 25807 "-" "Mozilla/5.0 (Linux; Android 7.0;) AppleWebKit/537.36 (KHTML, like Gecko) Mobile Safari/537.36 (compatible; PetalBot;+https://webmaster.petalsearch.com/site/petalbot)" 
54.36.149.61 - - [07/May/2021:08:54:08 -0700] "GET /self.logs/access.log.2019-07-09.gz HTTP/1.1" 200 24725 "-" "Mozilla/5.0 (compatible; AhrefsBot/7.0; +http://ahrefs.com/robot/)" 
100.36.35.118 - - [07/May/2021:08:55:28 -0700] "GET / HTTP/1.1" 200 12882 "-" "Mozilla/5.0 (Windows NT 10.0; Win64; x64) AppleWebKit/537.36 (KHTML, like Gecko) Chrome/90.0.4430.93 Safari/537.36" 
100.36.35.118 - - [07/May/2021:08:55:28 -0700] "GET /css/style.css HTTP/1.1" 404 305 "http://www.secrepo.com/" "Mozilla/5.0 (Windows NT 10.0; Win64; x64) AppleWebKit/537.36 (KHTML, like Gecko) Chrome/90.0.4430.93 Safari/537.36" 
100.36.35.118 - - [07/May/2021:08:55:28 -0700] "GET /GitHub-Mark.png HTTP/1.1" 200 7533 "http://www.secrepo.com/" "Mozilla/5.0 (Windows NT 10.0; Win64; x64) AppleWebKit/537.36 (KHTML, like Gecko) Chrome/90.0.4430.93 Safari/537.36" 
100.36.35.118 - - [07/May/2021:08:55:28 -0700] "GET /twitter-icon.png HTTP/1.1" 200 27916 "http://www.secrepo.com/" "Mozilla/5.0 (Windows NT 10.0; Win64; x64) AppleWebKit/537.36 (KHTML, like Gecko) Chrome/90.0.4430.93 Safari/537.36" 
100.36.35.118 - - [07/May/2021:08:55:30 -0700] "GET /bootstrap/img/favicon.ico HTTP/1.1" 200 690 "http://www.secrepo.com/" "Mozilla/5.0 (Windows NT 10.0; Win64; x64) AppleWebKit/537.36 (KHTML, like Gecko) Chrome/90.0.4430.93 Safari/537.36" 
54.36.149.6 - - [07/May/2021:08:55:30 -0700] "GET /self.logs/2016/access.log.2016-12-07.gz HTTP/1.1" 200 11009 "-" "Mozilla/5.0 (compatible; AhrefsBot/7.0; +http://ahrefs.com/robot/)" 
54.36.148.17 - - [07/May/2021:08:57:27 -0700] "GET /self.logs/access.log.2019-09-25.gz HTTP/1.1" 200 17900 "-" "Mozilla/5.0 (compatible; AhrefsBot/7.0; +http://ahrefs.com/robot/)" 
54.36.148.17 - - [07/May/2021:08:58:48 -0700] "GET /self.logs/error.log.2020-08-09 HTTP/1.1" 200 307 "-" "Mozilla/5.0 (compatible; AhrefsBot/7.0; +http://ahrefs.com/robot/)" 
17.121.115.162 - - [07/May/2021:08:59:24 -0700] "GET /self.logs/error.log.2020-02-07 HTTP/1.1" 200 307 "-" "Mozilla/5.0 (Macintosh; Intel Mac OS X 10_15_5) AppleWebKit/605.1.15 (KHTML, like Gecko) Version/13.1.1 Safari/605.1.15 (Applebot/0.1; +http://www.apple.com/go/applebot)" 
54.36.148.17 - - [07/May/2021:09:00:06 -0700] "GET /self.logs/error.log.2020-03-15 HTTP/1.1" 200 1305 "-" "Mozilla/5.0 (compatible; AhrefsBot/7.0; +http://ahrefs.com/robot/)" 
54.36.148.17 - - [07/May/2021:09:01:21 -0700] "GET /self.logs/error.log.2020-08-29 HTTP/1.1" 200 307 "-" "Mozilla/5.0 (compatible; AhrefsBot/7.0; +http://ahrefs.com/robot/)" 
54.36.149.61 - - [07/May/2021:09:02:37 -0700] "GET /self.logs/access.log.2019-07-25.gz HTTP/1.1" 200 28647 "-" "Mozilla/5.0 (compatible; AhrefsBot/7.0; +http://ahrefs.com/robot/)" 
54.36.149.103 - - [07/May/2021:09:03:57 -0700] "GET /robots.txt HTTP/1.1" 200 333 "-" "Mozilla/5.0 (compatible; AhrefsBot/7.0; +http://ahrefs.com/robot/)" 
54.36.149.61 - - [07/May/2021:09:03:57 -0700] "GET /self.logs/error.log.2020-07-04 HTTP/1.1" 200 307 "-" "Mozilla/5.0 (compatible; AhrefsBot/7.0; +http://ahrefs.com/robot/)" 
54.36.148.17 - - [07/May/2021:09:04:41 -0700] "GET /self.logs/error.log.2017-11-15.gz HTTP/1.1" 200 1233 "-" "Mozilla/5.0 (compatible; AhrefsBot/7.0; +http://ahrefs.com/robot/)" 
54.36.149.61 - - [07/May/2021:09:05:25 -0700] "GET /self.logs/2016/access.log.2016-01-16.gz HTTP/1.1" 200 5096 "-" "Mozilla/5.0 (compatible; AhrefsBot/7.0; +http://ahrefs.com/robot/)" 
54.36.149.61 - - [07/May/2021:09:06:04 -0700] "GET /self.logs/access.log.2018-11-06.gz HTTP/1.1" 200 17637 "-" "Mozilla/5.0 (compatible; AhrefsBot/7.0; +http://ahrefs.com/robot/)" 
185.191.171.17 - - [07/May/2021:09:06:05 -0700] "GET /Datasets%20Description/HTML_Bro_log_3/dpd.html HTTP/1.1" 200 1625 "-" "Mozilla/5.0 (compatible; SemrushBot/7~bl; +http://www.semrush.com/bot.html)" 
54.36.149.61 - - [07/May/2021:09:07:57 -0700] "GET /self.logs/error.log.2017-12-30.gz HTTP/1.1" 200 2068 "-" "Mozilla/5.0 (compatible; AhrefsBot/7.0; +http://ahrefs.com/robot/)" 
54.36.149.61 - - [07/May/2021:09:08:30 -0700] "GET /self.logs/access.log.2017-12-15.gz HTTP/1.1" 200 24516 "-" "Mozilla/5.0 (compatible; AhrefsBot/7.0; +http://ahrefs.com/robot/)" 
54.36.149.61 - - [07/May/2021:09:09:04 -0700] "GET /self.logs/error.log.2017-12-19.gz HTTP/1.1" 200 1857 "-" "Mozilla/5.0 (compatible; AhrefsBot/7.0; +http://ahrefs.com/robot/)" 
54.36.148.17 - - [07/May/2021:09:09:53 -0700] "GET /self.logs/access.log.2019-08-10.gz HTTP/1.1" 200 14886 "-" "Mozilla/5.0 (compatible; AhrefsBot/7.0; +http://ahrefs.com/robot/)" 
54.36.149.61 - - [07/May/2021:09:10:39 -0700] "GET /self.logs/access.log.2018-06-03.gz HTTP/1.1" 200 16361 "-" "Mozilla/5.0 (compatible; AhrefsBot/7.0; +http://ahrefs.com/robot/)" 
54.36.148.23 - - [07/May/2021:09:11:21 -0700] "GET /self.logs/error.log.2020-07-06.gz HTTP/1.1" 200 826 "-" "Mozilla/5.0 (compatible; AhrefsBot/7.0; +http://ahrefs.com/robot/)" 
54.36.148.17 - - [07/May/2021:09:12:03 -0700] "GET /self.logs/error.log.2019-08-11.gz HTTP/1.1" 200 823 "-" "Mozilla/5.0 (compatible; AhrefsBot/7.0; +http://ahrefs.com/robot/)" 
54.36.149.61 - - [07/May/2021:09:12:40 -0700] "GET /self.logs/error.log.2019-01-11.gz HTTP/1.1" 200 5629 "-" "Mozilla/5.0 (compatible; AhrefsBot/7.0; +http://ahrefs.com/robot/)" 
54.36.148.238 - - [07/May/2021:09:13:16 -0700] "GET /self.logs/error.log.2020-08-16 HTTP/1.1" 200 307 "-" "Mozilla/5.0 (compatible; AhrefsBot/7.0; +http://ahrefs.com/robot/)" 
54.36.149.61 - - [07/May/2021:09:13:48 -0700] "GET /self.logs/access.log.2020-08-31.gz HTTP/1.1" 200 17064 "-" "Mozilla/5.0 (compatible; AhrefsBot/7.0; +http://ahrefs.com/robot/)" 
54.36.148.17 - - [07/May/2021:09:14:26 -0700] "GET /self.logs/error.log.2020-05-23.gz HTTP/1.1" 200 1662 "-" "Mozilla/5.0 (compatible; AhrefsBot/7.0; +http://ahrefs.com/robot/)" 
54.36.149.61 - - [07/May/2021:09:15:01 -0700] "GET /Datasets%20Description/HTML_Bro_log_3/packet_filter.html HTTP/1.1" 200 1681 "-" "Mozilla/5.0 (compatible; AhrefsBot/7.0; +http://ahrefs.com/robot/)" 
54.36.148.17 - - [07/May/2021:09:15:39 -0700] "GET /self.logs/error.log.2018-05-16.gz HTTP/1.1" 200 3639 "-" "Mozilla/5.0 (compatible; AhrefsBot/7.0; +http://ahrefs.com/robot/)" 
54.36.149.103 - - [07/May/2021:09:16:14 -0700] "GET /self.logs/error.log.2018-08-06.gz HTTP/1.1" 200 6716 "-" "Mozilla/5.0 (compatible; AhrefsBot/7.0; +http://ahrefs.com/robot/)" 
54.36.149.61 - - [07/May/2021:09:16:53 -0700] "GET /self.logs/2016/access.log.2016-03-25.gz HTTP/1.1" 200 11467 "-" "Mozilla/5.0 (compatible; AhrefsBot/7.0; +http://ahrefs.com/robot/)" 
54.36.148.17 - - [07/May/2021:09:18:15 -0700] "GET /self.logs/access.log.2020-06-21.gz HTTP/1.1" 200 12796 "-" "Mozilla/5.0 (compatible; AhrefsBot/7.0; +http://ahrefs.com/robot/)" 
54.36.148.17 - - [07/May/2021:09:19:23 -0700] "GET /self.logs/2016/access.log.2016-08-04.gz HTTP/1.1" 200 14648 "-" "Mozilla/5.0 (compatible; AhrefsBot/7.0; +http://ahrefs.com/robot/)" 
54.36.148.172 - - [07/May/2021:09:20:32 -0700] "GET /self.logs/error.log.2018-06-09.gz HTTP/1.1" 200 6656 "-" "Mozilla/5.0 (compatible; AhrefsBot/7.0; +http://ahrefs.com/robot/)" 
54.36.149.61 - - [07/May/2021:09:21:35 -0700] "GET /self.logs/2016/error.log.2016-12-04.gz HTTP/1.1" 200 775 "-" "Mozilla/5.0 (compatible; AhrefsBot/7.0; +http://ahrefs.com/robot/)" 
114.119.140.84 - - [07/May/2021:09:22:16 -0700] "GET /self.logs/error.log.2019-07-02.gz HTTP/1.1" 200 2279 "-" "Mozilla/5.0 (Linux; Android 7.0;) AppleWebKit/537.36 (KHTML, like Gecko) Mobile Safari/537.36 (compatible; PetalBot;+https://webmaster.petalsearch.com/site/petalbot)" 
54.36.149.75 - - [07/May/2021:09:22:40 -0700] "GET /self.logs/error.log.2020-07-30 HTTP/1.1" 200 307 "-" "Mozilla/5.0 (compatible; AhrefsBot/7.0; +http://ahrefs.com/robot/)" 
54.36.148.17 - - [07/May/2021:09:23:45 -0700] "GET /self.logs/2016/error.log.2016-05-01.gz HTTP/1.1" 200 949 "-" "Mozilla/5.0 (compatible; AhrefsBot/7.0; +http://ahrefs.com/robot/)" 
54.36.148.32 - - [07/May/2021:09:24:51 -0700] "GET /self.logs/error.log.2020-09-06 HTTP/1.1" 200 307 "-" "Mozilla/5.0 (compatible; AhrefsBot/7.0; +http://ahrefs.com/robot/)" 
54.36.149.61 - - [07/May/2021:09:25:56 -0700] "GET /self.logs/error.log.2019-01-08.gz HTTP/1.1" 200 5445 "-" "Mozilla/5.0 (compatible; AhrefsBot/7.0; +http://ahrefs.com/robot/)" 
54.36.149.61 - - [07/May/2021:09:27:02 -0700] "GET /self.logs/2016/access.log.2016-12-10.gz HTTP/1.1" 200 9294 "-" "Mozilla/5.0 (compatible; AhrefsBot/7.0; +http://ahrefs.com/robot/)" 
114.119.150.248 - - [07/May/2021:09:27:56 -0700] "GET /self.logs/error.log.2017-10-25.gz HTTP/1.1" 200 2056 "-" "Mozilla/5.0 (Linux; Android 7.0;) AppleWebKit/537.36 (KHTML, like Gecko) Mobile Safari/537.36 (compatible; PetalBot;+https://webmaster.petalsearch.com/site/petalbot)" 
54.36.149.61 - - [07/May/2021:09:28:11 -0700] "GET /self.logs/2016/error.log.2016-06-20.gz HTTP/1.1" 200 910 "-" "Mozilla/5.0 (compatible; AhrefsBot/7.0; +http://ahrefs.com/robot/)" 
54.36.149.61 - - [07/May/2021:09:29:17 -0700] "GET /self.logs/error.log.2018-01-26.gz HTTP/1.1" 200 2752 "-" "Mozilla/5.0 (compatible; AhrefsBot/7.0; +http://ahrefs.com/robot/)" 
102.250.7.50 - - [07/May/2021:09:29:52 -0700] "GET /css/style.css HTTP/1.1" 404 328 "http://www.secrepo.com/" "Mozilla/5.0 (Windows NT 10.0; Win64; x64) AppleWebKit/537.36 (KHTML, like Gecko) Chrome/90.0.4430.93 Safari/537.36 Edg/90.0.818.51" 
54.36.149.61 - - [07/May/2021:09:30:19 -0700] "GET /self.logs/error.log.2017-06-18.gz HTTP/1.1" 200 1011 "-" "Mozilla/5.0 (compatible; AhrefsBot/7.0; +http://ahrefs.com/robot/)" 
54.36.149.47 - - [07/May/2021:09:31:17 -0700] "GET /self.logs/error.log.2017-04-16.gz HTTP/1.1" 200 847 "-" "Mozilla/5.0 (compatible; AhrefsBot/7.0; +http://ahrefs.com/robot/)" 
54.36.148.199 - - [07/May/2021:09:32:26 -0700] "GET /self.logs/access.log.2020-02-14.gz HTTP/1.1" 200 14731 "-" "Mozilla/5.0 (compatible; AhrefsBot/7.0; +http://ahrefs.com/robot/)" 
54.36.149.81 - - [07/May/2021:09:33:30 -0700] "GET /self.logs/2016/error.log.2016-03-21.gz HTTP/1.1" 200 742 "-" "Mozilla/5.0 (compatible; AhrefsBot/7.0; +http://ahrefs.com/robot/)" 
54.36.148.17 - - [07/May/2021:09:34:39 -0700] "GET /self.logs/error.log.2018-05-31.gz HTTP/1.1" 200 6804 "-" "Mozilla/5.0 (compatible; AhrefsBot/7.0; +http://ahrefs.com/robot/)" 
40.77.167.25 - - [07/May/2021:09:35:07 -0700] "GET /self.logs/access.log.2019-08-06.gz HTTP/1.1" 200 15271 "-" "Mozilla/5.0 (compatible; bingbot/2.0; +http://www.bing.com/bingbot.htm)" 
40.77.167.25 - - [07/May/2021:09:35:33 -0700] "GET /self.logs/access.log.2021-03-23.gz HTTP/1.1" 200 15195 "-" "Mozilla/5.0 (compatible; bingbot/2.0; +http://www.bing.com/bingbot.htm)" 
54.36.148.49 - - [07/May/2021:09:35:43 -0700] "GET /self.logs/error.log.2018-06-22.gz HTTP/1.1" 200 6194 "-" "Mozilla/5.0 (compatible; AhrefsBot/7.0; +http://ahrefs.com/robot/)" 
112.79.206.234 - - [07/May/2021:09:36:10 -0700] "GET / HTTP/1.1" 200 12881 "-" "Mozilla/5.0 (X11; Linux x86_64) AppleWebKit/537.36 (KHTML, like Gecko) Chrome/90.0.4430.93 Safari/537.36" 
112.79.206.234 - - [07/May/2021:09:36:11 -0700] "GET /css/style.css HTTP/1.1" 404 305 "http://www.secrepo.com/" "Mozilla/5.0 (X11; Linux x86_64) AppleWebKit/537.36 (KHTML, like Gecko) Chrome/90.0.4430.93 Safari/537.36" 
112.79.206.234 - - [07/May/2021:09:36:13 -0700] "GET /twitter-icon.png HTTP/1.1" 200 27893 "http://www.secrepo.com/" "Mozilla/5.0 (X11; Linux x86_64) AppleWebKit/537.36 (KHTML, like Gecko) Chrome/90.0.4430.93 Safari/537.36" 
112.79.206.234 - - [07/May/2021:09:36:15 -0700] "GET /GitHub-Mark.png HTTP/1.1" 200 7556 "http://www.secrepo.com/" "Mozilla/5.0 (X11; Linux x86_64) AppleWebKit/537.36 (KHTML, like Gecko) Chrome/90.0.4430.93 Safari/537.36" 
112.79.206.234 - - [07/May/2021:09:36:23 -0700] "GET /bootstrap/img/favicon.ico HTTP/1.1" 200 713 "http://www.secrepo.com/" "Mozilla/5.0 (X11; Linux x86_64) AppleWebKit/537.36 (KHTML, like Gecko) Chrome/90.0.4430.93 Safari/537.36" 
54.36.148.17 - - [07/May/2021:09:36:44 -0700] "GET /self.logs/2016/access.log.2016-04-01.gz HTTP/1.1" 200 7675 "-" "Mozilla/5.0 (compatible; AhrefsBot/7.0; +http://ahrefs.com/robot/)" 
54.36.149.61 - - [07/May/2021:09:37:43 -0700] "GET /self.logs/access.log.2017-03-23.gz HTTP/1.1" 200 17145 "-" "Mozilla/5.0 (compatible; AhrefsBot/7.0; +http://ahrefs.com/robot/)" 
54.36.149.61 - - [07/May/2021:09:38:43 -0700] "GET /self.logs/error.log.2017-09-12.gz HTTP/1.1" 200 1511 "-" "Mozilla/5.0 (compatible; AhrefsBot/7.0; +http://ahrefs.com/robot/)" 
114.119.159.40 - - [07/May/2021:09:39:14 -0700] "GET /self.logs/error.log.2018-09-04.gz HTTP/1.1" 200 9713 "-" "Mozilla/5.0 (Linux; Android 7.0;) AppleWebKit/537.36 (KHTML, like Gecko) Mobile Safari/537.36 (compatible; PetalBot;+https://webmaster.petalsearch.com/site/petalbot)" 
54.36.148.17 - - [07/May/2021:09:39:48 -0700] "GET /self.logs/access.log.2017-06-09.gz HTTP/1.1" 200 26500 "-" "Mozilla/5.0 (compatible; AhrefsBot/7.0; +http://ahrefs.com/robot/)" 
54.36.149.82 - - [07/May/2021:09:40:52 -0700] "GET /self.logs/2016/error.log.2016-03-09.gz HTTP/1.1" 200 858 "-" "Mozilla/5.0 (compatible; AhrefsBot/7.0; +http://ahrefs.com/robot/)" 
54.36.148.237 - - [07/May/2021:09:41:23 -0700] "GET /self.logs/access.log.2017-12-13.gz HTTP/1.1" 200 32498 "-" "Mozilla/5.0 (compatible; AhrefsBot/7.0; +http://ahrefs.com/robot/)" 
54.36.148.232 - - [07/May/2021:09:41:53 -0700] "GET /self.logs/access.log.2019-10-06.gz HTTP/1.1" 200 16424 "-" "Mozilla/5.0 (compatible; AhrefsBot/7.0; +http://ahrefs.com/robot/)" 
109.74.201.130 - - [07/May/2021:09:41:56 -0700] "HEAD / HTTP/1.1" 301 223 "-" "PageThing http://pagething.com" 
109.74.201.130 - - [07/May/2021:09:41:56 -0700] "HEAD / HTTP/1.1" 200 396 "-" "PageThing http://pagething.com" 
213.168.249.115 - - [07/May/2021:09:41:57 -0700] "GET / HTTP/1.1" 301 419 "-" "PageThing http://pagething.com" 
213.168.249.115 - - [07/May/2021:09:41:58 -0700] "GET / HTTP/1.1" 200 12837 "-" "PageThing http://pagething.com" 
54.36.149.59 - - [07/May/2021:09:42:25 -0700] "GET /self.logs/access.log.2018-02-24.gz HTTP/1.1" 200 24192 "-" "Mozilla/5.0 (compatible; AhrefsBot/7.0; +http://ahrefs.com/robot/)" 
54.36.149.61 - - [07/May/2021:09:42:56 -0700] "GET /self.logs/access.log.2018-09-05.gz HTTP/1.1" 200 24880 "-" "Mozilla/5.0 (compatible; AhrefsBot/7.0; +http://ahrefs.com/robot/)" 
54.36.149.61 - - [07/May/2021:09:43:25 -0700] "GET /self.logs/access.log.2020-02-19.gz HTTP/1.1" 200 15897 "-" "Mozilla/5.0 (compatible; AhrefsBot/7.0; +http://ahrefs.com/robot/)" 
54.36.148.17 - - [07/May/2021:09:43:57 -0700] "GET /self.logs/2016/access.log.2016-12-14.gz HTTP/1.1" 200 7203 "-" "Mozilla/5.0 (compatible; AhrefsBot/7.0; +http://ahrefs.com/robot/)" 
54.36.149.100 - - [07/May/2021:09:44:27 -0700] "GET /self.logs/2016/access.log.2016-04-02.gz HTTP/1.1" 200 19996 "-" "Mozilla/5.0 (compatible; AhrefsBot/7.0; +http://ahrefs.com/robot/)" 
114.119.144.30 - - [07/May/2021:09:44:52 -0700] "GET /self.logs/error.log.2018-12-13.gz HTTP/1.1" 200 6768 "-" "Mozilla/5.0 (Linux; Android 7.0;) AppleWebKit/537.36 (KHTML, like Gecko) Mobile Safari/537.36 (compatible; PetalBot;+https://webmaster.petalsearch.com/site/petalbot)" 
54.36.148.119 - - [07/May/2021:09:45:00 -0700] "GET /self.logs/error.log.2019-12-05.gz HTTP/1.1" 200 1082 "-" "Mozilla/5.0 (compatible; AhrefsBot/7.0; +http://ahrefs.com/robot/)" 
54.36.148.17 - - [07/May/2021:09:45:36 -0700] "GET /self.logs/error.log.2018-02-16.gz HTTP/1.1" 200 5257 "-" "Mozilla/5.0 (compatible; AhrefsBot/7.0; +http://ahrefs.com/robot/)" 
54.36.149.61 - - [07/May/2021:09:46:09 -0700] "GET /self.logs/access.log.2017-08-18.gz HTTP/1.1" 200 15426 "-" "Mozilla/5.0 (compatible; AhrefsBot/7.0; +http://ahrefs.com/robot/)" 
54.36.149.61 - - [07/May/2021:09:46:41 -0700] "GET /self.logs/error.log.2017-12-31.gz HTTP/1.1" 200 2565 "-" "Mozilla/5.0 (compatible; AhrefsBot/7.0; +http://ahrefs.com/robot/)" 
54.36.149.61 - - [07/May/2021:09:47:13 -0700] "GET /self.logs/2016/access.log.2016-04-16.gz HTTP/1.1" 200 9833 "-" "Mozilla/5.0 (compatible; AhrefsBot/7.0; +http://ahrefs.com/robot/)" 
54.36.148.17 - - [07/May/2021:09:47:45 -0700] "GET /self.logs/access.log.2017-07-24.gz HTTP/1.1" 200 35760 "-" "Mozilla/5.0 (compatible; AhrefsBot/7.0; +http://ahrefs.com/robot/)" 
51.77.205.250 - - [07/May/2021:09:48:18 -0700] "GET /honeypot/BSidesDFW%20-%202014.ipynb HTTP/1.1" 200 930877 "-" "Tornado-Async-Client" 
54.36.149.61 - - [07/May/2021:09:48:19 -0700] "GET /self.logs/access.log.2020-04-04.gz HTTP/1.1" 200 24669 "-" "Mozilla/5.0 (compatible; AhrefsBot/7.0; +http://ahrefs.com/robot/)" 
128.149.84.194 - - [07/May/2021:09:48:22 -0700] "GET / HTTP/1.1" 200 12881 "https://www.researchgate.net/" "Mozilla/5.0 (Macintosh; Intel Mac OS X 10_15_7) AppleWebKit/537.36 (KHTML, like Gecko) Chrome/90.0.4430.93 Safari/537.36" 
128.149.84.194 - - [07/May/2021:09:48:22 -0700] "GET /css/style.css HTTP/1.1" 404 305 "http://www.secrepo.com/" "Mozilla/5.0 (Macintosh; Intel Mac OS X 10_15_7) AppleWebKit/537.36 (KHTML, like Gecko) Chrome/90.0.4430.93 Safari/537.36" 
128.149.84.194 - - [07/May/2021:09:48:22 -0700] "GET /twitter-icon.png HTTP/1.1" 200 27916 "http://www.secrepo.com/" "Mozilla/5.0 (Macintosh; Intel Mac OS X 10_15_7) AppleWebKit/537.36 (KHTML, like Gecko) Chrome/90.0.4430.93 Safari/537.36" 
128.149.84.194 - - [07/May/2021:09:48:22 -0700] "GET /GitHub-Mark.png HTTP/1.1" 200 7533 "http://www.secrepo.com/" "Mozilla/5.0 (Macintosh; Intel Mac OS X 10_15_7) AppleWebKit/537.36 (KHTML, like Gecko) Chrome/90.0.4430.93 Safari/537.36" 
128.149.84.194 - - [07/May/2021:09:48:23 -0700] "GET /bootstrap/img/favicon.ico HTTP/1.1" 200 690 "http://www.secrepo.com/" "Mozilla/5.0 (Macintosh; Intel Mac OS X 10_15_7) AppleWebKit/537.36 (KHTML, like Gecko) Chrome/90.0.4430.93 Safari/537.36" 
54.36.149.61 - - [07/May/2021:09:48:52 -0700] "GET /self.logs/2016/error.log.2016-12-25.gz HTTP/1.1" 200 640 "-" "Mozilla/5.0 (compatible; AhrefsBot/7.0; +http://ahrefs.com/robot/)" 
54.36.148.17 - - [07/May/2021:09:49:26 -0700] "GET /self.logs/access.log.2020-02-22.gz HTTP/1.1" 200 13740 "-" "Mozilla/5.0 (compatible; AhrefsBot/7.0; +http://ahrefs.com/robot/)" 
54.36.149.61 - - [07/May/2021:09:49:59 -0700] "GET /self.logs/access.log.2019-08-15.gz HTTP/1.1" 200 24783 "-" "Mozilla/5.0 (compatible; AhrefsBot/7.0; +http://ahrefs.com/robot/)" 
114.119.141.53 - - [07/May/2021:09:50:32 -0700] "GET /self.logs/error.log.2018-04-04.gz HTTP/1.1" 200 10334 "-" "Mozilla/5.0 (Linux; Android 7.0;) AppleWebKit/537.36 (KHTML, like Gecko) Mobile Safari/537.36 (compatible; PetalBot;+https://webmaster.petalsearch.com/site/petalbot)" 
54.36.148.17 - - [07/May/2021:09:50:33 -0700] "GET /self.logs/2016/access.log.2016-10-24.gz HTTP/1.1" 200 10648 "-" "Mozilla/5.0 (compatible; AhrefsBot/7.0; +http://ahrefs.com/robot/)" 
54.36.149.61 - - [07/May/2021:09:51:06 -0700] "GET /self.logs/error.log.2017-11-28.gz HTTP/1.1" 200 2046 "-" "Mozilla/5.0 (compatible; AhrefsBot/7.0; +http://ahrefs.com/robot/)" 
54.36.149.61 - - [07/May/2021:09:51:40 -0700] "GET /self.logs/2016/error.log.2016-03-10.gz HTTP/1.1" 200 879 "-" "Mozilla/5.0 (compatible; AhrefsBot/7.0; +http://ahrefs.com/robot/)" 
2.137.39.207 - - [07/May/2021:09:52:08 -0700] "GET / HTTP/1.1" 200 12881 "-" "Mozilla/5.0 (X11; Linux x86_64; rv:60.0) Gecko/20100101 Firefox/60.0" 
2.137.39.207 - - [07/May/2021:09:52:08 -0700] "GET /css/style.css HTTP/1.1" 404 305 "http://www.secrepo.com/" "Mozilla/5.0 (X11; Linux x86_64; rv:60.0) Gecko/20100101 Firefox/60.0" 
2.137.39.207 - - [07/May/2021:09:52:08 -0700] "GET /twitter-icon.png HTTP/1.1" 200 27893 "http://www.secrepo.com/" "Mozilla/5.0 (X11; Linux x86_64; rv:60.0) Gecko/20100101 Firefox/60.0" 
2.137.39.207 - - [07/May/2021:09:52:08 -0700] "GET /GitHub-Mark.png HTTP/1.1" 200 7556 "http://www.secrepo.com/" "Mozilla/5.0 (X11; Linux x86_64; rv:60.0) Gecko/20100101 Firefox/60.0" 
54.36.148.160 - - [07/May/2021:09:52:12 -0700] "GET /self.logs/2016/access.log.2016-12-15.gz HTTP/1.1" 200 7003 "-" "Mozilla/5.0 (compatible; AhrefsBot/7.0; +http://ahrefs.com/robot/)" 
54.36.149.61 - - [07/May/2021:09:52:44 -0700] "GET /Datasets%20Description/PE_malware/VirusShare.html HTTP/1.1" 200 1607 "-" "Mozilla/5.0 (compatible; AhrefsBot/7.0; +http://ahrefs.com/robot/)" 
54.36.148.17 - - [07/May/2021:09:53:17 -0700] "GET /self.logs/access.log.2020-09-05.gz HTTP/1.1" 200 7669 "-" "Mozilla/5.0 (compatible; AhrefsBot/7.0; +http://ahrefs.com/robot/)" 
54.36.148.212 - - [07/May/2021:09:53:48 -0700] "GET /self.logs/access.log.2019-09-26.gz HTTP/1.1" 200 17707 "-" "Mozilla/5.0 (compatible; AhrefsBot/7.0; +http://ahrefs.com/robot/)" 
54.36.149.61 - - [07/May/2021:09:54:20 -0700] "GET /self.logs/access.log.2020-08-17.gz HTTP/1.1" 200 18912 "-" "Mozilla/5.0 (compatible; AhrefsBot/7.0; +http://ahrefs.com/robot/)" 
178.237.224.11 - - [07/May/2021:09:54:44 -0700] "GET /self.logs/ HTTP/1.1" 200 29251 "-" "Mozilla/5.0 (Windows NT 10.0; Win64; x64) AppleWebKit/537.36 (KHTML, like Gecko) Chrome/90.0.4430.93 Safari/537.36" 
178.237.224.11 - - [07/May/2021:09:54:45 -0700] "GET /favicon.ico HTTP/1.1" 200 368 "http://www.secrepo.com/self.logs/" "Mozilla/5.0 (Windows NT 10.0; Win64; x64) AppleWebKit/537.36 (KHTML, like Gecko) Chrome/90.0.4430.93 Safari/537.36" 
178.237.224.11 - - [07/May/2021:09:54:48 -0700] "GET /self.logs/access.log.2017-02-28.gz HTTP/1.1" 200 21637 "http://www.secrepo.com/self.logs/" "Mozilla/5.0 (Windows NT 10.0; Win64; x64) AppleWebKit/537.36 (KHTML, like Gecko) Chrome/90.0.4430.93 Safari/537.36" 
54.36.148.17 - - [07/May/2021:09:54:51 -0700] "GET /self.logs/2016/error.log.2016-06-22.gz HTTP/1.1" 200 964 "-" "Mozilla/5.0 (compatible; AhrefsBot/7.0; +http://ahrefs.com/robot/)" 
54.36.149.61 - - [07/May/2021:09:55:21 -0700] "GET /self.logs/access.log.2017-08-15.gz HTTP/1.1" 200 57646 "-" "Mozilla/5.0 (compatible; AhrefsBot/7.0; +http://ahrefs.com/robot/)" 
54.36.148.47 - - [07/May/2021:09:55:52 -0700] "GET /self.logs/access.log.2020-01-13.gz HTTP/1.1" 200 18019 "-" "Mozilla/5.0 (compatible; AhrefsBot/7.0; +http://ahrefs.com/robot/)" 
54.36.148.229 - - [07/May/2021:09:56:24 -0700] "GET /self.logs/error.log.2019-02-21.gz HTTP/1.1" 200 3794 "-" "Mozilla/5.0 (compatible; AhrefsBot/7.0; +http://ahrefs.com/robot/)" 
114.119.155.228 - - [07/May/2021:09:56:48 -0700] "GET /self.logs/access.log.2019-10-11.gz HTTP/1.1" 200 23032 "-" "Mozilla/5.0 (Linux; Android 7.0;) AppleWebKit/537.36 (KHTML, like Gecko) Mobile Safari/537.36 (compatible; PetalBot;+https://webmaster.petalsearch.com/site/petalbot)" 
54.36.148.17 - - [07/May/2021:09:56:55 -0700] "GET /self.logs/2016/access.log.2016-04-17.gz HTTP/1.1" 200 8987 "-" "Mozilla/5.0 (compatible; AhrefsBot/7.0; +http://ahrefs.com/robot/)" 
54.36.149.61 - - [07/May/2021:09:57:28 -0700] "GET /self.logs/error.log.2020-01-05.gz HTTP/1.1" 200 926 "-" "Mozilla/5.0 (compatible; AhrefsBot/7.0; +http://ahrefs.com/robot/)" 
54.36.149.61 - - [07/May/2021:09:58:02 -0700] "GET /self.logs/error.log.2017-05-09.gz HTTP/1.1" 200 936 "-" "Mozilla/5.0 (compatible; AhrefsBot/7.0; +http://ahrefs.com/robot/)" 
54.36.149.61 - - [07/May/2021:09:58:32 -0700] "GET /self.logs/2016/access.log.2016-11-11.gz HTTP/1.1" 200 7854 "-" "Mozilla/5.0 (compatible; AhrefsBot/7.0; +http://ahrefs.com/robot/)" 
54.36.149.61 - - [07/May/2021:09:59:01 -0700] "GET /self.logs/2016/access.log.2016-09-02.gz HTTP/1.1" 200 8344 "-" "Mozilla/5.0 (compatible; AhrefsBot/7.0; +http://ahrefs.com/robot/)" 
54.36.149.61 - - [07/May/2021:09:59:33 -0700] "GET /self.logs/error.log.2018-12-23.gz HTTP/1.1" 200 2995 "-" "Mozilla/5.0 (compatible; AhrefsBot/7.0; +http://ahrefs.com/robot/)" 
54.36.149.54 - - [07/May/2021:10:00:02 -0700] "GET /self.logs/2016/error.log.2016-07-29.gz HTTP/1.1" 200 1026 "-" "Mozilla/5.0 (compatible; AhrefsBot/7.0; +http://ahrefs.com/robot/)" 
54.36.149.61 - - [07/May/2021:10:00:36 -0700] "GET /self.logs/error.log.2019-12-09.gz HTTP/1.1" 200 1524 "-" "Mozilla/5.0 (compatible; AhrefsBot/7.0; +http://ahrefs.com/robot/)" 
54.36.148.17 - - [07/May/2021:10:01:40 -0700] "GET /self.logs/2016/access.log.2016-09-21.gz HTTP/1.1" 200 20398 "-" "Mozilla/5.0 (compatible; AhrefsBot/7.0; +http://ahrefs.com/robot/)" 
114.119.159.40 - - [07/May/2021:10:02:06 -0700] "GET /self.logs/2015/access.log.2015-04-29.gz HTTP/1.1" 200 5290 "-" "Mozilla/5.0 (Linux; Android 7.0;) AppleWebKit/537.36 (KHTML, like Gecko) Mobile Safari/537.36 (compatible; PetalBot;+https://webmaster.petalsearch.com/site/petalbot)" 
54.36.149.61 - - [07/May/2021:10:02:39 -0700] "GET /self.logs/access.log.2019-09-23.gz HTTP/1.1" 200 22406 "-" "Mozilla/5.0 (compatible; AhrefsBot/7.0; +http://ahrefs.com/robot/)" 
40.77.167.32 - - [07/May/2021:10:03:20 -0700] "GET /self.logs/access.log.2021-03-13.gz HTTP/1.1" 200 21306 "-" "Mozilla/5.0 (compatible; bingbot/2.0; +http://www.bing.com/bingbot.htm)" 
54.36.148.17 - - [07/May/2021:10:03:43 -0700] "GET /self.logs/2016/access.log.2016-04-18.gz HTTP/1.1" 200 9170 "-" "Mozilla/5.0 (compatible; AhrefsBot/7.0; +http://ahrefs.com/robot/)" 
54.36.148.17 - - [07/May/2021:10:04:46 -0700] "GET /self.logs/error.log.2020-03-05 HTTP/1.1" 200 307 "-" "Mozilla/5.0 (compatible; AhrefsBot/7.0; +http://ahrefs.com/robot/)" 
54.36.148.196 - - [07/May/2021:10:05:50 -0700] "GET /self.logs/2016/access.log.2016-04-12.gz HTTP/1.1" 200 8815 "-" "Mozilla/5.0 (compatible; AhrefsBot/7.0; +http://ahrefs.com/robot/)" 
54.36.148.17 - - [07/May/2021:10:06:54 -0700] "GET /self.logs/2016/error.log.2016-12-21.gz HTTP/1.1" 200 1353 "-" "Mozilla/5.0 (compatible; AhrefsBot/7.0; +http://ahrefs.com/robot/)" 
52.158.174.252 - - [07/May/2021:10:07:27 -0700] "GET /&sa=D&source=editors&ust=1619832031237000&usg=AFQjCNGbxJURvoeLOWuFVg30IzFmVE6gag HTTP/1.1" 404 328 "https://www.google.com/" "Mozilla/5.0 (Linux; Android 10; SM-G960U) AppleWebKit/537.36 (KHTML, like Gecko) Chrome/88.0.4324.181 Mobile Safari/537.36" 
54.36.148.185 - - [07/May/2021:10:07:55 -0700] "GET /self.logs/error.log.2020-05-22 HTTP/1.1" 200 307 "-" "Mozilla/5.0 (compatible; AhrefsBot/7.0; +http://ahrefs.com/robot/)" 
54.36.149.61 - - [07/May/2021:10:08:58 -0700] "GET /self.logs/2016/error.log.2016-06-24.gz HTTP/1.1" 200 1381 "-" "Mozilla/5.0 (compatible; AhrefsBot/7.0; +http://ahrefs.com/robot/)" 
207.46.13.101 - - [07/May/2021:10:09:24 -0700] "GET /self.logs/access.log.2021-04-04.gz HTTP/1.1" 200 21028 "-" "Mozilla/5.0 (compatible; bingbot/2.0; +http://www.bing.com/bingbot.htm)" 
54.36.148.249 - - [07/May/2021:10:10:00 -0700] "GET /self.logs/access.log.2017-03-25.gz HTTP/1.1" 200 13543 "-" "Mozilla/5.0 (compatible; AhrefsBot/7.0; +http://ahrefs.com/robot/)" 
3.239.6.86 - - [07/May/2021:10:10:45 -0700] "GET / HTTP/1.1" 301 475 "-" "python-requests/2.18.1" 
3.239.6.86 - - [07/May/2021:10:10:45 -0700] "GET / HTTP/1.1" 200 12881 "-" "python-requests/2.18.1" 
3.239.6.86 - - [07/May/2021:10:10:45 -0700] "GET / HTTP/1.1" 200 12881 "-" "python-requests/2.18.1" 
3.239.6.86 - - [07/May/2021:10:10:45 -0700] "GET / HTTP/1.1" 200 12881 "-" "python-requests/2.18.1" 
54.36.148.166 - - [07/May/2021:10:11:12 -0700] "GET /self.logs/2016/access.log.2016-12-18.gz HTTP/1.1" 200 10090 "-" "Mozilla/5.0 (compatible; AhrefsBot/7.0; +http://ahrefs.com/robot/)" 
54.36.148.13 - - [07/May/2021:10:12:16 -0700] "GET /self.logs/2016/access.log.2016-04-21.gz HTTP/1.1" 200 23645 "-" "Mozilla/5.0 (compatible; AhrefsBot/7.0; +http://ahrefs.com/robot/)" 
54.36.149.61 - - [07/May/2021:10:12:50 -0700] "GET /self.logs/access.log.2017-07-18.gz HTTP/1.1" 200 20400 "-" "Mozilla/5.0 (compatible; AhrefsBot/7.0; +http://ahrefs.com/robot/)" 
114.119.159.40 - - [07/May/2021:10:13:21 -0700] "GET /self.logs/2015/error.log.2015-10-16.gz HTTP/1.1" 200 874 "-" "Mozilla/5.0 (Linux; Android 7.0;) AppleWebKit/537.36 (KHTML, like Gecko) Mobile Safari/537.36 (compatible; PetalBot;+https://webmaster.petalsearch.com/site/petalbot)" 
54.36.149.61 - - [07/May/2021:10:13:21 -0700] "GET /self.logs/access.log.2020-06-09.gz HTTP/1.1" 200 13319 "-" "Mozilla/5.0 (compatible; AhrefsBot/7.0; +http://ahrefs.com/robot/)" 
54.36.148.17 - - [07/May/2021:10:13:53 -0700] "GET /self.logs/error.log.2018-10-22.gz HTTP/1.1" 200 4916 "-" "Mozilla/5.0 (compatible; AhrefsBot/7.0; +http://ahrefs.com/robot/)" 
54.36.149.61 - - [07/May/2021:10:14:24 -0700] "GET /self.logs/2016/error.log.2016-12-17.gz HTTP/1.1" 200 811 "-" "Mozilla/5.0 (compatible; AhrefsBot/7.0; +http://ahrefs.com/robot/)" 
54.36.149.61 - - [07/May/2021:10:14:54 -0700] "GET /self.logs/2016/error.log.2016-05-09.gz HTTP/1.1" 200 671 "-" "Mozilla/5.0 (compatible; AhrefsBot/7.0; +http://ahrefs.com/robot/)" 
54.36.148.17 - - [07/May/2021:10:15:24 -0700] "GET /self.logs/error.log.2019-08-17.gz HTTP/1.1" 200 1429 "-" "Mozilla/5.0 (compatible; AhrefsBot/7.0; +http://ahrefs.com/robot/)" 
54.36.149.61 - - [07/May/2021:10:15:57 -0700] "GET /self.logs/access.log.2020-03-31.gz HTTP/1.1" 200 13578 "-" "Mozilla/5.0 (compatible; AhrefsBot/7.0; +http://ahrefs.com/robot/)" 
54.36.149.61 - - [07/May/2021:10:16:33 -0700] "GET /self.logs/access.log.2017-06-17.gz HTTP/1.1" 200 36112 "-" "Mozilla/5.0 (compatible; AhrefsBot/7.0; +http://ahrefs.com/robot/)" 
54.36.148.122 - - [07/May/2021:10:17:04 -0700] "GET /self.logs/access.log.2018-05-25.gz HTTP/1.1" 200 18859 "-" "Mozilla/5.0 (compatible; AhrefsBot/7.0; +http://ahrefs.com/robot/)" 
54.36.148.199 - - [07/May/2021:10:17:35 -0700] "GET /self.logs/2016/access.log.2016-04-13.gz HTTP/1.1" 200 16195 "-" "Mozilla/5.0 (compatible; AhrefsBot/7.0; +http://ahrefs.com/robot/)" 
54.36.149.61 - - [07/May/2021:10:18:09 -0700] "GET /self.logs/error.log.2019-09-03.gz HTTP/1.1" 200 2066 "-" "Mozilla/5.0 (compatible; AhrefsBot/7.0; +http://ahrefs.com/robot/)" 
54.36.149.61 - - [07/May/2021:10:18:41 -0700] "GET /self.logs/error.log.2018-12-16.gz HTTP/1.1" 200 6254 "-" "Mozilla/5.0 (compatible; AhrefsBot/7.0; +http://ahrefs.com/robot/)" 
54.36.149.21 - - [07/May/2021:10:19:13 -0700] "GET /self.logs/2016/error.log.2016-03-11.gz HTTP/1.1" 200 910 "-" "Mozilla/5.0 (compatible; AhrefsBot/7.0; +http://ahrefs.com/robot/)" 
54.36.149.61 - - [07/May/2021:10:19:44 -0700] "GET /self.logs/error.log.2019-01-18.gz HTTP/1.1" 200 3916 "-" "Mozilla/5.0 (compatible; AhrefsBot/7.0; +http://ahrefs.com/robot/)" 
54.36.148.17 - - [07/May/2021:10:20:20 -0700] "GET /self.logs/2016/access.log.2016-04-22.gz HTTP/1.1" 200 8038 "-" "Mozilla/5.0 (compatible; AhrefsBot/7.0; +http://ahrefs.com/robot/)" 
54.36.148.17 - - [07/May/2021:10:20:53 -0700] "GET /self.logs/error.log.2017-07-23.gz HTTP/1.1" 200 792 "-" "Mozilla/5.0 (compatible; AhrefsBot/7.0; +http://ahrefs.com/robot/)" 
54.36.148.17 - - [07/May/2021:10:21:25 -0700] "GET /self.logs/access.log.2017-05-03.gz HTTP/1.1" 200 29011 "-" "Mozilla/5.0 (compatible; AhrefsBot/7.0; +http://ahrefs.com/robot/)" 
54.36.149.57 - - [07/May/2021:10:22:29 -0700] "GET /self.logs/2016/access.log.2016-04-26.gz HTTP/1.1" 200 8229 "-" "Mozilla/5.0 (compatible; AhrefsBot/7.0; +http://ahrefs.com/robot/)" 
54.36.148.17 - - [07/May/2021:10:23:34 -0700] "GET /self.logs/access.log.2020-03-01.gz HTTP/1.1" 200 13085 "-" "Mozilla/5.0 (compatible; AhrefsBot/7.0; +http://ahrefs.com/robot/)" 
54.36.148.88 - - [07/May/2021:10:24:39 -0700] "GET /self.logs/error.log.2017-02-15.gz HTTP/1.1" 200 842 "-" "Mozilla/5.0 (compatible; AhrefsBot/7.0; +http://ahrefs.com/robot/)" 
114.119.150.248 - - [07/May/2021:10:25:01 -0700] "GET /self.logs/access.log.2019-10-03.gz HTTP/1.1" 200 25459 "-" "Mozilla/5.0 (Linux; Android 7.0;) AppleWebKit/537.36 (KHTML, like Gecko) Mobile Safari/537.36 (compatible; PetalBot;+https://webmaster.petalsearch.com/site/petalbot)" 
54.36.148.17 - - [07/May/2021:10:25:44 -0700] "GET /self.logs/access.log.2018-04-09.gz HTTP/1.1" 200 30368 "-" "Mozilla/5.0 (compatible; AhrefsBot/7.0; +http://ahrefs.com/robot/)" 
54.36.149.61 - - [07/May/2021:10:26:47 -0700] "GET /self.logs/2016/access.log.2016-02-28.gz HTTP/1.1" 200 9432 "-" "Mozilla/5.0 (compatible; AhrefsBot/7.0; +http://ahrefs.com/robot/)" 
54.36.148.17 - - [07/May/2021:10:27:50 -0700] "GET /self.logs/2016/access.log.2016-08-21.gz HTTP/1.1" 200 7835 "-" "Mozilla/5.0 (compatible; AhrefsBot/7.0; +http://ahrefs.com/robot/)" 
54.36.148.91 - - [07/May/2021:10:28:54 -0700] "GET /self.logs/error.log.2018-10-21.gz HTTP/1.1" 200 5150 "-" "Mozilla/5.0 (compatible; AhrefsBot/7.0; +http://ahrefs.com/robot/)" 
54.36.149.61 - - [07/May/2021:10:29:58 -0700] "GET /self.logs/2016/error.log.2016-06-28.gz HTTP/1.1" 200 1097 "-" "Mozilla/5.0 (compatible; AhrefsBot/7.0; +http://ahrefs.com/robot/)" 
114.119.159.101 - - [07/May/2021:10:30:29 -0700] "GET /self.logs/error.log.2017-07-02.gz HTTP/1.1" 200 805 "-" "Mozilla/5.0 (Linux; Android 7.0;) AppleWebKit/537.36 (KHTML, like Gecko) Mobile Safari/537.36 (compatible; PetalBot;+https://webmaster.petalsearch.com/site/petalbot)" 
54.36.149.61 - - [07/May/2021:10:31:10 -0700] "GET /self.logs/2016/access.log.2016-04-30.gz HTTP/1.1" 200 7634 "-" "Mozilla/5.0 (compatible; AhrefsBot/7.0; +http://ahrefs.com/robot/)" 
54.36.149.61 - - [07/May/2021:10:32:15 -0700] "GET /self.logs/2016/access.log.2016-03-09.gz HTTP/1.1" 200 8379 "-" "Mozilla/5.0 (compatible; AhrefsBot/7.0; +http://ahrefs.com/robot/)" 
54.36.148.17 - - [07/May/2021:10:33:17 -0700] "GET /self.logs/2016/access.log.2016-05-02.gz HTTP/1.1" 200 11138 "-" "Mozilla/5.0 (compatible; AhrefsBot/7.0; +http://ahrefs.com/robot/)" 
54.36.149.61 - - [07/May/2021:10:33:46 -0700] "GET /self.logs/error.log.2018-08-02.gz HTTP/1.1" 200 8658 "-" "Mozilla/5.0 (compatible; AhrefsBot/7.0; +http://ahrefs.com/robot/)" 
54.36.148.17 - - [07/May/2021:10:34:17 -0700] "GET /self.logs/2016/error.log.2016-06-29.gz HTTP/1.1" 200 1197 "-" "Mozilla/5.0 (compatible; AhrefsBot/7.0; +http://ahrefs.com/robot/)" 
54.36.148.17 - - [07/May/2021:10:34:45 -0700] "GET /self.logs/2016/error.log.2016-12-19.gz HTTP/1.1" 200 704 "-" "Mozilla/5.0 (compatible; AhrefsBot/7.0; +http://ahrefs.com/robot/)" 
54.36.148.17 - - [07/May/2021:10:35:16 -0700] "GET /self.logs/2016/access.log.2016-05-03.gz HTTP/1.1" 200 8763 "-" "Mozilla/5.0 (compatible; AhrefsBot/7.0; +http://ahrefs.com/robot/)" 
54.36.148.17 - - [07/May/2021:10:35:47 -0700] "GET /self.logs/2016/access.log.2016-05-04.gz HTTP/1.1" 200 17129 "-" "Mozilla/5.0 (compatible; AhrefsBot/7.0; +http://ahrefs.com/robot/)" 
54.36.148.17 - - [07/May/2021:10:36:19 -0700] "GET /self.logs/2016/error.log.2016-10-03.gz HTTP/1.1" 200 691 "-" "Mozilla/5.0 (compatible; AhrefsBot/7.0; +http://ahrefs.com/robot/)" 
114.119.150.248 - - [07/May/2021:10:36:38 -0700] "GET /self.logs/error.log.2020-12-14 HTTP/1.1" 200 351 "-" "Mozilla/5.0 (Linux; Android 7.0;) AppleWebKit/537.36 (KHTML, like Gecko) Mobile Safari/537.36 (compatible; PetalBot;+https://webmaster.petalsearch.com/site/petalbot)" 
54.36.149.61 - - [07/May/2021:10:36:52 -0700] "GET /self.logs/2016/access.log.2016-02-05.gz HTTP/1.1" 200 5675 "-" "Mozilla/5.0 (compatible; AhrefsBot/7.0; +http://ahrefs.com/robot/)" 
54.36.148.17 - - [07/May/2021:10:37:24 -0700] "GET /self.logs/error.log.2018-05-06.gz HTTP/1.1" 200 5159 "-" "Mozilla/5.0 (compatible; AhrefsBot/7.0; +http://ahrefs.com/robot/)" 
54.36.148.17 - - [07/May/2021:10:37:55 -0700] "GET /self.logs/2016/access.log.2016-12-21.gz HTTP/1.1" 200 10562 "-" "Mozilla/5.0 (compatible; AhrefsBot/7.0; +http://ahrefs.com/robot/)" 
54.36.148.17 - - [07/May/2021:10:38:26 -0700] "GET /self.logs/access.log.2019-03-23.gz HTTP/1.1" 200 27667 "-" "Mozilla/5.0 (compatible; AhrefsBot/7.0; +http://ahrefs.com/robot/)" 
54.36.148.17 - - [07/May/2021:10:38:57 -0700] "GET /self.logs/2016/error.log.2016-03-20.gz HTTP/1.1" 200 910 "-" "Mozilla/5.0 (compatible; AhrefsBot/7.0; +http://ahrefs.com/robot/)" 
54.36.148.17 - - [07/May/2021:10:39:30 -0700] "GET /self.logs/error.log.2017-09-22.gz HTTP/1.1" 200 2585 "-" "Mozilla/5.0 (compatible; AhrefsBot/7.0; +http://ahrefs.com/robot/)" 
54.36.149.61 - - [07/May/2021:10:40:37 -0700] "GET /self.logs/access.log.2020-08-08.gz HTTP/1.1" 200 14923 "-" "Mozilla/5.0 (compatible; AhrefsBot/7.0; +http://ahrefs.com/robot/)" 
52.179.162.94 - - [07/May/2021:10:41:06 -0700] "GET / HTTP/1.1" 200 12837 "-" "awesome_bot" 
54.36.149.61 - - [07/May/2021:10:41:38 -0700] "GET /self.logs/2016/error.log.2016-12-30.gz HTTP/1.1" 200 668 "-" "Mozilla/5.0 (compatible; AhrefsBot/7.0; +http://ahrefs.com/robot/)" 
54.36.149.104 - - [07/May/2021:10:42:43 -0700] "GET /self.logs/2016/access.log.2016-10-28.gz HTTP/1.1" 200 7337 "-" "Mozilla/5.0 (compatible; AhrefsBot/7.0; +http://ahrefs.com/robot/)" 
107.145.220.109 - - [07/May/2021:10:43:21 -0700] "GET /robots.txt HTTP/1.1" 200 377 "-" "Screaming Frog SEO Spider/15.1" 
107.145.220.109 - - [07/May/2021:10:43:22 -0700] "GET / HTTP/1.1" 200 12881 "-" "Screaming Frog SEO Spider/15.1" 
54.36.149.61 - - [07/May/2021:10:43:43 -0700] "GET /self.logs/error.log.2018-10-19.gz HTTP/1.1" 200 4354 "-" "Mozilla/5.0 (compatible; AhrefsBot/7.0; +http://ahrefs.com/robot/)" 
54.36.148.181 - - [07/May/2021:10:44:49 -0700] "GET /self.logs/2016/access.log.2016-12-22.gz HTTP/1.1" 200 16551 "-" "Mozilla/5.0 (compatible; AhrefsBot/7.0; +http://ahrefs.com/robot/)" 
34.243.119.255 - - [07/May/2021:10:45:20 -0700] "GET / HTTP/1.1" 301 438 "-" "Mozilla/5.0 (Macintosh; Intel Mac OS X 10.15; rv:81.0) Gecko/20100101 Firefox/81.0" 
34.243.119.255 - - [07/May/2021:10:45:21 -0700] "GET / HTTP/1.1" 200 12843 "http://66.33.221.139" "Mozilla/5.0 (Macintosh; Intel Mac OS X 10.15; rv:81.0) Gecko/20100101 Firefox/81.0" 
69.147.92.87 - - [07/May/2021:10:45:23 -0700] "GET /bootstrap/img/favicon.ico HTTP/1.1" 200 669 "-" "YahooMailProxy; https://help.yahoo.com/kb/yahoo-mail-proxy-SLN28749.html" 
54.36.148.0 - - [07/May/2021:10:45:53 -0700] "GET /self.logs/error.log.2021-01-23.gz HTTP/1.1" 200 1123 "-" "Mozilla/5.0 (compatible; AhrefsBot/7.0; +http://ahrefs.com/robot/)" 
54.36.148.251 - - [07/May/2021:10:48:00 -0700] "GET /Datasets%20Description/HTML_Bro_log_3/dns.html HTTP/1.1" 200 1786 "-" "Mozilla/5.0 (compatible; AhrefsBot/7.0; +http://ahrefs.com/robot/)" 
114.119.159.40 - - [07/May/2021:10:48:22 -0700] "GET /self.logs/error.log.2020-02-01 HTTP/1.1" 200 351 "-" "Mozilla/5.0 (Linux; Android 7.0;) AppleWebKit/537.36 (KHTML, like Gecko) Mobile Safari/537.36 (compatible; PetalBot;+https://webmaster.petalsearch.com/site/petalbot)" 
52.158.175.164 - - [07/May/2021:10:49:42 -0700] "GET / HTTP/1.1" 301 475 "https://www.google.com/" "Mozilla/5.0 (Linux; Android 10; SM-G960U) AppleWebKit/537.36 (KHTML, like Gecko) Chrome/88.0.4324.181 Mobile Safari/537.36" 
52.158.175.164 - - [07/May/2021:10:49:42 -0700] "GET / HTTP/1.1" 200 12880 "https://www.google.com/" "Mozilla/5.0 (Linux; Android 10; SM-G960U) AppleWebKit/537.36 (KHTML, like Gecko) Chrome/88.0.4324.181 Mobile Safari/537.36" 
54.36.148.187 - - [07/May/2021:10:50:05 -0700] "GET /self.logs/2016/access.log.2016-05-06.gz HTTP/1.1" 200 8480 "-" "Mozilla/5.0 (compatible; AhrefsBot/7.0; +http://ahrefs.com/robot/)" 
54.36.149.61 - - [07/May/2021:10:52:08 -0700] "GET /self.logs/2016/access.log.2016-12-25.gz HTTP/1.1" 200 8700 "-" "Mozilla/5.0 (compatible; AhrefsBot/7.0; +http://ahrefs.com/robot/)" 
211.249.246.226 - - [07/May/2021:10:53:12 -0700] "GET /robots.txt HTTP/1.1" 200 340 "-" "Mozilla/5.0 (compatible; Daum/4.1; +http://cs.daum.net/faq/15/4118.html?faqId=28966)" 
211.249.246.226 - - [07/May/2021:10:53:12 -0700] "GET /scada/scada_logs.zip HTTP/1.1" 200 364975 "-" "Mozilla/5.0 (compatible; Daum/4.1; +http://cs.daum.net/faq/15/4118.html?faqId=28966)" 
211.249.246.226 - - [07/May/2021:10:53:27 -0700] "GET /scada/scada_logs.zip HTTP/1.1" 200 364975 "-" "Mozilla/5.0 (compatible; Daum/4.1; +http://cs.daum.net/faq/15/4118.html?faqId=28966)" 
211.249.246.226 - - [07/May/2021:10:53:43 -0700] "GET /scada/scada_logs.zip HTTP/1.1" 200 364975 "-" "Mozilla/5.0 (compatible; Daum/4.1; +http://cs.daum.net/faq/15/4118.html?faqId=28966)" 
211.249.246.226 - - [07/May/2021:10:53:58 -0700] "GET /scada/scada_logs.zip HTTP/1.1" 200 364975 "-" "Mozilla/5.0 (compatible; Daum/4.1; +http://cs.daum.net/faq/15/4118.html?faqId=28966)" 
54.36.149.61 - - [07/May/2021:10:54:09 -0700] "GET /self.logs/access.log.2020-09-03.gz HTTP/1.1" 200 9624 "-" "Mozilla/5.0 (compatible; AhrefsBot/7.0; +http://ahrefs.com/robot/)" 
114.119.130.95 - - [07/May/2021:10:54:18 -0700] "GET /self.logs/access.log.2017-05-20.gz HTTP/1.1" 200 21699 "-" "Mozilla/5.0 (Linux; Android 7.0;) AppleWebKit/537.36 (KHTML, like Gecko) Mobile Safari/537.36 (compatible; PetalBot;+https://webmaster.petalsearch.com/site/petalbot)" 
54.36.149.61 - - [07/May/2021:10:55:10 -0700] "GET /self.logs/2016/access.log.2016-03-14.gz HTTP/1.1" 200 13569 "-" "Mozilla/5.0 (compatible; AhrefsBot/7.0; +http://ahrefs.com/robot/)" 
54.36.148.17 - - [07/May/2021:10:56:13 -0700] "GET /self.logs/access.log.2020-05-19.gz HTTP/1.1" 200 12535 "-" "Mozilla/5.0 (compatible; AhrefsBot/7.0; +http://ahrefs.com/robot/)" 
54.36.149.78 - - [07/May/2021:10:57:19 -0700] "GET /self.logs/2016/error.log.2016-01-14.gz HTTP/1.1" 200 695 "-" "Mozilla/5.0 (compatible; AhrefsBot/7.0; +http://ahrefs.com/robot/)" 
54.36.148.224 - - [07/May/2021:10:58:23 -0700] "GET /self.logs/2016/access.log.2016-12-20.gz HTTP/1.1" 200 21476 "-" "Mozilla/5.0 (compatible; AhrefsBot/7.0; +http://ahrefs.com/robot/)" 
