159.31.1.1 - - [04/Jan/2023:05:41:15 -0800] "GET /twitter-icon.png HTTP/1.1" 200 27903 "http://www.secrepo.com/" "Mozilla/5.0 (Macintosh; Intel Mac OS X 10_15_7) AppleWebKit/537.36 (KHTML, like Gecko) Chrome/108.0.0.0 Safari/537.36" 
159.31.1.1 - - [04/Jan/2023:05:41:15 -0800] "GET /GitHub-Mark.png HTTP/1.1" 200 7566 "http://www.secrepo.com/" "Mozilla/5.0 (Macintosh; Intel Mac OS X 10_15_7) AppleWebKit/537.36 (KHTML, like Gecko) Chrome/108.0.0.0 Safari/537.36" 
154.54.249.160 - - [04/Jan/2023:05:41:15 -0800] "GET /self.logs/2015/?C=D;O=A HTTP/1.1" 200 7594 "-" "Mozilla/5.0 (compatible; Barkrowler/0.9; +https://babbar.tech/crawler)" 
159.31.1.1 - - [04/Jan/2023:05:41:17 -0800] "GET /bootstrap/img/favicon.ico HTTP/1.1" 200 700 "http://www.secrepo.com/" "Mozilla/5.0 (Macintosh; Intel Mac OS X 10_15_7) AppleWebKit/537.36 (KHTML, like Gecko) Chrome/108.0.0.0 Safari/537.36" 
154.54.249.161 - - [04/Jan/2023:05:42:08 -0800] "GET /self.logs/2015/?C=N;O=D HTTP/1.1" 200 7740 "-" "Mozilla/5.0 (compatible; Barkrowler/0.9; +https://babbar.tech/crawler)" 
154.54.249.15 - - [04/Jan/2023:05:43:00 -0800] "GET /self.logs/2016/?C=M;O=A HTTP/1.1" 200 8002 "-" "Mozilla/5.0 (compatible; Barkrowler/0.9; +https://babbar.tech/crawler)" 
114.119.132.72 - - [04/Jan/2023:05:43:03 -0800] "GET /self.logs/error.log.2020-01-17 HTTP/1.1" 200 361 "http://www.secrepo.com/self.logs?C=N%3BO%3DD" "Mozilla/5.0 (Linux; Android 7.0;) AppleWebKit/537.36 (KHTML, like Gecko) Mobile Safari/537.36 (compatible; PetalBot;+https://webmaster.petalsearch.com/site/petalbot)" 
154.54.249.161 - - [04/Jan/2023:05:43:53 -0800] "GET /self.logs/2016/?C=S;O=A HTTP/1.1" 200 8556 "-" "Mozilla/5.0 (compatible; Barkrowler/0.9; +https://babbar.tech/crawler)" 
154.54.249.15 - - [04/Jan/2023:05:44:46 -0800] "GET /self.logs/2016/?C=D;O=A HTTP/1.1" 200 7833 "-" "Mozilla/5.0 (compatible; Barkrowler/0.9; +https://babbar.tech/crawler)" 
154.54.249.161 - - [04/Jan/2023:05:45:39 -0800] "GET /self.logs/2016/?C=N;O=D HTTP/1.1" 200 8045 "-" "Mozilla/5.0 (compatible; Barkrowler/0.9; +https://babbar.tech/crawler)" 
154.54.249.160 - - [04/Jan/2023:05:46:31 -0800] "GET /Datasets%20Description/ HTTP/1.1" 200 650 "-" "Mozilla/5.0 (compatible; Barkrowler/0.9; +https://babbar.tech/crawler)" 
154.54.249.160 - - [04/Jan/2023:05:47:29 -0800] "GET /self.logs/?C=S;O=A HTTP/1.1" 200 48602 "-" "Mozilla/5.0 (compatible; Barkrowler/0.9; +https://babbar.tech/crawler)" 
154.54.249.163 - - [04/Jan/2023:05:48:33 -0800] "GET /self.logs/?C=M;O=A HTTP/1.1" 200 42152 "-" "Mozilla/5.0 (compatible; Barkrowler/0.9; +https://babbar.tech/crawler)" 
154.54.249.161 - - [04/Jan/2023:05:49:36 -0800] "GET /self.logs/?C=D;O=A HTTP/1.1" 200 40577 "-" "Mozilla/5.0 (compatible; Barkrowler/0.9; +https://babbar.tech/crawler)" 
114.119.146.12 - - [04/Jan/2023:05:49:44 -0800] "GET /self.logs/access.log.2018-12-06.gz HTTP/1.1" 200 23735 "-" "Mozilla/5.0 (compatible;PetalBot;+https://webmaster.petalsearch.com/site/petalbot)" 
154.54.249.161 - - [04/Jan/2023:05:50:40 -0800] "GET /self.logs/?C=N;O=D HTTP/1.1" 200 41670 "-" "Mozilla/5.0 (compatible; Barkrowler/0.9; +https://babbar.tech/crawler)" 
154.54.249.162 - - [04/Jan/2023:05:51:38 -0800] "GET /self.logs/2015/?C=N;O=A HTTP/1.1" 200 7594 "-" "Mozilla/5.0 (compatible; Barkrowler/0.9; +https://babbar.tech/crawler)" 
154.54.249.162 - - [04/Jan/2023:05:52:31 -0800] "GET /self.logs/2015/?C=M;O=D HTTP/1.1" 200 7923 "-" "Mozilla/5.0 (compatible; Barkrowler/0.9; +https://babbar.tech/crawler)" 
154.54.249.163 - - [04/Jan/2023:05:53:24 -0800] "GET /self.logs/2015/?C=S;O=D HTTP/1.1" 200 8147 "-" "Mozilla/5.0 (compatible; Barkrowler/0.9; +https://babbar.tech/crawler)" 
154.54.249.162 - - [04/Jan/2023:05:54:16 -0800] "GET /self.logs/2016/?C=N;O=A HTTP/1.1" 200 7833 "-" "Mozilla/5.0 (compatible; Barkrowler/0.9; +https://babbar.tech/crawler)" 
154.54.249.15 - - [04/Jan/2023:05:55:09 -0800] "GET /self.logs/2016/?C=M;O=D HTTP/1.1" 200 8268 "-" "Mozilla/5.0 (compatible; Barkrowler/0.9; +https://babbar.tech/crawler)" 
154.54.249.161 - - [04/Jan/2023:05:56:02 -0800] "GET /self.logs/2016/?C=S;O=D HTTP/1.1" 200 8420 "-" "Mozilla/5.0 (compatible; Barkrowler/0.9; +https://babbar.tech/crawler)" 
154.54.249.163 - - [04/Jan/2023:05:57:01 -0800] "GET /Datasets%20Description/?C=M;O=A HTTP/1.1" 200 650 "-" "Mozilla/5.0 (compatible; Barkrowler/0.9; +https://babbar.tech/crawler)" 
154.54.249.162 - - [04/Jan/2023:05:57:59 -0800] "GET /Datasets%20Description/?C=M;O=D HTTP/1.1" 200 646 "-" "Mozilla/5.0 (compatible; Barkrowler/0.9; +https://babbar.tech/crawler)" 
154.54.249.15 - - [04/Jan/2023:05:58:56 -0800] "GET /Datasets%20Description/?C=S;O=A HTTP/1.1" 200 650 "-" "Mozilla/5.0 (compatible; Barkrowler/0.9; +https://babbar.tech/crawler)" 
213.105.170.220 - - [04/Jan/2023:05:59:43 -0800] "GET / HTTP/1.1" 200 13196 "-" "Mozilla/5.0 (Windows NT 10.0; Win64; x64) AppleWebKit/537.36 (KHTML, like Gecko) Chrome/108.0.0.0 Safari/537.36" 
213.105.170.220 - - [04/Jan/2023:05:59:43 -0800] "GET /css/style.css HTTP/1.1" 404 315 "http://www.secrepo.com/" "Mozilla/5.0 (Windows NT 10.0; Win64; x64) AppleWebKit/537.36 (KHTML, like Gecko) Chrome/108.0.0.0 Safari/537.36" 
213.105.170.220 - - [04/Jan/2023:05:59:44 -0800] "GET /twitter-icon.png HTTP/1.1" 200 27903 "http://www.secrepo.com/" "Mozilla/5.0 (Windows NT 10.0; Win64; x64) AppleWebKit/537.36 (KHTML, like Gecko) Chrome/108.0.0.0 Safari/537.36" 
213.105.170.220 - - [04/Jan/2023:05:59:44 -0800] "GET /GitHub-Mark.png HTTP/1.1" 200 7566 "http://www.secrepo.com/" "Mozilla/5.0 (Windows NT 10.0; Win64; x64) AppleWebKit/537.36 (KHTML, like Gecko) Chrome/108.0.0.0 Safari/537.36" 
213.105.170.220 - - [04/Jan/2023:05:59:44 -0800] "GET /bootstrap/img/favicon.ico HTTP/1.1" 200 700 "http://www.secrepo.com/" "Mozilla/5.0 (Windows NT 10.0; Win64; x64) AppleWebKit/537.36 (KHTML, like Gecko) Chrome/108.0.0.0 Safari/537.36" 
154.54.249.15 - - [04/Jan/2023:05:59:55 -0800] "GET /Datasets%20Description/?C=S;O=D HTTP/1.1" 200 646 "-" "Mozilla/5.0 (compatible; Barkrowler/0.9; +https://babbar.tech/crawler)" 
154.54.249.163 - - [04/Jan/2023:06:00:46 -0800] "GET /Datasets%20Description/?C=D;O=A HTTP/1.1" 200 650 "-" "Mozilla/5.0 (compatible; Barkrowler/0.9; +https://babbar.tech/crawler)" 
154.54.249.15 - - [04/Jan/2023:06:01:36 -0800] "GET /Datasets%20Description/?C=D;O=D HTTP/1.1" 200 646 "-" "Mozilla/5.0 (compatible; Barkrowler/0.9; +https://babbar.tech/crawler)" 
154.54.249.162 - - [04/Jan/2023:06:02:27 -0800] "GET /Datasets%20Description/?C=N;O=A HTTP/1.1" 200 650 "-" "Mozilla/5.0 (compatible; Barkrowler/0.9; +https://babbar.tech/crawler)" 
154.54.249.160 - - [04/Jan/2023:06:03:18 -0800] "GET /Datasets%20Description/?C=N;O=D HTTP/1.1" 200 646 "-" "Mozilla/5.0 (compatible; Barkrowler/0.9; +https://babbar.tech/crawler)" 
154.54.249.162 - - [04/Jan/2023:06:04:09 -0800] "GET /Datasets%20Description/Network/ HTTP/1.1" 200 742 "-" "Mozilla/5.0 (compatible; Barkrowler/0.9; +https://babbar.tech/crawler)" 
154.54.249.162 - - [04/Jan/2023:06:05:00 -0800] "GET /self.logs/?C=N;O=A HTTP/1.1" 200 40577 "-" "Mozilla/5.0 (compatible; Barkrowler/0.9; +https://babbar.tech/crawler)" 
49.7.20.105 - - [04/Jan/2023:06:05:46 -0800] "GET / HTTP/1.1" 200 13159 "-" "Sogou web spider/4.0(+http://www.sogou.com/docs/help/webmasters.htm#07)" 
154.54.249.162 - - [04/Jan/2023:06:05:57 -0800] "GET /self.logs/?C=M;O=D HTTP/1.1" 200 43789 "-" "Mozilla/5.0 (compatible; Barkrowler/0.9; +https://babbar.tech/crawler)" 
154.54.249.161 - - [04/Jan/2023:06:06:55 -0800] "GET /self.logs/?C=S;O=D HTTP/1.1" 200 48767 "-" "Mozilla/5.0 (compatible; Barkrowler/0.9; +https://babbar.tech/crawler)" 
154.54.249.162 - - [04/Jan/2023:06:07:54 -0800] "GET /self.logs/?C=D;O=D HTTP/1.1" 200 41670 "-" "Mozilla/5.0 (compatible; Barkrowler/0.9; +https://babbar.tech/crawler)" 
154.54.249.15 - - [04/Jan/2023:06:08:51 -0800] "GET /Datasets%20Description/Network/ftp.html HTTP/1.1" 200 1503 "-" "Mozilla/5.0 (compatible; Barkrowler/0.9; +https://babbar.tech/crawler)" 
154.54.249.163 - - [04/Jan/2023:06:09:42 -0800] "GET /Datasets%20Description/Network/dns.html HTTP/1.1" 200 1516 "-" "Mozilla/5.0 (compatible; Barkrowler/0.9; +https://babbar.tech/crawler)" 
154.54.249.161 - - [04/Jan/2023:06:10:32 -0800] "GET /Datasets%20Description/Network/http.html HTTP/1.1" 200 1682 "-" "Mozilla/5.0 (compatible; Barkrowler/0.9; +https://babbar.tech/crawler)" 
154.54.249.163 - - [04/Jan/2023:06:11:23 -0800] "GET /Datasets%20Description/Network/files.html HTTP/1.1" 200 1505 "-" "Mozilla/5.0 (compatible; Barkrowler/0.9; +https://babbar.tech/crawler)" 
173.236.149.70 - - [04/Jan/2023:06:11:35 -0800] "GET /wp-login.php HTTP/1.1" 301 462 "-" "Mozilla/5.0 (Windows NT 10; Win64; x64; rv:75.0) Gecko/20100101 Firefox/75.0" 
173.236.149.70 - - [04/Jan/2023:06:11:35 -0800] "GET /wp-login.php HTTP/1.1" 404 301 "http://secrepo.com/wp-login.php" "Mozilla/5.0 (Windows NT 10; Win64; x64; rv:75.0) Gecko/20100101 Firefox/75.0" 
154.54.249.15 - - [04/Jan/2023:06:12:14 -0800] "GET /Datasets%20Description/Network/notice.html HTTP/1.1" 200 1623 "-" "Mozilla/5.0 (compatible; Barkrowler/0.9; +https://babbar.tech/crawler)" 
154.54.249.160 - - [04/Jan/2023:06:13:05 -0800] "GET /Datasets%20Description/Network/weird.html HTTP/1.1" 200 1618 "-" "Mozilla/5.0 (compatible; Barkrowler/0.9; +https://babbar.tech/crawler)" 
110.188.95.46 - - [04/Jan/2023:06:13:42 -0800] "GET /favicon.ico HTTP/1.1" 304 271 "-" "Mozilla/5.0 (Windows NT 10.0; WOW64) AppleWebKit/537.36 (KHTML, like Gecko) Chrome/86.0.4240.198 Safari/537.36" 
154.54.249.160 - - [04/Jan/2023:06:13:55 -0800] "GET /Datasets%20Description/Network/N/A HTTP/1.1" 404 301 "-" "Mozilla/5.0 (compatible; Barkrowler/0.9; +https://babbar.tech/crawler)" 
154.54.249.163 - - [04/Jan/2023:06:14:46 -0800] "GET /self.logs/2015/?C=D;O=D HTTP/1.1" 200 7740 "-" "Mozilla/5.0 (compatible; Barkrowler/0.9; +https://babbar.tech/crawler)" 
154.54.249.161 - - [04/Jan/2023:06:15:38 -0800] "GET /self.logs/2016/?C=D;O=D HTTP/1.1" 200 8045 "-" "Mozilla/5.0 (compatible; Barkrowler/0.9; +https://babbar.tech/crawler)" 
154.54.249.162 - - [04/Jan/2023:06:16:29 -0800] "GET /Datasets%20Description/Network/ssh.html HTTP/1.1" 200 1341 "-" "Mozilla/5.0 (compatible; Barkrowler/0.9; +https://babbar.tech/crawler)" 
154.54.249.163 - - [04/Jan/2023:06:17:20 -0800] "GET /Datasets%20Description/Network/ssl.html HTTP/1.1" 200 1558 "-" "Mozilla/5.0 (compatible; Barkrowler/0.9; +https://babbar.tech/crawler)" 
154.54.249.163 - - [04/Jan/2023:06:18:11 -0800] "GET /Datasets%20Description/Network/signatures.html HTTP/1.1" 404 301 "-" "Mozilla/5.0 (compatible; Barkrowler/0.9; +https://babbar.tech/crawler)" 
154.54.249.15 - - [04/Jan/2023:06:19:01 -0800] "GET /Datasets%20Description/Network/?C=N;O=D HTTP/1.1" 200 738 "-" "Mozilla/5.0 (compatible; Barkrowler/0.9; +https://babbar.tech/crawler)" 
154.54.249.161 - - [04/Jan/2023:06:19:52 -0800] "GET /Datasets%20Description/Network/?C=N;O=A HTTP/1.1" 200 742 "-" "Mozilla/5.0 (compatible; Barkrowler/0.9; +https://babbar.tech/crawler)" 
154.54.249.15 - - [04/Jan/2023:06:20:43 -0800] "GET /Datasets%20Description/Network/?C=D;O=D HTTP/1.1" 200 738 "-" "Mozilla/5.0 (compatible; Barkrowler/0.9; +https://babbar.tech/crawler)" 
154.54.249.160 - - [04/Jan/2023:06:21:33 -0800] "GET /Datasets%20Description/Network/?C=D;O=A HTTP/1.1" 200 742 "-" "Mozilla/5.0 (compatible; Barkrowler/0.9; +https://babbar.tech/crawler)" 
154.54.249.163 - - [04/Jan/2023:06:22:24 -0800] "GET /Datasets%20Description/Network/?C=M;O=D HTTP/1.1" 200 738 "-" "Mozilla/5.0 (compatible; Barkrowler/0.9; +https://babbar.tech/crawler)" 
154.54.249.160 - - [04/Jan/2023:06:23:15 -0800] "GET /Datasets%20Description/Network/?C=M;O=A HTTP/1.1" 200 742 "-" "Mozilla/5.0 (compatible; Barkrowler/0.9; +https://babbar.tech/crawler)" 
154.54.249.160 - - [04/Jan/2023:06:24:05 -0800] "GET /Datasets%20Description/Network/?C=S;O=D HTTP/1.1" 200 739 "-" "Mozilla/5.0 (compatible; Barkrowler/0.9; +https://babbar.tech/crawler)" 
154.54.249.162 - - [04/Jan/2023:06:24:56 -0800] "GET /Datasets%20Description/Network/?C=S;O=A HTTP/1.1" 200 739 "-" "Mozilla/5.0 (compatible; Barkrowler/0.9; +https://babbar.tech/crawler)" 
154.54.249.162 - - [04/Jan/2023:06:25:47 -0800] "GET /self.logs/access.log.2021-10-28 HTTP/1.1" 304 234 "-" "Mozilla/5.0 (compatible; Barkrowler/0.9; +https://babbar.tech/crawler)" 
154.54.249.15 - - [04/Jan/2023:06:26:38 -0800] "GET /self.logs/access.log.2019-07-15 HTTP/1.1" 304 238 "-" "Mozilla/5.0 (compatible; Barkrowler/0.9; +https://babbar.tech/crawler)" 
154.54.249.160 - - [04/Jan/2023:06:27:29 -0800] "GET /tg/tg_snort_full.7z HTTP/1.1" 304 239 "-" "Mozilla/5.0 (compatible; Barkrowler/0.9; +https://babbar.tech/crawler)" 
154.54.249.160 - - [04/Jan/2023:06:28:19 -0800] "GET /Datasets%20Description/PE_malware/ HTTP/1.1" 200 659 "-" "Mozilla/5.0 (compatible; Barkrowler/0.9; +https://babbar.tech/crawler)" 
154.54.249.162 - - [04/Jan/2023:06:29:10 -0800] "GET /Datasets%20Description/Network/smtp.html HTTP/1.1" 200 1610 "-" "Mozilla/5.0 (compatible; Barkrowler/0.9; +https://babbar.tech/crawler)" 
154.54.249.161 - - [04/Jan/2023:06:30:01 -0800] "GET /Datasets%20Description/Network/tunnel.html HTTP/1.1" 200 1443 "-" "Mozilla/5.0 (compatible; Barkrowler/0.9; +https://babbar.tech/crawler)" 
154.54.249.160 - - [04/Jan/2023:06:30:51 -0800] "GET /Datasets%20Description/Network/dhcp.html HTTP/1.1" 200 1434 "-" "Mozilla/5.0 (compatible; Barkrowler/0.9; +https://babbar.tech/crawler)" 
154.54.249.163 - - [04/Jan/2023:06:31:42 -0800] "GET /self.logs/error.log.2020-10-10 HTTP/1.1" 304 234 "-" "Mozilla/5.0 (compatible; Barkrowler/0.9; +https://babbar.tech/crawler)" 
154.54.249.162 - - [04/Jan/2023:06:32:33 -0800] "GET /self.logs/error.log.2019-07-15 HTTP/1.1" 304 237 "-" "Mozilla/5.0 (compatible; Barkrowler/0.9; +https://babbar.tech/crawler)" 
154.54.249.15 - - [04/Jan/2023:06:33:24 -0800] "GET /self.logs/error.log.2019-10-07 HTTP/1.1" 304 234 "-" "Mozilla/5.0 (compatible; Barkrowler/0.9; +https://babbar.tech/crawler)" 
154.54.249.161 - - [04/Jan/2023:06:34:14 -0800] "GET /self.logs/error.log.2019-10-13 HTTP/1.1" 304 234 "-" "Mozilla/5.0 (compatible; Barkrowler/0.9; +https://babbar.tech/crawler)" 
154.54.249.162 - - [04/Jan/2023:06:35:05 -0800] "GET /self.logs/error.log.2019-10-22 HTTP/1.1" 304 234 "-" "Mozilla/5.0 (compatible; Barkrowler/0.9; +https://babbar.tech/crawler)" 
154.54.249.15 - - [04/Jan/2023:06:35:56 -0800] "GET /self.logs/error.log.2019-12-22 HTTP/1.1" 304 234 "-" "Mozilla/5.0 (compatible; Barkrowler/0.9; +https://babbar.tech/crawler)" 
154.54.249.160 - - [04/Jan/2023:06:36:46 -0800] "GET /self.logs/error.log.2019-12-24 HTTP/1.1" 304 234 "-" "Mozilla/5.0 (compatible; Barkrowler/0.9; +https://babbar.tech/crawler)" 
154.54.249.15 - - [04/Jan/2023:06:37:37 -0800] "GET /self.logs/error.log.2019-12-08 HTTP/1.1" 304 234 "-" "Mozilla/5.0 (compatible; Barkrowler/0.9; +https://babbar.tech/crawler)" 
154.54.249.15 - - [04/Jan/2023:06:38:27 -0800] "GET /self.logs/error.log.2019-09-13 HTTP/1.1" 304 236 "-" "Mozilla/5.0 (compatible; Barkrowler/0.9; +https://babbar.tech/crawler)" 
154.54.249.15 - - [04/Jan/2023:06:39:18 -0800] "GET /self.logs/error.log.2019-08-09 HTTP/1.1" 304 234 "-" "Mozilla/5.0 (compatible; Barkrowler/0.9; +https://babbar.tech/crawler)" 
154.54.249.15 - - [04/Jan/2023:06:40:09 -0800] "GET /self.logs/error.log.2019-08-08 HTTP/1.1" 304 236 "-" "Mozilla/5.0 (compatible; Barkrowler/0.9; +https://babbar.tech/crawler)" 
154.54.249.161 - - [04/Jan/2023:06:40:59 -0800] "GET /tg/tg_snort_fast.7z HTTP/1.1" 304 239 "-" "Mozilla/5.0 (compatible; Barkrowler/0.9; +https://babbar.tech/crawler)" 
154.54.249.163 - - [04/Jan/2023:06:41:50 -0800] "GET /Datasets%20Description/HTML_Bro_log_2 HTTP/1.1" 301 582 "-" "Mozilla/5.0 (compatible; Barkrowler/0.9; +https://babbar.tech/crawler)" 
154.54.249.162 - - [04/Jan/2023:06:42:41 -0800] "GET /Datasets%20Description/HTML_Bro_log_1/ HTTP/1.1" 200 807 "-" "Mozilla/5.0 (compatible; Barkrowler/0.9; +https://babbar.tech/crawler)" 
154.54.249.163 - - [04/Jan/2023:06:43:31 -0800] "GET /Datasets%20Description/HTML_Bro_log_1 HTTP/1.1" 301 582 "-" "Mozilla/5.0 (compatible; Barkrowler/0.9; +https://babbar.tech/crawler)" 
154.54.249.162 - - [04/Jan/2023:06:44:22 -0800] "GET /self.logs/error.log.2022-03-17 HTTP/1.1" 304 234 "-" "Mozilla/5.0 (compatible; Barkrowler/0.9; +https://babbar.tech/crawler)" 
154.54.249.162 - - [04/Jan/2023:06:45:12 -0800] "GET /self.logs/error.log.2022-01-03 HTTP/1.1" 304 238 "-" "Mozilla/5.0 (compatible; Barkrowler/0.9; +https://babbar.tech/crawler)" 
154.54.249.15 - - [04/Jan/2023:06:46:03 -0800] "GET /self.logs/error.log.2022-03-20 HTTP/1.1" 304 234 "-" "Mozilla/5.0 (compatible; Barkrowler/0.9; +https://babbar.tech/crawler)" 
49.7.20.105 - - [04/Jan/2023:06:46:48 -0800] "GET / HTTP/1.1" 200 13159 "-" "Sogou web spider/4.0(+http://www.sogou.com/docs/help/webmasters.htm#07)" 
154.54.249.15 - - [04/Jan/2023:06:46:54 -0800] "GET /self.logs/error.log.2022-05-01 HTTP/1.1" 304 236 "-" "Mozilla/5.0 (compatible; Barkrowler/0.9; +https://babbar.tech/crawler)" 
154.54.249.162 - - [04/Jan/2023:06:47:44 -0800] "GET /self.logs/error.log.2022-05-05 HTTP/1.1" 304 234 "-" "Mozilla/5.0 (compatible; Barkrowler/0.9; +https://babbar.tech/crawler)" 
123.125.109.138 - - [04/Jan/2023:06:48:15 -0800] "GET / HTTP/1.1" 200 13159 "-" "Sogou web spider/4.0(+http://www.sogou.com/docs/help/webmasters.htm#07)" 
154.54.249.161 - - [04/Jan/2023:06:48:35 -0800] "GET /self.logs/error.log.2022-04-06 HTTP/1.1" 304 234 "-" "Mozilla/5.0 (compatible; Barkrowler/0.9; +https://babbar.tech/crawler)" 
154.54.249.162 - - [04/Jan/2023:06:49:26 -0800] "GET /self.logs/error.log.2022-04-19 HTTP/1.1" 304 234 "-" "Mozilla/5.0 (compatible; Barkrowler/0.9; +https://babbar.tech/crawler)" 
154.54.249.15 - - [04/Jan/2023:06:50:16 -0800] "GET /self.logs/error.log.2022-03-29 HTTP/1.1" 304 235 "-" "Mozilla/5.0 (compatible; Barkrowler/0.9; +https://babbar.tech/crawler)" 
154.54.249.15 - - [04/Jan/2023:06:51:07 -0800] "GET /self.logs/error.log.2022-04-18 HTTP/1.1" 304 236 "-" "Mozilla/5.0 (compatible; Barkrowler/0.9; +https://babbar.tech/crawler)" 
136.226.254.187 - - [04/Jan/2023:06:51:43 -0800] "GET / HTTP/1.1" 200 13196 "-" "Mozilla/5.0 (Windows NT 10.0; Win64; x64) AppleWebKit/537.36 (KHTML, like Gecko) Chrome/108.0.0.0 Safari/537.36 Edg/108.0.1462.54" 
136.226.254.187 - - [04/Jan/2023:06:51:43 -0800] "GET /css/style.css HTTP/1.1" 404 315 "http://www.secrepo.com/" "Mozilla/5.0 (Windows NT 10.0; Win64; x64) AppleWebKit/537.36 (KHTML, like Gecko) Chrome/108.0.0.0 Safari/537.36 Edg/108.0.1462.54" 
136.226.254.187 - - [04/Jan/2023:06:51:44 -0800] "GET /twitter-icon.png HTTP/1.1" 200 27903 "http://www.secrepo.com/" "Mozilla/5.0 (Windows NT 10.0; Win64; x64) AppleWebKit/537.36 (KHTML, like Gecko) Chrome/108.0.0.0 Safari/537.36 Edg/108.0.1462.54" 
136.226.254.187 - - [04/Jan/2023:06:51:44 -0800] "GET /GitHub-Mark.png HTTP/1.1" 200 7566 "http://www.secrepo.com/" "Mozilla/5.0 (Windows NT 10.0; Win64; x64) AppleWebKit/537.36 (KHTML, like Gecko) Chrome/108.0.0.0 Safari/537.36 Edg/108.0.1462.54" 
136.226.254.187 - - [04/Jan/2023:06:51:45 -0800] "GET /bootstrap/img/favicon.ico HTTP/1.1" 200 700 "http://www.secrepo.com/" "Mozilla/5.0 (Windows NT 10.0; Win64; x64) AppleWebKit/537.36 (KHTML, like Gecko) Chrome/108.0.0.0 Safari/537.36 Edg/108.0.1462.54" 
154.54.249.162 - - [04/Jan/2023:06:51:57 -0800] "GET /self.logs/error.log.2022-02-15 HTTP/1.1" 304 234 "-" "Mozilla/5.0 (compatible; Barkrowler/0.9; +https://babbar.tech/crawler)" 
154.54.249.162 - - [04/Jan/2023:06:52:48 -0800] "GET /self.logs/error.log.2022-03-04 HTTP/1.1" 304 234 "-" "Mozilla/5.0 (compatible; Barkrowler/0.9; +https://babbar.tech/crawler)" 
154.54.249.160 - - [04/Jan/2023:06:53:39 -0800] "GET /self.logs/error.log.2022-04-20 HTTP/1.1" 304 234 "-" "Mozilla/5.0 (compatible; Barkrowler/0.9; +https://babbar.tech/crawler)" 
154.54.249.160 - - [04/Jan/2023:06:54:29 -0800] "GET /self.logs/error.log.2022-04-16 HTTP/1.1" 304 234 "-" "Mozilla/5.0 (compatible; Barkrowler/0.9; +https://babbar.tech/crawler)" 
154.54.249.162 - - [04/Jan/2023:06:55:20 -0800] "GET /self.logs/error.log.2022-03-05 HTTP/1.1" 304 234 "-" "Mozilla/5.0 (compatible; Barkrowler/0.9; +https://babbar.tech/crawler)" 
114.119.156.134 - - [04/Jan/2023:06:56:01 -0800] "GET /self.logs/access.log.2018-10-29.gz HTTP/1.1" 200 20714 "-" "Mozilla/5.0 (compatible;PetalBot;+https://webmaster.petalsearch.com/site/petalbot)" 
154.54.249.163 - - [04/Jan/2023:06:56:10 -0800] "GET /self.logs/error.log.2022-01-28 HTTP/1.1" 304 234 "-" "Mozilla/5.0 (compatible; Barkrowler/0.9; +https://babbar.tech/crawler)" 
154.54.249.15 - - [04/Jan/2023:06:57:01 -0800] "GET /self.logs/error.log.2022-01-13 HTTP/1.1" 304 234 "-" "Mozilla/5.0 (compatible; Barkrowler/0.9; +https://babbar.tech/crawler)" 
154.54.249.161 - - [04/Jan/2023:06:57:52 -0800] "GET /self.logs/error.log.2021-11-19 HTTP/1.1" 304 234 "-" "Mozilla/5.0 (compatible; Barkrowler/0.9; +https://babbar.tech/crawler)" 
62.148.157.14 - - [04/Jan/2023:06:58:27 -0800] "GET / HTTP/1.1" 200 13196 "-" "Mozilla/5.0 (Windows NT 10.0; Win64; x64) AppleWebKit/537.36 (KHTML, like Gecko) Chrome/106.0.0.0 YaBrowser/22.11.5.715 Yowser/2.5 Safari/537.36" 
62.148.157.14 - - [04/Jan/2023:06:58:27 -0800] "GET /css/style.css HTTP/1.1" 404 315 "http://www.secrepo.com/" "Mozilla/5.0 (Windows NT 10.0; Win64; x64) AppleWebKit/537.36 (KHTML, like Gecko) Chrome/106.0.0.0 YaBrowser/22.11.5.715 Yowser/2.5 Safari/537.36" 
62.148.157.14 - - [04/Jan/2023:06:58:27 -0800] "GET /twitter-icon.png HTTP/1.1" 200 27926 "http://www.secrepo.com/" "Mozilla/5.0 (Windows NT 10.0; Win64; x64) AppleWebKit/537.36 (KHTML, like Gecko) Chrome/106.0.0.0 YaBrowser/22.11.5.715 Yowser/2.5 Safari/537.36" 
62.148.157.14 - - [04/Jan/2023:06:58:28 -0800] "GET /GitHub-Mark.png HTTP/1.1" 200 7566 "http://www.secrepo.com/" "Mozilla/5.0 (Windows NT 10.0; Win64; x64) AppleWebKit/537.36 (KHTML, like Gecko) Chrome/106.0.0.0 YaBrowser/22.11.5.715 Yowser/2.5 Safari/537.36" 
62.148.157.14 - - [04/Jan/2023:06:58:29 -0800] "GET /bootstrap/img/favicon.ico HTTP/1.1" 200 700 "http://www.secrepo.com/" "Mozilla/5.0 (Windows NT 10.0; Win64; x64) AppleWebKit/537.36 (KHTML, like Gecko) Chrome/106.0.0.0 YaBrowser/22.11.5.715 Yowser/2.5 Safari/537.36" 
154.54.249.163 - - [04/Jan/2023:06:58:42 -0800] "GET /self.logs/error.log.2021-12-10 HTTP/1.1" 304 234 "-" "Mozilla/5.0 (compatible; Barkrowler/0.9; +https://babbar.tech/crawler)" 
154.54.249.163 - - [04/Jan/2023:06:59:33 -0800] "GET /self.logs/error.log.2021-12-27 HTTP/1.1" 304 237 "-" "Mozilla/5.0 (compatible; Barkrowler/0.9; +https://babbar.tech/crawler)" 
154.54.249.161 - - [04/Jan/2023:07:00:24 -0800] "GET /self.logs/error.log.2021-12-04 HTTP/1.1" 304 234 "-" "Mozilla/5.0 (compatible; Barkrowler/0.9; +https://babbar.tech/crawler)" 
154.54.249.15 - - [04/Jan/2023:07:01:14 -0800] "GET /self.logs/error.log.2021-12-15 HTTP/1.1" 304 234 "-" "Mozilla/5.0 (compatible; Barkrowler/0.9; +https://babbar.tech/crawler)" 
114.119.141.116 - - [04/Jan/2023:07:01:44 -0800] "GET /self.logs/error.log.2020-07-05 HTTP/1.1" 200 361 "http://www.secrepo.com/self.logs?C=N%3BO%3DD" "Mozilla/5.0 (Linux; Android 7.0;) AppleWebKit/537.36 (KHTML, like Gecko) Mobile Safari/537.36 (compatible; PetalBot;+https://webmaster.petalsearch.com/site/petalbot)" 
154.54.249.163 - - [04/Jan/2023:07:02:05 -0800] "GET /self.logs/error.log.2021-12-07 HTTP/1.1" 304 234 "-" "Mozilla/5.0 (compatible; Barkrowler/0.9; +https://babbar.tech/crawler)" 
154.54.249.160 - - [04/Jan/2023:07:02:55 -0800] "GET /self.logs/error.log.2021-11-21 HTTP/1.1" 304 234 "-" "Mozilla/5.0 (compatible; Barkrowler/0.9; +https://babbar.tech/crawler)" 
154.54.249.161 - - [04/Jan/2023:07:03:46 -0800] "GET /self.logs/error.log.2021-11-17 HTTP/1.1" 304 237 "-" "Mozilla/5.0 (compatible; Barkrowler/0.9; +https://babbar.tech/crawler)" 
154.54.249.161 - - [04/Jan/2023:07:04:37 -0800] "GET /self.logs/error.log.2021-12-23 HTTP/1.1" 304 234 "-" "Mozilla/5.0 (compatible; Barkrowler/0.9; +https://babbar.tech/crawler)" 
154.54.249.160 - - [04/Jan/2023:07:05:27 -0800] "GET /self.logs/error.log.2021-10-28 HTTP/1.1" 304 234 "-" "Mozilla/5.0 (compatible; Barkrowler/0.9; +https://babbar.tech/crawler)" 
114.119.132.36 - - [04/Jan/2023:07:05:58 -0800] "GET /self.logs?C=S%3BO%3DA HTTP/1.1" 301 587 "https://www.secrepo.com/self.logs" "Mozilla/5.0 (Linux; Android 7.0;) AppleWebKit/537.36 (KHTML, like Gecko) Mobile Safari/537.36 (compatible; PetalBot;+https://webmaster.petalsearch.com/site/petalbot)" 
114.119.132.36 - - [04/Jan/2023:07:05:58 -0800] "GET /self.logs/?C=S%3BO%3DA HTTP/1.1" 200 40591 "https://www.secrepo.com/self.logs" "Mozilla/5.0 (Linux; Android 7.0;) AppleWebKit/537.36 (KHTML, like Gecko) Mobile Safari/537.36 (compatible; PetalBot;+https://webmaster.petalsearch.com/site/petalbot)" 
12.26.0.34 - - [04/Jan/2023:07:06:05 -0800] "GET /robots.txt HTTP/1.1" 200 387 "-" "Mozilla/5.0 (compatible; Googlebot/2.1; +http://www.google.com/bot.html)" 
12.26.0.42 - - [04/Jan/2023:07:06:05 -0800] "GET / HTTP/1.1" 200 13195 "-" "Mozilla/5.0 (compatible; Googlebot/2.1; +http://www.google.com/bot.html)" 
154.54.249.161 - - [04/Jan/2023:07:06:18 -0800] "GET /self.logs/error.log.2021-07-18 HTTP/1.1" 304 236 "-" "Mozilla/5.0 (compatible; Barkrowler/0.9; +https://babbar.tech/crawler)" 
154.54.249.161 - - [04/Jan/2023:07:07:09 -0800] "GET /self.logs/error.log.2021-01-09 HTTP/1.1" 304 234 "-" "Mozilla/5.0 (compatible; Barkrowler/0.9; +https://babbar.tech/crawler)" 
154.54.249.163 - - [04/Jan/2023:07:07:59 -0800] "GET /self.logs/error.log.2021-01-02 HTTP/1.1" 304 234 "-" "Mozilla/5.0 (compatible; Barkrowler/0.9; +https://babbar.tech/crawler)" 
65.154.226.166 - - [04/Jan/2023:07:08:17 -0800] "GET /robots.txt HTTP/1.1" 200 343 "-" "Mozilla/5.0 (Windows NT 10.0) AppleWebKit/537.36 (KHTML, like Gecko) Chrome/106.0.0.0 Safari/537.36" 
154.54.249.15 - - [04/Jan/2023:07:08:50 -0800] "GET /self.logs/error.log.2021-01-19 HTTP/1.1" 304 234 "-" "Mozilla/5.0 (compatible; Barkrowler/0.9; +https://babbar.tech/crawler)" 
114.119.157.183 - - [04/Jan/2023:07:08:59 -0800] "GET /self.logs/error.log.2020-05-26 HTTP/1.1" 200 361 "http://www.secrepo.com/self.logs?C=N%3BO%3DD" "Mozilla/5.0 (Linux; Android 7.0;) AppleWebKit/537.36 (KHTML, like Gecko) Mobile Safari/537.36 (compatible; PetalBot;+https://webmaster.petalsearch.com/site/petalbot)" 
154.54.249.160 - - [04/Jan/2023:07:09:41 -0800] "GET /self.logs/error.log.2021-08-14 HTTP/1.1" 304 234 "-" "Mozilla/5.0 (compatible; Barkrowler/0.9; +https://babbar.tech/crawler)" 
154.54.249.160 - - [04/Jan/2023:07:10:31 -0800] "GET /self.logs/error.log.2021-09-08 HTTP/1.1" 304 234 "-" "Mozilla/5.0 (compatible; Barkrowler/0.9; +https://babbar.tech/crawler)" 
154.54.249.160 - - [04/Jan/2023:07:11:22 -0800] "GET /self.logs/error.log.2021-03-08 HTTP/1.1" 304 236 "-" "Mozilla/5.0 (compatible; Barkrowler/0.9; +https://babbar.tech/crawler)" 
154.54.249.161 - - [04/Jan/2023:07:12:13 -0800] "GET /self.logs/error.log.2021-01-07 HTTP/1.1" 304 234 "-" "Mozilla/5.0 (compatible; Barkrowler/0.9; +https://babbar.tech/crawler)" 
154.54.249.161 - - [04/Jan/2023:07:13:03 -0800] "GET /self.logs/error.log.2021-08-13 HTTP/1.1" 304 234 "-" "Mozilla/5.0 (compatible; Barkrowler/0.9; +https://babbar.tech/crawler)" 
154.54.249.15 - - [04/Jan/2023:07:13:54 -0800] "GET /self.logs/error.log.2021-08-26 HTTP/1.1" 304 234 "-" "Mozilla/5.0 (compatible; Barkrowler/0.9; +https://babbar.tech/crawler)" 
154.54.249.162 - - [04/Jan/2023:07:14:44 -0800] "GET /self.logs/error.log.2021-01-22 HTTP/1.1" 304 236 "-" "Mozilla/5.0 (compatible; Barkrowler/0.9; +https://babbar.tech/crawler)" 
154.54.249.15 - - [04/Jan/2023:07:15:35 -0800] "GET /self.logs/error.log.2021-04-23 HTTP/1.1" 304 234 "-" "Mozilla/5.0 (compatible; Barkrowler/0.9; +https://babbar.tech/crawler)" 
154.54.249.163 - - [04/Jan/2023:07:16:26 -0800] "GET /self.logs/error.log.2021-07-27 HTTP/1.1" 304 236 "-" "Mozilla/5.0 (compatible; Barkrowler/0.9; +https://babbar.tech/crawler)" 
154.54.249.160 - - [04/Jan/2023:07:17:16 -0800] "GET /self.logs/error.log.2021-07-22 HTTP/1.1" 304 234 "-" "Mozilla/5.0 (compatible; Barkrowler/0.9; +https://babbar.tech/crawler)" 
154.54.249.161 - - [04/Jan/2023:07:18:07 -0800] "GET /self.logs/error.log.2021-07-12 HTTP/1.1" 304 236 "-" "Mozilla/5.0 (compatible; Barkrowler/0.9; +https://babbar.tech/crawler)" 
154.54.249.162 - - [04/Jan/2023:07:18:58 -0800] "GET /self.logs/error.log.2021-01-18 HTTP/1.1" 304 234 "-" "Mozilla/5.0 (compatible; Barkrowler/0.9; +https://babbar.tech/crawler)" 
154.54.249.15 - - [04/Jan/2023:07:19:48 -0800] "GET /self.logs/error.log.2021-05-04 HTTP/1.1" 304 234 "-" "Mozilla/5.0 (compatible; Barkrowler/0.9; +https://babbar.tech/crawler)" 
154.54.249.161 - - [04/Jan/2023:07:20:39 -0800] "GET /self.logs/error.log.2021-06-05 HTTP/1.1" 304 234 "-" "Mozilla/5.0 (compatible; Barkrowler/0.9; +https://babbar.tech/crawler)" 
154.54.249.15 - - [04/Jan/2023:07:21:29 -0800] "GET /self.logs/error.log.2021-07-03 HTTP/1.1" 304 237 "-" "Mozilla/5.0 (compatible; Barkrowler/0.9; +https://babbar.tech/crawler)" 
20.118.164.134 - - [04/Jan/2023:07:21:57 -0800] "GET /wp-admin/css/ HTTP/1.1" 301 501 "binance.com" "Mozilla/5.0 (Windows NT 10.0; Win64; x64) AppleWebKit/537.36 (KHTML, like Gecko) Chrome/90.0.4430.85 Safari/537.36" 
20.118.164.134 - - [04/Jan/2023:07:22:08 -0800] "GET /wp-admin/css/ HTTP/1.1" 404 338 "binance.com" "Mozilla/5.0 (Windows NT 10.0; Win64; x64) AppleWebKit/537.36 (KHTML, like Gecko) Chrome/90.0.4430.85 Safari/537.36" 
20.118.164.134 - - [04/Jan/2023:07:22:12 -0800] "GET /.well-known/ HTTP/1.1" 301 499 "binance.com" "Mozilla/5.0 (Windows NT 10.0; Win64; x64) AppleWebKit/537.36 (KHTML, like Gecko) Chrome/90.0.4430.85 Safari/537.36" 
20.118.164.134 - - [04/Jan/2023:07:22:15 -0800] "GET /.well-known/ HTTP/1.1" 200 673 "binance.com" "Mozilla/5.0 (Windows NT 10.0; Win64; x64) AppleWebKit/537.36 (KHTML, like Gecko) Chrome/90.0.4430.85 Safari/537.36" 
20.118.164.134 - - [04/Jan/2023:07:22:16 -0800] "GET /sites/default/files/ HTTP/1.1" 301 515 "binance.com" "Mozilla/5.0 (Windows NT 10.0; Win64; x64) AppleWebKit/537.36 (KHTML, like Gecko) Chrome/90.0.4430.85 Safari/537.36" 
20.118.164.134 - - [04/Jan/2023:07:22:17 -0800] "GET /sites/default/files/ HTTP/1.1" 404 338 "binance.com" "Mozilla/5.0 (Windows NT 10.0; Win64; x64) AppleWebKit/537.36 (KHTML, like Gecko) Chrome/90.0.4430.85 Safari/537.36" 
20.118.164.134 - - [04/Jan/2023:07:22:19 -0800] "GET /admin/controller/extension/extension/ HTTP/1.1" 301 549 "binance.com" "Mozilla/5.0 (Windows NT 10.0; Win64; x64) AppleWebKit/537.36 (KHTML, like Gecko) Chrome/90.0.4430.85 Safari/537.36" 
20.118.164.134 - - [04/Jan/2023:07:22:20 -0800] "GET /admin/controller/extension/extension/ HTTP/1.1" 404 338 "binance.com" "Mozilla/5.0 (Windows NT 10.0; Win64; x64) AppleWebKit/537.36 (KHTML, like Gecko) Chrome/90.0.4430.85 Safari/537.36" 
154.54.249.162 - - [04/Jan/2023:07:22:20 -0800] "GET /self.logs/error.log.2021-01-01 HTTP/1.1" 304 234 "-" "Mozilla/5.0 (compatible; Barkrowler/0.9; +https://babbar.tech/crawler)" 
20.118.164.134 - - [04/Jan/2023:07:22:21 -0800] "GET /uploads/ HTTP/1.1" 301 491 "binance.com" "Mozilla/5.0 (Windows NT 10.0; Win64; x64) AppleWebKit/537.36 (KHTML, like Gecko) Chrome/90.0.4430.85 Safari/537.36" 
20.118.164.134 - - [04/Jan/2023:07:22:23 -0800] "GET /uploads/ HTTP/1.1" 404 338 "binance.com" "Mozilla/5.0 (Windows NT 10.0; Win64; x64) AppleWebKit/537.36 (KHTML, like Gecko) Chrome/90.0.4430.85 Safari/537.36" 
20.118.164.134 - - [04/Jan/2023:07:22:24 -0800] "GET /images/ HTTP/1.1" 301 489 "binance.com" "Mozilla/5.0 (Windows NT 10.0; Win64; x64) AppleWebKit/537.36 (KHTML, like Gecko) Chrome/90.0.4430.85 Safari/537.36" 
20.118.164.134 - - [04/Jan/2023:07:22:24 -0800] "GET /images/ HTTP/1.1" 404 338 "binance.com" "Mozilla/5.0 (Windows NT 10.0; Win64; x64) AppleWebKit/537.36 (KHTML, like Gecko) Chrome/90.0.4430.85 Safari/537.36" 
20.118.164.134 - - [04/Jan/2023:07:22:25 -0800] "GET /files/ HTTP/1.1" 301 487 "binance.com" "Mozilla/5.0 (Windows NT 10.0; Win64; x64) AppleWebKit/537.36 (KHTML, like Gecko) Chrome/90.0.4430.85 Safari/537.36" 
20.118.164.134 - - [04/Jan/2023:07:22:25 -0800] "GET /files/ HTTP/1.1" 404 338 "binance.com" "Mozilla/5.0 (Windows NT 10.0; Win64; x64) AppleWebKit/537.36 (KHTML, like Gecko) Chrome/90.0.4430.85 Safari/537.36" 
154.54.249.160 - - [04/Jan/2023:07:23:11 -0800] "GET /self.logs/error.log.2021-01-16 HTTP/1.1" 304 234 "-" "Mozilla/5.0 (compatible; Barkrowler/0.9; +https://babbar.tech/crawler)" 
34.218.47.17 - - [04/Jan/2023:07:23:34 -0800] "GET / HTTP/1.1" 301 419 "-" "Mozilla/5.0 (X11; Linux x86_64) AppleWebKit/537.36 (KHTML, like Gecko) Chrome/83.0.4103.97 Safari/537.36" 
34.218.47.17 - - [04/Jan/2023:07:23:36 -0800] "GET / HTTP/1.1" 200 13152 "-" "Mozilla/5.0 (X11; Linux x86_64) AppleWebKit/537.36 (KHTML, like Gecko) Chrome/83.0.4103.97 Safari/537.36" 
35.86.81.114 - - [04/Jan/2023:07:23:39 -0800] "GET /favicon.ico HTTP/1.1" 301 441 "-" "Mozilla/5.0 (X11; Linux x86_64) AppleWebKit/537.36 (KHTML, like Gecko) Chrome/83.0.4103.97 Safari/537.36" 
35.86.81.114 - - [04/Jan/2023:07:23:39 -0800] "GET /favicon.ico HTTP/1.1" 429 430 "http://secrepo.com/favicon.ico" "Mozilla/5.0 (X11; Linux x86_64) AppleWebKit/537.36 (KHTML, like Gecko) Chrome/83.0.4103.97 Safari/537.36" 
35.86.81.114 - - [04/Jan/2023:07:23:39 -0800] "GET / HTTP/1.1" 301 419 "-" "Mozilla/5.0 (X11; Linux x86_64) AppleWebKit/537.36 (KHTML, like Gecko) Chrome/83.0.4103.97 Safari/537.36" 
35.86.81.114 - - [04/Jan/2023:07:23:40 -0800] "GET / HTTP/1.1" 429 430 "http://secrepo.com" "Mozilla/5.0 (X11; Linux x86_64) AppleWebKit/537.36 (KHTML, like Gecko) Chrome/83.0.4103.97 Safari/537.36" 
154.54.249.162 - - [04/Jan/2023:07:24:01 -0800] "GET /self.logs/error.log.2021-07-21 HTTP/1.1" 304 236 "-" "Mozilla/5.0 (compatible; Barkrowler/0.9; +https://babbar.tech/crawler)" 
154.54.249.160 - - [04/Jan/2023:07:24:52 -0800] "GET /self.logs/error.log.2021-01-29 HTTP/1.1" 304 234 "-" "Mozilla/5.0 (compatible; Barkrowler/0.9; +https://babbar.tech/crawler)" 
154.54.249.163 - - [04/Jan/2023:07:25:43 -0800] "GET /self.logs/error.log.2021-01-04 HTTP/1.1" 304 234 "-" "Mozilla/5.0 (compatible; Barkrowler/0.9; +https://babbar.tech/crawler)" 
154.54.249.163 - - [04/Jan/2023:07:26:33 -0800] "GET /self.logs/error.log.2021-03-22 HTTP/1.1" 304 234 "-" "Mozilla/5.0 (compatible; Barkrowler/0.9; +https://babbar.tech/crawler)" 
154.54.249.15 - - [04/Jan/2023:07:27:24 -0800] "GET /self.logs/error.log.2021-08-20 HTTP/1.1" 304 234 "-" "Mozilla/5.0 (compatible; Barkrowler/0.9; +https://babbar.tech/crawler)" 
154.54.249.160 - - [04/Jan/2023:07:28:15 -0800] "GET /self.logs/error.log.2021-05-31 HTTP/1.1" 304 234 "-" "Mozilla/5.0 (compatible; Barkrowler/0.9; +https://babbar.tech/crawler)" 
154.54.249.163 - - [04/Jan/2023:07:29:05 -0800] "GET /self.logs/error.log.2021-01-14 HTTP/1.1" 304 234 "-" "Mozilla/5.0 (compatible; Barkrowler/0.9; +https://babbar.tech/crawler)" 
154.54.249.163 - - [04/Jan/2023:07:29:56 -0800] "GET /self.logs/error.log.2021-01-05 HTTP/1.1" 304 234 "-" "Mozilla/5.0 (compatible; Barkrowler/0.9; +https://babbar.tech/crawler)" 
154.54.249.15 - - [04/Jan/2023:07:30:46 -0800] "GET /self.logs/error.log.2021-05-28 HTTP/1.1" 304 234 "-" "Mozilla/5.0 (compatible; Barkrowler/0.9; +https://babbar.tech/crawler)" 
154.54.249.161 - - [04/Jan/2023:07:31:37 -0800] "GET /self.logs/error.log.2021-09-02 HTTP/1.1" 304 234 "-" "Mozilla/5.0 (compatible; Barkrowler/0.9; +https://babbar.tech/crawler)" 
154.54.249.15 - - [04/Jan/2023:07:32:28 -0800] "GET /self.logs/error.log.2021-03-02 HTTP/1.1" 304 236 "-" "Mozilla/5.0 (compatible; Barkrowler/0.9; +https://babbar.tech/crawler)" 
207.46.13.180 - - [04/Jan/2023:07:32:45 -0800] "GET / HTTP/1.1" 200 13196 "-" "Mozilla/5.0 (compatible; bingbot/2.0; +http://www.bing.com/bingbot.htm)" 
154.54.249.161 - - [04/Jan/2023:07:33:18 -0800] "GET /self.logs/error.log.2021-07-17 HTTP/1.1" 304 234 "-" "Mozilla/5.0 (compatible; Barkrowler/0.9; +https://babbar.tech/crawler)" 
154.54.249.163 - - [04/Jan/2023:07:34:09 -0800] "GET /self.logs/error.log.2021-03-05 HTTP/1.1" 304 234 "-" "Mozilla/5.0 (compatible; Barkrowler/0.9; +https://babbar.tech/crawler)" 
154.54.249.15 - - [04/Jan/2023:07:35:00 -0800] "GET /self.logs/error.log.2021-05-12 HTTP/1.1" 304 234 "-" "Mozilla/5.0 (compatible; Barkrowler/0.9; +https://babbar.tech/crawler)" 
154.54.249.161 - - [04/Jan/2023:07:35:50 -0800] "GET /self.logs/error.log.2021-03-18 HTTP/1.1" 304 234 "-" "Mozilla/5.0 (compatible; Barkrowler/0.9; +https://babbar.tech/crawler)" 
192.184.75.253 - - [04/Jan/2023:07:36:30 -0800] "GET / HTTP/1.1" 301 475 "-" "Mozilla/5.0 (Macintosh; Intel Mac OS X 10_10_2) AppleWebKit/600.3.18 (KHTML, like Gecko) Version/8.0.3 Safari/600.3.18" 
192.184.75.253 - - [04/Jan/2023:07:36:32 -0800] "GET / HTTP/1.1" 200 13196 "-" "Mozilla/5.0 (Macintosh; Intel Mac OS X 10_10_2) AppleWebKit/600.3.18 (KHTML, like Gecko) Version/8.0.3 Safari/600.3.18" 
154.54.249.162 - - [04/Jan/2023:07:36:41 -0800] "GET /self.logs/error.log.2021-01-15 HTTP/1.1" 304 234 "-" "Mozilla/5.0 (compatible; Barkrowler/0.9; +https://babbar.tech/crawler)" 
49.7.20.105 - - [04/Jan/2023:07:37:09 -0800] "GET / HTTP/1.1" 200 13159 "-" "Sogou web spider/4.0(+http://www.sogou.com/docs/help/webmasters.htm#07)" 
154.54.249.162 - - [04/Jan/2023:07:37:32 -0800] "GET /self.logs/error.log.2020-01-20 HTTP/1.1" 304 234 "-" "Mozilla/5.0 (compatible; Barkrowler/0.9; +https://babbar.tech/crawler)" 
154.54.249.160 - - [04/Jan/2023:07:38:22 -0800] "GET /self.logs/error.log.2020-03-19 HTTP/1.1" 304 234 "-" "Mozilla/5.0 (compatible; Barkrowler/0.9; +https://babbar.tech/crawler)" 
154.54.249.160 - - [04/Jan/2023:07:39:13 -0800] "GET /self.logs/error.log.2020-07-18 HTTP/1.1" 304 234 "-" "Mozilla/5.0 (compatible; Barkrowler/0.9; +https://babbar.tech/crawler)" 
154.54.249.163 - - [04/Jan/2023:07:40:03 -0800] "GET /self.logs/error.log.2020-09-14 HTTP/1.1" 304 234 "-" "Mozilla/5.0 (compatible; Barkrowler/0.9; +https://babbar.tech/crawler)" 
122.164.51.7 - - [04/Jan/2023:07:40:25 -0800] "GET / HTTP/1.1" 301 475 "-" "Mozilla/5.0 (Macintosh; Intel Mac OS X 10_15_7) AppleWebKit/605.1.15 (KHTML, like Gecko) Version/16.1 Safari/605.1.15" 
122.164.51.7 - - [04/Jan/2023:07:40:26 -0800] "GET / HTTP/1.1" 200 13196 "-" "Mozilla/5.0 (Macintosh; Intel Mac OS X 10_15_7) AppleWebKit/605.1.15 (KHTML, like Gecko) Version/16.1 Safari/605.1.15" 
122.164.51.7 - - [04/Jan/2023:07:40:26 -0800] "GET /css/style.css HTTP/1.1" 404 315 "http://www.secrepo.com/" "Mozilla/5.0 (Macintosh; Intel Mac OS X 10_15_7) AppleWebKit/605.1.15 (KHTML, like Gecko) Version/16.1 Safari/605.1.15" 
122.164.51.7 - - [04/Jan/2023:07:40:26 -0800] "GET /GitHub-Mark.png HTTP/1.1" 200 7543 "http://www.secrepo.com/" "Mozilla/5.0 (Macintosh; Intel Mac OS X 10_15_7) AppleWebKit/605.1.15 (KHTML, like Gecko) Version/16.1 Safari/605.1.15" 
122.164.51.7 - - [04/Jan/2023:07:40:26 -0800] "GET /twitter-icon.png HTTP/1.1" 200 27926 "http://www.secrepo.com/" "Mozilla/5.0 (Macintosh; Intel Mac OS X 10_15_7) AppleWebKit/605.1.15 (KHTML, like Gecko) Version/16.1 Safari/605.1.15" 
122.164.51.7 - - [04/Jan/2023:07:40:28 -0800] "GET /bootstrap/img/favicon.ico HTTP/1.1" 200 700 "http://www.secrepo.com/" "Mozilla/5.0 (Macintosh; Intel Mac OS X 10_15_7) AppleWebKit/605.1.15 (KHTML, like Gecko) Version/16.1 Safari/605.1.15" 
154.54.249.160 - - [04/Jan/2023:07:40:54 -0800] "GET /self.logs/error.log.2020-07-02 HTTP/1.1" 304 234 "-" "Mozilla/5.0 (compatible; Barkrowler/0.9; +https://babbar.tech/crawler)" 
154.54.249.15 - - [04/Jan/2023:07:41:45 -0800] "GET /self.logs/error.log.2020-03-28 HTTP/1.1" 304 234 "-" "Mozilla/5.0 (compatible; Barkrowler/0.9; +https://babbar.tech/crawler)" 
154.54.249.163 - - [04/Jan/2023:07:42:35 -0800] "GET /self.logs/error.log.2020-09-16 HTTP/1.1" 304 236 "-" "Mozilla/5.0 (compatible; Barkrowler/0.9; +https://babbar.tech/crawler)" 
207.46.13.201 - - [04/Jan/2023:07:43:25 -0800] "GET /Datasets%20Description/HTML_Bro_log_1/dhcp.html HTTP/1.1" 200 1743 "-" "Mozilla/5.0 (compatible; bingbot/2.0; +http://www.bing.com/bingbot.htm)" 
154.54.249.160 - - [04/Jan/2023:07:43:26 -0800] "GET /self.logs/error.log.2020-08-19 HTTP/1.1" 304 234 "-" "Mozilla/5.0 (compatible; Barkrowler/0.9; +https://babbar.tech/crawler)" 
154.54.249.162 - - [04/Jan/2023:07:44:17 -0800] "GET /self.logs/error.log.2020-03-31 HTTP/1.1" 304 234 "-" "Mozilla/5.0 (compatible; Barkrowler/0.9; +https://babbar.tech/crawler)" 
154.54.249.160 - - [04/Jan/2023:07:45:07 -0800] "GET /self.logs/error.log.2020-05-25 HTTP/1.1" 304 234 "-" "Mozilla/5.0 (compatible; Barkrowler/0.9; +https://babbar.tech/crawler)" 
154.54.249.160 - - [04/Jan/2023:07:45:58 -0800] "GET /self.logs/error.log.2020-04-21 HTTP/1.1" 304 234 "-" "Mozilla/5.0 (compatible; Barkrowler/0.9; +https://babbar.tech/crawler)" 
154.54.249.15 - - [04/Jan/2023:07:46:48 -0800] "GET /self.logs/error.log.2020-03-01 HTTP/1.1" 304 234 "-" "Mozilla/5.0 (compatible; Barkrowler/0.9; +https://babbar.tech/crawler)" 
154.54.249.15 - - [04/Jan/2023:07:47:39 -0800] "GET /self.logs/error.log.2020-01-03 HTTP/1.1" 304 236 "-" "Mozilla/5.0 (compatible; Barkrowler/0.9; +https://babbar.tech/crawler)" 
154.54.249.15 - - [04/Jan/2023:07:48:30 -0800] "GET /self.logs/error.log.2020-06-12 HTTP/1.1" 304 234 "-" "Mozilla/5.0 (compatible; Barkrowler/0.9; +https://babbar.tech/crawler)" 
154.54.249.163 - - [04/Jan/2023:07:49:20 -0800] "GET /self.logs/error.log.2020-07-28 HTTP/1.1" 304 234 "-" "Mozilla/5.0 (compatible; Barkrowler/0.9; +https://babbar.tech/crawler)" 
154.54.249.162 - - [04/Jan/2023:07:50:11 -0800] "GET /self.logs/error.log.2020-03-20 HTTP/1.1" 304 234 "-" "Mozilla/5.0 (compatible; Barkrowler/0.9; +https://babbar.tech/crawler)" 
154.54.249.160 - - [04/Jan/2023:07:51:02 -0800] "GET /self.logs/error.log.2020-03-30 HTTP/1.1" 304 234 "-" "Mozilla/5.0 (compatible; Barkrowler/0.9; +https://babbar.tech/crawler)" 
154.54.249.160 - - [04/Jan/2023:07:51:52 -0800] "GET /self.logs/error.log.2020-05-01 HTTP/1.1" 304 234 "-" "Mozilla/5.0 (compatible; Barkrowler/0.9; +https://babbar.tech/crawler)" 
154.54.249.160 - - [04/Jan/2023:07:52:43 -0800] "GET /self.logs/error.log.2020-08-11 HTTP/1.1" 304 234 "-" "Mozilla/5.0 (compatible; Barkrowler/0.9; +https://babbar.tech/crawler)" 
114.119.156.49 - - [04/Jan/2023:07:53:11 -0800] "GET /self.logs/error.log.2020-03-27 HTTP/1.1" 200 361 "http://www.secrepo.com/self.logs?C=N%3BO%3DD" "Mozilla/5.0 (Linux; Android 7.0;) AppleWebKit/537.36 (KHTML, like Gecko) Mobile Safari/537.36 (compatible; PetalBot;+https://webmaster.petalsearch.com/site/petalbot)" 
154.54.249.163 - - [04/Jan/2023:07:53:34 -0800] "GET /self.logs/error.log.2020-09-30 HTTP/1.1" 304 234 "-" "Mozilla/5.0 (compatible; Barkrowler/0.9; +https://babbar.tech/crawler)" 
154.54.249.15 - - [04/Jan/2023:07:54:24 -0800] "GET /self.logs/error.log.2020-08-14 HTTP/1.1" 304 234 "-" "Mozilla/5.0 (compatible; Barkrowler/0.9; +https://babbar.tech/crawler)" 
154.54.249.161 - - [04/Jan/2023:07:55:15 -0800] "GET /self.logs/error.log.2020-05-10 HTTP/1.1" 304 234 "-" "Mozilla/5.0 (compatible; Barkrowler/0.9; +https://babbar.tech/crawler)" 
154.54.249.161 - - [04/Jan/2023:07:56:05 -0800] "GET /self.logs/error.log.2020-06-10 HTTP/1.1" 304 234 "-" "Mozilla/5.0 (compatible; Barkrowler/0.9; +https://babbar.tech/crawler)" 
154.54.249.160 - - [04/Jan/2023:07:56:56 -0800] "GET /self.logs/error.log.2020-09-10 HTTP/1.1" 304 234 "-" "Mozilla/5.0 (compatible; Barkrowler/0.9; +https://babbar.tech/crawler)" 
154.54.249.15 - - [04/Jan/2023:07:57:47 -0800] "GET /self.logs/error.log.2020-03-23 HTTP/1.1" 304 234 "-" "Mozilla/5.0 (compatible; Barkrowler/0.9; +https://babbar.tech/crawler)" 
154.54.249.163 - - [04/Jan/2023:07:58:38 -0800] "GET /self.logs/error.log.2020-05-14 HTTP/1.1" 304 234 "-" "Mozilla/5.0 (compatible; Barkrowler/0.9; +https://babbar.tech/crawler)" 
154.54.249.15 - - [04/Jan/2023:07:59:28 -0800] "GET /self.logs/error.log.2020-03-15 HTTP/1.1" 304 236 "-" "Mozilla/5.0 (compatible; Barkrowler/0.9; +https://babbar.tech/crawler)" 
154.54.249.15 - - [04/Jan/2023:08:00:19 -0800] "GET /self.logs/error.log.2020-05-16 HTTP/1.1" 304 234 "-" "Mozilla/5.0 (compatible; Barkrowler/0.9; +https://babbar.tech/crawler)" 
154.54.249.160 - - [04/Jan/2023:08:01:10 -0800] "GET /self.logs/error.log.2020-05-02 HTTP/1.1" 304 234 "-" "Mozilla/5.0 (compatible; Barkrowler/0.9; +https://babbar.tech/crawler)" 
154.54.249.162 - - [04/Jan/2023:08:02:00 -0800] "GET /self.logs/error.log.2020-08-03 HTTP/1.1" 304 234 "-" "Mozilla/5.0 (compatible; Barkrowler/0.9; +https://babbar.tech/crawler)" 
154.54.249.161 - - [04/Jan/2023:08:02:51 -0800] "GET /self.logs/error.log.2020-09-08 HTTP/1.1" 304 234 "-" "Mozilla/5.0 (compatible; Barkrowler/0.9; +https://babbar.tech/crawler)" 
154.54.249.160 - - [04/Jan/2023:08:03:42 -0800] "GET /self.logs/error.log.2020-05-05 HTTP/1.1" 304 234 "-" "Mozilla/5.0 (compatible; Barkrowler/0.9; +https://babbar.tech/crawler)" 
122.164.51.7 - - [04/Jan/2023:08:03:54 -0800] "GET / HTTP/1.1" 301 475 "-" "Mozilla/5.0 (Macintosh; Intel Mac OS X 10_15_7) AppleWebKit/605.1.15 (KHTML, like Gecko) Version/16.1 Safari/605.1.15" 
122.164.51.7 - - [04/Jan/2023:08:03:55 -0800] "GET / HTTP/1.1" 200 13195 "-" "Mozilla/5.0 (Macintosh; Intel Mac OS X 10_15_7) AppleWebKit/605.1.15 (KHTML, like Gecko) Version/16.1 Safari/605.1.15" 
122.164.51.7 - - [04/Jan/2023:08:03:56 -0800] "GET /css/style.css HTTP/1.1" 404 315 "http://www.secrepo.com/" "Mozilla/5.0 (Macintosh; Intel Mac OS X 10_15_7) AppleWebKit/605.1.15 (KHTML, like Gecko) Version/16.1 Safari/605.1.15" 
122.164.51.7 - - [04/Jan/2023:08:03:56 -0800] "GET /twitter-icon.png HTTP/1.1" 200 27926 "http://www.secrepo.com/" "Mozilla/5.0 (Macintosh; Intel Mac OS X 10_15_7) AppleWebKit/605.1.15 (KHTML, like Gecko) Version/16.1 Safari/605.1.15" 
122.164.51.7 - - [04/Jan/2023:08:03:56 -0800] "GET /GitHub-Mark.png HTTP/1.1" 200 7543 "http://www.secrepo.com/" "Mozilla/5.0 (Macintosh; Intel Mac OS X 10_15_7) AppleWebKit/605.1.15 (KHTML, like Gecko) Version/16.1 Safari/605.1.15" 
122.164.51.7 - - [04/Jan/2023:08:03:58 -0800] "GET /bootstrap/img/favicon.ico HTTP/1.1" 200 700 "http://www.secrepo.com/" "Mozilla/5.0 (Macintosh; Intel Mac OS X 10_15_7) AppleWebKit/605.1.15 (KHTML, like Gecko) Version/16.1 Safari/605.1.15" 
122.164.51.7 - - [04/Jan/2023:08:04:22 -0800] "GET / HTTP/1.1" 200 13195 "http://www.secrepo.com/" "Mozilla/5.0 (Macintosh; Intel Mac OS X 10_15_7) AppleWebKit/605.1.15 (KHTML, like Gecko) Version/16.1 Safari/605.1.15" 
122.164.51.7 - - [04/Jan/2023:08:04:22 -0800] "GET / HTTP/1.1" 200 13195 "-" "Mozilla/5.0 (Macintosh; Intel Mac OS X 10_15_7) AppleWebKit/605.1.15 (KHTML, like Gecko)" 
122.164.51.7 - - [04/Jan/2023:08:04:22 -0800] "GET /apple-touch-icon-precomposed.png HTTP/1.1" 404 338 "-" "Safari/18614.2.9.1.12 CFNetwork/1399.4 Darwin/22.1.0" 
122.164.51.7 - - [04/Jan/2023:08:04:23 -0800] "GET /apple-touch-icon-precomposed.png HTTP/1.1" 404 338 "-" "Safari/18614.2.9.1.12 CFNetwork/1399.4 Darwin/22.1.0" 
122.164.51.7 - - [04/Jan/2023:08:04:23 -0800] "GET /apple-touch-icon.png HTTP/1.1" 404 315 "-" "Safari/18614.2.9.1.12 CFNetwork/1399.4 Darwin/22.1.0" 
122.164.51.7 - - [04/Jan/2023:08:04:23 -0800] "GET /apple-touch-icon.png HTTP/1.1" 404 315 "-" "Safari/18614.2.9.1.12 CFNetwork/1399.4 Darwin/22.1.0" 
122.164.51.7 - - [04/Jan/2023:08:04:23 -0800] "GET /bootstrap/img/favicon.ico HTTP/1.1" 200 700 "-" "Safari/18614.2.9.1.12 CFNetwork/1399.4 Darwin/22.1.0" 
122.164.51.7 - - [04/Jan/2023:08:04:23 -0800] "GET / HTTP/1.1" 200 13172 "-" "Mozilla/5.0 (iPhone; CPU iPhone OS 16_0 like Mac OS X) AppleWebKit/605.1.15 (KHTML, like Gecko) Version/16.0 Mobile/15E148 Safari/604.1" 
122.164.51.7 - - [04/Jan/2023:08:04:23 -0800] "GET /apple-touch-icon-precomposed.png HTTP/1.1" 404 315 "-" "Safari/18614.2.9.1.12 CFNetwork/1399.4 Darwin/22.1.0" 
122.164.51.7 - - [04/Jan/2023:08:04:24 -0800] "GET /apple-touch-icon.png HTTP/1.1" 404 315 "-" "Safari/18614.2.9.1.12 CFNetwork/1399.4 Darwin/22.1.0" 
154.54.249.161 - - [04/Jan/2023:08:04:32 -0800] "GET /self.logs/error.log.2020-06-27 HTTP/1.1" 304 234 "-" "Mozilla/5.0 (compatible; Barkrowler/0.9; +https://babbar.tech/crawler)" 
154.54.249.163 - - [04/Jan/2023:08:05:23 -0800] "GET /self.logs/error.log.2020-02-27 HTTP/1.1" 304 234 "-" "Mozilla/5.0 (compatible; Barkrowler/0.9; +https://babbar.tech/crawler)" 
154.54.249.160 - - [04/Jan/2023:08:06:13 -0800] "GET /self.logs/error.log.2020-04-27 HTTP/1.1" 304 234 "-" "Mozilla/5.0 (compatible; Barkrowler/0.9; +https://babbar.tech/crawler)" 
154.54.249.15 - - [04/Jan/2023:08:07:04 -0800] "GET /self.logs/error.log.2020-05-27 HTTP/1.1" 304 234 "-" "Mozilla/5.0 (compatible; Barkrowler/0.9; +https://babbar.tech/crawler)" 
154.54.249.162 - - [04/Jan/2023:08:07:55 -0800] "GET /self.logs/error.log.2020-04-06 HTTP/1.1" 304 234 "-" "Mozilla/5.0 (compatible; Barkrowler/0.9; +https://babbar.tech/crawler)" 
154.54.249.15 - - [04/Jan/2023:08:08:45 -0800] "GET /self.logs/error.log.2020-09-26 HTTP/1.1" 304 234 "-" "Mozilla/5.0 (compatible; Barkrowler/0.9; +https://babbar.tech/crawler)" 
154.54.249.160 - - [04/Jan/2023:08:09:36 -0800] "GET /self.logs/error.log.2020-06-13 HTTP/1.1" 304 234 "-" "Mozilla/5.0 (compatible; Barkrowler/0.9; +https://babbar.tech/crawler)" 
27.218.213.239 - - [04/Jan/2023:08:10:01 -0800] "GET / HTTP/1.1" 200 49143 "http://www.secrepo.com" "Mozilla/5.0 (Windows NT 5.1) AppleWebKit/537.36 (KHTML, like Gecko) Chrome/49.0.2623.110 Safari/537.36 OPR/36.0.2130.65" 
154.54.249.163 - - [04/Jan/2023:08:10:27 -0800] "GET /self.logs/error.log.2020-04-19 HTTP/1.1" 304 234 "-" "Mozilla/5.0 (compatible; Barkrowler/0.9; +https://babbar.tech/crawler)" 
154.54.249.15 - - [04/Jan/2023:08:11:17 -0800] "GET /self.logs/error.log.2020-05-19 HTTP/1.1" 304 234 "-" "Mozilla/5.0 (compatible; Barkrowler/0.9; +https://babbar.tech/crawler)" 
154.54.249.162 - - [04/Jan/2023:08:12:08 -0800] "GET /self.logs/error.log.2020-09-23 HTTP/1.1" 304 234 "-" "Mozilla/5.0 (compatible; Barkrowler/0.9; +https://babbar.tech/crawler)" 
