5.151.105.218 - - [04/Jun/2022:02:53:35 -0700] "GET / HTTP/1.1" 200 13186 "-" "Mozilla/5.0 (Macintosh; Intel Mac OS X 10_15_7) AppleWebKit/605.1.15 (KHTML, like Gecko) Version/15.5 Safari/605.1.15" 
5.151.105.218 - - [04/Jun/2022:02:53:35 -0700] "GET /css/style.css HTTP/1.1" 404 328 "http://www.secrepo.com/" "Mozilla/5.0 (Macintosh; Intel Mac OS X 10_15_7) AppleWebKit/605.1.15 (KHTML, like Gecko) Version/15.5 Safari/605.1.15" 
5.151.105.218 - - [04/Jun/2022:02:53:35 -0700] "GET /twitter-icon.png HTTP/1.1" 200 27893 "http://www.secrepo.com/" "Mozilla/5.0 (Macintosh; Intel Mac OS X 10_15_7) AppleWebKit/605.1.15 (KHTML, like Gecko) Version/15.5 Safari/605.1.15" 
5.151.105.218 - - [04/Jun/2022:02:53:35 -0700] "GET /GitHub-Mark.png HTTP/1.1" 200 7533 "http://www.secrepo.com/" "Mozilla/5.0 (Macintosh; Intel Mac OS X 10_15_7) AppleWebKit/605.1.15 (KHTML, like Gecko) Version/15.5 Safari/605.1.15" 
5.151.105.218 - - [04/Jun/2022:02:53:35 -0700] "GET /bootstrap/img/favicon.ico HTTP/1.1" 200 690 "http://www.secrepo.com/" "Mozilla/5.0 (Macintosh; Intel Mac OS X 10_15_7) AppleWebKit/605.1.15 (KHTML, like Gecko) Version/15.5 Safari/605.1.15" 
151.20.38.121 - - [04/Jun/2022:02:58:05 -0700] "GET / HTTP/1.1" 200 13186 "-" "Mozilla/5.0 (Linux; Android 11; ONEPLUS A6013) AppleWebKit/537.36 (KHTML, like Gecko) Chrome/102.0.0.0 Mobile Safari/537.36" 
151.20.38.121 - - [04/Jun/2022:02:58:05 -0700] "GET /css/style.css HTTP/1.1" 404 305 "http://www.secrepo.com/" "Mozilla/5.0 (Linux; Android 11; ONEPLUS A6013) AppleWebKit/537.36 (KHTML, like Gecko) Chrome/102.0.0.0 Mobile Safari/537.36" 
151.20.38.121 - - [04/Jun/2022:02:58:05 -0700] "GET /GitHub-Mark.png HTTP/1.1" 200 7556 "http://www.secrepo.com/" "Mozilla/5.0 (Linux; Android 11; ONEPLUS A6013) AppleWebKit/537.36 (KHTML, like Gecko) Chrome/102.0.0.0 Mobile Safari/537.36" 
151.20.38.121 - - [04/Jun/2022:02:58:05 -0700] "GET /twitter-icon.png HTTP/1.1" 200 27916 "http://www.secrepo.com/" "Mozilla/5.0 (Linux; Android 11; ONEPLUS A6013) AppleWebKit/537.36 (KHTML, like Gecko) Chrome/102.0.0.0 Mobile Safari/537.36" 
151.20.38.121 - - [04/Jun/2022:02:58:06 -0700] "GET /bootstrap/img/favicon.ico HTTP/1.1" 200 690 "http://www.secrepo.com/" "Mozilla/5.0 (Linux; Android 11; ONEPLUS A6013) AppleWebKit/537.36 (KHTML, like Gecko) Chrome/102.0.0.0 Mobile Safari/537.36" 
151.20.38.121 - - [04/Jun/2022:02:58:23 -0700] "GET /auth.log/auth.log.gz HTTP/1.1" 200 615679 "http://www.secrepo.com/" "Mozilla/5.0 (Linux; Android 11; ONEPLUS A6013) AppleWebKit/537.36 (KHTML, like Gecko) Chrome/102.0.0.0 Mobile Safari/537.36" 
49.7.20.111 - - [04/Jun/2022:03:06:28 -0700] "GET / HTTP/1.1" 200 13148 "-" "Sogou web spider/4.0(+http://www.sogou.com/docs/help/webmasters.htm#07)" 
130.102.13.106 - - [04/Jun/2022:03:11:41 -0700] "GET /maccdc2012/conn.log.gz HTTP/1.1" 200 53670972 "http://www.secrepo.com/" "Mozilla/5.0 (Windows NT 10.0; Win64; x64) AppleWebKit/537.36 (KHTML, like Gecko) Chrome/101.0.4951.64 Safari/537.36 Edg/101.0.1210.53" 
114.119.149.23 - - [04/Jun/2022:03:14:01 -0700] "GET /self.logs/2016/error.log.2016-01-22 HTTP/1.1" 200 351 "http://www.secrepo.com/self.logs/2016/?C=S%3BO%3DA" "Mozilla/5.0 (Linux; Android 7.0;) AppleWebKit/537.36 (KHTML, like Gecko) Mobile Safari/537.36 (compatible; PetalBot;+https://webmaster.petalsearch.com/site/petalbot)" 
114.119.140.174 - - [04/Jun/2022:03:24:57 -0700] "GET /self.logs/2016/access.log.2016-09-02.gz HTTP/1.1" 200 8388 "http://www.secrepo.com/self.logs/2016/?C=S%3BO%3DA" "Mozilla/5.0 (Linux; Android 7.0;) AppleWebKit/537.36 (KHTML, like Gecko) Mobile Safari/537.36 (compatible; PetalBot;+https://webmaster.petalsearch.com/site/petalbot)" 
49.7.20.111 - - [04/Jun/2022:03:29:42 -0700] "GET / HTTP/1.1" 200 13149 "-" "Sogou web spider/4.0(+http://www.sogou.com/docs/help/webmasters.htm#07)" 
157.55.39.92 - - [04/Jun/2022:03:34:11 -0700] "GET / HTTP/1.1" 301 475 "-" "Mozilla/5.0 (compatible; bingbot/2.0; +http://www.bing.com/bingbot.htm)" 
157.55.39.92 - - [04/Jun/2022:03:39:01 -0700] "GET / HTTP/1.1" 200 13186 "-" "Mozilla/5.0 (compatible; bingbot/2.0; +http://www.bing.com/bingbot.htm)" 
49.7.20.111 - - [04/Jun/2022:03:52:59 -0700] "GET / HTTP/1.1" 200 13149 "-" "Sogou web spider/4.0(+http://www.sogou.com/docs/help/webmasters.htm#07)" 
157.55.39.92 - - [04/Jun/2022:03:56:22 -0700] "GET /self.logs/access.log.2019-10-08.gz HTTP/1.1" 200 34574 "-" "Mozilla/5.0 (compatible; bingbot/2.0; +http://www.bing.com/bingbot.htm)" 
5.187.85.11 - - [04/Jun/2022:03:56:44 -0700] "GET /twitter-icon.png HTTP/1.1" 200 27916 "-" "Mozilla/5.0 (Windows NT 10.0; Win64; x64; rv:100.0) Gecko/20100101 Firefox/100.0" 
5.187.85.11 - - [04/Jun/2022:03:56:44 -0700] "GET /GitHub-Mark.png HTTP/1.1" 200 7556 "-" "Mozilla/5.0 (Windows NT 10.0; Win64; x64; rv:100.0) Gecko/20100101 Firefox/100.0" 
114.119.145.137 - - [04/Jun/2022:03:57:27 -0700] "GET /self.logs/error.log.2018-07-20.gz HTTP/1.1" 200 6682 "http://www.secrepo.com/self.logs?C=N%3BO%3DD" "Mozilla/5.0 (Linux; Android 7.0;) AppleWebKit/537.36 (KHTML, like Gecko) Mobile Safari/537.36 (compatible; PetalBot;+https://webmaster.petalsearch.com/site/petalbot)" 
49.7.20.111 - - [04/Jun/2022:04:18:38 -0700] "GET / HTTP/1.1" 200 13149 "-" "Sogou web spider/4.0(+http://www.sogou.com/docs/help/webmasters.htm#07)" 
194.36.97.36 - - [04/Jun/2022:04:27:00 -0700] "GET / HTTP/1.1" 301 475 "-" "Mozilla/5.0 (Windows NT 10.0; WOW64) AppleWebKit/537.36 (KHTML, like Gecko) Chrome/63.0.3239.26 Safari/537.36 Core/1.63.5408.400 QQBrowser/10.1.1430.400" 
194.36.97.36 - - [04/Jun/2022:04:27:00 -0700] "GET / HTTP/1.1" 200 13186 "-" "Mozilla/5.0 (Windows NT 10.0; WOW64) AppleWebKit/537.36 (KHTML, like Gecko) Chrome/63.0.3239.26 Safari/537.36 Core/1.63.5408.400 QQBrowser/10.1.1430.400" 
185.122.170.175 - - [04/Jun/2022:04:27:03 -0700] "GET /data HTTP/1.1" 404 328 "http://www.secrepo.com/" "Mozilla/5.0 (Windows NT 10.0; WOW64) AppleWebKit/537.36 (KHTML, like Gecko) Chrome/63.0.3239.26 Safari/537.36 Core/1.63.5408.400 QQBrowser/10.1.1430.400" 
185.122.170.175 - - [04/Jun/2022:04:27:03 -0700] "GET /ftp://download.iwlab.foi.se/dataset/ HTTP/1.1" 404 328 "http://www.secrepo.com/" "Mozilla/5.0 (Windows NT 10.0; WOW64) AppleWebKit/537.36 (KHTML, like Gecko) Chrome/63.0.3239.26 Safari/537.36 Core/1.63.5408.400 QQBrowser/10.1.1430.400" 
194.36.97.36 - - [04/Jun/2022:04:27:04 -0700] "GET / HTTP/1.1" 301 475 "http://www.secrepo.com/" "Mozilla/5.0 (Windows NT 10.0; WOW64) AppleWebKit/537.36 (KHTML, like Gecko) Chrome/63.0.3239.26 Safari/537.36 Core/1.63.5408.400 QQBrowser/10.1.1430.400" 
194.36.97.36 - - [04/Jun/2022:04:27:04 -0700] "GET / HTTP/1.1" 200 13186 "http://secrepo.com" "Mozilla/5.0 (Windows NT 10.0; WOW64) AppleWebKit/537.36 (KHTML, like Gecko) Chrome/63.0.3239.26 Safari/537.36 Core/1.63.5408.400 QQBrowser/10.1.1430.400" 
185.122.170.175 - - [04/Jun/2022:04:27:08 -0700] "GET /Security-Data-Analysis/Lab_1/conn.log.zip HTTP/1.1" 200 5270600 "http://www.secrepo.com/" "Mozilla/5.0 (Windows NT 10.0; WOW64) AppleWebKit/537.36 (KHTML, like Gecko) Chrome/63.0.3239.26 Safari/537.36 Core/1.63.5408.400 QQBrowser/10.1.1430.400" 
130.102.13.28 - - [04/Jun/2022:04:42:27 -0700] "GET /Datasets%20Description/Network/dhcp.html HTTP/1.1" 200 1461 "http://www.secrepo.com/" "Mozilla/5.0 (Windows NT 10.0; Win64; x64) AppleWebKit/537.36 (KHTML, like Gecko) Chrome/102.0.5005.63 Safari/537.36" 
130.102.13.28 - - [04/Jun/2022:04:42:27 -0700] "GET /favicon.ico HTTP/1.1" 200 368 "http://www.secrepo.com/Datasets%20Description/Network/dhcp.html" "Mozilla/5.0 (Windows NT 10.0; Win64; x64) AppleWebKit/537.36 (KHTML, like Gecko) Chrome/102.0.5005.63 Safari/537.36" 
114.119.145.137 - - [04/Jun/2022:04:50:04 -0700] "GET /self.logs/access.log.2019-09-08.gz HTTP/1.1" 200 19635 "http://www.secrepo.com/self.logs/?C=M%3BO%3DA" "Mozilla/5.0 (Linux; Android 7.0;) AppleWebKit/537.36 (KHTML, like Gecko) Mobile Safari/537.36 (compatible; PetalBot;+https://webmaster.petalsearch.com/site/petalbot)" 
49.7.20.111 - - [04/Jun/2022:04:56:01 -0700] "GET / HTTP/1.1" 200 13149 "-" "Sogou web spider/4.0(+http://www.sogou.com/docs/help/webmasters.htm#07)" 
42.236.10.89 - - [04/Jun/2022:04:57:06 -0700] "GET / HTTP/1.1" 200 13186 "http://www.secrepo.com/" "Mozilla/5.0 (Windows NT 6.1; WOW64) AppleWebKit/537.36 (KHTML, like Gecko) Chrome/50.0.2661.102 Safari/537.36; 360Spider" 
114.119.140.174 - - [04/Jun/2022:05:00:12 -0700] "GET /self.logs/2016/access.log.2016-09-19.gz HTTP/1.1" 200 8075 "http://www.secrepo.com/self.logs/2016/?C=S%3BO%3DA" "Mozilla/5.0 (Linux; Android 7.0;) AppleWebKit/537.36 (KHTML, like Gecko) Mobile Safari/537.36 (compatible; PetalBot;+https://webmaster.petalsearch.com/site/petalbot)" 
125.253.55.22 - - [04/Jun/2022:05:02:33 -0700] "GET /Datasets%20Description/HTML_Bro_log_1 HTTP/1.1" 301 619 "http://www.secrepo.com/" "Mozilla/5.0 (Macintosh; Intel Mac OS X 10_15_4) AppleWebKit/537.36 (KHTML, like Gecko) Chrome/102.0.5005.61 Safari/537.36" 
125.253.55.22 - - [04/Jun/2022:05:02:33 -0700] "GET /Datasets%20Description/HTML_Bro_log_1/ HTTP/1.1" 200 811 "http://www.secrepo.com/" "Mozilla/5.0 (Macintosh; Intel Mac OS X 10_15_4) AppleWebKit/537.36 (KHTML, like Gecko) Chrome/102.0.5005.61 Safari/537.36" 
125.253.55.22 - - [04/Jun/2022:05:02:34 -0700] "GET /favicon.ico HTTP/1.1" 200 368 "http://www.secrepo.com/Datasets%20Description/HTML_Bro_log_1/" "Mozilla/5.0 (Macintosh; Intel Mac OS X 10_15_4) AppleWebKit/537.36 (KHTML, like Gecko) Chrome/102.0.5005.61 Safari/537.36" 
125.253.55.22 - - [04/Jun/2022:05:02:37 -0700] "GET /tg/a.zip HTTP/1.1" 200 66189448 "http://www.secrepo.com/" "Mozilla/5.0 (Macintosh; Intel Mac OS X 10_15_4) AppleWebKit/537.36 (KHTML, like Gecko) Chrome/102.0.5005.61 Safari/537.36" 
114.119.149.218 - - [04/Jun/2022:05:10:27 -0700] "GET /self.logs/access.log.2018-11-04.gz HTTP/1.1" 200 18929 "http://www.secrepo.com/self.logs/?C=M%3BO%3DA" "Mozilla/5.0 (Linux; Android 7.0;) AppleWebKit/537.36 (KHTML, like Gecko) Mobile Safari/537.36 (compatible; PetalBot;+https://webmaster.petalsearch.com/site/petalbot)" 
46.98.188.1 - - [04/Jun/2022:05:16:23 -0700] "GET / HTTP/1.0" 301 438 "-" "Mozilla/5.0 (compatible; MSIE 9.0; Windows NT 6.1; SV1)" 
46.98.188.1 - - [04/Jun/2022:05:16:23 -0700] "GET / HTTP/1.0" 200 49096 "-" "Mozilla/5.0 (compatible; MSIE 9.0; Windows NT 6.1; SV1)" 
180.215.104.194 - - [04/Jun/2022:05:40:12 -0700] "GET / HTTP/1.1" 200 49089 "-" "-" 
49.7.20.111 - - [04/Jun/2022:05:45:52 -0700] "GET / HTTP/1.1" 200 13149 "-" "Sogou web spider/4.0(+http://www.sogou.com/docs/help/webmasters.htm#07)" 
40.77.167.95 - - [04/Jun/2022:05:48:21 -0700] "GET /robots.txt HTTP/1.1" 200 377 "-" "Mozilla/5.0 (compatible; bingbot/2.0; +http://www.bing.com/bingbot.htm)" 
114.119.149.23 - - [04/Jun/2022:05:49:11 -0700] "GET /self.logs/access.log.2020-03-22.gz HTTP/1.1" 200 20836 "http://www.secrepo.com/self.logs?C=N%3BO%3DD" "Mozilla/5.0 (Linux; Android 7.0;) AppleWebKit/537.36 (KHTML, like Gecko) Mobile Safari/537.36 (compatible; PetalBot;+https://webmaster.petalsearch.com/site/petalbot)" 
121.44.70.27 - - [04/Jun/2022:05:59:07 -0700] "GET / HTTP/1.1" 200 13186 "-" "Mozilla/5.0 (Windows NT 10.0; Win64; x64) AppleWebKit/537.36 (KHTML, like Gecko) Chrome/102.0.5005.61 Safari/537.36" 
121.44.70.27 - - [04/Jun/2022:05:59:07 -0700] "GET /css/style.css HTTP/1.1" 404 305 "http://www.secrepo.com/" "Mozilla/5.0 (Windows NT 10.0; Win64; x64) AppleWebKit/537.36 (KHTML, like Gecko) Chrome/102.0.5005.61 Safari/537.36" 
121.44.70.27 - - [04/Jun/2022:05:59:07 -0700] "GET /twitter-icon.png HTTP/1.1" 200 27916 "http://www.secrepo.com/" "Mozilla/5.0 (Windows NT 10.0; Win64; x64) AppleWebKit/537.36 (KHTML, like Gecko) Chrome/102.0.5005.61 Safari/537.36" 
121.44.70.27 - - [04/Jun/2022:05:59:08 -0700] "GET /GitHub-Mark.png HTTP/1.1" 200 7533 "http://www.secrepo.com/" "Mozilla/5.0 (Windows NT 10.0; Win64; x64) AppleWebKit/537.36 (KHTML, like Gecko) Chrome/102.0.5005.61 Safari/537.36" 
121.44.70.27 - - [04/Jun/2022:05:59:09 -0700] "GET /bootstrap/img/favicon.ico HTTP/1.1" 200 690 "http://www.secrepo.com/" "Mozilla/5.0 (Windows NT 10.0; Win64; x64) AppleWebKit/537.36 (KHTML, like Gecko) Chrome/102.0.5005.61 Safari/537.36" 
121.44.70.27 - - [04/Jun/2022:05:59:23 -0700] "GET /maccdc2012/http.log.gz HTTP/1.1" 200 56420988 "http://www.secrepo.com/" "Mozilla/5.0 (Windows NT 10.0; Win64; x64) AppleWebKit/537.36 (KHTML, like Gecko) Chrome/102.0.5005.61 Safari/537.36" 
121.44.70.27 - - [04/Jun/2022:06:03:25 -0700] "GET /honeypot/honeypot.json.zip HTTP/1.1" 200 23086087 "http://www.secrepo.com/" "Mozilla/5.0 (Windows NT 10.0; Win64; x64) AppleWebKit/537.36 (KHTML, like Gecko) Chrome/102.0.5005.61 Safari/537.36" 
157.32.79.232 - - [04/Jun/2022:06:04:04 -0700] "GET / HTTP/1.1" 200 49089 "-" "Mozilla/5.0 (PPC) AppleWebKit/554.0 (KHTML, live Gecko) Chrome/5.0602.353 Safari/554" 
121.44.70.27 - - [04/Jun/2022:06:05:46 -0700] "GET /auth.log/auth.log.gz HTTP/1.1" 200 615679 "http://www.secrepo.com/" "Mozilla/5.0 (Windows NT 10.0; Win64; x64) AppleWebKit/537.36 (KHTML, like Gecko) Chrome/102.0.5005.61 Safari/537.36" 
20.118.174.125 - - [04/Jun/2022:06:07:09 -0700] "GET / HTTP/1.1" 200 13141 "-" "awesome_bot" 
114.119.149.237 - - [04/Jun/2022:06:07:33 -0700] "GET /self.logs/2016/access.log.2016-12-26.gz HTTP/1.1" 200 8941 "http://www.secrepo.com/self.logs/2016/?C=S%3BO%3DA" "Mozilla/5.0 (Linux; Android 7.0;) AppleWebKit/537.36 (KHTML, like Gecko) Mobile Safari/537.36 (compatible; PetalBot;+https://webmaster.petalsearch.com/site/petalbot)" 
222.187.222.93 - - [04/Jun/2022:06:12:23 -0700] "GET /data/admin/allowurl.txt HTTP/1.1" 404 328 "-" "Mozilla/5.0 (Windows NT 10.0; WOW64; rv:48.0) Gecko/20100101 Firefox/48.0" 
222.186.30.151 - - [04/Jun/2022:06:15:11 -0700] "GET /data/admin/allowurl.txt HTTP/1.1" 404 328 "-" "Mozilla/5.0 (Windows NT 10.0; WOW64; rv:48.0) Gecko/20100101 Firefox/48.0" 
222.186.30.151 - - [04/Jun/2022:06:15:17 -0700] "GET /e/data/js/ajax.js HTTP/1.1" 404 328 "-" "Mozilla/5.0 (Windows NT 10.0; WOW64; rv:48.0) Gecko/20100101 Firefox/48.0" 
125.253.55.22 - - [04/Jun/2022:06:19:54 -0700] "GET /Datasets%20Description/PE_malware/OPCleaver.html HTTP/1.1" 200 1458 "http://www.secrepo.com/" "Mozilla/5.0 (Macintosh; Intel Mac OS X 10_15_4) AppleWebKit/537.36 (KHTML, like Gecko) Chrome/102.0.5005.61 Safari/537.36" 
125.253.55.22 - - [04/Jun/2022:06:20:01 -0700] "GET / HTTP/1.1" 200 13186 "http://www.secrepo.com/Datasets%20Description/PE_malware/OPCleaver.html" "Mozilla/5.0 (Macintosh; Intel Mac OS X 10_15_4) AppleWebKit/537.36 (KHTML, like Gecko) Chrome/102.0.5005.61 Safari/537.36" 
125.253.55.22 - - [04/Jun/2022:06:20:01 -0700] "GET /css/style.css HTTP/1.1" 404 305 "http://www.secrepo.com/" "Mozilla/5.0 (Macintosh; Intel Mac OS X 10_15_4) AppleWebKit/537.36 (KHTML, like Gecko) Chrome/102.0.5005.61 Safari/537.36" 
125.253.55.22 - - [04/Jun/2022:06:26:25 -0700] "GET /Datasets%20Description/Network/notice.html HTTP/1.1" 200 1650 "http://www.secrepo.com/" "Mozilla/5.0 (Macintosh; Intel Mac OS X 10_15_4) AppleWebKit/537.36 (KHTML, like Gecko) Chrome/102.0.5005.61 Safari/537.36" 
125.253.55.22 - - [04/Jun/2022:06:26:42 -0700] "GET /maccdc2012/ssl.log.gz HTTP/1.1" 200 1311486 "http://www.secrepo.com/" "Mozilla/5.0 (Macintosh; Intel Mac OS X 10_15_4) AppleWebKit/537.36 (KHTML, like Gecko) Chrome/102.0.5005.61 Safari/537.36" 
49.7.20.111 - - [04/Jun/2022:06:31:52 -0700] "GET / HTTP/1.1" 200 13148 "-" "Sogou web spider/4.0(+http://www.sogou.com/docs/help/webmasters.htm#07)" 
114.119.149.218 - - [04/Jun/2022:06:32:51 -0700] "GET /self.logs/error.log.2020-12-19.gz HTTP/1.1" 200 1583 "http://www.secrepo.com/self.logs?C=N%3BO%3DD" "Mozilla/5.0 (Linux; Android 7.0;) AppleWebKit/537.36 (KHTML, like Gecko) Mobile Safari/537.36 (compatible; PetalBot;+https://webmaster.petalsearch.com/site/petalbot)" 
154.3.62.4 - - [04/Jun/2022:06:33:49 -0700] "GET / HTTP/1.1" 200 13148 "-" "Mozilla/5.0 (compatible; MixrankBot; crawler@mixrank.com)" 
154.3.62.4 - - [04/Jun/2022:06:34:08 -0700] "GET /honeypot/Honeypot HTTP/1.1" 301 472 "-" "Mozilla/5.0 (compatible; MixrankBot; crawler@mixrank.com)" 
154.3.62.4 - - [04/Jun/2022:06:34:08 -0700] "GET /honeypot/Honeypot HTTP/1.1" 404 291 "-" "Mozilla/5.0 (compatible; MixrankBot; crawler@mixrank.com)" 
154.3.62.4 - - [04/Jun/2022:06:34:28 -0700] "GET /\" HTTP/1.1" 301 445 "-" "Mozilla/5.0 (compatible; MixrankBot; crawler@mixrank.com)" 
154.3.62.4 - - [04/Jun/2022:06:34:33 -0700] "GET /\" HTTP/1.1" 404 291 "-" "Mozilla/5.0 (compatible; MixrankBot; crawler@mixrank.com)" 
154.3.62.4 - - [04/Jun/2022:06:34:34 -0700] "GET /tg/b.zip HTTP/1.1" 301 454 "-" "Mozilla/5.0 (compatible; MixrankBot; crawler@mixrank.com)" 
154.3.62.4 - - [04/Jun/2022:06:34:40 -0700] "GET /tg/b.zip HTTP/1.1" 200 23184800 "-" "Mozilla/5.0 (compatible; MixrankBot; crawler@mixrank.com)" 
154.3.62.4 - - [04/Jun/2022:06:35:15 -0700] "GET /squid/access.log.gz HTTP/1.1" 301 476 "-" "Mozilla/5.0 (compatible; MixrankBot; crawler@mixrank.com)" 
154.3.62.4 - - [04/Jun/2022:06:35:18 -0700] "GET /squid/access.log.gz HTTP/1.1" 200 23100634 "-" "Mozilla/5.0 (compatible; MixrankBot; crawler@mixrank.com)" 
185.191.171.44 - - [04/Jun/2022:06:35:38 -0700] "GET /robots.txt HTTP/1.1" 200 340 "-" "Mozilla/5.0 (compatible; SemrushBot/7~bl; +http://www.semrush.com/bot.html)" 
185.191.171.17 - - [04/Jun/2022:06:35:39 -0700] "GET /Datasets%20Description/HTML_Bro_log_2/packet_filter.html HTTP/1.1" 200 1688 "-" "Mozilla/5.0 (compatible; SemrushBot/7~bl; +http://www.semrush.com/bot.html)" 
154.3.62.4 - - [04/Jun/2022:06:35:47 -0700] "GET /maccdc2012/http.log.gz HTTP/1.1" 301 482 "-" "Mozilla/5.0 (compatible; MixrankBot; crawler@mixrank.com)" 
154.3.62.4 - - [04/Jun/2022:06:36:02 -0700] "GET /maccdc2012/http.log.gz HTTP/1.1" 200 438000 "-" "Mozilla/5.0 (compatible; MixrankBot; crawler@mixrank.com)" 
154.3.62.4 - - [04/Jun/2022:06:36:32 -0700] "GET /self.logs/ HTTP/1.1" 301 458 "-" "Mozilla/5.0 (compatible; MixrankBot; crawler@mixrank.com)" 
154.3.62.4 - - [04/Jun/2022:06:36:45 -0700] "GET /https://s3-us-west-1.amazonaws.com/umbrella-static/index.html HTTP/1.1" 301 558 "-" "Mozilla/5.0 (compatible; MixrankBot; crawler@mixrank.com)" 
154.3.62.4 - - [04/Jun/2022:06:36:33 -0700] "GET /self.logs/ HTTP/1.1" 200 36465 "-" "Mozilla/5.0 (compatible; MixrankBot; crawler@mixrank.com)" 
154.3.62.4 - - [04/Jun/2022:06:37:03 -0700] "GET /https:/s3-us-west-1.amazonaws.com/umbrella-static/index.html HTTP/1.1" 404 291 "-" "Mozilla/5.0 (compatible; MixrankBot; crawler@mixrank.com)" 
125.253.55.22 - - [04/Jun/2022:06:37:37 -0700] "GET /pe_static/op-cleaver.zip HTTP/1.1" 200 710176 "http://www.secrepo.com/" "Mozilla/5.0 (Macintosh; Intel Mac OS X 10_15_4) AppleWebKit/537.36 (KHTML, like Gecko) Chrome/102.0.5005.61 Safari/537.36" 
154.3.62.4 - - [04/Jun/2022:06:38:04 -0700] "GET /http://s3.amazonaws.com/alexa-static/top-1m.csv.zip HTTP/1.1" 301 538 "-" "Mozilla/5.0 (compatible; MixrankBot; crawler@mixrank.com)" 
154.3.62.4 - - [04/Jun/2022:06:38:14 -0700] "GET /pe_static/op-cleaver.zip HTTP/1.1" 301 486 "-" "Mozilla/5.0 (compatible; MixrankBot; crawler@mixrank.com)" 
154.3.62.4 - - [04/Jun/2022:06:38:17 -0700] "GET /pe_static/op-cleaver.zip HTTP/1.1" 200 710139 "-" "Mozilla/5.0 (compatible; MixrankBot; crawler@mixrank.com)" 
125.253.55.22 - - [04/Jun/2022:06:39:10 -0700] "GET /tg/tg_snort_full.7z HTTP/1.1" 200 8847905 "http://www.secrepo.com/" "Mozilla/5.0 (Macintosh; Intel Mac OS X 10_15_4) AppleWebKit/537.36 (KHTML, like Gecko) Chrome/102.0.5005.61 Safari/537.36" 
125.253.55.22 - - [04/Jun/2022:06:39:13 -0700] "GET /tg/tg_snort_full.7z HTTP/1.1" 200 8847905 "http://www.secrepo.com/" "Mozilla/5.0 (Macintosh; Intel Mac OS X 10_15_4) AppleWebKit/537.36 (KHTML, like Gecko) Chrome/102.0.5005.61 Safari/537.36" 
121.44.70.27 - - [04/Jun/2022:06:42:01 -0700] "GET / HTTP/1.1" 200 13185 "-" "Mozilla/5.0 (Windows NT 10.0; Win64; x64) AppleWebKit/537.36 (KHTML, like Gecko) Chrome/102.0.5005.61 Safari/537.36" 
121.44.70.27 - - [04/Jun/2022:06:42:02 -0700] "GET /css/style.css HTTP/1.1" 404 305 "http://www.secrepo.com/" "Mozilla/5.0 (Windows NT 10.0; Win64; x64) AppleWebKit/537.36 (KHTML, like Gecko) Chrome/102.0.5005.61 Safari/537.36" 
118.112.248.14 - - [04/Jun/2022:06:44:07 -0700] "GET / HTTP/1.1" 200 13185 "-" "Mozilla/5.0 (Windows NT 10.0; Win64; x64; rv:91.0) Gecko/20100101 Firefox/91.0" 
114.119.149.23 - - [04/Jun/2022:06:57:12 -0700] "GET /self.logs/error.log.2018-07-27.gz HTTP/1.1" 200 7956 "http://www.secrepo.com/self.logs?C=N%3BO%3DD" "Mozilla/5.0 (Linux; Android 7.0;) AppleWebKit/537.36 (KHTML, like Gecko) Mobile Safari/537.36 (compatible; PetalBot;+https://webmaster.petalsearch.com/site/petalbot)" 
114.119.140.174 - - [04/Jun/2022:07:03:50 -0700] "GET /self.logs/error.log.2017-06-07.gz HTTP/1.1" 200 1487 "http://www.secrepo.com/self.logs?C=N%3BO%3DD" "Mozilla/5.0 (Linux; Android 7.0;) AppleWebKit/537.36 (KHTML, like Gecko) Mobile Safari/537.36 (compatible; PetalBot;+https://webmaster.petalsearch.com/site/petalbot)" 
3.67.80.11 - - [04/Jun/2022:07:13:37 -0700] "GET / HTTP/1.1" 200 13186 "-" "Mozilla/5.0 (Macintosh; Intel Mac OS X 10_13_6) AppleWebKit/537.36 (KHTML, like Gecko) Chrome/67.0.3396.99 Safari/537.36" 
3.67.80.11 - - [04/Jun/2022:07:13:37 -0700] "GET / HTTP/1.1" 200 13186 "-" "Mozilla/5.0 (Macintosh; Intel Mac OS X 10_13_6) AppleWebKit/537.36 (KHTML, like Gecko) Chrome/67.0.3396.99 Safari/537.36" 
49.7.20.111 - - [04/Jun/2022:07:14:27 -0700] "GET / HTTP/1.1" 200 13149 "-" "Sogou web spider/4.0(+http://www.sogou.com/docs/help/webmasters.htm#07)" 
180.215.104.194 - - [04/Jun/2022:07:14:37 -0700] "GET / HTTP/1.1" 200 49089 "-" "-" 
114.119.149.218 - - [04/Jun/2022:07:25:05 -0700] "GET /self.logs/error.log.2017-01-11.gz HTTP/1.1" 200 3557 "http://www.secrepo.com/self.logs?C=N%3BO%3DD" "Mozilla/5.0 (Linux; Android 7.0;) AppleWebKit/537.36 (KHTML, like Gecko) Mobile Safari/537.36 (compatible; PetalBot;+https://webmaster.petalsearch.com/site/petalbot)" 
110.184.74.168 - - [04/Jun/2022:07:29:35 -0700] "GET /favicon.ico HTTP/1.1" 200 391 "-" "Mozilla/5.0 (Windows NT 10.0; WOW64) AppleWebKit/537.36 (KHTML, like Gecko) Chrome/86.0.4240.198 Safari/537.36" 
39.79.148.94 - - [04/Jun/2022:07:30:18 -0700] "GET / HTTP/1.1" 200 13186 "-" "Mozilla/5.0 (Windows NT 10.0; Win64; x64) AppleWebKit/537.36 (KHTML, like Gecko) Chrome/102.0.5005.63 Safari/537.36" 
39.79.148.94 - - [04/Jun/2022:07:30:19 -0700] "GET /css/style.css HTTP/1.1" 404 305 "http://www.secrepo.com/" "Mozilla/5.0 (Windows NT 10.0; Win64; x64) AppleWebKit/537.36 (KHTML, like Gecko) Chrome/102.0.5005.63 Safari/537.36" 
39.79.148.94 - - [04/Jun/2022:07:30:20 -0700] "GET /twitter-icon.png HTTP/1.1" 200 27893 "http://www.secrepo.com/" "Mozilla/5.0 (Windows NT 10.0; Win64; x64) AppleWebKit/537.36 (KHTML, like Gecko) Chrome/102.0.5005.63 Safari/537.36" 
39.79.148.94 - - [04/Jun/2022:07:30:20 -0700] "GET /GitHub-Mark.png HTTP/1.1" 200 7533 "http://www.secrepo.com/" "Mozilla/5.0 (Windows NT 10.0; Win64; x64) AppleWebKit/537.36 (KHTML, like Gecko) Chrome/102.0.5005.63 Safari/537.36" 
114.119.145.137 - - [04/Jun/2022:07:32:38 -0700] "GET /self.logs/access.log.2019-09-29.gz HTTP/1.1" 200 33400 "http://www.secrepo.com/self.logs/?C=M%3BO%3DA" "Mozilla/5.0 (Linux; Android 7.0;) AppleWebKit/537.36 (KHTML, like Gecko) Mobile Safari/537.36 (compatible; PetalBot;+https://webmaster.petalsearch.com/site/petalbot)" 
118.184.177.111 - - [04/Jun/2022:07:36:18 -0700] "GET / HTTP/1.1" 200 13149 "-" "Sogou web spider/4.0(+http://www.sogou.com/docs/help/webmasters.htm#07)" 
157.55.39.83 - - [04/Jun/2022:07:38:30 -0700] "GET /Datasets%20Description/HTML_Bro_log_2/ HTTP/1.1" 200 832 "-" "Mozilla/5.0 (compatible; bingbot/2.0; +http://www.bing.com/bingbot.htm)" 
114.119.149.23 - - [04/Jun/2022:07:40:19 -0700] "GET /self.logs/error.log.2018-06-25.gz HTTP/1.1" 200 5894 "http://www.secrepo.com/self.logs?C=N%3BO%3DD" "Mozilla/5.0 (Linux; Android 7.0;) AppleWebKit/537.36 (KHTML, like Gecko) Mobile Safari/537.36 (compatible; PetalBot;+https://webmaster.petalsearch.com/site/petalbot)" 
171.252.188.174 - - [04/Jun/2022:07:48:44 -0700] "GET /honeypot/BSidesDFW20-202014.ipynb HTTP/1.0" 404 291 "http://www.secrepo.com/honeypot/BSidesDFW20-202014.ipynb" "Mozilla/5.0 (Windows NT 10.0; Win64; x64) AppleWebKit/537.36 (KHTML, like Gecko) Chrome/90.0.4430.72 Safari/537.36 Edg/90.0.818.39" 
171.252.188.174 - - [04/Jun/2022:07:48:47 -0700] "GET / HTTP/1.0" 200 49096 "http://www.secrepo.com/" "Mozilla/5.0 (Windows NT 10.0; Win64; x64) AppleWebKit/537.36 (KHTML, like Gecko) Chrome/90.0.4430.72 Safari/537.36 Edg/90.0.818.39" 
49.7.20.111 - - [04/Jun/2022:07:55:17 -0700] "GET / HTTP/1.1" 200 13149 "-" "Sogou web spider/4.0(+http://www.sogou.com/docs/help/webmasters.htm#07)" 
114.119.145.137 - - [04/Jun/2022:07:56:23 -0700] "GET /self.logs/2016/error.log.2016-03-18.gz HTTP/1.1" 200 754 "http://www.secrepo.com/self.logs/2016/?C=S%3BO%3DA" "Mozilla/5.0 (Linux; Android 7.0;) AppleWebKit/537.36 (KHTML, like Gecko) Mobile Safari/537.36 (compatible; PetalBot;+https://webmaster.petalsearch.com/site/petalbot)" 
114.119.145.137 - - [04/Jun/2022:08:04:25 -0700] "GET /self.logs/error.log.2020-06-24 HTTP/1.1" 200 351 "http://www.secrepo.com/self.logs?C=N%3BO%3DD" "Mozilla/5.0 (Linux; Android 7.0;) AppleWebKit/537.36 (KHTML, like Gecko) Mobile Safari/537.36 (compatible; PetalBot;+https://webmaster.petalsearch.com/site/petalbot)" 
51.222.253.20 - - [04/Jun/2022:08:06:29 -0700] "GET /robots.txt HTTP/1.1" 200 333 "-" "Mozilla/5.0 (compatible; AhrefsBot/7.0; +http://ahrefs.com/robot/)" 
51.222.253.7 - - [04/Jun/2022:08:06:30 -0700] "GET /self.logs/ HTTP/1.1" 200 36458 "-" "Mozilla/5.0 (compatible; AhrefsBot/7.0; +http://ahrefs.com/robot/)" 
114.119.145.137 - - [04/Jun/2022:08:12:58 -0700] "GET /self.logs/error.log.2018-01-18.gz HTTP/1.1" 200 2025 "http://www.secrepo.com/self.logs?C=N%3BO%3DD" "Mozilla/5.0 (Linux; Android 7.0;) AppleWebKit/537.36 (KHTML, like Gecko) Mobile Safari/537.36 (compatible; PetalBot;+https://webmaster.petalsearch.com/site/petalbot)" 
114.119.149.222 - - [04/Jun/2022:08:21:26 -0700] "GET /self.logs/access.log.2018-05-18.gz HTTP/1.1" 200 16526 "http://www.secrepo.com/self.logs/?C=M%3BO%3DA" "Mozilla/5.0 (Linux; Android 7.0;) AppleWebKit/537.36 (KHTML, like Gecko) Mobile Safari/537.36 (compatible; PetalBot;+https://webmaster.petalsearch.com/site/petalbot)" 
89.208.242.29 - - [04/Jun/2022:08:25:55 -0700] "GET / HTTP/1.1" 200 13186 "-" "Mozilla/5.0 (Macintosh; Intel Mac OS X 10_15_7) AppleWebKit/605.1.15 (KHTML, like Gecko)" 
89.208.242.29 - - [04/Jun/2022:08:25:56 -0700] "GET /css/style.css HTTP/1.1" 404 328 "http://www.secrepo.com/" "Mozilla/5.0 (Macintosh; Intel Mac OS X 10_15_7) AppleWebKit/605.1.15 (KHTML, like Gecko)" 
89.208.242.29 - - [04/Jun/2022:08:25:56 -0700] "GET /twitter-icon.png HTTP/1.1" 200 27893 "http://www.secrepo.com/" "Mozilla/5.0 (Macintosh; Intel Mac OS X 10_15_7) AppleWebKit/605.1.15 (KHTML, like Gecko)" 
89.208.242.29 - - [04/Jun/2022:08:25:56 -0700] "GET /GitHub-Mark.png HTTP/1.1" 200 7533 "http://www.secrepo.com/" "Mozilla/5.0 (Macintosh; Intel Mac OS X 10_15_7) AppleWebKit/605.1.15 (KHTML, like Gecko)" 
114.119.149.23 - - [04/Jun/2022:08:30:01 -0700] "GET /self.logs/error.log.2019-03-16.gz HTTP/1.1" 200 3710 "http://www.secrepo.com/self.logs?C=N%3BO%3DD" "Mozilla/5.0 (Linux; Android 7.0;) AppleWebKit/537.36 (KHTML, like Gecko) Mobile Safari/537.36 (compatible; PetalBot;+https://webmaster.petalsearch.com/site/petalbot)" 
49.7.20.111 - - [04/Jun/2022:08:32:33 -0700] "GET / HTTP/1.1" 200 13149 "-" "Sogou web spider/4.0(+http://www.sogou.com/docs/help/webmasters.htm#07)" 
114.119.149.222 - - [04/Jun/2022:08:38:41 -0700] "GET /self.logs/error.log.2017-02-18.gz HTTP/1.1" 200 933 "http://www.secrepo.com/self.logs?C=N%3BO%3DD" "Mozilla/5.0 (Linux; Android 7.0;) AppleWebKit/537.36 (KHTML, like Gecko) Mobile Safari/537.36 (compatible; PetalBot;+https://webmaster.petalsearch.com/site/petalbot)" 
65.108.58.219 - - [04/Jun/2022:09:01:13 -0700] "GET / HTTP/1.1" 301 419 "-" "GuzzleHttp/7" 
65.108.58.219 - - [04/Jun/2022:09:01:14 -0700] "GET / HTTP/1.1" 200 49089 "-" "GuzzleHttp/7" 
195.15.219.224 - - [04/Jun/2022:09:01:56 -0700] "GET / HTTP/1.1" 301 419 "-" "GuzzleHttp/7" 
195.15.219.224 - - [04/Jun/2022:09:01:57 -0700] "GET / HTTP/1.1" 200 49089 "-" "GuzzleHttp/7" 
114.119.140.174 - - [04/Jun/2022:09:06:12 -0700] "GET /self.logs/2016/access.log.2016-10-28.gz HTTP/1.1" 200 7381 "http://www.secrepo.com/self.logs/2016/?C=S%3BO%3DA" "Mozilla/5.0 (Linux; Android 7.0;) AppleWebKit/537.36 (KHTML, like Gecko) Mobile Safari/537.36 (compatible; PetalBot;+https://webmaster.petalsearch.com/site/petalbot)" 
49.7.20.111 - - [04/Jun/2022:09:06:28 -0700] "GET / HTTP/1.1" 200 13148 "-" "Sogou web spider/4.0(+http://www.sogou.com/docs/help/webmasters.htm#07)" 
195.15.219.224 - - [04/Jun/2022:09:07:55 -0700] "GET / HTTP/1.1" 301 419 "-" "GuzzleHttp/7" 
195.15.219.224 - - [04/Jun/2022:09:07:55 -0700] "GET / HTTP/1.1" 200 49089 "-" "GuzzleHttp/7" 
141.95.100.52 - - [04/Jun/2022:09:14:03 -0700] "GET / HTTP/1.1" 301 419 "-" "GuzzleHttp/7" 
141.95.100.52 - - [04/Jun/2022:09:14:03 -0700] "GET / HTTP/1.1" 200 49089 "-" "GuzzleHttp/7" 
65.108.58.219 - - [04/Jun/2022:09:14:04 -0700] "GET / HTTP/1.1" 301 419 "-" "GuzzleHttp/7" 
65.108.58.219 - - [04/Jun/2022:09:14:04 -0700] "GET / HTTP/1.1" 200 49089 "-" "GuzzleHttp/7" 
114.119.149.228 - - [04/Jun/2022:09:15:46 -0700] "GET /self.logs/error.log.2020-09-29 HTTP/1.1" 200 351 "http://www.secrepo.com/self.logs?C=N%3BO%3DD" "Mozilla/5.0 (Linux; Android 7.0;) AppleWebKit/537.36 (KHTML, like Gecko) Mobile Safari/537.36 (compatible; PetalBot;+https://webmaster.petalsearch.com/site/petalbot)" 
49.7.20.111 - - [04/Jun/2022:09:38:17 -0700] "GET / HTTP/1.1" 200 13149 "-" "Sogou web spider/4.0(+http://www.sogou.com/docs/help/webmasters.htm#07)" 
114.119.145.137 - - [04/Jun/2022:09:44:44 -0700] "GET /self.logs/error.log.2018-11-21.gz HTTP/1.1" 200 4626 "http://www.secrepo.com/self.logs?C=N%3BO%3DD" "Mozilla/5.0 (Linux; Android 7.0;) AppleWebKit/537.36 (KHTML, like Gecko) Mobile Safari/537.36 (compatible; PetalBot;+https://webmaster.petalsearch.com/site/petalbot)" 
47.52.236.155 - - [04/Jun/2022:09:54:24 -0700] "GET / HTTP/1.1" 200 13186 "-" "Mozilla/5.0 (Macintosh; Intel Mac OS X 10_15_7) AppleWebKit/537.36 (KHTML, like Gecko) Chrome/102.0.5005.61 Safari/537.36" 
47.52.236.155 - - [04/Jun/2022:09:54:25 -0700] "GET /css/style.css HTTP/1.1" 404 305 "http://www.secrepo.com/" "Mozilla/5.0 (Macintosh; Intel Mac OS X 10_15_7) AppleWebKit/537.36 (KHTML, like Gecko) Chrome/102.0.5005.61 Safari/537.36" 
47.52.236.155 - - [04/Jun/2022:09:54:26 -0700] "GET /GitHub-Mark.png HTTP/1.1" 200 7556 "http://www.secrepo.com/" "Mozilla/5.0 (Macintosh; Intel Mac OS X 10_15_7) AppleWebKit/537.36 (KHTML, like Gecko) Chrome/102.0.5005.61 Safari/537.36" 
47.52.236.155 - - [04/Jun/2022:09:54:26 -0700] "GET /twitter-icon.png HTTP/1.1" 200 27893 "http://www.secrepo.com/" "Mozilla/5.0 (Macintosh; Intel Mac OS X 10_15_7) AppleWebKit/537.36 (KHTML, like Gecko) Chrome/102.0.5005.61 Safari/537.36" 
114.119.140.174 - - [04/Jun/2022:09:54:40 -0700] "GET /self.logs/access.log.2020-04-11.gz HTTP/1.1" 200 14285 "http://www.secrepo.com/self.logs?C=N%3BO%3DD" "Mozilla/5.0 (Linux; Android 7.0;) AppleWebKit/537.36 (KHTML, like Gecko) Mobile Safari/537.36 (compatible; PetalBot;+https://webmaster.petalsearch.com/site/petalbot)" 
185.191.171.44 - - [04/Jun/2022:10:06:18 -0700] "GET /robots.txt HTTP/1.1" 200 340 "-" "Mozilla/5.0 (compatible; SemrushBot/7~bl; +http://www.semrush.com/bot.html)" 
185.191.171.36 - - [04/Jun/2022:10:06:19 -0700] "GET /Datasets%20Description/HTML_Bro_log_2/ftp.html HTTP/1.1" 200 1701 "-" "Mozilla/5.0 (compatible; SemrushBot/7~bl; +http://www.semrush.com/bot.html)" 
157.55.39.83 - - [04/Jun/2022:10:07:33 -0700] "GET /self.logs/access.log.2022-05-03.gz HTTP/1.1" 200 15768 "-" "Mozilla/5.0 (compatible; bingbot/2.0; +http://www.bing.com/bingbot.htm)" 
157.55.39.83 - - [04/Jun/2022:10:12:25 -0700] "GET /self.logs/access.log.2020-06-01.gz HTTP/1.1" 200 12172 "-" "Mozilla/5.0 (compatible; bingbot/2.0; +http://www.bing.com/bingbot.htm)" 
114.119.149.23 - - [04/Jun/2022:10:14:53 -0700] "GET /self.logs/access.log.2019-08-30.gz HTTP/1.1" 200 16259 "http://www.secrepo.com/self.logs/?C=M%3BO%3DA" "Mozilla/5.0 (Linux; Android 7.0;) AppleWebKit/537.36 (KHTML, like Gecko) Mobile Safari/537.36 (compatible; PetalBot;+https://webmaster.petalsearch.com/site/petalbot)" 
114.119.140.174 - - [04/Jun/2022:10:25:10 -0700] "GET /self.logs/error.log.2017-11-05.gz HTTP/1.1" 200 3005 "http://www.secrepo.com/self.logs?C=N%3BO%3DD" "Mozilla/5.0 (Linux; Android 7.0;) AppleWebKit/537.36 (KHTML, like Gecko) Mobile Safari/537.36 (compatible; PetalBot;+https://webmaster.petalsearch.com/site/petalbot)" 
114.119.140.174 - - [04/Jun/2022:10:35:17 -0700] "GET /self.logs/error.log.2020-10-26 HTTP/1.1" 200 351 "http://www.secrepo.com/self.logs?C=N%3BO%3DD" "Mozilla/5.0 (Linux; Android 7.0;) AppleWebKit/537.36 (KHTML, like Gecko) Mobile Safari/537.36 (compatible; PetalBot;+https://webmaster.petalsearch.com/site/petalbot)" 
5.253.115.43 - - [04/Jun/2022:11:02:17 -0700] "GET / HTTP/1.1" 200 13186 "-" "Mozilla/5.0 (iPhone; CPU iPhone OS 14_3 like Mac OS X) AppleWebKit/605.1.15 (KHTML, like Gecko) Version/14.0.2 Mobile/15E148 Safari/604.1" 
5.253.115.43 - - [04/Jun/2022:11:02:18 -0700] "GET /css/style.css HTTP/1.1" 404 328 "http://www.secrepo.com/" "Mozilla/5.0 (iPhone; CPU iPhone OS 14_3 like Mac OS X) AppleWebKit/605.1.15 (KHTML, like Gecko) Version/14.0.2 Mobile/15E148 Safari/604.1" 
114.119.145.137 - - [04/Jun/2022:11:16:21 -0700] "GET /self.logs/2016/access.log.2016-04-23.gz HTTP/1.1" 200 6487 "http://www.secrepo.com/self.logs/2016/?C=S%3BO%3DA" "Mozilla/5.0 (Linux; Android 7.0;) AppleWebKit/537.36 (KHTML, like Gecko) Mobile Safari/537.36 (compatible; PetalBot;+https://webmaster.petalsearch.com/site/petalbot)" 
222.187.222.93 - - [04/Jun/2022:11:41:48 -0700] "GET /data/admin/allowurl.txt HTTP/1.1" 404 328 "-" "Mozilla/5.0 (Windows NT 10.0; WOW64; rv:48.0) Gecko/20100101 Firefox/48.0" 
110.88.127.245 - - [04/Jun/2022:11:42:39 -0700] "GET / HTTP/1.1" 301 438 "-" "Mozilla/5.0 (Windows NT 10.0; WOW64) AppleWebKit/537.36 (KHTML, like Gecko) Chrome/78.0.3904.108 Safari/537.36" 
110.82.126.163 - - [04/Jun/2022:11:42:39 -0700] "GET / HTTP/1.1" 200 13149 "-" "Mozilla/5.0 (Windows NT 10.0; WOW64) AppleWebKit/537.36 (KHTML, like Gecko) Chrome/78.0.3904.108 Safari/537.36" 
222.187.221.137 - - [04/Jun/2022:11:49:10 -0700] "GET / HTTP/1.1" 200 49089 "-" "-" 
114.119.149.222 - - [04/Jun/2022:11:54:45 -0700] "GET /self.logs/access.log.2018-07-16.gz HTTP/1.1" 200 25959 "http://www.secrepo.com/self.logs/?C=M%3BO%3DA" "Mozilla/5.0 (Linux; Android 7.0;) AppleWebKit/537.36 (KHTML, like Gecko) Mobile Safari/537.36 (compatible; PetalBot;+https://webmaster.petalsearch.com/site/petalbot)" 
17.121.112.11 - - [04/Jun/2022:11:54:45 -0700] "GET /Datasets%20Description/Network/dns.html HTTP/1.1" 200 1499 "-" "Mozilla/5.0 (Macintosh; Intel Mac OS X 10_15_5) AppleWebKit/605.1.15 (KHTML, like Gecko) Version/13.1.1 Safari/605.1.15 (Applebot/0.1; +http://www.apple.com/go/applebot)" 
47.60.39.227 - - [04/Jun/2022:11:55:34 -0700] "GET / HTTP/1.1" 200 13186 "-" "Mozilla/5.0 (iPhone; CPU iPhone OS 15_5 like Mac OS X) AppleWebKit/605.1.15 (KHTML, like Gecko) Version/15.5 Mobile/15E148 Safari/604.1" 
47.60.39.227 - - [04/Jun/2022:11:55:35 -0700] "GET /css/style.css HTTP/1.1" 404 328 "http://www.secrepo.com/" "Mozilla/5.0 (iPhone; CPU iPhone OS 15_5 like Mac OS X) AppleWebKit/605.1.15 (KHTML, like Gecko) Version/15.5 Mobile/15E148 Safari/604.1" 
47.60.39.227 - - [04/Jun/2022:11:55:35 -0700] "GET /twitter-icon.png HTTP/1.1" 200 27893 "http://www.secrepo.com/" "Mozilla/5.0 (iPhone; CPU iPhone OS 15_5 like Mac OS X) AppleWebKit/605.1.15 (KHTML, like Gecko) Version/15.5 Mobile/15E148 Safari/604.1" 
222.187.221.137 - - [04/Jun/2022:11:57:43 -0700] "GET / HTTP/1.1" 200 49089 "-" "-" 
41.68.202.242 - - [04/Jun/2022:11:58:58 -0700] "GET /self.logs/ HTTP/1.1" 200 36502 "-" "Mozilla/5.0 (Macintosh; Intel Mac OS X 10_15_7) AppleWebKit/537.36 (KHTML, like Gecko) Chrome/102.0.5005.61 Safari/537.36" 
41.68.202.242 - - [04/Jun/2022:11:58:59 -0700] "GET /favicon.ico HTTP/1.1" 200 368 "http://www.secrepo.com/self.logs/" "Mozilla/5.0 (Macintosh; Intel Mac OS X 10_15_7) AppleWebKit/537.36 (KHTML, like Gecko) Chrome/102.0.5005.61 Safari/537.36" 
41.68.202.242 - - [04/Jun/2022:11:59:03 -0700] "GET /self.logs/access.log.2017-01-01.gz HTTP/1.1" 200 17678 "http://www.secrepo.com/self.logs/" "Mozilla/5.0 (Macintosh; Intel Mac OS X 10_15_7) AppleWebKit/537.36 (KHTML, like Gecko) Chrome/102.0.5005.61 Safari/537.36" 
185.191.171.12 - - [04/Jun/2022:12:03:40 -0700] "GET /robots.txt HTTP/1.1" 200 340 "-" "Mozilla/5.0 (compatible; SemrushBot/7~bl; +http://www.semrush.com/bot.html)" 
185.191.171.16 - - [04/Jun/2022:12:03:40 -0700] "GET /Datasets%20Description/HTML_Bro_log_3/conn.html HTTP/1.1" 200 1972 "-" "Mozilla/5.0 (compatible; SemrushBot/7~bl; +http://www.semrush.com/bot.html)" 
222.187.221.137 - - [04/Jun/2022:12:05:16 -0700] "GET / HTTP/1.1" 200 49089 "-" "-" 
17.121.113.42 - - [04/Jun/2022:12:08:29 -0700] "GET /Datasets%20Description/PE_malware/OPCleaver.html HTTP/1.1" 200 1414 "-" "Mozilla/5.0 (Macintosh; Intel Mac OS X 10_15_5) AppleWebKit/605.1.15 (KHTML, like Gecko) Version/13.1.1 Safari/605.1.15 (Applebot/0.1; +http://www.apple.com/go/applebot)" 
185.191.171.33 - - [04/Jun/2022:12:13:53 -0700] "GET /Datasets%20Description/HTML_Bro_log_2/irc.html HTTP/1.1" 200 1734 "-" "Mozilla/5.0 (compatible; SemrushBot/7~bl; +http://www.semrush.com/bot.html)" 
118.184.177.32 - - [04/Jun/2022:12:14:41 -0700] "GET / HTTP/1.1" 200 13149 "-" "Sogou web spider/4.0(+http://www.sogou.com/docs/help/webmasters.htm#07)" 
157.55.39.191 - - [04/Jun/2022:12:22:17 -0700] "GET /self.logs/error.log.2019-05-12.gz HTTP/1.1" 200 4319 "-" "Mozilla/5.0 (compatible; bingbot/2.0; +http://www.bing.com/bingbot.htm)" 
197.135.34.10 - - [04/Jun/2022:12:22:28 -0700] "GET /css/style.css HTTP/1.1" 404 328 "http://www.secrepo.com/" "Mozilla/5.0 (Windows NT 10.0; Win64; x64) AppleWebKit/537.36 (KHTML, like Gecko) Chrome/102.0.5005.61 Safari/537.36" 
183.147.188.53 - - [04/Jun/2022:12:23:26 -0700] "POST /admin/index.asp HTTP/1.1" 404 328 "http://misc.yahoo.com.cn/" "Mozilla/5.0+(compatible;+Baispider/2.0;++http://www.bai.com/search/spider.html)" 
183.147.188.53 - - [04/Jun/2022:12:23:26 -0700] "POST /admin/index.asp HTTP/1.1" 418 746 "http://misc.yahoo.com.cn/" "Mozilla/5.0+(compatible;+Baispider/2.0;++http://www.bai.com/search/spider.html)" 
72.196.230.204 - - [04/Jun/2022:12:28:45 -0700] "GET / HTTP/1.1" 200 13186 "-" "Mozilla/5.0 (Macintosh; Intel Mac OS X 10_15_7) AppleWebKit/605.1.15 (KHTML, like Gecko) Version/15.5 Safari/605.1.15" 
72.196.230.204 - - [04/Jun/2022:12:28:45 -0700] "GET /css/style.css HTTP/1.1" 404 328 "http://www.secrepo.com/" "Mozilla/5.0 (Macintosh; Intel Mac OS X 10_15_7) AppleWebKit/605.1.15 (KHTML, like Gecko) Version/15.5 Safari/605.1.15" 
72.196.230.204 - - [04/Jun/2022:12:28:45 -0700] "GET /twitter-icon.png HTTP/1.1" 200 27893 "http://www.secrepo.com/" "Mozilla/5.0 (Macintosh; Intel Mac OS X 10_15_7) AppleWebKit/605.1.15 (KHTML, like Gecko) Version/15.5 Safari/605.1.15" 
72.196.230.204 - - [04/Jun/2022:12:28:46 -0700] "GET /GitHub-Mark.png HTTP/1.1" 200 7533 "http://www.secrepo.com/" "Mozilla/5.0 (Macintosh; Intel Mac OS X 10_15_7) AppleWebKit/605.1.15 (KHTML, like Gecko) Version/15.5 Safari/605.1.15" 
72.196.230.204 - - [04/Jun/2022:12:28:47 -0700] "GET /bootstrap/img/favicon.ico HTTP/1.1" 200 690 "http://www.secrepo.com/" "Mozilla/5.0 (Macintosh; Intel Mac OS X 10_15_7) AppleWebKit/605.1.15 (KHTML, like Gecko) Version/15.5 Safari/605.1.15" 
114.119.149.218 - - [04/Jun/2022:12:36:12 -0700] "GET /self.logs/2016/error.log.2016-04-13.gz HTTP/1.1" 200 640 "http://www.secrepo.com/self.logs/2016/?C=S%3BO%3DA" "Mozilla/5.0 (Linux; Android 7.0;) AppleWebKit/537.36 (KHTML, like Gecko) Mobile Safari/537.36 (compatible; PetalBot;+https://webmaster.petalsearch.com/site/petalbot)" 
114.119.149.228 - - [04/Jun/2022:12:46:32 -0700] "GET /self.logs/2016/access.log.2016-12-07.gz HTTP/1.1" 200 11053 "http://www.secrepo.com/self.logs/2016/?C=S%3BO%3DA" "Mozilla/5.0 (Linux; Android 7.0;) AppleWebKit/537.36 (KHTML, like Gecko) Mobile Safari/537.36 (compatible; PetalBot;+https://webmaster.petalsearch.com/site/petalbot)" 
17.121.112.30 - - [04/Jun/2022:12:48:47 -0700] "GET /Datasets%20Description/PE_malware/VirusShare.html HTTP/1.1" 200 1607 "-" "Mozilla/5.0 (Macintosh; Intel Mac OS X 10_15_5) AppleWebKit/605.1.15 (KHTML, like Gecko) Version/13.1.1 Safari/605.1.15 (Applebot/0.1; +http://www.apple.com/go/applebot)" 
157.55.39.92 - - [04/Jun/2022:12:55:24 -0700] "GET /self.logs/access.log.2017-04-01.gz HTTP/1.1" 200 12078 "-" "Mozilla/5.0 (compatible; bingbot/2.0; +http://www.bing.com/bingbot.htm)" 
118.123.247.233 - - [04/Jun/2022:12:55:55 -0700] "HEAD / HTTP/1.1" 200 381 "-" "Mozilla/5.0 (Windows NT 6.1; Win64; x64) AppleWebKit/537.36 (KHTML, like Gecko) Chrome/89.0.4389.128" 
118.123.247.233 - - [04/Jun/2022:12:55:55 -0700] "HEAD /xxxxfsfsfsfadsafdafdfdaasffasf.txt HTTP/1.1" 404 231 "-" "Mozilla/5.0 (Windows NT 6.1; Win64; x64) AppleWebKit/537.36 (KHTML, like Gecko) Chrome/89.0.4389.128" 
118.123.247.233 - - [04/Jun/2022:12:55:55 -0700] "HEAD /Sitemap.HTML HTTP/1.1" 404 231 "-" "Mozilla/5.0 (Windows NT 6.1; Win64; x64) AppleWebKit/537.36 (KHTML, like Gecko) Chrome/89.0.4389.128" 
118.123.247.233 - - [04/Jun/2022:12:55:56 -0700] "HEAD /Sitemap.XML HTTP/1.1" 404 231 "-" "Mozilla/5.0 (Windows NT 6.1; Win64; x64) AppleWebKit/537.36 (KHTML, like Gecko) Chrome/89.0.4389.128" 
118.123.247.233 - - [04/Jun/2022:12:55:56 -0700] "HEAD /default.ASP HTTP/1.1" 404 231 "-" "Mozilla/5.0 (Windows NT 6.1; Win64; x64) AppleWebKit/537.36 (KHTML, like Gecko) Chrome/89.0.4389.128" 
118.123.247.233 - - [04/Jun/2022:12:55:56 -0700] "HEAD /default.ASPX HTTP/1.1" 404 231 "-" "Mozilla/5.0 (Windows NT 6.1; Win64; x64) AppleWebKit/537.36 (KHTML, like Gecko) Chrome/89.0.4389.128" 
118.123.247.233 - - [04/Jun/2022:12:55:56 -0700] "HEAD /default.PHP HTTP/1.1" 404 231 "-" "Mozilla/5.0 (Windows NT 6.1; Win64; x64) AppleWebKit/537.36 (KHTML, like Gecko) Chrome/89.0.4389.128" 
118.123.247.233 - - [04/Jun/2022:12:55:57 -0700] "HEAD /favicon.ICO HTTP/1.1" 404 231 "-" "Mozilla/5.0 (Windows NT 6.1; Win64; x64) AppleWebKit/537.36 (KHTML, like Gecko) Chrome/89.0.4389.128" 
118.123.247.233 - - [04/Jun/2022:12:55:57 -0700] "HEAD /index.ASP HTTP/1.1" 404 231 "-" "Mozilla/5.0 (Windows NT 6.1; Win64; x64) AppleWebKit/537.36 (KHTML, like Gecko) Chrome/89.0.4389.128" 
118.123.247.233 - - [04/Jun/2022:12:55:57 -0700] "HEAD /index.ASPX HTTP/1.1" 404 231 "-" "Mozilla/5.0 (Windows NT 6.1; Win64; x64) AppleWebKit/537.36 (KHTML, like Gecko) Chrome/89.0.4389.128" 
118.123.247.233 - - [04/Jun/2022:12:55:57 -0700] "HEAD /index.HTM HTTP/1.1" 404 231 "-" "Mozilla/5.0 (Windows NT 6.1; Win64; x64) AppleWebKit/537.36 (KHTML, like Gecko) Chrome/89.0.4389.128" 
118.123.247.233 - - [04/Jun/2022:12:55:58 -0700] "HEAD /index.HTML HTTP/1.1" 404 231 "-" "Mozilla/5.0 (Windows NT 6.1; Win64; x64) AppleWebKit/537.36 (KHTML, like Gecko) Chrome/89.0.4389.128" 
118.123.247.233 - - [04/Jun/2022:12:55:58 -0700] "HEAD /index.PHP HTTP/1.1" 404 231 "-" "Mozilla/5.0 (Windows NT 6.1; Win64; x64) AppleWebKit/537.36 (KHTML, like Gecko) Chrome/89.0.4389.128" 
118.123.247.233 - - [04/Jun/2022:12:55:58 -0700] "HEAD /robots.TXT HTTP/1.1" 404 231 "-" "Mozilla/5.0 (Windows NT 6.1; Win64; x64) AppleWebKit/537.36 (KHTML, like Gecko) Chrome/89.0.4389.128" 
118.123.247.233 - - [04/Jun/2022:12:55:58 -0700] "HEAD /search.ASP HTTP/1.1" 404 231 "-" "Mozilla/5.0 (Windows NT 6.1; Win64; x64) AppleWebKit/537.36 (KHTML, like Gecko) Chrome/89.0.4389.128" 
118.123.247.233 - - [04/Jun/2022:12:55:59 -0700] "HEAD /search.ASPX HTTP/1.1" 404 231 "-" "Mozilla/5.0 (Windows NT 6.1; Win64; x64) AppleWebKit/537.36 (KHTML, like Gecko) Chrome/89.0.4389.128" 
118.123.247.233 - - [04/Jun/2022:12:55:59 -0700] "HEAD /search.HTM HTTP/1.1" 404 231 "-" "Mozilla/5.0 (Windows NT 6.1; Win64; x64) AppleWebKit/537.36 (KHTML, like Gecko) Chrome/89.0.4389.128" 
157.55.39.191 - - [04/Jun/2022:13:01:51 -0700] "GET /self.logs/access.log.2019-09-27.gz HTTP/1.1" 200 24271 "-" "Mozilla/5.0 (compatible; bingbot/2.0; +http://www.bing.com/bingbot.htm)" 
3.89.126.248 - - [04/Jun/2022:13:06:10 -0700] "GET / HTTP/1.1" 200 13142 "-" "Mozilla/5.0 (compatible; startmebot/1.0; +https://start.me/bot)" 
114.119.149.228 - - [04/Jun/2022:13:07:33 -0700] "GET /self.logs/error.log.2018-04-25.gz HTTP/1.1" 200 3520 "http://www.secrepo.com/self.logs?C=N%3BO%3DD" "Mozilla/5.0 (Linux; Android 7.0;) AppleWebKit/537.36 (KHTML, like Gecko) Mobile Safari/537.36 (compatible; PetalBot;+https://webmaster.petalsearch.com/site/petalbot)" 
52.139.152.169 - - [04/Jun/2022:13:24:29 -0700] "GET /robots.txt HTTP/1.1" 200 377 "-" "python-requests/2.27.1" 
17.121.113.159 - - [04/Jun/2022:13:27:07 -0700] "GET /Datasets%20Description/Network/weird.html HTTP/1.1" 200 1601 "-" "Mozilla/5.0 (Macintosh; Intel Mac OS X 10_15_5) AppleWebKit/605.1.15 (KHTML, like Gecko) Version/13.1.1 Safari/605.1.15 (Applebot/0.1; +http://www.apple.com/go/applebot)" 
117.64.149.138 - - [04/Jun/2022:13:36:26 -0700] "POST /wp-content/plugins/akismet/akismet.php HTTP/1.1" 418 747 "http://misc.yahoo.com.cn/" "Mozilla/5.0+(compatible;+Baispider/2.0;++http://www.bai.com/search/spider.html)" 
117.64.149.138 - - [04/Jun/2022:13:36:27 -0700] "POST /wp-content/plugins/akismet/akismet.php HTTP/1.1" 418 746 "http://misc.yahoo.com.cn/" "Mozilla/5.0+(compatible;+Baispider/2.0;++http://www.bai.com/search/spider.html)" 
117.64.149.138 - - [04/Jun/2022:13:36:27 -0700] "POST /wp-content/plugins/akismet/akismet.php HTTP/1.1" 418 746 "http://misc.yahoo.com.cn/" "Mozilla/5.0+(compatible;+Baispider/2.0;++http://www.bai.com/search/spider.html)" 
45.128.199.116 - - [04/Jun/2022:13:36:57 -0700] "HEAD /backup/directory.tar HTTP/1.1" 301 187 "-" "-" 
45.128.199.116 - - [04/Jun/2022:13:36:58 -0700] "HEAD /backup/directory.tar HTTP/1.1" 404 265 "-" "-" 
212.30.36.39 - - [04/Jun/2022:13:37:20 -0700] "HEAD /restore/secrepo.com.rar HTTP/1.1" 301 190 "-" "-" 
84.247.59.182 - - [04/Jun/2022:13:38:25 -0700] "HEAD /restore/www.zip HTTP/1.1" 301 182 "-" "-" 
114.119.149.218 - - [04/Jun/2022:13:38:45 -0700] "GET /self.logs/2016/access.log.2016-03-14.gz HTTP/1.1" 200 13613 "http://www.secrepo.com/self.logs/2016/?C=S%3BO%3DA" "Mozilla/5.0 (Linux; Android 7.0;) AppleWebKit/537.36 (KHTML, like Gecko) Mobile Safari/537.36 (compatible; PetalBot;+https://webmaster.petalsearch.com/site/petalbot)" 
196.196.52.5 - - [04/Jun/2022:13:43:37 -0700] "HEAD /backup/website.gz HTTP/1.1" 301 184 "-" "-" 
196.196.52.5 - - [04/Jun/2022:13:43:37 -0700] "HEAD /backup/website.gz HTTP/1.1" 404 265 "-" "-" 
52.139.152.169 - - [04/Jun/2022:13:45:22 -0700] "GET /data/admin/allowurl.txt HTTP/1.1" 404 328 "-" "Mozilla/5.0 (Windows NT 10.0; WOW64; rv:48.0) Gecko/20100101 Firefox/48.0" 
185.195.19.220 - - [04/Jun/2022:13:47:16 -0700] "HEAD /restore/www.gz HTTP/1.1" 301 181 "-" "-" 
185.195.19.220 - - [04/Jun/2022:13:47:17 -0700] "HEAD /restore/www.gz HTTP/1.1" 404 265 "-" "-" 
82.118.29.58 - - [04/Jun/2022:13:48:19 -0700] "HEAD /old/www.gz HTTP/1.1" 301 177 "-" "-" 
45.128.199.140 - - [04/Jun/2022:13:48:40 -0700] "HEAD /back/backup.tar HTTP/1.1" 301 182 "-" "-" 
114.119.149.23 - - [04/Jun/2022:13:49:18 -0700] "GET /self.logs/error.log.2019-06-25.gz HTTP/1.1" 200 1806 "http://www.secrepo.com/self.logs?C=N%3BO%3DD" "Mozilla/5.0 (Linux; Android 7.0;) AppleWebKit/537.36 (KHTML, like Gecko) Mobile Safari/537.36 (compatible; PetalBot;+https://webmaster.petalsearch.com/site/petalbot)" 
45.130.136.161 - - [04/Jun/2022:13:49:58 -0700] "HEAD /backups/Archive.zip HTTP/1.1" 301 186 "-" "-" 
45.130.136.161 - - [04/Jun/2022:13:49:59 -0700] "HEAD /backups/Archive.zip HTTP/1.1" 404 265 "-" "-" 
45.130.136.161 - - [04/Jun/2022:13:51:44 -0700] "HEAD /old/secrepo.com.sql HTTP/1.1" 301 186 "-" "-" 
45.130.136.161 - - [04/Jun/2022:13:51:45 -0700] "HEAD /old/secrepo.com.sql HTTP/1.1" 404 265 "-" "-" 
185.195.19.220 - - [04/Jun/2022:13:51:46 -0700] "HEAD /back/backup.sql.tar HTTP/1.1" 301 186 "-" "-" 
84.247.59.158 - - [04/Jun/2022:13:52:10 -0700] "HEAD /restore/www.rar HTTP/1.1" 301 182 "-" "-" 
84.247.59.158 - - [04/Jun/2022:13:52:11 -0700] "HEAD /restore/www.rar HTTP/1.1" 404 265 "-" "-" 
196.196.52.5 - - [04/Jun/2022:13:53:09 -0700] "HEAD /old/backup.zip HTTP/1.1" 301 181 "-" "-" 
196.196.52.5 - - [04/Jun/2022:13:53:10 -0700] "HEAD /old/backup.zip HTTP/1.1" 404 265 "-" "-" 
185.221.132.211 - - [04/Jun/2022:13:55:35 -0700] "HEAD /backups/public_html.tar.gz HTTP/1.1" 301 193 "-" "-" 
45.128.199.140 - - [04/Jun/2022:13:55:44 -0700] "HEAD /restore/.env HTTP/1.1" 301 179 "-" "-" 
45.128.199.140 - - [04/Jun/2022:13:55:45 -0700] "HEAD /restore/.env HTTP/1.1" 404 265 "-" "-" 
45.130.136.161 - - [04/Jun/2022:13:59:23 -0700] "HEAD /sql.sql HTTP/1.1" 301 174 "-" "-" 
45.130.136.161 - - [04/Jun/2022:13:59:23 -0700] "HEAD /sql.sql HTTP/1.1" 404 265 "-" "-" 
185.221.132.211 - - [04/Jun/2022:14:01:26 -0700] "HEAD /bak/archive.zip HTTP/1.1" 301 182 "-" "-" 
185.221.132.211 - - [04/Jun/2022:14:01:27 -0700] "HEAD /bak/archive.zip HTTP/1.1" 404 265 "-" "-" 
196.196.52.5 - - [04/Jun/2022:14:01:32 -0700] "HEAD /back/directory.zip HTTP/1.1" 301 185 "-" "-" 
196.196.52.5 - - [04/Jun/2022:14:01:32 -0700] "HEAD /back/directory.zip HTTP/1.1" 404 265 "-" "-" 
45.8.17.27 - - [04/Jun/2022:14:03:38 -0700] "HEAD /bak/www.zip HTTP/1.1" 301 178 "-" "-" 
45.8.17.27 - - [04/Jun/2022:14:03:38 -0700] "HEAD /bak/www.zip HTTP/1.1" 404 265 "-" "-" 
185.195.19.220 - - [04/Jun/2022:14:03:48 -0700] "HEAD /backups/directory.tar.gz HTTP/1.1" 301 191 "-" "-" 
185.195.19.220 - - [04/Jun/2022:14:03:50 -0700] "HEAD /backups/directory.tar.gz HTTP/1.1" 404 265 "-" "-" 
94.46.167.76 - - [04/Jun/2022:14:05:05 -0700] "HEAD /backup/.well-known.zip HTTP/1.1" 301 189 "-" "-" 
