51.222.253.7 - - [04/Jan/2022:06:05:28 -0800] "GET /self.logs/2016/error.log.2016-04-25.gz HTTP/1.1" 200 1301 "-" "Mozilla/5.0 (compatible; AhrefsBot/7.0; +http://ahrefs.com/robot/)" 
49.7.20.105 - - [04/Jan/2022:06:06:19 -0800] "GET / HTTP/1.1" 200 13148 "-" "Sogou web spider/4.0(+http://www.sogou.com/docs/help/webmasters.htm#07)" 
51.222.253.20 - - [04/Jan/2022:06:09:19 -0800] "GET /self.logs/2016/error.log.2016-10-26.gz HTTP/1.1" 200 875 "-" "Mozilla/5.0 (compatible; AhrefsBot/7.0; +http://ahrefs.com/robot/)" 
51.222.253.5 - - [04/Jan/2022:06:10:21 -0800] "GET /self.logs/2016/access.log.2016-05-06.gz HTTP/1.1" 200 8480 "-" "Mozilla/5.0 (compatible; AhrefsBot/7.0; +http://ahrefs.com/robot/)" 
185.191.171.23 - - [04/Jan/2022:06:10:36 -0800] "GET /robots.txt HTTP/1.1" 200 340 "-" "Mozilla/5.0 (compatible; SemrushBot/7~bl; +http://www.semrush.com/bot.html)" 
185.191.171.18 - - [04/Jan/2022:06:10:37 -0800] "GET /Datasets%20Description/HTML_Bro_log_1/dhcp.html HTTP/1.1" 200 1696 "-" "Mozilla/5.0 (compatible; SemrushBot/7~bl; +http://www.semrush.com/bot.html)" 
51.222.253.10 - - [04/Jan/2022:06:13:17 -0800] "GET /self.logs/2016/access.log.2016-12-25.gz HTTP/1.1" 200 8700 "-" "Mozilla/5.0 (compatible; AhrefsBot/7.0; +http://ahrefs.com/robot/)" 
60.26.169.30 - - [04/Jan/2022:06:14:05 -0800] "GET /favicon.ico HTTP/1.1" 200 391 "-" "Mozilla/5.0 (Windows NT 10.0; WOW64) AppleWebKit/537.36 (KHTML, like Gecko) Chrome/87.0.4280.66 Safari/537.36 SE 2.X MetaSr 1.0" 
51.222.253.6 - - [04/Jan/2022:06:17:07 -0800] "GET /self.logs/2016/access.log.2016-08-30.gz HTTP/1.1" 200 9241 "-" "Mozilla/5.0 (compatible; AhrefsBot/7.0; +http://ahrefs.com/robot/)" 
51.222.253.5 - - [04/Jan/2022:06:19:08 -0800] "GET /self.logs/2016/error.log.2016-05-16.gz HTTP/1.1" 200 1006 "-" "Mozilla/5.0 (compatible; AhrefsBot/7.0; +http://ahrefs.com/robot/)" 
51.222.253.2 - - [04/Jan/2022:06:22:09 -0800] "GET /self.logs/2016/error.log.2016-02-22.gz HTTP/1.1" 200 856 "-" "Mozilla/5.0 (compatible; AhrefsBot/7.0; +http://ahrefs.com/robot/)" 
156.146.57.105 - - [04/Jan/2022:06:22:23 -0800] "GET /self.logs/access.log.2021-12-29.gz HTTP/1.1" 200 25796 "-" "python-requests/2.19.1" 
156.146.57.105 - - [04/Jan/2022:06:22:24 -0800] "GET /self.logs/access.log.2021-12-30.gz HTTP/1.1" 200 29436 "-" "python-requests/2.19.1" 
156.146.57.105 - - [04/Jan/2022:06:22:25 -0800] "GET /self.logs/access.log.2021-12-31.gz HTTP/1.1" 200 13249 "-" "python-requests/2.19.1" 
156.146.57.105 - - [04/Jan/2022:06:22:26 -0800] "GET /self.logs/access.log.2022-01-01.gz HTTP/1.1" 200 33498 "-" "python-requests/2.19.1" 
156.146.57.105 - - [04/Jan/2022:06:22:27 -0800] "GET /self.logs/access.log.2022-01-02.gz HTTP/1.1" 404 328 "-" "python-requests/2.19.1" 
156.146.57.105 - - [04/Jan/2022:06:22:27 -0800] "GET /self.logs/access.log.2022-01-03.gz HTTP/1.1" 404 328 "-" "python-requests/2.19.1" 
156.146.57.105 - - [04/Jan/2022:06:22:28 -0800] "GET /self.logs/access.log.2022-01-04.gz HTTP/1.1" 404 328 "-" "python-requests/2.19.1" 
51.222.253.2 - - [04/Jan/2022:06:24:02 -0800] "GET /self.logs/2016/error.log.2016-07-15.gz HTTP/1.1" 200 897 "-" "Mozilla/5.0 (compatible; AhrefsBot/7.0; +http://ahrefs.com/robot/)" 
182.72.144.50 - - [04/Jan/2022:06:26:05 -0800] "GET / HTTP/1.1" 200 13185 "-" "Mozilla/5.0 (Windows NT 10.0; Win64; x64) AppleWebKit/537.36 (KHTML, like Gecko) Chrome/96.0.4664.110 Safari/537.36" 
182.72.144.50 - - [04/Jan/2022:06:26:06 -0800] "GET /GitHub-Mark.png HTTP/1.1" 200 7556 "http://www.secrepo.com/" "Mozilla/5.0 (Windows NT 10.0; Win64; x64) AppleWebKit/537.36 (KHTML, like Gecko) Chrome/96.0.4664.110 Safari/537.36" 
182.72.144.50 - - [04/Jan/2022:06:26:06 -0800] "GET /css/style.css HTTP/1.1" 404 305 "http://www.secrepo.com/" "Mozilla/5.0 (Windows NT 10.0; Win64; x64) AppleWebKit/537.36 (KHTML, like Gecko) Chrome/96.0.4664.110 Safari/537.36" 
182.72.144.50 - - [04/Jan/2022:06:26:10 -0800] "GET /bootstrap/img/favicon.ico HTTP/1.1" 200 713 "http://www.secrepo.com/" "Mozilla/5.0 (Windows NT 10.0; Win64; x64) AppleWebKit/537.36 (KHTML, like Gecko) Chrome/96.0.4664.110 Safari/537.36" 
114.119.149.81 - - [04/Jan/2022:06:26:50 -0800] "GET /self.logs/error.log.2019-03-19.gz HTTP/1.1" 200 5446 "-" "Mozilla/5.0 (compatible;PetalBot;+https://webmaster.petalsearch.com/site/petalbot)" 
182.72.144.50 - - [04/Jan/2022:06:29:23 -0800] "GET /bootstrap/img/favicon.ico HTTP/1.1" 200 713 "-" "Mozilla/5.0 (Windows NT 10.0; Win64; x64) AppleWebKit/537.36 (KHTML, like Gecko) Chrome/96.0.4664.110 Safari/537.36" 
49.7.20.105 - - [04/Jan/2022:06:38:07 -0800] "GET / HTTP/1.1" 200 13148 "-" "Sogou web spider/4.0(+http://www.sogou.com/docs/help/webmasters.htm#07)" 
51.222.253.11 - - [04/Jan/2022:06:39:32 -0800] "GET /self.logs/2016/error.log.2016-07-29.gz HTTP/1.1" 200 1026 "-" "Mozilla/5.0 (compatible; AhrefsBot/7.0; +http://ahrefs.com/robot/)" 
194.187.171.79 - - [04/Jan/2022:06:39:50 -0800] "GET /favicon.ico HTTP/1.1" 200 347 "-" "Mozilla/5.0 (compatible; Qwantify/1.0; +https://www.qwant.com/)" 
194.187.171.136 - - [04/Jan/2022:06:39:50 -0800] "GET / HTTP/1.1" 200 13141 "-" "Mozilla/5.0 (compatible; Qwantify/1.0; +https://www.qwant.com/)" 
194.187.171.135 - - [04/Jan/2022:06:39:50 -0800] "GET /bootstrap/img/favicon.ico HTTP/1.1" 200 669 "-" "Mozilla/5.0 (compatible; Qwantify/1.0; +https://www.qwant.com/)" 
51.222.253.15 - - [04/Jan/2022:06:41:32 -0800] "GET /self.logs/2016/access.log.2016-09-21.gz HTTP/1.1" 200 20398 "-" "Mozilla/5.0 (compatible; AhrefsBot/7.0; +http://ahrefs.com/robot/)" 
51.222.253.17 - - [04/Jan/2022:06:46:12 -0800] "GET /self.logs/2016/access.log.2016-04-18.gz HTTP/1.1" 200 9170 "-" "Mozilla/5.0 (compatible; AhrefsBot/7.0; +http://ahrefs.com/robot/)" 
51.222.253.16 - - [04/Jan/2022:06:48:09 -0800] "GET /self.logs/2016/access.log.2016-04-12.gz HTTP/1.1" 200 8815 "-" "Mozilla/5.0 (compatible; AhrefsBot/7.0; +http://ahrefs.com/robot/)" 
98.128.172.81 - - [04/Jan/2022:06:51:29 -0800] "GET / HTTP/1.1" 200 13185 "-" "Mozilla/5.0 (X11; Linux x86_64) AppleWebKit/537.36 (KHTML, like Gecko) Chrome/96.0.4664.110 Safari/537.36" 
98.128.172.81 - - [04/Jan/2022:06:51:29 -0800] "GET /css/style.css HTTP/1.1" 404 305 "http://www.secrepo.com/" "Mozilla/5.0 (X11; Linux x86_64) AppleWebKit/537.36 (KHTML, like Gecko) Chrome/96.0.4664.110 Safari/537.36" 
98.128.172.81 - - [04/Jan/2022:06:51:30 -0800] "GET /twitter-icon.png HTTP/1.1" 200 27893 "http://www.secrepo.com/" "Mozilla/5.0 (X11; Linux x86_64) AppleWebKit/537.36 (KHTML, like Gecko) Chrome/96.0.4664.110 Safari/537.36" 
98.128.172.81 - - [04/Jan/2022:06:51:30 -0800] "GET /GitHub-Mark.png HTTP/1.1" 200 7533 "http://www.secrepo.com/" "Mozilla/5.0 (X11; Linux x86_64) AppleWebKit/537.36 (KHTML, like Gecko) Chrome/96.0.4664.110 Safari/537.36" 
98.128.172.81 - - [04/Jan/2022:06:51:30 -0800] "GET /bootstrap/img/favicon.ico HTTP/1.1" 200 690 "http://www.secrepo.com/" "Mozilla/5.0 (X11; Linux x86_64) AppleWebKit/537.36 (KHTML, like Gecko) Chrome/96.0.4664.110 Safari/537.36" 
51.222.253.7 - - [04/Jan/2022:06:52:11 -0800] "GET /self.logs/2016/error.log.2016-12-21.gz HTTP/1.1" 200 1353 "-" "Mozilla/5.0 (compatible; AhrefsBot/7.0; +http://ahrefs.com/robot/)" 
114.119.149.90 - - [04/Jan/2022:06:56:26 -0800] "GET /self.logs/access.log.2018-12-21.gz HTTP/1.1" 200 21384 "-" "Mozilla/5.0 (compatible;PetalBot;+https://webmaster.petalsearch.com/site/petalbot)" 
51.222.253.1 - - [04/Jan/2022:06:59:00 -0800] "GET /self.logs/2016/error.log.2016-06-24.gz HTTP/1.1" 200 1381 "-" "Mozilla/5.0 (compatible; AhrefsBot/7.0; +http://ahrefs.com/robot/)" 
66.249.88.176 - - [04/Jan/2022:07:03:04 -0800] "GET / HTTP/1.1" 301 475 "-" "Mozilla/5.0 (X11; Linux x86_64) AppleWebKit/537.36 (KHTML, like Gecko) Chrome/49.0.2623.75 Safari/537.36 Google Favicon" 
66.249.88.127 - - [04/Jan/2022:07:03:04 -0800] "GET / HTTP/1.1" 200 13185 "-" "Mozilla/5.0 (X11; Linux x86_64) AppleWebKit/537.36 (KHTML, like Gecko) Chrome/49.0.2623.75 Safari/537.36 Google Favicon" 
66.249.88.127 - - [04/Jan/2022:07:03:04 -0800] "GET /bootstrap/img/favicon.ico HTTP/1.1" 200 690 "-" "Mozilla/5.0 (X11; Linux x86_64) AppleWebKit/537.36 (KHTML, like Gecko) Chrome/49.0.2623.75 Safari/537.36 Google Favicon" 
34.209.154.17 - - [04/Jan/2022:07:05:06 -0800] "GET / HTTP/1.1" 301 419 "-" "Mozilla/5.0 (X11; Linux x86_64) AppleWebKit/537.36 (KHTML, like Gecko) Chrome/83.0.4103.97 Safari/537.36" 
34.209.154.17 - - [04/Jan/2022:07:05:08 -0800] "GET / HTTP/1.1" 200 13141 "-" "Mozilla/5.0 (X11; Linux x86_64) AppleWebKit/537.36 (KHTML, like Gecko) Chrome/83.0.4103.97 Safari/537.36" 
52.12.180.38 - - [04/Jan/2022:07:05:21 -0800] "GET /favicon.ico HTTP/1.1" 301 441 "-" "Mozilla/5.0 (X11; Linux x86_64) AppleWebKit/537.36 (KHTML, like Gecko) Chrome/83.0.4103.97 Safari/537.36" 
52.12.180.38 - - [04/Jan/2022:07:05:22 -0800] "GET /favicon.ico HTTP/1.1" 200 347 "http://secrepo.com/favicon.ico" "Mozilla/5.0 (X11; Linux x86_64) AppleWebKit/537.36 (KHTML, like Gecko) Chrome/83.0.4103.97 Safari/537.36" 
51.222.253.16 - - [04/Jan/2022:07:05:25 -0800] "GET /self.logs/2016/access.log.2016-02-26.gz HTTP/1.1" 200 13340 "-" "Mozilla/5.0 (compatible; AhrefsBot/7.0; +http://ahrefs.com/robot/)" 
51.222.253.4 - - [04/Jan/2022:07:06:31 -0800] "GET /self.logs/2016/access.log.2016-12-18.gz HTTP/1.1" 200 10090 "-" "Mozilla/5.0 (compatible; AhrefsBot/7.0; +http://ahrefs.com/robot/)" 
183.56.248.121 - - [04/Jan/2022:07:08:45 -0800] "GET /data/admin/allowurl.txt HTTP/1.1" 404 328 "-" "Mozilla/5.0 (Windows NT 10.0; WOW64; rv:48.0) Gecko/20100101 Firefox/48.0" 
49.7.20.105 - - [04/Jan/2022:07:09:17 -0800] "GET / HTTP/1.1" 200 13148 "-" "Sogou web spider/4.0(+http://www.sogou.com/docs/help/webmasters.htm#07)" 
51.222.253.11 - - [04/Jan/2022:07:10:50 -0800] "GET /self.logs/2016/error.log.2016-08-09.gz HTTP/1.1" 200 730 "-" "Mozilla/5.0 (compatible; AhrefsBot/7.0; +http://ahrefs.com/robot/)" 
51.222.253.3 - - [04/Jan/2022:07:11:54 -0800] "GET /self.logs/2016/error.log.2016-12-17.gz HTTP/1.1" 200 811 "-" "Mozilla/5.0 (compatible; AhrefsBot/7.0; +http://ahrefs.com/robot/)" 
51.222.253.16 - - [04/Jan/2022:07:14:50 -0800] "GET /self.logs/2016/access.log.2016-10-17.gz HTTP/1.1" 200 9180 "-" "Mozilla/5.0 (compatible; AhrefsBot/7.0; +http://ahrefs.com/robot/)" 
51.222.253.8 - - [04/Jan/2022:07:17:47 -0800] "GET /self.logs/2016/error.log.2016-08-03.gz HTTP/1.1" 200 1624 "-" "Mozilla/5.0 (compatible; AhrefsBot/7.0; +http://ahrefs.com/robot/)" 
51.222.253.14 - - [04/Jan/2022:07:18:40 -0800] "GET /self.logs/2016/error.log.2016-05-09.gz HTTP/1.1" 200 671 "-" "Mozilla/5.0 (compatible; AhrefsBot/7.0; +http://ahrefs.com/robot/)" 
51.222.253.10 - - [04/Jan/2022:07:22:38 -0800] "GET /self.logs/2016/access.log.2016-04-13.gz HTTP/1.1" 200 16195 "-" "Mozilla/5.0 (compatible; AhrefsBot/7.0; +http://ahrefs.com/robot/)" 
208.109.31.44 - - [04/Jan/2022:07:22:42 -0800] "GET / HTTP/1.1" 301 419 "-" "-" 
208.109.31.44 - - [04/Jan/2022:07:22:42 -0800] "GET / HTTP/1.1" 200 49089 "-" "-" 
51.222.253.14 - - [04/Jan/2022:07:24:43 -0800] "GET /self.logs/2016/error.log.2016-06-21.gz HTTP/1.1" 200 802 "-" "Mozilla/5.0 (compatible; AhrefsBot/7.0; +http://ahrefs.com/robot/)" 
112.80.136.36 - - [04/Jan/2022:07:26:34 -0800] "GET /favicon.ico HTTP/1.1" 200 391 "-" "Mozilla/5.0 (Windows NT 10.0; WOW64) AppleWebKit/537.36 (KHTML, like Gecko) Chrome/86.0.4240.198 Safari/537.36" 
51.222.253.10 - - [04/Jan/2022:07:26:46 -0800] "GET /self.logs/2016/access.log.2016-11-13.gz HTTP/1.1" 200 12440 "-" "Mozilla/5.0 (compatible; AhrefsBot/7.0; +http://ahrefs.com/robot/)" 
66.249.83.210 - - [04/Jan/2022:07:27:43 -0800] "GET / HTTP/1.1" 301 475 "-" "Mozilla/5.0 (X11; Linux x86_64) AppleWebKit/537.36 (KHTML, like Gecko) Chrome/49.0.2623.75 Safari/537.36 Google Favicon" 
66.249.83.127 - - [04/Jan/2022:07:27:43 -0800] "GET / HTTP/1.1" 200 13186 "-" "Mozilla/5.0 (X11; Linux x86_64) AppleWebKit/537.36 (KHTML, like Gecko) Chrome/49.0.2623.75 Safari/537.36 Google Favicon" 
51.222.253.13 - - [04/Jan/2022:07:27:43 -0800] "GET /self.logs/2016/error.log.2016-03-11.gz HTTP/1.1" 200 910 "-" "Mozilla/5.0 (compatible; AhrefsBot/7.0; +http://ahrefs.com/robot/)" 
66.249.83.207 - - [04/Jan/2022:07:27:44 -0800] "GET /bootstrap/img/favicon.ico HTTP/1.1" 200 713 "-" "Mozilla/5.0 (X11; Linux x86_64) AppleWebKit/537.36 (KHTML, like Gecko) Chrome/49.0.2623.75 Safari/537.36 Google Favicon" 
51.222.253.19 - - [04/Jan/2022:07:31:40 -0800] "GET /self.logs/2015/access.log.2015-09-13.gz HTTP/1.1" 200 4403 "-" "Mozilla/5.0 (compatible; AhrefsBot/7.0; +http://ahrefs.com/robot/)" 
51.222.253.1 - - [04/Jan/2022:07:33:41 -0800] "GET /self.logs/2016/access.log.2016-03-07.gz HTTP/1.1" 200 9478 "-" "Mozilla/5.0 (compatible; AhrefsBot/7.0; +http://ahrefs.com/robot/)" 
51.222.253.20 - - [04/Jan/2022:07:35:36 -0800] "GET /self.logs/2015/access.log.2015-08-07.gz HTTP/1.1" 200 4644 "-" "Mozilla/5.0 (compatible; AhrefsBot/7.0; +http://ahrefs.com/robot/)" 
51.222.253.18 - - [04/Jan/2022:07:37:34 -0800] "GET /self.logs/2016/access.log.2016-04-22.gz HTTP/1.1" 200 8038 "-" "Mozilla/5.0 (compatible; AhrefsBot/7.0; +http://ahrefs.com/robot/)" 
49.7.20.105 - - [04/Jan/2022:07:39:04 -0800] "GET / HTTP/1.1" 200 13149 "-" "Sogou web spider/4.0(+http://www.sogou.com/docs/help/webmasters.htm#07)" 
51.222.253.15 - - [04/Jan/2022:07:39:29 -0800] "GET /self.logs/2015/error.log.2015-04-27.gz HTTP/1.1" 200 715 "-" "Mozilla/5.0 (compatible; AhrefsBot/7.0; +http://ahrefs.com/robot/)" 
51.222.253.14 - - [04/Jan/2022:07:40:25 -0800] "GET /self.logs/2016/access.log.2016-08-08.gz HTTP/1.1" 200 8887 "-" "Mozilla/5.0 (compatible; AhrefsBot/7.0; +http://ahrefs.com/robot/)" 
122.224.50.97 - - [04/Jan/2022:07:42:50 -0800] "POST /index.php?s=/admin/index/dologin HTTP/1.1" 404 328 "-" "python-requests/2.26.0" 
51.222.253.6 - - [04/Jan/2022:07:43:29 -0800] "GET /self.logs/2015/access.log.2015-12-10.gz HTTP/1.1" 200 6133 "-" "Mozilla/5.0 (compatible; AhrefsBot/7.0; +http://ahrefs.com/robot/)" 
51.222.253.16 - - [04/Jan/2022:07:44:29 -0800] "GET /self.logs/2016/access.log.2016-04-26.gz HTTP/1.1" 200 8229 "-" "Mozilla/5.0 (compatible; AhrefsBot/7.0; +http://ahrefs.com/robot/)" 
51.222.253.18 - - [04/Jan/2022:07:45:34 -0800] "GET /self.logs/2016/access.log.2016-12-14.gz HTTP/1.1" 200 7203 "-" "Mozilla/5.0 (compatible; AhrefsBot/7.0; +http://ahrefs.com/robot/)" 
51.222.253.16 - - [04/Jan/2022:07:49:25 -0800] "GET /self.logs/2016/access.log.2016-02-28.gz HTTP/1.1" 200 9432 "-" "Mozilla/5.0 (compatible; AhrefsBot/7.0; +http://ahrefs.com/robot/)" 
65.21.165.220 - - [04/Jan/2022:07:49:59 -0800] "GET / HTTP/1.1" 301 475 "-" "Mozilla/5.0 (Windows NT 10.0; Win64; x64) AppleWebKit/537.36 (KHTML, like Gecko) Chrome/94.0.4606.71 Safari/537.36" 
65.21.165.220 - - [04/Jan/2022:07:50:00 -0800] "GET / HTTP/1.1" 200 13186 "-" "Mozilla/5.0 (Windows NT 10.0; Win64; x64) AppleWebKit/537.36 (KHTML, like Gecko) Chrome/94.0.4606.71 Safari/537.36" 
65.21.165.220 - - [04/Jan/2022:07:50:00 -0800] "GET /css/style.css HTTP/1.1" 404 305 "http://www.secrepo.com/" "Mozilla/5.0 (Windows NT 10.0; Win64; x64) AppleWebKit/537.36 (KHTML, like Gecko) Chrome/94.0.4606.71 Safari/537.36" 
65.21.165.220 - - [04/Jan/2022:07:50:00 -0800] "GET /twitter-icon.png HTTP/1.1" 200 27916 "http://www.secrepo.com/" "Mozilla/5.0 (Windows NT 10.0; Win64; x64) AppleWebKit/537.36 (KHTML, like Gecko) Chrome/94.0.4606.71 Safari/537.36" 
65.21.165.220 - - [04/Jan/2022:07:50:00 -0800] "GET /GitHub-Mark.png HTTP/1.1" 200 7556 "http://www.secrepo.com/" "Mozilla/5.0 (Windows NT 10.0; Win64; x64) AppleWebKit/537.36 (KHTML, like Gecko) Chrome/94.0.4606.71 Safari/537.36" 
65.21.165.220 - - [04/Jan/2022:07:50:02 -0800] "GET / HTTP/1.1" 200 13186 "http://www.secrepo.com/" "Mozilla/5.0 (X11; Linux x86_64) AppleWebKit/537.36 (KHTML, like Gecko) HeadlessChrome/91.0.4469.0 Safari/537.36" 
65.21.165.220 - - [04/Jan/2022:07:50:02 -0800] "GET /css/style.css HTTP/1.1" 404 305 "http://www.secrepo.com/" "Mozilla/5.0 (X11; Linux x86_64) AppleWebKit/537.36 (KHTML, like Gecko) HeadlessChrome/91.0.4469.0 Safari/537.36" 
65.21.165.220 - - [04/Jan/2022:07:50:03 -0800] "GET /twitter-icon.png HTTP/1.1" 304 281 "http://www.secrepo.com/" "Mozilla/5.0 (X11; Linux x86_64) AppleWebKit/537.36 (KHTML, like Gecko) HeadlessChrome/91.0.4469.0 Safari/537.36" 
65.21.165.220 - - [04/Jan/2022:07:50:03 -0800] "GET /GitHub-Mark.png HTTP/1.1" 304 281 "http://www.secrepo.com/" "Mozilla/5.0 (X11; Linux x86_64) AppleWebKit/537.36 (KHTML, like Gecko) HeadlessChrome/91.0.4469.0 Safari/537.36" 
51.222.253.11 - - [04/Jan/2022:07:51:37 -0800] "GET /self.logs/2015/error.log.2015-04-24.gz HTTP/1.1" 200 723 "-" "Mozilla/5.0 (compatible; AhrefsBot/7.0; +http://ahrefs.com/robot/)" 
51.222.253.14 - - [04/Jan/2022:07:53:40 -0800] "GET /self.logs/2016/access.log.2016-04-08.gz HTTP/1.1" 200 20027 "-" "Mozilla/5.0 (compatible; AhrefsBot/7.0; +http://ahrefs.com/robot/)" 
51.222.253.10 - - [04/Jan/2022:07:56:50 -0800] "GET /self.logs/2016/access.log.2016-10-22.gz HTTP/1.1" 200 6477 "-" "Mozilla/5.0 (compatible; AhrefsBot/7.0; +http://ahrefs.com/robot/)" 
51.222.253.8 - - [04/Jan/2022:07:58:49 -0800] "GET /self.logs/2016/access.log.2016-08-21.gz HTTP/1.1" 200 7835 "-" "Mozilla/5.0 (compatible; AhrefsBot/7.0; +http://ahrefs.com/robot/)" 
51.222.253.8 - - [04/Jan/2022:07:59:49 -0800] "GET /self.logs/2015/error.log.2015-09-29.gz HTTP/1.1" 200 691 "-" "Mozilla/5.0 (compatible; AhrefsBot/7.0; +http://ahrefs.com/robot/)" 
51.222.253.11 - - [04/Jan/2022:08:02:46 -0800] "GET /self.logs/access.log.2021-10-22.gz HTTP/1.1" 200 13895 "-" "Mozilla/5.0 (compatible; AhrefsBot/7.0; +http://ahrefs.com/robot/)" 
45.129.18.25 - - [04/Jan/2022:08:03:08 -0800] "HEAD / HTTP/1.1" 301 167 "-" "Mozilla/5.0 (Macintosh; Intel Mac OS X 10_9_3) AppleWebKit/537.36 (KHTML, like Gecko) Chrome/35.0.1916.47 Safari/537.36" 
45.129.18.168 - - [04/Jan/2022:08:03:09 -0800] "HEAD / HTTP/1.1" 200 352 "-" "Mozilla/5.0 (Macintosh; Intel Mac OS X 10_9_3) AppleWebKit/537.36 (KHTML, like Gecko) Chrome/35.0.1916.47 Safari/537.36" 
51.222.253.16 - - [04/Jan/2022:08:03:40 -0800] "GET /self.logs/2016/access.log.2016-10-15.gz HTTP/1.1" 200 6956 "-" "Mozilla/5.0 (compatible; AhrefsBot/7.0; +http://ahrefs.com/robot/)" 
51.222.253.18 - - [04/Jan/2022:08:06:42 -0800] "GET /self.logs/2016/error.log.2016-06-28.gz HTTP/1.1" 200 1097 "-" "Mozilla/5.0 (compatible; AhrefsBot/7.0; +http://ahrefs.com/robot/)" 
51.222.253.5 - - [04/Jan/2022:08:07:40 -0800] "GET /self.logs/2016/access.log.2016-10-20.gz HTTP/1.1" 200 8518 "-" "Mozilla/5.0 (compatible; AhrefsBot/7.0; +http://ahrefs.com/robot/)" 
49.7.20.105 - - [04/Jan/2022:08:08:47 -0800] "GET / HTTP/1.1" 200 13148 "-" "Sogou web spider/4.0(+http://www.sogou.com/docs/help/webmasters.htm#07)" 
51.222.253.6 - - [04/Jan/2022:08:09:36 -0800] "GET /self.logs/2016/access.log.2016-04-06.gz HTTP/1.1" 200 9363 "-" "Mozilla/5.0 (compatible; AhrefsBot/7.0; +http://ahrefs.com/robot/)" 
51.222.253.4 - - [04/Jan/2022:08:10:28 -0800] "GET /self.logs/2016/access.log.2016-04-30.gz HTTP/1.1" 200 7634 "-" "Mozilla/5.0 (compatible; AhrefsBot/7.0; +http://ahrefs.com/robot/)" 
51.222.253.12 - - [04/Jan/2022:08:13:24 -0800] "GET /self.logs/2016/access.log.2016-09-14.gz HTTP/1.1" 200 8624 "-" "Mozilla/5.0 (compatible; AhrefsBot/7.0; +http://ahrefs.com/robot/)" 
51.222.253.20 - - [04/Jan/2022:08:17:06 -0800] "GET /self.logs/2016/access.log.2016-03-09.gz HTTP/1.1" 200 8379 "-" "Mozilla/5.0 (compatible; AhrefsBot/7.0; +http://ahrefs.com/robot/)" 
51.222.253.3 - - [04/Jan/2022:08:19:01 -0800] "GET /self.logs/2016/access.log.2016-05-02.gz HTTP/1.1" 200 11138 "-" "Mozilla/5.0 (compatible; AhrefsBot/7.0; +http://ahrefs.com/robot/)" 
51.222.253.4 - - [04/Jan/2022:08:19:58 -0800] "GET /self.logs/2016/error.log.2016-01-04.gz HTTP/1.1" 200 707 "-" "Mozilla/5.0 (compatible; AhrefsBot/7.0; +http://ahrefs.com/robot/)" 
35.210.141.202 - - [04/Jan/2022:08:25:17 -0800] "GET /robots.txt HTTP/1.1" 301 439 "-" "Go-http-client/1.1" 
35.210.141.202 - - [04/Jan/2022:08:25:21 -0800] "GET /robots.txt HTTP/1.1" 200 333 "http://secrepo.com/robots.txt" "Go-http-client/1.1" 
35.210.141.202 - - [04/Jan/2022:08:25:25 -0800] "GET / HTTP/1.1" 301 419 "-" "Mozilla/5.0 (compatible; VelenPublicWebCrawler/1.0; +https://velen.io)" 
35.210.141.202 - - [04/Jan/2022:08:25:28 -0800] "GET / HTTP/1.1" 200 13142 "http://secrepo.com" "Mozilla/5.0 (compatible; VelenPublicWebCrawler/1.0; +https://velen.io)" 
51.222.253.10 - - [04/Jan/2022:08:27:49 -0800] "GET /self.logs/2015/access.log.2015-09-29.gz HTTP/1.1" 200 5325 "-" "Mozilla/5.0 (compatible; AhrefsBot/7.0; +http://ahrefs.com/robot/)" 
51.222.253.2 - - [04/Jan/2022:08:29:08 -0800] "GET /self.logs/2015/error.log.2015-05-04.gz HTTP/1.1" 200 772 "-" "Mozilla/5.0 (compatible; AhrefsBot/7.0; +http://ahrefs.com/robot/)" 
51.222.253.9 - - [04/Jan/2022:08:30:25 -0800] "GET /self.logs/2015/error.log.2015-04-06.gz HTTP/1.1" 200 685 "-" "Mozilla/5.0 (compatible; AhrefsBot/7.0; +http://ahrefs.com/robot/)" 
51.222.253.10 - - [04/Jan/2022:08:31:39 -0800] "GET /self.logs/2015/access.log.2015-10-29.gz HTTP/1.1" 200 5345 "-" "Mozilla/5.0 (compatible; AhrefsBot/7.0; +http://ahrefs.com/robot/)" 
51.222.253.14 - - [04/Jan/2022:08:32:49 -0800] "GET /self.logs/2015/access.log.2015-07-31.gz HTTP/1.1" 200 4464 "-" "Mozilla/5.0 (compatible; AhrefsBot/7.0; +http://ahrefs.com/robot/)" 
223.73.234.182 - - [04/Jan/2022:08:33:49 -0800] "GET / HTTP/1.1" 200 13186 "-" "Mozilla/5.0 (Windows NT 10.0; Win64; x64) AppleWebKit/537.36 (KHTML, like Gecko) Chrome/86.0.4240.198 Safari/537.36" 
223.73.234.182 - - [04/Jan/2022:08:33:49 -0800] "GET /css/style.css HTTP/1.1" 404 328 "http://www.secrepo.com/" "Mozilla/5.0 (Windows NT 10.0; Win64; x64) AppleWebKit/537.36 (KHTML, like Gecko) Chrome/86.0.4240.198 Safari/537.36" 
223.73.234.182 - - [04/Jan/2022:08:33:53 -0800] "GET /GitHub-Mark.png HTTP/1.1" 200 7556 "http://www.secrepo.com/" "Mozilla/5.0 (Windows NT 10.0; Win64; x64) AppleWebKit/537.36 (KHTML, like Gecko) Chrome/86.0.4240.198 Safari/537.36" 
77.75.76.169 - - [04/Jan/2022:08:33:55 -0800] "GET /robots.txt HTTP/1.1" 200 377 "-" "Mozilla/5.0 (compatible; SeznamBot/3.2; +http://napoveda.seznam.cz/en/seznambot-intro/)" 
77.75.76.169 - - [04/Jan/2022:08:33:56 -0800] "GET /Datasets%20Description/Network/tunnel.html HTTP/1.1" 304 276 "-" "Mozilla/5.0 (compatible; SeznamBot/3.2; +http://napoveda.seznam.cz/en/seznambot-intro/)" 
77.75.76.169 - - [04/Jan/2022:08:33:57 -0800] "GET /Datasets%20Description/Network/ssl.html HTTP/1.1" 304 267 "-" "Mozilla/5.0 (compatible; SeznamBot/3.2; +http://napoveda.seznam.cz/en/seznambot-intro/)" 
51.222.253.14 - - [04/Jan/2022:08:35:24 -0800] "GET /self.logs/2015/access.log.2015-05-14.gz HTTP/1.1" 200 6129 "-" "Mozilla/5.0 (compatible; AhrefsBot/7.0; +http://ahrefs.com/robot/)" 
51.222.253.1 - - [04/Jan/2022:08:36:41 -0800] "GET /self.logs/2015/error.log.2015-12-02.gz HTTP/1.1" 200 677 "-" "Mozilla/5.0 (compatible; AhrefsBot/7.0; +http://ahrefs.com/robot/)" 
49.205.138.74 - - [04/Jan/2022:08:36:54 -0800] "GET / HTTP/1.1" 200 13186 "-" "Mozilla/5.0 (Windows NT 10.0; Win64; x64) AppleWebKit/537.36 (KHTML, like Gecko) Chrome/96.0.4664.110 Safari/537.36" 
49.205.138.74 - - [04/Jan/2022:08:36:54 -0800] "GET /css/style.css HTTP/1.1" 404 305 "http://www.secrepo.com/" "Mozilla/5.0 (Windows NT 10.0; Win64; x64) AppleWebKit/537.36 (KHTML, like Gecko) Chrome/96.0.4664.110 Safari/537.36" 
49.205.138.74 - - [04/Jan/2022:08:36:55 -0800] "GET /twitter-icon.png HTTP/1.1" 200 27893 "http://www.secrepo.com/" "Mozilla/5.0 (Windows NT 10.0; Win64; x64) AppleWebKit/537.36 (KHTML, like Gecko) Chrome/96.0.4664.110 Safari/537.36" 
49.205.138.74 - - [04/Jan/2022:08:36:55 -0800] "GET /GitHub-Mark.png HTTP/1.1" 200 7556 "http://www.secrepo.com/" "Mozilla/5.0 (Windows NT 10.0; Win64; x64) AppleWebKit/537.36 (KHTML, like Gecko) Chrome/96.0.4664.110 Safari/537.36" 
49.205.138.74 - - [04/Jan/2022:08:36:57 -0800] "GET /bootstrap/img/favicon.ico HTTP/1.1" 200 713 "http://www.secrepo.com/" "Mozilla/5.0 (Windows NT 10.0; Win64; x64) AppleWebKit/537.36 (KHTML, like Gecko) Chrome/96.0.4664.110 Safari/537.36" 
51.222.253.13 - - [04/Jan/2022:08:37:58 -0800] "GET /self.logs/2015/access.log.2015-05-16.gz HTTP/1.1" 200 3702 "-" "Mozilla/5.0 (compatible; AhrefsBot/7.0; +http://ahrefs.com/robot/)" 
51.222.253.20 - - [04/Jan/2022:08:39:14 -0800] "GET /self.logs/2015/access.log.2015-08-15.gz HTTP/1.1" 200 4263 "-" "Mozilla/5.0 (compatible; AhrefsBot/7.0; +http://ahrefs.com/robot/)" 
49.7.20.105 - - [04/Jan/2022:08:39:46 -0800] "GET / HTTP/1.1" 200 13149 "-" "Sogou web spider/4.0(+http://www.sogou.com/docs/help/webmasters.htm#07)" 
51.222.253.17 - - [04/Jan/2022:08:40:35 -0800] "GET /self.logs/2015/error.log.2015-03-16.gz HTTP/1.1" 200 963 "-" "Mozilla/5.0 (compatible; AhrefsBot/7.0; +http://ahrefs.com/robot/)" 
51.222.253.14 - - [04/Jan/2022:08:41:51 -0800] "GET /self.logs/2015/access.log.2015-09-27.gz HTTP/1.1" 200 4846 "-" "Mozilla/5.0 (compatible; AhrefsBot/7.0; +http://ahrefs.com/robot/)" 
51.222.253.5 - - [04/Jan/2022:08:43:10 -0800] "GET /self.logs/2015/access.log.2015-07-17.gz HTTP/1.1" 200 4655 "-" "Mozilla/5.0 (compatible; AhrefsBot/7.0; +http://ahrefs.com/robot/)" 
51.222.253.6 - - [04/Jan/2022:08:44:31 -0800] "GET /self.logs/2015/error.log.2015-04-16.gz HTTP/1.1" 200 2720 "-" "Mozilla/5.0 (compatible; AhrefsBot/7.0; +http://ahrefs.com/robot/)" 
51.222.253.15 - - [04/Jan/2022:08:45:45 -0800] "GET /self.logs/access.log.2021-11-18.gz HTTP/1.1" 200 12499 "-" "Mozilla/5.0 (compatible; AhrefsBot/7.0; +http://ahrefs.com/robot/)" 
66.249.64.149 - - [04/Jan/2022:08:45:47 -0800] "GET /GitHub-Mark.png HTTP/1.1" 200 7556 "-" "Googlebot-Image/1.0" 
20.191.45.212 - - [04/Jan/2022:08:45:50 -0800] "GET / HTTP/1.1" 200 13186 "http://www.secrepo.com/" "Mozilla/5.0 (compatible; DuckDuckGo-Favicons-Bot/1.0; +http://duckduckgo.com)" 
20.191.45.212 - - [04/Jan/2022:08:45:50 -0800] "GET /bootstrap/img/favicon.ico HTTP/1.1" 200 690 "http://www.secrepo.com/bootstrap/img/favicon.ico" "Mozilla/5.0 (compatible; DuckDuckGo-Favicons-Bot/1.0; +http://duckduckgo.com)" 
51.222.253.6 - - [04/Jan/2022:08:46:57 -0800] "GET /robots.txt HTTP/1.1" 301 439 "-" "Mozilla/5.0 (compatible; AhrefsBot/7.0; +http://ahrefs.com/robot/)" 
51.222.253.6 - - [04/Jan/2022:08:46:57 -0800] "GET /robots.txt HTTP/1.1" 200 333 "-" "Mozilla/5.0 (compatible; AhrefsBot/7.0; +http://ahrefs.com/robot/)" 
51.222.253.10 - - [04/Jan/2022:08:47:06 -0800] "GET /self.logs/2015/access.log.2015-05-03.gz HTTP/1.1" 200 3162 "-" "Mozilla/5.0 (compatible; AhrefsBot/7.0; +http://ahrefs.com/robot/)" 
51.222.253.9 - - [04/Jan/2022:08:48:30 -0800] "GET /self.logs/2015/error.log.2015-05-16.gz HTTP/1.1" 200 671 "-" "Mozilla/5.0 (compatible; AhrefsBot/7.0; +http://ahrefs.com/robot/)" 
207.46.13.27 - - [04/Jan/2022:08:50:48 -0800] "GET /self.logs/error.log.2021-10-16.gz HTTP/1.1" 200 4341 "-" "Mozilla/5.0 (compatible; bingbot/2.0; +http://www.bing.com/bingbot.htm)" 
51.222.253.7 - - [04/Jan/2022:08:51:24 -0800] "GET /self.logs/2015/access.log.2015-10-05.gz HTTP/1.1" 200 3814 "-" "Mozilla/5.0 (compatible; AhrefsBot/7.0; +http://ahrefs.com/robot/)" 
51.222.253.12 - - [04/Jan/2022:08:52:50 -0800] "GET /self.logs/2015/access.log.2015-05-05.gz HTTP/1.1" 200 4457 "-" "Mozilla/5.0 (compatible; AhrefsBot/7.0; +http://ahrefs.com/robot/)" 
51.222.253.3 - - [04/Jan/2022:08:54:29 -0800] "GET /self.logs/2015/error.log.2015-05-25.gz HTTP/1.1" 200 790 "-" "Mozilla/5.0 (compatible; AhrefsBot/7.0; +http://ahrefs.com/robot/)" 
51.222.253.9 - - [04/Jan/2022:08:55:55 -0800] "GET /self.logs/2015/access.log.2015-03-11.gz HTTP/1.1" 200 2474 "-" "Mozilla/5.0 (compatible; AhrefsBot/7.0; +http://ahrefs.com/robot/)" 
51.222.253.12 - - [04/Jan/2022:08:57:12 -0800] "GET /self.logs/2015/error.log.2015-12-14.gz HTTP/1.1" 200 699 "-" "Mozilla/5.0 (compatible; AhrefsBot/7.0; +http://ahrefs.com/robot/)" 
51.222.253.2 - - [04/Jan/2022:08:58:31 -0800] "GET /self.logs/2015/access.log.2015-10-06.gz HTTP/1.1" 200 6246 "-" "Mozilla/5.0 (compatible; AhrefsBot/7.0; +http://ahrefs.com/robot/)" 
51.222.253.16 - - [04/Jan/2022:08:59:57 -0800] "GET /self.logs/2015/access.log.2015-05-08.gz HTTP/1.1" 200 4878 "-" "Mozilla/5.0 (compatible; AhrefsBot/7.0; +http://ahrefs.com/robot/)" 
51.222.253.14 - - [04/Jan/2022:09:01:22 -0800] "GET /self.logs/2015/access.log.2015-04-12.gz HTTP/1.1" 200 3124 "-" "Mozilla/5.0 (compatible; AhrefsBot/7.0; +http://ahrefs.com/robot/)" 
51.222.253.3 - - [04/Jan/2022:09:02:42 -0800] "GET /self.logs/2016/error.log.2016-06-29.gz HTTP/1.1" 200 1197 "-" "Mozilla/5.0 (compatible; AhrefsBot/7.0; +http://ahrefs.com/robot/)" 
51.222.253.20 - - [04/Jan/2022:09:03:54 -0800] "GET /self.logs/2015/error.log.2015-12-03.gz HTTP/1.1" 200 738 "-" "Mozilla/5.0 (compatible; AhrefsBot/7.0; +http://ahrefs.com/robot/)" 
51.222.253.4 - - [04/Jan/2022:09:08:01 -0800] "GET /self.logs/2016/error.log.2016-10-13.gz HTTP/1.1" 200 848 "-" "Mozilla/5.0 (compatible; AhrefsBot/7.0; +http://ahrefs.com/robot/)" 
51.222.253.9 - - [04/Jan/2022:09:12:05 -0800] "GET /self.logs/2015/access.log.2015-10-19.gz HTTP/1.1" 200 14363 "-" "Mozilla/5.0 (compatible; AhrefsBot/7.0; +http://ahrefs.com/robot/)" 
114.119.149.81 - - [04/Jan/2022:09:13:34 -0800] "GET /self.logs/access.log.2017-05-26.gz HTTP/1.1" 200 15669 "-" "Mozilla/5.0 (compatible;PetalBot;+https://webmaster.petalsearch.com/site/petalbot)" 
51.222.253.17 - - [04/Jan/2022:09:14:56 -0800] "GET /self.logs/2016/error.log.2016-12-19.gz HTTP/1.1" 200 704 "-" "Mozilla/5.0 (compatible; AhrefsBot/7.0; +http://ahrefs.com/robot/)" 
51.222.253.1 - - [04/Jan/2022:09:16:14 -0800] "GET /self.logs/2016/access.log.2016-04-02.gz HTTP/1.1" 200 19996 "-" "Mozilla/5.0 (compatible; AhrefsBot/7.0; +http://ahrefs.com/robot/)" 
49.7.20.105 - - [04/Jan/2022:09:17:20 -0800] "GET / HTTP/1.1" 200 13148 "-" "Sogou web spider/4.0(+http://www.sogou.com/docs/help/webmasters.htm#07)" 
114.119.134.195 - - [04/Jan/2022:09:19:53 -0800] "GET /robots.txt HTTP/1.1" 301 495 "-" "Mozilla/5.0 (compatible;PetalBot;+https://webmaster.petalsearch.com/site/petalbot)" 
114.119.134.195 - - [04/Jan/2022:09:19:56 -0800] "GET /robots.txt HTTP/1.1" 200 377 "-" "Mozilla/5.0 (compatible;PetalBot;+https://webmaster.petalsearch.com/site/petalbot)" 
51.222.253.11 - - [04/Jan/2022:09:26:59 -0800] "GET /self.logs/2015/access.log.2015-01-19.gz HTTP/1.1" 200 2850 "-" "Mozilla/5.0 (compatible; AhrefsBot/7.0; +http://ahrefs.com/robot/)" 
51.222.253.7 - - [04/Jan/2022:09:29:45 -0800] "GET /self.logs/error.log.2021-11-18.gz HTTP/1.1" 200 3547 "-" "Mozilla/5.0 (compatible; AhrefsBot/7.0; +http://ahrefs.com/robot/)" 
51.222.253.1 - - [04/Jan/2022:09:32:25 -0800] "GET /self.logs/2016/error.log.2016-07-01.gz HTTP/1.1" 200 988 "-" "Mozilla/5.0 (compatible; AhrefsBot/7.0; +http://ahrefs.com/robot/)" 
114.119.149.81 - - [04/Jan/2022:09:33:00 -0800] "GET /self.logs/2015/access.log.2015-07-22.gz HTTP/1.1" 200 4741 "-" "Mozilla/5.0 (compatible;PetalBot;+https://webmaster.petalsearch.com/site/petalbot)" 
51.222.253.14 - - [04/Jan/2022:09:33:53 -0800] "GET /self.logs/2016/access.log.2016-05-03.gz HTTP/1.1" 200 8763 "-" "Mozilla/5.0 (compatible; AhrefsBot/7.0; +http://ahrefs.com/robot/)" 
77.75.76.160 - - [04/Jan/2022:09:41:47 -0800] "GET /robots.txt HTTP/1.1" 200 377 "-" "Mozilla/5.0 (compatible; SeznamBot/3.2; +http://napoveda.seznam.cz/en/seznambot-intro/)" 
77.75.76.160 - - [04/Jan/2022:09:41:48 -0800] "GET /Datasets%20Description/PE_malware/Zeus.html HTTP/1.1" 304 267 "-" "Mozilla/5.0 (compatible; SeznamBot/3.2; +http://napoveda.seznam.cz/en/seznambot-intro/)" 
77.75.76.160 - - [04/Jan/2022:09:41:52 -0800] "GET /Datasets%20Description/Network/ftp.html HTTP/1.1" 304 277 "-" "Mozilla/5.0 (compatible; SeznamBot/3.2; +http://napoveda.seznam.cz/en/seznambot-intro/)" 
51.222.253.14 - - [04/Jan/2022:09:42:53 -0800] "GET /self.logs/2015/access.log.2015-11-20.gz HTTP/1.1" 200 8410 "-" "Mozilla/5.0 (compatible; AhrefsBot/7.0; +http://ahrefs.com/robot/)" 
88.105.194.141 - - [04/Jan/2022:09:46:23 -0800] "GET / HTTP/1.1" 200 13185 "-" "Mozilla/5.0 (Windows NT 10.0; Win64; x64) AppleWebKit/537.36 (KHTML, like Gecko) Chrome/96.0.4664.110 Safari/537.36 Edg/96.0.1054.62" 
88.105.194.141 - - [04/Jan/2022:09:46:23 -0800] "GET /css/style.css HTTP/1.1" 404 305 "http://www.secrepo.com/" "Mozilla/5.0 (Windows NT 10.0; Win64; x64) AppleWebKit/537.36 (KHTML, like Gecko) Chrome/96.0.4664.110 Safari/537.36 Edg/96.0.1054.62" 
88.105.194.141 - - [04/Jan/2022:09:46:23 -0800] "GET /twitter-icon.png HTTP/1.1" 200 27916 "http://www.secrepo.com/" "Mozilla/5.0 (Windows NT 10.0; Win64; x64) AppleWebKit/537.36 (KHTML, like Gecko) Chrome/96.0.4664.110 Safari/537.36 Edg/96.0.1054.62" 
88.105.194.141 - - [04/Jan/2022:09:46:24 -0800] "GET /GitHub-Mark.png HTTP/1.1" 200 7533 "http://www.secrepo.com/" "Mozilla/5.0 (Windows NT 10.0; Win64; x64) AppleWebKit/537.36 (KHTML, like Gecko) Chrome/96.0.4664.110 Safari/537.36 Edg/96.0.1054.62" 
88.105.194.141 - - [04/Jan/2022:09:46:28 -0800] "GET /bootstrap/img/favicon.ico HTTP/1.1" 200 713 "http://www.secrepo.com/" "Mozilla/5.0 (Windows NT 10.0; Win64; x64) AppleWebKit/537.36 (KHTML, like Gecko) Chrome/96.0.4664.110 Safari/537.36 Edg/96.0.1054.62" 
114.119.149.90 - - [04/Jan/2022:09:46:32 -0800] "GET /self.logs/error.log.2019-05-11.gz HTTP/1.1" 200 3661 "-" "Mozilla/5.0 (compatible;PetalBot;+https://webmaster.petalsearch.com/site/petalbot)" 
88.105.194.141 - - [04/Jan/2022:09:50:01 -0800] "GET /css/style.css HTTP/1.1" 404 328 "http://www.secrepo.com/" "Mozilla/5.0 (Windows NT 10.0; Win64; x64) AppleWebKit/537.36 (KHTML, like Gecko) Chrome/96.0.4664.110 Safari/537.36 Edg/96.0.1054.62" 
51.222.253.5 - - [04/Jan/2022:09:52:08 -0800] "GET /self.logs/2016/access.log.2016-11-01.gz HTTP/1.1" 200 29362 "-" "Mozilla/5.0 (compatible; AhrefsBot/7.0; +http://ahrefs.com/robot/)" 
49.7.20.105 - - [04/Jan/2022:09:54:53 -0800] "GET / HTTP/1.1" 200 13148 "-" "Sogou web spider/4.0(+http://www.sogou.com/docs/help/webmasters.htm#07)" 
51.222.253.18 - - [04/Jan/2022:09:58:37 -0800] "GET /self.logs/2016/error.log.2016-11-10.gz HTTP/1.1" 200 676 "-" "Mozilla/5.0 (compatible; AhrefsBot/7.0; +http://ahrefs.com/robot/)" 
139.196.237.182 - - [04/Jan/2022:10:04:42 -0800] "HEAD /wp-login.php HTTP/1.1" 404 309 "-" "-" 
114.119.149.83 - - [04/Jan/2022:10:06:26 -0800] "GET /self.logs/error.log.2017-02-27.gz HTTP/1.1" 200 1102 "-" "Mozilla/5.0 (compatible;PetalBot;+https://webmaster.petalsearch.com/site/petalbot)" 
51.222.253.12 - - [04/Jan/2022:10:08:08 -0800] "GET /self.logs/2016/error.log.2016-11-15.gz HTTP/1.1" 200 711 "-" "Mozilla/5.0 (compatible; AhrefsBot/7.0; +http://ahrefs.com/robot/)" 
207.46.13.186 - - [04/Jan/2022:10:09:36 -0800] "GET / HTTP/1.1" 200 13185 "-" "Mozilla/5.0 (compatible; bingbot/2.0; +http://www.bing.com/bingbot.htm)" 
114.119.149.83 - - [04/Jan/2022:10:13:03 -0800] "GET /self.logs/2015/error.log.2015-09-01.gz HTTP/1.1" 200 781 "-" "Mozilla/5.0 (compatible;PetalBot;+https://webmaster.petalsearch.com/site/petalbot)" 
51.222.253.18 - - [04/Jan/2022:10:14:49 -0800] "GET /self.logs/2016/access.log.2016-08-16.gz HTTP/1.1" 200 15127 "-" "Mozilla/5.0 (compatible; AhrefsBot/7.0; +http://ahrefs.com/robot/)" 
85.221.138.47 - - [04/Jan/2022:10:16:40 -0800] "GET / HTTP/1.1" 200 13186 "-" "Mozilla/5.0 (Macintosh; Intel Mac OS X 10_15_7) AppleWebKit/537.36 (KHTML, like Gecko) Chrome/96.0.4664.110 Safari/537.36" 
85.221.138.47 - - [04/Jan/2022:10:16:40 -0800] "GET /css/style.css HTTP/1.1" 404 305 "http://www.secrepo.com/" "Mozilla/5.0 (Macintosh; Intel Mac OS X 10_15_7) AppleWebKit/537.36 (KHTML, like Gecko) Chrome/96.0.4664.110 Safari/537.36" 
85.221.138.47 - - [04/Jan/2022:10:16:40 -0800] "GET /twitter-icon.png HTTP/1.1" 304 281 "http://www.secrepo.com/" "Mozilla/5.0 (Macintosh; Intel Mac OS X 10_15_7) AppleWebKit/537.36 (KHTML, like Gecko) Chrome/96.0.4664.110 Safari/537.36" 
85.221.138.47 - - [04/Jan/2022:10:16:40 -0800] "GET /GitHub-Mark.png HTTP/1.1" 304 271 "http://www.secrepo.com/" "Mozilla/5.0 (Macintosh; Intel Mac OS X 10_15_7) AppleWebKit/537.36 (KHTML, like Gecko) Chrome/96.0.4664.110 Safari/537.36" 
85.221.138.47 - - [04/Jan/2022:10:16:40 -0800] "GET /bootstrap/img/favicon.ico HTTP/1.1" 304 253 "http://www.secrepo.com/" "Mozilla/5.0 (Macintosh; Intel Mac OS X 10_15_7) AppleWebKit/537.36 (KHTML, like Gecko) Chrome/96.0.4664.110 Safari/537.36" 
51.222.253.16 - - [04/Jan/2022:10:23:09 -0800] "GET /self.logs/error.log.2021-10-22.gz HTTP/1.1" 200 4736 "-" "Mozilla/5.0 (compatible; AhrefsBot/7.0; +http://ahrefs.com/robot/)" 
51.222.253.14 - - [04/Jan/2022:10:24:32 -0800] "GET /self.logs/2016/error.log.2016-01-03.gz HTTP/1.1" 200 723 "-" "Mozilla/5.0 (compatible; AhrefsBot/7.0; +http://ahrefs.com/robot/)" 
77.75.77.72 - - [04/Jan/2022:10:27:02 -0800] "GET /robots.txt HTTP/1.1" 200 377 "-" "Mozilla/5.0 (compatible; SeznamBot/3.2; +http://napoveda.seznam.cz/en/seznambot-intro/)" 
77.75.77.72 - - [04/Jan/2022:10:27:03 -0800] "GET /honeypot/Honeypot%20-%20Howto%20-%20BSides%20Austin.pdf HTTP/1.1" 304 266 "-" "Mozilla/5.0 (compatible; SeznamBot/3.2; +http://napoveda.seznam.cz/en/seznambot-intro/)" 
185.191.171.43 - - [04/Jan/2022:10:28:51 -0800] "GET /robots.txt HTTP/1.1" 200 340 "-" "Mozilla/5.0 (compatible; SemrushBot/7~bl; +http://www.semrush.com/bot.html)" 
185.191.171.36 - - [04/Jan/2022:10:28:51 -0800] "GET /Datasets%20Description/HTML_Bro_log_1/http.html HTTP/1.1" 200 1997 "-" "Mozilla/5.0 (compatible; SemrushBot/7~bl; +http://www.semrush.com/bot.html)" 
51.222.253.9 - - [04/Jan/2022:10:30:01 -0800] "GET /self.logs/2016/access.log.2016-03-08.gz HTTP/1.1" 200 8218 "-" "Mozilla/5.0 (compatible; AhrefsBot/7.0; +http://ahrefs.com/robot/)" 
51.222.253.17 - - [04/Jan/2022:10:31:28 -0800] "GET /self.logs/2016/access.log.2016-04-23.gz HTTP/1.1" 200 6443 "-" "Mozilla/5.0 (compatible; AhrefsBot/7.0; +http://ahrefs.com/robot/)" 
49.7.20.105 - - [04/Jan/2022:10:31:54 -0800] "GET / HTTP/1.1" 200 13149 "-" "Sogou web spider/4.0(+http://www.sogou.com/docs/help/webmasters.htm#07)" 
51.222.253.19 - - [04/Jan/2022:10:34:13 -0800] "GET /maccdc2012/ssl.log.gz HTTP/1.1" 200 78840 "-" "Mozilla/5.0 (compatible; AhrefsBot/7.0; +http://ahrefs.com/robot/)" 
51.222.253.2 - - [04/Jan/2022:10:36:48 -0800] "GET /self.logs/2016/access.log.2016-10-27.gz HTTP/1.1" 200 14046 "-" "Mozilla/5.0 (compatible; AhrefsBot/7.0; +http://ahrefs.com/robot/)" 
51.222.253.1 - - [04/Jan/2022:10:40:49 -0800] "GET /self.logs/2016/error.log.2016-10-19.gz HTTP/1.1" 200 576 "-" "Mozilla/5.0 (compatible; AhrefsBot/7.0; +http://ahrefs.com/robot/)" 
51.222.253.12 - - [04/Jan/2022:10:45:52 -0800] "GET /self.logs/2016/access.log.2016-01-24.gz HTTP/1.1" 200 6278 "-" "Mozilla/5.0 (compatible; AhrefsBot/7.0; +http://ahrefs.com/robot/)" 
114.119.149.90 - - [04/Jan/2022:10:47:15 -0800] "GET /self.logs/access.log.2017-01-30.gz HTTP/1.1" 200 29784 "-" "Mozilla/5.0 (compatible;PetalBot;+https://webmaster.petalsearch.com/site/petalbot)" 
111.6.78.71 - - [04/Jan/2022:10:51:34 -0800] "GET / HTTP/1.1" 200 13186 "-" "Mozilla/5.0 (Windows NT 10.0; Win64; x64; rv:91.0) Gecko/20100101 Firefox/91.0" 
114.119.149.83 - - [04/Jan/2022:10:53:57 -0800] "GET /self.logs/access.log.2019-03-11.gz HTTP/1.1" 200 41556 "-" "Mozilla/5.0 (compatible;PetalBot;+https://webmaster.petalsearch.com/site/petalbot)" 
157.55.39.6 - - [04/Jan/2022:10:53:58 -0800] "GET /self.logs/access.log.2018-01-19.gz HTTP/1.1" 301 543 "-" "Mozilla/5.0 (compatible; bingbot/2.0; +http://www.bing.com/bingbot.htm)" 
51.222.253.14 - - [04/Jan/2022:10:54:51 -0800] "GET /self.logs/2016/access.log.2016-02-21.gz HTTP/1.1" 200 8003 "-" "Mozilla/5.0 (compatible; AhrefsBot/7.0; +http://ahrefs.com/robot/)" 
51.222.253.2 - - [04/Jan/2022:10:56:10 -0800] "GET /self.logs/2016/access.log.2016-04-16.gz HTTP/1.1" 200 9833 "-" "Mozilla/5.0 (compatible; AhrefsBot/7.0; +http://ahrefs.com/robot/)" 
114.119.149.81 - - [04/Jan/2022:11:00:35 -0800] "GET /self.logs/access.log.2018-12-06.gz HTTP/1.1" 200 23725 "-" "Mozilla/5.0 (compatible;PetalBot;+https://webmaster.petalsearch.com/site/petalbot)" 
51.222.253.7 - - [04/Jan/2022:11:01:54 -0800] "GET /auth.log/auth.log.gz HTTP/1.1" 200 73000 "-" "Mozilla/5.0 (compatible; AhrefsBot/7.0; +http://ahrefs.com/robot/)" 
95.163.255.56 - - [04/Jan/2022:11:03:38 -0800] "GET /robots.txt HTTP/1.0" 200 340 "-" "Mozilla/5.0 (compatible; Linux x86_64; Mail.RU_Bot/2.0; +http://go.mail.ru/help/robots)" 
95.163.255.54 - - [04/Jan/2022:11:03:39 -0800] "GET /Datasets%20Description/HTML_Bro_log_3/dpd.html HTTP/1.1" 200 1625 "-" "Mozilla/5.0 (compatible; Linux x86_64; Mail.RU_Bot/2.0; +http://go.mail.ru/help/robots)" 
51.222.253.11 - - [04/Jan/2022:11:04:43 -0800] "GET /self.logs/error.log.2021-11-19 HTTP/1.1" 200 307 "-" "Mozilla/5.0 (compatible; AhrefsBot/7.0; +http://ahrefs.com/robot/)" 
51.222.253.20 - - [04/Jan/2022:11:07:19 -0800] "GET /self.logs/2016/access.log.2016-10-24.gz HTTP/1.1" 200 10648 "-" "Mozilla/5.0 (compatible; AhrefsBot/7.0; +http://ahrefs.com/robot/)" 
49.7.20.105 - - [04/Jan/2022:11:07:31 -0800] "GET / HTTP/1.1" 200 13149 "-" "Sogou web spider/4.0(+http://www.sogou.com/docs/help/webmasters.htm#07)" 
51.222.253.12 - - [04/Jan/2022:11:08:37 -0800] "GET /self.logs/2016/access.log.2016-04-01.gz HTTP/1.1" 200 7675 "-" "Mozilla/5.0 (compatible; AhrefsBot/7.0; +http://ahrefs.com/robot/)" 
51.222.253.8 - - [04/Jan/2022:11:13:56 -0800] "GET /self.logs/2016/error.log.2016-04-30.gz HTTP/1.1" 200 710 "-" "Mozilla/5.0 (compatible; AhrefsBot/7.0; +http://ahrefs.com/robot/)" 
51.222.253.15 - - [04/Jan/2022:11:16:36 -0800] "GET /self.logs/2016/access.log.2016-12-15.gz HTTP/1.1" 200 7003 "-" "Mozilla/5.0 (compatible; AhrefsBot/7.0; +http://ahrefs.com/robot/)" 
51.222.253.8 - - [04/Jan/2022:11:19:19 -0800] "GET /self.logs/2016/error.log.2016-09-18.gz HTTP/1.1" 200 872 "-" "Mozilla/5.0 (compatible; AhrefsBot/7.0; +http://ahrefs.com/robot/)" 
51.222.253.4 - - [04/Jan/2022:11:24:25 -0800] "GET /self.logs/2016/error.log.2016-06-22.gz HTTP/1.1" 200 964 "-" "Mozilla/5.0 (compatible; AhrefsBot/7.0; +http://ahrefs.com/robot/)" 
51.222.253.10 - - [04/Jan/2022:11:27:03 -0800] "GET /self.logs/2016/error.log.2016-04-18.gz HTTP/1.1" 200 912 "-" "Mozilla/5.0 (compatible; AhrefsBot/7.0; +http://ahrefs.com/robot/)" 
51.222.253.19 - - [04/Jan/2022:11:29:46 -0800] "GET /self.logs/2016/access.log.2016-04-17.gz HTTP/1.1" 200 8987 "-" "Mozilla/5.0 (compatible; AhrefsBot/7.0; +http://ahrefs.com/robot/)" 
207.46.13.186 - - [04/Jan/2022:11:30:35 -0800] "GET / HTTP/1.1" 301 475 "-" "Mozilla/5.0 (compatible; bingbot/2.0; +http://www.bing.com/bingbot.htm)" 
176.35.252.164 - - [04/Jan/2022:11:32:36 -0800] "GET / HTTP/1.1" 200 13186 "http://www.secrepo.com/Datasets%20Description/PE_malware/VirusShare.html" "Mozilla/5.0 (iPhone; CPU iPhone OS 15_1_1 like Mac OS X) AppleWebKit/605.1.15 (KHTML, like Gecko) Version/15.1 Mobile/15E148 Safari/604.1" 
114.119.149.81 - - [04/Jan/2022:11:33:59 -0800] "GET /self.logs/access.log.2018-12-09.gz HTTP/1.1" 200 23288 "-" "Mozilla/5.0 (compatible;PetalBot;+https://webmaster.petalsearch.com/site/petalbot)" 
207.46.13.186 - - [04/Jan/2022:11:35:46 -0800] "GET / HTTP/1.1" 200 13186 "-" "Mozilla/5.0 (compatible; bingbot/2.0; +http://www.bing.com/bingbot.htm)" 
17.121.115.20 - - [04/Jan/2022:11:35:46 -0800] "GET /self.logs/error.log.2020-06-21 HTTP/1.1" 200 307 "-" "Mozilla/5.0 (Macintosh; Intel Mac OS X 10_15_5) AppleWebKit/605.1.15 (KHTML, like Gecko) Version/13.1.1 Safari/605.1.15 (Applebot/0.1; +http://www.apple.com/go/applebot)" 
51.222.253.2 - - [04/Jan/2022:11:36:22 -0800] "GET /self.logs/2016/error.log.2016-10-20.gz HTTP/1.1" 200 716 "-" "Mozilla/5.0 (compatible; AhrefsBot/7.0; +http://ahrefs.com/robot/)" 
51.222.253.18 - - [04/Jan/2022:11:37:40 -0800] "GET /self.logs/2015/access.log.2015-10-26.gz HTTP/1.1" 200 6433 "-" "Mozilla/5.0 (compatible; AhrefsBot/7.0; +http://ahrefs.com/robot/)" 
51.222.253.3 - - [04/Jan/2022:11:38:54 -0800] "GET /self.logs/2016/access.log.2016-11-11.gz HTTP/1.1" 200 7854 "-" "Mozilla/5.0 (compatible; AhrefsBot/7.0; +http://ahrefs.com/robot/)" 
17.121.113.146 - - [04/Jan/2022:11:41:35 -0800] "GET /self.logs/error.log.2020-04-03 HTTP/1.1" 200 307 "-" "Mozilla/5.0 (Macintosh; Intel Mac OS X 10_15_5) AppleWebKit/605.1.15 (KHTML, like Gecko) Version/13.1.1 Safari/605.1.15 (Applebot/0.1; +http://www.apple.com/go/applebot)" 
49.7.20.105 - - [04/Jan/2022:11:42:10 -0800] "GET / HTTP/1.1" 200 13149 "-" "Sogou web spider/4.0(+http://www.sogou.com/docs/help/webmasters.htm#07)" 
51.222.253.2 - - [04/Jan/2022:11:42:43 -0800] "GET /self.logs/2016/access.log.2016-09-02.gz HTTP/1.1" 200 8344 "-" "Mozilla/5.0 (compatible; AhrefsBot/7.0; +http://ahrefs.com/robot/)" 
17.121.113.59 - - [04/Jan/2022:11:45:34 -0800] "GET /self.logs/error.log.2020-05-26 HTTP/1.1" 200 307 "-" "Mozilla/5.0 (Macintosh; Intel Mac OS X 10_15_5) AppleWebKit/605.1.15 (KHTML, like Gecko) Version/13.1.1 Safari/605.1.15 (Applebot/0.1; +http://www.apple.com/go/applebot)" 
114.119.149.90 - - [04/Jan/2022:11:47:26 -0800] "GET /self.logs/error.log.2018-09-02.gz HTTP/1.1" 200 5402 "-" "Mozilla/5.0 (compatible;PetalBot;+https://webmaster.petalsearch.com/site/petalbot)" 
51.222.253.4 - - [04/Jan/2022:11:48:15 -0800] "GET /self.logs/2015/access.log.2015-11-04.gz HTTP/1.1" 200 5934 "-" "Mozilla/5.0 (compatible; AhrefsBot/7.0; +http://ahrefs.com/robot/)" 
17.121.114.220 - - [04/Jan/2022:11:49:33 -0800] "GET /self.logs/error.log.2020-06-10 HTTP/1.1" 200 307 "-" "Mozilla/5.0 (Macintosh; Intel Mac OS X 10_15_5) AppleWebKit/605.1.15 (KHTML, like Gecko) Version/13.1.1 Safari/605.1.15 (Applebot/0.1; +http://www.apple.com/go/applebot)" 
65.108.105.247 - - [04/Jan/2022:11:49:44 -0800] "POST /ALFA_DATA/alfacgiapi/perl.alfa HTTP/1.1" 404 328 "www.google.com" "Mozlila/5.0 (Linux; Android 7.0; SM-G892A Bulid/NRD90M; wv) AppleWebKit/537.36 (KHTML, like Gecko) Version/4.0 Chrome/60.0.3112.107 Moblie Safari/537.36" 
65.108.105.247 - - [04/Jan/2022:11:49:52 -0800] "POST /alfacgiapi/perl.alfa HTTP/1.1" 404 328 "www.google.com" "Mozlila/5.0 (Linux; Android 7.0; SM-G892A Bulid/NRD90M; wv) AppleWebKit/537.36 (KHTML, like Gecko) Version/4.0 Chrome/60.0.3112.107 Moblie Safari/537.36" 
51.222.253.18 - - [04/Jan/2022:11:50:48 -0800] "GET /self.logs/2016/error.log.2016-06-03.gz HTTP/1.1" 200 1751 "-" "Mozilla/5.0 (compatible; AhrefsBot/7.0; +http://ahrefs.com/robot/)" 
123.183.29.251 - - [04/Jan/2022:11:52:08 -0800] "GET / HTTP/1.1" 200 49089 "-" "-" 
109.25.107.30 - - [04/Jan/2022:11:52:33 -0800] "GET /Datasets%20Description/PE_malware/VirusShare.html HTTP/1.1" 200 1651 "-" "Mozilla/5.0 (Windows NT 10.0; Win64; x64) AppleWebKit/537.36 (KHTML, like Gecko) Chrome/96.0.4664.110 Safari/537.36" 
109.25.107.30 - - [04/Jan/2022:11:52:34 -0800] "GET /favicon.ico HTTP/1.1" 200 368 "http://www.secrepo.com/Datasets%20Description/PE_malware/VirusShare.html" "Mozilla/5.0 (Windows NT 10.0; Win64; x64) AppleWebKit/537.36 (KHTML, like Gecko) Chrome/96.0.4664.110 Safari/537.36" 
51.222.253.17 - - [04/Jan/2022:11:53:34 -0800] "GET /self.logs/2015/error.log.2015-05-12.gz HTTP/1.1" 200 942 "-" "Mozilla/5.0 (compatible; AhrefsBot/7.0; +http://ahrefs.com/robot/)" 
17.121.115.90 - - [04/Jan/2022:11:54:26 -0800] "GET /self.logs/error.log.2020-06-18 HTTP/1.1" 200 307 "-" "Mozilla/5.0 (Macintosh; Intel Mac OS X 10_15_5) AppleWebKit/605.1.15 (KHTML, like Gecko) Version/13.1.1 Safari/605.1.15 (Applebot/0.1; +http://www.apple.com/go/applebot)" 
17.121.113.157 - - [04/Jan/2022:11:57:18 -0800] "GET /self.logs/error.log.2020-08-15 HTTP/1.1" 200 307 "-" "Mozilla/5.0 (Macintosh; Intel Mac OS X 10_15_5) AppleWebKit/605.1.15 (KHTML, like Gecko) Version/13.1.1 Safari/605.1.15 (Applebot/0.1; +http://www.apple.com/go/applebot)" 
51.222.253.11 - - [04/Jan/2022:11:57:34 -0800] "GET /self.logs/2015/error.log.2015-08-03.gz HTTP/1.1" 200 742 "-" "Mozilla/5.0 (compatible; AhrefsBot/7.0; +http://ahrefs.com/robot/)" 
51.222.253.14 - - [04/Jan/2022:11:58:45 -0800] "GET /self.logs/2016/error.log.2016-03-09.gz HTTP/1.1" 200 858 "-" "Mozilla/5.0 (compatible; AhrefsBot/7.0; +http://ahrefs.com/robot/)" 
17.121.112.192 - - [04/Jan/2022:12:01:19 -0800] "GET /self.logs/error.log.2020-04-20 HTTP/1.1" 200 307 "-" "Mozilla/5.0 (Macintosh; Intel Mac OS X 10_15_5) AppleWebKit/605.1.15 (KHTML, like Gecko) Version/13.1.1 Safari/605.1.15 (Applebot/0.1; +http://www.apple.com/go/applebot)" 
51.222.253.18 - - [04/Jan/2022:12:03:59 -0800] "GET /self.logs/2016/access.log.2016-11-03.gz HTTP/1.1" 200 15966 "-" "Mozilla/5.0 (compatible; AhrefsBot/7.0; +http://ahrefs.com/robot/)" 
51.222.253.10 - - [04/Jan/2022:12:05:17 -0800] "GET /self.logs/2015/access.log.2015-06-29.gz HTTP/1.1" 200 6274 "-" "Mozilla/5.0 (compatible; AhrefsBot/7.0; +http://ahrefs.com/robot/)" 
51.222.253.1 - - [04/Jan/2022:12:07:46 -0800] "GET /self.logs/2016/access.log.2016-10-11.gz HTTP/1.1" 200 18720 "-" "Mozilla/5.0 (compatible; AhrefsBot/7.0; +http://ahrefs.com/robot/)" 
51.222.253.10 - - [04/Jan/2022:12:09:02 -0800] "GET /self.logs/2015/access.log.2015-10-08.gz HTTP/1.1" 200 3921 "-" "Mozilla/5.0 (compatible; AhrefsBot/7.0; +http://ahrefs.com/robot/)" 
157.55.39.81 - - [04/Jan/2022:12:12:40 -0800] "GET /self.logs/2015/?C=M;O=D HTTP/1.1" 200 7950 "-" "Mozilla/5.0 (compatible; bingbot/2.0; +http://www.bing.com/bingbot.htm)" 
49.7.20.105 - - [04/Jan/2022:12:18:42 -0800] "GET / HTTP/1.1" 200 13149 "-" "Sogou web spider/4.0(+http://www.sogou.com/docs/help/webmasters.htm#07)" 
51.222.253.17 - - [04/Jan/2022:12:20:57 -0800] "GET /self.logs/2016/access.log.2016-01-28.gz HTTP/1.1" 200 14922 "-" "Mozilla/5.0 (compatible; AhrefsBot/7.0; +http://ahrefs.com/robot/)" 
17.121.114.245 - - [04/Jan/2022:12:28:43 -0800] "GET /self.logs/error.log.2020-07-18 HTTP/1.1" 200 307 "-" "Mozilla/5.0 (Macintosh; Intel Mac OS X 10_15_5) AppleWebKit/605.1.15 (KHTML, like Gecko) Version/13.1.1 Safari/605.1.15 (Applebot/0.1; +http://www.apple.com/go/applebot)" 
114.119.149.81 - - [04/Jan/2022:12:36:27 -0800] "GET /self.logs/access.log.2020-08-09.gz HTTP/1.1" 200 9673 "-" "Mozilla/5.0 (compatible;PetalBot;+https://webmaster.petalsearch.com/site/petalbot)" 
