205.193.218.61 - - [13/Apr/2021:13:21:39 -0700] "GET /bootstrap/img/favicon.ico HTTP/1.1" 200 713 "http://www.secrepo.com/" "Mozilla/5.0 (Windows NT 10.0; Win64; x64) AppleWebKit/537.36 (KHTML, like Gecko) Chrome/89.0.4389.114 Safari/537.36" 
114.119.130.95 - - [13/Apr/2021:13:22:20 -0700] "GET /self.logs/error.log.2019-09-12.gz HTTP/1.1" 200 1542 "-" "Mozilla/5.0 (Linux; Android 7.0;) AppleWebKit/537.36 (KHTML, like Gecko) Mobile Safari/537.36 (compatible; PetalBot;+https://webmaster.petalsearch.com/site/petalbot)" 
111.202.101.151 - - [13/Apr/2021:13:22:44 -0700] "GET / HTTP/1.1" 200 12844 "-" "Sogou web spider/4.0(+http://www.sogou.com/docs/help/webmasters.htm#07)" 
40.77.167.30 - - [13/Apr/2021:13:25:06 -0700] "GET /self.logs/access.log.2017-08-10.gz HTTP/1.1" 301 543 "-" "Mozilla/5.0 (compatible; bingbot/2.0; +http://www.bing.com/bingbot.htm)" 
114.119.159.40 - - [13/Apr/2021:13:29:02 -0700] "GET /self.logs/2015/access.log.2015-12-10.gz HTTP/1.1" 200 6177 "-" "Mozilla/5.0 (Linux; Android 7.0;) AppleWebKit/537.36 (KHTML, like Gecko) Mobile Safari/537.36 (compatible; PetalBot;+https://webmaster.petalsearch.com/site/petalbot)" 
111.202.100.87 - - [13/Apr/2021:13:29:44 -0700] "GET / HTTP/1.1" 200 12844 "-" "Sogou web spider/4.0(+http://www.sogou.com/docs/help/webmasters.htm#07)" 
54.36.149.61 - - [13/Apr/2021:13:35:23 -0700] "GET /self.logs/2016/access.log.2016-01-29.gz HTTP/1.1" 200 12884 "-" "Mozilla/5.0 (compatible; AhrefsBot/7.0; +http://ahrefs.com/robot/)" 
111.202.101.150 - - [13/Apr/2021:13:35:26 -0700] "GET / HTTP/1.1" 200 12846 "-" "Sogou web spider/4.0(+http://www.sogou.com/docs/help/webmasters.htm#07)" 
114.119.144.30 - - [13/Apr/2021:13:35:30 -0700] "GET /self.logs/2015/access.log.2015-11-22.gz HTTP/1.1" 200 8648 "-" "Mozilla/5.0 (Linux; Android 7.0;) AppleWebKit/537.36 (KHTML, like Gecko) Mobile Safari/537.36 (compatible; PetalBot;+https://webmaster.petalsearch.com/site/petalbot)" 
198.202.241.81 - - [13/Apr/2021:13:38:19 -0700] "GET /css/style.css HTTP/1.1" 404 328 "http://www.secrepo.com/" "Mozilla/5.0 (Macintosh; Intel Mac OS X 10_15_7) AppleWebKit/537.36 (KHTML, like Gecko) Chrome/89.0.4389.114 Safari/537.36" 
111.202.100.88 - - [13/Apr/2021:13:40:29 -0700] "GET / HTTP/1.1" 200 12846 "-" "Sogou web spider/4.0(+http://www.sogou.com/docs/help/webmasters.htm#07)" 
114.119.140.84 - - [13/Apr/2021:13:41:39 -0700] "GET /self.logs/access.log.2019-01-03.gz HTTP/1.1" 200 24157 "-" "Mozilla/5.0 (Linux; Android 7.0;) AppleWebKit/537.36 (KHTML, like Gecko) Mobile Safari/537.36 (compatible; PetalBot;+https://webmaster.petalsearch.com/site/petalbot)" 
45.121.209.173 - - [13/Apr/2021:13:44:37 -0700] "GET / HTTP/1.1" 301 475 "-" "Mozilla/5.0 (Windows NT 10.0; Win64; x64) AppleWebKit/537.36 (KHTML, like Gecko) Chrome/78.0.3904.108 Safari/537.36" 
45.121.209.173 - - [13/Apr/2021:13:44:38 -0700] "GET / HTTP/1.1" 200 48064 "-" "Mozilla/5.0 (Windows NT 10.0; Win64; x64) AppleWebKit/537.36 (KHTML, like Gecko) Chrome/78.0.3904.108 Safari/537.36" 
45.121.209.173 - - [13/Apr/2021:13:44:39 -0700] "GET //wp-includes/wlwmanifest.xml HTTP/1.1" 404 305 "-" "Mozilla/5.0 (Windows NT 10.0; Win64; x64) AppleWebKit/537.36 (KHTML, like Gecko) Chrome/78.0.3904.108 Safari/537.36" 
45.121.209.173 - - [13/Apr/2021:13:44:39 -0700] "GET //xmlrpc.php?rsd HTTP/1.1" 404 305 "-" "Mozilla/5.0 (Windows NT 10.0; Win64; x64) AppleWebKit/537.36 (KHTML, like Gecko) Chrome/78.0.3904.108 Safari/537.36" 
45.121.209.173 - - [13/Apr/2021:13:44:40 -0700] "GET / HTTP/1.1" 200 48041 "-" "Mozilla/5.0 (Windows NT 10.0; Win64; x64) AppleWebKit/537.36 (KHTML, like Gecko) Chrome/78.0.3904.108 Safari/537.36" 
45.121.209.173 - - [13/Apr/2021:13:44:40 -0700] "GET //blog/wp-includes/wlwmanifest.xml HTTP/1.1" 404 305 "-" "Mozilla/5.0 (Windows NT 10.0; Win64; x64) AppleWebKit/537.36 (KHTML, like Gecko) Chrome/78.0.3904.108 Safari/537.36" 
45.121.209.173 - - [13/Apr/2021:13:44:41 -0700] "GET //web/wp-includes/wlwmanifest.xml HTTP/1.1" 404 305 "-" "Mozilla/5.0 (Windows NT 10.0; Win64; x64) AppleWebKit/537.36 (KHTML, like Gecko) Chrome/78.0.3904.108 Safari/537.36" 
45.121.209.173 - - [13/Apr/2021:13:44:41 -0700] "GET //wordpress/wp-includes/wlwmanifest.xml HTTP/1.1" 404 305 "-" "Mozilla/5.0 (Windows NT 10.0; Win64; x64) AppleWebKit/537.36 (KHTML, like Gecko) Chrome/78.0.3904.108 Safari/537.36" 
45.121.209.173 - - [13/Apr/2021:13:44:41 -0700] "GET //website/wp-includes/wlwmanifest.xml HTTP/1.1" 404 305 "-" "Mozilla/5.0 (Windows NT 10.0; Win64; x64) AppleWebKit/537.36 (KHTML, like Gecko) Chrome/78.0.3904.108 Safari/537.36" 
45.121.209.173 - - [13/Apr/2021:13:44:42 -0700] "GET //wp/wp-includes/wlwmanifest.xml HTTP/1.1" 404 305 "-" "Mozilla/5.0 (Windows NT 10.0; Win64; x64) AppleWebKit/537.36 (KHTML, like Gecko) Chrome/78.0.3904.108 Safari/537.36" 
23.228.109.147 - - [13/Apr/2021:13:44:42 -0700] "GET /assets/admin/plugins/file-uploader/server/php/index.php?file=tx2rghf.jpg HTTP/1.1" 301 582 "http://www.google.com/" "Mozilla/5.0 (Windows NT 6.1; Win64; x64) AppleWebKit/537.36 (KHTML, like Gecko) Chrome/56.0.2896.3 Safari/537.36" 
23.228.109.147 - - [13/Apr/2021:13:44:42 -0700] "GET /assets/admin/plugins/file-uploader/server/php/index.php?file=tx2rghf.jpg HTTP/1.1" 404 291 "http://www.google.com/" "Mozilla/5.0 (Windows NT 6.1; Win64; x64) AppleWebKit/537.36 (KHTML, like Gecko) Chrome/56.0.2896.3 Safari/537.36" 
45.121.209.173 - - [13/Apr/2021:13:44:42 -0700] "GET //news/wp-includes/wlwmanifest.xml HTTP/1.1" 404 305 "-" "Mozilla/5.0 (Windows NT 10.0; Win64; x64) AppleWebKit/537.36 (KHTML, like Gecko) Chrome/78.0.3904.108 Safari/537.36" 
45.121.209.173 - - [13/Apr/2021:13:44:43 -0700] "GET //2018/wp-includes/wlwmanifest.xml HTTP/1.1" 404 305 "-" "Mozilla/5.0 (Windows NT 10.0; Win64; x64) AppleWebKit/537.36 (KHTML, like Gecko) Chrome/78.0.3904.108 Safari/537.36" 
45.121.209.173 - - [13/Apr/2021:13:44:43 -0700] "GET //2019/wp-includes/wlwmanifest.xml HTTP/1.1" 404 305 "-" "Mozilla/5.0 (Windows NT 10.0; Win64; x64) AppleWebKit/537.36 (KHTML, like Gecko) Chrome/78.0.3904.108 Safari/537.36" 
45.121.209.173 - - [13/Apr/2021:13:44:44 -0700] "GET //shop/wp-includes/wlwmanifest.xml HTTP/1.1" 404 305 "-" "Mozilla/5.0 (Windows NT 10.0; Win64; x64) AppleWebKit/537.36 (KHTML, like Gecko) Chrome/78.0.3904.108 Safari/537.36" 
45.121.209.173 - - [13/Apr/2021:13:44:44 -0700] "GET //wp1/wp-includes/wlwmanifest.xml HTTP/1.1" 404 305 "-" "Mozilla/5.0 (Windows NT 10.0; Win64; x64) AppleWebKit/537.36 (KHTML, like Gecko) Chrome/78.0.3904.108 Safari/537.36" 
45.121.209.173 - - [13/Apr/2021:13:44:44 -0700] "GET //test/wp-includes/wlwmanifest.xml HTTP/1.1" 404 305 "-" "Mozilla/5.0 (Windows NT 10.0; Win64; x64) AppleWebKit/537.36 (KHTML, like Gecko) Chrome/78.0.3904.108 Safari/537.36" 
45.121.209.173 - - [13/Apr/2021:13:44:45 -0700] "GET //media/wp-includes/wlwmanifest.xml HTTP/1.1" 404 305 "-" "Mozilla/5.0 (Windows NT 10.0; Win64; x64) AppleWebKit/537.36 (KHTML, like Gecko) Chrome/78.0.3904.108 Safari/537.36" 
45.121.209.173 - - [13/Apr/2021:13:44:45 -0700] "GET //wp2/wp-includes/wlwmanifest.xml HTTP/1.1" 404 305 "-" "Mozilla/5.0 (Windows NT 10.0; Win64; x64) AppleWebKit/537.36 (KHTML, like Gecko) Chrome/78.0.3904.108 Safari/537.36" 
45.121.209.173 - - [13/Apr/2021:13:44:46 -0700] "GET //site/wp-includes/wlwmanifest.xml HTTP/1.1" 404 305 "-" "Mozilla/5.0 (Windows NT 10.0; Win64; x64) AppleWebKit/537.36 (KHTML, like Gecko) Chrome/78.0.3904.108 Safari/537.36" 
45.121.209.173 - - [13/Apr/2021:13:44:46 -0700] "GET //cms/wp-includes/wlwmanifest.xml HTTP/1.1" 404 305 "-" "Mozilla/5.0 (Windows NT 10.0; Win64; x64) AppleWebKit/537.36 (KHTML, like Gecko) Chrome/78.0.3904.108 Safari/537.36" 
45.121.209.173 - - [13/Apr/2021:13:44:46 -0700] "GET //sito/wp-includes/wlwmanifest.xml HTTP/1.1" 404 305 "-" "Mozilla/5.0 (Windows NT 10.0; Win64; x64) AppleWebKit/537.36 (KHTML, like Gecko) Chrome/78.0.3904.108 Safari/537.36" 
82.124.245.137 - - [13/Apr/2021:13:45:37 -0700] "GET / HTTP/1.1" 200 12882 "-" "Mozilla/5.0 (Windows NT 10.0; Win64; x64; rv:87.0) Gecko/20100101 Firefox/87.0" 
82.124.245.137 - - [13/Apr/2021:13:45:37 -0700] "GET /css/style.css HTTP/1.1" 404 328 "http://www.secrepo.com/" "Mozilla/5.0 (Windows NT 10.0; Win64; x64; rv:87.0) Gecko/20100101 Firefox/87.0" 
82.124.245.137 - - [13/Apr/2021:13:45:37 -0700] "GET /bootstrap/img/favicon.ico HTTP/1.1" 200 690 "http://www.secrepo.com/" "Mozilla/5.0 (Windows NT 10.0; Win64; x64; rv:87.0) Gecko/20100101 Firefox/87.0" 
114.119.150.248 - - [13/Apr/2021:13:47:40 -0700] "GET /self.logs/access.log.2017-12-06.gz HTTP/1.1" 200 32880 "-" "Mozilla/5.0 (Linux; Android 7.0;) AppleWebKit/537.36 (KHTML, like Gecko) Mobile Safari/537.36 (compatible; PetalBot;+https://webmaster.petalsearch.com/site/petalbot)" 
49.7.21.111 - - [13/Apr/2021:13:47:29 -0700] "GET /honeypot/BSidesDFW%20-%202014.ipynb HTTP/1.1" 200 67160 "-" "Sogou web spider/4.0(+http://www.sogou.com/docs/help/webmasters.htm#07)" 
54.36.148.17 - - [13/Apr/2021:13:50:08 -0700] "GET /self.logs/2015/access.log.2015-10-31.gz HTTP/1.1" 200 7261 "-" "Mozilla/5.0 (compatible; AhrefsBot/7.0; +http://ahrefs.com/robot/)" 
111.202.100.87 - - [13/Apr/2021:13:51:48 -0700] "GET / HTTP/1.1" 200 12845 "-" "Sogou web spider/4.0(+http://www.sogou.com/docs/help/webmasters.htm#07)" 
114.119.129.244 - - [13/Apr/2021:13:54:27 -0700] "GET /self.logs/2015/error.log.2015-05-27.gz HTTP/1.1" 200 765 "-" "Mozilla/5.0 (Linux; Android 7.0;) AppleWebKit/537.36 (KHTML, like Gecko) Mobile Safari/537.36 (compatible; PetalBot;+https://webmaster.petalsearch.com/site/petalbot)" 
59.63.151.79 - - [13/Apr/2021:13:55:22 -0700] "GET / HTTP/1.1" 200 12882 "-" "Mozilla/5.0 (Windows NT 10.0; Win64; x64) AppleWebKit/537.36 (KHTML, like Gecko) Chrome/89.0.4389.82 Safari/537.36" 
111.202.101.150 - - [13/Apr/2021:13:57:23 -0700] "GET / HTTP/1.1" 200 12845 "-" "Sogou web spider/4.0(+http://www.sogou.com/docs/help/webmasters.htm#07)" 
40.77.167.68 - - [13/Apr/2021:14:01:17 -0700] "GET /self.logs/error.log.2017-04-27.gz HTTP/1.1" 301 541 "-" "Mozilla/5.0 (compatible; bingbot/2.0; +http://www.bing.com/bingbot.htm)" 
111.202.101.151 - - [13/Apr/2021:14:01:51 -0700] "GET / HTTP/1.1" 200 12846 "-" "Sogou web spider/4.0(+http://www.sogou.com/docs/help/webmasters.htm#07)" 
40.77.167.35 - - [13/Apr/2021:14:03:28 -0700] "GET /self.logs/2016/access.log.2016-06-04.gz HTTP/1.1" 200 8317 "-" "Mozilla/5.0 (compatible; bingbot/2.0; +http://www.bing.com/bingbot.htm)" 
54.36.148.17 - - [13/Apr/2021:14:04:58 -0700] "GET /self.logs/2015/error.log.2015-09-29.gz HTTP/1.1" 200 691 "-" "Mozilla/5.0 (compatible; AhrefsBot/7.0; +http://ahrefs.com/robot/)" 
111.202.101.156 - - [13/Apr/2021:14:06:09 -0700] "GET / HTTP/1.1" 200 12846 "-" "Sogou web spider/4.0(+http://www.sogou.com/docs/help/webmasters.htm#07)" 
114.119.141.53 - - [13/Apr/2021:14:07:38 -0700] "GET /self.logs/2016/access.log.2016-07-18.gz HTTP/1.1" 200 8415 "-" "Mozilla/5.0 (Linux; Android 7.0;) AppleWebKit/537.36 (KHTML, like Gecko) Mobile Safari/537.36 (compatible; PetalBot;+https://webmaster.petalsearch.com/site/petalbot)" 
54.36.148.196 - - [13/Apr/2021:14:12:15 -0700] "GET /self.logs/2016/error.log.2016-09-10.gz HTTP/1.1" 200 634 "-" "Mozilla/5.0 (compatible; AhrefsBot/7.0; +http://ahrefs.com/robot/)" 
111.202.100.87 - - [13/Apr/2021:14:13:12 -0700] "GET / HTTP/1.1" 200 12846 "-" "Sogou web spider/4.0(+http://www.sogou.com/docs/help/webmasters.htm#07)" 
114.119.130.95 - - [13/Apr/2021:14:14:05 -0700] "GET /self.logs/access.log.2017-01-20.gz HTTP/1.1" 200 13014 "-" "Mozilla/5.0 (Linux; Android 7.0;) AppleWebKit/537.36 (KHTML, like Gecko) Mobile Safari/537.36 (compatible; PetalBot;+https://webmaster.petalsearch.com/site/petalbot)" 
54.36.148.73 - - [13/Apr/2021:14:15:48 -0700] "GET /self.logs/2015/error.log.2015-05-17.gz HTTP/1.1" 200 805 "-" "Mozilla/5.0 (compatible; AhrefsBot/7.0; +http://ahrefs.com/robot/)" 
111.202.101.125 - - [13/Apr/2021:14:16:50 -0700] "GET / HTTP/1.1" 200 12845 "-" "Sogou web spider/4.0(+http://www.sogou.com/docs/help/webmasters.htm#07)" 
111.202.101.150 - - [13/Apr/2021:14:18:43 -0700] "GET / HTTP/1.1" 200 12845 "-" "Sogou web spider/4.0(+http://www.sogou.com/docs/help/webmasters.htm#07)" 
52.48.73.45 - - [13/Apr/2021:14:18:52 -0700] "GET / HTTP/1.1" 301 438 "-" "Mozilla/5.0 (Macintosh; Intel Mac OS X 10.15; rv:81.0) Gecko/20100101 Firefox/81.0" 
52.48.73.45 - - [13/Apr/2021:14:18:52 -0700] "GET / HTTP/1.1" 200 12845 "http://66.33.221.139" "Mozilla/5.0 (Macintosh; Intel Mac OS X 10.15; rv:81.0) Gecko/20100101 Firefox/81.0" 
54.36.149.61 - - [13/Apr/2021:14:19:21 -0700] "GET /self.logs/2016/error.log.2016-04-11.gz HTTP/1.1" 200 1003 "-" "Mozilla/5.0 (compatible; AhrefsBot/7.0; +http://ahrefs.com/robot/)" 
111.202.100.88 - - [13/Apr/2021:14:20:34 -0700] "GET / HTTP/1.1" 200 12845 "-" "Sogou web spider/4.0(+http://www.sogou.com/docs/help/webmasters.htm#07)" 
114.119.130.95 - - [13/Apr/2021:14:21:05 -0700] "GET /self.logs/2016/error.log.2016-08-02.gz HTTP/1.1" 200 1159 "-" "Mozilla/5.0 (Linux; Android 7.0;) AppleWebKit/537.36 (KHTML, like Gecko) Mobile Safari/537.36 (compatible; PetalBot;+https://webmaster.petalsearch.com/site/petalbot)" 
54.36.148.17 - - [13/Apr/2021:14:23:10 -0700] "GET /self.logs/2016/access.log.2016-12-27.gz HTTP/1.1" 200 31268 "-" "Mozilla/5.0 (compatible; AhrefsBot/7.0; +http://ahrefs.com/robot/)" 
111.202.100.91 - - [13/Apr/2021:14:24:13 -0700] "GET / HTTP/1.1" 200 12845 "-" "Sogou web spider/4.0(+http://www.sogou.com/docs/help/webmasters.htm#07)" 
54.36.149.61 - - [13/Apr/2021:14:26:47 -0700] "GET /self.logs/2016/access.log.2016-03-30.gz HTTP/1.1" 200 8811 "-" "Mozilla/5.0 (compatible; AhrefsBot/7.0; +http://ahrefs.com/robot/)" 
49.7.21.111 - - [13/Apr/2021:14:26:43 -0700] "GET /honeypot/BSidesDFW%20-%202014.ipynb HTTP/1.1" 200 55480 "-" "Sogou web spider/4.0(+http://www.sogou.com/docs/help/webmasters.htm#07)" 
54.36.148.17 - - [13/Apr/2021:14:30:36 -0700] "GET /self.logs/2016/error.log.2016-02-08.gz HTTP/1.1" 200 732 "-" "Mozilla/5.0 (compatible; AhrefsBot/7.0; +http://ahrefs.com/robot/)" 
114.119.159.40 - - [13/Apr/2021:14:34:06 -0700] "GET /self.logs/access.log.2017-12-27.gz HTTP/1.1" 200 20593 "-" "Mozilla/5.0 (Linux; Android 7.0;) AppleWebKit/537.36 (KHTML, like Gecko) Mobile Safari/537.36 (compatible; PetalBot;+https://webmaster.petalsearch.com/site/petalbot)" 
111.202.100.87 - - [13/Apr/2021:14:34:11 -0700] "GET / HTTP/1.1" 200 12846 "-" "Sogou web spider/4.0(+http://www.sogou.com/docs/help/webmasters.htm#07)" 
54.36.149.61 - - [13/Apr/2021:14:34:26 -0700] "GET /self.logs/2016/access.log.2016-07-28.gz HTTP/1.1" 200 6543 "-" "Mozilla/5.0 (compatible; AhrefsBot/7.0; +http://ahrefs.com/robot/)" 
147.9.160.172 - - [13/Apr/2021:14:37:01 -0700] "GET / HTTP/1.1" 200 12883 "-" "Mozilla/5.0 (Windows NT 10.0; Win64; x64) AppleWebKit/537.36 (KHTML, like Gecko) Chrome/89.0.4389.114 Safari/537.36" 
147.9.160.172 - - [13/Apr/2021:14:37:02 -0700] "GET /css/style.css HTTP/1.1" 404 305 "http://www.secrepo.com/" "Mozilla/5.0 (Windows NT 10.0; Win64; x64) AppleWebKit/537.36 (KHTML, like Gecko) Chrome/89.0.4389.114 Safari/537.36" 
147.9.160.172 - - [13/Apr/2021:14:37:02 -0700] "GET /twitter-icon.png HTTP/1.1" 200 27893 "http://www.secrepo.com/" "Mozilla/5.0 (Windows NT 10.0; Win64; x64) AppleWebKit/537.36 (KHTML, like Gecko) Chrome/89.0.4389.114 Safari/537.36" 
147.9.160.172 - - [13/Apr/2021:14:37:02 -0700] "GET /GitHub-Mark.png HTTP/1.1" 200 7556 "http://www.secrepo.com/" "Mozilla/5.0 (Windows NT 10.0; Win64; x64) AppleWebKit/537.36 (KHTML, like Gecko) Chrome/89.0.4389.114 Safari/537.36" 
147.9.160.172 - - [13/Apr/2021:14:37:03 -0700] "GET /bootstrap/img/favicon.ico HTTP/1.1" 200 690 "http://www.secrepo.com/" "Mozilla/5.0 (Windows NT 10.0; Win64; x64) AppleWebKit/537.36 (KHTML, like Gecko) Chrome/89.0.4389.114 Safari/537.36" 
54.36.148.160 - - [13/Apr/2021:14:38:08 -0700] "GET /Datasets%20Description/HTML_Bro_log_2/dhcp.html HTTP/1.1" 200 1693 "-" "Mozilla/5.0 (compatible; AhrefsBot/7.0; +http://ahrefs.com/robot/)" 
111.202.101.151 - - [13/Apr/2021:14:39:29 -0700] "GET / HTTP/1.1" 200 12846 "-" "Sogou web spider/4.0(+http://www.sogou.com/docs/help/webmasters.htm#07)" 
111.202.101.150 - - [13/Apr/2021:14:40:17 -0700] "GET / HTTP/1.1" 200 12846 "-" "Sogou web spider/4.0(+http://www.sogou.com/docs/help/webmasters.htm#07)" 
114.119.130.95 - - [13/Apr/2021:14:40:36 -0700] "GET /self.logs/2015/error.log.2015-11-15.gz HTTP/1.1" 200 683 "-" "Mozilla/5.0 (Linux; Android 7.0;) AppleWebKit/537.36 (KHTML, like Gecko) Mobile Safari/537.36 (compatible; PetalBot;+https://webmaster.petalsearch.com/site/petalbot)" 
54.36.148.63 - - [13/Apr/2021:14:41:52 -0700] "GET /self.logs/2016/access.log.2016-01-31.gz HTTP/1.1" 200 5820 "-" "Mozilla/5.0 (compatible; AhrefsBot/7.0; +http://ahrefs.com/robot/)" 
54.36.149.61 - - [13/Apr/2021:14:45:28 -0700] "GET /self.logs/2016/access.log.2016-10-05.gz HTTP/1.1" 200 6342 "-" "Mozilla/5.0 (compatible; AhrefsBot/7.0; +http://ahrefs.com/robot/)" 
114.119.140.84 - - [13/Apr/2021:14:46:44 -0700] "GET /self.logs/error.log.2017-04-07.gz HTTP/1.1" 200 922 "-" "Mozilla/5.0 (Linux; Android 7.0;) AppleWebKit/537.36 (KHTML, like Gecko) Mobile Safari/537.36 (compatible; PetalBot;+https://webmaster.petalsearch.com/site/petalbot)" 
111.202.101.174 - - [13/Apr/2021:14:48:07 -0700] "GET / HTTP/1.1" 200 12845 "-" "Sogou web spider/4.0(+http://www.sogou.com/docs/help/webmasters.htm#07)" 
54.36.148.17 - - [13/Apr/2021:14:49:06 -0700] "GET /self.logs/2016/access.log.2016-02-07.gz HTTP/1.1" 200 9137 "-" "Mozilla/5.0 (compatible; AhrefsBot/7.0; +http://ahrefs.com/robot/)" 
17.121.113.121 - - [13/Apr/2021:14:49:10 -0700] "GET /robots.txt HTTP/1.1" 200 333 "-" "Mozilla/5.0 (Macintosh; Intel Mac OS X 10_15_5) AppleWebKit/605.1.15 (KHTML, like Gecko) Version/13.1.1 Safari/605.1.15 (Applebot/0.1; +http://www.apple.com/go/applebot)" 
17.121.114.160 - - [13/Apr/2021:14:49:10 -0700] "GET /self.logs/error.log.2020-04-22 HTTP/1.1" 200 307 "-" "Mozilla/5.0 (Macintosh; Intel Mac OS X 10_15_5) AppleWebKit/605.1.15 (KHTML, like Gecko) Version/13.1.1 Safari/605.1.15 (Applebot/0.1; +http://www.apple.com/go/applebot)" 
114.119.130.95 - - [13/Apr/2021:14:52:43 -0700] "GET /self.logs/access.log.2018-10-24.gz HTTP/1.1" 200 25345 "-" "Mozilla/5.0 (Linux; Android 7.0;) AppleWebKit/537.36 (KHTML, like Gecko) Mobile Safari/537.36 (compatible; PetalBot;+https://webmaster.petalsearch.com/site/petalbot)" 
111.202.100.87 - - [13/Apr/2021:14:55:10 -0700] "GET / HTTP/1.1" 200 12845 "-" "Sogou web spider/4.0(+http://www.sogou.com/docs/help/webmasters.htm#07)" 
54.36.148.195 - - [13/Apr/2021:14:56:36 -0700] "GET /self.logs/2016/error.log.2016-05-12.gz HTTP/1.1" 200 1048 "-" "Mozilla/5.0 (compatible; AhrefsBot/7.0; +http://ahrefs.com/robot/)" 
66.249.64.159 - - [13/Apr/2021:14:58:46 -0700] "GET /Datasets%20Description/PE_malware/Zeus.html HTTP/1.1" 200 1698 "-" "Mozilla/5.0 (Linux; Android 6.0.1; Nexus 5X Build/MMB29P) AppleWebKit/537.36 (KHTML, like Gecko) Chrome/89.0.4389.125 Mobile Safari/537.36 (compatible; Googlebot/2.1; +http://www.google.com/bot.html)" 
111.202.100.88 - - [13/Apr/2021:14:58:49 -0700] "GET / HTTP/1.1" 200 12845 "-" "Sogou web spider/4.0(+http://www.sogou.com/docs/help/webmasters.htm#07)" 
66.249.64.129 - - [13/Apr/2021:14:59:00 -0700] "GET /favicon.ico HTTP/1.1" 200 391 "-" "Googlebot-Image/1.0" 
111.202.101.150 - - [13/Apr/2021:15:01:17 -0700] "GET / HTTP/1.1" 200 12846 "-" "Sogou web spider/4.0(+http://www.sogou.com/docs/help/webmasters.htm#07)" 
66.249.64.129 - - [13/Apr/2021:15:04:01 -0700] "GET /Datasets%20Description/PE_malware/Zeus.html HTTP/1.1" 200 1698 "-" "Mozilla/5.0 (compatible; Googlebot/2.1; +http://www.google.com/bot.html)" 
114.119.141.53 - - [13/Apr/2021:15:04:50 -0700] "GET /self.logs/error.log.2017-08-12.gz HTTP/1.1" 200 1048 "-" "Mozilla/5.0 (Linux; Android 7.0;) AppleWebKit/537.36 (KHTML, like Gecko) Mobile Safari/537.36 (compatible; PetalBot;+https://webmaster.petalsearch.com/site/petalbot)" 
49.7.21.111 - - [13/Apr/2021:15:05:46 -0700] "GET /honeypot/BSidesDFW%20-%202014.ipynb HTTP/1.1" 200 58400 "-" "Sogou web spider/4.0(+http://www.sogou.com/docs/help/webmasters.htm#07)" 
114.119.129.244 - - [13/Apr/2021:15:10:27 -0700] "GET /self.logs/access.log.2020-08-26.gz HTTP/1.1" 200 14329 "-" "Mozilla/5.0 (Linux; Android 7.0;) AppleWebKit/537.36 (KHTML, like Gecko) Mobile Safari/537.36 (compatible; PetalBot;+https://webmaster.petalsearch.com/site/petalbot)" 
54.36.148.17 - - [13/Apr/2021:15:11:42 -0700] "GET /self.logs/2016/access.log.2016-05-26.gz HTTP/1.1" 200 8707 "-" "Mozilla/5.0 (compatible; AhrefsBot/7.0; +http://ahrefs.com/robot/)" 
103.131.71.207 - - [13/Apr/2021:15:13:42 -0700] "GET /robots.txt HTTP/1.1" 301 458 "-" "Mozilla/5.0 (compatible; coccocbot-image/1.0; +http://help.coccoc.com/searchengine)" 
103.131.71.207 - - [13/Apr/2021:15:13:45 -0700] "GET /robots.txt HTTP/1.1" 200 340 "-" "Mozilla/5.0 (compatible; coccocbot-image/1.0; +http://help.coccoc.com/searchengine)" 
111.202.100.87 - - [13/Apr/2021:15:16:09 -0700] "GET / HTTP/1.1" 200 12844 "-" "Sogou web spider/4.0(+http://www.sogou.com/docs/help/webmasters.htm#07)" 
114.119.150.248 - - [13/Apr/2021:15:16:34 -0700] "GET /self.logs/error.log.2019-05-18.gz HTTP/1.1" 200 6394 "-" "Mozilla/5.0 (Linux; Android 7.0;) AppleWebKit/537.36 (KHTML, like Gecko) Mobile Safari/537.36 (compatible; PetalBot;+https://webmaster.petalsearch.com/site/petalbot)" 
111.202.101.151 - - [13/Apr/2021:15:17:04 -0700] "GET / HTTP/1.1" 200 12844 "-" "Sogou web spider/4.0(+http://www.sogou.com/docs/help/webmasters.htm#07)" 
66.249.64.157 - - [13/Apr/2021:15:18:58 -0700] "GET / HTTP/1.1" 200 12881 "-" "Mozilla/5.0 (compatible; Googlebot/2.1; +http://www.google.com/bot.html)" 
111.202.101.150 - - [13/Apr/2021:15:22:16 -0700] "GET / HTTP/1.1" 200 12844 "-" "Sogou web spider/4.0(+http://www.sogou.com/docs/help/webmasters.htm#07)" 
114.119.157.43 - - [13/Apr/2021:15:22:45 -0700] "GET /self.logs/error.log.2018-01-17.gz HTTP/1.1" 200 4481 "-" "Mozilla/5.0 (Linux; Android 7.0;) AppleWebKit/537.36 (KHTML, like Gecko) Mobile Safari/537.36 (compatible; PetalBot;+https://webmaster.petalsearch.com/site/petalbot)" 
152.231.124.125 - - [13/Apr/2021:15:24:33 -0700] "GET /bootstrap/img/favicon.ico HTTP/1.1" 200 713 "-" "Mozilla/5.0 (Windows NT 10.0; Win64; x64) AppleWebKit/537.36 (KHTML, like Gecko) Chrome/89.0.4389.114 Safari/537.36" 
54.36.148.117 - - [13/Apr/2021:15:26:07 -0700] "GET / HTTP/1.1" 200 12837 "-" "Mozilla/5.0 (compatible; AhrefsBot/7.0; +http://ahrefs.com/robot/)" 
114.119.159.40 - - [13/Apr/2021:15:28:50 -0700] "GET /self.logs/access.log.2020-09-15.gz HTTP/1.1" 200 27302 "-" "Mozilla/5.0 (Linux; Android 7.0;) AppleWebKit/537.36 (KHTML, like Gecko) Mobile Safari/537.36 (compatible; PetalBot;+https://webmaster.petalsearch.com/site/petalbot)" 
111.202.101.156 - - [13/Apr/2021:15:33:24 -0700] "GET / HTTP/1.1" 200 12846 "-" "Sogou web spider/4.0(+http://www.sogou.com/docs/help/webmasters.htm#07)" 
114.119.130.95 - - [13/Apr/2021:15:35:16 -0700] "GET /self.logs/error.log.2020-03-21.gz HTTP/1.1" 200 1556 "-" "Mozilla/5.0 (Linux; Android 7.0;) AppleWebKit/537.36 (KHTML, like Gecko) Mobile Safari/537.36 (compatible; PetalBot;+https://webmaster.petalsearch.com/site/petalbot)" 
54.36.148.44 - - [13/Apr/2021:15:36:36 -0700] "GET /self.logs/access.log.2018-08-16.gz HTTP/1.1" 200 34690 "-" "Mozilla/5.0 (compatible; AhrefsBot/7.0; +http://ahrefs.com/robot/)" 
111.202.100.88 - - [13/Apr/2021:15:37:05 -0700] "GET / HTTP/1.1" 200 12846 "-" "Sogou web spider/4.0(+http://www.sogou.com/docs/help/webmasters.htm#07)" 
111.202.100.87 - - [13/Apr/2021:15:37:18 -0700] "GET / HTTP/1.1" 200 12846 "-" "Sogou web spider/4.0(+http://www.sogou.com/docs/help/webmasters.htm#07)" 
114.119.155.228 - - [13/Apr/2021:15:41:54 -0700] "GET /self.logs/2016/access.log.2016-01-19.gz HTTP/1.1" 200 6754 "-" "Mozilla/5.0 (Linux; Android 7.0;) AppleWebKit/537.36 (KHTML, like Gecko) Mobile Safari/537.36 (compatible; PetalBot;+https://webmaster.petalsearch.com/site/petalbot)" 
49.7.21.111 - - [13/Apr/2021:15:41:45 -0700] "GET /honeypot/BSidesDFW%20-%202014.ipynb HTTP/1.1" 200 58400 "-" "Sogou web spider/4.0(+http://www.sogou.com/docs/help/webmasters.htm#07)" 
111.202.101.125 - - [13/Apr/2021:15:43:26 -0700] "GET / HTTP/1.1" 200 12846 "-" "Sogou web spider/4.0(+http://www.sogou.com/docs/help/webmasters.htm#07)" 
111.202.100.91 - - [13/Apr/2021:15:43:49 -0700] "GET / HTTP/1.1" 200 12846 "-" "Sogou web spider/4.0(+http://www.sogou.com/docs/help/webmasters.htm#07)" 
54.36.149.61 - - [13/Apr/2021:15:46:34 -0700] "GET /self.logs/access.log.2018-05-08.gz HTTP/1.1" 200 29030 "-" "Mozilla/5.0 (compatible; AhrefsBot/7.0; +http://ahrefs.com/robot/)" 
114.119.141.53 - - [13/Apr/2021:15:48:10 -0700] "GET /self.logs/access.log.2018-08-13.gz HTTP/1.1" 200 23682 "-" "Mozilla/5.0 (Linux; Android 7.0;) AppleWebKit/537.36 (KHTML, like Gecko) Mobile Safari/537.36 (compatible; PetalBot;+https://webmaster.petalsearch.com/site/petalbot)" 
223.104.14.80 - - [13/Apr/2021:15:50:40 -0700] "GET / HTTP/1.1" 200 12882 "https://m.baidu.com" "Mozilla/5.0 (iPhone; CPU iPhone OS 14_4_2 like Mac OS X) AppleWebKit/605.1.15 (KHTML, like Gecko) Mobile/15E148 SP-engine/2.29.0 main%2F1.0 baiduboxapp/12.12.0.15 (Baidu; P2 14.4.2) NABar/1.0 themeUA=Theme/default" 
223.104.14.80 - - [13/Apr/2021:15:50:41 -0700] "GET /css/style.css HTTP/1.1" 404 305 "http://www.secrepo.com/" "Mozilla/5.0 (iPhone; CPU iPhone OS 14_4_2 like Mac OS X) AppleWebKit/605.1.15 (KHTML, like Gecko) Mobile/15E148 SP-engine/2.29.0 main%2F1.0 baiduboxapp/12.12.0.15 (Baidu; P2 14.4.2) NABar/1.0 themeUA=Theme/default" 
111.202.101.151 - - [13/Apr/2021:15:53:34 -0700] "GET / HTTP/1.1" 200 12845 "-" "Sogou web spider/4.0(+http://www.sogou.com/docs/help/webmasters.htm#07)" 
114.119.141.53 - - [13/Apr/2021:15:53:58 -0700] "GET /self.logs/error.log.2019-06-30.gz HTTP/1.1" 200 1945 "-" "Mozilla/5.0 (Linux; Android 7.0;) AppleWebKit/537.36 (KHTML, like Gecko) Mobile Safari/537.36 (compatible; PetalBot;+https://webmaster.petalsearch.com/site/petalbot)" 
54.36.149.61 - - [13/Apr/2021:15:56:18 -0700] "GET /self.logs/error.log.2018-11-07.gz HTTP/1.1" 200 4328 "-" "Mozilla/5.0 (compatible; AhrefsBot/7.0; +http://ahrefs.com/robot/)" 
111.202.100.87 - - [13/Apr/2021:15:58:17 -0700] "GET / HTTP/1.1" 200 12845 "-" "Sogou web spider/4.0(+http://www.sogou.com/docs/help/webmasters.htm#07)" 
114.119.130.95 - - [13/Apr/2021:16:00:07 -0700] "GET /self.logs/2016/access.log.2016-02-24.gz HTTP/1.1" 200 26885 "-" "Mozilla/5.0 (Linux; Android 7.0;) AppleWebKit/537.36 (KHTML, like Gecko) Mobile Safari/537.36 (compatible; PetalBot;+https://webmaster.petalsearch.com/site/petalbot)" 
54.36.149.73 - - [13/Apr/2021:16:06:04 -0700] "GET /self.logs/error.log.2019-10-14.gz HTTP/1.1" 200 827 "-" "Mozilla/5.0 (compatible; AhrefsBot/7.0; +http://ahrefs.com/robot/)" 
85.208.98.51 - - [13/Apr/2021:16:06:19 -0700] "GET /robots.txt HTTP/1.1" 301 439 "-" "Mozilla/5.0 (compatible; SemrushBot-BM/1.0; +http://www.semrush.com/bot.html)" 
85.208.98.51 - - [13/Apr/2021:16:06:22 -0700] "GET /robots.txt HTTP/1.1" 200 333 "-" "Mozilla/5.0 (compatible; SemrushBot-BM/1.0; +http://www.semrush.com/bot.html)" 
114.119.157.43 - - [13/Apr/2021:16:06:42 -0700] "GET /self.logs/error.log.2018-01-19.gz HTTP/1.1" 200 2202 "-" "Mozilla/5.0 (Linux; Android 7.0;) AppleWebKit/537.36 (KHTML, like Gecko) Mobile Safari/537.36 (compatible; PetalBot;+https://webmaster.petalsearch.com/site/petalbot)" 
17.121.115.159 - - [13/Apr/2021:16:08:56 -0700] "GET /self.logs/error.log.2020-04-03 HTTP/1.1" 200 307 "-" "Mozilla/5.0 (Macintosh; Intel Mac OS X 10_15_5) AppleWebKit/605.1.15 (KHTML, like Gecko) Version/13.1.1 Safari/605.1.15 (Applebot/0.1; +http://www.apple.com/go/applebot)" 
61.5.153.6 - - [13/Apr/2021:16:12:53 -0700] "GET /css/style.css HTTP/1.1" 404 328 "http://www.secrepo.com/" "Mozilla/5.0 (Windows NT 10.0; Win64; x64) AppleWebKit/537.36 (KHTML, like Gecko) Chrome/89.0.4389.114 Safari/537.36" 
114.119.130.95 - - [13/Apr/2021:16:13:08 -0700] "GET /self.logs/access.log.2018-06-09.gz HTTP/1.1" 200 20251 "-" "Mozilla/5.0 (Linux; Android 7.0;) AppleWebKit/537.36 (KHTML, like Gecko) Mobile Safari/537.36 (compatible; PetalBot;+https://webmaster.petalsearch.com/site/petalbot)" 
111.202.100.88 - - [13/Apr/2021:16:15:23 -0700] "GET / HTTP/1.1" 200 12845 "-" "Sogou web spider/4.0(+http://www.sogou.com/docs/help/webmasters.htm#07)" 
40.77.167.35 - - [13/Apr/2021:16:15:42 -0700] "GET /self.logs/access.log.2021-03-20.gz HTTP/1.1" 200 13944 "-" "Mozilla/5.0 (compatible; bingbot/2.0; +http://www.bing.com/bingbot.htm)" 
54.36.149.27 - - [13/Apr/2021:16:16:20 -0700] "GET /self.logs/2015/error.log.2015-05-12.gz HTTP/1.1" 200 942 "-" "Mozilla/5.0 (compatible; AhrefsBot/7.0; +http://ahrefs.com/robot/)" 
111.202.100.87 - - [13/Apr/2021:16:19:16 -0700] "GET / HTTP/1.1" 200 12845 "-" "Sogou web spider/4.0(+http://www.sogou.com/docs/help/webmasters.htm#07)" 
114.119.159.40 - - [13/Apr/2021:16:19:19 -0700] "GET /self.logs/access.log.2020-08-22.gz HTTP/1.1" 200 11134 "-" "Mozilla/5.0 (Linux; Android 7.0;) AppleWebKit/537.36 (KHTML, like Gecko) Mobile Safari/537.36 (compatible; PetalBot;+https://webmaster.petalsearch.com/site/petalbot)" 
111.202.101.174 - - [13/Apr/2021:16:19:31 -0700] "GET / HTTP/1.1" 200 12845 "-" "Sogou web spider/4.0(+http://www.sogou.com/docs/help/webmasters.htm#07)" 
49.7.21.111 - - [13/Apr/2021:16:19:26 -0700] "GET /honeypot/BSidesDFW%20-%202014.ipynb HTTP/1.1" 200 55480 "-" "Sogou web spider/4.0(+http://www.sogou.com/docs/help/webmasters.htm#07)" 
17.121.115.32 - - [13/Apr/2021:16:23:10 -0700] "GET /self.logs/error.log.2020-02-25 HTTP/1.1" 200 307 "-" "Mozilla/5.0 (Macintosh; Intel Mac OS X 10_15_5) AppleWebKit/605.1.15 (KHTML, like Gecko) Version/13.1.1 Safari/605.1.15 (Applebot/0.1; +http://www.apple.com/go/applebot)" 
114.119.159.40 - - [13/Apr/2021:16:24:38 -0700] "GET /self.logs/2015/error.log.2015-10-17.gz HTTP/1.1" 200 894 "-" "Mozilla/5.0 (Linux; Android 7.0;) AppleWebKit/537.36 (KHTML, like Gecko) Mobile Safari/537.36 (compatible; PetalBot;+https://webmaster.petalsearch.com/site/petalbot)" 
54.36.149.61 - - [13/Apr/2021:16:26:27 -0700] "GET /self.logs/error.log.2019-08-18.gz HTTP/1.1" 200 1302 "-" "Mozilla/5.0 (compatible; AhrefsBot/7.0; +http://ahrefs.com/robot/)" 
59.64.129.41 - - [13/Apr/2021:16:29:18 -0700] "GET /favicon.ico HTTP/1.1" 200 391 "-" "Mozilla/5.0 (Windows NT 10.0; WOW64) AppleWebKit/537.36 (KHTML, like Gecko) Chrome/86.0.4240.198 Safari/537.36" 
111.202.101.151 - - [13/Apr/2021:16:30:07 -0700] "GET / HTTP/1.1" 200 12845 "-" "Sogou web spider/4.0(+http://www.sogou.com/docs/help/webmasters.htm#07)" 
114.119.150.248 - - [13/Apr/2021:16:30:08 -0700] "GET /self.logs/error.log.2020-08-18 HTTP/1.1" 200 351 "-" "Mozilla/5.0 (Linux; Android 7.0;) AppleWebKit/537.36 (KHTML, like Gecko) Mobile Safari/537.36 (compatible; PetalBot;+https://webmaster.petalsearch.com/site/petalbot)" 
94.59.84.109 - - [13/Apr/2021:16:32:27 -0700] "GET /Security-Data-Analysis/Lab_1/conn.log.zip HTTP/1.1" 200 78408 "-" "Mozilla/5.0 (Windows NT 10.0; Win64; x64) AppleWebKit/537.36 (KHTML, like Gecko) Chrome/89.0.4389.114 Safari/537.36" 
94.59.84.109 - - [13/Apr/2021:16:32:33 -0700] "GET /Security-Data-Analysis/Lab_1/conn.log.zip HTTP/1.1" 206 447 "-" "Mozilla/5.0 (Windows NT 10.0; Win64; x64) AppleWebKit/537.36 (KHTML, like Gecko) Chrome/89.0.4389.114 Safari/537.36" 
94.59.84.109 - - [13/Apr/2021:16:32:33 -0700] "GET /Security-Data-Analysis/Lab_1/conn.log.zip HTTP/1.1" 206 78408 "-" "Mozilla/5.0 (Windows NT 10.0; Win64; x64) AppleWebKit/537.36 (KHTML, like Gecko) Chrome/89.0.4389.114 Safari/537.36" 
94.59.84.109 - - [13/Apr/2021:16:32:38 -0700] "GET /Security-Data-Analysis/Lab_1/conn.log.zip HTTP/1.1" 206 447 "-" "Mozilla/5.0 (Windows NT 10.0; Win64; x64) AppleWebKit/537.36 (KHTML, like Gecko) Chrome/89.0.4389.114 Safari/537.36" 
94.59.84.109 - - [13/Apr/2021:16:32:38 -0700] "GET /Security-Data-Analysis/Lab_1/conn.log.zip HTTP/1.1" 206 78408 "-" "Mozilla/5.0 (Windows NT 10.0; Win64; x64) AppleWebKit/537.36 (KHTML, like Gecko) Chrome/89.0.4389.114 Safari/537.36" 
54.36.148.197 - - [13/Apr/2021:16:36:39 -0700] "GET /robots.txt HTTP/1.1" 200 333 "-" "Mozilla/5.0 (compatible; AhrefsBot/7.0; +http://ahrefs.com/robot/)" 
54.36.149.61 - - [13/Apr/2021:16:36:39 -0700] "GET /self.logs/access.log.2019-11-13.gz HTTP/1.1" 200 17214 "-" "Mozilla/5.0 (compatible; AhrefsBot/7.0; +http://ahrefs.com/robot/)" 
114.119.157.43 - - [13/Apr/2021:16:40:21 -0700] "GET /self.logs/error.log.2017-06-10.gz HTTP/1.1" 200 996 "-" "Mozilla/5.0 (Linux; Android 7.0;) AppleWebKit/537.36 (KHTML, like Gecko) Mobile Safari/537.36 (compatible; PetalBot;+https://webmaster.petalsearch.com/site/petalbot)" 
111.202.100.87 - - [13/Apr/2021:16:40:23 -0700] "GET / HTTP/1.1" 200 12845 "-" "Sogou web spider/4.0(+http://www.sogou.com/docs/help/webmasters.htm#07)" 
54.36.149.61 - - [13/Apr/2021:16:41:49 -0700] "GET /self.logs/access.log.2018-10-06.gz HTTP/1.1" 200 16938 "-" "Mozilla/5.0 (compatible; AhrefsBot/7.0; +http://ahrefs.com/robot/)" 
114.119.130.95 - - [13/Apr/2021:16:46:14 -0700] "GET /self.logs/access.log.2019-07-31.gz HTTP/1.1" 200 24381 "-" "Mozilla/5.0 (Linux; Android 7.0;) AppleWebKit/537.36 (KHTML, like Gecko) Mobile Safari/537.36 (compatible; PetalBot;+https://webmaster.petalsearch.com/site/petalbot)" 
54.36.148.81 - - [13/Apr/2021:16:46:48 -0700] "GET /self.logs/2015/access.log.2015-07-17.gz HTTP/1.1" 200 4655 "-" "Mozilla/5.0 (compatible; AhrefsBot/7.0; +http://ahrefs.com/robot/)" 
62.109.13.37 - - [13/Apr/2021:16:49:01 -0700] "GET / HTTP/1.0" 301 438 "http://secrepo.com/" "Mozilla/5.0 (Windows NT 10.0; ) AppleWebKit/537.36 (KHTML, like Gecko) Chrome/83.0.4103.34 Safari/537.36 Edg/83.0.478.25" 
62.109.13.37 - - [13/Apr/2021:16:49:02 -0700] "GET / HTTP/1.0" 200 48027 "http://www.secrepo.com/" "Mozilla/5.0 (Windows NT 10.0; ) AppleWebKit/537.36 (KHTML, like Gecko) Chrome/83.0.4103.34 Safari/537.36 Edg/83.0.478.25" 
54.36.148.17 - - [13/Apr/2021:16:49:22 -0700] "GET /self.logs/error.log.2018-04-12.gz HTTP/1.1" 200 4265 "-" "Mozilla/5.0 (compatible; AhrefsBot/7.0; +http://ahrefs.com/robot/)" 
54.36.149.61 - - [13/Apr/2021:16:51:50 -0700] "GET /self.logs/access.log.2019-02-03.gz HTTP/1.1" 200 13592 "-" "Mozilla/5.0 (compatible; AhrefsBot/7.0; +http://ahrefs.com/robot/)" 
114.119.157.43 - - [13/Apr/2021:16:51:57 -0700] "GET /self.logs/2015/error.log.2015-09-13.gz HTTP/1.1" 200 845 "-" "Mozilla/5.0 (Linux; Android 7.0;) AppleWebKit/537.36 (KHTML, like Gecko) Mobile Safari/537.36 (compatible; PetalBot;+https://webmaster.petalsearch.com/site/petalbot)" 
111.202.100.88 - - [13/Apr/2021:16:52:50 -0700] "GET / HTTP/1.1" 200 12845 "-" "Sogou web spider/4.0(+http://www.sogou.com/docs/help/webmasters.htm#07)" 
54.36.148.234 - - [13/Apr/2021:16:54:21 -0700] "GET /self.logs/error.log.2017-12-14.gz HTTP/1.1" 200 1954 "-" "Mozilla/5.0 (compatible; AhrefsBot/7.0; +http://ahrefs.com/robot/)" 
54.36.148.17 - - [13/Apr/2021:16:56:51 -0700] "GET /self.logs/error.log.2020-08-27 HTTP/1.1" 200 307 "-" "Mozilla/5.0 (compatible; AhrefsBot/7.0; +http://ahrefs.com/robot/)" 
49.7.21.111 - - [13/Apr/2021:16:55:31 -0700] "GET /honeypot/BSidesDFW%20-%202014.ipynb HTTP/1.1" 200 67160 "-" "Sogou web spider/4.0(+http://www.sogou.com/docs/help/webmasters.htm#07)" 
114.119.141.53 - - [13/Apr/2021:16:57:36 -0700] "GET /self.logs/error.log.2017-03-25.gz HTTP/1.1" 200 1046 "-" "Mozilla/5.0 (Linux; Android 7.0;) AppleWebKit/537.36 (KHTML, like Gecko) Mobile Safari/537.36 (compatible; PetalBot;+https://webmaster.petalsearch.com/site/petalbot)" 
54.36.148.17 - - [13/Apr/2021:16:59:18 -0700] "GET /self.logs/2015/error.log.2015-05-25.gz HTTP/1.1" 200 790 "-" "Mozilla/5.0 (compatible; AhrefsBot/7.0; +http://ahrefs.com/robot/)" 
111.202.101.156 - - [13/Apr/2021:16:59:53 -0700] "GET / HTTP/1.1" 200 12845 "-" "Sogou web spider/4.0(+http://www.sogou.com/docs/help/webmasters.htm#07)" 
111.202.100.87 - - [13/Apr/2021:17:01:37 -0700] "GET / HTTP/1.1" 200 12846 "-" "Sogou web spider/4.0(+http://www.sogou.com/docs/help/webmasters.htm#07)" 
49.7.21.65 - - [13/Apr/2021:17:01:39 -0700] "GET /css/style.css HTTP/1.1" 301 464 "http://secrepo.com/" "Mozilla/5.0 (X11; Linux x86_64) AppleWebKit/537.36 (KHTML, like Gecko) Chrome/73.0.3683.86 Safari/537.36" 
49.7.21.65 - - [13/Apr/2021:17:01:40 -0700] "GET /css/style.css HTTP/1.1" 404 291 "http://secrepo.com/" "Mozilla/5.0 (X11; Linux x86_64) AppleWebKit/537.36 (KHTML, like Gecko) Chrome/73.0.3683.86 Safari/537.36" 
49.7.21.65 - - [13/Apr/2021:17:01:40 -0700] "GET /css/style.css HTTP/1.1" 301 464 "http://secrepo.com/" "Mozilla/5.0 (X11; Linux x86_64) AppleWebKit/537.36 (KHTML, like Gecko) Chrome/73.0.3683.86 Safari/537.36" 
49.7.21.65 - - [13/Apr/2021:17:01:41 -0700] "GET /css/style.css HTTP/1.1" 404 291 "http://secrepo.com/" "Mozilla/5.0 (X11; Linux x86_64) AppleWebKit/537.36 (KHTML, like Gecko) Chrome/73.0.3683.86 Safari/537.36" 
49.7.21.65 - - [13/Apr/2021:17:01:41 -0700] "GET /css/style.css HTTP/1.1" 301 464 "http://secrepo.com/" "Mozilla/5.0 (X11; Linux x86_64) AppleWebKit/537.36 (KHTML, like Gecko) Chrome/73.0.3683.86 Safari/537.36" 
49.7.21.65 - - [13/Apr/2021:17:01:42 -0700] "GET /css/style.css HTTP/1.1" 404 291 "http://secrepo.com/" "Mozilla/5.0 (X11; Linux x86_64) AppleWebKit/537.36 (KHTML, like Gecko) Chrome/73.0.3683.86 Safari/537.36" 
111.202.100.91 - - [13/Apr/2021:17:01:54 -0700] "GET / HTTP/1.1" 200 12846 "-" "Sogou web spider/4.0(+http://www.sogou.com/docs/help/webmasters.htm#07)" 
54.36.149.61 - - [13/Apr/2021:17:01:54 -0700] "GET /self.logs/error.log.2017-03-29.gz HTTP/1.1" 200 786 "-" "Mozilla/5.0 (compatible; AhrefsBot/7.0; +http://ahrefs.com/robot/)" 
114.119.140.84 - - [13/Apr/2021:17:03:09 -0700] "GET /self.logs/access.log.2018-05-16.gz HTTP/1.1" 200 60643 "-" "Mozilla/5.0 (Linux; Android 7.0;) AppleWebKit/537.36 (KHTML, like Gecko) Mobile Safari/537.36 (compatible; PetalBot;+https://webmaster.petalsearch.com/site/petalbot)" 
54.36.149.61 - - [13/Apr/2021:17:04:29 -0700] "GET /self.logs/access.log.2018-03-20.gz HTTP/1.1" 200 21102 "-" "Mozilla/5.0 (compatible; AhrefsBot/7.0; +http://ahrefs.com/robot/)" 
54.36.148.17 - - [13/Apr/2021:17:06:59 -0700] "GET /self.logs/access.log.2018-07-18.gz HTTP/1.1" 200 45864 "-" "Mozilla/5.0 (compatible; AhrefsBot/7.0; +http://ahrefs.com/robot/)" 
111.202.101.151 - - [13/Apr/2021:17:07:09 -0700] "GET / HTTP/1.1" 200 12846 "-" "Sogou web spider/4.0(+http://www.sogou.com/docs/help/webmasters.htm#07)" 
114.119.144.30 - - [13/Apr/2021:17:08:21 -0700] "GET /self.logs/error.log.2018-10-27.gz HTTP/1.1" 200 5494 "-" "Mozilla/5.0 (Linux; Android 7.0;) AppleWebKit/537.36 (KHTML, like Gecko) Mobile Safari/537.36 (compatible; PetalBot;+https://webmaster.petalsearch.com/site/petalbot)" 
54.36.148.17 - - [13/Apr/2021:17:09:24 -0700] "GET /self.logs/access.log.2019-08-13.gz HTTP/1.1" 200 29082 "-" "Mozilla/5.0 (compatible; AhrefsBot/7.0; +http://ahrefs.com/robot/)" 
111.202.101.125 - - [13/Apr/2021:17:09:37 -0700] "GET / HTTP/1.1" 200 12846 "-" "Sogou web spider/4.0(+http://www.sogou.com/docs/help/webmasters.htm#07)" 
106.11.154.24 - - [13/Apr/2021:17:10:55 -0700] "GET /robots.txt HTTP/1.1" 200 340 "-" "YisouSpider" 
106.11.153.155 - - [13/Apr/2021:17:11:15 -0700] "GET /css/style.css HTTP/1.1" 404 291 "http://www.secrepo.com/" "YisouSpider" 
54.36.148.17 - - [13/Apr/2021:17:11:53 -0700] "GET /self.logs/access.log.2017-03-31.gz HTTP/1.1" 200 37680 "-" "Mozilla/5.0 (compatible; AhrefsBot/7.0; +http://ahrefs.com/robot/)" 
17.121.112.137 - - [13/Apr/2021:17:13:02 -0700] "GET /self.logs/error.log.2020-03-31 HTTP/1.1" 200 307 "-" "Mozilla/5.0 (Macintosh; Intel Mac OS X 10_15_5) AppleWebKit/605.1.15 (KHTML, like Gecko) Version/13.1.1 Safari/605.1.15 (Applebot/0.1; +http://www.apple.com/go/applebot)" 
114.119.159.40 - - [13/Apr/2021:17:13:57 -0700] "GET /self.logs/error.log.2018-12-30.gz HTTP/1.1" 200 5047 "-" "Mozilla/5.0 (Linux; Android 7.0;) AppleWebKit/537.36 (KHTML, like Gecko) Mobile Safari/537.36 (compatible; PetalBot;+https://webmaster.petalsearch.com/site/petalbot)" 
54.36.148.17 - - [13/Apr/2021:17:14:29 -0700] "GET /self.logs/error.log.2019-03-17.gz HTTP/1.1" 200 4904 "-" "Mozilla/5.0 (compatible; AhrefsBot/7.0; +http://ahrefs.com/robot/)" 
114.119.155.228 - - [13/Apr/2021:17:18:18 -0700] "GET /self.logs/access.log.2020-06-14.gz HTTP/1.1" 200 10800 "-" "Mozilla/5.0 (Linux; Android 7.0;) AppleWebKit/537.36 (KHTML, like Gecko) Mobile Safari/537.36 (compatible; PetalBot;+https://webmaster.petalsearch.com/site/petalbot)" 
54.36.148.17 - - [13/Apr/2021:17:19:36 -0700] "GET /self.logs/error.log.2017-01-31.gz HTTP/1.1" 200 2092 "-" "Mozilla/5.0 (compatible; AhrefsBot/7.0; +http://ahrefs.com/robot/)" 
114.119.150.248 - - [13/Apr/2021:17:22:59 -0700] "GET /self.logs/error.log.2018-06-23.gz HTTP/1.1" 200 5587 "-" "Mozilla/5.0 (Linux; Android 7.0;) AppleWebKit/537.36 (KHTML, like Gecko) Mobile Safari/537.36 (compatible; PetalBot;+https://webmaster.petalsearch.com/site/petalbot)" 
54.36.149.61 - - [13/Apr/2021:17:24:17 -0700] "GET /self.logs/2015/error.log.2015-05-21.gz HTTP/1.1" 200 843 "-" "Mozilla/5.0 (compatible; AhrefsBot/7.0; +http://ahrefs.com/robot/)" 
17.121.115.189 - - [13/Apr/2021:17:26:57 -0700] "GET /self.logs/error.log.2020-03-27 HTTP/1.1" 200 307 "-" "Mozilla/5.0 (Macintosh; Intel Mac OS X 10_15_5) AppleWebKit/605.1.15 (KHTML, like Gecko) Version/13.1.1 Safari/605.1.15 (Applebot/0.1; +http://www.apple.com/go/applebot)" 
114.119.130.95 - - [13/Apr/2021:17:27:53 -0700] "GET /self.logs/error.log.2019-10-18.gz HTTP/1.1" 200 2369 "-" "Mozilla/5.0 (Linux; Android 7.0;) AppleWebKit/537.36 (KHTML, like Gecko) Mobile Safari/537.36 (compatible; PetalBot;+https://webmaster.petalsearch.com/site/petalbot)" 
54.36.149.61 - - [13/Apr/2021:17:29:09 -0700] "GET /self.logs/error.log.2018-07-12.gz HTTP/1.1" 200 5173 "-" "Mozilla/5.0 (compatible; AhrefsBot/7.0; +http://ahrefs.com/robot/)" 
111.202.100.88 - - [13/Apr/2021:17:30:47 -0700] "GET / HTTP/1.1" 200 12846 "-" "Sogou web spider/4.0(+http://www.sogou.com/docs/help/webmasters.htm#07)" 
49.7.21.111 - - [13/Apr/2021:17:30:17 -0700] "GET /honeypot/BSidesDFW%20-%202014.ipynb HTTP/1.1" 200 55480 "-" "Sogou web spider/4.0(+http://www.sogou.com/docs/help/webmasters.htm#07)" 
114.119.150.248 - - [13/Apr/2021:17:32:58 -0700] "GET /self.logs/2015/error.log.2015-02-14.gz HTTP/1.1" 200 9932 "-" "Mozilla/5.0 (Linux; Android 7.0;) AppleWebKit/537.36 (KHTML, like Gecko) Mobile Safari/537.36 (compatible; PetalBot;+https://webmaster.petalsearch.com/site/petalbot)" 
54.36.149.61 - - [13/Apr/2021:17:33:48 -0700] "GET /self.logs/2015/access.log.2015-05-09.gz HTTP/1.1" 200 2870 "-" "Mozilla/5.0 (compatible; AhrefsBot/7.0; +http://ahrefs.com/robot/)" 
203.186.4.114 - - [13/Apr/2021:17:34:14 -0700] "HEAD / HTTP/1.1" 200 388 "-" "Mozilla/5.0 (Windows NT 10.0; Win64; x64) AppleWebKit/537.36 (KHTML, like Gecko) Chrome/79.0.3945.130 Safari/537.36; Dragonbot; http://www.dragonmetrics.com" 
17.121.112.231 - - [13/Apr/2021:17:38:10 -0700] "GET /self.logs/error.log.2020-04-21 HTTP/1.1" 200 307 "-" "Mozilla/5.0 (Macintosh; Intel Mac OS X 10_15_5) AppleWebKit/605.1.15 (KHTML, like Gecko) Version/13.1.1 Safari/605.1.15 (Applebot/0.1; +http://www.apple.com/go/applebot)" 
54.36.149.61 - - [13/Apr/2021:17:38:33 -0700] "GET /self.logs/access.log.2019-10-04.gz HTTP/1.1" 200 56009 "-" "Mozilla/5.0 (compatible; AhrefsBot/7.0; +http://ahrefs.com/robot/)" 
114.119.159.40 - - [13/Apr/2021:17:38:37 -0700] "GET /self.logs/2015/error.log.2015-03-01.gz HTTP/1.1" 200 985 "-" "Mozilla/5.0 (Linux; Android 7.0;) AppleWebKit/537.36 (KHTML, like Gecko) Mobile Safari/537.36 (compatible; PetalBot;+https://webmaster.petalsearch.com/site/petalbot)" 
111.202.101.151 - - [13/Apr/2021:17:41:27 -0700] "GET / HTTP/1.1" 200 12846 "-" "Sogou web spider/4.0(+http://www.sogou.com/docs/help/webmasters.htm#07)" 
114.119.159.40 - - [13/Apr/2021:17:44:36 -0700] "GET /self.logs/2015/access.log.2015-08-26.gz HTTP/1.1" 200 4790 "-" "Mozilla/5.0 (Linux; Android 7.0;) AppleWebKit/537.36 (KHTML, like Gecko) Mobile Safari/537.36 (compatible; PetalBot;+https://webmaster.petalsearch.com/site/petalbot)" 
17.121.113.43 - - [13/Apr/2021:17:44:55 -0700] "GET /self.logs/error.log.2020-03-03 HTTP/1.1" 200 307 "-" "Mozilla/5.0 (Macintosh; Intel Mac OS X 10_15_5) AppleWebKit/605.1.15 (KHTML, like Gecko) Version/13.1.1 Safari/605.1.15 (Applebot/0.1; +http://www.apple.com/go/applebot)" 
17.121.115.199 - - [13/Apr/2021:17:45:10 -0700] "GET /self.logs/error.log.2020-03-20 HTTP/1.1" 200 307 "-" "Mozilla/5.0 (Macintosh; Intel Mac OS X 10_15_5) AppleWebKit/605.1.15 (KHTML, like Gecko) Version/13.1.1 Safari/605.1.15 (Applebot/0.1; +http://www.apple.com/go/applebot)" 
111.202.101.174 - - [13/Apr/2021:17:47:18 -0700] "GET / HTTP/1.1" 200 12845 "-" "Sogou web spider/4.0(+http://www.sogou.com/docs/help/webmasters.htm#07)" 
54.36.149.61 - - [13/Apr/2021:17:48:10 -0700] "GET /self.logs/error.log.2019-05-05.gz HTTP/1.1" 200 4859 "-" "Mozilla/5.0 (compatible; AhrefsBot/7.0; +http://ahrefs.com/robot/)" 
114.119.159.40 - - [13/Apr/2021:17:50:31 -0700] "GET /self.logs/access.log.2018-12-10.gz HTTP/1.1" 200 24961 "-" "Mozilla/5.0 (Linux; Android 7.0;) AppleWebKit/537.36 (KHTML, like Gecko) Mobile Safari/537.36 (compatible; PetalBot;+https://webmaster.petalsearch.com/site/petalbot)" 
40.77.167.35 - - [13/Apr/2021:17:50:50 -0700] "GET /self.logs/access.log.2018-03-15.gz HTTP/1.1" 304 280 "-" "Mozilla/5.0 (compatible; bingbot/2.0; +http://www.bing.com/bingbot.htm)" 
54.36.148.105 - - [13/Apr/2021:17:57:59 -0700] "GET /self.logs/2015/error.log.2015-09-22.gz HTTP/1.1" 200 912 "-" "Mozilla/5.0 (compatible; AhrefsBot/7.0; +http://ahrefs.com/robot/)" 
114.119.144.30 - - [13/Apr/2021:18:01:37 -0700] "GET /self.logs/2015/error.log.2015-11-16.gz HTTP/1.1" 200 698 "-" "Mozilla/5.0 (Linux; Android 7.0;) AppleWebKit/537.36 (KHTML, like Gecko) Mobile Safari/537.36 (compatible; PetalBot;+https://webmaster.petalsearch.com/site/petalbot)" 
114.119.157.43 - - [13/Apr/2021:18:06:24 -0700] "GET /self.logs/access.log.2018-07-15.gz HTTP/1.1" 200 55454 "-" "Mozilla/5.0 (Linux; Android 7.0;) AppleWebKit/537.36 (KHTML, like Gecko) Mobile Safari/537.36 (compatible; PetalBot;+https://webmaster.petalsearch.com/site/petalbot)" 
111.202.100.88 - - [13/Apr/2021:18:07:37 -0700] "GET / HTTP/1.1" 200 12846 "-" "Sogou web spider/4.0(+http://www.sogou.com/docs/help/webmasters.htm#07)" 
49.7.21.111 - - [13/Apr/2021:18:06:12 -0700] "GET /honeypot/BSidesDFW%20-%202014.ipynb HTTP/1.1" 200 58400 "-" "Sogou web spider/4.0(+http://www.sogou.com/docs/help/webmasters.htm#07)" 
54.36.149.61 - - [13/Apr/2021:18:07:57 -0700] "GET /self.logs/error.log.2017-12-26.gz HTTP/1.1" 200 2049 "-" "Mozilla/5.0 (compatible; AhrefsBot/7.0; +http://ahrefs.com/robot/)" 
114.119.129.244 - - [13/Apr/2021:18:10:59 -0700] "GET /self.logs/2015/error.log.2015-05-08.gz HTTP/1.1" 200 1173 "-" "Mozilla/5.0 (Linux; Android 7.0;) AppleWebKit/537.36 (KHTML, like Gecko) Mobile Safari/537.36 (compatible; PetalBot;+https://webmaster.petalsearch.com/site/petalbot)" 
17.121.113.48 - - [13/Apr/2021:18:13:14 -0700] "GET /self.logs/error.log.2020-02-28 HTTP/1.1" 200 307 "-" "Mozilla/5.0 (Macintosh; Intel Mac OS X 10_15_5) AppleWebKit/605.1.15 (KHTML, like Gecko) Version/13.1.1 Safari/605.1.15 (Applebot/0.1; +http://www.apple.com/go/applebot)" 
40.77.167.68 - - [13/Apr/2021:18:13:42 -0700] "GET /self.logs/2016/error.log.2016-07-15.gz HTTP/1.1" 301 551 "-" "Mozilla/5.0 (compatible; bingbot/2.0; +http://www.bing.com/bingbot.htm)" 
111.202.100.91 - - [13/Apr/2021:18:16:12 -0700] "GET / HTTP/1.1" 200 12846 "-" "Sogou web spider/4.0(+http://www.sogou.com/docs/help/webmasters.htm#07)" 
111.202.101.151 - - [13/Apr/2021:18:17:20 -0700] "GET / HTTP/1.1" 200 12846 "-" "Sogou web spider/4.0(+http://www.sogou.com/docs/help/webmasters.htm#07)" 
54.36.148.17 - - [13/Apr/2021:18:17:37 -0700] "GET /self.logs/access.log.2017-11-08.gz HTTP/1.1" 200 30258 "-" "Mozilla/5.0 (compatible; AhrefsBot/7.0; +http://ahrefs.com/robot/)" 
13.66.139.78 - - [13/Apr/2021:18:18:02 -0700] "GET /Datasets%20Description/PE_malware/OPCleaver.html HTTP/1.1" 200 1458 "-" "Mozilla/5.0 (compatible; bingbot/2.0; +http://www.bing.com/bingbot.htm)" 
114.119.155.228 - - [13/Apr/2021:18:19:46 -0700] "GET /self.logs/error.log.2017-10-03.gz HTTP/1.1" 200 2908 "-" "Mozilla/5.0 (Linux; Android 7.0;) AppleWebKit/537.36 (KHTML, like Gecko) Mobile Safari/537.36 (compatible; PetalBot;+https://webmaster.petalsearch.com/site/petalbot)" 
111.202.101.156 - - [13/Apr/2021:18:22:25 -0700] "GET / HTTP/1.1" 200 12846 "-" "Sogou web spider/4.0(+http://www.sogou.com/docs/help/webmasters.htm#07)" 
40.77.167.54 - - [13/Apr/2021:18:22:48 -0700] "GET /self.logs/access.log.2017-11-25.gz HTTP/1.1" 200 17414 "-" "Mozilla/5.0 (compatible; bingbot/2.0; +http://www.bing.com/bingbot.htm)" 
114.119.129.244 - - [13/Apr/2021:18:25:03 -0700] "GET /self.logs/access.log.2019-10-18.gz HTTP/1.1" 200 23724 "-" "Mozilla/5.0 (Linux; Android 7.0;) AppleWebKit/537.36 (KHTML, like Gecko) Mobile Safari/537.36 (compatible; PetalBot;+https://webmaster.petalsearch.com/site/petalbot)" 
54.36.148.17 - - [13/Apr/2021:18:27:33 -0700] "GET /self.logs/access.log.2017-09-18.gz HTTP/1.1" 200 30079 "-" "Mozilla/5.0 (compatible; AhrefsBot/7.0; +http://ahrefs.com/robot/)" 
40.77.167.35 - - [13/Apr/2021:18:29:51 -0700] "GET /self.logs/error.log.2018-06-03.gz HTTP/1.1" 200 4944 "-" "Mozilla/5.0 (compatible; bingbot/2.0; +http://www.bing.com/bingbot.htm)" 
111.202.101.125 - - [13/Apr/2021:18:30:10 -0700] "GET / HTTP/1.1" 200 12846 "-" "Sogou web spider/4.0(+http://www.sogou.com/docs/help/webmasters.htm#07)" 
114.119.157.43 - - [13/Apr/2021:18:30:23 -0700] "GET /self.logs/access.log.2018-01-24.gz HTTP/1.1" 200 25982 "-" "Mozilla/5.0 (Linux; Android 7.0;) AppleWebKit/537.36 (KHTML, like Gecko) Mobile Safari/537.36 (compatible; PetalBot;+https://webmaster.petalsearch.com/site/petalbot)" 
