203.206.245.81 - - [18/Aug/2022:16:00:34 -0700] "GET / HTTP/1.1" 200 13184 "-" "Mozilla/5.0 (Macintosh; Intel Mac OS X 10_15_7) AppleWebKit/537.36 (KHTML, like Gecko) Chrome/104.0.0.0 Safari/537.36" 
203.206.245.81 - - [18/Aug/2022:16:00:34 -0700] "GET /css/style.css HTTP/1.1" 404 305 "http://www.secrepo.com/" "Mozilla/5.0 (Macintosh; Intel Mac OS X 10_15_7) AppleWebKit/537.36 (KHTML, like Gecko) Chrome/104.0.0.0 Safari/537.36" 
203.206.245.81 - - [18/Aug/2022:16:00:34 -0700] "GET /twitter-icon.png HTTP/1.1" 200 27916 "http://www.secrepo.com/" "Mozilla/5.0 (Macintosh; Intel Mac OS X 10_15_7) AppleWebKit/537.36 (KHTML, like Gecko) Chrome/104.0.0.0 Safari/537.36" 
203.206.245.81 - - [18/Aug/2022:16:00:34 -0700] "GET /GitHub-Mark.png HTTP/1.1" 200 7556 "http://www.secrepo.com/" "Mozilla/5.0 (Macintosh; Intel Mac OS X 10_15_7) AppleWebKit/537.36 (KHTML, like Gecko) Chrome/104.0.0.0 Safari/537.36" 
203.206.245.81 - - [18/Aug/2022:16:00:36 -0700] "GET /bootstrap/img/favicon.ico HTTP/1.1" 200 690 "http://www.secrepo.com/" "Mozilla/5.0 (Macintosh; Intel Mac OS X 10_15_7) AppleWebKit/537.36 (KHTML, like Gecko) Chrome/104.0.0.0 Safari/537.36" 
89.149.200.26 - - [18/Aug/2022:16:02:19 -0700] "GET / HTTP/1.1" 200 13140 "-" "Mozilla/5.0 (Windows NT 10.0; Win64; x64) AppleWebKit/537.36 (KHTML, like Gecko) Chrome/60.0.3112.113 Safari/537.36" 
34.206.152.150 - - [18/Aug/2022:16:02:54 -0700] "HEAD / HTTP/1.1" 301 186 "-" "DreamHost SiteMonitor 1.0" 
34.206.152.150 - - [18/Aug/2022:16:02:54 -0700] "HEAD / HTTP/1.1" 200 359 "http://66.33.221.139" "DreamHost SiteMonitor 1.0" 
157.55.39.88 - - [18/Aug/2022:16:04:41 -0700] "GET /self.logs/ HTTP/1.1" 200 37937 "-" "Mozilla/5.0 AppleWebKit/537.36 (KHTML, like Gecko; compatible; bingbot/2.0; +http://www.bing.com/bingbot.htm) Chrome/103.0.5060.134 Safari/537.36" 
34.206.152.150 - - [18/Aug/2022:16:12:54 -0700] "HEAD / HTTP/1.1" 301 186 "-" "DreamHost SiteMonitor 1.0" 
34.206.152.150 - - [18/Aug/2022:16:12:54 -0700] "HEAD / HTTP/1.1" 200 359 "http://66.33.221.139" "DreamHost SiteMonitor 1.0" 
27.150.191.124 - - [18/Aug/2022:16:17:33 -0700] "GET / HTTP/1.1" 200 13184 "-" "Mozilla/5.0 (Windows NT 10.0; Win64; x64) AppleWebKit/537.36 (KHTML, like Gecko) Chrome/76.0.3809.25 Safari/537.36" 
27.150.191.124 - - [18/Aug/2022:16:18:04 -0700] "GET /ajax.googleapis.com/ajax/libs/jquery/2.0.2/jquery.min.js HTTP/1.1" 404 328 "-" "Mozilla/5.0 (Windows NT 10.0; Win64; x64) AppleWebKit/537.36 (KHTML, like Gecko) Chrome/76.0.3809.25 Safari/537.36" 
27.150.191.124 - - [18/Aug/2022:16:18:04 -0700] "GET /netdna.bootstrapcdn.com/bootstrap/3.1.1/js/bootstrap.min.js HTTP/1.1" 404 0 "-" "Mozilla/5.0 (Windows NT 10.0; Win64; x64) AppleWebKit/537.36 (KHTML, like Gecko) Chrome/76.0.3809.25 Safari/537.36" 
27.150.191.124 - - [18/Aug/2022:16:18:04 -0700] "GET /netdna.bootstrapcdn.com/bootstrap/3.1.1/js/bootstrap.min.js HTTP/1.1" 404 0 "-" "Mozilla/5.0 (Windows NT 10.0; Win64; x64) AppleWebKit/537.36 (KHTML, like Gecko) Chrome/76.0.3809.25 Safari/537.36" 
27.150.191.124 - - [18/Aug/2022:16:18:05 -0700] "GET /www.google-analytics.com/analytics.js HTTP/1.1" 404 328 "-" "Mozilla/5.0 (Windows NT 10.0; Win64; x64) AppleWebKit/537.36 (KHTML, like Gecko) Chrome/76.0.3809.25 Safari/537.36" 
27.150.191.124 - - [18/Aug/2022:16:18:05 -0700] "GET /quantserve.com/quant.js HTTP/1.1" 404 305 "-" "Mozilla/5.0 (Windows NT 10.0; Win64; x64) AppleWebKit/537.36 (KHTML, like Gecko) Chrome/76.0.3809.25 Safari/537.36" 
114.119.145.137 - - [18/Aug/2022:16:21:51 -0700] "GET /self.logs/error.log.2020-05-24 HTTP/1.1" 200 351 "http://www.secrepo.com/self.logs?C=N%3BO%3DD" "Mozilla/5.0 (Linux; Android 7.0;) AppleWebKit/537.36 (KHTML, like Gecko) Mobile Safari/537.36 (compatible; PetalBot;+https://webmaster.petalsearch.com/site/petalbot)" 
34.206.152.150 - - [18/Aug/2022:16:22:54 -0700] "HEAD / HTTP/1.1" 301 186 "-" "DreamHost SiteMonitor 1.0" 
34.206.152.150 - - [18/Aug/2022:16:22:54 -0700] "HEAD / HTTP/1.1" 200 359 "http://66.33.221.139" "DreamHost SiteMonitor 1.0" 
114.119.149.228 - - [18/Aug/2022:16:27:49 -0700] "GET /self.logs/error.log.2021-01-18 HTTP/1.1" 200 351 "http://www.secrepo.com/self.logs?C=N%3BO%3DD" "Mozilla/5.0 (Linux; Android 7.0;) AppleWebKit/537.36 (KHTML, like Gecko) Mobile Safari/537.36 (compatible; PetalBot;+https://webmaster.petalsearch.com/site/petalbot)" 
34.206.152.150 - - [18/Aug/2022:16:32:54 -0700] "HEAD / HTTP/1.1" 301 186 "-" "DreamHost SiteMonitor 1.0" 
34.206.152.150 - - [18/Aug/2022:16:32:54 -0700] "HEAD / HTTP/1.1" 200 359 "http://66.33.221.139" "DreamHost SiteMonitor 1.0" 
114.119.149.222 - - [18/Aug/2022:16:33:46 -0700] "GET /self.logs/error.log.2019-08-08 HTTP/1.1" 200 1349 "http://www.secrepo.com/self.logs?C=N%3BO%3DD" "Mozilla/5.0 (Linux; Android 7.0;) AppleWebKit/537.36 (KHTML, like Gecko) Mobile Safari/537.36 (compatible; PetalBot;+https://webmaster.petalsearch.com/site/petalbot)" 
40.88.21.235 - - [18/Aug/2022:16:37:42 -0700] "GET / HTTP/1.1" 200 13185 "http://www.secrepo.com/" "Mozilla/5.0 (compatible; DuckDuckGo-Favicons-Bot/1.0; +http://duckduckgo.com)" 
40.88.21.235 - - [18/Aug/2022:16:37:42 -0700] "GET /bootstrap/img/favicon.ico HTTP/1.1" 200 690 "http://www.secrepo.com/bootstrap/img/favicon.ico" "Mozilla/5.0 (compatible; DuckDuckGo-Favicons-Bot/1.0; +http://duckduckgo.com)" 
157.55.39.88 - - [18/Aug/2022:16:37:45 -0700] "GET /self.logs/ HTTP/1.1" 200 37937 "-" "Mozilla/5.0 (compatible; bingbot/2.0; +http://www.bing.com/bingbot.htm)" 
157.55.39.116 - - [18/Aug/2022:16:38:54 -0700] "GET / HTTP/1.1" 301 475 "-" "Mozilla/5.0 (compatible; bingbot/2.0; +http://www.bing.com/bingbot.htm)" 
157.55.39.116 - - [18/Aug/2022:16:41:24 -0700] "GET / HTTP/1.1" 200 13185 "-" "Mozilla/5.0 (compatible; bingbot/2.0; +http://www.bing.com/bingbot.htm)" 
34.206.152.150 - - [18/Aug/2022:16:42:54 -0700] "HEAD / HTTP/1.1" 301 186 "-" "DreamHost SiteMonitor 1.0" 
34.206.152.150 - - [18/Aug/2022:16:42:54 -0700] "HEAD / HTTP/1.1" 200 359 "http://66.33.221.139" "DreamHost SiteMonitor 1.0" 
114.119.145.137 - - [18/Aug/2022:16:47:17 -0700] "GET /self.logs/2015/error.log.2015-07-13.gz HTTP/1.1" 200 902 "-" "Mozilla/5.0 (compatible;PetalBot;+https://webmaster.petalsearch.com/site/petalbot)" 
87.250.224.28 - - [18/Aug/2022:16:50:54 -0700] "GET /robots.txt HTTP/1.1" 301 495 "-" "Mozilla/5.0 (compatible; YandexBot/3.0; +http://yandex.com/bots)" 
87.250.224.28 - - [18/Aug/2022:16:50:54 -0700] "GET /robots.txt HTTP/1.1" 200 354 "-" "Mozilla/5.0 (compatible; YandexBot/3.0; +http://yandex.com/bots)" 
213.180.203.22 - - [18/Aug/2022:16:50:58 -0700] "GET / HTTP/1.1" 301 475 "-" "Mozilla/5.0 (compatible; YandexBot/3.0; +http://yandex.com/bots)" 
87.250.224.28 - - [18/Aug/2022:16:51:00 -0700] "GET /robots.txt HTTP/1.1" 200 377 "-" "Mozilla/5.0 (compatible; YandexBot/3.0; +http://yandex.com/bots)" 
87.250.224.28 - - [18/Aug/2022:16:51:04 -0700] "GET / HTTP/1.1" 200 13163 "-" "Mozilla/5.0 (compatible; YandexBot/3.0; +http://yandex.com/bots)" 
34.206.152.150 - - [18/Aug/2022:16:52:54 -0700] "HEAD / HTTP/1.1" 301 186 "-" "DreamHost SiteMonitor 1.0" 
34.206.152.150 - - [18/Aug/2022:16:52:54 -0700] "HEAD / HTTP/1.1" 200 359 "http://66.33.221.139" "DreamHost SiteMonitor 1.0" 
114.119.149.228 - - [18/Aug/2022:16:59:08 -0700] "GET /self.logs/error.log.2018-01-08.gz HTTP/1.1" 200 5838 "-" "Mozilla/5.0 (compatible;PetalBot;+https://webmaster.petalsearch.com/site/petalbot)" 
34.206.152.150 - - [18/Aug/2022:17:02:54 -0700] "HEAD / HTTP/1.1" 301 186 "-" "DreamHost SiteMonitor 1.0" 
34.206.152.150 - - [18/Aug/2022:17:02:54 -0700] "HEAD / HTTP/1.1" 200 359 "http://66.33.221.139" "DreamHost SiteMonitor 1.0" 
157.55.39.88 - - [18/Aug/2022:17:10:27 -0700] "GET /self.logs/ HTTP/1.1" 200 37937 "-" "Mozilla/5.0 (compatible; bingbot/2.0; +http://www.bing.com/bingbot.htm)" 
114.119.145.137 - - [18/Aug/2022:17:10:56 -0700] "GET /self.logs/error.log.2021-01-01 HTTP/1.1" 200 351 "http://www.secrepo.com/self.logs?C=N%3BO%3DD" "Mozilla/5.0 (Linux; Android 7.0;) AppleWebKit/537.36 (KHTML, like Gecko) Mobile Safari/537.36 (compatible; PetalBot;+https://webmaster.petalsearch.com/site/petalbot)" 
34.206.152.150 - - [18/Aug/2022:17:12:54 -0700] "HEAD / HTTP/1.1" 301 186 "-" "DreamHost SiteMonitor 1.0" 
34.206.152.150 - - [18/Aug/2022:17:12:54 -0700] "HEAD / HTTP/1.1" 200 359 "http://66.33.221.139" "DreamHost SiteMonitor 1.0" 
116.203.180.143 - - [18/Aug/2022:17:13:50 -0700] "GET /robots.txt HTTP/1.1" 301 458 "-" "Mozilla/5.0 (Windows; U; Windows NT 5.1; en-US; rv:1.8.1.6) Gecko/20070725 Firefox/2.0.0.6" 
116.203.180.143 - - [18/Aug/2022:17:13:51 -0700] "GET /robots.txt HTTP/1.1" 200 340 "-" "Mozilla/5.0 (Windows; U; Windows NT 5.1; en-US; rv:1.8.1.6) Gecko/20070725 Firefox/2.0.0.6" 
114.119.149.218 - - [18/Aug/2022:17:16:50 -0700] "GET /self.logs/error.log.2018-10-29.gz HTTP/1.1" 200 4349 "-" "Mozilla/5.0 (compatible;PetalBot;+https://webmaster.petalsearch.com/site/petalbot)" 
51.222.253.19 - - [18/Aug/2022:17:20:12 -0700] "GET / HTTP/1.1" 200 13142 "-" "Mozilla/5.0 (compatible; AhrefsBot/7.0; +http://ahrefs.com/robot/)" 
51.222.253.10 - - [18/Aug/2022:17:20:17 -0700] "GET /css/style.css HTTP/1.1" 404 284 "-" "Mozilla/5.0 (compatible; AhrefsBot/7.0; +http://ahrefs.com/robot/)" 
51.222.253.8 - - [18/Aug/2022:17:20:17 -0700] "GET /GitHub-Mark.png HTTP/1.1" 200 7512 "-" "Mozilla/5.0 (compatible; AhrefsBot/7.0; +http://ahrefs.com/robot/)" 
99.166.71.101 - - [18/Aug/2022:17:21:10 -0700] "GET /bootstrap/img/apple-touch-icon-114x114.png HTTP/1.1" 404 328 "-" "Craft/569 CFNetwork/1128.1 Darwin/19.6.0 (x86_64)" 
114.119.149.228 - - [18/Aug/2022:17:22:40 -0700] "GET /self.logs/error.log.2018-01-06.gz HTTP/1.1" 200 5817 "-" "Mozilla/5.0 (compatible;PetalBot;+https://webmaster.petalsearch.com/site/petalbot)" 
34.206.152.150 - - [18/Aug/2022:17:22:54 -0700] "HEAD / HTTP/1.1" 301 186 "-" "DreamHost SiteMonitor 1.0" 
34.206.152.150 - - [18/Aug/2022:17:22:54 -0700] "HEAD / HTTP/1.1" 200 359 "http://66.33.221.139" "DreamHost SiteMonitor 1.0" 
103.131.71.151 - - [18/Aug/2022:17:28:04 -0700] "GET /robots.txt HTTP/1.1" 200 340 "-" "Mozilla/5.0 (compatible; coccocbot-web/1.0; +http://help.coccoc.com/searchengine)" 
114.119.145.137 - - [18/Aug/2022:17:28:24 -0700] "GET /self.logs/error.log.2017-10-17.gz HTTP/1.1" 200 4125 "-" "Mozilla/5.0 (compatible;PetalBot;+https://webmaster.petalsearch.com/site/petalbot)" 
34.206.152.150 - - [18/Aug/2022:17:32:54 -0700] "HEAD / HTTP/1.1" 301 186 "-" "DreamHost SiteMonitor 1.0" 
34.206.152.150 - - [18/Aug/2022:17:32:54 -0700] "HEAD / HTTP/1.1" 200 359 "http://66.33.221.139" "DreamHost SiteMonitor 1.0" 
114.119.149.237 - - [18/Aug/2022:17:40:02 -0700] "GET /self.logs/2015/error.log.2015-02-19.gz HTTP/1.1" 200 5455 "-" "Mozilla/5.0 (compatible;PetalBot;+https://webmaster.petalsearch.com/site/petalbot)" 
157.55.39.88 - - [18/Aug/2022:17:41:10 -0700] "GET /self.logs/ HTTP/1.1" 200 37937 "-" "Mozilla/5.0 (compatible; bingbot/2.0; +http://www.bing.com/bingbot.htm)" 
34.206.152.150 - - [18/Aug/2022:17:42:54 -0700] "HEAD / HTTP/1.1" 301 186 "-" "DreamHost SiteMonitor 1.0" 
34.206.152.150 - - [18/Aug/2022:17:42:54 -0700] "HEAD / HTTP/1.1" 200 359 "http://66.33.221.139" "DreamHost SiteMonitor 1.0" 
1.157.26.109 - - [18/Aug/2022:17:43:52 -0700] "GET / HTTP/1.1" 200 13186 "-" "Mozilla/5.0 (Windows NT 10.0; Win64; x64) AppleWebKit/537.36 (KHTML, like Gecko) Chrome/104.0.0.0 Safari/537.36" 
1.157.26.109 - - [18/Aug/2022:17:43:53 -0700] "GET /css/style.css HTTP/1.1" 404 305 "http://www.secrepo.com/" "Mozilla/5.0 (Windows NT 10.0; Win64; x64) AppleWebKit/537.36 (KHTML, like Gecko) Chrome/104.0.0.0 Safari/537.36" 
1.157.26.109 - - [18/Aug/2022:17:43:53 -0700] "GET /twitter-icon.png HTTP/1.1" 200 27916 "http://www.secrepo.com/" "Mozilla/5.0 (Windows NT 10.0; Win64; x64) AppleWebKit/537.36 (KHTML, like Gecko) Chrome/104.0.0.0 Safari/537.36" 
1.157.26.109 - - [18/Aug/2022:17:43:53 -0700] "GET /GitHub-Mark.png HTTP/1.1" 200 7556 "http://www.secrepo.com/" "Mozilla/5.0 (Windows NT 10.0; Win64; x64) AppleWebKit/537.36 (KHTML, like Gecko) Chrome/104.0.0.0 Safari/537.36" 
40.88.21.235 - - [18/Aug/2022:17:43:53 -0700] "GET / HTTP/1.1" 200 13186 "http://www.secrepo.com/" "Mozilla/5.0 (compatible; DuckDuckGo-Favicons-Bot/1.0; +http://duckduckgo.com)" 
40.88.21.235 - - [18/Aug/2022:17:43:53 -0700] "GET /bootstrap/img/favicon.ico HTTP/1.1" 200 690 "http://www.secrepo.com/bootstrap/img/favicon.ico" "Mozilla/5.0 (compatible; DuckDuckGo-Favicons-Bot/1.0; +http://duckduckgo.com)" 
1.157.26.109 - - [18/Aug/2022:17:43:55 -0700] "GET /bootstrap/img/favicon.ico HTTP/1.1" 200 690 "http://www.secrepo.com/" "Mozilla/5.0 (Windows NT 10.0; Win64; x64) AppleWebKit/537.36 (KHTML, like Gecko) Chrome/104.0.0.0 Safari/537.36" 
66.249.64.143 - - [18/Aug/2022:17:47:15 -0700] "GET /robots.txt HTTP/1.1" 200 377 "-" "Mozilla/5.0 (compatible; Googlebot/2.1; +http://www.google.com/bot.html)" 
66.249.64.143 - - [18/Aug/2022:17:47:15 -0700] "GET /self.logs/error.log.2020-04-19 HTTP/1.1" 200 328 "-" "Mozilla/5.0 (Linux; Android 6.0.1; Nexus 5X Build/MMB29P) AppleWebKit/537.36 (KHTML, like Gecko) Chrome/104.0.5112.79 Mobile Safari/537.36 (compatible; Googlebot/2.1; +http://www.google.com/bot.html)" 
51.222.253.19 - - [18/Aug/2022:17:50:42 -0700] "GET /Datasets%20Description/Network/?C=S;O=A HTTP/1.1" 200 722 "-" "Mozilla/5.0 (compatible; AhrefsBot/7.0; +http://ahrefs.com/robot/)" 
34.206.152.150 - - [18/Aug/2022:17:52:54 -0700] "HEAD / HTTP/1.1" 301 186 "-" "DreamHost SiteMonitor 1.0" 
34.206.152.150 - - [18/Aug/2022:17:52:54 -0700] "HEAD / HTTP/1.1" 200 359 "http://66.33.221.139" "DreamHost SiteMonitor 1.0" 
43.248.130.210 - - [18/Aug/2022:18:01:20 -0700] "GET /uploader/preview.php HTTP/1.1" 301 515 "-" "Mozilla/5.0 (Windows NT 10.0; Win64; x64) AppleWebKit/537.36 (KHTML, like Gecko) Chrome/85.0.4183.102 Safari/537.36" 
34.206.152.150 - - [18/Aug/2022:18:02:54 -0700] "HEAD / HTTP/1.1" 301 186 "-" "DreamHost SiteMonitor 1.0" 
34.206.152.150 - - [18/Aug/2022:18:02:54 -0700] "HEAD / HTTP/1.1" 200 359 "http://66.33.221.139" "DreamHost SiteMonitor 1.0" 
114.119.149.237 - - [18/Aug/2022:18:03:33 -0700] "GET /self.logs/error.log.2019-02-07.gz HTTP/1.1" 200 3715 "-" "Mozilla/5.0 (compatible;PetalBot;+https://webmaster.petalsearch.com/site/petalbot)" 
114.119.149.237 - - [18/Aug/2022:18:09:19 -0700] "GET /self.logs/error.log.2018-01-12.gz HTTP/1.1" 200 1996 "-" "Mozilla/5.0 (compatible;PetalBot;+https://webmaster.petalsearch.com/site/petalbot)" 
34.206.152.150 - - [18/Aug/2022:18:12:54 -0700] "HEAD / HTTP/1.1" 301 186 "-" "DreamHost SiteMonitor 1.0" 
34.206.152.150 - - [18/Aug/2022:18:12:54 -0700] "HEAD / HTTP/1.1" 200 359 "http://66.33.221.139" "DreamHost SiteMonitor 1.0" 
123.125.109.136 - - [18/Aug/2022:18:13:05 -0700] "GET / HTTP/1.1" 200 13147 "-" "Sogou web spider/4.0(+http://www.sogou.com/docs/help/webmasters.htm#07)" 
157.55.39.88 - - [18/Aug/2022:18:13:23 -0700] "GET /self.logs/ HTTP/1.1" 200 37937 "-" "Mozilla/5.0 (compatible; bingbot/2.0; +http://www.bing.com/bingbot.htm)" 
118.140.35.56 - - [18/Aug/2022:18:14:26 -0700] "POST /index.php HTTP/1.1" 301 493 "-" "Mozilla/5.0 (Windows NT 10.0; WOW64; rv:48.0) Gecko/20100101 Firefox/48.0" 
118.140.35.56 - - [18/Aug/2022:18:14:27 -0700] "GET /index.php HTTP/1.1" 404 328 "-" "Mozilla/5.0 (Windows NT 10.0; WOW64; rv:48.0) Gecko/20100101 Firefox/48.0" 
118.140.35.56 - - [18/Aug/2022:18:14:28 -0700] "GET /robots.php HTTP/1.1" 301 495 "-" "Mozilla/5.0 (Windows NT 10.0; WOW64; rv:48.0) Gecko/20100101 Firefox/48.0" 
118.140.35.56 - - [18/Aug/2022:18:14:28 -0700] "GET /robots.php HTTP/1.1" 404 328 "-" "Mozilla/5.0 (Windows NT 10.0; WOW64; rv:48.0) Gecko/20100101 Firefox/48.0" 
114.119.145.137 - - [18/Aug/2022:18:15:02 -0700] "GET /self.logs/access.log.2019-05-03.gz HTTP/1.1" 200 23924 "-" "Mozilla/5.0 (compatible;PetalBot;+https://webmaster.petalsearch.com/site/petalbot)" 
114.119.149.218 - - [18/Aug/2022:18:20:46 -0700] "GET /self.logs/access.log.2017-11-17.gz HTTP/1.1" 200 19727 "-" "Mozilla/5.0 (compatible;PetalBot;+https://webmaster.petalsearch.com/site/petalbot)" 
51.222.253.2 - - [18/Aug/2022:18:21:56 -0700] "GET /robots.txt HTTP/1.1" 200 333 "-" "Mozilla/5.0 (compatible; AhrefsBot/7.0; +http://ahrefs.com/robot/)" 
51.222.253.12 - - [18/Aug/2022:18:21:57 -0700] "GET /Datasets%20Description/Network/?C=D;O=A HTTP/1.1" 200 725 "-" "Mozilla/5.0 (compatible; AhrefsBot/7.0; +http://ahrefs.com/robot/)" 
34.206.152.150 - - [18/Aug/2022:18:22:54 -0700] "HEAD / HTTP/1.1" 301 186 "-" "DreamHost SiteMonitor 1.0" 
34.206.152.150 - - [18/Aug/2022:18:22:54 -0700] "HEAD / HTTP/1.1" 200 359 "http://66.33.221.139" "DreamHost SiteMonitor 1.0" 
85.208.98.51 - - [18/Aug/2022:18:26:27 -0700] "GET /robots.txt HTTP/1.1" 301 439 "-" "Mozilla/5.0 (compatible; SemrushBot-BM/1.0; +http://www.semrush.com/bot.html)" 
85.208.98.51 - - [18/Aug/2022:18:26:31 -0700] "GET /robots.txt HTTP/1.1" 200 333 "-" "Mozilla/5.0 (compatible; SemrushBot-BM/1.0; +http://www.semrush.com/bot.html)" 
114.119.149.23 - - [18/Aug/2022:18:26:37 -0700] "GET /self.logs/access.log.2017-02-24.gz HTTP/1.1" 200 67096 "-" "Mozilla/5.0 (compatible;PetalBot;+https://webmaster.petalsearch.com/site/petalbot)" 
34.206.152.150 - - [18/Aug/2022:18:32:54 -0700] "HEAD / HTTP/1.1" 301 186 "-" "DreamHost SiteMonitor 1.0" 
34.206.152.150 - - [18/Aug/2022:18:32:54 -0700] "HEAD / HTTP/1.1" 200 359 "http://66.33.221.139" "DreamHost SiteMonitor 1.0" 
114.119.149.222 - - [18/Aug/2022:18:38:16 -0700] "GET /self.logs/2015/error.log.2015-10-23.gz HTTP/1.1" 200 855 "-" "Mozilla/5.0 (compatible;PetalBot;+https://webmaster.petalsearch.com/site/petalbot)" 
75.17.224.35 - - [18/Aug/2022:18:38:47 -0700] "GET / HTTP/1.1" 301 475 "-" "Mozilla/5.0 (Windows NT 10.0; Win64; x64) AppleWebKit/537.36 (KHTML, like Gecko) Chrome/104.0.5112.81 Safari/537.36 Edg/104.0.1293.54" 
75.17.224.35 - - [18/Aug/2022:18:38:47 -0700] "GET / HTTP/1.1" 200 13184 "-" "Mozilla/5.0 (Windows NT 10.0; Win64; x64) AppleWebKit/537.36 (KHTML, like Gecko) Chrome/104.0.5112.81 Safari/537.36 Edg/104.0.1293.54" 
75.17.224.35 - - [18/Aug/2022:18:38:47 -0700] "GET /css/style.css HTTP/1.1" 404 305 "http://www.secrepo.com/" "Mozilla/5.0 (Windows NT 10.0; Win64; x64) AppleWebKit/537.36 (KHTML, like Gecko) Chrome/104.0.5112.81 Safari/537.36 Edg/104.0.1293.54" 
75.17.224.35 - - [18/Aug/2022:18:38:47 -0700] "GET /twitter-icon.png HTTP/1.1" 200 27916 "http://www.secrepo.com/" "Mozilla/5.0 (Windows NT 10.0; Win64; x64) AppleWebKit/537.36 (KHTML, like Gecko) Chrome/104.0.5112.81 Safari/537.36 Edg/104.0.1293.54" 
75.17.224.35 - - [18/Aug/2022:18:38:47 -0700] "GET /GitHub-Mark.png HTTP/1.1" 200 7556 "http://www.secrepo.com/" "Mozilla/5.0 (Windows NT 10.0; Win64; x64) AppleWebKit/537.36 (KHTML, like Gecko) Chrome/104.0.5112.81 Safari/537.36 Edg/104.0.1293.54" 
75.17.224.35 - - [18/Aug/2022:18:38:48 -0700] "GET /bootstrap/img/favicon.ico HTTP/1.1" 200 690 "http://www.secrepo.com/" "Mozilla/5.0 (Windows NT 10.0; Win64; x64) AppleWebKit/537.36 (KHTML, like Gecko) Chrome/104.0.5112.81 Safari/537.36 Edg/104.0.1293.54" 
34.206.152.150 - - [18/Aug/2022:18:42:54 -0700] "HEAD / HTTP/1.1" 301 186 "-" "DreamHost SiteMonitor 1.0" 
34.206.152.150 - - [18/Aug/2022:18:42:54 -0700] "HEAD / HTTP/1.1" 200 359 "http://66.33.221.139" "DreamHost SiteMonitor 1.0" 
157.55.39.88 - - [18/Aug/2022:18:45:47 -0700] "GET /self.logs/ HTTP/1.1" 200 37937 "-" "Mozilla/5.0 (compatible; bingbot/2.0; +http://www.bing.com/bingbot.htm)" 
34.206.152.150 - - [18/Aug/2022:18:52:54 -0700] "HEAD / HTTP/1.1" 301 186 "-" "DreamHost SiteMonitor 1.0" 
34.206.152.150 - - [18/Aug/2022:18:52:54 -0700] "HEAD / HTTP/1.1" 200 359 "http://66.33.221.139" "DreamHost SiteMonitor 1.0" 
51.222.253.1 - - [18/Aug/2022:18:55:09 -0700] "GET /self.logs/2016/?C=M;O=D HTTP/1.1" 200 8251 "-" "Mozilla/5.0 (compatible; AhrefsBot/7.0; +http://ahrefs.com/robot/)" 
94.74.127.96 - - [18/Aug/2022:18:57:31 -0700] "GET / HTTP/1.1" 200 13185 "-" "Mozilla/5.0 (Windows NT 10.0; WOW64) AppleWebKit/537.36 (KHTML, like Gecko) Chrome/63.0.3239.132 Safari/537.36" 
222.128.87.64 - - [18/Aug/2022:19:01:28 -0700] "GET /css/style.css HTTP/1.1" 404 328 "http://www.secrepo.com/" "Mozilla/5.0 (Macintosh; Intel Mac OS X 10_15_7) AppleWebKit/537.36 (KHTML, like Gecko) Chrome/94.0.4606.81 Safari/537.36" 
34.206.152.150 - - [18/Aug/2022:19:02:54 -0700] "HEAD / HTTP/1.1" 301 186 "-" "DreamHost SiteMonitor 1.0" 
34.206.152.150 - - [18/Aug/2022:19:02:54 -0700] "HEAD / HTTP/1.1" 200 359 "http://66.33.221.139" "DreamHost SiteMonitor 1.0" 
34.206.152.150 - - [18/Aug/2022:19:12:54 -0700] "HEAD / HTTP/1.1" 301 186 "-" "DreamHost SiteMonitor 1.0" 
34.206.152.150 - - [18/Aug/2022:19:12:54 -0700] "HEAD / HTTP/1.1" 200 359 "http://66.33.221.139" "DreamHost SiteMonitor 1.0" 
114.119.140.174 - - [18/Aug/2022:19:13:25 -0700] "GET /self.logs/access.log.2018-12-03.gz HTTP/1.1" 200 22574 "-" "Mozilla/5.0 (compatible;PetalBot;+https://webmaster.petalsearch.com/site/petalbot)" 
157.55.39.88 - - [18/Aug/2022:19:18:10 -0700] "GET /self.logs/ HTTP/1.1" 200 37937 "-" "Mozilla/5.0 (compatible; bingbot/2.0; +http://www.bing.com/bingbot.htm)" 
114.119.149.222 - - [18/Aug/2022:19:19:14 -0700] "GET /self.logs/error.log.2020-12-31 HTTP/1.1" 200 351 "http://www.secrepo.com/self.logs?C=N%3BO%3DD" "Mozilla/5.0 (Linux; Android 7.0;) AppleWebKit/537.36 (KHTML, like Gecko) Mobile Safari/537.36 (compatible; PetalBot;+https://webmaster.petalsearch.com/site/petalbot)" 
34.206.152.150 - - [18/Aug/2022:19:22:54 -0700] "HEAD / HTTP/1.1" 301 186 "-" "DreamHost SiteMonitor 1.0" 
34.206.152.150 - - [18/Aug/2022:19:22:54 -0700] "HEAD / HTTP/1.1" 200 359 "http://66.33.221.139" "DreamHost SiteMonitor 1.0" 
114.119.149.218 - - [18/Aug/2022:19:25:02 -0700] "GET /self.logs/error.log.2017-04-28.gz HTTP/1.1" 200 959 "-" "Mozilla/5.0 (compatible;PetalBot;+https://webmaster.petalsearch.com/site/petalbot)" 
27.150.191.126 - - [18/Aug/2022:19:26:43 -0700] "GET / HTTP/1.1" 200 13185 "-" "Mozilla/5.0 (Windows NT 10.0; Win64; x64) AppleWebKit/537.36 (KHTML, like Gecko) Chrome/76.0.3809.25 Safari/537.36" 
27.150.191.126 - - [18/Aug/2022:19:28:00 -0700] "GET /ajax.googleapis.com/ajax/libs/jquery/2.0.2/jquery.min.js HTTP/1.1" 404 328 "-" "Mozilla/5.0 (Windows NT 10.0; Win64; x64) AppleWebKit/537.36 (KHTML, like Gecko) Chrome/76.0.3809.25 Safari/537.36" 
27.150.191.126 - - [18/Aug/2022:19:28:01 -0700] "GET /netdna.bootstrapcdn.com/bootstrap/3.1.1/js/bootstrap.min.js HTTP/1.1" 404 0 "-" "Mozilla/5.0 (Windows NT 10.0; Win64; x64) AppleWebKit/537.36 (KHTML, like Gecko) Chrome/76.0.3809.25 Safari/537.36" 
27.150.191.126 - - [18/Aug/2022:19:28:03 -0700] "GET /netdna.bootstrapcdn.com/bootstrap/3.1.1/js/bootstrap.min.js HTTP/1.1" 404 0 "-" "Mozilla/5.0 (Windows NT 10.0; Win64; x64) AppleWebKit/537.36 (KHTML, like Gecko) Chrome/76.0.3809.25 Safari/537.36" 
27.150.191.126 - - [18/Aug/2022:19:28:03 -0700] "GET /quantserve.com/quant.js HTTP/1.1" 404 328 "-" "Mozilla/5.0 (Windows NT 10.0; Win64; x64) AppleWebKit/537.36 (KHTML, like Gecko) Chrome/76.0.3809.25 Safari/537.36" 
52.212.146.96 - - [18/Aug/2022:19:30:01 -0700] "GET /self.logs/access.log.2022-08-12.gz HTTP/1.1" 200 11057 "-" "python-requests/2.12.1" 
114.119.140.174 - - [18/Aug/2022:19:30:46 -0700] "GET /self.logs/error.log.2019-08-06.gz HTTP/1.1" 200 1339 "-" "Mozilla/5.0 (compatible;PetalBot;+https://webmaster.petalsearch.com/site/petalbot)" 
34.206.152.150 - - [18/Aug/2022:19:32:54 -0700] "HEAD / HTTP/1.1" 301 186 "-" "DreamHost SiteMonitor 1.0" 
34.206.152.150 - - [18/Aug/2022:19:32:54 -0700] "HEAD / HTTP/1.1" 200 359 "http://66.33.221.139" "DreamHost SiteMonitor 1.0" 
49.7.20.108 - - [18/Aug/2022:19:35:37 -0700] "GET / HTTP/1.1" 200 13148 "-" "Sogou web spider/4.0(+http://www.sogou.com/docs/help/webmasters.htm#07)" 
43.248.130.210 - - [18/Aug/2022:19:36:27 -0700] "GET /uploader/preview.php HTTP/1.1" 404 328 "-" "Mozilla/5.0 (Windows NT 10.0; Win64; x64) AppleWebKit/537.36 (KHTML, like Gecko) Chrome/85.0.4183.102 Safari/537.36" 
114.119.140.174 - - [18/Aug/2022:19:36:33 -0700] "GET /self.logs/access.log.2019-01-30.gz HTTP/1.1" 200 29616 "-" "Mozilla/5.0 (compatible;PetalBot;+https://webmaster.petalsearch.com/site/petalbot)" 
114.119.149.237 - - [18/Aug/2022:19:42:24 -0700] "GET /self.logs/error.log.2020-05-01 HTTP/1.1" 200 351 "http://www.secrepo.com/self.logs?C=N%3BO%3DD" "Mozilla/5.0 (Linux; Android 7.0;) AppleWebKit/537.36 (KHTML, like Gecko) Mobile Safari/537.36 (compatible; PetalBot;+https://webmaster.petalsearch.com/site/petalbot)" 
34.206.152.150 - - [18/Aug/2022:19:42:54 -0700] "HEAD / HTTP/1.1" 301 186 "-" "DreamHost SiteMonitor 1.0" 
34.206.152.150 - - [18/Aug/2022:19:42:54 -0700] "HEAD / HTTP/1.1" 200 359 "http://66.33.221.139" "DreamHost SiteMonitor 1.0" 
114.119.149.222 - - [18/Aug/2022:19:48:10 -0700] "GET /self.logs/error.log.2019-02-10.gz HTTP/1.1" 200 4127 "-" "Mozilla/5.0 (compatible;PetalBot;+https://webmaster.petalsearch.com/site/petalbot)" 
157.55.39.88 - - [18/Aug/2022:19:49:13 -0700] "GET /self.logs/ HTTP/1.1" 200 37937 "-" "Mozilla/5.0 (compatible; bingbot/2.0; +http://www.bing.com/bingbot.htm)" 
34.206.152.150 - - [18/Aug/2022:19:52:54 -0700] "HEAD / HTTP/1.1" 301 186 "-" "DreamHost SiteMonitor 1.0" 
34.206.152.150 - - [18/Aug/2022:19:52:54 -0700] "HEAD / HTTP/1.1" 200 359 "http://66.33.221.139" "DreamHost SiteMonitor 1.0" 
197.239.4.42 - - [18/Aug/2022:19:53:38 -0700] "GET / HTTP/1.1" 200 13186 "-" "Mozilla/5.0 (Windows NT 10.0; Win64; x64) AppleWebKit/537.36 (KHTML, like Gecko) Chrome/104.0.0.0 Safari/537.36" 
197.239.4.42 - - [18/Aug/2022:19:53:38 -0700] "GET /css/style.css HTTP/1.1" 404 305 "http://www.secrepo.com/" "Mozilla/5.0 (Windows NT 10.0; Win64; x64) AppleWebKit/537.36 (KHTML, like Gecko) Chrome/104.0.0.0 Safari/537.36" 
197.239.4.42 - - [18/Aug/2022:19:53:39 -0700] "GET /twitter-icon.png HTTP/1.1" 200 27893 "http://www.secrepo.com/" "Mozilla/5.0 (Windows NT 10.0; Win64; x64) AppleWebKit/537.36 (KHTML, like Gecko) Chrome/104.0.0.0 Safari/537.36" 
197.239.4.42 - - [18/Aug/2022:19:53:39 -0700] "GET /GitHub-Mark.png HTTP/1.1" 200 7556 "http://www.secrepo.com/" "Mozilla/5.0 (Windows NT 10.0; Win64; x64) AppleWebKit/537.36 (KHTML, like Gecko) Chrome/104.0.0.0 Safari/537.36" 
114.119.149.222 - - [18/Aug/2022:19:53:59 -0700] "GET /Datasets%20Description/HTML_Bro_log_1/conn.html HTTP/1.1" 200 2011 "http://www.secrepo.com/Datasets%20Description/HTML_Bro_log_1" "Mozilla/5.0 (Linux; Android 7.0;) AppleWebKit/537.36 (KHTML, like Gecko) Mobile Safari/537.36 (compatible; PetalBot;+https://webmaster.petalsearch.com/site/petalbot)" 
197.239.4.42 - - [18/Aug/2022:19:54:23 -0700] "GET /bootstrap/img/favicon.ico HTTP/1.1" 200 713 "http://www.secrepo.com/" "Mozilla/5.0 (Windows NT 10.0; Win64; x64) AppleWebKit/537.36 (KHTML, like Gecko) Chrome/104.0.0.0 Safari/537.36" 
103.7.29.31 - - [18/Aug/2022:19:55:52 -0700] "GET / HTTP/1.1" 200 13186 "-" "Mozilla/5.0 (Windows NT 10.0; Win64; x64) AppleWebKit/537.36 (KHTML, like Gecko) Chrome/104.0.5112.81 Safari/537.36 Edg/104.0.1293.54" 
103.7.29.31 - - [18/Aug/2022:19:55:52 -0700] "GET /css/style.css HTTP/1.1" 404 328 "http://www.secrepo.com/" "Mozilla/5.0 (Windows NT 10.0; Win64; x64) AppleWebKit/537.36 (KHTML, like Gecko) Chrome/104.0.5112.81 Safari/537.36 Edg/104.0.1293.54" 
103.7.29.31 - - [18/Aug/2022:19:55:52 -0700] "GET /twitter-icon.png HTTP/1.1" 200 27916 "http://www.secrepo.com/" "Mozilla/5.0 (Windows NT 10.0; Win64; x64) AppleWebKit/537.36 (KHTML, like Gecko) Chrome/104.0.5112.81 Safari/537.36 Edg/104.0.1293.54" 
103.7.29.31 - - [18/Aug/2022:19:55:52 -0700] "GET /GitHub-Mark.png HTTP/1.1" 200 7556 "http://www.secrepo.com/" "Mozilla/5.0 (Windows NT 10.0; Win64; x64) AppleWebKit/537.36 (KHTML, like Gecko) Chrome/104.0.5112.81 Safari/537.36 Edg/104.0.1293.54" 
103.7.29.31 - - [18/Aug/2022:19:55:54 -0700] "GET /bootstrap/img/favicon.ico HTTP/1.1" 200 690 "http://www.secrepo.com/" "Mozilla/5.0 (Windows NT 10.0; Win64; x64) AppleWebKit/537.36 (KHTML, like Gecko) Chrome/104.0.5112.81 Safari/537.36 Edg/104.0.1293.54" 
114.119.149.222 - - [18/Aug/2022:19:59:50 -0700] "GET /Datasets%20Description/HTML_Bro_log_2/weird.html HTTP/1.1" 200 1935 "http://www.secrepo.com/Datasets%20Description/HTML_Bro_log_2/?C=N%3BO%3DD" "Mozilla/5.0 (Linux; Android 7.0;) AppleWebKit/537.36 (KHTML, like Gecko) Mobile Safari/537.36 (compatible; PetalBot;+https://webmaster.petalsearch.com/site/petalbot)" 
34.206.152.150 - - [18/Aug/2022:20:02:54 -0700] "HEAD / HTTP/1.1" 301 186 "-" "DreamHost SiteMonitor 1.0" 
34.206.152.150 - - [18/Aug/2022:20:02:54 -0700] "HEAD / HTTP/1.1" 200 359 "http://66.33.221.139" "DreamHost SiteMonitor 1.0" 
51.222.253.15 - - [18/Aug/2022:20:05:33 -0700] "GET /Datasets%20Description/HTML_Bro_log_3/?C=M;O=A HTTP/1.1" 200 779 "-" "Mozilla/5.0 (compatible; AhrefsBot/7.0; +http://ahrefs.com/robot/)" 
34.206.152.150 - - [18/Aug/2022:20:12:54 -0700] "HEAD / HTTP/1.1" 301 186 "-" "DreamHost SiteMonitor 1.0" 
34.206.152.150 - - [18/Aug/2022:20:12:54 -0700] "HEAD / HTTP/1.1" 200 359 "http://66.33.221.139" "DreamHost SiteMonitor 1.0" 
92.220.10.100 - - [18/Aug/2022:20:17:22 -0700] "GET /robots.txt HTTP/1.1" 200 377 "-" "Mozilla/5.0 (compatible; MJ12bot/v1.4.8; http://mj12bot.com/)" 
92.220.10.100 - - [18/Aug/2022:20:17:23 -0700] "GET /self.logs/error.log.2021-01-09 HTTP/1.1" 200 273 "-" "Mozilla/5.0 (compatible; MJ12bot/v1.4.8; http://mj12bot.com/)" 
157.55.39.88 - - [18/Aug/2022:20:20:05 -0700] "GET /self.logs/ HTTP/1.1" 200 37937 "-" "Mozilla/5.0 (compatible; bingbot/2.0; +http://www.bing.com/bingbot.htm)" 
34.206.152.150 - - [18/Aug/2022:20:22:54 -0700] "HEAD / HTTP/1.1" 301 186 "-" "DreamHost SiteMonitor 1.0" 
34.206.152.150 - - [18/Aug/2022:20:22:54 -0700] "HEAD / HTTP/1.1" 200 359 "http://66.33.221.139" "DreamHost SiteMonitor 1.0" 
219.221.98.196 - - [18/Aug/2022:20:32:16 -0700] "GET /favicon.ico HTTP/1.1" 200 391 "-" "Mozilla/5.0 (Windows NT 10.0; WOW64) AppleWebKit/537.36 (KHTML, like Gecko) Chrome/65.0.3314.0 Safari/537.36 SE 2.X MetaSr 1.0" 
34.206.152.150 - - [18/Aug/2022:20:32:54 -0700] "HEAD / HTTP/1.1" 301 186 "-" "DreamHost SiteMonitor 1.0" 
34.206.152.150 - - [18/Aug/2022:20:32:54 -0700] "HEAD / HTTP/1.1" 200 359 "http://66.33.221.139" "DreamHost SiteMonitor 1.0" 
114.119.149.218 - - [18/Aug/2022:20:34:29 -0700] "GET /self.logs/error.log.2020-03-23 HTTP/1.1" 200 351 "http://www.secrepo.com/self.logs?C=N%3BO%3DD" "Mozilla/5.0 (Linux; Android 7.0;) AppleWebKit/537.36 (KHTML, like Gecko) Mobile Safari/537.36 (compatible; PetalBot;+https://webmaster.petalsearch.com/site/petalbot)" 
119.119.43.251 - - [18/Aug/2022:20:35:30 -0700] "GET /honeypot/honeypot.json.zip HTTP/1.1" 200 78408 "-" "Mozilla/5.0 (Windows NT 10.0; Win64; x64) AppleWebKit/537.36 (KHTML, like Gecko) Chrome/104.0.0.0 Safari/537.36" 
119.119.43.251 - - [18/Aug/2022:20:35:37 -0700] "GET /honeypot/honeypot.json.zip HTTP/1.1" 206 1977586 "-" "Mozilla/5.0 (Windows NT 10.0; Win64; x64) AppleWebKit/537.36 (KHTML, like Gecko) Chrome/67.0.3396.99 Safari/537.36" 
119.119.43.251 - - [18/Aug/2022:20:35:37 -0700] "GET /honeypot/honeypot.json.zip HTTP/1.1" 206 1172421 "-" "Mozilla/5.0 (Windows NT 10.0; Win64; x64) AppleWebKit/537.36 (KHTML, like Gecko) Chrome/67.0.3396.99 Safari/537.36" 
119.119.43.251 - - [18/Aug/2022:20:35:37 -0700] "GET /honeypot/honeypot.json.zip HTTP/1.1" 206 2637083 "-" "Mozilla/5.0 (Windows NT 10.0; Win64; x64) AppleWebKit/537.36 (KHTML, like Gecko) Chrome/67.0.3396.99 Safari/537.36" 
119.119.43.251 - - [18/Aug/2022:20:35:37 -0700] "GET /honeypot/honeypot.json.zip HTTP/1.1" 206 2760456 "-" "Mozilla/5.0 (Windows NT 10.0; Win64; x64) AppleWebKit/537.36 (KHTML, like Gecko) Chrome/67.0.3396.99 Safari/537.36" 
119.119.43.251 - - [18/Aug/2022:20:35:36 -0700] "GET /honeypot/honeypot.json.zip HTTP/1.1" 200 23086087 "-" "Mozilla/5.0 (Windows NT 10.0; Win64; x64) AppleWebKit/537.36 (KHTML, like Gecko) Chrome/67.0.3396.99 Safari/537.36" 
40.77.167.70 - - [18/Aug/2022:20:38:56 -0700] "GET /Datasets%20Description/HTML_Bro_log_2/ HTTP/1.1" 200 832 "-" "Mozilla/5.0 (compatible; bingbot/2.0; +http://www.bing.com/bingbot.htm)" 
34.206.152.150 - - [18/Aug/2022:20:42:54 -0700] "HEAD / HTTP/1.1" 301 186 "-" "DreamHost SiteMonitor 1.0" 
34.206.152.150 - - [18/Aug/2022:20:42:54 -0700] "HEAD / HTTP/1.1" 200 359 "http://66.33.221.139" "DreamHost SiteMonitor 1.0" 
51.222.253.3 - - [18/Aug/2022:20:43:07 -0700] "GET / HTTP/1.1" 301 419 "-" "Mozilla/5.0 (compatible; AhrefsBot/7.0; +http://ahrefs.com/robot/)" 
114.119.140.174 - - [18/Aug/2022:20:46:55 -0700] "GET /self.logs/error.log.2020-11-22 HTTP/1.1" 200 351 "http://www.secrepo.com/self.logs?C=N%3BO%3DD" "Mozilla/5.0 (Linux; Android 7.0;) AppleWebKit/537.36 (KHTML, like Gecko) Mobile Safari/537.36 (compatible; PetalBot;+https://webmaster.petalsearch.com/site/petalbot)" 
85.208.98.53 - - [18/Aug/2022:20:51:37 -0700] "GET /robots.txt HTTP/1.1" 200 377 "-" "Apache-HttpClient/4.5.3 (Java/11.0.11)" 
157.55.39.88 - - [18/Aug/2022:20:51:40 -0700] "GET /self.logs/ HTTP/1.1" 200 37937 "-" "Mozilla/5.0 (compatible; bingbot/2.0; +http://www.bing.com/bingbot.htm)" 
34.206.152.150 - - [18/Aug/2022:20:52:54 -0700] "HEAD / HTTP/1.1" 301 186 "-" "DreamHost SiteMonitor 1.0" 
34.206.152.150 - - [18/Aug/2022:20:52:54 -0700] "HEAD / HTTP/1.1" 200 359 "http://66.33.221.139" "DreamHost SiteMonitor 1.0" 
75.17.224.35 - - [18/Aug/2022:20:55:12 -0700] "GET / HTTP/1.1" 200 13183 "-" "Mozilla/5.0 (Windows NT 10.0; Win64; x64) AppleWebKit/537.36 (KHTML, like Gecko) Chrome/104.0.5112.81 Safari/537.36 Edg/104.0.1293.54" 
75.17.224.35 - - [18/Aug/2022:20:55:12 -0700] "GET /css/style.css HTTP/1.1" 404 305 "http://www.secrepo.com/" "Mozilla/5.0 (Windows NT 10.0; Win64; x64) AppleWebKit/537.36 (KHTML, like Gecko) Chrome/104.0.5112.81 Safari/537.36 Edg/104.0.1293.54" 
75.17.224.35 - - [18/Aug/2022:20:55:12 -0700] "GET /twitter-icon.png HTTP/1.1" 200 27916 "http://www.secrepo.com/" "Mozilla/5.0 (Windows NT 10.0; Win64; x64) AppleWebKit/537.36 (KHTML, like Gecko) Chrome/104.0.5112.81 Safari/537.36 Edg/104.0.1293.54" 
75.17.224.35 - - [18/Aug/2022:20:55:12 -0700] "GET /GitHub-Mark.png HTTP/1.1" 200 7533 "http://www.secrepo.com/" "Mozilla/5.0 (Windows NT 10.0; Win64; x64) AppleWebKit/537.36 (KHTML, like Gecko) Chrome/104.0.5112.81 Safari/537.36 Edg/104.0.1293.54" 
75.17.224.35 - - [18/Aug/2022:20:55:13 -0700] "GET /bootstrap/img/favicon.ico HTTP/1.1" 200 690 "http://www.secrepo.com/" "Mozilla/5.0 (Windows NT 10.0; Win64; x64) AppleWebKit/537.36 (KHTML, like Gecko) Chrome/104.0.5112.81 Safari/537.36 Edg/104.0.1293.54" 
75.17.224.35 - - [18/Aug/2022:20:59:24 -0700] "GET /css/style.css HTTP/1.1" 404 328 "http://www.secrepo.com/" "Mozilla/5.0 (Windows NT 10.0; Win64; x64) AppleWebKit/537.36 (KHTML, like Gecko) Chrome/104.0.5112.81 Safari/537.36 Edg/104.0.1293.54" 
34.206.152.150 - - [18/Aug/2022:21:02:54 -0700] "HEAD / HTTP/1.1" 301 186 "-" "DreamHost SiteMonitor 1.0" 
34.206.152.150 - - [18/Aug/2022:21:02:54 -0700] "HEAD / HTTP/1.1" 200 359 "http://66.33.221.139" "DreamHost SiteMonitor 1.0" 
27.150.191.124 - - [18/Aug/2022:21:06:51 -0700] "GET / HTTP/1.1" 200 13185 "-" "Mozilla/5.0 (Windows NT 10.0; Win64; x64) AppleWebKit/537.36 (KHTML, like Gecko) Chrome/76.0.3809.25 Safari/537.36" 
114.119.149.23 - - [18/Aug/2022:21:07:03 -0700] "GET /self.logs/access.log.2020-12-29.gz HTTP/1.1" 200 32563 "-" "Mozilla/5.0 (compatible;PetalBot;+https://webmaster.petalsearch.com/site/petalbot)" 
27.150.191.124 - - [18/Aug/2022:21:07:52 -0700] "GET /ajax.googleapis.com/ajax/libs/jquery/2.0.2/jquery.min.js HTTP/1.1" 404 328 "-" "Mozilla/5.0 (Windows NT 10.0; Win64; x64) AppleWebKit/537.36 (KHTML, like Gecko) Chrome/76.0.3809.25 Safari/537.36" 
27.150.191.124 - - [18/Aug/2022:21:07:53 -0700] "GET /netdna.bootstrapcdn.com/bootstrap/3.1.1/js/bootstrap.min.js HTTP/1.1" 404 0 "-" "Mozilla/5.0 (Windows NT 10.0; Win64; x64) AppleWebKit/537.36 (KHTML, like Gecko) Chrome/76.0.3809.25 Safari/537.36" 
27.150.191.124 - - [18/Aug/2022:21:07:53 -0700] "GET /netdna.bootstrapcdn.com/bootstrap/3.1.1/js/bootstrap.min.js HTTP/1.1" 404 0 "-" "Mozilla/5.0 (Windows NT 10.0; Win64; x64) AppleWebKit/537.36 (KHTML, like Gecko) Chrome/76.0.3809.25 Safari/537.36" 
27.150.191.124 - - [18/Aug/2022:21:07:58 -0700] "GET /www.google-analytics.com/analytics.js HTTP/1.1" 404 328 "-" "Mozilla/5.0 (Windows NT 10.0; Win64; x64) AppleWebKit/537.36 (KHTML, like Gecko) Chrome/76.0.3809.25 Safari/537.36" 
27.150.191.124 - - [18/Aug/2022:21:07:58 -0700] "GET /quantserve.com/quant.js HTTP/1.1" 404 305 "-" "Mozilla/5.0 (Windows NT 10.0; Win64; x64) AppleWebKit/537.36 (KHTML, like Gecko) Chrome/76.0.3809.25 Safari/537.36" 
20.205.2.160 - - [18/Aug/2022:21:09:50 -0700] "GET /e/data/js/ajax.js HTTP/1.1" 404 328 "-" "Mozilla/5.0 (Windows NT 10.0; WOW64; rv:48.0) Gecko/20100101 Firefox/48.0" 
114.119.140.174 - - [18/Aug/2022:21:12:52 -0700] "GET /self.logs/access.log.2017-01-28.gz HTTP/1.1" 200 17589 "-" "Mozilla/5.0 (compatible;PetalBot;+https://webmaster.petalsearch.com/site/petalbot)" 
34.206.152.150 - - [18/Aug/2022:21:12:54 -0700] "HEAD / HTTP/1.1" 301 186 "-" "DreamHost SiteMonitor 1.0" 
34.206.152.150 - - [18/Aug/2022:21:12:54 -0700] "HEAD / HTTP/1.1" 200 359 "http://66.33.221.139" "DreamHost SiteMonitor 1.0" 
66.249.64.149 - - [18/Aug/2022:21:14:59 -0700] "GET / HTTP/1.1" 200 13185 "-" "Mozilla/5.0 (compatible; Googlebot/2.1; +http://www.google.com/bot.html)" 
114.119.149.222 - - [18/Aug/2022:21:18:41 -0700] "GET /self.logs/access.log.2020-03-02.gz HTTP/1.1" 200 14358 "-" "Mozilla/5.0 (compatible;PetalBot;+https://webmaster.petalsearch.com/site/petalbot)" 
51.222.253.18 - - [18/Aug/2022:21:19:30 -0700] "GET /Datasets%20Description/Network/?C=N;O=A HTTP/1.1" 200 725 "-" "Mozilla/5.0 (compatible; AhrefsBot/7.0; +http://ahrefs.com/robot/)" 
157.55.39.88 - - [18/Aug/2022:21:22:04 -0700] "GET /self.logs/ HTTP/1.1" 200 37937 "-" "Mozilla/5.0 (compatible; bingbot/2.0; +http://www.bing.com/bingbot.htm)" 
34.206.152.150 - - [18/Aug/2022:21:22:54 -0700] "HEAD / HTTP/1.1" 301 186 "-" "DreamHost SiteMonitor 1.0" 
34.206.152.150 - - [18/Aug/2022:21:22:54 -0700] "HEAD / HTTP/1.1" 200 359 "http://66.33.221.139" "DreamHost SiteMonitor 1.0" 
40.77.167.70 - - [18/Aug/2022:21:29:52 -0700] "GET /self.logs/access.log.2017-01-13.gz HTTP/1.1" 304 280 "-" "Mozilla/5.0 (compatible; bingbot/2.0; +http://www.bing.com/bingbot.htm)" 
111.198.225.82 - - [18/Aug/2022:21:30:09 -0700] "GET / HTTP/1.1" 200 13185 "-" "Mozilla/5.0 (Macintosh; Intel Mac OS X 10_15_7) AppleWebKit/605.1.15 (KHTML, like Gecko)" 
111.198.225.82 - - [18/Aug/2022:21:30:11 -0700] "GET /apple-touch-icon-precomposed.png HTTP/1.1" 404 328 "-" "Safari%E6%B5%8F%E8%A7%88%E5%99%A8/16613.1.17.1.13 CFNetwork/1240.0.4 Darwin/20.6.0" 
111.198.225.82 - - [18/Aug/2022:21:30:11 -0700] "GET /apple-touch-icon.png HTTP/1.1" 404 305 "-" "Safari%E6%B5%8F%E8%A7%88%E5%99%A8/16613.1.17.1.13 CFNetwork/1240.0.4 Darwin/20.6.0" 
111.198.225.82 - - [18/Aug/2022:21:30:12 -0700] "GET /bootstrap/img/favicon.ico HTTP/1.1" 304 253 "-" "Safari%E6%B5%8F%E8%A7%88%E5%99%A8/16613.1.17.1.13 CFNetwork/1240.0.4 Darwin/20.6.0" 
111.198.225.82 - - [18/Aug/2022:21:30:12 -0700] "GET / HTTP/1.1" 200 13162 "-" "Mozilla/5.0 (iPhone; CPU iPhone OS 14_0 like Mac OS X) AppleWebKit/605.1.15 (KHTML, like Gecko) Version/14.0 Mobile/15E148 Safari/604.1" 
111.198.225.82 - - [18/Aug/2022:21:30:12 -0700] "GET /apple-touch-icon-precomposed.png HTTP/1.1" 404 305 "-" "Safari%E6%B5%8F%E8%A7%88%E5%99%A8/16613.1.17.1.13 CFNetwork/1240.0.4 Darwin/20.6.0" 
111.198.225.82 - - [18/Aug/2022:21:30:13 -0700] "GET /apple-touch-icon.png HTTP/1.1" 404 305 "-" "Safari%E6%B5%8F%E8%A7%88%E5%99%A8/16613.1.17.1.13 CFNetwork/1240.0.4 Darwin/20.6.0" 
113.24.224.153 - - [18/Aug/2022:21:30:22 -0700] "GET / HTTP/1.1" 200 13185 "http://www.baidu.com/s?wd=variouszmk" "Mozilla/5.0 (Windows NT 6.1; WOW64; rv:43.0) Gecko/20100101 Firefox/43.0" 
113.24.224.114 - - [18/Aug/2022:21:30:23 -0700] "GET /css/style.css HTTP/1.1" 404 328 "http://www.secrepo.com/" "Mozilla/5.0 (Windows NT 6.1; WOW64; rv:43.0) Gecko/20100101 Firefox/43.0" 
34.206.152.150 - - [18/Aug/2022:21:32:54 -0700] "HEAD / HTTP/1.1" 301 186 "-" "DreamHost SiteMonitor 1.0" 
34.206.152.150 - - [18/Aug/2022:21:32:54 -0700] "HEAD / HTTP/1.1" 200 359 "http://66.33.221.139" "DreamHost SiteMonitor 1.0" 
82.167.21.213 - - [18/Aug/2022:21:34:57 -0700] "GET / HTTP/1.1" 200 13185 "-" "Mozilla/5.0 (Linux; Android 12; SM-N986B) AppleWebKit/537.36 (KHTML, like Gecko) Chrome/104.0.0.0 Mobile Safari/537.36" 
82.167.21.213 - - [18/Aug/2022:21:34:57 -0700] "GET /css/style.css HTTP/1.1" 404 305 "http://www.secrepo.com/" "Mozilla/5.0 (Linux; Android 12; SM-N986B) AppleWebKit/537.36 (KHTML, like Gecko) Chrome/104.0.0.0 Mobile Safari/537.36" 
82.167.21.213 - - [18/Aug/2022:21:34:58 -0700] "GET /twitter-icon.png HTTP/1.1" 200 27916 "http://www.secrepo.com/" "Mozilla/5.0 (Linux; Android 12; SM-N986B) AppleWebKit/537.36 (KHTML, like Gecko) Chrome/104.0.0.0 Mobile Safari/537.36" 
82.167.21.213 - - [18/Aug/2022:21:34:58 -0700] "GET /GitHub-Mark.png HTTP/1.1" 200 7533 "http://www.secrepo.com/" "Mozilla/5.0 (Linux; Android 12; SM-N986B) AppleWebKit/537.36 (KHTML, like Gecko) Chrome/104.0.0.0 Mobile Safari/537.36" 
82.167.21.213 - - [18/Aug/2022:21:35:01 -0700] "GET /bootstrap/img/favicon.ico HTTP/1.1" 200 690 "http://www.secrepo.com/" "Mozilla/5.0 (Linux; Android 12; SM-N986B) AppleWebKit/537.36 (KHTML, like Gecko) Chrome/104.0.0.0 Mobile Safari/537.36" 
114.119.149.23 - - [18/Aug/2022:21:36:06 -0700] "GET /self.logs/error.log.2020-01-31 HTTP/1.1" 200 351 "http://www.secrepo.com/self.logs?C=N%3BO%3DD" "Mozilla/5.0 (Linux; Android 7.0;) AppleWebKit/537.36 (KHTML, like Gecko) Mobile Safari/537.36 (compatible; PetalBot;+https://webmaster.petalsearch.com/site/petalbot)" 
1.157.52.197 - - [18/Aug/2022:21:40:57 -0700] "GET / HTTP/1.1" 200 13185 "-" "Mozilla/5.0 (Windows NT 10.0; Win64; x64) AppleWebKit/537.36 (KHTML, like Gecko) Chrome/104.0.0.0 Safari/537.36" 
1.157.52.197 - - [18/Aug/2022:21:40:57 -0700] "GET /css/style.css HTTP/1.1" 404 305 "http://www.secrepo.com/" "Mozilla/5.0 (Windows NT 10.0; Win64; x64) AppleWebKit/537.36 (KHTML, like Gecko) Chrome/104.0.0.0 Safari/537.36" 
1.157.52.197 - - [18/Aug/2022:21:40:57 -0700] "GET /twitter-icon.png HTTP/1.1" 200 27916 "http://www.secrepo.com/" "Mozilla/5.0 (Windows NT 10.0; Win64; x64) AppleWebKit/537.36 (KHTML, like Gecko) Chrome/104.0.0.0 Safari/537.36" 
1.157.52.197 - - [18/Aug/2022:21:40:57 -0700] "GET /GitHub-Mark.png HTTP/1.1" 200 7533 "http://www.secrepo.com/" "Mozilla/5.0 (Windows NT 10.0; Win64; x64) AppleWebKit/537.36 (KHTML, like Gecko) Chrome/104.0.0.0 Safari/537.36" 
1.157.52.197 - - [18/Aug/2022:21:40:58 -0700] "GET /bootstrap/img/favicon.ico HTTP/1.1" 200 690 "http://www.secrepo.com/" "Mozilla/5.0 (Windows NT 10.0; Win64; x64) AppleWebKit/537.36 (KHTML, like Gecko) Chrome/104.0.0.0 Safari/537.36" 
34.206.152.150 - - [18/Aug/2022:21:42:54 -0700] "HEAD / HTTP/1.1" 301 186 "-" "DreamHost SiteMonitor 1.0" 
34.206.152.150 - - [18/Aug/2022:21:42:54 -0700] "HEAD / HTTP/1.1" 200 359 "http://66.33.221.139" "DreamHost SiteMonitor 1.0" 
27.150.191.126 - - [18/Aug/2022:21:45:39 -0700] "GET /self.logs/ HTTP/1.1" 200 37937 "-" "Mozilla/5.0 (Windows NT 10.0; Win64; x64) AppleWebKit/537.36 (KHTML, like Gecko) Chrome/76.0.3809.25 Safari/537.36" 
27.150.191.126 - - [18/Aug/2022:21:45:42 -0700] "GET /maccdc2012/tunnel.log.gz HTTP/1.1" 200 5282 "-" "Mozilla/5.0 (Windows NT 10.0; Win64; x64) AppleWebKit/537.36 (KHTML, like Gecko) Chrome/76.0.3809.25 Safari/537.36" 
27.150.191.126 - - [18/Aug/2022:21:45:42 -0700] "GET /maccdc2012/smtp.log.gz HTTP/1.1" 200 6956 "-" "Mozilla/5.0 (Windows NT 10.0; Win64; x64) AppleWebKit/537.36 (KHTML, like Gecko) Chrome/76.0.3809.25 Safari/537.36" 
27.150.191.126 - - [18/Aug/2022:21:45:42 -0700] "GET /maccdc2012/signatures.log.gz HTTP/1.1" 200 645 "-" "Mozilla/5.0 (Windows NT 10.0; Win64; x64) AppleWebKit/537.36 (KHTML, like Gecko) Chrome/76.0.3809.25 Safari/537.36" 
27.150.191.126 - - [18/Aug/2022:21:45:42 -0700] "GET /maccdc2012/notice.log.gz HTTP/1.1" 200 20774 "-" "Mozilla/5.0 (Windows NT 10.0; Win64; x64) AppleWebKit/537.36 (KHTML, like Gecko) Chrome/76.0.3809.25 Safari/537.36" 
51.83.111.190 - - [18/Aug/2022:21:45:44 -0700] "GET /honeypot/BSidesDFW%20-%202014.ipynb HTTP/1.1" 301 481 "-" "Tornado-Async-Client" 
27.150.191.126 - - [18/Aug/2022:21:45:42 -0700] "GET /maccdc2012/ssh.log.gz HTTP/1.1" 200 182567 "-" "Mozilla/5.0 (Windows NT 10.0; Win64; x64) AppleWebKit/537.36 (KHTML, like Gecko) Chrome/76.0.3809.25 Safari/537.36" 
27.150.191.126 - - [18/Aug/2022:21:45:41 -0700] "GET /honeypot/BSidesDFW%20-%202014.ipynb HTTP/1.1" 200 930921 "-" "Mozilla/5.0 (Windows NT 10.0; Win64; x64) AppleWebKit/537.36 (KHTML, like Gecko) Chrome/76.0.3809.25 Safari/537.36" 
27.150.191.126 - - [18/Aug/2022:21:45:45 -0700] "GET /maccdc2012/dhcp.log.gz HTTP/1.1" 200 44977 "-" "Mozilla/5.0 (Windows NT 10.0; Win64; x64) AppleWebKit/537.36 (KHTML, like Gecko) Chrome/76.0.3809.25 Safari/537.36" 
27.150.191.126 - - [18/Aug/2022:21:45:43 -0700] "GET /maccdc2012/ftp.log.gz HTTP/1.1" 200 127738 "-" "Mozilla/5.0 (Windows NT 10.0; Win64; x64) AppleWebKit/537.36 (KHTML, like Gecko) Chrome/76.0.3809.25 Safari/537.36" 
27.150.191.126 - - [18/Aug/2022:21:45:42 -0700] "GET /auth.log/auth.log.gz HTTP/1.1" 200 615679 "-" "Mozilla/5.0 (Windows NT 10.0; Win64; x64) AppleWebKit/537.36 (KHTML, like Gecko) Chrome/76.0.3809.25 Safari/537.36" 
27.150.191.126 - - [18/Aug/2022:21:45:51 -0700] "GET /honeypot/honeypot.js HTTP/1.1" 404 305 "-" "Mozilla/5.0 (Windows NT 10.0; Win64; x64) AppleWebKit/537.36 (KHTML, like Gecko) Chrome/76.0.3809.25 Safari/537.36" 
27.150.191.126 - - [18/Aug/2022:21:45:42 -0700] "GET /maccdc2012/ssl.log.gz HTTP/1.1" 200 1311486 "-" "Mozilla/5.0 (Windows NT 10.0; Win64; x64) AppleWebKit/537.36 (KHTML, like Gecko) Chrome/76.0.3809.25 Safari/537.36" 
51.77.205.250 - - [18/Aug/2022:21:45:59 -0700] "GET /honeypot/js-agent.newrelic.com/nr-1216.min.js HTTP/1.1" 301 509 "-" "Tornado-Async-Client" 
51.77.205.250 - - [18/Aug/2022:21:45:59 -0700] "GET /honeypot/js-agent.newrelic.com/nr-1216.min.js HTTP/1.1" 404 284 "-" "Tornado-Async-Client" 
51.83.111.190 - - [18/Aug/2022:21:46:00 -0700] "GET /honeypot/jquery.min.js HTTP/1.1" 301 463 "-" "Tornado-Async-Client" 
51.83.111.190 - - [18/Aug/2022:21:46:01 -0700] "GET /honeypot/jquery.min.js HTTP/1.1" 404 284 "-" "Tornado-Async-Client" 
27.150.191.126 - - [18/Aug/2022:21:46:01 -0700] "GET /self.logs HTTP/1.1" 301 563 "-" "Mozilla/5.0 (Windows NT 10.0; Win64; x64) AppleWebKit/537.36 (KHTML, like Gecko) Chrome/76.0.3809.25 Safari/537.36" 
27.150.191.126 - - [18/Aug/2022:21:46:02 -0700] "GET /self.logs/ HTTP/1.1" 200 37914 "-" "Mozilla/5.0 (Windows NT 10.0; Win64; x64) AppleWebKit/537.36 (KHTML, like Gecko) Chrome/76.0.3809.25 Safari/537.36" 
51.83.111.190 - - [18/Aug/2022:21:46:02 -0700] "GET /honeypot/moment.min.js HTTP/1.1" 301 463 "-" "Tornado-Async-Client" 
51.83.111.190 - - [18/Aug/2022:21:46:02 -0700] "GET /honeypot/moment.min.js HTTP/1.1" 404 284 "-" "Tornado-Async-Client" 
51.83.111.190 - - [18/Aug/2022:21:46:04 -0700] "GET /honeypot/bootstrap.min.js HTTP/1.1" 301 469 "-" "Tornado-Async-Client" 
51.83.111.190 - - [18/Aug/2022:21:46:04 -0700] "GET /honeypot/bootstrap.min.js HTTP/1.1" 404 250 "-" "Tornado-Async-Client" 
51.77.205.250 - - [18/Aug/2022:21:46:05 -0700] "GET /honeypot/headroom.js/dist/headroom.min.js HTTP/1.1" 301 501 "-" "Tornado-Async-Client" 
51.77.205.250 - - [18/Aug/2022:21:46:05 -0700] "GET /honeypot/headroom.js/dist/headroom.min.js HTTP/1.1" 404 284 "-" "Tornado-Async-Client" 
51.77.205.250 - - [18/Aug/2022:21:46:07 -0700] "GET /honeypot/headroom.js/dist/jQuery.headroom.min.js HTTP/1.1" 301 515 "-" "Tornado-Async-Client" 
51.77.205.250 - - [18/Aug/2022:21:46:07 -0700] "GET /honeypot/headroom.js/dist/jQuery.headroom.min.js HTTP/1.1" 404 250 "-" "Tornado-Async-Client" 
27.150.191.126 - - [18/Aug/2022:21:45:38 -0700] "GET /squid/access.log.gz HTTP/1.1" 200 2111160 "-" "Mozilla/5.0 (Windows NT 10.0; Win64; x64) AppleWebKit/537.36 (KHTML, like Gecko) Chrome/76.0.3809.25 Safari/537.36" 
27.150.191.126 - - [18/Aug/2022:21:45:39 -0700] "GET /tg/tg_snort_full.7z HTTP/1.1" 200 2863060 "-" "Mozilla/5.0 (Windows NT 10.0; Win64; x64) AppleWebKit/537.36 (KHTML, like Gecko) Chrome/76.0.3809.25 Safari/537.36" 
27.150.191.126 - - [18/Aug/2022:21:45:40 -0700] "GET /tg/tg_snort_fast.7z HTTP/1.1" 200 1706740 "-" "Mozilla/5.0 (Windows NT 10.0; Win64; x64) AppleWebKit/537.36 (KHTML, like Gecko) Chrome/76.0.3809.25 Safari/537.36" 
27.150.191.126 - - [18/Aug/2022:21:45:41 -0700] "GET /maccdc2012/weird.log.gz HTTP/1.1" 200 1078940 "-" "Mozilla/5.0 (Windows NT 10.0; Win64; x64) AppleWebKit/537.36 (KHTML, like Gecko) Chrome/76.0.3809.25 Safari/537.36" 
27.150.191.126 - - [18/Aug/2022:21:45:41 -0700] "GET /maccdc2012/maccdc2012_fast_alert.7z HTTP/1.1" 200 1201580 "-" "Mozilla/5.0 (Windows NT 10.0; Win64; x64) AppleWebKit/537.36 (KHTML, like Gecko) Chrome/76.0.3809.25 Safari/537.36" 
27.150.191.126 - - [18/Aug/2022:21:45:43 -0700] "GET /maccdc2012/http.log.gz HTTP/1.1" 200 832200 "-" "Mozilla/5.0 (Windows NT 10.0; Win64; x64) AppleWebKit/537.36 (KHTML, like Gecko) Chrome/76.0.3809.25 Safari/537.36" 
27.150.191.126 - - [18/Aug/2022:21:45:43 -0700] "GET /maccdc2012/files.log.gz HTTP/1.1" 200 1296480 "-" "Mozilla/5.0 (Windows NT 10.0; Win64; x64) AppleWebKit/537.36 (KHTML, like Gecko) Chrome/76.0.3809.25 Safari/537.36" 
27.150.191.126 - - [18/Aug/2022:21:45:45 -0700] "GET /maccdc2012/dns.log.gz HTTP/1.1" 200 1422040 "-" "Mozilla/5.0 (Windows NT 10.0; Win64; x64) AppleWebKit/537.36 (KHTML, like Gecko) Chrome/76.0.3809.25 Safari/537.36" 
27.150.191.126 - - [18/Aug/2022:21:45:45 -0700] "GET /maccdc2012/conn.log.gz HTTP/1.1" 200 730000 "-" "Mozilla/5.0 (Windows NT 10.0; Win64; x64) AppleWebKit/537.36 (KHTML, like Gecko) Chrome/76.0.3809.25 Safari/537.36" 
114.119.149.237 - - [18/Aug/2022:21:47:47 -0700] "GET /self.logs/access.log.2017-07-24.gz HTTP/1.1" 200 35804 "-" "Mozilla/5.0 (compatible;PetalBot;+https://webmaster.petalsearch.com/site/petalbot)" 
