114.119.140.84 - - [10/Jul/2021:07:50:55 -0700] "GET /self.logs/error.log.2020-03-17.gz HTTP/1.1" 200 1537 "-" "Mozilla/5.0 (Linux; Android 7.0;) AppleWebKit/537.36 (KHTML, like Gecko) Mobile Safari/537.36 (compatible; PetalBot;+https://webmaster.petalsearch.com/site/petalbot)" 
106.38.241.160 - - [10/Jul/2021:07:51:54 -0700] "GET / HTTP/1.1" 200 12847 "-" "Sogou web spider/4.0(+http://www.sogou.com/docs/help/webmasters.htm#07)" 
106.38.241.178 - - [10/Jul/2021:07:52:42 -0700] "GET / HTTP/1.1" 200 12847 "-" "Sogou web spider/4.0(+http://www.sogou.com/docs/help/webmasters.htm#07)" 
188.252.196.106 - - [10/Jul/2021:07:53:44 -0700] "GET / HTTP/1.1" 200 12884 "-" "Mozilla/5.0 (Windows NT 10.0; Win64; x64) AppleWebKit/537.36 (KHTML, like Gecko) Chrome/91.0.4472.124 Safari/537.36" 
188.252.196.106 - - [10/Jul/2021:07:53:44 -0700] "GET /css/style.css HTTP/1.1" 404 305 "http://www.secrepo.com/" "Mozilla/5.0 (Windows NT 10.0; Win64; x64) AppleWebKit/537.36 (KHTML, like Gecko) Chrome/91.0.4472.124 Safari/537.36" 
188.252.196.106 - - [10/Jul/2021:07:53:44 -0700] "GET /twitter-icon.png HTTP/1.1" 200 27893 "http://www.secrepo.com/" "Mozilla/5.0 (Windows NT 10.0; Win64; x64) AppleWebKit/537.36 (KHTML, like Gecko) Chrome/91.0.4472.124 Safari/537.36" 
188.252.196.106 - - [10/Jul/2021:07:53:44 -0700] "GET /GitHub-Mark.png HTTP/1.1" 200 7556 "http://www.secrepo.com/" "Mozilla/5.0 (Windows NT 10.0; Win64; x64) AppleWebKit/537.36 (KHTML, like Gecko) Chrome/91.0.4472.124 Safari/537.36" 
188.252.196.106 - - [10/Jul/2021:07:53:44 -0700] "GET /bootstrap/img/favicon.ico HTTP/1.1" 200 690 "http://www.secrepo.com/" "Mozilla/5.0 (Windows NT 10.0; Win64; x64) AppleWebKit/537.36 (KHTML, like Gecko) Chrome/91.0.4472.124 Safari/537.36" 
114.119.159.101 - - [10/Jul/2021:07:55:10 -0700] "GET /self.logs/access.log.2018-03-21.gz HTTP/1.1" 200 22205 "-" "Mozilla/5.0 (Linux; Android 7.0;) AppleWebKit/537.36 (KHTML, like Gecko) Mobile Safari/537.36 (compatible; PetalBot;+https://webmaster.petalsearch.com/site/petalbot)" 
49.7.20.102 - - [10/Jul/2021:07:59:15 -0700] "GET / HTTP/1.1" 200 12847 "-" "Sogou web spider/4.0(+http://www.sogou.com/docs/help/webmasters.htm#07)" 
40.77.167.19 - - [10/Jul/2021:08:00:22 -0700] "GET /auth.log/auth.log.gz HTTP/1.1" 304 281 "-" "Mozilla/5.0 (compatible; bingbot/2.0; +http://www.bing.com/bingbot.htm)" 
114.119.144.30 - - [10/Jul/2021:08:03:31 -0700] "GET /self.logs/error.log.2018-02-23.gz HTTP/1.1" 200 3980 "-" "Mozilla/5.0 (Linux; Android 7.0;) AppleWebKit/537.36 (KHTML, like Gecko) Mobile Safari/537.36 (compatible; PetalBot;+https://webmaster.petalsearch.com/site/petalbot)" 
106.38.241.178 - - [10/Jul/2021:08:04:50 -0700] "GET / HTTP/1.1" 200 12845 "-" "Sogou web spider/4.0(+http://www.sogou.com/docs/help/webmasters.htm#07)" 
49.7.20.108 - - [10/Jul/2021:08:08:13 -0700] "GET / HTTP/1.1" 200 12845 "-" "Sogou web spider/4.0(+http://www.sogou.com/docs/help/webmasters.htm#07)" 
114.119.130.95 - - [10/Jul/2021:08:08:28 -0700] "GET /self.logs/access.log.2021-01-07.gz HTTP/1.1" 200 18169 "-" "Mozilla/5.0 (Linux; Android 7.0;) AppleWebKit/537.36 (KHTML, like Gecko) Mobile Safari/537.36 (compatible; PetalBot;+https://webmaster.petalsearch.com/site/petalbot)" 
106.38.241.178 - - [10/Jul/2021:08:15:29 -0700] "GET / HTTP/1.1" 200 0 "-" "Sogou web spider/4.0(+http://www.sogou.com/docs/help/webmasters.htm#07)" 
216.244.66.245 - - [10/Jul/2021:08:20:59 -0700] "GET /robots.txt HTTP/1.1" 200 333 "-" "Mozilla/5.0 (compatible; DotBot/1.2; +https://opensiteexplorer.org/dotbot; help@moz.com)" 
114.119.157.43 - - [10/Jul/2021:08:21:55 -0700] "GET /auth.log/auth.log.gz HTTP/1.1" 200 615679 "-" "Mozilla/5.0 (Linux; Android 7.0;) AppleWebKit/537.36 (KHTML, like Gecko) Mobile Safari/537.36 (compatible; PetalBot;+https://webmaster.petalsearch.com/site/petalbot)" 
106.38.241.178 - - [10/Jul/2021:08:25:23 -0700] "GET / HTTP/1.1" 200 12847 "-" "Sogou web spider/4.0(+http://www.sogou.com/docs/help/webmasters.htm#07)" 
49.7.20.102 - - [10/Jul/2021:08:26:10 -0700] "GET / HTTP/1.1" 200 0 "-" "Sogou web spider/4.0(+http://www.sogou.com/docs/help/webmasters.htm#07)" 
35.165.131.42 - - [10/Jul/2021:08:26:41 -0700] "GET / HTTP/1.1" 301 419 "-" "Mozilla/5.0 (X11; Linux x86_64) AppleWebKit/537.36 (KHTML, like Gecko) Chrome/83.0.4103.97 Safari/537.36" 
35.165.131.42 - - [10/Jul/2021:08:26:46 -0700] "GET / HTTP/1.1" 200 12840 "-" "Mozilla/5.0 (X11; Linux x86_64) AppleWebKit/537.36 (KHTML, like Gecko) Chrome/83.0.4103.97 Safari/537.36" 
216.244.66.245 - - [10/Jul/2021:08:27:33 -0700] "GET /self.logs/error.log.2020-06-10 HTTP/1.1" 200 307 "-" "Mozilla/5.0 (compatible; DotBot/1.2; +https://opensiteexplorer.org/dotbot; help@moz.com)" 
95.53.92.229 - - [10/Jul/2021:08:28:18 -0700] "GET / HTTP/1.1" 200 48020 "" "Mozilla/4.0 (compatible; MSIE 6.0; Windows NT 5.1) Netscape/8.0.4" 
49.7.20.108 - - [10/Jul/2021:08:28:24 -0700] "GET / HTTP/1.1" 200 12847 "-" "Sogou web spider/4.0(+http://www.sogou.com/docs/help/webmasters.htm#07)" 
34.221.8.97 - - [10/Jul/2021:08:29:58 -0700] "GET /favicon.ico HTTP/1.1" 301 441 "-" "Mozilla/5.0 (X11; Linux x86_64) AppleWebKit/537.36 (KHTML, like Gecko) Chrome/83.0.4103.97 Safari/537.36" 
34.221.8.97 - - [10/Jul/2021:08:30:04 -0700] "GET / HTTP/1.1" 301 419 "-" "Mozilla/5.0 (X11; Linux x86_64) AppleWebKit/537.36 (KHTML, like Gecko) Chrome/83.0.4103.97 Safari/537.36" 
54.190.111.209 - - [10/Jul/2021:08:30:46 -0700] "GET /favicon.ico HTTP/1.1" 301 441 "-" "Mozilla/5.0 (X11; Linux x86_64) AppleWebKit/537.36 (KHTML, like Gecko) Chrome/83.0.4103.97 Safari/537.36" 
54.190.111.209 - - [10/Jul/2021:08:30:50 -0700] "GET / HTTP/1.1" 301 419 "-" "Mozilla/5.0 (X11; Linux x86_64) AppleWebKit/537.36 (KHTML, like Gecko) Chrome/83.0.4103.97 Safari/537.36" 
52.40.211.144 - - [10/Jul/2021:08:30:53 -0700] "HEAD / HTTP/1.1" 200 425 "-" "Mozilla/5.0 (Macintosh; Intel Mac OS X 10.13; rv:64.0) Gecko/20100101 Firefox/64.0" 
94.252.122.14 - - [10/Jul/2021:08:35:51 -0700] "GET / HTTP/1.1" 200 12883 "-" "Mozilla/5.0 (Macintosh; Intel Mac OS X 10_15_7) AppleWebKit/605.1.15 (KHTML, like Gecko) Version/14.1.1 Safari/605.1.15" 
94.252.122.14 - - [10/Jul/2021:08:35:51 -0700] "GET /css/style.css HTTP/1.1" 404 305 "http://www.secrepo.com/" "Mozilla/5.0 (Macintosh; Intel Mac OS X 10_15_7) AppleWebKit/605.1.15 (KHTML, like Gecko) Version/14.1.1 Safari/605.1.15" 
94.252.122.14 - - [10/Jul/2021:08:35:51 -0700] "GET /twitter-icon.png HTTP/1.1" 200 27916 "http://www.secrepo.com/" "Mozilla/5.0 (Macintosh; Intel Mac OS X 10_15_7) AppleWebKit/605.1.15 (KHTML, like Gecko) Version/14.1.1 Safari/605.1.15" 
94.252.122.14 - - [10/Jul/2021:08:35:51 -0700] "GET /GitHub-Mark.png HTTP/1.1" 200 7556 "http://www.secrepo.com/" "Mozilla/5.0 (Macintosh; Intel Mac OS X 10_15_7) AppleWebKit/605.1.15 (KHTML, like Gecko) Version/14.1.1 Safari/605.1.15" 
106.38.241.178 - - [10/Jul/2021:08:37:17 -0700] "GET / HTTP/1.1" 200 0 "-" "Sogou web spider/4.0(+http://www.sogou.com/docs/help/webmasters.htm#07)" 
114.119.141.53 - - [10/Jul/2021:08:41:03 -0700] "GET /self.logs/access.log.2017-08-08.gz HTTP/1.1" 200 24074 "-" "Mozilla/5.0 (Linux; Android 7.0;) AppleWebKit/537.36 (KHTML, like Gecko) Mobile Safari/537.36 (compatible; PetalBot;+https://webmaster.petalsearch.com/site/petalbot)" 
193.202.110.20 - - [10/Jul/2021:08:42:24 -0700] "GET / HTTP/1.0" 200 48027 "-" "Mozilla/5.0 (Linux; Android 6.0.1; Nexus 5X Build/MMB29P) AppleWebKit/537.36 (KHTML, like Gecko) Chrome/91.0.4472.90 Mobile Safari/537.36 (compatible; Googlebot/2.1; +http://www.google.com/bot.html)" 
106.38.241.160 - - [10/Jul/2021:08:42:32 -0700] "GET / HTTP/1.1" 200 12846 "-" "Sogou web spider/4.0(+http://www.sogou.com/docs/help/webmasters.htm#07)" 
114.119.159.40 - - [10/Jul/2021:08:49:08 -0700] "GET /self.logs/error.log.2020-09-08 HTTP/1.1" 200 351 "-" "Mozilla/5.0 (Linux; Android 7.0;) AppleWebKit/537.36 (KHTML, like Gecko) Mobile Safari/537.36 (compatible; PetalBot;+https://webmaster.petalsearch.com/site/petalbot)" 
106.38.241.178 - - [10/Jul/2021:08:49:53 -0700] "GET / HTTP/1.1" 200 12847 "-" "Sogou web spider/4.0(+http://www.sogou.com/docs/help/webmasters.htm#07)" 
49.7.20.108 - - [10/Jul/2021:08:49:54 -0700] "GET / HTTP/1.1" 200 0 "-" "Sogou web spider/4.0(+http://www.sogou.com/docs/help/webmasters.htm#07)" 
49.7.20.102 - - [10/Jul/2021:08:51:36 -0700] "GET / HTTP/1.1" 200 12847 "-" "Sogou web spider/4.0(+http://www.sogou.com/docs/help/webmasters.htm#07)" 
114.254.1.237 - - [10/Jul/2021:08:53:36 -0700] "GET / HTTP/1.1" 200 12884 "-" "Mozilla/5.0 (Windows NT 10.0; Win64; x64) AppleWebKit/537.36 (KHTML, like Gecko) Chrome/91.0.4472.124 Safari/537.36 Edg/91.0.864.67" 
114.254.1.237 - - [10/Jul/2021:08:53:36 -0700] "GET /GitHub-Mark.png HTTP/1.1" 200 7556 "http://www.secrepo.com/" "Mozilla/5.0 (Windows NT 10.0; Win64; x64) AppleWebKit/537.36 (KHTML, like Gecko) Chrome/91.0.4472.124 Safari/537.36 Edg/91.0.864.67" 
114.254.1.237 - - [10/Jul/2021:08:53:36 -0700] "GET /css/style.css HTTP/1.1" 404 305 "http://www.secrepo.com/" "Mozilla/5.0 (Windows NT 10.0; Win64; x64) AppleWebKit/537.36 (KHTML, like Gecko) Chrome/91.0.4472.124 Safari/537.36 Edg/91.0.864.67" 
114.254.1.237 - - [10/Jul/2021:08:53:36 -0700] "GET /twitter-icon.png HTTP/1.1" 200 27916 "http://www.secrepo.com/" "Mozilla/5.0 (Windows NT 10.0; Win64; x64) AppleWebKit/537.36 (KHTML, like Gecko) Chrome/91.0.4472.124 Safari/537.36 Edg/91.0.864.67" 
135.181.42.128 - - [10/Jul/2021:08:53:38 -0700] "GET /Datasets%20Description/Network/N/A HTTP/1.1" 404 284 "-" "-" 
114.119.159.101 - - [10/Jul/2021:08:54:27 -0700] "GET /self.logs/error.log.2020-07-02 HTTP/1.1" 200 351 "-" "Mozilla/5.0 (Linux; Android 7.0;) AppleWebKit/537.36 (KHTML, like Gecko) Mobile Safari/537.36 (compatible; PetalBot;+https://webmaster.petalsearch.com/site/petalbot)" 
114.119.141.53 - - [10/Jul/2021:09:06:39 -0700] "GET /self.logs/access.log.2019-07-03.gz HTTP/1.1" 200 27000 "-" "Mozilla/5.0 (Linux; Android 7.0;) AppleWebKit/537.36 (KHTML, like Gecko) Mobile Safari/537.36 (compatible; PetalBot;+https://webmaster.petalsearch.com/site/petalbot)" 
106.38.241.178 - - [10/Jul/2021:09:06:41 -0700] "GET / HTTP/1.1" 200 12846 "-" "Sogou web spider/4.0(+http://www.sogou.com/docs/help/webmasters.htm#07)" 
49.7.20.108 - - [10/Jul/2021:09:14:35 -0700] "GET / HTTP/1.1" 200 0 "-" "Sogou web spider/4.0(+http://www.sogou.com/docs/help/webmasters.htm#07)" 
49.7.20.102 - - [10/Jul/2021:09:16:24 -0700] "GET / HTTP/1.1" 200 12847 "-" "Sogou web spider/4.0(+http://www.sogou.com/docs/help/webmasters.htm#07)" 
40.77.167.82 - - [10/Jul/2021:09:16:24 -0700] "GET /self.logs/2016/access.log.2016-07-10.gz HTTP/1.1" 200 9347 "-" "Mozilla/5.0 (compatible; bingbot/2.0; +http://www.bing.com/bingbot.htm)" 
216.244.66.245 - - [10/Jul/2021:09:17:26 -0700] "GET /robots.txt HTTP/1.1" 200 333 "-" "Mozilla/5.0 (compatible; DotBot/1.2; +https://opensiteexplorer.org/dotbot; help@moz.com)" 
114.119.144.30 - - [10/Jul/2021:09:17:40 -0700] "GET /self.logs/2015/error.log.2015-09-28.gz HTTP/1.1" 200 836 "-" "Mozilla/5.0 (Linux; Android 7.0;) AppleWebKit/537.36 (KHTML, like Gecko) Mobile Safari/537.36 (compatible; PetalBot;+https://webmaster.petalsearch.com/site/petalbot)" 
103.203.253.2 - - [10/Jul/2021:09:19:24 -0700] "GET / HTTP/1.1" 200 12884 "-" "Mozilla/5.0 (Windows NT 10.0; Win64; x64) AppleWebKit/537.36 (KHTML, like Gecko) Chrome/91.0.4472.124 Safari/537.36 Edg/91.0.864.67" 
103.203.253.2 - - [10/Jul/2021:09:19:25 -0700] "GET /css/style.css HTTP/1.1" 404 305 "http://www.secrepo.com/" "Mozilla/5.0 (Windows NT 10.0; Win64; x64) AppleWebKit/537.36 (KHTML, like Gecko) Chrome/91.0.4472.124 Safari/537.36 Edg/91.0.864.67" 
103.203.253.2 - - [10/Jul/2021:09:19:25 -0700] "GET /twitter-icon.png HTTP/1.1" 200 27916 "http://www.secrepo.com/" "Mozilla/5.0 (Windows NT 10.0; Win64; x64) AppleWebKit/537.36 (KHTML, like Gecko) Chrome/91.0.4472.124 Safari/537.36 Edg/91.0.864.67" 
103.203.253.2 - - [10/Jul/2021:09:19:25 -0700] "GET /GitHub-Mark.png HTTP/1.1" 200 7556 "http://www.secrepo.com/" "Mozilla/5.0 (Windows NT 10.0; Win64; x64) AppleWebKit/537.36 (KHTML, like Gecko) Chrome/91.0.4472.124 Safari/537.36 Edg/91.0.864.67" 
103.203.253.2 - - [10/Jul/2021:09:19:26 -0700] "GET /bootstrap/img/favicon.ico HTTP/1.1" 200 690 "http://www.secrepo.com/" "Mozilla/5.0 (Windows NT 10.0; Win64; x64) AppleWebKit/537.36 (KHTML, like Gecko) Chrome/91.0.4472.124 Safari/537.36 Edg/91.0.864.67" 
103.203.253.2 - - [10/Jul/2021:09:19:35 -0700] "GET /css/style.css HTTP/1.1" 404 328 "http://www.secrepo.com/" "Mozilla/5.0 (Windows NT 10.0; Win64; x64) AppleWebKit/537.36 (KHTML, like Gecko) Chrome/91.0.4472.124 Safari/537.36 Edg/91.0.864.67" 
103.203.253.2 - - [10/Jul/2021:09:20:59 -0700] "GET /css/style.css HTTP/1.1" 404 328 "http://www.secrepo.com/" "Mozilla/5.0 (Windows NT 10.0; Win64; x64) AppleWebKit/537.36 (KHTML, like Gecko) Chrome/91.0.4472.124 Safari/537.36 Edg/91.0.864.67" 
114.119.150.248 - - [10/Jul/2021:09:22:20 -0700] "GET /self.logs/2015/error.log.2015-03-18.gz HTTP/1.1" 200 2434 "-" "Mozilla/5.0 (Linux; Android 7.0;) AppleWebKit/537.36 (KHTML, like Gecko) Mobile Safari/537.36 (compatible; PetalBot;+https://webmaster.petalsearch.com/site/petalbot)" 
216.244.66.245 - - [10/Jul/2021:09:22:41 -0700] "GET /domainmovement.zip HTTP/1.1" 404 284 "-" "Mozilla/5.0 (compatible; DotBot/1.2; +https://opensiteexplorer.org/dotbot; help@moz.com)" 
114.119.150.248 - - [10/Jul/2021:09:27:33 -0700] "GET /self.logs/error.log.2017-05-08.gz HTTP/1.1" 200 992 "-" "Mozilla/5.0 (Linux; Android 7.0;) AppleWebKit/537.36 (KHTML, like Gecko) Mobile Safari/537.36 (compatible; PetalBot;+https://webmaster.petalsearch.com/site/petalbot)" 
220.242.175.209 - - [10/Jul/2021:09:28:39 -0700] "GET / HTTP/1.1" 200 12884 "-" "Mozilla/5.0 (Windows; U; Windows NT 5.2; en-US) AppleWebKit/537.36 (KHTML, like Gecko) Safari/537.36 VivoBrowser/9.5.12.4 Chrome/" 
112.17.247.66 - - [10/Jul/2021:09:28:45 -0700] "GET / HTTP/1.1" 200 12884 "-" "Mozilla/5.0 (Windows; U; Windows NT 5.2; en-US) AppleWebKit/537.36 (KHTML, like Gecko) Safari/537.36 VivoBrowser/9.5.12.4 Chrome/" 
220.242.175.40 - - [10/Jul/2021:09:28:47 -0700] "GET /css/style.css HTTP/1.1" 404 328 "http://www.secrepo.com/" "Mozilla/5.0 (Windows; U; Windows NT 5.2; en-US) AppleWebKit/537.36 (KHTML, like Gecko) Safari/537.36 VivoBrowser/9.5.12.4 Chrome/" 
112.17.247.66 - - [10/Jul/2021:09:28:47 -0700] "GET /twitter-icon.png HTTP/1.1" 200 27893 "http://www.secrepo.com/" "Mozilla/5.0 (Windows; U; Windows NT 5.2; en-US) AppleWebKit/537.36 (KHTML, like Gecko) Safari/537.36 VivoBrowser/9.5.12.4 Chrome/" 
112.17.247.66 - - [10/Jul/2021:09:28:47 -0700] "GET /GitHub-Mark.png HTTP/1.1" 200 7556 "http://www.secrepo.com/" "Mozilla/5.0 (Windows; U; Windows NT 5.2; en-US) AppleWebKit/537.36 (KHTML, like Gecko) Safari/537.36 VivoBrowser/9.5.12.4 Chrome/" 
112.17.247.66 - - [10/Jul/2021:09:28:58 -0700] "GET /css/style.css HTTP/1.1" 404 328 "http://www.secrepo.com/" "Mozilla/5.0 (Windows; U; Windows NT 5.2; en-US) AppleWebKit/537.36 (KHTML, like Gecko) Safari/537.36 VivoBrowser/9.5.12.4 Chrome/" 
138.113.50.106 - - [10/Jul/2021:09:29:31 -0700] "GET /bootstrap/img/favicon.ico HTTP/1.1" 200 713 "http://www.secrepo.com/" "Mozilla/5.0 (Windows; U; Windows NT 5.2; en-US) AppleWebKit/537.36 (KHTML, like Gecko) Safari/537.36 VivoBrowser/9.5.12.4 Chrome/" 
106.38.241.160 - - [10/Jul/2021:09:29:48 -0700] "GET / HTTP/1.1" 200 12847 "-" "Sogou web spider/4.0(+http://www.sogou.com/docs/help/webmasters.htm#07)" 
138.113.50.107 - - [10/Jul/2021:09:29:58 -0700] "GET /squid/access.log.gz HTTP/1.1" 200 819060 "-" "Mozilla/5.0 (Windows; U; Windows NT 5.2; en-US) AppleWebKit/537.36 (KHTML, like Gecko) Safari/537.36 VivoBrowser/9.5.12.4 Chrome/" 
117.50.81.137 - - [10/Jul/2021:09:30:02 -0700] "GET /squid/access.log.gz HTTP/1.1" 206 981 "-" "okhttp/${okhttp-4.1.11}" 
115.204.216.20 - - [10/Jul/2021:09:30:04 -0700] "GET /squid/access.log.gz HTTP/1.1" 200 0 "-" "Mozilla/5.0 (Windows; U; Windows NT 5.2; en-US) AppleWebKit/537.36 (KHTML, like Gecko) Safari/537.36 VivoBrowser/9.5.12.4 Chrome/" 
115.204.216.20 - - [10/Jul/2021:09:30:11 -0700] "GET /Security-Data-Analysis/Lab_1/conn.log.zip HTTP/1.1" 200 0 "-" "Mozilla/5.0 (Windows; U; Windows NT 5.2; en-US) AppleWebKit/537.36 (KHTML, like Gecko) Safari/537.36 VivoBrowser/9.5.12.4 Chrome/" 
138.113.50.105 - - [10/Jul/2021:09:30:10 -0700] "GET /Security-Data-Analysis/Lab_1/conn.log.zip HTTP/1.1" 200 883300 "-" "Mozilla/5.0 (Windows; U; Windows NT 5.2; en-US) AppleWebKit/537.36 (KHTML, like Gecko) Safari/537.36 VivoBrowser/9.5.12.4 Chrome/" 
116.198.15.39 - - [10/Jul/2021:09:30:12 -0700] "GET /Security-Data-Analysis/Lab_1/conn.log.zip HTTP/1.1" 206 968 "-" "okhttp/${okhttp-4.1.11}" 
116.198.15.39 - - [10/Jul/2021:09:30:13 -0700] "GET /Security-Data-Analysis/Lab_1/conn.log.zip HTTP/1.1" 206 520 "-" "okhttp/${okhttp-4.1.11}" 
106.38.241.178 - - [10/Jul/2021:09:30:51 -0700] "GET / HTTP/1.1" 200 12846 "-" "Sogou web spider/4.0(+http://www.sogou.com/docs/help/webmasters.htm#07)" 
114.119.129.244 - - [10/Jul/2021:09:32:44 -0700] "GET /self.logs/access.log.2018-10-29.gz HTTP/1.1" 200 20704 "-" "Mozilla/5.0 (Linux; Android 7.0;) AppleWebKit/537.36 (KHTML, like Gecko) Mobile Safari/537.36 (compatible; PetalBot;+https://webmaster.petalsearch.com/site/petalbot)" 
115.204.216.20 - - [10/Jul/2021:09:32:49 -0700] "GET /squid/access.log.gz HTTP/1.1" 206 0 "-" "Mozilla/5.0 (Windows; U; Windows NT 5.2; en-US) AppleWebKit/537.36 (KHTML, like Gecko) Safari/537.36 VivoBrowser/9.5.12.4 Chrome/" 
115.204.216.20 - - [10/Jul/2021:09:32:49 -0700] "GET /squid/access.log.gz HTTP/1.1" 206 95832 "-" "Mozilla/5.0 (Windows; U; Windows NT 5.2; en-US) AppleWebKit/537.36 (KHTML, like Gecko) Safari/537.36 VivoBrowser/9.5.12.4 Chrome/" 
115.204.216.20 - - [10/Jul/2021:09:32:49 -0700] "GET /squid/access.log.gz HTTP/1.1" 206 95832 "-" "Mozilla/5.0 (Windows; U; Windows NT 5.2; en-US) AppleWebKit/537.36 (KHTML, like Gecko) Safari/537.36 VivoBrowser/9.5.12.4 Chrome/" 
115.204.216.20 - - [10/Jul/2021:09:32:48 -0700] "GET /squid/access.log.gz HTTP/1.1" 206 203280 "-" "Mozilla/5.0 (Windows; U; Windows NT 5.2; en-US) AppleWebKit/537.36 (KHTML, like Gecko) Safari/537.36 VivoBrowser/9.5.12.4 Chrome/" 
115.204.216.20 - - [10/Jul/2021:09:32:59 -0700] "GET /squid/access.log.gz HTTP/1.1" 206 0 "-" "Mozilla/5.0 (Windows; U; Windows NT 5.2; en-US) AppleWebKit/537.36 (KHTML, like Gecko) Safari/537.36 VivoBrowser/9.5.12.4 Chrome/" 
115.204.216.20 - - [10/Jul/2021:09:32:59 -0700] "GET /squid/access.log.gz HTTP/1.1" 206 58080 "-" "Mozilla/5.0 (Windows; U; Windows NT 5.2; en-US) AppleWebKit/537.36 (KHTML, like Gecko) Safari/537.36 VivoBrowser/9.5.12.4 Chrome/" 
115.204.216.20 - - [10/Jul/2021:09:32:59 -0700] "GET /squid/access.log.gz HTTP/1.1" 206 95832 "-" "Mozilla/5.0 (Windows; U; Windows NT 5.2; en-US) AppleWebKit/537.36 (KHTML, like Gecko) Safari/537.36 VivoBrowser/9.5.12.4 Chrome/" 
115.204.216.20 - - [10/Jul/2021:09:32:59 -0700] "GET /squid/access.log.gz HTTP/1.1" 206 101640 "-" "Mozilla/5.0 (Windows; U; Windows NT 5.2; en-US) AppleWebKit/537.36 (KHTML, like Gecko) Safari/537.36 VivoBrowser/9.5.12.4 Chrome/" 
115.204.216.20 - - [10/Jul/2021:09:32:59 -0700] "GET /squid/access.log.gz HTTP/1.1" 206 58080 "-" "Mozilla/5.0 (Windows; U; Windows NT 5.2; en-US) AppleWebKit/537.36 (KHTML, like Gecko) Safari/537.36 VivoBrowser/9.5.12.4 Chrome/" 
115.204.216.20 - - [10/Jul/2021:09:33:10 -0700] "GET /squid/access.log.gz HTTP/1.1" 206 0 "-" "Mozilla/5.0 (Windows; U; Windows NT 5.2; en-US) AppleWebKit/537.36 (KHTML, like Gecko) Safari/537.36 VivoBrowser/9.5.12.4 Chrome/" 
115.204.216.20 - - [10/Jul/2021:09:33:10 -0700] "GET /squid/access.log.gz HTTP/1.1" 206 0 "-" "Mozilla/5.0 (Windows; U; Windows NT 5.2; en-US) AppleWebKit/537.36 (KHTML, like Gecko) Safari/537.36 VivoBrowser/9.5.12.4 Chrome/" 
115.204.216.20 - - [10/Jul/2021:09:33:09 -0700] "GET /squid/access.log.gz HTTP/1.1" 206 194568 "-" "Mozilla/5.0 (Windows; U; Windows NT 5.2; en-US) AppleWebKit/537.36 (KHTML, like Gecko) Safari/537.36 VivoBrowser/9.5.12.4 Chrome/" 
115.204.216.20 - - [10/Jul/2021:09:33:10 -0700] "GET /squid/access.log.gz HTTP/1.1" 206 98736 "-" "Mozilla/5.0 (Windows; U; Windows NT 5.2; en-US) AppleWebKit/537.36 (KHTML, like Gecko) Safari/537.36 VivoBrowser/9.5.12.4 Chrome/" 
115.204.216.20 - - [10/Jul/2021:09:33:10 -0700] "GET /squid/access.log.gz HTTP/1.1" 206 98736 "-" "Mozilla/5.0 (Windows; U; Windows NT 5.2; en-US) AppleWebKit/537.36 (KHTML, like Gecko) Safari/537.36 VivoBrowser/9.5.12.4 Chrome/" 
115.204.216.20 - - [10/Jul/2021:09:33:20 -0700] "GET /squid/access.log.gz HTTP/1.1" 206 0 "-" "Mozilla/5.0 (Windows; U; Windows NT 5.2; en-US) AppleWebKit/537.36 (KHTML, like Gecko) Safari/537.36 VivoBrowser/9.5.12.4 Chrome/" 
115.204.216.20 - - [10/Jul/2021:09:33:20 -0700] "GET /squid/access.log.gz HTTP/1.1" 206 0 "-" "Mozilla/5.0 (Windows; U; Windows NT 5.2; en-US) AppleWebKit/537.36 (KHTML, like Gecko) Safari/537.36 VivoBrowser/9.5.12.4 Chrome/" 
115.204.216.20 - - [10/Jul/2021:09:33:20 -0700] "GET /squid/access.log.gz HTTP/1.1" 206 0 "-" "Mozilla/5.0 (Windows; U; Windows NT 5.2; en-US) AppleWebKit/537.36 (KHTML, like Gecko) Safari/537.36 VivoBrowser/9.5.12.4 Chrome/" 
115.204.216.20 - - [10/Jul/2021:09:33:20 -0700] "GET /squid/access.log.gz HTTP/1.1" 206 161172 "-" "Mozilla/5.0 (Windows; U; Windows NT 5.2; en-US) AppleWebKit/537.36 (KHTML, like Gecko) Safari/537.36 VivoBrowser/9.5.12.4 Chrome/" 
115.204.216.20 - - [10/Jul/2021:09:33:20 -0700] "GET /squid/access.log.gz HTTP/1.1" 206 98736 "-" "Mozilla/5.0 (Windows; U; Windows NT 5.2; en-US) AppleWebKit/537.36 (KHTML, like Gecko) Safari/537.36 VivoBrowser/9.5.12.4 Chrome/" 
115.204.216.20 - - [10/Jul/2021:09:33:30 -0700] "GET /squid/access.log.gz HTTP/1.1" 206 98736 "-" "Mozilla/5.0 (Windows; U; Windows NT 5.2; en-US) AppleWebKit/537.36 (KHTML, like Gecko) Safari/537.36 VivoBrowser/9.5.12.4 Chrome/" 
115.204.216.20 - - [10/Jul/2021:09:33:31 -0700] "GET /squid/access.log.gz HTTP/1.1" 200 98736 "-" "Mozilla/5.0 (Windows; U; Windows NT 5.2; en-US) AppleWebKit/537.36 (KHTML, like Gecko) Safari/537.36 VivoBrowser/9.5.12.4 Chrome/" 
112.17.247.26 - - [10/Jul/2021:09:30:25 -0700] "GET /squid/access.log.gz HTTP/1.1" 200 387600 "-" "Mozilla/5.0 (Windows; U; Windows NT 5.2; en-US) AppleWebKit/537.36 (KHTML, like Gecko) Safari/537.36 VivoBrowser/9.5.12.4 Chrome/" 
115.204.216.20 - - [10/Jul/2021:09:33:51 -0700] "GET /squid/access.log.gz HTTP/1.1" 200 0 "-" "Mozilla/5.0 (Windows; U; Windows NT 5.2; en-US) AppleWebKit/537.36 (KHTML, like Gecko) Safari/537.36 VivoBrowser/9.5.12.4 Chrome/" 
112.17.247.26 - - [10/Jul/2021:09:30:28 -0700] "GET /squid/access.log.gz HTTP/1.1" 206 418880 "-" "Mozilla/5.0 (Windows; U; Windows NT 5.2; en-US) AppleWebKit/537.36 (KHTML, like Gecko) Safari/537.36 VivoBrowser/9.5.12.4 Chrome/" 
112.17.247.26 - - [10/Jul/2021:09:30:26 -0700] "GET /squid/access.log.gz HTTP/1.1" 206 388960 "-" "Mozilla/5.0 (Windows; U; Windows NT 5.2; en-US) AppleWebKit/537.36 (KHTML, like Gecko) Safari/537.36 VivoBrowser/9.5.12.4 Chrome/" 
112.17.247.26 - - [10/Jul/2021:09:30:28 -0700] "GET /squid/access.log.gz HTTP/1.1" 206 335920 "-" "Mozilla/5.0 (Windows; U; Windows NT 5.2; en-US) AppleWebKit/537.36 (KHTML, like Gecko) Safari/537.36 VivoBrowser/9.5.12.4 Chrome/" 
112.17.247.26 - - [10/Jul/2021:09:30:28 -0700] "GET /squid/access.log.gz HTTP/1.1" 206 329120 "-" "Mozilla/5.0 (Windows; U; Windows NT 5.2; en-US) AppleWebKit/537.36 (KHTML, like Gecko) Safari/537.36 VivoBrowser/9.5.12.4 Chrome/" 
157.55.39.113 - - [10/Jul/2021:09:36:37 -0700] "GET /maccdc2012/dns.log.gz HTTP/1.1" 200 6607379 "-" "Mozilla/5.0 (compatible; bingbot/2.0; +http://www.bing.com/bingbot.htm)" 
115.204.216.20 - - [10/Jul/2021:09:34:10 -0700] "GET /squid/access.log.gz HTTP/1.1" 200 23100634 "-" "Mozilla/5.0 (Windows; U; Windows NT 5.2; en-US) AppleWebKit/537.36 (KHTML, like Gecko) Safari/537.36 VivoBrowser/9.5.12.4 Chrome/" 
49.7.20.102 - - [10/Jul/2021:09:41:22 -0700] "GET / HTTP/1.1" 200 12846 "-" "Sogou web spider/4.0(+http://www.sogou.com/docs/help/webmasters.htm#07)" 
114.119.130.95 - - [10/Jul/2021:09:43:38 -0700] "GET /self.logs/access.log.2017-04-08.gz HTTP/1.1" 200 16278 "-" "Mozilla/5.0 (Linux; Android 7.0;) AppleWebKit/537.36 (KHTML, like Gecko) Mobile Safari/537.36 (compatible; PetalBot;+https://webmaster.petalsearch.com/site/petalbot)" 
49.7.20.108 - - [10/Jul/2021:09:46:48 -0700] "GET / HTTP/1.1" 200 0 "-" "Sogou web spider/4.0(+http://www.sogou.com/docs/help/webmasters.htm#07)" 
114.119.157.43 - - [10/Jul/2021:09:48:23 -0700] "GET /self.logs/error.log.2018-05-17.gz HTTP/1.1" 200 5330 "-" "Mozilla/5.0 (Linux; Android 7.0;) AppleWebKit/537.36 (KHTML, like Gecko) Mobile Safari/537.36 (compatible; PetalBot;+https://webmaster.petalsearch.com/site/petalbot)" 
207.46.13.83 - - [10/Jul/2021:09:51:26 -0700] "GET /self.logs/access.log.2018-05-15.gz HTTP/1.1" 200 45397 "-" "Mozilla/5.0 (compatible; bingbot/2.0; +http://www.bing.com/bingbot.htm)" 
207.46.13.83 - - [10/Jul/2021:09:51:26 -0700] "GET /self.logs/access.log.2020-08-10.gz HTTP/1.1" 200 11826 "-" "Mozilla/5.0 (compatible; bingbot/2.0; +http://www.bing.com/bingbot.htm)" 
207.46.13.83 - - [10/Jul/2021:09:51:26 -0700] "GET /self.logs/access.log.2020-05-05.gz HTTP/1.1" 200 12679 "-" "Mozilla/5.0 (compatible; bingbot/2.0; +http://www.bing.com/bingbot.htm)" 
207.46.13.83 - - [10/Jul/2021:09:51:26 -0700] "GET /self.logs/access.log.2019-11-21.gz HTTP/1.1" 200 22541 "-" "Mozilla/5.0 (compatible; bingbot/2.0; +http://www.bing.com/bingbot.htm)" 
207.46.13.83 - - [10/Jul/2021:09:51:27 -0700] "GET /self.logs/access.log.2019-11-13.gz HTTP/1.1" 200 17235 "-" "Mozilla/5.0 (compatible; bingbot/2.0; +http://www.bing.com/bingbot.htm)" 
207.46.13.83 - - [10/Jul/2021:09:51:27 -0700] "GET /self.logs/access.log.2019-09-29.gz HTTP/1.1" 200 33377 "-" "Mozilla/5.0 (compatible; bingbot/2.0; +http://www.bing.com/bingbot.htm)" 
207.46.13.87 - - [10/Jul/2021:09:51:30 -0700] "GET /self.logs/access.log.2018-08-24.gz HTTP/1.1" 200 38356 "-" "Mozilla/5.0 (compatible; bingbot/2.0; +http://www.bing.com/bingbot.htm)" 
40.77.167.82 - - [10/Jul/2021:09:51:32 -0700] "GET /self.logs/access.log.2020-09-28.gz HTTP/1.1" 200 31675 "-" "Mozilla/5.0 (compatible; bingbot/2.0; +http://www.bing.com/bingbot.htm)" 
40.77.167.82 - - [10/Jul/2021:09:51:32 -0700] "GET /self.logs/access.log.2020-09-23.gz HTTP/1.1" 200 14125 "-" "Mozilla/5.0 (compatible; bingbot/2.0; +http://www.bing.com/bingbot.htm)" 
40.77.167.82 - - [10/Jul/2021:09:51:32 -0700] "GET /self.logs/access.log.2019-11-12.gz HTTP/1.1" 200 15718 "-" "Mozilla/5.0 (compatible; bingbot/2.0; +http://www.bing.com/bingbot.htm)" 
40.77.167.82 - - [10/Jul/2021:09:51:32 -0700] "GET /self.logs/access.log.2019-04-20.gz HTTP/1.1" 200 69996 "-" "Mozilla/5.0 (compatible; bingbot/2.0; +http://www.bing.com/bingbot.htm)" 
40.77.167.82 - - [10/Jul/2021:09:51:32 -0700] "GET /self.logs/access.log.2019-03-09.gz HTTP/1.1" 200 19731 "-" "Mozilla/5.0 (compatible; bingbot/2.0; +http://www.bing.com/bingbot.htm)" 
207.46.13.110 - - [10/Jul/2021:09:51:37 -0700] "GET /self.logs/access.log.2021-04-24.gz HTTP/1.1" 200 16347 "-" "Mozilla/5.0 (compatible; bingbot/2.0; +http://www.bing.com/bingbot.htm)" 
207.46.13.110 - - [10/Jul/2021:09:51:37 -0700] "GET /self.logs/access.log.2020-09-30.gz HTTP/1.1" 200 13401 "-" "Mozilla/5.0 (compatible; bingbot/2.0; +http://www.bing.com/bingbot.htm)" 
207.46.13.110 - - [10/Jul/2021:09:51:37 -0700] "GET /self.logs/access.log.2020-05-27.gz HTTP/1.1" 200 22248 "-" "Mozilla/5.0 (compatible; bingbot/2.0; +http://www.bing.com/bingbot.htm)" 
207.46.13.110 - - [10/Jul/2021:09:51:37 -0700] "GET /self.logs/access.log.2020-02-14.gz HTTP/1.1" 200 14752 "-" "Mozilla/5.0 (compatible; bingbot/2.0; +http://www.bing.com/bingbot.htm)" 
207.46.13.110 - - [10/Jul/2021:09:51:37 -0700] "GET /self.logs/access.log.2019-09-05.gz HTTP/1.1" 200 24503 "-" "Mozilla/5.0 (compatible; bingbot/2.0; +http://www.bing.com/bingbot.htm)" 
157.55.39.113 - - [10/Jul/2021:09:51:41 -0700] "GET /self.logs/access.log.2020-07-11.gz HTTP/1.1" 200 14579 "-" "Mozilla/5.0 (compatible; bingbot/2.0; +http://www.bing.com/bingbot.htm)" 
157.55.39.113 - - [10/Jul/2021:09:51:41 -0700] "GET /self.logs/access.log.2020-01-22.gz HTTP/1.1" 200 15487 "-" "Mozilla/5.0 (compatible; bingbot/2.0; +http://www.bing.com/bingbot.htm)" 
157.55.39.113 - - [10/Jul/2021:09:51:41 -0700] "GET /self.logs/access.log.2020-01-10.gz HTTP/1.1" 200 14501 "-" "Mozilla/5.0 (compatible; bingbot/2.0; +http://www.bing.com/bingbot.htm)" 
157.55.39.113 - - [10/Jul/2021:09:51:42 -0700] "GET /self.logs/access.log.2019-11-14.gz HTTP/1.1" 200 16348 "-" "Mozilla/5.0 (compatible; bingbot/2.0; +http://www.bing.com/bingbot.htm)" 
157.55.39.113 - - [10/Jul/2021:09:51:42 -0700] "GET /self.logs/access.log.2019-09-03.gz HTTP/1.1" 200 19606 "-" "Mozilla/5.0 (compatible; bingbot/2.0; +http://www.bing.com/bingbot.htm)" 
157.55.39.113 - - [10/Jul/2021:09:51:42 -0700] "GET /self.logs/access.log.2019-03-08.gz HTTP/1.1" 200 85989 "-" "Mozilla/5.0 (compatible; bingbot/2.0; +http://www.bing.com/bingbot.htm)" 
40.77.167.19 - - [10/Jul/2021:09:51:47 -0700] "GET /self.logs/error.log.2021-02-23.gz HTTP/1.1" 200 1971 "-" "Mozilla/5.0 (compatible; bingbot/2.0; +http://www.bing.com/bingbot.htm)" 
40.77.167.19 - - [10/Jul/2021:09:51:47 -0700] "GET /self.logs/access.log.2020-07-04.gz HTTP/1.1" 200 23865 "-" "Mozilla/5.0 (compatible; bingbot/2.0; +http://www.bing.com/bingbot.htm)" 
40.77.167.19 - - [10/Jul/2021:09:51:47 -0700] "GET /self.logs/access.log.2020-05-10.gz HTTP/1.1" 200 13140 "-" "Mozilla/5.0 (compatible; bingbot/2.0; +http://www.bing.com/bingbot.htm)" 
40.77.167.19 - - [10/Jul/2021:09:51:47 -0700] "GET /self.logs/access.log.2020-04-19.gz HTTP/1.1" 200 13542 "-" "Mozilla/5.0 (compatible; bingbot/2.0; +http://www.bing.com/bingbot.htm)" 
40.77.167.19 - - [10/Jul/2021:09:51:47 -0700] "GET /self.logs/access.log.2020-02-28.gz HTTP/1.1" 200 16193 "-" "Mozilla/5.0 (compatible; bingbot/2.0; +http://www.bing.com/bingbot.htm)" 
40.77.167.19 - - [10/Jul/2021:09:51:47 -0700] "GET /self.logs/access.log.2020-01-14.gz HTTP/1.1" 200 17714 "-" "Mozilla/5.0 (compatible; bingbot/2.0; +http://www.bing.com/bingbot.htm)" 
40.77.167.19 - - [10/Jul/2021:09:51:47 -0700] "GET /self.logs/access.log.2020-01-13.gz HTTP/1.1" 200 18040 "-" "Mozilla/5.0 (compatible; bingbot/2.0; +http://www.bing.com/bingbot.htm)" 
40.77.167.19 - - [10/Jul/2021:09:51:47 -0700] "GET /self.logs/access.log.2019-11-04.gz HTTP/1.1" 200 15395 "-" "Mozilla/5.0 (compatible; bingbot/2.0; +http://www.bing.com/bingbot.htm)" 
207.46.13.87 - - [10/Jul/2021:09:51:50 -0700] "GET /self.logs/access.log.2020-05-18.gz HTTP/1.1" 200 15562 "-" "Mozilla/5.0 (compatible; bingbot/2.0; +http://www.bing.com/bingbot.htm)" 
157.55.39.109 - - [10/Jul/2021:09:51:56 -0700] "GET /self.logs/access.log.2018-08-05.gz HTTP/1.1" 200 23762 "-" "Mozilla/5.0 (compatible; bingbot/2.0; +http://www.bing.com/bingbot.htm)" 
157.55.39.109 - - [10/Jul/2021:09:51:56 -0700] "GET /self.logs/access.log.2020-08-31.gz HTTP/1.1" 200 17085 "-" "Mozilla/5.0 (compatible; bingbot/2.0; +http://www.bing.com/bingbot.htm)" 
157.55.39.109 - - [10/Jul/2021:09:51:56 -0700] "GET /self.logs/access.log.2020-03-29.gz HTTP/1.1" 200 20348 "-" "Mozilla/5.0 (compatible; bingbot/2.0; +http://www.bing.com/bingbot.htm)" 
157.55.39.109 - - [10/Jul/2021:09:51:56 -0700] "GET /self.logs/access.log.2019-12-30.gz HTTP/1.1" 200 25659 "-" "Mozilla/5.0 (compatible; bingbot/2.0; +http://www.bing.com/bingbot.htm)" 
157.55.39.109 - - [10/Jul/2021:09:51:56 -0700] "GET /self.logs/access.log.2019-09-25.gz HTTP/1.1" 200 17921 "-" "Mozilla/5.0 (compatible; bingbot/2.0; +http://www.bing.com/bingbot.htm)" 
157.55.39.109 - - [10/Jul/2021:09:51:56 -0700] "GET /self.logs/access.log.2019-01-10.gz HTTP/1.1" 200 27758 "-" "Mozilla/5.0 (compatible; bingbot/2.0; +http://www.bing.com/bingbot.htm)" 
157.55.39.109 - - [10/Jul/2021:09:51:56 -0700] "GET /self.logs/access.log.2018-11-17.gz HTTP/1.1" 200 34630 "-" "Mozilla/5.0 (compatible; bingbot/2.0; +http://www.bing.com/bingbot.htm)" 
207.46.13.87 - - [10/Jul/2021:09:52:03 -0700] "GET /self.logs/error.log.2021-03-27.gz HTTP/1.1" 200 12933 "-" "Mozilla/5.0 (compatible; bingbot/2.0; +http://www.bing.com/bingbot.htm)" 
207.46.13.87 - - [10/Jul/2021:09:52:03 -0700] "GET /self.logs/access.log.2020-04-14.gz HTTP/1.1" 200 30537 "-" "Mozilla/5.0 (compatible; bingbot/2.0; +http://www.bing.com/bingbot.htm)" 
207.46.13.87 - - [10/Jul/2021:09:52:03 -0700] "GET /self.logs/access.log.2019-12-05.gz HTTP/1.1" 200 20711 "-" "Mozilla/5.0 (compatible; bingbot/2.0; +http://www.bing.com/bingbot.htm)" 
207.46.13.77 - - [10/Jul/2021:09:52:07 -0700] "GET /self.logs/access.log.2020-07-25.gz HTTP/1.1" 200 18610 "-" "Mozilla/5.0 (compatible; bingbot/2.0; +http://www.bing.com/bingbot.htm)" 
207.46.13.77 - - [10/Jul/2021:09:52:07 -0700] "GET /self.logs/access.log.2020-04-27.gz HTTP/1.1" 200 22727 "-" "Mozilla/5.0 (compatible; bingbot/2.0; +http://www.bing.com/bingbot.htm)" 
207.46.13.77 - - [10/Jul/2021:09:52:07 -0700] "GET /self.logs/access.log.2020-01-21.gz HTTP/1.1" 200 16166 "-" "Mozilla/5.0 (compatible; bingbot/2.0; +http://www.bing.com/bingbot.htm)" 
207.46.13.77 - - [10/Jul/2021:09:52:07 -0700] "GET /self.logs/access.log.2019-09-18.gz HTTP/1.1" 200 27476 "-" "Mozilla/5.0 (compatible; bingbot/2.0; +http://www.bing.com/bingbot.htm)" 
207.46.13.77 - - [10/Jul/2021:09:52:07 -0700] "GET /self.logs/access.log.2019-09-07.gz HTTP/1.1" 200 15756 "-" "Mozilla/5.0 (compatible; bingbot/2.0; +http://www.bing.com/bingbot.htm)" 
207.46.13.77 - - [10/Jul/2021:09:52:08 -0700] "GET /self.logs/access.log.2018-10-21.gz HTTP/1.1" 200 27635 "-" "Mozilla/5.0 (compatible; bingbot/2.0; +http://www.bing.com/bingbot.htm)" 
207.46.13.145 - - [10/Jul/2021:09:52:15 -0700] "GET /self.logs/error.log.2017-01-16.gz HTTP/1.1" 200 1066 "-" "Mozilla/5.0 (compatible; bingbot/2.0; +http://www.bing.com/bingbot.htm)" 
207.46.13.145 - - [10/Jul/2021:09:52:15 -0700] "GET /self.logs/access.log.2020-06-07.gz HTTP/1.1" 200 13081 "-" "Mozilla/5.0 (compatible; bingbot/2.0; +http://www.bing.com/bingbot.htm)" 
207.46.13.145 - - [10/Jul/2021:09:52:15 -0700] "GET /self.logs/access.log.2020-04-07.gz HTTP/1.1" 200 16404 "-" "Mozilla/5.0 (compatible; bingbot/2.0; +http://www.bing.com/bingbot.htm)" 
207.46.13.145 - - [10/Jul/2021:09:52:16 -0700] "GET /self.logs/access.log.2020-02-20.gz HTTP/1.1" 200 15261 "-" "Mozilla/5.0 (compatible; bingbot/2.0; +http://www.bing.com/bingbot.htm)" 
207.46.13.145 - - [10/Jul/2021:09:52:16 -0700] "GET /self.logs/access.log.2019-10-11.gz HTTP/1.1" 200 23009 "-" "Mozilla/5.0 (compatible; bingbot/2.0; +http://www.bing.com/bingbot.htm)" 
207.46.13.145 - - [10/Jul/2021:09:52:16 -0700] "GET /self.logs/access.log.2019-03-03.gz HTTP/1.1" 200 24337 "-" "Mozilla/5.0 (compatible; bingbot/2.0; +http://www.bing.com/bingbot.htm)" 
207.46.13.145 - - [10/Jul/2021:09:52:16 -0700] "GET /self.logs/access.log.2018-11-15.gz HTTP/1.1" 200 46101 "-" "Mozilla/5.0 (compatible; bingbot/2.0; +http://www.bing.com/bingbot.htm)" 
40.77.167.108 - - [10/Jul/2021:09:52:22 -0700] "GET /self.logs/access.log.2021-03-19.gz HTTP/1.1" 200 12873 "-" "Mozilla/5.0 (compatible; bingbot/2.0; +http://www.bing.com/bingbot.htm)" 
40.77.167.108 - - [10/Jul/2021:09:52:22 -0700] "GET /self.logs/access.log.2020-08-28.gz HTTP/1.1" 200 14821 "-" "Mozilla/5.0 (compatible; bingbot/2.0; +http://www.bing.com/bingbot.htm)" 
40.77.167.108 - - [10/Jul/2021:09:52:22 -0700] "GET /self.logs/access.log.2020-02-26.gz HTTP/1.1" 200 15847 "-" "Mozilla/5.0 (compatible; bingbot/2.0; +http://www.bing.com/bingbot.htm)" 
40.77.167.108 - - [10/Jul/2021:09:52:22 -0700] "GET /self.logs/access.log.2020-01-16.gz HTTP/1.1" 200 13234 "-" "Mozilla/5.0 (compatible; bingbot/2.0; +http://www.bing.com/bingbot.htm)" 
40.77.167.108 - - [10/Jul/2021:09:52:22 -0700] "GET /self.logs/access.log.2020-01-09.gz HTTP/1.1" 200 13293 "-" "Mozilla/5.0 (compatible; bingbot/2.0; +http://www.bing.com/bingbot.htm)" 
40.77.167.108 - - [10/Jul/2021:09:52:22 -0700] "GET /self.logs/access.log.2019-11-08.gz HTTP/1.1" 200 16440 "-" "Mozilla/5.0 (compatible; bingbot/2.0; +http://www.bing.com/bingbot.htm)" 
40.77.167.108 - - [10/Jul/2021:09:52:22 -0700] "GET /self.logs/access.log.2019-10-29.gz HTTP/1.1" 200 26271 "-" "Mozilla/5.0 (compatible; bingbot/2.0; +http://www.bing.com/bingbot.htm)" 
40.77.167.108 - - [10/Jul/2021:09:52:22 -0700] "GET /self.logs/access.log.2019-06-27.gz HTTP/1.1" 200 35173 "-" "Mozilla/5.0 (compatible; bingbot/2.0; +http://www.bing.com/bingbot.htm)" 
40.77.167.108 - - [10/Jul/2021:09:52:22 -0700] "GET /self.logs/access.log.2019-01-16.gz HTTP/1.1" 200 26137 "-" "Mozilla/5.0 (compatible; bingbot/2.0; +http://www.bing.com/bingbot.htm)" 
201.252.26.208 - - [10/Jul/2021:09:53:56 -0700] "GET /?utm=semalt.com HTTP/1.1" 301 505 "https://semalt.com-----google.com/?q=semalt" "Mozilla/5.0 (Windows NT 10.0; Win64; x64) AppleWebKit/537.36 (KHTML, like Gecko) Chrome/74.0.3729.169 Safari/537.36" 
201.252.26.208 - - [10/Jul/2021:09:53:56 -0700] "GET /?utm=semalt.com HTTP/1.1" 200 12883 "-" "Mozilla/5.0 (Windows NT 10.0; Win64; x64) AppleWebKit/537.36 (KHTML, like Gecko) Chrome/74.0.3729.169 Safari/537.36" 
66.249.66.85 - - [10/Jul/2021:09:55:34 -0700] "GET /Datasets%20Description/PE_malware/OPCleaver.html HTTP/1.1" 304 276 "-" "Mozilla/5.0 (compatible; Googlebot/2.1; +http://www.google.com/bot.html)" 
218.77.121.35 - - [10/Jul/2021:09:55:37 -0700] "GET /%E5%AE%89%E5%85%A8%E7%9B%B8%E5%85%B3%E6%95%B0%E6%8D%AE%E6%A0%B7%E6%9C%AC%E9%9B%86 HTTP/1.1" 404 291 "-" "Mozilla/5.0 (Windows NT 10.0; Win64; x64) AppleWebKit/537.36 (KHTML, like Gecko) Chrome/86.0.4240.193 Safari/537.36" 
218.77.121.35 - - [10/Jul/2021:09:55:55 -0700] "GET / HTTP/1.1" 200 12846 "-" "Mozilla/5.0 (Windows NT 10.0; Win64; x64) AppleWebKit/537.36 (KHTML, like Gecko) Chrome/86.0.4240.193 Safari/537.36" 
106.38.241.178 - - [10/Jul/2021:09:57:51 -0700] "GET / HTTP/1.1" 200 12846 "-" "Sogou web spider/4.0(+http://www.sogou.com/docs/help/webmasters.htm#07)" 
114.119.155.228 - - [10/Jul/2021:09:59:07 -0700] "GET /self.logs/access.log.2018-08-22.gz HTTP/1.1" 200 24992 "-" "Mozilla/5.0 (Linux; Android 7.0;) AppleWebKit/537.36 (KHTML, like Gecko) Mobile Safari/537.36 (compatible; PetalBot;+https://webmaster.petalsearch.com/site/petalbot)" 
49.7.20.102 - - [10/Jul/2021:10:04:31 -0700] "GET / HTTP/1.1" 200 0 "-" "Sogou web spider/4.0(+http://www.sogou.com/docs/help/webmasters.htm#07)" 
103.77.136.125 - - [10/Jul/2021:10:04:41 -0700] "GET / HTTP/1.1" 200 12881 "-" "Mozilla/5.0 (Windows NT 10.0; Win64; x64) AppleWebKit/537.36 (KHTML, like Gecko) Chrome/91.0.4472.124 Safari/537.36" 
103.77.136.125 - - [10/Jul/2021:10:04:41 -0700] "GET /css/style.css HTTP/1.1" 404 328 "http://www.secrepo.com/" "Mozilla/5.0 (Windows NT 10.0; Win64; x64) AppleWebKit/537.36 (KHTML, like Gecko) Chrome/91.0.4472.124 Safari/537.36" 
103.77.136.125 - - [10/Jul/2021:10:04:42 -0700] "GET /twitter-icon.png HTTP/1.1" 200 27893 "http://www.secrepo.com/" "Mozilla/5.0 (Windows NT 10.0; Win64; x64) AppleWebKit/537.36 (KHTML, like Gecko) Chrome/91.0.4472.124 Safari/537.36" 
103.77.136.125 - - [10/Jul/2021:10:04:42 -0700] "GET /GitHub-Mark.png HTTP/1.1" 200 7533 "http://www.secrepo.com/" "Mozilla/5.0 (Windows NT 10.0; Win64; x64) AppleWebKit/537.36 (KHTML, like Gecko) Chrome/91.0.4472.124 Safari/537.36" 
103.77.136.125 - - [10/Jul/2021:10:04:45 -0700] "GET /bootstrap/img/favicon.ico HTTP/1.1" 200 713 "http://www.secrepo.com/" "Mozilla/5.0 (Windows NT 10.0; Win64; x64) AppleWebKit/537.36 (KHTML, like Gecko) Chrome/91.0.4472.124 Safari/537.36" 
114.119.144.30 - - [10/Jul/2021:10:05:16 -0700] "GET /self.logs/access.log.2020-07-19.gz HTTP/1.1" 200 24902 "-" "Mozilla/5.0 (Linux; Android 7.0;) AppleWebKit/537.36 (KHTML, like Gecko) Mobile Safari/537.36 (compatible; PetalBot;+https://webmaster.petalsearch.com/site/petalbot)" 
114.119.159.40 - - [10/Jul/2021:10:09:27 -0700] "GET /self.logs/access.log.2020-09-24.gz HTTP/1.1" 200 17136 "-" "Mozilla/5.0 (Linux; Android 7.0;) AppleWebKit/537.36 (KHTML, like Gecko) Mobile Safari/537.36 (compatible; PetalBot;+https://webmaster.petalsearch.com/site/petalbot)" 
216.244.66.245 - - [10/Jul/2021:10:10:12 -0700] "GET /robots.txt HTTP/1.1" 200 333 "-" "Mozilla/5.0 (compatible; DotBot/1.2; +https://opensiteexplorer.org/dotbot; help@moz.com)" 
114.119.129.244 - - [10/Jul/2021:10:14:23 -0700] "GET /self.logs/access.log.2017-02-23.gz HTTP/1.1" 200 20704 "-" "Mozilla/5.0 (Linux; Android 7.0;) AppleWebKit/537.36 (KHTML, like Gecko) Mobile Safari/537.36 (compatible; PetalBot;+https://webmaster.petalsearch.com/site/petalbot)" 
106.38.241.160 - - [10/Jul/2021:10:14:28 -0700] "GET / HTTP/1.1" 200 12844 "-" "Sogou web spider/4.0(+http://www.sogou.com/docs/help/webmasters.htm#07)" 
103.106.31.176 - - [10/Jul/2021:10:15:01 -0700] "GET / HTTP/1.1" 200 12881 "-" "Mozilla/5.0 (Macintosh; Intel Mac OS X 10_15_7) AppleWebKit/605.1.15 (KHTML, like Gecko) Version/14.1.1 Safari/605.1.15" 
103.106.31.176 - - [10/Jul/2021:10:15:03 -0700] "GET /css/style.css HTTP/1.1" 404 328 "http://www.secrepo.com/" "Mozilla/5.0 (Macintosh; Intel Mac OS X 10_15_7) AppleWebKit/605.1.15 (KHTML, like Gecko) Version/14.1.1 Safari/605.1.15" 
216.244.66.245 - - [10/Jul/2021:10:15:53 -0700] "GET /self.logs/error.log.2020-04-21 HTTP/1.1" 200 307 "-" "Mozilla/5.0 (compatible; DotBot/1.2; +https://opensiteexplorer.org/dotbot; help@moz.com)" 
216.244.66.245 - - [10/Jul/2021:10:15:58 -0700] "GET /self.logs/error.log.2020-05-01 HTTP/1.1" 200 307 "-" "Mozilla/5.0 (compatible; DotBot/1.2; +https://opensiteexplorer.org/dotbot; help@moz.com)" 
157.55.39.109 - - [10/Jul/2021:10:19:19 -0700] "GET /self.logs/access.log.2017-12-24.gz HTTP/1.1" 200 15398 "-" "Mozilla/5.0 (compatible; bingbot/2.0; +http://www.bing.com/bingbot.htm)" 
114.119.130.95 - - [10/Jul/2021:10:20:00 -0700] "GET /self.logs/error.log.2019-07-25.gz HTTP/1.1" 200 1786 "-" "Mozilla/5.0 (Linux; Android 7.0;) AppleWebKit/537.36 (KHTML, like Gecko) Mobile Safari/537.36 (compatible; PetalBot;+https://webmaster.petalsearch.com/site/petalbot)" 
49.7.20.108 - - [10/Jul/2021:10:20:55 -0700] "GET / HTTP/1.1" 200 12846 "-" "Sogou web spider/4.0(+http://www.sogou.com/docs/help/webmasters.htm#07)" 
106.38.241.178 - - [10/Jul/2021:10:22:40 -0700] "GET / HTTP/1.1" 200 12846 "-" "Sogou web spider/4.0(+http://www.sogou.com/docs/help/webmasters.htm#07)" 
49.7.20.102 - - [10/Jul/2021:10:25:51 -0700] "GET / HTTP/1.1" 200 0 "-" "Sogou web spider/4.0(+http://www.sogou.com/docs/help/webmasters.htm#07)" 
23.20.251.4 - - [10/Jul/2021:10:29:34 -0700] "GET / HTTP/1.1" 301 438 "-" "Zend_Http_Client" 
23.20.251.4 - - [10/Jul/2021:10:29:34 -0700] "GET / HTTP/1.1" 200 12846 "-" "Zend_Http_Client" 
114.119.157.43 - - [10/Jul/2021:10:30:35 -0700] "GET /self.logs/access.log.2018-06-08.gz HTTP/1.1" 200 20550 "-" "Mozilla/5.0 (Linux; Android 7.0;) AppleWebKit/537.36 (KHTML, like Gecko) Mobile Safari/537.36 (compatible; PetalBot;+https://webmaster.petalsearch.com/site/petalbot)" 
114.119.129.244 - - [10/Jul/2021:10:36:13 -0700] "GET /self.logs/2015/access.log.2015-10-31.gz HTTP/1.1" 200 7305 "-" "Mozilla/5.0 (Linux; Android 7.0;) AppleWebKit/537.36 (KHTML, like Gecko) Mobile Safari/537.36 (compatible; PetalBot;+https://webmaster.petalsearch.com/site/petalbot)" 
162.210.196.100 - - [10/Jul/2021:10:40:56 -0700] "GET /robots.txt HTTP/1.1" 200 377 "-" "Mozilla/5.0 (compatible; MJ12bot/v1.4.8; http://mj12bot.com/)" 
162.210.196.100 - - [10/Jul/2021:10:40:58 -0700] "GET / HTTP/1.1" 200 12839 "-" "Mozilla/5.0 (compatible; MJ12bot/v1.4.8; http://mj12bot.com/)" 
35.205.214.108 - - [10/Jul/2021:10:44:29 -0700] "GET / HTTP/1.1" 200 48020 "-" "Mozilla/5.0 (Windows NT 10.0; Win64; x64) AppleWebKit/537.36 (KHTML, like Gecko) Chrome/84.0.4147.105 Safari/537.36" 
106.38.241.178 - - [10/Jul/2021:10:48:44 -0700] "GET / HTTP/1.1" 200 12846 "-" "Sogou web spider/4.0(+http://www.sogou.com/docs/help/webmasters.htm#07)" 
49.7.20.102 - - [10/Jul/2021:10:48:44 -0700] "GET / HTTP/1.1" 200 0 "-" "Sogou web spider/4.0(+http://www.sogou.com/docs/help/webmasters.htm#07)" 
114.119.144.30 - - [10/Jul/2021:10:51:59 -0700] "GET /self.logs/error.log.2018-01-04.gz HTTP/1.1" 200 2910 "-" "Mozilla/5.0 (Linux; Android 7.0;) AppleWebKit/537.36 (KHTML, like Gecko) Mobile Safari/537.36 (compatible; PetalBot;+https://webmaster.petalsearch.com/site/petalbot)" 
162.241.148.253 - - [10/Jul/2021:10:52:49 -0700] "HEAD / HTTP/1.1" 200 359 "https://www.ilovephd.com" "Mozilla/5.0 (Windows NT 10.0; Win64; x64) AppleWebKit/537.36 (KHTML, like Gecko) Chrome/70.0.3538.102 Safari/537.36" 
49.7.20.108 - - [10/Jul/2021:10:54:58 -0700] "GET / HTTP/1.1" 200 12846 "-" "Sogou web spider/4.0(+http://www.sogou.com/docs/help/webmasters.htm#07)" 
106.38.241.160 - - [10/Jul/2021:10:57:30 -0700] "GET / HTTP/1.1" 200 12846 "-" "Sogou web spider/4.0(+http://www.sogou.com/docs/help/webmasters.htm#07)" 
114.119.159.101 - - [10/Jul/2021:11:07:51 -0700] "GET /self.logs/2015/access.log.2015-08-16.gz HTTP/1.1" 200 6588 "-" "Mozilla/5.0 (Linux; Android 7.0;) AppleWebKit/537.36 (KHTML, like Gecko) Mobile Safari/537.36 (compatible; PetalBot;+https://webmaster.petalsearch.com/site/petalbot)" 
216.244.66.245 - - [10/Jul/2021:11:09:53 -0700] "GET /robots.txt HTTP/1.1" 200 333 "-" "Mozilla/5.0 (compatible; DotBot/1.2; +https://opensiteexplorer.org/dotbot; help@moz.com)" 
49.7.20.102 - - [10/Jul/2021:11:10:10 -0700] "GET / HTTP/1.1" 200 12846 "-" "Sogou web spider/4.0(+http://www.sogou.com/docs/help/webmasters.htm#07)" 
114.119.144.30 - - [10/Jul/2021:11:12:34 -0700] "GET /self.logs/2015/error.log.2015-07-06.gz HTTP/1.1" 200 782 "-" "Mozilla/5.0 (Linux; Android 7.0;) AppleWebKit/537.36 (KHTML, like Gecko) Mobile Safari/537.36 (compatible; PetalBot;+https://webmaster.petalsearch.com/site/petalbot)" 
106.38.241.178 - - [10/Jul/2021:11:13:55 -0700] "GET / HTTP/1.1" 200 12846 "-" "Sogou web spider/4.0(+http://www.sogou.com/docs/help/webmasters.htm#07)" 
114.119.129.244 - - [10/Jul/2021:11:18:27 -0700] "GET /self.logs/error.log.2018-01-22.gz HTTP/1.1" 200 2951 "-" "Mozilla/5.0 (Linux; Android 7.0;) AppleWebKit/537.36 (KHTML, like Gecko) Mobile Safari/537.36 (compatible; PetalBot;+https://webmaster.petalsearch.com/site/petalbot)" 
216.244.66.245 - - [10/Jul/2021:11:18:45 -0700] "GET /maccdc2012/http.log.gz HTTP/1.1" 200 3025120 "-" "Mozilla/5.0 (compatible; DotBot/1.2; +https://opensiteexplorer.org/dotbot; help@moz.com)" 
216.244.66.245 - - [10/Jul/2021:11:19:09 -0700] "GET /self.logs/error.log.2020-06-21 HTTP/1.1" 200 307 "-" "Mozilla/5.0 (compatible; DotBot/1.2; +https://opensiteexplorer.org/dotbot; help@moz.com)" 
49.7.20.108 - - [10/Jul/2021:11:29:42 -0700] "GET / HTTP/1.1" 200 12846 "-" "Sogou web spider/4.0(+http://www.sogou.com/docs/help/webmasters.htm#07)" 
49.7.20.102 - - [10/Jul/2021:11:32:11 -0700] "GET / HTTP/1.1" 200 12847 "-" "Sogou web spider/4.0(+http://www.sogou.com/docs/help/webmasters.htm#07)" 
114.119.159.40 - - [10/Jul/2021:11:34:20 -0700] "GET /self.logs/2015/access.log.2015-04-28.gz HTTP/1.1" 200 9574 "-" "Mozilla/5.0 (Linux; Android 7.0;) AppleWebKit/537.36 (KHTML, like Gecko) Mobile Safari/537.36 (compatible; PetalBot;+https://webmaster.petalsearch.com/site/petalbot)" 
106.38.241.160 - - [10/Jul/2021:11:38:17 -0700] "GET / HTTP/1.1" 200 12847 "-" "Sogou web spider/4.0(+http://www.sogou.com/docs/help/webmasters.htm#07)" 
106.38.241.178 - - [10/Jul/2021:11:38:49 -0700] "GET / HTTP/1.1" 200 0 "-" "Sogou web spider/4.0(+http://www.sogou.com/docs/help/webmasters.htm#07)" 
114.119.141.53 - - [10/Jul/2021:11:39:18 -0700] "GET /self.logs/2015/error.log.2015-04-09.gz HTTP/1.1" 200 681 "-" "Mozilla/5.0 (Linux; Android 7.0;) AppleWebKit/537.36 (KHTML, like Gecko) Mobile Safari/537.36 (compatible; PetalBot;+https://webmaster.petalsearch.com/site/petalbot)" 
39.101.206.193 - - [10/Jul/2021:11:41:15 -0700] "GET /data/admin/allowurl.txt HTTP/1.1" 404 328 "-" "Mozilla/5.0 (Windows NT 10.0; WOW64; rv:48.0) Gecko/20100101 Firefox/48.0" 
114.119.130.95 - - [10/Jul/2021:11:45:16 -0700] "GET /self.logs/2015/access.log.2015-11-13.gz HTTP/1.1" 200 4995 "-" "Mozilla/5.0 (Linux; Android 7.0;) AppleWebKit/537.36 (KHTML, like Gecko) Mobile Safari/537.36 (compatible; PetalBot;+https://webmaster.petalsearch.com/site/petalbot)" 
114.119.141.53 - - [10/Jul/2021:11:49:43 -0700] "GET /self.logs/2015/error.log.2015-11-01.gz HTTP/1.1" 200 756 "-" "Mozilla/5.0 (Linux; Android 7.0;) AppleWebKit/537.36 (KHTML, like Gecko) Mobile Safari/537.36 (compatible; PetalBot;+https://webmaster.petalsearch.com/site/petalbot)" 
135.181.42.89 - - [10/Jul/2021:11:50:56 -0700] "GET /Datasets%20Description/PE_malware/OPCleaver.html HTTP/1.1" 200 4239 "-" "-" 
49.7.20.102 - - [10/Jul/2021:11:55:08 -0700] "GET / HTTP/1.1" 200 0 "-" "Sogou web spider/4.0(+http://www.sogou.com/docs/help/webmasters.htm#07)" 
114.119.144.30 - - [10/Jul/2021:11:56:00 -0700] "GET /self.logs/error.log.2020-04-01 HTTP/1.1" 200 351 "-" "Mozilla/5.0 (Linux; Android 7.0;) AppleWebKit/537.36 (KHTML, like Gecko) Mobile Safari/537.36 (compatible; PetalBot;+https://webmaster.petalsearch.com/site/petalbot)" 
39.101.168.207 - - [10/Jul/2021:11:58:17 -0700] "GET /e/data/js/ajax.js HTTP/1.1" 404 328 "-" "Mozilla/5.0 (Windows NT 10.0; WOW64; rv:48.0) Gecko/20100101 Firefox/48.0" 
157.55.39.113 - - [10/Jul/2021:12:00:35 -0700] "GET /self.logs/access.log.2019-02-27.gz HTTP/1.1" 304 280 "-" "Mozilla/5.0 (compatible; bingbot/2.0; +http://www.bing.com/bingbot.htm)" 
114.119.150.248 - - [10/Jul/2021:12:01:00 -0700] "GET /self.logs/access.log.2019-10-13.gz HTTP/1.1" 200 18813 "-" "Mozilla/5.0 (Linux; Android 7.0;) AppleWebKit/537.36 (KHTML, like Gecko) Mobile Safari/537.36 (compatible; PetalBot;+https://webmaster.petalsearch.com/site/petalbot)" 
106.38.241.178 - - [10/Jul/2021:12:03:15 -0700] "GET / HTTP/1.1" 200 12846 "-" "Sogou web spider/4.0(+http://www.sogou.com/docs/help/webmasters.htm#07)" 
40.77.167.108 - - [10/Jul/2021:12:03:37 -0700] "GET /self.logs/access.log.2017-09-30.gz HTTP/1.1" 200 19315 "-" "Mozilla/5.0 (compatible; bingbot/2.0; +http://www.bing.com/bingbot.htm)" 
