114.119.141.53 - - [17/May/2021:07:42:51 -0700] "GET /self.logs/2015/access.log.2015-12-28.gz HTTP/1.1" 200 9099 "-" "Mozilla/5.0 (Linux; Android 7.0;) AppleWebKit/537.36 (KHTML, like Gecko) Mobile Safari/537.36 (compatible; PetalBot;+https://webmaster.petalsearch.com/site/petalbot)" 
40.77.167.47 - - [17/May/2021:07:43:35 -0700] "GET /self.logs/error.log.2019-03-02.gz HTTP/1.1" 200 4893 "-" "Mozilla/5.0 (compatible; bingbot/2.0; +http://www.bing.com/bingbot.htm)" 
114.119.148.169 - - [17/May/2021:07:47:50 -0700] "GET /robots.txt HTTP/1.1" 200 377 "-" "Mozilla/5.0 (compatible;PetalBot;+https://webmaster.petalsearch.com/site/petalbot)" 
54.36.149.61 - - [17/May/2021:07:50:36 -0700] "GET /Datasets%20Description/HTML_Bro_log_1/ HTTP/1.1" 200 790 "-" "Mozilla/5.0 (compatible; AhrefsBot/7.0; +http://ahrefs.com/robot/)" 
162.241.148.253 - - [17/May/2021:07:50:41 -0700] "HEAD / HTTP/1.1" 200 359 "https://www.ilovephd.com" "Mozilla/5.0 (Windows NT 10.0; Win64; x64) AppleWebKit/537.36 (KHTML, like Gecko) Chrome/70.0.3538.102 Safari/537.36" 
106.38.241.188 - - [17/May/2021:07:51:21 -0700] "GET / HTTP/1.1" 200 12844 "-" "Sogou web spider/4.0(+http://www.sogou.com/docs/help/webmasters.htm#07)" 
106.38.241.177 - - [17/May/2021:07:56:44 -0700] "GET / HTTP/1.1" 200 12844 "-" "Sogou web spider/4.0(+http://www.sogou.com/docs/help/webmasters.htm#07)" 
114.119.150.248 - - [17/May/2021:07:58:09 -0700] "GET /self.logs/error.log.2017-08-25.gz HTTP/1.1" 200 1032 "-" "Mozilla/5.0 (Linux; Android 7.0;) AppleWebKit/537.36 (KHTML, like Gecko) Mobile Safari/537.36 (compatible; PetalBot;+https://webmaster.petalsearch.com/site/petalbot)" 
157.55.39.41 - - [17/May/2021:07:59:09 -0700] "GET /self.logs/error.log.2021-03-30.gz HTTP/1.1" 200 4088 "-" "Mozilla/5.0 (compatible; bingbot/2.0; +http://www.bing.com/bingbot.htm)" 
54.36.148.17 - - [17/May/2021:08:01:01 -0700] "GET /maccdc2012/signatures.log.gz HTTP/1.1" 200 624 "-" "Mozilla/5.0 (compatible; AhrefsBot/7.0; +http://ahrefs.com/robot/)" 
102.39.111.112 - - [17/May/2021:08:01:12 -0700] "GET / HTTP/1.1" 200 12835 "-" "Mozilla/4.0 (compatible; MSIE 7.0; Windows NT 6.2; WOW64; Trident/7.0; .NET4.0E; .NET4.0C)" 
54.36.149.78 - - [17/May/2021:08:07:47 -0700] "GET /Datasets%20Description/Network/smtp.html HTTP/1.1" 200 1593 "-" "Mozilla/5.0 (compatible; AhrefsBot/7.0; +http://ahrefs.com/robot/)" 
114.119.155.228 - - [17/May/2021:08:08:30 -0700] "GET /self.logs/error.log.2017-09-02.gz HTTP/1.1" 200 1100 "-" "Mozilla/5.0 (Linux; Android 7.0;) AppleWebKit/537.36 (KHTML, like Gecko) Mobile Safari/537.36 (compatible; PetalBot;+https://webmaster.petalsearch.com/site/petalbot)" 
157.55.39.48 - - [17/May/2021:08:09:27 -0700] "GET /Datasets%20Description/PE_malware/VirusShare.html HTTP/1.1" 200 1651 "-" "Mozilla/5.0 (compatible; bingbot/2.0; +http://www.bing.com/bingbot.htm)" 
54.36.148.125 - - [17/May/2021:08:11:10 -0700] "GET /maccdc2012/conn.log.gz HTTP/1.1" 200 78840 "-" "Mozilla/5.0 (compatible; AhrefsBot/7.0; +http://ahrefs.com/robot/)" 
114.119.141.53 - - [17/May/2021:08:13:36 -0700] "GET /self.logs/access.log.2019-06-25.gz HTTP/1.1" 200 25985 "-" "Mozilla/5.0 (Linux; Android 7.0;) AppleWebKit/537.36 (KHTML, like Gecko) Mobile Safari/537.36 (compatible; PetalBot;+https://webmaster.petalsearch.com/site/petalbot)" 
54.36.148.17 - - [17/May/2021:08:14:33 -0700] "GET /Datasets%20Description/Network/ssh.html HTTP/1.1" 200 1324 "-" "Mozilla/5.0 (compatible; AhrefsBot/7.0; +http://ahrefs.com/robot/)" 
106.38.241.188 - - [17/May/2021:08:14:45 -0700] "GET / HTTP/1.1" 200 12842 "-" "Sogou web spider/4.0(+http://www.sogou.com/docs/help/webmasters.htm#07)" 
114.119.140.84 - - [17/May/2021:08:18:38 -0700] "GET /self.logs/access.log.2018-03-26.gz HTTP/1.1" 200 21181 "-" "Mozilla/5.0 (Linux; Android 7.0;) AppleWebKit/537.36 (KHTML, like Gecko) Mobile Safari/537.36 (compatible; PetalBot;+https://webmaster.petalsearch.com/site/petalbot)" 
85.208.98.51 - - [17/May/2021:08:19:47 -0700] "GET / HTTP/1.1" 301 419 "-" "Mozilla/5.0 (compatible; SemrushBot-BM/1.0; +http://www.semrush.com/bot.html)" 
85.208.98.51 - - [17/May/2021:08:19:51 -0700] "GET / HTTP/1.1" 200 12837 "-" "Mozilla/5.0 (compatible; SemrushBot-BM/1.0; +http://www.semrush.com/bot.html)" 
54.36.149.61 - - [17/May/2021:08:21:17 -0700] "GET /Datasets%20Description/Network/dhcp.html HTTP/1.1" 200 1417 "-" "Mozilla/5.0 (compatible; AhrefsBot/7.0; +http://ahrefs.com/robot/)" 
85.208.98.51 - - [17/May/2021:08:21:32 -0700] "GET /Datasets%20Description/HTML_Bro_log_1 HTTP/1.1" 301 489 "-" "Mozilla/5.0 (compatible; SemrushBot-BM/1.0; +http://www.semrush.com/bot.html)" 
85.208.98.51 - - [17/May/2021:08:21:40 -0700] "GET /Datasets%20Description/PE_malware/OPCleaver.html HTTP/1.1" 301 511 "-" "Mozilla/5.0 (compatible; SemrushBot-BM/1.0; +http://www.semrush.com/bot.html)" 
85.208.98.51 - - [17/May/2021:08:21:49 -0700] "GET /Datasets%20Description/Network/dns.html HTTP/1.1" 301 493 "-" "Mozilla/5.0 (compatible; SemrushBot-BM/1.0; +http://www.semrush.com/bot.html)" 
85.208.98.51 - - [17/May/2021:08:21:54 -0700] "GET /Datasets%20Description/Network/dhcp.html HTTP/1.1" 301 495 "-" "Mozilla/5.0 (compatible; SemrushBot-BM/1.0; +http://www.semrush.com/bot.html)" 
85.208.98.51 - - [17/May/2021:08:22:00 -0700] "GET /Datasets%20Description/Network/files.html HTTP/1.1" 301 497 "-" "Mozilla/5.0 (compatible; SemrushBot-BM/1.0; +http://www.semrush.com/bot.html)" 
85.208.98.51 - - [17/May/2021:08:22:09 -0700] "GET /honeypot/BSidesDFW%20-%202014.ipynb HTTP/1.1" 301 481 "-" "Mozilla/5.0 (compatible; SemrushBot-BM/1.0; +http://www.semrush.com/bot.html)" 
85.208.98.51 - - [17/May/2021:08:22:17 -0700] "GET /Datasets%20Description/Network/ftp.html HTTP/1.1" 301 493 "-" "Mozilla/5.0 (compatible; SemrushBot-BM/1.0; +http://www.semrush.com/bot.html)" 
85.208.98.51 - - [17/May/2021:08:22:27 -0700] "GET /Datasets%20Description/Network/weird.html HTTP/1.1" 301 497 "-" "Mozilla/5.0 (compatible; SemrushBot-BM/1.0; +http://www.semrush.com/bot.html)" 
85.208.98.51 - - [17/May/2021:08:22:37 -0700] "GET /Datasets%20Description/HTML_Bro_log_2 HTTP/1.1" 301 489 "-" "Mozilla/5.0 (compatible; SemrushBot-BM/1.0; +http://www.semrush.com/bot.html)" 
85.208.98.51 - - [17/May/2021:08:22:49 -0700] "GET /Datasets%20Description/HTML_Bro_log_3 HTTP/1.1" 301 489 "-" "Mozilla/5.0 (compatible; SemrushBot-BM/1.0; +http://www.semrush.com/bot.html)" 
85.208.98.51 - - [17/May/2021:08:22:59 -0700] "GET /Datasets%20Description/Network/ssl.html HTTP/1.1" 301 493 "-" "Mozilla/5.0 (compatible; SemrushBot-BM/1.0; +http://www.semrush.com/bot.html)" 
85.208.98.51 - - [17/May/2021:08:23:06 -0700] "GET /Datasets%20Description/PE_malware/VirusShare.html HTTP/1.1" 301 513 "-" "Mozilla/5.0 (compatible; SemrushBot-BM/1.0; +http://www.semrush.com/bot.html)" 
85.208.98.51 - - [17/May/2021:08:23:18 -0700] "GET /Datasets%20Description/Network/http.html HTTP/1.1" 301 495 "-" "Mozilla/5.0 (compatible; SemrushBot-BM/1.0; +http://www.semrush.com/bot.html)" 
85.208.98.51 - - [17/May/2021:08:23:39 -0700] "GET /Datasets%20Description/Network/signatures.html HTTP/1.1" 301 507 "-" "Mozilla/5.0 (compatible; SemrushBot-BM/1.0; +http://www.semrush.com/bot.html)" 
114.119.129.244 - - [17/May/2021:08:23:48 -0700] "GET /self.logs/access.log.2017-04-11.gz HTTP/1.1" 200 32546 "-" "Mozilla/5.0 (Linux; Android 7.0;) AppleWebKit/537.36 (KHTML, like Gecko) Mobile Safari/537.36 (compatible; PetalBot;+https://webmaster.petalsearch.com/site/petalbot)" 
85.208.98.51 - - [17/May/2021:08:24:05 -0700] "GET /Datasets%20Description/Network/smtp.html HTTP/1.1" 301 495 "-" "Mozilla/5.0 (compatible; SemrushBot-BM/1.0; +http://www.semrush.com/bot.html)" 
85.208.98.51 - - [17/May/2021:08:24:13 -0700] "GET /Datasets%20Description/Network/notice.html HTTP/1.1" 301 499 "-" "Mozilla/5.0 (compatible; SemrushBot-BM/1.0; +http://www.semrush.com/bot.html)" 
85.208.98.51 - - [17/May/2021:08:24:22 -0700] "GET /data HTTP/1.1" 301 427 "-" "Mozilla/5.0 (compatible; SemrushBot-BM/1.0; +http://www.semrush.com/bot.html)" 
85.208.98.51 - - [17/May/2021:08:24:22 -0700] "GET /data HTTP/1.1" 404 284 "-" "Mozilla/5.0 (compatible; SemrushBot-BM/1.0; +http://www.semrush.com/bot.html)" 
45.95.118.210 - - [17/May/2021:08:24:31 -0700] "GET / HTTP/1.0" 301 438 "-" "Mozilla/5.0 (Macintosh; Intel Mac OS X 10_13_4) AppleWebKit/537.36 (KHTML, like Gecko) Chrome/67.0.3396.87 Safari/537.36" 
45.95.118.210 - - [17/May/2021:08:24:32 -0700] "GET / HTTP/1.0" 200 12844 "-" "Mozilla/5.0 (Macintosh; Intel Mac OS X 10_13_4) AppleWebKit/537.36 (KHTML, like Gecko) Chrome/67.0.3396.87 Safari/537.36" 
85.208.98.51 - - [17/May/2021:08:24:32 -0700] "GET /Datasets%20Description/Network/tunnel.html HTTP/1.1" 301 499 "-" "Mozilla/5.0 (compatible; SemrushBot-BM/1.0; +http://www.semrush.com/bot.html)" 
196.196.246.81 - - [17/May/2021:08:24:34 -0700] "GET /data HTTP/1.0" 404 291 "http://www.secrepo.com/" "Mozilla/5.0 (Macintosh; Intel Mac OS X 10_13_4) AppleWebKit/537.36 (KHTML, like Gecko) Chrome/67.0.3396.87 Safari/537.36" 
85.208.98.51 - - [17/May/2021:08:24:41 -0700] "GET /self.logs/ HTTP/1.1" 301 439 "-" "Mozilla/5.0 (compatible; SemrushBot-BM/1.0; +http://www.semrush.com/bot.html)" 
54.36.148.209 - - [17/May/2021:08:24:41 -0700] "GET /maccdc2012/notice.log.gz HTTP/1.1" 200 20753 "-" "Mozilla/5.0 (compatible; AhrefsBot/7.0; +http://ahrefs.com/robot/)" 
85.208.98.51 - - [17/May/2021:08:24:41 -0700] "GET /self.logs/ HTTP/1.1" 200 29402 "-" "Mozilla/5.0 (compatible; SemrushBot-BM/1.0; +http://www.semrush.com/bot.html)" 
85.208.98.51 - - [17/May/2021:08:24:48 -0700] "GET /Datasets%20Description/PE_malware/Zeus.html HTTP/1.1" 301 501 "-" "Mozilla/5.0 (compatible; SemrushBot-BM/1.0; +http://www.semrush.com/bot.html)" 
85.208.98.51 - - [17/May/2021:08:24:53 -0700] "GET /Datasets%20Description/Network/ssh.html HTTP/1.1" 301 493 "-" "Mozilla/5.0 (compatible; SemrushBot-BM/1.0; +http://www.semrush.com/bot.html)" 
85.208.98.51 - - [17/May/2021:08:25:01 -0700] "GET /error.log.2020-10-27 HTTP/1.1" 301 459 "-" "Mozilla/5.0 (compatible; SemrushBot-BM/1.0; +http://www.semrush.com/bot.html)" 
85.208.98.51 - - [17/May/2021:08:25:01 -0700] "GET /error.log.2020-10-27 HTTP/1.1" 404 284 "-" "Mozilla/5.0 (compatible; SemrushBot-BM/1.0; +http://www.semrush.com/bot.html)" 
85.208.98.51 - - [17/May/2021:08:25:07 -0700] "GET /error.log.2020-04-20 HTTP/1.1" 301 459 "-" "Mozilla/5.0 (compatible; SemrushBot-BM/1.0; +http://www.semrush.com/bot.html)" 
85.208.98.51 - - [17/May/2021:08:25:07 -0700] "GET /error.log.2020-04-20 HTTP/1.1" 404 284 "-" "Mozilla/5.0 (compatible; SemrushBot-BM/1.0; +http://www.semrush.com/bot.html)" 
85.208.98.51 - - [17/May/2021:08:25:11 -0700] "GET /error.log.2020-05-27 HTTP/1.1" 301 459 "-" "Mozilla/5.0 (compatible; SemrushBot-BM/1.0; +http://www.semrush.com/bot.html)" 
85.208.98.51 - - [17/May/2021:08:25:11 -0700] "GET /error.log.2020-05-27 HTTP/1.1" 404 284 "-" "Mozilla/5.0 (compatible; SemrushBot-BM/1.0; +http://www.semrush.com/bot.html)" 
85.208.98.51 - - [17/May/2021:08:25:17 -0700] "GET /error.log.2020-09-15 HTTP/1.1" 301 459 "-" "Mozilla/5.0 (compatible; SemrushBot-BM/1.0; +http://www.semrush.com/bot.html)" 
85.208.98.51 - - [17/May/2021:08:25:20 -0700] "GET /error.log.2020-09-15 HTTP/1.1" 404 284 "-" "Mozilla/5.0 (compatible; SemrushBot-BM/1.0; +http://www.semrush.com/bot.html)" 
85.208.98.51 - - [17/May/2021:08:25:27 -0700] "GET /error.log.2020-02-07 HTTP/1.1" 301 459 "-" "Mozilla/5.0 (compatible; SemrushBot-BM/1.0; +http://www.semrush.com/bot.html)" 
85.208.98.51 - - [17/May/2021:08:25:27 -0700] "GET /error.log.2020-02-07 HTTP/1.1" 404 284 "-" "Mozilla/5.0 (compatible; SemrushBot-BM/1.0; +http://www.semrush.com/bot.html)" 
85.208.98.51 - - [17/May/2021:08:25:36 -0700] "GET /error.log.2020-07-10 HTTP/1.1" 301 459 "-" "Mozilla/5.0 (compatible; SemrushBot-BM/1.0; +http://www.semrush.com/bot.html)" 
85.208.98.51 - - [17/May/2021:08:25:38 -0700] "GET /error.log.2020-07-10 HTTP/1.1" 404 284 "-" "Mozilla/5.0 (compatible; SemrushBot-BM/1.0; +http://www.semrush.com/bot.html)" 
85.208.98.51 - - [17/May/2021:08:25:46 -0700] "GET /error.log.2020-11-20 HTTP/1.1" 301 459 "-" "Mozilla/5.0 (compatible; SemrushBot-BM/1.0; +http://www.semrush.com/bot.html)" 
85.208.98.51 - - [17/May/2021:08:25:49 -0700] "GET /error.log.2020-11-20 HTTP/1.1" 404 284 "-" "Mozilla/5.0 (compatible; SemrushBot-BM/1.0; +http://www.semrush.com/bot.html)" 
85.208.98.51 - - [17/May/2021:08:25:58 -0700] "GET /error.log.2021-01-04 HTTP/1.1" 301 459 "-" "Mozilla/5.0 (compatible; SemrushBot-BM/1.0; +http://www.semrush.com/bot.html)" 
85.208.98.51 - - [17/May/2021:08:26:01 -0700] "GET /error.log.2021-01-04 HTTP/1.1" 404 284 "-" "Mozilla/5.0 (compatible; SemrushBot-BM/1.0; +http://www.semrush.com/bot.html)" 
85.208.98.51 - - [17/May/2021:08:26:25 -0700] "GET /error.log.2020-06-22 HTTP/1.1" 301 459 "-" "Mozilla/5.0 (compatible; SemrushBot-BM/1.0; +http://www.semrush.com/bot.html)" 
85.208.98.51 - - [17/May/2021:08:26:27 -0700] "GET /error.log.2020-06-22 HTTP/1.1" 404 284 "-" "Mozilla/5.0 (compatible; SemrushBot-BM/1.0; +http://www.semrush.com/bot.html)" 
85.208.98.51 - - [17/May/2021:08:26:32 -0700] "GET /error.log.2020-08-06 HTTP/1.1" 301 459 "-" "Mozilla/5.0 (compatible; SemrushBot-BM/1.0; +http://www.semrush.com/bot.html)" 
85.208.98.51 - - [17/May/2021:08:26:32 -0700] "GET /error.log.2020-08-06 HTTP/1.1" 404 284 "-" "Mozilla/5.0 (compatible; SemrushBot-BM/1.0; +http://www.semrush.com/bot.html)" 
85.208.98.51 - - [17/May/2021:08:26:41 -0700] "GET /error.log.2021-01-14 HTTP/1.1" 301 459 "-" "Mozilla/5.0 (compatible; SemrushBot-BM/1.0; +http://www.semrush.com/bot.html)" 
85.208.98.51 - - [17/May/2021:08:26:44 -0700] "GET /error.log.2021-01-14 HTTP/1.1" 404 284 "-" "Mozilla/5.0 (compatible; SemrushBot-BM/1.0; +http://www.semrush.com/bot.html)" 
34.221.165.58 - - [17/May/2021:08:26:50 -0700] "GET / HTTP/1.1" 301 419 "-" "Mozilla/5.0 (X11; Linux x86_64) AppleWebKit/537.36 (KHTML, like Gecko) Chrome/83.0.4103.97 Safari/537.36" 
85.208.98.51 - - [17/May/2021:08:26:50 -0700] "GET /error.log.2020-11-22 HTTP/1.1" 301 459 "-" "Mozilla/5.0 (compatible; SemrushBot-BM/1.0; +http://www.semrush.com/bot.html)" 
34.221.165.58 - - [17/May/2021:08:26:52 -0700] "GET / HTTP/1.1" 200 12837 "-" "Mozilla/5.0 (X11; Linux x86_64) AppleWebKit/537.36 (KHTML, like Gecko) Chrome/83.0.4103.97 Safari/537.36" 
85.208.98.51 - - [17/May/2021:08:26:53 -0700] "GET /error.log.2020-11-22 HTTP/1.1" 404 284 "-" "Mozilla/5.0 (compatible; SemrushBot-BM/1.0; +http://www.semrush.com/bot.html)" 
85.208.98.51 - - [17/May/2021:08:26:57 -0700] "GET /error.log.2020-11-24 HTTP/1.1" 301 459 "-" "Mozilla/5.0 (compatible; SemrushBot-BM/1.0; +http://www.semrush.com/bot.html)" 
196.196.246.81 - - [17/May/2021:08:24:35 -0700] "GET /honeypot/Honeypot%20-%20Howto%20-%20BSides%20Austin.pdf HTTP/1.0" 200 623420 "http://www.secrepo.com/" "Mozilla/5.0 (Macintosh; Intel Mac OS X 10_13_4) AppleWebKit/537.36 (KHTML, like Gecko) Chrome/67.0.3396.87 Safari/537.36" 
85.208.98.51 - - [17/May/2021:08:27:01 -0700] "GET /error.log.2020-11-24 HTTP/1.1" 404 284 "-" "Mozilla/5.0 (compatible; SemrushBot-BM/1.0; +http://www.semrush.com/bot.html)" 
85.208.98.51 - - [17/May/2021:08:27:13 -0700] "GET /error.log.2020-10-06 HTTP/1.1" 301 459 "-" "Mozilla/5.0 (compatible; SemrushBot-BM/1.0; +http://www.semrush.com/bot.html)" 
85.208.98.51 - - [17/May/2021:08:27:16 -0700] "GET /error.log.2020-10-06 HTTP/1.1" 404 284 "-" "Mozilla/5.0 (compatible; SemrushBot-BM/1.0; +http://www.semrush.com/bot.html)" 
85.208.98.51 - - [17/May/2021:08:27:22 -0700] "GET /error.log.2020-07-28 HTTP/1.1" 301 459 "-" "Mozilla/5.0 (compatible; SemrushBot-BM/1.0; +http://www.semrush.com/bot.html)" 
85.208.98.51 - - [17/May/2021:08:27:24 -0700] "GET /error.log.2020-07-28 HTTP/1.1" 404 284 "-" "Mozilla/5.0 (compatible; SemrushBot-BM/1.0; +http://www.semrush.com/bot.html)" 
85.208.98.51 - - [17/May/2021:08:27:29 -0700] "GET /error.log.2020-07-25 HTTP/1.1" 301 459 "-" "Mozilla/5.0 (compatible; SemrushBot-BM/1.0; +http://www.semrush.com/bot.html)" 
85.208.98.51 - - [17/May/2021:08:27:32 -0700] "GET /error.log.2020-07-25 HTTP/1.1" 404 284 "-" "Mozilla/5.0 (compatible; SemrushBot-BM/1.0; +http://www.semrush.com/bot.html)" 
85.208.98.51 - - [17/May/2021:08:27:39 -0700] "GET /error.log.2020-05-30 HTTP/1.1" 301 459 "-" "Mozilla/5.0 (compatible; SemrushBot-BM/1.0; +http://www.semrush.com/bot.html)" 
85.208.98.51 - - [17/May/2021:08:27:43 -0700] "GET /error.log.2020-05-30 HTTP/1.1" 404 284 "-" "Mozilla/5.0 (compatible; SemrushBot-BM/1.0; +http://www.semrush.com/bot.html)" 
85.208.98.51 - - [17/May/2021:08:27:48 -0700] "GET /error.log.2020-08-14 HTTP/1.1" 301 459 "-" "Mozilla/5.0 (compatible; SemrushBot-BM/1.0; +http://www.semrush.com/bot.html)" 
85.208.98.51 - - [17/May/2021:08:27:48 -0700] "GET /error.log.2020-08-14 HTTP/1.1" 404 284 "-" "Mozilla/5.0 (compatible; SemrushBot-BM/1.0; +http://www.semrush.com/bot.html)" 
54.36.149.34 - - [17/May/2021:08:27:57 -0700] "GET /Datasets%20Description/Network/notice.html HTTP/1.1" 200 1606 "-" "Mozilla/5.0 (compatible; AhrefsBot/7.0; +http://ahrefs.com/robot/)" 
85.208.98.51 - - [17/May/2021:08:28:02 -0700] "GET /error.log.2020-06-15 HTTP/1.1" 301 459 "-" "Mozilla/5.0 (compatible; SemrushBot-BM/1.0; +http://www.semrush.com/bot.html)" 
157.55.39.26 - - [17/May/2021:08:28:22 -0700] "GET /self.logs/?C=M;O=A HTTP/1.1" 200 30548 "-" "Mozilla/5.0 (compatible; bingbot/2.0; +http://www.bing.com/bingbot.htm)" 
85.208.98.51 - - [17/May/2021:08:28:31 -0700] "GET /error.log.2020-09-29 HTTP/1.1" 301 459 "-" "Mozilla/5.0 (compatible; SemrushBot-BM/1.0; +http://www.semrush.com/bot.html)" 
85.208.98.51 - - [17/May/2021:08:28:34 -0700] "GET /error.log.2020-09-29 HTTP/1.1" 404 284 "-" "Mozilla/5.0 (compatible; SemrushBot-BM/1.0; +http://www.semrush.com/bot.html)" 
85.208.98.51 - - [17/May/2021:08:28:43 -0700] "GET /error.log.2020-07-02 HTTP/1.1" 301 459 "-" "Mozilla/5.0 (compatible; SemrushBot-BM/1.0; +http://www.semrush.com/bot.html)" 
85.208.98.51 - - [17/May/2021:08:28:43 -0700] "GET /error.log.2020-07-02 HTTP/1.1" 404 284 "-" "Mozilla/5.0 (compatible; SemrushBot-BM/1.0; +http://www.semrush.com/bot.html)" 
85.208.98.51 - - [17/May/2021:08:28:51 -0700] "GET /error.log.2020-03-05 HTTP/1.1" 301 459 "-" "Mozilla/5.0 (compatible; SemrushBot-BM/1.0; +http://www.semrush.com/bot.html)" 
85.208.98.51 - - [17/May/2021:08:28:55 -0700] "GET /error.log.2020-03-05 HTTP/1.1" 404 284 "-" "Mozilla/5.0 (compatible; SemrushBot-BM/1.0; +http://www.semrush.com/bot.html)" 
114.119.129.244 - - [17/May/2021:08:28:56 -0700] "GET /self.logs/2015/error.log.2015-05-30.gz HTTP/1.1" 200 653 "-" "Mozilla/5.0 (Linux; Android 7.0;) AppleWebKit/537.36 (KHTML, like Gecko) Mobile Safari/537.36 (compatible; PetalBot;+https://webmaster.petalsearch.com/site/petalbot)" 
85.208.98.51 - - [17/May/2021:08:29:01 -0700] "GET /error.log.2020-10-01 HTTP/1.1" 301 459 "-" "Mozilla/5.0 (compatible; SemrushBot-BM/1.0; +http://www.semrush.com/bot.html)" 
85.208.98.51 - - [17/May/2021:08:29:05 -0700] "GET /error.log.2020-10-01 HTTP/1.1" 404 284 "-" "Mozilla/5.0 (compatible; SemrushBot-BM/1.0; +http://www.semrush.com/bot.html)" 
85.208.98.51 - - [17/May/2021:08:29:33 -0700] "GET /error.log.2020-09-10 HTTP/1.1" 301 459 "-" "Mozilla/5.0 (compatible; SemrushBot-BM/1.0; +http://www.semrush.com/bot.html)" 
85.208.98.51 - - [17/May/2021:08:29:37 -0700] "GET /error.log.2020-09-10 HTTP/1.1" 404 284 "-" "Mozilla/5.0 (compatible; SemrushBot-BM/1.0; +http://www.semrush.com/bot.html)" 
85.208.98.51 - - [17/May/2021:08:29:46 -0700] "GET /error.log.2020-08-23 HTTP/1.1" 301 459 "-" "Mozilla/5.0 (compatible; SemrushBot-BM/1.0; +http://www.semrush.com/bot.html)" 
85.208.98.51 - - [17/May/2021:08:29:46 -0700] "GET /error.log.2020-08-23 HTTP/1.1" 404 284 "-" "Mozilla/5.0 (compatible; SemrushBot-BM/1.0; +http://www.semrush.com/bot.html)" 
85.208.98.51 - - [17/May/2021:08:29:53 -0700] "GET /error.log.2020-06-23 HTTP/1.1" 301 459 "-" "Mozilla/5.0 (compatible; SemrushBot-BM/1.0; +http://www.semrush.com/bot.html)" 
85.208.98.51 - - [17/May/2021:08:29:55 -0700] "GET /error.log.2020-06-23 HTTP/1.1" 404 284 "-" "Mozilla/5.0 (compatible; SemrushBot-BM/1.0; +http://www.semrush.com/bot.html)" 
85.208.98.51 - - [17/May/2021:08:30:00 -0700] "GET /error.log.2020-10-08 HTTP/1.1" 301 459 "-" "Mozilla/5.0 (compatible; SemrushBot-BM/1.0; +http://www.semrush.com/bot.html)" 
85.208.98.51 - - [17/May/2021:08:30:04 -0700] "GET /error.log.2020-10-08 HTTP/1.1" 404 284 "-" "Mozilla/5.0 (compatible; SemrushBot-BM/1.0; +http://www.semrush.com/bot.html)" 
34.207.71.169 - - [17/May/2021:08:30:11 -0700] "GET / HTTP/1.1" 200 12881 "-" "Iframely/1.3.1 (+https://iframely.com/docs/about)" 
106.38.241.177 - - [17/May/2021:08:30:12 -0700] "GET / HTTP/1.1" 200 12844 "-" "Sogou web spider/4.0(+http://www.sogou.com/docs/help/webmasters.htm#07)" 
85.208.98.51 - - [17/May/2021:08:30:13 -0700] "GET /error.log.2020-09-08 HTTP/1.1" 301 459 "-" "Mozilla/5.0 (compatible; SemrushBot-BM/1.0; +http://www.semrush.com/bot.html)" 
85.208.98.51 - - [17/May/2021:08:30:16 -0700] "GET /error.log.2020-09-08 HTTP/1.1" 404 284 "-" "Mozilla/5.0 (compatible; SemrushBot-BM/1.0; +http://www.semrush.com/bot.html)" 
85.208.98.51 - - [17/May/2021:08:30:21 -0700] "GET /error.log.2020-09-05 HTTP/1.1" 301 459 "-" "Mozilla/5.0 (compatible; SemrushBot-BM/1.0; +http://www.semrush.com/bot.html)" 
85.208.98.51 - - [17/May/2021:08:30:21 -0700] "GET /error.log.2020-09-05 HTTP/1.1" 404 284 "-" "Mozilla/5.0 (compatible; SemrushBot-BM/1.0; +http://www.semrush.com/bot.html)" 
85.208.98.51 - - [17/May/2021:08:30:26 -0700] "GET /error.log.2020-07-14 HTTP/1.1" 301 459 "-" "Mozilla/5.0 (compatible; SemrushBot-BM/1.0; +http://www.semrush.com/bot.html)" 
85.208.98.51 - - [17/May/2021:08:30:26 -0700] "GET /error.log.2020-07-14 HTTP/1.1" 404 284 "-" "Mozilla/5.0 (compatible; SemrushBot-BM/1.0; +http://www.semrush.com/bot.html)" 
85.208.98.51 - - [17/May/2021:08:30:32 -0700] "GET /error.log.2020-05-16 HTTP/1.1" 301 459 "-" "Mozilla/5.0 (compatible; SemrushBot-BM/1.0; +http://www.semrush.com/bot.html)" 
85.208.98.51 - - [17/May/2021:08:30:32 -0700] "GET /error.log.2020-05-16 HTTP/1.1" 404 284 "-" "Mozilla/5.0 (compatible; SemrushBot-BM/1.0; +http://www.semrush.com/bot.html)" 
85.208.98.51 - - [17/May/2021:08:30:40 -0700] "GET /error.log.2020-06-28 HTTP/1.1" 301 459 "-" "Mozilla/5.0 (compatible; SemrushBot-BM/1.0; +http://www.semrush.com/bot.html)" 
85.208.98.51 - - [17/May/2021:08:30:43 -0700] "GET /error.log.2020-06-28 HTTP/1.1" 404 284 "-" "Mozilla/5.0 (compatible; SemrushBot-BM/1.0; +http://www.semrush.com/bot.html)" 
85.208.98.51 - - [17/May/2021:08:30:51 -0700] "GET /error.log.2020-06-21 HTTP/1.1" 301 459 "-" "Mozilla/5.0 (compatible; SemrushBot-BM/1.0; +http://www.semrush.com/bot.html)" 
85.208.98.51 - - [17/May/2021:08:30:54 -0700] "GET /error.log.2020-06-21 HTTP/1.1" 404 284 "-" "Mozilla/5.0 (compatible; SemrushBot-BM/1.0; +http://www.semrush.com/bot.html)" 
85.208.98.51 - - [17/May/2021:08:30:58 -0700] "GET /error.log.2020-07-17 HTTP/1.1" 301 459 "-" "Mozilla/5.0 (compatible; SemrushBot-BM/1.0; +http://www.semrush.com/bot.html)" 
85.208.98.51 - - [17/May/2021:08:31:01 -0700] "GET /error.log.2020-07-17 HTTP/1.1" 404 284 "-" "Mozilla/5.0 (compatible; SemrushBot-BM/1.0; +http://www.semrush.com/bot.html)" 
85.208.98.51 - - [17/May/2021:08:31:06 -0700] "GET /error.log.2021-05-04 HTTP/1.1" 301 459 "-" "Mozilla/5.0 (compatible; SemrushBot-BM/1.0; +http://www.semrush.com/bot.html)" 
85.208.98.51 - - [17/May/2021:08:31:09 -0700] "GET /error.log.2021-05-04 HTTP/1.1" 404 284 "-" "Mozilla/5.0 (compatible; SemrushBot-BM/1.0; +http://www.semrush.com/bot.html)" 
85.208.98.51 - - [17/May/2021:08:31:14 -0700] "GET /error.log.2020-12-14 HTTP/1.1" 301 459 "-" "Mozilla/5.0 (compatible; SemrushBot-BM/1.0; +http://www.semrush.com/bot.html)" 
85.208.98.51 - - [17/May/2021:08:31:15 -0700] "GET /error.log.2020-12-14 HTTP/1.1" 404 284 "-" "Mozilla/5.0 (compatible; SemrushBot-BM/1.0; +http://www.semrush.com/bot.html)" 
54.36.149.61 - - [17/May/2021:08:31:25 -0700] "GET /maccdc2012/smtp.log.gz HTTP/1.1" 200 6912 "-" "Mozilla/5.0 (compatible; AhrefsBot/7.0; +http://ahrefs.com/robot/)" 
85.208.98.51 - - [17/May/2021:08:31:26 -0700] "GET /error.log.2020-05-01 HTTP/1.1" 301 459 "-" "Mozilla/5.0 (compatible; SemrushBot-BM/1.0; +http://www.semrush.com/bot.html)" 
85.208.98.51 - - [17/May/2021:08:31:29 -0700] "GET /error.log.2020-05-01 HTTP/1.1" 404 284 "-" "Mozilla/5.0 (compatible; SemrushBot-BM/1.0; +http://www.semrush.com/bot.html)" 
85.208.98.51 - - [17/May/2021:08:31:34 -0700] "GET /error.log.2020-05-25 HTTP/1.1" 301 459 "-" "Mozilla/5.0 (compatible; SemrushBot-BM/1.0; +http://www.semrush.com/bot.html)" 
85.208.98.51 - - [17/May/2021:08:31:37 -0700] "GET /error.log.2020-05-25 HTTP/1.1" 404 284 "-" "Mozilla/5.0 (compatible; SemrushBot-BM/1.0; +http://www.semrush.com/bot.html)" 
85.208.98.51 - - [17/May/2021:08:31:43 -0700] "GET /error.log.2020-11-16 HTTP/1.1" 301 459 "-" "Mozilla/5.0 (compatible; SemrushBot-BM/1.0; +http://www.semrush.com/bot.html)" 
85.208.98.51 - - [17/May/2021:08:31:46 -0700] "GET /error.log.2020-11-16 HTTP/1.1" 404 284 "-" "Mozilla/5.0 (compatible; SemrushBot-BM/1.0; +http://www.semrush.com/bot.html)" 
85.208.98.51 - - [17/May/2021:08:31:54 -0700] "GET /error.log.2020-03-11 HTTP/1.1" 301 459 "-" "Mozilla/5.0 (compatible; SemrushBot-BM/1.0; +http://www.semrush.com/bot.html)" 
85.208.98.51 - - [17/May/2021:08:31:56 -0700] "GET /error.log.2020-03-11 HTTP/1.1" 404 284 "-" "Mozilla/5.0 (compatible; SemrushBot-BM/1.0; +http://www.semrush.com/bot.html)" 
85.208.98.51 - - [17/May/2021:08:32:02 -0700] "GET /error.log.2020-08-30 HTTP/1.1" 301 459 "-" "Mozilla/5.0 (compatible; SemrushBot-BM/1.0; +http://www.semrush.com/bot.html)" 
85.208.98.51 - - [17/May/2021:08:32:03 -0700] "GET /error.log.2020-08-30 HTTP/1.1" 404 284 "-" "Mozilla/5.0 (compatible; SemrushBot-BM/1.0; +http://www.semrush.com/bot.html)" 
85.208.98.51 - - [17/May/2021:08:32:07 -0700] "GET /error.log.2020-01-31 HTTP/1.1" 301 459 "-" "Mozilla/5.0 (compatible; SemrushBot-BM/1.0; +http://www.semrush.com/bot.html)" 
85.208.98.51 - - [17/May/2021:08:32:29 -0700] "GET /error.log.2020-02-29 HTTP/1.1" 301 459 "-" "Mozilla/5.0 (compatible; SemrushBot-BM/1.0; +http://www.semrush.com/bot.html)" 
85.208.98.51 - - [17/May/2021:08:32:33 -0700] "GET /error.log.2020-02-29 HTTP/1.1" 404 284 "-" "Mozilla/5.0 (compatible; SemrushBot-BM/1.0; +http://www.semrush.com/bot.html)" 
85.208.98.51 - - [17/May/2021:08:32:37 -0700] "GET /error.log.2020-09-07 HTTP/1.1" 301 459 "-" "Mozilla/5.0 (compatible; SemrushBot-BM/1.0; +http://www.semrush.com/bot.html)" 
85.208.98.51 - - [17/May/2021:08:32:40 -0700] "GET /error.log.2020-09-07 HTTP/1.1" 404 284 "-" "Mozilla/5.0 (compatible; SemrushBot-BM/1.0; +http://www.semrush.com/bot.html)" 
85.208.98.51 - - [17/May/2021:08:32:46 -0700] "GET /error.log.2020-10-26 HTTP/1.1" 301 459 "-" "Mozilla/5.0 (compatible; SemrushBot-BM/1.0; +http://www.semrush.com/bot.html)" 
85.208.98.51 - - [17/May/2021:08:32:48 -0700] "GET /error.log.2020-10-26 HTTP/1.1" 404 284 "-" "Mozilla/5.0 (compatible; SemrushBot-BM/1.0; +http://www.semrush.com/bot.html)" 
85.208.98.51 - - [17/May/2021:08:32:54 -0700] "GET /error.log.2020-09-26 HTTP/1.1" 301 459 "-" "Mozilla/5.0 (compatible; SemrushBot-BM/1.0; +http://www.semrush.com/bot.html)" 
85.208.98.51 - - [17/May/2021:08:32:57 -0700] "GET /error.log.2020-09-26 HTTP/1.1" 404 284 "-" "Mozilla/5.0 (compatible; SemrushBot-BM/1.0; +http://www.semrush.com/bot.html)" 
85.208.98.51 - - [17/May/2021:08:33:05 -0700] "GET /error.log.2020-01-17 HTTP/1.1" 301 459 "-" "Mozilla/5.0 (compatible; SemrushBot-BM/1.0; +http://www.semrush.com/bot.html)" 
85.208.98.51 - - [17/May/2021:08:33:08 -0700] "GET /error.log.2020-01-17 HTTP/1.1" 404 284 "-" "Mozilla/5.0 (compatible; SemrushBot-BM/1.0; +http://www.semrush.com/bot.html)" 
85.208.98.51 - - [17/May/2021:08:33:16 -0700] "GET /error.log.2020-12-18 HTTP/1.1" 301 459 "-" "Mozilla/5.0 (compatible; SemrushBot-BM/1.0; +http://www.semrush.com/bot.html)" 
85.208.98.51 - - [17/May/2021:08:33:20 -0700] "GET /error.log.2020-12-18 HTTP/1.1" 404 284 "-" "Mozilla/5.0 (compatible; SemrushBot-BM/1.0; +http://www.semrush.com/bot.html)" 
85.208.98.51 - - [17/May/2021:08:33:28 -0700] "GET /error.log.2020-01-20 HTTP/1.1" 301 459 "-" "Mozilla/5.0 (compatible; SemrushBot-BM/1.0; +http://www.semrush.com/bot.html)" 
85.208.98.51 - - [17/May/2021:08:33:31 -0700] "GET /error.log.2020-01-20 HTTP/1.1" 404 284 "-" "Mozilla/5.0 (compatible; SemrushBot-BM/1.0; +http://www.semrush.com/bot.html)" 
85.208.98.51 - - [17/May/2021:08:33:43 -0700] "GET /error.log.2020-12-04 HTTP/1.1" 301 459 "-" "Mozilla/5.0 (compatible; SemrushBot-BM/1.0; +http://www.semrush.com/bot.html)" 
85.208.98.51 - - [17/May/2021:08:33:47 -0700] "GET /error.log.2020-12-04 HTTP/1.1" 404 284 "-" "Mozilla/5.0 (compatible; SemrushBot-BM/1.0; +http://www.semrush.com/bot.html)" 
85.208.98.51 - - [17/May/2021:08:33:53 -0700] "GET /error.log.2020-04-22 HTTP/1.1" 301 459 "-" "Mozilla/5.0 (compatible; SemrushBot-BM/1.0; +http://www.semrush.com/bot.html)" 
85.208.98.51 - - [17/May/2021:08:33:56 -0700] "GET /error.log.2020-04-22 HTTP/1.1" 404 284 "-" "Mozilla/5.0 (compatible; SemrushBot-BM/1.0; +http://www.semrush.com/bot.html)" 
85.208.98.51 - - [17/May/2021:08:34:01 -0700] "GET /error.log.2019-08-08 HTTP/1.1" 301 459 "-" "Mozilla/5.0 (compatible; SemrushBot-BM/1.0; +http://www.semrush.com/bot.html)" 
85.208.98.51 - - [17/May/2021:08:34:05 -0700] "GET /error.log.2019-08-08 HTTP/1.1" 404 284 "-" "Mozilla/5.0 (compatible; SemrushBot-BM/1.0; +http://www.semrush.com/bot.html)" 
85.208.98.51 - - [17/May/2021:08:34:11 -0700] "GET /error.log.2020-06-03 HTTP/1.1" 301 459 "-" "Mozilla/5.0 (compatible; SemrushBot-BM/1.0; +http://www.semrush.com/bot.html)" 
85.208.98.51 - - [17/May/2021:08:34:15 -0700] "GET /error.log.2020-06-03 HTTP/1.1" 404 284 "-" "Mozilla/5.0 (compatible; SemrushBot-BM/1.0; +http://www.semrush.com/bot.html)" 
85.208.98.51 - - [17/May/2021:08:34:21 -0700] "GET /error.log.2020-10-23 HTTP/1.1" 301 459 "-" "Mozilla/5.0 (compatible; SemrushBot-BM/1.0; +http://www.semrush.com/bot.html)" 
85.208.98.51 - - [17/May/2021:08:34:24 -0700] "GET /error.log.2020-10-23 HTTP/1.1" 404 284 "-" "Mozilla/5.0 (compatible; SemrushBot-BM/1.0; +http://www.semrush.com/bot.html)" 
85.208.98.51 - - [17/May/2021:08:34:33 -0700] "GET /error.log.2020-11-18 HTTP/1.1" 301 459 "-" "Mozilla/5.0 (compatible; SemrushBot-BM/1.0; +http://www.semrush.com/bot.html)" 
85.208.98.51 - - [17/May/2021:08:34:36 -0700] "GET /error.log.2020-11-18 HTTP/1.1" 404 284 "-" "Mozilla/5.0 (compatible; SemrushBot-BM/1.0; +http://www.semrush.com/bot.html)" 
85.208.98.51 - - [17/May/2021:08:34:42 -0700] "GET /error.log.2020-10-28 HTTP/1.1" 301 459 "-" "Mozilla/5.0 (compatible; SemrushBot-BM/1.0; +http://www.semrush.com/bot.html)" 
85.208.98.51 - - [17/May/2021:08:34:45 -0700] "GET /error.log.2020-10-28 HTTP/1.1" 404 284 "-" "Mozilla/5.0 (compatible; SemrushBot-BM/1.0; +http://www.semrush.com/bot.html)" 
54.36.148.17 - - [17/May/2021:08:34:50 -0700] "GET /maccdc2012/weird.log.gz HTTP/1.1" 200 78840 "-" "Mozilla/5.0 (compatible; AhrefsBot/7.0; +http://ahrefs.com/robot/)" 
85.208.98.51 - - [17/May/2021:08:34:53 -0700] "GET /error.log.2020-11-15 HTTP/1.1" 301 459 "-" "Mozilla/5.0 (compatible; SemrushBot-BM/1.0; +http://www.semrush.com/bot.html)" 
85.208.98.51 - - [17/May/2021:08:34:56 -0700] "GET /error.log.2020-11-15 HTTP/1.1" 404 284 "-" "Mozilla/5.0 (compatible; SemrushBot-BM/1.0; +http://www.semrush.com/bot.html)" 
85.208.98.51 - - [17/May/2021:08:35:01 -0700] "GET /error.log.2020-12-06 HTTP/1.1" 301 459 "-" "Mozilla/5.0 (compatible; SemrushBot-BM/1.0; +http://www.semrush.com/bot.html)" 
85.208.98.51 - - [17/May/2021:08:35:04 -0700] "GET /error.log.2020-12-06 HTTP/1.1" 404 284 "-" "Mozilla/5.0 (compatible; SemrushBot-BM/1.0; +http://www.semrush.com/bot.html)" 
85.208.98.51 - - [17/May/2021:08:35:13 -0700] "GET /error.log.2020-06-02 HTTP/1.1" 301 459 "-" "Mozilla/5.0 (compatible; SemrushBot-BM/1.0; +http://www.semrush.com/bot.html)" 
85.208.98.51 - - [17/May/2021:08:35:16 -0700] "GET /error.log.2020-06-02 HTTP/1.1" 404 284 "-" "Mozilla/5.0 (compatible; SemrushBot-BM/1.0; +http://www.semrush.com/bot.html)" 
85.208.98.51 - - [17/May/2021:08:35:25 -0700] "GET /error.log.2020-04-06 HTTP/1.1" 301 459 "-" "Mozilla/5.0 (compatible; SemrushBot-BM/1.0; +http://www.semrush.com/bot.html)" 
85.208.98.51 - - [17/May/2021:08:35:29 -0700] "GET /error.log.2020-04-06 HTTP/1.1" 404 284 "-" "Mozilla/5.0 (compatible; SemrushBot-BM/1.0; +http://www.semrush.com/bot.html)" 
85.208.98.51 - - [17/May/2021:08:35:36 -0700] "GET /error.log.2020-08-17 HTTP/1.1" 301 459 "-" "Mozilla/5.0 (compatible; SemrushBot-BM/1.0; +http://www.semrush.com/bot.html)" 
85.208.98.51 - - [17/May/2021:08:35:40 -0700] "GET /error.log.2020-08-17 HTTP/1.1" 404 284 "-" "Mozilla/5.0 (compatible; SemrushBot-BM/1.0; +http://www.semrush.com/bot.html)" 
85.208.98.51 - - [17/May/2021:08:35:46 -0700] "GET /error.log.2020-08-12 HTTP/1.1" 301 459 "-" "Mozilla/5.0 (compatible; SemrushBot-BM/1.0; +http://www.semrush.com/bot.html)" 
85.208.98.51 - - [17/May/2021:08:35:49 -0700] "GET /error.log.2020-08-12 HTTP/1.1" 404 284 "-" "Mozilla/5.0 (compatible; SemrushBot-BM/1.0; +http://www.semrush.com/bot.html)" 
85.208.98.51 - - [17/May/2021:08:35:54 -0700] "GET /error.log.2020-03-15 HTTP/1.1" 301 459 "-" "Mozilla/5.0 (compatible; SemrushBot-BM/1.0; +http://www.semrush.com/bot.html)" 
85.208.98.51 - - [17/May/2021:08:35:55 -0700] "GET /error.log.2020-03-15 HTTP/1.1" 404 284 "-" "Mozilla/5.0 (compatible; SemrushBot-BM/1.0; +http://www.semrush.com/bot.html)" 
85.208.98.51 - - [17/May/2021:08:36:25 -0700] "GET /error.log.2020-02-25 HTTP/1.1" 301 459 "-" "Mozilla/5.0 (compatible; SemrushBot-BM/1.0; +http://www.semrush.com/bot.html)" 
85.208.98.51 - - [17/May/2021:08:36:28 -0700] "GET /error.log.2020-02-25 HTTP/1.1" 404 284 "-" "Mozilla/5.0 (compatible; SemrushBot-BM/1.0; +http://www.semrush.com/bot.html)" 
106.38.241.188 - - [17/May/2021:08:36:34 -0700] "GET / HTTP/1.1" 200 12845 "-" "Sogou web spider/4.0(+http://www.sogou.com/docs/help/webmasters.htm#07)" 
85.208.98.51 - - [17/May/2021:08:36:36 -0700] "GET /error.log.2019-08-09 HTTP/1.1" 301 459 "-" "Mozilla/5.0 (compatible; SemrushBot-BM/1.0; +http://www.semrush.com/bot.html)" 
85.208.98.51 - - [17/May/2021:08:36:39 -0700] "GET /error.log.2019-08-09 HTTP/1.1" 404 284 "-" "Mozilla/5.0 (compatible; SemrushBot-BM/1.0; +http://www.semrush.com/bot.html)" 
85.208.98.51 - - [17/May/2021:08:36:45 -0700] "GET /error.log.2020-10-14 HTTP/1.1" 301 459 "-" "Mozilla/5.0 (compatible; SemrushBot-BM/1.0; +http://www.semrush.com/bot.html)" 
85.208.98.51 - - [17/May/2021:08:36:48 -0700] "GET /error.log.2020-10-14 HTTP/1.1" 404 284 "-" "Mozilla/5.0 (compatible; SemrushBot-BM/1.0; +http://www.semrush.com/bot.html)" 
85.208.98.51 - - [17/May/2021:08:36:59 -0700] "GET /error.log.2020-05-28 HTTP/1.1" 301 459 "-" "Mozilla/5.0 (compatible; SemrushBot-BM/1.0; +http://www.semrush.com/bot.html)" 
85.208.98.51 - - [17/May/2021:08:37:02 -0700] "GET /error.log.2020-05-28 HTTP/1.1" 404 284 "-" "Mozilla/5.0 (compatible; SemrushBot-BM/1.0; +http://www.semrush.com/bot.html)" 
85.208.98.51 - - [17/May/2021:08:37:07 -0700] "GET /error.log.2020-04-19 HTTP/1.1" 301 459 "-" "Mozilla/5.0 (compatible; SemrushBot-BM/1.0; +http://www.semrush.com/bot.html)" 
85.208.98.51 - - [17/May/2021:08:37:10 -0700] "GET /error.log.2020-04-19 HTTP/1.1" 404 284 "-" "Mozilla/5.0 (compatible; SemrushBot-BM/1.0; +http://www.semrush.com/bot.html)" 
114.119.141.53 - - [17/May/2021:08:37:14 -0700] "GET /self.logs/access.log.2017-10-23.gz HTTP/1.1" 200 23796 "-" "Mozilla/5.0 (Linux; Android 7.0;) AppleWebKit/537.36 (KHTML, like Gecko) Mobile Safari/537.36 (compatible; PetalBot;+https://webmaster.petalsearch.com/site/petalbot)" 
85.208.98.51 - - [17/May/2021:08:37:16 -0700] "GET /error.log.2020-03-23 HTTP/1.1" 301 459 "-" "Mozilla/5.0 (compatible; SemrushBot-BM/1.0; +http://www.semrush.com/bot.html)" 
85.208.98.51 - - [17/May/2021:08:37:19 -0700] "GET /error.log.2020-03-23 HTTP/1.1" 404 284 "-" "Mozilla/5.0 (compatible; SemrushBot-BM/1.0; +http://www.semrush.com/bot.html)" 
85.208.98.51 - - [17/May/2021:08:37:24 -0700] "GET /error.log.2021-04-23 HTTP/1.1" 301 459 "-" "Mozilla/5.0 (compatible; SemrushBot-BM/1.0; +http://www.semrush.com/bot.html)" 
85.208.98.51 - - [17/May/2021:08:37:27 -0700] "GET /error.log.2021-04-23 HTTP/1.1" 404 284 "-" "Mozilla/5.0 (compatible; SemrushBot-BM/1.0; +http://www.semrush.com/bot.html)" 
85.208.98.51 - - [17/May/2021:08:37:40 -0700] "GET /error.log.2020-03-02 HTTP/1.1" 301 459 "-" "Mozilla/5.0 (compatible; SemrushBot-BM/1.0; +http://www.semrush.com/bot.html)" 
85.208.98.51 - - [17/May/2021:08:37:43 -0700] "GET /error.log.2020-03-02 HTTP/1.1" 404 284 "-" "Mozilla/5.0 (compatible; SemrushBot-BM/1.0; +http://www.semrush.com/bot.html)" 
85.208.98.51 - - [17/May/2021:08:37:54 -0700] "GET /error.log.2020-06-11 HTTP/1.1" 301 459 "-" "Mozilla/5.0 (compatible; SemrushBot-BM/1.0; +http://www.semrush.com/bot.html)" 
85.208.98.51 - - [17/May/2021:08:37:58 -0700] "GET /error.log.2020-06-11 HTTP/1.1" 404 284 "-" "Mozilla/5.0 (compatible; SemrushBot-BM/1.0; +http://www.semrush.com/bot.html)" 
85.208.98.51 - - [17/May/2021:08:38:04 -0700] "GET /error.log.2019-12-22 HTTP/1.1" 301 459 "-" "Mozilla/5.0 (compatible; SemrushBot-BM/1.0; +http://www.semrush.com/bot.html)" 
85.208.98.51 - - [17/May/2021:08:38:07 -0700] "GET /error.log.2019-12-22 HTTP/1.1" 404 284 "-" "Mozilla/5.0 (compatible; SemrushBot-BM/1.0; +http://www.semrush.com/bot.html)" 
85.208.98.51 - - [17/May/2021:08:38:15 -0700] "GET /error.log.2020-12-02 HTTP/1.1" 301 459 "-" "Mozilla/5.0 (compatible; SemrushBot-BM/1.0; +http://www.semrush.com/bot.html)" 
85.208.98.51 - - [17/May/2021:08:38:18 -0700] "GET /error.log.2020-12-02 HTTP/1.1" 404 284 "-" "Mozilla/5.0 (compatible; SemrushBot-BM/1.0; +http://www.semrush.com/bot.html)" 
85.208.98.51 - - [17/May/2021:08:38:29 -0700] "GET /error.log.2020-09-20 HTTP/1.1" 301 459 "-" "Mozilla/5.0 (compatible; SemrushBot-BM/1.0; +http://www.semrush.com/bot.html)" 
85.208.98.51 - - [17/May/2021:08:38:32 -0700] "GET /error.log.2020-09-20 HTTP/1.1" 404 284 "-" "Mozilla/5.0 (compatible; SemrushBot-BM/1.0; +http://www.semrush.com/bot.html)" 
85.208.98.51 - - [17/May/2021:08:38:39 -0700] "GET /error.log.2020-11-19 HTTP/1.1" 301 459 "-" "Mozilla/5.0 (compatible; SemrushBot-BM/1.0; +http://www.semrush.com/bot.html)" 
85.208.98.51 - - [17/May/2021:08:38:42 -0700] "GET /error.log.2020-11-19 HTTP/1.1" 404 284 "-" "Mozilla/5.0 (compatible; SemrushBot-BM/1.0; +http://www.semrush.com/bot.html)" 
85.208.98.51 - - [17/May/2021:08:38:50 -0700] "GET /error.log.2020-11-25 HTTP/1.1" 301 459 "-" "Mozilla/5.0 (compatible; SemrushBot-BM/1.0; +http://www.semrush.com/bot.html)" 
85.208.98.51 - - [17/May/2021:08:38:53 -0700] "GET /error.log.2020-11-25 HTTP/1.1" 404 284 "-" "Mozilla/5.0 (compatible; SemrushBot-BM/1.0; +http://www.semrush.com/bot.html)" 
85.208.98.51 - - [17/May/2021:08:38:58 -0700] "GET /error.log.2020-07-21 HTTP/1.1" 301 459 "-" "Mozilla/5.0 (compatible; SemrushBot-BM/1.0; +http://www.semrush.com/bot.html)" 
85.208.98.51 - - [17/May/2021:08:39:01 -0700] "GET /error.log.2020-07-21 HTTP/1.1" 404 284 "-" "Mozilla/5.0 (compatible; SemrushBot-BM/1.0; +http://www.semrush.com/bot.html)" 
85.208.98.51 - - [17/May/2021:08:39:06 -0700] "GET /error.log.2020-06-07 HTTP/1.1" 301 459 "-" "Mozilla/5.0 (compatible; SemrushBot-BM/1.0; +http://www.semrush.com/bot.html)" 
85.208.98.51 - - [17/May/2021:08:39:09 -0700] "GET /error.log.2020-06-07 HTTP/1.1" 404 284 "-" "Mozilla/5.0 (compatible; SemrushBot-BM/1.0; +http://www.semrush.com/bot.html)" 
85.208.98.51 - - [17/May/2021:08:39:15 -0700] "GET /error.log.2020-04-18 HTTP/1.1" 301 459 "-" "Mozilla/5.0 (compatible; SemrushBot-BM/1.0; +http://www.semrush.com/bot.html)" 
114.119.159.101 - - [17/May/2021:08:39:17 -0700] "GET /self.logs/2015/error.log.2015-01-29.gz HTTP/1.1" 200 1560 "-" "Mozilla/5.0 (Linux; Android 7.0;) AppleWebKit/537.36 (KHTML, like Gecko) Mobile Safari/537.36 (compatible; PetalBot;+https://webmaster.petalsearch.com/site/petalbot)" 
85.208.98.51 - - [17/May/2021:08:39:18 -0700] "GET /error.log.2020-04-18 HTTP/1.1" 404 284 "-" "Mozilla/5.0 (compatible; SemrushBot-BM/1.0; +http://www.semrush.com/bot.html)" 
85.208.98.51 - - [17/May/2021:08:39:25 -0700] "GET /error.log.2020-03-31 HTTP/1.1" 301 459 "-" "Mozilla/5.0 (compatible; SemrushBot-BM/1.0; +http://www.semrush.com/bot.html)" 
85.208.98.51 - - [17/May/2021:08:39:28 -0700] "GET /error.log.2020-03-31 HTTP/1.1" 404 284 "-" "Mozilla/5.0 (compatible; SemrushBot-BM/1.0; +http://www.semrush.com/bot.html)" 
85.208.98.51 - - [17/May/2021:08:39:33 -0700] "GET /error.log.2021-05-12 HTTP/1.1" 301 459 "-" "Mozilla/5.0 (compatible; SemrushBot-BM/1.0; +http://www.semrush.com/bot.html)" 
85.208.98.51 - - [17/May/2021:08:39:37 -0700] "GET /error.log.2021-05-12 HTTP/1.1" 404 284 "-" "Mozilla/5.0 (compatible; SemrushBot-BM/1.0; +http://www.semrush.com/bot.html)" 
85.208.98.51 - - [17/May/2021:08:39:42 -0700] "GET /error.log.2020-03-01 HTTP/1.1" 301 459 "-" "Mozilla/5.0 (compatible; SemrushBot-BM/1.0; +http://www.semrush.com/bot.html)" 
85.208.98.51 - - [17/May/2021:08:39:45 -0700] "GET /error.log.2020-03-01 HTTP/1.1" 404 284 "-" "Mozilla/5.0 (compatible; SemrushBot-BM/1.0; +http://www.semrush.com/bot.html)" 
85.208.98.51 - - [17/May/2021:08:39:53 -0700] "GET /error.log.2020-02-24 HTTP/1.1" 301 459 "-" "Mozilla/5.0 (compatible; SemrushBot-BM/1.0; +http://www.semrush.com/bot.html)" 
85.208.98.51 - - [17/May/2021:08:39:57 -0700] "GET /error.log.2020-02-24 HTTP/1.1" 404 284 "-" "Mozilla/5.0 (compatible; SemrushBot-BM/1.0; +http://www.semrush.com/bot.html)" 
85.208.98.51 - - [17/May/2021:08:40:02 -0700] "GET /error.log.2020-08-10 HTTP/1.1" 301 459 "-" "Mozilla/5.0 (compatible; SemrushBot-BM/1.0; +http://www.semrush.com/bot.html)" 
85.208.98.51 - - [17/May/2021:08:40:05 -0700] "GET /error.log.2020-08-10 HTTP/1.1" 404 284 "-" "Mozilla/5.0 (compatible; SemrushBot-BM/1.0; +http://www.semrush.com/bot.html)" 
85.208.98.51 - - [17/May/2021:08:40:10 -0700] "GET /error.log.2020-10-07 HTTP/1.1" 301 459 "-" "Mozilla/5.0 (compatible; SemrushBot-BM/1.0; +http://www.semrush.com/bot.html)" 
85.208.98.51 - - [17/May/2021:08:40:13 -0700] "GET /error.log.2020-10-07 HTTP/1.1" 404 284 "-" "Mozilla/5.0 (compatible; SemrushBot-BM/1.0; +http://www.semrush.com/bot.html)" 
85.208.98.51 - - [17/May/2021:08:40:26 -0700] "GET /error.log.2020-03-03 HTTP/1.1" 301 459 "-" "Mozilla/5.0 (compatible; SemrushBot-BM/1.0; +http://www.semrush.com/bot.html)" 
85.208.98.51 - - [17/May/2021:08:40:29 -0700] "GET /error.log.2020-03-03 HTTP/1.1" 404 284 "-" "Mozilla/5.0 (compatible; SemrushBot-BM/1.0; +http://www.semrush.com/bot.html)" 
85.208.98.51 - - [17/May/2021:08:40:34 -0700] "GET /error.log.2020-10-18 HTTP/1.1" 301 459 "-" "Mozilla/5.0 (compatible; SemrushBot-BM/1.0; +http://www.semrush.com/bot.html)" 
85.208.98.51 - - [17/May/2021:08:40:37 -0700] "GET /error.log.2020-10-18 HTTP/1.1" 404 284 "-" "Mozilla/5.0 (compatible; SemrushBot-BM/1.0; +http://www.semrush.com/bot.html)" 
85.208.98.51 - - [17/May/2021:08:40:42 -0700] "GET /error.log.2020-09-16 HTTP/1.1" 301 459 "-" "Mozilla/5.0 (compatible; SemrushBot-BM/1.0; +http://www.semrush.com/bot.html)" 
85.208.98.51 - - [17/May/2021:08:40:45 -0700] "GET /error.log.2020-09-16 HTTP/1.1" 404 284 "-" "Mozilla/5.0 (compatible; SemrushBot-BM/1.0; +http://www.semrush.com/bot.html)" 
85.208.98.51 - - [17/May/2021:08:40:53 -0700] "GET /error.log.2020-09-24 HTTP/1.1" 301 459 "-" "Mozilla/5.0 (compatible; SemrushBot-BM/1.0; +http://www.semrush.com/bot.html)" 
85.208.98.51 - - [17/May/2021:08:40:56 -0700] "GET /error.log.2020-09-24 HTTP/1.1" 404 284 "-" "Mozilla/5.0 (compatible; SemrushBot-BM/1.0; +http://www.semrush.com/bot.html)" 
85.208.98.51 - - [17/May/2021:08:41:01 -0700] "GET /error.log.2020-07-01 HTTP/1.1" 301 459 "-" "Mozilla/5.0 (compatible; SemrushBot-BM/1.0; +http://www.semrush.com/bot.html)" 
85.208.98.51 - - [17/May/2021:08:41:04 -0700] "GET /error.log.2020-07-01 HTTP/1.1" 404 284 "-" "Mozilla/5.0 (compatible; SemrushBot-BM/1.0; +http://www.semrush.com/bot.html)" 
85.208.98.51 - - [17/May/2021:08:41:10 -0700] "GET /error.log.2021-01-16 HTTP/1.1" 301 459 "-" "Mozilla/5.0 (compatible; SemrushBot-BM/1.0; +http://www.semrush.com/bot.html)" 
85.208.98.51 - - [17/May/2021:08:41:13 -0700] "GET /error.log.2021-01-16 HTTP/1.1" 404 284 "-" "Mozilla/5.0 (compatible; SemrushBot-BM/1.0; +http://www.semrush.com/bot.html)" 
85.208.98.51 - - [17/May/2021:08:41:23 -0700] "GET /error.log.2020-08-15 HTTP/1.1" 301 459 "-" "Mozilla/5.0 (compatible; SemrushBot-BM/1.0; +http://www.semrush.com/bot.html)" 
85.208.98.51 - - [17/May/2021:08:41:26 -0700] "GET /error.log.2020-08-15 HTTP/1.1" 404 284 "-" "Mozilla/5.0 (compatible; SemrushBot-BM/1.0; +http://www.semrush.com/bot.html)" 
85.208.98.51 - - [17/May/2021:08:41:33 -0700] "GET /error.log.2021-03-02 HTTP/1.1" 301 459 "-" "Mozilla/5.0 (compatible; SemrushBot-BM/1.0; +http://www.semrush.com/bot.html)" 
85.208.98.51 - - [17/May/2021:08:41:36 -0700] "GET /error.log.2021-03-02 HTTP/1.1" 404 284 "-" "Mozilla/5.0 (compatible; SemrushBot-BM/1.0; +http://www.semrush.com/bot.html)" 
85.208.98.51 - - [17/May/2021:08:41:47 -0700] "GET /error.log.2020-01-25 HTTP/1.1" 301 459 "-" "Mozilla/5.0 (compatible; SemrushBot-BM/1.0; +http://www.semrush.com/bot.html)" 
85.208.98.51 - - [17/May/2021:08:41:50 -0700] "GET /error.log.2020-01-25 HTTP/1.1" 404 284 "-" "Mozilla/5.0 (compatible; SemrushBot-BM/1.0; +http://www.semrush.com/bot.html)" 
66.249.64.157 - - [17/May/2021:08:41:58 -0700] "GET /Datasets%20Description/HTML_Bro_log_1/ HTTP/1.1" 200 834 "-" "Mozilla/5.0 (compatible; Googlebot/2.1; +http://www.google.com/bot.html)" 
85.208.98.51 - - [17/May/2021:08:42:01 -0700] "GET /error.log.2019-12-08 HTTP/1.1" 301 459 "-" "Mozilla/5.0 (compatible; SemrushBot-BM/1.0; +http://www.semrush.com/bot.html)" 
85.208.98.51 - - [17/May/2021:08:42:04 -0700] "GET /error.log.2019-12-08 HTTP/1.1" 404 284 "-" "Mozilla/5.0 (compatible; SemrushBot-BM/1.0; +http://www.semrush.com/bot.html)" 
85.208.98.51 - - [17/May/2021:08:42:14 -0700] "GET /error.log.2020-05-24 HTTP/1.1" 301 459 "-" "Mozilla/5.0 (compatible; SemrushBot-BM/1.0; +http://www.semrush.com/bot.html)" 
85.208.98.51 - - [17/May/2021:08:42:17 -0700] "GET /error.log.2020-05-24 HTTP/1.1" 404 284 "-" "Mozilla/5.0 (compatible; SemrushBot-BM/1.0; +http://www.semrush.com/bot.html)" 
85.208.98.51 - - [17/May/2021:08:42:30 -0700] "GET /error.log.2020-11-28 HTTP/1.1" 301 459 "-" "Mozilla/5.0 (compatible; SemrushBot-BM/1.0; +http://www.semrush.com/bot.html)" 
85.208.98.51 - - [17/May/2021:08:42:34 -0700] "GET /error.log.2020-11-28 HTTP/1.1" 404 284 "-" "Mozilla/5.0 (compatible; SemrushBot-BM/1.0; +http://www.semrush.com/bot.html)" 
85.208.98.51 - - [17/May/2021:08:42:47 -0700] "GET /error.log.2021-01-07 HTTP/1.1" 301 459 "-" "Mozilla/5.0 (compatible; SemrushBot-BM/1.0; +http://www.semrush.com/bot.html)" 
85.208.98.51 - - [17/May/2021:08:42:50 -0700] "GET /error.log.2021-01-07 HTTP/1.1" 404 284 "-" "Mozilla/5.0 (compatible; SemrushBot-BM/1.0; +http://www.semrush.com/bot.html)" 
85.208.98.51 - - [17/May/2021:08:42:59 -0700] "GET /error.log.2020-12-30 HTTP/1.1" 301 459 "-" "Mozilla/5.0 (compatible; SemrushBot-BM/1.0; +http://www.semrush.com/bot.html)" 
85.208.98.51 - - [17/May/2021:08:43:02 -0700] "GET /error.log.2020-12-30 HTTP/1.1" 404 284 "-" "Mozilla/5.0 (compatible; SemrushBot-BM/1.0; +http://www.semrush.com/bot.html)" 
85.208.98.51 - - [17/May/2021:08:43:10 -0700] "GET /error.log.2020-07-18 HTTP/1.1" 301 459 "-" "Mozilla/5.0 (compatible; SemrushBot-BM/1.0; +http://www.semrush.com/bot.html)" 
85.208.98.51 - - [17/May/2021:08:43:13 -0700] "GET /error.log.2020-07-18 HTTP/1.1" 404 284 "-" "Mozilla/5.0 (compatible; SemrushBot-BM/1.0; +http://www.semrush.com/bot.html)" 
85.208.98.51 - - [17/May/2021:08:43:22 -0700] "GET /error.log.2020-02-27 HTTP/1.1" 301 459 "-" "Mozilla/5.0 (compatible; SemrushBot-BM/1.0; +http://www.semrush.com/bot.html)" 
85.208.98.51 - - [17/May/2021:08:43:25 -0700] "GET /error.log.2020-02-27 HTTP/1.1" 404 284 "-" "Mozilla/5.0 (compatible; SemrushBot-BM/1.0; +http://www.semrush.com/bot.html)" 
85.208.98.51 - - [17/May/2021:08:43:34 -0700] "GET /error.log.2020-07-04 HTTP/1.1" 301 459 "-" "Mozilla/5.0 (compatible; SemrushBot-BM/1.0; +http://www.semrush.com/bot.html)" 
85.208.98.51 - - [17/May/2021:08:43:37 -0700] "GET /error.log.2020-07-04 HTTP/1.1" 404 284 "-" "Mozilla/5.0 (compatible; SemrushBot-BM/1.0; +http://www.semrush.com/bot.html)" 
85.208.98.51 - - [17/May/2021:08:43:45 -0700] "GET /error.log.2020-09-06 HTTP/1.1" 301 459 "-" "Mozilla/5.0 (compatible; SemrushBot-BM/1.0; +http://www.semrush.com/bot.html)" 
85.208.98.51 - - [17/May/2021:08:43:48 -0700] "GET /error.log.2020-09-06 HTTP/1.1" 404 284 "-" "Mozilla/5.0 (compatible; SemrushBot-BM/1.0; +http://www.semrush.com/bot.html)" 
85.208.98.51 - - [17/May/2021:08:43:55 -0700] "GET /error.log.2020-02-22 HTTP/1.1" 301 459 "-" "Mozilla/5.0 (compatible; SemrushBot-BM/1.0; +http://www.semrush.com/bot.html)" 
85.208.98.51 - - [17/May/2021:08:43:58 -0700] "GET /error.log.2020-02-22 HTTP/1.1" 404 284 "-" "Mozilla/5.0 (compatible; SemrushBot-BM/1.0; +http://www.semrush.com/bot.html)" 
85.208.98.51 - - [17/May/2021:08:44:06 -0700] "GET /error.log.2021-01-09 HTTP/1.1" 301 459 "-" "Mozilla/5.0 (compatible; SemrushBot-BM/1.0; +http://www.semrush.com/bot.html)" 
85.208.98.51 - - [17/May/2021:08:44:09 -0700] "GET /error.log.2021-01-09 HTTP/1.1" 404 284 "-" "Mozilla/5.0 (compatible; SemrushBot-BM/1.0; +http://www.semrush.com/bot.html)" 
85.208.98.51 - - [17/May/2021:08:44:15 -0700] "GET /error.log.2021-01-01 HTTP/1.1" 301 459 "-" "Mozilla/5.0 (compatible; SemrushBot-BM/1.0; +http://www.semrush.com/bot.html)" 
