51.222.253.7 - - [04/Jun/2024:02:12:22 -0700] "GET /self.logs/2016/error.log.2016-03-14.gz HTTP/1.1" 200 958 "-" "Mozilla/5.0 (compatible; AhrefsBot/7.0; +http://ahrefs.com/robot/)" 
223.30.20.253 - - [04/Jun/2024:02:12:29 -0700] "GET / HTTP/1.1" 200 13186 "-" "Mozilla/5.0 (Windows NT 10.0; Win64; x64) AppleWebKit/537.36 (KHTML, like Gecko) Chrome/125.0.0.0 Safari/537.36" 
223.30.20.253 - - [04/Jun/2024:02:12:30 -0700] "GET /css/style.css HTTP/1.1" 404 305 "http://www.secrepo.com/" "Mozilla/5.0 (Windows NT 10.0; Win64; x64) AppleWebKit/537.36 (KHTML, like Gecko) Chrome/125.0.0.0 Safari/537.36" 
223.30.20.253 - - [04/Jun/2024:02:12:32 -0700] "GET /twitter-icon.png HTTP/1.1" 200 27893 "http://www.secrepo.com/" "Mozilla/5.0 (Windows NT 10.0; Win64; x64) AppleWebKit/537.36 (KHTML, like Gecko) Chrome/125.0.0.0 Safari/537.36" 
223.30.20.253 - - [04/Jun/2024:02:12:32 -0700] "GET /GitHub-Mark.png HTTP/1.1" 200 7556 "http://www.secrepo.com/" "Mozilla/5.0 (Windows NT 10.0; Win64; x64) AppleWebKit/537.36 (KHTML, like Gecko) Chrome/125.0.0.0 Safari/537.36" 
223.30.20.253 - - [04/Jun/2024:02:12:42 -0700] "GET /bootstrap/img/favicon.ico HTTP/1.1" 200 713 "http://www.secrepo.com/" "Mozilla/5.0 (Windows NT 10.0; Win64; x64) AppleWebKit/537.36 (KHTML, like Gecko) Chrome/125.0.0.0 Safari/537.36" 
110.40.44.78 - - [04/Jun/2024:02:13:08 -0700] "GET /login.php?s=Admin/login HTTP/1.1" 404 328 "-" "python-requests/2.24.0" 
223.30.20.253 - - [04/Jun/2024:02:13:45 -0700] "GET /Datasets%20Description/Network/dhcp.html HTTP/1.1" 200 1461 "http://www.secrepo.com/" "Mozilla/5.0 (Windows NT 10.0; Win64; x64) AppleWebKit/537.36 (KHTML, like Gecko) Chrome/125.0.0.0 Safari/537.36" 
223.30.20.253 - - [04/Jun/2024:02:13:45 -0700] "GET /favicon.ico HTTP/1.1" 200 368 "http://www.secrepo.com/Datasets%20Description/Network/dhcp.html" "Mozilla/5.0 (Windows NT 10.0; Win64; x64) AppleWebKit/537.36 (KHTML, like Gecko) Chrome/125.0.0.0 Safari/537.36" 
223.30.20.253 - - [04/Jun/2024:02:14:03 -0700] "GET /Datasets%20Description/Network/ssh.html HTTP/1.1" 200 1368 "http://www.secrepo.com/" "Mozilla/5.0 (Windows NT 10.0; Win64; x64) AppleWebKit/537.36 (KHTML, like Gecko) Chrome/125.0.0.0 Safari/537.36" 
223.30.20.253 - - [04/Jun/2024:02:14:18 -0700] "GET /Datasets%20Description/PE_malware/Zeus.html HTTP/1.1" 200 1698 "http://www.secrepo.com/" "Mozilla/5.0 (Windows NT 10.0; Win64; x64) AppleWebKit/537.36 (KHTML, like Gecko) Chrome/125.0.0.0 Safari/537.36" 
223.30.20.253 - - [04/Jun/2024:02:14:27 -0700] "GET /Datasets%20Description/PE_malware/Zeus.html HTTP/1.1" 200 1698 "http://www.secrepo.com/" "Mozilla/5.0 (Windows NT 10.0; Win64; x64) AppleWebKit/537.36 (KHTML, like Gecko) Chrome/125.0.0.0 Safari/537.36" 
51.222.253.3 - - [04/Jun/2024:02:15:19 -0700] "GET /self.logs/2016/access.log.2016-05-09.gz HTTP/1.1" 200 8426 "-" "Mozilla/5.0 (compatible; AhrefsBot/7.0; +http://ahrefs.com/robot/)" 
223.30.20.253 - - [04/Jun/2024:02:16:13 -0700] "GET /honeypot/BSidesDFW%20-%202014.ipynb HTTP/1.1" 200 930921 "http://www.secrepo.com/" "Mozilla/5.0 (Windows NT 10.0; Win64; x64) AppleWebKit/537.36 (KHTML, like Gecko) Chrome/125.0.0.0 Safari/537.36" 
223.30.20.253 - - [04/Jun/2024:02:14:12 -0700] "GET /pe_static/zeus.zip HTTP/1.1" 200 143080 "http://www.secrepo.com/" "Mozilla/5.0 (Windows NT 10.0; Win64; x64) AppleWebKit/537.36 (KHTML, like Gecko) Chrome/125.0.0.0 Safari/537.36" 
107.20.105.74 - - [04/Jun/2024:02:17:47 -0700] "HEAD / HTTP/1.1" 301 186 "-" "DreamHost SiteMonitor 1.0" 
107.20.105.74 - - [04/Jun/2024:02:17:47 -0700] "HEAD / HTTP/1.1" 200 359 "http://67.205.24.129" "DreamHost SiteMonitor 1.0" 
51.222.253.11 - - [04/Jun/2024:02:18:10 -0700] "GET /self.logs/2016/error.log.2016-07-06.gz HTTP/1.1" 200 912 "-" "Mozilla/5.0 (compatible; AhrefsBot/7.0; +http://ahrefs.com/robot/)" 
119.188.247.111 - - [04/Jun/2024:02:22:50 -0700] "GET / HTTP/1.1" 200 13186 "-" "Mozilla/5.0 (Windows NT 10.0; Win64; x64) AppleWebKit/537.36 (KHTML, like Gecko) Chrome/97.0.4280.67 Safari/537.36 Edg/97.0.664.52" 
20.191.45.212 - - [04/Jun/2024:02:23:27 -0700] "GET / HTTP/1.1" 200 13186 "http://www.secrepo.com/" "DuckDuckBot/1.1; (+http://duckduckgo.com/duckduckbot.html)" 
20.191.45.212 - - [04/Jun/2024:02:23:27 -0700] "GET /bootstrap/img/favicon.ico HTTP/1.1" 200 690 "http://www.secrepo.com/bootstrap/img/favicon.ico" "DuckDuckBot/1.1; (+http://duckduckgo.com/duckduckbot.html)" 
52.167.144.170 - - [04/Jun/2024:02:24:37 -0700] "GET /self.logs/error.log.2020-12-30 HTTP/1.1" 301 479 "-" "Mozilla/5.0 AppleWebKit/537.36 (KHTML, like Gecko; compatible; bingbot/2.0; +http://www.bing.com/bingbot.htm) Chrome/116.0.1938.76 Safari/537.36" 
40.77.167.181 - - [04/Jun/2024:02:28:54 -0700] "GET /robots.txt HTTP/1.1" 301 495 "-" "Mozilla/5.0 AppleWebKit/537.36 (KHTML, like Gecko; compatible; bingbot/2.0; +http://www.bing.com/bingbot.htm) Chrome/116.0.1938.76 Safari/537.36" 
40.77.167.181 - - [04/Jun/2024:02:28:54 -0700] "GET /robots.txt HTTP/1.1" 200 377 "-" "Mozilla/5.0 AppleWebKit/537.36 (KHTML, like Gecko; compatible; bingbot/2.0; +http://www.bing.com/bingbot.htm) Chrome/116.0.1938.76 Safari/537.36" 
52.167.144.170 - - [04/Jun/2024:02:28:58 -0700] "GET /self.logs/error.log.2017-02-08.gz HTTP/1.1" 301 485 "-" "Mozilla/5.0 AppleWebKit/537.36 (KHTML, like Gecko; compatible; bingbot/2.0; +http://www.bing.com/bingbot.htm) Chrome/116.0.1938.76 Safari/537.36" 
216.244.66.245 - - [04/Jun/2024:02:30:25 -0700] "GET /self.logs/error.log.2017-01-04.gz HTTP/1.1" 200 4159 "-" "Mozilla/5.0 (compatible; DotBot/1.2; +https://opensiteexplorer.org/dotbot; help@moz.com)" 
216.244.66.245 - - [04/Jun/2024:02:30:41 -0700] "GET /self.logs/error.log.2020-07-17 HTTP/1.1" 200 307 "-" "Mozilla/5.0 (compatible; DotBot/1.2; +https://opensiteexplorer.org/dotbot; help@moz.com)" 
216.244.66.245 - - [04/Jun/2024:02:30:56 -0700] "GET /self.logs/error.log.2023-05-31.gz HTTP/1.1" 200 8441 "-" "Mozilla/5.0 (compatible; DotBot/1.2; +https://opensiteexplorer.org/dotbot; help@moz.com)" 
216.244.66.245 - - [04/Jun/2024:02:31:09 -0700] "GET /self.logs/error.log.2023-08-27.gz HTTP/1.1" 200 2677 "-" "Mozilla/5.0 (compatible; DotBot/1.2; +https://opensiteexplorer.org/dotbot; help@moz.com)" 
47.104.104.225 - - [04/Jun/2024:02:36:23 -0700] "GET /wp-includes/js/wp-embed.min.js HTTP/1.1" 404 328 "-" "Mozilla/5.0 (Windows NT 10.0; WOW64; rv:48.0) Gecko/20100101 Firefox/48.0" 
216.244.66.245 - - [04/Jun/2024:02:37:14 -0700] "GET /self.logs/access.log.2020-02-03.gz HTTP/1.1" 200 10617 "-" "Mozilla/5.0 (compatible; DotBot/1.2; +https://opensiteexplorer.org/dotbot; help@moz.com)" 
216.244.66.245 - - [04/Jun/2024:02:37:26 -0700] "GET /self.logs/access.log.2020-08-22.gz HTTP/1.1" 200 11090 "-" "Mozilla/5.0 (compatible; DotBot/1.2; +https://opensiteexplorer.org/dotbot; help@moz.com)" 
216.244.66.245 - - [04/Jun/2024:02:37:34 -0700] "GET /self.logs/access.log.2020-11-01.gz HTTP/1.1" 200 16161 "-" "Mozilla/5.0 (compatible; DotBot/1.2; +https://opensiteexplorer.org/dotbot; help@moz.com)" 
216.244.66.245 - - [04/Jun/2024:02:37:43 -0700] "GET /self.logs/access.log.2020-11-16.gz HTTP/1.1" 200 11618 "-" "Mozilla/5.0 (compatible; DotBot/1.2; +https://opensiteexplorer.org/dotbot; help@moz.com)" 
107.20.105.74 - - [04/Jun/2024:02:37:47 -0700] "HEAD / HTTP/1.1" 301 186 "-" "DreamHost SiteMonitor 1.0" 
107.20.105.74 - - [04/Jun/2024:02:37:47 -0700] "HEAD / HTTP/1.1" 200 359 "http://67.205.24.129" "DreamHost SiteMonitor 1.0" 
216.244.66.245 - - [04/Jun/2024:02:38:22 -0700] "GET /self.logs/error.log.2017-04-24.gz HTTP/1.1" 200 857 "-" "Mozilla/5.0 (compatible; DotBot/1.2; +https://opensiteexplorer.org/dotbot; help@moz.com)" 
216.244.66.245 - - [04/Jun/2024:02:38:53 -0700] "GET /self.logs/error.log.2017-05-20.gz HTTP/1.1" 200 2271 "-" "Mozilla/5.0 (compatible; DotBot/1.2; +https://opensiteexplorer.org/dotbot; help@moz.com)" 
216.244.66.245 - - [04/Jun/2024:02:39:21 -0700] "GET /self.logs/error.log.2017-05-29.gz HTTP/1.1" 200 1441 "-" "Mozilla/5.0 (compatible; DotBot/1.2; +https://opensiteexplorer.org/dotbot; help@moz.com)" 
216.244.66.245 - - [04/Jun/2024:02:39:48 -0700] "GET /self.logs/error.log.2018-09-26.gz HTTP/1.1" 200 5406 "-" "Mozilla/5.0 (compatible; DotBot/1.2; +https://opensiteexplorer.org/dotbot; help@moz.com)" 
69.171.249.3 - - [04/Jun/2024:02:40:04 -0700] "GET /robots.txt HTTP/1.1" 200 377 "-" "facebookexternalhit/1.1 (+http://www.facebook.com/externalhit_uatext.php)" 
69.171.249.120 - - [04/Jun/2024:02:40:04 -0700] "GET /self.logs/error.log.2020-12-11 HTTP/1.1" 200 1382 "-" "facebookexternalhit/1.1 (+http://www.facebook.com/externalhit_uatext.php)" 
216.244.66.245 - - [04/Jun/2024:02:40:15 -0700] "GET /self.logs/error.log.2018-10-29.gz HTTP/1.1" 200 4305 "-" "Mozilla/5.0 (compatible; DotBot/1.2; +https://opensiteexplorer.org/dotbot; help@moz.com)" 
216.244.66.245 - - [04/Jun/2024:02:40:40 -0700] "GET /self.logs/error.log.2018-12-28.gz HTTP/1.1" 200 4754 "-" "Mozilla/5.0 (compatible; DotBot/1.2; +https://opensiteexplorer.org/dotbot; help@moz.com)" 
216.244.66.245 - - [04/Jun/2024:02:41:05 -0700] "GET /self.logs/error.log.2019-01-01.gz HTTP/1.1" 200 7181 "-" "Mozilla/5.0 (compatible; DotBot/1.2; +https://opensiteexplorer.org/dotbot; help@moz.com)" 
216.244.66.245 - - [04/Jun/2024:02:41:29 -0700] "GET /self.logs/error.log.2019-02-10.gz HTTP/1.1" 200 4083 "-" "Mozilla/5.0 (compatible; DotBot/1.2; +https://opensiteexplorer.org/dotbot; help@moz.com)" 
216.244.66.245 - - [04/Jun/2024:02:41:51 -0700] "GET /self.logs/error.log.2019-05-16.gz HTTP/1.1" 200 5394 "-" "Mozilla/5.0 (compatible; DotBot/1.2; +https://opensiteexplorer.org/dotbot; help@moz.com)" 
216.244.66.245 - - [04/Jun/2024:02:42:12 -0700] "GET /self.logs/error.log.2019-09-06.gz HTTP/1.1" 200 2301 "-" "Mozilla/5.0 (compatible; DotBot/1.2; +https://opensiteexplorer.org/dotbot; help@moz.com)" 
216.244.66.245 - - [04/Jun/2024:02:42:32 -0700] "GET /self.logs/error.log.2020-12-05 HTTP/1.1" 200 307 "-" "Mozilla/5.0 (compatible; DotBot/1.2; +https://opensiteexplorer.org/dotbot; help@moz.com)" 
216.244.66.245 - - [04/Jun/2024:02:42:52 -0700] "GET /self.logs/error.log.2020-12-28 HTTP/1.1" 200 307 "-" "Mozilla/5.0 (compatible; DotBot/1.2; +https://opensiteexplorer.org/dotbot; help@moz.com)" 
216.244.66.245 - - [04/Jun/2024:02:43:11 -0700] "GET /self.logs/error.log.2021-01-04 HTTP/1.1" 200 307 "-" "Mozilla/5.0 (compatible; DotBot/1.2; +https://opensiteexplorer.org/dotbot; help@moz.com)" 
216.244.66.245 - - [04/Jun/2024:02:43:28 -0700] "GET /self.logs/error.log.2021-01-27.gz HTTP/1.1" 200 3403 "-" "Mozilla/5.0 (compatible; DotBot/1.2; +https://opensiteexplorer.org/dotbot; help@moz.com)" 
216.244.66.245 - - [04/Jun/2024:02:43:44 -0700] "GET /self.logs/error.log.2021-08-28.gz HTTP/1.1" 200 974 "-" "Mozilla/5.0 (compatible; DotBot/1.2; +https://opensiteexplorer.org/dotbot; help@moz.com)" 
5.62.43.110 - - [04/Jun/2024:02:44:28 -0700] "GET /api/.env HTTP/1.1" 301 491 "-" "Mozilla/5.0 (Windows NT 10.0; Win64; x64; rv:58.0) Gecko/20100101 Firefox/58.0" 
5.62.43.110 - - [04/Jun/2024:02:44:29 -0700] "GET /api/.env HTTP/1.1" 418 747 "-" "Mozilla/5.0 (Windows NT 10.0; Win64; x64; rv:58.0) Gecko/20100101 Firefox/58.0" 
5.62.43.110 - - [04/Jun/2024:02:44:58 -0700] "GET /API/.env HTTP/1.1" 301 491 "-" "Mozilla/5.0 (Windows NT 10.0; Win64; x64; rv:58.0) Gecko/20100101 Firefox/58.0" 
5.62.43.110 - - [04/Jun/2024:02:44:59 -0700] "GET /API/.env HTTP/1.1" 418 747 "-" "Mozilla/5.0 (Windows NT 10.0; Win64; x64; rv:58.0) Gecko/20100101 Firefox/58.0" 
173.252.127.10 - - [04/Jun/2024:02:45:24 -0700] "GET /self.logs/error.log.2023-01-30 HTTP/1.1" 200 351 "-" "facebookexternalhit/1.1 (+http://www.facebook.com/externalhit_uatext.php)" 
5.62.43.110 - - [04/Jun/2024:02:45:29 -0700] "GET /server/.env HTTP/1.1" 301 497 "-" "Mozilla/5.0 (Windows NT 10.0; Win64; x64; rv:58.0) Gecko/20100101 Firefox/58.0" 
5.62.43.110 - - [04/Jun/2024:02:45:33 -0700] "GET /server/.env HTTP/1.1" 418 747 "-" "Mozilla/5.0 (Windows NT 10.0; Win64; x64; rv:58.0) Gecko/20100101 Firefox/58.0" 
5.62.43.110 - - [04/Jun/2024:02:46:20 -0700] "GET /.env HTTP/1.1" 301 483 "-" "Mozilla/5.0 (Windows NT 10.0; Win64; x64; rv:58.0) Gecko/20100101 Firefox/58.0" 
5.62.43.110 - - [04/Jun/2024:02:46:21 -0700] "GET /.env HTTP/1.1" 404 519 "-" "Mozilla/5.0 (Windows NT 10.0; Win64; x64; rv:58.0) Gecko/20100101 Firefox/58.0" 
5.62.43.110 - - [04/Jun/2024:02:46:42 -0700] "GET /.env.example HTTP/1.1" 301 499 "-" "Mozilla/5.0 (Windows NT 10.0; Win64; x64; rv:58.0) Gecko/20100101 Firefox/58.0" 
5.62.43.110 - - [04/Jun/2024:02:46:42 -0700] "GET /.env.example HTTP/1.1" 404 519 "-" "Mozilla/5.0 (Windows NT 10.0; Win64; x64; rv:58.0) Gecko/20100101 Firefox/58.0" 
5.62.43.110 - - [04/Jun/2024:02:47:07 -0700] "GET /_profiler/phpinfo HTTP/1.1" 301 509 "-" "Mozilla/5.0 (Windows NT 10.0; Win64; x64; rv:58.0) Gecko/20100101 Firefox/58.0" 
5.62.43.110 - - [04/Jun/2024:02:47:07 -0700] "GET /_profiler/phpinfo HTTP/1.1" 404 328 "-" "Mozilla/5.0 (Windows NT 10.0; Win64; x64; rv:58.0) Gecko/20100101 Firefox/58.0" 
5.62.43.110 - - [04/Jun/2024:02:47:22 -0700] "GET /storage/logs/laravel.log HTTP/1.1" 301 523 "-" "Mozilla/5.0 (Windows NT 10.0; Win64; x64; rv:58.0) Gecko/20100101 Firefox/58.0" 
5.62.43.110 - - [04/Jun/2024:02:47:36 -0700] "GET /storage/logs/laravel.log HTTP/1.1" 418 747 "-" "Mozilla/5.0 (Windows NT 10.0; Win64; x64; rv:58.0) Gecko/20100101 Firefox/58.0" 
5.62.43.110 - - [04/Jun/2024:02:47:51 -0700] "GET /laravel.log HTTP/1.1" 301 497 "-" "Mozilla/5.0 (Windows NT 10.0; Win64; x64; rv:58.0) Gecko/20100101 Firefox/58.0" 
5.62.43.110 - - [04/Jun/2024:02:47:52 -0700] "GET /laravel.log HTTP/1.1" 418 747 "-" "Mozilla/5.0 (Windows NT 10.0; Win64; x64; rv:58.0) Gecko/20100101 Firefox/58.0" 
47.104.104.225 - - [04/Jun/2024:02:50:06 -0700] "GET /statics/js/cookie.js HTTP/1.1" 404 328 "-" "Mozilla/5.0 (Windows NT 10.0; WOW64; rv:48.0) Gecko/20100101 Firefox/48.0" 
51.222.253.14 - - [04/Jun/2024:02:52:22 -0700] "GET /self.logs/2016/error.log.2016-12-28.gz HTTP/1.1" 200 1054 "-" "Mozilla/5.0 (compatible; AhrefsBot/7.0; +http://ahrefs.com/robot/)" 
107.20.105.74 - - [04/Jun/2024:02:57:47 -0700] "HEAD / HTTP/1.1" 301 186 "-" "DreamHost SiteMonitor 1.0" 
107.20.105.74 - - [04/Jun/2024:02:57:47 -0700] "HEAD / HTTP/1.1" 200 359 "http://67.205.24.129" "DreamHost SiteMonitor 1.0" 
66.249.70.200 - - [04/Jun/2024:02:57:56 -0700] "GET / HTTP/1.1" 200 13186 "-" "Mozilla/5.0 (compatible; Googlebot/2.1; +http://www.google.com/bot.html)" 
66.249.70.201 - - [04/Jun/2024:02:57:57 -0700] "GET /css/style.css HTTP/1.1" 404 328 "http://www.secrepo.com/" "Mozilla/5.0 AppleWebKit/537.36 (KHTML, like Gecko; compatible; Googlebot/2.1; +http://www.google.com/bot.html) Chrome/125.0.6422.66 Safari/537.36" 
173.252.70.118 - - [04/Jun/2024:03:00:33 -0700] "GET /self.logs/error.log.2020-12-11 HTTP/1.1" 200 1382 "-" "facebookexternalhit/1.1 (+http://www.facebook.com/externalhit_uatext.php)" 
111.46.57.97 - - [04/Jun/2024:03:03:14 -0700] "GET / HTTP/1.1" 200 49133 "https://link.csdn.net/?target=http%3A%2F%2Fwww.secrepo.com%2F" "Mozilla/5.0 (Windows NT 10.0; Win64; x64) AppleWebKit/537.36 (KHTML, like Gecko) Chrome/121.0.0.0 Safari/537.36" 
111.46.57.97 - - [04/Jun/2024:03:03:20 -0700] "GET /css/style.css HTTP/1.1" 404 328 "http://www.secrepo.com/" "Mozilla/5.0 (Windows NT 10.0; Win64; x64) AppleWebKit/537.36 (KHTML, like Gecko) Chrome/121.0.0.0 Safari/537.36" 
51.222.253.6 - - [04/Jun/2024:03:04:59 -0700] "GET /self.logs/2016/access.log.2016-07-08.gz HTTP/1.1" 200 7121 "-" "Mozilla/5.0 (compatible; AhrefsBot/7.0; +http://ahrefs.com/robot/)" 
173.252.83.118 - - [04/Jun/2024:03:05:22 -0700] "GET /self.logs/error.log.2023-01-30 HTTP/1.1" 200 351 "-" "facebookexternalhit/1.1 (+http://www.facebook.com/externalhit_uatext.php)" 
47.104.168.140 - - [04/Jun/2024:03:10:52 -0700] "GET /wp-includes/js/wp-embed.min.js HTTP/1.1" 404 328 "-" "Mozilla/5.0 (Windows NT 10.0; WOW64; rv:48.0) Gecko/20100101 Firefox/48.0" 
51.222.253.20 - - [04/Jun/2024:03:16:44 -0700] "GET /self.logs/2015/access.log.2015-12-05.gz HTTP/1.1" 200 5379 "-" "Mozilla/5.0 (compatible; AhrefsBot/7.0; +http://ahrefs.com/robot/)" 
52.167.144.203 - - [04/Jun/2024:03:16:46 -0700] "GET /self.logs/error.log.2018-03-15.gz HTTP/1.1" 301 485 "-" "Mozilla/5.0 AppleWebKit/537.36 (KHTML, like Gecko; compatible; bingbot/2.0; +http://www.bing.com/bingbot.htm) Chrome/116.0.1938.76 Safari/537.36" 
107.20.105.74 - - [04/Jun/2024:03:17:47 -0700] "HEAD / HTTP/1.1" 301 186 "-" "DreamHost SiteMonitor 1.0" 
107.20.105.74 - - [04/Jun/2024:03:17:47 -0700] "HEAD / HTTP/1.1" 200 359 "http://67.205.24.129" "DreamHost SiteMonitor 1.0" 
124.171.217.8 - - [04/Jun/2024:03:18:18 -0700] "GET / HTTP/1.1" 200 13186 "-" "Mozilla/5.0 (Windows NT 10.0; Win64; x64) AppleWebKit/537.36 (KHTML, like Gecko) Chrome/125.0.0.0 Safari/537.36" 
124.171.217.8 - - [04/Jun/2024:03:18:19 -0700] "GET /css/style.css HTTP/1.1" 404 328 "http://www.secrepo.com/" "Mozilla/5.0 (Windows NT 10.0; Win64; x64) AppleWebKit/537.36 (KHTML, like Gecko) Chrome/125.0.0.0 Safari/537.36" 
124.171.217.8 - - [04/Jun/2024:03:18:20 -0700] "GET /twitter-icon.png HTTP/1.1" 200 27893 "http://www.secrepo.com/" "Mozilla/5.0 (Windows NT 10.0; Win64; x64) AppleWebKit/537.36 (KHTML, like Gecko) Chrome/125.0.0.0 Safari/537.36" 
124.171.217.8 - - [04/Jun/2024:03:18:20 -0700] "GET /GitHub-Mark.png HTTP/1.1" 200 7533 "http://www.secrepo.com/" "Mozilla/5.0 (Windows NT 10.0; Win64; x64) AppleWebKit/537.36 (KHTML, like Gecko) Chrome/125.0.0.0 Safari/537.36" 
103.230.14.250 - - [04/Jun/2024:03:19:55 -0700] "GET /index.php?m=Common&a=down HTTP/1.1" 404 328 "-" "Mozilla/5.0 (Windows NT 10.0; WOW64; rv:48.0) Gecko/20100101 Firefox/48.0" 
173.252.83.25 - - [04/Jun/2024:03:23:40 -0700] "GET /self.logs/error.log.2020-12-31 HTTP/1.1" 200 351 "-" "facebookexternalhit/1.1 (+http://www.facebook.com/externalhit_uatext.php)" 
173.252.83.2 - - [04/Jun/2024:03:24:51 -0700] "GET /self.logs/error.log.2019-10-07 HTTP/1.1" 200 351 "-" "facebookexternalhit/1.1 (+http://www.facebook.com/externalhit_uatext.php)" 
69.171.249.13 - - [04/Jun/2024:03:28:45 -0700] "GET /self.logs/error.log.2020-07-17 HTTP/1.1" 200 351 "-" "facebookexternalhit/1.1 (+http://www.facebook.com/externalhit_uatext.php)" 
66.249.70.201 - - [04/Jun/2024:03:28:52 -0700] "GET /ads.txt HTTP/1.1" 404 328 "-" "Mozilla/5.0 (compatible; Googlebot/2.1; +http://www.google.com/bot.html)" 
69.171.230.1 - - [04/Jun/2024:03:29:51 -0700] "GET /self.logs/error.log.2020-07-04 HTTP/1.1" 200 351 "-" "facebookexternalhit/1.1 (+http://www.facebook.com/externalhit_uatext.php)" 
51.222.253.14 - - [04/Jun/2024:03:29:57 -0700] "GET /self.logs/2016/access.log.2016-07-20.gz HTTP/1.1" 200 9257 "-" "Mozilla/5.0 (compatible; AhrefsBot/7.0; +http://ahrefs.com/robot/)" 
66.249.64.3 - - [04/Jun/2024:03:30:31 -0700] "GET / HTTP/1.1" 301 475 "-" "Mozilla/5.0 (compatible; Googlebot/2.1; +http://www.google.com/bot.html)" 
54.71.36.30 - - [04/Jun/2024:03:34:33 -0700] "GET / HTTP/1.1" 301 419 "-" "Mozilla/5.0 (X11; Linux x86_64) AppleWebKit/537.36 (KHTML, like Gecko) Chrome/83.0.4103.97 Safari/537.36" 
54.71.36.30 - - [04/Jun/2024:03:34:36 -0700] "GET / HTTP/1.1" 200 13142 "-" "Mozilla/5.0 (X11; Linux x86_64) AppleWebKit/537.36 (KHTML, like Gecko) Chrome/83.0.4103.97 Safari/537.36" 
47.104.104.225 - - [04/Jun/2024:03:35:08 -0700] "GET /skin/default/js/tabs.js HTTP/1.1" 404 328 "-" "Mozilla/5.0 (Windows NT 10.0; WOW64; rv:48.0) Gecko/20100101 Firefox/48.0" 
173.252.83.116 - - [04/Jun/2024:03:36:38 -0700] "GET /self.logs/error.log.2021-12-10 HTTP/1.1" 200 351 "-" "facebookexternalhit/1.1 (+http://www.facebook.com/externalhit_uatext.php)" 
107.20.105.74 - - [04/Jun/2024:03:37:47 -0700] "HEAD / HTTP/1.1" 301 186 "-" "DreamHost SiteMonitor 1.0" 
107.20.105.74 - - [04/Jun/2024:03:37:47 -0700] "HEAD / HTTP/1.1" 200 359 "http://67.205.24.129" "DreamHost SiteMonitor 1.0" 
173.252.70.4 - - [04/Jun/2024:03:40:42 -0700] "GET /self.logs/error.log.2020-03-27 HTTP/1.1" 200 351 "-" "facebookexternalhit/1.1 (+http://www.facebook.com/externalhit_uatext.php)" 
20.191.45.212 - - [04/Jun/2024:03:41:23 -0700] "GET / HTTP/1.1" 200 13186 "http://www.secrepo.com/" "DuckDuckBot/1.1; (+http://duckduckgo.com/duckduckbot.html)" 
20.191.45.212 - - [04/Jun/2024:03:41:23 -0700] "GET /bootstrap/img/favicon.ico HTTP/1.1" 200 690 "http://www.secrepo.com/bootstrap/img/favicon.ico" "DuckDuckBot/1.1; (+http://duckduckgo.com/duckduckbot.html)" 
51.222.253.5 - - [04/Jun/2024:03:43:00 -0700] "GET /self.logs/2016/access.log.2016-07-29.gz HTTP/1.1" 200 6811 "-" "Mozilla/5.0 (compatible; AhrefsBot/7.0; +http://ahrefs.com/robot/)" 
173.252.107.10 - - [04/Jun/2024:03:43:13 -0700] "GET /self.logs/error.log.2020-06-27 HTTP/1.1" 200 351 "-" "facebookexternalhit/1.1 (+http://www.facebook.com/externalhit_uatext.php)" 
173.252.107.11 - - [04/Jun/2024:03:44:38 -0700] "GET /self.logs/error.log.2020-08-16 HTTP/1.1" 200 351 "-" "facebookexternalhit/1.1 (+http://www.facebook.com/externalhit_uatext.php)" 
216.244.66.245 - - [04/Jun/2024:03:48:13 -0700] "GET /robots.txt HTTP/1.1" 200 333 "-" "Mozilla/5.0 (compatible; DotBot/1.2; +https://opensiteexplorer.org/dotbot; help@moz.com)" 
49.197.226.56 - - [04/Jun/2024:03:55:25 -0700] "GET / HTTP/1.1" 200 13186 "-" "Mozilla/5.0 (Windows NT 10.0; Win64; x64) AppleWebKit/537.36 (KHTML, like Gecko) Chrome/125.0.0.0 Safari/537.36" 
49.197.226.56 - - [04/Jun/2024:03:55:25 -0700] "GET /css/style.css HTTP/1.1" 404 305 "http://www.secrepo.com/" "Mozilla/5.0 (Windows NT 10.0; Win64; x64) AppleWebKit/537.36 (KHTML, like Gecko) Chrome/125.0.0.0 Safari/537.36" 
51.222.253.11 - - [04/Jun/2024:03:56:05 -0700] "GET /self.logs/2016/error.log.2016-02-14.gz HTTP/1.1" 200 699 "-" "Mozilla/5.0 (compatible; AhrefsBot/7.0; +http://ahrefs.com/robot/)" 
66.249.70.199 - - [04/Jun/2024:03:56:07 -0700] "GET / HTTP/1.1" 200 13186 "-" "Mozilla/5.0 (compatible; Googlebot/2.1; +http://www.google.com/bot.html)" 
66.249.70.199 - - [04/Jun/2024:03:56:08 -0700] "GET /css/style.css HTTP/1.1" 404 305 "http://www.secrepo.com/" "Mozilla/5.0 AppleWebKit/537.36 (KHTML, like Gecko; compatible; Googlebot/2.1; +http://www.google.com/bot.html) Chrome/125.0.6422.66 Safari/537.36" 
49.197.226.56 - - [04/Jun/2024:03:56:12 -0700] "GET /pe_static/zeus.zip HTTP/1.1" 206 23771 "http://www.secrepo.com/" "Mozilla/5.0 (Windows NT 10.0; Win64; x64) AppleWebKit/537.36 (KHTML, like Gecko) Chrome/125.0.0.0 Safari/537.36" 
49.197.226.56 - - [04/Jun/2024:03:56:11 -0700] "GET /pe_static/zeus.zip HTTP/1.1" 200 4624000 "http://www.secrepo.com/" "Mozilla/5.0 (Windows NT 10.0; Win64; x64) AppleWebKit/537.36 (KHTML, like Gecko) Chrome/125.0.0.0 Safari/537.36" 
49.197.226.56 - - [04/Jun/2024:03:56:12 -0700] "GET /pe_static/zeus.zip HTTP/1.1" 206 970376 "http://www.secrepo.com/" "Mozilla/5.0 (Windows NT 10.0; Win64; x64) AppleWebKit/537.36 (KHTML, like Gecko) Chrome/125.0.0.0 Safari/537.36" 
49.197.226.56 - - [04/Jun/2024:03:56:19 -0700] "GET /pe_static/zeus.zip HTTP/1.1" 206 73440 "http://www.secrepo.com/" "Mozilla/5.0 (Windows NT 10.0; Win64; x64) AppleWebKit/537.36 (KHTML, like Gecko) Chrome/125.0.0.0 Safari/537.36" 
49.197.226.56 - - [04/Jun/2024:03:56:21 -0700] "GET /Datasets%20Description/PE_malware/Zeus.html HTTP/1.1" 200 1698 "http://www.secrepo.com/" "Mozilla/5.0 (Windows NT 10.0; Win64; x64) AppleWebKit/537.36 (KHTML, like Gecko) Chrome/125.0.0.0 Safari/537.36" 
49.197.226.56 - - [04/Jun/2024:03:56:22 -0700] "GET /favicon.ico HTTP/1.1" 200 368 "http://www.secrepo.com/Datasets%20Description/PE_malware/Zeus.html" "Mozilla/5.0 (Windows NT 10.0; Win64; x64) AppleWebKit/537.36 (KHTML, like Gecko) Chrome/125.0.0.0 Safari/537.36" 
49.197.226.56 - - [04/Jun/2024:03:56:14 -0700] "GET /pe_static/zeus.zip HTTP/1.1" 206 7549360 "http://www.secrepo.com/" "Mozilla/5.0 (Windows NT 10.0; Win64; x64) AppleWebKit/537.36 (KHTML, like Gecko) Chrome/125.0.0.0 Safari/537.36" 
49.197.226.56 - - [04/Jun/2024:03:56:14 -0700] "GET /pe_static/zeus.zip HTTP/1.1" 206 5977114 "http://www.secrepo.com/" "Mozilla/5.0 (Windows NT 10.0; Win64; x64) AppleWebKit/537.36 (KHTML, like Gecko) Chrome/125.0.0.0 Safari/537.36" 
49.197.226.56 - - [04/Jun/2024:03:56:14 -0700] "GET /pe_static/zeus.zip HTTP/1.1" 206 6004315 "http://www.secrepo.com/" "Mozilla/5.0 (Windows NT 10.0; Win64; x64) AppleWebKit/537.36 (KHTML, like Gecko) Chrome/125.0.0.0 Safari/537.36" 
49.197.226.56 - - [04/Jun/2024:03:56:12 -0700] "GET /pe_static/zeus.zip HTTP/1.1" 206 9964720 "http://www.secrepo.com/" "Mozilla/5.0 (Windows NT 10.0; Win64; x64) AppleWebKit/537.36 (KHTML, like Gecko) Chrome/125.0.0.0 Safari/537.36" 
49.197.226.56 - - [04/Jun/2024:03:56:14 -0700] "GET /pe_static/zeus.zip HTTP/1.1" 206 7632320 "http://www.secrepo.com/" "Mozilla/5.0 (Windows NT 10.0; Win64; x64) AppleWebKit/537.36 (KHTML, like Gecko) Chrome/125.0.0.0 Safari/537.36" 
49.197.226.56 - - [04/Jun/2024:03:56:14 -0700] "GET /pe_static/zeus.zip HTTP/1.1" 206 8207600 "http://www.secrepo.com/" "Mozilla/5.0 (Windows NT 10.0; Win64; x64) AppleWebKit/537.36 (KHTML, like Gecko) Chrome/125.0.0.0 Safari/537.36" 
49.197.226.56 - - [04/Jun/2024:03:56:13 -0700] "GET /pe_static/zeus.zip HTTP/1.1" 206 7790080 "http://www.secrepo.com/" "Mozilla/5.0 (Windows NT 10.0; Win64; x64) AppleWebKit/537.36 (KHTML, like Gecko) Chrome/125.0.0.0 Safari/537.36" 
49.197.226.56 - - [04/Jun/2024:03:56:19 -0700] "GET /pe_static/zeus.zip HTTP/1.1" 206 2947120 "http://www.secrepo.com/" "Mozilla/5.0 (Windows NT 10.0; Win64; x64) AppleWebKit/537.36 (KHTML, like Gecko) Chrome/125.0.0.0 Safari/537.36" 
49.197.226.56 - - [04/Jun/2024:03:56:24 -0700] "GET /pe_static/zeus.zip HTTP/1.1" 206 1845520 "http://www.secrepo.com/" "Mozilla/5.0 (Windows NT 10.0; Win64; x64) AppleWebKit/537.36 (KHTML, like Gecko) Chrome/125.0.0.0 Safari/537.36" 
49.197.226.56 - - [04/Jun/2024:03:56:27 -0700] "GET /pe_static/zeus.zip HTTP/1.1" 206 595098 "http://www.secrepo.com/" "Mozilla/5.0 (Windows NT 10.0; Win64; x64) AppleWebKit/537.36 (KHTML, like Gecko) Chrome/125.0.0.0 Safari/537.36" 
49.197.226.56 - - [04/Jun/2024:03:56:27 -0700] "GET /pe_static/zeus.zip HTTP/1.1" 206 464830 "http://www.secrepo.com/" "Mozilla/5.0 (Windows NT 10.0; Win64; x64) AppleWebKit/537.36 (KHTML, like Gecko) Chrome/125.0.0.0 Safari/537.36" 
49.197.226.56 - - [04/Jun/2024:03:56:28 -0700] "GET /pe_static/zeus.zip HTTP/1.1" 206 291193 "http://www.secrepo.com/" "Mozilla/5.0 (Windows NT 10.0; Win64; x64) AppleWebKit/537.36 (KHTML, like Gecko) Chrome/125.0.0.0 Safari/537.36" 
49.197.226.56 - - [04/Jun/2024:03:56:27 -0700] "GET /pe_static/zeus.zip HTTP/1.1" 206 929184 "http://www.secrepo.com/" "Mozilla/5.0 (Windows NT 10.0; Win64; x64) AppleWebKit/537.36 (KHTML, like Gecko) Chrome/125.0.0.0 Safari/537.36" 
49.197.226.56 - - [04/Jun/2024:03:56:28 -0700] "GET /pe_static/zeus.zip HTTP/1.1" 206 226060 "http://www.secrepo.com/" "Mozilla/5.0 (Windows NT 10.0; Win64; x64) AppleWebKit/537.36 (KHTML, like Gecko) Chrome/125.0.0.0 Safari/537.36" 
49.197.226.56 - - [04/Jun/2024:03:56:28 -0700] "GET /pe_static/zeus.zip HTTP/1.1" 206 73440 "http://www.secrepo.com/" "Mozilla/5.0 (Windows NT 10.0; Win64; x64) AppleWebKit/537.36 (KHTML, like Gecko) Chrome/125.0.0.0 Safari/537.36" 
49.197.226.56 - - [04/Jun/2024:03:56:27 -0700] "GET /pe_static/zeus.zip HTTP/1.1" 206 788800 "http://www.secrepo.com/" "Mozilla/5.0 (Windows NT 10.0; Win64; x64) AppleWebKit/537.36 (KHTML, like Gecko) Chrome/125.0.0.0 Safari/537.36" 
49.197.226.56 - - [04/Jun/2024:03:56:28 -0700] "GET /pe_static/zeus.zip HTTP/1.1" 206 223339 "http://www.secrepo.com/" "Mozilla/5.0 (Windows NT 10.0; Win64; x64) AppleWebKit/537.36 (KHTML, like Gecko) Chrome/125.0.0.0 Safari/537.36" 
49.197.226.56 - - [04/Jun/2024:03:56:29 -0700] "GET /pe_static/zeus.zip HTTP/1.1" 206 87632 "http://www.secrepo.com/" "Mozilla/5.0 (Windows NT 10.0; Win64; x64) AppleWebKit/537.36 (KHTML, like Gecko) Chrome/125.0.0.0 Safari/537.36" 
49.197.226.56 - - [04/Jun/2024:03:57:42 -0700] "GET /Datasets%20Description/Network/files.html HTTP/1.1" 200 1532 "http://www.secrepo.com/" "Mozilla/5.0 (Windows NT 10.0; Win64; x64) AppleWebKit/537.36 (KHTML, like Gecko) Chrome/125.0.0.0 Safari/537.36" 
107.20.105.74 - - [04/Jun/2024:03:57:47 -0700] "HEAD / HTTP/1.1" 301 186 "-" "DreamHost SiteMonitor 1.0" 
107.20.105.74 - - [04/Jun/2024:03:57:47 -0700] "HEAD / HTTP/1.1" 200 359 "http://67.205.24.129" "DreamHost SiteMonitor 1.0" 
173.252.83.10 - - [04/Jun/2024:03:57:59 -0700] "GET /self.logs/error.log.2020-08-27 HTTP/1.1" 200 351 "-" "facebookexternalhit/1.1 (+http://www.facebook.com/externalhit_uatext.php)" 
106.221.204.36 - - [04/Jun/2024:03:58:10 -0700] "GET / HTTP/1.1" 200 13186 "-" "Mozilla/5.0 (Windows NT 10.0; Win64; x64) AppleWebKit/537.36 (KHTML, like Gecko) Chrome/125.0.0.0 Safari/537.36" 
106.221.204.36 - - [04/Jun/2024:03:58:11 -0700] "GET /css/style.css HTTP/1.1" 404 305 "http://www.secrepo.com/" "Mozilla/5.0 (Windows NT 10.0; Win64; x64) AppleWebKit/537.36 (KHTML, like Gecko) Chrome/125.0.0.0 Safari/537.36" 
106.221.204.36 - - [04/Jun/2024:03:58:11 -0700] "GET /twitter-icon.png HTTP/1.1" 200 27916 "http://www.secrepo.com/" "Mozilla/5.0 (Windows NT 10.0; Win64; x64) AppleWebKit/537.36 (KHTML, like Gecko) Chrome/125.0.0.0 Safari/537.36" 
106.221.204.36 - - [04/Jun/2024:03:58:11 -0700] "GET /GitHub-Mark.png HTTP/1.1" 200 7533 "http://www.secrepo.com/" "Mozilla/5.0 (Windows NT 10.0; Win64; x64) AppleWebKit/537.36 (KHTML, like Gecko) Chrome/125.0.0.0 Safari/537.36" 
106.221.204.36 - - [04/Jun/2024:03:58:13 -0700] "GET /bootstrap/img/favicon.ico HTTP/1.1" 200 690 "http://www.secrepo.com/" "Mozilla/5.0 (Windows NT 10.0; Win64; x64) AppleWebKit/537.36 (KHTML, like Gecko) Chrome/125.0.0.0 Safari/537.36" 
69.171.230.4 - - [04/Jun/2024:04:01:38 -0700] "GET /self.logs/error.log.2021-01-29 HTTP/1.1" 200 351 "-" "facebookexternalhit/1.1 (+http://www.facebook.com/externalhit_uatext.php)" 
51.222.253.12 - - [04/Jun/2024:04:07:44 -0700] "GET /self.logs/2015/error.log.2015-11-13.gz HTTP/1.1" 200 623 "-" "Mozilla/5.0 (compatible; AhrefsBot/7.0; +http://ahrefs.com/robot/)" 
114.119.157.24 - - [04/Jun/2024:04:09:56 -0700] "GET /self.logs/error.log.2020-11-07 HTTP/1.1" 200 351 "http://www.secrepo.com/self.logs?C=N%3BO%3DD" "Mozilla/5.0 (Linux; Android 7.0;) AppleWebKit/537.36 (KHTML, like Gecko) Mobile Safari/537.36 (compatible; PetalBot;+https://webmaster.petalsearch.com/site/petalbot)" 
111.180.204.220 - - [04/Jun/2024:04:10:04 -0700] "GET /admin.php HTTP/1.1" 404 328 "-" "python-requests/2.31.0" 
114.119.155.236 - - [04/Jun/2024:04:11:21 -0700] "GET /Datasets%20Description/PE_malware/Zeus.html HTTP/1.1" 200 1698 "http://secrepo.com/" "Mozilla/5.0 (Linux; Android 7.0;) AppleWebKit/537.36 (KHTML, like Gecko) Mobile Safari/537.36 (compatible; PetalBot;+https://webmaster.petalsearch.com/site/petalbot)" 
213.202.233.34 - - [04/Jun/2024:04:12:56 -0700] "GET /inputs.php HTTP/1.1" 301 495 "www.google.com" "Mozlila/5.0 (Linux; Android 7.0; SM-G892A Bulid/NRD90M; wv) AppleWebKit/537.36 (KHTML, like Gecko) Version/4.0 Chrome/60.0.3112.107 Moblie Safari/537.36" 
213.202.233.34 - - [04/Jun/2024:04:13:09 -0700] "GET /inputs.php HTTP/1.1" 429 486 "www.google.com" "Mozlila/5.0 (Linux; Android 7.0; SM-G892A Bulid/NRD90M; wv) AppleWebKit/537.36 (KHTML, like Gecko) Version/4.0 Chrome/60.0.3112.107 Moblie Safari/537.36" 
69.171.230.8 - - [04/Jun/2024:04:17:43 -0700] "GET /self.logs/error.log.2020-05-02 HTTP/1.1" 200 351 "-" "facebookexternalhit/1.1 (+http://www.facebook.com/externalhit_uatext.php)" 
107.20.105.74 - - [04/Jun/2024:04:17:47 -0700] "HEAD / HTTP/1.1" 301 186 "-" "DreamHost SiteMonitor 1.0" 
107.20.105.74 - - [04/Jun/2024:04:17:47 -0700] "HEAD / HTTP/1.1" 200 359 "http://67.205.24.129" "DreamHost SiteMonitor 1.0" 
51.222.253.13 - - [04/Jun/2024:04:19:25 -0700] "GET /self.logs/2016/error.log.2016-06-18.gz HTTP/1.1" 200 863 "-" "Mozilla/5.0 (compatible; AhrefsBot/7.0; +http://ahrefs.com/robot/)" 
69.171.249.17 - - [04/Jun/2024:04:19:38 -0700] "GET /self.logs/error.log.2021-03-08 HTTP/1.1" 200 1689 "-" "facebookexternalhit/1.1 (+http://www.facebook.com/externalhit_uatext.php)" 
114.119.157.24 - - [04/Jun/2024:04:23:51 -0700] "GET /self.logs/error.log.2020-04-22 HTTP/1.1" 200 351 "http://www.secrepo.com/self.logs?C=N%3BO%3DD" "Mozilla/5.0 (Linux; Android 7.0;) AppleWebKit/537.36 (KHTML, like Gecko) Mobile Safari/537.36 (compatible; PetalBot;+https://webmaster.petalsearch.com/site/petalbot)" 
173.252.83.17 - - [04/Jun/2024:04:24:20 -0700] "GET /self.logs/error.log.2022-11-01 HTTP/1.1" 200 351 "-" "facebookexternalhit/1.1 (+http://www.facebook.com/externalhit_uatext.php)" 
216.244.66.245 - - [04/Jun/2024:04:25:59 -0700] "GET /self.logs/error.log.2017-04-13.gz HTTP/1.1" 200 832 "-" "Mozilla/5.0 (compatible; DotBot/1.2; +https://opensiteexplorer.org/dotbot; help@moz.com)" 
216.244.66.245 - - [04/Jun/2024:04:26:08 -0700] "GET /self.logs/error.log.2017-06-03.gz HTTP/1.1" 200 894 "-" "Mozilla/5.0 (compatible; DotBot/1.2; +https://opensiteexplorer.org/dotbot; help@moz.com)" 
216.244.66.245 - - [04/Jun/2024:04:26:17 -0700] "GET /self.logs/error.log.2017-11-11.gz HTTP/1.1" 200 2037 "-" "Mozilla/5.0 (compatible; DotBot/1.2; +https://opensiteexplorer.org/dotbot; help@moz.com)" 
51.222.253.14 - - [04/Jun/2024:04:26:21 -0700] "GET /self.logs/2016/error.log.2016-11-25.gz HTTP/1.1" 200 1203 "-" "Mozilla/5.0 (compatible; AhrefsBot/7.0; +http://ahrefs.com/robot/)" 
216.244.66.245 - - [04/Jun/2024:04:26:25 -0700] "GET /self.logs/error.log.2018-01-09.gz HTTP/1.1" 200 2147 "-" "Mozilla/5.0 (compatible; DotBot/1.2; +https://opensiteexplorer.org/dotbot; help@moz.com)" 
216.244.66.245 - - [04/Jun/2024:04:26:33 -0700] "GET /self.logs/error.log.2023-02-22.gz HTTP/1.1" 200 5115 "-" "Mozilla/5.0 (compatible; DotBot/1.2; +https://opensiteexplorer.org/dotbot; help@moz.com)" 
173.252.107.118 - - [04/Jun/2024:04:27:57 -0700] "GET /self.logs/error.log.2019-10-22 HTTP/1.1" 200 351 "-" "facebookexternalhit/1.1 (+http://www.facebook.com/externalhit_uatext.php)" 
216.244.66.245 - - [04/Jun/2024:04:27:58 -0700] "GET /self.logs/access.log.2022-01-24.gz HTTP/1.1" 200 13352 "-" "Mozilla/5.0 (compatible; DotBot/1.2; +https://opensiteexplorer.org/dotbot; help@moz.com)" 
69.171.249.13 - - [04/Jun/2024:04:28:01 -0700] "GET /self.logs/error.log.2020-09-01 HTTP/1.1" 200 351 "-" "facebookexternalhit/1.1 (+http://www.facebook.com/externalhit_uatext.php)" 
216.244.66.245 - - [04/Jun/2024:04:28:03 -0700] "GET /self.logs/access.log.2022-09-12.gz HTTP/1.1" 200 12491 "-" "Mozilla/5.0 (compatible; DotBot/1.2; +https://opensiteexplorer.org/dotbot; help@moz.com)" 
216.244.66.245 - - [04/Jun/2024:04:28:10 -0700] "GET /self.logs/access.log.2022-10-17.gz HTTP/1.1" 200 21316 "-" "Mozilla/5.0 (compatible; DotBot/1.2; +https://opensiteexplorer.org/dotbot; help@moz.com)" 
216.244.66.245 - - [04/Jun/2024:04:28:37 -0700] "GET /self.logs/access.log.2023-01-01.gz HTTP/1.1" 200 28157 "-" "Mozilla/5.0 (compatible; DotBot/1.2; +https://opensiteexplorer.org/dotbot; help@moz.com)" 
216.244.66.245 - - [04/Jun/2024:04:29:00 -0700] "GET /self.logs/access.log.2023-01-11.gz HTTP/1.1" 200 18562 "-" "Mozilla/5.0 (compatible; DotBot/1.2; +https://opensiteexplorer.org/dotbot; help@moz.com)" 
216.244.66.245 - - [04/Jun/2024:04:29:23 -0700] "GET /self.logs/access.log.2023-02-03.gz HTTP/1.1" 200 9892 "-" "Mozilla/5.0 (compatible; DotBot/1.2; +https://opensiteexplorer.org/dotbot; help@moz.com)" 
51.222.253.16 - - [04/Jun/2024:04:29:25 -0700] "GET /self.logs/2016/access.log.2016-03-31.gz HTTP/1.1" 200 8396 "-" "Mozilla/5.0 (compatible; AhrefsBot/7.0; +http://ahrefs.com/robot/)" 
51.222.253.4 - - [04/Jun/2024:04:32:30 -0700] "GET /self.logs/2016/access.log.2016-07-30.gz HTTP/1.1" 200 5614 "-" "Mozilla/5.0 (compatible; AhrefsBot/7.0; +http://ahrefs.com/robot/)" 
51.222.253.10 - - [04/Jun/2024:04:35:42 -0700] "GET /self.logs/2016/access.log.2016-07-14.gz HTTP/1.1" 200 9562 "-" "Mozilla/5.0 (compatible; AhrefsBot/7.0; +http://ahrefs.com/robot/)" 
111.46.57.97 - - [04/Jun/2024:04:36:02 -0700] "GET / HTTP/1.1" 200 49133 "https://link.csdn.net/?target=http%3A%2F%2Fwww.secrepo.com%2F" "Mozilla/5.0 (Windows NT 10.0; Win64; x64) AppleWebKit/537.36 (KHTML, like Gecko) Chrome/121.0.0.0 Safari/537.36" 
111.46.57.97 - - [04/Jun/2024:04:36:10 -0700] "GET /css/style.css HTTP/1.1" 404 328 "http://www.secrepo.com/" "Mozilla/5.0 (Windows NT 10.0; Win64; x64) AppleWebKit/537.36 (KHTML, like Gecko) Chrome/121.0.0.0 Safari/537.36" 
107.20.105.74 - - [04/Jun/2024:04:37:47 -0700] "HEAD / HTTP/1.1" 301 186 "-" "DreamHost SiteMonitor 1.0" 
107.20.105.74 - - [04/Jun/2024:04:37:47 -0700] "HEAD / HTTP/1.1" 200 359 "http://67.205.24.129" "DreamHost SiteMonitor 1.0" 
51.222.253.7 - - [04/Jun/2024:04:39:05 -0700] "GET /self.logs/2016/error.log.2016-11-23.gz HTTP/1.1" 200 747 "-" "Mozilla/5.0 (compatible; AhrefsBot/7.0; +http://ahrefs.com/robot/)" 
51.222.253.16 - - [04/Jun/2024:04:41:54 -0700] "GET /self.logs/2016/error.log.2016-10-21.gz HTTP/1.1" 200 720 "-" "Mozilla/5.0 (compatible; AhrefsBot/7.0; +http://ahrefs.com/robot/)" 
120.227.160.23 - - [04/Jun/2024:04:42:08 -0700] "GET /maccdc2012/smtp.log.gz HTTP/1.1" 200 6956 "-" "Opera/8.92.(X11; Linux i686; ko-KR) Presto/2.9.180 Version/10.00" 
51.222.253.11 - - [04/Jun/2024:04:45:27 -0700] "GET /self.logs/2015/access.log.2015-02-08.gz HTTP/1.1" 200 3413 "-" "Mozilla/5.0 (compatible; AhrefsBot/7.0; +http://ahrefs.com/robot/)" 
115.241.20.218 - - [04/Jun/2024:04:45:40 -0700] "GET /Datasets%20Description/PE_malware/VirusShare.html HTTP/1.1" 200 1651 "-" "Mozilla/5.0 (X11; Ubuntu; Linux x86_64; rv:126.0) Gecko/20100101 Firefox/126.0" 
115.241.20.218 - - [04/Jun/2024:04:45:41 -0700] "GET /favicon.ico HTTP/1.1" 200 391 "http://www.secrepo.com/Datasets%20Description/PE_malware/VirusShare.html" "Mozilla/5.0 (X11; Ubuntu; Linux x86_64; rv:126.0) Gecko/20100101 Firefox/126.0" 
115.241.20.218 - - [04/Jun/2024:04:45:48 -0700] "GET / HTTP/1.1" 200 13186 "http://www.secrepo.com/Datasets%20Description/PE_malware/VirusShare.html" "Mozilla/5.0 (X11; Ubuntu; Linux x86_64; rv:126.0) Gecko/20100101 Firefox/126.0" 
115.241.20.218 - - [04/Jun/2024:04:45:49 -0700] "GET /css/style.css HTTP/1.1" 404 328 "http://www.secrepo.com/" "Mozilla/5.0 (X11; Ubuntu; Linux x86_64; rv:126.0) Gecko/20100101 Firefox/126.0" 
115.241.20.218 - - [04/Jun/2024:04:45:49 -0700] "GET /GitHub-Mark.png HTTP/1.1" 200 7533 "http://www.secrepo.com/" "Mozilla/5.0 (X11; Ubuntu; Linux x86_64; rv:126.0) Gecko/20100101 Firefox/126.0" 
115.241.20.218 - - [04/Jun/2024:04:45:49 -0700] "GET /twitter-icon.png HTTP/1.1" 200 27893 "http://www.secrepo.com/" "Mozilla/5.0 (X11; Ubuntu; Linux x86_64; rv:126.0) Gecko/20100101 Firefox/126.0" 
115.241.20.218 - - [04/Jun/2024:04:45:49 -0700] "GET /bootstrap/img/favicon.ico HTTP/1.1" 200 713 "http://www.secrepo.com/" "Mozilla/5.0 (X11; Ubuntu; Linux x86_64; rv:126.0) Gecko/20100101 Firefox/126.0" 
51.222.253.7 - - [04/Jun/2024:04:48:37 -0700] "GET /self.logs/2015/error.log.2015-12-05.gz HTTP/1.1" 200 813 "-" "Mozilla/5.0 (compatible; AhrefsBot/7.0; +http://ahrefs.com/robot/)" 
40.77.167.136 - - [04/Jun/2024:04:48:45 -0700] "GET /self.logs/error.log.2020-06-25 HTTP/1.1" 301 479 "-" "Mozilla/5.0 AppleWebKit/537.36 (KHTML, like Gecko; compatible; bingbot/2.0; +http://www.bing.com/bingbot.htm) Chrome/116.0.1938.76 Safari/537.36" 
185.114.120.252 - - [04/Jun/2024:04:50:08 -0700] "GET /favicon.ico HTTP/1.1" 200 391 "-" "Mozilla/5.0 (Macintosh; Intel Mac OS X 10_15_7) AppleWebKit/537.36 (KHTML, like Gecko) Chrome/125.0.0.0 Safari/537.36" 
40.77.167.76 - - [04/Jun/2024:04:51:44 -0700] "GET /self.logs/access.log.2024-01-27.gz HTTP/1.1" 200 18104 "-" "Mozilla/5.0 AppleWebKit/537.36 (KHTML, like Gecko; compatible; bingbot/2.0; +http://www.bing.com/bingbot.htm) Chrome/116.0.1938.76 Safari/537.36" 
216.244.66.245 - - [04/Jun/2024:04:52:00 -0700] "GET /robots.txt HTTP/1.1" 200 333 "-" "Mozilla/5.0 (compatible; DotBot/1.2; +https://opensiteexplorer.org/dotbot; help@moz.com)" 
51.222.253.11 - - [04/Jun/2024:04:52:03 -0700] "GET /self.logs/2015/error.log.2015-11-08.gz HTTP/1.1" 200 684 "-" "Mozilla/5.0 (compatible; AhrefsBot/7.0; +http://ahrefs.com/robot/)" 
103.230.14.251 - - [04/Jun/2024:04:53:11 -0700] "GET /index.php?c=attachment&a=ajaxswfupload HTTP/1.1" 301 555 "-" "Mozilla/5.0 (Windows NT 10.0; WOW64; rv:48.0) Gecko/20100101 Firefox/48.0" 
40.77.167.28 - - [04/Jun/2024:04:53:41 -0700] "GET /self.logs/error.log.2017-12-03.gz HTTP/1.1" 301 485 "-" "Mozilla/5.0 AppleWebKit/537.36 (KHTML, like Gecko; compatible; bingbot/2.0; +http://www.bing.com/bingbot.htm) Chrome/116.0.1938.76 Safari/537.36" 
185.191.171.9 - - [04/Jun/2024:04:54:57 -0700] "GET /robots.txt HTTP/1.1" 200 340 "-" "Mozilla/5.0 (compatible; SemrushBot/7~bl; +http://www.semrush.com/bot.html)" 
85.208.96.209 - - [04/Jun/2024:04:54:57 -0700] "GET /Datasets%20Description/HTML_Bro_log_3/irc.html HTTP/1.1" 200 1747 "-" "Mozilla/5.0 (compatible; SemrushBot/7~bl; +http://www.semrush.com/bot.html)" 
51.222.253.8 - - [04/Jun/2024:04:55:35 -0700] "GET /self.logs/2015/access.log.2015-12-02.gz HTTP/1.1" 200 6003 "-" "Mozilla/5.0 (compatible; AhrefsBot/7.0; +http://ahrefs.com/robot/)" 
107.20.105.74 - - [04/Jun/2024:04:57:47 -0700] "HEAD / HTTP/1.1" 301 186 "-" "DreamHost SiteMonitor 1.0" 
107.20.105.74 - - [04/Jun/2024:04:57:47 -0700] "HEAD / HTTP/1.1" 200 359 "http://67.205.24.129" "DreamHost SiteMonitor 1.0" 
51.222.253.18 - - [04/Jun/2024:05:02:35 -0700] "GET /self.logs/2015/error.log.2015-08-23.gz HTTP/1.1" 200 894 "-" "Mozilla/5.0 (compatible; AhrefsBot/7.0; +http://ahrefs.com/robot/)" 
51.222.253.18 - - [04/Jun/2024:05:05:51 -0700] "GET /self.logs/2015/access.log.2015-08-24.gz HTTP/1.1" 200 22792 "-" "Mozilla/5.0 (compatible; AhrefsBot/7.0; +http://ahrefs.com/robot/)" 
210.19.13.180 - - [04/Jun/2024:05:06:25 -0700] "GET /Datasets%20Description/PE_malware/VirusShare.html HTTP/1.1" 301 532 "-" "Mozilla/5.0 (Windows NT 10.0; Win64; x64) AppleWebKit/537.36 (KHTML, like Gecko) Chrome/92.0.4515.43 Safari/537.36" 
210.19.13.180 - - [04/Jun/2024:05:06:26 -0700] "GET /Datasets%20Description/PE_malware/VirusShare.html HTTP/1.1" 200 4631 "-" "Mozilla/5.0 (Windows NT 10.0; Win64; x64) AppleWebKit/537.36 (KHTML, like Gecko) Chrome/92.0.4515.43 Safari/537.36" 
210.19.13.180 - - [04/Jun/2024:05:06:26 -0700] "GET /Datasets%20Description/PE_malware/VirusShare.html HTTP/1.1" 200 4631 "-" "Mozilla/5.0 (Windows NT 10.0; Win64; x64) AppleWebKit/537.36 (KHTML, like Gecko) Chrome/92.0.4515.43 Safari/537.36" 
210.19.13.180 - - [04/Jun/2024:05:06:49 -0700] "GET / HTTP/1.1" 301 438 "-" "Mozilla/5.0 (Windows NT 10.0; Win64; x64) AppleWebKit/537.36 (KHTML, like Gecko) Chrome/92.0.4515.107 Safari/537.36" 
210.19.13.180 - - [04/Jun/2024:05:06:49 -0700] "GET / HTTP/1.1" 200 49096 "-" "Mozilla/5.0 (Windows NT 10.0; Win64; x64) AppleWebKit/537.36 (KHTML, like Gecko) Chrome/92.0.4515.107 Safari/537.36" 
210.19.13.180 - - [04/Jun/2024:05:06:50 -0700] "GET / HTTP/1.1" 200 49096 "-" "Mozilla/5.0 (Windows NT 10.0; Win64; x64) AppleWebKit/537.36 (KHTML, like Gecko) Chrome/92.0.4515.107 Safari/537.36" 
40.77.167.9 - - [04/Jun/2024:05:08:36 -0700] "GET /self.logs/error.log.2020-05-04 HTTP/1.1" 301 479 "-" "Mozilla/5.0 AppleWebKit/537.36 (KHTML, like Gecko; compatible; bingbot/2.0; +http://www.bing.com/bingbot.htm) Chrome/116.0.1938.76 Safari/537.36" 
51.222.253.7 - - [04/Jun/2024:05:09:29 -0700] "GET /self.logs/2015/error.log.2015-01-31.gz HTTP/1.1" 200 788 "-" "Mozilla/5.0 (compatible; AhrefsBot/7.0; +http://ahrefs.com/robot/)" 
51.222.253.9 - - [04/Jun/2024:05:12:54 -0700] "GET /self.logs/2015/access.log.2015-12-28.gz HTTP/1.1" 200 9055 "-" "Mozilla/5.0 (compatible; AhrefsBot/7.0; +http://ahrefs.com/robot/)" 
51.222.253.15 - - [04/Jun/2024:05:16:29 -0700] "GET /self.logs/2015/access.log.2015-03-31.gz HTTP/1.1" 200 4099 "-" "Mozilla/5.0 (compatible; AhrefsBot/7.0; +http://ahrefs.com/robot/)" 
107.20.105.74 - - [04/Jun/2024:05:17:47 -0700] "HEAD / HTTP/1.1" 301 186 "-" "DreamHost SiteMonitor 1.0" 
107.20.105.74 - - [04/Jun/2024:05:17:47 -0700] "HEAD / HTTP/1.1" 200 359 "http://67.205.24.129" "DreamHost SiteMonitor 1.0" 
51.222.253.1 - - [04/Jun/2024:05:19:50 -0700] "GET /self.logs/2015/error.log.2015-12-27.gz HTTP/1.1" 200 654 "-" "Mozilla/5.0 (compatible; AhrefsBot/7.0; +http://ahrefs.com/robot/)" 
40.77.167.30 - - [04/Jun/2024:05:20:26 -0700] "GET /self.logs/access.log.2021-08-28.gz HTTP/1.1" 200 12856 "-" "Mozilla/5.0 AppleWebKit/537.36 (KHTML, like Gecko; compatible; bingbot/2.0; +http://www.bing.com/bingbot.htm) Chrome/116.0.1938.76 Safari/537.36" 
51.222.253.13 - - [04/Jun/2024:05:23:46 -0700] "GET /self.logs/2015/error.log.2015-02-13.gz HTTP/1.1" 200 5465 "-" "Mozilla/5.0 (compatible; AhrefsBot/7.0; +http://ahrefs.com/robot/)" 
51.222.253.16 - - [04/Jun/2024:05:27:06 -0700] "GET /self.logs/2015/error.log.2015-09-05.gz HTTP/1.1" 200 673 "-" "Mozilla/5.0 (compatible; AhrefsBot/7.0; +http://ahrefs.com/robot/)" 
115.241.20.218 - - [04/Jun/2024:05:29:08 -0700] "GET /Datasets%20Description/PE_malware/Zeus.html HTTP/1.1" 200 1698 "http://www.secrepo.com/" "Mozilla/5.0 (X11; Ubuntu; Linux x86_64; rv:126.0) Gecko/20100101 Firefox/126.0" 
115.241.20.218 - - [04/Jun/2024:05:29:14 -0700] "GET / HTTP/1.1" 200 13186 "http://www.secrepo.com/Datasets%20Description/PE_malware/Zeus.html" "Mozilla/5.0 (X11; Ubuntu; Linux x86_64; rv:126.0) Gecko/20100101 Firefox/126.0" 
115.241.20.218 - - [04/Jun/2024:05:29:15 -0700] "GET /css/style.css HTTP/1.1" 404 305 "http://www.secrepo.com/" "Mozilla/5.0 (X11; Ubuntu; Linux x86_64; rv:126.0) Gecko/20100101 Firefox/126.0" 
51.222.253.1 - - [04/Jun/2024:05:30:28 -0700] "GET /self.logs/2015/error.log.2015-08-29.gz HTTP/1.1" 200 858 "-" "Mozilla/5.0 (compatible; AhrefsBot/7.0; +http://ahrefs.com/robot/)" 
110.40.20.36 - - [04/Jun/2024:05:33:40 -0700] "GET /api.php?op=checkcode&code_len=4&font_size=20&width=130&height=50&font_color=&background= HTTP/1.1" 404 328 "-" "python-requests/2.24.0" 
51.222.253.10 - - [04/Jun/2024:05:33:59 -0700] "GET /self.logs/2015/access.log.2015-03-12.gz HTTP/1.1" 200 9559 "-" "Mozilla/5.0 (compatible; AhrefsBot/7.0; +http://ahrefs.com/robot/)" 
216.244.66.245 - - [04/Jun/2024:05:34:53 -0700] "GET /self.logs/error.log.2023-03-26.gz HTTP/1.1" 200 5429 "-" "Mozilla/5.0 (compatible; DotBot/1.2; +https://opensiteexplorer.org/dotbot; help@moz.com)" 
216.244.66.245 - - [04/Jun/2024:05:35:04 -0700] "GET /self.logs/error.log.2023-09-13.gz HTTP/1.1" 200 2344 "-" "Mozilla/5.0 (compatible; DotBot/1.2; +https://opensiteexplorer.org/dotbot; help@moz.com)" 
51.222.253.13 - - [04/Jun/2024:05:37:24 -0700] "GET /self.logs/2015/access.log.2015-03-14.gz HTTP/1.1" 200 3827 "-" "Mozilla/5.0 (compatible; AhrefsBot/7.0; +http://ahrefs.com/robot/)" 
107.20.105.74 - - [04/Jun/2024:05:37:47 -0700] "HEAD / HTTP/1.1" 301 186 "-" "DreamHost SiteMonitor 1.0" 
107.20.105.74 - - [04/Jun/2024:05:37:47 -0700] "HEAD / HTTP/1.1" 200 359 "http://67.205.24.129" "DreamHost SiteMonitor 1.0" 
51.222.253.3 - - [04/Jun/2024:05:40:48 -0700] "GET /self.logs/2015/access.log.2015-03-06.gz HTTP/1.1" 200 2450 "-" "Mozilla/5.0 (compatible; AhrefsBot/7.0; +http://ahrefs.com/robot/)" 
51.222.253.2 - - [04/Jun/2024:05:44:13 -0700] "GET /self.logs/2015/access.log.2015-03-05.gz HTTP/1.1" 200 3339 "-" "Mozilla/5.0 (compatible; AhrefsBot/7.0; +http://ahrefs.com/robot/)" 
173.252.83.32 - - [04/Jun/2024:05:46:47 -0700] "GET /data HTTP/1.1" 404 328 "-" "facebookexternalhit/1.1 (+http://www.facebook.com/externalhit_uatext.php)" 
51.222.253.2 - - [04/Jun/2024:05:48:19 -0700] "GET /self.logs/2015/access.log.2015-05-02.gz HTTP/1.1" 200 4177 "-" "Mozilla/5.0 (compatible; AhrefsBot/7.0; +http://ahrefs.com/robot/)" 
49.197.226.56 - - [04/Jun/2024:05:50:41 -0700] "GET /Datasets%20Description/PE_malware/Zeus.html HTTP/1.1" 200 1698 "http://www.secrepo.com/" "Mozilla/5.0 (Windows NT 10.0; Win64; x64) AppleWebKit/537.36 (KHTML, like Gecko) Chrome/125.0.0.0 Safari/537.36" 
114.119.150.155 - - [04/Jun/2024:05:50:46 -0700] "GET /Datasets%20Description/Network?C=D%3BO%3DA HTTP/1.1" 301 629 "http://www.secrepo.com/Datasets%20Description/Network?C=S%3BO%3DA" "Mozilla/5.0 (Linux; Android 7.0;) AppleWebKit/537.36 (KHTML, like Gecko) Mobile Safari/537.36 (compatible; PetalBot;+https://webmaster.petalsearch.com/site/petalbot)" 
114.119.150.155 - - [04/Jun/2024:05:50:46 -0700] "GET /Datasets%20Description/Network/?C=D%3BO%3DA HTTP/1.1" 200 746 "http://www.secrepo.com/Datasets%20Description/Network?C=S%3BO%3DA" "Mozilla/5.0 (Linux; Android 7.0;) AppleWebKit/537.36 (KHTML, like Gecko) Mobile Safari/537.36 (compatible; PetalBot;+https://webmaster.petalsearch.com/site/petalbot)" 
52.167.144.191 - - [04/Jun/2024:05:51:55 -0700] "GET /self.logs/error.log.2018-01-05.gz HTTP/1.1" 301 485 "-" "Mozilla/5.0 AppleWebKit/537.36 (KHTML, like Gecko; compatible; bingbot/2.0; +http://www.bing.com/bingbot.htm) Chrome/116.0.1938.76 Safari/537.36" 
51.222.253.16 - - [04/Jun/2024:05:52:25 -0700] "GET /self.logs/2015/error.log.2015-03-15.gz HTTP/1.1" 200 1191 "-" "Mozilla/5.0 (compatible; AhrefsBot/7.0; +http://ahrefs.com/robot/)" 
216.244.66.245 - - [04/Jun/2024:05:53:54 -0700] "GET /robots.txt HTTP/1.1" 200 333 "-" "Mozilla/5.0 (compatible; DotBot/1.2; +https://opensiteexplorer.org/dotbot; help@moz.com)" 
51.222.253.16 - - [04/Jun/2024:05:56:27 -0700] "GET /self.logs/2015/access.log.2015-09-20.gz HTTP/1.1" 200 4354 "-" "Mozilla/5.0 (compatible; AhrefsBot/7.0; +http://ahrefs.com/robot/)" 
107.20.105.74 - - [04/Jun/2024:05:57:47 -0700] "HEAD / HTTP/1.1" 301 186 "-" "DreamHost SiteMonitor 1.0" 
107.20.105.74 - - [04/Jun/2024:05:57:47 -0700] "HEAD / HTTP/1.1" 200 359 "http://67.205.24.129" "DreamHost SiteMonitor 1.0" 
51.222.253.14 - - [04/Jun/2024:06:02:22 -0700] "GET /self.logs/2015/error.log.2015-07-16.gz HTTP/1.1" 200 702 "-" "Mozilla/5.0 (compatible; AhrefsBot/7.0; +http://ahrefs.com/robot/)" 
103.230.14.247 - - [04/Jun/2024:06:03:01 -0700] "GET /index.php?m=Common&a=down HTTP/1.1" 404 328 "-" "Mozilla/5.0 (Windows NT 10.0; WOW64; rv:48.0) Gecko/20100101 Firefox/48.0" 
