114.119.159.101 - - [02/Jun/2021:17:24:17 -0700] "GET /self.logs/error.log.2019-02-24.gz HTTP/1.1" 200 4693 "-" "Mozilla/5.0 (Linux; Android 7.0;) AppleWebKit/537.36 (KHTML, like Gecko) Mobile Safari/537.36 (compatible; PetalBot;+https://webmaster.petalsearch.com/site/petalbot)" 
54.36.149.61 - - [02/Jun/2021:17:30:28 -0700] "GET /self.logs/error.log.2017-11-06.gz HTTP/1.1" 200 2406 "-" "Mozilla/5.0 (compatible; AhrefsBot/7.0; +http://ahrefs.com/robot/)" 
114.119.144.30 - - [02/Jun/2021:17:31:50 -0700] "GET /self.logs/access.log.2020-07-12.gz HTTP/1.1" 200 12366 "-" "Mozilla/5.0 (Linux; Android 7.0;) AppleWebKit/537.36 (KHTML, like Gecko) Mobile Safari/537.36 (compatible; PetalBot;+https://webmaster.petalsearch.com/site/petalbot)" 
112.17.99.6 - - [02/Jun/2021:17:35:32 -0700] "GET /favicon.ico HTTP/1.1" 200 391 "-" "Mozilla/5.0 (Windows NT 10.0; WOW64) AppleWebKit/537.36 (KHTML, like Gecko) Chrome/86.0.4240.198 Safari/537.36" 
114.119.130.95 - - [02/Jun/2021:17:36:10 -0700] "GET /self.logs/error.log.2020-10-24 HTTP/1.1" 200 351 "-" "Mozilla/5.0 (Linux; Android 7.0;) AppleWebKit/537.36 (KHTML, like Gecko) Mobile Safari/537.36 (compatible; PetalBot;+https://webmaster.petalsearch.com/site/petalbot)" 
54.36.149.105 - - [02/Jun/2021:17:37:36 -0700] "GET /self.logs/access.log.2017-06-28.gz HTTP/1.1" 200 31290 "-" "Mozilla/5.0 (compatible; AhrefsBot/7.0; +http://ahrefs.com/robot/)" 
219.91.254.23 - - [02/Jun/2021:17:38:33 -0700] "GET /self.logs/ HTTP/1.1" 200 29768 "https://www.google.com/" "Mozilla/5.0 (Windows NT 10.0; Win64; x64) AppleWebKit/537.36 (KHTML, like Gecko) Chrome/90.0.4430.212 Safari/537.36" 
219.91.254.23 - - [02/Jun/2021:17:38:34 -0700] "GET /favicon.ico HTTP/1.1" 200 368 "http://www.secrepo.com/self.logs/" "Mozilla/5.0 (Windows NT 10.0; Win64; x64) AppleWebKit/537.36 (KHTML, like Gecko) Chrome/90.0.4430.212 Safari/537.36" 
17.121.112.218 - - [02/Jun/2021:17:38:43 -0700] "GET /tg/tg_snort_fast.7z HTTP/1.1" 200 4274160 "-" "Mozilla/5.0 (Macintosh; Intel Mac OS X 10_15_5) AppleWebKit/605.1.15 (KHTML, like Gecko) Version/13.1.1 Safari/605.1.15 (Applebot/0.1; +http://www.apple.com/go/applebot)" 
54.36.149.61 - - [02/Jun/2021:17:41:13 -0700] "GET /self.logs/access.log.2020-11-22.gz HTTP/1.1" 200 10878 "-" "Mozilla/5.0 (compatible; AhrefsBot/7.0; +http://ahrefs.com/robot/)" 
40.77.167.38 - - [02/Jun/2021:17:41:28 -0700] "GET /self.logs/access.log.2018-02-07.gz HTTP/1.1" 301 543 "-" "Mozilla/5.0 (compatible; bingbot/2.0; +http://www.bing.com/bingbot.htm)" 
114.119.155.228 - - [02/Jun/2021:17:42:20 -0700] "GET /self.logs/error.log.2017-03-05.gz HTTP/1.1" 200 883 "-" "Mozilla/5.0 (Linux; Android 7.0;) AppleWebKit/537.36 (KHTML, like Gecko) Mobile Safari/537.36 (compatible; PetalBot;+https://webmaster.petalsearch.com/site/petalbot)" 
216.18.204.201 - - [02/Jun/2021:17:46:03 -0700] "GET /robots.txt HTTP/1.1" 301 458 "-" "Mozilla/5.0 (compatible; Adsbot/3.1; +https://seostar.co/robot/)" 
216.18.204.201 - - [02/Jun/2021:17:48:58 -0700] "GET / HTTP/1.1" 301 438 "-" "Mozilla/5.0 (compatible; Adsbot/3.1; +https://seostar.co/robot/)" 
216.18.204.201 - - [02/Jun/2021:17:49:12 -0700] "GET /robots.txt HTTP/1.1" 200 340 "-" "Mozilla/5.0 (compatible; Adsbot/3.1; +https://seostar.co/robot/)" 
157.55.39.75 - - [02/Jun/2021:17:49:31 -0700] "GET /self.logs/error.log.2020-01-15 HTTP/1.1" 200 4371 "-" "Mozilla/5.0 (compatible; bingbot/2.0; +http://www.bing.com/bingbot.htm)" 
216.18.204.201 - - [02/Jun/2021:17:51:21 -0700] "GET / HTTP/1.1" 200 12846 "-" "Mozilla/5.0 (compatible; Adsbot/3.1; +https://seostar.co/robot/)" 
114.119.129.244 - - [02/Jun/2021:17:53:59 -0700] "GET /self.logs/2015/error.log.2015-01-29.gz HTTP/1.1" 200 1560 "-" "Mozilla/5.0 (Linux; Android 7.0;) AppleWebKit/537.36 (KHTML, like Gecko) Mobile Safari/537.36 (compatible; PetalBot;+https://webmaster.petalsearch.com/site/petalbot)" 
54.36.148.17 - - [02/Jun/2021:17:58:47 -0700] "GET /self.logs/access.log.2020-10-16.gz HTTP/1.1" 200 11082 "-" "Mozilla/5.0 (compatible; AhrefsBot/7.0; +http://ahrefs.com/robot/)" 
114.119.129.244 - - [02/Jun/2021:17:59:56 -0700] "GET /self.logs/access.log.2019-08-04.gz HTTP/1.1" 200 20650 "-" "Mozilla/5.0 (Linux; Android 7.0;) AppleWebKit/537.36 (KHTML, like Gecko) Mobile Safari/537.36 (compatible; PetalBot;+https://webmaster.petalsearch.com/site/petalbot)" 
216.18.204.201 - - [02/Jun/2021:18:02:56 -0700] "GET /self.logs/ HTTP/1.1" 200 29731 "http://www.secrepo.com/" "Mozilla/5.0 (compatible; Adsbot/3.1; +https://seostar.co/robot/)" 
216.18.204.201 - - [02/Jun/2021:18:03:05 -0700] "GET /self.logs/?C=D;O=A HTTP/1.1" 200 29731 "http://www.secrepo.com/" "Mozilla/5.0 (compatible; Adsbot/3.1; +https://seostar.co/robot/)" 
216.18.204.201 - - [02/Jun/2021:18:03:12 -0700] "GET /self.logs/?C=M;O=A HTTP/1.1" 200 30845 "http://www.secrepo.com/" "Mozilla/5.0 (compatible; Adsbot/3.1; +https://seostar.co/robot/)" 
216.18.204.201 - - [02/Jun/2021:18:03:19 -0700] "GET /self.logs/?C=N;O=D HTTP/1.1" 200 30370 "http://www.secrepo.com/" "Mozilla/5.0 (compatible; Adsbot/3.1; +https://seostar.co/robot/)" 
216.18.204.201 - - [02/Jun/2021:18:03:28 -0700] "GET /self.logs/?C=S;O=A HTTP/1.1" 200 34857 "http://www.secrepo.com/" "Mozilla/5.0 (compatible; Adsbot/3.1; +https://seostar.co/robot/)" 
216.18.204.201 - - [02/Jun/2021:18:03:38 -0700] "GET /self.logs/2015/ HTTP/1.1" 200 7584 "http://www.secrepo.com/" "Mozilla/5.0 (compatible; Adsbot/3.1; +https://seostar.co/robot/)" 
216.18.204.201 - - [02/Jun/2021:18:03:45 -0700] "GET /self.logs/2016/ HTTP/1.1" 200 7823 "http://www.secrepo.com/" "Mozilla/5.0 (compatible; Adsbot/3.1; +https://seostar.co/robot/)" 
216.18.204.201 - - [02/Jun/2021:18:03:53 -0700] "GET /self.logs/?C=D;O=D HTTP/1.1" 200 30370 "http://www.secrepo.com/" "Mozilla/5.0 (compatible; Adsbot/3.1; +https://seostar.co/robot/)" 
216.18.204.201 - - [02/Jun/2021:18:04:02 -0700] "GET /self.logs/?C=M;O=D HTTP/1.1" 200 32064 "http://www.secrepo.com/" "Mozilla/5.0 (compatible; Adsbot/3.1; +https://seostar.co/robot/)" 
216.18.204.201 - - [02/Jun/2021:18:04:14 -0700] "GET /self.logs/?C=N;O=A HTTP/1.1" 200 29731 "http://www.secrepo.com/" "Mozilla/5.0 (compatible; Adsbot/3.1; +https://seostar.co/robot/)" 
216.18.204.201 - - [02/Jun/2021:18:04:24 -0700] "GET /self.logs/?C=S;O=D HTTP/1.1" 200 34877 "http://www.secrepo.com/" "Mozilla/5.0 (compatible; Adsbot/3.1; +https://seostar.co/robot/)" 
216.18.204.201 - - [02/Jun/2021:18:04:37 -0700] "GET /self.logs/2015/?C=D;O=A HTTP/1.1" 200 7584 "http://www.secrepo.com/" "Mozilla/5.0 (compatible; Adsbot/3.1; +https://seostar.co/robot/)" 
216.18.204.201 - - [02/Jun/2021:18:04:46 -0700] "GET /self.logs/2015/?C=M;O=A HTTP/1.1" 200 7669 "http://www.secrepo.com/" "Mozilla/5.0 (compatible; Adsbot/3.1; +https://seostar.co/robot/)" 
216.18.204.201 - - [02/Jun/2021:18:04:53 -0700] "GET /self.logs/2015/?C=N;O=D HTTP/1.1" 200 7730 "http://www.secrepo.com/" "Mozilla/5.0 (compatible; Adsbot/3.1; +https://seostar.co/robot/)" 
216.18.204.201 - - [02/Jun/2021:18:05:08 -0700] "GET /self.logs/2015/?C=S;O=A HTTP/1.1" 200 8251 "http://www.secrepo.com/" "Mozilla/5.0 (compatible; Adsbot/3.1; +https://seostar.co/robot/)" 
216.18.204.201 - - [02/Jun/2021:18:05:20 -0700] "GET /self.logs/2016/?C=D;O=A HTTP/1.1" 200 7823 "http://www.secrepo.com/" "Mozilla/5.0 (compatible; Adsbot/3.1; +https://seostar.co/robot/)" 
216.18.204.201 - - [02/Jun/2021:18:05:32 -0700] "GET /self.logs/2016/?C=M;O=A HTTP/1.1" 200 7992 "http://www.secrepo.com/" "Mozilla/5.0 (compatible; Adsbot/3.1; +https://seostar.co/robot/)" 
114.119.150.248 - - [02/Jun/2021:18:05:43 -0700] "GET /self.logs/2015/access.log.2015-07-18.gz HTTP/1.1" 200 5276 "-" "Mozilla/5.0 (Linux; Android 7.0;) AppleWebKit/537.36 (KHTML, like Gecko) Mobile Safari/537.36 (compatible; PetalBot;+https://webmaster.petalsearch.com/site/petalbot)" 
216.18.204.201 - - [02/Jun/2021:18:05:44 -0700] "GET /self.logs/2016/?C=N;O=D HTTP/1.1" 200 8035 "http://www.secrepo.com/" "Mozilla/5.0 (compatible; Adsbot/3.1; +https://seostar.co/robot/)" 
216.18.204.201 - - [02/Jun/2021:18:05:58 -0700] "GET /self.logs/2016/?C=S;O=A HTTP/1.1" 200 8546 "http://www.secrepo.com/" "Mozilla/5.0 (compatible; Adsbot/3.1; +https://seostar.co/robot/)" 
216.18.204.201 - - [02/Jun/2021:18:06:20 -0700] "GET /self.logs/2015/?C=D;O=D HTTP/1.1" 200 7730 "http://www.secrepo.com/" "Mozilla/5.0 (compatible; Adsbot/3.1; +https://seostar.co/robot/)" 
216.18.204.201 - - [02/Jun/2021:18:07:51 -0700] "GET /self.logs/2015/?C=M;O=D HTTP/1.1" 200 7913 "http://www.secrepo.com/" "Mozilla/5.0 (compatible; Adsbot/3.1; +https://seostar.co/robot/)" 
162.241.30.65 - - [02/Jun/2021:18:09:02 -0700] "GET /old/wp-admin/ HTTP/1.1" 301 445 "http://secrepo.com/" "Mozilla/5.0 (Windows NT 10.0; Win64; x64) AppleWebKit/537.36 (KHTML, like Gecko) Chrome/78.0.3904.97 Safari/537.36" 
162.241.30.65 - - [02/Jun/2021:18:09:02 -0700] "GET /old/wp-admin/ HTTP/1.1" 404 284 "http://secrepo.com/" "Mozilla/5.0 (Windows NT 10.0; Win64; x64) AppleWebKit/537.36 (KHTML, like Gecko) Chrome/78.0.3904.97 Safari/537.36" 
54.36.148.27 - - [02/Jun/2021:18:09:35 -0700] "GET /self.logs/error.log.2019-02-16.gz HTTP/1.1" 200 3572 "-" "Mozilla/5.0 (compatible; AhrefsBot/7.0; +http://ahrefs.com/robot/)" 
216.18.204.201 - - [02/Jun/2021:18:10:05 -0700] "GET /self.logs/2015/?C=N;O=A HTTP/1.1" 200 7584 "http://www.secrepo.com/" "Mozilla/5.0 (compatible; Adsbot/3.1; +https://seostar.co/robot/)" 
216.18.204.201 - - [02/Jun/2021:18:10:22 -0700] "GET /self.logs/2015/?C=S;O=D HTTP/1.1" 200 8137 "http://www.secrepo.com/" "Mozilla/5.0 (compatible; Adsbot/3.1; +https://seostar.co/robot/)" 
216.18.204.201 - - [02/Jun/2021:18:10:32 -0700] "GET /self.logs/2016/?C=D;O=D HTTP/1.1" 200 8035 "http://www.secrepo.com/" "Mozilla/5.0 (compatible; Adsbot/3.1; +https://seostar.co/robot/)" 
216.18.204.201 - - [02/Jun/2021:18:10:45 -0700] "GET /self.logs/2016/?C=M;O=D HTTP/1.1" 200 8258 "http://www.secrepo.com/" "Mozilla/5.0 (compatible; Adsbot/3.1; +https://seostar.co/robot/)" 
216.18.204.201 - - [02/Jun/2021:18:10:58 -0700] "GET /self.logs/2016/?C=N;O=A HTTP/1.1" 200 7823 "http://www.secrepo.com/" "Mozilla/5.0 (compatible; Adsbot/3.1; +https://seostar.co/robot/)" 
216.18.204.201 - - [02/Jun/2021:18:11:10 -0700] "GET /self.logs/2016/?C=S;O=D HTTP/1.1" 200 8410 "http://www.secrepo.com/" "Mozilla/5.0 (compatible; Adsbot/3.1; +https://seostar.co/robot/)" 
114.34.113.35 - - [02/Jun/2021:18:15:12 -0700] "GET / HTTP/1.1" 200 12883 "-" "Mozilla/5.0 (Macintosh; Intel Mac OS X 10_15_6) AppleWebKit/605.1.15 (KHTML, like Gecko) Version/13.1.2 Safari/605.1.15" 
114.34.113.35 - - [02/Jun/2021:18:15:12 -0700] "GET /css/style.css HTTP/1.1" 404 328 "http://www.secrepo.com/" "Mozilla/5.0 (Macintosh; Intel Mac OS X 10_15_6) AppleWebKit/605.1.15 (KHTML, like Gecko) Version/13.1.2 Safari/605.1.15" 
114.34.113.35 - - [02/Jun/2021:18:15:12 -0700] "GET /twitter-icon.png HTTP/1.1" 200 27893 "http://www.secrepo.com/" "Mozilla/5.0 (Macintosh; Intel Mac OS X 10_15_6) AppleWebKit/605.1.15 (KHTML, like Gecko) Version/13.1.2 Safari/605.1.15" 
114.34.113.35 - - [02/Jun/2021:18:15:13 -0700] "GET /GitHub-Mark.png HTTP/1.1" 200 7556 "http://www.secrepo.com/" "Mozilla/5.0 (Macintosh; Intel Mac OS X 10_15_6) AppleWebKit/605.1.15 (KHTML, like Gecko) Version/13.1.2 Safari/605.1.15" 
114.34.113.35 - - [02/Jun/2021:18:15:14 -0700] "GET /bootstrap/img/favicon.ico HTTP/1.1" 200 713 "http://www.secrepo.com/" "Mozilla/5.0 (Macintosh; Intel Mac OS X 10_15_6) AppleWebKit/605.1.15 (KHTML, like Gecko) Version/13.1.2 Safari/605.1.15" 
114.119.155.228 - - [02/Jun/2021:18:17:36 -0700] "GET /self.logs/access.log.2017-05-18.gz HTTP/1.1" 200 25863 "-" "Mozilla/5.0 (Linux; Android 7.0;) AppleWebKit/537.36 (KHTML, like Gecko) Mobile Safari/537.36 (compatible; PetalBot;+https://webmaster.petalsearch.com/site/petalbot)" 
221.226.242.146 - - [02/Jun/2021:18:19:55 -0700] "GET / HTTP/1.1" 200 12883 "-" "Mozilla/5.0 (Windows NT 10.0; Win64; x64) AppleWebKit/537.36 (KHTML, like Gecko) Chrome/90.0.4430.212 Safari/537.36" 
221.226.242.146 - - [02/Jun/2021:18:19:56 -0700] "GET /css/style.css HTTP/1.1" 404 305 "http://www.secrepo.com/" "Mozilla/5.0 (Windows NT 10.0; Win64; x64) AppleWebKit/537.36 (KHTML, like Gecko) Chrome/90.0.4430.212 Safari/537.36" 
221.226.242.146 - - [02/Jun/2021:18:19:56 -0700] "GET /twitter-icon.png HTTP/1.1" 200 27916 "http://www.secrepo.com/" "Mozilla/5.0 (Windows NT 10.0; Win64; x64) AppleWebKit/537.36 (KHTML, like Gecko) Chrome/90.0.4430.212 Safari/537.36" 
221.226.242.146 - - [02/Jun/2021:18:19:56 -0700] "GET /GitHub-Mark.png HTTP/1.1" 200 7533 "http://www.secrepo.com/" "Mozilla/5.0 (Windows NT 10.0; Win64; x64) AppleWebKit/537.36 (KHTML, like Gecko) Chrome/90.0.4430.212 Safari/537.36" 
221.226.242.146 - - [02/Jun/2021:18:20:03 -0700] "GET /bootstrap/img/favicon.ico HTTP/1.1" 200 713 "http://www.secrepo.com/" "Mozilla/5.0 (Windows NT 10.0; Win64; x64) AppleWebKit/537.36 (KHTML, like Gecko) Chrome/90.0.4430.212 Safari/537.36" 
54.36.149.61 - - [02/Jun/2021:18:24:30 -0700] "GET /self.logs/access.log.2018-03-31.gz HTTP/1.1" 200 16097 "-" "Mozilla/5.0 (compatible; AhrefsBot/7.0; +http://ahrefs.com/robot/)" 
40.77.167.38 - - [02/Jun/2021:18:24:48 -0700] "GET /self.logs/access.log.2017-05-05.gz HTTP/1.1" 301 543 "-" "Mozilla/5.0 (compatible; bingbot/2.0; +http://www.bing.com/bingbot.htm)" 
114.119.155.228 - - [02/Jun/2021:18:24:49 -0700] "GET /self.logs/error.log.2020-08-14 HTTP/1.1" 200 351 "-" "Mozilla/5.0 (Linux; Android 7.0;) AppleWebKit/537.36 (KHTML, like Gecko) Mobile Safari/537.36 (compatible; PetalBot;+https://webmaster.petalsearch.com/site/petalbot)" 
114.119.141.53 - - [02/Jun/2021:18:25:44 -0700] "GET /self.logs/error.log.2020-08-14 HTTP/1.1" 200 351 "-" "Mozilla/5.0 (Linux; Android 7.0;) AppleWebKit/537.36 (KHTML, like Gecko) Mobile Safari/537.36 (compatible; PetalBot;+https://webmaster.petalsearch.com/site/petalbot)" 
54.36.148.17 - - [02/Jun/2021:18:28:17 -0700] "GET /Datasets%20Description/HTML_Bro_log_1/dns.html HTTP/1.1" 200 1793 "-" "Mozilla/5.0 (compatible; AhrefsBot/7.0; +http://ahrefs.com/robot/)" 
40.77.167.38 - - [02/Jun/2021:18:28:30 -0700] "GET /self.logs/error.log.2018-05-16.gz HTTP/1.1" 301 541 "-" "Mozilla/5.0 (compatible; bingbot/2.0; +http://www.bing.com/bingbot.htm)" 
116.15.40.205 - - [02/Jun/2021:18:28:36 -0700] "GET /Datasets%20Description/PE_malware/VirusShare.html HTTP/1.1" 200 1651 "-" "Mozilla/5.0 (X11; Linux x86_64) AppleWebKit/537.36 (KHTML, like Gecko) Chrome/72.0.3626.81 Safari/537.36" 
116.15.40.205 - - [02/Jun/2021:18:28:38 -0700] "GET /favicon.ico HTTP/1.1" 200 368 "http://www.secrepo.com/Datasets%20Description/PE_malware/VirusShare.html" "Mozilla/5.0 (X11; Linux x86_64) AppleWebKit/537.36 (KHTML, like Gecko) Chrome/72.0.3626.81 Safari/537.36" 
114.119.129.244 - - [02/Jun/2021:18:29:47 -0700] "GET /self.logs/error.log.2019-01-29.gz HTTP/1.1" 200 4069 "-" "Mozilla/5.0 (Linux; Android 7.0;) AppleWebKit/537.36 (KHTML, like Gecko) Mobile Safari/537.36 (compatible; PetalBot;+https://webmaster.petalsearch.com/site/petalbot)" 
106.38.241.116 - - [02/Jun/2021:18:31:46 -0700] "GET / HTTP/1.1" 200 12846 "-" "Sogou web spider/4.0(+http://www.sogou.com/docs/help/webmasters.htm#07)" 
114.119.155.228 - - [02/Jun/2021:18:35:48 -0700] "GET /self.logs/2015/error.log.2015-04-13.gz HTTP/1.1" 200 908 "-" "Mozilla/5.0 (Linux; Android 7.0;) AppleWebKit/537.36 (KHTML, like Gecko) Mobile Safari/537.36 (compatible; PetalBot;+https://webmaster.petalsearch.com/site/petalbot)" 
49.7.20.108 - - [02/Jun/2021:18:40:34 -0700] "GET / HTTP/1.1" 301 438 "-" "Sogou web spider/4.0(+http://www.sogou.com/docs/help/webmasters.htm#07)" 
54.36.149.61 - - [02/Jun/2021:18:41:38 -0700] "GET /self.logs/access.log.2020-10-20.gz HTTP/1.1" 200 36360 "-" "Mozilla/5.0 (compatible; AhrefsBot/7.0; +http://ahrefs.com/robot/)" 
161.35.135.198 - - [02/Jun/2021:18:41:45 -0700] "GET / HTTP/1.1" 200 12846 "-" "Mozilla/5.0 (Macintosh; Intel Mac OS X 10_14_1) AppleWebKit/537.36 (KHTML, like Gecko) Chrome/75.0.3770.142 Safari/537.36" 
123.183.224.116 - - [02/Jun/2021:18:44:08 -0700] "GET / HTTP/1.1" 200 12846 "-" "Sogou web spider/4.0(+http://www.sogou.com/docs/help/webmasters.htm#07)" 
114.119.140.84 - - [02/Jun/2021:18:48:14 -0700] "GET /self.logs/access.log.2018-08-19.gz HTTP/1.1" 200 17553 "-" "Mozilla/5.0 (Linux; Android 7.0;) AppleWebKit/537.36 (KHTML, like Gecko) Mobile Safari/537.36 (compatible; PetalBot;+https://webmaster.petalsearch.com/site/petalbot)" 
54.36.148.17 - - [02/Jun/2021:18:51:10 -0700] "GET /self.logs/access.log.2018-06-18.gz HTTP/1.1" 200 26498 "-" "Mozilla/5.0 (compatible; AhrefsBot/7.0; +http://ahrefs.com/robot/)" 
74.125.212.29 - - [02/Jun/2021:18:53:19 -0700] "GET /bootstrap/img/favicon.ico HTTP/1.1" 200 713 "-" "Mozilla/5.0 (X11; Linux x86_64) AppleWebKit/537.36 (KHTML, like Gecko) Chrome/49.0.2623.75 Safari/537.36 Google Favicon" 
49.7.20.108 - - [02/Jun/2021:18:53:40 -0700] "GET / HTTP/1.1" 301 438 "-" "Sogou web spider/4.0(+http://www.sogou.com/docs/help/webmasters.htm#07)" 
114.119.130.95 - - [02/Jun/2021:18:54:17 -0700] "GET /self.logs/error.log.2020-06-28 HTTP/1.1" 200 351 "-" "Mozilla/5.0 (Linux; Android 7.0;) AppleWebKit/537.36 (KHTML, like Gecko) Mobile Safari/537.36 (compatible; PetalBot;+https://webmaster.petalsearch.com/site/petalbot)" 
40.77.167.38 - - [02/Jun/2021:18:57:12 -0700] "GET /self.logs/error.log.2017-08-02.gz HTTP/1.1" 200 1132 "-" "Mozilla/5.0 (compatible; bingbot/2.0; +http://www.bing.com/bingbot.htm)" 
114.119.140.84 - - [02/Jun/2021:19:06:42 -0700] "GET /self.logs/access.log.2019-04-12.gz HTTP/1.1" 200 20172 "-" "Mozilla/5.0 (Linux; Android 7.0;) AppleWebKit/537.36 (KHTML, like Gecko) Mobile Safari/537.36 (compatible; PetalBot;+https://webmaster.petalsearch.com/site/petalbot)" 
49.7.20.108 - - [02/Jun/2021:19:06:43 -0700] "GET / HTTP/1.1" 301 438 "-" "Sogou web spider/4.0(+http://www.sogou.com/docs/help/webmasters.htm#07)" 
157.55.39.17 - - [02/Jun/2021:19:11:31 -0700] "GET /self.logs/access.log.2017-04-10.gz HTTP/1.1" 301 543 "-" "Mozilla/5.0 (compatible; bingbot/2.0; +http://www.bing.com/bingbot.htm)" 
54.36.149.61 - - [02/Jun/2021:19:13:33 -0700] "GET /self.logs/access.log.2017-12-08.gz HTTP/1.1" 200 69410 "-" "Mozilla/5.0 (compatible; AhrefsBot/7.0; +http://ahrefs.com/robot/)" 
49.7.20.108 - - [02/Jun/2021:19:18:58 -0700] "GET / HTTP/1.1" 301 438 "-" "Sogou web spider/4.0(+http://www.sogou.com/docs/help/webmasters.htm#07)" 
54.36.149.61 - - [02/Jun/2021:19:21:38 -0700] "GET / HTTP/1.1" 200 12839 "-" "Mozilla/5.0 (compatible; AhrefsBot/7.0; +http://ahrefs.com/robot/)" 
1.202.249.67 - - [02/Jun/2021:19:22:53 -0700] "GET /maccdc2012/tunnel.log.gz HTTP/1.1" 200 5282 "https://link.csdn.net/?target=http%3A%2F%2Fwww.secrepo.com%2Fmaccdc2012%2Ftunnel.log.gz" "Mozilla/5.0 (Windows NT 6.3; Win64; x64) AppleWebKit/537.36 (KHTML, like Gecko) Chrome/91.0.4472.77 Safari/537.36" 
114.119.130.95 - - [02/Jun/2021:19:24:53 -0700] "GET /self.logs/error.log.2018-03-02.gz HTTP/1.1" 200 3120 "-" "Mozilla/5.0 (Linux; Android 7.0;) AppleWebKit/537.36 (KHTML, like Gecko) Mobile Safari/537.36 (compatible; PetalBot;+https://webmaster.petalsearch.com/site/petalbot)" 
40.77.167.38 - - [02/Jun/2021:19:29:23 -0700] "GET /self.logs/access.log.2018-01-04.gz HTTP/1.1" 301 543 "-" "Mozilla/5.0 (compatible; bingbot/2.0; +http://www.bing.com/bingbot.htm)" 
52.212.146.96 - - [02/Jun/2021:19:30:02 -0700] "GET /self.logs/access.log.2021-05-27.gz HTTP/1.1" 200 27913 "-" "python-requests/2.12.1" 
49.7.20.108 - - [02/Jun/2021:19:31:01 -0700] "GET / HTTP/1.1" 200 12846 "-" "Sogou web spider/4.0(+http://www.sogou.com/docs/help/webmasters.htm#07)" 
114.119.159.101 - - [02/Jun/2021:19:31:17 -0700] "GET /self.logs/access.log.2018-06-06.gz HTTP/1.1" 200 20829 "-" "Mozilla/5.0 (Linux; Android 7.0;) AppleWebKit/537.36 (KHTML, like Gecko) Mobile Safari/537.36 (compatible; PetalBot;+https://webmaster.petalsearch.com/site/petalbot)" 
157.55.39.45 - - [02/Jun/2021:19:31:55 -0700] "GET /self.logs/error.log.2017-10-11.gz HTTP/1.1" 301 541 "-" "Mozilla/5.0 (compatible; bingbot/2.0; +http://www.bing.com/bingbot.htm)" 
54.36.149.61 - - [02/Jun/2021:19:34:53 -0700] "GET /self.logs/error.log.2018-07-17.gz HTTP/1.1" 200 7259 "-" "Mozilla/5.0 (compatible; AhrefsBot/7.0; +http://ahrefs.com/robot/)" 
49.7.20.108 - - [02/Jun/2021:19:43:10 -0700] "GET / HTTP/1.1" 200 12846 "-" "Sogou web spider/4.0(+http://www.sogou.com/docs/help/webmasters.htm#07)" 
114.119.159.101 - - [02/Jun/2021:19:44:46 -0700] "GET /self.logs/error.log.2017-04-14.gz HTTP/1.1" 200 1300 "-" "Mozilla/5.0 (Linux; Android 7.0;) AppleWebKit/537.36 (KHTML, like Gecko) Mobile Safari/537.36 (compatible; PetalBot;+https://webmaster.petalsearch.com/site/petalbot)" 
66.249.64.47 - - [02/Jun/2021:19:45:18 -0700] "GET / HTTP/1.1" 200 12882 "-" "Mozilla/5.0 (compatible; Googlebot/2.1; +http://www.google.com/bot.html)" 
66.249.64.49 - - [02/Jun/2021:19:45:21 -0700] "GET /css/style.css HTTP/1.1" 404 328 "http://www.secrepo.com/" "Mozilla/5.0 AppleWebKit/537.36 (KHTML, like Gecko; compatible; Googlebot/2.1; +http://www.google.com/bot.html) Chrome/90.0.4430.97 Safari/537.36" 
123.183.224.116 - - [02/Jun/2021:19:48:23 -0700] "GET / HTTP/1.1" 200 12845 "-" "Sogou web spider/4.0(+http://www.sogou.com/docs/help/webmasters.htm#07)" 
114.119.129.244 - - [02/Jun/2021:19:49:39 -0700] "GET /self.logs/2015/access.log.2015-11-19.gz HTTP/1.1" 200 11955 "-" "Mozilla/5.0 (Linux; Android 7.0;) AppleWebKit/537.36 (KHTML, like Gecko) Mobile Safari/537.36 (compatible; PetalBot;+https://webmaster.petalsearch.com/site/petalbot)" 
54.36.148.17 - - [02/Jun/2021:19:49:58 -0700] "GET /self.logs/error.log.2018-08-25.gz HTTP/1.1" 200 6893 "-" "Mozilla/5.0 (compatible; AhrefsBot/7.0; +http://ahrefs.com/robot/)" 
54.36.148.17 - - [02/Jun/2021:20:02:41 -0700] "GET /self.logs/error.log.2017-04-25.gz HTTP/1.1" 200 999 "-" "Mozilla/5.0 (compatible; AhrefsBot/7.0; +http://ahrefs.com/robot/)" 
49.7.20.108 - - [02/Jun/2021:20:07:02 -0700] "GET / HTTP/1.1" 301 438 "-" "Sogou web spider/4.0(+http://www.sogou.com/docs/help/webmasters.htm#07)" 
49.7.20.105 - - [02/Jun/2021:20:10:11 -0700] "GET / HTTP/1.1" 200 12843 "-" "Sogou web spider/4.0(+http://www.sogou.com/docs/help/webmasters.htm#07)" 
49.7.20.105 - - [02/Jun/2021:20:12:36 -0700] "GET / HTTP/1.1" 200 12843 "-" "Sogou web spider/4.0(+http://www.sogou.com/docs/help/webmasters.htm#07)" 
114.119.159.101 - - [02/Jun/2021:20:14:00 -0700] "GET /self.logs/2015/error.log.2015-05-23.gz HTTP/1.1" 200 847 "-" "Mozilla/5.0 (Linux; Android 7.0;) AppleWebKit/537.36 (KHTML, like Gecko) Mobile Safari/537.36 (compatible; PetalBot;+https://webmaster.petalsearch.com/site/petalbot)" 
182.239.119.85 - - [02/Jun/2021:20:14:02 -0700] "GET / HTTP/1.1" 200 12880 "-" "Mozilla/5.0 (Linux; Android 10; LYA-L29) AppleWebKit/537.36 (KHTML, like Gecko) Chrome/90.0.4430.210 Mobile Safari/537.36" 
182.239.119.85 - - [02/Jun/2021:20:14:03 -0700] "GET /css/style.css HTTP/1.1" 404 305 "http://www.secrepo.com/" "Mozilla/5.0 (Linux; Android 10; LYA-L29) AppleWebKit/537.36 (KHTML, like Gecko) Chrome/90.0.4430.210 Mobile Safari/537.36" 
182.239.119.85 - - [02/Jun/2021:20:14:03 -0700] "GET /twitter-icon.png HTTP/1.1" 200 27916 "http://www.secrepo.com/" "Mozilla/5.0 (Linux; Android 10; LYA-L29) AppleWebKit/537.36 (KHTML, like Gecko) Chrome/90.0.4430.210 Mobile Safari/537.36" 
182.239.119.85 - - [02/Jun/2021:20:14:03 -0700] "GET /GitHub-Mark.png HTTP/1.1" 200 7556 "http://www.secrepo.com/" "Mozilla/5.0 (Linux; Android 10; LYA-L29) AppleWebKit/537.36 (KHTML, like Gecko) Chrome/90.0.4430.210 Mobile Safari/537.36" 
182.239.119.85 - - [02/Jun/2021:20:14:06 -0700] "GET /bootstrap/img/favicon.ico HTTP/1.1" 200 713 "http://www.secrepo.com/" "Mozilla/5.0 (Linux; Android 10; LYA-L29) AppleWebKit/537.36 (KHTML, like Gecko) Chrome/90.0.4430.210 Mobile Safari/537.36" 
49.7.20.105 - - [02/Jun/2021:20:14:39 -0700] "GET / HTTP/1.1" 200 12843 "-" "Sogou web spider/4.0(+http://www.sogou.com/docs/help/webmasters.htm#07)" 
54.36.148.17 - - [02/Jun/2021:20:15:01 -0700] "GET /self.logs/access.log.2017-07-08.gz HTTP/1.1" 200 12999 "-" "Mozilla/5.0 (compatible; AhrefsBot/7.0; +http://ahrefs.com/robot/)" 
49.7.20.105 - - [02/Jun/2021:20:16:32 -0700] "GET / HTTP/1.1" 200 12845 "-" "Sogou web spider/4.0(+http://www.sogou.com/docs/help/webmasters.htm#07)" 
49.7.20.105 - - [02/Jun/2021:20:18:15 -0700] "GET / HTTP/1.1" 200 12845 "-" "Sogou web spider/4.0(+http://www.sogou.com/docs/help/webmasters.htm#07)" 
54.36.148.17 - - [02/Jun/2021:20:18:37 -0700] "GET /self.logs/access.log.2020-11-04.gz HTTP/1.1" 200 12905 "-" "Mozilla/5.0 (compatible; AhrefsBot/7.0; +http://ahrefs.com/robot/)" 
74.125.212.235 - - [02/Jun/2021:20:19:11 -0700] "GET / HTTP/1.1" 301 475 "-" "Mozilla/5.0 (X11; Linux x86_64) AppleWebKit/537.36 (KHTML, like Gecko) Chrome/49.0.2623.75 Safari/537.36 Google Favicon" 
74.125.212.31 - - [02/Jun/2021:20:19:11 -0700] "GET / HTTP/1.1" 200 12882 "-" "Mozilla/5.0 (X11; Linux x86_64) AppleWebKit/537.36 (KHTML, like Gecko) Chrome/49.0.2623.75 Safari/537.36 Google Favicon" 
74.125.212.29 - - [02/Jun/2021:20:19:11 -0700] "GET /bootstrap/img/favicon.ico HTTP/1.1" 200 713 "-" "Mozilla/5.0 (X11; Linux x86_64) AppleWebKit/537.36 (KHTML, like Gecko) Chrome/49.0.2623.75 Safari/537.36 Google Favicon" 
114.119.159.40 - - [02/Jun/2021:20:20:10 -0700] "GET /self.logs/2015/access.log.2015-08-15.gz HTTP/1.1" 200 4307 "-" "Mozilla/5.0 (Linux; Android 7.0;) AppleWebKit/537.36 (KHTML, like Gecko) Mobile Safari/537.36 (compatible; PetalBot;+https://webmaster.petalsearch.com/site/petalbot)" 
49.7.20.105 - - [02/Jun/2021:20:20:18 -0700] "GET / HTTP/1.1" 200 12845 "-" "Sogou web spider/4.0(+http://www.sogou.com/docs/help/webmasters.htm#07)" 
54.36.148.17 - - [02/Jun/2021:20:22:13 -0700] "GET /self.logs/access.log.2019-05-15.gz HTTP/1.1" 200 41113 "-" "Mozilla/5.0 (compatible; AhrefsBot/7.0; +http://ahrefs.com/robot/)" 
49.7.20.105 - - [02/Jun/2021:20:23:25 -0700] "GET / HTTP/1.1" 200 12845 "-" "Sogou web spider/4.0(+http://www.sogou.com/docs/help/webmasters.htm#07)" 
54.36.149.73 - - [02/Jun/2021:20:25:49 -0700] "GET /self.logs/error.log.2020-01-11.gz HTTP/1.1" 200 1567 "-" "Mozilla/5.0 (compatible; AhrefsBot/7.0; +http://ahrefs.com/robot/)" 
114.119.144.30 - - [02/Jun/2021:20:26:21 -0700] "GET /self.logs/error.log.2018-12-13.gz HTTP/1.1" 200 6768 "-" "Mozilla/5.0 (Linux; Android 7.0;) AppleWebKit/537.36 (KHTML, like Gecko) Mobile Safari/537.36 (compatible; PetalBot;+https://webmaster.petalsearch.com/site/petalbot)" 
49.7.20.105 - - [02/Jun/2021:20:28:41 -0700] "GET / HTTP/1.1" 200 12845 "-" "Sogou web spider/4.0(+http://www.sogou.com/docs/help/webmasters.htm#07)" 
49.7.20.108 - - [02/Jun/2021:20:29:16 -0700] "GET / HTTP/1.1" 200 12845 "-" "Sogou web spider/4.0(+http://www.sogou.com/docs/help/webmasters.htm#07)" 
114.119.159.40 - - [02/Jun/2021:20:32:29 -0700] "GET /self.logs/error.log.2020-01-21.gz HTTP/1.1" 200 682 "-" "Mozilla/5.0 (Linux; Android 7.0;) AppleWebKit/537.36 (KHTML, like Gecko) Mobile Safari/537.36 (compatible; PetalBot;+https://webmaster.petalsearch.com/site/petalbot)" 
195.123.209.118 - - [02/Jun/2021:20:32:52 -0700] "GET / HTTP/1.1" 200 48020 "https://dverirespekt.ru/" "Mozilla/4.0 (compatible; MSIE 6.0; Windows NT 5.0; .NET CLR 1.0.3705; .NET CLR 1.1.4322)" 
195.123.209.118 - - [02/Jun/2021:20:32:53 -0700] "GET / HTTP/1.1" 200 48020 "https://dverirespekt.ru/" "Mozilla/4.0 (compatible; MSIE 6.0; Windows NT 5.0; .NET CLR 1.0.3705; .NET CLR 1.1.4322)" 
195.123.209.118 - - [02/Jun/2021:20:32:53 -0700] "GET / HTTP/1.1" 200 48020 "https://dverirespekt.ru/" "Mozilla/4.0 (compatible; MSIE 6.0; Windows NT 5.0; .NET CLR 1.0.3705; .NET CLR 1.1.4322)" 
157.55.39.26 - - [02/Jun/2021:20:38:29 -0700] "GET /self.logs/error.log.2021-04-10.gz HTTP/1.1" 200 3322 "-" "Mozilla/5.0 (compatible; bingbot/2.0; +http://www.bing.com/bingbot.htm)" 
49.37.152.189 - - [02/Jun/2021:20:39:06 -0700] "GET //semalt.com HTTP/1.1" 301 495 "https://www.bing.com/search?q=semalt.com" "Mozilla/5.0 (Windows NT 10.0; Win64; x64) AppleWebKit/537.36 (KHTML, like Gecko) Chrome/74.0.3729.169 Safari/537.36" 
49.7.20.105 - - [02/Jun/2021:20:39:16 -0700] "GET / HTTP/1.1" 200 12845 "-" "Sogou web spider/4.0(+http://www.sogou.com/docs/help/webmasters.htm#07)" 
114.119.129.244 - - [02/Jun/2021:20:39:21 -0700] "GET /self.logs/error.log.2017-03-30.gz HTTP/1.1" 200 1157 "-" "Mozilla/5.0 (Linux; Android 7.0;) AppleWebKit/537.36 (KHTML, like Gecko) Mobile Safari/537.36 (compatible; PetalBot;+https://webmaster.petalsearch.com/site/petalbot)" 
54.36.148.17 - - [02/Jun/2021:20:43:41 -0700] "GET /self.logs/access.log.2019-02-10.gz HTTP/1.1" 200 17584 "-" "Mozilla/5.0 (compatible; AhrefsBot/7.0; +http://ahrefs.com/robot/)" 
49.7.20.108 - - [02/Jun/2021:20:50:22 -0700] "GET / HTTP/1.1" 200 12845 "-" "Sogou web spider/4.0(+http://www.sogou.com/docs/help/webmasters.htm#07)" 
123.183.224.2 - - [02/Jun/2021:20:50:24 -0700] "GET /css/style.css HTTP/1.1" 301 464 "http://secrepo.com/" "Mozilla/5.0 (X11; Linux x86_64) AppleWebKit/537.36 (KHTML, like Gecko) Chrome/73.0.3683.86 Safari/537.36" 
123.183.224.2 - - [02/Jun/2021:20:50:25 -0700] "GET /css/style.css HTTP/1.1" 404 291 "http://secrepo.com/" "Mozilla/5.0 (X11; Linux x86_64) AppleWebKit/537.36 (KHTML, like Gecko) Chrome/73.0.3683.86 Safari/537.36" 
49.7.20.159 - - [02/Jun/2021:20:50:29 -0700] "GET /css/style.css HTTP/1.1" 301 464 "http://secrepo.com/" "Mozilla/5.0 (X11; Linux x86_64) AppleWebKit/537.36 (KHTML, like Gecko) Chrome/73.0.3683.86 Safari/537.36" 
49.7.20.159 - - [02/Jun/2021:20:50:30 -0700] "GET /css/style.css HTTP/1.1" 404 291 "http://secrepo.com/" "Mozilla/5.0 (X11; Linux x86_64) AppleWebKit/537.36 (KHTML, like Gecko) Chrome/73.0.3683.86 Safari/537.36" 
49.7.20.159 - - [02/Jun/2021:20:50:31 -0700] "GET /css/style.css HTTP/1.1" 301 464 "http://secrepo.com/" "Mozilla/5.0 (X11; Linux x86_64) AppleWebKit/537.36 (KHTML, like Gecko) Chrome/73.0.3683.86 Safari/537.36" 
49.7.20.159 - - [02/Jun/2021:20:50:31 -0700] "GET /css/style.css HTTP/1.1" 404 291 "http://secrepo.com/" "Mozilla/5.0 (X11; Linux x86_64) AppleWebKit/537.36 (KHTML, like Gecko) Chrome/73.0.3683.86 Safari/537.36" 
49.7.20.159 - - [02/Jun/2021:20:50:32 -0700] "GET /css/style.css HTTP/1.1" 301 464 "http://secrepo.com/" "Mozilla/5.0 (X11; Linux x86_64) AppleWebKit/537.36 (KHTML, like Gecko) Chrome/73.0.3683.86 Safari/537.36" 
49.7.20.159 - - [02/Jun/2021:20:50:32 -0700] "GET /css/style.css HTTP/1.1" 404 291 "http://secrepo.com/" "Mozilla/5.0 (X11; Linux x86_64) AppleWebKit/537.36 (KHTML, like Gecko) Chrome/73.0.3683.86 Safari/537.36" 
157.55.39.17 - - [02/Jun/2021:20:51:11 -0700] "GET /self.logs/access.log.2017-11-22.gz HTTP/1.1" 301 543 "-" "Mozilla/5.0 (compatible; bingbot/2.0; +http://www.bing.com/bingbot.htm)" 
66.249.64.80 - - [02/Jun/2021:20:54:39 -0700] "GET /robots.txt HTTP/1.1" 301 495 "-" "Mozilla/5.0 (compatible; Googlebot/2.1; +http://www.google.com/bot.html)" 
66.249.64.51 - - [02/Jun/2021:20:54:39 -0700] "GET /robots.txt HTTP/1.1" 200 377 "-" "Mozilla/5.0 (compatible; Googlebot/2.1; +http://www.google.com/bot.html)" 
66.249.64.83 - - [02/Jun/2021:20:54:43 -0700] "GET /ads.txt HTTP/1.1" 301 489 "-" "Mozilla/5.0 (compatible; Googlebot/2.1; +http://www.google.com/bot.html)" 
66.249.64.47 - - [02/Jun/2021:20:54:43 -0700] "GET /ads.txt HTTP/1.1" 404 328 "-" "Mozilla/5.0 (compatible; Googlebot/2.1; +http://www.google.com/bot.html)" 
111.198.231.56 - - [02/Jun/2021:20:55:56 -0700] "GET / HTTP/1.1" 200 12882 "-" "Mozilla/5.0 (Macintosh; Intel Mac OS X 10_15_7) AppleWebKit/605.1.15 (KHTML, like Gecko)" 
111.198.231.56 - - [02/Jun/2021:20:55:56 -0700] "GET /apple-touch-icon-precomposed.png HTTP/1.1" 404 328 "-" "Safari%E6%B5%8F%E8%A7%88%E5%99%A8/16611.2.7.1.4 CFNetwork/1240.0.4 Darwin/20.5.0" 
111.198.231.56 - - [02/Jun/2021:20:55:56 -0700] "GET /apple-touch-icon.png HTTP/1.1" 404 305 "-" "Safari%E6%B5%8F%E8%A7%88%E5%99%A8/16611.2.7.1.4 CFNetwork/1240.0.4 Darwin/20.5.0" 
111.198.231.56 - - [02/Jun/2021:20:55:57 -0700] "GET /bootstrap/img/favicon.ico HTTP/1.1" 200 690 "-" "Safari%E6%B5%8F%E8%A7%88%E5%99%A8/16611.2.7.1.4 CFNetwork/1240.0.4 Darwin/20.5.0" 
111.198.231.56 - - [02/Jun/2021:20:55:57 -0700] "GET / HTTP/1.1" 200 12882 "-" "Mozilla/5.0 (iPhone; CPU iPhone OS 14_0 like Mac OS X) AppleWebKit/605.1.15 (KHTML, like Gecko) Version/14.0 Mobile/15E148 Safari/604.1" 
111.198.231.56 - - [02/Jun/2021:20:55:57 -0700] "GET /apple-touch-icon-precomposed.png HTTP/1.1" 404 305 "-" "Safari%E6%B5%8F%E8%A7%88%E5%99%A8/16611.2.7.1.4 CFNetwork/1240.0.4 Darwin/20.5.0" 
111.198.231.56 - - [02/Jun/2021:20:55:58 -0700] "GET /apple-touch-icon.png HTTP/1.1" 404 305 "-" "Safari%E6%B5%8F%E8%A7%88%E5%99%A8/16611.2.7.1.4 CFNetwork/1240.0.4 Darwin/20.5.0" 
49.7.20.105 - - [02/Jun/2021:20:57:19 -0700] "GET / HTTP/1.1" 200 12845 "-" "Sogou web spider/4.0(+http://www.sogou.com/docs/help/webmasters.htm#07)" 
114.119.159.101 - - [02/Jun/2021:21:08:53 -0700] "GET /self.logs/access.log.2018-03-23.gz HTTP/1.1" 200 16503 "-" "Mozilla/5.0 (Linux; Android 7.0;) AppleWebKit/537.36 (KHTML, like Gecko) Mobile Safari/537.36 (compatible; PetalBot;+https://webmaster.petalsearch.com/site/petalbot)" 
36.110.199.161 - - [02/Jun/2021:21:10:29 -0700] "GET / HTTP/1.1" 200 12882 "http://www.baidu.com/s?wd=instant6i6" "Mozilla/5.0 (Windows NT 6.1; WOW64; rv:43.0) Gecko/20100101 Firefox/43.0" 
36.110.199.161 - - [02/Jun/2021:21:10:29 -0700] "GET /css/style.css HTTP/1.1" 404 305 "http://www.secrepo.com/" "Mozilla/5.0 (Windows NT 6.1; WOW64; rv:43.0) Gecko/20100101 Firefox/43.0" 
114.119.159.40 - - [02/Jun/2021:21:15:05 -0700] "GET /self.logs/access.log.2018-09-08.gz HTTP/1.1" 200 48791 "-" "Mozilla/5.0 (Linux; Android 7.0;) AppleWebKit/537.36 (KHTML, like Gecko) Mobile Safari/537.36 (compatible; PetalBot;+https://webmaster.petalsearch.com/site/petalbot)" 
157.55.39.26 - - [02/Jun/2021:21:20:50 -0700] "GET /self.logs/error.log.2019-08-29.gz HTTP/1.1" 301 541 "-" "Mozilla/5.0 (compatible; bingbot/2.0; +http://www.bing.com/bingbot.htm)" 
54.36.149.61 - - [02/Jun/2021:21:23:40 -0700] "GET /self.logs/access.log.2017-07-29.gz HTTP/1.1" 200 13245 "-" "Mozilla/5.0 (compatible; AhrefsBot/7.0; +http://ahrefs.com/robot/)" 
61.58.165.135 - - [02/Jun/2021:21:24:11 -0700] "GET / HTTP/1.1" 200 12883 "-" "Mozilla/5.0 (Windows NT 10.0; Win64; x64) AppleWebKit/537.36 (KHTML, like Gecko) Chrome/90.0.4430.212 Safari/537.36" 
61.58.165.135 - - [02/Jun/2021:21:24:12 -0700] "GET /css/style.css HTTP/1.1" 404 305 "http://www.secrepo.com/" "Mozilla/5.0 (Windows NT 10.0; Win64; x64) AppleWebKit/537.36 (KHTML, like Gecko) Chrome/90.0.4430.212 Safari/537.36" 
61.58.165.135 - - [02/Jun/2021:21:24:12 -0700] "GET /twitter-icon.png HTTP/1.1" 200 27893 "http://www.secrepo.com/" "Mozilla/5.0 (Windows NT 10.0; Win64; x64) AppleWebKit/537.36 (KHTML, like Gecko) Chrome/90.0.4430.212 Safari/537.36" 
61.58.165.135 - - [02/Jun/2021:21:24:13 -0700] "GET /GitHub-Mark.png HTTP/1.1" 200 7556 "http://www.secrepo.com/" "Mozilla/5.0 (Windows NT 10.0; Win64; x64) AppleWebKit/537.36 (KHTML, like Gecko) Chrome/90.0.4430.212 Safari/537.36" 
61.58.165.135 - - [02/Jun/2021:21:24:13 -0700] "GET /bootstrap/img/favicon.ico HTTP/1.1" 200 690 "http://www.secrepo.com/" "Mozilla/5.0 (Windows NT 10.0; Win64; x64) AppleWebKit/537.36 (KHTML, like Gecko) Chrome/90.0.4430.212 Safari/537.36" 
3.85.228.142 - - [02/Jun/2021:21:26:28 -0700] "GET / HTTP/1.1" 200 48020 "-" "Mozilla/5.0 (Windows NT 6.1; Win64; x64) AppleWebKit/537.36 (KHTML, like Gecko) Chrome/72.0.3626.109 Safari/537.36" 
3.83.182.236 - - [02/Jun/2021:21:26:54 -0700] "GET /bootstrap/img/favicon.ico HTTP/1.1" 200 669 "-" "Mozilla/5.0 (Windows NT 6.1; Win64; x64) AppleWebKit/537.36 (KHTML, like Gecko) Chrome/72.0.3626.109 Safari/537.36" 
114.119.129.244 - - [02/Jun/2021:21:27:08 -0700] "GET /self.logs/2015/error.log.2015-09-12.gz HTTP/1.1" 200 678 "-" "Mozilla/5.0 (Linux; Android 7.0;) AppleWebKit/537.36 (KHTML, like Gecko) Mobile Safari/537.36 (compatible; PetalBot;+https://webmaster.petalsearch.com/site/petalbot)" 
66.102.9.110 - - [02/Jun/2021:21:29:53 -0700] "GET / HTTP/1.1" 301 475 "-" "Mozilla/5.0 (X11; Linux x86_64) AppleWebKit/537.36 (KHTML, like Gecko) Chrome/49.0.2623.75 Safari/537.36 Google Favicon" 
66.102.9.252 - - [02/Jun/2021:21:29:53 -0700] "GET / HTTP/1.1" 200 12883 "-" "Mozilla/5.0 (X11; Linux x86_64) AppleWebKit/537.36 (KHTML, like Gecko) Chrome/49.0.2623.75 Safari/537.36 Google Favicon" 
66.102.9.252 - - [02/Jun/2021:21:29:54 -0700] "GET /bootstrap/img/favicon.ico HTTP/1.1" 200 690 "-" "Mozilla/5.0 (X11; Linux x86_64) AppleWebKit/537.36 (KHTML, like Gecko) Chrome/49.0.2623.75 Safari/537.36 Google Favicon" 
114.119.155.228 - - [02/Jun/2021:21:34:10 -0700] "GET /self.logs/2015/error.log.2015-12-24.gz HTTP/1.1" 200 1068 "-" "Mozilla/5.0 (Linux; Android 7.0;) AppleWebKit/537.36 (KHTML, like Gecko) Mobile Safari/537.36 (compatible; PetalBot;+https://webmaster.petalsearch.com/site/petalbot)" 
54.36.148.17 - - [02/Jun/2021:21:36:30 -0700] "GET /Datasets%20Description/PE_malware/?C=S;O=A HTTP/1.1" 200 642 "-" "Mozilla/5.0 (compatible; AhrefsBot/7.0; +http://ahrefs.com/robot/)" 
40.88.21.235 - - [02/Jun/2021:21:38:37 -0700] "GET / HTTP/1.1" 200 12883 "http://www.secrepo.com/" "Mozilla/5.0 (compatible; DuckDuckGo-Favicons-Bot/1.0; +http://duckduckgo.com)" 
40.88.21.235 - - [02/Jun/2021:21:38:37 -0700] "GET /bootstrap/img/favicon.ico HTTP/1.1" 200 690 "http://www.secrepo.com/bootstrap/img/favicon.ico" "Mozilla/5.0 (compatible; DuckDuckGo-Favicons-Bot/1.0; +http://duckduckgo.com)" 
114.119.159.101 - - [02/Jun/2021:21:39:29 -0700] "GET /self.logs/error.log.2019-01-24.gz HTTP/1.1" 200 2419 "-" "Mozilla/5.0 (Linux; Android 7.0;) AppleWebKit/537.36 (KHTML, like Gecko) Mobile Safari/537.36 (compatible; PetalBot;+https://webmaster.petalsearch.com/site/petalbot)" 
54.36.148.148 - - [02/Jun/2021:21:45:36 -0700] "GET /Datasets%20Description/Network/ssh.html HTTP/1.1" 200 1324 "-" "Mozilla/5.0 (compatible; AhrefsBot/7.0; +http://ahrefs.com/robot/)" 
114.119.159.101 - - [02/Jun/2021:21:45:41 -0700] "GET /self.logs/access.log.2020-03-22.gz HTTP/1.1" 200 20836 "-" "Mozilla/5.0 (Linux; Android 7.0;) AppleWebKit/537.36 (KHTML, like Gecko) Mobile Safari/537.36 (compatible; PetalBot;+https://webmaster.petalsearch.com/site/petalbot)" 
114.119.150.248 - - [02/Jun/2021:21:58:11 -0700] "GET /self.logs/2015/error.log.2015-08-19.gz HTTP/1.1" 200 866 "-" "Mozilla/5.0 (Linux; Android 7.0;) AppleWebKit/537.36 (KHTML, like Gecko) Mobile Safari/537.36 (compatible; PetalBot;+https://webmaster.petalsearch.com/site/petalbot)" 
66.102.9.238 - - [02/Jun/2021:21:58:31 -0700] "GET /honeypot/Honeypot%20-%20Howto.pdf HTTP/1.1" 200 1279529 "-" "Mozilla/5.0 (compatible; Google AppsViewer; http://drive.google.com)" 
114.119.157.43 - - [02/Jun/2021:22:04:09 -0700] "GET /self.logs/error.log.2018-01-22.gz HTTP/1.1" 200 2951 "-" "Mozilla/5.0 (Linux; Android 7.0;) AppleWebKit/537.36 (KHTML, like Gecko) Mobile Safari/537.36 (compatible; PetalBot;+https://webmaster.petalsearch.com/site/petalbot)" 
1.204.1.222 - - [02/Jun/2021:22:06:51 -0700] "GET /honeypot/honeypot.json.zip HTTP/1.1" 200 79200 "-" "Mozilla/5.0 (Windows NT 10.0; Win64; x64) AppleWebKit/537.36 (KHTML, like Gecko) Chrome/91.0.4472.77 Safari/537.36" 
157.55.39.26 - - [02/Jun/2021:22:06:59 -0700] "GET /self.logs/error.log.2018-02-23.gz HTTP/1.1" 200 3980 "-" "Mozilla/5.0 (compatible; bingbot/2.0; +http://www.bing.com/bingbot.htm)" 
157.55.39.26 - - [02/Jun/2021:22:08:55 -0700] "GET /self.logs/error.log.2021-02-23.gz HTTP/1.1" 200 1971 "-" "Mozilla/5.0 (compatible; bingbot/2.0; +http://www.bing.com/bingbot.htm)" 
114.119.150.248 - - [02/Jun/2021:22:10:59 -0700] "GET /self.logs/error.log.2019-11-26.gz HTTP/1.1" 200 869 "-" "Mozilla/5.0 (Linux; Android 7.0;) AppleWebKit/537.36 (KHTML, like Gecko) Mobile Safari/537.36 (compatible; PetalBot;+https://webmaster.petalsearch.com/site/petalbot)" 
157.55.39.45 - - [02/Jun/2021:22:14:21 -0700] "GET /self.logs/access.log.2021-05-11.gz HTTP/1.1" 200 16893 "-" "Mozilla/5.0 (compatible; bingbot/2.0; +http://www.bing.com/bingbot.htm)" 
114.119.130.95 - - [02/Jun/2021:22:16:42 -0700] "GET /self.logs/access.log.2019-10-06.gz HTTP/1.1" 200 16468 "-" "Mozilla/5.0 (Linux; Android 7.0;) AppleWebKit/537.36 (KHTML, like Gecko) Mobile Safari/537.36 (compatible; PetalBot;+https://webmaster.petalsearch.com/site/petalbot)" 
54.36.149.61 - - [02/Jun/2021:22:21:30 -0700] "GET /self.logs/access.log.2018-12-23.gz HTTP/1.1" 200 21293 "-" "Mozilla/5.0 (compatible; AhrefsBot/7.0; +http://ahrefs.com/robot/)" 
114.119.140.84 - - [02/Jun/2021:22:22:52 -0700] "GET /self.logs/access.log.2017-08-17.gz HTTP/1.1" 200 21371 "-" "Mozilla/5.0 (Linux; Android 7.0;) AppleWebKit/537.36 (KHTML, like Gecko) Mobile Safari/537.36 (compatible; PetalBot;+https://webmaster.petalsearch.com/site/petalbot)" 
114.119.150.248 - - [02/Jun/2021:22:28:43 -0700] "GET /self.logs/access.log.2017-06-26.gz HTTP/1.1" 200 47692 "-" "Mozilla/5.0 (Linux; Android 7.0;) AppleWebKit/537.36 (KHTML, like Gecko) Mobile Safari/537.36 (compatible; PetalBot;+https://webmaster.petalsearch.com/site/petalbot)" 
1.204.1.222 - - [02/Jun/2021:22:07:01 -0700] "GET /honeypot/honeypot.json.zip HTTP/1.1" 200 23086087 "-" "Mozilla/5.0 (Windows NT 10.0; Win64; x64) AppleWebKit/537.36 (KHTML, like Gecko) Chrome/91.0.4472.77 Safari/537.36" 
114.119.157.43 - - [02/Jun/2021:22:35:16 -0700] "GET /self.logs/error.log.2020-01-28.gz HTTP/1.1" 200 863 "-" "Mozilla/5.0 (Linux; Android 7.0;) AppleWebKit/537.36 (KHTML, like Gecko) Mobile Safari/537.36 (compatible; PetalBot;+https://webmaster.petalsearch.com/site/petalbot)" 
157.55.39.26 - - [02/Jun/2021:22:37:27 -0700] "GET /self.logs/error.log.2021-04-29.gz HTTP/1.1" 200 7977 "-" "Mozilla/5.0 (compatible; bingbot/2.0; +http://www.bing.com/bingbot.htm)" 
157.55.39.41 - - [02/Jun/2021:22:39:03 -0700] "GET / HTTP/1.1" 301 475 "-" "Mozilla/5.0 (compatible; bingbot/2.0; +http://www.bing.com/bingbot.htm)" 
54.36.149.7 - - [02/Jun/2021:22:42:39 -0700] "GET /self.logs/access.log.2020-06-20.gz HTTP/1.1" 200 12839 "-" "Mozilla/5.0 (compatible; AhrefsBot/7.0; +http://ahrefs.com/robot/)" 
114.119.129.244 - - [02/Jun/2021:22:47:27 -0700] "GET /self.logs/access.log.2020-11-14.gz HTTP/1.1" 200 50477 "-" "Mozilla/5.0 (Linux; Android 7.0;) AppleWebKit/537.36 (KHTML, like Gecko) Mobile Safari/537.36 (compatible; PetalBot;+https://webmaster.petalsearch.com/site/petalbot)" 
54.36.148.17 - - [02/Jun/2021:22:51:07 -0700] "GET /self.logs/access.log.2019-11-22.gz HTTP/1.1" 200 24264 "-" "Mozilla/5.0 (compatible; AhrefsBot/7.0; +http://ahrefs.com/robot/)" 
114.119.140.84 - - [02/Jun/2021:22:53:08 -0700] "GET /self.logs/error.log.2018-08-30.gz HTTP/1.1" 200 5676 "-" "Mozilla/5.0 (Linux; Android 7.0;) AppleWebKit/537.36 (KHTML, like Gecko) Mobile Safari/537.36 (compatible; PetalBot;+https://webmaster.petalsearch.com/site/petalbot)" 
66.249.64.51 - - [02/Jun/2021:22:55:21 -0700] "GET /robots.txt HTTP/1.1" 200 377 "-" "Mozilla/5.0 (compatible; Googlebot/2.1; +http://www.google.com/bot.html)" 
66.249.64.49 - - [02/Jun/2021:22:55:21 -0700] "GET / HTTP/1.1" 200 12883 "-" "Mozilla/5.0 (Linux; Android 6.0.1; Nexus 5X Build/MMB29P) AppleWebKit/537.36 (KHTML, like Gecko) Chrome/90.0.4430.97 Mobile Safari/537.36 (compatible; Googlebot/2.1; +http://www.google.com/bot.html)" 
66.249.64.49 - - [02/Jun/2021:22:55:27 -0700] "GET /css/style.css HTTP/1.1" 404 328 "http://www.secrepo.com/" "Mozilla/5.0 (Linux; Android 6.0.1; Nexus 5X Build/MMB29P) AppleWebKit/537.36 (KHTML, like Gecko) Chrome/90.0.4430.97 Mobile Safari/537.36 (compatible; Googlebot/2.1; +http://www.google.com/bot.html)" 
66.249.64.47 - - [02/Jun/2021:22:55:28 -0700] "GET /css/style.css HTTP/1.1" 404 328 "http://www.secrepo.com/" "Mozilla/5.0 (Linux; Android 6.0.1; Nexus 5X Build/MMB29P) AppleWebKit/537.36 (KHTML, like Gecko) Chrome/90.0.4430.97 Mobile Safari/537.36 (compatible; Googlebot/2.1; +http://www.google.com/bot.html)" 
114.119.141.53 - - [02/Jun/2021:22:59:31 -0700] "GET /self.logs/access.log.2018-07-08.gz HTTP/1.1" 200 30712 "-" "Mozilla/5.0 (Linux; Android 7.0;) AppleWebKit/537.36 (KHTML, like Gecko) Mobile Safari/537.36 (compatible; PetalBot;+https://webmaster.petalsearch.com/site/petalbot)" 
40.77.167.97 - - [02/Jun/2021:23:01:16 -0700] "GET /self.logs/error.log.2020-12-04 HTTP/1.1" 200 351 "-" "Mozilla/5.0 (compatible; bingbot/2.0; +http://www.bing.com/bingbot.htm)" 
54.36.149.61 - - [02/Jun/2021:23:04:40 -0700] "GET /self.logs/access.log.2021-01-16.gz HTTP/1.1" 200 23251 "-" "Mozilla/5.0 (compatible; AhrefsBot/7.0; +http://ahrefs.com/robot/)" 
124.127.193.89 - - [02/Jun/2021:23:04:45 -0700] "GET /favicon.ico HTTP/1.1" 200 391 "-" "Mozilla/5.0 (Windows NT 10.0; WOW64) AppleWebKit/537.36 (KHTML, like Gecko) Chrome/72.0.3626.81 Safari/537.36 SE 2.X MetaSr 1.0" 
124.127.193.89 - - [02/Jun/2021:23:05:05 -0700] "GET /favicon.ico HTTP/1.1" 200 391 "-" "Mozilla/5.0 (Windows NT 10.0; WOW64) AppleWebKit/537.36 (KHTML, like Gecko) Chrome/72.0.3626.81 Safari/537.36 SE 2.X MetaSr 1.0" 
124.127.193.89 - - [02/Jun/2021:23:05:29 -0700] "GET /favicon.ico HTTP/1.1" 200 391 "-" "Mozilla/5.0 (Windows NT 10.0; WOW64) AppleWebKit/537.36 (KHTML, like Gecko) Chrome/72.0.3626.81 Safari/537.36 SE 2.X MetaSr 1.0" 
114.119.159.101 - - [02/Jun/2021:23:05:43 -0700] "GET /self.logs/access.log.2019-08-03.gz HTTP/1.1" 200 21578 "-" "Mozilla/5.0 (Linux; Android 7.0;) AppleWebKit/537.36 (KHTML, like Gecko) Mobile Safari/537.36 (compatible; PetalBot;+https://webmaster.petalsearch.com/site/petalbot)" 
40.77.167.80 - - [02/Jun/2021:23:09:46 -0700] "GET /self.logs/access.log.2017-12-26.gz HTTP/1.1" 200 100473 "-" "Mozilla/5.0 (compatible; bingbot/2.0; +http://www.bing.com/bingbot.htm)" 
95.8.16.133 - - [02/Jun/2021:23:13:10 -0700] "GET /self.logs/ HTTP/1.1" 200 29768 "-" "Mozilla/5.0 (Windows NT 10.0; Win64; x64) AppleWebKit/537.36 (KHTML, like Gecko) Chrome/91.0.4472.77 Safari/537.36" 
95.8.16.133 - - [02/Jun/2021:23:13:13 -0700] "GET /favicon.ico HTTP/1.1" 200 391 "http://www.secrepo.com/self.logs/" "Mozilla/5.0 (Windows NT 10.0; Win64; x64) AppleWebKit/537.36 (KHTML, like Gecko) Chrome/91.0.4472.77 Safari/537.36" 
95.8.16.133 - - [02/Jun/2021:23:13:19 -0700] "GET /self.logs/access.log.2017-01-01.gz HTTP/1.1" 200 17678 "http://www.secrepo.com/self.logs/" "Mozilla/5.0 (Windows NT 10.0; Win64; x64) AppleWebKit/537.36 (KHTML, like Gecko) Chrome/91.0.4472.77 Safari/537.36" 
54.36.148.1 - - [02/Jun/2021:23:13:24 -0700] "GET /self.logs/error.log.2020-11-21 HTTP/1.1" 200 307 "-" "Mozilla/5.0 (compatible; AhrefsBot/7.0; +http://ahrefs.com/robot/)" 
114.119.140.84 - - [02/Jun/2021:23:17:55 -0700] "GET /self.logs/2015/access.log.2015-12-26.gz HTTP/1.1" 200 3881 "-" "Mozilla/5.0 (Linux; Android 7.0;) AppleWebKit/537.36 (KHTML, like Gecko) Mobile Safari/537.36 (compatible; PetalBot;+https://webmaster.petalsearch.com/site/petalbot)" 
114.119.141.53 - - [02/Jun/2021:23:24:07 -0700] "GET /self.logs/2015/access.log.2015-05-18.gz HTTP/1.1" 200 4726 "-" "Mozilla/5.0 (Linux; Android 7.0;) AppleWebKit/537.36 (KHTML, like Gecko) Mobile Safari/537.36 (compatible; PetalBot;+https://webmaster.petalsearch.com/site/petalbot)" 
66.249.64.47 - - [02/Jun/2021:23:29:41 -0700] "GET /Datasets%20Description/Network/notice.html HTTP/1.1" 304 277 "-" "Mozilla/5.0 (compatible; Googlebot/2.1; +http://www.google.com/bot.html)" 
114.119.155.228 - - [02/Jun/2021:23:30:36 -0700] "GET /self.logs/error.log.2017-05-09.gz HTTP/1.1" 200 980 "-" "Mozilla/5.0 (Linux; Android 7.0;) AppleWebKit/537.36 (KHTML, like Gecko) Mobile Safari/537.36 (compatible; PetalBot;+https://webmaster.petalsearch.com/site/petalbot)" 
213.137.71.174 - - [02/Jun/2021:23:31:05 -0700] "GET /css/style.css HTTP/1.1" 404 328 "http://www.secrepo.com/" "Mozilla/5.0 (Macintosh; Intel Mac OS X 10_15_7) AppleWebKit/537.36 (KHTML, like Gecko) Chrome/90.0.4430.212 Safari/537.36" 
213.137.71.174 - - [02/Jun/2021:23:31:06 -0700] "GET /bootstrap/img/favicon.ico HTTP/1.1" 304 253 "http://www.secrepo.com/" "Mozilla/5.0 (Macintosh; Intel Mac OS X 10_15_7) AppleWebKit/537.36 (KHTML, like Gecko) Chrome/90.0.4430.212 Safari/537.36" 
157.55.39.26 - - [02/Jun/2021:23:34:46 -0700] "GET /self.logs/access.log.2017-09-21.gz HTTP/1.1" 301 543 "-" "Mozilla/5.0 (compatible; bingbot/2.0; +http://www.bing.com/bingbot.htm)" 
40.77.167.97 - - [02/Jun/2021:23:36:28 -0700] "GET /self.logs/error.log.2017-05-20.gz HTTP/1.1" 301 541 "-" "Mozilla/5.0 (compatible; bingbot/2.0; +http://www.bing.com/bingbot.htm)" 
95.8.16.133 - - [02/Jun/2021:23:37:23 -0700] "GET / HTTP/1.1" 200 12882 "-" "Mozilla/5.0 (Windows NT 10.0; Win64; x64) AppleWebKit/537.36 (KHTML, like Gecko) Chrome/91.0.4472.77 Safari/537.36" 
95.8.16.133 - - [02/Jun/2021:23:37:23 -0700] "GET /css/style.css HTTP/1.1" 404 305 "http://www.secrepo.com/" "Mozilla/5.0 (Windows NT 10.0; Win64; x64) AppleWebKit/537.36 (KHTML, like Gecko) Chrome/91.0.4472.77 Safari/537.36" 
95.8.16.133 - - [02/Jun/2021:23:37:23 -0700] "GET /twitter-icon.png HTTP/1.1" 200 27916 "http://www.secrepo.com/" "Mozilla/5.0 (Windows NT 10.0; Win64; x64) AppleWebKit/537.36 (KHTML, like Gecko) Chrome/91.0.4472.77 Safari/537.36" 
95.8.16.133 - - [02/Jun/2021:23:37:23 -0700] "GET /GitHub-Mark.png HTTP/1.1" 200 7533 "http://www.secrepo.com/" "Mozilla/5.0 (Windows NT 10.0; Win64; x64) AppleWebKit/537.36 (KHTML, like Gecko) Chrome/91.0.4472.77 Safari/537.36" 
95.8.16.133 - - [02/Jun/2021:23:37:25 -0700] "GET /bootstrap/img/favicon.ico HTTP/1.1" 200 690 "http://www.secrepo.com/" "Mozilla/5.0 (Windows NT 10.0; Win64; x64) AppleWebKit/537.36 (KHTML, like Gecko) Chrome/91.0.4472.77 Safari/537.36" 
95.8.16.133 - - [02/Jun/2021:23:37:33 -0700] "GET /css/style.css HTTP/1.1" 404 328 "http://www.secrepo.com/" "Mozilla/5.0 (Windows NT 10.0; Win64; x64) AppleWebKit/537.36 (KHTML, like Gecko) Chrome/91.0.4472.77 Safari/537.36" 
95.8.16.133 - - [02/Jun/2021:23:37:37 -0700] "GET /css/style.css HTTP/1.1" 404 328 "http://www.secrepo.com/" "Mozilla/5.0 (Windows NT 10.0; Win64; x64) AppleWebKit/537.36 (KHTML, like Gecko) Chrome/91.0.4472.77 Safari/537.36" 
