49.7.20.105 - - [17/Jul/2022:20:01:53 -0700] "GET / HTTP/1.1" 200 13148 "-" "Sogou web spider/4.0(+http://www.sogou.com/docs/help/webmasters.htm#07)" 
34.206.152.150 - - [17/Jul/2022:20:02:54 -0700] "HEAD / HTTP/1.1" 301 186 "-" "DreamHost SiteMonitor 1.0" 
34.206.152.150 - - [17/Jul/2022:20:02:54 -0700] "HEAD / HTTP/1.1" 200 359 "http://66.33.221.139" "DreamHost SiteMonitor 1.0" 
34.206.152.150 - - [17/Jul/2022:20:12:54 -0700] "HEAD / HTTP/1.1" 301 186 "-" "DreamHost SiteMonitor 1.0" 
34.206.152.150 - - [17/Jul/2022:20:12:54 -0700] "HEAD / HTTP/1.1" 200 359 "http://66.33.221.139" "DreamHost SiteMonitor 1.0" 
34.206.152.150 - - [17/Jul/2022:20:22:54 -0700] "HEAD / HTTP/1.1" 301 186 "-" "DreamHost SiteMonitor 1.0" 
34.206.152.150 - - [17/Jul/2022:20:22:54 -0700] "HEAD / HTTP/1.1" 200 359 "http://66.33.221.139" "DreamHost SiteMonitor 1.0" 
114.119.149.237 - - [17/Jul/2022:20:25:32 -0700] "GET /self.logs/error.log.2020-08-07.gz HTTP/1.1" 200 890 "-" "Mozilla/5.0 (compatible;PetalBot;+https://webmaster.petalsearch.com/site/petalbot)" 
49.7.20.105 - - [17/Jul/2022:20:31:24 -0700] "GET / HTTP/1.1" 200 13148 "-" "Sogou web spider/4.0(+http://www.sogou.com/docs/help/webmasters.htm#07)" 
34.206.152.150 - - [17/Jul/2022:20:32:54 -0700] "HEAD / HTTP/1.1" 301 186 "-" "DreamHost SiteMonitor 1.0" 
34.206.152.150 - - [17/Jul/2022:20:32:54 -0700] "HEAD / HTTP/1.1" 200 359 "http://66.33.221.139" "DreamHost SiteMonitor 1.0" 
157.55.39.88 - - [17/Jul/2022:20:33:57 -0700] "GET /self.logs/ HTTP/1.1" 200 37346 "-" "Mozilla/5.0 (compatible; bingbot/2.0; +http://www.bing.com/bingbot.htm)" 
114.119.149.237 - - [17/Jul/2022:20:37:23 -0700] "GET /self.logs/access.log.2020-10-30.gz HTTP/1.1" 200 55128 "-" "Mozilla/5.0 (compatible;PetalBot;+https://webmaster.petalsearch.com/site/petalbot)" 
34.206.152.150 - - [17/Jul/2022:20:42:54 -0700] "HEAD / HTTP/1.1" 301 186 "-" "DreamHost SiteMonitor 1.0" 
34.206.152.150 - - [17/Jul/2022:20:42:54 -0700] "HEAD / HTTP/1.1" 200 359 "http://66.33.221.139" "DreamHost SiteMonitor 1.0" 
114.119.140.174 - - [17/Jul/2022:20:42:58 -0700] "GET /self.logs/access.log.2018-09-09.gz HTTP/1.1" 200 36850 "-" "Mozilla/5.0 (compatible;PetalBot;+https://webmaster.petalsearch.com/site/petalbot)" 
61.147.15.65 - - [17/Jul/2022:20:47:51 -0700] "GET / HTTP/1.1" 200 13185 "-" "Mozilla/5.0 (Linux; Android 8.1; vivo X21A Build/OPM1.171019.011; wv) AppleWebKit/537.36 (KHTML, like Gecko) Version/4.0 Chrome/48.0.2564.116 Mobile Safari/537.36 T7/10.11 baiduboxapp/10.11.0.13 (Baidu; P1 8.1.0)" 
34.206.152.150 - - [17/Jul/2022:20:52:54 -0700] "HEAD / HTTP/1.1" 301 186 "-" "DreamHost SiteMonitor 1.0" 
34.206.152.150 - - [17/Jul/2022:20:52:54 -0700] "HEAD / HTTP/1.1" 200 359 "http://66.33.221.139" "DreamHost SiteMonitor 1.0" 
49.7.20.105 - - [17/Jul/2022:20:59:14 -0700] "GET / HTTP/1.1" 200 13148 "-" "Sogou web spider/4.0(+http://www.sogou.com/docs/help/webmasters.htm#07)" 
34.206.152.150 - - [17/Jul/2022:21:02:54 -0700] "HEAD / HTTP/1.1" 301 186 "-" "DreamHost SiteMonitor 1.0" 
34.206.152.150 - - [17/Jul/2022:21:02:54 -0700] "HEAD / HTTP/1.1" 200 359 "http://66.33.221.139" "DreamHost SiteMonitor 1.0" 
114.119.149.218 - - [17/Jul/2022:21:04:45 -0700] "GET /self.logs/access.log.2019-04-12.gz HTTP/1.1" 200 20172 "-" "Mozilla/5.0 (compatible;PetalBot;+https://webmaster.petalsearch.com/site/petalbot)" 
51.222.253.8 - - [17/Jul/2022:21:05:39 -0700] "GET /Datasets%20Description/?C=S;O=A HTTP/1.1" 200 633 "-" "Mozilla/5.0 (compatible; AhrefsBot/7.0; +http://ahrefs.com/robot/)" 
157.55.39.88 - - [17/Jul/2022:21:07:20 -0700] "GET /self.logs/ HTTP/1.1" 200 37346 "-" "Mozilla/5.0 (compatible; bingbot/2.0; +http://www.bing.com/bingbot.htm)" 
114.119.140.174 - - [17/Jul/2022:21:10:42 -0700] "GET /self.logs/error.log.2019-10-17.gz HTTP/1.1" 200 818 "-" "Mozilla/5.0 (compatible;PetalBot;+https://webmaster.petalsearch.com/site/petalbot)" 
34.206.152.150 - - [17/Jul/2022:21:12:54 -0700] "HEAD / HTTP/1.1" 301 186 "-" "DreamHost SiteMonitor 1.0" 
34.206.152.150 - - [17/Jul/2022:21:12:54 -0700] "HEAD / HTTP/1.1" 200 359 "http://66.33.221.139" "DreamHost SiteMonitor 1.0" 
85.208.98.198 - - [17/Jul/2022:21:17:41 -0700] "GET /robots.txt HTTP/1.1" 200 377 "-" "Mozilla/5.0 (iPhone; CPU iPhone OS 6_0 like Mac OS X) AppleWebKit/536.26 (KHTML, like Gecko) Version/6.0 Mobile/10A5376e Safari/8536.25 (compatible; SiteAuditBot/0.97; +http://www.semrush.com/bot.html)" 
85.208.98.200 - - [17/Jul/2022:21:17:41 -0700] "GET / HTTP/1.1" 200 13187 "-" "Mozilla/5.0 (iPhone; CPU iPhone OS 6_0 like Mac OS X) AppleWebKit/536.26 (KHTML, like Gecko) Version/6.0 Mobile/10A5376e Safari/8536.25 (compatible; SiteAuditBot/0.97; +http://www.semrush.com/bot.html)" 
114.119.149.218 - - [17/Jul/2022:21:22:09 -0700] "GET /self.logs/error.log.2018-03-07.gz HTTP/1.1" 200 5059 "-" "Mozilla/5.0 (compatible;PetalBot;+https://webmaster.petalsearch.com/site/petalbot)" 
34.206.152.150 - - [17/Jul/2022:21:22:54 -0700] "HEAD / HTTP/1.1" 301 186 "-" "DreamHost SiteMonitor 1.0" 
34.206.152.150 - - [17/Jul/2022:21:22:54 -0700] "HEAD / HTTP/1.1" 200 359 "http://66.33.221.139" "DreamHost SiteMonitor 1.0" 
49.7.20.105 - - [17/Jul/2022:21:27:27 -0700] "GET / HTTP/1.1" 200 13150 "-" "Sogou web spider/4.0(+http://www.sogou.com/docs/help/webmasters.htm#07)" 
34.206.152.150 - - [17/Jul/2022:21:32:54 -0700] "HEAD / HTTP/1.1" 301 186 "-" "DreamHost SiteMonitor 1.0" 
34.206.152.150 - - [17/Jul/2022:21:32:54 -0700] "HEAD / HTTP/1.1" 200 359 "http://66.33.221.139" "DreamHost SiteMonitor 1.0" 
114.119.149.222 - - [17/Jul/2022:21:36:08 -0700] "GET /self.logs/access.log.2017-10-18.gz HTTP/1.1" 200 23565 "-" "Mozilla/5.0 (compatible;PetalBot;+https://webmaster.petalsearch.com/site/petalbot)" 
157.55.39.88 - - [17/Jul/2022:21:41:14 -0700] "GET /self.logs/ HTTP/1.1" 200 37346 "-" "Mozilla/5.0 (compatible; bingbot/2.0; +http://www.bing.com/bingbot.htm)" 
34.206.152.150 - - [17/Jul/2022:21:42:54 -0700] "HEAD / HTTP/1.1" 301 186 "-" "DreamHost SiteMonitor 1.0" 
34.206.152.150 - - [17/Jul/2022:21:42:54 -0700] "HEAD / HTTP/1.1" 200 359 "http://66.33.221.139" "DreamHost SiteMonitor 1.0" 
114.119.149.23 - - [17/Jul/2022:21:43:42 -0700] "GET /self.logs/error.log.2017-10-19.gz HTTP/1.1" 200 7968 "-" "Mozilla/5.0 (compatible;PetalBot;+https://webmaster.petalsearch.com/site/petalbot)" 
194.38.20.161 - - [17/Jul/2022:21:48:37 -0700] "GET /wp-content/plugins/contus-video-galleryversion-10/upload1.php HTTP/1.1" 301 597 "-" "ALittle Client" 
194.38.20.161 - - [17/Jul/2022:21:48:51 -0700] "GET /wp-content/plugins/contus-video-galleryversion-10/upload1.php HTTP/1.1" 404 328 "-" "ALittle Client" 
114.119.149.218 - - [17/Jul/2022:21:50:29 -0700] "GET /self.logs/access.log.2018-01-25.gz HTTP/1.1" 200 20986 "-" "Mozilla/5.0 (compatible;PetalBot;+https://webmaster.petalsearch.com/site/petalbot)" 
34.206.152.150 - - [17/Jul/2022:21:52:54 -0700] "HEAD / HTTP/1.1" 301 186 "-" "DreamHost SiteMonitor 1.0" 
34.206.152.150 - - [17/Jul/2022:21:52:54 -0700] "HEAD / HTTP/1.1" 200 359 "http://66.33.221.139" "DreamHost SiteMonitor 1.0" 
49.7.20.105 - - [17/Jul/2022:21:54:15 -0700] "GET / HTTP/1.1" 200 13149 "-" "Sogou web spider/4.0(+http://www.sogou.com/docs/help/webmasters.htm#07)" 
114.119.140.174 - - [17/Jul/2022:21:56:30 -0700] "GET /self.logs/access.log.2020-09-06.gz HTTP/1.1" 200 14789 "-" "Mozilla/5.0 (compatible;PetalBot;+https://webmaster.petalsearch.com/site/petalbot)" 
114.119.140.174 - - [17/Jul/2022:22:01:49 -0700] "GET /self.logs/error.log.2019-08-06.gz HTTP/1.1" 200 1339 "-" "Mozilla/5.0 (compatible;PetalBot;+https://webmaster.petalsearch.com/site/petalbot)" 
34.206.152.150 - - [17/Jul/2022:22:02:54 -0700] "HEAD / HTTP/1.1" 301 186 "-" "DreamHost SiteMonitor 1.0" 
34.206.152.150 - - [17/Jul/2022:22:02:54 -0700] "HEAD / HTTP/1.1" 200 359 "http://66.33.221.139" "DreamHost SiteMonitor 1.0" 
114.119.149.237 - - [17/Jul/2022:22:06:52 -0700] "GET /self.logs/error.log.2017-01-20.gz HTTP/1.1" 200 892 "-" "Mozilla/5.0 (compatible;PetalBot;+https://webmaster.petalsearch.com/site/petalbot)" 
34.206.152.150 - - [17/Jul/2022:22:12:54 -0700] "HEAD / HTTP/1.1" 301 186 "-" "DreamHost SiteMonitor 1.0" 
34.206.152.150 - - [17/Jul/2022:22:12:54 -0700] "HEAD / HTTP/1.1" 200 359 "http://66.33.221.139" "DreamHost SiteMonitor 1.0" 
51.222.253.13 - - [17/Jul/2022:22:14:25 -0700] "GET /Datasets%20Description/?C=D;O=A HTTP/1.1" 200 633 "-" "Mozilla/5.0 (compatible; AhrefsBot/7.0; +http://ahrefs.com/robot/)" 
157.55.39.88 - - [17/Jul/2022:22:15:17 -0700] "GET /self.logs/ HTTP/1.1" 200 37346 "-" "Mozilla/5.0 (compatible; bingbot/2.0; +http://www.bing.com/bingbot.htm)" 
114.119.149.237 - - [17/Jul/2022:22:16:52 -0700] "GET /self.logs/error.log.2020-09-07 HTTP/1.1" 200 351 "http://www.secrepo.com/self.logs?C=N%3BO%3DD" "Mozilla/5.0 (Linux; Android 7.0;) AppleWebKit/537.36 (KHTML, like Gecko) Mobile Safari/537.36 (compatible; PetalBot;+https://webmaster.petalsearch.com/site/petalbot)" 
54.36.148.238 - - [17/Jul/2022:22:18:45 -0700] "GET /robots.txt HTTP/1.1" 301 439 "-" "Mozilla/5.0 (compatible; AhrefsBot/7.0; +http://ahrefs.com/robot/)" 
54.36.148.238 - - [17/Jul/2022:22:18:46 -0700] "GET /robots.txt HTTP/1.1" 200 333 "-" "Mozilla/5.0 (compatible; AhrefsBot/7.0; +http://ahrefs.com/robot/)" 
49.7.20.105 - - [17/Jul/2022:22:18:56 -0700] "GET / HTTP/1.1" 200 13150 "-" "Sogou web spider/4.0(+http://www.sogou.com/docs/help/webmasters.htm#07)" 
219.150.59.58 - - [17/Jul/2022:22:19:34 -0700] "GET /maccdc2012/dhcp.log.gz HTTP/1.1" 200 44977 "-" "Mozilla/5.0 (Windows NT 10.0; Win64; x64) AppleWebKit/537.36 (KHTML, like Gecko) Chrome/76.0.3809.25 Safari/537.36" 
219.150.59.58 - - [17/Jul/2022:22:19:34 -0700] "GET /maccdc2012/ftp.log.gz HTTP/1.1" 200 127761 "-" "Mozilla/5.0 (Windows NT 10.0; Win64; x64) AppleWebKit/537.36 (KHTML, like Gecko) Chrome/76.0.3809.25 Safari/537.36" 
219.150.59.58 - - [17/Jul/2022:22:19:36 -0700] "GET /maccdc2012/notice.log.gz HTTP/1.1" 200 20774 "-" "Mozilla/5.0 (Windows NT 10.0; Win64; x64) AppleWebKit/537.36 (KHTML, like Gecko) Chrome/76.0.3809.25 Safari/537.36" 
219.150.59.58 - - [17/Jul/2022:22:19:37 -0700] "GET /maccdc2012/signatures.log.gz HTTP/1.1" 200 645 "-" "Mozilla/5.0 (Windows NT 10.0; Win64; x64) AppleWebKit/537.36 (KHTML, like Gecko) Chrome/76.0.3809.25 Safari/537.36" 
219.150.59.58 - - [17/Jul/2022:22:19:38 -0700] "GET /maccdc2012/smtp.log.gz HTTP/1.1" 200 6956 "-" "Mozilla/5.0 (Windows NT 10.0; Win64; x64) AppleWebKit/537.36 (KHTML, like Gecko) Chrome/76.0.3809.25 Safari/537.36" 
219.150.59.58 - - [17/Jul/2022:22:19:39 -0700] "GET /maccdc2012/tunnel.log.gz HTTP/1.1" 200 5259 "-" "Mozilla/5.0 (Windows NT 10.0; Win64; x64) AppleWebKit/537.36 (KHTML, like Gecko) Chrome/76.0.3809.25 Safari/537.36" 
219.150.59.58 - - [17/Jul/2022:22:19:37 -0700] "GET /maccdc2012/ssh.log.gz HTTP/1.1" 200 182544 "-" "Mozilla/5.0 (Windows NT 10.0; Win64; x64) AppleWebKit/537.36 (KHTML, like Gecko) Chrome/76.0.3809.25 Safari/537.36" 
219.150.59.58 - - [17/Jul/2022:22:19:33 -0700] "GET /maccdc2012/conn.log.gz HTTP/1.1" 200 382520 "-" "Mozilla/5.0 (Windows NT 10.0; Win64; x64) AppleWebKit/537.36 (KHTML, like Gecko) Chrome/76.0.3809.25 Safari/537.36" 
219.150.59.58 - - [17/Jul/2022:22:19:34 -0700] "GET /maccdc2012/files.log.gz HTTP/1.1" 200 454060 "-" "Mozilla/5.0 (Windows NT 10.0; Win64; x64) AppleWebKit/537.36 (KHTML, like Gecko) Chrome/76.0.3809.25 Safari/537.36" 
219.150.59.58 - - [17/Jul/2022:22:19:39 -0700] "GET /maccdc2012/dns.log.gz HTTP/1.1" 200 332880 "-" "Mozilla/5.0 (Windows NT 10.0; Win64; x64) AppleWebKit/537.36 (KHTML, like Gecko) Chrome/76.0.3809.25 Safari/537.36" 
219.150.59.58 - - [17/Jul/2022:22:19:34 -0700] "GET /maccdc2012/http.log.gz HTTP/1.1" 200 378140 "-" "Mozilla/5.0 (Windows NT 10.0; Win64; x64) AppleWebKit/537.36 (KHTML, like Gecko) Chrome/76.0.3809.25 Safari/537.36" 
219.150.59.58 - - [17/Jul/2022:22:19:54 -0700] "GET /self.logs/ HTTP/1.1" 200 37346 "-" "Mozilla/5.0 (Windows NT 10.0; Win64; x64) AppleWebKit/537.36 (KHTML, like Gecko) Chrome/76.0.3809.25 Safari/537.36" 
219.150.59.58 - - [17/Jul/2022:22:19:37 -0700] "GET /maccdc2012/ssl.log.gz HTTP/1.1" 200 715400 "-" "Mozilla/5.0 (Windows NT 10.0; Win64; x64) AppleWebKit/537.36 (KHTML, like Gecko) Chrome/76.0.3809.25 Safari/537.36" 
219.150.59.58 - - [17/Jul/2022:22:19:39 -0700] "GET /maccdc2012/weird.log.gz HTTP/1.1" 200 360620 "-" "Mozilla/5.0 (Windows NT 10.0; Win64; x64) AppleWebKit/537.36 (KHTML, like Gecko) Chrome/76.0.3809.25 Safari/537.36" 
219.150.59.58 - - [17/Jul/2022:22:19:40 -0700] "GET /maccdc2012/maccdc2012_fast_alert.7z HTTP/1.1" 200 496400 "-" "Mozilla/5.0 (Windows NT 10.0; Win64; x64) AppleWebKit/537.36 (KHTML, like Gecko) Chrome/76.0.3809.25 Safari/537.36" 
219.150.59.58 - - [17/Jul/2022:22:19:42 -0700] "GET /maccdc2012/maccdc2012_full_alert.7z HTTP/1.1" 200 410260 "-" "Mozilla/5.0 (Windows NT 10.0; Win64; x64) AppleWebKit/537.36 (KHTML, like Gecko) Chrome/76.0.3809.25 Safari/537.36" 
51.83.111.190 - - [17/Jul/2022:22:20:04 -0700] "GET /honeypot/BSidesDFW%20-%202014.ipynb HTTP/1.1" 301 481 "-" "Tornado-Async-Client" 
219.150.59.58 - - [17/Jul/2022:22:19:48 -0700] "GET /tg/tg_snort_fast.7z HTTP/1.1" 200 363540 "-" "Mozilla/5.0 (Windows NT 10.0; Win64; x64) AppleWebKit/537.36 (KHTML, like Gecko) Chrome/76.0.3809.25 Safari/537.36" 
219.150.59.58 - - [17/Jul/2022:22:19:57 -0700] "GET /tg/tg_snort_full.7z HTTP/1.1" 200 280320 "-" "Mozilla/5.0 (Windows NT 10.0; Win64; x64) AppleWebKit/537.36 (KHTML, like Gecko) Chrome/76.0.3809.25 Safari/537.36" 
219.150.59.58 - - [17/Jul/2022:22:19:54 -0700] "GET /squid/access.log.gz HTTP/1.1" 200 404420 "-" "Mozilla/5.0 (Windows NT 10.0; Win64; x64) AppleWebKit/537.36 (KHTML, like Gecko) Chrome/76.0.3809.25 Safari/537.36" 
219.150.59.58 - - [17/Jul/2022:22:20:06 -0700] "GET /auth.log/auth.log.gz HTTP/1.1" 200 59860 "-" "Mozilla/5.0 (Windows NT 10.0; Win64; x64) AppleWebKit/537.36 (KHTML, like Gecko) Chrome/76.0.3809.25 Safari/537.36" 
219.150.59.58 - - [17/Jul/2022:22:19:56 -0700] "GET /honeypot/BSidesDFW%20-%202014.ipynb HTTP/1.1" 200 277400 "-" "Mozilla/5.0 (Windows NT 10.0; Win64; x64) AppleWebKit/537.36 (KHTML, like Gecko) Chrome/76.0.3809.25 Safari/537.36" 
51.83.111.190 - - [17/Jul/2022:22:20:28 -0700] "GET /honeypot/js-agent.newrelic.com/nr-1216.min.js HTTP/1.1" 301 509 "-" "Tornado-Async-Client" 
51.83.111.190 - - [17/Jul/2022:22:20:28 -0700] "GET /honeypot/js-agent.newrelic.com/nr-1216.min.js HTTP/1.1" 404 284 "-" "Tornado-Async-Client" 
51.77.205.250 - - [17/Jul/2022:22:20:29 -0700] "GET /honeypot/jquery.min.js HTTP/1.1" 301 463 "-" "Tornado-Async-Client" 
51.77.205.250 - - [17/Jul/2022:22:20:30 -0700] "GET /honeypot/jquery.min.js HTTP/1.1" 404 284 "-" "Tornado-Async-Client" 
51.77.205.250 - - [17/Jul/2022:22:20:31 -0700] "GET /honeypot/moment.min.js HTTP/1.1" 301 463 "-" "Tornado-Async-Client" 
51.77.205.250 - - [17/Jul/2022:22:20:31 -0700] "GET /honeypot/moment.min.js HTTP/1.1" 404 250 "-" "Tornado-Async-Client" 
51.83.111.190 - - [17/Jul/2022:22:20:32 -0700] "GET /honeypot/bootstrap.min.js HTTP/1.1" 301 469 "-" "Tornado-Async-Client" 
51.83.111.190 - - [17/Jul/2022:22:20:32 -0700] "GET /honeypot/bootstrap.min.js HTTP/1.1" 404 250 "-" "Tornado-Async-Client" 
51.83.111.190 - - [17/Jul/2022:22:20:33 -0700] "GET /honeypot/headroom.js/dist/headroom.min.js HTTP/1.1" 301 501 "-" "Tornado-Async-Client" 
51.83.111.190 - - [17/Jul/2022:22:20:33 -0700] "GET /honeypot/headroom.js/dist/headroom.min.js HTTP/1.1" 404 250 "-" "Tornado-Async-Client" 
51.83.111.190 - - [17/Jul/2022:22:20:35 -0700] "GET /honeypot/headroom.js/dist/jQuery.headroom.min.js HTTP/1.1" 301 515 "-" "Tornado-Async-Client" 
51.83.111.190 - - [17/Jul/2022:22:20:35 -0700] "GET /honeypot/headroom.js/dist/jQuery.headroom.min.js HTTP/1.1" 404 250 "-" "Tornado-Async-Client" 
219.150.59.58 - - [17/Jul/2022:22:22:06 -0700] "GET /honeypot/honeypot.js HTTP/1.1" 404 328 "-" "Mozilla/5.0 (Windows NT 10.0; Win64; x64) AppleWebKit/537.36 (KHTML, like Gecko) Chrome/76.0.3809.25 Safari/537.36" 
34.206.152.150 - - [17/Jul/2022:22:22:54 -0700] "HEAD / HTTP/1.1" 301 186 "-" "DreamHost SiteMonitor 1.0" 
34.206.152.150 - - [17/Jul/2022:22:22:54 -0700] "HEAD / HTTP/1.1" 200 359 "http://66.33.221.139" "DreamHost SiteMonitor 1.0" 
114.119.149.222 - - [17/Jul/2022:22:31:52 -0700] "GET /self.logs/access.log.2019-04-15.gz HTTP/1.1" 200 32191 "-" "Mozilla/5.0 (compatible;PetalBot;+https://webmaster.petalsearch.com/site/petalbot)" 
34.206.152.150 - - [17/Jul/2022:22:32:54 -0700] "HEAD / HTTP/1.1" 301 186 "-" "DreamHost SiteMonitor 1.0" 
34.206.152.150 - - [17/Jul/2022:22:32:54 -0700] "HEAD / HTTP/1.1" 200 359 "http://66.33.221.139" "DreamHost SiteMonitor 1.0" 
114.119.149.222 - - [17/Jul/2022:22:36:52 -0700] "GET /self.logs/error.log.2017-12-15.gz HTTP/1.1" 200 1911 "-" "Mozilla/5.0 (compatible;PetalBot;+https://webmaster.petalsearch.com/site/petalbot)" 
88.214.43.118 - - [17/Jul/2022:22:38:50 -0700] "GET /.environments HTTP/1.1" 301 501 "-" "Mozilla/5.0 (X11; Linux x86_64) AppleWebKit/537.36 (KHTML, like Gecko) Chrome/81.0.4044.129 Safari/537.36" 
88.214.43.118 - - [17/Jul/2022:22:38:51 -0700] "POST /.environments HTTP/1.1" 301 501 "-" "Mozilla/5.0 (X11; Linux x86_64) AppleWebKit/537.36 (KHTML, like Gecko) Chrome/81.0.4044.129 Safari/537.36" 
114.119.149.23 - - [17/Jul/2022:22:41:53 -0700] "GET /self.logs/error.log.2021-01-22 HTTP/1.1" 200 1685 "http://www.secrepo.com/self.logs?C=N%3BO%3DD" "Mozilla/5.0 (Linux; Android 7.0;) AppleWebKit/537.36 (KHTML, like Gecko) Mobile Safari/537.36 (compatible; PetalBot;+https://webmaster.petalsearch.com/site/petalbot)" 
34.206.152.150 - - [17/Jul/2022:22:42:54 -0700] "HEAD / HTTP/1.1" 301 186 "-" "DreamHost SiteMonitor 1.0" 
34.206.152.150 - - [17/Jul/2022:22:42:54 -0700] "HEAD / HTTP/1.1" 200 359 "http://66.33.221.139" "DreamHost SiteMonitor 1.0" 
49.7.20.105 - - [17/Jul/2022:22:44:35 -0700] "GET / HTTP/1.1" 200 13149 "-" "Sogou web spider/4.0(+http://www.sogou.com/docs/help/webmasters.htm#07)" 
114.119.149.23 - - [17/Jul/2022:22:46:53 -0700] "GET /self.logs/error.log.2020-11-23 HTTP/1.1" 200 351 "http://www.secrepo.com/self.logs?C=N%3BO%3DD" "Mozilla/5.0 (Linux; Android 7.0;) AppleWebKit/537.36 (KHTML, like Gecko) Mobile Safari/537.36 (compatible; PetalBot;+https://webmaster.petalsearch.com/site/petalbot)" 
157.55.39.88 - - [17/Jul/2022:22:48:40 -0700] "GET /self.logs/ HTTP/1.1" 200 37346 "-" "Mozilla/5.0 (compatible; bingbot/2.0; +http://www.bing.com/bingbot.htm)" 
34.206.152.150 - - [17/Jul/2022:22:52:54 -0700] "HEAD / HTTP/1.1" 301 186 "-" "DreamHost SiteMonitor 1.0" 
34.206.152.150 - - [17/Jul/2022:22:52:54 -0700] "HEAD / HTTP/1.1" 200 359 "http://66.33.221.139" "DreamHost SiteMonitor 1.0" 
91.220.61.226 - - [17/Jul/2022:22:54:26 -0700] "GET / HTTP/1.1" 200 13187 "-" "Mozilla/5.0 (Windows NT 10.0; Win64; x64) AppleWebKit/537.36 (KHTML, like Gecko) Chrome/103.0.0.0 Safari/537.36" 
91.220.61.226 - - [17/Jul/2022:22:54:26 -0700] "GET /css/style.css HTTP/1.1" 404 305 "http://www.secrepo.com/" "Mozilla/5.0 (Windows NT 10.0; Win64; x64) AppleWebKit/537.36 (KHTML, like Gecko) Chrome/103.0.0.0 Safari/537.36" 
91.220.61.226 - - [17/Jul/2022:22:54:27 -0700] "GET /twitter-icon.png HTTP/1.1" 200 27893 "http://www.secrepo.com/" "Mozilla/5.0 (Windows NT 10.0; Win64; x64) AppleWebKit/537.36 (KHTML, like Gecko) Chrome/103.0.0.0 Safari/537.36" 
91.220.61.226 - - [17/Jul/2022:22:54:27 -0700] "GET /GitHub-Mark.png HTTP/1.1" 200 7556 "http://www.secrepo.com/" "Mozilla/5.0 (Windows NT 10.0; Win64; x64) AppleWebKit/537.36 (KHTML, like Gecko) Chrome/103.0.0.0 Safari/537.36" 
91.220.61.226 - - [17/Jul/2022:22:54:28 -0700] "GET /bootstrap/img/favicon.ico HTTP/1.1" 200 690 "http://www.secrepo.com/" "Mozilla/5.0 (Windows NT 10.0; Win64; x64) AppleWebKit/537.36 (KHTML, like Gecko) Chrome/103.0.0.0 Safari/537.36" 
111.41.137.201 - - [17/Jul/2022:22:56:03 -0700] "GET /favicon.ico HTTP/1.1" 200 391 "-" "Mozilla/5.0 (Windows NT 10.0; WOW64) AppleWebKit/537.36 (KHTML, like Gecko) Chrome/86.0.4240.198 Safari/537.36" 
91.220.61.226 - - [17/Jul/2022:22:56:32 -0700] "GET /css/style.css HTTP/1.1" 404 328 "http://www.secrepo.com/" "Mozilla/5.0 (Windows NT 10.0; Win64; x64) AppleWebKit/537.36 (KHTML, like Gecko) Chrome/103.0.0.0 Safari/537.36" 
199.16.157.180 - - [17/Jul/2022:23:01:35 -0700] "GET /robots.txt HTTP/1.1" 301 439 "-" "Twitterbot/1.0" 
199.16.157.180 - - [17/Jul/2022:23:01:36 -0700] "GET /robots.txt HTTP/1.1" 200 333 "-" "Twitterbot/1.0" 
199.16.157.180 - - [17/Jul/2022:23:01:36 -0700] "GET / HTTP/1.1" 301 419 "-" "Twitterbot/1.0" 
199.16.157.180 - - [17/Jul/2022:23:01:36 -0700] "GET /robots.txt HTTP/1.1" 200 299 "-" "Twitterbot/1.0" 
199.16.157.180 - - [17/Jul/2022:23:01:36 -0700] "GET / HTTP/1.1" 200 13108 "-" "Twitterbot/1.0" 
34.206.152.150 - - [17/Jul/2022:23:02:54 -0700] "HEAD / HTTP/1.1" 301 186 "-" "DreamHost SiteMonitor 1.0" 
34.206.152.150 - - [17/Jul/2022:23:02:54 -0700] "HEAD / HTTP/1.1" 200 359 "http://66.33.221.139" "DreamHost SiteMonitor 1.0" 
114.119.149.237 - - [17/Jul/2022:23:06:56 -0700] "GET /self.logs/2015/error.log.2015-10-22.gz HTTP/1.1" 200 1058 "-" "Mozilla/5.0 (compatible;PetalBot;+https://webmaster.petalsearch.com/site/petalbot)" 
49.7.20.105 - - [17/Jul/2022:23:09:14 -0700] "GET / HTTP/1.1" 200 13149 "-" "Sogou web spider/4.0(+http://www.sogou.com/docs/help/webmasters.htm#07)" 
114.119.149.218 - - [17/Jul/2022:23:12:00 -0700] "GET /self.logs/error.log.2020-02-05.gz HTTP/1.1" 200 1254 "-" "Mozilla/5.0 (compatible;PetalBot;+https://webmaster.petalsearch.com/site/petalbot)" 
34.206.152.150 - - [17/Jul/2022:23:12:54 -0700] "HEAD / HTTP/1.1" 301 186 "-" "DreamHost SiteMonitor 1.0" 
34.206.152.150 - - [17/Jul/2022:23:12:54 -0700] "HEAD / HTTP/1.1" 200 359 "http://66.33.221.139" "DreamHost SiteMonitor 1.0" 
42.83.147.34 - - [17/Jul/2022:23:12:58 -0700] "GET / HTTP/1.1" 301 419 "-" "Mozilla/5.0 (Windows NT 6.1; Win64; x64) AppleWebKit/537.36 (KHTML, like Gecko)Chrome/74.0.3729.169 Safari/537.36" 
42.83.147.34 - - [17/Jul/2022:23:13:01 -0700] "GET / HTTP/1.1" 200 13142 "-" "Mozilla/5.0 (Windows NT 6.1; Win64; x64) AppleWebKit/537.36 (KHTML, like Gecko)Chrome/74.0.3729.169 Safari/537.36" 
61.135.159.193 - - [17/Jul/2022:23:16:38 -0700] "GET / HTTP/1.1" 301 438 "-" "Sogou web spider/4.0(+http://www.sogou.com/docs/help/webmasters.htm#07)" 
61.135.159.162 - - [17/Jul/2022:23:16:38 -0700] "GET / HTTP/1.1" 200 13150 "-" "Sogou web spider/4.0(+http://www.sogou.com/docs/help/webmasters.htm#07)" 
157.55.39.88 - - [17/Jul/2022:23:22:04 -0700] "GET /self.logs/ HTTP/1.1" 200 37346 "-" "Mozilla/5.0 (compatible; bingbot/2.0; +http://www.bing.com/bingbot.htm)" 
34.206.152.150 - - [17/Jul/2022:23:22:54 -0700] "HEAD / HTTP/1.1" 301 186 "-" "DreamHost SiteMonitor 1.0" 
34.206.152.150 - - [17/Jul/2022:23:22:54 -0700] "HEAD / HTTP/1.1" 200 359 "http://66.33.221.139" "DreamHost SiteMonitor 1.0" 
114.119.149.218 - - [17/Jul/2022:23:27:01 -0700] "GET /self.logs/2015/access.log.2015-02-06.gz HTTP/1.1" 200 2937 "-" "Mozilla/5.0 (compatible;PetalBot;+https://webmaster.petalsearch.com/site/petalbot)" 
114.119.149.218 - - [17/Jul/2022:23:32:03 -0700] "GET /self.logs/access.log.2017-04-02.gz HTTP/1.1" 200 22240 "-" "Mozilla/5.0 (compatible;PetalBot;+https://webmaster.petalsearch.com/site/petalbot)" 
103.255.44.241 - - [17/Jul/2022:23:32:21 -0700] "GET /data/admin/allowurl.txt HTTP/1.1" 404 328 "-" "Mozilla/5.0 (Windows NT 10.0; WOW64; rv:48.0) Gecko/20100101 Firefox/48.0" 
34.206.152.150 - - [17/Jul/2022:23:32:54 -0700] "HEAD / HTTP/1.1" 301 186 "-" "DreamHost SiteMonitor 1.0" 
34.206.152.150 - - [17/Jul/2022:23:32:54 -0700] "HEAD / HTTP/1.1" 200 359 "http://66.33.221.139" "DreamHost SiteMonitor 1.0" 
49.7.20.105 - - [17/Jul/2022:23:35:51 -0700] "GET / HTTP/1.1" 200 13149 "-" "Sogou web spider/4.0(+http://www.sogou.com/docs/help/webmasters.htm#07)" 
114.119.149.237 - - [17/Jul/2022:23:42:10 -0700] "GET /self.logs/access.log.2018-03-27.gz HTTP/1.1" 200 37393 "-" "Mozilla/5.0 (compatible;PetalBot;+https://webmaster.petalsearch.com/site/petalbot)" 
34.206.152.150 - - [17/Jul/2022:23:42:54 -0700] "HEAD / HTTP/1.1" 301 186 "-" "DreamHost SiteMonitor 1.0" 
34.206.152.150 - - [17/Jul/2022:23:42:54 -0700] "HEAD / HTTP/1.1" 200 359 "http://66.33.221.139" "DreamHost SiteMonitor 1.0" 
157.90.181.151 - - [17/Jul/2022:23:45:37 -0700] "GET /robots.txt HTTP/1.1" 301 495 "-" "Mozilla/5.0 (compatible; BLEXBot/1.0; +http://webmeup-crawler.com/)" 
157.90.181.151 - - [17/Jul/2022:23:45:37 -0700] "GET /robots.txt HTTP/1.1" 200 377 "-" "Mozilla/5.0 (compatible; BLEXBot/1.0; +http://webmeup-crawler.com/)" 
157.90.181.151 - - [17/Jul/2022:23:45:38 -0700] "GET /sitemap HTTP/1.1" 301 489 "-" "Mozilla/5.0 (compatible; BLEXBot/1.0; +http://webmeup-crawler.com/)" 
157.90.181.151 - - [17/Jul/2022:23:45:38 -0700] "GET /robots.txt HTTP/1.1" 200 354 "-" "Mozilla/5.0 (compatible; BLEXBot/1.0; +http://webmeup-crawler.com/)" 
157.90.181.151 - - [17/Jul/2022:23:45:39 -0700] "GET /sitemap HTTP/1.1" 404 328 "-" "Mozilla/5.0 (compatible; BLEXBot/1.0; +http://webmeup-crawler.com/)" 
157.90.181.151 - - [17/Jul/2022:23:45:41 -0700] "GET /sitemap HTTP/1.1" 404 305 "-" "Mozilla/5.0 (compatible; BLEXBot/1.0; +http://webmeup-crawler.com/)" 
157.90.181.151 - - [17/Jul/2022:23:45:52 -0700] "GET /sitemap.txt HTTP/1.1" 301 497 "-" "Mozilla/5.0 (compatible; BLEXBot/1.0; +http://webmeup-crawler.com/)" 
157.90.181.151 - - [17/Jul/2022:23:45:52 -0700] "GET /sitemap.txt HTTP/1.1" 404 328 "-" "Mozilla/5.0 (compatible; BLEXBot/1.0; +http://webmeup-crawler.com/)" 
157.90.181.151 - - [17/Jul/2022:23:45:54 -0700] "GET /sitemap.txt HTTP/1.1" 404 305 "-" "Mozilla/5.0 (compatible; BLEXBot/1.0; +http://webmeup-crawler.com/)" 
114.119.149.218 - - [17/Jul/2022:23:47:13 -0700] "GET /self.logs/access.log.2019-08-28.gz HTTP/1.1" 200 23087 "-" "Mozilla/5.0 (compatible;PetalBot;+https://webmaster.petalsearch.com/site/petalbot)" 
38.242.237.160 - - [17/Jul/2022:23:51:42 -0700] "GET / HTTP/1.1" 301 475 "-" "Mozilla/5.0 (Macintosh; Intel Mac OS X 10_15_4) AppleWebKit/537.36 (KHTML, like Gecko) Chrome/83.0.4103.97 Safari/537.36" 
38.242.237.160 - - [17/Jul/2022:23:51:42 -0700] "GET / HTTP/1.1" 200 13187 "-" "Mozilla/5.0 (Macintosh; Intel Mac OS X 10_15_4) AppleWebKit/537.36 (KHTML, like Gecko) Chrome/83.0.4103.97 Safari/537.36" 
85.190.254.214 - - [17/Jul/2022:23:51:43 -0700] "GET / HTTP/1.1" 301 475 "-" "Mozilla/5.0 (Macintosh; Intel Mac OS X 10_15_4) AppleWebKit/537.36 (KHTML, like Gecko) Chrome/83.0.4103.97 Safari/537.36" 
85.190.254.214 - - [17/Jul/2022:23:51:43 -0700] "GET / HTTP/1.1" 200 13187 "-" "Mozilla/5.0 (Macintosh; Intel Mac OS X 10_15_4) AppleWebKit/537.36 (KHTML, like Gecko) Chrome/83.0.4103.97 Safari/537.36" 
114.119.149.237 - - [17/Jul/2022:23:52:19 -0700] "GET /self.logs/error.log.2019-02-12.gz HTTP/1.1" 200 4080 "-" "Mozilla/5.0 (compatible;PetalBot;+https://webmaster.petalsearch.com/site/petalbot)" 
34.206.152.150 - - [17/Jul/2022:23:52:54 -0700] "HEAD / HTTP/1.1" 301 186 "-" "DreamHost SiteMonitor 1.0" 
34.206.152.150 - - [17/Jul/2022:23:52:54 -0700] "HEAD / HTTP/1.1" 200 359 "http://66.33.221.139" "DreamHost SiteMonitor 1.0" 
157.55.39.88 - - [17/Jul/2022:23:55:07 -0700] "GET /self.logs/ HTTP/1.1" 200 37346 "-" "Mozilla/5.0 (compatible; bingbot/2.0; +http://www.bing.com/bingbot.htm)" 
114.119.149.237 - - [17/Jul/2022:23:57:24 -0700] "GET /self.logs/error.log.2019-04-08.gz HTTP/1.1" 200 5206 "-" "Mozilla/5.0 (compatible;PetalBot;+https://webmaster.petalsearch.com/site/petalbot)" 
114.119.149.222 - - [18/Jul/2022:00:02:26 -0700] "GET /self.logs/access.log.2019-05-01.gz HTTP/1.1" 200 39107 "-" "Mozilla/5.0 (compatible;PetalBot;+https://webmaster.petalsearch.com/site/petalbot)" 
34.206.152.150 - - [18/Jul/2022:00:02:54 -0700] "HEAD / HTTP/1.1" 301 186 "-" "DreamHost SiteMonitor 1.0" 
34.206.152.150 - - [18/Jul/2022:00:02:54 -0700] "HEAD / HTTP/1.1" 200 359 "http://66.33.221.139" "DreamHost SiteMonitor 1.0" 
49.7.20.105 - - [18/Jul/2022:00:08:19 -0700] "GET / HTTP/1.1" 200 13148 "-" "Sogou web spider/4.0(+http://www.sogou.com/docs/help/webmasters.htm#07)" 
34.206.152.150 - - [18/Jul/2022:00:12:54 -0700] "HEAD / HTTP/1.1" 301 186 "-" "DreamHost SiteMonitor 1.0" 
34.206.152.150 - - [18/Jul/2022:00:12:54 -0700] "HEAD / HTTP/1.1" 200 359 "http://66.33.221.139" "DreamHost SiteMonitor 1.0" 
114.119.149.222 - - [18/Jul/2022:00:17:40 -0700] "GET /self.logs/error.log.2017-07-02.gz HTTP/1.1" 200 805 "-" "Mozilla/5.0 (compatible;PetalBot;+https://webmaster.petalsearch.com/site/petalbot)" 
207.46.13.141 - - [18/Jul/2022:00:20:57 -0700] "GET /Datasets%20Description/HTML_Bro_log_1/ssl.html HTTP/1.1" 200 1860 "-" "Mozilla/5.0 (compatible; bingbot/2.0; +http://www.bing.com/bingbot.htm)" 
34.206.152.150 - - [18/Jul/2022:00:22:54 -0700] "HEAD / HTTP/1.1" 301 186 "-" "DreamHost SiteMonitor 1.0" 
34.206.152.150 - - [18/Jul/2022:00:22:54 -0700] "HEAD / HTTP/1.1" 200 359 "http://66.33.221.139" "DreamHost SiteMonitor 1.0" 
157.55.39.88 - - [18/Jul/2022:00:31:40 -0700] "GET /self.logs/ HTTP/1.1" 200 37346 "-" "Mozilla/5.0 (compatible; bingbot/2.0; +http://www.bing.com/bingbot.htm)" 
103.148.72.113 - - [18/Jul/2022:00:32:19 -0700] "GET /honeypot/honeypot.json.zip HTTP/1.1" 200 23086043 "-" "Mozilla/5.0 (Macintosh; Intel Mac OS X 10_15_7) AppleWebKit/537.36 (KHTML, like Gecko) Chrome/102.0.5005.108 Safari/537.36" 
34.206.152.150 - - [18/Jul/2022:00:32:54 -0700] "HEAD / HTTP/1.1" 301 186 "-" "DreamHost SiteMonitor 1.0" 
34.206.152.150 - - [18/Jul/2022:00:32:54 -0700] "HEAD / HTTP/1.1" 200 359 "http://66.33.221.139" "DreamHost SiteMonitor 1.0" 
114.119.149.237 - - [18/Jul/2022:00:38:13 -0700] "GET /self.logs/error.log.2018-04-06.gz HTTP/1.1" 200 4997 "-" "Mozilla/5.0 (compatible;PetalBot;+https://webmaster.petalsearch.com/site/petalbot)" 
207.46.13.141 - - [18/Jul/2022:00:39:38 -0700] "GET /self.logs/error.log.2022-06-12.gz HTTP/1.1" 200 6291 "-" "Mozilla/5.0 (compatible; bingbot/2.0; +http://www.bing.com/bingbot.htm)" 
49.7.20.105 - - [18/Jul/2022:00:41:24 -0700] "GET / HTTP/1.1" 200 13150 "-" "Sogou web spider/4.0(+http://www.sogou.com/docs/help/webmasters.htm#07)" 
34.206.152.150 - - [18/Jul/2022:00:42:54 -0700] "HEAD / HTTP/1.1" 301 186 "-" "DreamHost SiteMonitor 1.0" 
34.206.152.150 - - [18/Jul/2022:00:42:54 -0700] "HEAD / HTTP/1.1" 200 359 "http://66.33.221.139" "DreamHost SiteMonitor 1.0" 
114.119.149.218 - - [18/Jul/2022:00:43:21 -0700] "GET /self.logs/error.log.2017-04-19.gz HTTP/1.1" 200 1022 "-" "Mozilla/5.0 (compatible;PetalBot;+https://webmaster.petalsearch.com/site/petalbot)" 
213.66.246.163 - - [18/Jul/2022:00:44:56 -0700] "GET / HTTP/1.1" 301 419 "-" "Timpibot/0.8 (+http://www.timpi.io)" 
213.66.246.163 - - [18/Jul/2022:00:44:56 -0700] "GET / HTTP/1.1" 200 49089 "-" "Timpibot/0.8 (+http://www.timpi.io)" 
213.66.246.163 - - [18/Jul/2022:00:46:07 -0700] "GET / HTTP/1.1" 200 49089 "-" "Timpibot/0.8 (+http://www.timpi.io)" 
40.77.167.2 - - [18/Jul/2022:00:50:27 -0700] "GET /auth.log/auth.log.gz HTTP/1.1" 304 281 "-" "Mozilla/5.0 (compatible; bingbot/2.0; +http://www.bing.com/bingbot.htm)" 
34.206.152.150 - - [18/Jul/2022:00:52:54 -0700] "HEAD / HTTP/1.1" 301 186 "-" "DreamHost SiteMonitor 1.0" 
34.206.152.150 - - [18/Jul/2022:00:52:54 -0700] "HEAD / HTTP/1.1" 200 359 "http://66.33.221.139" "DreamHost SiteMonitor 1.0" 
114.119.149.222 - - [18/Jul/2022:00:53:44 -0700] "GET /self.logs/error.log.2019-09-18.gz HTTP/1.1" 200 3165 "-" "Mozilla/5.0 (compatible;PetalBot;+https://webmaster.petalsearch.com/site/petalbot)" 
20.191.45.212 - - [18/Jul/2022:00:57:18 -0700] "GET / HTTP/1.1" 200 13187 "http://www.secrepo.com/" "Mozilla/5.0 (compatible; DuckDuckGo-Favicons-Bot/1.0; +http://duckduckgo.com)" 
20.191.45.212 - - [18/Jul/2022:00:57:18 -0700] "GET /bootstrap/img/favicon.ico HTTP/1.1" 200 690 "http://www.secrepo.com/bootstrap/img/favicon.ico" "Mozilla/5.0 (compatible; DuckDuckGo-Favicons-Bot/1.0; +http://duckduckgo.com)" 
34.206.152.150 - - [18/Jul/2022:01:02:54 -0700] "HEAD / HTTP/1.1" 301 186 "-" "DreamHost SiteMonitor 1.0" 
34.206.152.150 - - [18/Jul/2022:01:02:54 -0700] "HEAD / HTTP/1.1" 200 359 "http://66.33.221.139" "DreamHost SiteMonitor 1.0" 
114.119.149.222 - - [18/Jul/2022:01:04:06 -0700] "GET /self.logs/error.log.2018-07-14.gz HTTP/1.1" 200 51960 "-" "Mozilla/5.0 (compatible;PetalBot;+https://webmaster.petalsearch.com/site/petalbot)" 
157.55.39.88 - - [18/Jul/2022:01:05:54 -0700] "GET /self.logs/ HTTP/1.1" 200 37346 "-" "Mozilla/5.0 (compatible; bingbot/2.0; +http://www.bing.com/bingbot.htm)" 
114.119.149.222 - - [18/Jul/2022:01:09:17 -0700] "GET /self.logs/error.log.2018-04-11.gz HTTP/1.1" 200 4537 "-" "Mozilla/5.0 (compatible;PetalBot;+https://webmaster.petalsearch.com/site/petalbot)" 
51.222.253.19 - - [18/Jul/2022:01:09:43 -0700] "GET /self.logs/2015/ HTTP/1.1" 200 7577 "-" "Mozilla/5.0 (compatible; AhrefsBot/7.0; +http://ahrefs.com/robot/)" 
54.218.42.109 - - [18/Jul/2022:01:11:17 -0700] "GET / HTTP/1.1" 301 438 "-" "Mozilla/5.0 (Macintosh; Intel Mac OS X 10_10_5) AppleWebKit/537.36 (KHTML, like Gecko) Chrome/52.0.2743.116 Safari/537.36" 
54.218.42.109 - - [18/Jul/2022:01:12:22 -0700] "GET / HTTP/1.1" 200 49096 "-" "Mozilla/5.0 (Macintosh; Intel Mac OS X 10_10_5) AppleWebKit/537.36 (KHTML, like Gecko) Chrome/52.0.2743.116 Safari/537.36" 
54.218.42.109 - - [18/Jul/2022:01:12:22 -0700] "GET / HTTP/1.1" 200 49096 "-" "Mozilla/5.0 (Macintosh; Intel Mac OS X 10_10_5) AppleWebKit/537.36 (KHTML, like Gecko) Chrome/52.0.2743.116 Safari/537.36" 
34.206.152.150 - - [18/Jul/2022:01:12:54 -0700] "HEAD / HTTP/1.1" 301 186 "-" "DreamHost SiteMonitor 1.0" 
34.206.152.150 - - [18/Jul/2022:01:12:54 -0700] "HEAD / HTTP/1.1" 200 359 "http://66.33.221.139" "DreamHost SiteMonitor 1.0" 
47.98.183.165 - - [18/Jul/2022:01:19:55 -0700] "GET / HTTP/1.1" 200 13143 "http://www.baidu.com/link?url=bcVddmWiXvpo6Aut9mP2QyAm5BWOYIGJOqzCREo0cydRGbRFF-Vr_nYjKg8yLBEp" "Mozilla/5.0 (iPhone; CPU iPhone OS 13_2_3 like Mac OS X) AppleWebKit/605.1.15 (KHTML, like Gecko) Version/13.0.3 Mobile/15E148 Safari/604.1" 
34.206.152.150 - - [18/Jul/2022:01:22:54 -0700] "HEAD / HTTP/1.1" 301 186 "-" "DreamHost SiteMonitor 1.0" 
34.206.152.150 - - [18/Jul/2022:01:22:54 -0700] "HEAD / HTTP/1.1" 200 359 "http://66.33.221.139" "DreamHost SiteMonitor 1.0" 
114.119.149.218 - - [18/Jul/2022:01:30:12 -0700] "GET /self.logs/error.log.2017-09-17.gz HTTP/1.1" 200 2011 "-" "Mozilla/5.0 (compatible;PetalBot;+https://webmaster.petalsearch.com/site/petalbot)" 
139.214.91.254 - - [18/Jul/2022:01:32:50 -0700] "GET /include/dialog/select_images.php HTTP/1.1" 301 502 "-" "Mozilla/5.0 (Windows NT 6.1) AppleWebKit/537.36 (KHTML, like Gecko) Chrome/41.0.2228.0 Safari/537.36" 
49.7.20.105 - - [18/Jul/2022:01:32:52 -0700] "GET / HTTP/1.1" 200 13149 "-" "Sogou web spider/4.0(+http://www.sogou.com/docs/help/webmasters.htm#07)" 
34.206.152.150 - - [18/Jul/2022:01:32:54 -0700] "HEAD / HTTP/1.1" 301 186 "-" "DreamHost SiteMonitor 1.0" 
34.206.152.150 - - [18/Jul/2022:01:32:54 -0700] "HEAD / HTTP/1.1" 200 359 "http://66.33.221.139" "DreamHost SiteMonitor 1.0" 
1.202.138.226 - - [18/Jul/2022:01:33:12 -0700] "GET / HTTP/1.1" 200 13186 "-" "Mozilla/5.0 (Windows NT 10.0; Win64; x64) AppleWebKit/537.36 (KHTML, like Gecko) Chrome/103.0.0.0 Safari/537.36" 
1.202.138.226 - - [18/Jul/2022:01:33:12 -0700] "GET /css/style.css HTTP/1.1" 404 328 "http://www.secrepo.com/" "Mozilla/5.0 (Windows NT 10.0; Win64; x64) AppleWebKit/537.36 (KHTML, like Gecko) Chrome/103.0.0.0 Safari/537.36" 
1.202.138.226 - - [18/Jul/2022:01:33:12 -0700] "GET /GitHub-Mark.png HTTP/1.1" 200 7556 "http://www.secrepo.com/" "Mozilla/5.0 (Windows NT 10.0; Win64; x64) AppleWebKit/537.36 (KHTML, like Gecko) Chrome/103.0.0.0 Safari/537.36" 
1.202.138.226 - - [18/Jul/2022:01:33:12 -0700] "GET /twitter-icon.png HTTP/1.1" 200 27893 "http://www.secrepo.com/" "Mozilla/5.0 (Windows NT 10.0; Win64; x64) AppleWebKit/537.36 (KHTML, like Gecko) Chrome/103.0.0.0 Safari/537.36" 
77.61.21.1 - - [18/Jul/2022:01:36:21 -0700] "GET / HTTP/1.1" 200 13186 "-" "Mozilla/5.0 (Macintosh; Intel Mac OS X 10_15_7) AppleWebKit/605.1.15 (KHTML, like Gecko) Version/15.5 Safari/605.1.15" 
77.61.21.1 - - [18/Jul/2022:01:36:23 -0700] "GET /css/style.css HTTP/1.1" 404 305 "http://www.secrepo.com/" "Mozilla/5.0 (Macintosh; Intel Mac OS X 10_15_7) AppleWebKit/605.1.15 (KHTML, like Gecko) Version/15.5 Safari/605.1.15" 
77.61.21.1 - - [18/Jul/2022:01:36:26 -0700] "GET /GitHub-Mark.png HTTP/1.1" 200 7533 "http://www.secrepo.com/" "Mozilla/5.0 (Macintosh; Intel Mac OS X 10_15_7) AppleWebKit/605.1.15 (KHTML, like Gecko) Version/15.5 Safari/605.1.15" 
77.61.21.1 - - [18/Jul/2022:01:36:28 -0700] "GET /twitter-icon.png HTTP/1.1" 200 27916 "http://www.secrepo.com/" "Mozilla/5.0 (Macintosh; Intel Mac OS X 10_15_7) AppleWebKit/605.1.15 (KHTML, like Gecko) Version/15.5 Safari/605.1.15" 
77.61.21.1 - - [18/Jul/2022:01:36:52 -0700] "GET /bootstrap/img/favicon.ico HTTP/1.1" 200 713 "http://www.secrepo.com/" "Mozilla/5.0 (Macintosh; Intel Mac OS X 10_15_7) AppleWebKit/605.1.15 (KHTML, like Gecko) Version/15.5 Safari/605.1.15" 
157.55.39.88 - - [18/Jul/2022:01:40:07 -0700] "GET /self.logs/ HTTP/1.1" 200 37346 "-" "Mozilla/5.0 (compatible; bingbot/2.0; +http://www.bing.com/bingbot.htm)" 
114.119.149.237 - - [18/Jul/2022:01:40:50 -0700] "GET /self.logs/2015/error.log.2015-08-05.gz HTTP/1.1" 200 1118 "-" "Mozilla/5.0 (compatible;PetalBot;+https://webmaster.petalsearch.com/site/petalbot)" 
34.206.152.150 - - [18/Jul/2022:01:42:54 -0700] "HEAD / HTTP/1.1" 301 186 "-" "DreamHost SiteMonitor 1.0" 
34.206.152.150 - - [18/Jul/2022:01:42:54 -0700] "HEAD / HTTP/1.1" 200 359 "http://66.33.221.139" "DreamHost SiteMonitor 1.0" 
20.222.194.214 - - [18/Jul/2022:01:47:38 -0700] "GET /static/js/index.js HTTP/1.1" 404 284 "-" "Mozilla/5.0 (Macintosh; Intel Mac OS X 10_15_7) AppleWebKit/537.36 (KHTML, like Gecko) Chrome/103.0.0.0 Safari/537.3" 
157.55.39.202 - - [18/Jul/2022:01:50:29 -0700] "GET /Datasets%20Description/HTML_Bro_log_1/dpd.html HTTP/1.1" 200 1664 "-" "Mozilla/5.0 (compatible; bingbot/2.0; +http://www.bing.com/bingbot.htm)" 
34.206.152.150 - - [18/Jul/2022:01:52:54 -0700] "HEAD / HTTP/1.1" 301 186 "-" "DreamHost SiteMonitor 1.0" 
34.206.152.150 - - [18/Jul/2022:01:52:54 -0700] "HEAD / HTTP/1.1" 200 359 "http://66.33.221.139" "DreamHost SiteMonitor 1.0" 
207.46.13.141 - - [18/Jul/2022:01:54:55 -0700] "GET /honeypot/BSidesDFW%20-%202014.ipynb HTTP/1.1" 304 265 "-" "Mozilla/5.0 (compatible; bingbot/2.0; +http://www.bing.com/bingbot.htm)" 
157.55.39.202 - - [18/Jul/2022:01:55:38 -0700] "GET /self.logs/access.log.2017-01-05.gz HTTP/1.1" 200 42710 "-" "Mozilla/5.0 (compatible; bingbot/2.0; +http://www.bing.com/bingbot.htm)" 
114.119.140.174 - - [18/Jul/2022:02:02:00 -0700] "GET /self.logs/error.log.2019-05-10.gz HTTP/1.1" 200 6635 "-" "Mozilla/5.0 (compatible;PetalBot;+https://webmaster.petalsearch.com/site/petalbot)" 
34.206.152.150 - - [18/Jul/2022:02:02:54 -0700] "HEAD / HTTP/1.1" 301 186 "-" "DreamHost SiteMonitor 1.0" 
34.206.152.150 - - [18/Jul/2022:02:02:54 -0700] "HEAD / HTTP/1.1" 200 359 "http://66.33.221.139" "DreamHost SiteMonitor 1.0" 
114.119.140.174 - - [18/Jul/2022:02:07:24 -0700] "GET /self.logs/access.log.2019-10-15.gz HTTP/1.1" 200 19720 "-" "Mozilla/5.0 (compatible;PetalBot;+https://webmaster.petalsearch.com/site/petalbot)" 
114.119.149.23 - - [18/Jul/2022:02:12:44 -0700] "GET /self.logs/2015/error.log.2015-12-27.gz HTTP/1.1" 200 698 "-" "Mozilla/5.0 (compatible;PetalBot;+https://webmaster.petalsearch.com/site/petalbot)" 
118.184.177.111 - - [18/Jul/2022:02:12:51 -0700] "GET / HTTP/1.1" 200 13149 "-" "Sogou web spider/4.0(+http://www.sogou.com/docs/help/webmasters.htm#07)" 
34.206.152.150 - - [18/Jul/2022:02:12:54 -0700] "HEAD / HTTP/1.1" 301 186 "-" "DreamHost SiteMonitor 1.0" 
34.206.152.150 - - [18/Jul/2022:02:12:54 -0700] "HEAD / HTTP/1.1" 200 359 "http://66.33.221.139" "DreamHost SiteMonitor 1.0" 
157.55.39.88 - - [18/Jul/2022:02:15:20 -0700] "GET /self.logs/ HTTP/1.1" 200 37346 "-" "Mozilla/5.0 (compatible; bingbot/2.0; +http://www.bing.com/bingbot.htm)" 
34.206.152.150 - - [18/Jul/2022:02:22:54 -0700] "HEAD / HTTP/1.1" 301 186 "-" "DreamHost SiteMonitor 1.0" 
34.206.152.150 - - [18/Jul/2022:02:22:54 -0700] "HEAD / HTTP/1.1" 200 359 "http://66.33.221.139" "DreamHost SiteMonitor 1.0" 
114.119.140.174 - - [18/Jul/2022:02:23:24 -0700] "GET /self.logs/error.log.2018-01-23.gz HTTP/1.1" 200 3646 "-" "Mozilla/5.0 (compatible;PetalBot;+https://webmaster.petalsearch.com/site/petalbot)" 
49.7.20.105 - - [18/Jul/2022:02:23:33 -0700] "GET / HTTP/1.1" 200 13149 "-" "Sogou web spider/4.0(+http://www.sogou.com/docs/help/webmasters.htm#07)" 
34.206.152.150 - - [18/Jul/2022:02:32:54 -0700] "HEAD / HTTP/1.1" 301 186 "-" "DreamHost SiteMonitor 1.0" 
34.206.152.150 - - [18/Jul/2022:02:32:54 -0700] "HEAD / HTTP/1.1" 200 359 "http://66.33.221.139" "DreamHost SiteMonitor 1.0" 
114.119.149.237 - - [18/Jul/2022:02:39:24 -0700] "GET /self.logs/2015/access.log.2015-01-23.gz HTTP/1.1" 200 2222 "-" "Mozilla/5.0 (compatible;PetalBot;+https://webmaster.petalsearch.com/site/petalbot)" 
34.206.152.150 - - [18/Jul/2022:02:42:54 -0700] "HEAD / HTTP/1.1" 301 186 "-" "DreamHost SiteMonitor 1.0" 
34.206.152.150 - - [18/Jul/2022:02:42:54 -0700] "HEAD / HTTP/1.1" 200 359 "http://66.33.221.139" "DreamHost SiteMonitor 1.0" 
114.119.149.23 - - [18/Jul/2022:02:44:49 -0700] "GET /self.logs/error.log.2017-10-28.gz HTTP/1.1" 200 2151 "-" "Mozilla/5.0 (compatible;PetalBot;+https://webmaster.petalsearch.com/site/petalbot)" 
51.222.253.12 - - [18/Jul/2022:02:45:18 -0700] "GET / HTTP/1.1" 200 13142 "-" "Mozilla/5.0 (compatible; AhrefsBot/7.0; +http://ahrefs.com/robot/)" 
