47.236.11.40 - - [18/Nov/2023:20:19:23 -0800] "GET /info.php HTTP/1.1" 301 491 "-" "Mozilla/5.0 (Windows NT 5.1) AppleWebKit/537.36 (KHTML, like Gecko) Chrome/44.0.2403.130 Safari/537.36" 
47.236.11.40 - - [18/Nov/2023:20:19:24 -0800] "GET /info.php HTTP/1.1" 404 328 "-" "Mozilla/5.0 (Windows NT 5.1) AppleWebKit/537.36 (KHTML, like Gecko) Chrome/44.0.2403.130 Safari/537.36" 
47.236.11.40 - - [18/Nov/2023:20:19:24 -0800] "GET /.vscode/sftp.json HTTP/1.1" 301 509 "-" "Mozilla/5.0 (Windows NT 5.1) AppleWebKit/537.36 (KHTML, like Gecko) Chrome/44.0.2403.130 Safari/537.36" 
47.236.11.40 - - [18/Nov/2023:20:19:27 -0800] "GET /.vscode/sftp.json HTTP/1.1" 404 328 "-" "Mozilla/5.0 (Windows NT 5.1) AppleWebKit/537.36 (KHTML, like Gecko) Chrome/44.0.2403.130 Safari/537.36" 
47.236.11.40 - - [18/Nov/2023:20:19:27 -0800] "GET /sftp-config.json HTTP/1.1" 301 507 "-" "Mozilla/5.0 (Windows NT 5.1) AppleWebKit/537.36 (KHTML, like Gecko) Chrome/44.0.2403.130 Safari/537.36" 
47.236.11.40 - - [18/Nov/2023:20:19:28 -0800] "GET /sftp-config.json HTTP/1.1" 404 328 "-" "Mozilla/5.0 (Windows NT 5.1) AppleWebKit/537.36 (KHTML, like Gecko) Chrome/44.0.2403.130 Safari/537.36" 
107.20.105.74 - - [18/Nov/2023:20:26:40 -0800] "HEAD / HTTP/1.1" 301 186 "-" "DreamHost SiteMonitor 1.0" 
107.20.105.74 - - [18/Nov/2023:20:26:40 -0800] "HEAD / HTTP/1.1" 200 359 "http://66.33.221.139" "DreamHost SiteMonitor 1.0" 
107.20.105.74 - - [18/Nov/2023:20:36:40 -0800] "HEAD / HTTP/1.1" 301 186 "-" "DreamHost SiteMonitor 1.0" 
107.20.105.74 - - [18/Nov/2023:20:36:40 -0800] "HEAD / HTTP/1.1" 200 359 "http://66.33.221.139" "DreamHost SiteMonitor 1.0" 
52.167.144.203 - - [18/Nov/2023:20:39:55 -0800] "GET /self.logs/access.log.2022-09-12.gz HTTP/1.1" 200 12491 "-" "Mozilla/5.0 AppleWebKit/537.36 (KHTML, like Gecko; compatible; bingbot/2.0; +http://www.bing.com/bingbot.htm) Chrome/116.0.1938.76 Safari/537.36" 
107.20.105.74 - - [18/Nov/2023:20:46:40 -0800] "HEAD / HTTP/1.1" 301 186 "-" "DreamHost SiteMonitor 1.0" 
107.20.105.74 - - [18/Nov/2023:20:46:40 -0800] "HEAD / HTTP/1.1" 200 359 "http://66.33.221.139" "DreamHost SiteMonitor 1.0" 
52.167.144.194 - - [18/Nov/2023:20:52:50 -0800] "GET /self.logs/access.log.2019-12-26.gz HTTP/1.1" 200 13884 "-" "Mozilla/5.0 AppleWebKit/537.36 (KHTML, like Gecko; compatible; bingbot/2.0; +http://www.bing.com/bingbot.htm) Chrome/116.0.1938.76 Safari/537.36" 
107.20.105.74 - - [18/Nov/2023:20:56:40 -0800] "HEAD / HTTP/1.1" 301 186 "-" "DreamHost SiteMonitor 1.0" 
107.20.105.74 - - [18/Nov/2023:20:56:40 -0800] "HEAD / HTTP/1.1" 200 359 "http://66.33.221.139" "DreamHost SiteMonitor 1.0" 
72.90.81.11 - - [18/Nov/2023:21:05:07 -0800] "HEAD / HTTP/1.1" 200 425 "-" "Mozilla/5.0 (compatible; Fess/14.10; +http://fess.codelibs.org/bot.html)" 
72.90.81.11 - - [18/Nov/2023:21:05:07 -0800] "GET / HTTP/1.1" 200 13163 "-" "Mozilla/5.0 (compatible; Fess/14.10; +http://fess.codelibs.org/bot.html)" 
72.90.81.11 - - [18/Nov/2023:21:06:29 -0800] "HEAD / HTTP/1.1" 200 425 "-" "Mozilla/5.0 (compatible; Fess/14.10; +http://fess.codelibs.org/bot.html)" 
107.20.105.74 - - [18/Nov/2023:21:06:40 -0800] "HEAD / HTTP/1.1" 301 186 "-" "DreamHost SiteMonitor 1.0" 
107.20.105.74 - - [18/Nov/2023:21:06:40 -0800] "HEAD / HTTP/1.1" 200 359 "http://66.33.221.139" "DreamHost SiteMonitor 1.0" 
52.167.144.194 - - [18/Nov/2023:21:11:31 -0800] "GET /self.logs/access.log.2019-08-15.gz HTTP/1.1" 200 24783 "-" "Mozilla/5.0 AppleWebKit/537.36 (KHTML, like Gecko; compatible; bingbot/2.0; +http://www.bing.com/bingbot.htm) Chrome/116.0.1938.76 Safari/537.36" 
107.20.105.74 - - [18/Nov/2023:21:16:40 -0800] "HEAD / HTTP/1.1" 301 186 "-" "DreamHost SiteMonitor 1.0" 
107.20.105.74 - - [18/Nov/2023:21:16:40 -0800] "HEAD / HTTP/1.1" 200 359 "http://66.33.221.139" "DreamHost SiteMonitor 1.0" 
66.249.64.107 - - [18/Nov/2023:21:17:36 -0800] "GET / HTTP/1.1" 200 13186 "-" "Mozilla/5.0 (compatible; Googlebot/2.1; +http://www.google.com/bot.html)" 
66.249.64.106 - - [18/Nov/2023:21:17:37 -0800] "GET /css/style.css HTTP/1.1" 404 328 "http://www.secrepo.com/" "Mozilla/5.0 AppleWebKit/537.36 (KHTML, like Gecko; compatible; Googlebot/2.1; +http://www.google.com/bot.html) Chrome/119.0.6045.123 Safari/537.36" 
107.20.105.74 - - [18/Nov/2023:21:26:40 -0800] "HEAD / HTTP/1.1" 301 186 "-" "DreamHost SiteMonitor 1.0" 
107.20.105.74 - - [18/Nov/2023:21:26:40 -0800] "HEAD / HTTP/1.1" 200 359 "http://66.33.221.139" "DreamHost SiteMonitor 1.0" 
114.119.135.254 - - [18/Nov/2023:21:29:34 -0800] "GET /robots.txt HTTP/1.1" 200 377 "-" "Mozilla/5.0 (compatible;PetalBot;+https://webmaster.petalsearch.com/site/petalbot)" 
40.77.167.55 - - [18/Nov/2023:21:30:27 -0800] "GET /self.logs/access.log.2022-02-08.gz HTTP/1.1" 200 19601 "-" "Mozilla/5.0 AppleWebKit/537.36 (KHTML, like Gecko; compatible; bingbot/2.0; +http://www.bing.com/bingbot.htm) Chrome/116.0.1938.76 Safari/537.36" 
114.119.144.116 - - [18/Nov/2023:21:32:58 -0800] "GET /Datasets%20Description/Network/smtp.html HTTP/1.1" 200 1637 "http://www.secrepo.com/Datasets%20Description/Network?C=S%3BO%3DA" "Mozilla/5.0 (Linux; Android 7.0;) AppleWebKit/537.36 (KHTML, like Gecko) Mobile Safari/537.36 (compatible; PetalBot;+https://webmaster.petalsearch.com/site/petalbot)" 
66.249.70.64 - - [18/Nov/2023:21:36:10 -0800] "GET / HTTP/1.1" 301 475 "-" "Mozilla/5.0 (compatible; Googlebot/2.1; +http://www.google.com/bot.html)" 
66.249.64.108 - - [18/Nov/2023:21:36:11 -0800] "GET / HTTP/1.1" 200 13186 "-" "Mozilla/5.0 (compatible; Googlebot/2.1; +http://www.google.com/bot.html)" 
66.249.64.106 - - [18/Nov/2023:21:36:13 -0800] "GET /css/style.css HTTP/1.1" 404 328 "http://www.secrepo.com/" "Mozilla/5.0 AppleWebKit/537.36 (KHTML, like Gecko; compatible; Googlebot/2.1; +http://www.google.com/bot.html) Chrome/119.0.6045.123 Safari/537.36" 
107.20.105.74 - - [18/Nov/2023:21:36:40 -0800] "HEAD / HTTP/1.1" 301 186 "-" "DreamHost SiteMonitor 1.0" 
107.20.105.74 - - [18/Nov/2023:21:36:40 -0800] "HEAD / HTTP/1.1" 200 359 "http://66.33.221.139" "DreamHost SiteMonitor 1.0" 
52.167.144.192 - - [18/Nov/2023:21:40:43 -0800] "GET /self.logs/access.log.2019-12-26.gz HTTP/1.1" 200 13884 "-" "Mozilla/5.0 AppleWebKit/537.36 (KHTML, like Gecko; compatible; bingbot/2.0; +http://www.bing.com/bingbot.htm) Chrome/116.0.1938.76 Safari/537.36" 
107.20.105.74 - - [18/Nov/2023:21:46:40 -0800] "HEAD / HTTP/1.1" 301 186 "-" "DreamHost SiteMonitor 1.0" 
107.20.105.74 - - [18/Nov/2023:21:46:40 -0800] "HEAD / HTTP/1.1" 200 359 "http://66.33.221.139" "DreamHost SiteMonitor 1.0" 
171.13.14.42 - - [18/Nov/2023:21:48:45 -0800] "GET / HTTP/1.1" 200 13143 "https://www.sec-wiki.com/news?News_page=1250" "Mozilla/5.0 (Windows NT 10.0; Win64; x64) AppleWebKit/537.36 (KHTML, like Gecko) Chrome/70.0.3538.77 Safari/537.36" 
162.55.86.60 - - [18/Nov/2023:21:56:14 -0800] "GET /robots.txt HTTP/1.1" 301 495 "-" "Mozilla/5.0 (compatible; BLEXBot/1.0; +http://webmeup-crawler.com/)" 
162.55.86.60 - - [18/Nov/2023:21:56:15 -0800] "GET /robots.txt HTTP/1.1" 200 377 "-" "Mozilla/5.0 (compatible; BLEXBot/1.0; +http://webmeup-crawler.com/)" 
162.55.86.60 - - [18/Nov/2023:21:56:20 -0800] "GET /sitemap HTTP/1.1" 301 489 "-" "Mozilla/5.0 (compatible; BLEXBot/1.0; +http://webmeup-crawler.com/)" 
162.55.86.60 - - [18/Nov/2023:21:56:20 -0800] "GET /robots.txt HTTP/1.1" 200 354 "-" "Mozilla/5.0 (compatible; BLEXBot/1.0; +http://webmeup-crawler.com/)" 
162.55.86.60 - - [18/Nov/2023:21:56:23 -0800] "GET /sitemap HTTP/1.1" 404 328 "-" "Mozilla/5.0 (compatible; BLEXBot/1.0; +http://webmeup-crawler.com/)" 
162.55.86.60 - - [18/Nov/2023:21:56:25 -0800] "GET /sitemap HTTP/1.1" 404 305 "-" "Mozilla/5.0 (compatible; BLEXBot/1.0; +http://webmeup-crawler.com/)" 
162.55.86.60 - - [18/Nov/2023:21:56:36 -0800] "GET /sitemap.txt HTTP/1.1" 301 497 "-" "Mozilla/5.0 (compatible; BLEXBot/1.0; +http://webmeup-crawler.com/)" 
162.55.86.60 - - [18/Nov/2023:21:56:37 -0800] "GET /sitemap.txt HTTP/1.1" 404 328 "-" "Mozilla/5.0 (compatible; BLEXBot/1.0; +http://webmeup-crawler.com/)" 
107.20.105.74 - - [18/Nov/2023:21:56:40 -0800] "HEAD / HTTP/1.1" 301 186 "-" "DreamHost SiteMonitor 1.0" 
162.55.86.60 - - [18/Nov/2023:21:56:40 -0800] "GET /sitemap.txt HTTP/1.1" 404 305 "-" "Mozilla/5.0 (compatible; BLEXBot/1.0; +http://webmeup-crawler.com/)" 
107.20.105.74 - - [18/Nov/2023:21:56:40 -0800] "HEAD / HTTP/1.1" 200 359 "http://66.33.221.139" "DreamHost SiteMonitor 1.0" 
162.55.86.60 - - [18/Nov/2023:21:57:04 -0800] "GET /Datasets%20Description/?C=D;O=A HTTP/1.1" 200 677 "-" "Mozilla/5.0 (compatible; BLEXBot/1.0; +http://webmeup-crawler.com/)" 
162.55.86.60 - - [18/Nov/2023:21:57:12 -0800] "GET /Datasets%20Description/?C=M;O=A HTTP/1.1" 200 677 "-" "Mozilla/5.0 (compatible; BLEXBot/1.0; +http://webmeup-crawler.com/)" 
162.55.86.60 - - [18/Nov/2023:21:57:26 -0800] "GET /Datasets%20Description/?C=N;O=D HTTP/1.1" 200 673 "-" "Mozilla/5.0 (compatible; BLEXBot/1.0; +http://webmeup-crawler.com/)" 
162.55.86.60 - - [18/Nov/2023:21:57:29 -0800] "GET /Datasets%20Description/?C=S;O=A HTTP/1.1" 200 654 "-" "Mozilla/5.0 (compatible; BLEXBot/1.0; +http://webmeup-crawler.com/)" 
162.55.86.60 - - [18/Nov/2023:21:57:40 -0800] "GET /Datasets%20Description/HTML_Bro_log_1/ HTTP/1.1" 200 834 "-" "Mozilla/5.0 (compatible; BLEXBot/1.0; +http://webmeup-crawler.com/)" 
162.55.86.60 - - [18/Nov/2023:21:57:44 -0800] "GET /Datasets%20Description/HTML_Bro_log_1/?C=D;O=D HTTP/1.1" 200 810 "-" "Mozilla/5.0 (compatible; BLEXBot/1.0; +http://webmeup-crawler.com/)" 
162.55.86.60 - - [18/Nov/2023:21:57:46 -0800] "GET /Datasets%20Description/HTML_Bro_log_1/?C=M;O=D HTTP/1.1" 200 810 "-" "Mozilla/5.0 (compatible; BLEXBot/1.0; +http://webmeup-crawler.com/)" 
162.55.86.60 - - [18/Nov/2023:21:57:50 -0800] "GET /Datasets%20Description/HTML_Bro_log_1/?C=N;O=A HTTP/1.1" 200 811 "-" "Mozilla/5.0 (compatible; BLEXBot/1.0; +http://webmeup-crawler.com/)" 
162.55.86.60 - - [18/Nov/2023:21:57:54 -0800] "GET /Datasets%20Description/HTML_Bro_log_1/?C=S;O=D HTTP/1.1" 200 806 "-" "Mozilla/5.0 (compatible; BLEXBot/1.0; +http://webmeup-crawler.com/)" 
162.55.86.60 - - [18/Nov/2023:21:57:57 -0800] "GET /Datasets%20Description/HTML_Bro_log_2/ HTTP/1.1" 200 809 "-" "Mozilla/5.0 (compatible; BLEXBot/1.0; +http://webmeup-crawler.com/)" 
162.55.86.60 - - [18/Nov/2023:21:58:01 -0800] "GET /Datasets%20Description/HTML_Bro_log_2/?C=D;O=A HTTP/1.1" 200 809 "-" "Mozilla/5.0 (compatible; BLEXBot/1.0; +http://webmeup-crawler.com/)" 
162.55.86.60 - - [18/Nov/2023:21:58:04 -0800] "GET /Datasets%20Description/HTML_Bro_log_2/?C=M;O=D HTTP/1.1" 200 809 "-" "Mozilla/5.0 (compatible; BLEXBot/1.0; +http://webmeup-crawler.com/)" 
162.55.86.60 - - [18/Nov/2023:21:58:07 -0800] "GET /Datasets%20Description/HTML_Bro_log_2/?C=N;O=A HTTP/1.1" 200 809 "-" "Mozilla/5.0 (compatible; BLEXBot/1.0; +http://webmeup-crawler.com/)" 
162.55.86.60 - - [18/Nov/2023:21:58:10 -0800] "GET /Datasets%20Description/HTML_Bro_log_2/?C=S;O=D HTTP/1.1" 200 804 "-" "Mozilla/5.0 (compatible; BLEXBot/1.0; +http://webmeup-crawler.com/)" 
162.55.86.60 - - [18/Nov/2023:21:58:13 -0800] "GET /Datasets%20Description/HTML_Bro_log_3/ HTTP/1.1" 200 800 "-" "Mozilla/5.0 (compatible; BLEXBot/1.0; +http://webmeup-crawler.com/)" 
162.55.86.60 - - [18/Nov/2023:21:58:17 -0800] "GET /Datasets%20Description/HTML_Bro_log_3/?C=D;O=D HTTP/1.1" 200 799 "-" "Mozilla/5.0 (compatible; BLEXBot/1.0; +http://webmeup-crawler.com/)" 
162.55.86.60 - - [18/Nov/2023:21:58:20 -0800] "GET /Datasets%20Description/HTML_Bro_log_3/?C=M;O=D HTTP/1.1" 200 799 "-" "Mozilla/5.0 (compatible; BLEXBot/1.0; +http://webmeup-crawler.com/)" 
162.55.86.60 - - [18/Nov/2023:21:58:23 -0800] "GET /Datasets%20Description/HTML_Bro_log_3/?C=N;O=A HTTP/1.1" 200 800 "-" "Mozilla/5.0 (compatible; BLEXBot/1.0; +http://webmeup-crawler.com/)" 
162.55.86.60 - - [18/Nov/2023:21:58:27 -0800] "GET /Datasets%20Description/HTML_Bro_log_3/?C=S;O=D HTTP/1.1" 200 796 "-" "Mozilla/5.0 (compatible; BLEXBot/1.0; +http://webmeup-crawler.com/)" 
162.55.86.60 - - [18/Nov/2023:21:58:30 -0800] "GET /Datasets%20Description/Network/ HTTP/1.1" 200 746 "-" "Mozilla/5.0 (compatible; BLEXBot/1.0; +http://webmeup-crawler.com/)" 
162.55.86.60 - - [18/Nov/2023:21:58:53 -0800] "GET /Datasets%20Description/PE_malware/ HTTP/1.1" 200 686 "-" "Mozilla/5.0 (compatible; BLEXBot/1.0; +http://webmeup-crawler.com/)" 
162.55.86.60 - - [18/Nov/2023:21:59:17 -0800] "GET /self.logs/2015/?C=D;O=A HTTP/1.1" 200 7621 "-" "Mozilla/5.0 (compatible; BLEXBot/1.0; +http://webmeup-crawler.com/)" 
162.55.86.60 - - [18/Nov/2023:21:59:21 -0800] "GET /self.logs/2015/?C=M;O=A HTTP/1.1" 200 7683 "-" "Mozilla/5.0 (compatible; BLEXBot/1.0; +http://webmeup-crawler.com/)" 
162.55.86.60 - - [18/Nov/2023:21:59:25 -0800] "GET /self.logs/2015/?C=N;O=D HTTP/1.1" 200 7744 "-" "Mozilla/5.0 (compatible; BLEXBot/1.0; +http://webmeup-crawler.com/)" 
162.55.86.60 - - [18/Nov/2023:21:59:29 -0800] "GET /self.logs/2015/?C=S;O=A HTTP/1.1" 200 8265 "-" "Mozilla/5.0 (compatible; BLEXBot/1.0; +http://webmeup-crawler.com/)" 
162.55.86.60 - - [18/Nov/2023:21:59:43 -0800] "GET /self.logs/2016/?C=D;O=A HTTP/1.1" 200 7860 "-" "Mozilla/5.0 (compatible; BLEXBot/1.0; +http://webmeup-crawler.com/)" 
162.55.86.60 - - [18/Nov/2023:21:59:47 -0800] "GET /self.logs/2016/?C=M;O=A HTTP/1.1" 200 8006 "-" "Mozilla/5.0 (compatible; BLEXBot/1.0; +http://webmeup-crawler.com/)" 
162.55.86.60 - - [18/Nov/2023:21:59:52 -0800] "GET /self.logs/2016/?C=N;O=D HTTP/1.1" 200 8049 "-" "Mozilla/5.0 (compatible; BLEXBot/1.0; +http://webmeup-crawler.com/)" 
162.55.86.60 - - [18/Nov/2023:21:59:56 -0800] "GET /self.logs/2016/?C=S;O=A HTTP/1.1" 200 8560 "-" "Mozilla/5.0 (compatible; BLEXBot/1.0; +http://webmeup-crawler.com/)" 
162.55.86.60 - - [18/Nov/2023:22:00:17 -0800] "GET /self.logs/?C=D;O=D HTTP/1.1" 200 47868 "-" "Mozilla/5.0 (compatible; BLEXBot/1.0; +http://webmeup-crawler.com/)" 
162.55.86.60 - - [18/Nov/2023:22:00:41 -0800] "GET /self.logs/?C=M;O=D HTTP/1.1" 200 50297 "-" "Mozilla/5.0 (compatible; BLEXBot/1.0; +http://webmeup-crawler.com/)" 
162.55.86.60 - - [18/Nov/2023:22:00:53 -0800] "GET /self.logs/?C=N;O=A HTTP/1.1" 200 46478 "-" "Mozilla/5.0 (compatible; BLEXBot/1.0; +http://webmeup-crawler.com/)" 
162.55.86.60 - - [18/Nov/2023:22:01:33 -0800] "GET /self.logs/?C=S;O=D HTTP/1.1" 200 56103 "-" "Mozilla/5.0 (compatible; BLEXBot/1.0; +http://webmeup-crawler.com/)" 
107.20.105.74 - - [18/Nov/2023:22:06:40 -0800] "HEAD / HTTP/1.1" 301 186 "-" "DreamHost SiteMonitor 1.0" 
107.20.105.74 - - [18/Nov/2023:22:06:40 -0800] "HEAD / HTTP/1.1" 200 359 "http://66.33.221.139" "DreamHost SiteMonitor 1.0" 
40.77.167.136 - - [18/Nov/2023:22:08:06 -0800] "GET /self.logs/access.log.2020-01-21.gz HTTP/1.1" 200 16145 "-" "Mozilla/5.0 AppleWebKit/537.36 (KHTML, like Gecko; compatible; bingbot/2.0; +http://www.bing.com/bingbot.htm) Chrome/116.0.1938.76 Safari/537.36" 
40.77.167.8 - - [18/Nov/2023:22:14:15 -0800] "GET /self.logs/access.log.2021-02-16.gz HTTP/1.1" 200 24296 "-" "Mozilla/5.0 AppleWebKit/537.36 (KHTML, like Gecko; compatible; bingbot/2.0; +http://www.bing.com/bingbot.htm) Chrome/116.0.1938.76 Safari/537.36" 
107.20.105.74 - - [18/Nov/2023:22:16:40 -0800] "HEAD / HTTP/1.1" 301 186 "-" "DreamHost SiteMonitor 1.0" 
107.20.105.74 - - [18/Nov/2023:22:16:40 -0800] "HEAD / HTTP/1.1" 200 359 "http://66.33.221.139" "DreamHost SiteMonitor 1.0" 
52.167.144.237 - - [18/Nov/2023:22:22:39 -0800] "GET /self.logs/access.log.2022-06-27.gz HTTP/1.1" 200 41518 "-" "Mozilla/5.0 AppleWebKit/537.36 (KHTML, like Gecko; compatible; bingbot/2.0; +http://www.bing.com/bingbot.htm) Chrome/116.0.1938.76 Safari/537.36" 
196.196.34.109 - - [18/Nov/2023:22:25:36 -0800] "GET /honeypot/Honeypot%20-%20Howto%20-%20BSides%20Austin.pdf HTTP/1.1" 200 2928571 "http://www.secrepo.com/" "Mozilla/5.0 (Windows NT 10.0; WOW64; x64) AppleWebKit/537.36 (KHTML, like Gecko) Chrome/114.0.0.0 Safari/537.36 OPR/89.0.4447.51" 
107.20.105.74 - - [18/Nov/2023:22:26:40 -0800] "HEAD / HTTP/1.1" 301 186 "-" "DreamHost SiteMonitor 1.0" 
107.20.105.74 - - [18/Nov/2023:22:26:40 -0800] "HEAD / HTTP/1.1" 200 359 "http://66.33.221.139" "DreamHost SiteMonitor 1.0" 
123.125.109.121 - - [18/Nov/2023:22:26:47 -0800] "GET / HTTP/1.1" 301 438 "-" "Sogou web spider/4.0(+http://www.sogou.com/docs/help/webmasters.htm#07)" 
123.125.109.137 - - [18/Nov/2023:22:26:47 -0800] "GET / HTTP/1.1" 200 13149 "-" "Sogou web spider/4.0(+http://www.sogou.com/docs/help/webmasters.htm#07)" 
107.20.105.74 - - [18/Nov/2023:22:36:40 -0800] "HEAD / HTTP/1.1" 301 186 "-" "DreamHost SiteMonitor 1.0" 
107.20.105.74 - - [18/Nov/2023:22:36:40 -0800] "HEAD / HTTP/1.1" 200 359 "http://66.33.221.139" "DreamHost SiteMonitor 1.0" 
216.244.66.245 - - [18/Nov/2023:22:37:03 -0800] "GET /robots.txt HTTP/1.1" 200 333 "-" "Mozilla/5.0 (compatible; DotBot/1.2; +https://opensiteexplorer.org/dotbot; help@moz.com)" 
118.113.129.251 - - [18/Nov/2023:22:44:54 -0800] "GET / HTTP/1.1" 200 13186 "-" "Mozilla/5.0 (Macintosh; Intel Mac OS X 10_15_7) AppleWebKit/605.1.15 (KHTML, like Gecko)" 
118.113.129.251 - - [18/Nov/2023:22:44:55 -0800] "GET /apple-touch-icon-precomposed.png HTTP/1.1" 404 328 "-" "Safari%E6%B5%8F%E8%A7%88%E5%99%A8/16615.3.12.11.5 CFNetwork/1240.0.4.5 Darwin/20.6.0" 
118.113.129.251 - - [18/Nov/2023:22:44:55 -0800] "GET /apple-touch-icon.png HTTP/1.1" 404 305 "-" "Safari%E6%B5%8F%E8%A7%88%E5%99%A8/16615.3.12.11.5 CFNetwork/1240.0.4.5 Darwin/20.6.0" 
118.113.129.251 - - [18/Nov/2023:22:44:55 -0800] "GET / HTTP/1.1" 200 13186 "-" "Mozilla/5.0 (iPhone; CPU iPhone OS 16_4 like Mac OS X) AppleWebKit/605.1.15 (KHTML, like Gecko) Version/16.4 Mobile/15E148 Safari/604.1" 
118.113.129.251 - - [18/Nov/2023:22:44:55 -0800] "GET /apple-touch-icon-precomposed.png HTTP/1.1" 404 305 "-" "Safari%E6%B5%8F%E8%A7%88%E5%99%A8/16615.3.12.11.5 CFNetwork/1240.0.4.5 Darwin/20.6.0" 
118.113.129.251 - - [18/Nov/2023:22:44:56 -0800] "GET /apple-touch-icon.png HTTP/1.1" 404 305 "-" "Safari%E6%B5%8F%E8%A7%88%E5%99%A8/16615.3.12.11.5 CFNetwork/1240.0.4.5 Darwin/20.6.0" 
107.20.105.74 - - [18/Nov/2023:22:46:40 -0800] "HEAD / HTTP/1.1" 301 186 "-" "DreamHost SiteMonitor 1.0" 
107.20.105.74 - - [18/Nov/2023:22:46:40 -0800] "HEAD / HTTP/1.1" 200 359 "http://66.33.221.139" "DreamHost SiteMonitor 1.0" 
123.126.68.31 - - [18/Nov/2023:22:48:03 -0800] "GET / HTTP/1.1" 200 13149 "-" "Sogou web spider/4.0(+http://www.sogou.com/docs/help/webmasters.htm#07)" 
118.113.129.251 - - [18/Nov/2023:22:53:02 -0800] "GET / HTTP/1.1" 200 13186 "-" "Mozilla/5.0 (Macintosh; Intel Mac OS X 10_15_7) AppleWebKit/605.1.15 (KHTML, like Gecko)" 
118.113.129.251 - - [18/Nov/2023:22:53:04 -0800] "GET /apple-touch-icon-precomposed.png HTTP/1.1" 404 328 "-" "Safari%E6%B5%8F%E8%A7%88%E5%99%A8/16615.3.12.11.5 CFNetwork/1240.0.4.5 Darwin/20.6.0" 
118.113.129.251 - - [18/Nov/2023:22:53:05 -0800] "GET /apple-touch-icon.png HTTP/1.1" 404 305 "-" "Safari%E6%B5%8F%E8%A7%88%E5%99%A8/16615.3.12.11.5 CFNetwork/1240.0.4.5 Darwin/20.6.0" 
118.113.129.251 - - [18/Nov/2023:22:53:05 -0800] "GET / HTTP/1.1" 200 13186 "-" "Mozilla/5.0 (iPhone; CPU iPhone OS 16_4 like Mac OS X) AppleWebKit/605.1.15 (KHTML, like Gecko) Version/16.4 Mobile/15E148 Safari/604.1" 
118.113.129.251 - - [18/Nov/2023:22:53:12 -0800] "GET /apple-touch-icon-precomposed.png HTTP/1.1" 404 328 "-" "Safari%E6%B5%8F%E8%A7%88%E5%99%A8/16615.3.12.11.5 CFNetwork/1240.0.4.5 Darwin/20.6.0" 
118.113.129.251 - - [18/Nov/2023:22:53:12 -0800] "GET /apple-touch-icon.png HTTP/1.1" 404 305 "-" "Safari%E6%B5%8F%E8%A7%88%E5%99%A8/16615.3.12.11.5 CFNetwork/1240.0.4.5 Darwin/20.6.0" 
107.20.105.74 - - [18/Nov/2023:22:56:40 -0800] "HEAD / HTTP/1.1" 301 186 "-" "DreamHost SiteMonitor 1.0" 
107.20.105.74 - - [18/Nov/2023:22:56:40 -0800] "HEAD / HTTP/1.1" 200 359 "http://66.33.221.139" "DreamHost SiteMonitor 1.0" 
52.167.144.221 - - [18/Nov/2023:23:02:31 -0800] "GET /self.logs/access.log.2018-05-13.gz HTTP/1.1" 200 21575 "-" "Mozilla/5.0 AppleWebKit/537.36 (KHTML, like Gecko; compatible; bingbot/2.0; +http://www.bing.com/bingbot.htm) Chrome/116.0.1938.76 Safari/537.36" 
121.62.22.82 - - [18/Nov/2023:23:04:38 -0800] "GET /admin.php HTTP/1.1" 404 328 "-" "python-requests/2.24.0" 
107.20.105.74 - - [18/Nov/2023:23:06:40 -0800] "HEAD / HTTP/1.1" 301 186 "-" "DreamHost SiteMonitor 1.0" 
107.20.105.74 - - [18/Nov/2023:23:06:40 -0800] "HEAD / HTTP/1.1" 200 359 "http://66.33.221.139" "DreamHost SiteMonitor 1.0" 
107.20.105.74 - - [18/Nov/2023:23:16:40 -0800] "HEAD / HTTP/1.1" 301 186 "-" "DreamHost SiteMonitor 1.0" 
107.20.105.74 - - [18/Nov/2023:23:16:40 -0800] "HEAD / HTTP/1.1" 200 359 "http://66.33.221.139" "DreamHost SiteMonitor 1.0" 
114.119.135.63 - - [18/Nov/2023:23:24:33 -0800] "GET /self.logs/error.log.2020-07-12 HTTP/1.1" 200 351 "http://www.secrepo.com/self.logs?C=N%3BO%3DD" "Mozilla/5.0 (Linux; Android 7.0;) AppleWebKit/537.36 (KHTML, like Gecko) Mobile Safari/537.36 (compatible; PetalBot;+https://webmaster.petalsearch.com/site/petalbot)" 
66.249.70.64 - - [18/Nov/2023:23:24:49 -0800] "GET / HTTP/1.1" 301 475 "-" "Mozilla/5.0 (compatible; Googlebot/2.1; +http://www.google.com/bot.html)" 
66.249.64.108 - - [18/Nov/2023:23:24:50 -0800] "GET / HTTP/1.1" 200 13186 "-" "Mozilla/5.0 (compatible; Googlebot/2.1; +http://www.google.com/bot.html)" 
66.249.64.107 - - [18/Nov/2023:23:24:53 -0800] "GET /css/style.css HTTP/1.1" 404 328 "http://www.secrepo.com/" "Mozilla/5.0 AppleWebKit/537.36 (KHTML, like Gecko; compatible; Googlebot/2.1; +http://www.google.com/bot.html) Chrome/119.0.6045.123 Safari/537.36" 
107.20.105.74 - - [18/Nov/2023:23:26:40 -0800] "HEAD / HTTP/1.1" 301 186 "-" "DreamHost SiteMonitor 1.0" 
107.20.105.74 - - [18/Nov/2023:23:26:40 -0800] "HEAD / HTTP/1.1" 200 359 "http://66.33.221.139" "DreamHost SiteMonitor 1.0" 
114.119.141.249 - - [18/Nov/2023:23:26:42 -0800] "GET /self.logs/error.log.2020-06-15 HTTP/1.1" 200 351 "http://www.secrepo.com/self.logs?C=N%3BO%3DD" "Mozilla/5.0 (Linux; Android 7.0;) AppleWebKit/537.36 (KHTML, like Gecko) Mobile Safari/537.36 (compatible; PetalBot;+https://webmaster.petalsearch.com/site/petalbot)" 
216.244.66.245 - - [18/Nov/2023:23:28:22 -0800] "GET /robots.txt HTTP/1.1" 200 333 "-" "Mozilla/5.0 (compatible; DotBot/1.2; +https://opensiteexplorer.org/dotbot; help@moz.com)" 
114.119.141.27 - - [18/Nov/2023:23:28:35 -0800] "GET /self.logs/error.log.2020-04-18 HTTP/1.1" 200 351 "http://www.secrepo.com/self.logs?C=N%3BO%3DD" "Mozilla/5.0 (Linux; Android 7.0;) AppleWebKit/537.36 (KHTML, like Gecko) Mobile Safari/537.36 (compatible; PetalBot;+https://webmaster.petalsearch.com/site/petalbot)" 
114.119.141.2 - - [18/Nov/2023:23:29:09 -0800] "GET /self.logs/error.log.2020-04-06 HTTP/1.1" 200 351 "http://www.secrepo.com/self.logs?C=N%3BO%3DD" "Mozilla/5.0 (Linux; Android 7.0;) AppleWebKit/537.36 (KHTML, like Gecko) Mobile Safari/537.36 (compatible; PetalBot;+https://webmaster.petalsearch.com/site/petalbot)" 
114.119.132.173 - - [18/Nov/2023:23:30:42 -0800] "GET /self.logs/error.log.2020-03-02 HTTP/1.1" 200 351 "http://www.secrepo.com/self.logs?C=N%3BO%3DD" "Mozilla/5.0 (Linux; Android 7.0;) AppleWebKit/537.36 (KHTML, like Gecko) Mobile Safari/537.36 (compatible; PetalBot;+https://webmaster.petalsearch.com/site/petalbot)" 
114.119.153.215 - - [18/Nov/2023:23:31:53 -0800] "GET /self.logs/error.log.2020-02-28 HTTP/1.1" 200 351 "http://www.secrepo.com/self.logs?C=N%3BO%3DD" "Mozilla/5.0 (Linux; Android 7.0;) AppleWebKit/537.36 (KHTML, like Gecko) Mobile Safari/537.36 (compatible; PetalBot;+https://webmaster.petalsearch.com/site/petalbot)" 
66.249.64.108 - - [18/Nov/2023:23:32:19 -0800] "GET / HTTP/1.1" 200 13186 "-" "Mozilla/5.0 (compatible; Googlebot/2.1; +http://www.google.com/bot.html)" 
66.249.64.108 - - [18/Nov/2023:23:32:21 -0800] "GET /css/style.css HTTP/1.1" 404 305 "http://www.secrepo.com/" "Mozilla/5.0 AppleWebKit/537.36 (KHTML, like Gecko; compatible; Googlebot/2.1; +http://www.google.com/bot.html) Chrome/119.0.6045.123 Safari/537.36" 
52.167.144.219 - - [18/Nov/2023:23:33:24 -0800] "GET /self.logs/access.log.2019-09-03.gz HTTP/1.1" 200 19585 "-" "Mozilla/5.0 AppleWebKit/537.36 (KHTML, like Gecko; compatible; bingbot/2.0; +http://www.bing.com/bingbot.htm) Chrome/116.0.1938.76 Safari/537.36" 
114.119.130.104 - - [18/Nov/2023:23:33:47 -0800] "GET /Datasets%20Description/HTML_Bro_log_1/weird.html HTTP/1.1" 200 1937 "http://www.secrepo.com/Datasets%20Description/HTML_Bro_log_1/?C=M%3BO%3DA" "Mozilla/5.0 (Linux; Android 7.0;) AppleWebKit/537.36 (KHTML, like Gecko) Mobile Safari/537.36 (compatible; PetalBot;+https://webmaster.petalsearch.com/site/petalbot)" 
107.20.105.74 - - [18/Nov/2023:23:36:40 -0800] "HEAD / HTTP/1.1" 301 186 "-" "DreamHost SiteMonitor 1.0" 
107.20.105.74 - - [18/Nov/2023:23:36:40 -0800] "HEAD / HTTP/1.1" 200 359 "http://66.33.221.139" "DreamHost SiteMonitor 1.0" 
114.119.147.42 - - [18/Nov/2023:23:44:58 -0800] "GET /self.logs/error.log.2020-12-27 HTTP/1.1" 200 351 "http://www.secrepo.com/self.logs?C=N%3BO%3DD" "Mozilla/5.0 (Linux; Android 7.0;) AppleWebKit/537.36 (KHTML, like Gecko) Mobile Safari/537.36 (compatible; PetalBot;+https://webmaster.petalsearch.com/site/petalbot)" 
107.20.105.74 - - [18/Nov/2023:23:46:40 -0800] "HEAD / HTTP/1.1" 301 186 "-" "DreamHost SiteMonitor 1.0" 
107.20.105.74 - - [18/Nov/2023:23:46:40 -0800] "HEAD / HTTP/1.1" 200 359 "http://66.33.221.139" "DreamHost SiteMonitor 1.0" 
52.167.144.234 - - [18/Nov/2023:23:49:17 -0800] "GET /self.logs/access.log.2019-09-16.gz HTTP/1.1" 200 19980 "-" "Mozilla/5.0 AppleWebKit/537.36 (KHTML, like Gecko; compatible; bingbot/2.0; +http://www.bing.com/bingbot.htm) Chrome/116.0.1938.76 Safari/537.36" 
107.20.105.74 - - [18/Nov/2023:23:56:40 -0800] "HEAD / HTTP/1.1" 301 186 "-" "DreamHost SiteMonitor 1.0" 
107.20.105.74 - - [18/Nov/2023:23:56:40 -0800] "HEAD / HTTP/1.1" 200 359 "http://66.33.221.139" "DreamHost SiteMonitor 1.0" 
182.43.70.143 - - [19/Nov/2023:00:03:24 -0800] "GET / HTTP/1.1" 301 438 "-" "Mozilla/5.0 (iPhone; CPU iPhone OS 13_2_3 like Mac OS X) AppleWebKit/605.1.15 (KHTML, like Gecko) Version/13.0.3 Mobile/15E148 Safari/604.1" 
182.43.70.143 - - [19/Nov/2023:00:03:28 -0800] "GET / HTTP/1.1" 200 13147 "http://secrepo.com" "Mozilla/5.0 (iPhone; CPU iPhone OS 13_2_3 like Mac OS X) AppleWebKit/605.1.15 (KHTML, like Gecko) Version/13.0.3 Mobile/15E148 Safari/604.1" 
107.20.105.74 - - [19/Nov/2023:00:06:40 -0800] "HEAD / HTTP/1.1" 301 186 "-" "DreamHost SiteMonitor 1.0" 
107.20.105.74 - - [19/Nov/2023:00:06:40 -0800] "HEAD / HTTP/1.1" 200 359 "http://66.33.221.139" "DreamHost SiteMonitor 1.0" 
52.167.144.234 - - [19/Nov/2023:00:14:47 -0800] "GET /self.logs/access.log.2019-05-03.gz HTTP/1.1" 200 23880 "-" "Mozilla/5.0 AppleWebKit/537.36 (KHTML, like Gecko; compatible; bingbot/2.0; +http://www.bing.com/bingbot.htm) Chrome/116.0.1938.76 Safari/537.36" 
107.20.105.74 - - [19/Nov/2023:00:16:40 -0800] "HEAD / HTTP/1.1" 301 186 "-" "DreamHost SiteMonitor 1.0" 
107.20.105.74 - - [19/Nov/2023:00:16:40 -0800] "HEAD / HTTP/1.1" 200 359 "http://66.33.221.139" "DreamHost SiteMonitor 1.0" 
52.167.144.142 - - [19/Nov/2023:00:22:58 -0800] "GET /self.logs/access.log.2022-07-14.gz HTTP/1.1" 200 16229 "-" "Mozilla/5.0 AppleWebKit/537.36 (KHTML, like Gecko; compatible; bingbot/2.0; +http://www.bing.com/bingbot.htm) Chrome/116.0.1938.76 Safari/537.36" 
107.20.105.74 - - [19/Nov/2023:00:26:40 -0800] "HEAD / HTTP/1.1" 301 186 "-" "DreamHost SiteMonitor 1.0" 
107.20.105.74 - - [19/Nov/2023:00:26:40 -0800] "HEAD / HTTP/1.1" 200 359 "http://66.33.221.139" "DreamHost SiteMonitor 1.0" 
107.20.105.74 - - [19/Nov/2023:00:36:40 -0800] "HEAD / HTTP/1.1" 301 186 "-" "DreamHost SiteMonitor 1.0" 
107.20.105.74 - - [19/Nov/2023:00:36:40 -0800] "HEAD / HTTP/1.1" 200 359 "http://66.33.221.139" "DreamHost SiteMonitor 1.0" 
40.77.167.71 - - [19/Nov/2023:00:40:56 -0800] "GET /self.logs/access.log.2019-03-20.gz HTTP/1.1" 200 36334 "-" "Mozilla/5.0 AppleWebKit/537.36 (KHTML, like Gecko; compatible; bingbot/2.0; +http://www.bing.com/bingbot.htm) Chrome/116.0.1938.76 Safari/537.36" 
107.20.105.74 - - [19/Nov/2023:00:46:40 -0800] "HEAD / HTTP/1.1" 301 186 "-" "DreamHost SiteMonitor 1.0" 
107.20.105.74 - - [19/Nov/2023:00:46:40 -0800] "HEAD / HTTP/1.1" 200 359 "http://66.33.221.139" "DreamHost SiteMonitor 1.0" 
88.99.149.173 - - [19/Nov/2023:00:51:17 -0800] "GET /robots.txt HTTP/1.1" 200 377 "-" "serpstatbot/2.1 (advanced backlink tracking bot; https://serpstatbot.com/; abuse@serpstatbot.com)" 
88.99.149.173 - - [19/Nov/2023:00:51:17 -0800] "GET /Datasets%20Description/PE_malware/Zeus.html HTTP/1.1" 200 1675 "-" "serpstatbot/2.1 (advanced backlink tracking bot; https://serpstatbot.com/; abuse@serpstatbot.com)" 
88.99.149.173 - - [19/Nov/2023:00:51:56 -0800] "GET /Datasets%20Description/PE_malware/VirusShare.html HTTP/1.1" 200 1651 "-" "serpstatbot/2.1 (advanced backlink tracking bot; https://serpstatbot.com/; abuse@serpstatbot.com)" 
88.99.149.173 - - [19/Nov/2023:00:52:28 -0800] "GET /Datasets%20Description/PE_malware/OPCleaver.html HTTP/1.1" 200 1458 "-" "serpstatbot/2.1 (advanced backlink tracking bot; https://serpstatbot.com/; abuse@serpstatbot.com)" 
88.99.149.173 - - [19/Nov/2023:00:53:00 -0800] "GET /Datasets%20Description/Network/weird.html HTTP/1.1" 200 1645 "-" "serpstatbot/2.1 (advanced backlink tracking bot; https://serpstatbot.com/; abuse@serpstatbot.com)" 
88.99.149.173 - - [19/Nov/2023:00:53:32 -0800] "GET /Datasets%20Description/Network/tunnel.html HTTP/1.1" 200 1470 "-" "serpstatbot/2.1 (advanced backlink tracking bot; https://serpstatbot.com/; abuse@serpstatbot.com)" 
88.99.149.173 - - [19/Nov/2023:00:54:02 -0800] "GET /Datasets%20Description/Network/ssl.html HTTP/1.1" 200 1585 "-" "serpstatbot/2.1 (advanced backlink tracking bot; https://serpstatbot.com/; abuse@serpstatbot.com)" 
88.99.149.173 - - [19/Nov/2023:00:54:32 -0800] "GET /Datasets%20Description/Network/ssh.html HTTP/1.1" 200 1368 "-" "serpstatbot/2.1 (advanced backlink tracking bot; https://serpstatbot.com/; abuse@serpstatbot.com)" 
88.99.149.173 - - [19/Nov/2023:00:55:03 -0800] "GET /Datasets%20Description/Network/smtp.html HTTP/1.1" 200 1637 "-" "serpstatbot/2.1 (advanced backlink tracking bot; https://serpstatbot.com/; abuse@serpstatbot.com)" 
88.99.149.173 - - [19/Nov/2023:00:55:34 -0800] "GET /Datasets%20Description/Network/notice.html HTTP/1.1" 200 1650 "-" "serpstatbot/2.1 (advanced backlink tracking bot; https://serpstatbot.com/; abuse@serpstatbot.com)" 
88.99.149.173 - - [19/Nov/2023:00:56:03 -0800] "GET /Datasets%20Description/Network/http.html HTTP/1.1" 200 1709 "-" "serpstatbot/2.1 (advanced backlink tracking bot; https://serpstatbot.com/; abuse@serpstatbot.com)" 
88.99.149.173 - - [19/Nov/2023:00:56:33 -0800] "GET /Datasets%20Description/Network/ftp.html HTTP/1.1" 200 1530 "-" "serpstatbot/2.1 (advanced backlink tracking bot; https://serpstatbot.com/; abuse@serpstatbot.com)" 
107.20.105.74 - - [19/Nov/2023:00:56:40 -0800] "HEAD / HTTP/1.1" 301 186 "-" "DreamHost SiteMonitor 1.0" 
107.20.105.74 - - [19/Nov/2023:00:56:40 -0800] "HEAD / HTTP/1.1" 200 359 "http://66.33.221.139" "DreamHost SiteMonitor 1.0" 
216.244.66.245 - - [19/Nov/2023:00:56:42 -0800] "GET /robots.txt HTTP/1.1" 200 333 "-" "Mozilla/5.0 (compatible; DotBot/1.2; +https://opensiteexplorer.org/dotbot; help@moz.com)" 
40.77.167.50 - - [19/Nov/2023:00:56:42 -0800] "GET /self.logs/2015/access.log.2015-10-01.gz HTTP/1.1" 200 4515 "-" "Mozilla/5.0 AppleWebKit/537.36 (KHTML, like Gecko; compatible; bingbot/2.0; +http://www.bing.com/bingbot.htm) Chrome/116.0.1938.76 Safari/537.36" 
88.99.149.173 - - [19/Nov/2023:00:57:04 -0800] "GET /Datasets%20Description/Network/files.html HTTP/1.1" 200 1532 "-" "serpstatbot/2.1 (advanced backlink tracking bot; https://serpstatbot.com/; abuse@serpstatbot.com)" 
52.167.144.189 - - [19/Nov/2023:00:57:23 -0800] "GET /self.logs/access.log.2017-12-07.gz HTTP/1.1" 200 57714 "-" "Mozilla/5.0 AppleWebKit/537.36 (KHTML, like Gecko; compatible; bingbot/2.0; +http://www.bing.com/bingbot.htm) Chrome/116.0.1938.76 Safari/537.36" 
88.99.149.173 - - [19/Nov/2023:00:57:34 -0800] "GET /Datasets%20Description/Network/dns.html HTTP/1.1" 200 1543 "-" "serpstatbot/2.1 (advanced backlink tracking bot; https://serpstatbot.com/; abuse@serpstatbot.com)" 
88.99.149.173 - - [19/Nov/2023:00:58:02 -0800] "GET /Datasets%20Description/Network/dhcp.html HTTP/1.1" 200 1461 "-" "serpstatbot/2.1 (advanced backlink tracking bot; https://serpstatbot.com/; abuse@serpstatbot.com)" 
88.99.149.173 - - [19/Nov/2023:00:58:33 -0800] "GET /Datasets%20Description/HTML_Bro_log_3/weird.html HTTP/1.1" 200 1931 "-" "serpstatbot/2.1 (advanced backlink tracking bot; https://serpstatbot.com/; abuse@serpstatbot.com)" 
88.99.149.173 - - [19/Nov/2023:00:59:04 -0800] "GET /Datasets%20Description/HTML_Bro_log_3/ssl.html HTTP/1.1" 200 1874 "-" "serpstatbot/2.1 (advanced backlink tracking bot; https://serpstatbot.com/; abuse@serpstatbot.com)" 
88.99.149.173 - - [19/Nov/2023:00:59:33 -0800] "GET /Datasets%20Description/HTML_Bro_log_3/packet_filter.html HTTP/1.1" 200 1725 "-" "serpstatbot/2.1 (advanced backlink tracking bot; https://serpstatbot.com/; abuse@serpstatbot.com)" 
88.99.149.173 - - [19/Nov/2023:01:00:02 -0800] "GET /Datasets%20Description/HTML_Bro_log_3/notice.html HTTP/1.1" 200 2002 "-" "serpstatbot/2.1 (advanced backlink tracking bot; https://serpstatbot.com/; abuse@serpstatbot.com)" 
88.99.149.173 - - [19/Nov/2023:01:00:34 -0800] "GET /Datasets%20Description/HTML_Bro_log_3/loaded_scripts.html HTTP/1.1" 200 1543 "-" "serpstatbot/2.1 (advanced backlink tracking bot; https://serpstatbot.com/; abuse@serpstatbot.com)" 
88.99.149.173 - - [19/Nov/2023:01:01:05 -0800] "GET /Datasets%20Description/HTML_Bro_log_3/irc.html HTTP/1.1" 200 1784 "-" "serpstatbot/2.1 (advanced backlink tracking bot; https://serpstatbot.com/; abuse@serpstatbot.com)" 
88.99.149.173 - - [19/Nov/2023:01:01:34 -0800] "GET /Datasets%20Description/HTML_Bro_log_3/http.html HTTP/1.1" 200 2035 "-" "serpstatbot/2.1 (advanced backlink tracking bot; https://serpstatbot.com/; abuse@serpstatbot.com)" 
88.99.149.173 - - [19/Nov/2023:01:02:04 -0800] "GET /Datasets%20Description/HTML_Bro_log_3/files.html HTTP/1.1" 200 1910 "-" "serpstatbot/2.1 (advanced backlink tracking bot; https://serpstatbot.com/; abuse@serpstatbot.com)" 
88.99.149.173 - - [19/Nov/2023:01:02:34 -0800] "GET /Datasets%20Description/HTML_Bro_log_3/dpd.html HTTP/1.1" 200 1662 "-" "serpstatbot/2.1 (advanced backlink tracking bot; https://serpstatbot.com/; abuse@serpstatbot.com)" 
88.99.149.173 - - [19/Nov/2023:01:03:03 -0800] "GET /Datasets%20Description/HTML_Bro_log_3/dns.html HTTP/1.1" 200 1830 "-" "serpstatbot/2.1 (advanced backlink tracking bot; https://serpstatbot.com/; abuse@serpstatbot.com)" 
88.99.149.173 - - [19/Nov/2023:01:03:33 -0800] "GET /Datasets%20Description/HTML_Bro_log_3/dhcp.html HTTP/1.1" 200 1740 "-" "serpstatbot/2.1 (advanced backlink tracking bot; https://serpstatbot.com/; abuse@serpstatbot.com)" 
88.99.149.173 - - [19/Nov/2023:01:04:01 -0800] "GET /Datasets%20Description/HTML_Bro_log_3/conn.html HTTP/1.1" 200 2009 "-" "serpstatbot/2.1 (advanced backlink tracking bot; https://serpstatbot.com/; abuse@serpstatbot.com)" 
88.99.149.173 - - [19/Nov/2023:01:04:32 -0800] "GET /Datasets%20Description/HTML_Bro_log_3/app_stats.html HTTP/1.1" 200 1591 "-" "serpstatbot/2.1 (advanced backlink tracking bot; https://serpstatbot.com/; abuse@serpstatbot.com)" 
88.99.149.173 - - [19/Nov/2023:01:05:00 -0800] "GET /Datasets%20Description/HTML_Bro_log_2/weird.html HTTP/1.1" 200 1935 "-" "serpstatbot/2.1 (advanced backlink tracking bot; https://serpstatbot.com/; abuse@serpstatbot.com)" 
88.99.149.173 - - [19/Nov/2023:01:05:30 -0800] "GET /Datasets%20Description/HTML_Bro_log_2/ssl.html HTTP/1.1" 200 1860 "-" "serpstatbot/2.1 (advanced backlink tracking bot; https://serpstatbot.com/; abuse@serpstatbot.com)" 
88.99.149.173 - - [19/Nov/2023:01:06:02 -0800] "GET /Datasets%20Description/HTML_Bro_log_2/packet_filter.html HTTP/1.1" 200 1725 "-" "serpstatbot/2.1 (advanced backlink tracking bot; https://serpstatbot.com/; abuse@serpstatbot.com)" 
51.222.253.8 - - [19/Nov/2023:01:06:15 -0800] "GET /robots.txt HTTP/1.1" 200 333 "-" "Mozilla/5.0 (compatible; AhrefsBot/7.0; +http://ahrefs.com/robot/)" 
51.222.253.9 - - [19/Nov/2023:01:06:16 -0800] "GET / HTTP/1.1" 200 13142 "-" "Mozilla/5.0 (compatible; AhrefsBot/7.0; +http://ahrefs.com/robot/)" 
88.99.149.173 - - [19/Nov/2023:01:06:33 -0800] "GET /Datasets%20Description/HTML_Bro_log_2/notice.html HTTP/1.1" 200 2006 "-" "serpstatbot/2.1 (advanced backlink tracking bot; https://serpstatbot.com/; abuse@serpstatbot.com)" 
107.20.105.74 - - [19/Nov/2023:01:06:40 -0800] "HEAD / HTTP/1.1" 301 186 "-" "DreamHost SiteMonitor 1.0" 
107.20.105.74 - - [19/Nov/2023:01:06:40 -0800] "HEAD / HTTP/1.1" 200 359 "http://66.33.221.139" "DreamHost SiteMonitor 1.0" 
88.99.149.173 - - [19/Nov/2023:01:07:05 -0800] "GET /Datasets%20Description/HTML_Bro_log_2/loaded_scripts.html HTTP/1.1" 200 1543 "-" "serpstatbot/2.1 (advanced backlink tracking bot; https://serpstatbot.com/; abuse@serpstatbot.com)" 
88.99.149.173 - - [19/Nov/2023:01:07:33 -0800] "GET /Datasets%20Description/HTML_Bro_log_2/irc.html HTTP/1.1" 200 1771 "-" "serpstatbot/2.1 (advanced backlink tracking bot; https://serpstatbot.com/; abuse@serpstatbot.com)" 
154.26.137.39 - - [19/Nov/2023:01:06:53 -0800] "GET /honeypot/Honeypot%20-%20Howto%20-%20BSides%20Austin.pdf HTTP/1.1" 200 643860 "http://www.secrepo.com/" "Mozilla/5.0 (Windows NT 10.0) AppleWebKit/537.36 (KHTML, like Gecko) Chrome/114.0.0.0 Safari/537.36" 
88.99.149.173 - - [19/Nov/2023:01:08:02 -0800] "GET /Datasets%20Description/HTML_Bro_log_2/http.html HTTP/1.1" 200 2032 "-" "serpstatbot/2.1 (advanced backlink tracking bot; https://serpstatbot.com/; abuse@serpstatbot.com)" 
88.99.149.173 - - [19/Nov/2023:01:08:31 -0800] "GET /Datasets%20Description/HTML_Bro_log_2/ftp.html HTTP/1.1" 200 1738 "-" "serpstatbot/2.1 (advanced backlink tracking bot; https://serpstatbot.com/; abuse@serpstatbot.com)" 
88.99.149.173 - - [19/Nov/2023:01:09:00 -0800] "GET /Datasets%20Description/HTML_Bro_log_2/files.html HTTP/1.1" 200 1910 "-" "serpstatbot/2.1 (advanced backlink tracking bot; https://serpstatbot.com/; abuse@serpstatbot.com)" 
40.77.167.43 - - [19/Nov/2023:01:09:02 -0800] "GET /self.logs/access.log.2020-04-03.gz HTTP/1.1" 200 21030 "-" "Mozilla/5.0 AppleWebKit/537.36 (KHTML, like Gecko; compatible; bingbot/2.0; +http://www.bing.com/bingbot.htm) Chrome/116.0.1938.76 Safari/537.36" 
88.99.149.173 - - [19/Nov/2023:01:09:28 -0800] "GET /Datasets%20Description/HTML_Bro_log_2/dpd.html HTTP/1.1" 200 1655 "-" "serpstatbot/2.1 (advanced backlink tracking bot; https://serpstatbot.com/; abuse@serpstatbot.com)" 
154.26.137.39 - - [19/Nov/2023:01:08:00 -0800] "GET /honeypot/Honeypot%20-%20Howto%20-%20BSides%20Austin.pdf HTTP/1.1" 200 1093540 "http://www.secrepo.com/" "Mozilla/5.0 (Windows NT 10.0) AppleWebKit/537.36 (KHTML, like Gecko) Chrome/114.0.0.0 Safari/537.36" 
88.99.149.173 - - [19/Nov/2023:01:09:56 -0800] "GET /Datasets%20Description/HTML_Bro_log_2/dns.html HTTP/1.1" 200 1831 "-" "serpstatbot/2.1 (advanced backlink tracking bot; https://serpstatbot.com/; abuse@serpstatbot.com)" 
88.99.149.173 - - [19/Nov/2023:01:10:24 -0800] "GET /Datasets%20Description/HTML_Bro_log_2/dhcp.html HTTP/1.1" 200 1737 "-" "serpstatbot/2.1 (advanced backlink tracking bot; https://serpstatbot.com/; abuse@serpstatbot.com)" 
88.99.149.173 - - [19/Nov/2023:01:10:52 -0800] "GET /Datasets%20Description/HTML_Bro_log_2/conn.html HTTP/1.1" 200 2006 "-" "serpstatbot/2.1 (advanced backlink tracking bot; https://serpstatbot.com/; abuse@serpstatbot.com)" 
88.99.149.173 - - [19/Nov/2023:01:11:19 -0800] "GET /Datasets%20Description/HTML_Bro_log_2/app_stats.html HTTP/1.1" 200 1590 "-" "serpstatbot/2.1 (advanced backlink tracking bot; https://serpstatbot.com/; abuse@serpstatbot.com)" 
88.99.149.173 - - [19/Nov/2023:01:11:46 -0800] "GET /Datasets%20Description/HTML_Bro_log_1/weird.html HTTP/1.1" 200 1937 "-" "serpstatbot/2.1 (advanced backlink tracking bot; https://serpstatbot.com/; abuse@serpstatbot.com)" 
88.99.149.173 - - [19/Nov/2023:01:12:14 -0800] "GET /Datasets%20Description/HTML_Bro_log_1/ssl.html HTTP/1.1" 200 1860 "-" "serpstatbot/2.1 (advanced backlink tracking bot; https://serpstatbot.com/; abuse@serpstatbot.com)" 
88.99.149.173 - - [19/Nov/2023:01:12:42 -0800] "GET /Datasets%20Description/HTML_Bro_log_1/packet_filter.html HTTP/1.1" 200 1725 "-" "serpstatbot/2.1 (advanced backlink tracking bot; https://serpstatbot.com/; abuse@serpstatbot.com)" 
88.99.149.173 - - [19/Nov/2023:01:13:08 -0800] "GET /Datasets%20Description/HTML_Bro_log_1/notice.html HTTP/1.1" 200 2001 "-" "serpstatbot/2.1 (advanced backlink tracking bot; https://serpstatbot.com/; abuse@serpstatbot.com)" 
88.99.149.173 - - [19/Nov/2023:01:13:35 -0800] "GET /Datasets%20Description/HTML_Bro_log_1/loaded_scripts.html HTTP/1.1" 200 1543 "-" "serpstatbot/2.1 (advanced backlink tracking bot; https://serpstatbot.com/; abuse@serpstatbot.com)" 
88.99.149.173 - - [19/Nov/2023:01:14:02 -0800] "GET /Datasets%20Description/HTML_Bro_log_1/irc.html HTTP/1.1" 200 1781 "-" "serpstatbot/2.1 (advanced backlink tracking bot; https://serpstatbot.com/; abuse@serpstatbot.com)" 
88.99.149.173 - - [19/Nov/2023:01:14:27 -0800] "GET /Datasets%20Description/HTML_Bro_log_1/http.html HTTP/1.1" 200 2034 "-" "serpstatbot/2.1 (advanced backlink tracking bot; https://serpstatbot.com/; abuse@serpstatbot.com)" 
88.99.149.173 - - [19/Nov/2023:01:14:53 -0800] "GET /Datasets%20Description/HTML_Bro_log_1/ftp.html HTTP/1.1" 200 1765 "-" "serpstatbot/2.1 (advanced backlink tracking bot; https://serpstatbot.com/; abuse@serpstatbot.com)" 
88.99.149.173 - - [19/Nov/2023:01:15:19 -0800] "GET /Datasets%20Description/HTML_Bro_log_1/files.html HTTP/1.1" 200 1918 "-" "serpstatbot/2.1 (advanced backlink tracking bot; https://serpstatbot.com/; abuse@serpstatbot.com)" 
88.99.149.173 - - [19/Nov/2023:01:15:47 -0800] "GET /Datasets%20Description/HTML_Bro_log_1/dpd.html HTTP/1.1" 200 1664 "-" "serpstatbot/2.1 (advanced backlink tracking bot; https://serpstatbot.com/; abuse@serpstatbot.com)" 
114.119.136.185 - - [19/Nov/2023:01:15:53 -0800] "GET /self.logs/error.log.2020-05-26 HTTP/1.1" 200 351 "-" "Mozilla/5.0 (Linux; Android 7.0;) AppleWebKit/537.36 (KHTML, like Gecko) Mobile Safari/537.36 (compatible; PetalBot;+https://webmaster.petalsearch.com/site/petalbot)" 
88.99.149.173 - - [19/Nov/2023:01:16:16 -0800] "GET /Datasets%20Description/HTML_Bro_log_1/dns.html HTTP/1.1" 200 1837 "-" "serpstatbot/2.1 (advanced backlink tracking bot; https://serpstatbot.com/; abuse@serpstatbot.com)" 
107.20.105.74 - - [19/Nov/2023:01:16:40 -0800] "HEAD / HTTP/1.1" 301 186 "-" "DreamHost SiteMonitor 1.0" 
107.20.105.74 - - [19/Nov/2023:01:16:40 -0800] "HEAD / HTTP/1.1" 200 359 "http://66.33.221.139" "DreamHost SiteMonitor 1.0" 
88.99.149.173 - - [19/Nov/2023:01:16:42 -0800] "GET /Datasets%20Description/HTML_Bro_log_1/dhcp.html HTTP/1.1" 200 1733 "-" "serpstatbot/2.1 (advanced backlink tracking bot; https://serpstatbot.com/; abuse@serpstatbot.com)" 
88.99.149.173 - - [19/Nov/2023:01:17:07 -0800] "GET /Datasets%20Description/HTML_Bro_log_1/conn.html HTTP/1.1" 200 2011 "-" "serpstatbot/2.1 (advanced backlink tracking bot; https://serpstatbot.com/; abuse@serpstatbot.com)" 
88.99.149.173 - - [19/Nov/2023:01:17:33 -0800] "GET /Datasets%20Description/HTML_Bro_log_1/app_stats.html HTTP/1.1" 200 1591 "-" "serpstatbot/2.1 (advanced backlink tracking bot; https://serpstatbot.com/; abuse@serpstatbot.com)" 
88.99.149.173 - - [19/Nov/2023:01:17:59 -0800] "GET / HTTP/1.1" 200 13187 "-" "serpstatbot/2.1 (advanced backlink tracking bot; https://serpstatbot.com/; abuse@serpstatbot.com)" 
88.99.149.173 - - [19/Nov/2023:01:18:25 -0800] "GET / HTTP/1.1" 200 13187 "-" "serpstatbot/2.1 (advanced backlink tracking bot; https://serpstatbot.com/; abuse@serpstatbot.com)" 
88.99.149.173 - - [19/Nov/2023:01:24:21 -0800] "GET /Datasets%20Description/Network/N/A HTTP/1.1" 404 328 "-" "serpstatbot/2.1 (advanced backlink tracking bot; https://serpstatbot.com/; abuse@serpstatbot.com)" 
88.99.149.173 - - [19/Nov/2023:01:25:02 -0800] "GET /tg/tg_snort_full.7z HTTP/1.1" 200 8847905 "-" "serpstatbot/2.1 (advanced backlink tracking bot; https://serpstatbot.com/; abuse@serpstatbot.com)" 
88.99.149.173 - - [19/Nov/2023:01:25:40 -0800] "GET /tg/tg_snort_fast.7z HTTP/1.1" 200 4274204 "-" "serpstatbot/2.1 (advanced backlink tracking bot; https://serpstatbot.com/; abuse@serpstatbot.com)" 
88.99.149.173 - - [19/Nov/2023:01:26:05 -0800] "GET /robots.txt HTTP/1.1" 301 495 "-" "serpstatbot/2.1 (advanced backlink tracking bot; https://serpstatbot.com/; abuse@serpstatbot.com)" 
88.99.149.173 - - [19/Nov/2023:01:26:05 -0800] "GET / HTTP/1.1" 301 474 "-" "serpstatbot/2.1 (advanced backlink tracking bot; https://serpstatbot.com/; abuse@serpstatbot.com)" 
107.20.105.74 - - [19/Nov/2023:01:26:40 -0800] "HEAD / HTTP/1.1" 301 186 "-" "DreamHost SiteMonitor 1.0" 
107.20.105.74 - - [19/Nov/2023:01:26:40 -0800] "HEAD / HTTP/1.1" 200 359 "http://66.33.221.139" "DreamHost SiteMonitor 1.0" 
88.99.149.173 - - [19/Nov/2023:01:26:15 -0800] "GET /self.logs/ HTTP/1.1" 200 46501 "-" "serpstatbot/2.1 (advanced backlink tracking bot; https://serpstatbot.com/; abuse@serpstatbot.com)" 
88.99.149.173 - - [19/Nov/2023:01:26:52 -0800] "GET /maccdc2012/maccdc2012_full_alert.7z HTTP/1.1" 200 24979053 "-" "serpstatbot/2.1 (advanced backlink tracking bot; https://serpstatbot.com/; abuse@serpstatbot.com)" 
88.99.149.173 - - [19/Nov/2023:01:27:25 -0800] "GET /maccdc2012/maccdc2012_fast_alert.7z HTTP/1.1" 200 9478260 "-" "serpstatbot/2.1 (advanced backlink tracking bot; https://serpstatbot.com/; abuse@serpstatbot.com)" 
172.233.229.141 - - [19/Nov/2023:01:27:26 -0800] "GET / HTTP/1.1" 301 475 "-" "Mozilla/5.0 (Windows NT 10.0; Win64; x64) AppleWebKit/537.36 (KHTML, like Gecko) Chrome/89.0.4389.114 Safari/537.36" 
172.233.229.141 - - [19/Nov/2023:01:27:26 -0800] "GET / HTTP/1.1" 200 49133 "-" "Mozilla/5.0 (Windows NT 10.0; Win64; x64) AppleWebKit/537.36 (KHTML, like Gecko) Chrome/89.0.4389.114 Safari/537.36" 
172.233.229.141 - - [19/Nov/2023:01:27:26 -0800] "GET //wp-includes/wlwmanifest.xml HTTP/1.1" 404 305 "-" "Mozilla/5.0 (Windows NT 10.0; Win64; x64) AppleWebKit/537.36 (KHTML, like Gecko) Chrome/89.0.4389.114 Safari/537.36" 
172.233.229.141 - - [19/Nov/2023:01:27:26 -0800] "GET //xmlrpc.php?rsd HTTP/1.1" 404 305 "-" "Mozilla/5.0 (Windows NT 10.0; Win64; x64) AppleWebKit/537.36 (KHTML, like Gecko) Chrome/89.0.4389.114 Safari/537.36" 
172.233.229.141 - - [19/Nov/2023:01:27:26 -0800] "GET / HTTP/1.1" 200 49110 "-" "Mozilla/5.0 (Windows NT 10.0; Win64; x64) AppleWebKit/537.36 (KHTML, like Gecko) Chrome/89.0.4389.114 Safari/537.36" 
172.233.229.141 - - [19/Nov/2023:01:27:26 -0800] "GET //blog/wp-includes/wlwmanifest.xml HTTP/1.1" 404 305 "-" "Mozilla/5.0 (Windows NT 10.0; Win64; x64) AppleWebKit/537.36 (KHTML, like Gecko) Chrome/89.0.4389.114 Safari/537.36" 
172.233.229.141 - - [19/Nov/2023:01:27:26 -0800] "GET //web/wp-includes/wlwmanifest.xml HTTP/1.1" 404 305 "-" "Mozilla/5.0 (Windows NT 10.0; Win64; x64) AppleWebKit/537.36 (KHTML, like Gecko) Chrome/89.0.4389.114 Safari/537.36" 
172.233.229.141 - - [19/Nov/2023:01:27:26 -0800] "GET //wordpress/wp-includes/wlwmanifest.xml HTTP/1.1" 404 305 "-" "Mozilla/5.0 (Windows NT 10.0; Win64; x64) AppleWebKit/537.36 (KHTML, like Gecko) Chrome/89.0.4389.114 Safari/537.36" 
172.233.229.141 - - [19/Nov/2023:01:27:26 -0800] "GET //website/wp-includes/wlwmanifest.xml HTTP/1.1" 404 305 "-" "Mozilla/5.0 (Windows NT 10.0; Win64; x64) AppleWebKit/537.36 (KHTML, like Gecko) Chrome/89.0.4389.114 Safari/537.36" 
172.233.229.141 - - [19/Nov/2023:01:27:26 -0800] "GET //wp/wp-includes/wlwmanifest.xml HTTP/1.1" 404 305 "-" "Mozilla/5.0 (Windows NT 10.0; Win64; x64) AppleWebKit/537.36 (KHTML, like Gecko) Chrome/89.0.4389.114 Safari/537.36" 
172.233.229.141 - - [19/Nov/2023:01:27:26 -0800] "GET //news/wp-includes/wlwmanifest.xml HTTP/1.1" 404 305 "-" "Mozilla/5.0 (Windows NT 10.0; Win64; x64) AppleWebKit/537.36 (KHTML, like Gecko) Chrome/89.0.4389.114 Safari/537.36" 
172.233.229.141 - - [19/Nov/2023:01:27:26 -0800] "GET //2020/wp-includes/wlwmanifest.xml HTTP/1.1" 404 305 "-" "Mozilla/5.0 (Windows NT 10.0; Win64; x64) AppleWebKit/537.36 (KHTML, like Gecko) Chrome/89.0.4389.114 Safari/537.36" 
172.233.229.141 - - [19/Nov/2023:01:27:26 -0800] "GET //2019/wp-includes/wlwmanifest.xml HTTP/1.1" 404 305 "-" "Mozilla/5.0 (Windows NT 10.0; Win64; x64) AppleWebKit/537.36 (KHTML, like Gecko) Chrome/89.0.4389.114 Safari/537.36" 
172.233.229.141 - - [19/Nov/2023:01:27:26 -0800] "GET //shop/wp-includes/wlwmanifest.xml HTTP/1.1" 404 305 "-" "Mozilla/5.0 (Windows NT 10.0; Win64; x64) AppleWebKit/537.36 (KHTML, like Gecko) Chrome/89.0.4389.114 Safari/537.36" 
172.233.229.141 - - [19/Nov/2023:01:27:26 -0800] "GET //wp1/wp-includes/wlwmanifest.xml HTTP/1.1" 404 305 "-" "Mozilla/5.0 (Windows NT 10.0; Win64; x64) AppleWebKit/537.36 (KHTML, like Gecko) Chrome/89.0.4389.114 Safari/537.36" 
172.233.229.141 - - [19/Nov/2023:01:27:26 -0800] "GET //test/wp-includes/wlwmanifest.xml HTTP/1.1" 404 305 "-" "Mozilla/5.0 (Windows NT 10.0; Win64; x64) AppleWebKit/537.36 (KHTML, like Gecko) Chrome/89.0.4389.114 Safari/537.36" 
172.233.229.141 - - [19/Nov/2023:01:27:26 -0800] "GET //wp2/wp-includes/wlwmanifest.xml HTTP/1.1" 404 305 "-" "Mozilla/5.0 (Windows NT 10.0; Win64; x64) AppleWebKit/537.36 (KHTML, like Gecko) Chrome/89.0.4389.114 Safari/537.36" 
172.233.229.141 - - [19/Nov/2023:01:27:26 -0800] "GET //site/wp-includes/wlwmanifest.xml HTTP/1.1" 404 305 "-" "Mozilla/5.0 (Windows NT 10.0; Win64; x64) AppleWebKit/537.36 (KHTML, like Gecko) Chrome/89.0.4389.114 Safari/537.36" 
172.233.229.141 - - [19/Nov/2023:01:27:26 -0800] "GET //cms/wp-includes/wlwmanifest.xml HTTP/1.1" 404 305 "-" "Mozilla/5.0 (Windows NT 10.0; Win64; x64) AppleWebKit/537.36 (KHTML, like Gecko) Chrome/89.0.4389.114 Safari/537.36" 
