123.125.71.14 - - [31/Jul/2019:09:54:14 -0700] "GET /tg/b.zip HTTP/1.1" 200 35708680 "-" "Mozilla/5.0 (compatible; Baiduspider/2.0; +http://www.baidu.com/search/spider.html)" 
13.66.139.1 - - [31/Jul/2019:09:57:20 -0700] "GET /robots.txt HTTP/1.1" 301 495 "-" "Mozilla/5.0 (compatible; bingbot/2.0; +http://www.bing.com/bingbot.htm)" 
13.66.139.1 - - [31/Jul/2019:09:57:20 -0700] "GET /robots.txt HTTP/1.1" 200 288 "-" "Mozilla/5.0 (compatible; bingbot/2.0; +http://www.bing.com/bingbot.htm)" 
13.66.139.0 - - [31/Jul/2019:09:58:34 -0700] "GET /self.logs/access.log.2018-01-11.gz HTTP/1.1" 301 543 "-" "Mozilla/5.0 (compatible; bingbot/2.0; +http://www.bing.com/bingbot.htm)" 
209.58.147.241 - - [31/Jul/2019:09:59:26 -0700] "GET / HTTP/1.1" 200 12431 "-" "Vienna/7074 (Macintosh; Intel macOS 10_13_6)" 
72.28.80.116 - - [31/Jul/2019:10:02:51 -0700] "GET / HTTP/1.1" 301 475 "-" "Mozilla/5.0 (Windows NT 10.0; Win64; x64) AppleWebKit/537.36 (KHTML, like Gecko) Chrome/58.0.3029.110 Safari/537.36 Edge/16.16299" 
72.28.80.116 - - [31/Jul/2019:10:02:51 -0700] "GET / HTTP/1.1" 200 12431 "-" "Mozilla/5.0 (Windows NT 10.0; Win64; x64) AppleWebKit/537.36 (KHTML, like Gecko) Chrome/58.0.3029.110 Safari/537.36 Edge/16.16299" 
72.28.80.116 - - [31/Jul/2019:10:02:52 -0700] "GET /css/style.css HTTP/1.1" 404 294 "http://www.secrepo.com/" "Mozilla/5.0 (Windows NT 10.0; Win64; x64) AppleWebKit/537.36 (KHTML, like Gecko) Chrome/58.0.3029.110 Safari/537.36 Edge/16.16299" 
72.28.80.116 - - [31/Jul/2019:10:02:52 -0700] "GET /twitter-icon.png HTTP/1.1" 304 175 "http://www.secrepo.com/" "Mozilla/5.0 (Windows NT 10.0; Win64; x64) AppleWebKit/537.36 (KHTML, like Gecko) Chrome/58.0.3029.110 Safari/537.36 Edge/16.16299" 
72.28.80.116 - - [31/Jul/2019:10:02:52 -0700] "GET /GitHub-Mark.png HTTP/1.1" 200 7427 "http://www.secrepo.com/" "Mozilla/5.0 (Windows NT 10.0; Win64; x64) AppleWebKit/537.36 (KHTML, like Gecko) Chrome/58.0.3029.110 Safari/537.36 Edge/16.16299" 
72.28.80.116 - - [31/Jul/2019:10:02:54 -0700] "GET /bootstrap/img/favicon.ico HTTP/1.1" 304 174 "-" "Mozilla/5.0 (Windows NT 10.0; Win64; x64) AppleWebKit/537.36 (KHTML, like Gecko) Chrome/58.0.3029.110 Safari/537.36 Edge/16.16299" 
134.190.190.177 - - [31/Jul/2019:10:04:09 -0700] "GET / HTTP/1.1" 200 12431 "-" "Mozilla/5.0 (Macintosh; Intel Mac OS X 10_14_5) AppleWebKit/605.1.15 (KHTML, like Gecko)" 
134.190.190.177 - - [31/Jul/2019:10:04:09 -0700] "GET /apple-touch-icon-precomposed.png HTTP/1.1" 404 294 "-" "Safari/14607.2.6.1.1 CFNetwork/978.0.7 Darwin/18.6.0 (x86_64)" 
134.190.190.177 - - [31/Jul/2019:10:04:09 -0700] "GET /apple-touch-icon.png HTTP/1.1" 404 271 "-" "Safari/14607.2.6.1.1 CFNetwork/978.0.7 Darwin/18.6.0 (x86_64)" 
134.190.190.177 - - [31/Jul/2019:10:04:09 -0700] "GET /bootstrap/img/favicon.ico HTTP/1.1" 200 601 "-" "Safari/14607.2.6.1.1 CFNetwork/978.0.7 Darwin/18.6.0 (x86_64)" 
134.190.190.177 - - [31/Jul/2019:10:04:09 -0700] "GET / HTTP/1.1" 200 12408 "-" "Mozilla/5.0 (iPhone; CPU iPhone OS 12_1_3 like Mac OS X) AppleWebKit/605.1.15 (KHTML, like Gecko) Version/12.0 Mobile/15E148 Safari/604.1" 
134.190.190.177 - - [31/Jul/2019:10:04:09 -0700] "GET /apple-touch-icon-precomposed.png HTTP/1.1" 404 271 "-" "Safari/14607.2.6.1.1 CFNetwork/978.0.7 Darwin/18.6.0 (x86_64)" 
134.190.190.177 - - [31/Jul/2019:10:04:09 -0700] "GET /apple-touch-icon.png HTTP/1.1" 404 271 "-" "Safari/14607.2.6.1.1 CFNetwork/978.0.7 Darwin/18.6.0 (x86_64)" 
134.190.190.177 - - [31/Jul/2019:10:04:09 -0700] "GET /bootstrap/img/favicon.ico HTTP/1.1" 200 601 "-" "Safari/14607.2.6.1.1 CFNetwork/978.0.7 Darwin/18.6.0 (x86_64)" 
66.249.64.47 - - [31/Jul/2019:10:07:07 -0700] "GET /ads.txt HTTP/1.1" 404 294 "-" "Mozilla/5.0 (compatible; Googlebot/2.1; +http://www.google.com/bot.html)" 
54.225.104.196 - - [31/Jul/2019:10:11:11 -0700] "GET / HTTP/1.1" 200 12387 "-" "Mozilla/5.0 (compatible; Embedly/0.2; +http://support.embed.ly/)" 
54.221.199.147 - - [31/Jul/2019:10:11:12 -0700] "GET /bootstrap/img/favicon.ico HTTP/1.1" 200 580 "-" "Mozilla/5.0 (compatible; Embedly/0.2; snap; +http://support.embed.ly/)" 
52.1.109.34 - - [31/Jul/2019:10:11:12 -0700] "GET /bootstrap/img/favicon.ico HTTP/1.1" 200 587 "-" "Embedly +support@embed.ly" 
113.171.224.176 - - [31/Jul/2019:10:11:26 -0700] "GET /honeypot/Honeypot%20-%20Howto.pdf HTTP/1.1" 200 61320 "-" "Mozilla/5.0 Gecko/20100115 Firefox/3.6" 
3.80.107.255 - - [31/Jul/2019:10:17:19 -0700] "GET / HTTP/1.1" 301 475 "-" "Mozilla/5.0 (compatible; SurdotlyBot/1.0; +http://sur.ly/bot.html)" 
3.80.107.255 - - [31/Jul/2019:10:17:19 -0700] "GET / HTTP/1.1" 200 12432 "-" "Mozilla/5.0 (compatible; SurdotlyBot/1.0; +http://sur.ly/bot.html)" 
3.80.107.255 - - [31/Jul/2019:10:17:19 -0700] "GET / HTTP/1.1" 200 12432 "-" "Mozilla/5.0 (compatible; SurdotlyBot/1.0; +http://sur.ly/bot.html)" 
3.80.107.255 - - [31/Jul/2019:10:17:19 -0700] "GET /robots.txt HTTP/1.1" 200 288 "-" "Mozilla/5.0 (compatible; SurdotlyBot/1.0; +http://sur.ly/bot.html)" 
13.66.139.1 - - [31/Jul/2019:10:27:12 -0700] "GET /robots.txt HTTP/1.1" 200 288 "-" "Mozilla/5.0 (compatible; bingbot/2.0; +http://www.bing.com/bingbot.htm)" 
178.137.165.186 - - [31/Jul/2019:10:34:03 -0700] "GET / HTTP/1.1" 200 46561 "https://www.pechikamini.ru/" "Mozilla/4.0 (compatible; MSIE 4.01; Digital AlphaServer 1000A 4/233; Windows NT; Powered By 64-Bit Alpha Processor)" 
178.137.165.186 - - [31/Jul/2019:10:34:03 -0700] "GET / HTTP/1.1" 200 46561 "https://www.pechikamini.ru/" "Mozilla/4.0 (compatible; MSIE 4.01; Digital AlphaServer 1000A 4/233; Windows NT; Powered By 64-Bit Alpha Processor)" 
178.137.165.186 - - [31/Jul/2019:10:34:05 -0700] "GET / HTTP/1.1" 200 46561 "https://www.pechikamini.ru/" "Mozilla/4.0 (compatible; MSIE 4.01; Digital AlphaServer 1000A 4/233; Windows NT; Powered By 64-Bit Alpha Processor)" 
100.43.90.103 - - [31/Jul/2019:10:36:25 -0700] "GET /self.logs/2015/?C=D;O=D HTTP/1.1" 200 7688 "-" "Mozilla/5.0 (compatible; YandexBot/3.0; +http://yandex.com/bots)" 
13.66.139.0 - - [31/Jul/2019:10:36:35 -0700] "GET /self.logs/access.log.2017-11-17.gz HTTP/1.1" 304 175 "-" "Mozilla/5.0 (compatible; bingbot/2.0; +http://www.bing.com/bingbot.htm)" 
77.75.76.165 - - [31/Jul/2019:10:44:52 -0700] "GET /robots.txt HTTP/1.1" 200 288 "-" "Mozilla/5.0 (compatible; SeznamBot/3.2; +http://napoveda.seznam.cz/en/seznambot-intro/)" 
77.75.76.165 - - [31/Jul/2019:10:44:52 -0700] "GET /tg/b.zip HTTP/1.1" 200 42298163 "-" "Mozilla/5.0 (compatible; SeznamBot/3.2; +http://napoveda.seznam.cz/en/seznambot-intro/)" 
207.46.13.7 - - [31/Jul/2019:11:06:54 -0700] "GET /self.logs/access.log.2017-07-19.gz HTTP/1.1" 200 22511 "-" "Mozilla/5.0 (compatible; bingbot/2.0; +http://www.bing.com/bingbot.htm)" 
113.171.224.176 - - [31/Jul/2019:11:12:27 -0700] "GET /honeypot/Honeypot%20-%20Howto.pdf HTTP/1.1" 200 61320 "-" "Mozilla/5.0 Gecko/20100115 Firefox/3.6" 
40.77.167.15 - - [31/Jul/2019:11:17:27 -0700] "GET /self.logs/error.log.2019-03-14.gz HTTP/1.1" 200 5721 "-" "Mozilla/5.0 (compatible; bingbot/2.0; +http://www.bing.com/bingbot.htm)" 
14.98.234.244 - - [31/Jul/2019:11:23:05 -0700] "GET / HTTP/1.1" 200 12432 "-" "Mozilla/5.0 (Windows NT 10.0; Win64; x64; rv:68.0) Gecko/20100101 Firefox/68.0" 
14.98.234.244 - - [31/Jul/2019:11:23:06 -0700] "GET /css/style.css HTTP/1.1" 404 294 "http://www.secrepo.com/" "Mozilla/5.0 (Windows NT 10.0; Win64; x64; rv:68.0) Gecko/20100101 Firefox/68.0" 
14.98.234.244 - - [31/Jul/2019:11:23:06 -0700] "GET /GitHub-Mark.png HTTP/1.1" 200 7427 "http://www.secrepo.com/" "Mozilla/5.0 (Windows NT 10.0; Win64; x64; rv:68.0) Gecko/20100101 Firefox/68.0" 
14.98.234.244 - - [31/Jul/2019:11:23:06 -0700] "GET /twitter-icon.png HTTP/1.1" 200 27787 "http://www.secrepo.com/" "Mozilla/5.0 (Windows NT 10.0; Win64; x64; rv:68.0) Gecko/20100101 Firefox/68.0" 
14.98.234.244 - - [31/Jul/2019:11:23:09 -0700] "GET /bootstrap/img/favicon.ico HTTP/1.1" 200 624 "-" "Mozilla/5.0 (Windows NT 10.0; Win64; x64; rv:68.0) Gecko/20100101 Firefox/68.0" 
223.72.53.0 - - [31/Jul/2019:11:23:35 -0700] "HEAD / HTTP/1.1" 200 317 "http://www.secrepo.com/" "Mozilla/5.0 (Windows NT 10.0; WOW64) AppleWebKit/537.36 (KHTML, like Gecko) Chrome/69.0.3497.92 Safari/537.36" 
223.72.53.0 - - [31/Jul/2019:11:23:35 -0700] "HEAD //1.zip HTTP/1.1" 404 197 "http://www.secrepo.com//1.zip" "Mozilla/5.0 (compatible; MSIE 9.0; Windows NT 6.1; Trident/5.0)" 
223.72.53.0 - - [31/Jul/2019:11:23:35 -0700] "HEAD //1.rar HTTP/1.1" 404 197 "http://www.secrepo.com//1.rar" "Mozilla/5.0 (compatible; MSIE 9.0; Windows NT 6.1; Trident/5.0)" 
223.72.53.0 - - [31/Jul/2019:11:23:36 -0700] "HEAD //111.zip HTTP/1.1" 404 197 "http://www.secrepo.com//111.zip" "Mozilla/5.0 (compatible; MSIE 9.0; Windows NT 6.1; Trident/5.0)" 
223.72.53.0 - - [31/Jul/2019:11:23:36 -0700] "HEAD //111.rar HTTP/1.1" 404 197 "http://www.secrepo.com//111.rar" "Mozilla/5.0 (compatible; MSIE 9.0; Windows NT 6.1; Trident/5.0)" 
223.72.53.0 - - [31/Jul/2019:11:23:36 -0700] "HEAD //123.zip HTTP/1.1" 404 197 "http://www.secrepo.com//123.zip" "Mozilla/5.0 (compatible; MSIE 9.0; Windows NT 6.1; Trident/5.0)" 
223.72.53.0 - - [31/Jul/2019:11:23:37 -0700] "HEAD //123.rar HTTP/1.1" 404 197 "http://www.secrepo.com//123.rar" "Mozilla/5.0 (compatible; MSIE 9.0; Windows NT 6.1; Trident/5.0)" 
223.72.53.0 - - [31/Jul/2019:11:23:37 -0700] "HEAD //backup.zip HTTP/1.1" 404 197 "http://www.secrepo.com//backup.zip" "Mozilla/5.0 (compatible; MSIE 9.0; Windows NT 6.1; Trident/5.0)" 
223.72.53.0 - - [31/Jul/2019:11:23:37 -0700] "HEAD //backup.rar HTTP/1.1" 404 197 "http://www.secrepo.com//backup.rar" "Mozilla/5.0 (compatible; MSIE 9.0; Windows NT 6.1; Trident/5.0)" 
223.72.53.0 - - [31/Jul/2019:11:23:37 -0700] "HEAD //beifen.zip HTTP/1.1" 404 197 "http://www.secrepo.com//beifen.zip" "Mozilla/5.0 (compatible; MSIE 9.0; Windows NT 6.1; Trident/5.0)" 
223.72.53.0 - - [31/Jul/2019:11:23:38 -0700] "HEAD //beifen.rar HTTP/1.1" 404 197 "http://www.secrepo.com//beifen.rar" "Mozilla/5.0 (compatible; MSIE 9.0; Windows NT 6.1; Trident/5.0)" 
223.72.53.0 - - [31/Jul/2019:11:23:38 -0700] "HEAD //wangzhan.zip HTTP/1.1" 404 197 "http://www.secrepo.com//wangzhan.zip" "Mozilla/5.0 (compatible; MSIE 9.0; Windows NT 6.1; Trident/5.0)" 
223.72.53.0 - - [31/Jul/2019:11:23:38 -0700] "HEAD //wangzhan.rar HTTP/1.1" 404 197 "http://www.secrepo.com//wangzhan.rar" "Mozilla/5.0 (compatible; MSIE 9.0; Windows NT 6.1; Trident/5.0)" 
223.72.53.0 - - [31/Jul/2019:11:23:39 -0700] "HEAD //website.zip HTTP/1.1" 404 197 "http://www.secrepo.com//website.zip" "Mozilla/5.0 (compatible; MSIE 9.0; Windows NT 6.1; Trident/5.0)" 
223.72.53.0 - - [31/Jul/2019:11:23:39 -0700] "HEAD //website.rar HTTP/1.1" 404 197 "http://www.secrepo.com//website.rar" "Mozilla/5.0 (compatible; MSIE 9.0; Windows NT 6.1; Trident/5.0)" 
223.72.53.0 - - [31/Jul/2019:11:23:39 -0700] "HEAD //com/.zip HTTP/1.1" 404 197 "http://www.secrepo.com//com/.zip" "Mozilla/5.0 (compatible; MSIE 9.0; Windows NT 6.1; Trident/5.0)" 
223.72.53.0 - - [31/Jul/2019:11:23:39 -0700] "HEAD //com/..zip HTTP/1.1" 404 197 "http://www.secrepo.com//com/..zip" "Mozilla/5.0 (compatible; MSIE 9.0; Windows NT 6.1; Trident/5.0)" 
223.72.53.0 - - [31/Jul/2019:11:23:40 -0700] "HEAD //www.secrepo.com/..zip HTTP/1.1" 404 197 "http://www.secrepo.com//www.secrepo.com/..zip" "Mozilla/5.0 (compatible; MSIE 9.0; Windows NT 6.1; Trident/5.0)" 
223.72.53.0 - - [31/Jul/2019:11:23:40 -0700] "HEAD //com/.rar HTTP/1.1" 404 197 "http://www.secrepo.com//com/.rar" "Mozilla/5.0 (compatible; MSIE 9.0; Windows NT 6.1; Trident/5.0)" 
223.72.53.0 - - [31/Jul/2019:11:23:40 -0700] "HEAD //com/..rar HTTP/1.1" 404 197 "http://www.secrepo.com//com/..rar" "Mozilla/5.0 (compatible; MSIE 9.0; Windows NT 6.1; Trident/5.0)" 
223.72.53.0 - - [31/Jul/2019:11:23:41 -0700] "HEAD //www.secrepo.com/..rar HTTP/1.1" 404 197 "http://www.secrepo.com//www.secrepo.com/..rar" "Mozilla/5.0 (compatible; MSIE 9.0; Windows NT 6.1; Trident/5.0)" 
110.85.184.159 - - [31/Jul/2019:11:29:17 -0700] "GET / HTTP/1.1" 200 12395 "https://www.baidu.com/s?wd=%CA%FD%BE%DD%BC%AF&pn=10" "Mozilla/5.0 (Windows NT 6.2) AppleWebKit/536.3 (KHTML, like Gecko) Chrome/19.0.1061.1 Safari/536.3" 
61.129.6.151 - - [31/Jul/2019:11:38:04 -0700] "GET / HTTP/1.1" 200 46605 "-" "Mozilla/5.0 (Windows NT 6.1; WOW64; rv:50.0) Gecko/20100101 Firefox/50.0" 
207.46.13.7 - - [31/Jul/2019:11:39:35 -0700] "GET /self.logs/error.log.2018-07-27.gz HTTP/1.1" 200 7851 "-" "Mozilla/5.0 (compatible; bingbot/2.0; +http://www.bing.com/bingbot.htm)" 
207.188.232.226 - - [31/Jul/2019:12:05:01 -0700] "GET / HTTP/1.1" 200 12432 "-" "Mozilla/5.0 (Windows NT 10.0; Win64; x64) AppleWebKit/537.36 (KHTML, like Gecko) Chrome/75.0.3770.142 Safari/537.36" 
207.188.232.226 - - [31/Jul/2019:12:05:01 -0700] "GET /css/style.css HTTP/1.1" 404 271 "http://www.secrepo.com/" "Mozilla/5.0 (Windows NT 10.0; Win64; x64) AppleWebKit/537.36 (KHTML, like Gecko) Chrome/75.0.3770.142 Safari/537.36" 
207.188.232.226 - - [31/Jul/2019:12:05:01 -0700] "GET /twitter-icon.png HTTP/1.1" 200 27810 "http://www.secrepo.com/" "Mozilla/5.0 (Windows NT 10.0; Win64; x64) AppleWebKit/537.36 (KHTML, like Gecko) Chrome/75.0.3770.142 Safari/537.36" 
207.188.232.226 - - [31/Jul/2019:12:05:01 -0700] "GET /GitHub-Mark.png HTTP/1.1" 200 7427 "http://www.secrepo.com/" "Mozilla/5.0 (Windows NT 10.0; Win64; x64) AppleWebKit/537.36 (KHTML, like Gecko) Chrome/75.0.3770.142 Safari/537.36" 
207.188.232.226 - - [31/Jul/2019:12:05:02 -0700] "GET /bootstrap/img/favicon.ico HTTP/1.1" 200 601 "http://www.secrepo.com/" "Mozilla/5.0 (Windows NT 10.0; Win64; x64) AppleWebKit/537.36 (KHTML, like Gecko) Chrome/75.0.3770.142 Safari/537.36" 
40.77.167.114 - - [31/Jul/2019:12:09:42 -0700] "GET /self.logs/access.log.2019-01-09.gz HTTP/1.1" 200 28089 "-" "Mozilla/5.0 (compatible; bingbot/2.0; +http://www.bing.com/bingbot.htm)" 
113.171.224.176 - - [31/Jul/2019:12:13:30 -0700] "GET /honeypot/Honeypot%20-%20Howto.pdf HTTP/1.1" 200 61320 "-" "Mozilla/5.0 Gecko/20100115 Firefox/3.6" 
157.97.121.65 - - [31/Jul/2019:12:15:34 -0700] "GET / HTTP/1.1" 200 12432 "-" "Mozilla/5.0 (iPhone; CPU iPhone OS 12_4 like Mac OS X) AppleWebKit/605.1.15 (KHTML, like Gecko) Version/12.1.2 Mobile/15E148 Safari/604.1" 
157.97.121.65 - - [31/Jul/2019:12:15:34 -0700] "GET /css/style.css HTTP/1.1" 404 271 "http://www.secrepo.com/" "Mozilla/5.0 (iPhone; CPU iPhone OS 12_4 like Mac OS X) AppleWebKit/605.1.15 (KHTML, like Gecko) Version/12.1.2 Mobile/15E148 Safari/604.1" 
206.47.249.246 - - [31/Jul/2019:12:16:50 -0700] "GET /self.logs/error.log.2019-04-23.gz HTTP/1.1" 304 175 "-" "Mozilla/4.0 (compatible;)" 
157.41.165.35 - - [31/Jul/2019:12:27:38 -0700] "GET /self.logs/ HTTP/1.1" 200 17266 "http://www.secrepo.com/" "Mozilla/5.0 (Windows NT 10.0; Win64; x64) AppleWebKit/537.36 (KHTML, like Gecko) Chrome/75.0.3770.142 Safari/537.36" 
157.41.165.35 - - [31/Jul/2019:12:27:40 -0700] "GET /favicon.ico HTTP/1.1" 200 279 "http://www.secrepo.com/self.logs/" "Mozilla/5.0 (Windows NT 10.0; Win64; x64) AppleWebKit/537.36 (KHTML, like Gecko) Chrome/75.0.3770.142 Safari/537.36" 
37.124.125.74 - - [31/Jul/2019:12:27:47 -0700] "GET /wp-login.php HTTP/1.1" 404 0 "-" "Mozilla/5.0 (Windows NT 6.1; WOW64; rv:40.0) Gecko/20100101 Firefox/40.1" 
37.124.125.74 - - [31/Jul/2019:12:27:47 -0700] "GET / HTTP/1.1" 404 0 "-" "Mozilla/5.0 (Windows NT 6.1; WOW64; rv:40.0) Gecko/20100101 Firefox/40.1" 
157.41.165.35 - - [31/Jul/2019:12:28:12 -0700] "GET /self.logs/error.log.2019-07-28.gz HTTP/1.1" 200 1501 "http://www.secrepo.com/self.logs/" "Mozilla/5.0 (Windows NT 10.0; Win64; x64) AppleWebKit/537.36 (KHTML, like Gecko) Chrome/75.0.3770.142 Safari/537.36" 
157.41.165.35 - - [31/Jul/2019:12:28:36 -0700] "GET /self.logs/access.log.2019-07-28.gz HTTP/1.1" 200 23227 "http://www.secrepo.com/self.logs/" "Mozilla/5.0 (Windows NT 10.0; Win64; x64) AppleWebKit/537.36 (KHTML, like Gecko) Chrome/75.0.3770.142 Safari/537.36" 
209.155.18.230 - - [31/Jul/2019:12:32:30 -0700] "GET /bootstrap/img/favicon.ico HTTP/1.1" 200 624 "-" "Mozilla/5.0 (Windows NT 10.0; Win64; x64; rv:68.0) Gecko/20100101 Firefox/68.0" 
69.58.105.224 - - [31/Jul/2019:12:37:46 -0700] "GET / HTTP/1.1" 200 12431 "-" "Mozilla/5.0 (Windows NT 10.0; Win64; x64; rv:68.0) Gecko/20100101 Firefox/68.0" 
69.58.105.224 - - [31/Jul/2019:12:37:47 -0700] "GET /css/style.css HTTP/1.1" 404 294 "http://www.secrepo.com/" "Mozilla/5.0 (Windows NT 10.0; Win64; x64; rv:68.0) Gecko/20100101 Firefox/68.0" 
69.58.105.224 - - [31/Jul/2019:12:37:47 -0700] "GET /GitHub-Mark.png HTTP/1.1" 200 7427 "http://www.secrepo.com/" "Mozilla/5.0 (Windows NT 10.0; Win64; x64; rv:68.0) Gecko/20100101 Firefox/68.0" 
69.58.105.224 - - [31/Jul/2019:12:37:47 -0700] "GET /twitter-icon.png HTTP/1.1" 200 27787 "http://www.secrepo.com/" "Mozilla/5.0 (Windows NT 10.0; Win64; x64; rv:68.0) Gecko/20100101 Firefox/68.0" 
69.58.105.224 - - [31/Jul/2019:12:37:47 -0700] "GET /bootstrap/img/favicon.ico HTTP/1.1" 200 601 "-" "Mozilla/5.0 (Windows NT 10.0; Win64; x64; rv:68.0) Gecko/20100101 Firefox/68.0" 
207.46.13.199 - - [31/Jul/2019:12:53:08 -0700] "GET /self.logs/access.log.2019-04-22.gz HTTP/1.1" 200 19409 "-" "Mozilla/5.0 (compatible; bingbot/2.0; +http://www.bing.com/bingbot.htm)" 
14.215.176.132 - - [31/Jul/2019:13:01:05 -0700] "GET / HTTP/1.1" 200 12432 "http://www.baidu.com/s?wd=personal7z9" "Mozilla/5.0 (Windows NT 6.1; WOW64; rv:43.0) Gecko/20100101 Firefox/43.0" 
14.215.176.132 - - [31/Jul/2019:13:01:05 -0700] "GET /css/style.css HTTP/1.1" 404 271 "http://www.secrepo.com/" "Mozilla/5.0 (Windows NT 6.1; WOW64; rv:43.0) Gecko/20100101 Firefox/43.0" 
40.77.167.15 - - [31/Jul/2019:13:01:52 -0700] "GET /self.logs/error.log.2019-02-05.gz HTTP/1.1" 200 3779 "-" "Mozilla/5.0 (compatible; bingbot/2.0; +http://www.bing.com/bingbot.htm)" 
40.77.167.15 - - [31/Jul/2019:13:06:28 -0700] "GET /self.logs/access.log.2018-02-26.gz HTTP/1.1" 304 175 "-" "Mozilla/5.0 (compatible; bingbot/2.0; +http://www.bing.com/bingbot.htm)" 
40.77.167.114 - - [31/Jul/2019:13:06:43 -0700] "GET /self.logs/access.log.2017-11-29.gz HTTP/1.1" 200 20628 "-" "Mozilla/5.0 (compatible; bingbot/2.0; +http://www.bing.com/bingbot.htm)" 
113.171.224.176 - - [31/Jul/2019:13:19:01 -0700] "GET /honeypot/Honeypot%20-%20Howto.pdf HTTP/1.1" 200 61320 "-" "Mozilla/5.0 Gecko/20100115 Firefox/3.6" 
192.159.178.221 - - [31/Jul/2019:13:30:31 -0700] "GET / HTTP/1.1" 200 12432 "-" "Mozilla/5.0 (Macintosh; Intel Mac OS X 10_14_5) AppleWebKit/605.1.15 (KHTML, like Gecko) Version/12.1.1 Safari/605.1.15" 
192.159.178.221 - - [31/Jul/2019:13:30:31 -0700] "GET /css/style.css HTTP/1.1" 404 271 "http://www.secrepo.com/" "Mozilla/5.0 (Macintosh; Intel Mac OS X 10_14_5) AppleWebKit/605.1.15 (KHTML, like Gecko) Version/12.1.1 Safari/605.1.15" 
192.159.178.221 - - [31/Jul/2019:13:30:31 -0700] "GET /GitHub-Mark.png HTTP/1.1" 200 7450 "http://www.secrepo.com/" "Mozilla/5.0 (Macintosh; Intel Mac OS X 10_14_5) AppleWebKit/605.1.15 (KHTML, like Gecko) Version/12.1.1 Safari/605.1.15" 
192.159.178.221 - - [31/Jul/2019:13:30:31 -0700] "GET /twitter-icon.png HTTP/1.1" 200 27810 "http://www.secrepo.com/" "Mozilla/5.0 (Macintosh; Intel Mac OS X 10_14_5) AppleWebKit/605.1.15 (KHTML, like Gecko) Version/12.1.1 Safari/605.1.15" 
54.81.225.130 - - [31/Jul/2019:13:37:25 -0700] "GET / HTTP/1.1" 301 475 "-" "Mozilla/5.0 (Macintosh; Intel Mac OS X 10_11_6) AppleWebKit/537.36 (KHTML, like Gecko) Chrome/54.0.2840.98 Safari/537.36" 
54.81.225.130 - - [31/Jul/2019:13:37:25 -0700] "GET / HTTP/1.1" 200 12432 "-" "Mozilla/5.0 (Macintosh; Intel Mac OS X 10_11_6) AppleWebKit/537.36 (KHTML, like Gecko) Chrome/54.0.2840.98 Safari/537.36" 
54.81.225.130 - - [31/Jul/2019:13:37:25 -0700] "GET /css/style.css HTTP/1.1" 404 271 "http://www.secrepo.com/" "Mozilla/5.0 (Macintosh; Intel Mac OS X 10_11_6) AppleWebKit/537.36 (KHTML, like Gecko) Chrome/54.0.2840.98 Safari/537.36" 
54.81.225.130 - - [31/Jul/2019:13:37:25 -0700] "GET /twitter-icon.png HTTP/1.1" 200 27787 "http://www.secrepo.com/" "Mozilla/5.0 (Macintosh; Intel Mac OS X 10_11_6) AppleWebKit/537.36 (KHTML, like Gecko) Chrome/54.0.2840.98 Safari/537.36" 
54.81.225.130 - - [31/Jul/2019:13:37:25 -0700] "GET /GitHub-Mark.png HTTP/1.1" 200 7450 "http://www.secrepo.com/" "Mozilla/5.0 (Macintosh; Intel Mac OS X 10_11_6) AppleWebKit/537.36 (KHTML, like Gecko) Chrome/54.0.2840.98 Safari/537.36" 
66.249.83.2 - - [31/Jul/2019:13:37:25 -0700] "GET / HTTP/1.1" 301 475 "-" "Mozilla/5.0 (X11; Linux x86_64) AppleWebKit/537.36 (KHTML, like Gecko) Chrome/49.0.2623.75 Safari/537.36 Google Favicon" 
66.249.83.88 - - [31/Jul/2019:13:37:25 -0700] "GET / HTTP/1.1" 200 12432 "-" "Mozilla/5.0 (X11; Linux x86_64) AppleWebKit/537.36 (KHTML, like Gecko) Chrome/49.0.2623.75 Safari/537.36 Google Favicon" 
61.162.217.67 - - [31/Jul/2019:13:46:55 -0700] "HEAD / HTTP/1.1" 200 317 "http://www.secrepo.com/" "Mozilla/5.0 (compatible; Baiduspider/2.0; +http://www.baidu.com/search/spider.html" 
61.162.217.67 - - [31/Jul/2019:13:46:55 -0700] "HEAD //plus/download.php?open=1&arrs1%5B%5D=99&arrs1%5B%5D=102&arrs1%5B%5D=103&arrs1%5B%5D=95&arrs1%5B%5D=100&arrs1%5B%5D=98&arrs1%5B%5D=112&arrs1%5B%5D=114&arrs1%5B%5D=101&arrs1%5B%5D=102&arrs1%5B%5D=105&arrs1%5B%5D=120&arrs2%5B%5D=109&arrs2%5B%5D=121&arrs2%5B%5D=97&arrs2%5B%5D=100&arrs2%5B%5D=96&arrs2%5B%5D=32&arrs2%5B%5D=83&arrs2%5B%5D=69&arrs2%5B%5D=84&arrs2%5B%5D=32&arrs2%5B%5D=96&arrs2%5B%5D=110&arrs2%5B%5D=111&arrs2%5B%5D=114&arrs2%5B%5D=109&arrs2%5B%5D=98&arrs2%5B%5D=111&arrs2%5B%5D=100&arrs2%5B%5D=121&arrs2%5B%5D=96&arrs2%5B%5D=32&arrs2%5B%5D=61&arrs2%5B%5D=32&arrs2%5B%5D=39&arrs2%5B%5D=60&arrs2%5B%5D=63&arrs2%5B%5D=112&arrs2%5B%5D=104&arrs2%5B%5D=112&arrs2%5B%5D=32&arrs2%5B%5D=102&arrs2%5B%5D=105&arrs2%5B%5D=108&arrs2%5B%5D=101&arrs2%5B%5D=95&arrs2%5B%5D=112&arrs2%5B%5D=117&arrs2%5B%5D=116&arrs2%5B%5D=95&arrs2%5B%5D=99&arrs2%5B%5D=111&arrs2%5B%5D=110&arrs2%5B%5D=116&arrs2%5B%5D=101&arrs2%5B%5D=110&arrs2%5B%5D=116&arrs2%5B%5D=115&arrs2%5B%5D=40&arrs2%5B%5D=39&arrs2%5B%5D=39&arrs2%5B%5D=109&arrs2%5B%5D=111&arrs2%5B%5D=111&arrs2%5B%5D=110&arrs2%5B%5D=46&arrs2%5B%5D=112&arrs2%5B%5D=104&arrs2%5B%5D=112&arrs2%5B%5D=39&arrs2%5B%5D=39&arrs2%5B%5D=44&arrs2%5B%5D=39&arrs2%5B%5D=39&arrs2%5B%5D=60&arrs2%5B%5D=63&arrs2%5B%5D=112&arrs2%5B%5D=104&arrs2%5B%5D=112&arrs2%5B%5D=32&arrs2%5B%5D=101&arrs2%5B%5D=118&arrs2%5B%5D=97&arrs2%5B%5D=108&arrs2%5B%5D=40&ar HTTP/1.1" 404 0 "http://www.secrepo.com//plus/download.php?open=1&arrs1[]=99&arrs1[]=102&arrs1[]=103&arrs1[]=95&arrs1[]=100&arrs1[]=98&arrs1[]=112&arrs1[]=114&arrs1[]=101&arrs1[]=102&arrs1[]=105&arrs1[]=120&arrs2[]=109&arrs2[]=121&arrs2[]=97&arrs2[]=100&arrs2[]=96&arrs2[]=32&arrs2[]=83&arrs2[]=69&arrs2[]=84&arrs2[]=32&arrs2[]=96&arrs2[]=110&arrs2[]=111&arrs2[]=114&arrs2[]=109&arrs2[]=98&arrs2[]=111&arrs2[]=100&arrs2[]=121&arrs2[]=96&arrs2[]=32&arrs2[]=61&arrs2[]=32&arrs2[]=39&arrs2[]=60&arrs2[]=63&arrs2[]=112&arrs2[]=104&arrs2[]=112&arrs2[]=32&arrs2[]=102&arrs2[]=105&arrs2[]=108&arrs2[]=101&arrs2[]=95&arrs2[]=112&arrs2[]=117&arrs2[]=116&arrs2[]=95&arrs2[]=99&arrs2[]=111&arrs2[]=110&arrs2[]=116&arrs2[]=101&arrs2[]=110&arrs2[]=116&arrs2[]=115&arrs2[]=40&arrs2[]=39&arrs2[]=39&arrs2[]=109&arrs2[]=111&arrs2[]=111&arrs2[]=110&arrs2[]=46&arrs2[]=112&arrs2[]=104&arrs2[]=112&arrs2[]=39&arrs2[]=39&arrs2[]=44&arrs2[]=39&arrs2[]=39&arrs2[]=60&arrs2[]=63&arrs2[]=112&arrs2[]=104&arrs2[]=112&arrs2[]=32&arrs2[]=101&arrs2[]=118&arrs2[]=97&arrs2[]=108&arrs2[]=40&ar" "Mozilla/5.0 (compatible; Baiduspider/2.0; +http://www.baidu.com/search/spider.html" 
61.162.217.67 - - [31/Jul/2019:13:46:55 -0700] "GET //plus/moon.php HTTP/1.1" 404 250 "http://www.secrepo.com//plus/moon.php" "Mozilla/5.0 (compatible; Baiduspider/2.0; +http://www.baidu.com/search/spider.html" 
61.162.217.67 - - [31/Jul/2019:13:46:56 -0700] "GET //data/mysql_error_trace.inc HTTP/1.1" 404 216 "http://www.secrepo.com//data/mysql_error_trace.inc" "Mozilla/5.0 (compatible; Baiduspider/2.0; +http://www.baidu.com/search/spider.html" 
61.162.217.67 - - [31/Jul/2019:13:46:56 -0700] "HEAD //plus/mytag_js.php?dopost=saveedit&arrs1%5B%5D=99&arrs1%5B%5D=102&arrs1%5B%5D=103&arrs1%5B%5D=95&arrs1%5B%5D=100&arrs1%5B%5D=98&arrs1%5B%5D=112&arrs1%5B%5D=114&arrs1%5B%5D=101&arrs1%5B%5D=102&arrs1%5B%5D=105&arrs1%5B%5D=120&arrs2%5B%5D=109&arrs2%5B%5D=121&arrs2%5B%5D=116&arrs2%5B%5D=97&arrs2%5B%5D=103&arrs2%5B%5D=96&arrs2%5B%5D=32&arrs2%5B%5D=40&arrs2%5B%5D=97&arrs2%5B%5D=105&arrs2%5B%5D=100&arrs2%5B%5D=44&arrs2%5B%5D=110&arrs2%5B%5D=111&arrs2%5B%5D=114&arrs2%5B%5D=109&arrs2%5B%5D=98&arrs2%5B%5D=111&arrs2%5B%5D=100&arrs2%5B%5D=121&arrs2%5B%5D=41&arrs2%5B%5D=32&arrs2%5B%5D=86&arrs2%5B%5D=65&arrs2%5B%5D=76&arrs2%5B%5D=85&arrs2%5B%5D=69&arrs2%5B%5D=83&arrs2%5B%5D=40&arrs2%5B%5D=57&arrs2%5B%5D=48&arrs2%5B%5D=57&arrs2%5B%5D=48&arrs2%5B%5D=44&arrs2%5B%5D=39&arrs2%5B%5D=60&arrs2%5B%5D=63&arrs2%5B%5D=112&arrs2%5B%5D=104&arrs2%5B%5D=112&arrs2%5B%5D=32&arrs2%5B%5D=101&arrs2%5B%5D=99&arrs2%5B%5D=104&arrs2%5B%5D=111&arrs2%5B%5D=32&arrs2%5B%5D=39&arrs2%5B%5D=39&arrs2%5B%5D=100&arrs2%5B%5D=101&arrs2%5B%5D=100&arrs2%5B%5D=101&arrs2%5B%5D=99&arrs2%5B%5D=109&arrs2%5B%5D=115&arrs2%5B%5D=32&arrs2%5B%5D=53&arrs2%5B%5D=46&arrs2%5B%5D=55&arrs2%5B%5D=32&arrs2%5B%5D=48&arrs2%5B%5D=100&arrs2%5B%5D=97&arrs2%5B%5D=121&arrs2%5B%5D=60&arrs2%5B%5D=98&arrs2%5B%5D=114&arrs2%5B%5D=62&arrs2%5B%5D=103&arrs2%5B%5D=117&arrs2%5B%5D=105&arrs2%5B%5D=103&arrs2%5B%5D=101&arrs2%5B%5D=44& HTTP/1.1" 404 197 "http://www.secrepo.com//plus/mytag_js.php?dopost=saveedit&arrs1[]=99&arrs1[]=102&arrs1[]=103&arrs1[]=95&arrs1[]=100&arrs1[]=98&arrs1[]=112&arrs1[]=114&arrs1[]=101&arrs1[]=102&arrs1[]=105&arrs1[]=120&arrs2[]=109&arrs2[]=121&arrs2[]=116&arrs2[]=97&arrs2[]=103&arrs2[]=96&arrs2[]=32&arrs2[]=40&arrs2[]=97&arrs2[]=105&arrs2[]=100&arrs2[]=44&arrs2[]=110&arrs2[]=111&arrs2[]=114&arrs2[]=109&arrs2[]=98&arrs2[]=111&arrs2[]=100&arrs2[]=121&arrs2[]=41&arrs2[]=32&arrs2[]=86&arrs2[]=65&arrs2[]=76&arrs2[]=85&arrs2[]=69&arrs2[]=83&arrs2[]=40&arrs2[]=57&arrs2[]=48&arrs2[]=57&arrs2[]=48&arrs2[]=44&arrs2[]=39&arrs2[]=60&arrs2[]=63&arrs2[]=112&arrs2[]=104&arrs2[]=112&arrs2[]=32&arrs2[]=101&arrs2[]=99&arrs2[]=104&arrs2[]=111&arrs2[]=32&arrs2[]=39&arrs2[]=39&arrs2[]=100&arrs2[]=101&arrs2[]=100&arrs2[]=101&arrs2[]=99&arrs2[]=109&arrs2[]=115&arrs2[]=32&arrs2[]=53&arrs2[]=46&arrs2[]=55&arrs2[]=32&arrs2[]=48&arrs2[]=100&arrs2[]=97&arrs2[]=121&arrs2[]=60&arrs2[]=98&arrs2[]=114&arrs2[]=62&arrs2[]=103&arrs2[]=117&arrs2[]=105&arrs2[]=103&arrs2[]=101&arrs2[]=44&" "Mozilla/5.0 (compatible; Baiduspider/2.0; +http://www.baidu.com/search/spider.html" 
61.162.217.67 - - [31/Jul/2019:13:46:56 -0700] "HEAD //data/mysql_error_trace.inc HTTP/1.1" 404 197 "http://www.secrepo.com//data/mysql_error_trace.inc" "Mozilla/5.0 (compatible; Baiduspider/2.0; +http://www.baidu.com/search/spider.html" 
61.162.217.67 - - [31/Jul/2019:13:46:57 -0700] "HEAD //plus/recommend.php HTTP/1.1" 404 197 "http://www.secrepo.com//plus/recommend.php" "Mozilla/5.0 (compatible; Baiduspider/2.0; +http://www.baidu.com/search/spider.html" 
61.162.217.67 - - [31/Jul/2019:13:46:57 -0700] "GET //plus/search.php?keyword=test&typeArr%5B%20uNion%20%5D=a HTTP/1.1" 404 216 "http://www.secrepo.com//plus/search.php?keyword=test&typeArr[%20uNion%20]=a" "Mozilla/5.0 (compatible; Baiduspider/2.0; +http://www.baidu.com/search/spider.html" 
61.162.217.67 - - [31/Jul/2019:13:46:57 -0700] "HEAD //images/swfupload/swfupload.swf HTTP/1.1" 404 197 "http://www.secrepo.com//images/swfupload/swfupload.swf" "Mozilla/5.0 (compatible; Baiduspider/2.0; +http://www.baidu.com/search/spider.html" 
61.162.217.67 - - [31/Jul/2019:13:46:57 -0700] "GET //install/index.php.bak HTTP/1.1" 404 216 "http://www.secrepo.com//install/index.php.bak" "Mozilla/5.0 (compatible; Baiduspider/2.0; +http://www.baidu.com/search/spider.html" 
61.162.217.67 - - [31/Jul/2019:13:46:58 -0700] "HEAD //plus/download.php HTTP/1.1" 404 197 "http://www.secrepo.com//plus/download.php" "Mozilla/5.0 (compatible; Baiduspider/2.0; +http://www.baidu.com/search/spider.html" 
61.162.217.67 - - [31/Jul/2019:13:46:58 -0700] "HEAD //plus/search.php?keyword=as&typeArr%5B%20uNion%20%5D=a HTTP/1.1" 404 197 "http://www.secrepo.com//plus/search.php?keyword=as&typeArr[%20uNion%20]=a" "Mozilla/5.0 (compatible; Baiduspider/2.0; +http://www.baidu.com/search/spider.html" 
61.162.217.67 - - [31/Jul/2019:13:46:58 -0700] "HEAD //plus/search.php?keyword=as&typeArr%5B%20uNion%20%5D=a HTTP/1.1" 404 197 "http://www.secrepo.com//plus/search.php?keyword=as&typeArr[%20uNion%20]=a" "Mozilla/5.0 (compatible; Baiduspider/2.0; +http://www.baidu.com/search/spider.html" 
46.229.161.131 - - [31/Jul/2019:13:48:40 -0700] "HEAD / HTTP/1.1" 200 280 "-" "SEMrushBot" 
209.58.147.241 - - [31/Jul/2019:13:54:51 -0700] "GET / HTTP/1.1" 200 12431 "-" "Vienna/7074 (Macintosh; Intel macOS 10_13_6)" 
99.159.81.12 - - [31/Jul/2019:13:58:03 -0700] "GET / HTTP/1.1" 200 12431 "-" "Mozilla/5.0 (Windows NT 10.0; Win64; x64) AppleWebKit/537.36 (KHTML, like Gecko) Chrome/75.0.3770.100 Safari/537.36" 
99.159.81.12 - - [31/Jul/2019:13:58:03 -0700] "GET /css/style.css HTTP/1.1" 404 271 "http://www.secrepo.com/" "Mozilla/5.0 (Windows NT 10.0; Win64; x64) AppleWebKit/537.36 (KHTML, like Gecko) Chrome/75.0.3770.100 Safari/537.36" 
99.159.81.12 - - [31/Jul/2019:13:58:03 -0700] "GET /twitter-icon.png HTTP/1.1" 200 27810 "http://www.secrepo.com/" "Mozilla/5.0 (Windows NT 10.0; Win64; x64) AppleWebKit/537.36 (KHTML, like Gecko) Chrome/75.0.3770.100 Safari/537.36" 
99.159.81.12 - - [31/Jul/2019:13:58:03 -0700] "GET /GitHub-Mark.png HTTP/1.1" 200 7427 "http://www.secrepo.com/" "Mozilla/5.0 (Windows NT 10.0; Win64; x64) AppleWebKit/537.36 (KHTML, like Gecko) Chrome/75.0.3770.100 Safari/537.36" 
99.159.81.12 - - [31/Jul/2019:13:58:04 -0700] "GET /bootstrap/img/favicon.ico HTTP/1.1" 200 601 "http://www.secrepo.com/" "Mozilla/5.0 (Windows NT 10.0; Win64; x64) AppleWebKit/537.36 (KHTML, like Gecko) Chrome/75.0.3770.100 Safari/537.36" 
66.249.93.75 - - [31/Jul/2019:14:09:30 -0700] "GET / HTTP/1.1" 200 12432 "-" "Mozilla/5.0 (X11; Linux x86_64) AppleWebKit/537.36 (KHTML, like Gecko) Chrome/49.0.2623.75 Safari/537.36 Google Favicon" 
66.249.93.75 - - [31/Jul/2019:14:09:30 -0700] "GET /bootstrap/img/favicon.ico HTTP/1.1" 200 601 "-" "Mozilla/5.0 (X11; Linux x86_64) AppleWebKit/537.36 (KHTML, like Gecko) Chrome/49.0.2623.75 Safari/537.36 Google Favicon" 
40.77.167.114 - - [31/Jul/2019:14:14:36 -0700] "GET /self.logs/access.log.2018-02-22.gz HTTP/1.1" 304 175 "-" "Mozilla/5.0 (compatible; bingbot/2.0; +http://www.bing.com/bingbot.htm)" 
199.58.86.211 - - [31/Jul/2019:14:20:11 -0700] "GET /robots.txt HTTP/1.1" 301 495 "-" "Mozilla/5.0 (compatible; MJ12bot/v1.4.8; http://mj12bot.com/)" 
199.58.86.211 - - [31/Jul/2019:14:20:15 -0700] "GET /robots.txt HTTP/1.1" 200 288 "-" "Mozilla/5.0 (compatible; MJ12bot/v1.4.8; http://mj12bot.com/)" 
199.58.86.211 - - [31/Jul/2019:14:20:18 -0700] "GET / HTTP/1.1" 301 419 "-" "Mozilla/5.0 (compatible; MJ12bot/v1.4.8; http://mj12bot.com/)" 
199.58.86.211 - - [31/Jul/2019:14:20:21 -0700] "GET / HTTP/1.1" 200 46561 "-" "Mozilla/5.0 (compatible; MJ12bot/v1.4.8; http://mj12bot.com/)" 
199.58.86.211 - - [31/Jul/2019:14:20:23 -0700] "GET / HTTP/1.1" 200 12388 "-" "Mozilla/5.0 (compatible; MJ12bot/v1.4.8; http://mj12bot.com/)" 
207.46.13.25 - - [31/Jul/2019:14:20:40 -0700] "GET /self.logs/access.log.2017-03-10.gz HTTP/1.1" 200 17837 "-" "Mozilla/5.0 (compatible; bingbot/2.0; +http://www.bing.com/bingbot.htm)" 
73.158.102.136 - - [31/Jul/2019:14:21:21 -0700] "GET / HTTP/1.1" 200 12432 "-" "Mozilla/5.0 (Windows NT 6.1; Win64; x64) AppleWebKit/537.36 (KHTML, like Gecko) Chrome/75.0.3770.142 Safari/537.36" 
73.158.102.136 - - [31/Jul/2019:14:21:21 -0700] "GET /twitter-icon.png HTTP/1.1" 200 27810 "http://www.secrepo.com/" "Mozilla/5.0 (Windows NT 6.1; Win64; x64) AppleWebKit/537.36 (KHTML, like Gecko) Chrome/75.0.3770.142 Safari/537.36" 
73.158.102.136 - - [31/Jul/2019:14:21:21 -0700] "GET /css/style.css HTTP/1.1" 404 271 "http://www.secrepo.com/" "Mozilla/5.0 (Windows NT 6.1; Win64; x64) AppleWebKit/537.36 (KHTML, like Gecko) Chrome/75.0.3770.142 Safari/537.36" 
73.158.102.136 - - [31/Jul/2019:14:21:21 -0700] "GET /GitHub-Mark.png HTTP/1.1" 200 7450 "http://www.secrepo.com/" "Mozilla/5.0 (Windows NT 6.1; Win64; x64) AppleWebKit/537.36 (KHTML, like Gecko) Chrome/75.0.3770.142 Safari/537.36" 
73.158.102.136 - - [31/Jul/2019:14:21:22 -0700] "GET /bootstrap/img/favicon.ico HTTP/1.1" 200 601 "http://www.secrepo.com/" "Mozilla/5.0 (Windows NT 6.1; Win64; x64) AppleWebKit/537.36 (KHTML, like Gecko) Chrome/75.0.3770.142 Safari/537.36" 
40.77.167.140 - - [31/Jul/2019:14:21:23 -0700] "GET /honeypot/honeypot%20-%20howto%20-%20bsides%20austin.pdf HTTP/1.1" 301 565 "-" "Mozilla/5.0 (iPhone; CPU iPhone OS 7_0 like Mac OS X) AppleWebKit/537.51.1 (KHTML, like Gecko) Version/7.0 Mobile/11A465 Safari/9537.53 (compatible; bingbot/2.0; +http://www.bing.com/bingbot.htm)" 
40.77.167.140 - - [31/Jul/2019:14:21:28 -0700] "GET /honeypot/honeypot%20-%20howto%20-%20bsides%20austin.pdf HTTP/1.1" 404 294 "-" "Mozilla/5.0 (iPhone; CPU iPhone OS 7_0 like Mac OS X) AppleWebKit/537.51.1 (KHTML, like Gecko) Version/7.0 Mobile/11A465 Safari/9537.53 (compatible; bingbot/2.0; +http://www.bing.com/bingbot.htm)" 
207.46.13.199 - - [31/Jul/2019:14:21:43 -0700] "GET /self.logs/access.log.2017-12-06.gz HTTP/1.1" 200 32775 "-" "Mozilla/5.0 (compatible; bingbot/2.0; +http://www.bing.com/bingbot.htm)" 
113.171.224.176 - - [31/Jul/2019:14:21:59 -0700] "GET /honeypot/Honeypot%20-%20Howto.pdf HTTP/1.1" 200 61320 "-" "Mozilla/5.0 Gecko/20100115 Firefox/3.6" 
43.241.157.146 - - [31/Jul/2019:14:30:39 -0700] "HEAD /uc_client/client.php HTTP/1.1" 301 243 "-" "-" 
34.99.231.242 - - [31/Jul/2019:14:39:27 -0700] "GET / HTTP/1.1" 200 12432 "-" "Mozilla/5.0 (Macintosh; Intel Mac OS X 10_13_6) AppleWebKit/537.36 (KHTML, like Gecko) Chrome/76.0.3809.87 Safari/537.36" 
34.99.231.242 - - [31/Jul/2019:14:39:29 -0700] "GET /css/style.css HTTP/1.1" 404 294 "http://www.secrepo.com/" "Mozilla/5.0 (Macintosh; Intel Mac OS X 10_13_6) AppleWebKit/537.36 (KHTML, like Gecko) Chrome/76.0.3809.87 Safari/537.36" 
34.99.231.242 - - [31/Jul/2019:14:39:29 -0700] "GET /twitter-icon.png HTTP/1.1" 200 27787 "http://www.secrepo.com/" "Mozilla/5.0 (Macintosh; Intel Mac OS X 10_13_6) AppleWebKit/537.36 (KHTML, like Gecko) Chrome/76.0.3809.87 Safari/537.36" 
34.99.231.242 - - [31/Jul/2019:14:39:29 -0700] "GET /GitHub-Mark.png HTTP/1.1" 200 7450 "http://www.secrepo.com/" "Mozilla/5.0 (Macintosh; Intel Mac OS X 10_13_6) AppleWebKit/537.36 (KHTML, like Gecko) Chrome/76.0.3809.87 Safari/537.36" 
34.99.231.242 - - [31/Jul/2019:14:39:31 -0700] "GET /bootstrap/img/favicon.ico HTTP/1.1" 200 601 "http://www.secrepo.com/" "Mozilla/5.0 (Macintosh; Intel Mac OS X 10_13_6) AppleWebKit/537.36 (KHTML, like Gecko) Chrome/76.0.3809.87 Safari/537.36" 
17.58.97.103 - - [31/Jul/2019:14:45:17 -0700] "GET /bootstrap/img/favicon.ico HTTP/1.1" 200 580 "-" "Mozilla/5.0 (Macintosh; Intel Mac OS X 10_10_1) AppleWebKit/600.2.5 (KHTML, like Gecko) Version/8.0.2 Safari/600.2.5 (Applebot/0.1; +http://www.apple.com/go/applebot)" 
34.99.231.242 - - [31/Jul/2019:14:46:44 -0700] "GET / HTTP/1.1" 200 12432 "-" "Mozilla/5.0 (Macintosh; Intel Mac OS X 10_13_6) AppleWebKit/537.36 (KHTML, like Gecko) Chrome/76.0.3809.87 Safari/537.36" 
34.99.231.242 - - [31/Jul/2019:14:46:44 -0700] "GET /css/style.css HTTP/1.1" 404 271 "http://www.secrepo.com/" "Mozilla/5.0 (Macintosh; Intel Mac OS X 10_13_6) AppleWebKit/537.36 (KHTML, like Gecko) Chrome/76.0.3809.87 Safari/537.36" 
216.244.66.245 - - [31/Jul/2019:14:58:03 -0700] "GET /robots.txt HTTP/1.1" 200 244 "-" "Mozilla/5.0 (compatible; DotBot/1.1; http://www.opensiteexplorer.org/dotbot, help@moz.com)" 
40.77.167.114 - - [31/Jul/2019:15:00:55 -0700] "GET /self.logs/access.log.2017-09-24.gz HTTP/1.1" 200 25039 "-" "Mozilla/5.0 (compatible; bingbot/2.0; +http://www.bing.com/bingbot.htm)" 
207.62.246.40 - - [31/Jul/2019:15:04:57 -0700] "GET /index.html HTTP/1.1" 200 12432 "-" "Mozilla/5.0 (Macintosh; Intel Mac OS X 10_12_6) AppleWebKit/537.36 (KHTML, like Gecko) Chrome/74.0.3729.169 Safari/537.36" 
207.62.246.40 - - [31/Jul/2019:15:04:57 -0700] "GET /css/style.css HTTP/1.1" 404 271 "http://www.secrepo.com/index.html" "Mozilla/5.0 (Macintosh; Intel Mac OS X 10_12_6) AppleWebKit/537.36 (KHTML, like Gecko) Chrome/74.0.3729.169 Safari/537.36" 
207.62.246.40 - - [31/Jul/2019:15:04:57 -0700] "GET /twitter-icon.png HTTP/1.1" 200 27810 "http://www.secrepo.com/index.html" "Mozilla/5.0 (Macintosh; Intel Mac OS X 10_12_6) AppleWebKit/537.36 (KHTML, like Gecko) Chrome/74.0.3729.169 Safari/537.36" 
207.62.246.40 - - [31/Jul/2019:15:04:57 -0700] "GET /GitHub-Mark.png HTTP/1.1" 200 7427 "http://www.secrepo.com/index.html" "Mozilla/5.0 (Macintosh; Intel Mac OS X 10_12_6) AppleWebKit/537.36 (KHTML, like Gecko) Chrome/74.0.3729.169 Safari/537.36" 
207.62.246.40 - - [31/Jul/2019:15:04:58 -0700] "GET /bootstrap/img/favicon.ico HTTP/1.1" 200 601 "http://www.secrepo.com/index.html" "Mozilla/5.0 (Macintosh; Intel Mac OS X 10_12_6) AppleWebKit/537.36 (KHTML, like Gecko) Chrome/74.0.3729.169 Safari/537.36" 
216.244.66.245 - - [31/Jul/2019:15:13:37 -0700] "GET /self.logs/access.log.2018-01-23.gz HTTP/1.1" 200 31751 "-" "Mozilla/5.0 (compatible; DotBot/1.1; http://www.opensiteexplorer.org/dotbot, help@moz.com)" 
64.211.224.253 - - [31/Jul/2019:15:16:32 -0700] "GET / HTTP/1.1" 200 12431 "-" "Mozilla/5.0 (Windows NT 10.0; WOW64) AppleWebKit/537.36 (KHTML, like Gecko) Chrome/75.0.3770.142 Safari/537.36" 
64.211.224.253 - - [31/Jul/2019:15:16:32 -0700] "GET /css/style.css HTTP/1.1" 404 294 "http://www.secrepo.com/" "Mozilla/5.0 (Windows NT 10.0; WOW64) AppleWebKit/537.36 (KHTML, like Gecko) Chrome/75.0.3770.142 Safari/537.36" 
64.211.224.253 - - [31/Jul/2019:15:16:32 -0700] "GET /twitter-icon.png HTTP/1.1" 200 27787 "http://www.secrepo.com/" "Mozilla/5.0 (Windows NT 10.0; WOW64) AppleWebKit/537.36 (KHTML, like Gecko) Chrome/75.0.3770.142 Safari/537.36" 
64.211.224.253 - - [31/Jul/2019:15:16:32 -0700] "GET /GitHub-Mark.png HTTP/1.1" 200 7427 "http://www.secrepo.com/" "Mozilla/5.0 (Windows NT 10.0; WOW64) AppleWebKit/537.36 (KHTML, like Gecko) Chrome/75.0.3770.142 Safari/537.36" 
64.211.224.253 - - [31/Jul/2019:15:16:34 -0700] "GET /bootstrap/img/favicon.ico HTTP/1.1" 200 601 "http://www.secrepo.com/" "Mozilla/5.0 (Windows NT 10.0; WOW64) AppleWebKit/537.36 (KHTML, like Gecko) Chrome/75.0.3770.142 Safari/537.36" 
64.211.224.253 - - [31/Jul/2019:15:20:47 -0700] "GET / HTTP/1.1" 200 12431 "-" "Mozilla/5.0 (Windows NT 10.0; WOW64) AppleWebKit/537.36 (KHTML, like Gecko) Chrome/75.0.3770.142 Safari/537.36" 
64.211.224.253 - - [31/Jul/2019:15:20:47 -0700] "GET /css/style.css HTTP/1.1" 404 271 "http://www.secrepo.com/" "Mozilla/5.0 (Windows NT 10.0; WOW64) AppleWebKit/537.36 (KHTML, like Gecko) Chrome/75.0.3770.142 Safari/537.36" 
113.171.224.176 - - [31/Jul/2019:15:24:15 -0700] "GET /honeypot/Honeypot%20-%20Howto.pdf HTTP/1.1" 200 61320 "-" "Mozilla/5.0 Gecko/20100115 Firefox/3.6" 
40.77.167.140 - - [31/Jul/2019:15:30:16 -0700] "GET /self.logs/access.log.2017-02-22.gz HTTP/1.1" 301 543 "-" "Mozilla/5.0 (compatible; bingbot/2.0; +http://www.bing.com/bingbot.htm)" 
47.105.61.191 - - [31/Jul/2019:15:30:48 -0700] "GET /plugins/ueditor/net/controller.ashx HTTP/1.1" 404 294 "http://www.secrepo.com/plugins/ueditor/net/controller.ashx" "Mozilla/5.0 (compatible; MSIE 9.0; Windows NT 6.1; Win64; x64; Trident/5.0)" 
64.211.224.253 - - [31/Jul/2019:15:30:57 -0700] "GET / HTTP/1.1" 200 12431 "-" "Mozilla/5.0 (Windows NT 10.0; WOW64) AppleWebKit/537.36 (KHTML, like Gecko) Chrome/75.0.3770.142 Safari/537.36" 
64.211.224.253 - - [31/Jul/2019:15:30:57 -0700] "GET /css/style.css HTTP/1.1" 404 271 "http://www.secrepo.com/" "Mozilla/5.0 (Windows NT 10.0; WOW64) AppleWebKit/537.36 (KHTML, like Gecko) Chrome/75.0.3770.142 Safari/537.36" 
216.244.66.245 - - [31/Jul/2019:15:43:32 -0700] "GET /robots.txt HTTP/1.1" 200 244 "-" "Mozilla/5.0 (compatible; DotBot/1.1; http://www.opensiteexplorer.org/dotbot, help@moz.com)" 
66.249.64.43 - - [31/Jul/2019:15:48:10 -0700] "GET / HTTP/1.1" 200 12432 "-" "Mozilla/5.0 (compatible; Googlebot/2.1; +http://www.google.com/bot.html)" 
162.210.196.130 - - [31/Jul/2019:15:53:47 -0700] "GET /robots.txt HTTP/1.1" 200 288 "-" "Mozilla/5.0 (compatible; MJ12bot/v1.4.8; http://mj12bot.com/)" 
162.210.196.130 - - [31/Jul/2019:15:53:49 -0700] "GET / HTTP/1.1" 200 46561 "-" "Mozilla/5.0 (compatible; MJ12bot/v1.4.8; http://mj12bot.com/)" 
216.244.66.245 - - [31/Jul/2019:15:59:52 -0700] "GET /self.logs/access.log.2018-01-18.gz HTTP/1.1" 200 26936 "-" "Mozilla/5.0 (compatible; DotBot/1.1; http://www.opensiteexplorer.org/dotbot, help@moz.com)" 
91.214.5.128 - - [31/Jul/2019:16:07:50 -0700] "GET /self.logs/access.log.2017-01-01.gz HTTP/1.1" 304 175 "-" "Mozilla/4.0 (compatible;)" 
113.171.224.176 - - [31/Jul/2019:16:26:27 -0700] "GET /honeypot/Honeypot%20-%20Howto.pdf HTTP/1.1" 200 61320 "-" "Mozilla/5.0 Gecko/20100115 Firefox/3.6" 
77.75.76.167 - - [31/Jul/2019:16:33:05 -0700] "GET /robots.txt HTTP/1.1" 200 288 "-" "Mozilla/5.0 (compatible; SeznamBot/3.2; +http://napoveda.seznam.cz/en/seznambot-intro/)" 
77.75.76.167 - - [31/Jul/2019:16:33:06 -0700] "GET /Datasets%20Description/Network/notice.html HTTP/1.1" 304 165 "-" "Mozilla/5.0 (compatible; SeznamBot/3.2; +http://napoveda.seznam.cz/en/seznambot-intro/)" 
66.102.6.156 - - [31/Jul/2019:16:46:15 -0700] "GET / HTTP/1.1" 200 12432 "-" "Mozilla/5.0 (X11; Linux x86_64) AppleWebKit/537.36 (KHTML, like Gecko) Chrome/49.0.2623.75 Safari/537.36 Google Favicon" 
66.102.6.157 - - [31/Jul/2019:16:46:15 -0700] "GET /bootstrap/img/favicon.ico HTTP/1.1" 200 624 "-" "Mozilla/5.0 (X11; Linux x86_64) AppleWebKit/537.36 (KHTML, like Gecko) Chrome/49.0.2623.75 Safari/537.36 Google Favicon" 
157.55.39.246 - - [31/Jul/2019:16:50:17 -0700] "GET /self.logs/access.log.2017-02-27.gz HTTP/1.1" 200 37703 "-" "Mozilla/5.0 (compatible; bingbot/2.0; +http://www.bing.com/bingbot.htm)" 
100.43.90.103 - - [31/Jul/2019:16:56:28 -0700] "GET /robots.txt HTTP/1.1" 200 288 "-" "Mozilla/5.0 (compatible; YandexBot/3.0; +http://yandex.com/bots)" 
100.43.90.103 - - [31/Jul/2019:16:56:32 -0700] "GET /self.logs/error.log.2019-07-15 HTTP/1.1" 200 23095 "-" "Mozilla/5.0 (compatible; YandexBot/3.0; +http://yandex.com/bots)" 
42.236.10.108 - - [31/Jul/2019:16:57:44 -0700] "GET / HTTP/1.1" 200 12432 "http://www.secrepo.com/" "Mozilla/5.0 (Windows NT 6.1; WOW64) AppleWebKit/537.36 (KHTML, like Gecko) Chrome/50.0.2661.102 Safari/537.36; 360Spider" 
59.37.97.118 - - [31/Jul/2019:17:01:31 -0700] "GET /twitter-icon.png HTTP/1.1" 200 27810 "-" "-" 
123.125.71.81 - - [31/Jul/2019:17:24:04 -0700] "GET / HTTP/1.1" 301 438 "-" "Mozilla/5.0 (compatible; Baiduspider/2.0; +http://www.baidu.com/search/spider.html)" 
123.125.71.104 - - [31/Jul/2019:17:24:05 -0700] "GET / HTTP/1.1" 200 12395 "-" "Mozilla/5.0 (compatible; Baiduspider/2.0; +http://www.baidu.com/search/spider.html)" 
111.206.221.89 - - [31/Jul/2019:17:24:06 -0700] "GET /css/style.css HTTP/1.1" 404 250 "http://www.secrepo.com/" "Mozilla/5.0 (compatible; Baiduspider-render/2.0; +http://www.baidu.com/search/spider.html)" 
113.171.224.176 - - [31/Jul/2019:17:29:24 -0700] "GET /honeypot/Honeypot%20-%20Howto.pdf HTTP/1.1" 200 61320 "-" "Mozilla/5.0 Gecko/20100115 Firefox/3.6" 
40.77.167.140 - - [31/Jul/2019:17:37:55 -0700] "GET /maccdc2012/notice.log.gz HTTP/1.1" 301 523 "-" "Mozilla/5.0 (compatible; bingbot/2.0; +http://www.bing.com/bingbot.htm)" 
27.153.203.194 - - [31/Jul/2019:17:42:04 -0700] "GET / HTTP/1.1" 200 12431 "-" "Mozilla/5.0 (Windows NT 6.1; Trident/7.0; rv:11.0) like Gecko" 
108.59.8.70 - - [31/Jul/2019:17:55:27 -0700] "GET /robots.txt HTTP/1.1" 301 495 "-" "Mozilla/5.0 (compatible; MJ12bot/v1.4.8; http://mj12bot.com/)" 
108.59.8.70 - - [31/Jul/2019:17:55:28 -0700] "GET /robots.txt HTTP/1.1" 200 288 "-" "Mozilla/5.0 (compatible; MJ12bot/v1.4.8; http://mj12bot.com/)" 
108.59.8.70 - - [31/Jul/2019:17:55:32 -0700] "GET / HTTP/1.1" 301 419 "-" "Mozilla/5.0 (compatible; MJ12bot/v1.4.8; http://mj12bot.com/)" 
108.59.8.70 - - [31/Jul/2019:17:55:35 -0700] "GET / HTTP/1.1" 200 46561 "-" "Mozilla/5.0 (compatible; MJ12bot/v1.4.8; http://mj12bot.com/)" 
108.59.8.70 - - [31/Jul/2019:17:55:39 -0700] "GET / HTTP/1.1" 200 12388 "-" "Mozilla/5.0 (compatible; MJ12bot/v1.4.8; http://mj12bot.com/)" 
40.77.167.114 - - [31/Jul/2019:17:59:26 -0700] "GET / HTTP/1.1" 301 475 "-" "Mozilla/5.0 (compatible; bingbot/2.0; +http://www.bing.com/bingbot.htm)" 
46.229.168.161 - - [31/Jul/2019:18:01:59 -0700] "GET /robots.txt HTTP/1.1" 301 458 "-" "Mozilla/5.0 (compatible; SemrushBot/3~bl; +http://www.semrush.com/bot.html)" 
46.229.168.161 - - [31/Jul/2019:18:02:01 -0700] "GET /robots.txt HTTP/1.1" 200 251 "-" "Mozilla/5.0 (compatible; SemrushBot/3~bl; +http://www.semrush.com/bot.html)" 
40.77.167.114 - - [31/Jul/2019:18:02:36 -0700] "GET / HTTP/1.1" 200 12432 "-" "Mozilla/5.0 (compatible; bingbot/2.0; +http://www.bing.com/bingbot.htm)" 
106.38.241.103 - - [31/Jul/2019:18:17:39 -0700] "GET /robots.txt HTTP/1.1" 200 251 "-" "Sogou web spider/4.0(+http://www.sogou.com/docs/help/webmasters.htm#07)" 
106.38.241.103 - - [31/Jul/2019:18:17:40 -0700] "GET / HTTP/1.1" 200 12396 "-" "Sogou web spider/4.0(+http://www.sogou.com/docs/help/webmasters.htm#07)" 
106.11.159.186 - - [31/Jul/2019:18:21:40 -0700] "GET /robots.txt HTTP/1.1" 200 288 "-" "YisouSpider" 
106.11.156.100 - - [31/Jul/2019:18:21:38 -0700] "GET /tg/c.zip HTTP/1.1" 200 63359103 "-" "Mozilla/5.0 (Windows NT 6.1; Win64; x64) AppleWebKit/537.36 (KHTML, like Gecko) Chrome/69.0.3497.81 YisouSpider/5.0 Safari/537.36" 
175.136.249.61 - - [31/Jul/2019:18:24:25 -0700] "GET /bootstrap/img/favicon.ico HTTP/1.1" 200 624 "-" "Mozilla/5.0 (Windows NT 10.0; Win64; x64; rv:60.0) Gecko/20100101 Firefox/60.0" 
175.136.249.61 - - [31/Jul/2019:18:24:27 -0700] "GET /bootstrap/img/favicon.ico HTTP/1.1" 200 624 "-" "Mozilla/5.0 (Windows NT 10.0; Win64; x64; rv:60.0) Gecko/20100101 Firefox/60.0" 
178.137.86.64 - - [31/Jul/2019:18:29:54 -0700] "GET / HTTP/1.1" 200 46561 "https://javstock.com/" "Mozilla/4.7 (compatible; OffByOne; Windows 2000) Webster Pro V3.4" 
178.137.86.64 - - [31/Jul/2019:18:29:55 -0700] "GET / HTTP/1.1" 200 46561 "https://javstock.com/" "Mozilla/4.7 (compatible; OffByOne; Windows 2000) Webster Pro V3.4" 
178.137.86.64 - - [31/Jul/2019:18:29:57 -0700] "GET / HTTP/1.1" 200 46561 "https://javstock.com/" "Mozilla/4.7 (compatible; OffByOne; Windows 2000) Webster Pro V3.4" 
113.171.224.176 - - [31/Jul/2019:18:31:49 -0700] "GET /honeypot/Honeypot%20-%20Howto.pdf HTTP/1.1" 200 61320 "-" "Mozilla/5.0 Gecko/20100115 Firefox/3.6" 
36.23.110.203 - - [31/Jul/2019:18:32:14 -0700] "GET / HTTP/1.1" 200 12432 "-" "Mozilla/5.0 (Windows NT 10.0; Win64; x64; rv:68.0) Gecko/20100101 Firefox/68.0" 
36.23.110.203 - - [31/Jul/2019:18:32:15 -0700] "GET /css/style.css HTTP/1.1" 404 294 "http://www.secrepo.com/" "Mozilla/5.0 (Windows NT 10.0; Win64; x64; rv:68.0) Gecko/20100101 Firefox/68.0" 
36.23.110.203 - - [31/Jul/2019:18:32:38 -0700] "GET /maccdc2012/conn.log.gz HTTP/1.1" 200 2130800 "http://www.secrepo.com/" "Mozilla/5.0 (Windows NT 10.0; Win64; x64; rv:68.0) Gecko/20100101 Firefox/68.0" 
36.23.110.203 - - [31/Jul/2019:18:32:42 -0700] "GET /maccdc2012/dhcp.log.gz HTTP/1.1" 200 44872 "http://www.secrepo.com/" "Mozilla/5.0 (Windows NT 10.0; Win64; x64; rv:68.0) Gecko/20100101 Firefox/68.0" 
40.77.167.140 - - [31/Jul/2019:18:36:16 -0700] "GET /self.logs/access.log.2018-04-20.gz HTTP/1.1" 200 17548 "-" "Mozilla/5.0 (compatible; bingbot/2.0; +http://www.bing.com/bingbot.htm)" 
162.241.148.253 - - [31/Jul/2019:18:43:56 -0700] "HEAD / HTTP/1.1" 200 280 "https://www.ilovephd.com" "Mozilla/5.0 (Windows NT 10.0; Win64; x64) AppleWebKit/537.36 (KHTML, like Gecko) Chrome/70.0.3538.102 Safari/537.36" 
118.218.182.145 - - [31/Jul/2019:18:45:47 -0700] "GET /favicon.ico HTTP/1.1" 200 302 "-" "Mozilla/5.0 (Windows NT 10.0; Win64; x64) AppleWebKit/537.36 (KHTML, like Gecko) Chrome/73.0.3683.103 Whale/1.5.75.9 Safari/537.36" 
113.29.19.11 - - [31/Jul/2019:18:46:04 -0700] "GET / HTTP/1.1" 200 12432 "-" "Mozilla/5.0 (Macintosh; Intel Mac OS X 10_14_3) AppleWebKit/537.36 (KHTML, like Gecko) Chrome/75.0.3770.142 Safari/537.36" 
113.29.19.11 - - [31/Jul/2019:18:46:06 -0700] "GET /css/style.css HTTP/1.1" 404 271 "http://www.secrepo.com/" "Mozilla/5.0 (Macintosh; Intel Mac OS X 10_14_3) AppleWebKit/537.36 (KHTML, like Gecko) Chrome/75.0.3770.142 Safari/537.36" 
113.29.19.11 - - [31/Jul/2019:18:46:09 -0700] "GET /GitHub-Mark.png HTTP/1.1" 200 7450 "http://www.secrepo.com/" "Mozilla/5.0 (Macintosh; Intel Mac OS X 10_14_3) AppleWebKit/537.36 (KHTML, like Gecko) Chrome/75.0.3770.142 Safari/537.36" 
113.29.19.11 - - [31/Jul/2019:18:46:09 -0700] "GET /twitter-icon.png HTTP/1.1" 200 27810 "http://www.secrepo.com/" "Mozilla/5.0 (Macintosh; Intel Mac OS X 10_14_3) AppleWebKit/537.36 (KHTML, like Gecko) Chrome/75.0.3770.142 Safari/537.36" 
113.29.19.11 - - [31/Jul/2019:18:46:16 -0700] "GET /bootstrap/img/favicon.ico HTTP/1.1" 200 624 "http://www.secrepo.com/" "Mozilla/5.0 (Macintosh; Intel Mac OS X 10_14_3) AppleWebKit/537.36 (KHTML, like Gecko) Chrome/75.0.3770.142 Safari/537.36" 
100.43.90.103 - - [31/Jul/2019:18:59:20 -0700] "GET /Datasets%20Description/HTML_Bro_log_1/?C=S;O=D HTTP/1.1" 200 750 "-" "Mozilla/5.0 (compatible; YandexBot/3.0; +http://yandex.com/bots)" 
192.31.105.190 - - [31/Jul/2019:19:10:26 -0700] "GET / HTTP/1.1" 200 12432 "-" "Mozilla/5.0 (Macintosh; Intel Mac OS X 10_12_6) AppleWebKit/537.36 (KHTML, like Gecko) Chrome/75.0.3770.142 Safari/537.36" 
192.31.105.190 - - [31/Jul/2019:19:10:26 -0700] "GET /css/style.css HTTP/1.1" 404 271 "http://www.secrepo.com/" "Mozilla/5.0 (Macintosh; Intel Mac OS X 10_12_6) AppleWebKit/537.36 (KHTML, like Gecko) Chrome/75.0.3770.142 Safari/537.36" 
