203.26.81.7 - - [06/Aug/2021:17:19:41 -0700] "HEAD /restore/backup.gz HTTP/1.1" 301 184 "-" "-" 
203.26.81.7 - - [06/Aug/2021:17:19:43 -0700] "HEAD /restore/backup.gz HTTP/1.1" 404 265 "-" "-" 
45.86.200.106 - - [06/Aug/2021:17:19:43 -0700] "HEAD /secrepo.com.zip HTTP/1.1" 301 182 "-" "-" 
45.86.200.106 - - [06/Aug/2021:17:19:44 -0700] "HEAD /secrepo.com.zip HTTP/1.1" 404 265 "-" "-" 
45.135.187.139 - - [06/Aug/2021:17:20:02 -0700] "HEAD /old/wallet.zip HTTP/1.1" 301 181 "-" "-" 
45.135.187.139 - - [06/Aug/2021:17:20:03 -0700] "HEAD /old/wallet.zip HTTP/1.1" 404 265 "-" "-" 
45.135.187.139 - - [06/Aug/2021:17:20:15 -0700] "HEAD /restore/www.zip HTTP/1.1" 301 182 "-" "-" 
45.135.187.139 - - [06/Aug/2021:17:20:15 -0700] "HEAD /restore/www.zip HTTP/1.1" 404 265 "-" "-" 
86.107.21.205 - - [06/Aug/2021:17:20:38 -0700] "HEAD /bak/full_backup.zip HTTP/1.1" 301 186 "-" "-" 
86.107.21.205 - - [06/Aug/2021:17:20:38 -0700] "HEAD /bak/full_backup.zip HTTP/1.1" 404 265 "-" "-" 
45.86.200.106 - - [06/Aug/2021:17:20:56 -0700] "HEAD /backups/.env HTTP/1.1" 301 179 "-" "-" 
45.86.200.106 - - [06/Aug/2021:17:20:56 -0700] "HEAD /backups/.env HTTP/1.1" 404 265 "-" "-" 
85.203.22.180 - - [06/Aug/2021:17:21:34 -0700] "HEAD /secrepo.com.gz HTTP/1.1" 301 181 "-" "-" 
85.203.22.180 - - [06/Aug/2021:17:21:35 -0700] "HEAD /secrepo.com.gz HTTP/1.1" 404 265 "-" "-" 
45.86.200.106 - - [06/Aug/2021:17:21:49 -0700] "HEAD /bak/public_html.tar.gz HTTP/1.1" 301 189 "-" "-" 
45.86.200.106 - - [06/Aug/2021:17:21:49 -0700] "HEAD /bak/public_html.tar.gz HTTP/1.1" 404 265 "-" "-" 
203.26.81.7 - - [06/Aug/2021:17:22:01 -0700] "HEAD /old/public_html.gz HTTP/1.1" 301 185 "-" "-" 
203.26.81.7 - - [06/Aug/2021:17:22:02 -0700] "HEAD /old/public_html.gz HTTP/1.1" 404 265 "-" "-" 
45.86.200.106 - - [06/Aug/2021:17:22:17 -0700] "HEAD /sftp-config.json HTTP/1.1" 301 183 "-" "-" 
45.86.200.106 - - [06/Aug/2021:17:22:18 -0700] "HEAD /sftp-config.json HTTP/1.1" 404 265 "-" "-" 
66.249.66.84 - - [06/Aug/2021:17:22:21 -0700] "GET / HTTP/1.1" 200 12882 "-" "Mozilla/5.0 (compatible; Googlebot/2.1; +http://www.google.com/bot.html)" 
45.86.200.106 - - [06/Aug/2021:17:23:41 -0700] "HEAD /restore/directory.zip HTTP/1.1" 301 188 "-" "-" 
45.86.200.106 - - [06/Aug/2021:17:23:42 -0700] "HEAD /restore/directory.zip HTTP/1.1" 404 265 "-" "-" 
45.157.5.24 - - [06/Aug/2021:17:24:00 -0700] "HEAD /backups/www.sql HTTP/1.1" 301 182 "-" "-" 
45.157.5.24 - - [06/Aug/2021:17:24:00 -0700] "HEAD /backups/www.sql HTTP/1.1" 404 265 "-" "-" 
17.121.115.82 - - [06/Aug/2021:17:24:55 -0700] "GET /robots.txt HTTP/1.1" 200 333 "-" "Mozilla/5.0 (Macintosh; Intel Mac OS X 10_15_5) AppleWebKit/605.1.15 (KHTML, like Gecko) Version/13.1.1 Safari/605.1.15 (Applebot/0.1; +http://www.apple.com/go/applebot)" 
17.121.115.82 - - [06/Aug/2021:17:24:55 -0700] "GET /self.logs/error.log.2019-12-22 HTTP/1.1" 200 273 "-" "Mozilla/5.0 (Macintosh; Intel Mac OS X 10_15_5) AppleWebKit/605.1.15 (KHTML, like Gecko) Version/13.1.1 Safari/605.1.15 (Applebot/0.1; +http://www.apple.com/go/applebot)" 
203.26.81.7 - - [06/Aug/2021:17:24:56 -0700] "HEAD /backup/directory.tar HTTP/1.1" 301 187 "-" "-" 
203.26.81.7 - - [06/Aug/2021:17:24:56 -0700] "HEAD /backup/directory.tar HTTP/1.1" 404 265 "-" "-" 
154.51.131.142 - - [06/Aug/2021:17:25:27 -0700] "GET / HTTP/1.1" 301 475 "-" "Mozilla/5.0 (Windows NT 10.0; Win64; x64) AppleWebKit/537.36 (KHTML, like Gecko) Chrome/79.0.3945.130 Safari/537.36" 
154.51.131.142 - - [06/Aug/2021:17:25:27 -0700] "GET / HTTP/1.1" 200 12882 "-" "Mozilla/5.0 (Windows NT 10.0; Win64; x64) AppleWebKit/537.36 (KHTML, like Gecko) Chrome/79.0.3945.130 Safari/537.36" 
45.157.5.24 - - [06/Aug/2021:17:25:48 -0700] "HEAD /backups/public_html.tar.gz HTTP/1.1" 301 193 "-" "-" 
45.157.5.24 - - [06/Aug/2021:17:25:48 -0700] "HEAD /backups/public_html.tar.gz HTTP/1.1" 404 265 "-" "-" 
45.135.187.139 - - [06/Aug/2021:17:25:58 -0700] "HEAD /bak/website.rar HTTP/1.1" 301 182 "-" "-" 
45.135.187.139 - - [06/Aug/2021:17:25:59 -0700] "HEAD /bak/website.rar HTTP/1.1" 404 265 "-" "-" 
45.86.200.106 - - [06/Aug/2021:17:26:05 -0700] "HEAD /restore/directory.tar HTTP/1.1" 301 188 "-" "-" 
45.86.200.106 - - [06/Aug/2021:17:26:05 -0700] "HEAD /restore/directory.tar HTTP/1.1" 404 265 "-" "-" 
203.26.81.7 - - [06/Aug/2021:17:26:13 -0700] "HEAD /bak/public_html.zip HTTP/1.1" 301 186 "-" "-" 
203.26.81.7 - - [06/Aug/2021:17:26:13 -0700] "HEAD /bak/public_html.zip HTTP/1.1" 404 265 "-" "-" 
86.107.21.205 - - [06/Aug/2021:17:26:21 -0700] "HEAD /bak/www.zip HTTP/1.1" 301 178 "-" "-" 
86.107.21.205 - - [06/Aug/2021:17:26:21 -0700] "HEAD /bak/www.zip HTTP/1.1" 404 265 "-" "-" 
203.26.81.7 - - [06/Aug/2021:17:26:57 -0700] "HEAD /old/dump.sql HTTP/1.1" 301 179 "-" "-" 
203.26.81.7 - - [06/Aug/2021:17:26:57 -0700] "HEAD /old/dump.sql HTTP/1.1" 404 265 "-" "-" 
45.157.5.24 - - [06/Aug/2021:17:27:17 -0700] "HEAD /backup/directory.tar.gz HTTP/1.1" 301 190 "-" "-" 
45.157.5.24 - - [06/Aug/2021:17:27:17 -0700] "HEAD /backup/directory.tar.gz HTTP/1.1" 404 265 "-" "-" 
45.86.200.106 - - [06/Aug/2021:17:27:43 -0700] "HEAD /backup/.well-known.zip HTTP/1.1" 301 189 "-" "-" 
45.86.200.106 - - [06/Aug/2021:17:27:43 -0700] "HEAD /backup/.well-known.zip HTTP/1.1" 404 265 "-" "-" 
45.157.5.24 - - [06/Aug/2021:17:27:47 -0700] "HEAD /old/directory.tar HTTP/1.1" 301 184 "-" "-" 
45.157.5.24 - - [06/Aug/2021:17:27:48 -0700] "HEAD /old/directory.tar HTTP/1.1" 404 265 "-" "-" 
85.203.22.180 - - [06/Aug/2021:17:28:02 -0700] "HEAD /backup.sql.zip HTTP/1.1" 301 181 "-" "-" 
85.203.22.180 - - [06/Aug/2021:17:28:03 -0700] "HEAD /backup.sql.zip HTTP/1.1" 404 265 "-" "-" 
85.203.22.180 - - [06/Aug/2021:17:28:49 -0700] "HEAD /backup/wallet.dat HTTP/1.1" 301 184 "-" "-" 
85.203.22.180 - - [06/Aug/2021:17:28:49 -0700] "HEAD /backup/wallet.dat HTTP/1.1" 404 265 "-" "-" 
85.203.22.180 - - [06/Aug/2021:17:29:42 -0700] "HEAD /public_html.gz HTTP/1.1" 301 181 "-" "-" 
85.203.22.180 - - [06/Aug/2021:17:29:42 -0700] "HEAD /public_html.gz HTTP/1.1" 404 265 "-" "-" 
45.157.5.24 - - [06/Aug/2021:17:29:45 -0700] "HEAD /backup/backup.sql.gz HTTP/1.1" 301 187 "-" "-" 
45.157.5.24 - - [06/Aug/2021:17:29:46 -0700] "HEAD /backup/backup.sql.gz HTTP/1.1" 404 265 "-" "-" 
203.26.81.7 - - [06/Aug/2021:17:30:00 -0700] "HEAD /old/website.gz HTTP/1.1" 301 181 "-" "-" 
203.26.81.7 - - [06/Aug/2021:17:30:00 -0700] "HEAD /old/website.gz HTTP/1.1" 404 265 "-" "-" 
45.135.187.139 - - [06/Aug/2021:17:30:25 -0700] "HEAD /back/secrepo.com.zip HTTP/1.1" 301 187 "-" "-" 
45.135.187.139 - - [06/Aug/2021:17:30:25 -0700] "HEAD /back/secrepo.com.zip HTTP/1.1" 404 265 "-" "-" 
85.203.22.180 - - [06/Aug/2021:17:30:26 -0700] "HEAD /restore/backup.zip HTTP/1.1" 301 185 "-" "-" 
85.203.22.180 - - [06/Aug/2021:17:30:26 -0700] "HEAD /restore/backup.zip HTTP/1.1" 404 265 "-" "-" 
45.135.187.139 - - [06/Aug/2021:17:30:36 -0700] "HEAD /bak/secrepo.com.rar HTTP/1.1" 301 186 "-" "-" 
45.135.187.139 - - [06/Aug/2021:17:30:37 -0700] "HEAD /bak/secrepo.com.rar HTTP/1.1" 404 265 "-" "-" 
45.135.187.139 - - [06/Aug/2021:17:30:42 -0700] "HEAD /restore/bak.tar HTTP/1.1" 301 182 "-" "-" 
45.135.187.139 - - [06/Aug/2021:17:30:42 -0700] "HEAD /restore/bak.tar HTTP/1.1" 404 265 "-" "-" 
203.26.81.7 - - [06/Aug/2021:17:30:43 -0700] "HEAD /backups/backup.tar HTTP/1.1" 301 185 "-" "-" 
203.26.81.7 - - [06/Aug/2021:17:30:44 -0700] "HEAD /backups/backup.tar HTTP/1.1" 404 265 "-" "-" 
45.86.200.106 - - [06/Aug/2021:17:31:01 -0700] "HEAD /restore/sftp-config.json HTTP/1.1" 301 191 "-" "-" 
45.86.200.106 - - [06/Aug/2021:17:31:01 -0700] "HEAD /restore/sftp-config.json HTTP/1.1" 404 265 "-" "-" 
45.86.200.106 - - [06/Aug/2021:17:31:12 -0700] "HEAD /back/full_backup.zip HTTP/1.1" 301 187 "-" "-" 
45.86.200.106 - - [06/Aug/2021:17:31:13 -0700] "HEAD /back/full_backup.zip HTTP/1.1" 404 265 "-" "-" 
203.26.81.7 - - [06/Aug/2021:17:31:16 -0700] "HEAD /bak/backup.gz HTTP/1.1" 301 180 "-" "-" 
203.26.81.7 - - [06/Aug/2021:17:31:17 -0700] "HEAD /bak/backup.gz HTTP/1.1" 404 265 "-" "-" 
85.203.22.180 - - [06/Aug/2021:17:31:26 -0700] "HEAD /website.tar HTTP/1.1" 301 178 "-" "-" 
85.203.22.180 - - [06/Aug/2021:17:31:26 -0700] "HEAD /website.tar HTTP/1.1" 404 265 "-" "-" 
49.7.20.102 - - [06/Aug/2021:17:34:50 -0700] "GET / HTTP/1.1" 200 12845 "-" "Sogou web spider/4.0(+http://www.sogou.com/docs/help/webmasters.htm#07)" 
45.91.20.241 - - [06/Aug/2021:17:37:02 -0700] "HEAD /old/backup.sql.tar HTTP/1.1" 301 185 "-" "-" 
45.91.20.241 - - [06/Aug/2021:17:37:02 -0700] "HEAD /old/backup.sql.tar HTTP/1.1" 404 265 "-" "-" 
85.203.22.179 - - [06/Aug/2021:17:37:16 -0700] "HEAD /back/backup.sql.zip HTTP/1.1" 301 186 "-" "-" 
85.203.22.179 - - [06/Aug/2021:17:37:17 -0700] "HEAD /back/backup.sql.zip HTTP/1.1" 404 265 "-" "-" 
45.86.201.242 - - [06/Aug/2021:17:37:43 -0700] "HEAD /old/public_html.tar.gz HTTP/1.1" 301 189 "-" "-" 
45.86.201.242 - - [06/Aug/2021:17:37:44 -0700] "HEAD /old/public_html.tar.gz HTTP/1.1" 404 265 "-" "-" 
85.203.22.179 - - [06/Aug/2021:17:37:49 -0700] "HEAD /backup/bak.tar HTTP/1.1" 301 181 "-" "-" 
85.203.22.179 - - [06/Aug/2021:17:37:49 -0700] "HEAD /backup/bak.tar HTTP/1.1" 404 265 "-" "-" 
5.138.13.229 - - [06/Aug/2021:17:38:03 -0700] "HEAD / HTTP/1.1" 200 352 "-" "Xenu Link Sleuth/1.3.8" 
178.17.168.141 - - [06/Aug/2021:17:38:23 -0700] "HEAD /back/website.tar.gz HTTP/1.1" 301 186 "-" "-" 
178.17.168.141 - - [06/Aug/2021:17:38:24 -0700] "HEAD /back/website.tar.gz HTTP/1.1" 404 265 "-" "-" 
85.203.22.179 - - [06/Aug/2021:17:39:41 -0700] "HEAD /backup.rar HTTP/1.1" 301 177 "-" "-" 
80.233.134.134 - - [06/Aug/2021:17:39:41 -0700] "HEAD /old/mysql.sql HTTP/1.1" 301 180 "-" "-" 
80.233.134.134 - - [06/Aug/2021:17:39:41 -0700] "HEAD /old/mysql.sql HTTP/1.1" 404 265 "-" "-" 
85.203.22.179 - - [06/Aug/2021:17:39:41 -0700] "HEAD /backup.rar HTTP/1.1" 404 265 "-" "-" 
45.91.20.241 - - [06/Aug/2021:17:39:45 -0700] "HEAD /restore/bak.gz HTTP/1.1" 301 181 "-" "-" 
45.91.20.241 - - [06/Aug/2021:17:39:45 -0700] "HEAD /restore/bak.gz HTTP/1.1" 404 265 "-" "-" 
85.206.175.220 - - [06/Aug/2021:17:40:14 -0700] "HEAD /old/secrepo.com.sql HTTP/1.1" 301 186 "-" "-" 
85.206.175.220 - - [06/Aug/2021:17:40:15 -0700] "HEAD /old/secrepo.com.sql HTTP/1.1" 404 265 "-" "-" 
85.206.175.220 - - [06/Aug/2021:17:40:18 -0700] "HEAD /www.tar HTTP/1.1" 301 174 "-" "-" 
85.206.175.220 - - [06/Aug/2021:17:40:19 -0700] "HEAD /www.tar HTTP/1.1" 404 265 "-" "-" 
45.86.201.242 - - [06/Aug/2021:17:40:37 -0700] "HEAD /backups/bak.gz HTTP/1.1" 301 181 "-" "-" 
45.86.201.242 - - [06/Aug/2021:17:40:38 -0700] "HEAD /backups/bak.gz HTTP/1.1" 404 265 "-" "-" 
45.91.20.241 - - [06/Aug/2021:17:40:51 -0700] "HEAD /back/backup.sql HTTP/1.1" 301 182 "-" "-" 
45.91.20.241 - - [06/Aug/2021:17:40:51 -0700] "HEAD /back/backup.sql HTTP/1.1" 404 265 "-" "-" 
45.91.20.241 - - [06/Aug/2021:17:41:00 -0700] "HEAD /old/backup.gz HTTP/1.1" 301 180 "-" "-" 
45.91.20.241 - - [06/Aug/2021:17:41:01 -0700] "HEAD /old/backup.gz HTTP/1.1" 404 265 "-" "-" 
45.86.201.242 - - [06/Aug/2021:17:41:02 -0700] "HEAD /old/www.rar HTTP/1.1" 301 178 "-" "-" 
45.86.201.242 - - [06/Aug/2021:17:41:02 -0700] "HEAD /old/www.rar HTTP/1.1" 404 265 "-" "-" 
45.91.20.241 - - [06/Aug/2021:17:41:24 -0700] "HEAD /bak/backup.sql.zip HTTP/1.1" 301 185 "-" "-" 
45.91.20.241 - - [06/Aug/2021:17:41:24 -0700] "HEAD /bak/backup.sql.zip HTTP/1.1" 404 265 "-" "-" 
45.86.201.242 - - [06/Aug/2021:17:41:29 -0700] "HEAD /back/public_html.gz HTTP/1.1" 301 186 "-" "-" 
45.86.201.242 - - [06/Aug/2021:17:41:30 -0700] "HEAD /back/public_html.gz HTTP/1.1" 404 265 "-" "-" 
85.203.22.22 - - [06/Aug/2021:17:41:54 -0700] "HEAD /public_html.zip HTTP/1.1" 301 182 "-" "-" 
85.203.22.22 - - [06/Aug/2021:17:41:55 -0700] "HEAD /public_html.zip HTTP/1.1" 404 265 "-" "-" 
80.233.134.134 - - [06/Aug/2021:17:42:01 -0700] "HEAD /old/backup.sql.zip HTTP/1.1" 301 185 "-" "-" 
80.233.134.134 - - [06/Aug/2021:17:42:02 -0700] "HEAD /old/backup.sql.zip HTTP/1.1" 404 265 "-" "-" 
138.201.39.254 - - [06/Aug/2021:17:42:12 -0700] "GET /sitemap.xml HTTP/1.1" 404 291 "-" "Mozilla/5.0 (compatible; DataForSeoBot/1.0; +https://dataforseo.com/dataforseo-bot)" 
45.91.20.241 - - [06/Aug/2021:17:42:33 -0700] "HEAD /bak.rar HTTP/1.1" 301 174 "-" "-" 
45.91.20.241 - - [06/Aug/2021:17:42:33 -0700] "HEAD /bak.rar HTTP/1.1" 404 265 "-" "-" 
45.91.20.241 - - [06/Aug/2021:17:42:52 -0700] "HEAD /restore/directory.rar HTTP/1.1" 301 188 "-" "-" 
45.91.20.241 - - [06/Aug/2021:17:42:52 -0700] "HEAD /restore/directory.rar HTTP/1.1" 404 265 "-" "-" 
85.206.175.220 - - [06/Aug/2021:17:42:54 -0700] "HEAD /bak/directory.tar.gz HTTP/1.1" 301 187 "-" "-" 
85.206.175.220 - - [06/Aug/2021:17:42:55 -0700] "HEAD /bak/directory.tar.gz HTTP/1.1" 404 265 "-" "-" 
80.233.134.134 - - [06/Aug/2021:17:43:33 -0700] "HEAD /bak/sql.sql HTTP/1.1" 301 178 "-" "-" 
80.233.134.134 - - [06/Aug/2021:17:43:33 -0700] "HEAD /bak/sql.sql HTTP/1.1" 404 265 "-" "-" 
49.7.20.116 - - [06/Aug/2021:17:43:43 -0700] "GET / HTTP/1.1" 200 12845 "-" "Sogou web spider/4.0(+http://www.sogou.com/docs/help/webmasters.htm#07)" 
85.206.175.220 - - [06/Aug/2021:17:44:04 -0700] "HEAD /backups/backup.rar HTTP/1.1" 301 185 "-" "-" 
85.206.175.220 - - [06/Aug/2021:17:44:04 -0700] "HEAD /backups/backup.rar HTTP/1.1" 404 265 "-" "-" 
45.91.20.241 - - [06/Aug/2021:17:44:11 -0700] "HEAD /bak/directory.rar HTTP/1.1" 301 184 "-" "-" 
45.91.20.241 - - [06/Aug/2021:17:44:12 -0700] "HEAD /bak/directory.rar HTTP/1.1" 404 265 "-" "-" 
45.86.201.242 - - [06/Aug/2021:17:44:19 -0700] "HEAD /backup/sftp-config.json HTTP/1.1" 301 190 "-" "-" 
45.86.201.242 - - [06/Aug/2021:17:44:20 -0700] "HEAD /backup/sftp-config.json HTTP/1.1" 404 265 "-" "-" 
45.86.201.242 - - [06/Aug/2021:17:44:27 -0700] "HEAD /restore/backup.rar HTTP/1.1" 301 185 "-" "-" 
80.233.134.134 - - [06/Aug/2021:17:44:29 -0700] "HEAD /index.zip HTTP/1.1" 301 176 "-" "-" 
80.233.134.134 - - [06/Aug/2021:17:44:30 -0700] "HEAD /index.zip HTTP/1.1" 404 265 "-" "-" 
80.233.134.134 - - [06/Aug/2021:17:44:39 -0700] "HEAD /back/backup.tar.gz HTTP/1.1" 301 185 "-" "-" 
80.233.134.134 - - [06/Aug/2021:17:44:40 -0700] "HEAD /back/backup.tar.gz HTTP/1.1" 404 265 "-" "-" 
178.17.168.141 - - [06/Aug/2021:17:45:02 -0700] "HEAD /website.gz HTTP/1.1" 301 177 "-" "-" 
178.17.168.141 - - [06/Aug/2021:17:45:02 -0700] "HEAD /website.gz HTTP/1.1" 404 265 "-" "-" 
45.91.20.241 - - [06/Aug/2021:17:45:13 -0700] "HEAD /restore/website.tar HTTP/1.1" 301 186 "-" "-" 
45.91.20.241 - - [06/Aug/2021:17:45:13 -0700] "HEAD /restore/website.tar HTTP/1.1" 404 265 "-" "-" 
45.91.20.241 - - [06/Aug/2021:17:45:33 -0700] "HEAD /backups/backup.gz HTTP/1.1" 301 184 "-" "-" 
45.91.20.241 - - [06/Aug/2021:17:45:34 -0700] "HEAD /backups/backup.gz HTTP/1.1" 404 265 "-" "-" 
45.86.201.242 - - [06/Aug/2021:17:45:36 -0700] "HEAD /backups/backup.zip HTTP/1.1" 301 185 "-" "-" 
45.86.201.242 - - [06/Aug/2021:17:45:36 -0700] "HEAD /backups/backup.zip HTTP/1.1" 404 265 "-" "-" 
66.249.66.86 - - [06/Aug/2021:17:46:22 -0700] "GET /self.logs/error.log.2020-05-19 HTTP/1.1" 200 351 "-" "Mozilla/5.0 (compatible; Googlebot/2.1; +http://www.google.com/bot.html)" 
178.17.168.141 - - [06/Aug/2021:17:47:00 -0700] "HEAD /back/dump.sql HTTP/1.1" 301 180 "-" "-" 
178.17.168.141 - - [06/Aug/2021:17:47:00 -0700] "HEAD /back/dump.sql HTTP/1.1" 404 265 "-" "-" 
85.203.22.179 - - [06/Aug/2021:17:47:06 -0700] "HEAD /bak/backup.tar.gz HTTP/1.1" 301 184 "-" "-" 
85.203.22.179 - - [06/Aug/2021:17:47:07 -0700] "HEAD /bak/backup.tar.gz HTTP/1.1" 404 265 "-" "-" 
85.203.44.191 - - [06/Aug/2021:17:47:15 -0700] "HEAD /old/latest.zip HTTP/1.1" 301 181 "-" "-" 
85.203.44.191 - - [06/Aug/2021:17:47:15 -0700] "HEAD /old/latest.zip HTTP/1.1" 404 265 "-" "-" 
85.206.175.220 - - [06/Aug/2021:17:47:37 -0700] "HEAD /restore/www.sql HTTP/1.1" 301 182 "-" "-" 
85.206.175.220 - - [06/Aug/2021:17:47:37 -0700] "HEAD /restore/www.sql HTTP/1.1" 404 265 "-" "-" 
45.86.201.242 - - [06/Aug/2021:17:47:50 -0700] "HEAD /bak/secrepo.com.sql HTTP/1.1" 301 186 "-" "-" 
45.86.201.242 - - [06/Aug/2021:17:47:51 -0700] "HEAD /bak/secrepo.com.sql HTTP/1.1" 404 265 "-" "-" 
85.206.175.220 - - [06/Aug/2021:17:48:07 -0700] "HEAD /bak/backup.zip HTTP/1.1" 301 181 "-" "-" 
85.206.175.220 - - [06/Aug/2021:17:48:07 -0700] "HEAD /bak/backup.zip HTTP/1.1" 404 265 "-" "-" 
80.233.134.134 - - [06/Aug/2021:17:48:11 -0700] "HEAD /restore/secrepo.com.rar HTTP/1.1" 301 190 "-" "-" 
80.233.134.134 - - [06/Aug/2021:17:48:13 -0700] "HEAD /restore/secrepo.com.rar HTTP/1.1" 404 265 "-" "-" 
45.86.201.242 - - [06/Aug/2021:17:48:13 -0700] "HEAD /directory.rar HTTP/1.1" 301 180 "-" "-" 
45.86.201.242 - - [06/Aug/2021:17:48:14 -0700] "HEAD /directory.rar HTTP/1.1" 404 265 "-" "-" 
54.36.148.182 - - [06/Aug/2021:17:48:22 -0700] "GET /self.logs/access.log.2017-11-15.gz HTTP/1.1" 200 29578 "-" "Mozilla/5.0 (compatible; AhrefsBot/7.0; +http://ahrefs.com/robot/)" 
85.203.22.22 - - [06/Aug/2021:17:48:27 -0700] "HEAD /backup/secrepo.com.rar HTTP/1.1" 301 189 "-" "-" 
85.203.22.22 - - [06/Aug/2021:17:48:28 -0700] "HEAD /backup/secrepo.com.rar HTTP/1.1" 404 265 "-" "-" 
85.203.22.179 - - [06/Aug/2021:17:48:58 -0700] "HEAD /backups/wallet.zip HTTP/1.1" 301 185 "-" "-" 
85.203.22.179 - - [06/Aug/2021:17:48:58 -0700] "HEAD /backups/wallet.zip HTTP/1.1" 404 265 "-" "-" 
85.203.22.179 - - [06/Aug/2021:17:49:16 -0700] "HEAD /restore/bak.rar HTTP/1.1" 301 182 "-" "-" 
85.203.22.179 - - [06/Aug/2021:17:49:17 -0700] "HEAD /restore/bak.rar HTTP/1.1" 404 265 "-" "-" 
178.17.168.141 - - [06/Aug/2021:17:49:21 -0700] "HEAD /latest.zip HTTP/1.1" 301 177 "-" "-" 
178.17.168.141 - - [06/Aug/2021:17:49:22 -0700] "HEAD /latest.zip HTTP/1.1" 404 265 "-" "-" 
85.206.175.220 - - [06/Aug/2021:17:49:45 -0700] "HEAD /restore/www.tar HTTP/1.1" 301 182 "-" "-" 
85.206.175.220 - - [06/Aug/2021:17:49:46 -0700] "HEAD /restore/www.tar HTTP/1.1" 404 265 "-" "-" 
45.86.201.242 - - [06/Aug/2021:17:50:07 -0700] "HEAD /backups/www.rar HTTP/1.1" 301 182 "-" "-" 
45.86.201.242 - - [06/Aug/2021:17:50:07 -0700] "HEAD /backups/www.rar HTTP/1.1" 404 265 "-" "-" 
85.203.22.22 - - [06/Aug/2021:17:50:21 -0700] "HEAD /backup/bak.zip HTTP/1.1" 301 181 "-" "-" 
85.203.22.22 - - [06/Aug/2021:17:50:22 -0700] "HEAD /backup/bak.zip HTTP/1.1" 404 265 "-" "-" 
85.203.44.191 - - [06/Aug/2021:17:50:23 -0700] "HEAD /backup/backup.sql.tar HTTP/1.1" 301 188 "-" "-" 
85.203.44.191 - - [06/Aug/2021:17:50:24 -0700] "HEAD /backup/backup.sql.tar HTTP/1.1" 404 265 "-" "-" 
49.7.20.105 - - [06/Aug/2021:17:50:49 -0700] "GET / HTTP/1.1" 200 12845 "-" "Sogou web spider/4.0(+http://www.sogou.com/docs/help/webmasters.htm#07)" 
85.203.22.179 - - [06/Aug/2021:17:51:04 -0700] "HEAD /old/backup.sql HTTP/1.1" 301 181 "-" "-" 
85.203.22.179 - - [06/Aug/2021:17:51:05 -0700] "HEAD /old/backup.sql HTTP/1.1" 404 265 "-" "-" 
45.86.201.242 - - [06/Aug/2021:17:51:27 -0700] "HEAD /restore/bak.tar.gz HTTP/1.1" 301 185 "-" "-" 
45.86.201.242 - - [06/Aug/2021:17:51:27 -0700] "HEAD /restore/bak.tar.gz HTTP/1.1" 404 265 "-" "-" 
45.86.201.242 - - [06/Aug/2021:17:51:30 -0700] "HEAD /back/.bash_history HTTP/1.1" 301 185 "-" "-" 
45.86.201.242 - - [06/Aug/2021:17:51:30 -0700] "HEAD /back/.bash_history HTTP/1.1" 404 265 "-" "-" 
45.91.20.241 - - [06/Aug/2021:17:51:43 -0700] "HEAD /back/sql.sql HTTP/1.1" 301 179 "-" "-" 
45.91.20.241 - - [06/Aug/2021:17:51:44 -0700] "HEAD /back/sql.sql HTTP/1.1" 404 265 "-" "-" 
85.206.175.220 - - [06/Aug/2021:17:51:44 -0700] "HEAD /old/www.zip HTTP/1.1" 301 178 "-" "-" 
85.206.175.220 - - [06/Aug/2021:17:51:45 -0700] "HEAD /old/www.zip HTTP/1.1" 404 265 "-" "-" 
45.91.20.241 - - [06/Aug/2021:17:51:47 -0700] "HEAD /bak/sftp-config.json HTTP/1.1" 301 187 "-" "-" 
45.91.20.241 - - [06/Aug/2021:17:51:47 -0700] "HEAD /bak/sftp-config.json HTTP/1.1" 404 265 "-" "-" 
178.17.168.141 - - [06/Aug/2021:17:52:09 -0700] "HEAD /restore/www.gz HTTP/1.1" 301 181 "-" "-" 
178.17.168.141 - - [06/Aug/2021:17:52:09 -0700] "HEAD /restore/www.gz HTTP/1.1" 404 265 "-" "-" 
49.7.20.102 - - [06/Aug/2021:18:08:10 -0700] "GET / HTTP/1.1" 200 12845 "-" "Sogou web spider/4.0(+http://www.sogou.com/docs/help/webmasters.htm#07)" 
66.249.66.86 - - [06/Aug/2021:18:09:40 -0700] "GET /self.logs/error.log.2019-10-22 HTTP/1.1" 200 351 "-" "Mozilla/5.0 (compatible; Googlebot/2.1; +http://www.google.com/bot.html)" 
114.119.159.40 - - [06/Aug/2021:18:14:32 -0700] "GET /self.logs/error.log.2019-04-12.gz HTTP/1.1" 200 4279 "-" "Mozilla/5.0 (Linux; Android 7.0;) AppleWebKit/537.36 (KHTML, like Gecko) Mobile Safari/537.36 (compatible; PetalBot;+https://webmaster.petalsearch.com/site/petalbot)" 
188.40.72.119 - - [06/Aug/2021:18:15:23 -0700] "GET /robots.txt HTTP/1.1" 301 458 "-" "Mozilla/5.0 (compatible; DataForSeoBot/1.0; +https://dataforseo.com/dataforseo-bot)" 
188.40.72.119 - - [06/Aug/2021:18:15:23 -0700] "GET /robots.txt HTTP/1.1" 200 340 "-" "Mozilla/5.0 (compatible; DataForSeoBot/1.0; +https://dataforseo.com/dataforseo-bot)" 
136.243.144.179 - - [06/Aug/2021:18:15:23 -0700] "GET /robots.txt HTTP/1.1" 301 458 "-" "Mozilla/5.0 (compatible; DataForSeoBot/1.0; +https://dataforseo.com/dataforseo-bot)" 
188.40.72.119 - - [06/Aug/2021:18:15:23 -0700] "GET / HTTP/1.1" 301 438 "-" "Mozilla/5.0 (compatible; DataForSeoBot/1.0; +https://dataforseo.com/dataforseo-bot)" 
136.243.144.179 - - [06/Aug/2021:18:15:23 -0700] "GET /robots.txt HTTP/1.1" 200 340 "-" "Mozilla/5.0 (compatible; DataForSeoBot/1.0; +https://dataforseo.com/dataforseo-bot)" 
136.243.144.179 - - [06/Aug/2021:18:15:24 -0700] "GET /sitemap.xml HTTP/1.1" 301 460 "-" "Mozilla/5.0 (compatible; DataForSeoBot/1.0; +https://dataforseo.com/dataforseo-bot)" 
136.243.144.179 - - [06/Aug/2021:18:15:24 -0700] "GET /sitemap.xml HTTP/1.1" 404 291 "-" "Mozilla/5.0 (compatible; DataForSeoBot/1.0; +https://dataforseo.com/dataforseo-bot)" 
49.7.20.116 - - [06/Aug/2021:18:16:30 -0700] "GET / HTTP/1.1" 200 12845 "-" "Sogou web spider/4.0(+http://www.sogou.com/docs/help/webmasters.htm#07)" 
66.249.66.85 - - [06/Aug/2021:18:32:59 -0700] "GET /self.logs/error.log.2020-12-22 HTTP/1.1" 200 351 "-" "Mozilla/5.0 (compatible; Googlebot/2.1; +http://www.google.com/bot.html)" 
106.38.241.127 - - [06/Aug/2021:18:34:27 -0700] "GET / HTTP/1.1" 200 12846 "-" "Sogou web spider/4.0(+http://www.sogou.com/docs/help/webmasters.htm#07)" 
49.7.20.102 - - [06/Aug/2021:18:36:44 -0700] "GET / HTTP/1.1" 200 12846 "-" "Sogou web spider/4.0(+http://www.sogou.com/docs/help/webmasters.htm#07)" 
54.36.148.153 - - [06/Aug/2021:18:37:53 -0700] "GET / HTTP/1.1" 200 12839 "-" "Mozilla/5.0 (compatible; AhrefsBot/7.0; +http://ahrefs.com/robot/)" 
123.183.224.119 - - [06/Aug/2021:18:39:54 -0700] "GET / HTTP/1.1" 301 438 "-" "Sogou web spider/4.0(+http://www.sogou.com/docs/help/webmasters.htm#07)" 
106.38.241.127 - - [06/Aug/2021:18:42:24 -0700] "GET / HTTP/1.1" 200 12846 "-" "Sogou web spider/4.0(+http://www.sogou.com/docs/help/webmasters.htm#07)" 
66.249.66.85 - - [06/Aug/2021:18:44:38 -0700] "GET /self.logs/error.log.2020-04-01 HTTP/1.1" 200 351 "-" "Mozilla/5.0 (compatible; Googlebot/2.1; +http://www.google.com/bot.html)" 
49.7.20.105 - - [06/Aug/2021:18:47:24 -0700] "GET / HTTP/1.1" 200 12846 "-" "Sogou web spider/4.0(+http://www.sogou.com/docs/help/webmasters.htm#07)" 
123.183.224.119 - - [06/Aug/2021:18:47:50 -0700] "GET / HTTP/1.1" 200 12846 "-" "Sogou web spider/4.0(+http://www.sogou.com/docs/help/webmasters.htm#07)" 
123.183.224.2 - - [06/Aug/2021:18:47:56 -0700] "GET /css/style.css HTTP/1.1" 301 464 "http://secrepo.com/" "Mozilla/5.0 (X11; Linux x86_64) AppleWebKit/537.36 (KHTML, like Gecko) Chrome/73.0.3683.86 Safari/537.36" 
123.183.224.2 - - [06/Aug/2021:18:47:59 -0700] "GET /css/style.css HTTP/1.1" 404 291 "http://secrepo.com/" "Mozilla/5.0 (X11; Linux x86_64) AppleWebKit/537.36 (KHTML, like Gecko) Chrome/73.0.3683.86 Safari/537.36" 
123.183.224.2 - - [06/Aug/2021:18:47:59 -0700] "GET /css/style.css HTTP/1.1" 301 464 "http://secrepo.com/" "Mozilla/5.0 (X11; Linux x86_64) AppleWebKit/537.36 (KHTML, like Gecko) Chrome/73.0.3683.86 Safari/537.36" 
123.183.224.2 - - [06/Aug/2021:18:48:00 -0700] "GET /css/style.css HTTP/1.1" 404 291 "http://secrepo.com/" "Mozilla/5.0 (X11; Linux x86_64) AppleWebKit/537.36 (KHTML, like Gecko) Chrome/73.0.3683.86 Safari/537.36" 
123.183.224.146 - - [06/Aug/2021:18:48:01 -0700] "GET /css/style.css HTTP/1.1" 301 464 "http://secrepo.com/" "Mozilla/5.0 (X11; Linux x86_64) AppleWebKit/537.36 (KHTML, like Gecko) Chrome/73.0.3683.86 Safari/537.36" 
123.183.224.146 - - [06/Aug/2021:18:48:01 -0700] "GET /css/style.css HTTP/1.1" 404 291 "http://secrepo.com/" "Mozilla/5.0 (X11; Linux x86_64) AppleWebKit/537.36 (KHTML, like Gecko) Chrome/73.0.3683.86 Safari/537.36" 
123.183.224.2 - - [06/Aug/2021:18:48:02 -0700] "GET /css/style.css HTTP/1.1" 301 464 "http://secrepo.com/" "Mozilla/5.0 (X11; Linux x86_64) AppleWebKit/537.36 (KHTML, like Gecko) Chrome/73.0.3683.86 Safari/537.36" 
123.183.224.146 - - [06/Aug/2021:18:48:02 -0700] "GET /css/style.css HTTP/1.1" 301 464 "http://secrepo.com/" "Mozilla/5.0 (X11; Linux x86_64) AppleWebKit/537.36 (KHTML, like Gecko) Chrome/73.0.3683.86 Safari/537.36" 
123.183.224.2 - - [06/Aug/2021:18:48:02 -0700] "GET /css/style.css HTTP/1.1" 404 291 "http://secrepo.com/" "Mozilla/5.0 (X11; Linux x86_64) AppleWebKit/537.36 (KHTML, like Gecko) Chrome/73.0.3683.86 Safari/537.36" 
123.183.224.146 - - [06/Aug/2021:18:48:02 -0700] "GET /css/style.css HTTP/1.1" 404 291 "http://secrepo.com/" "Mozilla/5.0 (X11; Linux x86_64) AppleWebKit/537.36 (KHTML, like Gecko) Chrome/73.0.3683.86 Safari/537.36" 
123.183.224.146 - - [06/Aug/2021:18:48:03 -0700] "GET /css/style.css HTTP/1.1" 301 464 "http://secrepo.com/" "Mozilla/5.0 (X11; Linux x86_64) AppleWebKit/537.36 (KHTML, like Gecko) Chrome/73.0.3683.86 Safari/537.36" 
123.183.224.146 - - [06/Aug/2021:18:48:03 -0700] "GET /css/style.css HTTP/1.1" 404 291 "http://secrepo.com/" "Mozilla/5.0 (X11; Linux x86_64) AppleWebKit/537.36 (KHTML, like Gecko) Chrome/73.0.3683.86 Safari/537.36" 
49.7.20.116 - - [06/Aug/2021:18:49:05 -0700] "GET / HTTP/1.1" 200 12846 "-" "Sogou web spider/4.0(+http://www.sogou.com/docs/help/webmasters.htm#07)" 
106.38.241.178 - - [06/Aug/2021:18:58:59 -0700] "GET / HTTP/1.1" 200 12846 "-" "Sogou web spider/4.0(+http://www.sogou.com/docs/help/webmasters.htm#07)" 
106.38.241.127 - - [06/Aug/2021:19:03:58 -0700] "GET / HTTP/1.1" 200 12844 "-" "Sogou web spider/4.0(+http://www.sogou.com/docs/help/webmasters.htm#07)" 
49.7.20.102 - - [06/Aug/2021:19:12:03 -0700] "GET / HTTP/1.1" 200 12844 "-" "Sogou web spider/4.0(+http://www.sogou.com/docs/help/webmasters.htm#07)" 
66.249.66.85 - - [06/Aug/2021:19:19:38 -0700] "GET /self.logs/error.log.2020-06-07 HTTP/1.1" 200 351 "-" "Mozilla/5.0 (compatible; Googlebot/2.1; +http://www.google.com/bot.html)" 
49.7.20.116 - - [06/Aug/2021:19:22:49 -0700] "GET / HTTP/1.1" 200 12845 "-" "Sogou web spider/4.0(+http://www.sogou.com/docs/help/webmasters.htm#07)" 
106.38.241.178 - - [06/Aug/2021:19:25:34 -0700] "GET / HTTP/1.1" 200 12845 "-" "Sogou web spider/4.0(+http://www.sogou.com/docs/help/webmasters.htm#07)" 
54.36.148.198 - - [06/Aug/2021:19:26:29 -0700] "GET /Datasets%20Description/Network/?C=M;O=A HTTP/1.1" 200 725 "-" "Mozilla/5.0 (compatible; AhrefsBot/7.0; +http://ahrefs.com/robot/)" 
52.212.146.96 - - [06/Aug/2021:19:30:01 -0700] "GET /self.logs/access.log.2021-07-31.gz HTTP/1.1" 200 24123 "-" "python-requests/2.12.1" 
106.38.241.127 - - [06/Aug/2021:19:33:02 -0700] "GET / HTTP/1.1" 200 12845 "-" "Sogou web spider/4.0(+http://www.sogou.com/docs/help/webmasters.htm#07)" 
183.198.48.1 - - [06/Aug/2021:19:37:28 -0700] "GET /favicon.ico HTTP/1.1" 200 391 "-" "Mozilla/5.0 (Windows NT 10.0; WOW64) AppleWebKit/537.36 (KHTML, like Gecko) Chrome/86.0.4240.198 Safari/537.36" 
49.7.20.102 - - [06/Aug/2021:19:45:37 -0700] "GET / HTTP/1.1" 200 12845 "-" "Sogou web spider/4.0(+http://www.sogou.com/docs/help/webmasters.htm#07)" 
31.53.228.17 - - [06/Aug/2021:19:46:46 -0700] "GET / HTTP/1.1" 200 12882 "https://uk.search.yahoo.com/" "Mozilla/5.0 (Windows NT 10.0; Win64; x64) AppleWebKit/537.36 (KHTML, like Gecko) Chrome/91.0.4472.124 Safari/537.36" 
31.53.228.17 - - [06/Aug/2021:19:46:48 -0700] "GET /css/style.css HTTP/1.1" 404 328 "http://www.secrepo.com/" "Mozilla/5.0 (Windows NT 10.0; Win64; x64) AppleWebKit/537.36 (KHTML, like Gecko) Chrome/91.0.4472.124 Safari/537.36" 
31.53.228.17 - - [06/Aug/2021:19:46:49 -0700] "GET /twitter-icon.png HTTP/1.1" 200 27916 "http://www.secrepo.com/" "Mozilla/5.0 (Windows NT 10.0; Win64; x64) AppleWebKit/537.36 (KHTML, like Gecko) Chrome/91.0.4472.124 Safari/537.36" 
31.53.228.17 - - [06/Aug/2021:19:46:49 -0700] "GET /GitHub-Mark.png HTTP/1.1" 200 7556 "http://www.secrepo.com/" "Mozilla/5.0 (Windows NT 10.0; Win64; x64) AppleWebKit/537.36 (KHTML, like Gecko) Chrome/91.0.4472.124 Safari/537.36" 
31.53.228.17 - - [06/Aug/2021:19:46:53 -0700] "GET /bootstrap/img/favicon.ico HTTP/1.1" 200 713 "http://www.secrepo.com/" "Mozilla/5.0 (Windows NT 10.0; Win64; x64) AppleWebKit/537.36 (KHTML, like Gecko) Chrome/91.0.4472.124 Safari/537.36" 
106.38.241.178 - - [06/Aug/2021:19:47:11 -0700] "GET / HTTP/1.1" 200 12845 "-" "Sogou web spider/4.0(+http://www.sogou.com/docs/help/webmasters.htm#07)" 
54.36.148.119 - - [06/Aug/2021:19:48:09 -0700] "GET /Datasets%20Description/Network/?C=D;O=A HTTP/1.1" 200 725 "-" "Mozilla/5.0 (compatible; AhrefsBot/7.0; +http://ahrefs.com/robot/)" 
111.198.224.23 - - [06/Aug/2021:19:52:42 -0700] "GET / HTTP/1.1" 200 12882 "-" "Mozilla/5.0 (Macintosh; Intel Mac OS X 10_15_7) AppleWebKit/605.1.15 (KHTML, like Gecko)" 
111.198.224.23 - - [06/Aug/2021:19:52:43 -0700] "GET /apple-touch-icon-precomposed.png HTTP/1.1" 404 328 "-" "Safari%E6%B5%8F%E8%A7%88%E5%99%A8/16611.3.10.1.3 CFNetwork/1240.0.4 Darwin/20.6.0" 
111.198.224.23 - - [06/Aug/2021:19:52:43 -0700] "GET /apple-touch-icon.png HTTP/1.1" 404 305 "-" "Safari%E6%B5%8F%E8%A7%88%E5%99%A8/16611.3.10.1.3 CFNetwork/1240.0.4 Darwin/20.6.0" 
111.198.224.23 - - [06/Aug/2021:19:52:43 -0700] "GET / HTTP/1.1" 200 12859 "-" "Mozilla/5.0 (iPhone; CPU iPhone OS 14_0 like Mac OS X) AppleWebKit/605.1.15 (KHTML, like Gecko) Version/14.0 Mobile/15E148 Safari/604.1" 
111.198.224.23 - - [06/Aug/2021:19:52:43 -0700] "GET /apple-touch-icon-precomposed.png HTTP/1.1" 404 305 "-" "Safari%E6%B5%8F%E8%A7%88%E5%99%A8/16611.3.10.1.3 CFNetwork/1240.0.4 Darwin/20.6.0" 
111.198.224.23 - - [06/Aug/2021:19:52:43 -0700] "GET /apple-touch-icon.png HTTP/1.1" 404 305 "-" "Safari%E6%B5%8F%E8%A7%88%E5%99%A8/16611.3.10.1.3 CFNetwork/1240.0.4 Darwin/20.6.0" 
66.249.66.85 - - [06/Aug/2021:19:54:34 -0700] "GET /self.logs/error.log.2020-08-28 HTTP/1.1" 200 351 "-" "Mozilla/5.0 (compatible; Googlebot/2.1; +http://www.google.com/bot.html)" 
111.198.224.23 - - [06/Aug/2021:19:55:06 -0700] "GET / HTTP/1.1" 200 12882 "-" "Mozilla/5.0 (Macintosh; Intel Mac OS X 10_15_7) AppleWebKit/605.1.15 (KHTML, like Gecko)" 
111.198.224.23 - - [06/Aug/2021:19:55:07 -0700] "GET /apple-touch-icon-precomposed.png HTTP/1.1" 404 328 "-" "Safari%E6%B5%8F%E8%A7%88%E5%99%A8/16611.3.10.1.3 CFNetwork/1240.0.4 Darwin/20.6.0" 
111.198.224.23 - - [06/Aug/2021:19:55:07 -0700] "GET /apple-touch-icon.png HTTP/1.1" 404 305 "-" "Safari%E6%B5%8F%E8%A7%88%E5%99%A8/16611.3.10.1.3 CFNetwork/1240.0.4 Darwin/20.6.0" 
111.198.224.23 - - [06/Aug/2021:19:55:07 -0700] "GET / HTTP/1.1" 200 12882 "-" "Mozilla/5.0 (iPhone; CPU iPhone OS 14_0 like Mac OS X) AppleWebKit/605.1.15 (KHTML, like Gecko) Version/14.0 Mobile/15E148 Safari/604.1" 
111.198.224.23 - - [06/Aug/2021:19:55:08 -0700] "GET /apple-touch-icon-precomposed.png HTTP/1.1" 404 305 "-" "Safari%E6%B5%8F%E8%A7%88%E5%99%A8/16611.3.10.1.3 CFNetwork/1240.0.4 Darwin/20.6.0" 
111.198.224.23 - - [06/Aug/2021:19:55:08 -0700] "GET /apple-touch-icon.png HTTP/1.1" 404 305 "-" "Safari%E6%B5%8F%E8%A7%88%E5%99%A8/16611.3.10.1.3 CFNetwork/1240.0.4 Darwin/20.6.0" 
111.198.224.23 - - [06/Aug/2021:19:57:13 -0700] "GET / HTTP/1.1" 200 12882 "-" "Mozilla/5.0 (Macintosh; Intel Mac OS X 10_15_7) AppleWebKit/605.1.15 (KHTML, like Gecko)" 
111.198.224.23 - - [06/Aug/2021:19:57:14 -0700] "GET /apple-touch-icon-precomposed.png HTTP/1.1" 404 328 "-" "Safari%E6%B5%8F%E8%A7%88%E5%99%A8/16611.3.10.1.3 CFNetwork/1240.0.4 Darwin/20.6.0" 
111.198.224.23 - - [06/Aug/2021:19:57:15 -0700] "GET /apple-touch-icon.png HTTP/1.1" 404 305 "-" "Safari%E6%B5%8F%E8%A7%88%E5%99%A8/16611.3.10.1.3 CFNetwork/1240.0.4 Darwin/20.6.0" 
111.198.224.23 - - [06/Aug/2021:19:57:16 -0700] "GET / HTTP/1.1" 200 12882 "-" "Mozilla/5.0 (iPhone; CPU iPhone OS 14_0 like Mac OS X) AppleWebKit/605.1.15 (KHTML, like Gecko) Version/14.0 Mobile/15E148 Safari/604.1" 
111.198.224.23 - - [06/Aug/2021:19:57:16 -0700] "GET /apple-touch-icon-precomposed.png HTTP/1.1" 404 305 "-" "Safari%E6%B5%8F%E8%A7%88%E5%99%A8/16611.3.10.1.3 CFNetwork/1240.0.4 Darwin/20.6.0" 
111.198.224.23 - - [06/Aug/2021:19:57:17 -0700] "GET /apple-touch-icon.png HTTP/1.1" 404 305 "-" "Safari%E6%B5%8F%E8%A7%88%E5%99%A8/16611.3.10.1.3 CFNetwork/1240.0.4 Darwin/20.6.0" 
40.77.167.88 - - [06/Aug/2021:19:57:30 -0700] "GET /robots.txt HTTP/1.1" 301 495 "-" "Mozilla/5.0 (compatible; bingbot/2.0; +http://www.bing.com/bingbot.htm)" 
40.77.167.88 - - [06/Aug/2021:19:57:30 -0700] "GET /robots.txt HTTP/1.1" 200 377 "-" "Mozilla/5.0 (compatible; bingbot/2.0; +http://www.bing.com/bingbot.htm)" 
157.55.39.159 - - [06/Aug/2021:19:57:41 -0700] "GET /self.logs/error.log.2017-10-15.gz HTTP/1.1" 301 541 "-" "Mozilla/5.0 (compatible; bingbot/2.0; +http://www.bing.com/bingbot.htm)" 
49.7.20.105 - - [06/Aug/2021:19:58:52 -0700] "GET / HTTP/1.1" 200 12845 "-" "Sogou web spider/4.0(+http://www.sogou.com/docs/help/webmasters.htm#07)" 
49.7.20.116 - - [06/Aug/2021:20:01:04 -0700] "GET / HTTP/1.1" 200 12842 "-" "Sogou web spider/4.0(+http://www.sogou.com/docs/help/webmasters.htm#07)" 
106.38.241.127 - - [06/Aug/2021:20:04:17 -0700] "GET / HTTP/1.1" 200 12842 "-" "Sogou web spider/4.0(+http://www.sogou.com/docs/help/webmasters.htm#07)" 
14.215.176.20 - - [06/Aug/2021:20:04:58 -0700] "GET / HTTP/1.1" 200 12879 "http://www.baidu.com/s?wd=why5gx" "Mozilla/5.0 (Windows NT 6.1; WOW64; rv:43.0) Gecko/20100101 Firefox/43.0" 
14.215.176.20 - - [06/Aug/2021:20:04:58 -0700] "GET /css/style.css HTTP/1.1" 404 305 "http://www.secrepo.com/" "Mozilla/5.0 (Windows NT 6.1; WOW64; rv:43.0) Gecko/20100101 Firefox/43.0" 
207.46.13.91 - - [06/Aug/2021:20:08:25 -0700] "GET /self.logs/access.log.2021-05-20.gz HTTP/1.1" 200 26129 "-" "Mozilla/5.0 (compatible; bingbot/2.0; +http://www.bing.com/bingbot.htm)" 
54.36.148.75 - - [06/Aug/2021:20:08:47 -0700] "GET /Datasets%20Description/Network/smtp.html HTTP/1.1" 200 1593 "-" "Mozilla/5.0 (compatible; AhrefsBot/7.0; +http://ahrefs.com/robot/)" 
123.183.224.90 - - [06/Aug/2021:20:08:44 -0700] "GET /honeypot/BSidesDFW%20-%202014.ipynb HTTP/1.1" 200 67160 "-" "Sogou web spider/4.0(+http://www.sogou.com/docs/help/webmasters.htm#07)" 
106.38.241.160 - - [06/Aug/2021:20:10:33 -0700] "GET / HTTP/1.1" 301 438 "-" "Sogou web spider/4.0(+http://www.sogou.com/docs/help/webmasters.htm#07)" 
54.36.148.133 - - [06/Aug/2021:20:19:06 -0700] "GET /self.logs/error.log.2019-04-11.gz HTTP/1.1" 200 7512 "-" "Mozilla/5.0 (compatible; AhrefsBot/7.0; +http://ahrefs.com/robot/)" 
106.38.241.178 - - [06/Aug/2021:20:20:50 -0700] "GET / HTTP/1.1" 200 12844 "-" "Sogou web spider/4.0(+http://www.sogou.com/docs/help/webmasters.htm#07)" 
66.249.66.85 - - [06/Aug/2021:20:22:49 -0700] "GET /self.logs/error.log.2021-05-12 HTTP/1.1" 200 351 "-" "Mozilla/5.0 (compatible; Googlebot/2.1; +http://www.google.com/bot.html)" 
199.58.86.206 - - [06/Aug/2021:20:25:55 -0700] "GET /robots.txt HTTP/1.1" 200 377 "-" "Mozilla/5.0 (compatible; MJ12bot/v1.4.8; http://mj12bot.com/)" 
199.58.86.206 - - [06/Aug/2021:20:25:57 -0700] "GET / HTTP/1.1" 200 12803 "-" "Mozilla/5.0 (compatible; MJ12bot/v1.4.8; http://mj12bot.com/)" 
49.7.20.102 - - [06/Aug/2021:20:26:01 -0700] "GET / HTTP/1.1" 200 12844 "-" "Sogou web spider/4.0(+http://www.sogou.com/docs/help/webmasters.htm#07)" 
54.36.148.3 - - [06/Aug/2021:20:33:03 -0700] "GET /Datasets%20Description/HTML_Bro_log_1/dpd.html HTTP/1.1" 200 1620 "-" "Mozilla/5.0 (compatible; AhrefsBot/7.0; +http://ahrefs.com/robot/)" 
123.183.224.90 - - [06/Aug/2021:20:32:25 -0700] "GET /honeypot/BSidesDFW%20-%202014.ipynb HTTP/1.1" 200 67160 "-" "Sogou web spider/4.0(+http://www.sogou.com/docs/help/webmasters.htm#07)" 
114.119.141.53 - - [06/Aug/2021:20:38:56 -0700] "GET /self.logs/error.log.2019-01-28.gz HTTP/1.1" 200 4915 "-" "Mozilla/5.0 (Linux; Android 7.0;) AppleWebKit/537.36 (KHTML, like Gecko) Mobile Safari/537.36 (compatible; PetalBot;+https://webmaster.petalsearch.com/site/petalbot)" 
49.7.20.116 - - [06/Aug/2021:20:39:12 -0700] "GET / HTTP/1.1" 200 12844 "-" "Sogou web spider/4.0(+http://www.sogou.com/docs/help/webmasters.htm#07)" 
144.76.176.171 - - [06/Aug/2021:20:40:03 -0700] "GET /robots.txt HTTP/1.1" 301 495 "-" "Mozilla/5.0 (compatible; MJ12bot/v1.4.8; http://mj12bot.com/)" 
144.76.176.171 - - [06/Aug/2021:20:40:06 -0700] "GET /robots.txt HTTP/1.1" 200 377 "-" "Mozilla/5.0 (compatible; MJ12bot/v1.4.8; http://mj12bot.com/)" 
144.76.176.171 - - [06/Aug/2021:20:40:09 -0700] "GET /%C2%A0%C2%A0 HTTP/1.1" 301 427 "-" "Mozilla/5.0 (compatible; MJ12bot/v1.4.8; http://mj12bot.com/)" 
144.76.176.171 - - [06/Aug/2021:20:40:14 -0700] "GET /%C3%82%C2%A0%C3%82 HTTP/1.1" 404 284 "-" "Mozilla/5.0 (compatible; MJ12bot/v1.4.8; http://mj12bot.com/)" 
144.76.176.171 - - [06/Aug/2021:20:40:19 -0700] "GET /honeypot//%22http://amunhoney.sourceforge.net//%22 HTTP/1.1" 404 284 "-" "Mozilla/5.0 (compatible; MJ12bot/v1.4.8; http://mj12bot.com/)" 
144.76.176.171 - - [06/Aug/2021:20:40:31 -0700] "GET /honeypot//%22http://glastopf.org//%22 HTTP/1.1" 404 284 "-" "Mozilla/5.0 (compatible; MJ12bot/v1.4.8; http://mj12bot.com/)" 
144.76.176.171 - - [06/Aug/2021:20:40:40 -0700] "GET /honeypot//%22http://www.maxmind.com/%22 HTTP/1.1" 404 284 "-" "Mozilla/5.0 (compatible; MJ12bot/v1.4.8; http://mj12bot.com/)" 
144.76.176.171 - - [06/Aug/2021:20:40:50 -0700] "GET /honeypot//%22https://twitter.com/sooshie/%22 HTTP/1.1" 404 284 "-" "Mozilla/5.0 (compatible; MJ12bot/v1.4.8; http://mj12bot.com/)" 
144.76.176.171 - - [06/Aug/2021:20:40:57 -0700] "GET /honeypot//%22https://twitter.com/theroxyd/%22 HTTP/1.1" 404 284 "-" "Mozilla/5.0 (compatible; MJ12bot/v1.4.8; http://mj12bot.com/)" 
183.198.48.1 - - [06/Aug/2021:20:41:09 -0700] "GET /favicon.ico HTTP/1.1" 200 391 "-" "Mozilla/5.0 (Windows NT 10.0; WOW64) AppleWebKit/537.36 (KHTML, like Gecko) Chrome/86.0.4240.198 Safari/537.36" 
144.76.176.171 - - [06/Aug/2021:20:41:04 -0700] "GET /self.logs/ HTTP/1.1" 200 30933 "-" "Mozilla/5.0 (compatible; MJ12bot/v1.4.8; http://mj12bot.com/)" 
144.76.176.171 - - [06/Aug/2021:20:41:26 -0700] "GET /%C2%A0 HTTP/1.1" 404 284 "-" "Mozilla/5.0 (compatible; MJ12bot/v1.4.8; http://mj12bot.com/)" 
144.76.176.171 - - [06/Aug/2021:20:41:35 -0700] "GET / HTTP/1.1" 200 12837 "-" "Mozilla/5.0 (compatible; MJ12bot/v1.4.8; http://mj12bot.com/)" 
89.187.161.220 - - [06/Aug/2021:20:42:05 -0700] "GET / HTTP/1.1" 200 12881 "-" "Mozilla/5.0 (Macintosh; Intel Mac OS X 10_15_7) AppleWebKit/605.1.15 (KHTML, like Gecko)" 
89.187.161.220 - - [06/Aug/2021:20:42:05 -0700] "GET /apple-touch-icon-precomposed.png HTTP/1.1" 404 328 "-" "Safari%E6%B5%8F%E8%A7%88%E5%99%A8/16611.3.10.1.3 CFNetwork/1240.0.4 Darwin/20.6.0" 
89.187.161.220 - - [06/Aug/2021:20:42:06 -0700] "GET /apple-touch-icon.png HTTP/1.1" 404 328 "-" "Safari%E6%B5%8F%E8%A7%88%E5%99%A8/16611.3.10.1.3 CFNetwork/1240.0.4 Darwin/20.6.0" 
89.187.161.220 - - [06/Aug/2021:20:42:06 -0700] "GET / HTTP/1.1" 200 12881 "-" "Mozilla/5.0 (iPhone; CPU iPhone OS 14_0 like Mac OS X) AppleWebKit/605.1.15 (KHTML, like Gecko) Version/14.0 Mobile/15E148 Safari/604.1" 
89.187.161.220 - - [06/Aug/2021:20:42:07 -0700] "GET /apple-touch-icon-precomposed.png HTTP/1.1" 404 328 "-" "Safari%E6%B5%8F%E8%A7%88%E5%99%A8/16611.3.10.1.3 CFNetwork/1240.0.4 Darwin/20.6.0" 
89.187.161.220 - - [06/Aug/2021:20:42:07 -0700] "GET /apple-touch-icon.png HTTP/1.1" 404 328 "-" "Safari%E6%B5%8F%E8%A7%88%E5%99%A8/16611.3.10.1.3 CFNetwork/1240.0.4 Darwin/20.6.0" 
106.38.241.160 - - [06/Aug/2021:20:45:07 -0700] "GET / HTTP/1.1" 301 438 "-" "Sogou web spider/4.0(+http://www.sogou.com/docs/help/webmasters.htm#07)" 
106.38.241.127 - - [06/Aug/2021:20:48:59 -0700] "GET / HTTP/1.1" 200 12844 "-" "Sogou web spider/4.0(+http://www.sogou.com/docs/help/webmasters.htm#07)" 
114.119.155.228 - - [06/Aug/2021:20:50:45 -0700] "GET /self.logs/error.log.2019-02-28.gz HTTP/1.1" 200 6214 "-" "Mozilla/5.0 (Linux; Android 7.0;) AppleWebKit/537.36 (KHTML, like Gecko) Mobile Safari/537.36 (compatible; PetalBot;+https://webmaster.petalsearch.com/site/petalbot)" 
54.36.149.103 - - [06/Aug/2021:20:53:16 -0700] "GET /Datasets%20Description/Network/files.html HTTP/1.1" 200 1488 "-" "Mozilla/5.0 (compatible; AhrefsBot/7.0; +http://ahrefs.com/robot/)" 
106.38.241.178 - - [06/Aug/2021:20:54:42 -0700] "GET / HTTP/1.1" 200 12844 "-" "Sogou web spider/4.0(+http://www.sogou.com/docs/help/webmasters.htm#07)" 
123.183.224.90 - - [06/Aug/2021:20:55:02 -0700] "GET /honeypot/BSidesDFW%20-%202014.ipynb HTTP/1.1" 200 67160 "-" "Sogou web spider/4.0(+http://www.sogou.com/docs/help/webmasters.htm#07)" 
114.119.159.40 - - [06/Aug/2021:21:12:50 -0700] "GET /self.logs/error.log.2020-07-18 HTTP/1.1" 200 351 "-" "Mozilla/5.0 (Linux; Android 7.0;) AppleWebKit/537.36 (KHTML, like Gecko) Mobile Safari/537.36 (compatible; PetalBot;+https://webmaster.petalsearch.com/site/petalbot)" 
106.38.241.160 - - [06/Aug/2021:21:16:21 -0700] "GET / HTTP/1.1" 301 438 "-" "Sogou web spider/4.0(+http://www.sogou.com/docs/help/webmasters.htm#07)" 
49.7.20.116 - - [06/Aug/2021:21:19:15 -0700] "GET / HTTP/1.1" 200 12844 "-" "Sogou web spider/4.0(+http://www.sogou.com/docs/help/webmasters.htm#07)" 
123.183.224.90 - - [06/Aug/2021:21:20:00 -0700] "GET /honeypot/BSidesDFW%20-%202014.ipynb HTTP/1.1" 200 55480 "-" "Sogou web spider/4.0(+http://www.sogou.com/docs/help/webmasters.htm#07)" 
54.36.148.66 - - [06/Aug/2021:21:22:27 -0700] "GET /Datasets%20Description/Network/ftp.html HTTP/1.1" 200 1486 "-" "Mozilla/5.0 (compatible; AhrefsBot/7.0; +http://ahrefs.com/robot/)" 
49.7.20.105 - - [06/Aug/2021:21:23:21 -0700] "GET / HTTP/1.1" 200 12844 "-" "Sogou web spider/4.0(+http://www.sogou.com/docs/help/webmasters.htm#07)" 
106.38.241.178 - - [06/Aug/2021:21:25:53 -0700] "GET / HTTP/1.1" 200 12844 "-" "Sogou web spider/4.0(+http://www.sogou.com/docs/help/webmasters.htm#07)" 
207.46.13.91 - - [06/Aug/2021:21:28:13 -0700] "GET /self.logs/access.log.2021-05-19.gz HTTP/1.1" 200 16711 "-" "Mozilla/5.0 (compatible; bingbot/2.0; +http://www.bing.com/bingbot.htm)" 
123.183.224.90 - - [06/Aug/2021:21:41:02 -0700] "GET /honeypot/BSidesDFW%20-%202014.ipynb HTTP/1.1" 200 58400 "-" "Sogou web spider/4.0(+http://www.sogou.com/docs/help/webmasters.htm#07)" 
49.7.20.158 - - [06/Aug/2021:21:43:20 -0700] "GET / HTTP/1.1" 301 438 "-" "Sogou web spider/4.0(+http://www.sogou.com/docs/help/webmasters.htm#07)" 
106.38.241.160 - - [06/Aug/2021:21:46:46 -0700] "GET / HTTP/1.1" 200 12845 "-" "Sogou web spider/4.0(+http://www.sogou.com/docs/help/webmasters.htm#07)" 
199.16.157.183 - - [06/Aug/2021:21:52:15 -0700] "GET /robots.txt HTTP/1.1" 301 439 "-" "Twitterbot/1.0" 
199.16.157.183 - - [06/Aug/2021:21:52:15 -0700] "GET /robots.txt HTTP/1.1" 200 333 "-" "Twitterbot/1.0" 
199.16.157.183 - - [06/Aug/2021:21:52:15 -0700] "GET / HTTP/1.1" 301 419 "-" "Twitterbot/1.0" 
199.16.157.182 - - [06/Aug/2021:21:52:15 -0700] "GET /robots.txt HTTP/1.1" 200 333 "-" "Twitterbot/1.0" 
199.16.157.182 - - [06/Aug/2021:21:52:15 -0700] "GET / HTTP/1.1" 200 12804 "-" "Twitterbot/1.0" 
207.46.13.115 - - [06/Aug/2021:21:55:20 -0700] "GET /self.logs/error.log.2018-06-28.gz HTTP/1.1" 200 6183 "-" "Mozilla/5.0 (compatible; bingbot/2.0; +http://www.bing.com/bingbot.htm)" 
106.38.241.178 - - [06/Aug/2021:21:55:27 -0700] "GET / HTTP/1.1" 200 12845 "-" "Sogou web spider/4.0(+http://www.sogou.com/docs/help/webmasters.htm#07)" 
114.119.157.43 - - [06/Aug/2021:21:58:50 -0700] "GET /self.logs/error.log.2017-10-28.gz HTTP/1.1" 200 2151 "-" "Mozilla/5.0 (Linux; Android 7.0;) AppleWebKit/537.36 (KHTML, like Gecko) Mobile Safari/537.36 (compatible; PetalBot;+https://webmaster.petalsearch.com/site/petalbot)" 
49.7.20.116 - - [06/Aug/2021:21:58:55 -0700] "GET / HTTP/1.1" 200 12845 "-" "Sogou web spider/4.0(+http://www.sogou.com/docs/help/webmasters.htm#07)" 
37.111.229.149 - - [06/Aug/2021:22:01:05 -0700] "GET /Datasets%20Description/PE_malware/VirusShare.html HTTP/1.1" 200 1651 "-" "Mozilla/5.0 (Windows NT 10.0; Win64; x64) AppleWebKit/537.36 (KHTML, like Gecko) Chrome/92.0.4515.131 Safari/537.36" 
37.111.229.149 - - [06/Aug/2021:22:01:06 -0700] "GET /favicon.ico HTTP/1.1" 200 368 "http://www.secrepo.com/Datasets%20Description/PE_malware/VirusShare.html" "Mozilla/5.0 (Windows NT 10.0; Win64; x64) AppleWebKit/537.36 (KHTML, like Gecko) Chrome/92.0.4515.131 Safari/537.36" 
66.249.66.84 - - [06/Aug/2021:22:01:43 -0700] "GET /self.logs/error.log.2020-09-02 HTTP/1.1" 200 935 "-" "Mozilla/5.0 (compatible; Googlebot/2.1; +http://www.google.com/bot.html)" 
123.183.224.90 - - [06/Aug/2021:22:03:09 -0700] "GET /honeypot/BSidesDFW%20-%202014.ipynb HTTP/1.1" 200 73000 "-" "Sogou web spider/4.0(+http://www.sogou.com/docs/help/webmasters.htm#07)" 
37.0.8.34 - - [06/Aug/2021:22:11:51 -0700] "GET /wp-admin/css/ HTTP/1.1" 301 501 "binance.com" "Mozilla/5.0 (Windows NT 10.0; Win64; x64) AppleWebKit/537.36 (KHTML, like Gecko) Chrome/90.0.4430.85 Safari/537.36" 
37.0.8.34 - - [06/Aug/2021:22:11:54 -0700] "GET /wp-admin/css/ HTTP/1.1" 404 328 "binance.com" "Mozilla/5.0 (Windows NT 10.0; Win64; x64) AppleWebKit/537.36 (KHTML, like Gecko) Chrome/90.0.4430.85 Safari/537.36" 
37.0.8.34 - - [06/Aug/2021:22:11:56 -0700] "GET /.well-known/ HTTP/1.1" 301 499 "binance.com" "Mozilla/5.0 (Windows NT 10.0; Win64; x64) AppleWebKit/537.36 (KHTML, like Gecko) Chrome/90.0.4430.85 Safari/537.36" 
37.0.8.34 - - [06/Aug/2021:22:11:59 -0700] "GET /.well-known/ HTTP/1.1" 200 664 "binance.com" "Mozilla/5.0 (Windows NT 10.0; Win64; x64) AppleWebKit/537.36 (KHTML, like Gecko) Chrome/90.0.4430.85 Safari/537.36" 
37.0.8.34 - - [06/Aug/2021:22:12:06 -0700] "GET /sites/default/files/ HTTP/1.1" 301 515 "binance.com" "Mozilla/5.0 (Windows NT 10.0; Win64; x64) AppleWebKit/537.36 (KHTML, like Gecko) Chrome/90.0.4430.85 Safari/537.36" 
37.0.8.34 - - [06/Aug/2021:22:12:10 -0700] "GET /sites/default/files/ HTTP/1.1" 404 328 "binance.com" "Mozilla/5.0 (Windows NT 10.0; Win64; x64) AppleWebKit/537.36 (KHTML, like Gecko) Chrome/90.0.4430.85 Safari/537.36" 
37.0.8.34 - - [06/Aug/2021:22:12:12 -0700] "GET /admin/controller/extension/extension/ HTTP/1.1" 301 549 "binance.com" "Mozilla/5.0 (Windows NT 10.0; Win64; x64) AppleWebKit/537.36 (KHTML, like Gecko) Chrome/90.0.4430.85 Safari/537.36" 
37.0.8.34 - - [06/Aug/2021:22:12:14 -0700] "GET /admin/controller/extension/extension/ HTTP/1.1" 404 328 "binance.com" "Mozilla/5.0 (Windows NT 10.0; Win64; x64) AppleWebKit/537.36 (KHTML, like Gecko) Chrome/90.0.4430.85 Safari/537.36" 
37.0.8.34 - - [06/Aug/2021:22:12:16 -0700] "GET /uploads/ HTTP/1.1" 301 491 "binance.com" "Mozilla/5.0 (Windows NT 10.0; Win64; x64) AppleWebKit/537.36 (KHTML, like Gecko) Chrome/90.0.4430.85 Safari/537.36" 
37.0.8.34 - - [06/Aug/2021:22:12:17 -0700] "GET /uploads/ HTTP/1.1" 404 328 "binance.com" "Mozilla/5.0 (Windows NT 10.0; Win64; x64) AppleWebKit/537.36 (KHTML, like Gecko) Chrome/90.0.4430.85 Safari/537.36" 
37.0.8.34 - - [06/Aug/2021:22:12:20 -0700] "GET /images/ HTTP/1.1" 301 489 "binance.com" "Mozilla/5.0 (Windows NT 10.0; Win64; x64) AppleWebKit/537.36 (KHTML, like Gecko) Chrome/90.0.4430.85 Safari/537.36" 
37.0.8.34 - - [06/Aug/2021:22:12:22 -0700] "GET /images/ HTTP/1.1" 404 328 "binance.com" "Mozilla/5.0 (Windows NT 10.0; Win64; x64) AppleWebKit/537.36 (KHTML, like Gecko) Chrome/90.0.4430.85 Safari/537.36" 
37.0.8.34 - - [06/Aug/2021:22:12:24 -0700] "GET /files/ HTTP/1.1" 301 487 "binance.com" "Mozilla/5.0 (Windows NT 10.0; Win64; x64) AppleWebKit/537.36 (KHTML, like Gecko) Chrome/90.0.4430.85 Safari/537.36" 
37.0.8.34 - - [06/Aug/2021:22:12:26 -0700] "GET /files/ HTTP/1.1" 404 328 "binance.com" "Mozilla/5.0 (Windows NT 10.0; Win64; x64) AppleWebKit/537.36 (KHTML, like Gecko) Chrome/90.0.4430.85 Safari/537.36" 
106.38.241.160 - - [06/Aug/2021:22:15:45 -0700] "GET / HTTP/1.1" 200 12844 "-" "Sogou web spider/4.0(+http://www.sogou.com/docs/help/webmasters.htm#07)" 
66.249.66.86 - - [06/Aug/2021:22:15:51 -0700] "GET /self.logs/error.log.2020-09-23 HTTP/1.1" 200 351 "-" "Mozilla/5.0 (compatible; Googlebot/2.1; +http://www.google.com/bot.html)" 
114.119.130.95 - - [06/Aug/2021:22:15:56 -0700] "GET /self.logs/access.log.2020-04-12.gz HTTP/1.1" 200 14857 "-" "Mozilla/5.0 (Linux; Android 7.0;) AppleWebKit/537.36 (KHTML, like Gecko) Mobile Safari/537.36 (compatible; PetalBot;+https://webmaster.petalsearch.com/site/petalbot)" 
54.36.148.243 - - [06/Aug/2021:22:20:24 -0700] "GET /maccdc2012/conn.log.gz HTTP/1.1" 200 78840 "-" "Mozilla/5.0 (compatible; AhrefsBot/7.0; +http://ahrefs.com/robot/)" 
123.183.224.90 - - [06/Aug/2021:22:24:30 -0700] "GET /honeypot/BSidesDFW%20-%202014.ipynb HTTP/1.1" 200 55480 "-" "Sogou web spider/4.0(+http://www.sogou.com/docs/help/webmasters.htm#07)" 
106.38.241.178 - - [06/Aug/2021:22:27:32 -0700] "GET / HTTP/1.1" 200 12844 "-" "Sogou web spider/4.0(+http://www.sogou.com/docs/help/webmasters.htm#07)" 
207.46.13.91 - - [06/Aug/2021:22:28:09 -0700] "GET /self.logs/access.log.2021-07-04.gz HTTP/1.1" 200 14885 "-" "Mozilla/5.0 (compatible; bingbot/2.0; +http://www.bing.com/bingbot.htm)" 
66.249.66.84 - - [06/Aug/2021:22:29:58 -0700] "GET /self.logs/error.log.2020-07-25 HTTP/1.1" 200 351 "-" "Mozilla/5.0 (compatible; Googlebot/2.1; +http://www.google.com/bot.html)" 
49.7.20.116 - - [06/Aug/2021:22:34:46 -0700] "GET / HTTP/1.1" 200 12845 "-" "Sogou web spider/4.0(+http://www.sogou.com/docs/help/webmasters.htm#07)" 
