54.36.148.18 - - [11/Feb/2021:13:06:36 -0800] "GET /self.logs/access.log.2021-02-06.gz HTTP/1.1" 200 32019 "-" "Mozilla/5.0 (compatible; AhrefsBot/7.0; +http://ahrefs.com/robot/)" 
54.36.149.62 - - [11/Feb/2021:13:06:51 -0800] "GET /self.logs/error.log.2021-02-06.gz HTTP/1.1" 200 1730 "-" "Mozilla/5.0 (compatible; AhrefsBot/7.0; +http://ahrefs.com/robot/)" 
54.36.148.18 - - [11/Feb/2021:13:07:05 -0800] "GET /self.logs/access.log.2021-02-07.gz HTTP/1.1" 200 27679 "-" "Mozilla/5.0 (compatible; AhrefsBot/7.0; +http://ahrefs.com/robot/)" 
54.36.149.62 - - [11/Feb/2021:13:07:16 -0800] "GET /self.logs/error.log.2021-02-07.gz HTTP/1.1" 200 2989 "-" "Mozilla/5.0 (compatible; AhrefsBot/7.0; +http://ahrefs.com/robot/)" 
54.36.149.84 - - [11/Feb/2021:13:07:26 -0800] "GET / HTTP/1.1" 200 12839 "-" "Mozilla/5.0 (compatible; AhrefsBot/7.0; +http://ahrefs.com/robot/)" 
114.119.157.43 - - [11/Feb/2021:13:08:29 -0800] "GET /self.logs/error.log.2017-09-14.gz HTTP/1.1" 200 1971 "-" "Mozilla/5.0 (Linux; Android 7.0;) AppleWebKit/537.36 (KHTML, like Gecko) Mobile Safari/537.36 (compatible; PetalBot;+https://aspiegel.com/petalbot)" 
54.36.148.18 - - [11/Feb/2021:13:13:01 -0800] "GET /self.logs/access.log.2021-01-20.gz HTTP/1.1" 200 19570 "-" "Mozilla/5.0 (compatible; AhrefsBot/7.0; +http://ahrefs.com/robot/)" 
114.119.141.53 - - [11/Feb/2021:13:13:44 -0800] "GET /self.logs/error.log.2017-02-14.gz HTTP/1.1" 200 1723 "-" "Mozilla/5.0 (Linux; Android 7.0;) AppleWebKit/537.36 (KHTML, like Gecko) Mobile Safari/537.36 (compatible; PetalBot;+https://aspiegel.com/petalbot)" 
157.55.39.137 - - [11/Feb/2021:13:18:43 -0800] "GET /self.logs/error.log.2020-06-27 HTTP/1.1" 200 351 "-" "Mozilla/5.0 (compatible; bingbot/2.0; +http://www.bing.com/bingbot.htm)" 
114.119.157.43 - - [11/Feb/2021:13:19:00 -0800] "GET /Datasets%20Description/HTML_Bro_log_1?C=S%3BO%3DA HTTP/1.1" 301 643 "-" "Mozilla/5.0 (Linux; Android 7.0;) AppleWebKit/537.36 (KHTML, like Gecko) Mobile Safari/537.36 (compatible; PetalBot;+https://aspiegel.com/petalbot)" 
114.119.157.43 - - [11/Feb/2021:13:19:00 -0800] "GET /Datasets%20Description/HTML_Bro_log_1/?C=S%3BO%3DA HTTP/1.1" 200 811 "-" "Mozilla/5.0 (Linux; Android 7.0;) AppleWebKit/537.36 (KHTML, like Gecko) Mobile Safari/537.36 (compatible; PetalBot;+https://aspiegel.com/petalbot)" 
35.239.58.193 - - [11/Feb/2021:13:19:09 -0800] "GET /robots.txt HTTP/1.1" 301 458 "-" "ltx71 - (http://ltx71.com/)" 
54.36.148.18 - - [11/Feb/2021:13:19:12 -0800] "GET /self.logs/error.log.2021-01-20.gz HTTP/1.1" 200 1305 "-" "Mozilla/5.0 (compatible; AhrefsBot/7.0; +http://ahrefs.com/robot/)" 
66.249.66.83 - - [11/Feb/2021:13:23:23 -0800] "GET / HTTP/1.1" 200 12883 "-" "Mozilla/5.0 (compatible; Googlebot/2.1; +http://www.google.com/bot.html)" 
114.119.130.95 - - [11/Feb/2021:13:24:16 -0800] "GET /self.logs/error.log.2018-06-26.gz HTTP/1.1" 200 4856 "-" "Mozilla/5.0 (Linux; Android 7.0;) AppleWebKit/537.36 (KHTML, like Gecko) Mobile Safari/537.36 (compatible; PetalBot;+https://aspiegel.com/petalbot)" 
114.119.159.40 - - [11/Feb/2021:13:29:59 -0800] "GET /self.logs/access.log.2017-06-21.gz HTTP/1.1" 200 25207 "-" "Mozilla/5.0 (Linux; Android 7.0;) AppleWebKit/537.36 (KHTML, like Gecko) Mobile Safari/537.36 (compatible; PetalBot;+https://aspiegel.com/petalbot)" 
35.172.184.49 - - [11/Feb/2021:13:31:18 -0800] "HEAD / HTTP/1.1" 301 223 "-" "Mozilla/5.0 (Macintosh; Intel Mac OS X 10_15_7) AppleWebKit/537.36 (KHTML, like Gecko) Chrome/86.0.4240.111 Safari/537.36" 
35.172.184.49 - - [11/Feb/2021:13:31:18 -0800] "HEAD / HTTP/1.1" 200 425 "-" "Mozilla/5.0 (Macintosh; Intel Mac OS X 10_15_7) AppleWebKit/537.36 (KHTML, like Gecko) Chrome/86.0.4240.111 Safari/537.36" 
114.119.130.95 - - [11/Feb/2021:13:35:14 -0800] "GET /self.logs/error.log.2018-06-30.gz HTTP/1.1" 200 5355 "-" "Mozilla/5.0 (Linux; Android 7.0;) AppleWebKit/537.36 (KHTML, like Gecko) Mobile Safari/537.36 (compatible; PetalBot;+https://aspiegel.com/petalbot)" 
114.119.140.84 - - [11/Feb/2021:13:40:03 -0800] "GET /maccdc2012/http.log.gz HTTP/1.1" 200 56420988 "-" "Mozilla/5.0 (Linux; Android 7.0;) AppleWebKit/537.36 (KHTML, like Gecko) Mobile Safari/537.36 (compatible; PetalBot;+https://aspiegel.com/petalbot)" 
13.66.139.35 - - [11/Feb/2021:13:42:23 -0800] "GET /self.logs/?C=D;O=A HTTP/1.1" 200 27602 "-" "Mozilla/5.0 (compatible; bingbot/2.0; +http://www.bing.com/bingbot.htm)" 
13.66.139.41 - - [11/Feb/2021:13:42:56 -0800] "GET /self.logs/?C=S;O=A HTTP/1.1" 200 32294 "-" "Mozilla/5.0 (compatible; bingbot/2.0; +http://www.bing.com/bingbot.htm)" 
17.58.96.135 - - [11/Feb/2021:13:43:03 -0800] "GET /self.logs/error.log.2020-03-06 HTTP/1.1" 200 307 "-" "Mozilla/5.0 (Macintosh; Intel Mac OS X 10_15_5) AppleWebKit/605.1.15 (KHTML, like Gecko) Version/13.1.1 Safari/605.1.15 (Applebot/0.1; +http://www.apple.com/go/applebot)" 
114.119.159.101 - - [11/Feb/2021:13:45:19 -0800] "GET /self.logs/access.log.2018-12-11.gz HTTP/1.1" 200 23050 "-" "Mozilla/5.0 (Linux; Android 7.0;) AppleWebKit/537.36 (KHTML, like Gecko) Mobile Safari/537.36 (compatible; PetalBot;+https://aspiegel.com/petalbot)" 
207.46.13.120 - - [11/Feb/2021:13:46:59 -0800] "GET /self.logs/error.log.2017-08-05.gz HTTP/1.1" 200 1040 "-" "Mozilla/5.0 (compatible; bingbot/2.0; +http://www.bing.com/bingbot.htm)" 
207.46.13.120 - - [11/Feb/2021:13:47:00 -0800] "GET /self.logs/access.log.2019-07-05.gz HTTP/1.1" 200 24915 "-" "Mozilla/5.0 (compatible; bingbot/2.0; +http://www.bing.com/bingbot.htm)" 
148.251.121.91 - - [11/Feb/2021:13:47:55 -0800] "GET /robots.txt HTTP/1.1" 301 439 "-" "DomainStatsBot/1.0 (https://domainstats.com/pages/our-bot)" 
148.251.121.91 - - [11/Feb/2021:13:47:55 -0800] "HEAD / HTTP/1.1" 301 167 "-" "DomainStatsBot/1.0 (https://domainstats.com/pages/our-bot)" 
148.251.121.91 - - [11/Feb/2021:13:47:56 -0800] "GET / HTTP/1.1" 301 419 "-" "DomainStatsBot/1.0 (https://domainstats.com/pages/our-bot)" 
148.251.121.91 - - [11/Feb/2021:13:47:56 -0800] "GET /robots.txt HTTP/1.1" 200 333 "-" "DomainStatsBot/1.0 (https://domainstats.com/pages/our-bot)" 
148.251.121.91 - - [11/Feb/2021:13:47:57 -0800] "GET / HTTP/1.1" 200 48020 "-" "DomainStatsBot/1.0 (https://domainstats.com/pages/our-bot)" 
157.55.39.11 - - [11/Feb/2021:13:49:06 -0800] "GET /robots.txt HTTP/1.1" 301 495 "-" "Mozilla/5.0 (compatible; bingbot/2.0; +http://www.bing.com/bingbot.htm)" 
157.55.39.11 - - [11/Feb/2021:13:49:07 -0800] "GET /robots.txt HTTP/1.1" 200 377 "-" "Mozilla/5.0 (compatible; bingbot/2.0; +http://www.bing.com/bingbot.htm)" 
157.55.39.63 - - [11/Feb/2021:13:49:33 -0800] "GET /self.logs/error.log.2017-11-07.gz HTTP/1.1" 301 541 "-" "Mozilla/5.0 (compatible; bingbot/2.0; +http://www.bing.com/bingbot.htm)" 
114.119.130.95 - - [11/Feb/2021:13:50:35 -0800] "GET /self.logs/error.log.2018-03-29.gz HTTP/1.1" 200 4237 "-" "Mozilla/5.0 (Linux; Android 7.0;) AppleWebKit/537.36 (KHTML, like Gecko) Mobile Safari/537.36 (compatible; PetalBot;+https://aspiegel.com/petalbot)" 
13.66.139.41 - - [11/Feb/2021:13:51:56 -0800] "GET /self.logs/2016/error.log.2016-10-19.gz HTTP/1.1" 200 620 "-" "Mozilla/5.0 (compatible; bingbot/2.0; +http://www.bing.com/bingbot.htm)" 
136.243.59.237 - - [11/Feb/2021:13:53:09 -0800] "GET /ftp://download.iwlab.foi.se/dataset/ HTTP/1.1" 404 284 "-" "DomainStatsBot/1.0 (https://domainstats.com/pages/our-bot)" 
157.55.39.113 - - [11/Feb/2021:13:53:48 -0800] "GET /self.logs/error.log.2019-06-26.gz HTTP/1.1" 200 2381 "-" "Mozilla/5.0 (compatible; bingbot/2.0; +http://www.bing.com/bingbot.htm)" 
114.119.157.43 - - [11/Feb/2021:13:55:51 -0800] "GET /self.logs/access.log.2019-07-29.gz HTTP/1.1" 200 28215 "-" "Mozilla/5.0 (Linux; Android 7.0;) AppleWebKit/537.36 (KHTML, like Gecko) Mobile Safari/537.36 (compatible; PetalBot;+https://aspiegel.com/petalbot)" 
40.77.167.9 - - [11/Feb/2021:13:56:50 -0800] "GET /self.logs/2015/error.log.2015-07-31.gz HTTP/1.1" 200 925 "-" "Mozilla/5.0 (compatible; bingbot/2.0; +http://www.bing.com/bingbot.htm)" 
40.77.167.9 - - [11/Feb/2021:13:56:50 -0800] "GET /self.logs/error.log.2020-07-04 HTTP/1.1" 200 328 "-" "Mozilla/5.0 (compatible; bingbot/2.0; +http://www.bing.com/bingbot.htm)" 
13.66.139.111 - - [11/Feb/2021:13:57:13 -0800] "GET /self.logs/2016/error.log.2016-07-07.gz HTTP/1.1" 200 838 "-" "Mozilla/5.0 (compatible; bingbot/2.0; +http://www.bing.com/bingbot.htm)" 
114.119.159.40 - - [11/Feb/2021:14:01:08 -0800] "GET /self.logs/error.log.2020-02-08.gz HTTP/1.1" 200 870 "-" "Mozilla/5.0 (Linux; Android 7.0;) AppleWebKit/537.36 (KHTML, like Gecko) Mobile Safari/537.36 (compatible; PetalBot;+https://aspiegel.com/petalbot)" 
40.77.167.9 - - [11/Feb/2021:14:02:19 -0800] "GET /self.logs/access.log.2017-01-14.gz HTTP/1.1" 301 543 "-" "Mozilla/5.0 (compatible; bingbot/2.0; +http://www.bing.com/bingbot.htm)" 
136.243.222.140 - - [11/Feb/2021:14:02:41 -0800] "GET /self.logs/ HTTP/1.1" 200 277163 "-" "DomainStatsBot/1.0 (https://domainstats.com/pages/our-bot)" 
154.124.86.23 - - [11/Feb/2021:14:04:54 -0800] "GET / HTTP/1.1" 200 12882 "-" "Mozilla/5.0 (Windows NT 10.0; rv:85.0) Gecko/20100101 Firefox/85.0" 
154.124.86.23 - - [11/Feb/2021:14:04:55 -0800] "GET /css/style.css HTTP/1.1" 404 305 "http://www.secrepo.com/" "Mozilla/5.0 (Windows NT 10.0; rv:85.0) Gecko/20100101 Firefox/85.0" 
154.124.86.23 - - [11/Feb/2021:14:04:57 -0800] "GET /twitter-icon.png HTTP/1.1" 200 27893 "http://www.secrepo.com/" "Mozilla/5.0 (Windows NT 10.0; rv:85.0) Gecko/20100101 Firefox/85.0" 
154.124.86.23 - - [11/Feb/2021:14:04:57 -0800] "GET /GitHub-Mark.png HTTP/1.1" 200 7556 "http://www.secrepo.com/" "Mozilla/5.0 (Windows NT 10.0; rv:85.0) Gecko/20100101 Firefox/85.0" 
154.124.86.23 - - [11/Feb/2021:14:05:00 -0800] "GET /bootstrap/img/favicon.ico HTTP/1.1" 200 713 "http://www.secrepo.com/" "Mozilla/5.0 (Windows NT 10.0; rv:85.0) Gecko/20100101 Firefox/85.0" 
114.119.157.43 - - [11/Feb/2021:14:06:25 -0800] "GET /self.logs/access.log.2019-03-11.gz HTTP/1.1" 200 41556 "-" "Mozilla/5.0 (Linux; Android 7.0;) AppleWebKit/537.36 (KHTML, like Gecko) Mobile Safari/537.36 (compatible; PetalBot;+https://aspiegel.com/petalbot)" 
114.119.159.101 - - [11/Feb/2021:14:11:39 -0800] "GET /self.logs/access.log.2018-01-09.gz HTTP/1.1" 200 24812 "-" "Mozilla/5.0 (Linux; Android 7.0;) AppleWebKit/537.36 (KHTML, like Gecko) Mobile Safari/537.36 (compatible; PetalBot;+https://aspiegel.com/petalbot)" 
40.88.21.235 - - [11/Feb/2021:14:16:29 -0800] "GET / HTTP/1.1" 200 12883 "http://www.secrepo.com/" "Mozilla/5.0 (compatible; DuckDuckGo-Favicons-Bot/1.0; +http://duckduckgo.com)" 
40.88.21.235 - - [11/Feb/2021:14:16:29 -0800] "GET /bootstrap/img/favicon.ico HTTP/1.1" 200 690 "http://www.secrepo.com/bootstrap/img/favicon.ico" "Mozilla/5.0 (compatible; DuckDuckGo-Favicons-Bot/1.0; +http://duckduckgo.com)" 
114.119.155.228 - - [11/Feb/2021:14:16:57 -0800] "GET /self.logs/error.log.2019-04-18.gz HTTP/1.1" 200 4784 "-" "Mozilla/5.0 (Linux; Android 7.0;) AppleWebKit/537.36 (KHTML, like Gecko) Mobile Safari/537.36 (compatible; PetalBot;+https://aspiegel.com/petalbot)" 
40.77.167.62 - - [11/Feb/2021:14:19:38 -0800] "GET /self.logs/error.log.2020-04-22 HTTP/1.1" 200 351 "-" "Mozilla/5.0 (compatible; bingbot/2.0; +http://www.bing.com/bingbot.htm)" 
114.119.129.244 - - [11/Feb/2021:14:22:13 -0800] "GET /self.logs/access.log.2019-01-20.gz HTTP/1.1" 200 27365 "-" "Mozilla/5.0 (Linux; Android 7.0;) AppleWebKit/537.36 (KHTML, like Gecko) Mobile Safari/537.36 (compatible; PetalBot;+https://aspiegel.com/petalbot)" 
123.58.215.33 - - [11/Feb/2021:14:22:42 -0800] "GET //robots.txt HTTP/1.1" 200 377 "-" "python-requests/2.25.1" 
123.58.215.33 - - [11/Feb/2021:14:22:42 -0800] "GET // HTTP/1.1" 200 12860 "-" "python-requests/2.25.1" 
123.58.215.33 - - [11/Feb/2021:14:22:42 -0800] "GET //favicon.ico HTTP/1.1" 200 368 "-" "python-requests/2.25.1" 
123.58.215.33 - - [11/Feb/2021:14:22:42 -0800] "GET //static/image/admincp/ajax_loader.gif HTTP/1.1" 404 305 "-" "python-requests/2.25.1" 
123.58.215.33 - - [11/Feb/2021:14:22:43 -0800] "GET //api/manyou/cloud_channel.htm HTTP/1.1" 404 305 "-" "python-requests/2.25.1" 
123.58.215.33 - - [11/Feb/2021:14:22:43 -0800] "GET //static/js/admincp.js HTTP/1.1" 404 305 "-" "python-requests/2.25.1" 
123.58.215.33 - - [11/Feb/2021:14:22:43 -0800] "GET //static/image/admincp/logo.gif HTTP/1.1" 404 305 "-" "python-requests/2.25.1" 
123.58.215.33 - - [11/Feb/2021:14:22:43 -0800] "GET //template/default/common/common.css HTTP/1.1" 404 305 "-" "python-requests/2.25.1" 
123.58.215.33 - - [11/Feb/2021:14:22:44 -0800] "GET //uc_server/view/default/admin_frame_main.htm HTTP/1.1" 404 305 "-" "python-requests/2.25.1" 
123.58.215.33 - - [11/Feb/2021:14:22:44 -0800] "GET //bbs/static/image/admincp/ajax_loader.gif HTTP/1.1" 404 305 "-" "python-requests/2.25.1" 
123.58.215.33 - - [11/Feb/2021:14:22:44 -0800] "GET //bbs/api/manyou/cloud_channel.htm HTTP/1.1" 404 305 "-" "python-requests/2.25.1" 
123.58.215.33 - - [11/Feb/2021:14:22:44 -0800] "GET //bbs/static/js/admincp.js HTTP/1.1" 404 305 "-" "python-requests/2.25.1" 
123.58.215.33 - - [11/Feb/2021:14:22:44 -0800] "GET //bbs/static/image/admincp/logo.gif HTTP/1.1" 404 305 "-" "python-requests/2.25.1" 
123.58.215.33 - - [11/Feb/2021:14:22:45 -0800] "GET //bbs/template/default/common/common.css HTTP/1.1" 404 305 "-" "python-requests/2.25.1" 
123.58.215.33 - - [11/Feb/2021:14:22:45 -0800] "GET //bbs/uc_server/view/default/admin_frame_main.htm HTTP/1.1" 404 305 "-" "python-requests/2.25.1" 
123.58.215.33 - - [11/Feb/2021:14:22:45 -0800] "GET //statics/js/ckeditor/plugins/capture/capture.jpg HTTP/1.1" 404 305 "-" "python-requests/2.25.1" 
123.58.215.33 - - [11/Feb/2021:14:22:45 -0800] "GET //statics/js/calendar/border-radius.css HTTP/1.1" 404 305 "-" "python-requests/2.25.1" 
123.58.215.33 - - [11/Feb/2021:14:22:46 -0800] "GET //images/noavatars.jpg HTTP/1.1" 404 305 "-" "python-requests/2.25.1" 
123.58.215.33 - - [11/Feb/2021:14:22:46 -0800] "GET //scripts/common.js HTTP/1.1" 404 305 "-" "python-requests/2.25.1" 
123.58.215.33 - - [11/Feb/2021:14:22:46 -0800] "GET //member/image/why.gif HTTP/1.1" 404 305 "-" "python-requests/2.25.1" 
123.58.215.33 - - [11/Feb/2021:14:22:46 -0800] "GET //images/lurd/ico-del.png HTTP/1.1" 404 305 "-" "python-requests/2.25.1" 
123.58.215.33 - - [11/Feb/2021:14:22:46 -0800] "GET //include/ckeditor/images/spacer.gif HTTP/1.1" 404 305 "-" "python-requests/2.25.1" 
123.58.215.33 - - [11/Feb/2021:14:22:47 -0800] "GET //Application/Home/View/tpl_resume/default/info.txt HTTP/1.1" 404 305 "-" "python-requests/2.25.1" 
123.58.215.33 - - [11/Feb/2021:14:22:47 -0800] "GET //Application/Admin/View/default/Crons/log.html HTTP/1.1" 404 305 "-" "python-requests/2.25.1" 
123.58.215.33 - - [11/Feb/2021:14:22:47 -0800] "GET //flow.php HTTP/1.1" 404 305 "-" "python-requests/2.25.1" 
123.58.215.33 - - [11/Feb/2021:14:22:47 -0800] "GET //data/captcha/captcha_bg5.jpg HTTP/1.1" 404 305 "-" "python-requests/2.25.1" 
136.243.222.140 - - [11/Feb/2021:14:24:06 -0800] "GET /data HTTP/1.1" 404 284 "-" "DomainStatsBot/1.0 (https://domainstats.com/pages/our-bot)" 
114.119.130.95 - - [11/Feb/2021:14:27:29 -0800] "GET /self.logs/access.log.2018-09-15.gz HTTP/1.1" 200 24240 "-" "Mozilla/5.0 (Linux; Android 7.0;) AppleWebKit/537.36 (KHTML, like Gecko) Mobile Safari/537.36 (compatible; PetalBot;+https://aspiegel.com/petalbot)" 
51.77.205.250 - - [11/Feb/2021:14:28:15 -0800] "GET /honeypot/bsidesdfw%2B-%2B2014.ipynb HTTP/1.1" 301 481 "-" "Tornado-Async-Client" 
51.77.205.250 - - [11/Feb/2021:14:28:15 -0800] "GET /honeypot/bsidesdfw+-+2014.ipynb HTTP/1.1" 404 284 "-" "Tornado-Async-Client" 
3.85.91.164 - - [11/Feb/2021:14:31:52 -0800] "HEAD / HTTP/1.1" 301 223 "-" "Mozilla/5.0 (Macintosh; Intel Mac OS X 10_15_7) AppleWebKit/537.36 (KHTML, like Gecko) Chrome/86.0.4240.111 Safari/537.36" 
3.85.91.164 - - [11/Feb/2021:14:31:52 -0800] "HEAD / HTTP/1.1" 200 425 "-" "Mozilla/5.0 (Macintosh; Intel Mac OS X 10_15_7) AppleWebKit/537.36 (KHTML, like Gecko) Chrome/86.0.4240.111 Safari/537.36" 
114.119.129.244 - - [11/Feb/2021:14:38:44 -0800] "GET /self.logs/error.log.2018-12-19.gz HTTP/1.1" 200 4087 "-" "Mozilla/5.0 (Linux; Android 7.0;) AppleWebKit/537.36 (KHTML, like Gecko) Mobile Safari/537.36 (compatible; PetalBot;+https://aspiegel.com/petalbot)" 
207.46.13.67 - - [11/Feb/2021:14:39:00 -0800] "GET /self.logs/access.log.2019-02-28.gz HTTP/1.1" 200 27279 "-" "Mozilla/5.0 (compatible; bingbot/2.0; +http://www.bing.com/bingbot.htm)" 
95.115.55.28 - - [11/Feb/2021:14:39:28 -0800] "GET / HTTP/1.1" 200 12883 "-" "Mozilla/5.0 (Macintosh; Intel Mac OS X 10_15_7) AppleWebKit/605.1.15 (KHTML, like Gecko) Version/14.0 Safari/605.1.15" 
95.115.55.28 - - [11/Feb/2021:14:39:28 -0800] "GET /css/style.css HTTP/1.1" 404 305 "http://www.secrepo.com/" "Mozilla/5.0 (Macintosh; Intel Mac OS X 10_15_7) AppleWebKit/605.1.15 (KHTML, like Gecko) Version/14.0 Safari/605.1.15" 
95.115.55.28 - - [11/Feb/2021:14:39:28 -0800] "GET /twitter-icon.png HTTP/1.1" 200 27916 "http://www.secrepo.com/" "Mozilla/5.0 (Macintosh; Intel Mac OS X 10_15_7) AppleWebKit/605.1.15 (KHTML, like Gecko) Version/14.0 Safari/605.1.15" 
86.248.180.168 - - [11/Feb/2021:14:41:07 -0800] "GET / HTTP/1.1" 200 12883 "-" "Mozilla/5.0 (Windows NT 10.0; Win64; x64) AppleWebKit/537.36 (KHTML, like Gecko) Chrome/88.0.4324.150 Safari/537.36" 
86.248.180.168 - - [11/Feb/2021:14:41:07 -0800] "GET /css/style.css HTTP/1.1" 404 305 "http://www.secrepo.com/" "Mozilla/5.0 (Windows NT 10.0; Win64; x64) AppleWebKit/537.36 (KHTML, like Gecko) Chrome/88.0.4324.150 Safari/537.36" 
86.248.180.168 - - [11/Feb/2021:14:41:07 -0800] "GET /twitter-icon.png HTTP/1.1" 200 27893 "http://www.secrepo.com/" "Mozilla/5.0 (Windows NT 10.0; Win64; x64) AppleWebKit/537.36 (KHTML, like Gecko) Chrome/88.0.4324.150 Safari/537.36" 
86.248.180.168 - - [11/Feb/2021:14:41:07 -0800] "GET /GitHub-Mark.png HTTP/1.1" 200 7556 "http://www.secrepo.com/" "Mozilla/5.0 (Windows NT 10.0; Win64; x64) AppleWebKit/537.36 (KHTML, like Gecko) Chrome/88.0.4324.150 Safari/537.36" 
86.248.180.168 - - [11/Feb/2021:14:41:08 -0800] "GET /bootstrap/img/favicon.ico HTTP/1.1" 200 690 "http://www.secrepo.com/" "Mozilla/5.0 (Windows NT 10.0; Win64; x64) AppleWebKit/537.36 (KHTML, like Gecko) Chrome/88.0.4324.150 Safari/537.36" 
114.119.144.30 - - [11/Feb/2021:14:43:20 -0800] "GET /self.logs/access.log.2019-01-24.gz HTTP/1.1" 200 17059 "-" "Mozilla/5.0 (Linux; Android 7.0;) AppleWebKit/537.36 (KHTML, like Gecko) Mobile Safari/537.36 (compatible; PetalBot;+https://aspiegel.com/petalbot)" 
148.251.123.46 - - [11/Feb/2021:14:47:04 -0800] "GET / HTTP/1.1" 301 419 "-" "Mozilla/5.0 (Windows; U; Windows NT 5.1; ru; rv:1.9.0.1) Gecko/2008070208" 
148.251.123.46 - - [11/Feb/2021:14:47:04 -0800] "GET / HTTP/1.1" 200 48020 "-" "Mozilla/5.0 (Windows; U; Windows NT 5.1; ru; rv:1.9.0.1) Gecko/2008070208" 
13.66.139.41 - - [11/Feb/2021:14:47:12 -0800] "GET /auth.log/auth.log.gz HTTP/1.1" 200 615679 "-" "Mozilla/5.0 (compatible; bingbot/2.0; +http://www.bing.com/bingbot.htm)" 
157.55.39.137 - - [11/Feb/2021:14:48:03 -0800] "GET /self.logs/access.log.2018-01-21.gz HTTP/1.1" 301 543 "-" "Mozilla/5.0 (compatible; bingbot/2.0; +http://www.bing.com/bingbot.htm)" 
114.119.129.244 - - [11/Feb/2021:14:48:35 -0800] "GET /self.logs/error.log.2017-07-06.gz HTTP/1.1" 200 1209 "-" "Mozilla/5.0 (Linux; Android 7.0;) AppleWebKit/537.36 (KHTML, like Gecko) Mobile Safari/537.36 (compatible; PetalBot;+https://aspiegel.com/petalbot)" 
114.119.129.244 - - [11/Feb/2021:14:53:53 -0800] "GET /self.logs/error.log.2018-06-28.gz HTTP/1.1" 200 6183 "-" "Mozilla/5.0 (Linux; Android 7.0;) AppleWebKit/537.36 (KHTML, like Gecko) Mobile Safari/537.36 (compatible; PetalBot;+https://aspiegel.com/petalbot)" 
157.55.39.137 - - [11/Feb/2021:14:54:47 -0800] "GET /self.logs/access.log.2019-05-05.gz HTTP/1.1" 200 25542 "-" "Mozilla/5.0 (compatible; bingbot/2.0; +http://www.bing.com/bingbot.htm)" 
40.77.167.9 - - [11/Feb/2021:14:57:21 -0800] "GET /self.logs/error.log.2017-10-07.gz HTTP/1.1" 200 2792 "-" "Mozilla/5.0 (compatible; bingbot/2.0; +http://www.bing.com/bingbot.htm)" 
40.77.167.9 - - [11/Feb/2021:14:57:21 -0800] "GET /self.logs/access.log.2020-07-25.gz HTTP/1.1" 200 18587 "-" "Mozilla/5.0 (compatible; bingbot/2.0; +http://www.bing.com/bingbot.htm)" 
45.18.11.13 - - [11/Feb/2021:14:57:55 -0800] "GET / HTTP/1.1" 200 12883 "-" "Mozilla/5.0 (Macintosh; Intel Mac OS X 11_2_0) AppleWebKit/537.36 (KHTML, like Gecko) Chrome/88.0.4324.150 Safari/537.36 Edg/88.0.705.63" 
45.18.11.13 - - [11/Feb/2021:14:57:55 -0800] "GET /css/style.css HTTP/1.1" 404 305 "http://www.secrepo.com/" "Mozilla/5.0 (Macintosh; Intel Mac OS X 11_2_0) AppleWebKit/537.36 (KHTML, like Gecko) Chrome/88.0.4324.150 Safari/537.36 Edg/88.0.705.63" 
45.18.11.13 - - [11/Feb/2021:14:57:55 -0800] "GET /twitter-icon.png HTTP/1.1" 200 27916 "http://www.secrepo.com/" "Mozilla/5.0 (Macintosh; Intel Mac OS X 11_2_0) AppleWebKit/537.36 (KHTML, like Gecko) Chrome/88.0.4324.150 Safari/537.36 Edg/88.0.705.63" 
45.18.11.13 - - [11/Feb/2021:14:57:55 -0800] "GET /GitHub-Mark.png HTTP/1.1" 200 7533 "http://www.secrepo.com/" "Mozilla/5.0 (Macintosh; Intel Mac OS X 11_2_0) AppleWebKit/537.36 (KHTML, like Gecko) Chrome/88.0.4324.150 Safari/537.36 Edg/88.0.705.63" 
45.18.11.13 - - [11/Feb/2021:14:57:56 -0800] "GET /bootstrap/img/favicon.ico HTTP/1.1" 200 690 "http://www.secrepo.com/" "Mozilla/5.0 (Macintosh; Intel Mac OS X 11_2_0) AppleWebKit/537.36 (KHTML, like Gecko) Chrome/88.0.4324.150 Safari/537.36 Edg/88.0.705.63" 
114.119.140.84 - - [11/Feb/2021:14:59:07 -0800] "GET /self.logs/access.log.2019-10-12.gz HTTP/1.1" 200 19052 "-" "Mozilla/5.0 (Linux; Android 7.0;) AppleWebKit/537.36 (KHTML, like Gecko) Mobile Safari/537.36 (compatible; PetalBot;+https://aspiegel.com/petalbot)" 
95.216.96.243 - - [11/Feb/2021:15:01:09 -0800] "GET /robots.txt HTTP/1.1" 301 458 "-" "Mozilla/5.0 (compatible; SEOkicks; +https://www.seokicks.de/robot.html)" 
95.216.96.243 - - [11/Feb/2021:15:01:09 -0800] "GET /robots.txt HTTP/1.1" 200 340 "-" "Mozilla/5.0 (compatible; SEOkicks; +https://www.seokicks.de/robot.html)" 
95.216.96.243 - - [11/Feb/2021:15:01:11 -0800] "GET / HTTP/1.1" 301 438 "-" "Mozilla/5.0 (compatible; SEOkicks; +https://www.seokicks.de/robot.html)" 
95.216.96.243 - - [11/Feb/2021:15:01:11 -0800] "GET / HTTP/1.1" 200 12845 "-" "Mozilla/5.0 (compatible; SEOkicks; +https://www.seokicks.de/robot.html)" 
95.216.96.243 - - [11/Feb/2021:15:01:12 -0800] "GET /data HTTP/1.1" 404 291 "http://www.secrepo.com/" "Mozilla/5.0 (compatible; SEOkicks; +https://www.seokicks.de/robot.html)" 
95.216.96.243 - - [11/Feb/2021:15:01:13 -0800] "GET /Datasets%20Description/Network/dhcp.html HTTP/1.1" 200 1424 "http://www.secrepo.com/" "Mozilla/5.0 (compatible; SEOkicks; +https://www.seokicks.de/robot.html)" 
95.216.96.243 - - [11/Feb/2021:15:01:15 -0800] "GET /Datasets%20Description/Network/dns.html HTTP/1.1" 200 1506 "http://www.secrepo.com/" "Mozilla/5.0 (compatible; SEOkicks; +https://www.seokicks.de/robot.html)" 
95.216.96.243 - - [11/Feb/2021:15:01:16 -0800] "GET /Datasets%20Description/Network/files.html HTTP/1.1" 200 1495 "http://www.secrepo.com/" "Mozilla/5.0 (compatible; SEOkicks; +https://www.seokicks.de/robot.html)" 
95.216.96.243 - - [11/Feb/2021:15:01:17 -0800] "GET /Datasets%20Description/Network/ftp.html HTTP/1.1" 200 1493 "http://www.secrepo.com/" "Mozilla/5.0 (compatible; SEOkicks; +https://www.seokicks.de/robot.html)" 
95.216.96.243 - - [11/Feb/2021:15:01:19 -0800] "GET /Datasets%20Description/Network/http.html HTTP/1.1" 200 1672 "http://www.secrepo.com/" "Mozilla/5.0 (compatible; SEOkicks; +https://www.seokicks.de/robot.html)" 
95.216.96.243 - - [11/Feb/2021:15:01:20 -0800] "GET /Datasets%20Description/Network/notice.html HTTP/1.1" 200 1613 "http://www.secrepo.com/" "Mozilla/5.0 (compatible; SEOkicks; +https://www.seokicks.de/robot.html)" 
95.216.96.243 - - [11/Feb/2021:15:01:21 -0800] "GET /Datasets%20Description/Network/signatures.html HTTP/1.1" 404 291 "http://www.secrepo.com/" "Mozilla/5.0 (compatible; SEOkicks; +https://www.seokicks.de/robot.html)" 
157.55.39.11 - - [11/Feb/2021:15:03:56 -0800] "GET /robots.txt HTTP/1.1" 301 495 "-" "Mozilla/5.0 (compatible; bingbot/2.0; +http://www.bing.com/bingbot.htm)" 
157.55.39.11 - - [11/Feb/2021:15:03:56 -0800] "GET /robots.txt HTTP/1.1" 200 377 "-" "Mozilla/5.0 (compatible; bingbot/2.0; +http://www.bing.com/bingbot.htm)" 
157.55.39.172 - - [11/Feb/2021:15:04:07 -0800] "GET /self.logs/error.log.2017-01-26.gz HTTP/1.1" 301 541 "-" "Mozilla/5.0 (compatible; bingbot/2.0; +http://www.bing.com/bingbot.htm)" 
114.119.129.244 - - [11/Feb/2021:15:04:35 -0800] "GET /self.logs/error.log.2019-05-21.gz HTTP/1.1" 200 7669 "-" "Mozilla/5.0 (Linux; Android 7.0;) AppleWebKit/537.36 (KHTML, like Gecko) Mobile Safari/537.36 (compatible; PetalBot;+https://aspiegel.com/petalbot)" 
114.119.155.228 - - [11/Feb/2021:15:09:40 -0800] "GET /self.logs/error.log.2017-10-09.gz HTTP/1.1" 200 3330 "-" "Mozilla/5.0 (Linux; Android 7.0;) AppleWebKit/537.36 (KHTML, like Gecko) Mobile Safari/537.36 (compatible; PetalBot;+https://aspiegel.com/petalbot)" 
114.119.141.53 - - [11/Feb/2021:15:14:55 -0800] "GET /self.logs/error.log.2017-01-23.gz HTTP/1.1" 200 1087 "-" "Mozilla/5.0 (Linux; Android 7.0;) AppleWebKit/537.36 (KHTML, like Gecko) Mobile Safari/537.36 (compatible; PetalBot;+https://aspiegel.com/petalbot)" 
157.55.39.113 - - [11/Feb/2021:15:16:21 -0800] "GET /self.logs/access.log.2018-06-02.gz HTTP/1.1" 304 280 "-" "Mozilla/5.0 (compatible; bingbot/2.0; +http://www.bing.com/bingbot.htm)" 
114.119.140.84 - - [11/Feb/2021:15:20:13 -0800] "GET /self.logs/error.log.2017-11-18.gz HTTP/1.1" 200 1312 "-" "Mozilla/5.0 (Linux; Android 7.0;) AppleWebKit/537.36 (KHTML, like Gecko) Mobile Safari/537.36 (compatible; PetalBot;+https://aspiegel.com/petalbot)" 
40.77.167.62 - - [11/Feb/2021:15:20:58 -0800] "GET /self.logs/access.log.2017-11-01.gz HTTP/1.1" 304 280 "-" "Mozilla/5.0 (compatible; bingbot/2.0; +http://www.bing.com/bingbot.htm)" 
157.55.39.63 - - [11/Feb/2021:15:22:48 -0800] "GET /self.logs/2016/access.log.2016-02-24.gz HTTP/1.1" 200 26885 "-" "Mozilla/5.0 (compatible; bingbot/2.0; +http://www.bing.com/bingbot.htm)" 
114.119.140.84 - - [11/Feb/2021:15:25:28 -0800] "GET /self.logs/access.log.2020-12-14.gz HTTP/1.1" 200 19067 "-" "Mozilla/5.0 (Linux; Android 7.0;) AppleWebKit/537.36 (KHTML, like Gecko) Mobile Safari/537.36 (compatible; PetalBot;+https://aspiegel.com/petalbot)" 
43.247.39.86 - - [11/Feb/2021:15:26:57 -0800] "GET / HTTP/1.1" 301 475 "-" "Mozilla/5.0 (Windows NT 10.0; Win64; x64) AppleWebKit/537.36 (KHTML, like Gecko) Chrome/88.0.4324.150 Safari/537.36 Edg/88.0.705.63" 
43.247.39.86 - - [11/Feb/2021:15:27:00 -0800] "GET / HTTP/1.1" 200 12881 "-" "Mozilla/5.0 (Windows NT 10.0; Win64; x64) AppleWebKit/537.36 (KHTML, like Gecko) Chrome/88.0.4324.150 Safari/537.36 Edg/88.0.705.63" 
43.247.39.86 - - [11/Feb/2021:15:27:01 -0800] "GET /css/style.css HTTP/1.1" 404 305 "http://www.secrepo.com/" "Mozilla/5.0 (Windows NT 10.0; Win64; x64) AppleWebKit/537.36 (KHTML, like Gecko) Chrome/88.0.4324.150 Safari/537.36 Edg/88.0.705.63" 
43.247.39.86 - - [11/Feb/2021:15:27:01 -0800] "GET /twitter-icon.png HTTP/1.1" 200 27916 "http://www.secrepo.com/" "Mozilla/5.0 (Windows NT 10.0; Win64; x64) AppleWebKit/537.36 (KHTML, like Gecko) Chrome/88.0.4324.150 Safari/537.36 Edg/88.0.705.63" 
43.247.39.86 - - [11/Feb/2021:15:27:01 -0800] "GET /GitHub-Mark.png HTTP/1.1" 200 7556 "http://www.secrepo.com/" "Mozilla/5.0 (Windows NT 10.0; Win64; x64) AppleWebKit/537.36 (KHTML, like Gecko) Chrome/88.0.4324.150 Safari/537.36 Edg/88.0.705.63" 
43.247.39.86 - - [11/Feb/2021:15:27:02 -0800] "GET /bootstrap/img/favicon.ico HTTP/1.1" 200 690 "http://www.secrepo.com/" "Mozilla/5.0 (Windows NT 10.0; Win64; x64) AppleWebKit/537.36 (KHTML, like Gecko) Chrome/88.0.4324.150 Safari/537.36 Edg/88.0.705.63" 
17.58.96.135 - - [11/Feb/2021:15:28:00 -0800] "GET /self.logs/error.log.2020-04-01 HTTP/1.1" 200 307 "-" "Mozilla/5.0 (Macintosh; Intel Mac OS X 10_15_5) AppleWebKit/605.1.15 (KHTML, like Gecko) Version/13.1.1 Safari/605.1.15 (Applebot/0.1; +http://www.apple.com/go/applebot)" 
43.247.39.86 - - [11/Feb/2021:15:29:03 -0800] "GET /css/style.css HTTP/1.1" 404 328 "http://www.secrepo.com/" "Mozilla/5.0 (Windows NT 10.0; Win64; x64) AppleWebKit/537.36 (KHTML, like Gecko) Chrome/88.0.4324.150 Safari/537.36 Edg/88.0.705.63" 
43.247.39.86 - - [11/Feb/2021:15:29:48 -0800] "GET /css/style.css HTTP/1.1" 404 328 "http://www.secrepo.com/" "Mozilla/5.0 (Windows NT 10.0; Win64; x64) AppleWebKit/537.36 (KHTML, like Gecko) Chrome/88.0.4324.150 Safari/537.36 Edg/88.0.705.63" 
114.119.144.30 - - [11/Feb/2021:15:30:45 -0800] "GET /self.logs/error.log.2019-02-10.gz HTTP/1.1" 200 4127 "-" "Mozilla/5.0 (Linux; Android 7.0;) AppleWebKit/537.36 (KHTML, like Gecko) Mobile Safari/537.36 (compatible; PetalBot;+https://aspiegel.com/petalbot)" 
43.247.39.86 - - [11/Feb/2021:15:31:07 -0800] "GET /maccdc2012/smtp.log.gz HTTP/1.1" 200 6956 "http://www.secrepo.com/" "Mozilla/5.0 (Windows NT 10.0; Win64; x64) AppleWebKit/537.36 (KHTML, like Gecko) Chrome/88.0.4324.150 Safari/537.36 Edg/88.0.705.63" 
100.26.144.52 - - [11/Feb/2021:15:31:45 -0800] "HEAD / HTTP/1.1" 301 223 "-" "Mozilla/5.0 (Macintosh; Intel Mac OS X 10_15_7) AppleWebKit/537.36 (KHTML, like Gecko) Chrome/86.0.4240.111 Safari/537.36" 
100.26.144.52 - - [11/Feb/2021:15:31:45 -0800] "HEAD / HTTP/1.1" 200 425 "-" "Mozilla/5.0 (Macintosh; Intel Mac OS X 10_15_7) AppleWebKit/537.36 (KHTML, like Gecko) Chrome/86.0.4240.111 Safari/537.36" 
206.47.249.246 - - [11/Feb/2021:15:33:45 -0800] "GET /self.logs/error.log.2019-04-23.gz HTTP/1.1" 304 280 "-" "Mozilla/4.0 (compatible;)" 
157.55.39.113 - - [11/Feb/2021:15:34:11 -0800] "GET /self.logs/access.log.2017-01-26.gz HTTP/1.1" 304 280 "-" "Mozilla/5.0 (compatible; bingbot/2.0; +http://www.bing.com/bingbot.htm)" 
114.119.159.101 - - [11/Feb/2021:15:36:04 -0800] "GET /self.logs/access.log.2020-03-16.gz HTTP/1.1" 200 31981 "-" "Mozilla/5.0 (Linux; Android 7.0;) AppleWebKit/537.36 (KHTML, like Gecko) Mobile Safari/537.36 (compatible; PetalBot;+https://aspiegel.com/petalbot)" 
114.119.159.40 - - [11/Feb/2021:15:41:18 -0800] "GET /self.logs/access.log.2019-10-21.gz HTTP/1.1" 200 26443 "-" "Mozilla/5.0 (Linux; Android 7.0;) AppleWebKit/537.36 (KHTML, like Gecko) Mobile Safari/537.36 (compatible; PetalBot;+https://aspiegel.com/petalbot)" 
114.119.144.30 - - [11/Feb/2021:15:46:34 -0800] "GET /self.logs/access.log.2017-01-20.gz HTTP/1.1" 200 13014 "-" "Mozilla/5.0 (Linux; Android 7.0;) AppleWebKit/537.36 (KHTML, like Gecko) Mobile Safari/537.36 (compatible; PetalBot;+https://aspiegel.com/petalbot)" 
114.119.159.40 - - [11/Feb/2021:15:51:51 -0800] "GET /self.logs/access.log.2018-05-28.gz HTTP/1.1" 200 38917 "-" "Mozilla/5.0 (Linux; Android 7.0;) AppleWebKit/537.36 (KHTML, like Gecko) Mobile Safari/537.36 (compatible; PetalBot;+https://aspiegel.com/petalbot)" 
67.166.12.222 - - [11/Feb/2021:15:52:13 -0800] "GET / HTTP/1.1" 200 12883 "-" "Mozilla/5.0 (Macintosh; Intel Mac OS X 10_15_6) AppleWebKit/605.1.15 (KHTML, like Gecko)" 
67.166.12.222 - - [11/Feb/2021:15:52:13 -0800] "GET /apple-touch-icon-precomposed.png HTTP/1.1" 404 328 "-" "Safari/16610.3.7.1.9 CFNetwork/1209.1 Darwin/20.2.0" 
67.166.12.222 - - [11/Feb/2021:15:52:13 -0800] "GET /apple-touch-icon.png HTTP/1.1" 404 305 "-" "Safari/16610.3.7.1.9 CFNetwork/1209.1 Darwin/20.2.0" 
67.166.12.222 - - [11/Feb/2021:15:52:13 -0800] "GET /bootstrap/img/favicon.ico HTTP/1.1" 200 690 "-" "Safari/16610.3.7.1.9 CFNetwork/1209.1 Darwin/20.2.0" 
67.166.12.222 - - [11/Feb/2021:15:52:13 -0800] "GET / HTTP/1.1" 200 12860 "-" "Mozilla/5.0 (iPhone; CPU iPhone OS 13_1_3 like Mac OS X) AppleWebKit/605.1.15 (KHTML, like Gecko) Version/13.0.1 Mobile/15E148 Safari/604.1" 
67.166.12.222 - - [11/Feb/2021:15:52:13 -0800] "GET /apple-touch-icon-precomposed.png HTTP/1.1" 404 305 "-" "Safari/16610.3.7.1.9 CFNetwork/1209.1 Darwin/20.2.0" 
67.166.12.222 - - [11/Feb/2021:15:52:13 -0800] "GET /apple-touch-icon.png HTTP/1.1" 404 305 "-" "Safari/16610.3.7.1.9 CFNetwork/1209.1 Darwin/20.2.0" 
114.119.157.43 - - [11/Feb/2021:15:57:09 -0800] "GET /self.logs/access.log.2018-03-09.gz HTTP/1.1" 200 23582 "-" "Mozilla/5.0 (Linux; Android 7.0;) AppleWebKit/537.36 (KHTML, like Gecko) Mobile Safari/537.36 (compatible; PetalBot;+https://aspiegel.com/petalbot)" 
40.77.167.9 - - [11/Feb/2021:15:58:46 -0800] "GET /self.logs/error.log.2020-12-29 HTTP/1.1" 200 351 "-" "Mozilla/5.0 (compatible; bingbot/2.0; +http://www.bing.com/bingbot.htm)" 
13.66.139.111 - - [11/Feb/2021:16:01:34 -0800] "GET /self.logs/access.log.2020-06-25.gz HTTP/1.1" 200 19940 "-" "Mozilla/5.0 (compatible; bingbot/2.0; +http://www.bing.com/bingbot.htm)" 
114.119.130.95 - - [11/Feb/2021:16:02:25 -0800] "GET /self.logs/error.log.2017-07-12.gz HTTP/1.1" 200 977 "-" "Mozilla/5.0 (Linux; Android 7.0;) AppleWebKit/537.36 (KHTML, like Gecko) Mobile Safari/537.36 (compatible; PetalBot;+https://aspiegel.com/petalbot)" 
13.66.139.35 - - [11/Feb/2021:16:02:27 -0800] "GET /Datasets%20Description/Network/ssl.html HTTP/1.1" 200 1585 "-" "Mozilla/5.0 (compatible; bingbot/2.0; +http://www.bing.com/bingbot.htm)" 
157.55.39.11 - - [11/Feb/2021:16:04:23 -0800] "GET /robots.txt HTTP/1.1" 301 495 "-" "Mozilla/5.0 (compatible; bingbot/2.0; +http://www.bing.com/bingbot.htm)" 
157.55.39.11 - - [11/Feb/2021:16:04:25 -0800] "GET /robots.txt HTTP/1.1" 200 377 "-" "Mozilla/5.0 (compatible; bingbot/2.0; +http://www.bing.com/bingbot.htm)" 
157.55.39.172 - - [11/Feb/2021:16:04:31 -0800] "GET /self.logs/2016/error.log.2016-03-09.gz HTTP/1.1" 301 551 "-" "Mozilla/5.0 (compatible; bingbot/2.0; +http://www.bing.com/bingbot.htm)" 
114.119.159.40 - - [11/Feb/2021:16:07:41 -0800] "GET /self.logs/access.log.2019-03-15.gz HTTP/1.1" 200 21277 "-" "Mozilla/5.0 (Linux; Android 7.0;) AppleWebKit/537.36 (KHTML, like Gecko) Mobile Safari/537.36 (compatible; PetalBot;+https://aspiegel.com/petalbot)" 
157.55.39.113 - - [11/Feb/2021:16:09:01 -0800] "GET /self.logs/2016/error.log.2016-12-02.gz HTTP/1.1" 301 551 "-" "Mozilla/5.0 (compatible; bingbot/2.0; +http://www.bing.com/bingbot.htm)" 
114.119.159.101 - - [11/Feb/2021:16:12:57 -0800] "GET /self.logs/error.log.2019-11-03.gz HTTP/1.1" 200 1730 "-" "Mozilla/5.0 (Linux; Android 7.0;) AppleWebKit/537.36 (KHTML, like Gecko) Mobile Safari/537.36 (compatible; PetalBot;+https://aspiegel.com/petalbot)" 
114.119.157.43 - - [11/Feb/2021:16:18:13 -0800] "GET /self.logs/access.log.2017-10-11.gz HTTP/1.1" 200 46266 "-" "Mozilla/5.0 (Linux; Android 7.0;) AppleWebKit/537.36 (KHTML, like Gecko) Mobile Safari/537.36 (compatible; PetalBot;+https://aspiegel.com/petalbot)" 
114.119.159.40 - - [11/Feb/2021:16:23:29 -0800] "GET /self.logs/access.log.2017-09-20.gz HTTP/1.1" 200 53975 "-" "Mozilla/5.0 (Linux; Android 7.0;) AppleWebKit/537.36 (KHTML, like Gecko) Mobile Safari/537.36 (compatible; PetalBot;+https://aspiegel.com/petalbot)" 
114.119.150.248 - - [11/Feb/2021:16:28:46 -0800] "GET /self.logs/access.log.2019-02-08.gz HTTP/1.1" 200 21314 "-" "Mozilla/5.0 (Linux; Android 7.0;) AppleWebKit/537.36 (KHTML, like Gecko) Mobile Safari/537.36 (compatible; PetalBot;+https://aspiegel.com/petalbot)" 
18.206.127.167 - - [11/Feb/2021:16:32:21 -0800] "HEAD / HTTP/1.1" 301 223 "-" "Mozilla/5.0 (Macintosh; Intel Mac OS X 10_15_7) AppleWebKit/537.36 (KHTML, like Gecko) Chrome/86.0.4240.111 Safari/537.36" 
18.206.127.167 - - [11/Feb/2021:16:32:21 -0800] "HEAD / HTTP/1.1" 200 425 "-" "Mozilla/5.0 (Macintosh; Intel Mac OS X 10_15_7) AppleWebKit/537.36 (KHTML, like Gecko) Chrome/86.0.4240.111 Safari/537.36" 
114.119.159.40 - - [11/Feb/2021:16:34:02 -0800] "GET /self.logs/access.log.2017-08-10.gz HTTP/1.1" 200 18149 "-" "Mozilla/5.0 (Linux; Android 7.0;) AppleWebKit/537.36 (KHTML, like Gecko) Mobile Safari/537.36 (compatible; PetalBot;+https://aspiegel.com/petalbot)" 
157.55.39.113 - - [11/Feb/2021:16:36:16 -0800] "GET /self.logs/error.log.2020-01-10 HTTP/1.1" 200 2350 "-" "Mozilla/5.0 (compatible; bingbot/2.0; +http://www.bing.com/bingbot.htm)" 
120.78.180.36 - - [11/Feb/2021:16:37:35 -0800] "GET /kindeditor/themes/default/default.css HTTP/1.1" 301 549 "http://secrepo.com/kindeditor/themes/default/default.css" "Mozilla/5.0 (compatible; MSIE 9.0; Windows NT 6.1; Win64; x64; Trident/5.0)" 
120.78.180.36 - - [11/Feb/2021:16:37:35 -0800] "GET /kindeditor/themes/default/default.css HTTP/1.1" 404 328 "http://secrepo.com/kindeditor/themes/default/default.css" "Mozilla/5.0 (compatible; MSIE 9.0; Windows NT 6.1; Win64; x64; Trident/5.0)" 
185.191.171.10 - - [11/Feb/2021:16:38:28 -0800] "GET /robots.txt HTTP/1.1" 200 340 "-" "Mozilla/5.0 (compatible; SemrushBot/7~bl; +http://www.semrush.com/bot.html)" 
114.119.157.43 - - [11/Feb/2021:16:39:20 -0800] "GET /self.logs/access.log.2019-02-18.gz HTTP/1.1" 200 28512 "-" "Mozilla/5.0 (Linux; Android 7.0;) AppleWebKit/537.36 (KHTML, like Gecko) Mobile Safari/537.36 (compatible; PetalBot;+https://aspiegel.com/petalbot)" 
66.249.66.197 - - [11/Feb/2021:16:41:48 -0800] "GET /robots.txt HTTP/1.1" 301 495 "-" "Mozilla/5.0 (compatible; Googlebot/2.1; +http://www.google.com/bot.html)" 
66.249.66.197 - - [11/Feb/2021:16:41:48 -0800] "GET /ads.txt HTTP/1.1" 301 489 "-" "Mozilla/5.0 (compatible; Googlebot/2.1; +http://www.google.com/bot.html)" 
66.249.66.85 - - [11/Feb/2021:16:41:48 -0800] "GET /robots.txt HTTP/1.1" 200 377 "-" "Mozilla/5.0 (compatible; Googlebot/2.1; +http://www.google.com/bot.html)" 
17.58.96.135 - - [11/Feb/2021:16:42:16 -0800] "GET /self.logs/error.log.2020-02-29 HTTP/1.1" 200 307 "-" "Mozilla/5.0 (Macintosh; Intel Mac OS X 10_15_5) AppleWebKit/605.1.15 (KHTML, like Gecko) Version/13.1.1 Safari/605.1.15 (Applebot/0.1; +http://www.apple.com/go/applebot)" 
114.119.159.101 - - [11/Feb/2021:16:44:35 -0800] "GET /self.logs/error.log.2017-07-03.gz HTTP/1.1" 200 1010 "-" "Mozilla/5.0 (Linux; Android 7.0;) AppleWebKit/537.36 (KHTML, like Gecko) Mobile Safari/537.36 (compatible; PetalBot;+https://aspiegel.com/petalbot)" 
114.119.141.53 - - [11/Feb/2021:16:49:51 -0800] "GET /self.logs/error.log.2019-11-05.gz HTTP/1.1" 200 1533 "-" "Mozilla/5.0 (Linux; Android 7.0;) AppleWebKit/537.36 (KHTML, like Gecko) Mobile Safari/537.36 (compatible; PetalBot;+https://aspiegel.com/petalbot)" 
23.100.232.233 - - [11/Feb/2021:16:51:37 -0800] "GET / HTTP/1.1" 200 12883 "-" "Mozilla/5.0 (compatible; MSIE 9.0; Windows NT 6.1; Trident/5.0;  Trident/5.0)" 
23.100.232.233 - - [11/Feb/2021:16:51:38 -0800] "GET /css/style.css HTTP/1.1" 404 305 "http://www.secrepo.com/" "Mozilla/5.0 (compatible; MSIE 9.0; Windows NT 6.1; Trident/5.0;  Trident/5.0)" 
114.119.159.101 - - [11/Feb/2021:16:55:09 -0800] "GET /self.logs/access.log.2020-06-23.gz HTTP/1.1" 200 15016 "-" "Mozilla/5.0 (Linux; Android 7.0;) AppleWebKit/537.36 (KHTML, like Gecko) Mobile Safari/537.36 (compatible; PetalBot;+https://aspiegel.com/petalbot)" 
5.62.60.129 - - [11/Feb/2021:16:55:29 -0800] "GET / HTTP/1.1" 301 475 "-" "Mozilla/5.0 (Windows NT 6.1; Win64; x64) AppleWebKit/537.36 (KHTML, like Gecko) Chrome/81.0.4044.129 Safari/537.36" 
5.62.60.129 - - [11/Feb/2021:16:55:30 -0800] "GET / HTTP/1.1" 200 12883 "-" "Mozilla/5.0 (Windows NT 6.1; Win64; x64) AppleWebKit/537.36 (KHTML, like Gecko) Chrome/81.0.4044.129 Safari/537.36" 
5.62.60.129 - - [11/Feb/2021:16:55:31 -0800] "GET /css/style.css HTTP/1.1" 404 305 "http://www.secrepo.com/" "Mozilla/5.0 (Windows NT 6.1; Win64; x64) AppleWebKit/537.36 (KHTML, like Gecko) Chrome/81.0.4044.129 Safari/537.36" 
5.62.60.129 - - [11/Feb/2021:16:55:33 -0800] "GET /twitter-icon.png HTTP/1.1" 200 27893 "http://www.secrepo.com/" "Mozilla/5.0 (Windows NT 6.1; Win64; x64) AppleWebKit/537.36 (KHTML, like Gecko) Chrome/81.0.4044.129 Safari/537.36" 
5.62.60.129 - - [11/Feb/2021:16:55:33 -0800] "GET /GitHub-Mark.png HTTP/1.1" 200 7556 "http://www.secrepo.com/" "Mozilla/5.0 (Windows NT 6.1; Win64; x64) AppleWebKit/537.36 (KHTML, like Gecko) Chrome/81.0.4044.129 Safari/537.36" 
5.62.60.129 - - [11/Feb/2021:16:55:39 -0800] "GET /bootstrap/img/favicon.ico HTTP/1.1" 200 713 "http://www.secrepo.com/" "Mozilla/5.0 (Windows NT 6.1; Win64; x64) AppleWebKit/537.36 (KHTML, like Gecko) Chrome/81.0.4044.129 Safari/537.36" 
5.66.38.220 - - [11/Feb/2021:16:59:04 -0800] "GET / HTTP/1.1" 200 12883 "https://www.researchgate.net/" "Mozilla/5.0 (Windows NT 10.0; Win64; x64) AppleWebKit/537.36 (KHTML, like Gecko) Chrome/88.0.4324.150 Safari/537.36" 
5.66.38.220 - - [11/Feb/2021:16:59:05 -0800] "GET /css/style.css HTTP/1.1" 404 305 "http://www.secrepo.com/" "Mozilla/5.0 (Windows NT 10.0; Win64; x64) AppleWebKit/537.36 (KHTML, like Gecko) Chrome/88.0.4324.150 Safari/537.36" 
5.66.38.220 - - [11/Feb/2021:16:59:05 -0800] "GET /twitter-icon.png HTTP/1.1" 200 27893 "http://www.secrepo.com/" "Mozilla/5.0 (Windows NT 10.0; Win64; x64) AppleWebKit/537.36 (KHTML, like Gecko) Chrome/88.0.4324.150 Safari/537.36" 
5.66.38.220 - - [11/Feb/2021:16:59:05 -0800] "GET /GitHub-Mark.png HTTP/1.1" 200 7556 "http://www.secrepo.com/" "Mozilla/5.0 (Windows NT 10.0; Win64; x64) AppleWebKit/537.36 (KHTML, like Gecko) Chrome/88.0.4324.150 Safari/537.36" 
5.66.38.220 - - [11/Feb/2021:16:59:05 -0800] "GET /bootstrap/img/favicon.ico HTTP/1.1" 200 690 "http://www.secrepo.com/" "Mozilla/5.0 (Windows NT 10.0; Win64; x64) AppleWebKit/537.36 (KHTML, like Gecko) Chrome/88.0.4324.150 Safari/537.36" 
114.119.155.228 - - [11/Feb/2021:17:00:25 -0800] "GET /self.logs/access.log.2019-12-04.gz HTTP/1.1" 200 17808 "-" "Mozilla/5.0 (Linux; Android 7.0;) AppleWebKit/537.36 (KHTML, like Gecko) Mobile Safari/537.36 (compatible; PetalBot;+https://aspiegel.com/petalbot)" 
95.216.96.243 - - [11/Feb/2021:17:02:00 -0800] "GET /Datasets%20Description/Network/smtp.html HTTP/1.1" 200 1600 "http://www.secrepo.com/" "Mozilla/5.0 (compatible; SEOkicks; +https://www.seokicks.de/robot.html)" 
95.216.96.243 - - [11/Feb/2021:17:02:04 -0800] "GET /Datasets%20Description/Network/ssh.html HTTP/1.1" 200 1331 "http://www.secrepo.com/" "Mozilla/5.0 (compatible; SEOkicks; +https://www.seokicks.de/robot.html)" 
95.216.96.243 - - [11/Feb/2021:17:02:05 -0800] "GET /Datasets%20Description/Network/ssl.html HTTP/1.1" 200 1548 "http://www.secrepo.com/" "Mozilla/5.0 (compatible; SEOkicks; +https://www.seokicks.de/robot.html)" 
95.216.96.243 - - [11/Feb/2021:17:02:07 -0800] "GET /Datasets%20Description/Network/tunnel.html HTTP/1.1" 200 1433 "http://www.secrepo.com/" "Mozilla/5.0 (compatible; SEOkicks; +https://www.seokicks.de/robot.html)" 
95.216.96.243 - - [11/Feb/2021:17:02:09 -0800] "GET /Datasets%20Description/Network/weird.html HTTP/1.1" 200 1608 "http://www.secrepo.com/" "Mozilla/5.0 (compatible; SEOkicks; +https://www.seokicks.de/robot.html)" 
95.216.96.243 - - [11/Feb/2021:17:02:11 -0800] "GET /maccdc2012/maccdc2012_fast_alert.7z HTTP/1.1" 200 78840 "http://www.secrepo.com/" "Mozilla/5.0 (compatible; SEOkicks; +https://www.seokicks.de/robot.html)" 
95.216.96.243 - - [11/Feb/2021:17:02:12 -0800] "GET /maccdc2012/maccdc2012_full_alert.7z HTTP/1.1" 200 78840 "http://www.secrepo.com/" "Mozilla/5.0 (compatible; SEOkicks; +https://www.seokicks.de/robot.html)" 
95.216.96.243 - - [11/Feb/2021:17:02:14 -0800] "GET /Datasets%20Description/HTML_Bro_log_1 HTTP/1.1" 301 582 "http://www.secrepo.com/" "Mozilla/5.0 (compatible; SEOkicks; +https://www.seokicks.de/robot.html)" 
95.216.96.243 - - [11/Feb/2021:17:02:17 -0800] "GET /Datasets%20Description/HTML_Bro_log_1/ HTTP/1.1" 200 797 "http://www.secrepo.com/Datasets%20Description/HTML_Bro_log_1" "Mozilla/5.0 (compatible; SEOkicks; +https://www.seokicks.de/robot.html)" 
95.216.96.243 - - [11/Feb/2021:17:02:19 -0800] "GET /Datasets%20Description/HTML_Bro_log_2 HTTP/1.1" 301 582 "http://www.secrepo.com/" "Mozilla/5.0 (compatible; SEOkicks; +https://www.seokicks.de/robot.html)" 
95.216.96.243 - - [11/Feb/2021:17:02:20 -0800] "GET /Datasets%20Description/HTML_Bro_log_2/ HTTP/1.1" 200 795 "http://www.secrepo.com/Datasets%20Description/HTML_Bro_log_2" "Mozilla/5.0 (compatible; SEOkicks; +https://www.seokicks.de/robot.html)" 
54.36.149.62 - - [11/Feb/2021:17:04:46 -0800] "GET /Datasets%20Description/ HTTP/1.1" 200 633 "-" "Mozilla/5.0 (compatible; AhrefsBot/7.0; +http://ahrefs.com/robot/)" 
114.119.140.84 - - [11/Feb/2021:17:05:43 -0800] "GET /self.logs/error.log.2019-12-26.gz HTTP/1.1" 200 1048 "-" "Mozilla/5.0 (Linux; Android 7.0;) AppleWebKit/537.36 (KHTML, like Gecko) Mobile Safari/537.36 (compatible; PetalBot;+https://aspiegel.com/petalbot)" 
17.58.96.135 - - [11/Feb/2021:17:08:27 -0800] "GET /self.logs/error.log.2020-03-18 HTTP/1.1" 200 307 "-" "Mozilla/5.0 (Macintosh; Intel Mac OS X 10_15_5) AppleWebKit/605.1.15 (KHTML, like Gecko) Version/13.1.1 Safari/605.1.15 (Applebot/0.1; +http://www.apple.com/go/applebot)" 
114.119.155.228 - - [11/Feb/2021:17:10:59 -0800] "GET /self.logs/error.log.2018-02-26.gz HTTP/1.1" 200 3636 "-" "Mozilla/5.0 (Linux; Android 7.0;) AppleWebKit/537.36 (KHTML, like Gecko) Mobile Safari/537.36 (compatible; PetalBot;+https://aspiegel.com/petalbot)" 
95.217.220.238 - - [11/Feb/2021:17:11:26 -0800] "GET /robots.txt HTTP/1.1" 301 458 "-" "Mozilla/5.0 (Windows; U; Windows NT 5.1; en-US; rv:1.8.1.6) Gecko/20070725 Firefox/2.0.0.6" 
95.217.220.238 - - [11/Feb/2021:17:11:27 -0800] "GET /robots.txt HTTP/1.1" 200 340 "-" "Mozilla/5.0 (Windows; U; Windows NT 5.1; en-US; rv:1.8.1.6) Gecko/20070725 Firefox/2.0.0.6" 
114.119.150.248 - - [11/Feb/2021:17:16:15 -0800] "GET /self.logs/error.log.2018-01-12.gz HTTP/1.1" 200 1996 "-" "Mozilla/5.0 (Linux; Android 7.0;) AppleWebKit/537.36 (KHTML, like Gecko) Mobile Safari/537.36 (compatible; PetalBot;+https://aspiegel.com/petalbot)" 
114.119.155.228 - - [11/Feb/2021:17:21:30 -0800] "GET /self.logs/error.log.2019-08-15.gz HTTP/1.1" 200 1277 "-" "Mozilla/5.0 (Linux; Android 7.0;) AppleWebKit/537.36 (KHTML, like Gecko) Mobile Safari/537.36 (compatible; PetalBot;+https://aspiegel.com/petalbot)" 
114.119.150.248 - - [11/Feb/2021:17:26:46 -0800] "GET /self.logs/access.log.2019-03-28.gz HTTP/1.1" 200 47713 "-" "Mozilla/5.0 (Linux; Android 7.0;) AppleWebKit/537.36 (KHTML, like Gecko) Mobile Safari/537.36 (compatible; PetalBot;+https://aspiegel.com/petalbot)" 
54.221.52.186 - - [11/Feb/2021:17:31:14 -0800] "HEAD / HTTP/1.1" 301 223 "-" "Mozilla/5.0 (Macintosh; Intel Mac OS X 10_15_7) AppleWebKit/537.36 (KHTML, like Gecko) Chrome/86.0.4240.111 Safari/537.36" 
54.221.52.186 - - [11/Feb/2021:17:31:14 -0800] "HEAD / HTTP/1.1" 200 425 "-" "Mozilla/5.0 (Macintosh; Intel Mac OS X 10_15_7) AppleWebKit/537.36 (KHTML, like Gecko) Chrome/86.0.4240.111 Safari/537.36" 
114.119.155.228 - - [11/Feb/2021:17:32:02 -0800] "GET /self.logs/error.log.2019-05-01.gz HTTP/1.1" 200 7561 "-" "Mozilla/5.0 (Linux; Android 7.0;) AppleWebKit/537.36 (KHTML, like Gecko) Mobile Safari/537.36 (compatible; PetalBot;+https://aspiegel.com/petalbot)" 
54.36.148.18 - - [11/Feb/2021:17:33:35 -0800] "GET /Datasets%20Description/PE_malware/?C=N;O=A HTTP/1.1" 200 642 "-" "Mozilla/5.0 (compatible; AhrefsBot/7.0; +http://ahrefs.com/robot/)" 
54.36.149.62 - - [11/Feb/2021:17:35:15 -0800] "GET /Datasets%20Description/HTML_Bro_log_2/ HTTP/1.1" 200 788 "-" "Mozilla/5.0 (compatible; AhrefsBot/7.0; +http://ahrefs.com/robot/)" 
49.7.20.102 - - [11/Feb/2021:17:36:42 -0800] "GET / HTTP/1.1" 301 438 "-" "Sogou web spider/4.0(+http://www.sogou.com/docs/help/webmasters.htm#07)" 
114.119.150.248 - - [11/Feb/2021:17:37:39 -0800] "GET /self.logs/access.log.2020-08-01.gz HTTP/1.1" 200 11294 "-" "Mozilla/5.0 (Linux; Android 7.0;) AppleWebKit/537.36 (KHTML, like Gecko) Mobile Safari/537.36 (compatible; PetalBot;+https://aspiegel.com/petalbot)" 
49.7.20.102 - - [11/Feb/2021:17:37:57 -0800] "GET / HTTP/1.1" 200 12846 "-" "Sogou web spider/4.0(+http://www.sogou.com/docs/help/webmasters.htm#07)" 
114.119.159.40 - - [11/Feb/2021:17:42:35 -0800] "GET /self.logs/error.log.2018-07-08.gz HTTP/1.1" 200 7428 "-" "Mozilla/5.0 (Linux; Android 7.0;) AppleWebKit/537.36 (KHTML, like Gecko) Mobile Safari/537.36 (compatible; PetalBot;+https://aspiegel.com/petalbot)" 
40.77.167.9 - - [11/Feb/2021:17:47:09 -0800] "GET /self.logs/error.log.2019-12-28.gz HTTP/1.1" 200 872 "-" "Mozilla/5.0 (compatible; bingbot/2.0; +http://www.bing.com/bingbot.htm)" 
114.119.155.228 - - [11/Feb/2021:17:47:52 -0800] "GET /self.logs/access.log.2018-08-27.gz HTTP/1.1" 200 29018 "-" "Mozilla/5.0 (Linux; Android 7.0;) AppleWebKit/537.36 (KHTML, like Gecko) Mobile Safari/537.36 (compatible; PetalBot;+https://aspiegel.com/petalbot)" 
123.183.224.116 - - [11/Feb/2021:17:48:29 -0800] "GET / HTTP/1.1" 200 12846 "-" "Sogou web spider/4.0(+http://www.sogou.com/docs/help/webmasters.htm#07)" 
58.250.125.119 - - [11/Feb/2021:17:50:28 -0800] "GET / HTTP/1.1" 200 12846 "-" "Sogou web spider/4.0(+http://www.sogou.com/docs/help/webmasters.htm#07)" 
114.119.129.244 - - [11/Feb/2021:17:53:09 -0800] "GET /self.logs/access.log.2018-08-02.gz HTTP/1.1" 200 31545 "-" "Mozilla/5.0 (Linux; Android 7.0;) AppleWebKit/537.36 (KHTML, like Gecko) Mobile Safari/537.36 (compatible; PetalBot;+https://aspiegel.com/petalbot)" 
17.58.96.135 - - [11/Feb/2021:17:57:39 -0800] "GET /self.logs/error.log.2020-02-01 HTTP/1.1" 200 307 "-" "Mozilla/5.0 (Macintosh; Intel Mac OS X 10_15_5) AppleWebKit/605.1.15 (KHTML, like Gecko) Version/13.1.1 Safari/605.1.15 (Applebot/0.1; +http://www.apple.com/go/applebot)" 
114.119.141.53 - - [11/Feb/2021:17:58:25 -0800] "GET /self.logs/access.log.2017-01-11.gz HTTP/1.1" 200 93056 "-" "Mozilla/5.0 (Linux; Android 7.0;) AppleWebKit/537.36 (KHTML, like Gecko) Mobile Safari/537.36 (compatible; PetalBot;+https://aspiegel.com/petalbot)" 
114.119.157.43 - - [11/Feb/2021:18:03:42 -0800] "GET /self.logs/access.log.2017-02-24.gz HTTP/1.1" 200 67096 "-" "Mozilla/5.0 (Linux; Android 7.0;) AppleWebKit/537.36 (KHTML, like Gecko) Mobile Safari/537.36 (compatible; PetalBot;+https://aspiegel.com/petalbot)" 
54.36.148.59 - - [11/Feb/2021:18:05:46 -0800] "GET / HTTP/1.1" 200 12838 "-" "Mozilla/5.0 (compatible; AhrefsBot/7.0; +http://ahrefs.com/robot/)" 
