40.77.167.149 - - [26/Feb/2020:11:13:55 -0800] "GET /self.logs/access.log.2017-01-20.gz HTTP/1.1" 200 12909 "-" "Mozilla/5.0 (compatible; bingbot/2.0; +http://www.bing.com/bingbot.htm)" 
40.77.167.149 - - [26/Feb/2020:11:13:56 -0800] "GET /self.logs/error.log.2018-12-28.gz HTTP/1.1" 200 4693 "-" "Mozilla/5.0 (compatible; bingbot/2.0; +http://www.bing.com/bingbot.htm)" 
157.55.39.0 - - [26/Feb/2020:11:17:24 -0800] "GET /robots.txt HTTP/1.1" 301 495 "-" "Mozilla/5.0 (compatible; bingbot/2.0; +http://www.bing.com/bingbot.htm)" 
157.55.39.0 - - [26/Feb/2020:11:17:25 -0800] "GET /robots.txt HTTP/1.1" 200 288 "-" "Mozilla/5.0 (compatible; bingbot/2.0; +http://www.bing.com/bingbot.htm)" 
207.46.13.156 - - [26/Feb/2020:11:24:25 -0800] "GET /self.logs/error.log.2019-12-28.gz HTTP/1.1" 200 767 "-" "Mozilla/5.0 (compatible; bingbot/2.0; +http://www.bing.com/bingbot.htm)" 
132.207.3.113 - - [26/Feb/2020:11:24:28 -0800] "GET / HTTP/1.1" 200 12661 "https://www.researchgate.net/" "Mozilla/5.0 (Windows NT 10.0; Win64; x64) AppleWebKit/537.36 (KHTML, like Gecko) Chrome/79.0.3945.130 Safari/537.36 OPR/66.0.3515.115" 
132.207.3.113 - - [26/Feb/2020:11:24:28 -0800] "GET /css/style.css HTTP/1.1" 404 271 "http://www.secrepo.com/" "Mozilla/5.0 (Windows NT 10.0; Win64; x64) AppleWebKit/537.36 (KHTML, like Gecko) Chrome/79.0.3945.130 Safari/537.36 OPR/66.0.3515.115" 
132.207.3.113 - - [26/Feb/2020:11:24:28 -0800] "GET /twitter-icon.png HTTP/1.1" 200 27810 "http://www.secrepo.com/" "Mozilla/5.0 (Windows NT 10.0; Win64; x64) AppleWebKit/537.36 (KHTML, like Gecko) Chrome/79.0.3945.130 Safari/537.36 OPR/66.0.3515.115" 
132.207.3.113 - - [26/Feb/2020:11:24:28 -0800] "GET /GitHub-Mark.png HTTP/1.1" 200 7450 "http://www.secrepo.com/" "Mozilla/5.0 (Windows NT 10.0; Win64; x64) AppleWebKit/537.36 (KHTML, like Gecko) Chrome/79.0.3945.130 Safari/537.36 OPR/66.0.3515.115" 
132.207.3.113 - - [26/Feb/2020:11:24:30 -0800] "GET /bootstrap/img/favicon.ico HTTP/1.1" 200 601 "http://www.secrepo.com/" "Mozilla/5.0 (Windows NT 10.0; Win64; x64) AppleWebKit/537.36 (KHTML, like Gecko) Chrome/79.0.3945.130 Safari/537.36 OPR/66.0.3515.115" 
132.207.3.113 - - [26/Feb/2020:11:26:15 -0800] "GET /maccdc2012/files.log.gz HTTP/1.1" 200 51233364 "-" "Mozilla/5.0 (Windows NT 10.0; Win64; x64) AppleWebKit/537.36 (KHTML, like Gecko) Chrome/79.0.3945.130 Safari/537.36 OPR/66.0.3515.115" 
207.46.13.93 - - [26/Feb/2020:11:30:38 -0800] "GET /self.logs/ HTTP/1.1" 200 21287 "-" "Mozilla/5.0 (compatible; bingbot/2.0; +http://www.bing.com/bingbot.htm)" 
113.171.224.176 - - [26/Feb/2020:11:35:21 -0800] "GET /honeypot/Honeypot%20-%20Howto.pdf HTTP/1.1" 200 61320 "-" "Mozilla/5.0 Gecko/20100115 Firefox/3.6" 
157.55.39.0 - - [26/Feb/2020:11:35:35 -0800] "GET /robots.txt HTTP/1.1" 200 288 "-" "Mozilla/5.0 (compatible; bingbot/2.0; +http://www.bing.com/bingbot.htm)" 
47.199.170.37 - - [26/Feb/2020:11:44:56 -0800] "GET / HTTP/1.1" 200 12661 "-" "Mozilla/5.0 (Macintosh; Intel Mac OS X 10_15_3) AppleWebKit/537.36 (KHTML, like Gecko) Chrome/79.0.3945.130 Safari/537.36" 
47.199.170.37 - - [26/Feb/2020:11:44:56 -0800] "GET /css/style.css HTTP/1.1" 404 271 "http://www.secrepo.com/" "Mozilla/5.0 (Macintosh; Intel Mac OS X 10_15_3) AppleWebKit/537.36 (KHTML, like Gecko) Chrome/79.0.3945.130 Safari/537.36" 
47.199.170.37 - - [26/Feb/2020:11:44:56 -0800] "GET /twitter-icon.png HTTP/1.1" 200 27810 "http://www.secrepo.com/" "Mozilla/5.0 (Macintosh; Intel Mac OS X 10_15_3) AppleWebKit/537.36 (KHTML, like Gecko) Chrome/79.0.3945.130 Safari/537.36" 
47.199.170.37 - - [26/Feb/2020:11:44:56 -0800] "GET /GitHub-Mark.png HTTP/1.1" 200 7427 "http://www.secrepo.com/" "Mozilla/5.0 (Macintosh; Intel Mac OS X 10_15_3) AppleWebKit/537.36 (KHTML, like Gecko) Chrome/79.0.3945.130 Safari/537.36" 
47.199.170.37 - - [26/Feb/2020:11:44:57 -0800] "GET /bootstrap/img/favicon.ico HTTP/1.1" 200 601 "http://www.secrepo.com/" "Mozilla/5.0 (Macintosh; Intel Mac OS X 10_15_3) AppleWebKit/537.36 (KHTML, like Gecko) Chrome/79.0.3945.130 Safari/537.36" 
207.46.13.156 - - [26/Feb/2020:11:49:35 -0800] "GET / HTTP/1.1" 301 475 "-" "Mozilla/5.0 (compatible; bingbot/2.0; +http://www.bing.com/bingbot.htm)" 
207.46.13.156 - - [26/Feb/2020:11:50:57 -0800] "GET / HTTP/1.1" 200 12661 "-" "Mozilla/5.0 (compatible; bingbot/2.0; +http://www.bing.com/bingbot.htm)" 
134.190.190.10 - - [26/Feb/2020:11:52:40 -0800] "GET / HTTP/1.1" 200 12661 "-" "Mozilla/5.0 (Macintosh; Intel Mac OS X 10_15_3) AppleWebKit/605.1.15 (KHTML, like Gecko)" 
134.190.190.10 - - [26/Feb/2020:11:52:40 -0800] "GET /apple-touch-icon-precomposed.png HTTP/1.1" 404 294 "-" "Safari/15608.5.11 CFNetwork/1121.1.2 Darwin/19.3.0 (x86_64)" 
134.190.190.10 - - [26/Feb/2020:11:52:40 -0800] "GET /apple-touch-icon.png HTTP/1.1" 404 271 "-" "Safari/15608.5.11 CFNetwork/1121.1.2 Darwin/19.3.0 (x86_64)" 
134.190.190.10 - - [26/Feb/2020:11:52:40 -0800] "GET /bootstrap/img/favicon.ico HTTP/1.1" 200 601 "-" "Safari/15608.5.11 CFNetwork/1121.1.2 Darwin/19.3.0 (x86_64)" 
134.190.190.10 - - [26/Feb/2020:11:52:41 -0800] "GET / HTTP/1.1" 200 12638 "-" "Mozilla/5.0 (iPhone; CPU iPhone OS 12_1_3 like Mac OS X) AppleWebKit/605.1.15 (KHTML, like Gecko) Version/12.0 Mobile/15E148 Safari/604.1" 
134.190.190.10 - - [26/Feb/2020:11:52:41 -0800] "GET /apple-touch-icon-precomposed.png HTTP/1.1" 404 271 "-" "Safari/15608.5.11 CFNetwork/1121.1.2 Darwin/19.3.0 (x86_64)" 
134.190.190.10 - - [26/Feb/2020:11:52:41 -0800] "GET /apple-touch-icon.png HTTP/1.1" 404 271 "-" "Safari/15608.5.11 CFNetwork/1121.1.2 Darwin/19.3.0 (x86_64)" 
73.149.157.171 - - [26/Feb/2020:12:05:51 -0800] "GET /bootstrap/img/favicon.ico HTTP/1.1" 200 624 "-" "Mozilla/5.0 (Macintosh; Intel Mac OS X 10_12_6) AppleWebKit/537.36 (KHTML, like Gecko) Chrome/80.0.3987.87 Safari/537.36" 
84.115.249.116 - - [26/Feb/2020:12:06:08 -0800] "GET /bootstrap/img/favicon.ico HTTP/1.1" 200 624 "-" "Mozilla/5.0 (Windows NT 10.0; Win64; x64) AppleWebKit/537.36 (KHTML, like Gecko) Chrome/80.0.3987.122 Safari/537.36" 
144.76.29.148 - - [26/Feb/2020:12:09:43 -0800] "GET /robots.txt HTTP/1.1" 200 288 "-" "Mozilla/5.0 (compatible; MJ12bot/v1.4.8; http://mj12bot.com/)" 
144.76.29.148 - - [26/Feb/2020:12:09:44 -0800] "GET /self.logs/ HTTP/1.1" 200 21209 "-" "Mozilla/5.0 (compatible; MJ12bot/v1.4.8; http://mj12bot.com/)" 
192.154.196.18 - - [26/Feb/2020:12:27:12 -0800] "GET /honeypot/honeypot.json.zip HTTP/1.1" 200 23085998 "-" "Mozilla/5.0 (Windows NT 10.0; Win64; x64) AppleWebKit/537.36 (KHTML, like Gecko) Chrome/80.0.3987.116 Safari/537.36" 
66.249.64.143 - - [26/Feb/2020:12:30:26 -0800] "GET /self.logs/ HTTP/1.1" 200 21287 "-" "Mozilla/5.0 (compatible; Googlebot/2.1; +http://www.google.com/bot.html)" 
192.154.196.18 - - [26/Feb/2020:12:31:50 -0800] "GET /squid/access.log.gz HTTP/1.1" 200 23100566 "http://www.secrepo.com/" "Mozilla/5.0 (Windows NT 10.0; Win64; x64) AppleWebKit/537.36 (KHTML, like Gecko) Chrome/80.0.3987.116 Safari/537.36" 
40.77.167.149 - - [26/Feb/2020:12:36:04 -0800] "GET /self.logs/access.log.2018-05-22.gz HTTP/1.1" 200 19477 "-" "Mozilla/5.0 (compatible; bingbot/2.0; +http://www.bing.com/bingbot.htm)" 
40.77.167.149 - - [26/Feb/2020:12:36:04 -0800] "GET /self.logs/access.log.2019-11-14.gz HTTP/1.1" 200 16243 "-" "Mozilla/5.0 (compatible; bingbot/2.0; +http://www.bing.com/bingbot.htm)" 
40.77.167.149 - - [26/Feb/2020:12:36:04 -0800] "GET /self.logs/error.log.2018-04-30.gz HTTP/1.1" 200 3289 "-" "Mozilla/5.0 (compatible; bingbot/2.0; +http://www.bing.com/bingbot.htm)" 
167.114.64.100 - - [26/Feb/2020:12:36:18 -0800] "GET / HTTP/1.1" 200 47311 "-" "Mozilla/4.0 (compatible; MSIE 7.0; Windows NT 5.1; .NET CLR 2.0.50727; .NET CLR 1.1.4322)" 
113.171.224.176 - - [26/Feb/2020:12:37:30 -0800] "GET /honeypot/Honeypot%20-%20Howto.pdf HTTP/1.1" 200 61320 "-" "Mozilla/5.0 Gecko/20100115 Firefox/3.6" 
207.46.13.156 - - [26/Feb/2020:12:53:04 -0800] "GET /self.logs/error.log.2019-12-14.gz HTTP/1.1" 200 1257 "-" "Mozilla/5.0 (compatible; bingbot/2.0; +http://www.bing.com/bingbot.htm)" 
220.181.51.77 - - [26/Feb/2020:13:05:08 -0800] "GET / HTTP/1.1" 301 438 "-" "Mozilla/5.0 (Windows NT 10.0; WOW64) AppleWebKit/537.36 (KHTML, like Gecko) Chrome/45.0.2454.93 Safari/537.36" 
220.181.51.72 - - [26/Feb/2020:13:05:08 -0800] "GET / HTTP/1.1" 200 12624 "-" "Mozilla/5.0 (Windows NT 10.0; WOW64) AppleWebKit/537.36 (KHTML, like Gecko) Chrome/45.0.2454.93 Safari/537.36" 
111.206.222.190 - - [26/Feb/2020:13:05:09 -0800] "GET /css/style.css HTTP/1.1" 404 250 "http://www.secrepo.com/" "Mozilla/5.0 (Windows NT 10.0; WOW64) AppleWebKit/537.36 (KHTML, like Gecko) Chrome/45.0.2454.93 Safari/537.36" 
47.105.170.18 - - [26/Feb/2020:13:13:49 -0800] "GET /js/comm.js HTTP/1.1" 404 294 "-" "Mozilla/5.0 (Windows NT 10.0; WOW64; rv:48.0) Gecko/20100101 Firefox/48.0" 
162.210.196.129 - - [26/Feb/2020:13:26:07 -0800] "GET /robots.txt HTTP/1.1" 200 288 "-" "Mozilla/5.0 (compatible; MJ12bot/v1.4.8; http://mj12bot.com/)" 
162.210.196.129 - - [26/Feb/2020:13:26:09 -0800] "GET / HTTP/1.1" 200 12583 "-" "Mozilla/5.0 (compatible; MJ12bot/v1.4.8; http://mj12bot.com/)" 
66.249.64.139 - - [26/Feb/2020:13:28:26 -0800] "GET /?page=PcapFiles HTTP/1.1" 200 12661 "-" "Mozilla/5.0 (Linux; Android 6.0.1; Nexus 5X Build/MMB29P) AppleWebKit/537.36 (KHTML, like Gecko) Chrome/41.0.2272.96 Mobile Safari/537.36 (compatible; Googlebot/2.1; +http://www.google.com/bot.html)" 
52.3.229.243 - - [26/Feb/2020:13:31:30 -0800] "GET / HTTP/1.1" 301 475 "-" "python-requests/2.18.1" 
52.3.229.243 - - [26/Feb/2020:13:31:30 -0800] "GET / HTTP/1.1" 200 12661 "-" "python-requests/2.18.1" 
52.3.229.243 - - [26/Feb/2020:13:31:30 -0800] "GET / HTTP/1.1" 200 12661 "-" "python-requests/2.18.1" 
52.3.229.243 - - [26/Feb/2020:13:31:30 -0800] "GET / HTTP/1.1" 200 12661 "-" "python-requests/2.18.1" 
40.77.167.149 - - [26/Feb/2020:13:31:42 -0800] "GET /self.logs/error.log.2018-01-10.gz HTTP/1.1" 200 2189 "-" "Mozilla/5.0 (compatible; bingbot/2.0; +http://www.bing.com/bingbot.htm)" 
113.171.224.176 - - [26/Feb/2020:13:37:54 -0800] "GET /honeypot/Honeypot%20-%20Howto.pdf HTTP/1.1" 200 61320 "-" "Mozilla/5.0 Gecko/20100115 Firefox/3.6" 
207.46.13.156 - - [26/Feb/2020:13:42:17 -0800] "GET /self.logs/error.log.2018-11-25.gz HTTP/1.1" 200 3786 "-" "Mozilla/5.0 (compatible; bingbot/2.0; +http://www.bing.com/bingbot.htm)" 
130.203.136.241 - - [26/Feb/2020:13:45:23 -0800] "GET /robots.txt HTTP/1.1" 301 439 "-" "Mozilla/5.0 (X11; Linux x86_64; rv:7.0.1) Gecko/20100101 Firefox/7.7" 
130.203.136.241 - - [26/Feb/2020:13:45:24 -0800] "GET /robots.txt HTTP/1.1" 200 244 "-" "Mozilla/5.0 (X11; Linux x86_64; rv:7.0.1) Gecko/20100101 Firefox/7.7" 
130.203.136.241 - - [26/Feb/2020:13:45:24 -0800] "GET / HTTP/1.1" 301 419 "-" "Mozilla/5.0 (X11; Linux x86_64; rv:7.0.1) Gecko/20100101 Firefox/7.7" 
130.203.136.241 - - [26/Feb/2020:13:45:30 -0800] "GET /robots.txt HTTP/1.1" 200 244 "-" "Mozilla/5.0 (X11; Linux x86_64; rv:7.0.1) Gecko/20100101 Firefox/7.7" 
130.203.136.241 - - [26/Feb/2020:13:45:31 -0800] "GET / HTTP/1.1" 200 12583 "-" "Mozilla/5.0 (X11; Linux x86_64; rv:7.0.1) Gecko/20100101 Firefox/7.7" 
198.240.130.75 - - [26/Feb/2020:13:48:55 -0800] "GET / HTTP/1.1" 200 12617 "-" "Mozilla/5.0 (Windows NT 6.1; WOW64) AppleWebKit/537.36 (KHTML, like Gecko) Chrome/76.0.3809.132 Safari/537.36" 
198.240.130.75 - - [26/Feb/2020:13:48:56 -0800] "GET /twitter-icon.png HTTP/1.1" 200 27766 "http://www.secrepo.com/" "Mozilla/5.0 (Windows NT 6.1; WOW64) AppleWebKit/537.36 (KHTML, like Gecko) Chrome/76.0.3809.132 Safari/537.36" 
198.240.130.75 - - [26/Feb/2020:13:48:56 -0800] "GET /css/style.css HTTP/1.1" 404 250 "http://www.secrepo.com/" "Mozilla/5.0 (Windows NT 6.1; WOW64) AppleWebKit/537.36 (KHTML, like Gecko) Chrome/76.0.3809.132 Safari/537.36" 
198.240.130.75 - - [26/Feb/2020:13:48:56 -0800] "GET /GitHub-Mark.png HTTP/1.1" 200 7406 "http://www.secrepo.com/" "Mozilla/5.0 (Windows NT 6.1; WOW64) AppleWebKit/537.36 (KHTML, like Gecko) Chrome/76.0.3809.132 Safari/537.36" 
198.240.130.75 - - [26/Feb/2020:13:48:58 -0800] "GET /bootstrap/img/favicon.ico HTTP/1.1" 200 580 "http://www.secrepo.com/" "Mozilla/5.0 (Windows NT 6.1; WOW64) AppleWebKit/537.36 (KHTML, like Gecko) Chrome/76.0.3809.132 Safari/537.36" 
198.240.130.75 - - [26/Feb/2020:13:50:30 -0800] "GET /Datasets%20Description/Network/dhcp.html HTTP/1.1" 200 1338 "http://www.secrepo.com/" "Mozilla/5.0 (Windows NT 6.1; WOW64) AppleWebKit/537.36 (KHTML, like Gecko) Chrome/76.0.3809.132 Safari/537.36" 
198.240.130.75 - - [26/Feb/2020:13:50:31 -0800] "GET /favicon.ico HTTP/1.1" 200 258 "http://www.secrepo.com/Datasets%20Description/Network/dhcp.html" "Mozilla/5.0 (Windows NT 6.1; WOW64) AppleWebKit/537.36 (KHTML, like Gecko) Chrome/76.0.3809.132 Safari/537.36" 
196.177.178.254 - - [26/Feb/2020:13:54:19 -0800] "GET / HTTP/1.1" 200 12661 "-" "Mozilla/5.0 (Windows NT 10.0; Win64; x64) AppleWebKit/537.36 (KHTML, like Gecko) Chrome/79.0.3945.130 Safari/537.36" 
196.177.178.254 - - [26/Feb/2020:13:54:19 -0800] "GET /css/style.css HTTP/1.1" 404 271 "http://www.secrepo.com/" "Mozilla/5.0 (Windows NT 10.0; Win64; x64) AppleWebKit/537.36 (KHTML, like Gecko) Chrome/79.0.3945.130 Safari/537.36" 
196.177.178.254 - - [26/Feb/2020:13:54:19 -0800] "GET /twitter-icon.png HTTP/1.1" 200 27810 "http://www.secrepo.com/" "Mozilla/5.0 (Windows NT 10.0; Win64; x64) AppleWebKit/537.36 (KHTML, like Gecko) Chrome/79.0.3945.130 Safari/537.36" 
196.177.178.254 - - [26/Feb/2020:13:54:19 -0800] "GET /GitHub-Mark.png HTTP/1.1" 200 7427 "http://www.secrepo.com/" "Mozilla/5.0 (Windows NT 10.0; Win64; x64) AppleWebKit/537.36 (KHTML, like Gecko) Chrome/79.0.3945.130 Safari/537.36" 
196.177.178.254 - - [26/Feb/2020:13:54:23 -0800] "GET /bootstrap/img/favicon.ico HTTP/1.1" 200 624 "http://www.secrepo.com/" "Mozilla/5.0 (Windows NT 10.0; Win64; x64) AppleWebKit/537.36 (KHTML, like Gecko) Chrome/79.0.3945.130 Safari/537.36" 
207.46.13.93 - - [26/Feb/2020:14:13:17 -0800] "GET /self.logs/error.log.2017-12-17.gz HTTP/1.1" 200 1917 "-" "Mozilla/5.0 (compatible; bingbot/2.0; +http://www.bing.com/bingbot.htm)" 
104.245.19.236 - - [26/Feb/2020:14:19:03 -0800] "GET / HTTP/1.1" 301 475 "-" "Mozilla/5.0 (Macintosh; Intel Mac OS X 10_14_6) AppleWebKit/537.36 (KHTML, like Gecko) Chrome/80.0.3987.116 Safari/537.36" 
104.245.19.236 - - [26/Feb/2020:14:19:03 -0800] "GET / HTTP/1.1" 200 12661 "-" "Mozilla/5.0 (Macintosh; Intel Mac OS X 10_14_6) AppleWebKit/537.36 (KHTML, like Gecko) Chrome/80.0.3987.116 Safari/537.36" 
104.245.19.236 - - [26/Feb/2020:14:19:03 -0800] "GET /css/style.css HTTP/1.1" 404 271 "http://www.secrepo.com/" "Mozilla/5.0 (Macintosh; Intel Mac OS X 10_14_6) AppleWebKit/537.36 (KHTML, like Gecko) Chrome/80.0.3987.116 Safari/537.36" 
104.245.19.236 - - [26/Feb/2020:14:19:04 -0800] "GET /twitter-icon.png HTTP/1.1" 200 27810 "http://www.secrepo.com/" "Mozilla/5.0 (Macintosh; Intel Mac OS X 10_14_6) AppleWebKit/537.36 (KHTML, like Gecko) Chrome/80.0.3987.116 Safari/537.36" 
104.245.19.236 - - [26/Feb/2020:14:19:04 -0800] "GET /GitHub-Mark.png HTTP/1.1" 200 7427 "http://www.secrepo.com/" "Mozilla/5.0 (Macintosh; Intel Mac OS X 10_14_6) AppleWebKit/537.36 (KHTML, like Gecko) Chrome/80.0.3987.116 Safari/537.36" 
104.245.19.236 - - [26/Feb/2020:14:19:05 -0800] "GET /bootstrap/img/favicon.ico HTTP/1.1" 200 601 "http://www.secrepo.com/" "Mozilla/5.0 (Macintosh; Intel Mac OS X 10_14_6) AppleWebKit/537.36 (KHTML, like Gecko) Chrome/80.0.3987.116 Safari/537.36" 
66.249.64.124 - - [26/Feb/2020:14:20:19 -0800] "GET /ads.txt HTTP/1.1" 301 489 "-" "Mozilla/5.0 (compatible; Googlebot/2.1; +http://www.google.com/bot.html)" 
134.139.201.231 - - [26/Feb/2020:14:29:04 -0800] "GET /css/style.css HTTP/1.1" 404 294 "http://www.secrepo.com/" "Mozilla/5.0 (Windows NT 10.0; Win64; x64) AppleWebKit/537.36 (KHTML, like Gecko) Chrome/80.0.3987.122 Safari/537.36" 
42.120.160.95 - - [26/Feb/2020:14:29:38 -0800] "GET /tg/b.zip HTTP/1.1" 200 42298149 "-" "Mozilla/5.0 (Windows NT 6.1; Win64; x64) AppleWebKit/537.36 (KHTML, like Gecko) Chrome/69.0.3497.81 YisouSpider/5.0 Safari/537.36" 
207.46.13.93 - - [26/Feb/2020:14:35:10 -0800] "GET /self.logs/error.log.2019-12-22 HTTP/1.1" 200 262 "-" "Mozilla/5.0 (compatible; bingbot/2.0; +http://www.bing.com/bingbot.htm)" 
113.171.224.176 - - [26/Feb/2020:14:41:21 -0800] "GET /honeypot/Honeypot%20-%20Howto.pdf HTTP/1.1" 200 61320 "-" "Mozilla/5.0 Gecko/20100115 Firefox/3.6" 
207.46.13.156 - - [26/Feb/2020:14:45:55 -0800] "GET /self.logs/access.log.2017-12-22.gz HTTP/1.1" 200 19150 "-" "Mozilla/5.0 (compatible; bingbot/2.0; +http://www.bing.com/bingbot.htm)" 
42.236.102.3 - - [26/Feb/2020:14:58:00 -0800] "GET / HTTP/1.1" 200 12661 "http://www.secrepo.com/" "Mozilla/5.0 (Windows NT 6.1; WOW64) AppleWebKit/537.36 (KHTML, like Gecko) Chrome/50.4.2661.102 Safari/537.36; 360Spider" 
185.158.135.167 - - [26/Feb/2020:15:19:43 -0800] "GET / HTTP/1.0" 301 438 "http://secrepo.com" "Mozilla/5.0 (Windows NT 6.1; WOW64) AppleWebKit/537.36 (KHTML, like Gecko) Chrome/67.0.3396.18 Safari/537.36 OPR/55.0.2955.0 (Edition developer)" 
185.158.135.167 - - [26/Feb/2020:15:19:44 -0800] "GET / HTTP/1.0" 200 12622 "http://secrepo.com" "Mozilla/5.0 (Windows NT 6.1; WOW64) AppleWebKit/537.36 (KHTML, like Gecko) Chrome/67.0.3396.18 Safari/537.36 OPR/55.0.2955.0 (Edition developer)" 
185.158.135.167 - - [26/Feb/2020:15:19:44 -0800] "GET /Datasets%20Description/PE_malware/VirusShare.html HTTP/1.0" 200 1535 "http://www.secrepo.com/" "Mozilla/5.0 (Windows NT 6.1; WOW64) AppleWebKit/537.36 (KHTML, like Gecko) Chrome/67.0.3396.18 Safari/537.36 OPR/55.0.2955.0 (Edition developer)" 
157.55.39.0 - - [26/Feb/2020:15:43:22 -0800] "GET /robots.txt HTTP/1.1" 200 288 "-" "Mozilla/5.0 (compatible; bingbot/2.0; +http://www.bing.com/bingbot.htm)" 
207.46.13.156 - - [26/Feb/2020:15:43:28 -0800] "GET /self.logs/error.log.2019-02-20.gz HTTP/1.1" 200 3868 "-" "Mozilla/5.0 (compatible; bingbot/2.0; +http://www.bing.com/bingbot.htm)" 
113.171.224.176 - - [26/Feb/2020:15:49:58 -0800] "GET /honeypot/Honeypot%20-%20Howto.pdf HTTP/1.1" 200 61320 "-" "Mozilla/5.0 Gecko/20100115 Firefox/3.6" 
162.210.196.98 - - [26/Feb/2020:16:07:02 -0800] "GET /robots.txt HTTP/1.1" 200 288 "-" "Mozilla/5.0 (compatible; MJ12bot/v1.4.8; http://mj12bot.com/)" 
162.210.196.98 - - [26/Feb/2020:16:07:04 -0800] "GET / HTTP/1.1" 200 12617 "-" "Mozilla/5.0 (compatible; MJ12bot/v1.4.8; http://mj12bot.com/)" 
66.249.64.143 - - [26/Feb/2020:16:19:18 -0800] "GET /robots.txt HTTP/1.1" 200 288 "-" "Mozilla/5.0 (compatible; Googlebot/2.1; +http://www.google.com/bot.html)" 
66.249.64.139 - - [26/Feb/2020:16:19:18 -0800] "GET /Datasets%20Description/Network/weird.html HTTP/1.1" 304 174 "-" "Mozilla/5.0 (Linux; Android 6.0.1; Nexus 5X Build/MMB29P) AppleWebKit/537.36 (KHTML, like Gecko) Chrome/41.0.2272.96 Mobile Safari/537.36 (compatible; Googlebot/2.1; +http://www.google.com/bot.html)" 
123.125.71.21 - - [26/Feb/2020:16:26:14 -0800] "GET / HTTP/1.1" 301 438 "-" "Mozilla/5.0 (compatible; Baiduspider/2.0; +http://www.baidu.com/search/spider.html)" 
123.125.71.88 - - [26/Feb/2020:16:26:15 -0800] "GET / HTTP/1.1" 200 12624 "-" "Mozilla/5.0 (compatible; Baiduspider/2.0; +http://www.baidu.com/search/spider.html)" 
111.206.198.29 - - [26/Feb/2020:16:26:16 -0800] "GET /css/style.css HTTP/1.1" 404 250 "http://www.secrepo.com/" "Mozilla/5.0 (compatible; Baiduspider-render/2.0; +http://www.baidu.com/search/spider.html)" 
66.249.64.143 - - [26/Feb/2020:16:27:19 -0800] "GET /css/style.css HTTP/1.1" 404 294 "http://www.secrepo.com/?t=1&cn=ZmxleGlibGVfcmVjc18y&refsrc=email&iid=2572d65d1a814c138a77f3b60465fe37&uid=30635594&nid=244+272699400" "Mozilla/5.0 (Linux; Android 6.0.1; Nexus 5X Build/MMB29P) AppleWebKit/537.36 (KHTML, like Gecko) Chrome/80.0.3987.92 Mobile Safari/537.36 (compatible; Googlebot/2.1; +http://www.google.com/bot.html)" 
66.249.64.141 - - [26/Feb/2020:16:29:23 -0800] "GET /Datasets%20Description/Network/http.html HTTP/1.1" 304 175 "-" "Mozilla/5.0 (Linux; Android 6.0.1; Nexus 5X Build/MMB29P) AppleWebKit/537.36 (KHTML, like Gecko) Chrome/41.0.2272.96 Mobile Safari/537.36 (compatible; Googlebot/2.1; +http://www.google.com/bot.html)" 
172.98.67.38 - - [26/Feb/2020:16:34:17 -0800] "GET / HTTP/1.1" 200 12617 "-" "Mozilla/5.0 (compatible; Googlebot/2.1; +http://www.google.com/bot.html)" 
151.55.44.98 - - [26/Feb/2020:16:39:53 -0800] "GET / HTTP/1.1" 200 47311 "-" "Xenu Link Sleuth/1.3.8" 
174.112.184.14 - - [26/Feb/2020:16:44:22 -0800] "GET /Security-Data-Analysis/Lab_1/conn.log.zip HTTP/1.1" 200 547221453 "-" "Mozilla/5.0 (Windows NT 10.0; Win64; x64) AppleWebKit/537.36 (KHTML, like Gecko) Chrome/80.0.3987.122 Safari/537.36" 
77.75.77.17 - - [26/Feb/2020:16:53:27 -0800] "GET /robots.txt HTTP/1.1" 200 288 "-" "Mozilla/5.0 (compatible; SeznamBot/3.2; +http://napoveda.seznam.cz/en/seznambot-intro/)" 
77.75.77.17 - - [26/Feb/2020:16:53:28 -0800] "GET /Datasets%20Description/Network/dhcp.html HTTP/1.1" 304 174 "-" "Mozilla/5.0 (compatible; SeznamBot/3.2; +http://napoveda.seznam.cz/en/seznambot-intro/)" 
77.75.77.17 - - [26/Feb/2020:16:53:29 -0800] "GET / HTTP/1.1" 200 12638 "-" "Mozilla/5.0 (compatible; SeznamBot/3.2; +http://napoveda.seznam.cz/en/seznambot-intro/)" 
66.249.64.139 - - [26/Feb/2020:16:57:08 -0800] "GET / HTTP/1.1" 200 12661 "-" "Mozilla/5.0 (compatible; Googlebot/2.1; +http://www.google.com/bot.html)" 
113.171.224.176 - - [26/Feb/2020:16:57:24 -0800] "GET /honeypot/Honeypot%20-%20Howto.pdf HTTP/1.1" 200 61320 "-" "Mozilla/5.0 Gecko/20100115 Firefox/3.6" 
122.115.231.75 - - [26/Feb/2020:17:02:43 -0800] "GET /favicon.ico HTTP/1.1" 200 302 "-" "Mozilla/5.0 (Windows NT 10.0; WOW64) AppleWebKit/537.36 (KHTML, like Gecko) Chrome/65.0.3314.0 Safari/537.36 SE 2.X MetaSr 1.0" 
103.137.12.142 - - [26/Feb/2020:17:05:09 -0800] "GET / HTTP/1.1" 200 12661 "-" "Mozilla/5.0 (Windows NT 10.0; Win64; x64) AppleWebKit/537.36 (KHTML, like Gecko) Chrome/80.0.3987.122 Safari/537.36" 
103.137.12.142 - - [26/Feb/2020:17:05:09 -0800] "GET /css/style.css HTTP/1.1" 404 271 "http://www.secrepo.com/" "Mozilla/5.0 (Windows NT 10.0; Win64; x64) AppleWebKit/537.36 (KHTML, like Gecko) Chrome/80.0.3987.122 Safari/537.36" 
103.137.12.142 - - [26/Feb/2020:17:05:09 -0800] "GET /twitter-icon.png HTTP/1.1" 200 27810 "http://www.secrepo.com/" "Mozilla/5.0 (Windows NT 10.0; Win64; x64) AppleWebKit/537.36 (KHTML, like Gecko) Chrome/80.0.3987.122 Safari/537.36" 
103.137.12.142 - - [26/Feb/2020:17:05:11 -0800] "GET /css/style.css HTTP/1.1" 404 271 "http://www.secrepo.com/" "Mozilla/5.0 (Windows NT 10.0; Win64; x64) AppleWebKit/537.36 (KHTML, like Gecko) Chrome/80.0.3987.122 Safari/537.36" 
103.137.12.142 - - [26/Feb/2020:17:05:11 -0800] "GET /GitHub-Mark.png HTTP/1.1" 200 7427 "http://www.secrepo.com/" "Mozilla/5.0 (Windows NT 10.0; Win64; x64) AppleWebKit/537.36 (KHTML, like Gecko) Chrome/80.0.3987.122 Safari/537.36" 
103.137.12.142 - - [26/Feb/2020:17:05:14 -0800] "GET /bootstrap/img/favicon.ico HTTP/1.1" 200 624 "http://www.secrepo.com/" "Mozilla/5.0 (Windows NT 10.0; Win64; x64) AppleWebKit/537.36 (KHTML, like Gecko) Chrome/80.0.3987.122 Safari/537.36" 
207.46.13.93 - - [26/Feb/2020:17:08:29 -0800] "GET /self.logs/error.log.2020-01-30 HTTP/1.1" 200 262 "-" "Mozilla/5.0 (compatible; bingbot/2.0; +http://www.bing.com/bingbot.htm)" 
173.208.198.162 - - [26/Feb/2020:17:13:13 -0800] "GET /robots.txt HTTP/1.1" 301 495 "-" "Mozilla/5.0 (compatible; MJ12bot/v1.4.8; http://mj12bot.com/)" 
173.208.198.162 - - [26/Feb/2020:17:13:18 -0800] "GET /robots.txt HTTP/1.1" 200 288 "-" "Mozilla/5.0 (compatible; MJ12bot/v1.4.8; http://mj12bot.com/)" 
173.208.198.162 - - [26/Feb/2020:17:13:30 -0800] "GET /%C2%A0%C2%A0 HTTP/1.1" 301 427 "-" "Mozilla/5.0 (compatible; MJ12bot/v1.4.8; http://mj12bot.com/)" 
173.208.198.162 - - [26/Feb/2020:17:13:33 -0800] "GET /%C3%82%C2%A0%C3%82 HTTP/1.1" 404 250 "-" "Mozilla/5.0 (compatible; MJ12bot/v1.4.8; http://mj12bot.com/)" 
173.208.198.162 - - [26/Feb/2020:17:13:47 -0800] "GET /honeypot//%22http://amunhoney.sourceforge.net//%22 HTTP/1.1" 404 250 "-" "Mozilla/5.0 (compatible; MJ12bot/v1.4.8; http://mj12bot.com/)" 
173.208.198.162 - - [26/Feb/2020:17:14:12 -0800] "GET /honeypot//%22http://glastopf.org//%22 HTTP/1.1" 404 250 "-" "Mozilla/5.0 (compatible; MJ12bot/v1.4.8; http://mj12bot.com/)" 
173.208.198.162 - - [26/Feb/2020:17:14:28 -0800] "GET /honeypot//%22http://www.maxmind.com/%22 HTTP/1.1" 404 250 "-" "Mozilla/5.0 (compatible; MJ12bot/v1.4.8; http://mj12bot.com/)" 
173.208.198.162 - - [26/Feb/2020:17:14:48 -0800] "GET /honeypot//%22https://twitter.com/sooshie/%22 HTTP/1.1" 404 250 "-" "Mozilla/5.0 (compatible; MJ12bot/v1.4.8; http://mj12bot.com/)" 
173.208.198.162 - - [26/Feb/2020:17:15:11 -0800] "GET /honeypot//%22https://twitter.com/theroxyd/%22 HTTP/1.1" 404 250 "-" "Mozilla/5.0 (compatible; MJ12bot/v1.4.8; http://mj12bot.com/)" 
173.208.198.162 - - [26/Feb/2020:17:15:31 -0800] "GET /%C2%A0 HTTP/1.1" 404 250 "-" "Mozilla/5.0 (compatible; MJ12bot/v1.4.8; http://mj12bot.com/)" 
173.208.198.162 - - [26/Feb/2020:17:15:58 -0800] "GET / HTTP/1.1" 200 12617 "-" "Mozilla/5.0 (compatible; MJ12bot/v1.4.8; http://mj12bot.com/)" 
206.47.249.246 - - [26/Feb/2020:17:20:38 -0800] "GET /self.logs/error.log.2019-04-23.gz HTTP/1.1" 304 175 "-" "Mozilla/4.0 (compatible;)" 
58.250.125.158 - - [26/Feb/2020:17:23:58 -0800] "GET / HTTP/1.1" 200 12624 "-" "Sogou web spider/4.0(+http://www.sogou.com/docs/help/webmasters.htm#07)" 
77.75.77.101 - - [26/Feb/2020:17:30:37 -0800] "GET /robots.txt HTTP/1.1" 200 288 "-" "Mozilla/5.0 (compatible; SeznamBot/3.2; +http://napoveda.seznam.cz/en/seznambot-intro/)" 
77.75.77.101 - - [26/Feb/2020:17:30:38 -0800] "GET /Datasets%20Description/PE_malware/OPCleaver.html HTTP/1.1" 304 164 "-" "Mozilla/5.0 (compatible; SeznamBot/3.2; +http://napoveda.seznam.cz/en/seznambot-intro/)" 
77.75.77.101 - - [26/Feb/2020:17:30:38 -0800] "GET /Datasets%20Description/Network/ftp.html HTTP/1.1" 304 165 "-" "Mozilla/5.0 (compatible; SeznamBot/3.2; +http://napoveda.seznam.cz/en/seznambot-intro/)" 
162.210.196.100 - - [26/Feb/2020:17:34:42 -0800] "GET /robots.txt HTTP/1.1" 301 495 "-" "Mozilla/5.0 (compatible; MJ12bot/v1.4.8; http://mj12bot.com/)" 
162.210.196.100 - - [26/Feb/2020:17:34:43 -0800] "GET /robots.txt HTTP/1.1" 200 288 "-" "Mozilla/5.0 (compatible; MJ12bot/v1.4.8; http://mj12bot.com/)" 
162.210.196.100 - - [26/Feb/2020:17:34:44 -0800] "GET / HTTP/1.1" 301 419 "-" "Mozilla/5.0 (compatible; MJ12bot/v1.4.8; http://mj12bot.com/)" 
162.210.196.100 - - [26/Feb/2020:17:34:46 -0800] "GET / HTTP/1.1" 200 12617 "-" "Mozilla/5.0 (compatible; MJ12bot/v1.4.8; http://mj12bot.com/)" 
123.125.71.104 - - [26/Feb/2020:17:53:18 -0800] "GET /Datasets%20Description/Network/ssh.html HTTP/1.1" 200 1252 "-" "Mozilla/5.0 (compatible; Baiduspider/2.0; +http://www.baidu.com/search/spider.html)" 
113.171.224.176 - - [26/Feb/2020:18:01:15 -0800] "GET /honeypot/Honeypot%20-%20Howto.pdf HTTP/1.1" 200 61320 "-" "Mozilla/5.0 Gecko/20100115 Firefox/3.6" 
183.82.17.249 - - [26/Feb/2020:18:06:54 -0800] "GET / HTTP/1.1" 200 12661 "-" "Mozilla/5.0 (Windows NT 10.0; rv:68.0) Gecko/20100101 Firefox/68.0" 
183.82.17.249 - - [26/Feb/2020:18:06:55 -0800] "GET /css/style.css HTTP/1.1" 404 271 "http://www.secrepo.com/" "Mozilla/5.0 (Windows NT 10.0; rv:68.0) Gecko/20100101 Firefox/68.0" 
183.82.17.249 - - [26/Feb/2020:18:06:55 -0800] "GET /GitHub-Mark.png HTTP/1.1" 200 7450 "http://www.secrepo.com/" "Mozilla/5.0 (Windows NT 10.0; rv:68.0) Gecko/20100101 Firefox/68.0" 
183.82.17.249 - - [26/Feb/2020:18:06:57 -0800] "GET /bootstrap/img/favicon.ico HTTP/1.1" 200 601 "-" "Mozilla/5.0 (Windows NT 10.0; rv:68.0) Gecko/20100101 Firefox/68.0" 
207.46.13.156 - - [26/Feb/2020:18:07:43 -0800] "GET /self.logs/2016/access.log.2016-02-13.gz HTTP/1.1" 200 7087 "-" "Mozilla/5.0 (compatible; bingbot/2.0; +http://www.bing.com/bingbot.htm)" 
207.46.13.93 - - [26/Feb/2020:18:08:57 -0800] "GET /self.logs/error.log.2019-08-21.gz HTTP/1.1" 200 1303 "-" "Mozilla/5.0 (compatible; bingbot/2.0; +http://www.bing.com/bingbot.htm)" 
34.192.165.23 - - [26/Feb/2020:18:12:56 -0800] "GET / HTTP/1.1" 200 12661 "-" "Mozilla/5.0 (Windows NT 10.0; Win64; x64; rv:73.0) Gecko/20100101 Firefox/73.0" 
34.192.165.23 - - [26/Feb/2020:18:12:56 -0800] "GET /css/style.css HTTP/1.1" 404 271 "http://www.secrepo.com/" "Mozilla/5.0 (Windows NT 10.0; Win64; x64; rv:73.0) Gecko/20100101 Firefox/73.0" 
34.192.165.23 - - [26/Feb/2020:18:12:56 -0800] "GET /twitter-icon.png HTTP/1.1" 200 27810 "http://www.secrepo.com/" "Mozilla/5.0 (Windows NT 10.0; Win64; x64; rv:73.0) Gecko/20100101 Firefox/73.0" 
34.192.165.23 - - [26/Feb/2020:18:12:56 -0800] "GET /GitHub-Mark.png HTTP/1.1" 200 7450 "http://www.secrepo.com/" "Mozilla/5.0 (Windows NT 10.0; Win64; x64; rv:73.0) Gecko/20100101 Firefox/73.0" 
34.192.165.23 - - [26/Feb/2020:18:12:56 -0800] "GET /bootstrap/img/favicon.ico HTTP/1.1" 200 601 "-" "Mozilla/5.0 (Windows NT 10.0; Win64; x64; rv:73.0) Gecko/20100101 Firefox/73.0" 
34.192.165.23 - - [26/Feb/2020:18:15:03 -0800] "GET / HTTP/1.1" 200 12661 "http://www.secrepo.com/" "Mozilla/5.0 (Windows NT 10.0; Win64; x64; rv:73.0) Gecko/20100101 Firefox/73.0" 
34.192.165.23 - - [26/Feb/2020:18:15:03 -0800] "GET /css/style.css HTTP/1.1" 404 271 "http://www.secrepo.com/" "Mozilla/5.0 (Windows NT 10.0; Win64; x64; rv:73.0) Gecko/20100101 Firefox/73.0" 
34.192.165.23 - - [26/Feb/2020:18:15:09 -0800] "GET /css/style.css HTTP/1.1" 404 294 "http://www.secrepo.com/" "Mozilla/5.0 (Windows NT 10.0; Win64; x64; rv:73.0) Gecko/20100101 Firefox/73.0" 
34.192.165.23 - - [26/Feb/2020:18:15:31 -0800] "GET /css/style.css HTTP/1.1" 404 294 "http://www.secrepo.com/" "Mozilla/5.0 (Windows NT 10.0; Win64; x64; rv:73.0) Gecko/20100101 Firefox/73.0" 
162.245.206.245 - - [26/Feb/2020:18:20:36 -0800] "GET / HTTP/1.1" 200 12661 "-" "Mozilla/5.0 (Windows NT 10.0; Win64; x64) AppleWebKit/537.36 (KHTML, like Gecko) Chrome/79.0.3945.130 Safari/537.36" 
162.245.206.245 - - [26/Feb/2020:18:20:36 -0800] "GET /css/style.css HTTP/1.1" 404 271 "http://www.secrepo.com/" "Mozilla/5.0 (Windows NT 10.0; Win64; x64) AppleWebKit/537.36 (KHTML, like Gecko) Chrome/79.0.3945.130 Safari/537.36" 
162.245.206.245 - - [26/Feb/2020:18:20:37 -0800] "GET /twitter-icon.png HTTP/1.1" 200 27787 "http://www.secrepo.com/" "Mozilla/5.0 (Windows NT 10.0; Win64; x64) AppleWebKit/537.36 (KHTML, like Gecko) Chrome/79.0.3945.130 Safari/537.36" 
162.245.206.245 - - [26/Feb/2020:18:20:37 -0800] "GET /GitHub-Mark.png HTTP/1.1" 200 7450 "http://www.secrepo.com/" "Mozilla/5.0 (Windows NT 10.0; Win64; x64) AppleWebKit/537.36 (KHTML, like Gecko) Chrome/79.0.3945.130 Safari/537.36" 
162.245.206.245 - - [26/Feb/2020:18:20:49 -0800] "GET /bootstrap/img/favicon.ico HTTP/1.1" 200 624 "http://www.secrepo.com/" "Mozilla/5.0 (Windows NT 10.0; Win64; x64) AppleWebKit/537.36 (KHTML, like Gecko) Chrome/79.0.3945.130 Safari/537.36" 
52.212.146.96 - - [26/Feb/2020:18:30:01 -0800] "GET /self.logs/access.log.2020-02-20.gz HTTP/1.1" 200 15179 "-" "python-requests/2.12.1" 
52.212.146.96 - - [26/Feb/2020:18:30:02 -0800] "GET /self.logs/access.log.2020-02-21.gz HTTP/1.1" 200 16406 "-" "python-requests/2.12.1" 
52.212.146.96 - - [26/Feb/2020:18:30:02 -0800] "GET /self.logs/access.log.2020-02-22.gz HTTP/1.1" 200 13679 "-" "python-requests/2.12.1" 
52.212.146.96 - - [26/Feb/2020:18:30:02 -0800] "GET /self.logs/access.log.2020-02-23.gz HTTP/1.1" 200 13586 "-" "python-requests/2.12.1" 
52.212.146.96 - - [26/Feb/2020:18:30:02 -0800] "GET /self.logs/access.log.2020-02-24.gz HTTP/1.1" 404 294 "-" "python-requests/2.12.1" 
52.212.146.96 - - [26/Feb/2020:18:30:03 -0800] "GET /self.logs/access.log.2020-02-25.gz HTTP/1.1" 404 294 "-" "python-requests/2.12.1" 
52.212.146.96 - - [26/Feb/2020:18:30:03 -0800] "GET /self.logs/access.log.2020-02-26.gz HTTP/1.1" 404 294 "-" "python-requests/2.12.1" 
66.249.64.139 - - [26/Feb/2020:18:34:13 -0800] "GET / HTTP/1.1" 200 12661 "-" "Mozilla/5.0 (Linux; Android 6.0.1; Nexus 5X Build/MMB29P) AppleWebKit/537.36 (KHTML, like Gecko) Chrome/41.0.2272.96 Mobile Safari/537.36 (compatible; Googlebot/2.1; +http://www.google.com/bot.html)" 
218.212.30.142 - - [26/Feb/2020:18:41:32 -0800] "GET / HTTP/1.1" 200 12661 "-" "Mozilla/5.0 (Windows NT 10.0; Win64; x64) AppleWebKit/537.36 (KHTML, like Gecko) Chrome/80.0.3987.122 Safari/537.36" 
218.212.30.142 - - [26/Feb/2020:18:41:32 -0800] "GET /css/style.css HTTP/1.1" 404 271 "http://www.secrepo.com/" "Mozilla/5.0 (Windows NT 10.0; Win64; x64) AppleWebKit/537.36 (KHTML, like Gecko) Chrome/80.0.3987.122 Safari/537.36" 
218.212.30.142 - - [26/Feb/2020:18:41:33 -0800] "GET /bootstrap/img/favicon.ico HTTP/1.1" 200 601 "http://www.secrepo.com/" "Mozilla/5.0 (Windows NT 10.0; Win64; x64) AppleWebKit/537.36 (KHTML, like Gecko) Chrome/80.0.3987.122 Safari/537.36" 
218.212.30.142 - - [26/Feb/2020:18:42:05 -0800] "GET /self.logs/ HTTP/1.1" 200 21287 "http://www.secrepo.com/" "Mozilla/5.0 (Windows NT 10.0; Win64; x64) AppleWebKit/537.36 (KHTML, like Gecko) Chrome/80.0.3987.122 Safari/537.36" 
218.212.30.142 - - [26/Feb/2020:18:42:06 -0800] "GET /favicon.ico HTTP/1.1" 200 279 "http://www.secrepo.com/self.logs/" "Mozilla/5.0 (Windows NT 10.0; Win64; x64) AppleWebKit/537.36 (KHTML, like Gecko) Chrome/80.0.3987.122 Safari/537.36" 
64.233.172.13 - - [26/Feb/2020:18:46:55 -0800] "GET / HTTP/1.1" 200 12661 "-" "Mozilla/5.0 (X11; Linux x86_64) AppleWebKit/537.36 (KHTML, like Gecko) Chrome/49.0.2623.75 Safari/537.36 Google Favicon" 
64.233.172.11 - - [26/Feb/2020:18:46:55 -0800] "GET /bootstrap/img/favicon.ico HTTP/1.1" 200 624 "-" "Mozilla/5.0 (X11; Linux x86_64) AppleWebKit/537.36 (KHTML, like Gecko) Chrome/49.0.2623.75 Safari/537.36 Google Favicon" 
27.34.12.28 - - [26/Feb/2020:18:51:13 -0800] "GET /.git/HEAD HTTP/1.1" 301 493 "-" "python-requests/2.18.4" 
27.34.12.28 - - [26/Feb/2020:18:51:15 -0800] "GET /.git/HEAD HTTP/1.1" 404 294 "-" "python-requests/2.18.4" 
108.59.8.70 - - [26/Feb/2020:18:52:50 -0800] "GET /robots.txt HTTP/1.1" 200 288 "-" "Mozilla/5.0 (compatible; MJ12bot/v1.4.8; http://mj12bot.com/)" 
108.59.8.70 - - [26/Feb/2020:18:52:52 -0800] "GET / HTTP/1.1" 200 12583 "-" "Mozilla/5.0 (compatible; MJ12bot/v1.4.8; http://mj12bot.com/)" 
207.46.13.156 - - [26/Feb/2020:19:00:05 -0800] "GET /self.logs/access.log.2019-07-04.gz HTTP/1.1" 200 26620 "-" "Mozilla/5.0 (compatible; bingbot/2.0; +http://www.bing.com/bingbot.htm)" 
113.171.224.176 - - [26/Feb/2020:19:04:51 -0800] "GET /honeypot/Honeypot%20-%20Howto.pdf HTTP/1.1" 200 61320 "-" "Mozilla/5.0 Gecko/20100115 Firefox/3.6" 
54.80.222.90 - - [26/Feb/2020:19:06:31 -0800] "GET / HTTP/1.1" 200 12617 "-" "Mozilla/5.0 (compatible; startmebot/1.0; +https://start.me/bot)" 
77.75.79.36 - - [26/Feb/2020:19:06:49 -0800] "GET /robots.txt HTTP/1.1" 200 288 "-" "Mozilla/5.0 (compatible; SeznamBot/3.2; +http://napoveda.seznam.cz/en/seznambot-intro/)" 
77.75.79.36 - - [26/Feb/2020:19:06:50 -0800] "GET /Datasets%20Description/Network/weird.html HTTP/1.1" 304 174 "-" "Mozilla/5.0 (compatible; SeznamBot/3.2; +http://napoveda.seznam.cz/en/seznambot-intro/)" 
180.101.214.21 - - [26/Feb/2020:19:10:46 -0800] "GET /Datasets%20Description/PE_malware/OPCleaver.html HTTP/1.0" 200 1379 "https://m.baidu.com/" "Mozilla/5.0 (Linux; Android 9; YAL-AL00 Build/HUAWEIYAL-AL00; wv) AppleWebKit/537.36 (KHTML, like Gecko) Version/4.0 Chrome/76.0.3809.89 Mobile Safari/537.36 T7/11.19 SP-engine/2.15.0 baiduboxapp/11.19.0.11 (Baidu; P1 9)" 
114.232.160.250 - - [26/Feb/2020:19:16:42 -0800] "GET /robots.txt HTTP/1.1" 200 251 "-" "Mozilla/5.0 (iPad; CPU OS 7_0 like Mac OS X) AppleWebKit/537.51.1 (KHTML, like Gecko) Version/7.0 Mobile/11A465 Safari/9537.53" 
114.96.168.236 - - [26/Feb/2020:19:16:58 -0800] "GET /Datasets%20Description/Network/%20https:/www.sans.org/reading-room/whitepapers/detection/intrusion-detection-relationship-analysis-37355 HTTP/1.1" 404 257 "-" "Mozilla/5.0(Linux;Android 5.1.1;OPPO A33 Build/LMY47V;wv) AppleWebKit/537.36(KHTML,link Gecko) Version/4.0 Chrome/42.0.2311.138 Mobile Safari/537.36" 
39.104.235.66 - - [26/Feb/2020:19:17:39 -0800] "GET //wangdafa HTTP/1.1" 404 294 "-" "python-requests/2.22.0" 
128.250.0.207 - - [26/Feb/2020:19:18:35 -0800] "GET / HTTP/1.1" 200 12661 "-" "Mozilla/5.0 (Windows NT 10.0; Win64; x64) AppleWebKit/537.36 (KHTML, like Gecko) Chrome/80.0.3987.122 Safari/537.36" 
128.250.0.207 - - [26/Feb/2020:19:18:36 -0800] "GET /css/style.css HTTP/1.1" 404 294 "http://www.secrepo.com/" "Mozilla/5.0 (Windows NT 10.0; Win64; x64) AppleWebKit/537.36 (KHTML, like Gecko) Chrome/80.0.3987.122 Safari/537.36" 
128.250.0.207 - - [26/Feb/2020:19:18:37 -0800] "GET /twitter-icon.png HTTP/1.1" 200 27787 "http://www.secrepo.com/" "Mozilla/5.0 (Windows NT 10.0; Win64; x64) AppleWebKit/537.36 (KHTML, like Gecko) Chrome/80.0.3987.122 Safari/537.36" 
128.250.0.207 - - [26/Feb/2020:19:18:37 -0800] "GET /GitHub-Mark.png HTTP/1.1" 200 7427 "http://www.secrepo.com/" "Mozilla/5.0 (Windows NT 10.0; Win64; x64) AppleWebKit/537.36 (KHTML, like Gecko) Chrome/80.0.3987.122 Safari/537.36" 
128.250.0.207 - - [26/Feb/2020:19:18:39 -0800] "GET /bootstrap/img/favicon.ico HTTP/1.1" 200 624 "http://www.secrepo.com/" "Mozilla/5.0 (Windows NT 10.0; Win64; x64) AppleWebKit/537.36 (KHTML, like Gecko) Chrome/80.0.3987.122 Safari/537.36" 
157.55.39.0 - - [26/Feb/2020:19:26:39 -0800] "GET /robots.txt HTTP/1.1" 200 288 "-" "Mozilla/5.0 (compatible; bingbot/2.0; +http://www.bing.com/bingbot.htm)" 
207.46.13.156 - - [26/Feb/2020:19:26:42 -0800] "GET /self.logs/access.log.2019-09-16.gz HTTP/1.1" 200 19919 "-" "Mozilla/5.0 (compatible; bingbot/2.0; +http://www.bing.com/bingbot.htm)" 
100.16.249.136 - - [26/Feb/2020:19:39:03 -0800] "GET / HTTP/1.1" 200 12661 "-" "Mozilla/5.0 (Windows NT 10.0; Win64; x64; rv:73.0) Gecko/20100101 Firefox/73.0" 
100.16.249.136 - - [26/Feb/2020:19:39:03 -0800] "GET /css/style.css HTTP/1.1" 404 271 "http://www.secrepo.com/" "Mozilla/5.0 (Windows NT 10.0; Win64; x64; rv:73.0) Gecko/20100101 Firefox/73.0" 
100.16.249.136 - - [26/Feb/2020:19:39:03 -0800] "GET /twitter-icon.png HTTP/1.1" 200 27810 "http://www.secrepo.com/" "Mozilla/5.0 (Windows NT 10.0; Win64; x64; rv:73.0) Gecko/20100101 Firefox/73.0" 
100.16.249.136 - - [26/Feb/2020:19:39:04 -0800] "GET /GitHub-Mark.png HTTP/1.1" 200 7427 "http://www.secrepo.com/" "Mozilla/5.0 (Windows NT 10.0; Win64; x64; rv:73.0) Gecko/20100101 Firefox/73.0" 
100.16.249.136 - - [26/Feb/2020:19:39:06 -0800] "GET /css/style.css HTTP/1.1" 404 294 "http://www.secrepo.com/" "Mozilla/5.0 (Windows NT 10.0; Win64; x64; rv:73.0) Gecko/20100101 Firefox/73.0" 
100.16.249.136 - - [26/Feb/2020:19:39:06 -0800] "GET /bootstrap/img/favicon.ico HTTP/1.1" 200 601 "-" "Mozilla/5.0 (Windows NT 10.0; Win64; x64; rv:73.0) Gecko/20100101 Firefox/73.0" 
100.16.249.136 - - [26/Feb/2020:19:40:49 -0800] "GET / HTTP/1.1" 200 12661 "http://www.secrepo.com/" "Mozilla/5.0 (Windows NT 10.0; Win64; x64; rv:73.0) Gecko/20100101 Firefox/73.0" 
100.16.249.136 - - [26/Feb/2020:19:40:50 -0800] "GET /css/style.css HTTP/1.1" 404 294 "http://www.secrepo.com/" "Mozilla/5.0 (Windows NT 10.0; Win64; x64; rv:73.0) Gecko/20100101 Firefox/73.0" 
100.16.249.136 - - [26/Feb/2020:19:40:50 -0800] "GET /bootstrap/img/favicon.ico HTTP/1.1" 200 624 "-" "Mozilla/5.0 (Windows NT 10.0; Win64; x64; rv:73.0) Gecko/20100101 Firefox/73.0" 
223.73.124.182 - - [26/Feb/2020:19:43:16 -0800] "GET /favicon.ico HTTP/1.1" 200 302 "-" "Mozilla/5.0 (Windows NT 6.1; WOW64) AppleWebKit/537.36 (KHTML, like Gecko) Chrome/63.0.3239.132 Safari/537.36" 
123.120.92.127 - - [26/Feb/2020:19:43:40 -0800] "GET /favicon.ico HTTP/1.1" 200 302 "-" "Mozilla/5.0 (Windows NT 6.1; WOW64) AppleWebKit/537.36 (KHTML, like Gecko) Chrome/69.0.3497.100 Safari/537.36" 
39.104.235.66 - - [26/Feb/2020:19:57:47 -0800] "GET //js/tc.js HTTP/1.1" 404 294 "-" "python-requests/2.22.0" 
39.104.235.66 - - [26/Feb/2020:20:06:01 -0800] "GET //statics/css/crop.css HTTP/1.1" 404 294 "-" "python-requests/2.22.0" 
27.186.194.29 - - [26/Feb/2020:20:08:27 -0800] "GET /favicon.ico HTTP/1.1" 200 302 "-" "Mozilla/5.0 (Windows NT 10.0; WOW64) AppleWebKit/537.36 (KHTML, like Gecko) Chrome/49.0.2623.221 Safari/537.36 SE 2.X MetaSr 1.0" 
113.171.224.176 - - [26/Feb/2020:20:09:17 -0800] "GET /honeypot/Honeypot%20-%20Howto.pdf HTTP/1.1" 200 61320 "-" "Mozilla/5.0 Gecko/20100115 Firefox/3.6" 
14.106.106.242 - - [26/Feb/2020:20:25:16 -0800] "GET /Datasets%20Description/Network/%20https:/www.sans.org/reading-room/whitepapers/detection/intrusion-detection-relationship-analysis-37354 HTTP/1.1" 404 257 "-" "Mozilla/5.0(Linux;U;Android 5.1.1;zh-CN;OPPO A33 Build/LMY47V) AppleWebKit/537.36(KHTML,like Gecko) Version/4.0 Chrome/40.0.2214.89 Mobile Safari/537.36" 
100.43.90.103 - - [26/Feb/2020:20:30:28 -0800] "GET /robots.txt HTTP/1.1" 200 288 "-" "Mozilla/5.0 (compatible; YandexBot/3.0; +http://yandex.com/bots)" 
100.43.90.103 - - [26/Feb/2020:20:30:32 -0800] "GET /favicon.ico HTTP/1.1" 200 302 "-" "Mozilla/5.0 (compatible; YandexBot/3.0; +http://yandex.com/bots)" 
66.249.64.143 - - [26/Feb/2020:20:31:29 -0800] "GET /Datasets%20Description/Network/notice.html HTTP/1.1" 304 175 "-" "Mozilla/5.0 (Linux; Android 6.0.1; Nexus 5X Build/MMB29P) AppleWebKit/537.36 (KHTML, like Gecko) Chrome/41.0.2272.96 Mobile Safari/537.36 (compatible; Googlebot/2.1; +http://www.google.com/bot.html)" 
109.102.111.32 - - [26/Feb/2020:20:43:38 -0800] "GET / HTTP/1.1" 200 47355 "-" "Java/1.6.0_04" 
109.102.111.32 - - [26/Feb/2020:20:43:39 -0800] "GET /GitHub-Mark.png HTTP/1.1" 200 7450 "-" "Java/1.6.0_04" 
109.102.111.32 - - [26/Feb/2020:20:43:39 -0800] "GET /self.logs HTTP/1.1" 301 495 "-" "Java/1.6.0_04" 
109.102.111.32 - - [26/Feb/2020:20:43:39 -0800] "GET /self.logs/ HTTP/1.1" 200 211125 "-" "Java/1.6.0_04" 
109.102.111.32 - - [26/Feb/2020:20:43:41 -0800] "GET /twitter-icon.png HTTP/1.1" 200 27810 "-" "Java/1.6.0_04" 
109.102.111.32 - - [26/Feb/2020:20:43:42 -0800] "GET /access.log.2017-01-01.gz HTTP/1.1" 404 294 "-" "Java/1.6.0_04" 
109.102.111.32 - - [26/Feb/2020:20:43:42 -0800] "GET /access.log.2017-01-02.gz HTTP/1.1" 404 294 "-" "Java/1.6.0_04" 
109.102.111.32 - - [26/Feb/2020:20:43:42 -0800] "GET /access.log.2017-01-03.gz HTTP/1.1" 404 294 "-" "Java/1.6.0_04" 
109.102.111.32 - - [26/Feb/2020:20:43:42 -0800] "GET /access.log.2017-01-04.gz HTTP/1.1" 404 294 "-" "Java/1.6.0_04" 
109.102.111.32 - - [26/Feb/2020:20:43:43 -0800] "GET /access.log.2017-01-05.gz HTTP/1.1" 404 294 "-" "Java/1.6.0_04" 
109.102.111.32 - - [26/Feb/2020:20:43:43 -0800] "GET /access.log.2017-01-06.gz HTTP/1.1" 404 294 "-" "Java/1.6.0_04" 
109.102.111.32 - - [26/Feb/2020:20:43:43 -0800] "GET /access.log.2017-01-07.gz HTTP/1.1" 404 294 "-" "Java/1.6.0_04" 
109.102.111.32 - - [26/Feb/2020:20:43:43 -0800] "GET /access.log.2017-01-08.gz HTTP/1.1" 404 294 "-" "Java/1.6.0_04" 
109.102.111.32 - - [26/Feb/2020:20:43:44 -0800] "GET /access.log.2017-01-09.gz HTTP/1.1" 404 294 "-" "Java/1.6.0_04" 
109.102.111.32 - - [26/Feb/2020:20:43:44 -0800] "GET /access.log.2017-01-10.gz HTTP/1.1" 404 294 "-" "Java/1.6.0_04" 
109.102.111.32 - - [26/Feb/2020:20:43:44 -0800] "GET /access.log.2017-01-11.gz HTTP/1.1" 404 294 "-" "Java/1.6.0_04" 
109.102.111.32 - - [26/Feb/2020:20:43:45 -0800] "GET /access.log.2017-01-12.gz HTTP/1.1" 404 294 "-" "Java/1.6.0_04" 
109.102.111.32 - - [26/Feb/2020:20:43:45 -0800] "GET /access.log.2017-01-13.gz HTTP/1.1" 404 294 "-" "Java/1.6.0_04" 
109.102.111.32 - - [26/Feb/2020:20:43:45 -0800] "GET /access.log.2017-01-14.gz HTTP/1.1" 404 294 "-" "Java/1.6.0_04" 
109.102.111.32 - - [26/Feb/2020:20:43:46 -0800] "GET /access.log.2017-01-15.gz HTTP/1.1" 404 294 "-" "Java/1.6.0_04" 
109.102.111.32 - - [26/Feb/2020:20:43:46 -0800] "GET /access.log.2017-01-16.gz HTTP/1.1" 404 294 "-" "Java/1.6.0_04" 
109.102.111.32 - - [26/Feb/2020:20:43:46 -0800] "GET /access.log.2017-01-17.gz HTTP/1.1" 404 294 "-" "Java/1.6.0_04" 
109.102.111.32 - - [26/Feb/2020:20:43:46 -0800] "GET /access.log.2017-01-18.gz HTTP/1.1" 404 294 "-" "Java/1.6.0_04" 
109.102.111.32 - - [26/Feb/2020:20:43:47 -0800] "GET /access.log.2017-01-19.gz HTTP/1.1" 404 294 "-" "Java/1.6.0_04" 
109.102.111.32 - - [26/Feb/2020:20:43:47 -0800] "GET /access.log.2017-01-20.gz HTTP/1.1" 404 294 "-" "Java/1.6.0_04" 
109.102.111.32 - - [26/Feb/2020:20:43:47 -0800] "GET /access.log.2017-01-21.gz HTTP/1.1" 404 294 "-" "Java/1.6.0_04" 
109.102.111.32 - - [26/Feb/2020:20:43:47 -0800] "GET /access.log.2017-01-22.gz HTTP/1.1" 404 294 "-" "Java/1.6.0_04" 
109.102.111.32 - - [26/Feb/2020:20:43:48 -0800] "GET /access.log.2017-01-23.gz HTTP/1.1" 404 294 "-" "Java/1.6.0_04" 
109.102.111.32 - - [26/Feb/2020:20:43:48 -0800] "GET /access.log.2017-01-24.gz HTTP/1.1" 404 294 "-" "Java/1.6.0_04" 
109.102.111.32 - - [26/Feb/2020:20:43:48 -0800] "GET /access.log.2017-01-25.gz HTTP/1.1" 404 294 "-" "Java/1.6.0_04" 
109.102.111.32 - - [26/Feb/2020:20:43:49 -0800] "GET /access.log.2017-01-26.gz HTTP/1.1" 404 294 "-" "Java/1.6.0_04" 
66.249.64.143 - - [26/Feb/2020:20:46:37 -0800] "GET /self.logs/ HTTP/1.1" 200 21287 "-" "Mozilla/5.0 (Linux; Android 6.0.1; Nexus 5X Build/MMB29P) AppleWebKit/537.36 (KHTML, like Gecko) Chrome/41.0.2272.96 Mobile Safari/537.36 (compatible; Googlebot/2.1; +http://www.google.com/bot.html)" 
173.208.198.162 - - [26/Feb/2020:21:00:36 -0800] "GET /robots.txt HTTP/1.1" 200 288 "-" "Mozilla/5.0 (compatible; MJ12bot/v1.4.8; http://mj12bot.com/)" 
173.208.198.162 - - [26/Feb/2020:21:00:55 -0800] "GET /self.logs/error.log.2020-02-24 HTTP/1.1" 200 218 "-" "Mozilla/5.0 (compatible; MJ12bot/v1.4.8; http://mj12bot.com/)" 
116.66.184.175 - - [26/Feb/2020:21:04:22 -0800] "GET / HTTP/1.1" 200 12661 "-" "Mozilla/5.0 (Windows NT 10.0; Win64; x64) AppleWebKit/537.36 (KHTML, like Gecko) Chrome/79.0.3945.88 Safari/537.36" 
116.66.184.175 - - [26/Feb/2020:21:04:22 -0800] "GET /css/style.css HTTP/1.1" 404 271 "http://www.secrepo.com/" "Mozilla/5.0 (Windows NT 10.0; Win64; x64) AppleWebKit/537.36 (KHTML, like Gecko) Chrome/79.0.3945.88 Safari/537.36" 
116.66.184.175 - - [26/Feb/2020:21:04:22 -0800] "GET /twitter-icon.png HTTP/1.1" 200 27810 "http://www.secrepo.com/" "Mozilla/5.0 (Windows NT 10.0; Win64; x64) AppleWebKit/537.36 (KHTML, like Gecko) Chrome/79.0.3945.88 Safari/537.36" 
116.66.184.175 - - [26/Feb/2020:21:04:22 -0800] "GET /GitHub-Mark.png HTTP/1.1" 200 7450 "http://www.secrepo.com/" "Mozilla/5.0 (Windows NT 10.0; Win64; x64) AppleWebKit/537.36 (KHTML, like Gecko) Chrome/79.0.3945.88 Safari/537.36" 
116.66.184.175 - - [26/Feb/2020:21:04:24 -0800] "GET /bootstrap/img/favicon.ico HTTP/1.1" 200 601 "http://www.secrepo.com/" "Mozilla/5.0 (Windows NT 10.0; Win64; x64) AppleWebKit/537.36 (KHTML, like Gecko) Chrome/79.0.3945.88 Safari/537.36" 
106.76.30.40 - - [26/Feb/2020:21:10:24 -0800] "GET / HTTP/1.1" 200 12661 "-" "Mozilla/5.0 (Linux; Android 5.0.2; HTC One E9PLUS dual sim) AppleWebKit/537.36 (KHTML, like Gecko) Chrome/80.0.3987.119 Mobile Safari/537.36" 
106.76.30.40 - - [26/Feb/2020:21:10:24 -0800] "GET /css/style.css HTTP/1.1" 404 271 "http://www.secrepo.com/" "Mozilla/5.0 (Linux; Android 5.0.2; HTC One E9PLUS dual sim) AppleWebKit/537.36 (KHTML, like Gecko) Chrome/80.0.3987.119 Mobile Safari/537.36" 
106.76.30.40 - - [26/Feb/2020:21:10:24 -0800] "GET /twitter-icon.png HTTP/1.1" 200 27810 "http://www.secrepo.com/" "Mozilla/5.0 (Linux; Android 5.0.2; HTC One E9PLUS dual sim) AppleWebKit/537.36 (KHTML, like Gecko) Chrome/80.0.3987.119 Mobile Safari/537.36" 
106.76.30.40 - - [26/Feb/2020:21:10:25 -0800] "GET /GitHub-Mark.png HTTP/1.1" 200 7427 "http://www.secrepo.com/" "Mozilla/5.0 (Linux; Android 5.0.2; HTC One E9PLUS dual sim) AppleWebKit/537.36 (KHTML, like Gecko) Chrome/80.0.3987.119 Mobile Safari/537.36" 
106.76.30.40 - - [26/Feb/2020:21:10:29 -0800] "GET /bootstrap/img/favicon.ico HTTP/1.1" 200 624 "http://www.secrepo.com/" "Mozilla/5.0 (Linux; Android 5.0.2; HTC One E9PLUS dual sim) AppleWebKit/537.36 (KHTML, like Gecko) Chrome/80.0.3987.119 Mobile Safari/537.36" 
113.171.224.176 - - [26/Feb/2020:21:15:40 -0800] "GET /honeypot/Honeypot%20-%20Howto.pdf HTTP/1.1" 200 61320 "-" "Mozilla/5.0 Gecko/20100115 Firefox/3.6" 
175.42.86.175 - - [26/Feb/2020:21:34:53 -0800] "GET / HTTP/1.1" 301 475 "http://www.veramichael.top/blog/8662163/profile/" "Mozilla/5.0 (Windows NT 6.1; Win64; x64) AppleWebKit/537.36 (KHTML, like Gecko) Chrome/79.0.3945.79 Safari/537.36" 
175.42.86.175 - - [26/Feb/2020:21:34:54 -0800] "GET / HTTP/1.1" 200 12661 "http://www.veramichael.top/blog/8662163/profile/" "Mozilla/5.0 (Windows NT 6.1; Win64; x64) AppleWebKit/537.36 (KHTML, like Gecko) Chrome/79.0.3945.79 Safari/537.36" 
40.77.167.139 - - [26/Feb/2020:21:38:21 -0800] "GET / HTTP/1.1" 301 475 "-" "Mozilla/5.0 (compatible; bingbot/2.0; +http://www.bing.com/bingbot.htm)" 
40.77.167.139 - - [26/Feb/2020:21:39:26 -0800] "GET / HTTP/1.1" 200 12661 "-" "Mozilla/5.0 (compatible; bingbot/2.0; +http://www.bing.com/bingbot.htm)" 
207.46.13.93 - - [26/Feb/2020:21:46:58 -0800] "GET /self.logs/access.log.2017-11-02.gz HTTP/1.1" 301 543 "-" "Mozilla/5.0 (compatible; bingbot/2.0; +http://www.bing.com/bingbot.htm)" 
124.43.27.128 - - [26/Feb/2020:21:55:10 -0800] "GET / HTTP/1.1" 200 12661 "-" "Mozilla/5.0 (Windows NT 10.0; Win64; x64) AppleWebKit/537.36 (KHTML, like Gecko) Chrome/80.0.3987.122 Safari/537.36" 
124.43.27.128 - - [26/Feb/2020:21:55:11 -0800] "GET /css/style.css HTTP/1.1" 404 271 "http://www.secrepo.com/" "Mozilla/5.0 (Windows NT 10.0; Win64; x64) AppleWebKit/537.36 (KHTML, like Gecko) Chrome/80.0.3987.122 Safari/537.36" 
124.43.27.128 - - [26/Feb/2020:21:55:11 -0800] "GET /twitter-icon.png HTTP/1.1" 200 27810 "http://www.secrepo.com/" "Mozilla/5.0 (Windows NT 10.0; Win64; x64) AppleWebKit/537.36 (KHTML, like Gecko) Chrome/80.0.3987.122 Safari/537.36" 
124.43.27.128 - - [26/Feb/2020:21:55:11 -0800] "GET /GitHub-Mark.png HTTP/1.1" 200 7427 "http://www.secrepo.com/" "Mozilla/5.0 (Windows NT 10.0; Win64; x64) AppleWebKit/537.36 (KHTML, like Gecko) Chrome/80.0.3987.122 Safari/537.36" 
