36.110.147.106 - - [07/Jan/2020:10:19:22 -0800] "GET / HTTP/1.1" 301 475 "http://www.sogou.com/web?query=site%3Asecrepo.com" "Mozilla/5.0 (Windows NT 6.1; Win64; x64) AppleWebKit/537.36 (KHTML, like Gecko) Chrome/74.0.3729.169 Safari/537.36" 
36.110.147.106 - - [07/Jan/2020:10:19:23 -0800] "GET / HTTP/1.1" 200 12661 "http://www.sogou.com/web?query=site%3Asecrepo.com" "Mozilla/5.0 (Windows NT 6.1; Win64; x64) AppleWebKit/537.36 (KHTML, like Gecko) Chrome/74.0.3729.169 Safari/537.36" 
183.36.115.77 - - [07/Jan/2020:10:19:26 -0800] "GET /css/style.css HTTP/1.1" 404 257 "http://basichttpserverv3.venus.odin.sogou/post?url=http%3A%2F%2Fwww.secrepo.com%2F" "Mozilla/5.0 (Windows NT 6.1; Win64; x64) AppleWebKit/537.36 (KHTML, like Gecko) Chrome/74.0.3729.169 Safari/537.36" 
183.36.115.77 - - [07/Jan/2020:10:19:26 -0800] "GET /css/style.css HTTP/1.1" 404 257 "http://basichttpserverv3.venus.odin.sogou/post?url=http%3A%2F%2Fwww.secrepo.com%2F" "Mozilla/5.0 (Windows NT 6.1; Win64; x64) AppleWebKit/537.36 (KHTML, like Gecko) Chrome/74.0.3729.169 Safari/537.36" 
183.36.115.77 - - [07/Jan/2020:10:19:27 -0800] "GET /css/style.css HTTP/1.1" 404 257 "http://basichttpserverv3.venus.odin.sogou/post?url=http%3A%2F%2Fwww.secrepo.com%2F" "Mozilla/5.0 (Windows NT 6.1; Win64; x64) AppleWebKit/537.36 (KHTML, like Gecko) Chrome/74.0.3729.169 Safari/537.36" 
40.77.167.10 - - [07/Jan/2020:10:40:30 -0800] "GET /self.logs/access.log.2018-10-09.gz HTTP/1.1" 200 22034 "-" "Mozilla/5.0 (compatible; bingbot/2.0; +http://www.bing.com/bingbot.htm)" 
113.171.224.176 - - [07/Jan/2020:10:42:13 -0800] "GET /honeypot/Honeypot%20-%20Howto.pdf HTTP/1.1" 200 61320 "-" "Mozilla/5.0 Gecko/20100115 Firefox/3.6" 
110.229.217.126 - - [07/Jan/2020:10:47:55 -0800] "GET /public/router.php HTTP/1.1" 404 294 "-" "Mozilla/5.0 (Windows NT 10.0; WOW64; rv:48.0) Gecko/20100101 Firefox/48.0" 
220.243.135.61 - - [07/Jan/2020:10:48:28 -0800] "GET /robots.txt HTTP/1.1" 200 244 "-" "Mozilla/5.0 (iPhone; CPU iPhone OS 11_0 like Mac OS X) AppleWebKit/537.36 (KHTML, like Gecko) Chrome/60.0.5777.1048 Mobile Safari/537.36" 
207.46.13.120 - - [07/Jan/2020:10:54:57 -0800] "GET / HTTP/1.1" 301 475 "-" "Mozilla/5.0 (compatible; bingbot/2.0; +http://www.bing.com/bingbot.htm)" 
207.46.13.120 - - [07/Jan/2020:10:54:57 -0800] "GET /self.logs/access.log.2017-03-21.gz HTTP/1.1" 301 542 "-" "Mozilla/5.0 (compatible; bingbot/2.0; +http://www.bing.com/bingbot.htm)" 
207.46.13.120 - - [07/Jan/2020:10:58:13 -0800] "GET / HTTP/1.1" 200 12661 "-" "Mozilla/5.0 (compatible; bingbot/2.0; +http://www.bing.com/bingbot.htm)" 
40.77.167.10 - - [07/Jan/2020:11:01:55 -0800] "GET /self.logs/?C=D;O=A HTTP/1.1" 200 20372 "-" "Mozilla/5.0 (compatible; bingbot/2.0; +http://www.bing.com/bingbot.htm)" 
141.160.5.251 - - [07/Jan/2020:11:02:06 -0800] "GET / HTTP/1.1" 200 12661 "-" "Mozilla/5.0 (Windows NT 10.0; Win64; x64) AppleWebKit/537.36 (KHTML, like Gecko) Chrome/79.0.3945.88 Safari/537.36" 
141.160.5.251 - - [07/Jan/2020:11:02:07 -0800] "GET /css/style.css HTTP/1.1" 404 271 "http://www.secrepo.com/" "Mozilla/5.0 (Windows NT 10.0; Win64; x64) AppleWebKit/537.36 (KHTML, like Gecko) Chrome/79.0.3945.88 Safari/537.36" 
141.160.5.251 - - [07/Jan/2020:11:02:08 -0800] "GET /twitter-icon.png HTTP/1.1" 200 27787 "http://www.secrepo.com/" "Mozilla/5.0 (Windows NT 10.0; Win64; x64) AppleWebKit/537.36 (KHTML, like Gecko) Chrome/79.0.3945.88 Safari/537.36" 
141.160.5.251 - - [07/Jan/2020:11:02:08 -0800] "GET /GitHub-Mark.png HTTP/1.1" 200 7427 "http://www.secrepo.com/" "Mozilla/5.0 (Windows NT 10.0; Win64; x64) AppleWebKit/537.36 (KHTML, like Gecko) Chrome/79.0.3945.88 Safari/537.36" 
141.160.5.251 - - [07/Jan/2020:11:02:09 -0800] "GET /bootstrap/img/favicon.ico HTTP/1.1" 200 601 "http://www.secrepo.com/" "Mozilla/5.0 (Windows NT 10.0; Win64; x64) AppleWebKit/537.36 (KHTML, like Gecko) Chrome/79.0.3945.88 Safari/537.36" 
207.46.13.120 - - [07/Jan/2020:11:05:59 -0800] "GET /self.logs/access.log.2018-02-22.gz HTTP/1.1" 200 22468 "-" "Mozilla/5.0 (compatible; bingbot/2.0; +http://www.bing.com/bingbot.htm)" 
90.189.172.126 - - [07/Jan/2020:11:06:28 -0800] "GET / HTTP/1.1" 200 12661 "-" "Mozilla/5.0 (X11; Linux x86_64) AppleWebKit/537.36 (KHTML, like Gecko) Chrome/78.0.3904.97 Safari/537.36" 
90.189.172.126 - - [07/Jan/2020:11:06:29 -0800] "GET /css/style.css HTTP/1.1" 404 271 "http://www.secrepo.com/" "Mozilla/5.0 (X11; Linux x86_64) AppleWebKit/537.36 (KHTML, like Gecko) Chrome/78.0.3904.97 Safari/537.36" 
90.189.172.126 - - [07/Jan/2020:11:06:29 -0800] "GET /GitHub-Mark.png HTTP/1.1" 200 7450 "http://www.secrepo.com/" "Mozilla/5.0 (X11; Linux x86_64) AppleWebKit/537.36 (KHTML, like Gecko) Chrome/78.0.3904.97 Safari/537.36" 
90.189.172.126 - - [07/Jan/2020:11:06:32 -0800] "GET /bootstrap/img/favicon.ico HTTP/1.1" 200 624 "http://www.secrepo.com/" "Mozilla/5.0 (X11; Linux x86_64) AppleWebKit/537.36 (KHTML, like Gecko) Chrome/78.0.3904.97 Safari/537.36" 
60.182.118.21 - - [07/Jan/2020:11:13:27 -0800] "POST /index.php HTTP/1.1" 404 294 "-" "Mozilla/5.0 (Windows NT 10.0; WOW64; rv:48.0) Gecko/20100101 Firefox/48.0" 
172.83.43.134 - - [07/Jan/2020:11:18:32 -0800] "GET / HTTP/1.1" 200 12661 "-" "Vienna/7130 (Macintosh; Intel macOS 10_13_6)" 
157.55.39.141 - - [07/Jan/2020:11:31:28 -0800] "GET /self.logs/error.log.2019-05-05.gz HTTP/1.1" 200 4798 "-" "Mozilla/5.0 (compatible; bingbot/2.0; +http://www.bing.com/bingbot.htm)" 
60.182.118.21 - - [07/Jan/2020:11:35:55 -0800] "POST /index.php HTTP/1.1" 301 493 "-" "Mozilla/5.0 (Windows NT 10.0; WOW64; rv:48.0) Gecko/20100101 Firefox/48.0" 
60.182.118.21 - - [07/Jan/2020:11:35:55 -0800] "GET /index.php HTTP/1.1" 404 294 "-" "Mozilla/5.0 (Windows NT 10.0; WOW64; rv:48.0) Gecko/20100101 Firefox/48.0" 
83.26.243.216 - - [07/Jan/2020:11:40:51 -0800] "GET / HTTP/1.1" 200 12661 "-" "Mozilla/5.0 (Windows NT 10.0; Win64; x64; rv:71.0) Gecko/20100101 Firefox/71.0" 
83.26.243.216 - - [07/Jan/2020:11:40:52 -0800] "GET /css/style.css HTTP/1.1" 404 294 "http://www.secrepo.com/" "Mozilla/5.0 (Windows NT 10.0; Win64; x64; rv:71.0) Gecko/20100101 Firefox/71.0" 
83.26.243.216 - - [07/Jan/2020:11:40:52 -0800] "GET /twitter-icon.png HTTP/1.1" 200 27787 "http://www.secrepo.com/" "Mozilla/5.0 (Windows NT 10.0; Win64; x64; rv:71.0) Gecko/20100101 Firefox/71.0" 
83.26.243.216 - - [07/Jan/2020:11:40:52 -0800] "GET /GitHub-Mark.png HTTP/1.1" 200 7427 "http://www.secrepo.com/" "Mozilla/5.0 (Windows NT 10.0; Win64; x64; rv:71.0) Gecko/20100101 Firefox/71.0" 
83.26.243.216 - - [07/Jan/2020:11:40:52 -0800] "GET /bootstrap/img/favicon.ico HTTP/1.1" 200 601 "-" "Mozilla/5.0 (Windows NT 10.0; Win64; x64; rv:71.0) Gecko/20100101 Firefox/71.0" 
173.231.63.86 - - [07/Jan/2020:11:46:05 -0800] "GET /_wpeprivate/config.json HTTP/1.1" 301 484 "http://secrepo.com/" "Mozilla/5.0 (X11; Linux x86_64) AppleWebKit/537.36 (KHTML, like Gecko) Chrome/70.0.3538.77 Safari/537.36" 
173.231.63.86 - - [07/Jan/2020:11:46:05 -0800] "GET /_wpeprivate/config.json HTTP/1.1" 404 257 "http://secrepo.com/_wpeprivate/config.json" "Mozilla/5.0 (X11; Linux x86_64) AppleWebKit/537.36 (KHTML, like Gecko) Chrome/70.0.3538.77 Safari/537.36" 
157.55.39.141 - - [07/Jan/2020:11:47:40 -0800] "GET /self.logs/access.log.2018-02-08.gz HTTP/1.1" 304 175 "-" "Mozilla/5.0 (compatible; bingbot/2.0; +http://www.bing.com/bingbot.htm)" 
113.171.224.176 - - [07/Jan/2020:11:48:35 -0800] "GET /honeypot/Honeypot%20-%20Howto.pdf HTTP/1.1" 200 61320 "-" "Mozilla/5.0 Gecko/20100115 Firefox/3.6" 
40.77.167.78 - - [07/Jan/2020:11:54:42 -0800] "GET /self.logs/error.log.2018-04-02.gz HTTP/1.1" 200 3937 "-" "Mozilla/5.0 (compatible; bingbot/2.0; +http://www.bing.com/bingbot.htm)" 
110.229.217.126 - - [07/Jan/2020:11:57:14 -0800] "GET /public/router.php HTTP/1.1" 301 509 "-" "Mozilla/5.0 (Windows NT 10.0; WOW64; rv:48.0) Gecko/20100101 Firefox/48.0" 
110.229.217.126 - - [07/Jan/2020:11:57:15 -0800] "GET /public/router.php HTTP/1.1" 404 294 "-" "Mozilla/5.0 (Windows NT 10.0; WOW64; rv:48.0) Gecko/20100101 Firefox/48.0" 
54.233.79.22 - - [07/Jan/2020:11:57:31 -0800] "GET / HTTP/1.1" 301 438 "-" "Mozilla/5.0 (Windows NT 10.0; Win64; x64) AppleWebKit/537.36 (KHTML, like Gecko; compatible; BuiltWith/1.0; +http://builtwith.com/biup) Chrome/74.0.3729.131 Safari/537.36" 
54.233.79.22 - - [07/Jan/2020:11:57:32 -0800] "GET / HTTP/1.1" 200 12624 "-" "Mozilla/5.0 (Windows NT 10.0; Win64; x64) AppleWebKit/537.36 (KHTML, like Gecko; compatible; BuiltWith/1.0; +http://builtwith.com/biup) Chrome/74.0.3729.131 Safari/537.36" 
54.233.79.22 - - [07/Jan/2020:12:00:54 -0800] "GET / HTTP/1.1" 301 475 "-" "Mozilla/5.0 (X11; Linux x86_64) AppleWebKit/537.36 (KHTML, like Gecko; compatible; BuiltWith/1.0; +http://builtwith.com/biup) Chrome/60.0.3112.50 Safari/537.36" 
54.233.79.22 - - [07/Jan/2020:12:00:54 -0800] "GET / HTTP/1.1" 200 12661 "-" "Mozilla/5.0 (X11; Linux x86_64) AppleWebKit/537.36 (KHTML, like Gecko; compatible; BuiltWith/1.0; +http://builtwith.com/biup) Chrome/60.0.3112.50 Safari/537.36" 
54.233.79.22 - - [07/Jan/2020:12:00:55 -0800] "GET /css/style.css HTTP/1.1" 404 271 "-" "Mozilla/5.0 (X11; Linux x86_64) AppleWebKit/537.36 (KHTML, like Gecko; compatible; BuiltWith/1.0; +http://builtwith.com/biup) Chrome/60.0.3112.50 Safari/537.36" 
104.243.212.120 - - [07/Jan/2020:12:11:53 -0800] "GET / HTTP/1.1" 200 12661 "-" "Mozilla/5.0 (Windows NT 10.0; Win64; x64; rv:71.0) Gecko/20100101 Firefox/71.0" 
104.243.212.120 - - [07/Jan/2020:12:11:54 -0800] "GET /css/style.css HTTP/1.1" 404 294 "http://www.secrepo.com/" "Mozilla/5.0 (Windows NT 10.0; Win64; x64; rv:71.0) Gecko/20100101 Firefox/71.0" 
104.243.212.120 - - [07/Jan/2020:12:11:54 -0800] "GET /twitter-icon.png HTTP/1.1" 200 27787 "http://www.secrepo.com/" "Mozilla/5.0 (Windows NT 10.0; Win64; x64; rv:71.0) Gecko/20100101 Firefox/71.0" 
104.243.212.120 - - [07/Jan/2020:12:11:55 -0800] "GET /GitHub-Mark.png HTTP/1.1" 200 7427 "http://www.secrepo.com/" "Mozilla/5.0 (Windows NT 10.0; Win64; x64; rv:71.0) Gecko/20100101 Firefox/71.0" 
104.243.212.120 - - [07/Jan/2020:12:11:56 -0800] "GET /bootstrap/img/favicon.ico HTTP/1.1" 200 624 "-" "Mozilla/5.0 (Windows NT 10.0; Win64; x64; rv:71.0) Gecko/20100101 Firefox/71.0" 
89.205.32.45 - - [07/Jan/2020:12:12:51 -0800] "GET / HTTP/1.1" 200 12661 "-" "Mozilla/5.0 (Windows NT 10.0; Win64; x64) AppleWebKit/537.36 (KHTML, like Gecko) Chrome/79.0.3945.88 Safari/537.36" 
89.205.32.45 - - [07/Jan/2020:12:12:51 -0800] "GET /css/style.css HTTP/1.1" 404 271 "http://www.secrepo.com/" "Mozilla/5.0 (Windows NT 10.0; Win64; x64) AppleWebKit/537.36 (KHTML, like Gecko) Chrome/79.0.3945.88 Safari/537.36" 
89.205.32.45 - - [07/Jan/2020:12:12:51 -0800] "GET /twitter-icon.png HTTP/1.1" 200 27787 "http://www.secrepo.com/" "Mozilla/5.0 (Windows NT 10.0; Win64; x64) AppleWebKit/537.36 (KHTML, like Gecko) Chrome/79.0.3945.88 Safari/537.36" 
89.205.32.45 - - [07/Jan/2020:12:12:51 -0800] "GET /GitHub-Mark.png HTTP/1.1" 200 7450 "http://www.secrepo.com/" "Mozilla/5.0 (Windows NT 10.0; Win64; x64) AppleWebKit/537.36 (KHTML, like Gecko) Chrome/79.0.3945.88 Safari/537.36" 
89.205.32.45 - - [07/Jan/2020:12:12:52 -0800] "GET /bootstrap/img/favicon.ico HTTP/1.1" 200 601 "http://www.secrepo.com/" "Mozilla/5.0 (Windows NT 10.0; Win64; x64) AppleWebKit/537.36 (KHTML, like Gecko) Chrome/79.0.3945.88 Safari/537.36" 
172.83.43.134 - - [07/Jan/2020:12:18:54 -0800] "GET / HTTP/1.1" 200 12661 "-" "Vienna/7130 (Macintosh; Intel macOS 10_13_6)" 
104.237.162.11 - - [07/Jan/2020:12:33:30 -0800] "GET / HTTP/1.1" 200 12661 "-" "Mozilla/5.0 (Windows NT 10.0; Win64; x64) AppleWebKit/537.36 (KHTML, like Gecko) Chrome/78.0.3904.108 Safari/537.36" 
104.237.162.11 - - [07/Jan/2020:12:33:30 -0800] "GET /twitter-icon.png HTTP/1.1" 200 27810 "http://www.secrepo.com/" "Mozilla/5.0 (Windows NT 10.0; Win64; x64) AppleWebKit/537.36 (KHTML, like Gecko) Chrome/78.0.3904.108 Safari/537.36" 
104.237.162.11 - - [07/Jan/2020:12:33:31 -0800] "GET /css/style.css HTTP/1.1" 404 294 "http://www.secrepo.com/" "Mozilla/5.0 (Windows NT 10.0; Win64; x64) AppleWebKit/537.36 (KHTML, like Gecko) Chrome/78.0.3904.108 Safari/537.36" 
104.237.162.11 - - [07/Jan/2020:12:33:31 -0800] "GET /GitHub-Mark.png HTTP/1.1" 200 7450 "http://www.secrepo.com/" "Mozilla/5.0 (Windows NT 10.0; Win64; x64) AppleWebKit/537.36 (KHTML, like Gecko) Chrome/78.0.3904.108 Safari/537.36" 
157.55.39.141 - - [07/Jan/2020:12:35:59 -0800] "GET /self.logs/error.log.2019-07-24.gz HTTP/1.1" 200 1419 "-" "Mozilla/5.0 (compatible; bingbot/2.0; +http://www.bing.com/bingbot.htm)" 
54.209.136.230 - - [07/Jan/2020:12:36:18 -0800] "GET / HTTP/1.1" 301 438 "-" "Mozilla/5.0 (Windows NT 10.0; Win64; x64) AppleWebKit/537.36 (KHTML, like Gecko; compatible; BuiltWith/1.0; +http://builtwith.com/biup) Chrome/74.0.3729.131 Safari/537.36" 
54.209.136.230 - - [07/Jan/2020:12:36:18 -0800] "GET / HTTP/1.1" 200 12624 "-" "Mozilla/5.0 (Windows NT 10.0; Win64; x64) AppleWebKit/537.36 (KHTML, like Gecko; compatible; BuiltWith/1.0; +http://builtwith.com/biup) Chrome/74.0.3729.131 Safari/537.36" 
54.209.136.230 - - [07/Jan/2020:12:36:30 -0800] "GET / HTTP/1.1" 301 475 "-" "Mozilla/5.0 (X11; Linux x86_64) AppleWebKit/537.36 (KHTML, like Gecko; compatible; BuiltWith/1.0; +http://builtwith.com/biup) Chrome/60.0.3112.50 Safari/537.36" 
54.209.136.230 - - [07/Jan/2020:12:36:30 -0800] "GET / HTTP/1.1" 200 12661 "-" "Mozilla/5.0 (X11; Linux x86_64) AppleWebKit/537.36 (KHTML, like Gecko; compatible; BuiltWith/1.0; +http://builtwith.com/biup) Chrome/60.0.3112.50 Safari/537.36" 
54.209.136.230 - - [07/Jan/2020:12:36:30 -0800] "GET /css/style.css HTTP/1.1" 404 271 "http://www.secrepo.com/" "Mozilla/5.0 (X11; Linux x86_64) AppleWebKit/537.36 (KHTML, like Gecko; compatible; BuiltWith/1.0; +http://builtwith.com/biup) Chrome/60.0.3112.50 Safari/537.36" 
157.55.39.181 - - [07/Jan/2020:12:37:31 -0800] "GET /self.logs/access.log.2018-11-13.gz HTTP/1.1" 200 21086 "-" "Mozilla/5.0 (compatible; bingbot/2.0; +http://www.bing.com/bingbot.htm)" 
199.58.86.206 - - [07/Jan/2020:12:38:53 -0800] "GET /robots.txt HTTP/1.1" 200 288 "-" "Mozilla/5.0 (compatible; MJ12bot/v1.4.8; http://mj12bot.com/)" 
199.58.86.206 - - [07/Jan/2020:12:38:55 -0800] "GET / HTTP/1.1" 200 12617 "-" "Mozilla/5.0 (compatible; MJ12bot/v1.4.8; http://mj12bot.com/)" 
199.58.86.211 - - [07/Jan/2020:12:45:10 -0800] "GET /robots.txt HTTP/1.1" 301 495 "-" "Mozilla/5.0 (compatible; MJ12bot/v1.4.8; http://mj12bot.com/)" 
199.58.86.211 - - [07/Jan/2020:12:45:11 -0800] "GET /robots.txt HTTP/1.1" 200 288 "-" "Mozilla/5.0 (compatible; MJ12bot/v1.4.8; http://mj12bot.com/)" 
199.58.86.211 - - [07/Jan/2020:12:45:13 -0800] "GET / HTTP/1.1" 301 419 "-" "Mozilla/5.0 (compatible; MJ12bot/v1.4.8; http://mj12bot.com/)" 
199.58.86.211 - - [07/Jan/2020:12:45:15 -0800] "GET / HTTP/1.1" 200 12617 "-" "Mozilla/5.0 (compatible; MJ12bot/v1.4.8; http://mj12bot.com/)" 
60.208.208.175 - - [07/Jan/2020:12:49:44 -0800] "GET / HTTP/1.1" 200 47311 "-" "Mozilla/5.0 (Windows NT 6.1; WOW64) AppleWebKit/537.36 (KHTML, like Gecko) Chrome/45.0.2454.101 Safari/537.36" 
160.153.153.151 - - [07/Jan/2020:12:54:04 -0800] "GET /wp-admin/ HTTP/1.1" 301 456 "-" "-" 
113.171.224.176 - - [07/Jan/2020:12:54:43 -0800] "GET /honeypot/Honeypot%20-%20Howto.pdf HTTP/1.1" 200 61320 "-" "Mozilla/5.0 Gecko/20100115 Firefox/3.6" 
208.113.171.103 - - [07/Jan/2020:13:00:52 -0800] "GET /test/wp-admin/ HTTP/1.1" 301 466 "-" "-" 
157.55.39.141 - - [07/Jan/2020:13:04:21 -0800] "GET /self.logs/access.log.2019-08-05.gz HTTP/1.1" 200 21845 "-" "Mozilla/5.0 (compatible; bingbot/2.0; +http://www.bing.com/bingbot.htm)" 
220.135.78.114 - - [07/Jan/2020:13:07:40 -0800] "GET /wordpress/wp-admin/ HTTP/1.1" 301 476 "-" "-" 
74.208.57.138 - - [07/Jan/2020:13:14:29 -0800] "GET /blog/wp-admin/ HTTP/1.1" 301 466 "-" "-" 
172.83.43.134 - - [07/Jan/2020:13:19:13 -0800] "GET / HTTP/1.1" 200 12661 "-" "Vienna/7130 (Macintosh; Intel macOS 10_13_6)" 
76.74.187.100 - - [07/Jan/2020:13:21:15 -0800] "GET /wp/wp-admin/ HTTP/1.1" 301 462 "-" "-" 
178.137.19.29 - - [07/Jan/2020:13:26:49 -0800] "GET /Datasets%20Description/Network/ HTTP/1.1" 200 1546 "http://greenshop.su/" "Mozilla/4.0 (compatible; MSIE 5.0; Windows 2000) Opera 6.0 [en]" 
178.137.19.29 - - [07/Jan/2020:13:26:50 -0800] "GET /Datasets%20Description/Network/ HTTP/1.1" 200 1546 "http://greenshop.su/" "Mozilla/4.0 (compatible; MSIE 5.0; Windows 2000) Opera 6.0 [en]" 
178.137.19.29 - - [07/Jan/2020:13:26:50 -0800] "GET /Datasets%20Description/Network/ HTTP/1.1" 200 1546 "http://greenshop.su/" "Mozilla/4.0 (compatible; MSIE 5.0; Windows 2000) Opera 6.0 [en]" 
157.55.39.141 - - [07/Jan/2020:13:27:26 -0800] "GET /self.logs/access.log.2018-11-24.gz HTTP/1.1" 200 16098 "-" "Mozilla/5.0 (compatible; bingbot/2.0; +http://www.bing.com/bingbot.htm)" 
69.195.124.152 - - [07/Jan/2020:13:27:56 -0800] "GET /old/wp-admin/ HTTP/1.1" 301 464 "-" "-" 
40.77.167.78 - - [07/Jan/2020:13:28:38 -0800] "GET /self.logs/error.log.2019-07-01.gz HTTP/1.1" 200 2743 "-" "Mozilla/5.0 (compatible; bingbot/2.0; +http://www.bing.com/bingbot.htm)" 
157.55.39.141 - - [07/Jan/2020:13:41:41 -0800] "GET /Datasets%20Description/HTML_Bro_log_3/ HTTP/1.1" 200 744 "-" "Mozilla/5.0 (compatible; bingbot/2.0; +http://www.bing.com/bingbot.htm)" 
129.110.241.72 - - [07/Jan/2020:13:51:51 -0800] "GET / HTTP/1.1" 200 12660 "-" "Mozilla/5.0 (Windows NT 10.0; Win64; x64) AppleWebKit/537.36 (KHTML, like Gecko) Chrome/73.0.3683.86 Safari/537.36" 
129.110.241.72 - - [07/Jan/2020:13:51:52 -0800] "GET /css/style.css HTTP/1.1" 404 294 "http://www.secrepo.com/" "Mozilla/5.0 (Windows NT 10.0; Win64; x64) AppleWebKit/537.36 (KHTML, like Gecko) Chrome/73.0.3683.86 Safari/537.36" 
129.110.241.72 - - [07/Jan/2020:13:51:52 -0800] "GET /twitter-icon.png HTTP/1.1" 200 27787 "http://www.secrepo.com/" "Mozilla/5.0 (Windows NT 10.0; Win64; x64) AppleWebKit/537.36 (KHTML, like Gecko) Chrome/73.0.3683.86 Safari/537.36" 
129.110.241.72 - - [07/Jan/2020:13:51:52 -0800] "GET /GitHub-Mark.png HTTP/1.1" 200 7427 "http://www.secrepo.com/" "Mozilla/5.0 (Windows NT 10.0; Win64; x64) AppleWebKit/537.36 (KHTML, like Gecko) Chrome/73.0.3683.86 Safari/537.36" 
129.110.241.72 - - [07/Jan/2020:13:51:53 -0800] "GET /bootstrap/img/favicon.ico HTTP/1.1" 200 601 "http://www.secrepo.com/" "Mozilla/5.0 (Windows NT 10.0; Win64; x64) AppleWebKit/537.36 (KHTML, like Gecko) Chrome/73.0.3683.86 Safari/537.36" 
107.77.111.118 - - [07/Jan/2020:13:52:19 -0800] "GET / HTTP/1.1" 200 12660 "-" "Mozilla/5.0 (iPhone; CPU iPhone OS 12_4 like Mac OS X) AppleWebKit/605.1.15 (KHTML, like Gecko) Version/12.1.2 Mobile/15E148 Safari/604.1" 
107.77.111.118 - - [07/Jan/2020:13:52:19 -0800] "GET /css/style.css HTTP/1.1" 404 271 "http://www.secrepo.com/" "Mozilla/5.0 (iPhone; CPU iPhone OS 12_4 like Mac OS X) AppleWebKit/605.1.15 (KHTML, like Gecko) Version/12.1.2 Mobile/15E148 Safari/604.1" 
107.77.111.118 - - [07/Jan/2020:13:52:19 -0800] "GET /twitter-icon.png HTTP/1.1" 200 27810 "http://www.secrepo.com/" "Mozilla/5.0 (iPhone; CPU iPhone OS 12_4 like Mac OS X) AppleWebKit/605.1.15 (KHTML, like Gecko) Version/12.1.2 Mobile/15E148 Safari/604.1" 
107.77.111.118 - - [07/Jan/2020:13:52:19 -0800] "GET /GitHub-Mark.png HTTP/1.1" 200 7450 "http://www.secrepo.com/" "Mozilla/5.0 (iPhone; CPU iPhone OS 12_4 like Mac OS X) AppleWebKit/605.1.15 (KHTML, like Gecko) Version/12.1.2 Mobile/15E148 Safari/604.1" 
113.171.224.176 - - [07/Jan/2020:13:55:43 -0800] "GET /honeypot/Honeypot%20-%20Howto.pdf HTTP/1.1" 200 61320 "-" "Mozilla/5.0 Gecko/20100115 Firefox/3.6" 
138.25.4.63 - - [07/Jan/2020:14:08:15 -0800] "GET /css/style.css HTTP/1.1" 404 294 "http://www.secrepo.com/" "Mozilla/5.0 (Windows NT 10.0; Win64; x64) AppleWebKit/537.36 (KHTML, like Gecko) Chrome/79.0.3945.88 Safari/537.36" 
110.229.216.185 - - [07/Jan/2020:14:12:55 -0800] "GET /static/.gitignore HTTP/1.1" 404 294 "-" "Mozilla/5.0 (Windows NT 10.0; WOW64; rv:48.0) Gecko/20100101 Firefox/48.0" 
66.249.64.139 - - [07/Jan/2020:14:16:09 -0800] "GET /robots.txt HTTP/1.1" 200 288 "-" "Mozilla/5.0 (compatible; Googlebot/2.1; +http://www.google.com/bot.html)" 
66.249.64.139 - - [07/Jan/2020:14:16:09 -0800] "GET / HTTP/1.1" 200 12638 "-" "Mozilla/5.0 (Linux; Android 6.0.1; Nexus 5X Build/MMB29P) AppleWebKit/537.36 (KHTML, like Gecko) Chrome/41.0.2272.96 Mobile Safari/537.36 (compatible; Googlebot/2.1; +http://www.google.com/bot.html)" 
66.249.64.141 - - [07/Jan/2020:14:16:10 -0800] "GET /css/style.css HTTP/1.1" 404 294 "http://www.secrepo.com/" "Mozilla/5.0 (Linux; Android 6.0.1; Nexus 5X Build/MMB29P) AppleWebKit/537.36 (KHTML, like Gecko) Chrome/41.0.2272.96 Mobile Safari/537.36 (compatible; Googlebot/2.1; +http://www.google.com/bot.html)" 
172.83.43.134 - - [07/Jan/2020:14:18:36 -0800] "GET / HTTP/1.1" 200 12661 "-" "Vienna/7130 (Macintosh; Intel macOS 10_13_6)" 
123.30.175.235 - - [07/Jan/2020:14:25:21 -0800] "GET /robots.txt HTTP/1.1" 301 458 "-" "Mozilla/5.0 (compatible; coccocbot-image/1.0; +http://help.coccoc.com/searchengine)" 
123.30.175.235 - - [07/Jan/2020:14:25:23 -0800] "GET /robots.txt HTTP/1.1" 200 251 "-" "Mozilla/5.0 (compatible; coccocbot-image/1.0; +http://help.coccoc.com/searchengine)" 
128.49.24.217 - - [07/Jan/2020:14:26:48 -0800] "GET / HTTP/1.1" 200 12661 "-" "Mozilla/5.0 (Macintosh; Intel Mac OS X 10_15_2) AppleWebKit/605.1.15 (KHTML, like Gecko) Version/13.0.4 Safari/605.1.15" 
128.49.24.217 - - [07/Jan/2020:14:26:48 -0800] "GET /css/style.css HTTP/1.1" 404 271 "http://www.secrepo.com/" "Mozilla/5.0 (Macintosh; Intel Mac OS X 10_15_2) AppleWebKit/605.1.15 (KHTML, like Gecko) Version/13.0.4 Safari/605.1.15" 
220.243.136.249 - - [07/Jan/2020:14:52:35 -0800] "GET /robots.txt HTTP/1.1" 200 244 "-" "Mozilla/5.0 (Linux; Android 5.0; SM-G900P Build/LRX21T) AppleWebKit/537.36 (KHTML, like Gecko) Chrome/52.0.2465.1849 Mobile Safari/537.36" 
106.38.241.147 - - [07/Jan/2020:14:57:12 -0800] "GET /robots.txt HTTP/1.1" 301 458 "-" "Sogou web spider/4.0(+http://www.sogou.com/docs/help/webmasters.htm#07)" 
113.171.224.176 - - [07/Jan/2020:15:00:25 -0800] "GET /honeypot/Honeypot%20-%20Howto.pdf HTTP/1.1" 200 61320 "-" "Mozilla/5.0 Gecko/20100115 Firefox/3.6" 
64.233.172.236 - - [07/Jan/2020:15:00:40 -0800] "GET / HTTP/1.1" 200 12661 "-" "Mozilla/5.0 (X11; Linux x86_64) AppleWebKit/537.36 (KHTML, like Gecko) Chrome/49.0.2623.75 Safari/537.36 Google Favicon" 
64.233.172.238 - - [07/Jan/2020:15:00:40 -0800] "GET /bootstrap/img/favicon.ico HTTP/1.1" 200 624 "-" "Mozilla/5.0 (X11; Linux x86_64) AppleWebKit/537.36 (KHTML, like Gecko) Chrome/49.0.2623.75 Safari/537.36 Google Favicon" 
106.38.241.147 - - [07/Jan/2020:15:01:40 -0800] "GET / HTTP/1.1" 301 438 "-" "Sogou web spider/4.0(+http://www.sogou.com/docs/help/webmasters.htm#07)" 
106.38.241.147 - - [07/Jan/2020:15:01:50 -0800] "GET /robots.txt HTTP/1.1" 200 251 "-" "Sogou web spider/4.0(+http://www.sogou.com/docs/help/webmasters.htm#07)" 
162.210.196.129 - - [07/Jan/2020:15:04:36 -0800] "GET /robots.txt HTTP/1.1" 200 288 "-" "Mozilla/5.0 (compatible; MJ12bot/v1.4.8; http://mj12bot.com/)" 
162.210.196.129 - - [07/Jan/2020:15:04:43 -0800] "GET / HTTP/1.1" 200 12617 "-" "Mozilla/5.0 (compatible; MJ12bot/v1.4.8; http://mj12bot.com/)" 
169.228.223.91 - - [07/Jan/2020:15:06:17 -0800] "GET /css/style.css HTTP/1.1" 404 294 "http://www.secrepo.com/" "Mozilla/5.0 (Windows NT 10.0; Win64; x64) AppleWebKit/537.36 (KHTML, like Gecko) Chrome/79.0.3945.88 Safari/537.36" 
106.38.241.147 - - [07/Jan/2020:15:09:02 -0800] "GET / HTTP/1.1" 200 12624 "-" "Sogou web spider/4.0(+http://www.sogou.com/docs/help/webmasters.htm#07)" 
103.87.78.122 - - [07/Jan/2020:15:09:09 -0800] "GET / HTTP/1.1" 200 12617 "-" "Scrapy/1.5.1 (+https://scrapy.org)" 
207.46.13.144 - - [07/Jan/2020:15:10:53 -0800] "GET /robots.txt HTTP/1.1" 200 288 "-" "Mozilla/5.0 (compatible; bingbot/2.0; +http://www.bing.com/bingbot.htm)" 
157.55.39.181 - - [07/Jan/2020:15:10:55 -0800] "GET /self.logs/access.log.2019-03-26.gz HTTP/1.1" 200 31217 "-" "Mozilla/5.0 (compatible; bingbot/2.0; +http://www.bing.com/bingbot.htm)" 
66.249.64.141 - - [07/Jan/2020:15:12:00 -0800] "GET /?page=PcapFiles HTTP/1.1" 200 12661 "-" "Mozilla/5.0 (Linux; Android 6.0.1; Nexus 5X Build/MMB29P) AppleWebKit/537.36 (KHTML, like Gecko) Chrome/41.0.2272.96 Mobile Safari/537.36 (compatible; Googlebot/2.1; +http://www.google.com/bot.html)" 
66.249.64.139 - - [07/Jan/2020:15:12:03 -0800] "GET /css/style.css HTTP/1.1" 404 294 "http://www.secrepo.com/?page=PcapFiles" "Mozilla/5.0 (Linux; Android 6.0.1; Nexus 5X Build/MMB29P) AppleWebKit/537.36 (KHTML, like Gecko) Chrome/41.0.2272.96 Mobile Safari/537.36 (compatible; Googlebot/2.1; +http://www.google.com/bot.html)" 
172.83.43.134 - - [07/Jan/2020:15:18:42 -0800] "GET / HTTP/1.1" 200 12660 "-" "Vienna/7130 (Macintosh; Intel macOS 10_13_6)" 
3.89.110.4 - - [07/Jan/2020:15:38:03 -0800] "GET / HTTP/1.1" 200 12617 "-" "Mozilla/5.0 (compatible; startmebot/1.0; +https://start.me/bot)" 
110.229.216.185 - - [07/Jan/2020:16:00:58 -0800] "GET /static/.gitignore HTTP/1.1" 301 509 "-" "Mozilla/5.0 (Windows NT 10.0; WOW64; rv:48.0) Gecko/20100101 Firefox/48.0" 
110.229.216.185 - - [07/Jan/2020:16:00:59 -0800] "GET /static/.gitignore HTTP/1.1" 404 294 "-" "Mozilla/5.0 (Windows NT 10.0; WOW64; rv:48.0) Gecko/20100101 Firefox/48.0" 
129.110.241.72 - - [07/Jan/2020:16:03:56 -0800] "GET / HTTP/1.1" 200 12661 "-" "Mozilla/5.0 (Windows NT 10.0; Win64; x64) AppleWebKit/537.36 (KHTML, like Gecko) Chrome/73.0.3683.86 Safari/537.36" 
129.110.241.72 - - [07/Jan/2020:16:03:56 -0800] "GET /css/style.css HTTP/1.1" 404 271 "http://www.secrepo.com/" "Mozilla/5.0 (Windows NT 10.0; Win64; x64) AppleWebKit/537.36 (KHTML, like Gecko) Chrome/73.0.3683.86 Safari/537.36" 
129.110.241.72 - - [07/Jan/2020:16:03:56 -0800] "GET / HTTP/1.1" 200 12638 "-" "Mozilla/5.0 (Windows NT 10.0; Win64; x64) AppleWebKit/537.36 (KHTML, like Gecko) Chrome/73.0.3683.86 Safari/537.36" 
129.110.241.72 - - [07/Jan/2020:16:03:56 -0800] "GET /css/style.css HTTP/1.1" 404 294 "http://www.secrepo.com/" "Mozilla/5.0 (Windows NT 10.0; Win64; x64) AppleWebKit/537.36 (KHTML, like Gecko) Chrome/73.0.3683.86 Safari/537.36" 
129.110.241.72 - - [07/Jan/2020:16:03:56 -0800] "GET /bootstrap/img/favicon.ico HTTP/1.1" 200 601 "http://www.secrepo.com/" "Mozilla/5.0 (Windows NT 10.0; Win64; x64) AppleWebKit/537.36 (KHTML, like Gecko) Chrome/73.0.3683.86 Safari/537.36" 
113.171.224.176 - - [07/Jan/2020:16:04:32 -0800] "GET /honeypot/Honeypot%20-%20Howto.pdf HTTP/1.1" 200 61320 "-" "Mozilla/5.0 Gecko/20100115 Firefox/3.6" 
216.244.66.245 - - [07/Jan/2020:16:07:06 -0800] "GET /robots.txt HTTP/1.1" 200 244 "-" "Mozilla/5.0 (compatible; DotBot/1.1; http://www.opensiteexplorer.org/dotbot, help@moz.com)" 
216.244.66.245 - - [07/Jan/2020:16:12:04 -0800] "GET /self.logs/access.log.2017-10-14.gz HTTP/1.1" 200 16900 "-" "Mozilla/5.0 (compatible; DotBot/1.1; http://www.opensiteexplorer.org/dotbot, help@moz.com)" 
216.244.66.245 - - [07/Jan/2020:16:12:07 -0800] "GET /self.logs/access.log.2017-11-18.gz HTTP/1.1" 200 19316 "-" "Mozilla/5.0 (compatible; DotBot/1.1; http://www.opensiteexplorer.org/dotbot, help@moz.com)" 
216.244.66.245 - - [07/Jan/2020:16:12:09 -0800] "GET /self.logs/access.log.2017-12-23.gz HTTP/1.1" 200 19123 "-" "Mozilla/5.0 (compatible; DotBot/1.1; http://www.opensiteexplorer.org/dotbot, help@moz.com)" 
216.244.66.245 - - [07/Jan/2020:16:13:50 -0800] "GET /self.logs/access.log.2015-06-11.gz HTTP/1.1" 404 250 "-" "Mozilla/5.0 (compatible; DotBot/1.1; http://www.opensiteexplorer.org/dotbot, help@moz.com)" 
216.244.66.245 - - [07/Jan/2020:16:13:53 -0800] "GET /self.logs/access.log.2015-09-15.gz HTTP/1.1" 404 250 "-" "Mozilla/5.0 (compatible; DotBot/1.1; http://www.opensiteexplorer.org/dotbot, help@moz.com)" 
216.244.66.245 - - [07/Jan/2020:16:13:55 -0800] "GET /self.logs/access.log.2015-09-22.gz HTTP/1.1" 404 250 "-" "Mozilla/5.0 (compatible; DotBot/1.1; http://www.opensiteexplorer.org/dotbot, help@moz.com)" 
172.83.43.134 - - [07/Jan/2020:16:18:27 -0800] "GET / HTTP/1.1" 200 12661 "-" "Vienna/7130 (Macintosh; Intel macOS 10_13_6)" 
40.77.167.78 - - [07/Jan/2020:16:23:42 -0800] "GET /self.logs/error.log.2018-09-27.gz HTTP/1.1" 200 9591 "-" "Mozilla/5.0 (compatible; bingbot/2.0; +http://www.bing.com/bingbot.htm)" 
123.125.71.30 - - [07/Jan/2020:16:25:12 -0800] "GET / HTTP/1.1" 301 438 "-" "Mozilla/5.0 (compatible; Baiduspider/2.0; +http://www.baidu.com/search/spider.html)" 
123.125.71.21 - - [07/Jan/2020:16:25:13 -0800] "GET / HTTP/1.1" 200 12624 "-" "Mozilla/5.0 (compatible; Baiduspider/2.0; +http://www.baidu.com/search/spider.html)" 
111.206.221.66 - - [07/Jan/2020:16:25:14 -0800] "GET /css/style.css HTTP/1.1" 404 250 "http://www.secrepo.com/" "Mozilla/5.0 (compatible; Baiduspider-render/2.0; +http://www.baidu.com/search/spider.html)" 
159.226.95.32 - - [07/Jan/2020:16:46:15 -0800] "GET /favicon.ico HTTP/1.1" 200 302 "-" "Mozilla/5.0 (Windows NT 10.0; WOW64) AppleWebKit/537.36 (KHTML, like Gecko) Chrome/65.0.3314.0 Safari/537.36 SE 2.X MetaSr 1.0" 
216.244.66.245 - - [07/Jan/2020:16:56:52 -0800] "GET /self.logs/access.log.2016-07-08.gz HTTP/1.1" 404 250 "-" "Mozilla/5.0 (compatible; DotBot/1.1; http://www.opensiteexplorer.org/dotbot, help@moz.com)" 
216.244.66.245 - - [07/Jan/2020:16:56:54 -0800] "GET /self.logs/error.log.2015-04-07.gz HTTP/1.1" 404 250 "-" "Mozilla/5.0 (compatible; DotBot/1.1; http://www.opensiteexplorer.org/dotbot, help@moz.com)" 
216.244.66.245 - - [07/Jan/2020:16:56:57 -0800] "GET /self.logs/error.log.2015-10-02.gz HTTP/1.1" 404 250 "-" "Mozilla/5.0 (compatible; DotBot/1.1; http://www.opensiteexplorer.org/dotbot, help@moz.com)" 
76.190.202.111 - - [07/Jan/2020:17:02:48 -0800] "GET / HTTP/1.1" 200 12661 "https://www.researchgate.net/" "Mozilla/5.0 (Windows NT 10.0; Win64; x64) AppleWebKit/537.36 (KHTML, like Gecko) Chrome/79.0.3945.88 Safari/537.36" 
76.190.202.111 - - [07/Jan/2020:17:02:48 -0800] "GET /css/style.css HTTP/1.1" 404 271 "http://www.secrepo.com/" "Mozilla/5.0 (Windows NT 10.0; Win64; x64) AppleWebKit/537.36 (KHTML, like Gecko) Chrome/79.0.3945.88 Safari/537.36" 
76.190.202.111 - - [07/Jan/2020:17:02:48 -0800] "GET /twitter-icon.png HTTP/1.1" 200 27810 "http://www.secrepo.com/" "Mozilla/5.0 (Windows NT 10.0; Win64; x64) AppleWebKit/537.36 (KHTML, like Gecko) Chrome/79.0.3945.88 Safari/537.36" 
76.190.202.111 - - [07/Jan/2020:17:02:48 -0800] "GET /GitHub-Mark.png HTTP/1.1" 200 7427 "http://www.secrepo.com/" "Mozilla/5.0 (Windows NT 10.0; Win64; x64) AppleWebKit/537.36 (KHTML, like Gecko) Chrome/79.0.3945.88 Safari/537.36" 
76.190.202.111 - - [07/Jan/2020:17:02:50 -0800] "GET /bootstrap/img/favicon.ico HTTP/1.1" 200 601 "http://www.secrepo.com/" "Mozilla/5.0 (Windows NT 10.0; Win64; x64) AppleWebKit/537.36 (KHTML, like Gecko) Chrome/79.0.3945.88 Safari/537.36" 
218.29.48.68 - - [07/Jan/2020:17:04:37 -0800] "GET / HTTP/1.1" 200 12661 "-" "Mozilla/5.0 (iPad; CPU OS 12_3_1 like Mac OS X) AppleWebKit/605.1.15 (KHTML, like Gecko) Mobile/15E148 CSDNApp/4.0.7(iOS) AnalysysAgent/Hybrid" 
218.29.48.68 - - [07/Jan/2020:17:04:38 -0800] "GET /css/style.css HTTP/1.1" 404 271 "http://www.secrepo.com/" "Mozilla/5.0 (iPad; CPU OS 12_3_1 like Mac OS X) AppleWebKit/605.1.15 (KHTML, like Gecko) Mobile/15E148 CSDNApp/4.0.7(iOS) AnalysysAgent/Hybrid" 
218.29.48.68 - - [07/Jan/2020:17:04:38 -0800] "GET /GitHub-Mark.png HTTP/1.1" 200 7450 "http://www.secrepo.com/" "Mozilla/5.0 (iPad; CPU OS 12_3_1 like Mac OS X) AppleWebKit/605.1.15 (KHTML, like Gecko) Mobile/15E148 CSDNApp/4.0.7(iOS) AnalysysAgent/Hybrid" 
218.29.48.68 - - [07/Jan/2020:17:04:38 -0800] "GET /twitter-icon.png HTTP/1.1" 200 27810 "http://www.secrepo.com/" "Mozilla/5.0 (iPad; CPU OS 12_3_1 like Mac OS X) AppleWebKit/605.1.15 (KHTML, like Gecko) Mobile/15E148 CSDNApp/4.0.7(iOS) AnalysysAgent/Hybrid" 
123.126.68.139 - - [07/Jan/2020:17:06:30 -0800] "GET /robots.txt HTTP/1.1" 200 251 "-" "Sogou web spider/4.0(+http://www.sogou.com/docs/help/webmasters.htm#07)" 
113.171.224.176 - - [07/Jan/2020:17:09:03 -0800] "GET /honeypot/Honeypot%20-%20Howto.pdf HTTP/1.1" 200 61320 "-" "Mozilla/5.0 Gecko/20100115 Firefox/3.6" 
218.29.48.68 - - [07/Jan/2020:17:11:02 -0800] "GET /Security-Data-Analysis/Lab_1/conn.log.zip HTTP/1.1" 200 140160 "-" "Mozilla/5.0 (iPad; CPU OS 12_3_1 like Mac OS X) AppleWebKit/605.1.15 (KHTML, like Gecko) Mobile/15E148 CSDNApp/4.0.7(iOS) AnalysysAgent/Hybrid" 
157.55.39.141 - - [07/Jan/2020:17:16:10 -0800] "GET /self.logs/2015/?C=S;O=A HTTP/1.1" 200 8209 "-" "Mozilla/5.0 (compatible; bingbot/2.0; +http://www.bing.com/bingbot.htm)" 
157.55.39.181 - - [07/Jan/2020:17:16:15 -0800] "GET /self.logs/2015/?C=N;O=D HTTP/1.1" 200 7688 "-" "Mozilla/5.0 (compatible; bingbot/2.0; +http://www.bing.com/bingbot.htm)" 
199.58.86.211 - - [07/Jan/2020:17:33:55 -0800] "GET /robots.txt HTTP/1.1" 200 288 "-" "Mozilla/5.0 (compatible; MJ12bot/v1.4.8; http://mj12bot.com/)" 
199.58.86.211 - - [07/Jan/2020:17:33:57 -0800] "GET / HTTP/1.1" 200 12617 "-" "Mozilla/5.0 (compatible; MJ12bot/v1.4.8; http://mj12bot.com/)" 
116.1.3.223 - - [07/Jan/2020:17:34:01 -0800] "GET /honeypot/honeypot.json.zip HTTP/1.1" 200 3188160 "https://blog.csdn.net/answer3lin/article/details/82966360" "Mozilla/5.0 (Windows NT 10.0; Win64; x64) AppleWebKit/537.36 (KHTML, like Gecko) Chrome/77.0.3865.90 Safari/537.36" 
211.249.69.251 - - [07/Jan/2020:17:36:52 -0800] "GET / HTTP/1.1" 200 12661 "http://www.secrepo.com/" "Mozilla/5.0 (Windows NT 10.0; Win64; x64) AppleWebKit/537.36 (KHTML, like Gecko) Chrome/76.0.3809.146 Whale/2.6.90.16 Safari/537.36" 
211.249.69.251 - - [07/Jan/2020:17:36:52 -0800] "GET /css/style.css HTTP/1.1" 404 271 "http://www.secrepo.com/" "Mozilla/5.0 (Windows NT 10.0; Win64; x64) AppleWebKit/537.36 (KHTML, like Gecko) Chrome/76.0.3809.146 Whale/2.6.90.16 Safari/537.36" 
216.244.66.245 - - [07/Jan/2020:17:38:11 -0800] "GET /self.logs/access.log.2016-04-06.gz HTTP/1.1" 404 250 "-" "Mozilla/5.0 (compatible; DotBot/1.1; http://www.opensiteexplorer.org/dotbot, help@moz.com)" 
216.244.66.245 - - [07/Jan/2020:17:38:12 -0800] "GET /self.logs/access.log.2016-06-09.gz HTTP/1.1" 404 250 "-" "Mozilla/5.0 (compatible; DotBot/1.1; http://www.opensiteexplorer.org/dotbot, help@moz.com)" 
216.244.66.245 - - [07/Jan/2020:17:38:14 -0800] "GET /self.logs/error.log.2015-04-13.gz HTTP/1.1" 404 250 "-" "Mozilla/5.0 (compatible; DotBot/1.1; http://www.opensiteexplorer.org/dotbot, help@moz.com)" 
216.244.66.245 - - [07/Jan/2020:17:38:16 -0800] "GET /self.logs/error.log.2015-05-07.gz HTTP/1.1" 404 250 "-" "Mozilla/5.0 (compatible; DotBot/1.1; http://www.opensiteexplorer.org/dotbot, help@moz.com)" 
216.244.66.245 - - [07/Jan/2020:17:38:17 -0800] "GET /self.logs/error.log.2016-09-16.gz HTTP/1.1" 404 250 "-" "Mozilla/5.0 (compatible; DotBot/1.1; http://www.opensiteexplorer.org/dotbot, help@moz.com)" 
216.244.66.245 - - [07/Jan/2020:17:38:19 -0800] "GET /self.logs/error.log.2016-09-20.gz HTTP/1.1" 404 250 "-" "Mozilla/5.0 (compatible; DotBot/1.1; http://www.opensiteexplorer.org/dotbot, help@moz.com)" 
216.244.66.245 - - [07/Jan/2020:17:38:21 -0800] "GET /self.logs/error.log.2016-10-26.gz HTTP/1.1" 404 250 "-" "Mozilla/5.0 (compatible; DotBot/1.1; http://www.opensiteexplorer.org/dotbot, help@moz.com)" 
123.126.68.139 - - [07/Jan/2020:17:38:28 -0800] "GET / HTTP/1.1" 200 12661 "http://www.sogou.com/web?query=site%3Awww.secrepo.com" "Mozilla/5.0 (Windows NT 6.1; Win64; x64) AppleWebKit/537.36 (KHTML, like Gecko) Chrome/74.0.3729.169 Safari/537.36" 
36.110.147.104 - - [07/Jan/2020:17:38:33 -0800] "GET /css/style.css HTTP/1.1" 404 257 "http://basichttpserverv3.venus.odin.sogou/post?url=http%3A%2F%2Fwww.secrepo.com%2F" "Mozilla/5.0 (Windows NT 6.1; Win64; x64) AppleWebKit/537.36 (KHTML, like Gecko) Chrome/74.0.3729.169 Safari/537.36" 
211.249.40.23 - - [07/Jan/2020:17:43:44 -0800] "GET /css/style.css HTTP/1.1" 404 250 "-" "Mozilla/5.0 (X11; Linux x86_64) AppleWebKit/537.36 (KHTML, like Gecko) HeadlessChrome/75.0.3770.142 Safari/537.36" 
211.249.40.17 - - [07/Jan/2020:17:43:49 -0800] "GET / HTTP/1.1" 200 12617 "-" "Mozilla/5.0 (X11; Linux x86_64) AppleWebKit/537.36 (KHTML, like Gecko) HeadlessChrome/75.0.3770.142 Safari/537.36" 
211.249.40.17 - - [07/Jan/2020:17:43:49 -0800] "GET /css/style.css HTTP/1.1" 404 216 "http://www.secrepo.com/" "Mozilla/5.0 (X11; Linux x86_64) AppleWebKit/537.36 (KHTML, like Gecko) HeadlessChrome/75.0.3770.142 Safari/537.36" 
211.249.40.17 - - [07/Jan/2020:17:43:49 -0800] "GET /GitHub-Mark.png HTTP/1.1" 200 7406 "http://www.secrepo.com/" "Mozilla/5.0 (X11; Linux x86_64) AppleWebKit/537.36 (KHTML, like Gecko) HeadlessChrome/75.0.3770.142 Safari/537.36" 
211.249.40.17 - - [07/Jan/2020:17:43:49 -0800] "GET /twitter-icon.png HTTP/1.1" 200 27766 "http://www.secrepo.com/" "Mozilla/5.0 (X11; Linux x86_64) AppleWebKit/537.36 (KHTML, like Gecko) HeadlessChrome/75.0.3770.142 Safari/537.36" 
108.59.8.80 - - [07/Jan/2020:17:51:57 -0800] "GET /robots.txt HTTP/1.1" 301 495 "-" "Mozilla/5.0 (compatible; MJ12bot/v1.4.8; http://mj12bot.com/)" 
108.59.8.80 - - [07/Jan/2020:17:51:58 -0800] "GET /robots.txt HTTP/1.1" 200 288 "-" "Mozilla/5.0 (compatible; MJ12bot/v1.4.8; http://mj12bot.com/)" 
108.59.8.80 - - [07/Jan/2020:17:51:59 -0800] "GET / HTTP/1.1" 301 419 "-" "Mozilla/5.0 (compatible; MJ12bot/v1.4.8; http://mj12bot.com/)" 
108.59.8.80 - - [07/Jan/2020:17:52:01 -0800] "GET / HTTP/1.1" 200 12617 "-" "Mozilla/5.0 (compatible; MJ12bot/v1.4.8; http://mj12bot.com/)" 
157.55.39.181 - - [07/Jan/2020:17:56:44 -0800] "GET /self.logs/access.log.2018-12-02.gz HTTP/1.1" 200 25436 "-" "Mozilla/5.0 (compatible; bingbot/2.0; +http://www.bing.com/bingbot.htm)" 
157.55.39.181 - - [07/Jan/2020:17:56:44 -0800] "GET /self.logs/error.log.2019-10-26.gz HTTP/1.1" 200 1102 "-" "Mozilla/5.0 (compatible; bingbot/2.0; +http://www.bing.com/bingbot.htm)" 
40.77.167.70 - - [07/Jan/2020:17:59:58 -0800] "GET /Datasets%20Description/Network/files.html HTTP/1.1" 200 1453 "-" "Mozilla/5.0 (compatible; bingbot/2.0; +http://www.bing.com/bingbot.htm)" 
123.58.108.166 - - [07/Jan/2020:18:01:17 -0800] "GET / HTTP/1.1" 200 12662 "-" "Mozilla/5.0 (Macintosh; Intel Mac OS X 10_13_6) AppleWebKit/537.36 (KHTML, like Gecko) Chrome/79.0.3945.88 Safari/537.36" 
123.58.108.166 - - [07/Jan/2020:18:01:17 -0800] "GET /css/style.css HTTP/1.1" 404 271 "http://www.secrepo.com/" "Mozilla/5.0 (Macintosh; Intel Mac OS X 10_13_6) AppleWebKit/537.36 (KHTML, like Gecko) Chrome/79.0.3945.88 Safari/537.36" 
123.58.108.166 - - [07/Jan/2020:18:01:17 -0800] "GET /twitter-icon.png HTTP/1.1" 200 27810 "http://www.secrepo.com/" "Mozilla/5.0 (Macintosh; Intel Mac OS X 10_13_6) AppleWebKit/537.36 (KHTML, like Gecko) Chrome/79.0.3945.88 Safari/537.36" 
123.58.108.166 - - [07/Jan/2020:18:01:17 -0800] "GET /GitHub-Mark.png HTTP/1.1" 200 7450 "http://www.secrepo.com/" "Mozilla/5.0 (Macintosh; Intel Mac OS X 10_13_6) AppleWebKit/537.36 (KHTML, like Gecko) Chrome/79.0.3945.88 Safari/537.36" 
157.55.39.141 - - [07/Jan/2020:18:02:04 -0800] "GET /self.logs/access.log.2018-11-30.gz HTTP/1.1" 200 22012 "-" "Mozilla/5.0 (compatible; bingbot/2.0; +http://www.bing.com/bingbot.htm)" 
157.55.39.141 - - [07/Jan/2020:18:02:04 -0800] "GET /self.logs/access.log.2019-04-10.gz HTTP/1.1" 200 30126 "-" "Mozilla/5.0 (compatible; bingbot/2.0; +http://www.bing.com/bingbot.htm)" 
157.55.39.141 - - [07/Jan/2020:18:02:04 -0800] "GET /Datasets%20Description/HTML_Bro_log_1/irc.html HTTP/1.1" 200 1679 "-" "Mozilla/5.0 (compatible; bingbot/2.0; +http://www.bing.com/bingbot.htm)" 
40.77.167.70 - - [07/Jan/2020:18:02:31 -0800] "GET /self.logs/error.log.2017-05-31.gz HTTP/1.1" 200 933 "-" "Mozilla/5.0 (compatible; bingbot/2.0; +http://www.bing.com/bingbot.htm)" 
68.133.79.79 - - [07/Jan/2020:18:02:34 -0800] "GET / HTTP/1.1" 200 12662 "-" "Mozilla/5.0 (Windows NT 6.1; Win64; x64) AppleWebKit/537.36 (KHTML, like Gecko) Chrome/79.0.3945.88 Safari/537.36" 
68.133.79.79 - - [07/Jan/2020:18:02:34 -0800] "GET /css/style.css HTTP/1.1" 404 271 "http://www.secrepo.com/" "Mozilla/5.0 (Windows NT 6.1; Win64; x64) AppleWebKit/537.36 (KHTML, like Gecko) Chrome/79.0.3945.88 Safari/537.36" 
68.133.79.79 - - [07/Jan/2020:18:02:34 -0800] "GET /twitter-icon.png HTTP/1.1" 200 27810 "http://www.secrepo.com/" "Mozilla/5.0 (Windows NT 6.1; Win64; x64) AppleWebKit/537.36 (KHTML, like Gecko) Chrome/79.0.3945.88 Safari/537.36" 
68.133.79.79 - - [07/Jan/2020:18:02:34 -0800] "GET /GitHub-Mark.png HTTP/1.1" 200 7427 "http://www.secrepo.com/" "Mozilla/5.0 (Windows NT 6.1; Win64; x64) AppleWebKit/537.36 (KHTML, like Gecko) Chrome/79.0.3945.88 Safari/537.36" 
68.133.79.79 - - [07/Jan/2020:18:02:35 -0800] "GET /bootstrap/img/favicon.ico HTTP/1.1" 200 601 "http://www.secrepo.com/" "Mozilla/5.0 (Windows NT 6.1; Win64; x64) AppleWebKit/537.36 (KHTML, like Gecko) Chrome/79.0.3945.88 Safari/537.36" 
123.58.108.166 - - [07/Jan/2020:18:02:40 -0800] "GET /bootstrap/img/favicon.ico HTTP/1.1" 200 624 "http://www.secrepo.com/" "Mozilla/5.0 (Macintosh; Intel Mac OS X 10_13_6) AppleWebKit/537.36 (KHTML, like Gecko) Chrome/79.0.3945.88 Safari/537.36" 
68.133.79.79 - - [07/Jan/2020:18:03:04 -0800] "GET /Datasets%20Description/Network/dhcp.html HTTP/1.1" 200 1382 "http://www.secrepo.com/" "Mozilla/5.0 (Windows NT 6.1; Win64; x64) AppleWebKit/537.36 (KHTML, like Gecko) Chrome/79.0.3945.88 Safari/537.36" 
68.133.79.79 - - [07/Jan/2020:18:03:04 -0800] "GET /favicon.ico HTTP/1.1" 200 279 "http://www.secrepo.com/Datasets%20Description/Network/dhcp.html" "Mozilla/5.0 (Windows NT 6.1; Win64; x64) AppleWebKit/537.36 (KHTML, like Gecko) Chrome/79.0.3945.88 Safari/537.36" 
68.133.79.79 - - [07/Jan/2020:18:03:18 -0800] "GET /Datasets%20Description/Network/ssh.html HTTP/1.1" 200 1289 "http://www.secrepo.com/" "Mozilla/5.0 (Windows NT 6.1; Win64; x64) AppleWebKit/537.36 (KHTML, like Gecko) Chrome/79.0.3945.88 Safari/537.36" 
68.133.79.79 - - [07/Jan/2020:18:04:47 -0800] "GET /Datasets%20Description/Network/weird.html HTTP/1.1" 200 1566 "http://www.secrepo.com/" "Mozilla/5.0 (Windows NT 6.1; Win64; x64) AppleWebKit/537.36 (KHTML, like Gecko) Chrome/79.0.3945.88 Safari/537.36" 
68.133.79.79 - - [07/Jan/2020:18:05:09 -0800] "GET / HTTP/1.1" 200 12662 "http://www.secrepo.com/Datasets%20Description/Network/weird.html" "Mozilla/5.0 (Windows NT 6.1; Win64; x64) AppleWebKit/537.36 (KHTML, like Gecko) Chrome/79.0.3945.88 Safari/537.36" 
68.133.79.79 - - [07/Jan/2020:18:05:09 -0800] "GET /css/style.css HTTP/1.1" 404 271 "http://www.secrepo.com/" "Mozilla/5.0 (Windows NT 6.1; Win64; x64) AppleWebKit/537.36 (KHTML, like Gecko) Chrome/79.0.3945.88 Safari/537.36" 
157.55.39.141 - - [07/Jan/2020:18:07:59 -0800] "GET /self.logs/access.log.2019-10-20.gz HTTP/1.1" 200 24310 "-" "Mozilla/5.0 (compatible; bingbot/2.0; +http://www.bing.com/bingbot.htm)" 
157.55.39.141 - - [07/Jan/2020:18:07:59 -0800] "GET /self.logs/error.log.2019-12-16.gz HTTP/1.1" 200 742 "-" "Mozilla/5.0 (compatible; bingbot/2.0; +http://www.bing.com/bingbot.htm)" 
68.133.79.79 - - [07/Jan/2020:18:08:01 -0800] "GET / HTTP/1.1" 200 12662 "http://www.secrepo.com/Datasets%20Description/Network/weird.html" "Mozilla/5.0 (Windows NT 6.1; Win64; x64) AppleWebKit/537.36 (KHTML, like Gecko) Chrome/79.0.3945.88 Safari/537.36" 
68.133.79.79 - - [07/Jan/2020:18:08:01 -0800] "GET /css/style.css HTTP/1.1" 404 271 "http://www.secrepo.com/" "Mozilla/5.0 (Windows NT 6.1; Win64; x64) AppleWebKit/537.36 (KHTML, like Gecko) Chrome/79.0.3945.88 Safari/537.36" 
68.133.79.79 - - [07/Jan/2020:18:08:14 -0800] "GET /maccdc2012/weird.log.gz HTTP/1.1" 200 1252749 "-" "Mozilla/5.0 (Windows NT 6.1; Win64; x64) AppleWebKit/537.36 (KHTML, like Gecko) Chrome/79.0.3945.88 Safari/537.36" 
123.125.71.32 - - [07/Jan/2020:18:09:41 -0800] "GET /Datasets%20Description/Network/files.html HTTP/1.1" 200 1416 "-" "Mozilla/5.0 (compatible; Baiduspider/2.0; +http://www.baidu.com/search/spider.html)" 
113.171.224.176 - - [07/Jan/2020:18:12:51 -0800] "GET /honeypot/Honeypot%20-%20Howto.pdf HTTP/1.1" 200 61320 "-" "Mozilla/5.0 Gecko/20100115 Firefox/3.6" 
157.55.39.83 - - [07/Jan/2020:18:13:14 -0800] "GET /self.logs/access.log.2018-02-27.gz HTTP/1.1" 200 23627 "-" "Mozilla/5.0 (compatible; bingbot/2.0; +http://www.bing.com/bingbot.htm)" 
68.133.79.79 - - [07/Jan/2020:18:14:27 -0800] "GET /Datasets%20Description/Network/files.html HTTP/1.1" 200 1453 "http://www.secrepo.com/" "Mozilla/5.0 (Windows NT 6.1; Win64; x64) AppleWebKit/537.36 (KHTML, like Gecko) Chrome/79.0.3945.88 Safari/537.36" 
40.77.167.78 - - [07/Jan/2020:18:14:50 -0800] "GET /self.logs/access.log.2017-02-04.gz HTTP/1.1" 200 13197 "-" "Mozilla/5.0 (compatible; bingbot/2.0; +http://www.bing.com/bingbot.htm)" 
157.55.39.141 - - [07/Jan/2020:18:15:27 -0800] "GET /self.logs/error.log.2019-01-06.gz HTTP/1.1" 200 4619 "-" "Mozilla/5.0 (compatible; bingbot/2.0; +http://www.bing.com/bingbot.htm)" 
68.133.79.79 - - [07/Jan/2020:18:15:29 -0800] "GET /Datasets%20Description/Network/dns.html HTTP/1.1" 200 1464 "http://www.secrepo.com/" "Mozilla/5.0 (Windows NT 6.1; Win64; x64) AppleWebKit/537.36 (KHTML, like Gecko) Chrome/79.0.3945.88 Safari/537.36" 
68.133.79.79 - - [07/Jan/2020:18:16:09 -0800] "GET / HTTP/1.1" 200 12662 "http://www.secrepo.com/Datasets%20Description/Network/dns.html" "Mozilla/5.0 (Windows NT 6.1; Win64; x64) AppleWebKit/537.36 (KHTML, like Gecko) Chrome/79.0.3945.88 Safari/537.36" 
68.133.79.79 - - [07/Jan/2020:18:16:09 -0800] "GET /css/style.css HTTP/1.1" 404 271 "http://www.secrepo.com/" "Mozilla/5.0 (Windows NT 6.1; Win64; x64) AppleWebKit/537.36 (KHTML, like Gecko) Chrome/79.0.3945.88 Safari/537.36" 
68.133.79.79 - - [07/Jan/2020:18:16:25 -0800] "GET / HTTP/1.1" 200 12662 "http://www.secrepo.com/Datasets%20Description/Network/dns.html" "Mozilla/5.0 (Windows NT 6.1; Win64; x64) AppleWebKit/537.36 (KHTML, like Gecko) Chrome/79.0.3945.88 Safari/537.36" 
68.133.79.79 - - [07/Jan/2020:18:16:25 -0800] "GET /css/style.css HTTP/1.1" 404 271 "http://www.secrepo.com/" "Mozilla/5.0 (Windows NT 6.1; Win64; x64) AppleWebKit/537.36 (KHTML, like Gecko) Chrome/79.0.3945.88 Safari/537.36" 
68.133.79.79 - - [07/Jan/2020:18:16:32 -0800] "GET /maccdc2012/dns.log.gz HTTP/1.1" 200 6607274 "-" "Mozilla/5.0 (Windows NT 6.1; Win64; x64) AppleWebKit/537.36 (KHTML, like Gecko) Chrome/79.0.3945.88 Safari/537.36" 
40.77.167.78 - - [07/Jan/2020:18:19:33 -0800] "GET /self.logs/error.log.2019-01-11.gz HTTP/1.1" 200 5568 "-" "Mozilla/5.0 (compatible; bingbot/2.0; +http://www.bing.com/bingbot.htm)" 
157.55.39.181 - - [07/Jan/2020:18:20:21 -0800] "GET /self.logs/error.log.2018-02-26.gz HTTP/1.1" 200 3531 "-" "Mozilla/5.0 (compatible; bingbot/2.0; +http://www.bing.com/bingbot.htm)" 
157.55.39.181 - - [07/Jan/2020:18:20:21 -0800] "GET /self.logs/access.log.2017-11-12.gz HTTP/1.1" 200 49283 "-" "Mozilla/5.0 (compatible; bingbot/2.0; +http://www.bing.com/bingbot.htm)" 
157.55.39.181 - - [07/Jan/2020:18:20:21 -0800] "GET /self.logs/access.log.2017-12-03.gz HTTP/1.1" 200 19188 "-" "Mozilla/5.0 (compatible; bingbot/2.0; +http://www.bing.com/bingbot.htm)" 
157.55.39.181 - - [07/Jan/2020:18:20:21 -0800] "GET /self.logs/access.log.2019-10-04.gz HTTP/1.1" 200 55925 "-" "Mozilla/5.0 (compatible; bingbot/2.0; +http://www.bing.com/bingbot.htm)" 
40.77.167.70 - - [07/Jan/2020:18:21:02 -0800] "GET /self.logs/access.log.2019-11-18.gz HTTP/1.1" 200 27086 "-" "Mozilla/5.0 (compatible; bingbot/2.0; +http://www.bing.com/bingbot.htm)" 
68.133.79.79 - - [07/Jan/2020:18:22:33 -0800] "GET / HTTP/1.1" 200 12662 "-" "Mozilla/5.0 (Windows NT 6.1; Win64; x64) AppleWebKit/537.36 (KHTML, like Gecko) Chrome/79.0.3945.88 Safari/537.36" 
68.133.79.79 - - [07/Jan/2020:18:22:33 -0800] "GET /css/style.css HTTP/1.1" 404 271 "http://www.secrepo.com/" "Mozilla/5.0 (Windows NT 6.1; Win64; x64) AppleWebKit/537.36 (KHTML, like Gecko) Chrome/79.0.3945.88 Safari/537.36" 
51.15.75.198 - - [07/Jan/2020:18:23:10 -0800] "HEAD / HTTP/1.1" 301 167 "https://www.google.fr/" "Mozilla/5.0 (compatible; Yahoo! Slurp/3.0; http://help.yahoo.com/help/us/ysearch/slurp)" 
40.77.167.78 - - [07/Jan/2020:18:29:59 -0800] "GET /self.logs/error.log.2019-11-25.gz HTTP/1.1" 200 1407 "-" "Mozilla/5.0 (compatible; bingbot/2.0; +http://www.bing.com/bingbot.htm)" 
52.212.146.96 - - [07/Jan/2020:18:30:02 -0800] "GET /self.logs/access.log.2020-01-01.gz HTTP/1.1" 200 13608 "-" "python-requests/2.12.1" 
52.212.146.96 - - [07/Jan/2020:18:30:03 -0800] "GET /self.logs/access.log.2020-01-02.gz HTTP/1.1" 200 29224 "-" "python-requests/2.12.1" 
52.212.146.96 - - [07/Jan/2020:18:30:03 -0800] "GET /self.logs/access.log.2020-01-03.gz HTTP/1.1" 200 16006 "-" "python-requests/2.12.1" 
52.212.146.96 - - [07/Jan/2020:18:30:03 -0800] "GET /self.logs/access.log.2020-01-04.gz HTTP/1.1" 200 15634 "-" "python-requests/2.12.1" 
52.212.146.96 - - [07/Jan/2020:18:30:03 -0800] "GET /self.logs/access.log.2020-01-05.gz HTTP/1.1" 404 294 "-" "python-requests/2.12.1" 
52.212.146.96 - - [07/Jan/2020:18:30:04 -0800] "GET /self.logs/access.log.2020-01-06.gz HTTP/1.1" 404 294 "-" "python-requests/2.12.1" 
52.212.146.96 - - [07/Jan/2020:18:30:04 -0800] "GET /self.logs/access.log.2020-01-07.gz HTTP/1.1" 404 294 "-" "python-requests/2.12.1" 
68.133.79.79 - - [07/Jan/2020:18:30:56 -0800] "GET / HTTP/1.1" 200 12662 "-" "Mozilla/5.0 (Windows NT 6.1; Win64; x64) AppleWebKit/537.36 (KHTML, like Gecko) Chrome/79.0.3945.88 Safari/537.36" 
68.133.79.79 - - [07/Jan/2020:18:30:56 -0800] "GET /css/style.css HTTP/1.1" 404 271 "http://www.secrepo.com/" "Mozilla/5.0 (Windows NT 6.1; Win64; x64) AppleWebKit/537.36 (KHTML, like Gecko) Chrome/79.0.3945.88 Safari/537.36" 
68.133.79.79 - - [07/Jan/2020:18:31:09 -0800] "GET / HTTP/1.1" 200 12662 "-" "Mozilla/5.0 (Windows NT 10.0; Win64; x64) AppleWebKit/537.36 (KHTML, like Gecko) Chrome/79.0.3945.88 Safari/537.36" 
68.133.79.79 - - [07/Jan/2020:18:31:09 -0800] "GET /css/style.css HTTP/1.1" 404 271 "http://www.secrepo.com/" "Mozilla/5.0 (Windows NT 10.0; Win64; x64) AppleWebKit/537.36 (KHTML, like Gecko) Chrome/79.0.3945.88 Safari/537.36" 
