85.208.96.67 - - [13/Dec/2020:20:28:51 -0800] "GET /robots.txt HTTP/1.1" 301 439 "-" "Mozilla/5.0 (compatible; SemrushBot-BM/1.0; +http://www.semrush.com/bot.html)" 
85.208.96.67 - - [13/Dec/2020:20:28:54 -0800] "GET /robots.txt HTTP/1.1" 200 333 "-" "Mozilla/5.0 (compatible; SemrushBot-BM/1.0; +http://www.semrush.com/bot.html)" 
54.36.149.58 - - [13/Dec/2020:20:30:10 -0800] "GET /self.logs/2016/access.log.2016-12-03.gz HTTP/1.1" 200 9126 "-" "Mozilla/5.0 (compatible; AhrefsBot/7.0; +http://ahrefs.com/robot/)" 
54.36.148.152 - - [13/Dec/2020:20:32:01 -0800] "GET /self.logs/2015/error.log.2015-11-12.gz HTTP/1.1" 200 1330 "-" "Mozilla/5.0 (compatible; AhrefsBot/7.0; +http://ahrefs.com/robot/)" 
54.36.148.14 - - [13/Dec/2020:20:33:19 -0800] "GET /self.logs/2016/error.log.2016-09-20.gz HTTP/1.1" 200 1514 "-" "Mozilla/5.0 (compatible; AhrefsBot/7.0; +http://ahrefs.com/robot/)" 
54.36.149.58 - - [13/Dec/2020:20:34:41 -0800] "GET /self.logs/2016/error.log.2016-12-11.gz HTTP/1.1" 200 936 "-" "Mozilla/5.0 (compatible; AhrefsBot/7.0; +http://ahrefs.com/robot/)" 
54.36.149.58 - - [13/Dec/2020:20:35:37 -0800] "GET /self.logs/2016/error.log.2016-08-21.gz HTTP/1.1" 200 725 "-" "Mozilla/5.0 (compatible; AhrefsBot/7.0; +http://ahrefs.com/robot/)" 
54.36.148.14 - - [13/Dec/2020:20:36:15 -0800] "GET /self.logs/2015/access.log.2015-04-11.gz HTTP/1.1" 200 5547 "-" "Mozilla/5.0 (compatible; AhrefsBot/7.0; +http://ahrefs.com/robot/)" 
173.231.59.212 - - [13/Dec/2020:20:36:54 -0800] "GET /tg/a.zip HTTP/1.1" 200 75920 "http://www.secrepo.com/" "Mozilla/5.0 (compatible; Adsbot/3.1)" 
173.231.59.212 - - [13/Dec/2020:20:37:01 -0800] "GET /tg/b.zip HTTP/1.1" 200 75920 "http://www.secrepo.com/" "Mozilla/5.0 (compatible; Adsbot/3.1)" 
173.231.59.212 - - [13/Dec/2020:20:37:18 -0800] "GET /tg/c.zip HTTP/1.1" 200 73000 "http://www.secrepo.com/" "Mozilla/5.0 (compatible; Adsbot/3.1)" 
173.231.59.212 - - [13/Dec/2020:20:38:04 -0800] "GET /self.logs/ HTTP/1.1" 200 26400 "http://www.secrepo.com/" "Mozilla/5.0 (compatible; Adsbot/3.1)" 
173.231.59.212 - - [13/Dec/2020:20:38:14 -0800] "GET /pe_static/apt1.zip HTTP/1.1" 200 75920 "http://www.secrepo.com/" "Mozilla/5.0 (compatible; Adsbot/3.1)" 
173.231.59.212 - - [13/Dec/2020:20:38:19 -0800] "GET /pe_static/zeus.zip HTTP/1.1" 200 70080 "http://www.secrepo.com/" "Mozilla/5.0 (compatible; Adsbot/3.1)" 
54.36.148.14 - - [13/Dec/2020:20:38:20 -0800] "GET /self.logs/2015/error.log.2015-11-14.gz HTTP/1.1" 200 774 "-" "Mozilla/5.0 (compatible; AhrefsBot/7.0; +http://ahrefs.com/robot/)" 
173.231.59.212 - - [13/Dec/2020:20:38:29 -0800] "GET /squid/access.log.gz HTTP/1.1" 200 73000 "http://www.secrepo.com/" "Mozilla/5.0 (compatible; Adsbot/3.1)" 
173.231.59.212 - - [13/Dec/2020:20:38:54 -0800] "GET /tg/tg_snort_fast.7z HTTP/1.1" 200 73000 "http://www.secrepo.com/" "Mozilla/5.0 (compatible; Adsbot/3.1)" 
54.36.149.9 - - [13/Dec/2020:20:39:11 -0800] "GET /self.logs/2015/access.log.2015-09-14.gz HTTP/1.1" 200 5537 "-" "Mozilla/5.0 (compatible; AhrefsBot/7.0; +http://ahrefs.com/robot/)" 
173.231.59.212 - - [13/Dec/2020:20:39:14 -0800] "GET /tg/tg_snort_full.7z HTTP/1.1" 200 75920 "http://www.secrepo.com/" "Mozilla/5.0 (compatible; Adsbot/3.1)" 
173.231.59.212 - - [13/Dec/2020:20:39:49 -0800] "GET /auth.log/auth.log.gz HTTP/1.1" 200 75920 "http://www.secrepo.com/" "Mozilla/5.0 (compatible; Adsbot/3.1)" 
54.36.148.120 - - [13/Dec/2020:20:41:05 -0800] "GET /self.logs/2015/access.log.2015-04-13.gz HTTP/1.1" 200 3729 "-" "Mozilla/5.0 (compatible; AhrefsBot/7.0; +http://ahrefs.com/robot/)" 
173.231.59.212 - - [13/Dec/2020:20:41:11 -0800] "GET /scada/scada_logs.zip HTTP/1.1" 200 73000 "http://www.secrepo.com/" "Mozilla/5.0 (compatible; Adsbot/3.1)" 
173.231.59.212 - - [13/Dec/2020:20:41:20 -0800] "GET /maccdc2012/dns.log.gz HTTP/1.1" 200 73000 "http://www.secrepo.com/" "Mozilla/5.0 (compatible; Adsbot/3.1)" 
173.231.59.212 - - [13/Dec/2020:20:41:30 -0800] "GET /maccdc2012/ftp.log.gz HTTP/1.1" 200 70080 "http://www.secrepo.com/" "Mozilla/5.0 (compatible; Adsbot/3.1)" 
173.231.59.212 - - [13/Dec/2020:20:41:43 -0800] "GET /maccdc2012/ssh.log.gz HTTP/1.1" 200 75920 "http://www.secrepo.com/" "Mozilla/5.0 (compatible; Adsbot/3.1)" 
173.231.59.212 - - [13/Dec/2020:20:41:58 -0800] "GET /maccdc2012/ssl.log.gz HTTP/1.1" 200 73000 "http://www.secrepo.com/" "Mozilla/5.0 (compatible; Adsbot/3.1)" 
173.231.59.212 - - [13/Dec/2020:20:42:28 -0800] "GET /maccdc2012/conn.log.gz HTTP/1.1" 200 73000 "http://www.secrepo.com/" "Mozilla/5.0 (compatible; Adsbot/3.1)" 
173.231.59.212 - - [13/Dec/2020:20:42:35 -0800] "GET /maccdc2012/dhcp.log.gz HTTP/1.1" 200 44940 "http://www.secrepo.com/" "Mozilla/5.0 (compatible; Adsbot/3.1)" 
173.231.59.212 - - [13/Dec/2020:20:42:44 -0800] "GET /maccdc2012/http.log.gz HTTP/1.1" 200 75920 "http://www.secrepo.com/" "Mozilla/5.0 (compatible; Adsbot/3.1)" 
54.36.148.14 - - [13/Dec/2020:20:42:48 -0800] "GET /self.logs/2016/error.log.2016-11-06.gz HTTP/1.1" 200 1231 "-" "Mozilla/5.0 (compatible; AhrefsBot/7.0; +http://ahrefs.com/robot/)" 
173.231.59.212 - - [13/Dec/2020:20:42:50 -0800] "GET /maccdc2012/smtp.log.gz HTTP/1.1" 200 6919 "http://www.secrepo.com/" "Mozilla/5.0 (compatible; Adsbot/3.1)" 
173.231.59.212 - - [13/Dec/2020:20:43:03 -0800] "GET /maccdc2012/files.log.gz HTTP/1.1" 200 75920 "http://www.secrepo.com/" "Mozilla/5.0 (compatible; Adsbot/3.1)" 
173.231.59.212 - - [13/Dec/2020:20:43:23 -0800] "GET /maccdc2012/weird.log.gz HTTP/1.1" 200 73000 "http://www.secrepo.com/" "Mozilla/5.0 (compatible; Adsbot/3.1)" 
173.231.59.212 - - [13/Dec/2020:20:43:33 -0800] "GET /maccdc2012/notice.log.gz HTTP/1.1" 200 20760 "http://www.secrepo.com/" "Mozilla/5.0 (compatible; Adsbot/3.1)" 
173.231.59.212 - - [13/Dec/2020:20:43:45 -0800] "GET /maccdc2012/tunnel.log.gz HTTP/1.1" 200 5245 "http://www.secrepo.com/" "Mozilla/5.0 (compatible; Adsbot/3.1)" 
173.231.59.212 - - [13/Dec/2020:20:43:53 -0800] "GET /pe_static/op-cleaver.zip HTTP/1.1" 200 75920 "http://www.secrepo.com/" "Mozilla/5.0 (compatible; Adsbot/3.1)" 
173.231.59.212 - - [13/Dec/2020:20:44:24 -0800] "GET /honeypot/honeypot.json.zip HTTP/1.1" 200 73000 "http://www.secrepo.com/" "Mozilla/5.0 (compatible; Adsbot/3.1)" 
54.36.149.58 - - [13/Dec/2020:20:44:40 -0800] "GET /self.logs/2015/error.log.2015-01-23.gz HTTP/1.1" 200 666 "-" "Mozilla/5.0 (compatible; AhrefsBot/7.0; +http://ahrefs.com/robot/)" 
173.231.59.212 - - [13/Dec/2020:20:45:30 -0800] "GET /maccdc2012/signatures.log.gz HTTP/1.1" 200 631 "http://www.secrepo.com/" "Mozilla/5.0 (compatible; Adsbot/3.1)" 
173.231.59.212 - - [13/Dec/2020:20:45:53 -0800] "GET /domaindata/domainmovement.zip HTTP/1.1" 200 70080 "http://www.secrepo.com/" "Mozilla/5.0 (compatible; Adsbot/3.1)" 
173.231.59.212 - - [13/Dec/2020:20:45:59 -0800] "GET /misc/zeus_dga_domains.txt.zip HTTP/1.1" 200 75920 "http://www.secrepo.com/" "Mozilla/5.0 (compatible; Adsbot/3.1)" 
173.231.59.212 - - [13/Dec/2020:20:46:12 -0800] "GET /maccdc2012/maccdc2012_fast_alert.7z HTTP/1.1" 200 75920 "http://www.secrepo.com/" "Mozilla/5.0 (compatible; Adsbot/3.1)" 
173.231.59.212 - - [13/Dec/2020:20:46:25 -0800] "GET /maccdc2012/maccdc2012_full_alert.7z HTTP/1.1" 200 75920 "http://www.secrepo.com/" "Mozilla/5.0 (compatible; Adsbot/3.1)" 
173.231.59.212 - - [13/Dec/2020:20:46:50 -0800] "GET /Security-Data-Analysis/Lab_1/conn.log.zip HTTP/1.1" 200 70080 "http://www.secrepo.com/" "Mozilla/5.0 (compatible; Adsbot/3.1)" 
173.231.59.212 - - [13/Dec/2020:20:47:18 -0800] "GET / HTTP/1.1" 200 12843 "-" "Mozilla/5.0 (compatible; Adsbot/3.1)" 
54.36.148.52 - - [13/Dec/2020:20:47:19 -0800] "GET /self.logs/2015/error.log.2015-11-18.gz HTTP/1.1" 200 1023 "-" "Mozilla/5.0 (compatible; AhrefsBot/7.0; +http://ahrefs.com/robot/)" 
54.36.149.1 - - [13/Dec/2020:20:49:29 -0800] "GET /self.logs/2016/error.log.2016-12-06.gz HTTP/1.1" 200 786 "-" "Mozilla/5.0 (compatible; AhrefsBot/7.0; +http://ahrefs.com/robot/)" 
173.231.59.212 - - [13/Dec/2020:20:49:46 -0800] "GET / HTTP/1.1" 301 438 "-" "Mozilla/5.0 (compatible; Adsbot/3.1)" 
173.231.59.212 - - [13/Dec/2020:20:49:54 -0800] "GET /data HTTP/1.1" 404 291 "http://www.secrepo.com/" "Mozilla/5.0 (compatible; Adsbot/3.1)" 
34.229.241.159 - - [13/Dec/2020:20:50:04 -0800] "GET /ads.txt HTTP/1.1" 301 452 "-" "Magic Browser" 
34.229.241.159 - - [13/Dec/2020:20:50:04 -0800] "GET /ads.txt HTTP/1.1" 404 291 "-" "Magic Browser" 
34.229.241.159 - - [13/Dec/2020:20:50:04 -0800] "GET / HTTP/1.1" 301 475 "-" "python-requests/2.22.0" 
34.229.241.159 - - [13/Dec/2020:20:50:04 -0800] "GET / HTTP/1.1" 200 12880 "-" "python-requests/2.22.0" 
34.229.241.159 - - [13/Dec/2020:20:50:04 -0800] "GET /ads.txt HTTP/1.1" 404 291 "-" "Magic Browser" 
157.55.39.218 - - [13/Dec/2020:20:51:11 -0800] "GET /self.logs/error.log.2018-05-21.gz HTTP/1.1" 304 280 "-" "Mozilla/5.0 (compatible; bingbot/2.0; +http://www.bing.com/bingbot.htm)" 
54.36.148.146 - - [13/Dec/2020:20:56:15 -0800] "GET /self.logs/2016/error.log.2016-05-26.gz HTTP/1.1" 200 827 "-" "Mozilla/5.0 (compatible; AhrefsBot/7.0; +http://ahrefs.com/robot/)" 
157.55.39.233 - - [13/Dec/2020:20:57:37 -0800] "GET /self.logs/access.log.2019-02-05.gz HTTP/1.1" 301 543 "-" "Mozilla/5.0 (compatible; bingbot/2.0; +http://www.bing.com/bingbot.htm)" 
54.36.149.58 - - [13/Dec/2020:21:04:29 -0800] "GET /self.logs/2015/error.log.2015-11-19.gz HTTP/1.1" 200 1713 "-" "Mozilla/5.0 (compatible; AhrefsBot/7.0; +http://ahrefs.com/robot/)" 
54.36.149.98 - - [13/Dec/2020:21:10:45 -0800] "GET /self.logs/2016/error.log.2016-12-01.gz HTTP/1.1" 200 799 "-" "Mozilla/5.0 (compatible; AhrefsBot/7.0; +http://ahrefs.com/robot/)" 
54.36.148.14 - - [13/Dec/2020:21:12:35 -0800] "GET /self.logs/2015/access.log.2015-03-16.gz HTTP/1.1" 200 8173 "-" "Mozilla/5.0 (compatible; AhrefsBot/7.0; +http://ahrefs.com/robot/)" 
173.231.59.212 - - [13/Dec/2020:21:13:54 -0800] "GET /tg/a.zip HTTP/1.1" 200 73000 "http://www.secrepo.com/" "Mozilla/5.0 (compatible; Adsbot/3.1)" 
173.231.59.212 - - [13/Dec/2020:21:14:34 -0800] "GET /tg/b.zip HTTP/1.1" 200 75920 "http://www.secrepo.com/" "Mozilla/5.0 (compatible; Adsbot/3.1)" 
173.231.59.212 - - [13/Dec/2020:21:15:09 -0800] "GET /tg/c.zip HTTP/1.1" 200 75920 "http://www.secrepo.com/" "Mozilla/5.0 (compatible; Adsbot/3.1)" 
54.36.148.14 - - [13/Dec/2020:21:15:15 -0800] "GET /self.logs/2016/access.log.2016-05-18.gz HTTP/1.1" 200 9996 "-" "Mozilla/5.0 (compatible; AhrefsBot/7.0; +http://ahrefs.com/robot/)" 
173.231.59.212 - - [13/Dec/2020:21:15:42 -0800] "GET /self.logs/ HTTP/1.1" 200 26400 "http://www.secrepo.com/" "Mozilla/5.0 (compatible; Adsbot/3.1)" 
173.231.59.212 - - [13/Dec/2020:21:15:57 -0800] "GET /pe_static/apt1.zip HTTP/1.1" 200 73000 "http://www.secrepo.com/" "Mozilla/5.0 (compatible; Adsbot/3.1)" 
173.231.59.212 - - [13/Dec/2020:21:16:23 -0800] "GET /pe_static/zeus.zip HTTP/1.1" 200 75920 "http://www.secrepo.com/" "Mozilla/5.0 (compatible; Adsbot/3.1)" 
173.231.59.212 - - [13/Dec/2020:21:16:38 -0800] "GET /squid/access.log.gz HTTP/1.1" 200 70080 "http://www.secrepo.com/" "Mozilla/5.0 (compatible; Adsbot/3.1)" 
173.231.59.212 - - [13/Dec/2020:21:16:45 -0800] "GET /tg/tg_snort_fast.7z HTTP/1.1" 200 73000 "http://www.secrepo.com/" "Mozilla/5.0 (compatible; Adsbot/3.1)" 
173.231.59.212 - - [13/Dec/2020:21:16:51 -0800] "GET /tg/tg_snort_full.7z HTTP/1.1" 200 75920 "http://www.secrepo.com/" "Mozilla/5.0 (compatible; Adsbot/3.1)" 
173.231.59.212 - - [13/Dec/2020:21:17:04 -0800] "GET /auth.log/auth.log.gz HTTP/1.1" 200 73000 "http://www.secrepo.com/" "Mozilla/5.0 (compatible; Adsbot/3.1)" 
173.231.59.212 - - [13/Dec/2020:21:17:24 -0800] "GET /scada/scada_logs.zip HTTP/1.1" 200 73000 "http://www.secrepo.com/" "Mozilla/5.0 (compatible; Adsbot/3.1)" 
173.231.59.212 - - [13/Dec/2020:21:17:33 -0800] "GET /maccdc2012/dns.log.gz HTTP/1.1" 200 70080 "http://www.secrepo.com/" "Mozilla/5.0 (compatible; Adsbot/3.1)" 
173.231.59.212 - - [13/Dec/2020:21:17:52 -0800] "GET /maccdc2012/ftp.log.gz HTTP/1.1" 200 75920 "http://www.secrepo.com/" "Mozilla/5.0 (compatible; Adsbot/3.1)" 
173.231.59.212 - - [13/Dec/2020:21:18:11 -0800] "GET /maccdc2012/ssh.log.gz HTTP/1.1" 200 73000 "http://www.secrepo.com/" "Mozilla/5.0 (compatible; Adsbot/3.1)" 
173.231.59.212 - - [13/Dec/2020:21:18:17 -0800] "GET /maccdc2012/ssl.log.gz HTTP/1.1" 200 70080 "http://www.secrepo.com/" "Mozilla/5.0 (compatible; Adsbot/3.1)" 
173.231.59.212 - - [13/Dec/2020:21:18:38 -0800] "GET /maccdc2012/conn.log.gz HTTP/1.1" 200 70080 "http://www.secrepo.com/" "Mozilla/5.0 (compatible; Adsbot/3.1)" 
54.36.148.14 - - [13/Dec/2020:21:18:39 -0800] "GET /self.logs/2016/error.log.2016-03-29.gz HTTP/1.1" 200 761 "-" "Mozilla/5.0 (compatible; AhrefsBot/7.0; +http://ahrefs.com/robot/)" 
173.231.59.212 - - [13/Dec/2020:21:19:02 -0800] "GET /maccdc2012/dhcp.log.gz HTTP/1.1" 200 44940 "http://www.secrepo.com/" "Mozilla/5.0 (compatible; Adsbot/3.1)" 
173.231.59.212 - - [13/Dec/2020:21:19:09 -0800] "GET /maccdc2012/http.log.gz HTTP/1.1" 200 75920 "http://www.secrepo.com/" "Mozilla/5.0 (compatible; Adsbot/3.1)" 
173.231.59.212 - - [13/Dec/2020:21:19:29 -0800] "GET /maccdc2012/smtp.log.gz HTTP/1.1" 200 6919 "http://www.secrepo.com/" "Mozilla/5.0 (compatible; Adsbot/3.1)" 
173.231.59.212 - - [13/Dec/2020:21:19:39 -0800] "GET /maccdc2012/files.log.gz HTTP/1.1" 200 70080 "http://www.secrepo.com/" "Mozilla/5.0 (compatible; Adsbot/3.1)" 
173.231.59.212 - - [13/Dec/2020:21:19:46 -0800] "GET /maccdc2012/weird.log.gz HTTP/1.1" 200 73000 "http://www.secrepo.com/" "Mozilla/5.0 (compatible; Adsbot/3.1)" 
173.231.59.212 - - [13/Dec/2020:21:19:52 -0800] "GET /maccdc2012/notice.log.gz HTTP/1.1" 200 20760 "http://www.secrepo.com/" "Mozilla/5.0 (compatible; Adsbot/3.1)" 
173.231.59.212 - - [13/Dec/2020:21:19:59 -0800] "GET /maccdc2012/tunnel.log.gz HTTP/1.1" 200 5245 "http://www.secrepo.com/" "Mozilla/5.0 (compatible; Adsbot/3.1)" 
173.231.59.212 - - [13/Dec/2020:21:20:08 -0800] "GET /pe_static/op-cleaver.zip HTTP/1.1" 200 73000 "http://www.secrepo.com/" "Mozilla/5.0 (compatible; Adsbot/3.1)" 
173.231.59.212 - - [13/Dec/2020:21:20:22 -0800] "GET /honeypot/honeypot.json.zip HTTP/1.1" 200 70080 "http://www.secrepo.com/" "Mozilla/5.0 (compatible; Adsbot/3.1)" 
54.36.149.107 - - [13/Dec/2020:21:20:33 -0800] "GET /self.logs/2016/error.log.2016-02-04.gz HTTP/1.1" 200 927 "-" "Mozilla/5.0 (compatible; AhrefsBot/7.0; +http://ahrefs.com/robot/)" 
173.231.59.212 - - [13/Dec/2020:21:20:37 -0800] "GET /maccdc2012/signatures.log.gz HTTP/1.1" 200 631 "http://www.secrepo.com/" "Mozilla/5.0 (compatible; Adsbot/3.1)" 
173.231.59.212 - - [13/Dec/2020:21:20:55 -0800] "GET /domaindata/domainmovement.zip HTTP/1.1" 200 73000 "http://www.secrepo.com/" "Mozilla/5.0 (compatible; Adsbot/3.1)" 
173.231.59.212 - - [13/Dec/2020:21:21:00 -0800] "GET /misc/zeus_dga_domains.txt.zip HTTP/1.1" 200 75920 "http://www.secrepo.com/" "Mozilla/5.0 (compatible; Adsbot/3.1)" 
173.231.59.212 - - [13/Dec/2020:21:21:18 -0800] "GET /maccdc2012/maccdc2012_fast_alert.7z HTTP/1.1" 200 73000 "http://www.secrepo.com/" "Mozilla/5.0 (compatible; Adsbot/3.1)" 
173.231.59.212 - - [13/Dec/2020:21:21:40 -0800] "GET /maccdc2012/maccdc2012_full_alert.7z HTTP/1.1" 200 75920 "http://www.secrepo.com/" "Mozilla/5.0 (compatible; Adsbot/3.1)" 
173.231.59.212 - - [13/Dec/2020:21:22:00 -0800] "GET /Security-Data-Analysis/Lab_1/conn.log.zip HTTP/1.1" 200 75920 "http://www.secrepo.com/" "Mozilla/5.0 (compatible; Adsbot/3.1)" 
173.231.59.212 - - [13/Dec/2020:21:22:11 -0800] "GET / HTTP/1.1" 200 12845 "-" "Mozilla/5.0 (compatible; Adsbot/3.1)" 
54.36.149.13 - - [13/Dec/2020:21:22:53 -0800] "GET /self.logs/2015/access.log.2015-06-06.gz HTTP/1.1" 200 3275 "-" "Mozilla/5.0 (compatible; AhrefsBot/7.0; +http://ahrefs.com/robot/)" 
54.36.149.9 - - [13/Dec/2020:21:24:45 -0800] "GET /self.logs/2016/access.log.2016-12-08.gz HTTP/1.1" 200 10732 "-" "Mozilla/5.0 (compatible; AhrefsBot/7.0; +http://ahrefs.com/robot/)" 
162.210.196.100 - - [13/Dec/2020:21:25:18 -0800] "GET /robots.txt HTTP/1.1" 301 495 "-" "Mozilla/5.0 (compatible; MJ12bot/v1.4.8; http://mj12bot.com/)" 
162.210.196.100 - - [13/Dec/2020:21:25:18 -0800] "GET /robots.txt HTTP/1.1" 200 377 "-" "Mozilla/5.0 (compatible; MJ12bot/v1.4.8; http://mj12bot.com/)" 
162.210.196.100 - - [13/Dec/2020:21:25:21 -0800] "GET / HTTP/1.1" 301 419 "-" "Mozilla/5.0 (compatible; MJ12bot/v1.4.8; http://mj12bot.com/)" 
162.210.196.100 - - [13/Dec/2020:21:25:53 -0800] "GET / HTTP/1.1" 200 12838 "-" "Mozilla/5.0 (compatible; MJ12bot/v1.4.8; http://mj12bot.com/)" 
173.231.59.212 - - [13/Dec/2020:21:26:35 -0800] "GET / HTTP/1.1" 301 438 "-" "Mozilla/5.0 (compatible; Adsbot/3.1)" 
173.231.59.212 - - [13/Dec/2020:21:26:50 -0800] "GET /data HTTP/1.1" 404 291 "http://www.secrepo.com/" "Mozilla/5.0 (compatible; Adsbot/3.1)" 
54.36.148.14 - - [13/Dec/2020:21:32:59 -0800] "GET /self.logs/2015/access.log.2015-06-14.gz HTTP/1.1" 200 4400 "-" "Mozilla/5.0 (compatible; AhrefsBot/7.0; +http://ahrefs.com/robot/)" 
75.49.126.250 - - [13/Dec/2020:21:33:39 -0800] "GET / HTTP/1.1" 200 12882 "https://www.reddit.com/" "Mozilla/5.0 (Windows NT 10.0; Win64; x64) AppleWebKit/537.36 (KHTML, like Gecko) Chrome/87.0.4280.88 Safari/537.36" 
75.49.126.250 - - [13/Dec/2020:21:33:39 -0800] "GET /css/style.css HTTP/1.1" 404 305 "http://www.secrepo.com/" "Mozilla/5.0 (Windows NT 10.0; Win64; x64) AppleWebKit/537.36 (KHTML, like Gecko) Chrome/87.0.4280.88 Safari/537.36" 
75.49.126.250 - - [13/Dec/2020:21:33:39 -0800] "GET /twitter-icon.png HTTP/1.1" 200 27916 "http://www.secrepo.com/" "Mozilla/5.0 (Windows NT 10.0; Win64; x64) AppleWebKit/537.36 (KHTML, like Gecko) Chrome/87.0.4280.88 Safari/537.36" 
75.49.126.250 - - [13/Dec/2020:21:33:39 -0800] "GET /GitHub-Mark.png HTTP/1.1" 200 7533 "http://www.secrepo.com/" "Mozilla/5.0 (Windows NT 10.0; Win64; x64) AppleWebKit/537.36 (KHTML, like Gecko) Chrome/87.0.4280.88 Safari/537.36" 
75.49.126.250 - - [13/Dec/2020:21:33:40 -0800] "GET /bootstrap/img/favicon.ico HTTP/1.1" 200 690 "http://www.secrepo.com/" "Mozilla/5.0 (Windows NT 10.0; Win64; x64) AppleWebKit/537.36 (KHTML, like Gecko) Chrome/87.0.4280.88 Safari/537.36" 
54.36.149.77 - - [13/Dec/2020:21:34:52 -0800] "GET /self.logs/2016/error.log.2016-09-21.gz HTTP/1.1" 200 912 "-" "Mozilla/5.0 (compatible; AhrefsBot/7.0; +http://ahrefs.com/robot/)" 
207.46.13.212 - - [13/Dec/2020:21:37:08 -0800] "GET /robots.txt HTTP/1.1" 200 377 "-" "Mozilla/5.0 (compatible; bingbot/2.0; +http://www.bing.com/bingbot.htm)" 
54.36.148.14 - - [13/Dec/2020:21:37:40 -0800] "GET /self.logs/2016/error.log.2016-08-27.gz HTTP/1.1" 200 670 "-" "Mozilla/5.0 (compatible; AhrefsBot/7.0; +http://ahrefs.com/robot/)" 
54.36.148.152 - - [13/Dec/2020:21:38:36 -0800] "GET /self.logs/2015/access.log.2015-04-15.gz HTTP/1.1" 200 20717 "-" "Mozilla/5.0 (compatible; AhrefsBot/7.0; +http://ahrefs.com/robot/)" 
173.231.59.212 - - [13/Dec/2020:21:40:25 -0800] "GET /tg/a.zip HTTP/1.1" 200 70080 "http://www.secrepo.com/" "Mozilla/5.0 (compatible; Adsbot/3.1)" 
173.231.59.212 - - [13/Dec/2020:21:40:34 -0800] "GET /tg/b.zip HTTP/1.1" 200 73000 "http://www.secrepo.com/" "Mozilla/5.0 (compatible; Adsbot/3.1)" 
173.231.59.212 - - [13/Dec/2020:21:40:47 -0800] "GET /tg/c.zip HTTP/1.1" 200 75920 "http://www.secrepo.com/" "Mozilla/5.0 (compatible; Adsbot/3.1)" 
173.231.59.212 - - [13/Dec/2020:21:41:01 -0800] "GET /self.logs/ HTTP/1.1" 200 26400 "http://www.secrepo.com/" "Mozilla/5.0 (compatible; Adsbot/3.1)" 
54.36.149.58 - - [13/Dec/2020:21:41:47 -0800] "GET /self.logs/2016/access.log.2016-12-11.gz HTTP/1.1" 200 14572 "-" "Mozilla/5.0 (compatible; AhrefsBot/7.0; +http://ahrefs.com/robot/)" 
173.231.59.212 - - [13/Dec/2020:21:41:49 -0800] "GET /pe_static/apt1.zip HTTP/1.1" 200 75920 "http://www.secrepo.com/" "Mozilla/5.0 (compatible; Adsbot/3.1)" 
173.231.59.212 - - [13/Dec/2020:21:42:12 -0800] "GET /pe_static/zeus.zip HTTP/1.1" 200 73000 "http://www.secrepo.com/" "Mozilla/5.0 (compatible; Adsbot/3.1)" 
173.231.59.212 - - [13/Dec/2020:21:42:18 -0800] "GET /squid/access.log.gz HTTP/1.1" 200 73000 "http://www.secrepo.com/" "Mozilla/5.0 (compatible; Adsbot/3.1)" 
173.231.59.212 - - [13/Dec/2020:21:42:43 -0800] "GET /tg/tg_snort_fast.7z HTTP/1.1" 200 73000 "http://www.secrepo.com/" "Mozilla/5.0 (compatible; Adsbot/3.1)" 
173.231.59.212 - - [13/Dec/2020:21:43:01 -0800] "GET /tg/tg_snort_full.7z HTTP/1.1" 200 73000 "http://www.secrepo.com/" "Mozilla/5.0 (compatible; Adsbot/3.1)" 
54.36.148.14 - - [13/Dec/2020:21:43:09 -0800] "GET /self.logs/2016/access.log.2016-01-17.gz HTTP/1.1" 200 4408 "-" "Mozilla/5.0 (compatible; AhrefsBot/7.0; +http://ahrefs.com/robot/)" 
173.231.59.212 - - [13/Dec/2020:21:43:14 -0800] "GET /auth.log/auth.log.gz HTTP/1.1" 200 70080 "http://www.secrepo.com/" "Mozilla/5.0 (compatible; Adsbot/3.1)" 
173.231.59.212 - - [13/Dec/2020:21:43:20 -0800] "GET /scada/scada_logs.zip HTTP/1.1" 200 75920 "http://www.secrepo.com/" "Mozilla/5.0 (compatible; Adsbot/3.1)" 
173.231.59.212 - - [13/Dec/2020:21:43:28 -0800] "GET /maccdc2012/dns.log.gz HTTP/1.1" 200 73000 "http://www.secrepo.com/" "Mozilla/5.0 (compatible; Adsbot/3.1)" 
54.36.148.73 - - [13/Dec/2020:21:43:33 -0800] "GET /self.logs/2015/access.log.2015-06-23.gz HTTP/1.1" 200 4594 "-" "Mozilla/5.0 (compatible; AhrefsBot/7.0; +http://ahrefs.com/robot/)" 
173.231.59.212 - - [13/Dec/2020:21:43:36 -0800] "GET /maccdc2012/ftp.log.gz HTTP/1.1" 200 75920 "http://www.secrepo.com/" "Mozilla/5.0 (compatible; Adsbot/3.1)" 
173.231.59.212 - - [13/Dec/2020:21:43:45 -0800] "GET /maccdc2012/ssh.log.gz HTTP/1.1" 200 75920 "http://www.secrepo.com/" "Mozilla/5.0 (compatible; Adsbot/3.1)" 
173.231.59.212 - - [13/Dec/2020:21:43:57 -0800] "GET /maccdc2012/ssl.log.gz HTTP/1.1" 200 73000 "http://www.secrepo.com/" "Mozilla/5.0 (compatible; Adsbot/3.1)" 
173.231.59.212 - - [13/Dec/2020:21:44:03 -0800] "GET /maccdc2012/conn.log.gz HTTP/1.1" 200 75920 "http://www.secrepo.com/" "Mozilla/5.0 (compatible; Adsbot/3.1)" 
173.231.59.212 - - [13/Dec/2020:21:44:13 -0800] "GET /maccdc2012/dhcp.log.gz HTTP/1.1" 200 44940 "http://www.secrepo.com/" "Mozilla/5.0 (compatible; Adsbot/3.1)" 
173.231.59.212 - - [13/Dec/2020:21:44:31 -0800] "GET /maccdc2012/http.log.gz HTTP/1.1" 200 73000 "http://www.secrepo.com/" "Mozilla/5.0 (compatible; Adsbot/3.1)" 
103.120.29.242 - - [13/Dec/2020:21:44:33 -0800] "GET / HTTP/1.1" 200 12882 "-" "Mozilla/5.0 (Windows NT 10.0; Win64; x64) AppleWebKit/537.36 (KHTML, like Gecko) Chrome/87.0.4280.88 Safari/537.36" 
103.120.29.242 - - [13/Dec/2020:21:44:34 -0800] "GET /css/style.css HTTP/1.1" 404 305 "http://www.secrepo.com/" "Mozilla/5.0 (Windows NT 10.0; Win64; x64) AppleWebKit/537.36 (KHTML, like Gecko) Chrome/87.0.4280.88 Safari/537.36" 
103.120.29.242 - - [13/Dec/2020:21:44:34 -0800] "GET /GitHub-Mark.png HTTP/1.1" 200 7556 "http://www.secrepo.com/" "Mozilla/5.0 (Windows NT 10.0; Win64; x64) AppleWebKit/537.36 (KHTML, like Gecko) Chrome/87.0.4280.88 Safari/537.36" 
103.120.29.242 - - [13/Dec/2020:21:44:34 -0800] "GET /twitter-icon.png HTTP/1.1" 200 27916 "http://www.secrepo.com/" "Mozilla/5.0 (Windows NT 10.0; Win64; x64) AppleWebKit/537.36 (KHTML, like Gecko) Chrome/87.0.4280.88 Safari/537.36" 
173.231.59.212 - - [13/Dec/2020:21:44:41 -0800] "GET /maccdc2012/smtp.log.gz HTTP/1.1" 200 6919 "http://www.secrepo.com/" "Mozilla/5.0 (compatible; Adsbot/3.1)" 
173.231.59.212 - - [13/Dec/2020:21:45:01 -0800] "GET /maccdc2012/files.log.gz HTTP/1.1" 200 73000 "http://www.secrepo.com/" "Mozilla/5.0 (compatible; Adsbot/3.1)" 
173.231.59.212 - - [13/Dec/2020:21:45:19 -0800] "GET /maccdc2012/weird.log.gz HTTP/1.1" 200 73000 "http://www.secrepo.com/" "Mozilla/5.0 (compatible; Adsbot/3.1)" 
173.231.59.212 - - [13/Dec/2020:21:45:30 -0800] "GET /maccdc2012/notice.log.gz HTTP/1.1" 200 20760 "http://www.secrepo.com/" "Mozilla/5.0 (compatible; Adsbot/3.1)" 
173.231.59.212 - - [13/Dec/2020:21:45:36 -0800] "GET /maccdc2012/tunnel.log.gz HTTP/1.1" 200 5245 "http://www.secrepo.com/" "Mozilla/5.0 (compatible; Adsbot/3.1)" 
173.231.59.212 - - [13/Dec/2020:21:45:42 -0800] "GET /pe_static/op-cleaver.zip HTTP/1.1" 200 73000 "http://www.secrepo.com/" "Mozilla/5.0 (compatible; Adsbot/3.1)" 
173.231.59.212 - - [13/Dec/2020:21:46:04 -0800] "GET /honeypot/honeypot.json.zip HTTP/1.1" 200 75920 "http://www.secrepo.com/" "Mozilla/5.0 (compatible; Adsbot/3.1)" 
173.231.59.212 - - [13/Dec/2020:21:46:26 -0800] "GET /maccdc2012/signatures.log.gz HTTP/1.1" 200 631 "http://www.secrepo.com/" "Mozilla/5.0 (compatible; Adsbot/3.1)" 
173.231.59.212 - - [13/Dec/2020:21:46:40 -0800] "GET /domaindata/domainmovement.zip HTTP/1.1" 200 70080 "http://www.secrepo.com/" "Mozilla/5.0 (compatible; Adsbot/3.1)" 
173.231.59.212 - - [13/Dec/2020:21:46:55 -0800] "GET /misc/zeus_dga_domains.txt.zip HTTP/1.1" 200 75920 "http://www.secrepo.com/" "Mozilla/5.0 (compatible; Adsbot/3.1)" 
173.231.59.212 - - [13/Dec/2020:21:47:10 -0800] "GET /maccdc2012/maccdc2012_fast_alert.7z HTTP/1.1" 200 75920 "http://www.secrepo.com/" "Mozilla/5.0 (compatible; Adsbot/3.1)" 
173.231.59.212 - - [13/Dec/2020:21:47:15 -0800] "GET /maccdc2012/maccdc2012_full_alert.7z HTTP/1.1" 200 70080 "http://www.secrepo.com/" "Mozilla/5.0 (compatible; Adsbot/3.1)" 
173.231.59.212 - - [13/Dec/2020:21:48:07 -0800] "GET /Security-Data-Analysis/Lab_1/conn.log.zip HTTP/1.1" 200 70080 "http://www.secrepo.com/" "Mozilla/5.0 (compatible; Adsbot/3.1)" 
173.231.59.212 - - [13/Dec/2020:21:48:32 -0800] "GET / HTTP/1.1" 200 12844 "-" "Mozilla/5.0 (compatible; Adsbot/3.1)" 
157.55.39.233 - - [13/Dec/2020:21:49:34 -0800] "GET /self.logs/error.log.2017-09-12.gz HTTP/1.1" 301 541 "-" "Mozilla/5.0 (compatible; bingbot/2.0; +http://www.bing.com/bingbot.htm)" 
54.36.149.58 - - [13/Dec/2020:21:51:35 -0800] "GET /self.logs/2015/access.log.2015-09-15.gz HTTP/1.1" 200 4885 "-" "Mozilla/5.0 (compatible; AhrefsBot/7.0; +http://ahrefs.com/robot/)" 
54.36.149.107 - - [13/Dec/2020:21:53:26 -0800] "GET /self.logs/2016/access.log.2016-08-19.gz HTTP/1.1" 200 11609 "-" "Mozilla/5.0 (compatible; AhrefsBot/7.0; +http://ahrefs.com/robot/)" 
223.104.42.112 - - [13/Dec/2020:22:01:44 -0800] "GET /honeypot/honeypot.json.zip HTTP/1.1" 200 78400 "https://blog.csdn.net/answer3lin/article/details/82966360" "Mozilla/5.0 (Windows NT 10.0; Win64; x64) AppleWebKit/537.36 (KHTML, like Gecko) Chrome/87.0.4280.88 Safari/537.36 Edg/87.0.664.57" 
13.66.139.27 - - [13/Dec/2020:22:02:01 -0800] "GET / HTTP/1.1" 301 475 "-" "Mozilla/5.0 (compatible; bingbot/2.0; +http://www.bing.com/bingbot.htm)" 
54.36.149.58 - - [13/Dec/2020:22:03:03 -0800] "GET /self.logs/2015/error.log.2015-05-26.gz HTTP/1.1" 200 801 "-" "Mozilla/5.0 (compatible; AhrefsBot/7.0; +http://ahrefs.com/robot/)" 
13.66.139.27 - - [13/Dec/2020:22:03:21 -0800] "GET / HTTP/1.1" 200 12882 "-" "Mozilla/5.0 (compatible; bingbot/2.0; +http://www.bing.com/bingbot.htm)" 
223.104.42.112 - - [13/Dec/2020:22:02:34 -0800] "GET /honeypot/honeypot.json.zip HTTP/1.1" 206 522200 "https://blog.csdn.net/answer3lin/article/details/82966360" "Mozilla/5.0 (Windows NT 10.0; Win64; x64) AppleWebKit/537.36 (KHTML, like Gecko) Chrome/67.0.3396.99 Safari/537.36" 
223.104.42.112 - - [13/Dec/2020:22:02:33 -0800] "GET /honeypot/honeypot.json.zip HTTP/1.1" 200 749000 "https://blog.csdn.net/answer3lin/article/details/82966360" "Mozilla/5.0 (Windows NT 10.0; Win64; x64) AppleWebKit/537.36 (KHTML, like Gecko) Chrome/67.0.3396.99 Safari/537.36" 
157.55.39.233 - - [13/Dec/2020:22:05:14 -0800] "GET /self.logs/2016/access.log.2016-07-17.gz HTTP/1.1" 304 280 "-" "Mozilla/5.0 (compatible; bingbot/2.0; +http://www.bing.com/bingbot.htm)" 
223.104.42.112 - - [13/Dec/2020:22:02:34 -0800] "GET /honeypot/honeypot.json.zip HTTP/1.1" 206 1049032 "https://blog.csdn.net/answer3lin/article/details/82966360" "Mozilla/5.0 (Windows NT 10.0; Win64; x64) AppleWebKit/537.36 (KHTML, like Gecko) Chrome/67.0.3396.99 Safari/537.36" 
223.104.42.112 - - [13/Dec/2020:22:02:34 -0800] "GET /honeypot/honeypot.json.zip HTTP/1.1" 206 1049032 "https://blog.csdn.net/answer3lin/article/details/82966360" "Mozilla/5.0 (Windows NT 10.0; Win64; x64) AppleWebKit/537.36 (KHTML, like Gecko) Chrome/67.0.3396.99 Safari/537.36" 
223.104.42.112 - - [13/Dec/2020:22:02:34 -0800] "GET /honeypot/honeypot.json.zip HTTP/1.1" 206 1049032 "https://blog.csdn.net/answer3lin/article/details/82966360" "Mozilla/5.0 (Windows NT 10.0; Win64; x64) AppleWebKit/537.36 (KHTML, like Gecko) Chrome/67.0.3396.99 Safari/537.36" 
223.104.42.112 - - [13/Dec/2020:22:04:10 -0800] "GET /honeypot/honeypot.json.zip HTTP/1.1" 206 595887 "https://blog.csdn.net/answer3lin/article/details/82966360" "Mozilla/5.0 (Windows NT 10.0; Win64; x64) AppleWebKit/537.36 (KHTML, like Gecko) Chrome/67.0.3396.99 Safari/537.36" 
157.55.39.49 - - [13/Dec/2020:22:08:45 -0800] "GET /self.logs/access.log.2018-06-15.gz HTTP/1.1" 301 543 "-" "Mozilla/5.0 (compatible; bingbot/2.0; +http://www.bing.com/bingbot.htm)" 
54.36.148.14 - - [13/Dec/2020:22:09:06 -0800] "GET /self.logs/2015/error.log.2015-11-23.gz HTTP/1.1" 200 620 "-" "Mozilla/5.0 (compatible; AhrefsBot/7.0; +http://ahrefs.com/robot/)" 
223.104.42.112 - - [13/Dec/2020:22:06:42 -0800] "GET /honeypot/honeypot.json.zip HTTP/1.1" 206 1159560 "https://blog.csdn.net/answer3lin/article/details/82966360" "Mozilla/5.0 (Windows NT 10.0; Win64; x64) AppleWebKit/537.36 (KHTML, like Gecko) Chrome/67.0.3396.99 Safari/537.36" 
223.104.42.112 - - [13/Dec/2020:22:10:13 -0800] "GET /honeypot/honeypot.json.zip HTTP/1.1" 206 3685 "https://blog.csdn.net/answer3lin/article/details/82966360" "Mozilla/5.0 (Windows NT 10.0; Win64; x64) AppleWebKit/537.36 (KHTML, like Gecko) Chrome/67.0.3396.99 Safari/537.36" 
81.70.235.160 - - [13/Dec/2020:22:11:34 -0800] "HEAD / HTTP/1.1" 200 396 "http://www.secrepo.com" "Mozilla/5.0 (compatible; MSIE 9.0; Windows NT 6.1; Trident/5.0); 360Spider" 
223.104.42.112 - - [13/Dec/2020:22:05:53 -0800] "GET /honeypot/honeypot.json.zip HTTP/1.1" 206 1869000 "https://blog.csdn.net/answer3lin/article/details/82966360" "Mozilla/5.0 (Windows NT 10.0; Win64; x64) AppleWebKit/537.36 (KHTML, like Gecko) Chrome/67.0.3396.99 Safari/537.36" 
54.36.148.14 - - [13/Dec/2020:22:12:44 -0800] "GET /self.logs/2015/access.log.2015-11-10.gz HTTP/1.1" 200 7617 "-" "Mozilla/5.0 (compatible; AhrefsBot/7.0; +http://ahrefs.com/robot/)" 
223.104.42.112 - - [13/Dec/2020:22:10:14 -0800] "GET /honeypot/honeypot.json.zip HTTP/1.1" 206 1763568 "https://blog.csdn.net/answer3lin/article/details/82966360" "Mozilla/5.0 (Windows NT 10.0; Win64; x64) AppleWebKit/537.36 (KHTML, like Gecko) Chrome/67.0.3396.99 Safari/537.36" 
223.104.42.112 - - [13/Dec/2020:22:05:38 -0800] "GET /honeypot/honeypot.json.zip HTTP/1.1" 206 3102400 "https://blog.csdn.net/answer3lin/article/details/82966360" "Mozilla/5.0 (Windows NT 10.0; Win64; x64) AppleWebKit/537.36 (KHTML, like Gecko) Chrome/67.0.3396.99 Safari/537.36" 
223.104.42.112 - - [13/Dec/2020:22:05:03 -0800] "GET /honeypot/honeypot.json.zip HTTP/1.1" 206 3612000 "https://blog.csdn.net/answer3lin/article/details/82966360" "Mozilla/5.0 (Windows NT 10.0; Win64; x64) AppleWebKit/537.36 (KHTML, like Gecko) Chrome/67.0.3396.99 Safari/537.36" 
54.36.148.14 - - [13/Dec/2020:22:17:14 -0800] "GET /self.logs/2015/access.log.2015-08-21.gz HTTP/1.1" 200 4354 "-" "Mozilla/5.0 (compatible; AhrefsBot/7.0; +http://ahrefs.com/robot/)" 
223.104.42.112 - - [13/Dec/2020:22:06:30 -0800] "GET /honeypot/honeypot.json.zip HTTP/1.1" 206 3168200 "https://blog.csdn.net/answer3lin/article/details/82966360" "Mozilla/5.0 (Windows NT 10.0; Win64; x64) AppleWebKit/537.36 (KHTML, like Gecko) Chrome/67.0.3396.99 Safari/537.36" 
223.104.42.112 - - [13/Dec/2020:22:16:29 -0800] "GET /honeypot/honeypot.json.zip HTTP/1.1" 206 407986 "https://blog.csdn.net/answer3lin/article/details/82966360" "Mozilla/5.0 (Windows NT 10.0; Win64; x64) AppleWebKit/537.36 (KHTML, like Gecko) Chrome/67.0.3396.99 Safari/537.36" 
223.104.42.112 - - [13/Dec/2020:22:11:59 -0800] "GET /honeypot/honeypot.json.zip HTTP/1.1" 206 1547000 "https://blog.csdn.net/answer3lin/article/details/82966360" "Mozilla/5.0 (Windows NT 10.0; Win64; x64) AppleWebKit/537.36 (KHTML, like Gecko) Chrome/67.0.3396.99 Safari/537.36" 
173.231.59.212 - - [13/Dec/2020:22:17:49 -0800] "GET / HTTP/1.1" 301 438 "-" "Mozilla/5.0 (compatible; Adsbot/3.1)" 
157.55.39.218 - - [13/Dec/2020:22:17:58 -0800] "GET /self.logs/error.log.2018-09-12.gz HTTP/1.1" 304 280 "-" "Mozilla/5.0 (compatible; bingbot/2.0; +http://www.bing.com/bingbot.htm)" 
173.231.59.212 - - [13/Dec/2020:22:17:58 -0800] "GET /data HTTP/1.1" 404 291 "http://www.secrepo.com/" "Mozilla/5.0 (compatible; Adsbot/3.1)" 
223.104.42.112 - - [13/Dec/2020:22:16:26 -0800] "GET /honeypot/honeypot.json.zip HTTP/1.1" 206 562164 "https://blog.csdn.net/answer3lin/article/details/82966360" "Mozilla/5.0 (Windows NT 10.0; Win64; x64) AppleWebKit/537.36 (KHTML, like Gecko) Chrome/67.0.3396.99 Safari/537.36" 
173.231.59.212 - - [13/Dec/2020:22:18:04 -0800] "GET /tg/a.zip HTTP/1.1" 200 75920 "http://www.secrepo.com/" "Mozilla/5.0 (compatible; Adsbot/3.1)" 
173.231.59.212 - - [13/Dec/2020:22:18:11 -0800] "GET /tg/b.zip HTTP/1.1" 200 73000 "http://www.secrepo.com/" "Mozilla/5.0 (compatible; Adsbot/3.1)" 
223.104.42.112 - - [13/Dec/2020:22:17:52 -0800] "GET /honeypot/honeypot.json.zip HTTP/1.1" 206 193884 "https://blog.csdn.net/answer3lin/article/details/82966360" "Mozilla/5.0 (Windows NT 10.0; Win64; x64) AppleWebKit/537.36 (KHTML, like Gecko) Chrome/67.0.3396.99 Safari/537.36" 
223.104.42.112 - - [13/Dec/2020:22:18:14 -0800] "GET /honeypot/honeypot.json.zip HTTP/1.1" 206 51122 "https://blog.csdn.net/answer3lin/article/details/82966360" "Mozilla/5.0 (Windows NT 10.0; Win64; x64) AppleWebKit/537.36 (KHTML, like Gecko) Chrome/67.0.3396.99 Safari/537.36" 
223.104.42.112 - - [13/Dec/2020:22:17:45 -0800] "GET /honeypot/honeypot.json.zip HTTP/1.1" 206 212375 "https://blog.csdn.net/answer3lin/article/details/82966360" "Mozilla/5.0 (Windows NT 10.0; Win64; x64) AppleWebKit/537.36 (KHTML, like Gecko) Chrome/67.0.3396.99 Safari/537.36" 
173.231.59.212 - - [13/Dec/2020:22:18:16 -0800] "GET /tg/c.zip HTTP/1.1" 200 70080 "http://www.secrepo.com/" "Mozilla/5.0 (compatible; Adsbot/3.1)" 
223.104.42.112 - - [13/Dec/2020:22:17:20 -0800] "GET /honeypot/honeypot.json.zip HTTP/1.1" 206 315153 "https://blog.csdn.net/answer3lin/article/details/82966360" "Mozilla/5.0 (Windows NT 10.0; Win64; x64) AppleWebKit/537.36 (KHTML, like Gecko) Chrome/67.0.3396.99 Safari/537.36" 
223.104.42.112 - - [13/Dec/2020:22:18:23 -0800] "GET /honeypot/honeypot.json.zip HTTP/1.1" 206 39704 "https://blog.csdn.net/answer3lin/article/details/82966360" "Mozilla/5.0 (Windows NT 10.0; Win64; x64) AppleWebKit/537.36 (KHTML, like Gecko) Chrome/67.0.3396.99 Safari/537.36" 
173.231.59.212 - - [13/Dec/2020:22:18:23 -0800] "GET /self.logs/ HTTP/1.1" 200 26400 "http://www.secrepo.com/" "Mozilla/5.0 (compatible; Adsbot/3.1)" 
223.104.42.112 - - [13/Dec/2020:22:18:25 -0800] "GET /honeypot/honeypot.json.zip HTTP/1.1" 206 31049 "https://blog.csdn.net/answer3lin/article/details/82966360" "Mozilla/5.0 (Windows NT 10.0; Win64; x64) AppleWebKit/537.36 (KHTML, like Gecko) Chrome/67.0.3396.99 Safari/537.36" 
223.104.42.112 - - [13/Dec/2020:22:18:26 -0800] "GET /honeypot/honeypot.json.zip HTTP/1.1" 206 14050 "https://blog.csdn.net/answer3lin/article/details/82966360" "Mozilla/5.0 (Windows NT 10.0; Win64; x64) AppleWebKit/537.36 (KHTML, like Gecko) Chrome/67.0.3396.99 Safari/537.36" 
223.104.42.112 - - [13/Dec/2020:22:18:28 -0800] "GET /honeypot/honeypot.json.zip HTTP/1.1" 206 21496 "https://blog.csdn.net/answer3lin/article/details/82966360" "Mozilla/5.0 (Windows NT 10.0; Win64; x64) AppleWebKit/537.36 (KHTML, like Gecko) Chrome/67.0.3396.99 Safari/537.36" 
223.104.42.112 - - [13/Dec/2020:22:16:46 -0800] "GET /honeypot/honeypot.json.zip HTTP/1.1" 206 596293 "https://blog.csdn.net/answer3lin/article/details/82966360" "Mozilla/5.0 (Windows NT 10.0; Win64; x64) AppleWebKit/537.36 (KHTML, like Gecko) Chrome/67.0.3396.99 Safari/537.36" 
223.104.42.112 - - [13/Dec/2020:22:18:30 -0800] "GET /honeypot/honeypot.json.zip HTTP/1.1" 206 3902 "https://blog.csdn.net/answer3lin/article/details/82966360" "Mozilla/5.0 (Windows NT 10.0; Win64; x64) AppleWebKit/537.36 (KHTML, like Gecko) Chrome/67.0.3396.99 Safari/537.36" 
173.231.59.212 - - [13/Dec/2020:22:18:31 -0800] "GET /pe_static/apt1.zip HTTP/1.1" 200 75920 "http://www.secrepo.com/" "Mozilla/5.0 (compatible; Adsbot/3.1)" 
173.231.59.212 - - [13/Dec/2020:22:18:40 -0800] "GET /pe_static/zeus.zip HTTP/1.1" 200 75920 "http://www.secrepo.com/" "Mozilla/5.0 (compatible; Adsbot/3.1)" 
173.231.59.212 - - [13/Dec/2020:22:18:49 -0800] "GET /squid/access.log.gz HTTP/1.1" 200 73000 "http://www.secrepo.com/" "Mozilla/5.0 (compatible; Adsbot/3.1)" 
173.231.59.212 - - [13/Dec/2020:22:18:55 -0800] "GET /tg/tg_snort_fast.7z HTTP/1.1" 200 75920 "http://www.secrepo.com/" "Mozilla/5.0 (compatible; Adsbot/3.1)" 
173.231.59.212 - - [13/Dec/2020:22:19:01 -0800] "GET /tg/tg_snort_full.7z HTTP/1.1" 200 75920 "http://www.secrepo.com/" "Mozilla/5.0 (compatible; Adsbot/3.1)" 
54.36.149.58 - - [13/Dec/2020:22:19:09 -0800] "GET /self.logs/2015/error.log.2015-05-30.gz HTTP/1.1" 200 609 "-" "Mozilla/5.0 (compatible; AhrefsBot/7.0; +http://ahrefs.com/robot/)" 
173.231.59.212 - - [13/Dec/2020:22:19:10 -0800] "GET /auth.log/auth.log.gz HTTP/1.1" 200 73000 "http://www.secrepo.com/" "Mozilla/5.0 (compatible; Adsbot/3.1)" 
173.231.59.212 - - [13/Dec/2020:22:19:18 -0800] "GET /scada/scada_logs.zip HTTP/1.1" 200 75920 "http://www.secrepo.com/" "Mozilla/5.0 (compatible; Adsbot/3.1)" 
173.231.59.212 - - [13/Dec/2020:22:19:42 -0800] "GET /maccdc2012/dns.log.gz HTTP/1.1" 200 70080 "http://www.secrepo.com/" "Mozilla/5.0 (compatible; Adsbot/3.1)" 
173.231.59.212 - - [13/Dec/2020:22:20:44 -0800] "GET /maccdc2012/ftp.log.gz HTTP/1.1" 200 70080 "http://www.secrepo.com/" "Mozilla/5.0 (compatible; Adsbot/3.1)" 
173.231.59.212 - - [13/Dec/2020:22:20:55 -0800] "GET /maccdc2012/ssh.log.gz HTTP/1.1" 200 70080 "http://www.secrepo.com/" "Mozilla/5.0 (compatible; Adsbot/3.1)" 
173.231.59.212 - - [13/Dec/2020:22:21:00 -0800] "GET /maccdc2012/ssl.log.gz HTTP/1.1" 200 70080 "http://www.secrepo.com/" "Mozilla/5.0 (compatible; Adsbot/3.1)" 
173.231.59.212 - - [13/Dec/2020:22:21:09 -0800] "GET /maccdc2012/conn.log.gz HTTP/1.1" 200 75920 "http://www.secrepo.com/" "Mozilla/5.0 (compatible; Adsbot/3.1)" 
54.36.148.14 - - [13/Dec/2020:22:21:16 -0800] "GET /self.logs/2015/error.log.2015-11-26.gz HTTP/1.1" 200 662 "-" "Mozilla/5.0 (compatible; AhrefsBot/7.0; +http://ahrefs.com/robot/)" 
173.231.59.212 - - [13/Dec/2020:22:21:24 -0800] "GET /maccdc2012/dhcp.log.gz HTTP/1.1" 200 44940 "http://www.secrepo.com/" "Mozilla/5.0 (compatible; Adsbot/3.1)" 
173.231.59.212 - - [13/Dec/2020:22:21:30 -0800] "GET /maccdc2012/http.log.gz HTTP/1.1" 200 70080 "http://www.secrepo.com/" "Mozilla/5.0 (compatible; Adsbot/3.1)" 
173.231.59.212 - - [13/Dec/2020:22:21:38 -0800] "GET /maccdc2012/smtp.log.gz HTTP/1.1" 200 6919 "http://www.secrepo.com/" "Mozilla/5.0 (compatible; Adsbot/3.1)" 
173.231.59.212 - - [13/Dec/2020:22:21:43 -0800] "GET /maccdc2012/files.log.gz HTTP/1.1" 200 75920 "http://www.secrepo.com/" "Mozilla/5.0 (compatible; Adsbot/3.1)" 
173.231.59.212 - - [13/Dec/2020:22:21:51 -0800] "GET /maccdc2012/weird.log.gz HTTP/1.1" 200 70080 "http://www.secrepo.com/" "Mozilla/5.0 (compatible; Adsbot/3.1)" 
173.231.59.212 - - [13/Dec/2020:22:21:56 -0800] "GET /maccdc2012/notice.log.gz HTTP/1.1" 200 20760 "http://www.secrepo.com/" "Mozilla/5.0 (compatible; Adsbot/3.1)" 
173.231.59.212 - - [13/Dec/2020:22:22:05 -0800] "GET /maccdc2012/tunnel.log.gz HTTP/1.1" 200 5245 "http://www.secrepo.com/" "Mozilla/5.0 (compatible; Adsbot/3.1)" 
54.36.149.58 - - [13/Dec/2020:22:22:06 -0800] "GET /self.logs/2016/access.log.2016-09-16.gz HTTP/1.1" 200 7883 "-" "Mozilla/5.0 (compatible; AhrefsBot/7.0; +http://ahrefs.com/robot/)" 
173.231.59.212 - - [13/Dec/2020:22:22:15 -0800] "GET /pe_static/op-cleaver.zip HTTP/1.1" 200 73000 "http://www.secrepo.com/" "Mozilla/5.0 (compatible; Adsbot/3.1)" 
173.231.59.212 - - [13/Dec/2020:22:22:21 -0800] "GET /honeypot/honeypot.json.zip HTTP/1.1" 200 75920 "http://www.secrepo.com/" "Mozilla/5.0 (compatible; Adsbot/3.1)" 
173.231.59.212 - - [13/Dec/2020:22:22:29 -0800] "GET /maccdc2012/signatures.log.gz HTTP/1.1" 200 631 "http://www.secrepo.com/" "Mozilla/5.0 (compatible; Adsbot/3.1)" 
173.231.59.212 - - [13/Dec/2020:22:22:42 -0800] "GET /domaindata/domainmovement.zip HTTP/1.1" 200 75920 "http://www.secrepo.com/" "Mozilla/5.0 (compatible; Adsbot/3.1)" 
173.231.59.212 - - [13/Dec/2020:22:23:02 -0800] "GET /misc/zeus_dga_domains.txt.zip HTTP/1.1" 200 70080 "http://www.secrepo.com/" "Mozilla/5.0 (compatible; Adsbot/3.1)" 
173.231.59.212 - - [13/Dec/2020:22:23:10 -0800] "GET /maccdc2012/maccdc2012_fast_alert.7z HTTP/1.1" 200 70080 "http://www.secrepo.com/" "Mozilla/5.0 (compatible; Adsbot/3.1)" 
173.231.59.212 - - [13/Dec/2020:22:23:18 -0800] "GET /maccdc2012/maccdc2012_full_alert.7z HTTP/1.1" 200 73000 "http://www.secrepo.com/" "Mozilla/5.0 (compatible; Adsbot/3.1)" 
173.231.59.212 - - [13/Dec/2020:22:23:27 -0800] "GET /Security-Data-Analysis/Lab_1/conn.log.zip HTTP/1.1" 200 75920 "http://www.secrepo.com/" "Mozilla/5.0 (compatible; Adsbot/3.1)" 
173.231.59.212 - - [13/Dec/2020:22:23:35 -0800] "GET / HTTP/1.1" 200 12845 "-" "Mozilla/5.0 (compatible; Adsbot/3.1)" 
54.36.149.58 - - [13/Dec/2020:22:24:46 -0800] "GET /self.logs/2015/access.log.2015-07-24.gz HTTP/1.1" 200 4157 "-" "Mozilla/5.0 (compatible; AhrefsBot/7.0; +http://ahrefs.com/robot/)" 
54.36.149.58 - - [13/Dec/2020:22:26:03 -0800] "GET /self.logs/2016/access.log.2016-06-15.gz HTTP/1.1" 200 11007 "-" "Mozilla/5.0 (compatible; AhrefsBot/7.0; +http://ahrefs.com/robot/)" 
54.36.148.247 - - [13/Dec/2020:22:34:44 -0800] "GET /self.logs/2016/access.log.2016-06-03.gz HTTP/1.1" 200 11582 "-" "Mozilla/5.0 (compatible; AhrefsBot/7.0; +http://ahrefs.com/robot/)" 
157.55.39.233 - - [13/Dec/2020:22:37:37 -0800] "GET /self.logs/2016/access.log.2016-07-04.gz HTTP/1.1" 301 553 "-" "Mozilla/5.0 (compatible; bingbot/2.0; +http://www.bing.com/bingbot.htm)" 
54.36.148.14 - - [13/Dec/2020:22:40:18 -0800] "GET /self.logs/2016/access.log.2016-02-06.gz HTTP/1.1" 200 5783 "-" "Mozilla/5.0 (compatible; AhrefsBot/7.0; +http://ahrefs.com/robot/)" 
17.58.96.143 - - [13/Dec/2020:22:43:49 -0800] "GET /self.logs/error.log.2020-03-05 HTTP/1.1" 200 307 "-" "Mozilla/5.0 (Macintosh; Intel Mac OS X 10_15_5) AppleWebKit/605.1.15 (KHTML, like Gecko) Version/13.1.1 Safari/605.1.15 (Applebot/0.1; +http://www.apple.com/go/applebot)" 
173.231.59.212 - - [13/Dec/2020:22:50:50 -0800] "GET / HTTP/1.1" 301 438 "-" "Mozilla/5.0 (compatible; Adsbot/3.1)" 
173.231.59.212 - - [13/Dec/2020:22:51:01 -0800] "GET /data HTTP/1.1" 404 291 "http://www.secrepo.com/" "Mozilla/5.0 (compatible; Adsbot/3.1)" 
173.231.59.212 - - [13/Dec/2020:22:51:11 -0800] "GET /tg/a.zip HTTP/1.1" 200 75920 "http://www.secrepo.com/" "Mozilla/5.0 (compatible; Adsbot/3.1)" 
173.231.59.212 - - [13/Dec/2020:22:51:39 -0800] "GET /tg/b.zip HTTP/1.1" 200 73000 "http://www.secrepo.com/" "Mozilla/5.0 (compatible; Adsbot/3.1)" 
173.231.59.212 - - [13/Dec/2020:22:52:12 -0800] "GET /tg/c.zip HTTP/1.1" 200 75920 "http://www.secrepo.com/" "Mozilla/5.0 (compatible; Adsbot/3.1)" 
173.231.59.212 - - [13/Dec/2020:22:52:18 -0800] "GET /self.logs/ HTTP/1.1" 200 26400 "http://www.secrepo.com/" "Mozilla/5.0 (compatible; Adsbot/3.1)" 
173.231.59.212 - - [13/Dec/2020:22:52:28 -0800] "GET /pe_static/apt1.zip HTTP/1.1" 200 75920 "http://www.secrepo.com/" "Mozilla/5.0 (compatible; Adsbot/3.1)" 
173.231.59.212 - - [13/Dec/2020:22:52:46 -0800] "GET /pe_static/zeus.zip HTTP/1.1" 200 70080 "http://www.secrepo.com/" "Mozilla/5.0 (compatible; Adsbot/3.1)" 
207.46.13.212 - - [13/Dec/2020:22:52:47 -0800] "GET /robots.txt HTTP/1.1" 200 377 "-" "Mozilla/5.0 (compatible; bingbot/2.0; +http://www.bing.com/bingbot.htm)" 
173.231.59.212 - - [13/Dec/2020:22:53:20 -0800] "GET /squid/access.log.gz HTTP/1.1" 200 73000 "http://www.secrepo.com/" "Mozilla/5.0 (compatible; Adsbot/3.1)" 
173.231.59.212 - - [13/Dec/2020:22:53:32 -0800] "GET /tg/tg_snort_fast.7z HTTP/1.1" 200 73000 "http://www.secrepo.com/" "Mozilla/5.0 (compatible; Adsbot/3.1)" 
173.231.59.212 - - [13/Dec/2020:22:53:40 -0800] "GET /tg/tg_snort_full.7z HTTP/1.1" 200 75920 "http://www.secrepo.com/" "Mozilla/5.0 (compatible; Adsbot/3.1)" 
173.231.59.212 - - [13/Dec/2020:22:53:45 -0800] "GET /auth.log/auth.log.gz HTTP/1.1" 200 75920 "http://www.secrepo.com/" "Mozilla/5.0 (compatible; Adsbot/3.1)" 
173.231.59.212 - - [13/Dec/2020:22:53:56 -0800] "GET /scada/scada_logs.zip HTTP/1.1" 200 73000 "http://www.secrepo.com/" "Mozilla/5.0 (compatible; Adsbot/3.1)" 
40.88.21.235 - - [13/Dec/2020:22:53:57 -0800] "GET / HTTP/1.1" 200 12881 "http://www.secrepo.com/" "Mozilla/5.0 (compatible; DuckDuckGo-Favicons-Bot/1.0; +http://duckduckgo.com)" 
40.88.21.235 - - [13/Dec/2020:22:53:57 -0800] "GET /bootstrap/img/favicon.ico HTTP/1.1" 200 690 "http://www.secrepo.com/bootstrap/img/favicon.ico" "Mozilla/5.0 (compatible; DuckDuckGo-Favicons-Bot/1.0; +http://duckduckgo.com)" 
173.231.59.212 - - [13/Dec/2020:22:54:29 -0800] "GET /maccdc2012/dns.log.gz HTTP/1.1" 200 70080 "http://www.secrepo.com/" "Mozilla/5.0 (compatible; Adsbot/3.1)" 
173.231.59.212 - - [13/Dec/2020:22:54:43 -0800] "GET /maccdc2012/ftp.log.gz HTTP/1.1" 200 75920 "http://www.secrepo.com/" "Mozilla/5.0 (compatible; Adsbot/3.1)" 
173.231.59.212 - - [13/Dec/2020:22:55:14 -0800] "GET /maccdc2012/ssh.log.gz HTTP/1.1" 200 70080 "http://www.secrepo.com/" "Mozilla/5.0 (compatible; Adsbot/3.1)" 
173.231.59.212 - - [13/Dec/2020:22:55:24 -0800] "GET /maccdc2012/ssl.log.gz HTTP/1.1" 200 75920 "http://www.secrepo.com/" "Mozilla/5.0 (compatible; Adsbot/3.1)" 
173.231.59.212 - - [13/Dec/2020:22:55:40 -0800] "GET /maccdc2012/conn.log.gz HTTP/1.1" 200 75920 "http://www.secrepo.com/" "Mozilla/5.0 (compatible; Adsbot/3.1)" 
173.231.59.212 - - [13/Dec/2020:22:55:50 -0800] "GET /maccdc2012/dhcp.log.gz HTTP/1.1" 200 44940 "http://www.secrepo.com/" "Mozilla/5.0 (compatible; Adsbot/3.1)" 
173.231.59.212 - - [13/Dec/2020:22:56:04 -0800] "GET /maccdc2012/http.log.gz HTTP/1.1" 200 73000 "http://www.secrepo.com/" "Mozilla/5.0 (compatible; Adsbot/3.1)" 
173.231.59.212 - - [13/Dec/2020:22:56:09 -0800] "GET /maccdc2012/smtp.log.gz HTTP/1.1" 200 6919 "http://www.secrepo.com/" "Mozilla/5.0 (compatible; Adsbot/3.1)" 
173.231.59.212 - - [13/Dec/2020:22:56:18 -0800] "GET /maccdc2012/files.log.gz HTTP/1.1" 200 75920 "http://www.secrepo.com/" "Mozilla/5.0 (compatible; Adsbot/3.1)" 
173.231.59.212 - - [13/Dec/2020:22:56:25 -0800] "GET /maccdc2012/weird.log.gz HTTP/1.1" 200 73000 "http://www.secrepo.com/" "Mozilla/5.0 (compatible; Adsbot/3.1)" 
173.231.59.212 - - [13/Dec/2020:22:56:37 -0800] "GET /maccdc2012/notice.log.gz HTTP/1.1" 200 20760 "http://www.secrepo.com/" "Mozilla/5.0 (compatible; Adsbot/3.1)" 
173.231.59.212 - - [13/Dec/2020:22:56:43 -0800] "GET /maccdc2012/tunnel.log.gz HTTP/1.1" 200 5245 "http://www.secrepo.com/" "Mozilla/5.0 (compatible; Adsbot/3.1)" 
173.231.59.212 - - [13/Dec/2020:22:56:53 -0800] "GET /pe_static/op-cleaver.zip HTTP/1.1" 200 75920 "http://www.secrepo.com/" "Mozilla/5.0 (compatible; Adsbot/3.1)" 
35.164.184.147 - - [13/Dec/2020:22:57:00 -0800] "GET / HTTP/1.1" 301 438 "-" "Mozilla/5.0 (Macintosh; Intel Mac OS X 10_10_5) AppleWebKit/537.36 (KHTML, like Gecko) Chrome/52.0.2743.116 Safari/537.36" 
173.231.59.212 - - [13/Dec/2020:22:57:04 -0800] "GET /honeypot/honeypot.json.zip HTTP/1.1" 200 70080 "http://www.secrepo.com/" "Mozilla/5.0 (compatible; Adsbot/3.1)" 
173.231.59.212 - - [13/Dec/2020:22:57:14 -0800] "GET /maccdc2012/signatures.log.gz HTTP/1.1" 200 631 "http://www.secrepo.com/" "Mozilla/5.0 (compatible; Adsbot/3.1)" 
173.231.59.212 - - [13/Dec/2020:22:57:23 -0800] "GET /domaindata/domainmovement.zip HTTP/1.1" 200 75920 "http://www.secrepo.com/" "Mozilla/5.0 (compatible; Adsbot/3.1)" 
173.231.59.212 - - [13/Dec/2020:22:57:41 -0800] "GET /misc/zeus_dga_domains.txt.zip HTTP/1.1" 200 73000 "http://www.secrepo.com/" "Mozilla/5.0 (compatible; Adsbot/3.1)" 
173.231.59.212 - - [13/Dec/2020:22:57:50 -0800] "GET /maccdc2012/maccdc2012_fast_alert.7z HTTP/1.1" 200 75920 "http://www.secrepo.com/" "Mozilla/5.0 (compatible; Adsbot/3.1)" 
35.164.184.147 - - [13/Dec/2020:22:57:52 -0800] "GET / HTTP/1.1" 200 48027 "-" "Mozilla/5.0 (Macintosh; Intel Mac OS X 10_10_5) AppleWebKit/537.36 (KHTML, like Gecko) Chrome/52.0.2743.116 Safari/537.36" 
35.164.184.147 - - [13/Dec/2020:22:57:52 -0800] "GET / HTTP/1.1" 200 48027 "-" "Mozilla/5.0 (Macintosh; Intel Mac OS X 10_10_5) AppleWebKit/537.36 (KHTML, like Gecko) Chrome/52.0.2743.116 Safari/537.36" 
173.231.59.212 - - [13/Dec/2020:22:57:58 -0800] "GET /maccdc2012/maccdc2012_full_alert.7z HTTP/1.1" 200 75920 "http://www.secrepo.com/" "Mozilla/5.0 (compatible; Adsbot/3.1)" 
173.231.59.212 - - [13/Dec/2020:22:58:06 -0800] "GET /Security-Data-Analysis/Lab_1/conn.log.zip HTTP/1.1" 200 70080 "http://www.secrepo.com/" "Mozilla/5.0 (compatible; Adsbot/3.1)" 
173.231.59.212 - - [13/Dec/2020:22:58:16 -0800] "GET / HTTP/1.1" 200 12844 "-" "Mozilla/5.0 (compatible; Adsbot/3.1)" 
52.254.20.222 - - [13/Dec/2020:23:04:27 -0800] "GET / HTTP/1.1" 200 12838 "-" "awesome_bot" 
93.144.8.241 - - [13/Dec/2020:23:04:48 -0800] "GET / HTTP/1.1" 200 12882 "-" "Mozilla/5.0 (X11; Linux x86_64; rv:83.0) Gecko/20100101 Firefox/83.0" 
93.144.8.241 - - [13/Dec/2020:23:04:48 -0800] "GET /css/style.css HTTP/1.1" 404 305 "http://www.secrepo.com/" "Mozilla/5.0 (X11; Linux x86_64; rv:83.0) Gecko/20100101 Firefox/83.0" 
93.144.8.241 - - [13/Dec/2020:23:04:48 -0800] "GET /twitter-icon.png HTTP/1.1" 200 27893 "http://www.secrepo.com/" "Mozilla/5.0 (X11; Linux x86_64; rv:83.0) Gecko/20100101 Firefox/83.0" 
93.144.8.241 - - [13/Dec/2020:23:04:48 -0800] "GET /GitHub-Mark.png HTTP/1.1" 200 7556 "http://www.secrepo.com/" "Mozilla/5.0 (X11; Linux x86_64; rv:83.0) Gecko/20100101 Firefox/83.0" 
