54.36.148.133 - - [24/Jul/2021:02:12:26 -0700] "GET /self.logs/access.log.2019-11-12.gz HTTP/1.1" 200 15697 "-" "Mozilla/5.0 (compatible; AhrefsBot/7.0; +http://ahrefs.com/robot/)" 
54.36.148.173 - - [24/Jul/2021:02:13:48 -0700] "GET /self.logs/error.log.2019-10-07 HTTP/1.1" 200 307 "-" "Mozilla/5.0 (compatible; AhrefsBot/7.0; +http://ahrefs.com/robot/)" 
216.244.66.245 - - [24/Jul/2021:02:15:01 -0700] "GET /self.logs/access.log.2020-08-11.gz HTTP/1.1" 200 11357 "-" "Mozilla/5.0 (compatible; DotBot/1.2; +https://opensiteexplorer.org/dotbot; help@moz.com)" 
91.55.250.236 - - [24/Jul/2021:02:15:06 -0700] "GET /Datasets%20Description/PE_malware/VirusShare.html HTTP/1.1" 200 1651 "-" "Mozilla/5.0 (Windows NT 6.1; Win64; x64) AppleWebKit/537.36 (KHTML, like Gecko) Chrome/91.0.4472.124 Safari/537.36 Edg/91.0.864.70" 
216.244.66.245 - - [24/Jul/2021:02:15:06 -0700] "GET /self.logs/access.log.2020-12-02.gz HTTP/1.1" 200 12210 "-" "Mozilla/5.0 (compatible; DotBot/1.2; +https://opensiteexplorer.org/dotbot; help@moz.com)" 
91.55.250.236 - - [24/Jul/2021:02:15:06 -0700] "GET /favicon.ico HTTP/1.1" 200 368 "http://www.secrepo.com/Datasets%20Description/PE_malware/VirusShare.html" "Mozilla/5.0 (Windows NT 6.1; Win64; x64) AppleWebKit/537.36 (KHTML, like Gecko) Chrome/91.0.4472.124 Safari/537.36 Edg/91.0.864.70" 
216.244.66.245 - - [24/Jul/2021:02:15:10 -0700] "GET /self.logs/access.log.2021-05-15.gz HTTP/1.1" 200 21875 "-" "Mozilla/5.0 (compatible; DotBot/1.2; +https://opensiteexplorer.org/dotbot; help@moz.com)" 
106.38.241.178 - - [24/Jul/2021:02:15:30 -0700] "GET / HTTP/1.1" 200 12846 "-" "Sogou web spider/4.0(+http://www.sogou.com/docs/help/webmasters.htm#07)" 
91.55.250.236 - - [24/Jul/2021:02:16:41 -0700] "GET / HTTP/1.1" 200 12883 "http://www.secrepo.com/Datasets%20Description/PE_malware/VirusShare.html" "Mozilla/5.0 (Windows NT 6.1; Win64; x64) AppleWebKit/537.36 (KHTML, like Gecko) Chrome/91.0.4472.124 Safari/537.36 Edg/91.0.864.70" 
91.55.250.236 - - [24/Jul/2021:02:16:41 -0700] "GET /css/style.css HTTP/1.1" 404 305 "http://www.secrepo.com/" "Mozilla/5.0 (Windows NT 6.1; Win64; x64) AppleWebKit/537.36 (KHTML, like Gecko) Chrome/91.0.4472.124 Safari/537.36 Edg/91.0.864.70" 
91.55.250.236 - - [24/Jul/2021:02:16:41 -0700] "GET /twitter-icon.png HTTP/1.1" 200 27916 "http://www.secrepo.com/" "Mozilla/5.0 (Windows NT 6.1; Win64; x64) AppleWebKit/537.36 (KHTML, like Gecko) Chrome/91.0.4472.124 Safari/537.36 Edg/91.0.864.70" 
91.55.250.236 - - [24/Jul/2021:02:16:41 -0700] "GET /GitHub-Mark.png HTTP/1.1" 200 7533 "http://www.secrepo.com/" "Mozilla/5.0 (Windows NT 6.1; Win64; x64) AppleWebKit/537.36 (KHTML, like Gecko) Chrome/91.0.4472.124 Safari/537.36 Edg/91.0.864.70" 
91.55.250.236 - - [24/Jul/2021:02:16:42 -0700] "GET /bootstrap/img/favicon.ico HTTP/1.1" 200 690 "http://www.secrepo.com/" "Mozilla/5.0 (Windows NT 6.1; Win64; x64) AppleWebKit/537.36 (KHTML, like Gecko) Chrome/91.0.4472.124 Safari/537.36 Edg/91.0.864.70" 
91.55.250.236 - - [24/Jul/2021:02:18:15 -0700] "GET /css/style.css HTTP/1.1" 404 328 "http://www.secrepo.com/" "Mozilla/5.0 (Windows NT 6.1; Win64; x64) AppleWebKit/537.36 (KHTML, like Gecko) Chrome/91.0.4472.124 Safari/537.36 Edg/91.0.864.70" 
91.55.250.236 - - [24/Jul/2021:02:18:39 -0700] "GET /pe_static/zeus.zip HTTP/1.1" 200 51367222 "http://www.secrepo.com/" "Mozilla/5.0 (Windows NT 6.1; Win64; x64) AppleWebKit/537.36 (KHTML, like Gecko) Chrome/91.0.4472.124 Safari/537.36 Edg/91.0.864.70" 
54.36.148.140 - - [24/Jul/2021:02:22:43 -0700] "GET /self.logs/access.log.2018-09-14.gz HTTP/1.1" 200 28649 "-" "Mozilla/5.0 (compatible; AhrefsBot/7.0; +http://ahrefs.com/robot/)" 
54.36.148.85 - - [24/Jul/2021:02:24:26 -0700] "GET /self.logs/access.log.2018-08-07.gz HTTP/1.1" 200 31144 "-" "Mozilla/5.0 (compatible; AhrefsBot/7.0; +http://ahrefs.com/robot/)" 
118.184.177.112 - - [24/Jul/2021:02:25:05 -0700] "GET / HTTP/1.1" 200 12846 "-" "Sogou web spider/4.0(+http://www.sogou.com/docs/help/webmasters.htm#07)" 
112.5.37.219 - - [24/Jul/2021:02:27:18 -0700] "GET /data/admin/allowurl.txt HTTP/1.1" 404 328 "-" "Mozilla/5.0 (Windows NT 10.0; WOW64; rv:48.0) Gecko/20100101 Firefox/48.0" 
54.36.148.224 - - [24/Jul/2021:02:27:31 -0700] "GET /self.logs/access.log.2017-04-23.gz HTTP/1.1" 200 14830 "-" "Mozilla/5.0 (compatible; AhrefsBot/7.0; +http://ahrefs.com/robot/)" 
106.38.241.178 - - [24/Jul/2021:02:28:16 -0700] "GET / HTTP/1.1" 200 12846 "-" "Sogou web spider/4.0(+http://www.sogou.com/docs/help/webmasters.htm#07)" 
54.36.149.53 - - [24/Jul/2021:02:32:10 -0700] "GET /self.logs/error.log.2017-03-11.gz HTTP/1.1" 200 749 "-" "Mozilla/5.0 (compatible; AhrefsBot/7.0; +http://ahrefs.com/robot/)" 
59.35.179.156 - - [24/Jul/2021:02:37:05 -0700] "GET /honeypot/Honeypot%20-%20Howto%20-%20BSides%20Austin.pdf HTTP/1.1" 200 2305440 "-" "Mozilla/4.0 (compatible; MSIE 6.0; Windows NT 5.1)" 
54.36.148.213 - - [24/Jul/2021:02:38:36 -0700] "GET /self.logs/error.log.2019-12-12.gz HTTP/1.1" 200 824 "-" "Mozilla/5.0 (compatible; AhrefsBot/7.0; +http://ahrefs.com/robot/)" 
5.188.210.8 - - [24/Jul/2021:02:39:50 -0700] "GET / HTTP/1.0" 200 48027 "http://www.secrepo.com/" "Mozilla/5.0 (Windows NT 6.3; ) AppleWebKit/537.36 (KHTML, like Gecko) Chrome/83.0.4103.61 Safari/537.36" 
216.244.66.245 - - [24/Jul/2021:02:40:48 -0700] "GET /robots.txt HTTP/1.1" 200 333 "-" "Mozilla/5.0 (compatible; DotBot/1.2; +https://opensiteexplorer.org/dotbot; help@moz.com)" 
106.38.241.178 - - [24/Jul/2021:02:41:40 -0700] "GET / HTTP/1.1" 200 12846 "-" "Sogou web spider/4.0(+http://www.sogou.com/docs/help/webmasters.htm#07)" 
54.36.149.58 - - [24/Jul/2021:02:42:02 -0700] "GET /self.logs/error.log.2018-10-25.gz HTTP/1.1" 200 4654 "-" "Mozilla/5.0 (compatible; AhrefsBot/7.0; +http://ahrefs.com/robot/)" 
114.119.130.95 - - [24/Jul/2021:02:44:51 -0700] "GET /self.logs/?C=S%3BO%3DA HTTP/1.1" 200 30725 "-" "Mozilla/5.0 (Linux; Android 7.0;) AppleWebKit/537.36 (KHTML, like Gecko) Mobile Safari/537.36 (compatible; PetalBot;+https://webmaster.petalsearch.com/site/petalbot)" 
62.210.143.10 - - [24/Jul/2021:02:47:58 -0700] "GET /robots.txt HTTP/1.1" 200 377 "-" "Mozilla/5.0 (compatible; Barkrowler/0.9; +https://babbar.tech/crawler)" 
62.210.143.10 - - [24/Jul/2021:02:48:23 -0700] "GET /Datasets%20Description/?C=M;O=A HTTP/1.1" 200 677 "-" "Mozilla/5.0 (compatible; Barkrowler/0.9; +https://babbar.tech/crawler)" 
54.36.148.35 - - [24/Jul/2021:02:49:15 -0700] "GET /robots.txt HTTP/1.1" 200 333 "-" "Mozilla/5.0 (compatible; AhrefsBot/7.0; +http://ahrefs.com/robot/)" 
54.36.149.29 - - [24/Jul/2021:02:49:16 -0700] "GET /self.logs/2016/access.log.2016-08-27.gz HTTP/1.1" 200 7134 "-" "Mozilla/5.0 (compatible; AhrefsBot/7.0; +http://ahrefs.com/robot/)" 
114.119.152.148 - - [24/Jul/2021:02:50:16 -0700] "GET /robots.txt HTTP/1.1" 200 377 "-" "Mozilla/5.0 (compatible;PetalBot;+https://webmaster.petalsearch.com/site/petalbot)" 
37.14.188.196 - - [24/Jul/2021:02:54:03 -0700] "GET / HTTP/1.1" 200 12883 "-" "Mozilla/5.0 (Macintosh; Intel Mac OS X 10_15_6) AppleWebKit/605.1.15 (KHTML, like Gecko) Version/14.0 Safari/605.1.15" 
37.14.188.196 - - [24/Jul/2021:02:54:03 -0700] "GET /css/style.css HTTP/1.1" 404 305 "http://www.secrepo.com/" "Mozilla/5.0 (Macintosh; Intel Mac OS X 10_15_6) AppleWebKit/605.1.15 (KHTML, like Gecko) Version/14.0 Safari/605.1.15" 
37.14.188.196 - - [24/Jul/2021:02:54:03 -0700] "GET /twitter-icon.png HTTP/1.1" 200 27916 "http://www.secrepo.com/" "Mozilla/5.0 (Macintosh; Intel Mac OS X 10_15_6) AppleWebKit/605.1.15 (KHTML, like Gecko) Version/14.0 Safari/605.1.15" 
37.14.188.196 - - [24/Jul/2021:02:54:03 -0700] "GET /GitHub-Mark.png HTTP/1.1" 200 7556 "http://www.secrepo.com/" "Mozilla/5.0 (Macintosh; Intel Mac OS X 10_15_6) AppleWebKit/605.1.15 (KHTML, like Gecko) Version/14.0 Safari/605.1.15" 
37.14.188.196 - - [24/Jul/2021:02:54:04 -0700] "GET /bootstrap/img/favicon.ico HTTP/1.1" 200 713 "http://www.secrepo.com/" "Mozilla/5.0 (Macintosh; Intel Mac OS X 10_15_6) AppleWebKit/605.1.15 (KHTML, like Gecko) Version/14.0 Safari/605.1.15" 
114.119.155.228 - - [24/Jul/2021:02:56:06 -0700] "GET /self.logs/2015/?C=S%3BO%3DA HTTP/1.1" 200 7621 "-" "Mozilla/5.0 (Linux; Android 7.0;) AppleWebKit/537.36 (KHTML, like Gecko) Mobile Safari/537.36 (compatible; PetalBot;+https://webmaster.petalsearch.com/site/petalbot)" 
106.38.241.178 - - [24/Jul/2021:02:57:55 -0700] "GET / HTTP/1.1" 200 12846 "-" "Sogou web spider/4.0(+http://www.sogou.com/docs/help/webmasters.htm#07)" 
54.36.148.28 - - [24/Jul/2021:02:58:20 -0700] "GET /self.logs/access.log.2019-08-10.gz HTTP/1.1" 200 14886 "-" "Mozilla/5.0 (compatible; AhrefsBot/7.0; +http://ahrefs.com/robot/)" 
114.119.129.244 - - [24/Jul/2021:03:01:57 -0700] "GET /self.logs/error.log.2020-01-30 HTTP/1.1" 200 351 "-" "Mozilla/5.0 (Linux; Android 7.0;) AppleWebKit/537.36 (KHTML, like Gecko) Mobile Safari/537.36 (compatible; PetalBot;+https://webmaster.petalsearch.com/site/petalbot)" 
216.244.66.245 - - [24/Jul/2021:03:02:27 -0700] "GET /self.logs/access.log.2020-06-25.gz HTTP/1.1" 200 19896 "-" "Mozilla/5.0 (compatible; DotBot/1.2; +https://opensiteexplorer.org/dotbot; help@moz.com)" 
216.244.66.245 - - [24/Jul/2021:03:02:31 -0700] "GET /self.logs/access.log.2020-07-01.gz HTTP/1.1" 200 83861 "-" "Mozilla/5.0 (compatible; DotBot/1.2; +https://opensiteexplorer.org/dotbot; help@moz.com)" 
216.244.66.245 - - [24/Jul/2021:03:02:38 -0700] "GET /self.logs/access.log.2020-08-22.gz HTTP/1.1" 200 11090 "-" "Mozilla/5.0 (compatible; DotBot/1.2; +https://opensiteexplorer.org/dotbot; help@moz.com)" 
216.244.66.245 - - [24/Jul/2021:03:02:42 -0700] "GET /self.logs/access.log.2020-11-01.gz HTTP/1.1" 200 16161 "-" "Mozilla/5.0 (compatible; DotBot/1.2; +https://opensiteexplorer.org/dotbot; help@moz.com)" 
216.244.66.245 - - [24/Jul/2021:03:02:45 -0700] "GET /self.logs/access.log.2020-11-16.gz HTTP/1.1" 200 11618 "-" "Mozilla/5.0 (compatible; DotBot/1.2; +https://opensiteexplorer.org/dotbot; help@moz.com)" 
62.210.143.10 - - [24/Jul/2021:03:07:28 -0700] "GET /Datasets%20Description/?C=S;O=D HTTP/1.1" 200 673 "-" "Mozilla/5.0 (compatible; Barkrowler/0.9; +https://babbar.tech/crawler)" 
62.210.143.10 - - [24/Jul/2021:03:08:42 -0700] "GET /self.logs/?C=D;O=D HTTP/1.1" 200 31376 "-" "Mozilla/5.0 (compatible; Barkrowler/0.9; +https://babbar.tech/crawler)" 
54.36.148.26 - - [24/Jul/2021:03:08:56 -0700] "GET /self.logs/error.log.2020-12-19.gz HTTP/1.1" 200 1539 "-" "Mozilla/5.0 (compatible; AhrefsBot/7.0; +http://ahrefs.com/robot/)" 
62.210.143.10 - - [24/Jul/2021:03:09:02 -0700] "GET /tg_snort_full.7z HTTP/1.1" 404 328 "-" "Mozilla/5.0 (compatible; Barkrowler/0.9; +https://babbar.tech/crawler)" 
62.210.143.10 - - [24/Jul/2021:03:09:21 -0700] "GET /Datasets%20Description/Network/dns.html HTTP/1.1" 200 1543 "-" "Mozilla/5.0 (compatible; Barkrowler/0.9; +https://babbar.tech/crawler)" 
62.210.143.10 - - [24/Jul/2021:03:09:39 -0700] "GET /Datasets%20Description/Network/files.html HTTP/1.1" 200 1532 "-" "Mozilla/5.0 (compatible; Barkrowler/0.9; +https://babbar.tech/crawler)" 
62.210.143.10 - - [24/Jul/2021:03:09:58 -0700] "GET /Datasets%20Description/Network/notice.html HTTP/1.1" 200 1650 "-" "Mozilla/5.0 (compatible; Barkrowler/0.9; +https://babbar.tech/crawler)" 
62.210.143.10 - - [24/Jul/2021:03:10:16 -0700] "GET /Datasets%20Description/Network/weird.html HTTP/1.1" 200 1645 "-" "Mozilla/5.0 (compatible; Barkrowler/0.9; +https://babbar.tech/crawler)" 
62.210.143.10 - - [24/Jul/2021:03:10:34 -0700] "GET /Datasets%20Description/Network/N/A HTTP/1.1" 404 328 "-" "Mozilla/5.0 (compatible; Barkrowler/0.9; +https://babbar.tech/crawler)" 
62.210.143.10 - - [24/Jul/2021:03:10:54 -0700] "GET /Datasets%20Description/Network/ssl.html HTTP/1.1" 200 1585 "-" "Mozilla/5.0 (compatible; Barkrowler/0.9; +https://babbar.tech/crawler)" 
62.210.143.10 - - [24/Jul/2021:03:11:17 -0700] "GET /Datasets%20Description/Network/signatures.html HTTP/1.1" 404 328 "-" "Mozilla/5.0 (compatible; Barkrowler/0.9; +https://babbar.tech/crawler)" 
62.210.143.10 - - [24/Jul/2021:03:11:37 -0700] "GET /Datasets%20Description/Network/?C=N;O=D HTTP/1.1" 200 765 "-" "Mozilla/5.0 (compatible; Barkrowler/0.9; +https://babbar.tech/crawler)" 
62.210.143.10 - - [24/Jul/2021:03:11:56 -0700] "GET /Datasets%20Description/Network/?C=N;O=A HTTP/1.1" 200 769 "-" "Mozilla/5.0 (compatible; Barkrowler/0.9; +https://babbar.tech/crawler)" 
62.210.143.10 - - [24/Jul/2021:03:12:15 -0700] "GET /Datasets%20Description/Network/?C=D;O=A HTTP/1.1" 200 769 "-" "Mozilla/5.0 (compatible; Barkrowler/0.9; +https://babbar.tech/crawler)" 
62.210.143.10 - - [24/Jul/2021:03:12:34 -0700] "GET /Datasets%20Description/Network/?C=M;O=D HTTP/1.1" 200 765 "-" "Mozilla/5.0 (compatible; Barkrowler/0.9; +https://babbar.tech/crawler)" 
62.210.143.10 - - [24/Jul/2021:03:12:54 -0700] "GET /Datasets%20Description/Network/?C=S;O=D HTTP/1.1" 200 766 "-" "Mozilla/5.0 (compatible; Barkrowler/0.9; +https://babbar.tech/crawler)" 
62.210.143.10 - - [24/Jul/2021:03:13:12 -0700] "GET /Datasets%20Description/Network/?C=S;O=A HTTP/1.1" 200 766 "-" "Mozilla/5.0 (compatible; Barkrowler/0.9; +https://babbar.tech/crawler)" 
62.210.143.10 - - [24/Jul/2021:03:13:31 -0700] "GET /self.logs/access.log.2019-07-15 HTTP/1.1" 304 265 "-" "Mozilla/5.0 (compatible; Barkrowler/0.9; +https://babbar.tech/crawler)" 
62.210.143.10 - - [24/Jul/2021:03:13:51 -0700] "GET /tg/tg_snort_full.7z HTTP/1.1" 304 266 "-" "Mozilla/5.0 (compatible; Barkrowler/0.9; +https://babbar.tech/crawler)" 
62.210.143.10 - - [24/Jul/2021:03:14:09 -0700] "GET /Datasets%20Description/PE_malware/ HTTP/1.1" 200 686 "-" "Mozilla/5.0 (compatible; Barkrowler/0.9; +https://babbar.tech/crawler)" 
62.210.143.10 - - [24/Jul/2021:03:14:27 -0700] "GET /Datasets%20Description/Network/dhcp.html HTTP/1.1" 200 1461 "-" "Mozilla/5.0 (compatible; Barkrowler/0.9; +https://babbar.tech/crawler)" 
62.210.143.10 - - [24/Jul/2021:03:14:47 -0700] "GET /self.logs/error.log.2019-07-15 HTTP/1.1" 304 264 "-" "Mozilla/5.0 (compatible; Barkrowler/0.9; +https://babbar.tech/crawler)" 
62.210.143.10 - - [24/Jul/2021:03:15:05 -0700] "GET /self.logs/error.log.2019-10-07 HTTP/1.1" 304 261 "-" "Mozilla/5.0 (compatible; Barkrowler/0.9; +https://babbar.tech/crawler)" 
62.210.143.10 - - [24/Jul/2021:03:15:54 -0700] "GET /self.logs/error.log.2019-10-13 HTTP/1.1" 304 261 "-" "Mozilla/5.0 (compatible; Barkrowler/0.9; +https://babbar.tech/crawler)" 
62.210.143.10 - - [24/Jul/2021:03:16:14 -0700] "GET /self.logs/error.log.2019-12-22 HTTP/1.1" 304 261 "-" "Mozilla/5.0 (compatible; Barkrowler/0.9; +https://babbar.tech/crawler)" 
62.210.143.10 - - [24/Jul/2021:03:16:39 -0700] "GET /self.logs/error.log.2019-12-24 HTTP/1.1" 304 261 "-" "Mozilla/5.0 (compatible; Barkrowler/0.9; +https://babbar.tech/crawler)" 
62.210.143.10 - - [24/Jul/2021:03:16:56 -0700] "GET /self.logs/error.log.2019-12-08 HTTP/1.1" 304 261 "-" "Mozilla/5.0 (compatible; Barkrowler/0.9; +https://babbar.tech/crawler)" 
62.210.143.10 - - [24/Jul/2021:03:17:14 -0700] "GET /self.logs/error.log.2019-09-13 HTTP/1.1" 304 263 "-" "Mozilla/5.0 (compatible; Barkrowler/0.9; +https://babbar.tech/crawler)" 
62.210.143.10 - - [24/Jul/2021:03:17:31 -0700] "GET /self.logs/error.log.2019-08-09 HTTP/1.1" 304 261 "-" "Mozilla/5.0 (compatible; Barkrowler/0.9; +https://babbar.tech/crawler)" 
62.210.143.10 - - [24/Jul/2021:03:17:46 -0700] "GET /self.logs/error.log.2019-08-08 HTTP/1.1" 304 263 "-" "Mozilla/5.0 (compatible; Barkrowler/0.9; +https://babbar.tech/crawler)" 
62.210.143.10 - - [24/Jul/2021:03:18:03 -0700] "GET /tg/tg_snort_fast.7z HTTP/1.1" 304 266 "-" "Mozilla/5.0 (compatible; Barkrowler/0.9; +https://babbar.tech/crawler)" 
62.210.143.10 - - [24/Jul/2021:03:18:19 -0700] "GET /Datasets%20Description/HTML_Bro_log_1/ HTTP/1.1" 200 834 "-" "Mozilla/5.0 (compatible; Barkrowler/0.9; +https://babbar.tech/crawler)" 
62.210.143.10 - - [24/Jul/2021:03:18:38 -0700] "GET /Datasets%20Description/HTML_Bro_log_1 HTTP/1.1" 301 619 "-" "Mozilla/5.0 (compatible; Barkrowler/0.9; +https://babbar.tech/crawler)" 
62.210.143.10 - - [24/Jul/2021:03:19:02 -0700] "GET /self.logs/error.log.2021-01-09 HTTP/1.1" 304 261 "-" "Mozilla/5.0 (compatible; Barkrowler/0.9; +https://babbar.tech/crawler)" 
62.210.143.10 - - [24/Jul/2021:03:19:16 -0700] "GET /self.logs/error.log.2021-01-02 HTTP/1.1" 304 261 "-" "Mozilla/5.0 (compatible; Barkrowler/0.9; +https://babbar.tech/crawler)" 
62.210.143.10 - - [24/Jul/2021:03:19:30 -0700] "GET /self.logs/error.log.2021-01-19 HTTP/1.1" 304 261 "-" "Mozilla/5.0 (compatible; Barkrowler/0.9; +https://babbar.tech/crawler)" 
106.38.241.178 - - [24/Jul/2021:03:19:34 -0700] "GET / HTTP/1.1" 200 12847 "-" "Sogou web spider/4.0(+http://www.sogou.com/docs/help/webmasters.htm#07)" 
62.210.143.10 - - [24/Jul/2021:03:19:48 -0700] "GET /self.logs/error.log.2021-03-08 HTTP/1.1" 304 263 "-" "Mozilla/5.0 (compatible; Barkrowler/0.9; +https://babbar.tech/crawler)" 
62.210.143.10 - - [24/Jul/2021:03:20:03 -0700] "GET /self.logs/error.log.2021-01-07 HTTP/1.1" 304 261 "-" "Mozilla/5.0 (compatible; Barkrowler/0.9; +https://babbar.tech/crawler)" 
207.46.13.145 - - [24/Jul/2021:03:22:40 -0700] "GET /self.logs/2016/error.log.2016-06-08.gz HTTP/1.1" 200 1066 "-" "Mozilla/5.0 (compatible; bingbot/2.0; +http://www.bing.com/bingbot.htm)" 
54.36.148.204 - - [24/Jul/2021:03:24:07 -0700] "GET /self.logs/error.log.2020-07-28 HTTP/1.1" 200 307 "-" "Mozilla/5.0 (compatible; AhrefsBot/7.0; +http://ahrefs.com/robot/)" 
216.244.66.245 - - [24/Jul/2021:03:28:54 -0700] "GET /robots.txt HTTP/1.1" 200 333 "-" "Mozilla/5.0 (compatible; DotBot/1.2; +https://opensiteexplorer.org/dotbot; help@moz.com)" 
54.36.149.101 - - [24/Jul/2021:03:38:02 -0700] "GET /self.logs/access.log.2019-07-13.gz HTTP/1.1" 200 23428 "-" "Mozilla/5.0 (compatible; AhrefsBot/7.0; +http://ahrefs.com/robot/)" 
62.210.143.10 - - [24/Jul/2021:03:39:36 -0700] "GET /self.logs/error.log.2021-01-22 HTTP/1.1" 304 263 "-" "Mozilla/5.0 (compatible; Barkrowler/0.9; +https://babbar.tech/crawler)" 
62.210.143.10 - - [24/Jul/2021:03:40:01 -0700] "GET /self.logs/error.log.2021-01-18 HTTP/1.1" 304 261 "-" "Mozilla/5.0 (compatible; Barkrowler/0.9; +https://babbar.tech/crawler)" 
62.210.143.10 - - [24/Jul/2021:03:40:19 -0700] "GET /self.logs/error.log.2021-01-01 HTTP/1.1" 304 261 "-" "Mozilla/5.0 (compatible; Barkrowler/0.9; +https://babbar.tech/crawler)" 
62.210.143.10 - - [24/Jul/2021:03:40:37 -0700] "GET /self.logs/error.log.2021-01-29 HTTP/1.1" 304 261 "-" "Mozilla/5.0 (compatible; Barkrowler/0.9; +https://babbar.tech/crawler)" 
62.210.143.10 - - [24/Jul/2021:03:40:53 -0700] "GET /self.logs/error.log.2021-01-04 HTTP/1.1" 304 261 "-" "Mozilla/5.0 (compatible; Barkrowler/0.9; +https://babbar.tech/crawler)" 
62.210.143.10 - - [24/Jul/2021:03:41:23 -0700] "GET /self.logs/error.log.2021-03-22 HTTP/1.1" 200 351 "-" "Mozilla/5.0 (compatible; Barkrowler/0.9; +https://babbar.tech/crawler)" 
62.210.143.10 - - [24/Jul/2021:03:41:39 -0700] "GET /self.logs/error.log.2021-01-14 HTTP/1.1" 304 261 "-" "Mozilla/5.0 (compatible; Barkrowler/0.9; +https://babbar.tech/crawler)" 
62.210.143.10 - - [24/Jul/2021:03:42:03 -0700] "GET /self.logs/error.log.2021-01-05 HTTP/1.1" 304 261 "-" "Mozilla/5.0 (compatible; Barkrowler/0.9; +https://babbar.tech/crawler)" 
62.210.143.10 - - [24/Jul/2021:03:42:20 -0700] "GET /self.logs/error.log.2021-03-02 HTTP/1.1" 304 263 "-" "Mozilla/5.0 (compatible; Barkrowler/0.9; +https://babbar.tech/crawler)" 
62.210.143.10 - - [24/Jul/2021:03:42:34 -0700] "GET /self.logs/error.log.2021-03-05 HTTP/1.1" 304 261 "-" "Mozilla/5.0 (compatible; Barkrowler/0.9; +https://babbar.tech/crawler)" 
62.210.143.10 - - [24/Jul/2021:03:42:55 -0700] "GET /self.logs/error.log.2021-01-15 HTTP/1.1" 304 261 "-" "Mozilla/5.0 (compatible; Barkrowler/0.9; +https://babbar.tech/crawler)" 
62.210.143.10 - - [24/Jul/2021:03:43:14 -0700] "GET /self.logs/error.log.2020-01-20 HTTP/1.1" 304 261 "-" "Mozilla/5.0 (compatible; Barkrowler/0.9; +https://babbar.tech/crawler)" 
62.210.143.10 - - [24/Jul/2021:03:43:31 -0700] "GET /self.logs/error.log.2020-03-19 HTTP/1.1" 304 261 "-" "Mozilla/5.0 (compatible; Barkrowler/0.9; +https://babbar.tech/crawler)" 
62.210.143.10 - - [24/Jul/2021:03:43:47 -0700] "GET /self.logs/error.log.2020-07-18 HTTP/1.1" 304 261 "-" "Mozilla/5.0 (compatible; Barkrowler/0.9; +https://babbar.tech/crawler)" 
62.210.143.10 - - [24/Jul/2021:03:44:07 -0700] "GET /self.logs/error.log.2020-09-14 HTTP/1.1" 304 261 "-" "Mozilla/5.0 (compatible; Barkrowler/0.9; +https://babbar.tech/crawler)" 
106.38.241.178 - - [24/Jul/2021:03:44:19 -0700] "GET / HTTP/1.1" 200 12845 "-" "Sogou web spider/4.0(+http://www.sogou.com/docs/help/webmasters.htm#07)" 
62.210.143.10 - - [24/Jul/2021:03:44:31 -0700] "GET /self.logs/error.log.2020-07-02 HTTP/1.1" 304 261 "-" "Mozilla/5.0 (compatible; Barkrowler/0.9; +https://babbar.tech/crawler)" 
62.210.143.10 - - [24/Jul/2021:03:45:05 -0700] "GET /self.logs/error.log.2020-03-28 HTTP/1.1" 304 261 "-" "Mozilla/5.0 (compatible; Barkrowler/0.9; +https://babbar.tech/crawler)" 
114.119.141.53 - - [24/Jul/2021:03:45:17 -0700] "GET /pe_static/op-cleaver.zip HTTP/1.1" 200 710176 "-" "Mozilla/5.0 (Linux; Android 7.0;) AppleWebKit/537.36 (KHTML, like Gecko) Mobile Safari/537.36 (compatible; PetalBot;+https://webmaster.petalsearch.com/site/petalbot)" 
62.210.143.10 - - [24/Jul/2021:03:45:22 -0700] "GET /self.logs/error.log.2020-09-16 HTTP/1.1" 304 263 "-" "Mozilla/5.0 (compatible; Barkrowler/0.9; +https://babbar.tech/crawler)" 
62.210.143.10 - - [24/Jul/2021:03:45:38 -0700] "GET /self.logs/error.log.2020-08-19 HTTP/1.1" 304 261 "-" "Mozilla/5.0 (compatible; Barkrowler/0.9; +https://babbar.tech/crawler)" 
62.210.143.10 - - [24/Jul/2021:03:45:53 -0700] "GET /self.logs/error.log.2020-03-31 HTTP/1.1" 304 261 "-" "Mozilla/5.0 (compatible; Barkrowler/0.9; +https://babbar.tech/crawler)" 
157.55.39.56 - - [24/Jul/2021:03:46:08 -0700] "GET /self.logs/access.log.2018-03-20.gz HTTP/1.1" 200 21146 "-" "Mozilla/5.0 (compatible; bingbot/2.0; +http://www.bing.com/bingbot.htm)" 
62.210.143.10 - - [24/Jul/2021:03:46:09 -0700] "GET /self.logs/error.log.2020-05-25 HTTP/1.1" 304 261 "-" "Mozilla/5.0 (compatible; Barkrowler/0.9; +https://babbar.tech/crawler)" 
62.210.143.10 - - [24/Jul/2021:03:46:24 -0700] "GET /self.logs/error.log.2020-04-21 HTTP/1.1" 304 261 "-" "Mozilla/5.0 (compatible; Barkrowler/0.9; +https://babbar.tech/crawler)" 
62.210.143.10 - - [24/Jul/2021:03:46:43 -0700] "GET /self.logs/error.log.2020-03-01 HTTP/1.1" 304 261 "-" "Mozilla/5.0 (compatible; Barkrowler/0.9; +https://babbar.tech/crawler)" 
62.210.143.10 - - [24/Jul/2021:03:46:57 -0700] "GET /self.logs/error.log.2020-01-03 HTTP/1.1" 304 263 "-" "Mozilla/5.0 (compatible; Barkrowler/0.9; +https://babbar.tech/crawler)" 
62.210.143.10 - - [24/Jul/2021:03:47:13 -0700] "GET /self.logs/error.log.2020-06-12 HTTP/1.1" 304 261 "-" "Mozilla/5.0 (compatible; Barkrowler/0.9; +https://babbar.tech/crawler)" 
62.210.143.10 - - [24/Jul/2021:03:47:27 -0700] "GET /self.logs/error.log.2020-07-28 HTTP/1.1" 304 261 "-" "Mozilla/5.0 (compatible; Barkrowler/0.9; +https://babbar.tech/crawler)" 
62.210.143.10 - - [24/Jul/2021:03:47:44 -0700] "GET /self.logs/error.log.2020-03-20 HTTP/1.1" 304 261 "-" "Mozilla/5.0 (compatible; Barkrowler/0.9; +https://babbar.tech/crawler)" 
62.210.143.10 - - [24/Jul/2021:03:48:07 -0700] "GET /self.logs/error.log.2020-03-30 HTTP/1.1" 304 261 "-" "Mozilla/5.0 (compatible; Barkrowler/0.9; +https://babbar.tech/crawler)" 
62.210.143.10 - - [24/Jul/2021:03:48:22 -0700] "GET /self.logs/error.log.2020-05-01 HTTP/1.1" 304 261 "-" "Mozilla/5.0 (compatible; Barkrowler/0.9; +https://babbar.tech/crawler)" 
62.210.143.10 - - [24/Jul/2021:03:48:35 -0700] "GET /self.logs/error.log.2020-08-11 HTTP/1.1" 304 261 "-" "Mozilla/5.0 (compatible; Barkrowler/0.9; +https://babbar.tech/crawler)" 
62.210.143.10 - - [24/Jul/2021:03:48:59 -0700] "GET /self.logs/error.log.2020-09-30 HTTP/1.1" 304 261 "-" "Mozilla/5.0 (compatible; Barkrowler/0.9; +https://babbar.tech/crawler)" 
62.210.143.10 - - [24/Jul/2021:03:49:18 -0700] "GET /self.logs/error.log.2020-08-14 HTTP/1.1" 304 261 "-" "Mozilla/5.0 (compatible; Barkrowler/0.9; +https://babbar.tech/crawler)" 
62.210.143.10 - - [24/Jul/2021:03:49:39 -0700] "GET /self.logs/error.log.2020-05-10 HTTP/1.1" 304 261 "-" "Mozilla/5.0 (compatible; Barkrowler/0.9; +https://babbar.tech/crawler)" 
62.210.143.10 - - [24/Jul/2021:03:49:55 -0700] "GET /self.logs/error.log.2020-06-10 HTTP/1.1" 304 261 "-" "Mozilla/5.0 (compatible; Barkrowler/0.9; +https://babbar.tech/crawler)" 
62.210.143.10 - - [24/Jul/2021:03:50:11 -0700] "GET /self.logs/error.log.2020-09-10 HTTP/1.1" 304 261 "-" "Mozilla/5.0 (compatible; Barkrowler/0.9; +https://babbar.tech/crawler)" 
216.244.66.245 - - [24/Jul/2021:03:50:22 -0700] "GET /self.logs/access.log.2020-07-13.gz HTTP/1.1" 200 15545 "-" "Mozilla/5.0 (compatible; DotBot/1.2; +https://opensiteexplorer.org/dotbot; help@moz.com)" 
62.210.143.10 - - [24/Jul/2021:03:50:27 -0700] "GET /self.logs/error.log.2020-03-23 HTTP/1.1" 304 261 "-" "Mozilla/5.0 (compatible; Barkrowler/0.9; +https://babbar.tech/crawler)" 
216.244.66.245 - - [24/Jul/2021:03:50:28 -0700] "GET /self.logs/access.log.2020-07-31.gz HTTP/1.1" 200 14080 "-" "Mozilla/5.0 (compatible; DotBot/1.2; +https://opensiteexplorer.org/dotbot; help@moz.com)" 
216.244.66.245 - - [24/Jul/2021:03:50:32 -0700] "GET /self.logs/access.log.2020-09-03.gz HTTP/1.1" 200 9624 "-" "Mozilla/5.0 (compatible; DotBot/1.2; +https://opensiteexplorer.org/dotbot; help@moz.com)" 
216.244.66.245 - - [24/Jul/2021:03:50:35 -0700] "GET /self.logs/access.log.2021-03-24.gz HTTP/1.1" 200 18896 "-" "Mozilla/5.0 (compatible; DotBot/1.2; +https://opensiteexplorer.org/dotbot; help@moz.com)" 
216.244.66.245 - - [24/Jul/2021:03:50:38 -0700] "GET /self.logs/access.log.2021-05-02.gz HTTP/1.1" 200 19420 "-" "Mozilla/5.0 (compatible; DotBot/1.2; +https://opensiteexplorer.org/dotbot; help@moz.com)" 
62.210.143.10 - - [24/Jul/2021:03:50:41 -0700] "GET /self.logs/error.log.2020-05-14 HTTP/1.1" 304 261 "-" "Mozilla/5.0 (compatible; Barkrowler/0.9; +https://babbar.tech/crawler)" 
49.7.21.122 - - [24/Jul/2021:03:57:08 -0700] "GET / HTTP/1.1" 200 12847 "-" "Sogou web spider/4.0(+http://www.sogou.com/docs/help/webmasters.htm#07)" 
207.46.13.133 - - [24/Jul/2021:04:08:28 -0700] "GET /self.logs/error.log.2017-10-24.gz HTTP/1.1" 301 541 "-" "Mozilla/5.0 (compatible; bingbot/2.0; +http://www.bing.com/bingbot.htm)" 
106.38.241.178 - - [24/Jul/2021:04:08:40 -0700] "GET / HTTP/1.1" 200 12846 "-" "Sogou web spider/4.0(+http://www.sogou.com/docs/help/webmasters.htm#07)" 
62.210.143.10 - - [24/Jul/2021:04:11:10 -0700] "GET /self.logs/error.log.2020-03-15 HTTP/1.1" 304 263 "-" "Mozilla/5.0 (compatible; Barkrowler/0.9; +https://babbar.tech/crawler)" 
62.210.143.10 - - [24/Jul/2021:04:11:24 -0700] "GET /self.logs/error.log.2020-05-16 HTTP/1.1" 304 261 "-" "Mozilla/5.0 (compatible; Barkrowler/0.9; +https://babbar.tech/crawler)" 
62.210.143.10 - - [24/Jul/2021:04:11:38 -0700] "GET /self.logs/error.log.2020-05-02 HTTP/1.1" 304 261 "-" "Mozilla/5.0 (compatible; Barkrowler/0.9; +https://babbar.tech/crawler)" 
62.210.143.10 - - [24/Jul/2021:04:11:53 -0700] "GET /self.logs/error.log.2020-08-03 HTTP/1.1" 304 261 "-" "Mozilla/5.0 (compatible; Barkrowler/0.9; +https://babbar.tech/crawler)" 
62.210.143.10 - - [24/Jul/2021:04:12:06 -0700] "GET /self.logs/error.log.2020-09-08 HTTP/1.1" 304 261 "-" "Mozilla/5.0 (compatible; Barkrowler/0.9; +https://babbar.tech/crawler)" 
54.36.148.26 - - [24/Jul/2021:04:12:14 -0700] "GET /self.logs/error.log.2018-05-23.gz HTTP/1.1" 200 4421 "-" "Mozilla/5.0 (compatible; AhrefsBot/7.0; +http://ahrefs.com/robot/)" 
62.210.143.10 - - [24/Jul/2021:04:12:23 -0700] "GET /self.logs/error.log.2020-05-05 HTTP/1.1" 304 261 "-" "Mozilla/5.0 (compatible; Barkrowler/0.9; +https://babbar.tech/crawler)" 
62.210.143.10 - - [24/Jul/2021:04:12:37 -0700] "GET /self.logs/error.log.2020-06-27 HTTP/1.1" 304 261 "-" "Mozilla/5.0 (compatible; Barkrowler/0.9; +https://babbar.tech/crawler)" 
62.210.143.10 - - [24/Jul/2021:04:12:54 -0700] "GET /self.logs/error.log.2020-02-27 HTTP/1.1" 304 261 "-" "Mozilla/5.0 (compatible; Barkrowler/0.9; +https://babbar.tech/crawler)" 
62.210.143.10 - - [24/Jul/2021:04:13:10 -0700] "GET /self.logs/error.log.2020-04-27 HTTP/1.1" 304 261 "-" "Mozilla/5.0 (compatible; Barkrowler/0.9; +https://babbar.tech/crawler)" 
62.210.143.10 - - [24/Jul/2021:04:13:33 -0700] "GET /self.logs/error.log.2020-05-27 HTTP/1.1" 304 261 "-" "Mozilla/5.0 (compatible; Barkrowler/0.9; +https://babbar.tech/crawler)" 
62.210.143.10 - - [24/Jul/2021:04:13:54 -0700] "GET /self.logs/error.log.2020-04-06 HTTP/1.1" 304 261 "-" "Mozilla/5.0 (compatible; Barkrowler/0.9; +https://babbar.tech/crawler)" 
62.210.143.10 - - [24/Jul/2021:04:14:09 -0700] "GET /self.logs/error.log.2020-09-26 HTTP/1.1" 304 261 "-" "Mozilla/5.0 (compatible; Barkrowler/0.9; +https://babbar.tech/crawler)" 
62.210.143.10 - - [24/Jul/2021:04:14:26 -0700] "GET /self.logs/error.log.2020-06-13 HTTP/1.1" 304 261 "-" "Mozilla/5.0 (compatible; Barkrowler/0.9; +https://babbar.tech/crawler)" 
62.210.143.10 - - [24/Jul/2021:04:14:49 -0700] "GET /self.logs/error.log.2020-04-19 HTTP/1.1" 304 261 "-" "Mozilla/5.0 (compatible; Barkrowler/0.9; +https://babbar.tech/crawler)" 
62.210.143.10 - - [24/Jul/2021:04:15:04 -0700] "GET /self.logs/error.log.2020-05-19 HTTP/1.1" 304 261 "-" "Mozilla/5.0 (compatible; Barkrowler/0.9; +https://babbar.tech/crawler)" 
62.210.143.10 - - [24/Jul/2021:04:15:24 -0700] "GET /self.logs/error.log.2020-09-23 HTTP/1.1" 304 261 "-" "Mozilla/5.0 (compatible; Barkrowler/0.9; +https://babbar.tech/crawler)" 
62.210.143.10 - - [24/Jul/2021:04:15:38 -0700] "GET /self.logs/error.log.2020-07-24 HTTP/1.1" 304 261 "-" "Mozilla/5.0 (compatible; Barkrowler/0.9; +https://babbar.tech/crawler)" 
171.111.63.64 - - [24/Jul/2021:04:15:40 -0700] "GET /robots.txt HTTP/1.1" 200 340 "-" "Mozilla/5.0(Linux;Android 5.1.1;OPPO A33 Build/LMY47V;wv) AppleWebKit/537.36(KHTML,link Gecko) Version/4.0 Chrome/42.0.2311.138 Mobile Safari/537.36 Mb2345Browser/9.0" 
62.210.143.10 - - [24/Jul/2021:04:15:53 -0700] "GET /self.logs/error.log.2020-01-07 HTTP/1.1" 304 261 "-" "Mozilla/5.0 (compatible; Barkrowler/0.9; +https://babbar.tech/crawler)" 
62.210.143.10 - - [24/Jul/2021:04:16:08 -0700] "GET /self.logs/error.log.2020-04-18 HTTP/1.1" 304 261 "-" "Mozilla/5.0 (compatible; Barkrowler/0.9; +https://babbar.tech/crawler)" 
62.210.143.10 - - [24/Jul/2021:04:16:22 -0700] "GET /self.logs/error.log.2020-06-18 HTTP/1.1" 304 261 "-" "Mozilla/5.0 (compatible; Barkrowler/0.9; +https://babbar.tech/crawler)" 
62.210.143.10 - - [24/Jul/2021:04:16:37 -0700] "GET /self.logs/error.log.2020-07-01 HTTP/1.1" 304 261 "-" "Mozilla/5.0 (compatible; Barkrowler/0.9; +https://babbar.tech/crawler)" 
62.210.143.10 - - [24/Jul/2021:04:16:53 -0700] "GET /self.logs/error.log.2020-05-24 HTTP/1.1" 304 261 "-" "Mozilla/5.0 (compatible; Barkrowler/0.9; +https://babbar.tech/crawler)" 
62.210.143.10 - - [24/Jul/2021:04:17:08 -0700] "GET /self.logs/error.log.2020-03-27 HTTP/1.1" 304 261 "-" "Mozilla/5.0 (compatible; Barkrowler/0.9; +https://babbar.tech/crawler)" 
62.210.143.10 - - [24/Jul/2021:04:17:21 -0700] "GET /self.logs/error.log.2020-02-22 HTTP/1.1" 304 261 "-" "Mozilla/5.0 (compatible; Barkrowler/0.9; +https://babbar.tech/crawler)" 
216.244.66.245 - - [24/Jul/2021:04:17:33 -0700] "GET /robots.txt HTTP/1.1" 200 333 "-" "Mozilla/5.0 (compatible; DotBot/1.2; +https://opensiteexplorer.org/dotbot; help@moz.com)" 
62.210.143.10 - - [24/Jul/2021:04:17:38 -0700] "GET /self.logs/error.log.2020-01-31 HTTP/1.1" 304 261 "-" "Mozilla/5.0 (compatible; Barkrowler/0.9; +https://babbar.tech/crawler)" 
62.210.143.10 - - [24/Jul/2021:04:17:54 -0700] "GET /self.logs/error.log.2020-05-17 HTTP/1.1" 304 261 "-" "Mozilla/5.0 (compatible; Barkrowler/0.9; +https://babbar.tech/crawler)" 
62.210.143.10 - - [24/Jul/2021:04:18:11 -0700] "GET /self.logs/error.log.2020-07-25 HTTP/1.1" 304 261 "-" "Mozilla/5.0 (compatible; Barkrowler/0.9; +https://babbar.tech/crawler)" 
62.210.143.10 - - [24/Jul/2021:04:18:28 -0700] "GET /self.logs/error.log.2020-09-01 HTTP/1.1" 304 261 "-" "Mozilla/5.0 (compatible; Barkrowler/0.9; +https://babbar.tech/crawler)" 
62.210.143.10 - - [24/Jul/2021:04:18:52 -0700] "GET /self.logs/error.log.2020-04-22 HTTP/1.1" 304 261 "-" "Mozilla/5.0 (compatible; Barkrowler/0.9; +https://babbar.tech/crawler)" 
49.7.21.122 - - [24/Jul/2021:04:19:08 -0700] "GET / HTTP/1.1" 200 12846 "-" "Sogou web spider/4.0(+http://www.sogou.com/docs/help/webmasters.htm#07)" 
62.210.143.10 - - [24/Jul/2021:04:19:08 -0700] "GET /self.logs/error.log.2020-05-22 HTTP/1.1" 304 261 "-" "Mozilla/5.0 (compatible; Barkrowler/0.9; +https://babbar.tech/crawler)" 
62.210.143.10 - - [24/Jul/2021:04:19:25 -0700] "GET /self.logs/error.log.2020-03-26 HTTP/1.1" 304 261 "-" "Mozilla/5.0 (compatible; Barkrowler/0.9; +https://babbar.tech/crawler)" 
62.210.143.10 - - [24/Jul/2021:04:19:40 -0700] "GET /self.logs/error.log.2020-06-16 HTTP/1.1" 304 261 "-" "Mozilla/5.0 (compatible; Barkrowler/0.9; +https://babbar.tech/crawler)" 
62.210.143.10 - - [24/Jul/2021:04:19:58 -0700] "GET /self.logs/error.log.2020-07-12 HTTP/1.1" 304 261 "-" "Mozilla/5.0 (compatible; Barkrowler/0.9; +https://babbar.tech/crawler)" 
62.210.143.10 - - [24/Jul/2021:04:20:25 -0700] "GET /self.logs/error.log.2020-09-19 HTTP/1.1" 304 261 "-" "Mozilla/5.0 (compatible; Barkrowler/0.9; +https://babbar.tech/crawler)" 
62.210.143.10 - - [24/Jul/2021:04:20:42 -0700] "GET /self.logs/error.log.2020-08-16 HTTP/1.1" 304 261 "-" "Mozilla/5.0 (compatible; Barkrowler/0.9; +https://babbar.tech/crawler)" 
62.210.143.10 - - [24/Jul/2021:04:21:00 -0700] "GET /self.logs/error.log.2020-07-13 HTTP/1.1" 304 261 "-" "Mozilla/5.0 (compatible; Barkrowler/0.9; +https://babbar.tech/crawler)" 
62.210.143.10 - - [24/Jul/2021:04:21:17 -0700] "GET /self.logs/error.log.2020-02-01 HTTP/1.1" 304 261 "-" "Mozilla/5.0 (compatible; Barkrowler/0.9; +https://babbar.tech/crawler)" 
118.184.177.112 - - [24/Jul/2021:04:27:52 -0700] "GET / HTTP/1.1" 200 12846 "-" "Sogou web spider/4.0(+http://www.sogou.com/docs/help/webmasters.htm#07)" 
54.36.148.251 - - [24/Jul/2021:04:28:52 -0700] "GET /self.logs/error.log.2018-08-17.gz HTTP/1.1" 200 6053 "-" "Mozilla/5.0 (compatible; AhrefsBot/7.0; +http://ahrefs.com/robot/)" 
106.38.241.178 - - [24/Jul/2021:04:30:24 -0700] "GET / HTTP/1.1" 200 12846 "-" "Sogou web spider/4.0(+http://www.sogou.com/docs/help/webmasters.htm#07)" 
54.36.149.100 - - [24/Jul/2021:04:35:04 -0700] "GET /self.logs/error.log.2017-05-16.gz HTTP/1.1" 200 1062 "-" "Mozilla/5.0 (compatible; AhrefsBot/7.0; +http://ahrefs.com/robot/)" 
157.55.39.176 - - [24/Jul/2021:04:36:04 -0700] "GET / HTTP/1.1" 301 475 "-" "Mozilla/5.0 (compatible; bingbot/2.0; +http://www.bing.com/bingbot.htm)" 
49.7.21.122 - - [24/Jul/2021:04:38:24 -0700] "GET / HTTP/1.1" 200 12846 "-" "Sogou web spider/4.0(+http://www.sogou.com/docs/help/webmasters.htm#07)" 
216.244.66.245 - - [24/Jul/2021:04:39:45 -0700] "GET /self.logs/access.log.2020-07-05.gz HTTP/1.1" 200 14114 "-" "Mozilla/5.0 (compatible; DotBot/1.2; +https://opensiteexplorer.org/dotbot; help@moz.com)" 
216.244.66.245 - - [24/Jul/2021:04:39:50 -0700] "GET /self.logs/access.log.2020-09-20.gz HTTP/1.1" 200 15990 "-" "Mozilla/5.0 (compatible; DotBot/1.2; +https://opensiteexplorer.org/dotbot; help@moz.com)" 
216.244.66.245 - - [24/Jul/2021:04:39:54 -0700] "GET /self.logs/access.log.2021-03-05.gz HTTP/1.1" 200 19968 "-" "Mozilla/5.0 (compatible; DotBot/1.2; +https://opensiteexplorer.org/dotbot; help@moz.com)" 
216.244.66.245 - - [24/Jul/2021:04:39:57 -0700] "GET /self.logs/access.log.2021-04-19.gz HTTP/1.1" 200 22590 "-" "Mozilla/5.0 (compatible; DotBot/1.2; +https://opensiteexplorer.org/dotbot; help@moz.com)" 
216.244.66.245 - - [24/Jul/2021:04:40:00 -0700] "GET /self.logs/access.log.2021-05-25.gz HTTP/1.1" 200 22122 "-" "Mozilla/5.0 (compatible; DotBot/1.2; +https://opensiteexplorer.org/dotbot; help@moz.com)" 
216.244.66.245 - - [24/Jul/2021:04:40:03 -0700] "GET /self.logs/access.log.2021-06-23.gz HTTP/1.1" 200 17920 "-" "Mozilla/5.0 (compatible; DotBot/1.2; +https://opensiteexplorer.org/dotbot; help@moz.com)" 
62.210.143.10 - - [24/Jul/2021:04:40:11 -0700] "GET /self.logs/error.log.2020-05-04 HTTP/1.1" 304 261 "-" "Mozilla/5.0 (compatible; Barkrowler/0.9; +https://babbar.tech/crawler)" 
62.210.143.10 - - [24/Jul/2021:04:40:22 -0700] "GET /self.logs/error.log.2020-09-06 HTTP/1.1" 304 261 "-" "Mozilla/5.0 (compatible; Barkrowler/0.9; +https://babbar.tech/crawler)" 
62.210.143.10 - - [24/Jul/2021:04:40:43 -0700] "GET /self.logs/error.log.2020-06-05 HTTP/1.1" 304 261 "-" "Mozilla/5.0 (compatible; Barkrowler/0.9; +https://babbar.tech/crawler)" 
62.210.143.10 - - [24/Jul/2021:04:41:05 -0700] "GET /self.logs/error.log.2020-09-09 HTTP/1.1" 304 261 "-" "Mozilla/5.0 (compatible; Barkrowler/0.9; +https://babbar.tech/crawler)" 
62.210.143.10 - - [24/Jul/2021:04:41:32 -0700] "GET /self.logs/error.log.2020-07-03 HTTP/1.1" 304 261 "-" "Mozilla/5.0 (compatible; Barkrowler/0.9; +https://babbar.tech/crawler)" 
62.210.143.10 - - [24/Jul/2021:04:41:53 -0700] "GET /self.logs/error.log.2020-06-08 HTTP/1.1" 304 261 "-" "Mozilla/5.0 (compatible; Barkrowler/0.9; +https://babbar.tech/crawler)" 
114.119.157.43 - - [24/Jul/2021:04:41:55 -0700] "GET /tg/tg_snort_full.7z HTTP/1.1" 200 8847905 "-" "Mozilla/5.0 (Linux; Android 7.0;) AppleWebKit/537.36 (KHTML, like Gecko) Mobile Safari/537.36 (compatible; PetalBot;+https://webmaster.petalsearch.com/site/petalbot)" 
62.210.143.10 - - [24/Jul/2021:04:42:13 -0700] "GET /self.logs/error.log.2020-06-06 HTTP/1.1" 304 261 "-" "Mozilla/5.0 (compatible; Barkrowler/0.9; +https://babbar.tech/crawler)" 
62.210.143.10 - - [24/Jul/2021:04:42:34 -0700] "GET /self.logs/error.log.2020-09-03 HTTP/1.1" 304 261 "-" "Mozilla/5.0 (compatible; Barkrowler/0.9; +https://babbar.tech/crawler)" 
62.210.143.10 - - [24/Jul/2021:04:42:54 -0700] "GET /self.logs/error.log.2020-05-07 HTTP/1.1" 304 261 "-" "Mozilla/5.0 (compatible; Barkrowler/0.9; +https://babbar.tech/crawler)" 
62.210.143.10 - - [24/Jul/2021:04:43:10 -0700] "GET /self.logs/error.log.2020-08-06 HTTP/1.1" 304 263 "-" "Mozilla/5.0 (compatible; Barkrowler/0.9; +https://babbar.tech/crawler)" 
62.210.143.10 - - [24/Jul/2021:04:43:31 -0700] "GET /self.logs/error.log.2020-02-07 HTTP/1.1" 304 261 "-" "Mozilla/5.0 (compatible; Barkrowler/0.9; +https://babbar.tech/crawler)" 
62.210.143.10 - - [24/Jul/2021:04:44:13 -0700] "GET /self.logs/error.log.2020-06-04 HTTP/1.1" 304 261 "-" "Mozilla/5.0 (compatible; Barkrowler/0.9; +https://babbar.tech/crawler)" 
62.210.143.10 - - [24/Jul/2021:04:44:33 -0700] "GET /self.logs/error.log.2020-06-07 HTTP/1.1" 304 261 "-" "Mozilla/5.0 (compatible; Barkrowler/0.9; +https://babbar.tech/crawler)" 
62.210.143.10 - - [24/Jul/2021:04:44:55 -0700] "GET /self.logs/error.log.2020-08-09 HTTP/1.1" 304 261 "-" "Mozilla/5.0 (compatible; Barkrowler/0.9; +https://babbar.tech/crawler)" 
62.210.143.10 - - [24/Jul/2021:04:45:18 -0700] "GET /self.logs/error.log.2020-02-06 HTTP/1.1" 304 261 "-" "Mozilla/5.0 (compatible; Barkrowler/0.9; +https://babbar.tech/crawler)" 
62.210.143.10 - - [24/Jul/2021:04:45:37 -0700] "GET /self.logs/error.log.2020-06-09 HTTP/1.1" 304 261 "-" "Mozilla/5.0 (compatible; Barkrowler/0.9; +https://babbar.tech/crawler)" 
62.210.143.10 - - [24/Jul/2021:04:46:02 -0700] "GET /self.logs/error.log.2020-05-08 HTTP/1.1" 304 261 "-" "Mozilla/5.0 (compatible; Barkrowler/0.9; +https://babbar.tech/crawler)" 
62.210.143.10 - - [24/Jul/2021:04:46:23 -0700] "GET /self.logs/error.log.2020-01-10 HTTP/1.1" 304 263 "-" "Mozilla/5.0 (compatible; Barkrowler/0.9; +https://babbar.tech/crawler)" 
62.210.143.10 - - [24/Jul/2021:04:46:44 -0700] "GET /self.logs/error.log.2020-01-30 HTTP/1.1" 304 261 "-" "Mozilla/5.0 (compatible; Barkrowler/0.9; +https://babbar.tech/crawler)" 
5.188.210.8 - - [24/Jul/2021:04:46:54 -0700] "GET / HTTP/1.0" 200 48027 "http://www.secrepo.com/" "Mozilla/5.0 (Windows NT 10.0; Win64; x64) AppleWebKit/537.36 (KHTML, like Gecko) Chrome/83.0.4103.34 Safari/537.36 Edg/83.0.478.25" 
66.249.64.136 - - [24/Jul/2021:04:46:56 -0700] "GET /Datasets%20Description/Network/notice.html HTTP/1.1" 304 277 "-" "Mozilla/5.0 (compatible; Googlebot/2.1; +http://www.google.com/bot.html)" 
62.210.143.10 - - [24/Jul/2021:04:47:09 -0700] "GET /self.logs/error.log.2020-01-01 HTTP/1.1" 304 261 "-" "Mozilla/5.0 (compatible; Barkrowler/0.9; +https://babbar.tech/crawler)" 
62.210.143.10 - - [24/Jul/2021:04:47:32 -0700] "GET /self.logs/error.log.2020-08-23 HTTP/1.1" 304 261 "-" "Mozilla/5.0 (compatible; Barkrowler/0.9; +https://babbar.tech/crawler)" 
62.210.143.10 - - [24/Jul/2021:04:47:57 -0700] "GET /self.logs/error.log.2020-07-21 HTTP/1.1" 304 261 "-" "Mozilla/5.0 (compatible; Barkrowler/0.9; +https://babbar.tech/crawler)" 
62.210.143.10 - - [24/Jul/2021:04:48:22 -0700] "GET /self.logs/error.log.2020-06-23 HTTP/1.1" 304 261 "-" "Mozilla/5.0 (compatible; Barkrowler/0.9; +https://babbar.tech/crawler)" 
62.210.143.10 - - [24/Jul/2021:04:48:45 -0700] "GET /self.logs/error.log.2020-03-04 HTTP/1.1" 304 261 "-" "Mozilla/5.0 (compatible; Barkrowler/0.9; +https://babbar.tech/crawler)" 
62.210.143.10 - - [24/Jul/2021:04:49:08 -0700] "GET /self.logs/error.log.2020-02-25 HTTP/1.1" 304 261 "-" "Mozilla/5.0 (compatible; Barkrowler/0.9; +https://babbar.tech/crawler)" 
62.210.143.10 - - [24/Jul/2021:04:49:30 -0700] "GET /self.logs/error.log.2020-05-29 HTTP/1.1" 304 261 "-" "Mozilla/5.0 (compatible; Barkrowler/0.9; +https://babbar.tech/crawler)" 
62.210.143.10 - - [24/Jul/2021:04:49:52 -0700] "GET /self.logs/error.log.2020-01-29 HTTP/1.1" 304 263 "-" "Mozilla/5.0 (compatible; Barkrowler/0.9; +https://babbar.tech/crawler)" 
62.210.143.10 - - [24/Jul/2021:04:50:14 -0700] "GET /self.logs/error.log.2020-09-20 HTTP/1.1" 304 261 "-" "Mozilla/5.0 (compatible; Barkrowler/0.9; +https://babbar.tech/crawler)" 
62.210.143.10 - - [24/Jul/2021:04:50:36 -0700] "GET /self.logs/error.log.2020-05-30 HTTP/1.1" 304 261 "-" "Mozilla/5.0 (compatible; Barkrowler/0.9; +https://babbar.tech/crawler)" 
62.210.143.10 - - [24/Jul/2021:04:50:58 -0700] "GET /self.logs/error.log.2020-02-20 HTTP/1.1" 304 261 "-" "Mozilla/5.0 (compatible; Barkrowler/0.9; +https://babbar.tech/crawler)" 
62.210.143.10 - - [24/Jul/2021:04:51:22 -0700] "GET /self.logs/error.log.2020-05-26 HTTP/1.1" 304 261 "-" "Mozilla/5.0 (compatible; Barkrowler/0.9; +https://babbar.tech/crawler)" 
62.210.143.10 - - [24/Jul/2021:04:51:44 -0700] "GET /self.logs/error.log.2020-03-06 HTTP/1.1" 304 261 "-" "Mozilla/5.0 (compatible; Barkrowler/0.9; +https://babbar.tech/crawler)" 
62.210.143.10 - - [24/Jul/2021:04:52:05 -0700] "GET /self.logs/error.log.2020-05-20 HTTP/1.1" 304 261 "-" "Mozilla/5.0 (compatible; Barkrowler/0.9; +https://babbar.tech/crawler)" 
49.7.20.137 - - [24/Jul/2021:04:50:37 -0700] "GET /honeypot/BSidesDFW%20-%202014.ipynb HTTP/1.1" 200 58400 "-" "Sogou web spider/4.0(+http://www.sogou.com/docs/help/webmasters.htm#07)" 
62.210.143.10 - - [24/Jul/2021:04:52:30 -0700] "GET /self.logs/error.log.2020-06-19 HTTP/1.1" 304 261 "-" "Mozilla/5.0 (compatible; Barkrowler/0.9; +https://babbar.tech/crawler)" 
124.253.210.44 - - [24/Jul/2021:04:52:35 -0700] "GET / HTTP/1.1" 200 12883 "-" "Mozilla/5.0 (X11; Linux x86_64) AppleWebKit/537.36 (KHTML, like Gecko) Chrome/91.0.4472.106 Safari/537.36" 
124.253.210.44 - - [24/Jul/2021:04:52:36 -0700] "GET /css/style.css HTTP/1.1" 404 305 "http://www.secrepo.com/" "Mozilla/5.0 (X11; Linux x86_64) AppleWebKit/537.36 (KHTML, like Gecko) Chrome/91.0.4472.106 Safari/537.36" 
124.253.210.44 - - [24/Jul/2021:04:52:36 -0700] "GET /twitter-icon.png HTTP/1.1" 200 27916 "http://www.secrepo.com/" "Mozilla/5.0 (X11; Linux x86_64) AppleWebKit/537.36 (KHTML, like Gecko) Chrome/91.0.4472.106 Safari/537.36" 
124.253.210.44 - - [24/Jul/2021:04:52:36 -0700] "GET /GitHub-Mark.png HTTP/1.1" 200 7533 "http://www.secrepo.com/" "Mozilla/5.0 (X11; Linux x86_64) AppleWebKit/537.36 (KHTML, like Gecko) Chrome/91.0.4472.106 Safari/537.36" 
124.253.210.44 - - [24/Jul/2021:04:52:37 -0700] "GET /bootstrap/img/favicon.ico HTTP/1.1" 200 690 "http://www.secrepo.com/" "Mozilla/5.0 (X11; Linux x86_64) AppleWebKit/537.36 (KHTML, like Gecko) Chrome/91.0.4472.106 Safari/537.36" 
62.210.143.10 - - [24/Jul/2021:04:52:52 -0700] "GET /self.logs/error.log.2020-07-14 HTTP/1.1" 304 261 "-" "Mozilla/5.0 (compatible; Barkrowler/0.9; +https://babbar.tech/crawler)" 
124.253.210.44 - - [24/Jul/2021:04:52:53 -0700] "GET /css/style.css HTTP/1.1" 404 328 "http://www.secrepo.com/" "Mozilla/5.0 (X11; Linux x86_64) AppleWebKit/537.36 (KHTML, like Gecko) Chrome/91.0.4472.106 Safari/537.36" 
54.36.149.3 - - [24/Jul/2021:04:53:07 -0700] "GET /self.logs/error.log.2019-05-10.gz HTTP/1.1" 200 6591 "-" "Mozilla/5.0 (compatible; AhrefsBot/7.0; +http://ahrefs.com/robot/)" 
62.210.143.10 - - [24/Jul/2021:04:53:16 -0700] "GET /self.logs/error.log.2020-09-15 HTTP/1.1" 304 261 "-" "Mozilla/5.0 (compatible; Barkrowler/0.9; +https://babbar.tech/crawler)" 
62.210.143.10 - - [24/Jul/2021:04:53:41 -0700] "GET /self.logs/error.log.2020-09-13 HTTP/1.1" 304 261 "-" "Mozilla/5.0 (compatible; Barkrowler/0.9; +https://babbar.tech/crawler)" 
106.38.241.178 - - [24/Jul/2021:04:53:48 -0700] "GET / HTTP/1.1" 200 12846 "-" "Sogou web spider/4.0(+http://www.sogou.com/docs/help/webmasters.htm#07)" 
124.253.210.44 - - [24/Jul/2021:04:55:38 -0700] "GET /honeypot/BSidesDFW%20-%202014.ipynb HTTP/1.1" 200 930921 "http://www.secrepo.com/" "Mozilla/5.0 (X11; Linux x86_64) AppleWebKit/537.36 (KHTML, like Gecko) Chrome/91.0.4472.106 Safari/537.36" 
124.253.210.44 - - [24/Jul/2021:04:55:41 -0700] "GET /favicon.ico HTTP/1.1" 200 368 "http://www.secrepo.com/honeypot/BSidesDFW%20-%202014.ipynb" "Mozilla/5.0 (X11; Linux x86_64) AppleWebKit/537.36 (KHTML, like Gecko) Chrome/91.0.4472.106 Safari/537.36" 
114.119.150.248 - - [24/Jul/2021:04:56:50 -0700] "GET /Datasets%20Description/Network/dhcp.html HTTP/1.1" 200 1461 "-" "Mozilla/5.0 (Linux; Android 7.0;) AppleWebKit/537.36 (KHTML, like Gecko) Mobile Safari/537.36 (compatible; PetalBot;+https://webmaster.petalsearch.com/site/petalbot)" 
49.7.21.122 - - [24/Jul/2021:04:58:58 -0700] "GET / HTTP/1.1" 200 12846 "-" "Sogou web spider/4.0(+http://www.sogou.com/docs/help/webmasters.htm#07)" 
54.36.149.61 - - [24/Jul/2021:05:03:38 -0700] "GET /self.logs/access.log.2017-12-23.gz HTTP/1.1" 200 19228 "-" "Mozilla/5.0 (compatible; AhrefsBot/7.0; +http://ahrefs.com/robot/)" 
49.7.20.137 - - [24/Jul/2021:05:04:21 -0700] "GET /honeypot/BSidesDFW%20-%202014.ipynb HTTP/1.1" 200 67160 "-" "Sogou web spider/4.0(+http://www.sogou.com/docs/help/webmasters.htm#07)" 
216.244.66.245 - - [24/Jul/2021:05:06:10 -0700] "GET /robots.txt HTTP/1.1" 200 333 "-" "Mozilla/5.0 (compatible; DotBot/1.2; +https://opensiteexplorer.org/dotbot; help@moz.com)" 
157.55.39.52 - - [24/Jul/2021:05:09:45 -0700] "GET /self.logs/error.log.2021-06-07.gz HTTP/1.1" 200 1587 "-" "Mozilla/5.0 (compatible; bingbot/2.0; +http://www.bing.com/bingbot.htm)" 
62.210.143.10 - - [24/Jul/2021:05:11:24 -0700] "GET /self.logs/error.log.2020-06-14 HTTP/1.1" 304 261 "-" "Mozilla/5.0 (compatible; Barkrowler/0.9; +https://babbar.tech/crawler)" 
62.210.143.10 - - [24/Jul/2021:05:11:42 -0700] "GET /self.logs/error.log.2020-03-22 HTTP/1.1" 304 261 "-" "Mozilla/5.0 (compatible; Barkrowler/0.9; +https://babbar.tech/crawler)" 
62.210.143.10 - - [24/Jul/2021:05:11:58 -0700] "GET /self.logs/error.log.2020-08-20 HTTP/1.1" 304 261 "-" "Mozilla/5.0 (compatible; Barkrowler/0.9; +https://babbar.tech/crawler)" 
62.210.143.10 - - [24/Jul/2021:05:12:24 -0700] "GET /self.logs/error.log.2020-02-18 HTTP/1.1" 304 263 "-" "Mozilla/5.0 (compatible; Barkrowler/0.9; +https://babbar.tech/crawler)" 
62.210.143.10 - - [24/Jul/2021:05:12:50 -0700] "GET /self.logs/error.log.2020-09-17 HTTP/1.1" 304 261 "-" "Mozilla/5.0 (compatible; Barkrowler/0.9; +https://babbar.tech/crawler)" 
13.66.139.1 - - [24/Jul/2021:05:12:55 -0700] "GET /robots.txt HTTP/1.1" 200 377 "-" "Mozilla/5.0 (compatible; bingbot/2.0; +http://www.bing.com/bingbot.htm)" 
13.66.139.0 - - [24/Jul/2021:05:13:04 -0700] "GET /self.logs/access.log.2018-07-04.gz HTTP/1.1" 304 280 "-" "Mozilla/5.0 (compatible; bingbot/2.0; +http://www.bing.com/bingbot.htm)" 
62.210.143.10 - - [24/Jul/2021:05:13:17 -0700] "GET /self.logs/error.log.2020-01-17 HTTP/1.1" 304 261 "-" "Mozilla/5.0 (compatible; Barkrowler/0.9; +https://babbar.tech/crawler)" 
62.210.143.10 - - [24/Jul/2021:05:14:00 -0700] "GET /self.logs/error.log.2020-07-11 HTTP/1.1" 304 261 "-" "Mozilla/5.0 (compatible; Barkrowler/0.9; +https://babbar.tech/crawler)" 
62.210.143.10 - - [24/Jul/2021:05:14:28 -0700] "GET /self.logs/error.log.2020-06-20 HTTP/1.1" 304 261 "-" "Mozilla/5.0 (compatible; Barkrowler/0.9; +https://babbar.tech/crawler)" 
62.210.143.10 - - [24/Jul/2021:05:14:54 -0700] "GET /self.logs/error.log.2020-05-31 HTTP/1.1" 304 261 "-" "Mozilla/5.0 (compatible; Barkrowler/0.9; +https://babbar.tech/crawler)" 
106.38.241.178 - - [24/Jul/2021:05:15:05 -0700] "GET / HTTP/1.1" 200 12846 "-" "Sogou web spider/4.0(+http://www.sogou.com/docs/help/webmasters.htm#07)" 
62.210.143.10 - - [24/Jul/2021:05:15:23 -0700] "GET /self.logs/error.log.2020-04-20 HTTP/1.1" 304 261 "-" "Mozilla/5.0 (compatible; Barkrowler/0.9; +https://babbar.tech/crawler)" 
62.210.143.10 - - [24/Jul/2021:05:15:50 -0700] "GET /self.logs/error.log.2020-03-10 HTTP/1.1" 304 261 "-" "Mozilla/5.0 (compatible; Barkrowler/0.9; +https://babbar.tech/crawler)" 
62.210.143.10 - - [24/Jul/2021:05:16:15 -0700] "GET /self.logs/error.log.2020-08-10 HTTP/1.1" 304 261 "-" "Mozilla/5.0 (compatible; Barkrowler/0.9; +https://babbar.tech/crawler)" 
62.210.143.10 - - [24/Jul/2021:05:16:37 -0700] "GET /self.logs/error.log.2020-08-21 HTTP/1.1" 304 261 "-" "Mozilla/5.0 (compatible; Barkrowler/0.9; +https://babbar.tech/crawler)" 
