104.215.193.158 - - [31/May/2021:19:18:23 -0700] "GET /css/style.css HTTP/1.1" 404 250 "http://www.secrepo.com/" "Mozilla/5.0 (Windows NT 10.0; Win64; x64) AppleWebKit/537.36 (KHTML, like Gecko) Chrome/90.0.4430.212 Safari/537.36" 
104.215.193.158 - - [31/May/2021:19:18:23 -0700] "GET /twitter-icon.png HTTP/1.1" 200 27838 "http://www.secrepo.com/" "Mozilla/5.0 (Windows NT 10.0; Win64; x64) AppleWebKit/537.36 (KHTML, like Gecko) Chrome/90.0.4430.212 Safari/537.36" 
104.215.193.158 - - [31/May/2021:19:18:23 -0700] "GET /GitHub-Mark.png HTTP/1.1" 200 7478 "http://www.secrepo.com/" "Mozilla/5.0 (Windows NT 10.0; Win64; x64) AppleWebKit/537.36 (KHTML, like Gecko) Chrome/90.0.4430.212 Safari/537.36" 
104.215.193.158 - - [31/May/2021:19:18:24 -0700] "GET /bootstrap/img/favicon.ico HTTP/1.1" 200 635 "http://www.secrepo.com/" "Mozilla/5.0 (Windows NT 10.0; Win64; x64) AppleWebKit/537.36 (KHTML, like Gecko) Chrome/90.0.4430.212 Safari/537.36" 
114.119.157.43 - - [31/May/2021:19:18:45 -0700] "GET /self.logs/2015/access.log.2015-06-09.gz HTTP/1.1" 200 8260 "-" "Mozilla/5.0 (Linux; Android 7.0;) AppleWebKit/537.36 (KHTML, like Gecko) Mobile Safari/537.36 (compatible; PetalBot;+https://webmaster.petalsearch.com/site/petalbot)" 
114.119.159.40 - - [31/May/2021:19:24:25 -0700] "GET /self.logs/access.log.2017-08-25.gz HTTP/1.1" 200 18070 "-" "Mozilla/5.0 (Linux; Android 7.0;) AppleWebKit/537.36 (KHTML, like Gecko) Mobile Safari/537.36 (compatible; PetalBot;+https://webmaster.petalsearch.com/site/petalbot)" 
73.241.66.155 - - [31/May/2021:19:24:48 -0700] "GET / HTTP/1.1" 200 12881 "-" "Mozilla/5.0 (Windows NT 10.0; Win64; x64) AppleWebKit/537.36 (KHTML, like Gecko) Chrome/90.0.4430.212 Safari/537.36" 
73.241.66.155 - - [31/May/2021:19:24:48 -0700] "GET /css/style.css HTTP/1.1" 404 305 "http://www.secrepo.com/" "Mozilla/5.0 (Windows NT 10.0; Win64; x64) AppleWebKit/537.36 (KHTML, like Gecko) Chrome/90.0.4430.212 Safari/537.36" 
73.241.66.155 - - [31/May/2021:19:24:48 -0700] "GET /twitter-icon.png HTTP/1.1" 200 27893 "http://www.secrepo.com/" "Mozilla/5.0 (Windows NT 10.0; Win64; x64) AppleWebKit/537.36 (KHTML, like Gecko) Chrome/90.0.4430.212 Safari/537.36" 
73.241.66.155 - - [31/May/2021:19:24:48 -0700] "GET /GitHub-Mark.png HTTP/1.1" 200 7556 "http://www.secrepo.com/" "Mozilla/5.0 (Windows NT 10.0; Win64; x64) AppleWebKit/537.36 (KHTML, like Gecko) Chrome/90.0.4430.212 Safari/537.36" 
73.241.66.155 - - [31/May/2021:19:24:49 -0700] "GET /bootstrap/img/favicon.ico HTTP/1.1" 200 690 "http://www.secrepo.com/" "Mozilla/5.0 (Windows NT 10.0; Win64; x64) AppleWebKit/537.36 (KHTML, like Gecko) Chrome/90.0.4430.212 Safari/537.36" 
157.55.39.75 - - [31/May/2021:19:27:59 -0700] "GET /self.logs/error.log.2017-07-27.gz HTTP/1.1" 200 947 "-" "Mozilla/5.0 (compatible; bingbot/2.0; +http://www.bing.com/bingbot.htm)" 
157.55.39.26 - - [31/May/2021:19:29:27 -0700] "GET /self.logs/access.log.2021-05-09.gz HTTP/1.1" 200 24417 "-" "Mozilla/5.0 (compatible; bingbot/2.0; +http://www.bing.com/bingbot.htm)" 
52.212.146.96 - - [31/May/2021:19:30:02 -0700] "GET /self.logs/access.log.2021-05-25.gz HTTP/1.1" 200 22166 "-" "python-requests/2.12.1" 
108.59.8.80 - - [31/May/2021:19:32:58 -0700] "GET /robots.txt HTTP/1.1" 301 495 "-" "Mozilla/5.0 (compatible; MJ12bot/v1.4.8; http://mj12bot.com/)" 
108.59.8.80 - - [31/May/2021:19:32:58 -0700] "GET /robots.txt HTTP/1.1" 200 377 "-" "Mozilla/5.0 (compatible; MJ12bot/v1.4.8; http://mj12bot.com/)" 
108.59.8.80 - - [31/May/2021:19:33:15 -0700] "GET / HTTP/1.1" 301 419 "-" "Mozilla/5.0 (compatible; MJ12bot/v1.4.8; http://mj12bot.com/)" 
108.59.8.80 - - [31/May/2021:19:33:17 -0700] "GET / HTTP/1.1" 200 12837 "-" "Mozilla/5.0 (compatible; MJ12bot/v1.4.8; http://mj12bot.com/)" 
74.125.212.237 - - [31/May/2021:19:36:39 -0700] "GET / HTTP/1.1" 301 475 "-" "Mozilla/5.0 (X11; Linux x86_64) AppleWebKit/537.36 (KHTML, like Gecko) Chrome/49.0.2623.75 Safari/537.36 Google Favicon" 
74.125.212.1 - - [31/May/2021:19:36:39 -0700] "GET / HTTP/1.1" 200 12881 "-" "Mozilla/5.0 (X11; Linux x86_64) AppleWebKit/537.36 (KHTML, like Gecko) Chrome/49.0.2623.75 Safari/537.36 Google Favicon" 
74.125.212.1 - - [31/May/2021:19:36:40 -0700] "GET /bootstrap/img/favicon.ico HTTP/1.1" 200 690 "-" "Mozilla/5.0 (X11; Linux x86_64) AppleWebKit/537.36 (KHTML, like Gecko) Chrome/49.0.2623.75 Safari/537.36 Google Favicon" 
106.38.241.178 - - [31/May/2021:19:39:04 -0700] "GET / HTTP/1.1" 200 12844 "-" "Sogou web spider/4.0(+http://www.sogou.com/docs/help/webmasters.htm#07)" 
114.119.159.101 - - [31/May/2021:19:40:55 -0700] "GET /self.logs/access.log.2018-01-14.gz HTTP/1.1" 200 18964 "-" "Mozilla/5.0 (Linux; Android 7.0;) AppleWebKit/537.36 (KHTML, like Gecko) Mobile Safari/537.36 (compatible; PetalBot;+https://webmaster.petalsearch.com/site/petalbot)" 
116.86.180.14 - - [31/May/2021:19:42:52 -0700] "GET /Security-Data-Analysis/Lab_2/http.log.zip HTTP/1.1" 200 53279579 "-" "Mozilla/5.0 (Windows NT 10.0; Win64; x64) AppleWebKit/537.36 (KHTML, like Gecko) Chrome/91.0.4472.77 Safari/537.36" 
111.198.231.56 - - [31/May/2021:19:43:18 -0700] "GET / HTTP/1.1" 200 12881 "-" "Mozilla/5.0 (Macintosh; Intel Mac OS X 10_15_7) AppleWebKit/605.1.15 (KHTML, like Gecko)" 
111.198.231.56 - - [31/May/2021:19:43:18 -0700] "GET /apple-touch-icon-precomposed.png HTTP/1.1" 404 328 "-" "Safari%E6%B5%8F%E8%A7%88%E5%99%A8/16611.2.7.1.4 CFNetwork/1240.0.4 Darwin/20.5.0" 
111.198.231.56 - - [31/May/2021:19:43:19 -0700] "GET /apple-touch-icon.png HTTP/1.1" 404 305 "-" "Safari%E6%B5%8F%E8%A7%88%E5%99%A8/16611.2.7.1.4 CFNetwork/1240.0.4 Darwin/20.5.0" 
111.198.231.56 - - [31/May/2021:19:43:19 -0700] "GET /bootstrap/img/favicon.ico HTTP/1.1" 304 253 "-" "Safari%E6%B5%8F%E8%A7%88%E5%99%A8/16611.2.7.1.4 CFNetwork/1240.0.4 Darwin/20.5.0" 
111.198.231.56 - - [31/May/2021:19:43:19 -0700] "GET / HTTP/1.1" 200 12858 "-" "Mozilla/5.0 (iPhone; CPU iPhone OS 14_0 like Mac OS X) AppleWebKit/605.1.15 (KHTML, like Gecko) Version/14.0 Mobile/15E148 Safari/604.1" 
111.198.231.56 - - [31/May/2021:19:43:20 -0700] "GET /apple-touch-icon-precomposed.png HTTP/1.1" 404 305 "-" "Safari%E6%B5%8F%E8%A7%88%E5%99%A8/16611.2.7.1.4 CFNetwork/1240.0.4 Darwin/20.5.0" 
111.198.231.56 - - [31/May/2021:19:43:20 -0700] "GET /apple-touch-icon.png HTTP/1.1" 404 305 "-" "Safari%E6%B5%8F%E8%A7%88%E5%99%A8/16611.2.7.1.4 CFNetwork/1240.0.4 Darwin/20.5.0" 
116.86.180.14 - - [31/May/2021:19:43:33 -0700] "GET /honeypot/honeypot.json.zip HTTP/1.1" 200 23086087 "-" "Mozilla/5.0 (Windows NT 10.0; Win64; x64) AppleWebKit/537.36 (KHTML, like Gecko) Chrome/91.0.4472.77 Safari/537.36" 
116.86.180.14 - - [31/May/2021:19:44:18 -0700] "GET /Security-Data-Analysis/Lab_2/http.log.zip HTTP/1.1" 206 23771 "-" "Mozilla/5.0 (Windows NT 10.0; Win64; x64; rv:88.0) Gecko/20100101 Firefox/88.0" 
116.86.180.14 - - [31/May/2021:19:44:17 -0700] "GET /Security-Data-Analysis/Lab_2/http.log.zip HTTP/1.1" 200 3714240 "-" "Mozilla/5.0 (Windows NT 10.0; Win64; x64; rv:88.0) Gecko/20100101 Firefox/88.0" 
116.86.180.14 - - [31/May/2021:19:44:19 -0700] "GET /Security-Data-Analysis/Lab_2/http.log.zip HTTP/1.1" 206 12738611 "-" "Mozilla/5.0 (Windows NT 10.0; Win64; x64; rv:88.0) Gecko/20100101 Firefox/88.0" 
116.86.180.14 - - [31/May/2021:19:44:19 -0700] "GET /Security-Data-Analysis/Lab_2/http.log.zip HTTP/1.1" 206 11704412 "-" "Mozilla/5.0 (Windows NT 10.0; Win64; x64; rv:88.0) Gecko/20100101 Firefox/88.0" 
116.86.180.14 - - [31/May/2021:19:44:20 -0700] "GET /Security-Data-Analysis/Lab_2/http.log.zip HTTP/1.1" 206 6282065 "-" "Mozilla/5.0 (Windows NT 10.0; Win64; x64; rv:88.0) Gecko/20100101 Firefox/88.0" 
116.86.180.14 - - [31/May/2021:19:44:23 -0700] "GET /Security-Data-Analysis/Lab_2/http.log.zip HTTP/1.1" 206 2754620 "-" "Mozilla/5.0 (Windows NT 10.0; Win64; x64; rv:88.0) Gecko/20100101 Firefox/88.0" 
116.86.180.14 - - [31/May/2021:19:44:21 -0700] "GET /Security-Data-Analysis/Lab_2/http.log.zip HTTP/1.1" 206 3031977 "-" "Mozilla/5.0 (Windows NT 10.0; Win64; x64; rv:88.0) Gecko/20100101 Firefox/88.0" 
116.86.180.14 - - [31/May/2021:19:44:21 -0700] "GET /Security-Data-Analysis/Lab_2/http.log.zip HTTP/1.1" 206 3132188 "-" "Mozilla/5.0 (Windows NT 10.0; Win64; x64; rv:88.0) Gecko/20100101 Firefox/88.0" 
116.86.180.14 - - [31/May/2021:19:44:20 -0700] "GET /Security-Data-Analysis/Lab_2/http.log.zip HTTP/1.1" 206 5952413 "-" "Mozilla/5.0 (Windows NT 10.0; Win64; x64; rv:88.0) Gecko/20100101 Firefox/88.0" 
116.86.180.14 - - [31/May/2021:19:44:20 -0700] "GET /Security-Data-Analysis/Lab_2/http.log.zip HTTP/1.1" 206 6339820 "-" "Mozilla/5.0 (Windows NT 10.0; Win64; x64; rv:88.0) Gecko/20100101 Firefox/88.0" 
116.86.180.14 - - [31/May/2021:19:44:25 -0700] "GET /Security-Data-Analysis/Lab_2/http.log.zip HTTP/1.1" 206 1453912 "-" "Mozilla/5.0 (Windows NT 10.0; Win64; x64; rv:88.0) Gecko/20100101 Firefox/88.0" 
116.86.180.14 - - [31/May/2021:19:44:26 -0700] "GET /Security-Data-Analysis/Lab_2/http.log.zip HTTP/1.1" 206 866796 "-" "Mozilla/5.0 (Windows NT 10.0; Win64; x64; rv:88.0) Gecko/20100101 Firefox/88.0" 
116.86.180.14 - - [31/May/2021:19:44:26 -0700] "GET /Security-Data-Analysis/Lab_2/http.log.zip HTTP/1.1" 206 678283 "-" "Mozilla/5.0 (Windows NT 10.0; Win64; x64; rv:88.0) Gecko/20100101 Firefox/88.0" 
116.86.180.14 - - [31/May/2021:19:44:27 -0700] "GET /Security-Data-Analysis/Lab_2/http.log.zip HTTP/1.1" 206 550776 "-" "Mozilla/5.0 (Windows NT 10.0; Win64; x64; rv:88.0) Gecko/20100101 Firefox/88.0" 
116.86.180.14 - - [31/May/2021:19:44:20 -0700] "GET /Security-Data-Analysis/Lab_2/http.log.zip HTTP/1.1" 206 3520412 "-" "Mozilla/5.0 (Windows NT 10.0; Win64; x64; rv:88.0) Gecko/20100101 Firefox/88.0" 
116.86.180.14 - - [31/May/2021:19:44:20 -0700] "GET /Security-Data-Analysis/Lab_2/http.log.zip HTTP/1.1" 206 3384412 "-" "Mozilla/5.0 (Windows NT 10.0; Win64; x64; rv:88.0) Gecko/20100101 Firefox/88.0" 
116.86.180.14 - - [31/May/2021:19:44:28 -0700] "GET /Security-Data-Analysis/Lab_2/http.log.zip HTTP/1.1" 206 78840 "-" "Mozilla/5.0 (Windows NT 10.0; Win64; x64; rv:88.0) Gecko/20100101 Firefox/88.0" 
116.86.180.14 - - [31/May/2021:19:44:27 -0700] "GET /Security-Data-Analysis/Lab_2/http.log.zip HTTP/1.1" 206 270029 "-" "Mozilla/5.0 (Windows NT 10.0; Win64; x64; rv:88.0) Gecko/20100101 Firefox/88.0" 
116.86.180.14 - - [31/May/2021:19:44:27 -0700] "GET /Security-Data-Analysis/Lab_2/http.log.zip HTTP/1.1" 206 370877 "-" "Mozilla/5.0 (Windows NT 10.0; Win64; x64; rv:88.0) Gecko/20100101 Firefox/88.0" 
116.86.180.14 - - [31/May/2021:19:44:28 -0700] "GET /Security-Data-Analysis/Lab_2/http.log.zip HTTP/1.1" 206 60791 "-" "Mozilla/5.0 (Windows NT 10.0; Win64; x64; rv:88.0) Gecko/20100101 Firefox/88.0" 
116.86.180.14 - - [31/May/2021:19:44:28 -0700] "GET /Security-Data-Analysis/Lab_2/http.log.zip HTTP/1.1" 206 42416 "-" "Mozilla/5.0 (Windows NT 10.0; Win64; x64; rv:88.0) Gecko/20100101 Firefox/88.0" 
116.86.180.14 - - [31/May/2021:19:44:28 -0700] "GET /Security-Data-Analysis/Lab_2/http.log.zip HTTP/1.1" 206 78840 "-" "Mozilla/5.0 (Windows NT 10.0; Win64; x64; rv:88.0) Gecko/20100101 Firefox/88.0" 
116.86.180.14 - - [31/May/2021:19:44:19 -0700] "GET /Security-Data-Analysis/Lab_2/http.log.zip HTTP/1.1" 206 1024920 "-" "Mozilla/5.0 (Windows NT 10.0; Win64; x64; rv:88.0) Gecko/20100101 Firefox/88.0" 
116.86.180.14 - - [31/May/2021:19:44:28 -0700] "GET /Security-Data-Analysis/Lab_2/http.log.zip HTTP/1.1" 206 75920 "-" "Mozilla/5.0 (Windows NT 10.0; Win64; x64; rv:88.0) Gecko/20100101 Firefox/88.0" 
116.86.180.14 - - [31/May/2021:19:44:37 -0700] "GET /honeypot/honeypot.json.zip HTTP/1.1" 206 23771 "-" "Mozilla/5.0 (Windows NT 10.0; Win64; x64; rv:88.0) Gecko/20100101 Firefox/88.0" 
116.86.180.14 - - [31/May/2021:19:44:37 -0700] "GET /honeypot/honeypot.json.zip HTTP/1.1" 200 2890800 "-" "Mozilla/5.0 (Windows NT 10.0; Win64; x64; rv:88.0) Gecko/20100101 Firefox/88.0" 
116.86.180.14 - - [31/May/2021:19:44:38 -0700] "GET /honeypot/honeypot.json.zip HTTP/1.1" 206 3776413 "-" "Mozilla/5.0 (Windows NT 10.0; Win64; x64; rv:88.0) Gecko/20100101 Firefox/88.0" 
116.86.180.14 - - [31/May/2021:19:44:38 -0700] "GET /honeypot/honeypot.json.zip HTTP/1.1" 206 4160412 "-" "Mozilla/5.0 (Windows NT 10.0; Win64; x64; rv:88.0) Gecko/20100101 Firefox/88.0" 
116.86.180.14 - - [31/May/2021:19:44:40 -0700] "GET /honeypot/honeypot.json.zip HTTP/1.1" 206 2115953 "-" "Mozilla/5.0 (Windows NT 10.0; Win64; x64; rv:88.0) Gecko/20100101 Firefox/88.0" 
116.86.180.14 - - [31/May/2021:19:44:40 -0700] "GET /honeypot/honeypot.json.zip HTTP/1.1" 206 2240412 "-" "Mozilla/5.0 (Windows NT 10.0; Win64; x64; rv:88.0) Gecko/20100101 Firefox/88.0" 
116.86.180.14 - - [31/May/2021:19:44:40 -0700] "GET /honeypot/honeypot.json.zip HTTP/1.1" 206 2376411 "-" "Mozilla/5.0 (Windows NT 10.0; Win64; x64; rv:88.0) Gecko/20100101 Firefox/88.0" 
116.86.180.14 - - [31/May/2021:19:44:38 -0700] "GET /honeypot/honeypot.json.zip HTTP/1.1" 206 3512412 "-" "Mozilla/5.0 (Windows NT 10.0; Win64; x64; rv:88.0) Gecko/20100101 Firefox/88.0" 
116.86.180.14 - - [31/May/2021:19:44:41 -0700] "GET /honeypot/honeypot.json.zip HTTP/1.1" 206 1772123 "-" "Mozilla/5.0 (Windows NT 10.0; Win64; x64; rv:88.0) Gecko/20100101 Firefox/88.0" 
116.86.180.14 - - [31/May/2021:19:44:42 -0700] "GET /honeypot/honeypot.json.zip HTTP/1.1" 206 735161 "-" "Mozilla/5.0 (Windows NT 10.0; Win64; x64; rv:88.0) Gecko/20100101 Firefox/88.0" 
116.86.180.14 - - [31/May/2021:19:44:40 -0700] "GET /honeypot/honeypot.json.zip HTTP/1.1" 206 3128411 "-" "Mozilla/5.0 (Windows NT 10.0; Win64; x64; rv:88.0) Gecko/20100101 Firefox/88.0" 
116.86.180.14 - - [31/May/2021:19:44:43 -0700] "GET /honeypot/honeypot.json.zip HTTP/1.1" 206 78840 "-" "Mozilla/5.0 (Windows NT 10.0; Win64; x64; rv:88.0) Gecko/20100101 Firefox/88.0" 
116.86.180.14 - - [31/May/2021:19:44:42 -0700] "GET /honeypot/honeypot.json.zip HTTP/1.1" 206 608868 "-" "Mozilla/5.0 (Windows NT 10.0; Win64; x64; rv:88.0) Gecko/20100101 Firefox/88.0" 
116.86.180.14 - - [31/May/2021:19:44:44 -0700] "GET /honeypot/honeypot.json.zip HTTP/1.1" 206 68946 "-" "Mozilla/5.0 (Windows NT 10.0; Win64; x64; rv:88.0) Gecko/20100101 Firefox/88.0" 
116.86.180.14 - - [31/May/2021:19:44:43 -0700] "GET /honeypot/honeypot.json.zip HTTP/1.1" 206 316924 "-" "Mozilla/5.0 (Windows NT 10.0; Win64; x64; rv:88.0) Gecko/20100101 Firefox/88.0" 
116.86.180.14 - - [31/May/2021:19:44:43 -0700] "GET /honeypot/honeypot.json.zip HTTP/1.1" 206 151606 "-" "Mozilla/5.0 (Windows NT 10.0; Win64; x64; rv:88.0) Gecko/20100101 Firefox/88.0" 
116.86.180.14 - - [31/May/2021:19:44:44 -0700] "GET /honeypot/honeypot.json.zip HTTP/1.1" 206 60251 "-" "Mozilla/5.0 (Windows NT 10.0; Win64; x64; rv:88.0) Gecko/20100101 Firefox/88.0" 
116.86.180.14 - - [31/May/2021:19:44:43 -0700] "GET /honeypot/honeypot.json.zip HTTP/1.1" 206 253776 "-" "Mozilla/5.0 (Windows NT 10.0; Win64; x64; rv:88.0) Gecko/20100101 Firefox/88.0" 
116.86.180.14 - - [31/May/2021:19:44:44 -0700] "GET /honeypot/honeypot.json.zip HTTP/1.1" 206 120030 "-" "Mozilla/5.0 (Windows NT 10.0; Win64; x64; rv:88.0) Gecko/20100101 Firefox/88.0" 
106.38.241.177 - - [31/May/2021:19:48:56 -0700] "GET / HTTP/1.1" 200 12844 "-" "Sogou web spider/4.0(+http://www.sogou.com/docs/help/webmasters.htm#07)" 
123.183.224.116 - - [31/May/2021:19:50:25 -0700] "GET / HTTP/1.1" 301 438 "-" "Sogou web spider/4.0(+http://www.sogou.com/docs/help/webmasters.htm#07)" 
114.119.159.40 - - [31/May/2021:19:52:13 -0700] "GET /self.logs/error.log.2020-07-09.gz HTTP/1.1" 200 5046 "-" "Mozilla/5.0 (Linux; Android 7.0;) AppleWebKit/537.36 (KHTML, like Gecko) Mobile Safari/537.36 (compatible; PetalBot;+https://webmaster.petalsearch.com/site/petalbot)" 
114.119.159.40 - - [31/May/2021:19:57:52 -0700] "GET /self.logs/error.log.2019-07-05.gz HTTP/1.1" 200 2365 "-" "Mozilla/5.0 (Linux; Android 7.0;) AppleWebKit/537.36 (KHTML, like Gecko) Mobile Safari/537.36 (compatible; PetalBot;+https://webmaster.petalsearch.com/site/petalbot)" 
123.183.224.116 - - [31/May/2021:20:02:08 -0700] "GET / HTTP/1.1" 200 12842 "-" "Sogou web spider/4.0(+http://www.sogou.com/docs/help/webmasters.htm#07)" 
116.86.180.14 - - [31/May/2021:20:02:56 -0700] "GET /Security-Data-Analysis/Lab_2/http.log.zip HTTP/1.1" 200 53279579 "-" "Mozilla/5.0 (Windows NT 10.0; Win64; x64) AppleWebKit/537.36 (KHTML, like Gecko) Chrome/91.0.4472.77 Safari/537.36" 
106.38.241.177 - - [31/May/2021:20:03:34 -0700] "GET / HTTP/1.1" 200 12842 "-" "Sogou web spider/4.0(+http://www.sogou.com/docs/help/webmasters.htm#07)" 
114.119.141.53 - - [31/May/2021:20:03:43 -0700] "GET /self.logs/error.log.2018-03-21.gz HTTP/1.1" 200 3686 "-" "Mozilla/5.0 (Linux; Android 7.0;) AppleWebKit/537.36 (KHTML, like Gecko) Mobile Safari/537.36 (compatible; PetalBot;+https://webmaster.petalsearch.com/site/petalbot)" 
172.56.42.237 - - [31/May/2021:20:04:06 -0700] "GET /css/style.css HTTP/1.1" 404 328 "http://www.secrepo.com/" "Mozilla/5.0 (Linux; Android 10; ONEPLUS A6013) AppleWebKit/537.36 (KHTML, like Gecko) Chrome/90.0.4430.210 Mobile Safari/537.36" 
49.7.21.81 - - [31/May/2021:20:04:39 -0700] "GET / HTTP/1.1" 200 12842 "-" "Sogou web spider/4.0(+http://www.sogou.com/docs/help/webmasters.htm#07)" 
47.241.117.159 - - [31/May/2021:20:05:45 -0700] "GET / HTTP/1.1" 200 12879 "-" "Mozilla/5.0 (Windows NT 6.1; Win64; x64) AppleWebKit/537.36 (KHTML, like Gecko) Chrome/90.0.4430.93 Safari/537.36" 
47.241.117.159 - - [31/May/2021:20:05:45 -0700] "GET /twitter-icon.png HTTP/1.1" 200 27893 "http://www.secrepo.com/" "Mozilla/5.0 (Windows NT 6.1; Win64; x64) AppleWebKit/537.36 (KHTML, like Gecko) Chrome/90.0.4430.93 Safari/537.36" 
47.241.117.159 - - [31/May/2021:20:05:45 -0700] "GET /css/style.css HTTP/1.1" 404 328 "http://www.secrepo.com/" "Mozilla/5.0 (Windows NT 6.1; Win64; x64) AppleWebKit/537.36 (KHTML, like Gecko) Chrome/90.0.4430.93 Safari/537.36" 
47.241.117.159 - - [31/May/2021:20:05:46 -0700] "GET /GitHub-Mark.png HTTP/1.1" 200 7533 "http://www.secrepo.com/" "Mozilla/5.0 (Windows NT 6.1; Win64; x64) AppleWebKit/537.36 (KHTML, like Gecko) Chrome/90.0.4430.93 Safari/537.36" 
47.241.117.159 - - [31/May/2021:20:05:47 -0700] "GET /bootstrap/img/favicon.ico HTTP/1.1" 200 690 "http://www.secrepo.com/" "Mozilla/5.0 (Windows NT 6.1; Win64; x64) AppleWebKit/537.36 (KHTML, like Gecko) Chrome/90.0.4430.93 Safari/537.36" 
47.241.117.159 - - [31/May/2021:20:06:10 -0700] "GET /maccdc2012/conn.log.gz HTTP/1.1" 200 16511140 "http://www.secrepo.com/" "Mozilla/5.0 (Windows NT 6.1; Win64; x64) AppleWebKit/537.36 (KHTML, like Gecko) Chrome/90.0.4430.93 Safari/537.36" 
114.119.130.95 - - [31/May/2021:20:09:04 -0700] "GET /self.logs/access.log.2018-09-07.gz HTTP/1.1" 200 28014 "-" "Mozilla/5.0 (Linux; Android 7.0;) AppleWebKit/537.36 (KHTML, like Gecko) Mobile Safari/537.36 (compatible; PetalBot;+https://webmaster.petalsearch.com/site/petalbot)" 
40.77.167.35 - - [31/May/2021:20:15:02 -0700] "GET /self.logs/error.log.2017-07-31.gz HTTP/1.1" 200 1055 "-" "Mozilla/5.0 (compatible; bingbot/2.0; +http://www.bing.com/bingbot.htm)" 
106.38.241.177 - - [31/May/2021:20:15:12 -0700] "GET / HTTP/1.1" 200 12843 "-" "Sogou web spider/4.0(+http://www.sogou.com/docs/help/webmasters.htm#07)" 
40.77.167.35 - - [31/May/2021:20:24:18 -0700] "GET /self.logs/access.log.2021-05-03.gz HTTP/1.1" 200 14409 "-" "Mozilla/5.0 (compatible; bingbot/2.0; +http://www.bing.com/bingbot.htm)" 
157.55.39.17 - - [31/May/2021:20:24:42 -0700] "GET /self.logs/error.log.2021-03-28.gz HTTP/1.1" 200 1269 "-" "Mozilla/5.0 (compatible; bingbot/2.0; +http://www.bing.com/bingbot.htm)" 
66.160.140.183 - - [31/May/2021:20:25:36 -0700] "GET /robots.txt HTTP/1.1" 200 377 "-" "The Knowledge AI" 
66.160.140.183 - - [31/May/2021:20:25:36 -0700] "GET / HTTP/1.1" 200 12857 "-" "The Knowledge AI" 
106.38.241.177 - - [31/May/2021:20:26:35 -0700] "GET / HTTP/1.1" 200 12843 "-" "Sogou web spider/4.0(+http://www.sogou.com/docs/help/webmasters.htm#07)" 
114.119.159.40 - - [31/May/2021:20:26:39 -0700] "GET /self.logs/error.log.2020-08-07.gz HTTP/1.1" 200 890 "-" "Mozilla/5.0 (Linux; Android 7.0;) AppleWebKit/537.36 (KHTML, like Gecko) Mobile Safari/537.36 (compatible; PetalBot;+https://webmaster.petalsearch.com/site/petalbot)" 
106.38.241.178 - - [31/May/2021:20:29:15 -0700] "GET / HTTP/1.1" 200 12843 "-" "Sogou web spider/4.0(+http://www.sogou.com/docs/help/webmasters.htm#07)" 
40.77.167.38 - - [31/May/2021:20:29:51 -0700] "GET /self.logs/access.log.2021-05-07.gz HTTP/1.1" 200 41999 "-" "Mozilla/5.0 (compatible; bingbot/2.0; +http://www.bing.com/bingbot.htm)" 
114.119.130.95 - - [31/May/2021:20:31:51 -0700] "GET /self.logs/error.log.2020-04-01 HTTP/1.1" 200 351 "-" "Mozilla/5.0 (Linux; Android 7.0;) AppleWebKit/537.36 (KHTML, like Gecko) Mobile Safari/537.36 (compatible; PetalBot;+https://webmaster.petalsearch.com/site/petalbot)" 
106.38.241.177 - - [31/May/2021:20:38:52 -0700] "GET / HTTP/1.1" 200 12843 "-" "Sogou web spider/4.0(+http://www.sogou.com/docs/help/webmasters.htm#07)" 
157.55.39.26 - - [31/May/2021:20:40:11 -0700] "GET /self.logs/error.log.2017-04-13.gz HTTP/1.1" 200 876 "-" "Mozilla/5.0 (compatible; bingbot/2.0; +http://www.bing.com/bingbot.htm)" 
157.55.39.26 - - [31/May/2021:20:41:35 -0700] "GET /self.logs/error.log.2020-06-10 HTTP/1.1" 301 535 "-" "Mozilla/5.0 (compatible; bingbot/2.0; +http://www.bing.com/bingbot.htm)" 
40.77.167.97 - - [31/May/2021:20:43:55 -0700] "GET /self.logs/access.log.2017-02-15.gz HTTP/1.1" 301 543 "-" "Mozilla/5.0 (compatible; bingbot/2.0; +http://www.bing.com/bingbot.htm)" 
47.241.117.159 - - [31/May/2021:20:46:48 -0700] "GET / HTTP/1.1" 200 12880 "-" "Mozilla/5.0 (Windows NT 6.1; Win64; x64) AppleWebKit/537.36 (KHTML, like Gecko) Chrome/90.0.4430.93 Safari/537.36" 
47.241.117.159 - - [31/May/2021:20:46:48 -0700] "GET /css/style.css HTTP/1.1" 404 305 "http://www.secrepo.com/" "Mozilla/5.0 (Windows NT 6.1; Win64; x64) AppleWebKit/537.36 (KHTML, like Gecko) Chrome/90.0.4430.93 Safari/537.36" 
47.241.117.159 - - [31/May/2021:20:47:05 -0700] "GET /css/style.css HTTP/1.1" 404 328 "http://www.secrepo.com/" "Mozilla/5.0 (Windows NT 6.1; Win64; x64) AppleWebKit/537.36 (KHTML, like Gecko) Chrome/90.0.4430.93 Safari/537.36" 
47.241.117.159 - - [31/May/2021:20:47:34 -0700] "GET /css/style.css HTTP/1.1" 404 328 "http://www.secrepo.com/" "Mozilla/5.0 (Windows NT 6.1; Win64; x64) AppleWebKit/537.36 (KHTML, like Gecko) Chrome/90.0.4430.93 Safari/537.36" 
114.119.155.228 - - [31/May/2021:20:48:53 -0700] "GET /self.logs/error.log.2018-10-17.gz HTTP/1.1" 200 6201 "-" "Mozilla/5.0 (Linux; Android 7.0;) AppleWebKit/537.36 (KHTML, like Gecko) Mobile Safari/537.36 (compatible; PetalBot;+https://webmaster.petalsearch.com/site/petalbot)" 
106.38.241.177 - - [31/May/2021:20:52:10 -0700] "GET / HTTP/1.1" 200 12843 "-" "Sogou web spider/4.0(+http://www.sogou.com/docs/help/webmasters.htm#07)" 
114.119.157.43 - - [31/May/2021:20:54:34 -0700] "GET /self.logs/2015/access.log.2015-03-16.gz HTTP/1.1" 200 8217 "-" "Mozilla/5.0 (Linux; Android 7.0;) AppleWebKit/537.36 (KHTML, like Gecko) Mobile Safari/537.36 (compatible; PetalBot;+https://webmaster.petalsearch.com/site/petalbot)" 
157.55.39.75 - - [31/May/2021:21:05:49 -0700] "GET /self.logs/error.log.2021-05-02.gz HTTP/1.1" 200 5723 "-" "Mozilla/5.0 (compatible; bingbot/2.0; +http://www.bing.com/bingbot.htm)" 
66.249.64.83 - - [31/May/2021:21:06:13 -0700] "GET /ads.txt HTTP/1.1" 301 489 "-" "Mozilla/5.0 (compatible; Googlebot/2.1; +http://www.google.com/bot.html)" 
66.249.64.51 - - [31/May/2021:21:06:13 -0700] "GET /robots.txt HTTP/1.1" 200 377 "-" "Mozilla/5.0 (compatible; Googlebot/2.1; +http://www.google.com/bot.html)" 
66.249.64.47 - - [31/May/2021:21:06:14 -0700] "GET /ads.txt HTTP/1.1" 404 328 "-" "Mozilla/5.0 (compatible; Googlebot/2.1; +http://www.google.com/bot.html)" 
167.114.116.25 - - [31/May/2021:21:06:16 -0700] "GET /robots.txt HTTP/1.1" 200 377 "-" "Mozilla/5.0 (compatible; MJ12bot/v1.4.8; http://mj12bot.com/)" 
167.114.116.25 - - [31/May/2021:21:06:44 -0700] "GET /self.logs/error.log.2021-03-05 HTTP/1.1" 200 307 "-" "Mozilla/5.0 (compatible; MJ12bot/v1.4.8; http://mj12bot.com/)" 
167.114.116.25 - - [31/May/2021:21:07:40 -0700] "GET /self.logs/error.log.2021-03-08 HTTP/1.1" 200 1645 "-" "Mozilla/5.0 (compatible; MJ12bot/v1.4.8; http://mj12bot.com/)" 
114.119.159.101 - - [31/May/2021:21:11:39 -0700] "GET /self.logs/error.log.2017-02-25.gz HTTP/1.1" 200 1016 "-" "Mozilla/5.0 (Linux; Android 7.0;) AppleWebKit/537.36 (KHTML, like Gecko) Mobile Safari/537.36 (compatible; PetalBot;+https://webmaster.petalsearch.com/site/petalbot)" 
114.119.140.84 - - [31/May/2021:21:17:21 -0700] "GET /self.logs/2015/error.log.2015-10-23.gz HTTP/1.1" 200 855 "-" "Mozilla/5.0 (Linux; Android 7.0;) AppleWebKit/537.36 (KHTML, like Gecko) Mobile Safari/537.36 (compatible; PetalBot;+https://webmaster.petalsearch.com/site/petalbot)" 
114.119.157.43 - - [31/May/2021:21:23:55 -0700] "GET /self.logs/access.log.2018-08-29.gz HTTP/1.1" 200 41785 "-" "Mozilla/5.0 (Linux; Android 7.0;) AppleWebKit/537.36 (KHTML, like Gecko) Mobile Safari/537.36 (compatible; PetalBot;+https://webmaster.petalsearch.com/site/petalbot)" 
106.38.241.178 - - [31/May/2021:21:25:05 -0700] "GET / HTTP/1.1" 200 12844 "-" "Sogou web spider/4.0(+http://www.sogou.com/docs/help/webmasters.htm#07)" 
114.119.155.228 - - [31/May/2021:21:28:46 -0700] "GET /self.logs/2015/error.log.2015-09-24.gz HTTP/1.1" 200 796 "-" "Mozilla/5.0 (Linux; Android 7.0;) AppleWebKit/537.36 (KHTML, like Gecko) Mobile Safari/537.36 (compatible; PetalBot;+https://webmaster.petalsearch.com/site/petalbot)" 
157.55.39.26 - - [31/May/2021:21:33:58 -0700] "GET /self.logs/error.log.2017-06-23.gz HTTP/1.1" 200 832 "-" "Mozilla/5.0 (compatible; bingbot/2.0; +http://www.bing.com/bingbot.htm)" 
114.119.159.101 - - [31/May/2021:21:40:17 -0700] "GET /self.logs/2015/error.log.2015-06-08.gz HTTP/1.1" 200 980 "-" "Mozilla/5.0 (Linux; Android 7.0;) AppleWebKit/537.36 (KHTML, like Gecko) Mobile Safari/537.36 (compatible; PetalBot;+https://webmaster.petalsearch.com/site/petalbot)" 
159.226.95.48 - - [31/May/2021:21:42:51 -0700] "GET /favicon.ico HTTP/1.1" 200 391 "-" "Mozilla/5.0 (Windows NT 6.1; WOW64) AppleWebKit/537.36 (KHTML, like Gecko) Chrome/80.0.3987.87 Safari/537.36 SE 2.X MetaSr 1.0" 
178.150.47.62 - - [31/May/2021:21:56:17 -0700] "GET / HTTP/1.1" 200 48020 "https://slovar-sinonimov.com/" "Mozilla/4.0 (compatible; MSIE 6.0; Windows NT 5.1; SV1)" 
178.150.47.62 - - [31/May/2021:21:56:17 -0700] "GET / HTTP/1.1" 200 48020 "https://slovar-sinonimov.com/" "Mozilla/4.0 (compatible; MSIE 6.0; Windows NT 5.1; SV1)" 
114.119.150.248 - - [31/May/2021:21:57:06 -0700] "GET /self.logs/access.log.2017-12-15.gz HTTP/1.1" 200 24560 "-" "Mozilla/5.0 (Linux; Android 7.0;) AppleWebKit/537.36 (KHTML, like Gecko) Mobile Safari/537.36 (compatible; PetalBot;+https://webmaster.petalsearch.com/site/petalbot)" 
114.119.130.95 - - [31/May/2021:22:03:07 -0700] "GET /self.logs/access.log.2018-03-07.gz HTTP/1.1" 200 29430 "-" "Mozilla/5.0 (Linux; Android 7.0;) AppleWebKit/537.36 (KHTML, like Gecko) Mobile Safari/537.36 (compatible; PetalBot;+https://webmaster.petalsearch.com/site/petalbot)" 
114.119.155.228 - - [31/May/2021:22:08:29 -0700] "GET /self.logs/error.log.2017-01-03.gz HTTP/1.1" 200 4516 "-" "Mozilla/5.0 (Linux; Android 7.0;) AppleWebKit/537.36 (KHTML, like Gecko) Mobile Safari/537.36 (compatible; PetalBot;+https://webmaster.petalsearch.com/site/petalbot)" 
114.119.159.101 - - [31/May/2021:22:14:15 -0700] "GET /self.logs/2015/error.log.2015-06-22.gz HTTP/1.1" 200 2896 "-" "Mozilla/5.0 (Linux; Android 7.0;) AppleWebKit/537.36 (KHTML, like Gecko) Mobile Safari/537.36 (compatible; PetalBot;+https://webmaster.petalsearch.com/site/petalbot)" 
106.38.241.178 - - [31/May/2021:22:16:43 -0700] "GET / HTTP/1.1" 200 12844 "-" "Sogou web spider/4.0(+http://www.sogou.com/docs/help/webmasters.htm#07)" 
114.119.129.244 - - [31/May/2021:22:19:55 -0700] "GET /self.logs/2015/access.log.2015-08-10.gz HTTP/1.1" 200 3862 "-" "Mozilla/5.0 (Linux; Android 7.0;) AppleWebKit/537.36 (KHTML, like Gecko) Mobile Safari/537.36 (compatible; PetalBot;+https://webmaster.petalsearch.com/site/petalbot)" 
114.119.155.228 - - [31/May/2021:22:25:53 -0700] "GET /self.logs/2015/access.log.2015-05-31.gz HTTP/1.1" 200 5083 "-" "Mozilla/5.0 (Linux; Android 7.0;) AppleWebKit/537.36 (KHTML, like Gecko) Mobile Safari/537.36 (compatible; PetalBot;+https://webmaster.petalsearch.com/site/petalbot)" 
2.100.169.255 - - [31/May/2021:22:29:18 -0700] "GET / HTTP/1.1" 200 12881 "-" "Mozilla/5.0 (Linux; Android 10; SM-A202F) AppleWebKit/537.36 (KHTML, like Gecko) Chrome/90.0.4430.210 Mobile Safari/537.36" 
2.100.169.255 - - [31/May/2021:22:29:18 -0700] "GET /css/style.css HTTP/1.1" 404 305 "http://www.secrepo.com/" "Mozilla/5.0 (Linux; Android 10; SM-A202F) AppleWebKit/537.36 (KHTML, like Gecko) Chrome/90.0.4430.210 Mobile Safari/537.36" 
2.100.169.255 - - [31/May/2021:22:29:20 -0700] "GET /bootstrap/img/favicon.ico HTTP/1.1" 200 690 "http://www.secrepo.com/" "Mozilla/5.0 (Linux; Android 10; SM-A202F) AppleWebKit/537.36 (KHTML, like Gecko) Chrome/90.0.4430.210 Mobile Safari/537.36" 
2.100.169.255 - - [31/May/2021:22:31:58 -0700] "GET /css/style.css HTTP/1.1" 404 328 "http://www.secrepo.com/" "Mozilla/5.0 (Linux; Android 10; SM-A202F) AppleWebKit/537.36 (KHTML, like Gecko) Chrome/90.0.4430.210 Mobile Safari/537.36" 
2.100.169.255 - - [31/May/2021:22:31:58 -0700] "GET /twitter-icon.png HTTP/1.1" 200 27893 "http://www.secrepo.com/" "Mozilla/5.0 (Linux; Android 10; SM-A202F) AppleWebKit/537.36 (KHTML, like Gecko) Chrome/90.0.4430.210 Mobile Safari/537.36" 
2.100.169.255 - - [31/May/2021:22:31:58 -0700] "GET /GitHub-Mark.png HTTP/1.1" 200 7556 "http://www.secrepo.com/" "Mozilla/5.0 (Linux; Android 10; SM-A202F) AppleWebKit/537.36 (KHTML, like Gecko) Chrome/90.0.4430.210 Mobile Safari/537.36" 
40.77.167.35 - - [31/May/2021:22:33:53 -0700] "GET /self.logs/error.log.2017-05-19.gz HTTP/1.1" 200 1078 "-" "Mozilla/5.0 (compatible; bingbot/2.0; +http://www.bing.com/bingbot.htm)" 
2.100.169.255 - - [31/May/2021:22:35:36 -0700] "GET /css/style.css HTTP/1.1" 404 328 "http://www.secrepo.com/" "Mozilla/5.0 (Linux; Android 10; SM-A202F) AppleWebKit/537.36 (KHTML, like Gecko) Chrome/90.0.4430.210 Mobile Safari/537.36" 
114.119.144.30 - - [31/May/2021:22:36:58 -0700] "GET /self.logs/access.log.2018-09-15.gz HTTP/1.1" 200 24240 "-" "Mozilla/5.0 (Linux; Android 7.0;) AppleWebKit/537.36 (KHTML, like Gecko) Mobile Safari/537.36 (compatible; PetalBot;+https://webmaster.petalsearch.com/site/petalbot)" 
114.119.141.53 - - [31/May/2021:22:42:44 -0700] "GET /self.logs/access.log.2020-05-27.gz HTTP/1.1" 200 22271 "-" "Mozilla/5.0 (Linux; Android 7.0;) AppleWebKit/537.36 (KHTML, like Gecko) Mobile Safari/537.36 (compatible; PetalBot;+https://webmaster.petalsearch.com/site/petalbot)" 
54.36.148.229 - - [31/May/2021:22:45:47 -0700] "GET /self.logs/2015/error.log.2015-03-28.gz HTTP/1.1" 200 978 "-" "Mozilla/5.0 (compatible; AhrefsBot/7.0; +http://ahrefs.com/robot/)" 
85.208.98.51 - - [31/May/2021:22:47:58 -0700] "GET / HTTP/1.1" 301 419 "-" "Mozilla/5.0 (compatible; SemrushBot-BM/1.0; +http://www.semrush.com/bot.html)" 
85.208.98.51 - - [31/May/2021:22:48:00 -0700] "GET / HTTP/1.1" 200 12837 "-" "Mozilla/5.0 (compatible; SemrushBot-BM/1.0; +http://www.semrush.com/bot.html)" 
114.119.144.30 - - [31/May/2021:22:48:24 -0700] "GET /self.logs/error.log.2019-09-05.gz HTTP/1.1" 200 2721 "-" "Mozilla/5.0 (Linux; Android 7.0;) AppleWebKit/537.36 (KHTML, like Gecko) Mobile Safari/537.36 (compatible; PetalBot;+https://webmaster.petalsearch.com/site/petalbot)" 
85.208.98.51 - - [31/May/2021:22:51:18 -0700] "GET /Datasets%20Description/Network/signatures.html HTTP/1.1" 301 507 "-" "Mozilla/5.0 (compatible; SemrushBot-BM/1.0; +http://www.semrush.com/bot.html)" 
85.208.98.51 - - [31/May/2021:22:51:24 -0700] "GET /Datasets%20Description/PE_malware/VirusShare.html HTTP/1.1" 301 513 "-" "Mozilla/5.0 (compatible; SemrushBot-BM/1.0; +http://www.semrush.com/bot.html)" 
85.208.98.51 - - [31/May/2021:22:51:36 -0700] "GET /Datasets%20Description/HTML_Bro_log_2 HTTP/1.1" 301 489 "-" "Mozilla/5.0 (compatible; SemrushBot-BM/1.0; +http://www.semrush.com/bot.html)" 
85.208.98.51 - - [31/May/2021:22:51:44 -0700] "GET /self.logs/ HTTP/1.1" 301 439 "-" "Mozilla/5.0 (compatible; SemrushBot-BM/1.0; +http://www.semrush.com/bot.html)" 
85.208.98.51 - - [31/May/2021:22:51:44 -0700] "GET /self.logs/ HTTP/1.1" 200 29666 "-" "Mozilla/5.0 (compatible; SemrushBot-BM/1.0; +http://www.semrush.com/bot.html)" 
85.208.98.51 - - [31/May/2021:22:51:52 -0700] "GET /Datasets%20Description/PE_malware/OPCleaver.html HTTP/1.1" 301 511 "-" "Mozilla/5.0 (compatible; SemrushBot-BM/1.0; +http://www.semrush.com/bot.html)" 
85.208.98.51 - - [31/May/2021:22:52:01 -0700] "GET /Datasets%20Description/Network/tunnel.html HTTP/1.1" 301 499 "-" "Mozilla/5.0 (compatible; SemrushBot-BM/1.0; +http://www.semrush.com/bot.html)" 
85.208.98.51 - - [31/May/2021:22:52:07 -0700] "GET /Datasets%20Description/Network/dhcp.html HTTP/1.1" 301 495 "-" "Mozilla/5.0 (compatible; SemrushBot-BM/1.0; +http://www.semrush.com/bot.html)" 
85.208.98.51 - - [31/May/2021:22:52:16 -0700] "GET /Datasets%20Description/Network/ssh.html HTTP/1.1" 301 493 "-" "Mozilla/5.0 (compatible; SemrushBot-BM/1.0; +http://www.semrush.com/bot.html)" 
85.208.98.51 - - [31/May/2021:22:52:27 -0700] "GET /Datasets%20Description/HTML_Bro_log_3 HTTP/1.1" 301 489 "-" "Mozilla/5.0 (compatible; SemrushBot-BM/1.0; +http://www.semrush.com/bot.html)" 
85.208.98.51 - - [31/May/2021:22:52:31 -0700] "GET /Datasets%20Description/PE_malware/Zeus.html HTTP/1.1" 301 501 "-" "Mozilla/5.0 (compatible; SemrushBot-BM/1.0; +http://www.semrush.com/bot.html)" 
85.208.98.51 - - [31/May/2021:22:52:41 -0700] "GET /Datasets%20Description/HTML_Bro_log_1 HTTP/1.1" 301 489 "-" "Mozilla/5.0 (compatible; SemrushBot-BM/1.0; +http://www.semrush.com/bot.html)" 
85.208.98.51 - - [31/May/2021:22:52:48 -0700] "GET /honeypot/BSidesDFW%20-%202014.ipynb HTTP/1.1" 301 481 "-" "Mozilla/5.0 (compatible; SemrushBot-BM/1.0; +http://www.semrush.com/bot.html)" 
85.208.98.51 - - [31/May/2021:22:52:55 -0700] "GET /Datasets%20Description/Network/notice.html HTTP/1.1" 301 499 "-" "Mozilla/5.0 (compatible; SemrushBot-BM/1.0; +http://www.semrush.com/bot.html)" 
85.208.98.51 - - [31/May/2021:22:53:05 -0700] "GET /Datasets%20Description/Network/weird.html HTTP/1.1" 301 497 "-" "Mozilla/5.0 (compatible; SemrushBot-BM/1.0; +http://www.semrush.com/bot.html)" 
50.35.94.235 - - [31/May/2021:22:53:13 -0700] "GET / HTTP/1.1" 200 12881 "-" "Mozilla/5.0 (X11; Linux x86_64) AppleWebKit/537.36 (KHTML, like Gecko) Chrome/91.0.4472.77 Safari/537.36" 
50.35.94.235 - - [31/May/2021:22:53:13 -0700] "GET /css/style.css HTTP/1.1" 404 305 "http://www.secrepo.com/" "Mozilla/5.0 (X11; Linux x86_64) AppleWebKit/537.36 (KHTML, like Gecko) Chrome/91.0.4472.77 Safari/537.36" 
50.35.94.235 - - [31/May/2021:22:53:14 -0700] "GET /twitter-icon.png HTTP/1.1" 200 27893 "http://www.secrepo.com/" "Mozilla/5.0 (X11; Linux x86_64) AppleWebKit/537.36 (KHTML, like Gecko) Chrome/91.0.4472.77 Safari/537.36" 
50.35.94.235 - - [31/May/2021:22:53:14 -0700] "GET /GitHub-Mark.png HTTP/1.1" 200 7556 "http://www.secrepo.com/" "Mozilla/5.0 (X11; Linux x86_64) AppleWebKit/537.36 (KHTML, like Gecko) Chrome/91.0.4472.77 Safari/537.36" 
50.35.94.235 - - [31/May/2021:22:53:14 -0700] "GET /bootstrap/img/favicon.ico HTTP/1.1" 200 690 "http://www.secrepo.com/" "Mozilla/5.0 (X11; Linux x86_64) AppleWebKit/537.36 (KHTML, like Gecko) Chrome/91.0.4472.77 Safari/537.36" 
85.208.98.51 - - [31/May/2021:22:53:20 -0700] "GET /Datasets%20Description/Network/smtp.html HTTP/1.1" 301 495 "-" "Mozilla/5.0 (compatible; SemrushBot-BM/1.0; +http://www.semrush.com/bot.html)" 
85.208.98.51 - - [31/May/2021:22:53:25 -0700] "GET /Datasets%20Description/Network/files.html HTTP/1.1" 301 497 "-" "Mozilla/5.0 (compatible; SemrushBot-BM/1.0; +http://www.semrush.com/bot.html)" 
85.208.98.51 - - [31/May/2021:22:53:37 -0700] "GET /data HTTP/1.1" 301 427 "-" "Mozilla/5.0 (compatible; SemrushBot-BM/1.0; +http://www.semrush.com/bot.html)" 
85.208.98.51 - - [31/May/2021:22:53:38 -0700] "GET /data HTTP/1.1" 404 284 "-" "Mozilla/5.0 (compatible; SemrushBot-BM/1.0; +http://www.semrush.com/bot.html)" 
85.208.98.51 - - [31/May/2021:22:53:48 -0700] "GET /Datasets%20Description/Network/ftp.html HTTP/1.1" 301 493 "-" "Mozilla/5.0 (compatible; SemrushBot-BM/1.0; +http://www.semrush.com/bot.html)" 
85.208.98.51 - - [31/May/2021:22:54:02 -0700] "GET /Datasets%20Description/Network/http.html HTTP/1.1" 301 495 "-" "Mozilla/5.0 (compatible; SemrushBot-BM/1.0; +http://www.semrush.com/bot.html)" 
85.208.98.51 - - [31/May/2021:22:54:07 -0700] "GET /Datasets%20Description/Network/dns.html HTTP/1.1" 301 493 "-" "Mozilla/5.0 (compatible; SemrushBot-BM/1.0; +http://www.semrush.com/bot.html)" 
114.119.144.30 - - [31/May/2021:22:54:10 -0700] "GET /self.logs/error.log.2017-05-08.gz HTTP/1.1" 200 992 "-" "Mozilla/5.0 (Linux; Android 7.0;) AppleWebKit/537.36 (KHTML, like Gecko) Mobile Safari/537.36 (compatible; PetalBot;+https://webmaster.petalsearch.com/site/petalbot)" 
85.208.98.51 - - [31/May/2021:22:54:14 -0700] "GET /error.log.2020-07-17 HTTP/1.1" 301 459 "-" "Mozilla/5.0 (compatible; SemrushBot-BM/1.0; +http://www.semrush.com/bot.html)" 
85.208.98.51 - - [31/May/2021:22:54:14 -0700] "GET /error.log.2020-07-17 HTTP/1.1" 404 284 "-" "Mozilla/5.0 (compatible; SemrushBot-BM/1.0; +http://www.semrush.com/bot.html)" 
85.208.98.51 - - [31/May/2021:22:54:19 -0700] "GET /error.log.2019-12-24 HTTP/1.1" 301 459 "-" "Mozilla/5.0 (compatible; SemrushBot-BM/1.0; +http://www.semrush.com/bot.html)" 
85.208.98.51 - - [31/May/2021:22:54:19 -0700] "GET /error.log.2019-12-24 HTTP/1.1" 404 284 "-" "Mozilla/5.0 (compatible; SemrushBot-BM/1.0; +http://www.semrush.com/bot.html)" 
85.208.98.51 - - [31/May/2021:22:54:32 -0700] "GET /error.log.2020-11-04 HTTP/1.1" 301 459 "-" "Mozilla/5.0 (compatible; SemrushBot-BM/1.0; +http://www.semrush.com/bot.html)" 
85.208.98.51 - - [31/May/2021:22:54:33 -0700] "GET /error.log.2020-11-04 HTTP/1.1" 404 284 "-" "Mozilla/5.0 (compatible; SemrushBot-BM/1.0; +http://www.semrush.com/bot.html)" 
85.208.98.51 - - [31/May/2021:22:54:39 -0700] "GET /error.log.2020-09-06 HTTP/1.1" 301 459 "-" "Mozilla/5.0 (compatible; SemrushBot-BM/1.0; +http://www.semrush.com/bot.html)" 
85.208.98.51 - - [31/May/2021:22:54:39 -0700] "GET /error.log.2020-09-06 HTTP/1.1" 404 284 "-" "Mozilla/5.0 (compatible; SemrushBot-BM/1.0; +http://www.semrush.com/bot.html)" 
85.208.98.51 - - [31/May/2021:22:54:44 -0700] "GET /error.log.2020-10-10 HTTP/1.1" 301 459 "-" "Mozilla/5.0 (compatible; SemrushBot-BM/1.0; +http://www.semrush.com/bot.html)" 
85.208.98.51 - - [31/May/2021:22:54:50 -0700] "GET /error.log.2020-10-10 HTTP/1.1" 404 284 "-" "Mozilla/5.0 (compatible; SemrushBot-BM/1.0; +http://www.semrush.com/bot.html)" 
85.208.98.51 - - [31/May/2021:22:54:55 -0700] "GET /error.log.2020-04-21 HTTP/1.1" 301 459 "-" "Mozilla/5.0 (compatible; SemrushBot-BM/1.0; +http://www.semrush.com/bot.html)" 
85.208.98.51 - - [31/May/2021:22:54:58 -0700] "GET /error.log.2020-04-21 HTTP/1.1" 404 284 "-" "Mozilla/5.0 (compatible; SemrushBot-BM/1.0; +http://www.semrush.com/bot.html)" 
85.208.98.51 - - [31/May/2021:22:55:14 -0700] "GET /error.log.2020-06-05 HTTP/1.1" 301 459 "-" "Mozilla/5.0 (compatible; SemrushBot-BM/1.0; +http://www.semrush.com/bot.html)" 
85.208.98.51 - - [31/May/2021:22:55:14 -0700] "GET /error.log.2020-06-05 HTTP/1.1" 404 284 "-" "Mozilla/5.0 (compatible; SemrushBot-BM/1.0; +http://www.semrush.com/bot.html)" 
85.208.98.51 - - [31/May/2021:22:55:24 -0700] "GET /error.log.2020-08-16 HTTP/1.1" 301 459 "-" "Mozilla/5.0 (compatible; SemrushBot-BM/1.0; +http://www.semrush.com/bot.html)" 
85.208.98.51 - - [31/May/2021:22:55:24 -0700] "GET /error.log.2020-08-16 HTTP/1.1" 404 284 "-" "Mozilla/5.0 (compatible; SemrushBot-BM/1.0; +http://www.semrush.com/bot.html)" 
85.208.98.51 - - [31/May/2021:22:55:28 -0700] "GET /error.log.2020-04-22 HTTP/1.1" 301 459 "-" "Mozilla/5.0 (compatible; SemrushBot-BM/1.0; +http://www.semrush.com/bot.html)" 
85.208.98.51 - - [31/May/2021:22:55:32 -0700] "GET /error.log.2020-04-22 HTTP/1.1" 404 284 "-" "Mozilla/5.0 (compatible; SemrushBot-BM/1.0; +http://www.semrush.com/bot.html)" 
85.208.98.51 - - [31/May/2021:22:55:38 -0700] "GET /error.log.2019-12-08 HTTP/1.1" 301 459 "-" "Mozilla/5.0 (compatible; SemrushBot-BM/1.0; +http://www.semrush.com/bot.html)" 
85.208.98.51 - - [31/May/2021:22:55:38 -0700] "GET /error.log.2019-12-08 HTTP/1.1" 404 284 "-" "Mozilla/5.0 (compatible; SemrushBot-BM/1.0; +http://www.semrush.com/bot.html)" 
85.208.98.51 - - [31/May/2021:22:55:46 -0700] "GET /error.log.2020-10-14 HTTP/1.1" 301 459 "-" "Mozilla/5.0 (compatible; SemrushBot-BM/1.0; +http://www.semrush.com/bot.html)" 
85.208.98.51 - - [31/May/2021:22:55:46 -0700] "GET /error.log.2020-10-14 HTTP/1.1" 404 284 "-" "Mozilla/5.0 (compatible; SemrushBot-BM/1.0; +http://www.semrush.com/bot.html)" 
85.208.98.51 - - [31/May/2021:22:55:58 -0700] "GET /error.log.2020-09-14 HTTP/1.1" 301 459 "-" "Mozilla/5.0 (compatible; SemrushBot-BM/1.0; +http://www.semrush.com/bot.html)" 
85.208.98.51 - - [31/May/2021:22:55:58 -0700] "GET /error.log.2020-09-14 HTTP/1.1" 404 284 "-" "Mozilla/5.0 (compatible; SemrushBot-BM/1.0; +http://www.semrush.com/bot.html)" 
85.208.98.51 - - [31/May/2021:22:56:07 -0700] "GET /error.log.2020-06-07 HTTP/1.1" 301 459 "-" "Mozilla/5.0 (compatible; SemrushBot-BM/1.0; +http://www.semrush.com/bot.html)" 
85.208.98.51 - - [31/May/2021:22:56:07 -0700] "GET /error.log.2020-06-07 HTTP/1.1" 404 284 "-" "Mozilla/5.0 (compatible; SemrushBot-BM/1.0; +http://www.semrush.com/bot.html)" 
85.208.98.51 - - [31/May/2021:22:56:10 -0700] "GET /error.log.2020-07-21 HTTP/1.1" 301 459 "-" "Mozilla/5.0 (compatible; SemrushBot-BM/1.0; +http://www.semrush.com/bot.html)" 
85.208.98.51 - - [31/May/2021:22:56:14 -0700] "GET /error.log.2020-07-21 HTTP/1.1" 404 284 "-" "Mozilla/5.0 (compatible; SemrushBot-BM/1.0; +http://www.semrush.com/bot.html)" 
85.208.98.51 - - [31/May/2021:22:56:22 -0700] "GET /error.log.2020-02-24 HTTP/1.1" 301 459 "-" "Mozilla/5.0 (compatible; SemrushBot-BM/1.0; +http://www.semrush.com/bot.html)" 
85.208.98.51 - - [31/May/2021:22:56:22 -0700] "GET /error.log.2020-02-24 HTTP/1.1" 404 284 "-" "Mozilla/5.0 (compatible; SemrushBot-BM/1.0; +http://www.semrush.com/bot.html)" 
85.208.98.51 - - [31/May/2021:22:56:29 -0700] "GET /error.log.2020-06-11 HTTP/1.1" 301 459 "-" "Mozilla/5.0 (compatible; SemrushBot-BM/1.0; +http://www.semrush.com/bot.html)" 
85.208.98.51 - - [31/May/2021:22:56:33 -0700] "GET /error.log.2020-06-11 HTTP/1.1" 404 284 "-" "Mozilla/5.0 (compatible; SemrushBot-BM/1.0; +http://www.semrush.com/bot.html)" 
85.208.98.51 - - [31/May/2021:22:56:42 -0700] "GET /error.log.2020-12-11 HTTP/1.1" 301 459 "-" "Mozilla/5.0 (compatible; SemrushBot-BM/1.0; +http://www.semrush.com/bot.html)" 
85.208.98.51 - - [31/May/2021:22:56:42 -0700] "GET /error.log.2020-12-11 HTTP/1.1" 404 284 "-" "Mozilla/5.0 (compatible; SemrushBot-BM/1.0; +http://www.semrush.com/bot.html)" 
85.208.98.51 - - [31/May/2021:22:56:49 -0700] "GET /error.log.2020-06-14 HTTP/1.1" 301 459 "-" "Mozilla/5.0 (compatible; SemrushBot-BM/1.0; +http://www.semrush.com/bot.html)" 
85.208.98.51 - - [31/May/2021:22:56:49 -0700] "GET /error.log.2020-06-14 HTTP/1.1" 404 284 "-" "Mozilla/5.0 (compatible; SemrushBot-BM/1.0; +http://www.semrush.com/bot.html)" 
85.208.98.51 - - [31/May/2021:22:56:57 -0700] "GET /error.log.2020-09-24 HTTP/1.1" 301 459 "-" "Mozilla/5.0 (compatible; SemrushBot-BM/1.0; +http://www.semrush.com/bot.html)" 
85.208.98.51 - - [31/May/2021:22:56:59 -0700] "GET /error.log.2020-09-24 HTTP/1.1" 404 284 "-" "Mozilla/5.0 (compatible; SemrushBot-BM/1.0; +http://www.semrush.com/bot.html)" 
85.208.98.51 - - [31/May/2021:22:57:02 -0700] "GET /error.log.2020-05-24 HTTP/1.1" 301 459 "-" "Mozilla/5.0 (compatible; SemrushBot-BM/1.0; +http://www.semrush.com/bot.html)" 
85.208.98.51 - - [31/May/2021:22:57:02 -0700] "GET /error.log.2020-05-24 HTTP/1.1" 404 284 "-" "Mozilla/5.0 (compatible; SemrushBot-BM/1.0; +http://www.semrush.com/bot.html)" 
85.208.98.51 - - [31/May/2021:22:57:10 -0700] "GET /error.log.2021-01-19 HTTP/1.1" 301 459 "-" "Mozilla/5.0 (compatible; SemrushBot-BM/1.0; +http://www.semrush.com/bot.html)" 
85.208.98.51 - - [31/May/2021:22:57:15 -0700] "GET /error.log.2021-01-19 HTTP/1.1" 404 284 "-" "Mozilla/5.0 (compatible; SemrushBot-BM/1.0; +http://www.semrush.com/bot.html)" 
85.208.98.51 - - [31/May/2021:22:57:18 -0700] "GET /error.log.2019-07-15 HTTP/1.1" 301 459 "-" "Mozilla/5.0 (compatible; SemrushBot-BM/1.0; +http://www.semrush.com/bot.html)" 
85.208.98.51 - - [31/May/2021:22:57:18 -0700] "GET /error.log.2019-07-15 HTTP/1.1" 404 284 "-" "Mozilla/5.0 (compatible; SemrushBot-BM/1.0; +http://www.semrush.com/bot.html)" 
85.208.98.51 - - [31/May/2021:22:57:24 -0700] "GET /error.log.2020-12-31 HTTP/1.1" 301 459 "-" "Mozilla/5.0 (compatible; SemrushBot-BM/1.0; +http://www.semrush.com/bot.html)" 
85.208.98.51 - - [31/May/2021:22:57:24 -0700] "GET /error.log.2020-12-31 HTTP/1.1" 404 284 "-" "Mozilla/5.0 (compatible; SemrushBot-BM/1.0; +http://www.semrush.com/bot.html)" 
85.208.98.51 - - [31/May/2021:22:57:29 -0700] "GET /error.log.2020-01-23 HTTP/1.1" 301 459 "-" "Mozilla/5.0 (compatible; SemrushBot-BM/1.0; +http://www.semrush.com/bot.html)" 
85.208.98.51 - - [31/May/2021:22:57:33 -0700] "GET /error.log.2020-01-23 HTTP/1.1" 404 284 "-" "Mozilla/5.0 (compatible; SemrushBot-BM/1.0; +http://www.semrush.com/bot.html)" 
85.208.98.51 - - [31/May/2021:22:57:40 -0700] "GET /error.log.2020-10-26 HTTP/1.1" 301 459 "-" "Mozilla/5.0 (compatible; SemrushBot-BM/1.0; +http://www.semrush.com/bot.html)" 
85.208.98.51 - - [31/May/2021:22:57:42 -0700] "GET /error.log.2020-10-26 HTTP/1.1" 404 284 "-" "Mozilla/5.0 (compatible; SemrushBot-BM/1.0; +http://www.semrush.com/bot.html)" 
85.208.98.51 - - [31/May/2021:22:57:53 -0700] "GET /error.log.2020-06-24 HTTP/1.1" 301 459 "-" "Mozilla/5.0 (compatible; SemrushBot-BM/1.0; +http://www.semrush.com/bot.html)" 
85.208.98.51 - - [31/May/2021:22:57:53 -0700] "GET /error.log.2020-06-24 HTTP/1.1" 404 284 "-" "Mozilla/5.0 (compatible; SemrushBot-BM/1.0; +http://www.semrush.com/bot.html)" 
85.208.98.51 - - [31/May/2021:22:57:59 -0700] "GET /error.log.2020-07-29 HTTP/1.1" 301 459 "-" "Mozilla/5.0 (compatible; SemrushBot-BM/1.0; +http://www.semrush.com/bot.html)" 
85.208.98.51 - - [31/May/2021:22:57:59 -0700] "GET /error.log.2020-07-29 HTTP/1.1" 404 284 "-" "Mozilla/5.0 (compatible; SemrushBot-BM/1.0; +http://www.semrush.com/bot.html)" 
85.208.98.51 - - [31/May/2021:22:58:05 -0700] "GET /error.log.2020-11-12 HTTP/1.1" 301 459 "-" "Mozilla/5.0 (compatible; SemrushBot-BM/1.0; +http://www.semrush.com/bot.html)" 
85.208.98.51 - - [31/May/2021:22:58:07 -0700] "GET /error.log.2020-11-12 HTTP/1.1" 404 284 "-" "Mozilla/5.0 (compatible; SemrushBot-BM/1.0; +http://www.semrush.com/bot.html)" 
85.208.98.51 - - [31/May/2021:22:58:16 -0700] "GET /error.log.2020-06-18 HTTP/1.1" 301 459 "-" "Mozilla/5.0 (compatible; SemrushBot-BM/1.0; +http://www.semrush.com/bot.html)" 
85.208.98.51 - - [31/May/2021:22:58:16 -0700] "GET /error.log.2020-06-18 HTTP/1.1" 404 284 "-" "Mozilla/5.0 (compatible; SemrushBot-BM/1.0; +http://www.semrush.com/bot.html)" 
85.208.98.51 - - [31/May/2021:22:58:29 -0700] "GET /error.log.2020-05-14 HTTP/1.1" 301 459 "-" "Mozilla/5.0 (compatible; SemrushBot-BM/1.0; +http://www.semrush.com/bot.html)" 
85.208.98.51 - - [31/May/2021:22:58:32 -0700] "GET /error.log.2020-05-14 HTTP/1.1" 404 284 "-" "Mozilla/5.0 (compatible; SemrushBot-BM/1.0; +http://www.semrush.com/bot.html)" 
85.208.98.51 - - [31/May/2021:22:58:38 -0700] "GET /error.log.2020-12-05 HTTP/1.1" 301 459 "-" "Mozilla/5.0 (compatible; SemrushBot-BM/1.0; +http://www.semrush.com/bot.html)" 
85.208.98.51 - - [31/May/2021:22:58:42 -0700] "GET /error.log.2020-12-05 HTTP/1.1" 404 284 "-" "Mozilla/5.0 (compatible; SemrushBot-BM/1.0; +http://www.semrush.com/bot.html)" 
85.208.98.51 - - [31/May/2021:22:58:49 -0700] "GET /error.log.2020-07-18 HTTP/1.1" 301 459 "-" "Mozilla/5.0 (compatible; SemrushBot-BM/1.0; +http://www.semrush.com/bot.html)" 
85.208.98.51 - - [31/May/2021:22:58:52 -0700] "GET /error.log.2020-07-18 HTTP/1.1" 404 284 "-" "Mozilla/5.0 (compatible; SemrushBot-BM/1.0; +http://www.semrush.com/bot.html)" 
85.208.98.51 - - [31/May/2021:22:59:01 -0700] "GET /error.log.2020-06-27 HTTP/1.1" 301 459 "-" "Mozilla/5.0 (compatible; SemrushBot-BM/1.0; +http://www.semrush.com/bot.html)" 
85.208.98.51 - - [31/May/2021:22:59:01 -0700] "GET /error.log.2020-06-27 HTTP/1.1" 404 284 "-" "Mozilla/5.0 (compatible; SemrushBot-BM/1.0; +http://www.semrush.com/bot.html)" 
85.208.98.51 - - [31/May/2021:22:59:12 -0700] "GET /error.log.2021-03-08 HTTP/1.1" 301 459 "-" "Mozilla/5.0 (compatible; SemrushBot-BM/1.0; +http://www.semrush.com/bot.html)" 
85.208.98.51 - - [31/May/2021:22:59:12 -0700] "GET /error.log.2021-03-08 HTTP/1.1" 404 284 "-" "Mozilla/5.0 (compatible; SemrushBot-BM/1.0; +http://www.semrush.com/bot.html)" 
85.208.98.51 - - [31/May/2021:22:59:21 -0700] "GET /error.log.2020-07-04 HTTP/1.1" 301 459 "-" "Mozilla/5.0 (compatible; SemrushBot-BM/1.0; +http://www.semrush.com/bot.html)" 
85.208.98.51 - - [31/May/2021:22:59:23 -0700] "GET /error.log.2020-07-04 HTTP/1.1" 404 284 "-" "Mozilla/5.0 (compatible; SemrushBot-BM/1.0; +http://www.semrush.com/bot.html)" 
85.208.98.51 - - [31/May/2021:22:59:27 -0700] "GET /error.log.2020-03-31 HTTP/1.1" 301 459 "-" "Mozilla/5.0 (compatible; SemrushBot-BM/1.0; +http://www.semrush.com/bot.html)" 
85.208.98.51 - - [31/May/2021:22:59:27 -0700] "GET /error.log.2020-03-31 HTTP/1.1" 404 284 "-" "Mozilla/5.0 (compatible; SemrushBot-BM/1.0; +http://www.semrush.com/bot.html)" 
85.208.98.51 - - [31/May/2021:22:59:36 -0700] "GET /error.log.2021-01-15 HTTP/1.1" 301 459 "-" "Mozilla/5.0 (compatible; SemrushBot-BM/1.0; +http://www.semrush.com/bot.html)" 
