107.20.105.74 - - [06/Apr/2024:01:56:40 -0700] "HEAD / HTTP/1.1" 301 186 "-" "DreamHost SiteMonitor 1.0" 
107.20.105.74 - - [06/Apr/2024:01:56:45 -0700] "HEAD / HTTP/1.1" 200 359 "http://66.33.221.139" "DreamHost SiteMonitor 1.0" 
114.119.139.166 - - [06/Apr/2024:01:58:18 -0700] "GET /self.logs/error.log.2020-09-02 HTTP/1.1" 200 935 "http://www.secrepo.com/self.logs?C=N%3BO%3DD" "Mozilla/5.0 (Linux; Android 7.0;) AppleWebKit/537.36 (KHTML, like Gecko) Mobile Safari/537.36 (compatible; PetalBot;+https://webmaster.petalsearch.com/site/petalbot)" 
114.119.137.143 - - [06/Apr/2024:01:59:42 -0700] "GET /Datasets%20Description/PE_malware/Zeus.html HTTP/1.1" 200 1698 "http://www.secrepo.com/Datasets%20Description/PE_malware/?C=N%3BO%3DD" "Mozilla/5.0 (Linux; Android 7.0;) AppleWebKit/537.36 (KHTML, like Gecko) Mobile Safari/537.36 (compatible; PetalBot;+https://webmaster.petalsearch.com/site/petalbot)" 
87.251.84.60 - - [06/Apr/2024:02:04:30 -0700] "GET /system.php HTTP/1.1" 418 710 "http://secrepo.com/system.php" "Mozilla/4.0 (compatible; MSIE 6.0; Windows NT 5.1; SV1)" 
107.20.105.74 - - [06/Apr/2024:02:06:40 -0700] "HEAD / HTTP/1.1" 301 186 "-" "DreamHost SiteMonitor 1.0" 
107.20.105.74 - - [06/Apr/2024:02:06:40 -0700] "HEAD / HTTP/1.1" 200 359 "http://66.33.221.139" "DreamHost SiteMonitor 1.0" 
66.249.70.71 - - [06/Apr/2024:02:12:59 -0700] "HEAD / HTTP/1.1" 301 223 "-" "Mozilla/5.0 (compatible; Googlebot/2.1; +http://www.google.com/bot.html)" 
107.20.105.74 - - [06/Apr/2024:02:16:40 -0700] "HEAD / HTTP/1.1" 301 186 "-" "DreamHost SiteMonitor 1.0" 
107.20.105.74 - - [06/Apr/2024:02:16:40 -0700] "HEAD / HTTP/1.1" 200 359 "http://66.33.221.139" "DreamHost SiteMonitor 1.0" 
111.202.101.183 - - [06/Apr/2024:02:17:29 -0700] "GET / HTTP/1.1" 200 49096 "-" "Sogou web spider/4.0(+http://www.sogou.com/docs/help/webmasters.htm#07)" 
35.178.239.237 - - [06/Apr/2024:02:18:05 -0700] "GET / HTTP/1.1" 200 13186 "-" "BeeperBot/0 Matrix-Media-Repo/1" 
18.170.102.20 - - [06/Apr/2024:02:18:06 -0700] "GET /twitter-icon.png HTTP/1.1" 200 27916 "-" "BeeperBot/0 Matrix-Media-Repo/1" 
114.119.157.24 - - [06/Apr/2024:02:19:10 -0700] "GET /self.logs/error.log.2020-03-30 HTTP/1.1" 200 351 "http://www.secrepo.com/self.logs?C=N%3BO%3DD" "Mozilla/5.0 (Linux; Android 7.0;) AppleWebKit/537.36 (KHTML, like Gecko) Mobile Safari/537.36 (compatible; PetalBot;+https://webmaster.petalsearch.com/site/petalbot)" 
207.46.13.154 - - [06/Apr/2024:02:23:59 -0700] "GET /self.logs/error.log.2017-06-13.gz HTTP/1.1" 200 990 "-" "Mozilla/5.0 AppleWebKit/537.36 (KHTML, like Gecko; compatible; bingbot/2.0; +http://www.bing.com/bingbot.htm) Chrome/116.0.1938.76 Safari/537.36" 
52.167.144.140 - - [06/Apr/2024:02:24:02 -0700] "GET /self.logs/access.log.2021-06-28.gz HTTP/1.1" 301 487 "-" "Mozilla/5.0 AppleWebKit/537.36 (KHTML, like Gecko; compatible; bingbot/2.0; +http://www.bing.com/bingbot.htm) Chrome/116.0.1938.76 Safari/537.36" 
107.20.105.74 - - [06/Apr/2024:02:26:40 -0700] "HEAD / HTTP/1.1" 301 186 "-" "DreamHost SiteMonitor 1.0" 
107.20.105.74 - - [06/Apr/2024:02:26:40 -0700] "HEAD / HTTP/1.1" 200 359 "http://66.33.221.139" "DreamHost SiteMonitor 1.0" 
70.121.165.81 - - [06/Apr/2024:02:31:57 -0700] "GET / HTTP/1.1" 200 13186 "-" "Mozilla/5.0 (Macintosh; Intel Mac OS X 12.5; rv:114.0) Gecko/20100101 Firefox/114.0" 
70.121.165.81 - - [06/Apr/2024:02:31:58 -0700] "GET /data HTTP/1.1" 404 328 "http://www.secrepo.com/" "Mozilla/5.0 (Macintosh; Intel Mac OS X 12.5; rv:114.0) Gecko/20100101 Firefox/114.0" 
70.121.165.81 - - [06/Apr/2024:02:31:58 -0700] "GET /ftp://download.iwlab.foi.se/dataset/ HTTP/1.1" 404 328 "http://www.secrepo.com/" "Mozilla/5.0 (Macintosh; Intel Mac OS X 12.5; rv:114.0) Gecko/20100101 Firefox/114.0" 
70.121.165.81 - - [06/Apr/2024:02:31:58 -0700] "GET / HTTP/1.1" 301 475 "http://www.secrepo.com/" "Mozilla/5.0 (Macintosh; Intel Mac OS X 12.5; rv:114.0) Gecko/20100101 Firefox/114.0" 
70.121.165.81 - - [06/Apr/2024:02:31:58 -0700] "GET / HTTP/1.1" 200 13186 "http://secrepo.com" "Mozilla/5.0 (Macintosh; Intel Mac OS X 12.5; rv:114.0) Gecko/20100101 Firefox/114.0" 
70.121.165.81 - - [06/Apr/2024:02:31:58 -0700] "GET /Security-Data-Analysis/Lab_1/conn.log.zip HTTP/1.1" 200 6809440 "http://www.secrepo.com/" "Mozilla/5.0 (Macintosh; Intel Mac OS X 12.5; rv:114.0) Gecko/20100101 Firefox/114.0" 
70.121.165.81 - - [06/Apr/2024:02:32:00 -0700] "GET /maccdc2012/conn.log.gz HTTP/1.1" 200 16775400 "http://www.secrepo.com/" "Mozilla/5.0 (Macintosh; Intel Mac OS X 12.5; rv:114.0) Gecko/20100101 Firefox/114.0" 
70.121.165.81 - - [06/Apr/2024:02:32:06 -0700] "GET /honeypot/BSidesDFW%20-%202014.ipynb HTTP/1.1" 200 930921 "http://www.secrepo.com/" "Mozilla/5.0 (Macintosh; Intel Mac OS X 12.5; rv:114.0) Gecko/20100101 Firefox/114.0" 
70.121.165.81 - - [06/Apr/2024:02:32:06 -0700] "GET /maccdc2012/dhcp.log.gz HTTP/1.1" 200 44977 "http://www.secrepo.com/" "Mozilla/5.0 (Macintosh; Intel Mac OS X 12.5; rv:114.0) Gecko/20100101 Firefox/114.0" 
70.121.165.81 - - [06/Apr/2024:02:32:08 -0700] "GET /Datasets%20Description/Network/dhcp.html HTTP/1.1" 200 1461 "http://www.secrepo.com/" "Mozilla/5.0 (Macintosh; Intel Mac OS X 12.5; rv:114.0) Gecko/20100101 Firefox/114.0" 
70.121.165.81 - - [06/Apr/2024:02:32:07 -0700] "GET /honeypot/honeypot.json.zip HTTP/1.1" 200 11939880 "http://www.secrepo.com/" "Mozilla/5.0 (Macintosh; Intel Mac OS X 12.5; rv:114.0) Gecko/20100101 Firefox/114.0" 
70.121.165.81 - - [06/Apr/2024:02:32:09 -0700] "GET /auth.log/auth.log.gz HTTP/1.1" 200 615679 "http://www.secrepo.com/" "Mozilla/5.0 (Macintosh; Intel Mac OS X 12.5; rv:114.0) Gecko/20100101 Firefox/114.0" 
70.121.165.81 - - [06/Apr/2024:02:32:10 -0700] "GET /maccdc2012/dns.log.gz HTTP/1.1" 200 6552480 "http://www.secrepo.com/" "Mozilla/5.0 (Macintosh; Intel Mac OS X 12.5; rv:114.0) Gecko/20100101 Firefox/114.0" 
70.121.165.81 - - [06/Apr/2024:02:32:11 -0700] "GET /squid/access.log.gz HTTP/1.1" 200 6543720 "http://www.secrepo.com/" "Mozilla/5.0 (Macintosh; Intel Mac OS X 12.5; rv:114.0) Gecko/20100101 Firefox/114.0" 
70.121.165.81 - - [06/Apr/2024:02:32:12 -0700] "GET /Datasets%20Description/Network/dns.html HTTP/1.1" 200 1543 "http://www.secrepo.com/" "Mozilla/5.0 (Macintosh; Intel Mac OS X 12.5; rv:114.0) Gecko/20100101 Firefox/114.0" 
70.121.165.81 - - [06/Apr/2024:02:32:27 -0700] "GET /maccdc2012/files.log.gz HTTP/1.1" 200 6739360 "http://www.secrepo.com/" "Mozilla/5.0 (Macintosh; Intel Mac OS X 12.5; rv:114.0) Gecko/20100101 Firefox/114.0" 
70.121.165.81 - - [06/Apr/2024:02:32:31 -0700] "GET /Datasets%20Description/PE_malware/OPCleaver.html HTTP/1.1" 200 1458 "http://www.secrepo.com/" "Mozilla/5.0 (Macintosh; Intel Mac OS X 12.5; rv:114.0) Gecko/20100101 Firefox/114.0" 
70.121.165.81 - - [06/Apr/2024:02:32:31 -0700] "GET /Datasets%20Description/Network/files.html HTTP/1.1" 200 1532 "http://www.secrepo.com/" "Mozilla/5.0 (Macintosh; Intel Mac OS X 12.5; rv:114.0) Gecko/20100101 Firefox/114.0" 
70.121.165.81 - - [06/Apr/2024:02:32:32 -0700] "GET /pe_static/op-cleaver.zip HTTP/1.1" 200 710176 "http://www.secrepo.com/" "Mozilla/5.0 (Macintosh; Intel Mac OS X 12.5; rv:114.0) Gecko/20100101 Firefox/114.0" 
70.121.165.81 - - [06/Apr/2024:02:32:32 -0700] "GET /maccdc2012/ftp.log.gz HTTP/1.1" 200 127761 "http://www.secrepo.com/" "Mozilla/5.0 (Macintosh; Intel Mac OS X 12.5; rv:114.0) Gecko/20100101 Firefox/114.0" 
70.121.165.81 - - [06/Apr/2024:02:32:32 -0700] "GET /Datasets%20Description/PE_malware/VirusShare.html HTTP/1.1" 200 1651 "http://www.secrepo.com/" "Mozilla/5.0 (Macintosh; Intel Mac OS X 12.5; rv:114.0) Gecko/20100101 Firefox/114.0" 
70.121.165.81 - - [06/Apr/2024:02:32:33 -0700] "GET /Datasets%20Description/Network/ftp.html HTTP/1.1" 200 1530 "http://www.secrepo.com/" "Mozilla/5.0 (Macintosh; Intel Mac OS X 12.5; rv:114.0) Gecko/20100101 Firefox/114.0" 
70.121.165.81 - - [06/Apr/2024:02:32:33 -0700] "GET /pe_static/apt1.zip HTTP/1.1" 200 1983439 "http://www.secrepo.com/" "Mozilla/5.0 (Macintosh; Intel Mac OS X 12.5; rv:114.0) Gecko/20100101 Firefox/114.0" 
70.121.165.81 - - [06/Apr/2024:02:32:33 -0700] "GET /maccdc2012/http.log.gz HTTP/1.1" 200 6444440 "http://www.secrepo.com/" "Mozilla/5.0 (Macintosh; Intel Mac OS X 12.5; rv:114.0) Gecko/20100101 Firefox/114.0" 
70.121.165.81 - - [06/Apr/2024:02:32:35 -0700] "GET /Datasets%20Description/PE_malware/Zeus.html HTTP/1.1" 200 1698 "http://www.secrepo.com/" "Mozilla/5.0 (Macintosh; Intel Mac OS X 12.5; rv:114.0) Gecko/20100101 Firefox/114.0" 
70.121.165.81 - - [06/Apr/2024:02:32:35 -0700] "GET /Datasets%20Description/Network/http.html HTTP/1.1" 200 1709 "http://www.secrepo.com/" "Mozilla/5.0 (Macintosh; Intel Mac OS X 12.5; rv:114.0) Gecko/20100101 Firefox/114.0" 
70.121.165.81 - - [06/Apr/2024:02:32:36 -0700] "GET /pe_static/zeus.zip HTTP/1.1" 200 6356840 "http://www.secrepo.com/" "Mozilla/5.0 (Macintosh; Intel Mac OS X 12.5; rv:114.0) Gecko/20100101 Firefox/114.0" 
70.121.165.81 - - [06/Apr/2024:02:32:37 -0700] "GET / HTTP/1.1" 200 13186 "http://www.secrepo.com/" "Mozilla/5.0 (Macintosh; Intel Mac OS X 12.5; rv:114.0) Gecko/20100101 Firefox/114.0" 
70.121.165.81 - - [06/Apr/2024:02:32:37 -0700] "GET /scada/scada_logs.zip HTTP/1.1" 200 365012 "http://www.secrepo.com/" "Mozilla/5.0 (Macintosh; Intel Mac OS X 12.5; rv:114.0) Gecko/20100101 Firefox/114.0" 
70.121.165.81 - - [06/Apr/2024:02:32:37 -0700] "GET /maccdc2012/notice.log.gz HTTP/1.1" 200 20797 "http://www.secrepo.com/" "Mozilla/5.0 (Macintosh; Intel Mac OS X 12.5; rv:114.0) Gecko/20100101 Firefox/114.0" 
70.121.165.81 - - [06/Apr/2024:02:32:38 -0700] "GET /domaindata/domainmovement.zip HTTP/1.1" 200 6105720 "http://www.secrepo.com/" "Mozilla/5.0 (Macintosh; Intel Mac OS X 12.5; rv:114.0) Gecko/20100101 Firefox/114.0" 
70.121.165.81 - - [06/Apr/2024:02:32:39 -0700] "GET /Datasets%20Description/Network/notice.html HTTP/1.1" 200 1650 "http://www.secrepo.com/" "Mozilla/5.0 (Macintosh; Intel Mac OS X 12.5; rv:114.0) Gecko/20100101 Firefox/114.0" 
70.121.165.81 - - [06/Apr/2024:02:32:39 -0700] "GET /misc/zeus_dga_domains.txt.zip HTTP/1.1" 200 592381 "http://www.secrepo.com/" "Mozilla/5.0 (Macintosh; Intel Mac OS X 12.5; rv:114.0) Gecko/20100101 Firefox/114.0" 
70.121.165.81 - - [06/Apr/2024:02:32:39 -0700] "GET /maccdc2012/signatures.log.gz HTTP/1.1" 200 668 "http://www.secrepo.com/" "Mozilla/5.0 (Macintosh; Intel Mac OS X 12.5; rv:114.0) Gecko/20100101 Firefox/114.0" 
70.121.165.81 - - [06/Apr/2024:02:32:40 -0700] "GET /tg/tg_snort_full.7z HTTP/1.1" 200 7130640 "http://www.secrepo.com/" "Mozilla/5.0 (Macintosh; Intel Mac OS X 12.5; rv:114.0) Gecko/20100101 Firefox/114.0" 
70.121.165.81 - - [06/Apr/2024:02:32:41 -0700] "GET /Datasets%20Description/Network/signatures.html HTTP/1.1" 404 328 "http://www.secrepo.com/" "Mozilla/5.0 (Macintosh; Intel Mac OS X 12.5; rv:114.0) Gecko/20100101 Firefox/114.0" 
70.121.165.81 - - [06/Apr/2024:02:32:41 -0700] "GET /tg/tg_snort_fast.7z HTTP/1.1" 200 4274204 "http://www.secrepo.com/" "Mozilla/5.0 (Macintosh; Intel Mac OS X 12.5; rv:114.0) Gecko/20100101 Firefox/114.0" 
70.121.165.81 - - [06/Apr/2024:02:32:42 -0700] "GET /maccdc2012/smtp.log.gz HTTP/1.1" 200 6956 "http://www.secrepo.com/" "Mozilla/5.0 (Macintosh; Intel Mac OS X 12.5; rv:114.0) Gecko/20100101 Firefox/114.0" 
70.121.165.81 - - [06/Apr/2024:02:32:42 -0700] "GET /Datasets%20Description/HTML_Bro_log_3 HTTP/1.1" 301 619 "http://www.secrepo.com/" "Mozilla/5.0 (Macintosh; Intel Mac OS X 12.5; rv:114.0) Gecko/20100101 Firefox/114.0" 
70.121.165.81 - - [06/Apr/2024:02:32:42 -0700] "GET /Datasets%20Description/HTML_Bro_log_3/ HTTP/1.1" 200 823 "http://www.secrepo.com/Datasets%20Description/HTML_Bro_log_3" "Mozilla/5.0 (Macintosh; Intel Mac OS X 12.5; rv:114.0) Gecko/20100101 Firefox/114.0" 
70.121.165.81 - - [06/Apr/2024:02:32:42 -0700] "GET /Datasets%20Description/Network/smtp.html HTTP/1.1" 200 1637 "http://www.secrepo.com/" "Mozilla/5.0 (Macintosh; Intel Mac OS X 12.5; rv:114.0) Gecko/20100101 Firefox/114.0" 
70.121.165.81 - - [06/Apr/2024:02:32:42 -0700] "GET /tg/c.zip HTTP/1.1" 200 6549560 "http://www.secrepo.com/" "Mozilla/5.0 (Macintosh; Intel Mac OS X 12.5; rv:114.0) Gecko/20100101 Firefox/114.0" 
70.121.165.81 - - [06/Apr/2024:02:32:43 -0700] "GET /maccdc2012/ssh.log.gz HTTP/1.1" 200 182567 "http://www.secrepo.com/" "Mozilla/5.0 (Macintosh; Intel Mac OS X 12.5; rv:114.0) Gecko/20100101 Firefox/114.0" 
70.121.165.81 - - [06/Apr/2024:02:32:44 -0700] "GET /Datasets%20Description/HTML_Bro_log_2 HTTP/1.1" 301 619 "http://www.secrepo.com/" "Mozilla/5.0 (Macintosh; Intel Mac OS X 12.5; rv:114.0) Gecko/20100101 Firefox/114.0" 
70.121.165.81 - - [06/Apr/2024:02:32:44 -0700] "GET /Datasets%20Description/HTML_Bro_log_2/ HTTP/1.1" 200 832 "http://www.secrepo.com/Datasets%20Description/HTML_Bro_log_2" "Mozilla/5.0 (Macintosh; Intel Mac OS X 12.5; rv:114.0) Gecko/20100101 Firefox/114.0" 
70.121.165.81 - - [06/Apr/2024:02:32:44 -0700] "GET /Datasets%20Description/Network/ssh.html HTTP/1.1" 200 1368 "http://www.secrepo.com/" "Mozilla/5.0 (Macintosh; Intel Mac OS X 12.5; rv:114.0) Gecko/20100101 Firefox/114.0" 
70.121.165.81 - - [06/Apr/2024:02:32:44 -0700] "GET /tg/b.zip HTTP/1.1" 200 6234200 "http://www.secrepo.com/" "Mozilla/5.0 (Macintosh; Intel Mac OS X 12.5; rv:114.0) Gecko/20100101 Firefox/114.0" 
70.121.165.81 - - [06/Apr/2024:02:32:46 -0700] "GET /maccdc2012/ssl.log.gz HTTP/1.1" 200 1311486 "http://www.secrepo.com/" "Mozilla/5.0 (Macintosh; Intel Mac OS X 12.5; rv:114.0) Gecko/20100101 Firefox/114.0" 
70.121.165.81 - - [06/Apr/2024:02:32:46 -0700] "GET /Datasets%20Description/HTML_Bro_log_1 HTTP/1.1" 301 619 "http://www.secrepo.com/" "Mozilla/5.0 (Macintosh; Intel Mac OS X 12.5; rv:114.0) Gecko/20100101 Firefox/114.0" 
70.121.165.81 - - [06/Apr/2024:02:32:46 -0700] "GET /Datasets%20Description/HTML_Bro_log_1/ HTTP/1.1" 200 834 "http://www.secrepo.com/Datasets%20Description/HTML_Bro_log_1" "Mozilla/5.0 (Macintosh; Intel Mac OS X 12.5; rv:114.0) Gecko/20100101 Firefox/114.0" 
70.121.165.81 - - [06/Apr/2024:02:32:47 -0700] "GET /Datasets%20Description/Network/ssl.html HTTP/1.1" 200 1585 "http://www.secrepo.com/" "Mozilla/5.0 (Macintosh; Intel Mac OS X 12.5; rv:114.0) Gecko/20100101 Firefox/114.0" 
70.121.165.81 - - [06/Apr/2024:02:32:12 -0700] "GET /self.logs/ HTTP/1.1" 200 49092 "http://www.secrepo.com/" "Mozilla/5.0 (Macintosh; Intel Mac OS X 12.5; rv:114.0) Gecko/20100101 Firefox/114.0" 
70.121.165.81 - - [06/Apr/2024:02:32:47 -0700] "GET /tg/a.zip HTTP/1.1" 200 6351000 "http://www.secrepo.com/" "Mozilla/5.0 (Macintosh; Intel Mac OS X 12.5; rv:114.0) Gecko/20100101 Firefox/114.0" 
70.121.165.81 - - [06/Apr/2024:02:32:48 -0700] "GET /maccdc2012/tunnel.log.gz HTTP/1.1" 200 5282 "http://www.secrepo.com/" "Mozilla/5.0 (Macintosh; Intel Mac OS X 12.5; rv:114.0) Gecko/20100101 Firefox/114.0" 
70.121.165.81 - - [06/Apr/2024:02:32:48 -0700] "GET /maccdc2012/maccdc2012_full_alert.7z HTTP/1.1" 200 6415240 "http://www.secrepo.com/" "Mozilla/5.0 (Macintosh; Intel Mac OS X 12.5; rv:114.0) Gecko/20100101 Firefox/114.0" 
70.121.165.81 - - [06/Apr/2024:02:32:50 -0700] "GET /Datasets%20Description/Network/tunnel.html HTTP/1.1" 200 1470 "http://www.secrepo.com/" "Mozilla/5.0 (Macintosh; Intel Mac OS X 12.5; rv:114.0) Gecko/20100101 Firefox/114.0" 
70.121.165.81 - - [06/Apr/2024:02:32:50 -0700] "GET /maccdc2012/maccdc2012_fast_alert.7z HTTP/1.1" 200 6175800 "http://www.secrepo.com/" "Mozilla/5.0 (Macintosh; Intel Mac OS X 12.5; rv:114.0) Gecko/20100101 Firefox/114.0" 
70.121.165.81 - - [06/Apr/2024:02:32:51 -0700] "GET /maccdc2012/weird.log.gz HTTP/1.1" 200 1252854 "http://www.secrepo.com/" "Mozilla/5.0 (Macintosh; Intel Mac OS X 12.5; rv:114.0) Gecko/20100101 Firefox/114.0" 
70.121.165.81 - - [06/Apr/2024:02:32:52 -0700] "GET /Datasets%20Description/Network/weird.html HTTP/1.1" 200 1645 "http://www.secrepo.com/" "Mozilla/5.0 (Macintosh; Intel Mac OS X 12.5; rv:114.0) Gecko/20100101 Firefox/114.0" 
107.20.105.74 - - [06/Apr/2024:02:36:40 -0700] "HEAD / HTTP/1.1" 301 186 "-" "DreamHost SiteMonitor 1.0" 
107.20.105.74 - - [06/Apr/2024:02:36:40 -0700] "HEAD / HTTP/1.1" 200 359 "http://66.33.221.139" "DreamHost SiteMonitor 1.0" 
114.119.137.143 - - [06/Apr/2024:02:39:13 -0700] "GET /self.logs/error.log.2020-09-27 HTTP/1.1" 200 351 "http://www.secrepo.com/self.logs?C=N%3BO%3DD" "Mozilla/5.0 (Linux; Android 7.0;) AppleWebKit/537.36 (KHTML, like Gecko) Mobile Safari/537.36 (compatible; PetalBot;+https://webmaster.petalsearch.com/site/petalbot)" 
157.55.39.204 - - [06/Apr/2024:02:46:07 -0700] "GET /self.logs/error.log.2019-12-07.gz HTTP/1.1" 200 934 "-" "Mozilla/5.0 AppleWebKit/537.36 (KHTML, like Gecko; compatible; bingbot/2.0; +http://www.bing.com/bingbot.htm) Chrome/116.0.1938.76 Safari/537.36" 
150.138.73.5 - - [06/Apr/2024:02:46:40 -0700] "GET /login.php?s=Admin/login HTTP/1.1" 404 328 "-" "python-requests/2.31.0" 
107.20.105.74 - - [06/Apr/2024:02:46:40 -0700] "HEAD / HTTP/1.1" 301 186 "-" "DreamHost SiteMonitor 1.0" 
107.20.105.74 - - [06/Apr/2024:02:46:40 -0700] "HEAD / HTTP/1.1" 200 359 "http://66.33.221.139" "DreamHost SiteMonitor 1.0" 
103.24.219.56 - - [06/Apr/2024:02:53:49 -0700] "GET / HTTP/1.1" 200 13185 "-" "Mozilla/5.0 (Windows NT 10.0; Win64; x64) AppleWebKit/537.36 (KHTML, like Gecko) Chrome/97.0.4280.67 Safari/537.36 Edg/97.0.664.52" 
107.20.105.74 - - [06/Apr/2024:02:56:40 -0700] "HEAD / HTTP/1.1" 301 186 "-" "DreamHost SiteMonitor 1.0" 
107.20.105.74 - - [06/Apr/2024:02:56:40 -0700] "HEAD / HTTP/1.1" 200 359 "http://66.33.221.139" "DreamHost SiteMonitor 1.0" 
107.20.105.74 - - [06/Apr/2024:03:06:40 -0700] "HEAD / HTTP/1.1" 301 186 "-" "DreamHost SiteMonitor 1.0" 
107.20.105.74 - - [06/Apr/2024:03:06:40 -0700] "HEAD / HTTP/1.1" 200 359 "http://66.33.221.139" "DreamHost SiteMonitor 1.0" 
115.60.63.220 - - [06/Apr/2024:03:08:03 -0700] "GET /favicon.ico HTTP/1.1" 304 261 "-" "Mozilla/5.0 (Windows NT 10.0; WOW64) AppleWebKit/537.36 (KHTML, like Gecko) Chrome/114.0.5735.289 Safari/537.36" 
37.19.214.4 - - [06/Apr/2024:03:09:44 -0700] "GET / HTTP/1.1" 200 13186 "-" "Mozilla/5.0 (Macintosh; Intel Mac OS X 10_15_7) AppleWebKit/605.1.15 (KHTML, like Gecko) Version/16.0 Safari/605.1.15" 
37.19.214.4 - - [06/Apr/2024:03:09:44 -0700] "GET / HTTP/1.1" 200 13186 "-" "Mozilla/5.0 (Macintosh; Intel Mac OS X 10_15_7) AppleWebKit/605.1.15 (KHTML, like Gecko) Version/16.0 Safari/605.1.15" 
37.19.214.4 - - [06/Apr/2024:03:09:44 -0700] "GET /bootstrap/img/favicon.ico HTTP/1.1" 200 713 "-" "Client/40336 CFNetwork/1494.0.7 Darwin/23.4.0" 
37.19.214.4 - - [06/Apr/2024:03:09:44 -0700] "GET /bootstrap/img/favicon.ico HTTP/1.1" 200 713 "-" "Client/40336 CFNetwork/1494.0.7 Darwin/23.4.0" 
66.249.70.65 - - [06/Apr/2024:03:16:07 -0700] "GET / HTTP/1.1" 301 475 "-" "Mozilla/5.0 (compatible; Googlebot/2.1; +http://www.google.com/bot.html)" 
66.249.64.106 - - [06/Apr/2024:03:16:08 -0700] "GET / HTTP/1.1" 200 13186 "-" "Mozilla/5.0 (compatible; Googlebot/2.1; +http://www.google.com/bot.html)" 
107.20.105.74 - - [06/Apr/2024:03:16:40 -0700] "HEAD / HTTP/1.1" 301 186 "-" "DreamHost SiteMonitor 1.0" 
107.20.105.74 - - [06/Apr/2024:03:16:40 -0700] "HEAD / HTTP/1.1" 200 359 "http://66.33.221.139" "DreamHost SiteMonitor 1.0" 
114.119.150.155 - - [06/Apr/2024:03:17:26 -0700] "GET /self.logs/error.log.2020-09-08 HTTP/1.1" 200 351 "http://www.secrepo.com/self.logs?C=N%3BO%3DD" "Mozilla/5.0 (Linux; Android 7.0;) AppleWebKit/537.36 (KHTML, like Gecko) Mobile Safari/537.36 (compatible; PetalBot;+https://webmaster.petalsearch.com/site/petalbot)" 
107.20.105.74 - - [06/Apr/2024:03:26:40 -0700] "HEAD / HTTP/1.1" 301 186 "-" "DreamHost SiteMonitor 1.0" 
107.20.105.74 - - [06/Apr/2024:03:26:40 -0700] "HEAD / HTTP/1.1" 200 359 "http://66.33.221.139" "DreamHost SiteMonitor 1.0" 
66.249.64.107 - - [06/Apr/2024:03:30:42 -0700] "GET / HTTP/1.1" 200 13186 "-" "Mozilla/5.0 (compatible; Googlebot/2.1; +http://www.google.com/bot.html)" 
107.20.105.74 - - [06/Apr/2024:03:36:40 -0700] "HEAD / HTTP/1.1" 301 186 "-" "DreamHost SiteMonitor 1.0" 
107.20.105.74 - - [06/Apr/2024:03:36:40 -0700] "HEAD / HTTP/1.1" 200 359 "http://66.33.221.139" "DreamHost SiteMonitor 1.0" 
114.119.137.143 - - [06/Apr/2024:03:38:02 -0700] "GET /self.logs/error.log.2020-04-21 HTTP/1.1" 200 351 "http://www.secrepo.com/self.logs?C=N%3BO%3DD" "Mozilla/5.0 (Linux; Android 7.0;) AppleWebKit/537.36 (KHTML, like Gecko) Mobile Safari/537.36 (compatible; PetalBot;+https://webmaster.petalsearch.com/site/petalbot)" 
216.244.66.245 - - [06/Apr/2024:03:44:30 -0700] "GET /robots.txt HTTP/1.1" 200 333 "-" "Mozilla/5.0 (compatible; DotBot/1.2; +https://opensiteexplorer.org/dotbot; help@moz.com)" 
107.20.105.74 - - [06/Apr/2024:03:46:40 -0700] "HEAD / HTTP/1.1" 301 186 "-" "DreamHost SiteMonitor 1.0" 
107.20.105.74 - - [06/Apr/2024:03:46:40 -0700] "HEAD / HTTP/1.1" 200 359 "http://66.33.221.139" "DreamHost SiteMonitor 1.0" 
52.167.144.203 - - [06/Apr/2024:03:47:53 -0700] "GET /self.logs/error.log.2022-04-21.gz HTTP/1.1" 301 485 "-" "Mozilla/5.0 AppleWebKit/537.36 (KHTML, like Gecko; compatible; bingbot/2.0; +http://www.bing.com/bingbot.htm) Chrome/116.0.1938.76 Safari/537.36" 
114.119.155.236 - - [06/Apr/2024:03:53:33 -0700] "GET /self.logs/error.log.2019-09-13 HTTP/1.1" 200 3758 "http://www.secrepo.com/self.logs?C=N%3BO%3DD" "Mozilla/5.0 (Linux; Android 7.0;) AppleWebKit/537.36 (KHTML, like Gecko) Mobile Safari/537.36 (compatible; PetalBot;+https://webmaster.petalsearch.com/site/petalbot)" 
114.119.137.143 - - [06/Apr/2024:03:54:55 -0700] "GET /self.logs/error.log.2020-11-03 HTTP/1.1" 200 351 "http://www.secrepo.com/self.logs?C=N%3BO%3DD" "Mozilla/5.0 (Linux; Android 7.0;) AppleWebKit/537.36 (KHTML, like Gecko) Mobile Safari/537.36 (compatible; PetalBot;+https://webmaster.petalsearch.com/site/petalbot)" 
107.20.105.74 - - [06/Apr/2024:03:56:40 -0700] "HEAD / HTTP/1.1" 301 186 "-" "DreamHost SiteMonitor 1.0" 
107.20.105.74 - - [06/Apr/2024:03:56:40 -0700] "HEAD / HTTP/1.1" 200 359 "http://66.33.221.139" "DreamHost SiteMonitor 1.0" 
207.46.13.14 - - [06/Apr/2024:03:59:35 -0700] "GET /self.logs/error.log.2020-05-27 HTTP/1.1" 200 307 "-" "Mozilla/5.0 AppleWebKit/537.36 (KHTML, like Gecko; compatible; bingbot/2.0; +http://www.bing.com/bingbot.htm) Chrome/116.0.1938.76 Safari/537.36" 
207.46.13.14 - - [06/Apr/2024:03:59:36 -0700] "GET /self.logs/error.log.2020-09-15 HTTP/1.1" 200 273 "-" "Mozilla/5.0 AppleWebKit/537.36 (KHTML, like Gecko; compatible; bingbot/2.0; +http://www.bing.com/bingbot.htm) Chrome/116.0.1938.76 Safari/537.36" 
107.20.105.74 - - [06/Apr/2024:04:06:41 -0700] "HEAD / HTTP/1.1" 301 186 "-" "DreamHost SiteMonitor 1.0" 
107.20.105.74 - - [06/Apr/2024:04:06:41 -0700] "HEAD / HTTP/1.1" 200 359 "http://66.33.221.139" "DreamHost SiteMonitor 1.0" 
66.249.64.106 - - [06/Apr/2024:04:07:25 -0700] "GET /maccdc2012/dns.log.gz HTTP/1.1" 200 6607379 "-" "Mozilla/5.0 (Linux; Android 6.0.1; Nexus 5X Build/MMB29P) AppleWebKit/537.36 (KHTML, like Gecko) Chrome/122.0.6261.94 Mobile Safari/537.36 (compatible; Googlebot/2.1; +http://www.google.com/bot.html)" 
52.167.144.22 - - [06/Apr/2024:04:09:22 -0700] "GET /self.logs/access.log.2021-11-26.gz HTTP/1.1" 301 487 "-" "Mozilla/5.0 AppleWebKit/537.36 (KHTML, like Gecko; compatible; bingbot/2.0; +http://www.bing.com/bingbot.htm) Chrome/116.0.1938.76 Safari/537.36" 
66.249.64.106 - - [06/Apr/2024:04:11:55 -0700] "GET /ads.txt HTTP/1.1" 404 328 "-" "Mozilla/5.0 (compatible; Googlebot/2.1; +http://www.google.com/bot.html)" 
66.249.70.64 - - [06/Apr/2024:04:11:55 -0700] "GET /robots.txt HTTP/1.1" 301 495 "-" "Mozilla/5.0 (compatible; Googlebot/2.1; +http://www.google.com/bot.html)" 
66.249.64.106 - - [06/Apr/2024:04:11:55 -0700] "GET /robots.txt HTTP/1.1" 200 354 "-" "Mozilla/5.0 (compatible; Googlebot/2.1; +http://www.google.com/bot.html)" 
66.249.70.65 - - [06/Apr/2024:04:11:55 -0700] "GET /ads.txt HTTP/1.1" 301 489 "-" "Mozilla/5.0 (compatible; Googlebot/2.1; +http://www.google.com/bot.html)" 
66.249.70.65 - - [06/Apr/2024:04:14:59 -0700] "GET / HTTP/1.1" 301 475 "-" "Mozilla/5.0 (compatible; Googlebot/2.1; +http://www.google.com/bot.html)" 
66.249.64.108 - - [06/Apr/2024:04:15:00 -0700] "GET / HTTP/1.1" 200 13185 "-" "Mozilla/5.0 (compatible; Googlebot/2.1; +http://www.google.com/bot.html)" 
107.20.105.74 - - [06/Apr/2024:04:16:40 -0700] "HEAD / HTTP/1.1" 301 186 "-" "DreamHost SiteMonitor 1.0" 
107.20.105.74 - - [06/Apr/2024:04:16:40 -0700] "HEAD / HTTP/1.1" 200 359 "http://66.33.221.139" "DreamHost SiteMonitor 1.0" 
107.20.105.74 - - [06/Apr/2024:04:26:40 -0700] "HEAD / HTTP/1.1" 301 186 "-" "DreamHost SiteMonitor 1.0" 
107.20.105.74 - - [06/Apr/2024:04:26:40 -0700] "HEAD / HTTP/1.1" 200 359 "http://66.33.221.139" "DreamHost SiteMonitor 1.0" 
85.208.96.209 - - [06/Apr/2024:04:31:13 -0700] "GET /Datasets%20Description/HTML_Bro_log_3/irc.html HTTP/1.1" 200 1747 "-" "Mozilla/5.0 (compatible; SemrushBot/7~bl; +http://www.semrush.com/bot.html)" 
222.136.172.7 - - [06/Apr/2024:04:34:24 -0700] "GET /favicon.ico HTTP/1.1" 200 391 "-" "Mozilla/5.0 (Windows NT 10.0; Win64; x64) AppleWebKit/537.36 (KHTML, like Gecko) Chrome/114.0.5735.289 Safari/537.36" 
107.20.105.74 - - [06/Apr/2024:04:36:40 -0700] "HEAD / HTTP/1.1" 301 186 "-" "DreamHost SiteMonitor 1.0" 
107.20.105.74 - - [06/Apr/2024:04:36:40 -0700] "HEAD / HTTP/1.1" 200 359 "http://66.33.221.139" "DreamHost SiteMonitor 1.0" 
66.249.64.107 - - [06/Apr/2024:04:39:59 -0700] "GET / HTTP/1.1" 200 13186 "-" "Mozilla/5.0 (compatible; Googlebot/2.1; +http://www.google.com/bot.html)" 
23.234.60.202 - - [06/Apr/2024:04:42:30 -0700] "GET / HTTP/1.1" 200 13186 "-" "Mozilla/5.0 (Windows NT 10.0; Win64; x64) AppleWebKit/537.36 (KHTML, like Gecko) Chrome/97.0.4280.67 Safari/537.36 Edg/97.0.664.52" 
107.20.105.74 - - [06/Apr/2024:04:46:40 -0700] "HEAD / HTTP/1.1" 301 186 "-" "DreamHost SiteMonitor 1.0" 
107.20.105.74 - - [06/Apr/2024:04:46:40 -0700] "HEAD / HTTP/1.1" 200 359 "http://66.33.221.139" "DreamHost SiteMonitor 1.0" 
17.241.227.172 - - [06/Apr/2024:04:49:36 -0700] "GET /Datasets%20Description/PE_malware/OPCleaver.html HTTP/1.1" 200 1414 "-" "Mozilla/5.0 (Macintosh; Intel Mac OS X 10_15_5) AppleWebKit/605.1.15 (KHTML, like Gecko) Version/13.1.1 Safari/605.1.15 (Applebot/0.1; +http://www.apple.com/go/applebot)" 
157.55.39.58 - - [06/Apr/2024:04:52:13 -0700] "GET /self.logs/?C=N;O=D HTTP/1.1" 200 50485 "-" "Mozilla/5.0 AppleWebKit/537.36 (KHTML, like Gecko; compatible; bingbot/2.0; +http://www.bing.com/bingbot.htm) Chrome/116.0.1938.76 Safari/537.36" 
107.20.105.74 - - [06/Apr/2024:04:56:40 -0700] "HEAD / HTTP/1.1" 301 186 "-" "DreamHost SiteMonitor 1.0" 
107.20.105.74 - - [06/Apr/2024:04:56:40 -0700] "HEAD / HTTP/1.1" 200 359 "http://66.33.221.139" "DreamHost SiteMonitor 1.0" 
107.20.105.74 - - [06/Apr/2024:05:06:40 -0700] "HEAD / HTTP/1.1" 301 186 "-" "DreamHost SiteMonitor 1.0" 
107.20.105.74 - - [06/Apr/2024:05:06:40 -0700] "HEAD / HTTP/1.1" 200 359 "http://66.33.221.139" "DreamHost SiteMonitor 1.0" 
85.208.96.200 - - [06/Apr/2024:05:07:48 -0700] "GET /Datasets%20Description/HTML_Bro_log_2/packet_filter.html HTTP/1.1" 200 1688 "-" "Mozilla/5.0 (compatible; SemrushBot/7~bl; +http://www.semrush.com/bot.html)" 
107.20.105.74 - - [06/Apr/2024:05:16:40 -0700] "HEAD / HTTP/1.1" 301 186 "-" "DreamHost SiteMonitor 1.0" 
107.20.105.74 - - [06/Apr/2024:05:16:40 -0700] "HEAD / HTTP/1.1" 200 359 "http://66.33.221.139" "DreamHost SiteMonitor 1.0" 
52.167.144.209 - - [06/Apr/2024:05:21:50 -0700] "GET /self.logs/error.log.2020-12-24 HTTP/1.1" 200 307 "-" "Mozilla/5.0 AppleWebKit/537.36 (KHTML, like Gecko; compatible; bingbot/2.0; +http://www.bing.com/bingbot.htm) Chrome/116.0.1938.76 Safari/537.36" 
119.188.247.140 - - [06/Apr/2024:05:24:27 -0700] "GET /include/ckeditor/plugins/smiley/images/angel_smile.gif HTTP/1.1" 404 328 "http://www.secrepo.com/include/ckeditor/plugins/smiley/images/angel_smile.gif" "Mozilla/5.0 (Windows NT 10.0; Win64; x64) AppleWebKit/537.36 (KHTML, like Gecko) Chrome/83.0.4103.61 Safari/537.36" 
119.188.247.140 - - [06/Apr/2024:05:24:28 -0700] "GET /plus/ad_js.php HTTP/1.1" 404 328 "http://www.secrepo.com/plus/ad_js.php" "Mozilla/5.0 (Windows NT 10.0; Win64; x64) AppleWebKit/537.36 (KHTML, like Gecko) Chrome/83.0.4103.61 Safari/537.36" 
119.188.247.140 - - [06/Apr/2024:05:24:29 -0700] "GET /plus/flink_add.php HTTP/1.1" 404 328 "http://www.secrepo.com/plus/flink_add.php" "Mozilla/5.0 (Windows NT 10.0; Win64; x64) AppleWebKit/537.36 (KHTML, like Gecko) Chrome/83.0.4103.61 Safari/537.36" 
107.20.105.74 - - [06/Apr/2024:05:26:40 -0700] "HEAD / HTTP/1.1" 301 186 "-" "DreamHost SiteMonitor 1.0" 
107.20.105.74 - - [06/Apr/2024:05:26:40 -0700] "HEAD / HTTP/1.1" 200 359 "http://66.33.221.139" "DreamHost SiteMonitor 1.0" 
157.55.39.54 - - [06/Apr/2024:05:28:56 -0700] "GET /self.logs/error.log.2021-07-15.gz HTTP/1.1" 200 1264 "-" "Mozilla/5.0 AppleWebKit/537.36 (KHTML, like Gecko; compatible; bingbot/2.0; +http://www.bing.com/bingbot.htm) Chrome/116.0.1938.76 Safari/537.36" 
216.244.66.245 - - [06/Apr/2024:05:33:53 -0700] "GET /robots.txt HTTP/1.1" 200 333 "-" "Mozilla/5.0 (compatible; DotBot/1.2; +https://opensiteexplorer.org/dotbot; help@moz.com)" 
157.55.39.54 - - [06/Apr/2024:05:33:57 -0700] "GET /self.logs/error.log.2017-11-17.gz HTTP/1.1" 200 1202 "-" "Mozilla/5.0 AppleWebKit/537.36 (KHTML, like Gecko; compatible; bingbot/2.0; +http://www.bing.com/bingbot.htm) Chrome/116.0.1938.76 Safari/537.36" 
107.20.105.74 - - [06/Apr/2024:05:36:40 -0700] "HEAD / HTTP/1.1" 301 186 "-" "DreamHost SiteMonitor 1.0" 
107.20.105.74 - - [06/Apr/2024:05:36:40 -0700] "HEAD / HTTP/1.1" 200 359 "http://66.33.221.139" "DreamHost SiteMonitor 1.0" 
107.20.105.74 - - [06/Apr/2024:05:46:40 -0700] "HEAD / HTTP/1.1" 301 186 "-" "DreamHost SiteMonitor 1.0" 
107.20.105.74 - - [06/Apr/2024:05:46:40 -0700] "HEAD / HTTP/1.1" 200 359 "http://66.33.221.139" "DreamHost SiteMonitor 1.0" 
38.162.123.249 - - [06/Apr/2024:05:47:22 -0700] "GET /doc/ChangeLog.txt HTTP/1.1" 404 328 "-" "python-requests/2.31.0" 
23.235.160.114 - - [06/Apr/2024:05:54:21 -0700] "GET / HTTP/1.1" 200 13186 "-" "Mozilla/5.0 (Windows NT 10.0; Win64; x64) AppleWebKit/537.36 (KHTML, like Gecko) Chrome/97.0.4280.67 Safari/537.36 Edg/97.0.664.52" 
107.20.105.74 - - [06/Apr/2024:05:56:40 -0700] "HEAD / HTTP/1.1" 301 186 "-" "DreamHost SiteMonitor 1.0" 
107.20.105.74 - - [06/Apr/2024:05:56:40 -0700] "HEAD / HTTP/1.1" 200 359 "http://66.33.221.139" "DreamHost SiteMonitor 1.0" 
38.150.8.25 - - [06/Apr/2024:06:00:17 -0700] "GET /favicon.ico HTTP/1.1" 304 217 "-" "Mozilla/5.0 (Windows NT 10.0; Win64; x64) AppleWebKit/537.36 (KHTML, like Gecko) Chrome/114.0.5735.289 Safari/537.36" 
95.163.255.154 - - [06/Apr/2024:06:05:07 -0700] "GET /robots.txt HTTP/1.0" 200 340 "-" "Mozilla/5.0 (compatible; Linux x86_64; Mail.RU_Bot/2.0; +https://help.mail.ru/webmaster/indexing/robots)" 
95.163.255.180 - - [06/Apr/2024:06:05:40 -0700] "GET /honeypot/BSidesDFW%20-%202014.ipynb HTTP/1.1" 200 930884 "-" "Mozilla/5.0 (compatible; Linux x86_64; Mail.RU_Bot/2.0; +https://help.mail.ru/webmaster/indexing/robots)" 
107.20.105.74 - - [06/Apr/2024:06:06:40 -0700] "HEAD / HTTP/1.1" 301 186 "-" "DreamHost SiteMonitor 1.0" 
107.20.105.74 - - [06/Apr/2024:06:06:40 -0700] "HEAD / HTTP/1.1" 200 359 "http://66.33.221.139" "DreamHost SiteMonitor 1.0" 
116.6.234.170 - - [06/Apr/2024:06:10:31 -0700] "GET / HTTP/1.1" 200 13186 "-" "Mozilla/5.0 (Windows NT 10.0; Win64; x64) AppleWebKit/537.36 (KHTML, like Gecko) Chrome/123.0.0.0 Safari/537.36 Edg/123.0.0.0" 
116.6.234.170 - - [06/Apr/2024:06:10:31 -0700] "GET /css/style.css HTTP/1.1" 404 328 "http://www.secrepo.com/" "Mozilla/5.0 (Windows NT 10.0; Win64; x64) AppleWebKit/537.36 (KHTML, like Gecko) Chrome/123.0.0.0 Safari/537.36 Edg/123.0.0.0" 
116.6.234.170 - - [06/Apr/2024:06:10:31 -0700] "GET /twitter-icon.png HTTP/1.1" 200 27916 "http://www.secrepo.com/" "Mozilla/5.0 (Windows NT 10.0; Win64; x64) AppleWebKit/537.36 (KHTML, like Gecko) Chrome/123.0.0.0 Safari/537.36 Edg/123.0.0.0" 
116.6.234.170 - - [06/Apr/2024:06:10:31 -0700] "GET /GitHub-Mark.png HTTP/1.1" 200 7533 "http://www.secrepo.com/" "Mozilla/5.0 (Windows NT 10.0; Win64; x64) AppleWebKit/537.36 (KHTML, like Gecko) Chrome/123.0.0.0 Safari/537.36 Edg/123.0.0.0" 
116.6.234.170 - - [06/Apr/2024:06:10:55 -0700] "GET /bootstrap/img/favicon.ico HTTP/1.1" 200 713 "http://www.secrepo.com/" "Mozilla/5.0 (Windows NT 10.0; Win64; x64) AppleWebKit/537.36 (KHTML, like Gecko) Chrome/123.0.0.0 Safari/537.36 Edg/123.0.0.0" 
193.119.33.102 - - [06/Apr/2024:06:12:00 -0700] "GET /Datasets%20Description/PE_malware/VirusShare.html HTTP/1.1" 200 1651 "-" "Mozilla/5.0 (Windows NT 10.0; Win64; x64; rv:124.0) Gecko/20100101 Firefox/124.0" 
193.119.33.102 - - [06/Apr/2024:06:12:00 -0700] "GET /favicon.ico HTTP/1.1" 200 368 "http://www.secrepo.com/Datasets%20Description/PE_malware/VirusShare.html" "Mozilla/5.0 (Windows NT 10.0; Win64; x64; rv:124.0) Gecko/20100101 Firefox/124.0" 
103.231.172.10 - - [06/Apr/2024:06:16:38 -0700] "GET /wp-login.php HTTP/1.1" 429 501 "-" "Mozilla/5.0 (Windows NT 10.0; WOW64; rv:48.0) Gecko/20100101 Firefox/48.0" 
107.20.105.74 - - [06/Apr/2024:06:16:40 -0700] "HEAD / HTTP/1.1" 301 186 "-" "DreamHost SiteMonitor 1.0" 
107.20.105.74 - - [06/Apr/2024:06:16:40 -0700] "HEAD / HTTP/1.1" 200 359 "http://66.33.221.139" "DreamHost SiteMonitor 1.0" 
107.20.105.74 - - [06/Apr/2024:06:26:40 -0700] "HEAD / HTTP/1.1" 301 186 "-" "DreamHost SiteMonitor 1.0" 
107.20.105.74 - - [06/Apr/2024:06:26:40 -0700] "HEAD / HTTP/1.1" 200 359 "http://66.33.221.139" "DreamHost SiteMonitor 1.0" 
40.77.167.57 - - [06/Apr/2024:06:33:06 -0700] "GET /honeypot/ HTTP/1.1" 200 738 "-" "Mozilla/5.0 AppleWebKit/537.36 (KHTML, like Gecko; compatible; bingbot/2.0; +http://www.bing.com/bingbot.htm) Chrome/116.0.1938.76 Safari/537.36" 
40.77.167.243 - - [06/Apr/2024:06:34:25 -0700] "GET /self.logs/access.log.2021-09-29.gz HTTP/1.1" 301 487 "-" "Mozilla/5.0 AppleWebKit/537.36 (KHTML, like Gecko; compatible; bingbot/2.0; +http://www.bing.com/bingbot.htm) Chrome/116.0.1938.76 Safari/537.36" 
52.167.144.191 - - [06/Apr/2024:06:35:38 -0700] "GET /self.logs/access.log.2023-02-21.gz HTTP/1.1" 200 12658 "-" "Mozilla/5.0 AppleWebKit/537.36 (KHTML, like Gecko; compatible; bingbot/2.0; +http://www.bing.com/bingbot.htm) Chrome/116.0.1938.76 Safari/537.36" 
103.194.186.170 - - [06/Apr/2024:06:36:36 -0700] "GET /e/DoInfo/AddInfo.php HTTP/1.1" 404 328 "-" "Mozilla/5.0 (Windows NT 10.0; WOW64; rv:48.0) Gecko/20100101 Firefox/48.0" 
107.20.105.74 - - [06/Apr/2024:06:36:40 -0700] "HEAD / HTTP/1.1" 301 186 "-" "DreamHost SiteMonitor 1.0" 
107.20.105.74 - - [06/Apr/2024:06:36:40 -0700] "HEAD / HTTP/1.1" 200 359 "http://66.33.221.139" "DreamHost SiteMonitor 1.0" 
107.20.105.74 - - [06/Apr/2024:06:46:40 -0700] "HEAD / HTTP/1.1" 301 186 "-" "DreamHost SiteMonitor 1.0" 
107.20.105.74 - - [06/Apr/2024:06:46:40 -0700] "HEAD / HTTP/1.1" 200 359 "http://66.33.221.139" "DreamHost SiteMonitor 1.0" 
114.119.142.8 - - [06/Apr/2024:06:46:59 -0700] "GET /self.logs/error.log.2020-02-09 HTTP/1.1" 200 351 "http://www.secrepo.com/self.logs?C=N%3BO%3DD" "Mozilla/5.0 (Linux; Android 7.0;) AppleWebKit/537.36 (KHTML, like Gecko) Mobile Safari/537.36 (compatible; PetalBot;+https://webmaster.petalsearch.com/site/petalbot)" 
111.202.101.134 - - [06/Apr/2024:06:48:44 -0700] "GET / HTTP/1.1" 200 49096 "-" "Sogou web spider/4.0(+http://www.sogou.com/docs/help/webmasters.htm#07)" 
107.20.105.74 - - [06/Apr/2024:06:56:40 -0700] "HEAD / HTTP/1.1" 301 186 "-" "DreamHost SiteMonitor 1.0" 
107.20.105.74 - - [06/Apr/2024:06:56:40 -0700] "HEAD / HTTP/1.1" 200 359 "http://66.33.221.139" "DreamHost SiteMonitor 1.0" 
51.222.253.7 - - [06/Apr/2024:07:00:57 -0700] "GET /Datasets%20Description/HTML_Bro_log_3 HTTP/1.1" 301 563 "-" "Mozilla/5.0 (compatible; AhrefsBot/7.0; +http://ahrefs.com/robot/)" 
107.20.105.74 - - [06/Apr/2024:07:06:40 -0700] "HEAD / HTTP/1.1" 301 186 "-" "DreamHost SiteMonitor 1.0" 
107.20.105.74 - - [06/Apr/2024:07:06:40 -0700] "HEAD / HTTP/1.1" 200 359 "http://66.33.221.139" "DreamHost SiteMonitor 1.0" 
88.201.251.215 - - [06/Apr/2024:07:07:38 -0700] "GET /honeypot/Honeypot%20-%20Howto%20-%20BSides%20Austin.pd2000f HTTP/1.0" 404 291 "http://www.secrepo.com/honeypot/Honeypot%20-%20Howto%20-%20BSides%20Austin.pd2000f" "Mozilla/5.0 (Windows NT 10.0; Win64; x64) AppleWebKit/537.36 (KHTML, like Gecko) Chrome/122.0.0.0 Safari/537.36" 
88.201.251.215 - - [06/Apr/2024:07:07:38 -0700] "GET / HTTP/1.0" 200 49096 "http://www.secrepo.com/" "Mozilla/5.0 (Windows NT 10.0; Win64; x64) AppleWebKit/537.36 (KHTML, like Gecko) Chrome/122.0.0.0 Safari/537.36" 
118.24.38.109 - - [06/Apr/2024:07:10:36 -0700] "GET / HTTP/1.1" 200 13186 "-" "Mozilla/5.0 (Windows NT 10.0; Win64; x64) AppleWebKit/537.36 (KHTML, like Gecko) Chrome/97.0.4280.67 Safari/537.36 Edg/97.0.664.52" 
185.191.171.14 - - [06/Apr/2024:07:11:29 -0700] "GET /robots.txt HTTP/1.1" 200 340 "-" "Mozilla/5.0 (compatible; SemrushBot/7~bl; +http://www.semrush.com/bot.html)" 
185.191.171.5 - - [06/Apr/2024:07:11:29 -0700] "GET /self.logs/error.log.2020-09-10 HTTP/1.1" 200 314 "-" "Mozilla/5.0 (compatible; SemrushBot/7~bl; +http://www.semrush.com/bot.html)" 
107.20.105.74 - - [06/Apr/2024:07:16:40 -0700] "HEAD / HTTP/1.1" 301 186 "-" "DreamHost SiteMonitor 1.0" 
107.20.105.74 - - [06/Apr/2024:07:16:40 -0700] "HEAD / HTTP/1.1" 200 359 "http://66.33.221.139" "DreamHost SiteMonitor 1.0" 
107.20.105.74 - - [06/Apr/2024:07:26:40 -0700] "HEAD / HTTP/1.1" 301 186 "-" "DreamHost SiteMonitor 1.0" 
107.20.105.74 - - [06/Apr/2024:07:26:40 -0700] "HEAD / HTTP/1.1" 200 359 "http://66.33.221.139" "DreamHost SiteMonitor 1.0" 
107.20.105.74 - - [06/Apr/2024:07:36:40 -0700] "HEAD / HTTP/1.1" 301 186 "-" "DreamHost SiteMonitor 1.0" 
107.20.105.74 - - [06/Apr/2024:07:36:40 -0700] "HEAD / HTTP/1.1" 200 359 "http://66.33.221.139" "DreamHost SiteMonitor 1.0" 
52.167.144.175 - - [06/Apr/2024:07:41:53 -0700] "GET /self.logs/error.log.2017-12-09.gz HTTP/1.1" 200 6085 "-" "Mozilla/5.0 AppleWebKit/537.36 (KHTML, like Gecko; compatible; bingbot/2.0; +http://www.bing.com/bingbot.htm) Chrome/116.0.1938.76 Safari/537.36" 
107.20.105.74 - - [06/Apr/2024:07:46:40 -0700] "HEAD / HTTP/1.1" 301 186 "-" "DreamHost SiteMonitor 1.0" 
107.20.105.74 - - [06/Apr/2024:07:46:40 -0700] "HEAD / HTTP/1.1" 200 359 "http://66.33.221.139" "DreamHost SiteMonitor 1.0" 
114.119.128.10 - - [06/Apr/2024:07:55:29 -0700] "GET /self.logs/error.log.2020-11-23 HTTP/1.1" 200 351 "http://www.secrepo.com/self.logs?C=N%3BO%3DD" "Mozilla/5.0 (Linux; Android 7.0;) AppleWebKit/537.36 (KHTML, like Gecko) Mobile Safari/537.36 (compatible; PetalBot;+https://webmaster.petalsearch.com/site/petalbot)" 
211.95.50.4 - - [06/Apr/2024:07:55:40 -0700] "GET / HTTP/1.1" 200 13149 "http://www.so.com/link?m=x&link?url=x&?from=x&?src=x&jump?u=x&?uID=x" "Mozilla/5.0 (iPhone; CPU iPhone OS 14_4_2 like Mac OS X) AppleWebKit/605.1.15 (KHTML, like Gecko) Version/14.0.3 Mobile/15E148 Safari/604.1" 
107.20.105.74 - - [06/Apr/2024:07:56:40 -0700] "HEAD / HTTP/1.1" 301 186 "-" "DreamHost SiteMonitor 1.0" 
107.20.105.74 - - [06/Apr/2024:07:56:40 -0700] "HEAD / HTTP/1.1" 200 359 "http://66.33.221.139" "DreamHost SiteMonitor 1.0" 
114.119.150.155 - - [06/Apr/2024:07:56:57 -0700] "GET /self.logs/error.log.2020-10-25 HTTP/1.1" 200 351 "http://www.secrepo.com/self.logs?C=N%3BO%3DD" "Mozilla/5.0 (Linux; Android 7.0;) AppleWebKit/537.36 (KHTML, like Gecko) Mobile Safari/537.36 (compatible; PetalBot;+https://webmaster.petalsearch.com/site/petalbot)" 
107.20.105.74 - - [06/Apr/2024:08:06:40 -0700] "HEAD / HTTP/1.1" 301 186 "-" "DreamHost SiteMonitor 1.0" 
107.20.105.74 - - [06/Apr/2024:08:06:40 -0700] "HEAD / HTTP/1.1" 200 359 "http://66.33.221.139" "DreamHost SiteMonitor 1.0" 
23.247.137.79 - - [06/Apr/2024:08:08:58 -0700] "GET /honeypot/honeypot.json.zip HTTP/1.1" 200 23086043 "-" "Mozilla/5.0 (Windows NT 10.0; Win64; x64) AppleWebKit/537.36 (KHTML, like Gecko) Chrome/123.0.0.0 Safari/537.36" 
18.132.92.149 - - [06/Apr/2024:08:15:51 -0700] "GET / HTTP/1.1" 301 419 "-" "Mozilla/5.0 (Windows NT 10.0; WOW64; rv:56.0) Gecko/20100101 Firefox/56.0" 
18.132.92.149 - - [06/Apr/2024:08:15:51 -0700] "GET / HTTP/1.1" 200 13143 "http://secrepo.com" "Mozilla/5.0 (Windows NT 10.0; WOW64; rv:56.0) Gecko/20100101 Firefox/56.0" 
107.20.105.74 - - [06/Apr/2024:08:16:40 -0700] "HEAD / HTTP/1.1" 301 186 "-" "DreamHost SiteMonitor 1.0" 
107.20.105.74 - - [06/Apr/2024:08:16:40 -0700] "HEAD / HTTP/1.1" 200 359 "http://66.33.221.139" "DreamHost SiteMonitor 1.0" 
107.20.105.74 - - [06/Apr/2024:08:26:40 -0700] "HEAD / HTTP/1.1" 301 186 "-" "DreamHost SiteMonitor 1.0" 
107.20.105.74 - - [06/Apr/2024:08:26:40 -0700] "HEAD / HTTP/1.1" 200 359 "http://66.33.221.139" "DreamHost SiteMonitor 1.0" 
119.188.240.118 - - [06/Apr/2024:08:29:26 -0700] "GET / HTTP/1.1" 301 475 "http://secrepo.com" "Mozilla/5.0 (compatible; Baiduspider/2.0; +http://www.baidu.com/search/spider.html)" 
119.188.240.118 - - [06/Apr/2024:08:29:28 -0700] "GET / HTTP/1.1" 200 13187 "http://secrepo.com" "Mozilla/5.0 (compatible; Baiduspider/2.0; +http://www.baidu.com/search/spider.html)" 
107.20.105.74 - - [06/Apr/2024:08:36:40 -0700] "HEAD / HTTP/1.1" 301 186 "-" "DreamHost SiteMonitor 1.0" 
107.20.105.74 - - [06/Apr/2024:08:36:40 -0700] "HEAD / HTTP/1.1" 200 359 "http://66.33.221.139" "DreamHost SiteMonitor 1.0" 
52.167.144.238 - - [06/Apr/2024:08:37:43 -0700] "GET /self.logs/error.log.2024-01-01.gz HTTP/1.1" 200 1690 "-" "Mozilla/5.0 AppleWebKit/537.36 (KHTML, like Gecko; compatible; bingbot/2.0; +http://www.bing.com/bingbot.htm) Chrome/116.0.1938.76 Safari/537.36" 
107.20.105.74 - - [06/Apr/2024:08:46:40 -0700] "HEAD / HTTP/1.1" 301 186 "-" "DreamHost SiteMonitor 1.0" 
107.20.105.74 - - [06/Apr/2024:08:46:40 -0700] "HEAD / HTTP/1.1" 200 359 "http://66.33.221.139" "DreamHost SiteMonitor 1.0" 
85.208.96.199 - - [06/Apr/2024:08:46:44 -0700] "GET /robots.txt HTTP/1.1" 200 340 "-" "Mozilla/5.0 (compatible; SemrushBot/7~bl; +http://www.semrush.com/bot.html)" 
185.191.171.6 - - [06/Apr/2024:08:46:44 -0700] "GET /self.logs/error.log.2021-06-05 HTTP/1.1" 200 314 "-" "Mozilla/5.0 (compatible; SemrushBot/7~bl; +http://www.semrush.com/bot.html)" 
123.125.109.169 - - [06/Apr/2024:08:52:59 -0700] "GET / HTTP/1.1" 200 49096 "-" "Sogou web spider/4.0(+http://www.sogou.com/docs/help/webmasters.htm#07)" 
107.20.105.74 - - [06/Apr/2024:08:56:40 -0700] "HEAD / HTTP/1.1" 301 186 "-" "DreamHost SiteMonitor 1.0" 
107.20.105.74 - - [06/Apr/2024:08:56:40 -0700] "HEAD / HTTP/1.1" 200 359 "http://66.33.221.139" "DreamHost SiteMonitor 1.0" 
66.249.64.107 - - [06/Apr/2024:08:57:52 -0700] "GET /css/style.css HTTP/1.1" 404 328 "http://www.secrepo.com/" "Mozilla/5.0 AppleWebKit/537.36 (KHTML, like Gecko; compatible; Googlebot/2.1; +http://www.google.com/bot.html) Chrome/122.0.6261.94 Safari/537.36" 
207.46.13.116 - - [06/Apr/2024:08:59:48 -0700] "GET /self.logs/error.log.2019-10-09.gz HTTP/1.1" 200 822 "-" "Mozilla/5.0 AppleWebKit/537.36 (KHTML, like Gecko; compatible; bingbot/2.0; +http://www.bing.com/bingbot.htm) Chrome/116.0.1938.76 Safari/537.36" 
107.20.105.74 - - [06/Apr/2024:09:06:40 -0700] "HEAD / HTTP/1.1" 301 186 "-" "DreamHost SiteMonitor 1.0" 
107.20.105.74 - - [06/Apr/2024:09:06:40 -0700] "HEAD / HTTP/1.1" 200 359 "http://66.33.221.139" "DreamHost SiteMonitor 1.0" 
66.249.64.107 - - [06/Apr/2024:09:15:35 -0700] "GET /css/style.css HTTP/1.1" 404 328 "http://www.secrepo.com/" "Mozilla/5.0 AppleWebKit/537.36 (KHTML, like Gecko; compatible; Googlebot/2.1; +http://www.google.com/bot.html) Chrome/122.0.6261.94 Safari/537.36" 
107.20.105.74 - - [06/Apr/2024:09:16:40 -0700] "HEAD / HTTP/1.1" 301 186 "-" "DreamHost SiteMonitor 1.0" 
107.20.105.74 - - [06/Apr/2024:09:16:40 -0700] "HEAD / HTTP/1.1" 200 359 "http://66.33.221.139" "DreamHost SiteMonitor 1.0" 
52.167.144.20 - - [06/Apr/2024:09:17:01 -0700] "GET /self.logs/error.log.2017-12-11.gz HTTP/1.1" 200 5186 "-" "Mozilla/5.0 AppleWebKit/537.36 (KHTML, like Gecko; compatible; bingbot/2.0; +http://www.bing.com/bingbot.htm) Chrome/116.0.1938.76 Safari/537.36" 
17.241.75.231 - - [06/Apr/2024:09:22:07 -0700] "GET /honeypot/BSidesDFW%20-%202014.ipynb HTTP/1.1" 200 930877 "-" "Mozilla/5.0 (Macintosh; Intel Mac OS X 10_15_5) AppleWebKit/605.1.15 (KHTML, like Gecko) Version/13.1.1 Safari/605.1.15 (Applebot/0.1; +http://www.apple.com/go/applebot)" 
139.99.60.146 - - [06/Apr/2024:09:25:49 -0700] "GET / HTTP/1.1" 200 13186 "-" "python-httpx/0.27.0" 
139.99.60.146 - - [06/Apr/2024:09:25:49 -0700] "GET / HTTP/1.1" 301 475 "-" "python-httpx/0.27.0" 
139.99.60.146 - - [06/Apr/2024:09:25:50 -0700] "GET / HTTP/1.1" 200 13186 "-" "python-httpx/0.27.0" 
66.249.64.108 - - [06/Apr/2024:09:26:34 -0700] "GET /Datasets%20Description/PE_malware/VirusShare.html HTTP/1.1" 200 1651 "-" "Mozilla/5.0 (Linux; Android 6.0.1; Nexus 5X Build/MMB29P) AppleWebKit/537.36 (KHTML, like Gecko) Chrome/122.0.6261.94 Mobile Safari/537.36 (compatible; Googlebot/2.1; +http://www.google.com/bot.html)" 
107.20.105.74 - - [06/Apr/2024:09:26:40 -0700] "HEAD / HTTP/1.1" 301 186 "-" "DreamHost SiteMonitor 1.0" 
107.20.105.74 - - [06/Apr/2024:09:26:40 -0700] "HEAD / HTTP/1.1" 200 359 "http://66.33.221.139" "DreamHost SiteMonitor 1.0" 
66.249.64.106 - - [06/Apr/2024:09:28:22 -0700] "GET /css/style.css HTTP/1.1" 404 328 "http://www.secrepo.com/" "Mozilla/5.0 AppleWebKit/537.36 (KHTML, like Gecko; compatible; Googlebot/2.1; +http://www.google.com/bot.html) Chrome/122.0.6261.94 Safari/537.36" 
27.115.124.5 - - [06/Apr/2024:09:28:41 -0700] "GET / HTTP/1.1" 200 49133 "http://www.secrepo.com" "Mozilla/5.0 (Windows NT 10.0; WOW64; rv:45.66.18) Gecko/20177177 Firefox/45.66.18" 
27.115.124.49 - - [06/Apr/2024:09:28:59 -0700] "GET / HTTP/1.1" 200 13142 "https://www.sec-wiki.com/news?News_page=1012" "Mozilla/5.0 (Windows NT 10.0; Win64; x64) AppleWebKit/537.36 (KHTML, like Gecko) Chrome/70.0.3538.77 Safari/537.36" 
51.222.253.13 - - [06/Apr/2024:09:29:50 -0700] "GET /robots.txt HTTP/1.1" 200 333 "-" "Mozilla/5.0 (compatible; AhrefsBot/7.0; +http://ahrefs.com/robot/)" 
3.227.229.192 - - [06/Apr/2024:09:32:40 -0700] "GET / HTTP/1.1" 200 13142 "-" "Mozilla/5.0 (compatible; startmebot/1.0; +https://start.me/bot)" 
51.175.99.68 - - [06/Apr/2024:09:35:07 -0700] "GET / HTTP/1.1" 200 13186 "-" "Mozilla/5.0 (Windows NT 10.0; Win64; x64; rv:124.0) Gecko/20100101 Firefox/124.0" 
51.175.99.68 - - [06/Apr/2024:09:35:07 -0700] "GET /css/style.css HTTP/1.1" 404 305 "http://www.secrepo.com/" "Mozilla/5.0 (Windows NT 10.0; Win64; x64; rv:124.0) Gecko/20100101 Firefox/124.0" 
51.175.99.68 - - [06/Apr/2024:09:35:07 -0700] "GET /twitter-icon.png HTTP/1.1" 200 27893 "http://www.secrepo.com/" "Mozilla/5.0 (Windows NT 10.0; Win64; x64; rv:124.0) Gecko/20100101 Firefox/124.0" 
51.175.99.68 - - [06/Apr/2024:09:35:07 -0700] "GET /GitHub-Mark.png HTTP/1.1" 200 7556 "http://www.secrepo.com/" "Mozilla/5.0 (Windows NT 10.0; Win64; x64; rv:124.0) Gecko/20100101 Firefox/124.0" 
51.175.99.68 - - [06/Apr/2024:09:35:07 -0700] "GET /bootstrap/img/favicon.ico HTTP/1.1" 200 690 "http://www.secrepo.com/" "Mozilla/5.0 (Windows NT 10.0; Win64; x64; rv:124.0) Gecko/20100101 Firefox/124.0" 
51.175.99.68 - - [06/Apr/2024:09:36:16 -0700] "GET /honeypot/honeypot.json.zip HTTP/1.1" 200 23086087 "http://www.secrepo.com/" "Mozilla/5.0 (Windows NT 10.0; Win64; x64; rv:124.0) Gecko/20100101 Firefox/124.0" 
107.20.105.74 - - [06/Apr/2024:09:36:40 -0700] "HEAD / HTTP/1.1" 301 186 "-" "DreamHost SiteMonitor 1.0" 
107.20.105.74 - - [06/Apr/2024:09:36:40 -0700] "HEAD / HTTP/1.1" 200 359 "http://66.33.221.139" "DreamHost SiteMonitor 1.0" 
51.175.99.68 - - [06/Apr/2024:09:36:31 -0700] "GET /honeypot/honeypot.json.zip HTTP/1.1" 200 23086087 "-" "Wget/1.21.2" 
114.119.150.155 - - [06/Apr/2024:09:38:53 -0700] "GET /self.logs/error.log.2020-11-12 HTTP/1.1" 200 351 "http://www.secrepo.com/self.logs?C=N%3BO%3DD" "Mozilla/5.0 (Linux; Android 7.0;) AppleWebKit/537.36 (KHTML, like Gecko) Mobile Safari/537.36 (compatible; PetalBot;+https://webmaster.petalsearch.com/site/petalbot)" 
51.77.205.250 - - [06/Apr/2024:09:40:17 -0700] "GET /honeypot/BSidesDFW%20-%202014.ipynb HTTP/1.1" 301 481 "-" "Tornado-Async-Client" 
51.77.205.250 - - [06/Apr/2024:09:40:18 -0700] "GET /honeypot/BSidesDFW%20-%202014.ipynb HTTP/1.1" 200 930877 "-" "Tornado-Async-Client" 
101.227.1.198 - - [06/Apr/2024:09:42:47 -0700] "GET / HTTP/1.1" 200 13149 "http://www.so.com/link?m=x&link?url=x&?from=x&?src=x&jump?u=x&?uID=x" "Mozilla/5.0 (compatible; Baiduspider/2.0; +http://www.baidu.com/search/spider.html)" 
51.175.99.68 - - [06/Apr/2024:09:43:07 -0700] "GET /css/style.css HTTP/1.1" 404 328 "-" "Mozilla/5.0 (Windows NT 10.0; Win64; x64; rv:124.0) Gecko/20100101 Firefox/124.0" 
51.175.99.68 - - [06/Apr/2024:09:43:07 -0700] "GET /bootstrap/img/favicon.ico HTTP/1.1" 200 690 "-" "Mozilla/5.0 (Windows NT 10.0; Win64; x64; rv:124.0) Gecko/20100101 Firefox/124.0" 
51.175.99.68 - - [06/Apr/2024:09:43:07 -0700] "GET /twitter-icon.png HTTP/1.1" 200 27916 "-" "Mozilla/5.0 (Windows NT 10.0; Win64; x64; rv:124.0) Gecko/20100101 Firefox/124.0" 
51.175.99.68 - - [06/Apr/2024:09:43:07 -0700] "GET /GitHub-Mark.png HTTP/1.1" 200 7533 "-" "Mozilla/5.0 (Windows NT 10.0; Win64; x64; rv:124.0) Gecko/20100101 Firefox/124.0" 
40.77.167.41 - - [06/Apr/2024:09:43:24 -0700] "GET /self.logs/error.log.2017-12-22.gz HTTP/1.1" 200 1589 "-" "Mozilla/5.0 AppleWebKit/537.36 (KHTML, like Gecko; compatible; bingbot/2.0; +http://www.bing.com/bingbot.htm) Chrome/116.0.1938.76 Safari/537.36" 
66.249.64.108 - - [06/Apr/2024:09:43:52 -0700] "GET /css/style.css HTTP/1.1" 404 328 "http://www.secrepo.com/" "Mozilla/5.0 AppleWebKit/537.36 (KHTML, like Gecko; compatible; Googlebot/2.1; +http://www.google.com/bot.html) Chrome/122.0.6261.94 Safari/537.36" 
40.77.167.41 - - [06/Apr/2024:09:46:14 -0700] "GET /self.logs/error.log.2020-11-24 HTTP/1.1" 200 4504 "-" "Mozilla/5.0 AppleWebKit/537.36 (KHTML, like Gecko; compatible; bingbot/2.0; +http://www.bing.com/bingbot.htm) Chrome/116.0.1938.76 Safari/537.36" 
