62.210.143.10 - - [01/Aug/2021:22:23:11 -0700] "GET /self.logs/error.log.2020-10-15 HTTP/1.1" 304 261 "-" "Mozilla/5.0 (compatible; Barkrowler/0.9; +https://babbar.tech/crawler)" 
62.210.143.10 - - [01/Aug/2021:22:23:22 -0700] "GET /self.logs/error.log.2020-10-26 HTTP/1.1" 200 351 "-" "Mozilla/5.0 (compatible; Barkrowler/0.9; +https://babbar.tech/crawler)" 
62.210.143.10 - - [01/Aug/2021:22:23:32 -0700] "GET /self.logs/error.log.2020-10-28 HTTP/1.1" 200 351 "-" "Mozilla/5.0 (compatible; Barkrowler/0.9; +https://babbar.tech/crawler)" 
94.158.36.183 - - [01/Aug/2021:22:23:43 -0700] "GET / HTTP/1.0" 301 475 "-" "Mozilla/5.0 (Windows NT 10.0; Win64; x64) AppleWebKit/537.36 (KHTML, like Gecko) Chrome/71.0.3578.98 Safari/537.36" 
94.158.36.183 - - [01/Aug/2021:22:23:44 -0700] "GET / HTTP/1.0" 200 48064 "-" "Mozilla/5.0 (Windows NT 10.0; Win64; x64) AppleWebKit/537.36 (KHTML, like Gecko) Chrome/71.0.3578.98 Safari/537.36" 
49.37.176.58 - - [01/Aug/2021:22:24:10 -0700] "GET /maccdc2012/dhcp.log.gz HTTP/1.1" 200 44977 "-" "Mozilla/5.0 (X11; Linux x86_64) AppleWebKit/537.36 (KHTML, like Gecko) Chrome/85.0.4183.83 Safari/537.36" 
114.119.144.30 - - [01/Aug/2021:22:28:04 -0700] "GET /self.logs/error.log.2017-05-18.gz HTTP/1.1" 200 932 "-" "Mozilla/5.0 (Linux; Android 7.0;) AppleWebKit/537.36 (KHTML, like Gecko) Mobile Safari/537.36 (compatible; PetalBot;+https://webmaster.petalsearch.com/site/petalbot)" 
216.244.66.245 - - [01/Aug/2021:22:28:38 -0700] "GET /self.logs/access.log.2020-06-19.gz HTTP/1.1" 200 11598 "-" "Mozilla/5.0 (compatible; DotBot/1.2; +https://opensiteexplorer.org/dotbot; help@moz.com)" 
216.244.66.245 - - [01/Aug/2021:22:28:43 -0700] "GET /self.logs/error.log.2019-07-06.gz HTTP/1.1" 200 1919 "-" "Mozilla/5.0 (compatible; DotBot/1.2; +https://opensiteexplorer.org/dotbot; help@moz.com)" 
157.55.39.28 - - [01/Aug/2021:22:31:00 -0700] "GET /self.logs/error.log.2018-03-02.gz HTTP/1.1" 301 541 "-" "Mozilla/5.0 (compatible; bingbot/2.0; +http://www.bing.com/bingbot.htm)" 
216.244.66.245 - - [01/Aug/2021:22:31:23 -0700] "GET /self.logs/access.log.2020-01-21.gz HTTP/1.1" 200 16145 "-" "Mozilla/5.0 (compatible; DotBot/1.2; +https://opensiteexplorer.org/dotbot; help@moz.com)" 
216.244.66.245 - - [01/Aug/2021:22:31:26 -0700] "GET /self.logs/access.log.2020-04-30.gz HTTP/1.1" 200 18331 "-" "Mozilla/5.0 (compatible; DotBot/1.2; +https://opensiteexplorer.org/dotbot; help@moz.com)" 
216.244.66.245 - - [01/Aug/2021:22:31:30 -0700] "GET /self.logs/error.log.2019-10-20.gz HTTP/1.1" 200 1745 "-" "Mozilla/5.0 (compatible; DotBot/1.2; +https://opensiteexplorer.org/dotbot; help@moz.com)" 
216.244.66.245 - - [01/Aug/2021:22:31:32 -0700] "GET /self.logs/error.log.2019-12-08 HTTP/1.1" 200 307 "-" "Mozilla/5.0 (compatible; DotBot/1.2; +https://opensiteexplorer.org/dotbot; help@moz.com)" 
106.38.241.160 - - [01/Aug/2021:22:33:42 -0700] "GET / HTTP/1.1" 200 12846 "-" "Sogou web spider/4.0(+http://www.sogou.com/docs/help/webmasters.htm#07)" 
114.119.159.101 - - [01/Aug/2021:22:33:58 -0700] "GET /self.logs/error.log.2018-02-27.gz HTTP/1.1" 200 3834 "-" "Mozilla/5.0 (Linux; Android 7.0;) AppleWebKit/537.36 (KHTML, like Gecko) Mobile Safari/537.36 (compatible; PetalBot;+https://webmaster.petalsearch.com/site/petalbot)" 
216.244.66.245 - - [01/Aug/2021:22:34:34 -0700] "GET /self.logs/error.log.2019-12-28.gz HTTP/1.1" 200 828 "-" "Mozilla/5.0 (compatible; DotBot/1.2; +https://opensiteexplorer.org/dotbot; help@moz.com)" 
216.244.66.245 - - [01/Aug/2021:22:37:48 -0700] "GET /self.logs/?C=S;O=A HTTP/1.1" 200 309441 "-" "Mozilla/5.0 (compatible; DotBot/1.2; +https://opensiteexplorer.org/dotbot; help@moz.com)" 
216.244.66.245 - - [01/Aug/2021:22:40:42 -0700] "GET /self.logs/error.log.2020-01-23 HTTP/1.1" 200 307 "-" "Mozilla/5.0 (compatible; DotBot/1.2; +https://opensiteexplorer.org/dotbot; help@moz.com)" 
216.244.66.245 - - [01/Aug/2021:22:40:44 -0700] "GET /self.logs/error.log.2020-04-14.gz HTTP/1.1" 200 2686 "-" "Mozilla/5.0 (compatible; DotBot/1.2; +https://opensiteexplorer.org/dotbot; help@moz.com)" 
114.119.130.95 - - [01/Aug/2021:22:45:58 -0700] "GET /self.logs/access.log.2018-11-10.gz HTTP/1.1" 200 20777 "-" "Mozilla/5.0 (Linux; Android 7.0;) AppleWebKit/537.36 (KHTML, like Gecko) Mobile Safari/537.36 (compatible; PetalBot;+https://webmaster.petalsearch.com/site/petalbot)" 
39.101.139.3 - - [01/Aug/2021:22:48:35 -0700] "GET / HTTP/1.1" 200 48064 "-" "Mozilla/5.0 (Windows NT 10.0; WOW64) AppleWebKit/537.36 (KHTML, like Gecko) Chrome/63.0.3239.132 Safari/537.36" 
114.119.144.30 - - [01/Aug/2021:22:51:46 -0700] "GET /self.logs/error.log.2017-11-17.gz HTTP/1.1" 200 1246 "-" "Mozilla/5.0 (Linux; Android 7.0;) AppleWebKit/537.36 (KHTML, like Gecko) Mobile Safari/537.36 (compatible; PetalBot;+https://webmaster.petalsearch.com/site/petalbot)" 
106.38.241.160 - - [01/Aug/2021:22:52:29 -0700] "GET / HTTP/1.1" 200 12845 "-" "Sogou web spider/4.0(+http://www.sogou.com/docs/help/webmasters.htm#07)" 
114.119.159.101 - - [01/Aug/2021:22:57:37 -0700] "GET /self.logs/access.log.2017-08-16.gz HTTP/1.1" 200 21474 "-" "Mozilla/5.0 (Linux; Android 7.0;) AppleWebKit/537.36 (KHTML, like Gecko) Mobile Safari/537.36 (compatible; PetalBot;+https://webmaster.petalsearch.com/site/petalbot)" 
49.7.20.150 - - [01/Aug/2021:23:04:04 -0700] "GET /honeypot/BSidesDFW%20-%202014.ipynb HTTP/1.1" 200 67160 "-" "Sogou web spider/4.0(+http://www.sogou.com/docs/help/webmasters.htm#07)" 
216.244.66.245 - - [01/Aug/2021:23:08:23 -0700] "GET /robots.txt HTTP/1.1" 200 333 "-" "Mozilla/5.0 (compatible; DotBot/1.2; +https://opensiteexplorer.org/dotbot; help@moz.com)" 
114.119.159.40 - - [01/Aug/2021:23:09:24 -0700] "GET /self.logs/access.log.2019-10-24.gz HTTP/1.1" 200 24556 "-" "Mozilla/5.0 (Linux; Android 7.0;) AppleWebKit/537.36 (KHTML, like Gecko) Mobile Safari/537.36 (compatible; PetalBot;+https://webmaster.petalsearch.com/site/petalbot)" 
106.38.241.160 - - [01/Aug/2021:23:11:08 -0700] "GET / HTTP/1.1" 200 12845 "-" "Sogou web spider/4.0(+http://www.sogou.com/docs/help/webmasters.htm#07)" 
216.244.66.245 - - [01/Aug/2021:23:18:06 -0700] "GET /self.logs/access.log.2020-01-10.gz HTTP/1.1" 200 14480 "-" "Mozilla/5.0 (compatible; DotBot/1.2; +https://opensiteexplorer.org/dotbot; help@moz.com)" 
216.244.66.245 - - [01/Aug/2021:23:18:11 -0700] "GET /self.logs/error.log.2018-05-16.gz HTTP/1.1" 200 3639 "-" "Mozilla/5.0 (compatible; DotBot/1.2; +https://opensiteexplorer.org/dotbot; help@moz.com)" 
216.244.66.245 - - [01/Aug/2021:23:18:15 -0700] "GET /self.logs/error.log.2019-06-27.gz HTTP/1.1" 200 1659 "-" "Mozilla/5.0 (compatible; DotBot/1.2; +https://opensiteexplorer.org/dotbot; help@moz.com)" 
207.46.13.31 - - [01/Aug/2021:23:20:24 -0700] "GET /self.logs/error.log.2017-04-01.gz HTTP/1.1" 200 718 "-" "Mozilla/5.0 (compatible; bingbot/2.0; +http://www.bing.com/bingbot.htm)" 
216.244.66.245 - - [01/Aug/2021:23:20:56 -0700] "GET /self.logs/error.log.2019-09-12.gz HTTP/1.1" 200 1498 "-" "Mozilla/5.0 (compatible; DotBot/1.2; +https://opensiteexplorer.org/dotbot; help@moz.com)" 
216.244.66.245 - - [01/Aug/2021:23:21:01 -0700] "GET /self.logs/error.log.2019-10-18.gz HTTP/1.1" 200 2325 "-" "Mozilla/5.0 (compatible; DotBot/1.2; +https://opensiteexplorer.org/dotbot; help@moz.com)" 
216.244.66.245 - - [01/Aug/2021:23:21:04 -0700] "GET /self.logs/error.log.2019-11-03.gz HTTP/1.1" 200 1686 "-" "Mozilla/5.0 (compatible; DotBot/1.2; +https://opensiteexplorer.org/dotbot; help@moz.com)" 
216.244.66.245 - - [01/Aug/2021:23:21:06 -0700] "GET /self.logs/error.log.2019-11-05.gz HTTP/1.1" 200 1489 "-" "Mozilla/5.0 (compatible; DotBot/1.2; +https://opensiteexplorer.org/dotbot; help@moz.com)" 
216.244.66.245 - - [01/Aug/2021:23:21:08 -0700] "GET /self.logs/error.log.2019-12-18.gz HTTP/1.1" 200 924 "-" "Mozilla/5.0 (compatible; DotBot/1.2; +https://opensiteexplorer.org/dotbot; help@moz.com)" 
216.244.66.245 - - [01/Aug/2021:23:21:10 -0700] "GET /self.logs/error.log.2019-12-24 HTTP/1.1" 200 307 "-" "Mozilla/5.0 (compatible; DotBot/1.2; +https://opensiteexplorer.org/dotbot; help@moz.com)" 
157.55.39.28 - - [01/Aug/2021:23:28:06 -0700] "GET / HTTP/1.1" 301 475 "-" "Mozilla/5.0 (compatible; bingbot/2.0; +http://www.bing.com/bingbot.htm)" 
106.38.241.160 - - [01/Aug/2021:23:29:05 -0700] "GET / HTTP/1.1" 200 12846 "-" "Sogou web spider/4.0(+http://www.sogou.com/docs/help/webmasters.htm#07)" 
216.244.66.245 - - [01/Aug/2021:23:30:43 -0700] "GET /self.logs/error.log.2020-02-22 HTTP/1.1" 200 307 "-" "Mozilla/5.0 (compatible; DotBot/1.2; +https://opensiteexplorer.org/dotbot; help@moz.com)" 
216.244.66.245 - - [01/Aug/2021:23:30:44 -0700] "GET /self.logs/error.log.2020-04-24.gz HTTP/1.1" 200 1310 "-" "Mozilla/5.0 (compatible; DotBot/1.2; +https://opensiteexplorer.org/dotbot; help@moz.com)" 
114.119.150.248 - - [01/Aug/2021:23:39:16 -0700] "GET /self.logs/access.log.2018-01-05.gz HTTP/1.1" 200 25398 "-" "Mozilla/5.0 (Linux; Android 7.0;) AppleWebKit/537.36 (KHTML, like Gecko) Mobile Safari/537.36 (compatible; PetalBot;+https://webmaster.petalsearch.com/site/petalbot)" 
106.38.241.144 - - [01/Aug/2021:23:43:14 -0700] "GET / HTTP/1.1" 200 12845 "-" "Sogou web spider/4.0(+http://www.sogou.com/docs/help/webmasters.htm#07)" 
54.236.1.13 - - [01/Aug/2021:23:44:41 -0700] "GET / HTTP/1.1" 200 12882 "-" "Mozilla/5.0 (compatible; Pinterestbot/1.0; +http://www.pinterest.com/bot.html)" 
54.236.1.13 - - [01/Aug/2021:23:44:41 -0700] "GET /bootstrap/img/favicon.ico HTTP/1.1" 200 690 "-" "Mozilla/5.0 (compatible; Pinterestbot/1.0; +http://www.pinterest.com/bot.html)" 
54.236.1.13 - - [01/Aug/2021:23:44:41 -0700] "GET /apple-touch-icon.png HTTP/1.1" 404 305 "-" "Mozilla/5.0 (compatible; Pinterestbot/1.0; +http://www.pinterest.com/bot.html)" 
114.119.144.30 - - [01/Aug/2021:23:45:20 -0700] "GET /self.logs/access.log.2020-02-16.gz HTTP/1.1" 200 15304 "-" "Mozilla/5.0 (Linux; Android 7.0;) AppleWebKit/537.36 (KHTML, like Gecko) Mobile Safari/537.36 (compatible; PetalBot;+https://webmaster.petalsearch.com/site/petalbot)" 
123.183.224.119 - - [01/Aug/2021:23:47:40 -0700] "GET / HTTP/1.1" 301 438 "-" "Sogou web spider/4.0(+http://www.sogou.com/docs/help/webmasters.htm#07)" 
106.38.241.160 - - [01/Aug/2021:23:48:44 -0700] "GET / HTTP/1.1" 200 12845 "-" "Sogou web spider/4.0(+http://www.sogou.com/docs/help/webmasters.htm#07)" 
106.38.241.144 - - [01/Aug/2021:23:49:41 -0700] "GET / HTTP/1.1" 200 12845 "-" "Sogou web spider/4.0(+http://www.sogou.com/docs/help/webmasters.htm#07)" 
114.119.144.30 - - [01/Aug/2021:23:51:16 -0700] "GET /self.logs/access.log.2017-02-12.gz HTTP/1.1" 200 17819 "-" "Mozilla/5.0 (Linux; Android 7.0;) AppleWebKit/537.36 (KHTML, like Gecko) Mobile Safari/537.36 (compatible; PetalBot;+https://webmaster.petalsearch.com/site/petalbot)" 
123.183.224.119 - - [01/Aug/2021:23:55:27 -0700] "GET / HTTP/1.1" 200 12845 "-" "Sogou web spider/4.0(+http://www.sogou.com/docs/help/webmasters.htm#07)" 
123.183.224.157 - - [01/Aug/2021:23:55:36 -0700] "GET /css/style.css HTTP/1.1" 301 464 "http://secrepo.com/" "Mozilla/5.0 (X11; Linux x86_64) AppleWebKit/537.36 (KHTML, like Gecko) Chrome/73.0.3683.86 Safari/537.36" 
123.183.224.157 - - [01/Aug/2021:23:55:38 -0700] "GET /css/style.css HTTP/1.1" 404 291 "http://secrepo.com/" "Mozilla/5.0 (X11; Linux x86_64) AppleWebKit/537.36 (KHTML, like Gecko) Chrome/73.0.3683.86 Safari/537.36" 
123.183.224.157 - - [01/Aug/2021:23:55:39 -0700] "GET /css/style.css HTTP/1.1" 301 464 "http://secrepo.com/" "Mozilla/5.0 (X11; Linux x86_64) AppleWebKit/537.36 (KHTML, like Gecko) Chrome/73.0.3683.86 Safari/537.36" 
123.183.224.157 - - [01/Aug/2021:23:55:39 -0700] "GET /css/style.css HTTP/1.1" 404 291 "http://secrepo.com/" "Mozilla/5.0 (X11; Linux x86_64) AppleWebKit/537.36 (KHTML, like Gecko) Chrome/73.0.3683.86 Safari/537.36" 
123.183.224.157 - - [01/Aug/2021:23:55:40 -0700] "GET /css/style.css HTTP/1.1" 301 464 "http://secrepo.com/" "Mozilla/5.0 (X11; Linux x86_64) AppleWebKit/537.36 (KHTML, like Gecko) Chrome/73.0.3683.86 Safari/537.36" 
123.183.224.157 - - [01/Aug/2021:23:55:40 -0700] "GET /css/style.css HTTP/1.1" 404 291 "http://secrepo.com/" "Mozilla/5.0 (X11; Linux x86_64) AppleWebKit/537.36 (KHTML, like Gecko) Chrome/73.0.3683.86 Safari/537.36" 
123.183.224.2 - - [01/Aug/2021:23:56:37 -0700] "GET /css/style.css HTTP/1.1" 301 464 "http://secrepo.com/" "Mozilla/5.0 (X11; Linux x86_64) AppleWebKit/537.36 (KHTML, like Gecko) Chrome/73.0.3683.86 Safari/537.36" 
114.119.150.248 - - [01/Aug/2021:23:57:08 -0700] "GET /self.logs/access.log.2017-01-03.gz HTTP/1.1" 200 41164 "-" "Mozilla/5.0 (Linux; Android 7.0;) AppleWebKit/537.36 (KHTML, like Gecko) Mobile Safari/537.36 (compatible; PetalBot;+https://webmaster.petalsearch.com/site/petalbot)" 
106.38.241.144 - - [01/Aug/2021:23:57:27 -0700] "GET / HTTP/1.1" 200 12845 "-" "Sogou web spider/4.0(+http://www.sogou.com/docs/help/webmasters.htm#07)" 
123.183.224.2 - - [01/Aug/2021:23:57:39 -0700] "GET /css/style.css HTTP/1.1" 404 291 "http://secrepo.com/" "Mozilla/5.0 (X11; Linux x86_64) AppleWebKit/537.36 (KHTML, like Gecko) Chrome/73.0.3683.86 Safari/537.36" 
216.244.66.245 - - [01/Aug/2021:23:58:16 -0700] "GET /robots.txt HTTP/1.1" 200 333 "-" "Mozilla/5.0 (compatible; DotBot/1.2; +https://opensiteexplorer.org/dotbot; help@moz.com)" 
77.111.247.252 - - [02/Aug/2021:00:03:03 -0700] "GET /css/style.css HTTP/1.1" 404 284 "http://www.secrepo.com/" "Mozilla/5.0 (Windows NT 10.0; Win64; x64) AppleWebKit/537.36 (KHTML, like Gecko) Chrome/92.0.4515.93 Safari/537.36 OPR/78.0.4093.79 (Edition beta)" 
77.111.247.252 - - [02/Aug/2021:00:03:07 -0700] "GET /bootstrap/img/favicon.ico HTTP/1.1" 304 219 "http://www.secrepo.com/" "Mozilla/5.0 (Windows NT 10.0; Win64; x64) AppleWebKit/537.36 (KHTML, like Gecko) Chrome/92.0.4515.93 Safari/537.36 OPR/78.0.4093.79 (Edition beta)" 
114.119.155.228 - - [02/Aug/2021:00:03:17 -0700] "GET /self.logs/access.log.2018-05-10.gz HTTP/1.1" 200 22340 "-" "Mozilla/5.0 (Linux; Android 7.0;) AppleWebKit/537.36 (KHTML, like Gecko) Mobile Safari/537.36 (compatible; PetalBot;+https://webmaster.petalsearch.com/site/petalbot)" 
207.46.13.115 - - [02/Aug/2021:00:03:22 -0700] "GET /self.logs/error.log.2020-04-03 HTTP/1.1" 200 351 "-" "Mozilla/5.0 (compatible; bingbot/2.0; +http://www.bing.com/bingbot.htm)" 
54.36.148.165 - - [02/Aug/2021:00:04:40 -0700] "GET /self.logs/error.log.2021-07-24.gz HTTP/1.1" 200 1112 "-" "Mozilla/5.0 (compatible; AhrefsBot/7.0; +http://ahrefs.com/robot/)" 
218.69.52.101 - - [02/Aug/2021:00:05:04 -0700] "GET /favicon.ico HTTP/1.1" 200 391 "-" "Mozilla/5.0 (Windows NT 10.0; WOW64) AppleWebKit/537.36 (KHTML, like Gecko) Chrome/87.0.4280.66 Safari/537.36 SE 2.X MetaSr 1.0" 
106.38.241.144 - - [02/Aug/2021:00:05:27 -0700] "GET / HTTP/1.1" 200 12843 "-" "Sogou web spider/4.0(+http://www.sogou.com/docs/help/webmasters.htm#07)" 
216.244.66.245 - - [02/Aug/2021:00:08:00 -0700] "GET /self.logs/access.log.2020-06-15.gz HTTP/1.1" 200 22147 "-" "Mozilla/5.0 (compatible; DotBot/1.2; +https://opensiteexplorer.org/dotbot; help@moz.com)" 
216.244.66.245 - - [02/Aug/2021:00:08:05 -0700] "GET /self.logs/error.log.2018-05-18.gz HTTP/1.1" 200 3673 "-" "Mozilla/5.0 (compatible; DotBot/1.2; +https://opensiteexplorer.org/dotbot; help@moz.com)" 
216.244.66.245 - - [02/Aug/2021:00:08:09 -0700] "GET /self.logs/error.log.2019-07-27.gz HTTP/1.1" 200 1216 "-" "Mozilla/5.0 (compatible; DotBot/1.2; +https://opensiteexplorer.org/dotbot; help@moz.com)" 
216.244.66.245 - - [02/Aug/2021:00:08:12 -0700] "GET /self.logs/error.log.2019-08-10.gz HTTP/1.1" 200 1226 "-" "Mozilla/5.0 (compatible; DotBot/1.2; +https://opensiteexplorer.org/dotbot; help@moz.com)" 
114.119.130.95 - - [02/Aug/2021:00:08:49 -0700] "GET /self.logs/access.log.2017-09-11.gz HTTP/1.1" 200 34473 "-" "Mozilla/5.0 (Linux; Android 7.0;) AppleWebKit/537.36 (KHTML, like Gecko) Mobile Safari/537.36 (compatible; PetalBot;+https://webmaster.petalsearch.com/site/petalbot)" 
49.37.176.58 - - [02/Aug/2021:00:09:48 -0700] "GET / HTTP/1.1" 200 12880 "-" "Mozilla/5.0 (X11; Linux x86_64) AppleWebKit/537.36 (KHTML, like Gecko) Chrome/85.0.4183.83 Safari/537.36" 
49.37.176.58 - - [02/Aug/2021:00:09:49 -0700] "GET /css/style.css HTTP/1.1" 404 305 "http://www.secrepo.com/" "Mozilla/5.0 (X11; Linux x86_64) AppleWebKit/537.36 (KHTML, like Gecko) Chrome/85.0.4183.83 Safari/537.36" 
216.244.66.245 - - [02/Aug/2021:00:10:40 -0700] "GET /self.logs/access.log.2020-03-26.gz HTTP/1.1" 200 13426 "-" "Mozilla/5.0 (compatible; DotBot/1.2; +https://opensiteexplorer.org/dotbot; help@moz.com)" 
49.7.20.150 - - [02/Aug/2021:00:10:19 -0700] "GET /honeypot/BSidesDFW%20-%202014.ipynb HTTP/1.1" 200 55480 "-" "Sogou web spider/4.0(+http://www.sogou.com/docs/help/webmasters.htm#07)" 
106.38.241.144 - - [02/Aug/2021:00:12:48 -0700] "GET / HTTP/1.1" 200 12843 "-" "Sogou web spider/4.0(+http://www.sogou.com/docs/help/webmasters.htm#07)" 
114.119.140.84 - - [02/Aug/2021:00:14:22 -0700] "GET /self.logs/access.log.2017-01-13.gz HTTP/1.1" 200 16704 "-" "Mozilla/5.0 (Linux; Android 7.0;) AppleWebKit/537.36 (KHTML, like Gecko) Mobile Safari/537.36 (compatible; PetalBot;+https://webmaster.petalsearch.com/site/petalbot)" 
114.119.130.95 - - [02/Aug/2021:00:19:49 -0700] "GET /self.logs/access.log.2020-01-30.gz HTTP/1.1" 200 13067 "-" "Mozilla/5.0 (Linux; Android 7.0;) AppleWebKit/537.36 (KHTML, like Gecko) Mobile Safari/537.36 (compatible; PetalBot;+https://webmaster.petalsearch.com/site/petalbot)" 
106.38.241.144 - - [02/Aug/2021:00:20:57 -0700] "GET / HTTP/1.1" 200 12845 "-" "Sogou web spider/4.0(+http://www.sogou.com/docs/help/webmasters.htm#07)" 
157.55.39.71 - - [02/Aug/2021:00:21:18 -0700] "GET /self.logs/access.log.2017-01-21.gz HTTP/1.1" 200 19644 "-" "Mozilla/5.0 (compatible; bingbot/2.0; +http://www.bing.com/bingbot.htm)" 
106.38.241.160 - - [02/Aug/2021:00:22:23 -0700] "GET / HTTP/1.1" 200 12845 "-" "Sogou web spider/4.0(+http://www.sogou.com/docs/help/webmasters.htm#07)" 
114.119.140.84 - - [02/Aug/2021:00:25:26 -0700] "GET /self.logs/error.log.2021-01-19 HTTP/1.1" 200 351 "-" "Mozilla/5.0 (Linux; Android 7.0;) AppleWebKit/537.36 (KHTML, like Gecko) Mobile Safari/537.36 (compatible; PetalBot;+https://webmaster.petalsearch.com/site/petalbot)" 
58.210.86.142 - - [02/Aug/2021:00:26:06 -0700] "GET /favicon.ico HTTP/1.1" 200 391 "-" "Mozilla/5.0 (Windows NT 10.0; WOW64) AppleWebKit/537.36 (KHTML, like Gecko) Chrome/86.0.4240.198 Safari/537.36" 
106.38.241.144 - - [02/Aug/2021:00:29:49 -0700] "GET / HTTP/1.1" 200 12845 "-" "Sogou web spider/4.0(+http://www.sogou.com/docs/help/webmasters.htm#07)" 
157.55.39.28 - - [02/Aug/2021:00:33:33 -0700] "GET / HTTP/1.1" 200 12882 "-" "Mozilla/5.0 (compatible; bingbot/2.0; +http://www.bing.com/bingbot.htm)" 
114.119.159.40 - - [02/Aug/2021:00:36:52 -0700] "GET /self.logs/access.log.2019-10-29.gz HTTP/1.1" 200 26294 "-" "Mozilla/5.0 (Linux; Android 7.0;) AppleWebKit/537.36 (KHTML, like Gecko) Mobile Safari/537.36 (compatible; PetalBot;+https://webmaster.petalsearch.com/site/petalbot)" 
213.171.62.234 - - [02/Aug/2021:00:37:41 -0700] "POST /blog/xmlrpc.php HTTP/1.1" 301 505 "-" "Mozilla/5.0 (Macintosh; U; Intel Mac OS X 10.6; fr; rv:1.9.2.8) Gecko/20100722 Firefox/3.6.8" 
213.171.62.234 - - [02/Aug/2021:00:37:41 -0700] "POST /xmlrpc.php HTTP/1.1" 301 495 "-" "Mozilla/5.0 (Macintosh; U; Intel Mac OS X 10.6; fr; rv:1.9.2.8) Gecko/20100722 Firefox/3.6.8" 
106.38.241.144 - - [02/Aug/2021:00:42:01 -0700] "GET / HTTP/1.1" 200 12845 "-" "Sogou web spider/4.0(+http://www.sogou.com/docs/help/webmasters.htm#07)" 
114.119.155.228 - - [02/Aug/2021:00:42:35 -0700] "GET /self.logs/error.log.2020-06-14 HTTP/1.1" 200 351 "-" "Mozilla/5.0 (Linux; Android 7.0;) AppleWebKit/537.36 (KHTML, like Gecko) Mobile Safari/537.36 (compatible; PetalBot;+https://webmaster.petalsearch.com/site/petalbot)" 
39.101.206.193 - - [02/Aug/2021:00:44:50 -0700] "GET / HTTP/1.1" 200 48064 "-" "Mozilla/5.0 (Windows NT 10.0; WOW64) AppleWebKit/537.36 (KHTML, like Gecko) Chrome/63.0.3239.132 Safari/537.36" 
114.119.140.84 - - [02/Aug/2021:00:48:30 -0700] "GET /self.logs/access.log.2018-08-07.gz HTTP/1.1" 200 31188 "-" "Mozilla/5.0 (Linux; Android 7.0;) AppleWebKit/537.36 (KHTML, like Gecko) Mobile Safari/537.36 (compatible; PetalBot;+https://webmaster.petalsearch.com/site/petalbot)" 
123.183.224.119 - - [02/Aug/2021:00:48:42 -0700] "GET / HTTP/1.1" 200 12845 "-" "Sogou web spider/4.0(+http://www.sogou.com/docs/help/webmasters.htm#07)" 
216.244.66.245 - - [02/Aug/2021:00:48:53 -0700] "GET /robots.txt HTTP/1.1" 200 333 "-" "Mozilla/5.0 (compatible; DotBot/1.2; +https://opensiteexplorer.org/dotbot; help@moz.com)" 
207.46.13.115 - - [02/Aug/2021:00:50:06 -0700] "GET /self.logs/error.log.2017-11-22.gz HTTP/1.1" 301 541 "-" "Mozilla/5.0 (compatible; bingbot/2.0; +http://www.bing.com/bingbot.htm)" 
114.119.150.248 - - [02/Aug/2021:00:54:19 -0700] "GET /self.logs/access.log.2019-07-11.gz HTTP/1.1" 200 63890 "-" "Mozilla/5.0 (Linux; Android 7.0;) AppleWebKit/537.36 (KHTML, like Gecko) Mobile Safari/537.36 (compatible; PetalBot;+https://webmaster.petalsearch.com/site/petalbot)" 
114.119.157.43 - - [02/Aug/2021:01:00:02 -0700] "GET /self.logs/access.log.2020-12-02.gz HTTP/1.1" 200 12254 "-" "Mozilla/5.0 (Linux; Android 7.0;) AppleWebKit/537.36 (KHTML, like Gecko) Mobile Safari/537.36 (compatible; PetalBot;+https://webmaster.petalsearch.com/site/petalbot)" 
216.244.66.245 - - [02/Aug/2021:01:01:28 -0700] "GET /self.logs/access.log.2020-01-31.gz HTTP/1.1" 200 12282 "-" "Mozilla/5.0 (compatible; DotBot/1.2; +https://opensiteexplorer.org/dotbot; help@moz.com)" 
49.7.20.105 - - [02/Aug/2021:01:01:37 -0700] "GET / HTTP/1.1" 301 438 "-" "Sogou web spider/4.0(+http://www.sogou.com/docs/help/webmasters.htm#07)" 
106.38.241.144 - - [02/Aug/2021:01:01:59 -0700] "GET / HTTP/1.1" 200 12845 "-" "Sogou web spider/4.0(+http://www.sogou.com/docs/help/webmasters.htm#07)" 
39.170.5.178 - - [02/Aug/2021:01:04:32 -0700] "GET / HTTP/1.1" 301 475 "-" "Mozilla/5.0 (Windows NT 10.0; WOW64) AppleWebKit/537.36 (KHTML, like Gecko) Chrome/91.0.4472.114 Safari/537.36" 
39.170.5.178 - - [02/Aug/2021:01:04:34 -0700] "GET / HTTP/1.1" 200 12882 "-" "Mozilla/5.0 (Windows NT 10.0; WOW64) AppleWebKit/537.36 (KHTML, like Gecko) Chrome/91.0.4472.114 Safari/537.36" 
39.170.5.178 - - [02/Aug/2021:01:04:34 -0700] "GET /css/style.css HTTP/1.1" 404 328 "http://www.secrepo.com/" "Mozilla/5.0 (Windows NT 10.0; WOW64) AppleWebKit/537.36 (KHTML, like Gecko) Chrome/91.0.4472.114 Safari/537.36" 
39.170.5.178 - - [02/Aug/2021:01:04:35 -0700] "GET /GitHub-Mark.png HTTP/1.1" 200 7533 "http://www.secrepo.com/" "Mozilla/5.0 (Windows NT 10.0; WOW64) AppleWebKit/537.36 (KHTML, like Gecko) Chrome/91.0.4472.114 Safari/537.36" 
39.170.5.178 - - [02/Aug/2021:01:04:35 -0700] "GET /twitter-icon.png HTTP/1.1" 200 27893 "http://www.secrepo.com/" "Mozilla/5.0 (Windows NT 10.0; WOW64) AppleWebKit/537.36 (KHTML, like Gecko) Chrome/91.0.4472.114 Safari/537.36" 
39.170.5.178 - - [02/Aug/2021:01:05:00 -0700] "GET /bootstrap/img/favicon.ico HTTP/1.1" 200 713 "http://www.secrepo.com/" "Mozilla/5.0 (Windows NT 10.0; WOW64) AppleWebKit/537.36 (KHTML, like Gecko) Chrome/91.0.4472.114 Safari/537.36" 
114.119.159.40 - - [02/Aug/2021:01:05:43 -0700] "GET /self.logs/2015/error.log.2015-08-19.gz HTTP/1.1" 200 866 "-" "Mozilla/5.0 (Linux; Android 7.0;) AppleWebKit/537.36 (KHTML, like Gecko) Mobile Safari/537.36 (compatible; PetalBot;+https://webmaster.petalsearch.com/site/petalbot)" 
106.38.241.160 - - [02/Aug/2021:01:07:37 -0700] "GET / HTTP/1.1" 200 12845 "-" "Sogou web spider/4.0(+http://www.sogou.com/docs/help/webmasters.htm#07)" 
128.199.115.165 - - [02/Aug/2021:01:08:29 -0700] "GET /data HTTP/1.1" 404 284 "http://www.secrepo.com/" "Mozilla/5.0 (Windows NT 10.0; WOW64) AppleWebKit/537.36 (KHTML, like Gecko) Chrome/91.0.4472.114 Safari/537.36" 
128.199.115.165 - - [02/Aug/2021:01:08:38 -0700] "GET /data HTTP/1.1" 404 284 "http://www.secrepo.com/" "Mozilla/5.0 (Windows NT 10.0; WOW64) AppleWebKit/537.36 (KHTML, like Gecko) Chrome/91.0.4472.114 Safari/537.36" 
128.199.115.165 - - [02/Aug/2021:01:08:54 -0700] "GET /data HTTP/1.1" 404 284 "http://www.secrepo.com/" "Mozilla/5.0 (Windows NT 10.0; WOW64) AppleWebKit/537.36 (KHTML, like Gecko) Chrome/91.0.4472.114 Safari/537.36" 
128.199.115.165 - - [02/Aug/2021:01:09:50 -0700] "GET /data HTTP/1.1" 404 284 "http://www.secrepo.com/" "Mozilla/5.0 (Windows NT 10.0; WOW64) AppleWebKit/537.36 (KHTML, like Gecko) Chrome/91.0.4472.114 Safari/537.36" 
128.199.115.165 - - [02/Aug/2021:01:09:57 -0700] "GET /css/style.css HTTP/1.1" 404 284 "http://www.secrepo.com/" "Mozilla/5.0 (Windows NT 10.0; WOW64) AppleWebKit/537.36 (KHTML, like Gecko) Chrome/91.0.4472.114 Safari/537.36" 
128.199.115.165 - - [02/Aug/2021:01:10:04 -0700] "GET /css/style.css HTTP/1.1" 404 284 "http://www.secrepo.com/" "Mozilla/5.0 (Windows NT 10.0; WOW64) AppleWebKit/537.36 (KHTML, like Gecko) Chrome/91.0.4472.114 Safari/537.36" 
39.170.5.178 - - [02/Aug/2021:01:10:33 -0700] "GET /maccdc2012/conn.log.gz HTTP/1.1" 200 78408 "http://www.secrepo.com/" "Mozilla/5.0 (Windows NT 10.0; WOW64) AppleWebKit/537.36 (KHTML, like Gecko) Chrome/91.0.4472.114 Safari/537.36" 
39.170.5.178 - - [02/Aug/2021:01:10:34 -0700] "GET /maccdc2012/conn.log.gz HTTP/1.1" 206 113256 "http://www.secrepo.com/" "Mozilla/5.0 (Windows NT 10.0; WOW64) AppleWebKit/537.36 (KHTML, like Gecko) Chrome/91.0.4472.114 Safari/537.36" 
216.244.66.245 - - [02/Aug/2021:01:11:02 -0700] "GET /self.logs/error.log.2020-01-14.gz HTTP/1.1" 200 827 "-" "Mozilla/5.0 (compatible; DotBot/1.2; +https://opensiteexplorer.org/dotbot; help@moz.com)" 
216.244.66.245 - - [02/Aug/2021:01:11:11 -0700] "GET /self.logs/error.log.2020-02-15.gz HTTP/1.1" 200 831 "-" "Mozilla/5.0 (compatible; DotBot/1.2; +https://opensiteexplorer.org/dotbot; help@moz.com)" 
8.142.31.111 - - [02/Aug/2021:01:12:35 -0700] "GET / HTTP/1.1" 200 48064 "-" "Mozilla/5.0 (Windows NT 10.0; WOW64) AppleWebKit/537.36 (KHTML, like Gecko) Chrome/63.0.3239.132 Safari/537.36" 
114.119.157.43 - - [02/Aug/2021:01:16:57 -0700] "GET /Datasets%20Description/HTML_Bro_log_3/app_stats.html HTTP/1.1" 200 1591 "-" "Mozilla/5.0 (Linux; Android 7.0;) AppleWebKit/537.36 (KHTML, like Gecko) Mobile Safari/537.36 (compatible; PetalBot;+https://webmaster.petalsearch.com/site/petalbot)" 
118.184.177.110 - - [02/Aug/2021:01:18:42 -0700] "GET / HTTP/1.1" 200 12845 "-" "Sogou web spider/4.0(+http://www.sogou.com/docs/help/webmasters.htm#07)" 
49.7.20.111 - - [02/Aug/2021:01:21:14 -0700] "GET / HTTP/1.1" 200 12845 "-" "Sogou web spider/4.0(+http://www.sogou.com/docs/help/webmasters.htm#07)" 
49.7.20.150 - - [02/Aug/2021:01:27:49 -0700] "GET /honeypot/BSidesDFW%20-%202014.ipynb HTTP/1.1" 200 58400 "-" "Sogou web spider/4.0(+http://www.sogou.com/docs/help/webmasters.htm#07)" 
106.38.241.144 - - [02/Aug/2021:01:29:22 -0700] "GET / HTTP/1.1" 200 12845 "-" "Sogou web spider/4.0(+http://www.sogou.com/docs/help/webmasters.htm#07)" 
194.206.23.33 - - [02/Aug/2021:01:29:30 -0700] "GET / HTTP/1.1" 200 12882 "-" "Mozilla/5.0 (Windows NT 10.0; Win64; x64) AppleWebKit/537.36 (KHTML, like Gecko) Chrome/92.0.4515.107 Safari/537.36" 
194.206.23.33 - - [02/Aug/2021:01:29:30 -0700] "GET /css/style.css HTTP/1.1" 404 305 "http://www.secrepo.com/" "Mozilla/5.0 (Windows NT 10.0; Win64; x64) AppleWebKit/537.36 (KHTML, like Gecko) Chrome/92.0.4515.107 Safari/537.36" 
194.206.23.33 - - [02/Aug/2021:01:29:30 -0700] "GET /twitter-icon.png HTTP/1.1" 200 27893 "http://www.secrepo.com/" "Mozilla/5.0 (Windows NT 10.0; Win64; x64) AppleWebKit/537.36 (KHTML, like Gecko) Chrome/92.0.4515.107 Safari/537.36" 
194.206.23.33 - - [02/Aug/2021:01:29:31 -0700] "GET /GitHub-Mark.png HTTP/1.1" 200 7556 "http://www.secrepo.com/" "Mozilla/5.0 (Windows NT 10.0; Win64; x64) AppleWebKit/537.36 (KHTML, like Gecko) Chrome/92.0.4515.107 Safari/537.36" 
194.206.23.33 - - [02/Aug/2021:01:29:31 -0700] "GET /bootstrap/img/favicon.ico HTTP/1.1" 200 690 "http://www.secrepo.com/" "Mozilla/5.0 (Windows NT 10.0; Win64; x64) AppleWebKit/537.36 (KHTML, like Gecko) Chrome/92.0.4515.107 Safari/537.36" 
114.119.129.244 - - [02/Aug/2021:01:40:33 -0700] "GET /self.logs/error.log.2018-06-24.gz HTTP/1.1" 200 5047 "-" "Mozilla/5.0 (Linux; Android 7.0;) AppleWebKit/537.36 (KHTML, like Gecko) Mobile Safari/537.36 (compatible; PetalBot;+https://webmaster.petalsearch.com/site/petalbot)" 
114.119.159.40 - - [02/Aug/2021:01:40:33 -0700] "GET /self.logs/error.log.2018-06-24.gz HTTP/1.1" 200 5047 "-" "Mozilla/5.0 (Linux; Android 7.0;) AppleWebKit/537.36 (KHTML, like Gecko) Mobile Safari/537.36 (compatible; PetalBot;+https://webmaster.petalsearch.com/site/petalbot)" 
114.119.159.40 - - [02/Aug/2021:01:40:33 -0700] "GET /self.logs/error.log.2018-06-24.gz HTTP/1.1" 200 5047 "-" "Mozilla/5.0 (Linux; Android 7.0;) AppleWebKit/537.36 (KHTML, like Gecko) Mobile Safari/537.36 (compatible; PetalBot;+https://webmaster.petalsearch.com/site/petalbot)" 
216.244.66.245 - - [02/Aug/2021:01:40:34 -0700] "GET /robots.txt HTTP/1.1" 200 333 "-" "Mozilla/5.0 (compatible; DotBot/1.2; +https://opensiteexplorer.org/dotbot; help@moz.com)" 
49.7.20.111 - - [02/Aug/2021:01:41:03 -0700] "GET / HTTP/1.1" 200 12845 "-" "Sogou web spider/4.0(+http://www.sogou.com/docs/help/webmasters.htm#07)" 
114.119.155.228 - - [02/Aug/2021:01:46:34 -0700] "GET /self.logs/2015/error.log.2015-07-28.gz HTTP/1.1" 200 752 "-" "Mozilla/5.0 (Linux; Android 7.0;) AppleWebKit/537.36 (KHTML, like Gecko) Mobile Safari/537.36 (compatible; PetalBot;+https://webmaster.petalsearch.com/site/petalbot)" 
216.244.66.245 - - [02/Aug/2021:01:50:46 -0700] "GET /self.logs/access.log.2020-01-09.gz HTTP/1.1" 200 13272 "-" "Mozilla/5.0 (compatible; DotBot/1.2; +https://opensiteexplorer.org/dotbot; help@moz.com)" 
216.244.66.245 - - [02/Aug/2021:01:50:51 -0700] "GET /self.logs/error.log.2019-08-04.gz HTTP/1.1" 200 932 "-" "Mozilla/5.0 (compatible; DotBot/1.2; +https://opensiteexplorer.org/dotbot; help@moz.com)" 
216.244.66.245 - - [02/Aug/2021:01:50:55 -0700] "GET /self.logs/error.log.2019-08-20.gz HTTP/1.1" 200 1264 "-" "Mozilla/5.0 (compatible; DotBot/1.2; +https://opensiteexplorer.org/dotbot; help@moz.com)" 
49.78.163.193 - - [02/Aug/2021:01:51:13 -0700] "GET / HTTP/1.1" 200 12882 "-" "Mozilla/5.0 (Macintosh; Intel Mac OS X 10_15_6) AppleWebKit/605.1.15 (KHTML, like Gecko) Version/14.0.1 Safari/605.1.15" 
49.78.163.193 - - [02/Aug/2021:01:51:13 -0700] "GET /css/style.css HTTP/1.1" 404 328 "http://www.secrepo.com/" "Mozilla/5.0 (Macintosh; Intel Mac OS X 10_15_6) AppleWebKit/605.1.15 (KHTML, like Gecko) Version/14.0.1 Safari/605.1.15" 
49.78.163.193 - - [02/Aug/2021:01:51:13 -0700] "GET /twitter-icon.png HTTP/1.1" 200 27893 "http://www.secrepo.com/" "Mozilla/5.0 (Macintosh; Intel Mac OS X 10_15_6) AppleWebKit/605.1.15 (KHTML, like Gecko) Version/14.0.1 Safari/605.1.15" 
49.78.163.193 - - [02/Aug/2021:01:51:13 -0700] "GET /GitHub-Mark.png HTTP/1.1" 200 7556 "http://www.secrepo.com/" "Mozilla/5.0 (Macintosh; Intel Mac OS X 10_15_6) AppleWebKit/605.1.15 (KHTML, like Gecko) Version/14.0.1 Safari/605.1.15" 
114.119.129.244 - - [02/Aug/2021:01:52:32 -0700] "GET /self.logs/access.log.2017-05-07.gz HTTP/1.1" 200 16710 "-" "Mozilla/5.0 (Linux; Android 7.0;) AppleWebKit/537.36 (KHTML, like Gecko) Mobile Safari/537.36 (compatible; PetalBot;+https://webmaster.petalsearch.com/site/petalbot)" 
216.244.66.245 - - [02/Aug/2021:01:53:36 -0700] "GET /self.logs/access.log.2020-03-24.gz HTTP/1.1" 200 17986 "-" "Mozilla/5.0 (compatible; DotBot/1.2; +https://opensiteexplorer.org/dotbot; help@moz.com)" 
216.244.66.245 - - [02/Aug/2021:01:53:41 -0700] "GET /self.logs/access.log.2020-05-06.gz HTTP/1.1" 200 16527 "-" "Mozilla/5.0 (compatible; DotBot/1.2; +https://opensiteexplorer.org/dotbot; help@moz.com)" 
216.244.66.245 - - [02/Aug/2021:01:53:45 -0700] "GET /self.logs/error.log.2019-12-16.gz HTTP/1.1" 200 826 "-" "Mozilla/5.0 (compatible; DotBot/1.2; +https://opensiteexplorer.org/dotbot; help@moz.com)" 
106.38.241.160 - - [02/Aug/2021:01:55:59 -0700] "GET / HTTP/1.1" 200 12845 "-" "Sogou web spider/4.0(+http://www.sogou.com/docs/help/webmasters.htm#07)" 
114.119.141.53 - - [02/Aug/2021:01:58:22 -0700] "GET /self.logs/error.log.2018-12-13.gz HTTP/1.1" 200 6768 "-" "Mozilla/5.0 (Linux; Android 7.0;) AppleWebKit/537.36 (KHTML, like Gecko) Mobile Safari/537.36 (compatible; PetalBot;+https://webmaster.petalsearch.com/site/petalbot)" 
106.38.241.144 - - [02/Aug/2021:02:00:56 -0700] "GET / HTTP/1.1" 200 12845 "-" "Sogou web spider/4.0(+http://www.sogou.com/docs/help/webmasters.htm#07)" 
49.7.20.111 - - [02/Aug/2021:02:02:36 -0700] "GET / HTTP/1.1" 200 12845 "-" "Sogou web spider/4.0(+http://www.sogou.com/docs/help/webmasters.htm#07)" 
216.244.66.245 - - [02/Aug/2021:02:02:51 -0700] "GET /self.logs/error.log.2020-01-08.gz HTTP/1.1" 200 827 "-" "Mozilla/5.0 (compatible; DotBot/1.2; +https://opensiteexplorer.org/dotbot; help@moz.com)" 
223.71.1.102 - - [02/Aug/2021:02:09:34 -0700] "GET /favicon.ico HTTP/1.1" 200 391 "-" "Mozilla/5.0 (Windows NT 10.0; WOW64) AppleWebKit/537.36 (KHTML, like Gecko) Chrome/86.0.4240.198 Safari/537.36" 
114.119.155.228 - - [02/Aug/2021:02:10:04 -0700] "GET /self.logs/error.log.2018-05-17.gz HTTP/1.1" 200 5330 "-" "Mozilla/5.0 (Linux; Android 7.0;) AppleWebKit/537.36 (KHTML, like Gecko) Mobile Safari/537.36 (compatible; PetalBot;+https://webmaster.petalsearch.com/site/petalbot)" 
61.164.47.197 - - [02/Aug/2021:02:16:16 -0700] "GET /maccdc2012/http.log.gz HTTP/1.1" 206 200429 "-" "Mozilla/5.0 (Windows NT 10.0; WOW64) AppleWebKit/537.36 (KHTML, like Gecko) Chrome/70.0.3538.25 Safari/537.36 Core/1.70.3732.400 QQBrowser/10.5.3819.400" 
61.164.47.197 - - [02/Aug/2021:02:16:16 -0700] "GET /maccdc2012/http.log.gz HTTP/1.1" 206 74752 "-" "Mozilla/5.0 (Windows NT 10.0; WOW64) AppleWebKit/537.36 (KHTML, like Gecko) Chrome/70.0.3538.25 Safari/537.36 Core/1.70.3732.400 QQBrowser/10.5.3819.400" 
61.164.47.197 - - [02/Aug/2021:02:16:16 -0700] "GET /maccdc2012/http.log.gz HTTP/1.1" 206 74752 "-" "Mozilla/5.0 (Windows NT 10.0; WOW64) AppleWebKit/537.36 (KHTML, like Gecko) Chrome/70.0.3538.25 Safari/537.36 Core/1.70.3732.400 QQBrowser/10.5.3819.400" 
61.164.47.197 - - [02/Aug/2021:02:16:16 -0700] "GET /maccdc2012/http.log.gz HTTP/1.1" 206 74752 "-" "Mozilla/5.0 (Windows NT 10.0; WOW64) AppleWebKit/537.36 (KHTML, like Gecko) Chrome/70.0.3538.25 Safari/537.36 Core/1.70.3732.400 QQBrowser/10.5.3819.400" 
61.164.47.197 - - [02/Aug/2021:02:16:16 -0700] "GET /maccdc2012/http.log.gz HTTP/1.1" 206 74752 "-" "Mozilla/5.0 (Windows NT 10.0; WOW64) AppleWebKit/537.36 (KHTML, like Gecko) Chrome/70.0.3538.25 Safari/537.36 Core/1.70.3732.400 QQBrowser/10.5.3819.400" 
61.164.47.197 - - [02/Aug/2021:02:16:16 -0700] "GET /maccdc2012/http.log.gz HTTP/1.1" 206 74752 "-" "Mozilla/5.0 (Windows NT 10.0; WOW64) AppleWebKit/537.36 (KHTML, like Gecko) Chrome/70.0.3538.25 Safari/537.36 Core/1.70.3732.400 QQBrowser/10.5.3819.400" 
61.164.47.197 - - [02/Aug/2021:02:16:16 -0700] "GET /maccdc2012/http.log.gz HTTP/1.1" 206 74752 "-" "Mozilla/5.0 (Windows NT 10.0; WOW64) AppleWebKit/537.36 (KHTML, like Gecko) Chrome/70.0.3538.25 Safari/537.36 Core/1.70.3732.400 QQBrowser/10.5.3819.400" 
61.164.47.197 - - [02/Aug/2021:02:16:16 -0700] "GET /maccdc2012/http.log.gz HTTP/1.1" 206 74752 "-" "Mozilla/5.0 (Windows NT 10.0; WOW64) AppleWebKit/537.36 (KHTML, like Gecko) Chrome/70.0.3538.25 Safari/537.36 Core/1.70.3732.400 QQBrowser/10.5.3819.400" 
61.164.47.197 - - [02/Aug/2021:02:16:16 -0700] "GET /maccdc2012/http.log.gz HTTP/1.1" 206 74752 "-" "Mozilla/5.0 (Windows NT 10.0; WOW64) AppleWebKit/537.36 (KHTML, like Gecko) Chrome/70.0.3538.25 Safari/537.36 Core/1.70.3732.400 QQBrowser/10.5.3819.400" 
61.164.47.197 - - [02/Aug/2021:02:16:16 -0700] "GET /maccdc2012/http.log.gz HTTP/1.1" 206 74752 "-" "Mozilla/5.0 (Windows NT 10.0; WOW64) AppleWebKit/537.36 (KHTML, like Gecko) Chrome/70.0.3538.25 Safari/537.36 Core/1.70.3732.400 QQBrowser/10.5.3819.400" 
61.164.47.197 - - [02/Aug/2021:02:16:16 -0700] "GET /maccdc2012/http.log.gz HTTP/1.1" 206 74752 "-" "Mozilla/5.0 (Windows NT 10.0; WOW64) AppleWebKit/537.36 (KHTML, like Gecko) Chrome/70.0.3538.25 Safari/537.36 Core/1.70.3732.400 QQBrowser/10.5.3819.400" 
61.164.47.197 - - [02/Aug/2021:02:16:16 -0700] "GET /maccdc2012/http.log.gz HTTP/1.1" 206 74752 "-" "Mozilla/5.0 (Windows NT 10.0; WOW64) AppleWebKit/537.36 (KHTML, like Gecko) Chrome/70.0.3538.25 Safari/537.36 Core/1.70.3732.400 QQBrowser/10.5.3819.400" 
61.164.47.197 - - [02/Aug/2021:02:16:16 -0700] "GET /maccdc2012/http.log.gz HTTP/1.1" 206 74752 "-" "Mozilla/5.0 (Windows NT 10.0; WOW64) AppleWebKit/537.36 (KHTML, like Gecko) Chrome/70.0.3538.25 Safari/537.36 Core/1.70.3732.400 QQBrowser/10.5.3819.400" 
61.164.47.197 - - [02/Aug/2021:02:16:16 -0700] "GET /maccdc2012/http.log.gz HTTP/1.1" 206 74752 "-" "Mozilla/5.0 (Windows NT 10.0; WOW64) AppleWebKit/537.36 (KHTML, like Gecko) Chrome/70.0.3538.25 Safari/537.36 Core/1.70.3732.400 QQBrowser/10.5.3819.400" 
61.164.47.197 - - [02/Aug/2021:02:16:16 -0700] "GET /maccdc2012/http.log.gz HTTP/1.1" 206 74752 "-" "Mozilla/5.0 (Windows NT 10.0; WOW64) AppleWebKit/537.36 (KHTML, like Gecko) Chrome/70.0.3538.25 Safari/537.36 Core/1.70.3732.400 QQBrowser/10.5.3819.400" 
61.164.47.197 - - [02/Aug/2021:02:16:16 -0700] "GET /maccdc2012/http.log.gz HTTP/1.1" 206 74752 "-" "Mozilla/5.0 (Windows NT 10.0; WOW64) AppleWebKit/537.36 (KHTML, like Gecko) Chrome/70.0.3538.25 Safari/537.36 Core/1.70.3732.400 QQBrowser/10.5.3819.400" 
114.119.140.84 - - [02/Aug/2021:02:16:17 -0700] "GET /self.logs/error.log.2018-04-01.gz HTTP/1.1" 200 4446 "-" "Mozilla/5.0 (Linux; Android 7.0;) AppleWebKit/537.36 (KHTML, like Gecko) Mobile Safari/537.36 (compatible; PetalBot;+https://webmaster.petalsearch.com/site/petalbot)" 
61.164.47.197 - - [02/Aug/2021:02:16:19 -0700] "GET /maccdc2012/http.log.gz HTTP/1.1" 206 6344429 "-" "Mozilla/5.0 (Windows NT 10.0; WOW64) AppleWebKit/537.36 (KHTML, like Gecko) Chrome/70.0.3538.25 Safari/537.36 Core/1.70.3732.400 QQBrowser/10.5.3819.400" 
61.164.47.197 - - [02/Aug/2021:02:16:20 -0700] "GET /maccdc2012/http.log.gz HTTP/1.1" 206 2973639 "-" "Mozilla/5.0 (Windows NT 10.0; WOW64) AppleWebKit/537.36 (KHTML, like Gecko) Chrome/70.0.3538.25 Safari/537.36 Core/1.70.3732.400 QQBrowser/10.5.3819.400" 
61.164.47.197 - - [02/Aug/2021:02:16:20 -0700] "GET /maccdc2012/http.log.gz HTTP/1.1" 206 2352119 "-" "Mozilla/5.0 (Windows NT 10.0; WOW64) AppleWebKit/537.36 (KHTML, like Gecko) Chrome/70.0.3538.25 Safari/537.36 Core/1.70.3732.400 QQBrowser/10.5.3819.400" 
61.164.47.197 - - [02/Aug/2021:02:16:20 -0700] "GET /maccdc2012/http.log.gz HTTP/1.1" 206 2935559 "-" "Mozilla/5.0 (Windows NT 10.0; WOW64) AppleWebKit/537.36 (KHTML, like Gecko) Chrome/70.0.3538.25 Safari/537.36 Core/1.70.3732.400 QQBrowser/10.5.3819.400" 
61.164.47.197 - - [02/Aug/2021:02:16:20 -0700] "GET /maccdc2012/http.log.gz HTTP/1.1" 206 3133332 "-" "Mozilla/5.0 (Windows NT 10.0; WOW64) AppleWebKit/537.36 (KHTML, like Gecko) Chrome/70.0.3538.25 Safari/537.36 Core/1.70.3732.400 QQBrowser/10.5.3819.400" 
61.164.47.197 - - [02/Aug/2021:02:16:20 -0700] "GET /maccdc2012/http.log.gz HTTP/1.1" 206 2545700 "-" "Mozilla/5.0 (Windows NT 10.0; WOW64) AppleWebKit/537.36 (KHTML, like Gecko) Chrome/70.0.3538.25 Safari/537.36 Core/1.70.3732.400 QQBrowser/10.5.3819.400" 
61.164.47.197 - - [02/Aug/2021:02:16:20 -0700] "GET /maccdc2012/http.log.gz HTTP/1.1" 206 3090957 "-" "Mozilla/5.0 (Windows NT 10.0; WOW64) AppleWebKit/537.36 (KHTML, like Gecko) Chrome/70.0.3538.25 Safari/537.36 Core/1.70.3732.400 QQBrowser/10.5.3819.400" 
61.164.47.197 - - [02/Aug/2021:02:16:20 -0700] "GET /maccdc2012/http.log.gz HTTP/1.1" 206 3068409 "-" "Mozilla/5.0 (Windows NT 10.0; WOW64) AppleWebKit/537.36 (KHTML, like Gecko) Chrome/70.0.3538.25 Safari/537.36 Core/1.70.3732.400 QQBrowser/10.5.3819.400" 
61.164.47.197 - - [02/Aug/2021:02:16:20 -0700] "GET /maccdc2012/http.log.gz HTTP/1.1" 206 2984089 "-" "Mozilla/5.0 (Windows NT 10.0; WOW64) AppleWebKit/537.36 (KHTML, like Gecko) Chrome/70.0.3538.25 Safari/537.36 Core/1.70.3732.400 QQBrowser/10.5.3819.400" 
61.164.47.197 - - [02/Aug/2021:02:16:20 -0700] "GET /maccdc2012/http.log.gz HTTP/1.1" 206 3026821 "-" "Mozilla/5.0 (Windows NT 10.0; WOW64) AppleWebKit/537.36 (KHTML, like Gecko) Chrome/70.0.3538.25 Safari/537.36 Core/1.70.3732.400 QQBrowser/10.5.3819.400" 
61.164.47.197 - - [02/Aug/2021:02:16:22 -0700] "GET /maccdc2012/http.log.gz HTTP/1.1" 206 1799787 "-" "Mozilla/5.0 (Windows NT 10.0; WOW64) AppleWebKit/537.36 (KHTML, like Gecko) Chrome/70.0.3538.25 Safari/537.36 Core/1.70.3732.400 QQBrowser/10.5.3819.400" 
61.164.47.197 - - [02/Aug/2021:02:16:22 -0700] "GET /maccdc2012/http.log.gz HTTP/1.1" 206 1215737 "-" "Mozilla/5.0 (Windows NT 10.0; WOW64) AppleWebKit/537.36 (KHTML, like Gecko) Chrome/70.0.3538.25 Safari/537.36 Core/1.70.3732.400 QQBrowser/10.5.3819.400" 
61.164.47.197 - - [02/Aug/2021:02:16:22 -0700] "GET /maccdc2012/http.log.gz HTTP/1.1" 206 1831491 "-" "Mozilla/5.0 (Windows NT 10.0; WOW64) AppleWebKit/537.36 (KHTML, like Gecko) Chrome/70.0.3538.25 Safari/537.36 Core/1.70.3732.400 QQBrowser/10.5.3819.400" 
61.164.47.197 - - [02/Aug/2021:02:16:23 -0700] "GET /maccdc2012/http.log.gz HTTP/1.1" 206 937846 "-" "Mozilla/5.0 (Windows NT 10.0; WOW64) AppleWebKit/537.36 (KHTML, like Gecko) Chrome/70.0.3538.25 Safari/537.36 Core/1.70.3732.400 QQBrowser/10.5.3819.400" 
61.164.47.197 - - [02/Aug/2021:02:16:22 -0700] "GET /maccdc2012/http.log.gz HTTP/1.1" 206 1250771 "-" "Mozilla/5.0 (Windows NT 10.0; WOW64) AppleWebKit/537.36 (KHTML, like Gecko) Chrome/70.0.3538.25 Safari/537.36 Core/1.70.3732.400 QQBrowser/10.5.3819.400" 
61.164.47.197 - - [02/Aug/2021:02:16:22 -0700] "GET /maccdc2012/http.log.gz HTTP/1.1" 206 919918 "-" "Mozilla/5.0 (Windows NT 10.0; WOW64) AppleWebKit/537.36 (KHTML, like Gecko) Chrome/70.0.3538.25 Safari/537.36 Core/1.70.3732.400 QQBrowser/10.5.3819.400" 
61.164.47.197 - - [02/Aug/2021:02:16:23 -0700] "GET /maccdc2012/http.log.gz HTTP/1.1" 206 617666 "-" "Mozilla/5.0 (Windows NT 10.0; WOW64) AppleWebKit/537.36 (KHTML, like Gecko) Chrome/70.0.3538.25 Safari/537.36 Core/1.70.3732.400 QQBrowser/10.5.3819.400" 
61.164.47.197 - - [02/Aug/2021:02:16:24 -0700] "GET /maccdc2012/http.log.gz HTTP/1.1" 206 523157 "-" "Mozilla/5.0 (Windows NT 10.0; WOW64) AppleWebKit/537.36 (KHTML, like Gecko) Chrome/70.0.3538.25 Safari/537.36 Core/1.70.3732.400 QQBrowser/10.5.3819.400" 
61.164.47.197 - - [02/Aug/2021:02:16:24 -0700] "GET /maccdc2012/http.log.gz HTTP/1.1" 206 251424 "-" "Mozilla/5.0 (Windows NT 10.0; WOW64) AppleWebKit/537.36 (KHTML, like Gecko) Chrome/70.0.3538.25 Safari/537.36 Core/1.70.3732.400 QQBrowser/10.5.3819.400" 
61.164.47.197 - - [02/Aug/2021:02:16:24 -0700] "GET /maccdc2012/http.log.gz HTTP/1.1" 206 402288 "-" "Mozilla/5.0 (Windows NT 10.0; WOW64) AppleWebKit/537.36 (KHTML, like Gecko) Chrome/70.0.3538.25 Safari/537.36 Core/1.70.3732.400 QQBrowser/10.5.3819.400" 
61.164.47.197 - - [02/Aug/2021:02:16:25 -0700] "GET /maccdc2012/http.log.gz HTTP/1.1" 206 213321 "-" "Mozilla/5.0 (Windows NT 10.0; WOW64) AppleWebKit/537.36 (KHTML, like Gecko) Chrome/70.0.3538.25 Safari/537.36 Core/1.70.3732.400 QQBrowser/10.5.3819.400" 
61.164.47.197 - - [02/Aug/2021:02:16:24 -0700] "GET /maccdc2012/http.log.gz HTTP/1.1" 206 379903 "-" "Mozilla/5.0 (Windows NT 10.0; WOW64) AppleWebKit/537.36 (KHTML, like Gecko) Chrome/70.0.3538.25 Safari/537.36 Core/1.70.3732.400 QQBrowser/10.5.3819.400" 
61.164.47.197 - - [02/Aug/2021:02:16:23 -0700] "GET /maccdc2012/http.log.gz HTTP/1.1" 206 552428 "-" "Mozilla/5.0 (Windows NT 10.0; WOW64) AppleWebKit/537.36 (KHTML, like Gecko) Chrome/70.0.3538.25 Safari/537.36 Core/1.70.3732.400 QQBrowser/10.5.3819.400" 
61.164.47.197 - - [02/Aug/2021:02:16:24 -0700] "GET /maccdc2012/http.log.gz HTTP/1.1" 206 256919 "-" "Mozilla/5.0 (Windows NT 10.0; WOW64) AppleWebKit/537.36 (KHTML, like Gecko) Chrome/70.0.3538.25 Safari/537.36 Core/1.70.3732.400 QQBrowser/10.5.3819.400" 
61.164.47.197 - - [02/Aug/2021:02:16:25 -0700] "GET /maccdc2012/http.log.gz HTTP/1.1" 206 172375 "-" "Mozilla/5.0 (Windows NT 10.0; WOW64) AppleWebKit/537.36 (KHTML, like Gecko) Chrome/70.0.3538.25 Safari/537.36 Core/1.70.3732.400 QQBrowser/10.5.3819.400" 
61.164.47.197 - - [02/Aug/2021:02:16:24 -0700] "GET /maccdc2012/http.log.gz HTTP/1.1" 206 436925 "-" "Mozilla/5.0 (Windows NT 10.0; WOW64) AppleWebKit/537.36 (KHTML, like Gecko) Chrome/70.0.3538.25 Safari/537.36 Core/1.70.3732.400 QQBrowser/10.5.3819.400" 
61.164.47.197 - - [02/Aug/2021:02:16:22 -0700] "GET /maccdc2012/http.log.gz HTTP/1.1" 206 784429 "-" "Mozilla/5.0 (Windows NT 10.0; WOW64) AppleWebKit/537.36 (KHTML, like Gecko) Chrome/70.0.3538.25 Safari/537.36 Core/1.70.3732.400 QQBrowser/10.5.3819.400" 
61.164.47.197 - - [02/Aug/2021:02:16:26 -0700] "GET /maccdc2012/http.log.gz HTTP/1.1" 206 125013 "-" "Mozilla/5.0 (Windows NT 10.0; WOW64) AppleWebKit/537.36 (KHTML, like Gecko) Chrome/70.0.3538.25 Safari/537.36 Core/1.70.3732.400 QQBrowser/10.5.3819.400" 
61.164.47.197 - - [02/Aug/2021:02:16:26 -0700] "GET /maccdc2012/http.log.gz HTTP/1.1" 206 101056 "-" "Mozilla/5.0 (Windows NT 10.0; WOW64) AppleWebKit/537.36 (KHTML, like Gecko) Chrome/70.0.3538.25 Safari/537.36 Core/1.70.3732.400 QQBrowser/10.5.3819.400" 
61.164.47.197 - - [02/Aug/2021:02:16:26 -0700] "GET /maccdc2012/http.log.gz HTTP/1.1" 206 90284 "-" "Mozilla/5.0 (Windows NT 10.0; WOW64) AppleWebKit/537.36 (KHTML, like Gecko) Chrome/70.0.3538.25 Safari/537.36 Core/1.70.3732.400 QQBrowser/10.5.3819.400" 
61.164.47.197 - - [02/Aug/2021:02:16:20 -0700] "GET /maccdc2012/http.log.gz HTTP/1.1" 206 2760429 "-" "Mozilla/5.0 (Windows NT 10.0; WOW64) AppleWebKit/537.36 (KHTML, like Gecko) Chrome/70.0.3538.25 Safari/537.36 Core/1.70.3732.400 QQBrowser/10.5.3819.400" 
61.164.47.197 - - [02/Aug/2021:02:16:20 -0700] "GET /maccdc2012/http.log.gz HTTP/1.1" 206 1736429 "-" "Mozilla/5.0 (Windows NT 10.0; WOW64) AppleWebKit/537.36 (KHTML, like Gecko) Chrome/70.0.3538.25 Safari/537.36 Core/1.70.3732.400 QQBrowser/10.5.3819.400" 
61.164.47.197 - - [02/Aug/2021:02:16:20 -0700] "GET /maccdc2012/http.log.gz HTTP/1.1" 206 1584428 "-" "Mozilla/5.0 (Windows NT 10.0; WOW64) AppleWebKit/537.36 (KHTML, like Gecko) Chrome/70.0.3538.25 Safari/537.36 Core/1.70.3732.400 QQBrowser/10.5.3819.400" 
61.164.47.197 - - [02/Aug/2021:02:16:20 -0700] "GET /maccdc2012/http.log.gz HTTP/1.1" 206 1064429 "-" "Mozilla/5.0 (Windows NT 10.0; WOW64) AppleWebKit/537.36 (KHTML, like Gecko) Chrome/70.0.3538.25 Safari/537.36 Core/1.70.3732.400 QQBrowser/10.5.3819.400" 
61.164.47.197 - - [02/Aug/2021:02:16:20 -0700] "GET /maccdc2012/http.log.gz HTTP/1.1" 206 1072429 "-" "Mozilla/5.0 (Windows NT 10.0; WOW64) AppleWebKit/537.36 (KHTML, like Gecko) Chrome/70.0.3538.25 Safari/537.36 Core/1.70.3732.400 QQBrowser/10.5.3819.400" 
61.164.47.197 - - [02/Aug/2021:02:16:20 -0700] "GET /maccdc2012/http.log.gz HTTP/1.1" 206 1864429 "-" "Mozilla/5.0 (Windows NT 10.0; WOW64) AppleWebKit/537.36 (KHTML, like Gecko) Chrome/70.0.3538.25 Safari/537.36 Core/1.70.3732.400 QQBrowser/10.5.3819.400" 
114.119.155.228 - - [02/Aug/2021:02:21:57 -0700] "GET /self.logs/access.log.2019-10-15.gz HTTP/1.1" 200 19720 "-" "Mozilla/5.0 (Linux; Android 7.0;) AppleWebKit/537.36 (KHTML, like Gecko) Mobile Safari/537.36 (compatible; PetalBot;+https://webmaster.petalsearch.com/site/petalbot)" 
49.7.20.111 - - [02/Aug/2021:02:23:54 -0700] "GET / HTTP/1.1" 200 12844 "-" "Sogou web spider/4.0(+http://www.sogou.com/docs/help/webmasters.htm#07)" 
