114.119.129.244 - - [15/Apr/2021:08:13:03 -0700] "GET /self.logs/access.log.2018-07-08.gz HTTP/1.1" 200 30712 "-" "Mozilla/5.0 (Linux; Android 7.0;) AppleWebKit/537.36 (KHTML, like Gecko) Mobile Safari/537.36 (compatible; PetalBot;+https://webmaster.petalsearch.com/site/petalbot)" 
54.36.148.33 - - [15/Apr/2021:08:13:38 -0700] "GET /self.logs/?C=D;O=D HTTP/1.1" 200 29476 "-" "Mozilla/5.0 (compatible; AhrefsBot/7.0; +http://ahrefs.com/robot/)" 
49.7.20.105 - - [15/Apr/2021:08:17:14 -0700] "GET / HTTP/1.1" 200 12845 "-" "Sogou web spider/4.0(+http://www.sogou.com/docs/help/webmasters.htm#07)" 
82.78.233.27 - - [15/Apr/2021:08:17:16 -0700] "GET / HTTP/1.1" 200 12882 "-" "Mozilla/5.0 (Windows NT 10.0; Win64; x64) AppleWebKit/537.36 (KHTML, like Gecko) Chrome/89.0.4389.128 Safari/537.36" 
82.78.233.27 - - [15/Apr/2021:08:17:17 -0700] "GET /css/style.css HTTP/1.1" 404 305 "http://www.secrepo.com/" "Mozilla/5.0 (Windows NT 10.0; Win64; x64) AppleWebKit/537.36 (KHTML, like Gecko) Chrome/89.0.4389.128 Safari/537.36" 
82.78.233.27 - - [15/Apr/2021:08:17:17 -0700] "GET /twitter-icon.png HTTP/1.1" 200 27893 "http://www.secrepo.com/" "Mozilla/5.0 (Windows NT 10.0; Win64; x64) AppleWebKit/537.36 (KHTML, like Gecko) Chrome/89.0.4389.128 Safari/537.36" 
82.78.233.27 - - [15/Apr/2021:08:17:17 -0700] "GET /GitHub-Mark.png HTTP/1.1" 200 7556 "http://www.secrepo.com/" "Mozilla/5.0 (Windows NT 10.0; Win64; x64) AppleWebKit/537.36 (KHTML, like Gecko) Chrome/89.0.4389.128 Safari/537.36" 
82.78.233.27 - - [15/Apr/2021:08:17:17 -0700] "GET /bootstrap/img/favicon.ico HTTP/1.1" 200 690 "http://www.secrepo.com/" "Mozilla/5.0 (Windows NT 10.0; Win64; x64) AppleWebKit/537.36 (KHTML, like Gecko) Chrome/89.0.4389.128 Safari/537.36" 
114.119.140.84 - - [15/Apr/2021:08:19:03 -0700] "GET /self.logs/access.log.2017-08-16.gz HTTP/1.1" 200 21474 "-" "Mozilla/5.0 (Linux; Android 7.0;) AppleWebKit/537.36 (KHTML, like Gecko) Mobile Safari/537.36 (compatible; PetalBot;+https://webmaster.petalsearch.com/site/petalbot)" 
34.220.137.29 - - [15/Apr/2021:08:19:34 -0700] "GET / HTTP/1.1" 301 419 "-" "Mozilla/5.0 (X11; Linux x86_64) AppleWebKit/537.36 (KHTML, like Gecko) Chrome/83.0.4103.97 Safari/537.36" 
34.220.137.29 - - [15/Apr/2021:08:19:35 -0700] "GET / HTTP/1.1" 200 12838 "-" "Mozilla/5.0 (X11; Linux x86_64) AppleWebKit/537.36 (KHTML, like Gecko) Chrome/83.0.4103.97 Safari/537.36" 
54.36.148.196 - - [15/Apr/2021:08:20:21 -0700] "GET /Datasets%20Description/Network/tunnel.html HTTP/1.1" 200 1426 "-" "Mozilla/5.0 (compatible; AhrefsBot/7.0; +http://ahrefs.com/robot/)" 
125.34.15.185 - - [15/Apr/2021:08:22:03 -0700] "GET / HTTP/1.1" 301 419 "-" "Mozilla/5.0 (Macintosh; Intel Mac OS X 10_15_7) AppleWebKit/537.36 (KHTML, like Gecko) Chrome/87.0.4280.141 Safari/537.36" 
125.34.15.185 - - [15/Apr/2021:08:22:04 -0700] "GET / HTTP/1.1" 200 12838 "-" "Mozilla/5.0 (Macintosh; Intel Mac OS X 10_15_7) AppleWebKit/537.36 (KHTML, like Gecko) Chrome/87.0.4280.141 Safari/537.36" 
152.231.124.125 - - [15/Apr/2021:08:24:41 -0700] "GET /bootstrap/img/favicon.ico HTTP/1.1" 304 263 "-" "Mozilla/5.0 (Windows NT 10.0; Win64; x64) AppleWebKit/537.36 (KHTML, like Gecko) Chrome/89.0.4389.128 Safari/537.36" 
114.119.129.244 - - [15/Apr/2021:08:24:56 -0700] "GET /self.logs/access.log.2020-07-02.gz HTTP/1.1" 200 10412 "-" "Mozilla/5.0 (Linux; Android 7.0;) AppleWebKit/537.36 (KHTML, like Gecko) Mobile Safari/537.36 (compatible; PetalBot;+https://webmaster.petalsearch.com/site/petalbot)" 
66.249.64.159 - - [15/Apr/2021:08:25:38 -0700] "GET /Datasets%20Description/Network/http.html HTTP/1.1" 200 1709 "-" "Mozilla/5.0 (compatible; Googlebot/2.1; +http://www.google.com/bot.html)" 
114.119.141.53 - - [15/Apr/2021:08:30:27 -0700] "GET /self.logs/error.log.2017-01-26.gz HTTP/1.1" 200 1404 "-" "Mozilla/5.0 (Linux; Android 7.0;) AppleWebKit/537.36 (KHTML, like Gecko) Mobile Safari/537.36 (compatible; PetalBot;+https://webmaster.petalsearch.com/site/petalbot)" 
111.202.101.156 - - [15/Apr/2021:08:32:46 -0700] "GET / HTTP/1.1" 200 12845 "-" "Sogou web spider/4.0(+http://www.sogou.com/docs/help/webmasters.htm#07)" 
54.36.149.61 - - [15/Apr/2021:08:33:44 -0700] "GET /self.logs/error.log.2017-03-04.gz HTTP/1.1" 200 1276 "-" "Mozilla/5.0 (compatible; AhrefsBot/7.0; +http://ahrefs.com/robot/)" 
114.119.157.43 - - [15/Apr/2021:08:35:52 -0700] "GET /self.logs/2015/error.log.2015-06-07.gz HTTP/1.1" 200 623 "-" "Mozilla/5.0 (Linux; Android 7.0;) AppleWebKit/537.36 (KHTML, like Gecko) Mobile Safari/537.36 (compatible; PetalBot;+https://webmaster.petalsearch.com/site/petalbot)" 
114.119.129.244 - - [15/Apr/2021:08:39:48 -0700] "GET /self.logs/access.log.2019-11-11.gz HTTP/1.1" 200 29015 "-" "Mozilla/5.0 (Linux; Android 7.0;) AppleWebKit/537.36 (KHTML, like Gecko) Mobile Safari/537.36 (compatible; PetalBot;+https://webmaster.petalsearch.com/site/petalbot)" 
114.119.155.228 - - [15/Apr/2021:08:42:54 -0700] "GET /self.logs/2016/access.log.2016-02-02.gz HTTP/1.1" 200 8058 "-" "Mozilla/5.0 (Linux; Android 7.0;) AppleWebKit/537.36 (KHTML, like Gecko) Mobile Safari/537.36 (compatible; PetalBot;+https://webmaster.petalsearch.com/site/petalbot)" 
54.36.149.9 - - [15/Apr/2021:08:44:07 -0700] "GET /robots.txt HTTP/1.1" 301 439 "-" "Mozilla/5.0 (compatible; AhrefsBot/7.0; +http://ahrefs.com/robot/)" 
54.36.149.9 - - [15/Apr/2021:08:44:07 -0700] "GET /robots.txt HTTP/1.1" 200 333 "-" "Mozilla/5.0 (compatible; AhrefsBot/7.0; +http://ahrefs.com/robot/)" 
194.113.235.231 - - [15/Apr/2021:08:46:30 -0700] "GET /up.php HTTP/1.1" 301 450 "http://secrepo.com/up.php" "Mozilla/4.0 (compatible; MSIE 6.0; Windows NT 5.1; SV1)" 
54.36.148.192 - - [15/Apr/2021:08:47:33 -0700] "GET /self.logs/access.log.2018-05-16.gz HTTP/1.1" 200 60599 "-" "Mozilla/5.0 (compatible; AhrefsBot/7.0; +http://ahrefs.com/robot/)" 
54.36.149.61 - - [15/Apr/2021:08:54:27 -0700] "GET /self.logs/error.log.2019-09-07.gz HTTP/1.1" 200 2009 "-" "Mozilla/5.0 (compatible; AhrefsBot/7.0; +http://ahrefs.com/robot/)" 
114.119.157.43 - - [15/Apr/2021:08:55:02 -0700] "GET /self.logs/access.log.2020-04-16.gz HTTP/1.1" 200 11658 "-" "Mozilla/5.0 (Linux; Android 7.0;) AppleWebKit/537.36 (KHTML, like Gecko) Mobile Safari/537.36 (compatible; PetalBot;+https://webmaster.petalsearch.com/site/petalbot)" 
110.33.163.128 - - [15/Apr/2021:08:55:55 -0700] "GET /.well-known/security.txt HTTP/1.1" 301 486 "-" "Go-http-client/1.1" 
110.33.163.128 - - [15/Apr/2021:08:55:56 -0700] "GET /.well-known/security.txt HTTP/1.1" 404 291 "http://secrepo.com/.well-known/security.txt" "Go-http-client/1.1" 
110.33.163.128 - - [15/Apr/2021:08:55:56 -0700] "GET /security.txt HTTP/1.1" 301 462 "-" "Go-http-client/1.1" 
110.33.163.128 - - [15/Apr/2021:08:55:57 -0700] "GET /security.txt HTTP/1.1" 404 291 "http://secrepo.com/security.txt" "Go-http-client/1.1" 
40.77.167.61 - - [15/Apr/2021:08:56:27 -0700] "GET /self.logs/2016/error.log.2016-10-20.gz HTTP/1.1" 200 760 "-" "Mozilla/5.0 (compatible; bingbot/2.0; +http://www.bing.com/bingbot.htm)" 
114.119.159.101 - - [15/Apr/2021:08:57:11 -0700] "GET /self.logs/2015/error.log.2015-10-07.gz HTTP/1.1" 200 966 "-" "Mozilla/5.0 (Linux; Android 7.0;) AppleWebKit/537.36 (KHTML, like Gecko) Mobile Safari/537.36 (compatible; PetalBot;+https://webmaster.petalsearch.com/site/petalbot)" 
111.202.100.91 - - [15/Apr/2021:08:59:35 -0700] "GET / HTTP/1.1" 200 12845 "-" "Sogou web spider/4.0(+http://www.sogou.com/docs/help/webmasters.htm#07)" 
40.77.167.61 - - [15/Apr/2021:09:00:33 -0700] "GET /self.logs/error.log.2018-03-20.gz HTTP/1.1" 200 4628 "-" "Mozilla/5.0 (compatible; bingbot/2.0; +http://www.bing.com/bingbot.htm)" 
54.36.149.61 - - [15/Apr/2021:09:01:20 -0700] "GET /self.logs/access.log.2018-04-05.gz HTTP/1.1" 200 24403 "-" "Mozilla/5.0 (compatible; AhrefsBot/7.0; +http://ahrefs.com/robot/)" 
114.119.140.84 - - [15/Apr/2021:09:02:53 -0700] "GET /self.logs/2016/access.log.2016-03-11.gz HTTP/1.1" 200 23394 "-" "Mozilla/5.0 (Linux; Android 7.0;) AppleWebKit/537.36 (KHTML, like Gecko) Mobile Safari/537.36 (compatible; PetalBot;+https://webmaster.petalsearch.com/site/petalbot)" 
49.7.20.105 - - [15/Apr/2021:09:03:07 -0700] "GET / HTTP/1.1" 200 12844 "-" "Sogou web spider/4.0(+http://www.sogou.com/docs/help/webmasters.htm#07)" 
114.119.157.43 - - [15/Apr/2021:09:04:42 -0700] "GET /self.logs/access.log.2019-10-30.gz HTTP/1.1" 200 16392 "-" "Mozilla/5.0 (Linux; Android 7.0;) AppleWebKit/537.36 (KHTML, like Gecko) Mobile Safari/537.36 (compatible; PetalBot;+https://webmaster.petalsearch.com/site/petalbot)" 
66.249.64.157 - - [15/Apr/2021:09:06:37 -0700] "GET /Datasets%20Description/Network/dhcp.html HTTP/1.1" 200 1461 "-" "Mozilla/5.0 (compatible; Googlebot/2.1; +http://www.google.com/bot.html)" 
54.36.149.39 - - [15/Apr/2021:09:08:16 -0700] "GET /self.logs/error.log.2019-08-09 HTTP/1.1" 200 307 "-" "Mozilla/5.0 (compatible; AhrefsBot/7.0; +http://ahrefs.com/robot/)" 
114.119.157.43 - - [15/Apr/2021:09:08:24 -0700] "GET /self.logs/2015/access.log.2015-08-16.gz HTTP/1.1" 200 6588 "-" "Mozilla/5.0 (Linux; Android 7.0;) AppleWebKit/537.36 (KHTML, like Gecko) Mobile Safari/537.36 (compatible; PetalBot;+https://webmaster.petalsearch.com/site/petalbot)" 
114.119.159.101 - - [15/Apr/2021:09:11:16 -0700] "GET /self.logs/2015/error.log.2015-10-20.gz HTTP/1.1" 200 854 "-" "Mozilla/5.0 (Linux; Android 7.0;) AppleWebKit/537.36 (KHTML, like Gecko) Mobile Safari/537.36 (compatible; PetalBot;+https://webmaster.petalsearch.com/site/petalbot)" 
114.119.159.40 - - [15/Apr/2021:09:13:51 -0700] "GET /self.logs/access.log.2020-03-07.gz HTTP/1.1" 200 13623 "-" "Mozilla/5.0 (Linux; Android 7.0;) AppleWebKit/537.36 (KHTML, like Gecko) Mobile Safari/537.36 (compatible; PetalBot;+https://webmaster.petalsearch.com/site/petalbot)" 
54.36.148.17 - - [15/Apr/2021:09:15:12 -0700] "GET /self.logs/access.log.2017-11-26.gz HTTP/1.1" 200 21657 "-" "Mozilla/5.0 (compatible; AhrefsBot/7.0; +http://ahrefs.com/robot/)" 
114.119.157.43 - - [15/Apr/2021:09:15:30 -0700] "GET /self.logs/access.log.2018-03-17.gz HTTP/1.1" 200 28228 "-" "Mozilla/5.0 (Linux; Android 7.0;) AppleWebKit/537.36 (KHTML, like Gecko) Mobile Safari/537.36 (compatible; PetalBot;+https://webmaster.petalsearch.com/site/petalbot)" 
114.119.129.244 - - [15/Apr/2021:09:17:00 -0700] "GET /self.logs/access.log.2018-08-04.gz HTTP/1.1" 200 24778 "-" "Mozilla/5.0 (Linux; Android 7.0;) AppleWebKit/537.36 (KHTML, like Gecko) Mobile Safari/537.36 (compatible; PetalBot;+https://webmaster.petalsearch.com/site/petalbot)" 
114.119.141.53 - - [15/Apr/2021:09:19:32 -0700] "GET /self.logs/access.log.2019-09-15.gz HTTP/1.1" 200 21841 "-" "Mozilla/5.0 (Linux; Android 7.0;) AppleWebKit/537.36 (KHTML, like Gecko) Mobile Safari/537.36 (compatible; PetalBot;+https://webmaster.petalsearch.com/site/petalbot)" 
114.119.159.40 - - [15/Apr/2021:09:20:26 -0700] "GET /self.logs/2015/error.log.2015-06-22.gz HTTP/1.1" 200 2896 "-" "Mozilla/5.0 (Linux; Android 7.0;) AppleWebKit/537.36 (KHTML, like Gecko) Mobile Safari/537.36 (compatible; PetalBot;+https://webmaster.petalsearch.com/site/petalbot)" 
114.119.155.228 - - [15/Apr/2021:09:21:34 -0700] "GET /self.logs/error.log.2020-04-01 HTTP/1.1" 200 351 "-" "Mozilla/5.0 (Linux; Android 7.0;) AppleWebKit/537.36 (KHTML, like Gecko) Mobile Safari/537.36 (compatible; PetalBot;+https://webmaster.petalsearch.com/site/petalbot)" 
54.36.148.17 - - [15/Apr/2021:09:21:53 -0700] "GET /self.logs/error.log.2020-08-23 HTTP/1.1" 200 307 "-" "Mozilla/5.0 (compatible; AhrefsBot/7.0; +http://ahrefs.com/robot/)" 
114.119.150.248 - - [15/Apr/2021:09:23:44 -0700] "GET /self.logs/access.log.2018-12-03.gz HTTP/1.1" 200 22574 "-" "Mozilla/5.0 (Linux; Android 7.0;) AppleWebKit/537.36 (KHTML, like Gecko) Mobile Safari/537.36 (compatible; PetalBot;+https://webmaster.petalsearch.com/site/petalbot)" 
54.36.148.192 - - [15/Apr/2021:09:25:13 -0700] "GET /self.logs/error.log.2018-07-15.gz HTTP/1.1" 200 13662 "-" "Mozilla/5.0 (compatible; AhrefsBot/7.0; +http://ahrefs.com/robot/)" 
114.119.159.40 - - [15/Apr/2021:09:28:28 -0700] "GET /self.logs/access.log.2018-10-13.gz HTTP/1.1" 200 18812 "-" "Mozilla/5.0 (Linux; Android 7.0;) AppleWebKit/537.36 (KHTML, like Gecko) Mobile Safari/537.36 (compatible; PetalBot;+https://webmaster.petalsearch.com/site/petalbot)" 
54.36.148.164 - - [15/Apr/2021:09:28:38 -0700] "GET /self.logs/access.log.2018-02-04.gz HTTP/1.1" 200 21609 "-" "Mozilla/5.0 (compatible; AhrefsBot/7.0; +http://ahrefs.com/robot/)" 
113.31.117.137 - - [15/Apr/2021:09:29:03 -0700] "GET / HTTP/1.1" 200 12882 "-" "Dalvik/2.1.0 (Linux; U; Android 7.0; ZTE BA520 Build/MRA58K)" 
54.36.148.17 - - [15/Apr/2021:09:30:21 -0700] "GET /self.logs/error.log.2018-10-26.gz HTTP/1.1" 200 5090 "-" "Mozilla/5.0 (compatible; AhrefsBot/7.0; +http://ahrefs.com/robot/)" 
54.36.149.61 - - [15/Apr/2021:09:31:59 -0700] "GET /self.logs/error.log.2019-07-05.gz HTTP/1.1" 200 2321 "-" "Mozilla/5.0 (compatible; AhrefsBot/7.0; +http://ahrefs.com/robot/)" 
114.119.129.244 - - [15/Apr/2021:09:32:38 -0700] "GET /self.logs/error.log.2018-01-22.gz HTTP/1.1" 200 2951 "-" "Mozilla/5.0 (Linux; Android 7.0;) AppleWebKit/537.36 (KHTML, like Gecko) Mobile Safari/537.36 (compatible; PetalBot;+https://webmaster.petalsearch.com/site/petalbot)" 
54.36.149.50 - - [15/Apr/2021:09:32:48 -0700] "GET /self.logs/access.log.2018-11-26.gz HTTP/1.1" 200 40692 "-" "Mozilla/5.0 (compatible; AhrefsBot/7.0; +http://ahrefs.com/robot/)" 
54.36.149.61 - - [15/Apr/2021:09:33:41 -0700] "GET /self.logs/error.log.2019-05-22.gz HTTP/1.1" 200 10888 "-" "Mozilla/5.0 (compatible; AhrefsBot/7.0; +http://ahrefs.com/robot/)" 
54.36.148.17 - - [15/Apr/2021:09:35:25 -0700] "GET /self.logs/error.log.2020-10-31.gz HTTP/1.1" 200 1132 "-" "Mozilla/5.0 (compatible; AhrefsBot/7.0; +http://ahrefs.com/robot/)" 
40.77.167.35 - - [15/Apr/2021:09:36:22 -0700] "GET /self.logs/access.log.2017-06-08.gz HTTP/1.1" 301 543 "-" "Mozilla/5.0 (compatible; bingbot/2.0; +http://www.bing.com/bingbot.htm)" 
114.119.140.84 - - [15/Apr/2021:09:36:50 -0700] "GET /self.logs/access.log.2019-05-01.gz HTTP/1.1" 200 39107 "-" "Mozilla/5.0 (Linux; Android 7.0;) AppleWebKit/537.36 (KHTML, like Gecko) Mobile Safari/537.36 (compatible; PetalBot;+https://webmaster.petalsearch.com/site/petalbot)" 
54.36.149.61 - - [15/Apr/2021:09:37:06 -0700] "GET /self.logs/access.log.2019-11-28.gz HTTP/1.1" 200 22163 "-" "Mozilla/5.0 (compatible; AhrefsBot/7.0; +http://ahrefs.com/robot/)" 
114.119.140.84 - - [15/Apr/2021:09:37:37 -0700] "GET /self.logs/error.log.2020-07-05 HTTP/1.1" 200 351 "-" "Mozilla/5.0 (Linux; Android 7.0;) AppleWebKit/537.36 (KHTML, like Gecko) Mobile Safari/537.36 (compatible; PetalBot;+https://webmaster.petalsearch.com/site/petalbot)" 
207.46.13.17 - - [15/Apr/2021:09:38:05 -0700] "GET /self.logs/2015/error.log.2015-05-13.gz HTTP/1.1" 304 279 "-" "Mozilla/5.0 (compatible; bingbot/2.0; +http://www.bing.com/bingbot.htm)" 
54.36.148.228 - - [15/Apr/2021:09:38:44 -0700] "GET /self.logs/access.log.2017-09-19.gz HTTP/1.1" 200 26308 "-" "Mozilla/5.0 (compatible; AhrefsBot/7.0; +http://ahrefs.com/robot/)" 
114.119.129.244 - - [15/Apr/2021:09:40:02 -0700] "GET /self.logs/error.log.2020-01-05.gz HTTP/1.1" 200 970 "-" "Mozilla/5.0 (Linux; Android 7.0;) AppleWebKit/537.36 (KHTML, like Gecko) Mobile Safari/537.36 (compatible; PetalBot;+https://webmaster.petalsearch.com/site/petalbot)" 
54.36.148.53 - - [15/Apr/2021:09:40:28 -0700] "GET /self.logs/error.log.2020-08-13.gz HTTP/1.1" 200 792 "-" "Mozilla/5.0 (compatible; AhrefsBot/7.0; +http://ahrefs.com/robot/)" 
54.36.148.156 - - [15/Apr/2021:09:42:06 -0700] "GET /self.logs/error.log.2018-11-03.gz HTTP/1.1" 200 7244 "-" "Mozilla/5.0 (compatible; AhrefsBot/7.0; +http://ahrefs.com/robot/)" 
114.119.159.101 - - [15/Apr/2021:09:43:14 -0700] "GET /self.logs/2016/error.log.2016-07-29.gz HTTP/1.1" 200 1070 "-" "Mozilla/5.0 (Linux; Android 7.0;) AppleWebKit/537.36 (KHTML, like Gecko) Mobile Safari/537.36 (compatible; PetalBot;+https://webmaster.petalsearch.com/site/petalbot)" 
54.36.148.184 - - [15/Apr/2021:09:43:49 -0700] "GET /self.logs/access.log.2017-04-17.gz HTTP/1.1" 200 20177 "-" "Mozilla/5.0 (compatible; AhrefsBot/7.0; +http://ahrefs.com/robot/)" 
114.119.150.248 - - [15/Apr/2021:09:44:19 -0700] "GET /self.logs/access.log.2017-01-19.gz HTTP/1.1" 200 18386 "-" "Mozilla/5.0 (Linux; Android 7.0;) AppleWebKit/537.36 (KHTML, like Gecko) Mobile Safari/537.36 (compatible; PetalBot;+https://webmaster.petalsearch.com/site/petalbot)" 
114.119.130.95 - - [15/Apr/2021:09:45:01 -0700] "GET /self.logs/access.log.2020-08-09.gz HTTP/1.1" 200 9673 "-" "Mozilla/5.0 (Linux; Android 7.0;) AppleWebKit/537.36 (KHTML, like Gecko) Mobile Safari/537.36 (compatible; PetalBot;+https://webmaster.petalsearch.com/site/petalbot)" 
54.36.149.61 - - [15/Apr/2021:09:45:28 -0700] "GET /self.logs/access.log.2018-02-03.gz HTTP/1.1" 200 23041 "-" "Mozilla/5.0 (compatible; AhrefsBot/7.0; +http://ahrefs.com/robot/)" 
49.7.20.105 - - [15/Apr/2021:09:46:09 -0700] "GET / HTTP/1.1" 200 12845 "-" "Sogou web spider/4.0(+http://www.sogou.com/docs/help/webmasters.htm#07)" 
54.36.148.17 - - [15/Apr/2021:09:47:12 -0700] "GET /self.logs/access.log.2020-10-11.gz HTTP/1.1" 200 15693 "-" "Mozilla/5.0 (compatible; AhrefsBot/7.0; +http://ahrefs.com/robot/)" 
13.66.139.83 - - [15/Apr/2021:09:48:26 -0700] "GET /self.logs/error.log.2017-01-06.gz HTTP/1.1" 200 2448 "-" "Mozilla/5.0 (compatible; bingbot/2.0; +http://www.bing.com/bingbot.htm)" 
54.36.149.61 - - [15/Apr/2021:09:48:51 -0700] "GET /self.logs/error.log.2019-12-16.gz HTTP/1.1" 200 826 "-" "Mozilla/5.0 (compatible; AhrefsBot/7.0; +http://ahrefs.com/robot/)" 
114.119.159.40 - - [15/Apr/2021:09:49:12 -0700] "GET /self.logs/2015/access.log.2015-10-18.gz HTTP/1.1" 200 4471 "-" "Mozilla/5.0 (Linux; Android 7.0;) AppleWebKit/537.36 (KHTML, like Gecko) Mobile Safari/537.36 (compatible; PetalBot;+https://webmaster.petalsearch.com/site/petalbot)" 
54.36.148.17 - - [15/Apr/2021:09:50:31 -0700] "GET /self.logs/access.log.2018-04-07.gz HTTP/1.1" 200 16806 "-" "Mozilla/5.0 (compatible; AhrefsBot/7.0; +http://ahrefs.com/robot/)" 
111.202.101.156 - - [15/Apr/2021:09:50:52 -0700] "GET / HTTP/1.1" 200 12845 "-" "Sogou web spider/4.0(+http://www.sogou.com/docs/help/webmasters.htm#07)" 
114.119.159.40 - - [15/Apr/2021:09:51:08 -0700] "GET /self.logs/2016/error.log.2016-03-30.gz HTTP/1.1" 200 919 "-" "Mozilla/5.0 (Linux; Android 7.0;) AppleWebKit/537.36 (KHTML, like Gecko) Mobile Safari/537.36 (compatible; PetalBot;+https://webmaster.petalsearch.com/site/petalbot)" 
54.36.148.122 - - [15/Apr/2021:09:52:14 -0700] "GET /self.logs/error.log.2019-01-03.gz HTTP/1.1" 200 4413 "-" "Mozilla/5.0 (compatible; AhrefsBot/7.0; +http://ahrefs.com/robot/)" 
54.36.149.61 - - [15/Apr/2021:09:53:03 -0700] "GET /self.logs/access.log.2019-07-12.gz HTTP/1.1" 200 18234 "-" "Mozilla/5.0 (compatible; AhrefsBot/7.0; +http://ahrefs.com/robot/)" 
54.36.149.61 - - [15/Apr/2021:09:53:52 -0700] "GET /self.logs/error.log.2017-12-22.gz HTTP/1.1" 200 1589 "-" "Mozilla/5.0 (compatible; AhrefsBot/7.0; +http://ahrefs.com/robot/)" 
114.119.129.244 - - [15/Apr/2021:09:54:22 -0700] "GET /self.logs/error.log.2018-03-08.gz HTTP/1.1" 200 4210 "-" "Mozilla/5.0 (Linux; Android 7.0;) AppleWebKit/537.36 (KHTML, like Gecko) Mobile Safari/537.36 (compatible; PetalBot;+https://webmaster.petalsearch.com/site/petalbot)" 
54.36.149.61 - - [15/Apr/2021:09:54:42 -0700] "GET /self.logs/access.log.2018-07-29.gz HTTP/1.1" 200 35050 "-" "Mozilla/5.0 (compatible; AhrefsBot/7.0; +http://ahrefs.com/robot/)" 
54.36.148.17 - - [15/Apr/2021:09:55:30 -0700] "GET /self.logs/error.log.2020-07-10 HTTP/1.1" 200 307 "-" "Mozilla/5.0 (compatible; AhrefsBot/7.0; +http://ahrefs.com/robot/)" 
54.36.148.17 - - [15/Apr/2021:09:56:24 -0700] "GET /self.logs/error.log.2019-01-10.gz HTTP/1.1" 200 6079 "-" "Mozilla/5.0 (compatible; AhrefsBot/7.0; +http://ahrefs.com/robot/)" 
54.36.148.26 - - [15/Apr/2021:09:57:13 -0700] "GET /self.logs/error.log.2020-03-30 HTTP/1.1" 200 307 "-" "Mozilla/5.0 (compatible; AhrefsBot/7.0; +http://ahrefs.com/robot/)" 
114.119.129.244 - - [15/Apr/2021:09:57:24 -0700] "GET /self.logs/2015/access.log.2015-03-10.gz HTTP/1.1" 200 13443 "-" "Mozilla/5.0 (Linux; Android 7.0;) AppleWebKit/537.36 (KHTML, like Gecko) Mobile Safari/537.36 (compatible; PetalBot;+https://webmaster.petalsearch.com/site/petalbot)" 
54.36.148.17 - - [15/Apr/2021:09:58:04 -0700] "GET /self.logs/error.log.2017-07-04.gz HTTP/1.1" 200 883 "-" "Mozilla/5.0 (compatible; AhrefsBot/7.0; +http://ahrefs.com/robot/)" 
54.36.148.17 - - [15/Apr/2021:09:58:55 -0700] "GET /self.logs/access.log.2019-02-22.gz HTTP/1.1" 200 24216 "-" "Mozilla/5.0 (compatible; AhrefsBot/7.0; +http://ahrefs.com/robot/)" 
114.119.159.101 - - [15/Apr/2021:09:59:22 -0700] "GET /self.logs/access.log.2020-04-23.gz HTTP/1.1" 200 25842 "-" "Mozilla/5.0 (Linux; Android 7.0;) AppleWebKit/537.36 (KHTML, like Gecko) Mobile Safari/537.36 (compatible; PetalBot;+https://webmaster.petalsearch.com/site/petalbot)" 
54.36.149.61 - - [15/Apr/2021:09:59:42 -0700] "GET /self.logs/error.log.2018-08-21.gz HTTP/1.1" 200 5428 "-" "Mozilla/5.0 (compatible; AhrefsBot/7.0; +http://ahrefs.com/robot/)" 
54.36.148.239 - - [15/Apr/2021:10:00:30 -0700] "GET /self.logs/access.log.2018-07-30.gz HTTP/1.1" 200 29480 "-" "Mozilla/5.0 (compatible; AhrefsBot/7.0; +http://ahrefs.com/robot/)" 
54.36.148.101 - - [15/Apr/2021:10:01:18 -0700] "GET /self.logs/access.log.2017-01-07.gz HTTP/1.1" 200 17275 "-" "Mozilla/5.0 (compatible; AhrefsBot/7.0; +http://ahrefs.com/robot/)" 
114.119.155.228 - - [15/Apr/2021:10:01:21 -0700] "GET /self.logs/2015/error.log.2015-06-17.gz HTTP/1.1" 200 1215 "-" "Mozilla/5.0 (Linux; Android 7.0;) AppleWebKit/537.36 (KHTML, like Gecko) Mobile Safari/537.36 (compatible; PetalBot;+https://webmaster.petalsearch.com/site/petalbot)" 
54.36.149.61 - - [15/Apr/2021:10:02:06 -0700] "GET /Datasets%20Description/HTML_Bro_log_1/files.html HTTP/1.1" 200 1874 "-" "Mozilla/5.0 (compatible; AhrefsBot/7.0; +http://ahrefs.com/robot/)" 
54.36.148.130 - - [15/Apr/2021:10:02:51 -0700] "GET /self.logs/error.log.2019-03-06.gz HTTP/1.1" 200 5148 "-" "Mozilla/5.0 (compatible; AhrefsBot/7.0; +http://ahrefs.com/robot/)" 
54.36.148.17 - - [15/Apr/2021:10:03:42 -0700] "GET /self.logs/access.log.2018-02-07.gz HTTP/1.1" 200 29406 "-" "Mozilla/5.0 (compatible; AhrefsBot/7.0; +http://ahrefs.com/robot/)" 
114.119.150.248 - - [15/Apr/2021:10:04:06 -0700] "GET /self.logs/access.log.2019-10-21.gz HTTP/1.1" 200 26443 "-" "Mozilla/5.0 (Linux; Android 7.0;) AppleWebKit/537.36 (KHTML, like Gecko) Mobile Safari/537.36 (compatible; PetalBot;+https://webmaster.petalsearch.com/site/petalbot)" 
54.36.149.61 - - [15/Apr/2021:10:04:31 -0700] "GET /self.logs/access.log.2017-06-19.gz HTTP/1.1" 200 27770 "-" "Mozilla/5.0 (compatible; AhrefsBot/7.0; +http://ahrefs.com/robot/)" 
54.36.148.199 - - [15/Apr/2021:10:05:21 -0700] "GET /self.logs/access.log.2017-07-27.gz HTTP/1.1" 200 21440 "-" "Mozilla/5.0 (compatible; AhrefsBot/7.0; +http://ahrefs.com/robot/)" 
114.119.130.95 - - [15/Apr/2021:10:05:28 -0700] "GET /self.logs/error.log.2019-10-28.gz HTTP/1.1" 200 1225 "-" "Mozilla/5.0 (Linux; Android 7.0;) AppleWebKit/537.36 (KHTML, like Gecko) Mobile Safari/537.36 (compatible; PetalBot;+https://webmaster.petalsearch.com/site/petalbot)" 
54.36.149.61 - - [15/Apr/2021:10:06:12 -0700] "GET /self.logs/error.log.2018-02-14.gz HTTP/1.1" 200 4067 "-" "Mozilla/5.0 (compatible; AhrefsBot/7.0; +http://ahrefs.com/robot/)" 
54.36.149.61 - - [15/Apr/2021:10:07:02 -0700] "GET /self.logs/access.log.2018-02-11.gz HTTP/1.1" 200 29519 "-" "Mozilla/5.0 (compatible; AhrefsBot/7.0; +http://ahrefs.com/robot/)" 
114.119.155.228 - - [15/Apr/2021:10:07:37 -0700] "GET /self.logs/access.log.2019-10-13.gz HTTP/1.1" 200 18813 "-" "Mozilla/5.0 (Linux; Android 7.0;) AppleWebKit/537.36 (KHTML, like Gecko) Mobile Safari/537.36 (compatible; PetalBot;+https://webmaster.petalsearch.com/site/petalbot)" 
54.36.148.41 - - [15/Apr/2021:10:07:54 -0700] "GET /self.logs/access.log.2017-10-22.gz HTTP/1.1" 200 22233 "-" "Mozilla/5.0 (compatible; AhrefsBot/7.0; +http://ahrefs.com/robot/)" 
54.36.148.139 - - [15/Apr/2021:10:08:43 -0700] "GET /self.logs/access.log.2018-04-20.gz HTTP/1.1" 200 17609 "-" "Mozilla/5.0 (compatible; AhrefsBot/7.0; +http://ahrefs.com/robot/)" 
54.36.148.17 - - [15/Apr/2021:10:09:29 -0700] "GET /self.logs/access.log.2019-08-06.gz HTTP/1.1" 200 15227 "-" "Mozilla/5.0 (compatible; AhrefsBot/7.0; +http://ahrefs.com/robot/)" 
114.119.155.228 - - [15/Apr/2021:10:09:46 -0700] "GET /self.logs/access.log.2017-02-24.gz HTTP/1.1" 200 67096 "-" "Mozilla/5.0 (Linux; Android 7.0;) AppleWebKit/537.36 (KHTML, like Gecko) Mobile Safari/537.36 (compatible; PetalBot;+https://webmaster.petalsearch.com/site/petalbot)" 
54.36.149.61 - - [15/Apr/2021:10:10:17 -0700] "GET /self.logs/error.log.2018-06-05.gz HTTP/1.1" 200 6287 "-" "Mozilla/5.0 (compatible; AhrefsBot/7.0; +http://ahrefs.com/robot/)" 
40.77.167.3 - - [15/Apr/2021:10:10:32 -0700] "GET /self.logs/access.log.2020-09-25.gz HTTP/1.1" 200 18565 "-" "Mozilla/5.0 (compatible; bingbot/2.0; +http://www.bing.com/bingbot.htm)" 
54.36.149.61 - - [15/Apr/2021:10:11:06 -0700] "GET /self.logs/access.log.2018-10-28.gz HTTP/1.1" 200 16107 "-" "Mozilla/5.0 (compatible; AhrefsBot/7.0; +http://ahrefs.com/robot/)" 
54.36.149.61 - - [15/Apr/2021:10:11:52 -0700] "GET /self.logs/access.log.2018-08-27.gz HTTP/1.1" 200 28974 "-" "Mozilla/5.0 (compatible; AhrefsBot/7.0; +http://ahrefs.com/robot/)" 
54.36.149.61 - - [15/Apr/2021:10:12:39 -0700] "GET /self.logs/error.log.2018-03-08.gz HTTP/1.1" 200 4166 "-" "Mozilla/5.0 (compatible; AhrefsBot/7.0; +http://ahrefs.com/robot/)" 
54.36.149.61 - - [15/Apr/2021:10:13:32 -0700] "GET /self.logs/error.log.2018-07-30.gz HTTP/1.1" 200 9958 "-" "Mozilla/5.0 (compatible; AhrefsBot/7.0; +http://ahrefs.com/robot/)" 
49.145.130.100 - - [15/Apr/2021:10:13:39 -0700] "GET /maccdc2012/dns.log.gz HTTP/1.1" 200 5612240 "https://blog.pentesteracademy.com/elk-log-analysis-dns-logs-875f669c87fd" "Mozilla/5.0 (Macintosh; Intel Mac OS X 10.15; rv:87.0) Gecko/20100101 Firefox/87.0" 
54.36.148.17 - - [15/Apr/2021:10:14:21 -0700] "GET /self.logs/access.log.2017-09-04.gz HTTP/1.1" 200 20951 "-" "Mozilla/5.0 (compatible; AhrefsBot/7.0; +http://ahrefs.com/robot/)" 
54.36.149.44 - - [15/Apr/2021:10:15:08 -0700] "GET /self.logs/error.log.2018-05-05.gz HTTP/1.1" 200 3866 "-" "Mozilla/5.0 (compatible; AhrefsBot/7.0; +http://ahrefs.com/robot/)" 
54.36.149.61 - - [15/Apr/2021:10:15:55 -0700] "GET /self.logs/access.log.2018-08-25.gz HTTP/1.1" 200 19123 "-" "Mozilla/5.0 (compatible; AhrefsBot/7.0; +http://ahrefs.com/robot/)" 
54.36.148.144 - - [15/Apr/2021:10:16:43 -0700] "GET /self.logs/access.log.2017-02-19.gz HTTP/1.1" 200 16425 "-" "Mozilla/5.0 (compatible; AhrefsBot/7.0; +http://ahrefs.com/robot/)" 
114.119.159.40 - - [15/Apr/2021:10:16:46 -0700] "GET /self.logs/access.log.2018-01-03.gz HTTP/1.1" 200 27861 "-" "Mozilla/5.0 (Linux; Android 7.0;) AppleWebKit/537.36 (KHTML, like Gecko) Mobile Safari/537.36 (compatible; PetalBot;+https://webmaster.petalsearch.com/site/petalbot)" 
54.36.148.17 - - [15/Apr/2021:10:18:18 -0700] "GET /self.logs/access.log.2019-03-25.gz HTTP/1.1" 200 43326 "-" "Mozilla/5.0 (compatible; AhrefsBot/7.0; +http://ahrefs.com/robot/)" 
114.119.155.228 - - [15/Apr/2021:10:18:38 -0700] "GET /self.logs/error.log.2018-12-02.gz HTTP/1.1" 200 4146 "-" "Mozilla/5.0 (Linux; Android 7.0;) AppleWebKit/537.36 (KHTML, like Gecko) Mobile Safari/537.36 (compatible; PetalBot;+https://webmaster.petalsearch.com/site/petalbot)" 
54.36.148.168 - - [15/Apr/2021:10:19:50 -0700] "GET /self.logs/access.log.2018-09-09.gz HTTP/1.1" 200 36806 "-" "Mozilla/5.0 (compatible; AhrefsBot/7.0; +http://ahrefs.com/robot/)" 
54.36.149.61 - - [15/Apr/2021:10:21:26 -0700] "GET /self.logs/access.log.2019-01-01.gz HTTP/1.1" 200 27875 "-" "Mozilla/5.0 (compatible; AhrefsBot/7.0; +http://ahrefs.com/robot/)" 
114.119.141.53 - - [15/Apr/2021:10:22:21 -0700] "GET /self.logs/2015/access.log.2015-07-22.gz HTTP/1.1" 200 4741 "-" "Mozilla/5.0 (Linux; Android 7.0;) AppleWebKit/537.36 (KHTML, like Gecko) Mobile Safari/537.36 (compatible; PetalBot;+https://webmaster.petalsearch.com/site/petalbot)" 
54.36.148.17 - - [15/Apr/2021:10:23:08 -0700] "GET /self.logs/error.log.2019-01-06.gz HTTP/1.1" 200 4680 "-" "Mozilla/5.0 (compatible; AhrefsBot/7.0; +http://ahrefs.com/robot/)" 
54.36.148.17 - - [15/Apr/2021:10:24:50 -0700] "GET /self.logs/access.log.2017-07-22.gz HTTP/1.1" 200 16418 "-" "Mozilla/5.0 (compatible; AhrefsBot/7.0; +http://ahrefs.com/robot/)" 
114.119.144.30 - - [15/Apr/2021:10:25:06 -0700] "GET /self.logs/access.log.2019-09-08.gz HTTP/1.1" 200 19635 "-" "Mozilla/5.0 (Linux; Android 7.0;) AppleWebKit/537.36 (KHTML, like Gecko) Mobile Safari/537.36 (compatible; PetalBot;+https://webmaster.petalsearch.com/site/petalbot)" 
114.119.129.244 - - [15/Apr/2021:10:26:27 -0700] "GET /self.logs/2016/error.log.2016-05-16.gz HTTP/1.1" 200 1050 "-" "Mozilla/5.0 (Linux; Android 7.0;) AppleWebKit/537.36 (KHTML, like Gecko) Mobile Safari/537.36 (compatible; PetalBot;+https://webmaster.petalsearch.com/site/petalbot)" 
54.36.149.61 - - [15/Apr/2021:10:26:27 -0700] "GET /self.logs/access.log.2020-06-04.gz HTTP/1.1" 200 73598 "-" "Mozilla/5.0 (compatible; AhrefsBot/7.0; +http://ahrefs.com/robot/)" 
111.202.100.91 - - [15/Apr/2021:10:27:44 -0700] "GET / HTTP/1.1" 200 12844 "-" "Sogou web spider/4.0(+http://www.sogou.com/docs/help/webmasters.htm#07)" 
54.36.149.46 - - [15/Apr/2021:10:28:04 -0700] "GET /self.logs/error.log.2018-09-25.gz HTTP/1.1" 200 5785 "-" "Mozilla/5.0 (compatible; AhrefsBot/7.0; +http://ahrefs.com/robot/)" 
49.7.20.105 - - [15/Apr/2021:10:28:11 -0700] "GET / HTTP/1.1" 200 12844 "-" "Sogou web spider/4.0(+http://www.sogou.com/docs/help/webmasters.htm#07)" 
114.119.140.84 - - [15/Apr/2021:10:28:30 -0700] "GET /self.logs/access.log.2019-12-12.gz HTTP/1.1" 200 14056 "-" "Mozilla/5.0 (Linux; Android 7.0;) AppleWebKit/537.36 (KHTML, like Gecko) Mobile Safari/537.36 (compatible; PetalBot;+https://webmaster.petalsearch.com/site/petalbot)" 
54.36.148.23 - - [15/Apr/2021:10:29:44 -0700] "GET /self.logs/error.log.2020-06-02 HTTP/1.1" 200 307 "-" "Mozilla/5.0 (compatible; AhrefsBot/7.0; +http://ahrefs.com/robot/)" 
54.36.149.61 - - [15/Apr/2021:10:31:18 -0700] "GET /self.logs/error.log.2017-08-15.gz HTTP/1.1" 200 1005 "-" "Mozilla/5.0 (compatible; AhrefsBot/7.0; +http://ahrefs.com/robot/)" 
114.119.140.84 - - [15/Apr/2021:10:32:23 -0700] "GET /self.logs/2015/access.log.2015-10-12.gz HTTP/1.1" 200 7788 "-" "Mozilla/5.0 (Linux; Android 7.0;) AppleWebKit/537.36 (KHTML, like Gecko) Mobile Safari/537.36 (compatible; PetalBot;+https://webmaster.petalsearch.com/site/petalbot)" 
54.36.148.246 - - [15/Apr/2021:10:33:02 -0700] "GET /self.logs/error.log.2017-06-08.gz HTTP/1.1" 200 1275 "-" "Mozilla/5.0 (compatible; AhrefsBot/7.0; +http://ahrefs.com/robot/)" 
54.36.148.138 - - [15/Apr/2021:10:34:37 -0700] "GET /self.logs/error.log.2020-01-18.gz HTTP/1.1" 200 929 "-" "Mozilla/5.0 (compatible; AhrefsBot/7.0; +http://ahrefs.com/robot/)" 
114.119.129.244 - - [15/Apr/2021:10:34:50 -0700] "GET /self.logs/error.log.2021-01-21.gz HTTP/1.1" 200 1843 "-" "Mozilla/5.0 (Linux; Android 7.0;) AppleWebKit/537.36 (KHTML, like Gecko) Mobile Safari/537.36 (compatible; PetalBot;+https://webmaster.petalsearch.com/site/petalbot)" 
114.119.159.101 - - [15/Apr/2021:10:35:15 -0700] "GET /self.logs/2015/access.log.2015-09-10.gz HTTP/1.1" 200 6165 "-" "Mozilla/5.0 (Linux; Android 7.0;) AppleWebKit/537.36 (KHTML, like Gecko) Mobile Safari/537.36 (compatible; PetalBot;+https://webmaster.petalsearch.com/site/petalbot)" 
54.36.148.197 - - [15/Apr/2021:10:35:26 -0700] "GET /self.logs/access.log.2018-08-23.gz HTTP/1.1" 200 22117 "-" "Mozilla/5.0 (compatible; AhrefsBot/7.0; +http://ahrefs.com/robot/)" 
54.36.148.71 - - [15/Apr/2021:10:36:15 -0700] "GET /self.logs/access.log.2018-09-04.gz HTTP/1.1" 200 36898 "-" "Mozilla/5.0 (compatible; AhrefsBot/7.0; +http://ahrefs.com/robot/)" 
72.140.66.212 - - [15/Apr/2021:10:36:35 -0700] "GET / HTTP/1.1" 200 12882 "-" "Mozilla/5.0 (Windows NT 10.0; Win64; x64) AppleWebKit/537.36 (KHTML, like Gecko) Chrome/89.0.4389.90 Safari/537.36" 
72.140.66.212 - - [15/Apr/2021:10:36:35 -0700] "GET /css/style.css HTTP/1.1" 404 305 "http://www.secrepo.com/" "Mozilla/5.0 (Windows NT 10.0; Win64; x64) AppleWebKit/537.36 (KHTML, like Gecko) Chrome/89.0.4389.90 Safari/537.36" 
72.140.66.212 - - [15/Apr/2021:10:36:35 -0700] "GET /twitter-icon.png HTTP/1.1" 200 27893 "http://www.secrepo.com/" "Mozilla/5.0 (Windows NT 10.0; Win64; x64) AppleWebKit/537.36 (KHTML, like Gecko) Chrome/89.0.4389.90 Safari/537.36" 
72.140.66.212 - - [15/Apr/2021:10:36:35 -0700] "GET /GitHub-Mark.png HTTP/1.1" 200 7556 "http://www.secrepo.com/" "Mozilla/5.0 (Windows NT 10.0; Win64; x64) AppleWebKit/537.36 (KHTML, like Gecko) Chrome/89.0.4389.90 Safari/537.36" 
72.140.66.212 - - [15/Apr/2021:10:36:37 -0700] "GET /bootstrap/img/favicon.ico HTTP/1.1" 200 690 "http://www.secrepo.com/" "Mozilla/5.0 (Windows NT 10.0; Win64; x64) AppleWebKit/537.36 (KHTML, like Gecko) Chrome/89.0.4389.90 Safari/537.36" 
54.36.149.61 - - [15/Apr/2021:10:37:08 -0700] "GET /self.logs/error.log.2019-11-24.gz HTTP/1.1" 200 1772 "-" "Mozilla/5.0 (compatible; AhrefsBot/7.0; +http://ahrefs.com/robot/)" 
54.36.148.81 - - [15/Apr/2021:10:37:56 -0700] "GET /self.logs/access.log.2019-12-07.gz HTTP/1.1" 200 13171 "-" "Mozilla/5.0 (compatible; AhrefsBot/7.0; +http://ahrefs.com/robot/)" 
54.36.149.61 - - [15/Apr/2021:10:38:47 -0700] "GET /self.logs/access.log.2017-04-23.gz HTTP/1.1" 200 14830 "-" "Mozilla/5.0 (compatible; AhrefsBot/7.0; +http://ahrefs.com/robot/)" 
114.119.130.95 - - [15/Apr/2021:10:39:11 -0700] "GET /self.logs/2016/access.log.2016-07-16.gz HTTP/1.1" 200 8736 "-" "Mozilla/5.0 (Linux; Android 7.0;) AppleWebKit/537.36 (KHTML, like Gecko) Mobile Safari/537.36 (compatible; PetalBot;+https://webmaster.petalsearch.com/site/petalbot)" 
54.36.149.61 - - [15/Apr/2021:10:39:35 -0700] "GET /self.logs/access.log.2019-08-08.gz HTTP/1.1" 200 15912 "-" "Mozilla/5.0 (compatible; AhrefsBot/7.0; +http://ahrefs.com/robot/)" 
54.36.148.106 - - [15/Apr/2021:10:40:26 -0700] "GET /self.logs/access.log.2020-08-06.gz HTTP/1.1" 200 35751 "-" "Mozilla/5.0 (compatible; AhrefsBot/7.0; +http://ahrefs.com/robot/)" 
54.36.149.61 - - [15/Apr/2021:10:41:14 -0700] "GET /self.logs/access.log.2019-04-20.gz HTTP/1.1" 200 69975 "-" "Mozilla/5.0 (compatible; AhrefsBot/7.0; +http://ahrefs.com/robot/)" 
54.36.148.17 - - [15/Apr/2021:10:42:03 -0700] "GET /self.logs/error.log.2019-08-21.gz HTTP/1.1" 200 1364 "-" "Mozilla/5.0 (compatible; AhrefsBot/7.0; +http://ahrefs.com/robot/)" 
114.119.129.244 - - [15/Apr/2021:10:42:09 -0700] "GET /self.logs/2015/error.log.2015-10-31.gz HTTP/1.1" 200 1076 "-" "Mozilla/5.0 (Linux; Android 7.0;) AppleWebKit/537.36 (KHTML, like Gecko) Mobile Safari/537.36 (compatible; PetalBot;+https://webmaster.petalsearch.com/site/petalbot)" 
54.36.149.61 - - [15/Apr/2021:10:42:50 -0700] "GET /self.logs/error.log.2017-04-18.gz HTTP/1.1" 200 1010 "-" "Mozilla/5.0 (compatible; AhrefsBot/7.0; +http://ahrefs.com/robot/)" 
54.36.148.158 - - [15/Apr/2021:10:43:40 -0700] "GET /self.logs/access.log.2018-11-22.gz HTTP/1.1" 200 24900 "-" "Mozilla/5.0 (compatible; AhrefsBot/7.0; +http://ahrefs.com/robot/)" 
114.119.141.53 - - [15/Apr/2021:10:43:55 -0700] "GET /self.logs/access.log.2019-04-25.gz HTTP/1.1" 200 26950 "-" "Mozilla/5.0 (Linux; Android 7.0;) AppleWebKit/537.36 (KHTML, like Gecko) Mobile Safari/537.36 (compatible; PetalBot;+https://webmaster.petalsearch.com/site/petalbot)" 
54.36.149.68 - - [15/Apr/2021:10:44:27 -0700] "GET /self.logs/error.log.2018-08-31.gz HTTP/1.1" 200 5168 "-" "Mozilla/5.0 (compatible; AhrefsBot/7.0; +http://ahrefs.com/robot/)" 
54.36.148.151 - - [15/Apr/2021:10:46:03 -0700] "GET /self.logs/error.log.2019-09-06.gz HTTP/1.1" 200 2301 "-" "Mozilla/5.0 (compatible; AhrefsBot/7.0; +http://ahrefs.com/robot/)" 
114.119.159.40 - - [15/Apr/2021:10:46:42 -0700] "GET /self.logs/error.log.2020-11-03 HTTP/1.1" 200 351 "-" "Mozilla/5.0 (Linux; Android 7.0;) AppleWebKit/537.36 (KHTML, like Gecko) Mobile Safari/537.36 (compatible; PetalBot;+https://webmaster.petalsearch.com/site/petalbot)" 
54.36.148.17 - - [15/Apr/2021:10:47:40 -0700] "GET /self.logs/access.log.2017-07-05.gz HTTP/1.1" 200 22806 "-" "Mozilla/5.0 (compatible; AhrefsBot/7.0; +http://ahrefs.com/robot/)" 
114.119.140.84 - - [15/Apr/2021:10:48:57 -0700] "GET /self.logs/access.log.2020-01-15.gz HTTP/1.1" 200 19140 "-" "Mozilla/5.0 (Linux; Android 7.0;) AppleWebKit/537.36 (KHTML, like Gecko) Mobile Safari/537.36 (compatible; PetalBot;+https://webmaster.petalsearch.com/site/petalbot)" 
54.36.148.17 - - [15/Apr/2021:10:49:13 -0700] "GET /self.logs/access.log.2019-02-01.gz HTTP/1.1" 200 21790 "-" "Mozilla/5.0 (compatible; AhrefsBot/7.0; +http://ahrefs.com/robot/)" 
54.36.149.74 - - [15/Apr/2021:10:50:53 -0700] "GET /self.logs/access.log.2017-02-27.gz HTTP/1.1" 200 37764 "-" "Mozilla/5.0 (compatible; AhrefsBot/7.0; +http://ahrefs.com/robot/)" 
114.119.141.53 - - [15/Apr/2021:10:51:37 -0700] "GET /self.logs/access.log.2018-03-14.gz HTTP/1.1" 200 54791 "-" "Mozilla/5.0 (Linux; Android 7.0;) AppleWebKit/537.36 (KHTML, like Gecko) Mobile Safari/537.36 (compatible; PetalBot;+https://webmaster.petalsearch.com/site/petalbot)" 
114.119.130.95 - - [15/Apr/2021:10:51:45 -0700] "GET /self.logs/access.log.2018-06-03.gz HTTP/1.1" 200 16405 "-" "Mozilla/5.0 (Linux; Android 7.0;) AppleWebKit/537.36 (KHTML, like Gecko) Mobile Safari/537.36 (compatible; PetalBot;+https://webmaster.petalsearch.com/site/petalbot)" 
5.188.48.10 - - [15/Apr/2021:10:52:33 -0700] "GET /Datasets%20Description/Network/smtp.html HTTP/1.0" 200 5792 "http://www.secrepo.com/Datasets%20Description/Network/smtp.html" "Mozilla/5.0 (Windows NT 10.0; Win64; x64) AppleWebKit/537.36 (KHTML, like Gecko) Chrome/83.0.4099.2 Safari/537.36" 
54.36.149.61 - - [15/Apr/2021:10:52:34 -0700] "GET /self.logs/access.log.2017-06-20.gz HTTP/1.1" 200 26784 "-" "Mozilla/5.0 (compatible; AhrefsBot/7.0; +http://ahrefs.com/robot/)" 
40.77.167.35 - - [15/Apr/2021:10:53:10 -0700] "GET /self.logs/error.log.2017-11-30.gz HTTP/1.1" 301 541 "-" "Mozilla/5.0 (compatible; bingbot/2.0; +http://www.bing.com/bingbot.htm)" 
54.36.149.61 - - [15/Apr/2021:10:54:11 -0700] "GET /self.logs/error.log.2018-05-09.gz HTTP/1.1" 200 9310 "-" "Mozilla/5.0 (compatible; AhrefsBot/7.0; +http://ahrefs.com/robot/)" 
114.119.141.53 - - [15/Apr/2021:10:54:34 -0700] "GET /self.logs/access.log.2017-03-28.gz HTTP/1.1" 200 15528 "-" "Mozilla/5.0 (Linux; Android 7.0;) AppleWebKit/537.36 (KHTML, like Gecko) Mobile Safari/537.36 (compatible; PetalBot;+https://webmaster.petalsearch.com/site/petalbot)" 
54.36.149.12 - - [15/Apr/2021:10:55:46 -0700] "GET /self.logs/error.log.2018-07-21.gz HTTP/1.1" 200 5959 "-" "Mozilla/5.0 (compatible; AhrefsBot/7.0; +http://ahrefs.com/robot/)" 
114.119.130.95 - - [15/Apr/2021:10:55:57 -0700] "GET /self.logs/2015/access.log.2015-06-02.gz HTTP/1.1" 200 3855 "-" "Mozilla/5.0 (Linux; Android 7.0;) AppleWebKit/537.36 (KHTML, like Gecko) Mobile Safari/537.36 (compatible; PetalBot;+https://webmaster.petalsearch.com/site/petalbot)" 
5.188.48.10 - - [15/Apr/2021:10:56:05 -0700] "GET /auth.log/auth.log.gz HTTP/1.0" 200 615642 "http://www.secrepo.com/auth.log/auth.log.gz" "Mozilla/5.0 (Windows NT 6.1; Win64; x64) AppleWebKit/537.36 (KHTML, like Gecko) Chrome/83.0.4103.61 Safari/537.36 Edg/83.0.478.37" 
114.119.144.30 - - [15/Apr/2021:10:58:37 -0700] "GET /self.logs/access.log.2019-07-13.gz HTTP/1.1" 200 23472 "-" "Mozilla/5.0 (Linux; Android 7.0;) AppleWebKit/537.36 (KHTML, like Gecko) Mobile Safari/537.36 (compatible; PetalBot;+https://webmaster.petalsearch.com/site/petalbot)" 
54.36.148.17 - - [15/Apr/2021:10:58:56 -0700] "GET /self.logs/access.log.2018-06-27.gz HTTP/1.1" 200 30341 "-" "Mozilla/5.0 (compatible; AhrefsBot/7.0; +http://ahrefs.com/robot/)" 
114.119.140.84 - - [15/Apr/2021:10:59:30 -0700] "GET /self.logs/error.log.2020-07-02 HTTP/1.1" 200 351 "-" "Mozilla/5.0 (Linux; Android 7.0;) AppleWebKit/537.36 (KHTML, like Gecko) Mobile Safari/537.36 (compatible; PetalBot;+https://webmaster.petalsearch.com/site/petalbot)" 
114.119.141.53 - - [15/Apr/2021:11:02:18 -0700] "GET /self.logs/access.log.2019-10-14.gz HTTP/1.1" 200 26064 "-" "Mozilla/5.0 (Linux; Android 7.0;) AppleWebKit/537.36 (KHTML, like Gecko) Mobile Safari/537.36 (compatible; PetalBot;+https://webmaster.petalsearch.com/site/petalbot)" 
54.36.149.61 - - [15/Apr/2021:11:02:20 -0700] "GET /self.logs/access.log.2019-08-09.gz HTTP/1.1" 200 11928 "-" "Mozilla/5.0 (compatible; AhrefsBot/7.0; +http://ahrefs.com/robot/)" 
113.31.117.137 - - [15/Apr/2021:11:03:50 -0700] "GET / HTTP/1.1" 200 12882 "-" "Dalvik/2.1.0 (Linux; U; Android 7.0; ZTE BA520 Build/MRA58K)" 
114.119.159.40 - - [15/Apr/2021:11:04:21 -0700] "GET /self.logs/2016/error.log.2016-07-09.gz HTTP/1.1" 200 1128 "-" "Mozilla/5.0 (Linux; Android 7.0;) AppleWebKit/537.36 (KHTML, like Gecko) Mobile Safari/537.36 (compatible; PetalBot;+https://webmaster.petalsearch.com/site/petalbot)" 
111.202.101.156 - - [15/Apr/2021:11:04:32 -0700] "GET / HTTP/1.1" 200 12845 "-" "Sogou web spider/4.0(+http://www.sogou.com/docs/help/webmasters.htm#07)" 
54.36.148.65 - - [15/Apr/2021:11:05:29 -0700] "GET /self.logs/access.log.2019-03-05.gz HTTP/1.1" 200 18495 "-" "Mozilla/5.0 (compatible; AhrefsBot/7.0; +http://ahrefs.com/robot/)" 
54.36.148.17 - - [15/Apr/2021:11:07:03 -0700] "GET /self.logs/error.log.2018-11-09.gz HTTP/1.1" 200 3862 "-" "Mozilla/5.0 (compatible; AhrefsBot/7.0; +http://ahrefs.com/robot/)" 
114.119.159.101 - - [15/Apr/2021:11:07:57 -0700] "GET /self.logs/access.log.2020-04-07.gz HTTP/1.1" 200 16427 "-" "Mozilla/5.0 (Linux; Android 7.0;) AppleWebKit/537.36 (KHTML, like Gecko) Mobile Safari/537.36 (compatible; PetalBot;+https://webmaster.petalsearch.com/site/petalbot)" 
54.36.148.19 - - [15/Apr/2021:11:08:33 -0700] "GET /self.logs/access.log.2018-03-19.gz HTTP/1.1" 200 22218 "-" "Mozilla/5.0 (compatible; AhrefsBot/7.0; +http://ahrefs.com/robot/)" 
114.119.158.97 - - [15/Apr/2021:11:08:50 -0700] "GET /robots.txt HTTP/1.1" 200 377 "-" "Mozilla/5.0 (compatible;PetalBot;+https://webmaster.petalsearch.com/site/petalbot)" 
114.119.159.101 - - [15/Apr/2021:11:09:35 -0700] "GET /self.logs/error.log.2020-07-17 HTTP/1.1" 200 351 "-" "Mozilla/5.0 (Linux; Android 7.0;) AppleWebKit/537.36 (KHTML, like Gecko) Mobile Safari/537.36 (compatible; PetalBot;+https://webmaster.petalsearch.com/site/petalbot)" 
49.7.20.105 - - [15/Apr/2021:11:09:36 -0700] "GET / HTTP/1.1" 200 12845 "-" "Sogou web spider/4.0(+http://www.sogou.com/docs/help/webmasters.htm#07)" 
54.36.149.61 - - [15/Apr/2021:11:10:11 -0700] "GET /self.logs/error.log.2017-07-31.gz HTTP/1.1" 200 1011 "-" "Mozilla/5.0 (compatible; AhrefsBot/7.0; +http://ahrefs.com/robot/)" 
114.119.155.228 - - [15/Apr/2021:11:11:42 -0700] "GET /self.logs/access.log.2019-08-21.gz HTTP/1.1" 200 17534 "-" "Mozilla/5.0 (Linux; Android 7.0;) AppleWebKit/537.36 (KHTML, like Gecko) Mobile Safari/537.36 (compatible; PetalBot;+https://webmaster.petalsearch.com/site/petalbot)" 
54.36.148.246 - - [15/Apr/2021:11:11:48 -0700] "GET /self.logs/access.log.2017-02-16.gz HTTP/1.1" 200 17599 "-" "Mozilla/5.0 (compatible; AhrefsBot/7.0; +http://ahrefs.com/robot/)" 
54.36.148.17 - - [15/Apr/2021:11:13:26 -0700] "GET /self.logs/access.log.2018-03-23.gz HTTP/1.1" 200 16459 "-" "Mozilla/5.0 (compatible; AhrefsBot/7.0; +http://ahrefs.com/robot/)" 
54.36.148.69 - - [15/Apr/2021:11:15:13 -0700] "GET /self.logs/error.log.2017-10-03.gz HTTP/1.1" 200 2864 "-" "Mozilla/5.0 (compatible; AhrefsBot/7.0; +http://ahrefs.com/robot/)" 
54.36.149.61 - - [15/Apr/2021:11:16:50 -0700] "GET /self.logs/access.log.2019-01-26.gz HTTP/1.1" 200 21660 "-" "Mozilla/5.0 (compatible; AhrefsBot/7.0; +http://ahrefs.com/robot/)" 
114.119.157.43 - - [15/Apr/2021:11:17:59 -0700] "GET /self.logs/2015/access.log.2015-03-28.gz HTTP/1.1" 200 3532 "-" "Mozilla/5.0 (Linux; Android 7.0;) AppleWebKit/537.36 (KHTML, like Gecko) Mobile Safari/537.36 (compatible; PetalBot;+https://webmaster.petalsearch.com/site/petalbot)" 
54.36.148.72 - - [15/Apr/2021:11:18:29 -0700] "GET /self.logs/access.log.2020-06-10.gz HTTP/1.1" 200 13120 "-" "Mozilla/5.0 (compatible; AhrefsBot/7.0; +http://ahrefs.com/robot/)" 
54.36.148.17 - - [15/Apr/2021:11:19:21 -0700] "GET /self.logs/error.log.2019-08-24.gz HTTP/1.1" 200 1835 "-" "Mozilla/5.0 (compatible; AhrefsBot/7.0; +http://ahrefs.com/robot/)" 
54.36.148.17 - - [15/Apr/2021:11:20:08 -0700] "GET /self.logs/access.log.2018-03-27.gz HTTP/1.1" 200 37349 "-" "Mozilla/5.0 (compatible; AhrefsBot/7.0; +http://ahrefs.com/robot/)" 
40.77.167.30 - - [15/Apr/2021:11:20:34 -0700] "GET /self.logs/error.log.2020-11-06 HTTP/1.1" 200 351 "-" "Mozilla/5.0 (compatible; bingbot/2.0; +http://www.bing.com/bingbot.htm)" 
54.36.148.71 - - [15/Apr/2021:11:21:45 -0700] "GET /self.logs/error.log.2018-10-14.gz HTTP/1.1" 200 4675 "-" "Mozilla/5.0 (compatible; AhrefsBot/7.0; +http://ahrefs.com/robot/)" 
114.119.155.228 - - [15/Apr/2021:11:22:44 -0700] "GET /self.logs/access.log.2019-09-16.gz HTTP/1.1" 200 20024 "-" "Mozilla/5.0 (Linux; Android 7.0;) AppleWebKit/537.36 (KHTML, like Gecko) Mobile Safari/537.36 (compatible; PetalBot;+https://webmaster.petalsearch.com/site/petalbot)" 
54.36.149.61 - - [15/Apr/2021:11:23:33 -0700] "GET /self.logs/access.log.2018-01-02.gz HTTP/1.1" 200 25198 "-" "Mozilla/5.0 (compatible; AhrefsBot/7.0; +http://ahrefs.com/robot/)" 
114.119.129.244 - - [15/Apr/2021:11:25:11 -0700] "GET /Datasets%20Description/HTML_Bro_log_1/files.html HTTP/1.1" 200 1918 "-" "Mozilla/5.0 (Linux; Android 7.0;) AppleWebKit/537.36 (KHTML, like Gecko) Mobile Safari/537.36 (compatible; PetalBot;+https://webmaster.petalsearch.com/site/petalbot)" 
54.36.148.158 - - [15/Apr/2021:11:25:12 -0700] "GET /self.logs/access.log.2019-08-26.gz HTTP/1.1" 200 19781 "-" "Mozilla/5.0 (compatible; AhrefsBot/7.0; +http://ahrefs.com/robot/)" 
114.119.130.95 - - [15/Apr/2021:11:26:18 -0700] "GET /self.logs/2016/access.log.2016-03-29.gz HTTP/1.1" 200 8963 "-" "Mozilla/5.0 (Linux; Android 7.0;) AppleWebKit/537.36 (KHTML, like Gecko) Mobile Safari/537.36 (compatible; PetalBot;+https://webmaster.petalsearch.com/site/petalbot)" 
54.36.148.17 - - [15/Apr/2021:11:26:46 -0700] "GET /self.logs/error.log.2017-08-23.gz HTTP/1.1" 200 844 "-" "Mozilla/5.0 (compatible; AhrefsBot/7.0; +http://ahrefs.com/robot/)" 
54.36.148.17 - - [15/Apr/2021:11:28:28 -0700] "GET /self.logs/access.log.2019-03-29.gz HTTP/1.1" 200 51809 "-" "Mozilla/5.0 (compatible; AhrefsBot/7.0; +http://ahrefs.com/robot/)" 
205.193.218.61 - - [15/Apr/2021:11:29:00 -0700] "GET / HTTP/1.1" 200 12881 "-" "Mozilla/5.0 (Windows NT 10.0; Win64; x64) AppleWebKit/537.36 (KHTML, like Gecko) Chrome/89.0.4389.128 Safari/537.36" 
205.193.218.61 - - [15/Apr/2021:11:29:00 -0700] "GET /css/style.css HTTP/1.1" 404 305 "http://www.secrepo.com/" "Mozilla/5.0 (Windows NT 10.0; Win64; x64) AppleWebKit/537.36 (KHTML, like Gecko) Chrome/89.0.4389.128 Safari/537.36" 
205.193.218.61 - - [15/Apr/2021:11:29:00 -0700] "GET /twitter-icon.png HTTP/1.1" 200 27916 "http://www.secrepo.com/" "Mozilla/5.0 (Windows NT 10.0; Win64; x64) AppleWebKit/537.36 (KHTML, like Gecko) Chrome/89.0.4389.128 Safari/537.36" 
205.193.218.61 - - [15/Apr/2021:11:29:00 -0700] "GET /GitHub-Mark.png HTTP/1.1" 200 7556 "http://www.secrepo.com/" "Mozilla/5.0 (Windows NT 10.0; Win64; x64) AppleWebKit/537.36 (KHTML, like Gecko) Chrome/89.0.4389.128 Safari/537.36" 
205.193.218.61 - - [15/Apr/2021:11:29:01 -0700] "GET /bootstrap/img/favicon.ico HTTP/1.1" 200 690 "http://www.secrepo.com/" "Mozilla/5.0 (Windows NT 10.0; Win64; x64) AppleWebKit/537.36 (KHTML, like Gecko) Chrome/89.0.4389.128 Safari/537.36" 
54.36.149.61 - - [15/Apr/2021:11:30:01 -0700] "GET /self.logs/access.log.2017-01-14.gz HTTP/1.1" 200 10813 "-" "Mozilla/5.0 (compatible; AhrefsBot/7.0; +http://ahrefs.com/robot/)" 
54.36.149.61 - - [15/Apr/2021:11:31:37 -0700] "GET /self.logs/error.log.2019-01-24.gz HTTP/1.1" 200 2375 "-" "Mozilla/5.0 (compatible; AhrefsBot/7.0; +http://ahrefs.com/robot/)" 
114.119.150.248 - - [15/Apr/2021:11:31:39 -0700] "GET /self.logs/2015/error.log.2015-04-08.gz HTTP/1.1" 200 657 "-" "Mozilla/5.0 (Linux; Android 7.0;) AppleWebKit/537.36 (KHTML, like Gecko) Mobile Safari/537.36 (compatible; PetalBot;+https://webmaster.petalsearch.com/site/petalbot)" 
54.36.148.17 - - [15/Apr/2021:11:33:07 -0700] "GET /self.logs/access.log.2017-11-09.gz HTTP/1.1" 200 28098 "-" "Mozilla/5.0 (compatible; AhrefsBot/7.0; +http://ahrefs.com/robot/)" 
114.119.129.244 - - [15/Apr/2021:11:33:38 -0700] "GET /self.logs/access.log.2019-05-07.gz HTTP/1.1" 200 32054 "-" "Mozilla/5.0 (Linux; Android 7.0;) AppleWebKit/537.36 (KHTML, like Gecko) Mobile Safari/537.36 (compatible; PetalBot;+https://webmaster.petalsearch.com/site/petalbot)" 
54.36.149.61 - - [15/Apr/2021:11:34:40 -0700] "GET /self.logs/access.log.2020-07-20.gz HTTP/1.1" 200 19797 "-" "Mozilla/5.0 (compatible; AhrefsBot/7.0; +http://ahrefs.com/robot/)" 
54.36.148.213 - - [15/Apr/2021:11:36:13 -0700] "GET /self.logs/access.log.2020-07-11.gz HTTP/1.1" 200 14535 "-" "Mozilla/5.0 (compatible; AhrefsBot/7.0; +http://ahrefs.com/robot/)" 
114.119.159.40 - - [15/Apr/2021:11:36:37 -0700] "GET /self.logs/access.log.2018-09-30.gz HTTP/1.1" 200 20870 "-" "Mozilla/5.0 (Linux; Android 7.0;) AppleWebKit/537.36 (KHTML, like Gecko) Mobile Safari/537.36 (compatible; PetalBot;+https://webmaster.petalsearch.com/site/petalbot)" 
114.119.140.84 - - [15/Apr/2021:11:37:44 -0700] "GET /self.logs/2016/error.log.2016-10-30.gz HTTP/1.1" 200 883 "-" "Mozilla/5.0 (Linux; Android 7.0;) AppleWebKit/537.36 (KHTML, like Gecko) Mobile Safari/537.36 (compatible; PetalBot;+https://webmaster.petalsearch.com/site/petalbot)" 
