172.83.43.132 - - [15/Aug/2019:13:01:19 -0700] "GET / HTTP/1.1" 200 12430 "-" "Vienna/7074 (Macintosh; Intel macOS 10_13_6)" 
103.119.61.30 - - [15/Aug/2019:13:03:30 -0700] "GET /css/style.css HTTP/1.1" 404 294 "http://www.secrepo.com/" "Mozilla/5.0 (X11; Linux x86_64) AppleWebKit/537.36 (KHTML, like Gecko) Chrome/75.0.3770.142 Safari/537.36 OPR/62.0.3331.116" 
100.43.90.103 - - [15/Aug/2019:13:04:39 -0700] "GET /self.logs/error.log.2019-08-08 HTTP/1.1" 200 1260 "-" "Mozilla/5.0 (compatible; YandexBot/3.0; +http://yandex.com/bots)" 
216.244.66.245 - - [15/Aug/2019:13:07:53 -0700] "GET /self.logs/access.log.2019-01-23.gz HTTP/1.1" 200 21856 "-" "Mozilla/5.0 (compatible; DotBot/1.1; http://www.opensiteexplorer.org/dotbot, help@moz.com)" 
173.211.79.115 - - [15/Aug/2019:13:10:54 -0700] "HEAD / HTTP/1.1" 200 346 "-" "python-requests/2.19.1" 
157.55.39.114 - - [15/Aug/2019:13:11:02 -0700] "GET /self.logs/access.log.2017-03-22.gz HTTP/1.1" 200 25018 "-" "Mozilla/5.0 (compatible; bingbot/2.0; +http://www.bing.com/bingbot.htm)" 
38.18.51.235 - - [15/Aug/2019:13:11:15 -0700] "HEAD / HTTP/1.1" 200 346 "-" "python-requests/2.19.1" 
206.180.175.79 - - [15/Aug/2019:13:11:49 -0700] "HEAD / HTTP/1.1" 200 346 "-" "python-requests/2.19.1" 
38.18.33.9 - - [15/Aug/2019:13:14:25 -0700] "HEAD / HTTP/1.1" 200 346 "-" "python-requests/2.19.1" 
38.18.55.28 - - [15/Aug/2019:13:14:45 -0700] "HEAD / HTTP/1.1" 200 346 "-" "python-requests/2.19.1" 
173.211.79.57 - - [15/Aug/2019:13:15:14 -0700] "HEAD / HTTP/1.1" 200 346 "-" "python-requests/2.19.1" 
216.41.144.207 - - [15/Aug/2019:13:17:55 -0700] "HEAD / HTTP/1.1" 200 346 "-" "python-requests/2.19.1" 
38.18.59.158 - - [15/Aug/2019:13:18:18 -0700] "HEAD / HTTP/1.1" 200 346 "-" "python-requests/2.19.1" 
38.18.50.179 - - [15/Aug/2019:13:18:59 -0700] "HEAD / HTTP/1.1" 200 346 "-" "python-requests/2.19.1" 
108.62.9.239 - - [15/Aug/2019:13:21:22 -0700] "HEAD / HTTP/1.1" 200 346 "-" "python-requests/2.19.1" 
67.203.6.154 - - [15/Aug/2019:13:22:17 -0700] "HEAD / HTTP/1.1" 200 346 "-" "python-requests/2.19.1" 
38.18.36.2 - - [15/Aug/2019:13:24:57 -0700] "HEAD / HTTP/1.1" 200 346 "-" "python-requests/2.19.1" 
206.180.177.205 - - [15/Aug/2019:13:26:05 -0700] "HEAD / HTTP/1.1" 200 346 "-" "python-requests/2.19.1" 
82.165.80.246 - - [15/Aug/2019:13:31:22 -0700] "GET /wp-admin/ HTTP/1.1" 301 456 "-" "-" 
101.89.239.120 - - [15/Aug/2019:13:37:18 -0700] "GET / HTTP/1.1" 200 46605 "-" "Mozilla/5.0 (Macintosh; Intel Mac OS X 10_12_4) AppleWebKit/537.36 (KHTML, like Gecko) \t\t\tChrome/55.0.2883.95 Safari/537.36" 
82.165.85.135 - - [15/Aug/2019:13:37:59 -0700] "GET /test/wp-admin/ HTTP/1.1" 301 466 "-" "-" 
76.74.187.100 - - [15/Aug/2019:13:44:35 -0700] "GET /wordpress/wp-admin/ HTTP/1.1" 301 476 "-" "-" 
82.165.83.20 - - [15/Aug/2019:13:51:18 -0700] "GET /blog/wp-admin/ HTTP/1.1" 301 466 "-" "-" 
113.171.224.176 - - [15/Aug/2019:13:51:20 -0700] "GET /honeypot/Honeypot%20-%20Howto.pdf HTTP/1.1" 200 61320 "-" "Mozilla/5.0 Gecko/20100115 Firefox/3.6" 
157.55.39.202 - - [15/Aug/2019:13:55:07 -0700] "GET /Datasets%20Description/Network/http.html HTTP/1.1" 200 1630 "-" "Mozilla/5.0 (compatible; bingbot/2.0; +http://www.bing.com/bingbot.htm)" 
38.18.51.235 - - [15/Aug/2019:13:57:47 -0700] "HEAD / HTTP/1.1" 200 346 "-" "python-requests/2.19.1" 
193.202.110.26 - - [15/Aug/2019:13:57:52 -0700] "GET /wp/wp-admin/ HTTP/1.1" 301 462 "-" "-" 
23.100.232.233 - - [15/Aug/2019:14:01:13 -0700] "GET / HTTP/1.1" 200 12430 "-" "Mozilla/5.0 (compatible; MSIE 9.0; Windows NT 6.1; Trident/5.0;  Trident/5.0)" 
23.100.232.233 - - [15/Aug/2019:14:01:13 -0700] "GET /css/style.css HTTP/1.1" 404 271 "http://www.secrepo.com/" "Mozilla/5.0 (compatible; MSIE 9.0; Windows NT 6.1; Trident/5.0;  Trident/5.0)" 
172.83.43.132 - - [15/Aug/2019:14:01:40 -0700] "GET / HTTP/1.1" 200 12430 "-" "Vienna/7074 (Macintosh; Intel macOS 10_13_6)" 
206.180.175.79 - - [15/Aug/2019:14:02:00 -0700] "HEAD /self.logs/ HTTP/1.1" 200 194 "-" "python-requests/2.19.1" 
38.18.55.28 - - [15/Aug/2019:14:02:31 -0700] "HEAD / HTTP/1.1" 200 346 "-" "python-requests/2.19.1" 
173.211.79.115 - - [15/Aug/2019:14:02:48 -0700] "HEAD / HTTP/1.1" 200 346 "-" "python-requests/2.19.1" 
183.111.174.4 - - [15/Aug/2019:14:04:42 -0700] "GET /old/wp-admin/ HTTP/1.1" 301 464 "-" "-" 
213.174.152.181 - - [15/Aug/2019:14:05:01 -0700] "GET /robots.txt HTTP/1.1" 301 439 "-" "Mozilla/5.0 (compatible; SemrushBot/1.0~bm; +http://www.semrush.com/bot.html)" 
213.174.152.181 - - [15/Aug/2019:14:05:04 -0700] "GET /robots.txt HTTP/1.1" 200 244 "-" "Mozilla/5.0 (compatible; SemrushBot/1.0~bm; +http://www.semrush.com/bot.html)" 
173.211.79.57 - - [15/Aug/2019:14:05:41 -0700] "HEAD / HTTP/1.1" 200 346 "-" "python-requests/2.19.1" 
38.18.59.158 - - [15/Aug/2019:14:07:48 -0700] "HEAD / HTTP/1.1" 200 346 "-" "python-requests/2.19.1" 
38.18.50.179 - - [15/Aug/2019:14:07:55 -0700] "HEAD / HTTP/1.1" 200 346 "-" "python-requests/2.19.1" 
108.62.9.239 - - [15/Aug/2019:14:09:22 -0700] "HEAD / HTTP/1.1" 200 346 "-" "python-requests/2.19.1" 
38.18.36.2 - - [15/Aug/2019:14:09:51 -0700] "HEAD / HTTP/1.1" 200 346 "-" "python-requests/2.19.1" 
206.180.173.58 - - [15/Aug/2019:14:09:55 -0700] "HEAD / HTTP/1.1" 200 346 "-" "python-requests/2.19.1" 
38.18.47.114 - - [15/Aug/2019:14:11:18 -0700] "HEAD / HTTP/1.1" 200 346 "-" "python-requests/2.19.1" 
216.41.147.190 - - [15/Aug/2019:14:11:27 -0700] "HEAD / HTTP/1.1" 200 346 "-" "python-requests/2.19.1" 
173.211.79.115 - - [15/Aug/2019:14:12:50 -0700] "HEAD / HTTP/1.1" 200 346 "-" "python-requests/2.19.1" 
38.18.33.9 - - [15/Aug/2019:14:13:23 -0700] "HEAD / HTTP/1.1" 200 346 "-" "python-requests/2.19.1" 
38.18.41.6 - - [15/Aug/2019:14:13:25 -0700] "HEAD / HTTP/1.1" 200 346 "-" "python-requests/2.19.1" 
216.41.144.207 - - [15/Aug/2019:14:14:43 -0700] "HEAD / HTTP/1.1" 200 346 "-" "python-requests/2.19.1" 
38.18.50.105 - - [15/Aug/2019:14:14:57 -0700] "HEAD / HTTP/1.1" 200 346 "-" "python-requests/2.19.1" 
206.180.185.29 - - [15/Aug/2019:14:16:48 -0700] "HEAD / HTTP/1.1" 200 346 "-" "python-requests/2.19.1" 
38.18.32.73 - - [15/Aug/2019:14:16:52 -0700] "HEAD / HTTP/1.1" 200 346 "-" "python-requests/2.19.1" 
38.18.45.1 - - [15/Aug/2019:14:18:04 -0700] "HEAD / HTTP/1.1" 200 346 "-" "python-requests/2.19.1" 
38.18.32.109 - - [15/Aug/2019:14:18:26 -0700] "HEAD / HTTP/1.1" 200 346 "-" "python-requests/2.19.1" 
23.82.166.58 - - [15/Aug/2019:14:20:16 -0700] "HEAD / HTTP/1.1" 200 346 "-" "python-requests/2.19.1" 
206.180.186.78 - - [15/Aug/2019:14:20:23 -0700] "HEAD / HTTP/1.1" 200 346 "-" "python-requests/2.19.1" 
178.137.16.246 - - [15/Aug/2019:14:21:40 -0700] "GET / HTTP/1.1" 200 46561 "https://hitico.ru/" "Mozilla/4.0 (compatible; MSIE 6.0; Windows XP)" 
178.137.16.246 - - [15/Aug/2019:14:21:41 -0700] "GET / HTTP/1.1" 200 46561 "https://hitico.ru/" "Mozilla/4.0 (compatible; MSIE 6.0; Windows XP)" 
38.18.37.46 - - [15/Aug/2019:14:21:42 -0700] "HEAD / HTTP/1.1" 200 346 "-" "python-requests/2.19.1" 
178.137.16.246 - - [15/Aug/2019:14:21:42 -0700] "GET / HTTP/1.1" 200 46561 "https://hitico.ru/" "Mozilla/4.0 (compatible; MSIE 6.0; Windows XP)" 
173.211.79.254 - - [15/Aug/2019:14:21:53 -0700] "HEAD / HTTP/1.1" 200 346 "-" "python-requests/2.19.1" 
67.203.6.154 - - [15/Aug/2019:14:23:51 -0700] "HEAD / HTTP/1.1" 200 346 "-" "python-requests/2.19.1" 
38.18.57.253 - - [15/Aug/2019:14:23:54 -0700] "HEAD / HTTP/1.1" 200 346 "-" "python-requests/2.19.1" 
220.181.108.162 - - [15/Aug/2019:14:24:34 -0700] "GET /Datasets%20Description/Network/dhcp.html HTTP/1.1" 200 1345 "-" "Mozilla/5.0 (compatible; Baiduspider/2.0; +http://www.baidu.com/search/spider.html)" 
34.68.226.123 - - [15/Aug/2019:14:26:20 -0700] "GET /robots.txt HTTP/1.1" 301 495 "-" "python-requests/2.22.0" 
34.68.226.123 - - [15/Aug/2019:14:26:21 -0700] "GET /robots.txt HTTP/1.1" 200 288 "-" "python-requests/2.22.0" 
34.68.226.123 - - [15/Aug/2019:14:26:21 -0700] "GET / HTTP/1.1" 301 474 "-" "python-requests/2.22.0" 
34.68.226.123 - - [15/Aug/2019:14:26:21 -0700] "GET / HTTP/1.1" 200 12406 "-" "python-requests/2.22.0" 
34.198.146.206 - - [15/Aug/2019:14:40:36 -0700] "GET / HTTP/1.1" 200 12430 "-" "Mozilla/5.0 (Macintosh; Intel Mac OS X 10_14_6) AppleWebKit/537.36 (KHTML, like Gecko) Chrome/77.0.3865.19 Safari/537.36" 
34.198.146.206 - - [15/Aug/2019:14:40:36 -0700] "GET /twitter-icon.png HTTP/1.1" 200 27787 "http://www.secrepo.com/" "Mozilla/5.0 (Macintosh; Intel Mac OS X 10_14_6) AppleWebKit/537.36 (KHTML, like Gecko) Chrome/77.0.3865.19 Safari/537.36" 
34.198.146.206 - - [15/Aug/2019:14:40:36 -0700] "GET /css/style.css HTTP/1.1" 404 294 "http://www.secrepo.com/" "Mozilla/5.0 (Macintosh; Intel Mac OS X 10_14_6) AppleWebKit/537.36 (KHTML, like Gecko) Chrome/77.0.3865.19 Safari/537.36" 
49.89.169.109 - - [15/Aug/2019:14:48:33 -0700] "HEAD /gbook/?1_1.html HTTP/1.1" 404 275 "-" "-" 
49.89.171.177 - - [15/Aug/2019:14:48:33 -0700] "HEAD /js/close.gif HTTP/1.1" 404 275 "-" "-" 
113.171.224.176 - - [15/Aug/2019:14:52:56 -0700] "GET /honeypot/Honeypot%20-%20Howto.pdf HTTP/1.1" 200 61320 "-" "Mozilla/5.0 Gecko/20100115 Firefox/3.6" 
173.211.79.115 - - [15/Aug/2019:14:59:21 -0700] "HEAD / HTTP/1.1" 200 346 "-" "python-requests/2.19.1" 
172.83.43.132 - - [15/Aug/2019:15:00:31 -0700] "GET / HTTP/1.1" 200 12429 "-" "Vienna/7074 (Macintosh; Intel macOS 10_13_6)" 
216.244.66.245 - - [15/Aug/2019:15:02:48 -0700] "GET /robots.txt HTTP/1.1" 200 244 "-" "Mozilla/5.0 (compatible; DotBot/1.1; http://www.opensiteexplorer.org/dotbot, help@moz.com)" 
38.18.33.9 - - [15/Aug/2019:15:04:37 -0700] "HEAD / HTTP/1.1" 200 346 "-" "python-requests/2.19.1" 
17.58.100.39 - - [15/Aug/2019:15:04:52 -0700] "GET /robots.txt HTTP/1.1" 200 244 "-" "Mozilla/5.0 (Macintosh; Intel Mac OS X 10_10_1) AppleWebKit/600.2.5 (KHTML, like Gecko) Version/8.0.2 Safari/600.2.5 (Applebot/0.1; +http://www.apple.com/go/applebot)" 
17.58.97.103 - - [15/Aug/2019:15:04:54 -0700] "GET /self.logs/2016/ HTTP/1.1" 200 7737 "-" "Mozilla/5.0 (Macintosh; Intel Mac OS X 10_10_1) AppleWebKit/600.2.5 (KHTML, like Gecko) Version/8.0.2 Safari/600.2.5 (Applebot/0.1; +http://www.apple.com/go/applebot)" 
216.41.144.207 - - [15/Aug/2019:15:06:11 -0700] "HEAD / HTTP/1.1" 200 346 "-" "python-requests/2.19.1" 
38.18.37.46 - - [15/Aug/2019:15:12:19 -0700] "HEAD / HTTP/1.1" 200 346 "-" "python-requests/2.19.1" 
67.203.6.154 - - [15/Aug/2019:15:13:12 -0700] "HEAD / HTTP/1.1" 200 346 "-" "python-requests/2.19.1" 
206.180.177.205 - - [15/Aug/2019:15:13:16 -0700] "HEAD / HTTP/1.1" 200 346 "-" "python-requests/2.19.1" 
67.203.6.181 - - [15/Aug/2019:15:15:24 -0700] "HEAD / HTTP/1.1" 200 346 "-" "python-requests/2.19.1" 
206.180.187.31 - - [15/Aug/2019:15:15:45 -0700] "HEAD / HTTP/1.1" 200 346 "-" "python-requests/2.19.1" 
67.214.166.195 - - [15/Aug/2019:15:16:38 -0700] "HEAD / HTTP/1.1" 200 346 "-" "python-requests/2.19.1" 
67.227.33.170 - - [15/Aug/2019:15:16:41 -0700] "HEAD / HTTP/1.1" 200 346 "-" "python-requests/2.19.1" 
73.158.187.146 - - [15/Aug/2019:15:17:22 -0700] "GET / HTTP/1.1" 301 475 "-" "Mozilla/5.0 (Macintosh; Intel Mac OS X 10_13_6) AppleWebKit/537.36 (KHTML, like Gecko) Chrome/76.0.3809.100 Safari/537.36" 
73.158.187.146 - - [15/Aug/2019:15:17:23 -0700] "GET / HTTP/1.1" 200 12429 "-" "Mozilla/5.0 (Macintosh; Intel Mac OS X 10_13_6) AppleWebKit/537.36 (KHTML, like Gecko) Chrome/76.0.3809.100 Safari/537.36" 
73.158.187.146 - - [15/Aug/2019:15:17:23 -0700] "GET /css/style.css HTTP/1.1" 404 271 "http://www.secrepo.com/" "Mozilla/5.0 (Macintosh; Intel Mac OS X 10_13_6) AppleWebKit/537.36 (KHTML, like Gecko) Chrome/76.0.3809.100 Safari/537.36" 
73.158.187.146 - - [15/Aug/2019:15:17:23 -0700] "GET /twitter-icon.png HTTP/1.1" 200 27787 "http://www.secrepo.com/" "Mozilla/5.0 (Macintosh; Intel Mac OS X 10_13_6) AppleWebKit/537.36 (KHTML, like Gecko) Chrome/76.0.3809.100 Safari/537.36" 
73.158.187.146 - - [15/Aug/2019:15:17:24 -0700] "GET /GitHub-Mark.png HTTP/1.1" 200 7427 "http://www.secrepo.com/" "Mozilla/5.0 (Macintosh; Intel Mac OS X 10_13_6) AppleWebKit/537.36 (KHTML, like Gecko) Chrome/76.0.3809.100 Safari/537.36" 
73.158.187.146 - - [15/Aug/2019:15:17:26 -0700] "GET /bootstrap/img/favicon.ico HTTP/1.1" 200 624 "http://www.secrepo.com/" "Mozilla/5.0 (Macintosh; Intel Mac OS X 10_13_6) AppleWebKit/537.36 (KHTML, like Gecko) Chrome/76.0.3809.100 Safari/537.36" 
38.18.51.235 - - [15/Aug/2019:15:18:50 -0700] "HEAD / HTTP/1.1" 200 346 "-" "python-requests/2.19.1" 
38.18.32.193 - - [15/Aug/2019:15:19:17 -0700] "HEAD / HTTP/1.1" 200 346 "-" "python-requests/2.19.1" 
216.244.66.245 - - [15/Aug/2019:15:19:19 -0700] "GET /self.logs/error.log.2019-01-07.gz HTTP/1.1" 200 7248 "-" "Mozilla/5.0 (compatible; DotBot/1.1; http://www.opensiteexplorer.org/dotbot, help@moz.com)" 
216.244.66.245 - - [15/Aug/2019:15:19:23 -0700] "GET /self.logs/error.log.2019-01-13.gz HTTP/1.1" 200 3900 "-" "Mozilla/5.0 (compatible; DotBot/1.1; http://www.opensiteexplorer.org/dotbot, help@moz.com)" 
216.41.146.185 - - [15/Aug/2019:15:20:03 -0700] "HEAD / HTTP/1.1" 200 346 "-" "python-requests/2.19.1" 
206.180.175.79 - - [15/Aug/2019:15:20:12 -0700] "HEAD / HTTP/1.1" 200 346 "-" "python-requests/2.19.1" 
216.41.155.40 - - [15/Aug/2019:15:22:23 -0700] "HEAD / HTTP/1.1" 200 346 "-" "python-requests/2.19.1" 
216.41.152.21 - - [15/Aug/2019:15:22:46 -0700] "HEAD / HTTP/1.1" 200 346 "-" "python-requests/2.19.1" 
38.18.55.28 - - [15/Aug/2019:15:23:44 -0700] "HEAD / HTTP/1.1" 200 346 "-" "python-requests/2.19.1" 
173.211.79.57 - - [15/Aug/2019:15:25:53 -0700] "HEAD / HTTP/1.1" 200 346 "-" "python-requests/2.19.1" 
173.211.77.134 - - [15/Aug/2019:15:26:14 -0700] "HEAD / HTTP/1.1" 200 346 "-" "python-requests/2.19.1" 
38.18.59.158 - - [15/Aug/2019:15:27:10 -0700] "HEAD / HTTP/1.1" 200 346 "-" "python-requests/2.19.1" 
199.207.253.96 - - [15/Aug/2019:15:29:02 -0700] "GET /squid/access.log.gz HTTP/1.1" 304 178 "-" "Mozilla/5.0 (Macintosh; Intel Mac OS X 10_13_6) AppleWebKit/605.1.15 (KHTML, like Gecko) Version/12.1 Safari/605.1.15" 
38.18.50.179 - - [15/Aug/2019:15:29:18 -0700] "HEAD / HTTP/1.1" 200 346 "-" "python-requests/2.19.1" 
23.254.8.149 - - [15/Aug/2019:15:41:57 -0700] "GET /honeypot/Honeypot%20-%20Howto.pdf HTTP/1.1" 200 1279396 "http://www.secrepo.com/" "Mozilla/5.0 (Windows NT 10.0; Win64; x64) AppleWebKit/537.36 (KHTML, like Gecko) Chrome/52.0.2743.116 Safari/537.36 Edge/2F3EA5A0" 
175.43.244.114 - - [15/Aug/2019:15:49:18 -0700] "GET / HTTP/1.1" 200 12429 "-" "Mozilla/5.0 (Windows NT 10.0; Win64; x64) AppleWebKit/537.36 (KHTML, like Gecko) Chrome/76.0.3809.100 Safari/537.36" 
175.43.244.114 - - [15/Aug/2019:15:49:19 -0700] "GET /css/style.css HTTP/1.1" 404 271 "http://www.secrepo.com/" "Mozilla/5.0 (Windows NT 10.0; Win64; x64) AppleWebKit/537.36 (KHTML, like Gecko) Chrome/76.0.3809.100 Safari/537.36" 
175.43.244.114 - - [15/Aug/2019:15:49:19 -0700] "GET /twitter-icon.png HTTP/1.1" 200 27787 "http://www.secrepo.com/" "Mozilla/5.0 (Windows NT 10.0; Win64; x64) AppleWebKit/537.36 (KHTML, like Gecko) Chrome/76.0.3809.100 Safari/537.36" 
175.43.244.114 - - [15/Aug/2019:15:49:20 -0700] "GET /GitHub-Mark.png HTTP/1.1" 200 7427 "http://www.secrepo.com/" "Mozilla/5.0 (Windows NT 10.0; Win64; x64) AppleWebKit/537.36 (KHTML, like Gecko) Chrome/76.0.3809.100 Safari/537.36" 
162.210.196.129 - - [15/Aug/2019:15:49:56 -0700] "GET /robots.txt HTTP/1.1" 301 495 "-" "Mozilla/5.0 (compatible; MJ12bot/v1.4.8; http://mj12bot.com/)" 
162.210.196.129 - - [15/Aug/2019:15:49:58 -0700] "GET /robots.txt HTTP/1.1" 200 288 "-" "Mozilla/5.0 (compatible; MJ12bot/v1.4.8; http://mj12bot.com/)" 
162.210.196.129 - - [15/Aug/2019:15:50:01 -0700] "GET / HTTP/1.1" 301 419 "-" "Mozilla/5.0 (compatible; MJ12bot/v1.4.8; http://mj12bot.com/)" 
162.210.196.129 - - [15/Aug/2019:15:50:08 -0700] "GET / HTTP/1.1" 200 12385 "-" "Mozilla/5.0 (compatible; MJ12bot/v1.4.8; http://mj12bot.com/)" 
162.210.196.129 - - [15/Aug/2019:15:50:13 -0700] "GET / HTTP/1.1" 200 12385 "-" "Mozilla/5.0 (compatible; MJ12bot/v1.4.8; http://mj12bot.com/)" 
34.66.152.224 - - [15/Aug/2019:15:52:10 -0700] "GET / HTTP/1.0" 301 438 "-" "Mozilla/5.0 (iPad; U; CPU OS 3_2 like Mac OS X; en-us) AppleWebKit/531.21.10 (KHTML, like Gecko) Version/4.0.4 Mobile/7B334b Safari/531.21.102011-10-16 20:23:10" 
34.66.152.224 - - [15/Aug/2019:15:52:11 -0700] "GET / HTTP/1.0" 200 46568 "-" "Mozilla/5.0 (iPad; U; CPU OS 3_2 like Mac OS X; en-us) AppleWebKit/531.21.10 (KHTML, like Gecko) Version/4.0.4 Mobile/7B334b Safari/531.21.102011-10-16 20:23:10" 
34.66.152.224 - - [15/Aug/2019:15:52:12 -0700] "GET / HTTP/1.0" 301 438 "-" "Mozilla/5.0 (iPad; U; CPU OS 3_2 like Mac OS X; en-us) AppleWebKit/531.21.10 (KHTML, like Gecko) Version/4.0.4 Mobile/7B334b Safari/531.21.102011-10-16 20:23:10" 
34.66.152.224 - - [15/Aug/2019:15:52:12 -0700] "GET / HTTP/1.0" 200 46568 "-" "Mozilla/5.0 (iPad; U; CPU OS 3_2 like Mac OS X; en-us) AppleWebKit/531.21.10 (KHTML, like Gecko) Version/4.0.4 Mobile/7B334b Safari/531.21.102011-10-16 20:23:10" 
157.55.39.202 - - [15/Aug/2019:15:54:15 -0700] "GET /self.logs/2015/?C=M;O=D HTTP/1.1" 200 7871 "-" "Mozilla/5.0 (compatible; bingbot/2.0; +http://www.bing.com/bingbot.htm)" 
38.18.51.235 - - [15/Aug/2019:15:54:57 -0700] "HEAD / HTTP/1.1" 200 346 "-" "python-requests/2.19.1" 
206.180.175.79 - - [15/Aug/2019:15:58:27 -0700] "HEAD / HTTP/1.1" 200 346 "-" "python-requests/2.19.1" 
38.18.55.28 - - [15/Aug/2019:15:59:14 -0700] "HEAD / HTTP/1.1" 200 346 "-" "python-requests/2.19.1" 
172.83.43.132 - - [15/Aug/2019:16:01:16 -0700] "GET / HTTP/1.1" 200 12430 "-" "Vienna/7074 (Macintosh; Intel macOS 10_13_6)" 
113.171.224.176 - - [15/Aug/2019:16:07:08 -0700] "GET /honeypot/Honeypot%20-%20Howto.pdf HTTP/1.1" 200 61320 "-" "Mozilla/5.0 Gecko/20100115 Firefox/3.6" 
173.211.79.115 - - [15/Aug/2019:16:07:32 -0700] "HEAD / HTTP/1.1" 200 346 "-" "python-requests/2.19.1" 
93.146.44.140 - - [15/Aug/2019:16:10:14 -0700] "GET / HTTP/1.1" 200 12430 "-" "Mozilla/5.0 (Linux; Android 8.0.0; ZTE A2017G) AppleWebKit/537.36 (KHTML, like Gecko) Chrome/76.0.3809.111 Mobile Safari/537.36" 
93.146.44.140 - - [15/Aug/2019:16:10:14 -0700] "GET /css/style.css HTTP/1.1" 404 271 "http://www.secrepo.com/" "Mozilla/5.0 (Linux; Android 8.0.0; ZTE A2017G) AppleWebKit/537.36 (KHTML, like Gecko) Chrome/76.0.3809.111 Mobile Safari/537.36" 
93.146.44.140 - - [15/Aug/2019:16:10:14 -0700] "GET /twitter-icon.png HTTP/1.1" 200 27787 "http://www.secrepo.com/" "Mozilla/5.0 (Linux; Android 8.0.0; ZTE A2017G) AppleWebKit/537.36 (KHTML, like Gecko) Chrome/76.0.3809.111 Mobile Safari/537.36" 
93.146.44.140 - - [15/Aug/2019:16:10:14 -0700] "GET /GitHub-Mark.png HTTP/1.1" 200 7450 "http://www.secrepo.com/" "Mozilla/5.0 (Linux; Android 8.0.0; ZTE A2017G) AppleWebKit/537.36 (KHTML, like Gecko) Chrome/76.0.3809.111 Mobile Safari/537.36" 
93.146.44.140 - - [15/Aug/2019:16:10:17 -0700] "GET /bootstrap/img/favicon.ico HTTP/1.1" 200 624 "http://www.secrepo.com/" "Mozilla/5.0 (Linux; Android 8.0.0; ZTE A2017G) AppleWebKit/537.36 (KHTML, like Gecko) Chrome/76.0.3809.111 Mobile Safari/537.36" 
38.18.33.9 - - [15/Aug/2019:16:11:07 -0700] "HEAD / HTTP/1.1" 200 346 "-" "python-requests/2.19.1" 
38.18.51.235 - - [15/Aug/2019:16:11:57 -0700] "HEAD / HTTP/1.1" 200 346 "-" "python-requests/2.19.1" 
216.41.144.207 - - [15/Aug/2019:16:12:36 -0700] "HEAD / HTTP/1.1" 200 346 "-" "python-requests/2.19.1" 
38.18.37.46 - - [15/Aug/2019:16:14:42 -0700] "HEAD / HTTP/1.1" 200 346 "-" "python-requests/2.19.1" 
67.203.6.154 - - [15/Aug/2019:16:15:30 -0700] "HEAD / HTTP/1.1" 200 346 "-" "python-requests/2.19.1" 
206.180.177.205 - - [15/Aug/2019:16:16:06 -0700] "HEAD / HTTP/1.1" 200 346 "-" "python-requests/2.19.1" 
67.203.6.181 - - [15/Aug/2019:16:16:33 -0700] "HEAD / HTTP/1.1" 200 346 "-" "python-requests/2.19.1" 
206.180.175.79 - - [15/Aug/2019:16:18:08 -0700] "HEAD / HTTP/1.1" 200 346 "-" "python-requests/2.19.1" 
206.180.187.31 - - [15/Aug/2019:16:18:59 -0700] "HEAD / HTTP/1.1" 200 346 "-" "python-requests/2.19.1" 
67.214.166.195 - - [15/Aug/2019:16:19:35 -0700] "HEAD / HTTP/1.1" 200 346 "-" "python-requests/2.19.1" 
38.18.55.28 - - [15/Aug/2019:16:20:11 -0700] "HEAD / HTTP/1.1" 200 346 "-" "python-requests/2.19.1" 
67.227.33.170 - - [15/Aug/2019:16:21:33 -0700] "HEAD / HTTP/1.1" 200 346 "-" "python-requests/2.19.1" 
38.18.32.193 - - [15/Aug/2019:16:22:31 -0700] "HEAD / HTTP/1.1" 200 346 "-" "python-requests/2.19.1" 
216.41.146.185 - - [15/Aug/2019:16:23:05 -0700] "HEAD / HTTP/1.1" 200 346 "-" "python-requests/2.19.1" 
216.41.155.40 - - [15/Aug/2019:16:23:34 -0700] "HEAD / HTTP/1.1" 200 346 "-" "python-requests/2.19.1" 
216.41.152.21 - - [15/Aug/2019:16:25:58 -0700] "HEAD / HTTP/1.1" 200 346 "-" "python-requests/2.19.1" 
173.211.79.57 - - [15/Aug/2019:16:26:43 -0700] "HEAD / HTTP/1.1" 200 346 "-" "python-requests/2.19.1" 
38.18.59.158 - - [15/Aug/2019:16:27:01 -0700] "HEAD / HTTP/1.1" 200 346 "-" "python-requests/2.19.1" 
173.211.77.134 - - [15/Aug/2019:16:30:35 -0700] "HEAD / HTTP/1.1" 200 346 "-" "python-requests/2.19.1" 
100.43.90.103 - - [15/Aug/2019:16:41:43 -0700] "GET /robots.txt HTTP/1.1" 200 288 "-" "Mozilla/5.0 (compatible; YandexBot/3.0; +http://yandex.com/bots)" 
100.43.90.103 - - [15/Aug/2019:16:41:47 -0700] "GET /honeypot/BSidesDFW%20-%202014.ipynb HTTP/1.1" 200 166380 "-" "Mozilla/5.0 (compatible; YandexBot/3.0; +http://yandex.com/bots)" 
100.43.90.103 - - [15/Aug/2019:16:41:57 -0700] "GET /self.logs/access.log.2019-07-15 HTTP/1.1" 200 212910 "-" "Mozilla/5.0 (compatible; YandexBot/3.0; +http://yandex.com/bots)" 
157.55.39.202 - - [15/Aug/2019:16:53:09 -0700] "GET /self.logs/?C=D;O=A HTTP/1.1" 200 17589 "-" "Mozilla/5.0 (compatible; bingbot/2.0; +http://www.bing.com/bingbot.htm)" 
38.18.51.235 - - [15/Aug/2019:16:55:21 -0700] "HEAD / HTTP/1.1" 200 346 "-" "python-requests/2.19.1" 
206.180.175.79 - - [15/Aug/2019:16:56:23 -0700] "HEAD /self.logs/ HTTP/1.1" 200 194 "-" "python-requests/2.19.1" 
14.215.176.144 - - [15/Aug/2019:16:59:25 -0700] "GET / HTTP/1.1" 200 12430 "http://www.baidu.com/s?wd=shooty7x" "Mozilla/5.0 (Windows NT 6.1; WOW64; rv:43.0) Gecko/20100101 Firefox/43.0" 
14.215.176.144 - - [15/Aug/2019:16:59:25 -0700] "GET /css/style.css HTTP/1.1" 404 271 "http://www.secrepo.com/" "Mozilla/5.0 (Windows NT 6.1; WOW64; rv:43.0) Gecko/20100101 Firefox/43.0" 
172.83.43.132 - - [15/Aug/2019:17:00:59 -0700] "GET / HTTP/1.1" 200 12429 "-" "Vienna/7074 (Macintosh; Intel macOS 10_13_6)" 
113.171.224.176 - - [15/Aug/2019:17:08:50 -0700] "GET /honeypot/Honeypot%20-%20Howto.pdf HTTP/1.1" 200 61320 "-" "Mozilla/5.0 Gecko/20100115 Firefox/3.6" 
173.211.79.115 - - [15/Aug/2019:17:09:09 -0700] "HEAD / HTTP/1.1" 200 346 "-" "python-requests/2.19.1" 
38.18.33.9 - - [15/Aug/2019:17:11:41 -0700] "HEAD / HTTP/1.1" 200 346 "-" "python-requests/2.19.1" 
38.18.51.235 - - [15/Aug/2019:17:13:20 -0700] "HEAD / HTTP/1.1" 200 346 "-" "python-requests/2.19.1" 
206.180.175.79 - - [15/Aug/2019:17:14:27 -0700] "HEAD / HTTP/1.1" 200 346 "-" "python-requests/2.19.1" 
38.18.55.28 - - [15/Aug/2019:17:14:29 -0700] "HEAD / HTTP/1.1" 200 346 "-" "python-requests/2.19.1" 
173.211.79.57 - - [15/Aug/2019:17:15:01 -0700] "HEAD / HTTP/1.1" 200 346 "-" "python-requests/2.19.1" 
216.41.144.207 - - [15/Aug/2019:17:15:20 -0700] "HEAD / HTTP/1.1" 200 346 "-" "python-requests/2.19.1" 
38.18.59.158 - - [15/Aug/2019:17:15:57 -0700] "HEAD / HTTP/1.1" 200 346 "-" "python-requests/2.19.1" 
38.18.37.46 - - [15/Aug/2019:17:16:04 -0700] "HEAD / HTTP/1.1" 200 346 "-" "python-requests/2.19.1" 
67.203.6.154 - - [15/Aug/2019:17:16:07 -0700] "HEAD / HTTP/1.1" 200 346 "-" "python-requests/2.19.1" 
216.244.66.245 - - [15/Aug/2019:17:16:28 -0700] "GET /robots.txt HTTP/1.1" 200 244 "-" "Mozilla/5.0 (compatible; DotBot/1.1; http://www.opensiteexplorer.org/dotbot, help@moz.com)" 
38.18.50.179 - - [15/Aug/2019:17:16:35 -0700] "HEAD / HTTP/1.1" 200 346 "-" "python-requests/2.19.1" 
108.62.9.239 - - [15/Aug/2019:17:17:14 -0700] "HEAD / HTTP/1.1" 200 346 "-" "python-requests/2.19.1" 
206.180.177.205 - - [15/Aug/2019:17:17:25 -0700] "HEAD / HTTP/1.1" 200 346 "-" "python-requests/2.19.1" 
67.203.6.181 - - [15/Aug/2019:17:17:52 -0700] "HEAD / HTTP/1.1" 200 346 "-" "python-requests/2.19.1" 
206.180.187.31 - - [15/Aug/2019:17:17:57 -0700] "HEAD / HTTP/1.1" 200 346 "-" "python-requests/2.19.1" 
67.214.166.195 - - [15/Aug/2019:17:18:05 -0700] "HEAD / HTTP/1.1" 200 346 "-" "python-requests/2.19.1" 
67.227.33.170 - - [15/Aug/2019:17:18:35 -0700] "HEAD / HTTP/1.1" 200 346 "-" "python-requests/2.19.1" 
38.18.32.193 - - [15/Aug/2019:17:19:16 -0700] "HEAD / HTTP/1.1" 200 346 "-" "python-requests/2.19.1" 
38.18.36.2 - - [15/Aug/2019:17:19:33 -0700] "HEAD / HTTP/1.1" 200 346 "-" "python-requests/2.19.1" 
206.180.173.58 - - [15/Aug/2019:17:19:37 -0700] "HEAD / HTTP/1.1" 200 346 "-" "python-requests/2.19.1" 
216.41.146.185 - - [15/Aug/2019:17:20:03 -0700] "HEAD / HTTP/1.1" 200 346 "-" "python-requests/2.19.1" 
38.18.47.114 - - [15/Aug/2019:17:20:41 -0700] "HEAD / HTTP/1.1" 200 346 "-" "python-requests/2.19.1" 
216.41.147.190 - - [15/Aug/2019:17:20:52 -0700] "HEAD / HTTP/1.1" 200 346 "-" "python-requests/2.19.1" 
38.18.41.6 - - [15/Aug/2019:17:21:18 -0700] "HEAD / HTTP/1.1" 200 346 "-" "python-requests/2.19.1" 
216.41.155.40 - - [15/Aug/2019:17:21:20 -0700] "HEAD / HTTP/1.1" 200 346 "-" "python-requests/2.19.1" 
38.18.50.105 - - [15/Aug/2019:17:21:33 -0700] "HEAD / HTTP/1.1" 200 346 "-" "python-requests/2.19.1" 
206.180.185.29 - - [15/Aug/2019:17:22:03 -0700] "HEAD / HTTP/1.1" 200 346 "-" "python-requests/2.19.1" 
216.41.152.21 - - [15/Aug/2019:17:22:51 -0700] "HEAD / HTTP/1.1" 200 346 "-" "python-requests/2.19.1" 
173.211.77.134 - - [15/Aug/2019:17:22:58 -0700] "HEAD / HTTP/1.1" 200 346 "-" "python-requests/2.19.1" 
38.18.52.149 - - [15/Aug/2019:17:23:09 -0700] "HEAD / HTTP/1.1" 200 346 "-" "python-requests/2.19.1" 
67.227.39.65 - - [15/Aug/2019:17:23:33 -0700] "HEAD / HTTP/1.1" 200 346 "-" "python-requests/2.19.1" 
216.41.151.180 - - [15/Aug/2019:17:24:05 -0700] "HEAD / HTTP/1.1" 200 346 "-" "python-requests/2.19.1" 
38.18.32.73 - - [15/Aug/2019:17:24:25 -0700] "HEAD / HTTP/1.1" 200 346 "-" "python-requests/2.19.1" 
220.181.108.108 - - [15/Aug/2019:17:24:27 -0700] "GET / HTTP/1.1" 301 438 "-" "Mozilla/5.0 (compatible; Baiduspider/2.0; +http://www.baidu.com/search/spider.html)" 
220.181.108.182 - - [15/Aug/2019:17:24:28 -0700] "GET / HTTP/1.1" 200 12392 "-" "Mozilla/5.0 (compatible; Baiduspider/2.0; +http://www.baidu.com/search/spider.html)" 
111.206.198.103 - - [15/Aug/2019:17:24:29 -0700] "GET /css/style.css HTTP/1.1" 404 250 "http://www.secrepo.com/" "Mozilla/5.0 (compatible; Baiduspider-render/2.0; +http://www.baidu.com/search/spider.html)" 
38.18.45.1 - - [15/Aug/2019:17:24:55 -0700] "HEAD / HTTP/1.1" 200 346 "-" "python-requests/2.19.1" 
38.18.32.109 - - [15/Aug/2019:17:24:56 -0700] "HEAD / HTTP/1.1" 200 346 "-" "python-requests/2.19.1" 
38.18.60.86 - - [15/Aug/2019:17:25:10 -0700] "HEAD / HTTP/1.1" 200 346 "-" "python-requests/2.19.1" 
23.19.80.51 - - [15/Aug/2019:17:25:29 -0700] "HEAD / HTTP/1.1" 200 346 "-" "python-requests/2.19.1" 
23.82.166.58 - - [15/Aug/2019:17:26:20 -0700] "HEAD / HTTP/1.1" 200 346 "-" "python-requests/2.19.1" 
38.18.54.2 - - [15/Aug/2019:17:26:28 -0700] "HEAD / HTTP/1.1" 200 346 "-" "python-requests/2.19.1" 
206.180.186.78 - - [15/Aug/2019:17:26:45 -0700] "HEAD / HTTP/1.1" 200 346 "-" "python-requests/2.19.1" 
173.211.79.254 - - [15/Aug/2019:17:26:59 -0700] "HEAD / HTTP/1.1" 200 346 "-" "python-requests/2.19.1" 
38.18.57.253 - - [15/Aug/2019:17:27:31 -0700] "HEAD / HTTP/1.1" 200 346 "-" "python-requests/2.19.1" 
38.18.59.103 - - [15/Aug/2019:17:27:56 -0700] "HEAD / HTTP/1.1" 200 346 "-" "python-requests/2.19.1" 
42.236.101.214 - - [15/Aug/2019:17:28:13 -0700] "GET / HTTP/1.1" 200 12429 "http://www.secrepo.com/" "Mozilla/5.0 (Windows NT 6.1; WOW64) AppleWebKit/537.36 (KHTML, like Gecko) Chrome/50.0.2661.102 Safari/537.36; 360Spider" 
216.41.150.215 - - [15/Aug/2019:17:28:19 -0700] "HEAD / HTTP/1.1" 200 346 "-" "python-requests/2.19.1" 
38.18.48.37 - - [15/Aug/2019:17:28:28 -0700] "HEAD / HTTP/1.1" 200 346 "-" "python-requests/2.19.1" 
173.211.78.206 - - [15/Aug/2019:17:29:02 -0700] "HEAD / HTTP/1.1" 200 346 "-" "python-requests/2.19.1" 
172.241.83.187 - - [15/Aug/2019:17:30:02 -0700] "HEAD / HTTP/1.1" 200 346 "-" "python-requests/2.19.1" 
38.18.53.235 - - [15/Aug/2019:17:30:12 -0700] "HEAD / HTTP/1.1" 200 346 "-" "python-requests/2.19.1" 
66.102.6.157 - - [15/Aug/2019:17:30:22 -0700] "GET / HTTP/1.1" 200 12430 "-" "Mozilla/5.0 (X11; Linux x86_64) AppleWebKit/537.36 (KHTML, like Gecko) Chrome/49.0.2623.75 Safari/537.36 Google Favicon" 
66.102.6.156 - - [15/Aug/2019:17:30:22 -0700] "GET /bootstrap/img/favicon.ico HTTP/1.1" 200 624 "-" "Mozilla/5.0 (X11; Linux x86_64) AppleWebKit/537.36 (KHTML, like Gecko) Chrome/49.0.2623.75 Safari/537.36 Google Favicon" 
38.18.58.46 - - [15/Aug/2019:17:31:01 -0700] "HEAD / HTTP/1.1" 200 346 "-" "python-requests/2.19.1" 
216.244.66.245 - - [15/Aug/2019:17:33:32 -0700] "GET /self.logs/access.log.2019-02-03.gz HTTP/1.1" 200 13487 "-" "Mozilla/5.0 (compatible; DotBot/1.1; http://www.opensiteexplorer.org/dotbot, help@moz.com)" 
157.55.39.80 - - [15/Aug/2019:17:35:13 -0700] "GET /maccdc2012/conn.log.gz HTTP/1.1" 200 10959560 "-" "Mozilla/5.0 (compatible; bingbot/2.0; +http://www.bing.com/bingbot.htm)" 
46.21.158.71 - - [15/Aug/2019:17:54:49 -0700] "GET / HTTP/1.1" 200 12429 "-" "Mozilla/5.0 (Macintosh; Intel Mac OS X 10_14_6) AppleWebKit/605.1.15 (KHTML, like Gecko)" 
46.21.158.71 - - [15/Aug/2019:17:54:50 -0700] "GET /apple-touch-icon-precomposed.png HTTP/1.1" 404 294 "-" "Safari%20%E6%B5%8F%E8%A7%88%E5%99%A8/14607.3.9 CFNetwork/978.0.7 Darwin/18.7.0 (x86_64)" 
46.21.158.71 - - [15/Aug/2019:17:54:50 -0700] "GET /apple-touch-icon.png HTTP/1.1" 404 294 "-" "Safari%20%E6%B5%8F%E8%A7%88%E5%99%A8/14607.3.9 CFNetwork/978.0.7 Darwin/18.7.0 (x86_64)" 
46.21.158.71 - - [15/Aug/2019:17:54:51 -0700] "GET /bootstrap/img/favicon.ico HTTP/1.1" 200 624 "-" "Safari%20%E6%B5%8F%E8%A7%88%E5%99%A8/14607.3.9 CFNetwork/978.0.7 Darwin/18.7.0 (x86_64)" 
46.21.158.71 - - [15/Aug/2019:17:54:51 -0700] "GET / HTTP/1.1" 200 12429 "-" "Mozilla/5.0 (iPhone; CPU iPhone OS 12_1_3 like Mac OS X) AppleWebKit/605.1.15 (KHTML, like Gecko) Version/12.0 Mobile/15E148 Safari/604.1" 
46.21.158.71 - - [15/Aug/2019:17:54:51 -0700] "GET /apple-touch-icon-precomposed.png HTTP/1.1" 404 294 "-" "Safari%20%E6%B5%8F%E8%A7%88%E5%99%A8/14607.3.9 CFNetwork/978.0.7 Darwin/18.7.0 (x86_64)" 
46.21.158.71 - - [15/Aug/2019:17:54:52 -0700] "GET /apple-touch-icon.png HTTP/1.1" 404 294 "-" "Safari%20%E6%B5%8F%E8%A7%88%E5%99%A8/14607.3.9 CFNetwork/978.0.7 Darwin/18.7.0 (x86_64)" 
46.21.158.71 - - [15/Aug/2019:17:54:52 -0700] "GET /bootstrap/img/favicon.ico HTTP/1.1" 200 624 "-" "Safari%20%E6%B5%8F%E8%A7%88%E5%99%A8/14607.3.9 CFNetwork/978.0.7 Darwin/18.7.0 (x86_64)" 
175.136.249.61 - - [15/Aug/2019:17:55:52 -0700] "GET /bootstrap/img/favicon.ico HTTP/1.1" 200 624 "-" "Mozilla/5.0 (Windows NT 10.0; Win64; x64; rv:60.0) Gecko/20100101 Firefox/60.0" 
38.18.51.235 - - [15/Aug/2019:17:59:27 -0700] "HEAD /self.logs/ HTTP/1.1" 200 194 "-" "python-requests/2.19.1" 
173.211.79.115 - - [15/Aug/2019:18:00:00 -0700] "HEAD / HTTP/1.1" 200 346 "-" "python-requests/2.19.1" 
206.180.175.79 - - [15/Aug/2019:18:00:12 -0700] "HEAD / HTTP/1.1" 200 346 "-" "python-requests/2.19.1" 
38.18.55.28 - - [15/Aug/2019:18:00:23 -0700] "HEAD / HTTP/1.1" 200 346 "-" "python-requests/2.19.1" 
216.244.66.245 - - [15/Aug/2019:18:01:01 -0700] "GET /robots.txt HTTP/1.1" 200 244 "-" "Mozilla/5.0 (compatible; DotBot/1.1; http://www.opensiteexplorer.org/dotbot, help@moz.com)" 
172.83.43.132 - - [15/Aug/2019:18:01:32 -0700] "GET / HTTP/1.1" 200 12430 "-" "Vienna/7074 (Macintosh; Intel macOS 10_13_6)" 
106.120.188.155 - - [15/Aug/2019:18:05:36 -0700] "GET /robots.txt HTTP/1.1" 200 251 "-" "Sogou web spider/4.0(+http://www.sogou.com/docs/help/webmasters.htm#07)" 
93.124.77.43 - - [15/Aug/2019:18:05:39 -0700] "GET / HTTP/1.1" 404 0 "http://www.secrepo.com/" "Mozilla/4.0 (compatible; MSIE 6.0; Windows NT 5.1; SV1)" 
207.46.13.55 - - [15/Aug/2019:18:12:21 -0700] "GET / HTTP/1.1" 301 475 "-" "Mozilla/5.0 (compatible; bingbot/2.0; +http://www.bing.com/bingbot.htm)" 
113.171.224.176 - - [15/Aug/2019:18:13:51 -0700] "GET /honeypot/Honeypot%20-%20Howto.pdf HTTP/1.1" 200 61320 "-" "Mozilla/5.0 Gecko/20100115 Firefox/3.6" 
58.250.125.83 - - [15/Aug/2019:18:14:24 -0700] "GET /robots.txt HTTP/1.1" 200 251 "-" "Sogou web spider/4.0(+http://www.sogou.com/docs/help/webmasters.htm#07)" 
58.250.125.83 - - [15/Aug/2019:18:14:24 -0700] "GET / HTTP/1.1" 200 12393 "-" "Sogou web spider/4.0(+http://www.sogou.com/docs/help/webmasters.htm#07)" 
207.46.13.55 - - [15/Aug/2019:18:15:31 -0700] "GET / HTTP/1.1" 200 12430 "-" "Mozilla/5.0 (compatible; bingbot/2.0; +http://www.bing.com/bingbot.htm)" 
173.211.79.115 - - [15/Aug/2019:18:17:52 -0700] "HEAD / HTTP/1.1" 200 346 "-" "python-requests/2.19.1" 
216.244.66.245 - - [15/Aug/2019:18:17:56 -0700] "GET /self.logs/error.log.2019-01-19.gz HTTP/1.1" 200 4306 "-" "Mozilla/5.0 (compatible; DotBot/1.1; http://www.opensiteexplorer.org/dotbot, help@moz.com)" 
38.18.33.9 - - [15/Aug/2019:18:18:07 -0700] "HEAD / HTTP/1.1" 200 346 "-" "python-requests/2.19.1" 
199.116.174.43 - - [15/Aug/2019:18:18:35 -0700] "GET / HTTP/1.1" 200 12430 "-" "Mozilla/5.0 (Macintosh; Intel Mac OS X 10_14_3) AppleWebKit/537.36 (KHTML, like Gecko) Chrome/72.0.3626.121 Safari/537.36" 
199.116.174.43 - - [15/Aug/2019:18:18:36 -0700] "GET /css/style.css HTTP/1.1" 404 294 "http://www.secrepo.com/" "Mozilla/5.0 (Macintosh; Intel Mac OS X 10_14_3) AppleWebKit/537.36 (KHTML, like Gecko) Chrome/72.0.3626.121 Safari/537.36" 
199.116.174.43 - - [15/Aug/2019:18:18:39 -0700] "GET /twitter-icon.png HTTP/1.1" 200 27810 "http://www.secrepo.com/" "Mozilla/5.0 (Macintosh; Intel Mac OS X 10_14_3) AppleWebKit/537.36 (KHTML, like Gecko) Chrome/72.0.3626.121 Safari/537.36" 
199.116.174.43 - - [15/Aug/2019:18:18:39 -0700] "GET /GitHub-Mark.png HTTP/1.1" 200 7450 "http://www.secrepo.com/" "Mozilla/5.0 (Macintosh; Intel Mac OS X 10_14_3) AppleWebKit/537.36 (KHTML, like Gecko) Chrome/72.0.3626.121 Safari/537.36" 
199.116.174.43 - - [15/Aug/2019:18:18:54 -0700] "GET /bootstrap/img/favicon.ico HTTP/1.1" 200 624 "http://www.secrepo.com/" "Mozilla/5.0 (Macintosh; Intel Mac OS X 10_14_3) AppleWebKit/537.36 (KHTML, like Gecko) Chrome/72.0.3626.121 Safari/537.36" 
38.18.51.235 - - [15/Aug/2019:18:18:58 -0700] "HEAD / HTTP/1.1" 200 346 "-" "python-requests/2.19.1" 
27.186.192.18 - - [15/Aug/2019:18:19:49 -0700] "GET /favicon.ico HTTP/1.1" 200 302 "-" "Mozilla/5.0 (Windows NT 10.0; WOW64) AppleWebKit/537.36 (KHTML, like Gecko) Chrome/49.0.2623.221 Safari/537.36 SE 2.X MetaSr 1.0" 
216.41.144.207 - - [15/Aug/2019:18:21:07 -0700] "HEAD / HTTP/1.1" 200 346 "-" "python-requests/2.19.1" 
206.180.175.79 - - [15/Aug/2019:18:21:25 -0700] "HEAD / HTTP/1.1" 200 346 "-" "python-requests/2.19.1" 
38.18.37.46 - - [15/Aug/2019:18:21:39 -0700] "HEAD / HTTP/1.1" 200 346 "-" "python-requests/2.19.1" 
38.18.55.28 - - [15/Aug/2019:18:22:25 -0700] "HEAD / HTTP/1.1" 200 346 "-" "python-requests/2.19.1" 
173.211.79.57 - - [15/Aug/2019:18:24:34 -0700] "HEAD / HTTP/1.1" 200 346 "-" "python-requests/2.19.1" 
38.18.59.158 - - [15/Aug/2019:18:24:55 -0700] "HEAD / HTTP/1.1" 200 346 "-" "python-requests/2.19.1" 
38.18.50.179 - - [15/Aug/2019:18:25:14 -0700] "HEAD / HTTP/1.1" 200 346 "-" "python-requests/2.19.1" 
108.62.9.239 - - [15/Aug/2019:18:25:52 -0700] "HEAD / HTTP/1.1" 200 346 "-" "python-requests/2.19.1" 
38.18.36.2 - - [15/Aug/2019:18:28:01 -0700] "HEAD / HTTP/1.1" 200 346 "-" "python-requests/2.19.1" 
206.180.173.58 - - [15/Aug/2019:18:28:31 -0700] "HEAD / HTTP/1.1" 200 346 "-" "python-requests/2.19.1" 
67.203.6.154 - - [15/Aug/2019:18:28:32 -0700] "HEAD / HTTP/1.1" 200 346 "-" "python-requests/2.19.1" 
206.180.177.205 - - [15/Aug/2019:18:29:26 -0700] "HEAD / HTTP/1.1" 200 346 "-" "python-requests/2.19.1" 
67.203.6.181 - - [15/Aug/2019:18:31:29 -0700] "HEAD / HTTP/1.1" 200 346 "-" "python-requests/2.19.1" 
206.180.187.31 - - [15/Aug/2019:18:32:01 -0700] "HEAD / HTTP/1.1" 200 346 "-" "python-requests/2.19.1" 
38.18.47.114 - - [15/Aug/2019:18:32:09 -0700] "HEAD / HTTP/1.1" 200 346 "-" "python-requests/2.19.1" 
40.77.167.158 - - [15/Aug/2019:18:32:28 -0700] "GET /Datasets%20Description/Network/http.html HTTP/1.1" 200 1630 "-" "Mozilla/5.0 (iPhone; CPU iPhone OS 7_0 like Mac OS X) AppleWebKit/537.51.1 (KHTML, like Gecko) Version/7.0 Mobile/11A465 Safari/9537.53 (compatible; bingbot/2.0; +http://www.bing.com/bingbot.htm)" 
216.41.147.190 - - [15/Aug/2019:18:35:02 -0700] "HEAD / HTTP/1.1" 200 346 "-" "python-requests/2.19.1" 
27.186.192.18 - - [15/Aug/2019:18:39:08 -0700] "GET /favicon.ico HTTP/1.1" 200 302 "-" "Mozilla/5.0 (Windows NT 10.0; WOW64) AppleWebKit/537.36 (KHTML, like Gecko) Chrome/49.0.2623.221 Safari/537.36 SE 2.X MetaSr 1.0" 
216.244.66.245 - - [15/Aug/2019:18:45:33 -0700] "GET /robots.txt HTTP/1.1" 200 244 "-" "Mozilla/5.0 (compatible; DotBot/1.1; http://www.opensiteexplorer.org/dotbot, help@moz.com)" 
172.83.43.132 - - [15/Aug/2019:19:01:12 -0700] "GET / HTTP/1.1" 200 12429 "-" "Vienna/7074 (Macintosh; Intel macOS 10_13_6)" 
173.211.79.115 - - [15/Aug/2019:19:04:43 -0700] "HEAD /self.logs/ HTTP/1.1" 200 194 "-" "python-requests/2.19.1" 
38.18.33.9 - - [15/Aug/2019:19:04:53 -0700] "HEAD / HTTP/1.1" 200 346 "-" "python-requests/2.19.1" 
216.41.144.207 - - [15/Aug/2019:19:05:29 -0700] "HEAD / HTTP/1.1" 200 346 "-" "python-requests/2.19.1" 
38.18.51.235 - - [15/Aug/2019:19:08:14 -0700] "HEAD / HTTP/1.1" 200 346 "-" "python-requests/2.19.1" 
54.221.199.147 - - [15/Aug/2019:19:09:41 -0700] "GET / HTTP/1.1" 200 12385 "-" "Mozilla/5.0 (compatible; Embedly/0.2; +http://support.embed.ly/)" 
54.225.104.196 - - [15/Aug/2019:19:09:41 -0700] "GET /favicon.ico HTTP/1.1" 200 258 "-" "Mozilla/5.0 (compatible; Embedly/0.2; snap; +http://support.embed.ly/)" 
54.221.198.105 - - [15/Aug/2019:19:09:41 -0700] "GET /bootstrap/img/favicon.ico HTTP/1.1" 200 580 "-" "Mozilla/5.0 (compatible; Embedly/0.2; snap; +http://support.embed.ly/)" 
203.249.127.39 - - [15/Aug/2019:19:09:41 -0700] "GET / HTTP/1.1" 200 12429 "-" "Mozilla/5.0 (Windows NT 10.0; Win64; x64) AppleWebKit/537.36 (KHTML, like Gecko) Chrome/76.0.3809.100 Safari/537.36" 
203.249.127.39 - - [15/Aug/2019:19:09:41 -0700] "GET /css/style.css HTTP/1.1" 404 271 "http://www.secrepo.com/" "Mozilla/5.0 (Windows NT 10.0; Win64; x64) AppleWebKit/537.36 (KHTML, like Gecko) Chrome/76.0.3809.100 Safari/537.36" 
203.249.127.39 - - [15/Aug/2019:19:09:42 -0700] "GET /twitter-icon.png HTTP/1.1" 200 27787 "http://www.secrepo.com/" "Mozilla/5.0 (Windows NT 10.0; Win64; x64) AppleWebKit/537.36 (KHTML, like Gecko) Chrome/76.0.3809.100 Safari/537.36" 
203.249.127.39 - - [15/Aug/2019:19:09:42 -0700] "GET /GitHub-Mark.png HTTP/1.1" 200 7450 "http://www.secrepo.com/" "Mozilla/5.0 (Windows NT 10.0; Win64; x64) AppleWebKit/537.36 (KHTML, like Gecko) Chrome/76.0.3809.100 Safari/537.36" 
52.21.76.65 - - [15/Aug/2019:19:09:42 -0700] "GET /bootstrap/img/favicon.ico HTTP/1.1" 200 587 "-" "Embedly +support@embed.ly" 
203.249.127.39 - - [15/Aug/2019:19:09:43 -0700] "GET /bootstrap/img/favicon.ico HTTP/1.1" 200 601 "http://www.secrepo.com/" "Mozilla/5.0 (Windows NT 10.0; Win64; x64) AppleWebKit/537.36 (KHTML, like Gecko) Chrome/76.0.3809.100 Safari/537.36" 
162.241.148.253 - - [15/Aug/2019:19:10:44 -0700] "HEAD / HTTP/1.1" 200 280 "https://www.ilovephd.com" "Mozilla/5.0 (Windows NT 10.0; Win64; x64) AppleWebKit/537.36 (KHTML, like Gecko) Chrome/70.0.3538.102 Safari/537.36" 
216.244.66.245 - - [15/Aug/2019:19:12:50 -0700] "GET /c.zip HTTP/1.1" 404 250 "-" "Mozilla/5.0 (compatible; DotBot/1.1; http://www.opensiteexplorer.org/dotbot, help@moz.com)" 
38.18.37.46 - - [15/Aug/2019:19:13:59 -0700] "HEAD / HTTP/1.1" 200 346 "-" "python-requests/2.19.1" 
113.171.224.176 - - [15/Aug/2019:19:18:16 -0700] "GET /honeypot/Honeypot%20-%20Howto.pdf HTTP/1.1" 200 61320 "-" "Mozilla/5.0 Gecko/20100115 Firefox/3.6" 
67.203.6.154 - - [15/Aug/2019:19:21:25 -0700] "HEAD / HTTP/1.1" 200 346 "-" "python-requests/2.19.1" 
206.180.177.205 - - [15/Aug/2019:19:21:46 -0700] "HEAD / HTTP/1.1" 200 346 "-" "python-requests/2.19.1" 
67.203.6.181 - - [15/Aug/2019:19:22:47 -0700] "HEAD / HTTP/1.1" 200 346 "-" "python-requests/2.19.1" 
38.18.51.235 - - [15/Aug/2019:19:23:30 -0700] "HEAD / HTTP/1.1" 200 346 "-" "python-requests/2.19.1" 
206.180.187.31 - - [15/Aug/2019:19:25:02 -0700] "HEAD / HTTP/1.1" 200 346 "-" "python-requests/2.19.1" 
206.180.175.79 - - [15/Aug/2019:19:25:17 -0700] "HEAD / HTTP/1.1" 200 346 "-" "python-requests/2.19.1" 
67.214.166.195 - - [15/Aug/2019:19:25:22 -0700] "HEAD / HTTP/1.1" 200 346 "-" "python-requests/2.19.1" 
67.227.33.170 - - [15/Aug/2019:19:26:20 -0700] "HEAD / HTTP/1.1" 200 346 "-" "python-requests/2.19.1" 
38.18.55.28 - - [15/Aug/2019:19:27:06 -0700] "HEAD / HTTP/1.1" 200 346 "-" "python-requests/2.19.1" 
173.211.79.57 - - [15/Aug/2019:19:28:33 -0700] "HEAD / HTTP/1.1" 200 346 "-" "python-requests/2.19.1" 
38.18.32.193 - - [15/Aug/2019:19:28:51 -0700] "HEAD / HTTP/1.1" 200 346 "-" "python-requests/2.19.1" 
216.41.146.185 - - [15/Aug/2019:19:28:52 -0700] "HEAD / HTTP/1.1" 200 346 "-" "python-requests/2.19.1" 
38.18.59.158 - - [15/Aug/2019:19:29:47 -0700] "HEAD / HTTP/1.1" 200 346 "-" "python-requests/2.19.1" 
52.212.146.96 - - [15/Aug/2019:19:30:02 -0700] "GET /self.logs/access.log.2019-08-09.gz HTTP/1.1" 200 11867 "-" "python-requests/2.12.1" 
52.212.146.96 - - [15/Aug/2019:19:30:02 -0700] "GET /self.logs/access.log.2019-08-10.gz HTTP/1.1" 200 14825 "-" "python-requests/2.12.1" 
52.212.146.96 - - [15/Aug/2019:19:30:02 -0700] "GET /self.logs/access.log.2019-08-11.gz HTTP/1.1" 200 18610 "-" "python-requests/2.12.1" 
52.212.146.96 - - [15/Aug/2019:19:30:03 -0700] "GET /self.logs/access.log.2019-08-12.gz HTTP/1.1" 200 27376 "-" "python-requests/2.12.1" 
216.244.66.245 - - [15/Aug/2019:19:30:03 -0700] "GET /robots.txt HTTP/1.1" 200 244 "-" "Mozilla/5.0 (compatible; DotBot/1.1; http://www.opensiteexplorer.org/dotbot, help@moz.com)" 
52.212.146.96 - - [15/Aug/2019:19:30:03 -0700] "GET /self.logs/access.log.2019-08-13.gz HTTP/1.1" 404 294 "-" "python-requests/2.12.1" 
52.212.146.96 - - [15/Aug/2019:19:30:03 -0700] "GET /self.logs/access.log.2019-08-14.gz HTTP/1.1" 404 294 "-" "python-requests/2.12.1" 
52.212.146.96 - - [15/Aug/2019:19:30:03 -0700] "GET /self.logs/access.log.2019-08-15.gz HTTP/1.1" 404 294 "-" "python-requests/2.12.1" 
52.1.109.34 - - [15/Aug/2019:19:30:09 -0700] "GET /bootstrap/img/favicon.ico HTTP/1.1" 200 587 "-" "Embedly +support@embed.ly" 
216.41.155.40 - - [15/Aug/2019:19:30:34 -0700] "HEAD / HTTP/1.1" 200 346 "-" "python-requests/2.19.1" 
38.18.50.179 - - [15/Aug/2019:19:31:59 -0700] "HEAD / HTTP/1.1" 200 346 "-" "python-requests/2.19.1" 
108.62.9.239 - - [15/Aug/2019:19:32:13 -0700] "HEAD / HTTP/1.1" 200 346 "-" "python-requests/2.19.1" 
216.41.152.21 - - [15/Aug/2019:19:32:21 -0700] "HEAD / HTTP/1.1" 200 346 "-" "python-requests/2.19.1" 
38.18.36.2 - - [15/Aug/2019:19:33:13 -0700] "HEAD / HTTP/1.1" 200 346 "-" "python-requests/2.19.1" 
173.211.77.134 - - [15/Aug/2019:19:34:12 -0700] "HEAD / HTTP/1.1" 200 346 "-" "python-requests/2.19.1" 
206.180.173.58 - - [15/Aug/2019:19:35:27 -0700] "HEAD / HTTP/1.1" 200 346 "-" "python-requests/2.19.1" 
157.55.39.80 - - [15/Aug/2019:19:35:33 -0700] "GET /GitHub-Mark.png HTTP/1.1" 200 7450 "-" "Mozilla/5.0 (compatible; bingbot/2.0; +http://www.bing.com/bingbot.htm)" 
38.18.52.149 - - [15/Aug/2019:19:35:38 -0700] "HEAD / HTTP/1.1" 200 346 "-" "python-requests/2.19.1" 
38.18.47.114 - - [15/Aug/2019:19:35:47 -0700] "HEAD / HTTP/1.1" 200 346 "-" "python-requests/2.19.1" 
67.227.39.65 - - [15/Aug/2019:19:36:54 -0700] "HEAD / HTTP/1.1" 200 346 "-" "python-requests/2.19.1" 
216.41.151.180 - - [15/Aug/2019:19:37:37 -0700] "HEAD / HTTP/1.1" 200 346 "-" "python-requests/2.19.1" 
38.18.60.86 - - [15/Aug/2019:19:39:28 -0700] "HEAD / HTTP/1.1" 200 346 "-" "python-requests/2.19.1" 
106.120.188.155 - - [15/Aug/2019:19:44:06 -0700] "GET / HTTP/1.1" 200 12429 "http://www.sogou.com/web?query=site%3Awww.secrepo.com" "Mozilla/5.0 (Windows NT 6.1; Win64; x64) AppleWebKit/537.36 (KHTML, like Gecko) Chrome/74.0.3729.169 Safari/537.36" 
106.120.188.155 - - [15/Aug/2019:19:44:07 -0700] "GET /css/style.css HTTP/1.1" 404 271 "http://www.secrepo.com/" "Mozilla/5.0 (Windows NT 6.1; Win64; x64) AppleWebKit/537.36 (KHTML, like Gecko) Chrome/74.0.3729.169 Safari/537.36" 
106.120.188.155 - - [15/Aug/2019:19:44:07 -0700] "GET /twitter-icon.png HTTP/1.1" 200 27787 "http://www.secrepo.com/" "Mozilla/5.0 (Windows NT 6.1; Win64; x64) AppleWebKit/537.36 (KHTML, like Gecko) Chrome/74.0.3729.169 Safari/537.36" 
106.120.188.155 - - [15/Aug/2019:19:44:07 -0700] "GET /GitHub-Mark.png HTTP/1.1" 200 7450 "http://www.secrepo.com/" "Mozilla/5.0 (Windows NT 6.1; Win64; x64) AppleWebKit/537.36 (KHTML, like Gecko) Chrome/74.0.3729.169 Safari/537.36" 
216.244.66.245 - - [15/Aug/2019:19:46:30 -0700] "GET /self.logs/error.log.2019-01-10.gz HTTP/1.1" 200 5974 "-" "Mozilla/5.0 (compatible; DotBot/1.1; http://www.opensiteexplorer.org/dotbot, help@moz.com)" 
54.89.138.32 - - [15/Aug/2019:20:11:21 -0700] "GET / HTTP/1.1" 200 12385 "-" "Mozilla/5.0 (compatible; startmebot/1.0; +https://start.me/bot)" 
38.18.51.235 - - [15/Aug/2019:20:14:08 -0700] "HEAD / HTTP/1.1" 200 346 "-" "python-requests/2.19.1" 
216.244.66.245 - - [15/Aug/2019:20:14:44 -0700] "GET /robots.txt HTTP/1.1" 200 244 "-" "Mozilla/5.0 (compatible; DotBot/1.1; http://www.opensiteexplorer.org/dotbot, help@moz.com)" 
206.180.175.79 - - [15/Aug/2019:20:17:48 -0700] "HEAD / HTTP/1.1" 200 346 "-" "python-requests/2.19.1" 
173.211.79.115 - - [15/Aug/2019:20:21:00 -0700] "HEAD / HTTP/1.1" 200 346 "-" "python-requests/2.19.1" 
38.18.55.28 - - [15/Aug/2019:20:22:10 -0700] "HEAD / HTTP/1.1" 200 346 "-" "python-requests/2.19.1" 
38.18.33.9 - - [15/Aug/2019:20:24:15 -0700] "HEAD / HTTP/1.1" 200 346 "-" "python-requests/2.19.1" 
216.41.144.207 - - [15/Aug/2019:20:24:21 -0700] "HEAD / HTTP/1.1" 200 346 "-" "python-requests/2.19.1" 
38.18.37.46 - - [15/Aug/2019:20:24:26 -0700] "HEAD / HTTP/1.1" 200 346 "-" "python-requests/2.19.1" 
67.203.6.154 - - [15/Aug/2019:20:24:57 -0700] "HEAD / HTTP/1.1" 200 346 "-" "python-requests/2.19.1" 
206.180.177.205 - - [15/Aug/2019:20:24:59 -0700] "HEAD / HTTP/1.1" 200 346 "-" "python-requests/2.19.1" 
67.203.6.181 - - [15/Aug/2019:20:25:38 -0700] "HEAD / HTTP/1.1" 200 346 "-" "python-requests/2.19.1" 
113.171.224.176 - - [15/Aug/2019:20:25:40 -0700] "GET /honeypot/Honeypot%20-%20Howto.pdf HTTP/1.1" 200 61320 "-" "Mozilla/5.0 Gecko/20100115 Firefox/3.6" 
206.180.187.31 - - [15/Aug/2019:20:27:22 -0700] "HEAD / HTTP/1.1" 200 346 "-" "python-requests/2.19.1" 
173.211.79.57 - - [15/Aug/2019:20:27:48 -0700] "HEAD / HTTP/1.1" 200 346 "-" "python-requests/2.19.1" 
38.18.59.158 - - [15/Aug/2019:20:27:49 -0700] "HEAD / HTTP/1.1" 200 346 "-" "python-requests/2.19.1" 
38.18.50.179 - - [15/Aug/2019:20:27:50 -0700] "HEAD / HTTP/1.1" 200 346 "-" "python-requests/2.19.1" 
108.62.9.239 - - [15/Aug/2019:20:27:54 -0700] "HEAD / HTTP/1.1" 200 346 "-" "python-requests/2.19.1" 
38.18.36.2 - - [15/Aug/2019:20:28:25 -0700] "HEAD / HTTP/1.1" 200 346 "-" "python-requests/2.19.1" 
67.214.166.195 - - [15/Aug/2019:20:28:32 -0700] "HEAD / HTTP/1.1" 200 346 "-" "python-requests/2.19.1" 
206.180.173.58 - - [15/Aug/2019:20:28:56 -0700] "HEAD / HTTP/1.1" 200 346 "-" "python-requests/2.19.1" 
38.18.47.114 - - [15/Aug/2019:20:30:15 -0700] "HEAD / HTTP/1.1" 200 346 "-" "python-requests/2.19.1" 
216.41.147.190 - - [15/Aug/2019:20:30:57 -0700] "HEAD / HTTP/1.1" 200 346 "-" "python-requests/2.19.1" 
216.244.66.245 - - [15/Aug/2019:20:31:07 -0700] "GET /self.logs/error.log.2019-01-28.gz HTTP/1.1" 200 4766 "-" "Mozilla/5.0 (compatible; DotBot/1.1; http://www.opensiteexplorer.org/dotbot, help@moz.com)" 
67.227.33.170 - - [15/Aug/2019:20:31:14 -0700] "HEAD / HTTP/1.1" 200 346 "-" "python-requests/2.19.1" 
38.18.41.6 - - [15/Aug/2019:20:31:17 -0700] "HEAD / HTTP/1.1" 200 346 "-" "python-requests/2.19.1" 
38.18.50.105 - - [15/Aug/2019:20:31:24 -0700] "HEAD / HTTP/1.1" 200 346 "-" "python-requests/2.19.1" 
38.18.32.193 - - [15/Aug/2019:20:31:25 -0700] "HEAD / HTTP/1.1" 200 346 "-" "python-requests/2.19.1" 
206.180.185.29 - - [15/Aug/2019:20:32:00 -0700] "HEAD / HTTP/1.1" 200 346 "-" "python-requests/2.19.1" 
38.18.32.73 - - [15/Aug/2019:20:32:00 -0700] "HEAD / HTTP/1.1" 200 346 "-" "python-requests/2.19.1" 
216.41.146.185 - - [15/Aug/2019:20:32:31 -0700] "HEAD / HTTP/1.1" 200 346 "-" "python-requests/2.19.1" 
216.41.155.40 - - [15/Aug/2019:20:33:31 -0700] "HEAD / HTTP/1.1" 200 346 "-" "python-requests/2.19.1" 
38.18.45.1 - - [15/Aug/2019:20:34:18 -0700] "HEAD / HTTP/1.1" 200 346 "-" "python-requests/2.19.1" 
38.18.32.109 - - [15/Aug/2019:20:34:45 -0700] "HEAD / HTTP/1.1" 200 346 "-" "python-requests/2.19.1" 
23.82.166.58 - - [15/Aug/2019:20:34:48 -0700] "HEAD / HTTP/1.1" 200 346 "-" "python-requests/2.19.1" 
216.41.152.21 - - [15/Aug/2019:20:34:52 -0700] "HEAD / HTTP/1.1" 200 346 "-" "python-requests/2.19.1" 
206.180.186.78 - - [15/Aug/2019:20:34:57 -0700] "HEAD / HTTP/1.1" 200 346 "-" "python-requests/2.19.1" 
173.211.77.134 - - [15/Aug/2019:20:35:33 -0700] "HEAD / HTTP/1.1" 200 346 "-" "python-requests/2.19.1" 
38.18.52.149 - - [15/Aug/2019:20:35:37 -0700] "HEAD / HTTP/1.1" 200 346 "-" "python-requests/2.19.1" 
173.211.79.254 - - [15/Aug/2019:20:35:55 -0700] "HEAD / HTTP/1.1" 200 346 "-" "python-requests/2.19.1" 
38.18.57.253 - - [15/Aug/2019:20:37:03 -0700] "HEAD / HTTP/1.1" 200 346 "-" "python-requests/2.19.1" 
38.18.48.37 - - [15/Aug/2019:20:37:47 -0700] "HEAD / HTTP/1.1" 200 346 "-" "python-requests/2.19.1" 
173.211.78.206 - - [15/Aug/2019:20:38:25 -0700] "HEAD / HTTP/1.1" 200 346 "-" "python-requests/2.19.1" 
67.227.39.65 - - [15/Aug/2019:20:38:52 -0700] "HEAD / HTTP/1.1" 200 346 "-" "python-requests/2.19.1" 
