54.36.148.230 - - [28/Dec/2020:02:39:23 -0800] "GET /Datasets%20Description/HTML_Bro_log_2/?C=S;O=D HTTP/1.1" 200 783 "-" "Mozilla/5.0 (compatible; AhrefsBot/7.0; +http://ahrefs.com/robot/)" 
17.58.96.164 - - [28/Dec/2020:02:40:28 -0800] "GET /self.logs/error.log.2020-01-31 HTTP/1.1" 200 307 "-" "Mozilla/5.0 (Macintosh; Intel Mac OS X 10_15_5) AppleWebKit/605.1.15 (KHTML, like Gecko) Version/13.1.1 Safari/605.1.15 (Applebot/0.1; +http://www.apple.com/go/applebot)" 
114.119.150.248 - - [28/Dec/2020:02:41:08 -0800] "GET /self.logs/2015/access.log.2015-10-02.gz HTTP/1.1" 200 3868 "-" "Mozilla/5.0 (Linux; Android 7.0;) AppleWebKit/537.36 (KHTML, like Gecko) Mobile Safari/537.36 (compatible; PetalBot;+https://aspiegel.com/petalbot)" 
114.119.144.30 - - [28/Dec/2020:02:46:13 -0800] "GET /self.logs/error.log.2017-10-16.gz HTTP/1.1" 200 2293 "-" "Mozilla/5.0 (Linux; Android 7.0;) AppleWebKit/537.36 (KHTML, like Gecko) Mobile Safari/537.36 (compatible; PetalBot;+https://aspiegel.com/petalbot)" 
114.119.129.244 - - [28/Dec/2020:02:51:19 -0800] "GET /self.logs/2015/access.log.2015-03-16.gz HTTP/1.1" 200 8217 "-" "Mozilla/5.0 (Linux; Android 7.0;) AppleWebKit/537.36 (KHTML, like Gecko) Mobile Safari/537.36 (compatible; PetalBot;+https://aspiegel.com/petalbot)" 
94.211.10.73 - - [28/Dec/2020:02:55:49 -0800] "GET /GitHub-Mark.png HTTP/1.1" 200 7556 "-" "Mozilla/5.0 (Windows NT 10.0; Win64; x64) AppleWebKit/537.36 (KHTML, like Gecko) Chrome/87.0.4280.88 Safari/537.36" 
94.211.10.73 - - [28/Dec/2020:02:55:49 -0800] "GET /twitter-icon.png HTTP/1.1" 200 27916 "-" "Mozilla/5.0 (Windows NT 10.0; Win64; x64) AppleWebKit/537.36 (KHTML, like Gecko) Chrome/87.0.4280.88 Safari/537.36" 
114.119.130.95 - - [28/Dec/2020:02:56:26 -0800] "GET /self.logs/error.log.2018-05-28.gz HTTP/1.1" 200 5788 "-" "Mozilla/5.0 (Linux; Android 7.0;) AppleWebKit/537.36 (KHTML, like Gecko) Mobile Safari/537.36 (compatible; PetalBot;+https://aspiegel.com/petalbot)" 
195.74.76.194 - - [28/Dec/2020:02:59:50 -0800] "GET /twitter-icon.png HTTP/1.1" 200 27916 "-" "Mozilla/5.0 (X11; Linux x86_64) AppleWebKit/537.36 (KHTML, like Gecko) HeadlessChrome/78.0.3882.0 Safari/537.36" 
195.74.76.194 - - [28/Dec/2020:02:59:50 -0800] "GET /GitHub-Mark.png HTTP/1.1" 200 7556 "-" "Mozilla/5.0 (X11; Linux x86_64) AppleWebKit/537.36 (KHTML, like Gecko) HeadlessChrome/78.0.3882.0 Safari/537.36" 
173.242.124.14 - - [28/Dec/2020:03:01:01 -0800] "GET /self.logs/ HTTP/1.1" 200 26627 "https://www.google.com/" "Mozilla/5.0 (Windows NT 10.0; Win64; x64) AppleWebKit/537.36 (KHTML, like Gecko) Chrome/87.0.4280.88 Safari/537.36" 
173.242.124.14 - - [28/Dec/2020:03:01:02 -0800] "GET /favicon.ico HTTP/1.1" 200 354 "http://www.secrepo.com/self.logs/" "Mozilla/5.0 (Windows NT 10.0; Win64; x64) AppleWebKit/537.36 (KHTML, like Gecko) Chrome/87.0.4280.88 Safari/537.36" 
114.119.144.30 - - [28/Dec/2020:03:01:31 -0800] "GET /self.logs/error.log.2018-09-08.gz HTTP/1.1" 200 4842 "-" "Mozilla/5.0 (Linux; Android 7.0;) AppleWebKit/537.36 (KHTML, like Gecko) Mobile Safari/537.36 (compatible; PetalBot;+https://aspiegel.com/petalbot)" 
207.46.13.45 - - [28/Dec/2020:03:01:58 -0800] "GET /Datasets%20Description/HTML_Bro_log_1/ftp.html HTTP/1.1" 200 1765 "-" "Mozilla/5.0 (compatible; bingbot/2.0; +http://www.bing.com/bingbot.htm)" 
114.119.141.53 - - [28/Dec/2020:03:06:37 -0800] "GET /self.logs/error.log.2019-04-06.gz HTTP/1.1" 200 6598 "-" "Mozilla/5.0 (Linux; Android 7.0;) AppleWebKit/537.36 (KHTML, like Gecko) Mobile Safari/537.36 (compatible; PetalBot;+https://aspiegel.com/petalbot)" 
114.119.150.248 - - [28/Dec/2020:03:11:43 -0800] "GET /self.logs/2015/error.log.2015-06-27.gz HTTP/1.1" 200 1014 "-" "Mozilla/5.0 (Linux; Android 7.0;) AppleWebKit/537.36 (KHTML, like Gecko) Mobile Safari/537.36 (compatible; PetalBot;+https://aspiegel.com/petalbot)" 
54.36.148.30 - - [28/Dec/2020:03:13:56 -0800] "GET /Datasets%20Description/Network/?C=N;O=D HTTP/1.1" 200 721 "-" "Mozilla/5.0 (compatible; AhrefsBot/7.0; +http://ahrefs.com/robot/)" 
114.119.144.30 - - [28/Dec/2020:03:16:49 -0800] "GET /self.logs/2015/error.log.2015-10-10.gz HTTP/1.1" 200 910 "-" "Mozilla/5.0 (Linux; Android 7.0;) AppleWebKit/537.36 (KHTML, like Gecko) Mobile Safari/537.36 (compatible; PetalBot;+https://aspiegel.com/petalbot)" 
114.119.157.43 - - [28/Dec/2020:03:21:57 -0800] "GET /self.logs/access.log.2017-01-27.gz HTTP/1.1" 200 18293 "-" "Mozilla/5.0 (Linux; Android 7.0;) AppleWebKit/537.36 (KHTML, like Gecko) Mobile Safari/537.36 (compatible; PetalBot;+https://aspiegel.com/petalbot)" 
37.115.113.0 - - [28/Dec/2020:03:22:10 -0800] "GET / HTTP/1.1" 200 48020 "https://infobanks.ru/" "Mozilla/5.0 (Windows NT 5.1; U; en) Opera 8.00" 
37.115.113.0 - - [28/Dec/2020:03:22:10 -0800] "GET / HTTP/1.1" 200 48020 "https://1001desert.com/" "Mozilla/1.22 (compatible; MSIE 2.0d; Windows NT)" 
37.115.113.0 - - [28/Dec/2020:03:22:11 -0800] "GET / HTTP/1.1" 200 48020 "https://infobanks.ru/" "Mozilla/5.0 (Windows NT 5.1; U; en) Opera 8.00" 
37.115.113.0 - - [28/Dec/2020:03:22:11 -0800] "GET / HTTP/1.1" 200 48020 "https://1001desert.com/" "Mozilla/1.22 (compatible; MSIE 2.0d; Windows NT)" 
115.60.57.237 - - [28/Dec/2020:03:23:45 -0800] "GET /favicon.ico HTTP/1.1" 200 391 "-" "Mozilla/5.0 (Windows NT 10.0; WOW64) AppleWebKit/537.36 (KHTML, like Gecko) Chrome/78.0.3904.108 Safari/537.36" 
114.119.129.244 - - [28/Dec/2020:03:27:03 -0800] "GET /self.logs/2015/error.log.2015-09-08.gz HTTP/1.1" 200 802 "-" "Mozilla/5.0 (Linux; Android 7.0;) AppleWebKit/537.36 (KHTML, like Gecko) Mobile Safari/537.36 (compatible; PetalBot;+https://aspiegel.com/petalbot)" 
36.112.105.163 - - [28/Dec/2020:03:28:06 -0800] "GET /bootstrap/img/favicon.ico HTTP/1.1" 304 263 "-" "Mozilla/5.0 (Macintosh; Intel Mac OS X 10_15_6) AppleWebKit/537.36 (KHTML, like Gecko) Chrome/87.0.4280.67 Safari/537.36" 
13.66.139.71 - - [28/Dec/2020:03:33:06 -0800] "GET / HTTP/1.1" 301 475 "-" "Mozilla/5.0 (compatible; bingbot/2.0; +http://www.bing.com/bingbot.htm)" 
104.248.38.109 - - [28/Dec/2020:03:35:38 -0800] "GET / HTTP/1.1" 301 438 "-" "Mozilla/5.0 (Windows NT 10.0; WOW64) AppleWebKit/537.36 (KHTML, like Gecko) Chrome/87.0.4280.88 Safari/537.36 Vivaldi/3.5" 
114.119.155.228 - - [28/Dec/2020:03:37:15 -0800] "GET /self.logs/access.log.2017-06-08.gz HTTP/1.1" 200 19809 "-" "Mozilla/5.0 (Linux; Android 7.0;) AppleWebKit/537.36 (KHTML, like Gecko) Mobile Safari/537.36 (compatible; PetalBot;+https://aspiegel.com/petalbot)" 
66.249.66.198 - - [28/Dec/2020:03:41:06 -0800] "GET /robots.txt HTTP/1.1" 301 495 "-" "Mozilla/5.0 (compatible; Googlebot/2.1; +http://www.google.com/bot.html)" 
66.249.66.85 - - [28/Dec/2020:03:41:06 -0800] "GET /robots.txt HTTP/1.1" 200 377 "-" "Mozilla/5.0 (compatible; Googlebot/2.1; +http://www.google.com/bot.html)" 
66.249.66.197 - - [28/Dec/2020:03:41:07 -0800] "GET /ads.txt HTTP/1.1" 301 489 "-" "Mozilla/5.0 (compatible; Googlebot/2.1; +http://www.google.com/bot.html)" 
114.119.155.228 - - [28/Dec/2020:03:42:20 -0800] "GET /self.logs/2015/access.log.2015-10-16.gz HTTP/1.1" 200 6351 "-" "Mozilla/5.0 (Linux; Android 7.0;) AppleWebKit/537.36 (KHTML, like Gecko) Mobile Safari/537.36 (compatible; PetalBot;+https://aspiegel.com/petalbot)" 
178.159.37.104 - - [28/Dec/2020:03:45:03 -0800] "GET / HTTP/1.1" 200 48020 "https://badavit.com.ua/" "Mozilla/4.0 (compatible; MSIE 6.0; Windows NT 5.1; .NET CLR 1.1.4322)" 
178.159.37.104 - - [28/Dec/2020:03:45:04 -0800] "GET / HTTP/1.1" 200 48020 "https://badavit.com.ua/" "Mozilla/4.0 (compatible; MSIE 6.0; Windows NT 5.1; .NET CLR 1.1.4322)" 
178.159.37.104 - - [28/Dec/2020:03:45:04 -0800] "GET / HTTP/1.1" 200 48020 "https://badavit.com.ua/" "Mozilla/4.0 (compatible; MSIE 6.0; Windows NT 5.1; .NET CLR 1.1.4322)" 
114.119.129.244 - - [28/Dec/2020:03:47:27 -0800] "GET /self.logs/2015/error.log.2015-02-27.gz HTTP/1.1" 200 925 "-" "Mozilla/5.0 (Linux; Android 7.0;) AppleWebKit/537.36 (KHTML, like Gecko) Mobile Safari/537.36 (compatible; PetalBot;+https://aspiegel.com/petalbot)" 
13.66.139.39 - - [28/Dec/2020:03:48:13 -0800] "GET /self.logs/access.log.2017-01-02.gz HTTP/1.1" 200 26829 "-" "Mozilla/5.0 (compatible; bingbot/2.0; +http://www.bing.com/bingbot.htm)" 
17.58.96.164 - - [28/Dec/2020:03:48:37 -0800] "GET /self.logs/error.log.2020-02-25 HTTP/1.1" 200 307 "-" "Mozilla/5.0 (Macintosh; Intel Mac OS X 10_15_5) AppleWebKit/605.1.15 (KHTML, like Gecko) Version/13.1.1 Safari/605.1.15 (Applebot/0.1; +http://www.apple.com/go/applebot)" 
113.128.100.132 - - [28/Dec/2020:03:50:13 -0800] "GET /favicon.ico HTTP/1.1" 200 391 "-" "Mozilla/5.0 (Windows NT 10.0; WOW64) AppleWebKit/537.36 (KHTML, like Gecko) Chrome/78.0.3904.108 Safari/537.36" 
13.66.139.39 - - [28/Dec/2020:03:51:33 -0800] "GET /self.logs/access.log.2020-10-09.gz HTTP/1.1" 200 31079 "-" "Mozilla/5.0 (compatible; bingbot/2.0; +http://www.bing.com/bingbot.htm)" 
114.119.150.248 - - [28/Dec/2020:03:52:33 -0800] "GET /self.logs/error.log.2018-04-01.gz HTTP/1.1" 200 4446 "-" "Mozilla/5.0 (Linux; Android 7.0;) AppleWebKit/537.36 (KHTML, like Gecko) Mobile Safari/537.36 (compatible; PetalBot;+https://aspiegel.com/petalbot)" 
58.250.125.22 - - [28/Dec/2020:03:52:27 -0800] "GET /honeypot/BSidesDFW%20-%202014.ipynb HTTP/1.1" 200 930884 "-" "Sogou web spider/4.0(+http://www.sogou.com/docs/help/webmasters.htm#07)" 
114.119.129.244 - - [28/Dec/2020:04:02:45 -0800] "GET /self.logs/error.log.2017-09-18.gz HTTP/1.1" 200 2185 "-" "Mozilla/5.0 (Linux; Android 7.0;) AppleWebKit/537.36 (KHTML, like Gecko) Mobile Safari/537.36 (compatible; PetalBot;+https://aspiegel.com/petalbot)" 
157.55.39.174 - - [28/Dec/2020:04:07:52 -0800] "GET /self.logs/access.log.2017-11-08.gz HTTP/1.1" 304 280 "-" "Mozilla/5.0 (compatible; bingbot/2.0; +http://www.bing.com/bingbot.htm)" 
114.119.140.84 - - [28/Dec/2020:04:12:57 -0800] "GET /self.logs/2015/error.log.2015-07-15.gz HTTP/1.1" 200 846 "-" "Mozilla/5.0 (Linux; Android 7.0;) AppleWebKit/537.36 (KHTML, like Gecko) Mobile Safari/537.36 (compatible; PetalBot;+https://aspiegel.com/petalbot)" 
91.242.162.18 - - [28/Dec/2020:04:13:20 -0800] "GET /robots.txt HTTP/1.1" 200 340 "-" "Mozilla/5.0 (compatible; Qwantify/2.4w; +https://www.qwant.com/)" 
91.242.162.18 - - [28/Dec/2020:04:13:20 -0800] "GET /maccdc2012/maccdc2012_fast_alert.7z HTTP/1.1" 200 96360 "-" "Mozilla/5.0 (compatible; Qwantify/2.4w; +https://www.qwant.com/)" 
114.119.155.228 - - [28/Dec/2020:04:18:07 -0800] "GET /self.logs/2015/error.log.2015-09-28.gz HTTP/1.1" 200 836 "-" "Mozilla/5.0 (Linux; Android 7.0;) AppleWebKit/537.36 (KHTML, like Gecko) Mobile Safari/537.36 (compatible; PetalBot;+https://aspiegel.com/petalbot)" 
137.116.116.251 - - [28/Dec/2020:04:18:14 -0800] "GET /emergency.php HTTP/1.1" 301 501 "www.google.com" "Mozlila/5.0 (Linux; Android 7.0; SM-G892A Bulid/NRD90M; wv) AppleWebKit/537.36 (KHTML, like Gecko) Version/4.0 Chrome/60.0.3112.107 Moblie Safari/537.36" 
137.116.116.251 - - [28/Dec/2020:04:18:17 -0800] "GET /emergency.php HTTP/1.1" 404 328 "www.google.com" "Mozlila/5.0 (Linux; Android 7.0; SM-G892A Bulid/NRD90M; wv) AppleWebKit/537.36 (KHTML, like Gecko) Version/4.0 Chrome/60.0.3112.107 Moblie Safari/537.36" 
137.116.116.251 - - [28/Dec/2020:04:18:20 -0800] "GET /wp-content/themes/wp-update.php HTTP/1.1" 301 537 "www.google.com" "Mozlila/5.0 (Linux; Android 7.0; SM-G892A Bulid/NRD90M; wv) AppleWebKit/537.36 (KHTML, like Gecko) Version/4.0 Chrome/60.0.3112.107 Moblie Safari/537.36" 
137.116.116.251 - - [28/Dec/2020:04:18:47 -0800] "GET /wp-content/themes/wp-update.php HTTP/1.1" 404 328 "www.google.com" "Mozlila/5.0 (Linux; Android 7.0; SM-G892A Bulid/NRD90M; wv) AppleWebKit/537.36 (KHTML, like Gecko) Version/4.0 Chrome/60.0.3112.107 Moblie Safari/537.36" 
45.121.107.94 - - [28/Dec/2020:04:19:49 -0800] "HEAD /www.rar HTTP/1.1" 404 309 "-" "-" 
45.121.107.94 - - [28/Dec/2020:04:19:49 -0800] "HEAD /www.secrepo.com.rar HTTP/1.1" 404 231 "-" "-" 
45.121.107.94 - - [28/Dec/2020:04:19:49 -0800] "HEAD /www_secrepo_com.rar HTTP/1.1" 404 231 "-" "-" 
45.121.107.94 - - [28/Dec/2020:04:19:50 -0800] "HEAD /wwwsecrepocom.rar HTTP/1.1" 404 231 "-" "-" 
45.121.107.94 - - [28/Dec/2020:04:19:50 -0800] "HEAD /secrepo.com.rar HTTP/1.1" 404 231 "-" "-" 
45.121.107.94 - - [28/Dec/2020:04:19:50 -0800] "HEAD /secrepo_com.rar HTTP/1.1" 404 231 "-" "-" 
45.121.107.94 - - [28/Dec/2020:04:19:51 -0800] "HEAD /secrepocom.rar HTTP/1.1" 404 231 "-" "-" 
45.121.107.94 - - [28/Dec/2020:04:19:51 -0800] "HEAD /secrepo.rar HTTP/1.1" 404 231 "-" "-" 
45.121.107.94 - - [28/Dec/2020:04:19:52 -0800] "HEAD /www.zip HTTP/1.1" 404 231 "-" "-" 
45.121.107.94 - - [28/Dec/2020:04:19:52 -0800] "HEAD /www.secrepo.com.zip HTTP/1.1" 404 231 "-" "-" 
45.121.107.94 - - [28/Dec/2020:04:19:54 -0800] "HEAD /www_secrepo_com.zip HTTP/1.1" 404 231 "-" "-" 
45.121.107.94 - - [28/Dec/2020:04:19:54 -0800] "HEAD /wwwsecrepocom.zip HTTP/1.1" 404 231 "-" "-" 
45.121.107.94 - - [28/Dec/2020:04:19:54 -0800] "HEAD /secrepo.com.zip HTTP/1.1" 404 231 "-" "-" 
45.121.107.94 - - [28/Dec/2020:04:19:54 -0800] "HEAD /secrepo_com.zip HTTP/1.1" 404 231 "-" "-" 
45.121.107.94 - - [28/Dec/2020:04:19:56 -0800] "HEAD /secrepocom.zip HTTP/1.1" 404 231 "-" "-" 
45.121.107.94 - - [28/Dec/2020:04:19:56 -0800] "HEAD /secrepo.zip HTTP/1.1" 404 231 "-" "-" 
45.121.107.94 - - [28/Dec/2020:04:19:57 -0800] "HEAD /www.tar.gz HTTP/1.1" 404 231 "-" "-" 
45.121.107.94 - - [28/Dec/2020:04:19:57 -0800] "HEAD /www.secrepo.com.tar.gz HTTP/1.1" 404 231 "-" "-" 
45.121.107.94 - - [28/Dec/2020:04:19:58 -0800] "HEAD /www_secrepo_com.tar.gz HTTP/1.1" 404 231 "-" "-" 
45.121.107.94 - - [28/Dec/2020:04:19:58 -0800] "HEAD /wwwsecrepocom.tar.gz HTTP/1.1" 404 231 "-" "-" 
45.121.107.94 - - [28/Dec/2020:04:19:58 -0800] "HEAD /secrepo.com.tar.gz HTTP/1.1" 404 231 "-" "-" 
45.121.107.94 - - [28/Dec/2020:04:19:58 -0800] "HEAD /secrepo_com.tar.gz HTTP/1.1" 404 231 "-" "-" 
45.121.107.94 - - [28/Dec/2020:04:19:59 -0800] "HEAD /secrepocom.tar.gz HTTP/1.1" 404 231 "-" "-" 
45.121.107.94 - - [28/Dec/2020:04:19:59 -0800] "HEAD /secrepo.tar.gz HTTP/1.1" 404 231 "-" "-" 
45.121.107.94 - - [28/Dec/2020:04:19:59 -0800] "HEAD /wwwroot.rar HTTP/1.1" 404 231 "-" "-" 
45.121.107.94 - - [28/Dec/2020:04:19:59 -0800] "HEAD /wwwroot.zip HTTP/1.1" 404 231 "-" "-" 
45.121.107.94 - - [28/Dec/2020:04:19:59 -0800] "HEAD /wwwroot.tar.gz HTTP/1.1" 404 231 "-" "-" 
45.121.107.94 - - [28/Dec/2020:04:20:00 -0800] "HEAD /www.rar HTTP/1.1" 404 231 "-" "-" 
45.121.107.94 - - [28/Dec/2020:04:20:00 -0800] "HEAD /www.zip HTTP/1.1" 404 231 "-" "-" 
45.121.107.94 - - [28/Dec/2020:04:20:00 -0800] "HEAD /www.tar.gz HTTP/1.1" 404 231 "-" "-" 
45.121.107.94 - - [28/Dec/2020:04:20:00 -0800] "HEAD /web.rar HTTP/1.1" 404 231 "-" "-" 
45.121.107.94 - - [28/Dec/2020:04:20:01 -0800] "HEAD /web.zip HTTP/1.1" 404 231 "-" "-" 
45.121.107.94 - - [28/Dec/2020:04:20:01 -0800] "HEAD /web.tar.gz HTTP/1.1" 404 231 "-" "-" 
54.36.148.69 - - [28/Dec/2020:04:20:51 -0800] "GET /Datasets%20Description/HTML_Bro_log_1/app_stats.html HTTP/1.1" 200 1547 "-" "Mozilla/5.0 (compatible; AhrefsBot/7.0; +http://ahrefs.com/robot/)" 
54.36.149.49 - - [28/Dec/2020:04:22:03 -0800] "GET /Datasets%20Description/Network/http.html HTTP/1.1" 200 1665 "-" "Mozilla/5.0 (compatible; AhrefsBot/7.0; +http://ahrefs.com/robot/)" 
54.36.148.18 - - [28/Dec/2020:04:23:08 -0800] "GET /Datasets%20Description/HTML_Bro_log_2/files.html HTTP/1.1" 200 1866 "-" "Mozilla/5.0 (compatible; AhrefsBot/7.0; +http://ahrefs.com/robot/)" 
54.36.148.18 - - [28/Dec/2020:04:24:26 -0800] "GET /Datasets%20Description/HTML_Bro_log_3/irc.html HTTP/1.1" 200 1740 "-" "Mozilla/5.0 (compatible; AhrefsBot/7.0; +http://ahrefs.com/robot/)" 
54.36.148.18 - - [28/Dec/2020:04:25:41 -0800] "GET /self.logs/error.log.2017-03-14.gz HTTP/1.1" 200 1182 "-" "Mozilla/5.0 (compatible; AhrefsBot/7.0; +http://ahrefs.com/robot/)" 
54.36.148.18 - - [28/Dec/2020:04:26:52 -0800] "GET /Datasets%20Description/?C=M;O=D HTTP/1.1" 200 629 "-" "Mozilla/5.0 (compatible; AhrefsBot/7.0; +http://ahrefs.com/robot/)" 
54.36.148.18 - - [28/Dec/2020:04:28:03 -0800] "GET /self.logs/access.log.2017-06-21.gz HTTP/1.1" 200 25163 "-" "Mozilla/5.0 (compatible; AhrefsBot/7.0; +http://ahrefs.com/robot/)" 
77.75.76.167 - - [28/Dec/2020:04:28:29 -0800] "GET /robots.txt HTTP/1.1" 200 377 "-" "Mozilla/5.0 (compatible; SeznamBot/3.2; +http://napoveda.seznam.cz/en/seznambot-intro/)" 
77.75.76.167 - - [28/Dec/2020:04:28:30 -0800] "GET /Datasets%20Description/Network/dns.html HTTP/1.1" 304 277 "-" "Mozilla/5.0 (compatible; SeznamBot/3.2; +http://napoveda.seznam.cz/en/seznambot-intro/)" 
54.36.149.62 - - [28/Dec/2020:04:29:23 -0800] "GET /self.logs/error.log.2020-02-23.gz HTTP/1.1" 200 828 "-" "Mozilla/5.0 (compatible; AhrefsBot/7.0; +http://ahrefs.com/robot/)" 
54.36.148.209 - - [28/Dec/2020:04:30:36 -0800] "GET /self.logs/access.log.2017-01-12.gz HTTP/1.1" 200 78840 "-" "Mozilla/5.0 (compatible; AhrefsBot/7.0; +http://ahrefs.com/robot/)" 
54.36.149.49 - - [28/Dec/2020:04:31:52 -0800] "GET /self.logs/access.log.2017-10-05.gz HTTP/1.1" 200 29863 "-" "Mozilla/5.0 (compatible; AhrefsBot/7.0; +http://ahrefs.com/robot/)" 
54.36.148.18 - - [28/Dec/2020:04:33:02 -0800] "GET /self.logs/error.log.2020-02-29 HTTP/1.1" 200 307 "-" "Mozilla/5.0 (compatible; AhrefsBot/7.0; +http://ahrefs.com/robot/)" 
207.46.13.45 - - [28/Dec/2020:04:33:18 -0800] "GET /self.logs/access.log.2017-09-20.gz HTTP/1.1" 301 543 "-" "Mozilla/5.0 (compatible; bingbot/2.0; +http://www.bing.com/bingbot.htm)" 
114.119.155.228 - - [28/Dec/2020:04:33:23 -0800] "GET /self.logs/access.log.2017-01-18.gz HTTP/1.1" 200 15368 "-" "Mozilla/5.0 (Linux; Android 7.0;) AppleWebKit/537.36 (KHTML, like Gecko) Mobile Safari/537.36 (compatible; PetalBot;+https://aspiegel.com/petalbot)" 
54.36.148.134 - - [28/Dec/2020:04:34:16 -0800] "GET /self.logs/error.log.2017-12-29.gz HTTP/1.1" 200 2019 "-" "Mozilla/5.0 (compatible; AhrefsBot/7.0; +http://ahrefs.com/robot/)" 
54.36.149.62 - - [28/Dec/2020:04:35:33 -0800] "GET /self.logs/access.log.2018-10-19.gz HTTP/1.1" 200 18442 "-" "Mozilla/5.0 (compatible; AhrefsBot/7.0; +http://ahrefs.com/robot/)" 
54.36.148.142 - - [28/Dec/2020:04:36:48 -0800] "GET /self.logs/error.log.2020-06-17.gz HTTP/1.1" 200 937 "-" "Mozilla/5.0 (compatible; AhrefsBot/7.0; +http://ahrefs.com/robot/)" 
54.36.149.70 - - [28/Dec/2020:04:37:56 -0800] "GET /self.logs/access.log.2017-06-16.gz HTTP/1.1" 200 15905 "-" "Mozilla/5.0 (compatible; AhrefsBot/7.0; +http://ahrefs.com/robot/)" 
114.119.129.244 - - [28/Dec/2020:04:38:31 -0800] "GET /self.logs/2015/access.log.2015-11-14.gz HTTP/1.1" 200 5395 "-" "Mozilla/5.0 (Linux; Android 7.0;) AppleWebKit/537.36 (KHTML, like Gecko) Mobile Safari/537.36 (compatible; PetalBot;+https://aspiegel.com/petalbot)" 
54.36.148.130 - - [28/Dec/2020:04:40:29 -0800] "GET /self.logs/error.log.2019-03-08.gz HTTP/1.1" 200 5705 "-" "Mozilla/5.0 (compatible; AhrefsBot/7.0; +http://ahrefs.com/robot/)" 
54.36.149.62 - - [28/Dec/2020:04:43:10 -0800] "GET /self.logs/access.log.2017-10-14.gz HTTP/1.1" 200 17005 "-" "Mozilla/5.0 (compatible; AhrefsBot/7.0; +http://ahrefs.com/robot/)" 
17.58.96.153 - - [28/Dec/2020:04:43:24 -0800] "GET /self.logs/error.log.2020-02-29 HTTP/1.1" 200 307 "-" "Mozilla/5.0 (Macintosh; Intel Mac OS X 10_15_5) AppleWebKit/605.1.15 (KHTML, like Gecko) Version/13.1.1 Safari/605.1.15 (Applebot/0.1; +http://www.apple.com/go/applebot)" 
114.119.159.101 - - [28/Dec/2020:04:43:36 -0800] "GET /self.logs/2015/error.log.2015-12-02.gz HTTP/1.1" 200 721 "-" "Mozilla/5.0 (Linux; Android 7.0;) AppleWebKit/537.36 (KHTML, like Gecko) Mobile Safari/537.36 (compatible; PetalBot;+https://aspiegel.com/petalbot)" 
2.219.17.101 - - [28/Dec/2020:04:45:05 -0800] "GET / HTTP/1.1" 200 12882 "https://www.reddit.com/" "Mozilla/5.0 (Macintosh; Intel Mac OS X 11_1_0) AppleWebKit/537.36 (KHTML, like Gecko) Chrome/87.0.4280.88 Safari/537.36" 
2.219.17.101 - - [28/Dec/2020:04:45:05 -0800] "GET /css/style.css HTTP/1.1" 404 305 "http://www.secrepo.com/" "Mozilla/5.0 (Macintosh; Intel Mac OS X 11_1_0) AppleWebKit/537.36 (KHTML, like Gecko) Chrome/87.0.4280.88 Safari/537.36" 
2.219.17.101 - - [28/Dec/2020:04:45:05 -0800] "GET /twitter-icon.png HTTP/1.1" 200 27916 "http://www.secrepo.com/" "Mozilla/5.0 (Macintosh; Intel Mac OS X 11_1_0) AppleWebKit/537.36 (KHTML, like Gecko) Chrome/87.0.4280.88 Safari/537.36" 
2.219.17.101 - - [28/Dec/2020:04:45:05 -0800] "GET /GitHub-Mark.png HTTP/1.1" 200 7533 "http://www.secrepo.com/" "Mozilla/5.0 (Macintosh; Intel Mac OS X 11_1_0) AppleWebKit/537.36 (KHTML, like Gecko) Chrome/87.0.4280.88 Safari/537.36" 
2.219.17.101 - - [28/Dec/2020:04:45:05 -0800] "GET /bootstrap/img/favicon.ico HTTP/1.1" 200 690 "http://www.secrepo.com/" "Mozilla/5.0 (Macintosh; Intel Mac OS X 11_1_0) AppleWebKit/537.36 (KHTML, like Gecko) Chrome/87.0.4280.88 Safari/537.36" 
54.36.148.18 - - [28/Dec/2020:04:45:36 -0800] "GET /self.logs/error.log.2019-05-07.gz HTTP/1.1" 200 5146 "-" "Mozilla/5.0 (compatible; AhrefsBot/7.0; +http://ahrefs.com/robot/)" 
223.104.39.24 - - [28/Dec/2020:04:45:45 -0800] "GET / HTTP/1.1" 200 12883 "-" "Mozilla/5.0 (iPhone; CPU iPhone OS 13_1_3 like Mac OS X) AppleWebKit/605.1.15 (KHTML, like Gecko) Mobile/15E148 MicroMessenger/7.0.18(0x17001233) NetType/4G Language/zh_CN" 
223.104.39.24 - - [28/Dec/2020:04:45:47 -0800] "GET /css/style.css HTTP/1.1" 404 328 "http://www.secrepo.com/" "Mozilla/5.0 (iPhone; CPU iPhone OS 13_1_3 like Mac OS X) AppleWebKit/605.1.15 (KHTML, like Gecko) Mobile/15E148 MicroMessenger/7.0.18(0x17001233) NetType/4G Language/zh_CN" 
223.104.39.24 - - [28/Dec/2020:04:45:50 -0800] "GET /GitHub-Mark.png HTTP/1.1" 200 7556 "http://www.secrepo.com/" "Mozilla/5.0 (iPhone; CPU iPhone OS 13_1_3 like Mac OS X) AppleWebKit/605.1.15 (KHTML, like Gecko) Mobile/15E148 MicroMessenger/7.0.18(0x17001233) NetType/4G Language/zh_CN" 
223.104.39.24 - - [28/Dec/2020:04:45:51 -0800] "GET /twitter-icon.png HTTP/1.1" 200 27916 "http://www.secrepo.com/" "Mozilla/5.0 (iPhone; CPU iPhone OS 13_1_3 like Mac OS X) AppleWebKit/605.1.15 (KHTML, like Gecko) Mobile/15E148 MicroMessenger/7.0.18(0x17001233) NetType/4G Language/zh_CN" 
54.36.149.53 - - [28/Dec/2020:04:47:58 -0800] "GET /self.logs/access.log.2017-10-24.gz HTTP/1.1" 200 43534 "-" "Mozilla/5.0 (compatible; AhrefsBot/7.0; +http://ahrefs.com/robot/)" 
114.119.157.43 - - [28/Dec/2020:04:48:42 -0800] "GET /self.logs/error.log.2019-12-28.gz HTTP/1.1" 200 872 "-" "Mozilla/5.0 (Linux; Android 7.0;) AppleWebKit/537.36 (KHTML, like Gecko) Mobile Safari/537.36 (compatible; PetalBot;+https://aspiegel.com/petalbot)" 
54.36.148.18 - - [28/Dec/2020:04:50:37 -0800] "GET /self.logs/access.log.2019-09-16.gz HTTP/1.1" 200 19980 "-" "Mozilla/5.0 (compatible; AhrefsBot/7.0; +http://ahrefs.com/robot/)" 
54.36.149.40 - - [28/Dec/2020:04:52:57 -0800] "GET /self.logs/access.log.2017-06-24.gz HTTP/1.1" 200 33010 "-" "Mozilla/5.0 (compatible; AhrefsBot/7.0; +http://ahrefs.com/robot/)" 
101.91.60.106 - - [28/Dec/2020:04:54:57 -0800] "GET / HTTP/1.1" 200 48064 "-" "Mozilla/5.0 (iPhone; CPU iPhone OS 10_2_1 like Mac OS X) AppleWebKit/602.4.6 (KHTML, like Gecko) Mobile/14D27 MicroMessenger/6.5.5 NetType/WIFI Language/en" 
54.36.148.18 - - [28/Dec/2020:04:55:22 -0800] "GET /self.logs/access.log.2017-02-11.gz HTTP/1.1" 200 35606 "-" "Mozilla/5.0 (compatible; AhrefsBot/7.0; +http://ahrefs.com/robot/)" 
54.36.148.18 - - [28/Dec/2020:04:57:55 -0800] "GET /self.logs/access.log.2017-11-01.gz HTTP/1.1" 200 43325 "-" "Mozilla/5.0 (compatible; AhrefsBot/7.0; +http://ahrefs.com/robot/)" 
66.249.66.194 - - [28/Dec/2020:05:00:40 -0800] "GET / HTTP/1.1" 301 475 "-" "Mozilla/5.0 (Linux; Android 6.0.1; Nexus 5X Build/MMB29P) AppleWebKit/537.36 (KHTML, like Gecko) Chrome/87.0.4280.90 Mobile Safari/537.36 (compatible; Googlebot/2.1; +http://www.google.com/bot.html)" 
66.249.66.84 - - [28/Dec/2020:05:00:41 -0800] "GET / HTTP/1.1" 200 12882 "-" "Mozilla/5.0 (Linux; Android 6.0.1; Nexus 5X Build/MMB29P) AppleWebKit/537.36 (KHTML, like Gecko) Chrome/87.0.4280.90 Mobile Safari/537.36 (compatible; Googlebot/2.1; +http://www.google.com/bot.html)" 
54.36.148.18 - - [28/Dec/2020:05:00:42 -0800] "GET /self.logs/access.log.2018-09-27.gz HTTP/1.1" 200 49242 "-" "Mozilla/5.0 (compatible; AhrefsBot/7.0; +http://ahrefs.com/robot/)" 
54.36.148.172 - - [28/Dec/2020:05:03:23 -0800] "GET /self.logs/access.log.2018-10-21.gz HTTP/1.1" 200 27614 "-" "Mozilla/5.0 (compatible; AhrefsBot/7.0; +http://ahrefs.com/robot/)" 
103.16.71.169 - - [28/Dec/2020:05:03:47 -0800] "GET / HTTP/1.1" 200 12882 "-" "Mozilla/5.0 (Windows NT 10.0; Win64; x64) AppleWebKit/537.36 (KHTML, like Gecko) Chrome/87.0.4280.88 Safari/537.36" 
103.16.71.169 - - [28/Dec/2020:05:03:48 -0800] "GET /css/style.css HTTP/1.1" 404 305 "http://www.secrepo.com/" "Mozilla/5.0 (Windows NT 10.0; Win64; x64) AppleWebKit/537.36 (KHTML, like Gecko) Chrome/87.0.4280.88 Safari/537.36" 
114.119.141.53 - - [28/Dec/2020:05:04:01 -0800] "GET /self.logs/2015/access.log.2015-02-26.gz HTTP/1.1" 200 3657 "-" "Mozilla/5.0 (Linux; Android 7.0;) AppleWebKit/537.36 (KHTML, like Gecko) Mobile Safari/537.36 (compatible; PetalBot;+https://aspiegel.com/petalbot)" 
54.36.148.217 - - [28/Dec/2020:05:05:51 -0800] "GET /self.logs/access.log.2018-09-30.gz HTTP/1.1" 200 20826 "-" "Mozilla/5.0 (compatible; AhrefsBot/7.0; +http://ahrefs.com/robot/)" 
54.36.148.99 - - [28/Dec/2020:05:07:01 -0800] "GET /self.logs/access.log.2017-06-27.gz HTTP/1.1" 200 17918 "-" "Mozilla/5.0 (compatible; AhrefsBot/7.0; +http://ahrefs.com/robot/)" 
54.36.149.62 - - [28/Dec/2020:05:08:14 -0800] "GET /self.logs/access.log.2017-07-21.gz HTTP/1.1" 200 36137 "-" "Mozilla/5.0 (compatible; AhrefsBot/7.0; +http://ahrefs.com/robot/)" 
114.119.159.101 - - [28/Dec/2020:05:09:06 -0800] "GET /self.logs/error.log.2017-01-21.gz HTTP/1.1" 200 1032 "-" "Mozilla/5.0 (Linux; Android 7.0;) AppleWebKit/537.36 (KHTML, like Gecko) Mobile Safari/537.36 (compatible; PetalBot;+https://aspiegel.com/petalbot)" 
54.36.148.18 - - [28/Dec/2020:05:09:18 -0800] "GET /self.logs/access.log.2017-07-02.gz HTTP/1.1" 200 16675 "-" "Mozilla/5.0 (compatible; AhrefsBot/7.0; +http://ahrefs.com/robot/)" 
54.36.148.18 - - [28/Dec/2020:05:10:24 -0800] "GET /self.logs/error.log.2018-12-23.gz HTTP/1.1" 200 2995 "-" "Mozilla/5.0 (compatible; AhrefsBot/7.0; +http://ahrefs.com/robot/)" 
54.36.149.62 - - [28/Dec/2020:05:11:36 -0800] "GET /self.logs/access.log.2017-07-14.gz HTTP/1.1" 200 21412 "-" "Mozilla/5.0 (compatible; AhrefsBot/7.0; +http://ahrefs.com/robot/)" 
54.36.148.91 - - [28/Dec/2020:05:12:47 -0800] "GET /self.logs/error.log.2019-03-14.gz HTTP/1.1" 200 5782 "-" "Mozilla/5.0 (compatible; AhrefsBot/7.0; +http://ahrefs.com/robot/)" 
54.36.149.62 - - [28/Dec/2020:05:13:57 -0800] "GET /self.logs/access.log.2017-08-07.gz HTTP/1.1" 200 38481 "-" "Mozilla/5.0 (compatible; AhrefsBot/7.0; +http://ahrefs.com/robot/)" 
114.119.150.248 - - [28/Dec/2020:05:14:12 -0800] "GET /self.logs/access.log.2017-10-03.gz HTTP/1.1" 200 31426 "-" "Mozilla/5.0 (Linux; Android 7.0;) AppleWebKit/537.36 (KHTML, like Gecko) Mobile Safari/537.36 (compatible; PetalBot;+https://aspiegel.com/petalbot)" 
54.36.148.18 - - [28/Dec/2020:05:15:01 -0800] "GET /self.logs/error.log.2017-02-21.gz HTTP/1.1" 200 955 "-" "Mozilla/5.0 (compatible; AhrefsBot/7.0; +http://ahrefs.com/robot/)" 
54.36.148.101 - - [28/Dec/2020:05:16:09 -0800] "GET /self.logs/access.log.2017-09-06.gz HTTP/1.1" 200 25807 "-" "Mozilla/5.0 (compatible; AhrefsBot/7.0; +http://ahrefs.com/robot/)" 
54.36.149.62 - - [28/Dec/2020:05:17:26 -0800] "GET /self.logs/error.log.2018-09-29.gz HTTP/1.1" 200 5022 "-" "Mozilla/5.0 (compatible; AhrefsBot/7.0; +http://ahrefs.com/robot/)" 
54.36.148.18 - - [28/Dec/2020:05:18:31 -0800] "GET /self.logs/error.log.2017-09-24.gz HTTP/1.1" 200 2038 "-" "Mozilla/5.0 (compatible; AhrefsBot/7.0; +http://ahrefs.com/robot/)" 
114.119.129.244 - - [28/Dec/2020:05:19:18 -0800] "GET /self.logs/access.log.2020-08-16.gz HTTP/1.1" 200 15547 "-" "Mozilla/5.0 (Linux; Android 7.0;) AppleWebKit/537.36 (KHTML, like Gecko) Mobile Safari/537.36 (compatible; PetalBot;+https://aspiegel.com/petalbot)" 
54.36.148.206 - - [28/Dec/2020:05:19:32 -0800] "GET /self.logs/error.log.2019-10-04.gz HTTP/1.1" 200 1924 "-" "Mozilla/5.0 (compatible; AhrefsBot/7.0; +http://ahrefs.com/robot/)" 
54.36.149.62 - - [28/Dec/2020:05:21:32 -0800] "GET /self.logs/access.log.2018-04-25.gz HTTP/1.1" 200 29422 "-" "Mozilla/5.0 (compatible; AhrefsBot/7.0; +http://ahrefs.com/robot/)" 
54.36.148.45 - - [28/Dec/2020:05:23:34 -0800] "GET /self.logs/error.log.2017-07-01.gz HTTP/1.1" 200 864 "-" "Mozilla/5.0 (compatible; AhrefsBot/7.0; +http://ahrefs.com/robot/)" 
188.166.34.95 - - [28/Dec/2020:05:24:04 -0800] "GET / HTTP/1.1" 200 12882 "-" "Mozilla/5.0 (Macintosh; Intel Mac OS X 10_14_4) AppleWebKit/537.36 (KHTML, like Gecko) Chrome/73.0.3683.103 Safari/537.36" 
188.166.34.95 - - [28/Dec/2020:05:24:04 -0800] "GET /css/style.css HTTP/1.1" 404 305 "http://www.secrepo.com/" "Mozilla/5.0 (Macintosh; Intel Mac OS X 10_14_4) AppleWebKit/537.36 (KHTML, like Gecko) Chrome/73.0.3683.103 Safari/537.36" 
188.166.34.95 - - [28/Dec/2020:05:24:04 -0800] "GET /twitter-icon.png HTTP/1.1" 200 27916 "http://www.secrepo.com/" "Mozilla/5.0 (Macintosh; Intel Mac OS X 10_14_4) AppleWebKit/537.36 (KHTML, like Gecko) Chrome/73.0.3683.103 Safari/537.36" 
188.166.34.95 - - [28/Dec/2020:05:24:04 -0800] "GET /GitHub-Mark.png HTTP/1.1" 200 7533 "http://www.secrepo.com/" "Mozilla/5.0 (Macintosh; Intel Mac OS X 10_14_4) AppleWebKit/537.36 (KHTML, like Gecko) Chrome/73.0.3683.103 Safari/537.36" 
54.36.149.62 - - [28/Dec/2020:05:25:40 -0800] "GET /self.logs/error.log.2019-04-13.gz HTTP/1.1" 200 4742 "-" "Mozilla/5.0 (compatible; AhrefsBot/7.0; +http://ahrefs.com/robot/)" 
54.36.148.70 - - [28/Dec/2020:05:27:57 -0800] "GET /self.logs/error.log.2018-08-12.gz HTTP/1.1" 200 9155 "-" "Mozilla/5.0 (compatible; AhrefsBot/7.0; +http://ahrefs.com/robot/)" 
5.248.198.201 - - [28/Dec/2020:05:29:14 -0800] "GET / HTTP/1.1" 200 48020 "https://www.souvenirua.com/" "Mozilla/4.0 (compatible; MSIE 6.0; Windows NT 5.1; Q312461)" 
5.248.198.201 - - [28/Dec/2020:05:29:14 -0800] "GET / HTTP/1.1" 200 48020 "https://www.souvenirua.com/" "Mozilla/4.0 (compatible; MSIE 6.0; Windows NT 5.1; Q312461)" 
5.248.198.201 - - [28/Dec/2020:05:29:15 -0800] "GET / HTTP/1.1" 200 48020 "https://www.souvenirua.com/" "Mozilla/4.0 (compatible; MSIE 6.0; Windows NT 5.1; Q312461)" 
114.119.159.40 - - [28/Dec/2020:05:29:30 -0800] "GET /honeypot/BSidesDFW%20-%202014.ipynb HTTP/1.1" 200 930921 "-" "Mozilla/5.0 (Linux; Android 7.0;) AppleWebKit/537.36 (KHTML, like Gecko) Mobile Safari/537.36 (compatible; PetalBot;+https://aspiegel.com/petalbot)" 
14.18.73.155 - - [28/Dec/2020:05:29:55 -0800] "GET / HTTP/1.1" 200 12882 "-" "Mozilla/5.0 (X11; Linux x86_64) AppleWebKit/537.36 (KHTML, like Gecko) Chrome/83.0.4103.106 Safari/537.36" 
54.36.148.18 - - [28/Dec/2020:05:30:09 -0800] "GET /self.logs/access.log.2017-01-08.gz HTTP/1.1" 200 14903 "-" "Mozilla/5.0 (compatible; AhrefsBot/7.0; +http://ahrefs.com/robot/)" 
157.55.39.174 - - [28/Dec/2020:05:31:00 -0800] "GET /self.logs/access.log.2017-12-17.gz HTTP/1.1" 304 280 "-" "Mozilla/5.0 (compatible; bingbot/2.0; +http://www.bing.com/bingbot.htm)" 
54.36.149.62 - - [28/Dec/2020:05:32:24 -0800] "GET /self.logs/error.log.2018-05-28.gz HTTP/1.1" 200 5744 "-" "Mozilla/5.0 (compatible; AhrefsBot/7.0; +http://ahrefs.com/robot/)" 
117.136.86.32 - - [28/Dec/2020:05:32:43 -0800] "GET /css/style.css HTTP/1.1" 404 328 "http://www.secrepo.com/" "Mozilla/5.0 (Windows NT 10.0; Win64; x64) AppleWebKit/537.36 (KHTML, like Gecko) Chrome/87.0.4280.88 Safari/537.36" 
180.137.221.248 - - [28/Dec/2020:05:33:58 -0800] "GET /favicon.ico HTTP/1.1" 200 391 "-" "Mozilla/5.0 (Windows NT 6.1; WOW64) AppleWebKit/537.36 (KHTML, like Gecko) Chrome/78.0.3904.108 Safari/537.36" 
54.36.148.18 - - [28/Dec/2020:05:34:39 -0800] "GET /self.logs/error.log.2018-10-01.gz HTTP/1.1" 200 4889 "-" "Mozilla/5.0 (compatible; AhrefsBot/7.0; +http://ahrefs.com/robot/)" 
17.58.96.153 - - [28/Dec/2020:05:36:48 -0800] "GET /self.logs/error.log.2020-02-20 HTTP/1.1" 200 307 "-" "Mozilla/5.0 (Macintosh; Intel Mac OS X 10_15_5) AppleWebKit/605.1.15 (KHTML, like Gecko) Version/13.1.1 Safari/605.1.15 (Applebot/0.1; +http://www.apple.com/go/applebot)" 
54.36.149.24 - - [28/Dec/2020:05:36:56 -0800] "GET /self.logs/access.log.2017-03-03.gz HTTP/1.1" 200 18245 "-" "Mozilla/5.0 (compatible; AhrefsBot/7.0; +http://ahrefs.com/robot/)" 
54.36.148.18 - - [28/Dec/2020:05:39:08 -0800] "GET /self.logs/access.log.2020-09-02.gz HTTP/1.1" 200 13370 "-" "Mozilla/5.0 (compatible; AhrefsBot/7.0; +http://ahrefs.com/robot/)" 
66.249.83.6 - - [28/Dec/2020:05:40:37 -0800] "GET / HTTP/1.1" 301 475 "-" "Mozilla/5.0 (X11; Linux x86_64) AppleWebKit/537.36 (KHTML, like Gecko) Chrome/49.0.2623.75 Safari/537.36 Google Favicon" 
66.249.83.65 - - [28/Dec/2020:05:40:37 -0800] "GET / HTTP/1.1" 200 12883 "-" "Mozilla/5.0 (X11; Linux x86_64) AppleWebKit/537.36 (KHTML, like Gecko) Chrome/49.0.2623.75 Safari/537.36 Google Favicon" 
66.249.83.94 - - [28/Dec/2020:05:40:37 -0800] "GET /bootstrap/img/favicon.ico HTTP/1.1" 200 713 "-" "Mozilla/5.0 (X11; Linux x86_64) AppleWebKit/537.36 (KHTML, like Gecko) Chrome/49.0.2623.75 Safari/537.36 Google Favicon" 
54.36.149.47 - - [28/Dec/2020:05:41:20 -0800] "GET /self.logs/access.log.2018-05-13.gz HTTP/1.1" 200 21575 "-" "Mozilla/5.0 (compatible; AhrefsBot/7.0; +http://ahrefs.com/robot/)" 
54.36.148.18 - - [28/Dec/2020:05:43:34 -0800] "GET /self.logs/error.log.2017-03-17.gz HTTP/1.1" 200 1070 "-" "Mozilla/5.0 (compatible; AhrefsBot/7.0; +http://ahrefs.com/robot/)" 
54.36.149.62 - - [28/Dec/2020:05:44:45 -0800] "GET /self.logs/error.log.2019-08-13.gz HTTP/1.1" 200 1404 "-" "Mozilla/5.0 (compatible; AhrefsBot/7.0; +http://ahrefs.com/robot/)" 
114.119.140.84 - - [28/Dec/2020:05:44:48 -0800] "GET /self.logs/2015/access.log.2015-04-17.gz HTTP/1.1" 200 6270 "-" "Mozilla/5.0 (Linux; Android 7.0;) AppleWebKit/537.36 (KHTML, like Gecko) Mobile Safari/537.36 (compatible; PetalBot;+https://aspiegel.com/petalbot)" 
54.36.148.221 - - [28/Dec/2020:05:45:51 -0800] "GET /self.logs/access.log.2018-01-29.gz HTTP/1.1" 200 22475 "-" "Mozilla/5.0 (compatible; AhrefsBot/7.0; +http://ahrefs.com/robot/)" 
54.36.148.18 - - [28/Dec/2020:05:46:57 -0800] "GET /self.logs/error.log.2018-03-22.gz HTTP/1.1" 200 3985 "-" "Mozilla/5.0 (compatible; AhrefsBot/7.0; +http://ahrefs.com/robot/)" 
54.36.149.62 - - [28/Dec/2020:05:48:06 -0800] "GET /self.logs/access.log.2017-09-09.gz HTTP/1.1" 200 15262 "-" "Mozilla/5.0 (compatible; AhrefsBot/7.0; +http://ahrefs.com/robot/)" 
54.36.148.18 - - [28/Dec/2020:05:49:13 -0800] "GET /self.logs/error.log.2017-10-15.gz HTTP/1.1" 200 2108 "-" "Mozilla/5.0 (compatible; AhrefsBot/7.0; +http://ahrefs.com/robot/)" 
114.119.129.244 - - [28/Dec/2020:05:49:55 -0800] "GET /self.logs/access.log.2020-01-26.gz HTTP/1.1" 200 9922 "-" "Mozilla/5.0 (Linux; Android 7.0;) AppleWebKit/537.36 (KHTML, like Gecko) Mobile Safari/537.36 (compatible; PetalBot;+https://aspiegel.com/petalbot)" 
54.36.148.18 - - [28/Dec/2020:05:50:13 -0800] "GET /self.logs/error.log.2018-04-20.gz HTTP/1.1" 200 3806 "-" "Mozilla/5.0 (compatible; AhrefsBot/7.0; +http://ahrefs.com/robot/)" 
54.36.148.18 - - [28/Dec/2020:05:51:18 -0800] "GET /self.logs/error.log.2017-07-15.gz HTTP/1.1" 200 871 "-" "Mozilla/5.0 (compatible; AhrefsBot/7.0; +http://ahrefs.com/robot/)" 
54.36.148.18 - - [28/Dec/2020:05:52:21 -0800] "GET /self.logs/error.log.2017-04-12.gz HTTP/1.1" 200 951 "-" "Mozilla/5.0 (compatible; AhrefsBot/7.0; +http://ahrefs.com/robot/)" 
54.36.148.83 - - [28/Dec/2020:05:53:26 -0800] "GET /self.logs/access.log.2020-07-07.gz HTTP/1.1" 200 16620 "-" "Mozilla/5.0 (compatible; AhrefsBot/7.0; +http://ahrefs.com/robot/)" 
54.36.149.62 - - [28/Dec/2020:05:54:38 -0800] "GET /self.logs/access.log.2020-01-03.gz HTTP/1.1" 200 16067 "-" "Mozilla/5.0 (compatible; AhrefsBot/7.0; +http://ahrefs.com/robot/)" 
114.119.141.53 - - [28/Dec/2020:05:55:01 -0800] "GET /self.logs/2015/access.log.2015-09-06.gz HTTP/1.1" 200 4925 "-" "Mozilla/5.0 (Linux; Android 7.0;) AppleWebKit/537.36 (KHTML, like Gecko) Mobile Safari/537.36 (compatible; PetalBot;+https://aspiegel.com/petalbot)" 
54.36.149.62 - - [28/Dec/2020:05:55:50 -0800] "GET /self.logs/error.log.2017-11-13.gz HTTP/1.1" 200 1999 "-" "Mozilla/5.0 (compatible; AhrefsBot/7.0; +http://ahrefs.com/robot/)" 
54.36.149.95 - - [28/Dec/2020:05:57:02 -0800] "GET /self.logs/error.log.2020-03-13.gz HTTP/1.1" 200 829 "-" "Mozilla/5.0 (compatible; AhrefsBot/7.0; +http://ahrefs.com/robot/)" 
54.36.148.176 - - [28/Dec/2020:05:58:15 -0800] "GET /self.logs/access.log.2017-11-23.gz HTTP/1.1" 200 22413 "-" "Mozilla/5.0 (compatible; AhrefsBot/7.0; +http://ahrefs.com/robot/)" 
54.36.148.144 - - [28/Dec/2020:05:59:32 -0800] "GET /self.logs/access.log.2018-05-04.gz HTTP/1.1" 200 17806 "-" "Mozilla/5.0 (compatible; AhrefsBot/7.0; +http://ahrefs.com/robot/)" 
114.119.155.228 - - [28/Dec/2020:06:00:06 -0800] "GET /self.logs/access.log.2019-01-30.gz HTTP/1.1" 200 29616 "-" "Mozilla/5.0 (Linux; Android 7.0;) AppleWebKit/537.36 (KHTML, like Gecko) Mobile Safari/537.36 (compatible; PetalBot;+https://aspiegel.com/petalbot)" 
54.36.149.62 - - [28/Dec/2020:06:00:53 -0800] "GET /self.logs/error.log.2019-04-18.gz HTTP/1.1" 200 4740 "-" "Mozilla/5.0 (compatible; AhrefsBot/7.0; +http://ahrefs.com/robot/)" 
66.249.66.198 - - [28/Dec/2020:06:01:16 -0800] "GET / HTTP/1.1" 301 475 "-" "Mozilla/5.0 (compatible; Googlebot/2.1; +http://www.google.com/bot.html)" 
66.249.66.83 - - [28/Dec/2020:06:01:17 -0800] "GET / HTTP/1.1" 200 12882 "-" "Mozilla/5.0 (compatible; Googlebot/2.1; +http://www.google.com/bot.html)" 
54.36.149.62 - - [28/Dec/2020:06:02:10 -0800] "GET /self.logs/error.log.2020-06-29 HTTP/1.1" 200 307 "-" "Mozilla/5.0 (compatible; AhrefsBot/7.0; +http://ahrefs.com/robot/)" 
54.36.148.18 - - [28/Dec/2020:06:03:22 -0800] "GET /self.logs/error.log.2018-10-20.gz HTTP/1.1" 200 4208 "-" "Mozilla/5.0 (compatible; AhrefsBot/7.0; +http://ahrefs.com/robot/)" 
54.36.149.59 - - [28/Dec/2020:06:04:34 -0800] "GET /self.logs/error.log.2018-08-07.gz HTTP/1.1" 200 8474 "-" "Mozilla/5.0 (compatible; AhrefsBot/7.0; +http://ahrefs.com/robot/)" 
114.119.150.248 - - [28/Dec/2020:06:05:13 -0800] "GET /self.logs/access.log.2019-03-12.gz HTTP/1.1" 200 17398 "-" "Mozilla/5.0 (Linux; Android 7.0;) AppleWebKit/537.36 (KHTML, like Gecko) Mobile Safari/537.36 (compatible; PetalBot;+https://aspiegel.com/petalbot)" 
54.36.149.62 - - [28/Dec/2020:06:05:50 -0800] "GET /self.logs/error.log.2017-03-18.gz HTTP/1.1" 200 1115 "-" "Mozilla/5.0 (compatible; AhrefsBot/7.0; +http://ahrefs.com/robot/)" 
54.36.149.62 - - [28/Dec/2020:06:06:56 -0800] "GET /self.logs/error.log.2017-04-15.gz HTTP/1.1" 200 819 "-" "Mozilla/5.0 (compatible; AhrefsBot/7.0; +http://ahrefs.com/robot/)" 
54.36.149.62 - - [28/Dec/2020:06:08:02 -0800] "GET /self.logs/access.log.2019-10-09.gz HTTP/1.1" 200 51608 "-" "Mozilla/5.0 (compatible; AhrefsBot/7.0; +http://ahrefs.com/robot/)" 
54.36.148.18 - - [28/Dec/2020:06:09:13 -0800] "GET /self.logs/access.log.2019-02-26.gz HTTP/1.1" 200 24439 "-" "Mozilla/5.0 (compatible; AhrefsBot/7.0; +http://ahrefs.com/robot/)" 
54.36.149.62 - - [28/Dec/2020:06:10:29 -0800] "GET /self.logs/error.log.2019-10-07 HTTP/1.1" 200 307 "-" "Mozilla/5.0 (compatible; AhrefsBot/7.0; +http://ahrefs.com/robot/)" 
54.36.148.20 - - [28/Dec/2020:06:11:53 -0800] "GET /self.logs/error.log.2018-07-16.gz HTTP/1.1" 200 5793 "-" "Mozilla/5.0 (compatible; AhrefsBot/7.0; +http://ahrefs.com/robot/)" 
139.155.252.32 - - [28/Dec/2020:06:12:58 -0800] "HEAD / HTTP/1.1" 200 396 "http://www.secrepo.com" "Mozilla/5.0 (compatible; MSIE 9.0; Windows NT 6.1; Trident/5.0); 360Spider" 
139.155.252.32 - - [28/Dec/2020:06:12:58 -0800] "HEAD /back/index.php HTTP/1.1" 404 231 "http://www.secrepo.com/back/index.php" "Mozilla/5.0 (compatible; MSIE 9.0; Windows NT 6.1; Trident/5.0); 360Spider" 
139.155.252.32 - - [28/Dec/2020:06:12:58 -0800] "HEAD /Bak/index.php HTTP/1.1" 404 231 "http://www.secrepo.com/Bak/index.php" "Mozilla/5.0 (compatible; MSIE 9.0; Windows NT 6.1; Trident/5.0); 360Spider" 
139.155.252.32 - - [28/Dec/2020:06:12:59 -0800] "HEAD /Bak/index.php HTTP/1.1" 404 231 "http://www.secrepo.com/Bak/index.php" "Mozilla/5.0 (compatible; MSIE 9.0; Windows NT 6.1; Trident/5.0); 360Spider" 
139.155.252.32 - - [28/Dec/2020:06:12:59 -0800] "HEAD /Bak/index.php HTTP/1.1" 404 231 "http://www.secrepo.com/Bak/index.php" "Mozilla/5.0 (compatible; MSIE 9.0; Windows NT 6.1; Trident/5.0); 360Spider" 
139.155.252.32 - - [28/Dec/2020:06:12:59 -0800] "HEAD /bakk/index.php HTTP/1.1" 404 231 "http://www.secrepo.com/bakk/index.php" "Mozilla/5.0 (compatible; MSIE 9.0; Windows NT 6.1; Trident/5.0); 360Spider" 
139.155.252.32 - - [28/Dec/2020:06:13:00 -0800] "HEAD /beifen/index.php HTTP/1.1" 404 231 "http://www.secrepo.com/beifen/index.php" "Mozilla/5.0 (compatible; MSIE 9.0; Windows NT 6.1; Trident/5.0); 360Spider" 
139.155.252.32 - - [28/Dec/2020:06:13:01 -0800] "HEAD /beifen/index.php HTTP/1.1" 404 231 "http://www.secrepo.com/beifen/index.php" "Mozilla/5.0 (compatible; MSIE 9.0; Windows NT 6.1; Trident/5.0); 360Spider" 
139.155.252.32 - - [28/Dec/2020:06:13:01 -0800] "HEAD /beifen/index.php HTTP/1.1" 404 231 "http://www.secrepo.com/beifen/index.php" "Mozilla/5.0 (compatible; MSIE 9.0; Windows NT 6.1; Trident/5.0); 360Spider" 
139.155.252.32 - - [28/Dec/2020:06:13:02 -0800] "HEAD /bf/index.php HTTP/1.1" 404 231 "http://www.secrepo.com/bf/index.php" "Mozilla/5.0 (compatible; MSIE 9.0; Windows NT 6.1; Trident/5.0); 360Spider" 
139.155.252.32 - - [28/Dec/2020:06:13:02 -0800] "HEAD /bf/index.php HTTP/1.1" 404 231 "http://www.secrepo.com/bf/index.php" "Mozilla/5.0 (compatible; MSIE 9.0; Windows NT 6.1; Trident/5.0); 360Spider" 
139.155.252.32 - - [28/Dec/2020:06:13:02 -0800] "HEAD /bf/index.php HTTP/1.1" 404 231 "http://www.secrepo.com/bf/index.php" "Mozilla/5.0 (compatible; MSIE 9.0; Windows NT 6.1; Trident/5.0); 360Spider" 
139.155.252.32 - - [28/Dec/2020:06:13:03 -0800] "HEAD /bfw/index.php HTTP/1.1" 404 231 "http://www.secrepo.com/bfw/index.php" "Mozilla/5.0 (compatible; MSIE 9.0; Windows NT 6.1; Trident/5.0); 360Spider" 
139.155.252.32 - - [28/Dec/2020:06:13:04 -0800] "HEAD /bk/index.php HTTP/1.1" 404 231 "http://www.secrepo.com/bk/index.php" "Mozilla/5.0 (compatible; MSIE 9.0; Windows NT 6.1; Trident/5.0); 360Spider" 
139.155.252.32 - - [28/Dec/2020:06:13:04 -0800] "HEAD /bk22/index.php HTTP/1.1" 404 231 "http://www.secrepo.com/bk22/index.php" "Mozilla/5.0 (compatible; MSIE 9.0; Windows NT 6.1; Trident/5.0); 360Spider" 
139.155.252.32 - - [28/Dec/2020:06:13:04 -0800] "HEAD /bkgg/index.php HTTP/1.1" 404 231 "http://www.secrepo.com/bkgg/index.php" "Mozilla/5.0 (compatible; MSIE 9.0; Windows NT 6.1; Trident/5.0); 360Spider" 
139.155.252.32 - - [28/Dec/2020:06:13:05 -0800] "HEAD /cx/index.php HTTP/1.1" 404 231 "http://www.secrepo.com/cx/index.php" "Mozilla/5.0 (compatible; MSIE 9.0; Windows NT 6.1; Trident/5.0); 360Spider" 
139.155.252.32 - - [28/Dec/2020:06:13:05 -0800] "HEAD /dbk/index.php HTTP/1.1" 404 231 "http://www.secrepo.com/dbk/index.php" "Mozilla/5.0 (compatible; MSIE 9.0; Windows NT 6.1; Trident/5.0); 360Spider" 
139.155.252.32 - - [28/Dec/2020:06:13:05 -0800] "HEAD /dg/index.php HTTP/1.1" 404 231 "http://www.secrepo.com/dg/index.php" "Mozilla/5.0 (compatible; MSIE 9.0; Windows NT 6.1; Trident/5.0); 360Spider" 
139.155.252.32 - - [28/Dec/2020:06:13:06 -0800] "HEAD /dgback/index.php HTTP/1.1" 404 231 "http://www.secrepo.com/dgback/index.php" "Mozilla/5.0 (compatible; MSIE 9.0; Windows NT 6.1; Trident/5.0); 360Spider" 
139.155.252.32 - - [28/Dec/2020:06:13:06 -0800] "HEAD /dgbak/index.php HTTP/1.1" 404 231 "http://www.secrepo.com/dgbak/index.php" "Mozilla/5.0 (compatible; MSIE 9.0; Windows NT 6.1; Trident/5.0); 360Spider" 
139.155.252.32 - - [28/Dec/2020:06:13:06 -0800] "HEAD /dgbf/index.php HTTP/1.1" 404 231 "http://www.secrepo.com/dgbf/index.php" "Mozilla/5.0 (compatible; MSIE 9.0; Windows NT 6.1; Trident/5.0); 360Spider" 
139.155.252.32 - - [28/Dec/2020:06:13:06 -0800] "HEAD /dgbf/index.php HTTP/1.1" 404 231 "http://www.secrepo.com/dgbf/index.php" "Mozilla/5.0 (compatible; MSIE 9.0; Windows NT 6.1; Trident/5.0); 360Spider" 
139.155.252.32 - - [28/Dec/2020:06:13:07 -0800] "HEAD /diguo/index.php HTTP/1.1" 404 231 "http://www.secrepo.com/diguo/index.php" "Mozilla/5.0 (compatible; MSIE 9.0; Windows NT 6.1; Trident/5.0); 360Spider" 
139.155.252.32 - - [28/Dec/2020:06:13:07 -0800] "HEAD /diguo/index.php HTTP/1.1" 404 231 "http://www.secrepo.com/diguo/index.php" "Mozilla/5.0 (compatible; MSIE 9.0; Windows NT 6.1; Trident/5.0); 360Spider" 
139.155.252.32 - - [28/Dec/2020:06:13:07 -0800] "HEAD /diguo/index.php HTTP/1.1" 404 231 "http://www.secrepo.com/diguo/index.php" "Mozilla/5.0 (compatible; MSIE 9.0; Windows NT 6.1; Trident/5.0); 360Spider" 
139.155.252.32 - - [28/Dec/2020:06:13:07 -0800] "HEAD /diguo/index.php HTTP/1.1" 404 231 "http://www.secrepo.com/diguo/index.php" "Mozilla/5.0 (compatible; MSIE 9.0; Windows NT 6.1; Trident/5.0); 360Spider" 
139.155.252.32 - - [28/Dec/2020:06:13:08 -0800] "HEAD /eb/index.php HTTP/1.1" 404 231 "http://www.secrepo.com/eb/index.php" "Mozilla/5.0 (compatible; MSIE 9.0; Windows NT 6.1; Trident/5.0); 360Spider" 
139.155.252.32 - - [28/Dec/2020:06:13:08 -0800] "HEAD /Ebak/index.php HTTP/1.1" 404 231 "http://www.secrepo.com/Ebak/index.php" "Mozilla/5.0 (compatible; MSIE 9.0; Windows NT 6.1; Trident/5.0); 360Spider" 
139.155.252.32 - - [28/Dec/2020:06:13:08 -0800] "HEAD /Ebak/index.php HTTP/1.1" 404 231 "http://www.secrepo.com/Ebak/index.php" "Mozilla/5.0 (compatible; MSIE 9.0; Windows NT 6.1; Trident/5.0); 360Spider" 
139.155.252.32 - - [28/Dec/2020:06:13:08 -0800] "HEAD /Ebak/index.php HTTP/1.1" 404 231 "http://www.secrepo.com/Ebak/index.php" "Mozilla/5.0 (compatible; MSIE 9.0; Windows NT 6.1; Trident/5.0); 360Spider" 
139.155.252.32 - - [28/Dec/2020:06:13:09 -0800] "HEAD /ebk/index.php HTTP/1.1" 404 231 "http://www.secrepo.com/ebk/index.php" "Mozilla/5.0 (compatible; MSIE 9.0; Windows NT 6.1; Trident/5.0); 360Spider" 
139.155.252.32 - - [28/Dec/2020:06:13:09 -0800] "HEAD /ebk/index.php HTTP/1.1" 404 231 "http://www.secrepo.com/ebk/index.php" "Mozilla/5.0 (compatible; MSIE 9.0; Windows NT 6.1; Trident/5.0); 360Spider" 
139.155.252.32 - - [28/Dec/2020:06:13:09 -0800] "HEAD /ebk/index.php HTTP/1.1" 404 231 "http://www.secrepo.com/ebk/index.php" "Mozilla/5.0 (compatible; MSIE 9.0; Windows NT 6.1; Trident/5.0); 360Spider" 
139.155.252.32 - - [28/Dec/2020:06:13:10 -0800] "HEAD /hehe/login.php?gotopage=%2Fhehe%2F HTTP/1.1" 404 231 "http://www.secrepo.com/hehe/login.php?gotopage=%2Fhehe%2F" "Mozilla/5.0 (compatible; MSIE 9.0; Windows NT 6.1; Trident/5.0); 360Spider" 
139.155.252.32 - - [28/Dec/2020:06:13:10 -0800] "HEAD /mbf/index.php HTTP/1.1" 404 231 "http://www.secrepo.com/mbf/index.php" "Mozilla/5.0 (compatible; MSIE 9.0; Windows NT 6.1; Trident/5.0); 360Spider" 
139.155.252.32 - - [28/Dec/2020:06:13:10 -0800] "HEAD /mdiguo/index.php HTTP/1.1" 404 231 "http://www.secrepo.com/mdiguo/index.php" "Mozilla/5.0 (compatible; MSIE 9.0; Windows NT 6.1; Trident/5.0); 360Spider" 
139.155.252.32 - - [28/Dec/2020:06:13:11 -0800] "HEAD /mybeifen/index.php HTTP/1.1" 404 231 "http://www.secrepo.com/mybeifen/index.php" "Mozilla/5.0 (compatible; MSIE 9.0; Windows NT 6.1; Trident/5.0); 360Spider" 
139.155.252.32 - - [28/Dec/2020:06:13:11 -0800] "HEAD /mysql/index.php HTTP/1.1" 404 231 "http://www.secrepo.com/mysql/index.php" "Mozilla/5.0 (compatible; MSIE 9.0; Windows NT 6.1; Trident/5.0); 360Spider" 
139.155.252.32 - - [28/Dec/2020:06:13:11 -0800] "HEAD /langs/en_US/LC_MESSAGES/admin.xml HTTP/1.1" 404 231 "http://www.secrepo.com/langs/en_US/LC_MESSAGES/admin.xml" "Mozilla/5.0 (compatible; MSIE 9.0; Windows NT 6.1; Trident/5.0); 360Spider" 
139.155.252.32 - - [28/Dec/2020:06:13:12 -0800] "HEAD /admin.php?c=login HTTP/1.1" 404 231 "http://www.secrepo.com/admin.php?c=login" "Mozilla/5.0 (compatible; MSIE 9.0; Windows NT 6.1; Trident/5.0); 360Spider" 
139.155.252.32 - - [28/Dec/2020:06:13:12 -0800] "HEAD /admin.php?c=login HTTP/1.1" 404 231 "http://www.secrepo.com/admin.php?c=login" "Mozilla/5.0 (compatible; MSIE 9.0; Windows NT 6.1; Trident/5.0); 360Spider" 
139.155.252.32 - - [28/Dec/2020:06:13:12 -0800] "HEAD /admin.php?c=login HTTP/1.1" 404 231 "http://www.secrepo.com/admin.php?c=login" "Mozilla/5.0 (compatible; MSIE 9.0; Windows NT 6.1; Trident/5.0); 360Spider" 
139.155.252.32 - - [28/Dec/2020:06:13:12 -0800] "HEAD /admin.php?c=login HTTP/1.1" 404 231 "http://www.secrepo.com/admin.php?c=login" "Mozilla/5.0 (compatible; MSIE 9.0; Windows NT 6.1; Trident/5.0); 360Spider" 
139.155.252.32 - - [28/Dec/2020:06:13:13 -0800] "HEAD /admin.php?c=login HTTP/1.1" 404 231 "http://www.secrepo.com/admin.php?c=login" "Mozilla/5.0 (compatible; MSIE 9.0; Windows NT 6.1; Trident/5.0); 360Spider" 
139.155.252.32 - - [28/Dec/2020:06:13:13 -0800] "HEAD /admin.php?c=login HTTP/1.1" 404 231 "http://www.secrepo.com/admin.php?c=login" "Mozilla/5.0 (compatible; MSIE 9.0; Windows NT 6.1; Trident/5.0); 360Spider" 
54.36.149.69 - - [28/Dec/2020:06:13:13 -0800] "GET /self.logs/error.log.2020-03-25.gz HTTP/1.1" 200 822 "-" "Mozilla/5.0 (compatible; AhrefsBot/7.0; +http://ahrefs.com/robot/)" 
139.155.252.32 - - [28/Dec/2020:06:13:13 -0800] "HEAD /radminpass.php HTTP/1.1" 404 231 "http://www.secrepo.com/radminpass.php" "Mozilla/5.0 (compatible; MSIE 9.0; Windows NT 6.1; Trident/5.0); 360Spider" 
139.155.252.32 - - [28/Dec/2020:06:13:14 -0800] "HEAD /shixunadmin/login.php?gotopage=%2Fshixun%2Findex.php HTTP/1.1" 404 231 "http://www.secrepo.com/shixunadmin/login.php?gotopage=%2Fshixun%2Findex.php" "Mozilla/5.0 (compatible; MSIE 9.0; Windows NT 6.1; Trident/5.0); 360Spider" 
139.155.252.32 - - [28/Dec/2020:06:13:14 -0800] "HEAD /sql/index.php HTTP/1.1" 404 231 "http://www.secrepo.com/sql/index.php" "Mozilla/5.0 (compatible; MSIE 9.0; Windows NT 6.1; Trident/5.0); 360Spider" 
