101.198.192.183 - - [11/Sep/2020:22:34:24 -0700] "GET /Security-Data-Analysis/Lab_1/conn.log.zip HTTP/1.1" 206 440 "http://www.secrepo.com/Security-Data-Analysis/Lab_1/conn.log.zip" "Mozilla/5.0 (Windows NT 10.0; Win64; x64) AppleWebKit/537.36 (KHTML, like Gecko) Chrome/83.0.4103.116 Safari/537.36 Edg/83.0.478.61" 
180.163.220.95 - - [11/Sep/2020:22:34:23 -0700] "GET /tg/a.zip HTTP/1.1" 200 1159240 "http://www.secrepo.com/tg/a.zip" "Mozilla/5.0 (Windows NT 10.0; Win64; x64) AppleWebKit/537.36 (KHTML, like Gecko) Chrome/83.0.4103.116 Safari/537.36 Edg/83.0.478.61" 
104.192.108.10 - - [11/Sep/2020:22:34:23 -0700] "GET /honeypot/honeypot.json.zip HTTP/1.1" 200 23086087 "http://www.secrepo.com/honeypot/honeypot.json.zip" "Mozilla/5.0 (Windows NT 10.0; Win64; x64) AppleWebKit/537.36 (KHTML, like Gecko) Chrome/83.0.4103.116 Safari/537.36 Edg/83.0.478.61" 
101.198.192.204 - - [11/Sep/2020:22:34:24 -0700] "GET /Security-Data-Analysis/Lab_1/conn.log.zip HTTP/1.1" 206 91203986 "http://www.secrepo.com/Security-Data-Analysis/Lab_1/conn.log.zip" "Mozilla/5.0 (Windows NT 10.0; Win64; x64) AppleWebKit/537.36 (KHTML, like Gecko) Chrome/83.0.4103.116 Safari/537.36 Edg/83.0.478.61" 
101.198.192.194 - - [11/Sep/2020:22:34:24 -0700] "GET /Security-Data-Analysis/Lab_1/conn.log.zip HTTP/1.1" 206 91203985 "http://www.secrepo.com/Security-Data-Analysis/Lab_1/conn.log.zip" "Mozilla/5.0 (Windows NT 10.0; Win64; x64) AppleWebKit/537.36 (KHTML, like Gecko) Chrome/83.0.4103.116 Safari/537.36 Edg/83.0.478.61" 
171.13.14.83 - - [11/Sep/2020:22:37:00 -0700] "GET /honeypot/honeypot.json.zip HTTP/1.1" 200 287620 "http://w-xen131.safe.shyc2.qihoo.net:9207/http?url=www.secrepo.com/honeypot/honeypot.json.zip" "Go-http-client/1.1" 
101.198.192.200 - - [11/Sep/2020:22:34:24 -0700] "GET /Security-Data-Analysis/Lab_1/conn.log.zip HTTP/1.1" 206 3250050 "http://www.secrepo.com/Security-Data-Analysis/Lab_1/conn.log.zip" "Mozilla/5.0 (Windows NT 10.0; Win64; x64) AppleWebKit/537.36 (KHTML, like Gecko) Chrome/83.0.4103.116 Safari/537.36 Edg/83.0.478.61" 
101.198.192.194 - - [11/Sep/2020:22:34:24 -0700] "GET /Security-Data-Analysis/Lab_1/conn.log.zip HTTP/1.1" 206 91203977 "http://www.secrepo.com/Security-Data-Analysis/Lab_1/conn.log.zip" "Mozilla/5.0 (Windows NT 10.0; Win64; x64) AppleWebKit/537.36 (KHTML, like Gecko) Chrome/83.0.4103.116 Safari/537.36 Edg/83.0.478.61" 
66.249.69.250 - - [11/Sep/2020:22:41:33 -0700] "GET /ads.txt HTTP/1.1" 404 328 "-" "Mozilla/5.0 (compatible; Googlebot/2.1; +http://www.google.com/bot.html)" 
66.249.72.69 - - [11/Sep/2020:22:41:34 -0700] "GET /ads.txt HTTP/1.1" 301 489 "-" "Mozilla/5.0 (compatible; Googlebot/2.1; +http://www.google.com/bot.html)" 
180.163.220.124 - - [11/Sep/2020:22:59:58 -0700] "GET /domaindata/domainmovement.zip HTTP/1.1" 200 84680 "http://www.secrepo.com/domaindata/domainmovement.zip" "Mozilla/5.0 (Windows NT 10.0; Win64; x64) AppleWebKit/537.36 (KHTML, like Gecko) Chrome/83.0.4103.116 Safari/537.36 Edg/83.0.478.61" 
180.163.220.60 - - [11/Sep/2020:22:59:59 -0700] "GET /pe_static/apt1.zip HTTP/1.1" 200 143080 "http://www.secrepo.com/pe_static/apt1.zip" "Mozilla/5.0 (Windows NT 10.0; Win64; x64) AppleWebKit/537.36 (KHTML, like Gecko) Chrome/83.0.4103.116 Safari/537.36 Edg/83.0.478.61" 
180.163.220.96 - - [11/Sep/2020:22:59:59 -0700] "GET /pe_static/apt1.zip HTTP/1.1" 200 204400 "http://www.secrepo.com/pe_static/apt1.zip" "Mozilla/5.0 (Windows NT 10.0; Win64; x64) AppleWebKit/537.36 (KHTML, like Gecko) Chrome/83.0.4103.116 Safari/537.36 Edg/83.0.478.61" 
180.163.220.60 - - [11/Sep/2020:22:59:58 -0700] "GET /domaindata/domainmovement.zip HTTP/1.1" 200 456980 "http://www.secrepo.com/domaindata/domainmovement.zip" "Mozilla/5.0 (Windows NT 10.0; Win64; x64) AppleWebKit/537.36 (KHTML, like Gecko) Chrome/83.0.4103.116 Safari/537.36 Edg/83.0.478.61" 
101.198.192.175 - - [11/Sep/2020:23:01:51 -0700] "GET /tg/c.zip HTTP/1.1" 200 67680 "http://www.secrepo.com/tg/c.zip" "Mozilla/5.0 (Windows NT 10.0; Win64; x64) AppleWebKit/537.36 (KHTML, like Gecko) Chrome/83.0.4103.116 Safari/537.36 Edg/83.0.478.61" 
180.163.220.96 - - [11/Sep/2020:23:03:56 -0700] "GET /tg/b.zip HTTP/1.1" 200 84680 "http://www.secrepo.com/tg/b.zip" "Mozilla/5.0 (Windows NT 10.0; Win64; x64) AppleWebKit/537.36 (KHTML, like Gecko) Chrome/83.0.4103.116 Safari/537.36 Edg/83.0.478.61" 
180.163.220.45 - - [11/Sep/2020:23:03:57 -0700] "GET /tg/b.zip HTTP/1.1" 200 254040 "http://www.secrepo.com/tg/b.zip" "Mozilla/5.0 (Windows NT 10.0; Win64; x64) AppleWebKit/537.36 (KHTML, like Gecko) Chrome/83.0.4103.116 Safari/537.36 Edg/83.0.478.61" 
101.198.192.173 - - [11/Sep/2020:23:01:52 -0700] "GET /tg/c.zip HTTP/1.1" 200 63359229 "http://www.secrepo.com/tg/c.zip" "Mozilla/5.0 (Windows NT 10.0; Win64; x64) AppleWebKit/537.36 (KHTML, like Gecko) Chrome/83.0.4103.116 Safari/537.36 Edg/83.0.478.61" 
171.13.14.42 - - [11/Sep/2020:23:05:33 -0700] "GET /tg/c.zip HTTP/1.1" 200 610280 "http://w-xen131.safe.shyc2.qihoo.net:9207/http?url=www.secrepo.com/tg/c.zip" "Go-http-client/1.1" 
180.163.220.125 - - [11/Sep/2020:23:06:51 -0700] "GET /tg/a.zip HTTP/1.1" 200 84680 "http://www.secrepo.com/tg/a.zip" "Mozilla/5.0 (Windows NT 10.0; Win64; x64) AppleWebKit/537.36 (KHTML, like Gecko) Chrome/83.0.4103.116 Safari/537.36 Edg/83.0.478.61" 
101.198.192.200 - - [11/Sep/2020:22:34:24 -0700] "GET /Security-Data-Analysis/Lab_1/conn.log.zip HTTP/1.1" 206 46267740 "http://www.secrepo.com/Security-Data-Analysis/Lab_1/conn.log.zip" "Mozilla/5.0 (Windows NT 10.0; Win64; x64) AppleWebKit/537.36 (KHTML, like Gecko) Chrome/83.0.4103.116 Safari/537.36 Edg/83.0.478.61" 
101.198.192.175 - - [11/Sep/2020:22:34:24 -0700] "GET /Security-Data-Analysis/Lab_1/conn.log.zip HTTP/1.1" 206 48289680 "http://www.secrepo.com/Security-Data-Analysis/Lab_1/conn.log.zip" "Mozilla/5.0 (Windows NT 10.0; Win64; x64) AppleWebKit/537.36 (KHTML, like Gecko) Chrome/83.0.4103.116 Safari/537.36 Edg/83.0.478.61" 
101.198.192.207 - - [11/Sep/2020:23:10:01 -0700] "GET /Security-Data-Analysis/Lab_1/conn.log.zip HTTP/1.1" 200 67680 "http://www.secrepo.com/Security-Data-Analysis/Lab_1/conn.log.zip" "Mozilla/5.0 (Windows NT 10.0; Win64; x64) AppleWebKit/537.36 (KHTML, like Gecko) Chrome/83.0.4103.116 Safari/537.36 Edg/83.0.478.61" 
101.198.192.175 - - [11/Sep/2020:23:10:01 -0700] "GET /Security-Data-Analysis/Lab_1/conn.log.zip HTTP/1.1" 206 440 "http://www.secrepo.com/Security-Data-Analysis/Lab_1/conn.log.zip" "Mozilla/5.0 (Windows NT 10.0; Win64; x64) AppleWebKit/537.36 (KHTML, like Gecko) Chrome/83.0.4103.116 Safari/537.36 Edg/83.0.478.61" 
101.198.192.183 - - [11/Sep/2020:23:10:02 -0700] "GET /Security-Data-Analysis/Lab_1/conn.log.zip HTTP/1.1" 206 141000 "http://www.secrepo.com/Security-Data-Analysis/Lab_1/conn.log.zip" "Mozilla/5.0 (Windows NT 10.0; Win64; x64) AppleWebKit/537.36 (KHTML, like Gecko) Chrome/83.0.4103.116 Safari/537.36 Edg/83.0.478.61" 
101.198.192.190 - - [11/Sep/2020:23:10:02 -0700] "GET /Security-Data-Analysis/Lab_1/conn.log.zip HTTP/1.1" 206 91203986 "http://www.secrepo.com/Security-Data-Analysis/Lab_1/conn.log.zip" "Mozilla/5.0 (Windows NT 10.0; Win64; x64) AppleWebKit/537.36 (KHTML, like Gecko) Chrome/83.0.4103.116 Safari/537.36 Edg/83.0.478.61" 
23.105.157.27 - - [11/Sep/2020:23:13:52 -0700] "GET / HTTP/1.0" 301 438 "http://secrepo.com" "Mozilla/5.0 (Macintosh; Intel Mac OS X 10_12_3) AppleWebKit/537.36 (KHTML, like Gecko) Chrome/67.0.3393.4 Safari/537.36" 
23.105.157.27 - - [11/Sep/2020:23:14:01 -0700] "GET / HTTP/1.0" 200 12845 "http://secrepo.com" "Mozilla/5.0 (Macintosh; Intel Mac OS X 10_12_3) AppleWebKit/537.36 (KHTML, like Gecko) Chrome/67.0.3393.4 Safari/537.36" 
101.198.192.189 - - [11/Sep/2020:23:10:02 -0700] "GET /Security-Data-Analysis/Lab_1/conn.log.zip HTTP/1.1" 206 7202356 "http://www.secrepo.com/Security-Data-Analysis/Lab_1/conn.log.zip" "Mozilla/5.0 (Windows NT 10.0; Win64; x64) AppleWebKit/537.36 (KHTML, like Gecko) Chrome/83.0.4103.116 Safari/537.36 Edg/83.0.478.61" 
40.77.167.229 - - [11/Sep/2020:23:18:45 -0700] "GET /Datasets%20Description/HTML_Bro_log_2/files.html HTTP/1.1" 200 1910 "-" "Mozilla/5.0 (compatible; bingbot/2.0; +http://www.bing.com/bingbot.htm)" 
101.198.192.173 - - [11/Sep/2020:23:10:02 -0700] "GET /Security-Data-Analysis/Lab_1/conn.log.zip HTTP/1.1" 206 24528360 "http://www.secrepo.com/Security-Data-Analysis/Lab_1/conn.log.zip" "Mozilla/5.0 (Windows NT 10.0; Win64; x64) AppleWebKit/537.36 (KHTML, like Gecko) Chrome/83.0.4103.116 Safari/537.36 Edg/83.0.478.61" 
3.95.207.29 - - [11/Sep/2020:23:28:16 -0700] "GET / HTTP/1.1" 200 12838 "-" "Mozilla/5.0 (compatible; startmebot/1.0; +https://start.me/bot)" 
202.100.240.234 - - [11/Sep/2020:23:51:39 -0700] "GET /honeypot/honeypot.json.zip HTTP/1.1" 200 140160 "https://blog.csdn.net/answer3lin/article/details/82966360" "Mozilla/5.0 (Windows NT 10.0; Win64; x64) AppleWebKit/537.36 (KHTML, like Gecko) Chrome/85.0.4183.102 Safari/537.36 Edg/85.0.564.51" 
202.100.240.234 - - [11/Sep/2020:23:51:43 -0700] "GET /honeypot/honeypot.json.zip HTTP/1.1" 200 268640 "https://blog.csdn.net/answer3lin/article/details/82966360" "Mozilla/5.0 (Windows NT 10.0; Win64; x64) AppleWebKit/537.36 (KHTML, like Gecko) Chrome/67.0.3396.99 Safari/537.36" 
202.100.240.234 - - [11/Sep/2020:23:51:45 -0700] "GET /honeypot/honeypot.json.zip HTTP/1.1" 206 140160 "https://blog.csdn.net/answer3lin/article/details/82966360" "Mozilla/5.0 (Windows NT 10.0; Win64; x64) AppleWebKit/537.36 (KHTML, like Gecko) Chrome/67.0.3396.99 Safari/537.36" 
202.100.240.234 - - [11/Sep/2020:23:51:46 -0700] "GET /honeypot/honeypot.json.zip HTTP/1.1" 206 143080 "https://blog.csdn.net/answer3lin/article/details/82966360" "Mozilla/5.0 (Windows NT 10.0; Win64; x64) AppleWebKit/537.36 (KHTML, like Gecko) Chrome/67.0.3396.99 Safari/537.36" 
202.100.240.234 - - [11/Sep/2020:23:51:45 -0700] "GET /honeypot/honeypot.json.zip HTTP/1.1" 206 268640 "https://blog.csdn.net/answer3lin/article/details/82966360" "Mozilla/5.0 (Windows NT 10.0; Win64; x64) AppleWebKit/537.36 (KHTML, like Gecko) Chrome/67.0.3396.99 Safari/537.36" 
202.100.240.234 - - [11/Sep/2020:23:51:45 -0700] "GET /honeypot/honeypot.json.zip HTTP/1.1" 206 140160 "https://blog.csdn.net/answer3lin/article/details/82966360" "Mozilla/5.0 (Windows NT 10.0; Win64; x64) AppleWebKit/537.36 (KHTML, like Gecko) Chrome/67.0.3396.99 Safari/537.36" 
140.249.62.19 - - [11/Sep/2020:23:51:49 -0700] "GET /honeypot/honeypot.json.zip HTTP/1.1" 206 262597 "-" "Mozilla/5.0 (Linux; Android) AppleWebKit/537.36 (KHTML, like Gecko) Chrome/34.0.1847.131 Safari/537.36" 
140.249.62.112 - - [11/Sep/2020:23:51:49 -0700] "GET /honeypot/honeypot.json.zip HTTP/1.1" 206 262597 "https://blog.csdn.net/answer3lin/article/details/82966360" "Mozilla/5.0 (Linux; Android) AppleWebKit/537.36 (KHTML, like Gecko) Chrome/34.0.1847.131 Safari/537.36" 
140.249.62.19 - - [11/Sep/2020:23:51:49 -0700] "GET /honeypot/honeypot.json.zip HTTP/1.1" 206 262597 "-" "Mozilla/5.0 (Linux; Android) AppleWebKit/537.36 (KHTML, like Gecko) Chrome/34.0.1847.131 Safari/537.36" 
140.249.62.19 - - [11/Sep/2020:23:51:50 -0700] "GET /honeypot/honeypot.json.zip HTTP/1.1" 206 262597 "-" "Mozilla/5.0 (Linux; Android) AppleWebKit/537.36 (KHTML, like Gecko) Chrome/34.0.1847.131 Safari/537.36" 
140.249.62.19 - - [11/Sep/2020:23:51:49 -0700] "GET /honeypot/honeypot.json.zip HTTP/1.1" 206 262597 "-" "Mozilla/5.0 (Linux; Android) AppleWebKit/537.36 (KHTML, like Gecko) Chrome/34.0.1847.131 Safari/537.36" 
140.249.62.112 - - [11/Sep/2020:23:51:54 -0700] "GET /honeypot/honeypot.json.zip HTTP/1.1" 206 262597 "https://blog.csdn.net/answer3lin/article/details/82966360" "Mozilla/5.0 (Linux; Android) AppleWebKit/537.36 (KHTML, like Gecko) Chrome/34.0.1847.131 Safari/537.36" 
140.249.62.112 - - [11/Sep/2020:23:51:49 -0700] "GET /honeypot/honeypot.json.zip HTTP/1.1" 206 262597 "https://blog.csdn.net/answer3lin/article/details/82966360" "Mozilla/5.0 (Linux; Android) AppleWebKit/537.36 (KHTML, like Gecko) Chrome/34.0.1847.131 Safari/537.36" 
140.249.62.112 - - [11/Sep/2020:23:51:49 -0700] "GET /honeypot/honeypot.json.zip HTTP/1.1" 206 262597 "https://blog.csdn.net/answer3lin/article/details/82966360" "Mozilla/5.0 (Linux; Android) AppleWebKit/537.36 (KHTML, like Gecko) Chrome/34.0.1847.131 Safari/537.36" 
140.249.62.19 - - [11/Sep/2020:23:52:14 -0700] "GET /honeypot/honeypot.json.zip HTTP/1.1" 206 262597 "-" "Mozilla/5.0 (Linux; Android) AppleWebKit/537.36 (KHTML, like Gecko) Chrome/34.0.1847.131 Safari/537.36" 
140.249.62.19 - - [11/Sep/2020:23:52:05 -0700] "GET /honeypot/honeypot.json.zip HTTP/1.1" 206 262597 "-" "Mozilla/5.0 (Linux; Android) AppleWebKit/537.36 (KHTML, like Gecko) Chrome/34.0.1847.131 Safari/537.36" 
140.249.62.112 - - [11/Sep/2020:23:52:09 -0700] "GET /honeypot/honeypot.json.zip HTTP/1.1" 206 262597 "https://blog.csdn.net/answer3lin/article/details/82966360" "Mozilla/5.0 (Linux; Android) AppleWebKit/537.36 (KHTML, like Gecko) Chrome/34.0.1847.131 Safari/537.36" 
140.249.62.19 - - [11/Sep/2020:23:52:15 -0700] "GET /honeypot/honeypot.json.zip HTTP/1.1" 206 262597 "-" "Mozilla/5.0 (Linux; Android) AppleWebKit/537.36 (KHTML, like Gecko) Chrome/34.0.1847.131 Safari/537.36" 
140.249.62.19 - - [11/Sep/2020:23:52:13 -0700] "GET /honeypot/honeypot.json.zip HTTP/1.1" 206 262597 "-" "Mozilla/5.0 (Linux; Android) AppleWebKit/537.36 (KHTML, like Gecko) Chrome/34.0.1847.131 Safari/537.36" 
140.249.62.112 - - [11/Sep/2020:23:52:24 -0700] "GET /honeypot/honeypot.json.zip HTTP/1.1" 206 262597 "https://blog.csdn.net/answer3lin/article/details/82966360" "Mozilla/5.0 (Linux; Android) AppleWebKit/537.36 (KHTML, like Gecko) Chrome/34.0.1847.131 Safari/537.36" 
140.249.62.19 - - [11/Sep/2020:23:52:18 -0700] "GET /honeypot/honeypot.json.zip HTTP/1.1" 206 262597 "-" "Mozilla/5.0 (Linux; Android) AppleWebKit/537.36 (KHTML, like Gecko) Chrome/34.0.1847.131 Safari/537.36" 
140.249.62.19 - - [11/Sep/2020:23:52:28 -0700] "GET /honeypot/honeypot.json.zip HTTP/1.1" 206 262597 "-" "Mozilla/5.0 (Linux; Android) AppleWebKit/537.36 (KHTML, like Gecko) Chrome/34.0.1847.131 Safari/537.36" 
140.249.62.112 - - [11/Sep/2020:23:52:27 -0700] "GET /honeypot/honeypot.json.zip HTTP/1.1" 206 262597 "https://blog.csdn.net/answer3lin/article/details/82966360" "Mozilla/5.0 (Linux; Android) AppleWebKit/537.36 (KHTML, like Gecko) Chrome/34.0.1847.131 Safari/537.36" 
140.249.62.112 - - [11/Sep/2020:23:52:36 -0700] "GET /honeypot/honeypot.json.zip HTTP/1.1" 206 262597 "https://blog.csdn.net/answer3lin/article/details/82966360" "Mozilla/5.0 (Linux; Android) AppleWebKit/537.36 (KHTML, like Gecko) Chrome/34.0.1847.131 Safari/537.36" 
140.249.62.19 - - [11/Sep/2020:23:51:50 -0700] "GET /honeypot/honeypot.json.zip HTTP/1.1" 200 365000 "-" "Mozilla/5.0 (Linux; Android) AppleWebKit/537.36 (KHTML, like Gecko) Chrome/34.0.1847.131 Safari/537.36" 
140.249.62.112 - - [11/Sep/2020:23:51:49 -0700] "GET /honeypot/honeypot.json.zip HTTP/1.1" 200 956300 "https://blog.csdn.net/answer3lin/article/details/82966360" "Mozilla/5.0 (Linux; Android) AppleWebKit/537.36 (KHTML, like Gecko) Chrome/34.0.1847.131 Safari/537.36" 
140.249.62.112 - - [11/Sep/2020:23:52:46 -0700] "GET /honeypot/honeypot.json.zip HTTP/1.1" 206 127020 "https://blog.csdn.net/answer3lin/article/details/82966360" "Mozilla/5.0 (Linux; Android) AppleWebKit/537.36 (KHTML, like Gecko) Chrome/34.0.1847.131 Safari/537.36" 
140.249.62.19 - - [11/Sep/2020:23:52:34 -0700] "GET /honeypot/honeypot.json.zip HTTP/1.1" 206 201480 "-" "Mozilla/5.0 (Linux; Android) AppleWebKit/537.36 (KHTML, like Gecko) Chrome/34.0.1847.131 Safari/537.36" 
140.249.62.19 - - [11/Sep/2020:23:52:29 -0700] "GET /honeypot/honeypot.json.zip HTTP/1.1" 206 129940 "-" "Mozilla/5.0 (Linux; Android) AppleWebKit/537.36 (KHTML, like Gecko) Chrome/34.0.1847.131 Safari/537.36" 
140.249.62.112 - - [11/Sep/2020:23:52:55 -0700] "GET /honeypot/honeypot.json.zip HTTP/1.1" 206 197061 "https://blog.csdn.net/answer3lin/article/details/82966360" "Mozilla/5.0 (Linux; Android) AppleWebKit/537.36 (KHTML, like Gecko) Chrome/34.0.1847.131 Safari/537.36" 
140.249.62.19 - - [11/Sep/2020:23:52:49 -0700] "GET /honeypot/honeypot.json.zip HTTP/1.1" 206 262595 "-" "Mozilla/5.0 (Linux; Android) AppleWebKit/537.36 (KHTML, like Gecko) Chrome/34.0.1847.131 Safari/537.36" 
140.249.62.112 - - [11/Sep/2020:23:52:49 -0700] "GET /honeypot/honeypot.json.zip HTTP/1.1" 206 262597 "https://blog.csdn.net/answer3lin/article/details/82966360" "Mozilla/5.0 (Linux; Android) AppleWebKit/537.36 (KHTML, like Gecko) Chrome/34.0.1847.131 Safari/537.36" 
140.249.62.112 - - [11/Sep/2020:23:52:49 -0700] "GET /honeypot/honeypot.json.zip HTTP/1.1" 206 262597 "https://blog.csdn.net/answer3lin/article/details/82966360" "Mozilla/5.0 (Linux; Android) AppleWebKit/537.36 (KHTML, like Gecko) Chrome/34.0.1847.131 Safari/537.36" 
140.249.62.19 - - [11/Sep/2020:23:52:49 -0700] "GET /honeypot/honeypot.json.zip HTTP/1.1" 206 262597 "-" "Mozilla/5.0 (Linux; Android) AppleWebKit/537.36 (KHTML, like Gecko) Chrome/34.0.1847.131 Safari/537.36" 
140.249.62.112 - - [11/Sep/2020:23:52:49 -0700] "GET /honeypot/honeypot.json.zip HTTP/1.1" 206 262597 "https://blog.csdn.net/answer3lin/article/details/82966360" "Mozilla/5.0 (Linux; Android) AppleWebKit/537.36 (KHTML, like Gecko) Chrome/34.0.1847.131 Safari/537.36" 
140.249.62.19 - - [11/Sep/2020:23:52:49 -0700] "GET /honeypot/honeypot.json.zip HTTP/1.1" 206 262596 "-" "Mozilla/5.0 (Linux; Android) AppleWebKit/537.36 (KHTML, like Gecko) Chrome/34.0.1847.131 Safari/537.36" 
140.249.62.19 - - [11/Sep/2020:23:52:49 -0700] "GET /honeypot/honeypot.json.zip HTTP/1.1" 206 262597 "-" "Mozilla/5.0 (Linux; Android) AppleWebKit/537.36 (KHTML, like Gecko) Chrome/34.0.1847.131 Safari/537.36" 
140.249.62.112 - - [11/Sep/2020:23:52:49 -0700] "GET /honeypot/honeypot.json.zip HTTP/1.1" 206 282759 "https://blog.csdn.net/answer3lin/article/details/82966360" "Mozilla/5.0 (Linux; Android) AppleWebKit/537.36 (KHTML, like Gecko) Chrome/34.0.1847.131 Safari/537.36" 
140.249.62.19 - - [11/Sep/2020:23:52:49 -0700] "GET /honeypot/honeypot.json.zip HTTP/1.1" 206 280502 "-" "Mozilla/5.0 (Linux; Android) AppleWebKit/537.36 (KHTML, like Gecko) Chrome/34.0.1847.131 Safari/537.36" 
140.249.62.112 - - [11/Sep/2020:23:53:08 -0700] "GET /honeypot/honeypot.json.zip HTTP/1.1" 206 280406 "https://blog.csdn.net/answer3lin/article/details/82966360" "Mozilla/5.0 (Linux; Android) AppleWebKit/537.36 (KHTML, like Gecko) Chrome/34.0.1847.131 Safari/537.36" 
140.249.62.112 - - [11/Sep/2020:23:53:09 -0700] "GET /honeypot/honeypot.json.zip HTTP/1.1" 206 262597 "https://blog.csdn.net/answer3lin/article/details/82966360" "Mozilla/5.0 (Linux; Android) AppleWebKit/537.36 (KHTML, like Gecko) Chrome/34.0.1847.131 Safari/537.36" 
140.249.62.19 - - [11/Sep/2020:23:53:09 -0700] "GET /honeypot/honeypot.json.zip HTTP/1.1" 206 262597 "-" "Mozilla/5.0 (Linux; Android) AppleWebKit/537.36 (KHTML, like Gecko) Chrome/34.0.1847.131 Safari/537.36" 
140.249.62.112 - - [11/Sep/2020:23:53:17 -0700] "GET /honeypot/honeypot.json.zip HTTP/1.1" 206 190050 "https://blog.csdn.net/answer3lin/article/details/82966360" "Mozilla/5.0 (Linux; Android) AppleWebKit/537.36 (KHTML, like Gecko) Chrome/34.0.1847.131 Safari/537.36" 
140.249.62.19 - - [11/Sep/2020:23:53:13 -0700] "GET /honeypot/honeypot.json.zip HTTP/1.1" 206 229829 "-" "Mozilla/5.0 (Linux; Android) AppleWebKit/537.36 (KHTML, like Gecko) Chrome/34.0.1847.131 Safari/537.36" 
140.249.62.112 - - [11/Sep/2020:23:53:17 -0700] "GET /honeypot/honeypot.json.zip HTTP/1.1" 206 262597 "https://blog.csdn.net/answer3lin/article/details/82966360" "Mozilla/5.0 (Linux; Android) AppleWebKit/537.36 (KHTML, like Gecko) Chrome/34.0.1847.131 Safari/537.36" 
140.249.62.19 - - [11/Sep/2020:23:53:17 -0700] "GET /honeypot/honeypot.json.zip HTTP/1.1" 206 278782 "-" "Mozilla/5.0 (Linux; Android) AppleWebKit/537.36 (KHTML, like Gecko) Chrome/34.0.1847.131 Safari/537.36" 
140.249.62.112 - - [11/Sep/2020:23:53:34 -0700] "GET /honeypot/honeypot.json.zip HTTP/1.1" 206 106830 "https://blog.csdn.net/answer3lin/article/details/82966360" "Mozilla/5.0 (Linux; Android) AppleWebKit/537.36 (KHTML, like Gecko) Chrome/34.0.1847.131 Safari/537.36" 
140.249.62.19 - - [11/Sep/2020:23:53:28 -0700] "GET /honeypot/honeypot.json.zip HTTP/1.1" 206 262597 "-" "Mozilla/5.0 (Linux; Android) AppleWebKit/537.36 (KHTML, like Gecko) Chrome/34.0.1847.131 Safari/537.36" 
140.249.62.112 - - [11/Sep/2020:23:53:41 -0700] "GET /honeypot/honeypot.json.zip HTTP/1.1" 206 77629 "https://blog.csdn.net/answer3lin/article/details/82966360" "Mozilla/5.0 (Linux; Android) AppleWebKit/537.36 (KHTML, like Gecko) Chrome/34.0.1847.131 Safari/537.36" 
144.168.162.250 - - [11/Sep/2020:23:53:43 -0700] "GET / HTTP/1.1" 301 475 "-" "Mozilla/5.0 (Windows NT 6.1; WOW64) AppleWebKit/537.36 (KHTML, like Gecko) Chrome/34.0.1847.131 Safari/537.36" 
144.168.162.250 - - [11/Sep/2020:23:53:44 -0700] "GET / HTTP/1.1" 200 48064 "-" "Mozilla/5.0 (Windows NT 6.1; WOW64) AppleWebKit/537.36 (KHTML, like Gecko) Chrome/34.0.1847.131 Safari/537.36" 
140.249.62.112 - - [11/Sep/2020:23:53:30 -0700] "GET /honeypot/honeypot.json.zip HTTP/1.1" 206 262597 "https://blog.csdn.net/answer3lin/article/details/82966360" "Mozilla/5.0 (Linux; Android) AppleWebKit/537.36 (KHTML, like Gecko) Chrome/34.0.1847.131 Safari/537.36" 
140.249.62.19 - - [11/Sep/2020:23:53:39 -0700] "GET /honeypot/honeypot.json.zip HTTP/1.1" 206 262597 "-" "Mozilla/5.0 (Linux; Android) AppleWebKit/537.36 (KHTML, like Gecko) Chrome/34.0.1847.131 Safari/537.36" 
140.249.62.112 - - [11/Sep/2020:23:53:32 -0700] "GET /honeypot/honeypot.json.zip HTTP/1.1" 206 262597 "https://blog.csdn.net/answer3lin/article/details/82966360" "Mozilla/5.0 (Linux; Android) AppleWebKit/537.36 (KHTML, like Gecko) Chrome/34.0.1847.131 Safari/537.36" 
140.249.62.112 - - [11/Sep/2020:23:53:43 -0700] "GET /honeypot/honeypot.json.zip HTTP/1.1" 206 262597 "https://blog.csdn.net/answer3lin/article/details/82966360" "Mozilla/5.0 (Linux; Android) AppleWebKit/537.36 (KHTML, like Gecko) Chrome/34.0.1847.131 Safari/537.36" 
140.249.62.19 - - [11/Sep/2020:23:53:44 -0700] "GET /honeypot/honeypot.json.zip HTTP/1.1" 206 262597 "-" "Mozilla/5.0 (Linux; Android) AppleWebKit/537.36 (KHTML, like Gecko) Chrome/34.0.1847.131 Safari/537.36" 
140.249.62.112 - - [11/Sep/2020:23:52:25 -0700] "GET /honeypot/honeypot.json.zip HTTP/1.1" 206 202940 "https://blog.csdn.net/answer3lin/article/details/82966360" "Mozilla/5.0 (Linux; Android) AppleWebKit/537.36 (KHTML, like Gecko) Chrome/34.0.1847.131 Safari/537.36" 
140.249.62.19 - - [11/Sep/2020:23:53:50 -0700] "GET /honeypot/honeypot.json.zip HTTP/1.1" 206 262597 "-" "Mozilla/5.0 (Linux; Android) AppleWebKit/537.36 (KHTML, like Gecko) Chrome/34.0.1847.131 Safari/537.36" 
140.249.62.112 - - [11/Sep/2020:23:53:46 -0700] "GET /honeypot/honeypot.json.zip HTTP/1.1" 206 262597 "https://blog.csdn.net/answer3lin/article/details/82966360" "Mozilla/5.0 (Linux; Android) AppleWebKit/537.36 (KHTML, like Gecko) Chrome/34.0.1847.131 Safari/537.36" 
140.249.62.19 - - [11/Sep/2020:23:53:46 -0700] "GET /honeypot/honeypot.json.zip HTTP/1.1" 206 262597 "-" "Mozilla/5.0 (Linux; Android) AppleWebKit/537.36 (KHTML, like Gecko) Chrome/34.0.1847.131 Safari/537.36" 
140.249.62.112 - - [11/Sep/2020:23:53:56 -0700] "GET /honeypot/honeypot.json.zip HTTP/1.1" 206 262597 "https://blog.csdn.net/answer3lin/article/details/82966360" "Mozilla/5.0 (Linux; Android) AppleWebKit/537.36 (KHTML, like Gecko) Chrome/34.0.1847.131 Safari/537.36" 
140.249.62.19 - - [11/Sep/2020:23:54:04 -0700] "GET /honeypot/honeypot.json.zip HTTP/1.1" 206 262597 "-" "Mozilla/5.0 (Linux; Android) AppleWebKit/537.36 (KHTML, like Gecko) Chrome/34.0.1847.131 Safari/537.36" 
140.249.62.19 - - [11/Sep/2020:23:53:52 -0700] "GET /honeypot/honeypot.json.zip HTTP/1.1" 206 262597 "-" "Mozilla/5.0 (Linux; Android) AppleWebKit/537.36 (KHTML, like Gecko) Chrome/34.0.1847.131 Safari/537.36" 
140.249.62.112 - - [11/Sep/2020:23:54:00 -0700] "GET /honeypot/honeypot.json.zip HTTP/1.1" 206 262597 "https://blog.csdn.net/answer3lin/article/details/82966360" "Mozilla/5.0 (Linux; Android) AppleWebKit/537.36 (KHTML, like Gecko) Chrome/34.0.1847.131 Safari/537.36" 
140.249.62.112 - - [11/Sep/2020:23:54:01 -0700] "GET /honeypot/honeypot.json.zip HTTP/1.1" 206 262597 "https://blog.csdn.net/answer3lin/article/details/82966360" "Mozilla/5.0 (Linux; Android) AppleWebKit/537.36 (KHTML, like Gecko) Chrome/34.0.1847.131 Safari/537.36" 
140.249.62.112 - - [11/Sep/2020:23:54:03 -0700] "GET /honeypot/honeypot.json.zip HTTP/1.1" 206 262590 "https://blog.csdn.net/answer3lin/article/details/82966360" "Mozilla/5.0 (Linux; Android) AppleWebKit/537.36 (KHTML, like Gecko) Chrome/34.0.1847.131 Safari/537.36" 
140.249.62.112 - - [11/Sep/2020:23:54:14 -0700] "GET /honeypot/honeypot.json.zip HTTP/1.1" 206 262595 "https://blog.csdn.net/answer3lin/article/details/82966360" "Mozilla/5.0 (Linux; Android) AppleWebKit/537.36 (KHTML, like Gecko) Chrome/34.0.1847.131 Safari/537.36" 
140.249.62.112 - - [11/Sep/2020:23:54:25 -0700] "GET /honeypot/honeypot.json.zip HTTP/1.1" 206 262595 "https://blog.csdn.net/answer3lin/article/details/82966360" "Mozilla/5.0 (Linux; Android) AppleWebKit/537.36 (KHTML, like Gecko) Chrome/34.0.1847.131 Safari/537.36" 
140.249.62.19 - - [11/Sep/2020:23:54:35 -0700] "GET /honeypot/honeypot.json.zip HTTP/1.1" 206 120353 "-" "Mozilla/5.0 (Linux; Android) AppleWebKit/537.36 (KHTML, like Gecko) Chrome/34.0.1847.131 Safari/537.36" 
140.249.62.19 - - [11/Sep/2020:23:54:19 -0700] "GET /honeypot/honeypot.json.zip HTTP/1.1" 206 262597 "-" "Mozilla/5.0 (Linux; Android) AppleWebKit/537.36 (KHTML, like Gecko) Chrome/34.0.1847.131 Safari/537.36" 
140.249.62.19 - - [11/Sep/2020:23:54:26 -0700] "GET /honeypot/honeypot.json.zip HTTP/1.1" 206 262597 "-" "Mozilla/5.0 (Linux; Android) AppleWebKit/537.36 (KHTML, like Gecko) Chrome/34.0.1847.131 Safari/537.36" 
140.249.62.112 - - [11/Sep/2020:23:54:35 -0700] "GET /honeypot/honeypot.json.zip HTTP/1.1" 206 262597 "https://blog.csdn.net/answer3lin/article/details/82966360" "Mozilla/5.0 (Linux; Android) AppleWebKit/537.36 (KHTML, like Gecko) Chrome/34.0.1847.131 Safari/537.36" 
140.249.62.112 - - [11/Sep/2020:23:54:39 -0700] "GET /honeypot/honeypot.json.zip HTTP/1.1" 206 262597 "https://blog.csdn.net/answer3lin/article/details/82966360" "Mozilla/5.0 (Linux; Android) AppleWebKit/537.36 (KHTML, like Gecko) Chrome/34.0.1847.131 Safari/537.36" 
140.249.62.112 - - [11/Sep/2020:23:54:42 -0700] "GET /honeypot/honeypot.json.zip HTTP/1.1" 206 262597 "https://blog.csdn.net/answer3lin/article/details/82966360" "Mozilla/5.0 (Linux; Android) AppleWebKit/537.36 (KHTML, like Gecko) Chrome/34.0.1847.131 Safari/537.36" 
140.249.62.19 - - [11/Sep/2020:23:54:38 -0700] "GET /honeypot/honeypot.json.zip HTTP/1.1" 206 262597 "-" "Mozilla/5.0 (Linux; Android) AppleWebKit/537.36 (KHTML, like Gecko) Chrome/34.0.1847.131 Safari/537.36" 
140.249.62.19 - - [11/Sep/2020:23:54:46 -0700] "GET /honeypot/honeypot.json.zip HTTP/1.1" 206 262597 "-" "Mozilla/5.0 (Linux; Android) AppleWebKit/537.36 (KHTML, like Gecko) Chrome/34.0.1847.131 Safari/537.36" 
140.249.62.112 - - [11/Sep/2020:23:54:47 -0700] "GET /honeypot/honeypot.json.zip HTTP/1.1" 206 262597 "https://blog.csdn.net/answer3lin/article/details/82966360" "Mozilla/5.0 (Linux; Android) AppleWebKit/537.36 (KHTML, like Gecko) Chrome/34.0.1847.131 Safari/537.36" 
140.249.62.19 - - [11/Sep/2020:23:54:53 -0700] "GET /honeypot/honeypot.json.zip HTTP/1.1" 206 262597 "-" "Mozilla/5.0 (Linux; Android) AppleWebKit/537.36 (KHTML, like Gecko) Chrome/34.0.1847.131 Safari/537.36" 
140.249.62.19 - - [11/Sep/2020:23:54:26 -0700] "GET /honeypot/honeypot.json.zip HTTP/1.1" 206 262597 "-" "Mozilla/5.0 (Linux; Android) AppleWebKit/537.36 (KHTML, like Gecko) Chrome/34.0.1847.131 Safari/537.36" 
140.249.62.19 - - [11/Sep/2020:23:55:06 -0700] "GET /honeypot/honeypot.json.zip HTTP/1.1" 206 207570 "-" "Mozilla/5.0 (Linux; Android) AppleWebKit/537.36 (KHTML, like Gecko) Chrome/34.0.1847.131 Safari/537.36" 
140.249.62.19 - - [11/Sep/2020:23:55:08 -0700] "GET /honeypot/honeypot.json.zip HTTP/1.1" 206 102450 "-" "Mozilla/5.0 (Linux; Android) AppleWebKit/537.36 (KHTML, like Gecko) Chrome/34.0.1847.131 Safari/537.36" 
140.249.62.112 - - [11/Sep/2020:23:54:51 -0700] "GET /honeypot/honeypot.json.zip HTTP/1.1" 206 262597 "https://blog.csdn.net/answer3lin/article/details/82966360" "Mozilla/5.0 (Linux; Android) AppleWebKit/537.36 (KHTML, like Gecko) Chrome/34.0.1847.131 Safari/537.36" 
140.249.62.112 - - [11/Sep/2020:23:55:09 -0700] "GET /honeypot/honeypot.json.zip HTTP/1.1" 206 185420 "https://blog.csdn.net/answer3lin/article/details/82966360" "Mozilla/5.0 (Linux; Android) AppleWebKit/537.36 (KHTML, like Gecko) Chrome/34.0.1847.131 Safari/537.36" 
140.249.62.112 - - [11/Sep/2020:23:55:02 -0700] "GET /honeypot/honeypot.json.zip HTTP/1.1" 206 262597 "https://blog.csdn.net/answer3lin/article/details/82966360" "Mozilla/5.0 (Linux; Android) AppleWebKit/537.36 (KHTML, like Gecko) Chrome/34.0.1847.131 Safari/537.36" 
140.249.62.19 - - [11/Sep/2020:23:55:16 -0700] "GET /honeypot/honeypot.json.zip HTTP/1.1" 206 14849 "-" "Mozilla/5.0 (Linux; Android) AppleWebKit/537.36 (KHTML, like Gecko) Chrome/34.0.1847.131 Safari/537.36" 
140.249.62.19 - - [11/Sep/2020:23:55:04 -0700] "GET /honeypot/honeypot.json.zip HTTP/1.1" 206 262597 "-" "Mozilla/5.0 (Linux; Android) AppleWebKit/537.36 (KHTML, like Gecko) Chrome/34.0.1847.131 Safari/537.36" 
140.249.62.112 - - [11/Sep/2020:23:55:28 -0700] "GET /honeypot/honeypot.json.zip HTTP/1.1" 206 72999 "https://blog.csdn.net/answer3lin/article/details/82966360" "Mozilla/5.0 (Linux; Android) AppleWebKit/537.36 (KHTML, like Gecko) Chrome/34.0.1847.131 Safari/537.36" 
140.249.62.19 - - [11/Sep/2020:23:55:21 -0700] "GET /honeypot/honeypot.json.zip HTTP/1.1" 206 262597 "-" "Mozilla/5.0 (Linux; Android) AppleWebKit/537.36 (KHTML, like Gecko) Chrome/34.0.1847.131 Safari/537.36" 
140.249.62.19 - - [11/Sep/2020:23:55:19 -0700] "GET /honeypot/honeypot.json.zip HTTP/1.1" 206 262597 "-" "Mozilla/5.0 (Linux; Android) AppleWebKit/537.36 (KHTML, like Gecko) Chrome/34.0.1847.131 Safari/537.36" 
140.249.62.19 - - [11/Sep/2020:23:55:20 -0700] "GET /honeypot/honeypot.json.zip HTTP/1.1" 206 262597 "-" "Mozilla/5.0 (Linux; Android) AppleWebKit/537.36 (KHTML, like Gecko) Chrome/34.0.1847.131 Safari/537.36" 
140.249.62.112 - - [11/Sep/2020:23:55:26 -0700] "GET /honeypot/honeypot.json.zip HTTP/1.1" 206 156220 "https://blog.csdn.net/answer3lin/article/details/82966360" "Mozilla/5.0 (Linux; Android) AppleWebKit/537.36 (KHTML, like Gecko) Chrome/34.0.1847.131 Safari/537.36" 
140.249.62.19 - - [11/Sep/2020:23:55:24 -0700] "GET /honeypot/honeypot.json.zip HTTP/1.1" 206 262597 "-" "Mozilla/5.0 (Linux; Android) AppleWebKit/537.36 (KHTML, like Gecko) Chrome/34.0.1847.131 Safari/537.36" 
140.249.62.112 - - [11/Sep/2020:23:55:32 -0700] "GET /honeypot/honeypot.json.zip HTTP/1.1" 206 262597 "https://blog.csdn.net/answer3lin/article/details/82966360" "Mozilla/5.0 (Linux; Android) AppleWebKit/537.36 (KHTML, like Gecko) Chrome/34.0.1847.131 Safari/537.36" 
140.249.62.112 - - [11/Sep/2020:23:55:39 -0700] "GET /honeypot/honeypot.json.zip HTTP/1.1" 206 262597 "https://blog.csdn.net/answer3lin/article/details/82966360" "Mozilla/5.0 (Linux; Android) AppleWebKit/537.36 (KHTML, like Gecko) Chrome/34.0.1847.131 Safari/537.36" 
140.249.62.112 - - [11/Sep/2020:23:55:37 -0700] "GET /honeypot/honeypot.json.zip HTTP/1.1" 206 262597 "https://blog.csdn.net/answer3lin/article/details/82966360" "Mozilla/5.0 (Linux; Android) AppleWebKit/537.36 (KHTML, like Gecko) Chrome/34.0.1847.131 Safari/537.36" 
140.249.62.19 - - [11/Sep/2020:23:55:37 -0700] "GET /honeypot/honeypot.json.zip HTTP/1.1" 206 262598 "-" "Mozilla/5.0 (Linux; Android) AppleWebKit/537.36 (KHTML, like Gecko) Chrome/34.0.1847.131 Safari/537.36" 
140.249.62.19 - - [11/Sep/2020:23:55:45 -0700] "GET /honeypot/honeypot.json.zip HTTP/1.1" 206 262597 "-" "Mozilla/5.0 (Linux; Android) AppleWebKit/537.36 (KHTML, like Gecko) Chrome/34.0.1847.131 Safari/537.36" 
140.249.62.19 - - [11/Sep/2020:23:55:42 -0700] "GET /honeypot/honeypot.json.zip HTTP/1.1" 206 262590 "-" "Mozilla/5.0 (Linux; Android) AppleWebKit/537.36 (KHTML, like Gecko) Chrome/34.0.1847.131 Safari/537.36" 
140.249.62.19 - - [11/Sep/2020:23:55:42 -0700] "GET /honeypot/honeypot.json.zip HTTP/1.1" 206 262597 "-" "Mozilla/5.0 (Linux; Android) AppleWebKit/537.36 (KHTML, like Gecko) Chrome/34.0.1847.131 Safari/537.36" 
140.249.62.112 - - [11/Sep/2020:23:55:47 -0700] "GET /honeypot/honeypot.json.zip HTTP/1.1" 206 262597 "https://blog.csdn.net/answer3lin/article/details/82966360" "Mozilla/5.0 (Linux; Android) AppleWebKit/537.36 (KHTML, like Gecko) Chrome/34.0.1847.131 Safari/537.36" 
140.249.62.19 - - [11/Sep/2020:23:55:43 -0700] "GET /honeypot/honeypot.json.zip HTTP/1.1" 206 262599 "-" "Mozilla/5.0 (Linux; Android) AppleWebKit/537.36 (KHTML, like Gecko) Chrome/34.0.1847.131 Safari/537.36" 
140.249.62.112 - - [11/Sep/2020:23:55:56 -0700] "GET /honeypot/honeypot.json.zip HTTP/1.1" 206 262597 "https://blog.csdn.net/answer3lin/article/details/82966360" "Mozilla/5.0 (Linux; Android) AppleWebKit/537.36 (KHTML, like Gecko) Chrome/34.0.1847.131 Safari/537.36" 
140.249.62.112 - - [11/Sep/2020:23:55:54 -0700] "GET /honeypot/honeypot.json.zip HTTP/1.1" 206 262597 "https://blog.csdn.net/answer3lin/article/details/82966360" "Mozilla/5.0 (Linux; Android) AppleWebKit/537.36 (KHTML, like Gecko) Chrome/34.0.1847.131 Safari/537.36" 
140.249.62.19 - - [11/Sep/2020:23:55:59 -0700] "GET /honeypot/honeypot.json.zip HTTP/1.1" 206 262597 "-" "Mozilla/5.0 (Linux; Android) AppleWebKit/537.36 (KHTML, like Gecko) Chrome/34.0.1847.131 Safari/537.36" 
140.249.62.112 - - [11/Sep/2020:23:55:57 -0700] "GET /honeypot/honeypot.json.zip HTTP/1.1" 206 262597 "https://blog.csdn.net/answer3lin/article/details/82966360" "Mozilla/5.0 (Linux; Android) AppleWebKit/537.36 (KHTML, like Gecko) Chrome/34.0.1847.131 Safari/537.36" 
140.249.62.112 - - [11/Sep/2020:23:55:30 -0700] "GET /honeypot/honeypot.json.zip HTTP/1.1" 206 262597 "https://blog.csdn.net/answer3lin/article/details/82966360" "Mozilla/5.0 (Linux; Android) AppleWebKit/537.36 (KHTML, like Gecko) Chrome/34.0.1847.131 Safari/537.36" 
140.249.62.19 - - [11/Sep/2020:23:56:04 -0700] "GET /honeypot/honeypot.json.zip HTTP/1.1" 206 262597 "-" "Mozilla/5.0 (Linux; Android) AppleWebKit/537.36 (KHTML, like Gecko) Chrome/34.0.1847.131 Safari/537.36" 
140.249.62.112 - - [11/Sep/2020:23:56:10 -0700] "GET /honeypot/honeypot.json.zip HTTP/1.1" 206 262597 "https://blog.csdn.net/answer3lin/article/details/82966360" "Mozilla/5.0 (Linux; Android) AppleWebKit/537.36 (KHTML, like Gecko) Chrome/34.0.1847.131 Safari/537.36" 
140.249.62.112 - - [11/Sep/2020:23:56:09 -0700] "GET /honeypot/honeypot.json.zip HTTP/1.1" 206 262597 "https://blog.csdn.net/answer3lin/article/details/82966360" "Mozilla/5.0 (Linux; Android) AppleWebKit/537.36 (KHTML, like Gecko) Chrome/34.0.1847.131 Safari/537.36" 
140.249.62.19 - - [11/Sep/2020:23:56:09 -0700] "GET /honeypot/honeypot.json.zip HTTP/1.1" 206 262597 "-" "Mozilla/5.0 (Linux; Android) AppleWebKit/537.36 (KHTML, like Gecko) Chrome/34.0.1847.131 Safari/537.36" 
140.249.62.19 - - [11/Sep/2020:23:56:07 -0700] "GET /honeypot/honeypot.json.zip HTTP/1.1" 206 262597 "-" "Mozilla/5.0 (Linux; Android) AppleWebKit/537.36 (KHTML, like Gecko) Chrome/34.0.1847.131 Safari/537.36" 
140.249.62.112 - - [11/Sep/2020:23:56:13 -0700] "GET /honeypot/honeypot.json.zip HTTP/1.1" 206 262597 "https://blog.csdn.net/answer3lin/article/details/82966360" "Mozilla/5.0 (Linux; Android) AppleWebKit/537.36 (KHTML, like Gecko) Chrome/34.0.1847.131 Safari/537.36" 
140.249.62.19 - - [11/Sep/2020:23:56:14 -0700] "GET /honeypot/honeypot.json.zip HTTP/1.1" 206 262597 "-" "Mozilla/5.0 (Linux; Android) AppleWebKit/537.36 (KHTML, like Gecko) Chrome/34.0.1847.131 Safari/537.36" 
140.249.62.19 - - [11/Sep/2020:23:56:17 -0700] "GET /honeypot/honeypot.json.zip HTTP/1.1" 206 262597 "-" "Mozilla/5.0 (Linux; Android) AppleWebKit/537.36 (KHTML, like Gecko) Chrome/34.0.1847.131 Safari/537.36" 
140.249.62.19 - - [11/Sep/2020:23:56:11 -0700] "GET /honeypot/honeypot.json.zip HTTP/1.1" 206 262597 "-" "Mozilla/5.0 (Linux; Android) AppleWebKit/537.36 (KHTML, like Gecko) Chrome/34.0.1847.131 Safari/537.36" 
140.249.62.19 - - [11/Sep/2020:23:56:36 -0700] "GET /honeypot/honeypot.json.zip HTTP/1.1" 206 15311 "-" "Mozilla/5.0 (Linux; Android) AppleWebKit/537.36 (KHTML, like Gecko) Chrome/34.0.1847.131 Safari/537.36" 
140.249.62.112 - - [11/Sep/2020:23:56:19 -0700] "GET /honeypot/honeypot.json.zip HTTP/1.1" 206 262598 "https://blog.csdn.net/answer3lin/article/details/82966360" "Mozilla/5.0 (Linux; Android) AppleWebKit/537.36 (KHTML, like Gecko) Chrome/34.0.1847.131 Safari/537.36" 
140.249.62.19 - - [11/Sep/2020:23:56:38 -0700] "GET /honeypot/honeypot.json.zip HTTP/1.1" 206 55479 "-" "Mozilla/5.0 (Linux; Android) AppleWebKit/537.36 (KHTML, like Gecko) Chrome/34.0.1847.131 Safari/537.36" 
140.249.62.112 - - [11/Sep/2020:23:56:23 -0700] "GET /honeypot/honeypot.json.zip HTTP/1.1" 206 262599 "https://blog.csdn.net/answer3lin/article/details/82966360" "Mozilla/5.0 (Linux; Android) AppleWebKit/537.36 (KHTML, like Gecko) Chrome/34.0.1847.131 Safari/537.36" 
140.249.62.19 - - [11/Sep/2020:23:56:38 -0700] "GET /honeypot/honeypot.json.zip HTTP/1.1" 206 115340 "-" "Mozilla/5.0 (Linux; Android) AppleWebKit/537.36 (KHTML, like Gecko) Chrome/34.0.1847.131 Safari/537.36" 
140.249.62.19 - - [11/Sep/2020:23:56:34 -0700] "GET /honeypot/honeypot.json.zip HTTP/1.1" 206 248200 "-" "Mozilla/5.0 (Linux; Android) AppleWebKit/537.36 (KHTML, like Gecko) Chrome/34.0.1847.131 Safari/537.36" 
140.249.62.112 - - [11/Sep/2020:23:56:31 -0700] "GET /honeypot/honeypot.json.zip HTTP/1.1" 206 262599 "https://blog.csdn.net/answer3lin/article/details/82966360" "Mozilla/5.0 (Linux; Android) AppleWebKit/537.36 (KHTML, like Gecko) Chrome/34.0.1847.131 Safari/537.36" 
140.249.62.112 - - [11/Sep/2020:23:56:34 -0700] "GET /honeypot/honeypot.json.zip HTTP/1.1" 206 262599 "https://blog.csdn.net/answer3lin/article/details/82966360" "Mozilla/5.0 (Linux; Android) AppleWebKit/537.36 (KHTML, like Gecko) Chrome/34.0.1847.131 Safari/537.36" 
140.249.62.19 - - [11/Sep/2020:23:56:40 -0700] "GET /honeypot/honeypot.json.zip HTTP/1.1" 206 262599 "-" "Mozilla/5.0 (Linux; Android) AppleWebKit/537.36 (KHTML, like Gecko) Chrome/34.0.1847.131 Safari/537.36" 
140.249.62.112 - - [11/Sep/2020:23:56:40 -0700] "GET /honeypot/honeypot.json.zip HTTP/1.1" 206 262599 "https://blog.csdn.net/answer3lin/article/details/82966360" "Mozilla/5.0 (Linux; Android) AppleWebKit/537.36 (KHTML, like Gecko) Chrome/34.0.1847.131 Safari/537.36" 
140.249.62.112 - - [11/Sep/2020:23:56:59 -0700] "GET /honeypot/honeypot.json.zip HTTP/1.1" 206 63318 "https://blog.csdn.net/answer3lin/article/details/82966360" "Mozilla/5.0 (Linux; Android) AppleWebKit/537.36 (KHTML, like Gecko) Chrome/34.0.1847.131 Safari/537.36" 
140.249.62.19 - - [11/Sep/2020:23:56:47 -0700] "GET /honeypot/honeypot.json.zip HTTP/1.1" 206 262599 "-" "Mozilla/5.0 (Linux; Android) AppleWebKit/537.36 (KHTML, like Gecko) Chrome/34.0.1847.131 Safari/537.36" 
140.249.62.112 - - [11/Sep/2020:23:57:04 -0700] "GET /honeypot/honeypot.json.zip HTTP/1.1" 206 45823 "https://blog.csdn.net/answer3lin/article/details/82966360" "Mozilla/5.0 (Linux; Android) AppleWebKit/537.36 (KHTML, like Gecko) Chrome/34.0.1847.131 Safari/537.36" 
140.249.62.112 - - [11/Sep/2020:23:56:48 -0700] "GET /honeypot/honeypot.json.zip HTTP/1.1" 206 262599 "https://blog.csdn.net/answer3lin/article/details/82966360" "Mozilla/5.0 (Linux; Android) AppleWebKit/537.36 (KHTML, like Gecko) Chrome/34.0.1847.131 Safari/537.36" 
140.249.62.112 - - [11/Sep/2020:23:56:56 -0700] "GET /honeypot/honeypot.json.zip HTTP/1.1" 206 262599 "https://blog.csdn.net/answer3lin/article/details/82966360" "Mozilla/5.0 (Linux; Android) AppleWebKit/537.36 (KHTML, like Gecko) Chrome/34.0.1847.131 Safari/537.36" 
140.249.62.112 - - [11/Sep/2020:23:56:58 -0700] "GET /honeypot/honeypot.json.zip HTTP/1.1" 206 262597 "https://blog.csdn.net/answer3lin/article/details/82966360" "Mozilla/5.0 (Linux; Android) AppleWebKit/537.36 (KHTML, like Gecko) Chrome/34.0.1847.131 Safari/537.36" 
140.249.62.19 - - [11/Sep/2020:23:56:45 -0700] "GET /honeypot/honeypot.json.zip HTTP/1.1" 206 262599 "-" "Mozilla/5.0 (Linux; Android) AppleWebKit/537.36 (KHTML, like Gecko) Chrome/34.0.1847.131 Safari/537.36" 
140.249.62.19 - - [11/Sep/2020:23:56:54 -0700] "GET /honeypot/honeypot.json.zip HTTP/1.1" 206 262599 "-" "Mozilla/5.0 (Linux; Android) AppleWebKit/537.36 (KHTML, like Gecko) Chrome/34.0.1847.131 Safari/537.36" 
140.249.62.19 - - [11/Sep/2020:23:56:59 -0700] "GET /honeypot/honeypot.json.zip HTTP/1.1" 206 262599 "-" "Mozilla/5.0 (Linux; Android) AppleWebKit/537.36 (KHTML, like Gecko) Chrome/34.0.1847.131 Safari/537.36" 
140.249.62.112 - - [11/Sep/2020:23:57:09 -0700] "GET /honeypot/honeypot.json.zip HTTP/1.1" 206 262599 "https://blog.csdn.net/answer3lin/article/details/82966360" "Mozilla/5.0 (Linux; Android) AppleWebKit/537.36 (KHTML, like Gecko) Chrome/34.0.1847.131 Safari/537.36" 
140.249.62.112 - - [11/Sep/2020:23:57:07 -0700] "GET /honeypot/honeypot.json.zip HTTP/1.1" 206 262599 "https://blog.csdn.net/answer3lin/article/details/82966360" "Mozilla/5.0 (Linux; Android) AppleWebKit/537.36 (KHTML, like Gecko) Chrome/34.0.1847.131 Safari/537.36" 
140.249.62.19 - - [11/Sep/2020:23:57:14 -0700] "GET /honeypot/honeypot.json.zip HTTP/1.1" 206 262599 "-" "Mozilla/5.0 (Linux; Android) AppleWebKit/537.36 (KHTML, like Gecko) Chrome/34.0.1847.131 Safari/537.36" 
140.249.62.112 - - [11/Sep/2020:23:57:16 -0700] "GET /honeypot/honeypot.json.zip HTTP/1.1" 206 262599 "https://blog.csdn.net/answer3lin/article/details/82966360" "Mozilla/5.0 (Linux; Android) AppleWebKit/537.36 (KHTML, like Gecko) Chrome/34.0.1847.131 Safari/537.36" 
140.249.62.112 - - [11/Sep/2020:23:57:19 -0700] "GET /honeypot/honeypot.json.zip HTTP/1.1" 206 262599 "https://blog.csdn.net/answer3lin/article/details/82966360" "Mozilla/5.0 (Linux; Android) AppleWebKit/537.36 (KHTML, like Gecko) Chrome/34.0.1847.131 Safari/537.36" 
140.249.62.19 - - [11/Sep/2020:23:57:23 -0700] "GET /honeypot/honeypot.json.zip HTTP/1.1" 206 262599 "-" "Mozilla/5.0 (Linux; Android) AppleWebKit/537.36 (KHTML, like Gecko) Chrome/34.0.1847.131 Safari/537.36" 
140.249.62.19 - - [11/Sep/2020:23:57:20 -0700] "GET /honeypot/honeypot.json.zip HTTP/1.1" 206 262599 "-" "Mozilla/5.0 (Linux; Android) AppleWebKit/537.36 (KHTML, like Gecko) Chrome/34.0.1847.131 Safari/537.36" 
140.249.62.112 - - [11/Sep/2020:23:57:30 -0700] "GET /honeypot/honeypot.json.zip HTTP/1.1" 206 262599 "https://blog.csdn.net/answer3lin/article/details/82966360" "Mozilla/5.0 (Linux; Android) AppleWebKit/537.36 (KHTML, like Gecko) Chrome/34.0.1847.131 Safari/537.36" 
140.249.62.19 - - [11/Sep/2020:23:56:41 -0700] "GET /honeypot/honeypot.json.zip HTTP/1.1" 206 262599 "-" "Mozilla/5.0 (Linux; Android) AppleWebKit/537.36 (KHTML, like Gecko) Chrome/34.0.1847.131 Safari/537.36" 
140.249.62.19 - - [11/Sep/2020:23:57:25 -0700] "GET /honeypot/honeypot.json.zip HTTP/1.1" 206 262599 "-" "Mozilla/5.0 (Linux; Android) AppleWebKit/537.36 (KHTML, like Gecko) Chrome/34.0.1847.131 Safari/537.36" 
140.249.62.112 - - [11/Sep/2020:23:57:31 -0700] "GET /honeypot/honeypot.json.zip HTTP/1.1" 206 262599 "https://blog.csdn.net/answer3lin/article/details/82966360" "Mozilla/5.0 (Linux; Android) AppleWebKit/537.36 (KHTML, like Gecko) Chrome/34.0.1847.131 Safari/537.36" 
140.249.62.19 - - [11/Sep/2020:23:57:40 -0700] "GET /honeypot/honeypot.json.zip HTTP/1.1" 206 262599 "-" "Mozilla/5.0 (Linux; Android) AppleWebKit/537.36 (KHTML, like Gecko) Chrome/34.0.1847.131 Safari/537.36" 
140.249.62.112 - - [11/Sep/2020:23:57:27 -0700] "GET /honeypot/honeypot.json.zip HTTP/1.1" 206 262599 "https://blog.csdn.net/answer3lin/article/details/82966360" "Mozilla/5.0 (Linux; Android) AppleWebKit/537.36 (KHTML, like Gecko) Chrome/34.0.1847.131 Safari/537.36" 
140.249.62.112 - - [11/Sep/2020:23:57:39 -0700] "GET /honeypot/honeypot.json.zip HTTP/1.1" 206 262599 "https://blog.csdn.net/answer3lin/article/details/82966360" "Mozilla/5.0 (Linux; Android) AppleWebKit/537.36 (KHTML, like Gecko) Chrome/34.0.1847.131 Safari/537.36" 
140.249.62.19 - - [11/Sep/2020:23:57:41 -0700] "GET /honeypot/honeypot.json.zip HTTP/1.1" 206 262599 "-" "Mozilla/5.0 (Linux; Android) AppleWebKit/537.36 (KHTML, like Gecko) Chrome/34.0.1847.131 Safari/537.36" 
140.249.62.19 - - [11/Sep/2020:23:57:52 -0700] "GET /honeypot/honeypot.json.zip HTTP/1.1" 206 262599 "-" "Mozilla/5.0 (Linux; Android) AppleWebKit/537.36 (KHTML, like Gecko) Chrome/34.0.1847.131 Safari/537.36" 
140.249.62.112 - - [11/Sep/2020:23:57:42 -0700] "GET /honeypot/honeypot.json.zip HTTP/1.1" 206 262599 "https://blog.csdn.net/answer3lin/article/details/82966360" "Mozilla/5.0 (Linux; Android) AppleWebKit/537.36 (KHTML, like Gecko) Chrome/34.0.1847.131 Safari/537.36" 
140.249.62.112 - - [11/Sep/2020:23:57:42 -0700] "GET /honeypot/honeypot.json.zip HTTP/1.1" 206 262599 "https://blog.csdn.net/answer3lin/article/details/82966360" "Mozilla/5.0 (Linux; Android) AppleWebKit/537.36 (KHTML, like Gecko) Chrome/34.0.1847.131 Safari/537.36" 
140.249.62.19 - - [11/Sep/2020:23:57:46 -0700] "GET /honeypot/honeypot.json.zip HTTP/1.1" 206 262599 "-" "Mozilla/5.0 (Linux; Android) AppleWebKit/537.36 (KHTML, like Gecko) Chrome/34.0.1847.131 Safari/537.36" 
140.249.62.19 - - [11/Sep/2020:23:57:57 -0700] "GET /honeypot/honeypot.json.zip HTTP/1.1" 206 262599 "-" "Mozilla/5.0 (Linux; Android) AppleWebKit/537.36 (KHTML, like Gecko) Chrome/34.0.1847.131 Safari/537.36" 
140.249.62.112 - - [11/Sep/2020:23:57:50 -0700] "GET /honeypot/honeypot.json.zip HTTP/1.1" 206 262599 "https://blog.csdn.net/answer3lin/article/details/82966360" "Mozilla/5.0 (Linux; Android) AppleWebKit/537.36 (KHTML, like Gecko) Chrome/34.0.1847.131 Safari/537.36" 
140.249.62.19 - - [11/Sep/2020:23:57:55 -0700] "GET /honeypot/honeypot.json.zip HTTP/1.1" 206 262599 "-" "Mozilla/5.0 (Linux; Android) AppleWebKit/537.36 (KHTML, like Gecko) Chrome/34.0.1847.131 Safari/537.36" 
140.249.62.112 - - [11/Sep/2020:23:58:05 -0700] "GET /honeypot/honeypot.json.zip HTTP/1.1" 206 262599 "https://blog.csdn.net/answer3lin/article/details/82966360" "Mozilla/5.0 (Linux; Android) AppleWebKit/537.36 (KHTML, like Gecko) Chrome/34.0.1847.131 Safari/537.36" 
140.249.62.19 - - [11/Sep/2020:23:58:12 -0700] "GET /honeypot/honeypot.json.zip HTTP/1.1" 206 262599 "-" "Mozilla/5.0 (Linux; Android) AppleWebKit/537.36 (KHTML, like Gecko) Chrome/34.0.1847.131 Safari/537.36" 
140.249.62.19 - - [11/Sep/2020:23:58:12 -0700] "GET /honeypot/honeypot.json.zip HTTP/1.1" 206 262599 "-" "Mozilla/5.0 (Linux; Android) AppleWebKit/537.36 (KHTML, like Gecko) Chrome/34.0.1847.131 Safari/537.36" 
140.249.62.112 - - [11/Sep/2020:23:58:03 -0700] "GET /honeypot/honeypot.json.zip HTTP/1.1" 206 262599 "https://blog.csdn.net/answer3lin/article/details/82966360" "Mozilla/5.0 (Linux; Android) AppleWebKit/537.36 (KHTML, like Gecko) Chrome/34.0.1847.131 Safari/537.36" 
140.249.62.19 - - [11/Sep/2020:23:58:15 -0700] "GET /honeypot/honeypot.json.zip HTTP/1.1" 206 262599 "-" "Mozilla/5.0 (Linux; Android) AppleWebKit/537.36 (KHTML, like Gecko) Chrome/34.0.1847.131 Safari/537.36" 
140.249.62.112 - - [11/Sep/2020:23:58:20 -0700] "GET /honeypot/honeypot.json.zip HTTP/1.1" 206 262599 "https://blog.csdn.net/answer3lin/article/details/82966360" "Mozilla/5.0 (Linux; Android) AppleWebKit/537.36 (KHTML, like Gecko) Chrome/34.0.1847.131 Safari/537.36" 
140.249.62.19 - - [11/Sep/2020:23:58:16 -0700] "GET /honeypot/honeypot.json.zip HTTP/1.1" 206 262599 "-" "Mozilla/5.0 (Linux; Android) AppleWebKit/537.36 (KHTML, like Gecko) Chrome/34.0.1847.131 Safari/537.36" 
140.249.62.112 - - [11/Sep/2020:23:58:15 -0700] "GET /honeypot/honeypot.json.zip HTTP/1.1" 206 262599 "https://blog.csdn.net/answer3lin/article/details/82966360" "Mozilla/5.0 (Linux; Android) AppleWebKit/537.36 (KHTML, like Gecko) Chrome/34.0.1847.131 Safari/537.36" 
140.249.62.112 - - [11/Sep/2020:23:58:20 -0700] "GET /honeypot/honeypot.json.zip HTTP/1.1" 206 262599 "https://blog.csdn.net/answer3lin/article/details/82966360" "Mozilla/5.0 (Linux; Android) AppleWebKit/537.36 (KHTML, like Gecko) Chrome/34.0.1847.131 Safari/537.36" 
140.249.62.19 - - [11/Sep/2020:23:58:27 -0700] "GET /honeypot/honeypot.json.zip HTTP/1.1" 206 262599 "-" "Mozilla/5.0 (Linux; Android) AppleWebKit/537.36 (KHTML, like Gecko) Chrome/34.0.1847.131 Safari/537.36" 
140.249.62.19 - - [11/Sep/2020:23:58:25 -0700] "GET /honeypot/honeypot.json.zip HTTP/1.1" 206 262599 "-" "Mozilla/5.0 (Linux; Android) AppleWebKit/537.36 (KHTML, like Gecko) Chrome/34.0.1847.131 Safari/537.36" 
140.249.62.112 - - [11/Sep/2020:23:58:29 -0700] "GET /honeypot/honeypot.json.zip HTTP/1.1" 206 262599 "https://blog.csdn.net/answer3lin/article/details/82966360" "Mozilla/5.0 (Linux; Android) AppleWebKit/537.36 (KHTML, like Gecko) Chrome/34.0.1847.131 Safari/537.36" 
140.249.62.19 - - [11/Sep/2020:23:58:42 -0700] "GET /honeypot/honeypot.json.zip HTTP/1.1" 206 262599 "-" "Mozilla/5.0 (Linux; Android) AppleWebKit/537.36 (KHTML, like Gecko) Chrome/34.0.1847.131 Safari/537.36" 
140.249.62.112 - - [11/Sep/2020:23:58:38 -0700] "GET /honeypot/honeypot.json.zip HTTP/1.1" 206 262599 "https://blog.csdn.net/answer3lin/article/details/82966360" "Mozilla/5.0 (Linux; Android) AppleWebKit/537.36 (KHTML, like Gecko) Chrome/34.0.1847.131 Safari/537.36" 
140.249.62.19 - - [11/Sep/2020:23:58:43 -0700] "GET /honeypot/honeypot.json.zip HTTP/1.1" 206 262599 "-" "Mozilla/5.0 (Linux; Android) AppleWebKit/537.36 (KHTML, like Gecko) Chrome/34.0.1847.131 Safari/537.36" 
140.249.62.19 - - [11/Sep/2020:23:58:38 -0700] "GET /honeypot/honeypot.json.zip HTTP/1.1" 206 262599 "-" "Mozilla/5.0 (Linux; Android) AppleWebKit/537.36 (KHTML, like Gecko) Chrome/34.0.1847.131 Safari/537.36" 
