17.121.115.76 - - [28/Sep/2021:02:34:01 -0700] "GET /self.logs/error.log.2020-06-08 HTTP/1.1" 200 307 "-" "Mozilla/5.0 (Macintosh; Intel Mac OS X 10_15_5) AppleWebKit/605.1.15 (KHTML, like Gecko) Version/13.1.1 Safari/605.1.15 (Applebot/0.1; +http://www.apple.com/go/applebot)" 
51.222.253.17 - - [28/Sep/2021:02:34:08 -0700] "GET /self.logs/error.log.2018-10-21.gz HTTP/1.1" 200 5150 "-" "Mozilla/5.0 (compatible; AhrefsBot/7.0; +http://ahrefs.com/robot/)" 
51.222.253.6 - - [28/Sep/2021:02:38:46 -0700] "GET /self.logs/access.log.2019-04-08.gz HTTP/1.1" 200 26299 "-" "Mozilla/5.0 (compatible; AhrefsBot/7.0; +http://ahrefs.com/robot/)" 
114.119.154.113 - - [28/Sep/2021:02:42:40 -0700] "GET /self.logs/access.log.2020-12-17.gz HTTP/1.1" 200 16804 "-" "Mozilla/5.0 (Linux; Android 7.0;) AppleWebKit/537.36 (KHTML, like Gecko) Mobile Safari/537.36 (compatible; PetalBot;+https://webmaster.petalsearch.com/site/petalbot)" 
17.121.114.35 - - [28/Sep/2021:02:43:03 -0700] "GET /self.logs/error.log.2020-05-26 HTTP/1.1" 200 307 "-" "Mozilla/5.0 (Macintosh; Intel Mac OS X 10_15_5) AppleWebKit/605.1.15 (KHTML, like Gecko) Version/13.1.1 Safari/605.1.15 (Applebot/0.1; +http://www.apple.com/go/applebot)" 
51.222.253.6 - - [28/Sep/2021:02:43:40 -0700] "GET /self.logs/error.log.2018-02-03.gz HTTP/1.1" 200 4723 "-" "Mozilla/5.0 (compatible; AhrefsBot/7.0; +http://ahrefs.com/robot/)" 
193.191.148.194 - - [28/Sep/2021:02:43:58 -0700] "GET /robots.txt HTTP/1.1" 301 495 "-" "CCBot/3.1 (https://commoncrawl.org/faq/; info@commoncrawl.org)" 
193.191.148.194 - - [28/Sep/2021:02:43:59 -0700] "GET /robots.txt HTTP/1.1" 200 377 "-" "CCBot/3.1 (https://commoncrawl.org/faq/; info@commoncrawl.org)" 
193.191.148.194 - - [28/Sep/2021:02:43:59 -0700] "GET / HTTP/1.1" 301 475 "-" "CCBot/3.1 (https://commoncrawl.org/faq/; info@commoncrawl.org)" 
114.119.154.113 - - [28/Sep/2021:02:47:52 -0700] "GET /self.logs/error.log.2020-02-26.gz HTTP/1.1" 200 1256 "-" "Mozilla/5.0 (Linux; Android 7.0;) AppleWebKit/537.36 (KHTML, like Gecko) Mobile Safari/537.36 (compatible; PetalBot;+https://webmaster.petalsearch.com/site/petalbot)" 
51.222.253.4 - - [28/Sep/2021:02:48:11 -0700] "GET /self.logs/access.log.2020-08-10.gz HTTP/1.1" 200 11805 "-" "Mozilla/5.0 (compatible; AhrefsBot/7.0; +http://ahrefs.com/robot/)" 
81.69.231.177 - - [28/Sep/2021:02:50:01 -0700] "HEAD / HTTP/1.1" 301 223 "http://secrepo.com/" "Mozilla/5.0 (compatible; Baiduspider/2.0; +http://www.baidu.com/search/spider.html" 
81.69.231.177 - - [28/Sep/2021:02:50:02 -0700] "GET / HTTP/1.1" 200 48064 "http://secrepo.com/" "Mozilla/5.0 (compatible; Baiduspider/2.0; +http://www.baidu.com/search/spider.html" 
81.69.231.177 - - [28/Sep/2021:02:50:02 -0700] "HEAD //adminer/js/jquery-1.8.2.min.js HTTP/1.1" 301 197 "http://secrepo.com//adminer/js/jquery-1.8.2.min.js" "Mozilla/5.0 (compatible; Baiduspider/2.0; +http://www.baidu.com/search/spider.html" 
17.121.113.160 - - [28/Sep/2021:02:51:44 -0700] "GET /self.logs/error.log.2020-07-01 HTTP/1.1" 200 307 "-" "Mozilla/5.0 (Macintosh; Intel Mac OS X 10_15_5) AppleWebKit/605.1.15 (KHTML, like Gecko) Version/13.1.1 Safari/605.1.15 (Applebot/0.1; +http://www.apple.com/go/applebot)" 
51.222.253.5 - - [28/Sep/2021:02:52:40 -0700] "GET /self.logs/error.log.2018-06-28.gz HTTP/1.1" 200 6139 "-" "Mozilla/5.0 (compatible; AhrefsBot/7.0; +http://ahrefs.com/robot/)" 
114.119.154.13 - - [28/Sep/2021:02:53:03 -0700] "GET /self.logs/error.log.2017-05-06.gz HTTP/1.1" 200 875 "-" "Mozilla/5.0 (Linux; Android 7.0;) AppleWebKit/537.36 (KHTML, like Gecko) Mobile Safari/537.36 (compatible; PetalBot;+https://webmaster.petalsearch.com/site/petalbot)" 
51.222.253.9 - - [28/Sep/2021:02:57:26 -0700] "GET /self.logs/access.log.2020-07-02.gz HTTP/1.1" 200 10368 "-" "Mozilla/5.0 (compatible; AhrefsBot/7.0; +http://ahrefs.com/robot/)" 
114.119.154.113 - - [28/Sep/2021:02:58:15 -0700] "GET /self.logs/access.log.2020-10-18.gz HTTP/1.1" 200 19597 "-" "Mozilla/5.0 (Linux; Android 7.0;) AppleWebKit/537.36 (KHTML, like Gecko) Mobile Safari/537.36 (compatible; PetalBot;+https://webmaster.petalsearch.com/site/petalbot)" 
51.222.253.5 - - [28/Sep/2021:03:01:47 -0700] "GET /self.logs/error.log.2019-09-28.gz HTTP/1.1" 200 1688 "-" "Mozilla/5.0 (compatible; AhrefsBot/7.0; +http://ahrefs.com/robot/)" 
114.119.154.113 - - [28/Sep/2021:03:03:25 -0700] "GET /self.logs/error.log.2018-02-23.gz HTTP/1.1" 200 3980 "-" "Mozilla/5.0 (Linux; Android 7.0;) AppleWebKit/537.36 (KHTML, like Gecko) Mobile Safari/537.36 (compatible; PetalBot;+https://webmaster.petalsearch.com/site/petalbot)" 
207.46.13.121 - - [28/Sep/2021:03:04:00 -0700] "GET /self.logs/access.log.2017-03-13.gz HTTP/1.1" 200 43619 "-" "Mozilla/5.0 (compatible; bingbot/2.0; +http://www.bing.com/bingbot.htm)" 
51.222.253.3 - - [28/Sep/2021:03:05:13 -0700] "GET /self.logs/error.log.2019-03-05.gz HTTP/1.1" 200 3425 "-" "Mozilla/5.0 (compatible; AhrefsBot/7.0; +http://ahrefs.com/robot/)" 
51.222.253.11 - - [28/Sep/2021:03:08:33 -0700] "GET /self.logs/error.log.2018-10-06.gz HTTP/1.1" 200 4295 "-" "Mozilla/5.0 (compatible; AhrefsBot/7.0; +http://ahrefs.com/robot/)" 
114.119.154.113 - - [28/Sep/2021:03:08:36 -0700] "GET /self.logs/error.log.2018-09-13.gz HTTP/1.1" 200 6008 "-" "Mozilla/5.0 (Linux; Android 7.0;) AppleWebKit/537.36 (KHTML, like Gecko) Mobile Safari/537.36 (compatible; PetalBot;+https://webmaster.petalsearch.com/site/petalbot)" 
17.121.114.110 - - [28/Sep/2021:03:09:55 -0700] "GET /self.logs/error.log.2020-07-25 HTTP/1.1" 200 307 "-" "Mozilla/5.0 (Macintosh; Intel Mac OS X 10_15_5) AppleWebKit/605.1.15 (KHTML, like Gecko) Version/13.1.1 Safari/605.1.15 (Applebot/0.1; +http://www.apple.com/go/applebot)" 
66.249.66.86 - - [28/Sep/2021:03:12:04 -0700] "GET / HTTP/1.1" 200 12882 "-" "Mozilla/5.0 (Linux; Android 6.0.1; Nexus 5X Build/MMB29P) AppleWebKit/537.36 (KHTML, like Gecko) Chrome/94.0.4606.61 Mobile Safari/537.36 (compatible; Googlebot/2.1; +http://www.google.com/bot.html)" 
51.222.253.3 - - [28/Sep/2021:03:12:16 -0700] "GET /self.logs/error.log.2017-11-03.gz HTTP/1.1" 200 1982 "-" "Mozilla/5.0 (compatible; AhrefsBot/7.0; +http://ahrefs.com/robot/)" 
17.121.115.1 - - [28/Sep/2021:03:13:36 -0700] "GET /self.logs/error.log.2020-05-10 HTTP/1.1" 200 307 "-" "Mozilla/5.0 (Macintosh; Intel Mac OS X 10_15_5) AppleWebKit/605.1.15 (KHTML, like Gecko) Version/13.1.1 Safari/605.1.15 (Applebot/0.1; +http://www.apple.com/go/applebot)" 
54.36.148.131 - - [28/Sep/2021:03:14:57 -0700] "GET /robots.txt HTTP/1.1" 200 333 "-" "Mozilla/5.0 (compatible; AhrefsBot/7.0; +http://ahrefs.com/robot/)" 
51.222.253.10 - - [28/Sep/2021:03:15:45 -0700] "GET /self.logs/error.log.2017-02-28.gz HTTP/1.1" 200 872 "-" "Mozilla/5.0 (compatible; AhrefsBot/7.0; +http://ahrefs.com/robot/)" 
114.119.154.115 - - [28/Sep/2021:03:18:58 -0700] "GET /self.logs/error.log.2017-04-22.gz HTTP/1.1" 200 797 "-" "Mozilla/5.0 (Linux; Android 7.0;) AppleWebKit/537.36 (KHTML, like Gecko) Mobile Safari/537.36 (compatible; PetalBot;+https://webmaster.petalsearch.com/site/petalbot)" 
51.222.253.6 - - [28/Sep/2021:03:19:12 -0700] "GET /self.logs/error.log.2017-08-29.gz HTTP/1.1" 200 930 "-" "Mozilla/5.0 (compatible; AhrefsBot/7.0; +http://ahrefs.com/robot/)" 
51.222.253.7 - - [28/Sep/2021:03:22:28 -0700] "GET /self.logs/access.log.2021-05-02.gz HTTP/1.1" 200 19420 "-" "Mozilla/5.0 (compatible; AhrefsBot/7.0; +http://ahrefs.com/robot/)" 
114.119.154.113 - - [28/Sep/2021:03:24:08 -0700] "GET /self.logs/2015/error.log.2015-06-19.gz HTTP/1.1" 200 882 "-" "Mozilla/5.0 (Linux; Android 7.0;) AppleWebKit/537.36 (KHTML, like Gecko) Mobile Safari/537.36 (compatible; PetalBot;+https://webmaster.petalsearch.com/site/petalbot)" 
51.222.253.19 - - [28/Sep/2021:03:25:28 -0700] "GET /self.logs/access.log.2019-02-12.gz HTTP/1.1" 200 21127 "-" "Mozilla/5.0 (compatible; AhrefsBot/7.0; +http://ahrefs.com/robot/)" 
51.222.253.5 - - [28/Sep/2021:03:28:21 -0700] "GET /self.logs/error.log.2019-02-26.gz HTTP/1.1" 200 4657 "-" "Mozilla/5.0 (compatible; AhrefsBot/7.0; +http://ahrefs.com/robot/)" 
183.158.247.251 - - [28/Sep/2021:03:31:05 -0700] "GET /favicon.ico HTTP/1.1" 304 261 "-" "Mozilla/5.0 (Windows NT 10.0; WOW64) AppleWebKit/537.36 (KHTML, like Gecko) Chrome/86.0.4240.198 Safari/537.36" 
51.222.253.10 - - [28/Sep/2021:03:31:15 -0700] "GET /self.logs/access.log.2019-08-12.gz HTTP/1.1" 200 27437 "-" "Mozilla/5.0 (compatible; AhrefsBot/7.0; +http://ahrefs.com/robot/)" 
51.222.253.3 - - [28/Sep/2021:03:34:20 -0700] "GET /self.logs/error.log.2018-06-14.gz HTTP/1.1" 200 7067 "-" "Mozilla/5.0 (compatible; AhrefsBot/7.0; +http://ahrefs.com/robot/)" 
51.222.253.6 - - [28/Sep/2021:03:37:25 -0700] "GET /self.logs/error.log.2018-10-03.gz HTTP/1.1" 200 6533 "-" "Mozilla/5.0 (compatible; AhrefsBot/7.0; +http://ahrefs.com/robot/)" 
17.121.112.230 - - [28/Sep/2021:03:38:50 -0700] "GET /self.logs/error.log.2020-05-25 HTTP/1.1" 200 307 "-" "Mozilla/5.0 (Macintosh; Intel Mac OS X 10_15_5) AppleWebKit/605.1.15 (KHTML, like Gecko) Version/13.1.1 Safari/605.1.15 (Applebot/0.1; +http://www.apple.com/go/applebot)" 
51.222.253.2 - - [28/Sep/2021:03:40:23 -0700] "GET /self.logs/error.log.2018-02-14.gz HTTP/1.1" 200 4067 "-" "Mozilla/5.0 (compatible; AhrefsBot/7.0; +http://ahrefs.com/robot/)" 
51.222.253.9 - - [28/Sep/2021:03:43:27 -0700] "GET /self.logs/error.log.2018-11-21.gz HTTP/1.1" 200 4582 "-" "Mozilla/5.0 (compatible; AhrefsBot/7.0; +http://ahrefs.com/robot/)" 
114.119.154.113 - - [28/Sep/2021:03:44:43 -0700] "GET /self.logs/2015/access.log.2015-10-20.gz HTTP/1.1" 200 6910 "-" "Mozilla/5.0 (Linux; Android 7.0;) AppleWebKit/537.36 (KHTML, like Gecko) Mobile Safari/537.36 (compatible; PetalBot;+https://webmaster.petalsearch.com/site/petalbot)" 
51.222.253.13 - - [28/Sep/2021:03:46:42 -0700] "GET /self.logs/access.log.2019-08-04.gz HTTP/1.1" 200 20606 "-" "Mozilla/5.0 (compatible; AhrefsBot/7.0; +http://ahrefs.com/robot/)" 
51.222.253.6 - - [28/Sep/2021:03:49:48 -0700] "GET /self.logs/error.log.2017-05-12.gz HTTP/1.1" 200 917 "-" "Mozilla/5.0 (compatible; AhrefsBot/7.0; +http://ahrefs.com/robot/)" 
114.119.154.113 - - [28/Sep/2021:03:49:55 -0700] "GET /self.logs/2015/error.log.2015-04-29.gz HTTP/1.1" 200 1822 "-" "Mozilla/5.0 (Linux; Android 7.0;) AppleWebKit/537.36 (KHTML, like Gecko) Mobile Safari/537.36 (compatible; PetalBot;+https://webmaster.petalsearch.com/site/petalbot)" 
51.222.253.6 - - [28/Sep/2021:03:52:49 -0700] "GET /self.logs/error.log.2017-07-23.gz HTTP/1.1" 200 792 "-" "Mozilla/5.0 (compatible; AhrefsBot/7.0; +http://ahrefs.com/robot/)" 
114.119.154.11 - - [28/Sep/2021:03:54:54 -0700] "GET /self.logs/2015/access.log.2015-05-30.gz HTTP/1.1" 200 3170 "-" "Mozilla/5.0 (Linux; Android 7.0;) AppleWebKit/537.36 (KHTML, like Gecko) Mobile Safari/537.36 (compatible; PetalBot;+https://webmaster.petalsearch.com/site/petalbot)" 
51.222.253.6 - - [28/Sep/2021:03:56:02 -0700] "GET /self.logs/access.log.2019-12-26.gz HTTP/1.1" 200 13884 "-" "Mozilla/5.0 (compatible; AhrefsBot/7.0; +http://ahrefs.com/robot/)" 
217.24.69.14 - - [28/Sep/2021:03:57:24 -0700] "GET / HTTP/1.1" 200 12882 "https://www.reddit.com/" "Mozilla/5.0 (Windows NT 10.0; Win64; x64; rv:78.0) Gecko/20100101 Firefox/78.0" 
217.24.69.14 - - [28/Sep/2021:03:57:24 -0700] "GET /css/style.css HTTP/1.1" 404 305 "http://www.secrepo.com/" "Mozilla/5.0 (Windows NT 10.0; Win64; x64; rv:78.0) Gecko/20100101 Firefox/78.0" 
217.24.69.14 - - [28/Sep/2021:03:57:24 -0700] "GET /twitter-icon.png HTTP/1.1" 200 27916 "http://www.secrepo.com/" "Mozilla/5.0 (Windows NT 10.0; Win64; x64; rv:78.0) Gecko/20100101 Firefox/78.0" 
217.24.69.14 - - [28/Sep/2021:03:57:24 -0700] "GET /GitHub-Mark.png HTTP/1.1" 200 7556 "http://www.secrepo.com/" "Mozilla/5.0 (Windows NT 10.0; Win64; x64; rv:78.0) Gecko/20100101 Firefox/78.0" 
217.24.69.14 - - [28/Sep/2021:03:57:24 -0700] "GET /css/style.css HTTP/1.1" 404 305 "http://www.secrepo.com/" "Mozilla/5.0 (Windows NT 10.0; Win64; x64; rv:78.0) Gecko/20100101 Firefox/78.0" 
217.24.69.14 - - [28/Sep/2021:03:57:24 -0700] "GET /bootstrap/img/favicon.ico HTTP/1.1" 200 690 "-" "Mozilla/5.0 (Windows NT 10.0; Win64; x64; rv:78.0) Gecko/20100101 Firefox/78.0" 
217.24.69.14 - - [28/Sep/2021:03:57:30 -0700] "GET /css/style.css HTTP/1.1" 404 328 "http://www.secrepo.com/" "Mozilla/5.0 (Windows NT 10.0; Win64; x64; rv:78.0) Gecko/20100101 Firefox/78.0" 
51.222.253.17 - - [28/Sep/2021:03:59:06 -0700] "GET /self.logs/access.log.2019-04-30.gz HTTP/1.1" 200 24867 "-" "Mozilla/5.0 (compatible; AhrefsBot/7.0; +http://ahrefs.com/robot/)" 
207.46.13.44 - - [28/Sep/2021:03:59:52 -0700] "GET /robots.txt HTTP/1.1" 200 377 "-" "Mozilla/5.0 (compatible; bingbot/2.0; +http://www.bing.com/bingbot.htm)" 
207.46.13.143 - - [28/Sep/2021:04:00:04 -0700] "GET /maccdc2012/dns.log.gz HTTP/1.1" 200 1074240 "-" "Mozilla/5.0 (compatible; bingbot/2.0; +http://www.bing.com/bingbot.htm)" 
51.222.253.1 - - [28/Sep/2021:04:02:23 -0700] "GET /self.logs/error.log.2019-10-29.gz HTTP/1.1" 200 1841 "-" "Mozilla/5.0 (compatible; AhrefsBot/7.0; +http://ahrefs.com/robot/)" 
17.121.114.249 - - [28/Sep/2021:04:05:29 -0700] "GET /self.logs/error.log.2020-05-14 HTTP/1.1" 200 307 "-" "Mozilla/5.0 (Macintosh; Intel Mac OS X 10_15_5) AppleWebKit/605.1.15 (KHTML, like Gecko) Version/13.1.1 Safari/605.1.15 (Applebot/0.1; +http://www.apple.com/go/applebot)" 
51.222.253.5 - - [28/Sep/2021:04:05:46 -0700] "GET /self.logs/error.log.2017-02-14.gz HTTP/1.1" 200 1679 "-" "Mozilla/5.0 (compatible; AhrefsBot/7.0; +http://ahrefs.com/robot/)" 
100.26.127.17 - - [28/Sep/2021:04:08:06 -0700] "GET /robots.txt HTTP/1.1" 200 333 "-" "Mozilla/5.0 (compatible; Neevabot/1.0; +https://neeva.com/neevabot)" 
100.26.127.17 - - [28/Sep/2021:04:08:07 -0700] "GET / HTTP/1.1" 200 12838 "-" "Mozilla/5.0 (compatible; Neevabot/1.0; +https://neeva.com/neevabot)" 
51.222.253.7 - - [28/Sep/2021:04:08:49 -0700] "GET /self.logs/access.log.2020-04-16.gz HTTP/1.1" 200 11614 "-" "Mozilla/5.0 (compatible; AhrefsBot/7.0; +http://ahrefs.com/robot/)" 
114.119.154.113 - - [28/Sep/2021:04:10:09 -0700] "GET /self.logs/error.log.2020-04-27 HTTP/1.1" 200 351 "-" "Mozilla/5.0 (Linux; Android 7.0;) AppleWebKit/537.36 (KHTML, like Gecko) Mobile Safari/537.36 (compatible; PetalBot;+https://webmaster.petalsearch.com/site/petalbot)" 
54.161.41.102 - - [28/Sep/2021:04:10:27 -0700] "GET / HTTP/1.1" 200 12838 "-" "Mozilla/5.0 (compatible; Neevabot/1.0; +https://neeva.com/neevabot)" 
17.121.113.79 - - [28/Sep/2021:04:11:24 -0700] "GET /self.logs/error.log.2020-02-29 HTTP/1.1" 200 307 "-" "Mozilla/5.0 (Macintosh; Intel Mac OS X 10_15_5) AppleWebKit/605.1.15 (KHTML, like Gecko) Version/13.1.1 Safari/605.1.15 (Applebot/0.1; +http://www.apple.com/go/applebot)" 
51.222.253.12 - - [28/Sep/2021:04:12:08 -0700] "GET /self.logs/error.log.2018-07-19.gz HTTP/1.1" 200 5874 "-" "Mozilla/5.0 (compatible; AhrefsBot/7.0; +http://ahrefs.com/robot/)" 
17.121.115.182 - - [28/Sep/2021:04:13:29 -0700] "GET /self.logs/error.log.2020-06-06 HTTP/1.1" 200 307 "-" "Mozilla/5.0 (Macintosh; Intel Mac OS X 10_15_5) AppleWebKit/605.1.15 (KHTML, like Gecko) Version/13.1.1 Safari/605.1.15 (Applebot/0.1; +http://www.apple.com/go/applebot)" 
51.222.253.18 - - [28/Sep/2021:04:15:05 -0700] "GET /self.logs/access.log.2019-11-02.gz HTTP/1.1" 200 17268 "-" "Mozilla/5.0 (compatible; AhrefsBot/7.0; +http://ahrefs.com/robot/)" 
114.119.154.113 - - [28/Sep/2021:04:15:12 -0700] "GET /self.logs/2015/error.log.2015-10-10.gz HTTP/1.1" 200 910 "-" "Mozilla/5.0 (Linux; Android 7.0;) AppleWebKit/537.36 (KHTML, like Gecko) Mobile Safari/537.36 (compatible; PetalBot;+https://webmaster.petalsearch.com/site/petalbot)" 
51.222.253.18 - - [28/Sep/2021:04:18:21 -0700] "GET /self.logs/access.log.2018-02-04.gz HTTP/1.1" 200 21609 "-" "Mozilla/5.0 (compatible; AhrefsBot/7.0; +http://ahrefs.com/robot/)" 
51.222.253.3 - - [28/Sep/2021:04:21:44 -0700] "GET /self.logs/access.log.2018-01-20.gz HTTP/1.1" 200 18843 "-" "Mozilla/5.0 (compatible; AhrefsBot/7.0; +http://ahrefs.com/robot/)" 
17.121.115.208 - - [28/Sep/2021:04:22:22 -0700] "GET /self.logs/error.log.2020-05-30 HTTP/1.1" 200 307 "-" "Mozilla/5.0 (Macintosh; Intel Mac OS X 10_15_5) AppleWebKit/605.1.15 (KHTML, like Gecko) Version/13.1.1 Safari/605.1.15 (Applebot/0.1; +http://www.apple.com/go/applebot)" 
17.121.114.233 - - [28/Sep/2021:04:23:34 -0700] "GET /self.logs/error.log.2020-07-30 HTTP/1.1" 200 307 "-" "Mozilla/5.0 (Macintosh; Intel Mac OS X 10_15_5) AppleWebKit/605.1.15 (KHTML, like Gecko) Version/13.1.1 Safari/605.1.15 (Applebot/0.1; +http://www.apple.com/go/applebot)" 
51.222.253.17 - - [28/Sep/2021:04:24:51 -0700] "GET /self.logs/access.log.2018-12-22.gz HTTP/1.1" 200 15731 "-" "Mozilla/5.0 (compatible; AhrefsBot/7.0; +http://ahrefs.com/robot/)" 
114.119.154.113 - - [28/Sep/2021:04:25:15 -0700] "GET /self.logs/access.log.2020-11-14.gz HTTP/1.1" 200 50477 "-" "Mozilla/5.0 (Linux; Android 7.0;) AppleWebKit/537.36 (KHTML, like Gecko) Mobile Safari/537.36 (compatible; PetalBot;+https://webmaster.petalsearch.com/site/petalbot)" 
51.222.253.11 - - [28/Sep/2021:04:28:08 -0700] "GET /self.logs/access.log.2020-04-05.gz HTTP/1.1" 200 12461 "-" "Mozilla/5.0 (compatible; AhrefsBot/7.0; +http://ahrefs.com/robot/)" 
114.119.154.113 - - [28/Sep/2021:04:30:16 -0700] "GET /self.logs/2015/error.log.2015-04-27.gz HTTP/1.1" 200 759 "-" "Mozilla/5.0 (Linux; Android 7.0;) AppleWebKit/537.36 (KHTML, like Gecko) Mobile Safari/537.36 (compatible; PetalBot;+https://webmaster.petalsearch.com/site/petalbot)" 
51.222.253.13 - - [28/Sep/2021:04:31:06 -0700] "GET /self.logs/error.log.2017-08-21.gz HTTP/1.1" 200 1077 "-" "Mozilla/5.0 (compatible; AhrefsBot/7.0; +http://ahrefs.com/robot/)" 
51.222.253.11 - - [28/Sep/2021:04:34:08 -0700] "GET /self.logs/access.log.2019-04-20.gz HTTP/1.1" 200 69975 "-" "Mozilla/5.0 (compatible; AhrefsBot/7.0; +http://ahrefs.com/robot/)" 
51.222.253.16 - - [28/Sep/2021:04:37:16 -0700] "GET /self.logs/access.log.2019-07-11.gz HTTP/1.1" 200 63846 "-" "Mozilla/5.0 (compatible; AhrefsBot/7.0; +http://ahrefs.com/robot/)" 
85.133.192.110 - - [28/Sep/2021:04:38:10 -0700] "GET /Security-Data-Analysis/Lab_2/http.log.zip HTTP/1.1" 200 90520 "-" "Mozilla/5.0 (Windows NT 10.0; Win64; x64) AppleWebKit/537.36 (KHTML, like Gecko) Chrome/94.0.4606.61 Safari/537.36" 
85.133.192.110 - - [28/Sep/2021:04:38:29 -0700] "GET /Security-Data-Analysis/Lab_2/http.log.zip HTTP/1.1" 206 399 "-" "Mozilla/5.0 (Windows NT 10.0; Win64; x64) AppleWebKit/537.36 (KHTML, like Gecko) Chrome/94.0.4606.61 Safari/537.36" 
85.133.192.110 - - [28/Sep/2021:04:38:30 -0700] "GET /Security-Data-Analysis/Lab_2/http.log.zip HTTP/1.1" 206 58400 "-" "Mozilla/5.0 (Windows NT 10.0; Win64; x64) AppleWebKit/537.36 (KHTML, like Gecko) Chrome/94.0.4606.61 Safari/537.36" 
85.133.192.110 - - [28/Sep/2021:04:38:32 -0700] "GET /Security-Data-Analysis/Lab_2/http.log.zip HTTP/1.1" 206 399 "-" "Mozilla/5.0 (Windows NT 10.0; Win64; x64) AppleWebKit/537.36 (KHTML, like Gecko) Chrome/94.0.4606.61 Safari/537.36" 
85.133.192.110 - - [28/Sep/2021:04:38:33 -0700] "GET /Security-Data-Analysis/Lab_2/http.log.zip HTTP/1.1" 206 80300 "-" "Mozilla/5.0 (Windows NT 10.0; Win64; x64) AppleWebKit/537.36 (KHTML, like Gecko) Chrome/94.0.4606.61 Safari/537.36" 
85.133.192.110 - - [28/Sep/2021:04:38:34 -0700] "GET /Security-Data-Analysis/Lab_2/http.log.zip HTTP/1.1" 206 399 "-" "Mozilla/5.0 (Windows NT 10.0; Win64; x64) AppleWebKit/537.36 (KHTML, like Gecko) Chrome/94.0.4606.61 Safari/537.36" 
85.133.192.110 - - [28/Sep/2021:04:38:34 -0700] "GET /Security-Data-Analysis/Lab_2/http.log.zip HTTP/1.1" 206 58400 "-" "Mozilla/5.0 (Windows NT 10.0; Win64; x64) AppleWebKit/537.36 (KHTML, like Gecko) Chrome/94.0.4606.61 Safari/537.36" 
85.133.192.110 - - [28/Sep/2021:04:38:37 -0700] "GET /Security-Data-Analysis/Lab_2/http.log.zip HTTP/1.1" 206 399 "-" "Mozilla/5.0 (Windows NT 10.0; Win64; x64) AppleWebKit/537.36 (KHTML, like Gecko) Chrome/94.0.4606.61 Safari/537.36" 
85.133.192.110 - - [28/Sep/2021:04:38:37 -0700] "GET /Security-Data-Analysis/Lab_2/http.log.zip HTTP/1.1" 206 52560 "-" "Mozilla/5.0 (Windows NT 10.0; Win64; x64) AppleWebKit/537.36 (KHTML, like Gecko) Chrome/94.0.4606.61 Safari/537.36" 
85.133.192.110 - - [28/Sep/2021:04:38:39 -0700] "GET /honeypot/honeypot.json.zip HTTP/1.1" 200 159140 "-" "Mozilla/5.0 (Windows NT 10.0; Win64; x64) AppleWebKit/537.36 (KHTML, like Gecko) Chrome/94.0.4606.61 Safari/537.36" 
85.133.192.110 - - [28/Sep/2021:04:38:45 -0700] "GET /honeypot/honeypot.json.zip HTTP/1.1" 206 399 "-" "Mozilla/5.0 (Windows NT 10.0; Win64; x64) AppleWebKit/537.36 (KHTML, like Gecko) Chrome/94.0.4606.61 Safari/537.36" 
85.133.192.110 - - [28/Sep/2021:04:38:45 -0700] "GET /honeypot/honeypot.json.zip HTTP/1.1" 200 93440 "-" "Mozilla/5.0 (Windows NT 10.0; Win64; x64) AppleWebKit/537.36 (KHTML, like Gecko) Chrome/94.0.4606.61 Safari/537.36" 
85.133.192.110 - - [28/Sep/2021:04:38:45 -0700] "GET /honeypot/honeypot.json.zip HTTP/1.1" 200 89060 "-" "Mozilla/5.0 (Windows NT 10.0; Win64; x64) AppleWebKit/537.36 (KHTML, like Gecko) Chrome/94.0.4606.61 Safari/537.36" 
66.249.66.158 - - [28/Sep/2021:04:39:59 -0700] "GET /css/style.css HTTP/1.1" 404 328 "http://www.secrepo.com/" "Mozilla/5.0 (Linux; Android 6.0.1; Nexus 5X Build/MMB29P) AppleWebKit/537.36 (KHTML, like Gecko) Chrome/93.0.4577.82 Mobile Safari/537.36 (compatible; Googlebot/2.1; +http://www.google.com/bot.html)" 
51.222.253.13 - - [28/Sep/2021:04:40:16 -0700] "GET /self.logs/access.log.2020-08-13.gz HTTP/1.1" 200 28378 "-" "Mozilla/5.0 (compatible; AhrefsBot/7.0; +http://ahrefs.com/robot/)" 
114.119.154.113 - - [28/Sep/2021:04:40:18 -0700] "GET /self.logs/access.log.2018-11-22.gz HTTP/1.1" 200 24944 "-" "Mozilla/5.0 (Linux; Android 7.0;) AppleWebKit/537.36 (KHTML, like Gecko) Mobile Safari/537.36 (compatible; PetalBot;+https://webmaster.petalsearch.com/site/petalbot)" 
51.222.253.17 - - [28/Sep/2021:04:43:29 -0700] "GET /self.logs/access.log.2017-02-04.gz HTTP/1.1" 200 13258 "-" "Mozilla/5.0 (compatible; AhrefsBot/7.0; +http://ahrefs.com/robot/)" 
17.121.115.51 - - [28/Sep/2021:04:43:39 -0700] "GET /self.logs/error.log.2020-04-06 HTTP/1.1" 200 307 "-" "Mozilla/5.0 (Macintosh; Intel Mac OS X 10_15_5) AppleWebKit/605.1.15 (KHTML, like Gecko) Version/13.1.1 Safari/605.1.15 (Applebot/0.1; +http://www.apple.com/go/applebot)" 
85.133.192.110 - - [28/Sep/2021:04:43:58 -0700] "GET /Security-Data-Analysis/Lab_2/http.log.zip HTTP/1.1" 206 399 "-" "Mozilla/5.0 (Windows NT 10.0; Win64; x64) AppleWebKit/537.36 (KHTML, like Gecko) Chrome/94.0.4606.61 Safari/537.36" 
85.133.192.110 - - [28/Sep/2021:04:43:58 -0700] "GET /Security-Data-Analysis/Lab_2/http.log.zip HTTP/1.1" 206 58400 "-" "Mozilla/5.0 (Windows NT 10.0; Win64; x64) AppleWebKit/537.36 (KHTML, like Gecko) Chrome/94.0.4606.61 Safari/537.36" 
85.133.192.110 - - [28/Sep/2021:04:44:01 -0700] "GET /honeypot/honeypot.json.zip HTTP/1.1" 206 399 "-" "Mozilla/5.0 (Windows NT 10.0; Win64; x64) AppleWebKit/537.36 (KHTML, like Gecko) Chrome/94.0.4606.61 Safari/537.36" 
85.133.192.110 - - [28/Sep/2021:04:44:01 -0700] "GET /honeypot/honeypot.json.zip HTTP/1.1" 206 89060 "-" "Mozilla/5.0 (Windows NT 10.0; Win64; x64) AppleWebKit/537.36 (KHTML, like Gecko) Chrome/94.0.4606.61 Safari/537.36" 
51.222.253.2 - - [28/Sep/2021:04:46:47 -0700] "GET /self.logs/access.log.2019-02-14.gz HTTP/1.1" 200 19090 "-" "Mozilla/5.0 (compatible; AhrefsBot/7.0; +http://ahrefs.com/robot/)" 
17.121.114.180 - - [28/Sep/2021:04:47:34 -0700] "GET /self.logs/error.log.2020-02-22 HTTP/1.1" 200 307 "-" "Mozilla/5.0 (Macintosh; Intel Mac OS X 10_15_5) AppleWebKit/605.1.15 (KHTML, like Gecko) Version/13.1.1 Safari/605.1.15 (Applebot/0.1; +http://www.apple.com/go/applebot)" 
51.222.253.9 - - [28/Sep/2021:04:50:15 -0700] "GET /self.logs/error.log.2017-01-04.gz HTTP/1.1" 200 4159 "-" "Mozilla/5.0 (compatible; AhrefsBot/7.0; +http://ahrefs.com/robot/)" 
121.37.50.26 - - [28/Sep/2021:04:52:18 -0700] "GET / HTTP/1.1" 200 12883 "-" "Mozilla/5.0 (Windows NT 10.0; Win64; x64) AppleWebKit/537.36 (KHTML, like Gecko) Chrome/93.0.4577.82 Safari/537.36" 
121.37.50.26 - - [28/Sep/2021:04:52:19 -0700] "GET /twitter-icon.png HTTP/1.1" 200 27893 "http://www.secrepo.com/" "Mozilla/5.0 (Windows NT 10.0; Win64; x64) AppleWebKit/537.36 (KHTML, like Gecko) Chrome/93.0.4577.82 Safari/537.36" 
121.37.50.26 - - [28/Sep/2021:04:52:19 -0700] "GET /css/style.css HTTP/1.1" 404 328 "http://www.secrepo.com/" "Mozilla/5.0 (Windows NT 10.0; Win64; x64) AppleWebKit/537.36 (KHTML, like Gecko) Chrome/93.0.4577.82 Safari/537.36" 
121.37.50.26 - - [28/Sep/2021:04:52:19 -0700] "GET /GitHub-Mark.png HTTP/1.1" 200 7556 "http://www.secrepo.com/" "Mozilla/5.0 (Windows NT 10.0; Win64; x64) AppleWebKit/537.36 (KHTML, like Gecko) Chrome/93.0.4577.82 Safari/537.36" 
51.222.253.9 - - [28/Sep/2021:04:53:42 -0700] "GET /self.logs/error.log.2019-08-21.gz HTTP/1.1" 200 1364 "-" "Mozilla/5.0 (compatible; AhrefsBot/7.0; +http://ahrefs.com/robot/)" 
51.222.253.2 - - [28/Sep/2021:04:57:03 -0700] "GET /self.logs/error.log.2018-01-01.gz HTTP/1.1" 200 2958 "-" "Mozilla/5.0 (compatible; AhrefsBot/7.0; +http://ahrefs.com/robot/)" 
51.222.253.15 - - [28/Sep/2021:05:00:15 -0700] "GET /self.logs/error.log.2019-09-27.gz HTTP/1.1" 200 1560 "-" "Mozilla/5.0 (compatible; AhrefsBot/7.0; +http://ahrefs.com/robot/)" 
114.119.154.124 - - [28/Sep/2021:05:00:22 -0700] "GET /self.logs/error.log.2020-02-18 HTTP/1.1" 200 2341 "-" "Mozilla/5.0 (Linux; Android 7.0;) AppleWebKit/537.36 (KHTML, like Gecko) Mobile Safari/537.36 (compatible; PetalBot;+https://webmaster.petalsearch.com/site/petalbot)" 
196.16.223.215 - - [28/Sep/2021:05:02:51 -0700] "GET / HTTP/1.1" 301 475 "-" "Mozilla/5.0 (Macintosh; Intel Mac OS X 10_13_4) AppleWebKit/537.36 (KHTML, like Gecko) Chrome/67.0.3396.87 Safari/537.36" 
196.16.223.215 - - [28/Sep/2021:05:02:52 -0700] "GET / HTTP/1.1" 200 12882 "-" "Mozilla/5.0 (Macintosh; Intel Mac OS X 10_13_4) AppleWebKit/537.36 (KHTML, like Gecko) Chrome/67.0.3396.87 Safari/537.36" 
202.94.175.199 - - [28/Sep/2021:05:02:53 -0700] "GET /data HTTP/1.1" 404 328 "http://www.secrepo.com/" "Mozilla/5.0 (Macintosh; Intel Mac OS X 10_13_4) AppleWebKit/537.36 (KHTML, like Gecko) Chrome/67.0.3396.87 Safari/537.36" 
44.193.4.68 - - [28/Sep/2021:05:02:55 -0700] "GET /robots.txt HTTP/1.1" 200 340 "-" "Mozilla/5.0 (Windows NT 6.1) AppleWebKit/537.1 (KHTML, like Gecko) Chrome/21.0.1180.89 Safari/537.1; http://spyonweb.com spyonweb@gmail.com" 
44.193.4.68 - - [28/Sep/2021:05:02:55 -0700] "GET / HTTP/1.1" 200 12845 "-" "Mozilla/5.0 (Windows NT 6.1) AppleWebKit/537.1 (KHTML, like Gecko) Chrome/21.0.1180.89 Safari/537.1; http://spyonweb.com spyonweb@gmail.com" 
51.222.253.9 - - [28/Sep/2021:05:03:26 -0700] "GET /self.logs/error.log.2019-10-03.gz HTTP/1.1" 200 1629 "-" "Mozilla/5.0 (compatible; AhrefsBot/7.0; +http://ahrefs.com/robot/)" 
196.16.223.215 - - [28/Sep/2021:05:04:02 -0700] "GET / HTTP/1.1" 301 475 "http://www.secrepo.com/" "Mozilla/5.0 (Macintosh; Intel Mac OS X 10_13_4) AppleWebKit/537.36 (KHTML, like Gecko) Chrome/67.0.3396.87 Safari/537.36" 
196.16.223.215 - - [28/Sep/2021:05:04:02 -0700] "GET / HTTP/1.1" 200 12882 "http://secrepo.com" "Mozilla/5.0 (Macintosh; Intel Mac OS X 10_13_4) AppleWebKit/537.36 (KHTML, like Gecko) Chrome/67.0.3396.87 Safari/537.36" 
202.94.175.199 - - [28/Sep/2021:05:02:53 -0700] "GET /honeypot/Honeypot%20-%20Howto%20-%20BSides%20Austin.pdf HTTP/1.1" 200 1408900 "http://www.secrepo.com/" "Mozilla/5.0 (Macintosh; Intel Mac OS X 10_13_4) AppleWebKit/537.36 (KHTML, like Gecko) Chrome/67.0.3396.87 Safari/537.36" 
202.94.175.199 - - [28/Sep/2021:05:04:03 -0700] "GET /honeypot/Honeypot%20-%20Howto.pdf HTTP/1.1" 200 1249760 "http://www.secrepo.com/" "Mozilla/5.0 (Macintosh; Intel Mac OS X 10_13_4) AppleWebKit/537.36 (KHTML, like Gecko) Chrome/67.0.3396.87 Safari/537.36" 
51.222.253.9 - - [28/Sep/2021:05:06:45 -0700] "GET /maccdc2012/dns.log.gz HTTP/1.1" 200 78840 "-" "Mozilla/5.0 (compatible; AhrefsBot/7.0; +http://ahrefs.com/robot/)" 
51.222.253.13 - - [28/Sep/2021:05:13:09 -0700] "GET /self.logs/ HTTP/1.1" 200 31887 "-" "Mozilla/5.0 (compatible; AhrefsBot/7.0; +http://ahrefs.com/robot/)" 
114.119.154.113 - - [28/Sep/2021:05:15:25 -0700] "GET /self.logs/access.log.2020-04-03.gz HTTP/1.1" 200 21074 "-" "Mozilla/5.0 (Linux; Android 7.0;) AppleWebKit/537.36 (KHTML, like Gecko) Mobile Safari/537.36 (compatible; PetalBot;+https://webmaster.petalsearch.com/site/petalbot)" 
114.119.154.113 - - [28/Sep/2021:05:20:25 -0700] "GET /self.logs/access.log.2020-05-11.gz HTTP/1.1" 200 19226 "-" "Mozilla/5.0 (Linux; Android 7.0;) AppleWebKit/537.36 (KHTML, like Gecko) Mobile Safari/537.36 (compatible; PetalBot;+https://webmaster.petalsearch.com/site/petalbot)" 
157.90.181.151 - - [28/Sep/2021:05:22:09 -0700] "GET /robots.txt HTTP/1.1" 301 495 "-" "Mozilla/5.0 (compatible; BLEXBot/1.0; +http://webmeup-crawler.com/)" 
157.90.181.151 - - [28/Sep/2021:05:22:10 -0700] "GET /robots.txt HTTP/1.1" 200 377 "-" "Mozilla/5.0 (compatible; BLEXBot/1.0; +http://webmeup-crawler.com/)" 
157.90.181.151 - - [28/Sep/2021:05:22:14 -0700] "GET /Datasets%20Description/?C=D;O=A HTTP/1.1" 200 677 "-" "Mozilla/5.0 (compatible; BLEXBot/1.0; +http://webmeup-crawler.com/)" 
157.90.181.151 - - [28/Sep/2021:05:22:17 -0700] "GET /Datasets%20Description/?C=M;O=A HTTP/1.1" 200 677 "-" "Mozilla/5.0 (compatible; BLEXBot/1.0; +http://webmeup-crawler.com/)" 
157.90.181.151 - - [28/Sep/2021:05:22:19 -0700] "GET /Datasets%20Description/?C=N;O=D HTTP/1.1" 200 650 "-" "Mozilla/5.0 (compatible; BLEXBot/1.0; +http://webmeup-crawler.com/)" 
157.90.181.151 - - [28/Sep/2021:05:22:20 -0700] "GET /Datasets%20Description/?C=S;O=A HTTP/1.1" 200 654 "-" "Mozilla/5.0 (compatible; BLEXBot/1.0; +http://webmeup-crawler.com/)" 
157.90.181.151 - - [28/Sep/2021:05:22:23 -0700] "GET /Datasets%20Description/HTML_Bro_log_1/ HTTP/1.1" 200 834 "-" "Mozilla/5.0 (compatible; BLEXBot/1.0; +http://webmeup-crawler.com/)" 
157.90.181.151 - - [28/Sep/2021:05:22:32 -0700] "GET /Datasets%20Description/HTML_Bro_log_1/?C=D;O=D HTTP/1.1" 200 833 "-" "Mozilla/5.0 (compatible; BLEXBot/1.0; +http://webmeup-crawler.com/)" 
157.90.181.151 - - [28/Sep/2021:05:22:38 -0700] "GET /Datasets%20Description/HTML_Bro_log_1/?C=M;O=D HTTP/1.1" 200 833 "-" "Mozilla/5.0 (compatible; BLEXBot/1.0; +http://webmeup-crawler.com/)" 
157.90.181.151 - - [28/Sep/2021:05:22:39 -0700] "GET /Datasets%20Description/HTML_Bro_log_1/?C=N;O=A HTTP/1.1" 200 811 "-" "Mozilla/5.0 (compatible; BLEXBot/1.0; +http://webmeup-crawler.com/)" 
157.90.181.151 - - [28/Sep/2021:05:22:52 -0700] "GET /Datasets%20Description/HTML_Bro_log_1/?C=S;O=D HTTP/1.1" 200 829 "-" "Mozilla/5.0 (compatible; BLEXBot/1.0; +http://webmeup-crawler.com/)" 
157.90.181.151 - - [28/Sep/2021:05:23:13 -0700] "GET /Datasets%20Description/HTML_Bro_log_1/files.html HTTP/1.1" 200 1918 "-" "Mozilla/5.0 (compatible; BLEXBot/1.0; +http://webmeup-crawler.com/)" 
157.90.181.151 - - [28/Sep/2021:05:23:51 -0700] "GET /Datasets%20Description/HTML_Bro_log_1/weird.html HTTP/1.1" 200 1937 "-" "Mozilla/5.0 (compatible; BLEXBot/1.0; +http://webmeup-crawler.com/)" 
157.90.181.151 - - [28/Sep/2021:05:24:02 -0700] "GET /Datasets%20Description/HTML_Bro_log_2/ HTTP/1.1" 200 832 "-" "Mozilla/5.0 (compatible; BLEXBot/1.0; +http://webmeup-crawler.com/)" 
157.90.181.151 - - [28/Sep/2021:05:24:09 -0700] "GET /Datasets%20Description/HTML_Bro_log_2/?C=D;O=D HTTP/1.1" 200 832 "-" "Mozilla/5.0 (compatible; BLEXBot/1.0; +http://webmeup-crawler.com/)" 
157.90.181.151 - - [28/Sep/2021:05:24:20 -0700] "GET /Datasets%20Description/HTML_Bro_log_2/?C=M;O=D HTTP/1.1" 200 832 "-" "Mozilla/5.0 (compatible; BLEXBot/1.0; +http://webmeup-crawler.com/)" 
157.90.181.151 - - [28/Sep/2021:05:24:23 -0700] "GET /Datasets%20Description/HTML_Bro_log_2/?C=N;O=A HTTP/1.1" 200 832 "-" "Mozilla/5.0 (compatible; BLEXBot/1.0; +http://webmeup-crawler.com/)" 
157.90.181.151 - - [28/Sep/2021:05:24:35 -0700] "GET /Datasets%20Description/HTML_Bro_log_2/?C=S;O=D HTTP/1.1" 200 827 "-" "Mozilla/5.0 (compatible; BLEXBot/1.0; +http://webmeup-crawler.com/)" 
114.119.154.113 - - [28/Sep/2021:05:25:25 -0700] "GET /self.logs/access.log.2017-07-07.gz HTTP/1.1" 200 20704 "-" "Mozilla/5.0 (Linux; Android 7.0;) AppleWebKit/537.36 (KHTML, like Gecko) Mobile Safari/537.36 (compatible; PetalBot;+https://webmaster.petalsearch.com/site/petalbot)" 
157.90.181.151 - - [28/Sep/2021:05:25:42 -0700] "GET /Datasets%20Description/HTML_Bro_log_3/ HTTP/1.1" 200 823 "-" "Mozilla/5.0 (compatible; BLEXBot/1.0; +http://webmeup-crawler.com/)" 
157.90.181.151 - - [28/Sep/2021:05:25:51 -0700] "GET /Datasets%20Description/HTML_Bro_log_3/?C=D;O=D HTTP/1.1" 200 822 "-" "Mozilla/5.0 (compatible; BLEXBot/1.0; +http://webmeup-crawler.com/)" 
157.90.181.151 - - [28/Sep/2021:05:25:59 -0700] "GET /Datasets%20Description/HTML_Bro_log_3/?C=M;O=D HTTP/1.1" 200 822 "-" "Mozilla/5.0 (compatible; BLEXBot/1.0; +http://webmeup-crawler.com/)" 
157.90.181.151 - - [28/Sep/2021:05:26:02 -0700] "GET /Datasets%20Description/HTML_Bro_log_3/?C=N;O=A HTTP/1.1" 200 823 "-" "Mozilla/5.0 (compatible; BLEXBot/1.0; +http://webmeup-crawler.com/)" 
157.90.181.151 - - [28/Sep/2021:05:26:09 -0700] "GET /Datasets%20Description/HTML_Bro_log_3/?C=S;O=A HTTP/1.1" 200 818 "-" "Mozilla/5.0 (compatible; BLEXBot/1.0; +http://webmeup-crawler.com/)" 
17.121.113.110 - - [28/Sep/2021:05:26:41 -0700] "GET /self.logs/error.log.2020-05-02 HTTP/1.1" 200 307 "-" "Mozilla/5.0 (Macintosh; Intel Mac OS X 10_15_5) AppleWebKit/605.1.15 (KHTML, like Gecko) Version/13.1.1 Safari/605.1.15 (Applebot/0.1; +http://www.apple.com/go/applebot)" 
157.90.181.151 - - [28/Sep/2021:05:27:02 -0700] "GET /Datasets%20Description/Network/ HTTP/1.1" 200 769 "-" "Mozilla/5.0 (compatible; BLEXBot/1.0; +http://webmeup-crawler.com/)" 
157.90.181.151 - - [28/Sep/2021:05:27:08 -0700] "GET /Datasets%20Description/PE_malware/ HTTP/1.1" 200 686 "-" "Mozilla/5.0 (compatible; BLEXBot/1.0; +http://webmeup-crawler.com/)" 
157.90.181.151 - - [28/Sep/2021:05:27:16 -0700] "GET /self.logs/2015/?C=D;O=A HTTP/1.1" 200 7621 "-" "Mozilla/5.0 (compatible; BLEXBot/1.0; +http://webmeup-crawler.com/)" 
157.90.181.151 - - [28/Sep/2021:05:27:23 -0700] "GET /self.logs/2015/?C=M;O=A HTTP/1.1" 200 7706 "-" "Mozilla/5.0 (compatible; BLEXBot/1.0; +http://webmeup-crawler.com/)" 
157.90.181.151 - - [28/Sep/2021:05:27:26 -0700] "GET /self.logs/2015/?C=N;O=D HTTP/1.1" 200 7767 "-" "Mozilla/5.0 (compatible; BLEXBot/1.0; +http://webmeup-crawler.com/)" 
157.90.181.151 - - [28/Sep/2021:05:27:28 -0700] "GET /self.logs/2015/?C=S;O=A HTTP/1.1" 200 8288 "-" "Mozilla/5.0 (compatible; BLEXBot/1.0; +http://webmeup-crawler.com/)" 
157.90.181.151 - - [28/Sep/2021:05:27:42 -0700] "GET /self.logs/2016/?C=D;O=A HTTP/1.1" 200 7860 "-" "Mozilla/5.0 (compatible; BLEXBot/1.0; +http://webmeup-crawler.com/)" 
157.90.181.151 - - [28/Sep/2021:05:27:45 -0700] "GET /self.logs/2016/?C=M;O=A HTTP/1.1" 200 8029 "-" "Mozilla/5.0 (compatible; BLEXBot/1.0; +http://webmeup-crawler.com/)" 
157.90.181.151 - - [28/Sep/2021:05:27:48 -0700] "GET /self.logs/2016/?C=N;O=D HTTP/1.1" 200 8072 "-" "Mozilla/5.0 (compatible; BLEXBot/1.0; +http://webmeup-crawler.com/)" 
157.90.181.151 - - [28/Sep/2021:05:27:50 -0700] "GET /self.logs/2016/?C=S;O=A HTTP/1.1" 200 8560 "-" "Mozilla/5.0 (compatible; BLEXBot/1.0; +http://webmeup-crawler.com/)" 
157.90.181.151 - - [28/Sep/2021:05:27:57 -0700] "GET /self.logs/?C=D;O=D HTTP/1.1" 200 32614 "-" "Mozilla/5.0 (compatible; BLEXBot/1.0; +http://webmeup-crawler.com/)" 
157.90.181.151 - - [28/Sep/2021:05:28:06 -0700] "GET /self.logs/?C=M;O=D HTTP/1.1" 200 34489 "-" "Mozilla/5.0 (compatible; BLEXBot/1.0; +http://webmeup-crawler.com/)" 
157.90.181.151 - - [28/Sep/2021:05:28:20 -0700] "GET /self.logs/?C=S;O=D HTTP/1.1" 200 37691 "-" "Mozilla/5.0 (compatible; BLEXBot/1.0; +http://webmeup-crawler.com/)" 
136.243.70.68 - - [28/Sep/2021:05:28:31 -0700] "GET /robots.txt HTTP/1.1" 200 377 "-" "-" 
51.222.253.20 - - [28/Sep/2021:05:33:19 -0700] "GET /auth.log/auth.log.gz HTTP/1.1" 200 78840 "-" "Mozilla/5.0 (compatible; AhrefsBot/7.0; +http://ahrefs.com/robot/)" 
114.119.154.113 - - [28/Sep/2021:05:35:25 -0700] "GET /self.logs/error.log.2018-08-31.gz HTTP/1.1" 200 5212 "-" "Mozilla/5.0 (Linux; Android 7.0;) AppleWebKit/537.36 (KHTML, like Gecko) Mobile Safari/537.36 (compatible; PetalBot;+https://webmaster.petalsearch.com/site/petalbot)" 
51.222.253.6 - - [28/Sep/2021:05:37:38 -0700] "GET /self.logs/access.log.2019-08-22.gz HTTP/1.1" 200 19771 "-" "Mozilla/5.0 (compatible; AhrefsBot/7.0; +http://ahrefs.com/robot/)" 
184.75.215.98 - - [28/Sep/2021:05:41:46 -0700] "GET /bootstrap/img/favicon.ico HTTP/1.1" 200 713 "http://www.secrepo.com/" "Mozilla/5.0 (Windows NT 10.0; Win64; x64; rv:92.0) Gecko/20100101 Firefox/92.0" 
51.222.253.7 - - [28/Sep/2021:05:41:55 -0700] "GET /self.logs/error.log.2018-10-27.gz HTTP/1.1" 200 5450 "-" "Mozilla/5.0 (compatible; AhrefsBot/7.0; +http://ahrefs.com/robot/)" 
217.24.69.14 - - [28/Sep/2021:05:44:04 -0700] "GET / HTTP/1.1" 200 12883 "https://www.reddit.com/" "Mozilla/5.0 (Windows NT 10.0; Win64; x64; rv:78.0) Gecko/20100101 Firefox/78.0" 
217.24.69.14 - - [28/Sep/2021:05:44:04 -0700] "GET /css/style.css HTTP/1.1" 404 305 "http://www.secrepo.com/" "Mozilla/5.0 (Windows NT 10.0; Win64; x64; rv:78.0) Gecko/20100101 Firefox/78.0" 
217.24.69.14 - - [28/Sep/2021:05:44:04 -0700] "GET /twitter-icon.png HTTP/1.1" 200 27916 "http://www.secrepo.com/" "Mozilla/5.0 (Windows NT 10.0; Win64; x64; rv:78.0) Gecko/20100101 Firefox/78.0" 
217.24.69.14 - - [28/Sep/2021:05:44:04 -0700] "GET /GitHub-Mark.png HTTP/1.1" 200 7556 "http://www.secrepo.com/" "Mozilla/5.0 (Windows NT 10.0; Win64; x64; rv:78.0) Gecko/20100101 Firefox/78.0" 
217.24.69.14 - - [28/Sep/2021:05:44:04 -0700] "GET /css/style.css HTTP/1.1" 404 305 "http://www.secrepo.com/" "Mozilla/5.0 (Windows NT 10.0; Win64; x64; rv:78.0) Gecko/20100101 Firefox/78.0" 
217.24.69.14 - - [28/Sep/2021:05:44:05 -0700] "GET /bootstrap/img/favicon.ico HTTP/1.1" 200 690 "-" "Mozilla/5.0 (Windows NT 10.0; Win64; x64; rv:78.0) Gecko/20100101 Firefox/78.0" 
114.119.154.113 - - [28/Sep/2021:05:45:25 -0700] "GET /self.logs/access.log.2018-02-04.gz HTTP/1.1" 200 21653 "-" "Mozilla/5.0 (Linux; Android 7.0;) AppleWebKit/537.36 (KHTML, like Gecko) Mobile Safari/537.36 (compatible; PetalBot;+https://webmaster.petalsearch.com/site/petalbot)" 
51.222.253.16 - - [28/Sep/2021:05:46:11 -0700] "GET /self.logs/error.log.2020-02-10.gz HTTP/1.1" 200 831 "-" "Mozilla/5.0 (compatible; AhrefsBot/7.0; +http://ahrefs.com/robot/)" 
222.247.146.93 - - [28/Sep/2021:05:46:18 -0700] "GET /favicon.ico HTTP/1.1" 200 391 "-" "Mozilla/5.0 (Windows NT 10.0; WOW64) AppleWebKit/537.36 (KHTML, like Gecko) Chrome/55.0.2883.87 UBrowser/6.2.3964.2 Safari/537.36" 
114.119.154.113 - - [28/Sep/2021:05:50:25 -0700] "GET /self.logs/error.log.2019-02-07.gz HTTP/1.1" 200 3715 "-" "Mozilla/5.0 (Linux; Android 7.0;) AppleWebKit/537.36 (KHTML, like Gecko) Mobile Safari/537.36 (compatible; PetalBot;+https://webmaster.petalsearch.com/site/petalbot)" 
51.222.253.9 - - [28/Sep/2021:05:50:32 -0700] "GET /self.logs/access.log.2018-04-23.gz HTTP/1.1" 200 28485 "-" "Mozilla/5.0 (compatible; AhrefsBot/7.0; +http://ahrefs.com/robot/)" 
51.222.253.14 - - [28/Sep/2021:05:54:47 -0700] "GET /self.logs/error.log.2020-05-21.gz HTTP/1.1" 200 1021 "-" "Mozilla/5.0 (compatible; AhrefsBot/7.0; +http://ahrefs.com/robot/)" 
114.119.154.13 - - [28/Sep/2021:05:55:27 -0700] "GET /self.logs/access.log.2020-07-20.gz HTTP/1.1" 200 19841 "-" "Mozilla/5.0 (Linux; Android 7.0;) AppleWebKit/537.36 (KHTML, like Gecko) Mobile Safari/537.36 (compatible; PetalBot;+https://webmaster.petalsearch.com/site/petalbot)" 
51.222.253.2 - - [28/Sep/2021:05:59:00 -0700] "GET /self.logs/error.log.2020-09-16 HTTP/1.1" 200 724 "-" "Mozilla/5.0 (compatible; AhrefsBot/7.0; +http://ahrefs.com/robot/)" 
51.222.253.9 - - [28/Sep/2021:06:02:54 -0700] "GET /self.logs/error.log.2019-10-02.gz HTTP/1.1" 200 1641 "-" "Mozilla/5.0 (compatible; AhrefsBot/7.0; +http://ahrefs.com/robot/)" 
114.119.154.113 - - [28/Sep/2021:06:05:52 -0700] "GET /self.logs/error.log.2020-08-15 HTTP/1.1" 200 351 "-" "Mozilla/5.0 (Linux; Android 7.0;) AppleWebKit/537.36 (KHTML, like Gecko) Mobile Safari/537.36 (compatible; PetalBot;+https://webmaster.petalsearch.com/site/petalbot)" 
51.222.253.12 - - [28/Sep/2021:06:07:04 -0700] "GET /self.logs/error.log.2018-09-24.gz HTTP/1.1" 200 4632 "-" "Mozilla/5.0 (compatible; AhrefsBot/7.0; +http://ahrefs.com/robot/)" 
17.121.114.248 - - [28/Sep/2021:06:10:50 -0700] "GET /self.logs/error.log.2020-08-11 HTTP/1.1" 200 307 "-" "Mozilla/5.0 (Macintosh; Intel Mac OS X 10_15_5) AppleWebKit/605.1.15 (KHTML, like Gecko) Version/13.1.1 Safari/605.1.15 (Applebot/0.1; +http://www.apple.com/go/applebot)" 
51.222.253.3 - - [28/Sep/2021:06:11:23 -0700] "GET /self.logs/access.log.2019-01-10.gz HTTP/1.1" 200 27737 "-" "Mozilla/5.0 (compatible; AhrefsBot/7.0; +http://ahrefs.com/robot/)" 
114.119.154.113 - - [28/Sep/2021:06:12:23 -0700] "GET /self.logs/error.log.2020-04-08.gz HTTP/1.1" 200 1648 "-" "Mozilla/5.0 (Linux; Android 7.0;) AppleWebKit/537.36 (KHTML, like Gecko) Mobile Safari/537.36 (compatible; PetalBot;+https://webmaster.petalsearch.com/site/petalbot)" 
51.222.253.13 - - [28/Sep/2021:06:15:42 -0700] "GET /self.logs/error.log.2020-02-09 HTTP/1.1" 200 307 "-" "Mozilla/5.0 (compatible; AhrefsBot/7.0; +http://ahrefs.com/robot/)" 
114.119.154.113 - - [28/Sep/2021:06:18:50 -0700] "GET /self.logs/error.log.2019-04-01.gz HTTP/1.1" 200 5421 "-" "Mozilla/5.0 (Linux; Android 7.0;) AppleWebKit/537.36 (KHTML, like Gecko) Mobile Safari/537.36 (compatible; PetalBot;+https://webmaster.petalsearch.com/site/petalbot)" 
51.222.253.11 - - [28/Sep/2021:06:19:45 -0700] "GET /self.logs/error.log.2020-04-27 HTTP/1.1" 200 307 "-" "Mozilla/5.0 (compatible; AhrefsBot/7.0; +http://ahrefs.com/robot/)" 
51.222.253.1 - - [28/Sep/2021:06:23:40 -0700] "GET /self.logs/access.log.2020-12-23.gz HTTP/1.1" 200 20296 "-" "Mozilla/5.0 (compatible; AhrefsBot/7.0; +http://ahrefs.com/robot/)" 
114.119.154.113 - - [28/Sep/2021:06:25:27 -0700] "GET /self.logs/access.log.2018-01-19.gz HTTP/1.1" 200 23999 "-" "Mozilla/5.0 (Linux; Android 7.0;) AppleWebKit/537.36 (KHTML, like Gecko) Mobile Safari/537.36 (compatible; PetalBot;+https://webmaster.petalsearch.com/site/petalbot)" 
52.204.27.85 - - [28/Sep/2021:06:26:27 -0700] "GET /pe HTTP/1.1" 404 284 "-" "Mozilla/5.0 (compatible)" 
51.222.253.10 - - [28/Sep/2021:06:27:53 -0700] "GET /self.logs/access.log.2020-11-22.gz HTTP/1.1" 200 10878 "-" "Mozilla/5.0 (compatible; AhrefsBot/7.0; +http://ahrefs.com/robot/)" 
52.204.27.85 - - [28/Sep/2021:06:28:59 -0700] "GET /pe HTTP/1.1" 404 284 "-" "Mozilla/5.0 (compatible)" 
54.198.55.229 - - [28/Sep/2021:06:30:14 -0700] "GET /pe HTTP/1.1" 404 284 "-" "Mozilla/5.0 (compatible)" 
27.115.124.97 - - [28/Sep/2021:06:30:56 -0700] "GET / HTTP/1.1" 200 12883 "http://www.secrepo.com/" "Mozilla/5.0 (iPhone; CPU iPhone OS 11_0 like Mac OS X) AppleWebKit/604.1.38 (KHTML, like Gecko) Version/11.0 Mobile/15A372 Safari/604.1" 
27.115.124.97 - - [28/Sep/2021:06:30:56 -0700] "GET /css/style.css HTTP/1.1" 404 305 "http://www.secrepo.com/" "Mozilla/5.0 (iPhone; CPU iPhone OS 11_0 like Mac OS X) AppleWebKit/604.1.38 (KHTML, like Gecko) Version/11.0 Mobile/15A372 Safari/604.1" 
51.222.253.17 - - [28/Sep/2021:06:31:46 -0700] "GET /self.logs/error.log.2018-05-15.gz HTTP/1.1" 200 4408 "-" "Mozilla/5.0 (compatible; AhrefsBot/7.0; +http://ahrefs.com/robot/)" 
114.119.154.155 - - [28/Sep/2021:06:32:01 -0700] "GET /self.logs/error.log.2018-07-12.gz HTTP/1.1" 200 5217 "-" "Mozilla/5.0 (Linux; Android 7.0;) AppleWebKit/537.36 (KHTML, like Gecko) Mobile Safari/537.36 (compatible; PetalBot;+https://webmaster.petalsearch.com/site/petalbot)" 
51.222.253.12 - - [28/Sep/2021:06:35:54 -0700] "GET /self.logs/access.log.2018-12-07.gz HTTP/1.1" 200 26887 "-" "Mozilla/5.0 (compatible; AhrefsBot/7.0; +http://ahrefs.com/robot/)" 
114.119.154.113 - - [28/Sep/2021:06:38:33 -0700] "GET /self.logs/2015/error.log.2015-06-22.gz HTTP/1.1" 200 2896 "-" "Mozilla/5.0 (Linux; Android 7.0;) AppleWebKit/537.36 (KHTML, like Gecko) Mobile Safari/537.36 (compatible; PetalBot;+https://webmaster.petalsearch.com/site/petalbot)" 
51.222.253.4 - - [28/Sep/2021:06:39:48 -0700] "GET /self.logs/access.log.2017-07-29.gz HTTP/1.1" 200 13245 "-" "Mozilla/5.0 (compatible; AhrefsBot/7.0; +http://ahrefs.com/robot/)" 
17.121.113.94 - - [28/Sep/2021:06:40:21 -0700] "GET /self.logs/error.log.2019-12-08 HTTP/1.1" 200 307 "-" "Mozilla/5.0 (Macintosh; Intel Mac OS X 10_15_5) AppleWebKit/605.1.15 (KHTML, like Gecko) Version/13.1.1 Safari/605.1.15 (Applebot/0.1; +http://www.apple.com/go/applebot)" 
17.121.115.137 - - [28/Sep/2021:06:41:32 -0700] "GET /self.logs/error.log.2020-05-31 HTTP/1.1" 200 307 "-" "Mozilla/5.0 (Macintosh; Intel Mac OS X 10_15_5) AppleWebKit/605.1.15 (KHTML, like Gecko) Version/13.1.1 Safari/605.1.15 (Applebot/0.1; +http://www.apple.com/go/applebot)" 
175.44.42.17 - - [28/Sep/2021:06:43:48 -0700] "GET / HTTP/1.1" 200 12883 "http://mcpnr.jhnf.net/" "Mozilla/5.0 (iPhone; CPU iPhone OS 11_0 like Mac OS X) AppleWebKit/604.1.38 (KHTML, like Gecko) Version/11.0 Mobile/15A372 Safari/604.1" 
51.222.253.9 - - [28/Sep/2021:06:43:53 -0700] "GET /self.logs/access.log.2020-09-08.gz HTTP/1.1" 200 13715 "-" "Mozilla/5.0 (compatible; AhrefsBot/7.0; +http://ahrefs.com/robot/)" 
51.222.253.20 - - [28/Sep/2021:06:47:55 -0700] "GET /self.logs/access.log.2018-12-23.gz HTTP/1.1" 200 21293 "-" "Mozilla/5.0 (compatible; AhrefsBot/7.0; +http://ahrefs.com/robot/)" 
17.121.115.44 - - [28/Sep/2021:06:50:48 -0700] "GET /self.logs/error.log.2020-08-02 HTTP/1.1" 200 307 "-" "Mozilla/5.0 (Macintosh; Intel Mac OS X 10_15_5) AppleWebKit/605.1.15 (KHTML, like Gecko) Version/13.1.1 Safari/605.1.15 (Applebot/0.1; +http://www.apple.com/go/applebot)" 
51.222.253.10 - - [28/Sep/2021:06:52:03 -0700] "GET /self.logs/error.log.2017-06-17.gz HTTP/1.1" 200 1093 "-" "Mozilla/5.0 (compatible; AhrefsBot/7.0; +http://ahrefs.com/robot/)" 
51.222.253.8 - - [28/Sep/2021:06:56:13 -0700] "GET /self.logs/error.log.2017-08-13.gz HTTP/1.1" 200 960 "-" "Mozilla/5.0 (compatible; AhrefsBot/7.0; +http://ahrefs.com/robot/)" 
68.98.128.7 - - [28/Sep/2021:06:56:33 -0700] "GET / HTTP/1.1" 200 12883 "-" "Mozilla/5.0 (Macintosh; Intel Mac OS X 10_15_7) AppleWebKit/605.1.15 (KHTML, like Gecko) Version/15.0 Safari/605.1.15" 
68.98.128.7 - - [28/Sep/2021:06:56:33 -0700] "GET /css/style.css HTTP/1.1" 404 305 "http://www.secrepo.com/" "Mozilla/5.0 (Macintosh; Intel Mac OS X 10_15_7) AppleWebKit/605.1.15 (KHTML, like Gecko) Version/15.0 Safari/605.1.15" 
68.98.128.7 - - [28/Sep/2021:06:56:33 -0700] "GET /twitter-icon.png HTTP/1.1" 200 27916 "http://www.secrepo.com/" "Mozilla/5.0 (Macintosh; Intel Mac OS X 10_15_7) AppleWebKit/605.1.15 (KHTML, like Gecko) Version/15.0 Safari/605.1.15" 
68.98.128.7 - - [28/Sep/2021:06:56:33 -0700] "GET /GitHub-Mark.png HTTP/1.1" 200 7533 "http://www.secrepo.com/" "Mozilla/5.0 (Macintosh; Intel Mac OS X 10_15_7) AppleWebKit/605.1.15 (KHTML, like Gecko) Version/15.0 Safari/605.1.15" 
17.121.112.112 - - [28/Sep/2021:06:57:21 -0700] "GET /self.logs/error.log.2020-06-29 HTTP/1.1" 200 307 "-" "Mozilla/5.0 (Macintosh; Intel Mac OS X 10_15_5) AppleWebKit/605.1.15 (KHTML, like Gecko) Version/13.1.1 Safari/605.1.15 (Applebot/0.1; +http://www.apple.com/go/applebot)" 
114.119.154.113 - - [28/Sep/2021:06:58:34 -0700] "GET /self.logs/access.log.2018-06-02.gz HTTP/1.1" 200 13989 "-" "Mozilla/5.0 (Linux; Android 7.0;) AppleWebKit/537.36 (KHTML, like Gecko) Mobile Safari/537.36 (compatible; PetalBot;+https://webmaster.petalsearch.com/site/petalbot)" 
51.222.253.14 - - [28/Sep/2021:07:00:24 -0700] "GET /self.logs/access.log.2019-03-17.gz HTTP/1.1" 200 25705 "-" "Mozilla/5.0 (compatible; AhrefsBot/7.0; +http://ahrefs.com/robot/)" 
51.222.253.13 - - [28/Sep/2021:07:04:44 -0700] "GET /self.logs/error.log.2019-05-06.gz HTTP/1.1" 200 7293 "-" "Mozilla/5.0 (compatible; AhrefsBot/7.0; +http://ahrefs.com/robot/)" 
114.119.154.155 - - [28/Sep/2021:07:05:16 -0700] "GET /self.logs/error.log.2020-02-01 HTTP/1.1" 200 351 "-" "Mozilla/5.0 (Linux; Android 7.0;) AppleWebKit/537.36 (KHTML, like Gecko) Mobile Safari/537.36 (compatible; PetalBot;+https://webmaster.petalsearch.com/site/petalbot)" 
51.222.253.1 - - [28/Sep/2021:07:08:56 -0700] "GET /self.logs/error.log.2020-10-26 HTTP/1.1" 200 307 "-" "Mozilla/5.0 (compatible; AhrefsBot/7.0; +http://ahrefs.com/robot/)" 
51.222.253.2 - - [28/Sep/2021:07:13:15 -0700] "GET /self.logs/access.log.2017-01-19.gz HTTP/1.1" 200 18342 "-" "Mozilla/5.0 (compatible; AhrefsBot/7.0; +http://ahrefs.com/robot/)" 
51.222.253.20 - - [28/Sep/2021:07:17:34 -0700] "GET / HTTP/1.1" 200 12839 "-" "Mozilla/5.0 (compatible; AhrefsBot/7.0; +http://ahrefs.com/robot/)" 
114.119.154.113 - - [28/Sep/2021:07:18:15 -0700] "GET /self.logs/error.log.2020-02-17 HTTP/1.1" 200 351 "-" "Mozilla/5.0 (Linux; Android 7.0;) AppleWebKit/537.36 (KHTML, like Gecko) Mobile Safari/537.36 (compatible; PetalBot;+https://webmaster.petalsearch.com/site/petalbot)" 
17.121.114.133 - - [28/Sep/2021:07:18:27 -0700] "GET /self.logs/error.log.2020-06-14 HTTP/1.1" 200 307 "-" "Mozilla/5.0 (Macintosh; Intel Mac OS X 10_15_5) AppleWebKit/605.1.15 (KHTML, like Gecko) Version/13.1.1 Safari/605.1.15 (Applebot/0.1; +http://www.apple.com/go/applebot)" 
114.119.154.113 - - [28/Sep/2021:07:24:28 -0700] "GET /self.logs/error.log.2020-01-23 HTTP/1.1" 200 351 "-" "Mozilla/5.0 (Linux; Android 7.0;) AppleWebKit/537.36 (KHTML, like Gecko) Mobile Safari/537.36 (compatible; PetalBot;+https://webmaster.petalsearch.com/site/petalbot)" 
71.126.139.43 - - [28/Sep/2021:07:28:25 -0700] "GET / HTTP/1.1" 200 12883 "-" "Mozilla/5.0 (Macintosh; Intel Mac OS X 10_15_7) AppleWebKit/605.1.15 (KHTML, like Gecko)" 
71.126.139.43 - - [28/Sep/2021:07:28:25 -0700] "GET /css/style.css HTTP/1.1" 404 328 "http://www.secrepo.com/" "Mozilla/5.0 (Macintosh; Intel Mac OS X 10_15_7) AppleWebKit/605.1.15 (KHTML, like Gecko)" 
