216.244.66.245 - - [29/Sep/2022:04:58:22 -0700] "GET /self.logs/access.log.2017-11-02.gz HTTP/1.1" 200 30164 "-" "Mozilla/5.0 (compatible; DotBot/1.2; +https://opensiteexplorer.org/dotbot; help@moz.com)" 
216.244.66.245 - - [29/Sep/2022:04:58:23 -0700] "GET /self.logs/access.log.2018-02-02.gz HTTP/1.1" 200 24558 "-" "Mozilla/5.0 (compatible; DotBot/1.2; +https://opensiteexplorer.org/dotbot; help@moz.com)" 
216.244.66.245 - - [29/Sep/2022:04:58:25 -0700] "GET /self.logs/access.log.2018-05-19.gz HTTP/1.1" 200 13953 "-" "Mozilla/5.0 (compatible; DotBot/1.2; +https://opensiteexplorer.org/dotbot; help@moz.com)" 
216.244.66.245 - - [29/Sep/2022:04:58:26 -0700] "GET /self.logs/access.log.2018-05-28.gz HTTP/1.1" 200 38873 "-" "Mozilla/5.0 (compatible; DotBot/1.2; +https://opensiteexplorer.org/dotbot; help@moz.com)" 
216.244.66.245 - - [29/Sep/2022:04:58:27 -0700] "GET /self.logs/access.log.2018-07-08.gz HTTP/1.1" 200 30668 "-" "Mozilla/5.0 (compatible; DotBot/1.2; +https://opensiteexplorer.org/dotbot; help@moz.com)" 
216.244.66.245 - - [29/Sep/2022:04:58:28 -0700] "GET /self.logs/access.log.2019-08-21.gz HTTP/1.1" 200 17490 "-" "Mozilla/5.0 (compatible; DotBot/1.2; +https://opensiteexplorer.org/dotbot; help@moz.com)" 
216.244.66.245 - - [29/Sep/2022:04:58:29 -0700] "GET /self.logs/access.log.2020-01-07.gz HTTP/1.1" 200 14838 "-" "Mozilla/5.0 (compatible; DotBot/1.2; +https://opensiteexplorer.org/dotbot; help@moz.com)" 
216.244.66.245 - - [29/Sep/2022:04:58:30 -0700] "GET /self.logs/access.log.2020-11-28.gz HTTP/1.1" 200 12560 "-" "Mozilla/5.0 (compatible; DotBot/1.2; +https://opensiteexplorer.org/dotbot; help@moz.com)" 
216.244.66.245 - - [29/Sep/2022:04:58:30 -0700] "GET /self.logs/access.log.2020-12-21.gz HTTP/1.1" 200 26014 "-" "Mozilla/5.0 (compatible; DotBot/1.2; +https://opensiteexplorer.org/dotbot; help@moz.com)" 
216.244.66.245 - - [29/Sep/2022:04:58:31 -0700] "GET /self.logs/access.log.2021-01-22.gz HTTP/1.1" 200 24207 "-" "Mozilla/5.0 (compatible; DotBot/1.2; +https://opensiteexplorer.org/dotbot; help@moz.com)" 
216.244.66.245 - - [29/Sep/2022:04:58:32 -0700] "GET /self.logs/access.log.2021-08-25.gz HTTP/1.1" 200 16729 "-" "Mozilla/5.0 (compatible; DotBot/1.2; +https://opensiteexplorer.org/dotbot; help@moz.com)" 
216.244.66.245 - - [29/Sep/2022:04:58:33 -0700] "GET /self.logs/access.log.2022-02-26.gz HTTP/1.1" 200 15576 "-" "Mozilla/5.0 (compatible; DotBot/1.2; +https://opensiteexplorer.org/dotbot; help@moz.com)" 
216.244.66.245 - - [29/Sep/2022:04:58:33 -0700] "GET /self.logs/access.log.2022-03-26.gz HTTP/1.1" 200 32781 "-" "Mozilla/5.0 (compatible; DotBot/1.2; +https://opensiteexplorer.org/dotbot; help@moz.com)" 
216.244.66.245 - - [29/Sep/2022:04:58:34 -0700] "GET /self.logs/access.log.2019-11-30.gz HTTP/1.1" 200 21766 "-" "Mozilla/5.0 (compatible; DotBot/1.2; +https://opensiteexplorer.org/dotbot; help@moz.com)" 
216.244.66.245 - - [29/Sep/2022:04:58:35 -0700] "GET /self.logs/access.log.2019-12-24.gz HTTP/1.1" 200 13990 "-" "Mozilla/5.0 (compatible; DotBot/1.2; +https://opensiteexplorer.org/dotbot; help@moz.com)" 
216.244.66.245 - - [29/Sep/2022:04:58:36 -0700] "GET /self.logs/error.log.2017-04-04.gz HTTP/1.1" 200 3898 "-" "Mozilla/5.0 (compatible; DotBot/1.2; +https://opensiteexplorer.org/dotbot; help@moz.com)" 
216.244.66.245 - - [29/Sep/2022:04:58:36 -0700] "GET /self.logs/error.log.2018-02-10.gz HTTP/1.1" 200 3793 "-" "Mozilla/5.0 (compatible; DotBot/1.2; +https://opensiteexplorer.org/dotbot; help@moz.com)" 
216.244.66.245 - - [29/Sep/2022:04:58:37 -0700] "GET /self.logs/error.log.2018-09-24.gz HTTP/1.1" 200 4632 "-" "Mozilla/5.0 (compatible; DotBot/1.2; +https://opensiteexplorer.org/dotbot; help@moz.com)" 
216.244.66.245 - - [29/Sep/2022:04:58:38 -0700] "GET /self.logs/error.log.2018-10-27.gz HTTP/1.1" 200 5450 "-" "Mozilla/5.0 (compatible; DotBot/1.2; +https://opensiteexplorer.org/dotbot; help@moz.com)" 
216.244.66.245 - - [29/Sep/2022:04:58:39 -0700] "GET /self.logs/error.log.2019-09-29.gz HTTP/1.1" 200 1398 "-" "Mozilla/5.0 (compatible; DotBot/1.2; +https://opensiteexplorer.org/dotbot; help@moz.com)" 
216.244.66.245 - - [29/Sep/2022:04:58:40 -0700] "GET /self.logs/error.log.2019-10-27.gz HTTP/1.1" 200 1358 "-" "Mozilla/5.0 (compatible; DotBot/1.2; +https://opensiteexplorer.org/dotbot; help@moz.com)" 
216.244.66.245 - - [29/Sep/2022:04:58:42 -0700] "GET /self.logs/error.log.2020-03-31 HTTP/1.1" 200 307 "-" "Mozilla/5.0 (compatible; DotBot/1.2; +https://opensiteexplorer.org/dotbot; help@moz.com)" 
216.244.66.245 - - [29/Sep/2022:04:58:42 -0700] "GET /self.logs/error.log.2020-04-10.gz HTTP/1.1" 200 1705 "-" "Mozilla/5.0 (compatible; DotBot/1.2; +https://opensiteexplorer.org/dotbot; help@moz.com)" 
216.244.66.245 - - [29/Sep/2022:04:58:43 -0700] "GET /self.logs/error.log.2020-05-14 HTTP/1.1" 200 307 "-" "Mozilla/5.0 (compatible; DotBot/1.2; +https://opensiteexplorer.org/dotbot; help@moz.com)" 
216.244.66.245 - - [29/Sep/2022:04:58:44 -0700] "GET /self.logs/error.log.2020-08-22.gz HTTP/1.1" 200 718 "-" "Mozilla/5.0 (compatible; DotBot/1.2; +https://opensiteexplorer.org/dotbot; help@moz.com)" 
216.244.66.245 - - [29/Sep/2022:04:58:45 -0700] "GET /self.logs/error.log.2020-10-20.gz HTTP/1.1" 200 1104 "-" "Mozilla/5.0 (compatible; DotBot/1.2; +https://opensiteexplorer.org/dotbot; help@moz.com)" 
216.244.66.245 - - [29/Sep/2022:04:58:45 -0700] "GET /self.logs/error.log.2021-03-05 HTTP/1.1" 200 307 "-" "Mozilla/5.0 (compatible; DotBot/1.2; +https://opensiteexplorer.org/dotbot; help@moz.com)" 
216.244.66.245 - - [29/Sep/2022:04:58:46 -0700] "GET /self.logs/error.log.2021-03-17.gz HTTP/1.1" 200 2110 "-" "Mozilla/5.0 (compatible; DotBot/1.2; +https://opensiteexplorer.org/dotbot; help@moz.com)" 
216.244.66.245 - - [29/Sep/2022:04:58:48 -0700] "GET /self.logs/error.log.2021-06-07.gz HTTP/1.1" 200 1543 "-" "Mozilla/5.0 (compatible; DotBot/1.2; +https://opensiteexplorer.org/dotbot; help@moz.com)" 
216.244.66.245 - - [29/Sep/2022:04:58:50 -0700] "GET /self.logs/error.log.2021-10-07.gz HTTP/1.1" 200 159928 "-" "Mozilla/5.0 (compatible; DotBot/1.2; +https://opensiteexplorer.org/dotbot; help@moz.com)" 
216.244.66.245 - - [29/Sep/2022:04:58:54 -0700] "GET /self.logs/error.log.2022-01-06.gz HTTP/1.1" 200 2695 "-" "Mozilla/5.0 (compatible; DotBot/1.2; +https://opensiteexplorer.org/dotbot; help@moz.com)" 
216.244.66.245 - - [29/Sep/2022:04:58:55 -0700] "GET /self.logs/error.log.2022-01-13 HTTP/1.1" 200 307 "-" "Mozilla/5.0 (compatible; DotBot/1.2; +https://opensiteexplorer.org/dotbot; help@moz.com)" 
216.244.66.245 - - [29/Sep/2022:04:58:57 -0700] "GET /self.logs/error.log.2022-02-02.gz HTTP/1.1" 200 3693 "-" "Mozilla/5.0 (compatible; DotBot/1.2; +https://opensiteexplorer.org/dotbot; help@moz.com)" 
216.244.66.245 - - [29/Sep/2022:04:58:58 -0700] "GET /self.logs/error.log.2022-04-06 HTTP/1.1" 200 307 "-" "Mozilla/5.0 (compatible; DotBot/1.2; +https://opensiteexplorer.org/dotbot; help@moz.com)" 
107.167.35.138 - - [29/Sep/2022:04:59:36 -0700] "GET / HTTP/1.1" 200 49089 "-" "-" 
34.206.152.150 - - [29/Sep/2022:05:02:54 -0700] "HEAD / HTTP/1.1" 301 186 "-" "DreamHost SiteMonitor 1.0" 
34.206.152.150 - - [29/Sep/2022:05:02:54 -0700] "HEAD / HTTP/1.1" 200 359 "http://66.33.221.139" "DreamHost SiteMonitor 1.0" 
114.119.149.237 - - [29/Sep/2022:05:04:26 -0700] "GET /self.logs/error.log.2020-12-12 HTTP/1.1" 200 351 "http://www.secrepo.com/self.logs?C=N%3BO%3DD" "Mozilla/5.0 (Linux; Android 7.0;) AppleWebKit/537.36 (KHTML, like Gecko) Mobile Safari/537.36 (compatible; PetalBot;+https://webmaster.petalsearch.com/site/petalbot)" 
49.7.20.105 - - [29/Sep/2022:05:12:05 -0700] "GET / HTTP/1.1" 200 13148 "-" "Sogou web spider/4.0(+http://www.sogou.com/docs/help/webmasters.htm#07)" 
34.206.152.150 - - [29/Sep/2022:05:12:54 -0700] "HEAD / HTTP/1.1" 301 186 "-" "DreamHost SiteMonitor 1.0" 
34.206.152.150 - - [29/Sep/2022:05:12:54 -0700] "HEAD / HTTP/1.1" 200 359 "http://66.33.221.139" "DreamHost SiteMonitor 1.0" 
49.37.233.94 - - [29/Sep/2022:05:14:21 -0700] "GET / HTTP/1.1" 200 13185 "-" "Mozilla/5.0 (Windows NT 10.0; Win64; x64) AppleWebKit/537.36 (KHTML, like Gecko) Chrome/105.0.0.0 Safari/537.36" 
49.37.233.94 - - [29/Sep/2022:05:14:22 -0700] "GET /css/style.css HTTP/1.1" 404 305 "http://www.secrepo.com/" "Mozilla/5.0 (Windows NT 10.0; Win64; x64) AppleWebKit/537.36 (KHTML, like Gecko) Chrome/105.0.0.0 Safari/537.36" 
49.37.233.94 - - [29/Sep/2022:05:14:23 -0700] "GET /twitter-icon.png HTTP/1.1" 200 27893 "http://www.secrepo.com/" "Mozilla/5.0 (Windows NT 10.0; Win64; x64) AppleWebKit/537.36 (KHTML, like Gecko) Chrome/105.0.0.0 Safari/537.36" 
49.37.233.94 - - [29/Sep/2022:05:14:23 -0700] "GET /GitHub-Mark.png HTTP/1.1" 200 7556 "http://www.secrepo.com/" "Mozilla/5.0 (Windows NT 10.0; Win64; x64) AppleWebKit/537.36 (KHTML, like Gecko) Chrome/105.0.0.0 Safari/537.36" 
49.37.233.94 - - [29/Sep/2022:05:14:24 -0700] "GET /bootstrap/img/favicon.ico HTTP/1.1" 200 690 "http://www.secrepo.com/" "Mozilla/5.0 (Windows NT 10.0; Win64; x64) AppleWebKit/537.36 (KHTML, like Gecko) Chrome/105.0.0.0 Safari/537.36" 
114.119.140.174 - - [29/Sep/2022:05:21:43 -0700] "GET /self.logs/error.log.2020-10-28 HTTP/1.1" 200 351 "http://www.secrepo.com/self.logs?C=N%3BO%3DD" "Mozilla/5.0 (Linux; Android 7.0;) AppleWebKit/537.36 (KHTML, like Gecko) Mobile Safari/537.36 (compatible; PetalBot;+https://webmaster.petalsearch.com/site/petalbot)" 
34.206.152.150 - - [29/Sep/2022:05:22:54 -0700] "HEAD / HTTP/1.1" 301 186 "-" "DreamHost SiteMonitor 1.0" 
34.206.152.150 - - [29/Sep/2022:05:22:54 -0700] "HEAD / HTTP/1.1" 200 359 "http://66.33.221.139" "DreamHost SiteMonitor 1.0" 
157.55.39.55 - - [29/Sep/2022:05:23:46 -0700] "GET /Datasets%20Description/HTML_Bro_log_3/?C=M;O=A HTTP/1.1" 200 823 "-" "Mozilla/5.0 (compatible; bingbot/2.0; +http://www.bing.com/bingbot.htm)" 
42.3.53.59 - - [29/Sep/2022:05:24:03 -0700] "GET / HTTP/1.1" 200 13142 "-" "Mozilla/5.0 (Windows NT 10.0; Win64; x64) AppleWebKit/537.36 (KHTML, like Gecko) Chrome/105.0.0.0 Safari/537.36" 
42.3.53.59 - - [29/Sep/2022:05:24:03 -0700] "GET /robots.txt HTTP/1.1" 200 333 "-" "Mozilla/5.0 (Windows NT 10.0; Win64; x64) AppleWebKit/537.36 (KHTML, like Gecko) Chrome/105.0.0.0 Safari/537.36" 
42.3.53.59 - - [29/Sep/2022:05:24:04 -0700] "GET /twitter-icon.png HTTP/1.1" 200 27838 "http://www.secrepo.com/" "Mozilla/5.0 (Windows NT 10.0; Win64; x64) AppleWebKit/537.36 (KHTML, like Gecko) Chrome/105.0.0.0 Safari/537.36" 
42.3.53.59 - - [29/Sep/2022:05:24:05 -0700] "GET /css/style.css HTTP/1.1" 404 284 "http://www.secrepo.com/" "Mozilla/5.0 (Windows NT 10.0; Win64; x64) AppleWebKit/537.36 (KHTML, like Gecko) Chrome/105.0.0.0 Safari/537.36" 
42.3.53.59 - - [29/Sep/2022:05:24:06 -0700] "GET /GitHub-Mark.png HTTP/1.1" 200 7512 "http://www.secrepo.com/" "Mozilla/5.0 (Windows NT 10.0; Win64; x64) AppleWebKit/537.36 (KHTML, like Gecko) Chrome/105.0.0.0 Safari/537.36" 
42.3.53.59 - - [29/Sep/2022:05:24:09 -0700] "GET / HTTP/1.1" 200 13142 "-" "Mozilla/5.0 (Windows NT 10.0; Win64; x64) AppleWebKit/537.36 (KHTML, like Gecko) Chrome/105.0.0.0 Safari/537.36" 
42.3.53.59 - - [29/Sep/2022:05:24:07 -0700] "GET /honeypot/honeypot.json.zip HTTP/1.1" 200 23086009 "-" "Mozilla/5.0 (Windows NT 10.0; Win64; x64) AppleWebKit/537.36 (KHTML, like Gecko) Chrome/105.0.0.0 Safari/537.36" 
42.3.53.59 - - [29/Sep/2022:05:24:14 -0700] "GET /bootstrap/img/favicon.ico HTTP/1.1" 200 669 "http://www.secrepo.com/" "Mozilla/5.0 (Windows NT 10.0; Win64; x64) AppleWebKit/537.36 (KHTML, like Gecko) Chrome/105.0.0.0 Safari/537.36" 
157.55.39.38 - - [29/Sep/2022:05:32:04 -0700] "GET /self.logs/ HTTP/1.1" 200 38699 "-" "Mozilla/5.0 AppleWebKit/537.36 (KHTML, like Gecko; compatible; bingbot/2.0; +http://www.bing.com/bingbot.htm) Chrome/103.0.5060.134 Safari/537.36" 
34.206.152.150 - - [29/Sep/2022:05:32:54 -0700] "HEAD / HTTP/1.1" 301 186 "-" "DreamHost SiteMonitor 1.0" 
34.206.152.150 - - [29/Sep/2022:05:32:54 -0700] "HEAD / HTTP/1.1" 200 359 "http://66.33.221.139" "DreamHost SiteMonitor 1.0" 
64.62.202.81 - - [29/Sep/2022:05:34:24 -0700] "GET /self.logs/error.log.2020-12-20 HTTP/1.1" 200 307 "-" "Mozilla/5.0 (compatible; +centuryb.o.t9[at]gmail.com)" 
114.119.149.237 - - [29/Sep/2022:05:41:38 -0700] "GET /self.logs/error.log.2020-05-25 HTTP/1.1" 200 351 "http://www.secrepo.com/self.logs?C=N%3BO%3DD" "Mozilla/5.0 (Linux; Android 7.0;) AppleWebKit/537.36 (KHTML, like Gecko) Mobile Safari/537.36 (compatible; PetalBot;+https://webmaster.petalsearch.com/site/petalbot)" 
34.206.152.150 - - [29/Sep/2022:05:42:54 -0700] "HEAD / HTTP/1.1" 301 186 "-" "DreamHost SiteMonitor 1.0" 
34.206.152.150 - - [29/Sep/2022:05:42:54 -0700] "HEAD / HTTP/1.1" 200 359 "http://66.33.221.139" "DreamHost SiteMonitor 1.0" 
94.239.61.160 - - [29/Sep/2022:05:44:28 -0700] "GET /twitter-icon.png HTTP/1.1" 200 27916 "http://www.secrepo.com/" "Mozilla/5.0 (Macintosh; Intel Mac OS X 10_15_7) AppleWebKit/605.1.15 (KHTML, like Gecko) Version/16.0 Safari/605.1.15" 
66.29.180.166 - - [29/Sep/2022:05:46:05 -0700] "GET / HTTP/1.1" 200 13185 "-" "Mozilla/5.0 (Macintosh; Intel Mac OS X 10_15_7) AppleWebKit/537.36 (KHTML, like Gecko) Chrome/105.0.0.0 Safari/537.36" 
66.29.180.166 - - [29/Sep/2022:05:46:05 -0700] "GET /css/style.css HTTP/1.1" 404 305 "http://www.secrepo.com/" "Mozilla/5.0 (Macintosh; Intel Mac OS X 10_15_7) AppleWebKit/537.36 (KHTML, like Gecko) Chrome/105.0.0.0 Safari/537.36" 
66.29.180.166 - - [29/Sep/2022:05:46:05 -0700] "GET /GitHub-Mark.png HTTP/1.1" 200 7556 "http://www.secrepo.com/" "Mozilla/5.0 (Macintosh; Intel Mac OS X 10_15_7) AppleWebKit/537.36 (KHTML, like Gecko) Chrome/105.0.0.0 Safari/537.36" 
66.29.180.166 - - [29/Sep/2022:05:46:05 -0700] "GET /twitter-icon.png HTTP/1.1" 200 27916 "http://www.secrepo.com/" "Mozilla/5.0 (Macintosh; Intel Mac OS X 10_15_7) AppleWebKit/537.36 (KHTML, like Gecko) Chrome/105.0.0.0 Safari/537.36" 
66.29.180.166 - - [29/Sep/2022:05:46:06 -0700] "GET /bootstrap/img/favicon.ico HTTP/1.1" 304 253 "http://www.secrepo.com/" "Mozilla/5.0 (Macintosh; Intel Mac OS X 10_15_7) AppleWebKit/537.36 (KHTML, like Gecko) Chrome/105.0.0.0 Safari/537.36" 
216.244.66.245 - - [29/Sep/2022:05:47:02 -0700] "GET /robots.txt HTTP/1.1" 200 333 "-" "Mozilla/5.0 (compatible; DotBot/1.2; +https://opensiteexplorer.org/dotbot; help@moz.com)" 
114.119.149.23 - - [29/Sep/2022:05:48:30 -0700] "GET /self.logs/error.log.2020-07-25 HTTP/1.1" 200 351 "http://www.secrepo.com/self.logs?C=N%3BO%3DD" "Mozilla/5.0 (Linux; Android 7.0;) AppleWebKit/537.36 (KHTML, like Gecko) Mobile Safari/537.36 (compatible; PetalBot;+https://webmaster.petalsearch.com/site/petalbot)" 
157.55.39.38 - - [29/Sep/2022:05:48:37 -0700] "GET /self.logs/ HTTP/1.1" 200 38699 "-" "Mozilla/5.0 (compatible; bingbot/2.0; +http://www.bing.com/bingbot.htm)" 
54.211.197.21 - - [29/Sep/2022:05:50:09 -0700] "GET / HTTP/1.1" 200 13185 "-" "Iframely/1.3.1 (+https://iframely.com/docs/about)" 
107.167.35.138 - - [29/Sep/2022:05:50:19 -0700] "GET / HTTP/1.1" 200 49089 "-" "-" 
216.244.66.245 - - [29/Sep/2022:05:51:07 -0700] "GET /maccdc2012/ftp.log.gz HTTP/1.1" 200 127717 "-" "Mozilla/5.0 (compatible; DotBot/1.2; +https://opensiteexplorer.org/dotbot; help@moz.com)" 
216.244.66.245 - - [29/Sep/2022:05:51:13 -0700] "GET /self.logs/error.log.2022-08-05.gz HTTP/1.1" 200 2411 "-" "Mozilla/5.0 (compatible; DotBot/1.2; +https://opensiteexplorer.org/dotbot; help@moz.com)" 
216.244.66.245 - - [29/Sep/2022:05:51:17 -0700] "GET /maccdc2012/conn.log.gz HTTP/1.1" 200 2190000 "-" "Mozilla/5.0 (compatible; DotBot/1.2; +https://opensiteexplorer.org/dotbot; help@moz.com)" 
216.244.66.245 - - [29/Sep/2022:05:52:03 -0700] "GET /self.logs/error.log.2017-01-07.gz HTTP/1.1" 200 866 "-" "Mozilla/5.0 (compatible; DotBot/1.2; +https://opensiteexplorer.org/dotbot; help@moz.com)" 
216.244.66.245 - - [29/Sep/2022:05:52:10 -0700] "GET /self.logs/error.log.2017-01-23.gz HTTP/1.1" 200 1043 "-" "Mozilla/5.0 (compatible; DotBot/1.2; +https://opensiteexplorer.org/dotbot; help@moz.com)" 
216.244.66.245 - - [29/Sep/2022:05:52:16 -0700] "GET /self.logs/2015/access.log.2015-02-04.gz HTTP/1.1" 200 3998 "-" "Mozilla/5.0 (compatible; DotBot/1.2; +https://opensiteexplorer.org/dotbot; help@moz.com)" 
216.244.66.245 - - [29/Sep/2022:05:52:20 -0700] "GET /self.logs/2015/access.log.2015-04-02.gz HTTP/1.1" 200 3336 "-" "Mozilla/5.0 (compatible; DotBot/1.2; +https://opensiteexplorer.org/dotbot; help@moz.com)" 
216.244.66.245 - - [29/Sep/2022:05:52:24 -0700] "GET /self.logs/2015/access.log.2015-04-12.gz HTTP/1.1" 200 3124 "-" "Mozilla/5.0 (compatible; DotBot/1.2; +https://opensiteexplorer.org/dotbot; help@moz.com)" 
216.244.66.245 - - [29/Sep/2022:05:52:27 -0700] "GET /self.logs/2015/error.log.2015-02-02.gz HTTP/1.1" 200 696 "-" "Mozilla/5.0 (compatible; DotBot/1.2; +https://opensiteexplorer.org/dotbot; help@moz.com)" 
216.244.66.245 - - [29/Sep/2022:05:52:30 -0700] "GET /self.logs/2015/error.log.2015-04-25.gz HTTP/1.1" 200 1012 "-" "Mozilla/5.0 (compatible; DotBot/1.2; +https://opensiteexplorer.org/dotbot; help@moz.com)" 
216.244.66.245 - - [29/Sep/2022:05:52:33 -0700] "GET /self.logs/2015/error.log.2015-07-16.gz HTTP/1.1" 200 702 "-" "Mozilla/5.0 (compatible; DotBot/1.2; +https://opensiteexplorer.org/dotbot; help@moz.com)" 
216.244.66.245 - - [29/Sep/2022:05:52:35 -0700] "GET /self.logs/2015/error.log.2015-12-02.gz HTTP/1.1" 200 677 "-" "Mozilla/5.0 (compatible; DotBot/1.2; +https://opensiteexplorer.org/dotbot; help@moz.com)" 
216.244.66.245 - - [29/Sep/2022:05:52:36 -0700] "GET /self.logs/2016/access.log.2016-03-07.gz HTTP/1.1" 200 9478 "-" "Mozilla/5.0 (compatible; DotBot/1.2; +https://opensiteexplorer.org/dotbot; help@moz.com)" 
216.244.66.245 - - [29/Sep/2022:05:52:38 -0700] "GET /self.logs/2016/error.log.2016-01-01.gz HTTP/1.1" 200 595 "-" "Mozilla/5.0 (compatible; DotBot/1.2; +https://opensiteexplorer.org/dotbot; help@moz.com)" 
216.244.66.245 - - [29/Sep/2022:05:52:39 -0700] "GET /self.logs/2016/error.log.2016-01-13.gz HTTP/1.1" 200 530 "-" "Mozilla/5.0 (compatible; DotBot/1.2; +https://opensiteexplorer.org/dotbot; help@moz.com)" 
216.244.66.245 - - [29/Sep/2022:05:52:40 -0700] "GET /self.logs/2016/error.log.2016-05-15.gz HTTP/1.1" 200 578 "-" "Mozilla/5.0 (compatible; DotBot/1.2; +https://opensiteexplorer.org/dotbot; help@moz.com)" 
216.244.66.245 - - [29/Sep/2022:05:52:41 -0700] "GET /self.logs/2016/error.log.2016-08-24.gz HTTP/1.1" 200 1154 "-" "Mozilla/5.0 (compatible; DotBot/1.2; +https://opensiteexplorer.org/dotbot; help@moz.com)" 
216.244.66.245 - - [29/Sep/2022:05:52:42 -0700] "GET /self.logs/2016/error.log.2016-09-07.gz HTTP/1.1" 200 1442 "-" "Mozilla/5.0 (compatible; DotBot/1.2; +https://opensiteexplorer.org/dotbot; help@moz.com)" 
216.244.66.245 - - [29/Sep/2022:05:52:43 -0700] "GET /self.logs/access.log.2017-02-10.gz HTTP/1.1" 200 36524 "-" "Mozilla/5.0 (compatible; DotBot/1.2; +https://opensiteexplorer.org/dotbot; help@moz.com)" 
216.244.66.245 - - [29/Sep/2022:05:52:44 -0700] "GET /self.logs/access.log.2017-06-08.gz HTTP/1.1" 200 19765 "-" "Mozilla/5.0 (compatible; DotBot/1.2; +https://opensiteexplorer.org/dotbot; help@moz.com)" 
216.244.66.245 - - [29/Sep/2022:05:52:44 -0700] "GET /self.logs/access.log.2017-12-21.gz HTTP/1.1" 200 23968 "-" "Mozilla/5.0 (compatible; DotBot/1.2; +https://opensiteexplorer.org/dotbot; help@moz.com)" 
216.244.66.245 - - [29/Sep/2022:05:52:45 -0700] "GET /self.logs/access.log.2018-11-21.gz HTTP/1.1" 200 68992 "-" "Mozilla/5.0 (compatible; DotBot/1.2; +https://opensiteexplorer.org/dotbot; help@moz.com)" 
216.244.66.245 - - [29/Sep/2022:05:52:46 -0700] "GET /self.logs/access.log.2018-12-10.gz HTTP/1.1" 200 24917 "-" "Mozilla/5.0 (compatible; DotBot/1.2; +https://opensiteexplorer.org/dotbot; help@moz.com)" 
216.244.66.245 - - [29/Sep/2022:05:52:47 -0700] "GET /self.logs/access.log.2019-04-16.gz HTTP/1.1" 200 43570 "-" "Mozilla/5.0 (compatible; DotBot/1.2; +https://opensiteexplorer.org/dotbot; help@moz.com)" 
216.244.66.245 - - [29/Sep/2022:05:52:48 -0700] "GET /self.logs/access.log.2019-04-18.gz HTTP/1.1" 200 33308 "-" "Mozilla/5.0 (compatible; DotBot/1.2; +https://opensiteexplorer.org/dotbot; help@moz.com)" 
216.244.66.245 - - [29/Sep/2022:05:52:49 -0700] "GET /self.logs/access.log.2019-07-01.gz HTTP/1.1" 200 33850 "-" "Mozilla/5.0 (compatible; DotBot/1.2; +https://opensiteexplorer.org/dotbot; help@moz.com)" 
216.244.66.245 - - [29/Sep/2022:05:52:51 -0700] "GET /self.logs/access.log.2019-07-31.gz HTTP/1.1" 200 24337 "-" "Mozilla/5.0 (compatible; DotBot/1.2; +https://opensiteexplorer.org/dotbot; help@moz.com)" 
216.244.66.245 - - [29/Sep/2022:05:52:52 -0700] "GET /self.logs/access.log.2020-01-04.gz HTTP/1.1" 200 15695 "-" "Mozilla/5.0 (compatible; DotBot/1.2; +https://opensiteexplorer.org/dotbot; help@moz.com)" 
216.244.66.245 - - [29/Sep/2022:05:52:54 -0700] "GET /self.logs/access.log.2020-04-13.gz HTTP/1.1" 200 12301 "-" "Mozilla/5.0 (compatible; DotBot/1.2; +https://opensiteexplorer.org/dotbot; help@moz.com)" 
34.206.152.150 - - [29/Sep/2022:05:52:54 -0700] "HEAD / HTTP/1.1" 301 186 "-" "DreamHost SiteMonitor 1.0" 
34.206.152.150 - - [29/Sep/2022:05:52:54 -0700] "HEAD / HTTP/1.1" 200 359 "http://66.33.221.139" "DreamHost SiteMonitor 1.0" 
216.244.66.245 - - [29/Sep/2022:05:52:55 -0700] "GET /self.logs/access.log.2020-11-11.gz HTTP/1.1" 200 10899 "-" "Mozilla/5.0 (compatible; DotBot/1.2; +https://opensiteexplorer.org/dotbot; help@moz.com)" 
216.244.66.245 - - [29/Sep/2022:05:52:55 -0700] "GET /self.logs/access.log.2021-01-09.gz HTTP/1.1" 200 28404 "-" "Mozilla/5.0 (compatible; DotBot/1.2; +https://opensiteexplorer.org/dotbot; help@moz.com)" 
216.244.66.245 - - [29/Sep/2022:05:52:56 -0700] "GET /self.logs/access.log.2021-04-23.gz HTTP/1.1" 200 20034 "-" "Mozilla/5.0 (compatible; DotBot/1.2; +https://opensiteexplorer.org/dotbot; help@moz.com)" 
216.244.66.245 - - [29/Sep/2022:05:52:57 -0700] "GET /self.logs/access.log.2021-05-07.gz HTTP/1.1" 200 41955 "-" "Mozilla/5.0 (compatible; DotBot/1.2; +https://opensiteexplorer.org/dotbot; help@moz.com)" 
216.244.66.245 - - [29/Sep/2022:05:52:58 -0700] "GET /self.logs/access.log.2021-05-14.gz HTTP/1.1" 200 24851 "-" "Mozilla/5.0 (compatible; DotBot/1.2; +https://opensiteexplorer.org/dotbot; help@moz.com)" 
216.244.66.245 - - [29/Sep/2022:05:52:59 -0700] "GET /self.logs/access.log.2021-07-09.gz HTTP/1.1" 200 20875 "-" "Mozilla/5.0 (compatible; DotBot/1.2; +https://opensiteexplorer.org/dotbot; help@moz.com)" 
216.244.66.245 - - [29/Sep/2022:05:52:59 -0700] "GET /self.logs/access.log.2021-08-20.gz HTTP/1.1" 200 25234 "-" "Mozilla/5.0 (compatible; DotBot/1.2; +https://opensiteexplorer.org/dotbot; help@moz.com)" 
216.244.66.245 - - [29/Sep/2022:05:53:00 -0700] "GET /self.logs/access.log.2021-09-08.gz HTTP/1.1" 200 17536 "-" "Mozilla/5.0 (compatible; DotBot/1.2; +https://opensiteexplorer.org/dotbot; help@moz.com)" 
216.244.66.245 - - [29/Sep/2022:05:53:01 -0700] "GET /self.logs/access.log.2021-09-24.gz HTTP/1.1" 200 19157 "-" "Mozilla/5.0 (compatible; DotBot/1.2; +https://opensiteexplorer.org/dotbot; help@moz.com)" 
216.244.66.245 - - [29/Sep/2022:05:53:01 -0700] "GET /self.logs/access.log.2021-10-30.gz HTTP/1.1" 200 22523 "-" "Mozilla/5.0 (compatible; DotBot/1.2; +https://opensiteexplorer.org/dotbot; help@moz.com)" 
216.244.66.245 - - [29/Sep/2022:05:53:02 -0700] "GET /self.logs/access.log.2022-02-02.gz HTTP/1.1" 200 18221 "-" "Mozilla/5.0 (compatible; DotBot/1.2; +https://opensiteexplorer.org/dotbot; help@moz.com)" 
216.244.66.245 - - [29/Sep/2022:05:53:03 -0700] "GET /self.logs/error.log.2017-05-06.gz HTTP/1.1" 200 831 "-" "Mozilla/5.0 (compatible; DotBot/1.2; +https://opensiteexplorer.org/dotbot; help@moz.com)" 
216.244.66.245 - - [29/Sep/2022:05:53:04 -0700] "GET /self.logs/error.log.2017-12-06.gz HTTP/1.1" 200 3069 "-" "Mozilla/5.0 (compatible; DotBot/1.2; +https://opensiteexplorer.org/dotbot; help@moz.com)" 
216.244.66.245 - - [29/Sep/2022:05:53:04 -0700] "GET /self.logs/error.log.2018-03-12.gz HTTP/1.1" 200 7864 "-" "Mozilla/5.0 (compatible; DotBot/1.2; +https://opensiteexplorer.org/dotbot; help@moz.com)" 
216.244.66.245 - - [29/Sep/2022:05:53:05 -0700] "GET /self.logs/error.log.2019-03-09.gz HTTP/1.1" 200 4665 "-" "Mozilla/5.0 (compatible; DotBot/1.2; +https://opensiteexplorer.org/dotbot; help@moz.com)" 
216.244.66.245 - - [29/Sep/2022:05:53:06 -0700] "GET /self.logs/error.log.2019-03-26.gz HTTP/1.1" 200 5564 "-" "Mozilla/5.0 (compatible; DotBot/1.2; +https://opensiteexplorer.org/dotbot; help@moz.com)" 
216.244.66.245 - - [29/Sep/2022:05:53:06 -0700] "GET /self.logs/error.log.2019-06-26.gz HTTP/1.1" 200 2337 "-" "Mozilla/5.0 (compatible; DotBot/1.2; +https://opensiteexplorer.org/dotbot; help@moz.com)" 
216.244.66.245 - - [29/Sep/2022:05:53:07 -0700] "GET /self.logs/error.log.2019-08-09 HTTP/1.1" 200 307 "-" "Mozilla/5.0 (compatible; DotBot/1.2; +https://opensiteexplorer.org/dotbot; help@moz.com)" 
216.244.66.245 - - [29/Sep/2022:05:53:07 -0700] "GET /self.logs/error.log.2019-08-15.gz HTTP/1.1" 200 1233 "-" "Mozilla/5.0 (compatible; DotBot/1.2; +https://opensiteexplorer.org/dotbot; help@moz.com)" 
216.244.66.245 - - [29/Sep/2022:05:53:08 -0700] "GET /self.logs/error.log.2019-10-06.gz HTTP/1.1" 200 1562 "-" "Mozilla/5.0 (compatible; DotBot/1.2; +https://opensiteexplorer.org/dotbot; help@moz.com)" 
216.244.66.245 - - [29/Sep/2022:05:53:09 -0700] "GET /self.logs/error.log.2020-06-11 HTTP/1.1" 200 307 "-" "Mozilla/5.0 (compatible; DotBot/1.2; +https://opensiteexplorer.org/dotbot; help@moz.com)" 
216.244.66.245 - - [29/Sep/2022:05:53:09 -0700] "GET /self.logs/error.log.2020-10-18 HTTP/1.1" 200 307 "-" "Mozilla/5.0 (compatible; DotBot/1.2; +https://opensiteexplorer.org/dotbot; help@moz.com)" 
216.244.66.245 - - [29/Sep/2022:05:53:10 -0700] "GET /self.logs/error.log.2021-02-08.gz HTTP/1.1" 200 1051 "-" "Mozilla/5.0 (compatible; DotBot/1.2; +https://opensiteexplorer.org/dotbot; help@moz.com)" 
216.244.66.245 - - [29/Sep/2022:05:53:10 -0700] "GET /self.logs/error.log.2021-04-05.gz HTTP/1.1" 200 2833 "-" "Mozilla/5.0 (compatible; DotBot/1.2; +https://opensiteexplorer.org/dotbot; help@moz.com)" 
216.244.66.245 - - [29/Sep/2022:05:53:11 -0700] "GET /self.logs/error.log.2021-06-21.gz HTTP/1.1" 200 7537 "-" "Mozilla/5.0 (compatible; DotBot/1.2; +https://opensiteexplorer.org/dotbot; help@moz.com)" 
216.244.66.245 - - [29/Sep/2022:05:53:12 -0700] "GET /self.logs/error.log.2022-04-25.gz HTTP/1.1" 200 3302 "-" "Mozilla/5.0 (compatible; DotBot/1.2; +https://opensiteexplorer.org/dotbot; help@moz.com)" 
216.244.66.245 - - [29/Sep/2022:05:53:12 -0700] "GET /self.logs/error.log.2019-11-26.gz HTTP/1.1" 200 825 "-" "Mozilla/5.0 (compatible; DotBot/1.2; +https://opensiteexplorer.org/dotbot; help@moz.com)" 
216.244.66.245 - - [29/Sep/2022:05:53:13 -0700] "GET /self.logs/error.log.2019-11-30.gz HTTP/1.1" 200 2067 "-" "Mozilla/5.0 (compatible; DotBot/1.2; +https://opensiteexplorer.org/dotbot; help@moz.com)" 
216.244.66.245 - - [29/Sep/2022:05:53:14 -0700] "GET /self.logs/error.log.2019-12-13.gz HTTP/1.1" 200 1028 "-" "Mozilla/5.0 (compatible; DotBot/1.2; +https://opensiteexplorer.org/dotbot; help@moz.com)" 
216.244.66.245 - - [29/Sep/2022:05:53:14 -0700] "GET /self.logs/2015/?C=N;O=A HTTP/1.1" 200 66834 "-" "Mozilla/5.0 (compatible; DotBot/1.2; +https://opensiteexplorer.org/dotbot; help@moz.com)" 
114.119.149.222 - - [29/Sep/2022:05:55:18 -0700] "GET /robots.txt HTTP/1.1" 200 377 "-" "Mozilla/5.0 (Linux; Android 7.0;) AppleWebKit/537.36 (KHTML, like Gecko) Mobile Safari/537.36 (compatible; PetalBot;+https://webmaster.petalsearch.com/site/petalbot)" 
49.7.20.105 - - [29/Sep/2022:06:02:07 -0700] "GET / HTTP/1.1" 200 13148 "-" "Sogou web spider/4.0(+http://www.sogou.com/docs/help/webmasters.htm#07)" 
34.206.152.150 - - [29/Sep/2022:06:02:54 -0700] "HEAD / HTTP/1.1" 301 186 "-" "DreamHost SiteMonitor 1.0" 
34.206.152.150 - - [29/Sep/2022:06:02:54 -0700] "HEAD / HTTP/1.1" 200 359 "http://66.33.221.139" "DreamHost SiteMonitor 1.0" 
147.83.35.231 - - [29/Sep/2022:06:04:15 -0700] "GET / HTTP/1.1" 200 13185 "-" "Mozilla/5.0 (Windows NT 10.0; Win64; x64) AppleWebKit/537.36 (KHTML, like Gecko) Chrome/105.0.0.0 Safari/537.36 Edg/105.0.1343.53" 
147.83.35.231 - - [29/Sep/2022:06:04:15 -0700] "GET /css/style.css HTTP/1.1" 404 305 "http://www.secrepo.com/" "Mozilla/5.0 (Windows NT 10.0; Win64; x64) AppleWebKit/537.36 (KHTML, like Gecko) Chrome/105.0.0.0 Safari/537.36 Edg/105.0.1343.53" 
147.83.35.231 - - [29/Sep/2022:06:04:15 -0700] "GET /twitter-icon.png HTTP/1.1" 200 27916 "http://www.secrepo.com/" "Mozilla/5.0 (Windows NT 10.0; Win64; x64) AppleWebKit/537.36 (KHTML, like Gecko) Chrome/105.0.0.0 Safari/537.36 Edg/105.0.1343.53" 
147.83.35.231 - - [29/Sep/2022:06:04:15 -0700] "GET /GitHub-Mark.png HTTP/1.1" 200 7556 "http://www.secrepo.com/" "Mozilla/5.0 (Windows NT 10.0; Win64; x64) AppleWebKit/537.36 (KHTML, like Gecko) Chrome/105.0.0.0 Safari/537.36 Edg/105.0.1343.53" 
147.83.35.231 - - [29/Sep/2022:06:04:16 -0700] "GET /bootstrap/img/favicon.ico HTTP/1.1" 200 690 "http://www.secrepo.com/" "Mozilla/5.0 (Windows NT 10.0; Win64; x64) AppleWebKit/537.36 (KHTML, like Gecko) Chrome/105.0.0.0 Safari/537.36 Edg/105.0.1343.53" 
220.181.108.84 - - [29/Sep/2022:06:11:06 -0700] "GET /self.logs/?C=N;O=D HTTP/1.1" 200 39643 "-" "Mozilla/5.0 (compatible; Baiduspider/2.0; +http://www.baidu.com/search/spider.html)" 
77.75.79.31 - - [29/Sep/2022:06:12:03 -0700] "GET /robots.txt HTTP/1.1" 200 333 "-" "Mozilla/5.0 (compatible; SeznamBot/4.0-RC1; +http://napoveda.seznam.cz/seznambot-intro/)" 
77.75.73.26 - - [29/Sep/2022:06:12:04 -0700] "GET /scada/scada_logs.zip HTTP/1.1" 200 78840 "-" "Mozilla/5.0 (compatible; SeznamBot/4.0-RC1; +http://napoveda.seznam.cz/seznambot-intro/)" 
34.206.152.150 - - [29/Sep/2022:06:12:54 -0700] "HEAD / HTTP/1.1" 301 186 "-" "DreamHost SiteMonitor 1.0" 
34.206.152.150 - - [29/Sep/2022:06:12:54 -0700] "HEAD / HTTP/1.1" 200 359 "http://66.33.221.139" "DreamHost SiteMonitor 1.0" 
94.105.112.214 - - [29/Sep/2022:06:16:18 -0700] "GET / HTTP/1.1" 200 13185 "-" "Mozilla/5.0 (Windows NT 10.0; Win64; x64) AppleWebKit/537.36 (KHTML, like Gecko) Chrome/105.0.0.0 Safari/537.36" 
94.105.112.214 - - [29/Sep/2022:06:16:18 -0700] "GET /css/style.css HTTP/1.1" 404 305 "http://www.secrepo.com/" "Mozilla/5.0 (Windows NT 10.0; Win64; x64) AppleWebKit/537.36 (KHTML, like Gecko) Chrome/105.0.0.0 Safari/537.36" 
94.105.112.214 - - [29/Sep/2022:06:16:18 -0700] "GET /twitter-icon.png HTTP/1.1" 200 27893 "http://www.secrepo.com/" "Mozilla/5.0 (Windows NT 10.0; Win64; x64) AppleWebKit/537.36 (KHTML, like Gecko) Chrome/105.0.0.0 Safari/537.36" 
94.105.112.214 - - [29/Sep/2022:06:16:18 -0700] "GET /GitHub-Mark.png HTTP/1.1" 200 7556 "http://www.secrepo.com/" "Mozilla/5.0 (Windows NT 10.0; Win64; x64) AppleWebKit/537.36 (KHTML, like Gecko) Chrome/105.0.0.0 Safari/537.36" 
94.105.112.214 - - [29/Sep/2022:06:16:19 -0700] "GET /bootstrap/img/favicon.ico HTTP/1.1" 200 690 "http://www.secrepo.com/" "Mozilla/5.0 (Windows NT 10.0; Win64; x64) AppleWebKit/537.36 (KHTML, like Gecko) Chrome/105.0.0.0 Safari/537.36" 
157.55.39.38 - - [29/Sep/2022:06:18:09 -0700] "GET /self.logs/ HTTP/1.1" 200 38699 "-" "Mozilla/5.0 (compatible; bingbot/2.0; +http://www.bing.com/bingbot.htm)" 
146.200.146.235 - - [29/Sep/2022:06:19:27 -0700] "GET /maccdc2012/http.log.gz HTTP/1.1" 200 79640 "-" "Mozilla/5.0 (Windows NT 10.0; Win64; x64) AppleWebKit/537.36 (KHTML, like Gecko) Chrome/105.0.0.0 Safari/537.36" 
146.200.146.235 - - [29/Sep/2022:06:19:41 -0700] "GET /maccdc2012/http.log.gz HTTP/1.1" 206 462 "-" "Mozilla/5.0 (Windows NT 10.0; Win64; x64) AppleWebKit/537.36 (KHTML, like Gecko) Chrome/105.0.0.0 Safari/537.36" 
146.200.146.235 - - [29/Sep/2022:06:19:41 -0700] "GET /maccdc2012/http.log.gz HTTP/1.1" 206 79640 "-" "Mozilla/5.0 (Windows NT 10.0; Win64; x64) AppleWebKit/537.36 (KHTML, like Gecko) Chrome/105.0.0.0 Safari/537.36" 
146.200.146.235 - - [29/Sep/2022:06:19:47 -0700] "GET /maccdc2012/http.log.gz HTTP/1.1" 206 462 "-" "Mozilla/5.0 (Windows NT 10.0; Win64; x64) AppleWebKit/537.36 (KHTML, like Gecko) Chrome/105.0.0.0 Safari/537.36" 
146.200.146.235 - - [29/Sep/2022:06:19:47 -0700] "GET /maccdc2012/http.log.gz HTTP/1.1" 206 79640 "-" "Mozilla/5.0 (Windows NT 10.0; Win64; x64) AppleWebKit/537.36 (KHTML, like Gecko) Chrome/105.0.0.0 Safari/537.36" 
146.200.146.235 - - [29/Sep/2022:06:19:50 -0700] "GET /maccdc2012/http.log.gz HTTP/1.1" 206 462 "-" "Mozilla/5.0 (Windows NT 10.0; Win64; x64) AppleWebKit/537.36 (KHTML, like Gecko) Chrome/105.0.0.0 Safari/537.36" 
146.200.146.235 - - [29/Sep/2022:06:19:50 -0700] "GET /maccdc2012/http.log.gz HTTP/1.1" 206 79640 "-" "Mozilla/5.0 (Windows NT 10.0; Win64; x64) AppleWebKit/537.36 (KHTML, like Gecko) Chrome/105.0.0.0 Safari/537.36" 
146.200.146.235 - - [29/Sep/2022:06:20:01 -0700] "GET /maccdc2012/http.log.gz HTTP/1.1" 206 462 "-" "Mozilla/5.0 (Windows NT 10.0; Win64; x64) AppleWebKit/537.36 (KHTML, like Gecko) Chrome/105.0.0.0 Safari/537.36" 
146.200.146.235 - - [29/Sep/2022:06:20:01 -0700] "GET /maccdc2012/http.log.gz HTTP/1.1" 206 79640 "-" "Mozilla/5.0 (Windows NT 10.0; Win64; x64) AppleWebKit/537.36 (KHTML, like Gecko) Chrome/105.0.0.0 Safari/537.36" 
66.29.180.166 - - [29/Sep/2022:06:21:49 -0700] "GET /res/Soleil.woff2 HTTP/1.1" 404 328 "http://www.secrepo.com/" "Mozilla/5.0 (Macintosh; Intel Mac OS X 10_15_7) AppleWebKit/537.36 (KHTML, like Gecko) Chrome/105.0.0.0 Safari/537.36" 
66.29.180.166 - - [29/Sep/2022:06:21:55 -0700] "GET /GitHub-Mark.png HTTP/1.1" 200 7556 "-" "Mozilla/5.0 (Macintosh; Intel Mac OS X 10_15_7) AppleWebKit/537.36 (KHTML, like Gecko) Chrome/105.0.0.0 Safari/537.36" 
66.29.180.166 - - [29/Sep/2022:06:21:55 -0700] "GET /twitter-icon.png HTTP/1.1" 200 27916 "-" "Mozilla/5.0 (Macintosh; Intel Mac OS X 10_15_7) AppleWebKit/537.36 (KHTML, like Gecko) Chrome/105.0.0.0 Safari/537.36" 
34.206.152.150 - - [29/Sep/2022:06:22:54 -0700] "HEAD / HTTP/1.1" 301 186 "-" "DreamHost SiteMonitor 1.0" 
34.206.152.150 - - [29/Sep/2022:06:22:54 -0700] "HEAD / HTTP/1.1" 200 359 "http://66.33.221.139" "DreamHost SiteMonitor 1.0" 
114.119.140.174 - - [29/Sep/2022:06:24:24 -0700] "GET /Datasets%20Description/HTML_Bro_log_1/packet_filter.html HTTP/1.1" 200 1725 "http://www.secrepo.com/Datasets%20Description/HTML_Bro_log_1?C=M%3BO%3DA" "Mozilla/5.0 (Linux; Android 7.0;) AppleWebKit/537.36 (KHTML, like Gecko) Mobile Safari/537.36 (compatible; PetalBot;+https://webmaster.petalsearch.com/site/petalbot)" 
171.221.138.40 - - [29/Sep/2022:06:27:03 -0700] "GET /favicon.ico HTTP/1.1" 304 261 "-" "Mozilla/5.0 (Windows NT 10.0; WOW64) AppleWebKit/537.36 (KHTML, like Gecko) Chrome/86.0.4240.198 Safari/537.36" 
20.239.240.200 - - [29/Sep/2022:06:30:16 -0700] "GET /static/admin/hui/lib/webuploader/0.1.5/server/preview.php HTTP/1.1" 404 328 "-" "Mozilla/5.0 (Windows NT 10.0; WOW64; rv:48.0) Gecko/20100101 Firefox/48.0" 
34.206.152.150 - - [29/Sep/2022:06:32:54 -0700] "HEAD / HTTP/1.1" 301 186 "-" "DreamHost SiteMonitor 1.0" 
34.206.152.150 - - [29/Sep/2022:06:32:54 -0700] "HEAD / HTTP/1.1" 200 359 "http://66.33.221.139" "DreamHost SiteMonitor 1.0" 
79.137.194.75 - - [29/Sep/2022:06:34:41 -0700] "GET / HTTP/1.1" 200 49089 "https://mycountrylodge.com/" "Mozilla/4.0 (compatible; MSIE 6.0; Windows NT 5.0)" 
79.137.194.75 - - [29/Sep/2022:06:34:42 -0700] "GET / HTTP/1.1" 200 49089 "https://mycountrylodge.com/" "Mozilla/4.0 (compatible; MSIE 6.0; Windows NT 5.0)" 
79.137.194.75 - - [29/Sep/2022:06:34:42 -0700] "GET / HTTP/1.1" 200 49089 "https://mycountrylodge.com/" "Mozilla/4.0 (compatible; MSIE 6.0; Windows NT 5.0)" 
216.244.66.245 - - [29/Sep/2022:06:39:28 -0700] "GET /robots.txt HTTP/1.1" 200 333 "-" "Mozilla/5.0 (compatible; DotBot/1.2; +https://opensiteexplorer.org/dotbot; help@moz.com)" 
103.217.74.1 - - [29/Sep/2022:06:40:06 -0700] "HEAD / HTTP/1.1" 200 425 "-" "Mozilla/5.0 (Windows NT 10.0; Win64; x64) AppleWebKit/537.36 (KHTML, like Gecko) Chrome/105.0.0.0 Safari/537.36" 
34.206.152.150 - - [29/Sep/2022:06:42:54 -0700] "HEAD / HTTP/1.1" 301 186 "-" "DreamHost SiteMonitor 1.0" 
34.206.152.150 - - [29/Sep/2022:06:42:54 -0700] "HEAD / HTTP/1.1" 200 359 "http://66.33.221.139" "DreamHost SiteMonitor 1.0" 
216.244.66.245 - - [29/Sep/2022:06:43:41 -0700] "GET /self.logs/error.log.2022-06-30.gz HTTP/1.1" 200 3631 "-" "Mozilla/5.0 (compatible; DotBot/1.2; +https://opensiteexplorer.org/dotbot; help@moz.com)" 
216.244.66.245 - - [29/Sep/2022:06:43:47 -0700] "GET /self.logs/error.log.2022-07-22.gz HTTP/1.1" 200 1005 "-" "Mozilla/5.0 (compatible; DotBot/1.2; +https://opensiteexplorer.org/dotbot; help@moz.com)" 
216.244.66.245 - - [29/Sep/2022:06:44:33 -0700] "GET /self.logs/access.log.2022-06-15.gz HTTP/1.1" 200 12916 "-" "Mozilla/5.0 (compatible; DotBot/1.2; +https://opensiteexplorer.org/dotbot; help@moz.com)" 
216.244.66.245 - - [29/Sep/2022:06:44:41 -0700] "GET /self.logs/2015/access.log.2015-02-01.gz HTTP/1.1" 200 2662 "-" "Mozilla/5.0 (compatible; DotBot/1.2; +https://opensiteexplorer.org/dotbot; help@moz.com)" 
216.244.66.245 - - [29/Sep/2022:06:44:43 -0700] "GET /self.logs/2015/access.log.2015-10-02.gz HTTP/1.1" 200 3824 "-" "Mozilla/5.0 (compatible; DotBot/1.2; +https://opensiteexplorer.org/dotbot; help@moz.com)" 
216.244.66.245 - - [29/Sep/2022:06:44:46 -0700] "GET /self.logs/2015/error.log.2015-05-07.gz HTTP/1.1" 200 2663 "-" "Mozilla/5.0 (compatible; DotBot/1.2; +https://opensiteexplorer.org/dotbot; help@moz.com)" 
216.244.66.245 - - [29/Sep/2022:06:44:48 -0700] "GET /self.logs/2015/error.log.2015-06-11.gz HTTP/1.1" 200 730 "-" "Mozilla/5.0 (compatible; DotBot/1.2; +https://opensiteexplorer.org/dotbot; help@moz.com)" 
216.244.66.245 - - [29/Sep/2022:06:44:49 -0700] "GET /self.logs/2015/error.log.2015-07-05.gz HTTP/1.1" 200 898 "-" "Mozilla/5.0 (compatible; DotBot/1.2; +https://opensiteexplorer.org/dotbot; help@moz.com)" 
216.244.66.245 - - [29/Sep/2022:06:44:51 -0700] "GET /self.logs/2015/error.log.2015-08-03.gz HTTP/1.1" 200 742 "-" "Mozilla/5.0 (compatible; DotBot/1.2; +https://opensiteexplorer.org/dotbot; help@moz.com)" 
216.244.66.245 - - [29/Sep/2022:06:44:52 -0700] "GET /self.logs/2015/error.log.2015-11-18.gz HTTP/1.1" 200 1023 "-" "Mozilla/5.0 (compatible; DotBot/1.2; +https://opensiteexplorer.org/dotbot; help@moz.com)" 
216.244.66.245 - - [29/Sep/2022:06:44:53 -0700] "GET /self.logs/2015/error.log.2015-12-21.gz HTTP/1.1" 200 1980 "-" "Mozilla/5.0 (compatible; DotBot/1.2; +https://opensiteexplorer.org/dotbot; help@moz.com)" 
216.244.66.245 - - [29/Sep/2022:06:44:54 -0700] "GET /self.logs/2016/access.log.2016-01-03.gz HTTP/1.1" 200 5226 "-" "Mozilla/5.0 (compatible; DotBot/1.2; +https://opensiteexplorer.org/dotbot; help@moz.com)" 
216.244.66.245 - - [29/Sep/2022:06:44:55 -0700] "GET /self.logs/2016/access.log.2016-07-08.gz HTTP/1.1" 200 7121 "-" "Mozilla/5.0 (compatible; DotBot/1.2; +https://opensiteexplorer.org/dotbot; help@moz.com)" 
216.244.66.245 - - [29/Sep/2022:06:44:56 -0700] "GET /self.logs/2016/error.log.2016-03-12.gz HTTP/1.1" 200 762 "-" "Mozilla/5.0 (compatible; DotBot/1.2; +https://opensiteexplorer.org/dotbot; help@moz.com)" 
216.244.66.245 - - [29/Sep/2022:06:44:56 -0700] "GET /self.logs/2016/error.log.2016-06-07.gz HTTP/1.1" 200 921 "-" "Mozilla/5.0 (compatible; DotBot/1.2; +https://opensiteexplorer.org/dotbot; help@moz.com)" 
216.244.66.245 - - [29/Sep/2022:06:44:57 -0700] "GET /self.logs/access.log.2017-02-18.gz HTTP/1.1" 200 21014 "-" "Mozilla/5.0 (compatible; DotBot/1.2; +https://opensiteexplorer.org/dotbot; help@moz.com)" 
216.244.66.245 - - [29/Sep/2022:06:44:58 -0700] "GET /self.logs/access.log.2017-04-15.gz HTTP/1.1" 200 13758 "-" "Mozilla/5.0 (compatible; DotBot/1.2; +https://opensiteexplorer.org/dotbot; help@moz.com)" 
216.244.66.245 - - [29/Sep/2022:06:44:58 -0700] "GET /self.logs/access.log.2017-06-15.gz HTTP/1.1" 200 32788 "-" "Mozilla/5.0 (compatible; DotBot/1.2; +https://opensiteexplorer.org/dotbot; help@moz.com)" 
216.244.66.245 - - [29/Sep/2022:06:44:59 -0700] "GET /self.logs/access.log.2017-08-29.gz HTTP/1.1" 200 24930 "-" "Mozilla/5.0 (compatible; DotBot/1.2; +https://opensiteexplorer.org/dotbot; help@moz.com)" 
216.244.66.245 - - [29/Sep/2022:06:45:00 -0700] "GET /self.logs/access.log.2017-12-03.gz HTTP/1.1" 200 19272 "-" "Mozilla/5.0 (compatible; DotBot/1.2; +https://opensiteexplorer.org/dotbot; help@moz.com)" 
216.244.66.245 - - [29/Sep/2022:06:45:01 -0700] "GET /self.logs/access.log.2017-12-17.gz HTTP/1.1" 200 21306 "-" "Mozilla/5.0 (compatible; DotBot/1.2; +https://opensiteexplorer.org/dotbot; help@moz.com)" 
216.244.66.245 - - [29/Sep/2022:06:45:01 -0700] "GET /self.logs/access.log.2018-02-08.gz HTTP/1.1" 200 21825 "-" "Mozilla/5.0 (compatible; DotBot/1.2; +https://opensiteexplorer.org/dotbot; help@moz.com)" 
216.244.66.245 - - [29/Sep/2022:06:45:02 -0700] "GET /self.logs/access.log.2018-05-31.gz HTTP/1.1" 200 23939 "-" "Mozilla/5.0 (compatible; DotBot/1.2; +https://opensiteexplorer.org/dotbot; help@moz.com)" 
216.244.66.245 - - [29/Sep/2022:06:45:03 -0700] "GET /self.logs/access.log.2018-07-20.gz HTTP/1.1" 200 20442 "-" "Mozilla/5.0 (compatible; DotBot/1.2; +https://opensiteexplorer.org/dotbot; help@moz.com)" 
216.244.66.245 - - [29/Sep/2022:06:45:03 -0700] "GET /self.logs/access.log.2018-08-15.gz HTTP/1.1" 200 22228 "-" "Mozilla/5.0 (compatible; DotBot/1.2; +https://opensiteexplorer.org/dotbot; help@moz.com)" 
216.244.66.245 - - [29/Sep/2022:06:45:05 -0700] "GET /self.logs/access.log.2018-09-27.gz HTTP/1.1" 200 49242 "-" "Mozilla/5.0 (compatible; DotBot/1.2; +https://opensiteexplorer.org/dotbot; help@moz.com)" 
216.244.66.245 - - [29/Sep/2022:06:45:07 -0700] "GET /self.logs/access.log.2018-10-09.gz HTTP/1.1" 200 22095 "-" "Mozilla/5.0 (compatible; DotBot/1.2; +https://opensiteexplorer.org/dotbot; help@moz.com)" 
216.244.66.245 - - [29/Sep/2022:06:45:09 -0700] "GET /self.logs/access.log.2018-10-23.gz HTTP/1.1" 200 22151 "-" "Mozilla/5.0 (compatible; DotBot/1.2; +https://opensiteexplorer.org/dotbot; help@moz.com)" 
216.244.66.245 - - [29/Sep/2022:06:45:11 -0700] "GET /self.logs/access.log.2018-11-16.gz HTTP/1.1" 200 31020 "-" "Mozilla/5.0 (compatible; DotBot/1.2; +https://opensiteexplorer.org/dotbot; help@moz.com)" 
216.244.66.245 - - [29/Sep/2022:06:45:12 -0700] "GET /self.logs/access.log.2019-03-12.gz HTTP/1.1" 200 17354 "-" "Mozilla/5.0 (compatible; DotBot/1.2; +https://opensiteexplorer.org/dotbot; help@moz.com)" 
216.244.66.245 - - [29/Sep/2022:06:45:13 -0700] "GET /self.logs/access.log.2019-03-15.gz HTTP/1.1" 200 21233 "-" "Mozilla/5.0 (compatible; DotBot/1.2; +https://opensiteexplorer.org/dotbot; help@moz.com)" 
216.244.66.245 - - [29/Sep/2022:06:45:14 -0700] "GET /self.logs/access.log.2019-08-18.gz HTTP/1.1" 200 25533 "-" "Mozilla/5.0 (compatible; DotBot/1.2; +https://opensiteexplorer.org/dotbot; help@moz.com)" 
216.244.66.245 - - [29/Sep/2022:06:45:15 -0700] "GET /self.logs/access.log.2020-01-19.gz HTTP/1.1" 200 13714 "-" "Mozilla/5.0 (compatible; DotBot/1.2; +https://opensiteexplorer.org/dotbot; help@moz.com)" 
216.244.66.245 - - [29/Sep/2022:06:45:16 -0700] "GET /self.logs/access.log.2020-02-05.gz HTTP/1.1" 200 20001 "-" "Mozilla/5.0 (compatible; DotBot/1.2; +https://opensiteexplorer.org/dotbot; help@moz.com)" 
216.244.66.245 - - [29/Sep/2022:06:45:16 -0700] "GET /self.logs/access.log.2020-02-22.gz HTTP/1.1" 200 13740 "-" "Mozilla/5.0 (compatible; DotBot/1.2; +https://opensiteexplorer.org/dotbot; help@moz.com)" 
216.244.66.245 - - [29/Sep/2022:06:45:17 -0700] "GET /self.logs/access.log.2020-04-12.gz HTTP/1.1" 200 14813 "-" "Mozilla/5.0 (compatible; DotBot/1.2; +https://opensiteexplorer.org/dotbot; help@moz.com)" 
216.244.66.245 - - [29/Sep/2022:06:45:18 -0700] "GET /self.logs/access.log.2020-09-18.gz HTTP/1.1" 200 22538 "-" "Mozilla/5.0 (compatible; DotBot/1.2; +https://opensiteexplorer.org/dotbot; help@moz.com)" 
216.244.66.245 - - [29/Sep/2022:06:45:18 -0700] "GET /self.logs/access.log.2021-05-20.gz HTTP/1.1" 200 26085 "-" "Mozilla/5.0 (compatible; DotBot/1.2; +https://opensiteexplorer.org/dotbot; help@moz.com)" 
216.244.66.245 - - [29/Sep/2022:06:45:19 -0700] "GET /self.logs/access.log.2021-10-11.gz HTTP/1.1" 200 29328 "-" "Mozilla/5.0 (compatible; DotBot/1.2; +https://opensiteexplorer.org/dotbot; help@moz.com)" 
216.244.66.245 - - [29/Sep/2022:06:45:20 -0700] "GET /self.logs/access.log.2021-12-20.gz HTTP/1.1" 200 14378 "-" "Mozilla/5.0 (compatible; DotBot/1.2; +https://opensiteexplorer.org/dotbot; help@moz.com)" 
216.244.66.245 - - [29/Sep/2022:06:45:21 -0700] "GET /self.logs/access.log.2022-02-04.gz HTTP/1.1" 200 7414 "-" "Mozilla/5.0 (compatible; DotBot/1.2; +https://opensiteexplorer.org/dotbot; help@moz.com)" 
216.244.66.245 - - [29/Sep/2022:06:45:21 -0700] "GET /self.logs/access.log.2019-12-15.gz HTTP/1.1" 200 16722 "-" "Mozilla/5.0 (compatible; DotBot/1.2; +https://opensiteexplorer.org/dotbot; help@moz.com)" 
216.244.66.245 - - [29/Sep/2022:06:45:22 -0700] "GET /self.logs/error.log.2017-04-22.gz HTTP/1.1" 200 753 "-" "Mozilla/5.0 (compatible; DotBot/1.2; +https://opensiteexplorer.org/dotbot; help@moz.com)" 
216.244.66.245 - - [29/Sep/2022:06:45:23 -0700] "GET /self.logs/error.log.2017-10-07.gz HTTP/1.1" 200 2748 "-" "Mozilla/5.0 (compatible; DotBot/1.2; +https://opensiteexplorer.org/dotbot; help@moz.com)" 
216.244.66.245 - - [29/Sep/2022:06:45:23 -0700] "GET /self.logs/error.log.2019-04-30.gz HTTP/1.1" 200 5126 "-" "Mozilla/5.0 (compatible; DotBot/1.2; +https://opensiteexplorer.org/dotbot; help@moz.com)" 
216.244.66.245 - - [29/Sep/2022:06:45:24 -0700] "GET /self.logs/error.log.2020-05-25 HTTP/1.1" 200 307 "-" "Mozilla/5.0 (compatible; DotBot/1.2; +https://opensiteexplorer.org/dotbot; help@moz.com)" 
216.244.66.245 - - [29/Sep/2022:06:45:25 -0700] "GET /self.logs/error.log.2020-07-10 HTTP/1.1" 200 307 "-" "Mozilla/5.0 (compatible; DotBot/1.2; +https://opensiteexplorer.org/dotbot; help@moz.com)" 
216.244.66.245 - - [29/Sep/2022:06:45:25 -0700] "GET /self.logs/error.log.2020-10-15 HTTP/1.1" 200 307 "-" "Mozilla/5.0 (compatible; DotBot/1.2; +https://opensiteexplorer.org/dotbot; help@moz.com)" 
216.244.66.245 - - [29/Sep/2022:06:45:26 -0700] "GET /self.logs/error.log.2021-05-13.gz HTTP/1.1" 200 926 "-" "Mozilla/5.0 (compatible; DotBot/1.2; +https://opensiteexplorer.org/dotbot; help@moz.com)" 
216.244.66.245 - - [29/Sep/2022:06:45:27 -0700] "GET /self.logs/error.log.2021-05-25.gz HTTP/1.1" 200 921 "-" "Mozilla/5.0 (compatible; DotBot/1.2; +https://opensiteexplorer.org/dotbot; help@moz.com)" 
216.244.66.245 - - [29/Sep/2022:06:45:27 -0700] "GET /self.logs/error.log.2022-02-23.gz HTTP/1.1" 200 6177 "-" "Mozilla/5.0 (compatible; DotBot/1.2; +https://opensiteexplorer.org/dotbot; help@moz.com)" 
118.112.73.153 - - [29/Sep/2022:06:47:26 -0700] "GET /honeypot/honeypot.json.zip HTTP/1.1" 200 76680 "-" "Mozilla/5.0 (Windows NT 10.0; Win64; x64) AppleWebKit/537.36 (KHTML, like Gecko) Chrome/101.0.0.0 Safari/537.36" 
51.83.111.190 - - [29/Sep/2022:06:47:58 -0700] "GET /honeypot/BSidesDFW%20-%202014.ipynb HTTP/1.1" 301 481 "-" "Tornado-Async-Client" 
157.55.39.38 - - [29/Sep/2022:06:48:12 -0700] "GET /self.logs/ HTTP/1.1" 200 38699 "-" "Mozilla/5.0 (compatible; bingbot/2.0; +http://www.bing.com/bingbot.htm)" 
193.142.146.138 - - [29/Sep/2022:06:49:42 -0700] "GET /wp-admin/css/ HTTP/1.1" 301 501 "binance.com" "Mozilla/5.0 (Windows NT 10.0; Win64; x64) AppleWebKit/537.36 (KHTML, like Gecko) Chrome/90.0.4430.85 Safari/537.36" 
193.142.146.138 - - [29/Sep/2022:06:49:47 -0700] "GET /wp-admin/css/ HTTP/1.1" 404 328 "binance.com" "Mozilla/5.0 (Windows NT 10.0; Win64; x64) AppleWebKit/537.36 (KHTML, like Gecko) Chrome/90.0.4430.85 Safari/537.36" 
193.142.146.138 - - [29/Sep/2022:06:49:52 -0700] "GET /.well-known/ HTTP/1.1" 301 499 "binance.com" "Mozilla/5.0 (Windows NT 10.0; Win64; x64) AppleWebKit/537.36 (KHTML, like Gecko) Chrome/90.0.4430.85 Safari/537.36" 
193.142.146.138 - - [29/Sep/2022:06:49:57 -0700] "GET /.well-known/ HTTP/1.1" 200 663 "binance.com" "Mozilla/5.0 (Windows NT 10.0; Win64; x64) AppleWebKit/537.36 (KHTML, like Gecko) Chrome/90.0.4430.85 Safari/537.36" 
193.142.146.138 - - [29/Sep/2022:06:50:01 -0700] "GET /sites/default/files/ HTTP/1.1" 301 515 "binance.com" "Mozilla/5.0 (Windows NT 10.0; Win64; x64) AppleWebKit/537.36 (KHTML, like Gecko) Chrome/90.0.4430.85 Safari/537.36" 
193.142.146.138 - - [29/Sep/2022:06:50:04 -0700] "GET /sites/default/files/ HTTP/1.1" 404 328 "binance.com" "Mozilla/5.0 (Windows NT 10.0; Win64; x64) AppleWebKit/537.36 (KHTML, like Gecko) Chrome/90.0.4430.85 Safari/537.36" 
193.142.146.138 - - [29/Sep/2022:06:50:06 -0700] "GET /admin/controller/extension/extension/ HTTP/1.1" 301 549 "binance.com" "Mozilla/5.0 (Windows NT 10.0; Win64; x64) AppleWebKit/537.36 (KHTML, like Gecko) Chrome/90.0.4430.85 Safari/537.36" 
193.142.146.138 - - [29/Sep/2022:06:50:06 -0700] "GET /admin/controller/extension/extension/ HTTP/1.1" 404 328 "binance.com" "Mozilla/5.0 (Windows NT 10.0; Win64; x64) AppleWebKit/537.36 (KHTML, like Gecko) Chrome/90.0.4430.85 Safari/537.36" 
193.142.146.138 - - [29/Sep/2022:06:50:07 -0700] "GET /uploads/ HTTP/1.1" 301 491 "binance.com" "Mozilla/5.0 (Windows NT 10.0; Win64; x64) AppleWebKit/537.36 (KHTML, like Gecko) Chrome/90.0.4430.85 Safari/537.36" 
193.142.146.138 - - [29/Sep/2022:06:50:08 -0700] "GET /uploads/ HTTP/1.1" 404 328 "binance.com" "Mozilla/5.0 (Windows NT 10.0; Win64; x64) AppleWebKit/537.36 (KHTML, like Gecko) Chrome/90.0.4430.85 Safari/537.36" 
193.142.146.138 - - [29/Sep/2022:06:50:08 -0700] "GET /images/ HTTP/1.1" 301 489 "binance.com" "Mozilla/5.0 (Windows NT 10.0; Win64; x64) AppleWebKit/537.36 (KHTML, like Gecko) Chrome/90.0.4430.85 Safari/537.36" 
193.142.146.138 - - [29/Sep/2022:06:50:09 -0700] "GET /images/ HTTP/1.1" 404 328 "binance.com" "Mozilla/5.0 (Windows NT 10.0; Win64; x64) AppleWebKit/537.36 (KHTML, like Gecko) Chrome/90.0.4430.85 Safari/537.36" 
193.142.146.138 - - [29/Sep/2022:06:50:09 -0700] "GET /files/ HTTP/1.1" 301 487 "binance.com" "Mozilla/5.0 (Windows NT 10.0; Win64; x64) AppleWebKit/537.36 (KHTML, like Gecko) Chrome/90.0.4430.85 Safari/537.36" 
