116.205.148.52 - - [25/Apr/2022:21:00:00 -0700] "GET /css/style.css HTTP/1.0" 404 328 "http://www.secrepo.com/" "Mozilla/5.0 (Windows NT 10.0; Win64; x64) AppleWebKit/537.36 (KHTML, like Gecko) Chrome/100.0.4896.127 Safari/537.36 Edg/100.0.1185.50" 
116.205.148.52 - - [25/Apr/2022:21:00:00 -0700] "GET http://www.secrepo.com/twitter-icon.png HTTP/1.1" 200 27838 "http://www.secrepo.com/" "Mozilla/5.0 (Windows NT 10.0; Win64; x64) AppleWebKit/537.36 (KHTML, like Gecko) Chrome/100.0.4896.127 Safari/537.36 Edg/100.0.1185.50" 
116.205.148.52 - - [25/Apr/2022:21:00:01 -0700] "GET http://www.secrepo.com/GitHub-Mark.png HTTP/1.1" 200 7478 "http://www.secrepo.com/" "Mozilla/5.0 (Windows NT 10.0; Win64; x64) AppleWebKit/537.36 (KHTML, like Gecko) Chrome/100.0.4896.127 Safari/537.36 Edg/100.0.1185.50" 
116.205.148.52 - - [25/Apr/2022:21:00:14 -0700] "GET /%E4%B8%8A HTTP/1.0" 404 328 "-" "Mozilla/5.0 (Windows NT 10.0; Win64; x64) AppleWebKit/537.36 (KHTML, like Gecko) Chrome/100.0.4896.127 Safari/537.36" 
114.119.140.174 - - [25/Apr/2022:21:00:59 -0700] "GET /self.logs/access.log.2018-07-08.gz HTTP/1.1" 200 30712 "-" "Mozilla/5.0 (compatible;PetalBot;+https://webmaster.petalsearch.com/site/petalbot)" 
114.119.149.218 - - [25/Apr/2022:21:06:52 -0700] "GET /self.logs/error.log.2019-02-11.gz HTTP/1.1" 200 4496 "-" "Mozilla/5.0 (compatible;PetalBot;+https://webmaster.petalsearch.com/site/petalbot)" 
114.119.149.218 - - [25/Apr/2022:21:12:43 -0700] "GET /self.logs/access.log.2018-02-11.gz HTTP/1.1" 200 29563 "-" "Mozilla/5.0 (compatible;PetalBot;+https://webmaster.petalsearch.com/site/petalbot)" 
185.191.171.5 - - [25/Apr/2022:21:18:16 -0700] "GET /robots.txt HTTP/1.1" 200 340 "-" "Mozilla/5.0 (compatible; SemrushBot/7~bl; +http://www.semrush.com/bot.html)" 
185.191.171.17 - - [25/Apr/2022:21:18:16 -0700] "GET /Datasets%20Description/HTML_Bro_log_3/conn.html HTTP/1.1" 200 1972 "-" "Mozilla/5.0 (compatible; SemrushBot/7~bl; +http://www.semrush.com/bot.html)" 
40.77.167.2 - - [25/Apr/2022:21:19:46 -0700] "GET /self.logs/ HTTP/1.1" 200 35734 "-" "Mozilla/5.0 (compatible; bingbot/2.0; +http://www.bing.com/bingbot.htm)" 
114.119.145.137 - - [25/Apr/2022:21:30:11 -0700] "GET /self.logs/access.log.2019-04-19.gz HTTP/1.1" 200 25416 "-" "Mozilla/5.0 (compatible;PetalBot;+https://webmaster.petalsearch.com/site/petalbot)" 
112.5.37.67 - - [25/Apr/2022:21:32:38 -0700] "GET / HTTP/1.1" 200 49133 "-" "Mozilla/5.0 (Windows NT 10.0; WOW64) AppleWebKit/537.36 (KHTML, like Gecko) Chrome/63.0.3239.132 Safari/537.36" 
157.55.39.17 - - [25/Apr/2022:21:35:34 -0700] "GET /robots.txt HTTP/1.1" 301 495 "-" "Mozilla/5.0 (compatible; bingbot/2.0; +http://www.bing.com/bingbot.htm)" 
157.55.39.17 - - [25/Apr/2022:21:35:34 -0700] "GET /robots.txt HTTP/1.1" 200 377 "-" "Mozilla/5.0 (compatible; bingbot/2.0; +http://www.bing.com/bingbot.htm)" 
157.55.39.43 - - [25/Apr/2022:21:35:39 -0700] "GET /self.logs/error.log.2021-12-04 HTTP/1.1" 301 535 "-" "Mozilla/5.0 (compatible; bingbot/2.0; +http://www.bing.com/bingbot.htm)" 
114.119.140.174 - - [25/Apr/2022:21:35:56 -0700] "GET /self.logs/error.log.2017-02-01.gz HTTP/1.1" 200 929 "-" "Mozilla/5.0 (compatible;PetalBot;+https://webmaster.petalsearch.com/site/petalbot)" 
114.119.149.218 - - [25/Apr/2022:21:41:43 -0700] "GET /self.logs/2015/access.log.2015-02-15.gz HTTP/1.1" 200 15668 "-" "Mozilla/5.0 (compatible;PetalBot;+https://webmaster.petalsearch.com/site/petalbot)" 
114.119.145.137 - - [25/Apr/2022:21:47:32 -0700] "GET /self.logs/error.log.2018-07-22.gz HTTP/1.1" 200 6295 "-" "Mozilla/5.0 (compatible;PetalBot;+https://webmaster.petalsearch.com/site/petalbot)" 
40.77.167.2 - - [25/Apr/2022:21:53:58 -0700] "GET /self.logs/ HTTP/1.1" 200 35734 "-" "Mozilla/5.0 (compatible; bingbot/2.0; +http://www.bing.com/bingbot.htm)" 
14.255.46.172 - - [25/Apr/2022:21:56:37 -0700] "GET /css/style.css HTTP/1.1" 404 328 "http://www.secrepo.com/" "Mozilla/5.0 (Macintosh; Intel Mac OS X 10_15_7) AppleWebKit/537.36 (KHTML, like Gecko) Chrome/100.0.4896.127 Safari/537.36" 
114.119.149.237 - - [25/Apr/2022:21:59:09 -0700] "GET /self.logs/access.log.2018-11-10.gz HTTP/1.1" 200 20777 "-" "Mozilla/5.0 (compatible;PetalBot;+https://webmaster.petalsearch.com/site/petalbot)" 
207.46.13.55 - - [25/Apr/2022:22:00:37 -0700] "GET /self.logs/?C=D;O=A HTTP/1.1" 200 35734 "-" "Mozilla/5.0 (compatible; bingbot/2.0; +http://www.bing.com/bingbot.htm)" 
114.119.149.228 - - [25/Apr/2022:22:04:58 -0700] "GET /self.logs/error.log.2017-09-13.gz HTTP/1.1" 200 4202 "-" "Mozilla/5.0 (compatible;PetalBot;+https://webmaster.petalsearch.com/site/petalbot)" 
51.222.253.6 - - [25/Apr/2022:22:14:54 -0700] "GET / HTTP/1.1" 200 13141 "-" "Mozilla/5.0 (compatible; AhrefsBot/7.0; +http://ahrefs.com/robot/)" 
114.119.149.237 - - [25/Apr/2022:22:16:37 -0700] "GET /self.logs/access.log.2019-11-18.gz HTTP/1.1" 200 27191 "-" "Mozilla/5.0 (compatible;PetalBot;+https://webmaster.petalsearch.com/site/petalbot)" 
114.119.140.174 - - [25/Apr/2022:22:22:23 -0700] "GET /self.logs/error.log.2019-08-12.gz HTTP/1.1" 200 1914 "-" "Mozilla/5.0 (compatible;PetalBot;+https://webmaster.petalsearch.com/site/petalbot)" 
117.236.191.82 - - [25/Apr/2022:22:23:33 -0700] "GET / HTTP/1.1" 200 13185 "-" "Mozilla/5.0 (Windows NT 10.0; Win64; x64) AppleWebKit/537.36 (KHTML, like Gecko) Chrome/100.0.4896.127 Safari/537.36" 
117.236.191.82 - - [25/Apr/2022:22:23:33 -0700] "GET /css/style.css HTTP/1.1" 404 328 "http://www.secrepo.com/" "Mozilla/5.0 (Windows NT 10.0; Win64; x64) AppleWebKit/537.36 (KHTML, like Gecko) Chrome/100.0.4896.127 Safari/537.36" 
117.236.191.82 - - [25/Apr/2022:22:23:34 -0700] "GET /twitter-icon.png HTTP/1.1" 200 27893 "http://www.secrepo.com/" "Mozilla/5.0 (Windows NT 10.0; Win64; x64) AppleWebKit/537.36 (KHTML, like Gecko) Chrome/100.0.4896.127 Safari/537.36" 
117.236.191.82 - - [25/Apr/2022:22:23:34 -0700] "GET /GitHub-Mark.png HTTP/1.1" 200 7533 "http://www.secrepo.com/" "Mozilla/5.0 (Windows NT 10.0; Win64; x64) AppleWebKit/537.36 (KHTML, like Gecko) Chrome/100.0.4896.127 Safari/537.36" 
117.236.191.82 - - [25/Apr/2022:22:23:35 -0700] "GET /bootstrap/img/favicon.ico HTTP/1.1" 200 690 "http://www.secrepo.com/" "Mozilla/5.0 (Windows NT 10.0; Win64; x64) AppleWebKit/537.36 (KHTML, like Gecko) Chrome/100.0.4896.127 Safari/537.36" 
82.162.1.82 - - [25/Apr/2022:22:24:43 -0700] "GET / HTTP/1.1" 301 475 "https://www.reddit.com/" "Mozilla/5.0 (Windows NT 10.0; Win64; x64) AppleWebKit/537.36 (KHTML, like Gecko) Chrome/98.0.4758.141 YaBrowser/22.3.2.644 Yowser/2.5 Safari/537.36" 
82.162.1.82 - - [25/Apr/2022:22:24:44 -0700] "GET / HTTP/1.1" 200 13185 "https://www.reddit.com/" "Mozilla/5.0 (Windows NT 10.0; Win64; x64) AppleWebKit/537.36 (KHTML, like Gecko) Chrome/98.0.4758.141 YaBrowser/22.3.2.644 Yowser/2.5 Safari/537.36" 
82.162.1.82 - - [25/Apr/2022:22:24:44 -0700] "GET /css/style.css HTTP/1.1" 404 305 "http://www.secrepo.com/" "Mozilla/5.0 (Windows NT 10.0; Win64; x64) AppleWebKit/537.36 (KHTML, like Gecko) Chrome/98.0.4758.141 YaBrowser/22.3.2.644 Yowser/2.5 Safari/537.36" 
82.162.1.82 - - [25/Apr/2022:22:24:45 -0700] "GET /twitter-icon.png HTTP/1.1" 200 27893 "http://www.secrepo.com/" "Mozilla/5.0 (Windows NT 10.0; Win64; x64) AppleWebKit/537.36 (KHTML, like Gecko) Chrome/98.0.4758.141 YaBrowser/22.3.2.644 Yowser/2.5 Safari/537.36" 
82.162.1.82 - - [25/Apr/2022:22:24:45 -0700] "GET /GitHub-Mark.png HTTP/1.1" 200 7556 "http://www.secrepo.com/" "Mozilla/5.0 (Windows NT 10.0; Win64; x64) AppleWebKit/537.36 (KHTML, like Gecko) Chrome/98.0.4758.141 YaBrowser/22.3.2.644 Yowser/2.5 Safari/537.36" 
82.162.1.82 - - [25/Apr/2022:22:24:47 -0700] "GET /bootstrap/img/favicon.ico HTTP/1.1" 200 713 "http://www.secrepo.com/" "Mozilla/5.0 (Windows NT 10.0; Win64; x64) AppleWebKit/537.36 (KHTML, like Gecko) Chrome/98.0.4758.141 YaBrowser/22.3.2.644 Yowser/2.5 Safari/537.36" 
49.44.84.4 - - [25/Apr/2022:22:27:19 -0700] "GET / HTTP/1.1" 200 13148 "-" "Mozilla/5.0 (Windows NT 10.0; Win64; x64) AppleWebKit/537.36 (KHTML, like Gecko) Chrome/99.0.4844.82 Safari/537.36" 
49.44.84.4 - - [25/Apr/2022:22:27:21 -0700] "GET /css/style.css HTTP/1.1" 404 291 "http://www.secrepo.com/" "Mozilla/5.0 (Windows NT 10.0; Win64; x64) AppleWebKit/537.36 (KHTML, like Gecko) Chrome/99.0.4844.82 Safari/537.36" 
49.44.84.4 - - [25/Apr/2022:22:27:21 -0700] "GET /twitter-icon.png HTTP/1.1" 200 27879 "http://www.secrepo.com/" "Mozilla/5.0 (Windows NT 10.0; Win64; x64) AppleWebKit/537.36 (KHTML, like Gecko) Chrome/99.0.4844.82 Safari/537.36" 
49.44.84.4 - - [25/Apr/2022:22:27:21 -0700] "GET /GitHub-Mark.png HTTP/1.1" 200 7519 "http://www.secrepo.com/" "Mozilla/5.0 (Windows NT 10.0; Win64; x64) AppleWebKit/537.36 (KHTML, like Gecko) Chrome/99.0.4844.82 Safari/537.36" 
40.77.167.2 - - [25/Apr/2022:22:27:51 -0700] "GET /self.logs/ HTTP/1.1" 200 35734 "-" "Mozilla/5.0 (compatible; bingbot/2.0; +http://www.bing.com/bingbot.htm)" 
114.119.149.218 - - [25/Apr/2022:22:28:10 -0700] "GET /self.logs/access.log.2019-03-04.gz HTTP/1.1" 200 19087 "-" "Mozilla/5.0 (compatible;PetalBot;+https://webmaster.petalsearch.com/site/petalbot)" 
114.119.149.222 - - [25/Apr/2022:22:33:54 -0700] "GET /self.logs/access.log.2017-02-09.gz HTTP/1.1" 200 22853 "-" "Mozilla/5.0 (compatible;PetalBot;+https://webmaster.petalsearch.com/site/petalbot)" 
111.198.225.232 - - [25/Apr/2022:22:36:39 -0700] "GET / HTTP/1.1" 200 13185 "-" "Mozilla/5.0 (Macintosh; Intel Mac OS X 10_15_7) AppleWebKit/605.1.15 (KHTML, like Gecko)" 
206.47.249.246 - - [25/Apr/2022:22:39:03 -0700] "GET /self.logs/error.log.2019-04-23.gz HTTP/1.1" 304 280 "-" "Mozilla/4.0 (compatible;)" 
113.24.224.14 - - [25/Apr/2022:22:39:14 -0700] "GET / HTTP/1.1" 200 13185 "http://www.baidu.com/s?wd=beneath8en" "Mozilla/5.0 (Windows NT 6.1; WOW64; rv:43.0) Gecko/20100101 Firefox/43.0" 
114.119.149.222 - - [25/Apr/2022:22:45:30 -0700] "GET /self.logs/2015/error.log.2015-11-27.gz HTTP/1.1" 200 633 "-" "Mozilla/5.0 (compatible;PetalBot;+https://webmaster.petalsearch.com/site/petalbot)" 
114.119.149.237 - - [25/Apr/2022:22:51:34 -0700] "GET /self.logs/2015/access.log.2015-08-17.gz HTTP/1.1" 200 6670 "-" "Mozilla/5.0 (compatible;PetalBot;+https://webmaster.petalsearch.com/site/petalbot)" 
114.119.149.222 - - [25/Apr/2022:22:57:37 -0700] "GET /self.logs/error.log.2018-07-01.gz HTTP/1.1" 200 5807 "-" "Mozilla/5.0 (compatible;PetalBot;+https://webmaster.petalsearch.com/site/petalbot)" 
40.77.167.2 - - [25/Apr/2022:23:02:15 -0700] "GET /self.logs/ HTTP/1.1" 200 35734 "-" "Mozilla/5.0 (compatible; bingbot/2.0; +http://www.bing.com/bingbot.htm)" 
157.55.39.43 - - [25/Apr/2022:23:03:37 -0700] "GET /self.logs/error.log.2022-03-21.gz HTTP/1.1" 200 2079 "-" "Mozilla/5.0 (compatible; bingbot/2.0; +http://www.bing.com/bingbot.htm)" 
40.83.160.174 - - [25/Apr/2022:23:03:46 -0700] "GET / HTTP/1.1" 200 13141 "-" "awesome_bot" 
114.119.149.222 - - [25/Apr/2022:23:03:50 -0700] "GET /self.logs/error.log.2018-01-30.gz HTTP/1.1" 200 1212 "-" "Mozilla/5.0 (compatible;PetalBot;+https://webmaster.petalsearch.com/site/petalbot)" 
51.222.253.15 - - [25/Apr/2022:23:13:05 -0700] "GET /Datasets%20Description/Network/http.html HTTP/1.1" 200 1665 "-" "Mozilla/5.0 (compatible; AhrefsBot/7.0; +http://ahrefs.com/robot/)" 
114.119.140.174 - - [25/Apr/2022:23:23:04 -0700] "GET /self.logs/2015/error.log.2015-03-15.gz HTTP/1.1" 200 1235 "-" "Mozilla/5.0 (compatible;PetalBot;+https://webmaster.petalsearch.com/site/petalbot)" 
109.74.196.148 - - [25/Apr/2022:23:23:18 -0700] "GET / HTTP/1.1" 301 475 "https://www.crawlson.com/domain/secrepo.com" "Mozilla/5.0 (compatible; Crawlson/1.0; +https://www.crawlson.com/domain/secrepo.com)" 
109.74.196.148 - - [25/Apr/2022:23:23:18 -0700] "GET / HTTP/1.1" 200 49133 "https://www.crawlson.com/domain/secrepo.com" "Mozilla/5.0 (compatible; Crawlson/1.0; +https://www.crawlson.com/domain/secrepo.com)" 
144.202.83.166 - - [25/Apr/2022:23:28:46 -0700] "GET /favicon.ico HTTP/1.1" 304 224 "-" "Mozilla/5.0 (Windows NT 10.0; Win64; x64) AppleWebKit/537.36 (KHTML, like Gecko) Chrome/95.0.4638.69 Safari/537.36" 
124.221.111.158 - - [25/Apr/2022:23:32:30 -0700] "HEAD / HTTP/1.1" 301 223 "http://secrepo.com/" "Mozilla/5.0 (compatible; Baiduspider/2.0; +http://www.baidu.com/search/spider.html" 
124.221.111.158 - - [25/Apr/2022:23:32:31 -0700] "GET / HTTP/1.1" 200 49133 "http://secrepo.com/" "Mozilla/5.0 (compatible; Baiduspider/2.0; +http://www.baidu.com/search/spider.html" 
124.221.111.158 - - [25/Apr/2022:23:32:35 -0700] "HEAD //templates/default/js/loadimage.js HTTP/1.1" 301 200 "http://secrepo.com//templates/default/js/loadimage.js" "Mozilla/5.0 (compatible; Baiduspider/2.0; +http://www.baidu.com/search/spider.html" 
124.221.111.158 - - [25/Apr/2022:23:32:35 -0700] "GET /templates/default/js/loadimage.js HTTP/1.1" 404 284 "http://secrepo.com//templates/default/js/loadimage.js" "Mozilla/5.0 (compatible; Baiduspider/2.0; +http://www.baidu.com/search/spider.html" 
124.221.111.158 - - [25/Apr/2022:23:32:35 -0700] "GET //templates/default/js/loadimage.js HTTP/1.1" 301 485 "http://secrepo.com//templates/default/js/loadimage.js" "Mozilla/5.0 (compatible; Baiduspider/2.0; +http://www.baidu.com/search/spider.html" 
124.221.111.158 - - [25/Apr/2022:23:32:36 -0700] "GET /templates/default/js/loadimage.js HTTP/1.1" 404 250 "http://secrepo.com//templates/default/js/loadimage.js" "Mozilla/5.0 (compatible; Baiduspider/2.0; +http://www.baidu.com/search/spider.html" 
40.77.167.2 - - [25/Apr/2022:23:36:38 -0700] "GET /self.logs/ HTTP/1.1" 200 35734 "-" "Mozilla/5.0 (compatible; bingbot/2.0; +http://www.bing.com/bingbot.htm)" 
61.135.159.146 - - [25/Apr/2022:23:42:29 -0700] "GET / HTTP/1.1" 301 438 "-" "Sogou web spider/4.0(+http://www.sogou.com/docs/help/webmasters.htm#07)" 
61.135.159.177 - - [25/Apr/2022:23:42:32 -0700] "GET / HTTP/1.1" 200 13148 "-" "Sogou web spider/4.0(+http://www.sogou.com/docs/help/webmasters.htm#07)" 
114.119.140.174 - - [25/Apr/2022:23:43:00 -0700] "GET /self.logs/error.log.2019-04-22.gz HTTP/1.1" 200 3841 "-" "Mozilla/5.0 (compatible;PetalBot;+https://webmaster.petalsearch.com/site/petalbot)" 
114.119.149.228 - - [25/Apr/2022:23:56:48 -0700] "GET /self.logs/access.log.2020-10-30.gz HTTP/1.1" 200 55128 "-" "Mozilla/5.0 (compatible;PetalBot;+https://webmaster.petalsearch.com/site/petalbot)" 
185.191.171.9 - - [25/Apr/2022:23:59:14 -0700] "GET /robots.txt HTTP/1.1" 200 340 "-" "Mozilla/5.0 (compatible; SemrushBot/7~bl; +http://www.semrush.com/bot.html)" 
185.191.171.6 - - [25/Apr/2022:23:59:15 -0700] "GET /Datasets%20Description/HTML_Bro_log_3/dpd.html HTTP/1.1" 200 1625 "-" "Mozilla/5.0 (compatible; SemrushBot/7~bl; +http://www.semrush.com/bot.html)" 
112.47.58.191 - - [26/Apr/2022:00:03:18 -0700] "GET / HTTP/1.1" 200 49133 "-" "Mozilla/5.0 (Windows NT 10.0; WOW64) AppleWebKit/537.36 (KHTML, like Gecko) Chrome/63.0.3239.132 Safari/537.36" 
114.119.140.174 - - [26/Apr/2022:00:03:58 -0700] "GET /self.logs/2015/error.log.2015-11-18.gz HTTP/1.1" 200 1067 "-" "Mozilla/5.0 (compatible;PetalBot;+https://webmaster.petalsearch.com/site/petalbot)" 
40.77.167.2 - - [26/Apr/2022:00:09:51 -0700] "GET /self.logs/ HTTP/1.1" 200 35734 "-" "Mozilla/5.0 (compatible; bingbot/2.0; +http://www.bing.com/bingbot.htm)" 
114.119.149.218 - - [26/Apr/2022:00:11:01 -0700] "GET /self.logs/error.log.2020-08-07.gz HTTP/1.1" 200 890 "-" "Mozilla/5.0 (compatible;PetalBot;+https://webmaster.petalsearch.com/site/petalbot)" 
114.119.149.222 - - [26/Apr/2022:00:18:09 -0700] "GET /self.logs/2015/access.log.2015-11-06.gz HTTP/1.1" 200 8699 "-" "Mozilla/5.0 (compatible;PetalBot;+https://webmaster.petalsearch.com/site/petalbot)" 
20.242.34.38 - - [26/Apr/2022:00:18:41 -0700] "GET /.env HTTP/1.1" 404 519 "-" "Mozilla/5.0 (X11; Linux x86_64) AppleWebKit/537.36 (KHTML, like Gecko) Chrome/81.0.4044.129 Safari/537.36" 
20.242.34.38 - - [26/Apr/2022:00:18:41 -0700] "POST / HTTP/1.1" 200 13185 "-" "Mozilla/5.0 (X11; Linux x86_64) AppleWebKit/537.36 (KHTML, like Gecko) Chrome/81.0.4044.129 Safari/537.36" 
207.46.13.196 - - [26/Apr/2022:00:35:34 -0700] "GET / HTTP/1.1" 301 475 "-" "Mozilla/5.0 (compatible; bingbot/2.0; +http://www.bing.com/bingbot.htm)" 
114.119.149.228 - - [26/Apr/2022:00:40:05 -0700] "GET /self.logs/access.log.2018-06-22.gz HTTP/1.1" 200 19103 "-" "Mozilla/5.0 (compatible;PetalBot;+https://webmaster.petalsearch.com/site/petalbot)" 
207.46.13.196 - - [26/Apr/2022:00:41:35 -0700] "GET / HTTP/1.1" 200 13185 "-" "Mozilla/5.0 (compatible; bingbot/2.0; +http://www.bing.com/bingbot.htm)" 
40.77.167.2 - - [26/Apr/2022:00:44:54 -0700] "GET /self.logs/ HTTP/1.1" 200 35734 "-" "Mozilla/5.0 (compatible; bingbot/2.0; +http://www.bing.com/bingbot.htm)" 
103.194.184.66 - - [26/Apr/2022:00:45:47 -0700] "GET / HTTP/1.1" 200 13142 "-" "BaiduSpider" 
114.119.149.237 - - [26/Apr/2022:00:47:31 -0700] "GET /self.logs/error.log.2018-11-25.gz HTTP/1.1" 200 3891 "-" "Mozilla/5.0 (compatible;PetalBot;+https://webmaster.petalsearch.com/site/petalbot)" 
49.7.20.111 - - [26/Apr/2022:00:52:23 -0700] "GET / HTTP/1.1" 200 13149 "-" "Sogou web spider/4.0(+http://www.sogou.com/docs/help/webmasters.htm#07)" 
171.219.6.56 - - [26/Apr/2022:00:54:56 -0700] "GET /favicon.ico HTTP/1.1" 200 391 "-" "Mozilla/5.0 (Windows NT 10.0; WOW64) AppleWebKit/537.36 (KHTML, like Gecko) Chrome/86.0.4240.198 Safari/537.36" 
82.162.1.82 - - [26/Apr/2022:00:56:38 -0700] "GET /honeypot/BSidesDFW%20-%202014.ipynb HTTP/1.1" 200 930921 "http://www.secrepo.com/" "Mozilla/5.0 (Windows NT 10.0; Win64; x64) AppleWebKit/537.36 (KHTML, like Gecko) Chrome/98.0.4758.141 YaBrowser/22.3.2.644 Yowser/2.5 Safari/537.36" 
82.162.1.82 - - [26/Apr/2022:00:56:41 -0700] "GET /favicon.ico HTTP/1.1" 200 368 "http://www.secrepo.com/honeypot/BSidesDFW%20-%202014.ipynb" "Mozilla/5.0 (Windows NT 10.0; Win64; x64) AppleWebKit/537.36 (KHTML, like Gecko) Chrome/98.0.4758.141 YaBrowser/22.3.2.644 Yowser/2.5 Safari/537.36" 
125.65.228.208 - - [26/Apr/2022:01:02:25 -0700] "GET /install/index.php?step=11&insLockfile=a&s_lang=a&install_demo_name=../data/admin/config_update.php HTTP/1.1" 418 747 "http://www.secrepo.com/install/index.php?step=11&insLockfile=a&s_lang=a&install_demo_name=../data/admin/config_update.php" "Mozilla/4.0 (compatible; MSIE 7.0; Windows NT 6.1; WOW64; Trident/7.0; SLCC2; .NET CLR 2.0.50727; .NET CLR 3.5.30729; .NET CLR 3.0.30729; Media Center PC 6.0; .NET4.0C; .NET4.0E)" 
82.162.1.82 - - [26/Apr/2022:01:02:54 -0700] "GET /self.logs/ HTTP/1.1" 200 35734 "http://www.secrepo.com/" "Mozilla/5.0 (Windows NT 10.0; Win64; x64) AppleWebKit/537.36 (KHTML, like Gecko) Chrome/98.0.4758.141 YaBrowser/22.3.2.644 Yowser/2.5 Safari/537.36" 
212.1.211.169 - - [26/Apr/2022:01:06:04 -0700] "GET /wordpress/ HTTP/1.1" 301 439 "-" "-" 
212.1.211.169 - - [26/Apr/2022:01:06:04 -0700] "GET /wordpress/ HTTP/1.1" 404 284 "-" "-" 
51.222.253.20 - - [26/Apr/2022:01:07:52 -0700] "GET /Datasets%20Description/Network/signatures.html HTTP/1.1" 404 284 "-" "Mozilla/5.0 (compatible; AhrefsBot/7.0; +http://ahrefs.com/robot/)" 
82.81.95.78 - - [26/Apr/2022:01:14:11 -0700] "GET / HTTP/1.1" 200 13185 "-" "Mozilla/5.0 (Windows NT 10.0; Win64; x64) AppleWebKit/537.36 (KHTML, like Gecko) Chrome/100.0.4896.127 Safari/537.36" 
82.81.95.78 - - [26/Apr/2022:01:14:12 -0700] "GET /css/style.css HTTP/1.1" 404 305 "http://www.secrepo.com/" "Mozilla/5.0 (Windows NT 10.0; Win64; x64) AppleWebKit/537.36 (KHTML, like Gecko) Chrome/100.0.4896.127 Safari/537.36" 
82.81.95.78 - - [26/Apr/2022:01:14:12 -0700] "GET /GitHub-Mark.png HTTP/1.1" 200 7556 "http://www.secrepo.com/" "Mozilla/5.0 (Windows NT 10.0; Win64; x64) AppleWebKit/537.36 (KHTML, like Gecko) Chrome/100.0.4896.127 Safari/537.36" 
82.81.95.78 - - [26/Apr/2022:01:14:12 -0700] "GET /twitter-icon.png HTTP/1.1" 200 27916 "http://www.secrepo.com/" "Mozilla/5.0 (Windows NT 10.0; Win64; x64) AppleWebKit/537.36 (KHTML, like Gecko) Chrome/100.0.4896.127 Safari/537.36" 
114.119.149.218 - - [26/Apr/2022:01:15:24 -0700] "GET /self.logs/access.log.2020-12-29.gz HTTP/1.1" 200 32563 "-" "Mozilla/5.0 (compatible;PetalBot;+https://webmaster.petalsearch.com/site/petalbot)" 
82.162.1.82 - - [26/Apr/2022:01:14:45 -0700] "GET /pe_static/zeus.zip HTTP/1.1" 200 32654360 "http://www.secrepo.com/" "Mozilla/5.0 (Windows NT 10.0; Win64; x64) AppleWebKit/537.36 (KHTML, like Gecko) Chrome/98.0.4758.141 YaBrowser/22.3.2.644 Yowser/2.5 Safari/537.36" 
82.162.1.82 - - [26/Apr/2022:01:15:34 -0700] "GET /auth.log/auth.log.gz HTTP/1.1" 200 615679 "http://www.secrepo.com/" "Mozilla/5.0 (Windows NT 10.0; Win64; x64) AppleWebKit/537.36 (KHTML, like Gecko) Chrome/98.0.4758.141 YaBrowser/22.3.2.644 Yowser/2.5 Safari/537.36" 
40.77.167.2 - - [26/Apr/2022:01:18:58 -0700] "GET /self.logs/ HTTP/1.1" 200 35734 "-" "Mozilla/5.0 (compatible; bingbot/2.0; +http://www.bing.com/bingbot.htm)" 
114.119.149.228 - - [26/Apr/2022:01:21:41 -0700] "GET /self.logs/error.log.2018-01-08.gz HTTP/1.1" 200 5838 "-" "Mozilla/5.0 (compatible;PetalBot;+https://webmaster.petalsearch.com/site/petalbot)" 
114.135.115.191 - - [26/Apr/2022:01:22:28 -0700] "GET / HTTP/1.1" 301 475 "-" "Mozilla/5.0 (Windows NT 10.0; Win64; x64) AppleWebKit/537.36 (KHTML, like Gecko) Chrome/76.0.3809.25 Safari/537.36" 
49.7.20.111 - - [26/Apr/2022:01:23:58 -0700] "GET / HTTP/1.1" 200 13148 "-" "Sogou web spider/4.0(+http://www.sogou.com/docs/help/webmasters.htm#07)" 
114.119.149.222 - - [26/Apr/2022:01:34:09 -0700] "GET /self.logs/error.log.2019-01-02.gz HTTP/1.1" 200 5239 "-" "Mozilla/5.0 (compatible;PetalBot;+https://webmaster.petalsearch.com/site/petalbot)" 
49.7.20.111 - - [26/Apr/2022:01:52:11 -0700] "GET / HTTP/1.1" 200 13149 "-" "Sogou web spider/4.0(+http://www.sogou.com/docs/help/webmasters.htm#07)" 
82.162.1.82 - - [26/Apr/2022:01:54:38 -0700] "GET /self.logs/ HTTP/1.1" 200 35734 "http://www.secrepo.com/" "Mozilla/5.0 (Windows NT 10.0; Win64; x64) AppleWebKit/537.36 (KHTML, like Gecko) Chrome/98.0.4758.141 YaBrowser/22.3.2.644 Yowser/2.5 Safari/537.36" 
82.162.1.82 - - [26/Apr/2022:01:54:49 -0700] "GET /self.logs/access.log.2017-01-01.gz HTTP/1.1" 200 17678 "http://www.secrepo.com/self.logs/" "Mozilla/5.0 (Windows NT 10.0; Win64; x64) AppleWebKit/537.36 (KHTML, like Gecko) Chrome/98.0.4758.141 YaBrowser/22.3.2.644 Yowser/2.5 Safari/537.36" 
82.162.1.82 - - [26/Apr/2022:01:56:36 -0700] "GET /self.logs/2016/ HTTP/1.1" 200 7860 "http://www.secrepo.com/self.logs/" "Mozilla/5.0 (Windows NT 10.0; Win64; x64) AppleWebKit/537.36 (KHTML, like Gecko) Chrome/98.0.4758.141 YaBrowser/22.3.2.644 Yowser/2.5 Safari/537.36" 
82.162.1.82 - - [26/Apr/2022:01:58:26 -0700] "GET /auth.log/auth.log.gz HTTP/1.1" 200 615679 "http://www.secrepo.com/" "Mozilla/5.0 (Windows NT 10.0; Win64; x64) AppleWebKit/537.36 (KHTML, like Gecko) Chrome/98.0.4758.141 YaBrowser/22.3.2.644 Yowser/2.5 Safari/537.36" 
154.22.120.231 - - [26/Apr/2022:02:02:30 -0700] "GET / HTTP/1.1" 200 49133 "-" "Mozilla/5.0 (Windows NT 10.0; WOW64) AppleWebKit/537.36 (KHTML, like Gecko) Chrome/63.0.3239.132 Safari/537.36" 
51.222.253.8 - - [26/Apr/2022:02:12:55 -0700] "GET /Datasets%20Description/Network/ HTTP/1.1" 200 725 "-" "Mozilla/5.0 (compatible; AhrefsBot/7.0; +http://ahrefs.com/robot/)" 
207.46.13.55 - - [26/Apr/2022:02:15:31 -0700] "GET /self.logs/access.log.2018-05-21.gz HTTP/1.1" 304 280 "-" "Mozilla/5.0 (compatible; bingbot/2.0; +http://www.bing.com/bingbot.htm)" 
46.4.104.16 - - [26/Apr/2022:02:17:45 -0700] "GET /sitemap.xml HTTP/1.1" 301 497 "-" "Mozilla/5.0 (compatible; BLEXBot/1.0; +http://webmeup-crawler.com/)" 
46.4.104.16 - - [26/Apr/2022:02:17:45 -0700] "GET /sitemap.xml HTTP/1.1" 404 328 "-" "Mozilla/5.0 (compatible; BLEXBot/1.0; +http://webmeup-crawler.com/)" 
46.4.104.16 - - [26/Apr/2022:02:17:49 -0700] "GET /sitemap.xml HTTP/1.1" 404 328 "-" "Mozilla/5.0 (compatible; BLEXBot/1.0; +http://webmeup-crawler.com/)" 
46.4.104.16 - - [26/Apr/2022:02:17:54 -0700] "GET / HTTP/1.1" 200 13185 "-" "Mozilla/5.0 (compatible; BLEXBot/1.0; +http://webmeup-crawler.com/)" 
46.4.104.16 - - [26/Apr/2022:02:18:00 -0700] "GET /Datasets%20Description/HTML_Bro_log_1 HTTP/1.1" 301 619 "-" "Mozilla/5.0 (compatible; BLEXBot/1.0; +http://webmeup-crawler.com/)" 
46.4.104.16 - - [26/Apr/2022:02:18:00 -0700] "GET /Datasets%20Description/HTML_Bro_log_1/ HTTP/1.1" 200 811 "-" "Mozilla/5.0 (compatible; BLEXBot/1.0; +http://webmeup-crawler.com/)" 
46.4.104.16 - - [26/Apr/2022:02:18:08 -0700] "GET /Datasets%20Description/HTML_Bro_log_2 HTTP/1.1" 301 619 "-" "Mozilla/5.0 (compatible; BLEXBot/1.0; +http://webmeup-crawler.com/)" 
46.4.104.16 - - [26/Apr/2022:02:18:08 -0700] "GET /Datasets%20Description/HTML_Bro_log_2/ HTTP/1.1" 200 809 "-" "Mozilla/5.0 (compatible; BLEXBot/1.0; +http://webmeup-crawler.com/)" 
114.119.149.228 - - [26/Apr/2022:02:18:16 -0700] "GET /self.logs/error.log.2017-10-17.gz HTTP/1.1" 200 4125 "-" "Mozilla/5.0 (compatible;PetalBot;+https://webmaster.petalsearch.com/site/petalbot)" 
46.4.104.16 - - [26/Apr/2022:02:18:16 -0700] "GET /Datasets%20Description/HTML_Bro_log_3 HTTP/1.1" 301 619 "-" "Mozilla/5.0 (compatible; BLEXBot/1.0; +http://webmeup-crawler.com/)" 
46.4.104.16 - - [26/Apr/2022:02:18:16 -0700] "GET /Datasets%20Description/HTML_Bro_log_3/ HTTP/1.1" 200 800 "-" "Mozilla/5.0 (compatible; BLEXBot/1.0; +http://webmeup-crawler.com/)" 
46.4.104.16 - - [26/Apr/2022:02:18:30 -0700] "GET /Datasets%20Description/Network/dhcp.html HTTP/1.1" 200 1461 "-" "Mozilla/5.0 (compatible; BLEXBot/1.0; +http://webmeup-crawler.com/)" 
46.4.104.16 - - [26/Apr/2022:02:18:38 -0700] "GET /Datasets%20Description/Network/dns.html HTTP/1.1" 200 1543 "-" "Mozilla/5.0 (compatible; BLEXBot/1.0; +http://webmeup-crawler.com/)" 
46.4.104.16 - - [26/Apr/2022:02:18:45 -0700] "GET /Datasets%20Description/Network/files.html HTTP/1.1" 200 1532 "-" "Mozilla/5.0 (compatible; BLEXBot/1.0; +http://webmeup-crawler.com/)" 
46.4.104.16 - - [26/Apr/2022:02:18:59 -0700] "GET /Datasets%20Description/Network/ftp.html HTTP/1.1" 200 1530 "-" "Mozilla/5.0 (compatible; BLEXBot/1.0; +http://webmeup-crawler.com/)" 
46.4.104.16 - - [26/Apr/2022:02:19:11 -0700] "GET /Datasets%20Description/Network/http.html HTTP/1.1" 200 1709 "-" "Mozilla/5.0 (compatible; BLEXBot/1.0; +http://webmeup-crawler.com/)" 
46.4.104.16 - - [26/Apr/2022:02:19:17 -0700] "GET /Datasets%20Description/Network/notice.html HTTP/1.1" 200 1650 "-" "Mozilla/5.0 (compatible; BLEXBot/1.0; +http://webmeup-crawler.com/)" 
46.4.104.16 - - [26/Apr/2022:02:19:24 -0700] "GET /Datasets%20Description/Network/signatures.html HTTP/1.1" 404 328 "-" "Mozilla/5.0 (compatible; BLEXBot/1.0; +http://webmeup-crawler.com/)" 
46.4.104.16 - - [26/Apr/2022:02:19:28 -0700] "GET /Datasets%20Description/Network/smtp.html HTTP/1.1" 200 1637 "-" "Mozilla/5.0 (compatible; BLEXBot/1.0; +http://webmeup-crawler.com/)" 
46.4.104.16 - - [26/Apr/2022:02:19:47 -0700] "GET /Datasets%20Description/Network/ssh.html HTTP/1.1" 200 1368 "-" "Mozilla/5.0 (compatible; BLEXBot/1.0; +http://webmeup-crawler.com/)" 
46.4.104.16 - - [26/Apr/2022:02:19:52 -0700] "GET /Datasets%20Description/Network/ssl.html HTTP/1.1" 200 1585 "-" "Mozilla/5.0 (compatible; BLEXBot/1.0; +http://webmeup-crawler.com/)" 
46.4.104.16 - - [26/Apr/2022:02:20:01 -0700] "GET /Datasets%20Description/Network/tunnel.html HTTP/1.1" 200 1470 "-" "Mozilla/5.0 (compatible; BLEXBot/1.0; +http://webmeup-crawler.com/)" 
46.4.104.16 - - [26/Apr/2022:02:20:05 -0700] "GET /Datasets%20Description/Network/weird.html HTTP/1.1" 200 1645 "-" "Mozilla/5.0 (compatible; BLEXBot/1.0; +http://webmeup-crawler.com/)" 
46.4.104.16 - - [26/Apr/2022:02:20:11 -0700] "GET /Datasets%20Description/PE_malware/OPCleaver.html HTTP/1.1" 200 1458 "-" "Mozilla/5.0 (compatible; BLEXBot/1.0; +http://webmeup-crawler.com/)" 
46.4.104.16 - - [26/Apr/2022:02:20:19 -0700] "GET /Datasets%20Description/PE_malware/VirusShare.html HTTP/1.1" 200 1651 "-" "Mozilla/5.0 (compatible; BLEXBot/1.0; +http://webmeup-crawler.com/)" 
46.4.104.16 - - [26/Apr/2022:02:20:35 -0700] "GET /Datasets%20Description/PE_malware/Zeus.html HTTP/1.1" 200 1698 "-" "Mozilla/5.0 (compatible; BLEXBot/1.0; +http://webmeup-crawler.com/)" 
46.4.104.16 - - [26/Apr/2022:02:20:42 -0700] "GET /data HTTP/1.1" 404 328 "-" "Mozilla/5.0 (compatible; BLEXBot/1.0; +http://webmeup-crawler.com/)" 
46.4.104.16 - - [26/Apr/2022:02:20:43 -0700] "GET /self.logs/ HTTP/1.1" 200 35711 "-" "Mozilla/5.0 (compatible; BLEXBot/1.0; +http://webmeup-crawler.com/)" 
207.46.13.196 - - [26/Apr/2022:02:23:05 -0700] "GET / HTTP/1.1" 200 13185 "-" "Mozilla/5.0 (compatible; bingbot/2.0; +http://www.bing.com/bingbot.htm)" 
