116.203.93.86 - - [23/Sep/2021:17:16:37 -0700] "GET /robots.txt HTTP/1.1" 301 458 "-" "Mozilla/5.0 (Windows; U; Windows NT 5.1; en-US; rv:1.8.1.6) Gecko/20070725 Firefox/2.0.0.6" 
116.203.93.86 - - [23/Sep/2021:17:16:38 -0700] "GET /robots.txt HTTP/1.1" 200 340 "-" "Mozilla/5.0 (Windows; U; Windows NT 5.1; en-US; rv:1.8.1.6) Gecko/20070725 Firefox/2.0.0.6" 
66.249.66.220 - - [23/Sep/2021:17:17:06 -0700] "GET /ads.txt HTTP/1.1" 301 489 "-" "Mozilla/5.0 (compatible; Googlebot/2.1; +http://www.google.com/bot.html)" 
220.181.108.76 - - [23/Sep/2021:17:18:53 -0700] "GET /pe_static/apt1.zip HTTP/1.1" 200 1983402 "-" "Mozilla/5.0 (compatible; Baiduspider/2.0; +http://www.baidu.com/search/spider.html)" 
66.249.66.84 - - [23/Sep/2021:17:23:41 -0700] "GET / HTTP/1.1" 200 12883 "-" "Mozilla/5.0 (compatible; Googlebot/2.1; +http://www.google.com/bot.html)" 
51.222.253.1 - - [23/Sep/2021:17:26:39 -0700] "GET /self.logs/access.log.2019-03-19.gz HTTP/1.1" 200 25151 "-" "Mozilla/5.0 (compatible; AhrefsBot/7.0; +http://ahrefs.com/robot/)" 
114.119.154.113 - - [23/Sep/2021:17:27:36 -0700] "GET /self.logs/2015/error.log.2015-03-15.gz HTTP/1.1" 200 1235 "-" "Mozilla/5.0 (Linux; Android 7.0;) AppleWebKit/537.36 (KHTML, like Gecko) Mobile Safari/537.36 (compatible; PetalBot;+https://webmaster.petalsearch.com/site/petalbot)" 
157.55.39.151 - - [23/Sep/2021:17:29:51 -0700] "GET /self.logs/access.log.2017-07-02.gz HTTP/1.1" 200 16719 "-" "Mozilla/5.0 (compatible; bingbot/2.0; +http://www.bing.com/bingbot.htm)" 
223.89.161.153 - - [23/Sep/2021:17:31:07 -0700] "GET /honeypot/honeypot.json.zip HTTP/1.1" 200 78408 "https://link.csdn.net/?target=http%3A%2F%2Fwww.secrepo.com%2Fhoneypot%2Fhoneypot.json.zip" "Mozilla/5.0 (Windows NT 6.1) AppleWebKit/537.36 (KHTML, like Gecko) Chrome/93.0.4577.82 Safari/537.36" 
223.89.161.153 - - [23/Sep/2021:17:31:09 -0700] "GET /honeypot/honeypot.json.zip HTTP/1.1" 206 445 "https://link.csdn.net/?target=http%3A%2F%2Fwww.secrepo.com%2Fhoneypot%2Fhoneypot.json.zip" "Mozilla/5.0 (Windows NT 6.1) AppleWebKit/537.36 (KHTML, like Gecko) Chrome/93.0.4577.82 Safari/537.36" 
223.89.161.153 - - [23/Sep/2021:17:31:10 -0700] "GET /honeypot/honeypot.json.zip HTTP/1.1" 206 78408 "https://link.csdn.net/?target=http%3A%2F%2Fwww.secrepo.com%2Fhoneypot%2Fhoneypot.json.zip" "Mozilla/5.0 (Windows NT 6.1) AppleWebKit/537.36 (KHTML, like Gecko) Chrome/93.0.4577.82 Safari/537.36" 
223.89.161.153 - - [23/Sep/2021:17:31:12 -0700] "GET /honeypot/honeypot.json.zip HTTP/1.1" 206 445 "https://link.csdn.net/?target=http%3A%2F%2Fwww.secrepo.com%2Fhoneypot%2Fhoneypot.json.zip" "Mozilla/5.0 (Windows NT 6.1) AppleWebKit/537.36 (KHTML, like Gecko) Chrome/93.0.4577.82 Safari/537.36" 
223.89.161.153 - - [23/Sep/2021:17:31:13 -0700] "GET /honeypot/honeypot.json.zip HTTP/1.1" 206 78408 "https://link.csdn.net/?target=http%3A%2F%2Fwww.secrepo.com%2Fhoneypot%2Fhoneypot.json.zip" "Mozilla/5.0 (Windows NT 6.1) AppleWebKit/537.36 (KHTML, like Gecko) Chrome/93.0.4577.82 Safari/537.36" 
223.89.161.153 - - [23/Sep/2021:17:31:24 -0700] "GET /honeypot/honeypot.json.zip HTTP/1.1" 206 445 "-" "Mozilla/5.0 (Windows NT 6.1) AppleWebKit/537.36 (KHTML, like Gecko) Chrome/93.0.4577.82 Safari/537.36" 
114.119.154.161 - - [23/Sep/2021:17:33:38 -0700] "GET /self.logs/access.log.2017-01-01.gz HTTP/1.1" 200 17678 "-" "Mozilla/5.0 (Linux; Android 7.0;) AppleWebKit/537.36 (KHTML, like Gecko) Mobile Safari/537.36 (compatible; PetalBot;+https://webmaster.petalsearch.com/site/petalbot)" 
114.119.154.115 - - [23/Sep/2021:17:39:38 -0700] "GET /self.logs/access.log.2019-06-24.gz HTTP/1.1" 200 32366 "-" "Mozilla/5.0 (Linux; Android 7.0;) AppleWebKit/537.36 (KHTML, like Gecko) Mobile Safari/537.36 (compatible; PetalBot;+https://webmaster.petalsearch.com/site/petalbot)" 
51.222.253.15 - - [23/Sep/2021:17:39:55 -0700] "GET /self.logs/access.log.2019-01-04.gz HTTP/1.1" 200 23831 "-" "Mozilla/5.0 (compatible; AhrefsBot/7.0; +http://ahrefs.com/robot/)" 
51.222.253.9 - - [23/Sep/2021:17:40:59 -0700] "GET /robots.txt HTTP/1.1" 200 333 "-" "Mozilla/5.0 (compatible; AhrefsBot/7.0; +http://ahrefs.com/robot/)" 
114.119.154.11 - - [23/Sep/2021:17:45:40 -0700] "GET /self.logs/2015/access.log.2015-11-09.gz HTTP/1.1" 200 6210 "-" "Mozilla/5.0 (Linux; Android 7.0;) AppleWebKit/537.36 (KHTML, like Gecko) Mobile Safari/537.36 (compatible; PetalBot;+https://webmaster.petalsearch.com/site/petalbot)" 
207.46.13.143 - - [23/Sep/2021:17:49:39 -0700] "GET /maccdc2012/dns.log.gz HTTP/1.1" 200 924480 "-" "Mozilla/5.0 (compatible; bingbot/2.0; +http://www.bing.com/bingbot.htm)" 
114.119.154.161 - - [23/Sep/2021:17:51:41 -0700] "GET /self.logs/access.log.2017-07-05.gz HTTP/1.1" 200 22850 "-" "Mozilla/5.0 (Linux; Android 7.0;) AppleWebKit/537.36 (KHTML, like Gecko) Mobile Safari/537.36 (compatible; PetalBot;+https://webmaster.petalsearch.com/site/petalbot)" 
51.222.253.12 - - [23/Sep/2021:17:53:53 -0700] "GET /self.logs/error.log.2017-03-01.gz HTTP/1.1" 200 1064 "-" "Mozilla/5.0 (compatible; AhrefsBot/7.0; +http://ahrefs.com/robot/)" 
114.119.154.11 - - [23/Sep/2021:17:57:48 -0700] "GET /self.logs/error.log.2019-08-13.gz HTTP/1.1" 200 1448 "-" "Mozilla/5.0 (Linux; Android 7.0;) AppleWebKit/537.36 (KHTML, like Gecko) Mobile Safari/537.36 (compatible; PetalBot;+https://webmaster.petalsearch.com/site/petalbot)" 
51.222.253.19 - - [23/Sep/2021:18:07:56 -0700] "GET /self.logs/error.log.2020-11-03 HTTP/1.1" 200 307 "-" "Mozilla/5.0 (compatible; AhrefsBot/7.0; +http://ahrefs.com/robot/)" 
128.199.13.166 - - [23/Sep/2021:18:08:28 -0700] "GET / HTTP/1.0" 301 438 "-" "Mozilla/5.0 (iPad; U; CPU OS 3_2 like Mac OS X; en-us) AppleWebKit/531.21.10 (KHTML, like Gecko) Version/4.0.4 Mobile/7B334b Safari/531.21.102011-10-16 20:23:10" 
128.199.13.166 - - [23/Sep/2021:18:08:28 -0700] "GET / HTTP/1.0" 200 48027 "-" "Mozilla/5.0 (iPad; U; CPU OS 3_2 like Mac OS X; en-us) AppleWebKit/531.21.10 (KHTML, like Gecko) Version/4.0.4 Mobile/7B334b Safari/531.21.102011-10-16 20:23:10" 
114.119.154.11 - - [23/Sep/2021:18:09:46 -0700] "GET /self.logs/error.log.2017-09-18.gz HTTP/1.1" 200 2185 "-" "Mozilla/5.0 (Linux; Android 7.0;) AppleWebKit/537.36 (KHTML, like Gecko) Mobile Safari/537.36 (compatible; PetalBot;+https://webmaster.petalsearch.com/site/petalbot)" 
114.119.154.115 - - [23/Sep/2021:18:15:42 -0700] "GET /self.logs/error.log.2020-12-30 HTTP/1.1" 200 351 "-" "Mozilla/5.0 (Linux; Android 7.0;) AppleWebKit/537.36 (KHTML, like Gecko) Mobile Safari/537.36 (compatible; PetalBot;+https://webmaster.petalsearch.com/site/petalbot)" 
219.142.4.4 - - [23/Sep/2021:18:16:28 -0700] "GET /favicon.ico HTTP/1.1" 200 391 "-" "Mozilla/5.0 (Windows NT 10.0; WOW64) AppleWebKit/537.36 (KHTML, like Gecko) Chrome/86.0.4240.198 Safari/537.36" 
157.55.39.159 - - [23/Sep/2021:18:20:31 -0700] "GET /self.logs/error.log.2017-01-16.gz HTTP/1.1" 200 1066 "-" "Mozilla/5.0 (compatible; bingbot/2.0; +http://www.bing.com/bingbot.htm)" 
223.89.161.153 - - [23/Sep/2021:17:31:25 -0700] "GET /honeypot/honeypot.json.zip HTTP/1.1" 206 23071998 "-" "Mozilla/5.0 (Windows NT 6.1) AppleWebKit/537.36 (KHTML, like Gecko) Chrome/93.0.4577.82 Safari/537.36" 
114.119.154.113 - - [23/Sep/2021:18:21:48 -0700] "GET /self.logs/error.log.2017-06-13.gz HTTP/1.1" 200 1034 "-" "Mozilla/5.0 (Linux; Android 7.0;) AppleWebKit/537.36 (KHTML, like Gecko) Mobile Safari/537.36 (compatible; PetalBot;+https://webmaster.petalsearch.com/site/petalbot)" 
207.46.13.66 - - [23/Sep/2021:18:25:40 -0700] "GET / HTTP/1.1" 301 475 "-" "Mozilla/5.0 (compatible; bingbot/2.0; +http://www.bing.com/bingbot.htm)" 
66.249.83.16 - - [23/Sep/2021:18:27:12 -0700] "GET / HTTP/1.1" 301 475 "-" "Mozilla/5.0 (X11; Linux x86_64) AppleWebKit/537.36 (KHTML, like Gecko) Chrome/49.0.2623.75 Safari/537.36 Google Favicon" 
66.249.83.86 - - [23/Sep/2021:18:27:12 -0700] "GET / HTTP/1.1" 200 12883 "-" "Mozilla/5.0 (X11; Linux x86_64) AppleWebKit/537.36 (KHTML, like Gecko) Chrome/49.0.2623.75 Safari/537.36 Google Favicon" 
66.249.83.85 - - [23/Sep/2021:18:27:12 -0700] "GET /bootstrap/img/favicon.ico HTTP/1.1" 200 713 "-" "Mozilla/5.0 (X11; Linux x86_64) AppleWebKit/537.36 (KHTML, like Gecko) Chrome/49.0.2623.75 Safari/537.36 Google Favicon" 
114.119.154.135 - - [23/Sep/2021:18:27:48 -0700] "GET /self.logs/2015/access.log.2015-11-11.gz HTTP/1.1" 200 5296 "-" "Mozilla/5.0 (Linux; Android 7.0;) AppleWebKit/537.36 (KHTML, like Gecko) Mobile Safari/537.36 (compatible; PetalBot;+https://webmaster.petalsearch.com/site/petalbot)" 
114.119.154.155 - - [23/Sep/2021:18:33:48 -0700] "GET /self.logs/error.log.2020-03-07.gz HTTP/1.1" 200 1251 "-" "Mozilla/5.0 (Linux; Android 7.0;) AppleWebKit/537.36 (KHTML, like Gecko) Mobile Safari/537.36 (compatible; PetalBot;+https://webmaster.petalsearch.com/site/petalbot)" 
123.183.224.116 - - [23/Sep/2021:18:36:29 -0700] "GET / HTTP/1.1" 200 12846 "-" "Sogou web spider/4.0(+http://www.sogou.com/docs/help/webmasters.htm#07)" 
51.222.253.9 - - [23/Sep/2021:18:36:29 -0700] "GET /self.logs/access.log.2018-11-07.gz HTTP/1.1" 200 17251 "-" "Mozilla/5.0 (compatible; AhrefsBot/7.0; +http://ahrefs.com/robot/)" 
114.119.154.135 - - [23/Sep/2021:18:39:49 -0700] "GET /self.logs/error.log.2018-03-28.gz HTTP/1.1" 200 6786 "-" "Mozilla/5.0 (Linux; Android 7.0;) AppleWebKit/537.36 (KHTML, like Gecko) Mobile Safari/537.36 (compatible; PetalBot;+https://webmaster.petalsearch.com/site/petalbot)" 
114.246.34.153 - - [23/Sep/2021:18:42:03 -0700] "GET / HTTP/1.1" 200 12883 "-" "Mozilla/5.0 (Windows NT 10.0; Win64; x64) AppleWebKit/537.36 (KHTML, like Gecko) Chrome/81.0.4044.122 Safari/537.36" 
114.246.34.153 - - [23/Sep/2021:18:42:03 -0700] "GET /css/style.css HTTP/1.1" 404 328 "http://www.secrepo.com/" "Mozilla/5.0 (Windows NT 10.0; Win64; x64) AppleWebKit/537.36 (KHTML, like Gecko) Chrome/81.0.4044.122 Safari/537.36" 
114.246.34.153 - - [23/Sep/2021:18:42:03 -0700] "GET /twitter-icon.png HTTP/1.1" 200 27916 "http://www.secrepo.com/" "Mozilla/5.0 (Windows NT 10.0; Win64; x64) AppleWebKit/537.36 (KHTML, like Gecko) Chrome/81.0.4044.122 Safari/537.36" 
114.246.34.153 - - [23/Sep/2021:18:42:03 -0700] "GET /GitHub-Mark.png HTTP/1.1" 200 7533 "http://www.secrepo.com/" "Mozilla/5.0 (Windows NT 10.0; Win64; x64) AppleWebKit/537.36 (KHTML, like Gecko) Chrome/81.0.4044.122 Safari/537.36" 
114.246.34.153 - - [23/Sep/2021:18:42:32 -0700] "GET /bootstrap/img/favicon.ico HTTP/1.1" 200 713 "http://www.secrepo.com/" "Mozilla/5.0 (Windows NT 10.0; Win64; x64) AppleWebKit/537.36 (KHTML, like Gecko) Chrome/81.0.4044.122 Safari/537.36" 
49.7.20.108 - - [23/Sep/2021:18:44:30 -0700] "GET / HTTP/1.1" 301 438 "-" "Sogou web spider/4.0(+http://www.sogou.com/docs/help/webmasters.htm#07)" 
114.119.154.113 - - [23/Sep/2021:18:45:53 -0700] "GET /self.logs/2015/error.log.2015-02-13.gz HTTP/1.1" 200 5509 "-" "Mozilla/5.0 (Linux; Android 7.0;) AppleWebKit/537.36 (KHTML, like Gecko) Mobile Safari/537.36 (compatible; PetalBot;+https://webmaster.petalsearch.com/site/petalbot)" 
206.47.249.246 - - [23/Sep/2021:18:46:15 -0700] "GET /self.logs/error.log.2019-04-23.gz HTTP/1.1" 304 280 "-" "Mozilla/4.0 (compatible;)" 
51.222.253.11 - - [23/Sep/2021:18:50:51 -0700] "GET /self.logs/access.log.2019-10-19.gz HTTP/1.1" 200 16408 "-" "Mozilla/5.0 (compatible; AhrefsBot/7.0; +http://ahrefs.com/robot/)" 
114.119.154.155 - - [23/Sep/2021:18:51:50 -0700] "GET /self.logs/access.log.2018-08-30.gz HTTP/1.1" 200 36188 "-" "Mozilla/5.0 (Linux; Android 7.0;) AppleWebKit/537.36 (KHTML, like Gecko) Mobile Safari/537.36 (compatible; PetalBot;+https://webmaster.petalsearch.com/site/petalbot)" 
114.119.154.14 - - [23/Sep/2021:19:03:46 -0700] "GET /self.logs/error.log.2020-09-06 HTTP/1.1" 200 351 "-" "Mozilla/5.0 (Linux; Android 7.0;) AppleWebKit/537.36 (KHTML, like Gecko) Mobile Safari/537.36 (compatible; PetalBot;+https://webmaster.petalsearch.com/site/petalbot)" 
49.7.20.108 - - [23/Sep/2021:19:05:46 -0700] "GET / HTTP/1.1" 200 12845 "-" "Sogou web spider/4.0(+http://www.sogou.com/docs/help/webmasters.htm#07)" 
51.222.253.10 - - [23/Sep/2021:19:05:49 -0700] "GET /self.logs/error.log.2019-07-01.gz HTTP/1.1" 200 2804 "-" "Mozilla/5.0 (compatible; AhrefsBot/7.0; +http://ahrefs.com/robot/)" 
51.222.253.11 - - [23/Sep/2021:19:20:25 -0700] "GET /self.logs/access.log.2020-09-12.gz HTTP/1.1" 200 10304 "-" "Mozilla/5.0 (compatible; AhrefsBot/7.0; +http://ahrefs.com/robot/)" 
51.222.253.17 - - [23/Sep/2021:19:23:35 -0700] "GET /self.logs/access.log.2018-05-01.gz HTTP/1.1" 200 21535 "-" "Mozilla/5.0 (compatible; AhrefsBot/7.0; +http://ahrefs.com/robot/)" 
106.120.136.2 - - [23/Sep/2021:19:26:18 -0700] "GET / HTTP/1.1" 200 12883 "-" "Mozilla/5.0 (Macintosh; Intel Mac OS X 10_15_7) AppleWebKit/605.1.15 (KHTML, like Gecko) Version/14.1.2 Safari/605.1.15" 
106.120.136.2 - - [23/Sep/2021:19:26:19 -0700] "GET /css/style.css HTTP/1.1" 404 328 "http://www.secrepo.com/" "Mozilla/5.0 (Macintosh; Intel Mac OS X 10_15_7) AppleWebKit/605.1.15 (KHTML, like Gecko) Version/14.1.2 Safari/605.1.15" 
106.120.136.2 - - [23/Sep/2021:19:26:20 -0700] "GET /GitHub-Mark.png HTTP/1.1" 200 7533 "http://www.secrepo.com/" "Mozilla/5.0 (Macintosh; Intel Mac OS X 10_15_7) AppleWebKit/605.1.15 (KHTML, like Gecko) Version/14.1.2 Safari/605.1.15" 
106.120.136.2 - - [23/Sep/2021:19:26:20 -0700] "GET /twitter-icon.png HTTP/1.1" 200 27916 "http://www.secrepo.com/" "Mozilla/5.0 (Macintosh; Intel Mac OS X 10_15_7) AppleWebKit/605.1.15 (KHTML, like Gecko) Version/14.1.2 Safari/605.1.15" 
106.120.136.2 - - [23/Sep/2021:19:26:23 -0700] "GET /Datasets%20Description/Network/dhcp.html HTTP/1.1" 200 1461 "http://www.secrepo.com/" "Mozilla/5.0 (Macintosh; Intel Mac OS X 10_15_7) AppleWebKit/605.1.15 (KHTML, like Gecko) Version/14.1.2 Safari/605.1.15" 
106.120.136.2 - - [23/Sep/2021:19:26:24 -0700] "GET /favicon.ico HTTP/1.1" 200 368 "http://www.secrepo.com/Datasets%20Description/Network/dhcp.html" "Mozilla/5.0 (Macintosh; Intel Mac OS X 10_15_7) AppleWebKit/605.1.15 (KHTML, like Gecko) Version/14.1.2 Safari/605.1.15" 
51.222.253.3 - - [23/Sep/2021:19:26:40 -0700] "GET /self.logs/error.log.2018-08-10.gz HTTP/1.1" 200 6903 "-" "Mozilla/5.0 (compatible; AhrefsBot/7.0; +http://ahrefs.com/robot/)" 
106.120.136.2 - - [23/Sep/2021:19:26:53 -0700] "GET /bootstrap/img/favicon.ico HTTP/1.1" 200 713 "http://www.secrepo.com/" "Mozilla/5.0 (Macintosh; Intel Mac OS X 10_15_7) AppleWebKit/605.1.15 (KHTML, like Gecko) Version/14.1.2 Safari/605.1.15" 
114.119.154.14 - - [23/Sep/2021:19:27:23 -0700] "GET /self.logs/error.log.2019-12-17.gz HTTP/1.1" 200 937 "-" "Mozilla/5.0 (Linux; Android 7.0;) AppleWebKit/537.36 (KHTML, like Gecko) Mobile Safari/537.36 (compatible; PetalBot;+https://webmaster.petalsearch.com/site/petalbot)" 
51.222.253.7 - - [23/Sep/2021:19:29:38 -0700] "GET /self.logs/error.log.2018-06-20.gz HTTP/1.1" 200 6352 "-" "Mozilla/5.0 (compatible; AhrefsBot/7.0; +http://ahrefs.com/robot/)" 
52.212.146.96 - - [23/Sep/2021:19:30:03 -0700] "GET /self.logs/access.log.2021-09-17.gz HTTP/1.1" 200 15154 "-" "python-requests/2.12.1" 
64.233.172.80 - - [23/Sep/2021:19:30:58 -0700] "GET / HTTP/1.1" 301 475 "-" "Mozilla/5.0 (X11; Linux x86_64) AppleWebKit/537.36 (KHTML, like Gecko) Chrome/49.0.2623.75 Safari/537.36 Google Favicon" 
64.233.172.32 - - [23/Sep/2021:19:30:58 -0700] "GET / HTTP/1.1" 200 12883 "-" "Mozilla/5.0 (X11; Linux x86_64) AppleWebKit/537.36 (KHTML, like Gecko) Chrome/49.0.2623.75 Safari/537.36 Google Favicon" 
64.233.172.63 - - [23/Sep/2021:19:30:58 -0700] "GET /bootstrap/img/favicon.ico HTTP/1.1" 200 713 "-" "Mozilla/5.0 (X11; Linux x86_64) AppleWebKit/537.36 (KHTML, like Gecko) Chrome/49.0.2623.75 Safari/537.36 Google Favicon" 
51.222.253.16 - - [23/Sep/2021:19:32:35 -0700] "GET /self.logs/error.log.2018-12-24.gz HTTP/1.1" 200 2647 "-" "Mozilla/5.0 (compatible; AhrefsBot/7.0; +http://ahrefs.com/robot/)" 
114.119.154.155 - - [23/Sep/2021:19:33:09 -0700] "GET /self.logs/error.log.2017-02-13.gz HTTP/1.1" 200 1132 "-" "Mozilla/5.0 (Linux; Android 7.0;) AppleWebKit/537.36 (KHTML, like Gecko) Mobile Safari/537.36 (compatible; PetalBot;+https://webmaster.petalsearch.com/site/petalbot)" 
51.222.253.6 - - [23/Sep/2021:19:35:20 -0700] "GET /self.logs/error.log.2019-12-22 HTTP/1.1" 200 307 "-" "Mozilla/5.0 (compatible; AhrefsBot/7.0; +http://ahrefs.com/robot/)" 
51.222.253.11 - - [23/Sep/2021:19:38:08 -0700] "GET /self.logs/error.log.2017-10-03.gz HTTP/1.1" 200 2864 "-" "Mozilla/5.0 (compatible; AhrefsBot/7.0; +http://ahrefs.com/robot/)" 
213.136.92.122 - - [23/Sep/2021:19:39:10 -0700] "GET /robots.txt HTTP/1.1" 200 377 "-" "Mozilla/5.0 (compatible; MJ12bot/v1.4.8; http://mj12bot.com/)" 
213.136.92.122 - - [23/Sep/2021:19:39:37 -0700] "GET /self.logs/error.log.2020-11-03 HTTP/1.1" 200 307 "-" "Mozilla/5.0 (compatible; MJ12bot/v1.4.8; http://mj12bot.com/)" 
213.136.92.122 - - [23/Sep/2021:19:40:10 -0700] "GET /self.logs/error.log.2020-11-04 HTTP/1.1" 200 307 "-" "Mozilla/5.0 (compatible; MJ12bot/v1.4.8; http://mj12bot.com/)" 
36.112.86.10 - - [23/Sep/2021:19:40:23 -0700] "GET /favicon.ico HTTP/1.1" 304 261 "-" "Mozilla/5.0 (Windows NT 10.0; WOW64) AppleWebKit/537.36 (KHTML, like Gecko) Chrome/86.0.4240.198 Safari/537.36" 
213.136.92.122 - - [23/Sep/2021:19:40:53 -0700] "GET /self.logs/error.log.2021-01-22 HTTP/1.1" 200 1641 "-" "Mozilla/5.0 (compatible; MJ12bot/v1.4.8; http://mj12bot.com/)" 
51.222.253.4 - - [23/Sep/2021:19:40:58 -0700] "GET /self.logs/error.log.2019-06-27.gz HTTP/1.1" 200 1659 "-" "Mozilla/5.0 (compatible; AhrefsBot/7.0; +http://ahrefs.com/robot/)" 
123.183.224.116 - - [23/Sep/2021:19:41:36 -0700] "GET / HTTP/1.1" 301 438 "-" "Sogou web spider/4.0(+http://www.sogou.com/docs/help/webmasters.htm#07)" 
51.222.253.4 - - [23/Sep/2021:19:43:52 -0700] "GET /self.logs/access.log.2019-08-28.gz HTTP/1.1" 200 23043 "-" "Mozilla/5.0 (compatible; AhrefsBot/7.0; +http://ahrefs.com/robot/)" 
114.119.154.124 - - [23/Sep/2021:19:44:42 -0700] "GET /self.logs/2015/access.log.2015-07-22.gz HTTP/1.1" 200 4741 "-" "Mozilla/5.0 (Linux; Android 7.0;) AppleWebKit/537.36 (KHTML, like Gecko) Mobile Safari/537.36 (compatible; PetalBot;+https://webmaster.petalsearch.com/site/petalbot)" 
51.222.253.17 - - [23/Sep/2021:19:46:29 -0700] "GET /self.logs/error.log.2018-06-01.gz HTTP/1.1" 200 5012 "-" "Mozilla/5.0 (compatible; AhrefsBot/7.0; +http://ahrefs.com/robot/)" 
135.181.107.75 - - [23/Sep/2021:19:46:32 -0700] "GET / HTTP/1.1" 301 438 "-" "Mozilla/5.0 (Windows; U; Windows NT 5.1; en-US; rv:1.8.1.6) Gecko/20070725 Firefox/2.0.0.6" 
135.181.107.75 - - [23/Sep/2021:19:46:34 -0700] "GET / HTTP/1.1" 200 48027 "-" "Mozilla/5.0 (Windows; U; Windows NT 5.1; en-US; rv:1.8.1.6) Gecko/20070725 Firefox/2.0.0.6" 
51.222.253.9 - - [23/Sep/2021:19:49:43 -0700] "GET /self.logs/error.log.2019-01-20.gz HTTP/1.1" 200 5413 "-" "Mozilla/5.0 (compatible; AhrefsBot/7.0; +http://ahrefs.com/robot/)" 
123.125.109.112 - - [23/Sep/2021:19:49:45 -0700] "GET / HTTP/1.1" 200 12846 "-" "Sogou web spider/4.0(+http://www.sogou.com/docs/help/webmasters.htm#07)" 
120.35.33.12 - - [23/Sep/2021:19:52:00 -0700] "GET /auth.log/auth.log.gz HTTP/1.1" 200 615679 "https://link.csdn.net/?target=http%3A%2F%2Fwww.secrepo.com%2Fauth.log%2Fauth.log.gz" "Mozilla/5.0 (Windows NT 10.0; Win64; x64; rv:92.0) Gecko/20100101 Firefox/92.0" 
120.35.33.12 - - [23/Sep/2021:19:52:07 -0700] "GET /auth.log/auth.log.gz HTTP/1.1" 200 615679 "https://link.csdn.net/?target=http%3A%2F%2Fwww.secrepo.com%2Fauth.log%2Fauth.log.gz" "Mozilla/5.0 (Windows NT 10.0; Win64; x64; rv:92.0) Gecko/20100101 Firefox/92.0" 
51.222.253.2 - - [23/Sep/2021:19:52:36 -0700] "GET /self.logs/error.log.2020-06-15 HTTP/1.1" 200 307 "-" "Mozilla/5.0 (compatible; AhrefsBot/7.0; +http://ahrefs.com/robot/)" 
116.203.88.140 - - [23/Sep/2021:19:53:07 -0700] "GET / HTTP/1.1" 200 48027 "-" "Mozilla/5.0 (Windows; U; Windows NT 5.1; en-US; rv:1.8.1.6) Gecko/20070725 Firefox/2.0.0.6" 
123.183.224.116 - - [23/Sep/2021:19:53:10 -0700] "GET / HTTP/1.1" 200 12846 "-" "Sogou web spider/4.0(+http://www.sogou.com/docs/help/webmasters.htm#07)" 
51.222.253.13 - - [23/Sep/2021:19:55:27 -0700] "GET /self.logs/error.log.2017-03-04.gz HTTP/1.1" 200 1276 "-" "Mozilla/5.0 (compatible; AhrefsBot/7.0; +http://ahrefs.com/robot/)" 
51.222.253.10 - - [23/Sep/2021:19:58:21 -0700] "GET /self.logs/access.log.2017-07-14.gz HTTP/1.1" 200 21412 "-" "Mozilla/5.0 (compatible; AhrefsBot/7.0; +http://ahrefs.com/robot/)" 
51.222.253.7 - - [23/Sep/2021:20:01:15 -0700] "GET /self.logs/error.log.2017-06-03.gz HTTP/1.1" 200 894 "-" "Mozilla/5.0 (compatible; AhrefsBot/7.0; +http://ahrefs.com/robot/)" 
51.222.253.10 - - [23/Sep/2021:20:03:59 -0700] "GET /self.logs/access.log.2018-02-26.gz HTTP/1.1" 200 33155 "-" "Mozilla/5.0 (compatible; AhrefsBot/7.0; +http://ahrefs.com/robot/)" 
51.222.253.10 - - [23/Sep/2021:20:06:45 -0700] "GET /self.logs/access.log.2020-04-02.gz HTTP/1.1" 200 20237 "-" "Mozilla/5.0 (compatible; AhrefsBot/7.0; +http://ahrefs.com/robot/)" 
118.189.138.35 - - [23/Sep/2021:20:07:54 -0700] "GET / HTTP/1.1" 200 12880 "https://www.reddit.com/" "Mozilla/5.0 (Windows NT 10.0; Win64; x64) AppleWebKit/537.36 (KHTML, like Gecko) Chrome/93.0.4577.82 Safari/537.36" 
118.189.138.35 - - [23/Sep/2021:20:07:54 -0700] "GET /css/style.css HTTP/1.1" 404 328 "http://www.secrepo.com/" "Mozilla/5.0 (Windows NT 10.0; Win64; x64) AppleWebKit/537.36 (KHTML, like Gecko) Chrome/93.0.4577.82 Safari/537.36" 
118.189.138.35 - - [23/Sep/2021:20:07:59 -0700] "GET /twitter-icon.png HTTP/1.1" 200 27916 "http://www.secrepo.com/" "Mozilla/5.0 (Windows NT 10.0; Win64; x64) AppleWebKit/537.36 (KHTML, like Gecko) Chrome/93.0.4577.82 Safari/537.36" 
118.189.138.35 - - [23/Sep/2021:20:08:00 -0700] "GET /GitHub-Mark.png HTTP/1.1" 200 7533 "http://www.secrepo.com/" "Mozilla/5.0 (Windows NT 10.0; Win64; x64) AppleWebKit/537.36 (KHTML, like Gecko) Chrome/93.0.4577.82 Safari/537.36" 
118.189.138.35 - - [23/Sep/2021:20:08:06 -0700] "GET /bootstrap/img/favicon.ico HTTP/1.1" 200 713 "http://www.secrepo.com/" "Mozilla/5.0 (Windows NT 10.0; Win64; x64) AppleWebKit/537.36 (KHTML, like Gecko) Chrome/93.0.4577.82 Safari/537.36" 
118.189.138.35 - - [23/Sep/2021:20:09:18 -0700] "GET /squid/access.log.gz HTTP/1.1" 200 23100671 "http://www.secrepo.com/" "Mozilla/5.0 (Windows NT 10.0; Win64; x64) AppleWebKit/537.36 (KHTML, like Gecko) Chrome/93.0.4577.82 Safari/537.36" 
51.222.253.15 - - [23/Sep/2021:20:09:32 -0700] "GET /self.logs/access.log.2017-07-01.gz HTTP/1.1" 200 12642 "-" "Mozilla/5.0 (compatible; AhrefsBot/7.0; +http://ahrefs.com/robot/)" 
118.189.138.35 - - [23/Sep/2021:20:09:42 -0700] "GET / HTTP/1.1" 200 12880 "-" "Mozilla/5.0 (X11; Linux x86_64; rv:78.0) Gecko/20100101 Firefox/78.0" 
118.189.138.35 - - [23/Sep/2021:20:09:44 -0700] "GET /css/style.css HTTP/1.1" 404 328 "http://www.secrepo.com/" "Mozilla/5.0 (X11; Linux x86_64; rv:78.0) Gecko/20100101 Firefox/78.0" 
118.189.138.35 - - [23/Sep/2021:20:09:44 -0700] "GET /twitter-icon.png HTTP/1.1" 200 27893 "http://www.secrepo.com/" "Mozilla/5.0 (X11; Linux x86_64; rv:78.0) Gecko/20100101 Firefox/78.0" 
118.189.138.35 - - [23/Sep/2021:20:09:45 -0700] "GET /GitHub-Mark.png HTTP/1.1" 200 7556 "http://www.secrepo.com/" "Mozilla/5.0 (X11; Linux x86_64; rv:78.0) Gecko/20100101 Firefox/78.0" 
118.189.138.35 - - [23/Sep/2021:20:09:45 -0700] "GET /bootstrap/img/favicon.ico HTTP/1.1" 200 690 "-" "Mozilla/5.0 (X11; Linux x86_64; rv:78.0) Gecko/20100101 Firefox/78.0" 
118.189.138.35 - - [23/Sep/2021:20:10:15 -0700] "GET /squid/access.log.gz HTTP/1.1" 200 23100671 "http://www.secrepo.com/" "Mozilla/5.0 (X11; Linux x86_64; rv:78.0) Gecko/20100101 Firefox/78.0" 
118.189.138.35 - - [23/Sep/2021:20:11:39 -0700] "GET /bootstrap/img/favicon.ico HTTP/1.1" 200 713 "-" "Mozilla/5.0 (Windows NT 10.0; Win64; x64) AppleWebKit/537.36 (KHTML, like Gecko) Chrome/93.0.4577.82 Safari/537.36" 
118.189.138.35 - - [23/Sep/2021:20:12:04 -0700] "GET / HTTP/1.1" 200 12880 "-" "Mozilla/5.0 (X11; Linux x86_64; rv:78.0) Gecko/20100101 Firefox/78.0" 
118.189.138.35 - - [23/Sep/2021:20:12:04 -0700] "GET /css/style.css HTTP/1.1" 404 328 "http://www.secrepo.com/" "Mozilla/5.0 (X11; Linux x86_64; rv:78.0) Gecko/20100101 Firefox/78.0" 
118.189.138.35 - - [23/Sep/2021:20:12:07 -0700] "GET /GitHub-Mark.png HTTP/1.1" 200 7556 "http://www.secrepo.com/" "Mozilla/5.0 (X11; Linux x86_64; rv:78.0) Gecko/20100101 Firefox/78.0" 
118.189.138.35 - - [23/Sep/2021:20:12:07 -0700] "GET /twitter-icon.png HTTP/1.1" 200 27916 "http://www.secrepo.com/" "Mozilla/5.0 (X11; Linux x86_64; rv:78.0) Gecko/20100101 Firefox/78.0" 
118.189.138.35 - - [23/Sep/2021:20:12:07 -0700] "GET /bootstrap/img/favicon.ico HTTP/1.1" 200 690 "-" "Mozilla/5.0 (X11; Linux x86_64; rv:78.0) Gecko/20100101 Firefox/78.0" 
51.222.253.16 - - [23/Sep/2021:20:12:23 -0700] "GET /self.logs/error.log.2018-05-11.gz HTTP/1.1" 200 11209 "-" "Mozilla/5.0 (compatible; AhrefsBot/7.0; +http://ahrefs.com/robot/)" 
17.121.114.60 - - [23/Sep/2021:20:13:29 -0700] "GET /robots.txt HTTP/1.1" 200 333 "-" "Mozilla/5.0 (Macintosh; Intel Mac OS X 10_15_5) AppleWebKit/605.1.15 (KHTML, like Gecko) Version/13.1.1 Safari/605.1.15 (Applebot/0.1; +http://www.apple.com/go/applebot)" 
17.121.114.60 - - [23/Sep/2021:20:13:29 -0700] "GET / HTTP/1.1" 200 12802 "-" "Mozilla/5.0 (Macintosh; Intel Mac OS X 10_15_5) AppleWebKit/605.1.15 (KHTML, like Gecko) Version/13.1.1 Safari/605.1.15 (Applebot/0.1; +http://www.apple.com/go/applebot)" 
114.119.154.155 - - [23/Sep/2021:20:13:32 -0700] "GET /self.logs/error.log.2019-01-02.gz HTTP/1.1" 200 5239 "-" "Mozilla/5.0 (Linux; Android 7.0;) AppleWebKit/537.36 (KHTML, like Gecko) Mobile Safari/537.36 (compatible; PetalBot;+https://webmaster.petalsearch.com/site/petalbot)" 
51.222.253.7 - - [23/Sep/2021:20:15:17 -0700] "GET /self.logs/error.log.2018-05-10.gz HTTP/1.1" 200 3949 "-" "Mozilla/5.0 (compatible; AhrefsBot/7.0; +http://ahrefs.com/robot/)" 
51.222.253.19 - - [23/Sep/2021:20:18:04 -0700] "GET /self.logs/access.log.2018-08-18.gz HTTP/1.1" 200 18010 "-" "Mozilla/5.0 (compatible; AhrefsBot/7.0; +http://ahrefs.com/robot/)" 
177.240.181.52 - - [23/Sep/2021:20:18:33 -0700] "GET / HTTP/1.1" 200 12881 "-" "Mozilla/5.0 (iPhone; CPU iPhone OS 14_7_1 like Mac OS X) AppleWebKit/605.1.15 (KHTML, like Gecko) Version/14.1.2 Mobile/15E148 Safari/604.1" 
177.240.181.52 - - [23/Sep/2021:20:18:33 -0700] "GET /css/style.css HTTP/1.1" 404 305 "http://www.secrepo.com/" "Mozilla/5.0 (iPhone; CPU iPhone OS 14_7_1 like Mac OS X) AppleWebKit/605.1.15 (KHTML, like Gecko) Version/14.1.2 Mobile/15E148 Safari/604.1" 
177.240.181.52 - - [23/Sep/2021:20:18:34 -0700] "GET /twitter-icon.png HTTP/1.1" 200 27916 "http://www.secrepo.com/" "Mozilla/5.0 (iPhone; CPU iPhone OS 14_7_1 like Mac OS X) AppleWebKit/605.1.15 (KHTML, like Gecko) Version/14.1.2 Mobile/15E148 Safari/604.1" 
177.240.181.52 - - [23/Sep/2021:20:18:34 -0700] "GET /GitHub-Mark.png HTTP/1.1" 200 7556 "http://www.secrepo.com/" "Mozilla/5.0 (iPhone; CPU iPhone OS 14_7_1 like Mac OS X) AppleWebKit/605.1.15 (KHTML, like Gecko) Version/14.1.2 Mobile/15E148 Safari/604.1" 
51.222.253.14 - - [23/Sep/2021:20:21:17 -0700] "GET /self.logs/access.log.2017-06-09.gz HTTP/1.1" 200 26500 "-" "Mozilla/5.0 (compatible; AhrefsBot/7.0; +http://ahrefs.com/robot/)" 
51.222.253.6 - - [23/Sep/2021:20:24:17 -0700] "GET /self.logs/access.log.2017-12-10.gz HTTP/1.1" 200 21656 "-" "Mozilla/5.0 (compatible; AhrefsBot/7.0; +http://ahrefs.com/robot/)" 
114.119.154.113 - - [23/Sep/2021:20:25:09 -0700] "GET /self.logs/error.log.2017-05-10.gz HTTP/1.1" 200 1211 "-" "Mozilla/5.0 (Linux; Android 7.0;) AppleWebKit/537.36 (KHTML, like Gecko) Mobile Safari/537.36 (compatible; PetalBot;+https://webmaster.petalsearch.com/site/petalbot)" 
51.222.253.5 - - [23/Sep/2021:20:33:25 -0700] "GET /self.logs/error.log.2019-04-17.gz HTTP/1.1" 200 4580 "-" "Mozilla/5.0 (compatible; AhrefsBot/7.0; +http://ahrefs.com/robot/)" 
114.119.154.11 - - [23/Sep/2021:20:37:00 -0700] "GET /self.logs/2015/access.log.2015-08-17.gz HTTP/1.1" 200 6670 "-" "Mozilla/5.0 (Linux; Android 7.0;) AppleWebKit/537.36 (KHTML, like Gecko) Mobile Safari/537.36 (compatible; PetalBot;+https://webmaster.petalsearch.com/site/petalbot)" 
51.222.253.4 - - [23/Sep/2021:20:45:23 -0700] "GET /self.logs/error.log.2018-06-12.gz HTTP/1.1" 200 8087 "-" "Mozilla/5.0 (compatible; AhrefsBot/7.0; +http://ahrefs.com/robot/)" 
183.236.19.240 - - [23/Sep/2021:20:45:43 -0700] "GET /favicon.ico HTTP/1.1" 200 391 "-" "XMURP/1.0" 
114.119.154.161 - - [23/Sep/2021:20:48:28 -0700] "GET /self.logs/2015/access.log.2015-09-21.gz HTTP/1.1" 200 5577 "-" "Mozilla/5.0 (Linux; Android 7.0;) AppleWebKit/537.36 (KHTML, like Gecko) Mobile Safari/537.36 (compatible; PetalBot;+https://webmaster.petalsearch.com/site/petalbot)" 
207.46.13.17 - - [23/Sep/2021:20:49:28 -0700] "GET /self.logs/error.log.2020-02-25 HTTP/1.1" 200 351 "-" "Mozilla/5.0 (compatible; bingbot/2.0; +http://www.bing.com/bingbot.htm)" 
182.150.165.160 - - [23/Sep/2021:20:54:32 -0700] "GET / HTTP/1.1" 200 12881 "-" "Mozilla/5.0 (Macintosh; Intel Mac OS X 10_15_7) AppleWebKit/605.1.15 (KHTML, like Gecko)" 
182.150.165.160 - - [23/Sep/2021:20:54:33 -0700] "GET /apple-touch-icon-precomposed.png HTTP/1.1" 404 328 "-" "Safari%E6%B5%8F%E8%A7%88%E5%99%A8/16612.1.29.41.4 CFNetwork/1240.0.4 Darwin/20.6.0" 
182.150.165.160 - - [23/Sep/2021:20:54:33 -0700] "GET /apple-touch-icon.png HTTP/1.1" 404 305 "-" "Safari%E6%B5%8F%E8%A7%88%E5%99%A8/16612.1.29.41.4 CFNetwork/1240.0.4 Darwin/20.6.0" 
182.150.165.160 - - [23/Sep/2021:20:54:34 -0700] "GET /bootstrap/img/favicon.ico HTTP/1.1" 200 690 "-" "Safari%E6%B5%8F%E8%A7%88%E5%99%A8/16612.1.29.41.4 CFNetwork/1240.0.4 Darwin/20.6.0" 
182.150.165.160 - - [23/Sep/2021:20:54:34 -0700] "GET / HTTP/1.1" 200 12881 "-" "Mozilla/5.0 (iPhone; CPU iPhone OS 14_0 like Mac OS X) AppleWebKit/605.1.15 (KHTML, like Gecko) Version/14.0 Mobile/15E148 Safari/604.1" 
182.150.165.160 - - [23/Sep/2021:20:54:35 -0700] "GET /apple-touch-icon-precomposed.png HTTP/1.1" 404 305 "-" "Safari%E6%B5%8F%E8%A7%88%E5%99%A8/16612.1.29.41.4 CFNetwork/1240.0.4 Darwin/20.6.0" 
182.150.165.160 - - [23/Sep/2021:20:54:35 -0700] "GET /apple-touch-icon.png HTTP/1.1" 404 305 "-" "Safari%E6%B5%8F%E8%A7%88%E5%99%A8/16612.1.29.41.4 CFNetwork/1240.0.4 Darwin/20.6.0" 
51.222.253.17 - - [23/Sep/2021:20:57:39 -0700] "GET /self.logs/error.log.2017-08-23.gz HTTP/1.1" 200 844 "-" "Mozilla/5.0 (compatible; AhrefsBot/7.0; +http://ahrefs.com/robot/)" 
114.119.154.161 - - [23/Sep/2021:21:00:03 -0700] "GET /self.logs/access.log.2018-04-30.gz HTTP/1.1" 200 16931 "-" "Mozilla/5.0 (Linux; Android 7.0;) AppleWebKit/537.36 (KHTML, like Gecko) Mobile Safari/537.36 (compatible; PetalBot;+https://webmaster.petalsearch.com/site/petalbot)" 
51.222.253.8 - - [23/Sep/2021:21:00:36 -0700] "GET /self.logs/error.log.2018-04-14.gz HTTP/1.1" 200 4174 "-" "Mozilla/5.0 (compatible; AhrefsBot/7.0; +http://ahrefs.com/robot/)" 
51.222.253.13 - - [23/Sep/2021:21:03:46 -0700] "GET /self.logs/access.log.2019-02-21.gz HTTP/1.1" 200 24342 "-" "Mozilla/5.0 (compatible; AhrefsBot/7.0; +http://ahrefs.com/robot/)" 
51.222.253.7 - - [23/Sep/2021:21:06:53 -0700] "GET /self.logs/access.log.2017-09-12.gz HTTP/1.1" 200 21474 "-" "Mozilla/5.0 (compatible; AhrefsBot/7.0; +http://ahrefs.com/robot/)" 
176.9.137.17 - - [23/Sep/2021:21:09:25 -0700] "GET / HTTP/1.1" 200 12838 "-" "Mozilla/5.0 (compatible; MegaIndex.ru/2.0; +http://megaindex.com/crawler)" 
176.9.137.17 - - [23/Sep/2021:21:09:28 -0700] "GET /robots.txt HTTP/1.1" 200 333 "-" "Mozilla/5.0 (compatible; MegaIndex.ru/2.0; +http://megaindex.com/crawler)" 
51.222.253.20 - - [23/Sep/2021:21:10:05 -0700] "GET /self.logs/error.log.2019-10-26.gz HTTP/1.1" 200 1186 "-" "Mozilla/5.0 (compatible; AhrefsBot/7.0; +http://ahrefs.com/robot/)" 
211.20.17.50 - - [23/Sep/2021:21:10:41 -0700] "GET / HTTP/1.1" 200 12882 "-" "Mozilla/5.0 (Windows NT 10.0; Win64; x64) AppleWebKit/537.36 (KHTML, like Gecko) Chrome/94.0.4606.54 Safari/537.36" 
211.20.17.50 - - [23/Sep/2021:21:10:41 -0700] "GET /css/style.css HTTP/1.1" 404 305 "http://www.secrepo.com/" "Mozilla/5.0 (Windows NT 10.0; Win64; x64) AppleWebKit/537.36 (KHTML, like Gecko) Chrome/94.0.4606.54 Safari/537.36" 
211.20.17.50 - - [23/Sep/2021:21:10:41 -0700] "GET /twitter-icon.png HTTP/1.1" 200 27916 "http://www.secrepo.com/" "Mozilla/5.0 (Windows NT 10.0; Win64; x64) AppleWebKit/537.36 (KHTML, like Gecko) Chrome/94.0.4606.54 Safari/537.36" 
211.20.17.50 - - [23/Sep/2021:21:10:41 -0700] "GET /GitHub-Mark.png HTTP/1.1" 200 7533 "http://www.secrepo.com/" "Mozilla/5.0 (Windows NT 10.0; Win64; x64) AppleWebKit/537.36 (KHTML, like Gecko) Chrome/94.0.4606.54 Safari/537.36" 
211.20.17.50 - - [23/Sep/2021:21:10:41 -0700] "GET /bootstrap/img/favicon.ico HTTP/1.1" 200 713 "http://www.secrepo.com/" "Mozilla/5.0 (Windows NT 10.0; Win64; x64) AppleWebKit/537.36 (KHTML, like Gecko) Chrome/94.0.4606.54 Safari/537.36" 
51.222.253.14 - - [23/Sep/2021:21:13:05 -0700] "GET /self.logs/error.log.2017-12-04.gz HTTP/1.1" 200 1667 "-" "Mozilla/5.0 (compatible; AhrefsBot/7.0; +http://ahrefs.com/robot/)" 
51.222.253.19 - - [23/Sep/2021:21:16:05 -0700] "GET /self.logs/error.log.2017-04-06.gz HTTP/1.1" 200 2592 "-" "Mozilla/5.0 (compatible; AhrefsBot/7.0; +http://ahrefs.com/robot/)" 
114.119.154.161 - - [23/Sep/2021:21:17:50 -0700] "GET /self.logs/error.log.2019-10-17.gz HTTP/1.1" 200 818 "-" "Mozilla/5.0 (Linux; Android 7.0;) AppleWebKit/537.36 (KHTML, like Gecko) Mobile Safari/537.36 (compatible; PetalBot;+https://webmaster.petalsearch.com/site/petalbot)" 
51.222.253.18 - - [23/Sep/2021:21:19:08 -0700] "GET /self.logs/error.log.2017-05-19.gz HTTP/1.1" 200 1034 "-" "Mozilla/5.0 (compatible; AhrefsBot/7.0; +http://ahrefs.com/robot/)" 
51.222.253.14 - - [23/Sep/2021:21:22:23 -0700] "GET /self.logs/error.log.2017-09-15.gz HTTP/1.1" 200 1786 "-" "Mozilla/5.0 (compatible; AhrefsBot/7.0; +http://ahrefs.com/robot/)" 
114.119.154.135 - - [23/Sep/2021:21:23:49 -0700] "GET /self.logs/error.log.2020-09-08 HTTP/1.1" 200 351 "-" "Mozilla/5.0 (Linux; Android 7.0;) AppleWebKit/537.36 (KHTML, like Gecko) Mobile Safari/537.36 (compatible; PetalBot;+https://webmaster.petalsearch.com/site/petalbot)" 
51.222.253.7 - - [23/Sep/2021:21:25:30 -0700] "GET /self.logs/error.log.2017-02-18.gz HTTP/1.1" 200 889 "-" "Mozilla/5.0 (compatible; AhrefsBot/7.0; +http://ahrefs.com/robot/)" 
51.222.253.9 - - [23/Sep/2021:21:28:37 -0700] "GET /self.logs/access.log.2018-06-05.gz HTTP/1.1" 200 20850 "-" "Mozilla/5.0 (compatible; AhrefsBot/7.0; +http://ahrefs.com/robot/)" 
114.119.154.161 - - [23/Sep/2021:21:29:49 -0700] "GET /self.logs/access.log.2019-09-06.gz HTTP/1.1" 200 23635 "-" "Mozilla/5.0 (Linux; Android 7.0;) AppleWebKit/537.36 (KHTML, like Gecko) Mobile Safari/537.36 (compatible; PetalBot;+https://webmaster.petalsearch.com/site/petalbot)" 
51.222.253.9 - - [23/Sep/2021:21:31:47 -0700] "GET /self.logs/error.log.2018-11-03.gz HTTP/1.1" 200 7244 "-" "Mozilla/5.0 (compatible; AhrefsBot/7.0; +http://ahrefs.com/robot/)" 
83.229.107.166 - - [23/Sep/2021:21:33:48 -0700] "GET / HTTP/1.1" 200 12882 "-" "Mozilla/5.0 (Windows NT 10.0; Win64; x64) AppleWebKit/537.36 (KHTML, like Gecko) Chrome/79.0.3945.74 Safari/537.36 Edg/79.0.309.43" 
51.81.71.222 - - [23/Sep/2021:21:33:50 -0700] "GET / HTTP/1.1" 200 12845 "-" "Mozilla/5.0 (Windows NT 10.0; Win64; x64) AppleWebKit/537.36 (KHTML, like Gecko) Chrome/88.0.4324.96 Safari/537.36" 
51.222.253.18 - - [23/Sep/2021:21:34:51 -0700] "GET /self.logs/access.log.2017-12-02.gz HTTP/1.1" 200 15305 "-" "Mozilla/5.0 (compatible; AhrefsBot/7.0; +http://ahrefs.com/robot/)" 
114.119.154.11 - - [23/Sep/2021:21:35:52 -0700] "GET /self.logs/error.log.2018-11-25.gz HTTP/1.1" 200 3891 "-" "Mozilla/5.0 (Linux; Android 7.0;) AppleWebKit/537.36 (KHTML, like Gecko) Mobile Safari/537.36 (compatible; PetalBot;+https://webmaster.petalsearch.com/site/petalbot)" 
85.208.98.53 - - [23/Sep/2021:21:36:21 -0700] "GET /robots.txt HTTP/1.1" 200 377 "-" "Apache-HttpClient/4.5.3 (Java/11.0.11)" 
51.222.253.15 - - [23/Sep/2021:21:37:34 -0700] "GET /self.logs/access.log.2020-01-26.gz HTTP/1.1" 200 9878 "-" "Mozilla/5.0 (compatible; AhrefsBot/7.0; +http://ahrefs.com/robot/)" 
51.222.253.17 - - [23/Sep/2021:21:39:44 -0700] "GET /self.logs/access.log.2019-08-14.gz HTTP/1.1" 200 32846 "-" "Mozilla/5.0 (compatible; AhrefsBot/7.0; +http://ahrefs.com/robot/)" 
51.222.253.1 - - [23/Sep/2021:21:45:28 -0700] "GET /self.logs/error.log.2018-08-30.gz HTTP/1.1" 200 5632 "-" "Mozilla/5.0 (compatible; AhrefsBot/7.0; +http://ahrefs.com/robot/)" 
114.119.154.13 - - [23/Sep/2021:21:47:46 -0700] "GET /self.logs/2015/error.log.2015-11-27.gz HTTP/1.1" 200 633 "-" "Mozilla/5.0 (Linux; Android 7.0;) AppleWebKit/537.36 (KHTML, like Gecko) Mobile Safari/537.36 (compatible; PetalBot;+https://webmaster.petalsearch.com/site/petalbot)" 
51.222.253.2 - - [23/Sep/2021:21:48:18 -0700] "GET /self.logs/error.log.2017-09-30.gz HTTP/1.1" 200 2092 "-" "Mozilla/5.0 (compatible; AhrefsBot/7.0; +http://ahrefs.com/robot/)" 
157.55.39.159 - - [23/Sep/2021:21:48:52 -0700] "GET /self.logs/access.log.2017-01-08.gz HTTP/1.1" 200 14947 "-" "Mozilla/5.0 (compatible; bingbot/2.0; +http://www.bing.com/bingbot.htm)" 
218.77.121.35 - - [23/Sep/2021:21:49:00 -0700] "GET / HTTP/1.1" 200 12845 "http://www.heetian.com/info/482" "Mozilla/5.0 (Windows NT 10.0; Win64; x64) AppleWebKit/537.36 (KHTML, like Gecko) Chrome/81.0.4044.92 Safari/537.36" 
51.222.253.18 - - [23/Sep/2021:21:50:50 -0700] "GET /self.logs/error.log.2019-01-26.gz HTTP/1.1" 200 5637 "-" "Mozilla/5.0 (compatible; AhrefsBot/7.0; +http://ahrefs.com/robot/)" 
51.222.253.11 - - [23/Sep/2021:21:53:35 -0700] "GET /self.logs/error.log.2019-09-25.gz HTTP/1.1" 200 972 "-" "Mozilla/5.0 (compatible; AhrefsBot/7.0; +http://ahrefs.com/robot/)" 
51.222.253.17 - - [23/Sep/2021:21:56:13 -0700] "GET /self.logs/error.log.2017-04-14.gz HTTP/1.1" 200 1256 "-" "Mozilla/5.0 (compatible; AhrefsBot/7.0; +http://ahrefs.com/robot/)" 
66.249.66.84 - - [23/Sep/2021:21:58:33 -0700] "GET /css/style.css HTTP/1.1" 404 328 "http://www.secrepo.com/" "Mozilla/5.0 (Linux; Android 6.0.1; Nexus 5X Build/MMB29P) AppleWebKit/537.36 (KHTML, like Gecko) Chrome/93.0.4577.82 Mobile Safari/537.36 (compatible; Googlebot/2.1; +http://www.google.com/bot.html)" 
51.222.253.11 - - [23/Sep/2021:21:58:53 -0700] "GET /self.logs/error.log.2019-04-15.gz HTTP/1.1" 200 4049 "-" "Mozilla/5.0 (compatible; AhrefsBot/7.0; +http://ahrefs.com/robot/)" 
114.119.154.161 - - [23/Sep/2021:21:59:36 -0700] "GET /self.logs/access.log.2018-02-26.gz HTTP/1.1" 200 33199 "-" "Mozilla/5.0 (Linux; Android 7.0;) AppleWebKit/537.36 (KHTML, like Gecko) Mobile Safari/537.36 (compatible; PetalBot;+https://webmaster.petalsearch.com/site/petalbot)" 
51.222.253.7 - - [23/Sep/2021:22:02:05 -0700] "GET /self.logs/access.log.2019-12-18.gz HTTP/1.1" 200 18815 "-" "Mozilla/5.0 (compatible; AhrefsBot/7.0; +http://ahrefs.com/robot/)" 
51.222.253.1 - - [23/Sep/2021:22:04:33 -0700] "GET /self.logs/access.log.2017-02-15.gz HTTP/1.1" 200 25175 "-" "Mozilla/5.0 (compatible; AhrefsBot/7.0; +http://ahrefs.com/robot/)" 
114.119.154.13 - - [23/Sep/2021:22:05:20 -0700] "GET /self.logs/error.log.2018-08-10.gz HTTP/1.1" 200 6947 "-" "Mozilla/5.0 (Linux; Android 7.0;) AppleWebKit/537.36 (KHTML, like Gecko) Mobile Safari/537.36 (compatible; PetalBot;+https://webmaster.petalsearch.com/site/petalbot)" 
51.222.253.4 - - [23/Sep/2021:22:07:13 -0700] "GET /self.logs/access.log.2020-09-04.gz HTTP/1.1" 200 10579 "-" "Mozilla/5.0 (compatible; AhrefsBot/7.0; +http://ahrefs.com/robot/)" 
51.222.253.7 - - [23/Sep/2021:22:09:51 -0700] "GET /self.logs/error.log.2020-07-16.gz HTTP/1.1" 200 984 "-" "Mozilla/5.0 (compatible; AhrefsBot/7.0; +http://ahrefs.com/robot/)" 
114.119.154.115 - - [23/Sep/2021:22:11:14 -0700] "GET /self.logs/2015/error.log.2015-01-20.gz HTTP/1.1" 200 1061 "-" "Mozilla/5.0 (Linux; Android 7.0;) AppleWebKit/537.36 (KHTML, like Gecko) Mobile Safari/537.36 (compatible; PetalBot;+https://webmaster.petalsearch.com/site/petalbot)" 
51.222.253.3 - - [23/Sep/2021:22:12:28 -0700] "GET /self.logs/access.log.2018-12-14.gz HTTP/1.1" 200 18634 "-" "Mozilla/5.0 (compatible; AhrefsBot/7.0; +http://ahrefs.com/robot/)" 
51.222.253.7 - - [23/Sep/2021:22:15:09 -0700] "GET /self.logs/error.log.2017-09-20.gz HTTP/1.1" 200 1824 "-" "Mozilla/5.0 (compatible; AhrefsBot/7.0; +http://ahrefs.com/robot/)" 
114.119.154.14 - - [23/Sep/2021:22:17:17 -0700] "GET /self.logs/access.log.2020-08-09.gz HTTP/1.1" 200 9673 "-" "Mozilla/5.0 (Linux; Android 7.0;) AppleWebKit/537.36 (KHTML, like Gecko) Mobile Safari/537.36 (compatible; PetalBot;+https://webmaster.petalsearch.com/site/petalbot)" 
51.222.253.10 - - [23/Sep/2021:22:17:42 -0700] "GET /self.logs/access.log.2019-12-07.gz HTTP/1.1" 200 13171 "-" "Mozilla/5.0 (compatible; AhrefsBot/7.0; +http://ahrefs.com/robot/)" 
51.222.253.4 - - [23/Sep/2021:22:20:17 -0700] "GET /self.logs/access.log.2019-12-31.gz HTTP/1.1" 200 18695 "-" "Mozilla/5.0 (compatible; AhrefsBot/7.0; +http://ahrefs.com/robot/)" 
51.222.253.2 - - [23/Sep/2021:22:22:45 -0700] "GET /self.logs/error.log.2017-01-27.gz HTTP/1.1" 200 1727 "-" "Mozilla/5.0 (compatible; AhrefsBot/7.0; +http://ahrefs.com/robot/)" 
112.17.99.6 - - [23/Sep/2021:22:23:55 -0700] "GET /favicon.ico HTTP/1.1" 304 261 "-" "Mozilla/5.0 (Windows NT 10.0; WOW64) AppleWebKit/537.36 (KHTML, like Gecko) Chrome/86.0.4240.198 Safari/537.36" 
51.222.253.4 - - [23/Sep/2021:22:25:15 -0700] "GET /self.logs/error.log.2017-12-28.gz HTTP/1.1" 200 2148 "-" "Mozilla/5.0 (compatible; AhrefsBot/7.0; +http://ahrefs.com/robot/)" 
207.46.13.121 - - [23/Sep/2021:22:27:10 -0700] "GET /self.logs/access.log.2018-01-31.gz HTTP/1.1" 200 37199 "-" "Mozilla/5.0 (compatible; bingbot/2.0; +http://www.bing.com/bingbot.htm)" 
51.222.253.7 - - [23/Sep/2021:22:27:54 -0700] "GET /self.logs/error.log.2019-10-23.gz HTTP/1.1" 200 1608 "-" "Mozilla/5.0 (compatible; AhrefsBot/7.0; +http://ahrefs.com/robot/)" 
114.119.154.161 - - [23/Sep/2021:22:28:44 -0700] "GET /self.logs/error.log.2020-09-07 HTTP/1.1" 200 351 "-" "Mozilla/5.0 (Linux; Android 7.0;) AppleWebKit/537.36 (KHTML, like Gecko) Mobile Safari/537.36 (compatible; PetalBot;+https://webmaster.petalsearch.com/site/petalbot)" 
51.222.253.13 - - [23/Sep/2021:22:30:29 -0700] "GET /self.logs/error.log.2019-08-13.gz HTTP/1.1" 200 1404 "-" "Mozilla/5.0 (compatible; AhrefsBot/7.0; +http://ahrefs.com/robot/)" 
51.222.253.17 - - [23/Sep/2021:22:33:14 -0700] "GET /self.logs/access.log.2019-08-26.gz HTTP/1.1" 200 19781 "-" "Mozilla/5.0 (compatible; AhrefsBot/7.0; +http://ahrefs.com/robot/)" 
114.119.154.161 - - [23/Sep/2021:22:34:34 -0700] "GET /self.logs/access.log.2021-01-18.gz HTTP/1.1" 200 20273 "-" "Mozilla/5.0 (Linux; Android 7.0;) AppleWebKit/537.36 (KHTML, like Gecko) Mobile Safari/537.36 (compatible; PetalBot;+https://webmaster.petalsearch.com/site/petalbot)" 
51.222.253.11 - - [23/Sep/2021:22:35:44 -0700] "GET /self.logs/access.log.2017-09-18.gz HTTP/1.1" 200 30079 "-" "Mozilla/5.0 (compatible; AhrefsBot/7.0; +http://ahrefs.com/robot/)" 
51.222.253.12 - - [23/Sep/2021:22:38:19 -0700] "GET /self.logs/error.log.2021-01-10.gz HTTP/1.1" 200 930 "-" "Mozilla/5.0 (compatible; AhrefsBot/7.0; +http://ahrefs.com/robot/)" 
51.222.253.17 - - [23/Sep/2021:22:40:54 -0700] "GET /self.logs/access.log.2018-04-15.gz HTTP/1.1" 200 17640 "-" "Mozilla/5.0 (compatible; AhrefsBot/7.0; +http://ahrefs.com/robot/)" 
51.222.253.7 - - [23/Sep/2021:22:43:29 -0700] "GET /self.logs/access.log.2018-05-21.gz HTTP/1.1" 200 22493 "-" "Mozilla/5.0 (compatible; AhrefsBot/7.0; +http://ahrefs.com/robot/)" 
51.222.253.8 - - [23/Sep/2021:22:46:02 -0700] "GET /self.logs/access.log.2019-11-06.gz HTTP/1.1" 200 53121 "-" "Mozilla/5.0 (compatible; AhrefsBot/7.0; +http://ahrefs.com/robot/)" 
114.119.154.11 - - [23/Sep/2021:22:46:02 -0700] "GET /self.logs/error.log.2020-02-05.gz HTTP/1.1" 200 1254 "-" "Mozilla/5.0 (Linux; Android 7.0;) AppleWebKit/537.36 (KHTML, like Gecko) Mobile Safari/537.36 (compatible; PetalBot;+https://webmaster.petalsearch.com/site/petalbot)" 
51.222.253.9 - - [23/Sep/2021:22:48:37 -0700] "GET /self.logs/error.log.2017-05-23.gz HTTP/1.1" 200 681 "-" "Mozilla/5.0 (compatible; AhrefsBot/7.0; +http://ahrefs.com/robot/)" 
51.222.253.16 - - [23/Sep/2021:22:51:17 -0700] "GET /self.logs/access.log.2019-12-03.gz HTTP/1.1" 200 40268 "-" "Mozilla/5.0 (compatible; AhrefsBot/7.0; +http://ahrefs.com/robot/)" 
114.119.154.161 - - [23/Sep/2021:22:51:51 -0700] "GET /self.logs/error.log.2019-04-17.gz HTTP/1.1" 200 4624 "-" "Mozilla/5.0 (Linux; Android 7.0;) AppleWebKit/537.36 (KHTML, like Gecko) Mobile Safari/537.36 (compatible; PetalBot;+https://webmaster.petalsearch.com/site/petalbot)" 
51.222.253.13 - - [23/Sep/2021:22:53:56 -0700] "GET /self.logs/error.log.2018-09-04.gz HTTP/1.1" 200 9669 "-" "Mozilla/5.0 (compatible; AhrefsBot/7.0; +http://ahrefs.com/robot/)" 
51.222.253.6 - - [23/Sep/2021:22:56:39 -0700] "GET /self.logs/access.log.2018-03-22.gz HTTP/1.1" 200 19110 "-" "Mozilla/5.0 (compatible; AhrefsBot/7.0; +http://ahrefs.com/robot/)" 
51.222.253.14 - - [23/Sep/2021:22:59:23 -0700] "GET /self.logs/error.log.2017-11-23.gz HTTP/1.1" 200 2275 "-" "Mozilla/5.0 (compatible; AhrefsBot/7.0; +http://ahrefs.com/robot/)" 
51.222.253.5 - - [23/Sep/2021:23:02:03 -0700] "GET /self.logs/access.log.2020-02-05.gz HTTP/1.1" 200 20001 "-" "Mozilla/5.0 (compatible; AhrefsBot/7.0; +http://ahrefs.com/robot/)" 
51.222.253.6 - - [23/Sep/2021:23:04:45 -0700] "GET /self.logs/access.log.2019-03-31.gz HTTP/1.1" 200 20176 "-" "Mozilla/5.0 (compatible; AhrefsBot/7.0; +http://ahrefs.com/robot/)" 
51.222.253.7 - - [23/Sep/2021:23:07:22 -0700] "GET /self.logs/access.log.2017-06-11.gz HTTP/1.1" 200 20291 "-" "Mozilla/5.0 (compatible; AhrefsBot/7.0; +http://ahrefs.com/robot/)" 
51.222.253.9 - - [23/Sep/2021:23:10:09 -0700] "GET /self.logs/access.log.2017-10-03.gz HTTP/1.1" 200 31382 "-" "Mozilla/5.0 (compatible; AhrefsBot/7.0; +http://ahrefs.com/robot/)" 
51.222.253.6 - - [23/Sep/2021:23:12:55 -0700] "GET /self.logs/error.log.2019-01-02.gz HTTP/1.1" 200 5195 "-" "Mozilla/5.0 (compatible; AhrefsBot/7.0; +http://ahrefs.com/robot/)" 
51.222.253.7 - - [23/Sep/2021:23:15:42 -0700] "GET /self.logs/access.log.2018-03-13.gz HTTP/1.1" 200 33551 "-" "Mozilla/5.0 (compatible; AhrefsBot/7.0; +http://ahrefs.com/robot/)" 
51.222.253.6 - - [23/Sep/2021:23:18:29 -0700] "GET /self.logs/access.log.2017-04-30.gz HTTP/1.1" 200 11936 "-" "Mozilla/5.0 (compatible; AhrefsBot/7.0; +http://ahrefs.com/robot/)" 
51.222.253.6 - - [23/Sep/2021:23:21:14 -0700] "GET /self.logs/access.log.2020-01-29.gz HTTP/1.1" 200 14217 "-" "Mozilla/5.0 (compatible; AhrefsBot/7.0; +http://ahrefs.com/robot/)" 
51.222.253.3 - - [23/Sep/2021:23:23:51 -0700] "GET /self.logs/access.log.2020-08-20.gz HTTP/1.1" 200 38856 "-" "Mozilla/5.0 (compatible; AhrefsBot/7.0; +http://ahrefs.com/robot/)" 
51.222.253.17 - - [23/Sep/2021:23:26:34 -0700] "GET /self.logs/access.log.2020-02-23.gz HTTP/1.1" 200 13647 "-" "Mozilla/5.0 (compatible; AhrefsBot/7.0; +http://ahrefs.com/robot/)" 
51.222.253.11 - - [23/Sep/2021:23:29:09 -0700] "GET /self.logs/access.log.2017-05-27.gz HTTP/1.1" 200 11949 "-" "Mozilla/5.0 (compatible; AhrefsBot/7.0; +http://ahrefs.com/robot/)" 
207.46.13.112 - - [23/Sep/2021:23:29:14 -0700] "GET /self.logs/access.log.2017-07-10.gz HTTP/1.1" 200 16938 "-" "Mozilla/5.0 (compatible; bingbot/2.0; +http://www.bing.com/bingbot.htm)" 
51.222.253.12 - - [23/Sep/2021:23:31:58 -0700] "GET /self.logs/access.log.2019-10-12.gz HTTP/1.1" 200 19008 "-" "Mozilla/5.0 (compatible; AhrefsBot/7.0; +http://ahrefs.com/robot/)" 
51.222.253.3 - - [23/Sep/2021:23:34:41 -0700] "GET /self.logs/access.log.2017-01-17.gz HTTP/1.1" 200 18449 "-" "Mozilla/5.0 (compatible; AhrefsBot/7.0; +http://ahrefs.com/robot/)" 
51.222.253.16 - - [23/Sep/2021:23:37:16 -0700] "GET /self.logs/error.log.2020-09-20 HTTP/1.1" 200 307 "-" "Mozilla/5.0 (compatible; AhrefsBot/7.0; +http://ahrefs.com/robot/)" 
51.222.253.11 - - [23/Sep/2021:23:39:50 -0700] "GET /self.logs/error.log.2017-11-15.gz HTTP/1.1" 200 1233 "-" "Mozilla/5.0 (compatible; AhrefsBot/7.0; +http://ahrefs.com/robot/)" 
51.222.253.18 - - [23/Sep/2021:23:42:41 -0700] "GET /self.logs/access.log.2018-04-18.gz HTTP/1.1" 200 20337 "-" "Mozilla/5.0 (compatible; AhrefsBot/7.0; +http://ahrefs.com/robot/)" 
114.119.154.14 - - [23/Sep/2021:23:43:09 -0700] "GET /self.logs/2015/access.log.2015-07-18.gz HTTP/1.1" 200 5276 "-" "Mozilla/5.0 (Linux; Android 7.0;) AppleWebKit/537.36 (KHTML, like Gecko) Mobile Safari/537.36 (compatible; PetalBot;+https://webmaster.petalsearch.com/site/petalbot)" 
123.183.224.116 - - [23/Sep/2021:23:44:26 -0700] "GET / HTTP/1.1" 301 438 "-" "Sogou web spider/4.0(+http://www.sogou.com/docs/help/webmasters.htm#07)" 
51.222.253.15 - - [23/Sep/2021:23:45:16 -0700] "GET /self.logs/access.log.2021-04-28.gz HTTP/1.1" 200 21485 "-" "Mozilla/5.0 (compatible; AhrefsBot/7.0; +http://ahrefs.com/robot/)" 
51.222.253.10 - - [23/Sep/2021:23:48:02 -0700] "GET /self.logs/access.log.2019-03-23.gz HTTP/1.1" 200 27667 "-" "Mozilla/5.0 (compatible; AhrefsBot/7.0; +http://ahrefs.com/robot/)" 
114.119.154.11 - - [23/Sep/2021:23:48:45 -0700] "GET /self.logs/error.log.2021-01-06.gz HTTP/1.1" 200 2525 "-" "Mozilla/5.0 (Linux; Android 7.0;) AppleWebKit/537.36 (KHTML, like Gecko) Mobile Safari/537.36 (compatible; PetalBot;+https://webmaster.petalsearch.com/site/petalbot)" 
123.125.109.112 - - [23/Sep/2021:23:49:46 -0700] "GET / HTTP/1.1" 200 12844 "-" "Sogou web spider/4.0(+http://www.sogou.com/docs/help/webmasters.htm#07)" 
51.222.253.3 - - [23/Sep/2021:23:50:48 -0700] "GET /self.logs/error.log.2019-07-30.gz HTTP/1.1" 200 1363 "-" "Mozilla/5.0 (compatible; AhrefsBot/7.0; +http://ahrefs.com/robot/)" 
123.183.224.116 - - [23/Sep/2021:23:52:03 -0700] "GET / HTTP/1.1" 200 12844 "-" "Sogou web spider/4.0(+http://www.sogou.com/docs/help/webmasters.htm#07)" 
171.99.152.186 - - [23/Sep/2021:23:53:23 -0700] "GET / HTTP/1.1" 200 12881 "-" "Mozilla/5.0 (Windows NT 10.0; Win64; x64) AppleWebKit/537.36 (KHTML, like Gecko) Chrome/93.0.4577.82 Safari/537.36" 
