157.55.39.3 - - [02/Mar/2021:15:14:33 -0800] "GET /self.logs/error.log.2020-05-16 HTTP/1.1" 301 535 "-" "Mozilla/5.0 (compatible; bingbot/2.0; +http://www.bing.com/bingbot.htm)" 
17.58.96.135 - - [02/Mar/2021:15:15:24 -0800] "GET /self.logs/error.log.2020-03-23 HTTP/1.1" 200 307 "-" "Mozilla/5.0 (Macintosh; Intel Mac OS X 10_15_5) AppleWebKit/605.1.15 (KHTML, like Gecko) Version/13.1.1 Safari/605.1.15 (Applebot/0.1; +http://www.apple.com/go/applebot)" 
114.119.141.53 - - [02/Mar/2021:15:15:56 -0800] "GET /self.logs/access.log.2019-08-28.gz HTTP/1.1" 200 23087 "-" "Mozilla/5.0 (Linux; Android 7.0;) AppleWebKit/537.36 (KHTML, like Gecko) Mobile Safari/537.36 (compatible; PetalBot;+https://aspiegel.com/petalbot)" 
13.66.139.1 - - [02/Mar/2021:15:17:32 -0800] "GET /robots.txt HTTP/1.1" 200 377 "-" "Mozilla/5.0 (compatible; bingbot/2.0; +http://www.bing.com/bingbot.htm)" 
13.66.139.0 - - [02/Mar/2021:15:18:13 -0800] "GET /self.logs/error.log.2018-05-17.gz HTTP/1.1" 304 280 "-" "Mozilla/5.0 (compatible; bingbot/2.0; +http://www.bing.com/bingbot.htm)" 
54.36.149.65 - - [02/Mar/2021:15:19:00 -0800] "GET /self.logs/access.log.2018-09-24.gz HTTP/1.1" 200 23526 "-" "Mozilla/5.0 (compatible; AhrefsBot/7.0; +http://ahrefs.com/robot/)" 
157.55.39.225 - - [02/Mar/2021:15:20:43 -0800] "GET /self.logs/access.log.2021-01-24.gz HTTP/1.1" 200 25861 "-" "Mozilla/5.0 (compatible; bingbot/2.0; +http://www.bing.com/bingbot.htm)" 
114.119.150.248 - - [02/Mar/2021:15:20:58 -0800] "GET /self.logs/access.log.2019-10-11.gz HTTP/1.1" 200 23032 "-" "Mozilla/5.0 (Linux; Android 7.0;) AppleWebKit/537.36 (KHTML, like Gecko) Mobile Safari/537.36 (compatible; PetalBot;+https://aspiegel.com/petalbot)" 
114.119.129.244 - - [02/Mar/2021:15:26:19 -0800] "GET /self.logs/error.log.2018-04-04.gz HTTP/1.1" 200 10334 "-" "Mozilla/5.0 (Linux; Android 7.0;) AppleWebKit/537.36 (KHTML, like Gecko) Mobile Safari/537.36 (compatible; PetalBot;+https://aspiegel.com/petalbot)" 
17.58.96.135 - - [02/Mar/2021:15:29:07 -0800] "GET /self.logs/error.log.2020-02-17 HTTP/1.1" 200 307 "-" "Mozilla/5.0 (Macintosh; Intel Mac OS X 10_15_5) AppleWebKit/605.1.15 (KHTML, like Gecko) Version/13.1.1 Safari/605.1.15 (Applebot/0.1; +http://www.apple.com/go/applebot)" 
114.119.160.195 - - [02/Mar/2021:15:31:01 -0800] "GET /self.logs/error.log.2017-09-15.gz HTTP/1.1" 200 1830 "-" "Mozilla/5.0 (Linux; Android 7.0;) AppleWebKit/537.36 (KHTML, like Gecko) Mobile Safari/537.36 (compatible; PetalBot;+https://aspiegel.com/petalbot)" 
114.119.140.190 - - [02/Mar/2021:15:36:01 -0800] "GET /self.logs/access.log.2017-05-06.gz HTTP/1.1" 200 21636 "-" "Mozilla/5.0 (Linux; Android 7.0;) AppleWebKit/537.36 (KHTML, like Gecko) Mobile Safari/537.36 (compatible; PetalBot;+https://aspiegel.com/petalbot)" 
114.119.152.245 - - [02/Mar/2021:15:41:03 -0800] "GET /self.logs/error.log.2020-03-17.gz HTTP/1.1" 200 1537 "-" "Mozilla/5.0 (Linux; Android 7.0;) AppleWebKit/537.36 (KHTML, like Gecko) Mobile Safari/537.36 (compatible; PetalBot;+https://aspiegel.com/petalbot)" 
185.191.171.10 - - [02/Mar/2021:15:41:45 -0800] "GET /robots.txt HTTP/1.1" 200 340 "-" "Mozilla/5.0 (compatible; SemrushBot/7~bl; +http://www.semrush.com/bot.html)" 
185.191.171.11 - - [02/Mar/2021:15:41:46 -0800] "GET /Datasets%20Description/HTML_Bro_log_1/weird.html HTTP/1.1" 200 1900 "-" "Mozilla/5.0 (compatible; SemrushBot/7~bl; +http://www.semrush.com/bot.html)" 
147.92.179.109 - - [02/Mar/2021:15:44:04 -0800] "GET /maccdc2012/conn.log.gz HTTP/1.1" 200 67160 "-" "facebookexternalhit/1.1;line-poker/1.0" 
114.119.153.237 - - [02/Mar/2021:15:46:05 -0800] "GET /self.logs/access.log.2019-10-05.gz HTTP/1.1" 200 13892 "-" "Mozilla/5.0 (Linux; Android 7.0;) AppleWebKit/537.36 (KHTML, like Gecko) Mobile Safari/537.36 (compatible; PetalBot;+https://aspiegel.com/petalbot)" 
114.119.153.237 - - [02/Mar/2021:15:51:07 -0800] "GET /self.logs/access.log.2018-05-13.gz HTTP/1.1" 200 21619 "-" "Mozilla/5.0 (Linux; Android 7.0;) AppleWebKit/537.36 (KHTML, like Gecko) Mobile Safari/537.36 (compatible; PetalBot;+https://aspiegel.com/petalbot)" 
54.36.149.65 - - [02/Mar/2021:15:53:28 -0800] "GET /self.logs/error.log.2018-08-09.gz HTTP/1.1" 200 6295 "-" "Mozilla/5.0 (compatible; AhrefsBot/7.0; +http://ahrefs.com/robot/)" 
114.119.157.43 - - [02/Mar/2021:15:56:08 -0800] "GET /self.logs/access.log.2018-01-30.gz HTTP/1.1" 200 22430 "-" "Mozilla/5.0 (Linux; Android 7.0;) AppleWebKit/537.36 (KHTML, like Gecko) Mobile Safari/537.36 (compatible; PetalBot;+https://aspiegel.com/petalbot)" 
72.83.64.172 - - [02/Mar/2021:15:57:21 -0800] "GET /Datasets%20Description/PE_malware/VirusShare.html HTTP/1.1" 200 1651 "-" "Mozilla/5.0 (X11; Fedora; Linux x86_64; rv:66.0) Gecko/20100101 Firefox/66.0" 
72.83.64.172 - - [02/Mar/2021:15:57:21 -0800] "GET /favicon.ico HTTP/1.1" 200 368 "-" "Mozilla/5.0 (X11; Fedora; Linux x86_64; rv:66.0) Gecko/20100101 Firefox/66.0" 
72.83.64.172 - - [02/Mar/2021:15:59:13 -0800] "GET / HTTP/1.1" 200 12882 "-" "Mozilla/5.0 (X11; Fedora; Linux x86_64; rv:66.0) Gecko/20100101 Firefox/66.0" 
72.83.64.172 - - [02/Mar/2021:15:59:13 -0800] "GET /css/style.css HTTP/1.1" 404 305 "http://www.secrepo.com/" "Mozilla/5.0 (X11; Fedora; Linux x86_64; rv:66.0) Gecko/20100101 Firefox/66.0" 
72.83.64.172 - - [02/Mar/2021:15:59:13 -0800] "GET /twitter-icon.png HTTP/1.1" 200 27893 "http://www.secrepo.com/" "Mozilla/5.0 (X11; Fedora; Linux x86_64; rv:66.0) Gecko/20100101 Firefox/66.0" 
72.83.64.172 - - [02/Mar/2021:15:59:13 -0800] "GET /GitHub-Mark.png HTTP/1.1" 200 7556 "http://www.secrepo.com/" "Mozilla/5.0 (X11; Fedora; Linux x86_64; rv:66.0) Gecko/20100101 Firefox/66.0" 
72.83.64.172 - - [02/Mar/2021:15:59:13 -0800] "GET /bootstrap/img/favicon.ico HTTP/1.1" 200 690 "-" "Mozilla/5.0 (X11; Fedora; Linux x86_64; rv:66.0) Gecko/20100101 Firefox/66.0" 
13.66.139.60 - - [02/Mar/2021:15:59:58 -0800] "GET /Datasets%20Description/PE_malware/Zeus.html HTTP/1.1" 200 1698 "-" "Mozilla/5.0 (compatible; bingbot/2.0; +http://www.bing.com/bingbot.htm)" 
114.119.158.204 - - [02/Mar/2021:16:01:08 -0800] "GET /self.logs/access.log.2017-09-30.gz HTTP/1.1" 200 19315 "-" "Mozilla/5.0 (Linux; Android 7.0;) AppleWebKit/537.36 (KHTML, like Gecko) Mobile Safari/537.36 (compatible; PetalBot;+https://aspiegel.com/petalbot)" 
114.119.141.78 - - [02/Mar/2021:16:06:09 -0800] "GET /self.logs/error.log.2017-04-21.gz HTTP/1.1" 200 936 "-" "Mozilla/5.0 (Linux; Android 7.0;) AppleWebKit/537.36 (KHTML, like Gecko) Mobile Safari/537.36 (compatible; PetalBot;+https://aspiegel.com/petalbot)" 
114.119.148.13 - - [02/Mar/2021:16:11:11 -0800] "GET /self.logs/error.log.2019-07-07.gz HTTP/1.1" 200 2690 "-" "Mozilla/5.0 (Linux; Android 7.0;) AppleWebKit/537.36 (KHTML, like Gecko) Mobile Safari/537.36 (compatible; PetalBot;+https://aspiegel.com/petalbot)" 
173.69.177.140 - - [02/Mar/2021:16:11:17 -0800] "GET / HTTP/1.1" 200 12882 "-" "Mozilla/5.0 (Windows NT 10.0; Win64; x64; rv:87.0) Gecko/20100101 Firefox/87.0" 
173.69.177.140 - - [02/Mar/2021:16:11:18 -0800] "GET /css/style.css HTTP/1.1" 404 305 "http://www.secrepo.com/" "Mozilla/5.0 (Windows NT 10.0; Win64; x64; rv:87.0) Gecko/20100101 Firefox/87.0" 
173.69.177.140 - - [02/Mar/2021:16:11:18 -0800] "GET /twitter-icon.png HTTP/1.1" 200 27916 "http://www.secrepo.com/" "Mozilla/5.0 (Windows NT 10.0; Win64; x64; rv:87.0) Gecko/20100101 Firefox/87.0" 
173.69.177.140 - - [02/Mar/2021:16:11:18 -0800] "GET /GitHub-Mark.png HTTP/1.1" 200 7556 "http://www.secrepo.com/" "Mozilla/5.0 (Windows NT 10.0; Win64; x64; rv:87.0) Gecko/20100101 Firefox/87.0" 
173.69.177.140 - - [02/Mar/2021:16:11:18 -0800] "GET /bootstrap/img/favicon.ico HTTP/1.1" 200 690 "http://www.secrepo.com/" "Mozilla/5.0 (Windows NT 10.0; Win64; x64; rv:87.0) Gecko/20100101 Firefox/87.0" 
114.119.155.228 - - [02/Mar/2021:16:16:11 -0800] "GET /self.logs/error.log.2018-06-17.gz HTTP/1.1" 200 6166 "-" "Mozilla/5.0 (Linux; Android 7.0;) AppleWebKit/537.36 (KHTML, like Gecko) Mobile Safari/537.36 (compatible; PetalBot;+https://aspiegel.com/petalbot)" 
114.119.136.12 - - [02/Mar/2021:16:21:11 -0800] "GET /self.logs/access.log.2020-01-16.gz HTTP/1.1" 200 13257 "-" "Mozilla/5.0 (Linux; Android 7.0;) AppleWebKit/537.36 (KHTML, like Gecko) Mobile Safari/537.36 (compatible; PetalBot;+https://aspiegel.com/petalbot)" 
51.77.204.24 - - [02/Mar/2021:16:24:14 -0800] "GET /honeypot/BSidesDFW%20-%202014.ipynb HTTP/1.1" 301 481 "-" "Tornado-Async-Client" 
173.69.177.140 - - [02/Mar/2021:16:24:18 -0800] "GET /honeypot/honeypot.json.zip HTTP/1.1" 200 23086087 "http://www.secrepo.com/" "Mozilla/5.0 (Windows NT 10.0; Win64; x64; rv:87.0) Gecko/20100101 Firefox/87.0" 
173.69.177.140 - - [02/Mar/2021:16:24:24 -0800] "GET /honeypot/BSidesDFW%20-%202014.ipynb HTTP/1.1" 200 930921 "http://www.secrepo.com/" "Mozilla/5.0 (Windows NT 10.0; Win64; x64; rv:87.0) Gecko/20100101 Firefox/87.0" 
173.69.177.140 - - [02/Mar/2021:16:24:25 -0800] "GET /favicon.ico HTTP/1.1" 200 368 "http://www.secrepo.com/honeypot/BSidesDFW%20-%202014.ipynb" "Mozilla/5.0 (Windows NT 10.0; Win64; x64; rv:87.0) Gecko/20100101 Firefox/87.0" 
173.69.177.140 - - [02/Mar/2021:16:24:46 -0800] "GET /maccdc2012/signatures.log.gz HTTP/1.1" 200 668 "http://www.secrepo.com/" "Mozilla/5.0 (Windows NT 10.0; Win64; x64; rv:87.0) Gecko/20100101 Firefox/87.0" 
173.69.177.140 - - [02/Mar/2021:16:24:49 -0800] "GET /Datasets%20Description/Network/signatures.html HTTP/1.1" 404 328 "http://www.secrepo.com/" "Mozilla/5.0 (Windows NT 10.0; Win64; x64; rv:87.0) Gecko/20100101 Firefox/87.0" 
173.69.177.140 - - [02/Mar/2021:16:25:00 -0800] "GET /tg/tg_snort_full.7z HTTP/1.1" 200 8847905 "http://www.secrepo.com/" "Mozilla/5.0 (Windows NT 10.0; Win64; x64; rv:87.0) Gecko/20100101 Firefox/87.0" 
114.119.130.95 - - [02/Mar/2021:16:26:59 -0800] "GET /self.logs/error.log.2017-09-16.gz HTTP/1.1" 200 1833 "-" "Mozilla/5.0 (Linux; Android 7.0;) AppleWebKit/537.36 (KHTML, like Gecko) Mobile Safari/537.36 (compatible; PetalBot;+https://aspiegel.com/petalbot)" 
54.36.148.165 - - [02/Mar/2021:16:28:30 -0800] "GET /self.logs/error.log.2018-09-16.gz HTTP/1.1" 200 5277 "-" "Mozilla/5.0 (compatible; AhrefsBot/7.0; +http://ahrefs.com/robot/)" 
114.119.130.95 - - [02/Mar/2021:16:31:13 -0800] "GET /self.logs/access.log.2020-12-26.gz HTTP/1.1" 200 20775 "-" "Mozilla/5.0 (Linux; Android 7.0;) AppleWebKit/537.36 (KHTML, like Gecko) Mobile Safari/537.36 (compatible; PetalBot;+https://aspiegel.com/petalbot)" 
69.181.247.211 - - [02/Mar/2021:16:32:54 -0800] "GET / HTTP/1.1" 200 12882 "-" "Mozilla/5.0 (Macintosh; Intel Mac OS X 10_15_7) AppleWebKit/537.36 (KHTML, like Gecko) Chrome/88.0.4324.192 Safari/537.36" 
69.181.247.211 - - [02/Mar/2021:16:32:55 -0800] "GET /css/style.css HTTP/1.1" 404 305 "http://www.secrepo.com/" "Mozilla/5.0 (Macintosh; Intel Mac OS X 10_15_7) AppleWebKit/537.36 (KHTML, like Gecko) Chrome/88.0.4324.192 Safari/537.36" 
69.181.247.211 - - [02/Mar/2021:16:32:55 -0800] "GET /twitter-icon.png HTTP/1.1" 200 27916 "http://www.secrepo.com/" "Mozilla/5.0 (Macintosh; Intel Mac OS X 10_15_7) AppleWebKit/537.36 (KHTML, like Gecko) Chrome/88.0.4324.192 Safari/537.36" 
69.181.247.211 - - [02/Mar/2021:16:32:55 -0800] "GET /GitHub-Mark.png HTTP/1.1" 200 7556 "http://www.secrepo.com/" "Mozilla/5.0 (Macintosh; Intel Mac OS X 10_15_7) AppleWebKit/537.36 (KHTML, like Gecko) Chrome/88.0.4324.192 Safari/537.36" 
69.181.247.211 - - [02/Mar/2021:16:32:56 -0800] "GET /bootstrap/img/favicon.ico HTTP/1.1" 200 690 "http://www.secrepo.com/" "Mozilla/5.0 (Macintosh; Intel Mac OS X 10_15_7) AppleWebKit/537.36 (KHTML, like Gecko) Chrome/88.0.4324.192 Safari/537.36" 
68.168.178.63 - - [02/Mar/2021:16:33:57 -0800] "GET / HTTP/1.1" 200 12882 "-" "Mozilla/5.0 (Windows NT 10.0; Win64; x64) AppleWebKit/537.36 (KHTML, like Gecko) Chrome/88.0.4324.182 Safari/537.36 Edg/88.0.705.81" 
68.168.178.63 - - [02/Mar/2021:16:33:57 -0800] "GET /css/style.css HTTP/1.1" 404 328 "http://www.secrepo.com/" "Mozilla/5.0 (Windows NT 10.0; Win64; x64) AppleWebKit/537.36 (KHTML, like Gecko) Chrome/88.0.4324.182 Safari/537.36 Edg/88.0.705.81" 
68.168.178.63 - - [02/Mar/2021:16:33:57 -0800] "GET /twitter-icon.png HTTP/1.1" 200 27893 "http://www.secrepo.com/" "Mozilla/5.0 (Windows NT 10.0; Win64; x64) AppleWebKit/537.36 (KHTML, like Gecko) Chrome/88.0.4324.182 Safari/537.36 Edg/88.0.705.81" 
68.168.178.63 - - [02/Mar/2021:16:33:57 -0800] "GET /GitHub-Mark.png HTTP/1.1" 200 7533 "http://www.secrepo.com/" "Mozilla/5.0 (Windows NT 10.0; Win64; x64) AppleWebKit/537.36 (KHTML, like Gecko) Chrome/88.0.4324.182 Safari/537.36 Edg/88.0.705.81" 
68.168.178.63 - - [02/Mar/2021:16:34:00 -0800] "GET /bootstrap/img/favicon.ico HTTP/1.1" 200 713 "http://www.secrepo.com/" "Mozilla/5.0 (Windows NT 10.0; Win64; x64) AppleWebKit/537.36 (KHTML, like Gecko) Chrome/88.0.4324.182 Safari/537.36 Edg/88.0.705.81" 
18.215.144.31 - - [02/Mar/2021:16:34:27 -0800] "GET / HTTP/1.1" 206 12931 "-" "Slackbot-LinkExpanding 1.0 (+https://api.slack.com/robots)" 
54.173.62.51 - - [02/Mar/2021:16:34:28 -0800] "GET /bootstrap/img/apple-touch-icon.png HTTP/1.1" 404 328 "-" "Slackbot 1.0 (+https://api.slack.com/robots)" 
54.162.193.73 - - [02/Mar/2021:16:34:28 -0800] "GET /favicon.ico HTTP/1.1" 200 391 "-" "Slackbot 1.0 (+https://api.slack.com/robots)" 
114.119.150.248 - - [02/Mar/2021:16:36:15 -0800] "GET /self.logs/access.log.2019-10-10.gz HTTP/1.1" 200 30824 "-" "Mozilla/5.0 (Linux; Android 7.0;) AppleWebKit/537.36 (KHTML, like Gecko) Mobile Safari/537.36 (compatible; PetalBot;+https://aspiegel.com/petalbot)" 
1.25.61.171 - - [02/Mar/2021:16:37:41 -0800] "GET /honeypot/Honeypot%20-%20Howto%20-%20BSides%20Austin.pdf HTTP/1.1" 200 1285920 "-" "Mozilla/4.0 (compatible; MSIE 6.0; Windows NT 5.1)" 
199.26.247.68 - - [02/Mar/2021:16:38:48 -0800] "GET / HTTP/1.1" 200 12882 "-" "Mozilla/5.0 (Macintosh; Intel Mac OS X 10_14_6) AppleWebKit/537.36 (KHTML, like Gecko) Chrome/88.0.4324.182 Safari/537.36" 
199.26.247.68 - - [02/Mar/2021:16:38:48 -0800] "GET /css/style.css HTTP/1.1" 404 305 "http://www.secrepo.com/" "Mozilla/5.0 (Macintosh; Intel Mac OS X 10_14_6) AppleWebKit/537.36 (KHTML, like Gecko) Chrome/88.0.4324.182 Safari/537.36" 
199.26.247.68 - - [02/Mar/2021:16:38:48 -0800] "GET /GitHub-Mark.png HTTP/1.1" 200 7556 "http://www.secrepo.com/" "Mozilla/5.0 (Macintosh; Intel Mac OS X 10_14_6) AppleWebKit/537.36 (KHTML, like Gecko) Chrome/88.0.4324.182 Safari/537.36" 
199.26.247.68 - - [02/Mar/2021:16:38:48 -0800] "GET /twitter-icon.png HTTP/1.1" 200 27893 "http://www.secrepo.com/" "Mozilla/5.0 (Macintosh; Intel Mac OS X 10_14_6) AppleWebKit/537.36 (KHTML, like Gecko) Chrome/88.0.4324.182 Safari/537.36" 
199.26.247.68 - - [02/Mar/2021:16:38:49 -0800] "GET /bootstrap/img/favicon.ico HTTP/1.1" 200 690 "http://www.secrepo.com/" "Mozilla/5.0 (Macintosh; Intel Mac OS X 10_14_6) AppleWebKit/537.36 (KHTML, like Gecko) Chrome/88.0.4324.182 Safari/537.36" 
114.119.158.253 - - [02/Mar/2021:16:41:16 -0800] "GET /self.logs/error.log.2017-10-17.gz HTTP/1.1" 200 4125 "-" "Mozilla/5.0 (Linux; Android 7.0;) AppleWebKit/537.36 (KHTML, like Gecko) Mobile Safari/537.36 (compatible; PetalBot;+https://aspiegel.com/petalbot)" 
114.119.129.244 - - [02/Mar/2021:16:46:17 -0800] "GET /self.logs/error.log.2017-06-16.gz HTTP/1.1" 200 975 "-" "Mozilla/5.0 (Linux; Android 7.0;) AppleWebKit/537.36 (KHTML, like Gecko) Mobile Safari/537.36 (compatible; PetalBot;+https://aspiegel.com/petalbot)" 
114.119.156.44 - - [02/Mar/2021:16:51:17 -0800] "GET /self.logs/error.log.2019-03-07.gz HTTP/1.1" 200 4098 "-" "Mozilla/5.0 (Linux; Android 7.0;) AppleWebKit/537.36 (KHTML, like Gecko) Mobile Safari/537.36 (compatible; PetalBot;+https://aspiegel.com/petalbot)" 
114.119.157.24 - - [02/Mar/2021:16:56:19 -0800] "GET /self.logs/access.log.2018-11-10.gz HTTP/1.1" 200 20777 "-" "Mozilla/5.0 (Linux; Android 7.0;) AppleWebKit/537.36 (KHTML, like Gecko) Mobile Safari/537.36 (compatible; PetalBot;+https://aspiegel.com/petalbot)" 
36.44.122.105 - - [02/Mar/2021:17:01:15 -0800] "GET / HTTP/1.1" 200 48064 "-" "Mozilla/5.0 (Windows NT 10.0; WOW64) AppleWebKit/537.36 (KHTML, like Gecko) Chrome/63.0.3239.132 Safari/537.36" 
114.119.155.228 - - [02/Mar/2021:17:01:19 -0800] "GET /self.logs/error.log.2018-07-01.gz HTTP/1.1" 200 5807 "-" "Mozilla/5.0 (Linux; Android 7.0;) AppleWebKit/537.36 (KHTML, like Gecko) Mobile Safari/537.36 (compatible; PetalBot;+https://aspiegel.com/petalbot)" 
54.36.148.125 - - [02/Mar/2021:17:05:18 -0800] "GET /robots.txt HTTP/1.1" 301 439 "-" "Mozilla/5.0 (compatible; AhrefsBot/6.1; +http://ahrefs.com/robot/)" 
54.36.148.125 - - [02/Mar/2021:17:05:18 -0800] "GET /robots.txt HTTP/1.1" 200 333 "-" "Mozilla/5.0 (compatible; AhrefsBot/6.1; +http://ahrefs.com/robot/)" 
54.36.148.21 - - [02/Mar/2021:17:05:19 -0800] "GET / HTTP/1.1" 301 419 "-" "Mozilla/5.0 (compatible; AhrefsBot/7.0; +http://ahrefs.com/robot/)" 
114.119.159.101 - - [02/Mar/2021:17:06:22 -0800] "GET /self.logs/access.log.2018-02-20.gz HTTP/1.1" 200 24439 "-" "Mozilla/5.0 (Linux; Android 7.0;) AppleWebKit/537.36 (KHTML, like Gecko) Mobile Safari/537.36 (compatible; PetalBot;+https://aspiegel.com/petalbot)" 
122.13.163.182 - - [02/Mar/2021:17:09:17 -0800] "GET / HTTP/1.1" 200 12838 "-" "Mozilla/5.0 (Windows NT 6.1; Win64; x64) AppleWebKit/537.36 (KHTML, like Gecko) Chrome/40.0.2214.85 Safari/537.36" 
122.13.163.182 - - [02/Mar/2021:17:09:17 -0800] "GET / HTTP/1.1" 200 12804 "-" "Mozilla/5.0 (Windows NT 6.1; Win64; x64) AppleWebKit/537.36 (KHTML, like Gecko) Chrome/40.0.2214.85 Safari/537.36" 
122.13.163.182 - - [02/Mar/2021:17:09:17 -0800] "GET / HTTP/1.1" 200 12804 "-" "Mozilla/5.0 (Windows NT 6.1; Win64; x64) AppleWebKit/537.36 (KHTML, like Gecko) Chrome/40.0.2214.85 Safari/537.36" 
114.119.143.151 - - [02/Mar/2021:17:11:22 -0800] "GET /self.logs/access.log.2020-02-28.gz HTTP/1.1" 200 16216 "-" "Mozilla/5.0 (Linux; Android 7.0;) AppleWebKit/537.36 (KHTML, like Gecko) Mobile Safari/537.36 (compatible; PetalBot;+https://aspiegel.com/petalbot)" 
120.78.180.36 - - [02/Mar/2021:17:16:04 -0800] "GET /js/GB_BIG.js HTTP/1.1" 301 499 "http://secrepo.com/js/GB_BIG.js" "Mozilla/5.0 (compatible; MSIE 9.0; Windows NT 6.1; Win64; x64; Trident/5.0)" 
120.78.180.36 - - [02/Mar/2021:17:16:04 -0800] "GET /js/GB_BIG.js HTTP/1.1" 404 328 "http://secrepo.com/js/GB_BIG.js" "Mozilla/5.0 (compatible; MSIE 9.0; Windows NT 6.1; Win64; x64; Trident/5.0)" 
114.119.148.13 - - [02/Mar/2021:17:16:25 -0800] "GET /self.logs/error.log.2019-12-06.gz HTTP/1.1" 200 1167 "-" "Mozilla/5.0 (Linux; Android 7.0;) AppleWebKit/537.36 (KHTML, like Gecko) Mobile Safari/537.36 (compatible; PetalBot;+https://aspiegel.com/petalbot)" 
17.58.96.135 - - [02/Mar/2021:17:19:34 -0800] "GET /self.logs/error.log.2020-04-06 HTTP/1.1" 200 307 "-" "Mozilla/5.0 (Macintosh; Intel Mac OS X 10_15_5) AppleWebKit/605.1.15 (KHTML, like Gecko) Version/13.1.1 Safari/605.1.15 (Applebot/0.1; +http://www.apple.com/go/applebot)" 
114.119.142.110 - - [02/Mar/2021:17:21:21 -0800] "GET /robots.txt HTTP/1.1" 200 377 "-" "(compatible;PetalBot;+https://aspiegel.com/petalbot)" 
40.77.167.67 - - [02/Mar/2021:17:24:58 -0800] "GET /self.logs/access.log.2017-10-27.gz HTTP/1.1" 304 280 "-" "Mozilla/5.0 (compatible; bingbot/2.0; +http://www.bing.com/bingbot.htm)" 
17.58.96.135 - - [02/Mar/2021:17:26:17 -0800] "GET /self.logs/error.log.2020-04-01 HTTP/1.1" 200 307 "-" "Mozilla/5.0 (Macintosh; Intel Mac OS X 10_15_5) AppleWebKit/605.1.15 (KHTML, like Gecko) Version/13.1.1 Safari/605.1.15 (Applebot/0.1; +http://www.apple.com/go/applebot)" 
114.119.150.248 - - [02/Mar/2021:17:26:47 -0800] "GET /self.logs/access.log.2018-06-19.gz HTTP/1.1" 200 25807 "-" "Mozilla/5.0 (Linux; Android 7.0;) AppleWebKit/537.36 (KHTML, like Gecko) Mobile Safari/537.36 (compatible; PetalBot;+https://aspiegel.com/petalbot)" 
114.119.155.228 - - [02/Mar/2021:17:31:25 -0800] "GET /self.logs/error.log.2017-01-27.gz HTTP/1.1" 200 1771 "-" "Mozilla/5.0 (Linux; Android 7.0;) AppleWebKit/537.36 (KHTML, like Gecko) Mobile Safari/537.36 (compatible; PetalBot;+https://aspiegel.com/petalbot)" 
114.119.155.228 - - [02/Mar/2021:17:36:26 -0800] "GET /self.logs/error.log.2017-02-11.gz HTTP/1.1" 200 970 "-" "Mozilla/5.0 (Linux; Android 7.0;) AppleWebKit/537.36 (KHTML, like Gecko) Mobile Safari/537.36 (compatible; PetalBot;+https://aspiegel.com/petalbot)" 
111.26.165.66 - - [02/Mar/2021:17:37:22 -0800] "GET /favicon.ico HTTP/1.1" 200 391 "-" "Mozilla/5.0 (Windows NT 10.0; WOW64) AppleWebKit/537.36 (KHTML, like Gecko) Chrome/58.0.3029.110 Safari/537.36 SE 2.X MetaSr 1.0" 
123.183.224.119 - - [02/Mar/2021:17:37:56 -0800] "GET / HTTP/1.1" 301 438 "-" "Sogou web spider/4.0(+http://www.sogou.com/docs/help/webmasters.htm#07)" 
54.36.149.65 - - [02/Mar/2021:17:38:09 -0800] "GET /self.logs/access.log.2020-02-28.gz HTTP/1.1" 200 16172 "-" "Mozilla/5.0 (compatible; AhrefsBot/7.0; +http://ahrefs.com/robot/)" 
114.119.129.244 - - [02/Mar/2021:17:41:27 -0800] "GET /self.logs/error.log.2017-11-08.gz HTTP/1.1" 200 2538 "-" "Mozilla/5.0 (Linux; Android 7.0;) AppleWebKit/537.36 (KHTML, like Gecko) Mobile Safari/537.36 (compatible; PetalBot;+https://aspiegel.com/petalbot)" 
116.179.32.179 - - [02/Mar/2021:17:42:47 -0800] "GET /honeypot/Honeypot%20-%20Howto%20-%20BSides%20Austin.pdf HTTP/1.1" 200 2928534 "-" "Mozilla/5.0 (compatible; Baiduspider/2.0; +http://www.baidu.com/search/spider.html)" 
157.55.39.225 - - [02/Mar/2021:17:44:35 -0800] "GET /self.logs/2015/error.log.2015-10-11.gz HTTP/1.1" 200 933 "-" "Mozilla/5.0 (compatible; bingbot/2.0; +http://www.bing.com/bingbot.htm)" 
40.77.167.49 - - [02/Mar/2021:17:44:40 -0800] "GET /self.logs/2015/access.log.2015-04-03.gz HTTP/1.1" 304 279 "-" "Mozilla/5.0 (compatible; bingbot/2.0; +http://www.bing.com/bingbot.htm)" 
123.183.224.119 - - [02/Mar/2021:17:45:27 -0800] "GET / HTTP/1.1" 200 12845 "-" "Sogou web spider/4.0(+http://www.sogou.com/docs/help/webmasters.htm#07)" 
157.55.39.3 - - [02/Mar/2021:17:46:08 -0800] "GET /squid/access.log.gz HTTP/1.1" 200 10936840 "-" "Mozilla/5.0 (compatible; bingbot/2.0; +http://www.bing.com/bingbot.htm)" 
114.119.141.53 - - [02/Mar/2021:17:46:28 -0800] "GET /self.logs/access.log.2018-06-11.gz HTTP/1.1" 200 21347 "-" "Mozilla/5.0 (Linux; Android 7.0;) AppleWebKit/537.36 (KHTML, like Gecko) Mobile Safari/537.36 (compatible; PetalBot;+https://aspiegel.com/petalbot)" 
111.202.101.153 - - [02/Mar/2021:17:47:18 -0800] "GET / HTTP/1.1" 200 12845 "-" "Sogou web spider/4.0(+http://www.sogou.com/docs/help/webmasters.htm#07)" 
66.249.64.157 - - [02/Mar/2021:17:48:17 -0800] "GET /self.logs/ HTTP/1.1" 200 27960 "-" "Mozilla/5.0 (compatible; Googlebot/2.1; +http://www.google.com/bot.html)" 
66.249.64.155 - - [02/Mar/2021:17:49:21 -0800] "GET /self.logs/error.log.2020-02-09 HTTP/1.1" 200 351 "-" "Mozilla/5.0 (Linux; Android 6.0.1; Nexus 5X Build/MMB29P) AppleWebKit/537.36 (KHTML, like Gecko) Chrome/88.0.4324.188 Mobile Safari/537.36 (compatible; Googlebot/2.1; +http://www.google.com/bot.html)" 
66.249.64.155 - - [02/Mar/2021:17:50:35 -0800] "GET /self.logs/error.log.2020-02-06 HTTP/1.1" 200 351 "-" "Mozilla/5.0 (Linux; Android 6.0.1; Nexus 5X Build/MMB29P) AppleWebKit/537.36 (KHTML, like Gecko) Chrome/88.0.4324.188 Mobile Safari/537.36 (compatible; Googlebot/2.1; +http://www.google.com/bot.html)" 
114.119.129.244 - - [02/Mar/2021:17:51:29 -0800] "GET /self.logs/access.log.2018-10-10.gz HTTP/1.1" 200 30387 "-" "Mozilla/5.0 (Linux; Android 7.0;) AppleWebKit/537.36 (KHTML, like Gecko) Mobile Safari/537.36 (compatible; PetalBot;+https://aspiegel.com/petalbot)" 
123.183.224.119 - - [02/Mar/2021:17:52:24 -0800] "GET / HTTP/1.1" 200 12845 "-" "Sogou web spider/4.0(+http://www.sogou.com/docs/help/webmasters.htm#07)" 
66.249.64.153 - - [02/Mar/2021:17:53:47 -0800] "GET /self.logs/error.log.2020-02-01 HTTP/1.1" 200 351 "-" "Mozilla/5.0 (Linux; Android 6.0.1; Nexus 5X Build/MMB29P) AppleWebKit/537.36 (KHTML, like Gecko) Chrome/88.0.4324.188 Mobile Safari/537.36 (compatible; Googlebot/2.1; +http://www.google.com/bot.html)" 
66.249.64.157 - - [02/Mar/2021:17:55:57 -0800] "GET /self.logs/error.log.2020-08-23 HTTP/1.1" 200 351 "-" "Mozilla/5.0 (Linux; Android 6.0.1; Nexus 5X Build/MMB29P) AppleWebKit/537.36 (KHTML, like Gecko) Chrome/88.0.4324.188 Mobile Safari/537.36 (compatible; Googlebot/2.1; +http://www.google.com/bot.html)" 
114.119.159.101 - - [02/Mar/2021:17:56:31 -0800] "GET /self.logs/access.log.2020-02-27.gz HTTP/1.1" 200 15263 "-" "Mozilla/5.0 (Linux; Android 7.0;) AppleWebKit/537.36 (KHTML, like Gecko) Mobile Safari/537.36 (compatible; PetalBot;+https://aspiegel.com/petalbot)" 
66.249.64.153 - - [02/Mar/2021:17:59:09 -0800] "GET /self.logs/error.log.2019-07-15 HTTP/1.1" 200 23184 "-" "Mozilla/5.0 (Linux; Android 6.0.1; Nexus 5X Build/MMB29P) AppleWebKit/537.36 (KHTML, like Gecko) Chrome/88.0.4324.188 Mobile Safari/537.36 (compatible; Googlebot/2.1; +http://www.google.com/bot.html)" 
123.183.224.25 - - [02/Mar/2021:17:59:27 -0800] "GET / HTTP/1.1" 200 12845 "-" "Sogou web spider/4.0(+http://www.sogou.com/docs/help/webmasters.htm#07)" 
114.119.157.43 - - [02/Mar/2021:18:01:34 -0800] "GET /self.logs/access.log.2017-10-29.gz HTTP/1.1" 200 18458 "-" "Mozilla/5.0 (Linux; Android 7.0;) AppleWebKit/537.36 (KHTML, like Gecko) Mobile Safari/537.36 (compatible; PetalBot;+https://aspiegel.com/petalbot)" 
114.119.159.101 - - [02/Mar/2021:18:06:36 -0800] "GET /self.logs/access.log.2018-03-24.gz HTTP/1.1" 200 31624 "-" "Mozilla/5.0 (Linux; Android 7.0;) AppleWebKit/537.36 (KHTML, like Gecko) Mobile Safari/537.36 (compatible; PetalBot;+https://aspiegel.com/petalbot)" 
54.36.149.65 - - [02/Mar/2021:18:09:56 -0800] "GET /self.logs/error.log.2018-10-10.gz HTTP/1.1" 200 5678 "-" "Mozilla/5.0 (compatible; AhrefsBot/7.0; +http://ahrefs.com/robot/)" 
114.119.159.40 - - [02/Mar/2021:18:11:37 -0800] "GET /self.logs/access.log.2020-01-29.gz HTTP/1.1" 200 14261 "-" "Mozilla/5.0 (Linux; Android 7.0;) AppleWebKit/537.36 (KHTML, like Gecko) Mobile Safari/537.36 (compatible; PetalBot;+https://aspiegel.com/petalbot)" 
114.119.140.84 - - [02/Mar/2021:18:16:37 -0800] "GET /self.logs/access.log.2019-02-24.gz HTTP/1.1" 200 21217 "-" "Mozilla/5.0 (Linux; Android 7.0;) AppleWebKit/537.36 (KHTML, like Gecko) Mobile Safari/537.36 (compatible; PetalBot;+https://aspiegel.com/petalbot)" 
114.119.157.43 - - [02/Mar/2021:18:21:38 -0800] "GET /self.logs/error.log.2019-03-29.gz HTTP/1.1" 200 5364 "-" "Mozilla/5.0 (Linux; Android 7.0;) AppleWebKit/537.36 (KHTML, like Gecko) Mobile Safari/537.36 (compatible; PetalBot;+https://aspiegel.com/petalbot)" 
118.113.104.61 - - [02/Mar/2021:18:24:13 -0800] "GET /favicon.ico HTTP/1.1" 200 391 "-" "Mozilla/5.0 (Windows NT 10.0; WOW64) AppleWebKit/537.36 (KHTML, like Gecko) Chrome/75.0.3770.100 Safari/537.36" 
114.119.159.40 - - [02/Mar/2021:18:26:39 -0800] "GET /self.logs/error.log.2018-12-10.gz HTTP/1.1" 200 4219 "-" "Mozilla/5.0 (Linux; Android 7.0;) AppleWebKit/537.36 (KHTML, like Gecko) Mobile Safari/537.36 (compatible; PetalBot;+https://aspiegel.com/petalbot)" 
111.198.230.21 - - [02/Mar/2021:18:28:47 -0800] "GET / HTTP/1.1" 200 12882 "-" "Mozilla/5.0 (Macintosh; Intel Mac OS X 10_15_6) AppleWebKit/605.1.15 (KHTML, like Gecko)" 
111.198.230.21 - - [02/Mar/2021:18:28:48 -0800] "GET /apple-touch-icon-precomposed.png HTTP/1.1" 404 328 "-" "Safari%E6%B5%8F%E8%A7%88%E5%99%A8/16610.4.3.1.4 CFNetwork/1220.1 Darwin/20.3.0" 
111.198.230.21 - - [02/Mar/2021:18:28:49 -0800] "GET /apple-touch-icon.png HTTP/1.1" 404 305 "-" "Safari%E6%B5%8F%E8%A7%88%E5%99%A8/16610.4.3.1.4 CFNetwork/1220.1 Darwin/20.3.0" 
111.198.230.21 - - [02/Mar/2021:18:28:49 -0800] "GET /bootstrap/img/favicon.ico HTTP/1.1" 200 690 "-" "Safari%E6%B5%8F%E8%A7%88%E5%99%A8/16610.4.3.1.4 CFNetwork/1220.1 Darwin/20.3.0" 
111.198.230.21 - - [02/Mar/2021:18:28:49 -0800] "GET / HTTP/1.1" 200 12882 "-" "Mozilla/5.0 (iPhone; CPU iPhone OS 13_1_3 like Mac OS X) AppleWebKit/605.1.15 (KHTML, like Gecko) Version/13.0.1 Mobile/15E148 Safari/604.1" 
111.198.230.21 - - [02/Mar/2021:18:28:49 -0800] "GET /apple-touch-icon-precomposed.png HTTP/1.1" 404 305 "-" "Safari%E6%B5%8F%E8%A7%88%E5%99%A8/16610.4.3.1.4 CFNetwork/1220.1 Darwin/20.3.0" 
111.198.230.21 - - [02/Mar/2021:18:28:50 -0800] "GET /apple-touch-icon.png HTTP/1.1" 404 305 "-" "Safari%E6%B5%8F%E8%A7%88%E5%99%A8/16610.4.3.1.4 CFNetwork/1220.1 Darwin/20.3.0" 
52.212.146.96 - - [02/Mar/2021:18:30:02 -0800] "GET /self.logs/access.log.2021-02-24.gz HTTP/1.1" 200 22408 "-" "python-requests/2.12.1" 
52.212.146.96 - - [02/Mar/2021:18:30:03 -0800] "GET /self.logs/access.log.2021-02-25.gz HTTP/1.1" 200 19871 "-" "python-requests/2.12.1" 
52.212.146.96 - - [02/Mar/2021:18:30:03 -0800] "GET /self.logs/access.log.2021-02-26.gz HTTP/1.1" 200 17089 "-" "python-requests/2.12.1" 
52.212.146.96 - - [02/Mar/2021:18:30:03 -0800] "GET /self.logs/access.log.2021-02-27.gz HTTP/1.1" 200 20089 "-" "python-requests/2.12.1" 
52.212.146.96 - - [02/Mar/2021:18:30:03 -0800] "GET /self.logs/access.log.2021-02-28.gz HTTP/1.1" 404 328 "-" "python-requests/2.12.1" 
52.212.146.96 - - [02/Mar/2021:18:30:04 -0800] "GET /self.logs/access.log.2021-03-01.gz HTTP/1.1" 404 328 "-" "python-requests/2.12.1" 
52.212.146.96 - - [02/Mar/2021:18:30:04 -0800] "GET /self.logs/access.log.2021-03-02.gz HTTP/1.1" 404 328 "-" "python-requests/2.12.1" 
114.119.140.84 - - [02/Mar/2021:18:31:39 -0800] "GET /self.logs/error.log.2018-02-02.gz HTTP/1.1" 200 4043 "-" "Mozilla/5.0 (Linux; Android 7.0;) AppleWebKit/537.36 (KHTML, like Gecko) Mobile Safari/537.36 (compatible; PetalBot;+https://aspiegel.com/petalbot)" 
114.119.129.244 - - [02/Mar/2021:18:36:38 -0800] "GET /self.logs/access.log.2020-03-04.gz HTTP/1.1" 200 16733 "-" "Mozilla/5.0 (Linux; Android 7.0;) AppleWebKit/537.36 (KHTML, like Gecko) Mobile Safari/537.36 (compatible; PetalBot;+https://aspiegel.com/petalbot)" 
112.81.1.109 - - [02/Mar/2021:18:39:34 -0800] "GET /favicon.ico HTTP/1.1" 200 391 "-" "Mozilla/5.0 (Windows NT 10.0; WOW64) AppleWebKit/537.36 (KHTML, like Gecko) Chrome/78.0.3904.108 Safari/537.36" 
54.36.148.41 - - [02/Mar/2021:18:41:12 -0800] "GET /self.logs/error.log.2020-12-18 HTTP/1.1" 200 307 "-" "Mozilla/5.0 (compatible; AhrefsBot/7.0; +http://ahrefs.com/robot/)" 
114.119.140.84 - - [02/Mar/2021:18:41:41 -0800] "GET /self.logs/access.log.2020-01-28.gz HTTP/1.1" 200 10573 "-" "Mozilla/5.0 (Linux; Android 7.0;) AppleWebKit/537.36 (KHTML, like Gecko) Mobile Safari/537.36 (compatible; PetalBot;+https://aspiegel.com/petalbot)" 
114.119.130.95 - - [02/Mar/2021:18:46:42 -0800] "GET /self.logs/error.log.2019-07-01.gz HTTP/1.1" 200 2848 "-" "Mozilla/5.0 (Linux; Android 7.0;) AppleWebKit/537.36 (KHTML, like Gecko) Mobile Safari/537.36 (compatible; PetalBot;+https://aspiegel.com/petalbot)" 
111.202.101.153 - - [02/Mar/2021:18:48:38 -0800] "GET / HTTP/1.1" 200 12846 "-" "Sogou web spider/4.0(+http://www.sogou.com/docs/help/webmasters.htm#07)" 
123.183.224.119 - - [02/Mar/2021:18:48:54 -0800] "GET / HTTP/1.1" 301 438 "-" "Sogou web spider/4.0(+http://www.sogou.com/docs/help/webmasters.htm#07)" 
114.119.157.43 - - [02/Mar/2021:18:51:42 -0800] "GET /self.logs/access.log.2017-09-17.gz HTTP/1.1" 200 20606 "-" "Mozilla/5.0 (Linux; Android 7.0;) AppleWebKit/537.36 (KHTML, like Gecko) Mobile Safari/537.36 (compatible; PetalBot;+https://aspiegel.com/petalbot)" 
66.249.83.6 - - [02/Mar/2021:18:54:51 -0800] "GET / HTTP/1.1" 301 475 "-" "Mozilla/5.0 (X11; Linux x86_64) AppleWebKit/537.36 (KHTML, like Gecko) Chrome/49.0.2623.75 Safari/537.36 Google Favicon" 
66.249.83.94 - - [02/Mar/2021:18:54:51 -0800] "GET / HTTP/1.1" 200 12883 "-" "Mozilla/5.0 (X11; Linux x86_64) AppleWebKit/537.36 (KHTML, like Gecko) Chrome/49.0.2623.75 Safari/537.36 Google Favicon" 
66.249.83.95 - - [02/Mar/2021:18:54:51 -0800] "GET /bootstrap/img/favicon.ico HTTP/1.1" 200 713 "-" "Mozilla/5.0 (X11; Linux x86_64) AppleWebKit/537.36 (KHTML, like Gecko) Chrome/49.0.2623.75 Safari/537.36 Google Favicon" 
123.183.224.119 - - [02/Mar/2021:18:56:19 -0800] "GET / HTTP/1.1" 200 12846 "-" "Sogou web spider/4.0(+http://www.sogou.com/docs/help/webmasters.htm#07)" 
5.34.180.192 - - [02/Mar/2021:19:01:14 -0800] "GET / HTTP/1.1" 200 48020 "https://sex-znakomstva.online/" "Mozilla/6.0 (compatible; MSIE 7.0a1; Windows NT 5.2; SV1)" 
5.34.180.192 - - [02/Mar/2021:19:01:14 -0800] "GET / HTTP/1.1" 200 48020 "https://sex-znakomstva.online/" "Mozilla/6.0 (compatible; MSIE 7.0a1; Windows NT 5.2; SV1)" 
5.34.180.192 - - [02/Mar/2021:19:01:14 -0800] "GET / HTTP/1.1" 200 48020 "https://sex-znakomstva.online/" "Mozilla/6.0 (compatible; MSIE 7.0a1; Windows NT 5.2; SV1)" 
114.119.140.84 - - [02/Mar/2021:19:01:43 -0800] "GET /self.logs/access.log.2019-12-06.gz HTTP/1.1" 200 113700 "-" "Mozilla/5.0 (Linux; Android 7.0;) AppleWebKit/537.36 (KHTML, like Gecko) Mobile Safari/537.36 (compatible; PetalBot;+https://aspiegel.com/petalbot)" 
17.58.96.135 - - [02/Mar/2021:19:04:00 -0800] "GET /self.logs/error.log.2020-02-06 HTTP/1.1" 200 307 "-" "Mozilla/5.0 (Macintosh; Intel Mac OS X 10_15_5) AppleWebKit/605.1.15 (KHTML, like Gecko) Version/13.1.1 Safari/605.1.15 (Applebot/0.1; +http://www.apple.com/go/applebot)" 
17.58.96.135 - - [02/Mar/2021:19:04:12 -0800] "GET /self.logs/error.log.2020-03-19 HTTP/1.1" 200 307 "-" "Mozilla/5.0 (Macintosh; Intel Mac OS X 10_15_5) AppleWebKit/605.1.15 (KHTML, like Gecko) Version/13.1.1 Safari/605.1.15 (Applebot/0.1; +http://www.apple.com/go/applebot)" 
66.249.64.155 - - [02/Mar/2021:19:04:53 -0800] "GET /Datasets%20Description/Network/ftp.html HTTP/1.1" 304 277 "-" "Mozilla/5.0 (compatible; Googlebot/2.1; +http://www.google.com/bot.html)" 
114.119.130.95 - - [02/Mar/2021:19:06:43 -0800] "GET /self.logs/access.log.2019-05-16.gz HTTP/1.1" 200 28305 "-" "Mozilla/5.0 (Linux; Android 7.0;) AppleWebKit/537.36 (KHTML, like Gecko) Mobile Safari/537.36 (compatible; PetalBot;+https://aspiegel.com/petalbot)" 
54.36.148.21 - - [02/Mar/2021:19:10:56 -0800] "GET /self.logs/access.log.2020-12-12.gz HTTP/1.1" 200 31031 "-" "Mozilla/5.0 (compatible; AhrefsBot/7.0; +http://ahrefs.com/robot/)" 
114.119.150.248 - - [02/Mar/2021:19:11:43 -0800] "GET /self.logs/access.log.2017-06-02.gz HTTP/1.1" 200 16831 "-" "Mozilla/5.0 (Linux; Android 7.0;) AppleWebKit/537.36 (KHTML, like Gecko) Mobile Safari/537.36 (compatible; PetalBot;+https://aspiegel.com/petalbot)" 
78.46.86.157 - - [02/Mar/2021:19:15:33 -0800] "GET /robots.txt HTTP/1.1" 301 495 "-" "Mozilla/5.0 (compatible; BLEXBot/1.0; +http://webmeup-crawler.com/)" 
78.46.86.157 - - [02/Mar/2021:19:15:34 -0800] "GET /robots.txt HTTP/1.1" 200 377 "-" "Mozilla/5.0 (compatible; BLEXBot/1.0; +http://webmeup-crawler.com/)" 
78.46.86.157 - - [02/Mar/2021:19:15:34 -0800] "GET / HTTP/1.1" 200 12882 "-" "Mozilla/5.0 (compatible; BLEXBot/1.0; +http://webmeup-crawler.com/)" 
96.41.35.26 - - [02/Mar/2021:19:16:13 -0800] "GET / HTTP/1.1" 200 12882 "-" "Mozilla/5.0 (Windows NT 10.0; Win64; x64) AppleWebKit/537.36 (KHTML, like Gecko) Chrome/88.0.4324.190 Safari/537.36" 
96.41.35.26 - - [02/Mar/2021:19:16:13 -0800] "GET /css/style.css HTTP/1.1" 404 305 "http://www.secrepo.com/" "Mozilla/5.0 (Windows NT 10.0; Win64; x64) AppleWebKit/537.36 (KHTML, like Gecko) Chrome/88.0.4324.190 Safari/537.36" 
96.41.35.26 - - [02/Mar/2021:19:16:13 -0800] "GET /twitter-icon.png HTTP/1.1" 200 27893 "http://www.secrepo.com/" "Mozilla/5.0 (Windows NT 10.0; Win64; x64) AppleWebKit/537.36 (KHTML, like Gecko) Chrome/88.0.4324.190 Safari/537.36" 
96.41.35.26 - - [02/Mar/2021:19:16:13 -0800] "GET /GitHub-Mark.png HTTP/1.1" 200 7556 "http://www.secrepo.com/" "Mozilla/5.0 (Windows NT 10.0; Win64; x64) AppleWebKit/537.36 (KHTML, like Gecko) Chrome/88.0.4324.190 Safari/537.36" 
96.41.35.26 - - [02/Mar/2021:19:16:14 -0800] "GET /bootstrap/img/favicon.ico HTTP/1.1" 200 690 "http://www.secrepo.com/" "Mozilla/5.0 (Windows NT 10.0; Win64; x64) AppleWebKit/537.36 (KHTML, like Gecko) Chrome/88.0.4324.190 Safari/537.36" 
114.119.130.95 - - [02/Mar/2021:19:16:43 -0800] "GET /self.logs/access.log.2017-07-30.gz HTTP/1.1" 200 15914 "-" "Mozilla/5.0 (Linux; Android 7.0;) AppleWebKit/537.36 (KHTML, like Gecko) Mobile Safari/537.36 (compatible; PetalBot;+https://aspiegel.com/petalbot)" 
66.249.64.89 - - [02/Mar/2021:19:17:05 -0800] "GET /ads.txt HTTP/1.1" 301 489 "-" "Mozilla/5.0 (compatible; Googlebot/2.1; +http://www.google.com/bot.html)" 
66.249.64.89 - - [02/Mar/2021:19:17:05 -0800] "GET /robots.txt HTTP/1.1" 301 495 "-" "Mozilla/5.0 (compatible; Googlebot/2.1; +http://www.google.com/bot.html)" 
66.249.64.155 - - [02/Mar/2021:19:17:05 -0800] "GET /robots.txt HTTP/1.1" 200 377 "-" "Mozilla/5.0 (compatible; Googlebot/2.1; +http://www.google.com/bot.html)" 
66.249.64.155 - - [02/Mar/2021:19:17:07 -0800] "GET /ads.txt HTTP/1.1" 404 328 "-" "Mozilla/5.0 (compatible; Googlebot/2.1; +http://www.google.com/bot.html)" 
114.119.155.228 - - [02/Mar/2021:19:21:44 -0800] "GET /self.logs/access.log.2019-01-21.gz HTTP/1.1" 200 21861 "-" "Mozilla/5.0 (Linux; Android 7.0;) AppleWebKit/537.36 (KHTML, like Gecko) Mobile Safari/537.36 (compatible; PetalBot;+https://aspiegel.com/petalbot)" 
114.119.155.228 - - [02/Mar/2021:19:26:43 -0800] "GET /self.logs/error.log.2020-05-23.gz HTTP/1.1" 200 1706 "-" "Mozilla/5.0 (Linux; Android 7.0;) AppleWebKit/537.36 (KHTML, like Gecko) Mobile Safari/537.36 (compatible; PetalBot;+https://aspiegel.com/petalbot)" 
119.73.118.235 - - [02/Mar/2021:19:28:30 -0800] "GET /Datasets%20Description/PE_malware/VirusShare.html HTTP/1.1" 200 1651 "-" "Mozilla/5.0 (Windows NT 10.0; Win64; x64) AppleWebKit/537.36 (KHTML, like Gecko) Chrome/88.0.4324.190 Safari/537.36" 
119.73.118.235 - - [02/Mar/2021:19:28:31 -0800] "GET /favicon.ico HTTP/1.1" 200 368 "http://www.secrepo.com/Datasets%20Description/PE_malware/VirusShare.html" "Mozilla/5.0 (Windows NT 10.0; Win64; x64) AppleWebKit/537.36 (KHTML, like Gecko) Chrome/88.0.4324.190 Safari/537.36" 
119.73.118.235 - - [02/Mar/2021:19:28:38 -0800] "GET / HTTP/1.1" 200 12882 "http://www.secrepo.com/Datasets%20Description/PE_malware/VirusShare.html" "Mozilla/5.0 (Windows NT 10.0; Win64; x64) AppleWebKit/537.36 (KHTML, like Gecko) Chrome/88.0.4324.190 Safari/537.36" 
119.73.118.235 - - [02/Mar/2021:19:28:39 -0800] "GET /css/style.css HTTP/1.1" 404 328 "http://www.secrepo.com/" "Mozilla/5.0 (Windows NT 10.0; Win64; x64) AppleWebKit/537.36 (KHTML, like Gecko) Chrome/88.0.4324.190 Safari/537.36" 
40.77.167.66 - - [02/Mar/2021:19:28:40 -0800] "GET /self.logs/error.log.2017-05-14.gz HTTP/1.1" 304 279 "-" "Mozilla/5.0 (compatible; bingbot/2.0; +http://www.bing.com/bingbot.htm)" 
119.73.118.235 - - [02/Mar/2021:19:28:41 -0800] "GET /GitHub-Mark.png HTTP/1.1" 200 7556 "http://www.secrepo.com/" "Mozilla/5.0 (Windows NT 10.0; Win64; x64) AppleWebKit/537.36 (KHTML, like Gecko) Chrome/88.0.4324.190 Safari/537.36" 
119.73.118.235 - - [02/Mar/2021:19:28:42 -0800] "GET /bootstrap/img/favicon.ico HTTP/1.1" 200 690 "http://www.secrepo.com/" "Mozilla/5.0 (Windows NT 10.0; Win64; x64) AppleWebKit/537.36 (KHTML, like Gecko) Chrome/88.0.4324.190 Safari/537.36" 
119.73.118.235 - - [02/Mar/2021:19:28:58 -0800] "GET /pe_static/zeus.zip HTTP/1.1" 206 23771 "http://www.secrepo.com/" "Mozilla/5.0 (Windows NT 10.0; Win64; x64) AppleWebKit/537.36 (KHTML, like Gecko) Chrome/88.0.4324.190 Safari/537.36" 
119.73.118.235 - - [02/Mar/2021:19:28:59 -0800] "GET /pe_static/zeus.zip HTTP/1.1" 206 107448 "http://www.secrepo.com/" "Mozilla/5.0 (Windows NT 10.0; Win64; x64) AppleWebKit/537.36 (KHTML, like Gecko) Chrome/88.0.4324.190 Safari/537.36" 
119.73.118.235 - - [02/Mar/2021:19:28:59 -0800] "GET /pe_static/zeus.zip HTTP/1.1" 206 72600 "http://www.secrepo.com/" "Mozilla/5.0 (Windows NT 10.0; Win64; x64) AppleWebKit/537.36 (KHTML, like Gecko) Chrome/88.0.4324.190 Safari/537.36" 
119.73.118.235 - - [02/Mar/2021:19:28:59 -0800] "GET /pe_static/zeus.zip HTTP/1.1" 206 72600 "http://www.secrepo.com/" "Mozilla/5.0 (Windows NT 10.0; Win64; x64) AppleWebKit/537.36 (KHTML, like Gecko) Chrome/88.0.4324.190 Safari/537.36" 
119.73.118.235 - - [02/Mar/2021:19:29:00 -0800] "GET /pe_static/zeus.zip HTTP/1.1" 206 114708 "http://www.secrepo.com/" "Mozilla/5.0 (Windows NT 10.0; Win64; x64) AppleWebKit/537.36 (KHTML, like Gecko) Chrome/88.0.4324.190 Safari/537.36" 
119.73.118.235 - - [02/Mar/2021:19:28:59 -0800] "GET /pe_static/zeus.zip HTTP/1.1" 206 78408 "http://www.secrepo.com/" "Mozilla/5.0 (Windows NT 10.0; Win64; x64) AppleWebKit/537.36 (KHTML, like Gecko) Chrome/88.0.4324.190 Safari/537.36" 
119.73.118.235 - - [02/Mar/2021:19:29:00 -0800] "GET /pe_static/zeus.zip HTTP/1.1" 206 72600 "http://www.secrepo.com/" "Mozilla/5.0 (Windows NT 10.0; Win64; x64) AppleWebKit/537.36 (KHTML, like Gecko) Chrome/88.0.4324.190 Safari/537.36" 
119.73.118.235 - - [02/Mar/2021:19:28:59 -0800] "GET /pe_static/zeus.zip HTTP/1.1" 206 75504 "http://www.secrepo.com/" "Mozilla/5.0 (Windows NT 10.0; Win64; x64) AppleWebKit/537.36 (KHTML, like Gecko) Chrome/88.0.4324.190 Safari/537.36" 
119.73.118.235 - - [02/Mar/2021:19:28:58 -0800] "GET /pe_static/zeus.zip HTTP/1.1" 200 72600 "http://www.secrepo.com/" "Mozilla/5.0 (Windows NT 10.0; Win64; x64) AppleWebKit/537.36 (KHTML, like Gecko) Chrome/88.0.4324.190 Safari/537.36" 
119.73.118.235 - - [02/Mar/2021:19:29:12 -0800] "GET /pe_static/apt1.zip HTTP/1.1" 206 23767 "http://www.secrepo.com/" "Mozilla/5.0 (Windows NT 10.0; Win64; x64) AppleWebKit/537.36 (KHTML, like Gecko) Chrome/88.0.4324.190 Safari/537.36" 
119.73.118.235 - - [02/Mar/2021:19:29:16 -0800] "GET /pe_static/apt1.zip HTTP/1.1" 206 11571 "http://www.secrepo.com/" "Mozilla/5.0 (Windows NT 10.0; Win64; x64) AppleWebKit/537.36 (KHTML, like Gecko) Chrome/88.0.4324.190 Safari/537.36" 
119.73.118.235 - - [02/Mar/2021:19:29:11 -0800] "GET /pe_static/apt1.zip HTTP/1.1" 200 238128 "http://www.secrepo.com/" "Mozilla/5.0 (Windows NT 10.0; Win64; x64) AppleWebKit/537.36 (KHTML, like Gecko) Chrome/88.0.4324.190 Safari/537.36" 
119.73.118.235 - - [02/Mar/2021:19:29:14 -0800] "GET /pe_static/apt1.zip HTTP/1.1" 206 222658 "http://www.secrepo.com/" "Mozilla/5.0 (Windows NT 10.0; Win64; x64) AppleWebKit/537.36 (KHTML, like Gecko) Chrome/88.0.4324.190 Safari/537.36" 
119.73.118.235 - - [02/Mar/2021:19:29:14 -0800] "GET /pe_static/apt1.zip HTTP/1.1" 206 222659 "http://www.secrepo.com/" "Mozilla/5.0 (Windows NT 10.0; Win64; x64) AppleWebKit/537.36 (KHTML, like Gecko) Chrome/88.0.4324.190 Safari/537.36" 
114.102.152.16 - - [02/Mar/2021:19:29:39 -0800] "GET /favicon.ico HTTP/1.1" 304 261 "-" "Mozilla/5.0 (Windows NT 10.0; WOW64) AppleWebKit/537.36 (KHTML, like Gecko) Chrome/55.0.2883.87 UBrowser/6.2.4098.3 Safari/537.36" 
119.73.118.235 - - [02/Mar/2021:19:29:35 -0800] "GET /pe_static/apt1.zip HTTP/1.1" 206 139166 "http://www.secrepo.com/" "Mozilla/5.0 (Windows NT 10.0; Win64; x64) AppleWebKit/537.36 (KHTML, like Gecko) Chrome/88.0.4324.190 Safari/537.36" 
119.73.118.235 - - [02/Mar/2021:19:29:14 -0800] "GET /pe_static/apt1.zip HTTP/1.1" 206 297660 "http://www.secrepo.com/" "Mozilla/5.0 (Windows NT 10.0; Win64; x64) AppleWebKit/537.36 (KHTML, like Gecko) Chrome/88.0.4324.190 Safari/537.36" 
119.73.118.235 - - [02/Mar/2021:19:29:42 -0800] "GET /pe_static/apt1.zip HTTP/1.1" 206 42798 "http://www.secrepo.com/" "Mozilla/5.0 (Windows NT 10.0; Win64; x64) AppleWebKit/537.36 (KHTML, like Gecko) Chrome/88.0.4324.190 Safari/537.36" 
119.73.118.235 - - [02/Mar/2021:19:29:43 -0800] "GET /pe_static/apt1.zip HTTP/1.1" 206 33156 "http://www.secrepo.com/" "Mozilla/5.0 (Windows NT 10.0; Win64; x64) AppleWebKit/537.36 (KHTML, like Gecko) Chrome/88.0.4324.190 Safari/537.36" 
119.73.118.235 - - [02/Mar/2021:19:29:43 -0800] "GET /pe_static/apt1.zip HTTP/1.1" 206 29160 "http://www.secrepo.com/" "Mozilla/5.0 (Windows NT 10.0; Win64; x64) AppleWebKit/537.36 (KHTML, like Gecko) Chrome/88.0.4324.190 Safari/537.36" 
119.73.118.235 - - [02/Mar/2021:19:29:20 -0800] "GET /pe_static/apt1.zip HTTP/1.1" 206 199426 "http://www.secrepo.com/" "Mozilla/5.0 (Windows NT 10.0; Win64; x64) AppleWebKit/537.36 (KHTML, like Gecko) Chrome/88.0.4324.190 Safari/537.36" 
119.73.118.235 - - [02/Mar/2021:19:29:13 -0800] "GET /pe_static/apt1.zip HTTP/1.1" 206 338316 "http://www.secrepo.com/" "Mozilla/5.0 (Windows NT 10.0; Win64; x64) AppleWebKit/537.36 (KHTML, like Gecko) Chrome/88.0.4324.190 Safari/537.36" 
119.73.118.235 - - [02/Mar/2021:19:29:45 -0800] "GET /pe_static/apt1.zip HTTP/1.1" 206 21015 "http://www.secrepo.com/" "Mozilla/5.0 (Windows NT 10.0; Win64; x64) AppleWebKit/537.36 (KHTML, like Gecko) Chrome/88.0.4324.190 Safari/537.36" 
119.73.118.235 - - [02/Mar/2021:19:29:46 -0800] "GET /pe_static/apt1.zip HTTP/1.1" 206 12666 "http://www.secrepo.com/" "Mozilla/5.0 (Windows NT 10.0; Win64; x64) AppleWebKit/537.36 (KHTML, like Gecko) Chrome/88.0.4324.190 Safari/537.36" 
119.73.118.235 - - [02/Mar/2021:19:29:47 -0800] "GET /pe_static/apt1.zip HTTP/1.1" 206 20494 "http://www.secrepo.com/" "Mozilla/5.0 (Windows NT 10.0; Win64; x64) AppleWebKit/537.36 (KHTML, like Gecko) Chrome/88.0.4324.190 Safari/537.36" 
119.73.118.235 - - [02/Mar/2021:19:29:13 -0800] "GET /pe_static/apt1.zip HTTP/1.1" 206 268620 "http://www.secrepo.com/" "Mozilla/5.0 (Windows NT 10.0; Win64; x64) AppleWebKit/537.36 (KHTML, like Gecko) Chrome/88.0.4324.190 Safari/537.36" 
119.73.118.235 - - [02/Mar/2021:19:29:14 -0800] "GET /pe_static/apt1.zip HTTP/1.1" 206 267168 "http://www.secrepo.com/" "Mozilla/5.0 (Windows NT 10.0; Win64; x64) AppleWebKit/537.36 (KHTML, like Gecko) Chrome/88.0.4324.190 Safari/537.36" 
119.73.118.235 - - [02/Mar/2021:19:29:49 -0800] "GET /pe_static/apt1.zip HTTP/1.1" 206 1089 "http://www.secrepo.com/" "Mozilla/5.0 (Windows NT 10.0; Win64; x64) AppleWebKit/537.36 (KHTML, like Gecko) Chrome/88.0.4324.190 Safari/537.36" 
119.73.118.235 - - [02/Mar/2021:19:30:12 -0800] "GET /pe_static/zeus.zip HTTP/1.1" 206 23771 "http://www.secrepo.com/" "Mozilla/5.0 (Windows NT 10.0; Win64; x64) AppleWebKit/537.36 (KHTML, like Gecko) Chrome/88.0.4324.190 Safari/537.36" 
119.73.118.235 - - [02/Mar/2021:19:30:07 -0800] "GET /pe_static/zeus.zip HTTP/1.1" 200 233772 "http://www.secrepo.com/" "Mozilla/5.0 (Windows NT 10.0; Win64; x64) AppleWebKit/537.36 (KHTML, like Gecko) Chrome/88.0.4324.190 Safari/537.36" 
40.77.167.49 - - [02/Mar/2021:19:30:45 -0800] "GET /self.logs/access.log.2019-01-26.gz HTTP/1.1" 304 280 "-" "Mozilla/5.0 (compatible; bingbot/2.0; +http://www.bing.com/bingbot.htm)" 
119.73.118.235 - - [02/Mar/2021:19:30:40 -0800] "GET /pe_static/apt1.zip HTTP/1.1" 206 306372 "http://www.secrepo.com/" "Mozilla/5.0 (Windows NT 10.0; Win64; x64) AppleWebKit/537.36 (KHTML, like Gecko) Chrome/88.0.4324.190 Safari/537.36" 
119.73.118.235 - - [02/Mar/2021:19:30:39 -0800] "GET /pe_static/apt1.zip HTTP/1.1" 206 296208 "http://www.secrepo.com/" "Mozilla/5.0 (Windows NT 10.0; Win64; x64) AppleWebKit/537.36 (KHTML, like Gecko) Chrome/88.0.4324.190 Safari/537.36" 
119.73.118.235 - - [02/Mar/2021:19:30:40 -0800] "GET /pe_static/apt1.zip HTTP/1.1" 206 247849 "http://www.secrepo.com/" "Mozilla/5.0 (Windows NT 10.0; Win64; x64) AppleWebKit/537.36 (KHTML, like Gecko) Chrome/88.0.4324.190 Safari/537.36" 
119.73.118.235 - - [02/Mar/2021:19:30:40 -0800] "GET /pe_static/apt1.zip HTTP/1.1" 206 246600 "http://www.secrepo.com/" "Mozilla/5.0 (Windows NT 10.0; Win64; x64) AppleWebKit/537.36 (KHTML, like Gecko) Chrome/88.0.4324.190 Safari/537.36" 
119.73.118.235 - - [02/Mar/2021:19:30:38 -0800] "GET /pe_static/apt1.zip HTTP/1.1" 200 72600 "http://www.secrepo.com/" "Mozilla/5.0 (Windows NT 10.0; Win64; x64) AppleWebKit/537.36 (KHTML, like Gecko) Chrome/88.0.4324.190 Safari/537.36" 
119.73.118.235 - - [02/Mar/2021:19:30:40 -0800] "GET /pe_static/apt1.zip HTTP/1.1" 206 247953 "http://www.secrepo.com/" "Mozilla/5.0 (Windows NT 10.0; Win64; x64) AppleWebKit/537.36 (KHTML, like Gecko) Chrome/88.0.4324.190 Safari/537.36" 
119.73.118.235 - - [02/Mar/2021:19:31:32 -0800] "GET /pe_static/apt1.zip HTTP/1.1" 206 57694 "http://www.secrepo.com/" "Mozilla/5.0 (Windows NT 10.0; Win64; x64) AppleWebKit/537.36 (KHTML, like Gecko) Chrome/88.0.4324.190 Safari/537.36" 
119.73.118.235 - - [02/Mar/2021:19:30:40 -0800] "GET /pe_static/apt1.zip HTTP/1.1" 206 304920 "http://www.secrepo.com/" "Mozilla/5.0 (Windows NT 10.0; Win64; x64) AppleWebKit/537.36 (KHTML, like Gecko) Chrome/88.0.4324.190 Safari/537.36" 
119.73.118.235 - - [02/Mar/2021:19:31:32 -0800] "GET /pe_static/apt1.zip HTTP/1.1" 206 54409 "http://www.secrepo.com/" "Mozilla/5.0 (Windows NT 10.0; Win64; x64) AppleWebKit/537.36 (KHTML, like Gecko) Chrome/88.0.4324.190 Safari/537.36" 
119.73.118.235 - - [02/Mar/2021:19:31:32 -0800] "GET /pe_static/apt1.zip HTTP/1.1" 206 51364 "http://www.secrepo.com/" "Mozilla/5.0 (Windows NT 10.0; Win64; x64) AppleWebKit/537.36 (KHTML, like Gecko) Chrome/88.0.4324.190 Safari/537.36" 
119.73.118.235 - - [02/Mar/2021:19:31:17 -0800] "GET /pe_static/apt1.zip HTTP/1.1" 206 75504 "http://www.secrepo.com/" "Mozilla/5.0 (Windows NT 10.0; Win64; x64) AppleWebKit/537.36 (KHTML, like Gecko) Chrome/88.0.4324.190 Safari/537.36" 
119.73.118.235 - - [02/Mar/2021:19:31:34 -0800] "GET /pe_static/apt1.zip HTTP/1.1" 206 27103 "http://www.secrepo.com/" "Mozilla/5.0 (Windows NT 10.0; Win64; x64) AppleWebKit/537.36 (KHTML, like Gecko) Chrome/88.0.4324.190 Safari/537.36" 
119.73.118.235 - - [02/Mar/2021:19:31:31 -0800] "GET /pe_static/apt1.zip HTTP/1.1" 206 111804 "http://www.secrepo.com/" "Mozilla/5.0 (Windows NT 10.0; Win64; x64) AppleWebKit/537.36 (KHTML, like Gecko) Chrome/88.0.4324.190 Safari/537.36" 
119.73.118.235 - - [02/Mar/2021:19:31:36 -0800] "GET /pe_static/apt1.zip HTTP/1.1" 206 48126 "http://www.secrepo.com/" "Mozilla/5.0 (Windows NT 10.0; Win64; x64) AppleWebKit/537.36 (KHTML, like Gecko) Chrome/88.0.4324.190 Safari/537.36" 
119.73.118.235 - - [02/Mar/2021:19:31:36 -0800] "GET /pe_static/apt1.zip HTTP/1.1" 206 24464 "http://www.secrepo.com/" "Mozilla/5.0 (Windows NT 10.0; Win64; x64) AppleWebKit/537.36 (KHTML, like Gecko) Chrome/88.0.4324.190 Safari/537.36" 
