54.36.148.17 - - [15/May/2021:00:17:02 -0700] "GET /self.logs/error.log.2020-11-20 HTTP/1.1" 200 307 "-" "Mozilla/5.0 (compatible; AhrefsBot/7.0; +http://ahrefs.com/robot/)" 
162.210.196.100 - - [15/May/2021:00:18:10 -0700] "GET /robots.txt HTTP/1.1" 301 495 "-" "Mozilla/5.0 (compatible; MJ12bot/v1.4.8; http://mj12bot.com/)" 
162.210.196.100 - - [15/May/2021:00:18:11 -0700] "GET /robots.txt HTTP/1.1" 200 377 "-" "Mozilla/5.0 (compatible; MJ12bot/v1.4.8; http://mj12bot.com/)" 
162.210.196.100 - - [15/May/2021:00:18:13 -0700] "GET / HTTP/1.1" 301 419 "-" "Mozilla/5.0 (compatible; MJ12bot/v1.4.8; http://mj12bot.com/)" 
162.210.196.100 - - [15/May/2021:00:18:39 -0700] "GET / HTTP/1.1" 200 12837 "-" "Mozilla/5.0 (compatible; MJ12bot/v1.4.8; http://mj12bot.com/)" 
162.210.196.100 - - [15/May/2021:00:18:41 -0700] "GET / HTTP/1.1" 200 12837 "-" "Mozilla/5.0 (compatible; MJ12bot/v1.4.8; http://mj12bot.com/)" 
114.119.144.30 - - [15/May/2021:00:19:38 -0700] "GET /self.logs/access.log.2017-06-16.gz HTTP/1.1" 200 15949 "-" "Mozilla/5.0 (Linux; Android 7.0;) AppleWebKit/537.36 (KHTML, like Gecko) Mobile Safari/537.36 (compatible; PetalBot;+https://webmaster.petalsearch.com/site/petalbot)" 
114.119.130.95 - - [15/May/2021:00:25:15 -0700] "GET /self.logs/error.log.2020-06-12 HTTP/1.1" 200 351 "-" "Mozilla/5.0 (Linux; Android 7.0;) AppleWebKit/537.36 (KHTML, like Gecko) Mobile Safari/537.36 (compatible; PetalBot;+https://webmaster.petalsearch.com/site/petalbot)" 
213.144.5.150 - - [15/May/2021:00:28:19 -0700] "HEAD / HTTP/1.1" 200 396 "-" "Java/15-ea" 
106.38.241.177 - - [15/May/2021:00:28:50 -0700] "GET / HTTP/1.1" 200 12844 "-" "Sogou web spider/4.0(+http://www.sogou.com/docs/help/webmasters.htm#07)" 
54.36.149.61 - - [15/May/2021:00:31:51 -0700] "GET /self.logs/error.log.2021-01-30.gz HTTP/1.1" 200 1396 "-" "Mozilla/5.0 (compatible; AhrefsBot/7.0; +http://ahrefs.com/robot/)" 
206.47.249.246 - - [15/May/2021:00:33:11 -0700] "GET /self.logs/error.log.2019-04-23.gz HTTP/1.1" 304 280 "-" "Mozilla/4.0 (compatible;)" 
59.64.129.233 - - [15/May/2021:00:34:43 -0700] "GET /favicon.ico HTTP/1.1" 200 391 "-" "Mozilla/5.0 (Windows NT 10.0; WOW64) AppleWebKit/537.36 (KHTML, like Gecko) Chrome/86.0.4240.198 Safari/537.36" 
54.36.149.61 - - [15/May/2021:00:39:09 -0700] "GET /self.logs/error.log.2020-05-11.gz HTTP/1.1" 200 826 "-" "Mozilla/5.0 (compatible; AhrefsBot/7.0; +http://ahrefs.com/robot/)" 
54.36.148.17 - - [15/May/2021:00:42:51 -0700] "GET /self.logs/access.log.2017-04-02.gz HTTP/1.1" 200 22196 "-" "Mozilla/5.0 (compatible; AhrefsBot/7.0; +http://ahrefs.com/robot/)" 
157.55.39.42 - - [15/May/2021:00:43:00 -0700] "GET / HTTP/1.1" 200 12881 "-" "Mozilla/5.0 (compatible; bingbot/2.0; +http://www.bing.com/bingbot.htm)" 
123.183.224.117 - - [15/May/2021:00:43:02 -0700] "GET / HTTP/1.1" 200 12844 "-" "Sogou web spider/4.0(+http://www.sogou.com/docs/help/webmasters.htm#07)" 
54.36.148.17 - - [15/May/2021:00:44:41 -0700] "GET /self.logs/access.log.2019-08-11.gz HTTP/1.1" 200 18671 "-" "Mozilla/5.0 (compatible; AhrefsBot/7.0; +http://ahrefs.com/robot/)" 
54.36.148.17 - - [15/May/2021:00:45:37 -0700] "GET /self.logs/error.log.2020-05-05 HTTP/1.1" 200 307 "-" "Mozilla/5.0 (compatible; AhrefsBot/7.0; +http://ahrefs.com/robot/)" 
40.77.188.192 - - [15/May/2021:00:45:58 -0700] "GET /css/style.css HTTP/1.1" 404 328 "http://www.secrepo.com/" "Mozilla/5.0 (Windows NT 6.1; WOW64) AppleWebKit/534+ (KHTML, like Gecko) BingPreview/1.0b" 
49.7.20.102 - - [15/May/2021:00:46:55 -0700] "GET / HTTP/1.1" 301 438 "-" "Sogou web spider/4.0(+http://www.sogou.com/docs/help/webmasters.htm#07)" 
114.119.130.95 - - [15/May/2021:00:46:56 -0700] "GET /self.logs/error.log.2018-07-08.gz HTTP/1.1" 200 7428 "-" "Mozilla/5.0 (Linux; Android 7.0;) AppleWebKit/537.36 (KHTML, like Gecko) Mobile Safari/537.36 (compatible; PetalBot;+https://webmaster.petalsearch.com/site/petalbot)" 
54.36.148.189 - - [15/May/2021:00:46:58 -0700] "GET /self.logs/2015/access.log.2015-10-05.gz HTTP/1.1" 200 3814 "-" "Mozilla/5.0 (compatible; AhrefsBot/7.0; +http://ahrefs.com/robot/)" 
157.55.39.45 - - [15/May/2021:00:47:46 -0700] "GET /self.logs/2016/error.log.2016-12-18.gz HTTP/1.1" 200 653 "-" "Mozilla/5.0 (compatible; bingbot/2.0; +http://www.bing.com/bingbot.htm)" 
54.36.148.17 - - [15/May/2021:00:47:51 -0700] "GET /self.logs/2015/access.log.2015-05-05.gz HTTP/1.1" 200 4457 "-" "Mozilla/5.0 (compatible; AhrefsBot/7.0; +http://ahrefs.com/robot/)" 
49.7.20.68 - - [15/May/2021:00:48:31 -0700] "GET / HTTP/1.1" 200 12843 "-" "Sogou web spider/4.0(+http://www.sogou.com/docs/help/webmasters.htm#07)" 
223.73.111.191 - - [15/May/2021:00:49:41 -0700] "GET / HTTP/1.1" 200 12880 "-" "Mozilla/5.0 (Windows NT 10.0; Win64; x64) AppleWebKit/537.36 (KHTML, like Gecko) Chrome/90.0.4430.212 Safari/537.36" 
223.73.111.191 - - [15/May/2021:00:49:41 -0700] "GET /css/style.css HTTP/1.1" 404 305 "http://www.secrepo.com/" "Mozilla/5.0 (Windows NT 10.0; Win64; x64) AppleWebKit/537.36 (KHTML, like Gecko) Chrome/90.0.4430.212 Safari/537.36" 
223.73.111.191 - - [15/May/2021:00:49:42 -0700] "GET /twitter-icon.png HTTP/1.1" 200 27893 "http://www.secrepo.com/" "Mozilla/5.0 (Windows NT 10.0; Win64; x64) AppleWebKit/537.36 (KHTML, like Gecko) Chrome/90.0.4430.212 Safari/537.36" 
223.73.111.191 - - [15/May/2021:00:49:42 -0700] "GET /GitHub-Mark.png HTTP/1.1" 200 7556 "http://www.secrepo.com/" "Mozilla/5.0 (Windows NT 10.0; Win64; x64) AppleWebKit/537.36 (KHTML, like Gecko) Chrome/90.0.4430.212 Safari/537.36" 
223.73.111.191 - - [15/May/2021:00:50:02 -0700] "GET /bootstrap/img/favicon.ico HTTP/1.1" 200 713 "http://www.secrepo.com/" "Mozilla/5.0 (Windows NT 10.0; Win64; x64) AppleWebKit/537.36 (KHTML, like Gecko) Chrome/90.0.4430.212 Safari/537.36" 
54.36.148.229 - - [15/May/2021:00:51:30 -0700] "GET /self.logs/2015/access.log.2015-03-11.gz HTTP/1.1" 200 2474 "-" "Mozilla/5.0 (compatible; AhrefsBot/7.0; +http://ahrefs.com/robot/)" 
114.119.140.84 - - [15/May/2021:00:52:44 -0700] "GET /self.logs/error.log.2019-09-14.gz HTTP/1.1" 200 1581 "-" "Mozilla/5.0 (Linux; Android 7.0;) AppleWebKit/537.36 (KHTML, like Gecko) Mobile Safari/537.36 (compatible; PetalBot;+https://webmaster.petalsearch.com/site/petalbot)" 
118.26.37.156 - - [15/May/2021:00:53:32 -0700] "GET / HTTP/1.1" 200 12880 "-" "Mozilla/5.0 (Linux; Android 8.1; EML-L29 Build/HUAWEIEML-L29; xx-xx) AppleWebKit/537.36 (KHTML, like Gecko) Version/4.0 Chrome/65.0.3325.109 Mobile Safari/537.36" 
118.26.37.156 - - [15/May/2021:00:53:33 -0700] "GET /user/Login HTTP/1.1" 404 305 "-" "Mozilla/5.0 (Linux; Android 8.1; EML-L29 Build/HUAWEIEML-L29; xx-xx) AppleWebKit/537.36 (KHTML, like Gecko) Version/4.0 Chrome/65.0.3325.109 Mobile Safari/537.36" 
118.26.37.156 - - [15/May/2021:00:53:33 -0700] "GET /wap/trading/lastKlineParameter HTTP/1.1" 404 305 "-" "Mozilla/5.0 (Linux; Android 8.1; EML-L29 Build/HUAWEIEML-L29; xx-xx) AppleWebKit/537.36 (KHTML, like Gecko) Version/4.0 Chrome/65.0.3325.109 Mobile Safari/537.36" 
118.26.37.156 - - [15/May/2021:00:53:34 -0700] "GET /wap/trading/get_newallorder_ajax HTTP/1.1" 404 305 "-" "Mozilla/5.0 (Linux; Android 8.1; EML-L29 Build/HUAWEIEML-L29; xx-xx) AppleWebKit/537.36 (KHTML, like Gecko) Version/4.0 Chrome/65.0.3325.109 Mobile Safari/537.36" 
118.26.37.156 - - [15/May/2021:00:53:34 -0700] "GET /h5/ HTTP/1.1" 404 328 "-" "Mozilla/5.0 (Linux; Android 8.1; EML-L29 Build/HUAWEIEML-L29; xx-xx) AppleWebKit/537.36 (KHTML, like Gecko) Version/4.0 Chrome/65.0.3325.109 Mobile Safari/537.36" 
118.26.37.156 - - [15/May/2021:00:53:34 -0700] "GET /files/pub_rem.js HTTP/1.1" 404 305 "-" "Mozilla/5.0 (Linux; Android 8.1; EML-L29 Build/HUAWEIEML-L29; xx-xx) AppleWebKit/537.36 (KHTML, like Gecko) Version/4.0 Chrome/65.0.3325.109 Mobile Safari/537.36" 
118.26.37.156 - - [15/May/2021:00:53:35 -0700] "GET /files/pub_reset.css HTTP/1.1" 404 305 "-" "Mozilla/5.0 (Linux; Android 8.1; EML-L29 Build/HUAWEIEML-L29; xx-xx) AppleWebKit/537.36 (KHTML, like Gecko) Version/4.0 Chrome/65.0.3325.109 Mobile Safari/537.36" 
118.26.37.156 - - [15/May/2021:00:53:35 -0700] "GET /h5/ HTTP/1.1" 404 305 "-" "Mozilla/5.0 (Linux; Android 8.1; EML-L29 Build/HUAWEIEML-L29; xx-xx) AppleWebKit/537.36 (KHTML, like Gecko) Version/4.0 Chrome/65.0.3325.109 Mobile Safari/537.36" 
118.26.37.156 - - [15/May/2021:00:53:35 -0700] "GET /js/home.js HTTP/1.1" 404 305 "-" "Mozilla/5.0 (Linux; Android 8.1; EML-L29 Build/HUAWEIEML-L29; xx-xx) AppleWebKit/537.36 (KHTML, like Gecko) Version/4.0 Chrome/65.0.3325.109 Mobile Safari/537.36" 
118.26.37.156 - - [15/May/2021:00:53:39 -0700] "GET /admin/index HTTP/1.1" 404 328 "-" "Mozilla/5.0 (Linux; Android 8.1; EML-L29 Build/HUAWEIEML-L29; xx-xx) AppleWebKit/537.36 (KHTML, like Gecko) Version/4.0 Chrome/65.0.3325.109 Mobile Safari/537.36" 
118.26.37.156 - - [15/May/2021:00:53:39 -0700] "GET /api/content_bottom HTTP/1.1" 404 305 "-" "Mozilla/5.0 (Macintosh; Intel Mac OS X 10_15_7) AppleWebKit/537.36 (KHTML, like Gecko) Chrome/85.0.4183.121 Safari/537.36" 
118.26.37.156 - - [15/May/2021:00:53:41 -0700] "GET /Recruit/download_url HTTP/1.1" 404 305 "-" "Mozilla/5.0 (Macintosh; Intel Mac OS X 10_15_7) AppleWebKit/537.36 (KHTML, like Gecko) Chrome/85.0.4183.121 Safari/537.36" 
118.26.37.156 - - [15/May/2021:00:53:41 -0700] "GET /home/loadmymanager HTTP/1.1" 404 305 "-" "Mozilla/5.0 (Macintosh; Intel Mac OS X 10_15_7) AppleWebKit/537.36 (KHTML, like Gecko) Chrome/85.0.4183.121 Safari/537.36" 
118.26.37.156 - - [15/May/2021:00:53:44 -0700] "GET /account/login HTTP/1.1" 404 328 "-" "Mozilla/5.0 (Macintosh; Intel Mac OS X 10_15_7) AppleWebKit/537.36 (KHTML, like Gecko) Chrome/85.0.4183.121 Safari/537.36" 
118.26.37.156 - - [15/May/2021:00:53:44 -0700] "GET /index/login/register HTTP/1.1" 404 305 "-" "Mozilla/5.0 (Macintosh; Intel Mac OS X 10_15_7) AppleWebKit/537.36 (KHTML, like Gecko) Chrome/85.0.4183.121 Safari/537.36" 
118.26.37.156 - - [15/May/2021:00:53:52 -0700] "GET /static/login/js/lk/order.js HTTP/1.1" 404 328 "-" "Mozilla/5.0 (Macintosh; Intel Mac OS X 10_15_7) AppleWebKit/537.36 (KHTML, like Gecko) Chrome/85.0.4183.121 Safari/537.36" 
118.26.37.156 - - [15/May/2021:00:53:52 -0700] "GET /s_api/basic/config_js?callback=__set_config HTTP/1.1" 404 305 "-" "Mozilla/5.0 (Macintosh; Intel Mac OS X 10_15_7) AppleWebKit/537.36 (KHTML, like Gecko) Chrome/85.0.4183.121 Safari/537.36" 
118.26.37.156 - - [15/May/2021:00:54:15 -0700] "GET /manager/js/left.js HTTP/1.1" 404 328 "-" "Mozilla/5.0 (Macintosh; Intel Mac OS X 10_15_7) AppleWebKit/537.36 (KHTML, like Gecko) Chrome/85.0.4183.121 Safari/537.36" 
118.26.37.156 - - [15/May/2021:00:54:25 -0700] "GET /getConfig/getArticle.do?code=19 HTTP/1.1" 404 328 "-" "Mozilla/5.0 (Macintosh; Intel Mac OS X 10_15_7) AppleWebKit/537.36 (KHTML, like Gecko) Chrome/85.0.4183.121 Safari/537.36" 
118.26.37.156 - - [15/May/2021:00:54:29 -0700] "GET /Pc/Lang/index.html HTTP/1.1" 404 328 "-" "Mozilla/5.0 (Macintosh; Intel Mac OS X 10_15_7) AppleWebKit/537.36 (KHTML, like Gecko) Chrome/85.0.4183.121 Safari/537.36" 
118.26.37.156 - - [15/May/2021:00:54:30 -0700] "GET /Home/Bind/binding HTTP/1.1" 404 305 "-" "Mozilla/5.0 (Macintosh; Intel Mac OS X 10_15_7) AppleWebKit/537.36 (KHTML, like Gecko) Chrome/85.0.4183.121 Safari/537.36" 
118.26.37.156 - - [15/May/2021:00:54:30 -0700] "GET /static/data/gamedatas.js HTTP/1.1" 404 305 "-" "Mozilla/5.0 (Macintosh; Intel Mac OS X 10_15_7) AppleWebKit/537.36 (KHTML, like Gecko) Chrome/85.0.4183.121 Safari/537.36" 
118.26.37.156 - - [15/May/2021:00:54:35 -0700] "GET /iframe/rankgiftgotapi/1005 HTTP/1.1" 404 328 "-" "Mozilla/5.0 (Macintosh; Intel Mac OS X 10_15_7) AppleWebKit/537.36 (KHTML, like Gecko) Chrome/85.0.4183.121 Safari/537.36" 
118.26.37.156 - - [15/May/2021:00:54:41 -0700] "GET /m/allticker/1 HTTP/1.1" 404 328 "-" "Mozilla/5.0 (Macintosh; Intel Mac OS X 10_15_7) AppleWebKit/537.36 (KHTML, like Gecko) Chrome/85.0.4183.121 Safari/537.36" 
118.26.37.156 - - [15/May/2021:00:54:50 -0700] "GET /kefu.php HTTP/1.1" 404 328 "-" "Mozilla/5.0 (Macintosh; Intel Mac OS X 10_15_7) AppleWebKit/537.36 (KHTML, like Gecko) Chrome/85.0.4183.121 Safari/537.36" 
118.26.37.156 - - [15/May/2021:00:54:57 -0700] "GET /fePublicInfo/ HTTP/1.1" 404 328 "-" "Mozilla/5.0 (Macintosh; Intel Mac OS X 10_15_7) AppleWebKit/537.36 (KHTML, like Gecko) Chrome/85.0.4183.121 Safari/537.36" 
118.26.37.156 - - [15/May/2021:00:55:03 -0700] "GET /thriveGame.css HTTP/1.1" 404 328 "-" "Mozilla/5.0 (Macintosh; Intel Mac OS X 10_15_7) AppleWebKit/537.36 (KHTML, like Gecko) Chrome/85.0.4183.121 Safari/537.36" 
118.26.37.156 - - [15/May/2021:00:55:03 -0700] "GET /ipl/app/flash/publicbmw/ball/FigLeaf.js?site=member HTTP/1.1" 404 328 "-" "Mozilla/5.0 (Macintosh; Intel Mac OS X 10_15_7) AppleWebKit/537.36 (KHTML, like Gecko) Chrome/85.0.4183.121 Safari/537.36" 
118.26.37.156 - - [15/May/2021:00:55:06 -0700] "GET /css/view/main/goin.css HTTP/1.1" 404 328 "-" "Mozilla/5.0 (Macintosh; Intel Mac OS X 10_15_7) AppleWebKit/537.36 (KHTML, like Gecko) Chrome/85.0.4183.121 Safari/537.36" 
118.26.37.156 - - [15/May/2021:00:55:13 -0700] "GET /langConfig.js HTTP/1.1" 404 328 "-" "Mozilla/5.0 (Macintosh; Intel Mac OS X 10_15_7) AppleWebKit/537.36 (KHTML, like Gecko) Chrome/85.0.4183.121 Safari/537.36" 
118.26.37.156 - - [15/May/2021:00:55:13 -0700] "GET /login/img/nyyh/chkjs.js HTTP/1.1" 404 328 "-" "Mozilla/5.0 (Macintosh; Intel Mac OS X 10_15_7) AppleWebKit/537.36 (KHTML, like Gecko) Chrome/85.0.4183.121 Safari/537.36" 
118.26.37.156 - - [15/May/2021:00:55:13 -0700] "GET /Content/common/web/CommonActivity.css HTTP/1.1" 404 328 "-" "Mozilla/5.0 (Macintosh; Intel Mac OS X 10_15_7) AppleWebKit/537.36 (KHTML, like Gecko) Chrome/85.0.4183.121 Safari/537.36" 
118.26.37.156 - - [15/May/2021:00:55:15 -0700] "GET /common/member/js/user.util.js HTTP/1.1" 404 328 "-" "Mozilla/5.0 (Macintosh; Intel Mac OS X 10_15_7) AppleWebKit/537.36 (KHTML, like Gecko) Chrome/85.0.4183.121 Safari/537.36" 
118.26.37.156 - - [15/May/2021:00:55:16 -0700] "GET /css/app.css HTTP/1.1" 404 328 "-" "Mozilla/5.0 (Macintosh; Intel Mac OS X 10_15_7) AppleWebKit/537.36 (KHTML, like Gecko) Chrome/85.0.4183.121 Safari/537.36" 
118.26.37.156 - - [15/May/2021:00:55:16 -0700] "GET /resources/css/headernav.css HTTP/1.1" 404 328 "-" "Mozilla/5.0 (Macintosh; Intel Mac OS X 10_15_7) AppleWebKit/537.36 (KHTML, like Gecko) Chrome/85.0.4183.121 Safari/537.36" 
118.26.37.156 - - [15/May/2021:00:55:19 -0700] "GET /Public/css/errorCss.css HTTP/1.1" 404 328 "-" "Mozilla/5.0 (Macintosh; Intel Mac OS X 10_15_7) AppleWebKit/537.36 (KHTML, like Gecko) Chrome/85.0.4183.121 Safari/537.36" 
118.26.37.156 - - [15/May/2021:00:55:19 -0700] "GET /Home/Index/ajaxTJ HTTP/1.1" 404 328 "-" "Mozilla/5.0 (Macintosh; Intel Mac OS X 10_15_7) AppleWebKit/537.36 (KHTML, like Gecko) Chrome/85.0.4183.121 Safari/537.36" 
118.26.37.156 - - [15/May/2021:00:55:31 -0700] "GET /cscpLoginWeb/scripts/public.js HTTP/1.1" 404 328 "-" "Mozilla/5.0 (Macintosh; Intel Mac OS X 10_15_7) AppleWebKit/537.36 (KHTML, like Gecko) Chrome/85.0.4183.121 Safari/537.36" 
118.26.37.156 - - [15/May/2021:00:55:33 -0700] "GET /site.js HTTP/1.1" 404 328 "-" "Mozilla/5.0 (Macintosh; Intel Mac OS X 10_15_7) AppleWebKit/537.36 (KHTML, like Gecko) Chrome/85.0.4183.121 Safari/537.36" 
118.26.37.156 - - [15/May/2021:00:55:41 -0700] "GET /admin HTTP/1.1" 404 328 "-" "Mozilla/5.0 (Macintosh; Intel Mac OS X 10_15_7) AppleWebKit/537.36 (KHTML, like Gecko) Chrome/85.0.4183.121 Safari/537.36" 
118.26.37.156 - - [15/May/2021:00:55:42 -0700] "GET /home/login/login_index.html HTTP/1.1" 404 328 "-" "Mozilla/5.0 (Macintosh; Intel Mac OS X 10_15_7) AppleWebKit/537.36 (KHTML, like Gecko) Chrome/85.0.4183.121 Safari/537.36" 
118.26.37.156 - - [15/May/2021:00:55:43 -0700] "GET /api/uploads/apimap HTTP/1.1" 404 328 "-" "Mozilla/5.0 (Macintosh; Intel Mac OS X 10_15_7) AppleWebKit/537.36 (KHTML, like Gecko) Chrome/85.0.4183.121 Safari/537.36" 
118.26.37.156 - - [15/May/2021:00:55:46 -0700] "GET /skin/js/common.js HTTP/1.1" 404 328 "-" "Mozilla/5.0 (Macintosh; Intel Mac OS X 10_15_7) AppleWebKit/537.36 (KHTML, like Gecko) Chrome/85.0.4183.121 Safari/537.36" 
118.26.37.156 - - [15/May/2021:00:55:47 -0700] "GET /api/web/user/getIndexData.php HTTP/1.1" 404 305 "-" "Mozilla/5.0 (Macintosh; Intel Mac OS X 10_15_7) AppleWebKit/537.36 (KHTML, like Gecko) Chrome/85.0.4183.121 Safari/537.36" 
118.26.37.156 - - [15/May/2021:00:55:56 -0700] "GET /public/admin.php/api/index/loansList HTTP/1.1" 404 328 "-" "Mozilla/5.0 (Macintosh; Intel Mac OS X 10_15_7) AppleWebKit/537.36 (KHTML, like Gecko) Chrome/85.0.4183.121 Safari/537.36" 
118.26.37.156 - - [15/May/2021:00:56:01 -0700] "GET /Public/home/wap/css/qdgame.css HTTP/1.1" 404 328 "-" "Mozilla/5.0 (Macintosh; Intel Mac OS X 10_15_7) AppleWebKit/537.36 (KHTML, like Gecko) Chrome/85.0.4183.121 Safari/537.36" 
118.26.37.156 - - [15/May/2021:00:56:04 -0700] "GET /template/920ka/js/woodyapp.js HTTP/1.1" 404 328 "-" "Mozilla/5.0 (Macintosh; Intel Mac OS X 10_15_7) AppleWebKit/537.36 (KHTML, like Gecko) Chrome/85.0.4183.121 Safari/537.36" 
118.26.37.156 - - [15/May/2021:00:56:08 -0700] "GET /template/tmp1/js/common.js HTTP/1.1" 404 328 "-" "Mozilla/5.0 (Macintosh; Intel Mac OS X 10_15_7) AppleWebKit/537.36 (KHTML, like Gecko) Chrome/85.0.4183.121 Safari/537.36" 
118.26.37.156 - - [15/May/2021:00:56:09 -0700] "GET /Public/Home/js/common.js HTTP/1.1" 404 305 "-" "Mozilla/5.0 (Macintosh; Intel Mac OS X 10_15_7) AppleWebKit/537.36 (KHTML, like Gecko) Chrome/85.0.4183.121 Safari/537.36" 
118.26.37.156 - - [15/May/2021:00:56:09 -0700] "GET /homes/ HTTP/1.1" 404 305 "-" "Mozilla/5.0 (Macintosh; Intel Mac OS X 10_15_7) AppleWebKit/537.36 (KHTML, like Gecko) Chrome/85.0.4183.121 Safari/537.36" 
118.26.37.156 - - [15/May/2021:00:56:16 -0700] "GET /JS/loginstatus.js HTTP/1.1" 404 328 "-" "Mozilla/5.0 (Macintosh; Intel Mac OS X 10_15_7) AppleWebKit/537.36 (KHTML, like Gecko) Chrome/85.0.4183.121 Safari/537.36" 
118.26.37.156 - - [15/May/2021:00:56:20 -0700] "GET /static/home/static/js/login.js HTTP/1.1" 404 328 "-" "Mozilla/5.0 (Macintosh; Intel Mac OS X 10_15_7) AppleWebKit/537.36 (KHTML, like Gecko) Chrome/85.0.4183.121 Safari/537.36" 
118.26.37.156 - - [15/May/2021:00:56:20 -0700] "GET /Promotions/list.mvc HTTP/1.1" 404 328 "-" "Mozilla/5.0 (Macintosh; Intel Mac OS X 10_15_7) AppleWebKit/537.36 (KHTML, like Gecko) Chrome/85.0.4183.121 Safari/537.36" 
118.26.37.156 - - [15/May/2021:00:56:20 -0700] "GET /check.php HTTP/1.1" 404 305 "-" "Mozilla/5.0 (Macintosh; Intel Mac OS X 10_15_7) AppleWebKit/537.36 (KHTML, like Gecko) Chrome/85.0.4183.121 Safari/537.36" 
118.26.37.156 - - [15/May/2021:00:56:24 -0700] "GET /static/guide/ab.css HTTP/1.1" 404 328 "-" "Mozilla/5.0 (Macintosh; Intel Mac OS X 10_15_7) AppleWebKit/537.36 (KHTML, like Gecko) Chrome/85.0.4183.121 Safari/537.36" 
118.26.37.156 - - [15/May/2021:00:56:27 -0700] "GET /api/stock/getSingleStock.do?code=002405 HTTP/1.1" 404 328 "-" "Mozilla/5.0 (Macintosh; Intel Mac OS X 10_15_7) AppleWebKit/537.36 (KHTML, like Gecko) Chrome/85.0.4183.121 Safari/537.36" 
118.26.37.156 - - [15/May/2021:00:56:34 -0700] "GET /h5/ HTTP/1.1" 404 328 "-" "Mozilla/5.0 (Macintosh; Intel Mac OS X 10_15_7) AppleWebKit/537.36 (KHTML, like Gecko) Chrome/85.0.4183.121 Safari/537.36" 
118.26.37.156 - - [15/May/2021:00:56:34 -0700] "GET /index.php/Wap/Api/getBanner HTTP/1.1" 404 305 "-" "Mozilla/5.0 (Macintosh; Intel Mac OS X 10_15_7) AppleWebKit/537.36 (KHTML, like Gecko) Chrome/85.0.4183.121 Safari/537.36" 
17.121.115.177 - - [15/May/2021:00:56:36 -0700] "GET /Datasets%20Description/Network/dns.html HTTP/1.1" 200 1499 "-" "Mozilla/5.0 (Macintosh; Intel Mac OS X 10_15_5) AppleWebKit/605.1.15 (KHTML, like Gecko) Version/13.1.1 Safari/605.1.15 (Applebot/0.1; +http://www.apple.com/go/applebot)" 
118.26.37.156 - - [15/May/2021:00:56:37 -0700] "GET /common/download.js HTTP/1.1" 404 328 "-" "Mozilla/5.0 (Macintosh; Intel Mac OS X 10_15_7) AppleWebKit/537.36 (KHTML, like Gecko) Chrome/85.0.4183.121 Safari/537.36" 
118.26.37.156 - - [15/May/2021:00:56:37 -0700] "GET /index/index/andiro HTTP/1.1" 404 305 "-" "Mozilla/5.0 (Macintosh; Intel Mac OS X 10_15_7) AppleWebKit/537.36 (KHTML, like Gecko) Chrome/85.0.4183.121 Safari/537.36" 
118.26.37.156 - - [15/May/2021:00:56:37 -0700] "GET /api/message/webInfo HTTP/1.1" 404 305 "-" "Mozilla/5.0 (Macintosh; Intel Mac OS X 10_15_7) AppleWebKit/537.36 (KHTML, like Gecko) Chrome/85.0.4183.121 Safari/537.36" 
118.26.37.156 - - [15/May/2021:00:56:40 -0700] "GET /cq/css/cssy.css HTTP/1.1" 404 328 "-" "Mozilla/5.0 (Macintosh; Intel Mac OS X 10_15_7) AppleWebKit/537.36 (KHTML, like Gecko) Chrome/85.0.4183.121 Safari/537.36" 
118.26.37.156 - - [15/May/2021:00:57:09 -0700] "GET /api/contactWay HTTP/1.1" 404 328 "-" "Mozilla/5.0 (Macintosh; Intel Mac OS X 10_15_7) AppleWebKit/537.36 (KHTML, like Gecko) Chrome/85.0.4183.121 Safari/537.36" 
118.26.37.156 - - [15/May/2021:00:57:10 -0700] "GET /market/getStockBaseInfo?stockCodeInternal=2658 HTTP/1.1" 404 305 "-" "Mozilla/5.0 (Macintosh; Intel Mac OS X 10_15_7) AppleWebKit/537.36 (KHTML, like Gecko) Chrome/85.0.4183.121 Safari/537.36" 
118.26.37.156 - - [15/May/2021:00:57:14 -0700] "GET /js/json.js HTTP/1.1" 404 328 "-" "Mozilla/5.0 (Macintosh; Intel Mac OS X 10_15_7) AppleWebKit/537.36 (KHTML, like Gecko) Chrome/85.0.4183.121 Safari/537.36" 
118.26.37.156 - - [15/May/2021:00:57:14 -0700] "GET /loan HTTP/1.1" 404 305 "-" "Mozilla/5.0 (Macintosh; Intel Mac OS X 10_15_7) AppleWebKit/537.36 (KHTML, like Gecko) Chrome/85.0.4183.121 Safari/537.36" 
118.26.37.156 - - [15/May/2021:00:57:35 -0700] "GET /home/main/login HTTP/1.1" 404 328 "-" "Mozilla/5.0 (Macintosh; Intel Mac OS X 10_15_7) AppleWebKit/537.36 (KHTML, like Gecko) Chrome/85.0.4183.121 Safari/537.36" 
118.26.37.156 - - [15/May/2021:00:57:37 -0700] "GET /api/common/getConfig HTTP/1.1" 404 328 "-" "Mozilla/5.0 (Macintosh; Intel Mac OS X 10_15_7) AppleWebKit/537.36 (KHTML, like Gecko) Chrome/85.0.4183.121 Safari/537.36" 
118.26.37.156 - - [15/May/2021:00:57:38 -0700] "GET / HTTP/1.1" 200 12880 "-" "Mozilla/5.0 (Macintosh; Intel Mac OS X 10_15_7) AppleWebKit/537.36 (KHTML, like Gecko) Chrome/85.0.4183.121 Safari/537.36" 
114.119.140.84 - - [15/May/2021:00:58:16 -0700] "GET /self.logs/2015/error.log.2015-09-01.gz HTTP/1.1" 200 781 "-" "Mozilla/5.0 (Linux; Android 7.0;) AppleWebKit/537.36 (KHTML, like Gecko) Mobile Safari/537.36 (compatible; PetalBot;+https://webmaster.petalsearch.com/site/petalbot)" 
49.7.20.102 - - [15/May/2021:00:58:18 -0700] "GET / HTTP/1.1" 200 12843 "-" "Sogou web spider/4.0(+http://www.sogou.com/docs/help/webmasters.htm#07)" 
54.36.148.238 - - [15/May/2021:00:58:55 -0700] "GET /self.logs/error.log.2019-01-15.gz HTTP/1.1" 200 4870 "-" "Mozilla/5.0 (compatible; AhrefsBot/7.0; +http://ahrefs.com/robot/)" 
114.119.140.84 - - [15/May/2021:01:03:45 -0700] "GET /self.logs/access.log.2017-03-03.gz HTTP/1.1" 200 18289 "-" "Mozilla/5.0 (Linux; Android 7.0;) AppleWebKit/537.36 (KHTML, like Gecko) Mobile Safari/537.36 (compatible; PetalBot;+https://webmaster.petalsearch.com/site/petalbot)" 
49.7.20.105 - - [15/May/2021:01:05:39 -0700] "GET / HTTP/1.1" 301 438 "-" "Sogou web spider/4.0(+http://www.sogou.com/docs/help/webmasters.htm#07)" 
49.7.20.108 - - [15/May/2021:01:06:05 -0700] "GET / HTTP/1.1" 200 12844 "-" "Sogou web spider/4.0(+http://www.sogou.com/docs/help/webmasters.htm#07)" 
114.119.159.40 - - [15/May/2021:01:09:22 -0700] "GET /self.logs/2015/access.log.2015-08-27.gz HTTP/1.1" 200 6156 "-" "Mozilla/5.0 (Linux; Android 7.0;) AppleWebKit/537.36 (KHTML, like Gecko) Mobile Safari/537.36 (compatible; PetalBot;+https://webmaster.petalsearch.com/site/petalbot)" 
49.7.20.102 - - [15/May/2021:01:09:44 -0700] "GET / HTTP/1.1" 200 12844 "-" "Sogou web spider/4.0(+http://www.sogou.com/docs/help/webmasters.htm#07)" 
54.36.148.17 - - [15/May/2021:01:12:41 -0700] "GET /self.logs/error.log.2020-09-10 HTTP/1.1" 200 307 "-" "Mozilla/5.0 (compatible; AhrefsBot/7.0; +http://ahrefs.com/robot/)" 
49.7.20.102 - - [15/May/2021:01:19:29 -0700] "GET / HTTP/1.1" 200 12844 "-" "Sogou web spider/4.0(+http://www.sogou.com/docs/help/webmasters.htm#07)" 
114.119.141.118 - - [15/May/2021:01:19:57 -0700] "GET /robots.txt HTTP/1.1" 200 377 "-" "Mozilla/5.0 (compatible;PetalBot;+https://webmaster.petalsearch.com/site/petalbot)" 
178.150.47.62 - - [15/May/2021:01:22:41 -0700] "GET / HTTP/1.1" 200 48020 "https://uzporno.mobi/" "Mozilla/4.0 (compatible; MSIE 6.0; Windows NT 5.0; APC; .NET CLR 1.0.3705; .NET CLR 1.1.4322; .NET CLR 2.0.50215; InfoPath.1)" 
178.150.47.62 - - [15/May/2021:01:22:42 -0700] "GET / HTTP/1.1" 200 48020 "https://uzporno.mobi/" "Mozilla/4.0 (compatible; MSIE 6.0; Windows NT 5.0; APC; .NET CLR 1.0.3705; .NET CLR 1.1.4322; .NET CLR 2.0.50215; InfoPath.1)" 
178.150.47.62 - - [15/May/2021:01:22:42 -0700] "GET / HTTP/1.1" 200 48020 "https://uzporno.mobi/" "Mozilla/4.0 (compatible; MSIE 6.0; Windows NT 5.0; APC; .NET CLR 1.0.3705; .NET CLR 1.1.4322; .NET CLR 2.0.50215; InfoPath.1)" 
114.119.129.244 - - [15/May/2021:01:25:49 -0700] "GET /self.logs/access.log.2019-10-02.gz HTTP/1.1" 200 23010 "-" "Mozilla/5.0 (Linux; Android 7.0;) AppleWebKit/537.36 (KHTML, like Gecko) Mobile Safari/537.36 (compatible; PetalBot;+https://webmaster.petalsearch.com/site/petalbot)" 
54.36.148.17 - - [15/May/2021:01:27:11 -0700] "GET /self.logs/error.log.2020-05-07 HTTP/1.1" 200 307 "-" "Mozilla/5.0 (compatible; AhrefsBot/7.0; +http://ahrefs.com/robot/)" 
49.7.20.102 - - [15/May/2021:01:28:59 -0700] "GET / HTTP/1.1" 200 12844 "-" "Sogou web spider/4.0(+http://www.sogou.com/docs/help/webmasters.htm#07)" 
114.119.141.53 - - [15/May/2021:01:31:20 -0700] "GET /self.logs/access.log.2017-05-13.gz HTTP/1.1" 200 14908 "-" "Mozilla/5.0 (Linux; Android 7.0;) AppleWebKit/537.36 (KHTML, like Gecko) Mobile Safari/537.36 (compatible; PetalBot;+https://webmaster.petalsearch.com/site/petalbot)" 
106.38.241.177 - - [15/May/2021:01:33:29 -0700] "GET / HTTP/1.1" 200 12844 "-" "Sogou web spider/4.0(+http://www.sogou.com/docs/help/webmasters.htm#07)" 
114.119.141.53 - - [15/May/2021:01:37:03 -0700] "GET /self.logs/access.log.2018-06-29.gz HTTP/1.1" 200 39999 "-" "Mozilla/5.0 (Linux; Android 7.0;) AppleWebKit/537.36 (KHTML, like Gecko) Mobile Safari/537.36 (compatible; PetalBot;+https://webmaster.petalsearch.com/site/petalbot)" 
54.36.149.61 - - [15/May/2021:01:38:46 -0700] "GET /self.logs/access.log.2020-03-27.gz HTTP/1.1" 200 16180 "-" "Mozilla/5.0 (compatible; AhrefsBot/7.0; +http://ahrefs.com/robot/)" 
114.119.141.53 - - [15/May/2021:01:42:45 -0700] "GET /self.logs/access.log.2017-07-19.gz HTTP/1.1" 200 22616 "-" "Mozilla/5.0 (Linux; Android 7.0;) AppleWebKit/537.36 (KHTML, like Gecko) Mobile Safari/537.36 (compatible; PetalBot;+https://webmaster.petalsearch.com/site/petalbot)" 
114.119.150.248 - - [15/May/2021:01:48:06 -0700] "GET /self.logs/access.log.2019-04-09.gz HTTP/1.1" 200 30680 "-" "Mozilla/5.0 (Linux; Android 7.0;) AppleWebKit/537.36 (KHTML, like Gecko) Mobile Safari/537.36 (compatible; PetalBot;+https://webmaster.petalsearch.com/site/petalbot)" 
54.36.149.61 - - [15/May/2021:01:55:00 -0700] "GET /self.logs/2015/access.log.2015-03-04.gz HTTP/1.1" 200 3503 "-" "Mozilla/5.0 (compatible; AhrefsBot/7.0; +http://ahrefs.com/robot/)" 
49.7.20.68 - - [15/May/2021:01:55:39 -0700] "GET / HTTP/1.1" 200 12843 "-" "Sogou web spider/4.0(+http://www.sogou.com/docs/help/webmasters.htm#07)" 
40.77.167.38 - - [15/May/2021:01:56:00 -0700] "GET /self.logs/access.log.2021-04-09.gz HTTP/1.1" 200 27997 "-" "Mozilla/5.0 (compatible; bingbot/2.0; +http://www.bing.com/bingbot.htm)" 
49.7.20.105 - - [15/May/2021:01:59:58 -0700] "GET / HTTP/1.1" 200 12843 "-" "Sogou web spider/4.0(+http://www.sogou.com/docs/help/webmasters.htm#07)" 
213.177.195.170 - - [15/May/2021:02:02:47 -0700] "GET / HTTP/1.1" 200 12881 "-" "Mozilla/5.0 (Windows NT 10.0; Win64; x64) AppleWebKit/537.36 (KHTML, like Gecko) Chrome/90.0.4430.212 Safari/537.36" 
213.177.195.170 - - [15/May/2021:02:02:48 -0700] "GET /css/style.css HTTP/1.1" 404 305 "http://www.secrepo.com/" "Mozilla/5.0 (Windows NT 10.0; Win64; x64) AppleWebKit/537.36 (KHTML, like Gecko) Chrome/90.0.4430.212 Safari/537.36" 
213.177.195.170 - - [15/May/2021:02:02:48 -0700] "GET /GitHub-Mark.png HTTP/1.1" 304 271 "http://www.secrepo.com/" "Mozilla/5.0 (Windows NT 10.0; Win64; x64) AppleWebKit/537.36 (KHTML, like Gecko) Chrome/90.0.4430.212 Safari/537.36" 
213.177.195.170 - - [15/May/2021:02:02:48 -0700] "GET /twitter-icon.png HTTP/1.1" 304 281 "http://www.secrepo.com/" "Mozilla/5.0 (Windows NT 10.0; Win64; x64) AppleWebKit/537.36 (KHTML, like Gecko) Chrome/90.0.4430.212 Safari/537.36" 
114.119.159.101 - - [15/May/2021:02:04:58 -0700] "GET /self.logs/error.log.2019-11-05.gz HTTP/1.1" 200 1533 "-" "Mozilla/5.0 (Linux; Android 7.0;) AppleWebKit/537.36 (KHTML, like Gecko) Mobile Safari/537.36 (compatible; PetalBot;+https://webmaster.petalsearch.com/site/petalbot)" 
114.119.150.248 - - [15/May/2021:02:10:51 -0700] "GET /self.logs/2015/error.log.2015-04-02.gz HTTP/1.1" 200 1119 "-" "Mozilla/5.0 (Linux; Android 7.0;) AppleWebKit/537.36 (KHTML, like Gecko) Mobile Safari/537.36 (compatible; PetalBot;+https://webmaster.petalsearch.com/site/petalbot)" 
114.119.130.95 - - [15/May/2021:02:16:01 -0700] "GET /self.logs/2015/error.log.2015-01-30.gz HTTP/1.1" 200 661 "-" "Mozilla/5.0 (Linux; Android 7.0;) AppleWebKit/537.36 (KHTML, like Gecko) Mobile Safari/537.36 (compatible; PetalBot;+https://webmaster.petalsearch.com/site/petalbot)" 
107.23.223.201 - - [15/May/2021:02:17:53 -0700] "GET / HTTP/1.1" 301 475 "-" "python-requests/2.18.1" 
107.23.223.201 - - [15/May/2021:02:17:53 -0700] "GET / HTTP/1.1" 200 12880 "-" "python-requests/2.18.1" 
107.23.223.201 - - [15/May/2021:02:17:53 -0700] "GET / HTTP/1.1" 200 12880 "-" "python-requests/2.18.1" 
107.23.223.201 - - [15/May/2021:02:17:53 -0700] "GET / HTTP/1.1" 200 12880 "-" "python-requests/2.18.1" 
114.119.150.248 - - [15/May/2021:02:32:21 -0700] "GET /self.logs/access.log.2018-10-17.gz HTTP/1.1" 200 26574 "-" "Mozilla/5.0 (Linux; Android 7.0;) AppleWebKit/537.36 (KHTML, like Gecko) Mobile Safari/537.36 (compatible; PetalBot;+https://webmaster.petalsearch.com/site/petalbot)" 
106.38.241.177 - - [15/May/2021:02:33:29 -0700] "GET / HTTP/1.1" 200 12844 "-" "Sogou web spider/4.0(+http://www.sogou.com/docs/help/webmasters.htm#07)" 
