2.109.37.210 - - [15/Jan/2021:16:07:49 -0800] "GET /css/style.css HTTP/1.1" 404 328 "http://www.secrepo.com/" "Mozilla/5.0 (Windows NT 10.0; WOW64) AppleWebKit/537.36 (KHTML, like Gecko) Chrome/87.0.4280.88 Safari/537.36 OPR/73.0.3856.329 (Edition avira)" 
2.109.37.210 - - [15/Jan/2021:16:07:51 -0800] "GET /css/style.css HTTP/1.1" 404 328 "http://www.secrepo.com/" "Mozilla/5.0 (Windows NT 10.0; WOW64) AppleWebKit/537.36 (KHTML, like Gecko) Chrome/87.0.4280.88 Safari/537.36 OPR/73.0.3856.329 (Edition avira)" 
54.36.148.166 - - [15/Jan/2021:16:08:05 -0800] "GET /self.logs/error.log.2017-12-11.gz HTTP/1.1" 200 5186 "-" "Mozilla/5.0 (compatible; AhrefsBot/7.0; +http://ahrefs.com/robot/)" 
54.36.148.195 - - [15/Jan/2021:16:09:30 -0800] "GET /self.logs/access.log.2020-03-19.gz HTTP/1.1" 200 18686 "-" "Mozilla/5.0 (compatible; AhrefsBot/7.0; +http://ahrefs.com/robot/)" 
114.119.155.228 - - [15/Jan/2021:16:11:13 -0800] "GET /self.logs/error.log.2019-01-26.gz HTTP/1.1" 200 5681 "-" "Mozilla/5.0 (Linux; Android 7.0;) AppleWebKit/537.36 (KHTML, like Gecko) Mobile Safari/537.36 (compatible; PetalBot;+https://aspiegel.com/petalbot)" 
54.36.149.83 - - [15/Jan/2021:16:12:30 -0800] "GET /self.logs/ HTTP/1.1" 200 27014 "-" "Mozilla/5.0 (compatible; AhrefsBot/7.0; +http://ahrefs.com/robot/)" 
13.66.139.91 - - [15/Jan/2021:16:15:05 -0800] "GET /self.logs/2015/error.log.2015-06-12.gz HTTP/1.1" 200 1104 "-" "Mozilla/5.0 (compatible; bingbot/2.0; +http://www.bing.com/bingbot.htm)" 
114.119.140.84 - - [15/Jan/2021:16:16:13 -0800] "GET /self.logs/2015/error.log.2015-05-15.gz HTTP/1.1" 200 1184 "-" "Mozilla/5.0 (Linux; Android 7.0;) AppleWebKit/537.36 (KHTML, like Gecko) Mobile Safari/537.36 (compatible; PetalBot;+https://aspiegel.com/petalbot)" 
114.119.155.228 - - [15/Jan/2021:16:21:13 -0800] "GET /self.logs/access.log.2020-09-08.gz HTTP/1.1" 200 13759 "-" "Mozilla/5.0 (Linux; Android 7.0;) AppleWebKit/537.36 (KHTML, like Gecko) Mobile Safari/537.36 (compatible; PetalBot;+https://aspiegel.com/petalbot)" 
13.66.139.52 - - [15/Jan/2021:16:25:31 -0800] "GET /self.logs/2015/error.log.2015-06-20.gz HTTP/1.1" 200 663 "-" "Mozilla/5.0 (compatible; bingbot/2.0; +http://www.bing.com/bingbot.htm)" 
114.119.129.244 - - [15/Jan/2021:16:26:14 -0800] "GET /self.logs/2015/error.log.2015-08-21.gz HTTP/1.1" 200 1153 "-" "Mozilla/5.0 (Linux; Android 7.0;) AppleWebKit/537.36 (KHTML, like Gecko) Mobile Safari/537.36 (compatible; PetalBot;+https://aspiegel.com/petalbot)" 
13.66.139.92 - - [15/Jan/2021:16:28:56 -0800] "GET /self.logs/2015/error.log.2015-08-17.gz HTTP/1.1" 200 2018 "-" "Mozilla/5.0 (compatible; bingbot/2.0; +http://www.bing.com/bingbot.htm)" 
114.119.130.95 - - [15/Jan/2021:16:31:13 -0800] "GET /self.logs/error.log.2019-07-07.gz HTTP/1.1" 200 2690 "-" "Mozilla/5.0 (Linux; Android 7.0;) AppleWebKit/537.36 (KHTML, like Gecko) Mobile Safari/537.36 (compatible; PetalBot;+https://aspiegel.com/petalbot)" 
13.66.139.92 - - [15/Jan/2021:16:36:06 -0800] "GET /self.logs/2015/error.log.2015-10-06.gz HTTP/1.1" 200 623 "-" "Mozilla/5.0 (compatible; bingbot/2.0; +http://www.bing.com/bingbot.htm)" 
114.119.150.248 - - [15/Jan/2021:16:36:13 -0800] "GET /self.logs/error.log.2017-08-05.gz HTTP/1.1" 200 1040 "-" "Mozilla/5.0 (Linux; Android 7.0;) AppleWebKit/537.36 (KHTML, like Gecko) Mobile Safari/537.36 (compatible; PetalBot;+https://aspiegel.com/petalbot)" 
2.109.37.210 - - [15/Jan/2021:16:37:01 -0800] "GET / HTTP/1.1" 200 12882 "-" "Mozilla/5.0 (Windows NT 10.0; WOW64) AppleWebKit/537.36 (KHTML, like Gecko) Chrome/87.0.4280.88 Safari/537.36 OPR/73.0.3856.329 (Edition avira)" 
2.109.37.210 - - [15/Jan/2021:16:37:01 -0800] "GET /css/style.css HTTP/1.1" 404 305 "http://www.secrepo.com/" "Mozilla/5.0 (Windows NT 10.0; WOW64) AppleWebKit/537.36 (KHTML, like Gecko) Chrome/87.0.4280.88 Safari/537.36 OPR/73.0.3856.329 (Edition avira)" 
2.109.37.210 - - [15/Jan/2021:16:37:04 -0800] "GET /css/style.css HTTP/1.1" 404 328 "http://www.secrepo.com/" "Mozilla/5.0 (Windows NT 10.0; WOW64) AppleWebKit/537.36 (KHTML, like Gecko) Chrome/87.0.4280.88 Safari/537.36 OPR/73.0.3856.329 (Edition avira)" 
2.109.37.210 - - [15/Jan/2021:16:38:32 -0800] "GET /css/style.css HTTP/1.1" 404 328 "http://www.secrepo.com/" "Mozilla/5.0 (Windows NT 10.0; WOW64) AppleWebKit/537.36 (KHTML, like Gecko) Chrome/87.0.4280.88 Safari/537.36 OPR/73.0.3856.329 (Edition avira)" 
2.109.37.210 - - [15/Jan/2021:16:38:36 -0800] "GET /css/style.css HTTP/1.1" 404 328 "http://www.secrepo.com/" "Mozilla/5.0 (Windows NT 10.0; WOW64) AppleWebKit/537.36 (KHTML, like Gecko) Chrome/87.0.4280.88 Safari/537.36 OPR/73.0.3856.329 (Edition avira)" 
2.109.37.210 - - [15/Jan/2021:16:38:41 -0800] "GET /css/style.css HTTP/1.1" 404 328 "http://www.secrepo.com/" "Mozilla/5.0 (Windows NT 10.0; WOW64) AppleWebKit/537.36 (KHTML, like Gecko) Chrome/87.0.4280.88 Safari/537.36 OPR/73.0.3856.329 (Edition avira)" 
2.109.37.210 - - [15/Jan/2021:16:38:44 -0800] "GET /css/style.css HTTP/1.1" 404 328 "http://www.secrepo.com/" "Mozilla/5.0 (Windows NT 10.0; WOW64) AppleWebKit/537.36 (KHTML, like Gecko) Chrome/87.0.4280.88 Safari/537.36 OPR/73.0.3856.329 (Edition avira)" 
54.36.149.62 - - [15/Jan/2021:16:39:09 -0800] "GET / HTTP/1.1" 200 12838 "-" "Mozilla/5.0 (compatible; AhrefsBot/7.0; +http://ahrefs.com/robot/)" 
54.36.149.71 - - [15/Jan/2021:16:41:09 -0800] "GET /self.logs/access.log.2020-01-18.gz HTTP/1.1" 200 11188 "-" "Mozilla/5.0 (compatible; AhrefsBot/7.0; +http://ahrefs.com/robot/)" 
114.119.144.30 - - [15/Jan/2021:16:41:13 -0800] "GET /self.logs/2015/error.log.2015-06-01.gz HTTP/1.1" 200 736 "-" "Mozilla/5.0 (Linux; Android 7.0;) AppleWebKit/537.36 (KHTML, like Gecko) Mobile Safari/537.36 (compatible; PetalBot;+https://aspiegel.com/petalbot)" 
54.36.148.18 - - [15/Jan/2021:16:45:06 -0800] "GET /self.logs/access.log.2019-04-10.gz HTTP/1.1" 200 30210 "-" "Mozilla/5.0 (compatible; AhrefsBot/7.0; +http://ahrefs.com/robot/)" 
114.119.157.43 - - [15/Jan/2021:16:46:13 -0800] "GET /self.logs/access.log.2019-07-24.gz HTTP/1.1" 200 51687 "-" "Mozilla/5.0 (Linux; Android 7.0;) AppleWebKit/537.36 (KHTML, like Gecko) Mobile Safari/537.36 (compatible; PetalBot;+https://aspiegel.com/petalbot)" 
13.66.139.52 - - [15/Jan/2021:16:48:34 -0800] "GET /self.logs/2015/error.log.2015-12-07.gz HTTP/1.1" 200 646 "-" "Mozilla/5.0 (compatible; bingbot/2.0; +http://www.bing.com/bingbot.htm)" 
54.36.149.62 - - [15/Jan/2021:16:49:07 -0800] "GET /self.logs/error.log.2020-08-05.gz HTTP/1.1" 200 827 "-" "Mozilla/5.0 (compatible; AhrefsBot/7.0; +http://ahrefs.com/robot/)" 
37.139.26.161 - - [15/Jan/2021:16:51:01 -0800] "GET / HTTP/1.1" 200 12882 "-" "Mozilla/5.0 (Macintosh; Intel Mac OS X 10_14_4) AppleWebKit/537.36 (KHTML, like Gecko) Chrome/73.0.3683.103 Safari/537.36" 
37.139.26.161 - - [15/Jan/2021:16:51:01 -0800] "GET /css/style.css HTTP/1.1" 404 305 "http://www.secrepo.com/" "Mozilla/5.0 (Macintosh; Intel Mac OS X 10_14_4) AppleWebKit/537.36 (KHTML, like Gecko) Chrome/73.0.3683.103 Safari/537.36" 
37.139.26.161 - - [15/Jan/2021:16:51:01 -0800] "GET /twitter-icon.png HTTP/1.1" 200 27893 "http://www.secrepo.com/" "Mozilla/5.0 (Macintosh; Intel Mac OS X 10_14_4) AppleWebKit/537.36 (KHTML, like Gecko) Chrome/73.0.3683.103 Safari/537.36" 
37.139.26.161 - - [15/Jan/2021:16:51:01 -0800] "GET /GitHub-Mark.png HTTP/1.1" 200 7556 "http://www.secrepo.com/" "Mozilla/5.0 (Macintosh; Intel Mac OS X 10_14_4) AppleWebKit/537.36 (KHTML, like Gecko) Chrome/73.0.3683.103 Safari/537.36" 
114.119.155.228 - - [15/Jan/2021:16:51:14 -0800] "GET /self.logs/access.log.2018-10-01.gz HTTP/1.1" 200 22070 "-" "Mozilla/5.0 (Linux; Android 7.0;) AppleWebKit/537.36 (KHTML, like Gecko) Mobile Safari/537.36 (compatible; PetalBot;+https://aspiegel.com/petalbot)" 
54.36.148.18 - - [15/Jan/2021:16:51:22 -0800] "GET /self.logs/access.log.2019-02-23.gz HTTP/1.1" 200 22917 "-" "Mozilla/5.0 (compatible; AhrefsBot/7.0; +http://ahrefs.com/robot/)" 
54.36.148.89 - - [15/Jan/2021:16:53:39 -0800] "GET /self.logs/access.log.2019-10-11.gz HTTP/1.1" 200 22988 "-" "Mozilla/5.0 (compatible; AhrefsBot/7.0; +http://ahrefs.com/robot/)" 
54.36.149.62 - - [15/Jan/2021:16:55:41 -0800] "GET /self.logs/access.log.2017-06-30.gz HTTP/1.1" 200 51650 "-" "Mozilla/5.0 (compatible; AhrefsBot/7.0; +http://ahrefs.com/robot/)" 
114.119.159.40 - - [15/Jan/2021:16:56:13 -0800] "GET /self.logs/access.log.2018-12-06.gz HTTP/1.1" 200 23725 "-" "Mozilla/5.0 (Linux; Android 7.0;) AppleWebKit/537.36 (KHTML, like Gecko) Mobile Safari/537.36 (compatible; PetalBot;+https://aspiegel.com/petalbot)" 
54.36.148.240 - - [15/Jan/2021:16:57:39 -0800] "GET /self.logs/error.log.2018-03-03.gz HTTP/1.1" 200 3273 "-" "Mozilla/5.0 (compatible; AhrefsBot/7.0; +http://ahrefs.com/robot/)" 
13.66.139.92 - - [15/Jan/2021:16:57:59 -0800] "GET /self.logs/2015/error.log.2015-09-09.gz HTTP/1.1" 200 931 "-" "Mozilla/5.0 (compatible; bingbot/2.0; +http://www.bing.com/bingbot.htm)" 
114.119.141.53 - - [15/Jan/2021:17:01:13 -0800] "GET /self.logs/error.log.2017-04-28.gz HTTP/1.1" 200 959 "-" "Mozilla/5.0 (Linux; Android 7.0;) AppleWebKit/537.36 (KHTML, like Gecko) Mobile Safari/537.36 (compatible; PetalBot;+https://aspiegel.com/petalbot)" 
54.36.148.128 - - [15/Jan/2021:17:01:56 -0800] "GET /self.logs/access.log.2019-07-22.gz HTTP/1.1" 200 78840 "-" "Mozilla/5.0 (compatible; AhrefsBot/7.0; +http://ahrefs.com/robot/)" 
54.36.148.18 - - [15/Jan/2021:17:04:05 -0800] "GET /self.logs/error.log.2019-05-25.gz HTTP/1.1" 200 3810 "-" "Mozilla/5.0 (compatible; AhrefsBot/7.0; +http://ahrefs.com/robot/)" 
114.119.159.101 - - [15/Jan/2021:17:06:13 -0800] "GET /self.logs/error.log.2018-07-10.gz HTTP/1.1" 200 9335 "-" "Mozilla/5.0 (Linux; Android 7.0;) AppleWebKit/537.36 (KHTML, like Gecko) Mobile Safari/537.36 (compatible; PetalBot;+https://aspiegel.com/petalbot)" 
13.66.139.92 - - [15/Jan/2021:17:07:19 -0800] "GET /self.logs/2015/error.log.2015-11-21.gz HTTP/1.1" 200 1101 "-" "Mozilla/5.0 (compatible; bingbot/2.0; +http://www.bing.com/bingbot.htm)" 
205.169.39.237 - - [15/Jan/2021:17:07:28 -0800] "GET / HTTP/1.1" 301 475 "-" "Mozilla/5.0 (Windows NT 6.1; Win64; x64) AppleWebKit/537.36 (KHTML, like Gecko) Chrome/83.0.4103.61 Safari/537.36" 
205.169.39.237 - - [15/Jan/2021:17:07:30 -0800] "GET / HTTP/1.1" 200 12882 "-" "Mozilla/5.0 (Windows NT 6.1; Win64; x64) AppleWebKit/537.36 (KHTML, like Gecko) Chrome/83.0.4103.61 Safari/537.36" 
205.169.39.237 - - [15/Jan/2021:17:07:34 -0800] "GET / HTTP/1.1" 301 475 "-" "Mozilla/5.0 (Windows NT 10.0; Win64; x64) AppleWebKit/537.36 (KHTML, like Gecko) Chrome/79.0.3945.79 Safari/537.36" 
205.169.39.237 - - [15/Jan/2021:17:07:34 -0800] "GET / HTTP/1.1" 200 12882 "-" "Mozilla/5.0 (Windows NT 10.0; Win64; x64) AppleWebKit/537.36 (KHTML, like Gecko) Chrome/79.0.3945.79 Safari/537.36" 
205.169.39.237 - - [15/Jan/2021:17:07:34 -0800] "GET /css/style.css HTTP/1.1" 404 305 "http://www.secrepo.com/" "Mozilla/5.0 (Windows NT 10.0; Win64; x64) AppleWebKit/537.36 (KHTML, like Gecko) Chrome/79.0.3945.79 Safari/537.36" 
205.169.39.237 - - [15/Jan/2021:17:07:34 -0800] "GET /twitter-icon.png HTTP/1.1" 200 27916 "http://www.secrepo.com/" "Mozilla/5.0 (Windows NT 10.0; Win64; x64) AppleWebKit/537.36 (KHTML, like Gecko) Chrome/79.0.3945.79 Safari/537.36" 
205.169.39.237 - - [15/Jan/2021:17:07:34 -0800] "GET /GitHub-Mark.png HTTP/1.1" 200 7556 "http://www.secrepo.com/" "Mozilla/5.0 (Windows NT 10.0; Win64; x64) AppleWebKit/537.36 (KHTML, like Gecko) Chrome/79.0.3945.79 Safari/537.36" 
54.36.148.18 - - [15/Jan/2021:17:08:36 -0800] "GET /self.logs/error.log.2017-12-21.gz HTTP/1.1" 200 1356 "-" "Mozilla/5.0 (compatible; AhrefsBot/7.0; +http://ahrefs.com/robot/)" 
54.36.148.18 - - [15/Jan/2021:17:10:38 -0800] "GET /self.logs/error.log.2018-02-08.gz HTTP/1.1" 200 4860 "-" "Mozilla/5.0 (compatible; AhrefsBot/7.0; +http://ahrefs.com/robot/)" 
114.119.140.84 - - [15/Jan/2021:17:11:14 -0800] "GET /self.logs/error.log.2018-09-14.gz HTTP/1.1" 200 8444 "-" "Mozilla/5.0 (Linux; Android 7.0;) AppleWebKit/537.36 (KHTML, like Gecko) Mobile Safari/537.36 (compatible; PetalBot;+https://aspiegel.com/petalbot)" 
54.36.148.18 - - [15/Jan/2021:17:14:50 -0800] "GET /self.logs/access.log.2019-04-26.gz HTTP/1.1" 200 23077 "-" "Mozilla/5.0 (compatible; AhrefsBot/7.0; +http://ahrefs.com/robot/)" 
13.66.139.52 - - [15/Jan/2021:17:15:06 -0800] "GET /self.logs/2015/error.log.2015-12-22.gz HTTP/1.1" 200 840 "-" "Mozilla/5.0 (compatible; bingbot/2.0; +http://www.bing.com/bingbot.htm)" 
114.119.144.30 - - [15/Jan/2021:17:16:13 -0800] "GET /self.logs/access.log.2019-10-29.gz HTTP/1.1" 200 26294 "-" "Mozilla/5.0 (Linux; Android 7.0;) AppleWebKit/537.36 (KHTML, like Gecko) Mobile Safari/537.36 (compatible; PetalBot;+https://aspiegel.com/petalbot)" 
54.36.148.172 - - [15/Jan/2021:17:16:58 -0800] "GET /self.logs/access.log.2019-10-12.gz HTTP/1.1" 200 19008 "-" "Mozilla/5.0 (compatible; AhrefsBot/7.0; +http://ahrefs.com/robot/)" 
13.66.139.52 - - [15/Jan/2021:17:17:26 -0800] "GET /self.logs/2015/error.log.2015-03-13.gz HTTP/1.1" 200 886 "-" "Mozilla/5.0 (compatible; bingbot/2.0; +http://www.bing.com/bingbot.htm)" 
13.66.139.52 - - [15/Jan/2021:17:18:16 -0800] "GET /self.logs/2015/error.log.2015-10-16.gz HTTP/1.1" 200 874 "-" "Mozilla/5.0 (compatible; bingbot/2.0; +http://www.bing.com/bingbot.htm)" 
54.36.148.42 - - [15/Jan/2021:17:19:03 -0800] "GET /self.logs/error.log.2020-08-07.gz HTTP/1.1" 200 846 "-" "Mozilla/5.0 (compatible; AhrefsBot/7.0; +http://ahrefs.com/robot/)" 
54.36.148.18 - - [15/Jan/2021:17:21:04 -0800] "GET /self.logs/error.log.2018-01-07.gz HTTP/1.1" 200 4095 "-" "Mozilla/5.0 (compatible; AhrefsBot/7.0; +http://ahrefs.com/robot/)" 
114.119.150.248 - - [15/Jan/2021:17:21:22 -0800] "GET /self.logs/access.log.2018-06-14.gz HTTP/1.1" 200 25974 "-" "Mozilla/5.0 (Linux; Android 7.0;) AppleWebKit/537.36 (KHTML, like Gecko) Mobile Safari/537.36 (compatible; PetalBot;+https://aspiegel.com/petalbot)" 
54.36.148.18 - - [15/Jan/2021:17:25:10 -0800] "GET /self.logs/access.log.2017-07-01.gz HTTP/1.1" 200 12642 "-" "Mozilla/5.0 (compatible; AhrefsBot/7.0; +http://ahrefs.com/robot/)" 
49.7.21.99 - - [15/Jan/2021:17:25:43 -0800] "GET / HTTP/1.1" 200 12845 "-" "Sogou web spider/4.0(+http://www.sogou.com/docs/help/webmasters.htm#07)" 
114.119.159.40 - - [15/Jan/2021:17:26:13 -0800] "GET /self.logs/access.log.2019-09-14.gz HTTP/1.1" 200 19293 "-" "Mozilla/5.0 (Linux; Android 7.0;) AppleWebKit/537.36 (KHTML, like Gecko) Mobile Safari/537.36 (compatible; PetalBot;+https://aspiegel.com/petalbot)" 
54.36.149.62 - - [15/Jan/2021:17:27:13 -0800] "GET /self.logs/error.log.2020-01-20 HTTP/1.1" 200 307 "-" "Mozilla/5.0 (compatible; AhrefsBot/7.0; +http://ahrefs.com/robot/)" 
111.202.101.68 - - [15/Jan/2021:17:29:12 -0800] "GET /css/style.css HTTP/1.1" 404 291 "-" "Mozilla/4.0 (compatible; MSIE 7.0; Windows NT 6.0; Trident/4.0)" 
54.36.149.62 - - [15/Jan/2021:17:29:14 -0800] "GET /self.logs/access.log.2019-10-27.gz HTTP/1.1" 200 15623 "-" "Mozilla/5.0 (compatible; AhrefsBot/7.0; +http://ahrefs.com/robot/)" 
111.202.100.82 - - [15/Jan/2021:17:29:37 -0800] "GET /css/style.css HTTP/1.1" 404 284 "-" "Sogou web spider/4.0(+http://www.sogou.com/docs/help/webmasters.htm#07)" 
111.202.100.82 - - [15/Jan/2021:17:29:52 -0800] "GET /css/style.css HTTP/1.1" 404 284 "-" "Mozilla/5.0 (Macintosh; Intel Mac OS X 10_15_1) AppleWebKit/537.36 (KHTML, like Gecko) Chrome/78.0.3904.97 Safari/537.36" 
54.36.149.62 - - [15/Jan/2021:17:31:10 -0800] "GET /self.logs/access.log.2020-07-08.gz HTTP/1.1" 200 17796 "-" "Mozilla/5.0 (compatible; AhrefsBot/7.0; +http://ahrefs.com/robot/)" 
114.119.144.30 - - [15/Jan/2021:17:31:13 -0800] "GET /self.logs/access.log.2019-08-03.gz HTTP/1.1" 200 21578 "-" "Mozilla/5.0 (Linux; Android 7.0;) AppleWebKit/537.36 (KHTML, like Gecko) Mobile Safari/537.36 (compatible; PetalBot;+https://aspiegel.com/petalbot)" 
13.66.139.52 - - [15/Jan/2021:17:31:37 -0800] "GET /self.logs/2015/access.log.2015-03-05.gz HTTP/1.1" 200 3383 "-" "Mozilla/5.0 (compatible; bingbot/2.0; +http://www.bing.com/bingbot.htm)" 
49.7.20.28 - - [15/Jan/2021:17:31:40 -0800] "GET /css/style.css HTTP/1.1" 404 284 "-" "Sogou web spider/4.0(+http://www.sogou.com/docs/help/webmasters.htm#07)" 
58.250.125.185 - - [15/Jan/2021:17:33:16 -0800] "GET /css/style.css HTTP/1.1" 404 284 "-" "Sogou web spider/4.0(+http://www.sogou.com/docs/help/webmasters.htm#07)" 
13.66.139.52 - - [15/Jan/2021:17:34:08 -0800] "GET /self.logs/2015/error.log.2015-05-26.gz HTTP/1.1" 200 845 "-" "Mozilla/5.0 (compatible; bingbot/2.0; +http://www.bing.com/bingbot.htm)" 
49.7.20.28 - - [15/Jan/2021:17:34:12 -0800] "GET /css/style.css HTTP/1.1" 404 284 "-" "Mozilla/5.0 (Macintosh; Intel Mac OS X 10_15_1) AppleWebKit/537.36 (KHTML, like Gecko) Chrome/78.0.3904.97 Safari/537.36" 
54.36.149.62 - - [15/Jan/2021:17:35:35 -0800] "GET /self.logs/error.log.2018-02-09.gz HTTP/1.1" 200 4170 "-" "Mozilla/5.0 (compatible; AhrefsBot/7.0; +http://ahrefs.com/robot/)" 
114.119.159.101 - - [15/Jan/2021:17:36:13 -0800] "GET /self.logs/error.log.2020-04-24.gz HTTP/1.1" 200 1354 "-" "Mozilla/5.0 (Linux; Android 7.0;) AppleWebKit/537.36 (KHTML, like Gecko) Mobile Safari/537.36 (compatible; PetalBot;+https://aspiegel.com/petalbot)" 
66.249.64.153 - - [15/Jan/2021:17:37:09 -0800] "GET / HTTP/1.1" 200 12882 "-" "Mozilla/5.0 (compatible; Googlebot/2.1; +http://www.google.com/bot.html)" 
58.250.125.185 - - [15/Jan/2021:17:37:41 -0800] "GET /css/style.css HTTP/1.1" 404 284 "-" "Mozilla/5.0 (Macintosh; Intel Mac OS X 10_15_1) AppleWebKit/537.36 (KHTML, like Gecko) Chrome/78.0.3904.97 Safari/537.36" 
54.36.148.18 - - [15/Jan/2021:17:39:49 -0800] "GET /self.logs/error.log.2020-07-24 HTTP/1.1" 200 307 "-" "Mozilla/5.0 (compatible; AhrefsBot/7.0; +http://ahrefs.com/robot/)" 
114.119.159.101 - - [15/Jan/2021:17:41:13 -0800] "GET /self.logs/access.log.2017-09-23.gz HTTP/1.1" 200 26197 "-" "Mozilla/5.0 (Linux; Android 7.0;) AppleWebKit/537.36 (KHTML, like Gecko) Mobile Safari/537.36 (compatible; PetalBot;+https://aspiegel.com/petalbot)" 
66.249.64.153 - - [15/Jan/2021:17:41:39 -0800] "GET /Datasets%20Description/Network/dhcp.html HTTP/1.1" 304 276 "-" "Mozilla/5.0 (compatible; Googlebot/2.1; +http://www.google.com/bot.html)" 
13.66.139.92 - - [15/Jan/2021:17:42:12 -0800] "GET /self.logs/2015/error.log.2015-08-22.gz HTTP/1.1" 200 764 "-" "Mozilla/5.0 (compatible; bingbot/2.0; +http://www.bing.com/bingbot.htm)" 
54.36.148.18 - - [15/Jan/2021:17:44:03 -0800] "GET /self.logs/error.log.2018-03-02.gz HTTP/1.1" 200 3076 "-" "Mozilla/5.0 (compatible; AhrefsBot/7.0; +http://ahrefs.com/robot/)" 
114.119.157.43 - - [15/Jan/2021:17:46:14 -0800] "GET /self.logs/error.log.2017-03-30.gz HTTP/1.1" 200 1157 "-" "Mozilla/5.0 (Linux; Android 7.0;) AppleWebKit/537.36 (KHTML, like Gecko) Mobile Safari/537.36 (compatible; PetalBot;+https://aspiegel.com/petalbot)" 
54.36.148.221 - - [15/Jan/2021:17:48:34 -0800] "GET /self.logs/error.log.2020-05-25 HTTP/1.1" 200 307 "-" "Mozilla/5.0 (compatible; AhrefsBot/7.0; +http://ahrefs.com/robot/)" 
155.138.197.10 - - [15/Jan/2021:17:49:46 -0800] "GET /.env HTTP/1.1" 404 328 "-" "Mozilla/5.0 (X11; Linux x86_64) AppleWebKit/537.36 (KHTML, like Gecko) Chrome/81.0.4044.129 Safari/537.36" 
155.138.197.10 - - [15/Jan/2021:17:49:46 -0800] "POST / HTTP/1.1" 200 12882 "-" "Mozilla/5.0 (X11; Linux x86_64) AppleWebKit/537.36 (KHTML, like Gecko) Chrome/81.0.4044.129 Safari/537.36" 
66.249.83.8 - - [15/Jan/2021:17:50:14 -0800] "GET / HTTP/1.1" 301 475 "-" "Mozilla/5.0 (X11; Linux x86_64) AppleWebKit/537.36 (KHTML, like Gecko) Chrome/49.0.2623.75 Safari/537.36 Google Favicon" 
66.249.83.94 - - [15/Jan/2021:17:50:14 -0800] "GET / HTTP/1.1" 200 12882 "-" "Mozilla/5.0 (X11; Linux x86_64) AppleWebKit/537.36 (KHTML, like Gecko) Chrome/49.0.2623.75 Safari/537.36 Google Favicon" 
66.249.83.94 - - [15/Jan/2021:17:50:14 -0800] "GET /bootstrap/img/favicon.ico HTTP/1.1" 200 690 "-" "Mozilla/5.0 (X11; Linux x86_64) AppleWebKit/537.36 (KHTML, like Gecko) Chrome/49.0.2623.75 Safari/537.36 Google Favicon" 
114.119.157.43 - - [15/Jan/2021:17:51:14 -0800] "GET /self.logs/error.log.2018-09-11.gz HTTP/1.1" 200 7643 "-" "Mozilla/5.0 (Linux; Android 7.0;) AppleWebKit/537.36 (KHTML, like Gecko) Mobile Safari/537.36 (compatible; PetalBot;+https://aspiegel.com/petalbot)" 
54.36.148.18 - - [15/Jan/2021:17:53:00 -0800] "GET /self.logs/access.log.2017-04-06.gz HTTP/1.1" 200 31637 "-" "Mozilla/5.0 (compatible; AhrefsBot/7.0; +http://ahrefs.com/robot/)" 
45.55.184.113 - - [15/Jan/2021:17:54:03 -0800] "GET / HTTP/1.1" 200 12882 "-" "Mozilla/5.0 (Macintosh; Intel Mac OS X 10_14_4) AppleWebKit/537.36 (KHTML, like Gecko) Chrome/73.0.3683.103 Safari/537.36" 
45.55.184.113 - - [15/Jan/2021:17:54:03 -0800] "GET /css/style.css HTTP/1.1" 404 305 "http://www.secrepo.com/" "Mozilla/5.0 (Macintosh; Intel Mac OS X 10_14_4) AppleWebKit/537.36 (KHTML, like Gecko) Chrome/73.0.3683.103 Safari/537.36" 
45.55.184.113 - - [15/Jan/2021:17:54:03 -0800] "GET /twitter-icon.png HTTP/1.1" 200 27893 "http://www.secrepo.com/" "Mozilla/5.0 (Macintosh; Intel Mac OS X 10_14_4) AppleWebKit/537.36 (KHTML, like Gecko) Chrome/73.0.3683.103 Safari/537.36" 
45.55.184.113 - - [15/Jan/2021:17:54:03 -0800] "GET /GitHub-Mark.png HTTP/1.1" 200 7556 "http://www.secrepo.com/" "Mozilla/5.0 (Macintosh; Intel Mac OS X 10_14_4) AppleWebKit/537.36 (KHTML, like Gecko) Chrome/73.0.3683.103 Safari/537.36" 
114.119.159.101 - - [15/Jan/2021:17:56:13 -0800] "GET /self.logs/error.log.2018-01-09.gz HTTP/1.1" 200 2191 "-" "Mozilla/5.0 (Linux; Android 7.0;) AppleWebKit/537.36 (KHTML, like Gecko) Mobile Safari/537.36 (compatible; PetalBot;+https://aspiegel.com/petalbot)" 
54.36.149.62 - - [15/Jan/2021:17:57:12 -0800] "GET /self.logs/2015/access.log.2015-07-27.gz HTTP/1.1" 200 5706 "-" "Mozilla/5.0 (compatible; AhrefsBot/7.0; +http://ahrefs.com/robot/)" 
54.36.149.62 - - [15/Jan/2021:17:59:20 -0800] "GET /self.logs/access.log.2018-09-02.gz HTTP/1.1" 200 20373 "-" "Mozilla/5.0 (compatible; AhrefsBot/7.0; +http://ahrefs.com/robot/)" 
62.210.143.6 - - [15/Jan/2021:18:00:26 -0800] "GET /robots.txt HTTP/1.1" 200 377 "-" "Mozilla/5.0 (compatible; Barkrowler/0.9; +https://babbar.tech/crawler)" 
62.210.143.6 - - [15/Jan/2021:18:00:38 -0800] "GET /self.logs/2015/?C=M;O=A HTTP/1.1" 200 7706 "-" "Mozilla/5.0 (compatible; Barkrowler/0.9; +https://babbar.tech/crawler)" 
62.210.143.6 - - [15/Jan/2021:18:00:53 -0800] "GET /self.logs/2015/?C=N;O=D HTTP/1.1" 200 7767 "-" "Mozilla/5.0 (compatible; Barkrowler/0.9; +https://babbar.tech/crawler)" 
62.210.143.6 - - [15/Jan/2021:18:01:08 -0800] "GET /self.logs/2016/?C=D;O=A HTTP/1.1" 200 7860 "-" "Mozilla/5.0 (compatible; Barkrowler/0.9; +https://babbar.tech/crawler)" 
114.119.144.30 - - [15/Jan/2021:18:01:14 -0800] "GET /self.logs/access.log.2020-12-17.gz HTTP/1.1" 200 16804 "-" "Mozilla/5.0 (Linux; Android 7.0;) AppleWebKit/537.36 (KHTML, like Gecko) Mobile Safari/537.36 (compatible; PetalBot;+https://aspiegel.com/petalbot)" 
54.36.148.18 - - [15/Jan/2021:18:01:20 -0800] "GET /self.logs/access.log.2017-12-18.gz HTTP/1.1" 200 22664 "-" "Mozilla/5.0 (compatible; AhrefsBot/7.0; +http://ahrefs.com/robot/)" 
62.210.143.6 - - [15/Jan/2021:18:01:20 -0800] "GET /self.logs/2016/?C=N;O=D HTTP/1.1" 200 8072 "-" "Mozilla/5.0 (compatible; Barkrowler/0.9; +https://babbar.tech/crawler)" 
62.210.143.6 - - [15/Jan/2021:18:01:33 -0800] "GET /self.logs/?C=M;O=A HTTP/1.1" 200 28145 "-" "Mozilla/5.0 (compatible; Barkrowler/0.9; +https://babbar.tech/crawler)" 
62.210.143.6 - - [15/Jan/2021:18:01:46 -0800] "GET /self.logs/?C=D;O=A HTTP/1.1" 200 27058 "-" "Mozilla/5.0 (compatible; Barkrowler/0.9; +https://babbar.tech/crawler)" 
62.210.143.6 - - [15/Jan/2021:18:01:59 -0800] "GET /self.logs/?C=N;O=D HTTP/1.1" 200 27797 "-" "Mozilla/5.0 (compatible; Barkrowler/0.9; +https://babbar.tech/crawler)" 
62.210.143.6 - - [15/Jan/2021:18:02:16 -0800] "GET /Datasets%20Description/Network/notice.html HTTP/1.1" 200 1650 "-" "Mozilla/5.0 (compatible; Barkrowler/0.9; +https://babbar.tech/crawler)" 
62.210.143.6 - - [15/Jan/2021:18:02:29 -0800] "GET /self.logs/2016/?C=D;O=D HTTP/1.1" 200 8072 "-" "Mozilla/5.0 (compatible; Barkrowler/0.9; +https://babbar.tech/crawler)" 
17.58.96.153 - - [15/Jan/2021:18:02:29 -0800] "GET /self.logs/error.log.2020-01-30 HTTP/1.1" 200 307 "-" "Mozilla/5.0 (Macintosh; Intel Mac OS X 10_15_5) AppleWebKit/605.1.15 (KHTML, like Gecko) Version/13.1.1 Safari/605.1.15 (Applebot/0.1; +http://www.apple.com/go/applebot)" 
62.210.143.6 - - [15/Jan/2021:18:02:44 -0800] "GET /Datasets%20Description/Network/ssh.html HTTP/1.1" 200 1368 "-" "Mozilla/5.0 (compatible; Barkrowler/0.9; +https://babbar.tech/crawler)" 
62.210.143.6 - - [15/Jan/2021:18:02:57 -0800] "GET /Datasets%20Description/Network/?C=D;O=D HTTP/1.1" 200 765 "-" "Mozilla/5.0 (compatible; Barkrowler/0.9; +https://babbar.tech/crawler)" 
62.210.143.6 - - [15/Jan/2021:18:03:09 -0800] "GET /Datasets%20Description/Network/?C=M;O=D HTTP/1.1" 200 765 "-" "Mozilla/5.0 (compatible; Barkrowler/0.9; +https://babbar.tech/crawler)" 
62.210.143.6 - - [15/Jan/2021:18:03:22 -0800] "GET /Datasets%20Description/Network/?C=M;O=A HTTP/1.1" 200 769 "-" "Mozilla/5.0 (compatible; Barkrowler/0.9; +https://babbar.tech/crawler)" 
62.210.143.6 - - [15/Jan/2021:18:03:34 -0800] "GET /Datasets%20Description/Network/?C=S;O=D HTTP/1.1" 200 766 "-" "Mozilla/5.0 (compatible; Barkrowler/0.9; +https://babbar.tech/crawler)" 
62.210.143.6 - - [15/Jan/2021:18:03:47 -0800] "GET /Datasets%20Description/Network/?C=S;O=A HTTP/1.1" 200 766 "-" "Mozilla/5.0 (compatible; Barkrowler/0.9; +https://babbar.tech/crawler)" 
62.210.143.6 - - [15/Jan/2021:18:04:11 -0800] "GET /self.logs/access.log.2019-07-15 HTTP/1.1" 200 372562 "-" "Mozilla/5.0 (compatible; Barkrowler/0.9; +https://babbar.tech/crawler)" 
62.210.143.6 - - [15/Jan/2021:18:04:24 -0800] "GET /tg/tg_snort_full.7z HTTP/1.1" 200 7292700 "-" "Mozilla/5.0 (compatible; Barkrowler/0.9; +https://babbar.tech/crawler)" 
62.210.143.6 - - [15/Jan/2021:18:04:37 -0800] "GET /Datasets%20Description/PE_malware/ HTTP/1.1" 200 686 "-" "Mozilla/5.0 (compatible; Barkrowler/0.9; +https://babbar.tech/crawler)" 
62.210.143.6 - - [15/Jan/2021:18:04:56 -0800] "GET /Datasets%20Description/Network/smtp.html HTTP/1.1" 200 1637 "-" "Mozilla/5.0 (compatible; Barkrowler/0.9; +https://babbar.tech/crawler)" 
66.249.64.155 - - [15/Jan/2021:18:05:39 -0800] "GET / HTTP/1.1" 200 12882 "-" "Mozilla/5.0 (compatible; Googlebot/2.1; +http://www.google.com/bot.html)" 
54.36.149.3 - - [15/Jan/2021:18:05:49 -0800] "GET /self.logs/access.log.2017-07-17.gz HTTP/1.1" 200 73000 "-" "Mozilla/5.0 (compatible; AhrefsBot/7.0; +http://ahrefs.com/robot/)" 
114.119.144.30 - - [15/Jan/2021:18:06:13 -0800] "GET /self.logs/access.log.2019-02-25.gz HTTP/1.1" 200 23990 "-" "Mozilla/5.0 (Linux; Android 7.0;) AppleWebKit/537.36 (KHTML, like Gecko) Mobile Safari/537.36 (compatible; PetalBot;+https://aspiegel.com/petalbot)" 
13.66.139.91 - - [15/Jan/2021:18:09:05 -0800] "GET /self.logs/2015/error.log.2015-05-04.gz HTTP/1.1" 200 816 "-" "Mozilla/5.0 (compatible; bingbot/2.0; +http://www.bing.com/bingbot.htm)" 
54.36.148.236 - - [15/Jan/2021:18:09:58 -0800] "GET /self.logs/error.log.2017-04-24.gz HTTP/1.1" 200 857 "-" "Mozilla/5.0 (compatible; AhrefsBot/7.0; +http://ahrefs.com/robot/)" 
114.119.159.101 - - [15/Jan/2021:18:11:13 -0800] "GET /self.logs/error.log.2020-04-17.gz HTTP/1.1" 200 1367 "-" "Mozilla/5.0 (Linux; Android 7.0;) AppleWebKit/537.36 (KHTML, like Gecko) Mobile Safari/537.36 (compatible; PetalBot;+https://aspiegel.com/petalbot)" 
54.36.148.155 - - [15/Jan/2021:18:11:50 -0800] "GET /self.logs/access.log.2020-11-01.gz HTTP/1.1" 200 16161 "-" "Mozilla/5.0 (compatible; AhrefsBot/7.0; +http://ahrefs.com/robot/)" 
13.66.139.137 - - [15/Jan/2021:18:12:08 -0800] "GET /self.logs/2015/error.log.2015-12-13.gz HTTP/1.1" 200 729 "-" "Mozilla/5.0 (compatible; bingbot/2.0; +http://www.bing.com/bingbot.htm)" 
54.36.149.15 - - [15/Jan/2021:18:15:40 -0800] "GET /self.logs/error.log.2018-01-26.gz HTTP/1.1" 200 2752 "-" "Mozilla/5.0 (compatible; AhrefsBot/7.0; +http://ahrefs.com/robot/)" 
114.119.129.244 - - [15/Jan/2021:18:16:14 -0800] "GET /self.logs/access.log.2018-03-01.gz HTTP/1.1" 200 23767 "-" "Mozilla/5.0 (Linux; Android 7.0;) AppleWebKit/537.36 (KHTML, like Gecko) Mobile Safari/537.36 (compatible; PetalBot;+https://aspiegel.com/petalbot)" 
1.83.77.177 - - [15/Jan/2021:18:15:29 -0800] "GET /honeypot/Honeypot%20-%20Howto%20-%20BSides%20Austin.pdf HTTP/1.1" 200 1140480 "-" "Mozilla/4.0 (compatible; MSIE 6.0; Windows NT 5.1)" 
54.36.149.62 - - [15/Jan/2021:18:17:31 -0800] "GET /self.logs/access.log.2020-09-05.gz HTTP/1.1" 200 7669 "-" "Mozilla/5.0 (compatible; AhrefsBot/7.0; +http://ahrefs.com/robot/)" 
13.66.139.52 - - [15/Jan/2021:18:17:42 -0800] "GET /self.logs/2015/error.log.2015-03-07.gz HTTP/1.1" 200 1149 "-" "Mozilla/5.0 (compatible; bingbot/2.0; +http://www.bing.com/bingbot.htm)" 
117.181.179.191 - - [15/Jan/2021:18:17:57 -0800] "GET /favicon.ico HTTP/1.1" 200 391 "-" "Mozilla/5.0 (Windows NT 10.0; WOW64) AppleWebKit/537.36 (KHTML, like Gecko) Chrome/78.0.3904.108 Safari/537.36" 
54.36.148.18 - - [15/Jan/2021:18:19:29 -0800] "GET /self.logs/error.log.2018-10-19.gz HTTP/1.1" 200 4354 "-" "Mozilla/5.0 (compatible; AhrefsBot/7.0; +http://ahrefs.com/robot/)" 
37.139.30.158 - - [15/Jan/2021:18:19:55 -0800] "GET / HTTP/1.1" 200 12882 "-" "Mozilla/5.0 (Macintosh; Intel Mac OS X 10_14_4) AppleWebKit/537.36 (KHTML, like Gecko) Chrome/73.0.3683.103 Safari/537.36" 
37.139.30.158 - - [15/Jan/2021:18:19:55 -0800] "GET /css/style.css HTTP/1.1" 404 305 "http://www.secrepo.com/" "Mozilla/5.0 (Macintosh; Intel Mac OS X 10_14_4) AppleWebKit/537.36 (KHTML, like Gecko) Chrome/73.0.3683.103 Safari/537.36" 
37.139.30.158 - - [15/Jan/2021:18:19:55 -0800] "GET /twitter-icon.png HTTP/1.1" 200 27893 "http://www.secrepo.com/" "Mozilla/5.0 (Macintosh; Intel Mac OS X 10_14_4) AppleWebKit/537.36 (KHTML, like Gecko) Chrome/73.0.3683.103 Safari/537.36" 
37.139.30.158 - - [15/Jan/2021:18:19:55 -0800] "GET /GitHub-Mark.png HTTP/1.1" 200 7556 "http://www.secrepo.com/" "Mozilla/5.0 (Macintosh; Intel Mac OS X 10_14_4) AppleWebKit/537.36 (KHTML, like Gecko) Chrome/73.0.3683.103 Safari/537.36" 
114.119.157.43 - - [15/Jan/2021:18:21:13 -0800] "GET /self.logs/2015/error.log.2015-11-06.gz HTTP/1.1" 200 772 "-" "Mozilla/5.0 (Linux; Android 7.0;) AppleWebKit/537.36 (KHTML, like Gecko) Mobile Safari/537.36 (compatible; PetalBot;+https://aspiegel.com/petalbot)" 
54.36.149.62 - - [15/Jan/2021:18:21:22 -0800] "GET /self.logs/access.log.2017-01-30.gz HTTP/1.1" 200 29740 "-" "Mozilla/5.0 (compatible; AhrefsBot/7.0; +http://ahrefs.com/robot/)" 
116.179.32.199 - - [15/Jan/2021:18:21:54 -0800] "GET / HTTP/1.1" 200 12845 "-" "Mozilla/5.0 (compatible; Baiduspider/2.0; +http://www.baidu.com/search/spider.html)" 
54.36.149.62 - - [15/Jan/2021:18:23:18 -0800] "GET /self.logs/error.log.2018-02-04.gz HTTP/1.1" 200 4755 "-" "Mozilla/5.0 (compatible; AhrefsBot/7.0; +http://ahrefs.com/robot/)" 
54.36.149.62 - - [15/Jan/2021:18:25:11 -0800] "GET /self.logs/access.log.2018-12-24.gz HTTP/1.1" 200 23502 "-" "Mozilla/5.0 (compatible; AhrefsBot/7.0; +http://ahrefs.com/robot/)" 
114.119.141.53 - - [15/Jan/2021:18:26:14 -0800] "GET /self.logs/error.log.2019-12-10.gz HTTP/1.1" 200 871 "-" "Mozilla/5.0 (Linux; Android 7.0;) AppleWebKit/537.36 (KHTML, like Gecko) Mobile Safari/537.36 (compatible; PetalBot;+https://aspiegel.com/petalbot)" 
54.36.148.18 - - [15/Jan/2021:18:29:23 -0800] "GET /self.logs/access.log.2020-10-11.gz HTTP/1.1" 200 15693 "-" "Mozilla/5.0 (compatible; AhrefsBot/7.0; +http://ahrefs.com/robot/)" 
52.212.146.96 - - [15/Jan/2021:18:30:03 -0800] "GET /self.logs/access.log.2021-01-09.gz HTTP/1.1" 200 28448 "-" "python-requests/2.12.1" 
52.212.146.96 - - [15/Jan/2021:18:30:03 -0800] "GET /self.logs/access.log.2021-01-10.gz HTTP/1.1" 200 25715 "-" "python-requests/2.12.1" 
52.212.146.96 - - [15/Jan/2021:18:30:03 -0800] "GET /self.logs/access.log.2021-01-11.gz HTTP/1.1" 200 38398 "-" "python-requests/2.12.1" 
52.212.146.96 - - [15/Jan/2021:18:30:03 -0800] "GET /self.logs/access.log.2021-01-12.gz HTTP/1.1" 404 328 "-" "python-requests/2.12.1" 
52.212.146.96 - - [15/Jan/2021:18:30:04 -0800] "GET /self.logs/access.log.2021-01-13.gz HTTP/1.1" 404 328 "-" "python-requests/2.12.1" 
52.212.146.96 - - [15/Jan/2021:18:30:04 -0800] "GET /self.logs/access.log.2021-01-14.gz HTTP/1.1" 404 328 "-" "python-requests/2.12.1" 
52.212.146.96 - - [15/Jan/2021:18:30:04 -0800] "GET /self.logs/access.log.2021-01-15.gz HTTP/1.1" 404 328 "-" "python-requests/2.12.1" 
114.119.155.228 - - [15/Jan/2021:18:31:13 -0800] "GET /self.logs/2015/error.log.2015-05-27.gz HTTP/1.1" 200 765 "-" "Mozilla/5.0 (Linux; Android 7.0;) AppleWebKit/537.36 (KHTML, like Gecko) Mobile Safari/537.36 (compatible; PetalBot;+https://aspiegel.com/petalbot)" 
54.36.148.201 - - [15/Jan/2021:18:31:21 -0800] "GET /self.logs/access.log.2017-07-22.gz HTTP/1.1" 200 16418 "-" "Mozilla/5.0 (compatible; AhrefsBot/7.0; +http://ahrefs.com/robot/)" 
13.66.139.52 - - [15/Jan/2021:18:32:13 -0800] "GET /self.logs/2015/error.log.2015-01-28.gz HTTP/1.1" 200 707 "-" "Mozilla/5.0 (compatible; bingbot/2.0; +http://www.bing.com/bingbot.htm)" 
54.36.149.62 - - [15/Jan/2021:18:35:21 -0800] "GET /self.logs/error.log.2017-10-03.gz HTTP/1.1" 200 2864 "-" "Mozilla/5.0 (compatible; AhrefsBot/7.0; +http://ahrefs.com/robot/)" 
114.119.141.53 - - [15/Jan/2021:18:36:13 -0800] "GET /self.logs/error.log.2020-07-08.gz HTTP/1.1" 200 963 "-" "Mozilla/5.0 (Linux; Android 7.0;) AppleWebKit/537.36 (KHTML, like Gecko) Mobile Safari/537.36 (compatible; PetalBot;+https://aspiegel.com/petalbot)" 
49.7.20.134 - - [15/Jan/2021:18:33:34 -0800] "GET /honeypot/BSidesDFW%20-%202014.ipynb HTTP/1.1" 200 474500 "-" "Sogou web spider/4.0(+http://www.sogou.com/docs/help/webmasters.htm#07)" 
23.229.76.68 - - [15/Jan/2021:18:36:32 -0800] "GET / HTTP/1.1" 200 12838 "http://www.secrepo.com/" "Mozilla/5.0 (Macintosh; Intel Mac OS X 10_9_5) AppleWebKit/537.36 (KHTML, like Gecko) Chrome/63.0.3239.108 Safari/537.36" 
54.36.149.55 - - [15/Jan/2021:18:37:31 -0800] "GET /self.logs/access.log.2017-03-11.gz HTTP/1.1" 200 14753 "-" "Mozilla/5.0 (compatible; AhrefsBot/7.0; +http://ahrefs.com/robot/)" 
49.7.20.134 - - [15/Jan/2021:18:36:19 -0800] "GET /honeypot/BSidesDFW%20-%202014.ipynb HTTP/1.1" 200 930884 "-" "Sogou web spider/4.0(+http://www.sogou.com/docs/help/webmasters.htm#07)" 
114.119.150.248 - - [15/Jan/2021:18:41:14 -0800] "GET /self.logs/2015/error.log.2015-10-11.gz HTTP/1.1" 200 933 "-" "Mozilla/5.0 (Linux; Android 7.0;) AppleWebKit/537.36 (KHTML, like Gecko) Mobile Safari/537.36 (compatible; PetalBot;+https://aspiegel.com/petalbot)" 
54.36.148.18 - - [15/Jan/2021:18:41:21 -0800] "GET /self.logs/access.log.2019-09-04.gz HTTP/1.1" 200 29841 "-" "Mozilla/5.0 (compatible; AhrefsBot/7.0; +http://ahrefs.com/robot/)" 
46.118.228.242 - - [15/Jan/2021:18:41:45 -0800] "GET / HTTP/1.1" 200 48020 "https://porno-home365.com/" "Mozilla/4.0 (compatible; MSIE 6.0; Windows NT 5.1; SV1; FunWebProducts; .NET CLR 1.1.4322; PeoplePal 6.2)" 
111.202.101.150 - - [15/Jan/2021:18:43:01 -0800] "GET / HTTP/1.1" 200 12845 "-" "Sogou web spider/4.0(+http://www.sogou.com/docs/help/webmasters.htm#07)" 
54.36.149.62 - - [15/Jan/2021:18:45:07 -0800] "GET /self.logs/error.log.2018-10-23.gz HTTP/1.1" 200 4823 "-" "Mozilla/5.0 (compatible; AhrefsBot/7.0; +http://ahrefs.com/robot/)" 
114.119.159.40 - - [15/Jan/2021:18:46:14 -0800] "GET /self.logs/error.log.2020-01-21.gz HTTP/1.1" 200 682 "-" "Mozilla/5.0 (Linux; Android 7.0;) AppleWebKit/537.36 (KHTML, like Gecko) Mobile Safari/537.36 (compatible; PetalBot;+https://aspiegel.com/petalbot)" 
159.89.140.71 - - [15/Jan/2021:18:47:05 -0800] "GET / HTTP/1.1" 200 12883 "-" "Mozilla/5.0 (Macintosh; Intel Mac OS X 10_14_4) AppleWebKit/537.36 (KHTML, like Gecko) Chrome/73.0.3683.103 Safari/537.36" 
159.89.140.71 - - [15/Jan/2021:18:47:05 -0800] "GET /css/style.css HTTP/1.1" 404 305 "http://www.secrepo.com/" "Mozilla/5.0 (Macintosh; Intel Mac OS X 10_14_4) AppleWebKit/537.36 (KHTML, like Gecko) Chrome/73.0.3683.103 Safari/537.36" 
159.89.140.71 - - [15/Jan/2021:18:47:06 -0800] "GET /twitter-icon.png HTTP/1.1" 200 27893 "http://www.secrepo.com/" "Mozilla/5.0 (Macintosh; Intel Mac OS X 10_14_4) AppleWebKit/537.36 (KHTML, like Gecko) Chrome/73.0.3683.103 Safari/537.36" 
159.89.140.71 - - [15/Jan/2021:18:47:06 -0800] "GET /GitHub-Mark.png HTTP/1.1" 200 7556 "http://www.secrepo.com/" "Mozilla/5.0 (Macintosh; Intel Mac OS X 10_14_4) AppleWebKit/537.36 (KHTML, like Gecko) Chrome/73.0.3683.103 Safari/537.36" 
54.36.148.18 - - [15/Jan/2021:18:47:06 -0800] "GET /self.logs/error.log.2017-05-16.gz HTTP/1.1" 200 1062 "-" "Mozilla/5.0 (compatible; AhrefsBot/7.0; +http://ahrefs.com/robot/)" 
54.36.148.18 - - [15/Jan/2021:18:49:10 -0800] "GET /self.logs/access.log.2019-02-21.gz HTTP/1.1" 200 24342 "-" "Mozilla/5.0 (compatible; AhrefsBot/7.0; +http://ahrefs.com/robot/)" 
54.36.149.62 - - [15/Jan/2021:18:51:12 -0800] "GET /self.logs/error.log.2017-05-04.gz HTTP/1.1" 200 911 "-" "Mozilla/5.0 (compatible; AhrefsBot/7.0; +http://ahrefs.com/robot/)" 
114.119.159.101 - - [15/Jan/2021:18:51:14 -0800] "GET /self.logs/access.log.2019-06-25.gz HTTP/1.1" 200 25985 "-" "Mozilla/5.0 (Linux; Android 7.0;) AppleWebKit/537.36 (KHTML, like Gecko) Mobile Safari/537.36 (compatible; PetalBot;+https://aspiegel.com/petalbot)" 
13.66.139.92 - - [15/Jan/2021:18:51:40 -0800] "GET /self.logs/2015/error.log.2015-05-25.gz HTTP/1.1" 200 834 "-" "Mozilla/5.0 (compatible; bingbot/2.0; +http://www.bing.com/bingbot.htm)" 
54.36.149.73 - - [15/Jan/2021:18:53:11 -0800] "GET /self.logs/access.log.2020-08-21.gz HTTP/1.1" 200 45314 "-" "Mozilla/5.0 (compatible; AhrefsBot/7.0; +http://ahrefs.com/robot/)" 
123.183.224.115 - - [15/Jan/2021:18:54:04 -0800] "GET / HTTP/1.1" 301 438 "-" "Sogou web spider/4.0(+http://www.sogou.com/docs/help/webmasters.htm#07)" 
54.36.149.62 - - [15/Jan/2021:18:55:09 -0800] "GET /self.logs/error.log.2018-07-26.gz HTTP/1.1" 200 6070 "-" "Mozilla/5.0 (compatible; AhrefsBot/7.0; +http://ahrefs.com/robot/)" 
123.183.224.115 - - [15/Jan/2021:18:55:12 -0800] "GET / HTTP/1.1" 200 12846 "-" "Sogou web spider/4.0(+http://www.sogou.com/docs/help/webmasters.htm#07)" 
111.202.101.68 - - [15/Jan/2021:18:55:15 -0800] "GET /css/style.css HTTP/1.1" 404 291 "-" "Mozilla/4.0 (compatible; MSIE 7.0; Windows NT 6.0; Trident/4.0)" 
13.66.139.52 - - [15/Jan/2021:18:56:05 -0800] "GET /self.logs/2015/error.log.2015-05-20.gz HTTP/1.1" 200 876 "-" "Mozilla/5.0 (compatible; bingbot/2.0; +http://www.bing.com/bingbot.htm)" 
114.119.159.101 - - [15/Jan/2021:18:56:13 -0800] "GET /self.logs/access.log.2017-02-06.gz HTTP/1.1" 200 30110 "-" "Mozilla/5.0 (Linux; Android 7.0;) AppleWebKit/537.36 (KHTML, like Gecko) Mobile Safari/537.36 (compatible; PetalBot;+https://aspiegel.com/petalbot)" 
54.36.148.18 - - [15/Jan/2021:18:59:07 -0800] "GET /self.logs/access.log.2020-10-09.gz HTTP/1.1" 200 31035 "-" "Mozilla/5.0 (compatible; AhrefsBot/7.0; +http://ahrefs.com/robot/)" 
54.36.148.18 - - [15/Jan/2021:19:01:05 -0800] "GET /self.logs/access.log.2017-01-31.gz HTTP/1.1" 200 19854 "-" "Mozilla/5.0 (compatible; AhrefsBot/7.0; +http://ahrefs.com/robot/)" 
114.119.155.228 - - [15/Jan/2021:19:01:14 -0800] "GET /self.logs/access.log.2019-11-25.gz HTTP/1.1" 200 23732 "-" "Mozilla/5.0 (Linux; Android 7.0;) AppleWebKit/537.36 (KHTML, like Gecko) Mobile Safari/537.36 (compatible; PetalBot;+https://aspiegel.com/petalbot)" 
54.36.148.14 - - [15/Jan/2021:19:05:24 -0800] "GET /self.logs/error.log.2018-12-18.gz HTTP/1.1" 200 3679 "-" "Mozilla/5.0 (compatible; AhrefsBot/7.0; +http://ahrefs.com/robot/)" 
114.119.150.248 - - [15/Jan/2021:19:06:13 -0800] "GET /self.logs/error.log.2019-07-12.gz HTTP/1.1" 200 1166 "-" "Mozilla/5.0 (Linux; Android 7.0;) AppleWebKit/537.36 (KHTML, like Gecko) Mobile Safari/537.36 (compatible; PetalBot;+https://aspiegel.com/petalbot)" 
66.249.64.153 - - [15/Jan/2021:19:07:15 -0800] "GET / HTTP/1.1" 200 12881 "-" "Mozilla/5.0 (compatible; Googlebot/2.1; +http://www.google.com/bot.html)" 
54.36.148.54 - - [15/Jan/2021:19:09:57 -0800] "GET /self.logs/error.log.2018-03-23.gz HTTP/1.1" 200 4617 "-" "Mozilla/5.0 (compatible; AhrefsBot/7.0; +http://ahrefs.com/robot/)" 
114.119.159.101 - - [15/Jan/2021:19:11:14 -0800] "GET /self.logs/2015/access.log.2015-09-29.gz HTTP/1.1" 200 5369 "-" "Mozilla/5.0 (Linux; Android 7.0;) AppleWebKit/537.36 (KHTML, like Gecko) Mobile Safari/537.36 (compatible; PetalBot;+https://aspiegel.com/petalbot)" 
54.36.148.228 - - [15/Jan/2021:19:14:23 -0800] "GET /Datasets%20Description/HTML_Bro_log_1/http.html HTTP/1.1" 200 1990 "-" "Mozilla/5.0 (compatible; AhrefsBot/7.0; +http://ahrefs.com/robot/)" 
114.119.155.228 - - [15/Jan/2021:19:16:14 -0800] "GET /self.logs/access.log.2020-09-27.gz HTTP/1.1" 200 24333 "-" "Mozilla/5.0 (Linux; Android 7.0;) AppleWebKit/537.36 (KHTML, like Gecko) Mobile Safari/537.36 (compatible; PetalBot;+https://aspiegel.com/petalbot)" 
54.36.148.156 - - [15/Jan/2021:19:16:30 -0800] "GET /self.logs/error.log.2018-02-17.gz HTTP/1.1" 200 4110 "-" "Mozilla/5.0 (compatible; AhrefsBot/7.0; +http://ahrefs.com/robot/)" 
146.59.250.180 - - [15/Jan/2021:19:16:41 -0800] "GET /wp-includes/css/css.php HTTP/1.1" 404 328 "-" "python-requests/2.25.1" 
146.59.250.180 - - [15/Jan/2021:19:16:47 -0800] "GET /wp-includes/fonts/css.php HTTP/1.1" 404 328 "-" "python-requests/2.25.1" 
54.36.148.18 - - [15/Jan/2021:19:20:36 -0800] "GET /self.logs/access.log.2018-08-19.gz HTTP/1.1" 200 17509 "-" "Mozilla/5.0 (compatible; AhrefsBot/7.0; +http://ahrefs.com/robot/)" 
114.119.157.43 - - [15/Jan/2021:19:21:14 -0800] "GET /self.logs/error.log.2017-07-25.gz HTTP/1.1" 200 1516 "-" "Mozilla/5.0 (Linux; Android 7.0;) AppleWebKit/537.36 (KHTML, like Gecko) Mobile Safari/537.36 (compatible; PetalBot;+https://aspiegel.com/petalbot)" 
54.36.148.144 - - [15/Jan/2021:19:22:39 -0800] "GET /self.logs/error.log.2018-10-29.gz HTTP/1.1" 200 4305 "-" "Mozilla/5.0 (compatible; AhrefsBot/7.0; +http://ahrefs.com/robot/)" 
114.119.144.30 - - [15/Jan/2021:19:26:13 -0800] "GET /squid/access.log.gz HTTP/1.1" 200 23100671 "-" "Mozilla/5.0 (Linux; Android 7.0;) AppleWebKit/537.36 (KHTML, like Gecko) Mobile Safari/537.36 (compatible; PetalBot;+https://aspiegel.com/petalbot)" 
54.36.148.18 - - [15/Jan/2021:19:26:47 -0800] "GET /self.logs/access.log.2017-12-15.gz HTTP/1.1" 200 24516 "-" "Mozilla/5.0 (compatible; AhrefsBot/7.0; +http://ahrefs.com/robot/)" 
54.36.148.98 - - [15/Jan/2021:19:30:51 -0800] "GET /self.logs/access.log.2017-05-18.gz HTTP/1.1" 200 25819 "-" "Mozilla/5.0 (compatible; AhrefsBot/7.0; +http://ahrefs.com/robot/)" 
173.183.225.157 - - [15/Jan/2021:19:31:04 -0800] "GET / HTTP/1.1" 200 12882 "-" "Mozilla/5.0 (Windows NT 10.0; Win64; x64; rv:78.0) Gecko/20100101 Firefox/78.0" 
173.183.225.157 - - [15/Jan/2021:19:31:06 -0800] "GET /css/style.css HTTP/1.1" 404 305 "http://www.secrepo.com/" "Mozilla/5.0 (Windows NT 10.0; Win64; x64; rv:78.0) Gecko/20100101 Firefox/78.0" 
173.183.225.157 - - [15/Jan/2021:19:31:07 -0800] "GET /twitter-icon.png HTTP/1.1" 200 27916 "http://www.secrepo.com/" "Mozilla/5.0 (Windows NT 10.0; Win64; x64; rv:78.0) Gecko/20100101 Firefox/78.0" 
173.183.225.157 - - [15/Jan/2021:19:31:07 -0800] "GET /GitHub-Mark.png HTTP/1.1" 200 7533 "http://www.secrepo.com/" "Mozilla/5.0 (Windows NT 10.0; Win64; x64; rv:78.0) Gecko/20100101 Firefox/78.0" 
173.183.225.157 - - [15/Jan/2021:19:31:07 -0800] "GET /bootstrap/img/favicon.ico HTTP/1.1" 200 690 "-" "Mozilla/5.0 (Windows NT 10.0; Win64; x64; rv:78.0) Gecko/20100101 Firefox/78.0" 
114.119.141.53 - - [15/Jan/2021:19:31:14 -0800] "GET /self.logs/access.log.2019-10-09.gz HTTP/1.1" 200 51652 "-" "Mozilla/5.0 (Linux; Android 7.0;) AppleWebKit/537.36 (KHTML, like Gecko) Mobile Safari/537.36 (compatible; PetalBot;+https://aspiegel.com/petalbot)" 
54.36.149.62 - - [15/Jan/2021:19:32:52 -0800] "GET /self.logs/error.log.2018-06-26.gz HTTP/1.1" 200 4812 "-" "Mozilla/5.0 (compatible; AhrefsBot/7.0; +http://ahrefs.com/robot/)" 
114.119.159.40 - - [15/Jan/2021:19:36:14 -0800] "GET /self.logs/access.log.2020-09-28.gz HTTP/1.1" 200 31675 "-" "Mozilla/5.0 (Linux; Android 7.0;) AppleWebKit/537.36 (KHTML, like Gecko) Mobile Safari/537.36 (compatible; PetalBot;+https://aspiegel.com/petalbot)" 
54.36.149.62 - - [15/Jan/2021:19:37:09 -0800] "GET /self.logs/error.log.2018-08-04.gz HTTP/1.1" 200 7760 "-" "Mozilla/5.0 (compatible; AhrefsBot/7.0; +http://ahrefs.com/robot/)" 
114.119.129.244 - - [15/Jan/2021:19:41:14 -0800] "GET /self.logs/access.log.2019-02-06.gz HTTP/1.1" 200 22402 "-" "Mozilla/5.0 (Linux; Android 7.0;) AppleWebKit/537.36 (KHTML, like Gecko) Mobile Safari/537.36 (compatible; PetalBot;+https://aspiegel.com/petalbot)" 
54.36.148.39 - - [15/Jan/2021:19:41:33 -0800] "GET /self.logs/error.log.2017-05-12.gz HTTP/1.1" 200 917 "-" "Mozilla/5.0 (compatible; AhrefsBot/7.0; +http://ahrefs.com/robot/)" 
54.36.148.18 - - [15/Jan/2021:19:43:36 -0800] "GET /self.logs/access.log.2018-09-11.gz HTTP/1.1" 200 33889 "-" "Mozilla/5.0 (compatible; AhrefsBot/7.0; +http://ahrefs.com/robot/)" 
13.66.139.52 - - [15/Jan/2021:19:44:40 -0800] "GET /self.logs/?C=D;O=A HTTP/1.1" 200 27058 "-" "Mozilla/5.0 (compatible; bingbot/2.0; +http://www.bing.com/bingbot.htm)" 
114.119.130.95 - - [15/Jan/2021:19:46:14 -0800] "GET /self.logs/error.log.2018-04-12.gz HTTP/1.1" 200 4309 "-" "Mozilla/5.0 (Linux; Android 7.0;) AppleWebKit/537.36 (KHTML, like Gecko) Mobile Safari/537.36 (compatible; PetalBot;+https://aspiegel.com/petalbot)" 
13.66.139.137 - - [15/Jan/2021:19:46:17 -0800] "GET /self.logs/2015/error.log.2015-12-03.gz HTTP/1.1" 200 782 "-" "Mozilla/5.0 (compatible; bingbot/2.0; +http://www.bing.com/bingbot.htm)" 
157.55.39.142 - - [15/Jan/2021:19:47:24 -0800] "GET / HTTP/1.1" 200 12882 "-" "Mozilla/5.0 (compatible; bingbot/2.0; +http://www.bing.com/bingbot.htm)" 
54.36.148.18 - - [15/Jan/2021:19:47:44 -0800] "GET /self.logs/error.log.2018-02-25.gz HTTP/1.1" 200 4071 "-" "Mozilla/5.0 (compatible; AhrefsBot/7.0; +http://ahrefs.com/robot/)" 
114.119.155.228 - - [15/Jan/2021:19:51:14 -0800] "GET /self.logs/access.log.2019-12-03.gz HTTP/1.1" 200 40312 "-" "Mozilla/5.0 (Linux; Android 7.0;) AppleWebKit/537.36 (KHTML, like Gecko) Mobile Safari/537.36 (compatible; PetalBot;+https://aspiegel.com/petalbot)" 
54.36.148.15 - - [15/Jan/2021:19:52:03 -0800] "GET /self.logs/error.log.2019-03-13.gz HTTP/1.1" 200 3462 "-" "Mozilla/5.0 (compatible; AhrefsBot/7.0; +http://ahrefs.com/robot/)" 
13.66.139.52 - - [15/Jan/2021:19:53:11 -0800] "GET /maccdc2012/dns.log.gz HTTP/1.1" 200 6607379 "-" "Mozilla/5.0 (compatible; bingbot/2.0; +http://www.bing.com/bingbot.htm)" 
114.119.159.40 - - [15/Jan/2021:19:56:14 -0800] "GET /self.logs/2015/access.log.2015-08-07.gz HTTP/1.1" 200 4688 "-" "Mozilla/5.0 (Linux; Android 7.0;) AppleWebKit/537.36 (KHTML, like Gecko) Mobile Safari/537.36 (compatible; PetalBot;+https://aspiegel.com/petalbot)" 
54.36.149.62 - - [15/Jan/2021:19:56:16 -0800] "GET /self.logs/error.log.2018-11-01.gz HTTP/1.1" 200 4113 "-" "Mozilla/5.0 (compatible; AhrefsBot/7.0; +http://ahrefs.com/robot/)" 
13.66.139.137 - - [15/Jan/2021:19:56:38 -0800] "GET /self.logs/2015/access.log.2015-06-03.gz HTTP/1.1" 200 3458 "-" "Mozilla/5.0 (compatible; bingbot/2.0; +http://www.bing.com/bingbot.htm)" 
69.138.225.121 - - [15/Jan/2021:19:57:26 -0800] "GET / HTTP/1.1" 200 12882 "https://t.co/Qro1LD8G5m?amp=1" "Mozilla/5.0 (X11; Linux x86_64; rv:78.0) Gecko/20100101 Firefox/78.0" 
69.138.225.121 - - [15/Jan/2021:19:57:26 -0800] "GET /css/style.css HTTP/1.1" 404 305 "http://www.secrepo.com/" "Mozilla/5.0 (X11; Linux x86_64; rv:78.0) Gecko/20100101 Firefox/78.0" 
69.138.225.121 - - [15/Jan/2021:19:57:27 -0800] "GET /twitter-icon.png HTTP/1.1" 200 27893 "http://www.secrepo.com/" "Mozilla/5.0 (X11; Linux x86_64; rv:78.0) Gecko/20100101 Firefox/78.0" 
69.138.225.121 - - [15/Jan/2021:19:57:27 -0800] "GET /GitHub-Mark.png HTTP/1.1" 200 7556 "http://www.secrepo.com/" "Mozilla/5.0 (X11; Linux x86_64; rv:78.0) Gecko/20100101 Firefox/78.0" 
69.138.225.121 - - [15/Jan/2021:19:57:27 -0800] "GET /bootstrap/img/favicon.ico HTTP/1.1" 200 690 "-" "Mozilla/5.0 (X11; Linux x86_64; rv:78.0) Gecko/20100101 Firefox/78.0" 
190.63.214.86 - - [15/Jan/2021:19:58:46 -0800] "GET /self.logs/ HTTP/1.1" 200 27058 "-" "Mozilla/5.0 (Windows NT 6.1; Win64; x64; rv:84.0) Gecko/20100101 Firefox/84.0" 
190.63.214.86 - - [15/Jan/2021:19:58:46 -0800] "GET /favicon.ico HTTP/1.1" 200 368 "http://www.secrepo.com/self.logs/" "Mozilla/5.0 (Windows NT 6.1; Win64; x64; rv:84.0) Gecko/20100101 Firefox/84.0" 
54.36.149.62 - - [15/Jan/2021:20:00:09 -0800] "GET /self.logs/error.log.2018-05-08.gz HTTP/1.1" 200 5655 "-" "Mozilla/5.0 (compatible; AhrefsBot/7.0; +http://ahrefs.com/robot/)" 
114.119.157.43 - - [15/Jan/2021:20:01:14 -0800] "GET /self.logs/access.log.2018-01-26.gz HTTP/1.1" 200 37049 "-" "Mozilla/5.0 (Linux; Android 7.0;) AppleWebKit/537.36 (KHTML, like Gecko) Mobile Safari/537.36 (compatible; PetalBot;+https://aspiegel.com/petalbot)" 
216.160.239.174 - - [15/Jan/2021:20:02:07 -0800] "GET / HTTP/1.1" 200 12880 "-" "Mozilla/5.0 (compatible; Gowikibot/1.0; +http://www.gowikibot.com)" 
54.36.149.62 - - [15/Jan/2021:20:03:47 -0800] "GET /self.logs/access.log.2017-08-06.gz HTTP/1.1" 200 54021 "-" "Mozilla/5.0 (compatible; AhrefsBot/7.0; +http://ahrefs.com/robot/)" 
114.119.155.228 - - [15/Jan/2021:20:06:14 -0800] "GET /self.logs/2015/error.log.2015-01-18.gz HTTP/1.1" 200 1322 "-" "Mozilla/5.0 (Linux; Android 7.0;) AppleWebKit/537.36 (KHTML, like Gecko) Mobile Safari/537.36 (compatible; PetalBot;+https://aspiegel.com/petalbot)" 
54.36.149.62 - - [15/Jan/2021:20:07:40 -0800] "GET /self.logs/error.log.2019-11-23.gz HTTP/1.1" 200 825 "-" "Mozilla/5.0 (compatible; AhrefsBot/7.0; +http://ahrefs.com/robot/)" 
