216.244.66.245 - - [02/Jun/2024:12:54:55 -0700] "GET /self.logs/error.log.2023-05-02.gz HTTP/1.1" 200 1079 "-" "Mozilla/5.0 (compatible; DotBot/1.2; +https://opensiteexplorer.org/dotbot; help@moz.com)" 
216.244.66.245 - - [02/Jun/2024:12:55:18 -0700] "GET /self.logs/access.log.2019-12-30.gz HTTP/1.1" 200 25638 "-" "Mozilla/5.0 (compatible; DotBot/1.2; +https://opensiteexplorer.org/dotbot; help@moz.com)" 
216.244.66.245 - - [02/Jun/2024:12:55:39 -0700] "GET /self.logs/access.log.2020-10-02.gz HTTP/1.1" 200 26706 "-" "Mozilla/5.0 (compatible; DotBot/1.2; +https://opensiteexplorer.org/dotbot; help@moz.com)" 
216.244.66.245 - - [02/Jun/2024:12:56:00 -0700] "GET /self.logs/access.log.2021-03-22.gz HTTP/1.1" 200 20352 "-" "Mozilla/5.0 (compatible; DotBot/1.2; +https://opensiteexplorer.org/dotbot; help@moz.com)" 
216.244.66.245 - - [02/Jun/2024:12:56:20 -0700] "GET /self.logs/access.log.2021-07-13.gz HTTP/1.1" 200 30961 "-" "Mozilla/5.0 (compatible; DotBot/1.2; +https://opensiteexplorer.org/dotbot; help@moz.com)" 
103.194.187.186 - - [02/Jun/2024:12:56:37 -0700] "GET /admin.php?m=classify&a=edit_save HTTP/1.1" 404 328 "-" "Mozilla/5.0 (Windows NT 10.0; WOW64; rv:48.0) Gecko/20100101 Firefox/48.0" 
216.244.66.245 - - [02/Jun/2024:12:56:39 -0700] "GET /self.logs/error.log.2017-04-30.gz HTTP/1.1" 200 1233 "-" "Mozilla/5.0 (compatible; DotBot/1.2; +https://opensiteexplorer.org/dotbot; help@moz.com)" 
216.244.66.245 - - [02/Jun/2024:12:56:57 -0700] "GET /self.logs/error.log.2017-07-16.gz HTTP/1.1" 200 727 "-" "Mozilla/5.0 (compatible; DotBot/1.2; +https://opensiteexplorer.org/dotbot; help@moz.com)" 
217.182.134.134 - - [02/Jun/2024:12:57:05 -0700] "GET /honeypot//%22https://twitter.com/theroxyd/%22 HTTP/1.1" 404 328 "-" "Mozilla/5.0 (compatible; MJ12bot/v1.4.8; http://mj12bot.com/)" 
216.244.66.245 - - [02/Jun/2024:12:57:13 -0700] "GET /self.logs/error.log.2017-08-24.gz HTTP/1.1" 200 1086 "-" "Mozilla/5.0 (compatible; DotBot/1.2; +https://opensiteexplorer.org/dotbot; help@moz.com)" 
217.182.134.134 - - [02/Jun/2024:12:57:15 -0700] "GET /self.logs/ HTTP/1.1" 200 50142 "-" "Mozilla/5.0 (compatible; MJ12bot/v1.4.8; http://mj12bot.com/)" 
217.182.134.134 - - [02/Jun/2024:12:57:22 -0700] "GET /%C2%A0 HTTP/1.1" 404 284 "-" "Mozilla/5.0 (compatible; MJ12bot/v1.4.8; http://mj12bot.com/)" 
216.244.66.245 - - [02/Jun/2024:12:57:28 -0700] "GET /self.logs/error.log.2017-09-24.gz HTTP/1.1" 200 2038 "-" "Mozilla/5.0 (compatible; DotBot/1.2; +https://opensiteexplorer.org/dotbot; help@moz.com)" 
217.182.134.134 - - [02/Jun/2024:12:57:29 -0700] "GET / HTTP/1.1" 200 13142 "-" "Mozilla/5.0 (compatible; MJ12bot/v1.4.8; http://mj12bot.com/)" 
216.244.66.245 - - [02/Jun/2024:12:57:43 -0700] "GET /self.logs/error.log.2017-10-11.gz HTTP/1.1" 200 2273 "-" "Mozilla/5.0 (compatible; DotBot/1.2; +https://opensiteexplorer.org/dotbot; help@moz.com)" 
107.20.105.74 - - [02/Jun/2024:12:57:47 -0700] "HEAD / HTTP/1.1" 301 186 "-" "DreamHost SiteMonitor 1.0" 
107.20.105.74 - - [02/Jun/2024:12:57:47 -0700] "HEAD / HTTP/1.1" 200 359 "http://67.205.24.129" "DreamHost SiteMonitor 1.0" 
216.244.66.245 - - [02/Jun/2024:12:57:57 -0700] "GET /self.logs/error.log.2018-04-08.gz HTTP/1.1" 200 7040 "-" "Mozilla/5.0 (compatible; DotBot/1.2; +https://opensiteexplorer.org/dotbot; help@moz.com)" 
216.244.66.245 - - [02/Jun/2024:12:58:09 -0700] "GET /self.logs/error.log.2018-04-17.gz HTTP/1.1" 200 4631 "-" "Mozilla/5.0 (compatible; DotBot/1.2; +https://opensiteexplorer.org/dotbot; help@moz.com)" 
216.244.66.245 - - [02/Jun/2024:12:58:20 -0700] "GET /self.logs/error.log.2018-05-23.gz HTTP/1.1" 200 4421 "-" "Mozilla/5.0 (compatible; DotBot/1.2; +https://opensiteexplorer.org/dotbot; help@moz.com)" 
216.244.66.245 - - [02/Jun/2024:12:58:31 -0700] "GET /self.logs/error.log.2018-07-12.gz HTTP/1.1" 200 5173 "-" "Mozilla/5.0 (compatible; DotBot/1.2; +https://opensiteexplorer.org/dotbot; help@moz.com)" 
216.244.66.245 - - [02/Jun/2024:12:58:40 -0700] "GET /self.logs/error.log.2018-10-31.gz HTTP/1.1" 200 5560 "-" "Mozilla/5.0 (compatible; DotBot/1.2; +https://opensiteexplorer.org/dotbot; help@moz.com)" 
216.244.66.245 - - [02/Jun/2024:12:58:49 -0700] "GET /self.logs/error.log.2019-01-07.gz HTTP/1.1" 200 7353 "-" "Mozilla/5.0 (compatible; DotBot/1.2; +https://opensiteexplorer.org/dotbot; help@moz.com)" 
216.244.66.245 - - [02/Jun/2024:12:58:56 -0700] "GET /self.logs/error.log.2019-01-13.gz HTTP/1.1" 200 4005 "-" "Mozilla/5.0 (compatible; DotBot/1.2; +https://opensiteexplorer.org/dotbot; help@moz.com)" 
216.244.66.245 - - [02/Jun/2024:12:59:04 -0700] "GET /self.logs/error.log.2019-04-07.gz HTTP/1.1" 200 10257 "-" "Mozilla/5.0 (compatible; DotBot/1.2; +https://opensiteexplorer.org/dotbot; help@moz.com)" 
216.244.66.245 - - [02/Jun/2024:12:59:09 -0700] "GET /self.logs/error.log.2019-05-25.gz HTTP/1.1" 200 3810 "-" "Mozilla/5.0 (compatible; DotBot/1.2; +https://opensiteexplorer.org/dotbot; help@moz.com)" 
216.244.66.245 - - [02/Jun/2024:12:59:13 -0700] "GET /self.logs/error.log.2020-01-14.gz HTTP/1.1" 200 827 "-" "Mozilla/5.0 (compatible; DotBot/1.2; +https://opensiteexplorer.org/dotbot; help@moz.com)" 
216.244.66.245 - - [02/Jun/2024:12:59:18 -0700] "GET /self.logs/error.log.2020-02-15.gz HTTP/1.1" 200 831 "-" "Mozilla/5.0 (compatible; DotBot/1.2; +https://opensiteexplorer.org/dotbot; help@moz.com)" 
216.244.66.245 - - [02/Jun/2024:12:59:22 -0700] "GET /self.logs/error.log.2020-08-06 HTTP/1.1" 200 823 "-" "Mozilla/5.0 (compatible; DotBot/1.2; +https://opensiteexplorer.org/dotbot; help@moz.com)" 
216.244.66.245 - - [02/Jun/2024:12:59:26 -0700] "GET /self.logs/error.log.2020-09-11.gz HTTP/1.1" 200 911 "-" "Mozilla/5.0 (compatible; DotBot/1.2; +https://opensiteexplorer.org/dotbot; help@moz.com)" 
216.244.66.245 - - [02/Jun/2024:12:59:32 -0700] "GET /self.logs/error.log.2021-01-03.gz HTTP/1.1" 200 931 "-" "Mozilla/5.0 (compatible; DotBot/1.2; +https://opensiteexplorer.org/dotbot; help@moz.com)" 
216.244.66.245 - - [02/Jun/2024:12:59:38 -0700] "GET /self.logs/error.log.2021-05-24.gz HTTP/1.1" 200 1109 "-" "Mozilla/5.0 (compatible; DotBot/1.2; +https://opensiteexplorer.org/dotbot; help@moz.com)" 
216.244.66.245 - - [02/Jun/2024:12:59:44 -0700] "GET /self.logs/error.log.2021-08-20 HTTP/1.1" 200 307 "-" "Mozilla/5.0 (compatible; DotBot/1.2; +https://opensiteexplorer.org/dotbot; help@moz.com)" 
216.244.66.245 - - [02/Jun/2024:12:59:49 -0700] "GET /self.logs/error.log.2021-09-01.gz HTTP/1.1" 200 1524 "-" "Mozilla/5.0 (compatible; DotBot/1.2; +https://opensiteexplorer.org/dotbot; help@moz.com)" 
216.244.66.245 - - [02/Jun/2024:12:59:53 -0700] "GET /self.logs/error.log.2022-05-14.gz HTTP/1.1" 200 3728 "-" "Mozilla/5.0 (compatible; DotBot/1.2; +https://opensiteexplorer.org/dotbot; help@moz.com)" 
216.244.66.245 - - [02/Jun/2024:12:59:57 -0700] "GET /self.logs/error.log.2022-12-26.gz HTTP/1.1" 200 3148 "-" "Mozilla/5.0 (compatible; DotBot/1.2; +https://opensiteexplorer.org/dotbot; help@moz.com)" 
52.167.144.21 - - [02/Jun/2024:13:00:12 -0700] "GET /self.logs/access.log.2022-05-17.gz HTTP/1.1" 200 11003 "-" "Mozilla/5.0 AppleWebKit/537.36 (KHTML, like Gecko; compatible; bingbot/2.0; +http://www.bing.com/bingbot.htm) Chrome/116.0.1938.76 Safari/537.36" 
45.61.48.223 - - [02/Jun/2024:13:05:25 -0700] "GET / HTTP/1.1" 200 49096 "-" "Mozilla/5.0 CK={} (Windows NT 6.1; WOW64; Trident/7.0; rv:11.0) like Gecko" 
178.128.41.4 - - [02/Jun/2024:13:05:40 -0700] "GET / HTTP/1.1" 301 419 "-" "Mozilla/5.0 (Macintosh; Intel Mac OS X 10_15_7) AppleWebKit/537.36 (KHTML, like Gecko) Chrome/121.0.0.0 Safari/537.36" 
40.77.167.79 - - [02/Jun/2024:13:10:49 -0700] "GET /self.logs/error.log.2019-07-24.gz HTTP/1.1" 301 485 "-" "Mozilla/5.0 AppleWebKit/537.36 (KHTML, like Gecko; compatible; bingbot/2.0; +http://www.bing.com/bingbot.htm) Chrome/116.0.1938.76 Safari/537.36" 
40.77.167.41 - - [02/Jun/2024:13:16:39 -0700] "GET /self.logs/error.log.2023-04-10.gz HTTP/1.1" 200 1287 "-" "Mozilla/5.0 AppleWebKit/537.36 (KHTML, like Gecko; compatible; bingbot/2.0; +http://www.bing.com/bingbot.htm) Chrome/116.0.1938.76 Safari/537.36" 
107.20.105.74 - - [02/Jun/2024:13:17:47 -0700] "HEAD / HTTP/1.1" 301 186 "-" "DreamHost SiteMonitor 1.0" 
107.20.105.74 - - [02/Jun/2024:13:17:47 -0700] "HEAD / HTTP/1.1" 200 359 "http://67.205.24.129" "DreamHost SiteMonitor 1.0" 
52.167.144.19 - - [02/Jun/2024:13:20:03 -0700] "GET /self.logs/access.log.2020-09-14.gz HTTP/1.1" 200 16342 "-" "Mozilla/5.0 AppleWebKit/537.36 (KHTML, like Gecko; compatible; bingbot/2.0; +http://www.bing.com/bingbot.htm) Chrome/116.0.1938.76 Safari/537.36" 
216.244.66.245 - - [02/Jun/2024:13:22:46 -0700] "GET /robots.txt HTTP/1.1" 200 333 "-" "Mozilla/5.0 (compatible; DotBot/1.2; +https://opensiteexplorer.org/dotbot; help@moz.com)" 
51.222.253.16 - - [02/Jun/2024:13:22:46 -0700] "GET /self.logs/2015/error.log.2015-04-02.gz HTTP/1.1" 200 1075 "-" "Mozilla/5.0 (compatible; AhrefsBot/7.0; +http://ahrefs.com/robot/)" 
51.222.253.4 - - [02/Jun/2024:13:23:42 -0700] "GET /self.logs/2015/error.log.2015-04-19.gz HTTP/1.1" 200 939 "-" "Mozilla/5.0 (compatible; AhrefsBot/7.0; +http://ahrefs.com/robot/)" 
51.222.253.12 - - [02/Jun/2024:13:24:46 -0700] "GET /self.logs/2015/error.log.2015-09-18.gz HTTP/1.1" 200 663 "-" "Mozilla/5.0 (compatible; AhrefsBot/7.0; +http://ahrefs.com/robot/)" 
51.222.253.19 - - [02/Jun/2024:13:25:49 -0700] "GET /self.logs/2015/error.log.2015-07-12.gz HTTP/1.1" 200 1277 "-" "Mozilla/5.0 (compatible; AhrefsBot/7.0; +http://ahrefs.com/robot/)" 
103.230.14.251 - - [02/Jun/2024:13:25:52 -0700] "GET /index.php?c=api&m=data2&auth=d41d8cd98f00b204e9800998ecf8427e&param=upload HTTP/1.1" 301 635 "-" "Mozilla/5.0 (Windows NT 10.0; WOW64; rv:48.0) Gecko/20100101 Firefox/48.0" 
51.222.253.19 - - [02/Jun/2024:13:26:49 -0700] "GET /self.logs/2015/access.log.2015-01-24.gz HTTP/1.1" 200 2296 "-" "Mozilla/5.0 (compatible; AhrefsBot/7.0; +http://ahrefs.com/robot/)" 
51.222.253.5 - - [02/Jun/2024:13:27:42 -0700] "GET /self.logs/2015/error.log.2015-06-07.gz HTTP/1.1" 200 579 "-" "Mozilla/5.0 (compatible; AhrefsBot/7.0; +http://ahrefs.com/robot/)" 
51.222.253.8 - - [02/Jun/2024:13:28:43 -0700] "GET /self.logs/2015/access.log.2015-01-30.gz HTTP/1.1" 200 6281 "-" "Mozilla/5.0 (compatible; AhrefsBot/7.0; +http://ahrefs.com/robot/)" 
51.222.253.1 - - [02/Jun/2024:13:29:41 -0700] "GET /self.logs/2015/access.log.2015-02-02.gz HTTP/1.1" 200 3370 "-" "Mozilla/5.0 (compatible; AhrefsBot/7.0; +http://ahrefs.com/robot/)" 
51.222.253.18 - - [02/Jun/2024:13:30:48 -0700] "GET /self.logs/2015/access.log.2015-11-24.gz HTTP/1.1" 200 10516 "-" "Mozilla/5.0 (compatible; AhrefsBot/7.0; +http://ahrefs.com/robot/)" 
51.222.253.13 - - [02/Jun/2024:13:31:57 -0700] "GET /self.logs/2015/access.log.2015-06-04.gz HTTP/1.1" 200 5243 "-" "Mozilla/5.0 (compatible; AhrefsBot/7.0; +http://ahrefs.com/robot/)" 
114.119.128.10 - - [02/Jun/2024:13:32:00 -0700] "GET /self.logs/error.log.2020-11-10 HTTP/1.1" 200 351 "http://www.secrepo.com/self.logs?C=N%3BO%3DD" "Mozilla/5.0 (Linux; Android 7.0;) AppleWebKit/537.36 (KHTML, like Gecko) Mobile Safari/537.36 (compatible; PetalBot;+https://webmaster.petalsearch.com/site/petalbot)" 
51.222.253.1 - - [02/Jun/2024:13:33:04 -0700] "GET /self.logs/2015/error.log.2015-06-16.gz HTTP/1.1" 200 766 "-" "Mozilla/5.0 (compatible; AhrefsBot/7.0; +http://ahrefs.com/robot/)" 
51.222.253.16 - - [02/Jun/2024:13:34:05 -0700] "GET /self.logs/2015/access.log.2015-12-01.gz HTTP/1.1" 200 7726 "-" "Mozilla/5.0 (compatible; AhrefsBot/7.0; +http://ahrefs.com/robot/)" 
51.222.253.14 - - [02/Jun/2024:13:35:15 -0700] "GET /self.logs/2015/error.log.2015-08-01.gz HTTP/1.1" 200 726 "-" "Mozilla/5.0 (compatible; AhrefsBot/7.0; +http://ahrefs.com/robot/)" 
47.128.35.251 - - [02/Jun/2024:13:35:19 -0700] "GET /self.logs/?C=S;O=A HTTP/1.1" 200 60756 "-" "Mozilla/5.0 (compatible; Bytespider; spider-feedback@bytedance.com) AppleWebKit/537.36 (KHTML, like Gecko) Chrome/70.0.0.0 Safari/537.36" 
154.54.249.163 - - [02/Jun/2024:13:35:37 -0700] "GET /self.logs/error.log.2020-04-21 HTTP/1.1" 200 351 "-" "Mozilla/5.0 (compatible; Barkrowler/0.9; +https://babbar.tech/crawler)" 
51.222.253.8 - - [02/Jun/2024:13:36:25 -0700] "GET /self.logs/2015/access.log.2015-02-09.gz HTTP/1.1" 200 4285 "-" "Mozilla/5.0 (compatible; AhrefsBot/7.0; +http://ahrefs.com/robot/)" 
51.222.253.18 - - [02/Jun/2024:13:37:23 -0700] "GET /self.logs/2015/access.log.2015-02-26.gz HTTP/1.1" 200 3613 "-" "Mozilla/5.0 (compatible; AhrefsBot/7.0; +http://ahrefs.com/robot/)" 
107.20.105.74 - - [02/Jun/2024:13:37:47 -0700] "HEAD / HTTP/1.1" 301 186 "-" "DreamHost SiteMonitor 1.0" 
107.20.105.74 - - [02/Jun/2024:13:37:47 -0700] "HEAD / HTTP/1.1" 200 359 "http://67.205.24.129" "DreamHost SiteMonitor 1.0" 
51.222.253.6 - - [02/Jun/2024:13:38:23 -0700] "GET /self.logs/2015/error.log.2015-07-02.gz HTTP/1.1" 200 859 "-" "Mozilla/5.0 (compatible; AhrefsBot/7.0; +http://ahrefs.com/robot/)" 
51.222.253.7 - - [02/Jun/2024:13:39:27 -0700] "GET /self.logs/2015/error.log.2015-07-22.gz HTTP/1.1" 200 769 "-" "Mozilla/5.0 (compatible; AhrefsBot/7.0; +http://ahrefs.com/robot/)" 
51.222.253.1 - - [02/Jun/2024:13:40:22 -0700] "GET /self.logs/2015/error.log.2015-12-17.gz HTTP/1.1" 200 791 "-" "Mozilla/5.0 (compatible; AhrefsBot/7.0; +http://ahrefs.com/robot/)" 
51.222.253.2 - - [02/Jun/2024:13:41:25 -0700] "GET /self.logs/2015/error.log.2015-01-27.gz HTTP/1.1" 200 691 "-" "Mozilla/5.0 (compatible; AhrefsBot/7.0; +http://ahrefs.com/robot/)" 
51.222.253.2 - - [02/Jun/2024:13:42:56 -0700] "GET /self.logs/2015/access.log.2015-12-18.gz HTTP/1.1" 200 4205 "-" "Mozilla/5.0 (compatible; AhrefsBot/7.0; +http://ahrefs.com/robot/)" 
51.222.253.6 - - [02/Jun/2024:13:43:32 -0700] "GET /self.logs/2015/error.log.2015-08-15.gz HTTP/1.1" 200 706 "-" "Mozilla/5.0 (compatible; AhrefsBot/7.0; +http://ahrefs.com/robot/)" 
51.222.253.13 - - [02/Jun/2024:13:44:33 -0700] "GET /self.logs/2015/access.log.2015-08-25.gz HTTP/1.1" 200 6519 "-" "Mozilla/5.0 (compatible; AhrefsBot/7.0; +http://ahrefs.com/robot/)" 
51.222.253.15 - - [02/Jun/2024:13:45:36 -0700] "GET /self.logs/2015/access.log.2015-09-01.gz HTTP/1.1" 200 10536 "-" "Mozilla/5.0 (compatible; AhrefsBot/7.0; +http://ahrefs.com/robot/)" 
51.222.253.20 - - [02/Jun/2024:13:46:32 -0700] "GET /self.logs/2015/error.log.2015-08-04.gz HTTP/1.1" 200 723 "-" "Mozilla/5.0 (compatible; AhrefsBot/7.0; +http://ahrefs.com/robot/)" 
51.222.253.16 - - [02/Jun/2024:13:47:24 -0700] "GET /self.logs/2015/error.log.2015-07-19.gz HTTP/1.1" 200 1115 "-" "Mozilla/5.0 (compatible; AhrefsBot/7.0; +http://ahrefs.com/robot/)" 
51.222.253.5 - - [02/Jun/2024:13:48:15 -0700] "GET /self.logs/2015/access.log.2015-11-23.gz HTTP/1.1" 200 8921 "-" "Mozilla/5.0 (compatible; AhrefsBot/7.0; +http://ahrefs.com/robot/)" 
51.222.253.16 - - [02/Jun/2024:13:49:11 -0700] "GET /self.logs/2015/error.log.2015-04-14.gz HTTP/1.1" 200 1721 "-" "Mozilla/5.0 (compatible; AhrefsBot/7.0; +http://ahrefs.com/robot/)" 
51.222.253.11 - - [02/Jun/2024:13:50:06 -0700] "GET /self.logs/2015/error.log.2015-01-30.gz HTTP/1.1" 200 617 "-" "Mozilla/5.0 (compatible; AhrefsBot/7.0; +http://ahrefs.com/robot/)" 
51.222.253.1 - - [02/Jun/2024:13:50:58 -0700] "GET /self.logs/2015/access.log.2015-07-14.gz HTTP/1.1" 200 4563 "-" "Mozilla/5.0 (compatible; AhrefsBot/7.0; +http://ahrefs.com/robot/)" 
52.167.144.192 - - [02/Jun/2024:13:51:45 -0700] "GET /self.logs/error.log.2019-02-18.gz HTTP/1.1" 301 485 "-" "Mozilla/5.0 AppleWebKit/537.36 (KHTML, like Gecko; compatible; bingbot/2.0; +http://www.bing.com/bingbot.htm) Chrome/116.0.1938.76 Safari/537.36" 
51.222.253.3 - - [02/Jun/2024:13:52:02 -0700] "GET /self.logs/2015/access.log.2015-11-09.gz HTTP/1.1" 200 6166 "-" "Mozilla/5.0 (compatible; AhrefsBot/7.0; +http://ahrefs.com/robot/)" 
51.222.253.12 - - [02/Jun/2024:13:53:07 -0700] "GET /self.logs/2015/access.log.2015-12-19.gz HTTP/1.1" 200 6435 "-" "Mozilla/5.0 (compatible; AhrefsBot/7.0; +http://ahrefs.com/robot/)" 
51.222.253.18 - - [02/Jun/2024:13:54:12 -0700] "GET /self.logs/2015/error.log.2015-10-13.gz HTTP/1.1" 200 768 "-" "Mozilla/5.0 (compatible; AhrefsBot/7.0; +http://ahrefs.com/robot/)" 
216.244.66.245 - - [02/Jun/2024:13:54:42 -0700] "GET /self.logs/access.log.2020-03-24.gz HTTP/1.1" 200 17986 "-" "Mozilla/5.0 (compatible; DotBot/1.2; +https://opensiteexplorer.org/dotbot; help@moz.com)" 
216.244.66.245 - - [02/Jun/2024:13:55:12 -0700] "GET /self.logs/access.log.2020-04-19.gz HTTP/1.1" 200 13521 "-" "Mozilla/5.0 (compatible; DotBot/1.2; +https://opensiteexplorer.org/dotbot; help@moz.com)" 
51.222.253.9 - - [02/Jun/2024:13:55:40 -0700] "GET /self.logs/2015/access.log.2015-03-15.gz HTTP/1.1" 200 5484 "-" "Mozilla/5.0 (compatible; AhrefsBot/7.0; +http://ahrefs.com/robot/)" 
216.244.66.245 - - [02/Jun/2024:13:56:05 -0700] "GET /self.logs/access.log.2020-05-06.gz HTTP/1.1" 200 16527 "-" "Mozilla/5.0 (compatible; DotBot/1.2; +https://opensiteexplorer.org/dotbot; help@moz.com)" 
51.222.253.16 - - [02/Jun/2024:13:56:20 -0700] "GET /self.logs/2015/access.log.2015-08-06.gz HTTP/1.1" 200 6175 "-" "Mozilla/5.0 (compatible; AhrefsBot/7.0; +http://ahrefs.com/robot/)" 
40.77.167.67 - - [02/Jun/2024:13:56:56 -0700] "GET /self.logs/access.log.2020-07-31.gz HTTP/1.1" 301 487 "-" "Mozilla/5.0 AppleWebKit/537.36 (KHTML, like Gecko; compatible; bingbot/2.0; +http://www.bing.com/bingbot.htm) Chrome/116.0.1938.76 Safari/537.36" 
216.244.66.245 - - [02/Jun/2024:13:56:57 -0700] "GET /self.logs/access.log.2020-08-10.gz HTTP/1.1" 200 11805 "-" "Mozilla/5.0 (compatible; DotBot/1.2; +https://opensiteexplorer.org/dotbot; help@moz.com)" 
51.222.253.18 - - [02/Jun/2024:13:57:16 -0700] "GET /self.logs/2015/access.log.2015-02-19.gz HTTP/1.1" 200 12940 "-" "Mozilla/5.0 (compatible; AhrefsBot/7.0; +http://ahrefs.com/robot/)" 
216.244.66.245 - - [02/Jun/2024:13:57:27 -0700] "GET /self.logs/access.log.2021-07-26.gz HTTP/1.1" 200 17810 "-" "Mozilla/5.0 (compatible; DotBot/1.2; +https://opensiteexplorer.org/dotbot; help@moz.com)" 
107.20.105.74 - - [02/Jun/2024:13:57:47 -0700] "HEAD / HTTP/1.1" 301 186 "-" "DreamHost SiteMonitor 1.0" 
107.20.105.74 - - [02/Jun/2024:13:57:47 -0700] "HEAD / HTTP/1.1" 200 359 "http://67.205.24.129" "DreamHost SiteMonitor 1.0" 
216.244.66.245 - - [02/Jun/2024:13:58:14 -0700] "GET /self.logs/access.log.2022-01-28.gz HTTP/1.1" 200 10019 "-" "Mozilla/5.0 (compatible; DotBot/1.2; +https://opensiteexplorer.org/dotbot; help@moz.com)" 
51.222.253.16 - - [02/Jun/2024:13:58:15 -0700] "GET /self.logs/2015/error.log.2015-08-10.gz HTTP/1.1" 200 577 "-" "Mozilla/5.0 (compatible; AhrefsBot/7.0; +http://ahrefs.com/robot/)" 
216.244.66.245 - - [02/Jun/2024:13:58:52 -0700] "GET /self.logs/access.log.2022-05-28.gz HTTP/1.1" 200 11595 "-" "Mozilla/5.0 (compatible; DotBot/1.2; +https://opensiteexplorer.org/dotbot; help@moz.com)" 
51.222.253.14 - - [02/Jun/2024:13:59:01 -0700] "GET /self.logs/2015/error.log.2015-05-01.gz HTTP/1.1" 200 956 "-" "Mozilla/5.0 (compatible; AhrefsBot/7.0; +http://ahrefs.com/robot/)" 
216.244.66.245 - - [02/Jun/2024:13:59:21 -0700] "GET /self.logs/access.log.2022-07-23.gz HTTP/1.1" 200 19160 "-" "Mozilla/5.0 (compatible; DotBot/1.2; +https://opensiteexplorer.org/dotbot; help@moz.com)" 
216.244.66.245 - - [02/Jun/2024:13:59:53 -0700] "GET /self.logs/error.log.2017-05-21.gz HTTP/1.1" 200 889 "-" "Mozilla/5.0 (compatible; DotBot/1.2; +https://opensiteexplorer.org/dotbot; help@moz.com)" 
51.222.253.19 - - [02/Jun/2024:13:59:53 -0700] "GET /self.logs/2015/access.log.2015-11-05.gz HTTP/1.1" 200 8533 "-" "Mozilla/5.0 (compatible; AhrefsBot/7.0; +http://ahrefs.com/robot/)" 
216.244.66.245 - - [02/Jun/2024:14:00:20 -0700] "GET /self.logs/error.log.2017-07-09.gz HTTP/1.1" 200 800 "-" "Mozilla/5.0 (compatible; DotBot/1.2; +https://opensiteexplorer.org/dotbot; help@moz.com)" 
51.222.253.9 - - [02/Jun/2024:14:00:45 -0700] "GET /self.logs/2015/access.log.2015-11-14.gz HTTP/1.1" 200 5351 "-" "Mozilla/5.0 (compatible; AhrefsBot/7.0; +http://ahrefs.com/robot/)" 
216.244.66.245 - - [02/Jun/2024:14:00:46 -0700] "GET /self.logs/error.log.2017-07-18.gz HTTP/1.1" 200 895 "-" "Mozilla/5.0 (compatible; DotBot/1.2; +https://opensiteexplorer.org/dotbot; help@moz.com)" 
216.244.66.245 - - [02/Jun/2024:14:01:12 -0700] "GET /self.logs/error.log.2017-12-18.gz HTTP/1.1" 200 1731 "-" "Mozilla/5.0 (compatible; DotBot/1.2; +https://opensiteexplorer.org/dotbot; help@moz.com)" 
51.222.253.19 - - [02/Jun/2024:14:01:34 -0700] "GET /self.logs/2015/error.log.2015-10-15.gz HTTP/1.1" 200 1131 "-" "Mozilla/5.0 (compatible; AhrefsBot/7.0; +http://ahrefs.com/robot/)" 
216.244.66.245 - - [02/Jun/2024:14:01:37 -0700] "GET /self.logs/error.log.2017-12-23.gz HTTP/1.1" 200 1449 "-" "Mozilla/5.0 (compatible; DotBot/1.2; +https://opensiteexplorer.org/dotbot; help@moz.com)" 
216.244.66.245 - - [02/Jun/2024:14:02:02 -0700] "GET /self.logs/access.log.2022-11-27.gz HTTP/1.1" 200 17958 "-" "Mozilla/5.0 (compatible; DotBot/1.2; +https://opensiteexplorer.org/dotbot; help@moz.com)" 
216.244.66.245 - - [02/Jun/2024:14:02:29 -0700] "GET /self.logs/access.log.2022-12-20.gz HTTP/1.1" 200 16586 "-" "Mozilla/5.0 (compatible; DotBot/1.2; +https://opensiteexplorer.org/dotbot; help@moz.com)" 
51.222.253.18 - - [02/Jun/2024:14:02:31 -0700] "GET /self.logs/2015/error.log.2015-07-14.gz HTTP/1.1" 200 671 "-" "Mozilla/5.0 (compatible; AhrefsBot/7.0; +http://ahrefs.com/robot/)" 
216.244.66.245 - - [02/Jun/2024:14:02:56 -0700] "GET /self.logs/access.log.2022-12-23.gz HTTP/1.1" 200 13727 "-" "Mozilla/5.0 (compatible; DotBot/1.2; +https://opensiteexplorer.org/dotbot; help@moz.com)" 
216.244.66.245 - - [02/Jun/2024:14:03:17 -0700] "GET /self.logs/access.log.2023-02-27.gz HTTP/1.1" 200 11538 "-" "Mozilla/5.0 (compatible; DotBot/1.2; +https://opensiteexplorer.org/dotbot; help@moz.com)" 
51.222.253.3 - - [02/Jun/2024:14:03:35 -0700] "GET /self.logs/2015/access.log.2015-06-24.gz HTTP/1.1" 200 4108 "-" "Mozilla/5.0 (compatible; AhrefsBot/7.0; +http://ahrefs.com/robot/)" 
51.222.253.1 - - [02/Jun/2024:14:05:11 -0700] "GET /self.logs/2015/error.log.2015-07-15.gz HTTP/1.1" 200 802 "-" "Mozilla/5.0 (compatible; AhrefsBot/7.0; +http://ahrefs.com/robot/)" 
118.116.10.174 - - [02/Jun/2024:14:05:36 -0700] "GET /maccdc2012/smtp.log.gz HTTP/1.1" 200 6956 "-" "Mozilla/5.0 (compatible; MSIE 6.0; Windows NT 10.0; Trident/3.1)" 
51.222.253.10 - - [02/Jun/2024:14:06:15 -0700] "GET /self.logs/2015/error.log.2015-08-13.gz HTTP/1.1" 200 794 "-" "Mozilla/5.0 (compatible; AhrefsBot/7.0; +http://ahrefs.com/robot/)" 
51.222.253.12 - - [02/Jun/2024:14:07:24 -0700] "GET /self.logs/2015/error.log.2015-11-16.gz HTTP/1.1" 200 654 "-" "Mozilla/5.0 (compatible; AhrefsBot/7.0; +http://ahrefs.com/robot/)" 
51.222.253.8 - - [02/Jun/2024:14:08:52 -0700] "GET /self.logs/2015/access.log.2015-05-30.gz HTTP/1.1" 200 3126 "-" "Mozilla/5.0 (compatible; AhrefsBot/7.0; +http://ahrefs.com/robot/)" 
51.222.253.18 - - [02/Jun/2024:14:08:57 -0700] "GET /self.logs/2015/access.log.2015-07-22.gz HTTP/1.1" 200 4697 "-" "Mozilla/5.0 (compatible; AhrefsBot/7.0; +http://ahrefs.com/robot/)" 
51.222.253.17 - - [02/Jun/2024:14:09:45 -0700] "GET /self.logs/2015/error.log.2015-11-30.gz HTTP/1.1" 200 909 "-" "Mozilla/5.0 (compatible; AhrefsBot/7.0; +http://ahrefs.com/robot/)" 
51.222.253.3 - - [02/Jun/2024:14:10:39 -0700] "GET /self.logs/2015/access.log.2015-09-19.gz HTTP/1.1" 200 5537 "-" "Mozilla/5.0 (compatible; AhrefsBot/7.0; +http://ahrefs.com/robot/)" 
51.222.253.14 - - [02/Jun/2024:14:11:33 -0700] "GET /self.logs/2015/error.log.2015-11-24.gz HTTP/1.1" 200 1080 "-" "Mozilla/5.0 (compatible; AhrefsBot/7.0; +http://ahrefs.com/robot/)" 
51.222.253.18 - - [02/Jun/2024:14:12:34 -0700] "GET /self.logs/2015/error.log.2015-08-05.gz HTTP/1.1" 200 1074 "-" "Mozilla/5.0 (compatible; AhrefsBot/7.0; +http://ahrefs.com/robot/)" 
51.222.253.14 - - [02/Jun/2024:14:13:19 -0700] "GET /self.logs/2015/access.log.2015-04-17.gz HTTP/1.1" 200 6226 "-" "Mozilla/5.0 (compatible; AhrefsBot/7.0; +http://ahrefs.com/robot/)" 
51.222.253.6 - - [02/Jun/2024:14:14:22 -0700] "GET /self.logs/2015/access.log.2015-09-25.gz HTTP/1.1" 200 12605 "-" "Mozilla/5.0 (compatible; AhrefsBot/7.0; +http://ahrefs.com/robot/)" 
216.244.66.245 - - [02/Jun/2024:14:15:15 -0700] "GET /robots.txt HTTP/1.1" 200 333 "-" "Mozilla/5.0 (compatible; DotBot/1.2; +https://opensiteexplorer.org/dotbot; help@moz.com)" 
51.222.253.5 - - [02/Jun/2024:14:15:18 -0700] "GET /self.logs/2015/access.log.2015-06-09.gz HTTP/1.1" 200 8216 "-" "Mozilla/5.0 (compatible; AhrefsBot/7.0; +http://ahrefs.com/robot/)" 
51.222.253.1 - - [02/Jun/2024:14:16:17 -0700] "GET /self.logs/2015/error.log.2015-09-25.gz HTTP/1.1" 200 817 "-" "Mozilla/5.0 (compatible; AhrefsBot/7.0; +http://ahrefs.com/robot/)" 
52.167.144.200 - - [02/Jun/2024:14:16:18 -0700] "GET /self.logs/error.log.2020-05-16 HTTP/1.1" 301 479 "-" "Mozilla/5.0 AppleWebKit/537.36 (KHTML, like Gecko; compatible; bingbot/2.0; +http://www.bing.com/bingbot.htm) Chrome/116.0.1938.76 Safari/537.36" 
51.222.253.16 - - [02/Jun/2024:14:17:16 -0700] "GET /self.logs/2015/access.log.2015-07-26.gz HTTP/1.1" 200 3515 "-" "Mozilla/5.0 (compatible; AhrefsBot/7.0; +http://ahrefs.com/robot/)" 
107.20.105.74 - - [02/Jun/2024:14:17:47 -0700] "HEAD / HTTP/1.1" 301 186 "-" "DreamHost SiteMonitor 1.0" 
107.20.105.74 - - [02/Jun/2024:14:17:47 -0700] "HEAD / HTTP/1.1" 200 359 "http://67.205.24.129" "DreamHost SiteMonitor 1.0" 
51.222.253.6 - - [02/Jun/2024:14:18:07 -0700] "GET /self.logs/2015/error.log.2015-08-17.gz HTTP/1.1" 200 1974 "-" "Mozilla/5.0 (compatible; AhrefsBot/7.0; +http://ahrefs.com/robot/)" 
51.222.253.6 - - [02/Jun/2024:14:19:00 -0700] "GET /self.logs/2015/access.log.2015-08-02.gz HTTP/1.1" 200 4208 "-" "Mozilla/5.0 (compatible; AhrefsBot/7.0; +http://ahrefs.com/robot/)" 
51.222.253.11 - - [02/Jun/2024:14:19:47 -0700] "GET /self.logs/2015/access.log.2015-02-18.gz HTTP/1.1" 200 8878 "-" "Mozilla/5.0 (compatible; AhrefsBot/7.0; +http://ahrefs.com/robot/)" 
40.77.167.59 - - [02/Jun/2024:14:20:11 -0700] "GET /self.logs/error.log.2017-03-06.gz HTTP/1.1" 301 485 "-" "Mozilla/5.0 AppleWebKit/537.36 (KHTML, like Gecko; compatible; bingbot/2.0; +http://www.bing.com/bingbot.htm) Chrome/116.0.1938.76 Safari/537.36" 
51.222.253.8 - - [02/Jun/2024:14:20:41 -0700] "GET /self.logs/2015/access.log.2015-06-27.gz HTTP/1.1" 200 5580 "-" "Mozilla/5.0 (compatible; AhrefsBot/7.0; +http://ahrefs.com/robot/)" 
111.180.204.220 - - [02/Jun/2024:14:21:38 -0700] "GET /login.php?s=Admin/login HTTP/1.1" 404 328 "-" "python-requests/2.31.0" 
51.222.253.15 - - [02/Jun/2024:14:21:42 -0700] "GET /self.logs/2015/access.log.2015-12-16.gz HTTP/1.1" 200 7880 "-" "Mozilla/5.0 (compatible; AhrefsBot/7.0; +http://ahrefs.com/robot/)" 
51.222.253.17 - - [02/Jun/2024:14:22:38 -0700] "GET /self.logs/2015/access.log.2015-07-16.gz HTTP/1.1" 200 7294 "-" "Mozilla/5.0 (compatible; AhrefsBot/7.0; +http://ahrefs.com/robot/)" 
51.222.253.2 - - [02/Jun/2024:14:23:36 -0700] "GET /self.logs/2015/access.log.2015-12-07.gz HTTP/1.1" 200 6484 "-" "Mozilla/5.0 (compatible; AhrefsBot/7.0; +http://ahrefs.com/robot/)" 
40.77.167.77 - - [02/Jun/2024:14:24:18 -0700] "GET /self.logs/error.log.2018-12-19.gz HTTP/1.1" 301 485 "-" "Mozilla/5.0 AppleWebKit/537.36 (KHTML, like Gecko; compatible; bingbot/2.0; +http://www.bing.com/bingbot.htm) Chrome/116.0.1938.76 Safari/537.36" 
51.222.253.3 - - [02/Jun/2024:14:24:33 -0700] "GET /self.logs/2015/error.log.2015-03-18.gz HTTP/1.1" 200 2390 "-" "Mozilla/5.0 (compatible; AhrefsBot/7.0; +http://ahrefs.com/robot/)" 
51.222.253.19 - - [02/Jun/2024:14:25:36 -0700] "GET /self.logs/2015/access.log.2015-12-04.gz HTTP/1.1" 200 6434 "-" "Mozilla/5.0 (compatible; AhrefsBot/7.0; +http://ahrefs.com/robot/)" 
51.222.253.8 - - [02/Jun/2024:14:26:34 -0700] "GET /self.logs/2015/access.log.2015-07-25.gz HTTP/1.1" 200 3580 "-" "Mozilla/5.0 (compatible; AhrefsBot/7.0; +http://ahrefs.com/robot/)" 
51.222.253.15 - - [02/Jun/2024:14:27:55 -0700] "GET /self.logs/2015/access.log.2015-02-03.gz HTTP/1.1" 200 5725 "-" "Mozilla/5.0 (compatible; AhrefsBot/7.0; +http://ahrefs.com/robot/)" 
51.222.253.19 - - [02/Jun/2024:14:28:44 -0700] "GET /self.logs/2015/access.log.2015-05-26.gz HTTP/1.1" 200 4443 "-" "Mozilla/5.0 (compatible; AhrefsBot/7.0; +http://ahrefs.com/robot/)" 
51.222.253.8 - - [02/Jun/2024:14:29:52 -0700] "GET /self.logs/2015/access.log.2015-11-22.gz HTTP/1.1" 200 8604 "-" "Mozilla/5.0 (compatible; AhrefsBot/7.0; +http://ahrefs.com/robot/)" 
154.54.249.163 - - [02/Jun/2024:14:30:21 -0700] "GET /self.logs/error.log.2020-05-01 HTTP/1.1" 200 351 "-" "Mozilla/5.0 (compatible; Barkrowler/0.9; +https://babbar.tech/crawler)" 
51.222.253.17 - - [02/Jun/2024:14:31:08 -0700] "GET /self.logs/2015/error.log.2015-07-25.gz HTTP/1.1" 200 641 "-" "Mozilla/5.0 (compatible; AhrefsBot/7.0; +http://ahrefs.com/robot/)" 
51.222.253.13 - - [02/Jun/2024:14:32:09 -0700] "GET /self.logs/2015/access.log.2015-06-02.gz HTTP/1.1" 200 3811 "-" "Mozilla/5.0 (compatible; AhrefsBot/7.0; +http://ahrefs.com/robot/)" 
51.222.253.4 - - [02/Jun/2024:14:33:19 -0700] "GET /self.logs/2015/error.log.2015-03-05.gz HTTP/1.1" 200 867 "-" "Mozilla/5.0 (compatible; AhrefsBot/7.0; +http://ahrefs.com/robot/)" 
51.222.253.19 - - [02/Jun/2024:14:34:29 -0700] "GET /self.logs/2015/error.log.2015-06-15.gz HTTP/1.1" 200 1347 "-" "Mozilla/5.0 (compatible; AhrefsBot/7.0; +http://ahrefs.com/robot/)" 
40.77.167.27 - - [02/Jun/2024:14:35:08 -0700] "GET /self.logs/access.log.2020-10-26.gz HTTP/1.1" 200 12128 "-" "Mozilla/5.0 AppleWebKit/537.36 (KHTML, like Gecko; compatible; bingbot/2.0; +http://www.bing.com/bingbot.htm) Chrome/116.0.1938.76 Safari/537.36" 
51.222.253.7 - - [02/Jun/2024:14:35:43 -0700] "GET /self.logs/2015/error.log.2015-07-24.gz HTTP/1.1" 200 1082 "-" "Mozilla/5.0 (compatible; AhrefsBot/7.0; +http://ahrefs.com/robot/)" 
51.222.253.17 - - [02/Jun/2024:14:36:56 -0700] "GET /self.logs/2015/access.log.2015-12-29.gz HTTP/1.1" 200 6678 "-" "Mozilla/5.0 (compatible; AhrefsBot/7.0; +http://ahrefs.com/robot/)" 
107.20.105.74 - - [02/Jun/2024:14:37:47 -0700] "HEAD / HTTP/1.1" 301 186 "-" "DreamHost SiteMonitor 1.0" 
107.20.105.74 - - [02/Jun/2024:14:37:47 -0700] "HEAD / HTTP/1.1" 200 359 "http://67.205.24.129" "DreamHost SiteMonitor 1.0" 
51.222.253.17 - - [02/Jun/2024:14:37:57 -0700] "GET /self.logs/2015/access.log.2015-07-10.gz HTTP/1.1" 200 4020 "-" "Mozilla/5.0 (compatible; AhrefsBot/7.0; +http://ahrefs.com/robot/)" 
51.222.253.19 - - [02/Jun/2024:14:39:09 -0700] "GET /self.logs/2015/access.log.2015-09-09.gz HTTP/1.1" 200 4720 "-" "Mozilla/5.0 (compatible; AhrefsBot/7.0; +http://ahrefs.com/robot/)" 
51.222.253.8 - - [02/Jun/2024:14:40:23 -0700] "GET /self.logs/2015/error.log.2015-04-18.gz HTTP/1.1" 200 1126 "-" "Mozilla/5.0 (compatible; AhrefsBot/7.0; +http://ahrefs.com/robot/)" 
51.222.253.4 - - [02/Jun/2024:14:41:28 -0700] "GET /self.logs/2015/access.log.2015-11-02.gz HTTP/1.1" 200 8932 "-" "Mozilla/5.0 (compatible; AhrefsBot/7.0; +http://ahrefs.com/robot/)" 
51.222.253.8 - - [02/Jun/2024:14:42:40 -0700] "GET /self.logs/2015/access.log.2015-09-08.gz HTTP/1.1" 200 3875 "-" "Mozilla/5.0 (compatible; AhrefsBot/7.0; +http://ahrefs.com/robot/)" 
51.222.253.17 - - [02/Jun/2024:14:43:48 -0700] "GET /self.logs/2015/access.log.2015-11-26.gz HTTP/1.1" 200 4748 "-" "Mozilla/5.0 (compatible; AhrefsBot/7.0; +http://ahrefs.com/robot/)" 
66.249.64.103 - - [02/Jun/2024:14:43:54 -0700] "GET /?t=1&cn=ZmxleGlibGVfcmVjc18y&refsrc=email&iid=2572d65d1a814c138a77f3b60465fe37&uid=30635594&nid=244+272699400 HTTP/1.1" 200 13186 "-" "Mozilla/5.0 (Linux; Android 6.0.1; Nexus 5X Build/MMB29P) AppleWebKit/537.36 (KHTML, like Gecko) Chrome/125.0.6422.141 Mobile Safari/537.36 (compatible; Googlebot/2.1; +http://www.google.com/bot.html)" 
66.249.64.104 - - [02/Jun/2024:14:44:08 -0700] "GET /css/style.css HTTP/1.1" 404 328 "http://www.secrepo.com/?t=1&cn=ZmxleGlibGVfcmVjc18y&refsrc=email&iid=2572d65d1a814c138a77f3b60465fe37&uid=30635594&nid=244+272699400" "Mozilla/5.0 (Linux; Android 6.0.1; Nexus 5X Build/MMB29P) AppleWebKit/537.36 (KHTML, like Gecko) Chrome/125.0.6422.66 Mobile Safari/537.36 (compatible; Googlebot/2.1; +http://www.google.com/bot.html)" 
216.244.66.245 - - [02/Jun/2024:14:44:33 -0700] "GET /self.logs/error.log.2023-07-07.gz HTTP/1.1" 200 2352 "-" "Mozilla/5.0 (compatible; DotBot/1.2; +https://opensiteexplorer.org/dotbot; help@moz.com)" 
51.222.253.11 - - [02/Jun/2024:14:44:52 -0700] "GET /self.logs/2015/error.log.2015-02-09.gz HTTP/1.1" 200 1315 "-" "Mozilla/5.0 (compatible; AhrefsBot/7.0; +http://ahrefs.com/robot/)" 
51.222.253.13 - - [02/Jun/2024:14:46:09 -0700] "GET /self.logs/2015/error.log.2015-06-18.gz HTTP/1.1" 200 726 "-" "Mozilla/5.0 (compatible; AhrefsBot/7.0; +http://ahrefs.com/robot/)" 
216.244.66.245 - - [02/Jun/2024:14:46:58 -0700] "GET /self.logs/access.log.2023-04-15.gz HTTP/1.1" 200 12337 "-" "Mozilla/5.0 (compatible; DotBot/1.2; +https://opensiteexplorer.org/dotbot; help@moz.com)" 
51.222.253.2 - - [02/Jun/2024:14:47:16 -0700] "GET /self.logs/2015/access.log.2015-06-07.gz HTTP/1.1" 200 3466 "-" "Mozilla/5.0 (compatible; AhrefsBot/7.0; +http://ahrefs.com/robot/)" 
51.222.253.4 - - [02/Jun/2024:14:48:18 -0700] "GET /self.logs/2015/error.log.2015-08-24.gz HTTP/1.1" 200 948 "-" "Mozilla/5.0 (compatible; AhrefsBot/7.0; +http://ahrefs.com/robot/)" 
51.222.253.11 - - [02/Jun/2024:14:49:31 -0700] "GET /self.logs/2015/access.log.2015-09-06.gz HTTP/1.1" 200 4881 "-" "Mozilla/5.0 (compatible; AhrefsBot/7.0; +http://ahrefs.com/robot/)" 
51.222.253.17 - - [02/Jun/2024:14:50:47 -0700] "GET /self.logs/2015/access.log.2015-11-27.gz HTTP/1.1" 200 5635 "-" "Mozilla/5.0 (compatible; AhrefsBot/7.0; +http://ahrefs.com/robot/)" 
52.167.144.136 - - [02/Jun/2024:14:51:54 -0700] "GET /self.logs/error.log.2021-03-31.gz HTTP/1.1" 301 485 "-" "Mozilla/5.0 AppleWebKit/537.36 (KHTML, like Gecko; compatible; bingbot/2.0; +http://www.bing.com/bingbot.htm) Chrome/116.0.1938.76 Safari/537.36" 
51.222.253.17 - - [02/Jun/2024:14:51:59 -0700] "GET /self.logs/2015/error.log.2015-02-08.gz HTTP/1.1" 200 1123 "-" "Mozilla/5.0 (compatible; AhrefsBot/7.0; +http://ahrefs.com/robot/)" 
51.222.253.6 - - [02/Jun/2024:14:53:24 -0700] "GET /self.logs/2015/access.log.2015-11-06.gz HTTP/1.1" 200 8655 "-" "Mozilla/5.0 (compatible; AhrefsBot/7.0; +http://ahrefs.com/robot/)" 
51.222.253.11 - - [02/Jun/2024:14:55:03 -0700] "GET /self.logs/2015/error.log.2015-07-23.gz HTTP/1.1" 200 1109 "-" "Mozilla/5.0 (compatible; AhrefsBot/7.0; +http://ahrefs.com/robot/)" 
51.222.253.8 - - [02/Jun/2024:14:55:58 -0700] "GET /self.logs/2015/access.log.2015-06-28.gz HTTP/1.1" 200 11840 "-" "Mozilla/5.0 (compatible; AhrefsBot/7.0; +http://ahrefs.com/robot/)" 
51.222.253.11 - - [02/Jun/2024:14:57:10 -0700] "GET /self.logs/2015/error.log.2015-03-03.gz HTTP/1.1" 200 929 "-" "Mozilla/5.0 (compatible; AhrefsBot/7.0; +http://ahrefs.com/robot/)" 
107.20.105.74 - - [02/Jun/2024:14:57:47 -0700] "HEAD / HTTP/1.1" 301 186 "-" "DreamHost SiteMonitor 1.0" 
107.20.105.74 - - [02/Jun/2024:14:57:47 -0700] "HEAD / HTTP/1.1" 200 359 "http://67.205.24.129" "DreamHost SiteMonitor 1.0" 
51.222.253.13 - - [02/Jun/2024:14:58:09 -0700] "GET /self.logs/2015/error.log.2015-09-07.gz HTTP/1.1" 200 735 "-" "Mozilla/5.0 (compatible; AhrefsBot/7.0; +http://ahrefs.com/robot/)" 
51.222.253.14 - - [02/Jun/2024:14:59:28 -0700] "GET /self.logs/2015/access.log.2015-10-15.gz HTTP/1.1" 200 10005 "-" "Mozilla/5.0 (compatible; AhrefsBot/7.0; +http://ahrefs.com/robot/)" 
51.222.253.9 - - [02/Jun/2024:15:00:32 -0700] "GET /self.logs/2015/error.log.2015-08-18.gz HTTP/1.1" 200 769 "-" "Mozilla/5.0 (compatible; AhrefsBot/7.0; +http://ahrefs.com/robot/)" 
114.119.128.10 - - [02/Jun/2024:15:00:32 -0700] "GET /self.logs/error.log.2020-10-18 HTTP/1.1" 200 351 "http://www.secrepo.com/self.logs?C=N%3BO%3DD" "Mozilla/5.0 (Linux; Android 7.0;) AppleWebKit/537.36 (KHTML, like Gecko) Mobile Safari/537.36 (compatible; PetalBot;+https://webmaster.petalsearch.com/site/petalbot)" 
51.222.253.12 - - [02/Jun/2024:15:01:39 -0700] "GET /self.logs/2015/error.log.2015-11-27.gz HTTP/1.1" 200 589 "-" "Mozilla/5.0 (compatible; AhrefsBot/7.0; +http://ahrefs.com/robot/)" 
51.222.253.17 - - [02/Jun/2024:15:02:45 -0700] "GET /self.logs/2015/access.log.2015-09-05.gz HTTP/1.1" 200 2984 "-" "Mozilla/5.0 (compatible; AhrefsBot/7.0; +http://ahrefs.com/robot/)" 
51.222.253.11 - - [02/Jun/2024:15:03:51 -0700] "GET /self.logs/2015/access.log.2015-09-11.gz HTTP/1.1" 200 5077 "-" "Mozilla/5.0 (compatible; AhrefsBot/7.0; +http://ahrefs.com/robot/)" 
51.222.253.3 - - [02/Jun/2024:15:05:12 -0700] "GET /self.logs/2015/error.log.2015-07-03.gz HTTP/1.1" 200 729 "-" "Mozilla/5.0 (compatible; AhrefsBot/7.0; +http://ahrefs.com/robot/)" 
51.222.253.9 - - [02/Jun/2024:15:06:16 -0700] "GET /self.logs/2015/error.log.2015-07-27.gz HTTP/1.1" 200 813 "-" "Mozilla/5.0 (compatible; AhrefsBot/7.0; +http://ahrefs.com/robot/)" 
51.222.253.4 - - [02/Jun/2024:15:07:27 -0700] "GET /self.logs/2015/access.log.2015-02-22.gz HTTP/1.1" 200 11152 "-" "Mozilla/5.0 (compatible; AhrefsBot/7.0; +http://ahrefs.com/robot/)" 
51.222.253.10 - - [02/Jun/2024:15:09:13 -0700] "GET /self.logs/2015/access.log.2015-03-23.gz HTTP/1.1" 200 4147 "-" "Mozilla/5.0 (compatible; AhrefsBot/7.0; +http://ahrefs.com/robot/)" 
51.222.253.13 - - [02/Jun/2024:15:09:33 -0700] "GET /self.logs/2015/access.log.2015-01-31.gz HTTP/1.1" 200 4251 "-" "Mozilla/5.0 (compatible; AhrefsBot/7.0; +http://ahrefs.com/robot/)" 
51.222.253.14 - - [02/Jun/2024:15:10:25 -0700] "GET /self.logs/2015/error.log.2015-09-16.gz HTTP/1.1" 200 832 "-" "Mozilla/5.0 (compatible; AhrefsBot/7.0; +http://ahrefs.com/robot/)" 
51.222.253.12 - - [02/Jun/2024:15:11:32 -0700] "GET /self.logs/2015/error.log.2015-02-03.gz HTTP/1.1" 200 774 "-" "Mozilla/5.0 (compatible; AhrefsBot/7.0; +http://ahrefs.com/robot/)" 
51.222.253.3 - - [02/Jun/2024:15:12:47 -0700] "GET /self.logs/2015/access.log.2015-07-28.gz HTTP/1.1" 200 3730 "-" "Mozilla/5.0 (compatible; AhrefsBot/7.0; +http://ahrefs.com/robot/)" 
51.222.253.17 - - [02/Jun/2024:15:13:55 -0700] "GET /self.logs/2015/error.log.2015-02-22.gz HTTP/1.1" 200 4418 "-" "Mozilla/5.0 (compatible; AhrefsBot/7.0; +http://ahrefs.com/robot/)" 
51.222.253.12 - - [02/Jun/2024:15:15:19 -0700] "GET /self.logs/2015/error.log.2015-12-18.gz HTTP/1.1" 200 577 "-" "Mozilla/5.0 (compatible; AhrefsBot/7.0; +http://ahrefs.com/robot/)" 
51.222.253.20 - - [02/Jun/2024:15:16:20 -0700] "GET /self.logs/2015/access.log.2015-05-10.gz HTTP/1.1" 200 4214 "-" "Mozilla/5.0 (compatible; AhrefsBot/7.0; +http://ahrefs.com/robot/)" 
107.20.105.74 - - [02/Jun/2024:15:17:47 -0700] "HEAD / HTTP/1.1" 301 186 "-" "DreamHost SiteMonitor 1.0" 
107.20.105.74 - - [02/Jun/2024:15:17:47 -0700] "HEAD / HTTP/1.1" 200 359 "http://67.205.24.129" "DreamHost SiteMonitor 1.0" 
51.222.253.10 - - [02/Jun/2024:15:17:56 -0700] "GET /self.logs/2015/access.log.2015-10-12.gz HTTP/1.1" 200 7744 "-" "Mozilla/5.0 (compatible; AhrefsBot/7.0; +http://ahrefs.com/robot/)" 
114.119.137.143 - - [02/Jun/2024:15:18:08 -0700] "GET /self.logs/error.log.2020-05-30 HTTP/1.1" 200 351 "http://www.secrepo.com/self.logs?C=N%3BO%3DD" "Mozilla/5.0 (Linux; Android 7.0;) AppleWebKit/537.36 (KHTML, like Gecko) Mobile Safari/537.36 (compatible; PetalBot;+https://webmaster.petalsearch.com/site/petalbot)" 
51.222.253.10 - - [02/Jun/2024:15:18:35 -0700] "GET /self.logs/2015/error.log.2015-01-24.gz HTTP/1.1" 200 938 "-" "Mozilla/5.0 (compatible; AhrefsBot/7.0; +http://ahrefs.com/robot/)" 
51.222.253.20 - - [02/Jun/2024:15:19:43 -0700] "GET /self.logs/2015/error.log.2015-01-26.gz HTTP/1.1" 200 668 "-" "Mozilla/5.0 (compatible; AhrefsBot/7.0; +http://ahrefs.com/robot/)" 
40.77.167.144 - - [02/Jun/2024:15:20:30 -0700] "GET /self.logs/access.log.2021-03-08.gz HTTP/1.1" 200 39529 "-" "Mozilla/5.0 AppleWebKit/537.36 (KHTML, like Gecko; compatible; bingbot/2.0; +http://www.bing.com/bingbot.htm) Chrome/116.0.1938.76 Safari/537.36" 
51.222.253.2 - - [02/Jun/2024:15:20:51 -0700] "GET /self.logs/2015/error.log.2015-11-02.gz HTTP/1.1" 200 1027 "-" "Mozilla/5.0 (compatible; AhrefsBot/7.0; +http://ahrefs.com/robot/)" 
52.167.144.142 - - [02/Jun/2024:15:20:56 -0700] "GET /self.logs/error.log.2020-04-12.gz HTTP/1.1" 200 1206 "-" "Mozilla/5.0 AppleWebKit/537.36 (KHTML, like Gecko; compatible; bingbot/2.0; +http://www.bing.com/bingbot.htm) Chrome/116.0.1938.76 Safari/537.36" 
51.222.253.16 - - [02/Jun/2024:15:22:23 -0700] "GET /self.logs/2015/error.log.2015-07-13.gz HTTP/1.1" 200 858 "-" "Mozilla/5.0 (compatible; AhrefsBot/7.0; +http://ahrefs.com/robot/)" 
51.222.253.16 - - [02/Jun/2024:15:23:34 -0700] "GET /self.logs/2015/error.log.2015-08-25.gz HTTP/1.1" 200 956 "-" "Mozilla/5.0 (compatible; AhrefsBot/7.0; +http://ahrefs.com/robot/)" 
66.249.64.105 - - [02/Jun/2024:15:24:21 -0700] "GET / HTTP/1.1" 200 13186 "-" "Mozilla/5.0 (compatible; Googlebot/2.1; +http://www.google.com/bot.html)" 
66.249.64.104 - - [02/Jun/2024:15:24:23 -0700] "GET /css/style.css HTTP/1.1" 404 328 "http://www.secrepo.com/" "Mozilla/5.0 AppleWebKit/537.36 (KHTML, like Gecko; compatible; Googlebot/2.1; +http://www.google.com/bot.html) Chrome/125.0.6422.66 Safari/537.36" 
51.222.253.16 - - [02/Jun/2024:15:24:55 -0700] "GET /self.logs/2015/access.log.2015-02-17.gz HTTP/1.1" 200 11269 "-" "Mozilla/5.0 (compatible; AhrefsBot/7.0; +http://ahrefs.com/robot/)" 
52.167.144.16 - - [02/Jun/2024:15:25:29 -0700] "GET /self.logs/error.log.2023-03-20.gz HTTP/1.1" 200 2778 "-" "Mozilla/5.0 AppleWebKit/537.36 (KHTML, like Gecko; compatible; bingbot/2.0; +http://www.bing.com/bingbot.htm) Chrome/116.0.1938.76 Safari/537.36" 
51.222.253.13 - - [02/Jun/2024:15:26:08 -0700] "GET /self.logs/2015/error.log.2015-06-05.gz HTTP/1.1" 200 693 "-" "Mozilla/5.0 (compatible; AhrefsBot/7.0; +http://ahrefs.com/robot/)" 
51.222.253.17 - - [02/Jun/2024:15:27:28 -0700] "GET /self.logs/2015/error.log.2015-07-29.gz HTTP/1.1" 200 761 "-" "Mozilla/5.0 (compatible; AhrefsBot/7.0; +http://ahrefs.com/robot/)" 
51.222.253.5 - - [02/Jun/2024:15:28:29 -0700] "GET /self.logs/2015/access.log.2015-01-29.gz HTTP/1.1" 200 8415 "-" "Mozilla/5.0 (compatible; AhrefsBot/7.0; +http://ahrefs.com/robot/)" 
47.128.29.240 - - [02/Jun/2024:15:30:21 -0700] "GET /self.logs/error.log.2024-04-25 HTTP/1.1" 200 351 "-" "Mozilla/5.0 (Linux; Android 5.0) AppleWebKit/537.36 (KHTML, like Gecko) Mobile Safari/537.36 (compatible; Bytespider; spider-feedback@bytedance.com)" 
40.77.167.52 - - [02/Jun/2024:15:31:42 -0700] "GET /self.logs/error.log.2019-01-16.gz HTTP/1.1" 301 485 "-" "Mozilla/5.0 AppleWebKit/537.36 (KHTML, like Gecko; compatible; bingbot/2.0; +http://www.bing.com/bingbot.htm) Chrome/116.0.1938.76 Safari/537.36" 
107.20.105.74 - - [02/Jun/2024:15:37:47 -0700] "HEAD / HTTP/1.1" 301 186 "-" "DreamHost SiteMonitor 1.0" 
107.20.105.74 - - [02/Jun/2024:15:37:47 -0700] "HEAD / HTTP/1.1" 200 359 "http://67.205.24.129" "DreamHost SiteMonitor 1.0" 
66.249.70.70 - - [02/Jun/2024:15:40:37 -0700] "GET / HTTP/1.1" 301 475 "-" "Mozilla/5.0 (compatible; Googlebot/2.1; +http://www.google.com/bot.html)" 
66.249.64.105 - - [02/Jun/2024:15:40:38 -0700] "GET / HTTP/1.1" 200 13186 "-" "Mozilla/5.0 (compatible; Googlebot/2.1; +http://www.google.com/bot.html)" 
66.249.64.103 - - [02/Jun/2024:15:40:40 -0700] "GET /css/style.css HTTP/1.1" 404 328 "http://www.secrepo.com/" "Mozilla/5.0 AppleWebKit/537.36 (KHTML, like Gecko; compatible; Googlebot/2.1; +http://www.google.com/bot.html) Chrome/125.0.6422.66 Safari/537.36" 
66.249.70.70 - - [02/Jun/2024:15:43:34 -0700] "GET / HTTP/1.1" 301 475 "-" "Mozilla/5.0 (compatible; Googlebot/2.1; +http://www.google.com/bot.html)" 
66.249.64.103 - - [02/Jun/2024:15:43:35 -0700] "GET / HTTP/1.1" 200 13186 "-" "Mozilla/5.0 (compatible; Googlebot/2.1; +http://www.google.com/bot.html)" 
66.249.64.103 - - [02/Jun/2024:15:43:36 -0700] "GET /css/style.css HTTP/1.1" 404 305 "http://www.secrepo.com/" "Mozilla/5.0 AppleWebKit/537.36 (KHTML, like Gecko; compatible; Googlebot/2.1; +http://www.google.com/bot.html) Chrome/125.0.6422.66 Safari/537.36" 
40.77.167.26 - - [02/Jun/2024:15:49:46 -0700] "GET /self.logs/error.log.2018-08-29.gz HTTP/1.1" 301 485 "-" "Mozilla/5.0 AppleWebKit/537.36 (KHTML, like Gecko; compatible; bingbot/2.0; +http://www.bing.com/bingbot.htm) Chrome/116.0.1938.76 Safari/537.36" 
154.54.249.160 - - [02/Jun/2024:15:50:41 -0700] "GET /self.logs/error.log.2020-09-30 HTTP/1.1" 200 351 "-" "Mozilla/5.0 (compatible; Barkrowler/0.9; +https://babbar.tech/crawler)" 
107.20.105.74 - - [02/Jun/2024:15:57:47 -0700] "HEAD / HTTP/1.1" 301 186 "-" "DreamHost SiteMonitor 1.0" 
107.20.105.74 - - [02/Jun/2024:15:57:47 -0700] "HEAD / HTTP/1.1" 200 359 "http://67.205.24.129" "DreamHost SiteMonitor 1.0" 
51.222.253.17 - - [02/Jun/2024:15:59:28 -0700] "GET /self.logs/2015/access.log.2015-04-08.gz HTTP/1.1" 200 4114 "-" "Mozilla/5.0 (compatible; AhrefsBot/7.0; +http://ahrefs.com/robot/)" 
114.119.137.143 - - [02/Jun/2024:16:01:15 -0700] "GET /self.logs/error.log.2020-03-19 HTTP/1.1" 200 351 "-" "Mozilla/5.0 (Linux; Android 7.0;) AppleWebKit/537.36 (KHTML, like Gecko) Mobile Safari/537.36 (compatible; PetalBot;+https://webmaster.petalsearch.com/site/petalbot)" 
40.77.167.63 - - [02/Jun/2024:16:03:24 -0700] "GET /self.logs/access.log.2021-07-02.gz HTTP/1.1" 200 23794 "-" "Mozilla/5.0 AppleWebKit/537.36 (KHTML, like Gecko; compatible; bingbot/2.0; +http://www.bing.com/bingbot.htm) Chrome/116.0.1938.76 Safari/537.36" 
40.77.167.55 - - [02/Jun/2024:16:07:46 -0700] "GET /self.logs/access.log.2018-06-02.gz HTTP/1.1" 301 487 "-" "Mozilla/5.0 AppleWebKit/537.36 (KHTML, like Gecko; compatible; bingbot/2.0; +http://www.bing.com/bingbot.htm) Chrome/116.0.1938.76 Safari/537.36" 
40.77.167.55 - - [02/Jun/2024:16:09:28 -0700] "GET /self.logs/error.log.2019-02-23.gz HTTP/1.1" 301 485 "-" "Mozilla/5.0 AppleWebKit/537.36 (KHTML, like Gecko; compatible; bingbot/2.0; +http://www.bing.com/bingbot.htm) Chrome/116.0.1938.76 Safari/537.36" 
103.194.187.186 - - [02/Jun/2024:16:14:28 -0700] "GET /admin.php?m=classify&a=edit_save HTTP/1.1" 301 543 "-" "Mozilla/5.0 (Windows NT 10.0; WOW64; rv:48.0) Gecko/20100101 Firefox/48.0" 
103.194.187.186 - - [02/Jun/2024:16:14:28 -0700] "GET /admin.php?m=classify&a=edit_save HTTP/1.1" 404 328 "-" "Mozilla/5.0 (Windows NT 10.0; WOW64; rv:48.0) Gecko/20100101 Firefox/48.0" 
40.77.167.55 - - [02/Jun/2024:16:14:30 -0700] "GET /self.logs/error.log.2020-07-28 HTTP/1.1" 301 479 "-" "Mozilla/5.0 AppleWebKit/537.36 (KHTML, like Gecko; compatible; bingbot/2.0; +http://www.bing.com/bingbot.htm) Chrome/116.0.1938.76 Safari/537.36" 
107.20.105.74 - - [02/Jun/2024:16:17:47 -0700] "HEAD / HTTP/1.1" 301 186 "-" "DreamHost SiteMonitor 1.0" 
107.20.105.74 - - [02/Jun/2024:16:17:47 -0700] "HEAD / HTTP/1.1" 200 359 "http://67.205.24.129" "DreamHost SiteMonitor 1.0" 
85.190.14.34 - - [02/Jun/2024:16:21:47 -0700] "GET / HTTP/1.1" 301 419 "-" "GuzzleHttp/7" 
85.190.14.34 - - [02/Jun/2024:16:21:48 -0700] "GET / HTTP/1.1" 200 49089 "-" "GuzzleHttp/7" 
66.249.64.104 - - [02/Jun/2024:16:30:50 -0700] "GET / HTTP/1.1" 200 13186 "-" "Mozilla/5.0 (compatible; Googlebot/2.1; +http://www.google.com/bot.html)" 
66.249.64.104 - - [02/Jun/2024:16:30:54 -0700] "GET /css/style.css HTTP/1.1" 404 328 "http://www.secrepo.com/" "Mozilla/5.0 AppleWebKit/537.36 (KHTML, like Gecko; compatible; Googlebot/2.1; +http://www.google.com/bot.html) Chrome/125.0.6422.66 Safari/537.36" 
51.222.253.10 - - [02/Jun/2024:16:35:36 -0700] "GET /self.logs/2015/access.log.2015-09-12.gz HTTP/1.1" 200 4105 "-" "Mozilla/5.0 (compatible; AhrefsBot/7.0; +http://ahrefs.com/robot/)" 
107.20.105.74 - - [02/Jun/2024:16:37:47 -0700] "HEAD / HTTP/1.1" 301 186 "-" "DreamHost SiteMonitor 1.0" 
107.20.105.74 - - [02/Jun/2024:16:37:47 -0700] "HEAD / HTTP/1.1" 200 359 "http://67.205.24.129" "DreamHost SiteMonitor 1.0" 
157.66.49.229 - - [02/Jun/2024:16:45:26 -0700] "POST /Public/admin/webuploader/server/preview.php HTTP/1.1" 404 284 "-" "Mozilla/5.0 AppleWebKit/601.1.46 (KHTML, like Gecko) Version/9.0" 
157.66.49.229 - - [02/Jun/2024:16:45:27 -0700] "POST /lib/webuploader/0.1.5/server/preview.php HTTP/1.1" 404 250 "-" "Mozilla/5.0 AppleWebKit/601.1.46 (KHTML, like Gecko) Version/9.0" 
157.66.49.229 - - [02/Jun/2024:16:45:27 -0700] "POST /public/static/lib/webuploader/0.1.5/server/preview.php HTTP/1.1" 404 250 "-" "Mozilla/5.0 AppleWebKit/601.1.46 (KHTML, like Gecko) Version/9.0" 
157.66.49.229 - - [02/Jun/2024:16:45:27 -0700] "POST /static/admin/lib/webuploader/0.1.5/server/preview.php HTTP/1.1" 404 250 "-" "Mozilla/5.0 AppleWebKit/601.1.46 (KHTML, like Gecko) Version/9.0" 
157.66.49.229 - - [02/Jun/2024:16:45:28 -0700] "POST /static/admin/hui/lib/webuploader/0.1.5/server/preview.php HTTP/1.1" 404 250 "-" "Mozilla/5.0 AppleWebKit/601.1.46 (KHTML, like Gecko) Version/9.0" 
157.66.49.229 - - [02/Jun/2024:16:45:28 -0700] "POST /public/static/admin/lib/webuploader/0.1.5/server/preview.php HTTP/1.1" 404 250 "-" "Mozilla/5.0 AppleWebKit/601.1.46 (KHTML, like Gecko) Version/9.0" 
157.66.49.229 - - [02/Jun/2024:16:45:28 -0700] "POST /Public/webuploader/0.1.5/server/preview.php HTTP/1.1" 404 250 "-" "Mozilla/5.0 AppleWebKit/601.1.46 (KHTML, like Gecko) Version/9.0" 
157.66.49.229 - - [02/Jun/2024:16:45:28 -0700] "POST /static/lib/webuploader/0.1.5/server/preview.php HTTP/1.1" 404 250 "-" "Mozilla/5.0 AppleWebKit/601.1.46 (KHTML, like Gecko) Version/9.0" 
157.66.49.229 - - [02/Jun/2024:16:45:29 -0700] "POST /admin/lib/webuploader/0.1.5/server/preview.php HTTP/1.1" 404 250 "-" "Mozilla/5.0 AppleWebKit/601.1.46 (KHTML, like Gecko) Version/9.0" 
157.66.49.229 - - [02/Jun/2024:16:45:29 -0700] "POST /Public/admin/Widget/webuploader/0.1.5/server/preview.php HTTP/1.1" 404 250 "-" "Mozilla/5.0 AppleWebKit/601.1.46 (KHTML, like Gecko) Version/9.0" 
157.66.49.229 - - [02/Jun/2024:16:45:29 -0700] "POST /Public/admin/lib/webuploader/0.1.5/server/preview.php HTTP/1.1" 404 250 "-" "Mozilla/5.0 AppleWebKit/601.1.46 (KHTML, like Gecko) Version/9.0" 
