54.36.148.128 - - [13/Dec/2020:02:37:27 -0800] "GET /self.logs/2015/error.log.2015-01-27.gz HTTP/1.1" 200 691 "-" "Mozilla/5.0 (compatible; AhrefsBot/7.0; +http://ahrefs.com/robot/)" 
111.202.100.123 - - [13/Dec/2020:02:38:18 -0800] "GET / HTTP/1.1" 200 12845 "-" "Sogou web spider/4.0(+http://www.sogou.com/docs/help/webmasters.htm#07)" 
173.231.59.212 - - [13/Dec/2020:02:38:58 -0800] "GET / HTTP/1.1" 301 438 "-" "Mozilla/5.0 (compatible; Adsbot/3.1)" 
173.231.59.212 - - [13/Dec/2020:02:39:05 -0800] "GET /data HTTP/1.1" 404 291 "http://www.secrepo.com/" "Mozilla/5.0 (compatible; Adsbot/3.1)" 
173.231.59.212 - - [13/Dec/2020:02:39:12 -0800] "GET /tg/a.zip HTTP/1.1" 200 73000 "http://www.secrepo.com/" "Mozilla/5.0 (compatible; Adsbot/3.1)" 
173.231.59.212 - - [13/Dec/2020:02:39:17 -0800] "GET /tg/b.zip HTTP/1.1" 200 73000 "http://www.secrepo.com/" "Mozilla/5.0 (compatible; Adsbot/3.1)" 
173.231.59.212 - - [13/Dec/2020:02:39:25 -0800] "GET /tg/c.zip HTTP/1.1" 200 75920 "http://www.secrepo.com/" "Mozilla/5.0 (compatible; Adsbot/3.1)" 
173.231.59.212 - - [13/Dec/2020:02:39:31 -0800] "GET /self.logs/ HTTP/1.1" 200 26376 "http://www.secrepo.com/" "Mozilla/5.0 (compatible; Adsbot/3.1)" 
173.231.59.212 - - [13/Dec/2020:02:39:43 -0800] "GET /pe_static/apt1.zip HTTP/1.1" 200 70080 "http://www.secrepo.com/" "Mozilla/5.0 (compatible; Adsbot/3.1)" 
173.231.59.212 - - [13/Dec/2020:02:39:49 -0800] "GET /pe_static/zeus.zip HTTP/1.1" 200 73000 "http://www.secrepo.com/" "Mozilla/5.0 (compatible; Adsbot/3.1)" 
173.231.59.212 - - [13/Dec/2020:02:39:55 -0800] "GET /squid/access.log.gz HTTP/1.1" 200 75920 "http://www.secrepo.com/" "Mozilla/5.0 (compatible; Adsbot/3.1)" 
173.231.59.212 - - [13/Dec/2020:02:40:02 -0800] "GET /tg/tg_snort_fast.7z HTTP/1.1" 200 75920 "http://www.secrepo.com/" "Mozilla/5.0 (compatible; Adsbot/3.1)" 
173.231.59.212 - - [13/Dec/2020:02:40:11 -0800] "GET /tg/tg_snort_full.7z HTTP/1.1" 200 75920 "http://www.secrepo.com/" "Mozilla/5.0 (compatible; Adsbot/3.1)" 
173.231.59.212 - - [13/Dec/2020:02:40:17 -0800] "GET /auth.log/auth.log.gz HTTP/1.1" 200 70080 "http://www.secrepo.com/" "Mozilla/5.0 (compatible; Adsbot/3.1)" 
173.231.59.212 - - [13/Dec/2020:02:40:23 -0800] "GET /scada/scada_logs.zip HTTP/1.1" 200 73000 "http://www.secrepo.com/" "Mozilla/5.0 (compatible; Adsbot/3.1)" 
173.231.59.212 - - [13/Dec/2020:02:40:29 -0800] "GET /maccdc2012/dns.log.gz HTTP/1.1" 200 75920 "http://www.secrepo.com/" "Mozilla/5.0 (compatible; Adsbot/3.1)" 
173.231.59.212 - - [13/Dec/2020:02:40:36 -0800] "GET /maccdc2012/ftp.log.gz HTTP/1.1" 200 75920 "http://www.secrepo.com/" "Mozilla/5.0 (compatible; Adsbot/3.1)" 
173.231.59.212 - - [13/Dec/2020:02:40:43 -0800] "GET /maccdc2012/ssh.log.gz HTTP/1.1" 200 73000 "http://www.secrepo.com/" "Mozilla/5.0 (compatible; Adsbot/3.1)" 
173.231.59.212 - - [13/Dec/2020:02:41:04 -0800] "GET /maccdc2012/ssl.log.gz HTTP/1.1" 200 75920 "http://www.secrepo.com/" "Mozilla/5.0 (compatible; Adsbot/3.1)" 
173.231.59.212 - - [13/Dec/2020:02:41:14 -0800] "GET /maccdc2012/conn.log.gz HTTP/1.1" 200 75920 "http://www.secrepo.com/" "Mozilla/5.0 (compatible; Adsbot/3.1)" 
173.231.59.212 - - [13/Dec/2020:02:41:24 -0800] "GET /maccdc2012/dhcp.log.gz HTTP/1.1" 200 44940 "http://www.secrepo.com/" "Mozilla/5.0 (compatible; Adsbot/3.1)" 
173.231.59.212 - - [13/Dec/2020:02:41:41 -0800] "GET /maccdc2012/http.log.gz HTTP/1.1" 200 75920 "http://www.secrepo.com/" "Mozilla/5.0 (compatible; Adsbot/3.1)" 
173.231.59.212 - - [13/Dec/2020:02:41:48 -0800] "GET /maccdc2012/smtp.log.gz HTTP/1.1" 200 6919 "http://www.secrepo.com/" "Mozilla/5.0 (compatible; Adsbot/3.1)" 
173.231.59.212 - - [13/Dec/2020:02:41:58 -0800] "GET /maccdc2012/files.log.gz HTTP/1.1" 200 70080 "http://www.secrepo.com/" "Mozilla/5.0 (compatible; Adsbot/3.1)" 
157.55.39.64 - - [13/Dec/2020:02:42:03 -0800] "GET /self.logs/error.log.2017-08-27.gz HTTP/1.1" 301 541 "-" "Mozilla/5.0 (compatible; bingbot/2.0; +http://www.bing.com/bingbot.htm)" 
173.231.59.212 - - [13/Dec/2020:02:42:09 -0800] "GET /maccdc2012/weird.log.gz HTTP/1.1" 200 75920 "http://www.secrepo.com/" "Mozilla/5.0 (compatible; Adsbot/3.1)" 
173.231.59.212 - - [13/Dec/2020:02:42:16 -0800] "GET /maccdc2012/notice.log.gz HTTP/1.1" 200 20760 "http://www.secrepo.com/" "Mozilla/5.0 (compatible; Adsbot/3.1)" 
173.231.59.212 - - [13/Dec/2020:02:42:22 -0800] "GET /maccdc2012/tunnel.log.gz HTTP/1.1" 200 5245 "http://www.secrepo.com/" "Mozilla/5.0 (compatible; Adsbot/3.1)" 
173.231.59.212 - - [13/Dec/2020:02:42:27 -0800] "GET /pe_static/op-cleaver.zip HTTP/1.1" 200 75920 "http://www.secrepo.com/" "Mozilla/5.0 (compatible; Adsbot/3.1)" 
173.231.59.212 - - [13/Dec/2020:02:42:33 -0800] "GET /honeypot/honeypot.json.zip HTTP/1.1" 200 75920 "http://www.secrepo.com/" "Mozilla/5.0 (compatible; Adsbot/3.1)" 
173.231.59.212 - - [13/Dec/2020:02:42:39 -0800] "GET /maccdc2012/signatures.log.gz HTTP/1.1" 200 631 "http://www.secrepo.com/" "Mozilla/5.0 (compatible; Adsbot/3.1)" 
173.231.59.212 - - [13/Dec/2020:02:42:47 -0800] "GET /domaindata/domainmovement.zip HTTP/1.1" 200 70080 "http://www.secrepo.com/" "Mozilla/5.0 (compatible; Adsbot/3.1)" 
173.231.59.212 - - [13/Dec/2020:02:42:53 -0800] "GET /misc/zeus_dga_domains.txt.zip HTTP/1.1" 200 70080 "http://www.secrepo.com/" "Mozilla/5.0 (compatible; Adsbot/3.1)" 
173.231.59.212 - - [13/Dec/2020:02:43:01 -0800] "GET /maccdc2012/maccdc2012_fast_alert.7z HTTP/1.1" 200 73000 "http://www.secrepo.com/" "Mozilla/5.0 (compatible; Adsbot/3.1)" 
173.231.59.212 - - [13/Dec/2020:02:43:10 -0800] "GET /maccdc2012/maccdc2012_full_alert.7z HTTP/1.1" 200 75920 "http://www.secrepo.com/" "Mozilla/5.0 (compatible; Adsbot/3.1)" 
173.231.59.212 - - [13/Dec/2020:02:43:17 -0800] "GET /Security-Data-Analysis/Lab_1/conn.log.zip HTTP/1.1" 200 73000 "http://www.secrepo.com/" "Mozilla/5.0 (compatible; Adsbot/3.1)" 
173.231.59.212 - - [13/Dec/2020:02:44:03 -0800] "GET / HTTP/1.1" 200 12845 "-" "Mozilla/5.0 (compatible; Adsbot/3.1)" 
113.15.105.26 - - [13/Dec/2020:03:00:59 -0800] "GET /favicon.ico HTTP/1.1" 200 391 "-" "Mozilla/5.0 (Windows NT 10.0; WOW64) AppleWebKit/537.36 (KHTML, like Gecko) Chrome/78.0.3904.108 Safari/537.36" 
54.36.149.58 - - [13/Dec/2020:03:10:51 -0800] "GET /self.logs/2015/access.log.2015-02-06.gz HTTP/1.1" 200 2893 "-" "Mozilla/5.0 (compatible; AhrefsBot/7.0; +http://ahrefs.com/robot/)" 
173.231.59.212 - - [13/Dec/2020:03:16:37 -0800] "GET / HTTP/1.1" 301 438 "-" "Mozilla/5.0 (compatible; Adsbot/3.1)" 
173.231.59.212 - - [13/Dec/2020:03:16:45 -0800] "GET /data HTTP/1.1" 404 291 "http://www.secrepo.com/" "Mozilla/5.0 (compatible; Adsbot/3.1)" 
173.231.59.212 - - [13/Dec/2020:03:16:50 -0800] "GET /tg/a.zip HTTP/1.1" 200 75920 "http://www.secrepo.com/" "Mozilla/5.0 (compatible; Adsbot/3.1)" 
173.231.59.212 - - [13/Dec/2020:03:16:59 -0800] "GET /tg/b.zip HTTP/1.1" 200 75920 "http://www.secrepo.com/" "Mozilla/5.0 (compatible; Adsbot/3.1)" 
173.231.59.212 - - [13/Dec/2020:03:17:05 -0800] "GET /tg/c.zip HTTP/1.1" 200 75920 "http://www.secrepo.com/" "Mozilla/5.0 (compatible; Adsbot/3.1)" 
173.231.59.212 - - [13/Dec/2020:03:17:10 -0800] "GET /self.logs/ HTTP/1.1" 200 26376 "http://www.secrepo.com/" "Mozilla/5.0 (compatible; Adsbot/3.1)" 
173.231.59.212 - - [13/Dec/2020:03:17:27 -0800] "GET /pe_static/apt1.zip HTTP/1.1" 200 70080 "http://www.secrepo.com/" "Mozilla/5.0 (compatible; Adsbot/3.1)" 
173.231.59.212 - - [13/Dec/2020:03:17:36 -0800] "GET /pe_static/zeus.zip HTTP/1.1" 200 75920 "http://www.secrepo.com/" "Mozilla/5.0 (compatible; Adsbot/3.1)" 
40.77.167.33 - - [13/Dec/2020:03:17:36 -0800] "GET /self.logs/error.log.2018-02-25.gz HTTP/1.1" 304 279 "-" "Mozilla/5.0 (compatible; bingbot/2.0; +http://www.bing.com/bingbot.htm)" 
173.231.59.212 - - [13/Dec/2020:03:17:45 -0800] "GET /squid/access.log.gz HTTP/1.1" 200 75920 "http://www.secrepo.com/" "Mozilla/5.0 (compatible; Adsbot/3.1)" 
173.231.59.212 - - [13/Dec/2020:03:17:52 -0800] "GET /tg/tg_snort_fast.7z HTTP/1.1" 200 73000 "http://www.secrepo.com/" "Mozilla/5.0 (compatible; Adsbot/3.1)" 
93.193.159.124 - - [13/Dec/2020:03:17:58 -0800] "GET / HTTP/1.1" 200 12882 "-" "Mozilla/5.0 (Windows NT 10.0; Win64; x64) AppleWebKit/537.36 (KHTML, like Gecko) Chrome/87.0.4280.88 Safari/537.36" 
93.193.159.124 - - [13/Dec/2020:03:17:58 -0800] "GET /css/style.css HTTP/1.1" 404 305 "http://www.secrepo.com/" "Mozilla/5.0 (Windows NT 10.0; Win64; x64) AppleWebKit/537.36 (KHTML, like Gecko) Chrome/87.0.4280.88 Safari/537.36" 
93.193.159.124 - - [13/Dec/2020:03:17:58 -0800] "GET /twitter-icon.png HTTP/1.1" 200 27916 "http://www.secrepo.com/" "Mozilla/5.0 (Windows NT 10.0; Win64; x64) AppleWebKit/537.36 (KHTML, like Gecko) Chrome/87.0.4280.88 Safari/537.36" 
93.193.159.124 - - [13/Dec/2020:03:17:58 -0800] "GET /GitHub-Mark.png HTTP/1.1" 200 7533 "http://www.secrepo.com/" "Mozilla/5.0 (Windows NT 10.0; Win64; x64) AppleWebKit/537.36 (KHTML, like Gecko) Chrome/87.0.4280.88 Safari/537.36" 
173.231.59.212 - - [13/Dec/2020:03:18:01 -0800] "GET /tg/tg_snort_full.7z HTTP/1.1" 200 75920 "http://www.secrepo.com/" "Mozilla/5.0 (compatible; Adsbot/3.1)" 
93.193.159.124 - - [13/Dec/2020:03:18:02 -0800] "GET /bootstrap/img/favicon.ico HTTP/1.1" 200 713 "http://www.secrepo.com/" "Mozilla/5.0 (Windows NT 10.0; Win64; x64) AppleWebKit/537.36 (KHTML, like Gecko) Chrome/87.0.4280.88 Safari/537.36" 
173.231.59.212 - - [13/Dec/2020:03:18:07 -0800] "GET /auth.log/auth.log.gz HTTP/1.1" 200 70080 "http://www.secrepo.com/" "Mozilla/5.0 (compatible; Adsbot/3.1)" 
173.231.59.212 - - [13/Dec/2020:03:18:14 -0800] "GET /scada/scada_logs.zip HTTP/1.1" 200 75920 "http://www.secrepo.com/" "Mozilla/5.0 (compatible; Adsbot/3.1)" 
173.231.59.212 - - [13/Dec/2020:03:18:22 -0800] "GET /maccdc2012/dns.log.gz HTTP/1.1" 200 73000 "http://www.secrepo.com/" "Mozilla/5.0 (compatible; Adsbot/3.1)" 
173.231.59.212 - - [13/Dec/2020:03:18:28 -0800] "GET /maccdc2012/ftp.log.gz HTTP/1.1" 200 70080 "http://www.secrepo.com/" "Mozilla/5.0 (compatible; Adsbot/3.1)" 
173.231.59.212 - - [13/Dec/2020:03:18:35 -0800] "GET /maccdc2012/ssh.log.gz HTTP/1.1" 200 70080 "http://www.secrepo.com/" "Mozilla/5.0 (compatible; Adsbot/3.1)" 
173.231.59.212 - - [13/Dec/2020:03:18:43 -0800] "GET /maccdc2012/ssl.log.gz HTTP/1.1" 200 75920 "http://www.secrepo.com/" "Mozilla/5.0 (compatible; Adsbot/3.1)" 
173.231.59.212 - - [13/Dec/2020:03:18:49 -0800] "GET /maccdc2012/conn.log.gz HTTP/1.1" 200 73000 "http://www.secrepo.com/" "Mozilla/5.0 (compatible; Adsbot/3.1)" 
173.231.59.212 - - [13/Dec/2020:03:19:00 -0800] "GET /maccdc2012/dhcp.log.gz HTTP/1.1" 200 44940 "http://www.secrepo.com/" "Mozilla/5.0 (compatible; Adsbot/3.1)" 
173.231.59.212 - - [13/Dec/2020:03:19:08 -0800] "GET /maccdc2012/http.log.gz HTTP/1.1" 200 70080 "http://www.secrepo.com/" "Mozilla/5.0 (compatible; Adsbot/3.1)" 
173.231.59.212 - - [13/Dec/2020:03:19:17 -0800] "GET /maccdc2012/smtp.log.gz HTTP/1.1" 200 6919 "http://www.secrepo.com/" "Mozilla/5.0 (compatible; Adsbot/3.1)" 
173.231.59.212 - - [13/Dec/2020:03:19:24 -0800] "GET /maccdc2012/files.log.gz HTTP/1.1" 200 73000 "http://www.secrepo.com/" "Mozilla/5.0 (compatible; Adsbot/3.1)" 
173.231.59.212 - - [13/Dec/2020:03:19:35 -0800] "GET /maccdc2012/weird.log.gz HTTP/1.1" 200 70080 "http://www.secrepo.com/" "Mozilla/5.0 (compatible; Adsbot/3.1)" 
173.231.59.212 - - [13/Dec/2020:03:19:41 -0800] "GET /maccdc2012/notice.log.gz HTTP/1.1" 200 20760 "http://www.secrepo.com/" "Mozilla/5.0 (compatible; Adsbot/3.1)" 
173.231.59.212 - - [13/Dec/2020:03:20:06 -0800] "GET /maccdc2012/tunnel.log.gz HTTP/1.1" 200 5245 "http://www.secrepo.com/" "Mozilla/5.0 (compatible; Adsbot/3.1)" 
173.231.59.212 - - [13/Dec/2020:03:20:14 -0800] "GET /pe_static/op-cleaver.zip HTTP/1.1" 200 73000 "http://www.secrepo.com/" "Mozilla/5.0 (compatible; Adsbot/3.1)" 
173.231.59.212 - - [13/Dec/2020:03:20:26 -0800] "GET /honeypot/honeypot.json.zip HTTP/1.1" 200 73000 "http://www.secrepo.com/" "Mozilla/5.0 (compatible; Adsbot/3.1)" 
173.231.59.212 - - [13/Dec/2020:03:20:38 -0800] "GET /maccdc2012/signatures.log.gz HTTP/1.1" 200 631 "http://www.secrepo.com/" "Mozilla/5.0 (compatible; Adsbot/3.1)" 
173.231.59.212 - - [13/Dec/2020:03:20:45 -0800] "GET /domaindata/domainmovement.zip HTTP/1.1" 200 70080 "http://www.secrepo.com/" "Mozilla/5.0 (compatible; Adsbot/3.1)" 
173.231.59.212 - - [13/Dec/2020:03:21:01 -0800] "GET /misc/zeus_dga_domains.txt.zip HTTP/1.1" 200 75920 "http://www.secrepo.com/" "Mozilla/5.0 (compatible; Adsbot/3.1)" 
173.231.59.212 - - [13/Dec/2020:03:21:11 -0800] "GET /maccdc2012/maccdc2012_fast_alert.7z HTTP/1.1" 200 75920 "http://www.secrepo.com/" "Mozilla/5.0 (compatible; Adsbot/3.1)" 
173.231.59.212 - - [13/Dec/2020:03:21:21 -0800] "GET /maccdc2012/maccdc2012_full_alert.7z HTTP/1.1" 200 70080 "http://www.secrepo.com/" "Mozilla/5.0 (compatible; Adsbot/3.1)" 
173.231.59.212 - - [13/Dec/2020:03:21:27 -0800] "GET /Security-Data-Analysis/Lab_1/conn.log.zip HTTP/1.1" 200 70080 "http://www.secrepo.com/" "Mozilla/5.0 (compatible; Adsbot/3.1)" 
173.231.59.212 - - [13/Dec/2020:03:21:36 -0800] "GET / HTTP/1.1" 200 12845 "-" "Mozilla/5.0 (compatible; Adsbot/3.1)" 
93.193.159.124 - - [13/Dec/2020:03:22:33 -0800] "GET /css/style.css HTTP/1.1" 404 328 "http://www.secrepo.com/" "Mozilla/5.0 (Windows NT 10.0; Win64; x64) AppleWebKit/537.36 (KHTML, like Gecko) Chrome/87.0.4280.88 Safari/537.36" 
17.58.96.143 - - [13/Dec/2020:03:24:37 -0800] "GET /self.logs/error.log.2020-03-03 HTTP/1.1" 200 307 "-" "Mozilla/5.0 (Macintosh; Intel Mac OS X 10_15_5) AppleWebKit/605.1.15 (KHTML, like Gecko) Version/13.1.1 Safari/605.1.15 (Applebot/0.1; +http://www.apple.com/go/applebot)" 
93.193.159.124 - - [13/Dec/2020:03:25:30 -0800] "GET /css/style.css HTTP/1.1" 404 328 "http://www.secrepo.com/" "Mozilla/5.0 (Windows NT 10.0; Win64; x64) AppleWebKit/537.36 (KHTML, like Gecko) Chrome/87.0.4280.88 Safari/537.36" 
49.66.115.80 - - [13/Dec/2020:03:26:52 -0800] "GET / HTTP/1.1" 200 12882 "-" "Mozilla/5.0 (Windows NT 10.0; Win64; x64) AppleWebKit/537.36 (KHTML, like Gecko) Chrome/87.0.4280.88 Safari/537.36 Edg/87.0.664.57" 
49.66.115.80 - - [13/Dec/2020:03:26:52 -0800] "GET /css/style.css HTTP/1.1" 404 328 "http://www.secrepo.com/" "Mozilla/5.0 (Windows NT 10.0; Win64; x64) AppleWebKit/537.36 (KHTML, like Gecko) Chrome/87.0.4280.88 Safari/537.36 Edg/87.0.664.57" 
49.66.115.80 - - [13/Dec/2020:03:26:52 -0800] "GET /GitHub-Mark.png HTTP/1.1" 200 7533 "http://www.secrepo.com/" "Mozilla/5.0 (Windows NT 10.0; Win64; x64) AppleWebKit/537.36 (KHTML, like Gecko) Chrome/87.0.4280.88 Safari/537.36 Edg/87.0.664.57" 
49.66.115.80 - - [13/Dec/2020:03:26:52 -0800] "GET /twitter-icon.png HTTP/1.1" 200 27893 "http://www.secrepo.com/" "Mozilla/5.0 (Windows NT 10.0; Win64; x64) AppleWebKit/537.36 (KHTML, like Gecko) Chrome/87.0.4280.88 Safari/537.36 Edg/87.0.664.57" 
49.66.115.80 - - [13/Dec/2020:03:27:12 -0800] "GET /bootstrap/img/favicon.ico HTTP/1.1" 200 713 "http://www.secrepo.com/" "Mozilla/5.0 (Windows NT 10.0; Win64; x64) AppleWebKit/537.36 (KHTML, like Gecko) Chrome/87.0.4280.88 Safari/537.36 Edg/87.0.664.57" 
17.58.96.143 - - [13/Dec/2020:03:31:58 -0800] "GET /self.logs/error.log.2020-02-09 HTTP/1.1" 200 307 "-" "Mozilla/5.0 (Macintosh; Intel Mac OS X 10_15_5) AppleWebKit/605.1.15 (KHTML, like Gecko) Version/13.1.1 Safari/605.1.15 (Applebot/0.1; +http://www.apple.com/go/applebot)" 
159.226.95.65 - - [13/Dec/2020:03:33:24 -0800] "GET / HTTP/1.1" 200 12882 "-" "Mozilla/5.0 (Windows NT 10.0; Win64; x64) AppleWebKit/537.36 (KHTML, like Gecko) Chrome/87.0.4280.88 Safari/537.36" 
159.226.95.65 - - [13/Dec/2020:03:33:24 -0800] "GET /css/style.css HTTP/1.1" 404 305 "http://www.secrepo.com/" "Mozilla/5.0 (Windows NT 10.0; Win64; x64) AppleWebKit/537.36 (KHTML, like Gecko) Chrome/87.0.4280.88 Safari/537.36" 
159.226.95.65 - - [13/Dec/2020:03:33:24 -0800] "GET /twitter-icon.png HTTP/1.1" 200 27893 "http://www.secrepo.com/" "Mozilla/5.0 (Windows NT 10.0; Win64; x64) AppleWebKit/537.36 (KHTML, like Gecko) Chrome/87.0.4280.88 Safari/537.36" 
159.226.95.65 - - [13/Dec/2020:03:33:25 -0800] "GET /GitHub-Mark.png HTTP/1.1" 200 7556 "http://www.secrepo.com/" "Mozilla/5.0 (Windows NT 10.0; Win64; x64) AppleWebKit/537.36 (KHTML, like Gecko) Chrome/87.0.4280.88 Safari/537.36" 
159.226.95.65 - - [13/Dec/2020:03:33:27 -0800] "GET /bootstrap/img/favicon.ico HTTP/1.1" 200 713 "http://www.secrepo.com/" "Mozilla/5.0 (Windows NT 10.0; Win64; x64) AppleWebKit/537.36 (KHTML, like Gecko) Chrome/87.0.4280.88 Safari/537.36" 
3.89.199.185 - - [13/Dec/2020:03:34:45 -0800] "GET / HTTP/1.1" 301 475 "-" "python-requests/2.18.1" 
3.89.199.185 - - [13/Dec/2020:03:34:45 -0800] "GET / HTTP/1.1" 200 12882 "-" "python-requests/2.18.1" 
3.89.199.185 - - [13/Dec/2020:03:34:45 -0800] "GET / HTTP/1.1" 200 12882 "-" "python-requests/2.18.1" 
3.89.199.185 - - [13/Dec/2020:03:34:45 -0800] "GET / HTTP/1.1" 200 12882 "-" "python-requests/2.18.1" 
49.66.115.80 - - [13/Dec/2020:03:35:29 -0800] "GET /bootstrap/img/favicon.ico HTTP/1.1" 200 713 "http://www.secrepo.com/" "Mozilla/5.0 (Windows NT 10.0; Win64; x64) AppleWebKit/537.36 (KHTML, like Gecko) Chrome/87.0.4280.88 Safari/537.36 Edg/87.0.664.57" 
207.46.13.146 - - [13/Dec/2020:03:37:04 -0800] "GET /self.logs/access.log.2017-11-18.gz HTTP/1.1" 304 280 "-" "Mozilla/5.0 (compatible; bingbot/2.0; +http://www.bing.com/bingbot.htm)" 
157.55.39.64 - - [13/Dec/2020:03:37:20 -0800] "GET /self.logs/access.log.2017-07-03.gz HTTP/1.1" 304 280 "-" "Mozilla/5.0 (compatible; bingbot/2.0; +http://www.bing.com/bingbot.htm)" 
54.36.149.58 - - [13/Dec/2020:03:38:10 -0800] "GET /self.logs/2015/error.log.2015-02-23.gz HTTP/1.1" 200 4395 "-" "Mozilla/5.0 (compatible; AhrefsBot/7.0; +http://ahrefs.com/robot/)" 
94.68.131.130 - - [13/Dec/2020:03:42:26 -0800] "GET / HTTP/1.1" 200 12882 "-" "Mozilla/5.0 (Macintosh; Intel Mac OS X 10_15_6) AppleWebKit/605.1.15 (KHTML, like Gecko) Version/14.0.1 Safari/605.1.15" 
94.68.131.130 - - [13/Dec/2020:03:42:26 -0800] "GET /twitter-icon.png HTTP/1.1" 200 27916 "http://www.secrepo.com/" "Mozilla/5.0 (Macintosh; Intel Mac OS X 10_15_6) AppleWebKit/605.1.15 (KHTML, like Gecko) Version/14.0.1 Safari/605.1.15" 
173.231.59.212 - - [13/Dec/2020:03:50:23 -0800] "GET / HTTP/1.1" 301 438 "-" "Mozilla/5.0 (compatible; Adsbot/3.1)" 
173.231.59.212 - - [13/Dec/2020:03:50:32 -0800] "GET /data HTTP/1.1" 404 291 "http://www.secrepo.com/" "Mozilla/5.0 (compatible; Adsbot/3.1)" 
173.231.59.212 - - [13/Dec/2020:03:50:47 -0800] "GET /tg/a.zip HTTP/1.1" 200 75920 "http://www.secrepo.com/" "Mozilla/5.0 (compatible; Adsbot/3.1)" 
173.231.59.212 - - [13/Dec/2020:03:50:59 -0800] "GET /tg/b.zip HTTP/1.1" 200 73000 "http://www.secrepo.com/" "Mozilla/5.0 (compatible; Adsbot/3.1)" 
173.231.59.212 - - [13/Dec/2020:03:51:10 -0800] "GET /tg/c.zip HTTP/1.1" 200 70080 "http://www.secrepo.com/" "Mozilla/5.0 (compatible; Adsbot/3.1)" 
173.231.59.212 - - [13/Dec/2020:03:51:24 -0800] "GET /self.logs/ HTTP/1.1" 200 26376 "http://www.secrepo.com/" "Mozilla/5.0 (compatible; Adsbot/3.1)" 
173.231.59.212 - - [13/Dec/2020:03:51:35 -0800] "GET /pe_static/apt1.zip HTTP/1.1" 200 75920 "http://www.secrepo.com/" "Mozilla/5.0 (compatible; Adsbot/3.1)" 
173.231.59.212 - - [13/Dec/2020:03:51:48 -0800] "GET /pe_static/zeus.zip HTTP/1.1" 200 75920 "http://www.secrepo.com/" "Mozilla/5.0 (compatible; Adsbot/3.1)" 
173.231.59.212 - - [13/Dec/2020:03:51:58 -0800] "GET /squid/access.log.gz HTTP/1.1" 200 75920 "http://www.secrepo.com/" "Mozilla/5.0 (compatible; Adsbot/3.1)" 
108.59.8.80 - - [13/Dec/2020:03:52:01 -0800] "GET /robots.txt HTTP/1.1" 200 377 "-" "Mozilla/5.0 (compatible; MJ12bot/v1.4.8; http://mj12bot.com/)" 
108.59.8.80 - - [13/Dec/2020:03:52:07 -0800] "GET / HTTP/1.1" 200 12837 "-" "Mozilla/5.0 (compatible; MJ12bot/v1.4.8; http://mj12bot.com/)" 
173.231.59.212 - - [13/Dec/2020:03:52:33 -0800] "GET /tg/tg_snort_fast.7z HTTP/1.1" 200 75920 "http://www.secrepo.com/" "Mozilla/5.0 (compatible; Adsbot/3.1)" 
173.231.59.212 - - [13/Dec/2020:03:52:41 -0800] "GET /tg/tg_snort_full.7z HTTP/1.1" 200 73000 "http://www.secrepo.com/" "Mozilla/5.0 (compatible; Adsbot/3.1)" 
173.231.59.212 - - [13/Dec/2020:03:52:56 -0800] "GET /auth.log/auth.log.gz HTTP/1.1" 200 70080 "http://www.secrepo.com/" "Mozilla/5.0 (compatible; Adsbot/3.1)" 
173.231.59.212 - - [13/Dec/2020:03:53:08 -0800] "GET /scada/scada_logs.zip HTTP/1.1" 200 70080 "http://www.secrepo.com/" "Mozilla/5.0 (compatible; Adsbot/3.1)" 
42.236.10.76 - - [13/Dec/2020:03:53:10 -0800] "GET / HTTP/1.1" 200 12881 "http://www.secrepo.com/" "Mozilla/5.0(compatible;MSIE9.0;WindowsNT6.1;Trident/5.0)" 
173.231.59.212 - - [13/Dec/2020:03:53:19 -0800] "GET /maccdc2012/dns.log.gz HTTP/1.1" 200 73000 "http://www.secrepo.com/" "Mozilla/5.0 (compatible; Adsbot/3.1)" 
173.231.59.212 - - [13/Dec/2020:03:53:29 -0800] "GET /maccdc2012/ftp.log.gz HTTP/1.1" 200 73000 "http://www.secrepo.com/" "Mozilla/5.0 (compatible; Adsbot/3.1)" 
173.231.59.212 - - [13/Dec/2020:03:53:41 -0800] "GET /maccdc2012/ssh.log.gz HTTP/1.1" 200 73000 "http://www.secrepo.com/" "Mozilla/5.0 (compatible; Adsbot/3.1)" 
173.231.59.212 - - [13/Dec/2020:03:53:47 -0800] "GET /maccdc2012/ssl.log.gz HTTP/1.1" 200 73000 "http://www.secrepo.com/" "Mozilla/5.0 (compatible; Adsbot/3.1)" 
173.231.59.212 - - [13/Dec/2020:03:53:53 -0800] "GET /maccdc2012/conn.log.gz HTTP/1.1" 200 73000 "http://www.secrepo.com/" "Mozilla/5.0 (compatible; Adsbot/3.1)" 
173.231.59.212 - - [13/Dec/2020:03:54:03 -0800] "GET /maccdc2012/dhcp.log.gz HTTP/1.1" 200 44940 "http://www.secrepo.com/" "Mozilla/5.0 (compatible; Adsbot/3.1)" 
173.231.59.212 - - [13/Dec/2020:03:54:12 -0800] "GET /maccdc2012/http.log.gz HTTP/1.1" 200 75920 "http://www.secrepo.com/" "Mozilla/5.0 (compatible; Adsbot/3.1)" 
173.231.59.212 - - [13/Dec/2020:03:54:20 -0800] "GET /maccdc2012/smtp.log.gz HTTP/1.1" 200 6919 "http://www.secrepo.com/" "Mozilla/5.0 (compatible; Adsbot/3.1)" 
173.231.59.212 - - [13/Dec/2020:03:54:29 -0800] "GET /maccdc2012/files.log.gz HTTP/1.1" 200 75920 "http://www.secrepo.com/" "Mozilla/5.0 (compatible; Adsbot/3.1)" 
173.231.59.212 - - [13/Dec/2020:03:54:35 -0800] "GET /maccdc2012/weird.log.gz HTTP/1.1" 200 73000 "http://www.secrepo.com/" "Mozilla/5.0 (compatible; Adsbot/3.1)" 
173.231.59.212 - - [13/Dec/2020:03:54:40 -0800] "GET /maccdc2012/notice.log.gz HTTP/1.1" 200 20760 "http://www.secrepo.com/" "Mozilla/5.0 (compatible; Adsbot/3.1)" 
173.231.59.212 - - [13/Dec/2020:03:54:50 -0800] "GET /maccdc2012/tunnel.log.gz HTTP/1.1" 200 5245 "http://www.secrepo.com/" "Mozilla/5.0 (compatible; Adsbot/3.1)" 
173.231.59.212 - - [13/Dec/2020:03:54:56 -0800] "GET /pe_static/op-cleaver.zip HTTP/1.1" 200 75920 "http://www.secrepo.com/" "Mozilla/5.0 (compatible; Adsbot/3.1)" 
173.231.59.212 - - [13/Dec/2020:03:55:02 -0800] "GET /honeypot/honeypot.json.zip HTTP/1.1" 200 75920 "http://www.secrepo.com/" "Mozilla/5.0 (compatible; Adsbot/3.1)" 
173.231.59.212 - - [13/Dec/2020:03:55:09 -0800] "GET /maccdc2012/signatures.log.gz HTTP/1.1" 200 631 "http://www.secrepo.com/" "Mozilla/5.0 (compatible; Adsbot/3.1)" 
173.231.59.212 - - [13/Dec/2020:03:55:15 -0800] "GET /domaindata/domainmovement.zip HTTP/1.1" 200 75920 "http://www.secrepo.com/" "Mozilla/5.0 (compatible; Adsbot/3.1)" 
173.231.59.212 - - [13/Dec/2020:03:55:21 -0800] "GET /misc/zeus_dga_domains.txt.zip HTTP/1.1" 200 75920 "http://www.secrepo.com/" "Mozilla/5.0 (compatible; Adsbot/3.1)" 
173.231.59.212 - - [13/Dec/2020:03:55:34 -0800] "GET /maccdc2012/maccdc2012_fast_alert.7z HTTP/1.1" 200 70080 "http://www.secrepo.com/" "Mozilla/5.0 (compatible; Adsbot/3.1)" 
173.231.59.212 - - [13/Dec/2020:03:55:40 -0800] "GET /maccdc2012/maccdc2012_full_alert.7z HTTP/1.1" 200 75920 "http://www.secrepo.com/" "Mozilla/5.0 (compatible; Adsbot/3.1)" 
173.231.59.212 - - [13/Dec/2020:03:55:47 -0800] "GET /Security-Data-Analysis/Lab_1/conn.log.zip HTTP/1.1" 200 75920 "http://www.secrepo.com/" "Mozilla/5.0 (compatible; Adsbot/3.1)" 
173.231.59.212 - - [13/Dec/2020:03:55:56 -0800] "GET / HTTP/1.1" 200 12844 "-" "Mozilla/5.0 (compatible; Adsbot/3.1)" 
95.163.255.54 - - [13/Dec/2020:03:56:15 -0800] "GET /robots.txt HTTP/1.0" 200 340 "-" "Mozilla/5.0 (compatible; Linux x86_64; Mail.RU_Bot/2.0; +http://go.mail.ru/help/robots)" 
95.163.255.54 - - [13/Dec/2020:03:56:16 -0800] "GET /maccdc2012/?C=N;O=D HTTP/1.1" 200 825 "-" "Mozilla/5.0 (compatible; Linux x86_64; Mail.RU_Bot/2.0; +http://go.mail.ru/help/robots)" 
76.72.173.2 - - [13/Dec/2020:03:58:31 -0800] "GET / HTTP/1.1" 200 12837 "-" "Mozilla/5.0 (Windows NT 10.0; WOW64; rv:40.0) Gecko/20100101 Firefox/40.0" 
79.110.55.34 - - [13/Dec/2020:03:59:20 -0800] "GET / HTTP/1.1" 301 475 "-" "python-requests/2.24.0" 
79.110.55.34 - - [13/Dec/2020:03:59:20 -0800] "GET / HTTP/1.1" 200 12881 "-" "python-requests/2.24.0" 
157.55.39.218 - - [13/Dec/2020:04:01:42 -0800] "GET /self.logs/access.log.2017-06-02.gz HTTP/1.1" 304 280 "-" "Mozilla/5.0 (compatible; bingbot/2.0; +http://www.bing.com/bingbot.htm)" 
66.249.79.250 - - [13/Dec/2020:04:08:26 -0800] "GET /Datasets%20Description/Network/ftp.html HTTP/1.1" 304 277 "-" "Mozilla/5.0 (Linux; Android 6.0.1; Nexus 5X Build/MMB29P) AppleWebKit/537.36 (KHTML, like Gecko) Chrome/87.0.4280.90 Mobile Safari/537.36 (compatible; Googlebot/2.1; +http://www.google.com/bot.html)" 
54.36.148.101 - - [13/Dec/2020:04:09:41 -0800] "GET /robots.txt HTTP/1.1" 200 333 "-" "Mozilla/5.0 (compatible; AhrefsBot/6.1; +http://ahrefs.com/robot/)" 
54.36.148.14 - - [13/Dec/2020:04:09:42 -0800] "GET /self.logs/2015/access.log.2015-03-01.gz HTTP/1.1" 200 2452 "-" "Mozilla/5.0 (compatible; AhrefsBot/7.0; +http://ahrefs.com/robot/)" 
49.66.115.80 - - [13/Dec/2020:03:27:53 -0800] "GET /maccdc2012/conn.log.gz HTTP/1.1" 200 27364560 "http://www.secrepo.com/" "Mozilla/5.0 (Windows NT 10.0; Win64; x64) AppleWebKit/537.36 (KHTML, like Gecko) Chrome/87.0.4280.88 Safari/537.36 Edg/87.0.664.57" 
54.36.149.58 - - [13/Dec/2020:04:15:54 -0800] "GET /self.logs/2015/error.log.2015-02-24.gz HTTP/1.1" 200 1722 "-" "Mozilla/5.0 (compatible; AhrefsBot/7.0; +http://ahrefs.com/robot/)" 
54.36.148.14 - - [13/Dec/2020:04:22:01 -0800] "GET /self.logs/2015/access.log.2015-07-07.gz HTTP/1.1" 200 5007 "-" "Mozilla/5.0 (compatible; AhrefsBot/7.0; +http://ahrefs.com/robot/)" 
42.236.10.73 - - [13/Dec/2020:04:22:44 -0800] "GET / HTTP/1.1" 200 12881 "http://www.secrepo.com/" "Mozilla/5.0(compatible;MSIE9.0;WindowsNT6.1;Trident/5.0)" 
17.58.96.143 - - [13/Dec/2020:04:24:05 -0800] "GET /self.logs/error.log.2020-02-22 HTTP/1.1" 200 307 "-" "Mozilla/5.0 (Macintosh; Intel Mac OS X 10_15_5) AppleWebKit/605.1.15 (KHTML, like Gecko) Version/13.1.1 Safari/605.1.15 (Applebot/0.1; +http://www.apple.com/go/applebot)" 
54.36.149.58 - - [13/Dec/2020:04:24:57 -0800] "GET /self.logs/2015/error.log.2015-02-25.gz HTTP/1.1" 200 1045 "-" "Mozilla/5.0 (compatible; AhrefsBot/7.0; +http://ahrefs.com/robot/)" 
173.231.59.212 - - [13/Dec/2020:04:27:12 -0800] "GET / HTTP/1.1" 301 438 "-" "Mozilla/5.0 (compatible; Adsbot/3.1)" 
173.231.59.212 - - [13/Dec/2020:04:27:20 -0800] "GET /data HTTP/1.1" 404 291 "http://www.secrepo.com/" "Mozilla/5.0 (compatible; Adsbot/3.1)" 
173.231.59.212 - - [13/Dec/2020:04:27:29 -0800] "GET /tg/a.zip HTTP/1.1" 200 75920 "http://www.secrepo.com/" "Mozilla/5.0 (compatible; Adsbot/3.1)" 
173.231.59.212 - - [13/Dec/2020:04:27:35 -0800] "GET /tg/b.zip HTTP/1.1" 200 75920 "http://www.secrepo.com/" "Mozilla/5.0 (compatible; Adsbot/3.1)" 
173.231.59.212 - - [13/Dec/2020:04:27:41 -0800] "GET /tg/c.zip HTTP/1.1" 200 75920 "http://www.secrepo.com/" "Mozilla/5.0 (compatible; Adsbot/3.1)" 
54.36.148.14 - - [13/Dec/2020:04:27:54 -0800] "GET /self.logs/access.log.2020-12-02.gz HTTP/1.1" 200 12210 "-" "Mozilla/5.0 (compatible; AhrefsBot/7.0; +http://ahrefs.com/robot/)" 
173.231.59.212 - - [13/Dec/2020:04:27:59 -0800] "GET /self.logs/ HTTP/1.1" 200 26376 "http://www.secrepo.com/" "Mozilla/5.0 (compatible; Adsbot/3.1)" 
173.231.59.212 - - [13/Dec/2020:04:28:12 -0800] "GET /pe_static/apt1.zip HTTP/1.1" 200 75920 "http://www.secrepo.com/" "Mozilla/5.0 (compatible; Adsbot/3.1)" 
173.231.59.212 - - [13/Dec/2020:04:28:18 -0800] "GET /pe_static/zeus.zip HTTP/1.1" 200 73000 "http://www.secrepo.com/" "Mozilla/5.0 (compatible; Adsbot/3.1)" 
173.231.59.212 - - [13/Dec/2020:04:28:25 -0800] "GET /squid/access.log.gz HTTP/1.1" 200 70080 "http://www.secrepo.com/" "Mozilla/5.0 (compatible; Adsbot/3.1)" 
173.231.59.212 - - [13/Dec/2020:04:28:31 -0800] "GET /tg/tg_snort_fast.7z HTTP/1.1" 200 75920 "http://www.secrepo.com/" "Mozilla/5.0 (compatible; Adsbot/3.1)" 
173.231.59.212 - - [13/Dec/2020:04:28:38 -0800] "GET /tg/tg_snort_full.7z HTTP/1.1" 200 70080 "http://www.secrepo.com/" "Mozilla/5.0 (compatible; Adsbot/3.1)" 
173.231.59.212 - - [13/Dec/2020:04:28:44 -0800] "GET /auth.log/auth.log.gz HTTP/1.1" 200 73000 "http://www.secrepo.com/" "Mozilla/5.0 (compatible; Adsbot/3.1)" 
173.231.59.212 - - [13/Dec/2020:04:29:02 -0800] "GET /scada/scada_logs.zip HTTP/1.1" 200 75920 "http://www.secrepo.com/" "Mozilla/5.0 (compatible; Adsbot/3.1)" 
173.231.59.212 - - [13/Dec/2020:04:29:17 -0800] "GET /maccdc2012/dns.log.gz HTTP/1.1" 200 75920 "http://www.secrepo.com/" "Mozilla/5.0 (compatible; Adsbot/3.1)" 
173.231.59.212 - - [13/Dec/2020:04:29:23 -0800] "GET /maccdc2012/ftp.log.gz HTTP/1.1" 200 73000 "http://www.secrepo.com/" "Mozilla/5.0 (compatible; Adsbot/3.1)" 
173.231.59.212 - - [13/Dec/2020:04:29:38 -0800] "GET /maccdc2012/ssh.log.gz HTTP/1.1" 200 75920 "http://www.secrepo.com/" "Mozilla/5.0 (compatible; Adsbot/3.1)" 
173.231.59.212 - - [13/Dec/2020:04:29:44 -0800] "GET /maccdc2012/ssl.log.gz HTTP/1.1" 200 70080 "http://www.secrepo.com/" "Mozilla/5.0 (compatible; Adsbot/3.1)" 
173.231.59.212 - - [13/Dec/2020:04:29:49 -0800] "GET /maccdc2012/conn.log.gz HTTP/1.1" 200 75920 "http://www.secrepo.com/" "Mozilla/5.0 (compatible; Adsbot/3.1)" 
173.231.59.212 - - [13/Dec/2020:04:29:58 -0800] "GET /maccdc2012/dhcp.log.gz HTTP/1.1" 200 44940 "http://www.secrepo.com/" "Mozilla/5.0 (compatible; Adsbot/3.1)" 
173.231.59.212 - - [13/Dec/2020:04:30:12 -0800] "GET /maccdc2012/http.log.gz HTTP/1.1" 200 75920 "http://www.secrepo.com/" "Mozilla/5.0 (compatible; Adsbot/3.1)" 
173.231.59.212 - - [13/Dec/2020:04:30:19 -0800] "GET /maccdc2012/smtp.log.gz HTTP/1.1" 200 6919 "http://www.secrepo.com/" "Mozilla/5.0 (compatible; Adsbot/3.1)" 
173.231.59.212 - - [13/Dec/2020:04:30:32 -0800] "GET /maccdc2012/files.log.gz HTTP/1.1" 200 70080 "http://www.secrepo.com/" "Mozilla/5.0 (compatible; Adsbot/3.1)" 
173.231.59.212 - - [13/Dec/2020:04:30:38 -0800] "GET /maccdc2012/weird.log.gz HTTP/1.1" 200 75920 "http://www.secrepo.com/" "Mozilla/5.0 (compatible; Adsbot/3.1)" 
173.231.59.212 - - [13/Dec/2020:04:30:46 -0800] "GET /maccdc2012/notice.log.gz HTTP/1.1" 200 20760 "http://www.secrepo.com/" "Mozilla/5.0 (compatible; Adsbot/3.1)" 
54.36.149.58 - - [13/Dec/2020:04:30:50 -0800] "GET /self.logs/access.log.2020-12-03.gz HTTP/1.1" 200 13667 "-" "Mozilla/5.0 (compatible; AhrefsBot/7.0; +http://ahrefs.com/robot/)" 
173.231.59.212 - - [13/Dec/2020:04:30:53 -0800] "GET /maccdc2012/tunnel.log.gz HTTP/1.1" 200 5245 "http://www.secrepo.com/" "Mozilla/5.0 (compatible; Adsbot/3.1)" 
173.231.59.212 - - [13/Dec/2020:04:30:58 -0800] "GET /pe_static/op-cleaver.zip HTTP/1.1" 200 75920 "http://www.secrepo.com/" "Mozilla/5.0 (compatible; Adsbot/3.1)" 
213.55.96.14 - - [13/Dec/2020:04:31:01 -0800] "GET / HTTP/1.1" 200 12882 "-" "Mozilla/5.0 (X11; Linux x86_64; rv:78.0) Gecko/20100101 Firefox/78.0" 
213.55.96.14 - - [13/Dec/2020:04:31:01 -0800] "GET /css/style.css HTTP/1.1" 404 305 "http://www.secrepo.com/" "Mozilla/5.0 (X11; Linux x86_64; rv:78.0) Gecko/20100101 Firefox/78.0" 
213.55.96.14 - - [13/Dec/2020:04:31:02 -0800] "GET /GitHub-Mark.png HTTP/1.1" 200 7556 "http://www.secrepo.com/" "Mozilla/5.0 (X11; Linux x86_64; rv:78.0) Gecko/20100101 Firefox/78.0" 
213.55.96.14 - - [13/Dec/2020:04:31:02 -0800] "GET /twitter-icon.png HTTP/1.1" 200 27916 "http://www.secrepo.com/" "Mozilla/5.0 (X11; Linux x86_64; rv:78.0) Gecko/20100101 Firefox/78.0" 
213.55.96.14 - - [13/Dec/2020:04:31:02 -0800] "GET /bootstrap/img/favicon.ico HTTP/1.1" 200 690 "-" "Mozilla/5.0 (X11; Linux x86_64; rv:78.0) Gecko/20100101 Firefox/78.0" 
173.231.59.212 - - [13/Dec/2020:04:31:05 -0800] "GET /honeypot/honeypot.json.zip HTTP/1.1" 200 73000 "http://www.secrepo.com/" "Mozilla/5.0 (compatible; Adsbot/3.1)" 
173.231.59.212 - - [13/Dec/2020:04:31:11 -0800] "GET /maccdc2012/signatures.log.gz HTTP/1.1" 200 631 "http://www.secrepo.com/" "Mozilla/5.0 (compatible; Adsbot/3.1)" 
173.231.59.212 - - [13/Dec/2020:04:31:19 -0800] "GET /domaindata/domainmovement.zip HTTP/1.1" 200 75920 "http://www.secrepo.com/" "Mozilla/5.0 (compatible; Adsbot/3.1)" 
173.231.59.212 - - [13/Dec/2020:04:31:27 -0800] "GET /misc/zeus_dga_domains.txt.zip HTTP/1.1" 200 70080 "http://www.secrepo.com/" "Mozilla/5.0 (compatible; Adsbot/3.1)" 
173.231.59.212 - - [13/Dec/2020:04:31:36 -0800] "GET /maccdc2012/maccdc2012_fast_alert.7z HTTP/1.1" 200 75920 "http://www.secrepo.com/" "Mozilla/5.0 (compatible; Adsbot/3.1)" 
213.55.96.14 - - [13/Dec/2020:04:31:41 -0800] "GET / HTTP/1.1" 200 12882 "http://www.secrepo.com/" "Mozilla/5.0 (X11; Linux x86_64; rv:78.0) Gecko/20100101 Firefox/78.0" 
213.55.96.14 - - [13/Dec/2020:04:31:41 -0800] "GET /css/style.css HTTP/1.1" 404 305 "http://www.secrepo.com/" "Mozilla/5.0 (X11; Linux x86_64; rv:78.0) Gecko/20100101 Firefox/78.0" 
173.231.59.212 - - [13/Dec/2020:04:31:42 -0800] "GET /maccdc2012/maccdc2012_full_alert.7z HTTP/1.1" 200 73000 "http://www.secrepo.com/" "Mozilla/5.0 (compatible; Adsbot/3.1)" 
173.231.59.212 - - [13/Dec/2020:04:31:48 -0800] "GET /Security-Data-Analysis/Lab_1/conn.log.zip HTTP/1.1" 200 70080 "http://www.secrepo.com/" "Mozilla/5.0 (compatible; Adsbot/3.1)" 
213.55.96.14 - - [13/Dec/2020:04:31:48 -0800] "GET / HTTP/1.1" 200 12882 "http://www.secrepo.com/" "Mozilla/5.0 (X11; Linux x86_64; rv:78.0) Gecko/20100101 Firefox/78.0" 
213.55.96.14 - - [13/Dec/2020:04:31:49 -0800] "GET /css/style.css HTTP/1.1" 404 305 "http://www.secrepo.com/" "Mozilla/5.0 (X11; Linux x86_64; rv:78.0) Gecko/20100101 Firefox/78.0" 
173.231.59.212 - - [13/Dec/2020:04:31:55 -0800] "GET / HTTP/1.1" 200 12845 "-" "Mozilla/5.0 (compatible; Adsbot/3.1)" 
54.36.149.58 - - [13/Dec/2020:04:33:43 -0800] "GET /self.logs/access.log.2020-12-04.gz HTTP/1.1" 200 20944 "-" "Mozilla/5.0 (compatible; AhrefsBot/7.0; +http://ahrefs.com/robot/)" 
54.36.148.156 - - [13/Dec/2020:04:36:45 -0800] "GET /self.logs/access.log.2020-12-05.gz HTTP/1.1" 200 11531 "-" "Mozilla/5.0 (compatible; AhrefsBot/7.0; +http://ahrefs.com/robot/)" 
54.36.149.58 - - [13/Dec/2020:04:39:58 -0800] "GET /self.logs/error.log.2020-11-20 HTTP/1.1" 200 307 "-" "Mozilla/5.0 (compatible; AhrefsBot/7.0; +http://ahrefs.com/robot/)" 
54.36.148.14 - - [13/Dec/2020:04:42:59 -0800] "GET /self.logs/error.log.2020-11-21 HTTP/1.1" 200 307 "-" "Mozilla/5.0 (compatible; AhrefsBot/7.0; +http://ahrefs.com/robot/)" 
111.202.100.87 - - [13/Dec/2020:04:44:32 -0800] "GET / HTTP/1.1" 301 438 "-" "Sogou web spider/4.0(+http://www.sogou.com/docs/help/webmasters.htm#07)" 
213.55.96.14 - - [13/Dec/2020:04:45:19 -0800] "GET /tg/a.zip HTTP/1.1" 200 1051560 "http://www.secrepo.com/" "Mozilla/5.0 (X11; Linux x86_64; rv:78.0) Gecko/20100101 Firefox/78.0" 
213.55.96.14 - - [13/Dec/2020:04:45:38 -0800] "GET /pe_static/zeus.zip HTTP/1.1" 200 202860 "http://www.secrepo.com/" "Mozilla/5.0 (X11; Linux x86_64; rv:78.0) Gecko/20100101 Firefox/78.0" 
213.55.96.14 - - [13/Dec/2020:04:46:00 -0800] "GET /self.logs/ HTTP/1.1" 200 26413 "http://www.secrepo.com/" "Mozilla/5.0 (X11; Linux x86_64; rv:78.0) Gecko/20100101 Firefox/78.0" 
213.55.96.14 - - [13/Dec/2020:04:46:01 -0800] "GET /favicon.ico HTTP/1.1" 200 368 "-" "Mozilla/5.0 (X11; Linux x86_64; rv:78.0) Gecko/20100101 Firefox/78.0" 
213.55.96.14 - - [13/Dec/2020:04:46:05 -0800] "GET /self.logs/access.log.2017-01-02.gz HTTP/1.1" 200 26829 "http://www.secrepo.com/self.logs/" "Mozilla/5.0 (X11; Linux x86_64; rv:78.0) Gecko/20100101 Firefox/78.0" 
54.36.149.58 - - [13/Dec/2020:04:46:18 -0800] "GET /self.logs/error.log.2020-11-22 HTTP/1.1" 200 307 "-" "Mozilla/5.0 (compatible; AhrefsBot/7.0; +http://ahrefs.com/robot/)" 
111.202.100.87 - - [13/Dec/2020:04:46:19 -0800] "GET / HTTP/1.1" 200 12844 "-" "Sogou web spider/4.0(+http://www.sogou.com/docs/help/webmasters.htm#07)" 
42.236.10.69 - - [13/Dec/2020:04:48:04 -0800] "GET / HTTP/1.1" 200 12881 "http://www.secrepo.com/" "Mozilla/5.0(compatible;MSIE9.0;WindowsNT6.1;Trident/5.0)" 
54.36.148.14 - - [13/Dec/2020:04:49:15 -0800] "GET /self.logs/error.log.2020-11-23 HTTP/1.1" 200 307 "-" "Mozilla/5.0 (compatible; AhrefsBot/7.0; +http://ahrefs.com/robot/)" 
207.46.13.98 - - [13/Dec/2020:04:49:58 -0800] "GET /self.logs/access.log.2017-07-29.gz HTTP/1.1" 301 543 "-" "Mozilla/5.0 (compatible; bingbot/2.0; +http://www.bing.com/bingbot.htm)" 
17.58.96.143 - - [13/Dec/2020:04:50:28 -0800] "GET /self.logs/error.log.2020-02-17 HTTP/1.1" 200 307 "-" "Mozilla/5.0 (Macintosh; Intel Mac OS X 10_15_5) AppleWebKit/605.1.15 (KHTML, like Gecko) Version/13.1.1 Safari/605.1.15 (Applebot/0.1; +http://www.apple.com/go/applebot)" 
54.36.149.58 - - [13/Dec/2020:04:52:09 -0800] "GET /self.logs/error.log.2020-11-24 HTTP/1.1" 200 4504 "-" "Mozilla/5.0 (compatible; AhrefsBot/7.0; +http://ahrefs.com/robot/)" 
54.36.148.14 - - [13/Dec/2020:04:55:20 -0800] "GET /self.logs/error.log.2020-11-25 HTTP/1.1" 200 307 "-" "Mozilla/5.0 (compatible; AhrefsBot/7.0; +http://ahrefs.com/robot/)" 
95.216.96.170 - - [13/Dec/2020:04:56:20 -0800] "GET /Datasets%20Description/HTML_Bro_log_3 HTTP/1.1" 301 582 "http://www.secrepo.com/" "Mozilla/5.0 (compatible; SEOkicks; +https://www.seokicks.de/robot.html)" 
95.216.96.170 - - [13/Dec/2020:04:56:22 -0800] "GET /Datasets%20Description/HTML_Bro_log_3/ HTTP/1.1" 200 786 "http://www.secrepo.com/Datasets%20Description/HTML_Bro_log_3" "Mozilla/5.0 (compatible; SEOkicks; +https://www.seokicks.de/robot.html)" 
95.216.96.170 - - [13/Dec/2020:04:56:24 -0800] "GET /tg/tg_snort_fast.7z HTTP/1.1" 200 78840 "http://www.secrepo.com/" "Mozilla/5.0 (compatible; SEOkicks; +https://www.seokicks.de/robot.html)" 
95.216.96.170 - - [13/Dec/2020:04:56:26 -0800] "GET /tg/tg_snort_full.7z HTTP/1.1" 200 73000 "http://www.secrepo.com/" "Mozilla/5.0 (compatible; SEOkicks; +https://www.seokicks.de/robot.html)" 
95.216.96.170 - - [13/Dec/2020:04:56:27 -0800] "GET /Datasets%20Description/PE_malware/Zeus.html HTTP/1.1" 200 1661 "http://www.secrepo.com/" "Mozilla/5.0 (compatible; SEOkicks; +https://www.seokicks.de/robot.html)" 
95.216.96.170 - - [13/Dec/2020:04:56:29 -0800] "GET /Datasets%20Description/PE_malware/VirusShare.html HTTP/1.1" 200 1614 "http://www.secrepo.com/" "Mozilla/5.0 (compatible; SEOkicks; +https://www.seokicks.de/robot.html)" 
95.216.96.170 - - [13/Dec/2020:04:56:31 -0800] "GET /Datasets%20Description/PE_malware/OPCleaver.html HTTP/1.1" 200 1421 "http://www.secrepo.com/" "Mozilla/5.0 (compatible; SEOkicks; +https://www.seokicks.de/robot.html)" 
95.216.96.170 - - [13/Dec/2020:04:56:33 -0800] "GET /self.logs/ HTTP/1.1" 200 26376 "http://www.secrepo.com/" "Mozilla/5.0 (compatible; SEOkicks; +https://www.seokicks.de/robot.html)" 
95.216.96.170 - - [13/Dec/2020:04:56:35 -0800] "GET /honeypot/BSidesDFW%20-%202014.ipynb HTTP/1.1" 200 78840 "http://www.secrepo.com/" "Mozilla/5.0 (compatible; SEOkicks; +https://www.seokicks.de/robot.html)" 
95.216.96.170 - - [13/Dec/2020:04:56:36 -0800] "GET /Datasets%20Description/Network/N/A HTTP/1.1" 404 291 "http://www.secrepo.com/Datasets%20Description/Network/files.html" "Mozilla/5.0 (compatible; SEOkicks; +https://www.seokicks.de/robot.html)" 
95.216.96.170 - - [13/Dec/2020:04:56:38 -0800] "GET /Datasets%20Description/HTML_Bro_log_1/?C=N;O=D HTTP/1.1" 200 796 "http://www.secrepo.com/Datasets%20Description/HTML_Bro_log_1/" "Mozilla/5.0 (compatible; SEOkicks; +https://www.seokicks.de/robot.html)" 
54.36.148.14 - - [13/Dec/2020:04:58:21 -0800] "GET /self.logs/error.log.2020-11-26.gz HTTP/1.1" 200 738 "-" "Mozilla/5.0 (compatible; AhrefsBot/7.0; +http://ahrefs.com/robot/)" 
173.231.59.212 - - [13/Dec/2020:05:00:36 -0800] "GET / HTTP/1.1" 301 438 "-" "Mozilla/5.0 (compatible; Adsbot/3.1)" 
173.231.59.212 - - [13/Dec/2020:05:00:48 -0800] "GET /data HTTP/1.1" 404 291 "http://www.secrepo.com/" "Mozilla/5.0 (compatible; Adsbot/3.1)" 
173.231.59.212 - - [13/Dec/2020:05:00:54 -0800] "GET /tg/a.zip HTTP/1.1" 200 75920 "http://www.secrepo.com/" "Mozilla/5.0 (compatible; Adsbot/3.1)" 
173.231.59.212 - - [13/Dec/2020:05:01:07 -0800] "GET /tg/b.zip HTTP/1.1" 200 70080 "http://www.secrepo.com/" "Mozilla/5.0 (compatible; Adsbot/3.1)" 
54.36.148.14 - - [13/Dec/2020:05:01:11 -0800] "GET /self.logs/error.log.2020-11-27 HTTP/1.1" 200 4500 "-" "Mozilla/5.0 (compatible; AhrefsBot/7.0; +http://ahrefs.com/robot/)" 
173.231.59.212 - - [13/Dec/2020:05:01:13 -0800] "GET /tg/c.zip HTTP/1.1" 200 70080 "http://www.secrepo.com/" "Mozilla/5.0 (compatible; Adsbot/3.1)" 
49.7.20.102 - - [13/Dec/2020:05:01:15 -0800] "GET / HTTP/1.1" 200 12845 "-" "Sogou web spider/4.0(+http://www.sogou.com/docs/help/webmasters.htm#07)" 
173.231.59.212 - - [13/Dec/2020:05:01:18 -0800] "GET /self.logs/ HTTP/1.1" 200 26400 "http://www.secrepo.com/" "Mozilla/5.0 (compatible; Adsbot/3.1)" 
173.231.59.212 - - [13/Dec/2020:05:01:28 -0800] "GET /pe_static/apt1.zip HTTP/1.1" 200 75920 "http://www.secrepo.com/" "Mozilla/5.0 (compatible; Adsbot/3.1)" 
173.231.59.212 - - [13/Dec/2020:05:01:43 -0800] "GET /pe_static/zeus.zip HTTP/1.1" 200 70080 "http://www.secrepo.com/" "Mozilla/5.0 (compatible; Adsbot/3.1)" 
173.231.59.212 - - [13/Dec/2020:05:01:50 -0800] "GET /squid/access.log.gz HTTP/1.1" 200 73000 "http://www.secrepo.com/" "Mozilla/5.0 (compatible; Adsbot/3.1)" 
173.231.59.212 - - [13/Dec/2020:05:01:56 -0800] "GET /tg/tg_snort_fast.7z HTTP/1.1" 200 73000 "http://www.secrepo.com/" "Mozilla/5.0 (compatible; Adsbot/3.1)" 
173.231.59.212 - - [13/Dec/2020:05:02:03 -0800] "GET /tg/tg_snort_full.7z HTTP/1.1" 200 70080 "http://www.secrepo.com/" "Mozilla/5.0 (compatible; Adsbot/3.1)" 
173.231.59.212 - - [13/Dec/2020:05:02:08 -0800] "GET /auth.log/auth.log.gz HTTP/1.1" 200 73000 "http://www.secrepo.com/" "Mozilla/5.0 (compatible; Adsbot/3.1)" 
173.231.59.212 - - [13/Dec/2020:05:02:14 -0800] "GET /scada/scada_logs.zip HTTP/1.1" 200 73000 "http://www.secrepo.com/" "Mozilla/5.0 (compatible; Adsbot/3.1)" 
173.231.59.212 - - [13/Dec/2020:05:02:21 -0800] "GET /maccdc2012/dns.log.gz HTTP/1.1" 200 70080 "http://www.secrepo.com/" "Mozilla/5.0 (compatible; Adsbot/3.1)" 
173.231.59.212 - - [13/Dec/2020:05:02:30 -0800] "GET /maccdc2012/ftp.log.gz HTTP/1.1" 200 75920 "http://www.secrepo.com/" "Mozilla/5.0 (compatible; Adsbot/3.1)" 
49.7.20.102 - - [13/Dec/2020:05:02:37 -0800] "GET / HTTP/1.1" 200 12845 "-" "Sogou web spider/4.0(+http://www.sogou.com/docs/help/webmasters.htm#07)" 
173.231.59.212 - - [13/Dec/2020:05:02:40 -0800] "GET /maccdc2012/ssh.log.gz HTTP/1.1" 200 75920 "http://www.secrepo.com/" "Mozilla/5.0 (compatible; Adsbot/3.1)" 
173.231.59.212 - - [13/Dec/2020:05:02:47 -0800] "GET /maccdc2012/ssl.log.gz HTTP/1.1" 200 73000 "http://www.secrepo.com/" "Mozilla/5.0 (compatible; Adsbot/3.1)" 
173.231.59.212 - - [13/Dec/2020:05:03:03 -0800] "GET /maccdc2012/conn.log.gz HTTP/1.1" 200 70080 "http://www.secrepo.com/" "Mozilla/5.0 (compatible; Adsbot/3.1)" 
173.231.59.212 - - [13/Dec/2020:05:03:13 -0800] "GET /maccdc2012/dhcp.log.gz HTTP/1.1" 200 44940 "http://www.secrepo.com/" "Mozilla/5.0 (compatible; Adsbot/3.1)" 
173.231.59.212 - - [13/Dec/2020:05:03:19 -0800] "GET /maccdc2012/http.log.gz HTTP/1.1" 200 73000 "http://www.secrepo.com/" "Mozilla/5.0 (compatible; Adsbot/3.1)" 
173.231.59.212 - - [13/Dec/2020:05:03:28 -0800] "GET /maccdc2012/smtp.log.gz HTTP/1.1" 200 6919 "http://www.secrepo.com/" "Mozilla/5.0 (compatible; Adsbot/3.1)" 
173.231.59.212 - - [13/Dec/2020:05:03:33 -0800] "GET /maccdc2012/files.log.gz HTTP/1.1" 200 75920 "http://www.secrepo.com/" "Mozilla/5.0 (compatible; Adsbot/3.1)" 
173.231.59.212 - - [13/Dec/2020:05:03:40 -0800] "GET /maccdc2012/weird.log.gz HTTP/1.1" 200 75920 "http://www.secrepo.com/" "Mozilla/5.0 (compatible; Adsbot/3.1)" 
173.231.59.212 - - [13/Dec/2020:05:03:49 -0800] "GET /maccdc2012/notice.log.gz HTTP/1.1" 200 20760 "http://www.secrepo.com/" "Mozilla/5.0 (compatible; Adsbot/3.1)" 
173.231.59.212 - - [13/Dec/2020:05:03:56 -0800] "GET /maccdc2012/tunnel.log.gz HTTP/1.1" 200 5245 "http://www.secrepo.com/" "Mozilla/5.0 (compatible; Adsbot/3.1)" 
173.231.59.212 - - [13/Dec/2020:05:04:02 -0800] "GET /pe_static/op-cleaver.zip HTTP/1.1" 200 73000 "http://www.secrepo.com/" "Mozilla/5.0 (compatible; Adsbot/3.1)" 
54.36.149.58 - - [13/Dec/2020:05:04:06 -0800] "GET /self.logs/error.log.2020-11-28 HTTP/1.1" 200 307 "-" "Mozilla/5.0 (compatible; AhrefsBot/7.0; +http://ahrefs.com/robot/)" 
173.231.59.212 - - [13/Dec/2020:05:04:18 -0800] "GET /honeypot/honeypot.json.zip HTTP/1.1" 200 73000 "http://www.secrepo.com/" "Mozilla/5.0 (compatible; Adsbot/3.1)" 
173.231.59.212 - - [13/Dec/2020:05:04:32 -0800] "GET /maccdc2012/signatures.log.gz HTTP/1.1" 200 631 "http://www.secrepo.com/" "Mozilla/5.0 (compatible; Adsbot/3.1)" 
173.231.59.212 - - [13/Dec/2020:05:04:42 -0800] "GET /domaindata/domainmovement.zip HTTP/1.1" 200 75920 "http://www.secrepo.com/" "Mozilla/5.0 (compatible; Adsbot/3.1)" 
173.231.59.212 - - [13/Dec/2020:05:04:48 -0800] "GET /misc/zeus_dga_domains.txt.zip HTTP/1.1" 200 75920 "http://www.secrepo.com/" "Mozilla/5.0 (compatible; Adsbot/3.1)" 
173.231.59.212 - - [13/Dec/2020:05:04:58 -0800] "GET /maccdc2012/maccdc2012_fast_alert.7z HTTP/1.1" 200 70080 "http://www.secrepo.com/" "Mozilla/5.0 (compatible; Adsbot/3.1)" 
173.231.59.212 - - [13/Dec/2020:05:05:07 -0800] "GET /maccdc2012/maccdc2012_full_alert.7z HTTP/1.1" 200 70080 "http://www.secrepo.com/" "Mozilla/5.0 (compatible; Adsbot/3.1)" 
173.231.59.212 - - [13/Dec/2020:05:05:17 -0800] "GET /Security-Data-Analysis/Lab_1/conn.log.zip HTTP/1.1" 200 70080 "http://www.secrepo.com/" "Mozilla/5.0 (compatible; Adsbot/3.1)" 
173.231.59.212 - - [13/Dec/2020:05:05:24 -0800] "GET / HTTP/1.1" 200 12845 "-" "Mozilla/5.0 (compatible; Adsbot/3.1)" 
157.55.39.175 - - [13/Dec/2020:05:05:55 -0800] "GET /self.logs/access.log.2017-06-05.gz HTTP/1.1" 304 280 "-" "Mozilla/5.0 (compatible; bingbot/2.0; +http://www.bing.com/bingbot.htm)" 
54.36.148.14 - - [13/Dec/2020:05:06:50 -0800] "GET /self.logs/error.log.2020-11-29 HTTP/1.1" 200 307 "-" "Mozilla/5.0 (compatible; AhrefsBot/7.0; +http://ahrefs.com/robot/)" 
54.36.148.14 - - [13/Dec/2020:05:09:44 -0800] "GET /self.logs/error.log.2020-11-30.gz HTTP/1.1" 200 638 "-" "Mozilla/5.0 (compatible; AhrefsBot/7.0; +http://ahrefs.com/robot/)" 
54.36.148.14 - - [13/Dec/2020:05:12:46 -0800] "GET /self.logs/error.log.2020-12-01 HTTP/1.1" 200 307 "-" "Mozilla/5.0 (compatible; AhrefsBot/7.0; +http://ahrefs.com/robot/)" 
54.36.149.58 - - [13/Dec/2020:05:15:41 -0800] "GET /self.logs/error.log.2020-12-02 HTTP/1.1" 200 307 "-" "Mozilla/5.0 (compatible; AhrefsBot/7.0; +http://ahrefs.com/robot/)" 
54.36.149.58 - - [13/Dec/2020:05:20:58 -0800] "GET /self.logs/2015/access.log.2015-02-07.gz HTTP/1.1" 200 2834 "-" "Mozilla/5.0 (compatible; AhrefsBot/7.0; +http://ahrefs.com/robot/)" 
40.77.167.33 - - [13/Dec/2020:05:21:38 -0800] "GET /self.logs/access.log.2018-09-23.gz HTTP/1.1" 200 28646 "-" "Mozilla/5.0 (compatible; bingbot/2.0; +http://www.bing.com/bingbot.htm)" 
188.166.13.183 - - [13/Dec/2020:05:25:27 -0800] "GET / HTTP/1.1" 200 12882 "-" "Mozilla/5.0 (Macintosh; Intel Mac OS X 10_14_4) AppleWebKit/537.36 (KHTML, like Gecko) Chrome/73.0.3683.103 Safari/537.36" 
188.166.13.183 - - [13/Dec/2020:05:25:28 -0800] "GET /css/style.css HTTP/1.1" 404 305 "http://www.secrepo.com/" "Mozilla/5.0 (Macintosh; Intel Mac OS X 10_14_4) AppleWebKit/537.36 (KHTML, like Gecko) Chrome/73.0.3683.103 Safari/537.36" 
188.166.13.183 - - [13/Dec/2020:05:25:28 -0800] "GET /twitter-icon.png HTTP/1.1" 200 27916 "http://www.secrepo.com/" "Mozilla/5.0 (Macintosh; Intel Mac OS X 10_14_4) AppleWebKit/537.36 (KHTML, like Gecko) Chrome/73.0.3683.103 Safari/537.36" 
188.166.13.183 - - [13/Dec/2020:05:25:28 -0800] "GET /GitHub-Mark.png HTTP/1.1" 200 7533 "http://www.secrepo.com/" "Mozilla/5.0 (Macintosh; Intel Mac OS X 10_14_4) AppleWebKit/537.36 (KHTML, like Gecko) Chrome/73.0.3683.103 Safari/537.36" 
117.10.91.234 - - [13/Dec/2020:05:34:27 -0800] "GET /favicon.ico HTTP/1.1" 200 391 "-" "Mozilla/5.0 (Windows NT 10.0; WOW64) AppleWebKit/537.36 (KHTML, like Gecko) Chrome/72.0.3626.81 Safari/537.36 SE 2.X MetaSr 1.0" 
157.55.39.218 - - [13/Dec/2020:05:37:38 -0800] "GET /self.logs/access.log.2020-02-06.gz HTTP/1.1" 304 280 "-" "Mozilla/5.0 (compatible; bingbot/2.0; +http://www.bing.com/bingbot.htm)" 
112.32.116.149 - - [13/Dec/2020:05:39:03 -0800] "GET /favicon.ico HTTP/1.1" 200 391 "-" "Mozilla/5.0 (Windows NT 10.0; WOW64) AppleWebKit/537.36 (KHTML, like Gecko) Chrome/63.0.3239.132 Safari/537.36" 
95.163.255.52 - - [13/Dec/2020:05:41:12 -0800] "GET /robots.txt HTTP/1.0" 200 340 "-" "Mozilla/5.0 (compatible; Linux x86_64; Mail.RU_Bot/2.0; +http://go.mail.ru/help/robots)" 
95.163.255.54 - - [13/Dec/2020:05:41:18 -0800] "GET /Datasets%20Description/HTML_Bro_log_3/ HTTP/1.1" 200 786 "-" "Mozilla/5.0 (compatible; Linux x86_64; Mail.RU_Bot/2.0; +http://go.mail.ru/help/robots)" 
95.163.255.56 - - [13/Dec/2020:05:41:24 -0800] "GET /Datasets%20Description/PE_malware/OPCleaver.html HTTP/1.1" 200 1421 "-" "Mozilla/5.0 (compatible; Linux x86_64; Mail.RU_Bot/2.0; +http://go.mail.ru/help/robots)" 
61.151.178.197 - - [13/Dec/2020:05:43:58 -0800] "GET / HTTP/1.1" 200 48064 "-" "Mozilla/5.0 (Windows NT 6.1; WOW64) AppleWebKit/537.36 (KHTML, like Gecko) Chrome/56.0.2924.87 Safari/537.36" 
183.63.73.32 - - [13/Dec/2020:05:44:36 -0800] "GET / HTTP/1.1" 200 12882 "-" "Mozilla/5.0 (Windows NT 10.0; Win64; x64) AppleWebKit/537.36 (KHTML, like Gecko) Chrome/86.0.4240.111 Safari/537.36" 
