36.154.8.54 - - [06/Dec/2022:06:04:51 -0800] "GET /maccdc2012/ssl.log.gz HTTP/1.1" 200 1311486 "http://www.secrepo.com/" "Mozilla/5.0 (Windows NT 10.0; Win64; x64) AppleWebKit/537.36 (KHTML, like Gecko) Chrome/107.0.0.0 Safari/537.36 Edg/107.0.1418.62" 
123.183.224.102 - - [06/Dec/2022:06:07:23 -0800] "GET / HTTP/1.1" 200 13148 "-" "Sogou web spider/4.0(+http://www.sogou.com/docs/help/webmasters.htm#07)" 
52.7.141.1 - - [06/Dec/2022:06:18:40 -0800] "GET / HTTP/1.1" 200 13185 "-" "Mozilla/5.0 (Windows NT 10.0; Win64; x64) AppleWebKit/537.36 (KHTML, like Gecko) Chrome/94.0.4606.81 Safari/537.36" 
157.55.39.209 - - [06/Dec/2022:06:19:10 -0800] "GET /self.logs/ HTTP/1.1" 200 40044 "-" "Mozilla/5.0 AppleWebKit/537.36 (KHTML, like Gecko; compatible; bingbot/2.0; +http://www.bing.com/bingbot.htm) Chrome/103.0.5060.134 Safari/537.36" 
40.77.167.74 - - [06/Dec/2022:06:20:11 -0800] "GET /self.logs/error.log.2020-12-30 HTTP/1.1" 200 351 "-" "Mozilla/5.0 AppleWebKit/537.36 (KHTML, like Gecko; compatible; bingbot/2.0; +http://www.bing.com/bingbot.htm) Chrome/103.0.5060.134 Safari/537.36" 
121.46.142.244 - - [06/Dec/2022:06:20:26 -0800] "GET /pe_static/apt1.zip HTTP/1.1" 200 1983439 "-" "Mozilla/5.0 (X11; Linux x86_64) AppleWebKit/537.36 (KHTML, like Gecko) Ubuntu Chromium/68.0.3440.106 Chrome/68.0.3440.106 Safari/537.36" 
40.77.167.74 - - [06/Dec/2022:06:21:21 -0800] "GET /self.logs/error.log.2021-01-08.gz HTTP/1.1" 200 976 "-" "Mozilla/5.0 AppleWebKit/537.36 (KHTML, like Gecko; compatible; bingbot/2.0; +http://www.bing.com/bingbot.htm) Chrome/103.0.5060.134 Safari/537.36" 
114.119.145.115 - - [06/Dec/2022:06:27:31 -0800] "GET /self.logs/error.log.2018-12-22.gz HTTP/1.1" 200 3383 "-" "Mozilla/5.0 (compatible;PetalBot;+https://webmaster.petalsearch.com/site/petalbot)" 
170.106.203.220 - - [06/Dec/2022:06:28:51 -0800] "GET /wp-content/plugins/seoplugins/mar.php HTTP/1.1" 301 549 "www.google.com" "Mozlila/5.0 (Linux; Android 7.0; SM-G892A Bulid/NRD90M; wv) AppleWebKit/537.36 (KHTML, like Gecko) Version/4.0 Chrome/60.0.3112.107 Moblie Safari/537.36" 
170.106.203.220 - - [06/Dec/2022:06:28:52 -0800] "GET /wp-content/plugins/seoplugins/mar.php HTTP/1.1" 404 328 "www.google.com" "Mozlila/5.0 (Linux; Android 7.0; SM-G892A Bulid/NRD90M; wv) AppleWebKit/537.36 (KHTML, like Gecko) Version/4.0 Chrome/60.0.3112.107 Moblie Safari/537.36" 
170.106.203.220 - - [06/Dec/2022:06:28:54 -0800] "GET /wp-content/themes/seotheme/mar.php HTTP/1.1" 301 543 "www.google.com" "Mozlila/5.0 (Linux; Android 7.0; SM-G892A Bulid/NRD90M; wv) AppleWebKit/537.36 (KHTML, like Gecko) Version/4.0 Chrome/60.0.3112.107 Moblie Safari/537.36" 
170.106.203.220 - - [06/Dec/2022:06:28:55 -0800] "GET /wp-content/themes/seotheme/mar.php HTTP/1.1" 404 328 "www.google.com" "Mozlila/5.0 (Linux; Android 7.0; SM-G892A Bulid/NRD90M; wv) AppleWebKit/537.36 (KHTML, like Gecko) Version/4.0 Chrome/60.0.3112.107 Moblie Safari/537.36" 
40.77.167.73 - - [06/Dec/2022:06:30:30 -0800] "GET /self.logs/access.log.2021-12-14.gz HTTP/1.1" 200 17385 "-" "Mozilla/5.0 (compatible; bingbot/2.0; +http://www.bing.com/bingbot.htm)" 
114.119.151.50 - - [06/Dec/2022:06:30:57 -0800] "GET /self.logs/2015/error.log.2015-09-01.gz HTTP/1.1" 200 781 "-" "Mozilla/5.0 (compatible;PetalBot;+https://webmaster.petalsearch.com/site/petalbot)" 
121.46.142.244 - - [06/Dec/2022:06:31:03 -0800] "GET /tg/tg_snort_fast.7z HTTP/1.1" 200 4274204 "-" "Mozilla/5.0 (X11; Linux x86_64) AppleWebKit/537.36 (KHTML, like Gecko) Ubuntu Chromium/68.0.3440.106 Chrome/68.0.3440.106 Safari/537.36" 
40.77.167.6 - - [06/Dec/2022:06:41:01 -0800] "GET /self.logs/access.log.2019-05-17.gz HTTP/1.1" 200 33923 "-" "Mozilla/5.0 AppleWebKit/537.36 (KHTML, like Gecko; compatible; bingbot/2.0; +http://www.bing.com/bingbot.htm) Chrome/103.0.5060.134 Safari/537.36" 
123.183.224.102 - - [06/Dec/2022:06:48:23 -0800] "GET / HTTP/1.1" 200 13149 "-" "Sogou web spider/4.0(+http://www.sogou.com/docs/help/webmasters.htm#07)" 
40.77.167.6 - - [06/Dec/2022:06:50:32 -0800] "GET /self.logs/error.log.2018-06-15.gz HTTP/1.1" 200 9969 "-" "Mozilla/5.0 AppleWebKit/537.36 (KHTML, like Gecko; compatible; bingbot/2.0; +http://www.bing.com/bingbot.htm) Chrome/103.0.5060.134 Safari/537.36" 
114.119.159.234 - - [06/Dec/2022:06:52:51 -0800] "GET /self.logs/error.log.2018-09-02.gz HTTP/1.1" 200 5402 "-" "Mozilla/5.0 (compatible;PetalBot;+https://webmaster.petalsearch.com/site/petalbot)" 
95.163.255.56 - - [06/Dec/2022:06:53:12 -0800] "GET /robots.txt HTTP/1.0" 200 340 "-" "Mozilla/5.0 (compatible; Linux x86_64; Mail.RU_Bot/2.0; +https://help.mail.ru/webmaster/indexing/robots)" 
95.163.255.53 - - [06/Dec/2022:06:53:16 -0800] "GET /maccdc2012/?C=M;O=A HTTP/1.1" 200 824 "-" "Mozilla/5.0 (compatible; Linux x86_64; Mail.RU_Bot/2.0; +https://help.mail.ru/webmaster/indexing/robots)" 
157.55.39.49 - - [06/Dec/2022:06:53:19 -0800] "GET /self.logs/error.log.2020-12-18 HTTP/1.1" 200 351 "-" "Mozilla/5.0 (compatible; bingbot/2.0; +http://www.bing.com/bingbot.htm)" 
12.26.0.34 - - [06/Dec/2022:06:59:03 -0800] "GET /robots.txt HTTP/1.1" 200 377 "-" "Mozilla/5.0 (compatible; Googlebot/2.1; +http://www.google.com/bot.html)" 
12.26.0.34 - - [06/Dec/2022:06:59:03 -0800] "GET / HTTP/1.1" 200 13186 "-" "Mozilla/5.0 (compatible; Googlebot/2.1; +http://www.google.com/bot.html)" 
40.77.167.6 - - [06/Dec/2022:07:00:13 -0800] "GET /self.logs/access.log.2021-08-29.gz HTTP/1.1" 200 24886 "-" "Mozilla/5.0 AppleWebKit/537.36 (KHTML, like Gecko; compatible; bingbot/2.0; +http://www.bing.com/bingbot.htm) Chrome/103.0.5060.134 Safari/537.36" 
157.55.39.209 - - [06/Dec/2022:07:05:34 -0800] "GET /self.logs/2016/access.log.2016-01-15.gz HTTP/1.1" 200 7575 "-" "Mozilla/5.0 AppleWebKit/537.36 (KHTML, like Gecko; compatible; bingbot/2.0; +http://www.bing.com/bingbot.htm) Chrome/103.0.5060.134 Safari/537.36" 
40.77.167.74 - - [06/Dec/2022:07:07:05 -0800] "GET /self.logs/2016/access.log.2016-08-19.gz HTTP/1.1" 200 11653 "-" "Mozilla/5.0 (compatible; bingbot/2.0; +http://www.bing.com/bingbot.htm)" 
40.77.167.73 - - [06/Dec/2022:07:10:34 -0800] "GET /self.logs/error.log.2021-01-23.gz HTTP/1.1" 200 1167 "-" "Mozilla/5.0 AppleWebKit/537.36 (KHTML, like Gecko; compatible; bingbot/2.0; +http://www.bing.com/bingbot.htm) Chrome/103.0.5060.134 Safari/537.36" 
35.87.76.224 - - [06/Dec/2022:07:18:27 -0800] "GET / HTTP/1.1" 301 419 "-" "Mozilla/5.0 (X11; Linux x86_64) AppleWebKit/537.36 (KHTML, like Gecko) Chrome/83.0.4103.97 Safari/537.36" 
35.87.76.224 - - [06/Dec/2022:07:18:29 -0800] "GET / HTTP/1.1" 200 13141 "-" "Mozilla/5.0 (X11; Linux x86_64) AppleWebKit/537.36 (KHTML, like Gecko) Chrome/83.0.4103.97 Safari/537.36" 
35.166.89.222 - - [06/Dec/2022:07:24:14 -0800] "GET /favicon.ico HTTP/1.1" 301 441 "-" "Mozilla/5.0 (X11; Linux x86_64) AppleWebKit/537.36 (KHTML, like Gecko) Chrome/83.0.4103.97 Safari/537.36" 
35.166.89.222 - - [06/Dec/2022:07:24:15 -0800] "GET /favicon.ico HTTP/1.1" 429 422 "http://secrepo.com/favicon.ico" "Mozilla/5.0 (X11; Linux x86_64) AppleWebKit/537.36 (KHTML, like Gecko) Chrome/83.0.4103.97 Safari/537.36" 
35.166.89.222 - - [06/Dec/2022:07:24:18 -0800] "GET / HTTP/1.1" 301 419 "-" "Mozilla/5.0 (X11; Linux x86_64) AppleWebKit/537.36 (KHTML, like Gecko) Chrome/83.0.4103.97 Safari/537.36" 
40.77.167.73 - - [06/Dec/2022:07:26:55 -0800] "GET /self.logs/error.log.2020-07-12 HTTP/1.1" 200 351 "-" "Mozilla/5.0 (compatible; bingbot/2.0; +http://www.bing.com/bingbot.htm)" 
123.183.224.102 - - [06/Dec/2022:07:28:25 -0800] "GET / HTTP/1.1" 200 13148 "-" "Sogou web spider/4.0(+http://www.sogou.com/docs/help/webmasters.htm#07)" 
40.77.167.6 - - [06/Dec/2022:07:34:36 -0800] "GET /self.logs/error.log.2020-06-26.gz HTTP/1.1" 200 871 "-" "Mozilla/5.0 (compatible; bingbot/2.0; +http://www.bing.com/bingbot.htm)" 
40.77.167.73 - - [06/Dec/2022:07:37:26 -0800] "GET /self.logs/access.log.2021-03-27.gz HTTP/1.1" 200 29412 "-" "Mozilla/5.0 (compatible; bingbot/2.0; +http://www.bing.com/bingbot.htm)" 
40.77.167.6 - - [06/Dec/2022:07:41:17 -0800] "GET / HTTP/1.1" 301 475 "-" "Mozilla/5.0 (compatible; bingbot/2.0; +http://www.bing.com/bingbot.htm)" 
40.77.167.73 - - [06/Dec/2022:07:42:36 -0800] "GET /self.logs/2016/access.log.2016-10-03.gz HTTP/1.1" 200 9570 "-" "Mozilla/5.0 AppleWebKit/537.36 (KHTML, like Gecko; compatible; bingbot/2.0; +http://www.bing.com/bingbot.htm) Chrome/103.0.5060.134 Safari/537.36" 
40.77.167.6 - - [06/Dec/2022:07:43:46 -0800] "GET / HTTP/1.1" 200 13185 "-" "Mozilla/5.0 (compatible; bingbot/2.0; +http://www.bing.com/bingbot.htm)" 
157.55.39.209 - - [06/Dec/2022:07:45:04 -0800] "GET /self.logs/2016/error.log.2016-01-05.gz HTTP/1.1" 200 661 "-" "Mozilla/5.0 (compatible; bingbot/2.0; +http://www.bing.com/bingbot.htm)" 
157.55.39.209 - - [06/Dec/2022:07:45:04 -0800] "GET /self.logs/access.log.2021-06-03.gz HTTP/1.1" 200 19790 "-" "Mozilla/5.0 AppleWebKit/537.36 (KHTML, like Gecko; compatible; bingbot/2.0; +http://www.bing.com/bingbot.htm) Chrome/103.0.5060.134 Safari/537.36" 
157.55.39.209 - - [06/Dec/2022:07:44:59 -0800] "GET /self.logs/ HTTP/1.1" 200 40044 "-" "Mozilla/5.0 AppleWebKit/537.36 (KHTML, like Gecko; compatible; bingbot/2.0; +http://www.bing.com/bingbot.htm) Chrome/103.0.5060.134 Safari/537.36" 
40.77.167.6 - - [06/Dec/2022:07:47:47 -0800] "GET /self.logs/2016/error.log.2016-02-10.gz HTTP/1.1" 200 802 "-" "Mozilla/5.0 AppleWebKit/537.36 (KHTML, like Gecko; compatible; bingbot/2.0; +http://www.bing.com/bingbot.htm) Chrome/103.0.5060.134 Safari/537.36" 
40.77.167.6 - - [06/Dec/2022:07:47:57 -0800] "GET /self.logs/2016/error.log.2016-11-26.gz HTTP/1.1" 200 769 "-" "Mozilla/5.0 (compatible; bingbot/2.0; +http://www.bing.com/bingbot.htm)" 
164.15.78.67 - - [06/Dec/2022:07:50:54 -0800] "GET / HTTP/1.1" 200 13186 "-" "Mozilla/5.0 (Macintosh; Intel Mac OS X 10_15_7) AppleWebKit/605.1.15 (KHTML, like Gecko) Version/16.1 Safari/605.1.15" 
164.15.78.67 - - [06/Dec/2022:07:50:55 -0800] "GET /css/style.css HTTP/1.1" 404 328 "http://www.secrepo.com/" "Mozilla/5.0 (Macintosh; Intel Mac OS X 10_15_7) AppleWebKit/605.1.15 (KHTML, like Gecko) Version/16.1 Safari/605.1.15" 
206.47.249.246 - - [06/Dec/2022:07:52:14 -0800] "GET /self.logs/error.log.2019-04-23.gz HTTP/1.1" 304 280 "-" "Mozilla/4.0 (compatible;)" 
123.183.224.102 - - [06/Dec/2022:08:06:13 -0800] "GET / HTTP/1.1" 200 13148 "-" "Sogou web spider/4.0(+http://www.sogou.com/docs/help/webmasters.htm#07)" 
40.77.167.74 - - [06/Dec/2022:08:13:01 -0800] "GET /self.logs/?C=N;O=D HTTP/1.1" 200 41163 "-" "Mozilla/5.0 (compatible; bingbot/2.0; +http://www.bing.com/bingbot.htm)" 
134.153.12.79 - - [06/Dec/2022:08:14:35 -0800] "GET / HTTP/1.1" 200 13185 "-" "Mozilla/5.0 (Macintosh; Intel Mac OS X 10_15_7) AppleWebKit/537.36 (KHTML, like Gecko) Chrome/108.0.0.0 Safari/537.36" 
134.153.12.79 - - [06/Dec/2022:08:14:35 -0800] "GET /css/style.css HTTP/1.1" 404 305 "http://www.secrepo.com/" "Mozilla/5.0 (Macintosh; Intel Mac OS X 10_15_7) AppleWebKit/537.36 (KHTML, like Gecko) Chrome/108.0.0.0 Safari/537.36" 
134.153.12.79 - - [06/Dec/2022:08:14:35 -0800] "GET /twitter-icon.png HTTP/1.1" 200 27893 "http://www.secrepo.com/" "Mozilla/5.0 (Macintosh; Intel Mac OS X 10_15_7) AppleWebKit/537.36 (KHTML, like Gecko) Chrome/108.0.0.0 Safari/537.36" 
134.153.12.79 - - [06/Dec/2022:08:14:35 -0800] "GET /GitHub-Mark.png HTTP/1.1" 200 7556 "http://www.secrepo.com/" "Mozilla/5.0 (Macintosh; Intel Mac OS X 10_15_7) AppleWebKit/537.36 (KHTML, like Gecko) Chrome/108.0.0.0 Safari/537.36" 
134.153.12.79 - - [06/Dec/2022:08:14:35 -0800] "GET /bootstrap/img/favicon.ico HTTP/1.1" 200 690 "http://www.secrepo.com/" "Mozilla/5.0 (Macintosh; Intel Mac OS X 10_15_7) AppleWebKit/537.36 (KHTML, like Gecko) Chrome/108.0.0.0 Safari/537.36" 
35.235.110.124 - - [06/Dec/2022:08:14:42 -0800] "GET /robots.txt HTTP/1.1" 200 377 "-" "Mozilla/5.0 (compatible; Lucidworks-SPLKExt/0.10; +; )" 
134.153.12.79 - - [06/Dec/2022:08:16:25 -0800] "GET /tg/tg_snort_fast.7z HTTP/1.1" 200 4274204 "http://www.secrepo.com/" "Mozilla/5.0 (Macintosh; Intel Mac OS X 10_15_7) AppleWebKit/537.36 (KHTML, like Gecko) Chrome/108.0.0.0 Safari/537.36" 
134.153.12.79 - - [06/Dec/2022:08:17:31 -0800] "GET /self.logs/ HTTP/1.1" 200 40044 "http://www.secrepo.com/" "Mozilla/5.0 (Macintosh; Intel Mac OS X 10_15_7) AppleWebKit/537.36 (KHTML, like Gecko) Chrome/108.0.0.0 Safari/537.36" 
134.153.12.79 - - [06/Dec/2022:08:17:37 -0800] "GET /favicon.ico HTTP/1.1" 200 368 "http://www.secrepo.com/self.logs/" "Mozilla/5.0 (Macintosh; Intel Mac OS X 10_15_7) AppleWebKit/537.36 (KHTML, like Gecko) Chrome/108.0.0.0 Safari/537.36" 
40.77.167.73 - - [06/Dec/2022:08:17:40 -0800] "GET /self.logs/2016/access.log.2016-01-02.gz HTTP/1.1" 200 5998 "-" "Mozilla/5.0 (compatible; bingbot/2.0; +http://www.bing.com/bingbot.htm)" 
134.153.12.79 - - [06/Dec/2022:08:17:42 -0800] "GET /self.logs/access.log.2017-01-01.gz HTTP/1.1" 200 17655 "http://www.secrepo.com/self.logs/" "Mozilla/5.0 (Macintosh; Intel Mac OS X 10_15_7) AppleWebKit/537.36 (KHTML, like Gecko) Chrome/108.0.0.0 Safari/537.36" 
134.153.12.79 - - [06/Dec/2022:08:18:39 -0800] "GET /honeypot/honeypot.json.zip HTTP/1.1" 200 23086087 "http://www.secrepo.com/" "Mozilla/5.0 (Macintosh; Intel Mac OS X 10_15_7) AppleWebKit/537.36 (KHTML, like Gecko) Chrome/108.0.0.0 Safari/537.36" 
134.153.12.79 - - [06/Dec/2022:08:20:26 -0800] "GET /Security-Data-Analysis/Lab_1/conn.log.zip HTTP/1.1" 200 77500 "-" "Mozilla/5.0 (Macintosh; Intel Mac OS X 10_15_7) AppleWebKit/537.36 (KHTML, like Gecko) Chrome/108.0.0.0 Safari/537.36" 
134.153.12.79 - - [06/Dec/2022:08:20:43 -0800] "GET /Security-Data-Analysis/Lab_1/conn.log.zip HTTP/1.1" 200 547221542 "http://www.secrepo.com/" "Mozilla/5.0 (Macintosh; Intel Mac OS X 10_15_7) AppleWebKit/537.36 (KHTML, like Gecko) Chrome/108.0.0.0 Safari/537.36" 
112.80.136.129 - - [06/Dec/2022:08:21:23 -0800] "GET /favicon.ico HTTP/1.1" 200 391 "-" "Mozilla/5.0 (Windows NT 10.0; WOW64) AppleWebKit/537.36 (KHTML, like Gecko) Chrome/86.0.4240.198 Safari/537.36" 
35.235.110.124 - - [06/Dec/2022:08:22:26 -0800] "GET /robots.txt HTTP/1.1" 200 377 "-" "Mozilla/5.0 (compatible; Lucidworks-SPLKExt/0.10; +; )" 
134.153.12.79 - - [06/Dec/2022:08:24:43 -0800] "GET / HTTP/1.1" 200 13186 "-" "Mozilla/5.0 (Macintosh; Intel Mac OS X 10_15_7) AppleWebKit/537.36 (KHTML, like Gecko) Chrome/108.0.0.0 Safari/537.36" 
134.153.12.79 - - [06/Dec/2022:08:24:43 -0800] "GET /css/style.css HTTP/1.1" 404 305 "http://www.secrepo.com/" "Mozilla/5.0 (Macintosh; Intel Mac OS X 10_15_7) AppleWebKit/537.36 (KHTML, like Gecko) Chrome/108.0.0.0 Safari/537.36" 
157.55.39.209 - - [06/Dec/2022:08:25:32 -0800] "GET /self.logs/ HTTP/1.1" 200 40044 "-" "Mozilla/5.0 (compatible; bingbot/2.0; +http://www.bing.com/bingbot.htm)" 
205.185.116.25 - - [06/Dec/2022:08:27:07 -0800] "GET / HTTP/1.1" 200 13186 "-" "Mozilla/5.0 (Macintosh; Intel Mac OS X 10_15_7) AppleWebKit/537.36 (KHTML, like Gecko) Chrome/96.0.4664.110 Safari/537.36" 
205.185.116.25 - - [06/Dec/2022:08:27:08 -0800] "GET /favicon.ico HTTP/1.1" 200 368 "-" "Mozilla/5.0 (Macintosh; Intel Mac OS X 10_15_7) AppleWebKit/537.36 (KHTML, like Gecko) Chrome/96.0.4664.110 Safari/537.36" 
40.77.167.6 - - [06/Dec/2022:08:27:20 -0800] "GET /self.logs/access.log.2022-01-14.gz HTTP/1.1" 200 12812 "-" "Mozilla/5.0 AppleWebKit/537.36 (KHTML, like Gecko; compatible; bingbot/2.0; +http://www.bing.com/bingbot.htm) Chrome/103.0.5060.134 Safari/537.36" 
40.77.167.6 - - [06/Dec/2022:08:27:20 -0800] "GET /self.logs/2016/access.log.2016-12-17.gz HTTP/1.1" 200 9956 "-" "Mozilla/5.0 (compatible; bingbot/2.0; +http://www.bing.com/bingbot.htm)" 
40.77.167.61 - - [06/Dec/2022:08:28:51 -0800] "GET /self.logs/error.log.2018-07-29.gz HTTP/1.1" 200 6194 "-" "Mozilla/5.0 (compatible; bingbot/2.0; +http://www.bing.com/bingbot.htm)" 
51.222.253.7 - - [06/Dec/2022:08:29:39 -0800] "GET / HTTP/1.1" 200 13142 "-" "Mozilla/5.0 (compatible; AhrefsBot/7.0; +http://ahrefs.com/robot/)" 
157.55.39.209 - - [06/Dec/2022:08:29:33 -0800] "GET /self.logs/ HTTP/1.1" 200 40044 "-" "Mozilla/5.0 (compatible; bingbot/2.0; +http://www.bing.com/bingbot.htm)" 
157.55.39.209 - - [06/Dec/2022:08:29:39 -0800] "GET /self.logs/error.log.2020-08-21 HTTP/1.1" 200 328 "-" "Mozilla/5.0 (compatible; bingbot/2.0; +http://www.bing.com/bingbot.htm)" 
157.55.39.209 - - [06/Dec/2022:08:29:43 -0800] "GET /self.logs/2016/access.log.2016-08-06.gz HTTP/1.1" 200 18920 "-" "Mozilla/5.0 (compatible; bingbot/2.0; +http://www.bing.com/bingbot.htm)" 
51.222.253.19 - - [06/Dec/2022:08:29:46 -0800] "GET /css/style.css HTTP/1.1" 404 284 "-" "Mozilla/5.0 (compatible; AhrefsBot/7.0; +http://ahrefs.com/robot/)" 
51.222.253.3 - - [06/Dec/2022:08:29:46 -0800] "GET /GitHub-Mark.png HTTP/1.1" 200 7512 "-" "Mozilla/5.0 (compatible; AhrefsBot/7.0; +http://ahrefs.com/robot/)" 
165.225.243.14 - - [06/Dec/2022:08:30:43 -0800] "GET /robots.txt HTTP/1.1" 200 377 "-" "Screaming Frog SEO Spider/17.2" 
165.225.243.14 - - [06/Dec/2022:08:30:43 -0800] "GET / HTTP/1.1" 200 13162 "-" "Screaming Frog SEO Spider/17.2" 
157.55.39.49 - - [06/Dec/2022:08:32:43 -0800] "GET /self.logs/?C=S;O=A HTTP/1.1" 200 47911 "-" "Mozilla/5.0 AppleWebKit/537.36 (KHTML, like Gecko; compatible; bingbot/2.0; +http://www.bing.com/bingbot.htm) Chrome/103.0.5060.134 Safari/537.36" 
40.77.167.6 - - [06/Dec/2022:08:32:56 -0800] "GET /self.logs/error.log.2018-01-02.gz HTTP/1.1" 200 3143 "-" "Mozilla/5.0 AppleWebKit/537.36 (KHTML, like Gecko; compatible; bingbot/2.0; +http://www.bing.com/bingbot.htm) Chrome/103.0.5060.134 Safari/537.36" 
40.77.167.74 - - [06/Dec/2022:08:36:14 -0800] "GET /self.logs/2016/error.log.2016-06-27.gz HTTP/1.1" 200 1158 "-" "Mozilla/5.0 (compatible; bingbot/2.0; +http://www.bing.com/bingbot.htm)" 
193.42.111.140 - - [06/Dec/2022:08:40:28 -0800] "GET /wp-login.php HTTP/1.1" 301 462 "-" "Mozilla/5.0 (Windows NT 10.0; Win64; x64; rv:96.0) Gecko/20100101 Firefox/96" 
193.42.111.140 - - [06/Dec/2022:08:40:29 -0800] "GET /wp-login.php HTTP/1.1" 404 291 "http://secrepo.com/wp-login.php" "Mozilla/5.0 (Windows NT 10.0; Win64; x64; rv:96.0) Gecko/20100101 Firefox/96" 
123.183.224.102 - - [06/Dec/2022:08:41:33 -0800] "GET / HTTP/1.1" 200 13148 "-" "Sogou web spider/4.0(+http://www.sogou.com/docs/help/webmasters.htm#07)" 
17.121.112.235 - - [06/Dec/2022:08:41:45 -0800] "GET /data HTTP/1.1" 404 284 "-" "Mozilla/5.0 (Macintosh; Intel Mac OS X 10_15_5) AppleWebKit/605.1.15 (KHTML, like Gecko) Version/13.1.1 Safari/605.1.15 (Applebot/0.1; +http://www.apple.com/go/applebot)" 
40.77.167.6 - - [06/Dec/2022:08:44:17 -0800] "GET /self.logs/access.log.2019-11-03.gz HTTP/1.1" 200 19046 "-" "Mozilla/5.0 AppleWebKit/537.36 (KHTML, like Gecko; compatible; bingbot/2.0; +http://www.bing.com/bingbot.htm) Chrome/103.0.5060.134 Safari/537.36" 
157.55.39.49 - - [06/Dec/2022:08:48:54 -0800] "GET /self.logs/access.log.2019-08-17.gz HTTP/1.1" 200 19286 "-" "Mozilla/5.0 (compatible; bingbot/2.0; +http://www.bing.com/bingbot.htm)" 
157.55.39.209 - - [06/Dec/2022:08:54:06 -0800] "GET /self.logs/access.log.2021-07-29.gz HTTP/1.1" 200 40148 "-" "Mozilla/5.0 (compatible; bingbot/2.0; +http://www.bing.com/bingbot.htm)" 
103.131.71.205 - - [06/Dec/2022:08:55:11 -0800] "GET /robots.txt HTTP/1.1" 301 458 "-" "Mozilla/5.0 (compatible; coccocbot-image/1.0; +http://help.coccoc.com/searchengine)" 
40.77.167.74 - - [06/Dec/2022:08:55:15 -0800] "GET /self.logs/access.log.2022-03-06.gz HTTP/1.1" 200 13851 "-" "Mozilla/5.0 (compatible; bingbot/2.0; +http://www.bing.com/bingbot.htm)" 
103.131.71.205 - - [06/Dec/2022:08:55:23 -0800] "GET /robots.txt HTTP/1.1" 200 340 "-" "Mozilla/5.0 (compatible; coccocbot-image/1.0; +http://help.coccoc.com/searchengine)" 
40.77.167.6 - - [06/Dec/2022:08:56:48 -0800] "GET /self.logs/2016/access.log.2016-11-17.gz HTTP/1.1" 200 15192 "-" "Mozilla/5.0 AppleWebKit/537.36 (KHTML, like Gecko; compatible; bingbot/2.0; +http://www.bing.com/bingbot.htm) Chrome/103.0.5060.134 Safari/537.36" 
209.141.49.169 - - [06/Dec/2022:08:59:30 -0800] "GET / HTTP/1.1" 301 475 "-" "Mozilla/5.0 (Macintosh; Intel Mac OS X 10_15_7) AppleWebKit/537.36 (KHTML, like Gecko) Chrome/96.0.4664.110 Safari/537.36" 
40.77.167.74 - - [06/Dec/2022:09:02:17 -0800] "GET /self.logs/access.log.2019-05-07.gz HTTP/1.1" 200 32054 "-" "Mozilla/5.0 AppleWebKit/537.36 (KHTML, like Gecko; compatible; bingbot/2.0; +http://www.bing.com/bingbot.htm) Chrome/103.0.5060.134 Safari/537.36" 
157.55.39.49 - - [06/Dec/2022:09:03:26 -0800] "GET /self.logs/?C=S;O=A HTTP/1.1" 200 47911 "-" "Mozilla/5.0 AppleWebKit/537.36 (KHTML, like Gecko; compatible; bingbot/2.0; +http://www.bing.com/bingbot.htm) Chrome/103.0.5060.134 Safari/537.36" 
157.55.39.209 - - [06/Dec/2022:09:06:57 -0800] "GET /self.logs/access.log.2020-12-21.gz HTTP/1.1" 200 26058 "-" "Mozilla/5.0 (compatible; bingbot/2.0; +http://www.bing.com/bingbot.htm)" 
157.55.39.209 - - [06/Dec/2022:09:10:07 -0800] "GET /self.logs/ HTTP/1.1" 200 40044 "-" "Mozilla/5.0 AppleWebKit/537.36 (KHTML, like Gecko; compatible; bingbot/2.0; +http://www.bing.com/bingbot.htm) Chrome/103.0.5060.134 Safari/537.36" 
40.77.167.61 - - [06/Dec/2022:09:12:15 -0800] "GET /self.logs/error.log.2020-07-23.gz HTTP/1.1" 200 1191 "-" "Mozilla/5.0 (compatible; bingbot/2.0; +http://www.bing.com/bingbot.htm)" 
157.55.39.209 - - [06/Dec/2022:09:12:57 -0800] "GET /self.logs/error.log.2021-09-20.gz HTTP/1.1" 200 5352 "-" "Mozilla/5.0 (compatible; bingbot/2.0; +http://www.bing.com/bingbot.htm)" 
123.183.224.102 - - [06/Dec/2022:09:14:47 -0800] "GET / HTTP/1.1" 200 13148 "-" "Sogou web spider/4.0(+http://www.sogou.com/docs/help/webmasters.htm#07)" 
157.55.39.49 - - [06/Dec/2022:09:18:38 -0800] "GET /self.logs/2016/error.log.2016-04-08.gz HTTP/1.1" 200 792 "-" "Mozilla/5.0 (compatible; bingbot/2.0; +http://www.bing.com/bingbot.htm)" 
157.55.39.49 - - [06/Dec/2022:09:18:38 -0800] "GET /self.logs/2016/access.log.2016-03-17.gz HTTP/1.1" 200 16543 "-" "Mozilla/5.0 (compatible; bingbot/2.0; +http://www.bing.com/bingbot.htm)" 
157.55.39.209 - - [06/Dec/2022:09:26:19 -0800] "GET /self.logs/access.log.2017-07-05.gz HTTP/1.1" 200 22850 "-" "Mozilla/5.0 AppleWebKit/537.36 (KHTML, like Gecko; compatible; bingbot/2.0; +http://www.bing.com/bingbot.htm) Chrome/103.0.5060.134 Safari/537.36" 
157.55.39.209 - - [06/Dec/2022:09:27:08 -0800] "GET /self.logs/2016/error.log.2016-11-25.gz HTTP/1.1" 200 1247 "-" "Mozilla/5.0 (compatible; bingbot/2.0; +http://www.bing.com/bingbot.htm)" 
40.77.167.6 - - [06/Dec/2022:09:28:31 -0800] "GET /self.logs/access.log.2019-10-03.gz HTTP/1.1" 200 25459 "-" "Mozilla/5.0 (compatible; bingbot/2.0; +http://www.bing.com/bingbot.htm)" 
27.150.191.126 - - [06/Dec/2022:09:31:00 -0800] "GET / HTTP/1.1" 200 13185 "-" "Mozilla/5.0 (Windows NT 10.0; Win64; x64) AppleWebKit/537.36 (KHTML, like Gecko) Chrome/76.0.3809.25 Safari/537.36" 
27.150.191.126 - - [06/Dec/2022:09:31:32 -0800] "GET /ajax.googleapis.com/ajax/libs/jquery/2.0.2/jquery.min.js HTTP/1.1" 404 328 "-" "Mozilla/5.0 (Windows NT 10.0; Win64; x64) AppleWebKit/537.36 (KHTML, like Gecko) Chrome/76.0.3809.25 Safari/537.36" 
27.150.191.126 - - [06/Dec/2022:09:31:32 -0800] "GET /netdna.bootstrapcdn.com/bootstrap/3.1.1/js/bootstrap.min.js HTTP/1.1" 404 0 "-" "Mozilla/5.0 (Windows NT 10.0; Win64; x64) AppleWebKit/537.36 (KHTML, like Gecko) Chrome/76.0.3809.25 Safari/537.36" 
27.150.191.126 - - [06/Dec/2022:09:31:32 -0800] "GET /netdna.bootstrapcdn.com/bootstrap/3.1.1/js/bootstrap.min.js HTTP/1.1" 404 0 "-" "Mozilla/5.0 (Windows NT 10.0; Win64; x64) AppleWebKit/537.36 (KHTML, like Gecko) Chrome/76.0.3809.25 Safari/537.36" 
27.150.191.126 - - [06/Dec/2022:09:31:32 -0800] "GET /www.google-analytics.com/analytics.js HTTP/1.1" 404 328 "-" "Mozilla/5.0 (Windows NT 10.0; Win64; x64) AppleWebKit/537.36 (KHTML, like Gecko) Chrome/76.0.3809.25 Safari/537.36" 
157.55.39.49 - - [06/Dec/2022:09:33:19 -0800] "GET /self.logs/access.log.2020-02-20.gz HTTP/1.1" 200 15284 "-" "Mozilla/5.0 (compatible; bingbot/2.0; +http://www.bing.com/bingbot.htm)" 
40.77.167.73 - - [06/Dec/2022:09:33:34 -0800] "GET /self.logs/access.log.2020-09-24.gz HTTP/1.1" 200 17136 "-" "Mozilla/5.0 AppleWebKit/537.36 (KHTML, like Gecko; compatible; bingbot/2.0; +http://www.bing.com/bingbot.htm) Chrome/103.0.5060.134 Safari/537.36" 
157.55.39.209 - - [06/Dec/2022:09:37:59 -0800] "GET /self.logs/access.log.2020-05-02.gz HTTP/1.1" 200 12463 "-" "Mozilla/5.0 AppleWebKit/537.36 (KHTML, like Gecko; compatible; bingbot/2.0; +http://www.bing.com/bingbot.htm) Chrome/103.0.5060.134 Safari/537.36" 
40.77.167.6 - - [06/Dec/2022:09:38:04 -0800] "GET /self.logs/error.log.2020-05-30 HTTP/1.1" 200 351 "-" "Mozilla/5.0 AppleWebKit/537.36 (KHTML, like Gecko; compatible; bingbot/2.0; +http://www.bing.com/bingbot.htm) Chrome/103.0.5060.134 Safari/537.36" 
40.77.167.73 - - [06/Dec/2022:09:41:55 -0800] "GET /self.logs/access.log.2021-02-20.gz HTTP/1.1" 200 17048 "-" "Mozilla/5.0 (compatible; bingbot/2.0; +http://www.bing.com/bingbot.htm)" 
40.77.167.61 - - [06/Dec/2022:09:44:29 -0800] "GET /self.logs/2016/access.log.2016-12-25.gz HTTP/1.1" 200 8744 "-" "Mozilla/5.0 (compatible; bingbot/2.0; +http://www.bing.com/bingbot.htm)" 
123.183.224.102 - - [06/Dec/2022:09:48:37 -0800] "GET / HTTP/1.1" 200 13149 "-" "Sogou web spider/4.0(+http://www.sogou.com/docs/help/webmasters.htm#07)" 
114.119.153.16 - - [06/Dec/2022:09:50:38 -0800] "GET /self.logs/access.log.2018-11-10.gz HTTP/1.1" 200 20777 "-" "Mozilla/5.0 (compatible;PetalBot;+https://webmaster.petalsearch.com/site/petalbot)" 
44.198.168.85 - - [06/Dec/2022:09:51:28 -0800] "GET / HTTP/1.1" 200 13142 "-" "Mozilla/5.0 (compatible; startmebot/1.0; +https://start.me/bot)" 
40.77.167.74 - - [06/Dec/2022:09:54:43 -0800] "GET /self.logs/access.log.2022-02-20.gz HTTP/1.1" 200 14520 "-" "Mozilla/5.0 (compatible; bingbot/2.0; +http://www.bing.com/bingbot.htm)" 
157.55.39.209 - - [06/Dec/2022:09:55:12 -0800] "GET /self.logs/ HTTP/1.1" 200 40044 "-" "Mozilla/5.0 (compatible; bingbot/2.0; +http://www.bing.com/bingbot.htm)" 
51.77.205.250 - - [06/Dec/2022:09:56:27 -0800] "GET /honeypot/BSidesDFW%20-%202014.ipynb HTTP/1.1" 301 481 "-" "Tornado-Async-Client" 
136.243.228.193 - - [06/Dec/2022:10:00:53 -0800] "GET / HTTP/1.1" 200 13147 "-" "Mozilla/5.0 (compatible; DataForSeoBot/1.0; +https://dataforseo.com/dataforseo-bot)" 
157.55.39.49 - - [06/Dec/2022:10:02:12 -0800] "GET /self.logs/access.log.2018-04-01.gz HTTP/1.1" 200 18656 "-" "Mozilla/5.0 AppleWebKit/537.36 (KHTML, like Gecko; compatible; bingbot/2.0; +http://www.bing.com/bingbot.htm) Chrome/103.0.5060.134 Safari/537.36" 
114.119.138.82 - - [06/Dec/2022:10:05:56 -0800] "GET /self.logs/error.log.2018-01-30.gz HTTP/1.1" 200 1212 "-" "Mozilla/5.0 (compatible;PetalBot;+https://webmaster.petalsearch.com/site/petalbot)" 
157.55.39.49 - - [06/Dec/2022:10:06:43 -0800] "GET /self.logs/access.log.2021-10-01.gz HTTP/1.1" 200 37226 "-" "Mozilla/5.0 (compatible; bingbot/2.0; +http://www.bing.com/bingbot.htm)" 
114.119.151.89 - - [06/Dec/2022:10:07:28 -0800] "GET /self.logs/access.log.2018-12-09.gz HTTP/1.1" 200 23288 "-" "Mozilla/5.0 (compatible;PetalBot;+https://webmaster.petalsearch.com/site/petalbot)" 
95.163.255.56 - - [06/Dec/2022:10:10:08 -0800] "GET /robots.txt HTTP/1.0" 200 340 "-" "Mozilla/5.0 (compatible; Linux x86_64; Mail.RU_Bot/2.0; +https://help.mail.ru/webmaster/indexing/robots)" 
95.163.255.56 - - [06/Dec/2022:10:10:11 -0800] "GET /Datasets%20Description/Network/notice.html HTTP/1.1" 200 1613 "-" "Mozilla/5.0 (compatible; Linux x86_64; Mail.RU_Bot/2.0; +https://help.mail.ru/webmaster/indexing/robots)" 
222.186.42.209 - - [06/Dec/2022:10:11:26 -0800] "GET /index.php?s=admin/%5Cthink%5Capp/invokefunction&function=base64_encode&vars%5B%5D=ck996789baidu.com HTTP/1.1" 404 328 "-" "Mozilla/5.0 (Windows NT 10.0; Win64; x64) AppleWebKit/537.36 (KHTML, like Gecko) Chrome/91.0.4472.124 Safari/537.36" 
157.55.39.209 - - [06/Dec/2022:10:18:54 -0800] "GET /self.logs/2016/access.log.2016-10-28.gz HTTP/1.1" 200 7381 "-" "Mozilla/5.0 (compatible; bingbot/2.0; +http://www.bing.com/bingbot.htm)" 
114.119.157.132 - - [06/Dec/2022:10:19:15 -0800] "GET /self.logs/access.log.2018-09-15.gz HTTP/1.1" 200 24240 "-" "Mozilla/5.0 (compatible;PetalBot;+https://webmaster.petalsearch.com/site/petalbot)" 
123.183.224.102 - - [06/Dec/2022:10:20:05 -0800] "GET / HTTP/1.1" 200 13148 "-" "Sogou web spider/4.0(+http://www.sogou.com/docs/help/webmasters.htm#07)" 
157.55.39.49 - - [06/Dec/2022:10:26:04 -0800] "GET /self.logs/2016/error.log.2016-04-27.gz HTTP/1.1" 200 815 "-" "Mozilla/5.0 (compatible; bingbot/2.0; +http://www.bing.com/bingbot.htm)" 
118.184.177.25 - - [06/Dec/2022:10:27:11 -0800] "GET / HTTP/1.1" 200 13148 "-" "Sogou web spider/4.0(+http://www.sogou.com/docs/help/webmasters.htm#07)" 
157.55.39.209 - - [06/Dec/2022:10:30:45 -0800] "GET /self.logs/access.log.2022-04-05.gz HTTP/1.1" 200 16212 "-" "Mozilla/5.0 AppleWebKit/537.36 (KHTML, like Gecko; compatible; bingbot/2.0; +http://www.bing.com/bingbot.htm) Chrome/103.0.5060.134 Safari/537.36" 
157.55.39.209 - - [06/Dec/2022:10:30:45 -0800] "GET /self.logs/error.log.2017-09-21.gz HTTP/1.1" 200 2555 "-" "Mozilla/5.0 AppleWebKit/537.36 (KHTML, like Gecko; compatible; bingbot/2.0; +http://www.bing.com/bingbot.htm) Chrome/103.0.5060.134 Safari/537.36" 
104.165.15.240 - - [06/Dec/2022:10:31:36 -0800] "GET / HTTP/1.1" 301 475 "-" "Mozilla/5.0 (Windows NT 6.1; Win64; x64; rv:106.0) Gecko/20100101 Firefox/106.0" 
104.165.15.240 - - [06/Dec/2022:10:31:36 -0800] "GET / HTTP/1.1" 200 13185 "-" "Mozilla/5.0 (Windows NT 6.1; Win64; x64; rv:106.0) Gecko/20100101 Firefox/106.0" 
104.165.15.240 - - [06/Dec/2022:10:31:36 -0800] "GET /css/style.css HTTP/1.1" 404 305 "http://www.secrepo.com/" "Mozilla/5.0 (Windows NT 6.1; Win64; x64; rv:106.0) Gecko/20100101 Firefox/106.0" 
104.165.15.240 - - [06/Dec/2022:10:31:36 -0800] "GET /twitter-icon.png HTTP/1.1" 200 27893 "http://www.secrepo.com/" "Mozilla/5.0 (Windows NT 6.1; Win64; x64; rv:106.0) Gecko/20100101 Firefox/106.0" 
104.165.15.240 - - [06/Dec/2022:10:31:36 -0800] "GET /GitHub-Mark.png HTTP/1.1" 200 7556 "http://www.secrepo.com/" "Mozilla/5.0 (Windows NT 6.1; Win64; x64; rv:106.0) Gecko/20100101 Firefox/106.0" 
40.77.167.73 - - [06/Dec/2022:10:34:40 -0800] "GET /self.logs/error.log.2019-07-24.gz HTTP/1.1" 200 1524 "-" "Mozilla/5.0 AppleWebKit/537.36 (KHTML, like Gecko; compatible; bingbot/2.0; +http://www.bing.com/bingbot.htm) Chrome/103.0.5060.134 Safari/537.36" 
40.77.167.61 - - [06/Dec/2022:10:35:33 -0800] "GET /self.logs/access.log.2020-10-25.gz HTTP/1.1" 200 17941 "-" "Mozilla/5.0 (compatible; bingbot/2.0; +http://www.bing.com/bingbot.htm)" 
45.76.186.116 - - [06/Dec/2022:10:35:53 -0800] "GET / HTTP/1.1" 200 13185 "http://www.secrepo.com" "Mozilla/5.0 (Windows NT 10.0; WOW64) AppleWebKit/537.36 (KHTML, like Gecko) Chrome/86.0.4240.198 Safari/537.36" 
40.77.167.6 - - [06/Dec/2022:10:37:18 -0800] "GET /self.logs/access.log.2020-03-02.gz HTTP/1.1" 200 14358 "-" "Mozilla/5.0 AppleWebKit/537.36 (KHTML, like Gecko; compatible; bingbot/2.0; +http://www.bing.com/bingbot.htm) Chrome/103.0.5060.134 Safari/537.36" 
40.77.167.73 - - [06/Dec/2022:10:39:50 -0800] "GET /self.logs/2016/error.log.2016-12-07.gz HTTP/1.1" 200 764 "-" "Mozilla/5.0 AppleWebKit/537.36 (KHTML, like Gecko; compatible; bingbot/2.0; +http://www.bing.com/bingbot.htm) Chrome/103.0.5060.134 Safari/537.36" 
157.55.39.209 - - [06/Dec/2022:10:39:45 -0800] "GET /self.logs/ HTTP/1.1" 200 40044 "-" "Mozilla/5.0 AppleWebKit/537.36 (KHTML, like Gecko; compatible; bingbot/2.0; +http://www.bing.com/bingbot.htm) Chrome/103.0.5060.134 Safari/537.36" 
114.119.152.149 - - [06/Dec/2022:10:43:12 -0800] "GET /self.logs/access.log.2019-04-12.gz HTTP/1.1" 200 20172 "-" "Mozilla/5.0 (compatible;PetalBot;+https://webmaster.petalsearch.com/site/petalbot)" 
122.176.108.99 - - [06/Dec/2022:10:45:01 -0800] "GET / HTTP/1.1" 200 13185 "-" "Mozilla/5.0 (Windows NT 10.0; Win64; x64) AppleWebKit/537.36 (KHTML, like Gecko) Chrome/108.0.0.0 Safari/537.36" 
122.176.108.99 - - [06/Dec/2022:10:45:01 -0800] "GET /css/style.css HTTP/1.1" 404 305 "http://www.secrepo.com/" "Mozilla/5.0 (Windows NT 10.0; Win64; x64) AppleWebKit/537.36 (KHTML, like Gecko) Chrome/108.0.0.0 Safari/537.36" 
122.176.108.99 - - [06/Dec/2022:10:45:02 -0800] "GET /twitter-icon.png HTTP/1.1" 200 27893 "http://www.secrepo.com/" "Mozilla/5.0 (Windows NT 10.0; Win64; x64) AppleWebKit/537.36 (KHTML, like Gecko) Chrome/108.0.0.0 Safari/537.36" 
122.176.108.99 - - [06/Dec/2022:10:45:02 -0800] "GET /GitHub-Mark.png HTTP/1.1" 200 7556 "http://www.secrepo.com/" "Mozilla/5.0 (Windows NT 10.0; Win64; x64) AppleWebKit/537.36 (KHTML, like Gecko) Chrome/108.0.0.0 Safari/537.36" 
122.176.108.99 - - [06/Dec/2022:10:45:02 -0800] "GET /bootstrap/img/favicon.ico HTTP/1.1" 200 690 "http://www.secrepo.com/" "Mozilla/5.0 (Windows NT 10.0; Win64; x64) AppleWebKit/537.36 (KHTML, like Gecko) Chrome/108.0.0.0 Safari/537.36" 
157.55.39.49 - - [06/Dec/2022:10:55:16 -0800] "GET /self.logs/access.log.2020-03-01.gz HTTP/1.1" 200 13129 "-" "Mozilla/5.0 AppleWebKit/537.36 (KHTML, like Gecko; compatible; bingbot/2.0; +http://www.bing.com/bingbot.htm) Chrome/103.0.5060.134 Safari/537.36" 
40.77.167.61 - - [06/Dec/2022:10:55:35 -0800] "GET /self.logs/2016/error.log.2016-11-28.gz HTTP/1.1" 200 2337 "-" "Mozilla/5.0 (compatible; bingbot/2.0; +http://www.bing.com/bingbot.htm)" 
40.77.167.6 - - [06/Dec/2022:11:05:00 -0800] "GET /self.logs/error.log.2019-11-07.gz HTTP/1.1" 200 1572 "-" "Mozilla/5.0 (compatible; bingbot/2.0; +http://www.bing.com/bingbot.htm)" 
40.77.167.73 - - [06/Dec/2022:11:10:43 -0800] "GET /self.logs/2016/error.log.2016-06-28.gz HTTP/1.1" 200 1141 "-" "Mozilla/5.0 AppleWebKit/537.36 (KHTML, like Gecko; compatible; bingbot/2.0; +http://www.bing.com/bingbot.htm) Chrome/103.0.5060.134 Safari/537.36" 
66.249.70.175 - - [06/Dec/2022:11:12:26 -0800] "GET /ads.txt HTTP/1.1" 404 328 "-" "Mozilla/5.0 (compatible; Googlebot/2.1; +http://www.google.com/bot.html)" 
40.77.167.74 - - [06/Dec/2022:11:13:41 -0800] "GET /self.logs/error.log.2020-04-18 HTTP/1.1" 200 351 "-" "Mozilla/5.0 AppleWebKit/537.36 (KHTML, like Gecko; compatible; bingbot/2.0; +http://www.bing.com/bingbot.htm) Chrome/103.0.5060.134 Safari/537.36" 
3.249.66.214 - - [06/Dec/2022:11:16:31 -0800] "GET / HTTP/1.0" 200 49096 "-" "Mozilla/5.0 (compatible; NetcraftSurveyAgent/1.0; +info@netcraft.com)" 
40.77.167.73 - - [06/Dec/2022:11:18:54 -0800] "GET /self.logs/2016/access.log.2016-08-07.gz HTTP/1.1" 200 13698 "-" "Mozilla/5.0 AppleWebKit/537.36 (KHTML, like Gecko; compatible; bingbot/2.0; +http://www.bing.com/bingbot.htm) Chrome/103.0.5060.134 Safari/537.36" 
40.77.167.6 - - [06/Dec/2022:11:19:01 -0800] "GET /self.logs/error.log.2021-01-29 HTTP/1.1" 200 351 "-" "Mozilla/5.0 (compatible; bingbot/2.0; +http://www.bing.com/bingbot.htm)" 
157.55.39.49 - - [06/Dec/2022:11:22:09 -0800] "GET /self.logs/2016/access.log.2016-09-29.gz HTTP/1.1" 200 12131 "-" "Mozilla/5.0 (compatible; bingbot/2.0; +http://www.bing.com/bingbot.htm)" 
157.55.39.209 - - [06/Dec/2022:11:23:41 -0800] "GET /self.logs/ HTTP/1.1" 200 40044 "-" "Mozilla/5.0 (compatible; bingbot/2.0; +http://www.bing.com/bingbot.htm)" 
40.77.167.61 - - [06/Dec/2022:11:23:48 -0800] "GET /self.logs/error.log.2019-07-26.gz HTTP/1.1" 200 1601 "-" "Mozilla/5.0 (compatible; bingbot/2.0; +http://www.bing.com/bingbot.htm)" 
40.77.167.6 - - [06/Dec/2022:11:26:02 -0800] "GET /self.logs/error.log.2019-04-28.gz HTTP/1.1" 200 4268 "-" "Mozilla/5.0 AppleWebKit/537.36 (KHTML, like Gecko; compatible; bingbot/2.0; +http://www.bing.com/bingbot.htm) Chrome/103.0.5060.134 Safari/537.36" 
157.55.39.209 - - [06/Dec/2022:11:27:30 -0800] "GET /self.logs/access.log.2021-11-03.gz HTTP/1.1" 200 30564 "-" "Mozilla/5.0 (compatible; bingbot/2.0; +http://www.bing.com/bingbot.htm)" 
40.77.167.74 - - [06/Dec/2022:11:30:02 -0800] "GET /self.logs/error.log.2020-09-28.gz HTTP/1.1" 200 785 "-" "Mozilla/5.0 (compatible; bingbot/2.0; +http://www.bing.com/bingbot.htm)" 
40.77.167.73 - - [06/Dec/2022:11:30:45 -0800] "GET /self.logs/access.log.2020-08-18.gz HTTP/1.1" 200 19101 "-" "Mozilla/5.0 AppleWebKit/537.36 (KHTML, like Gecko; compatible; bingbot/2.0; +http://www.bing.com/bingbot.htm) Chrome/103.0.5060.134 Safari/537.36" 
40.77.167.6 - - [06/Dec/2022:11:32:03 -0800] "GET /self.logs/access.log.2021-04-26.gz HTTP/1.1" 200 17412 "-" "Mozilla/5.0 AppleWebKit/537.36 (KHTML, like Gecko; compatible; bingbot/2.0; +http://www.bing.com/bingbot.htm) Chrome/103.0.5060.134 Safari/537.36" 
40.77.167.6 - - [06/Dec/2022:11:35:23 -0800] "GET /self.logs/error.log.2020-01-25 HTTP/1.1" 200 351 "-" "Mozilla/5.0 AppleWebKit/537.36 (KHTML, like Gecko; compatible; bingbot/2.0; +http://www.bing.com/bingbot.htm) Chrome/103.0.5060.134 Safari/537.36" 
40.77.167.74 - - [06/Dec/2022:11:35:28 -0800] "GET /self.logs/error.log.2018-01-01.gz HTTP/1.1" 200 3002 "-" "Mozilla/5.0 (compatible; bingbot/2.0; +http://www.bing.com/bingbot.htm)" 
40.77.167.73 - - [06/Dec/2022:11:37:36 -0800] "GET /self.logs/2016/error.log.2016-06-16.gz HTTP/1.1" 200 1168 "-" "Mozilla/5.0 AppleWebKit/537.36 (KHTML, like Gecko; compatible; bingbot/2.0; +http://www.bing.com/bingbot.htm) Chrome/103.0.5060.134 Safari/537.36" 
40.77.167.61 - - [06/Dec/2022:11:40:50 -0800] "GET /self.logs/error.log.2021-01-30.gz HTTP/1.1" 200 1440 "-" "Mozilla/5.0 (compatible; bingbot/2.0; +http://www.bing.com/bingbot.htm)" 
157.55.39.49 - - [06/Dec/2022:11:42:02 -0800] "GET /self.logs/access.log.2019-09-25.gz HTTP/1.1" 200 17944 "-" "Mozilla/5.0 AppleWebKit/537.36 (KHTML, like Gecko; compatible; bingbot/2.0; +http://www.bing.com/bingbot.htm) Chrome/103.0.5060.134 Safari/537.36" 
66.249.64.220 - - [06/Dec/2022:11:42:20 -0800] "GET /robots.txt HTTP/1.1" 301 495 "-" "Mozilla/5.0 (compatible; Googlebot/2.1; +http://www.google.com/bot.html)" 
66.249.70.179 - - [06/Dec/2022:11:42:20 -0800] "GET /robots.txt HTTP/1.1" 200 377 "-" "Mozilla/5.0 (compatible; Googlebot/2.1; +http://www.google.com/bot.html)" 
66.249.64.220 - - [06/Dec/2022:11:42:22 -0800] "GET /ads.txt HTTP/1.1" 301 488 "-" "Mozilla/5.0 (compatible; Googlebot/2.1; +http://www.google.com/bot.html)" 
40.77.167.6 - - [06/Dec/2022:11:43:24 -0800] "GET /self.logs/2016/access.log.2016-05-15.gz HTTP/1.1" 200 7376 "-" "Mozilla/5.0 (compatible; bingbot/2.0; +http://www.bing.com/bingbot.htm)" 
40.77.167.6 - - [06/Dec/2022:11:44:13 -0800] "GET /self.logs/2016/access.log.2016-10-20.gz HTTP/1.1" 200 8562 "-" "Mozilla/5.0 (compatible; bingbot/2.0; +http://www.bing.com/bingbot.htm)" 
40.77.167.61 - - [06/Dec/2022:11:45:21 -0800] "GET /self.logs/access.log.2022-07-01.gz HTTP/1.1" 200 11585 "-" "Mozilla/5.0 (compatible; bingbot/2.0; +http://www.bing.com/bingbot.htm)" 
157.55.39.209 - - [06/Dec/2022:11:46:03 -0800] "GET /self.logs/error.log.2021-05-18.gz HTTP/1.1" 200 2760 "-" "Mozilla/5.0 (compatible; bingbot/2.0; +http://www.bing.com/bingbot.htm)" 
40.77.167.6 - - [06/Dec/2022:11:47:54 -0800] "GET /self.logs/access.log.2020-06-19.gz HTTP/1.1" 200 11642 "-" "Mozilla/5.0 (compatible; bingbot/2.0; +http://www.bing.com/bingbot.htm)" 
95.163.255.57 - - [06/Dec/2022:11:48:09 -0800] "GET /robots.txt HTTP/1.0" 200 340 "-" "Mozilla/5.0 (compatible; Linux x86_64; Mail.RU_Bot/2.0; +https://help.mail.ru/webmaster/indexing/robots)" 
95.163.255.54 - - [06/Dec/2022:11:48:12 -0800] "GET /Datasets%20Description/Network/dns.html HTTP/1.1" 200 1506 "-" "Mozilla/5.0 (compatible; Linux x86_64; Mail.RU_Bot/2.0; +https://help.mail.ru/webmaster/indexing/robots)" 
45.77.39.123 - - [06/Dec/2022:11:54:30 -0800] "GET / HTTP/1.1" 200 13186 "http://www.secrepo.com" "Mozilla/5.0 (Windows NT 10.0; WOW64) AppleWebKit/537.36 (KHTML, like Gecko) Chrome/86.0.4240.198 Safari/537.36" 
40.77.167.61 - - [06/Dec/2022:11:55:02 -0800] "GET /self.logs/2016/access.log.2016-02-11.gz HTTP/1.1" 200 9210 "-" "Mozilla/5.0 AppleWebKit/537.36 (KHTML, like Gecko; compatible; bingbot/2.0; +http://www.bing.com/bingbot.htm) Chrome/103.0.5060.134 Safari/537.36" 
40.77.167.61 - - [06/Dec/2022:11:55:02 -0800] "GET /self.logs/access.log.2021-06-30.gz HTTP/1.1" 200 15893 "-" "Mozilla/5.0 AppleWebKit/537.36 (KHTML, like Gecko; compatible; bingbot/2.0; +http://www.bing.com/bingbot.htm) Chrome/103.0.5060.134 Safari/537.36" 
40.77.167.73 - - [06/Dec/2022:11:56:58 -0800] "GET /self.logs/2016/access.log.2016-07-08.gz HTTP/1.1" 200 7165 "-" "Mozilla/5.0 AppleWebKit/537.36 (KHTML, like Gecko; compatible; bingbot/2.0; +http://www.bing.com/bingbot.htm) Chrome/103.0.5060.134 Safari/537.36" 
40.77.167.6 - - [06/Dec/2022:11:57:05 -0800] "GET /self.logs/error.log.2018-12-25.gz HTTP/1.1" 200 5975 "-" "Mozilla/5.0 AppleWebKit/537.36 (KHTML, like Gecko; compatible; bingbot/2.0; +http://www.bing.com/bingbot.htm) Chrome/103.0.5060.134 Safari/537.36" 
157.55.39.209 - - [06/Dec/2022:12:01:34 -0800] "GET /self.logs/access.log.2020-07-26.gz HTTP/1.1" 200 30025 "-" "Mozilla/5.0 AppleWebKit/537.36 (KHTML, like Gecko; compatible; bingbot/2.0; +http://www.bing.com/bingbot.htm) Chrome/103.0.5060.134 Safari/537.36" 
40.77.167.74 - - [06/Dec/2022:12:01:38 -0800] "GET /self.logs/error.log.2021-08-06.gz HTTP/1.1" 200 4745 "-" "Mozilla/5.0 (compatible; bingbot/2.0; +http://www.bing.com/bingbot.htm)" 
114.119.159.61 - - [06/Dec/2022:12:03:47 -0800] "GET /self.logs/error.log.2020-11-07 HTTP/1.1" 200 351 "http://www.secrepo.com/self.logs?C=N%3BO%3DD" "Mozilla/5.0 (Linux; Android 7.0;) AppleWebKit/537.36 (KHTML, like Gecko) Mobile Safari/537.36 (compatible; PetalBot;+https://webmaster.petalsearch.com/site/petalbot)" 
51.15.254.168 - - [06/Dec/2022:12:04:02 -0800] "GET /wp-content/uploads/ HTTP/1.1" 301 476 "-" "Mozilla/5.0 (Windows NT 10.0; Win64; x64) AppleWebKit/537.36 (KHTML, like Gecko) Chrome/108.0.0.0 Safari/537.36" 
51.15.254.168 - - [06/Dec/2022:12:04:02 -0800] "GET /wp-content/uploads/ HTTP/1.1" 404 291 "-" "Mozilla/5.0 (Windows NT 10.0; Win64; x64) AppleWebKit/537.36 (KHTML, like Gecko) Chrome/108.0.0.0 Safari/537.36" 
114.119.156.99 - - [06/Dec/2022:12:05:55 -0800] "GET /self.logs/error.log.2020-06-27 HTTP/1.1" 200 351 "http://www.secrepo.com/self.logs?C=N%3BO%3DD" "Mozilla/5.0 (Linux; Android 7.0;) AppleWebKit/537.36 (KHTML, like Gecko) Mobile Safari/537.36 (compatible; PetalBot;+https://webmaster.petalsearch.com/site/petalbot)" 
157.55.39.209 - - [06/Dec/2022:12:06:15 -0800] "GET /self.logs/ HTTP/1.1" 200 40044 "-" "Mozilla/5.0 (compatible; bingbot/2.0; +http://www.bing.com/bingbot.htm)" 
157.55.39.49 - - [06/Dec/2022:12:07:54 -0800] "GET /self.logs/access.log.2020-01-25.gz HTTP/1.1" 200 14624 "-" "Mozilla/5.0 (compatible; bingbot/2.0; +http://www.bing.com/bingbot.htm)" 
40.77.167.6 - - [06/Dec/2022:12:08:56 -0800] "GET /self.logs/access.log.2020-05-25.gz HTTP/1.1" 200 12230 "-" "Mozilla/5.0 (compatible; bingbot/2.0; +http://www.bing.com/bingbot.htm)" 
40.77.167.73 - - [06/Dec/2022:12:14:19 -0800] "GET /self.logs/access.log.2022-01-30.gz HTTP/1.1" 200 9856 "-" "Mozilla/5.0 (compatible; bingbot/2.0; +http://www.bing.com/bingbot.htm)" 
157.55.39.49 - - [06/Dec/2022:12:14:26 -0800] "GET /self.logs/access.log.2021-02-07.gz HTTP/1.1" 200 27723 "-" "Mozilla/5.0 (compatible; bingbot/2.0; +http://www.bing.com/bingbot.htm)" 
40.77.167.61 - - [06/Dec/2022:12:15:33 -0800] "GET /self.logs/error.log.2020-05-20 HTTP/1.1" 200 351 "-" "Mozilla/5.0 AppleWebKit/537.36 (KHTML, like Gecko; compatible; bingbot/2.0; +http://www.bing.com/bingbot.htm) Chrome/103.0.5060.134 Safari/537.36" 
114.119.131.110 - - [06/Dec/2022:12:20:13 -0800] "GET /self.logs/error.log.2019-07-15 HTTP/1.1" 200 23184 "http://www.secrepo.com/self.logs?C=N%3BO%3DD" "Mozilla/5.0 (Linux; Android 7.0;) AppleWebKit/537.36 (KHTML, like Gecko) Mobile Safari/537.36 (compatible; PetalBot;+https://webmaster.petalsearch.com/site/petalbot)" 
116.179.33.146 - - [06/Dec/2022:12:21:50 -0800] "GET /robots.txt HTTP/1.1" 200 340 "-" "Mozilla/5.0 (Windows NT 10.0; WOW64) AppleWebKit/537.36 (KHTML, like Gecko) Chrome/48.0.2564.116 Safari/537.36" 
220.181.51.88 - - [06/Dec/2022:12:21:50 -0800] "GET /robots.txt HTTP/1.1" 200 340 "-" "Mozilla/5.0 (Windows NT 10.0; WOW64) AppleWebKit/537.36 (KHTML, like Gecko) Chrome/48.0.2564.116 Safari/537.36" 
40.77.167.6 - - [06/Dec/2022:12:24:38 -0800] "GET /self.logs/2016/error.log.2016-04-07.gz HTTP/1.1" 200 796 "-" "Mozilla/5.0 AppleWebKit/537.36 (KHTML, like Gecko; compatible; bingbot/2.0; +http://www.bing.com/bingbot.htm) Chrome/103.0.5060.134 Safari/537.36" 
40.77.167.74 - - [06/Dec/2022:12:24:48 -0800] "GET /self.logs/access.log.2021-08-30.gz HTTP/1.1" 200 16703 "-" "Mozilla/5.0 (compatible; bingbot/2.0; +http://www.bing.com/bingbot.htm)" 
147.102.136.14 - - [06/Dec/2022:12:24:54 -0800] "GET / HTTP/1.1" 200 13185 "-" "Mozilla/5.0 (iPhone; CPU iPhone OS 16_1_2 like Mac OS X) AppleWebKit/605.1.15 (KHTML, like Gecko) Version/16.1 Mobile/15E148 Safari/604.1" 
147.102.136.14 - - [06/Dec/2022:12:24:55 -0800] "GET /apple-touch-icon-120x120-precomposed.png HTTP/1.1" 404 328 "-" "MobileSafari/8614.2.9.0.11 CFNetwork/1399 Darwin/22.1.0" 
147.102.136.14 - - [06/Dec/2022:12:24:55 -0800] "GET /apple-touch-icon-120x120.png HTTP/1.1" 404 305 "-" "MobileSafari/8614.2.9.0.11 CFNetwork/1399 Darwin/22.1.0" 
147.102.136.14 - - [06/Dec/2022:12:24:56 -0800] "GET /apple-touch-icon-precomposed.png HTTP/1.1" 404 305 "-" "MobileSafari/8614.2.9.0.11 CFNetwork/1399 Darwin/22.1.0" 
147.102.136.14 - - [06/Dec/2022:12:24:56 -0800] "GET /apple-touch-icon.png HTTP/1.1" 404 305 "-" "MobileSafari/8614.2.9.0.11 CFNetwork/1399 Darwin/22.1.0" 
147.102.136.14 - - [06/Dec/2022:12:24:56 -0800] "GET /bootstrap/img/favicon.ico HTTP/1.1" 200 690 "-" "MobileSafari/8614.2.9.0.11 CFNetwork/1399 Darwin/22.1.0" 
157.55.39.49 - - [06/Dec/2022:12:26:46 -0800] "GET /self.logs/access.log.2021-07-27.gz HTTP/1.1" 200 15284 "-" "Mozilla/5.0 (compatible; bingbot/2.0; +http://www.bing.com/bingbot.htm)" 
3.237.193.84 - - [06/Dec/2022:12:27:16 -0800] "GET / HTTP/1.1" 200 13141 "-" "Mozilla/5.0 (compatible; startmebot/1.0; +https://start.me/bot)" 
40.77.167.61 - - [06/Dec/2022:12:29:14 -0800] "GET /self.logs/access.log.2020-10-06.gz HTTP/1.1" 200 14793 "-" "Mozilla/5.0 AppleWebKit/537.36 (KHTML, like Gecko; compatible; bingbot/2.0; +http://www.bing.com/bingbot.htm) Chrome/103.0.5060.134 Safari/537.36" 
40.77.167.6 - - [06/Dec/2022:12:30:59 -0800] "GET / HTTP/1.1" 200 13185 "-" "Mozilla/5.0 AppleWebKit/537.36 (KHTML, like Gecko; compatible; bingbot/2.0; +http://www.bing.com/bingbot.htm) Chrome/103.0.5060.134 Safari/537.36" 
157.55.39.49 - - [06/Dec/2022:12:33:37 -0800] "GET /self.logs/error.log.2020-07-19.gz HTTP/1.1" 200 870 "-" "Mozilla/5.0 AppleWebKit/537.36 (KHTML, like Gecko; compatible; bingbot/2.0; +http://www.bing.com/bingbot.htm) Chrome/103.0.5060.134 Safari/537.36" 
27.150.191.126 - - [06/Dec/2022:12:35:55 -0800] "GET /honeypot/BSidesDFW%20-%202014.ipynb HTTP/1.1" 200 930921 "-" "Mozilla/5.0 (Windows NT 10.0; Win64; x64) AppleWebKit/537.36 (KHTML, like Gecko) Chrome/76.0.3809.25 Safari/537.36" 
27.150.191.126 - - [06/Dec/2022:12:35:59 -0800] "GET /auth.log/auth.log.gz HTTP/1.1" 200 615679 "-" "Mozilla/5.0 (Windows NT 10.0; Win64; x64) AppleWebKit/537.36 (KHTML, like Gecko) Chrome/76.0.3809.25 Safari/537.36" 
27.150.191.126 - - [06/Dec/2022:12:36:01 -0800] "GET /maccdc2012/tunnel.log.gz HTTP/1.1" 200 5282 "-" "Mozilla/5.0 (Windows NT 10.0; Win64; x64) AppleWebKit/537.36 (KHTML, like Gecko) Chrome/76.0.3809.25 Safari/537.36" 
27.150.191.126 - - [06/Dec/2022:12:35:56 -0800] "GET /self.logs/ HTTP/1.1" 200 40044 "-" "Mozilla/5.0 (Windows NT 10.0; Win64; x64) AppleWebKit/537.36 (KHTML, like Gecko) Chrome/76.0.3809.25 Safari/537.36" 
27.150.191.126 - - [06/Dec/2022:12:36:02 -0800] "GET /maccdc2012/smtp.log.gz HTTP/1.1" 200 6933 "-" "Mozilla/5.0 (Windows NT 10.0; Win64; x64) AppleWebKit/537.36 (KHTML, like Gecko) Chrome/76.0.3809.25 Safari/537.36" 
27.150.191.126 - - [06/Dec/2022:12:36:02 -0800] "GET /maccdc2012/signatures.log.gz HTTP/1.1" 200 668 "-" "Mozilla/5.0 (Windows NT 10.0; Win64; x64) AppleWebKit/537.36 (KHTML, like Gecko) Chrome/76.0.3809.25 Safari/537.36" 
27.150.191.126 - - [06/Dec/2022:12:36:02 -0800] "GET /maccdc2012/notice.log.gz HTTP/1.1" 200 20774 "-" "Mozilla/5.0 (Windows NT 10.0; Win64; x64) AppleWebKit/537.36 (KHTML, like Gecko) Chrome/76.0.3809.25 Safari/537.36" 
27.150.191.126 - - [06/Dec/2022:12:36:00 -0800] "GET /maccdc2012/weird.log.gz HTTP/1.1" 200 1252831 "-" "Mozilla/5.0 (Windows NT 10.0; Win64; x64) AppleWebKit/537.36 (KHTML, like Gecko) Chrome/76.0.3809.25 Safari/537.36" 
51.83.111.190 - - [06/Dec/2022:12:36:02 -0800] "GET /honeypot/BSidesDFW%20-%202014.ipynb HTTP/1.1" 301 481 "-" "Tornado-Async-Client" 
27.150.191.126 - - [06/Dec/2022:12:36:02 -0800] "GET /maccdc2012/ssh.log.gz HTTP/1.1" 200 182567 "-" "Mozilla/5.0 (Windows NT 10.0; Win64; x64) AppleWebKit/537.36 (KHTML, like Gecko) Chrome/76.0.3809.25 Safari/537.36" 
27.150.191.126 - - [06/Dec/2022:12:36:03 -0800] "GET /maccdc2012/ftp.log.gz HTTP/1.1" 200 127738 "-" "Mozilla/5.0 (Windows NT 10.0; Win64; x64) AppleWebKit/537.36 (KHTML, like Gecko) Chrome/76.0.3809.25 Safari/537.36" 
27.150.191.126 - - [06/Dec/2022:12:35:59 -0800] "GET /tg/tg_snort_fast.7z HTTP/1.1" 200 4274181 "-" "Mozilla/5.0 (Windows NT 10.0; Win64; x64) AppleWebKit/537.36 (KHTML, like Gecko) Chrome/76.0.3809.25 Safari/537.36" 
27.150.191.126 - - [06/Dec/2022:12:35:54 -0800] "GET /squid/access.log.gz HTTP/1.1" 200 23100671 "-" "Mozilla/5.0 (Windows NT 10.0; Win64; x64) AppleWebKit/537.36 (KHTML, like Gecko) Chrome/76.0.3809.25 Safari/537.36" 
27.150.191.126 - - [06/Dec/2022:12:35:58 -0800] "GET /tg/tg_snort_full.7z HTTP/1.1" 200 8847905 "-" "Mozilla/5.0 (Windows NT 10.0; Win64; x64) AppleWebKit/537.36 (KHTML, like Gecko) Chrome/76.0.3809.25 Safari/537.36" 
27.150.191.126 - - [06/Dec/2022:12:36:03 -0800] "GET /maccdc2012/dhcp.log.gz HTTP/1.1" 200 44954 "-" "Mozilla/5.0 (Windows NT 10.0; Win64; x64) AppleWebKit/537.36 (KHTML, like Gecko) Chrome/76.0.3809.25 Safari/537.36" 
