183.192.179.16 - - [20/Nov/2022:12:37:17 -0800] "GET /data.7z HTTP/1.1" 301 489 "-" "python-requests/2.27.1" 
120.241.179.27 - - [20/Nov/2022:12:37:18 -0800] "GET /data.7z HTTP/1.1" 404 328 "-" "python-requests/2.27.1" 
120.241.179.27 - - [20/Nov/2022:12:49:27 -0800] "GET /backup.rar HTTP/1.1" 301 495 "-" "python-requests/2.27.1" 
183.192.179.16 - - [20/Nov/2022:12:49:28 -0800] "GET /backup.rar HTTP/1.1" 404 328 "-" "python-requests/2.27.1" 
183.192.179.16 - - [20/Nov/2022:13:02:44 -0800] "GET /backup.zip HTTP/1.1" 301 495 "-" "python-requests/2.27.1" 
101.91.80.177 - - [20/Nov/2022:13:02:45 -0800] "GET /backup.zip HTTP/1.1" 404 328 "-" "python-requests/2.27.1" 
157.55.39.209 - - [20/Nov/2022:13:10:14 -0800] "GET /self.logs/ HTTP/1.1" 200 39721 "-" "Mozilla/5.0 AppleWebKit/537.36 (KHTML, like Gecko; compatible; bingbot/2.0; +http://www.bing.com/bingbot.htm) Chrome/103.0.5060.134 Safari/537.36" 
120.241.179.27 - - [20/Nov/2022:13:15:39 -0800] "GET /backup.7z HTTP/1.1" 301 493 "-" "python-requests/2.27.1" 
59.36.132.91 - - [20/Nov/2022:13:15:39 -0800] "GET /backup.7z HTTP/1.1" 404 328 "-" "python-requests/2.27.1" 
80.192.188.85 - - [20/Nov/2022:13:19:54 -0800] "GET / HTTP/1.1" 200 13185 "-" "Mozilla/5.0 (Windows NT 10.0; Win64; x64) AppleWebKit/537.36 (KHTML, like Gecko) Chrome/107.0.0.0 Safari/537.36" 
80.192.188.85 - - [20/Nov/2022:13:19:57 -0800] "GET /css/style.css HTTP/1.1" 404 305 "http://www.secrepo.com/" "Mozilla/5.0 (Windows NT 10.0; Win64; x64) AppleWebKit/537.36 (KHTML, like Gecko) Chrome/107.0.0.0 Safari/537.36" 
80.192.188.85 - - [20/Nov/2022:13:19:57 -0800] "GET /twitter-icon.png HTTP/1.1" 200 27893 "http://www.secrepo.com/" "Mozilla/5.0 (Windows NT 10.0; Win64; x64) AppleWebKit/537.36 (KHTML, like Gecko) Chrome/107.0.0.0 Safari/537.36" 
80.192.188.85 - - [20/Nov/2022:13:19:58 -0800] "GET /GitHub-Mark.png HTTP/1.1" 200 7556 "http://www.secrepo.com/" "Mozilla/5.0 (Windows NT 10.0; Win64; x64) AppleWebKit/537.36 (KHTML, like Gecko) Chrome/107.0.0.0 Safari/537.36" 
80.192.188.85 - - [20/Nov/2022:13:20:00 -0800] "GET /bootstrap/img/favicon.ico HTTP/1.1" 200 690 "http://www.secrepo.com/" "Mozilla/5.0 (Windows NT 10.0; Win64; x64) AppleWebKit/537.36 (KHTML, like Gecko) Chrome/107.0.0.0 Safari/537.36" 
101.91.80.177 - - [20/Nov/2022:13:28:35 -0800] "GET /sql.rar HTTP/1.1" 301 489 "-" "python-requests/2.27.1" 
59.36.132.91 - - [20/Nov/2022:13:28:35 -0800] "GET /sql.rar HTTP/1.1" 404 328 "-" "python-requests/2.27.1" 
73.160.206.114 - - [20/Nov/2022:13:33:07 -0800] "GET / HTTP/1.1" 200 13185 "https://classroom.google.com/" "Mozilla/5.0 (Windows NT 10.0; Win64; x64) AppleWebKit/537.36 (KHTML, like Gecko) Chrome/107.0.0.0 Safari/537.36" 
73.160.206.114 - - [20/Nov/2022:13:33:07 -0800] "GET /css/style.css HTTP/1.1" 404 305 "http://www.secrepo.com/" "Mozilla/5.0 (Windows NT 10.0; Win64; x64) AppleWebKit/537.36 (KHTML, like Gecko) Chrome/107.0.0.0 Safari/537.36" 
73.160.206.114 - - [20/Nov/2022:13:33:07 -0800] "GET /twitter-icon.png HTTP/1.1" 200 27893 "http://www.secrepo.com/" "Mozilla/5.0 (Windows NT 10.0; Win64; x64) AppleWebKit/537.36 (KHTML, like Gecko) Chrome/107.0.0.0 Safari/537.36" 
73.160.206.114 - - [20/Nov/2022:13:33:07 -0800] "GET /GitHub-Mark.png HTTP/1.1" 200 7556 "http://www.secrepo.com/" "Mozilla/5.0 (Windows NT 10.0; Win64; x64) AppleWebKit/537.36 (KHTML, like Gecko) Chrome/107.0.0.0 Safari/537.36" 
211.92.24.83 - - [20/Nov/2022:13:40:49 -0800] "GET /sql.zip HTTP/1.1" 301 489 "-" "python-requests/2.26.0" 
211.92.24.83 - - [20/Nov/2022:13:40:52 -0800] "GET /sql.zip HTTP/1.1" 404 328 "-" "python-requests/2.26.0" 
157.55.39.209 - - [20/Nov/2022:13:46:58 -0800] "GET /self.logs/ HTTP/1.1" 200 39721 "-" "Mozilla/5.0 AppleWebKit/537.36 (KHTML, like Gecko; compatible; bingbot/2.0; +http://www.bing.com/bingbot.htm) Chrome/103.0.5060.134 Safari/537.36" 
59.36.132.91 - - [20/Nov/2022:13:53:33 -0800] "GET /sql.7z HTTP/1.1" 301 487 "-" "python-requests/2.27.1" 
183.192.179.16 - - [20/Nov/2022:13:53:34 -0800] "GET /sql.7z HTTP/1.1" 404 328 "-" "python-requests/2.27.1" 
157.55.39.209 - - [20/Nov/2022:13:55:29 -0800] "GET /self.logs/access.log.2022-08-08.gz HTTP/1.1" 200 16150 "-" "Mozilla/5.0 AppleWebKit/537.36 (KHTML, like Gecko; compatible; bingbot/2.0; +http://www.bing.com/bingbot.htm) Chrome/103.0.5060.134 Safari/537.36" 
59.36.132.91 - - [20/Nov/2022:14:06:34 -0800] "GET /db.rar HTTP/1.1" 301 487 "-" "python-requests/2.27.1" 
101.91.80.177 - - [20/Nov/2022:14:06:38 -0800] "GET /db.rar HTTP/1.1" 404 328 "-" "python-requests/2.27.1" 
66.249.66.91 - - [20/Nov/2022:14:06:53 -0800] "GET / HTTP/1.1" 200 13184 "-" "Mozilla/5.0 (Linux; Android 6.0.1; Nexus 5X Build/MMB29P) AppleWebKit/537.36 (KHTML, like Gecko) Chrome/107.0.5304.110 Mobile Safari/537.36 (compatible; Googlebot/2.1; +http://www.google.com/bot.html)" 
66.249.66.91 - - [20/Nov/2022:14:06:58 -0800] "GET /css/style.css HTTP/1.1" 404 328 "http://www.secrepo.com/" "Mozilla/5.0 (Linux; Android 6.0.1; Nexus 5X Build/MMB29P) AppleWebKit/537.36 (KHTML, like Gecko) Chrome/106.0.5249.119 Mobile Safari/537.36 (compatible; Googlebot/2.1; +http://www.google.com/bot.html)" 
66.249.66.92 - - [20/Nov/2022:14:06:58 -0800] "GET /css/style.css HTTP/1.1" 404 328 "http://www.secrepo.com/" "Mozilla/5.0 (Linux; Android 6.0.1; Nexus 5X Build/MMB29P) AppleWebKit/537.36 (KHTML, like Gecko) Chrome/106.0.5249.119 Mobile Safari/537.36 (compatible; Googlebot/2.1; +http://www.google.com/bot.html)" 
101.91.80.177 - - [20/Nov/2022:14:18:44 -0800] "GET /db.zip HTTP/1.1" 301 487 "-" "python-requests/2.27.1" 
101.91.80.177 - - [20/Nov/2022:14:18:46 -0800] "GET /db.zip HTTP/1.1" 404 328 "-" "python-requests/2.27.1" 
157.55.39.209 - - [20/Nov/2022:14:24:48 -0800] "GET /self.logs/ HTTP/1.1" 200 39721 "-" "Mozilla/5.0 AppleWebKit/537.36 (KHTML, like Gecko; compatible; bingbot/2.0; +http://www.bing.com/bingbot.htm) Chrome/103.0.5060.134 Safari/537.36" 
101.91.80.177 - - [20/Nov/2022:14:31:31 -0800] "GET /db.7z HTTP/1.1" 301 485 "-" "python-requests/2.27.1" 
183.192.179.16 - - [20/Nov/2022:14:31:32 -0800] "GET /db.7z HTTP/1.1" 404 328 "-" "python-requests/2.27.1" 
54.39.190.168 - - [20/Nov/2022:14:34:43 -0800] "GET /robots.txt HTTP/1.1" 301 439 "-" "Mozilla/5.0 (compatible; YaK/1.0; http://linkfluence.com/; bot@linkfluence.com)" 
54.39.190.168 - - [20/Nov/2022:14:34:43 -0800] "GET /robots.txt HTTP/1.1" 200 333 "-" "Mozilla/5.0 (compatible; YaK/1.0; http://linkfluence.com/; bot@linkfluence.com)" 
54.39.190.168 - - [20/Nov/2022:14:34:44 -0800] "GET / HTTP/1.1" 301 419 "-" "Mozilla/5.0 (compatible; YaK/1.0; http://linkfluence.com/; bot@linkfluence.com)" 
54.39.190.168 - - [20/Nov/2022:14:34:45 -0800] "GET /robots.txt HTTP/1.1" 200 299 "-" "Mozilla/5.0 (compatible; YaK/1.0; http://linkfluence.com/; bot@linkfluence.com)" 
54.39.190.168 - - [20/Nov/2022:14:34:45 -0800] "GET / HTTP/1.1" 200 13141 "-" "Mozilla/5.0 (compatible; YaK/1.0; http://linkfluence.com/; bot@linkfluence.com)" 
60.166.86.225 - - [20/Nov/2022:14:36:10 -0800] "POST /index.asp HTTP/1.1" 429 476 "http://misc.yahoo.com.cn/" "Mozilla/5.0+(compatible;+Baispider/2.0;++http://www.bai.com/search/spider.html)" 
60.166.86.225 - - [20/Nov/2022:14:36:11 -0800] "POST /index.asp HTTP/1.1" 429 485 "http://misc.yahoo.com.cn/" "Mozilla/5.0+(compatible;+Baispider/2.0;++http://www.bai.com/search/spider.html)" 
120.241.179.27 - - [20/Nov/2022:14:44:53 -0800] "GET /www.tar.gz HTTP/1.1" 301 495 "-" "python-requests/2.27.1" 
183.192.179.16 - - [20/Nov/2022:14:44:57 -0800] "GET /www.tar.gz HTTP/1.1" 404 328 "-" "python-requests/2.27.1" 
80.192.188.85 - - [20/Nov/2022:14:49:25 -0800] "GET / HTTP/1.1" 200 13185 "-" "Mozilla/5.0 (Windows NT 10.0; Win64; x64) AppleWebKit/537.36 (KHTML, like Gecko) Chrome/107.0.0.0 Safari/537.36" 
80.192.188.85 - - [20/Nov/2022:14:49:25 -0800] "GET /css/style.css HTTP/1.1" 404 305 "http://www.secrepo.com/" "Mozilla/5.0 (Windows NT 10.0; Win64; x64) AppleWebKit/537.36 (KHTML, like Gecko) Chrome/107.0.0.0 Safari/537.36" 
103.131.71.204 - - [20/Nov/2022:14:49:48 -0800] "GET /robots.txt HTTP/1.1" 301 458 "-" "Mozilla/5.0 (compatible; coccocbot-image/1.0; +http://help.coccoc.com/searchengine)" 
103.131.71.204 - - [20/Nov/2022:14:49:50 -0800] "GET /robots.txt HTTP/1.1" 200 340 "-" "Mozilla/5.0 (compatible; coccocbot-image/1.0; +http://help.coccoc.com/searchengine)" 
80.192.188.85 - - [20/Nov/2022:14:49:55 -0800] "GET /maccdc2012/conn.log.gz HTTP/1.1" 200 549157753 "http://www.secrepo.com/" "Mozilla/5.0 (Windows NT 10.0; Win64; x64) AppleWebKit/537.36 (KHTML, like Gecko) Chrome/107.0.0.0 Safari/537.36" 
157.55.39.209 - - [20/Nov/2022:15:01:40 -0800] "GET /self.logs/ HTTP/1.1" 200 39721 "-" "Mozilla/5.0 AppleWebKit/537.36 (KHTML, like Gecko; compatible; bingbot/2.0; +http://www.bing.com/bingbot.htm) Chrome/103.0.5060.134 Safari/537.36" 
101.91.80.177 - - [20/Nov/2022:15:04:23 -0800] "GET /web.tar.gz HTTP/1.1" 301 495 "-" "python-requests/2.27.1" 
183.192.179.16 - - [20/Nov/2022:15:04:24 -0800] "GET /web.tar.gz HTTP/1.1" 404 328 "-" "python-requests/2.27.1" 
40.77.167.45 - - [20/Nov/2022:15:06:46 -0800] "GET / HTTP/1.1" 200 13185 "-" "Mozilla/5.0 AppleWebKit/537.36 (KHTML, like Gecko; compatible; bingbot/2.0; +http://www.bing.com/bingbot.htm) Chrome/103.0.5060.134 Safari/537.36" 
157.55.39.49 - - [20/Nov/2022:15:07:04 -0800] "GET /css/style.css HTTP/1.1" 404 328 "-" "Mozilla/5.0 AppleWebKit/537.36 (KHTML, like Gecko; compatible; bingbot/2.0; +http://www.bing.com/bingbot.htm) Chrome/103.0.5060.134 Safari/537.36" 
211.92.24.83 - - [20/Nov/2022:15:16:57 -0800] "GET /bak.tar.gz HTTP/1.1" 301 495 "-" "python-requests/2.26.0" 
211.92.24.83 - - [20/Nov/2022:15:16:58 -0800] "GET /bak.tar.gz HTTP/1.1" 404 328 "-" "python-requests/2.26.0" 
102.89.46.120 - - [20/Nov/2022:15:24:16 -0800] "GET /css/style.css HTTP/1.1" 404 328 "http://www.secrepo.com/" "Mozilla/5.0 (Windows NT 10.0; Win64; x64) AppleWebKit/537.36 (KHTML, like Gecko) Chrome/107.0.0.0 Safari/537.36" 
157.55.39.49 - - [20/Nov/2022:15:24:37 -0800] "GET /self.logs/access.log.2017-06-28.gz HTTP/1.1" 200 31334 "-" "Mozilla/5.0 AppleWebKit/537.36 (KHTML, like Gecko; compatible; bingbot/2.0; +http://www.bing.com/bingbot.htm) Chrome/103.0.5060.134 Safari/537.36" 
211.92.24.83 - - [20/Nov/2022:15:28:05 -0800] "GET /wwwroot.tar.gz HTTP/1.1" 301 503 "-" "python-requests/2.26.0" 
211.92.24.83 - - [20/Nov/2022:15:28:07 -0800] "GET /wwwroot.tar.gz HTTP/1.1" 404 328 "-" "python-requests/2.26.0" 
157.55.39.209 - - [20/Nov/2022:15:40:50 -0800] "GET /self.logs/ HTTP/1.1" 200 39721 "-" "Mozilla/5.0 (compatible; bingbot/2.0; +http://www.bing.com/bingbot.htm)" 
73.236.187.124 - - [20/Nov/2022:15:42:19 -0800] "GET / HTTP/1.1" 200 13185 "https://classroom.google.com/" "Mozilla/5.0 (Macintosh; Intel Mac OS X 10_15_7) AppleWebKit/537.36 (KHTML, like Gecko) Chrome/107.0.0.0 Safari/537.36" 
73.236.187.124 - - [20/Nov/2022:15:42:19 -0800] "GET /twitter-icon.png HTTP/1.1" 200 27916 "http://www.secrepo.com/" "Mozilla/5.0 (Macintosh; Intel Mac OS X 10_15_7) AppleWebKit/537.36 (KHTML, like Gecko) Chrome/107.0.0.0 Safari/537.36" 
73.236.187.124 - - [20/Nov/2022:15:42:19 -0800] "GET /css/style.css HTTP/1.1" 404 305 "http://www.secrepo.com/" "Mozilla/5.0 (Macintosh; Intel Mac OS X 10_15_7) AppleWebKit/537.36 (KHTML, like Gecko) Chrome/107.0.0.0 Safari/537.36" 
73.236.187.124 - - [20/Nov/2022:15:42:19 -0800] "GET /GitHub-Mark.png HTTP/1.1" 200 7556 "http://www.secrepo.com/" "Mozilla/5.0 (Macintosh; Intel Mac OS X 10_15_7) AppleWebKit/537.36 (KHTML, like Gecko) Chrome/107.0.0.0 Safari/537.36" 
73.236.187.124 - - [20/Nov/2022:15:42:27 -0800] "GET /maccdc2012/dhcp.log.gz HTTP/1.1" 200 44977 "http://www.secrepo.com/" "Mozilla/5.0 (Macintosh; Intel Mac OS X 10_15_7) AppleWebKit/537.36 (KHTML, like Gecko) Chrome/107.0.0.0 Safari/537.36" 
73.236.187.124 - - [20/Nov/2022:15:44:25 -0800] "GET /maccdc2012/dns.log.gz HTTP/1.1" 200 6607379 "http://www.secrepo.com/" "Mozilla/5.0 (Macintosh; Intel Mac OS X 10_15_7) AppleWebKit/537.36 (KHTML, like Gecko) Chrome/107.0.0.0 Safari/537.36" 
120.241.179.27 - - [20/Nov/2022:15:45:12 -0800] "GET /data.tar.gz HTTP/1.1" 301 497 "-" "python-requests/2.27.1" 
120.241.179.27 - - [20/Nov/2022:15:45:14 -0800] "GET /data.tar.gz HTTP/1.1" 404 328 "-" "python-requests/2.27.1" 
114.119.138.154 - - [20/Nov/2022:15:53:50 -0800] "GET /robots.txt HTTP/1.1" 301 495 "-" "Mozilla/5.0 (compatible;PetalBot;+https://webmaster.petalsearch.com/site/petalbot)" 
114.119.138.154 - - [20/Nov/2022:15:53:51 -0800] "GET /robots.txt HTTP/1.1" 200 377 "-" "Mozilla/5.0 (compatible;PetalBot;+https://webmaster.petalsearch.com/site/petalbot)" 
59.36.132.91 - - [20/Nov/2022:15:57:25 -0800] "GET /backup.tar.gz HTTP/1.1" 301 501 "-" "python-requests/2.27.1" 
101.91.80.177 - - [20/Nov/2022:15:57:26 -0800] "GET /backup.tar.gz HTTP/1.1" 404 328 "-" "python-requests/2.27.1" 
180.163.220.4 - - [20/Nov/2022:16:15:58 -0800] "GET / HTTP/1.1" 200 13184 "-" "Mozilla/5.0 (Linux; Android 8.0.0; MHA-AL00 Build/HUAWEIMHA-AL00; wv) AppleWebKit/537.36 (KHTML, like Gecko) Version/4.0 Chrome/68.0.3440.91 Mobile Safari/537.36 BingWeb/6.9.6" 
180.163.220.68 - - [20/Nov/2022:16:15:59 -0800] "GET / HTTP/1.1" 200 13184 "http://baidu.com/" "Mozilla/5.0 (Linux; Android 8.0.0; MHA-AL00 Build/HUAWEIMHA-AL00; wv) AppleWebKit/537.36 (KHTML, like Gecko) Version/4.0 Chrome/68.0.3440.91 Mobile Safari/537.36 BingWeb/6.9.6" 
180.163.220.68 - - [20/Nov/2022:16:15:59 -0800] "GET /css/style.css HTTP/1.1" 404 305 "http://www.secrepo.com/" "Mozilla/5.0 (Linux; Android 8.0.0; MHA-AL00 Build/HUAWEIMHA-AL00; wv) AppleWebKit/537.36 (KHTML, like Gecko) Version/4.0 Chrome/68.0.3440.91 Mobile Safari/537.36 BingWeb/6.9.6" 
180.163.220.68 - - [20/Nov/2022:16:16:00 -0800] "GET /twitter-icon.png HTTP/1.1" 200 27893 "http://www.secrepo.com/" "Mozilla/5.0 (Linux; Android 8.0.0; MHA-AL00 Build/HUAWEIMHA-AL00; wv) AppleWebKit/537.36 (KHTML, like Gecko) Version/4.0 Chrome/68.0.3440.91 Mobile Safari/537.36 BingWeb/6.9.6" 
180.163.220.68 - - [20/Nov/2022:16:16:00 -0800] "GET /GitHub-Mark.png HTTP/1.1" 200 7533 "http://www.secrepo.com/" "Mozilla/5.0 (Linux; Android 8.0.0; MHA-AL00 Build/HUAWEIMHA-AL00; wv) AppleWebKit/537.36 (KHTML, like Gecko) Version/4.0 Chrome/68.0.3440.91 Mobile Safari/537.36 BingWeb/6.9.6" 
180.163.220.4 - - [20/Nov/2022:16:16:01 -0800] "GET /bootstrap/img/favicon.ico HTTP/1.1" 200 669 "-" "Mozilla/5.0 (Windows NT 10.0; WOW64) AppleWebKit/537.36 (KHTML, like Gecko) Chrome/78.0.3904.108 Safari/537.36" 
180.163.220.67 - - [20/Nov/2022:16:16:07 -0800] "GET /bootstrap/img/favicon.ico HTTP/1.1" 200 669 "-" "Mozilla/5.0 (Windows NT 10.0; WOW64) AppleWebKit/537.36 (KHTML, like Gecko) Chrome/78.0.3904.108 Safari/537.36" 
157.55.39.209 - - [20/Nov/2022:16:17:45 -0800] "GET /self.logs/ HTTP/1.1" 200 39721 "-" "Mozilla/5.0 (compatible; bingbot/2.0; +http://www.bing.com/bingbot.htm)" 
71.244.167.19 - - [20/Nov/2022:16:18:36 -0800] "GET / HTTP/1.1" 200 13184 "-" "Mozilla/5.0 (X11; Linux x86_64; rv:91.0) Gecko/20100101 Firefox/91.0" 
71.244.167.19 - - [20/Nov/2022:16:18:36 -0800] "GET /css/style.css HTTP/1.1" 404 305 "http://www.secrepo.com/" "Mozilla/5.0 (X11; Linux x86_64; rv:91.0) Gecko/20100101 Firefox/91.0" 
71.244.167.19 - - [20/Nov/2022:16:18:36 -0800] "GET /twitter-icon.png HTTP/1.1" 200 27916 "http://www.secrepo.com/" "Mozilla/5.0 (X11; Linux x86_64; rv:91.0) Gecko/20100101 Firefox/91.0" 
71.244.167.19 - - [20/Nov/2022:16:18:36 -0800] "GET /GitHub-Mark.png HTTP/1.1" 200 7556 "http://www.secrepo.com/" "Mozilla/5.0 (X11; Linux x86_64; rv:91.0) Gecko/20100101 Firefox/91.0" 
71.244.167.19 - - [20/Nov/2022:16:18:37 -0800] "GET /bootstrap/img/favicon.ico HTTP/1.1" 200 690 "http://www.secrepo.com/" "Mozilla/5.0 (X11; Linux x86_64; rv:91.0) Gecko/20100101 Firefox/91.0" 
71.244.167.19 - - [20/Nov/2022:16:18:52 -0800] "GET /css/style.css HTTP/1.1" 404 328 "http://www.secrepo.com/" "Mozilla/5.0 (X11; Linux x86_64; rv:91.0) Gecko/20100101 Firefox/91.0" 
27.115.124.45 - - [20/Nov/2022:16:20:19 -0800] "GET / HTTP/1.1" 301 475 "http://baidu.com/" "Mozilla/5.0 (Linux; Android 8.0.0; MHA-AL00 Build/HUAWEIMHA-AL00; wv) AppleWebKit/537.36 (KHTML, like Gecko) Version/4.0 Chrome/68.0.3440.91 Mobile Safari/537.36 BingWeb/6.9.6" 
27.115.124.6 - - [20/Nov/2022:16:20:20 -0800] "GET / HTTP/1.1" 200 13184 "http://baidu.com/" "Mozilla/5.0 (Linux; Android 8.0.0; MHA-AL00 Build/HUAWEIMHA-AL00; wv) AppleWebKit/537.36 (KHTML, like Gecko) Version/4.0 Chrome/68.0.3440.91 Mobile Safari/537.36 BingWeb/6.9.6" 
27.115.124.6 - - [20/Nov/2022:16:20:20 -0800] "GET /css/style.css HTTP/1.1" 404 305 "http://www.secrepo.com/" "Mozilla/5.0 (Linux; Android 8.0.0; MHA-AL00 Build/HUAWEIMHA-AL00; wv) AppleWebKit/537.36 (KHTML, like Gecko) Version/4.0 Chrome/68.0.3440.91 Mobile Safari/537.36 BingWeb/6.9.6" 
183.192.179.16 - - [20/Nov/2022:16:20:40 -0800] "GET /web.gz HTTP/1.1" 301 487 "-" "python-requests/2.27.1" 
101.91.80.177 - - [20/Nov/2022:16:20:42 -0800] "GET /web.gz HTTP/1.1" 404 328 "-" "python-requests/2.27.1" 
27.115.124.45 - - [20/Nov/2022:16:21:03 -0800] "GET /bootstrap/img/favicon.ico HTTP/1.1" 200 669 "-" "Mozilla/5.0 (Windows NT 10.0; WOW64) AppleWebKit/537.36 (KHTML, like Gecko) Chrome/78.0.3904.108 Safari/537.36" 
43.143.60.88 - - [20/Nov/2022:16:22:56 -0800] "GET /backup.rar HTTP/1.1" 404 291 "-" "Mozilla/5.0 (Linux; Android 6.0; Nexus 5 Build/MRA58N) AppleWebKit/537.36 (KHTML, like Gecko) Chrome/81.0.4044.138 Mobile Safari/537.36" 
183.192.179.16 - - [20/Nov/2022:16:32:36 -0800] "GET /bak.gz HTTP/1.1" 301 487 "-" "python-requests/2.27.1" 
183.192.179.16 - - [20/Nov/2022:16:32:37 -0800] "GET /bak.gz HTTP/1.1" 404 328 "-" "python-requests/2.27.1" 
51.222.253.5 - - [20/Nov/2022:16:36:21 -0800] "GET / HTTP/1.1" 200 13140 "-" "Mozilla/5.0 (compatible; AhrefsBot/7.0; +http://ahrefs.com/robot/)" 
211.92.24.83 - - [20/Nov/2022:16:44:49 -0800] "GET /wwwroot.gz HTTP/1.1" 301 495 "-" "python-requests/2.26.0" 
211.92.24.83 - - [20/Nov/2022:16:44:56 -0800] "GET /wwwroot.gz HTTP/1.1" 404 328 "-" "python-requests/2.26.0" 
27.150.191.126 - - [20/Nov/2022:16:50:19 -0800] "GET / HTTP/1.1" 200 13185 "-" "Mozilla/5.0 (Windows NT 10.0; Win64; x64) AppleWebKit/537.36 (KHTML, like Gecko) Chrome/76.0.3809.25 Safari/537.36" 
27.150.191.126 - - [20/Nov/2022:16:50:20 -0800] "GET /ajax.googleapis.com/ajax/libs/jquery/2.0.2/jquery.min.js HTTP/1.1" 404 305 "-" "Mozilla/5.0 (Windows NT 10.0; Win64; x64) AppleWebKit/537.36 (KHTML, like Gecko) Chrome/76.0.3809.25 Safari/537.36" 
27.150.191.126 - - [20/Nov/2022:16:50:20 -0800] "GET /netdna.bootstrapcdn.com/bootstrap/3.1.1/js/bootstrap.min.js HTTP/1.1" 404 0 "-" "Mozilla/5.0 (Windows NT 10.0; Win64; x64) AppleWebKit/537.36 (KHTML, like Gecko) Chrome/76.0.3809.25 Safari/537.36" 
27.150.191.126 - - [20/Nov/2022:16:50:30 -0800] "GET /netdna.bootstrapcdn.com/bootstrap/3.1.1/js/bootstrap.min.js HTTP/1.1" 404 0 "-" "Mozilla/5.0 (Windows NT 10.0; Win64; x64) AppleWebKit/537.36 (KHTML, like Gecko) Chrome/76.0.3809.25 Safari/537.36" 
27.150.191.126 - - [20/Nov/2022:16:50:30 -0800] "GET /www.google-analytics.com/analytics.js HTTP/1.1" 404 328 "-" "Mozilla/5.0 (Windows NT 10.0; Win64; x64) AppleWebKit/537.36 (KHTML, like Gecko) Chrome/76.0.3809.25 Safari/537.36" 
27.150.191.126 - - [20/Nov/2022:16:50:31 -0800] "GET /quantserve.com/quant.js HTTP/1.1" 404 305 "-" "Mozilla/5.0 (Windows NT 10.0; Win64; x64) AppleWebKit/537.36 (KHTML, like Gecko) Chrome/76.0.3809.25 Safari/537.36" 
176.9.139.52 - - [20/Nov/2022:16:51:13 -0800] "GET / HTTP/1.1" 301 475 "-" "Mozilla/5.0 (Windows NT 10.0; Win64; x64) AppleWebKit/537.36 (KHTML, like Gecko) Chrome/89.0.4389.114 Safari/537.36" 
176.9.139.52 - - [20/Nov/2022:16:51:14 -0800] "GET / HTTP/1.1" 200 49133 "-" "Mozilla/5.0 (Windows NT 10.0; Win64; x64) AppleWebKit/537.36 (KHTML, like Gecko) Chrome/89.0.4389.114 Safari/537.36" 
176.9.139.52 - - [20/Nov/2022:16:51:16 -0800] "GET //wp-includes/wlwmanifest.xml HTTP/1.1" 404 305 "-" "Mozilla/5.0 (Windows NT 10.0; Win64; x64) AppleWebKit/537.36 (KHTML, like Gecko) Chrome/89.0.4389.114 Safari/537.36" 
176.9.139.52 - - [20/Nov/2022:16:51:16 -0800] "GET //xmlrpc.php?rsd HTTP/1.1" 404 305 "-" "Mozilla/5.0 (Windows NT 10.0; Win64; x64) AppleWebKit/537.36 (KHTML, like Gecko) Chrome/89.0.4389.114 Safari/537.36" 
176.9.139.52 - - [20/Nov/2022:16:51:17 -0800] "GET / HTTP/1.1" 200 49110 "-" "Mozilla/5.0 (Windows NT 10.0; Win64; x64) AppleWebKit/537.36 (KHTML, like Gecko) Chrome/89.0.4389.114 Safari/537.36" 
176.9.139.52 - - [20/Nov/2022:16:51:20 -0800] "GET //blog/wp-includes/wlwmanifest.xml HTTP/1.1" 404 305 "-" "Mozilla/5.0 (Windows NT 10.0; Win64; x64) AppleWebKit/537.36 (KHTML, like Gecko) Chrome/89.0.4389.114 Safari/537.36" 
176.9.139.52 - - [20/Nov/2022:16:51:20 -0800] "GET //web/wp-includes/wlwmanifest.xml HTTP/1.1" 404 305 "-" "Mozilla/5.0 (Windows NT 10.0; Win64; x64) AppleWebKit/537.36 (KHTML, like Gecko) Chrome/89.0.4389.114 Safari/537.36" 
176.9.139.52 - - [20/Nov/2022:16:51:21 -0800] "GET //wordpress/wp-includes/wlwmanifest.xml HTTP/1.1" 404 305 "-" "Mozilla/5.0 (Windows NT 10.0; Win64; x64) AppleWebKit/537.36 (KHTML, like Gecko) Chrome/89.0.4389.114 Safari/537.36" 
176.9.139.52 - - [20/Nov/2022:16:51:22 -0800] "GET //website/wp-includes/wlwmanifest.xml HTTP/1.1" 404 305 "-" "Mozilla/5.0 (Windows NT 10.0; Win64; x64) AppleWebKit/537.36 (KHTML, like Gecko) Chrome/89.0.4389.114 Safari/537.36" 
176.9.139.52 - - [20/Nov/2022:16:51:22 -0800] "GET //wp/wp-includes/wlwmanifest.xml HTTP/1.1" 404 305 "-" "Mozilla/5.0 (Windows NT 10.0; Win64; x64) AppleWebKit/537.36 (KHTML, like Gecko) Chrome/89.0.4389.114 Safari/537.36" 
176.9.139.52 - - [20/Nov/2022:16:51:22 -0800] "GET //news/wp-includes/wlwmanifest.xml HTTP/1.1" 404 305 "-" "Mozilla/5.0 (Windows NT 10.0; Win64; x64) AppleWebKit/537.36 (KHTML, like Gecko) Chrome/89.0.4389.114 Safari/537.36" 
176.9.139.52 - - [20/Nov/2022:16:51:22 -0800] "GET //2020/wp-includes/wlwmanifest.xml HTTP/1.1" 404 305 "-" "Mozilla/5.0 (Windows NT 10.0; Win64; x64) AppleWebKit/537.36 (KHTML, like Gecko) Chrome/89.0.4389.114 Safari/537.36" 
176.9.139.52 - - [20/Nov/2022:16:51:22 -0800] "GET //2019/wp-includes/wlwmanifest.xml HTTP/1.1" 404 305 "-" "Mozilla/5.0 (Windows NT 10.0; Win64; x64) AppleWebKit/537.36 (KHTML, like Gecko) Chrome/89.0.4389.114 Safari/537.36" 
176.9.139.52 - - [20/Nov/2022:16:51:22 -0800] "GET //shop/wp-includes/wlwmanifest.xml HTTP/1.1" 404 305 "-" "Mozilla/5.0 (Windows NT 10.0; Win64; x64) AppleWebKit/537.36 (KHTML, like Gecko) Chrome/89.0.4389.114 Safari/537.36" 
176.9.139.52 - - [20/Nov/2022:16:51:22 -0800] "GET //wp1/wp-includes/wlwmanifest.xml HTTP/1.1" 404 305 "-" "Mozilla/5.0 (Windows NT 10.0; Win64; x64) AppleWebKit/537.36 (KHTML, like Gecko) Chrome/89.0.4389.114 Safari/537.36" 
176.9.139.52 - - [20/Nov/2022:16:51:23 -0800] "GET //test/wp-includes/wlwmanifest.xml HTTP/1.1" 404 305 "-" "Mozilla/5.0 (Windows NT 10.0; Win64; x64) AppleWebKit/537.36 (KHTML, like Gecko) Chrome/89.0.4389.114 Safari/537.36" 
176.9.139.52 - - [20/Nov/2022:16:51:23 -0800] "GET //wp2/wp-includes/wlwmanifest.xml HTTP/1.1" 404 305 "-" "Mozilla/5.0 (Windows NT 10.0; Win64; x64) AppleWebKit/537.36 (KHTML, like Gecko) Chrome/89.0.4389.114 Safari/537.36" 
176.9.139.52 - - [20/Nov/2022:16:51:23 -0800] "GET //site/wp-includes/wlwmanifest.xml HTTP/1.1" 404 305 "-" "Mozilla/5.0 (Windows NT 10.0; Win64; x64) AppleWebKit/537.36 (KHTML, like Gecko) Chrome/89.0.4389.114 Safari/537.36" 
176.9.139.52 - - [20/Nov/2022:16:51:23 -0800] "GET //cms/wp-includes/wlwmanifest.xml HTTP/1.1" 404 305 "-" "Mozilla/5.0 (Windows NT 10.0; Win64; x64) AppleWebKit/537.36 (KHTML, like Gecko) Chrome/89.0.4389.114 Safari/537.36" 
176.9.139.52 - - [20/Nov/2022:16:51:23 -0800] "GET //sito/wp-includes/wlwmanifest.xml HTTP/1.1" 404 305 "-" "Mozilla/5.0 (Windows NT 10.0; Win64; x64) AppleWebKit/537.36 (KHTML, like Gecko) Chrome/89.0.4389.114 Safari/537.36" 
157.55.39.209 - - [20/Nov/2022:16:55:51 -0800] "GET /self.logs/ HTTP/1.1" 200 39721 "-" "Mozilla/5.0 (compatible; bingbot/2.0; +http://www.bing.com/bingbot.htm)" 
183.192.179.16 - - [20/Nov/2022:16:56:47 -0800] "GET /data.gz HTTP/1.1" 301 489 "-" "python-requests/2.27.1" 
120.92.72.185 - - [20/Nov/2022:16:58:08 -0800] "GET / HTTP/1.1" 301 475 "-" "Mozilla/5.0 (Windows NT 10.0; Win64; x64) Gecko/20100101 Firefox/21.0" 
120.92.72.88 - - [20/Nov/2022:16:58:12 -0800] "GET / HTTP/1.1" 200 13185 "-" "Mozilla/5.0 (Windows NT 10.0; Win64; x64) Gecko/20100101 Firefox/21.0" 
101.91.80.177 - - [20/Nov/2022:17:08:16 -0800] "GET /backup.gz HTTP/1.1" 301 493 "-" "python-requests/2.27.1" 
220.116.191.47 - - [20/Nov/2022:17:10:13 -0800] "GET / HTTP/1.1" 200 13185 "-" "Mozilla/5.0 (Windows NT 10.0; Win64; x64) AppleWebKit/537.36 (KHTML, like Gecko) Chrome/107.0.0.0 Safari/537.36" 
220.116.191.47 - - [20/Nov/2022:17:10:13 -0800] "GET /css/style.css HTTP/1.1" 404 305 "http://www.secrepo.com/" "Mozilla/5.0 (Windows NT 10.0; Win64; x64) AppleWebKit/537.36 (KHTML, like Gecko) Chrome/107.0.0.0 Safari/537.36" 
220.116.191.47 - - [20/Nov/2022:17:10:13 -0800] "GET /twitter-icon.png HTTP/1.1" 200 27916 "http://www.secrepo.com/" "Mozilla/5.0 (Windows NT 10.0; Win64; x64) AppleWebKit/537.36 (KHTML, like Gecko) Chrome/107.0.0.0 Safari/537.36" 
220.116.191.47 - - [20/Nov/2022:17:10:13 -0800] "GET /GitHub-Mark.png HTTP/1.1" 200 7556 "http://www.secrepo.com/" "Mozilla/5.0 (Windows NT 10.0; Win64; x64) AppleWebKit/537.36 (KHTML, like Gecko) Chrome/107.0.0.0 Safari/537.36" 
220.116.191.47 - - [20/Nov/2022:17:10:14 -0800] "GET /bootstrap/img/favicon.ico HTTP/1.1" 200 690 "http://www.secrepo.com/" "Mozilla/5.0 (Windows NT 10.0; Win64; x64) AppleWebKit/537.36 (KHTML, like Gecko) Chrome/107.0.0.0 Safari/537.36" 
195.191.219.131 - - [20/Nov/2022:17:18:37 -0800] "GET /robots.txt HTTP/1.1" 200 377 "-" "Mozilla/5.0 (compatible; MJ12bot/v1.4.8; http://mj12bot.com/)" 
195.191.219.131 - - [20/Nov/2022:17:18:38 -0800] "GET / HTTP/1.1" 200 13107 "-" "Mozilla/5.0 (compatible; MJ12bot/v1.4.8; http://mj12bot.com/)" 
211.92.24.83 - - [20/Nov/2022:17:20:08 -0800] "GET /1.gz HTTP/1.1" 301 483 "-" "python-requests/2.26.0" 
211.92.24.83 - - [20/Nov/2022:17:20:13 -0800] "GET /1.gz HTTP/1.1" 404 328 "-" "python-requests/2.26.0" 
120.241.179.27 - - [20/Nov/2022:17:33:29 -0800] "GET /secrepo.rar HTTP/1.1" 301 497 "-" "python-requests/2.27.1" 
183.192.179.16 - - [20/Nov/2022:17:33:30 -0800] "GET /secrepo.rar HTTP/1.1" 404 328 "-" "python-requests/2.27.1" 
157.55.39.209 - - [20/Nov/2022:17:33:38 -0800] "GET /self.logs/ HTTP/1.1" 200 39721 "-" "Mozilla/5.0 AppleWebKit/537.36 (KHTML, like Gecko; compatible; bingbot/2.0; +http://www.bing.com/bingbot.htm) Chrome/103.0.5060.134 Safari/537.36" 
192.80.55.89 - - [20/Nov/2022:17:37:20 -0800] "GET / HTTP/1.1" 200 13185 "-" "Mozilla/5.0 (Windows NT 10.0; Win64; x64) AppleWebKit/537.36 (KHTML, like Gecko) Chrome/107.0.0.0 Safari/537.36 Edg/107.0.1418.52" 
192.80.55.89 - - [20/Nov/2022:17:37:20 -0800] "GET /css/style.css HTTP/1.1" 404 328 "http://www.secrepo.com/" "Mozilla/5.0 (Windows NT 10.0; Win64; x64) AppleWebKit/537.36 (KHTML, like Gecko) Chrome/107.0.0.0 Safari/537.36 Edg/107.0.1418.52" 
192.80.55.89 - - [20/Nov/2022:17:37:20 -0800] "GET /twitter-icon.png HTTP/1.1" 200 27893 "http://www.secrepo.com/" "Mozilla/5.0 (Windows NT 10.0; Win64; x64) AppleWebKit/537.36 (KHTML, like Gecko) Chrome/107.0.0.0 Safari/537.36 Edg/107.0.1418.52" 
192.80.55.89 - - [20/Nov/2022:17:37:20 -0800] "GET /GitHub-Mark.png HTTP/1.1" 200 7533 "http://www.secrepo.com/" "Mozilla/5.0 (Windows NT 10.0; Win64; x64) AppleWebKit/537.36 (KHTML, like Gecko) Chrome/107.0.0.0 Safari/537.36 Edg/107.0.1418.52" 
192.80.55.89 - - [20/Nov/2022:17:37:22 -0800] "GET /bootstrap/img/favicon.ico HTTP/1.1" 200 713 "http://www.secrepo.com/" "Mozilla/5.0 (Windows NT 10.0; Win64; x64) AppleWebKit/537.36 (KHTML, like Gecko) Chrome/107.0.0.0 Safari/537.36 Edg/107.0.1418.52" 
76.68.87.54 - - [20/Nov/2022:17:38:03 -0800] "GET / HTTP/1.1" 200 13185 "-" "Mozilla/5.0 (Macintosh; Intel Mac OS X 10_15_7) AppleWebKit/605.1.15 (KHTML, like Gecko) Version/16.0 Safari/605.1.15" 
76.68.87.54 - - [20/Nov/2022:17:38:03 -0800] "GET /twitter-icon.png HTTP/1.1" 200 27893 "http://www.secrepo.com/" "Mozilla/5.0 (Macintosh; Intel Mac OS X 10_15_7) AppleWebKit/605.1.15 (KHTML, like Gecko) Version/16.0 Safari/605.1.15" 
76.68.87.54 - - [20/Nov/2022:17:38:03 -0800] "GET /css/style.css HTTP/1.1" 404 328 "http://www.secrepo.com/" "Mozilla/5.0 (Macintosh; Intel Mac OS X 10_15_7) AppleWebKit/605.1.15 (KHTML, like Gecko) Version/16.0 Safari/605.1.15" 
76.68.87.54 - - [20/Nov/2022:17:38:03 -0800] "GET /GitHub-Mark.png HTTP/1.1" 200 7533 "http://www.secrepo.com/" "Mozilla/5.0 (Macintosh; Intel Mac OS X 10_15_7) AppleWebKit/605.1.15 (KHTML, like Gecko) Version/16.0 Safari/605.1.15" 
76.68.87.54 - - [20/Nov/2022:17:38:05 -0800] "GET /bootstrap/img/favicon.ico HTTP/1.1" 200 690 "http://www.secrepo.com/" "Mozilla/5.0 (Macintosh; Intel Mac OS X 10_15_7) AppleWebKit/605.1.15 (KHTML, like Gecko) Version/16.0 Safari/605.1.15" 
103.131.71.216 - - [20/Nov/2022:17:58:29 -0800] "GET /robots.txt HTTP/1.1" 301 458 "-" "Mozilla/5.0 (compatible; coccocbot-image/1.0; +http://help.coccoc.com/searchengine)" 
103.131.71.216 - - [20/Nov/2022:17:58:32 -0800] "GET /robots.txt HTTP/1.1" 200 340 "-" "Mozilla/5.0 (compatible; coccocbot-image/1.0; +http://help.coccoc.com/searchengine)" 
157.55.39.209 - - [20/Nov/2022:18:10:12 -0800] "GET /self.logs/ HTTP/1.1" 200 39721 "-" "Mozilla/5.0 (compatible; bingbot/2.0; +http://www.bing.com/bingbot.htm)" 
211.92.24.83 - - [20/Nov/2022:18:22:18 -0800] "GET /secrepo.tar.gz HTTP/1.1" 301 503 "-" "python-requests/2.26.0" 
211.92.24.83 - - [20/Nov/2022:18:22:21 -0800] "GET /secrepo.tar.gz HTTP/1.1" 404 328 "-" "python-requests/2.26.0" 
73.160.206.114 - - [20/Nov/2022:18:25:30 -0800] "GET / HTTP/1.1" 200 13185 "https://classroom.google.com/" "Mozilla/5.0 (Windows NT 10.0; Win64; x64) AppleWebKit/537.36 (KHTML, like Gecko) Chrome/107.0.0.0 Safari/537.36" 
73.160.206.114 - - [20/Nov/2022:18:25:31 -0800] "GET /css/style.css HTTP/1.1" 404 305 "http://www.secrepo.com/" "Mozilla/5.0 (Windows NT 10.0; Win64; x64) AppleWebKit/537.36 (KHTML, like Gecko) Chrome/107.0.0.0 Safari/537.36" 
73.160.206.114 - - [20/Nov/2022:18:25:46 -0800] "GET /maccdc2012/tunnel.log.gz HTTP/1.1" 200 5282 "http://www.secrepo.com/" "Mozilla/5.0 (Windows NT 10.0; Win64; x64) AppleWebKit/537.36 (KHTML, like Gecko) Chrome/107.0.0.0 Safari/537.36" 
210.91.35.179 - - [20/Nov/2022:18:27:17 -0800] "GET / HTTP/1.1" 200 13185 "-" "Mozilla/5.0 (Windows NT 10.0; Win64; x64) AppleWebKit/537.36 (KHTML, like Gecko) Chrome/106.0.5249.114 Whale/3.17.145.12 Safari/537.36" 
210.91.35.179 - - [20/Nov/2022:18:27:17 -0800] "GET /css/style.css HTTP/1.1" 404 305 "http://www.secrepo.com/" "Mozilla/5.0 (Windows NT 10.0; Win64; x64) AppleWebKit/537.36 (KHTML, like Gecko) Chrome/106.0.5249.114 Whale/3.17.145.12 Safari/537.36" 
210.91.35.179 - - [20/Nov/2022:18:27:17 -0800] "GET /twitter-icon.png HTTP/1.1" 200 27916 "http://www.secrepo.com/" "Mozilla/5.0 (Windows NT 10.0; Win64; x64) AppleWebKit/537.36 (KHTML, like Gecko) Chrome/106.0.5249.114 Whale/3.17.145.12 Safari/537.36" 
210.91.35.179 - - [20/Nov/2022:18:27:17 -0800] "GET /GitHub-Mark.png HTTP/1.1" 200 7556 "http://www.secrepo.com/" "Mozilla/5.0 (Windows NT 10.0; Win64; x64) AppleWebKit/537.36 (KHTML, like Gecko) Chrome/106.0.5249.114 Whale/3.17.145.12 Safari/537.36" 
210.91.35.179 - - [20/Nov/2022:18:27:18 -0800] "GET /bootstrap/img/favicon.ico HTTP/1.1" 200 690 "http://www.secrepo.com/" "Mozilla/5.0 (Windows NT 10.0; Win64; x64) AppleWebKit/537.36 (KHTML, like Gecko) Chrome/106.0.5249.114 Whale/3.17.145.12 Safari/537.36" 
210.91.35.179 - - [20/Nov/2022:18:27:44 -0800] "GET /pe_static/apt1.zip HTTP/1.1" 200 1983439 "http://www.secrepo.com/" "Mozilla/5.0 (Windows NT 10.0; Win64; x64) AppleWebKit/537.36 (KHTML, like Gecko) Chrome/106.0.5249.114 Whale/3.17.145.12 Safari/537.36" 
210.91.35.179 - - [20/Nov/2022:18:29:46 -0800] "GET /pe_static/op-cleaver.zip HTTP/1.1" 200 710176 "http://www.secrepo.com/" "Mozilla/5.0 (Windows NT 10.0; Win64; x64) AppleWebKit/537.36 (KHTML, like Gecko) Chrome/106.0.5249.114 Whale/3.17.145.12 Safari/537.36" 
52.212.146.96 - - [20/Nov/2022:18:30:02 -0800] "GET /self.logs/access.log.2022-11-14.gz HTTP/1.1" 200 16704 "-" "python-requests/2.12.1" 
183.192.179.16 - - [20/Nov/2022:18:37:54 -0800] "GET /secrepo.gz HTTP/1.1" 301 495 "-" "python-requests/2.27.1" 
206.47.249.246 - - [20/Nov/2022:18:39:04 -0800] "GET /self.logs/error.log.2019-04-23.gz HTTP/1.1" 304 280 "-" "Mozilla/4.0 (compatible;)" 
114.119.149.218 - - [20/Nov/2022:18:41:41 -0800] "GET /self.logs/error.log.2019-12-24 HTTP/1.1" 200 351 "http://www.secrepo.com/self.logs?C=N%3BO%3DD" "Mozilla/5.0 (Linux; Android 7.0;) AppleWebKit/537.36 (KHTML, like Gecko) Mobile Safari/537.36 (compatible; PetalBot;+https://webmaster.petalsearch.com/site/petalbot)" 
51.222.253.2 - - [20/Nov/2022:18:41:58 -0800] "GET /robots.txt HTTP/1.1" 200 333 "-" "Mozilla/5.0 (compatible; AhrefsBot/7.0; +http://ahrefs.com/robot/)" 
51.222.253.17 - - [20/Nov/2022:18:41:59 -0800] "GET /self.logs/ HTTP/1.1" 200 39677 "-" "Mozilla/5.0 (compatible; AhrefsBot/7.0; +http://ahrefs.com/robot/)" 
157.55.39.209 - - [20/Nov/2022:18:48:16 -0800] "GET /self.logs/ HTTP/1.1" 200 39721 "-" "Mozilla/5.0 (compatible; bingbot/2.0; +http://www.bing.com/bingbot.htm)" 
114.119.149.228 - - [20/Nov/2022:18:49:04 -0800] "GET /self.logs/error.log.2020-07-10 HTTP/1.1" 200 351 "http://www.secrepo.com/self.logs?C=N%3BO%3DD" "Mozilla/5.0 (Linux; Android 7.0;) AppleWebKit/537.36 (KHTML, like Gecko) Mobile Safari/537.36 (compatible; PetalBot;+https://webmaster.petalsearch.com/site/petalbot)" 
104.233.169.123 - - [20/Nov/2022:19:03:34 -0800] "GET / HTTP/1.1" 301 438 "-" "Go-http-client/1.1" 
104.233.169.123 - - [20/Nov/2022:19:03:35 -0800] "GET / HTTP/1.1" 200 13147 "http://secrepo.com" "Go-http-client/1.1" 
66.249.66.92 - - [20/Nov/2022:19:09:00 -0800] "GET /ads.txt HTTP/1.1" 404 328 "-" "Mozilla/5.0 (compatible; Googlebot/2.1; +http://www.google.com/bot.html)" 
66.249.66.158 - - [20/Nov/2022:19:09:00 -0800] "GET /ads.txt HTTP/1.1" 301 489 "-" "Mozilla/5.0 (compatible; Googlebot/2.1; +http://www.google.com/bot.html)" 
182.150.91.81 - - [20/Nov/2022:19:11:06 -0800] "GET /honeypot/honeypot.json.zip HTTP/1.1" 200 78400 "-" "Mozilla/5.0 (Windows NT 10.0; Win64; x64) AppleWebKit/537.36 (KHTML, like Gecko) Chrome/106.0.0.0 Safari/537.36" 
182.150.91.81 - - [20/Nov/2022:19:11:11 -0800] "GET /honeypot/honeypot.json.zip HTTP/1.1" 206 445 "-" "Mozilla/5.0 (Windows NT 10.0; Win64; x64) AppleWebKit/537.36 (KHTML, like Gecko) Chrome/106.0.0.0 Safari/537.36" 
182.150.91.81 - - [20/Nov/2022:19:11:12 -0800] "GET /honeypot/honeypot.json.zip HTTP/1.1" 206 78400 "-" "Mozilla/5.0 (Windows NT 10.0; Win64; x64) AppleWebKit/537.36 (KHTML, like Gecko) Chrome/106.0.0.0 Safari/537.36" 
159.226.94.118 - - [20/Nov/2022:19:12:01 -0800] "GET /favicon.ico HTTP/1.1" 200 391 "-" "Mozilla/5.0 (Windows NT 10.0; WOW64) AppleWebKit/537.36 (KHTML, like Gecko) Chrome/86.0.4240.198 Safari/537.36" 
183.192.179.16 - - [20/Nov/2022:19:12:27 -0800] "GET /secrepo.com.zip HTTP/1.1" 301 505 "-" "python-requests/2.27.1" 
183.192.179.16 - - [20/Nov/2022:19:12:33 -0800] "GET /secrepo.com.zip HTTP/1.1" 404 328 "-" "python-requests/2.27.1" 
142.162.191.175 - - [20/Nov/2022:19:19:09 -0800] "GET / HTTP/1.1" 200 13185 "https://classroom.google.com/" "Mozilla/5.0 (Windows NT 10.0; Win64; x64) AppleWebKit/537.36 (KHTML, like Gecko) Chrome/107.0.0.0 Safari/537.36 Edg/107.0.1418.52" 
142.162.191.175 - - [20/Nov/2022:19:19:10 -0800] "GET /css/style.css HTTP/1.1" 404 305 "http://www.secrepo.com/" "Mozilla/5.0 (Windows NT 10.0; Win64; x64) AppleWebKit/537.36 (KHTML, like Gecko) Chrome/107.0.0.0 Safari/537.36 Edg/107.0.1418.52" 
142.162.191.175 - - [20/Nov/2022:19:19:10 -0800] "GET /twitter-icon.png HTTP/1.1" 200 27916 "http://www.secrepo.com/" "Mozilla/5.0 (Windows NT 10.0; Win64; x64) AppleWebKit/537.36 (KHTML, like Gecko) Chrome/107.0.0.0 Safari/537.36 Edg/107.0.1418.52" 
142.162.191.175 - - [20/Nov/2022:19:19:10 -0800] "GET /GitHub-Mark.png HTTP/1.1" 200 7533 "http://www.secrepo.com/" "Mozilla/5.0 (Windows NT 10.0; Win64; x64) AppleWebKit/537.36 (KHTML, like Gecko) Chrome/107.0.0.0 Safari/537.36 Edg/107.0.1418.52" 
142.162.191.175 - - [20/Nov/2022:19:19:10 -0800] "GET /bootstrap/img/favicon.ico HTTP/1.1" 200 690 "http://www.secrepo.com/" "Mozilla/5.0 (Windows NT 10.0; Win64; x64) AppleWebKit/537.36 (KHTML, like Gecko) Chrome/107.0.0.0 Safari/537.36 Edg/107.0.1418.52" 
142.162.191.175 - - [20/Nov/2022:19:19:39 -0800] "GET /maccdc2012/dhcp.log.gz HTTP/1.1" 200 44977 "http://www.secrepo.com/" "Mozilla/5.0 (Windows NT 10.0; Win64; x64) AppleWebKit/537.36 (KHTML, like Gecko) Chrome/107.0.0.0 Safari/537.36 Edg/107.0.1418.52" 
20.210.206.79 - - [20/Nov/2022:19:20:14 -0800] "GET / HTTP/1.1" 200 13185 "http://www.secrepo.com" "Mozilla/5.0 (Windows NT 10.0; WOW64) AppleWebKit/537.36 (KHTML, like Gecko) Chrome/86.0.4240.198 Safari/537.36" 
142.162.191.175 - - [20/Nov/2022:19:22:22 -0800] "GET /maccdc2012/ftp.log.gz HTTP/1.1" 200 127761 "http://www.secrepo.com/" "Mozilla/5.0 (Windows NT 10.0; Win64; x64) AppleWebKit/537.36 (KHTML, like Gecko) Chrome/107.0.0.0 Safari/537.36 Edg/107.0.1418.52" 
142.162.191.175 - - [20/Nov/2022:19:23:40 -0800] "GET /maccdc2012/dns.log.gz HTTP/1.1" 200 6607379 "http://www.secrepo.com/" "Mozilla/5.0 (Windows NT 10.0; Win64; x64) AppleWebKit/537.36 (KHTML, like Gecko) Chrome/107.0.0.0 Safari/537.36 Edg/107.0.1418.52" 
157.55.39.209 - - [20/Nov/2022:19:25:45 -0800] "GET /self.logs/ HTTP/1.1" 200 39721 "-" "Mozilla/5.0 (compatible; bingbot/2.0; +http://www.bing.com/bingbot.htm)" 
142.162.191.175 - - [20/Nov/2022:19:27:54 -0800] "GET /pe_static/apt1.zip HTTP/1.1" 200 1983439 "http://www.secrepo.com/" "Mozilla/5.0 (Windows NT 10.0; Win64; x64) AppleWebKit/537.36 (KHTML, like Gecko) Chrome/107.0.0.0 Safari/537.36 Edg/107.0.1418.52" 
94.74.127.96 - - [20/Nov/2022:19:53:06 -0800] "GET / HTTP/1.1" 200 13185 "-" "Mozilla/5.0 (Windows NT 10.0; WOW64) AppleWebKit/537.36 (KHTML, like Gecko) Chrome/63.0.3239.132 Safari/537.36" 
114.119.149.218 - - [20/Nov/2022:19:55:54 -0800] "GET /self.logs/error.log.2017-06-06.gz HTTP/1.1" 200 1098 "-" "Mozilla/5.0 (compatible;PetalBot;+https://webmaster.petalsearch.com/site/petalbot)" 
120.241.179.27 - - [20/Nov/2022:19:58:54 -0800] "GET /secrepo.com.gz HTTP/1.1" 301 503 "-" "python-requests/2.27.1" 
101.91.80.177 - - [20/Nov/2022:19:58:56 -0800] "GET /secrepo.com.gz HTTP/1.1" 404 328 "-" "python-requests/2.27.1" 
157.55.39.209 - - [20/Nov/2022:20:02:35 -0800] "GET /self.logs/ HTTP/1.1" 200 39721 "-" "Mozilla/5.0 AppleWebKit/537.36 (KHTML, like Gecko; compatible; bingbot/2.0; +http://www.bing.com/bingbot.htm) Chrome/103.0.5060.134 Safari/537.36" 
114.119.149.228 - - [20/Nov/2022:20:06:05 -0800] "GET /self.logs/error.log.2020-07-11 HTTP/1.1" 200 351 "http://www.secrepo.com/self.logs?C=N%3BO%3DD" "Mozilla/5.0 (Linux; Android 7.0;) AppleWebKit/537.36 (KHTML, like Gecko) Mobile Safari/537.36 (compatible; PetalBot;+https://webmaster.petalsearch.com/site/petalbot)" 
114.119.149.23 - - [20/Nov/2022:20:11:08 -0800] "GET /self.logs/error.log.2017-08-01.gz HTTP/1.1" 200 1004 "-" "Mozilla/5.0 (compatible;PetalBot;+https://webmaster.petalsearch.com/site/petalbot)" 
20.89.58.255 - - [20/Nov/2022:20:12:51 -0800] "GET / HTTP/1.1" 200 13182 "http://www.secrepo.com" "Mozilla/5.0 (Windows NT 10.0; WOW64) AppleWebKit/537.36 (KHTML, like Gecko) Chrome/86.0.4240.198 Safari/537.36" 
84.239.49.185 - - [20/Nov/2022:20:12:58 -0800] "GET /robots.txt HTTP/1.1" 200 333 "-" "Mozilla/5.0 (Windows NT 10.0; Win64; x64) AppleWebKit/537.36 (KHTML, like Gecko) Chrome/107.0.0.0 Safari/537.36" 
84.239.49.185 - - [20/Nov/2022:20:12:58 -0800] "GET /Security-Data-Analysis/Lab_1/conn.log.zip HTTP/1.1" 200 921260 "-" "Mozilla/5.0 (Windows NT 10.0; Win64; x64) AppleWebKit/537.36 (KHTML, like Gecko) Chrome/107.0.0.0 Safari/537.36" 
197.211.58.30 - - [20/Nov/2022:20:12:59 -0800] "GET /Security-Data-Analysis/Lab_1/conn.log.zip HTTP/1.1" 206 23775 "-" "Mozilla/5.0 (Windows NT 10.0; Win64; x64) AppleWebKit/537.36 (KHTML, like Gecko) Chrome/107.0.0.0 Safari/537.36" 
197.211.58.30 - - [20/Nov/2022:20:12:59 -0800] "GET /Security-Data-Analysis/Lab_1/conn.log.zip HTTP/1.1" 200 789600 "-" "Mozilla/5.0 (Windows NT 10.0; Win64; x64) AppleWebKit/537.36 (KHTML, like Gecko) Chrome/107.0.0.0 Safari/537.36" 
197.211.58.30 - - [20/Nov/2022:20:13:01 -0800] "GET /Security-Data-Analysis/Lab_1/conn.log.zip HTTP/1.1" 206 1688417 "-" "Mozilla/5.0 (Windows NT 10.0; Win64; x64) AppleWebKit/537.36 (KHTML, like Gecko) Chrome/107.0.0.0 Safari/537.36" 
197.211.58.30 - - [20/Nov/2022:20:13:00 -0800] "GET /Security-Data-Analysis/Lab_1/conn.log.zip HTTP/1.1" 206 7320418 "-" "Mozilla/5.0 (Windows NT 10.0; Win64; x64) AppleWebKit/537.36 (KHTML, like Gecko) Chrome/107.0.0.0 Safari/537.36" 
197.211.58.30 - - [20/Nov/2022:20:13:00 -0800] "GET /Security-Data-Analysis/Lab_1/conn.log.zip HTTP/1.1" 206 7624415 "-" "Mozilla/5.0 (Windows NT 10.0; Win64; x64) AppleWebKit/537.36 (KHTML, like Gecko) Chrome/107.0.0.0 Safari/537.36" 
197.211.58.30 - - [20/Nov/2022:20:13:01 -0800] "GET /Security-Data-Analysis/Lab_1/conn.log.zip HTTP/1.1" 206 1408417 "-" "Mozilla/5.0 (Windows NT 10.0; Win64; x64) AppleWebKit/537.36 (KHTML, like Gecko) Chrome/107.0.0.0 Safari/537.36" 
197.211.58.30 - - [20/Nov/2022:20:13:01 -0800] "GET /Security-Data-Analysis/Lab_1/conn.log.zip HTTP/1.1" 206 1424418 "-" "Mozilla/5.0 (Windows NT 10.0; Win64; x64) AppleWebKit/537.36 (KHTML, like Gecko) Chrome/107.0.0.0 Safari/537.36" 
197.211.58.30 - - [20/Nov/2022:20:13:01 -0800] "GET /Security-Data-Analysis/Lab_1/conn.log.zip HTTP/1.1" 206 1600417 "-" "Mozilla/5.0 (Windows NT 10.0; Win64; x64) AppleWebKit/537.36 (KHTML, like Gecko) Chrome/107.0.0.0 Safari/537.36" 
197.211.58.30 - - [20/Nov/2022:20:13:00 -0800] "GET /Security-Data-Analysis/Lab_1/conn.log.zip HTTP/1.1" 206 5928418 "-" "Mozilla/5.0 (Windows NT 10.0; Win64; x64) AppleWebKit/537.36 (KHTML, like Gecko) Chrome/107.0.0.0 Safari/537.36" 
114.119.145.137 - - [20/Nov/2022:20:16:12 -0800] "GET /self.logs/error.log.2020-07-03 HTTP/1.1" 200 351 "http://www.secrepo.com/self.logs?C=N%3BO%3DD" "Mozilla/5.0 (Linux; Android 7.0;) AppleWebKit/537.36 (KHTML, like Gecko) Mobile Safari/537.36 (compatible; PetalBot;+https://webmaster.petalsearch.com/site/petalbot)" 
197.211.58.30 - - [20/Nov/2022:20:13:04 -0800] "GET /Security-Data-Analysis/Lab_1/conn.log.zip HTTP/1.1" 206 417200 "-" "Mozilla/5.0 (Windows NT 10.0; Win64; x64) AppleWebKit/537.36 (KHTML, like Gecko) Chrome/107.0.0.0 Safari/537.36" 
20.89.58.255 - - [20/Nov/2022:20:23:11 -0800] "GET / HTTP/1.1" 200 13184 "http://www.secrepo.com" "Mozilla/5.0 (Windows NT 10.0; WOW64) AppleWebKit/537.36 (KHTML, like Gecko) Chrome/86.0.4240.198 Safari/537.36" 
125.65.228.13 - - [20/Nov/2022:20:36:23 -0800] "GET /data/admin.php HTTP/1.1" 404 328 "http://www.secrepo.com/data/admin.php" "Mozilla/4.0 (compatible; MSIE 7.0; Windows NT 6.1; WOW64; Trident/7.0; SLCC2; .NET CLR 2.0.50727; .NET CLR 3.5.30729; .NET CLR 3.0.30729; Media Center PC 6.0; .NET4.0C; .NET4.0E)" 
171.217.250.236 - - [20/Nov/2022:20:36:23 -0800] "GET /data/apache.php HTTP/1.1" 404 328 "http://www.secrepo.com/data/apache.php" "Mozilla/4.0 (compatible; MSIE 7.0; Windows NT 6.1; WOW64; Trident/7.0; SLCC2; .NET CLR 2.0.50727; .NET CLR 3.5.30729; .NET CLR 3.0.30729; Media Center PC 6.0; .NET4.0C; .NET4.0E)" 
182.135.116.217 - - [20/Nov/2022:20:36:23 -0800] "GET /data/wdf.php HTTP/1.1" 404 328 "http://www.secrepo.com/data/wdf.php" "Mozilla/4.0 (compatible; MSIE 7.0; Windows NT 6.1; WOW64; Trident/7.0; SLCC2; .NET CLR 2.0.50727; .NET CLR 3.5.30729; .NET CLR 3.0.30729; Media Center PC 6.0; .NET4.0C; .NET4.0E)" 
182.145.92.85 - - [20/Nov/2022:20:36:23 -0800] "GET /data/1.php HTTP/1.1" 404 328 "http://www.secrepo.com/data/1.php" "Mozilla/4.0 (compatible; MSIE 7.0; Windows NT 6.1; WOW64; Trident/7.0; SLCC2; .NET CLR 2.0.50727; .NET CLR 3.5.30729; .NET CLR 3.0.30729; Media Center PC 6.0; .NET4.0C; .NET4.0E)" 
182.135.116.92 - - [20/Nov/2022:20:36:23 -0800] "GET /data/newfile.php HTTP/1.1" 404 328 "http://www.secrepo.com/data/newfile.php" "Mozilla/4.0 (compatible; MSIE 7.0; Windows NT 6.1; WOW64; Trident/7.0; SLCC2; .NET CLR 2.0.50727; .NET CLR 3.5.30729; .NET CLR 3.0.30729; Media Center PC 6.0; .NET4.0C; .NET4.0E)" 
125.65.228.36 - - [20/Nov/2022:20:36:23 -0800] "GET /data/nginx.php HTTP/1.1" 404 328 "http://www.secrepo.com/data/nginx.php" "Mozilla/4.0 (compatible; MSIE 7.0; Windows NT 6.1; WOW64; Trident/7.0; SLCC2; .NET CLR 2.0.50727; .NET CLR 3.5.30729; .NET CLR 3.0.30729; Media Center PC 6.0; .NET4.0C; .NET4.0E)" 
125.65.228.13 - - [20/Nov/2022:20:36:23 -0800] "GET /install/wdf.php HTTP/1.1" 404 250 "http://www.secrepo.com/install/wdf.php" "Mozilla/4.0 (compatible; MSIE 7.0; Windows NT 6.1; WOW64; Trident/7.0; SLCC2; .NET CLR 2.0.50727; .NET CLR 3.5.30729; .NET CLR 3.0.30729; Media Center PC 6.0; .NET4.0C; .NET4.0E)" 
171.217.250.236 - - [20/Nov/2022:20:36:23 -0800] "GET /install/admin.php HTTP/1.1" 404 250 "http://www.secrepo.com/install/admin.php" "Mozilla/4.0 (compatible; MSIE 7.0; Windows NT 6.1; WOW64; Trident/7.0; SLCC2; .NET CLR 2.0.50727; .NET CLR 3.5.30729; .NET CLR 3.0.30729; Media Center PC 6.0; .NET4.0C; .NET4.0E)" 
182.135.116.217 - - [20/Nov/2022:20:36:23 -0800] "GET /install/1.php HTTP/1.1" 404 250 "http://www.secrepo.com/install/1.php" "Mozilla/4.0 (compatible; MSIE 7.0; Windows NT 6.1; WOW64; Trident/7.0; SLCC2; .NET CLR 2.0.50727; .NET CLR 3.5.30729; .NET CLR 3.0.30729; Media Center PC 6.0; .NET4.0C; .NET4.0E)" 
182.135.116.92 - - [20/Nov/2022:20:36:23 -0800] "GET /install/nginx.php HTTP/1.1" 404 250 "http://www.secrepo.com/install/nginx.php" "Mozilla/4.0 (compatible; MSIE 7.0; Windows NT 6.1; WOW64; Trident/7.0; SLCC2; .NET CLR 2.0.50727; .NET CLR 3.5.30729; .NET CLR 3.0.30729; Media Center PC 6.0; .NET4.0C; .NET4.0E)" 
182.145.92.85 - - [20/Nov/2022:20:36:23 -0800] "GET /install/demodata.php HTTP/1.1" 404 250 "http://www.secrepo.com/install/demodata.php" "Mozilla/4.0 (compatible; MSIE 7.0; Windows NT 6.1; WOW64; Trident/7.0; SLCC2; .NET CLR 2.0.50727; .NET CLR 3.5.30729; .NET CLR 3.0.30729; Media Center PC 6.0; .NET4.0C; .NET4.0E)" 
171.217.250.154 - - [20/Nov/2022:20:36:23 -0800] "GET /data/a.php HTTP/1.1" 404 328 "http://www.secrepo.com/data/a.php" "Mozilla/4.0 (compatible; MSIE 7.0; Windows NT 6.1; WOW64; Trident/7.0; SLCC2; .NET CLR 2.0.50727; .NET CLR 3.5.30729; .NET CLR 3.0.30729; Media Center PC 6.0; .NET4.0C; .NET4.0E)" 
125.65.228.36 - - [20/Nov/2022:20:36:23 -0800] "GET /install/newfile.php HTTP/1.1" 404 250 "http://www.secrepo.com/install/newfile.php" "Mozilla/4.0 (compatible; MSIE 7.0; Windows NT 6.1; WOW64; Trident/7.0; SLCC2; .NET CLR 2.0.50727; .NET CLR 3.5.30729; .NET CLR 3.0.30729; Media Center PC 6.0; .NET4.0C; .NET4.0E)" 
182.135.116.108 - - [20/Nov/2022:20:36:23 -0800] "GET /data/1234.php HTTP/1.1" 404 284 "http://www.secrepo.com/data/1234.php" "Mozilla/4.0 (compatible; MSIE 7.0; Windows NT 6.1; WOW64; Trident/7.0; SLCC2; .NET CLR 2.0.50727; .NET CLR 3.5.30729; .NET CLR 3.0.30729; Media Center PC 6.0; .NET4.0C; .NET4.0E)" 
110.190.179.215 - - [20/Nov/2022:20:36:23 -0800] "GET /data/x.php HTTP/1.1" 404 284 "http://www.secrepo.com/data/x.php" "Mozilla/4.0 (compatible; MSIE 7.0; Windows NT 6.1; WOW64; Trident/7.0; SLCC2; .NET CLR 2.0.50727; .NET CLR 3.5.30729; .NET CLR 3.0.30729; Media Center PC 6.0; .NET4.0C; .NET4.0E)" 
125.65.228.13 - - [20/Nov/2022:20:36:23 -0800] "GET /install/a.php HTTP/1.1" 404 250 "http://www.secrepo.com/install/a.php" "Mozilla/4.0 (compatible; MSIE 7.0; Windows NT 6.1; WOW64; Trident/7.0; SLCC2; .NET CLR 2.0.50727; .NET CLR 3.5.30729; .NET CLR 3.0.30729; Media Center PC 6.0; .NET4.0C; .NET4.0E)" 
171.217.250.236 - - [20/Nov/2022:20:36:23 -0800] "GET /install/1234.php HTTP/1.1" 404 250 "http://www.secrepo.com/install/1234.php" "Mozilla/4.0 (compatible; MSIE 7.0; Windows NT 6.1; WOW64; Trident/7.0; SLCC2; .NET CLR 2.0.50727; .NET CLR 3.5.30729; .NET CLR 3.0.30729; Media Center PC 6.0; .NET4.0C; .NET4.0E)" 
182.135.116.217 - - [20/Nov/2022:20:36:23 -0800] "GET /data/admins.php HTTP/1.1" 404 284 "http://www.secrepo.com/data/admins.php" "Mozilla/4.0 (compatible; MSIE 7.0; Windows NT 6.1; WOW64; Trident/7.0; SLCC2; .NET CLR 2.0.50727; .NET CLR 3.5.30729; .NET CLR 3.0.30729; Media Center PC 6.0; .NET4.0C; .NET4.0E)" 
182.135.116.223 - - [20/Nov/2022:20:36:23 -0800] "GET /data/demodata.php HTTP/1.1" 404 284 "http://www.secrepo.com/data/demodata.php" "Mozilla/4.0 (compatible; MSIE 7.0; Windows NT 6.1; WOW64; Trident/7.0; SLCC2; .NET CLR 2.0.50727; .NET CLR 3.5.30729; .NET CLR 3.0.30729; Media Center PC 6.0; .NET4.0C; .NET4.0E)" 
110.190.179.215 - - [20/Nov/2022:20:36:23 -0800] "GET /install/admins.php HTTP/1.1" 404 284 "http://www.secrepo.com/install/admins.php" "Mozilla/4.0 (compatible; MSIE 7.0; Windows NT 6.1; WOW64; Trident/7.0; SLCC2; .NET CLR 2.0.50727; .NET CLR 3.5.30729; .NET CLR 3.0.30729; Media Center PC 6.0; .NET4.0C; .NET4.0E)" 
182.135.116.217 - - [20/Nov/2022:20:36:23 -0800] "GET /install/x.php HTTP/1.1" 404 250 "http://www.secrepo.com/install/x.php" "Mozilla/4.0 (compatible; MSIE 7.0; Windows NT 6.1; WOW64; Trident/7.0; SLCC2; .NET CLR 2.0.50727; .NET CLR 3.5.30729; .NET CLR 3.0.30729; Media Center PC 6.0; .NET4.0C; .NET4.0E)" 
182.145.92.85 - - [20/Nov/2022:20:36:23 -0800] "GET /m/wdf.php HTTP/1.1" 404 250 "http://www.secrepo.com/m/wdf.php" "Mozilla/4.0 (compatible; MSIE 7.0; Windows NT 6.1; WOW64; Trident/7.0; SLCC2; .NET CLR 2.0.50727; .NET CLR 3.5.30729; .NET CLR 3.0.30729; Media Center PC 6.0; .NET4.0C; .NET4.0E)" 
182.135.116.92 - - [20/Nov/2022:20:36:23 -0800] "GET /m/admin.php HTTP/1.1" 404 250 "http://www.secrepo.com/m/admin.php" "Mozilla/4.0 (compatible; MSIE 7.0; Windows NT 6.1; WOW64; Trident/7.0; SLCC2; .NET CLR 2.0.50727; .NET CLR 3.5.30729; .NET CLR 3.0.30729; Media Center PC 6.0; .NET4.0C; .NET4.0E)" 
