82.24.24.200 - - [06/Jul/2020:08:15:47 -0700] "GET /GitHub-Mark.png HTTP/1.1" 200 7556 "http://www.secrepo.com/" "Mozilla/5.0 (X11; Linux x86_64) AppleWebKit/537.36 (KHTML, like Gecko) Chrome/83.0.4103.116 Safari/537.36" 
82.24.24.200 - - [06/Jul/2020:08:15:48 -0700] "GET /bootstrap/img/favicon.ico HTTP/1.1" 200 690 "http://www.secrepo.com/" "Mozilla/5.0 (X11; Linux x86_64) AppleWebKit/537.36 (KHTML, like Gecko) Chrome/83.0.4103.116 Safari/537.36" 
82.24.24.200 - - [06/Jul/2020:08:17:58 -0700] "GET /maccdc2012/maccdc2012_full_alert.7z HTTP/1.1" 200 24979053 "-" "Mozilla/5.0 (X11; Linux x86_64) AppleWebKit/537.36 (KHTML, like Gecko) Chrome/83.0.4103.116 Safari/537.36" 
44.234.122.125 - - [06/Jul/2020:08:19:35 -0700] "GET / HTTP/1.1" 301 419 "-" "Mozilla/5.0 (X11; Linux x86_64) AppleWebKit/537.36 (KHTML, like Gecko) Chrome/83.0.4103.97 Safari/537.36" 
157.55.39.22 - - [06/Jul/2020:08:31:44 -0700] "GET /self.logs/access.log.2017-05-21.gz HTTP/1.1" 200 20240 "-" "Mozilla/5.0 (compatible; bingbot/2.0; +http://www.bing.com/bingbot.htm)" 
54.36.148.64 - - [06/Jul/2020:08:31:47 -0700] "GET / HTTP/1.1" 200 12734 "-" "Mozilla/5.0 (compatible; AhrefsBot/6.1; +http://ahrefs.com/robot/)" 
207.46.13.172 - - [06/Jul/2020:08:32:25 -0700] "GET /self.logs/2015/access.log.2015-12-02.gz HTTP/1.1" 200 6047 "-" "Mozilla/5.0 (compatible; bingbot/2.0; +http://www.bing.com/bingbot.htm)" 
17.58.98.72 - - [06/Jul/2020:08:36:17 -0700] "GET /robots.txt HTTP/1.1" 200 333 "-" "Mozilla/5.0 (Macintosh; Intel Mac OS X 10_15_5) AppleWebKit/605.1.15 (KHTML, like Gecko) Version/13.1.1 Safari/605.1.15 (Applebot/0.1; +http://www.apple.com/go/applebot)" 
17.58.96.129 - - [06/Jul/2020:08:36:17 -0700] "GET /self.logs/error.log.2020-01-10 HTTP/1.1" 200 2306 "-" "Mozilla/5.0 (Macintosh; Intel Mac OS X 10_15_5) AppleWebKit/605.1.15 (KHTML, like Gecko) Version/13.1.1 Safari/605.1.15 (Applebot/0.1; +http://www.apple.com/go/applebot)" 
54.36.148.64 - - [06/Jul/2020:08:50:32 -0700] "GET /Datasets%20Description/HTML_Bro_log_3/conn.html HTTP/1.1" 200 1965 "-" "Mozilla/5.0 (compatible; AhrefsBot/6.1; +http://ahrefs.com/robot/)" 
180.137.216.224 - - [06/Jul/2020:08:54:09 -0700] "GET /favicon.ico HTTP/1.1" 200 391 "-" "Mozilla/5.0 (Windows NT 10.0; WOW64) AppleWebKit/537.36 (KHTML, like Gecko) Chrome/78.0.3904.108 Safari/537.36" 
101.89.239.216 - - [06/Jul/2020:09:03:47 -0700] "GET /honeypot/BSidesDFW%20-%202014.ipynb HTTP/1.1" 200 230680 "-" "Mozilla/5.0 (iPhone; CPU iPhone OS 10_2_1 like Mac OS X) AppleWebKit/602.4.6 (KHTML, like Gecko) Mobile/14D27 MicroMessenger/6.5.5 NetType/WIFI Language/zh_CN" 
207.46.13.199 - - [06/Jul/2020:09:05:31 -0700] "GET /self.logs/access.log.2017-09-02.gz HTTP/1.1" 200 16455 "-" "Mozilla/5.0 (compatible; bingbot/2.0; +http://www.bing.com/bingbot.htm)" 
54.36.148.184 - - [06/Jul/2020:09:09:34 -0700] "GET /Datasets%20Description/HTML_Bro_log_3/dns.html HTTP/1.1" 200 1786 "-" "Mozilla/5.0 (compatible; AhrefsBot/6.1; +http://ahrefs.com/robot/)" 
49.7.20.74 - - [06/Jul/2020:09:09:53 -0700] "GET / HTTP/1.1" 200 12741 "-" "Sogou web spider/4.0(+http://www.sogou.com/docs/help/webmasters.htm#07)" 
221.218.139.124 - - [06/Jul/2020:09:11:34 -0700] "GET / HTTP/1.1" 200 12778 "-" "Mozilla/5.0 (Windows NT 10.0; WOW64) AppleWebKit/537.36 (KHTML, like Gecko) Chrome/81.0.4044.138 Safari/537.36" 
221.218.139.124 - - [06/Jul/2020:09:11:36 -0700] "GET /css/style.css HTTP/1.1" 404 328 "http://www.secrepo.com/" "Mozilla/5.0 (Windows NT 10.0; WOW64) AppleWebKit/537.36 (KHTML, like Gecko) Chrome/81.0.4044.138 Safari/537.36" 
221.218.139.124 - - [06/Jul/2020:09:11:41 -0700] "GET /twitter-icon.png HTTP/1.1" 200 27916 "http://www.secrepo.com/" "Mozilla/5.0 (Windows NT 10.0; WOW64) AppleWebKit/537.36 (KHTML, like Gecko) Chrome/81.0.4044.138 Safari/537.36" 
221.218.139.124 - - [06/Jul/2020:09:11:42 -0700] "GET /GitHub-Mark.png HTTP/1.1" 200 7556 "http://www.secrepo.com/" "Mozilla/5.0 (Windows NT 10.0; WOW64) AppleWebKit/537.36 (KHTML, like Gecko) Chrome/81.0.4044.138 Safari/537.36" 
185.220.101.15 - - [06/Jul/2020:09:17:59 -0700] "HEAD /self.logs/error.log.2018-10-04.gz HTTP/1.1" 200 361 "-" "Ruby" 
221.218.139.124 - - [06/Jul/2020:09:21:53 -0700] "GET / HTTP/1.1" 200 12778 "-" "Mozilla/5.0 (Windows NT 10.0; WOW64) AppleWebKit/537.36 (KHTML, like Gecko) Chrome/81.0.4044.138 Safari/537.36" 
221.218.139.124 - - [06/Jul/2020:09:21:55 -0700] "GET /css/style.css HTTP/1.1" 404 305 "http://www.secrepo.com/" "Mozilla/5.0 (Windows NT 10.0; WOW64) AppleWebKit/537.36 (KHTML, like Gecko) Chrome/81.0.4044.138 Safari/537.36" 
66.102.6.60 - - [06/Jul/2020:09:22:23 -0700] "GET / HTTP/1.1" 200 12778 "-" "Mozilla/5.0 (X11; Linux x86_64) AppleWebKit/537.36 (KHTML, like Gecko) Chrome/49.0.2623.75 Safari/537.36 Google Favicon" 
66.102.6.61 - - [06/Jul/2020:09:22:23 -0700] "GET /bootstrap/img/favicon.ico HTTP/1.1" 200 713 "-" "Mozilla/5.0 (X11; Linux x86_64) AppleWebKit/537.36 (KHTML, like Gecko) Chrome/49.0.2623.75 Safari/537.36 Google Favicon" 
199.249.230.143 - - [06/Jul/2020:09:25:10 -0700] "HEAD /self.logs/access.log.2017-03-19.gz HTTP/1.1" 200 362 "-" "Ruby" 
54.36.149.48 - - [06/Jul/2020:09:28:12 -0700] "GET /Datasets%20Description/HTML_Bro_log_3/http.html HTTP/1.1" 200 1991 "-" "Mozilla/5.0 (compatible; AhrefsBot/6.1; +http://ahrefs.com/robot/)" 
157.55.39.78 - - [06/Jul/2020:09:31:32 -0700] "GET /self.logs/2016/access.log.2016-04-25.gz HTTP/1.1" 200 9472 "-" "Mozilla/5.0 (compatible; bingbot/2.0; +http://www.bing.com/bingbot.htm)" 
39.101.129.127 - - [06/Jul/2020:09:37:27 -0700] "GET /statics/css/crop.css HTTP/1.1" 404 328 "-" "python-requests/2.22.0" 
76.186.131.92 - - [06/Jul/2020:09:45:34 -0700] "GET / HTTP/1.1" 200 12778 "-" "Mozilla/5.0 (Macintosh; Intel Mac OS X 10_15_4) AppleWebKit/537.36 (KHTML, like Gecko) Chrome/83.0.4103.61 Safari/537.36" 
76.186.131.92 - - [06/Jul/2020:09:45:34 -0700] "GET /css/style.css HTTP/1.1" 404 305 "http://www.secrepo.com/" "Mozilla/5.0 (Macintosh; Intel Mac OS X 10_15_4) AppleWebKit/537.36 (KHTML, like Gecko) Chrome/83.0.4103.61 Safari/537.36" 
76.186.131.92 - - [06/Jul/2020:09:45:34 -0700] "GET /twitter-icon.png HTTP/1.1" 200 27916 "http://www.secrepo.com/" "Mozilla/5.0 (Macintosh; Intel Mac OS X 10_15_4) AppleWebKit/537.36 (KHTML, like Gecko) Chrome/83.0.4103.61 Safari/537.36" 
76.186.131.92 - - [06/Jul/2020:09:45:34 -0700] "GET /GitHub-Mark.png HTTP/1.1" 200 7556 "http://www.secrepo.com/" "Mozilla/5.0 (Macintosh; Intel Mac OS X 10_15_4) AppleWebKit/537.36 (KHTML, like Gecko) Chrome/83.0.4103.61 Safari/537.36" 
76.186.131.92 - - [06/Jul/2020:09:45:35 -0700] "GET /bootstrap/img/favicon.ico HTTP/1.1" 200 690 "http://www.secrepo.com/" "Mozilla/5.0 (Macintosh; Intel Mac OS X 10_15_4) AppleWebKit/537.36 (KHTML, like Gecko) Chrome/83.0.4103.61 Safari/537.36" 
54.36.149.48 - - [06/Jul/2020:09:46:38 -0700] "GET /Datasets%20Description/HTML_Bro_log_3/ssl.html HTTP/1.1" 200 1830 "-" "Mozilla/5.0 (compatible; AhrefsBot/6.1; +http://ahrefs.com/robot/)" 
54.157.208.23 - - [06/Jul/2020:09:47:26 -0700] "GET / HTTP/1.1" 200 47558 "-" "Mozilla/5.0 (Windows NT 6.1; Win64; x64) AppleWebKit/537.36 (KHTML, like Gecko) Chrome/72.0.3626.109 Safari/537.36" 
47.113.87.53 - - [06/Jul/2020:09:48:33 -0700] "HEAD /dede/login.php HTTP/1.1" 404 309 "-" "-" 
157.55.39.22 - - [06/Jul/2020:09:57:56 -0700] "GET /self.logs/error.log.2018-09-10.gz HTTP/1.1" 200 10791 "-" "Mozilla/5.0 (compatible; bingbot/2.0; +http://www.bing.com/bingbot.htm)" 
185.220.101.241 - - [06/Jul/2020:09:58:25 -0700] "HEAD /self.logs/error.log.2018-01-09.gz HTTP/1.1" 200 360 "-" "Ruby" 
157.55.39.22 - - [06/Jul/2020:10:01:29 -0700] "GET /self.logs/access.log.2017-04-02.gz HTTP/1.1" 200 22240 "-" "Mozilla/5.0 (compatible; bingbot/2.0; +http://www.bing.com/bingbot.htm)" 
207.46.13.199 - - [06/Jul/2020:10:03:14 -0700] "GET /self.logs/error.log.2019-09-08.gz HTTP/1.1" 200 1615 "-" "Mozilla/5.0 (compatible; bingbot/2.0; +http://www.bing.com/bingbot.htm)" 
136.56.43.206 - - [06/Jul/2020:10:03:37 -0700] "GET / HTTP/1.1" 200 12776 "-" "Reeder/4020.59.05 CFNetwork/1126 Darwin/19.5.0" 
136.56.43.206 - - [06/Jul/2020:10:03:37 -0700] "HEAD /bootstrap/img/favicon.ico HTTP/1.1" 200 372 "-" "Reeder/4020.59.05 CFNetwork/1126 Darwin/19.5.0" 
136.56.43.206 - - [06/Jul/2020:10:03:37 -0700] "GET /bootstrap/img/favicon.ico HTTP/1.1" 200 690 "-" "Reeder/4020.59.05 CFNetwork/1126 Darwin/19.5.0" 
136.56.43.206 - - [06/Jul/2020:10:03:37 -0700] "HEAD /favicon.ico HTTP/1.1" 200 349 "-" "Reeder/4020.59.05 CFNetwork/1126 Darwin/19.5.0" 
136.56.43.206 - - [06/Jul/2020:10:03:37 -0700] "GET /favicon.ico HTTP/1.1" 200 368 "-" "Reeder/4020.59.05 CFNetwork/1126 Darwin/19.5.0" 
136.56.43.206 - - [06/Jul/2020:10:03:37 -0700] "HEAD /apple-touch-icon.png HTTP/1.1" 404 286 "-" "Reeder/4020.59.05 CFNetwork/1126 Darwin/19.5.0" 
136.56.43.206 - - [06/Jul/2020:10:03:37 -0700] "HEAD /apple-touch-icon-precomposed.png HTTP/1.1" 404 286 "-" "Reeder/4020.59.05 CFNetwork/1126 Darwin/19.5.0" 
54.36.148.64 - - [06/Jul/2020:10:05:00 -0700] "GET /Datasets%20Description/HTML_Bro_log_3/weird.html HTTP/1.1" 200 1887 "-" "Mozilla/5.0 (compatible; AhrefsBot/6.1; +http://ahrefs.com/robot/)" 
207.46.13.199 - - [06/Jul/2020:10:06:46 -0700] "GET /self.logs/error.log.2019-02-06.gz HTTP/1.1" 200 6028 "-" "Mozilla/5.0 (compatible; bingbot/2.0; +http://www.bing.com/bingbot.htm)" 
109.70.100.27 - - [06/Jul/2020:10:08:43 -0700] "HEAD /self.logs/error.log.2020-03-05 HTTP/1.1" 200 288 "-" "Ruby" 
109.70.100.27 - - [06/Jul/2020:10:08:52 -0700] "HEAD /self.logs/error.log.2020-03-05 HTTP/1.1" 200 288 "-" "Ruby" 
93.177.176.125 - - [06/Jul/2020:10:10:54 -0700] "GET /css/style.css HTTP/1.1" 404 328 "http://www.secrepo.com/" "Mozilla/5.0 (Macintosh; Intel Mac OS X 10_15_5) AppleWebKit/537.36 (KHTML, like Gecko) Chrome/83.0.4103.116 Safari/537.36" 
157.55.39.22 - - [06/Jul/2020:10:12:07 -0700] "GET /self.logs/error.log.2017-12-01.gz HTTP/1.1" 200 2057 "-" "Mozilla/5.0 (compatible; bingbot/2.0; +http://www.bing.com/bingbot.htm)" 
54.36.148.184 - - [06/Jul/2020:10:23:23 -0700] "GET /Datasets%20Description/HTML_Bro_log_2/ HTTP/1.1" 200 788 "-" "Mozilla/5.0 (compatible; AhrefsBot/6.1; +http://ahrefs.com/robot/)" 
17.58.96.129 - - [06/Jul/2020:10:23:47 -0700] "GET /Datasets%20Description/Network/smtp.html HTTP/1.1" 200 1593 "-" "Mozilla/5.0 (Macintosh; Intel Mac OS X 10_15_5) AppleWebKit/605.1.15 (KHTML, like Gecko) Version/13.1.1 Safari/605.1.15 (Applebot/0.1; +http://www.apple.com/go/applebot)" 
31.220.2.134 - - [06/Jul/2020:10:39:50 -0700] "HEAD /self.logs/access.log.2017-10-16.gz HTTP/1.1" 200 362 "-" "Ruby" 
31.220.2.134 - - [06/Jul/2020:10:39:55 -0700] "HEAD /self.logs/access.log.2017-10-16.gz HTTP/1.1" 200 362 "-" "Ruby" 
54.36.148.64 - - [06/Jul/2020:10:41:47 -0700] "GET /self.logs/access.log.2020-07-02.gz HTTP/1.1" 200 10368 "-" "Mozilla/5.0 (compatible; AhrefsBot/6.1; +http://ahrefs.com/robot/)" 
39.99.251.41 - - [06/Jul/2020:10:45:11 -0700] "GET /js/common.js HTTP/1.1" 404 328 "http://www.secrepo.com/js/common.js" "Mozilla/5.0 (compatible; MSIE 9.0; Windows NT 6.1; Win64; x64; Trident/5.0)" 
109.70.100.29 - - [06/Jul/2020:10:53:22 -0700] "HEAD /self.logs/2015/error.log.2015-03-03.gz HTTP/1.1" 200 359 "-" "Ruby" 
109.70.100.29 - - [06/Jul/2020:10:53:22 -0700] "GET /self.logs/2015/error.log.2015-03-03.gz HTTP/1.1" 200 929 "-" "Ruby" 
77.75.78.165 - - [06/Jul/2020:10:55:28 -0700] "GET /robots.txt HTTP/1.1" 200 377 "-" "Mozilla/5.0 (compatible; SeznamBot/3.2; +http://napoveda.seznam.cz/en/seznambot-intro/)" 
77.75.78.165 - - [06/Jul/2020:10:55:29 -0700] "GET /Datasets%20Description/Network/ssl.html HTTP/1.1" 304 267 "-" "Mozilla/5.0 (compatible; SeznamBot/3.2; +http://napoveda.seznam.cz/en/seznambot-intro/)" 
85.208.96.71 - - [06/Jul/2020:10:58:32 -0700] "GET /robots.txt HTTP/1.1" 301 439 "-" "Mozilla/5.0 (compatible; SemrushBot/1.0~bm; +http://www.semrush.com/bot.html)" 
85.208.96.71 - - [06/Jul/2020:10:58:34 -0700] "GET /robots.txt HTTP/1.1" 200 333 "-" "Mozilla/5.0 (compatible; SemrushBot/1.0~bm; +http://www.semrush.com/bot.html)" 
185.220.101.237 - - [06/Jul/2020:10:59:02 -0700] "HEAD /self.logs/access.log.2017-03-17.gz HTTP/1.1" 200 362 "-" "Ruby" 
185.220.101.237 - - [06/Jul/2020:10:59:12 -0700] "HEAD /self.logs/access.log.2017-03-17.gz HTTP/1.1" 200 362 "-" "Ruby" 
207.46.13.172 - - [06/Jul/2020:10:59:42 -0700] "GET /self.logs/error.log.2020-04-17.gz HTTP/1.1" 200 1367 "-" "Mozilla/5.0 (compatible; bingbot/2.0; +http://www.bing.com/bingbot.htm)" 
54.36.148.184 - - [06/Jul/2020:11:00:10 -0700] "GET /self.logs/error.log.2020-07-02 HTTP/1.1" 200 307 "-" "Mozilla/5.0 (compatible; AhrefsBot/6.1; +http://ahrefs.com/robot/)" 
54.36.149.48 - - [06/Jul/2020:11:17:43 -0700] "GET /self.logs/error.log.2020-07-03 HTTP/1.1" 200 307 "-" "Mozilla/5.0 (compatible; AhrefsBot/6.1; +http://ahrefs.com/robot/)" 
96.54.165.99 - - [06/Jul/2020:11:18:01 -0700] "GET / HTTP/1.1" 301 475 "https://t.co/pArNAxyuQQ?amp=1" "Mozilla/5.0 (iPhone; CPU iPhone OS 13_5_1 like Mac OS X) AppleWebKit/605.1.15 (KHTML, like Gecko) Version/13.1.1 Mobile/15E148 Safari/604.1" 
96.54.165.99 - - [06/Jul/2020:11:18:01 -0700] "GET / HTTP/1.1" 200 12778 "-" "Mozilla/5.0 (iPhone; CPU iPhone OS 13_5_1 like Mac OS X) AppleWebKit/605.1.15 (KHTML, like Gecko) Version/13.1.1 Mobile/15E148 Safari/604.1" 
96.54.165.99 - - [06/Jul/2020:11:18:01 -0700] "GET /css/style.css HTTP/1.1" 404 305 "http://www.secrepo.com/" "Mozilla/5.0 (iPhone; CPU iPhone OS 13_5_1 like Mac OS X) AppleWebKit/605.1.15 (KHTML, like Gecko) Version/13.1.1 Mobile/15E148 Safari/604.1" 
96.54.165.99 - - [06/Jul/2020:11:18:01 -0700] "GET /twitter-icon.png HTTP/1.1" 200 27916 "http://www.secrepo.com/" "Mozilla/5.0 (iPhone; CPU iPhone OS 13_5_1 like Mac OS X) AppleWebKit/605.1.15 (KHTML, like Gecko) Version/13.1.1 Mobile/15E148 Safari/604.1" 
96.54.165.99 - - [06/Jul/2020:11:18:01 -0700] "GET /GitHub-Mark.png HTTP/1.1" 200 7556 "http://www.secrepo.com/" "Mozilla/5.0 (iPhone; CPU iPhone OS 13_5_1 like Mac OS X) AppleWebKit/605.1.15 (KHTML, like Gecko) Version/13.1.1 Mobile/15E148 Safari/604.1" 
185.220.101.245 - - [06/Jul/2020:11:23:51 -0700] "HEAD /self.logs/access.log.2019-02-25.gz HTTP/1.1" 200 362 "-" "Ruby" 
185.220.101.245 - - [06/Jul/2020:11:23:51 -0700] "GET /self.logs/access.log.2019-02-25.gz HTTP/1.1" 200 23946 "-" "Ruby" 
185.220.101.245 - - [06/Jul/2020:11:23:56 -0700] "HEAD /self.logs/access.log.2019-02-25.gz HTTP/1.1" 200 362 "-" "Ruby" 
185.220.101.245 - - [06/Jul/2020:11:23:56 -0700] "HEAD /self.logs/access.log.2020-02-21.gz HTTP/1.1" 200 362 "-" "Ruby" 
185.220.101.245 - - [06/Jul/2020:11:23:57 -0700] "GET /self.logs/access.log.2020-02-21.gz HTTP/1.1" 200 16467 "-" "Ruby" 
207.46.13.199 - - [06/Jul/2020:11:24:51 -0700] "GET /self.logs/error.log.2018-10-25.gz HTTP/1.1" 200 4698 "-" "Mozilla/5.0 (compatible; bingbot/2.0; +http://www.bing.com/bingbot.htm)" 
49.36.156.235 - - [06/Jul/2020:11:26:41 -0700] "GET / HTTP/1.1" 200 12778 "-" "Mozilla/5.0 (X11; Linux x86_64) AppleWebKit/537.36 (KHTML, like Gecko) Chrome/79.0.3945.88 Safari/537.36" 
49.36.156.235 - - [06/Jul/2020:11:26:41 -0700] "GET /css/style.css HTTP/1.1" 404 305 "http://www.secrepo.com/" "Mozilla/5.0 (X11; Linux x86_64) AppleWebKit/537.36 (KHTML, like Gecko) Chrome/79.0.3945.88 Safari/537.36" 
49.36.156.235 - - [06/Jul/2020:11:26:41 -0700] "GET /twitter-icon.png HTTP/1.1" 200 27893 "http://www.secrepo.com/" "Mozilla/5.0 (X11; Linux x86_64) AppleWebKit/537.36 (KHTML, like Gecko) Chrome/79.0.3945.88 Safari/537.36" 
49.36.156.235 - - [06/Jul/2020:11:26:42 -0700] "GET /GitHub-Mark.png HTTP/1.1" 200 7556 "http://www.secrepo.com/" "Mozilla/5.0 (X11; Linux x86_64) AppleWebKit/537.36 (KHTML, like Gecko) Chrome/79.0.3945.88 Safari/537.36" 
49.36.156.235 - - [06/Jul/2020:11:26:43 -0700] "GET /bootstrap/img/favicon.ico HTTP/1.1" 200 690 "http://www.secrepo.com/" "Mozilla/5.0 (X11; Linux x86_64) AppleWebKit/537.36 (KHTML, like Gecko) Chrome/79.0.3945.88 Safari/537.36" 
39.99.250.220 - - [06/Jul/2020:11:28:37 -0700] "HEAD /chen/login.php HTTP/1.1" 404 309 "-" "-" 
39.99.250.220 - - [06/Jul/2020:11:28:37 -0700] "HEAD /caiyuan/login.php HTTP/1.1" 404 309 "-" "-" 
39.99.250.220 - - [06/Jul/2020:11:28:37 -0700] "HEAD /admin/login.php HTTP/1.1" 404 309 "-" "-" 
39.99.250.220 - - [06/Jul/2020:11:28:37 -0700] "HEAD /dedea/login.php HTTP/1.1" 404 309 "-" "-" 
39.99.250.220 - - [06/Jul/2020:11:28:37 -0700] "HEAD /wang/login.php HTTP/1.1" 404 309 "-" "-" 
39.99.250.220 - - [06/Jul/2020:11:28:37 -0700] "HEAD /dede/login.php HTTP/1.1" 404 309 "-" "-" 
39.99.250.220 - - [06/Jul/2020:11:28:37 -0700] "HEAD /guanli/login.php HTTP/1.1" 404 309 "-" "-" 
39.99.250.220 - - [06/Jul/2020:11:28:37 -0700] "HEAD /houtai/login.php HTTP/1.1" 404 309 "-" "-" 
39.99.250.220 - - [06/Jul/2020:11:28:37 -0700] "HEAD /dede123/login.php HTTP/1.1" 404 309 "-" "-" 
39.99.250.220 - - [06/Jul/2020:11:28:37 -0700] "HEAD /jian/login.php HTTP/1.1" 404 309 "-" "-" 
54.36.148.64 - - [06/Jul/2020:11:35:35 -0700] "GET /Datasets%20Description/HTML_Bro_log_1/dhcp.html HTTP/1.1" 200 1689 "-" "Mozilla/5.0 (compatible; AhrefsBot/6.1; +http://ahrefs.com/robot/)" 
185.220.101.135 - - [06/Jul/2020:11:42:55 -0700] "HEAD /self.logs/error.log.2017-02-17.gz HTTP/1.1" 200 359 "-" "Ruby" 
185.220.101.135 - - [06/Jul/2020:11:43:00 -0700] "HEAD /self.logs/error.log.2017-02-17.gz HTTP/1.1" 200 359 "-" "Ruby" 
207.46.13.192 - - [06/Jul/2020:11:44:51 -0700] "GET /self.logs/access.log.2018-02-22.gz HTTP/1.1" 200 22573 "-" "Mozilla/5.0 (compatible; bingbot/2.0; +http://www.bing.com/bingbot.htm)" 
207.46.13.192 - - [06/Jul/2020:11:48:02 -0700] "GET /self.logs/access.log.2017-03-23.gz HTTP/1.1" 200 17189 "-" "Mozilla/5.0 (compatible; bingbot/2.0; +http://www.bing.com/bingbot.htm)" 
207.46.13.1 - - [06/Jul/2020:11:51:04 -0700] "GET /self.logs/error.log.2020-03-04 HTTP/1.1" 200 351 "-" "Mozilla/5.0 (compatible; bingbot/2.0; +http://www.bing.com/bingbot.htm)" 
54.36.149.48 - - [06/Jul/2020:11:53:38 -0700] "GET /Datasets%20Description/HTML_Bro_log_1/dns.html HTTP/1.1" 200 1793 "-" "Mozilla/5.0 (compatible; AhrefsBot/6.1; +http://ahrefs.com/robot/)" 
207.46.13.192 - - [06/Jul/2020:11:58:58 -0700] "GET /self.logs/access.log.2018-09-22.gz HTTP/1.1" 200 74630 "-" "Mozilla/5.0 (compatible; bingbot/2.0; +http://www.bing.com/bingbot.htm)" 
54.36.148.184 - - [06/Jul/2020:12:11:47 -0700] "GET /Datasets%20Description/HTML_Bro_log_1/dpd.html HTTP/1.1" 200 1620 "-" "Mozilla/5.0 (compatible; AhrefsBot/6.1; +http://ahrefs.com/robot/)" 
52.12.185.154 - - [06/Jul/2020:12:27:56 -0700] "GET / HTTP/1.1" 200 47602 "-" "-" 
139.59.42.214 - - [06/Jul/2020:12:28:08 -0700] "GET /2020/ HTTP/1.1" 301 429 "-" "Mozilla/4.0 (compatible; MSIE 5.01; Windows NT 5.0)" 
139.59.42.214 - - [06/Jul/2020:12:28:09 -0700] "GET /2020/ HTTP/1.1" 301 429 "-" "-" 
139.59.42.214 - - [06/Jul/2020:12:28:10 -0700] "GET /2020/ HTTP/1.1" 404 284 "-" "-" 
139.59.42.214 - - [06/Jul/2020:12:28:11 -0700] "GET / HTTP/1.1" 301 419 "-" "Mozilla/5.0 (Windows NT 10.0; Win64; x64) AppleWebKit/537.36 (KHTML, like Gecko) Chrome/59.0.3071.115 Safari/537.36" 
139.59.42.214 - - [06/Jul/2020:12:28:11 -0700] "GET / HTTP/1.1" 200 47558 "-" "Mozilla/5.0 (Windows NT 10.0; Win64; x64) AppleWebKit/537.36 (KHTML, like Gecko) Chrome/59.0.3071.115 Safari/537.36" 
139.59.42.214 - - [06/Jul/2020:12:28:13 -0700] "GET /feed HTTP/1.1" 301 427 "-" "Mozilla/5.0 (Windows NT 10.0; Win64; x64) AppleWebKit/537.36 (KHTML, like Gecko) Chrome/59.0.3071.115 Safari/537.36" 
139.59.42.214 - - [06/Jul/2020:12:28:13 -0700] "GET /feed HTTP/1.1" 404 284 "-" "Mozilla/5.0 (Windows NT 10.0; Win64; x64) AppleWebKit/537.36 (KHTML, like Gecko) Chrome/59.0.3071.115 Safari/537.36" 
139.59.42.214 - - [06/Jul/2020:12:28:36 -0700] "GET / HTTP/1.1" 301 419 "-" "Mozilla/5.0 (Windows NT 10.0; Win64; x64) AppleWebKit/537.36 (KHTML, like Gecko) Chrome/59.0.3071.115 Safari/537.36" 
139.59.42.214 - - [06/Jul/2020:12:28:37 -0700] "GET / HTTP/1.1" 200 47558 "-" "Mozilla/5.0 (Windows NT 10.0; Win64; x64) AppleWebKit/537.36 (KHTML, like Gecko) Chrome/59.0.3071.115 Safari/537.36" 
139.59.42.214 - - [06/Jul/2020:12:28:38 -0700] "GET /feed HTTP/1.1" 301 427 "-" "Mozilla/5.0 (Windows NT 10.0; Win64; x64) AppleWebKit/537.36 (KHTML, like Gecko) Chrome/59.0.3071.115 Safari/537.36" 
139.59.42.214 - - [06/Jul/2020:12:28:38 -0700] "GET /feed HTTP/1.1" 404 284 "-" "Mozilla/5.0 (Windows NT 10.0; Win64; x64) AppleWebKit/537.36 (KHTML, like Gecko) Chrome/59.0.3071.115 Safari/537.36" 
46.38.235.14 - - [06/Jul/2020:12:28:53 -0700] "HEAD /self.logs/2015/access.log.2015-05-17.gz HTTP/1.1" 200 360 "-" "Ruby" 
46.38.235.14 - - [06/Jul/2020:12:28:53 -0700] "GET /self.logs/2015/access.log.2015-05-17.gz HTTP/1.1" 200 4124 "-" "Ruby" 
73.132.69.99 - - [06/Jul/2020:12:30:53 -0700] "GET / HTTP/1.1" 200 12777 "https://www.reddit.com/" "Mozilla/5.0 (Macintosh; Intel Mac OS X 10_15_5) AppleWebKit/537.36 (KHTML, like Gecko) Chrome/83.0.4103.116 Safari/537.36" 
73.132.69.99 - - [06/Jul/2020:12:30:53 -0700] "GET /css/style.css HTTP/1.1" 404 305 "http://www.secrepo.com/" "Mozilla/5.0 (Macintosh; Intel Mac OS X 10_15_5) AppleWebKit/537.36 (KHTML, like Gecko) Chrome/83.0.4103.116 Safari/537.36" 
73.132.69.99 - - [06/Jul/2020:12:30:53 -0700] "GET /twitter-icon.png HTTP/1.1" 200 27893 "http://www.secrepo.com/" "Mozilla/5.0 (Macintosh; Intel Mac OS X 10_15_5) AppleWebKit/537.36 (KHTML, like Gecko) Chrome/83.0.4103.116 Safari/537.36" 
73.132.69.99 - - [06/Jul/2020:12:30:53 -0700] "GET /GitHub-Mark.png HTTP/1.1" 200 7556 "http://www.secrepo.com/" "Mozilla/5.0 (Macintosh; Intel Mac OS X 10_15_5) AppleWebKit/537.36 (KHTML, like Gecko) Chrome/83.0.4103.116 Safari/537.36" 
73.132.69.99 - - [06/Jul/2020:12:30:54 -0700] "GET /bootstrap/img/favicon.ico HTTP/1.1" 200 690 "http://www.secrepo.com/" "Mozilla/5.0 (Macintosh; Intel Mac OS X 10_15_5) AppleWebKit/537.36 (KHTML, like Gecko) Chrome/83.0.4103.116 Safari/537.36" 
118.127.15.84 - - [06/Jul/2020:12:31:31 -0700] "GET / HTTP/1.1" 200 47565 "-" "Mozilla/5.0 (Macintosh; Intel Mac OS X 10_9_3) AppleWebKit/537.36 (KHTML, like Gecko) Chrome/35.0.1916.47 Safari/537.36" 
118.127.15.84 - - [06/Jul/2020:12:31:31 -0700] "GET / HTTP/1.1" 301 438 "-" "Mozilla/5.0 (Macintosh; Intel Mac OS X 10_9_3) AppleWebKit/537.36 (KHTML, like Gecko) Chrome/35.0.1916.47 Safari/537.36" 
118.127.15.84 - - [06/Jul/2020:12:31:31 -0700] "GET / HTTP/1.1" 200 47565 "-" "Mozilla/5.0 (Macintosh; Intel Mac OS X 10_9_3) AppleWebKit/537.36 (KHTML, like Gecko) Chrome/35.0.1916.47 Safari/537.36" 
73.132.69.99 - - [06/Jul/2020:12:32:04 -0700] "GET /honeypot/honeypot.json.zip HTTP/1.1" 200 23086087 "-" "Mozilla/5.0 (Macintosh; Intel Mac OS X 10_15_5) AppleWebKit/537.36 (KHTML, like Gecko) Chrome/83.0.4103.116 Safari/537.36" 
93.177.176.125 - - [06/Jul/2020:12:34:31 -0700] "GET /css/style.css HTTP/1.1" 404 328 "http://www.secrepo.com/" "Mozilla/5.0 (Macintosh; Intel Mac OS X 10_15_5) AppleWebKit/537.36 (KHTML, like Gecko) Chrome/83.0.4103.116 Safari/537.36" 
39.101.129.127 - - [06/Jul/2020:12:37:36 -0700] "GET /statics/css/crop.css HTTP/1.1" 404 328 "-" "python-requests/2.22.0" 
2.87.146.49 - - [06/Jul/2020:12:42:09 -0700] "GET /wp-login.php HTTP/1.1" 301 462 "-" "Mozilla/5.0 (X11; Ubuntu; Linux x86_64; rv:62.0) Gecko/20100101 Firefox/62.0" 
2.87.146.49 - - [06/Jul/2020:12:42:20 -0700] "GET /wp-login.php HTTP/1.1" 404 291 "http://SECREPO.COM/wp-login.php" "Mozilla/5.0 (X11; Ubuntu; Linux x86_64; rv:62.0) Gecko/20100101 Firefox/62.0" 
207.46.13.172 - - [06/Jul/2020:12:43:59 -0700] "GET /self.logs/2016/access.log.2016-02-15.gz HTTP/1.1" 200 8269 "-" "Mozilla/5.0 (compatible; bingbot/2.0; +http://www.bing.com/bingbot.htm)" 
142.44.245.88 - - [06/Jul/2020:12:45:24 -0700] "GET /robots.txt HTTP/1.1" 301 439 "-" "Mozilla/5.0 (compatible; YaK/1.0; http://linkfluence.com/; bot@linkfluence.com)" 
142.44.245.88 - - [06/Jul/2020:12:45:24 -0700] "GET /robots.txt HTTP/1.1" 200 333 "-" "Mozilla/5.0 (compatible; YaK/1.0; http://linkfluence.com/; bot@linkfluence.com)" 
54.36.148.64 - - [06/Jul/2020:12:48:54 -0700] "GET / HTTP/1.1" 200 12734 "-" "Mozilla/5.0 (compatible; AhrefsBot/6.1; +http://ahrefs.com/robot/)" 
72.181.19.73 - - [06/Jul/2020:12:49:54 -0700] "GET / HTTP/1.1" 200 12778 "-" "Mozilla/5.0 (Macintosh; Intel Mac OS X 10_13_6) AppleWebKit/537.36 (KHTML, like Gecko) Chrome/83.0.4103.106 Safari/537.36" 
72.181.19.73 - - [06/Jul/2020:12:49:54 -0700] "GET /css/style.css HTTP/1.1" 404 305 "http://www.secrepo.com/" "Mozilla/5.0 (Macintosh; Intel Mac OS X 10_13_6) AppleWebKit/537.36 (KHTML, like Gecko) Chrome/83.0.4103.106 Safari/537.36" 
72.181.19.73 - - [06/Jul/2020:12:49:55 -0700] "GET /twitter-icon.png HTTP/1.1" 200 27893 "http://www.secrepo.com/" "Mozilla/5.0 (Macintosh; Intel Mac OS X 10_13_6) AppleWebKit/537.36 (KHTML, like Gecko) Chrome/83.0.4103.106 Safari/537.36" 
72.181.19.73 - - [06/Jul/2020:12:49:55 -0700] "GET /GitHub-Mark.png HTTP/1.1" 200 7556 "http://www.secrepo.com/" "Mozilla/5.0 (Macintosh; Intel Mac OS X 10_13_6) AppleWebKit/537.36 (KHTML, like Gecko) Chrome/83.0.4103.106 Safari/537.36" 
207.46.13.192 - - [06/Jul/2020:12:54:07 -0700] "GET /robots.txt HTTP/1.1" 301 495 "-" "Mozilla/5.0 (compatible; bingbot/2.0; +http://www.bing.com/bingbot.htm)" 
207.46.13.192 - - [06/Jul/2020:12:54:29 -0700] "GET /robots.txt HTTP/1.1" 200 377 "-" "Mozilla/5.0 (compatible; bingbot/2.0; +http://www.bing.com/bingbot.htm)" 
207.46.13.192 - - [06/Jul/2020:12:56:49 -0700] "GET /self.logs/access.log.2018-08-01.gz HTTP/1.1" 200 45184 "-" "Mozilla/5.0 (compatible; bingbot/2.0; +http://www.bing.com/bingbot.htm)" 
139.59.42.214 - - [06/Jul/2020:12:57:34 -0700] "GET /sitemap_index.xml HTTP/1.1" 404 284 "-" "Mozilla/5.0 (Windows NT 10.0; Win64; x64) AppleWebKit/537.36 (KHTML, like Gecko) Chrome/59.0.3071.115 Safari/537.36" 
207.46.13.172 - - [06/Jul/2020:12:59:53 -0700] "GET /self.logs/2016/access.log.2016-12-11.gz HTTP/1.1" 200 14616 "-" "Mozilla/5.0 (compatible; bingbot/2.0; +http://www.bing.com/bingbot.htm)" 
157.55.39.78 - - [06/Jul/2020:13:00:01 -0700] "GET /self.logs/access.log.2018-12-09.gz HTTP/1.1" 200 23288 "-" "Mozilla/5.0 (compatible; bingbot/2.0; +http://www.bing.com/bingbot.htm)" 
207.46.13.192 - - [06/Jul/2020:13:10:36 -0700] "GET /self.logs/access.log.2017-07-25.gz HTTP/1.1" 200 28675 "-" "Mozilla/5.0 (compatible; bingbot/2.0; +http://www.bing.com/bingbot.htm)" 
73.149.157.171 - - [06/Jul/2020:13:11:02 -0700] "GET /bootstrap/img/favicon.ico HTTP/1.1" 200 713 "-" "Mozilla/5.0 (Macintosh; Intel Mac OS X 10_12_6) AppleWebKit/537.36 (KHTML, like Gecko) Chrome/83.0.4103.116 Safari/537.36" 
185.220.101.245 - - [06/Jul/2020:13:16:04 -0700] "HEAD /self.logs/access.log.2017-05-10.gz HTTP/1.1" 200 362 "-" "Ruby" 
185.220.101.245 - - [06/Jul/2020:13:16:04 -0700] "HEAD /self.logs/access.log.2017-05-10.gz HTTP/1.1" 200 362 "-" "Ruby" 
185.220.101.245 - - [06/Jul/2020:13:16:04 -0700] "GET /self.logs/access.log.2017-05-10.gz HTTP/1.1" 200 16098 "-" "Ruby" 
157.55.39.78 - - [06/Jul/2020:13:35:44 -0700] "GET /self.logs/error.log.2019-04-28.gz HTTP/1.1" 200 4268 "-" "Mozilla/5.0 (compatible; bingbot/2.0; +http://www.bing.com/bingbot.htm)" 
185.220.101.245 - - [06/Jul/2020:13:35:53 -0700] "HEAD /self.logs/access.log.2020-02-27.gz HTTP/1.1" 200 362 "-" "Ruby" 
185.220.101.245 - - [06/Jul/2020:13:35:53 -0700] "HEAD /self.logs/access.log.2020-02-27.gz HTTP/1.1" 200 362 "-" "Ruby" 
185.220.101.245 - - [06/Jul/2020:13:35:54 -0700] "GET /self.logs/access.log.2020-02-27.gz HTTP/1.1" 200 15219 "-" "Ruby" 
94.21.32.107 - - [06/Jul/2020:13:44:09 -0700] "HEAD /self.logs/error.log.2018-08-23.gz HTTP/1.1" 200 361 "-" "Ruby" 
94.21.32.107 - - [06/Jul/2020:13:44:09 -0700] "GET /self.logs/error.log.2018-08-23.gz HTTP/1.1" 200 8023 "-" "Ruby" 
106.38.241.135 - - [06/Jul/2020:13:59:16 -0700] "GET / HTTP/1.1" 200 12741 "-" "Sogou web spider/4.0(+http://www.sogou.com/docs/help/webmasters.htm#07)" 
179.43.167.227 - - [06/Jul/2020:13:59:58 -0700] "HEAD /self.logs/access.log.2017-08-07.gz HTTP/1.1" 200 362 "-" "Ruby" 
179.43.167.227 - - [06/Jul/2020:14:00:06 -0700] "HEAD /self.logs/access.log.2017-08-07.gz HTTP/1.1" 200 362 "-" "Ruby" 
157.55.39.78 - - [06/Jul/2020:14:05:41 -0700] "GET /self.logs/error.log.2015-07-09.gz HTTP/1.1" 404 328 "-" "Mozilla/5.0 (compatible; bingbot/2.0; +http://www.bing.com/bingbot.htm)" 
71.233.148.218 - - [06/Jul/2020:14:05:46 -0700] "GET / HTTP/1.1" 200 12778 "-" "Mozilla/5.0 (Windows NT 10.0; Win64; x64; rv:60.0) Gecko/20100101 Firefox/60.0" 
71.233.148.218 - - [06/Jul/2020:14:05:47 -0700] "GET /css/style.css HTTP/1.1" 404 328 "http://www.secrepo.com/" "Mozilla/5.0 (Windows NT 10.0; Win64; x64; rv:60.0) Gecko/20100101 Firefox/60.0" 
71.233.148.218 - - [06/Jul/2020:14:05:47 -0700] "GET /twitter-icon.png HTTP/1.1" 200 27893 "http://www.secrepo.com/" "Mozilla/5.0 (Windows NT 10.0; Win64; x64; rv:60.0) Gecko/20100101 Firefox/60.0" 
71.233.148.218 - - [06/Jul/2020:14:05:47 -0700] "GET /GitHub-Mark.png HTTP/1.1" 200 7533 "http://www.secrepo.com/" "Mozilla/5.0 (Windows NT 10.0; Win64; x64; rv:60.0) Gecko/20100101 Firefox/60.0" 
77.88.5.89 - - [06/Jul/2020:14:08:41 -0700] "GET /robots.txt HTTP/1.1" 200 377 "-" "Mozilla/5.0 (compatible; YandexBot/3.0; +http://yandex.com/bots)" 
77.88.5.89 - - [06/Jul/2020:14:08:45 -0700] "GET /Datasets%20Description/HTML_Bro_log_3/?C=M;O=D HTTP/1.1" 200 822 "-" "Mozilla/5.0 (compatible; YandexBot/3.0; +http://yandex.com/bots)" 
157.55.39.78 - - [06/Jul/2020:14:14:14 -0700] "GET /self.logs/access.log.2019-11-19.gz HTTP/1.1" 200 30740 "-" "Mozilla/5.0 (compatible; bingbot/2.0; +http://www.bing.com/bingbot.htm)" 
185.220.100.249 - - [06/Jul/2020:14:16:09 -0700] "HEAD /self.logs/access.log.2020-02-04.gz HTTP/1.1" 200 362 "-" "Ruby" 
185.220.100.249 - - [06/Jul/2020:14:16:10 -0700] "GET /self.logs/access.log.2020-02-04.gz HTTP/1.1" 200 12964 "-" "Ruby" 
185.220.100.249 - - [06/Jul/2020:14:16:14 -0700] "HEAD /self.logs/access.log.2020-02-04.gz HTTP/1.1" 200 362 "-" "Ruby" 
157.55.39.78 - - [06/Jul/2020:14:16:16 -0700] "GET /self.logs/2016/error.log.2016-05-02.gz HTTP/1.1" 200 752 "-" "Mozilla/5.0 (compatible; bingbot/2.0; +http://www.bing.com/bingbot.htm)" 
157.55.39.78 - - [06/Jul/2020:14:17:56 -0700] "GET /self.logs/2016/access.log.2016-01-28.gz HTTP/1.1" 200 14966 "-" "Mozilla/5.0 (compatible; bingbot/2.0; +http://www.bing.com/bingbot.htm)" 
161.35.172.9 - - [06/Jul/2020:14:21:23 -0700] "GET / HTTP/1.1" 200 12778 "-" "Mozilla/5.0 (Macintosh; Intel Mac OS X 10_10_1) AppleWebKit/537.36 (KHTML, like Gecko) Chrome/39.0.2171.95 Safari/537.36" 
161.35.172.9 - - [06/Jul/2020:14:21:25 -0700] "GET /vendor/phpunit/phpunit/src/Util/PHP/eval-stdin.php HTTP/1.1" 404 328 "-" "Mozilla/5.0 (Macintosh; Intel Mac OS X 10_10_1) AppleWebKit/537.36 (KHTML, like Gecko) Chrome/39.0.2171.95 Safari/537.36" 
161.35.172.9 - - [06/Jul/2020:14:21:28 -0700] "GET /vendor/phpunit/phpunit/Util/PHP/eval-stdin.php HTTP/1.1" 404 328 "-" "Mozilla/5.0 (Macintosh; Intel Mac OS X 10_10_1) AppleWebKit/537.36 (KHTML, like Gecko) Chrome/39.0.2171.95 Safari/537.36" 
161.35.172.9 - - [06/Jul/2020:14:21:30 -0700] "GET /vendor/phpunit/src/Util/PHP/eval-stdin.php HTTP/1.1" 404 328 "-" "Mozilla/5.0 (Macintosh; Intel Mac OS X 10_10_1) AppleWebKit/537.36 (KHTML, like Gecko) Chrome/39.0.2171.95 Safari/537.36" 
161.35.172.9 - - [06/Jul/2020:14:21:32 -0700] "GET /vendor/phpunit/Util/PHP/eval-stdin.php HTTP/1.1" 404 328 "-" "Mozilla/5.0 (Macintosh; Intel Mac OS X 10_10_1) AppleWebKit/537.36 (KHTML, like Gecko) Chrome/39.0.2171.95 Safari/537.36" 
161.35.172.9 - - [06/Jul/2020:14:21:35 -0700] "GET /phpunit/phpunit/src/Util/PHP/eval-stdin.php HTTP/1.1" 404 328 "-" "Mozilla/5.0 (Macintosh; Intel Mac OS X 10_10_1) AppleWebKit/537.36 (KHTML, like Gecko) Chrome/39.0.2171.95 Safari/537.36" 
161.35.172.9 - - [06/Jul/2020:14:21:37 -0700] "GET /phpunit/phpunit/Util/PHP/eval-stdin.php HTTP/1.1" 404 328 "-" "Mozilla/5.0 (Macintosh; Intel Mac OS X 10_10_1) AppleWebKit/537.36 (KHTML, like Gecko) Chrome/39.0.2171.95 Safari/537.36" 
161.35.172.9 - - [06/Jul/2020:14:21:39 -0700] "GET /phpunit/src/Util/PHP/eval-stdin.php HTTP/1.1" 404 328 "-" "Mozilla/5.0 (Macintosh; Intel Mac OS X 10_10_1) AppleWebKit/537.36 (KHTML, like Gecko) Chrome/39.0.2171.95 Safari/537.36" 
161.35.172.9 - - [06/Jul/2020:14:21:41 -0700] "GET /phpunit/Util/PHP/eval-stdin.php HTTP/1.1" 404 328 "-" "Mozilla/5.0 (Macintosh; Intel Mac OS X 10_10_1) AppleWebKit/537.36 (KHTML, like Gecko) Chrome/39.0.2171.95 Safari/537.36" 
161.35.172.9 - - [06/Jul/2020:14:21:44 -0700] "GET /lib/phpunit/phpunit/src/Util/PHP/eval-stdin.php HTTP/1.1" 404 328 "-" "Mozilla/5.0 (Macintosh; Intel Mac OS X 10_10_1) AppleWebKit/537.36 (KHTML, like Gecko) Chrome/39.0.2171.95 Safari/537.36" 
161.35.172.9 - - [06/Jul/2020:14:21:46 -0700] "GET /lib/phpunit/phpunit/Util/PHP/eval-stdin.php HTTP/1.1" 404 328 "-" "Mozilla/5.0 (Macintosh; Intel Mac OS X 10_10_1) AppleWebKit/537.36 (KHTML, like Gecko) Chrome/39.0.2171.95 Safari/537.36" 
161.35.172.9 - - [06/Jul/2020:14:21:48 -0700] "GET /lib/phpunit/src/Util/PHP/eval-stdin.php HTTP/1.1" 404 328 "-" "Mozilla/5.0 (Macintosh; Intel Mac OS X 10_10_1) AppleWebKit/537.36 (KHTML, like Gecko) Chrome/39.0.2171.95 Safari/537.36" 
161.35.172.9 - - [06/Jul/2020:14:21:51 -0700] "GET /lib/phpunit/Util/PHP/eval-stdin.php HTTP/1.1" 404 328 "-" "Mozilla/5.0 (Macintosh; Intel Mac OS X 10_10_1) AppleWebKit/537.36 (KHTML, like Gecko) Chrome/39.0.2171.95 Safari/537.36" 
161.35.172.9 - - [06/Jul/2020:14:21:53 -0700] "GET /panel/vendor/phpunit/phpunit/src/Util/PHP/eval-stdin.php HTTP/1.1" 404 328 "-" "Mozilla/5.0 (Macintosh; Intel Mac OS X 10_10_1) AppleWebKit/537.36 (KHTML, like Gecko) Chrome/39.0.2171.95 Safari/537.36" 
161.35.172.9 - - [06/Jul/2020:14:21:55 -0700] "GET /workspace/drupal/vendor/phpunit/phpunit/src/Util/PHP/eval-stdin.php HTTP/1.1" 404 328 "-" "Mozilla/5.0 (Macintosh; Intel Mac OS X 10_10_1) AppleWebKit/537.36 (KHTML, like Gecko) Chrome/39.0.2171.95 Safari/537.36" 
161.35.172.9 - - [06/Jul/2020:14:21:58 -0700] "GET /admin/ckeditor/plugins/ajaxplorer/phpunit/src/Util/PHP/eval-stdin.php HTTP/1.1" 404 328 "-" "Mozilla/5.0 (Macintosh; Intel Mac OS X 10_10_1) AppleWebKit/537.36 (KHTML, like Gecko) Chrome/39.0.2171.95 Safari/537.36" 
161.35.172.9 - - [06/Jul/2020:14:21:59 -0700] "GET /test/vendor/phpunit/phpunit/src/Util/PHP/eval-stdin.php HTTP/1.1" 404 328 "-" "Mozilla/5.0 (Macintosh; Intel Mac OS X 10_10_1) AppleWebKit/537.36 (KHTML, like Gecko) Chrome/39.0.2171.95 Safari/537.36" 
161.35.172.9 - - [06/Jul/2020:14:22:01 -0700] "GET /admin/vendor/phpunit/phpunit/src/Util/PHP/eval-stdin.php HTTP/1.1" 404 328 "-" "Mozilla/5.0 (Macintosh; Intel Mac OS X 10_10_1) AppleWebKit/537.36 (KHTML, like Gecko) Chrome/39.0.2171.95 Safari/537.36" 
161.35.172.9 - - [06/Jul/2020:14:22:03 -0700] "GET /2018/scholarship/vendor/phpunit/phpunit/src/Util/PHP/eval-stdin.php HTTP/1.1" 404 328 "-" "Mozilla/5.0 (Macintosh; Intel Mac OS X 10_10_1) AppleWebKit/537.36 (KHTML, like Gecko) Chrome/39.0.2171.95 Safari/537.36" 
161.35.172.9 - - [06/Jul/2020:14:22:06 -0700] "GET /2018/vendor/phpunit/phpunit/src/Util/PHP/eval-stdin.php HTTP/1.1" 404 328 "-" "Mozilla/5.0 (Macintosh; Intel Mac OS X 10_10_1) AppleWebKit/537.36 (KHTML, like Gecko) Chrome/39.0.2171.95 Safari/537.36" 
161.35.172.9 - - [06/Jul/2020:14:22:08 -0700] "GET /2019/vendor/phpunit/phpunit/src/Util/PHP/eval-stdin.php HTTP/1.1" 404 328 "-" "Mozilla/5.0 (Macintosh; Intel Mac OS X 10_10_1) AppleWebKit/537.36 (KHTML, like Gecko) Chrome/39.0.2171.95 Safari/537.36" 
72.136.55.203 - - [06/Jul/2020:14:27:51 -0700] "GET / HTTP/1.1" 200 12778 "-" "Mozilla/5.0 (iPhone; CPU iPhone OS 13_3_1 like Mac OS X) AppleWebKit/605.1.15 (KHTML, like Gecko) Version/13.0.5 Mobile/15E148 Safari/604.1" 
72.136.55.203 - - [06/Jul/2020:14:27:51 -0700] "GET /css/style.css HTTP/1.1" 404 305 "http://www.secrepo.com/" "Mozilla/5.0 (iPhone; CPU iPhone OS 13_3_1 like Mac OS X) AppleWebKit/605.1.15 (KHTML, like Gecko) Version/13.0.5 Mobile/15E148 Safari/604.1" 
72.136.55.203 - - [06/Jul/2020:14:27:51 -0700] "GET /twitter-icon.png HTTP/1.1" 200 27916 "http://www.secrepo.com/" "Mozilla/5.0 (iPhone; CPU iPhone OS 13_3_1 like Mac OS X) AppleWebKit/605.1.15 (KHTML, like Gecko) Version/13.0.5 Mobile/15E148 Safari/604.1" 
72.136.55.203 - - [06/Jul/2020:14:27:51 -0700] "GET /GitHub-Mark.png HTTP/1.1" 200 7556 "http://www.secrepo.com/" "Mozilla/5.0 (iPhone; CPU iPhone OS 13_3_1 like Mac OS X) AppleWebKit/605.1.15 (KHTML, like Gecko) Version/13.0.5 Mobile/15E148 Safari/604.1" 
72.136.55.203 - - [06/Jul/2020:14:27:52 -0700] "GET /bootstrap/img/favicon.ico HTTP/1.1" 200 713 "http://www.secrepo.com/" "Mozilla/5.0 (iPhone; CPU iPhone OS 13_3_1 like Mac OS X) AppleWebKit/605.1.15 (KHTML, like Gecko) Version/13.0.5 Mobile/15E148 Safari/604.1" 
85.10.206.50 - - [06/Jul/2020:14:34:55 -0700] "HEAD /self.logs/error.log.2017-11-26.gz HTTP/1.1" 200 360 "-" "Ruby" 
85.10.206.50 - - [06/Jul/2020:14:35:00 -0700] "HEAD /self.logs/error.log.2017-11-26.gz HTTP/1.1" 200 360 "-" "Ruby" 
211.249.204.133 - - [06/Jul/2020:14:37:28 -0700] "GET / HTTP/1.1" 200 12778 "-" "facebookexternalhit/1.1; kakaotalk-scrap/1.0; +https://devtalk.kakao.com/t/scrap/33984" 
39.7.58.102 - - [06/Jul/2020:14:37:48 -0700] "GET / HTTP/1.1" 200 12778 "-" "Mozilla/5.0 (Linux; Android 5.0; SM-N900K Build/LRX21V; wv) AppleWebKit/537.36 (KHTML, like Gecko) Version/4.0 Chrome/81.0.4044.138 Mobile Safari/537.36;KAKAOTALK 1908860" 
39.7.58.102 - - [06/Jul/2020:14:37:48 -0700] "GET /css/style.css HTTP/1.1" 404 305 "http://www.secrepo.com/" "Mozilla/5.0 (Linux; Android 5.0; SM-N900K Build/LRX21V; wv) AppleWebKit/537.36 (KHTML, like Gecko) Version/4.0 Chrome/81.0.4044.138 Mobile Safari/537.36;KAKAOTALK 1908860" 
39.7.58.102 - - [06/Jul/2020:14:37:48 -0700] "GET /twitter-icon.png HTTP/1.1" 200 27916 "http://www.secrepo.com/" "Mozilla/5.0 (Linux; Android 5.0; SM-N900K Build/LRX21V; wv) AppleWebKit/537.36 (KHTML, like Gecko) Version/4.0 Chrome/81.0.4044.138 Mobile Safari/537.36;KAKAOTALK 1908860" 
39.7.58.102 - - [06/Jul/2020:14:37:48 -0700] "GET /GitHub-Mark.png HTTP/1.1" 200 7533 "http://www.secrepo.com/" "Mozilla/5.0 (Linux; Android 5.0; SM-N900K Build/LRX21V; wv) AppleWebKit/537.36 (KHTML, like Gecko) Version/4.0 Chrome/81.0.4044.138 Mobile Safari/537.36;KAKAOTALK 1908860" 
39.7.58.102 - - [06/Jul/2020:14:37:52 -0700] "GET /bootstrap/img/favicon.ico HTTP/1.1" 200 713 "http://www.secrepo.com/" "Mozilla/5.0 (Linux; Android 5.0; SM-N900K Build/LRX21V; wv) AppleWebKit/537.36 (KHTML, like Gecko) Version/4.0 Chrome/81.0.4044.138 Mobile Safari/537.36;KAKAOTALK 1908860" 
17.58.96.129 - - [06/Jul/2020:14:39:44 -0700] "GET /self.logs/error.log.2020-01-01 HTTP/1.1" 200 307 "-" "Mozilla/5.0 (Macintosh; Intel Mac OS X 10_15_5) AppleWebKit/605.1.15 (KHTML, like Gecko) Version/13.1.1 Safari/605.1.15 (Applebot/0.1; +http://www.apple.com/go/applebot)" 
157.55.39.78 - - [06/Jul/2020:14:55:04 -0700] "GET /self.logs/access.log.2017-04-27.gz HTTP/1.1" 200 13965 "-" "Mozilla/5.0 (compatible; bingbot/2.0; +http://www.bing.com/bingbot.htm)" 
207.46.13.1 - - [06/Jul/2020:14:55:15 -0700] "GET /self.logs/error.log.2017-11-22.gz HTTP/1.1" 304 279 "-" "Mozilla/5.0 (compatible; bingbot/2.0; +http://www.bing.com/bingbot.htm)" 
207.46.13.192 - - [06/Jul/2020:14:56:50 -0700] "GET /self.logs/2016/access.log.2016-06-01.gz HTTP/1.1" 200 9996 "-" "Mozilla/5.0 (compatible; bingbot/2.0; +http://www.bing.com/bingbot.htm)" 
54.36.149.48 - - [06/Jul/2020:15:00:39 -0700] "GET /Datasets%20Description/HTML_Bro_log_1/files.html HTTP/1.1" 200 1874 "-" "Mozilla/5.0 (compatible; AhrefsBot/6.1; +http://ahrefs.com/robot/)" 
207.46.13.1 - - [06/Jul/2020:15:12:56 -0700] "GET /self.logs/error.log.2019-11-06.gz HTTP/1.1" 200 1438 "-" "Mozilla/5.0 (compatible; bingbot/2.0; +http://www.bing.com/bingbot.htm)" 
157.55.39.78 - - [06/Jul/2020:15:14:40 -0700] "GET / HTTP/1.1" 200 12778 "-" "Mozilla/5.0 (compatible; bingbot/2.0; +http://www.bing.com/bingbot.htm)" 
185.107.83.71 - - [06/Jul/2020:15:16:50 -0700] "HEAD /self.logs/access.log.2019-01-01.gz HTTP/1.1" 200 362 "-" "Ruby" 
185.107.83.71 - - [06/Jul/2020:15:16:51 -0700] "GET /self.logs/access.log.2019-01-01.gz HTTP/1.1" 200 27875 "-" "Ruby" 
142.68.59.137 - - [06/Jul/2020:15:26:35 -0700] "GET / HTTP/1.1" 200 12776 "-" "Mozilla/5.0 (Macintosh; Intel Mac OS X 10_15_5) AppleWebKit/605.1.15 (KHTML, like Gecko)" 
142.68.59.137 - - [06/Jul/2020:15:26:35 -0700] "GET /apple-touch-icon-precomposed.png HTTP/1.1" 404 328 "-" "Safari/15609.2.9.1.2 CFNetwork/1126 Darwin/19.5.0 (x86_64)" 
142.68.59.137 - - [06/Jul/2020:15:26:35 -0700] "GET /apple-touch-icon.png HTTP/1.1" 404 305 "-" "Safari/15609.2.9.1.2 CFNetwork/1126 Darwin/19.5.0 (x86_64)" 
142.68.59.137 - - [06/Jul/2020:15:26:35 -0700] "GET /bootstrap/img/favicon.ico HTTP/1.1" 200 690 "-" "Safari/15609.2.9.1.2 CFNetwork/1126 Darwin/19.5.0 (x86_64)" 
142.68.59.137 - - [06/Jul/2020:15:26:35 -0700] "GET / HTTP/1.1" 200 12753 "-" "Mozilla/5.0 (iPhone; CPU iPhone OS 13_1_3 like Mac OS X) AppleWebKit/605.1.15 (KHTML, like Gecko) Version/13.0.1 Mobile/15E148 Safari/604.1" 
142.68.59.137 - - [06/Jul/2020:15:26:35 -0700] "GET /apple-touch-icon-precomposed.png HTTP/1.1" 404 305 "-" "Safari/15609.2.9.1.2 CFNetwork/1126 Darwin/19.5.0 (x86_64)" 
142.68.59.137 - - [06/Jul/2020:15:26:35 -0700] "GET /apple-touch-icon.png HTTP/1.1" 404 305 "-" "Safari/15609.2.9.1.2 CFNetwork/1126 Darwin/19.5.0 (x86_64)" 
81.17.16.148 - - [06/Jul/2020:15:33:02 -0700] "HEAD /self.logs/access.log.2017-09-28.gz HTTP/1.1" 200 362 "-" "Ruby" 
81.17.16.148 - - [06/Jul/2020:15:33:03 -0700] "GET /self.logs/access.log.2017-09-28.gz HTTP/1.1" 200 26572 "-" "Ruby" 
37.228.251.236 - - [06/Jul/2020:15:40:05 -0700] "GET / HTTP/1.1" 200 12778 "https://www.researchgate.net/" "Mozilla/5.0 (Windows NT 10.0; Win64; x64) AppleWebKit/537.36 (KHTML, like Gecko) Chrome/83.0.4103.116 Safari/537.36" 
37.228.251.236 - - [06/Jul/2020:15:40:05 -0700] "GET /css/style.css HTTP/1.1" 404 305 "http://www.secrepo.com/" "Mozilla/5.0 (Windows NT 10.0; Win64; x64) AppleWebKit/537.36 (KHTML, like Gecko) Chrome/83.0.4103.116 Safari/537.36" 
37.228.251.236 - - [06/Jul/2020:15:40:06 -0700] "GET /twitter-icon.png HTTP/1.1" 200 27893 "http://www.secrepo.com/" "Mozilla/5.0 (Windows NT 10.0; Win64; x64) AppleWebKit/537.36 (KHTML, like Gecko) Chrome/83.0.4103.116 Safari/537.36" 
37.228.251.236 - - [06/Jul/2020:15:40:06 -0700] "GET /GitHub-Mark.png HTTP/1.1" 200 7556 "http://www.secrepo.com/" "Mozilla/5.0 (Windows NT 10.0; Win64; x64) AppleWebKit/537.36 (KHTML, like Gecko) Chrome/83.0.4103.116 Safari/537.36" 
185.220.101.221 - - [06/Jul/2020:15:44:37 -0700] "HEAD /self.logs/error.log.2019-03-26.gz HTTP/1.1" 200 361 "-" "Ruby" 
185.220.101.221 - - [06/Jul/2020:15:44:46 -0700] "HEAD /self.logs/error.log.2019-03-26.gz HTTP/1.1" 200 361 "-" "Ruby" 
216.18.204.137 - - [06/Jul/2020:15:48:19 -0700] "GET /self.logs/2015/ HTTP/1.1" 200 7621 "-" "Mozilla/5.0 (Windows NT 6.1; rv:60.0) Gecko/20100101 Firefox/60.0" 
216.18.204.137 - - [06/Jul/2020:15:48:21 -0700] "GET /self.logs/2016/ HTTP/1.1" 200 7837 "-" "Mozilla/5.0 (Windows NT 6.1; rv:60.0) Gecko/20100101 Firefox/60.0" 
216.18.204.137 - - [06/Jul/2020:15:48:21 -0700] "GET /self.logs/?C=D;O=A HTTP/1.1" 200 23672 "-" "Mozilla/5.0 (Windows NT 6.1; rv:60.0) Gecko/20100101 Firefox/60.0" 
216.18.204.137 - - [06/Jul/2020:15:48:24 -0700] "GET /self.logs/?C=M;O=A HTTP/1.1" 200 24426 "-" "Mozilla/5.0 (Windows NT 6.1; rv:60.0) Gecko/20100101 Firefox/60.0" 
216.18.204.137 - - [06/Jul/2020:15:48:26 -0700] "GET /self.logs/?C=N;O=D HTTP/1.1" 200 24137 "-" "Mozilla/5.0 (Windows NT 6.1; rv:60.0) Gecko/20100101 Firefox/60.0" 
216.18.204.137 - - [06/Jul/2020:15:48:29 -0700] "GET /self.logs/?C=S;O=A HTTP/1.1" 200 27497 "-" "Mozilla/5.0 (Windows NT 6.1; rv:60.0) Gecko/20100101 Firefox/60.0" 
216.18.204.137 - - [06/Jul/2020:15:48:31 -0700] "GET /self.logs/access.log.2019-07-15 HTTP/1.1" 200 108040 "-" "Mozilla/5.0 (Windows NT 6.1; rv:60.0) Gecko/20100101 Firefox/60.0" 
216.18.204.137 - - [06/Jul/2020:15:48:32 -0700] "GET /self.logs/access.log.2017-01-01.gz HTTP/1.1" 200 17678 "-" "Mozilla/5.0 (Windows NT 6.1; rv:60.0) Gecko/20100101 Firefox/60.0" 
216.18.204.137 - - [06/Jul/2020:15:48:33 -0700] "GET /self.logs/access.log.2017-01-02.gz HTTP/1.1" 200 26829 "-" "Mozilla/5.0 (Windows NT 6.1; rv:60.0) Gecko/20100101 Firefox/60.0" 
216.18.204.137 - - [06/Jul/2020:15:48:34 -0700] "GET /self.logs/access.log.2017-01-03.gz HTTP/1.1" 200 41164 "-" "Mozilla/5.0 (Windows NT 6.1; rv:60.0) Gecko/20100101 Firefox/60.0" 
207.46.13.192 - - [06/Jul/2020:15:52:05 -0700] "GET /self.logs/2015/access.log.2015-11-17.gz HTTP/1.1" 200 5664 "-" "Mozilla/5.0 (compatible; bingbot/2.0; +http://www.bing.com/bingbot.htm)" 
185.220.101.245 - - [06/Jul/2020:15:57:46 -0700] "HEAD /self.logs/2015/access.log.2015-08-29.gz HTTP/1.1" 200 361 "-" "Ruby" 
185.220.101.245 - - [06/Jul/2020:15:57:56 -0700] "HEAD /self.logs/2015/access.log.2015-08-29.gz HTTP/1.1" 200 361 "-" "Ruby" 
66.249.93.77 - - [06/Jul/2020:16:07:50 -0700] "GET / HTTP/1.1" 200 12778 "-" "Mozilla/5.0 (X11; Linux x86_64) AppleWebKit/537.36 (KHTML, like Gecko) Chrome/49.0.2623.75 Safari/537.36 Google Favicon" 
66.249.93.79 - - [06/Jul/2020:16:07:50 -0700] "GET /bootstrap/img/favicon.ico HTTP/1.1" 200 713 "-" "Mozilla/5.0 (X11; Linux x86_64) AppleWebKit/537.36 (KHTML, like Gecko) Chrome/49.0.2623.75 Safari/537.36 Google Favicon" 
42.236.10.112 - - [06/Jul/2020:16:08:24 -0700] "GET / HTTP/1.1" 200 12778 "http://www.secrepo.com/" "Mozilla/5.0(compatible;MSIE9.0;WindowsNT6.1;Trident/5.0)" 
144.217.7.33 - - [06/Jul/2020:16:13:59 -0700] "HEAD /self.logs/2015/error.log.2015-12-30.gz HTTP/1.1" 200 359 "-" "Ruby" 
66.249.88.109 - - [06/Jul/2020:16:22:19 -0700] "GET / HTTP/1.1" 200 12778 "-" "Mozilla/5.0 (X11; Linux x86_64) AppleWebKit/537.36 (KHTML, like Gecko) Chrome/49.0.2623.75 Safari/537.36 Google Favicon" 
66.249.88.113 - - [06/Jul/2020:16:22:19 -0700] "GET /bootstrap/img/favicon.ico HTTP/1.1" 200 713 "-" "Mozilla/5.0 (X11; Linux x86_64) AppleWebKit/537.36 (KHTML, like Gecko) Chrome/49.0.2623.75 Safari/537.36 Google Favicon" 
157.55.39.78 - - [06/Jul/2020:16:22:35 -0700] "GET /self.logs/access.log.2017-10-25.gz HTTP/1.1" 200 21360 "-" "Mozilla/5.0 (compatible; bingbot/2.0; +http://www.bing.com/bingbot.htm)" 
17.58.96.129 - - [06/Jul/2020:16:22:49 -0700] "GET /self.logs/error.log.2020-01-03 HTTP/1.1" 200 1303 "-" "Mozilla/5.0 (Macintosh; Intel Mac OS X 10_15_5) AppleWebKit/605.1.15 (KHTML, like Gecko) Version/13.1.1 Safari/605.1.15 (Applebot/0.1; +http://www.apple.com/go/applebot)" 
220.181.108.168 - - [06/Jul/2020:16:18:45 -0700] "GET /domaindata/domainmovement.zip HTTP/1.1" 200 6567080 "-" "Mozilla/5.0 (compatible; Baiduspider/2.0; +http://www.baidu.com/search/spider.html)" 
220.181.108.169 - - [06/Jul/2020:16:19:45 -0700] "GET /domaindata/domainmovement.zip HTTP/1.1" 200 6645920 "-" "Mozilla/5.0 (compatible; Baiduspider/2.0; +http://www.baidu.com/search/spider.html)" 
207.46.13.192 - - [06/Jul/2020:16:45:21 -0700] "GET /self.logs/access.log.2019-01-09.gz HTTP/1.1" 200 28194 "-" "Mozilla/5.0 (compatible; bingbot/2.0; +http://www.bing.com/bingbot.htm)" 
66.249.79.209 - - [06/Jul/2020:16:57:00 -0700] "GET / HTTP/1.1" 200 12778 "-" "Mozilla/5.0 (Linux; Android 6.0.1; Nexus 5X Build/MMB29P) AppleWebKit/537.36 (KHTML, like Gecko) Chrome/80.0.3987.92 Mobile Safari/537.36 (compatible; Googlebot/2.1; +http://www.google.com/bot.html)" 
17.58.96.129 - - [06/Jul/2020:17:00:40 -0700] "GET /self.logs/error.log.2020-01-07 HTTP/1.1" 200 307 "-" "Mozilla/5.0 (Macintosh; Intel Mac OS X 10_15_5) AppleWebKit/605.1.15 (KHTML, like Gecko) Version/13.1.1 Safari/605.1.15 (Applebot/0.1; +http://www.apple.com/go/applebot)" 
157.55.39.22 - - [06/Jul/2020:17:00:55 -0700] "GET /self.logs/access.log.2017-07-26.gz HTTP/1.1" 200 17821 "-" "Mozilla/5.0 (compatible; bingbot/2.0; +http://www.bing.com/bingbot.htm)" 
157.55.39.22 - - [06/Jul/2020:17:01:42 -0700] "GET /self.logs/access.log.2019-08-29.gz HTTP/1.1" 200 32925 "-" "Mozilla/5.0 (compatible; bingbot/2.0; +http://www.bing.com/bingbot.htm)" 
207.46.13.1 - - [06/Jul/2020:17:03:28 -0700] "GET /self.logs/error.log.2018-11-07.gz HTTP/1.1" 200 4372 "-" "Mozilla/5.0 (compatible; bingbot/2.0; +http://www.bing.com/bingbot.htm)" 
171.113.113.147 - - [06/Jul/2020:17:06:32 -0700] "GET /favicon.ico HTTP/1.1" 200 391 "-" "Mozilla/5.0 (Windows NT 10.0; WOW64) AppleWebKit/537.36 (KHTML, like Gecko) Chrome/70.0.3538.25 Safari/537.36 Core/1.70.3766.400 QQBrowser/10.6.4163.400" 
54.36.149.48 - - [06/Jul/2020:17:08:43 -0700] "GET / HTTP/1.1" 200 12734 "-" "Mozilla/5.0 (compatible; AhrefsBot/6.1; +http://ahrefs.com/robot/)" 
157.55.39.22 - - [06/Jul/2020:17:09:26 -0700] "GET /maccdc2012/weird.log.gz HTTP/1.1" 301 521 "-" "Mozilla/5.0 (compatible; bingbot/2.0; +http://www.bing.com/bingbot.htm)" 
17.58.96.129 - - [06/Jul/2020:17:09:32 -0700] "GET /self.logs/error.log.2020-01-13 HTTP/1.1" 200 307 "-" "Mozilla/5.0 (Macintosh; Intel Mac OS X 10_15_5) AppleWebKit/605.1.15 (KHTML, like Gecko) Version/13.1.1 Safari/605.1.15 (Applebot/0.1; +http://www.apple.com/go/applebot)" 
185.13.39.207 - - [06/Jul/2020:17:11:52 -0700] "GET /.env HTTP/1.1" 301 483 "-" "-" 
185.13.39.207 - - [06/Jul/2020:17:11:52 -0700] "GET /.env HTTP/1.1" 404 328 "-" "-" 
207.46.13.172 - - [06/Jul/2020:17:20:11 -0700] "GET /self.logs/access.log.2017-12-23.gz HTTP/1.1" 200 19272 "-" "Mozilla/5.0 (compatible; bingbot/2.0; +http://www.bing.com/bingbot.htm)" 
157.55.39.78 - - [06/Jul/2020:17:24:42 -0700] "GET /self.logs/error.log.2018-11-15.gz HTTP/1.1" 200 3602 "-" "Mozilla/5.0 (compatible; bingbot/2.0; +http://www.bing.com/bingbot.htm)" 
69.245.225.44 - - [06/Jul/2020:17:28:03 -0700] "GET / HTTP/1.1" 200 12778 "-" "Mozilla/5.0 (Macintosh; Intel Mac OS X 10_13_6) AppleWebKit/537.36 (KHTML, like Gecko) Chrome/83.0.4103.116 Safari/537.36" 
69.245.225.44 - - [06/Jul/2020:17:28:04 -0700] "GET /css/style.css HTTP/1.1" 404 305 "http://www.secrepo.com/" "Mozilla/5.0 (Macintosh; Intel Mac OS X 10_13_6) AppleWebKit/537.36 (KHTML, like Gecko) Chrome/83.0.4103.116 Safari/537.36" 
