54.36.149.61 - - [14/Apr/2021:18:26:45 -0700] "GET /self.logs/2016/?C=M;O=A HTTP/1.1" 200 7985 "-" "Mozilla/5.0 (compatible; AhrefsBot/7.0; +http://ahrefs.com/robot/)" 
54.36.149.61 - - [14/Apr/2021:18:28:04 -0700] "GET /self.logs/error.log.2019-09-16.gz HTTP/1.1" 200 1595 "-" "Mozilla/5.0 (compatible; AhrefsBot/7.0; +http://ahrefs.com/robot/)" 
111.202.101.174 - - [14/Apr/2021:18:28:41 -0700] "GET / HTTP/1.1" 200 12846 "-" "Sogou web spider/4.0(+http://www.sogou.com/docs/help/webmasters.htm#07)" 
125.75.18.158 - - [14/Apr/2021:18:29:46 -0700] "GET /favicon.ico HTTP/1.1" 200 391 "-" "Mozilla/5.0 (Windows NT 6.1) AppleWebKit/537.36 (KHTML, like Gecko) Chrome/78.0.3904.108 Safari/537.36" 
111.202.101.156 - - [14/Apr/2021:18:29:53 -0700] "GET / HTTP/1.1" 200 12846 "-" "Sogou web spider/4.0(+http://www.sogou.com/docs/help/webmasters.htm#07)" 
114.119.150.248 - - [14/Apr/2021:18:30:23 -0700] "GET /self.logs/access.log.2019-10-12.gz HTTP/1.1" 200 19052 "-" "Mozilla/5.0 (Linux; Android 7.0;) AppleWebKit/537.36 (KHTML, like Gecko) Mobile Safari/537.36 (compatible; PetalBot;+https://webmaster.petalsearch.com/site/petalbot)" 
54.36.148.17 - - [14/Apr/2021:18:30:48 -0700] "GET /self.logs/error.log.2019-05-03.gz HTTP/1.1" 200 4480 "-" "Mozilla/5.0 (compatible; AhrefsBot/7.0; +http://ahrefs.com/robot/)" 
54.36.149.61 - - [14/Apr/2021:18:32:09 -0700] "GET /self.logs/access.log.2017-01-26.gz HTTP/1.1" 200 24029 "-" "Mozilla/5.0 (compatible; AhrefsBot/7.0; +http://ahrefs.com/robot/)" 
103.131.71.204 - - [14/Apr/2021:18:34:44 -0700] "GET /robots.txt HTTP/1.1" 301 458 "-" "Mozilla/5.0 (compatible; coccocbot-image/1.0; +http://help.coccoc.com/searchengine)" 
103.131.71.204 - - [14/Apr/2021:18:34:47 -0700] "GET /robots.txt HTTP/1.1" 200 340 "-" "Mozilla/5.0 (compatible; coccocbot-image/1.0; +http://help.coccoc.com/searchengine)" 
54.36.149.25 - - [14/Apr/2021:18:34:50 -0700] "GET /self.logs/access.log.2017-08-23.gz HTTP/1.1" 200 21163 "-" "Mozilla/5.0 (compatible; AhrefsBot/7.0; +http://ahrefs.com/robot/)" 
114.119.130.95 - - [14/Apr/2021:18:37:05 -0700] "GET /self.logs/2015/access.log.2015-04-26.gz HTTP/1.1" 200 3948 "-" "Mozilla/5.0 (Linux; Android 7.0;) AppleWebKit/537.36 (KHTML, like Gecko) Mobile Safari/537.36 (compatible; PetalBot;+https://webmaster.petalsearch.com/site/petalbot)" 
54.36.148.116 - - [14/Apr/2021:18:37:32 -0700] "GET /self.logs/access.log.2019-01-07.gz HTTP/1.1" 200 46740 "-" "Mozilla/5.0 (compatible; AhrefsBot/7.0; +http://ahrefs.com/robot/)" 
54.36.149.64 - - [14/Apr/2021:18:40:15 -0700] "GET /self.logs/error.log.2019-05-23.gz HTTP/1.1" 200 5287 "-" "Mozilla/5.0 (compatible; AhrefsBot/7.0; +http://ahrefs.com/robot/)" 
54.36.149.61 - - [14/Apr/2021:18:43:01 -0700] "GET /self.logs/error.log.2018-05-22.gz HTTP/1.1" 200 3765 "-" "Mozilla/5.0 (compatible; AhrefsBot/7.0; +http://ahrefs.com/robot/)" 
114.119.130.95 - - [14/Apr/2021:18:43:24 -0700] "GET /self.logs/error.log.2019-09-28.gz HTTP/1.1" 200 1732 "-" "Mozilla/5.0 (Linux; Android 7.0;) AppleWebKit/537.36 (KHTML, like Gecko) Mobile Safari/537.36 (compatible; PetalBot;+https://webmaster.petalsearch.com/site/petalbot)" 
54.36.148.176 - - [14/Apr/2021:18:45:43 -0700] "GET /self.logs/error.log.2018-01-10.gz HTTP/1.1" 200 2250 "-" "Mozilla/5.0 (compatible; AhrefsBot/7.0; +http://ahrefs.com/robot/)" 
54.36.149.61 - - [14/Apr/2021:18:48:26 -0700] "GET /self.logs/2016/error.log.2016-06-17.gz HTTP/1.1" 200 2543 "-" "Mozilla/5.0 (compatible; AhrefsBot/7.0; +http://ahrefs.com/robot/)" 
114.119.129.244 - - [14/Apr/2021:18:49:44 -0700] "GET /self.logs/error.log.2019-11-30.gz HTTP/1.1" 200 2111 "-" "Mozilla/5.0 (Linux; Android 7.0;) AppleWebKit/537.36 (KHTML, like Gecko) Mobile Safari/537.36 (compatible; PetalBot;+https://webmaster.petalsearch.com/site/petalbot)" 
54.36.148.17 - - [14/Apr/2021:18:49:47 -0700] "GET /self.logs/error.log.2018-01-01.gz HTTP/1.1" 200 2958 "-" "Mozilla/5.0 (compatible; AhrefsBot/7.0; +http://ahrefs.com/robot/)" 
198.182.50.13 - - [14/Apr/2021:18:50:56 -0700] "GET /favicon.ico HTTP/1.1" 304 261 "-" "Mozilla/5.0 (Windows NT 10.0; WOW64) AppleWebKit/537.36 (KHTML, like Gecko) Chrome/86.0.4240.198 Safari/537.36" 
54.36.148.183 - - [14/Apr/2021:18:51:09 -0700] "GET /self.logs/access.log.2018-02-20.gz HTTP/1.1" 200 24395 "-" "Mozilla/5.0 (compatible; AhrefsBot/7.0; +http://ahrefs.com/robot/)" 
45.158.34.139 - - [14/Apr/2021:18:51:20 -0700] "GET / HTTP/1.1" 301 475 "-" "Mozilla/5.0 (Windows NT 10.0; WOW64; rv:56.0) Gecko/20100101 Firefox/56.0" 
54.36.148.17 - - [14/Apr/2021:18:51:49 -0700] "GET /self.logs/access.log.2017-12-29.gz HTTP/1.1" 200 20194 "-" "Mozilla/5.0 (compatible; AhrefsBot/7.0; +http://ahrefs.com/robot/)" 
45.158.34.139 - - [14/Apr/2021:18:52:06 -0700] "GET / HTTP/1.1" 200 12883 "-" "Mozilla/5.0 (Windows NT 10.0; WOW64; rv:56.0) Gecko/20100101 Firefox/56.0" 
54.36.149.61 - - [14/Apr/2021:18:52:31 -0700] "GET /self.logs/error.log.2017-09-16.gz HTTP/1.1" 200 1789 "-" "Mozilla/5.0 (compatible; AhrefsBot/7.0; +http://ahrefs.com/robot/)" 
54.36.148.218 - - [14/Apr/2021:18:53:11 -0700] "GET /self.logs/error.log.2020-08-17 HTTP/1.1" 200 307 "-" "Mozilla/5.0 (compatible; AhrefsBot/7.0; +http://ahrefs.com/robot/)" 
54.36.148.17 - - [14/Apr/2021:18:53:52 -0700] "GET /self.logs/error.log.2017-04-05.gz HTTP/1.1" 200 4142 "-" "Mozilla/5.0 (compatible; AhrefsBot/7.0; +http://ahrefs.com/robot/)" 
54.36.148.17 - - [14/Apr/2021:18:54:34 -0700] "GET /self.logs/2016/error.log.2016-02-10.gz HTTP/1.1" 200 758 "-" "Mozilla/5.0 (compatible; AhrefsBot/7.0; +http://ahrefs.com/robot/)" 
54.36.148.17 - - [14/Apr/2021:18:55:17 -0700] "GET /self.logs/access.log.2019-07-05.gz HTTP/1.1" 200 24871 "-" "Mozilla/5.0 (compatible; AhrefsBot/7.0; +http://ahrefs.com/robot/)" 
114.119.150.248 - - [14/Apr/2021:18:55:28 -0700] "GET /self.logs/access.log.2017-09-18.gz HTTP/1.1" 200 30123 "-" "Mozilla/5.0 (Linux; Android 7.0;) AppleWebKit/537.36 (KHTML, like Gecko) Mobile Safari/537.36 (compatible; PetalBot;+https://webmaster.petalsearch.com/site/petalbot)" 
54.36.149.61 - - [14/Apr/2021:18:55:57 -0700] "GET /self.logs/error.log.2017-07-21.gz HTTP/1.1" 200 856 "-" "Mozilla/5.0 (compatible; AhrefsBot/7.0; +http://ahrefs.com/robot/)" 
54.36.149.61 - - [14/Apr/2021:18:56:40 -0700] "GET /self.logs/error.log.2018-07-05.gz HTTP/1.1" 200 5674 "-" "Mozilla/5.0 (compatible; AhrefsBot/7.0; +http://ahrefs.com/robot/)" 
54.36.148.17 - - [14/Apr/2021:18:57:24 -0700] "GET /self.logs/access.log.2019-05-06.gz HTTP/1.1" 200 44111 "-" "Mozilla/5.0 (compatible; AhrefsBot/7.0; +http://ahrefs.com/robot/)" 
5.138.70.241 - - [14/Apr/2021:18:57:42 -0700] "HEAD / HTTP/1.1" 200 352 "-" "Xenu Link Sleuth/1.3.8" 
54.36.148.33 - - [14/Apr/2021:18:58:07 -0700] "GET /self.logs/error.log.2020-04-06 HTTP/1.1" 200 307 "-" "Mozilla/5.0 (compatible; AhrefsBot/7.0; +http://ahrefs.com/robot/)" 
49.7.20.105 - - [14/Apr/2021:18:58:35 -0700] "GET / HTTP/1.1" 200 12846 "-" "Sogou web spider/4.0(+http://www.sogou.com/docs/help/webmasters.htm#07)" 
54.36.149.61 - - [14/Apr/2021:18:58:48 -0700] "GET /self.logs/error.log.2020-07-21 HTTP/1.1" 200 307 "-" "Mozilla/5.0 (compatible; AhrefsBot/7.0; +http://ahrefs.com/robot/)" 
54.36.149.61 - - [14/Apr/2021:18:59:30 -0700] "GET /self.logs/access.log.2017-12-26.gz HTTP/1.1" 200 78840 "-" "Mozilla/5.0 (compatible; AhrefsBot/7.0; +http://ahrefs.com/robot/)" 
54.36.149.61 - - [14/Apr/2021:19:00:09 -0700] "GET /self.logs/error.log.2017-10-07.gz HTTP/1.1" 200 2748 "-" "Mozilla/5.0 (compatible; AhrefsBot/7.0; +http://ahrefs.com/robot/)" 
54.36.149.61 - - [14/Apr/2021:19:00:51 -0700] "GET /self.logs/access.log.2017-08-29.gz HTTP/1.1" 200 24930 "-" "Mozilla/5.0 (compatible; AhrefsBot/7.0; +http://ahrefs.com/robot/)" 
54.36.149.61 - - [14/Apr/2021:19:01:14 -0700] "GET /self.logs/access.log.2018-01-18.gz HTTP/1.1" 200 27041 "-" "Mozilla/5.0 (compatible; AhrefsBot/7.0; +http://ahrefs.com/robot/)" 
54.36.149.61 - - [14/Apr/2021:19:01:32 -0700] "GET /self.logs/error.log.2018-07-08.gz HTTP/1.1" 200 7384 "-" "Mozilla/5.0 (compatible; AhrefsBot/7.0; +http://ahrefs.com/robot/)" 
54.36.149.61 - - [14/Apr/2021:19:01:53 -0700] "GET /self.logs/?C=N;O=A HTTP/1.1" 200 28771 "-" "Mozilla/5.0 (compatible; AhrefsBot/7.0; +http://ahrefs.com/robot/)" 
114.119.140.84 - - [14/Apr/2021:19:02:05 -0700] "GET /self.logs/error.log.2020-12-29 HTTP/1.1" 200 351 "-" "Mozilla/5.0 (Linux; Android 7.0;) AppleWebKit/537.36 (KHTML, like Gecko) Mobile Safari/537.36 (compatible; PetalBot;+https://webmaster.petalsearch.com/site/petalbot)" 
54.36.148.17 - - [14/Apr/2021:19:02:15 -0700] "GET /self.logs/access.log.2019-05-09.gz HTTP/1.1" 200 28310 "-" "Mozilla/5.0 (compatible; AhrefsBot/7.0; +http://ahrefs.com/robot/)" 
54.36.148.17 - - [14/Apr/2021:19:02:35 -0700] "GET /self.logs/error.log.2018-10-28.gz HTTP/1.1" 200 3525 "-" "Mozilla/5.0 (compatible; AhrefsBot/7.0; +http://ahrefs.com/robot/)" 
54.36.149.61 - - [14/Apr/2021:19:02:57 -0700] "GET /self.logs/access.log.2018-07-09.gz HTTP/1.1" 200 23964 "-" "Mozilla/5.0 (compatible; AhrefsBot/7.0; +http://ahrefs.com/robot/)" 
54.36.149.61 - - [14/Apr/2021:19:03:38 -0700] "GET /self.logs/error.log.2018-07-04.gz HTTP/1.1" 200 6749 "-" "Mozilla/5.0 (compatible; AhrefsBot/7.0; +http://ahrefs.com/robot/)" 
54.36.148.17 - - [14/Apr/2021:19:04:20 -0700] "GET /self.logs/error.log.2017-06-07.gz HTTP/1.1" 200 1443 "-" "Mozilla/5.0 (compatible; AhrefsBot/7.0; +http://ahrefs.com/robot/)" 
54.36.149.61 - - [14/Apr/2021:19:05:00 -0700] "GET /self.logs/error.log.2018-01-08.gz HTTP/1.1" 200 5794 "-" "Mozilla/5.0 (compatible; AhrefsBot/7.0; +http://ahrefs.com/robot/)" 
201.203.6.143 - - [14/Apr/2021:19:05:08 -0700] "GET / HTTP/1.1" 200 12882 "-" "Mozilla/5.0 (Windows NT 10.0; Win64; x64) AppleWebKit/537.36 (KHTML, like Gecko) Chrome/89.0.4389.128 Safari/537.36" 
201.203.6.143 - - [14/Apr/2021:19:05:08 -0700] "GET /css/style.css HTTP/1.1" 404 305 "http://www.secrepo.com/" "Mozilla/5.0 (Windows NT 10.0; Win64; x64) AppleWebKit/537.36 (KHTML, like Gecko) Chrome/89.0.4389.128 Safari/537.36" 
201.203.6.143 - - [14/Apr/2021:19:05:09 -0700] "GET /twitter-icon.png HTTP/1.1" 200 27893 "http://www.secrepo.com/" "Mozilla/5.0 (Windows NT 10.0; Win64; x64) AppleWebKit/537.36 (KHTML, like Gecko) Chrome/89.0.4389.128 Safari/537.36" 
201.203.6.143 - - [14/Apr/2021:19:05:09 -0700] "GET /GitHub-Mark.png HTTP/1.1" 200 7556 "http://www.secrepo.com/" "Mozilla/5.0 (Windows NT 10.0; Win64; x64) AppleWebKit/537.36 (KHTML, like Gecko) Chrome/89.0.4389.128 Safari/537.36" 
201.203.6.143 - - [14/Apr/2021:19:05:10 -0700] "GET /bootstrap/img/favicon.ico HTTP/1.1" 200 690 "http://www.secrepo.com/" "Mozilla/5.0 (Windows NT 10.0; Win64; x64) AppleWebKit/537.36 (KHTML, like Gecko) Chrome/89.0.4389.128 Safari/537.36" 
54.36.148.17 - - [14/Apr/2021:19:05:43 -0700] "GET /self.logs/error.log.2020-05-03.gz HTTP/1.1" 200 917 "-" "Mozilla/5.0 (compatible; AhrefsBot/7.0; +http://ahrefs.com/robot/)" 
54.36.148.17 - - [14/Apr/2021:19:06:24 -0700] "GET /self.logs/error.log.2018-03-14.gz HTTP/1.1" 200 4643 "-" "Mozilla/5.0 (compatible; AhrefsBot/7.0; +http://ahrefs.com/robot/)" 
106.9.66.227 - - [14/Apr/2021:19:06:39 -0700] "GET /favicon.ico HTTP/1.1" 304 261 "-" "Mozilla/5.0 (Windows NT 10.0; WOW64) AppleWebKit/537.36 (KHTML, like Gecko) Chrome/86.0.4240.198 Safari/537.36" 
54.36.149.61 - - [14/Apr/2021:19:07:03 -0700] "GET /self.logs/error.log.2018-12-21.gz HTTP/1.1" 200 5466 "-" "Mozilla/5.0 (compatible; AhrefsBot/7.0; +http://ahrefs.com/robot/)" 
54.36.149.61 - - [14/Apr/2021:19:07:43 -0700] "GET /self.logs/error.log.2020-07-09.gz HTTP/1.1" 200 5002 "-" "Mozilla/5.0 (compatible; AhrefsBot/7.0; +http://ahrefs.com/robot/)" 
54.36.149.61 - - [14/Apr/2021:19:08:24 -0700] "GET /self.logs/2016/access.log.2016-03-21.gz HTTP/1.1" 200 6626 "-" "Mozilla/5.0 (compatible; AhrefsBot/7.0; +http://ahrefs.com/robot/)" 
114.119.140.84 - - [14/Apr/2021:19:08:28 -0700] "GET /self.logs/error.log.2019-08-11.gz HTTP/1.1" 200 867 "-" "Mozilla/5.0 (Linux; Android 7.0;) AppleWebKit/537.36 (KHTML, like Gecko) Mobile Safari/537.36 (compatible; PetalBot;+https://webmaster.petalsearch.com/site/petalbot)" 
54.36.149.61 - - [14/Apr/2021:19:09:06 -0700] "GET /self.logs/error.log.2019-12-27.gz HTTP/1.1" 200 767 "-" "Mozilla/5.0 (compatible; AhrefsBot/7.0; +http://ahrefs.com/robot/)" 
54.36.148.214 - - [14/Apr/2021:19:10:34 -0700] "GET /self.logs/error.log.2018-06-16.gz HTTP/1.1" 200 6055 "-" "Mozilla/5.0 (compatible; AhrefsBot/7.0; +http://ahrefs.com/robot/)" 
54.36.148.17 - - [14/Apr/2021:19:11:13 -0700] "GET /self.logs/error.log.2017-02-22.gz HTTP/1.1" 200 981 "-" "Mozilla/5.0 (compatible; AhrefsBot/7.0; +http://ahrefs.com/robot/)" 
54.36.149.61 - - [14/Apr/2021:19:12:32 -0700] "GET /self.logs/error.log.2017-05-27.gz HTTP/1.1" 200 667 "-" "Mozilla/5.0 (compatible; AhrefsBot/7.0; +http://ahrefs.com/robot/)" 
54.36.148.17 - - [14/Apr/2021:19:13:57 -0700] "GET /self.logs/access.log.2018-08-04.gz HTTP/1.1" 200 24734 "-" "Mozilla/5.0 (compatible; AhrefsBot/7.0; +http://ahrefs.com/robot/)" 
54.36.148.150 - - [14/Apr/2021:19:15:17 -0700] "GET /self.logs/access.log.2020-10-10.gz HTTP/1.1" 200 28405 "-" "Mozilla/5.0 (compatible; AhrefsBot/7.0; +http://ahrefs.com/robot/)" 
114.119.140.84 - - [14/Apr/2021:19:15:21 -0700] "GET /self.logs/error.log.2020-03-29.gz HTTP/1.1" 200 885 "-" "Mozilla/5.0 (Linux; Android 7.0;) AppleWebKit/537.36 (KHTML, like Gecko) Mobile Safari/537.36 (compatible; PetalBot;+https://webmaster.petalsearch.com/site/petalbot)" 
66.249.93.54 - - [14/Apr/2021:19:16:07 -0700] "GET / HTTP/1.1" 301 475 "-" "Mozilla/5.0 (X11; Linux x86_64) AppleWebKit/537.36 (KHTML, like Gecko) Chrome/49.0.2623.75 Safari/537.36 Google Favicon" 
66.249.93.81 - - [14/Apr/2021:19:16:07 -0700] "GET / HTTP/1.1" 200 12882 "-" "Mozilla/5.0 (X11; Linux x86_64) AppleWebKit/537.36 (KHTML, like Gecko) Chrome/49.0.2623.75 Safari/537.36 Google Favicon" 
66.249.93.79 - - [14/Apr/2021:19:16:08 -0700] "GET /bootstrap/img/favicon.ico HTTP/1.1" 200 713 "-" "Mozilla/5.0 (X11; Linux x86_64) AppleWebKit/537.36 (KHTML, like Gecko) Chrome/49.0.2623.75 Safari/537.36 Google Favicon" 
106.38.241.67 - - [14/Apr/2021:19:16:28 -0700] "GET / HTTP/1.1" 200 12845 "-" "Sogou web spider/4.0(+http://www.sogou.com/docs/help/webmasters.htm#07)" 
54.36.149.61 - - [14/Apr/2021:19:16:37 -0700] "GET /self.logs/error.log.2018-01-28.gz HTTP/1.1" 200 1114 "-" "Mozilla/5.0 (compatible; AhrefsBot/7.0; +http://ahrefs.com/robot/)" 
54.36.149.61 - - [14/Apr/2021:19:19:14 -0700] "GET /self.logs/error.log.2017-02-14.gz HTTP/1.1" 200 1679 "-" "Mozilla/5.0 (compatible; AhrefsBot/7.0; +http://ahrefs.com/robot/)" 
111.202.100.91 - - [14/Apr/2021:19:21:06 -0700] "GET / HTTP/1.1" 301 438 "-" "Sogou web spider/4.0(+http://www.sogou.com/docs/help/webmasters.htm#07)" 
54.36.149.61 - - [14/Apr/2021:19:22:03 -0700] "GET /self.logs/2016/error.log.2016-12-02.gz HTTP/1.1" 200 760 "-" "Mozilla/5.0 (compatible; AhrefsBot/7.0; +http://ahrefs.com/robot/)" 
114.119.157.43 - - [14/Apr/2021:19:22:15 -0700] "GET /self.logs/2016/error.log.2016-07-07.gz HTTP/1.1" 200 838 "-" "Mozilla/5.0 (Linux; Android 7.0;) AppleWebKit/537.36 (KHTML, like Gecko) Mobile Safari/537.36 (compatible; PetalBot;+https://webmaster.petalsearch.com/site/petalbot)" 
54.36.148.17 - - [14/Apr/2021:19:24:55 -0700] "GET /self.logs/access.log.2017-03-04.gz HTTP/1.1" 200 15683 "-" "Mozilla/5.0 (compatible; AhrefsBot/7.0; +http://ahrefs.com/robot/)" 
54.36.148.17 - - [14/Apr/2021:19:26:19 -0700] "GET /self.logs/error.log.2017-08-21.gz HTTP/1.1" 200 1077 "-" "Mozilla/5.0 (compatible; AhrefsBot/7.0; +http://ahrefs.com/robot/)" 
54.36.148.206 - - [14/Apr/2021:19:27:43 -0700] "GET /self.logs/error.log.2019-11-27.gz HTTP/1.1" 200 1332 "-" "Mozilla/5.0 (compatible; AhrefsBot/7.0; +http://ahrefs.com/robot/)" 
114.119.140.84 - - [14/Apr/2021:19:28:55 -0700] "GET /self.logs/access.log.2017-12-11.gz HTTP/1.1" 200 31448 "-" "Mozilla/5.0 (Linux; Android 7.0;) AppleWebKit/537.36 (KHTML, like Gecko) Mobile Safari/537.36 (compatible; PetalBot;+https://webmaster.petalsearch.com/site/petalbot)" 
54.36.149.61 - - [14/Apr/2021:19:29:07 -0700] "GET /self.logs/error.log.2020-01-21.gz HTTP/1.1" 200 638 "-" "Mozilla/5.0 (compatible; AhrefsBot/7.0; +http://ahrefs.com/robot/)" 
54.36.149.61 - - [14/Apr/2021:19:29:48 -0700] "GET /self.logs/access.log.2017-11-12.gz HTTP/1.1" 200 49367 "-" "Mozilla/5.0 (compatible; AhrefsBot/7.0; +http://ahrefs.com/robot/)" 
52.212.146.96 - - [14/Apr/2021:19:30:03 -0700] "GET /self.logs/access.log.2021-04-08.gz HTTP/1.1" 200 28205 "-" "python-requests/2.12.1" 
52.212.146.96 - - [14/Apr/2021:19:30:03 -0700] "GET /self.logs/access.log.2021-04-09.gz HTTP/1.1" 200 27997 "-" "python-requests/2.12.1" 
52.212.146.96 - - [14/Apr/2021:19:30:03 -0700] "GET /self.logs/access.log.2021-04-10.gz HTTP/1.1" 200 20476 "-" "python-requests/2.12.1" 
52.212.146.96 - - [14/Apr/2021:19:30:04 -0700] "GET /self.logs/access.log.2021-04-11.gz HTTP/1.1" 200 24007 "-" "python-requests/2.12.1" 
52.212.146.96 - - [14/Apr/2021:19:30:04 -0700] "GET /self.logs/access.log.2021-04-12.gz HTTP/1.1" 404 328 "-" "python-requests/2.12.1" 
52.212.146.96 - - [14/Apr/2021:19:30:04 -0700] "GET /self.logs/access.log.2021-04-13.gz HTTP/1.1" 404 328 "-" "python-requests/2.12.1" 
52.212.146.96 - - [14/Apr/2021:19:30:04 -0700] "GET /self.logs/access.log.2021-04-14.gz HTTP/1.1" 404 328 "-" "python-requests/2.12.1" 
54.36.149.61 - - [14/Apr/2021:19:30:30 -0700] "GET /self.logs/2015/access.log.2015-08-15.gz HTTP/1.1" 200 4263 "-" "Mozilla/5.0 (compatible; AhrefsBot/7.0; +http://ahrefs.com/robot/)" 
54.36.148.17 - - [14/Apr/2021:19:31:11 -0700] "GET /self.logs/access.log.2020-08-15.gz HTTP/1.1" 200 12878 "-" "Mozilla/5.0 (compatible; AhrefsBot/7.0; +http://ahrefs.com/robot/)" 
54.36.148.118 - - [14/Apr/2021:19:31:59 -0700] "GET /self.logs/2016/access.log.2016-03-22.gz HTTP/1.1" 200 8298 "-" "Mozilla/5.0 (compatible; AhrefsBot/7.0; +http://ahrefs.com/robot/)" 
54.36.148.17 - - [14/Apr/2021:19:32:40 -0700] "GET /self.logs/access.log.2019-03-02.gz HTTP/1.1" 200 24373 "-" "Mozilla/5.0 (compatible; AhrefsBot/7.0; +http://ahrefs.com/robot/)" 
23.236.254.130 - - [14/Apr/2021:19:32:45 -0700] "GET /honeypot/Honeypot%20-%20Howto.pdf HTTP/1.0" 200 1279492 "http://www.secrepo.com/" "Mozilla/5.0 (Windows NT 10.0; WOW64; Trident/7.0; rv:11.0) like Gecko Core/1.53.2372.400 QQBrowser/9.5.10548.400" 
54.36.148.17 - - [14/Apr/2021:19:33:02 -0700] "GET /self.logs/error.log.2018-02-20.gz HTTP/1.1" 200 4171 "-" "Mozilla/5.0 (compatible; AhrefsBot/7.0; +http://ahrefs.com/robot/)" 
54.36.148.93 - - [14/Apr/2021:19:33:25 -0700] "GET /self.logs/error.log.2017-07-12.gz HTTP/1.1" 200 933 "-" "Mozilla/5.0 (compatible; AhrefsBot/7.0; +http://ahrefs.com/robot/)" 
54.36.148.206 - - [14/Apr/2021:19:33:47 -0700] "GET /self.logs/2016/access.log.2016-03-24.gz HTTP/1.1" 200 11228 "-" "Mozilla/5.0 (compatible; AhrefsBot/7.0; +http://ahrefs.com/robot/)" 
54.36.149.61 - - [14/Apr/2021:19:34:09 -0700] "GET /self.logs/2016/error.log.2016-06-16.gz HTTP/1.1" 200 1124 "-" "Mozilla/5.0 (compatible; AhrefsBot/7.0; +http://ahrefs.com/robot/)" 
54.36.149.61 - - [14/Apr/2021:19:34:31 -0700] "GET /self.logs/access.log.2017-01-15.gz HTTP/1.1" 200 13702 "-" "Mozilla/5.0 (compatible; AhrefsBot/7.0; +http://ahrefs.com/robot/)" 
54.36.149.101 - - [14/Apr/2021:19:34:51 -0700] "GET /self.logs/access.log.2020-06-16.gz HTTP/1.1" 200 78840 "-" "Mozilla/5.0 (compatible; AhrefsBot/7.0; +http://ahrefs.com/robot/)" 
54.36.148.17 - - [14/Apr/2021:19:35:12 -0700] "GET /self.logs/error.log.2018-12-28.gz HTTP/1.1" 200 4754 "-" "Mozilla/5.0 (compatible; AhrefsBot/7.0; +http://ahrefs.com/robot/)" 
114.119.159.40 - - [14/Apr/2021:19:35:13 -0700] "GET /self.logs/access.log.2017-05-24.gz HTTP/1.1" 200 56525 "-" "Mozilla/5.0 (Linux; Android 7.0;) AppleWebKit/537.36 (KHTML, like Gecko) Mobile Safari/537.36 (compatible; PetalBot;+https://webmaster.petalsearch.com/site/petalbot)" 
54.36.149.61 - - [14/Apr/2021:19:35:33 -0700] "GET /self.logs/access.log.2017-03-14.gz HTTP/1.1" 200 16506 "-" "Mozilla/5.0 (compatible; AhrefsBot/7.0; +http://ahrefs.com/robot/)" 
185.191.171.40 - - [14/Apr/2021:19:35:45 -0700] "GET /robots.txt HTTP/1.1" 200 340 "-" "Mozilla/5.0 (compatible; SemrushBot/7~bl; +http://www.semrush.com/bot.html)" 
185.191.171.42 - - [14/Apr/2021:19:35:46 -0700] "GET /Datasets%20Description/HTML_Bro_log_3 HTTP/1.1" 301 582 "-" "Mozilla/5.0 (compatible; SemrushBot/7~bl; +http://www.semrush.com/bot.html)" 
185.191.171.10 - - [14/Apr/2021:19:35:47 -0700] "GET /Datasets%20Description/HTML_Bro_log_3/ HTTP/1.1" 200 786 "-" "Mozilla/5.0 (compatible; SemrushBot/7~bl; +http://www.semrush.com/bot.html)" 
54.36.148.17 - - [14/Apr/2021:19:35:55 -0700] "GET /self.logs/error.log.2018-01-13.gz HTTP/1.1" 200 1706 "-" "Mozilla/5.0 (compatible; AhrefsBot/7.0; +http://ahrefs.com/robot/)" 
17.121.113.156 - - [14/Apr/2021:19:35:59 -0700] "GET /self.logs/error.log.2020-01-20 HTTP/1.1" 200 307 "-" "Mozilla/5.0 (Macintosh; Intel Mac OS X 10_15_5) AppleWebKit/605.1.15 (KHTML, like Gecko) Version/13.1.1 Safari/605.1.15 (Applebot/0.1; +http://www.apple.com/go/applebot)" 
54.36.149.61 - - [14/Apr/2021:19:36:38 -0700] "GET /self.logs/access.log.2017-11-24.gz HTTP/1.1" 200 23125 "-" "Mozilla/5.0 (compatible; AhrefsBot/7.0; +http://ahrefs.com/robot/)" 
54.36.148.18 - - [14/Apr/2021:19:37:29 -0700] "GET /self.logs/error.log.2020-09-03 HTTP/1.1" 200 307 "-" "Mozilla/5.0 (compatible; AhrefsBot/7.0; +http://ahrefs.com/robot/)" 
54.36.148.42 - - [14/Apr/2021:19:38:12 -0700] "GET /self.logs/error.log.2017-12-25.gz HTTP/1.1" 200 1351 "-" "Mozilla/5.0 (compatible; AhrefsBot/7.0; +http://ahrefs.com/robot/)" 
111.202.101.125 - - [14/Apr/2021:19:38:32 -0700] "GET / HTTP/1.1" 200 12846 "-" "Sogou web spider/4.0(+http://www.sogou.com/docs/help/webmasters.htm#07)" 
54.36.148.216 - - [14/Apr/2021:19:38:56 -0700] "GET /self.logs/access.log.2018-09-06.gz HTTP/1.1" 200 21602 "-" "Mozilla/5.0 (compatible; AhrefsBot/7.0; +http://ahrefs.com/robot/)" 
49.7.20.105 - - [14/Apr/2021:19:39:14 -0700] "GET / HTTP/1.1" 200 12846 "-" "Sogou web spider/4.0(+http://www.sogou.com/docs/help/webmasters.htm#07)" 
54.36.148.17 - - [14/Apr/2021:19:40:17 -0700] "GET /self.logs/access.log.2020-08-03.gz HTTP/1.1" 200 14125 "-" "Mozilla/5.0 (compatible; AhrefsBot/7.0; +http://ahrefs.com/robot/)" 
114.119.140.84 - - [14/Apr/2021:19:41:05 -0700] "GET /self.logs/error.log.2018-10-07.gz HTTP/1.1" 200 5968 "-" "Mozilla/5.0 (Linux; Android 7.0;) AppleWebKit/537.36 (KHTML, like Gecko) Mobile Safari/537.36 (compatible; PetalBot;+https://webmaster.petalsearch.com/site/petalbot)" 
54.36.148.17 - - [14/Apr/2021:19:41:40 -0700] "GET /self.logs/access.log.2019-05-16.gz HTTP/1.1" 200 28261 "-" "Mozilla/5.0 (compatible; AhrefsBot/7.0; +http://ahrefs.com/robot/)" 
54.36.148.17 - - [14/Apr/2021:19:43:01 -0700] "GET /self.logs/error.log.2017-05-19.gz HTTP/1.1" 200 1034 "-" "Mozilla/5.0 (compatible; AhrefsBot/7.0; +http://ahrefs.com/robot/)" 
106.38.241.67 - - [14/Apr/2021:19:43:53 -0700] "GET / HTTP/1.1" 200 12846 "-" "Sogou web spider/4.0(+http://www.sogou.com/docs/help/webmasters.htm#07)" 
54.36.148.113 - - [14/Apr/2021:19:44:15 -0700] "GET /self.logs/error.log.2019-06-27.gz HTTP/1.1" 200 1659 "-" "Mozilla/5.0 (compatible; AhrefsBot/7.0; +http://ahrefs.com/robot/)" 
123.183.224.116 - - [14/Apr/2021:19:44:22 -0700] "GET / HTTP/1.1" 200 12846 "-" "Sogou web spider/4.0(+http://www.sogou.com/docs/help/webmasters.htm#07)" 
36.110.211.2 - - [14/Apr/2021:19:44:26 -0700] "GET /tg/b.zip HTTP/1.1" 200 59860 "http://www.secrepo.com/tg/b.zip" "Mozilla/5.0 (Windows NT 10.0; Win64; x64) AppleWebKit/537.36 (KHTML, like Gecko) Chrome/83.0.4103.116 Safari/537.36 Edg/83.0.478.61" 
49.7.21.104 - - [14/Apr/2021:19:43:01 -0700] "GET /honeypot/BSidesDFW%20-%202014.ipynb HTTP/1.1" 200 58400 "-" "Sogou web spider/4.0(+http://www.sogou.com/docs/help/webmasters.htm#07)" 
36.110.211.67 - - [14/Apr/2021:19:44:26 -0700] "GET /tg/b.zip HTTP/1.1" 200 175200 "http://www.secrepo.com/tg/b.zip" "Mozilla/5.0 (Windows NT 10.0; Win64; x64) AppleWebKit/537.36 (KHTML, like Gecko) Chrome/83.0.4103.116 Safari/537.36 Edg/83.0.478.61" 
54.36.148.17 - - [14/Apr/2021:19:45:35 -0700] "GET /self.logs/access.log.2017-03-20.gz HTTP/1.1" 200 16074 "-" "Mozilla/5.0 (compatible; AhrefsBot/7.0; +http://ahrefs.com/robot/)" 
49.7.21.104 - - [14/Apr/2021:19:44:10 -0700] "GET /honeypot/BSidesDFW%20-%202014.ipynb HTTP/1.1" 200 55480 "-" "Sogou web spider/4.0(+http://www.sogou.com/docs/help/webmasters.htm#07)" 
114.119.159.101 - - [14/Apr/2021:19:46:41 -0700] "GET /self.logs/access.log.2018-04-12.gz HTTP/1.1" 200 21438 "-" "Mozilla/5.0 (Linux; Android 7.0;) AppleWebKit/537.36 (KHTML, like Gecko) Mobile Safari/537.36 (compatible; PetalBot;+https://webmaster.petalsearch.com/site/petalbot)" 
54.36.149.61 - - [14/Apr/2021:19:46:55 -0700] "GET /self.logs/access.log.2017-10-08.gz HTTP/1.1" 200 34545 "-" "Mozilla/5.0 (compatible; AhrefsBot/7.0; +http://ahrefs.com/robot/)" 
49.7.21.104 - - [14/Apr/2021:19:45:29 -0700] "GET /honeypot/BSidesDFW%20-%202014.ipynb HTTP/1.1" 200 70080 "-" "Sogou web spider/4.0(+http://www.sogou.com/docs/help/webmasters.htm#07)" 
54.36.148.17 - - [14/Apr/2021:19:47:36 -0700] "GET /self.logs/access.log.2017-03-08.gz HTTP/1.1" 200 18021 "-" "Mozilla/5.0 (compatible; AhrefsBot/7.0; +http://ahrefs.com/robot/)" 
49.7.21.104 - - [14/Apr/2021:19:47:09 -0700] "GET /honeypot/BSidesDFW%20-%202014.ipynb HTTP/1.1" 200 58400 "-" "Sogou web spider/4.0(+http://www.sogou.com/docs/help/webmasters.htm#07)" 
54.36.148.17 - - [14/Apr/2021:19:48:57 -0700] "GET /self.logs/access.log.2018-08-01.gz HTTP/1.1" 200 45140 "-" "Mozilla/5.0 (compatible; AhrefsBot/7.0; +http://ahrefs.com/robot/)" 
54.36.148.17 - - [14/Apr/2021:19:50:18 -0700] "GET /self.logs/access.log.2018-04-19.gz HTTP/1.1" 200 21462 "-" "Mozilla/5.0 (compatible; AhrefsBot/7.0; +http://ahrefs.com/robot/)" 
49.7.21.104 - - [14/Apr/2021:19:48:54 -0700] "GET /honeypot/BSidesDFW%20-%202014.ipynb HTTP/1.1" 200 930884 "-" "Sogou web spider/4.0(+http://www.sogou.com/docs/help/webmasters.htm#07)" 
54.36.149.82 - - [14/Apr/2021:19:51:38 -0700] "GET /self.logs/error.log.2020-11-03 HTTP/1.1" 200 307 "-" "Mozilla/5.0 (compatible; AhrefsBot/7.0; +http://ahrefs.com/robot/)" 
54.36.148.17 - - [14/Apr/2021:19:52:19 -0700] "GET /self.logs/access.log.2020-01-26.gz HTTP/1.1" 200 9878 "-" "Mozilla/5.0 (compatible; AhrefsBot/7.0; +http://ahrefs.com/robot/)" 
114.119.141.53 - - [14/Apr/2021:19:52:37 -0700] "GET /self.logs/2015/access.log.2015-12-19.gz HTTP/1.1" 200 6479 "-" "Mozilla/5.0 (Linux; Android 7.0;) AppleWebKit/537.36 (KHTML, like Gecko) Mobile Safari/537.36 (compatible; PetalBot;+https://webmaster.petalsearch.com/site/petalbot)" 
54.36.149.61 - - [14/Apr/2021:19:52:54 -0700] "GET /self.logs/error.log.2018-06-20.gz HTTP/1.1" 200 6352 "-" "Mozilla/5.0 (compatible; AhrefsBot/7.0; +http://ahrefs.com/robot/)" 
54.36.148.4 - - [14/Apr/2021:19:53:32 -0700] "GET /self.logs/error.log.2018-06-01.gz HTTP/1.1" 200 5012 "-" "Mozilla/5.0 (compatible; AhrefsBot/7.0; +http://ahrefs.com/robot/)" 
54.36.148.17 - - [14/Apr/2021:19:54:12 -0700] "GET /self.logs/access.log.2017-06-23.gz HTTP/1.1" 200 78840 "-" "Mozilla/5.0 (compatible; AhrefsBot/7.0; +http://ahrefs.com/robot/)" 
40.88.21.235 - - [14/Apr/2021:19:54:26 -0700] "GET / HTTP/1.1" 200 12883 "http://www.secrepo.com/" "Mozilla/5.0 (compatible; DuckDuckGo-Favicons-Bot/1.0; +http://duckduckgo.com)" 
40.88.21.235 - - [14/Apr/2021:19:54:26 -0700] "GET /bootstrap/img/favicon.ico HTTP/1.1" 200 690 "http://www.secrepo.com/bootstrap/img/favicon.ico" "Mozilla/5.0 (compatible; DuckDuckGo-Favicons-Bot/1.0; +http://duckduckgo.com)" 
54.36.149.61 - - [14/Apr/2021:19:54:51 -0700] "GET /self.logs/access.log.2017-07-30.gz HTTP/1.1" 200 15870 "-" "Mozilla/5.0 (compatible; AhrefsBot/7.0; +http://ahrefs.com/robot/)" 
54.36.149.61 - - [14/Apr/2021:19:55:30 -0700] "GET /self.logs/error.log.2018-07-06.gz HTTP/1.1" 200 6649 "-" "Mozilla/5.0 (compatible; AhrefsBot/7.0; +http://ahrefs.com/robot/)" 
54.36.148.237 - - [14/Apr/2021:19:56:11 -0700] "GET /self.logs/access.log.2020-06-30.gz HTTP/1.1" 200 15549 "-" "Mozilla/5.0 (compatible; AhrefsBot/7.0; +http://ahrefs.com/robot/)" 
54.36.149.61 - - [14/Apr/2021:19:56:51 -0700] "GET /self.logs/access.log.2019-09-12.gz HTTP/1.1" 200 24570 "-" "Mozilla/5.0 (compatible; AhrefsBot/7.0; +http://ahrefs.com/robot/)" 
54.36.149.61 - - [14/Apr/2021:19:57:31 -0700] "GET /self.logs/access.log.2017-12-19.gz HTTP/1.1" 200 24177 "-" "Mozilla/5.0 (compatible; AhrefsBot/7.0; +http://ahrefs.com/robot/)" 
54.36.148.143 - - [14/Apr/2021:19:58:08 -0700] "GET /self.logs/error.log.2019-01-21.gz HTTP/1.1" 200 4877 "-" "Mozilla/5.0 (compatible; AhrefsBot/7.0; +http://ahrefs.com/robot/)" 
54.36.148.17 - - [14/Apr/2021:19:58:46 -0700] "GET /self.logs/access.log.2019-04-14.gz HTTP/1.1" 200 41649 "-" "Mozilla/5.0 (compatible; AhrefsBot/7.0; +http://ahrefs.com/robot/)" 
111.202.101.174 - - [14/Apr/2021:19:59:21 -0700] "GET / HTTP/1.1" 200 12846 "-" "Sogou web spider/4.0(+http://www.sogou.com/docs/help/webmasters.htm#07)" 
54.36.148.17 - - [14/Apr/2021:19:59:24 -0700] "GET /self.logs/error.log.2018-01-25.gz HTTP/1.1" 200 1273 "-" "Mozilla/5.0 (compatible; AhrefsBot/7.0; +http://ahrefs.com/robot/)" 
114.119.140.84 - - [14/Apr/2021:19:59:25 -0700] "GET /self.logs/error.log.2020-09-15 HTTP/1.1" 200 351 "-" "Mozilla/5.0 (Linux; Android 7.0;) AppleWebKit/537.36 (KHTML, like Gecko) Mobile Safari/537.36 (compatible; PetalBot;+https://webmaster.petalsearch.com/site/petalbot)" 
54.36.149.61 - - [14/Apr/2021:20:00:03 -0700] "GET /self.logs/access.log.2018-05-17.gz HTTP/1.1" 200 23069 "-" "Mozilla/5.0 (compatible; AhrefsBot/7.0; +http://ahrefs.com/robot/)" 
54.36.149.61 - - [14/Apr/2021:20:00:51 -0700] "GET / HTTP/1.1" 200 12838 "-" "Mozilla/5.0 (compatible; AhrefsBot/7.0; +http://ahrefs.com/robot/)" 
54.36.149.61 - - [14/Apr/2021:20:01:48 -0700] "GET /Datasets%20Description/Network/?C=S;O=A HTTP/1.1" 200 722 "-" "Mozilla/5.0 (compatible; AhrefsBot/7.0; +http://ahrefs.com/robot/)" 
180.208.58.245 - - [14/Apr/2021:20:02:28 -0700] "GET /favicon.ico HTTP/1.1" 200 391 "-" "Mozilla/5.0 (Windows NT 10.0; WOW64) AppleWebKit/537.36 (KHTML, like Gecko) Chrome/86.0.4240.198 Safari/537.36" 
54.36.148.17 - - [14/Apr/2021:20:02:46 -0700] "GET /Datasets%20Description/Network/?C=D;O=A HTTP/1.1" 200 725 "-" "Mozilla/5.0 (compatible; AhrefsBot/7.0; +http://ahrefs.com/robot/)" 
54.36.148.17 - - [14/Apr/2021:20:03:38 -0700] "GET /self.logs/error.log.2020-02-21.gz HTTP/1.1" 200 1547 "-" "Mozilla/5.0 (compatible; AhrefsBot/7.0; +http://ahrefs.com/robot/)" 
220.181.41.14 - - [14/Apr/2021:20:04:18 -0700] "GET /bootstrap/img/favicon.ico HTTP/1.1" 200 713 "-" "Mozilla/5.0 (Windows NT 10.0; Win64; x64) AppleWebKit/537.36 (KHTML, like Gecko) Chrome/90.0.4430.72 Safari/537.36" 
54.36.148.42 - - [14/Apr/2021:20:04:27 -0700] "GET /self.logs/access.log.2017-06-30.gz HTTP/1.1" 200 51650 "-" "Mozilla/5.0 (compatible; AhrefsBot/7.0; +http://ahrefs.com/robot/)" 
54.36.148.17 - - [14/Apr/2021:20:05:16 -0700] "GET /self.logs/error.log.2017-09-03.gz HTTP/1.1" 200 1091 "-" "Mozilla/5.0 (compatible; AhrefsBot/7.0; +http://ahrefs.com/robot/)" 
54.36.149.61 - - [14/Apr/2021:20:05:37 -0700] "GET /self.logs/access.log.2018-06-16.gz HTTP/1.1" 200 17435 "-" "Mozilla/5.0 (compatible; AhrefsBot/7.0; +http://ahrefs.com/robot/)" 
114.119.155.228 - - [14/Apr/2021:20:05:54 -0700] "GET /self.logs/error.log.2020-09-25.gz HTTP/1.1" 200 1338 "-" "Mozilla/5.0 (Linux; Android 7.0;) AppleWebKit/537.36 (KHTML, like Gecko) Mobile Safari/537.36 (compatible; PetalBot;+https://webmaster.petalsearch.com/site/petalbot)" 
54.36.149.61 - - [14/Apr/2021:20:06:00 -0700] "GET /self.logs/error.log.2018-03-03.gz HTTP/1.1" 200 3273 "-" "Mozilla/5.0 (compatible; AhrefsBot/7.0; +http://ahrefs.com/robot/)" 
54.36.149.61 - - [14/Apr/2021:20:06:25 -0700] "GET /self.logs/error.log.2017-06-12.gz HTTP/1.1" 200 773 "-" "Mozilla/5.0 (compatible; AhrefsBot/7.0; +http://ahrefs.com/robot/)" 
54.36.148.17 - - [14/Apr/2021:20:06:50 -0700] "GET /self.logs/access.log.2017-04-09.gz HTTP/1.1" 200 39340 "-" "Mozilla/5.0 (compatible; AhrefsBot/7.0; +http://ahrefs.com/robot/)" 
54.36.148.17 - - [14/Apr/2021:20:07:11 -0700] "GET /self.logs/error.log.2019-08-20.gz HTTP/1.1" 200 1264 "-" "Mozilla/5.0 (compatible; AhrefsBot/7.0; +http://ahrefs.com/robot/)" 
54.36.149.61 - - [14/Apr/2021:20:07:35 -0700] "GET /self.logs/error.log.2017-10-11.gz HTTP/1.1" 200 2273 "-" "Mozilla/5.0 (compatible; AhrefsBot/7.0; +http://ahrefs.com/robot/)" 
54.36.148.187 - - [14/Apr/2021:20:07:58 -0700] "GET /self.logs/access.log.2019-07-22.gz HTTP/1.1" 200 78840 "-" "Mozilla/5.0 (compatible; AhrefsBot/7.0; +http://ahrefs.com/robot/)" 
54.36.148.17 - - [14/Apr/2021:20:08:21 -0700] "GET /self.logs/error.log.2020-06-05 HTTP/1.1" 200 307 "-" "Mozilla/5.0 (compatible; AhrefsBot/7.0; +http://ahrefs.com/robot/)" 
54.36.148.247 - - [14/Apr/2021:20:08:44 -0700] "GET /self.logs/error.log.2018-04-06.gz HTTP/1.1" 200 4953 "-" "Mozilla/5.0 (compatible; AhrefsBot/7.0; +http://ahrefs.com/robot/)" 
54.36.149.77 - - [14/Apr/2021:20:09:33 -0700] "GET /self.logs/error.log.2019-05-25.gz HTTP/1.1" 200 3810 "-" "Mozilla/5.0 (compatible; AhrefsBot/7.0; +http://ahrefs.com/robot/)" 
54.36.148.17 - - [14/Apr/2021:20:10:20 -0700] "GET /self.logs/error.log.2017-12-10.gz HTTP/1.1" 200 2435 "-" "Mozilla/5.0 (compatible; AhrefsBot/7.0; +http://ahrefs.com/robot/)" 
54.36.148.17 - - [14/Apr/2021:20:11:10 -0700] "GET /self.logs/error.log.2017-09-18.gz HTTP/1.1" 200 2141 "-" "Mozilla/5.0 (compatible; AhrefsBot/7.0; +http://ahrefs.com/robot/)" 
54.36.149.61 - - [14/Apr/2021:20:12:21 -0700] "GET /self.logs/error.log.2017-12-21.gz HTTP/1.1" 200 1356 "-" "Mozilla/5.0 (compatible; AhrefsBot/7.0; +http://ahrefs.com/robot/)" 
54.36.149.61 - - [14/Apr/2021:20:13:04 -0700] "GET /self.logs/access.log.2017-04-13.gz HTTP/1.1" 200 23127 "-" "Mozilla/5.0 (compatible; AhrefsBot/7.0; +http://ahrefs.com/robot/)" 
114.119.157.43 - - [14/Apr/2021:20:13:46 -0700] "GET /self.logs/error.log.2017-01-24.gz HTTP/1.1" 200 1302 "-" "Mozilla/5.0 (Linux; Android 7.0;) AppleWebKit/537.36 (KHTML, like Gecko) Mobile Safari/537.36 (compatible; PetalBot;+https://webmaster.petalsearch.com/site/petalbot)" 
54.36.149.61 - - [14/Apr/2021:20:13:52 -0700] "GET /self.logs/access.log.2017-12-01.gz HTTP/1.1" 200 21919 "-" "Mozilla/5.0 (compatible; AhrefsBot/7.0; +http://ahrefs.com/robot/)" 
54.36.148.17 - - [14/Apr/2021:20:14:40 -0700] "GET /self.logs/access.log.2019-01-18.gz HTTP/1.1" 200 47843 "-" "Mozilla/5.0 (compatible; AhrefsBot/7.0; +http://ahrefs.com/robot/)" 
54.36.149.55 - - [14/Apr/2021:20:15:25 -0700] "GET /self.logs/error.log.2018-02-08.gz HTTP/1.1" 200 4860 "-" "Mozilla/5.0 (compatible; AhrefsBot/7.0; +http://ahrefs.com/robot/)" 
54.36.149.0 - - [14/Apr/2021:20:16:11 -0700] "GET /self.logs/access.log.2020-08-14.gz HTTP/1.1" 200 12328 "-" "Mozilla/5.0 (compatible; AhrefsBot/7.0; +http://ahrefs.com/robot/)" 
111.202.101.156 - - [14/Apr/2021:20:16:24 -0700] "GET / HTTP/1.1" 200 12844 "-" "Sogou web spider/4.0(+http://www.sogou.com/docs/help/webmasters.htm#07)" 
54.36.148.243 - - [14/Apr/2021:20:16:59 -0700] "GET /self.logs/access.log.2017-10-27.gz HTTP/1.1" 200 26139 "-" "Mozilla/5.0 (compatible; AhrefsBot/7.0; +http://ahrefs.com/robot/)" 
54.36.149.61 - - [14/Apr/2021:20:17:46 -0700] "GET /self.logs/error.log.2017-06-29.gz HTTP/1.1" 200 825 "-" "Mozilla/5.0 (compatible; AhrefsBot/7.0; +http://ahrefs.com/robot/)" 
54.36.148.17 - - [14/Apr/2021:20:18:07 -0700] "GET /self.logs/error.log.2021-02-12.gz HTTP/1.1" 200 1132 "-" "Mozilla/5.0 (compatible; AhrefsBot/7.0; +http://ahrefs.com/robot/)" 
54.36.149.61 - - [14/Apr/2021:20:18:29 -0700] "GET /self.logs/access.log.2019-04-26.gz HTTP/1.1" 200 23077 "-" "Mozilla/5.0 (compatible; AhrefsBot/7.0; +http://ahrefs.com/robot/)" 
54.36.148.17 - - [14/Apr/2021:20:18:53 -0700] "GET /self.logs/error.log.2017-01-20.gz HTTP/1.1" 200 848 "-" "Mozilla/5.0 (compatible; AhrefsBot/7.0; +http://ahrefs.com/robot/)" 
54.36.149.61 - - [14/Apr/2021:20:19:14 -0700] "GET /self.logs/error.log.2020-04-22 HTTP/1.1" 200 307 "-" "Mozilla/5.0 (compatible; AhrefsBot/7.0; +http://ahrefs.com/robot/)" 
54.36.148.57 - - [14/Apr/2021:20:19:57 -0700] "GET /self.logs/access.log.2020-04-13.gz HTTP/1.1" 200 12301 "-" "Mozilla/5.0 (compatible; AhrefsBot/7.0; +http://ahrefs.com/robot/)" 
114.119.130.95 - - [14/Apr/2021:20:20:34 -0700] "GET /self.logs/access.log.2019-06-24.gz HTTP/1.1" 200 32366 "-" "Mozilla/5.0 (Linux; Android 7.0;) AppleWebKit/537.36 (KHTML, like Gecko) Mobile Safari/537.36 (compatible; PetalBot;+https://webmaster.petalsearch.com/site/petalbot)" 
54.36.148.17 - - [14/Apr/2021:20:20:41 -0700] "GET /self.logs/access.log.2017-01-17.gz HTTP/1.1" 200 18449 "-" "Mozilla/5.0 (compatible; AhrefsBot/7.0; +http://ahrefs.com/robot/)" 
54.36.148.17 - - [14/Apr/2021:20:21:28 -0700] "GET /Datasets%20Description/Network/?C=D;O=D HTTP/1.1" 200 721 "-" "Mozilla/5.0 (compatible; AhrefsBot/7.0; +http://ahrefs.com/robot/)" 
54.36.149.61 - - [14/Apr/2021:20:22:14 -0700] "GET /self.logs/error.log.2019-09-13 HTTP/1.1" 200 3714 "-" "Mozilla/5.0 (compatible; AhrefsBot/7.0; +http://ahrefs.com/robot/)" 
54.36.148.17 - - [14/Apr/2021:20:22:58 -0700] "GET /self.logs/error.log.2020-08-07.gz HTTP/1.1" 200 846 "-" "Mozilla/5.0 (compatible; AhrefsBot/7.0; +http://ahrefs.com/robot/)" 
54.36.149.75 - - [14/Apr/2021:20:23:43 -0700] "GET /self.logs/error.log.2017-12-16.gz HTTP/1.1" 200 2052 "-" "Mozilla/5.0 (compatible; AhrefsBot/7.0; +http://ahrefs.com/robot/)" 
54.36.149.61 - - [14/Apr/2021:20:24:33 -0700] "GET /self.logs/error.log.2018-01-07.gz HTTP/1.1" 200 4095 "-" "Mozilla/5.0 (compatible; AhrefsBot/7.0; +http://ahrefs.com/robot/)" 
54.36.149.61 - - [14/Apr/2021:20:25:18 -0700] "GET /self.logs/error.log.2019-04-26.gz HTTP/1.1" 200 4727 "-" "Mozilla/5.0 (compatible; AhrefsBot/7.0; +http://ahrefs.com/robot/)" 
54.36.148.246 - - [14/Apr/2021:20:26:03 -0700] "GET /self.logs/error.log.2019-05-11.gz HTTP/1.1" 200 3617 "-" "Mozilla/5.0 (compatible; AhrefsBot/7.0; +http://ahrefs.com/robot/)" 
54.36.148.17 - - [14/Apr/2021:20:26:49 -0700] "GET /self.logs/error.log.2019-09-17.gz HTTP/1.1" 200 1143 "-" "Mozilla/5.0 (compatible; AhrefsBot/7.0; +http://ahrefs.com/robot/)" 
114.119.144.30 - - [14/Apr/2021:20:26:56 -0700] "GET /self.logs/2015/access.log.2015-09-20.gz HTTP/1.1" 200 4398 "-" "Mozilla/5.0 (Linux; Android 7.0;) AppleWebKit/537.36 (KHTML, like Gecko) Mobile Safari/537.36 (compatible; PetalBot;+https://webmaster.petalsearch.com/site/petalbot)" 
54.36.149.104 - - [14/Apr/2021:20:27:38 -0700] "GET /self.logs/access.log.2017-07-01.gz HTTP/1.1" 200 12642 "-" "Mozilla/5.0 (compatible; AhrefsBot/7.0; +http://ahrefs.com/robot/)" 
54.36.148.84 - - [14/Apr/2021:20:28:02 -0700] "GET /self.logs/error.log.2020-01-20 HTTP/1.1" 200 307 "-" "Mozilla/5.0 (compatible; AhrefsBot/7.0; +http://ahrefs.com/robot/)" 
54.36.148.17 - - [14/Apr/2021:20:28:27 -0700] "GET /self.logs/error.log.2017-08-22.gz HTTP/1.1" 200 987 "-" "Mozilla/5.0 (compatible; AhrefsBot/7.0; +http://ahrefs.com/robot/)" 
49.7.20.105 - - [14/Apr/2021:20:28:34 -0700] "GET / HTTP/1.1" 301 438 "-" "Sogou web spider/4.0(+http://www.sogou.com/docs/help/webmasters.htm#07)" 
54.36.149.35 - - [14/Apr/2021:20:28:51 -0700] "GET /self.logs/error.log.2020-11-02.gz HTTP/1.1" 200 763 "-" "Mozilla/5.0 (compatible; AhrefsBot/7.0; +http://ahrefs.com/robot/)" 
54.36.148.17 - - [14/Apr/2021:20:29:17 -0700] "GET /self.logs/access.log.2019-10-27.gz HTTP/1.1" 200 15623 "-" "Mozilla/5.0 (compatible; AhrefsBot/7.0; +http://ahrefs.com/robot/)" 
54.36.148.17 - - [14/Apr/2021:20:29:42 -0700] "GET /self.logs/access.log.2020-07-08.gz HTTP/1.1" 200 17796 "-" "Mozilla/5.0 (compatible; AhrefsBot/7.0; +http://ahrefs.com/robot/)" 
54.36.149.61 - - [14/Apr/2021:20:30:05 -0700] "GET /self.logs/error.log.2019-09-23.gz HTTP/1.1" 200 1794 "-" "Mozilla/5.0 (compatible; AhrefsBot/7.0; +http://ahrefs.com/robot/)" 
111.202.100.91 - - [14/Apr/2021:20:30:10 -0700] "GET / HTTP/1.1" 200 12844 "-" "Sogou web spider/4.0(+http://www.sogou.com/docs/help/webmasters.htm#07)" 
54.36.149.61 - - [14/Apr/2021:20:30:29 -0700] "GET /self.logs/access.log.2020-05-11.gz HTTP/1.1" 200 19182 "-" "Mozilla/5.0 (compatible; AhrefsBot/7.0; +http://ahrefs.com/robot/)" 
118.208.213.206 - - [14/Apr/2021:20:30:40 -0700] "GET / HTTP/1.1" 200 12882 "https://www.reddit.com/" "Mozilla/5.0 (Windows NT 10.0; Win64; x64) AppleWebKit/537.36 (KHTML, like Gecko) Chrome/89.0.4389.128 Safari/537.36" 
118.208.213.206 - - [14/Apr/2021:20:30:41 -0700] "GET /css/style.css HTTP/1.1" 404 305 "http://www.secrepo.com/" "Mozilla/5.0 (Windows NT 10.0; Win64; x64) AppleWebKit/537.36 (KHTML, like Gecko) Chrome/89.0.4389.128 Safari/537.36" 
118.208.213.206 - - [14/Apr/2021:20:30:41 -0700] "GET /twitter-icon.png HTTP/1.1" 200 27916 "http://www.secrepo.com/" "Mozilla/5.0 (Windows NT 10.0; Win64; x64) AppleWebKit/537.36 (KHTML, like Gecko) Chrome/89.0.4389.128 Safari/537.36" 
118.208.213.206 - - [14/Apr/2021:20:30:41 -0700] "GET /GitHub-Mark.png HTTP/1.1" 200 7533 "http://www.secrepo.com/" "Mozilla/5.0 (Windows NT 10.0; Win64; x64) AppleWebKit/537.36 (KHTML, like Gecko) Chrome/89.0.4389.128 Safari/537.36" 
118.208.213.206 - - [14/Apr/2021:20:30:43 -0700] "GET /bootstrap/img/favicon.ico HTTP/1.1" 200 690 "http://www.secrepo.com/" "Mozilla/5.0 (Windows NT 10.0; Win64; x64) AppleWebKit/537.36 (KHTML, like Gecko) Chrome/89.0.4389.128 Safari/537.36" 
54.36.149.61 - - [14/Apr/2021:20:30:55 -0700] "GET /self.logs/access.log.2017-10-02.gz HTTP/1.1" 200 21940 "-" "Mozilla/5.0 (compatible; AhrefsBot/7.0; +http://ahrefs.com/robot/)" 
54.36.148.17 - - [14/Apr/2021:20:31:43 -0700] "GET /self.logs/access.log.2018-04-27.gz HTTP/1.1" 200 31977 "-" "Mozilla/5.0 (compatible; AhrefsBot/7.0; +http://ahrefs.com/robot/)" 
54.36.149.61 - - [14/Apr/2021:20:32:30 -0700] "GET /self.logs/access.log.2017-12-05.gz HTTP/1.1" 200 25577 "-" "Mozilla/5.0 (compatible; AhrefsBot/7.0; +http://ahrefs.com/robot/)" 
114.119.157.43 - - [14/Apr/2021:20:32:46 -0700] "GET /self.logs/error.log.2017-02-01.gz HTTP/1.1" 200 929 "-" "Mozilla/5.0 (Linux; Android 7.0;) AppleWebKit/537.36 (KHTML, like Gecko) Mobile Safari/537.36 (compatible; PetalBot;+https://webmaster.petalsearch.com/site/petalbot)" 
118.208.213.206 - - [14/Apr/2021:20:32:53 -0700] "GET /Datasets%20Description/HTML_Bro_log_1 HTTP/1.1" 301 619 "http://www.secrepo.com/" "Mozilla/5.0 (Windows NT 10.0; Win64; x64) AppleWebKit/537.36 (KHTML, like Gecko) Chrome/89.0.4389.128 Safari/537.36" 
118.208.213.206 - - [14/Apr/2021:20:32:53 -0700] "GET /Datasets%20Description/HTML_Bro_log_1/ HTTP/1.1" 200 811 "http://www.secrepo.com/" "Mozilla/5.0 (Windows NT 10.0; Win64; x64) AppleWebKit/537.36 (KHTML, like Gecko) Chrome/89.0.4389.128 Safari/537.36" 
118.208.213.206 - - [14/Apr/2021:20:32:53 -0700] "GET /favicon.ico HTTP/1.1" 200 368 "http://www.secrepo.com/Datasets%20Description/HTML_Bro_log_1/" "Mozilla/5.0 (Windows NT 10.0; Win64; x64) AppleWebKit/537.36 (KHTML, like Gecko) Chrome/89.0.4389.128 Safari/537.36" 
54.36.149.61 - - [14/Apr/2021:20:33:20 -0700] "GET /self.logs/error.log.2018-02-09.gz HTTP/1.1" 200 4170 "-" "Mozilla/5.0 (compatible; AhrefsBot/7.0; +http://ahrefs.com/robot/)" 
54.36.148.207 - - [14/Apr/2021:20:34:57 -0700] "GET /self.logs/access.log.2018-09-20.gz HTTP/1.1" 200 27034 "-" "Mozilla/5.0 (compatible; AhrefsBot/7.0; +http://ahrefs.com/robot/)" 
49.7.20.102 - - [14/Apr/2021:20:35:22 -0700] "GET / HTTP/1.1" 200 12845 "-" "Sogou web spider/4.0(+http://www.sogou.com/docs/help/webmasters.htm#07)" 
54.36.148.17 - - [14/Apr/2021:20:36:37 -0700] "GET /self.logs/error.log.2019-08-02.gz HTTP/1.1" 200 1850 "-" "Mozilla/5.0 (compatible; AhrefsBot/7.0; +http://ahrefs.com/robot/)" 
35.163.213.152 - - [14/Apr/2021:20:37:05 -0700] "GET /favicon.ico HTTP/1.1" 200 347 "-" "Mozilla/5.0 (Windows NT 6.1; Win64; x64) AppleWebKit/537.36 (KHTML, like Gecko) Chrome/72.0.3626.109 Safari/537.36" 
114.119.155.228 - - [14/Apr/2021:20:38:10 -0700] "GET /self.logs/2015/access.log.2015-04-05.gz HTTP/1.1" 200 3582 "-" "Mozilla/5.0 (Linux; Android 7.0;) AppleWebKit/537.36 (KHTML, like Gecko) Mobile Safari/537.36 (compatible; PetalBot;+https://webmaster.petalsearch.com/site/petalbot)" 
54.36.148.17 - - [14/Apr/2021:20:38:17 -0700] "GET /self.logs/error.log.2017-12-27.gz HTTP/1.1" 200 1911 "-" "Mozilla/5.0 (compatible; AhrefsBot/7.0; +http://ahrefs.com/robot/)" 
54.36.149.61 - - [14/Apr/2021:20:39:53 -0700] "GET /self.logs/access.log.2017-04-16.gz HTTP/1.1" 200 15319 "-" "Mozilla/5.0 (compatible; AhrefsBot/7.0; +http://ahrefs.com/robot/)" 
51.36.79.186 - - [14/Apr/2021:20:40:08 -0700] "GET / HTTP/1.1" 200 12882 "http://192.168.1.1/html/home.html?url&address=http://www.secrepo.com" "Mozilla/5.0 (Windows NT 6.3; WOW64; Trident/7.0; LCJB; rv:11.0) like Gecko" 
51.36.79.186 - - [14/Apr/2021:20:40:09 -0700] "GET /css/style.css HTTP/1.1" 404 305 "http://www.secrepo.com/" "Mozilla/5.0 (Windows NT 6.3; WOW64; Trident/7.0; LCJB; rv:11.0) like Gecko" 
51.36.79.186 - - [14/Apr/2021:20:40:09 -0700] "GET /GitHub-Mark.png HTTP/1.1" 200 7556 "http://www.secrepo.com/" "Mozilla/5.0 (Windows NT 6.3; WOW64; Trident/7.0; LCJB; rv:11.0) like Gecko" 
51.36.79.186 - - [14/Apr/2021:20:40:09 -0700] "GET /twitter-icon.png HTTP/1.1" 200 27916 "http://www.secrepo.com/" "Mozilla/5.0 (Windows NT 6.3; WOW64; Trident/7.0; LCJB; rv:11.0) like Gecko" 
51.36.79.186 - - [14/Apr/2021:20:40:11 -0700] "GET /bootstrap/img/favicon.ico HTTP/1.1" 200 713 "-" "Mozilla/5.0 (Windows NT 6.3; Win64; x64; Trident/7.0; LCJB; rv:11.0) like Gecko" 
51.36.79.186 - - [14/Apr/2021:20:40:23 -0700] "GET / HTTP/1.1" 200 12882 "-" "Mozilla/5.0 (Windows NT 6.3; Win64; x64) AppleWebKit/537.36 (KHTML, like Gecko) Chrome/89.0.4389.128 Safari/537.36" 
51.36.79.186 - - [14/Apr/2021:20:40:23 -0700] "GET /css/style.css HTTP/1.1" 404 305 "http://www.secrepo.com/" "Mozilla/5.0 (Windows NT 6.3; Win64; x64) AppleWebKit/537.36 (KHTML, like Gecko) Chrome/89.0.4389.128 Safari/537.36" 
51.36.79.186 - - [14/Apr/2021:20:40:23 -0700] "GET /twitter-icon.png HTTP/1.1" 200 27916 "http://www.secrepo.com/" "Mozilla/5.0 (Windows NT 6.3; Win64; x64) AppleWebKit/537.36 (KHTML, like Gecko) Chrome/89.0.4389.128 Safari/537.36" 
51.36.79.186 - - [14/Apr/2021:20:40:24 -0700] "GET /GitHub-Mark.png HTTP/1.1" 200 7556 "http://www.secrepo.com/" "Mozilla/5.0 (Windows NT 6.3; Win64; x64) AppleWebKit/537.36 (KHTML, like Gecko) Chrome/89.0.4389.128 Safari/537.36" 
51.36.79.186 - - [14/Apr/2021:20:40:25 -0700] "GET /bootstrap/img/favicon.ico HTTP/1.1" 200 690 "http://www.secrepo.com/" "Mozilla/5.0 (Windows NT 6.3; Win64; x64) AppleWebKit/537.36 (KHTML, like Gecko) Chrome/89.0.4389.128 Safari/537.36" 
54.36.148.147 - - [14/Apr/2021:20:41:22 -0700] "GET /self.logs/access.log.2018-04-04.gz HTTP/1.1" 200 56242 "-" "Mozilla/5.0 (compatible; AhrefsBot/7.0; +http://ahrefs.com/robot/)" 
51.36.79.186 - - [14/Apr/2021:20:41:38 -0700] "GET /css/style.css HTTP/1.1" 404 328 "http://www.secrepo.com/" "Mozilla/5.0 (Windows NT 6.3; Win64; x64) AppleWebKit/537.36 (KHTML, like Gecko) Chrome/89.0.4389.128 Safari/537.36" 
54.36.149.61 - - [14/Apr/2021:20:42:58 -0700] "GET /self.logs/access.log.2020-06-28.gz HTTP/1.1" 200 12268 "-" "Mozilla/5.0 (compatible; AhrefsBot/7.0; +http://ahrefs.com/robot/)" 
114.119.140.84 - - [14/Apr/2021:20:43:57 -0700] "GET /self.logs/2016/access.log.2016-02-10.gz HTTP/1.1" 200 9313 "-" "Mozilla/5.0 (Linux; Android 7.0;) AppleWebKit/537.36 (KHTML, like Gecko) Mobile Safari/537.36 (compatible; PetalBot;+https://webmaster.petalsearch.com/site/petalbot)" 
54.36.149.61 - - [14/Apr/2021:20:44:35 -0700] "GET /self.logs/access.log.2019-05-22.gz HTTP/1.1" 200 46141 "-" "Mozilla/5.0 (compatible; AhrefsBot/7.0; +http://ahrefs.com/robot/)" 
49.7.20.102 - - [14/Apr/2021:20:44:38 -0700] "GET / HTTP/1.1" 200 12845 "-" "Sogou web spider/4.0(+http://www.sogou.com/docs/help/webmasters.htm#07)" 
54.36.148.29 - - [14/Apr/2021:20:45:23 -0700] "GET /self.logs/error.log.2018-06-26.gz HTTP/1.1" 200 4812 "-" "Mozilla/5.0 (compatible; AhrefsBot/7.0; +http://ahrefs.com/robot/)" 
54.36.149.61 - - [14/Apr/2021:20:46:11 -0700] "GET /self.logs/error.log.2019-01-04.gz HTTP/1.1" 200 4616 "-" "Mozilla/5.0 (compatible; AhrefsBot/7.0; +http://ahrefs.com/robot/)" 
54.36.148.165 - - [14/Apr/2021:20:46:58 -0700] "GET /self.logs/access.log.2019-05-03.gz HTTP/1.1" 200 23880 "-" "Mozilla/5.0 (compatible; AhrefsBot/7.0; +http://ahrefs.com/robot/)" 
54.36.148.17 - - [14/Apr/2021:20:47:45 -0700] "GET /self.logs/error.log.2017-04-04.gz HTTP/1.1" 200 3898 "-" "Mozilla/5.0 (compatible; AhrefsBot/7.0; +http://ahrefs.com/robot/)" 
54.36.149.61 - - [14/Apr/2021:20:49:14 -0700] "GET /self.logs/error.log.2020-01-28.gz HTTP/1.1" 200 819 "-" "Mozilla/5.0 (compatible; AhrefsBot/7.0; +http://ahrefs.com/robot/)" 
114.119.144.30 - - [14/Apr/2021:20:49:54 -0700] "GET /self.logs/access.log.2017-07-17.gz HTTP/1.1" 200 79054 "-" "Mozilla/5.0 (Linux; Android 7.0;) AppleWebKit/537.36 (KHTML, like Gecko) Mobile Safari/537.36 (compatible; PetalBot;+https://webmaster.petalsearch.com/site/petalbot)" 
54.36.148.17 - - [14/Apr/2021:20:50:49 -0700] "GET /self.logs/access.log.2019-11-07.gz HTTP/1.1" 200 24888 "-" "Mozilla/5.0 (compatible; AhrefsBot/7.0; +http://ahrefs.com/robot/)" 
54.36.149.61 - - [14/Apr/2021:20:52:28 -0700] "GET /self.logs/access.log.2019-11-02.gz HTTP/1.1" 200 17268 "-" "Mozilla/5.0 (compatible; AhrefsBot/7.0; +http://ahrefs.com/robot/)" 
49.7.20.102 - - [14/Apr/2021:20:52:41 -0700] "GET / HTTP/1.1" 200 12845 "-" "Sogou web spider/4.0(+http://www.sogou.com/docs/help/webmasters.htm#07)" 
54.36.148.17 - - [14/Apr/2021:20:54:06 -0700] "GET /self.logs/access.log.2017-01-28.gz HTTP/1.1" 200 17545 "-" "Mozilla/5.0 (compatible; AhrefsBot/7.0; +http://ahrefs.com/robot/)" 
54.36.148.44 - - [14/Apr/2021:20:55:34 -0700] "GET /self.logs/error.log.2020-07-24 HTTP/1.1" 200 307 "-" "Mozilla/5.0 (compatible; AhrefsBot/7.0; +http://ahrefs.com/robot/)" 
