54.36.149.61 - - [16/Jun/2021:02:02:41 -0700] "GET /self.logs/error.log.2017-10-05.gz HTTP/1.1" 200 2280 "-" "Mozilla/5.0 (compatible; AhrefsBot/7.0; +http://ahrefs.com/robot/)" 
114.119.130.95 - - [16/Jun/2021:02:04:35 -0700] "GET /self.logs/access.log.2017-08-02.gz HTTP/1.1" 200 17915 "-" "Mozilla/5.0 (Linux; Android 7.0;) AppleWebKit/537.36 (KHTML, like Gecko) Mobile Safari/537.36 (compatible; PetalBot;+https://webmaster.petalsearch.com/site/petalbot)" 
185.191.171.25 - - [16/Jun/2021:02:04:44 -0700] "GET /robots.txt HTTP/1.1" 200 340 "-" "Mozilla/5.0 (compatible; SemrushBot/7~bl; +http://www.semrush.com/bot.html)" 
185.191.171.22 - - [16/Jun/2021:02:04:44 -0700] "GET /self.logs/error.log.2020-02-29 HTTP/1.1" 200 314 "-" "Mozilla/5.0 (compatible; SemrushBot/7~bl; +http://www.semrush.com/bot.html)" 
185.191.171.39 - - [16/Jun/2021:02:04:49 -0700] "GET /sitemap.xml HTTP/1.1" 404 291 "-" "Mozilla/5.0 (compatible; SemrushBot/7~bl; +http://www.semrush.com/bot.html)" 
119.160.103.219 - - [16/Jun/2021:02:08:59 -0700] "GET /Datasets%20Description/Network/tunnel.html HTTP/1.1" 200 1470 "http://www.secrepo.com/" "Mozilla/5.0 (Windows NT 10.0; Win64; x64) AppleWebKit/537.36 (KHTML, like Gecko) Chrome/91.0.4472.101 Safari/537.36" 
119.160.103.219 - - [16/Jun/2021:02:08:59 -0700] "GET /favicon.ico HTTP/1.1" 200 368 "http://www.secrepo.com/Datasets%20Description/Network/tunnel.html" "Mozilla/5.0 (Windows NT 10.0; Win64; x64) AppleWebKit/537.36 (KHTML, like Gecko) Chrome/91.0.4472.101 Safari/537.36" 
180.137.219.185 - - [16/Jun/2021:02:09:21 -0700] "GET /favicon.ico HTTP/1.1" 200 391 "-" "Mozilla/5.0 (Windows NT 10.0; WOW64) AppleWebKit/537.36 (KHTML, like Gecko) Chrome/86.0.4240.198 Safari/537.36" 
119.160.103.219 - - [16/Jun/2021:02:09:38 -0700] "GET /Datasets%20Description/Network/smtp.html HTTP/1.1" 200 1637 "http://www.secrepo.com/" "Mozilla/5.0 (Windows NT 10.0; Win64; x64) AppleWebKit/537.36 (KHTML, like Gecko) Chrome/91.0.4472.101 Safari/537.36" 
54.36.148.17 - - [16/Jun/2021:02:10:41 -0700] "GET /self.logs/error.log.2018-12-30.gz HTTP/1.1" 200 5003 "-" "Mozilla/5.0 (compatible; AhrefsBot/7.0; +http://ahrefs.com/robot/)" 
161.35.80.106 - - [16/Jun/2021:02:11:35 -0700] "GET / HTTP/1.1" 301 438 "-" "httpx - Open-source project (github.com/projectdiscovery/httpx)" 
114.119.159.40 - - [16/Jun/2021:02:14:31 -0700] "GET /self.logs/error.log.2019-02-25.gz HTTP/1.1" 200 4014 "-" "Mozilla/5.0 (Linux; Android 7.0;) AppleWebKit/537.36 (KHTML, like Gecko) Mobile Safari/537.36 (compatible; PetalBot;+https://webmaster.petalsearch.com/site/petalbot)" 
54.36.148.212 - - [16/Jun/2021:02:16:06 -0700] "GET /self.logs/error.log.2019-07-03.gz HTTP/1.1" 200 2285 "-" "Mozilla/5.0 (compatible; AhrefsBot/7.0; +http://ahrefs.com/robot/)" 
122.115.229.178 - - [16/Jun/2021:02:18:18 -0700] "GET /favicon.ico HTTP/1.1" 200 391 "-" "Mozilla/5.0 (Windows NT 10.0; WOW64) AppleWebKit/537.36 (KHTML, like Gecko) Chrome/80.0.3987.87 Safari/537.36 SE 2.X MetaSr 1.0" 
106.38.241.177 - - [16/Jun/2021:02:18:18 -0700] "GET / HTTP/1.1" 200 12845 "-" "Sogou web spider/4.0(+http://www.sogou.com/docs/help/webmasters.htm#07)" 
114.119.144.30 - - [16/Jun/2021:02:21:34 -0700] "GET /self.logs/access.log.2020-12-12.gz HTTP/1.1" 200 31075 "-" "Mozilla/5.0 (Linux; Android 7.0;) AppleWebKit/537.36 (KHTML, like Gecko) Mobile Safari/537.36 (compatible; PetalBot;+https://webmaster.petalsearch.com/site/petalbot)" 
54.36.148.17 - - [16/Jun/2021:02:27:03 -0700] "GET /self.logs/access.log.2018-06-27.gz HTTP/1.1" 200 30341 "-" "Mozilla/5.0 (compatible; AhrefsBot/7.0; +http://ahrefs.com/robot/)" 
49.7.20.111 - - [16/Jun/2021:02:27:15 -0700] "GET / HTTP/1.1" 301 438 "-" "Sogou web spider/4.0(+http://www.sogou.com/docs/help/webmasters.htm#07)" 
114.119.130.95 - - [16/Jun/2021:02:30:33 -0700] "GET /self.logs/error.log.2020-01-21.gz HTTP/1.1" 200 682 "-" "Mozilla/5.0 (Linux; Android 7.0;) AppleWebKit/537.36 (KHTML, like Gecko) Mobile Safari/537.36 (compatible; PetalBot;+https://webmaster.petalsearch.com/site/petalbot)" 
114.119.150.248 - - [16/Jun/2021:02:37:17 -0700] "GET /self.logs/access.log.2019-03-14.gz HTTP/1.1" 200 27816 "-" "Mozilla/5.0 (Linux; Android 7.0;) AppleWebKit/537.36 (KHTML, like Gecko) Mobile Safari/537.36 (compatible; PetalBot;+https://webmaster.petalsearch.com/site/petalbot)" 
40.77.167.97 - - [16/Jun/2021:02:38:18 -0700] "GET /self.logs/error.log.2019-06-27.gz HTTP/1.1" 200 1703 "-" "Mozilla/5.0 (compatible; bingbot/2.0; +http://www.bing.com/bingbot.htm)" 
17.121.114.126 - - [16/Jun/2021:02:45:59 -0700] "GET /robots.txt HTTP/1.1" 200 333 "-" "Mozilla/5.0 (Macintosh; Intel Mac OS X 10_15_5) AppleWebKit/605.1.15 (KHTML, like Gecko) Version/13.1.1 Safari/605.1.15 (Applebot/0.1; +http://www.apple.com/go/applebot)" 
17.121.113.79 - - [16/Jun/2021:02:45:59 -0700] "GET /self.logs/error.log.2020-01-17 HTTP/1.1" 200 307 "-" "Mozilla/5.0 (Macintosh; Intel Mac OS X 10_15_5) AppleWebKit/605.1.15 (KHTML, like Gecko) Version/13.1.1 Safari/605.1.15 (Applebot/0.1; +http://www.apple.com/go/applebot)" 
106.38.241.144 - - [16/Jun/2021:02:48:19 -0700] "GET / HTTP/1.1" 200 12845 "-" "Sogou web spider/4.0(+http://www.sogou.com/docs/help/webmasters.htm#07)" 
157.55.39.31 - - [16/Jun/2021:02:48:20 -0700] "GET /self.logs/error.log.2020-05-07 HTTP/1.1" 200 351 "-" "Mozilla/5.0 (compatible; bingbot/2.0; +http://www.bing.com/bingbot.htm)" 
54.36.149.61 - - [16/Jun/2021:02:49:05 -0700] "GET /self.logs/error.log.2018-12-23.gz HTTP/1.1" 200 2995 "-" "Mozilla/5.0 (compatible; AhrefsBot/7.0; +http://ahrefs.com/robot/)" 
114.119.150.248 - - [16/Jun/2021:02:52:46 -0700] "GET /self.logs/2015/access.log.2015-05-01.gz HTTP/1.1" 200 4540 "-" "Mozilla/5.0 (Linux; Android 7.0;) AppleWebKit/537.36 (KHTML, like Gecko) Mobile Safari/537.36 (compatible; PetalBot;+https://webmaster.petalsearch.com/site/petalbot)" 
207.46.13.110 - - [16/Jun/2021:02:54:57 -0700] "GET /self.logs/access.log.2021-01-10.gz HTTP/1.1" 200 25715 "-" "Mozilla/5.0 (compatible; bingbot/2.0; +http://www.bing.com/bingbot.htm)" 
106.38.241.177 - - [16/Jun/2021:02:56:34 -0700] "GET / HTTP/1.1" 200 12845 "-" "Sogou web spider/4.0(+http://www.sogou.com/docs/help/webmasters.htm#07)" 
114.119.140.84 - - [16/Jun/2021:03:01:10 -0700] "GET /self.logs/access.log.2020-03-18.gz HTTP/1.1" 200 14602 "-" "Mozilla/5.0 (Linux; Android 7.0;) AppleWebKit/537.36 (KHTML, like Gecko) Mobile Safari/537.36 (compatible; PetalBot;+https://webmaster.petalsearch.com/site/petalbot)" 
202.192.80.2 - - [16/Jun/2021:03:02:02 -0700] "GET /misc/zeus_dga_domains.txt.zip HTTP/1.1" 200 79640 "-" "Mozilla/5.0 (Windows NT 10.0; WOW64) AppleWebKit/537.36 (KHTML, like Gecko) Chrome/70.0.3538.25 Safari/537.36 Core/1.70.3870.400 QQBrowser/10.8.4405.400" 
202.192.80.2 - - [16/Jun/2021:03:02:09 -0700] "GET /misc/zeus_dga_domains.txt.zip HTTP/1.1" 200 79640 "-" "Mozilla/4.0 (compatible; MSIE 7.0; Windows NT 5.1) QQBrowser/6.0" 
202.192.80.2 - - [16/Jun/2021:03:02:24 -0700] "GET /misc/zeus_dga_domains.txt.zip HTTP/1.1" 206 396 "-" "Mozilla/4.0 (compatible; MSIE 7.0; Windows NT 5.1) QQBrowser/6.0" 
202.192.80.2 - - [16/Jun/2021:03:02:25 -0700] "HEAD /misc/zeus_dga_domains.txt.zip HTTP/1.1" 200 347 "-" "Mozilla/4.0 (compatible; MSIE 7.0; Windows NT 5.1) QQBrowser/6.0" 
202.192.80.2 - - [16/Jun/2021:03:02:25 -0700] "GET /misc/zeus_dga_domains.txt.zip HTTP/1.1" 206 37395 "-" "Mozilla/4.0 (compatible; MSIE 7.0; Windows NT 5.1) QQBrowser/6.0" 
202.192.80.2 - - [16/Jun/2021:03:02:25 -0700] "GET /misc/zeus_dga_domains.txt.zip HTTP/1.1" 206 37400 "-" "Mozilla/4.0 (compatible; MSIE 7.0; Windows NT 5.1) QQBrowser/6.0" 
202.192.80.2 - - [16/Jun/2021:03:02:25 -0700] "GET /misc/zeus_dga_domains.txt.zip HTTP/1.1" 206 37401 "-" "Mozilla/4.0 (compatible; MSIE 7.0; Windows NT 5.1) QQBrowser/6.0" 
202.192.80.2 - - [16/Jun/2021:03:02:25 -0700] "GET /misc/zeus_dga_domains.txt.zip HTTP/1.1" 206 37402 "-" "Mozilla/4.0 (compatible; MSIE 7.0; Windows NT 5.1) QQBrowser/6.0" 
202.192.80.2 - - [16/Jun/2021:03:02:25 -0700] "GET /misc/zeus_dga_domains.txt.zip HTTP/1.1" 206 37401 "-" "Mozilla/4.0 (compatible; MSIE 7.0; Windows NT 5.1) QQBrowser/6.0" 
202.192.80.2 - - [16/Jun/2021:03:02:25 -0700] "GET /misc/zeus_dga_domains.txt.zip HTTP/1.1" 206 37401 "-" "Mozilla/4.0 (compatible; MSIE 7.0; Windows NT 5.1) QQBrowser/6.0" 
202.192.80.2 - - [16/Jun/2021:03:02:25 -0700] "GET /misc/zeus_dga_domains.txt.zip HTTP/1.1" 206 37402 "-" "Mozilla/4.0 (compatible; MSIE 7.0; Windows NT 5.1) QQBrowser/6.0" 
202.192.80.2 - - [16/Jun/2021:03:02:25 -0700] "GET /misc/zeus_dga_domains.txt.zip HTTP/1.1" 206 37401 "-" "Mozilla/4.0 (compatible; MSIE 7.0; Windows NT 5.1) QQBrowser/6.0" 
202.192.80.2 - - [16/Jun/2021:03:02:25 -0700] "GET /misc/zeus_dga_domains.txt.zip HTTP/1.1" 206 37401 "-" "Mozilla/4.0 (compatible; MSIE 7.0; Windows NT 5.1) QQBrowser/6.0" 
202.192.80.2 - - [16/Jun/2021:03:02:25 -0700] "GET /misc/zeus_dga_domains.txt.zip HTTP/1.1" 206 37401 "-" "Mozilla/4.0 (compatible; MSIE 7.0; Windows NT 5.1) QQBrowser/6.0" 
202.192.80.2 - - [16/Jun/2021:03:02:26 -0700] "GET /misc/zeus_dga_domains.txt.zip HTTP/1.1" 206 37402 "-" "Mozilla/4.0 (compatible; MSIE 7.0; Windows NT 5.1) QQBrowser/6.0" 
202.192.80.2 - - [16/Jun/2021:03:02:26 -0700] "GET /misc/zeus_dga_domains.txt.zip HTTP/1.1" 206 37402 "-" "Mozilla/4.0 (compatible; MSIE 7.0; Windows NT 5.1) QQBrowser/6.0" 
202.192.80.2 - - [16/Jun/2021:03:02:26 -0700] "GET /misc/zeus_dga_domains.txt.zip HTTP/1.1" 206 37402 "-" "Mozilla/4.0 (compatible; MSIE 7.0; Windows NT 5.1) QQBrowser/6.0" 
202.192.80.2 - - [16/Jun/2021:03:02:26 -0700] "GET /misc/zeus_dga_domains.txt.zip HTTP/1.1" 206 37401 "-" "Mozilla/4.0 (compatible; MSIE 7.0; Windows NT 5.1) QQBrowser/6.0" 
202.192.80.2 - - [16/Jun/2021:03:02:26 -0700] "GET /misc/zeus_dga_domains.txt.zip HTTP/1.1" 206 37402 "-" "Mozilla/4.0 (compatible; MSIE 7.0; Windows NT 5.1) QQBrowser/6.0" 
202.192.80.2 - - [16/Jun/2021:03:02:26 -0700] "GET /misc/zeus_dga_domains.txt.zip HTTP/1.1" 206 37399 "-" "Mozilla/4.0 (compatible; MSIE 7.0; Windows NT 5.1) QQBrowser/6.0" 
61.151.178.163 - - [16/Jun/2021:03:03:01 -0700] "GET /misc/zeus_dga_domains.txt.zip HTTP/1.1" 200 592381 "-" "Mozilla/5.0 (Windows NT 6.1; WOW64) AppleWebKit/537.36 (KHTML, like Gecko) Chrome/56.0.2924.87 Safari/537.36" 
103.66.79.178 - - [16/Jun/2021:03:03:51 -0700] "GET / HTTP/1.1" 200 12883 "-" "Mozilla/5.0 (Windows NT 10.0; Win64; x64; rv:89.0) Gecko/20100101 Firefox/89.0" 
103.66.79.178 - - [16/Jun/2021:03:03:52 -0700] "GET /css/style.css HTTP/1.1" 404 328 "http://www.secrepo.com/" "Mozilla/5.0 (Windows NT 10.0; Win64; x64; rv:89.0) Gecko/20100101 Firefox/89.0" 
103.66.79.178 - - [16/Jun/2021:03:03:52 -0700] "GET /twitter-icon.png HTTP/1.1" 200 27916 "http://www.secrepo.com/" "Mozilla/5.0 (Windows NT 10.0; Win64; x64; rv:89.0) Gecko/20100101 Firefox/89.0" 
103.66.79.178 - - [16/Jun/2021:03:03:52 -0700] "GET /GitHub-Mark.png HTTP/1.1" 200 7533 "http://www.secrepo.com/" "Mozilla/5.0 (Windows NT 10.0; Win64; x64; rv:89.0) Gecko/20100101 Firefox/89.0" 
103.66.79.178 - - [16/Jun/2021:03:03:53 -0700] "GET /bootstrap/img/favicon.ico HTTP/1.1" 200 690 "http://www.secrepo.com/" "Mozilla/5.0 (Windows NT 10.0; Win64; x64; rv:89.0) Gecko/20100101 Firefox/89.0" 
54.36.149.59 - - [16/Jun/2021:03:05:00 -0700] "GET /self.logs/error.log.2020-09-05 HTTP/1.1" 200 307 "-" "Mozilla/5.0 (compatible; AhrefsBot/7.0; +http://ahrefs.com/robot/)" 
114.119.140.84 - - [16/Jun/2021:03:13:46 -0700] "GET /self.logs/access.log.2018-12-28.gz HTTP/1.1" 200 22581 "-" "Mozilla/5.0 (Linux; Android 7.0;) AppleWebKit/537.36 (KHTML, like Gecko) Mobile Safari/537.36 (compatible; PetalBot;+https://webmaster.petalsearch.com/site/petalbot)" 
54.36.148.17 - - [16/Jun/2021:03:16:05 -0700] "GET /self.logs/access.log.2018-12-02.gz HTTP/1.1" 200 25497 "-" "Mozilla/5.0 (compatible; AhrefsBot/7.0; +http://ahrefs.com/robot/)" 
114.119.157.43 - - [16/Jun/2021:03:20:34 -0700] "GET /self.logs/error.log.2018-02-21.gz HTTP/1.1" 200 4512 "-" "Mozilla/5.0 (Linux; Android 7.0;) AppleWebKit/537.36 (KHTML, like Gecko) Mobile Safari/537.36 (compatible; PetalBot;+https://webmaster.petalsearch.com/site/petalbot)" 
157.55.39.26 - - [16/Jun/2021:03:25:41 -0700] "GET /auth.log/auth.log.gz HTTP/1.1" 304 281 "-" "Mozilla/5.0 (compatible; bingbot/2.0; +http://www.bing.com/bingbot.htm)" 
54.36.149.61 - - [16/Jun/2021:03:26:46 -0700] "GET /Datasets%20Description/Network/?C=M;O=D HTTP/1.1" 200 721 "-" "Mozilla/5.0 (compatible; AhrefsBot/7.0; +http://ahrefs.com/robot/)" 
49.7.20.111 - - [16/Jun/2021:03:28:16 -0700] "GET / HTTP/1.1" 301 438 "-" "Sogou web spider/4.0(+http://www.sogou.com/docs/help/webmasters.htm#07)" 
54.36.148.17 - - [16/Jun/2021:03:32:01 -0700] "GET /self.logs/error.log.2018-04-26.gz HTTP/1.1" 200 4281 "-" "Mozilla/5.0 (compatible; AhrefsBot/7.0; +http://ahrefs.com/robot/)" 
3.237.189.159 - - [16/Jun/2021:03:32:13 -0700] "GET / HTTP/1.1" 301 475 "-" "python-requests/2.18.1" 
3.237.189.159 - - [16/Jun/2021:03:32:13 -0700] "GET / HTTP/1.1" 200 12883 "-" "python-requests/2.18.1" 
3.237.189.159 - - [16/Jun/2021:03:32:13 -0700] "GET / HTTP/1.1" 200 12883 "-" "python-requests/2.18.1" 
3.237.189.159 - - [16/Jun/2021:03:32:13 -0700] "GET / HTTP/1.1" 200 12883 "-" "python-requests/2.18.1" 
106.38.241.177 - - [16/Jun/2021:03:32:36 -0700] "GET / HTTP/1.1" 200 12846 "-" "Sogou web spider/4.0(+http://www.sogou.com/docs/help/webmasters.htm#07)" 
17.121.113.105 - - [16/Jun/2021:03:34:27 -0700] "GET /self.logs/error.log.2020-01-23 HTTP/1.1" 200 307 "-" "Mozilla/5.0 (Macintosh; Intel Mac OS X 10_15_5) AppleWebKit/605.1.15 (KHTML, like Gecko) Version/13.1.1 Safari/605.1.15 (Applebot/0.1; +http://www.apple.com/go/applebot)" 
114.119.140.84 - - [16/Jun/2021:03:36:00 -0700] "GET /self.logs/error.log.2018-04-09.gz HTTP/1.1" 200 5577 "-" "Mozilla/5.0 (Linux; Android 7.0;) AppleWebKit/537.36 (KHTML, like Gecko) Mobile Safari/537.36 (compatible; PetalBot;+https://webmaster.petalsearch.com/site/petalbot)" 
66.249.72.79 - - [16/Jun/2021:03:36:33 -0700] "GET / HTTP/1.1" 200 12883 "-" "Mozilla/5.0 (compatible; Googlebot/2.1; +http://www.google.com/bot.html)" 
106.38.241.144 - - [16/Jun/2021:03:37:01 -0700] "GET / HTTP/1.1" 301 438 "-" "Sogou web spider/4.0(+http://www.sogou.com/docs/help/webmasters.htm#07)" 
54.36.149.61 - - [16/Jun/2021:03:40:20 -0700] "GET /self.logs/error.log.2017-03-16.gz HTTP/1.1" 200 1123 "-" "Mozilla/5.0 (compatible; AhrefsBot/7.0; +http://ahrefs.com/robot/)" 
13.66.139.1 - - [16/Jun/2021:03:41:51 -0700] "GET /robots.txt HTTP/1.1" 200 377 "-" "Mozilla/5.0 (compatible; bingbot/2.0; +http://www.bing.com/bingbot.htm)" 
218.190.230.147 - - [16/Jun/2021:03:41:59 -0700] "GET / HTTP/1.1" 200 12839 "-" "Mozilla/5.0 (Macintosh; Intel Mac OS X 10_15_7) AppleWebKit/605.1.15 (KHTML, like Gecko) Version/14.1 Safari/605.1.15" 
218.190.230.147 - - [16/Jun/2021:03:41:59 -0700] "GET /css/style.css HTTP/1.1" 404 284 "http://www.secrepo.com/" "Mozilla/5.0 (Macintosh; Intel Mac OS X 10_15_7) AppleWebKit/605.1.15 (KHTML, like Gecko) Version/14.1 Safari/605.1.15" 
218.190.230.147 - - [16/Jun/2021:03:42:00 -0700] "GET /twitter-icon.png HTTP/1.1" 200 27872 "http://www.secrepo.com/" "Mozilla/5.0 (Macintosh; Intel Mac OS X 10_15_7) AppleWebKit/605.1.15 (KHTML, like Gecko) Version/14.1 Safari/605.1.15" 
218.190.230.147 - - [16/Jun/2021:03:42:01 -0700] "GET /twitter-icon.png HTTP/1.1" 200 27838 "http://www.secrepo.com/" "Mozilla/5.0 (Macintosh; Intel Mac OS X 10_15_7) AppleWebKit/605.1.15 (KHTML, like Gecko) Version/14.1 Safari/605.1.15" 
218.190.230.147 - - [16/Jun/2021:03:42:02 -0700] "GET /GitHub-Mark.png HTTP/1.1" 200 7512 "http://www.secrepo.com/" "Mozilla/5.0 (Macintosh; Intel Mac OS X 10_15_7) AppleWebKit/605.1.15 (KHTML, like Gecko) Version/14.1 Safari/605.1.15" 
218.190.230.147 - - [16/Jun/2021:03:42:02 -0700] "GET /twitter-icon.png HTTP/1.1" 200 27872 "http://www.secrepo.com/" "Mozilla/5.0 (Macintosh; Intel Mac OS X 10_15_7) AppleWebKit/605.1.15 (KHTML, like Gecko) Version/14.1 Safari/605.1.15" 
218.190.230.147 - - [16/Jun/2021:03:42:02 -0700] "GET /GitHub-Mark.png HTTP/1.1" 200 7512 "http://www.secrepo.com/" "Mozilla/5.0 (Macintosh; Intel Mac OS X 10_15_7) AppleWebKit/605.1.15 (KHTML, like Gecko) Version/14.1 Safari/605.1.15" 
218.190.230.147 - - [16/Jun/2021:03:42:05 -0700] "GET /bootstrap/img/favicon.ico HTTP/1.1" 200 669 "http://www.secrepo.com/" "Mozilla/5.0 (Macintosh; Intel Mac OS X 10_15_7) AppleWebKit/605.1.15 (KHTML, like Gecko) Version/14.1 Safari/605.1.15" 
196.203.67.170 - - [16/Jun/2021:03:48:05 -0700] "GET / HTTP/1.1" 200 12883 "https://www.researchgate.net/" "Mozilla/5.0 (Windows NT 10.0; Win64; x64) AppleWebKit/537.36 (KHTML, like Gecko) Chrome/91.0.4472.101 Safari/537.36" 
196.203.67.170 - - [16/Jun/2021:03:48:05 -0700] "GET /css/style.css HTTP/1.1" 404 305 "http://www.secrepo.com/" "Mozilla/5.0 (Windows NT 10.0; Win64; x64) AppleWebKit/537.36 (KHTML, like Gecko) Chrome/91.0.4472.101 Safari/537.36" 
196.203.67.170 - - [16/Jun/2021:03:48:06 -0700] "GET /twitter-icon.png HTTP/1.1" 200 27893 "http://www.secrepo.com/" "Mozilla/5.0 (Windows NT 10.0; Win64; x64) AppleWebKit/537.36 (KHTML, like Gecko) Chrome/91.0.4472.101 Safari/537.36" 
196.203.67.170 - - [16/Jun/2021:03:48:06 -0700] "GET /GitHub-Mark.png HTTP/1.1" 200 7556 "http://www.secrepo.com/" "Mozilla/5.0 (Windows NT 10.0; Win64; x64) AppleWebKit/537.36 (KHTML, like Gecko) Chrome/91.0.4472.101 Safari/537.36" 
196.203.67.170 - - [16/Jun/2021:03:48:07 -0700] "GET /bootstrap/img/favicon.ico HTTP/1.1" 200 690 "http://www.secrepo.com/" "Mozilla/5.0 (Windows NT 10.0; Win64; x64) AppleWebKit/537.36 (KHTML, like Gecko) Chrome/91.0.4472.101 Safari/537.36" 
49.7.20.72 - - [16/Jun/2021:03:50:31 -0700] "GET / HTTP/1.1" 200 12846 "-" "Sogou web spider/4.0(+http://www.sogou.com/docs/help/webmasters.htm#07)" 
114.119.159.40 - - [16/Jun/2021:03:51:21 -0700] "GET /self.logs/error.log.2020-02-10.gz HTTP/1.1" 200 875 "-" "Mozilla/5.0 (Linux; Android 7.0;) AppleWebKit/537.36 (KHTML, like Gecko) Mobile Safari/537.36 (compatible; PetalBot;+https://webmaster.petalsearch.com/site/petalbot)" 
54.36.148.50 - - [16/Jun/2021:03:54:14 -0700] "GET /self.logs/error.log.2019-12-09.gz HTTP/1.1" 200 1524 "-" "Mozilla/5.0 (compatible; AhrefsBot/7.0; +http://ahrefs.com/robot/)" 
114.119.141.53 - - [16/Jun/2021:03:58:38 -0700] "GET /self.logs/error.log.2018-04-19.gz HTTP/1.1" 200 4769 "-" "Mozilla/5.0 (Linux; Android 7.0;) AppleWebKit/537.36 (KHTML, like Gecko) Mobile Safari/537.36 (compatible; PetalBot;+https://webmaster.petalsearch.com/site/petalbot)" 
54.36.149.61 - - [16/Jun/2021:04:05:24 -0700] "GET /self.logs/access.log.2018-07-10.gz HTTP/1.1" 200 34890 "-" "Mozilla/5.0 (compatible; AhrefsBot/7.0; +http://ahrefs.com/robot/)" 
40.77.167.28 - - [16/Jun/2021:04:05:27 -0700] "GET / HTTP/1.1" 301 475 "-" "Mozilla/5.0 (compatible; bingbot/2.0; +http://www.bing.com/bingbot.htm)" 
114.119.159.40 - - [16/Jun/2021:04:06:07 -0700] "GET /self.logs/2015/access.log.2015-11-02.gz HTTP/1.1" 200 8976 "-" "Mozilla/5.0 (Linux; Android 7.0;) AppleWebKit/537.36 (KHTML, like Gecko) Mobile Safari/537.36 (compatible; PetalBot;+https://webmaster.petalsearch.com/site/petalbot)" 
106.38.241.177 - - [16/Jun/2021:04:09:20 -0700] "GET / HTTP/1.1" 200 12845 "-" "Sogou web spider/4.0(+http://www.sogou.com/docs/help/webmasters.htm#07)" 
185.191.171.14 - - [16/Jun/2021:04:14:09 -0700] "GET /robots.txt HTTP/1.1" 200 340 "-" "Mozilla/5.0 (compatible; SemrushBot/7~bl; +http://www.semrush.com/bot.html)" 
185.191.171.16 - - [16/Jun/2021:04:14:09 -0700] "GET /self.logs/error.log.2020-03-02 HTTP/1.1" 200 314 "-" "Mozilla/5.0 (compatible; SemrushBot/7~bl; +http://www.semrush.com/bot.html)" 
118.184.177.111 - - [16/Jun/2021:04:21:38 -0700] "GET / HTTP/1.1" 200 12846 "-" "Sogou web spider/4.0(+http://www.sogou.com/docs/help/webmasters.htm#07)" 
106.38.241.144 - - [16/Jun/2021:04:23:26 -0700] "GET / HTTP/1.1" 200 12846 "-" "Sogou web spider/4.0(+http://www.sogou.com/docs/help/webmasters.htm#07)" 
49.7.20.111 - - [16/Jun/2021:04:25:16 -0700] "GET / HTTP/1.1" 301 438 "-" "Sogou web spider/4.0(+http://www.sogou.com/docs/help/webmasters.htm#07)" 
54.36.149.61 - - [16/Jun/2021:04:26:52 -0700] "GET / HTTP/1.1" 200 12839 "-" "Mozilla/5.0 (compatible; AhrefsBot/7.0; +http://ahrefs.com/robot/)" 
188.209.215.199 - - [16/Jun/2021:04:27:11 -0700] "GET / HTTP/1.1" 200 12883 "-" "Mozilla/5.0 (Windows NT 10.0; Win64; x64) AppleWebKit/537.36 (KHTML, like Gecko) Chrome/91.0.4472.106 Safari/537.36" 
188.209.215.199 - - [16/Jun/2021:04:27:11 -0700] "GET /css/style.css HTTP/1.1" 404 305 "http://www.secrepo.com/" "Mozilla/5.0 (Windows NT 10.0; Win64; x64) AppleWebKit/537.36 (KHTML, like Gecko) Chrome/91.0.4472.106 Safari/537.36" 
188.209.215.199 - - [16/Jun/2021:04:27:11 -0700] "GET /twitter-icon.png HTTP/1.1" 200 27893 "http://www.secrepo.com/" "Mozilla/5.0 (Windows NT 10.0; Win64; x64) AppleWebKit/537.36 (KHTML, like Gecko) Chrome/91.0.4472.106 Safari/537.36" 
188.209.215.199 - - [16/Jun/2021:04:27:11 -0700] "GET /GitHub-Mark.png HTTP/1.1" 200 7556 "http://www.secrepo.com/" "Mozilla/5.0 (Windows NT 10.0; Win64; x64) AppleWebKit/537.36 (KHTML, like Gecko) Chrome/91.0.4472.106 Safari/537.36" 
188.209.215.199 - - [16/Jun/2021:04:27:12 -0700] "GET /bootstrap/img/favicon.ico HTTP/1.1" 200 690 "http://www.secrepo.com/" "Mozilla/5.0 (Windows NT 10.0; Win64; x64) AppleWebKit/537.36 (KHTML, like Gecko) Chrome/91.0.4472.106 Safari/537.36" 
114.119.150.248 - - [16/Jun/2021:04:28:28 -0700] "GET /self.logs/error.log.2017-12-05.gz HTTP/1.1" 200 2750 "-" "Mozilla/5.0 (Linux; Android 7.0;) AppleWebKit/537.36 (KHTML, like Gecko) Mobile Safari/537.36 (compatible; PetalBot;+https://webmaster.petalsearch.com/site/petalbot)" 
188.209.215.199 - - [16/Jun/2021:04:30:03 -0700] "GET /css/style.css HTTP/1.1" 404 328 "http://www.secrepo.com/" "Mozilla/5.0 (Windows NT 10.0; Win64; x64) AppleWebKit/537.36 (KHTML, like Gecko) Chrome/91.0.4472.106 Safari/537.36" 
188.209.215.199 - - [16/Jun/2021:04:30:47 -0700] "GET /Datasets%20Description/Network/dns.html HTTP/1.1" 200 1543 "http://www.secrepo.com/" "Mozilla/5.0 (Windows NT 10.0; Win64; x64) AppleWebKit/537.36 (KHTML, like Gecko) Chrome/91.0.4472.106 Safari/537.36" 
188.209.215.199 - - [16/Jun/2021:04:30:47 -0700] "GET /favicon.ico HTTP/1.1" 200 368 "http://www.secrepo.com/Datasets%20Description/Network/dns.html" "Mozilla/5.0 (Windows NT 10.0; Win64; x64) AppleWebKit/537.36 (KHTML, like Gecko) Chrome/91.0.4472.106 Safari/537.36" 
188.209.215.199 - - [16/Jun/2021:04:34:09 -0700] "GET /Datasets%20Description/HTML_Bro_log_1 HTTP/1.1" 301 619 "http://www.secrepo.com/" "Mozilla/5.0 (Windows NT 10.0; Win64; x64) AppleWebKit/537.36 (KHTML, like Gecko) Chrome/91.0.4472.106 Safari/537.36" 
188.209.215.199 - - [16/Jun/2021:04:34:09 -0700] "GET /Datasets%20Description/HTML_Bro_log_1/ HTTP/1.1" 200 811 "http://www.secrepo.com/" "Mozilla/5.0 (Windows NT 10.0; Win64; x64) AppleWebKit/537.36 (KHTML, like Gecko) Chrome/91.0.4472.106 Safari/537.36" 
188.209.215.199 - - [16/Jun/2021:04:34:44 -0700] "GET /Datasets%20Description/HTML_Bro_log_1/dhcp.html HTTP/1.1" 200 1733 "http://www.secrepo.com/Datasets%20Description/HTML_Bro_log_1/" "Mozilla/5.0 (Windows NT 10.0; Win64; x64) AppleWebKit/537.36 (KHTML, like Gecko) Chrome/91.0.4472.106 Safari/537.36" 
154.160.4.113 - - [16/Jun/2021:04:34:59 -0700] "GET / HTTP/1.1" 200 12883 "-" "Mozilla/5.0 (Windows NT 10.0; Win64; x64) AppleWebKit/537.36 (KHTML, like Gecko) Chrome/90.0.4430.212 Safari/537.36" 
154.160.4.113 - - [16/Jun/2021:04:35:00 -0700] "GET /css/style.css HTTP/1.1" 404 305 "http://www.secrepo.com/" "Mozilla/5.0 (Windows NT 10.0; Win64; x64) AppleWebKit/537.36 (KHTML, like Gecko) Chrome/90.0.4430.212 Safari/537.36" 
154.160.4.113 - - [16/Jun/2021:04:35:01 -0700] "GET /GitHub-Mark.png HTTP/1.1" 200 7512 "http://www.secrepo.com/" "Mozilla/5.0 (Windows NT 10.0; Win64; x64) AppleWebKit/537.36 (KHTML, like Gecko) Chrome/90.0.4430.212 Safari/537.36" 
154.160.4.113 - - [16/Jun/2021:04:35:01 -0700] "GET /twitter-icon.png HTTP/1.1" 200 27893 "http://www.secrepo.com/" "Mozilla/5.0 (Windows NT 10.0; Win64; x64) AppleWebKit/537.36 (KHTML, like Gecko) Chrome/90.0.4430.212 Safari/537.36" 
154.160.4.113 - - [16/Jun/2021:04:35:07 -0700] "GET /bootstrap/img/favicon.ico HTTP/1.1" 200 713 "http://www.secrepo.com/" "Mozilla/5.0 (Windows NT 10.0; Win64; x64) AppleWebKit/537.36 (KHTML, like Gecko) Chrome/90.0.4430.212 Safari/537.36" 
100.25.44.107 - - [16/Jun/2021:04:39:03 -0700] "GET / HTTP/1.1" 301 475 "-" "python-requests/2.18.1" 
100.25.44.107 - - [16/Jun/2021:04:39:03 -0700] "GET / HTTP/1.1" 200 12883 "-" "python-requests/2.18.1" 
100.25.44.107 - - [16/Jun/2021:04:39:03 -0700] "GET / HTTP/1.1" 200 12883 "-" "python-requests/2.18.1" 
100.25.44.107 - - [16/Jun/2021:04:39:03 -0700] "GET / HTTP/1.1" 200 12883 "-" "python-requests/2.18.1" 
119.160.103.219 - - [16/Jun/2021:04:40:06 -0700] "GET / HTTP/1.1" 200 12883 "-" "Mozilla/5.0 (Windows NT 10.0; Win64; x64) AppleWebKit/537.36 (KHTML, like Gecko) Chrome/91.0.4472.101 Safari/537.36" 
119.160.103.219 - - [16/Jun/2021:04:40:06 -0700] "GET /Datasets%20Description/Network/tunnel.html HTTP/1.1" 200 1470 "http://www.secrepo.com/" "Mozilla/5.0 (Windows NT 10.0; Win64; x64) AppleWebKit/537.36 (KHTML, like Gecko) Chrome/91.0.4472.101 Safari/537.36" 
119.160.103.219 - - [16/Jun/2021:04:40:07 -0700] "GET /css/style.css HTTP/1.1" 404 305 "http://www.secrepo.com/" "Mozilla/5.0 (Windows NT 10.0; Win64; x64) AppleWebKit/537.36 (KHTML, like Gecko) Chrome/91.0.4472.101 Safari/537.36" 
119.160.103.219 - - [16/Jun/2021:04:40:08 -0700] "GET /twitter-icon.png HTTP/1.1" 200 27893 "http://www.secrepo.com/" "Mozilla/5.0 (Windows NT 10.0; Win64; x64) AppleWebKit/537.36 (KHTML, like Gecko) Chrome/91.0.4472.101 Safari/537.36" 
119.160.103.219 - - [16/Jun/2021:04:40:09 -0700] "GET /GitHub-Mark.png HTTP/1.1" 200 7556 "http://www.secrepo.com/" "Mozilla/5.0 (Windows NT 10.0; Win64; x64) AppleWebKit/537.36 (KHTML, like Gecko) Chrome/91.0.4472.101 Safari/537.36" 
119.160.103.219 - - [16/Jun/2021:04:40:10 -0700] "GET /favicon.ico HTTP/1.1" 200 368 "http://www.secrepo.com/Datasets%20Description/Network/tunnel.html" "Mozilla/5.0 (Windows NT 10.0; Win64; x64) AppleWebKit/537.36 (KHTML, like Gecko) Chrome/91.0.4472.101 Safari/537.36" 
119.160.103.219 - - [16/Jun/2021:04:40:14 -0700] "GET /bootstrap/img/favicon.ico HTTP/1.1" 200 713 "http://www.secrepo.com/" "Mozilla/5.0 (Windows NT 10.0; Win64; x64) AppleWebKit/537.36 (KHTML, like Gecko) Chrome/91.0.4472.101 Safari/537.36" 
106.38.241.177 - - [16/Jun/2021:04:41:44 -0700] "GET / HTTP/1.1" 200 12846 "-" "Sogou web spider/4.0(+http://www.sogou.com/docs/help/webmasters.htm#07)" 
40.77.167.48 - - [16/Jun/2021:04:42:25 -0700] "GET /robots.txt HTTP/1.1" 301 495 "-" "Mozilla/5.0 (compatible; bingbot/2.0; +http://www.bing.com/bingbot.htm)" 
40.77.167.48 - - [16/Jun/2021:04:42:25 -0700] "GET /robots.txt HTTP/1.1" 200 377 "-" "Mozilla/5.0 (compatible; bingbot/2.0; +http://www.bing.com/bingbot.htm)" 
54.36.149.61 - - [16/Jun/2021:04:48:01 -0700] "GET /self.logs/access.log.2017-11-26.gz HTTP/1.1" 200 21657 "-" "Mozilla/5.0 (compatible; AhrefsBot/7.0; +http://ahrefs.com/robot/)" 
114.119.155.228 - - [16/Jun/2021:04:57:14 -0700] "GET /self.logs/error.log.2018-09-09.gz HTTP/1.1" 200 16703 "-" "Mozilla/5.0 (Linux; Android 7.0;) AppleWebKit/537.36 (KHTML, like Gecko) Mobile Safari/537.36 (compatible; PetalBot;+https://webmaster.petalsearch.com/site/petalbot)" 
157.55.39.26 - - [16/Jun/2021:04:58:53 -0700] "GET /self.logs/error.log.2017-05-21.gz HTTP/1.1" 301 541 "-" "Mozilla/5.0 (compatible; bingbot/2.0; +http://www.bing.com/bingbot.htm)" 
114.119.155.228 - - [16/Jun/2021:05:04:24 -0700] "GET /self.logs/error.log.2017-08-04.gz HTTP/1.1" 200 1206 "-" "Mozilla/5.0 (Linux; Android 7.0;) AppleWebKit/537.36 (KHTML, like Gecko) Mobile Safari/537.36 (compatible; PetalBot;+https://webmaster.petalsearch.com/site/petalbot)" 
106.38.241.144 - - [16/Jun/2021:05:05:59 -0700] "GET / HTTP/1.1" 301 438 "-" "Sogou web spider/4.0(+http://www.sogou.com/docs/help/webmasters.htm#07)" 
40.77.167.12 - - [16/Jun/2021:05:08:01 -0700] "GET /self.logs/error.log.2020-07-03 HTTP/1.1" 301 535 "-" "Mozilla/5.0 (compatible; bingbot/2.0; +http://www.bing.com/bingbot.htm)" 
54.36.149.61 - - [16/Jun/2021:05:11:37 -0700] "GET /self.logs/access.log.2017-04-23.gz HTTP/1.1" 200 14830 "-" "Mozilla/5.0 (compatible; AhrefsBot/7.0; +http://ahrefs.com/robot/)" 
106.38.241.177 - - [16/Jun/2021:05:14:12 -0700] "GET / HTTP/1.1" 200 12845 "-" "Sogou web spider/4.0(+http://www.sogou.com/docs/help/webmasters.htm#07)" 
114.119.155.228 - - [16/Jun/2021:05:18:29 -0700] "GET /self.logs/error.log.2020-07-25 HTTP/1.1" 200 351 "-" "Mozilla/5.0 (Linux; Android 7.0;) AppleWebKit/537.36 (KHTML, like Gecko) Mobile Safari/537.36 (compatible; PetalBot;+https://webmaster.petalsearch.com/site/petalbot)" 
40.77.167.80 - - [16/Jun/2021:05:19:12 -0700] "GET /self.logs/error.log.2018-06-13.gz HTTP/1.1" 200 8767 "-" "Mozilla/5.0 (compatible; bingbot/2.0; +http://www.bing.com/bingbot.htm)" 
49.7.20.111 - - [16/Jun/2021:05:23:18 -0700] "GET / HTTP/1.1" 301 438 "-" "Sogou web spider/4.0(+http://www.sogou.com/docs/help/webmasters.htm#07)" 
17.121.115.126 - - [16/Jun/2021:05:23:21 -0700] "GET /self.logs/error.log.2020-02-06 HTTP/1.1" 200 307 "-" "Mozilla/5.0 (Macintosh; Intel Mac OS X 10_15_5) AppleWebKit/605.1.15 (KHTML, like Gecko) Version/13.1.1 Safari/605.1.15 (Applebot/0.1; +http://www.apple.com/go/applebot)" 
54.36.148.73 - - [16/Jun/2021:05:23:21 -0700] "GET /self.logs/access.log.2018-07-08.gz HTTP/1.1" 200 30668 "-" "Mozilla/5.0 (compatible; AhrefsBot/7.0; +http://ahrefs.com/robot/)" 
114.119.155.228 - - [16/Jun/2021:05:25:45 -0700] "GET /self.logs/access.log.2017-09-03.gz HTTP/1.1" 200 19881 "-" "Mozilla/5.0 (Linux; Android 7.0;) AppleWebKit/537.36 (KHTML, like Gecko) Mobile Safari/537.36 (compatible; PetalBot;+https://webmaster.petalsearch.com/site/petalbot)" 
207.46.13.189 - - [16/Jun/2021:05:29:35 -0700] "GET /self.logs/error.log.2021-04-24.gz HTTP/1.1" 200 3648 "-" "Mozilla/5.0 (compatible; bingbot/2.0; +http://www.bing.com/bingbot.htm)" 
114.119.144.30 - - [16/Jun/2021:05:32:33 -0700] "GET /self.logs/error.log.2017-08-06.gz HTTP/1.1" 200 1356 "-" "Mozilla/5.0 (Linux; Android 7.0;) AppleWebKit/537.36 (KHTML, like Gecko) Mobile Safari/537.36 (compatible; PetalBot;+https://webmaster.petalsearch.com/site/petalbot)" 
54.36.149.81 - - [16/Jun/2021:05:35:03 -0700] "GET /self.logs/error.log.2020-08-23 HTTP/1.1" 200 307 "-" "Mozilla/5.0 (compatible; AhrefsBot/7.0; +http://ahrefs.com/robot/)" 
129.55.200.20 - - [16/Jun/2021:05:36:31 -0700] "GET / HTTP/1.1" 200 12882 "-" "Mozilla/5.0 (Macintosh; Intel Mac OS X 10_15_7) AppleWebKit/605.1.15 (KHTML, like Gecko)" 
129.55.200.20 - - [16/Jun/2021:05:36:33 -0700] "GET / HTTP/1.1" 200 12859 "-" "Mozilla/5.0 (iPhone; CPU iPhone OS 14_0 like Mac OS X) AppleWebKit/605.1.15 (KHTML, like Gecko) Version/14.0 Mobile/15E148 Safari/604.1" 
114.119.129.244 - - [16/Jun/2021:05:39:33 -0700] "GET /self.logs/access.log.2018-06-06.gz HTTP/1.1" 200 20829 "-" "Mozilla/5.0 (Linux; Android 7.0;) AppleWebKit/537.36 (KHTML, like Gecko) Mobile Safari/537.36 (compatible; PetalBot;+https://webmaster.petalsearch.com/site/petalbot)" 
54.36.148.17 - - [16/Jun/2021:05:40:31 -0700] "GET /self.logs/error.log.2018-07-15.gz HTTP/1.1" 200 13662 "-" "Mozilla/5.0 (compatible; AhrefsBot/7.0; +http://ahrefs.com/robot/)" 
54.36.149.61 - - [16/Jun/2021:05:42:56 -0700] "GET /self.logs/access.log.2018-04-21.gz HTTP/1.1" 200 16094 "-" "Mozilla/5.0 (compatible; AhrefsBot/7.0; +http://ahrefs.com/robot/)" 
119.160.103.219 - - [16/Jun/2021:05:43:54 -0700] "GET /Datasets%20Description/Network/tunnel.html HTTP/1.1" 200 1470 "http://www.secrepo.com/" "Mozilla/5.0 (Windows NT 10.0; Win64; x64) AppleWebKit/537.36 (KHTML, like Gecko) Chrome/91.0.4472.101 Safari/537.36" 
119.160.103.219 - - [16/Jun/2021:05:43:54 -0700] "GET /favicon.ico HTTP/1.1" 200 368 "http://www.secrepo.com/Datasets%20Description/Network/tunnel.html" "Mozilla/5.0 (Windows NT 10.0; Win64; x64) AppleWebKit/537.36 (KHTML, like Gecko) Chrome/91.0.4472.101 Safari/537.36" 
119.160.103.219 - - [16/Jun/2021:05:43:55 -0700] "GET / HTTP/1.1" 200 12859 "-" "Mozilla/5.0 (Windows NT 10.0; Win64; x64) AppleWebKit/537.36 (KHTML, like Gecko) Chrome/91.0.4472.101 Safari/537.36" 
119.160.103.219 - - [16/Jun/2021:05:43:56 -0700] "GET /css/style.css HTTP/1.1" 404 305 "http://www.secrepo.com/" "Mozilla/5.0 (Windows NT 10.0; Win64; x64) AppleWebKit/537.36 (KHTML, like Gecko) Chrome/91.0.4472.101 Safari/537.36" 
119.160.103.219 - - [16/Jun/2021:05:43:56 -0700] "GET /twitter-icon.png HTTP/1.1" 200 27916 "http://www.secrepo.com/" "Mozilla/5.0 (Windows NT 10.0; Win64; x64) AppleWebKit/537.36 (KHTML, like Gecko) Chrome/91.0.4472.101 Safari/537.36" 
119.160.103.219 - - [16/Jun/2021:05:43:56 -0700] "GET /GitHub-Mark.png HTTP/1.1" 200 7533 "http://www.secrepo.com/" "Mozilla/5.0 (Windows NT 10.0; Win64; x64) AppleWebKit/537.36 (KHTML, like Gecko) Chrome/91.0.4472.101 Safari/537.36" 
119.160.103.219 - - [16/Jun/2021:05:43:57 -0700] "GET /bootstrap/img/favicon.ico HTTP/1.1" 200 690 "http://www.secrepo.com/" "Mozilla/5.0 (Windows NT 10.0; Win64; x64) AppleWebKit/537.36 (KHTML, like Gecko) Chrome/91.0.4472.101 Safari/537.36" 
106.38.241.177 - - [16/Jun/2021:05:44:12 -0700] "GET / HTTP/1.1" 200 12845 "-" "Sogou web spider/4.0(+http://www.sogou.com/docs/help/webmasters.htm#07)" 
106.38.241.144 - - [16/Jun/2021:05:44:54 -0700] "GET / HTTP/1.1" 200 12845 "-" "Sogou web spider/4.0(+http://www.sogou.com/docs/help/webmasters.htm#07)" 
54.36.149.38 - - [16/Jun/2021:05:45:27 -0700] "GET /self.logs/error.log.2018-04-13.gz HTTP/1.1" 200 5589 "-" "Mozilla/5.0 (compatible; AhrefsBot/7.0; +http://ahrefs.com/robot/)" 
54.36.148.17 - - [16/Jun/2021:05:46:47 -0700] "GET /self.logs/access.log.2018-02-04.gz HTTP/1.1" 200 21609 "-" "Mozilla/5.0 (compatible; AhrefsBot/7.0; +http://ahrefs.com/robot/)" 
114.119.150.248 - - [16/Jun/2021:05:47:51 -0700] "GET /self.logs/error.log.2019-09-29.gz HTTP/1.1" 200 1442 "-" "Mozilla/5.0 (Linux; Android 7.0;) AppleWebKit/537.36 (KHTML, like Gecko) Mobile Safari/537.36 (compatible; PetalBot;+https://webmaster.petalsearch.com/site/petalbot)" 
54.36.148.17 - - [16/Jun/2021:05:48:06 -0700] "GET /self.logs/error.log.2018-10-26.gz HTTP/1.1" 200 5090 "-" "Mozilla/5.0 (compatible; AhrefsBot/7.0; +http://ahrefs.com/robot/)" 
54.36.149.105 - - [16/Jun/2021:05:48:44 -0700] "GET /self.logs/error.log.2019-07-05.gz HTTP/1.1" 200 2321 "-" "Mozilla/5.0 (compatible; AhrefsBot/7.0; +http://ahrefs.com/robot/)" 
54.36.148.79 - - [16/Jun/2021:05:49:03 -0700] "GET /self.logs/access.log.2018-11-26.gz HTTP/1.1" 200 40692 "-" "Mozilla/5.0 (compatible; AhrefsBot/7.0; +http://ahrefs.com/robot/)" 
54.36.149.61 - - [16/Jun/2021:05:49:21 -0700] "GET /self.logs/access.log.2017-10-27.gz HTTP/1.1" 200 26139 "-" "Mozilla/5.0 (compatible; AhrefsBot/7.0; +http://ahrefs.com/robot/)" 
54.36.149.61 - - [16/Jun/2021:05:49:59 -0700] "GET /self.logs/access.log.2019-10-07.gz HTTP/1.1" 200 17200 "-" "Mozilla/5.0 (compatible; AhrefsBot/7.0; +http://ahrefs.com/robot/)" 
54.36.148.17 - - [16/Jun/2021:05:50:38 -0700] "GET /self.logs/access.log.2020-09-19.gz HTTP/1.1" 200 13378 "-" "Mozilla/5.0 (compatible; AhrefsBot/7.0; +http://ahrefs.com/robot/)" 
66.249.64.149 - - [16/Jun/2021:05:51:12 -0700] "GET /self.logs/error.log.2020-12-01 HTTP/1.1" 200 351 "-" "Mozilla/5.0 (Linux; Android 6.0.1; Nexus 5X Build/MMB29P) AppleWebKit/537.36 (KHTML, like Gecko) Chrome/91.0.4472.90 Mobile Safari/537.36 (compatible; Googlebot/2.1; +http://www.google.com/bot.html)" 
54.36.148.17 - - [16/Jun/2021:05:51:16 -0700] "GET /self.logs/access.log.2019-11-30.gz HTTP/1.1" 200 21766 "-" "Mozilla/5.0 (compatible; AhrefsBot/7.0; +http://ahrefs.com/robot/)" 
17.121.112.150 - - [16/Jun/2021:05:51:48 -0700] "GET /self.logs/error.log.2020-03-10 HTTP/1.1" 200 307 "-" "Mozilla/5.0 (Macintosh; Intel Mac OS X 10_15_5) AppleWebKit/605.1.15 (KHTML, like Gecko) Version/13.1.1 Safari/605.1.15 (Applebot/0.1; +http://www.apple.com/go/applebot)" 
54.36.148.17 - - [16/Jun/2021:05:51:55 -0700] "GET /self.logs/error.log.2017-12-11.gz HTTP/1.1" 200 5186 "-" "Mozilla/5.0 (compatible; AhrefsBot/7.0; +http://ahrefs.com/robot/)" 
66.249.64.149 - - [16/Jun/2021:05:52:07 -0700] "GET /self.logs/error.log.2020-12-03 HTTP/1.1" 200 351 "-" "Mozilla/5.0 (Linux; Android 6.0.1; Nexus 5X Build/MMB29P) AppleWebKit/537.36 (KHTML, like Gecko) Chrome/91.0.4472.90 Mobile Safari/537.36 (compatible; Googlebot/2.1; +http://www.google.com/bot.html)" 
54.36.149.87 - - [16/Jun/2021:05:53:08 -0700] "GET /self.logs/error.log.2018-06-06.gz HTTP/1.1" 200 6552 "-" "Mozilla/5.0 (compatible; AhrefsBot/7.0; +http://ahrefs.com/robot/)" 
54.36.149.61 - - [16/Jun/2021:05:54:26 -0700] "GET /self.logs/access.log.2018-01-20.gz HTTP/1.1" 200 18843 "-" "Mozilla/5.0 (compatible; AhrefsBot/7.0; +http://ahrefs.com/robot/)" 
66.249.64.143 - - [16/Jun/2021:05:54:37 -0700] "GET /self.logs/error.log.2020-12-02 HTTP/1.1" 200 351 "-" "Mozilla/5.0 (Linux; Android 6.0.1; Nexus 5X Build/MMB29P) AppleWebKit/537.36 (KHTML, like Gecko) Chrome/91.0.4472.90 Mobile Safari/537.36 (compatible; Googlebot/2.1; +http://www.google.com/bot.html)" 
54.36.148.229 - - [16/Jun/2021:05:55:40 -0700] "GET /self.logs/access.log.2018-08-17.gz HTTP/1.1" 200 18821 "-" "Mozilla/5.0 (compatible; AhrefsBot/7.0; +http://ahrefs.com/robot/)" 
40.77.167.80 - - [16/Jun/2021:05:56:19 -0700] "GET /self.logs/error.log.2017-07-06.gz HTTP/1.1" 301 541 "-" "Mozilla/5.0 (compatible; bingbot/2.0; +http://www.bing.com/bingbot.htm)" 
54.36.149.74 - - [16/Jun/2021:05:56:57 -0700] "GET /self.logs/access.log.2019-03-05.gz HTTP/1.1" 200 18495 "-" "Mozilla/5.0 (compatible; AhrefsBot/7.0; +http://ahrefs.com/robot/)" 
54.36.148.17 - - [16/Jun/2021:05:58:19 -0700] "GET /self.logs/error.log.2017-06-29.gz HTTP/1.1" 200 825 "-" "Mozilla/5.0 (compatible; AhrefsBot/7.0; +http://ahrefs.com/robot/)" 
54.36.149.26 - - [16/Jun/2021:05:59:35 -0700] "GET /self.logs/access.log.2018-01-13.gz HTTP/1.1" 200 20348 "-" "Mozilla/5.0 (compatible; AhrefsBot/7.0; +http://ahrefs.com/robot/)" 
54.36.149.61 - - [16/Jun/2021:06:00:15 -0700] "GET /self.logs/2016/access.log.2016-03-21.gz HTTP/1.1" 200 6626 "-" "Mozilla/5.0 (compatible; AhrefsBot/7.0; +http://ahrefs.com/robot/)" 
54.36.148.17 - - [16/Jun/2021:06:00:54 -0700] "GET /self.logs/error.log.2018-11-06.gz HTTP/1.1" 200 3311 "-" "Mozilla/5.0 (compatible; AhrefsBot/7.0; +http://ahrefs.com/robot/)" 
54.36.148.17 - - [16/Jun/2021:06:01:31 -0700] "GET /self.logs/error.log.2018-02-24.gz HTTP/1.1" 200 3516 "-" "Mozilla/5.0 (compatible; AhrefsBot/7.0; +http://ahrefs.com/robot/)" 
54.36.148.17 - - [16/Jun/2021:06:02:46 -0700] "GET /self.logs/error.log.2017-04-05.gz HTTP/1.1" 200 4142 "-" "Mozilla/5.0 (compatible; AhrefsBot/7.0; +http://ahrefs.com/robot/)" 
54.36.149.56 - - [16/Jun/2021:06:03:23 -0700] "GET /self.logs/access.log.2020-06-12.gz HTTP/1.1" 200 9603 "-" "Mozilla/5.0 (compatible; AhrefsBot/7.0; +http://ahrefs.com/robot/)" 
54.36.149.61 - - [16/Jun/2021:06:05:49 -0700] "GET /self.logs/error.log.2020-03-30 HTTP/1.1" 200 307 "-" "Mozilla/5.0 (compatible; AhrefsBot/7.0; +http://ahrefs.com/robot/)" 
114.119.155.228 - - [16/Jun/2021:06:07:27 -0700] "GET /self.logs/access.log.2018-09-07.gz HTTP/1.1" 200 28014 "-" "Mozilla/5.0 (Linux; Android 7.0;) AppleWebKit/537.36 (KHTML, like Gecko) Mobile Safari/537.36 (compatible; PetalBot;+https://webmaster.petalsearch.com/site/petalbot)" 
95.163.255.58 - - [16/Jun/2021:06:08:05 -0700] "GET /robots.txt HTTP/1.0" 200 340 "-" "Mozilla/5.0 (compatible; Linux x86_64; Mail.RU_Bot/2.0; +http://go.mail.ru/help/robots)" 
95.163.255.53 - - [16/Jun/2021:06:08:07 -0700] "GET /Datasets%20Description/HTML_Bro_log_1/ssl.html HTTP/1.1" 200 1823 "-" "Mozilla/5.0 (compatible; Linux x86_64; Mail.RU_Bot/2.0; +http://go.mail.ru/help/robots)" 
54.36.149.61 - - [16/Jun/2021:06:08:17 -0700] "GET /self.logs/error.log.2019-02-11.gz HTTP/1.1" 200 4452 "-" "Mozilla/5.0 (compatible; AhrefsBot/7.0; +http://ahrefs.com/robot/)" 
17.121.112.196 - - [16/Jun/2021:06:11:03 -0700] "GET /self.logs/error.log.2020-03-01 HTTP/1.1" 200 307 "-" "Mozilla/5.0 (Macintosh; Intel Mac OS X 10_15_5) AppleWebKit/605.1.15 (KHTML, like Gecko) Version/13.1.1 Safari/605.1.15 (Applebot/0.1; +http://www.apple.com/go/applebot)" 
106.37.205.208 - - [16/Jun/2021:06:13:33 -0700] "GET / HTTP/1.1" 200 12883 "https://link.csdn.net/?target=http%3A%2F%2Fwww.secrepo.com%2F" "Mozilla/5.0 (Windows NT 10.0; Win64; x64) AppleWebKit/537.36 (KHTML, like Gecko) Chrome/91.0.4472.77 Safari/537.36" 
106.37.205.208 - - [16/Jun/2021:06:13:34 -0700] "GET /css/style.css HTTP/1.1" 404 305 "http://www.secrepo.com/" "Mozilla/5.0 (Windows NT 10.0; Win64; x64) AppleWebKit/537.36 (KHTML, like Gecko) Chrome/91.0.4472.77 Safari/537.36" 
106.37.205.208 - - [16/Jun/2021:06:13:34 -0700] "GET /twitter-icon.png HTTP/1.1" 200 27916 "http://www.secrepo.com/" "Mozilla/5.0 (Windows NT 10.0; Win64; x64) AppleWebKit/537.36 (KHTML, like Gecko) Chrome/91.0.4472.77 Safari/537.36" 
106.37.205.208 - - [16/Jun/2021:06:13:34 -0700] "GET /GitHub-Mark.png HTTP/1.1" 200 7556 "http://www.secrepo.com/" "Mozilla/5.0 (Windows NT 10.0; Win64; x64) AppleWebKit/537.36 (KHTML, like Gecko) Chrome/91.0.4472.77 Safari/537.36" 
106.37.205.208 - - [16/Jun/2021:06:13:39 -0700] "GET /bootstrap/img/favicon.ico HTTP/1.1" 200 713 "http://www.secrepo.com/" "Mozilla/5.0 (Windows NT 10.0; Win64; x64) AppleWebKit/537.36 (KHTML, like Gecko) Chrome/91.0.4472.77 Safari/537.36" 
106.38.241.177 - - [16/Jun/2021:06:14:01 -0700] "GET / HTTP/1.1" 200 12846 "-" "Sogou web spider/4.0(+http://www.sogou.com/docs/help/webmasters.htm#07)" 
114.119.130.95 - - [16/Jun/2021:06:14:22 -0700] "GET /self.logs/access.log.2019-08-04.gz HTTP/1.1" 200 20650 "-" "Mozilla/5.0 (Linux; Android 7.0;) AppleWebKit/537.36 (KHTML, like Gecko) Mobile Safari/537.36 (compatible; PetalBot;+https://webmaster.petalsearch.com/site/petalbot)" 
49.7.20.111 - - [16/Jun/2021:06:16:50 -0700] "GET / HTTP/1.1" 301 438 "-" "Sogou web spider/4.0(+http://www.sogou.com/docs/help/webmasters.htm#07)" 
106.38.241.144 - - [16/Jun/2021:06:20:04 -0700] "GET / HTTP/1.1" 301 438 "-" "Sogou web spider/4.0(+http://www.sogou.com/docs/help/webmasters.htm#07)" 
106.38.241.160 - - [16/Jun/2021:06:20:05 -0700] "GET / HTTP/1.1" 200 12846 "-" "Sogou web spider/4.0(+http://www.sogou.com/docs/help/webmasters.htm#07)" 
123.183.224.2 - - [16/Jun/2021:06:20:07 -0700] "GET /css/style.css HTTP/1.1" 301 464 "http://secrepo.com/" "Mozilla/5.0 (X11; Linux x86_64) AppleWebKit/537.36 (KHTML, like Gecko) Chrome/73.0.3683.86 Safari/537.36" 
123.183.224.2 - - [16/Jun/2021:06:20:09 -0700] "GET /css/style.css HTTP/1.1" 404 291 "http://secrepo.com/" "Mozilla/5.0 (X11; Linux x86_64) AppleWebKit/537.36 (KHTML, like Gecko) Chrome/73.0.3683.86 Safari/537.36" 
123.183.224.2 - - [16/Jun/2021:06:20:11 -0700] "GET /css/style.css HTTP/1.1" 301 464 "http://secrepo.com/" "Mozilla/5.0 (X11; Linux x86_64) AppleWebKit/537.36 (KHTML, like Gecko) Chrome/73.0.3683.86 Safari/537.36" 
106.38.241.154 - - [16/Jun/2021:06:20:12 -0700] "GET /css/style.css HTTP/1.1" 301 464 "http://secrepo.com/" "Mozilla/5.0 (X11; Linux x86_64) AppleWebKit/537.36 (KHTML, like Gecko) Chrome/73.0.3683.86 Safari/537.36" 
123.183.224.2 - - [16/Jun/2021:06:20:12 -0700] "GET /css/style.css HTTP/1.1" 404 291 "http://secrepo.com/" "Mozilla/5.0 (X11; Linux x86_64) AppleWebKit/537.36 (KHTML, like Gecko) Chrome/73.0.3683.86 Safari/537.36" 
106.38.241.154 - - [16/Jun/2021:06:20:13 -0700] "GET /css/style.css HTTP/1.1" 404 291 "http://secrepo.com/" "Mozilla/5.0 (X11; Linux x86_64) AppleWebKit/537.36 (KHTML, like Gecko) Chrome/73.0.3683.86 Safari/537.36" 
106.38.241.154 - - [16/Jun/2021:06:20:14 -0700] "GET /css/style.css HTTP/1.1" 301 464 "http://secrepo.com/" "Mozilla/5.0 (X11; Linux x86_64) AppleWebKit/537.36 (KHTML, like Gecko) Chrome/73.0.3683.86 Safari/537.36" 
106.38.241.154 - - [16/Jun/2021:06:21:15 -0700] "GET /css/style.css HTTP/1.1" 301 464 "http://secrepo.com/" "Mozilla/5.0 (X11; Linux x86_64) AppleWebKit/537.36 (KHTML, like Gecko) Chrome/73.0.3683.86 Safari/537.36" 
114.119.144.30 - - [16/Jun/2021:06:21:23 -0700] "GET /self.logs/2015/error.log.2015-12-11.gz HTTP/1.1" 200 777 "-" "Mozilla/5.0 (Linux; Android 7.0;) AppleWebKit/537.36 (KHTML, like Gecko) Mobile Safari/537.36 (compatible; PetalBot;+https://webmaster.petalsearch.com/site/petalbot)" 
66.249.83.192 - - [16/Jun/2021:06:21:52 -0700] "GET / HTTP/1.1" 301 475 "-" "Mozilla/5.0 (X11; Linux x86_64) AppleWebKit/537.36 (KHTML, like Gecko) Chrome/49.0.2623.75 Safari/537.36 Google Favicon" 
66.249.83.79 - - [16/Jun/2021:06:21:52 -0700] "GET / HTTP/1.1" 200 12883 "-" "Mozilla/5.0 (X11; Linux x86_64) AppleWebKit/537.36 (KHTML, like Gecko) Chrome/49.0.2623.75 Safari/537.36 Google Favicon" 
66.249.83.80 - - [16/Jun/2021:06:21:52 -0700] "GET /bootstrap/img/favicon.ico HTTP/1.1" 200 713 "-" "Mozilla/5.0 (X11; Linux x86_64) AppleWebKit/537.36 (KHTML, like Gecko) Chrome/49.0.2623.75 Safari/537.36 Google Favicon" 
106.38.241.154 - - [16/Jun/2021:06:22:16 -0700] "GET /css/style.css HTTP/1.1" 301 464 "http://secrepo.com/" "Mozilla/5.0 (X11; Linux x86_64) AppleWebKit/537.36 (KHTML, like Gecko) Chrome/73.0.3683.86 Safari/537.36" 
114.119.130.95 - - [16/Jun/2021:06:28:03 -0700] "GET /self.logs/error.log.2018-01-02.gz HTTP/1.1" 200 3143 "-" "Mozilla/5.0 (Linux; Android 7.0;) AppleWebKit/537.36 (KHTML, like Gecko) Mobile Safari/537.36 (compatible; PetalBot;+https://webmaster.petalsearch.com/site/petalbot)" 
88.236.30.170 - - [16/Jun/2021:06:36:46 -0700] "GET //semalt.com HTTP/1.1" 301 495 "https://www.bing.com/search?q=semalt.com" "Mozilla/5.0 (Windows NT 10.0; Win64; x64) AppleWebKit/537.36 (KHTML, like Gecko) Chrome/74.0.3729.169 Safari/537.36" 
88.236.30.170 - - [16/Jun/2021:06:36:47 -0700] "GET /semalt.com HTTP/1.1" 404 328 "-" "Mozilla/5.0 (Windows NT 10.0; Win64; x64) AppleWebKit/537.36 (KHTML, like Gecko) Chrome/74.0.3729.169 Safari/537.36" 
106.38.241.177 - - [16/Jun/2021:06:42:21 -0700] "GET / HTTP/1.1" 200 12846 "-" "Sogou web spider/4.0(+http://www.sogou.com/docs/help/webmasters.htm#07)" 
92.33.2.18 - - [16/Jun/2021:06:44:46 -0700] "GET /self.logs/ HTTP/1.1" 200 29966 "-" "Mozilla/5.0 (Windows NT 10.0; Win64; x64) AppleWebKit/537.36 (KHTML, like Gecko) Chrome/60.0.3112.113 Safari/537.36" 
114.119.150.248 - - [16/Jun/2021:06:48:44 -0700] "GET /self.logs/2015/error.log.2015-08-06.gz HTTP/1.1" 200 792 "-" "Mozilla/5.0 (Linux; Android 7.0;) AppleWebKit/537.36 (KHTML, like Gecko) Mobile Safari/537.36 (compatible; PetalBot;+https://webmaster.petalsearch.com/site/petalbot)" 
106.38.241.144 - - [16/Jun/2021:06:51:37 -0700] "GET / HTTP/1.1" 200 12846 "-" "Sogou web spider/4.0(+http://www.sogou.com/docs/help/webmasters.htm#07)" 
54.36.148.17 - - [16/Jun/2021:07:08:19 -0700] "GET /self.logs/access.log.2019-12-16.gz HTTP/1.1" 200 19838 "-" "Mozilla/5.0 (compatible; AhrefsBot/7.0; +http://ahrefs.com/robot/)" 
49.7.20.111 - - [16/Jun/2021:07:08:25 -0700] "GET / HTTP/1.1" 301 438 "-" "Sogou web spider/4.0(+http://www.sogou.com/docs/help/webmasters.htm#07)" 
106.38.241.177 - - [16/Jun/2021:07:10:44 -0700] "GET / HTTP/1.1" 200 12846 "-" "Sogou web spider/4.0(+http://www.sogou.com/docs/help/webmasters.htm#07)" 
114.119.130.95 - - [16/Jun/2021:07:15:43 -0700] "GET /self.logs/error.log.2017-06-24.gz HTTP/1.1" 200 1249 "-" "Mozilla/5.0 (Linux; Android 7.0;) AppleWebKit/537.36 (KHTML, like Gecko) Mobile Safari/537.36 (compatible; PetalBot;+https://webmaster.petalsearch.com/site/petalbot)" 
40.77.167.80 - - [16/Jun/2021:07:17:47 -0700] "GET /self.logs/error.log.2020-12-20 HTTP/1.1" 301 535 "-" "Mozilla/5.0 (compatible; bingbot/2.0; +http://www.bing.com/bingbot.htm)" 
77.75.78.171 - - [16/Jun/2021:07:18:15 -0700] "GET /robots.txt HTTP/1.1" 200 377 "-" "Mozilla/5.0 (compatible; SeznamBot/3.2; +http://napoveda.seznam.cz/en/seznambot-intro/)" 
77.75.78.171 - - [16/Jun/2021:07:18:16 -0700] "GET /Datasets%20Description/Network/http.html HTTP/1.1" 304 277 "-" "Mozilla/5.0 (compatible; SeznamBot/3.2; +http://napoveda.seznam.cz/en/seznambot-intro/)" 
85.208.98.51 - - [16/Jun/2021:07:20:24 -0700] "GET /robots.txt HTTP/1.1" 301 439 "-" "Mozilla/5.0 (compatible; SemrushBot-BM/1.0; +http://www.semrush.com/bot.html)" 
40.77.167.80 - - [16/Jun/2021:07:20:44 -0700] "GET /self.logs/error.log.2020-03-02 HTTP/1.1" 301 535 "-" "Mozilla/5.0 (compatible; bingbot/2.0; +http://www.bing.com/bingbot.htm)" 
114.119.141.53 - - [16/Jun/2021:07:22:31 -0700] "GET /self.logs/error.log.2017-10-09.gz HTTP/1.1" 200 3330 "-" "Mozilla/5.0 (Linux; Android 7.0;) AppleWebKit/537.36 (KHTML, like Gecko) Mobile Safari/537.36 (compatible; PetalBot;+https://webmaster.petalsearch.com/site/petalbot)" 
40.77.167.12 - - [16/Jun/2021:07:28:38 -0700] "GET /self.logs/error.log.2021-05-20.gz HTTP/1.1" 200 10729 "-" "Mozilla/5.0 (compatible; bingbot/2.0; +http://www.bing.com/bingbot.htm)" 
114.119.150.248 - - [16/Jun/2021:07:28:57 -0700] "GET /self.logs/access.log.2019-09-05.gz HTTP/1.1" 200 24526 "-" "Mozilla/5.0 (Linux; Android 7.0;) AppleWebKit/537.36 (KHTML, like Gecko) Mobile Safari/537.36 (compatible; PetalBot;+https://webmaster.petalsearch.com/site/petalbot)" 
118.184.177.37 - - [16/Jun/2021:07:36:19 -0700] "GET / HTTP/1.1" 301 438 "-" "Sogou web spider/4.0(+http://www.sogou.com/docs/help/webmasters.htm#07)" 
106.38.241.144 - - [16/Jun/2021:07:36:41 -0700] "GET / HTTP/1.1" 200 12846 "-" "Sogou web spider/4.0(+http://www.sogou.com/docs/help/webmasters.htm#07)" 
106.38.241.177 - - [16/Jun/2021:07:36:54 -0700] "GET / HTTP/1.1" 200 12846 "-" "Sogou web spider/4.0(+http://www.sogou.com/docs/help/webmasters.htm#07)" 
118.184.177.37 - - [16/Jun/2021:07:37:26 -0700] "GET / HTTP/1.1" 200 12846 "-" "Sogou web spider/4.0(+http://www.sogou.com/docs/help/webmasters.htm#07)" 
