180.120.23.61 - - [26/Dec/2023:06:50:19 -0800] "GET / HTTP/1.1" 200 13186 "-" "Mozilla/5.0 (Windows NT 10.0; Win64; x64) AppleWebKit/537.36 (KHTML, like Gecko) Chrome/97.0.4280.67 Safari/537.36 Edg/97.0.664.52" 
52.167.144.228 - - [26/Dec/2023:06:50:51 -0800] "GET /self.logs/error.log.2021-02-17.gz HTTP/1.1" 200 1035 "-" "Mozilla/5.0 AppleWebKit/537.36 (KHTML, like Gecko; compatible; bingbot/2.0; +http://www.bing.com/bingbot.htm) Chrome/116.0.1938.76 Safari/537.36" 
216.244.66.245 - - [26/Dec/2023:06:52:03 -0800] "GET /Datasets%20Description/HTML_Bro_log_2/dhcp.html HTTP/1.1" 200 4623 "-" "Mozilla/5.0 (compatible; DotBot/1.2; +https://opensiteexplorer.org/dotbot; help@moz.com)" 
216.244.66.245 - - [26/Dec/2023:06:52:07 -0800] "GET /self.logs/2016/error.log.2016-02-10.gz HTTP/1.1" 200 758 "-" "Mozilla/5.0 (compatible; DotBot/1.2; +https://opensiteexplorer.org/dotbot; help@moz.com)" 
216.244.66.245 - - [26/Dec/2023:06:52:11 -0800] "GET /self.logs/2016/error.log.2016-04-19.gz HTTP/1.1" 200 1061 "-" "Mozilla/5.0 (compatible; DotBot/1.2; +https://opensiteexplorer.org/dotbot; help@moz.com)" 
216.244.66.245 - - [26/Dec/2023:06:52:15 -0800] "GET /self.logs/2016/error.log.2016-04-20.gz HTTP/1.1" 200 836 "-" "Mozilla/5.0 (compatible; DotBot/1.2; +https://opensiteexplorer.org/dotbot; help@moz.com)" 
216.244.66.245 - - [26/Dec/2023:06:53:04 -0800] "GET /Datasets%20Description/HTML_Bro_log_3/packet_filter.html HTTP/1.1" 200 4151 "-" "Mozilla/5.0 (compatible; DotBot/1.2; +https://opensiteexplorer.org/dotbot; help@moz.com)" 
216.244.66.245 - - [26/Dec/2023:06:53:38 -0800] "GET /self.logs/2015/access.log.2015-05-07.gz HTTP/1.1" 200 6202 "-" "Mozilla/5.0 (compatible; DotBot/1.2; +https://opensiteexplorer.org/dotbot; help@moz.com)" 
216.244.66.245 - - [26/Dec/2023:06:54:09 -0800] "GET /self.logs/2015/access.log.2015-05-20.gz HTTP/1.1" 200 4910 "-" "Mozilla/5.0 (compatible; DotBot/1.2; +https://opensiteexplorer.org/dotbot; help@moz.com)" 
216.244.66.245 - - [26/Dec/2023:06:54:38 -0800] "GET /self.logs/2015/error.log.2015-01-20.gz HTTP/1.1" 200 1017 "-" "Mozilla/5.0 (compatible; DotBot/1.2; +https://opensiteexplorer.org/dotbot; help@moz.com)" 
216.244.66.245 - - [26/Dec/2023:06:55:06 -0800] "GET /self.logs/2015/error.log.2015-06-20.gz HTTP/1.1" 200 619 "-" "Mozilla/5.0 (compatible; DotBot/1.2; +https://opensiteexplorer.org/dotbot; help@moz.com)" 
216.244.66.245 - - [26/Dec/2023:06:55:33 -0800] "GET /self.logs/2015/error.log.2015-07-07.gz HTTP/1.1" 200 711 "-" "Mozilla/5.0 (compatible; DotBot/1.2; +https://opensiteexplorer.org/dotbot; help@moz.com)" 
216.244.66.245 - - [26/Dec/2023:06:55:58 -0800] "GET /self.logs/2015/error.log.2015-07-15.gz HTTP/1.1" 200 802 "-" "Mozilla/5.0 (compatible; DotBot/1.2; +https://opensiteexplorer.org/dotbot; help@moz.com)" 
216.244.66.245 - - [26/Dec/2023:06:56:23 -0800] "GET /self.logs/2015/error.log.2015-12-23.gz HTTP/1.1" 200 816 "-" "Mozilla/5.0 (compatible; DotBot/1.2; +https://opensiteexplorer.org/dotbot; help@moz.com)" 
61.147.21.51 - - [26/Dec/2023:06:56:42 -0800] "GET / HTTP/1.1" 200 13186 "-" "Dalvik/2.1.0 (Linux; U; Android 9.0; ZTE BA520 Build/MRA58K)" 
216.244.66.245 - - [26/Dec/2023:06:56:47 -0800] "GET /self.logs/2016/access.log.2016-04-30.gz HTTP/1.1" 200 7634 "-" "Mozilla/5.0 (compatible; DotBot/1.2; +https://opensiteexplorer.org/dotbot; help@moz.com)" 
216.244.66.245 - - [26/Dec/2023:06:57:12 -0800] "GET /self.logs/2016/access.log.2016-06-27.gz HTTP/1.1" 200 9118 "-" "Mozilla/5.0 (compatible; DotBot/1.2; +https://opensiteexplorer.org/dotbot; help@moz.com)" 
61.147.21.49 - - [26/Dec/2023:06:57:32 -0800] "GET /favicon.ico HTTP/1.1" 200 391 "-" "Dalvik/2.1.0 (Linux; U; Android 9.0; ZTE BA520 Build/MRA58K)" 
216.244.66.245 - - [26/Dec/2023:06:57:41 -0800] "GET /self.logs/2016/access.log.2016-07-27.gz HTTP/1.1" 200 15269 "-" "Mozilla/5.0 (compatible; DotBot/1.2; +https://opensiteexplorer.org/dotbot; help@moz.com)" 
61.147.15.65 - - [26/Dec/2023:06:57:41 -0800] "GET / HTTP/1.1" 200 13186 "-" "Dalvik/2.1.0 (Linux; U; Android 9.0; ZTE BA520 Build/MRA58K)" 
3.221.137.102 - - [26/Dec/2023:06:57:59 -0800] "GET /robots.txt HTTP/1.1" 301 495 "-" "amazon-kendra-customer-id-7ef387b590a0d017bc16c423aea2f621571da58fc7df8dcdd606efa762000bb4c50f08bf94cd1257be3c70d6f1976cb9" 
3.221.137.102 - - [26/Dec/2023:06:57:59 -0800] "GET /robots.txt HTTP/1.1" 200 377 "-" "amazon-kendra-customer-id-7ef387b590a0d017bc16c423aea2f621571da58fc7df8dcdd606efa762000bb4c50f08bf94cd1257be3c70d6f1976cb9" 
216.244.66.245 - - [26/Dec/2023:06:58:31 -0800] "GET /self.logs/2016/access.log.2016-07-29.gz HTTP/1.1" 200 6811 "-" "Mozilla/5.0 (compatible; DotBot/1.2; +https://opensiteexplorer.org/dotbot; help@moz.com)" 
216.244.66.245 - - [26/Dec/2023:06:59:03 -0800] "GET /self.logs/2016/error.log.2016-12-24.gz HTTP/1.1" 200 1037 "-" "Mozilla/5.0 (compatible; DotBot/1.2; +https://opensiteexplorer.org/dotbot; help@moz.com)" 
61.147.15.67 - - [26/Dec/2023:06:59:09 -0800] "GET /favicon.ico HTTP/1.1" 200 391 "-" "Dalvik/2.1.0 (Linux; U; Android 9.0; ZTE BA520 Build/MRA58K)" 
61.147.15.67 - - [26/Dec/2023:06:59:20 -0800] "GET / HTTP/1.1" 200 13186 "-" "Mozilla/5.0 (Macintosh; Intel Mac OS X 10_11) AppleWebKit/601.1.27 (KHTML, like Gecko) Chrome/47.0.2526.106 Safari/601.1.27" 
216.244.66.245 - - [26/Dec/2023:06:59:32 -0800] "GET /self.logs/2015/access.log.2015-02-23.gz HTTP/1.1" 200 10614 "-" "Mozilla/5.0 (compatible; DotBot/1.2; +https://opensiteexplorer.org/dotbot; help@moz.com)" 
216.244.66.245 - - [26/Dec/2023:07:00:09 -0800] "GET /self.logs/access.log.2017-05-14.gz HTTP/1.1" 200 35980 "-" "Mozilla/5.0 (compatible; DotBot/1.2; +https://opensiteexplorer.org/dotbot; help@moz.com)" 
58.49.151.47 - - [26/Dec/2023:07:00:45 -0800] "GET /data/captcha/captcha_bg1.gif HTTP/1.1" 404 328 "http://www.secrepo.com/data/captcha/captcha_bg1.gif" "Mozilla/5.0 (Windows NT 10.0; Win64; x64) AppleWebKit/537.36 (KHTML, like Gecko) Chrome/83.0.4103.61 Safari/537.36" 
216.244.66.245 - - [26/Dec/2023:07:00:46 -0800] "GET /self.logs/access.log.2017-06-12.gz HTTP/1.1" 200 23517 "-" "Mozilla/5.0 (compatible; DotBot/1.2; +https://opensiteexplorer.org/dotbot; help@moz.com)" 
58.49.151.47 - - [26/Dec/2023:07:00:47 -0800] "GET /api/goods.php HTTP/1.1" 404 328 "http://www.secrepo.com/api/goods.php" "Mozilla/5.0 (Windows NT 10.0; Win64; x64) AppleWebKit/537.36 (KHTML, like Gecko) Chrome/83.0.4103.61 Safari/537.36" 
58.49.151.47 - - [26/Dec/2023:07:00:48 -0800] "GET /includes/cls_sms.php HTTP/1.1" 404 328 "http://www.secrepo.com/includes/cls_sms.php" "Mozilla/5.0 (Windows NT 10.0; Win64; x64) AppleWebKit/537.36 (KHTML, like Gecko) Chrome/83.0.4103.61 Safari/537.36" 
216.244.66.245 - - [26/Dec/2023:07:01:25 -0800] "GET /self.logs/access.log.2018-05-15.gz HTTP/1.1" 200 45353 "-" "Mozilla/5.0 (compatible; DotBot/1.2; +https://opensiteexplorer.org/dotbot; help@moz.com)" 
216.244.66.245 - - [26/Dec/2023:07:02:15 -0800] "GET /self.logs/access.log.2018-09-21.gz HTTP/1.1" 200 44081 "-" "Mozilla/5.0 (compatible; DotBot/1.2; +https://opensiteexplorer.org/dotbot; help@moz.com)" 
216.244.66.245 - - [26/Dec/2023:07:02:46 -0800] "GET /self.logs/access.log.2019-07-27.gz HTTP/1.1" 200 24315 "-" "Mozilla/5.0 (compatible; DotBot/1.2; +https://opensiteexplorer.org/dotbot; help@moz.com)" 
216.244.66.245 - - [26/Dec/2023:07:03:15 -0800] "GET /self.logs/access.log.2019-10-31.gz HTTP/1.1" 200 29436 "-" "Mozilla/5.0 (compatible; DotBot/1.2; +https://opensiteexplorer.org/dotbot; help@moz.com)" 
216.244.66.245 - - [26/Dec/2023:07:04:06 -0800] "GET /self.logs/error.log.2020-06-16 HTTP/1.1" 200 307 "-" "Mozilla/5.0 (compatible; DotBot/1.2; +https://opensiteexplorer.org/dotbot; help@moz.com)" 
216.244.66.245 - - [26/Dec/2023:07:05:38 -0800] "GET /self.logs/error.log.2021-09-28.gz HTTP/1.1" 200 1334 "-" "Mozilla/5.0 (compatible; DotBot/1.2; +https://opensiteexplorer.org/dotbot; help@moz.com)" 
216.244.66.245 - - [26/Dec/2023:07:06:08 -0800] "GET /self.logs/error.log.2021-11-25.gz HTTP/1.1" 200 3109 "-" "Mozilla/5.0 (compatible; DotBot/1.2; +https://opensiteexplorer.org/dotbot; help@moz.com)" 
216.244.66.245 - - [26/Dec/2023:07:06:36 -0800] "GET /self.logs/error.log.2022-02-05.gz HTTP/1.1" 200 958 "-" "Mozilla/5.0 (compatible; DotBot/1.2; +https://opensiteexplorer.org/dotbot; help@moz.com)" 
216.244.66.245 - - [26/Dec/2023:07:07:03 -0800] "GET /self.logs/error.log.2022-04-29.gz HTTP/1.1" 200 4950 "-" "Mozilla/5.0 (compatible; DotBot/1.2; +https://opensiteexplorer.org/dotbot; help@moz.com)" 
216.244.66.245 - - [26/Dec/2023:07:07:30 -0800] "GET /self.logs/error.log.2022-07-24.gz HTTP/1.1" 200 3253 "-" "Mozilla/5.0 (compatible; DotBot/1.2; +https://opensiteexplorer.org/dotbot; help@moz.com)" 
216.244.66.245 - - [26/Dec/2023:07:07:55 -0800] "GET /self.logs/access.log.2018-03-31.gz HTTP/1.1" 200 16097 "-" "Mozilla/5.0 (compatible; DotBot/1.2; +https://opensiteexplorer.org/dotbot; help@moz.com)" 
216.244.66.245 - - [26/Dec/2023:07:08:46 -0800] "GET /self.logs/access.log.2020-10-30.gz HTTP/1.1" 200 55084 "-" "Mozilla/5.0 (compatible; DotBot/1.2; +https://opensiteexplorer.org/dotbot; help@moz.com)" 
216.244.66.245 - - [26/Dec/2023:07:09:37 -0800] "GET /self.logs/error.log.2018-08-25.gz HTTP/1.1" 200 6893 "-" "Mozilla/5.0 (compatible; DotBot/1.2; +https://opensiteexplorer.org/dotbot; help@moz.com)" 
216.244.66.245 - - [26/Dec/2023:07:10:09 -0800] "GET /self.logs/error.log.2019-04-26.gz HTTP/1.1" 200 4727 "-" "Mozilla/5.0 (compatible; DotBot/1.2; +https://opensiteexplorer.org/dotbot; help@moz.com)" 
216.244.66.245 - - [26/Dec/2023:07:10:40 -0800] "GET /self.logs/error.log.2019-08-23.gz HTTP/1.1" 200 1406 "-" "Mozilla/5.0 (compatible; DotBot/1.2; +https://opensiteexplorer.org/dotbot; help@moz.com)" 
216.244.66.245 - - [26/Dec/2023:07:11:08 -0800] "GET /self.logs/error.log.2019-10-15.gz HTTP/1.1" 200 935 "-" "Mozilla/5.0 (compatible; DotBot/1.2; +https://opensiteexplorer.org/dotbot; help@moz.com)" 
216.244.66.245 - - [26/Dec/2023:07:11:34 -0800] "GET /self.logs/error.log.2019-11-04.gz HTTP/1.1" 200 1027 "-" "Mozilla/5.0 (compatible; DotBot/1.2; +https://opensiteexplorer.org/dotbot; help@moz.com)" 
216.244.66.245 - - [26/Dec/2023:07:12:01 -0800] "GET /self.logs/access.log.2023-03-20.gz HTTP/1.1" 200 13455 "-" "Mozilla/5.0 (compatible; DotBot/1.2; +https://opensiteexplorer.org/dotbot; help@moz.com)" 
104.168.22.208 - - [26/Dec/2023:07:15:58 -0800] "GET /auth.log/auth.log.gz HTTP/1.1" 200 615642 "-" "Mozilla/5.0 (X11; Ubuntu; Linux x86_64; rv:121.0) Gecko/20100101 Firefox/121.0" 
104.168.22.208 - - [26/Dec/2023:07:18:11 -0800] "GET /auth.log/auth.log.gz HTTP/1.1" 200 615642 "-" "Mozilla/5.0 (X11; Ubuntu; Linux x86_64; rv:121.0) Gecko/20100101 Firefox/121.0" 
104.168.22.208 - - [26/Dec/2023:07:18:40 -0800] "GET /auth.log/auth.log.gz HTTP/1.1" 200 615642 "-" "Mozilla/5.0 (X11; Ubuntu; Linux x86_64; rv:121.0) Gecko/20100101 Firefox/121.0" 
104.168.22.208 - - [26/Dec/2023:07:18:53 -0800] "GET /auth.log HTTP/1.1" 301 524 "-" "Mozilla/5.0 (X11; Ubuntu; Linux x86_64; rv:121.0) Gecko/20100101 Firefox/121.0" 
104.168.22.208 - - [26/Dec/2023:07:18:53 -0800] "GET /auth.log/ HTTP/1.1" 200 590 "-" "Mozilla/5.0 (X11; Ubuntu; Linux x86_64; rv:121.0) Gecko/20100101 Firefox/121.0" 
104.168.22.208 - - [26/Dec/2023:07:18:54 -0800] "GET /favicon.ico HTTP/1.1" 200 354 "http://www.secrepo.com/auth.log/" "Mozilla/5.0 (X11; Ubuntu; Linux x86_64; rv:121.0) Gecko/20100101 Firefox/121.0" 
104.168.22.208 - - [26/Dec/2023:07:18:57 -0800] "GET /auth.log/auth.log.gz HTTP/1.1" 200 615642 "http://www.secrepo.com/auth.log/" "Mozilla/5.0 (X11; Ubuntu; Linux x86_64; rv:121.0) Gecko/20100101 Firefox/121.0" 
216.244.66.245 - - [26/Dec/2023:07:30:22 -0800] "GET /robots.txt HTTP/1.1" 200 333 "-" "Mozilla/5.0 (compatible; DotBot/1.2; +https://opensiteexplorer.org/dotbot; help@moz.com)" 
216.244.66.245 - - [26/Dec/2023:07:42:47 -0800] "GET /robots.txt HTTP/1.1" 200 333 "-" "Mozilla/5.0 (compatible; DotBot/1.2; +https://opensiteexplorer.org/dotbot; help@moz.com)" 
216.244.66.245 - - [26/Dec/2023:07:45:10 -0800] "GET /self.logs/2016/error.log.2016-04-11.gz HTTP/1.1" 200 1003 "-" "Mozilla/5.0 (compatible; DotBot/1.2; +https://opensiteexplorer.org/dotbot; help@moz.com)" 
216.244.66.245 - - [26/Dec/2023:07:45:57 -0800] "GET /self.logs/2015/access.log.2015-03-27.gz HTTP/1.1" 200 4071 "-" "Mozilla/5.0 (compatible; DotBot/1.2; +https://opensiteexplorer.org/dotbot; help@moz.com)" 
216.244.66.245 - - [26/Dec/2023:07:46:04 -0800] "GET /self.logs/2015/access.log.2015-06-27.gz HTTP/1.1" 200 5580 "-" "Mozilla/5.0 (compatible; DotBot/1.2; +https://opensiteexplorer.org/dotbot; help@moz.com)" 
216.244.66.245 - - [26/Dec/2023:07:46:08 -0800] "GET /self.logs/2015/access.log.2015-09-07.gz HTTP/1.1" 200 4100 "-" "Mozilla/5.0 (compatible; DotBot/1.2; +https://opensiteexplorer.org/dotbot; help@moz.com)" 
216.244.66.245 - - [26/Dec/2023:07:46:14 -0800] "GET /self.logs/2015/error.log.2015-03-11.gz HTTP/1.1" 200 744 "-" "Mozilla/5.0 (compatible; DotBot/1.2; +https://opensiteexplorer.org/dotbot; help@moz.com)" 
216.244.66.245 - - [26/Dec/2023:07:46:24 -0800] "GET /self.logs/2015/error.log.2015-03-31.gz HTTP/1.1" 200 1233 "-" "Mozilla/5.0 (compatible; DotBot/1.2; +https://opensiteexplorer.org/dotbot; help@moz.com)" 
216.244.66.245 - - [26/Dec/2023:07:46:31 -0800] "GET /self.logs/2015/error.log.2015-10-04.gz HTTP/1.1" 200 987 "-" "Mozilla/5.0 (compatible; DotBot/1.2; +https://opensiteexplorer.org/dotbot; help@moz.com)" 
216.244.66.245 - - [26/Dec/2023:07:46:38 -0800] "GET /self.logs/2016/access.log.2016-02-20.gz HTTP/1.1" 200 10137 "-" "Mozilla/5.0 (compatible; DotBot/1.2; +https://opensiteexplorer.org/dotbot; help@moz.com)" 
216.244.66.245 - - [26/Dec/2023:07:46:43 -0800] "GET /self.logs/2016/access.log.2016-05-11.gz HTTP/1.1" 200 18386 "-" "Mozilla/5.0 (compatible; DotBot/1.2; +https://opensiteexplorer.org/dotbot; help@moz.com)" 
52.167.144.223 - - [26/Dec/2023:07:47:01 -0800] "GET /self.logs/error.log.2023-06-24.gz HTTP/1.1" 200 872 "-" "Mozilla/5.0 AppleWebKit/537.36 (KHTML, like Gecko; compatible; bingbot/2.0; +http://www.bing.com/bingbot.htm) Chrome/116.0.1938.76 Safari/537.36" 
216.244.66.245 - - [26/Dec/2023:07:47:08 -0800] "GET /self.logs/2016/access.log.2016-07-15.gz HTTP/1.1" 200 12212 "-" "Mozilla/5.0 (compatible; DotBot/1.2; +https://opensiteexplorer.org/dotbot; help@moz.com)" 
216.244.66.245 - - [26/Dec/2023:07:47:27 -0800] "GET /self.logs/2016/access.log.2016-07-24.gz HTTP/1.1" 200 6399 "-" "Mozilla/5.0 (compatible; DotBot/1.2; +https://opensiteexplorer.org/dotbot; help@moz.com)" 
216.244.66.245 - - [26/Dec/2023:07:47:45 -0800] "GET /self.logs/2016/access.log.2016-08-12.gz HTTP/1.1" 200 16518 "-" "Mozilla/5.0 (compatible; DotBot/1.2; +https://opensiteexplorer.org/dotbot; help@moz.com)" 
216.244.66.245 - - [26/Dec/2023:07:48:03 -0800] "GET /self.logs/2016/error.log.2016-08-18.gz HTTP/1.1" 200 658 "-" "Mozilla/5.0 (compatible; DotBot/1.2; +https://opensiteexplorer.org/dotbot; help@moz.com)" 
216.244.66.245 - - [26/Dec/2023:07:48:20 -0800] "GET /self.logs/2016/error.log.2016-11-09.gz HTTP/1.1" 200 726 "-" "Mozilla/5.0 (compatible; DotBot/1.2; +https://opensiteexplorer.org/dotbot; help@moz.com)" 
216.244.66.245 - - [26/Dec/2023:07:48:35 -0800] "GET /self.logs/2016/error.log.2016-11-22.gz HTTP/1.1" 200 1374 "-" "Mozilla/5.0 (compatible; DotBot/1.2; +https://opensiteexplorer.org/dotbot; help@moz.com)" 
40.77.167.48 - - [26/Dec/2023:07:48:45 -0800] "GET /self.logs/access.log.2023-06-15.gz HTTP/1.1" 200 13988 "-" "Mozilla/5.0 AppleWebKit/537.36 (KHTML, like Gecko; compatible; bingbot/2.0; +http://www.bing.com/bingbot.htm) Chrome/116.0.1938.76 Safari/537.36" 
216.244.66.245 - - [26/Dec/2023:07:48:49 -0800] "GET /self.logs/access.log.2017-01-06.gz HTTP/1.1" 200 20579 "-" "Mozilla/5.0 (compatible; DotBot/1.2; +https://opensiteexplorer.org/dotbot; help@moz.com)" 
216.244.66.245 - - [26/Dec/2023:07:49:04 -0800] "GET /self.logs/2015/access.log.2015-01-28.gz HTTP/1.1" 200 2148 "-" "Mozilla/5.0 (compatible; DotBot/1.2; +https://opensiteexplorer.org/dotbot; help@moz.com)" 
216.244.66.245 - - [26/Dec/2023:07:49:18 -0800] "GET /self.logs/2015/access.log.2015-02-26.gz HTTP/1.1" 200 3613 "-" "Mozilla/5.0 (compatible; DotBot/1.2; +https://opensiteexplorer.org/dotbot; help@moz.com)" 
216.244.66.245 - - [26/Dec/2023:07:49:29 -0800] "GET /self.logs/2016/access.log.2016-08-21.gz HTTP/1.1" 200 7835 "-" "Mozilla/5.0 (compatible; DotBot/1.2; +https://opensiteexplorer.org/dotbot; help@moz.com)" 
216.244.66.245 - - [26/Dec/2023:07:49:39 -0800] "GET /self.logs/access.log.2018-05-14.gz HTTP/1.1" 200 21430 "-" "Mozilla/5.0 (compatible; DotBot/1.2; +https://opensiteexplorer.org/dotbot; help@moz.com)" 
216.244.66.245 - - [26/Dec/2023:07:50:19 -0800] "GET /self.logs/access.log.2018-05-29.gz HTTP/1.1" 200 33542 "-" "Mozilla/5.0 (compatible; DotBot/1.2; +https://opensiteexplorer.org/dotbot; help@moz.com)" 
216.244.66.245 - - [26/Dec/2023:07:50:43 -0800] "GET /self.logs/access.log.2018-06-19.gz HTTP/1.1" 200 25763 "-" "Mozilla/5.0 (compatible; DotBot/1.2; +https://opensiteexplorer.org/dotbot; help@moz.com)" 
216.244.66.245 - - [26/Dec/2023:07:51:33 -0800] "GET /self.logs/access.log.2018-09-20.gz HTTP/1.1" 200 27034 "-" "Mozilla/5.0 (compatible; DotBot/1.2; +https://opensiteexplorer.org/dotbot; help@moz.com)" 
216.244.66.245 - - [26/Dec/2023:07:52:24 -0800] "GET /self.logs/access.log.2019-02-19.gz HTTP/1.1" 200 22970 "-" "Mozilla/5.0 (compatible; DotBot/1.2; +https://opensiteexplorer.org/dotbot; help@moz.com)" 
216.244.66.245 - - [26/Dec/2023:07:52:55 -0800] "GET /self.logs/access.log.2019-04-08.gz HTTP/1.1" 200 26299 "-" "Mozilla/5.0 (compatible; DotBot/1.2; +https://opensiteexplorer.org/dotbot; help@moz.com)" 
216.244.66.245 - - [26/Dec/2023:07:53:25 -0800] "GET /self.logs/access.log.2019-12-06.gz HTTP/1.1" 200 113656 "-" "Mozilla/5.0 (compatible; DotBot/1.2; +https://opensiteexplorer.org/dotbot; help@moz.com)" 
216.244.66.245 - - [26/Dec/2023:07:54:11 -0800] "GET /self.logs/access.log.2019-12-10.gz HTTP/1.1" 200 31759 "-" "Mozilla/5.0 (compatible; DotBot/1.2; +https://opensiteexplorer.org/dotbot; help@moz.com)" 
216.244.66.245 - - [26/Dec/2023:07:54:40 -0800] "GET /self.logs/error.log.2023-04-23.gz HTTP/1.1" 200 2574 "-" "Mozilla/5.0 (compatible; DotBot/1.2; +https://opensiteexplorer.org/dotbot; help@moz.com)" 
216.244.66.245 - - [26/Dec/2023:07:55:10 -0800] "GET /self.logs/error.log.2020-03-10 HTTP/1.1" 200 307 "-" "Mozilla/5.0 (compatible; DotBot/1.2; +https://opensiteexplorer.org/dotbot; help@moz.com)" 
216.244.66.245 - - [26/Dec/2023:07:56:31 -0800] "GET /self.logs/error.log.2021-12-14.gz HTTP/1.1" 200 1048 "-" "Mozilla/5.0 (compatible; DotBot/1.2; +https://opensiteexplorer.org/dotbot; help@moz.com)" 
216.244.66.245 - - [26/Dec/2023:07:57:02 -0800] "GET /self.logs/error.log.2022-03-20 HTTP/1.1" 200 307 "-" "Mozilla/5.0 (compatible; DotBot/1.2; +https://opensiteexplorer.org/dotbot; help@moz.com)" 
18.208.49.247 - - [26/Dec/2023:07:57:08 -0800] "GET /robots.txt HTTP/1.1" 301 495 "-" "amazon-kendra-customer-id-7ef387b590a0d017bc16c423aea2f621571da58fc7df8dcdd606efa762000bb4c50f08bf94cd1257be3c70d6f1976cb9" 
18.208.49.247 - - [26/Dec/2023:07:57:08 -0800] "GET /robots.txt HTTP/1.1" 200 377 "-" "amazon-kendra-customer-id-7ef387b590a0d017bc16c423aea2f621571da58fc7df8dcdd606efa762000bb4c50f08bf94cd1257be3c70d6f1976cb9" 
216.244.66.245 - - [26/Dec/2023:07:57:33 -0800] "GET /self.logs/error.log.2023-01-02.gz HTTP/1.1" 200 996 "-" "Mozilla/5.0 (compatible; DotBot/1.2; +https://opensiteexplorer.org/dotbot; help@moz.com)" 
216.244.66.245 - - [26/Dec/2023:07:58:01 -0800] "GET /self.logs/error.log.2023-02-04.gz HTTP/1.1" 200 2867 "-" "Mozilla/5.0 (compatible; DotBot/1.2; +https://opensiteexplorer.org/dotbot; help@moz.com)" 
114.119.150.227 - - [26/Dec/2023:07:58:25 -0800] "GET /Datasets%20Description/HTML_Bro_log_2 HTTP/1.1" 301 619 "http://www.secrepo.com/" "Mozilla/5.0 (Linux; Android 7.0;) AppleWebKit/537.36 (KHTML, like Gecko) Mobile Safari/537.36 (compatible; PetalBot;+https://webmaster.petalsearch.com/site/petalbot)" 
216.244.66.245 - - [26/Dec/2023:07:58:27 -0800] "GET /self.logs/access.log.2017-12-22.gz HTTP/1.1" 200 19211 "-" "Mozilla/5.0 (compatible; DotBot/1.2; +https://opensiteexplorer.org/dotbot; help@moz.com)" 
114.119.150.227 - - [26/Dec/2023:07:58:28 -0800] "GET /Datasets%20Description/HTML_Bro_log_2/ HTTP/1.1" 200 809 "http://www.secrepo.com/" "Mozilla/5.0 (Linux; Android 7.0;) AppleWebKit/537.36 (KHTML, like Gecko) Mobile Safari/537.36 (compatible; PetalBot;+https://webmaster.petalsearch.com/site/petalbot)" 
17.241.75.132 - - [26/Dec/2023:07:59:17 -0800] "GET /robots.txt HTTP/1.1" 200 333 "-" "Mozilla/5.0 (Macintosh; Intel Mac OS X 10_15_5) AppleWebKit/605.1.15 (KHTML, like Gecko) Version/13.1.1 Safari/605.1.15 (Applebot/0.1; +http://www.apple.com/go/applebot)" 
17.241.75.132 - - [26/Dec/2023:07:59:17 -0800] "GET /self.logs/?C=S;O=A HTTP/1.1" 200 56882 "-" "Mozilla/5.0 (Macintosh; Intel Mac OS X 10_15_5) AppleWebKit/605.1.15 (KHTML, like Gecko) Version/13.1.1 Safari/605.1.15 (Applebot/0.1; +http://www.apple.com/go/applebot)" 
216.244.66.245 - - [26/Dec/2023:07:59:40 -0800] "GET /self.logs/access.log.2019-02-03.gz HTTP/1.1" 200 13592 "-" "Mozilla/5.0 (compatible; DotBot/1.2; +https://opensiteexplorer.org/dotbot; help@moz.com)" 
216.244.66.245 - - [26/Dec/2023:08:00:21 -0800] "GET /self.logs/access.log.2019-09-08.gz HTTP/1.1" 200 19591 "-" "Mozilla/5.0 (compatible; DotBot/1.2; +https://opensiteexplorer.org/dotbot; help@moz.com)" 
216.83.52.5 - - [26/Dec/2023:08:00:29 -0800] "GET / HTTP/1.1" 200 13185 "-" "Mozilla/5.0 (Windows NT 10.0; Win64; x64) AppleWebKit/537.36 (KHTML, like Gecko) Chrome/97.0.4280.67 Safari/537.36 Edg/97.0.664.52" 
216.244.66.245 - - [26/Dec/2023:08:00:56 -0800] "GET /self.logs/access.log.2020-06-26.gz HTTP/1.1" 200 37874 "-" "Mozilla/5.0 (compatible; DotBot/1.2; +https://opensiteexplorer.org/dotbot; help@moz.com)" 
216.244.66.245 - - [26/Dec/2023:08:01:30 -0800] "GET /self.logs/access.log.2021-06-10.gz HTTP/1.1" 200 21438 "-" "Mozilla/5.0 (compatible; DotBot/1.2; +https://opensiteexplorer.org/dotbot; help@moz.com)" 
216.244.66.245 - - [26/Dec/2023:08:01:57 -0800] "GET /self.logs/error.log.2017-01-27.gz HTTP/1.1" 200 1727 "-" "Mozilla/5.0 (compatible; DotBot/1.2; +https://opensiteexplorer.org/dotbot; help@moz.com)" 
216.244.66.245 - - [26/Dec/2023:08:02:35 -0800] "GET /self.logs/error.log.2018-06-10.gz HTTP/1.1" 200 8088 "-" "Mozilla/5.0 (compatible; DotBot/1.2; +https://opensiteexplorer.org/dotbot; help@moz.com)" 
216.244.66.245 - - [26/Dec/2023:08:03:17 -0800] "GET /self.logs/error.log.2018-06-30.gz HTTP/1.1" 200 5311 "-" "Mozilla/5.0 (compatible; DotBot/1.2; +https://opensiteexplorer.org/dotbot; help@moz.com)" 
216.244.66.245 - - [26/Dec/2023:08:03:52 -0800] "GET /self.logs/error.log.2018-07-04.gz HTTP/1.1" 200 6749 "-" "Mozilla/5.0 (compatible; DotBot/1.2; +https://opensiteexplorer.org/dotbot; help@moz.com)" 
216.244.66.245 - - [26/Dec/2023:08:04:20 -0800] "GET /self.logs/error.log.2018-07-26.gz HTTP/1.1" 200 6070 "-" "Mozilla/5.0 (compatible; DotBot/1.2; +https://opensiteexplorer.org/dotbot; help@moz.com)" 
216.244.66.245 - - [26/Dec/2023:08:04:47 -0800] "GET /self.logs/error.log.2018-09-27.gz HTTP/1.1" 200 9652 "-" "Mozilla/5.0 (compatible; DotBot/1.2; +https://opensiteexplorer.org/dotbot; help@moz.com)" 
216.244.66.245 - - [26/Dec/2023:08:05:36 -0800] "GET /self.logs/error.log.2018-11-08.gz HTTP/1.1" 200 4435 "-" "Mozilla/5.0 (compatible; DotBot/1.2; +https://opensiteexplorer.org/dotbot; help@moz.com)" 
216.244.66.245 - - [26/Dec/2023:08:06:08 -0800] "GET /self.logs/error.log.2018-12-10.gz HTTP/1.1" 200 4175 "-" "Mozilla/5.0 (compatible; DotBot/1.2; +https://opensiteexplorer.org/dotbot; help@moz.com)" 
216.244.66.245 - - [26/Dec/2023:08:06:38 -0800] "GET /self.logs/error.log.2019-02-18.gz HTTP/1.1" 200 6199 "-" "Mozilla/5.0 (compatible; DotBot/1.2; +https://opensiteexplorer.org/dotbot; help@moz.com)" 
216.244.66.245 - - [26/Dec/2023:08:07:09 -0800] "GET /self.logs/error.log.2019-07-26.gz HTTP/1.1" 200 1557 "-" "Mozilla/5.0 (compatible; DotBot/1.2; +https://opensiteexplorer.org/dotbot; help@moz.com)" 
216.244.66.245 - - [26/Dec/2023:08:07:41 -0800] "GET /self.logs/error.log.2019-08-19.gz HTTP/1.1" 200 1276 "-" "Mozilla/5.0 (compatible; DotBot/1.2; +https://opensiteexplorer.org/dotbot; help@moz.com)" 
216.244.66.245 - - [26/Dec/2023:08:08:07 -0800] "GET /self.logs/error.log.2019-12-17.gz HTTP/1.1" 200 893 "-" "Mozilla/5.0 (compatible; DotBot/1.2; +https://opensiteexplorer.org/dotbot; help@moz.com)" 
52.167.144.140 - - [26/Dec/2023:08:09:33 -0800] "GET /self.logs/error.log.2019-12-17.gz HTTP/1.1" 200 893 "-" "Mozilla/5.0 AppleWebKit/537.36 (KHTML, like Gecko; compatible; bingbot/2.0; +http://www.bing.com/bingbot.htm) Chrome/116.0.1938.76 Safari/537.36" 
216.244.66.245 - - [26/Dec/2023:08:13:57 -0800] "GET /self.logs/access.log.2020-06-28.gz HTTP/1.1" 200 12268 "-" "Mozilla/5.0 (compatible; DotBot/1.2; +https://opensiteexplorer.org/dotbot; help@moz.com)" 
216.244.66.245 - - [26/Dec/2023:08:14:26 -0800] "GET /self.logs/access.log.2020-10-31.gz HTTP/1.1" 200 11713 "-" "Mozilla/5.0 (compatible; DotBot/1.2; +https://opensiteexplorer.org/dotbot; help@moz.com)" 
27.124.41.145 - - [26/Dec/2023:08:43:26 -0800] "GET / HTTP/1.1" 200 13185 "-" "Mozilla/5.0 (Windows NT 10.0; Win64; x64) AppleWebKit/537.36 (KHTML, like Gecko) Chrome/97.0.4280.67 Safari/537.36 Edg/97.0.664.52" 
216.244.66.245 - - [26/Dec/2023:08:49:03 -0800] "GET /robots.txt HTTP/1.1" 200 333 "-" "Mozilla/5.0 (compatible; DotBot/1.2; +https://opensiteexplorer.org/dotbot; help@moz.com)" 
52.167.144.167 - - [26/Dec/2023:08:52:40 -0800] "GET /self.logs/error.log.2022-08-03.gz HTTP/1.1" 200 1045 "-" "Mozilla/5.0 AppleWebKit/537.36 (KHTML, like Gecko; compatible; bingbot/2.0; +http://www.bing.com/bingbot.htm) Chrome/116.0.1938.76 Safari/537.36" 
14.116.221.189 - - [26/Dec/2023:08:56:19 -0800] "GET / HTTP/1.1" 301 419 "https://www.baidu.com/link" "Mozilla/5.0 (X11; Linux x86_64) AppleWebKit/537.36 (KHTML, like Gecko) Chrome/83.0.4103.106 Safari/537.36" 
14.116.221.189 - - [26/Dec/2023:08:56:20 -0800] "GET / HTTP/1.1" 200 13142 "https://www.baidu.com/link" "Mozilla/5.0 (X11; Linux x86_64) AppleWebKit/537.36 (KHTML, like Gecko) Chrome/83.0.4103.106 Safari/537.36" 
18.208.49.247 - - [26/Dec/2023:08:57:24 -0800] "GET /robots.txt HTTP/1.1" 301 495 "-" "amazon-kendra-customer-id-7ef387b590a0d017bc16c423aea2f621571da58fc7df8dcdd606efa762000bb4c50f08bf94cd1257be3c70d6f1976cb9" 
18.208.49.247 - - [26/Dec/2023:08:57:24 -0800] "GET /robots.txt HTTP/1.1" 200 377 "-" "amazon-kendra-customer-id-7ef387b590a0d017bc16c423aea2f621571da58fc7df8dcdd606efa762000bb4c50f08bf94cd1257be3c70d6f1976cb9" 
216.244.66.245 - - [26/Dec/2023:09:04:25 -0800] "GET /self.logs/2016/error.log.2016-02-19.gz HTTP/1.1" 200 627 "-" "Mozilla/5.0 (compatible; DotBot/1.2; +https://opensiteexplorer.org/dotbot; help@moz.com)" 
216.244.66.245 - - [26/Dec/2023:09:05:12 -0800] "GET /self.logs/2015/access.log.2015-10-19.gz HTTP/1.1" 200 14363 "-" "Mozilla/5.0 (compatible; DotBot/1.2; +https://opensiteexplorer.org/dotbot; help@moz.com)" 
52.167.144.189 - - [26/Dec/2023:09:05:19 -0800] "GET /self.logs/error.log.2021-09-30.gz HTTP/1.1" 200 2582 "-" "Mozilla/5.0 AppleWebKit/537.36 (KHTML, like Gecko; compatible; bingbot/2.0; +http://www.bing.com/bingbot.htm) Chrome/116.0.1938.76 Safari/537.36" 
216.244.66.245 - - [26/Dec/2023:09:05:36 -0800] "GET /self.logs/2015/error.log.2015-04-18.gz HTTP/1.1" 200 1126 "-" "Mozilla/5.0 (compatible; DotBot/1.2; +https://opensiteexplorer.org/dotbot; help@moz.com)" 
216.244.66.245 - - [26/Dec/2023:09:05:58 -0800] "GET /self.logs/2015/error.log.2015-09-07.gz HTTP/1.1" 200 735 "-" "Mozilla/5.0 (compatible; DotBot/1.2; +https://opensiteexplorer.org/dotbot; help@moz.com)" 
216.244.66.245 - - [26/Dec/2023:09:06:18 -0800] "GET /self.logs/2015/error.log.2015-10-05.gz HTTP/1.1" 200 662 "-" "Mozilla/5.0 (compatible; DotBot/1.2; +https://opensiteexplorer.org/dotbot; help@moz.com)" 
216.244.66.245 - - [26/Dec/2023:09:06:41 -0800] "GET /self.logs/2016/access.log.2016-01-01.gz HTTP/1.1" 200 5514 "-" "Mozilla/5.0 (compatible; DotBot/1.2; +https://opensiteexplorer.org/dotbot; help@moz.com)" 
216.244.66.245 - - [26/Dec/2023:09:07:01 -0800] "GET /self.logs/2016/access.log.2016-02-05.gz HTTP/1.1" 200 5675 "-" "Mozilla/5.0 (compatible; DotBot/1.2; +https://opensiteexplorer.org/dotbot; help@moz.com)" 
216.244.66.245 - - [26/Dec/2023:09:07:18 -0800] "GET /self.logs/2016/access.log.2016-05-04.gz HTTP/1.1" 200 17129 "-" "Mozilla/5.0 (compatible; DotBot/1.2; +https://opensiteexplorer.org/dotbot; help@moz.com)" 
216.244.66.245 - - [26/Dec/2023:09:07:40 -0800] "GET /self.logs/2016/access.log.2016-06-24.gz HTTP/1.1" 200 8837 "-" "Mozilla/5.0 (compatible; DotBot/1.2; +https://opensiteexplorer.org/dotbot; help@moz.com)" 
52.167.144.189 - - [26/Dec/2023:09:07:41 -0800] "GET /self.logs/error.log.2021-07-02.gz HTTP/1.1" 200 8205 "-" "Mozilla/5.0 AppleWebKit/537.36 (KHTML, like Gecko; compatible; bingbot/2.0; +http://www.bing.com/bingbot.htm) Chrome/116.0.1938.76 Safari/537.36" 
216.244.66.245 - - [26/Dec/2023:09:07:55 -0800] "GET /self.logs/2016/access.log.2016-10-16.gz HTTP/1.1" 200 10698 "-" "Mozilla/5.0 (compatible; DotBot/1.2; +https://opensiteexplorer.org/dotbot; help@moz.com)" 
216.244.66.245 - - [26/Dec/2023:09:08:10 -0800] "GET /self.logs/2016/error.log.2016-09-14.gz HTTP/1.1" 200 808 "-" "Mozilla/5.0 (compatible; DotBot/1.2; +https://opensiteexplorer.org/dotbot; help@moz.com)" 
216.244.66.245 - - [26/Dec/2023:09:08:24 -0800] "GET /self.logs/2016/error.log.2016-10-29.gz HTTP/1.1" 200 575 "-" "Mozilla/5.0 (compatible; DotBot/1.2; +https://opensiteexplorer.org/dotbot; help@moz.com)" 
216.244.66.245 - - [26/Dec/2023:09:08:37 -0800] "GET /self.logs/2016/error.log.2016-11-08.gz HTTP/1.1" 200 828 "-" "Mozilla/5.0 (compatible; DotBot/1.2; +https://opensiteexplorer.org/dotbot; help@moz.com)" 
216.244.66.245 - - [26/Dec/2023:09:08:49 -0800] "GET /self.logs/2016/error.log.2016-12-26.gz HTTP/1.1" 200 946 "-" "Mozilla/5.0 (compatible; DotBot/1.2; +https://opensiteexplorer.org/dotbot; help@moz.com)" 
216.244.66.245 - - [26/Dec/2023:09:09:00 -0800] "GET /self.logs/2015/access.log.2015-02-13.gz HTTP/1.1" 200 15594 "-" "Mozilla/5.0 (compatible; DotBot/1.2; +https://opensiteexplorer.org/dotbot; help@moz.com)" 
216.244.66.245 - - [26/Dec/2023:09:09:11 -0800] "GET /self.logs/2016/access.log.2016-10-06.gz HTTP/1.1" 200 16000 "-" "Mozilla/5.0 (compatible; DotBot/1.2; +https://opensiteexplorer.org/dotbot; help@moz.com)" 
216.244.66.245 - - [26/Dec/2023:09:09:22 -0800] "GET /self.logs/access.log.2017-03-14.gz HTTP/1.1" 200 16506 "-" "Mozilla/5.0 (compatible; DotBot/1.2; +https://opensiteexplorer.org/dotbot; help@moz.com)" 
113.24.224.200 - - [26/Dec/2023:09:09:30 -0800] "GET / HTTP/1.1" 301 475 "http://www.baidu.com/s?wd=differ1mb" "Mozilla/5.0 (Windows NT 6.1; WOW64; rv:43.0) Gecko/20100101 Firefox/43.0" 
113.24.224.199 - - [26/Dec/2023:09:09:31 -0800] "GET / HTTP/1.1" 200 13186 "-" "Mozilla/5.0 (Windows NT 6.1; WOW64; rv:43.0) Gecko/20100101 Firefox/43.0" 
113.24.224.199 - - [26/Dec/2023:09:09:32 -0800] "GET /css/style.css HTTP/1.1" 404 305 "http://www.secrepo.com/" "Mozilla/5.0 (Windows NT 6.1; WOW64; rv:43.0) Gecko/20100101 Firefox/43.0" 
216.244.66.245 - - [26/Dec/2023:09:09:32 -0800] "GET /self.logs/access.log.2017-05-21.gz HTTP/1.1" 200 20196 "-" "Mozilla/5.0 (compatible; DotBot/1.2; +https://opensiteexplorer.org/dotbot; help@moz.com)" 
216.244.66.245 - - [26/Dec/2023:09:09:44 -0800] "GET /self.logs/access.log.2017-06-20.gz HTTP/1.1" 200 26784 "-" "Mozilla/5.0 (compatible; DotBot/1.2; +https://opensiteexplorer.org/dotbot; help@moz.com)" 
216.244.66.245 - - [26/Dec/2023:09:09:57 -0800] "GET /self.logs/access.log.2018-01-03.gz HTTP/1.1" 200 27817 "-" "Mozilla/5.0 (compatible; DotBot/1.2; +https://opensiteexplorer.org/dotbot; help@moz.com)" 
216.244.66.245 - - [26/Dec/2023:09:10:37 -0800] "GET /self.logs/access.log.2018-05-30.gz HTTP/1.1" 200 24251 "-" "Mozilla/5.0 (compatible; DotBot/1.2; +https://opensiteexplorer.org/dotbot; help@moz.com)" 
216.244.66.245 - - [26/Dec/2023:09:11:27 -0800] "GET /self.logs/access.log.2019-03-24.gz HTTP/1.1" 200 26108 "-" "Mozilla/5.0 (compatible; DotBot/1.2; +https://opensiteexplorer.org/dotbot; help@moz.com)" 
40.77.167.50 - - [26/Dec/2023:09:11:44 -0800] "GET /self.logs/error.log.2019-06-29.gz HTTP/1.1" 200 2041 "-" "Mozilla/5.0 AppleWebKit/537.36 (KHTML, like Gecko; compatible; bingbot/2.0; +http://www.bing.com/bingbot.htm) Chrome/116.0.1938.76 Safari/537.36" 
216.244.66.245 - - [26/Dec/2023:09:11:58 -0800] "GET /self.logs/access.log.2019-04-09.gz HTTP/1.1" 200 30636 "-" "Mozilla/5.0 (compatible; DotBot/1.2; +https://opensiteexplorer.org/dotbot; help@moz.com)" 
216.244.66.245 - - [26/Dec/2023:09:12:49 -0800] "GET /self.logs/error.log.2020-06-09 HTTP/1.1" 200 307 "-" "Mozilla/5.0 (compatible; DotBot/1.2; +https://opensiteexplorer.org/dotbot; help@moz.com)" 
216.244.66.245 - - [26/Dec/2023:09:13:18 -0800] "GET /self.logs/error.log.2020-07-11 HTTP/1.1" 200 307 "-" "Mozilla/5.0 (compatible; DotBot/1.2; +https://opensiteexplorer.org/dotbot; help@moz.com)" 
216.244.66.245 - - [26/Dec/2023:09:13:46 -0800] "GET /self.logs/error.log.2020-08-15 HTTP/1.1" 200 307 "-" "Mozilla/5.0 (compatible; DotBot/1.2; +https://opensiteexplorer.org/dotbot; help@moz.com)" 
216.244.66.245 - - [26/Dec/2023:09:14:15 -0800] "GET /self.logs/error.log.2023-03-06.gz HTTP/1.1" 200 1044 "-" "Mozilla/5.0 (compatible; DotBot/1.2; +https://opensiteexplorer.org/dotbot; help@moz.com)" 
216.244.66.245 - - [26/Dec/2023:09:14:42 -0800] "GET /self.logs/error.log.2023-04-10.gz HTTP/1.1" 200 1287 "-" "Mozilla/5.0 (compatible; DotBot/1.2; +https://opensiteexplorer.org/dotbot; help@moz.com)" 
114.115.133.143 - - [26/Dec/2023:09:14:43 -0800] "GET / HTTP/1.1" 200 13149 "-" "Mozilla/4.0 (compatible; MSIE 7.0; Windows NT 5.1; TencentTraveler ; EmbeddedWB 14.52 from: http://www.bsalsa.com/ EmbeddedWB 14.52; .NET CLR 2.0.50727; InfoPath.2; .NET CLR 3.0.04506.30; .NET CLR 3.0.04506.590; .NET CLR 3.0.04506.648; .NET CLR 3.5.21022)" 
114.115.133.143 - - [26/Dec/2023:09:14:44 -0800] "GET / HTTP/1.1" 200 13142 "-" "Mozilla/5.0 (Windows NT 6.1; WOW64) AppleWebKit/537.36 (KHTML, like Gecko) Chrome/50.0.2661.102 Safari/537.36" 
216.244.66.245 - - [26/Dec/2023:09:15:08 -0800] "GET /self.logs/error.log.2023-04-11.gz HTTP/1.1" 200 1649 "-" "Mozilla/5.0 (compatible; DotBot/1.2; +https://opensiteexplorer.org/dotbot; help@moz.com)" 
216.244.66.245 - - [26/Dec/2023:09:15:35 -0800] "GET /self.logs/error.log.2021-04-16.gz HTTP/1.1" 200 4591 "-" "Mozilla/5.0 (compatible; DotBot/1.2; +https://opensiteexplorer.org/dotbot; help@moz.com)" 
216.244.66.245 - - [26/Dec/2023:09:15:58 -0800] "GET /self.logs/error.log.2021-07-07.gz HTTP/1.1" 200 1008 "-" "Mozilla/5.0 (compatible; DotBot/1.2; +https://opensiteexplorer.org/dotbot; help@moz.com)" 
58.53.218.148 - - [26/Dec/2023:09:16:07 -0800] "GET / HTTP/1.1" 200 49089 "-" "Mozilla/5.0 (Windows NT 10.0; Win64; x64) AppleWebKit/537.36 (KHTML, like Gecko) Chrome/75.0.3770.100 Safari/537.36" 
216.244.66.245 - - [26/Dec/2023:09:16:21 -0800] "GET /self.logs/error.log.2021-08-06.gz HTTP/1.1" 200 4701 "-" "Mozilla/5.0 (compatible; DotBot/1.2; +https://opensiteexplorer.org/dotbot; help@moz.com)" 
216.244.66.245 - - [26/Dec/2023:09:16:44 -0800] "GET /self.logs/error.log.2021-08-16.gz HTTP/1.1" 200 552 "-" "Mozilla/5.0 (compatible; DotBot/1.2; +https://opensiteexplorer.org/dotbot; help@moz.com)" 
216.244.66.245 - - [26/Dec/2023:09:17:06 -0800] "GET /self.logs/error.log.2021-10-27.gz HTTP/1.1" 200 2521 "-" "Mozilla/5.0 (compatible; DotBot/1.2; +https://opensiteexplorer.org/dotbot; help@moz.com)" 
216.244.66.245 - - [26/Dec/2023:09:17:25 -0800] "GET /self.logs/error.log.2021-11-19 HTTP/1.1" 200 307 "-" "Mozilla/5.0 (compatible; DotBot/1.2; +https://opensiteexplorer.org/dotbot; help@moz.com)" 
69.167.41.203 - - [26/Dec/2023:09:17:37 -0800] "HEAD /wordpress HTTP/1.1" 404 265 "-" "Mozilla/5.0 (Windows NT 10.0; Win64; x64) AppleWebKit/537.36 (KHTML, like Gecko) Chrome/74.0.3729.169 Safari/537.36" 
69.167.41.203 - - [26/Dec/2023:09:17:38 -0800] "HEAD / HTTP/1.1" 200 318 "-" "Mozilla/5.0 (Windows NT 10.0; Win64; x64) AppleWebKit/537.36 (KHTML, like Gecko) Chrome/74.0.3729.169 Safari/537.36" 
69.167.41.203 - - [26/Dec/2023:09:17:38 -0800] "HEAD /wp HTTP/1.1" 404 231 "-" "Mozilla/5.0 (Windows NT 10.0; Win64; x64) AppleWebKit/537.36 (KHTML, like Gecko) Chrome/74.0.3729.169 Safari/537.36" 
69.167.41.203 - - [26/Dec/2023:09:17:38 -0800] "HEAD /bc HTTP/1.1" 404 231 "-" "Mozilla/5.0 (Windows NT 10.0; Win64; x64) AppleWebKit/537.36 (KHTML, like Gecko) Chrome/74.0.3729.169 Safari/537.36" 
69.167.41.203 - - [26/Dec/2023:09:17:38 -0800] "HEAD /bk HTTP/1.1" 404 231 "-" "Mozilla/5.0 (Windows NT 10.0; Win64; x64) AppleWebKit/537.36 (KHTML, like Gecko) Chrome/74.0.3729.169 Safari/537.36" 
69.167.41.203 - - [26/Dec/2023:09:17:38 -0800] "HEAD /backup HTTP/1.1" 404 231 "-" "Mozilla/5.0 (Windows NT 10.0; Win64; x64) AppleWebKit/537.36 (KHTML, like Gecko) Chrome/74.0.3729.169 Safari/537.36" 
69.167.41.203 - - [26/Dec/2023:09:17:39 -0800] "HEAD /old HTTP/1.1" 404 231 "-" "Mozilla/5.0 (Windows NT 10.0; Win64; x64) AppleWebKit/537.36 (KHTML, like Gecko) Chrome/74.0.3729.169 Safari/537.36" 
69.167.41.203 - - [26/Dec/2023:09:17:39 -0800] "HEAD /new HTTP/1.1" 404 231 "-" "Mozilla/5.0 (Windows NT 10.0; Win64; x64) AppleWebKit/537.36 (KHTML, like Gecko) Chrome/74.0.3729.169 Safari/537.36" 
69.167.41.203 - - [26/Dec/2023:09:17:39 -0800] "HEAD /main HTTP/1.1" 404 231 "-" "Mozilla/5.0 (Windows NT 10.0; Win64; x64) AppleWebKit/537.36 (KHTML, like Gecko) Chrome/74.0.3729.169 Safari/537.36" 
69.167.41.203 - - [26/Dec/2023:09:17:39 -0800] "HEAD /home HTTP/1.1" 404 231 "-" "Mozilla/5.0 (Windows NT 10.0; Win64; x64) AppleWebKit/537.36 (KHTML, like Gecko) Chrome/74.0.3729.169 Safari/537.36" 
216.244.66.245 - - [26/Dec/2023:09:17:44 -0800] "GET /self.logs/error.log.2022-02-21.gz HTTP/1.1" 200 3041 "-" "Mozilla/5.0 (compatible; DotBot/1.2; +https://opensiteexplorer.org/dotbot; help@moz.com)" 
216.244.66.245 - - [26/Dec/2023:09:18:01 -0800] "GET /self.logs/error.log.2022-03-02.gz HTTP/1.1" 200 1412 "-" "Mozilla/5.0 (compatible; DotBot/1.2; +https://opensiteexplorer.org/dotbot; help@moz.com)" 
216.244.66.245 - - [26/Dec/2023:09:18:19 -0800] "GET /self.logs/error.log.2022-05-02.gz HTTP/1.1" 200 11730 "-" "Mozilla/5.0 (compatible; DotBot/1.2; +https://opensiteexplorer.org/dotbot; help@moz.com)" 
216.244.66.245 - - [26/Dec/2023:09:18:34 -0800] "GET /self.logs/error.log.2022-10-18.gz HTTP/1.1" 200 1426 "-" "Mozilla/5.0 (compatible; DotBot/1.2; +https://opensiteexplorer.org/dotbot; help@moz.com)" 
216.244.66.245 - - [26/Dec/2023:09:18:48 -0800] "GET /self.logs/error.log.2022-11-11.gz HTTP/1.1" 200 4179 "-" "Mozilla/5.0 (compatible; DotBot/1.2; +https://opensiteexplorer.org/dotbot; help@moz.com)" 
216.244.66.245 - - [26/Dec/2023:09:19:04 -0800] "GET /self.logs/error.log.2022-12-28.gz HTTP/1.1" 200 1087 "-" "Mozilla/5.0 (compatible; DotBot/1.2; +https://opensiteexplorer.org/dotbot; help@moz.com)" 
216.244.66.245 - - [26/Dec/2023:09:19:18 -0800] "GET /self.logs/error.log.2023-02-18.gz HTTP/1.1" 200 1091 "-" "Mozilla/5.0 (compatible; DotBot/1.2; +https://opensiteexplorer.org/dotbot; help@moz.com)" 
216.244.66.245 - - [26/Dec/2023:09:19:30 -0800] "GET /self.logs/access.log.2020-05-01.gz HTTP/1.1" 200 68386 "-" "Mozilla/5.0 (compatible; DotBot/1.2; +https://opensiteexplorer.org/dotbot; help@moz.com)" 
216.244.66.245 - - [26/Dec/2023:09:20:12 -0800] "GET /self.logs/access.log.2020-07-22.gz HTTP/1.1" 200 22073 "-" "Mozilla/5.0 (compatible; DotBot/1.2; +https://opensiteexplorer.org/dotbot; help@moz.com)" 
216.244.66.245 - - [26/Dec/2023:09:20:38 -0800] "GET /self.logs/access.log.2021-01-16.gz HTTP/1.1" 200 23251 "-" "Mozilla/5.0 (compatible; DotBot/1.2; +https://opensiteexplorer.org/dotbot; help@moz.com)" 
216.244.66.245 - - [26/Dec/2023:09:21:03 -0800] "GET /self.logs/access.log.2021-09-15.gz HTTP/1.1" 200 25212 "-" "Mozilla/5.0 (compatible; DotBot/1.2; +https://opensiteexplorer.org/dotbot; help@moz.com)" 
216.244.66.245 - - [26/Dec/2023:09:21:22 -0800] "GET /self.logs/access.log.2021-11-21.gz HTTP/1.1" 200 27526 "-" "Mozilla/5.0 (compatible; DotBot/1.2; +https://opensiteexplorer.org/dotbot; help@moz.com)" 
216.244.66.245 - - [26/Dec/2023:09:21:40 -0800] "GET /self.logs/access.log.2022-03-09.gz HTTP/1.1" 200 22777 "-" "Mozilla/5.0 (compatible; DotBot/1.2; +https://opensiteexplorer.org/dotbot; help@moz.com)" 
216.244.66.245 - - [26/Dec/2023:09:21:59 -0800] "GET /self.logs/access.log.2023-03-22.gz HTTP/1.1" 200 26105 "-" "Mozilla/5.0 (compatible; DotBot/1.2; +https://opensiteexplorer.org/dotbot; help@moz.com)" 
216.244.66.245 - - [26/Dec/2023:09:22:49 -0800] "GET /self.logs/error.log.2018-12-06.gz HTTP/1.1" 200 3679 "-" "Mozilla/5.0 (compatible; DotBot/1.2; +https://opensiteexplorer.org/dotbot; help@moz.com)" 
216.244.66.245 - - [26/Dec/2023:09:23:20 -0800] "GET /self.logs/error.log.2019-01-19.gz HTTP/1.1" 200 4411 "-" "Mozilla/5.0 (compatible; DotBot/1.2; +https://opensiteexplorer.org/dotbot; help@moz.com)" 
216.244.66.245 - - [26/Dec/2023:09:33:06 -0800] "GET /self.logs/access.log.2020-04-06.gz HTTP/1.1" 200 14482 "-" "Mozilla/5.0 (compatible; DotBot/1.2; +https://opensiteexplorer.org/dotbot; help@moz.com)" 
216.244.66.245 - - [26/Dec/2023:09:33:36 -0800] "GET /self.logs/access.log.2020-07-12.gz HTTP/1.1" 200 12322 "-" "Mozilla/5.0 (compatible; DotBot/1.2; +https://opensiteexplorer.org/dotbot; help@moz.com)" 
40.88.21.235 - - [26/Dec/2023:09:40:49 -0800] "GET / HTTP/1.1" 200 13186 "http://www.secrepo.com/" "Mozilla/5.0 (compatible; DuckDuckGo-Favicons-Bot/1.0; +http://duckduckgo.com)" 
40.88.21.235 - - [26/Dec/2023:09:40:49 -0800] "GET /bootstrap/img/favicon.ico HTTP/1.1" 200 690 "http://www.secrepo.com/bootstrap/img/favicon.ico" "Mozilla/5.0 (compatible; DuckDuckGo-Favicons-Bot/1.0; +http://duckduckgo.com)" 
44.242.155.73 - - [26/Dec/2023:09:42:39 -0800] "GET / HTTP/1.1" 301 475 "-" "Mozilla/4.0 (compatible; MSIE 6.0; Windows NT 5.1; FSL 7.0.6.01001)" 
44.242.155.73 - - [26/Dec/2023:09:42:39 -0800] "GET / HTTP/1.1" 200 13186 "-" "Mozilla/4.0 (compatible; MSIE 6.0; Windows NT 5.1; FSL 7.0.6.01001)" 
216.244.66.245 - - [26/Dec/2023:09:43:40 -0800] "GET /robots.txt HTTP/1.1" 200 333 "-" "Mozilla/5.0 (compatible; DotBot/1.2; +https://opensiteexplorer.org/dotbot; help@moz.com)" 
52.167.144.214 - - [26/Dec/2023:09:43:58 -0800] "GET /self.logs/error.log.2018-02-13.gz HTTP/1.1" 200 4464 "-" "Mozilla/5.0 AppleWebKit/537.36 (KHTML, like Gecko; compatible; bingbot/2.0; +http://www.bing.com/bingbot.htm) Chrome/116.0.1938.76 Safari/537.36" 
103.131.71.206 - - [26/Dec/2023:09:45:55 -0800] "GET /robots.txt HTTP/1.1" 301 458 "-" "Mozilla/5.0 (compatible; coccocbot-image/1.0; +http://help.coccoc.com/searchengine)" 
103.131.71.206 - - [26/Dec/2023:09:45:58 -0800] "GET /robots.txt HTTP/1.1" 200 340 "-" "Mozilla/5.0 (compatible; coccocbot-image/1.0; +http://help.coccoc.com/searchengine)" 
86.2.28.22 - - [26/Dec/2023:09:48:56 -0800] "GET / HTTP/1.1" 200 13186 "-" "Mozilla/5.0 (Windows NT 10.0; Win64; x64) AppleWebKit/537.36 (KHTML, like Gecko) Chrome/119.0.0.0 Safari/537.36 OPR/105.0.0.0" 
86.2.28.22 - - [26/Dec/2023:09:48:56 -0800] "GET /css/style.css HTTP/1.1" 404 305 "http://www.secrepo.com/" "Mozilla/5.0 (Windows NT 10.0; Win64; x64) AppleWebKit/537.36 (KHTML, like Gecko) Chrome/119.0.0.0 Safari/537.36 OPR/105.0.0.0" 
86.2.28.22 - - [26/Dec/2023:09:48:56 -0800] "GET /twitter-icon.png HTTP/1.1" 200 27893 "http://www.secrepo.com/" "Mozilla/5.0 (Windows NT 10.0; Win64; x64) AppleWebKit/537.36 (KHTML, like Gecko) Chrome/119.0.0.0 Safari/537.36 OPR/105.0.0.0" 
86.2.28.22 - - [26/Dec/2023:09:48:56 -0800] "GET /GitHub-Mark.png HTTP/1.1" 200 7556 "http://www.secrepo.com/" "Mozilla/5.0 (Windows NT 10.0; Win64; x64) AppleWebKit/537.36 (KHTML, like Gecko) Chrome/119.0.0.0 Safari/537.36 OPR/105.0.0.0" 
86.2.28.22 - - [26/Dec/2023:09:48:57 -0800] "GET /bootstrap/img/favicon.ico HTTP/1.1" 200 690 "http://www.secrepo.com/" "Mozilla/5.0 (Windows NT 10.0; Win64; x64) AppleWebKit/537.36 (KHTML, like Gecko) Chrome/119.0.0.0 Safari/537.36 OPR/105.0.0.0" 
86.2.28.22 - - [26/Dec/2023:09:50:01 -0800] "GET /auth.log/auth.log.gz HTTP/1.1" 200 615679 "http://www.secrepo.com/" "Mozilla/5.0 (Windows NT 10.0; Win64; x64) AppleWebKit/537.36 (KHTML, like Gecko) Chrome/119.0.0.0 Safari/537.36 OPR/105.0.0.0" 
35.169.247.33 - - [26/Dec/2023:09:56:49 -0800] "GET /robots.txt HTTP/1.1" 301 495 "-" "amazon-kendra-customer-id-7ef387b590a0d017bc16c423aea2f621571da58fc7df8dcdd606efa762000bb4c50f08bf94cd1257be3c70d6f1976cb9" 
35.169.247.33 - - [26/Dec/2023:09:56:49 -0800] "GET /robots.txt HTTP/1.1" 200 377 "-" "amazon-kendra-customer-id-7ef387b590a0d017bc16c423aea2f621571da58fc7df8dcdd606efa762000bb4c50f08bf94cd1257be3c70d6f1976cb9" 
216.244.66.245 - - [26/Dec/2023:09:59:21 -0800] "GET /self.logs/2015/access.log.2015-12-17.gz HTTP/1.1" 200 6199 "-" "Mozilla/5.0 (compatible; DotBot/1.2; +https://opensiteexplorer.org/dotbot; help@moz.com)" 
216.244.66.245 - - [26/Dec/2023:09:59:27 -0800] "GET /self.logs/2015/access.log.2015-12-29.gz HTTP/1.1" 200 6678 "-" "Mozilla/5.0 (compatible; DotBot/1.2; +https://opensiteexplorer.org/dotbot; help@moz.com)" 
216.244.66.245 - - [26/Dec/2023:09:59:31 -0800] "GET /self.logs/2016/error.log.2016-06-15.gz HTTP/1.1" 200 1174 "-" "Mozilla/5.0 (compatible; DotBot/1.2; +https://opensiteexplorer.org/dotbot; help@moz.com)" 
216.244.66.245 - - [26/Dec/2023:09:59:35 -0800] "GET /self.logs/2016/error.log.2016-07-07.gz HTTP/1.1" 200 794 "-" "Mozilla/5.0 (compatible; DotBot/1.2; +https://opensiteexplorer.org/dotbot; help@moz.com)" 
216.244.66.245 - - [26/Dec/2023:10:00:06 -0800] "GET /self.logs/2015/access.log.2015-05-13.gz HTTP/1.1" 200 7848 "-" "Mozilla/5.0 (compatible; DotBot/1.2; +https://opensiteexplorer.org/dotbot; help@moz.com)" 
216.244.66.245 - - [26/Dec/2023:10:00:10 -0800] "GET /self.logs/2015/access.log.2015-07-07.gz HTTP/1.1" 200 5007 "-" "Mozilla/5.0 (compatible; DotBot/1.2; +https://opensiteexplorer.org/dotbot; help@moz.com)" 
216.244.66.245 - - [26/Dec/2023:10:00:15 -0800] "GET /self.logs/2015/access.log.2015-09-01.gz HTTP/1.1" 200 10536 "-" "Mozilla/5.0 (compatible; DotBot/1.2; +https://opensiteexplorer.org/dotbot; help@moz.com)" 
216.244.66.245 - - [26/Dec/2023:10:00:21 -0800] "GET /self.logs/2015/error.log.2015-02-28.gz HTTP/1.1" 200 995 "-" "Mozilla/5.0 (compatible; DotBot/1.2; +https://opensiteexplorer.org/dotbot; help@moz.com)" 
216.244.66.245 - - [26/Dec/2023:10:00:24 -0800] "GET /self.logs/2015/error.log.2015-06-15.gz HTTP/1.1" 200 1347 "-" "Mozilla/5.0 (compatible; DotBot/1.2; +https://opensiteexplorer.org/dotbot; help@moz.com)" 
216.244.66.245 - - [26/Dec/2023:10:00:28 -0800] "GET /self.logs/2015/error.log.2015-07-13.gz HTTP/1.1" 200 858 "-" "Mozilla/5.0 (compatible; DotBot/1.2; +https://opensiteexplorer.org/dotbot; help@moz.com)" 
216.244.66.245 - - [26/Dec/2023:10:00:30 -0800] "GET /self.logs/2016/access.log.2016-11-12.gz HTTP/1.1" 200 6835 "-" "Mozilla/5.0 (compatible; DotBot/1.2; +https://opensiteexplorer.org/dotbot; help@moz.com)" 
216.244.66.245 - - [26/Dec/2023:10:00:34 -0800] "GET /self.logs/2016/access.log.2016-11-13.gz HTTP/1.1" 200 12440 "-" "Mozilla/5.0 (compatible; DotBot/1.2; +https://opensiteexplorer.org/dotbot; help@moz.com)" 
216.244.66.245 - - [26/Dec/2023:10:00:58 -0800] "GET /self.logs/2016/access.log.2016-12-17.gz HTTP/1.1" 200 9935 "-" "Mozilla/5.0 (compatible; DotBot/1.2; +https://opensiteexplorer.org/dotbot; help@moz.com)" 
216.244.66.245 - - [26/Dec/2023:10:01:02 -0800] "GET /self.logs/2016/error.log.2016-09-04.gz HTTP/1.1" 200 1085 "-" "Mozilla/5.0 (compatible; DotBot/1.2; +https://opensiteexplorer.org/dotbot; help@moz.com)" 
216.244.66.245 - - [26/Dec/2023:10:01:06 -0800] "GET /self.logs/access.log.2017-01-07.gz HTTP/1.1" 200 17275 "-" "Mozilla/5.0 (compatible; DotBot/1.2; +https://opensiteexplorer.org/dotbot; help@moz.com)" 
216.244.66.245 - - [26/Dec/2023:10:01:30 -0800] "GET /self.logs/access.log.2017-01-14.gz HTTP/1.1" 200 10813 "-" "Mozilla/5.0 (compatible; DotBot/1.2; +https://opensiteexplorer.org/dotbot; help@moz.com)" 
216.244.66.245 - - [26/Dec/2023:10:01:58 -0800] "GET /self.logs/access.log.2017-04-04.gz HTTP/1.1" 200 40229 "-" "Mozilla/5.0 (compatible; DotBot/1.2; +https://opensiteexplorer.org/dotbot; help@moz.com)" 
216.244.66.245 - - [26/Dec/2023:10:02:49 -0800] "GET /self.logs/access.log.2017-04-19.gz HTTP/1.1" 200 19608 "-" "Mozilla/5.0 (compatible; DotBot/1.2; +https://opensiteexplorer.org/dotbot; help@moz.com)" 
216.244.66.245 - - [26/Dec/2023:10:03:18 -0800] "GET /self.logs/access.log.2017-05-01.gz HTTP/1.1" 200 14308 "-" "Mozilla/5.0 (compatible; DotBot/1.2; +https://opensiteexplorer.org/dotbot; help@moz.com)" 
216.244.66.245 - - [26/Dec/2023:10:03:46 -0800] "GET /self.logs/access.log.2017-09-22.gz HTTP/1.1" 200 23838 "-" "Mozilla/5.0 (compatible; DotBot/1.2; +https://opensiteexplorer.org/dotbot; help@moz.com)" 
216.244.66.245 - - [26/Dec/2023:10:04:19 -0800] "GET /self.logs/access.log.2017-11-08.gz HTTP/1.1" 200 30258 "-" "Mozilla/5.0 (compatible; DotBot/1.2; +https://opensiteexplorer.org/dotbot; help@moz.com)" 
216.244.66.245 - - [26/Dec/2023:10:06:14 -0800] "GET /self.logs/access.log.2018-11-18.gz HTTP/1.1" 200 28023 "-" "Mozilla/5.0 (compatible; DotBot/1.2; +https://opensiteexplorer.org/dotbot; help@moz.com)" 
216.244.66.245 - - [26/Dec/2023:10:07:04 -0800] "GET /self.logs/access.log.2019-05-14.gz HTTP/1.1" 200 34412 "-" "Mozilla/5.0 (compatible; DotBot/1.2; +https://opensiteexplorer.org/dotbot; help@moz.com)" 
216.244.66.245 - - [26/Dec/2023:10:07:33 -0800] "GET /self.logs/access.log.2019-12-05.gz HTTP/1.1" 200 20690 "-" "Mozilla/5.0 (compatible; DotBot/1.2; +https://opensiteexplorer.org/dotbot; help@moz.com)" 
