216.244.66.245 - - [26/Mar/2024:21:02:44 -0700] "GET /self.logs/2016/access.log.2016-11-01.gz HTTP/1.1" 200 29362 "-" "Mozilla/5.0 (compatible; DotBot/1.2; +https://opensiteexplorer.org/dotbot; help@moz.com)" 
216.244.66.245 - - [26/Mar/2024:21:03:00 -0700] "GET /self.logs/2016/error.log.2016-05-23.gz HTTP/1.1" 200 813 "-" "Mozilla/5.0 (compatible; DotBot/1.2; +https://opensiteexplorer.org/dotbot; help@moz.com)" 
216.244.66.245 - - [26/Mar/2024:21:03:15 -0700] "GET /self.logs/2016/error.log.2016-06-08.gz HTTP/1.1" 200 1022 "-" "Mozilla/5.0 (compatible; DotBot/1.2; +https://opensiteexplorer.org/dotbot; help@moz.com)" 
60.188.10.15 - - [26/Mar/2024:21:03:18 -0700] "GET /robots.txt HTTP/1.1" 200 340 "-" "YisouSpider" 
216.244.66.245 - - [26/Mar/2024:21:03:30 -0700] "GET /self.logs/2016/error.log.2016-08-21.gz HTTP/1.1" 200 725 "-" "Mozilla/5.0 (compatible; DotBot/1.2; +https://opensiteexplorer.org/dotbot; help@moz.com)" 
101.67.29.180 - - [26/Mar/2024:21:03:18 -0700] "GET /tg/b.zip HTTP/1.1" 200 20539280 "-" "Mozilla/5.0 (Windows NT 6.1; Win64; x64) AppleWebKit/537.36 (KHTML, like Gecko) Chrome/69.0.3497.81 YisouSpider/5.0 Safari/537.36" 
216.244.66.245 - - [26/Mar/2024:21:03:44 -0700] "GET /self.logs/2016/error.log.2016-12-02.gz HTTP/1.1" 200 753 "-" "Mozilla/5.0 (compatible; DotBot/1.2; +https://opensiteexplorer.org/dotbot; help@moz.com)" 
216.244.66.245 - - [26/Mar/2024:21:03:59 -0700] "GET /self.logs/access.log.2017-01-08.gz HTTP/1.1" 200 14903 "-" "Mozilla/5.0 (compatible; DotBot/1.2; +https://opensiteexplorer.org/dotbot; help@moz.com)" 
72.90.81.11 - - [26/Mar/2024:21:04:07 -0700] "HEAD / HTTP/1.1" 200 425 "-" "Mozilla/5.0 (compatible; Fess/14.10; +http://fess.codelibs.org/bot.html)" 
72.90.81.11 - - [26/Mar/2024:21:04:07 -0700] "GET / HTTP/1.1" 200 13162 "-" "Mozilla/5.0 (compatible; Fess/14.10; +http://fess.codelibs.org/bot.html)" 
216.244.66.245 - - [26/Mar/2024:21:04:25 -0700] "GET /self.logs/2015/access.log.2015-02-12.gz HTTP/1.1" 200 7075 "-" "Mozilla/5.0 (compatible; DotBot/1.2; +https://opensiteexplorer.org/dotbot; help@moz.com)" 
216.244.66.245 - - [26/Mar/2024:21:05:05 -0700] "GET /self.logs/access.log.2017-04-25.gz HTTP/1.1" 200 30422 "-" "Mozilla/5.0 (compatible; DotBot/1.2; +https://opensiteexplorer.org/dotbot; help@moz.com)" 
72.90.81.11 - - [26/Mar/2024:21:05:10 -0700] "HEAD / HTTP/1.1" 200 425 "-" "Mozilla/5.0 (compatible; Fess/14.10; +http://fess.codelibs.org/bot.html)" 
216.244.66.245 - - [26/Mar/2024:21:05:55 -0700] "GET /self.logs/access.log.2017-06-04.gz HTTP/1.1" 200 25045 "-" "Mozilla/5.0 (compatible; DotBot/1.2; +https://opensiteexplorer.org/dotbot; help@moz.com)" 
107.20.105.74 - - [26/Mar/2024:21:06:40 -0700] "HEAD / HTTP/1.1" 301 186 "-" "DreamHost SiteMonitor 1.0" 
107.20.105.74 - - [26/Mar/2024:21:06:40 -0700] "HEAD / HTTP/1.1" 200 359 "http://66.33.221.139" "DreamHost SiteMonitor 1.0" 
216.244.66.245 - - [26/Mar/2024:21:07:33 -0700] "GET /self.logs/access.log.2018-01-04.gz HTTP/1.1" 200 25335 "-" "Mozilla/5.0 (compatible; DotBot/1.2; +https://opensiteexplorer.org/dotbot; help@moz.com)" 
216.244.66.245 - - [26/Mar/2024:21:08:03 -0700] "GET /self.logs/access.log.2018-02-09.gz HTTP/1.1" 200 20970 "-" "Mozilla/5.0 (compatible; DotBot/1.2; +https://opensiteexplorer.org/dotbot; help@moz.com)" 
216.244.66.245 - - [26/Mar/2024:21:08:35 -0700] "GET /self.logs/access.log.2017-04-28.gz HTTP/1.1" 200 14324 "-" "Mozilla/5.0 (compatible; DotBot/1.2; +https://opensiteexplorer.org/dotbot; help@moz.com)" 
216.244.66.245 - - [26/Mar/2024:21:09:12 -0700] "GET /self.logs/access.log.2017-10-28.gz HTTP/1.1" 200 17778 "-" "Mozilla/5.0 (compatible; DotBot/1.2; +https://opensiteexplorer.org/dotbot; help@moz.com)" 
216.244.66.245 - - [26/Mar/2024:21:09:43 -0700] "GET /self.logs/access.log.2018-07-26.gz HTTP/1.1" 200 19715 "-" "Mozilla/5.0 (compatible; DotBot/1.2; +https://opensiteexplorer.org/dotbot; help@moz.com)" 
216.244.66.245 - - [26/Mar/2024:21:10:12 -0700] "GET /self.logs/access.log.2018-08-21.gz HTTP/1.1" 200 19993 "-" "Mozilla/5.0 (compatible; DotBot/1.2; +https://opensiteexplorer.org/dotbot; help@moz.com)" 
216.244.66.245 - - [26/Mar/2024:21:10:40 -0700] "GET /self.logs/error.log.2023-05-27.gz HTTP/1.1" 200 999 "-" "Mozilla/5.0 (compatible; DotBot/1.2; +https://opensiteexplorer.org/dotbot; help@moz.com)" 
40.77.167.59 - - [26/Mar/2024:21:11:01 -0700] "GET /self.logs/error.log.2017-07-15.gz HTTP/1.1" 301 485 "-" "Mozilla/5.0 AppleWebKit/537.36 (KHTML, like Gecko; compatible; bingbot/2.0; +http://www.bing.com/bingbot.htm) Chrome/116.0.1938.76 Safari/537.36" 
216.244.66.245 - - [26/Mar/2024:21:11:06 -0700] "GET /self.logs/access.log.2019-10-30.gz HTTP/1.1" 200 16348 "-" "Mozilla/5.0 (compatible; DotBot/1.2; +https://opensiteexplorer.org/dotbot; help@moz.com)" 
216.244.66.245 - - [26/Mar/2024:21:11:31 -0700] "GET /self.logs/access.log.2019-11-09.gz HTTP/1.1" 200 17443 "-" "Mozilla/5.0 (compatible; DotBot/1.2; +https://opensiteexplorer.org/dotbot; help@moz.com)" 
51.222.253.3 - - [26/Mar/2024:21:11:31 -0700] "GET /Datasets%20Description/PE_malware/ HTTP/1.1" 200 642 "-" "Mozilla/5.0 (compatible; AhrefsBot/7.0; +http://ahrefs.com/robot/)" 
216.244.66.245 - - [26/Mar/2024:21:11:58 -0700] "GET /self.logs/access.log.2020-04-15.gz HTTP/1.1" 200 31558 "-" "Mozilla/5.0 (compatible; DotBot/1.2; +https://opensiteexplorer.org/dotbot; help@moz.com)" 
216.244.66.245 - - [26/Mar/2024:21:13:50 -0700] "GET /self.logs/access.log.2021-05-31.gz HTTP/1.1" 200 23686 "-" "Mozilla/5.0 (compatible; DotBot/1.2; +https://opensiteexplorer.org/dotbot; help@moz.com)" 
216.244.66.245 - - [26/Mar/2024:21:14:21 -0700] "GET /self.logs/access.log.2021-10-28 HTTP/1.1" 200 307 "-" "Mozilla/5.0 (compatible; DotBot/1.2; +https://opensiteexplorer.org/dotbot; help@moz.com)" 
107.20.105.74 - - [26/Mar/2024:21:16:40 -0700] "HEAD / HTTP/1.1" 301 186 "-" "DreamHost SiteMonitor 1.0" 
107.20.105.74 - - [26/Mar/2024:21:16:40 -0700] "HEAD / HTTP/1.1" 200 359 "http://66.33.221.139" "DreamHost SiteMonitor 1.0" 
101.227.1.198 - - [26/Mar/2024:21:23:03 -0700] "GET / HTTP/1.1" 200 13186 "-" "Mozilla/5.0 (iPhone; CPU iPhone OS 14_4_2 like Mac OS X) AppleWebKit/605.1.15 (KHTML, like Gecko) Version/14.0.3 Mobile/15E148 Safari/604.1" 
101.227.1.198 - - [26/Mar/2024:21:23:03 -0700] "GET /css/style.css HTTP/1.1" 404 305 "http://www.so.com/link?m=x&link?url=x&?from=x&?src=x&jump?u=x&?uID=x" "Mozilla/5.0 (iPhone; CPU iPhone OS 14_4_2 like Mac OS X) AppleWebKit/605.1.15 (KHTML, like Gecko) Version/14.0.3 Mobile/15E148 Safari/604.1" 
101.227.1.199 - - [26/Mar/2024:21:23:22 -0700] "GET / HTTP/1.1" 200 13149 "http://www.so.com/link?m=x&link?url=x&?from=x&?src=x&jump?u=x&?uID=x" "Mozilla/5.0 (iPhone; CPU iPhone OS 14_4_2 like Mac OS X) AppleWebKit/605.1.15 (KHTML, like Gecko) Version/14.0.3 Mobile/15E148 Safari/604.1" 
107.20.105.74 - - [26/Mar/2024:21:26:40 -0700] "HEAD / HTTP/1.1" 301 186 "-" "DreamHost SiteMonitor 1.0" 
107.20.105.74 - - [26/Mar/2024:21:26:40 -0700] "HEAD / HTTP/1.1" 200 359 "http://66.33.221.139" "DreamHost SiteMonitor 1.0" 
216.244.66.245 - - [26/Mar/2024:21:34:08 -0700] "GET /robots.txt HTTP/1.1" 200 333 "-" "Mozilla/5.0 (compatible; DotBot/1.2; +https://opensiteexplorer.org/dotbot; help@moz.com)" 
107.20.105.74 - - [26/Mar/2024:21:36:40 -0700] "HEAD / HTTP/1.1" 301 186 "-" "DreamHost SiteMonitor 1.0" 
107.20.105.74 - - [26/Mar/2024:21:36:40 -0700] "HEAD / HTTP/1.1" 200 359 "http://66.33.221.139" "DreamHost SiteMonitor 1.0" 
123.126.50.45 - - [26/Mar/2024:21:46:02 -0700] "GET / HTTP/1.1" 200 13149 "-" "Sogou web spider/4.0(+http://www.sogou.com/docs/help/webmasters.htm#07)" 
107.20.105.74 - - [26/Mar/2024:21:46:40 -0700] "HEAD / HTTP/1.1" 301 186 "-" "DreamHost SiteMonitor 1.0" 
107.20.105.74 - - [26/Mar/2024:21:46:40 -0700] "HEAD / HTTP/1.1" 200 359 "http://66.33.221.139" "DreamHost SiteMonitor 1.0" 
107.20.105.74 - - [26/Mar/2024:21:56:40 -0700] "HEAD / HTTP/1.1" 301 186 "-" "DreamHost SiteMonitor 1.0" 
107.20.105.74 - - [26/Mar/2024:21:56:40 -0700] "HEAD / HTTP/1.1" 200 359 "http://66.33.221.139" "DreamHost SiteMonitor 1.0" 
216.244.66.245 - - [26/Mar/2024:21:56:47 -0700] "GET /Datasets%20Description/HTML_Bro_log_3/dpd.html HTTP/1.1" 200 4379 "-" "Mozilla/5.0 (compatible; DotBot/1.2; +https://opensiteexplorer.org/dotbot; help@moz.com)" 
216.244.66.245 - - [26/Mar/2024:21:58:13 -0700] "GET /self.logs/2015/access.log.2015-04-28.gz HTTP/1.1" 200 9530 "-" "Mozilla/5.0 (compatible; DotBot/1.2; +https://opensiteexplorer.org/dotbot; help@moz.com)" 
216.244.66.245 - - [26/Mar/2024:21:58:22 -0700] "GET /self.logs/2015/access.log.2015-07-06.gz HTTP/1.1" 200 4433 "-" "Mozilla/5.0 (compatible; DotBot/1.2; +https://opensiteexplorer.org/dotbot; help@moz.com)" 
216.244.66.245 - - [26/Mar/2024:21:58:31 -0700] "GET /self.logs/2015/error.log.2015-07-12.gz HTTP/1.1" 200 1277 "-" "Mozilla/5.0 (compatible; DotBot/1.2; +https://opensiteexplorer.org/dotbot; help@moz.com)" 
216.244.66.245 - - [26/Mar/2024:21:58:38 -0700] "GET /self.logs/2016/access.log.2016-05-25.gz HTTP/1.1" 200 22560 "-" "Mozilla/5.0 (compatible; DotBot/1.2; +https://opensiteexplorer.org/dotbot; help@moz.com)" 
216.244.66.245 - - [26/Mar/2024:21:58:48 -0700] "GET /self.logs/2016/access.log.2016-07-01.gz HTTP/1.1" 200 8864 "-" "Mozilla/5.0 (compatible; DotBot/1.2; +https://opensiteexplorer.org/dotbot; help@moz.com)" 
216.244.66.245 - - [26/Mar/2024:21:59:12 -0700] "GET /self.logs/2016/access.log.2016-08-24.gz HTTP/1.1" 200 7491 "-" "Mozilla/5.0 (compatible; DotBot/1.2; +https://opensiteexplorer.org/dotbot; help@moz.com)" 
216.244.66.245 - - [26/Mar/2024:21:59:31 -0700] "GET /self.logs/2016/error.log.2016-02-25.gz HTTP/1.1" 200 858 "-" "Mozilla/5.0 (compatible; DotBot/1.2; +https://opensiteexplorer.org/dotbot; help@moz.com)" 
216.244.66.245 - - [26/Mar/2024:21:59:52 -0700] "GET /self.logs/2016/error.log.2016-04-17.gz HTTP/1.1" 200 881 "-" "Mozilla/5.0 (compatible; DotBot/1.2; +https://opensiteexplorer.org/dotbot; help@moz.com)" 
5.102.173.71 - - [26/Mar/2024:21:59:54 -0700] "GET /robots.txt HTTP/1.1" 200 333 "-" "Mozilla/5.0 (compatible; MojeekBot/0.11; +https://www.mojeek.com/bot.html)" 
5.102.173.71 - - [26/Mar/2024:21:59:54 -0700] "GET / HTTP/1.1" 200 13108 "-" "Mozilla/5.0 (compatible; MojeekBot/0.11; +https://www.mojeek.com/bot.html)" 
216.244.66.245 - - [26/Mar/2024:22:00:10 -0700] "GET /self.logs/2016/error.log.2016-05-29.gz HTTP/1.1" 200 724 "-" "Mozilla/5.0 (compatible; DotBot/1.2; +https://opensiteexplorer.org/dotbot; help@moz.com)" 
216.244.66.245 - - [26/Mar/2024:22:00:31 -0700] "GET /self.logs/2016/error.log.2016-07-04.gz HTTP/1.1" 200 570 "-" "Mozilla/5.0 (compatible; DotBot/1.2; +https://opensiteexplorer.org/dotbot; help@moz.com)" 
216.244.66.245 - - [26/Mar/2024:22:00:49 -0700] "GET /self.logs/2016/error.log.2016-10-13.gz HTTP/1.1" 200 848 "-" "Mozilla/5.0 (compatible; DotBot/1.2; +https://opensiteexplorer.org/dotbot; help@moz.com)" 
216.244.66.245 - - [26/Mar/2024:22:01:04 -0700] "GET /self.logs/2015/access.log.2015-02-20.gz HTTP/1.1" 200 14455 "-" "Mozilla/5.0 (compatible; DotBot/1.2; +https://opensiteexplorer.org/dotbot; help@moz.com)" 
216.244.66.245 - - [26/Mar/2024:22:01:42 -0700] "GET /self.logs/2015/error.log.2015-01-24.gz HTTP/1.1" 200 938 "-" "Mozilla/5.0 (compatible; DotBot/1.2; +https://opensiteexplorer.org/dotbot; help@moz.com)" 
216.244.66.245 - - [26/Mar/2024:22:02:12 -0700] "GET /self.logs/2015/error.log.2015-02-26.gz HTTP/1.1" 200 1069 "-" "Mozilla/5.0 (compatible; DotBot/1.2; +https://opensiteexplorer.org/dotbot; help@moz.com)" 
216.244.66.245 - - [26/Mar/2024:22:02:41 -0700] "GET /self.logs/access.log.2017-05-12.gz HTTP/1.1" 200 56901 "-" "Mozilla/5.0 (compatible; DotBot/1.2; +https://opensiteexplorer.org/dotbot; help@moz.com)" 
216.244.66.245 - - [26/Mar/2024:22:03:27 -0700] "GET /self.logs/access.log.2017-07-27.gz HTTP/1.1" 200 21440 "-" "Mozilla/5.0 (compatible; DotBot/1.2; +https://opensiteexplorer.org/dotbot; help@moz.com)" 
216.244.66.245 - - [26/Mar/2024:22:04:00 -0700] "GET /self.logs/access.log.2017-11-04.gz HTTP/1.1" 200 20979 "-" "Mozilla/5.0 (compatible; DotBot/1.2; +https://opensiteexplorer.org/dotbot; help@moz.com)" 
216.244.66.245 - - [26/Mar/2024:22:04:50 -0700] "GET /self.logs/access.log.2017-12-07.gz HTTP/1.1" 200 57714 "-" "Mozilla/5.0 (compatible; DotBot/1.2; +https://opensiteexplorer.org/dotbot; help@moz.com)" 
216.244.66.245 - - [26/Mar/2024:22:05:40 -0700] "GET /self.logs/access.log.2017-12-19.gz HTTP/1.1" 200 24177 "-" "Mozilla/5.0 (compatible; DotBot/1.2; +https://opensiteexplorer.org/dotbot; help@moz.com)" 
103.89.233.206 - - [26/Mar/2024:22:05:56 -0700] "GET /Security-Data-Analysis/Lab_1/conn.log.zip HTTP/1.1" 200 79072 "-" "Mozilla/5.0 (Windows NT 10.0; Win64; x64) AppleWebKit/537.36 (KHTML, like Gecko) Chrome/122.0.0.0 Safari/537.36" 
103.89.233.206 - - [26/Mar/2024:22:06:13 -0700] "GET /Security-Data-Analysis/Lab_1/conn.log.zip HTTP/1.1" 206 447 "-" "Mozilla/5.0 (Windows NT 10.0; Win64; x64) AppleWebKit/537.36 (KHTML, like Gecko) Chrome/122.0.0.0 Safari/537.36" 
103.89.233.206 - - [26/Mar/2024:22:06:14 -0700] "GET /Security-Data-Analysis/Lab_1/conn.log.zip HTTP/1.1" 206 79072 "-" "Mozilla/5.0 (Windows NT 10.0; Win64; x64) AppleWebKit/537.36 (KHTML, like Gecko) Chrome/122.0.0.0 Safari/537.36" 
216.244.66.245 - - [26/Mar/2024:22:06:23 -0700] "GET /self.logs/error.log.2020-05-26 HTTP/1.1" 200 307 "-" "Mozilla/5.0 (compatible; DotBot/1.2; +https://opensiteexplorer.org/dotbot; help@moz.com)" 
107.20.105.74 - - [26/Mar/2024:22:06:40 -0700] "HEAD / HTTP/1.1" 301 186 "-" "DreamHost SiteMonitor 1.0" 
107.20.105.74 - - [26/Mar/2024:22:06:40 -0700] "HEAD / HTTP/1.1" 200 359 "http://66.33.221.139" "DreamHost SiteMonitor 1.0" 
103.89.233.206 - - [26/Mar/2024:22:06:44 -0700] "GET /Security-Data-Analysis/Lab_1/conn.log.zip HTTP/1.1" 206 447 "-" "Mozilla/5.0 (Windows NT 10.0; Win64; x64) AppleWebKit/537.36 (KHTML, like Gecko) Chrome/122.0.0.0 Safari/537.36" 
216.244.66.245 - - [26/Mar/2024:22:06:52 -0700] "GET /self.logs/error.log.2020-06-19 HTTP/1.1" 200 307 "-" "Mozilla/5.0 (compatible; DotBot/1.2; +https://opensiteexplorer.org/dotbot; help@moz.com)" 
216.244.66.245 - - [26/Mar/2024:22:07:23 -0700] "GET /self.logs/error.log.2020-10-08 HTTP/1.1" 200 307 "-" "Mozilla/5.0 (compatible; DotBot/1.2; +https://opensiteexplorer.org/dotbot; help@moz.com)" 
216.244.66.245 - - [26/Mar/2024:22:07:51 -0700] "GET /self.logs/access.log.2019-12-26.gz HTTP/1.1" 200 13884 "-" "Mozilla/5.0 (compatible; DotBot/1.2; +https://opensiteexplorer.org/dotbot; help@moz.com)" 
216.244.66.245 - - [26/Mar/2024:22:08:20 -0700] "GET /self.logs/error.log.2020-07-07.gz HTTP/1.1" 200 877 "-" "Mozilla/5.0 (compatible; DotBot/1.2; +https://opensiteexplorer.org/dotbot; help@moz.com)" 
216.244.66.245 - - [26/Mar/2024:22:08:47 -0700] "GET /self.logs/error.log.2020-08-13.gz HTTP/1.1" 200 792 "-" "Mozilla/5.0 (compatible; DotBot/1.2; +https://opensiteexplorer.org/dotbot; help@moz.com)" 
216.244.66.245 - - [26/Mar/2024:22:09:11 -0700] "GET /self.logs/error.log.2020-09-02 HTTP/1.1" 200 891 "-" "Mozilla/5.0 (compatible; DotBot/1.2; +https://opensiteexplorer.org/dotbot; help@moz.com)" 
216.244.66.245 - - [26/Mar/2024:22:09:36 -0700] "GET /self.logs/error.log.2020-12-22 HTTP/1.1" 200 307 "-" "Mozilla/5.0 (compatible; DotBot/1.2; +https://opensiteexplorer.org/dotbot; help@moz.com)" 
52.167.144.209 - - [26/Mar/2024:22:11:27 -0700] "GET /self.logs/access.log.2019-11-25.gz HTTP/1.1" 200 23688 "-" "Mozilla/5.0 AppleWebKit/537.36 (KHTML, like Gecko; compatible; bingbot/2.0; +http://www.bing.com/bingbot.htm) Chrome/116.0.1938.76 Safari/537.36" 
103.89.233.206 - - [26/Mar/2024:22:06:45 -0700] "GET /Security-Data-Analysis/Lab_1/conn.log.zip HTTP/1.1" 206 80484 "-" "Mozilla/5.0 (Windows NT 10.0; Win64; x64) AppleWebKit/537.36 (KHTML, like Gecko) Chrome/122.0.0.0 Safari/537.36" 
52.167.144.166 - - [26/Mar/2024:22:12:47 -0700] "GET /self.logs/error.log.2017-10-14.gz HTTP/1.1" 301 485 "-" "Mozilla/5.0 AppleWebKit/537.36 (KHTML, like Gecko; compatible; bingbot/2.0; +http://www.bing.com/bingbot.htm) Chrome/116.0.1938.76 Safari/537.36" 
216.244.66.245 - - [26/Mar/2024:22:13:19 -0700] "GET /self.logs/access.log.2020-06-11.gz HTTP/1.1" 200 12343 "-" "Mozilla/5.0 (compatible; DotBot/1.2; +https://opensiteexplorer.org/dotbot; help@moz.com)" 
216.244.66.245 - - [26/Mar/2024:22:13:45 -0700] "GET /self.logs/access.log.2020-10-17.gz HTTP/1.1" 200 18853 "-" "Mozilla/5.0 (compatible; DotBot/1.2; +https://opensiteexplorer.org/dotbot; help@moz.com)" 
216.244.66.245 - - [26/Mar/2024:22:14:06 -0700] "GET /self.logs/access.log.2020-10-19.gz HTTP/1.1" 200 16147 "-" "Mozilla/5.0 (compatible; DotBot/1.2; +https://opensiteexplorer.org/dotbot; help@moz.com)" 
107.20.105.74 - - [26/Mar/2024:22:16:40 -0700] "HEAD / HTTP/1.1" 301 186 "-" "DreamHost SiteMonitor 1.0" 
107.20.105.74 - - [26/Mar/2024:22:16:40 -0700] "HEAD / HTTP/1.1" 200 359 "http://66.33.221.139" "DreamHost SiteMonitor 1.0" 
40.77.167.54 - - [26/Mar/2024:22:20:30 -0700] "GET /self.logs/error.log.2019-01-11.gz HTTP/1.1" 301 485 "-" "Mozilla/5.0 AppleWebKit/537.36 (KHTML, like Gecko; compatible; bingbot/2.0; +http://www.bing.com/bingbot.htm) Chrome/116.0.1938.76 Safari/537.36" 
54.39.190.168 - - [26/Mar/2024:22:21:00 -0700] "GET / HTTP/1.1" 301 419 "-" "Mozilla/5.0 (compatible; YaK/1.0; http://linkfluence.com/; bot@linkfluence.com)" 
54.39.190.168 - - [26/Mar/2024:22:23:58 -0700] "GET / HTTP/1.1" 301 419 "-" "Mozilla/5.0 (compatible; YaK/1.0; http://linkfluence.com/; bot@linkfluence.com)" 
207.46.13.54 - - [26/Mar/2024:22:26:03 -0700] "GET /self.logs/error.log.2021-10-05.gz HTTP/1.1" 301 485 "-" "Mozilla/5.0 AppleWebKit/537.36 (KHTML, like Gecko; compatible; bingbot/2.0; +http://www.bing.com/bingbot.htm) Chrome/116.0.1938.76 Safari/537.36" 
107.20.105.74 - - [26/Mar/2024:22:26:40 -0700] "HEAD / HTTP/1.1" 301 186 "-" "DreamHost SiteMonitor 1.0" 
107.20.105.74 - - [26/Mar/2024:22:26:40 -0700] "HEAD / HTTP/1.1" 200 359 "http://66.33.221.139" "DreamHost SiteMonitor 1.0" 
54.39.190.168 - - [26/Mar/2024:22:26:53 -0700] "GET / HTTP/1.1" 301 419 "-" "Mozilla/5.0 (compatible; YaK/1.0; http://linkfluence.com/; bot@linkfluence.com)" 
52.167.144.184 - - [26/Mar/2024:22:28:45 -0700] "GET /self.logs/error.log.2022-03-30.gz HTTP/1.1" 301 485 "-" "Mozilla/5.0 AppleWebKit/537.36 (KHTML, like Gecko; compatible; bingbot/2.0; +http://www.bing.com/bingbot.htm) Chrome/116.0.1938.76 Safari/537.36" 
54.39.190.168 - - [26/Mar/2024:22:29:30 -0700] "GET / HTTP/1.1" 301 419 "-" "Mozilla/5.0 (compatible; YaK/1.0; http://linkfluence.com/; bot@linkfluence.com)" 
216.244.66.245 - - [26/Mar/2024:22:31:08 -0700] "GET /robots.txt HTTP/1.1" 200 333 "-" "Mozilla/5.0 (compatible; DotBot/1.2; +https://opensiteexplorer.org/dotbot; help@moz.com)" 
35.86.86.250 - - [26/Mar/2024:22:31:52 -0700] "GET /robots.txt HTTP/1.1" 200 377 "-" "FriendlyCrawler/Nutch-1.20-SNAPSHOT" 
35.86.86.250 - - [26/Mar/2024:22:31:52 -0700] "GET / HTTP/1.1" 200 13162 "-" "FriendlyCrawler/Nutch-1.20-SNAPSHOT" 
54.39.190.168 - - [26/Mar/2024:22:32:10 -0700] "GET / HTTP/1.1" 301 419 "-" "Mozilla/5.0 (compatible; YaK/1.0; http://linkfluence.com/; bot@linkfluence.com)" 
14.128.37.37 - - [26/Mar/2024:22:34:14 -0700] "HEAD / HTTP/1.1" 200 381 "-" "Mozilla/5.0 (Windows NT 6.1; Win64; x64) AppleWebKit/537.36 (KHTML, like Gecko) Chrome/89.0.4389.128" 
14.128.37.37 - - [26/Mar/2024:22:34:14 -0700] "HEAD /xxxxfsfsfsfadsafdafdfdaasffasf.txt HTTP/1.1" 404 231 "-" "Mozilla/5.0 (Windows NT 6.1; Win64; x64) AppleWebKit/537.36 (KHTML, like Gecko) Chrome/89.0.4389.128" 
14.128.37.37 - - [26/Mar/2024:22:34:15 -0700] "HEAD /AJAX/controller.ashx?action=catchimage HTTP/1.1" 404 231 "-" "Mozilla/5.0 (Windows NT 6.1; Win64; x64) AppleWebKit/537.36 (KHTML, like Gecko) Chrome/89.0.4389.128" 
14.128.37.37 - - [26/Mar/2024:22:34:15 -0700] "HEAD /Admin/PlugIn/Ueditor/net/controller.ashx?action=catchimage HTTP/1.1" 404 231 "-" "Mozilla/5.0 (Windows NT 6.1; Win64; x64) AppleWebKit/537.36 (KHTML, like Gecko) Chrome/89.0.4389.128" 
14.128.37.37 - - [26/Mar/2024:22:34:15 -0700] "HEAD /Editor/ueditor/net/controller.ashx HTTP/1.1" 404 231 "-" "Mozilla/5.0 (Windows NT 6.1; Win64; x64) AppleWebKit/537.36 (KHTML, like Gecko) Chrome/89.0.4389.128" 
14.128.37.37 - - [26/Mar/2024:22:34:15 -0700] "HEAD /Plugins/ueditor/net/controller.ashx?action=catchimage HTTP/1.1" 404 231 "-" "Mozilla/5.0 (Windows NT 6.1; Win64; x64) AppleWebKit/537.36 (KHTML, like Gecko) Chrome/89.0.4389.128" 
14.128.37.37 - - [26/Mar/2024:22:34:16 -0700] "HEAD /Plugs/controller.ashx?action=catchimage HTTP/1.1" 404 231 "-" "Mozilla/5.0 (Windows NT 6.1; Win64; x64) AppleWebKit/537.36 (KHTML, like Gecko) Chrome/89.0.4389.128" 
14.128.37.37 - - [26/Mar/2024:22:34:16 -0700] "HEAD /Public/controller.ashx?action=catchimage HTTP/1.1" 404 231 "-" "Mozilla/5.0 (Windows NT 6.1; Win64; x64) AppleWebKit/537.36 (KHTML, like Gecko) Chrome/89.0.4389.128" 
14.128.37.37 - - [26/Mar/2024:22:34:16 -0700] "HEAD /Scripts/Ueditor/net/controller.ashx?action=catchimage HTTP/1.1" 404 231 "-" "Mozilla/5.0 (Windows NT 6.1; Win64; x64) AppleWebKit/537.36 (KHTML, like Gecko) Chrome/89.0.4389.128" 
14.128.37.37 - - [26/Mar/2024:22:34:16 -0700] "HEAD /Static/ueditor/net/controller.ashx?action=catchimage HTTP/1.1" 404 231 "-" "Mozilla/5.0 (Windows NT 6.1; Win64; x64) AppleWebKit/537.36 (KHTML, like Gecko) Chrome/89.0.4389.128" 
14.128.37.37 - - [26/Mar/2024:22:34:17 -0700] "HEAD /UEditor/net?action=catchimage HTTP/1.1" 404 231 "-" "Mozilla/5.0 (Windows NT 6.1; Win64; x64) AppleWebKit/537.36 (KHTML, like Gecko) Chrome/89.0.4389.128" 
14.128.37.37 - - [26/Mar/2024:22:34:17 -0700] "HEAD /UEditor?action=catchimage HTTP/1.1" 404 231 "-" "Mozilla/5.0 (Windows NT 6.1; Win64; x64) AppleWebKit/537.36 (KHTML, like Gecko) Chrome/89.0.4389.128" 
14.128.37.37 - - [26/Mar/2024:22:34:17 -0700] "HEAD /UMditor/controller.ashx?action=catchimage HTTP/1.1" 404 231 "-" "Mozilla/5.0 (Windows NT 6.1; Win64; x64) AppleWebKit/537.36 (KHTML, like Gecko) Chrome/89.0.4389.128" 
14.128.37.37 - - [26/Mar/2024:22:34:17 -0700] "HEAD /UserControls/ueditor/net/controller.ashx?action=catchimage HTTP/1.1" 404 231 "-" "Mozilla/5.0 (Windows NT 6.1; Win64; x64) AppleWebKit/537.36 (KHTML, like Gecko) Chrome/89.0.4389.128" 
14.128.37.37 - - [26/Mar/2024:22:34:18 -0700] "HEAD /Uti1ity/UEditor/net?action=catchimage HTTP/1.1" 404 231 "-" "Mozilla/5.0 (Windows NT 6.1; Win64; x64) AppleWebKit/537.36 (KHTML, like Gecko) Chrome/89.0.4389.128" 
14.128.37.37 - - [26/Mar/2024:22:34:18 -0700] "HEAD /Utility/UEditor?action=catchimage HTTP/1.1" 404 231 "-" "Mozilla/5.0 (Windows NT 6.1; Win64; x64) AppleWebKit/537.36 (KHTML, like Gecko) Chrome/89.0.4389.128" 
14.128.37.37 - - [26/Mar/2024:22:34:18 -0700] "HEAD /Utility/ueditor/net/controller.ashx?action=catchimage HTTP/1.1" 404 231 "-" "Mozilla/5.0 (Windows NT 6.1; Win64; x64) AppleWebKit/537.36 (KHTML, like Gecko) Chrome/89.0.4389.128" 
14.128.37.37 - - [26/Mar/2024:22:34:18 -0700] "HEAD /admin/editor/umditor/net/controller.ashx?action=catchimage HTTP/1.1" 404 231 "-" "Mozilla/5.0 (Windows NT 6.1; Win64; x64) AppleWebKit/537.36 (KHTML, like Gecko) Chrome/89.0.4389.128" 
14.128.37.37 - - [26/Mar/2024:22:34:19 -0700] "HEAD /admin/lib/ueditor/1.4.3/net/controller.ashx?action=catchimage HTTP/1.1" 404 231 "-" "Mozilla/5.0 (Windows NT 6.1; Win64; x64) AppleWebKit/537.36 (KHTML, like Gecko) Chrome/89.0.4389.128" 
14.128.37.37 - - [26/Mar/2024:22:34:19 -0700] "HEAD /admin/lib/ueditor/net/controller.ashx?action=catchimage HTTP/1.1" 404 231 "-" "Mozilla/5.0 (Windows NT 6.1; Win64; x64) AppleWebKit/537.36 (KHTML, like Gecko) Chrome/89.0.4389.128" 
14.128.37.37 - - [26/Mar/2024:22:34:19 -0700] "HEAD /admin/net/controller.ashx?action=catchimage HTTP/1.1" 404 231 "-" "Mozilla/5.0 (Windows NT 6.1; Win64; x64) AppleWebKit/537.36 (KHTML, like Gecko) Chrome/89.0.4389.128" 
14.128.37.37 - - [26/Mar/2024:22:34:19 -0700] "HEAD /admin/plugin/umditor/net/controller.ashx?action=catchimage HTTP/1.1" 404 231 "-" "Mozilla/5.0 (Windows NT 6.1; Win64; x64) AppleWebKit/537.36 (KHTML, like Gecko) Chrome/89.0.4389.128" 
14.128.37.37 - - [26/Mar/2024:22:34:20 -0700] "HEAD /admin/plugins/umditor/net/controller.ashx?action=catchimage HTTP/1.1" 404 231 "-" "Mozilla/5.0 (Windows NT 6.1; Win64; x64) AppleWebKit/537.36 (KHTML, like Gecko) Chrome/89.0.4389.128" 
14.128.37.37 - - [26/Mar/2024:22:34:20 -0700] "HEAD /admin/script/umditor/net/controller.ashx?action=catchimage HTTP/1.1" 404 231 "-" "Mozilla/5.0 (Windows NT 6.1; Win64; x64) AppleWebKit/537.36 (KHTML, like Gecko) Chrome/89.0.4389.128" 
14.128.37.37 - - [26/Mar/2024:22:34:20 -0700] "HEAD /admin/ue/net/controller.ashx?action=catchimage HTTP/1.1" 404 231 "-" "Mozilla/5.0 (Windows NT 6.1; Win64; x64) AppleWebKit/537.36 (KHTML, like Gecko) Chrome/89.0.4389.128" 
14.128.37.37 - - [26/Mar/2024:22:34:20 -0700] "HEAD /admin/ueditor1/net/controller.ashx?action=catchimage HTTP/1.1" 404 231 "-" "Mozilla/5.0 (Windows NT 6.1; Win64; x64) AppleWebKit/537.36 (KHTML, like Gecko) Chrome/89.0.4389.128" 
14.128.37.37 - - [26/Mar/2024:22:34:21 -0700] "HEAD /admin/ueditor123/net/controller.ashx?action=catchimage HTTP/1.1" 404 231 "-" "Mozilla/5.0 (Windows NT 6.1; Win64; x64) AppleWebKit/537.36 (KHTML, like Gecko) Chrome/89.0.4389.128" 
14.128.37.37 - - [26/Mar/2024:22:34:21 -0700] "HEAD /admin/ueditor1_4_3-utf8-net/net/controller.ashx?action=catchimage HTTP/1.1" 404 231 "-" "Mozilla/5.0 (Windows NT 6.1; Win64; x64) AppleWebKit/537.36 (KHTML, like Gecko) Chrome/89.0.4389.128" 
14.128.37.37 - - [26/Mar/2024:22:34:21 -0700] "HEAD /ashx/controller.ashx?action=catchimage HTTP/1.1" 404 231 "-" "Mozilla/5.0 (Windows NT 6.1; Win64; x64) AppleWebKit/537.36 (KHTML, like Gecko) Chrome/89.0.4389.128" 
14.128.37.37 - - [26/Mar/2024:22:34:21 -0700] "HEAD /case/ueditor1_4_3-utf8-net/net/controller.ashx?action=catchimage HTTP/1.1" 404 231 "-" "Mozilla/5.0 (Windows NT 6.1; Win64; x64) AppleWebKit/537.36 (KHTML, like Gecko) Chrome/89.0.4389.128" 
14.128.37.37 - - [26/Mar/2024:22:34:22 -0700] "HEAD /controller.ashx?action=catchimage HTTP/1.1" 404 231 "-" "Mozilla/5.0 (Windows NT 6.1; Win64; x64) AppleWebKit/537.36 (KHTML, like Gecko) Chrome/89.0.4389.128" 
14.128.37.37 - - [26/Mar/2024:22:34:22 -0700] "HEAD /editor/UEditor?action=catchimage HTTP/1.1" 404 231 "-" "Mozilla/5.0 (Windows NT 6.1; Win64; x64) AppleWebKit/537.36 (KHTML, like Gecko) Chrome/89.0.4389.128" 
14.128.37.37 - - [26/Mar/2024:22:34:22 -0700] "HEAD /editor/net/UEditor?action=catchimage HTTP/1.1" 404 231 "-" "Mozilla/5.0 (Windows NT 6.1; Win64; x64) AppleWebKit/537.36 (KHTML, like Gecko) Chrome/89.0.4389.128" 
14.128.37.37 - - [26/Mar/2024:22:34:22 -0700] "HEAD /lib/ueditor/1.4.3/net/controller.ashx?action=catchimage HTTP/1.1" 404 231 "-" "Mozilla/5.0 (Windows NT 6.1; Win64; x64) AppleWebKit/537.36 (KHTML, like Gecko) Chrome/89.0.4389.128" 
14.128.37.37 - - [26/Mar/2024:22:34:23 -0700] "HEAD /lib/ueditor/net/controller.ashx?action=catchimage HTTP/1.1" 404 231 "-" "Mozilla/5.0 (Windows NT 6.1; Win64; x64) AppleWebKit/537.36 (KHTML, like Gecko) Chrome/89.0.4389.128" 
14.128.37.37 - - [26/Mar/2024:22:34:23 -0700] "HEAD /manage/ueditor1/net/controller.ashx?action=catchimage HTTP/1.1" 404 231 "-" "Mozilla/5.0 (Windows NT 6.1; Win64; x64) AppleWebKit/537.36 (KHTML, like Gecko) Chrome/89.0.4389.128" 
14.128.37.37 - - [26/Mar/2024:22:34:23 -0700] "HEAD /manage/ueditor123/net/controller.ashx?action=catchimage HTTP/1.1" 404 231 "-" "Mozilla/5.0 (Windows NT 6.1; Win64; x64) AppleWebKit/537.36 (KHTML, like Gecko) Chrome/89.0.4389.128" 
14.128.37.37 - - [26/Mar/2024:22:34:23 -0700] "HEAD /manage/ueditor1_4_3-utf8-net/net/controller.ashx?action=catchimage HTTP/1.1" 404 231 "-" "Mozilla/5.0 (Windows NT 6.1; Win64; x64) AppleWebKit/537.36 (KHTML, like Gecko) Chrome/89.0.4389.128" 
14.128.37.37 - - [26/Mar/2024:22:34:24 -0700] "HEAD /manager/ueditor1/net/controller.ashx?action=catchimage HTTP/1.1" 404 231 "-" "Mozilla/5.0 (Windows NT 6.1; Win64; x64) AppleWebKit/537.36 (KHTML, like Gecko) Chrome/89.0.4389.128" 
14.128.37.37 - - [26/Mar/2024:22:34:24 -0700] "HEAD /manager/ueditor123/net/controller.ashx?action=catchimage HTTP/1.1" 404 231 "-" "Mozilla/5.0 (Windows NT 6.1; Win64; x64) AppleWebKit/537.36 (KHTML, like Gecko) Chrome/89.0.4389.128" 
14.128.37.37 - - [26/Mar/2024:22:34:24 -0700] "HEAD /manager/ueditor1_4_3-utf8-net/net/controller.ashx?action=catchimage HTTP/1.1" 404 231 "-" "Mozilla/5.0 (Windows NT 6.1; Win64; x64) AppleWebKit/537.36 (KHTML, like Gecko) Chrome/89.0.4389.128" 
14.128.37.37 - - [26/Mar/2024:22:34:24 -0700] "HEAD /net/UEditor?action=catchimage HTTP/1.1" 404 231 "-" "Mozilla/5.0 (Windows NT 6.1; Win64; x64) AppleWebKit/537.36 (KHTML, like Gecko) Chrome/89.0.4389.128" 
14.128.37.37 - - [26/Mar/2024:22:34:25 -0700] "HEAD /net?action=catchimage HTTP/1.1" 404 231 "-" "Mozilla/5.0 (Windows NT 6.1; Win64; x64) AppleWebKit/537.36 (KHTML, like Gecko) Chrome/89.0.4389.128" 
14.128.37.37 - - [26/Mar/2024:22:34:25 -0700] "HEAD /plugin/UEditor?action=catchimage HTTP/1.1" 404 231 "-" "Mozilla/5.0 (Windows NT 6.1; Win64; x64) AppleWebKit/537.36 (KHTML, like Gecko) Chrome/89.0.4389.128" 
14.128.37.37 - - [26/Mar/2024:22:34:25 -0700] "HEAD /plugin/net/UEditor?action=catchimage HTTP/1.1" 404 231 "-" "Mozilla/5.0 (Windows NT 6.1; Win64; x64) AppleWebKit/537.36 (KHTML, like Gecko) Chrome/89.0.4389.128" 
14.128.37.37 - - [26/Mar/2024:22:34:25 -0700] "HEAD /plugin/umditor/net/controller.ashx?action=catchimage HTTP/1.1" 404 231 "-" "Mozilla/5.0 (Windows NT 6.1; Win64; x64) AppleWebKit/537.36 (KHTML, like Gecko) Chrome/89.0.4389.128" 
14.128.37.37 - - [26/Mar/2024:22:34:26 -0700] "HEAD /plugins/umditor/net/controller.ashx?action=catchimage HTTP/1.1" 404 231 "-" "Mozilla/5.0 (Windows NT 6.1; Win64; x64) AppleWebKit/537.36 (KHTML, like Gecko) Chrome/89.0.4389.128" 
14.128.37.37 - - [26/Mar/2024:22:34:26 -0700] "HEAD /script/editor/UEditor?action=catchimage HTTP/1.1" 404 231 "-" "Mozilla/5.0 (Windows NT 6.1; Win64; x64) AppleWebKit/537.36 (KHTML, like Gecko) Chrome/89.0.4389.128" 
14.128.37.37 - - [26/Mar/2024:22:34:26 -0700] "HEAD /script/editor/net/UEditor?action=catchimage HTTP/1.1" 404 231 "-" "Mozilla/5.0 (Windows NT 6.1; Win64; x64) AppleWebKit/537.36 (KHTML, like Gecko) Chrome/89.0.4389.128" 
14.128.37.37 - - [26/Mar/2024:22:34:26 -0700] "HEAD /script/umditor/net/controller.ashx?action=catchimage HTTP/1.1" 404 231 "-" "Mozilla/5.0 (Windows NT 6.1; Win64; x64) AppleWebKit/537.36 (KHTML, like Gecko) Chrome/89.0.4389.128" 
14.128.37.37 - - [26/Mar/2024:22:34:27 -0700] "HEAD /scripts/ueditor/net/controller.ashx?action=catchimage HTTP/1.1" 404 231 "-" "Mozilla/5.0 (Windows NT 6.1; Win64; x64) AppleWebKit/537.36 (KHTML, like Gecko) Chrome/89.0.4389.128" 
14.128.37.37 - - [26/Mar/2024:22:34:27 -0700] "HEAD /statics/ueditor1_4_3-utf8-net/net/controller.ashx?action=catchimage HTTP/1.1" 404 231 "-" "Mozilla/5.0 (Windows NT 6.1; Win64; x64) AppleWebKit/537.36 (KHTML, like Gecko) Chrome/89.0.4389.128" 
14.128.37.37 - - [26/Mar/2024:22:34:27 -0700] "HEAD /system/ueditor1_4_3-utf8-net/net/controller.ashx?action=catchimage HTTP/1.1" 404 231 "-" "Mozilla/5.0 (Windows NT 6.1; Win64; x64) AppleWebKit/537.36 (KHTML, like Gecko) Chrome/89.0.4389.128" 
14.128.37.37 - - [26/Mar/2024:22:34:27 -0700] "HEAD /tool/ueditor/net/controller.ashx?action=catchimage HTTP/1.1" 404 231 "-" "Mozilla/5.0 (Windows NT 6.1; Win64; x64) AppleWebKit/537.36 (KHTML, like Gecko) Chrome/89.0.4389.128" 
14.128.37.37 - - [26/Mar/2024:22:34:28 -0700] "HEAD /tools/controller.ashx?action=catchimage HTTP/1.1" 404 231 "-" "Mozilla/5.0 (Windows NT 6.1; Win64; x64) AppleWebKit/537.36 (KHTML, like Gecko) Chrome/89.0.4389.128" 
14.128.37.37 - - [26/Mar/2024:22:34:28 -0700] "HEAD /tools/ueditor/net/controller.ashx?action=catchimage HTTP/1.1" 404 231 "-" "Mozilla/5.0 (Windows NT 6.1; Win64; x64) AppleWebKit/537.36 (KHTML, like Gecko) Chrome/89.0.4389.128" 
14.128.37.37 - - [26/Mar/2024:22:34:28 -0700] "HEAD /ueditor/UEditor?action=catchimage HTTP/1.1" 404 231 "-" "Mozilla/5.0 (Windows NT 6.1; Win64; x64) AppleWebKit/537.36 (KHTML, like Gecko) Chrome/89.0.4389.128" 
14.128.37.37 - - [26/Mar/2024:22:34:28 -0700] "HEAD /ueditor/controller.ashx?action=catchimage HTTP/1.1" 404 231 "-" "Mozilla/5.0 (Windows NT 6.1; Win64; x64) AppleWebKit/537.36 (KHTML, like Gecko) Chrome/89.0.4389.128" 
14.128.37.37 - - [26/Mar/2024:22:34:29 -0700] "HEAD /ueditor/net/UEditor?action=catchimage HTTP/1.1" 404 231 "-" "Mozilla/5.0 (Windows NT 6.1; Win64; x64) AppleWebKit/537.36 (KHTML, like Gecko) Chrome/89.0.4389.128" 
14.128.37.37 - - [26/Mar/2024:22:34:29 -0700] "HEAD /ueditor/net/controller.ashx?action=catchimage HTTP/1.1" 404 231 "-" "Mozilla/5.0 (Windows NT 6.1; Win64; x64) AppleWebKit/537.36 (KHTML, like Gecko) Chrome/89.0.4389.128" 
14.128.37.37 - - [26/Mar/2024:22:34:29 -0700] "HEAD /uploadfile/ueditor/net/controller.ashx?action=catchimage HTTP/1.1" 404 231 "-" "Mozilla/5.0 (Windows NT 6.1; Win64; x64) AppleWebKit/537.36 (KHTML, like Gecko) Chrome/89.0.4389.128" 
14.128.37.37 - - [26/Mar/2024:22:34:29 -0700] "HEAD /uploadfiles/ueditor/net/controller.ashx?action=catchimage HTTP/1.1" 404 231 "-" "Mozilla/5.0 (Windows NT 6.1; Win64; x64) AppleWebKit/537.36 (KHTML, like Gecko) Chrome/89.0.4389.128" 
14.128.37.37 - - [26/Mar/2024:22:34:30 -0700] "HEAD /utf8-net/net/controller.ashx?action=catchimage HTTP/1.1" 404 231 "-" "Mozilla/5.0 (Windows NT 6.1; Win64; x64) AppleWebKit/537.36 (KHTML, like Gecko) Chrome/89.0.4389.128" 
54.39.190.168 - - [26/Mar/2024:22:34:45 -0700] "GET / HTTP/1.1" 301 419 "-" "Mozilla/5.0 (compatible; YaK/1.0; http://linkfluence.com/; bot@linkfluence.com)" 
107.20.105.74 - - [26/Mar/2024:22:36:40 -0700] "HEAD / HTTP/1.1" 301 186 "-" "DreamHost SiteMonitor 1.0" 
107.20.105.74 - - [26/Mar/2024:22:36:40 -0700] "HEAD / HTTP/1.1" 200 359 "http://66.33.221.139" "DreamHost SiteMonitor 1.0" 
54.39.190.168 - - [26/Mar/2024:22:37:09 -0700] "GET / HTTP/1.1" 301 419 "-" "Mozilla/5.0 (compatible; YaK/1.0; http://linkfluence.com/; bot@linkfluence.com)" 
54.39.190.168 - - [26/Mar/2024:22:39:13 -0700] "GET / HTTP/1.1" 301 419 "-" "Mozilla/5.0 (compatible; YaK/1.0; http://linkfluence.com/; bot@linkfluence.com)" 
107.20.105.74 - - [26/Mar/2024:22:46:40 -0700] "HEAD / HTTP/1.1" 301 186 "-" "DreamHost SiteMonitor 1.0" 
107.20.105.74 - - [26/Mar/2024:22:46:40 -0700] "HEAD / HTTP/1.1" 200 359 "http://66.33.221.139" "DreamHost SiteMonitor 1.0" 
222.136.172.7 - - [26/Mar/2024:22:52:53 -0700] "GET /favicon.ico HTTP/1.1" 200 391 "-" "Mozilla/5.0 (Windows NT 10.0; Win64; x64) AppleWebKit/537.36 (KHTML, like Gecko) Chrome/114.0.5735.289 Safari/537.36" 
216.244.66.245 - - [26/Mar/2024:22:54:46 -0700] "GET /self.logs/2015/access.log.2015-07-09.gz HTTP/1.1" 200 4804 "-" "Mozilla/5.0 (compatible; DotBot/1.2; +https://opensiteexplorer.org/dotbot; help@moz.com)" 
216.244.66.245 - - [26/Mar/2024:22:55:13 -0700] "GET /self.logs/2015/access.log.2015-08-28.gz HTTP/1.1" 200 7916 "-" "Mozilla/5.0 (compatible; DotBot/1.2; +https://opensiteexplorer.org/dotbot; help@moz.com)" 
216.244.66.245 - - [26/Mar/2024:22:55:39 -0700] "GET /self.logs/2015/access.log.2015-12-06.gz HTTP/1.1" 200 9472 "-" "Mozilla/5.0 (compatible; DotBot/1.2; +https://opensiteexplorer.org/dotbot; help@moz.com)" 
114.119.155.236 - - [26/Mar/2024:22:55:46 -0700] "GET /self.logs/error.log.2020-11-11 HTTP/1.1" 200 351 "http://www.secrepo.com/self.logs?C=N%3BO%3DD" "Mozilla/5.0 (Linux; Android 7.0;) AppleWebKit/537.36 (KHTML, like Gecko) Mobile Safari/537.36 (compatible; PetalBot;+https://webmaster.petalsearch.com/site/petalbot)" 
216.244.66.245 - - [26/Mar/2024:22:56:04 -0700] "GET /self.logs/2015/access.log.2015-12-24.gz HTTP/1.1" 200 5419 "-" "Mozilla/5.0 (compatible; DotBot/1.2; +https://opensiteexplorer.org/dotbot; help@moz.com)" 
216.244.66.245 - - [26/Mar/2024:22:56:29 -0700] "GET /self.logs/2015/error.log.2015-03-14.gz HTTP/1.1" 200 988 "-" "Mozilla/5.0 (compatible; DotBot/1.2; +https://opensiteexplorer.org/dotbot; help@moz.com)" 
107.20.105.74 - - [26/Mar/2024:22:56:40 -0700] "HEAD / HTTP/1.1" 301 186 "-" "DreamHost SiteMonitor 1.0" 
107.20.105.74 - - [26/Mar/2024:22:56:40 -0700] "HEAD / HTTP/1.1" 200 359 "http://66.33.221.139" "DreamHost SiteMonitor 1.0" 
216.244.66.245 - - [26/Mar/2024:22:56:52 -0700] "GET /self.logs/2015/error.log.2015-04-19.gz HTTP/1.1" 200 939 "-" "Mozilla/5.0 (compatible; DotBot/1.2; +https://opensiteexplorer.org/dotbot; help@moz.com)" 
216.244.66.245 - - [26/Mar/2024:22:57:15 -0700] "GET /self.logs/2015/error.log.2015-06-26.gz HTTP/1.1" 200 819 "-" "Mozilla/5.0 (compatible; DotBot/1.2; +https://opensiteexplorer.org/dotbot; help@moz.com)" 
114.119.157.24 - - [26/Mar/2024:22:57:30 -0700] "GET /self.logs/error.log.2020-05-17 HTTP/1.1" 200 351 "http://www.secrepo.com/self.logs?C=N%3BO%3DD" "Mozilla/5.0 (Linux; Android 7.0;) AppleWebKit/537.36 (KHTML, like Gecko) Mobile Safari/537.36 (compatible; PetalBot;+https://webmaster.petalsearch.com/site/petalbot)" 
216.244.66.245 - - [26/Mar/2024:22:57:41 -0700] "GET /self.logs/2015/error.log.2015-07-22.gz HTTP/1.1" 200 769 "-" "Mozilla/5.0 (compatible; DotBot/1.2; +https://opensiteexplorer.org/dotbot; help@moz.com)" 
216.244.66.245 - - [26/Mar/2024:22:58:18 -0700] "GET /self.logs/2015/error.log.2015-10-19.gz HTTP/1.1" 200 748 "-" "Mozilla/5.0 (compatible; DotBot/1.2; +https://opensiteexplorer.org/dotbot; help@moz.com)" 
216.244.66.245 - - [26/Mar/2024:22:58:47 -0700] "GET /self.logs/2016/access.log.2016-01-17.gz HTTP/1.1" 200 4408 "-" "Mozilla/5.0 (compatible; DotBot/1.2; +https://opensiteexplorer.org/dotbot; help@moz.com)" 
114.119.128.10 - - [26/Mar/2024:22:59:35 -0700] "GET /self.logs/error.log.2020-04-19 HTTP/1.1" 200 351 "http://www.secrepo.com/self.logs?C=N%3BO%3DD" "Mozilla/5.0 (Linux; Android 7.0;) AppleWebKit/537.36 (KHTML, like Gecko) Mobile Safari/537.36 (compatible; PetalBot;+https://webmaster.petalsearch.com/site/petalbot)" 
216.244.66.245 - - [26/Mar/2024:22:59:57 -0700] "GET /self.logs/2016/access.log.2016-04-28.gz HTTP/1.1" 200 10832 "-" "Mozilla/5.0 (compatible; DotBot/1.2; +https://opensiteexplorer.org/dotbot; help@moz.com)" 
216.244.66.245 - - [26/Mar/2024:23:00:29 -0700] "GET /self.logs/2016/access.log.2016-05-01.gz HTTP/1.1" 200 10071 "-" "Mozilla/5.0 (compatible; DotBot/1.2; +https://opensiteexplorer.org/dotbot; help@moz.com)" 
216.244.66.245 - - [26/Mar/2024:23:00:58 -0700] "GET /self.logs/2016/access.log.2016-05-28.gz HTTP/1.1" 200 7545 "-" "Mozilla/5.0 (compatible; DotBot/1.2; +https://opensiteexplorer.org/dotbot; help@moz.com)" 
216.244.66.245 - - [26/Mar/2024:23:01:28 -0700] "GET /self.logs/2016/access.log.2016-06-25.gz HTTP/1.1" 200 5818 "-" "Mozilla/5.0 (compatible; DotBot/1.2; +https://opensiteexplorer.org/dotbot; help@moz.com)" 
216.244.66.245 - - [26/Mar/2024:23:02:18 -0700] "GET /self.logs/2016/error.log.2016-03-31.gz HTTP/1.1" 200 905 "-" "Mozilla/5.0 (compatible; DotBot/1.2; +https://opensiteexplorer.org/dotbot; help@moz.com)" 
216.244.66.245 - - [26/Mar/2024:23:02:48 -0700] "GET /self.logs/access.log.2017-01-11.gz HTTP/1.1" 200 93012 "-" "Mozilla/5.0 (compatible; DotBot/1.2; +https://opensiteexplorer.org/dotbot; help@moz.com)" 
216.244.66.245 - - [26/Mar/2024:23:03:39 -0700] "GET /self.logs/access.log.2017-02-05.gz HTTP/1.1" 200 17952 "-" "Mozilla/5.0 (compatible; DotBot/1.2; +https://opensiteexplorer.org/dotbot; help@moz.com)" 
114.119.155.236 - - [26/Mar/2024:23:03:50 -0700] "GET /self.logs/error.log.2020-02-28 HTTP/1.1" 200 351 "http://www.secrepo.com/self.logs?C=N%3BO%3DD" "Mozilla/5.0 (Linux; Android 7.0;) AppleWebKit/537.36 (KHTML, like Gecko) Mobile Safari/537.36 (compatible; PetalBot;+https://webmaster.petalsearch.com/site/petalbot)" 
216.244.66.245 - - [26/Mar/2024:23:04:16 -0700] "GET /self.logs/access.log.2017-02-06.gz HTTP/1.1" 200 30066 "-" "Mozilla/5.0 (compatible; DotBot/1.2; +https://opensiteexplorer.org/dotbot; help@moz.com)" 
216.244.66.245 - - [26/Mar/2024:23:05:07 -0700] "GET /self.logs/2015/error.log.2015-02-04.gz HTTP/1.1" 200 557 "-" "Mozilla/5.0 (compatible; DotBot/1.2; +https://opensiteexplorer.org/dotbot; help@moz.com)" 
216.244.66.245 - - [26/Mar/2024:23:05:42 -0700] "GET /self.logs/2015/error.log.2015-03-12.gz HTTP/1.1" 200 2759 "-" "Mozilla/5.0 (compatible; DotBot/1.2; +https://opensiteexplorer.org/dotbot; help@moz.com)" 
216.244.66.245 - - [26/Mar/2024:23:06:10 -0700] "GET /self.logs/access.log.2017-03-04.gz HTTP/1.1" 200 15683 "-" "Mozilla/5.0 (compatible; DotBot/1.2; +https://opensiteexplorer.org/dotbot; help@moz.com)" 
107.20.105.74 - - [26/Mar/2024:23:06:40 -0700] "HEAD / HTTP/1.1" 301 186 "-" "DreamHost SiteMonitor 1.0" 
107.20.105.74 - - [26/Mar/2024:23:06:40 -0700] "HEAD / HTTP/1.1" 200 359 "http://66.33.221.139" "DreamHost SiteMonitor 1.0" 
216.244.66.245 - - [26/Mar/2024:23:06:44 -0700] "GET /self.logs/access.log.2017-07-04.gz HTTP/1.1" 200 20170 "-" "Mozilla/5.0 (compatible; DotBot/1.2; +https://opensiteexplorer.org/dotbot; help@moz.com)" 
216.244.66.245 - - [26/Mar/2024:23:07:19 -0700] "GET /self.logs/access.log.2018-02-24.gz HTTP/1.1" 200 24192 "-" "Mozilla/5.0 (compatible; DotBot/1.2; +https://opensiteexplorer.org/dotbot; help@moz.com)" 
216.244.66.245 - - [26/Mar/2024:23:07:49 -0700] "GET /self.logs/access.log.2018-04-24.gz HTTP/1.1" 200 23961 "-" "Mozilla/5.0 (compatible; DotBot/1.2; +https://opensiteexplorer.org/dotbot; help@moz.com)" 
216.244.66.245 - - [26/Mar/2024:23:08:19 -0700] "GET /self.logs/2015/access.log.2015-01-20.gz HTTP/1.1" 200 3684 "-" "Mozilla/5.0 (compatible; DotBot/1.2; +https://opensiteexplorer.org/dotbot; help@moz.com)" 
216.244.66.245 - - [26/Mar/2024:23:09:01 -0700] "GET /self.logs/access.log.2017-03-25.gz HTTP/1.1" 200 13543 "-" "Mozilla/5.0 (compatible; DotBot/1.2; +https://opensiteexplorer.org/dotbot; help@moz.com)" 
216.244.66.245 - - [26/Mar/2024:23:09:32 -0700] "GET /self.logs/access.log.2017-05-22.gz HTTP/1.1" 200 18402 "-" "Mozilla/5.0 (compatible; DotBot/1.2; +https://opensiteexplorer.org/dotbot; help@moz.com)" 
216.244.66.245 - - [26/Mar/2024:23:10:00 -0700] "GET /self.logs/access.log.2018-05-18.gz HTTP/1.1" 200 16482 "-" "Mozilla/5.0 (compatible; DotBot/1.2; +https://opensiteexplorer.org/dotbot; help@moz.com)" 
216.244.66.245 - - [26/Mar/2024:23:10:27 -0700] "GET /self.logs/access.log.2018-11-12.gz HTTP/1.1" 200 30883 "-" "Mozilla/5.0 (compatible; DotBot/1.2; +https://opensiteexplorer.org/dotbot; help@moz.com)" 
216.244.66.245 - - [26/Mar/2024:23:10:56 -0700] "GET /self.logs/access.log.2018-12-27.gz HTTP/1.1" 200 22598 "-" "Mozilla/5.0 (compatible; DotBot/1.2; +https://opensiteexplorer.org/dotbot; help@moz.com)" 
216.244.66.245 - - [26/Mar/2024:23:11:21 -0700] "GET /self.logs/access.log.2019-09-12.gz HTTP/1.1" 200 24570 "-" "Mozilla/5.0 (compatible; DotBot/1.2; +https://opensiteexplorer.org/dotbot; help@moz.com)" 
216.244.66.245 - - [26/Mar/2024:23:11:46 -0700] "GET /self.logs/error.log.2023-05-03 HTTP/1.1" 200 307 "-" "Mozilla/5.0 (compatible; DotBot/1.2; +https://opensiteexplorer.org/dotbot; help@moz.com)" 
216.244.66.245 - - [26/Mar/2024:23:12:09 -0700] "GET /self.logs/access.log.2019-02-14.gz HTTP/1.1" 200 19090 "-" "Mozilla/5.0 (compatible; DotBot/1.2; +https://opensiteexplorer.org/dotbot; help@moz.com)" 
216.244.66.245 - - [26/Mar/2024:23:12:31 -0700] "GET /self.logs/access.log.2021-08-06.gz HTTP/1.1" 200 20485 "-" "Mozilla/5.0 (compatible; DotBot/1.2; +https://opensiteexplorer.org/dotbot; help@moz.com)" 
216.244.66.245 - - [26/Mar/2024:23:12:56 -0700] "GET /self.logs/access.log.2020-04-28.gz HTTP/1.1" 200 18741 "-" "Mozilla/5.0 (compatible; DotBot/1.2; +https://opensiteexplorer.org/dotbot; help@moz.com)" 
107.20.105.74 - - [26/Mar/2024:23:16:40 -0700] "HEAD / HTTP/1.1" 301 186 "-" "DreamHost SiteMonitor 1.0" 
107.20.105.74 - - [26/Mar/2024:23:16:40 -0700] "HEAD / HTTP/1.1" 200 359 "http://66.33.221.139" "DreamHost SiteMonitor 1.0" 
54.36.149.26 - - [26/Mar/2024:23:22:44 -0700] "GET /robots.txt HTTP/1.1" 200 333 "-" "Mozilla/5.0 (compatible; AhrefsBot/7.0; +http://ahrefs.com/robot/)" 
134.209.94.179 - - [26/Mar/2024:23:23:33 -0700] "GET / HTTP/1.1" 301 419 "-" "Mozilla/5.0 (Windows NT 10.0; Win64; x64) AppleWebKit/537.36 (KHTML, like Gecko) Chrome/115.0.0.0 Safari/537.36 Edg/115.0.1901.188" 
134.209.94.179 - - [26/Mar/2024:23:23:33 -0700] "GET / HTTP/1.1" 200 49089 "-" "Mozilla/5.0 (Windows NT 10.0; Win64; x64) AppleWebKit/537.36 (KHTML, like Gecko) Chrome/115.0.0.0 Safari/537.36 Edg/115.0.1901.188" 
188.166.26.210 - - [26/Mar/2024:23:23:34 -0700] "GET / HTTP/1.1" 200 49089 "-" "Mozilla/5.0 (Windows NT 10.0; Win64; x64) AppleWebKit/537.36 (KHTML, like Gecko) Chrome/114.0.0.0 YaBrowser/23.7.2.765 Yowser/2.5 Safari/537.36" 
188.166.26.210 - - [26/Mar/2024:23:23:34 -0700] "GET /robots.txt HTTP/1.1" 301 439 "-" "Mozilla/5.0 (Windows NT 10.0; Win64; x64) AppleWebKit/537.36 (KHTML, like Gecko) Chrome/114.0.0.0 YaBrowser/23.7.2.765 Yowser/2.5 Safari/537.36" 
188.166.26.210 - - [26/Mar/2024:23:23:35 -0700] "GET /robots.txt HTTP/1.1" 200 333 "-" "Mozilla/5.0 (Windows NT 10.0; Win64; x64) AppleWebKit/537.36 (KHTML, like Gecko) Chrome/114.0.0.0 YaBrowser/23.7.2.765 Yowser/2.5 Safari/537.36" 
188.166.67.127 - - [26/Mar/2024:23:23:35 -0700] "GET / HTTP/1.1" 301 419 "-" "Mozilla/5.0 (X11; Linux x86_64) AppleWebKit/537.36 (KHTML, like Gecko) Chrome/77.0.3865.75 Safari/537.36" 
188.166.67.127 - - [26/Mar/2024:23:23:35 -0700] "GET / HTTP/1.1" 200 49089 "-" "Mozilla/5.0 (X11; Linux x86_64) AppleWebKit/537.36 (KHTML, like Gecko) Chrome/77.0.3865.75 Safari/537.36" 
107.20.105.74 - - [26/Mar/2024:23:26:40 -0700] "HEAD / HTTP/1.1" 301 186 "-" "DreamHost SiteMonitor 1.0" 
107.20.105.74 - - [26/Mar/2024:23:26:40 -0700] "HEAD / HTTP/1.1" 200 359 "http://66.33.221.139" "DreamHost SiteMonitor 1.0" 
107.20.105.74 - - [26/Mar/2024:23:36:40 -0700] "HEAD / HTTP/1.1" 301 186 "-" "DreamHost SiteMonitor 1.0" 
107.20.105.74 - - [26/Mar/2024:23:36:40 -0700] "HEAD / HTTP/1.1" 200 359 "http://66.33.221.139" "DreamHost SiteMonitor 1.0" 
107.20.105.74 - - [26/Mar/2024:23:46:40 -0700] "HEAD / HTTP/1.1" 301 186 "-" "DreamHost SiteMonitor 1.0" 
107.20.105.74 - - [26/Mar/2024:23:46:40 -0700] "HEAD / HTTP/1.1" 200 359 "http://66.33.221.139" "DreamHost SiteMonitor 1.0" 
216.244.66.245 - - [26/Mar/2024:23:55:49 -0700] "GET /robots.txt HTTP/1.1" 200 333 "-" "Mozilla/5.0 (compatible; DotBot/1.2; +https://opensiteexplorer.org/dotbot; help@moz.com)" 
107.20.105.74 - - [26/Mar/2024:23:56:40 -0700] "HEAD / HTTP/1.1" 301 186 "-" "DreamHost SiteMonitor 1.0" 
107.20.105.74 - - [26/Mar/2024:23:56:40 -0700] "HEAD / HTTP/1.1" 200 359 "http://66.33.221.139" "DreamHost SiteMonitor 1.0" 
51.222.253.18 - - [27/Mar/2024:00:00:36 -0700] "GET /Datasets%20Description/PE_malware/OPCleaver.html HTTP/1.1" 200 1414 "-" "Mozilla/5.0 (compatible; AhrefsBot/7.0; +http://ahrefs.com/robot/)" 
114.119.150.155 - - [27/Mar/2024:00:03:56 -0700] "GET /self.logs/error.log.2020-06-20 HTTP/1.1" 200 351 "http://www.secrepo.com/self.logs?C=N%3BO%3DD" "Mozilla/5.0 (Linux; Android 7.0;) AppleWebKit/537.36 (KHTML, like Gecko) Mobile Safari/537.36 (compatible; PetalBot;+https://webmaster.petalsearch.com/site/petalbot)" 
216.244.66.245 - - [27/Mar/2024:00:05:47 -0700] "GET /auth.log/auth.log.gz HTTP/1.1" 200 73000 "-" "Mozilla/5.0 (compatible; DotBot/1.2; +https://opensiteexplorer.org/dotbot; help@moz.com)" 
107.20.105.74 - - [27/Mar/2024:00:06:40 -0700] "HEAD / HTTP/1.1" 301 186 "-" "DreamHost SiteMonitor 1.0" 
107.20.105.74 - - [27/Mar/2024:00:06:40 -0700] "HEAD / HTTP/1.1" 200 359 "http://66.33.221.139" "DreamHost SiteMonitor 1.0" 
216.244.66.245 - - [27/Mar/2024:00:06:18 -0700] "GET /squid/access.log.gz HTTP/1.1" 200 207320 "-" "Mozilla/5.0 (compatible; DotBot/1.2; +https://opensiteexplorer.org/dotbot; help@moz.com)" 
103.131.71.77 - - [27/Mar/2024:00:07:44 -0700] "GET /robots.txt HTTP/1.1" 301 458 "-" "Mozilla/5.0 (compatible; coccocbot-web/1.0; +http://help.coccoc.com/searchengine)" 
103.131.71.77 - - [27/Mar/2024:00:07:46 -0700] "GET /robots.txt HTTP/1.1" 200 340 "-" "Mozilla/5.0 (compatible; coccocbot-web/1.0; +http://help.coccoc.com/searchengine)" 
103.131.71.81 - - [27/Mar/2024:00:07:48 -0700] "GET / HTTP/1.1" 301 438 "-" "Mozilla/5.0 (compatible; coccocbot-web/1.0; +http://help.coccoc.com/searchengine)" 
103.131.71.171 - - [27/Mar/2024:00:07:50 -0700] "GET /robots.txt HTTP/1.1" 200 340 "-" "Mozilla/5.0 (compatible; coccocbot-web/1.0; +http://help.coccoc.com/searchengine)" 
103.131.71.75 - - [27/Mar/2024:00:07:52 -0700] "GET / HTTP/1.1" 200 13147 "-" "Mozilla/5.0 (compatible; coccocbot-web/1.0; +http://help.coccoc.com/searchengine)" 
103.131.71.136 - - [27/Mar/2024:00:07:58 -0700] "GET / HTTP/1.1" 200 13147 "-" "Mozilla/5.0 (compatible; coccocbot-web/1.0; +http://help.coccoc.com/searchengine)" 
157.55.39.62 - - [27/Mar/2024:00:13:44 -0700] "GET /self.logs/access.log.2022-07-21.gz HTTP/1.1" 200 18295 "-" "Mozilla/5.0 AppleWebKit/537.36 (KHTML, like Gecko; compatible; bingbot/2.0; +http://www.bing.com/bingbot.htm) Chrome/116.0.1938.76 Safari/537.36" 
216.244.66.245 - - [27/Mar/2024:00:16:32 -0700] "GET /self.logs/2015/access.log.2015-09-18.gz HTTP/1.1" 200 3877 "-" "Mozilla/5.0 (compatible; DotBot/1.2; +https://opensiteexplorer.org/dotbot; help@moz.com)" 
107.20.105.74 - - [27/Mar/2024:00:16:40 -0700] "HEAD / HTTP/1.1" 301 186 "-" "DreamHost SiteMonitor 1.0" 
107.20.105.74 - - [27/Mar/2024:00:16:40 -0700] "HEAD / HTTP/1.1" 200 359 "http://66.33.221.139" "DreamHost SiteMonitor 1.0" 
216.244.66.245 - - [27/Mar/2024:00:16:57 -0700] "GET /self.logs/2015/error.log.2015-10-12.gz HTTP/1.1" 200 2010 "-" "Mozilla/5.0 (compatible; DotBot/1.2; +https://opensiteexplorer.org/dotbot; help@moz.com)" 
157.55.39.62 - - [27/Mar/2024:00:17:13 -0700] "GET /self.logs/access.log.2020-11-03.gz HTTP/1.1" 200 13577 "-" "Mozilla/5.0 AppleWebKit/537.36 (KHTML, like Gecko; compatible; bingbot/2.0; +http://www.bing.com/bingbot.htm) Chrome/116.0.1938.76 Safari/537.36" 
216.244.66.245 - - [27/Mar/2024:00:17:17 -0700] "GET /self.logs/2016/access.log.2016-04-27.gz HTTP/1.1" 200 9948 "-" "Mozilla/5.0 (compatible; DotBot/1.2; +https://opensiteexplorer.org/dotbot; help@moz.com)" 
