114.119.157.43 - - [15/Feb/2021:07:55:14 -0800] "GET /self.logs/error.log.2019-12-20.gz HTTP/1.1" 200 1131 "-" "Mozilla/5.0 (Linux; Android 7.0;) AppleWebKit/537.36 (KHTML, like Gecko) Mobile Safari/537.36 (compatible; PetalBot;+https://aspiegel.com/petalbot)" 
207.46.13.107 - - [15/Feb/2021:07:55:43 -0800] "GET /self.logs/2016/error.log.2016-04-11.gz HTTP/1.1" 200 1047 "-" "Mozilla/5.0 (compatible; bingbot/2.0; +http://www.bing.com/bingbot.htm)" 
114.119.130.95 - - [15/Feb/2021:08:00:40 -0800] "GET /self.logs/error.log.2017-02-05.gz HTTP/1.1" 200 1391 "-" "Mozilla/5.0 (Linux; Android 7.0;) AppleWebKit/537.36 (KHTML, like Gecko) Mobile Safari/537.36 (compatible; PetalBot;+https://aspiegel.com/petalbot)" 
54.36.148.18 - - [15/Feb/2021:08:02:26 -0800] "GET /self.logs/2016/access.log.2016-07-21.gz HTTP/1.1" 200 8415 "-" "Mozilla/5.0 (compatible; AhrefsBot/7.0; +http://ahrefs.com/robot/)" 
114.119.129.244 - - [15/Feb/2021:08:06:04 -0800] "GET /self.logs/access.log.2019-10-23.gz HTTP/1.1" 200 29081 "-" "Mozilla/5.0 (Linux; Android 7.0;) AppleWebKit/537.36 (KHTML, like Gecko) Mobile Safari/537.36 (compatible; PetalBot;+https://aspiegel.com/petalbot)" 
54.36.149.62 - - [15/Feb/2021:08:10:14 -0800] "GET /self.logs/2016/error.log.2016-02-11.gz HTTP/1.1" 200 886 "-" "Mozilla/5.0 (compatible; AhrefsBot/7.0; +http://ahrefs.com/robot/)" 
114.119.141.53 - - [15/Feb/2021:08:11:30 -0800] "GET /self.logs/access.log.2018-03-07.gz HTTP/1.1" 200 29430 "-" "Mozilla/5.0 (Linux; Android 7.0;) AppleWebKit/537.36 (KHTML, like Gecko) Mobile Safari/537.36 (compatible; PetalBot;+https://aspiegel.com/petalbot)" 
13.66.139.41 - - [15/Feb/2021:08:14:13 -0800] "GET /self.logs/2016/access.log.2016-04-08.gz HTTP/1.1" 200 20071 "-" "Mozilla/5.0 (compatible; bingbot/2.0; +http://www.bing.com/bingbot.htm)" 
13.66.139.41 - - [15/Feb/2021:08:16:54 -0800] "GET /self.logs/access.log.2020-08-08.gz HTTP/1.1" 200 14967 "-" "Mozilla/5.0 (compatible; bingbot/2.0; +http://www.bing.com/bingbot.htm)" 
114.119.159.40 - - [15/Feb/2021:08:16:55 -0800] "GET /self.logs/access.log.2020-02-26.gz HTTP/1.1" 200 15870 "-" "Mozilla/5.0 (Linux; Android 7.0;) AppleWebKit/537.36 (KHTML, like Gecko) Mobile Safari/537.36 (compatible; PetalBot;+https://aspiegel.com/petalbot)" 
54.36.148.55 - - [15/Feb/2021:08:18:10 -0800] "GET /robots.txt HTTP/1.1" 200 333 "-" "Mozilla/5.0 (compatible; AhrefsBot/6.1; +http://ahrefs.com/robot/)" 
54.36.148.18 - - [15/Feb/2021:08:18:11 -0800] "GET /self.logs/2016/error.log.2016-02-10.gz HTTP/1.1" 200 758 "-" "Mozilla/5.0 (compatible; AhrefsBot/7.0; +http://ahrefs.com/robot/)" 
58.22.93.20 - - [15/Feb/2021:08:19:09 -0800] "GET /honeypot/Honeypot%20-%20Howto%20-%20BSides%20Austin.pdf HTTP/1.1" 200 221760 "-" "Mozilla/4.0 (compatible; MSIE 6.0; Windows NT 5.1)" 
114.119.129.244 - - [15/Feb/2021:08:22:20 -0800] "GET /self.logs/access.log.2019-04-22.gz HTTP/1.1" 200 19514 "-" "Mozilla/5.0 (Linux; Android 7.0;) AppleWebKit/537.36 (KHTML, like Gecko) Mobile Safari/537.36 (compatible; PetalBot;+https://aspiegel.com/petalbot)" 
73.200.95.32 - - [15/Feb/2021:08:22:22 -0800] "GET / HTTP/1.1" 200 12883 "-" "Mozilla/5.0 (Linux; Android 11; SM-G986U) AppleWebKit/537.36 (KHTML, like Gecko) Chrome/88.0.4324.152 Mobile Safari/537.36" 
73.200.95.32 - - [15/Feb/2021:08:22:23 -0800] "GET /css/style.css HTTP/1.1" 404 305 "http://www.secrepo.com/" "Mozilla/5.0 (Linux; Android 11; SM-G986U) AppleWebKit/537.36 (KHTML, like Gecko) Chrome/88.0.4324.152 Mobile Safari/537.36" 
73.200.95.32 - - [15/Feb/2021:08:22:23 -0800] "GET /twitter-icon.png HTTP/1.1" 200 27916 "http://www.secrepo.com/" "Mozilla/5.0 (Linux; Android 11; SM-G986U) AppleWebKit/537.36 (KHTML, like Gecko) Chrome/88.0.4324.152 Mobile Safari/537.36" 
73.200.95.32 - - [15/Feb/2021:08:22:23 -0800] "GET /GitHub-Mark.png HTTP/1.1" 200 7533 "http://www.secrepo.com/" "Mozilla/5.0 (Linux; Android 11; SM-G986U) AppleWebKit/537.36 (KHTML, like Gecko) Chrome/88.0.4324.152 Mobile Safari/537.36" 
73.200.95.32 - - [15/Feb/2021:08:22:23 -0800] "GET /bootstrap/img/favicon.ico HTTP/1.1" 200 690 "http://www.secrepo.com/" "Mozilla/5.0 (Linux; Android 11; SM-G986U) AppleWebKit/537.36 (KHTML, like Gecko) Chrome/88.0.4324.152 Mobile Safari/537.36" 
54.36.149.62 - - [15/Feb/2021:08:25:57 -0800] "GET /self.logs/?C=M;O=A HTTP/1.1" 200 28725 "-" "Mozilla/5.0 (compatible; AhrefsBot/7.0; +http://ahrefs.com/robot/)" 
114.119.155.228 - - [15/Feb/2021:08:27:55 -0800] "GET /self.logs/error.log.2019-02-06.gz HTTP/1.1" 200 6028 "-" "Mozilla/5.0 (Linux; Android 7.0;) AppleWebKit/537.36 (KHTML, like Gecko) Mobile Safari/537.36 (compatible; PetalBot;+https://aspiegel.com/petalbot)" 
157.55.39.172 - - [15/Feb/2021:08:28:29 -0800] "GET /self.logs/access.log.2018-06-22.gz HTTP/1.1" 304 280 "-" "Mozilla/5.0 (compatible; bingbot/2.0; +http://www.bing.com/bingbot.htm)" 
17.58.96.135 - - [15/Feb/2021:08:30:44 -0800] "GET /self.logs/error.log.2020-03-03 HTTP/1.1" 200 307 "-" "Mozilla/5.0 (Macintosh; Intel Mac OS X 10_15_5) AppleWebKit/605.1.15 (KHTML, like Gecko) Version/13.1.1 Safari/605.1.15 (Applebot/0.1; +http://www.apple.com/go/applebot)" 
66.249.66.85 - - [15/Feb/2021:08:30:49 -0800] "GET / HTTP/1.1" 200 12882 "-" "Mozilla/5.0 (Linux; Android 6.0.1; Nexus 5X Build/MMB29P) AppleWebKit/537.36 (KHTML, like Gecko) Chrome/88.0.4324.153 Mobile Safari/537.36 (compatible; Googlebot/2.1; +http://www.google.com/bot.html)" 
114.119.157.43 - - [15/Feb/2021:08:33:11 -0800] "GET /self.logs/error.log.2020-07-06.gz HTTP/1.1" 200 870 "-" "Mozilla/5.0 (Linux; Android 7.0;) AppleWebKit/537.36 (KHTML, like Gecko) Mobile Safari/537.36 (compatible; PetalBot;+https://aspiegel.com/petalbot)" 
40.77.167.62 - - [15/Feb/2021:08:33:55 -0800] "GET /self.logs/error.log.2017-04-14.gz HTTP/1.1" 200 1300 "-" "Mozilla/5.0 (compatible; bingbot/2.0; +http://www.bing.com/bingbot.htm)" 
54.36.148.128 - - [15/Feb/2021:08:34:09 -0800] "GET /self.logs/?C=D;O=A HTTP/1.1" 200 27642 "-" "Mozilla/5.0 (compatible; AhrefsBot/7.0; +http://ahrefs.com/robot/)" 
220.181.108.142 - - [15/Feb/2021:08:36:08 -0800] "GET / HTTP/1.1" 301 438 "-" "Mozilla/5.0 (Linux;u;Android 4.2.2;zh-cn;) AppleWebKit/534.46 (KHTML,like Gecko) Version/5.1 Mobile Safari/10600.6.3 (compatible; Baiduspider/2.0; +http://www.baidu.com/search/spider.html)" 
220.181.108.165 - - [15/Feb/2021:08:36:10 -0800] "GET / HTTP/1.1" 200 12845 "-" "Mozilla/5.0 (Linux;u;Android 4.2.2;zh-cn;) AppleWebKit/534.46 (KHTML,like Gecko) Version/5.1 Mobile Safari/10600.6.3 (compatible; Baiduspider/2.0; +http://www.baidu.com/search/spider.html)" 
111.206.198.80 - - [15/Feb/2021:08:36:26 -0800] "GET /css/style.css HTTP/1.1" 404 291 "http://www.secrepo.com/" "Mozilla/5.0 (iPhone; CPU iPhone OS 9_1 like Mac OS X) AppleWebKit/601.1.46 (KHTML, like Gecko) Version/9.0 Mobile/13B143 Safari/601.1 (compatible; Baiduspider-render/2.0; +http://www.baidu.com/search/spider.html)" 
157.55.39.172 - - [15/Feb/2021:08:37:01 -0800] "GET /self.logs/error.log.2018-07-16.gz HTTP/1.1" 200 5837 "-" "Mozilla/5.0 (compatible; bingbot/2.0; +http://www.bing.com/bingbot.htm)" 
114.119.159.101 - - [15/Feb/2021:08:38:36 -0800] "GET /self.logs/access.log.2020-09-08.gz HTTP/1.1" 200 13759 "-" "Mozilla/5.0 (Linux; Android 7.0;) AppleWebKit/537.36 (KHTML, like Gecko) Mobile Safari/537.36 (compatible; PetalBot;+https://aspiegel.com/petalbot)" 
66.249.66.85 - - [15/Feb/2021:08:39:44 -0800] "GET /css/style.css HTTP/1.1" 404 328 "http://www.secrepo.com/" "Mozilla/5.0 (Linux; Android 6.0.1; Nexus 5X Build/MMB29P) AppleWebKit/537.36 (KHTML, like Gecko) Chrome/88.0.4324.143 Mobile Safari/537.36 (compatible; Googlebot/2.1; +http://www.google.com/bot.html)" 
198.232.120.130 - - [15/Feb/2021:08:41:28 -0800] "GET / HTTP/1.1" 200 12882 "https://www.reddit.com/" "Mozilla/5.0 (Macintosh; Intel Mac OS X 10_14_6) AppleWebKit/537.36 (KHTML, like Gecko) Chrome/88.0.4324.96 Safari/537.36" 
198.232.120.130 - - [15/Feb/2021:08:41:28 -0800] "GET /css/style.css HTTP/1.1" 404 305 "http://www.secrepo.com/" "Mozilla/5.0 (Macintosh; Intel Mac OS X 10_14_6) AppleWebKit/537.36 (KHTML, like Gecko) Chrome/88.0.4324.96 Safari/537.36" 
198.232.120.130 - - [15/Feb/2021:08:41:28 -0800] "GET /twitter-icon.png HTTP/1.1" 200 27893 "http://www.secrepo.com/" "Mozilla/5.0 (Macintosh; Intel Mac OS X 10_14_6) AppleWebKit/537.36 (KHTML, like Gecko) Chrome/88.0.4324.96 Safari/537.36" 
198.232.120.130 - - [15/Feb/2021:08:41:28 -0800] "GET /GitHub-Mark.png HTTP/1.1" 200 7556 "http://www.secrepo.com/" "Mozilla/5.0 (Macintosh; Intel Mac OS X 10_14_6) AppleWebKit/537.36 (KHTML, like Gecko) Chrome/88.0.4324.96 Safari/537.36" 
198.232.120.130 - - [15/Feb/2021:08:41:29 -0800] "GET /bootstrap/img/favicon.ico HTTP/1.1" 200 690 "http://www.secrepo.com/" "Mozilla/5.0 (Macintosh; Intel Mac OS X 10_14_6) AppleWebKit/537.36 (KHTML, like Gecko) Chrome/88.0.4324.96 Safari/537.36" 
54.36.149.62 - - [15/Feb/2021:08:42:09 -0800] "GET /self.logs/error.log.2018-10-24.gz HTTP/1.1" 200 4518 "-" "Mozilla/5.0 (compatible; AhrefsBot/7.0; +http://ahrefs.com/robot/)" 
77.75.76.171 - - [15/Feb/2021:08:42:13 -0800] "GET /robots.txt HTTP/1.1" 200 377 "-" "Mozilla/5.0 (compatible; SeznamBot/3.2; +http://napoveda.seznam.cz/en/seznambot-intro/)" 
77.75.76.171 - - [15/Feb/2021:08:42:13 -0800] "GET /Datasets%20Description/Network/ssh.html HTTP/1.1" 304 266 "-" "Mozilla/5.0 (compatible; SeznamBot/3.2; +http://napoveda.seznam.cz/en/seznambot-intro/)" 
114.119.159.101 - - [15/Feb/2021:08:43:59 -0800] "GET /self.logs/error.log.2018-03-22.gz HTTP/1.1" 200 4029 "-" "Mozilla/5.0 (Linux; Android 7.0;) AppleWebKit/537.36 (KHTML, like Gecko) Mobile Safari/537.36 (compatible; PetalBot;+https://aspiegel.com/petalbot)" 
13.66.139.35 - - [15/Feb/2021:08:47:34 -0800] "GET /self.logs/2016/error.log.2016-01-10.gz HTTP/1.1" 200 1001 "-" "Mozilla/5.0 (compatible; bingbot/2.0; +http://www.bing.com/bingbot.htm)" 
114.119.159.40 - - [15/Feb/2021:08:49:22 -0800] "GET /self.logs/error.log.2017-11-01.gz HTTP/1.1" 200 2717 "-" "Mozilla/5.0 (Linux; Android 7.0;) AppleWebKit/537.36 (KHTML, like Gecko) Mobile Safari/537.36 (compatible; PetalBot;+https://aspiegel.com/petalbot)" 
54.36.148.18 - - [15/Feb/2021:08:50:14 -0800] "GET /self.logs/access.log.2021-01-07.gz HTTP/1.1" 200 18125 "-" "Mozilla/5.0 (compatible; AhrefsBot/7.0; +http://ahrefs.com/robot/)" 
178.62.238.49 - - [15/Feb/2021:08:50:40 -0800] "GET / HTTP/1.1" 200 12883 "-" "Mozilla/5.0 (Macintosh; Intel Mac OS X 10_14_4) AppleWebKit/537.36 (KHTML, like Gecko) Chrome/73.0.3683.103 Safari/537.36" 
178.62.238.49 - - [15/Feb/2021:08:50:40 -0800] "GET /css/style.css HTTP/1.1" 404 305 "http://www.secrepo.com/" "Mozilla/5.0 (Macintosh; Intel Mac OS X 10_14_4) AppleWebKit/537.36 (KHTML, like Gecko) Chrome/73.0.3683.103 Safari/537.36" 
178.62.238.49 - - [15/Feb/2021:08:50:40 -0800] "GET /twitter-icon.png HTTP/1.1" 200 27916 "http://www.secrepo.com/" "Mozilla/5.0 (Macintosh; Intel Mac OS X 10_14_4) AppleWebKit/537.36 (KHTML, like Gecko) Chrome/73.0.3683.103 Safari/537.36" 
178.62.238.49 - - [15/Feb/2021:08:50:40 -0800] "GET /GitHub-Mark.png HTTP/1.1" 200 7533 "http://www.secrepo.com/" "Mozilla/5.0 (Macintosh; Intel Mac OS X 10_14_4) AppleWebKit/537.36 (KHTML, like Gecko) Chrome/73.0.3683.103 Safari/537.36" 
114.119.150.248 - - [15/Feb/2021:08:54:45 -0800] "GET /self.logs/access.log.2019-05-25.gz HTTP/1.1" 200 22683 "-" "Mozilla/5.0 (Linux; Android 7.0;) AppleWebKit/537.36 (KHTML, like Gecko) Mobile Safari/537.36 (compatible; PetalBot;+https://aspiegel.com/petalbot)" 
207.46.13.67 - - [15/Feb/2021:08:58:18 -0800] "GET /self.logs/2016/access.log.2016-04-25.gz HTTP/1.1" 200 9472 "-" "Mozilla/5.0 (compatible; bingbot/2.0; +http://www.bing.com/bingbot.htm)" 
185.151.177.238 - - [15/Feb/2021:08:58:25 -0800] "GET / HTTP/1.1" 200 12883 "-" "Mozilla/5.0 (Windows NT 10.0; Win64; x64) AppleWebKit/537.36 (KHTML, like Gecko) Chrome/88.0.4324.150 Safari/537.36" 
185.151.177.238 - - [15/Feb/2021:08:58:26 -0800] "GET /css/style.css HTTP/1.1" 404 305 "http://www.secrepo.com/" "Mozilla/5.0 (Windows NT 10.0; Win64; x64) AppleWebKit/537.36 (KHTML, like Gecko) Chrome/88.0.4324.150 Safari/537.36" 
185.151.177.238 - - [15/Feb/2021:08:58:26 -0800] "GET /twitter-icon.png HTTP/1.1" 200 27893 "http://www.secrepo.com/" "Mozilla/5.0 (Windows NT 10.0; Win64; x64) AppleWebKit/537.36 (KHTML, like Gecko) Chrome/88.0.4324.150 Safari/537.36" 
185.151.177.238 - - [15/Feb/2021:08:58:26 -0800] "GET /GitHub-Mark.png HTTP/1.1" 200 7556 "http://www.secrepo.com/" "Mozilla/5.0 (Windows NT 10.0; Win64; x64) AppleWebKit/537.36 (KHTML, like Gecko) Chrome/88.0.4324.150 Safari/537.36" 
185.151.177.238 - - [15/Feb/2021:08:58:26 -0800] "GET /bootstrap/img/favicon.ico HTTP/1.1" 200 690 "http://www.secrepo.com/" "Mozilla/5.0 (Windows NT 10.0; Win64; x64) AppleWebKit/537.36 (KHTML, like Gecko) Chrome/88.0.4324.150 Safari/537.36" 
54.36.149.75 - - [15/Feb/2021:08:58:28 -0800] "GET /self.logs/error.log.2021-01-01 HTTP/1.1" 200 307 "-" "Mozilla/5.0 (compatible; AhrefsBot/7.0; +http://ahrefs.com/robot/)" 
114.119.129.244 - - [15/Feb/2021:09:00:07 -0800] "GET /self.logs/error.log.2017-12-25.gz HTTP/1.1" 200 1395 "-" "Mozilla/5.0 (Linux; Android 7.0;) AppleWebKit/537.36 (KHTML, like Gecko) Mobile Safari/537.36 (compatible; PetalBot;+https://aspiegel.com/petalbot)" 
114.119.144.30 - - [15/Feb/2021:09:05:31 -0800] "GET /self.logs/access.log.2018-09-30.gz HTTP/1.1" 200 20870 "-" "Mozilla/5.0 (Linux; Android 7.0;) AppleWebKit/537.36 (KHTML, like Gecko) Mobile Safari/537.36 (compatible; PetalBot;+https://aspiegel.com/petalbot)" 
54.36.149.62 - - [15/Feb/2021:09:05:47 -0800] "GET /self.logs/error.log.2021-01-02 HTTP/1.1" 200 307 "-" "Mozilla/5.0 (compatible; AhrefsBot/7.0; +http://ahrefs.com/robot/)" 
64.233.172.229 - - [15/Feb/2021:09:09:15 -0800] "GET / HTTP/1.1" 301 475 "-" "Mozilla/5.0 (X11; Linux x86_64) AppleWebKit/537.36 (KHTML, like Gecko) Chrome/49.0.2623.75 Safari/537.36 Google Favicon" 
66.102.6.224 - - [15/Feb/2021:09:09:15 -0800] "GET / HTTP/1.1" 200 12881 "-" "Mozilla/5.0 (X11; Linux x86_64) AppleWebKit/537.36 (KHTML, like Gecko) Chrome/49.0.2623.75 Safari/537.36 Google Favicon" 
66.102.6.252 - - [15/Feb/2021:09:09:16 -0800] "GET /bootstrap/img/favicon.ico HTTP/1.1" 200 713 "-" "Mozilla/5.0 (X11; Linux x86_64) AppleWebKit/537.36 (KHTML, like Gecko) Chrome/49.0.2623.75 Safari/537.36 Google Favicon" 
114.119.129.244 - - [15/Feb/2021:09:10:52 -0800] "GET /self.logs/access.log.2019-03-07.gz HTTP/1.1" 200 22640 "-" "Mozilla/5.0 (Linux; Android 7.0;) AppleWebKit/537.36 (KHTML, like Gecko) Mobile Safari/537.36 (compatible; PetalBot;+https://aspiegel.com/petalbot)" 
2.219.116.100 - - [15/Feb/2021:09:12:11 -0800] "GET / HTTP/1.1" 200 12881 "-" "Mozilla/5.0 (Windows NT 10.0; Win64; x64) AppleWebKit/537.36 (KHTML, like Gecko) Chrome/88.0.4324.150 Safari/537.36" 
2.219.116.100 - - [15/Feb/2021:09:12:11 -0800] "GET /css/style.css HTTP/1.1" 404 305 "http://www.secrepo.com/" "Mozilla/5.0 (Windows NT 10.0; Win64; x64) AppleWebKit/537.36 (KHTML, like Gecko) Chrome/88.0.4324.150 Safari/537.36" 
2.219.116.100 - - [15/Feb/2021:09:12:11 -0800] "GET /twitter-icon.png HTTP/1.1" 200 27916 "http://www.secrepo.com/" "Mozilla/5.0 (Windows NT 10.0; Win64; x64) AppleWebKit/537.36 (KHTML, like Gecko) Chrome/88.0.4324.150 Safari/537.36" 
2.219.116.100 - - [15/Feb/2021:09:12:11 -0800] "GET /GitHub-Mark.png HTTP/1.1" 200 7556 "http://www.secrepo.com/" "Mozilla/5.0 (Windows NT 10.0; Win64; x64) AppleWebKit/537.36 (KHTML, like Gecko) Chrome/88.0.4324.150 Safari/537.36" 
2.219.116.100 - - [15/Feb/2021:09:12:13 -0800] "GET /bootstrap/img/favicon.ico HTTP/1.1" 200 690 "http://www.secrepo.com/" "Mozilla/5.0 (Windows NT 10.0; Win64; x64) AppleWebKit/537.36 (KHTML, like Gecko) Chrome/88.0.4324.150 Safari/537.36" 
54.36.148.18 - - [15/Feb/2021:09:12:37 -0800] "GET /self.logs/error.log.2021-01-03.gz HTTP/1.1" 200 931 "-" "Mozilla/5.0 (compatible; AhrefsBot/7.0; +http://ahrefs.com/robot/)" 
207.46.13.124 - - [15/Feb/2021:09:14:03 -0800] "GET /self.logs/2016/error.log.2016-10-31.gz HTTP/1.1" 200 1132 "-" "Mozilla/5.0 (compatible; bingbot/2.0; +http://www.bing.com/bingbot.htm)" 
114.119.155.228 - - [15/Feb/2021:09:16:15 -0800] "GET /self.logs/error.log.2019-08-26.gz HTTP/1.1" 200 2369 "-" "Mozilla/5.0 (Linux; Android 7.0;) AppleWebKit/537.36 (KHTML, like Gecko) Mobile Safari/537.36 (compatible; PetalBot;+https://aspiegel.com/petalbot)" 
54.36.149.62 - - [15/Feb/2021:09:19:38 -0800] "GET /self.logs/error.log.2021-01-04 HTTP/1.1" 200 307 "-" "Mozilla/5.0 (compatible; AhrefsBot/7.0; +http://ahrefs.com/robot/)" 
114.119.159.40 - - [15/Feb/2021:09:21:38 -0800] "GET /self.logs/access.log.2019-01-18.gz HTTP/1.1" 200 47887 "-" "Mozilla/5.0 (Linux; Android 7.0;) AppleWebKit/537.36 (KHTML, like Gecko) Mobile Safari/537.36 (compatible; PetalBot;+https://aspiegel.com/petalbot)" 
207.46.13.124 - - [15/Feb/2021:09:24:46 -0800] "GET /self.logs/2016/access.log.2016-04-02.gz HTTP/1.1" 200 20040 "-" "Mozilla/5.0 (compatible; bingbot/2.0; +http://www.bing.com/bingbot.htm)" 
207.46.13.124 - - [15/Feb/2021:09:25:40 -0800] "GET /self.logs/error.log.2017-12-19.gz HTTP/1.1" 200 1901 "-" "Mozilla/5.0 (compatible; bingbot/2.0; +http://www.bing.com/bingbot.htm)" 
54.36.148.18 - - [15/Feb/2021:09:26:44 -0800] "GET /self.logs/error.log.2021-01-05 HTTP/1.1" 200 307 "-" "Mozilla/5.0 (compatible; AhrefsBot/7.0; +http://ahrefs.com/robot/)" 
114.119.150.248 - - [15/Feb/2021:09:27:00 -0800] "GET /self.logs/access.log.2020-12-31.gz HTTP/1.1" 200 29531 "-" "Mozilla/5.0 (Linux; Android 7.0;) AppleWebKit/537.36 (KHTML, like Gecko) Mobile Safari/537.36 (compatible; PetalBot;+https://aspiegel.com/petalbot)" 
17.58.96.135 - - [15/Feb/2021:09:27:36 -0800] "GET /self.logs/error.log.2020-03-02 HTTP/1.1" 200 307 "-" "Mozilla/5.0 (Macintosh; Intel Mac OS X 10_15_5) AppleWebKit/605.1.15 (KHTML, like Gecko) Version/13.1.1 Safari/605.1.15 (Applebot/0.1; +http://www.apple.com/go/applebot)" 
114.119.159.40 - - [15/Feb/2021:09:32:19 -0800] "GET /self.logs/access.log.2018-07-07.gz HTTP/1.1" 200 72884 "-" "Mozilla/5.0 (Linux; Android 7.0;) AppleWebKit/537.36 (KHTML, like Gecko) Mobile Safari/537.36 (compatible; PetalBot;+https://aspiegel.com/petalbot)" 
54.36.149.62 - - [15/Feb/2021:09:33:55 -0800] "GET /maccdc2012/http.log.gz HTTP/1.1" 200 78840 "-" "Mozilla/5.0 (compatible; AhrefsBot/7.0; +http://ahrefs.com/robot/)" 
157.55.39.172 - - [15/Feb/2021:09:36:48 -0800] "GET /self.logs/2016/error.log.2016-06-19.gz HTTP/1.1" 200 721 "-" "Mozilla/5.0 (compatible; bingbot/2.0; +http://www.bing.com/bingbot.htm)" 
114.119.140.84 - - [15/Feb/2021:09:37:39 -0800] "GET /self.logs/access.log.2018-02-16.gz HTTP/1.1" 200 41434 "-" "Mozilla/5.0 (Linux; Android 7.0;) AppleWebKit/537.36 (KHTML, like Gecko) Mobile Safari/537.36 (compatible; PetalBot;+https://aspiegel.com/petalbot)" 
54.36.148.18 - - [15/Feb/2021:09:40:52 -0800] "GET /squid/access.log.gz HTTP/1.1" 200 78840 "-" "Mozilla/5.0 (compatible; AhrefsBot/7.0; +http://ahrefs.com/robot/)" 
157.55.39.137 - - [15/Feb/2021:09:41:04 -0800] "GET /self.logs/access.log.2020-08-25.gz HTTP/1.1" 200 9478 "-" "Mozilla/5.0 (compatible; bingbot/2.0; +http://www.bing.com/bingbot.htm)" 
66.249.66.85 - - [15/Feb/2021:09:41:29 -0800] "GET /?t=1&cn=ZmxleGlibGVfcmVjc18y&refsrc=email&iid=2572d65d1a814c138a77f3b60465fe37&uid=30635594&nid=244+272699400 HTTP/1.1" 200 12882 "-" "Mozilla/5.0 (Linux; Android 6.0.1; Nexus 5X Build/MMB29P) AppleWebKit/537.36 (KHTML, like Gecko) Chrome/88.0.4324.153 Mobile Safari/537.36 (compatible; Googlebot/2.1; +http://www.google.com/bot.html)" 
114.119.141.53 - - [15/Feb/2021:09:43:01 -0800] "GET /self.logs/error.log.2018-11-22.gz HTTP/1.1" 200 3764 "-" "Mozilla/5.0 (Linux; Android 7.0;) AppleWebKit/537.36 (KHTML, like Gecko) Mobile Safari/537.36 (compatible; PetalBot;+https://aspiegel.com/petalbot)" 
67.61.185.212 - - [15/Feb/2021:09:43:19 -0800] "GET / HTTP/1.1" 200 12882 "-" "Mozilla/5.0 (X11; Ubuntu; Linux x86_64; rv:85.0) Gecko/20100101 Firefox/85.0" 
67.61.185.212 - - [15/Feb/2021:09:43:19 -0800] "GET /css/style.css HTTP/1.1" 404 305 "http://www.secrepo.com/" "Mozilla/5.0 (X11; Ubuntu; Linux x86_64; rv:85.0) Gecko/20100101 Firefox/85.0" 
67.61.185.212 - - [15/Feb/2021:09:43:19 -0800] "GET /GitHub-Mark.png HTTP/1.1" 200 7533 "http://www.secrepo.com/" "Mozilla/5.0 (X11; Ubuntu; Linux x86_64; rv:85.0) Gecko/20100101 Firefox/85.0" 
67.61.185.212 - - [15/Feb/2021:09:43:19 -0800] "GET /twitter-icon.png HTTP/1.1" 200 27916 "http://www.secrepo.com/" "Mozilla/5.0 (X11; Ubuntu; Linux x86_64; rv:85.0) Gecko/20100101 Firefox/85.0" 
67.61.185.212 - - [15/Feb/2021:09:43:19 -0800] "GET /bootstrap/img/favicon.ico HTTP/1.1" 200 690 "http://www.secrepo.com/" "Mozilla/5.0 (X11; Ubuntu; Linux x86_64; rv:85.0) Gecko/20100101 Firefox/85.0" 
114.119.159.40 - - [15/Feb/2021:09:48:24 -0800] "GET /self.logs/error.log.2017-04-29.gz HTTP/1.1" 200 1071 "-" "Mozilla/5.0 (Linux; Android 7.0;) AppleWebKit/537.36 (KHTML, like Gecko) Mobile Safari/537.36 (compatible; PetalBot;+https://aspiegel.com/petalbot)" 
54.36.148.18 - - [15/Feb/2021:09:48:26 -0800] "GET / HTTP/1.1" 200 12838 "-" "Mozilla/5.0 (compatible; AhrefsBot/7.0; +http://ahrefs.com/robot/)" 
157.55.39.11 - - [15/Feb/2021:09:51:16 -0800] "GET /robots.txt HTTP/1.1" 301 495 "-" "Mozilla/5.0 (compatible; bingbot/2.0; +http://www.bing.com/bingbot.htm)" 
157.55.39.11 - - [15/Feb/2021:09:51:17 -0800] "GET /robots.txt HTTP/1.1" 200 377 "-" "Mozilla/5.0 (compatible; bingbot/2.0; +http://www.bing.com/bingbot.htm)" 
114.119.129.244 - - [15/Feb/2021:09:53:45 -0800] "GET /self.logs/error.log.2018-01-26.gz HTTP/1.1" 200 2796 "-" "Mozilla/5.0 (Linux; Android 7.0;) AppleWebKit/537.36 (KHTML, like Gecko) Mobile Safari/537.36 (compatible; PetalBot;+https://aspiegel.com/petalbot)" 
54.36.148.18 - - [15/Feb/2021:09:57:25 -0800] "GET /self.logs/2016/access.log.2016-03-16.gz HTTP/1.1" 200 8229 "-" "Mozilla/5.0 (compatible; AhrefsBot/7.0; +http://ahrefs.com/robot/)" 
207.46.13.107 - - [15/Feb/2021:09:57:29 -0800] "GET /self.logs/access.log.2017-07-22.gz HTTP/1.1" 200 16462 "-" "Mozilla/5.0 (compatible; bingbot/2.0; +http://www.bing.com/bingbot.htm)" 
114.119.144.30 - - [15/Feb/2021:09:59:08 -0800] "GET /self.logs/error.log.2017-04-04.gz HTTP/1.1" 200 3942 "-" "Mozilla/5.0 (Linux; Android 7.0;) AppleWebKit/537.36 (KHTML, like Gecko) Mobile Safari/537.36 (compatible; PetalBot;+https://aspiegel.com/petalbot)" 
114.119.155.228 - - [15/Feb/2021:10:04:29 -0800] "GET /self.logs/access.log.2020-07-17.gz HTTP/1.1" 200 15997 "-" "Mozilla/5.0 (Linux; Android 7.0;) AppleWebKit/537.36 (KHTML, like Gecko) Mobile Safari/537.36 (compatible; PetalBot;+https://aspiegel.com/petalbot)" 
54.36.149.74 - - [15/Feb/2021:10:06:25 -0800] "GET /self.logs/2016/error.log.2016-01-11.gz HTTP/1.1" 200 815 "-" "Mozilla/5.0 (compatible; AhrefsBot/7.0; +http://ahrefs.com/robot/)" 
114.119.155.228 - - [15/Feb/2021:10:09:52 -0800] "GET /self.logs/error.log.2018-10-18.gz HTTP/1.1" 200 4403 "-" "Mozilla/5.0 (Linux; Android 7.0;) AppleWebKit/537.36 (KHTML, like Gecko) Mobile Safari/537.36 (compatible; PetalBot;+https://aspiegel.com/petalbot)" 
17.58.96.135 - - [15/Feb/2021:10:10:19 -0800] "GET /self.logs/error.log.2020-02-22 HTTP/1.1" 200 307 "-" "Mozilla/5.0 (Macintosh; Intel Mac OS X 10_15_5) AppleWebKit/605.1.15 (KHTML, like Gecko) Version/13.1.1 Safari/605.1.15 (Applebot/0.1; +http://www.apple.com/go/applebot)" 
114.119.159.101 - - [15/Feb/2021:10:15:14 -0800] "GET /self.logs/access.log.2020-05-13.gz HTTP/1.1" 200 12665 "-" "Mozilla/5.0 (Linux; Android 7.0;) AppleWebKit/537.36 (KHTML, like Gecko) Mobile Safari/537.36 (compatible; PetalBot;+https://aspiegel.com/petalbot)" 
54.36.149.79 - - [15/Feb/2021:10:15:42 -0800] "GET /self.logs/2016/error.log.2016-10-10.gz HTTP/1.1" 200 812 "-" "Mozilla/5.0 (compatible; AhrefsBot/7.0; +http://ahrefs.com/robot/)" 
37.35.179.26 - - [15/Feb/2021:10:16:02 -0800] "GET / HTTP/1.1" 200 12882 "-" "Mozilla/5.0 (Windows NT 10.0; Win64; x64) AppleWebKit/537.36 (KHTML, like Gecko) Chrome/88.0.4324.150 Safari/537.36" 
37.35.179.26 - - [15/Feb/2021:10:16:02 -0800] "GET /css/style.css HTTP/1.1" 404 305 "http://www.secrepo.com/" "Mozilla/5.0 (Windows NT 10.0; Win64; x64) AppleWebKit/537.36 (KHTML, like Gecko) Chrome/88.0.4324.150 Safari/537.36" 
37.35.179.26 - - [15/Feb/2021:10:16:02 -0800] "GET /twitter-icon.png HTTP/1.1" 200 27916 "http://www.secrepo.com/" "Mozilla/5.0 (Windows NT 10.0; Win64; x64) AppleWebKit/537.36 (KHTML, like Gecko) Chrome/88.0.4324.150 Safari/537.36" 
37.35.179.26 - - [15/Feb/2021:10:16:02 -0800] "GET /GitHub-Mark.png HTTP/1.1" 200 7533 "http://www.secrepo.com/" "Mozilla/5.0 (Windows NT 10.0; Win64; x64) AppleWebKit/537.36 (KHTML, like Gecko) Chrome/88.0.4324.150 Safari/537.36" 
37.35.179.26 - - [15/Feb/2021:10:16:03 -0800] "GET /bootstrap/img/favicon.ico HTTP/1.1" 200 690 "http://www.secrepo.com/" "Mozilla/5.0 (Windows NT 10.0; Win64; x64) AppleWebKit/537.36 (KHTML, like Gecko) Chrome/88.0.4324.150 Safari/537.36" 
114.119.150.248 - - [15/Feb/2021:10:20:36 -0800] "GET /self.logs/access.log.2019-09-30.gz HTTP/1.1" 200 21645 "-" "Mozilla/5.0 (Linux; Android 7.0;) AppleWebKit/537.36 (KHTML, like Gecko) Mobile Safari/537.36 (compatible; PetalBot;+https://aspiegel.com/petalbot)" 
2.139.10.84 - - [15/Feb/2021:10:22:42 -0800] "GET / HTTP/1.1" 200 12882 "https://www.researchgate.net/" "Mozilla/5.0 (Windows NT 10.0; Win64; x64) AppleWebKit/537.36 (KHTML, like Gecko) Chrome/88.0.4324.150 Safari/537.36" 
2.139.10.84 - - [15/Feb/2021:10:22:42 -0800] "GET /css/style.css HTTP/1.1" 404 305 "http://www.secrepo.com/" "Mozilla/5.0 (Windows NT 10.0; Win64; x64) AppleWebKit/537.36 (KHTML, like Gecko) Chrome/88.0.4324.150 Safari/537.36" 
2.139.10.84 - - [15/Feb/2021:10:22:42 -0800] "GET /twitter-icon.png HTTP/1.1" 200 27916 "http://www.secrepo.com/" "Mozilla/5.0 (Windows NT 10.0; Win64; x64) AppleWebKit/537.36 (KHTML, like Gecko) Chrome/88.0.4324.150 Safari/537.36" 
2.139.10.84 - - [15/Feb/2021:10:22:42 -0800] "GET /GitHub-Mark.png HTTP/1.1" 200 7533 "http://www.secrepo.com/" "Mozilla/5.0 (Windows NT 10.0; Win64; x64) AppleWebKit/537.36 (KHTML, like Gecko) Chrome/88.0.4324.150 Safari/537.36" 
2.139.10.84 - - [15/Feb/2021:10:22:42 -0800] "GET /bootstrap/img/favicon.ico HTTP/1.1" 200 690 "http://www.secrepo.com/" "Mozilla/5.0 (Windows NT 10.0; Win64; x64) AppleWebKit/537.36 (KHTML, like Gecko) Chrome/88.0.4324.150 Safari/537.36" 
54.36.148.9 - - [15/Feb/2021:10:24:26 -0800] "GET /self.logs/2016/error.log.2016-06-12.gz HTTP/1.1" 200 1226 "-" "Mozilla/5.0 (compatible; AhrefsBot/7.0; +http://ahrefs.com/robot/)" 
45.80.210.159 - - [15/Feb/2021:10:25:19 -0800] "GET /Datasets%20Description/HTML_Bro_log_2/ HTTP/1.0" 200 795 "http://www.secrepo.com/" "Mozilla/5.0 (Windows NT 10.0; WOW64) AppleWebKit/535.11.68 (KHTML, like Gecko) Chrome/53.6.0969.5697 Safari/534.50" 
114.119.150.248 - - [15/Feb/2021:10:25:56 -0800] "GET /self.logs/error.log.2018-11-14.gz HTTP/1.1" 200 3856 "-" "Mozilla/5.0 (Linux; Android 7.0;) AppleWebKit/537.36 (KHTML, like Gecko) Mobile Safari/537.36 (compatible; PetalBot;+https://aspiegel.com/petalbot)" 
77.75.77.11 - - [15/Feb/2021:10:26:54 -0800] "GET /robots.txt HTTP/1.1" 200 377 "-" "Mozilla/5.0 (compatible; SeznamBot/3.2; +http://napoveda.seznam.cz/en/seznambot-intro/)" 
77.75.77.11 - - [15/Feb/2021:10:26:55 -0800] "GET /honeypot/Honeypot%20-%20Howto.pdf HTTP/1.1" 304 266 "-" "Mozilla/5.0 (compatible; SeznamBot/3.2; +http://napoveda.seznam.cz/en/seznambot-intro/)" 
99.155.90.21 - - [15/Feb/2021:10:28:27 -0800] "GET /Datasets%20Description/PE_malware/VirusShare.html HTTP/1.1" 200 1651 "-" "Mozilla/5.0 (Windows NT 10.0; Win64; x64) AppleWebKit/537.36 (KHTML, like Gecko) Chrome/88.0.4324.150 Safari/537.36" 
99.155.90.21 - - [15/Feb/2021:10:28:28 -0800] "GET /favicon.ico HTTP/1.1" 200 368 "http://www.secrepo.com/Datasets%20Description/PE_malware/VirusShare.html" "Mozilla/5.0 (Windows NT 10.0; Win64; x64) AppleWebKit/537.36 (KHTML, like Gecko) Chrome/88.0.4324.150 Safari/537.36" 
13.66.139.35 - - [15/Feb/2021:10:28:49 -0800] "GET /self.logs/2016/error.log.2016-01-30.gz HTTP/1.1" 200 771 "-" "Mozilla/5.0 (compatible; bingbot/2.0; +http://www.bing.com/bingbot.htm)" 
99.155.90.21 - - [15/Feb/2021:10:30:53 -0800] "GET / HTTP/1.1" 200 12882 "http://www.secrepo.com/" "Mozilla/5.0 (Windows NT 10.0; Win64; x64) AppleWebKit/537.36 (KHTML, like Gecko) Chrome/88.0.4324.150 Safari/537.36" 
99.155.90.21 - - [15/Feb/2021:10:30:53 -0800] "GET /css/style.css HTTP/1.1" 404 305 "http://www.secrepo.com/" "Mozilla/5.0 (Windows NT 10.0; Win64; x64) AppleWebKit/537.36 (KHTML, like Gecko) Chrome/88.0.4324.150 Safari/537.36" 
99.155.90.21 - - [15/Feb/2021:10:30:53 -0800] "GET /twitter-icon.png HTTP/1.1" 200 27893 "http://www.secrepo.com/" "Mozilla/5.0 (Windows NT 10.0; Win64; x64) AppleWebKit/537.36 (KHTML, like Gecko) Chrome/88.0.4324.150 Safari/537.36" 
99.155.90.21 - - [15/Feb/2021:10:30:53 -0800] "GET /GitHub-Mark.png HTTP/1.1" 200 7556 "http://www.secrepo.com/" "Mozilla/5.0 (Windows NT 10.0; Win64; x64) AppleWebKit/537.36 (KHTML, like Gecko) Chrome/88.0.4324.150 Safari/537.36" 
99.155.90.21 - - [15/Feb/2021:10:30:53 -0800] "GET /bootstrap/img/favicon.ico HTTP/1.1" 200 690 "http://www.secrepo.com/" "Mozilla/5.0 (Windows NT 10.0; Win64; x64) AppleWebKit/537.36 (KHTML, like Gecko) Chrome/88.0.4324.150 Safari/537.36" 
114.119.159.40 - - [15/Feb/2021:10:31:48 -0800] "GET /self.logs/error.log.2017-12-19.gz HTTP/1.1" 200 1901 "-" "Mozilla/5.0 (Linux; Android 7.0;) AppleWebKit/537.36 (KHTML, like Gecko) Mobile Safari/537.36 (compatible; PetalBot;+https://aspiegel.com/petalbot)" 
54.36.149.62 - - [15/Feb/2021:10:33:20 -0800] "GET /self.logs/2016/access.log.2016-07-19.gz HTTP/1.1" 200 7861 "-" "Mozilla/5.0 (compatible; AhrefsBot/7.0; +http://ahrefs.com/robot/)" 
114.119.157.43 - - [15/Feb/2021:10:36:41 -0800] "GET /self.logs/error.log.2018-04-06.gz HTTP/1.1" 200 4997 "-" "Mozilla/5.0 (Linux; Android 7.0;) AppleWebKit/537.36 (KHTML, like Gecko) Mobile Safari/537.36 (compatible; PetalBot;+https://aspiegel.com/petalbot)" 
207.46.13.67 - - [15/Feb/2021:10:39:22 -0800] "GET /self.logs/access.log.2020-04-01.gz HTTP/1.1" 200 13760 "-" "Mozilla/5.0 (compatible; bingbot/2.0; +http://www.bing.com/bingbot.htm)" 
13.66.139.1 - - [15/Feb/2021:10:39:24 -0800] "GET /robots.txt HTTP/1.1" 200 377 "-" "Mozilla/5.0 (compatible; bingbot/2.0; +http://www.bing.com/bingbot.htm)" 
13.66.139.0 - - [15/Feb/2021:10:39:38 -0800] "GET /self.logs/error.log.2018-05-17.gz HTTP/1.1" 304 280 "-" "Mozilla/5.0 (compatible; bingbot/2.0; +http://www.bing.com/bingbot.htm)" 
114.119.140.84 - - [15/Feb/2021:10:42:03 -0800] "GET /self.logs/access.log.2020-11-29.gz HTTP/1.1" 200 14160 "-" "Mozilla/5.0 (Linux; Android 7.0;) AppleWebKit/537.36 (KHTML, like Gecko) Mobile Safari/537.36 (compatible; PetalBot;+https://aspiegel.com/petalbot)" 
54.36.148.171 - - [15/Feb/2021:10:42:11 -0800] "GET /self.logs/2016/access.log.2016-03-17.gz HTTP/1.1" 200 16522 "-" "Mozilla/5.0 (compatible; AhrefsBot/7.0; +http://ahrefs.com/robot/)" 
114.119.141.53 - - [15/Feb/2021:10:47:25 -0800] "GET /self.logs/error.log.2020-04-17.gz HTTP/1.1" 200 1367 "-" "Mozilla/5.0 (Linux; Android 7.0;) AppleWebKit/537.36 (KHTML, like Gecko) Mobile Safari/537.36 (compatible; PetalBot;+https://aspiegel.com/petalbot)" 
54.36.148.212 - - [15/Feb/2021:10:50:58 -0800] "GET /self.logs/error.log.2021-01-06.gz HTTP/1.1" 200 2481 "-" "Mozilla/5.0 (compatible; AhrefsBot/7.0; +http://ahrefs.com/robot/)" 
114.119.159.40 - - [15/Feb/2021:10:52:48 -0800] "GET /self.logs/access.log.2019-04-18.gz HTTP/1.1" 200 33352 "-" "Mozilla/5.0 (Linux; Android 7.0;) AppleWebKit/537.36 (KHTML, like Gecko) Mobile Safari/537.36 (compatible; PetalBot;+https://aspiegel.com/petalbot)" 
17.58.96.135 - - [15/Feb/2021:10:55:02 -0800] "GET /self.logs/error.log.2020-03-27 HTTP/1.1" 200 307 "-" "Mozilla/5.0 (Macintosh; Intel Mac OS X 10_15_5) AppleWebKit/605.1.15 (KHTML, like Gecko) Version/13.1.1 Safari/605.1.15 (Applebot/0.1; +http://www.apple.com/go/applebot)" 
114.119.141.53 - - [15/Feb/2021:10:58:09 -0800] "GET /self.logs/access.log.2017-08-17.gz HTTP/1.1" 200 21371 "-" "Mozilla/5.0 (Linux; Android 7.0;) AppleWebKit/537.36 (KHTML, like Gecko) Mobile Safari/537.36 (compatible; PetalBot;+https://aspiegel.com/petalbot)" 
54.36.148.143 - - [15/Feb/2021:11:00:00 -0800] "GET /self.logs/2016/access.log.2016-03-19.gz HTTP/1.1" 200 6304 "-" "Mozilla/5.0 (compatible; AhrefsBot/7.0; +http://ahrefs.com/robot/)" 
157.55.39.172 - - [15/Feb/2021:11:02:41 -0800] "GET /self.logs/error.log.2017-06-29.gz HTTP/1.1" 200 869 "-" "Mozilla/5.0 (compatible; bingbot/2.0; +http://www.bing.com/bingbot.htm)" 
114.119.141.53 - - [15/Feb/2021:11:03:39 -0800] "GET /self.logs/error.log.2017-11-03.gz HTTP/1.1" 200 2026 "-" "Mozilla/5.0 (Linux; Android 7.0;) AppleWebKit/537.36 (KHTML, like Gecko) Mobile Safari/537.36 (compatible; PetalBot;+https://aspiegel.com/petalbot)" 
66.249.80.8 - - [15/Feb/2021:11:06:13 -0800] "GET / HTTP/1.1" 301 475 "-" "Mozilla/5.0 (X11; Linux x86_64) AppleWebKit/537.36 (KHTML, like Gecko) Chrome/49.0.2623.75 Safari/537.36 Google Favicon" 
66.249.80.192 - - [15/Feb/2021:11:06:13 -0800] "GET / HTTP/1.1" 200 12881 "-" "Mozilla/5.0 (X11; Linux x86_64) AppleWebKit/537.36 (KHTML, like Gecko) Chrome/49.0.2623.75 Safari/537.36 Google Favicon" 
66.249.80.223 - - [15/Feb/2021:11:06:13 -0800] "GET /bootstrap/img/favicon.ico HTTP/1.1" 200 713 "-" "Mozilla/5.0 (X11; Linux x86_64) AppleWebKit/537.36 (KHTML, like Gecko) Chrome/49.0.2623.75 Safari/537.36 Google Favicon" 
40.77.167.62 - - [15/Feb/2021:11:07:59 -0800] "GET /self.logs/error.log.2017-12-11.gz HTTP/1.1" 301 541 "-" "Mozilla/5.0 (compatible; bingbot/2.0; +http://www.bing.com/bingbot.htm)" 
114.119.129.244 - - [15/Feb/2021:11:08:52 -0800] "GET /self.logs/access.log.2017-03-20.gz HTTP/1.1" 200 16118 "-" "Mozilla/5.0 (Linux; Android 7.0;) AppleWebKit/537.36 (KHTML, like Gecko) Mobile Safari/537.36 (compatible; PetalBot;+https://aspiegel.com/petalbot)" 
54.36.149.62 - - [15/Feb/2021:11:08:56 -0800] "GET /self.logs/2016/access.log.2016-05-13.gz HTTP/1.1" 200 13559 "-" "Mozilla/5.0 (compatible; AhrefsBot/7.0; +http://ahrefs.com/robot/)" 
157.55.39.172 - - [15/Feb/2021:11:09:36 -0800] "GET /self.logs/error.log.2018-06-23.gz HTTP/1.1" 200 5587 "-" "Mozilla/5.0 (compatible; bingbot/2.0; +http://www.bing.com/bingbot.htm)" 
42.236.10.104 - - [15/Feb/2021:11:10:56 -0800] "GET /%E5%AE%89%E5%85%A8%E7%9B%B8%E5%85%B3%E6%95%B0%E6%8D%AE%E6%A0%B7%E6%9C%AC%E9%9B%86 HTTP/1.1" 404 328 "http://www.secrepo.com/%E5%AE%89%E5%85%A8%E7%9B%B8%E5%85%B3%E6%95%B0%E6%8D%AE%E6%A0%B7%E6%9C%AC%E9%9B%86" "Mozilla/5.0 (Windows NT 6.1; WOW64) AppleWebKit/537.36 (KHTML, like Gecko) Chrome/50.4.2661.102 Safari/537.36; 360Spider" 
114.119.140.84 - - [15/Feb/2021:11:14:14 -0800] "GET /self.logs/2015/error.log.2015-03-26.gz HTTP/1.1" 200 1196 "-" "Mozilla/5.0 (Linux; Android 7.0;) AppleWebKit/537.36 (KHTML, like Gecko) Mobile Safari/537.36 (compatible; PetalBot;+https://aspiegel.com/petalbot)" 
54.36.149.62 - - [15/Feb/2021:11:17:56 -0800] "GET /self.logs/2016/error.log.2016-11-28.gz HTTP/1.1" 200 2293 "-" "Mozilla/5.0 (compatible; AhrefsBot/7.0; +http://ahrefs.com/robot/)" 
207.46.13.67 - - [15/Feb/2021:11:18:58 -0800] "GET /self.logs/error.log.2020-05-27 HTTP/1.1" 301 535 "-" "Mozilla/5.0 (compatible; bingbot/2.0; +http://www.bing.com/bingbot.htm)" 
114.119.141.53 - - [15/Feb/2021:11:19:35 -0800] "GET /self.logs/access.log.2018-12-25.gz HTTP/1.1" 200 33972 "-" "Mozilla/5.0 (Linux; Android 7.0;) AppleWebKit/537.36 (KHTML, like Gecko) Mobile Safari/537.36 (compatible; PetalBot;+https://aspiegel.com/petalbot)" 
40.77.167.9 - - [15/Feb/2021:11:21:15 -0800] "GET /self.logs/error.log.2017-12-28.gz HTTP/1.1" 301 541 "-" "Mozilla/5.0 (compatible; bingbot/2.0; +http://www.bing.com/bingbot.htm)" 
40.77.167.9 - - [15/Feb/2021:11:21:15 -0800] "GET /self.logs/2016/error.log.2016-05-11.gz HTTP/1.1" 301 550 "-" "Mozilla/5.0 (compatible; bingbot/2.0; +http://www.bing.com/bingbot.htm)" 
114.119.150.248 - - [15/Feb/2021:11:24:57 -0800] "GET /self.logs/access.log.2019-08-06.gz HTTP/1.1" 200 15271 "-" "Mozilla/5.0 (Linux; Android 7.0;) AppleWebKit/537.36 (KHTML, like Gecko) Mobile Safari/537.36 (compatible; PetalBot;+https://aspiegel.com/petalbot)" 
54.36.149.55 - - [15/Feb/2021:11:26:57 -0800] "GET /self.logs/2016/access.log.2016-03-20.gz HTTP/1.1" 200 6857 "-" "Mozilla/5.0 (compatible; AhrefsBot/7.0; +http://ahrefs.com/robot/)" 
114.119.129.244 - - [15/Feb/2021:11:30:17 -0800] "GET /self.logs/access.log.2017-12-15.gz HTTP/1.1" 200 24560 "-" "Mozilla/5.0 (Linux; Android 7.0;) AppleWebKit/537.36 (KHTML, like Gecko) Mobile Safari/537.36 (compatible; PetalBot;+https://aspiegel.com/petalbot)" 
114.119.144.30 - - [15/Feb/2021:11:35:37 -0800] "GET /self.logs/access.log.2019-11-30.gz HTTP/1.1" 200 21810 "-" "Mozilla/5.0 (Linux; Android 7.0;) AppleWebKit/537.36 (KHTML, like Gecko) Mobile Safari/537.36 (compatible; PetalBot;+https://aspiegel.com/petalbot)" 
54.36.148.18 - - [15/Feb/2021:11:35:48 -0800] "GET /self.logs/2016/access.log.2016-05-14.gz HTTP/1.1" 200 7921 "-" "Mozilla/5.0 (compatible; AhrefsBot/7.0; +http://ahrefs.com/robot/)" 
186.146.144.26 - - [15/Feb/2021:11:37:46 -0800] "GET / HTTP/1.1" 200 12882 "-" "Mozilla/5.0 (Windows NT 10.0; Win64; x64) AppleWebKit/537.36 (KHTML, like Gecko) Chrome/88.0.4324.150 Safari/537.36" 
186.146.144.26 - - [15/Feb/2021:11:37:46 -0800] "GET /GitHub-Mark.png HTTP/1.1" 200 7556 "http://www.secrepo.com/" "Mozilla/5.0 (Windows NT 10.0; Win64; x64) AppleWebKit/537.36 (KHTML, like Gecko) Chrome/88.0.4324.150 Safari/537.36" 
186.146.144.26 - - [15/Feb/2021:11:37:46 -0800] "GET /twitter-icon.png HTTP/1.1" 200 27916 "http://www.secrepo.com/" "Mozilla/5.0 (Windows NT 10.0; Win64; x64) AppleWebKit/537.36 (KHTML, like Gecko) Chrome/88.0.4324.150 Safari/537.36" 
186.146.144.26 - - [15/Feb/2021:11:37:46 -0800] "GET /css/style.css HTTP/1.1" 404 305 "http://www.secrepo.com/" "Mozilla/5.0 (Windows NT 10.0; Win64; x64) AppleWebKit/537.36 (KHTML, like Gecko) Chrome/88.0.4324.150 Safari/537.36" 
186.146.144.26 - - [15/Feb/2021:11:37:49 -0800] "GET /bootstrap/img/favicon.ico HTTP/1.1" 200 713 "http://www.secrepo.com/" "Mozilla/5.0 (Windows NT 10.0; Win64; x64) AppleWebKit/537.36 (KHTML, like Gecko) Chrome/88.0.4324.150 Safari/537.36" 
114.119.129.244 - - [15/Feb/2021:11:40:58 -0800] "GET /self.logs/access.log.2020-09-24.gz HTTP/1.1" 200 17136 "-" "Mozilla/5.0 (Linux; Android 7.0;) AppleWebKit/537.36 (KHTML, like Gecko) Mobile Safari/537.36 (compatible; PetalBot;+https://aspiegel.com/petalbot)" 
111.202.101.156 - - [15/Feb/2021:11:42:59 -0800] "GET / HTTP/1.1" 301 438 "-" "Sogou web spider/4.0(+http://www.sogou.com/docs/help/webmasters.htm#07)" 
40.77.167.9 - - [15/Feb/2021:11:44:37 -0800] "GET /self.logs/access.log.2020-09-05.gz HTTP/1.1" 200 7713 "-" "Mozilla/5.0 (compatible; bingbot/2.0; +http://www.bing.com/bingbot.htm)" 
54.36.148.137 - - [15/Feb/2021:11:44:55 -0800] "GET /self.logs/2016/access.log.2016-03-27.gz HTTP/1.1" 200 7437 "-" "Mozilla/5.0 (compatible; AhrefsBot/7.0; +http://ahrefs.com/robot/)" 
186.146.144.26 - - [15/Feb/2021:11:45:43 -0800] "GET /css/style.css HTTP/1.1" 404 328 "http://www.secrepo.com/" "Mozilla/5.0 (Windows NT 10.0; Win64; x64) AppleWebKit/537.36 (KHTML, like Gecko) Chrome/88.0.4324.150 Safari/537.36" 
114.119.155.228 - - [15/Feb/2021:11:46:18 -0800] "GET /self.logs/error.log.2020-01-21.gz HTTP/1.1" 200 682 "-" "Mozilla/5.0 (Linux; Android 7.0;) AppleWebKit/537.36 (KHTML, like Gecko) Mobile Safari/537.36 (compatible; PetalBot;+https://aspiegel.com/petalbot)" 
114.119.155.228 - - [15/Feb/2021:11:51:37 -0800] "GET /self.logs/access.log.2017-04-28.gz HTTP/1.1" 200 14368 "-" "Mozilla/5.0 (Linux; Android 7.0;) AppleWebKit/537.36 (KHTML, like Gecko) Mobile Safari/537.36 (compatible; PetalBot;+https://aspiegel.com/petalbot)" 
188.166.13.183 - - [15/Feb/2021:11:51:50 -0800] "GET / HTTP/1.1" 200 12882 "-" "Mozilla/5.0 (Macintosh; Intel Mac OS X 10_14_4) AppleWebKit/537.36 (KHTML, like Gecko) Chrome/73.0.3683.103 Safari/537.36" 
188.166.13.183 - - [15/Feb/2021:11:51:50 -0800] "GET /css/style.css HTTP/1.1" 404 305 "http://www.secrepo.com/" "Mozilla/5.0 (Macintosh; Intel Mac OS X 10_14_4) AppleWebKit/537.36 (KHTML, like Gecko) Chrome/73.0.3683.103 Safari/537.36" 
188.166.13.183 - - [15/Feb/2021:11:51:50 -0800] "GET /twitter-icon.png HTTP/1.1" 200 27916 "http://www.secrepo.com/" "Mozilla/5.0 (Macintosh; Intel Mac OS X 10_14_4) AppleWebKit/537.36 (KHTML, like Gecko) Chrome/73.0.3683.103 Safari/537.36" 
188.166.13.183 - - [15/Feb/2021:11:51:50 -0800] "GET /GitHub-Mark.png HTTP/1.1" 200 7533 "http://www.secrepo.com/" "Mozilla/5.0 (Macintosh; Intel Mac OS X 10_14_4) AppleWebKit/537.36 (KHTML, like Gecko) Chrome/73.0.3683.103 Safari/537.36" 
54.36.149.62 - - [15/Feb/2021:11:54:03 -0800] "GET /self.logs/2016/error.log.2016-06-17.gz HTTP/1.1" 200 2543 "-" "Mozilla/5.0 (compatible; AhrefsBot/7.0; +http://ahrefs.com/robot/)" 
111.202.100.88 - - [15/Feb/2021:11:55:16 -0800] "GET / HTTP/1.1" 200 12845 "-" "Sogou web spider/4.0(+http://www.sogou.com/docs/help/webmasters.htm#07)" 
111.202.101.156 - - [15/Feb/2021:11:55:34 -0800] "GET / HTTP/1.1" 200 12845 "-" "Sogou web spider/4.0(+http://www.sogou.com/docs/help/webmasters.htm#07)" 
114.119.159.101 - - [15/Feb/2021:11:56:58 -0800] "GET /self.logs/access.log.2019-12-11.gz HTTP/1.1" 200 18112 "-" "Mozilla/5.0 (Linux; Android 7.0;) AppleWebKit/537.36 (KHTML, like Gecko) Mobile Safari/537.36 (compatible; PetalBot;+https://aspiegel.com/petalbot)" 
40.88.21.235 - - [15/Feb/2021:12:01:10 -0800] "GET / HTTP/1.1" 200 12881 "http://www.secrepo.com/" "Mozilla/5.0 (compatible; DuckDuckGo-Favicons-Bot/1.0; +http://duckduckgo.com)" 
40.88.21.235 - - [15/Feb/2021:12:01:10 -0800] "GET /bootstrap/img/favicon.ico HTTP/1.1" 200 690 "http://www.secrepo.com/bootstrap/img/favicon.ico" "Mozilla/5.0 (compatible; DuckDuckGo-Favicons-Bot/1.0; +http://duckduckgo.com)" 
54.36.148.18 - - [15/Feb/2021:12:03:09 -0800] "GET /self.logs/2016/access.log.2016-03-21.gz HTTP/1.1" 200 6626 "-" "Mozilla/5.0 (compatible; AhrefsBot/7.0; +http://ahrefs.com/robot/)" 
216.162.77.128 - - [15/Feb/2021:12:04:18 -0800] "GET / HTTP/1.1" 200 12881 "-" "Mozilla/5.0 (Macintosh; Intel Mac OS X 11_2_1) AppleWebKit/537.36 (KHTML, like Gecko) Chrome/88.0.4324.152 Safari/537.36" 
216.162.77.128 - - [15/Feb/2021:12:04:19 -0800] "GET /css/style.css HTTP/1.1" 404 305 "http://www.secrepo.com/" "Mozilla/5.0 (Macintosh; Intel Mac OS X 11_2_1) AppleWebKit/537.36 (KHTML, like Gecko) Chrome/88.0.4324.152 Safari/537.36" 
216.162.77.128 - - [15/Feb/2021:12:04:19 -0800] "GET /twitter-icon.png HTTP/1.1" 200 27893 "http://www.secrepo.com/" "Mozilla/5.0 (Macintosh; Intel Mac OS X 11_2_1) AppleWebKit/537.36 (KHTML, like Gecko) Chrome/88.0.4324.152 Safari/537.36" 
216.162.77.128 - - [15/Feb/2021:12:04:19 -0800] "GET /GitHub-Mark.png HTTP/1.1" 200 7556 "http://www.secrepo.com/" "Mozilla/5.0 (Macintosh; Intel Mac OS X 11_2_1) AppleWebKit/537.36 (KHTML, like Gecko) Chrome/88.0.4324.152 Safari/537.36" 
216.162.77.128 - - [15/Feb/2021:12:04:19 -0800] "GET /bootstrap/img/favicon.ico HTTP/1.1" 200 690 "http://www.secrepo.com/" "Mozilla/5.0 (Macintosh; Intel Mac OS X 11_2_1) AppleWebKit/537.36 (KHTML, like Gecko) Chrome/88.0.4324.152 Safari/537.36" 
18.232.49.140 - - [15/Feb/2021:12:04:54 -0800] "GET / HTTP/1.1" 301 475 "-" "python-requests/2.18.1" 
18.232.49.140 - - [15/Feb/2021:12:04:54 -0800] "GET / HTTP/1.1" 200 12881 "-" "python-requests/2.18.1" 
18.232.49.140 - - [15/Feb/2021:12:04:54 -0800] "GET / HTTP/1.1" 200 12881 "-" "python-requests/2.18.1" 
18.232.49.140 - - [15/Feb/2021:12:04:54 -0800] "GET / HTTP/1.1" 200 12881 "-" "python-requests/2.18.1" 
114.119.129.244 - - [15/Feb/2021:12:07:20 -0800] "GET /self.logs/access.log.2017-07-02.gz HTTP/1.1" 200 16719 "-" "Mozilla/5.0 (Linux; Android 7.0;) AppleWebKit/537.36 (KHTML, like Gecko) Mobile Safari/537.36 (compatible; PetalBot;+https://aspiegel.com/petalbot)" 
54.36.149.43 - - [15/Feb/2021:12:12:17 -0800] "GET /self.logs/2016/error.log.2016-12-02.gz HTTP/1.1" 200 753 "-" "Mozilla/5.0 (compatible; AhrefsBot/7.0; +http://ahrefs.com/robot/)" 
114.119.157.43 - - [15/Feb/2021:12:12:41 -0800] "GET /self.logs/access.log.2019-09-15.gz HTTP/1.1" 200 21841 "-" "Mozilla/5.0 (Linux; Android 7.0;) AppleWebKit/537.36 (KHTML, like Gecko) Mobile Safari/537.36 (compatible; PetalBot;+https://aspiegel.com/petalbot)" 
114.119.155.228 - - [15/Feb/2021:12:18:00 -0800] "GET /self.logs/access.log.2020-05-19.gz HTTP/1.1" 200 12579 "-" "Mozilla/5.0 (Linux; Android 7.0;) AppleWebKit/537.36 (KHTML, like Gecko) Mobile Safari/537.36 (compatible; PetalBot;+https://aspiegel.com/petalbot)" 
54.36.149.62 - - [15/Feb/2021:12:21:25 -0800] "GET /self.logs/2016/access.log.2016-03-22.gz HTTP/1.1" 200 8298 "-" "Mozilla/5.0 (compatible; AhrefsBot/7.0; +http://ahrefs.com/robot/)" 
49.32.210.62 - - [15/Feb/2021:12:21:50 -0800] "GET / HTTP/1.1" 200 12882 "-" "Mozilla/5.0 (Windows NT 10.0; Win64; x64) AppleWebKit/537.36 (KHTML, like Gecko) Chrome/88.0.4324.150 Safari/537.36" 
49.32.210.62 - - [15/Feb/2021:12:21:50 -0800] "GET /css/style.css HTTP/1.1" 404 305 "http://www.secrepo.com/" "Mozilla/5.0 (Windows NT 10.0; Win64; x64) AppleWebKit/537.36 (KHTML, like Gecko) Chrome/88.0.4324.150 Safari/537.36" 
49.32.210.62 - - [15/Feb/2021:12:21:51 -0800] "GET /twitter-icon.png HTTP/1.1" 200 27893 "http://www.secrepo.com/" "Mozilla/5.0 (Windows NT 10.0; Win64; x64) AppleWebKit/537.36 (KHTML, like Gecko) Chrome/88.0.4324.150 Safari/537.36" 
49.32.210.62 - - [15/Feb/2021:12:21:51 -0800] "GET /GitHub-Mark.png HTTP/1.1" 200 7556 "http://www.secrepo.com/" "Mozilla/5.0 (Windows NT 10.0; Win64; x64) AppleWebKit/537.36 (KHTML, like Gecko) Chrome/88.0.4324.150 Safari/537.36" 
49.32.210.62 - - [15/Feb/2021:12:21:52 -0800] "GET /bootstrap/img/favicon.ico HTTP/1.1" 200 690 "http://www.secrepo.com/" "Mozilla/5.0 (Windows NT 10.0; Win64; x64) AppleWebKit/537.36 (KHTML, like Gecko) Chrome/88.0.4324.150 Safari/537.36" 
114.119.150.248 - - [15/Feb/2021:12:23:23 -0800] "GET /self.logs/access.log.2017-02-11.gz HTTP/1.1" 200 35650 "-" "Mozilla/5.0 (Linux; Android 7.0;) AppleWebKit/537.36 (KHTML, like Gecko) Mobile Safari/537.36 (compatible; PetalBot;+https://aspiegel.com/petalbot)" 
66.249.66.85 - - [15/Feb/2021:12:25:34 -0800] "GET /Datasets%20Description/HTML_Bro_log_2/conn.html HTTP/1.1" 200 2006 "-" "Mozilla/5.0 (Linux; Android 6.0.1; Nexus 5X Build/MMB29P) AppleWebKit/537.36 (KHTML, like Gecko) Chrome/88.0.4324.153 Mobile Safari/537.36 (compatible; Googlebot/2.1; +http://www.google.com/bot.html)" 
157.55.39.172 - - [15/Feb/2021:12:27:53 -0800] "GET /self.logs/access.log.2017-08-03.gz HTTP/1.1" 200 20574 "-" "Mozilla/5.0 (compatible; bingbot/2.0; +http://www.bing.com/bingbot.htm)" 
114.119.159.40 - - [15/Feb/2021:12:28:44 -0800] "GET /self.logs/access.log.2020-12-28.gz HTTP/1.1" 200 34290 "-" "Mozilla/5.0 (Linux; Android 7.0;) AppleWebKit/537.36 (KHTML, like Gecko) Mobile Safari/537.36 (compatible; PetalBot;+https://aspiegel.com/petalbot)" 
54.36.149.62 - - [15/Feb/2021:12:30:48 -0800] "GET /self.logs/2016/access.log.2016-03-24.gz HTTP/1.1" 200 11228 "-" "Mozilla/5.0 (compatible; AhrefsBot/7.0; +http://ahrefs.com/robot/)" 
114.119.159.40 - - [15/Feb/2021:12:34:04 -0800] "GET /self.logs/access.log.2018-01-06.gz HTTP/1.1" 200 37262 "-" "Mozilla/5.0 (Linux; Android 7.0;) AppleWebKit/537.36 (KHTML, like Gecko) Mobile Safari/537.36 (compatible; PetalBot;+https://aspiegel.com/petalbot)" 
13.66.139.35 - - [15/Feb/2021:12:34:37 -0800] "GET /self.logs/access.log.2020-06-30.gz HTTP/1.1" 200 15593 "-" "Mozilla/5.0 (compatible; bingbot/2.0; +http://www.bing.com/bingbot.htm)" 
66.249.66.85 - - [15/Feb/2021:12:38:56 -0800] "GET /css/style.css HTTP/1.1" 404 328 "http://www.secrepo.com/?t=1&cn=ZmxleGlibGVfcmVjc18y&refsrc=email&iid=2572d65d1a814c138a77f3b60465fe37&uid=30635594&nid=244+272699400" "Mozilla/5.0 (Linux; Android 6.0.1; Nexus 5X Build/MMB29P) AppleWebKit/537.36 (KHTML, like Gecko) Chrome/88.0.4324.143 Mobile Safari/537.36 (compatible; Googlebot/2.1; +http://www.google.com/bot.html)" 
114.119.159.101 - - [15/Feb/2021:12:39:25 -0800] "GET /self.logs/access.log.2019-01-02.gz HTTP/1.1" 200 25361 "-" "Mozilla/5.0 (Linux; Android 7.0;) AppleWebKit/537.36 (KHTML, like Gecko) Mobile Safari/537.36 (compatible; PetalBot;+https://aspiegel.com/petalbot)" 
54.36.149.62 - - [15/Feb/2021:12:40:09 -0800] "GET /self.logs/2016/error.log.2016-06-16.gz HTTP/1.1" 200 1124 "-" "Mozilla/5.0 (compatible; AhrefsBot/7.0; +http://ahrefs.com/robot/)" 
114.119.129.244 - - [15/Feb/2021:12:44:59 -0800] "GET /self.logs/error.log.2017-07-20.gz HTTP/1.1" 200 946 "-" "Mozilla/5.0 (Linux; Android 7.0;) AppleWebKit/537.36 (KHTML, like Gecko) Mobile Safari/537.36 (compatible; PetalBot;+https://aspiegel.com/petalbot)" 
66.249.66.85 - - [15/Feb/2021:12:45:16 -0800] "GET /honeypot/BSidesDFW+-+2014.ipynb HTTP/1.1" 404 328 "-" "Mozilla/5.0 (Linux; Android 6.0.1; Nexus 5X Build/MMB29P) AppleWebKit/537.36 (KHTML, like Gecko) Chrome/88.0.4324.153 Mobile Safari/537.36 (compatible; Googlebot/2.1; +http://www.google.com/bot.html)" 
54.36.149.62 - - [15/Feb/2021:12:49:20 -0800] "GET /self.logs/error.log.2018-11-16.gz HTTP/1.1" 200 4410 "-" "Mozilla/5.0 (compatible; AhrefsBot/7.0; +http://ahrefs.com/robot/)" 
114.119.141.53 - - [15/Feb/2021:12:50:04 -0800] "GET /self.logs/access.log.2018-07-11.gz HTTP/1.1" 200 32651 "-" "Mozilla/5.0 (Linux; Android 7.0;) AppleWebKit/537.36 (KHTML, like Gecko) Mobile Safari/537.36 (compatible; PetalBot;+https://aspiegel.com/petalbot)" 
206.47.249.246 - - [15/Feb/2021:12:52:02 -0800] "GET /self.logs/error.log.2019-04-23.gz HTTP/1.1" 304 280 "-" "Mozilla/4.0 (compatible;)" 
114.119.130.95 - - [15/Feb/2021:12:55:25 -0800] "GET /self.logs/access.log.2018-02-07.gz HTTP/1.1" 200 29450 "-" "Mozilla/5.0 (Linux; Android 7.0;) AppleWebKit/537.36 (KHTML, like Gecko) Mobile Safari/537.36 (compatible; PetalBot;+https://aspiegel.com/petalbot)" 
