34.206.152.150 - - [13/Aug/2022:14:22:54 -0700] "HEAD / HTTP/1.1" 200 359 "http://66.33.221.139" "DreamHost SiteMonitor 1.0" 
51.222.133.33 - - [13/Aug/2022:14:22:55 -0700] "GET / HTTP/1.1" 200 49096 "-" "Mozilla/5.0 (Windows NT 6.1; Win64; x64; +http://url-classification.io/wiki/index.php?title=URL_server_crawler) KStandBot/1.0" 
157.55.39.117 - - [13/Aug/2022:14:26:39 -0700] "GET / HTTP/1.1" 301 475 "-" "Mozilla/5.0 (compatible; bingbot/2.0; +http://www.bing.com/bingbot.htm)" 
157.55.39.117 - - [13/Aug/2022:14:29:19 -0700] "GET / HTTP/1.1" 200 13187 "-" "Mozilla/5.0 (compatible; bingbot/2.0; +http://www.bing.com/bingbot.htm)" 
34.206.152.150 - - [13/Aug/2022:14:32:54 -0700] "HEAD / HTTP/1.1" 301 186 "-" "DreamHost SiteMonitor 1.0" 
34.206.152.150 - - [13/Aug/2022:14:32:54 -0700] "HEAD / HTTP/1.1" 200 359 "http://66.33.221.139" "DreamHost SiteMonitor 1.0" 
49.7.20.138 - - [13/Aug/2022:14:34:47 -0700] "GET / HTTP/1.1" 200 13149 "-" "Sogou web spider/4.0(+http://www.sogou.com/docs/help/webmasters.htm#07)" 
34.206.152.150 - - [13/Aug/2022:14:42:54 -0700] "HEAD / HTTP/1.1" 301 186 "-" "DreamHost SiteMonitor 1.0" 
34.206.152.150 - - [13/Aug/2022:14:42:54 -0700] "HEAD / HTTP/1.1" 200 359 "http://66.33.221.139" "DreamHost SiteMonitor 1.0" 
157.55.39.88 - - [13/Aug/2022:14:44:08 -0700] "GET /self.logs/ HTTP/1.1" 200 37851 "-" "Mozilla/5.0 (compatible; bingbot/2.0; +http://www.bing.com/bingbot.htm)" 
34.206.152.150 - - [13/Aug/2022:14:52:54 -0700] "HEAD / HTTP/1.1" 301 186 "-" "DreamHost SiteMonitor 1.0" 
34.206.152.150 - - [13/Aug/2022:14:52:54 -0700] "HEAD / HTTP/1.1" 200 359 "http://66.33.221.139" "DreamHost SiteMonitor 1.0" 
51.222.253.6 - - [13/Aug/2022:14:53:29 -0700] "GET /self.logs/?C=M;O=A HTTP/1.1" 200 39358 "-" "Mozilla/5.0 (compatible; AhrefsBot/7.0; +http://ahrefs.com/robot/)" 
34.206.152.150 - - [13/Aug/2022:15:02:54 -0700] "HEAD / HTTP/1.1" 301 186 "-" "DreamHost SiteMonitor 1.0" 
34.206.152.150 - - [13/Aug/2022:15:02:54 -0700] "HEAD / HTTP/1.1" 200 359 "http://66.33.221.139" "DreamHost SiteMonitor 1.0" 
157.55.39.88 - - [13/Aug/2022:15:06:33 -0700] "GET /self.logs/ HTTP/1.1" 200 37851 "-" "Mozilla/5.0 (compatible; bingbot/2.0; +http://www.bing.com/bingbot.htm)" 
49.7.20.138 - - [13/Aug/2022:15:08:37 -0700] "GET / HTTP/1.1" 200 13150 "-" "Sogou web spider/4.0(+http://www.sogou.com/docs/help/webmasters.htm#07)" 
34.206.152.150 - - [13/Aug/2022:15:12:54 -0700] "HEAD / HTTP/1.1" 301 186 "-" "DreamHost SiteMonitor 1.0" 
34.206.152.150 - - [13/Aug/2022:15:12:54 -0700] "HEAD / HTTP/1.1" 200 359 "http://66.33.221.139" "DreamHost SiteMonitor 1.0" 
34.206.152.150 - - [13/Aug/2022:15:22:54 -0700] "HEAD / HTTP/1.1" 301 186 "-" "DreamHost SiteMonitor 1.0" 
34.206.152.150 - - [13/Aug/2022:15:22:54 -0700] "HEAD / HTTP/1.1" 200 359 "http://66.33.221.139" "DreamHost SiteMonitor 1.0" 
157.55.39.88 - - [13/Aug/2022:15:28:33 -0700] "GET /self.logs/ HTTP/1.1" 200 37851 "-" "Mozilla/5.0 (compatible; bingbot/2.0; +http://www.bing.com/bingbot.htm)" 
34.206.152.150 - - [13/Aug/2022:15:32:54 -0700] "HEAD / HTTP/1.1" 301 186 "-" "DreamHost SiteMonitor 1.0" 
34.206.152.150 - - [13/Aug/2022:15:32:54 -0700] "HEAD / HTTP/1.1" 200 359 "http://66.33.221.139" "DreamHost SiteMonitor 1.0" 
51.222.253.9 - - [13/Aug/2022:15:35:53 -0700] "GET /Datasets%20Description/Network/ssh.html HTTP/1.1" 200 1324 "-" "Mozilla/5.0 (compatible; AhrefsBot/7.0; +http://ahrefs.com/robot/)" 
114.119.149.23 - - [13/Aug/2022:15:39:45 -0700] "GET /self.logs/error.log.2020-09-03 HTTP/1.1" 200 351 "http://www.secrepo.com/self.logs?C=N%3BO%3DD" "Mozilla/5.0 (Linux; Android 7.0;) AppleWebKit/537.36 (KHTML, like Gecko) Mobile Safari/537.36 (compatible; PetalBot;+https://webmaster.petalsearch.com/site/petalbot)" 
34.206.152.150 - - [13/Aug/2022:15:42:54 -0700] "HEAD / HTTP/1.1" 301 186 "-" "DreamHost SiteMonitor 1.0" 
34.206.152.150 - - [13/Aug/2022:15:42:54 -0700] "HEAD / HTTP/1.1" 200 359 "http://66.33.221.139" "DreamHost SiteMonitor 1.0" 
49.7.20.138 - - [13/Aug/2022:15:43:43 -0700] "GET / HTTP/1.1" 200 13150 "-" "Sogou web spider/4.0(+http://www.sogou.com/docs/help/webmasters.htm#07)" 
222.187.232.124 - - [13/Aug/2022:15:48:17 -0700] "GET /data/admin/allowurl.txt HTTP/1.1" 404 328 "-" "Mozilla/5.0 (Windows NT 10.0; WOW64; rv:48.0) Gecko/20100101 Firefox/48.0" 
157.55.39.88 - - [13/Aug/2022:15:50:15 -0700] "GET /self.logs/ HTTP/1.1" 200 37851 "-" "Mozilla/5.0 (compatible; bingbot/2.0; +http://www.bing.com/bingbot.htm)" 
34.206.152.150 - - [13/Aug/2022:15:52:54 -0700] "HEAD / HTTP/1.1" 301 186 "-" "DreamHost SiteMonitor 1.0" 
34.206.152.150 - - [13/Aug/2022:15:52:54 -0700] "HEAD / HTTP/1.1" 200 359 "http://66.33.221.139" "DreamHost SiteMonitor 1.0" 
20.13.130.49 - - [13/Aug/2022:15:56:56 -0700] "GET /_profiler/phpinfo HTTP/1.1" 301 509 "-" "Mozlila/5.0 (Linux; Android 7.0; SM-G892A Bulid/NRD90M; wv) AppleWebKit/537.36 (KHTML, like Gecko) Version/4.0 Chrome/60.0.3112.107 Moblie Safari/537.36" 
20.13.130.49 - - [13/Aug/2022:15:56:56 -0700] "GET /_profiler/phpinfo HTTP/1.1" 404 328 "-" "Mozlila/5.0 (Linux; Android 7.0; SM-G892A Bulid/NRD90M; wv) AppleWebKit/537.36 (KHTML, like Gecko) Version/4.0 Chrome/60.0.3112.107 Moblie Safari/537.36" 
20.13.130.49 - - [13/Aug/2022:15:56:56 -0700] "GET /phpinfo.php HTTP/1.1" 301 497 "-" "Mozlila/5.0 (Linux; Android 7.0; SM-G892A Bulid/NRD90M; wv) AppleWebKit/537.36 (KHTML, like Gecko) Version/4.0 Chrome/60.0.3112.107 Moblie Safari/537.36" 
20.13.130.49 - - [13/Aug/2022:15:56:56 -0700] "GET /phpinfo.php HTTP/1.1" 404 328 "-" "Mozlila/5.0 (Linux; Android 7.0; SM-G892A Bulid/NRD90M; wv) AppleWebKit/537.36 (KHTML, like Gecko) Version/4.0 Chrome/60.0.3112.107 Moblie Safari/537.36" 
20.13.130.49 - - [13/Aug/2022:15:56:57 -0700] "GET /phpinfo HTTP/1.1" 301 489 "-" "Mozlila/5.0 (Linux; Android 7.0; SM-G892A Bulid/NRD90M; wv) AppleWebKit/537.36 (KHTML, like Gecko) Version/4.0 Chrome/60.0.3112.107 Moblie Safari/537.36" 
20.13.130.49 - - [13/Aug/2022:15:56:57 -0700] "GET /phpinfo HTTP/1.1" 404 328 "-" "Mozlila/5.0 (Linux; Android 7.0; SM-G892A Bulid/NRD90M; wv) AppleWebKit/537.36 (KHTML, like Gecko) Version/4.0 Chrome/60.0.3112.107 Moblie Safari/537.36" 
20.13.130.49 - - [13/Aug/2022:15:56:57 -0700] "GET /aws.yml HTTP/1.1" 301 489 "-" "Mozlila/5.0 (Linux; Android 7.0; SM-G892A Bulid/NRD90M; wv) AppleWebKit/537.36 (KHTML, like Gecko) Version/4.0 Chrome/60.0.3112.107 Moblie Safari/537.36" 
20.13.130.49 - - [13/Aug/2022:15:56:58 -0700] "GET /aws.yml HTTP/1.1" 404 328 "-" "Mozlila/5.0 (Linux; Android 7.0; SM-G892A Bulid/NRD90M; wv) AppleWebKit/537.36 (KHTML, like Gecko) Version/4.0 Chrome/60.0.3112.107 Moblie Safari/537.36" 
20.13.130.49 - - [13/Aug/2022:15:56:58 -0700] "GET /.env.bak HTTP/1.1" 301 491 "-" "Mozlila/5.0 (Linux; Android 7.0; SM-G892A Bulid/NRD90M; wv) AppleWebKit/537.36 (KHTML, like Gecko) Version/4.0 Chrome/60.0.3112.107 Moblie Safari/537.36" 
20.13.130.49 - - [13/Aug/2022:15:56:58 -0700] "GET /.env.bak HTTP/1.1" 404 519 "-" "Mozlila/5.0 (Linux; Android 7.0; SM-G892A Bulid/NRD90M; wv) AppleWebKit/537.36 (KHTML, like Gecko) Version/4.0 Chrome/60.0.3112.107 Moblie Safari/537.36" 
20.13.130.49 - - [13/Aug/2022:15:56:58 -0700] "GET /info.php HTTP/1.1" 301 491 "-" "Mozlila/5.0 (Linux; Android 7.0; SM-G892A Bulid/NRD90M; wv) AppleWebKit/537.36 (KHTML, like Gecko) Version/4.0 Chrome/60.0.3112.107 Moblie Safari/537.36" 
20.13.130.49 - - [13/Aug/2022:15:56:58 -0700] "GET /info.php HTTP/1.1" 404 328 "-" "Mozlila/5.0 (Linux; Android 7.0; SM-G892A Bulid/NRD90M; wv) AppleWebKit/537.36 (KHTML, like Gecko) Version/4.0 Chrome/60.0.3112.107 Moblie Safari/537.36" 
20.13.130.49 - - [13/Aug/2022:15:56:59 -0700] "GET /.aws/credentials HTTP/1.1" 301 507 "-" "Mozlila/5.0 (Linux; Android 7.0; SM-G892A Bulid/NRD90M; wv) AppleWebKit/537.36 (KHTML, like Gecko) Version/4.0 Chrome/60.0.3112.107 Moblie Safari/537.36" 
20.13.130.49 - - [13/Aug/2022:15:56:59 -0700] "GET /.aws/credentials HTTP/1.1" 404 328 "-" "Mozlila/5.0 (Linux; Android 7.0; SM-G892A Bulid/NRD90M; wv) AppleWebKit/537.36 (KHTML, like Gecko) Version/4.0 Chrome/60.0.3112.107 Moblie Safari/537.36" 
20.13.130.49 - - [13/Aug/2022:15:56:59 -0700] "GET / HTTP/1.1" 301 475 "-" "Mozlila/5.0 (Linux; Android 7.0; SM-G892A Bulid/NRD90M; wv) AppleWebKit/537.36 (KHTML, like Gecko) Version/4.0 Chrome/60.0.3112.107 Moblie Safari/537.36" 
20.13.130.49 - - [13/Aug/2022:15:56:59 -0700] "GET / HTTP/1.1" 200 13187 "-" "Mozlila/5.0 (Linux; Android 7.0; SM-G892A Bulid/NRD90M; wv) AppleWebKit/537.36 (KHTML, like Gecko) Version/4.0 Chrome/60.0.3112.107 Moblie Safari/537.36" 
20.13.130.49 - - [13/Aug/2022:15:56:59 -0700] "GET /config/aws.yml HTTP/1.1" 301 503 "-" "Mozlila/5.0 (Linux; Android 7.0; SM-G892A Bulid/NRD90M; wv) AppleWebKit/537.36 (KHTML, like Gecko) Version/4.0 Chrome/60.0.3112.107 Moblie Safari/537.36" 
20.13.130.49 - - [13/Aug/2022:15:57:00 -0700] "GET /config/aws.yml HTTP/1.1" 404 328 "-" "Mozlila/5.0 (Linux; Android 7.0; SM-G892A Bulid/NRD90M; wv) AppleWebKit/537.36 (KHTML, like Gecko) Version/4.0 Chrome/60.0.3112.107 Moblie Safari/537.36" 
20.13.130.49 - - [13/Aug/2022:15:57:00 -0700] "GET / HTTP/1.1" 301 475 "-" "Mozlila/5.0 (Linux; Android 7.0; SM-G892A Bulid/NRD90M; wv) AppleWebKit/537.36 (KHTML, like Gecko) Version/4.0 Chrome/60.0.3112.107 Moblie Safari/537.36" 
20.13.130.49 - - [13/Aug/2022:15:57:00 -0700] "GET / HTTP/1.1" 200 13187 "-" "Mozlila/5.0 (Linux; Android 7.0; SM-G892A Bulid/NRD90M; wv) AppleWebKit/537.36 (KHTML, like Gecko) Version/4.0 Chrome/60.0.3112.107 Moblie Safari/537.36" 
20.13.130.49 - - [13/Aug/2022:15:57:01 -0700] "GET /config.js HTTP/1.1" 301 493 "-" "Mozlila/5.0 (Linux; Android 7.0; SM-G892A Bulid/NRD90M; wv) AppleWebKit/537.36 (KHTML, like Gecko) Version/4.0 Chrome/60.0.3112.107 Moblie Safari/537.36" 
20.13.130.49 - - [13/Aug/2022:15:57:01 -0700] "GET /config.js HTTP/1.1" 404 328 "-" "Mozlila/5.0 (Linux; Android 7.0; SM-G892A Bulid/NRD90M; wv) AppleWebKit/537.36 (KHTML, like Gecko) Version/4.0 Chrome/60.0.3112.107 Moblie Safari/537.36" 
20.13.130.49 - - [13/Aug/2022:15:57:01 -0700] "GET /.env HTTP/1.1" 301 483 "-" "Mozlila/5.0 (Linux; Android 7.0; SM-G892A Bulid/NRD90M; wv) AppleWebKit/537.36 (KHTML, like Gecko) Version/4.0 Chrome/60.0.3112.107 Moblie Safari/537.36" 
20.13.130.49 - - [13/Aug/2022:15:57:01 -0700] "GET /.env HTTP/1.1" 404 519 "-" "Mozlila/5.0 (Linux; Android 7.0; SM-G892A Bulid/NRD90M; wv) AppleWebKit/537.36 (KHTML, like Gecko) Version/4.0 Chrome/60.0.3112.107 Moblie Safari/537.36" 
61.147.15.65 - - [13/Aug/2022:15:58:51 -0700] "GET / HTTP/1.1" 200 13187 "-" "Mozilla/5.0 (Linux; U; Android 8.0.0; zh-CN; STF-AL00 Build/HUAWEISTF-AL00) AppleWebKit/537.36 (KHTML, like Gecko) Version/4.0 Chrome/57.0.2987.108 UCBrowser/12.0.2.982 Mobile Safari/537.36" 
173.231.60.198 - - [13/Aug/2022:16:00:11 -0700] "GET /robots.txt HTTP/1.1" 301 458 "-" "Mozilla/5.0 (compatible; Adsbot/3.1; +https://seostar.co/robot/)" 
114.119.149.218 - - [13/Aug/2022:16:00:16 -0700] "GET /self.logs/error.log.2020-09-13 HTTP/1.1" 200 351 "http://www.secrepo.com/self.logs?C=N%3BO%3DD" "Mozilla/5.0 (Linux; Android 7.0;) AppleWebKit/537.36 (KHTML, like Gecko) Mobile Safari/537.36 (compatible; PetalBot;+https://webmaster.petalsearch.com/site/petalbot)" 
173.231.60.198 - - [13/Aug/2022:16:00:19 -0700] "GET /robots.txt HTTP/1.1" 200 340 "-" "Mozilla/5.0 (compatible; Adsbot/3.1; +https://seostar.co/robot/)" 
173.231.60.198 - - [13/Aug/2022:16:00:25 -0700] "GET / HTTP/1.1" 301 438 "-" "Mozilla/5.0 (compatible; Adsbot/3.1; +https://seostar.co/robot/)" 
173.231.60.198 - - [13/Aug/2022:16:00:42 -0700] "GET / HTTP/1.1" 200 13148 "-" "Mozilla/5.0 (compatible; Adsbot/3.1; +https://seostar.co/robot/)" 
34.206.152.150 - - [13/Aug/2022:16:02:54 -0700] "HEAD / HTTP/1.1" 301 186 "-" "DreamHost SiteMonitor 1.0" 
34.206.152.150 - - [13/Aug/2022:16:02:54 -0700] "HEAD / HTTP/1.1" 200 359 "http://66.33.221.139" "DreamHost SiteMonitor 1.0" 
173.231.60.198 - - [13/Aug/2022:16:03:01 -0700] "GET /self.logs/ HTTP/1.1" 200 37814 "http://www.secrepo.com/" "Mozilla/5.0 (compatible; Adsbot/3.1; +https://seostar.co/robot/)" 
173.231.60.198 - - [13/Aug/2022:16:03:08 -0700] "GET /Datasets%20Description/HTML_Bro_log_1 HTTP/1.1" 301 582 "http://www.secrepo.com/" "Mozilla/5.0 (compatible; Adsbot/3.1; +https://seostar.co/robot/)" 
173.231.60.198 - - [13/Aug/2022:16:03:26 -0700] "GET /Datasets%20Description/HTML_Bro_log_2 HTTP/1.1" 301 582 "http://www.secrepo.com/" "Mozilla/5.0 (compatible; Adsbot/3.1; +https://seostar.co/robot/)" 
173.231.60.198 - - [13/Aug/2022:16:03:36 -0700] "GET /Datasets%20Description/HTML_Bro_log_3 HTTP/1.1" 301 582 "http://www.secrepo.com/" "Mozilla/5.0 (compatible; Adsbot/3.1; +https://seostar.co/robot/)" 
173.231.60.198 - - [13/Aug/2022:16:03:42 -0700] "GET /Datasets%20Description/Network/dns.html HTTP/1.1" 200 1506 "http://www.secrepo.com/" "Mozilla/5.0 (compatible; Adsbot/3.1; +https://seostar.co/robot/)" 
173.231.60.198 - - [13/Aug/2022:16:03:52 -0700] "GET /Datasets%20Description/Network/ftp.html HTTP/1.1" 200 1493 "http://www.secrepo.com/" "Mozilla/5.0 (compatible; Adsbot/3.1; +https://seostar.co/robot/)" 
173.231.60.198 - - [13/Aug/2022:16:04:07 -0700] "GET /Datasets%20Description/Network/ssh.html HTTP/1.1" 200 1331 "http://www.secrepo.com/" "Mozilla/5.0 (compatible; Adsbot/3.1; +https://seostar.co/robot/)" 
94.247.172.129 - - [13/Aug/2022:16:05:40 -0700] "GET / HTTP/1.1" 200 13148 "-" "Mozilla/5.0 (Macintosh; Intel Mac OS X 10_9_2)" 
114.119.149.218 - - [13/Aug/2022:16:06:08 -0700] "GET /self.logs/error.log.2020-09-19 HTTP/1.1" 200 351 "http://www.secrepo.com/self.logs?C=N%3BO%3DD" "Mozilla/5.0 (Linux; Android 7.0;) AppleWebKit/537.36 (KHTML, like Gecko) Mobile Safari/537.36 (compatible; PetalBot;+https://webmaster.petalsearch.com/site/petalbot)" 
34.206.152.150 - - [13/Aug/2022:16:12:54 -0700] "HEAD / HTTP/1.1" 301 186 "-" "DreamHost SiteMonitor 1.0" 
34.206.152.150 - - [13/Aug/2022:16:12:54 -0700] "HEAD / HTTP/1.1" 200 359 "http://66.33.221.139" "DreamHost SiteMonitor 1.0" 
157.55.39.88 - - [13/Aug/2022:16:12:58 -0700] "GET /self.logs/ HTTP/1.1" 200 37851 "-" "Mozilla/5.0 (compatible; bingbot/2.0; +http://www.bing.com/bingbot.htm)" 
49.7.20.138 - - [13/Aug/2022:16:18:50 -0700] "GET / HTTP/1.1" 200 13149 "-" "Sogou web spider/4.0(+http://www.sogou.com/docs/help/webmasters.htm#07)" 
51.222.253.2 - - [13/Aug/2022:16:22:33 -0700] "GET /self.logs/error.log.2022-08-10.gz HTTP/1.1" 200 1463 "-" "Mozilla/5.0 (compatible; AhrefsBot/7.0; +http://ahrefs.com/robot/)" 
34.206.152.150 - - [13/Aug/2022:16:22:54 -0700] "HEAD / HTTP/1.1" 301 186 "-" "DreamHost SiteMonitor 1.0" 
34.206.152.150 - - [13/Aug/2022:16:22:54 -0700] "HEAD / HTTP/1.1" 200 359 "http://66.33.221.139" "DreamHost SiteMonitor 1.0" 
185.191.171.34 - - [13/Aug/2022:16:25:32 -0700] "GET /robots.txt HTTP/1.1" 301 458 "-" "Mozilla/5.0 (compatible; SemrushBot/7~bl; +http://www.semrush.com/bot.html)" 
185.191.171.40 - - [13/Aug/2022:16:25:33 -0700] "GET /robots.txt HTTP/1.1" 200 340 "-" "Mozilla/5.0 (compatible; SemrushBot/7~bl; +http://www.semrush.com/bot.html)" 
34.206.152.150 - - [13/Aug/2022:16:32:54 -0700] "HEAD / HTTP/1.1" 301 186 "-" "DreamHost SiteMonitor 1.0" 
34.206.152.150 - - [13/Aug/2022:16:32:54 -0700] "HEAD / HTTP/1.1" 200 359 "http://66.33.221.139" "DreamHost SiteMonitor 1.0" 
114.119.149.237 - - [13/Aug/2022:16:33:08 -0700] "GET /self.logs?C=N%3BO%3DD HTTP/1.1" 301 587 "https://www.secrepo.com/self.logs" "Mozilla/5.0 (Linux; Android 7.0;) AppleWebKit/537.36 (KHTML, like Gecko) Mobile Safari/537.36 (compatible; PetalBot;+https://webmaster.petalsearch.com/site/petalbot)" 
114.119.149.237 - - [13/Aug/2022:16:33:09 -0700] "GET /self.logs/?C=N%3BO%3DD HTTP/1.1" 200 37828 "https://www.secrepo.com/self.logs" "Mozilla/5.0 (Linux; Android 7.0;) AppleWebKit/537.36 (KHTML, like Gecko) Mobile Safari/537.36 (compatible; PetalBot;+https://webmaster.petalsearch.com/site/petalbot)" 
157.55.39.88 - - [13/Aug/2022:16:34:19 -0700] "GET /self.logs/ HTTP/1.1" 200 37851 "-" "Mozilla/5.0 (compatible; bingbot/2.0; +http://www.bing.com/bingbot.htm)" 
157.55.39.88 - - [13/Aug/2022:16:38:32 -0700] "GET /self.logs/error.log.2022-03-05 HTTP/1.1" 200 351 "-" "Mozilla/5.0 (compatible; bingbot/2.0; +http://www.bing.com/bingbot.htm)" 
114.119.140.174 - - [13/Aug/2022:16:39:00 -0700] "GET /self.logs/error.log.2020-09-20 HTTP/1.1" 200 351 "http://www.secrepo.com/self.logs?C=N%3BO%3DD" "Mozilla/5.0 (Linux; Android 7.0;) AppleWebKit/537.36 (KHTML, like Gecko) Mobile Safari/537.36 (compatible; PetalBot;+https://webmaster.petalsearch.com/site/petalbot)" 
103.131.71.212 - - [13/Aug/2022:16:42:22 -0700] "GET /robots.txt HTTP/1.1" 301 458 "-" "Mozilla/5.0 (compatible; coccocbot-image/1.0; +http://help.coccoc.com/searchengine)" 
103.131.71.212 - - [13/Aug/2022:16:42:27 -0700] "GET /robots.txt HTTP/1.1" 200 340 "-" "Mozilla/5.0 (compatible; coccocbot-image/1.0; +http://help.coccoc.com/searchengine)" 
34.206.152.150 - - [13/Aug/2022:16:42:54 -0700] "HEAD / HTTP/1.1" 301 186 "-" "DreamHost SiteMonitor 1.0" 
34.206.152.150 - - [13/Aug/2022:16:42:54 -0700] "HEAD / HTTP/1.1" 200 359 "http://66.33.221.139" "DreamHost SiteMonitor 1.0" 
114.119.149.228 - - [13/Aug/2022:16:44:45 -0700] "GET /self.logs/error.log.2020-11-15 HTTP/1.1" 200 351 "http://www.secrepo.com/self.logs?C=N%3BO%3DD" "Mozilla/5.0 (Linux; Android 7.0;) AppleWebKit/537.36 (KHTML, like Gecko) Mobile Safari/537.36 (compatible; PetalBot;+https://webmaster.petalsearch.com/site/petalbot)" 
114.119.145.137 - - [13/Aug/2022:16:50:35 -0700] "GET /honeypot/BSidesDFW%20-%202014.ipynb HTTP/1.1" 301 537 "http://nbviewer.ipython.org/url/secrepo.com/honeypot/BSidesDFW%20-%202014.ipynb" "Mozilla/5.0 (Linux; Android 7.0;) AppleWebKit/537.36 (KHTML, like Gecko) Mobile Safari/537.36 (compatible; PetalBot;+https://webmaster.petalsearch.com/site/petalbot)" 
114.119.145.137 - - [13/Aug/2022:16:50:36 -0700] "GET /honeypot/BSidesDFW%20-%202014.ipynb HTTP/1.1" 200 930921 "http://nbviewer.ipython.org/url/secrepo.com/honeypot/BSidesDFW%20-%202014.ipynb" "Mozilla/5.0 (Linux; Android 7.0;) AppleWebKit/537.36 (KHTML, like Gecko) Mobile Safari/537.36 (compatible; PetalBot;+https://webmaster.petalsearch.com/site/petalbot)" 
49.7.20.138 - - [13/Aug/2022:16:52:43 -0700] "GET / HTTP/1.1" 200 13150 "-" "Sogou web spider/4.0(+http://www.sogou.com/docs/help/webmasters.htm#07)" 
34.206.152.150 - - [13/Aug/2022:16:52:54 -0700] "HEAD / HTTP/1.1" 301 186 "-" "DreamHost SiteMonitor 1.0" 
34.206.152.150 - - [13/Aug/2022:16:52:54 -0700] "HEAD / HTTP/1.1" 200 359 "http://66.33.221.139" "DreamHost SiteMonitor 1.0" 
157.55.39.88 - - [13/Aug/2022:16:55:22 -0700] "GET /self.logs/ HTTP/1.1" 200 37851 "-" "Mozilla/5.0 (compatible; bingbot/2.0; +http://www.bing.com/bingbot.htm)" 
43.133.115.28 - - [13/Aug/2022:17:01:34 -0700] "GET / HTTP/1.1" 200 13187 "-" "Mozilla/5.0 (Windows NT 10.0; Win64; x64) AppleWebKit/537.36 (KHTML, like Gecko) Chrome/72.0.3626.119 Safari/537.36" 
114.119.145.137 - - [13/Aug/2022:17:02:19 -0700] "GET /self.logs/error.log.2020-11-19 HTTP/1.1" 200 351 "http://www.secrepo.com/self.logs?C=N%3BO%3DD" "Mozilla/5.0 (Linux; Android 7.0;) AppleWebKit/537.36 (KHTML, like Gecko) Mobile Safari/537.36 (compatible; PetalBot;+https://webmaster.petalsearch.com/site/petalbot)" 
34.206.152.150 - - [13/Aug/2022:17:02:54 -0700] "HEAD / HTTP/1.1" 301 186 "-" "DreamHost SiteMonitor 1.0" 
34.206.152.150 - - [13/Aug/2022:17:02:54 -0700] "HEAD / HTTP/1.1" 200 359 "http://66.33.221.139" "DreamHost SiteMonitor 1.0" 
173.231.60.198 - - [13/Aug/2022:17:06:18 -0700] "GET /Datasets%20Description/Network/ssl.html HTTP/1.1" 200 1548 "http://www.secrepo.com/" "Mozilla/5.0 (compatible; Adsbot/3.1; +https://seostar.co/robot/)" 
173.231.60.198 - - [13/Aug/2022:17:06:39 -0700] "GET /Datasets%20Description/Network/dhcp.html HTTP/1.1" 200 1424 "http://www.secrepo.com/" "Mozilla/5.0 (compatible; Adsbot/3.1; +https://seostar.co/robot/)" 
173.231.60.198 - - [13/Aug/2022:17:07:03 -0700] "GET /Datasets%20Description/Network/http.html HTTP/1.1" 200 1672 "http://www.secrepo.com/" "Mozilla/5.0 (compatible; Adsbot/3.1; +https://seostar.co/robot/)" 
173.231.60.198 - - [13/Aug/2022:17:07:13 -0700] "GET /Datasets%20Description/Network/smtp.html HTTP/1.1" 200 1600 "http://www.secrepo.com/" "Mozilla/5.0 (compatible; Adsbot/3.1; +https://seostar.co/robot/)" 
173.231.60.198 - - [13/Aug/2022:17:07:41 -0700] "GET /Datasets%20Description/Network/files.html HTTP/1.1" 200 1495 "http://www.secrepo.com/" "Mozilla/5.0 (compatible; Adsbot/3.1; +https://seostar.co/robot/)" 
173.231.60.198 - - [13/Aug/2022:17:08:03 -0700] "GET /Datasets%20Description/Network/weird.html HTTP/1.1" 200 1608 "http://www.secrepo.com/" "Mozilla/5.0 (compatible; Adsbot/3.1; +https://seostar.co/robot/)" 
114.119.149.237 - - [13/Aug/2022:17:08:13 -0700] "GET /Datasets%20Description/HTML_Bro_log_2/dhcp.html HTTP/1.1" 200 1737 "http://www.secrepo.com/Datasets%20Description/HTML_Bro_log_2" "Mozilla/5.0 (Linux; Android 7.0;) AppleWebKit/537.36 (KHTML, like Gecko) Mobile Safari/537.36 (compatible; PetalBot;+https://webmaster.petalsearch.com/site/petalbot)" 
173.231.60.198 - - [13/Aug/2022:17:08:17 -0700] "GET /Datasets%20Description/Network/notice.html HTTP/1.1" 200 1613 "http://www.secrepo.com/" "Mozilla/5.0 (compatible; Adsbot/3.1; +https://seostar.co/robot/)" 
173.231.60.198 - - [13/Aug/2022:17:08:37 -0700] "GET /Datasets%20Description/Network/tunnel.html HTTP/1.1" 200 1433 "http://www.secrepo.com/" "Mozilla/5.0 (compatible; Adsbot/3.1; +https://seostar.co/robot/)" 
173.231.60.198 - - [13/Aug/2022:17:08:47 -0700] "GET /Datasets%20Description/PE_malware/Zeus.html HTTP/1.1" 200 1661 "http://www.secrepo.com/" "Mozilla/5.0 (compatible; Adsbot/3.1; +https://seostar.co/robot/)" 
173.231.60.198 - - [13/Aug/2022:17:09:04 -0700] "GET /Datasets%20Description/PE_malware/OPCleaver.html HTTP/1.1" 200 1421 "http://www.secrepo.com/" "Mozilla/5.0 (compatible; Adsbot/3.1; +https://seostar.co/robot/)" 
34.206.152.150 - - [13/Aug/2022:17:12:54 -0700] "HEAD / HTTP/1.1" 301 186 "-" "DreamHost SiteMonitor 1.0" 
34.206.152.150 - - [13/Aug/2022:17:12:54 -0700] "HEAD / HTTP/1.1" 200 359 "http://66.33.221.139" "DreamHost SiteMonitor 1.0" 
157.55.39.88 - - [13/Aug/2022:17:16:43 -0700] "GET /self.logs/ HTTP/1.1" 200 37851 "-" "Mozilla/5.0 (compatible; bingbot/2.0; +http://www.bing.com/bingbot.htm)" 
34.206.152.150 - - [13/Aug/2022:17:22:54 -0700] "HEAD / HTTP/1.1" 301 186 "-" "DreamHost SiteMonitor 1.0" 
34.206.152.150 - - [13/Aug/2022:17:22:54 -0700] "HEAD / HTTP/1.1" 200 359 "http://66.33.221.139" "DreamHost SiteMonitor 1.0" 
49.7.20.138 - - [13/Aug/2022:17:25:29 -0700] "GET / HTTP/1.1" 200 13150 "-" "Sogou web spider/4.0(+http://www.sogou.com/docs/help/webmasters.htm#07)" 
175.36.60.23 - - [13/Aug/2022:17:29:32 -0700] "GET / HTTP/1.1" 200 13187 "-" "Mozilla/5.0 (Windows NT 10.0; Win64; x64) AppleWebKit/537.36 (KHTML, like Gecko) Chrome/104.0.0.0 Safari/537.36" 
175.36.60.23 - - [13/Aug/2022:17:29:33 -0700] "GET /css/style.css HTTP/1.1" 404 305 "http://www.secrepo.com/" "Mozilla/5.0 (Windows NT 10.0; Win64; x64) AppleWebKit/537.36 (KHTML, like Gecko) Chrome/104.0.0.0 Safari/537.36" 
175.36.60.23 - - [13/Aug/2022:17:29:33 -0700] "GET /twitter-icon.png HTTP/1.1" 200 27893 "http://www.secrepo.com/" "Mozilla/5.0 (Windows NT 10.0; Win64; x64) AppleWebKit/537.36 (KHTML, like Gecko) Chrome/104.0.0.0 Safari/537.36" 
175.36.60.23 - - [13/Aug/2022:17:29:33 -0700] "GET /GitHub-Mark.png HTTP/1.1" 200 7556 "http://www.secrepo.com/" "Mozilla/5.0 (Windows NT 10.0; Win64; x64) AppleWebKit/537.36 (KHTML, like Gecko) Chrome/104.0.0.0 Safari/537.36" 
34.206.152.150 - - [13/Aug/2022:17:32:54 -0700] "HEAD / HTTP/1.1" 301 186 "-" "DreamHost SiteMonitor 1.0" 
34.206.152.150 - - [13/Aug/2022:17:32:54 -0700] "HEAD / HTTP/1.1" 200 359 "http://66.33.221.139" "DreamHost SiteMonitor 1.0" 
157.55.39.117 - - [13/Aug/2022:17:34:17 -0700] "GET /self.logs/error.log.2018-06-03.gz HTTP/1.1" 301 541 "-" "Mozilla/5.0 (compatible; bingbot/2.0; +http://www.bing.com/bingbot.htm)" 
51.222.253.8 - - [13/Aug/2022:17:35:39 -0700] "GET / HTTP/1.1" 200 13143 "-" "Mozilla/5.0 (compatible; AhrefsBot/7.0; +http://ahrefs.com/robot/)" 
114.119.145.137 - - [13/Aug/2022:17:36:09 -0700] "GET /self.logs/error.log.2020-03-30 HTTP/1.1" 200 351 "http://www.secrepo.com/self.logs?C=N%3BO%3DD" "Mozilla/5.0 (Linux; Android 7.0;) AppleWebKit/537.36 (KHTML, like Gecko) Mobile Safari/537.36 (compatible; PetalBot;+https://webmaster.petalsearch.com/site/petalbot)" 
157.55.39.88 - - [13/Aug/2022:17:38:45 -0700] "GET /self.logs/ HTTP/1.1" 200 37851 "-" "Mozilla/5.0 (compatible; bingbot/2.0; +http://www.bing.com/bingbot.htm)" 
34.206.152.150 - - [13/Aug/2022:17:42:54 -0700] "HEAD / HTTP/1.1" 301 186 "-" "DreamHost SiteMonitor 1.0" 
34.206.152.150 - - [13/Aug/2022:17:42:54 -0700] "HEAD / HTTP/1.1" 200 359 "http://66.33.221.139" "DreamHost SiteMonitor 1.0" 
114.119.149.237 - - [13/Aug/2022:17:47:32 -0700] "GET /self.logs/error.log.2020-09-14 HTTP/1.1" 200 351 "http://www.secrepo.com/self.logs?C=N%3BO%3DD" "Mozilla/5.0 (Linux; Android 7.0;) AppleWebKit/537.36 (KHTML, like Gecko) Mobile Safari/537.36 (compatible; PetalBot;+https://webmaster.petalsearch.com/site/petalbot)" 
173.231.60.198 - - [13/Aug/2022:17:51:18 -0700] "GET /Datasets%20Description/PE_malware/VirusShare.html HTTP/1.1" 200 1614 "http://www.secrepo.com/" "Mozilla/5.0 (compatible; Adsbot/3.1; +https://seostar.co/robot/)" 
173.231.60.198 - - [13/Aug/2022:17:51:40 -0700] "GET /Datasets%20Description/HTML_Bro_log_1/ HTTP/1.1" 200 797 "http://www.secrepo.com/" "Mozilla/5.0 (compatible; Adsbot/3.1; +https://seostar.co/robot/)" 
173.231.60.198 - - [13/Aug/2022:17:51:47 -0700] "GET /Datasets%20Description/HTML_Bro_log_2/ HTTP/1.1" 200 795 "http://www.secrepo.com/" "Mozilla/5.0 (compatible; Adsbot/3.1; +https://seostar.co/robot/)" 
173.231.60.198 - - [13/Aug/2022:17:51:58 -0700] "GET /Datasets%20Description/HTML_Bro_log_3/ HTTP/1.1" 200 786 "http://www.secrepo.com/" "Mozilla/5.0 (compatible; Adsbot/3.1; +https://seostar.co/robot/)" 
34.206.152.150 - - [13/Aug/2022:17:52:54 -0700] "HEAD / HTTP/1.1" 301 186 "-" "DreamHost SiteMonitor 1.0" 
34.206.152.150 - - [13/Aug/2022:17:52:54 -0700] "HEAD / HTTP/1.1" 200 359 "http://66.33.221.139" "DreamHost SiteMonitor 1.0" 
114.119.149.23 - - [13/Aug/2022:17:53:12 -0700] "GET /self.logs/error.log.2020-05-19 HTTP/1.1" 200 351 "http://www.secrepo.com/self.logs?C=N%3BO%3DD" "Mozilla/5.0 (Linux; Android 7.0;) AppleWebKit/537.36 (KHTML, like Gecko) Mobile Safari/537.36 (compatible; PetalBot;+https://webmaster.petalsearch.com/site/petalbot)" 
49.7.20.138 - - [13/Aug/2022:17:58:22 -0700] "GET / HTTP/1.1" 200 13150 "-" "Sogou web spider/4.0(+http://www.sogou.com/docs/help/webmasters.htm#07)" 
114.119.149.228 - - [13/Aug/2022:17:58:38 -0700] "GET /Datasets%20Description/HTML_Bro_log_2/ssl.html HTTP/1.1" 200 1860 "http://www.secrepo.com/Datasets%20Description/HTML_Bro_log_2" "Mozilla/5.0 (Linux; Android 7.0;) AppleWebKit/537.36 (KHTML, like Gecko) Mobile Safari/537.36 (compatible; PetalBot;+https://webmaster.petalsearch.com/site/petalbot)" 
157.55.39.88 - - [13/Aug/2022:18:00:57 -0700] "GET /self.logs/ HTTP/1.1" 200 37851 "-" "Mozilla/5.0 (compatible; bingbot/2.0; +http://www.bing.com/bingbot.htm)" 
34.206.152.150 - - [13/Aug/2022:18:02:54 -0700] "HEAD / HTTP/1.1" 301 186 "-" "DreamHost SiteMonitor 1.0" 
34.206.152.150 - - [13/Aug/2022:18:02:54 -0700] "HEAD / HTTP/1.1" 200 359 "http://66.33.221.139" "DreamHost SiteMonitor 1.0" 
96.58.91.30 - - [13/Aug/2022:18:03:00 -0700] "GET / HTTP/1.1" 200 13186 "-" "Mozilla/5.0 (Windows NT 10.0; Win64; x64) AppleWebKit/537.36 (KHTML, like Gecko) Chrome/104.0.0.0 Safari/537.36" 
96.58.91.30 - - [13/Aug/2022:18:03:00 -0700] "GET /css/style.css HTTP/1.1" 404 305 "http://www.secrepo.com/" "Mozilla/5.0 (Windows NT 10.0; Win64; x64) AppleWebKit/537.36 (KHTML, like Gecko) Chrome/104.0.0.0 Safari/537.36" 
96.58.91.30 - - [13/Aug/2022:18:03:00 -0700] "GET /twitter-icon.png HTTP/1.1" 200 27916 "http://www.secrepo.com/" "Mozilla/5.0 (Windows NT 10.0; Win64; x64) AppleWebKit/537.36 (KHTML, like Gecko) Chrome/104.0.0.0 Safari/537.36" 
96.58.91.30 - - [13/Aug/2022:18:03:00 -0700] "GET /GitHub-Mark.png HTTP/1.1" 200 7556 "http://www.secrepo.com/" "Mozilla/5.0 (Windows NT 10.0; Win64; x64) AppleWebKit/537.36 (KHTML, like Gecko) Chrome/104.0.0.0 Safari/537.36" 
96.58.91.30 - - [13/Aug/2022:18:03:00 -0700] "GET /bootstrap/img/favicon.ico HTTP/1.1" 200 690 "http://www.secrepo.com/" "Mozilla/5.0 (Windows NT 10.0; Win64; x64) AppleWebKit/537.36 (KHTML, like Gecko) Chrome/104.0.0.0 Safari/537.36" 
45.77.220.10 - - [13/Aug/2022:18:09:56 -0700] "HEAD / HTTP/1.1" 301 223 "-" "Java/1.8.0_332" 
45.77.220.10 - - [13/Aug/2022:18:09:56 -0700] "HEAD / HTTP/1.1" 200 396 "-" "Java/1.8.0_332" 
34.206.152.150 - - [13/Aug/2022:18:12:54 -0700] "HEAD / HTTP/1.1" 301 186 "-" "DreamHost SiteMonitor 1.0" 
34.206.152.150 - - [13/Aug/2022:18:12:54 -0700] "HEAD / HTTP/1.1" 200 359 "http://66.33.221.139" "DreamHost SiteMonitor 1.0" 
49.7.20.87 - - [13/Aug/2022:18:13:34 -0700] "GET / HTTP/1.1" 200 13149 "-" "Sogou web spider/4.0(+http://www.sogou.com/docs/help/webmasters.htm#07)" 
34.206.152.150 - - [13/Aug/2022:18:22:54 -0700] "HEAD / HTTP/1.1" 301 186 "-" "DreamHost SiteMonitor 1.0" 
34.206.152.150 - - [13/Aug/2022:18:22:54 -0700] "HEAD / HTTP/1.1" 200 359 "http://66.33.221.139" "DreamHost SiteMonitor 1.0" 
157.55.39.88 - - [13/Aug/2022:18:23:29 -0700] "GET /self.logs/ HTTP/1.1" 200 37851 "-" "Mozilla/5.0 (compatible; bingbot/2.0; +http://www.bing.com/bingbot.htm)" 
85.208.98.51 - - [13/Aug/2022:18:25:34 -0700] "GET /robots.txt HTTP/1.1" 301 439 "-" "Mozilla/5.0 (compatible; SemrushBot-BM/1.0; +http://www.semrush.com/bot.html)" 
85.208.98.51 - - [13/Aug/2022:18:25:40 -0700] "GET /robots.txt HTTP/1.1" 200 333 "-" "Mozilla/5.0 (compatible; SemrushBot-BM/1.0; +http://www.semrush.com/bot.html)" 
49.7.20.138 - - [13/Aug/2022:18:30:31 -0700] "GET / HTTP/1.1" 200 13150 "-" "Sogou web spider/4.0(+http://www.sogou.com/docs/help/webmasters.htm#07)" 
206.47.249.246 - - [13/Aug/2022:18:30:46 -0700] "GET /self.logs/error.log.2019-04-23.gz HTTP/1.1" 304 280 "-" "Mozilla/4.0 (compatible;)" 
34.206.152.150 - - [13/Aug/2022:18:32:54 -0700] "HEAD / HTTP/1.1" 301 186 "-" "DreamHost SiteMonitor 1.0" 
34.206.152.150 - - [13/Aug/2022:18:32:54 -0700] "HEAD / HTTP/1.1" 200 359 "http://66.33.221.139" "DreamHost SiteMonitor 1.0" 
34.206.152.150 - - [13/Aug/2022:18:42:54 -0700] "HEAD / HTTP/1.1" 301 186 "-" "DreamHost SiteMonitor 1.0" 
34.206.152.150 - - [13/Aug/2022:18:42:54 -0700] "HEAD / HTTP/1.1" 200 359 "http://66.33.221.139" "DreamHost SiteMonitor 1.0" 
110.191.243.11 - - [13/Aug/2022:18:44:49 -0700] "GET /favicon.ico HTTP/1.1" 304 261 "-" "Mozilla/5.0 (Windows NT 10.0; WOW64) AppleWebKit/537.36 (KHTML, like Gecko) Chrome/86.0.4240.198 Safari/537.36" 
157.55.39.88 - - [13/Aug/2022:18:45:32 -0700] "GET /self.logs/ HTTP/1.1" 200 37851 "-" "Mozilla/5.0 (compatible; bingbot/2.0; +http://www.bing.com/bingbot.htm)" 
34.206.152.150 - - [13/Aug/2022:18:52:54 -0700] "HEAD / HTTP/1.1" 301 186 "-" "DreamHost SiteMonitor 1.0" 
34.206.152.150 - - [13/Aug/2022:18:52:54 -0700] "HEAD / HTTP/1.1" 200 359 "http://66.33.221.139" "DreamHost SiteMonitor 1.0" 
49.7.20.138 - - [13/Aug/2022:19:01:32 -0700] "GET / HTTP/1.1" 200 13149 "-" "Sogou web spider/4.0(+http://www.sogou.com/docs/help/webmasters.htm#07)" 
34.206.152.150 - - [13/Aug/2022:19:02:54 -0700] "HEAD / HTTP/1.1" 301 186 "-" "DreamHost SiteMonitor 1.0" 
34.206.152.150 - - [13/Aug/2022:19:02:54 -0700] "HEAD / HTTP/1.1" 200 359 "http://66.33.221.139" "DreamHost SiteMonitor 1.0" 
157.55.39.88 - - [13/Aug/2022:19:07:34 -0700] "GET /self.logs/ HTTP/1.1" 200 37851 "-" "Mozilla/5.0 (compatible; bingbot/2.0; +http://www.bing.com/bingbot.htm)" 
34.206.152.150 - - [13/Aug/2022:19:12:54 -0700] "HEAD / HTTP/1.1" 301 186 "-" "DreamHost SiteMonitor 1.0" 
34.206.152.150 - - [13/Aug/2022:19:12:54 -0700] "HEAD / HTTP/1.1" 200 359 "http://66.33.221.139" "DreamHost SiteMonitor 1.0" 
216.244.66.245 - - [13/Aug/2022:19:13:31 -0700] "GET /robots.txt HTTP/1.1" 301 439 "-" "Mozilla/5.0 (compatible; DotBot/1.2; +https://opensiteexplorer.org/dotbot; help@moz.com)" 
216.244.66.245 - - [13/Aug/2022:19:13:31 -0700] "GET /robots.txt HTTP/1.1" 200 333 "-" "Mozilla/5.0 (compatible; DotBot/1.2; +https://opensiteexplorer.org/dotbot; help@moz.com)" 
216.244.66.245 - - [13/Aug/2022:19:18:40 -0700] "GET /Datasets%20Description/Network/http.html HTTP/1.1" 301 495 "-" "Mozilla/5.0 (compatible; DotBot/1.2; +https://opensiteexplorer.org/dotbot; help@moz.com)" 
34.206.152.150 - - [13/Aug/2022:19:22:54 -0700] "HEAD / HTTP/1.1" 301 186 "-" "DreamHost SiteMonitor 1.0" 
34.206.152.150 - - [13/Aug/2022:19:22:54 -0700] "HEAD / HTTP/1.1" 200 359 "http://66.33.221.139" "DreamHost SiteMonitor 1.0" 
157.55.39.88 - - [13/Aug/2022:19:29:16 -0700] "GET /self.logs/ HTTP/1.1" 200 37851 "-" "Mozilla/5.0 (compatible; bingbot/2.0; +http://www.bing.com/bingbot.htm)" 
52.212.146.96 - - [13/Aug/2022:19:30:01 -0700] "GET /self.logs/access.log.2022-08-07.gz HTTP/1.1" 200 13283 "-" "python-requests/2.12.1" 
43.248.130.210 - - [13/Aug/2022:19:30:08 -0700] "GET /webuploader/server/preview.php HTTP/1.1" 404 328 "-" "Mozilla/5.0 (Windows NT 10.0; Win64; x64) AppleWebKit/537.36 (KHTML, like Gecko) Chrome/85.0.4183.102 Safari/537.36" 
43.248.130.210 - - [13/Aug/2022:19:30:08 -0700] "GET /lib/webuploader/server/preview.php HTTP/1.1" 404 328 "-" "Mozilla/5.0 (Windows NT 10.0; Win64; x64) AppleWebKit/537.36 (KHTML, like Gecko) Chrome/85.0.4183.102 Safari/537.36" 
43.248.130.210 - - [13/Aug/2022:19:30:08 -0700] "GET /webuploader/server/preview.php HTTP/1.1" 404 328 "-" "Mozilla/5.0 (Windows NT 10.0; Win64; x64) AppleWebKit/537.36 (KHTML, like Gecko) Chrome/85.0.4183.102 Safari/537.36" 
43.248.130.210 - - [13/Aug/2022:19:30:08 -0700] "GET /admin/lib/webuploader/server/preview.php HTTP/1.1" 404 328 "-" "Mozilla/5.0 (Windows NT 10.0; Win64; x64) AppleWebKit/537.36 (KHTML, like Gecko) Chrome/85.0.4183.102 Safari/537.36" 
43.248.130.210 - - [13/Aug/2022:19:30:08 -0700] "GET /webuploader/0.1.5/server/preview.php HTTP/1.1" 404 328 "-" "Mozilla/5.0 (Windows NT 10.0; Win64; x64) AppleWebKit/537.36 (KHTML, like Gecko) Chrome/85.0.4183.102 Safari/537.36" 
43.248.130.210 - - [13/Aug/2022:19:30:08 -0700] "GET /hui/lib/webuploader/0.1.5/server/preview.php HTTP/1.1" 404 328 "-" "Mozilla/5.0 (Windows NT 10.0; Win64; x64) AppleWebKit/537.36 (KHTML, like Gecko) Chrome/85.0.4183.102 Safari/537.36" 
43.248.130.210 - - [13/Aug/2022:19:30:08 -0700] "GET /admin/hui/lib/webuploader/0.1.5/server/preview.php HTTP/1.1" 404 328 "-" "Mozilla/5.0 (Windows NT 10.0; Win64; x64) AppleWebKit/537.36 (KHTML, like Gecko) Chrome/85.0.4183.102 Safari/537.36" 
49.7.20.138 - - [13/Aug/2022:19:32:51 -0700] "GET / HTTP/1.1" 200 13150 "-" "Sogou web spider/4.0(+http://www.sogou.com/docs/help/webmasters.htm#07)" 
34.206.152.150 - - [13/Aug/2022:19:32:54 -0700] "HEAD / HTTP/1.1" 301 186 "-" "DreamHost SiteMonitor 1.0" 
34.206.152.150 - - [13/Aug/2022:19:32:54 -0700] "HEAD / HTTP/1.1" 200 359 "http://66.33.221.139" "DreamHost SiteMonitor 1.0" 
34.206.152.150 - - [13/Aug/2022:19:42:54 -0700] "HEAD / HTTP/1.1" 301 186 "-" "DreamHost SiteMonitor 1.0" 
34.206.152.150 - - [13/Aug/2022:19:42:54 -0700] "HEAD / HTTP/1.1" 200 359 "http://66.33.221.139" "DreamHost SiteMonitor 1.0" 
157.55.39.88 - - [13/Aug/2022:19:49:08 -0700] "GET /self.logs/ HTTP/1.1" 200 37851 "-" "Mozilla/5.0 (compatible; bingbot/2.0; +http://www.bing.com/bingbot.htm)" 
34.206.152.150 - - [13/Aug/2022:19:52:54 -0700] "HEAD / HTTP/1.1" 301 186 "-" "DreamHost SiteMonitor 1.0" 
34.206.152.150 - - [13/Aug/2022:19:52:54 -0700] "HEAD / HTTP/1.1" 200 359 "http://66.33.221.139" "DreamHost SiteMonitor 1.0" 
51.222.253.4 - - [13/Aug/2022:19:53:44 -0700] "GET /self.logs/?C=D;O=A HTTP/1.1" 200 37807 "-" "Mozilla/5.0 (compatible; AhrefsBot/7.0; +http://ahrefs.com/robot/)" 
207.46.13.56 - - [13/Aug/2022:19:55:48 -0700] "GET /self.logs/error.log.2021-03-02 HTTP/1.1" 200 2026 "-" "Mozilla/5.0 (compatible; bingbot/2.0; +http://www.bing.com/bingbot.htm)" 
34.206.152.150 - - [13/Aug/2022:20:02:54 -0700] "HEAD / HTTP/1.1" 301 186 "-" "DreamHost SiteMonitor 1.0" 
34.206.152.150 - - [13/Aug/2022:20:02:54 -0700] "HEAD / HTTP/1.1" 200 359 "http://66.33.221.139" "DreamHost SiteMonitor 1.0" 
157.55.39.88 - - [13/Aug/2022:20:10:49 -0700] "GET /self.logs/ HTTP/1.1" 200 37851 "-" "Mozilla/5.0 (compatible; bingbot/2.0; +http://www.bing.com/bingbot.htm)" 
34.206.152.150 - - [13/Aug/2022:20:12:54 -0700] "HEAD / HTTP/1.1" 301 186 "-" "DreamHost SiteMonitor 1.0" 
34.206.152.150 - - [13/Aug/2022:20:12:54 -0700] "HEAD / HTTP/1.1" 200 359 "http://66.33.221.139" "DreamHost SiteMonitor 1.0" 
34.206.152.150 - - [13/Aug/2022:20:22:54 -0700] "HEAD / HTTP/1.1" 301 186 "-" "DreamHost SiteMonitor 1.0" 
34.206.152.150 - - [13/Aug/2022:20:22:54 -0700] "HEAD / HTTP/1.1" 200 359 "http://66.33.221.139" "DreamHost SiteMonitor 1.0" 
51.222.253.10 - - [13/Aug/2022:20:26:36 -0700] "GET /self.logs/2016/?C=S;O=A HTTP/1.1" 200 8539 "-" "Mozilla/5.0 (compatible; AhrefsBot/7.0; +http://ahrefs.com/robot/)" 
157.55.39.88 - - [13/Aug/2022:20:32:15 -0700] "GET /self.logs/ HTTP/1.1" 200 37851 "-" "Mozilla/5.0 (compatible; bingbot/2.0; +http://www.bing.com/bingbot.htm)" 
34.206.152.150 - - [13/Aug/2022:20:32:54 -0700] "HEAD / HTTP/1.1" 301 186 "-" "DreamHost SiteMonitor 1.0" 
34.206.152.150 - - [13/Aug/2022:20:32:54 -0700] "HEAD / HTTP/1.1" 200 359 "http://66.33.221.139" "DreamHost SiteMonitor 1.0" 
140.249.148.120 - - [13/Aug/2022:20:33:20 -0700] "GET / HTTP/1.1" 200 13185 "-" "Mozilla/5.0 (Windows NT 10.0; Win64; x64) AppleWebKit/537.36 (KHTML, like Gecko) Chrome/76.0.3809.25 Safari/537.36" 
140.249.148.120 - - [13/Aug/2022:20:33:21 -0700] "GET /ajax.googleapis.com/ajax/libs/jquery/2.0.2/jquery.min.js HTTP/1.1" 404 305 "-" "Mozilla/5.0 (Windows NT 10.0; Win64; x64) AppleWebKit/537.36 (KHTML, like Gecko) Chrome/76.0.3809.25 Safari/537.36" 
140.249.148.120 - - [13/Aug/2022:20:33:21 -0700] "GET /netdna.bootstrapcdn.com/bootstrap/3.1.1/js/bootstrap.min.js HTTP/1.1" 404 0 "-" "Mozilla/5.0 (Windows NT 10.0; Win64; x64) AppleWebKit/537.36 (KHTML, like Gecko) Chrome/76.0.3809.25 Safari/537.36" 
140.249.148.120 - - [13/Aug/2022:20:33:21 -0700] "GET /netdna.bootstrapcdn.com/bootstrap/3.1.1/js/bootstrap.min.js HTTP/1.1" 404 328 "-" "Mozilla/5.0 (Windows NT 10.0; Win64; x64) AppleWebKit/537.36 (KHTML, like Gecko) Chrome/76.0.3809.25 Safari/537.36" 
140.249.148.120 - - [13/Aug/2022:20:33:22 -0700] "GET /www.google-analytics.com/analytics.js HTTP/1.1" 404 305 "-" "Mozilla/5.0 (Windows NT 10.0; Win64; x64) AppleWebKit/537.36 (KHTML, like Gecko) Chrome/76.0.3809.25 Safari/537.36" 
140.249.148.120 - - [13/Aug/2022:20:33:22 -0700] "GET /quantserve.com/quant.js HTTP/1.1" 404 305 "-" "Mozilla/5.0 (Windows NT 10.0; Win64; x64) AppleWebKit/537.36 (KHTML, like Gecko) Chrome/76.0.3809.25 Safari/537.36" 
34.206.152.150 - - [13/Aug/2022:20:42:54 -0700] "HEAD / HTTP/1.1" 301 186 "-" "DreamHost SiteMonitor 1.0" 
34.206.152.150 - - [13/Aug/2022:20:42:54 -0700] "HEAD / HTTP/1.1" 200 359 "http://66.33.221.139" "DreamHost SiteMonitor 1.0" 
216.244.66.245 - - [13/Aug/2022:20:51:56 -0700] "GET /robots.txt HTTP/1.1" 301 439 "-" "Mozilla/5.0 (compatible; DotBot/1.2; +https://opensiteexplorer.org/dotbot; help@moz.com)" 
216.244.66.245 - - [13/Aug/2022:20:51:57 -0700] "GET /robots.txt HTTP/1.1" 200 333 "-" "Mozilla/5.0 (compatible; DotBot/1.2; +https://opensiteexplorer.org/dotbot; help@moz.com)" 
34.206.152.150 - - [13/Aug/2022:20:52:54 -0700] "HEAD / HTTP/1.1" 301 186 "-" "DreamHost SiteMonitor 1.0" 
34.206.152.150 - - [13/Aug/2022:20:52:54 -0700] "HEAD / HTTP/1.1" 200 359 "http://66.33.221.139" "DreamHost SiteMonitor 1.0" 
157.55.39.88 - - [13/Aug/2022:20:52:56 -0700] "GET /self.logs/ HTTP/1.1" 200 37851 "-" "Mozilla/5.0 (compatible; bingbot/2.0; +http://www.bing.com/bingbot.htm)" 
216.244.66.245 - - [13/Aug/2022:21:00:22 -0700] "GET /data HTTP/1.1" 301 427 "-" "Mozilla/5.0 (compatible; DotBot/1.2; +https://opensiteexplorer.org/dotbot; help@moz.com)" 
51.222.253.16 - - [13/Aug/2022:21:02:24 -0700] "GET /Datasets%20Description/Network/?C=S;O=D HTTP/1.1" 200 722 "-" "Mozilla/5.0 (compatible; AhrefsBot/7.0; +http://ahrefs.com/robot/)" 
34.206.152.150 - - [13/Aug/2022:21:02:54 -0700] "HEAD / HTTP/1.1" 301 186 "-" "DreamHost SiteMonitor 1.0" 
34.206.152.150 - - [13/Aug/2022:21:02:54 -0700] "HEAD / HTTP/1.1" 200 359 "http://66.33.221.139" "DreamHost SiteMonitor 1.0" 
66.249.64.136 - - [13/Aug/2022:21:05:36 -0700] "GET /self.logs/ HTTP/1.1" 200 37851 "-" "Mozilla/5.0 (Linux; Android 6.0.1; Nexus 5X Build/MMB29P) AppleWebKit/537.36 (KHTML, like Gecko) Chrome/104.0.5112.79 Mobile Safari/537.36 (compatible; Googlebot/2.1; +http://www.google.com/bot.html)" 
34.206.152.150 - - [13/Aug/2022:21:12:54 -0700] "HEAD / HTTP/1.1" 301 186 "-" "DreamHost SiteMonitor 1.0" 
34.206.152.150 - - [13/Aug/2022:21:12:54 -0700] "HEAD / HTTP/1.1" 200 359 "http://66.33.221.139" "DreamHost SiteMonitor 1.0" 
157.55.39.88 - - [13/Aug/2022:21:13:46 -0700] "GET /self.logs/ HTTP/1.1" 200 37851 "-" "Mozilla/5.0 (compatible; bingbot/2.0; +http://www.bing.com/bingbot.htm)" 
20.191.45.212 - - [13/Aug/2022:21:14:08 -0700] "GET / HTTP/1.1" 200 13186 "http://www.secrepo.com/" "Mozilla/5.0 (compatible; DuckDuckGo-Favicons-Bot/1.0; +http://duckduckgo.com)" 
20.191.45.212 - - [13/Aug/2022:21:14:08 -0700] "GET /bootstrap/img/favicon.ico HTTP/1.1" 200 690 "http://www.secrepo.com/bootstrap/img/favicon.ico" "Mozilla/5.0 (compatible; DuckDuckGo-Favicons-Bot/1.0; +http://duckduckgo.com)" 
157.55.39.200 - - [13/Aug/2022:21:19:52 -0700] "GET /self.logs/error.log.2017-05-18.gz HTTP/1.1" 200 932 "-" "Mozilla/5.0 (compatible; bingbot/2.0; +http://www.bing.com/bingbot.htm)" 
34.206.152.150 - - [13/Aug/2022:21:22:54 -0700] "HEAD / HTTP/1.1" 301 186 "-" "DreamHost SiteMonitor 1.0" 
34.206.152.150 - - [13/Aug/2022:21:22:54 -0700] "HEAD / HTTP/1.1" 200 359 "http://66.33.221.139" "DreamHost SiteMonitor 1.0" 
73.219.254.120 - - [13/Aug/2022:21:31:16 -0700] "GET /bootstrap/img/favicon.ico HTTP/1.1" 200 713 "-" "Mozilla/5.0 (Macintosh; Intel Mac OS X 10_12_6) AppleWebKit/537.36 (KHTML, like Gecko) Chrome/103.0.0.0 Safari/537.36" 
34.206.152.150 - - [13/Aug/2022:21:32:54 -0700] "HEAD / HTTP/1.1" 301 186 "-" "DreamHost SiteMonitor 1.0" 
34.206.152.150 - - [13/Aug/2022:21:32:54 -0700] "HEAD / HTTP/1.1" 200 359 "http://66.33.221.139" "DreamHost SiteMonitor 1.0" 
157.55.39.88 - - [13/Aug/2022:21:34:31 -0700] "GET /self.logs/ HTTP/1.1" 200 37851 "-" "Mozilla/5.0 (compatible; bingbot/2.0; +http://www.bing.com/bingbot.htm)" 
157.55.39.117 - - [13/Aug/2022:21:39:31 -0700] "GET /self.logs/2015/error.log.2015-11-03.gz HTTP/1.1" 200 1049 "-" "Mozilla/5.0 (compatible; bingbot/2.0; +http://www.bing.com/bingbot.htm)" 
34.206.152.150 - - [13/Aug/2022:21:42:54 -0700] "HEAD / HTTP/1.1" 301 186 "-" "DreamHost SiteMonitor 1.0" 
34.206.152.150 - - [13/Aug/2022:21:42:54 -0700] "HEAD / HTTP/1.1" 200 359 "http://66.33.221.139" "DreamHost SiteMonitor 1.0" 
154.3.62.25 - - [13/Aug/2022:21:46:08 -0700] "GET / HTTP/1.1" 200 13150 "-" "Mozilla/5.0 (compatible; MixrankBot; crawler@mixrank.com)" 
154.3.62.25 - - [13/Aug/2022:21:46:26 -0700] "GET /honeypot/Honeypot HTTP/1.1" 301 472 "-" "Mozilla/5.0 (compatible; MixrankBot; crawler@mixrank.com)" 
154.3.62.25 - - [13/Aug/2022:21:46:27 -0700] "GET /honeypot/Honeypot HTTP/1.1" 404 291 "-" "Mozilla/5.0 (compatible; MixrankBot; crawler@mixrank.com)" 
154.3.62.25 - - [13/Aug/2022:21:46:27 -0700] "GET /maccdc2012/ftp.log.gz HTTP/1.1" 301 480 "-" "Mozilla/5.0 (compatible; MixrankBot; crawler@mixrank.com)" 
154.3.62.25 - - [13/Aug/2022:21:46:27 -0700] "GET /maccdc2012/ftp.log.gz HTTP/1.1" 200 127724 "-" "Mozilla/5.0 (compatible; MixrankBot; crawler@mixrank.com)" 
154.3.62.25 - - [13/Aug/2022:21:46:31 -0700] "GET / HTTP/1.1" 301 438 "-" "Mozilla/5.0 (compatible; MixrankBot; crawler@mixrank.com)" 
154.3.62.25 - - [13/Aug/2022:21:46:35 -0700] "GET / HTTP/1.1" 200 13150 "-" "Mozilla/5.0 (compatible; MixrankBot; crawler@mixrank.com)" 
154.3.62.25 - - [13/Aug/2022:21:46:45 -0700] "GET /maccdc2012/http.log.gz HTTP/1.1" 301 482 "-" "Mozilla/5.0 (compatible; MixrankBot; crawler@mixrank.com)" 
154.3.62.25 - - [13/Aug/2022:21:46:49 -0700] "GET /maccdc2012/http.log.gz HTTP/1.1" 200 13773640 "-" "Mozilla/5.0 (compatible; MixrankBot; crawler@mixrank.com)" 
154.3.62.25 - - [13/Aug/2022:21:47:07 -0700] "GET /domaindata/domainmovement.zip HTTP/1.1" 301 496 "-" "Mozilla/5.0 (compatible; MixrankBot; crawler@mixrank.com)" 
154.3.62.25 - - [13/Aug/2022:21:47:28 -0700] "GET /domaindata/domainmovement.zip HTTP/1.1" 200 7437799 "-" "Mozilla/5.0 (compatible; MixrankBot; crawler@mixrank.com)" 
154.3.62.25 - - [13/Aug/2022:21:47:35 -0700] "GET /maccdc2012/tunnel.log.gz HTTP/1.1" 301 486 "-" "Mozilla/5.0 (compatible; MixrankBot; crawler@mixrank.com)" 
154.3.62.25 - - [13/Aug/2022:21:47:41 -0700] "GET /maccdc2012/tunnel.log.gz HTTP/1.1" 200 5245 "-" "Mozilla/5.0 (compatible; MixrankBot; crawler@mixrank.com)" 
154.3.62.25 - - [13/Aug/2022:21:48:09 -0700] "GET /tg/tg_snort_full.7z HTTP/1.1" 301 476 "-" "Mozilla/5.0 (compatible; MixrankBot; crawler@mixrank.com)" 
154.3.62.25 - - [13/Aug/2022:21:48:25 -0700] "GET /ftp://download.iwlab.foi.se/dataset/ HTTP/1.1" 301 508 "-" "Mozilla/5.0 (compatible; MixrankBot; crawler@mixrank.com)" 
154.3.62.25 - - [13/Aug/2022:21:48:57 -0700] "GET /maccdc2012/ssh.log.gz HTTP/1.1" 301 480 "-" "Mozilla/5.0 (compatible; MixrankBot; crawler@mixrank.com)" 
154.3.62.25 - - [13/Aug/2022:21:49:10 -0700] "GET /maccdc2012/ssh.log.gz HTTP/1.1" 200 182530 "-" "Mozilla/5.0 (compatible; MixrankBot; crawler@mixrank.com)" 
154.3.62.25 - - [13/Aug/2022:21:49:14 -0700] "GET /scada/scada_logs.zip HTTP/1.1" 301 478 "-" "Mozilla/5.0 (compatible; MixrankBot; crawler@mixrank.com)" 
154.3.62.25 - - [13/Aug/2022:21:49:30 -0700] "GET /scada/scada_logs.zip HTTP/1.1" 200 364975 "-" "Mozilla/5.0 (compatible; MixrankBot; crawler@mixrank.com)" 
34.206.152.150 - - [13/Aug/2022:21:52:54 -0700] "HEAD / HTTP/1.1" 301 186 "-" "DreamHost SiteMonitor 1.0" 
34.206.152.150 - - [13/Aug/2022:21:52:54 -0700] "HEAD / HTTP/1.1" 200 359 "http://66.33.221.139" "DreamHost SiteMonitor 1.0" 
157.55.39.88 - - [13/Aug/2022:21:54:29 -0700] "GET /self.logs/ HTTP/1.1" 200 37851 "-" "Mozilla/5.0 (compatible; bingbot/2.0; +http://www.bing.com/bingbot.htm)" 
34.206.152.150 - - [13/Aug/2022:22:02:54 -0700] "HEAD / HTTP/1.1" 301 186 "-" "DreamHost SiteMonitor 1.0" 
34.206.152.150 - - [13/Aug/2022:22:02:54 -0700] "HEAD / HTTP/1.1" 200 359 "http://66.33.221.139" "DreamHost SiteMonitor 1.0" 
157.55.39.88 - - [13/Aug/2022:22:06:16 -0700] "GET /self.logs/2015/error.log.2015-09-04.gz HTTP/1.1" 200 2095 "-" "Mozilla/5.0 (compatible; bingbot/2.0; +http://www.bing.com/bingbot.htm)" 
34.206.152.150 - - [13/Aug/2022:22:12:54 -0700] "HEAD / HTTP/1.1" 301 186 "-" "DreamHost SiteMonitor 1.0" 
34.206.152.150 - - [13/Aug/2022:22:12:54 -0700] "HEAD / HTTP/1.1" 200 359 "http://66.33.221.139" "DreamHost SiteMonitor 1.0" 
157.55.39.88 - - [13/Aug/2022:22:14:12 -0700] "GET /self.logs/ HTTP/1.1" 200 37851 "-" "Mozilla/5.0 (compatible; bingbot/2.0; +http://www.bing.com/bingbot.htm)" 
112.132.124.99 - - [13/Aug/2022:22:17:33 -0700] "POST /?s=captcha&xz=-1 HTTP/1.1" 200 13186 "-" "Mozilla/5.0 (Windows NT 10.0; WOW64; rv:48.0) Gecko/20100101 Firefox/48.0" 
51.222.253.20 - - [13/Aug/2022:22:22:24 -0700] "GET /Datasets%20Description/Network/dhcp.html HTTP/1.1" 200 1417 "-" "Mozilla/5.0 (compatible; AhrefsBot/7.0; +http://ahrefs.com/robot/)" 
34.206.152.150 - - [13/Aug/2022:22:22:54 -0700] "HEAD / HTTP/1.1" 301 186 "-" "DreamHost SiteMonitor 1.0" 
34.206.152.150 - - [13/Aug/2022:22:22:54 -0700] "HEAD / HTTP/1.1" 200 359 "http://66.33.221.139" "DreamHost SiteMonitor 1.0" 
114.119.145.137 - - [13/Aug/2022:22:31:53 -0700] "GET /Datasets%20Description/HTML_Bro_log_1/weird.html HTTP/1.1" 200 1937 "http://www.secrepo.com/Datasets%20Description/HTML_Bro_log_1" "Mozilla/5.0 (Linux; Android 7.0;) AppleWebKit/537.36 (KHTML, like Gecko) Mobile Safari/537.36 (compatible; PetalBot;+https://webmaster.petalsearch.com/site/petalbot)" 
34.206.152.150 - - [13/Aug/2022:22:32:54 -0700] "HEAD / HTTP/1.1" 301 186 "-" "DreamHost SiteMonitor 1.0" 
34.206.152.150 - - [13/Aug/2022:22:32:54 -0700] "HEAD / HTTP/1.1" 200 359 "http://66.33.221.139" "DreamHost SiteMonitor 1.0" 
157.55.39.88 - - [13/Aug/2022:22:35:54 -0700] "GET /self.logs/ HTTP/1.1" 200 37851 "-" "Mozilla/5.0 (compatible; bingbot/2.0; +http://www.bing.com/bingbot.htm)" 
34.206.152.150 - - [13/Aug/2022:22:42:54 -0700] "HEAD / HTTP/1.1" 301 186 "-" "DreamHost SiteMonitor 1.0" 
34.206.152.150 - - [13/Aug/2022:22:42:54 -0700] "HEAD / HTTP/1.1" 200 359 "http://66.33.221.139" "DreamHost SiteMonitor 1.0" 
45.134.140.68 - - [13/Aug/2022:22:47:52 -0700] "GET / HTTP/1.1" 200 13186 "-" "Mozilla/5.0 (iPhone; CPU iPhone OS 15_6 like Mac OS X) AppleWebKit/605.1.15 (KHTML, like Gecko) Version/15.6 Mobile/15E148 Safari/604.1" 
34.206.152.150 - - [13/Aug/2022:22:52:54 -0700] "HEAD / HTTP/1.1" 301 186 "-" "DreamHost SiteMonitor 1.0" 
34.206.152.150 - - [13/Aug/2022:22:52:54 -0700] "HEAD / HTTP/1.1" 200 359 "http://66.33.221.139" "DreamHost SiteMonitor 1.0" 
118.184.177.111 - - [13/Aug/2022:22:54:48 -0700] "GET / HTTP/1.1" 200 13149 "-" "Sogou web spider/4.0(+http://www.sogou.com/docs/help/webmasters.htm#07)" 
157.55.39.88 - - [13/Aug/2022:22:56:58 -0700] "GET /self.logs/ HTTP/1.1" 200 37851 "-" "Mozilla/5.0 AppleWebKit/537.36 (KHTML, like Gecko; compatible; bingbot/2.0; +http://www.bing.com/bingbot.htm) Chrome/103.0.5060.134 Safari/537.36" 
45.48.222.104 - - [13/Aug/2022:22:57:00 -0700] "GET / HTTP/1.1" 200 13186 "-" "Mozilla/5.0 (Macintosh; Intel Mac OS X 10_15_7) AppleWebKit/537.36 (KHTML, like Gecko) Chrome/104.0.0.0 Safari/537.36" 
