114.119.159.101 - - [16/Jan/2021:16:54:09 -0800] "GET /self.logs/error.log.2019-03-24.gz HTTP/1.1" 200 5661 "-" "Mozilla/5.0 (Linux; Android 7.0;) AppleWebKit/537.36 (KHTML, like Gecko) Mobile Safari/537.36 (compatible; PetalBot;+https://aspiegel.com/petalbot)" 
54.36.149.62 - - [16/Jan/2021:16:54:43 -0800] "GET /self.logs/2015/error.log.2015-09-27.gz HTTP/1.1" 200 789 "-" "Mozilla/5.0 (compatible; AhrefsBot/7.0; +http://ahrefs.com/robot/)" 
66.249.64.157 - - [16/Jan/2021:16:55:18 -0800] "GET / HTTP/1.1" 200 12883 "-" "Mozilla/5.0 (compatible; Googlebot/2.1; +http://www.google.com/bot.html)" 
54.36.149.62 - - [16/Jan/2021:16:56:40 -0800] "GET /self.logs/error.log.2018-09-10.gz HTTP/1.1" 200 10747 "-" "Mozilla/5.0 (compatible; AhrefsBot/7.0; +http://ahrefs.com/robot/)" 
54.36.148.3 - - [16/Jan/2021:16:58:46 -0800] "GET /self.logs/error.log.2019-11-03.gz HTTP/1.1" 200 1686 "-" "Mozilla/5.0 (compatible; AhrefsBot/7.0; +http://ahrefs.com/robot/)" 
114.119.159.40 - - [16/Jan/2021:16:59:10 -0800] "GET /self.logs/error.log.2020-10-11.gz HTTP/1.1" 200 908 "-" "Mozilla/5.0 (Linux; Android 7.0;) AppleWebKit/537.36 (KHTML, like Gecko) Mobile Safari/537.36 (compatible; PetalBot;+https://aspiegel.com/petalbot)" 
54.36.149.62 - - [16/Jan/2021:17:00:44 -0800] "GET /self.logs/2015/access.log.2015-12-23.gz HTTP/1.1" 200 10479 "-" "Mozilla/5.0 (compatible; AhrefsBot/7.0; +http://ahrefs.com/robot/)" 
54.36.149.62 - - [16/Jan/2021:17:02:35 -0800] "GET /self.logs/access.log.2019-05-24.gz HTTP/1.1" 200 23034 "-" "Mozilla/5.0 (compatible; AhrefsBot/7.0; +http://ahrefs.com/robot/)" 
114.119.129.244 - - [16/Jan/2021:17:04:11 -0800] "GET /self.logs/error.log.2017-09-09.gz HTTP/1.1" 200 1030 "-" "Mozilla/5.0 (Linux; Android 7.0;) AppleWebKit/537.36 (KHTML, like Gecko) Mobile Safari/537.36 (compatible; PetalBot;+https://aspiegel.com/petalbot)" 
54.36.149.62 - - [16/Jan/2021:17:04:29 -0800] "GET /self.logs/error.log.2018-08-03.gz HTTP/1.1" 200 6293 "-" "Mozilla/5.0 (compatible; AhrefsBot/7.0; +http://ahrefs.com/robot/)" 
54.36.149.2 - - [16/Jan/2021:17:06:21 -0800] "GET /self.logs/2015/error.log.2015-10-05.gz HTTP/1.1" 200 662 "-" "Mozilla/5.0 (compatible; AhrefsBot/7.0; +http://ahrefs.com/robot/)" 
54.36.149.62 - - [16/Jan/2021:17:08:18 -0800] "GET /self.logs/error.log.2018-11-08.gz HTTP/1.1" 200 4435 "-" "Mozilla/5.0 (compatible; AhrefsBot/7.0; +http://ahrefs.com/robot/)" 
114.119.129.244 - - [16/Jan/2021:17:09:11 -0800] "GET /self.logs/error.log.2017-02-14.gz HTTP/1.1" 200 1723 "-" "Mozilla/5.0 (Linux; Android 7.0;) AppleWebKit/537.36 (KHTML, like Gecko) Mobile Safari/537.36 (compatible; PetalBot;+https://aspiegel.com/petalbot)" 
54.36.149.62 - - [16/Jan/2021:17:10:17 -0800] "GET /self.logs/access.log.2019-03-07.gz HTTP/1.1" 200 22596 "-" "Mozilla/5.0 (compatible; AhrefsBot/7.0; +http://ahrefs.com/robot/)" 
54.36.148.184 - - [16/Jan/2021:17:12:22 -0800] "GET /self.logs/access.log.2019-03-24.gz HTTP/1.1" 200 26108 "-" "Mozilla/5.0 (compatible; AhrefsBot/7.0; +http://ahrefs.com/robot/)" 
114.119.155.228 - - [16/Jan/2021:17:14:11 -0800] "GET /self.logs/2015/access.log.2015-08-13.gz HTTP/1.1" 200 4712 "-" "Mozilla/5.0 (Linux; Android 7.0;) AppleWebKit/537.36 (KHTML, like Gecko) Mobile Safari/537.36 (compatible; PetalBot;+https://aspiegel.com/petalbot)" 
54.36.149.11 - - [16/Jan/2021:17:14:17 -0800] "GET /self.logs/access.log.2019-04-06.gz HTTP/1.1" 200 35055 "-" "Mozilla/5.0 (compatible; AhrefsBot/7.0; +http://ahrefs.com/robot/)" 
54.36.149.51 - - [16/Jan/2021:17:16:15 -0800] "GET /self.logs/2015/access.log.2015-10-31.gz HTTP/1.1" 200 7261 "-" "Mozilla/5.0 (compatible; AhrefsBot/7.0; +http://ahrefs.com/robot/)" 
54.36.149.62 - - [16/Jan/2021:17:18:13 -0800] "GET /self.logs/2016/error.log.2016-05-12.gz HTTP/1.1" 200 1048 "-" "Mozilla/5.0 (compatible; AhrefsBot/7.0; +http://ahrefs.com/robot/)" 
114.119.159.40 - - [16/Jan/2021:17:19:13 -0800] "GET /self.logs/error.log.2018-11-12.gz HTTP/1.1" 200 4143 "-" "Mozilla/5.0 (Linux; Android 7.0;) AppleWebKit/537.36 (KHTML, like Gecko) Mobile Safari/537.36 (compatible; PetalBot;+https://aspiegel.com/petalbot)" 
54.36.148.38 - - [16/Jan/2021:17:20:17 -0800] "GET /self.logs/access.log.2019-04-08.gz HTTP/1.1" 200 26299 "-" "Mozilla/5.0 (compatible; AhrefsBot/7.0; +http://ahrefs.com/robot/)" 
13.66.139.52 - - [16/Jan/2021:17:20:33 -0800] "GET /self.logs/2015/error.log.2015-10-08.gz HTTP/1.1" 200 731 "-" "Mozilla/5.0 (compatible; bingbot/2.0; +http://www.bing.com/bingbot.htm)" 
54.36.149.62 - - [16/Jan/2021:17:22:20 -0800] "GET /self.logs/2015/error.log.2015-09-29.gz HTTP/1.1" 200 691 "-" "Mozilla/5.0 (compatible; AhrefsBot/7.0; +http://ahrefs.com/robot/)" 
114.119.150.248 - - [16/Jan/2021:17:24:13 -0800] "GET /self.logs/2015/error.log.2015-04-05.gz HTTP/1.1" 200 1112 "-" "Mozilla/5.0 (Linux; Android 7.0;) AppleWebKit/537.36 (KHTML, like Gecko) Mobile Safari/537.36 (compatible; PetalBot;+https://aspiegel.com/petalbot)" 
54.36.149.62 - - [16/Jan/2021:17:24:15 -0800] "GET /self.logs/2015/error.log.2015-05-17.gz HTTP/1.1" 200 805 "-" "Mozilla/5.0 (compatible; AhrefsBot/7.0; +http://ahrefs.com/robot/)" 
111.202.101.182 - - [16/Jan/2021:17:25:10 -0800] "GET / HTTP/1.1" 200 12846 "-" "Sogou web spider/4.0(+http://www.sogou.com/docs/help/webmasters.htm#07)" 
54.36.148.235 - - [16/Jan/2021:17:26:22 -0800] "GET /self.logs/access.log.2020-09-24.gz HTTP/1.1" 200 17092 "-" "Mozilla/5.0 (compatible; AhrefsBot/7.0; +http://ahrefs.com/robot/)" 
54.36.149.62 - - [16/Jan/2021:17:28:32 -0800] "GET /self.logs/error.log.2018-01-18.gz HTTP/1.1" 200 1981 "-" "Mozilla/5.0 (compatible; AhrefsBot/7.0; +http://ahrefs.com/robot/)" 
114.119.150.248 - - [16/Jan/2021:17:29:13 -0800] "GET /self.logs/access.log.2017-04-13.gz HTTP/1.1" 200 23171 "-" "Mozilla/5.0 (Linux; Android 7.0;) AppleWebKit/537.36 (KHTML, like Gecko) Mobile Safari/537.36 (compatible; PetalBot;+https://aspiegel.com/petalbot)" 
54.36.148.56 - - [16/Jan/2021:17:30:33 -0800] "GET /self.logs/error.log.2019-08-29.gz HTTP/1.1" 200 2522 "-" "Mozilla/5.0 (compatible; AhrefsBot/7.0; +http://ahrefs.com/robot/)" 
54.36.148.18 - - [16/Jan/2021:17:32:36 -0800] "GET /self.logs/access.log.2017-08-11.gz HTTP/1.1" 200 18424 "-" "Mozilla/5.0 (compatible; AhrefsBot/7.0; +http://ahrefs.com/robot/)" 
114.119.141.53 - - [16/Jan/2021:17:34:15 -0800] "GET /self.logs/2015/error.log.2015-10-24.gz HTTP/1.1" 200 930 "-" "Mozilla/5.0 (Linux; Android 7.0;) AppleWebKit/537.36 (KHTML, like Gecko) Mobile Safari/537.36 (compatible; PetalBot;+https://aspiegel.com/petalbot)" 
54.36.148.144 - - [16/Jan/2021:17:34:29 -0800] "GET /self.logs/access.log.2017-07-13.gz HTTP/1.1" 200 23148 "-" "Mozilla/5.0 (compatible; AhrefsBot/7.0; +http://ahrefs.com/robot/)" 
54.36.148.52 - - [16/Jan/2021:17:36:36 -0800] "GET /self.logs/error.log.2018-01-21.gz HTTP/1.1" 200 1910 "-" "Mozilla/5.0 (compatible; AhrefsBot/7.0; +http://ahrefs.com/robot/)" 
54.36.149.62 - - [16/Jan/2021:17:38:33 -0800] "GET /self.logs/error.log.2019-08-14.gz HTTP/1.1" 200 1345 "-" "Mozilla/5.0 (compatible; AhrefsBot/7.0; +http://ahrefs.com/robot/)" 
114.119.140.84 - - [16/Jan/2021:17:39:16 -0800] "GET /self.logs/access.log.2020-08-25.gz HTTP/1.1" 200 9478 "-" "Mozilla/5.0 (Linux; Android 7.0;) AppleWebKit/537.36 (KHTML, like Gecko) Mobile Safari/537.36 (compatible; PetalBot;+https://aspiegel.com/petalbot)" 
54.36.148.18 - - [16/Jan/2021:17:40:30 -0800] "GET /self.logs/access.log.2020-01-08.gz HTTP/1.1" 200 16151 "-" "Mozilla/5.0 (compatible; AhrefsBot/7.0; +http://ahrefs.com/robot/)" 
54.36.149.87 - - [16/Jan/2021:17:42:32 -0800] "GET /self.logs/error.log.2019-09-19.gz HTTP/1.1" 200 2360 "-" "Mozilla/5.0 (compatible; AhrefsBot/7.0; +http://ahrefs.com/robot/)" 
114.119.129.244 - - [16/Jan/2021:17:44:16 -0800] "GET /self.logs/access.log.2020-09-09.gz HTTP/1.1" 200 9682 "-" "Mozilla/5.0 (Linux; Android 7.0;) AppleWebKit/537.36 (KHTML, like Gecko) Mobile Safari/537.36 (compatible; PetalBot;+https://aspiegel.com/petalbot)" 
54.36.149.62 - - [16/Jan/2021:17:44:28 -0800] "GET /self.logs/access.log.2018-10-27.gz HTTP/1.1" 200 20563 "-" "Mozilla/5.0 (compatible; AhrefsBot/7.0; +http://ahrefs.com/robot/)" 
54.36.148.18 - - [16/Jan/2021:17:48:23 -0800] "GET /self.logs/error.log.2019-08-25.gz HTTP/1.1" 200 2179 "-" "Mozilla/5.0 (compatible; AhrefsBot/7.0; +http://ahrefs.com/robot/)" 
114.119.141.53 - - [16/Jan/2021:17:49:16 -0800] "GET /self.logs/access.log.2017-09-26.gz HTTP/1.1" 200 43180 "-" "Mozilla/5.0 (Linux; Android 7.0;) AppleWebKit/537.36 (KHTML, like Gecko) Mobile Safari/537.36 (compatible; PetalBot;+https://aspiegel.com/petalbot)" 
54.36.148.68 - - [16/Jan/2021:17:50:18 -0800] "GET /self.logs/access.log.2017-08-27.gz HTTP/1.1" 200 19994 "-" "Mozilla/5.0 (compatible; AhrefsBot/7.0; +http://ahrefs.com/robot/)" 
54.36.148.220 - - [16/Jan/2021:17:52:28 -0800] "GET /self.logs/error.log.2019-09-02.gz HTTP/1.1" 200 2108 "-" "Mozilla/5.0 (compatible; AhrefsBot/7.0; +http://ahrefs.com/robot/)" 
114.119.130.95 - - [16/Jan/2021:17:54:16 -0800] "GET /self.logs/error.log.2018-07-07.gz HTTP/1.1" 200 5070 "-" "Mozilla/5.0 (Linux; Android 7.0;) AppleWebKit/537.36 (KHTML, like Gecko) Mobile Safari/537.36 (compatible; PetalBot;+https://aspiegel.com/petalbot)" 
54.36.148.212 - - [16/Jan/2021:17:54:29 -0800] "GET /self.logs/error.log.2020-06-22 HTTP/1.1" 200 307 "-" "Mozilla/5.0 (compatible; AhrefsBot/7.0; +http://ahrefs.com/robot/)" 
13.66.139.92 - - [16/Jan/2021:17:55:42 -0800] "GET /self.logs/2016/error.log.2016-03-03.gz HTTP/1.1" 200 1243 "-" "Mozilla/5.0 (compatible; bingbot/2.0; +http://www.bing.com/bingbot.htm)" 
54.36.149.62 - - [16/Jan/2021:17:56:24 -0800] "GET /self.logs/error.log.2019-03-28.gz HTTP/1.1" 200 6647 "-" "Mozilla/5.0 (compatible; AhrefsBot/7.0; +http://ahrefs.com/robot/)" 
54.36.149.62 - - [16/Jan/2021:17:58:17 -0800] "GET /self.logs/access.log.2017-09-03.gz HTTP/1.1" 200 19837 "-" "Mozilla/5.0 (compatible; AhrefsBot/7.0; +http://ahrefs.com/robot/)" 
114.119.130.95 - - [16/Jan/2021:17:59:18 -0800] "GET /self.logs/error.log.2019-07-29.gz HTTP/1.1" 200 1525 "-" "Mozilla/5.0 (Linux; Android 7.0;) AppleWebKit/537.36 (KHTML, like Gecko) Mobile Safari/537.36 (compatible; PetalBot;+https://aspiegel.com/petalbot)" 
37.229.244.123 - - [16/Jan/2021:18:00:06 -0800] "GET / HTTP/1.1" 200 48022 "https://obiavo.in/" "Mozilla/4.0 (compatible; MSIE 6.0; Windows NT 5.1)" 
37.229.244.123 - - [16/Jan/2021:18:00:07 -0800] "GET / HTTP/1.1" 200 48020 "https://obiavo.in/" "Mozilla/4.0 (compatible; MSIE 6.0; Windows NT 5.1)" 
37.229.244.123 - - [16/Jan/2021:18:00:08 -0800] "GET / HTTP/1.1" 200 48020 "https://obiavo.in/" "Mozilla/4.0 (compatible; MSIE 6.0; Windows NT 5.1)" 
54.36.148.42 - - [16/Jan/2021:18:00:14 -0800] "GET /self.logs/error.log.2018-01-22.gz HTTP/1.1" 200 2907 "-" "Mozilla/5.0 (compatible; AhrefsBot/7.0; +http://ahrefs.com/robot/)" 
54.36.148.18 - - [16/Jan/2021:18:02:22 -0800] "GET /self.logs/access.log.2018-11-13.gz HTTP/1.1" 200 21147 "-" "Mozilla/5.0 (compatible; AhrefsBot/7.0; +http://ahrefs.com/robot/)" 
114.119.155.228 - - [16/Jan/2021:18:04:17 -0800] "GET /self.logs/2015/access.log.2015-11-26.gz HTTP/1.1" 200 4792 "-" "Mozilla/5.0 (Linux; Android 7.0;) AppleWebKit/537.36 (KHTML, like Gecko) Mobile Safari/537.36 (compatible; PetalBot;+https://aspiegel.com/petalbot)" 
54.36.148.18 - - [16/Jan/2021:18:04:27 -0800] "GET /self.logs/error.log.2019-09-27.gz HTTP/1.1" 200 1560 "-" "Mozilla/5.0 (compatible; AhrefsBot/7.0; +http://ahrefs.com/robot/)" 
54.36.149.62 - - [16/Jan/2021:18:06:13 -0800] "GET /self.logs/access.log.2020-01-23.gz HTTP/1.1" 200 14748 "-" "Mozilla/5.0 (compatible; AhrefsBot/7.0; +http://ahrefs.com/robot/)" 
54.36.149.62 - - [16/Jan/2021:18:08:07 -0800] "GET /self.logs/access.log.2017-09-10.gz HTTP/1.1" 200 21832 "-" "Mozilla/5.0 (compatible; AhrefsBot/7.0; +http://ahrefs.com/robot/)" 
114.119.129.244 - - [16/Jan/2021:18:09:38 -0800] "GET /self.logs/access.log.2018-07-19.gz HTTP/1.1" 200 32808 "-" "Mozilla/5.0 (Linux; Android 7.0;) AppleWebKit/537.36 (KHTML, like Gecko) Mobile Safari/537.36 (compatible; PetalBot;+https://aspiegel.com/petalbot)" 
54.36.149.85 - - [16/Jan/2021:18:10:00 -0800] "GET /self.logs/access.log.2017-09-14.gz HTTP/1.1" 200 24797 "-" "Mozilla/5.0 (compatible; AhrefsBot/7.0; +http://ahrefs.com/robot/)" 
54.36.148.18 - - [16/Jan/2021:18:11:56 -0800] "GET /self.logs/error.log.2019-09-09.gz HTTP/1.1" 200 1946 "-" "Mozilla/5.0 (compatible; AhrefsBot/7.0; +http://ahrefs.com/robot/)" 
54.36.148.141 - - [16/Jan/2021:18:13:53 -0800] "GET /self.logs/error.log.2019-01-26.gz HTTP/1.1" 200 5637 "-" "Mozilla/5.0 (compatible; AhrefsBot/7.0; +http://ahrefs.com/robot/)" 
114.119.130.95 - - [16/Jan/2021:18:14:18 -0800] "GET /self.logs/access.log.2018-05-16.gz HTTP/1.1" 200 60643 "-" "Mozilla/5.0 (Linux; Android 7.0;) AppleWebKit/537.36 (KHTML, like Gecko) Mobile Safari/537.36 (compatible; PetalBot;+https://aspiegel.com/petalbot)" 
54.36.148.18 - - [16/Jan/2021:18:15:55 -0800] "GET /self.logs/error.log.2018-01-29.gz HTTP/1.1" 200 1157 "-" "Mozilla/5.0 (compatible; AhrefsBot/7.0; +http://ahrefs.com/robot/)" 
13.66.139.52 - - [16/Jan/2021:18:17:09 -0800] "GET /self.logs/?C=D;O=A HTTP/1.1" 200 27091 "-" "Mozilla/5.0 (compatible; bingbot/2.0; +http://www.bing.com/bingbot.htm)" 
54.36.149.82 - - [16/Jan/2021:18:17:55 -0800] "GET /self.logs/access.log.2018-11-16.gz HTTP/1.1" 200 31020 "-" "Mozilla/5.0 (compatible; AhrefsBot/7.0; +http://ahrefs.com/robot/)" 
114.119.140.84 - - [16/Jan/2021:18:19:18 -0800] "GET /self.logs/access.log.2018-07-27.gz HTTP/1.1" 200 25991 "-" "Mozilla/5.0 (Linux; Android 7.0;) AppleWebKit/537.36 (KHTML, like Gecko) Mobile Safari/537.36 (compatible; PetalBot;+https://aspiegel.com/petalbot)" 
54.36.148.18 - - [16/Jan/2021:18:19:56 -0800] "GET /self.logs/error.log.2019-09-21.gz HTTP/1.1" 200 2885 "-" "Mozilla/5.0 (compatible; AhrefsBot/7.0; +http://ahrefs.com/robot/)" 
54.36.149.62 - - [16/Jan/2021:18:21:49 -0800] "GET /self.logs/access.log.2019-10-03.gz HTTP/1.1" 200 25415 "-" "Mozilla/5.0 (compatible; AhrefsBot/7.0; +http://ahrefs.com/robot/)" 
54.36.149.62 - - [16/Jan/2021:18:23:44 -0800] "GET /self.logs/error.log.2019-10-18.gz HTTP/1.1" 200 2325 "-" "Mozilla/5.0 (compatible; AhrefsBot/7.0; +http://ahrefs.com/robot/)" 
114.119.159.101 - - [16/Jan/2021:18:24:18 -0800] "GET /self.logs/access.log.2018-07-09.gz HTTP/1.1" 200 24008 "-" "Mozilla/5.0 (Linux; Android 7.0;) AppleWebKit/537.36 (KHTML, like Gecko) Mobile Safari/537.36 (compatible; PetalBot;+https://aspiegel.com/petalbot)" 
207.46.13.32 - - [16/Jan/2021:18:24:47 -0800] "GET /self.logs/access.log.2018-01-27.gz HTTP/1.1" 304 280 "-" "Mozilla/5.0 (compatible; bingbot/2.0; +http://www.bing.com/bingbot.htm)" 
13.66.139.92 - - [16/Jan/2021:18:25:25 -0800] "GET /self.logs/2016/error.log.2016-10-01.gz HTTP/1.1" 200 843 "-" "Mozilla/5.0 (compatible; bingbot/2.0; +http://www.bing.com/bingbot.htm)" 
54.36.148.109 - - [16/Jan/2021:18:25:31 -0800] "GET /self.logs/access.log.2017-10-09.gz HTTP/1.1" 200 31497 "-" "Mozilla/5.0 (compatible; AhrefsBot/7.0; +http://ahrefs.com/robot/)" 
54.36.148.42 - - [16/Jan/2021:18:27:27 -0800] "GET /self.logs/error.log.2019-09-25.gz HTTP/1.1" 200 972 "-" "Mozilla/5.0 (compatible; AhrefsBot/7.0; +http://ahrefs.com/robot/)" 
54.36.148.18 - - [16/Jan/2021:18:29:16 -0800] "GET /self.logs/access.log.2017-10-18.gz HTTP/1.1" 200 23521 "-" "Mozilla/5.0 (compatible; AhrefsBot/7.0; +http://ahrefs.com/robot/)" 
114.119.157.43 - - [16/Jan/2021:18:29:19 -0800] "GET /self.logs/error.log.2019-01-17.gz HTTP/1.1" 200 4316 "-" "Mozilla/5.0 (Linux; Android 7.0;) AppleWebKit/537.36 (KHTML, like Gecko) Mobile Safari/537.36 (compatible; PetalBot;+https://aspiegel.com/petalbot)" 
52.212.146.96 - - [16/Jan/2021:18:30:01 -0800] "GET /self.logs/access.log.2021-01-10.gz HTTP/1.1" 200 25715 "-" "python-requests/2.12.1" 
52.212.146.96 - - [16/Jan/2021:18:30:02 -0800] "GET /self.logs/access.log.2021-01-11.gz HTTP/1.1" 200 38398 "-" "python-requests/2.12.1" 
52.212.146.96 - - [16/Jan/2021:18:30:02 -0800] "GET /self.logs/access.log.2021-01-12.gz HTTP/1.1" 200 33915 "-" "python-requests/2.12.1" 
52.212.146.96 - - [16/Jan/2021:18:30:02 -0800] "GET /self.logs/access.log.2021-01-13.gz HTTP/1.1" 200 25676 "-" "python-requests/2.12.1" 
52.212.146.96 - - [16/Jan/2021:18:30:02 -0800] "GET /self.logs/access.log.2021-01-14.gz HTTP/1.1" 404 328 "-" "python-requests/2.12.1" 
52.212.146.96 - - [16/Jan/2021:18:30:03 -0800] "GET /self.logs/access.log.2021-01-15.gz HTTP/1.1" 404 328 "-" "python-requests/2.12.1" 
52.212.146.96 - - [16/Jan/2021:18:30:03 -0800] "GET /self.logs/access.log.2021-01-16.gz HTTP/1.1" 404 328 "-" "python-requests/2.12.1" 
54.36.148.101 - - [16/Jan/2021:18:31:10 -0800] "GET /self.logs/error.log.2018-01-31.gz HTTP/1.1" 200 2099 "-" "Mozilla/5.0 (compatible; AhrefsBot/7.0; +http://ahrefs.com/robot/)" 
54.36.148.18 - - [16/Jan/2021:18:33:11 -0800] "GET /self.logs/error.log.2019-10-23.gz HTTP/1.1" 200 1608 "-" "Mozilla/5.0 (compatible; AhrefsBot/7.0; +http://ahrefs.com/robot/)" 
114.119.130.95 - - [16/Jan/2021:18:34:19 -0800] "GET /self.logs/2015/error.log.2015-03-19.gz HTTP/1.1" 200 943 "-" "Mozilla/5.0 (Linux; Android 7.0;) AppleWebKit/537.36 (KHTML, like Gecko) Mobile Safari/537.36 (compatible; PetalBot;+https://aspiegel.com/petalbot)" 
54.36.149.62 - - [16/Jan/2021:18:34:59 -0800] "GET /self.logs/access.log.2018-12-01.gz HTTP/1.1" 200 19886 "-" "Mozilla/5.0 (compatible; AhrefsBot/7.0; +http://ahrefs.com/robot/)" 
17.58.96.153 - - [16/Jan/2021:18:35:23 -0800] "GET /self.logs/error.log.2020-01-23 HTTP/1.1" 200 307 "-" "Mozilla/5.0 (Macintosh; Intel Mac OS X 10_15_5) AppleWebKit/605.1.15 (KHTML, like Gecko) Version/13.1.1 Safari/605.1.15 (Applebot/0.1; +http://www.apple.com/go/applebot)" 
111.196.246.21 - - [16/Jan/2021:18:35:10 -0800] "GET /honeypot/honeypot.json.zip HTTP/1.1" 206 236940 "-" "Mozilla/5.0 (Windows NT 10.0; WOW64) AppleWebKit/537.36 (KHTML, like Gecko) Chrome/86.0.4240.198 Safari/537.36" 
111.196.246.21 - - [16/Jan/2021:18:35:02 -0800] "GET /honeypot/honeypot.json.zip HTTP/1.1" 206 448411 "-" "Mozilla/5.0 (Windows NT 10.0; WOW64) AppleWebKit/537.36 (KHTML, like Gecko) Chrome/86.0.4240.198 Safari/537.36" 
120.245.112.162 - - [16/Jan/2021:18:35:04 -0800] "GET /honeypot/honeypot.json.zip HTTP/1.1" 206 165140 "-" "Mozilla/5.0 (Windows NT 10.0; WOW64) AppleWebKit/537.36 (KHTML, like Gecko) Chrome/86.0.4240.198 Safari/537.36" 
120.245.112.162 - - [16/Jan/2021:18:35:15 -0800] "GET /honeypot/honeypot.json.zip HTTP/1.1" 206 78980 "-" "Mozilla/5.0 (Windows NT 10.0; WOW64) AppleWebKit/537.36 (KHTML, like Gecko) Chrome/86.0.4240.198 Safari/537.36" 
54.36.149.62 - - [16/Jan/2021:18:36:42 -0800] "GET /self.logs/error.log.2019-09-28.gz HTTP/1.1" 200 1688 "-" "Mozilla/5.0 (compatible; AhrefsBot/7.0; +http://ahrefs.com/robot/)" 
120.245.112.162 - - [16/Jan/2021:18:35:11 -0800] "GET /honeypot/honeypot.json.zip HTTP/1.1" 206 231196 "-" "Mozilla/5.0 (Windows NT 10.0; WOW64) AppleWebKit/537.36 (KHTML, like Gecko) Chrome/86.0.4240.198 Safari/537.36" 
120.245.112.162 - - [16/Jan/2021:18:35:53 -0800] "GET /honeypot/honeypot.json.zip HTTP/1.1" 206 87596 "-" "Mozilla/5.0 (Windows NT 10.0; WOW64) AppleWebKit/537.36 (KHTML, like Gecko) Chrome/86.0.4240.198 Safari/537.36" 
120.245.112.162 - - [16/Jan/2021:18:34:57 -0800] "GET /honeypot/honeypot.json.zip HTTP/1.1" 200 496856 "-" "Mozilla/5.0 (Windows NT 10.0; WOW64) AppleWebKit/537.36 (KHTML, like Gecko) Chrome/86.0.4240.198 Safari/537.36" 
120.245.112.162 - - [16/Jan/2021:18:37:33 -0800] "GET /honeypot/honeypot.json.zip HTTP/1.1" 206 78980 "-" "Mozilla/5.0 (Windows NT 10.0; WOW64) AppleWebKit/537.36 (KHTML, like Gecko) Chrome/86.0.4240.198 Safari/537.36" 
120.245.112.162 - - [16/Jan/2021:18:35:15 -0800] "GET /honeypot/honeypot.json.zip HTTP/1.1" 206 356128 "-" "Mozilla/5.0 (Windows NT 10.0; WOW64) AppleWebKit/537.36 (KHTML, like Gecko) Chrome/86.0.4240.198 Safari/537.36" 
54.36.148.18 - - [16/Jan/2021:18:38:26 -0800] "GET /self.logs/access.log.2020-01-24.gz HTTP/1.1" 200 15699 "-" "Mozilla/5.0 (compatible; AhrefsBot/7.0; +http://ahrefs.com/robot/)" 
120.245.112.162 - - [16/Jan/2021:18:37:36 -0800] "GET /honeypot/honeypot.json.zip HTTP/1.1" 206 175192 "-" "Mozilla/5.0 (Windows NT 10.0; WOW64) AppleWebKit/537.36 (KHTML, like Gecko) Chrome/86.0.4240.198 Safari/537.36" 
120.245.112.162 - - [16/Jan/2021:18:37:30 -0800] "GET /honeypot/honeypot.json.zip HTTP/1.1" 206 235504 "-" "Mozilla/5.0 (Windows NT 10.0; WOW64) AppleWebKit/537.36 (KHTML, like Gecko) Chrome/86.0.4240.198 Safari/537.36" 
114.119.129.244 - - [16/Jan/2021:18:39:19 -0800] "GET /self.logs/error.log.2017-11-30.gz HTTP/1.1" 200 2617 "-" "Mozilla/5.0 (Linux; Android 7.0;) AppleWebKit/537.36 (KHTML, like Gecko) Mobile Safari/537.36 (compatible; PetalBot;+https://aspiegel.com/petalbot)" 
207.46.13.228 - - [16/Jan/2021:18:39:31 -0800] "GET /robots.txt HTTP/1.1" 200 377 "-" "Mozilla/5.0 (compatible; bingbot/2.0; +http://www.bing.com/bingbot.htm)" 
120.245.112.162 - - [16/Jan/2021:18:38:36 -0800] "GET /honeypot/honeypot.json.zip HTTP/1.1" 206 147908 "-" "Mozilla/5.0 (Windows NT 10.0; WOW64) AppleWebKit/537.36 (KHTML, like Gecko) Chrome/86.0.4240.198 Safari/537.36" 
120.245.112.162 - - [16/Jan/2021:18:38:53 -0800] "GET /honeypot/honeypot.json.zip HTTP/1.1" 206 114880 "-" "Mozilla/5.0 (Windows NT 10.0; WOW64) AppleWebKit/537.36 (KHTML, like Gecko) Chrome/86.0.4240.198 Safari/537.36" 
54.36.148.18 - - [16/Jan/2021:18:40:10 -0800] "GET /self.logs/access.log.2017-10-25.gz HTTP/1.1" 200 21316 "-" "Mozilla/5.0 (compatible; AhrefsBot/7.0; +http://ahrefs.com/robot/)" 
120.245.112.162 - - [16/Jan/2021:18:36:47 -0800] "GET /honeypot/honeypot.json.zip HTTP/1.1" 206 519832 "-" "Mozilla/5.0 (Windows NT 10.0; WOW64) AppleWebKit/537.36 (KHTML, like Gecko) Chrome/86.0.4240.198 Safari/537.36" 
111.196.246.21 - - [16/Jan/2021:18:39:55 -0800] "GET /honeypot/honeypot.json.zip HTTP/1.1" 206 83288 "-" "Mozilla/5.0 (Windows NT 10.0; WOW64) AppleWebKit/537.36 (KHTML, like Gecko) Chrome/86.0.4240.198 Safari/537.36" 
54.36.148.18 - - [16/Jan/2021:18:41:59 -0800] "GET /self.logs/access.log.2017-02-20.gz HTTP/1.1" 200 19053 "-" "Mozilla/5.0 (compatible; AhrefsBot/7.0; +http://ahrefs.com/robot/)" 
120.245.112.162 - - [16/Jan/2021:18:36:16 -0800] "GET /honeypot/honeypot.json.zip HTTP/1.1" 206 564348 "-" "Mozilla/5.0 (Windows NT 10.0; WOW64) AppleWebKit/537.36 (KHTML, like Gecko) Chrome/86.0.4240.198 Safari/537.36" 
111.202.100.88 - - [16/Jan/2021:18:42:17 -0800] "GET / HTTP/1.1" 200 12847 "-" "Sogou web spider/4.0(+http://www.sogou.com/docs/help/webmasters.htm#07)" 
111.196.246.21 - - [16/Jan/2021:18:40:31 -0800] "GET /honeypot/honeypot.json.zip HTTP/1.1" 206 515524 "-" "Mozilla/5.0 (Windows NT 10.0; WOW64) AppleWebKit/537.36 (KHTML, like Gecko) Chrome/86.0.4240.198 Safari/537.36" 
111.202.100.88 - - [16/Jan/2021:18:43:37 -0800] "GET / HTTP/1.1" 200 12847 "-" "Sogou web spider/4.0(+http://www.sogou.com/docs/help/webmasters.htm#07)" 
54.36.148.18 - - [16/Jan/2021:18:43:50 -0800] "GET /self.logs/error.log.2019-09-30.gz HTTP/1.1" 200 1580 "-" "Mozilla/5.0 (compatible; AhrefsBot/7.0; +http://ahrefs.com/robot/)" 
114.119.144.30 - - [16/Jan/2021:18:44:20 -0800] "GET /self.logs/error.log.2019-03-21.gz HTTP/1.1" 200 6873 "-" "Mozilla/5.0 (Linux; Android 7.0;) AppleWebKit/537.36 (KHTML, like Gecko) Mobile Safari/537.36 (compatible; PetalBot;+https://aspiegel.com/petalbot)" 
111.202.100.88 - - [16/Jan/2021:18:45:03 -0800] "GET / HTTP/1.1" 200 12847 "-" "Sogou web spider/4.0(+http://www.sogou.com/docs/help/webmasters.htm#07)" 
54.36.149.62 - - [16/Jan/2021:18:45:46 -0800] "GET /self.logs/error.log.2019-11-15.gz HTTP/1.1" 200 1675 "-" "Mozilla/5.0 (compatible; AhrefsBot/7.0; +http://ahrefs.com/robot/)" 
54.36.149.62 - - [16/Jan/2021:18:47:26 -0800] "GET /Datasets%20Description/HTML_Bro_log_1/?C=S;O=A HTTP/1.1" 200 783 "-" "Mozilla/5.0 (compatible; AhrefsBot/7.0; +http://ahrefs.com/robot/)" 
111.196.246.21 - - [16/Jan/2021:18:42:57 -0800] "GET /honeypot/honeypot.json.zip HTTP/1.1" 206 1968410 "-" "Mozilla/5.0 (Windows NT 10.0; WOW64) AppleWebKit/537.36 (KHTML, like Gecko) Chrome/86.0.4240.198 Safari/537.36" 
54.36.148.18 - - [16/Jan/2021:18:49:14 -0800] "GET /self.logs/access.log.2018-12-04.gz HTTP/1.1" 200 28832 "-" "Mozilla/5.0 (compatible; AhrefsBot/7.0; +http://ahrefs.com/robot/)" 
114.119.129.244 - - [16/Jan/2021:18:49:20 -0800] "GET /self.logs/2015/error.log.2015-04-17.gz HTTP/1.1" 200 1016 "-" "Mozilla/5.0 (Linux; Android 7.0;) AppleWebKit/537.36 (KHTML, like Gecko) Mobile Safari/537.36 (compatible; PetalBot;+https://aspiegel.com/petalbot)" 
120.245.112.162 - - [16/Jan/2021:18:35:08 -0800] "GET /honeypot/honeypot.json.zip HTTP/1.1" 206 2873436 "-" "Mozilla/5.0 (Windows NT 10.0; WOW64) AppleWebKit/537.36 (KHTML, like Gecko) Chrome/86.0.4240.198 Safari/537.36" 
13.66.139.92 - - [16/Jan/2021:18:49:26 -0800] "GET /self.logs/2016/error.log.2016-06-05.gz HTTP/1.1" 200 1071 "-" "Mozilla/5.0 (compatible; bingbot/2.0; +http://www.bing.com/bingbot.htm)" 
120.245.112.162 - - [16/Jan/2021:18:36:58 -0800] "GET /honeypot/honeypot.json.zip HTTP/1.1" 206 2652630 "-" "Mozilla/5.0 (Windows NT 10.0; WOW64) AppleWebKit/537.36 (KHTML, like Gecko) Chrome/86.0.4240.198 Safari/537.36" 
111.196.246.21 - - [16/Jan/2021:18:49:52 -0800] "GET /honeypot/honeypot.json.zip HTTP/1.1" 206 78980 "-" "Mozilla/5.0 (Windows NT 10.0; WOW64) AppleWebKit/537.36 (KHTML, like Gecko) Chrome/86.0.4240.198 Safari/537.36" 
111.196.246.21 - - [16/Jan/2021:18:48:44 -0800] "GET /honeypot/honeypot.json.zip HTTP/1.1" 206 254172 "-" "Mozilla/5.0 (Windows NT 10.0; WOW64) AppleWebKit/537.36 (KHTML, like Gecko) Chrome/86.0.4240.198 Safari/537.36" 
120.245.112.162 - - [16/Jan/2021:18:50:24 -0800] "GET /honeypot/honeypot.json.zip HTTP/1.1" 206 52568 "-" "Mozilla/5.0 (Windows NT 10.0; WOW64) AppleWebKit/537.36 (KHTML, like Gecko) Chrome/86.0.4240.198 Safari/537.36" 
120.245.112.162 - - [16/Jan/2021:18:36:00 -0800] "GET /honeypot/honeypot.json.zip HTTP/1.1" 206 2589108 "-" "Mozilla/5.0 (Windows NT 10.0; WOW64) AppleWebKit/537.36 (KHTML, like Gecko) Chrome/86.0.4240.198 Safari/537.36" 
120.245.112.162 - - [16/Jan/2021:18:49:55 -0800] "GET /honeypot/honeypot.json.zip HTTP/1.1" 206 253793 "-" "Mozilla/5.0 (Windows NT 10.0; WOW64) AppleWebKit/537.36 (KHTML, like Gecko) Chrome/86.0.4240.198 Safari/537.36" 
111.196.246.21 - - [16/Jan/2021:18:49:25 -0800] "GET /honeypot/honeypot.json.zip HTTP/1.1" 206 453776 "-" "Mozilla/5.0 (Windows NT 10.0; WOW64) AppleWebKit/537.36 (KHTML, like Gecko) Chrome/86.0.4240.198 Safari/537.36" 
54.36.148.18 - - [16/Jan/2021:18:51:05 -0800] "GET /self.logs/access.log.2020-06-22.gz HTTP/1.1" 200 12864 "-" "Mozilla/5.0 (compatible; AhrefsBot/7.0; +http://ahrefs.com/robot/)" 
120.245.112.162 - - [16/Jan/2021:18:41:03 -0800] "GET /honeypot/honeypot.json.zip HTTP/1.1" 206 1954396 "-" "Mozilla/5.0 (Windows NT 10.0; WOW64) AppleWebKit/537.36 (KHTML, like Gecko) Chrome/86.0.4240.198 Safari/537.36" 
120.245.112.162 - - [16/Jan/2021:18:51:11 -0800] "GET /honeypot/honeypot.json.zip HTTP/1.1" 206 15642 "-" "Mozilla/5.0 (Windows NT 10.0; WOW64) AppleWebKit/537.36 (KHTML, like Gecko) Chrome/86.0.4240.198 Safari/537.36" 
120.245.112.162 - - [16/Jan/2021:18:39:28 -0800] "GET /honeypot/honeypot.json.zip HTTP/1.1" 206 2464574 "-" "Mozilla/5.0 (Windows NT 10.0; WOW64) AppleWebKit/537.36 (KHTML, like Gecko) Chrome/86.0.4240.198 Safari/537.36" 
120.245.112.162 - - [16/Jan/2021:18:36:00 -0800] "GET /honeypot/honeypot.json.zip HTTP/1.1" 206 2477100 "-" "Mozilla/5.0 (Windows NT 10.0; WOW64) AppleWebKit/537.36 (KHTML, like Gecko) Chrome/86.0.4240.198 Safari/537.36" 
111.196.246.21 - - [16/Jan/2021:18:50:52 -0800] "GET /honeypot/honeypot.json.zip HTTP/1.1" 206 218272 "-" "Mozilla/5.0 (Windows NT 10.0; WOW64) AppleWebKit/537.36 (KHTML, like Gecko) Chrome/86.0.4240.198 Safari/537.36" 
111.196.246.21 - - [16/Jan/2021:18:50:52 -0800] "GET /honeypot/honeypot.json.zip HTTP/1.1" 206 260592 "-" "Mozilla/5.0 (Windows NT 10.0; WOW64) AppleWebKit/537.36 (KHTML, like Gecko) Chrome/86.0.4240.198 Safari/537.36" 
111.196.246.21 - - [16/Jan/2021:18:51:21 -0800] "GET /honeypot/honeypot.json.zip HTTP/1.1" 206 15642 "-" "Mozilla/5.0 (Windows NT 10.0; WOW64) AppleWebKit/537.36 (KHTML, like Gecko) Chrome/86.0.4240.198 Safari/537.36" 
111.196.246.21 - - [16/Jan/2021:18:51:21 -0800] "GET /honeypot/honeypot.json.zip HTTP/1.1" 206 52337 "-" "Mozilla/5.0 (Windows NT 10.0; WOW64) AppleWebKit/537.36 (KHTML, like Gecko) Chrome/86.0.4240.198 Safari/537.36" 
111.196.246.21 - - [16/Jan/2021:18:51:30 -0800] "GET /honeypot/honeypot.json.zip HTTP/1.1" 206 52335 "-" "Mozilla/5.0 (Windows NT 10.0; WOW64) AppleWebKit/537.36 (KHTML, like Gecko) Chrome/86.0.4240.198 Safari/537.36" 
120.245.112.162 - - [16/Jan/2021:18:51:21 -0800] "GET /honeypot/honeypot.json.zip HTTP/1.1" 206 78980 "-" "Mozilla/5.0 (Windows NT 10.0; WOW64) AppleWebKit/537.36 (KHTML, like Gecko) Chrome/86.0.4240.198 Safari/537.36" 
111.196.246.21 - - [16/Jan/2021:18:51:22 -0800] "GET /honeypot/honeypot.json.zip HTTP/1.1" 206 97737 "-" "Mozilla/5.0 (Windows NT 10.0; WOW64) AppleWebKit/537.36 (KHTML, like Gecko) Chrome/86.0.4240.198 Safari/537.36" 
111.196.246.21 - - [16/Jan/2021:18:51:31 -0800] "GET /honeypot/honeypot.json.zip HTTP/1.1" 206 10307 "-" "Mozilla/5.0 (Windows NT 10.0; WOW64) AppleWebKit/537.36 (KHTML, like Gecko) Chrome/86.0.4240.198 Safari/537.36" 
111.196.246.21 - - [16/Jan/2021:18:51:34 -0800] "GET /honeypot/honeypot.json.zip HTTP/1.1" 206 26388 "-" "Mozilla/5.0 (Windows NT 10.0; WOW64) AppleWebKit/537.36 (KHTML, like Gecko) Chrome/86.0.4240.198 Safari/537.36" 
120.245.112.162 - - [16/Jan/2021:18:51:34 -0800] "GET /honeypot/honeypot.json.zip HTTP/1.1" 206 36949 "-" "Mozilla/5.0 (Windows NT 10.0; WOW64) AppleWebKit/537.36 (KHTML, like Gecko) Chrome/86.0.4240.198 Safari/537.36" 
111.196.246.21 - - [16/Jan/2021:18:51:35 -0800] "GET /honeypot/honeypot.json.zip HTTP/1.1" 206 20301 "-" "Mozilla/5.0 (Windows NT 10.0; WOW64) AppleWebKit/537.36 (KHTML, like Gecko) Chrome/86.0.4240.198 Safari/537.36" 
111.196.246.21 - - [16/Jan/2021:18:51:35 -0800] "GET /honeypot/honeypot.json.zip HTTP/1.1" 206 25908 "-" "Mozilla/5.0 (Windows NT 10.0; WOW64) AppleWebKit/537.36 (KHTML, like Gecko) Chrome/86.0.4240.198 Safari/537.36" 
111.196.246.21 - - [16/Jan/2021:18:51:38 -0800] "GET /honeypot/honeypot.json.zip HTTP/1.1" 206 13191 "-" "Mozilla/5.0 (Windows NT 10.0; WOW64) AppleWebKit/537.36 (KHTML, like Gecko) Chrome/86.0.4240.198 Safari/537.36" 
111.196.246.21 - - [16/Jan/2021:18:51:28 -0800] "GET /honeypot/honeypot.json.zip HTTP/1.1" 206 79175 "-" "Mozilla/5.0 (Windows NT 10.0; WOW64) AppleWebKit/537.36 (KHTML, like Gecko) Chrome/86.0.4240.198 Safari/537.36" 
111.196.246.21 - - [16/Jan/2021:18:51:41 -0800] "GET /honeypot/honeypot.json.zip HTTP/1.1" 206 20299 "-" "Mozilla/5.0 (Windows NT 10.0; WOW64) AppleWebKit/537.36 (KHTML, like Gecko) Chrome/86.0.4240.198 Safari/537.36" 
120.245.112.162 - - [16/Jan/2021:18:39:30 -0800] "GET /honeypot/honeypot.json.zip HTTP/1.1" 206 1647092 "-" "Mozilla/5.0 (Windows NT 10.0; WOW64) AppleWebKit/537.36 (KHTML, like Gecko) Chrome/86.0.4240.198 Safari/537.36" 
111.196.246.21 - - [16/Jan/2021:18:51:43 -0800] "GET /honeypot/honeypot.json.zip HTTP/1.1" 206 7844 "-" "Mozilla/5.0 (Windows NT 10.0; WOW64) AppleWebKit/537.36 (KHTML, like Gecko) Chrome/86.0.4240.198 Safari/537.36" 
111.196.246.21 - - [16/Jan/2021:18:51:43 -0800] "GET /honeypot/honeypot.json.zip HTTP/1.1" 206 18863 "-" "Mozilla/5.0 (Windows NT 10.0; WOW64) AppleWebKit/537.36 (KHTML, like Gecko) Chrome/86.0.4240.198 Safari/537.36" 
111.196.246.21 - - [16/Jan/2021:18:51:43 -0800] "GET /honeypot/honeypot.json.zip HTTP/1.1" 206 16746 "-" "Mozilla/5.0 (Windows NT 10.0; WOW64) AppleWebKit/537.36 (KHTML, like Gecko) Chrome/86.0.4240.198 Safari/537.36" 
120.245.112.162 - - [16/Jan/2021:18:51:46 -0800] "GET /honeypot/honeypot.json.zip HTTP/1.1" 206 15310 "-" "Mozilla/5.0 (Windows NT 10.0; WOW64) AppleWebKit/537.36 (KHTML, like Gecko) Chrome/86.0.4240.198 Safari/537.36" 
120.245.112.162 - - [16/Jan/2021:18:51:47 -0800] "GET /honeypot/honeypot.json.zip HTTP/1.1" 206 12163 "-" "Mozilla/5.0 (Windows NT 10.0; WOW64) AppleWebKit/537.36 (KHTML, like Gecko) Chrome/86.0.4240.198 Safari/537.36" 
111.196.246.21 - - [16/Jan/2021:18:51:48 -0800] "GET /honeypot/honeypot.json.zip HTTP/1.1" 206 10727 "-" "Mozilla/5.0 (Windows NT 10.0; WOW64) AppleWebKit/537.36 (KHTML, like Gecko) Chrome/86.0.4240.198 Safari/537.36" 
111.196.246.21 - - [16/Jan/2021:18:50:20 -0800] "GET /honeypot/honeypot.json.zip HTTP/1.1" 206 389156 "-" "Mozilla/5.0 (Windows NT 10.0; WOW64) AppleWebKit/537.36 (KHTML, like Gecko) Chrome/86.0.4240.198 Safari/537.36" 
111.196.246.21 - - [16/Jan/2021:18:50:29 -0800] "GET /honeypot/honeypot.json.zip HTTP/1.1" 206 215400 "-" "Mozilla/5.0 (Windows NT 10.0; WOW64) AppleWebKit/537.36 (KHTML, like Gecko) Chrome/86.0.4240.198 Safari/537.36" 
54.36.149.80 - - [16/Jan/2021:18:52:53 -0800] "GET /self.logs/access.log.2017-11-03.gz HTTP/1.1" 200 26085 "-" "Mozilla/5.0 (compatible; AhrefsBot/7.0; +http://ahrefs.com/robot/)" 
111.202.101.150 - - [16/Jan/2021:18:54:06 -0800] "GET / HTTP/1.1" 301 438 "-" "Sogou web spider/4.0(+http://www.sogou.com/docs/help/webmasters.htm#07)" 
114.119.150.248 - - [16/Jan/2021:18:54:20 -0800] "GET /self.logs/access.log.2019-08-20.gz HTTP/1.1" 200 22826 "-" "Mozilla/5.0 (Linux; Android 7.0;) AppleWebKit/537.36 (KHTML, like Gecko) Mobile Safari/537.36 (compatible; PetalBot;+https://aspiegel.com/petalbot)" 
54.36.149.62 - - [16/Jan/2021:18:54:46 -0800] "GET /self.logs/error.log.2018-02-06.gz HTTP/1.1" 200 4786 "-" "Mozilla/5.0 (compatible; AhrefsBot/7.0; +http://ahrefs.com/robot/)" 
111.202.101.150 - - [16/Jan/2021:18:55:37 -0800] "GET / HTTP/1.1" 200 12847 "-" "Sogou web spider/4.0(+http://www.sogou.com/docs/help/webmasters.htm#07)" 
54.36.148.59 - - [16/Jan/2021:18:56:45 -0800] "GET /self.logs/error.log.2019-10-29.gz HTTP/1.1" 200 1841 "-" "Mozilla/5.0 (compatible; AhrefsBot/7.0; +http://ahrefs.com/robot/)" 
54.36.149.97 - - [16/Jan/2021:18:58:44 -0800] "GET /self.logs/access.log.2017-11-10.gz HTTP/1.1" 200 28680 "-" "Mozilla/5.0 (compatible; AhrefsBot/7.0; +http://ahrefs.com/robot/)" 
114.119.159.40 - - [16/Jan/2021:18:59:21 -0800] "GET /self.logs/error.log.2019-04-04.gz HTTP/1.1" 200 4581 "-" "Mozilla/5.0 (Linux; Android 7.0;) AppleWebKit/537.36 (KHTML, like Gecko) Mobile Safari/537.36 (compatible; PetalBot;+https://aspiegel.com/petalbot)" 
54.36.148.227 - - [16/Jan/2021:19:00:41 -0800] "GET /self.logs/error.log.2018-06-17.gz HTTP/1.1" 200 6122 "-" "Mozilla/5.0 (compatible; AhrefsBot/7.0; +http://ahrefs.com/robot/)" 
54.36.148.18 - - [16/Jan/2021:19:02:36 -0800] "GET /self.logs/error.log.2019-10-31.gz HTTP/1.1" 200 2480 "-" "Mozilla/5.0 (compatible; AhrefsBot/7.0; +http://ahrefs.com/robot/)" 
114.119.159.40 - - [16/Jan/2021:19:04:21 -0800] "GET /self.logs/error.log.2017-05-27.gz HTTP/1.1" 200 711 "-" "Mozilla/5.0 (Linux; Android 7.0;) AppleWebKit/537.36 (KHTML, like Gecko) Mobile Safari/537.36 (compatible; PetalBot;+https://aspiegel.com/petalbot)" 
54.36.148.169 - - [16/Jan/2021:19:04:36 -0800] "GET /self.logs/error.log.2019-04-17.gz HTTP/1.1" 200 4580 "-" "Mozilla/5.0 (compatible; AhrefsBot/7.0; +http://ahrefs.com/robot/)" 
54.36.148.44 - - [16/Jan/2021:19:06:33 -0800] "GET /self.logs/error.log.2020-04-24.gz HTTP/1.1" 200 1310 "-" "Mozilla/5.0 (compatible; AhrefsBot/7.0; +http://ahrefs.com/robot/)" 
54.36.148.18 - - [16/Jan/2021:19:08:36 -0800] "GET /self.logs/error.log.2019-10-10.gz HTTP/1.1" 200 890 "-" "Mozilla/5.0 (compatible; AhrefsBot/7.0; +http://ahrefs.com/robot/)" 
114.119.157.43 - - [16/Jan/2021:19:09:21 -0800] "GET /self.logs/error.log.2018-12-14.gz HTTP/1.1" 200 3857 "-" "Mozilla/5.0 (Linux; Android 7.0;) AppleWebKit/537.36 (KHTML, like Gecko) Mobile Safari/537.36 (compatible; PetalBot;+https://aspiegel.com/petalbot)" 
54.36.148.38 - - [16/Jan/2021:19:10:41 -0800] "GET /self.logs/error.log.2019-10-03.gz HTTP/1.1" 200 1629 "-" "Mozilla/5.0 (compatible; AhrefsBot/7.0; +http://ahrefs.com/robot/)" 
54.36.148.228 - - [16/Jan/2021:19:12:52 -0800] "GET /self.logs/error.log.2018-09-01.gz HTTP/1.1" 200 5738 "-" "Mozilla/5.0 (compatible; AhrefsBot/7.0; +http://ahrefs.com/robot/)" 
114.119.155.228 - - [16/Jan/2021:19:14:21 -0800] "GET /self.logs/access.log.2020-01-31.gz HTTP/1.1" 200 12326 "-" "Mozilla/5.0 (Linux; Android 7.0;) AppleWebKit/537.36 (KHTML, like Gecko) Mobile Safari/537.36 (compatible; PetalBot;+https://aspiegel.com/petalbot)" 
54.36.148.18 - - [16/Jan/2021:19:14:48 -0800] "GET /self.logs/access.log.2018-12-05.gz HTTP/1.1" 200 22024 "-" "Mozilla/5.0 (compatible; AhrefsBot/7.0; +http://ahrefs.com/robot/)" 
54.36.148.18 - - [16/Jan/2021:19:16:37 -0800] "GET /self.logs/error.log.2019-02-06.gz HTTP/1.1" 200 5984 "-" "Mozilla/5.0 (compatible; AhrefsBot/7.0; +http://ahrefs.com/robot/)" 
54.36.148.18 - - [16/Jan/2021:19:18:39 -0800] "GET /self.logs/error.log.2018-06-21.gz HTTP/1.1" 200 5912 "-" "Mozilla/5.0 (compatible; AhrefsBot/7.0; +http://ahrefs.com/robot/)" 
114.119.155.228 - - [16/Jan/2021:19:19:21 -0800] "GET /self.logs/access.log.2020-09-20.gz HTTP/1.1" 200 16034 "-" "Mozilla/5.0 (Linux; Android 7.0;) AppleWebKit/537.36 (KHTML, like Gecko) Mobile Safari/537.36 (compatible; PetalBot;+https://aspiegel.com/petalbot)" 
54.36.148.18 - - [16/Jan/2021:19:20:47 -0800] "GET /self.logs/error.log.2018-02-15.gz HTTP/1.1" 200 3804 "-" "Mozilla/5.0 (compatible; AhrefsBot/7.0; +http://ahrefs.com/robot/)" 
54.36.149.62 - - [16/Jan/2021:19:22:45 -0800] "GET /self.logs/access.log.2019-08-18.gz HTTP/1.1" 200 25533 "-" "Mozilla/5.0 (compatible; AhrefsBot/7.0; +http://ahrefs.com/robot/)" 
114.119.144.30 - - [16/Jan/2021:19:24:21 -0800] "GET /self.logs/error.log.2020-07-16.gz HTTP/1.1" 200 1028 "-" "Mozilla/5.0 (Linux; Android 7.0;) AppleWebKit/537.36 (KHTML, like Gecko) Mobile Safari/537.36 (compatible; PetalBot;+https://aspiegel.com/petalbot)" 
54.36.149.65 - - [16/Jan/2021:19:24:42 -0800] "GET /self.logs/error.log.2019-11-12.gz HTTP/1.1" 200 1003 "-" "Mozilla/5.0 (compatible; AhrefsBot/7.0; +http://ahrefs.com/robot/)" 
54.36.149.62 - - [16/Jan/2021:19:26:47 -0800] "GET /self.logs/access.log.2020-01-27.gz HTTP/1.1" 200 14373 "-" "Mozilla/5.0 (compatible; AhrefsBot/7.0; +http://ahrefs.com/robot/)" 
54.36.148.23 - - [16/Jan/2021:19:28:44 -0800] "GET /self.logs/access.log.2019-04-15.gz HTTP/1.1" 200 32147 "-" "Mozilla/5.0 (compatible; AhrefsBot/7.0; +http://ahrefs.com/robot/)" 
114.119.159.40 - - [16/Jan/2021:19:29:21 -0800] "GET /self.logs/access.log.2017-06-18.gz HTTP/1.1" 200 17230 "-" "Mozilla/5.0 (Linux; Android 7.0;) AppleWebKit/537.36 (KHTML, like Gecko) Mobile Safari/537.36 (compatible; PetalBot;+https://aspiegel.com/petalbot)" 
40.77.167.13 - - [16/Jan/2021:19:30:20 -0800] "GET /self.logs/2016/access.log.2016-06-15.gz HTTP/1.1" 304 280 "-" "Mozilla/5.0 (compatible; bingbot/2.0; +http://www.bing.com/bingbot.htm)" 
54.36.149.79 - - [16/Jan/2021:19:30:34 -0800] "GET /self.logs/access.log.2020-06-23.gz HTTP/1.1" 200 14972 "-" "Mozilla/5.0 (compatible; AhrefsBot/7.0; +http://ahrefs.com/robot/)" 
54.36.148.18 - - [16/Jan/2021:19:32:30 -0800] "GET /self.logs/error.log.2018-05-12.gz HTTP/1.1" 200 4605 "-" "Mozilla/5.0 (compatible; AhrefsBot/7.0; +http://ahrefs.com/robot/)" 
114.119.129.244 - - [16/Jan/2021:19:34:21 -0800] "GET /self.logs/access.log.2018-03-04.gz HTTP/1.1" 200 26054 "-" "Mozilla/5.0 (Linux; Android 7.0;) AppleWebKit/537.36 (KHTML, like Gecko) Mobile Safari/537.36 (compatible; PetalBot;+https://aspiegel.com/petalbot)" 
54.36.148.208 - - [16/Jan/2021:19:34:23 -0800] "GET /Datasets%20Description/HTML_Bro_log_2/?C=N;O=A HTTP/1.1" 200 788 "-" "Mozilla/5.0 (compatible; AhrefsBot/7.0; +http://ahrefs.com/robot/)" 
54.36.148.18 - - [16/Jan/2021:19:36:15 -0800] "GET /self.logs/error.log.2019-10-19.gz HTTP/1.1" 200 1959 "-" "Mozilla/5.0 (compatible; AhrefsBot/7.0; +http://ahrefs.com/robot/)" 
54.36.148.18 - - [16/Jan/2021:19:38:13 -0800] "GET /self.logs/access.log.2017-11-13.gz HTTP/1.1" 200 28194 "-" "Mozilla/5.0 (compatible; AhrefsBot/7.0; +http://ahrefs.com/robot/)" 
114.119.150.248 - - [16/Jan/2021:19:39:21 -0800] "GET /self.logs/2015/access.log.2015-03-06.gz HTTP/1.1" 200 2494 "-" "Mozilla/5.0 (Linux; Android 7.0;) AppleWebKit/537.36 (KHTML, like Gecko) Mobile Safari/537.36 (compatible; PetalBot;+https://aspiegel.com/petalbot)" 
54.36.149.61 - - [16/Jan/2021:19:40:21 -0800] "GET /self.logs/access.log.2019-12-20.gz HTTP/1.1" 200 13930 "-" "Mozilla/5.0 (compatible; AhrefsBot/7.0; +http://ahrefs.com/robot/)" 
157.55.39.142 - - [16/Jan/2021:19:42:02 -0800] "GET / HTTP/1.1" 200 12883 "-" "Mozilla/5.0 (compatible; bingbot/2.0; +http://www.bing.com/bingbot.htm)" 
54.36.148.63 - - [16/Jan/2021:19:42:13 -0800] "GET /self.logs/error.log.2019-11-14.gz HTTP/1.1" 200 921 "-" "Mozilla/5.0 (compatible; AhrefsBot/7.0; +http://ahrefs.com/robot/)" 
54.36.148.13 - - [16/Jan/2021:19:44:11 -0800] "GET /self.logs/error.log.2020-10-10 HTTP/1.1" 200 307 "-" "Mozilla/5.0 (compatible; AhrefsBot/7.0; +http://ahrefs.com/robot/)" 
114.119.141.53 - - [16/Jan/2021:19:44:21 -0800] "GET /self.logs/access.log.2020-09-21.gz HTTP/1.1" 200 16555 "-" "Mozilla/5.0 (Linux; Android 7.0;) AppleWebKit/537.36 (KHTML, like Gecko) Mobile Safari/537.36 (compatible; PetalBot;+https://aspiegel.com/petalbot)" 
54.36.149.103 - - [16/Jan/2021:19:46:12 -0800] "GET /self.logs/access.log.2019-10-19.gz HTTP/1.1" 200 16408 "-" "Mozilla/5.0 (compatible; AhrefsBot/7.0; +http://ahrefs.com/robot/)" 
54.36.149.62 - - [16/Jan/2021:19:47:57 -0800] "GET /self.logs/error.log.2019-09-29.gz HTTP/1.1" 200 1398 "-" "Mozilla/5.0 (compatible; AhrefsBot/7.0; +http://ahrefs.com/robot/)" 
114.119.129.244 - - [16/Jan/2021:19:49:21 -0800] "GET /self.logs/error.log.2018-09-07.gz HTTP/1.1" 200 7073 "-" "Mozilla/5.0 (Linux; Android 7.0;) AppleWebKit/537.36 (KHTML, like Gecko) Mobile Safari/537.36 (compatible; PetalBot;+https://aspiegel.com/petalbot)" 
54.36.149.35 - - [16/Jan/2021:19:49:52 -0800] "GET /self.logs/access.log.2018-12-08.gz HTTP/1.1" 200 20381 "-" "Mozilla/5.0 (compatible; AhrefsBot/7.0; +http://ahrefs.com/robot/)" 
54.36.148.18 - - [16/Jan/2021:19:52:01 -0800] "GET /self.logs/error.log.2019-02-09.gz HTTP/1.1" 200 3049 "-" "Mozilla/5.0 (compatible; AhrefsBot/7.0; +http://ahrefs.com/robot/)" 
114.119.150.248 - - [16/Jan/2021:19:54:21 -0800] "GET /self.logs/2015/access.log.2015-04-02.gz HTTP/1.1" 200 3380 "-" "Mozilla/5.0 (Linux; Android 7.0;) AppleWebKit/537.36 (KHTML, like Gecko) Mobile Safari/537.36 (compatible; PetalBot;+https://aspiegel.com/petalbot)" 
54.36.149.62 - - [16/Jan/2021:19:55:03 -0800] "GET /self.logs/error.log.2018-02-27.gz HTTP/1.1" 200 3790 "-" "Mozilla/5.0 (compatible; AhrefsBot/7.0; +http://ahrefs.com/robot/)" 
54.36.148.18 - - [16/Jan/2021:19:57:52 -0800] "GET /self.logs/error.log.2019-11-17.gz HTTP/1.1" 200 1421 "-" "Mozilla/5.0 (compatible; AhrefsBot/7.0; +http://ahrefs.com/robot/)" 
183.198.48.17 - - [16/Jan/2021:19:59:13 -0800] "GET /favicon.ico HTTP/1.1" 200 391 "-" "Mozilla/5.0 (Windows NT 10.0; WOW64) AppleWebKit/537.36 (KHTML, like Gecko) Chrome/78.0.3904.108 Safari/537.36" 
114.119.140.84 - - [16/Jan/2021:19:59:22 -0800] "GET /self.logs/error.log.2018-05-16.gz HTTP/1.1" 200 3683 "-" "Mozilla/5.0 (Linux; Android 7.0;) AppleWebKit/537.36 (KHTML, like Gecko) Mobile Safari/537.36 (compatible; PetalBot;+https://aspiegel.com/petalbot)" 
54.36.148.18 - - [16/Jan/2021:20:00:55 -0800] "GET /self.logs/error.log.2019-10-22 HTTP/1.1" 200 307 "-" "Mozilla/5.0 (compatible; AhrefsBot/7.0; +http://ahrefs.com/robot/)" 
54.36.148.18 - - [16/Jan/2021:20:03:59 -0800] "GET /self.logs/error.log.2019-12-02.gz HTTP/1.1" 200 816 "-" "Mozilla/5.0 (compatible; AhrefsBot/7.0; +http://ahrefs.com/robot/)" 
114.119.130.95 - - [16/Jan/2021:20:04:22 -0800] "GET /self.logs/access.log.2020-10-04.gz HTTP/1.1" 200 15067 "-" "Mozilla/5.0 (Linux; Android 7.0;) AppleWebKit/537.36 (KHTML, like Gecko) Mobile Safari/537.36 (compatible; PetalBot;+https://aspiegel.com/petalbot)" 
42.236.10.79 - - [16/Jan/2021:20:05:02 -0800] "GET / HTTP/1.1" 200 12881 "http://www.secrepo.com/" "Mozilla/5.0 (Windows NT 6.1; WOW64) AppleWebKit/537.36 (KHTML, like Gecko) Chrome/50.4.2661.102 Safari/537.36; 360Spider" 
165.227.178.125 - - [16/Jan/2021:20:06:43 -0800] "GET / HTTP/1.1" 200 12881 "-" "Mozilla/5.0 (Macintosh; Intel Mac OS X 10_14_4) AppleWebKit/537.36 (KHTML, like Gecko) Chrome/73.0.3683.103 Safari/537.36" 
165.227.178.125 - - [16/Jan/2021:20:06:43 -0800] "GET /css/style.css HTTP/1.1" 404 305 "http://www.secrepo.com/" "Mozilla/5.0 (Macintosh; Intel Mac OS X 10_14_4) AppleWebKit/537.36 (KHTML, like Gecko) Chrome/73.0.3683.103 Safari/537.36" 
165.227.178.125 - - [16/Jan/2021:20:06:43 -0800] "GET /twitter-icon.png HTTP/1.1" 200 27893 "http://www.secrepo.com/" "Mozilla/5.0 (Macintosh; Intel Mac OS X 10_14_4) AppleWebKit/537.36 (KHTML, like Gecko) Chrome/73.0.3683.103 Safari/537.36" 
165.227.178.125 - - [16/Jan/2021:20:06:43 -0800] "GET /GitHub-Mark.png HTTP/1.1" 200 7556 "http://www.secrepo.com/" "Mozilla/5.0 (Macintosh; Intel Mac OS X 10_14_4) AppleWebKit/537.36 (KHTML, like Gecko) Chrome/73.0.3683.103 Safari/537.36" 
54.36.148.18 - - [16/Jan/2021:20:06:44 -0800] "GET /self.logs/access.log.2020-01-28.gz HTTP/1.1" 200 10529 "-" "Mozilla/5.0 (compatible; AhrefsBot/7.0; +http://ahrefs.com/robot/)" 
73.213.24.61 - - [16/Jan/2021:20:08:25 -0800] "GET / HTTP/1.1" 200 12881 "-" "Mozilla/5.0 (iPhone; CPU iPhone OS 14_3 like Mac OS X) AppleWebKit/605.1.15 (KHTML, like Gecko) Version/14.0.2 Mobile/15E148 Safari/604.1" 
114.119.155.228 - - [16/Jan/2021:20:09:22 -0800] "GET /self.logs/access.log.2020-05-21.gz HTTP/1.1" 200 21671 "-" "Mozilla/5.0 (Linux; Android 7.0;) AppleWebKit/537.36 (KHTML, like Gecko) Mobile Safari/537.36 (compatible; PetalBot;+https://aspiegel.com/petalbot)" 
54.36.148.18 - - [16/Jan/2021:20:09:41 -0800] "GET /self.logs/access.log.2017-11-21.gz HTTP/1.1" 200 42987 "-" "Mozilla/5.0 (compatible; AhrefsBot/7.0; +http://ahrefs.com/robot/)" 
54.36.149.62 - - [16/Jan/2021:20:12:30 -0800] "GET /self.logs/error.log.2019-12-08 HTTP/1.1" 200 307 "-" "Mozilla/5.0 (compatible; AhrefsBot/7.0; +http://ahrefs.com/robot/)" 
13.66.139.52 - - [16/Jan/2021:20:13:19 -0800] "GET /self.logs/2015/access.log.2015-08-16.gz HTTP/1.1" 200 6588 "-" "Mozilla/5.0 (compatible; bingbot/2.0; +http://www.bing.com/bingbot.htm)" 
114.119.140.84 - - [16/Jan/2021:20:14:22 -0800] "GET /self.logs/error.log.2020-04-16.gz HTTP/1.1" 200 1436 "-" "Mozilla/5.0 (Linux; Android 7.0;) AppleWebKit/537.36 (KHTML, like Gecko) Mobile Safari/537.36 (compatible; PetalBot;+https://aspiegel.com/petalbot)" 
54.36.148.62 - - [16/Jan/2021:20:14:55 -0800] "GET /self.logs/access.log.2020-07-10.gz HTTP/1.1" 200 21355 "-" "Mozilla/5.0 (compatible; AhrefsBot/7.0; +http://ahrefs.com/robot/)" 
54.36.149.62 - - [16/Jan/2021:20:17:25 -0800] "GET /self.logs/access.log.2017-12-16.gz HTTP/1.1" 200 19589 "-" "Mozilla/5.0 (compatible; AhrefsBot/7.0; +http://ahrefs.com/robot/)" 
13.66.139.92 - - [16/Jan/2021:20:19:04 -0800] "GET /self.logs/2016/error.log.2016-07-02.gz HTTP/1.1" 200 1048 "-" "Mozilla/5.0 (compatible; bingbot/2.0; +http://www.bing.com/bingbot.htm)" 
114.119.159.40 - - [16/Jan/2021:20:19:22 -0800] "GET /self.logs/error.log.2018-02-19.gz HTTP/1.1" 200 4070 "-" "Mozilla/5.0 (Linux; Android 7.0;) AppleWebKit/537.36 (KHTML, like Gecko) Mobile Safari/537.36 (compatible; PetalBot;+https://aspiegel.com/petalbot)" 
54.36.148.18 - - [16/Jan/2021:20:19:53 -0800] "GET /self.logs/error.log.2018-03-01.gz HTTP/1.1" 200 3716 "-" "Mozilla/5.0 (compatible; AhrefsBot/7.0; +http://ahrefs.com/robot/)" 
54.36.149.62 - - [16/Jan/2021:20:22:23 -0800] "GET /self.logs/error.log.2019-02-16.gz HTTP/1.1" 200 3572 "-" "Mozilla/5.0 (compatible; AhrefsBot/7.0; +http://ahrefs.com/robot/)" 
114.119.159.101 - - [16/Jan/2021:20:24:23 -0800] "GET /self.logs/access.log.2017-12-17.gz HTTP/1.1" 200 21350 "-" "Mozilla/5.0 (Linux; Android 7.0;) AppleWebKit/537.36 (KHTML, like Gecko) Mobile Safari/537.36 (compatible; PetalBot;+https://aspiegel.com/petalbot)" 
54.36.149.62 - - [16/Jan/2021:20:24:56 -0800] "GET /self.logs/access.log.2017-03-18.gz HTTP/1.1" 200 10539 "-" "Mozilla/5.0 (compatible; AhrefsBot/7.0; +http://ahrefs.com/robot/)" 
54.36.149.3 - - [16/Jan/2021:20:27:17 -0800] "GET /self.logs/error.log.2018-03-10.gz HTTP/1.1" 200 6496 "-" "Mozilla/5.0 (compatible; AhrefsBot/7.0; +http://ahrefs.com/robot/)" 
114.119.159.101 - - [16/Jan/2021:20:29:22 -0800] "GET /self.logs/error.log.2017-05-22.gz HTTP/1.1" 200 996 "-" "Mozilla/5.0 (Linux; Android 7.0;) AppleWebKit/537.36 (KHTML, like Gecko) Mobile Safari/537.36 (compatible; PetalBot;+https://aspiegel.com/petalbot)" 
54.36.148.252 - - [16/Jan/2021:20:29:46 -0800] "GET /self.logs/access.log.2017-12-25.gz HTTP/1.1" 200 17583 "-" "Mozilla/5.0 (compatible; AhrefsBot/7.0; +http://ahrefs.com/robot/)" 
54.36.148.21 - - [16/Jan/2021:20:32:19 -0800] "GET /self.logs/access.log.2017-01-21.gz HTTP/1.1" 200 19600 "-" "Mozilla/5.0 (compatible; AhrefsBot/7.0; +http://ahrefs.com/robot/)" 
114.119.159.40 - - [16/Jan/2021:20:34:22 -0800] "GET /self.logs/2015/error.log.2015-08-27.gz HTTP/1.1" 200 1015 "-" "Mozilla/5.0 (Linux; Android 7.0;) AppleWebKit/537.36 (KHTML, like Gecko) Mobile Safari/537.36 (compatible; PetalBot;+https://aspiegel.com/petalbot)" 
85.208.96.65 - - [16/Jan/2021:20:34:26 -0800] "GET /robots.txt HTTP/1.1" 301 439 "-" "Mozilla/5.0 (compatible; SemrushBot-BM/1.0; +http://www.semrush.com/bot.html)" 
85.208.96.65 - - [16/Jan/2021:20:34:29 -0800] "GET /robots.txt HTTP/1.1" 200 333 "-" "Mozilla/5.0 (compatible; SemrushBot-BM/1.0; +http://www.semrush.com/bot.html)" 
54.36.148.18 - - [16/Jan/2021:20:34:44 -0800] "GET /self.logs/error.log.2018-03-21.gz HTTP/1.1" 200 3642 "-" "Mozilla/5.0 (compatible; AhrefsBot/7.0; +http://ahrefs.com/robot/)" 
54.36.149.62 - - [16/Jan/2021:20:37:09 -0800] "GET /self.logs/access.log.2018-12-10.gz HTTP/1.1" 200 24917 "-" "Mozilla/5.0 (compatible; AhrefsBot/7.0; +http://ahrefs.com/robot/)" 
