4.188.234.161 - - [30/Nov/2022:02:21:09 -0800] "GET / HTTP/1.1" 200 13185 "http://www.secrepo.com" "Mozilla/5.0 (Windows NT 10.0; WOW64) AppleWebKit/537.36 (KHTML, like Gecko) Chrome/86.0.4240.198 Safari/537.36" 
157.55.39.209 - - [30/Nov/2022:02:21:34 -0800] "GET /self.logs/access.log.2021-12-15.gz HTTP/1.1" 200 85422 "-" "Mozilla/5.0 AppleWebKit/537.36 (KHTML, like Gecko; compatible; bingbot/2.0; +http://www.bing.com/bingbot.htm) Chrome/103.0.5060.134 Safari/537.36" 
40.77.167.44 - - [30/Nov/2022:02:23:58 -0800] "GET /self.logs/2016/error.log.2016-10-05.gz HTTP/1.1" 200 647 "-" "Mozilla/5.0 AppleWebKit/537.36 (KHTML, like Gecko; compatible; bingbot/2.0; +http://www.bing.com/bingbot.htm) Chrome/103.0.5060.134 Safari/537.36" 
157.55.39.209 - - [30/Nov/2022:02:26:14 -0800] "GET /self.logs/error.log.2017-12-19.gz HTTP/1.1" 200 1901 "-" "Mozilla/5.0 AppleWebKit/537.36 (KHTML, like Gecko; compatible; bingbot/2.0; +http://www.bing.com/bingbot.htm) Chrome/103.0.5060.134 Safari/537.36" 
114.119.139.247 - - [30/Nov/2022:02:27:39 -0800] "GET /self.logs/access.log.2017-04-02.gz HTTP/1.1" 200 22240 "-" "Mozilla/5.0 (compatible;PetalBot;+https://webmaster.petalsearch.com/site/petalbot)" 
40.77.167.74 - - [30/Nov/2022:02:28:17 -0800] "GET /self.logs/error.log.2020-06-05 HTTP/1.1" 200 351 "-" "Mozilla/5.0 (compatible; bingbot/2.0; +http://www.bing.com/bingbot.htm)" 
40.77.167.74 - - [30/Nov/2022:02:28:36 -0800] "GET /self.logs/2016/error.log.2016-07-08.gz HTTP/1.1" 200 778 "-" "Mozilla/5.0 (compatible; bingbot/2.0; +http://www.bing.com/bingbot.htm)" 
157.55.39.209 - - [30/Nov/2022:02:29:34 -0800] "GET /self.logs/2016/access.log.2016-03-20.gz HTTP/1.1" 200 6901 "-" "Mozilla/5.0 (compatible; bingbot/2.0; +http://www.bing.com/bingbot.htm)" 
64.124.8.25 - - [30/Nov/2022:02:32:17 -0800] "GET /robots.txt HTTP/1.1" 200 377 "-" "Mozilla/5.0 (X11; Linux x86_64) AppleWebKit/537.36 (KHTML, like Gecko) Chrome/61.0.3163.79 Safari/537.36" 
64.124.8.25 - - [30/Nov/2022:02:32:17 -0800] "GET /Datasets%20Description/HTML_Bro_log_1 HTTP/1.1" 301 618 "-" "Mozilla/5.0 (X11; Linux x86_64) AppleWebKit/537.36 (KHTML, like Gecko) Chrome/61.0.3163.79 Safari/537.36" 
64.124.8.25 - - [30/Nov/2022:02:32:17 -0800] "GET /Datasets%20Description/HTML_Bro_log_1/ HTTP/1.1" 200 811 "-" "Mozilla/5.0 (X11; Linux x86_64) AppleWebKit/537.36 (KHTML, like Gecko) Chrome/61.0.3163.79 Safari/537.36" 
40.77.167.63 - - [30/Nov/2022:02:33:22 -0800] "GET /self.logs/access.log.2020-11-01.gz HTTP/1.1" 200 16205 "-" "Mozilla/5.0 AppleWebKit/537.36 (KHTML, like Gecko; compatible; bingbot/2.0; +http://www.bing.com/bingbot.htm) Chrome/103.0.5060.134 Safari/537.36" 
65.108.79.209 - - [30/Nov/2022:02:34:11 -0800] "GET /self.logs/?C=N;O=D HTTP/1.1" 200 40969 "http://www.secrepo.com/self.logs/" "Mozilla/5.0 (compatible; SEOkicks; +https://www.seokicks.de/robot.html)" 
65.108.79.209 - - [30/Nov/2022:02:34:20 -0800] "GET /self.logs/?C=M;O=A HTTP/1.1" 200 41457 "http://www.secrepo.com/self.logs/" "Mozilla/5.0 (compatible; SEOkicks; +https://www.seokicks.de/robot.html)" 
65.108.79.209 - - [30/Nov/2022:02:34:29 -0800] "GET /self.logs/?C=S;O=A HTTP/1.1" 200 47719 "http://www.secrepo.com/self.logs/" "Mozilla/5.0 (compatible; SEOkicks; +https://www.seokicks.de/robot.html)" 
65.108.79.209 - - [30/Nov/2022:02:34:39 -0800] "GET /self.logs/?C=D;O=A HTTP/1.1" 200 39875 "http://www.secrepo.com/self.logs/" "Mozilla/5.0 (compatible; SEOkicks; +https://www.seokicks.de/robot.html)" 
65.108.79.209 - - [30/Nov/2022:02:34:48 -0800] "GET /self.logs/2015/ HTTP/1.1" 200 7584 "http://www.secrepo.com/self.logs/" "Mozilla/5.0 (compatible; SEOkicks; +https://www.seokicks.de/robot.html)" 
65.108.79.209 - - [30/Nov/2022:02:34:55 -0800] "GET /self.logs/2016/ HTTP/1.1" 200 7823 "http://www.secrepo.com/self.logs/" "Mozilla/5.0 (compatible; SEOkicks; +https://www.seokicks.de/robot.html)" 
65.108.79.209 - - [30/Nov/2022:02:35:02 -0800] "GET /self.logs/access.log.2019-07-15 HTTP/1.1" 200 78840 "http://www.secrepo.com/self.logs/" "Mozilla/5.0 (compatible; SEOkicks; +https://www.seokicks.de/robot.html)" 
65.108.79.209 - - [30/Nov/2022:02:35:03 -0800] "GET /self.logs/access.log.2021-10-28 HTTP/1.1" 200 314 "http://www.secrepo.com/self.logs/" "Mozilla/5.0 (compatible; SEOkicks; +https://www.seokicks.de/robot.html)" 
65.108.79.209 - - [30/Nov/2022:02:35:05 -0800] "GET /self.logs/error.log.2019-07-15 HTTP/1.1" 200 23147 "http://www.secrepo.com/self.logs/" "Mozilla/5.0 (compatible; SEOkicks; +https://www.seokicks.de/robot.html)" 
65.108.79.209 - - [30/Nov/2022:02:35:06 -0800] "GET /self.logs/error.log.2019-08-08 HTTP/1.1" 200 1312 "http://www.secrepo.com/self.logs/" "Mozilla/5.0 (compatible; SEOkicks; +https://www.seokicks.de/robot.html)" 
65.108.79.209 - - [30/Nov/2022:02:35:07 -0800] "GET /self.logs/error.log.2019-08-09 HTTP/1.1" 200 314 "http://www.secrepo.com/self.logs/" "Mozilla/5.0 (compatible; SEOkicks; +https://www.seokicks.de/robot.html)" 
40.77.167.69 - - [30/Nov/2022:02:35:19 -0800] "GET /self.logs/error.log.2020-05-19 HTTP/1.1" 200 351 "-" "Mozilla/5.0 (compatible; bingbot/2.0; +http://www.bing.com/bingbot.htm)" 
64.124.8.25 - - [30/Nov/2022:02:35:58 -0800] "GET /Datasets%20Description/HTML_Bro_log_3/app_stats.html HTTP/1.1" 304 276 "-" "Mozilla/5.0 (X11; Linux x86_64) AppleWebKit/537.36 (KHTML, like Gecko) Chrome/61.0.3163.79 Safari/537.36" 
137.193.9.18 - - [30/Nov/2022:02:37:24 -0800] "GET /twitter-icon.png HTTP/1.1" 200 27916 "-" "Mozilla/5.0 (Windows NT 10.0; Win64; x64; rv:107.0) Gecko/20100101 Firefox/107.0" 
137.193.9.18 - - [30/Nov/2022:02:37:24 -0800] "GET /GitHub-Mark.png HTTP/1.1" 200 7556 "-" "Mozilla/5.0 (Windows NT 10.0; Win64; x64; rv:107.0) Gecko/20100101 Firefox/107.0" 
40.77.167.74 - - [30/Nov/2022:02:40:28 -0800] "GET /Datasets%20Description/dns.html HTTP/1.1" 404 328 "-" "Mozilla/5.0 (compatible; bingbot/2.0; +http://www.bing.com/bingbot.htm)" 
64.124.8.25 - - [30/Nov/2022:02:44:18 -0800] "GET /Datasets%20Description/HTML_Bro_log_1/dpd.html HTTP/1.1" 304 276 "-" "Mozilla/5.0 (X11; Linux x86_64) AppleWebKit/537.36 (KHTML, like Gecko) Chrome/61.0.3163.79 Safari/537.36" 
3.93.182.57 - - [30/Nov/2022:02:48:43 -0800] "GET / HTTP/1.1" 200 13185 "-" "Iframely/1.3.1 (+https://iframely.com/docs/about)" 
147.83.201.102 - - [30/Nov/2022:02:48:44 -0800] "GET /bootstrap/img/favicon.ico HTTP/1.1" 200 713 "-" "Mozilla/5.0 (X11; Ubuntu; Linux x86_64; rv:107.0) Gecko/20100101 Firefox/107.0" 
64.124.8.25 - - [30/Nov/2022:02:50:18 -0800] "GET /self.logs/error.log.2020-06-20 HTTP/1.1" 304 261 "-" "Mozilla/5.0 (X11; Linux x86_64) AppleWebKit/537.36 (KHTML, like Gecko) Chrome/61.0.3163.79 Safari/537.36" 
40.77.167.74 - - [30/Nov/2022:02:50:19 -0800] "GET /self.logs/access.log.2021-11-22.gz HTTP/1.1" 200 24075 "-" "Mozilla/5.0 (compatible; bingbot/2.0; +http://www.bing.com/bingbot.htm)" 
20.53.239.83 - - [30/Nov/2022:02:55:31 -0800] "GET / HTTP/1.1" 200 13185 "http://www.secrepo.com" "Mozilla/5.0 (Windows NT 10.0; WOW64) AppleWebKit/537.36 (KHTML, like Gecko) Chrome/86.0.4240.198 Safari/537.36" 
40.77.167.69 - - [30/Nov/2022:02:57:01 -0800] "GET /self.logs/access.log.2017-12-01.gz HTTP/1.1" 200 21963 "-" "Mozilla/5.0 (compatible; bingbot/2.0; +http://www.bing.com/bingbot.htm)" 
40.77.167.74 - - [30/Nov/2022:02:57:39 -0800] "GET /self.logs/access.log.2020-01-15.gz HTTP/1.1" 200 19140 "-" "Mozilla/5.0 (compatible; bingbot/2.0; +http://www.bing.com/bingbot.htm)" 
40.77.167.74 - - [30/Nov/2022:02:58:40 -0800] "GET /self.logs/error.log.2020-05-10 HTTP/1.1" 200 351 "-" "Mozilla/5.0 (compatible; bingbot/2.0; +http://www.bing.com/bingbot.htm)" 
157.55.39.209 - - [30/Nov/2022:02:59:27 -0800] "GET /self.logs/ HTTP/1.1" 200 39912 "-" "Mozilla/5.0 AppleWebKit/537.36 (KHTML, like Gecko; compatible; bingbot/2.0; +http://www.bing.com/bingbot.htm) Chrome/103.0.5060.134 Safari/537.36" 
40.77.167.44 - - [30/Nov/2022:03:03:41 -0800] "GET /self.logs/2016/error.log.2016-09-12.gz HTTP/1.1" 200 1000 "-" "Mozilla/5.0 AppleWebKit/537.36 (KHTML, like Gecko; compatible; bingbot/2.0; +http://www.bing.com/bingbot.htm) Chrome/103.0.5060.134 Safari/537.36" 
64.124.8.25 - - [30/Nov/2022:03:03:58 -0800] "GET /self.logs/error.log.2020-12-10 HTTP/1.1" 200 351 "-" "Mozilla/5.0 (X11; Linux x86_64) AppleWebKit/537.36 (KHTML, like Gecko) Chrome/61.0.3163.79 Safari/537.36" 
157.55.39.49 - - [30/Nov/2022:03:04:33 -0800] "GET /self.logs/access.log.2020-02-25.gz HTTP/1.1" 200 13564 "-" "Mozilla/5.0 AppleWebKit/537.36 (KHTML, like Gecko; compatible; bingbot/2.0; +http://www.bing.com/bingbot.htm) Chrome/103.0.5060.134 Safari/537.36" 
157.55.39.49 - - [30/Nov/2022:03:05:11 -0800] "GET /self.logs/access.log.2021-08-23.gz HTTP/1.1" 200 15093 "-" "Mozilla/5.0 AppleWebKit/537.36 (KHTML, like Gecko; compatible; bingbot/2.0; +http://www.bing.com/bingbot.htm) Chrome/103.0.5060.134 Safari/537.36" 
54.36.149.13 - - [30/Nov/2022:03:06:10 -0800] "GET /robots.txt HTTP/1.1" 200 333 "-" "Mozilla/5.0 (compatible; AhrefsBot/7.0; +http://ahrefs.com/robot/)" 
157.55.39.49 - - [30/Nov/2022:03:07:53 -0800] "GET /self.logs/2016/access.log.2016-12-26.gz HTTP/1.1" 200 8941 "-" "Mozilla/5.0 AppleWebKit/537.36 (KHTML, like Gecko; compatible; bingbot/2.0; +http://www.bing.com/bingbot.htm) Chrome/103.0.5060.134 Safari/537.36" 
114.119.166.88 - - [30/Nov/2022:03:08:30 -0800] "GET /self.logs/error.log.2019-09-18.gz HTTP/1.1" 200 3165 "-" "Mozilla/5.0 (compatible;PetalBot;+https://webmaster.petalsearch.com/site/petalbot)" 
114.119.153.154 - - [30/Nov/2022:03:10:18 -0800] "GET /self.logs/error.log.2018-08-20.gz HTTP/1.1" 200 6914 "-" "Mozilla/5.0 (compatible;PetalBot;+https://webmaster.petalsearch.com/site/petalbot)" 
114.119.152.230 - - [30/Nov/2022:03:12:00 -0800] "GET /self.logs/access.log.2019-08-28.gz HTTP/1.1" 200 23087 "-" "Mozilla/5.0 (compatible;PetalBot;+https://webmaster.petalsearch.com/site/petalbot)" 
40.77.167.44 - - [30/Nov/2022:03:12:01 -0800] "GET /self.logs/access.log.2020-07-12.gz HTTP/1.1" 200 12366 "-" "Mozilla/5.0 (compatible; bingbot/2.0; +http://www.bing.com/bingbot.htm)" 
114.119.153.113 - - [30/Nov/2022:03:13:48 -0800] "GET /self.logs/access.log.2019-06-26.gz HTTP/1.1" 200 35072 "-" "Mozilla/5.0 (compatible;PetalBot;+https://webmaster.petalsearch.com/site/petalbot)" 
40.77.167.44 - - [30/Nov/2022:03:16:02 -0800] "GET /self.logs/error.log.2020-07-05 HTTP/1.1" 200 351 "-" "Mozilla/5.0 AppleWebKit/537.36 (KHTML, like Gecko; compatible; bingbot/2.0; +http://www.bing.com/bingbot.htm) Chrome/103.0.5060.134 Safari/537.36" 
40.77.167.44 - - [30/Nov/2022:03:16:33 -0800] "GET /self.logs/access.log.2021-01-20.gz HTTP/1.1" 200 19614 "-" "Mozilla/5.0 (compatible; bingbot/2.0; +http://www.bing.com/bingbot.htm)" 
40.77.167.63 - - [30/Nov/2022:03:18:37 -0800] "GET /self.logs/access.log.2022-07-08.gz HTTP/1.1" 200 20940 "-" "Mozilla/5.0 AppleWebKit/537.36 (KHTML, like Gecko; compatible; bingbot/2.0; +http://www.bing.com/bingbot.htm) Chrome/103.0.5060.134 Safari/537.36" 
114.119.139.66 - - [30/Nov/2022:03:19:16 -0800] "GET /self.logs/error.log.2018-03-28.gz HTTP/1.1" 200 6786 "-" "Mozilla/5.0 (compatible;PetalBot;+https://webmaster.petalsearch.com/site/petalbot)" 
114.119.137.180 - - [30/Nov/2022:03:22:58 -0800] "GET /self.logs/error.log.2020-08-28 HTTP/1.1" 200 351 "http://www.secrepo.com/self.logs?C=N%3BO%3DD" "Mozilla/5.0 (Linux; Android 7.0;) AppleWebKit/537.36 (KHTML, like Gecko) Mobile Safari/537.36 (compatible; PetalBot;+https://webmaster.petalsearch.com/site/petalbot)" 
114.119.128.35 - - [30/Nov/2022:03:24:34 -0800] "GET /self.logs/error.log.2020-02-22 HTTP/1.1" 200 351 "http://www.secrepo.com/self.logs?C=N%3BO%3DD" "Mozilla/5.0 (Linux; Android 7.0;) AppleWebKit/537.36 (KHTML, like Gecko) Mobile Safari/537.36 (compatible; PetalBot;+https://webmaster.petalsearch.com/site/petalbot)" 
114.119.151.208 - - [30/Nov/2022:03:26:01 -0800] "GET /self.logs/error.log.2020-02-09 HTTP/1.1" 200 351 "http://www.secrepo.com/self.logs?C=N%3BO%3DD" "Mozilla/5.0 (Linux; Android 7.0;) AppleWebKit/537.36 (KHTML, like Gecko) Mobile Safari/537.36 (compatible; PetalBot;+https://webmaster.petalsearch.com/site/petalbot)" 
40.77.167.44 - - [30/Nov/2022:03:30:53 -0800] "GET /self.logs/error.log.2020-03-06 HTTP/1.1" 200 351 "-" "Mozilla/5.0 AppleWebKit/537.36 (KHTML, like Gecko; compatible; bingbot/2.0; +http://www.bing.com/bingbot.htm) Chrome/103.0.5060.134 Safari/537.36" 
157.55.39.49 - - [30/Nov/2022:03:32:04 -0800] "GET /self.logs/error.log.2020-04-19 HTTP/1.1" 200 351 "-" "Mozilla/5.0 (compatible; bingbot/2.0; +http://www.bing.com/bingbot.htm)" 
157.55.39.209 - - [30/Nov/2022:03:34:10 -0800] "GET /self.logs/access.log.2021-09-11.gz HTTP/1.1" 200 15358 "-" "Mozilla/5.0 (compatible; bingbot/2.0; +http://www.bing.com/bingbot.htm)" 
66.249.70.175 - - [30/Nov/2022:03:37:35 -0800] "GET /Datasets%20Description/HTML_Bro_log_1 HTTP/1.1" 301 619 "-" "Mozilla/5.0 (Linux; Android 6.0.1; Nexus 5X Build/MMB29P) AppleWebKit/537.36 (KHTML, like Gecko) Chrome/107.0.5304.110 Mobile Safari/537.36 (compatible; Googlebot/2.1; +http://www.google.com/bot.html)" 
66.249.70.179 - - [30/Nov/2022:03:37:36 -0800] "GET /Datasets%20Description/HTML_Bro_log_1/ HTTP/1.1" 200 834 "-" "Mozilla/5.0 (Linux; Android 6.0.1; Nexus 5X Build/MMB29P) AppleWebKit/537.36 (KHTML, like Gecko) Chrome/107.0.5304.110 Mobile Safari/537.36 (compatible; Googlebot/2.1; +http://www.google.com/bot.html)" 
115.150.210.73 - - [30/Nov/2022:03:38:17 -0800] "GET / HTTP/1.1" 301 475 "-" "Mozilla/5.0 (Linux; Android 4.4.2; Nexus 4 Build/KOT49H) AppleWebKit/537.36 (KHTML, like Gecko) Chrome/34.0.1847.114 Mobile Safari/537.36" 
115.150.211.189 - - [30/Nov/2022:03:38:18 -0800] "GET / HTTP/1.1" 200 49133 "-" "Mozilla/5.0 (Linux; Android 4.4.2; Nexus 4 Build/KOT49H) AppleWebKit/537.36 (KHTML, like Gecko) Chrome/34.0.1847.114 Mobile Safari/537.36" 
157.55.39.49 - - [30/Nov/2022:03:41:35 -0800] "GET /self.logs/access.log.2022-06-24.gz HTTP/1.1" 200 11188 "-" "Mozilla/5.0 (compatible; bingbot/2.0; +http://www.bing.com/bingbot.htm)" 
40.77.167.63 - - [30/Nov/2022:03:41:39 -0800] "GET /self.logs/2016/error.log.2016-05-26.gz HTTP/1.1" 200 871 "-" "Mozilla/5.0 (compatible; bingbot/2.0; +http://www.bing.com/bingbot.htm)" 
157.55.39.49 - - [30/Nov/2022:03:47:16 -0800] "GET /self.logs/error.log.2020-06-18 HTTP/1.1" 200 351 "-" "Mozilla/5.0 AppleWebKit/537.36 (KHTML, like Gecko; compatible; bingbot/2.0; +http://www.bing.com/bingbot.htm) Chrome/103.0.5060.134 Safari/537.36" 
65.108.79.209 - - [30/Nov/2022:03:48:24 -0800] "GET /self.logs/error.log.2019-09-13 HTTP/1.1" 200 3721 "http://www.secrepo.com/self.logs/" "Mozilla/5.0 (compatible; SEOkicks; +https://www.seokicks.de/robot.html)" 
157.55.39.209 - - [30/Nov/2022:03:49:33 -0800] "GET /self.logs/ HTTP/1.1" 200 39912 "-" "Mozilla/5.0 AppleWebKit/537.36 (KHTML, like Gecko; compatible; bingbot/2.0; +http://www.bing.com/bingbot.htm) Chrome/103.0.5060.134 Safari/537.36" 
40.77.167.63 - - [30/Nov/2022:03:49:40 -0800] "GET /self.logs/error.log.2021-08-09.gz HTTP/1.1" 200 1327 "-" "Mozilla/5.0 AppleWebKit/537.36 (KHTML, like Gecko; compatible; bingbot/2.0; +http://www.bing.com/bingbot.htm) Chrome/103.0.5060.134 Safari/537.36" 
40.77.167.44 - - [30/Nov/2022:03:49:46 -0800] "GET /self.logs/2016/error.log.2016-04-02.gz HTTP/1.1" 200 723 "-" "Mozilla/5.0 (compatible; bingbot/2.0; +http://www.bing.com/bingbot.htm)" 
114.119.150.62 - - [30/Nov/2022:03:50:17 -0800] "GET /self.logs/error.log.2017-04-19.gz HTTP/1.1" 200 1022 "-" "Mozilla/5.0 (compatible;PetalBot;+https://webmaster.petalsearch.com/site/petalbot)" 
40.77.167.63 - - [30/Nov/2022:03:51:00 -0800] "GET /self.logs/access.log.2019-07-04.gz HTTP/1.1" 200 26725 "-" "Mozilla/5.0 (compatible; bingbot/2.0; +http://www.bing.com/bingbot.htm)" 
40.77.167.74 - - [30/Nov/2022:03:51:14 -0800] "GET /self.logs/error.log.2021-03-05 HTTP/1.1" 200 351 "-" "Mozilla/5.0 AppleWebKit/537.36 (KHTML, like Gecko; compatible; bingbot/2.0; +http://www.bing.com/bingbot.htm) Chrome/103.0.5060.134 Safari/537.36" 
114.119.163.186 - - [30/Nov/2022:03:51:26 -0800] "GET /self.logs/2015/error.log.2015-08-05.gz HTTP/1.1" 200 1118 "-" "Mozilla/5.0 (compatible;PetalBot;+https://webmaster.petalsearch.com/site/petalbot)" 
40.77.167.44 - - [30/Nov/2022:03:55:25 -0800] "GET /self.logs/access.log.2020-12-03.gz HTTP/1.1" 200 13711 "-" "Mozilla/5.0 AppleWebKit/537.36 (KHTML, like Gecko; compatible; bingbot/2.0; +http://www.bing.com/bingbot.htm) Chrome/103.0.5060.134 Safari/537.36" 
58.17.9.36 - - [30/Nov/2022:04:00:02 -0800] "GET / HTTP/1.1" 301 475 "-" "Mozilla/5.0 (Windows NT 10.0; WOW64) AppleWebKit/537.36 (KHTML, like Gecko) Chrome/103.0.0.0 Safari/537.36" 
58.17.9.36 - - [30/Nov/2022:04:00:07 -0800] "GET / HTTP/1.1" 200 13185 "-" "Mozilla/5.0 (Windows NT 10.0; WOW64) AppleWebKit/537.36 (KHTML, like Gecko) Chrome/103.0.0.0 Safari/537.36" 
58.17.9.36 - - [30/Nov/2022:04:00:07 -0800] "GET /css/style.css HTTP/1.1" 404 328 "http://www.secrepo.com/" "Mozilla/5.0 (Windows NT 10.0; WOW64) AppleWebKit/537.36 (KHTML, like Gecko) Chrome/103.0.0.0 Safari/537.36" 
58.17.9.36 - - [30/Nov/2022:04:00:09 -0800] "GET /GitHub-Mark.png HTTP/1.1" 200 7533 "http://www.secrepo.com/" "Mozilla/5.0 (Windows NT 10.0; WOW64) AppleWebKit/537.36 (KHTML, like Gecko) Chrome/103.0.0.0 Safari/537.36" 
58.17.9.36 - - [30/Nov/2022:04:00:09 -0800] "GET /twitter-icon.png HTTP/1.1" 200 27893 "http://www.secrepo.com/" "Mozilla/5.0 (Windows NT 10.0; WOW64) AppleWebKit/537.36 (KHTML, like Gecko) Chrome/103.0.0.0 Safari/537.36" 
58.17.9.36 - - [30/Nov/2022:04:00:16 -0800] "GET /css/style.css HTTP/1.1" 404 328 "http://www.secrepo.com/" "Mozilla/5.0 (Windows NT 10.0; WOW64) AppleWebKit/537.36 (KHTML, like Gecko) Chrome/103.0.0.0 Safari/537.36" 
58.17.9.36 - - [30/Nov/2022:04:00:46 -0800] "GET /bootstrap/img/favicon.ico HTTP/1.1" 200 713 "http://www.secrepo.com/" "Mozilla/5.0 (Windows NT 10.0; WOW64) AppleWebKit/537.36 (KHTML, like Gecko) Chrome/103.0.0.0 Safari/537.36" 
40.77.167.69 - - [30/Nov/2022:04:01:18 -0800] "GET /self.logs/access.log.2022-03-05.gz HTTP/1.1" 200 11654 "-" "Mozilla/5.0 (compatible; bingbot/2.0; +http://www.bing.com/bingbot.htm)" 
40.77.167.69 - - [30/Nov/2022:04:08:18 -0800] "GET /self.logs/error.log.2018-02-09.gz HTTP/1.1" 200 4214 "-" "Mozilla/5.0 (compatible; bingbot/2.0; +http://www.bing.com/bingbot.htm)" 
40.77.167.74 - - [30/Nov/2022:04:10:27 -0800] "GET /self.logs/access.log.2018-10-06.gz HTTP/1.1" 200 16982 "-" "Mozilla/5.0 (compatible; bingbot/2.0; +http://www.bing.com/bingbot.htm)" 
40.77.167.44 - - [30/Nov/2022:04:15:48 -0800] "GET /self.logs/access.log.2019-10-29.gz HTTP/1.1" 200 26294 "-" "Mozilla/5.0 AppleWebKit/537.36 (KHTML, like Gecko; compatible; bingbot/2.0; +http://www.bing.com/bingbot.htm) Chrome/103.0.5060.134 Safari/537.36" 
40.77.167.74 - - [30/Nov/2022:04:16:07 -0800] "GET /self.logs/error.log.2020-11-11 HTTP/1.1" 200 351 "-" "Mozilla/5.0 (compatible; bingbot/2.0; +http://www.bing.com/bingbot.htm)" 
157.55.39.49 - - [30/Nov/2022:04:18:00 -0800] "GET /self.logs/error.log.2020-08-26.gz HTTP/1.1" 200 1352 "-" "Mozilla/5.0 AppleWebKit/537.36 (KHTML, like Gecko; compatible; bingbot/2.0; +http://www.bing.com/bingbot.htm) Chrome/103.0.5060.134 Safari/537.36" 
40.77.167.44 - - [30/Nov/2022:04:18:47 -0800] "GET /self.logs/error.log.2021-01-11.gz HTTP/1.1" 200 977 "-" "Mozilla/5.0 (compatible; bingbot/2.0; +http://www.bing.com/bingbot.htm)" 
40.77.167.63 - - [30/Nov/2022:04:19:21 -0800] "GET /self.logs/access.log.2021-01-31.gz HTTP/1.1" 200 30103 "-" "Mozilla/5.0 (compatible; bingbot/2.0; +http://www.bing.com/bingbot.htm)" 
114.119.154.200 - - [30/Nov/2022:04:21:00 -0800] "GET /self.logs/error.log.2019-05-10.gz HTTP/1.1" 200 6635 "-" "Mozilla/5.0 (compatible;PetalBot;+https://webmaster.petalsearch.com/site/petalbot)" 
157.55.39.49 - - [30/Nov/2022:04:21:59 -0800] "GET /self.logs/access.log.2021-12-29.gz HTTP/1.1" 200 25796 "-" "Mozilla/5.0 (compatible; bingbot/2.0; +http://www.bing.com/bingbot.htm)" 
114.119.141.173 - - [30/Nov/2022:04:22:31 -0800] "GET /self.logs/error.log.2019-02-27.gz HTTP/1.1" 200 5681 "-" "Mozilla/5.0 (compatible;PetalBot;+https://webmaster.petalsearch.com/site/petalbot)" 
157.55.39.209 - - [30/Nov/2022:04:22:45 -0800] "GET /self.logs/access.log.2022-05-16.gz HTTP/1.1" 200 11836 "-" "Mozilla/5.0 (compatible; bingbot/2.0; +http://www.bing.com/bingbot.htm)" 
157.55.39.209 - - [30/Nov/2022:04:22:45 -0800] "GET /self.logs/access.log.2021-11-19.gz HTTP/1.1" 200 17151 "-" "Mozilla/5.0 (compatible; bingbot/2.0; +http://www.bing.com/bingbot.htm)" 
114.119.156.172 - - [30/Nov/2022:04:23:52 -0800] "GET /self.logs/error.log.2017-09-17.gz HTTP/1.1" 200 2011 "-" "Mozilla/5.0 (compatible;PetalBot;+https://webmaster.petalsearch.com/site/petalbot)" 
211.149.215.161 - - [30/Nov/2022:04:26:31 -0800] "GET /editor/themes/default/default.css HTTP/1.1" 404 328 "http://www.secrepo.com/editor/themes/default/default.css" "Mozilla/5.0 (compatible; MSIE 9.0; Windows NT 6.1; Win64; x64; Trident/5.0)" 
157.55.39.209 - - [30/Nov/2022:04:32:16 -0800] "GET /self.logs/ HTTP/1.1" 200 39912 "-" "Mozilla/5.0 AppleWebKit/537.36 (KHTML, like Gecko; compatible; bingbot/2.0; +http://www.bing.com/bingbot.htm) Chrome/103.0.5060.134 Safari/537.36" 
222.186.180.134 - - [30/Nov/2022:04:34:35 -0800] "GET /data/admin/allowurl.txt HTTP/1.1" 404 328 "-" "Mozilla/5.0 (Windows NT 10.0; WOW64; rv:48.0) Gecko/20100101 Firefox/48.0" 
40.77.167.44 - - [30/Nov/2022:04:35:09 -0800] "GET /self.logs/access.log.2017-10-04.gz HTTP/1.1" 200 34195 "-" "Mozilla/5.0 (compatible; bingbot/2.0; +http://www.bing.com/bingbot.htm)" 
40.77.167.63 - - [30/Nov/2022:04:37:44 -0800] "GET /self.logs/access.log.2020-08-11.gz HTTP/1.1" 200 11401 "-" "Mozilla/5.0 AppleWebKit/537.36 (KHTML, like Gecko; compatible; bingbot/2.0; +http://www.bing.com/bingbot.htm) Chrome/103.0.5060.134 Safari/537.36" 
40.77.167.63 - - [30/Nov/2022:04:37:44 -0800] "GET /self.logs/2016/error.log.2016-03-04.gz HTTP/1.1" 200 1020 "-" "Mozilla/5.0 AppleWebKit/537.36 (KHTML, like Gecko; compatible; bingbot/2.0; +http://www.bing.com/bingbot.htm) Chrome/103.0.5060.134 Safari/537.36" 
40.77.167.69 - - [30/Nov/2022:04:37:52 -0800] "GET /self.logs/2016/error.log.2016-02-20.gz HTTP/1.1" 200 628 "-" "Mozilla/5.0 (compatible; bingbot/2.0; +http://www.bing.com/bingbot.htm)" 
157.55.39.49 - - [30/Nov/2022:04:44:01 -0800] "GET /honeypot/BSidesDFW%20-%202014.ipynb HTTP/1.1" 304 265 "-" "Mozilla/5.0 (compatible; bingbot/2.0; +http://www.bing.com/bingbot.htm)" 
40.77.167.69 - - [30/Nov/2022:04:44:05 -0800] "GET /self.logs/access.log.2020-11-25.gz HTTP/1.1" 200 10340 "-" "Mozilla/5.0 (compatible; bingbot/2.0; +http://www.bing.com/bingbot.htm)" 
157.55.39.49 - - [30/Nov/2022:04:44:21 -0800] "GET /self.logs/2016/access.log.2016-11-09.gz HTTP/1.1" 200 13186 "-" "Mozilla/5.0 (compatible; bingbot/2.0; +http://www.bing.com/bingbot.htm)" 
114.119.142.47 - - [30/Nov/2022:04:44:59 -0800] "GET /self.logs/2015/error.log.2015-09-25.gz HTTP/1.1" 200 861 "-" "Mozilla/5.0 (compatible;PetalBot;+https://webmaster.petalsearch.com/site/petalbot)" 
157.55.39.209 - - [30/Nov/2022:04:45:16 -0800] "GET /Datasets%20Description/Network/ftp.html HTTP/1.1" 200 1530 "-" "Mozilla/5.0 AppleWebKit/537.36 (KHTML, like Gecko; compatible; bingbot/2.0; +http://www.bing.com/bingbot.htm) Chrome/103.0.5060.134 Safari/537.36" 
157.55.39.209 - - [30/Nov/2022:04:45:17 -0800] "GET /self.logs/error.log.2018-03-17.gz HTTP/1.1" 200 4773 "-" "Mozilla/5.0 AppleWebKit/537.36 (KHTML, like Gecko; compatible; bingbot/2.0; +http://www.bing.com/bingbot.htm) Chrome/103.0.5060.134 Safari/537.36" 
40.77.167.69 - - [30/Nov/2022:04:45:32 -0800] "GET /self.logs/access.log.2022-04-03.gz HTTP/1.1" 200 12488 "-" "Mozilla/5.0 (compatible; bingbot/2.0; +http://www.bing.com/bingbot.htm)" 
5.225.65.215 - - [30/Nov/2022:04:45:32 -0800] "GET / HTTP/1.1" 200 13185 "-" "Mozilla/5.0 (iPhone; CPU iPhone OS 16_0 like Mac OS X) AppleWebKit/605.1.15 (KHTML, like Gecko) Version/16.0 Mobile/15E148 Safari/604.1" 
5.225.65.215 - - [30/Nov/2022:04:45:32 -0800] "GET /twitter-icon.png HTTP/1.1" 200 27893 "http://www.secrepo.com/" "Mozilla/5.0 (iPhone; CPU iPhone OS 16_0 like Mac OS X) AppleWebKit/605.1.15 (KHTML, like Gecko) Version/16.0 Mobile/15E148 Safari/604.1" 
5.225.65.215 - - [30/Nov/2022:04:45:32 -0800] "GET /css/style.css HTTP/1.1" 404 328 "http://www.secrepo.com/" "Mozilla/5.0 (iPhone; CPU iPhone OS 16_0 like Mac OS X) AppleWebKit/605.1.15 (KHTML, like Gecko) Version/16.0 Mobile/15E148 Safari/604.1" 
114.119.130.26 - - [30/Nov/2022:04:46:28 -0800] "GET /self.logs/access.log.2020-10-06.gz HTTP/1.1" 200 14793 "-" "Mozilla/5.0 (compatible;PetalBot;+https://webmaster.petalsearch.com/site/petalbot)" 
40.77.167.44 - - [30/Nov/2022:04:48:11 -0800] "GET /self.logs/error.log.2017-11-11.gz HTTP/1.1" 200 2081 "-" "Mozilla/5.0 AppleWebKit/537.36 (KHTML, like Gecko; compatible; bingbot/2.0; +http://www.bing.com/bingbot.htm) Chrome/103.0.5060.134 Safari/537.36" 
108.18.197.19 - - [30/Nov/2022:04:49:09 -0800] "GET /css/style.css HTTP/1.1" 404 328 "http://www.secrepo.com/" "Mozilla/5.0 (Windows NT 10.0; Win64; x64) AppleWebKit/537.36 (KHTML, like Gecko) Chrome/107.0.0.0 Safari/537.36 Edg/107.0.1418.52" 
108.18.197.19 - - [30/Nov/2022:04:49:10 -0800] "GET /bootstrap/img/favicon.ico HTTP/1.1" 200 690 "http://www.secrepo.com/" "Mozilla/5.0 (Windows NT 10.0; Win64; x64) AppleWebKit/537.36 (KHTML, like Gecko) Chrome/107.0.0.0 Safari/537.36 Edg/107.0.1418.52" 
40.77.167.69 - - [30/Nov/2022:04:52:34 -0800] "GET /self.logs/error.log.2018-04-20.gz HTTP/1.1" 200 3850 "-" "Mozilla/5.0 AppleWebKit/537.36 (KHTML, like Gecko; compatible; bingbot/2.0; +http://www.bing.com/bingbot.htm) Chrome/103.0.5060.134 Safari/537.36" 
40.77.167.74 - - [30/Nov/2022:04:55:20 -0800] "GET /self.logs/error.log.2020-11-17 HTTP/1.1" 200 351 "-" "Mozilla/5.0 (compatible; bingbot/2.0; +http://www.bing.com/bingbot.htm)" 
40.77.167.69 - - [30/Nov/2022:04:55:54 -0800] "GET /self.logs/access.log.2017-07-25.gz HTTP/1.1" 200 28675 "-" "Mozilla/5.0 AppleWebKit/537.36 (KHTML, like Gecko; compatible; bingbot/2.0; +http://www.bing.com/bingbot.htm) Chrome/103.0.5060.134 Safari/537.36" 
42.236.10.90 - - [30/Nov/2022:04:59:03 -0800] "GET / HTTP/1.1" 200 13185 "http://www.secrepo.com/" "Mozilla/5.0 (Windows NT 6.1; WOW64) AppleWebKit/537.36 (KHTML, like Gecko) Chrome/50.0.2661.102 Safari/537.36; 360Spider" 
40.77.167.63 - - [30/Nov/2022:04:59:36 -0800] "GET /self.logs/access.log.2021-01-08.gz HTTP/1.1" 200 20280 "-" "Mozilla/5.0 AppleWebKit/537.36 (KHTML, like Gecko; compatible; bingbot/2.0; +http://www.bing.com/bingbot.htm) Chrome/103.0.5060.134 Safari/537.36" 
157.55.39.49 - - [30/Nov/2022:05:01:43 -0800] "GET /self.logs/access.log.2020-12-09.gz HTTP/1.1" 200 26615 "-" "Mozilla/5.0 AppleWebKit/537.36 (KHTML, like Gecko; compatible; bingbot/2.0; +http://www.bing.com/bingbot.htm) Chrome/103.0.5060.134 Safari/537.36" 
40.77.167.69 - - [30/Nov/2022:05:02:23 -0800] "GET /self.logs/access.log.2021-08-12.gz HTTP/1.1" 200 18219 "-" "Mozilla/5.0 (compatible; bingbot/2.0; +http://www.bing.com/bingbot.htm)" 
40.77.167.74 - - [30/Nov/2022:05:05:02 -0800] "GET /self.logs/access.log.2022-04-18.gz HTTP/1.1" 200 13994 "-" "Mozilla/5.0 AppleWebKit/537.36 (KHTML, like Gecko; compatible; bingbot/2.0; +http://www.bing.com/bingbot.htm) Chrome/103.0.5060.134 Safari/537.36" 
157.55.39.209 - - [30/Nov/2022:05:05:59 -0800] "GET /self.logs/2016/access.log.2016-09-17.gz HTTP/1.1" 200 5734 "-" "Mozilla/5.0 (compatible; bingbot/2.0; +http://www.bing.com/bingbot.htm)" 
40.77.167.69 - - [30/Nov/2022:05:06:54 -0800] "GET /self.logs/error.log.2021-09-21.gz HTTP/1.1" 200 1844 "-" "Mozilla/5.0 AppleWebKit/537.36 (KHTML, like Gecko; compatible; bingbot/2.0; +http://www.bing.com/bingbot.htm) Chrome/103.0.5060.134 Safari/537.36" 
114.119.143.101 - - [30/Nov/2022:05:07:59 -0800] "GET /self.logs/access.log.2020-10-23.gz HTTP/1.1" 200 13264 "-" "Mozilla/5.0 (compatible;PetalBot;+https://webmaster.petalsearch.com/site/petalbot)" 
171.43.248.198 - - [30/Nov/2022:05:09:02 -0800] "GET /honeypot/honeypot.json.zip HTTP/1.1" 200 1309704 "-" "Mozilla/5.0 (X11; Linux x86_64; rv:107.0) Gecko/20100101 Firefox/107.0" 
171.43.248.198 - - [30/Nov/2022:05:09:10 -0800] "GET /honeypot/honeypot.json.zip HTTP/1.1" 200 23086087 "-" "Mozilla/5.0 (X11; Linux x86_64; rv:107.0) Gecko/20100101 Firefox/107.0" 
157.55.39.209 - - [30/Nov/2022:05:09:39 -0800] "GET /self.logs/access.log.2020-08-31.gz HTTP/1.1" 200 17108 "-" "Mozilla/5.0 AppleWebKit/537.36 (KHTML, like Gecko; compatible; bingbot/2.0; +http://www.bing.com/bingbot.htm) Chrome/103.0.5060.134 Safari/537.36" 
157.55.39.49 - - [30/Nov/2022:05:10:44 -0800] "GET /self.logs/access.log.2022-01-17.gz HTTP/1.1" 200 14084 "-" "Mozilla/5.0 AppleWebKit/537.36 (KHTML, like Gecko; compatible; bingbot/2.0; +http://www.bing.com/bingbot.htm) Chrome/103.0.5060.134 Safari/537.36" 
157.55.39.209 - - [30/Nov/2022:05:12:41 -0800] "GET /self.logs/ HTTP/1.1" 200 39919 "-" "Mozilla/5.0 AppleWebKit/537.36 (KHTML, like Gecko; compatible; bingbot/2.0; +http://www.bing.com/bingbot.htm) Chrome/103.0.5060.134 Safari/537.36" 
183.155.55.120 - - [30/Nov/2022:05:18:16 -0800] "POST /config/aspcms_config.asp HTTP/1.1" 429 476 "http://misc.yahoo.com.cn/" "Mozilla/5.0+(compatible;+Baispider/2.0;++http://www.bai.com/search/spider.html)" 
183.155.55.120 - - [30/Nov/2022:05:18:16 -0800] "POST /config/aspcms_config.asp HTTP/1.1" 429 485 "http://misc.yahoo.com.cn/" "Mozilla/5.0+(compatible;+Baispider/2.0;++http://www.bai.com/search/spider.html)" 
40.77.167.74 - - [30/Nov/2022:05:20:43 -0800] "GET /self.logs/access.log.2019-12-16.gz HTTP/1.1" 200 19882 "-" "Mozilla/5.0 (compatible; bingbot/2.0; +http://www.bing.com/bingbot.htm)" 
40.77.167.63 - - [30/Nov/2022:05:21:19 -0800] "GET /self.logs/access.log.2018-07-11.gz HTTP/1.1" 200 32651 "-" "Mozilla/5.0 (compatible; bingbot/2.0; +http://www.bing.com/bingbot.htm)" 
40.77.167.74 - - [30/Nov/2022:05:21:54 -0800] "GET /self.logs/access.log.2021-05-03.gz HTTP/1.1" 200 14409 "-" "Mozilla/5.0 AppleWebKit/537.36 (KHTML, like Gecko; compatible; bingbot/2.0; +http://www.bing.com/bingbot.htm) Chrome/103.0.5060.134 Safari/537.36" 
40.77.167.74 - - [30/Nov/2022:05:22:04 -0800] "GET /self.logs/error.log.2018-04-28.gz HTTP/1.1" 200 3350 "-" "Mozilla/5.0 (compatible; bingbot/2.0; +http://www.bing.com/bingbot.htm)" 
171.218.184.175 - - [30/Nov/2022:05:22:40 -0800] "GET /favicon.ico HTTP/1.1" 200 391 "-" "Mozilla/5.0 (Windows NT 10.0; WOW64) AppleWebKit/537.36 (KHTML, like Gecko) Chrome/75.0.3770.100 Safari/537.36" 
123.149.79.154 - - [30/Nov/2022:05:23:10 -0800] "GET /robots.txt HTTP/1.1" 301 458 "-" "Mozilla/5.0 (Windows NT 10.0; Win64; x64) AppleWebKit/537.36 (KHTML, like Gecko) Chrome/92.0.4515.159 Safari/537.36" 
114.119.146.69 - - [30/Nov/2022:05:23:44 -0800] "GET /self.logs/error.log.2019-09-17.gz HTTP/1.1" 200 1187 "-" "Mozilla/5.0 (compatible;PetalBot;+https://webmaster.petalsearch.com/site/petalbot)" 
123.149.79.188 - - [30/Nov/2022:05:24:17 -0800] "GET /robots.txt HTTP/1.1" 301 458 "-" "Mozilla/5.0 (Windows NT 10.0; Win64; x64) AppleWebKit/537.36 (KHTML, like Gecko) Chrome/92.0.4515.159 Safari/537.36" 
123.149.79.188 - - [30/Nov/2022:05:24:19 -0800] "GET /robots.txt HTTP/1.1" 200 340 "-" "Mozilla/5.0 (Windows NT 10.0; Win64; x64) AppleWebKit/537.36 (KHTML, like Gecko) Chrome/92.0.4515.159 Safari/537.36" 
40.77.167.69 - - [30/Nov/2022:05:26:26 -0800] "GET /self.logs/access.log.2021-01-17.gz HTTP/1.1" 200 33797 "-" "Mozilla/5.0 (compatible; bingbot/2.0; +http://www.bing.com/bingbot.htm)" 
3.71.28.25 - - [30/Nov/2022:05:26:27 -0800] "GET / HTTP/1.1" 200 13186 "-" "Mozilla/5.0 (Macintosh; Intel Mac OS X 10_13_6) AppleWebKit/537.36 (KHTML, like Gecko) Chrome/67.0.3396.99 Safari/537.36" 
222.137.86.242 - - [30/Nov/2022:05:27:54 -0800] "GET /robots.txt HTTP/1.1" 301 458 "-" "Mozilla/5.0 (Windows NT 10.0; Win64; x64) AppleWebKit/537.36 (KHTML, like Gecko) Chrome/92.0.4515.159 Safari/537.36" 
222.137.86.242 - - [30/Nov/2022:05:27:56 -0800] "GET /robots.txt HTTP/1.1" 200 340 "-" "Mozilla/5.0 (Windows NT 10.0; Win64; x64) AppleWebKit/537.36 (KHTML, like Gecko) Chrome/92.0.4515.159 Safari/537.36" 
157.55.39.49 - - [30/Nov/2022:05:28:56 -0800] "GET /self.logs/access.log.2020-01-17.gz HTTP/1.1" 200 14370 "-" "Mozilla/5.0 (compatible; bingbot/2.0; +http://www.bing.com/bingbot.htm)" 
64.124.8.25 - - [30/Nov/2022:05:30:54 -0800] "GET /robots.txt HTTP/1.1" 200 377 "-" "Mozilla/5.0 (X11; Linux x86_64) AppleWebKit/537.36 (KHTML, like Gecko) Chrome/61.0.3163.79 Safari/537.36" 
64.124.8.25 - - [30/Nov/2022:05:30:54 -0800] "GET /self.logs/error.log.2020-01-13 HTTP/1.1" 304 251 "-" "Mozilla/5.0 (X11; Linux x86_64) AppleWebKit/537.36 (KHTML, like Gecko) Chrome/61.0.3163.79 Safari/537.36" 
40.77.167.44 - - [30/Nov/2022:05:31:35 -0800] "GET /self.logs/access.log.2021-04-26.gz HTTP/1.1" 200 17412 "-" "Mozilla/5.0 AppleWebKit/537.36 (KHTML, like Gecko; compatible; bingbot/2.0; +http://www.bing.com/bingbot.htm) Chrome/103.0.5060.134 Safari/537.36" 
114.119.156.38 - - [30/Nov/2022:05:34:09 -0800] "GET /self.logs/2015/access.log.2015-01-23.gz HTTP/1.1" 200 2222 "-" "Mozilla/5.0 (compatible;PetalBot;+https://webmaster.petalsearch.com/site/petalbot)" 
40.77.167.44 - - [30/Nov/2022:05:40:35 -0800] "GET /self.logs/2016/error.log.2016-02-29.gz HTTP/1.1" 200 740 "-" "Mozilla/5.0 (compatible; bingbot/2.0; +http://www.bing.com/bingbot.htm)" 
40.77.167.63 - - [30/Nov/2022:05:45:21 -0800] "GET /self.logs/error.log.2019-07-11.gz HTTP/1.1" 200 3449 "-" "Mozilla/5.0 AppleWebKit/537.36 (KHTML, like Gecko; compatible; bingbot/2.0; +http://www.bing.com/bingbot.htm) Chrome/103.0.5060.134 Safari/537.36" 
64.124.8.25 - - [30/Nov/2022:05:45:50 -0800] "GET /self.logs/error.log.2020-09-15 HTTP/1.1" 304 261 "-" "Mozilla/5.0 (X11; Linux x86_64) AppleWebKit/537.36 (KHTML, like Gecko) Chrome/61.0.3163.79 Safari/537.36" 
157.55.39.209 - - [30/Nov/2022:05:46:52 -0800] "GET /maccdc2012/dhcp.log.gz HTTP/1.1" 304 280 "-" "Mozilla/5.0 (compatible; bingbot/2.0; +http://www.bing.com/bingbot.htm)" 
157.55.39.209 - - [30/Nov/2022:05:46:53 -0800] "GET /self.logs/error.log.2019-05-17.gz HTTP/1.1" 200 7113 "-" "Mozilla/5.0 (compatible; bingbot/2.0; +http://www.bing.com/bingbot.htm)" 
114.119.141.135 - - [30/Nov/2022:05:47:22 -0800] "GET /self.logs/error.log.2020-10-19.gz HTTP/1.1" 200 825 "-" "Mozilla/5.0 (compatible;PetalBot;+https://webmaster.petalsearch.com/site/petalbot)" 
114.119.143.213 - - [30/Nov/2022:05:49:07 -0800] "GET /self.logs/error.log.2017-10-28.gz HTTP/1.1" 200 2151 "-" "Mozilla/5.0 (compatible;PetalBot;+https://webmaster.petalsearch.com/site/petalbot)" 
211.249.246.226 - - [30/Nov/2022:05:49:40 -0800] "GET /robots.txt HTTP/1.1" 200 340 "-" "Mozilla/5.0 (compatible; Daum/4.1; +http://cs.daum.net/faq/15/4118.html?faqId=28966)" 
211.249.246.226 - - [30/Nov/2022:05:49:41 -0800] "GET /self.logs/2016/?C=D;O=D HTTP/1.1" 200 70068 "-" "Mozilla/5.0 (compatible; Daum/4.1; +http://cs.daum.net/faq/15/4118.html?faqId=28966)" 
211.249.246.226 - - [30/Nov/2022:05:50:05 -0800] "GET /self.logs/2016/?C=D;O=D HTTP/1.1" 200 70068 "-" "Mozilla/5.0 (compatible; Daum/4.1; +http://cs.daum.net/faq/15/4118.html?faqId=28966)" 
114.119.130.29 - - [30/Nov/2022:05:50:29 -0800] "GET /self.logs/access.log.2017-02-12.gz HTTP/1.1" 200 17819 "-" "Mozilla/5.0 (compatible;PetalBot;+https://webmaster.petalsearch.com/site/petalbot)" 
211.249.246.226 - - [30/Nov/2022:05:50:28 -0800] "GET /self.logs/2016/?C=D;O=D HTTP/1.1" 200 70068 "-" "Mozilla/5.0 (compatible; Daum/4.1; +http://cs.daum.net/faq/15/4118.html?faqId=28966)" 
157.55.39.209 - - [30/Nov/2022:05:53:04 -0800] "GET /self.logs/ HTTP/1.1" 200 39919 "-" "Mozilla/5.0 AppleWebKit/537.36 (KHTML, like Gecko; compatible; bingbot/2.0; +http://www.bing.com/bingbot.htm) Chrome/103.0.5060.134 Safari/537.36" 
114.119.128.129 - - [30/Nov/2022:05:55:59 -0800] "GET /self.logs/error.log.2020-11-05.gz HTTP/1.1" 200 773 "-" "Mozilla/5.0 (compatible;PetalBot;+https://webmaster.petalsearch.com/site/petalbot)" 
114.119.157.196 - - [30/Nov/2022:05:57:02 -0800] "GET /self.logs/access.log.2018-01-05.gz HTTP/1.1" 200 25398 "-" "Mozilla/5.0 (compatible;PetalBot;+https://webmaster.petalsearch.com/site/petalbot)" 
103.131.71.165 - - [30/Nov/2022:06:03:06 -0800] "GET /robots.txt HTTP/1.1" 200 340 "-" "Mozilla/5.0 (compatible; coccocbot-web/1.0; +http://help.coccoc.com/searchengine)" 
157.55.39.49 - - [30/Nov/2022:06:04:09 -0800] "GET /self.logs/access.log.2020-11-05.gz HTTP/1.1" 200 16178 "-" "Mozilla/5.0 (compatible; bingbot/2.0; +http://www.bing.com/bingbot.htm)" 
114.119.135.181 - - [30/Nov/2022:06:06:39 -0800] "GET /self.logs/access.log.2018-04-14.gz HTTP/1.1" 200 15954 "-" "Mozilla/5.0 (compatible;PetalBot;+https://webmaster.petalsearch.com/site/petalbot)" 
114.119.138.185 - - [30/Nov/2022:06:07:20 -0800] "GET /self.logs/2015/error.log.2015-12-27.gz HTTP/1.1" 200 698 "-" "Mozilla/5.0 (compatible;PetalBot;+https://webmaster.petalsearch.com/site/petalbot)" 
202.28.154.106 - - [30/Nov/2022:06:08:17 -0800] "GET / HTTP/1.1" 200 13185 "-" "Mozilla/5.0 (Macintosh; Intel Mac OS X 10_15_7) AppleWebKit/605.1.15 (KHTML, like Gecko) Version/16.1 Safari/605.1.15" 
114.119.145.22 - - [30/Nov/2022:06:10:29 -0800] "GET /self.logs/2015/access.log.2015-09-29.gz HTTP/1.1" 200 5369 "-" "Mozilla/5.0 (compatible;PetalBot;+https://webmaster.petalsearch.com/site/petalbot)" 
40.77.167.44 - - [30/Nov/2022:06:10:57 -0800] "GET /self.logs/access.log.2018-04-14.gz HTTP/1.1" 200 15954 "-" "Mozilla/5.0 (compatible; bingbot/2.0; +http://www.bing.com/bingbot.htm)" 
157.55.39.49 - - [30/Nov/2022:06:12:20 -0800] "GET /self.logs/2016/error.log.2016-07-12.gz HTTP/1.1" 200 980 "-" "Mozilla/5.0 AppleWebKit/537.36 (KHTML, like Gecko; compatible; bingbot/2.0; +http://www.bing.com/bingbot.htm) Chrome/103.0.5060.134 Safari/537.36" 
40.77.167.69 - - [30/Nov/2022:06:18:42 -0800] "GET /self.logs/error.log.2020-01-04.gz HTTP/1.1" 200 872 "-" "Mozilla/5.0 (compatible; bingbot/2.0; +http://www.bing.com/bingbot.htm)" 
157.55.39.49 - - [30/Nov/2022:06:19:11 -0800] "GET /self.logs/2016/error.log.2016-11-22.gz HTTP/1.1" 200 1418 "-" "Mozilla/5.0 (compatible; bingbot/2.0; +http://www.bing.com/bingbot.htm)" 
40.77.167.69 - - [30/Nov/2022:06:21:22 -0800] "GET /self.logs/access.log.2018-03-10.gz HTTP/1.1" 200 24473 "-" "Mozilla/5.0 (compatible; bingbot/2.0; +http://www.bing.com/bingbot.htm)" 
40.77.167.69 - - [30/Nov/2022:06:21:22 -0800] "GET /self.logs/error.log.2020-12-16 HTTP/1.1" 200 328 "-" "Mozilla/5.0 AppleWebKit/537.36 (KHTML, like Gecko; compatible; bingbot/2.0; +http://www.bing.com/bingbot.htm) Chrome/103.0.5060.134 Safari/537.36" 
40.77.167.74 - - [30/Nov/2022:06:22:48 -0800] "GET /self.logs/access.log.2021-01-02.gz HTTP/1.1" 200 55836 "-" "Mozilla/5.0 AppleWebKit/537.36 (KHTML, like Gecko; compatible; bingbot/2.0; +http://www.bing.com/bingbot.htm) Chrome/103.0.5060.134 Safari/537.36" 
114.119.140.137 - - [30/Nov/2022:06:31:48 -0800] "GET /self.logs/error.log.2019-10-16.gz HTTP/1.1" 200 816 "-" "Mozilla/5.0 (compatible;PetalBot;+https://webmaster.petalsearch.com/site/petalbot)" 
157.55.39.49 - - [30/Nov/2022:06:31:53 -0800] "GET /self.logs/access.log.2018-07-29.gz HTTP/1.1" 200 35094 "-" "Mozilla/5.0 (compatible; bingbot/2.0; +http://www.bing.com/bingbot.htm)" 
114.119.143.151 - - [30/Nov/2022:06:32:33 -0800] "GET /self.logs/error.log.2018-12-23.gz HTTP/1.1" 200 3039 "-" "Mozilla/5.0 (compatible;PetalBot;+https://webmaster.petalsearch.com/site/petalbot)" 
40.77.167.44 - - [30/Nov/2022:06:32:50 -0800] "GET /self.logs/error.log.2021-09-07.gz HTTP/1.1" 200 3718 "-" "Mozilla/5.0 (compatible; bingbot/2.0; +http://www.bing.com/bingbot.htm)" 
157.55.39.209 - - [30/Nov/2022:06:33:08 -0800] "GET /self.logs/ HTTP/1.1" 200 39919 "-" "Mozilla/5.0 AppleWebKit/537.36 (KHTML, like Gecko; compatible; bingbot/2.0; +http://www.bing.com/bingbot.htm) Chrome/103.0.5060.134 Safari/537.36" 
40.77.167.63 - - [30/Nov/2022:06:33:24 -0800] "GET /self.logs/error.log.2021-05-29.gz HTTP/1.1" 200 1009 "-" "Mozilla/5.0 (compatible; bingbot/2.0; +http://www.bing.com/bingbot.htm)" 
114.119.133.166 - - [30/Nov/2022:06:34:17 -0800] "GET /self.logs/access.log.2019-10-15.gz HTTP/1.1" 200 19720 "-" "Mozilla/5.0 (compatible;PetalBot;+https://webmaster.petalsearch.com/site/petalbot)" 
40.77.167.74 - - [30/Nov/2022:06:46:31 -0800] "GET /self.logs/2016/access.log.2016-11-14.gz HTTP/1.1" 200 27936 "-" "Mozilla/5.0 (compatible; bingbot/2.0; +http://www.bing.com/bingbot.htm)" 
157.55.39.49 - - [30/Nov/2022:06:47:24 -0800] "GET /self.logs/error.log.2020-01-30 HTTP/1.1" 200 351 "-" "Mozilla/5.0 (compatible; bingbot/2.0; +http://www.bing.com/bingbot.htm)" 
40.77.167.63 - - [30/Nov/2022:06:49:47 -0800] "GET /self.logs/access.log.2020-01-11.gz HTTP/1.1" 200 17187 "-" "Mozilla/5.0 AppleWebKit/537.36 (KHTML, like Gecko; compatible; bingbot/2.0; +http://www.bing.com/bingbot.htm) Chrome/103.0.5060.134 Safari/537.36" 
113.123.0.220 - - [30/Nov/2022:06:52:22 -0800] "GET / HTTP/1.1" 200 49089 "-" "Mozilla/5.0 (Windows NT 10.0; Win64; x64) AppleWebKit/537.36 (KHTML, like Gecko) Chrome/51.0.2704.106 Safari/537.36" 
114.119.130.169 - - [30/Nov/2022:06:54:00 -0800] "GET /self.logs/access.log.2017-10-18.gz HTTP/1.1" 200 23565 "-" "Mozilla/5.0 (compatible;PetalBot;+https://webmaster.petalsearch.com/site/petalbot)" 
40.77.167.44 - - [30/Nov/2022:06:55:32 -0800] "GET /self.logs/access.log.2022-03-14.gz HTTP/1.1" 200 68448 "-" "Mozilla/5.0 AppleWebKit/537.36 (KHTML, like Gecko; compatible; bingbot/2.0; +http://www.bing.com/bingbot.htm) Chrome/103.0.5060.134 Safari/537.36" 
40.77.167.44 - - [30/Nov/2022:06:55:32 -0800] "GET /self.logs/access.log.2022-01-13.gz HTTP/1.1" 200 15340 "-" "Mozilla/5.0 AppleWebKit/537.36 (KHTML, like Gecko; compatible; bingbot/2.0; +http://www.bing.com/bingbot.htm) Chrome/103.0.5060.134 Safari/537.36" 
114.119.151.113 - - [30/Nov/2022:06:56:46 -0800] "GET /self.logs/access.log.2017-08-20.gz HTTP/1.1" 200 17392 "-" "Mozilla/5.0 (compatible;PetalBot;+https://webmaster.petalsearch.com/site/petalbot)" 
157.55.39.49 - - [30/Nov/2022:06:59:55 -0800] "GET /self.logs/2016/error.log.2016-11-15.gz HTTP/1.1" 200 755 "-" "Mozilla/5.0 (compatible; bingbot/2.0; +http://www.bing.com/bingbot.htm)" 
40.77.167.44 - - [30/Nov/2022:07:02:23 -0800] "GET /self.logs/access.log.2021-11-02.gz HTTP/1.1" 200 54698 "-" "Mozilla/5.0 AppleWebKit/537.36 (KHTML, like Gecko; compatible; bingbot/2.0; +http://www.bing.com/bingbot.htm) Chrome/103.0.5060.134 Safari/537.36" 
157.55.39.49 - - [30/Nov/2022:07:03:25 -0800] "GET /self.logs/access.log.2018-10-20.gz HTTP/1.1" 200 19157 "-" "Mozilla/5.0 AppleWebKit/537.36 (KHTML, like Gecko; compatible; bingbot/2.0; +http://www.bing.com/bingbot.htm) Chrome/103.0.5060.134 Safari/537.36" 
40.77.167.44 - - [30/Nov/2022:07:05:43 -0800] "GET /self.logs/access.log.2021-06-24.gz HTTP/1.1" 200 21414 "-" "Mozilla/5.0 AppleWebKit/537.36 (KHTML, like Gecko; compatible; bingbot/2.0; +http://www.bing.com/bingbot.htm) Chrome/103.0.5060.134 Safari/537.36" 
40.77.167.63 - - [30/Nov/2022:07:05:47 -0800] "GET /self.logs/2016/error.log.2016-07-24.gz HTTP/1.1" 200 883 "-" "Mozilla/5.0 AppleWebKit/537.36 (KHTML, like Gecko; compatible; bingbot/2.0; +http://www.bing.com/bingbot.htm) Chrome/103.0.5060.134 Safari/537.36" 
40.77.167.74 - - [30/Nov/2022:07:07:12 -0800] "GET /self.logs/error.log.2020-10-04 HTTP/1.1" 200 351 "-" "Mozilla/5.0 AppleWebKit/537.36 (KHTML, like Gecko; compatible; bingbot/2.0; +http://www.bing.com/bingbot.htm) Chrome/103.0.5060.134 Safari/537.36" 
114.119.153.242 - - [30/Nov/2022:07:07:44 -0800] "GET /self.logs/error.log.2019-02-28.gz HTTP/1.1" 200 6214 "-" "Mozilla/5.0 (compatible;PetalBot;+https://webmaster.petalsearch.com/site/petalbot)" 
40.77.167.69 - - [30/Nov/2022:07:09:16 -0800] "GET /self.logs/error.log.2020-10-25 HTTP/1.1" 200 351 "-" "Mozilla/5.0 (compatible; bingbot/2.0; +http://www.bing.com/bingbot.htm)" 
157.55.39.209 - - [30/Nov/2022:07:10:22 -0800] "GET /self.logs/access.log.2019-11-24.gz HTTP/1.1" 200 24750 "-" "Mozilla/5.0 (compatible; bingbot/2.0; +http://www.bing.com/bingbot.htm)" 
157.55.39.209 - - [30/Nov/2022:07:10:23 -0800] "GET /self.logs/2016/access.log.2016-08-12.gz HTTP/1.1" 200 16562 "-" "Mozilla/5.0 (compatible; bingbot/2.0; +http://www.bing.com/bingbot.htm)" 
157.55.39.209 - - [30/Nov/2022:07:12:22 -0800] "GET /self.logs/ HTTP/1.1" 200 39919 "-" "Mozilla/5.0 (compatible; bingbot/2.0; +http://www.bing.com/bingbot.htm)" 
40.77.167.63 - - [30/Nov/2022:07:13:09 -0800] "GET /self.logs/error.log.2020-11-05.gz HTTP/1.1" 200 773 "-" "Mozilla/5.0 AppleWebKit/537.36 (KHTML, like Gecko; compatible; bingbot/2.0; +http://www.bing.com/bingbot.htm) Chrome/103.0.5060.134 Safari/537.36" 
157.55.39.209 - - [30/Nov/2022:07:15:42 -0800] "GET /self.logs/access.log.2017-09-15.gz HTTP/1.1" 200 18802 "-" "Mozilla/5.0 AppleWebKit/537.36 (KHTML, like Gecko; compatible; bingbot/2.0; +http://www.bing.com/bingbot.htm) Chrome/103.0.5060.134 Safari/537.36" 
144.82.8.146 - - [30/Nov/2022:07:17:14 -0800] "GET / HTTP/1.1" 200 13186 "-" "Mozilla/5.0 (Windows NT 10.0; Win64; x64) AppleWebKit/537.36 (KHTML, like Gecko) Chrome/107.0.0.0 Safari/537.36" 
144.82.8.146 - - [30/Nov/2022:07:17:14 -0800] "GET /css/style.css HTTP/1.1" 404 305 "http://www.secrepo.com/" "Mozilla/5.0 (Windows NT 10.0; Win64; x64) AppleWebKit/537.36 (KHTML, like Gecko) Chrome/107.0.0.0 Safari/537.36" 
144.82.8.146 - - [30/Nov/2022:07:17:14 -0800] "GET /twitter-icon.png HTTP/1.1" 200 27893 "http://www.secrepo.com/" "Mozilla/5.0 (Windows NT 10.0; Win64; x64) AppleWebKit/537.36 (KHTML, like Gecko) Chrome/107.0.0.0 Safari/537.36" 
144.82.8.146 - - [30/Nov/2022:07:17:14 -0800] "GET /GitHub-Mark.png HTTP/1.1" 200 7556 "http://www.secrepo.com/" "Mozilla/5.0 (Windows NT 10.0; Win64; x64) AppleWebKit/537.36 (KHTML, like Gecko) Chrome/107.0.0.0 Safari/537.36" 
144.82.8.146 - - [30/Nov/2022:07:17:15 -0800] "GET /bootstrap/img/favicon.ico HTTP/1.1" 200 690 "http://www.secrepo.com/" "Mozilla/5.0 (Windows NT 10.0; Win64; x64) AppleWebKit/537.36 (KHTML, like Gecko) Chrome/107.0.0.0 Safari/537.36" 
40.77.167.74 - - [30/Nov/2022:07:17:54 -0800] "GET /self.logs/2016/error.log.2016-04-04.gz HTTP/1.1" 200 717 "-" "Mozilla/5.0 AppleWebKit/537.36 (KHTML, like Gecko; compatible; bingbot/2.0; +http://www.bing.com/bingbot.htm) Chrome/103.0.5060.134 Safari/537.36" 
157.55.39.49 - - [30/Nov/2022:07:18:57 -0800] "GET /self.logs/error.log.2021-02-17.gz HTTP/1.1" 200 1079 "-" "Mozilla/5.0 AppleWebKit/537.36 (KHTML, like Gecko; compatible; bingbot/2.0; +http://www.bing.com/bingbot.htm) Chrome/103.0.5060.134 Safari/537.36" 
118.100.92.51 - - [30/Nov/2022:07:19:23 -0800] "GET / HTTP/1.1" 200 13186 "-" "Mozilla/5.0 (Macintosh; Intel Mac OS X 10_15_7) AppleWebKit/605.1.15 (KHTML, like Gecko)" 
118.100.92.51 - - [30/Nov/2022:07:19:24 -0800] "GET /apple-touch-icon-precomposed.png HTTP/1.1" 404 328 "-" "Safari/15613.3.9.1.16 CFNetwork/1128.1 Darwin/19.6.0 (x86_64)" 
118.100.92.51 - - [30/Nov/2022:07:19:26 -0800] "GET /apple-touch-icon.png HTTP/1.1" 404 305 "-" "Safari/15613.3.9.1.16 CFNetwork/1128.1 Darwin/19.6.0 (x86_64)" 
118.100.92.51 - - [30/Nov/2022:07:19:26 -0800] "GET /bootstrap/img/favicon.ico HTTP/1.1" 200 690 "-" "Safari/15613.3.9.1.16 CFNetwork/1128.1 Darwin/19.6.0 (x86_64)" 
118.100.92.51 - - [30/Nov/2022:07:19:26 -0800] "GET / HTTP/1.1" 200 13186 "-" "Mozilla/5.0 (iPhone; CPU iPhone OS 14_0 like Mac OS X) AppleWebKit/605.1.15 (KHTML, like Gecko) Version/14.0 Mobile/15E148 Safari/604.1" 
118.100.92.51 - - [30/Nov/2022:07:19:27 -0800] "GET /apple-touch-icon-precomposed.png HTTP/1.1" 404 305 "-" "Safari/15613.3.9.1.16 CFNetwork/1128.1 Darwin/19.6.0 (x86_64)" 
118.100.92.51 - - [30/Nov/2022:07:19:27 -0800] "GET /apple-touch-icon.png HTTP/1.1" 404 305 "-" "Safari/15613.3.9.1.16 CFNetwork/1128.1 Darwin/19.6.0 (x86_64)" 
114.119.135.34 - - [30/Nov/2022:07:19:58 -0800] "GET /self.logs/access.log.2018-02-13.gz HTTP/1.1" 200 38185 "-" "Mozilla/5.0 (compatible;PetalBot;+https://webmaster.petalsearch.com/site/petalbot)" 
114.119.154.22 - - [30/Nov/2022:07:21:39 -0800] "GET /self.logs/2015/error.log.2015-11-29.gz HTTP/1.1" 200 723 "-" "Mozilla/5.0 (compatible;PetalBot;+https://webmaster.petalsearch.com/site/petalbot)" 
157.55.39.209 - - [30/Nov/2022:07:29:12 -0800] "GET /self.logs/access.log.2020-08-03.gz HTTP/1.1" 200 14169 "-" "Mozilla/5.0 (compatible; bingbot/2.0; +http://www.bing.com/bingbot.htm)" 
114.119.145.110 - - [30/Nov/2022:07:31:47 -0800] "GET /self.logs/error.log.2017-06-19.gz HTTP/1.1" 200 918 "-" "Mozilla/5.0 (compatible;PetalBot;+https://webmaster.petalsearch.com/site/petalbot)" 
40.77.167.63 - - [30/Nov/2022:07:35:31 -0800] "GET /self.logs/error.log.2021-06-22.gz HTTP/1.1" 200 1082 "-" "Mozilla/5.0 (compatible; bingbot/2.0; +http://www.bing.com/bingbot.htm)" 
40.77.167.69 - - [30/Nov/2022:07:36:18 -0800] "GET /self.logs/access.log.2019-09-30.gz HTTP/1.1" 200 21645 "-" "Mozilla/5.0 AppleWebKit/537.36 (KHTML, like Gecko; compatible; bingbot/2.0; +http://www.bing.com/bingbot.htm) Chrome/103.0.5060.134 Safari/537.36" 
157.55.39.49 - - [30/Nov/2022:07:39:49 -0800] "GET /self.logs/access.log.2022-04-07.gz HTTP/1.1" 200 13459 "-" "Mozilla/5.0 (compatible; bingbot/2.0; +http://www.bing.com/bingbot.htm)" 
157.55.39.209 - - [30/Nov/2022:07:41:34 -0800] "GET /self.logs/access.log.2020-08-12.gz HTTP/1.1" 200 15144 "-" "Mozilla/5.0 AppleWebKit/537.36 (KHTML, like Gecko; compatible; bingbot/2.0; +http://www.bing.com/bingbot.htm) Chrome/103.0.5060.134 Safari/537.36" 
114.119.129.189 - - [30/Nov/2022:07:41:48 -0800] "GET /self.logs/2015/error.log.2015-10-02.gz HTTP/1.1" 200 728 "-" "Mozilla/5.0 (compatible;PetalBot;+https://webmaster.petalsearch.com/site/petalbot)" 
40.77.167.63 - - [30/Nov/2022:07:46:51 -0800] "GET /self.logs/access.log.2017-03-14.gz HTTP/1.1" 200 16550 "-" "Mozilla/5.0 (compatible; bingbot/2.0; +http://www.bing.com/bingbot.htm)" 
20.92.252.127 - - [30/Nov/2022:07:47:51 -0800] "GET /.env HTTP/1.1" 301 483 "-" "Mozilla/5.0 (Windows NT 10.0; Win64; x64; rv:88.0) Gecko/20100101 Firefox/88.0" 
