58.211.23.183 - - [29/Feb/2024:15:10:29 -0800] "GET / HTTP/1.1" 200 13185 "-" "Mozilla/5.0 (Macintosh; Intel Mac OS X 10_11) AppleWebKit/601.1.27 (KHTML, like Gecko) Chrome/47.0.2526.106 Safari/601.1.27" 
66.249.64.108 - - [29/Feb/2024:15:26:17 -0800] "GET / HTTP/1.1" 200 13184 "-" "Mozilla/5.0 (compatible; Googlebot/2.1; +http://www.google.com/bot.html)" 
66.249.64.108 - - [29/Feb/2024:15:26:18 -0800] "GET /css/style.css HTTP/1.1" 404 305 "http://www.secrepo.com/" "Mozilla/5.0 AppleWebKit/537.36 (KHTML, like Gecko; compatible; Googlebot/2.1; +http://www.google.com/bot.html) Chrome/121.0.6167.139 Safari/537.36" 
66.249.64.108 - - [29/Feb/2024:15:27:15 -0800] "GET / HTTP/1.1" 200 13184 "-" "Mozilla/5.0 (compatible; Googlebot/2.1; +http://www.google.com/bot.html)" 
66.249.64.106 - - [29/Feb/2024:15:27:17 -0800] "GET /css/style.css HTTP/1.1" 404 328 "http://www.secrepo.com/" "Mozilla/5.0 AppleWebKit/537.36 (KHTML, like Gecko; compatible; Googlebot/2.1; +http://www.google.com/bot.html) Chrome/121.0.6167.139 Safari/537.36" 
40.77.167.18 - - [29/Feb/2024:15:30:13 -0800] "GET /self.logs/error.log.2022-07-25.gz HTTP/1.1" 200 983 "-" "Mozilla/5.0 AppleWebKit/537.36 (KHTML, like Gecko; compatible; bingbot/2.0; +http://www.bing.com/bingbot.htm) Chrome/116.0.1938.76 Safari/537.36" 
66.249.70.64 - - [29/Feb/2024:15:30:32 -0800] "GET / HTTP/1.1" 301 475 "-" "Mozilla/5.0 (Linux; Android 6.0.1; Nexus 5X Build/MMB29P) AppleWebKit/537.36 (KHTML, like Gecko) Chrome/121.0.6167.139 Mobile Safari/537.36 (compatible; Googlebot/2.1; +http://www.google.com/bot.html)" 
66.249.64.108 - - [29/Feb/2024:15:30:33 -0800] "GET / HTTP/1.1" 200 13185 "-" "Mozilla/5.0 (Linux; Android 6.0.1; Nexus 5X Build/MMB29P) AppleWebKit/537.36 (KHTML, like Gecko) Chrome/121.0.6167.139 Mobile Safari/537.36 (compatible; Googlebot/2.1; +http://www.google.com/bot.html)" 
66.249.64.106 - - [29/Feb/2024:15:37:33 -0800] "GET /data HTTP/1.1" 404 328 "-" "Mozilla/5.0 (Linux; Android 6.0.1; Nexus 5X Build/MMB29P) AppleWebKit/537.36 (KHTML, like Gecko) Chrome/121.0.6167.139 Mobile Safari/537.36 (compatible; Googlebot/2.1; +http://www.google.com/bot.html)" 
52.167.144.210 - - [29/Feb/2024:15:46:34 -0800] "GET /self.logs/error.log.2019-07-22.gz HTTP/1.1" 200 3761 "-" "Mozilla/5.0 AppleWebKit/537.36 (KHTML, like Gecko; compatible; bingbot/2.0; +http://www.bing.com/bingbot.htm) Chrome/116.0.1938.76 Safari/537.36" 
66.249.64.107 - - [29/Feb/2024:15:46:52 -0800] "GET /favicon.ico HTTP/1.1" 200 391 "-" "Googlebot-Image/1.0" 
17.241.227.198 - - [29/Feb/2024:15:47:18 -0800] "GET /robots.txt HTTP/1.1" 200 333 "-" "Mozilla/5.0 (Macintosh; Intel Mac OS X 10_15_5) AppleWebKit/605.1.15 (KHTML, like Gecko) Version/13.1.1 Safari/605.1.15 (Applebot/0.1; +http://www.apple.com/go/applebot)" 
17.241.227.198 - - [29/Feb/2024:15:47:18 -0800] "GET /Datasets%20Description/HTML_Bro_log_2/ssl.html HTTP/1.1" 200 1782 "-" "Mozilla/5.0 (Macintosh; Intel Mac OS X 10_15_5) AppleWebKit/605.1.15 (KHTML, like Gecko) Version/13.1.1 Safari/605.1.15 (Applebot/0.1; +http://www.apple.com/go/applebot)" 
216.244.66.245 - - [29/Feb/2024:15:48:38 -0800] "GET /robots.txt HTTP/1.1" 200 333 "-" "Mozilla/5.0 (compatible; DotBot/1.2; +https://opensiteexplorer.org/dotbot; help@moz.com)" 
66.249.64.107 - - [29/Feb/2024:15:50:35 -0800] "GET /tg/c.zip HTTP/1.1" 200 25778884 "-" "Mozilla/5.0 (Linux; Android 6.0.1; Nexus 5X Build/MMB29P) AppleWebKit/537.36 (KHTML, like Gecko) Chrome/121.0.6167.139 Mobile Safari/537.36 (compatible; Googlebot/2.1; +http://www.google.com/bot.html)" 
123.160.153.103 - - [29/Feb/2024:15:52:36 -0800] "GET /robots.txt HTTP/1.1" 200 340 "-" "Mozilla/5.0 (Windows NT 10.0; Win64; x64) AppleWebKit/537.36 (KHTML, like Gecko) Chrome/67.0.3033.128 Safari/537.36" 
66.249.64.108 - - [29/Feb/2024:15:52:36 -0800] "GET /tg/a.zip HTTP/1.1" 200 33664904 "-" "Mozilla/5.0 (Linux; Android 6.0.1; Nexus 5X Build/MMB29P) AppleWebKit/537.36 (KHTML, like Gecko) Chrome/121.0.6167.139 Mobile Safari/537.36 (compatible; Googlebot/2.1; +http://www.google.com/bot.html)" 
66.249.64.108 - - [29/Feb/2024:15:52:37 -0800] "GET /tg/b.zip HTTP/1.1" 200 34602472 "-" "Mozilla/5.0 (Linux; Android 6.0.1; Nexus 5X Build/MMB29P) AppleWebKit/537.36 (KHTML, like Gecko) Chrome/121.0.6167.139 Mobile Safari/537.36 (compatible; Googlebot/2.1; +http://www.google.com/bot.html)" 
51.222.253.11 - - [29/Feb/2024:15:54:16 -0800] "GET /robots.txt HTTP/1.1" 200 333 "-" "Mozilla/5.0 (compatible; AhrefsBot/7.0; +http://ahrefs.com/robot/)" 
18.208.49.247 - - [29/Feb/2024:15:57:27 -0800] "GET /robots.txt HTTP/1.1" 301 495 "-" "amazon-kendra-customer-id-7ef387b590a0d017bc16c423aea2f621571da58fc7df8dcdd606efa762000bb4c50f08bf94cd1257be3c70d6f1976cb9" 
18.208.49.247 - - [29/Feb/2024:15:57:27 -0800] "GET /robots.txt HTTP/1.1" 200 377 "-" "amazon-kendra-customer-id-7ef387b590a0d017bc16c423aea2f621571da58fc7df8dcdd606efa762000bb4c50f08bf94cd1257be3c70d6f1976cb9" 
66.249.70.67 - - [29/Feb/2024:15:57:42 -0800] "GET / HTTP/1.1" 301 475 "-" "Mozilla/5.0 (compatible; Googlebot/2.1; +http://www.google.com/bot.html)" 
66.249.64.107 - - [29/Feb/2024:15:57:43 -0800] "GET / HTTP/1.1" 200 13186 "-" "Mozilla/5.0 (compatible; Googlebot/2.1; +http://www.google.com/bot.html)" 
66.249.64.107 - - [29/Feb/2024:15:57:45 -0800] "GET /css/style.css HTTP/1.1" 404 305 "http://www.secrepo.com/" "Mozilla/5.0 AppleWebKit/537.36 (KHTML, like Gecko; compatible; Googlebot/2.1; +http://www.google.com/bot.html) Chrome/121.0.6167.139 Safari/537.36" 
216.244.66.245 - - [29/Feb/2024:16:07:57 -0800] "GET /self.logs/error.log.2023-02-16.gz HTTP/1.1" 200 1381 "-" "Mozilla/5.0 (compatible; DotBot/1.2; +https://opensiteexplorer.org/dotbot; help@moz.com)" 
216.244.66.245 - - [29/Feb/2024:16:09:53 -0800] "GET /self.logs/access.log.2023-04-09.gz HTTP/1.1" 200 20040 "-" "Mozilla/5.0 (compatible; DotBot/1.2; +https://opensiteexplorer.org/dotbot; help@moz.com)" 
216.244.66.245 - - [29/Feb/2024:16:11:58 -0800] "GET /self.logs/error.log.2017-05-19.gz HTTP/1.1" 200 1034 "-" "Mozilla/5.0 (compatible; DotBot/1.2; +https://opensiteexplorer.org/dotbot; help@moz.com)" 
216.244.66.245 - - [29/Feb/2024:16:12:14 -0800] "GET /self.logs/error.log.2017-08-06.gz HTTP/1.1" 200 1312 "-" "Mozilla/5.0 (compatible; DotBot/1.2; +https://opensiteexplorer.org/dotbot; help@moz.com)" 
66.249.64.108 - - [29/Feb/2024:16:12:11 -0800] "GET /self.logs/ HTTP/1.1" 200 48441 "-" "Mozilla/5.0 (Linux; Android 6.0.1; Nexus 5X Build/MMB29P) AppleWebKit/537.36 (KHTML, like Gecko) Chrome/121.0.6167.139 Mobile Safari/537.36 (compatible; Googlebot/2.1; +http://www.google.com/bot.html)" 
66.249.64.108 - - [29/Feb/2024:16:19:15 -0800] "GET /pe_static/zeus.zip HTTP/1.1" 200 22131688 "-" "Mozilla/5.0 (Linux; Android 6.0.1; Nexus 5X Build/MMB29P) AppleWebKit/537.36 (KHTML, like Gecko) Chrome/121.0.6167.139 Mobile Safari/537.36 (compatible; Googlebot/2.1; +http://www.google.com/bot.html)" 
216.244.66.245 - - [29/Feb/2024:16:19:23 -0800] "GET /self.logs/access.log.2020-08-04.gz HTTP/1.1" 200 15936 "-" "Mozilla/5.0 (compatible; DotBot/1.2; +https://opensiteexplorer.org/dotbot; help@moz.com)" 
216.244.66.245 - - [29/Feb/2024:16:19:52 -0800] "GET /self.logs/access.log.2021-01-07.gz HTTP/1.1" 200 18125 "-" "Mozilla/5.0 (compatible; DotBot/1.2; +https://opensiteexplorer.org/dotbot; help@moz.com)" 
216.244.66.245 - - [29/Feb/2024:16:20:43 -0800] "GET /self.logs/access.log.2021-09-12.gz HTTP/1.1" 200 17101 "-" "Mozilla/5.0 (compatible; DotBot/1.2; +https://opensiteexplorer.org/dotbot; help@moz.com)" 
216.244.66.245 - - [29/Feb/2024:16:22:13 -0800] "GET /self.logs/access.log.2022-08-21.gz HTTP/1.1" 200 15221 "-" "Mozilla/5.0 (compatible; DotBot/1.2; +https://opensiteexplorer.org/dotbot; help@moz.com)" 
216.244.66.245 - - [29/Feb/2024:16:22:42 -0800] "GET /self.logs/access.log.2022-11-13.gz HTTP/1.1" 200 6910 "-" "Mozilla/5.0 (compatible; DotBot/1.2; +https://opensiteexplorer.org/dotbot; help@moz.com)" 
51.222.253.14 - - [29/Feb/2024:16:32:14 -0800] "GET /Datasets%20Description/Network/?C=D;O=D HTTP/1.1" 200 721 "-" "Mozilla/5.0 (compatible; AhrefsBot/7.0; +http://ahrefs.com/robot/)" 
51.222.253.5 - - [29/Feb/2024:16:36:12 -0800] "GET /Datasets%20Description/Network/?C=S;O=D HTTP/1.1" 200 722 "-" "Mozilla/5.0 (compatible; AhrefsBot/7.0; +http://ahrefs.com/robot/)" 
51.222.253.8 - - [29/Feb/2024:16:38:53 -0800] "GET /Datasets%20Description/HTML_Bro_log_2/?C=N;O=A HTTP/1.1" 200 788 "-" "Mozilla/5.0 (compatible; AhrefsBot/7.0; +http://ahrefs.com/robot/)" 
157.55.39.49 - - [29/Feb/2024:16:39:20 -0800] "GET /self.logs/error.log.2023-12-24.gz HTTP/1.1" 200 2328 "-" "Mozilla/5.0 AppleWebKit/537.36 (KHTML, like Gecko; compatible; bingbot/2.0; +http://www.bing.com/bingbot.htm) Chrome/116.0.1938.76 Safari/537.36" 
51.222.253.19 - - [29/Feb/2024:16:39:45 -0800] "GET /Datasets%20Description/HTML_Bro_log_3/ HTTP/1.1" 200 779 "-" "Mozilla/5.0 (compatible; AhrefsBot/7.0; +http://ahrefs.com/robot/)" 
66.249.64.108 - - [29/Feb/2024:16:39:54 -0800] "GET /pe_static/apt1.zip HTTP/1.1" 200 1983439 "-" "Mozilla/5.0 (Linux; Android 6.0.1; Nexus 5X Build/MMB29P) AppleWebKit/537.36 (KHTML, like Gecko) Chrome/121.0.6167.139 Mobile Safari/537.36 (compatible; Googlebot/2.1; +http://www.google.com/bot.html)" 
216.244.66.245 - - [29/Feb/2024:16:41:21 -0800] "GET /robots.txt HTTP/1.1" 200 333 "-" "Mozilla/5.0 (compatible; DotBot/1.2; +https://opensiteexplorer.org/dotbot; help@moz.com)" 
216.244.66.245 - - [29/Feb/2024:16:50:40 -0800] "GET /Datasets%20Description/Network/weird.html HTTP/1.1" 200 4305 "-" "Mozilla/5.0 (compatible; DotBot/1.2; +https://opensiteexplorer.org/dotbot; help@moz.com)" 
216.244.66.245 - - [29/Feb/2024:16:50:45 -0800] "GET /Datasets%20Description/HTML_Bro_log_2/irc.html HTTP/1.1" 200 5132 "-" "Mozilla/5.0 (compatible; DotBot/1.2; +https://opensiteexplorer.org/dotbot; help@moz.com)" 
103.24.219.56 - - [29/Feb/2024:16:54:56 -0800] "GET /data/admin/allowurl.txt HTTP/1.1" 404 328 "-" "Mozilla/5.0 (Windows NT 10.0; WOW64; rv:48.0) Gecko/20100101 Firefox/48.0" 
35.169.247.33 - - [29/Feb/2024:16:57:47 -0800] "GET /robots.txt HTTP/1.1" 301 495 "-" "amazon-kendra-customer-id-7ef387b590a0d017bc16c423aea2f621571da58fc7df8dcdd606efa762000bb4c50f08bf94cd1257be3c70d6f1976cb9" 
35.169.247.33 - - [29/Feb/2024:16:57:47 -0800] "GET /robots.txt HTTP/1.1" 200 377 "-" "amazon-kendra-customer-id-7ef387b590a0d017bc16c423aea2f621571da58fc7df8dcdd606efa762000bb4c50f08bf94cd1257be3c70d6f1976cb9" 
103.230.15.225 - - [29/Feb/2024:17:03:30 -0800] "GET /core/code.php HTTP/1.1" 404 328 "-" "Mozilla/5.0 (Windows NT 10.0; WOW64; rv:48.0) Gecko/20100101 Firefox/48.0" 
216.244.66.245 - - [29/Feb/2024:17:10:19 -0800] "GET /self.logs/2015/error.log.2015-03-27.gz HTTP/1.1" 200 946 "-" "Mozilla/5.0 (compatible; DotBot/1.2; +https://opensiteexplorer.org/dotbot; help@moz.com)" 
216.244.66.245 - - [29/Feb/2024:17:10:27 -0800] "GET /self.logs/2015/error.log.2015-06-21.gz HTTP/1.1" 200 2297 "-" "Mozilla/5.0 (compatible; DotBot/1.2; +https://opensiteexplorer.org/dotbot; help@moz.com)" 
216.244.66.245 - - [29/Feb/2024:17:10:34 -0800] "GET /self.logs/2016/error.log.2016-03-02.gz HTTP/1.1" 200 780 "-" "Mozilla/5.0 (compatible; DotBot/1.2; +https://opensiteexplorer.org/dotbot; help@moz.com)" 
216.244.66.245 - - [29/Feb/2024:17:10:40 -0800] "GET /self.logs/2016/error.log.2016-03-08.gz HTTP/1.1" 200 832 "-" "Mozilla/5.0 (compatible; DotBot/1.2; +https://opensiteexplorer.org/dotbot; help@moz.com)" 
216.244.66.245 - - [29/Feb/2024:17:10:45 -0800] "GET /self.logs/2016/error.log.2016-03-25.gz HTTP/1.1" 200 739 "-" "Mozilla/5.0 (compatible; DotBot/1.2; +https://opensiteexplorer.org/dotbot; help@moz.com)" 
216.244.66.245 - - [29/Feb/2024:17:10:49 -0800] "GET /self.logs/access.log.2017-02-26.gz HTTP/1.1" 200 39697 "-" "Mozilla/5.0 (compatible; DotBot/1.2; +https://opensiteexplorer.org/dotbot; help@moz.com)" 
156.146.57.63 - - [29/Feb/2024:17:12:43 -0800] "GET /bootstrap/img/favicon.ico HTTP/1.1" 200 713 "-" "Mozilla/5.0 (Windows NT 10.0; Win64; x64; rv:123.0) Gecko/20100101 Firefox/123.0" 
216.244.66.245 - - [29/Feb/2024:17:14:02 -0800] "GET /self.logs/2015/access.log.2015-02-15.gz HTTP/1.1" 200 15624 "-" "Mozilla/5.0 (compatible; DotBot/1.2; +https://opensiteexplorer.org/dotbot; help@moz.com)" 
216.244.66.245 - - [29/Feb/2024:17:14:39 -0800] "GET /self.logs/2015/access.log.2015-02-19.gz HTTP/1.1" 200 12940 "-" "Mozilla/5.0 (compatible; DotBot/1.2; +https://opensiteexplorer.org/dotbot; help@moz.com)" 
216.244.66.245 - - [29/Feb/2024:17:15:14 -0800] "GET /self.logs/2015/access.log.2015-04-03.gz HTTP/1.1" 200 2373 "-" "Mozilla/5.0 (compatible; DotBot/1.2; +https://opensiteexplorer.org/dotbot; help@moz.com)" 
216.244.66.245 - - [29/Feb/2024:17:15:45 -0800] "GET /self.logs/2015/access.log.2015-04-11.gz HTTP/1.1" 200 5547 "-" "Mozilla/5.0 (compatible; DotBot/1.2; +https://opensiteexplorer.org/dotbot; help@moz.com)" 
216.244.66.245 - - [29/Feb/2024:17:16:14 -0800] "GET /self.logs/2015/access.log.2015-04-14.gz HTTP/1.1" 200 5074 "-" "Mozilla/5.0 (compatible; DotBot/1.2; +https://opensiteexplorer.org/dotbot; help@moz.com)" 
216.244.66.245 - - [29/Feb/2024:17:16:41 -0800] "GET /self.logs/2015/access.log.2015-07-18.gz HTTP/1.1" 200 5232 "-" "Mozilla/5.0 (compatible; DotBot/1.2; +https://opensiteexplorer.org/dotbot; help@moz.com)" 
216.244.66.245 - - [29/Feb/2024:17:17:22 -0800] "GET /self.logs/2015/access.log.2015-08-18.gz HTTP/1.1" 200 10649 "-" "Mozilla/5.0 (compatible; DotBot/1.2; +https://opensiteexplorer.org/dotbot; help@moz.com)" 
216.244.66.245 - - [29/Feb/2024:17:17:52 -0800] "GET /self.logs/2015/access.log.2015-09-14.gz HTTP/1.1" 200 5537 "-" "Mozilla/5.0 (compatible; DotBot/1.2; +https://opensiteexplorer.org/dotbot; help@moz.com)" 
216.244.66.245 - - [29/Feb/2024:17:18:22 -0800] "GET /self.logs/2015/access.log.2015-09-24.gz HTTP/1.1" 200 4813 "-" "Mozilla/5.0 (compatible; DotBot/1.2; +https://opensiteexplorer.org/dotbot; help@moz.com)" 
216.244.66.245 - - [29/Feb/2024:17:18:50 -0800] "GET /self.logs/2015/access.log.2015-10-03.gz HTTP/1.1" 200 27115 "-" "Mozilla/5.0 (compatible; DotBot/1.2; +https://opensiteexplorer.org/dotbot; help@moz.com)" 
216.244.66.245 - - [29/Feb/2024:17:19:21 -0800] "GET /self.logs/2016/access.log.2016-02-08.gz HTTP/1.1" 200 6718 "-" "Mozilla/5.0 (compatible; DotBot/1.2; +https://opensiteexplorer.org/dotbot; help@moz.com)" 
216.244.66.245 - - [29/Feb/2024:17:20:01 -0800] "GET /self.logs/2016/access.log.2016-05-16.gz HTTP/1.1" 200 10674 "-" "Mozilla/5.0 (compatible; DotBot/1.2; +https://opensiteexplorer.org/dotbot; help@moz.com)" 
216.244.66.245 - - [29/Feb/2024:17:20:46 -0800] "GET /self.logs/2016/access.log.2016-06-04.gz HTTP/1.1" 200 8273 "-" "Mozilla/5.0 (compatible; DotBot/1.2; +https://opensiteexplorer.org/dotbot; help@moz.com)" 
216.244.66.245 - - [29/Feb/2024:17:21:16 -0800] "GET /self.logs/2016/access.log.2016-08-19.gz HTTP/1.1" 200 11609 "-" "Mozilla/5.0 (compatible; DotBot/1.2; +https://opensiteexplorer.org/dotbot; help@moz.com)" 
216.244.66.245 - - [29/Feb/2024:17:21:45 -0800] "GET /self.logs/2016/access.log.2016-09-28.gz HTTP/1.1" 200 8362 "-" "Mozilla/5.0 (compatible; DotBot/1.2; +https://opensiteexplorer.org/dotbot; help@moz.com)" 
216.244.66.245 - - [29/Feb/2024:17:22:12 -0800] "GET /self.logs/access.log.2017-07-20.gz HTTP/1.1" 200 20006 "-" "Mozilla/5.0 (compatible; DotBot/1.2; +https://opensiteexplorer.org/dotbot; help@moz.com)" 
216.244.66.245 - - [29/Feb/2024:17:22:40 -0800] "GET /self.logs/access.log.2017-09-30.gz HTTP/1.1" 200 19271 "-" "Mozilla/5.0 (compatible; DotBot/1.2; +https://opensiteexplorer.org/dotbot; help@moz.com)" 
216.244.66.245 - - [29/Feb/2024:17:23:06 -0800] "GET /self.logs/access.log.2018-05-08.gz HTTP/1.1" 200 29030 "-" "Mozilla/5.0 (compatible; DotBot/1.2; +https://opensiteexplorer.org/dotbot; help@moz.com)" 
216.244.66.245 - - [29/Feb/2024:17:23:31 -0800] "GET /self.logs/access.log.2018-08-29.gz HTTP/1.1" 200 41741 "-" "Mozilla/5.0 (compatible; DotBot/1.2; +https://opensiteexplorer.org/dotbot; help@moz.com)" 
27.115.124.38 - - [29/Feb/2024:17:23:50 -0800] "GET / HTTP/1.1" 200 13186 "http://baidu.com/" "Mozilla/5.0 (Linux; Android 8.0; Pixel 2 Build/OPD3.170816.012) AppleWebKit/537.36 (KHTML, like Gecko) Chrome/87.0.4280.88 Mobile Safari/537.36" 
27.115.124.38 - - [29/Feb/2024:17:23:50 -0800] "GET /css/style.css HTTP/1.1" 404 305 "http://www.secrepo.com/" "Mozilla/5.0 (Linux; Android 8.0; Pixel 2 Build/OPD3.170816.012) AppleWebKit/537.36 (KHTML, like Gecko) Chrome/87.0.4280.88 Mobile Safari/537.36" 
216.244.66.245 - - [29/Feb/2024:17:23:55 -0800] "GET /self.logs/access.log.2018-09-05.gz HTTP/1.1" 200 24880 "-" "Mozilla/5.0 (compatible; DotBot/1.2; +https://opensiteexplorer.org/dotbot; help@moz.com)" 
123.6.49.41 - - [29/Feb/2024:17:24:13 -0800] "GET / HTTP/1.1" 200 13186 "http://baidu.com/" "Mozilla/5.0 (Linux; Android 8.0; Pixel 2 Build/OPD3.170816.012) AppleWebKit/537.36 (KHTML, like Gecko) Chrome/87.0.4280.88 Mobile Safari/537.36" 
123.6.49.47 - - [29/Feb/2024:17:24:14 -0800] "GET /twitter-icon.png HTTP/1.1" 200 27916 "http://www.secrepo.com/" "Mozilla/5.0 (Linux; Android 8.0; Pixel 2 Build/OPD3.170816.012) AppleWebKit/537.36 (KHTML, like Gecko) Chrome/87.0.4280.88 Mobile Safari/537.36" 
123.6.49.41 - - [29/Feb/2024:17:24:14 -0800] "GET /css/style.css HTTP/1.1" 404 305 "http://www.secrepo.com/" "Mozilla/5.0 (Linux; Android 8.0; Pixel 2 Build/OPD3.170816.012) AppleWebKit/537.36 (KHTML, like Gecko) Chrome/87.0.4280.88 Mobile Safari/537.36" 
123.6.49.41 - - [29/Feb/2024:17:24:14 -0800] "GET /GitHub-Mark.png HTTP/1.1" 200 7533 "http://www.secrepo.com/" "Mozilla/5.0 (Linux; Android 8.0; Pixel 2 Build/OPD3.170816.012) AppleWebKit/537.36 (KHTML, like Gecko) Chrome/87.0.4280.88 Mobile Safari/537.36" 
216.244.66.245 - - [29/Feb/2024:17:24:17 -0800] "GET /self.logs/access.log.2018-10-01.gz HTTP/1.1" 200 22026 "-" "Mozilla/5.0 (compatible; DotBot/1.2; +https://opensiteexplorer.org/dotbot; help@moz.com)" 
216.244.66.245 - - [29/Feb/2024:17:24:39 -0800] "GET /self.logs/access.log.2018-10-04.gz HTTP/1.1" 200 21153 "-" "Mozilla/5.0 (compatible; DotBot/1.2; +https://opensiteexplorer.org/dotbot; help@moz.com)" 
216.244.66.245 - - [29/Feb/2024:17:25:01 -0800] "GET /self.logs/access.log.2019-02-25.gz HTTP/1.1" 200 23946 "-" "Mozilla/5.0 (compatible; DotBot/1.2; +https://opensiteexplorer.org/dotbot; help@moz.com)" 
216.244.66.245 - - [29/Feb/2024:17:25:20 -0800] "GET /self.logs/error.log.2020-10-09 HTTP/1.1" 200 307 "-" "Mozilla/5.0 (compatible; DotBot/1.2; +https://opensiteexplorer.org/dotbot; help@moz.com)" 
116.203.93.86 - - [29/Feb/2024:17:36:29 -0800] "GET /robots.txt HTTP/1.1" 301 458 "-" "Mozilla/5.0 (Windows; U; Windows NT 5.1; en-US; rv:1.8.1.6) Gecko/20070725 Firefox/2.0.0.6" 
116.203.93.86 - - [29/Feb/2024:17:36:31 -0800] "GET /robots.txt HTTP/1.1" 200 340 "-" "Mozilla/5.0 (Windows; U; Windows NT 5.1; en-US; rv:1.8.1.6) Gecko/20070725 Firefox/2.0.0.6" 
5.102.173.71 - - [29/Feb/2024:17:43:38 -0800] "GET /robots.txt HTTP/1.1" 200 333 "-" "Mozilla/5.0 (compatible; MojeekBot/0.11; +https://www.mojeek.com/bot.html)" 
5.102.173.71 - - [29/Feb/2024:17:43:38 -0800] "GET / HTTP/1.1" 200 13107 "-" "Mozilla/5.0 (compatible; MojeekBot/0.11; +https://www.mojeek.com/bot.html)" 
157.55.39.49 - - [29/Feb/2024:17:43:57 -0800] "GET /self.logs/error.log.2018-08-09.gz HTTP/1.1" 200 6295 "-" "Mozilla/5.0 AppleWebKit/537.36 (KHTML, like Gecko; compatible; bingbot/2.0; +http://www.bing.com/bingbot.htm) Chrome/116.0.1938.76 Safari/537.36" 
51.222.253.6 - - [29/Feb/2024:17:45:16 -0800] "GET /Datasets%20Description/PE_malware/VirusShare.html HTTP/1.1" 200 1607 "-" "Mozilla/5.0 (compatible; AhrefsBot/7.0; +http://ahrefs.com/robot/)" 
216.244.66.245 - - [29/Feb/2024:17:47:36 -0800] "GET /robots.txt HTTP/1.1" 200 333 "-" "Mozilla/5.0 (compatible; DotBot/1.2; +https://opensiteexplorer.org/dotbot; help@moz.com)" 
52.167.144.230 - - [29/Feb/2024:17:49:28 -0800] "GET /self.logs/access.log.2023-08-11.gz HTTP/1.1" 301 487 "-" "Mozilla/5.0 AppleWebKit/537.36 (KHTML, like Gecko; compatible; bingbot/2.0; +http://www.bing.com/bingbot.htm) Chrome/116.0.1938.76 Safari/537.36" 
66.249.70.68 - - [29/Feb/2024:17:51:08 -0800] "GET /ads.txt HTTP/1.1" 301 489 "-" "Mozilla/5.0 (compatible; Googlebot/2.1; +http://www.google.com/bot.html)" 
66.249.64.106 - - [29/Feb/2024:17:51:09 -0800] "GET /ads.txt HTTP/1.1" 404 328 "-" "Mozilla/5.0 (compatible; Googlebot/2.1; +http://www.google.com/bot.html)" 
58.252.61.107 - - [29/Feb/2024:17:52:19 -0800] "GET / HTTP/1.1" 200 13186 "-" "Mozilla/5.0 (Windows NT 10.0; Win64; x64) AppleWebKit/537.36 (KHTML, like Gecko) Chrome/122.0.0.0 Safari/537.36 Edg/122.0.0.0" 
58.252.61.107 - - [29/Feb/2024:17:52:19 -0800] "GET /twitter-icon.png HTTP/1.1" 304 271 "http://www.secrepo.com/" "Mozilla/5.0 (Windows NT 10.0; Win64; x64) AppleWebKit/537.36 (KHTML, like Gecko) Chrome/122.0.0.0 Safari/537.36 Edg/122.0.0.0" 
58.252.61.107 - - [29/Feb/2024:17:52:19 -0800] "GET /css/style.css HTTP/1.1" 404 328 "http://www.secrepo.com/" "Mozilla/5.0 (Windows NT 10.0; Win64; x64) AppleWebKit/537.36 (KHTML, like Gecko) Chrome/122.0.0.0 Safari/537.36 Edg/122.0.0.0" 
58.252.61.107 - - [29/Feb/2024:17:52:19 -0800] "GET /GitHub-Mark.png HTTP/1.1" 304 271 "http://www.secrepo.com/" "Mozilla/5.0 (Windows NT 10.0; Win64; x64) AppleWebKit/537.36 (KHTML, like Gecko) Chrome/122.0.0.0 Safari/537.36 Edg/122.0.0.0" 
58.252.61.107 - - [29/Feb/2024:17:52:24 -0800] "GET /bootstrap/img/favicon.ico HTTP/1.1" 200 690 "http://www.secrepo.com/" "Mozilla/5.0 (Windows NT 10.0; Win64; x64) AppleWebKit/537.36 (KHTML, like Gecko) Chrome/122.0.0.0 Safari/537.36 Edg/122.0.0.0" 
58.252.61.107 - - [29/Feb/2024:17:52:19 -0800] "GET /self.logs/ HTTP/1.1" 200 48441 "http://www.secrepo.com/" "Mozilla/5.0 (Windows NT 10.0; Win64; x64) AppleWebKit/537.36 (KHTML, like Gecko) Chrome/122.0.0.0 Safari/537.36 Edg/122.0.0.0" 
58.252.61.107 - - [29/Feb/2024:17:53:04 -0800] "GET /favicon.ico HTTP/1.1" 304 251 "http://www.secrepo.com/self.logs/" "Mozilla/5.0 (Windows NT 10.0; Win64; x64) AppleWebKit/537.36 (KHTML, like Gecko) Chrome/122.0.0.0 Safari/537.36 Edg/122.0.0.0" 
18.208.49.247 - - [29/Feb/2024:17:57:31 -0800] "GET /robots.txt HTTP/1.1" 301 495 "-" "amazon-kendra-customer-id-7ef387b590a0d017bc16c423aea2f621571da58fc7df8dcdd606efa762000bb4c50f08bf94cd1257be3c70d6f1976cb9" 
18.208.49.247 - - [29/Feb/2024:17:57:31 -0800] "GET /robots.txt HTTP/1.1" 200 377 "-" "amazon-kendra-customer-id-7ef387b590a0d017bc16c423aea2f621571da58fc7df8dcdd606efa762000bb4c50f08bf94cd1257be3c70d6f1976cb9" 
216.244.66.245 - - [29/Feb/2024:18:04:01 -0800] "GET /self.logs/error.log.2021-03-16.gz HTTP/1.1" 200 6656 "-" "Mozilla/5.0 (compatible; DotBot/1.2; +https://opensiteexplorer.org/dotbot; help@moz.com)" 
216.244.66.245 - - [29/Feb/2024:18:04:09 -0800] "GET /self.logs/error.log.2021-08-05.gz HTTP/1.1" 200 1284 "-" "Mozilla/5.0 (compatible; DotBot/1.2; +https://opensiteexplorer.org/dotbot; help@moz.com)" 
216.244.66.245 - - [29/Feb/2024:18:04:14 -0800] "GET /self.logs/error.log.2022-06-17.gz HTTP/1.1" 200 4229 "-" "Mozilla/5.0 (compatible; DotBot/1.2; +https://opensiteexplorer.org/dotbot; help@moz.com)" 
216.244.66.245 - - [29/Feb/2024:18:04:26 -0800] "GET /self.logs/error.log.2022-08-09.gz HTTP/1.1" 200 4244 "-" "Mozilla/5.0 (compatible; DotBot/1.2; +https://opensiteexplorer.org/dotbot; help@moz.com)" 
216.244.66.245 - - [29/Feb/2024:18:04:35 -0800] "GET /self.logs/error.log.2022-12-31.gz HTTP/1.1" 200 1086 "-" "Mozilla/5.0 (compatible; DotBot/1.2; +https://opensiteexplorer.org/dotbot; help@moz.com)" 
40.77.167.65 - - [29/Feb/2024:18:04:40 -0800] "GET /self.logs/access.log.2020-01-03.gz HTTP/1.1" 200 16067 "-" "Mozilla/5.0 AppleWebKit/537.36 (KHTML, like Gecko; compatible; bingbot/2.0; +http://www.bing.com/bingbot.htm) Chrome/116.0.1938.76 Safari/537.36" 
216.244.66.245 - - [29/Feb/2024:18:04:41 -0800] "GET /self.logs/error.log.2023-01-03.gz HTTP/1.1" 200 1101 "-" "Mozilla/5.0 (compatible; DotBot/1.2; +https://opensiteexplorer.org/dotbot; help@moz.com)" 
216.244.66.245 - - [29/Feb/2024:18:04:46 -0800] "GET /self.logs/error.log.2023-06-07.gz HTTP/1.1" 200 9187 "-" "Mozilla/5.0 (compatible; DotBot/1.2; +https://opensiteexplorer.org/dotbot; help@moz.com)" 
216.244.66.245 - - [29/Feb/2024:18:06:15 -0800] "GET /self.logs/error.log.2017-03-02.gz HTTP/1.1" 200 1027 "-" "Mozilla/5.0 (compatible; DotBot/1.2; +https://opensiteexplorer.org/dotbot; help@moz.com)" 
216.244.66.245 - - [29/Feb/2024:18:06:21 -0800] "GET /self.logs/error.log.2017-03-16.gz HTTP/1.1" 200 1123 "-" "Mozilla/5.0 (compatible; DotBot/1.2; +https://opensiteexplorer.org/dotbot; help@moz.com)" 
216.244.66.245 - - [29/Feb/2024:18:06:25 -0800] "GET /self.logs/error.log.2017-05-26.gz HTTP/1.1" 200 895 "-" "Mozilla/5.0 (compatible; DotBot/1.2; +https://opensiteexplorer.org/dotbot; help@moz.com)" 
216.244.66.245 - - [29/Feb/2024:18:06:28 -0800] "GET /self.logs/error.log.2018-06-22.gz HTTP/1.1" 200 6194 "-" "Mozilla/5.0 (compatible; DotBot/1.2; +https://opensiteexplorer.org/dotbot; help@moz.com)" 
216.244.66.245 - - [29/Feb/2024:18:06:31 -0800] "GET /self.logs/error.log.2018-08-01.gz HTTP/1.1" 200 5753 "-" "Mozilla/5.0 (compatible; DotBot/1.2; +https://opensiteexplorer.org/dotbot; help@moz.com)" 
216.244.66.245 - - [29/Feb/2024:18:06:35 -0800] "GET /self.logs/error.log.2018-09-06.gz HTTP/1.1" 200 4549 "-" "Mozilla/5.0 (compatible; DotBot/1.2; +https://opensiteexplorer.org/dotbot; help@moz.com)" 
216.244.66.245 - - [29/Feb/2024:18:06:36 -0800] "GET /self.logs/error.log.2019-07-07.gz HTTP/1.1" 200 2646 "-" "Mozilla/5.0 (compatible; DotBot/1.2; +https://opensiteexplorer.org/dotbot; help@moz.com)" 
216.244.66.245 - - [29/Feb/2024:18:06:38 -0800] "GET /self.logs/error.log.2019-07-13.gz HTTP/1.1" 200 2251 "-" "Mozilla/5.0 (compatible; DotBot/1.2; +https://opensiteexplorer.org/dotbot; help@moz.com)" 
216.244.66.245 - - [29/Feb/2024:18:06:42 -0800] "GET /self.logs/error.log.2019-08-07.gz HTTP/1.1" 200 1451 "-" "Mozilla/5.0 (compatible; DotBot/1.2; +https://opensiteexplorer.org/dotbot; help@moz.com)" 
216.244.66.245 - - [29/Feb/2024:18:06:45 -0800] "GET /self.logs/error.log.2019-08-13.gz HTTP/1.1" 200 1404 "-" "Mozilla/5.0 (compatible; DotBot/1.2; +https://opensiteexplorer.org/dotbot; help@moz.com)" 
111.60.87.27 - - [29/Feb/2024:18:12:18 -0800] "GET /favicon.ico HTTP/1.1" 200 391 "-" "Mozilla/5.0 (Windows NT 10.0; Win64; x64) AppleWebKit/537.36 (KHTML, like Gecko) Chrome/114.0.5735.289 Safari/537.36" 
216.244.66.245 - - [29/Feb/2024:18:18:20 -0800] "GET /self.logs/access.log.2022-08-08.gz HTTP/1.1" 200 16106 "-" "Mozilla/5.0 (compatible; DotBot/1.2; +https://opensiteexplorer.org/dotbot; help@moz.com)" 
65.21.136.254 - - [29/Feb/2024:18:23:01 -0800] "GET /Datasets%20Description/P HTTP/1.1" 404 328 "-" "Mozilla/5.0 (Macintosh; Intel Mac OS X 10_15_7) AppleWebKit/605.1.15 (KHTML, like Gecko) Version/15.6.1 Safari/605.1.15" 
103.24.219.58 - - [29/Feb/2024:18:46:51 -0800] "GET /e/data/js/ajax.js HTTP/1.1" 404 328 "-" "Mozilla/5.0 (Windows NT 10.0; WOW64; rv:48.0) Gecko/20100101 Firefox/48.0" 
216.244.66.245 - - [29/Feb/2024:18:47:11 -0800] "GET /robots.txt HTTP/1.1" 200 333 "-" "Mozilla/5.0 (compatible; DotBot/1.2; +https://opensiteexplorer.org/dotbot; help@moz.com)" 
42.194.128.22 - - [29/Feb/2024:18:49:37 -0800] "GET /honeypot/honeypot.json.zip HTTP/1.1" 200 264864 "-" "Mozilla/5.0 (Macintosh; Intel Mac OS X 10_15_6) AppleWebKit/537.36 (KHTML, like Gecko) Chrome/84.0.4147.125 Safari/537.36" 
123.126.50.230 - - [29/Feb/2024:18:53:16 -0800] "GET / HTTP/1.1" 200 13148 "-" "Sogou web spider/4.0(+http://www.sogou.com/docs/help/webmasters.htm#07)" 
183.205.138.4 - - [29/Feb/2024:18:53:24 -0800] "GET / HTTP/1.1" 200 13185 "-" "Mozilla/5.0 (Windows NT 10.0; Win64; x64) AppleWebKit/537.36 (KHTML, like Gecko) Chrome/122.0.0.0 Safari/537.36 Edg/122.0.0.0" 
183.205.138.4 - - [29/Feb/2024:18:53:25 -0800] "GET /css/style.css HTTP/1.1" 404 328 "http://www.secrepo.com/" "Mozilla/5.0 (Windows NT 10.0; Win64; x64) AppleWebKit/537.36 (KHTML, like Gecko) Chrome/122.0.0.0 Safari/537.36 Edg/122.0.0.0" 
183.205.138.4 - - [29/Feb/2024:18:53:27 -0800] "GET /twitter-icon.png HTTP/1.1" 200 27893 "http://www.secrepo.com/" "Mozilla/5.0 (Windows NT 10.0; Win64; x64) AppleWebKit/537.36 (KHTML, like Gecko) Chrome/122.0.0.0 Safari/537.36 Edg/122.0.0.0" 
183.205.138.4 - - [29/Feb/2024:18:53:27 -0800] "GET /GitHub-Mark.png HTTP/1.1" 200 7533 "http://www.secrepo.com/" "Mozilla/5.0 (Windows NT 10.0; Win64; x64) AppleWebKit/537.36 (KHTML, like Gecko) Chrome/122.0.0.0 Safari/537.36 Edg/122.0.0.0" 
183.205.138.4 - - [29/Feb/2024:18:54:06 -0800] "GET /bootstrap/img/favicon.ico HTTP/1.1" 200 713 "http://www.secrepo.com/" "Mozilla/5.0 (Windows NT 10.0; Win64; x64) AppleWebKit/537.36 (KHTML, like Gecko) Chrome/122.0.0.0 Safari/537.36 Edg/122.0.0.0" 
3.221.137.102 - - [29/Feb/2024:18:57:13 -0800] "GET /robots.txt HTTP/1.1" 301 495 "-" "amazon-kendra-customer-id-7ef387b590a0d017bc16c423aea2f621571da58fc7df8dcdd606efa762000bb4c50f08bf94cd1257be3c70d6f1976cb9" 
3.221.137.102 - - [29/Feb/2024:18:57:13 -0800] "GET /robots.txt HTTP/1.1" 200 377 "-" "amazon-kendra-customer-id-7ef387b590a0d017bc16c423aea2f621571da58fc7df8dcdd606efa762000bb4c50f08bf94cd1257be3c70d6f1976cb9" 
14.152.91.243 - - [29/Feb/2024:18:57:36 -0800] "GET / HTTP/1.1" 200 13185 "-" "Mozilla/5.0 (Linux; Android 6.0; Nexus 5 Build/MRA58N) AppleWebKit/537.36 (KHTML, like Gecko) Chrome/99.0.4844.51 Mobile Safari/537.36 MicroMessenger/7.0.1" 
14.152.91.243 - - [29/Feb/2024:18:57:37 -0800] "GET /twitter-icon.png HTTP/1.1" 200 27916 "http://www.secrepo.com/" "Mozilla/5.0 (Linux; Android 6.0; Nexus 5 Build/MRA58N) AppleWebKit/537.36 (KHTML, like Gecko) Chrome/99.0.4844.51 Mobile Safari/537.36 MicroMessenger/7.0.1" 
14.152.91.243 - - [29/Feb/2024:18:57:37 -0800] "GET /css/style.css HTTP/1.1" 404 305 "http://www.secrepo.com/" "Mozilla/5.0 (Linux; Android 6.0; Nexus 5 Build/MRA58N) AppleWebKit/537.36 (KHTML, like Gecko) Chrome/99.0.4844.51 Mobile Safari/537.36 MicroMessenger/7.0.1" 
14.152.91.243 - - [29/Feb/2024:18:57:37 -0800] "GET /GitHub-Mark.png HTTP/1.1" 200 7556 "http://www.secrepo.com/" "Mozilla/5.0 (Linux; Android 6.0; Nexus 5 Build/MRA58N) AppleWebKit/537.36 (KHTML, like Gecko) Chrome/99.0.4844.51 Mobile Safari/537.36 MicroMessenger/7.0.1" 
207.180.242.82 - - [29/Feb/2024:18:57:59 -0800] "GET /Datasets%20Description/PE_malware/VirusShare.html HTTP/1.1" 200 4668 "-" "Mozilla/5.0 (Macintosh; Intel Mac OS X 10_15_7) AppleWebKit/605.1.15 (KHTML, like Gecko) Version/15.6.1 Safari/605.1.15" 
52.167.144.233 - - [29/Feb/2024:18:59:54 -0800] "GET /self.logs/error.log.2021-11-04.gz HTTP/1.1" 200 1119 "-" "Mozilla/5.0 AppleWebKit/537.36 (KHTML, like Gecko; compatible; bingbot/2.0; +http://www.bing.com/bingbot.htm) Chrome/116.0.1938.76 Safari/537.36" 
121.57.36.16 - - [29/Feb/2024:19:11:29 -0800] "GET /favicon.ico HTTP/1.1" 200 391 "-" "Mozilla/5.0 (Windows NT 10.0; Win64; x64) AppleWebKit/537.36 (KHTML, like Gecko) Chrome/114.0.5735.289 Safari/537.36" 
52.167.144.237 - - [29/Feb/2024:19:14:46 -0800] "GET /self.logs/error.log.2023-12-19.gz HTTP/1.1" 200 1331 "-" "Mozilla/5.0 AppleWebKit/537.36 (KHTML, like Gecko; compatible; bingbot/2.0; +http://www.bing.com/bingbot.htm) Chrome/116.0.1938.76 Safari/537.36" 
216.244.66.245 - - [29/Feb/2024:19:22:08 -0800] "GET /self.logs/error.log.2020-05-14 HTTP/1.1" 200 307 "-" "Mozilla/5.0 (compatible; DotBot/1.2; +https://opensiteexplorer.org/dotbot; help@moz.com)" 
216.244.66.245 - - [29/Feb/2024:19:22:12 -0800] "GET /self.logs/error.log.2021-10-07.gz HTTP/1.1" 200 86140 "-" "Mozilla/5.0 (compatible; DotBot/1.2; +https://opensiteexplorer.org/dotbot; help@moz.com)" 
216.244.66.245 - - [29/Feb/2024:19:22:42 -0800] "GET /self.logs/error.log.2023-04-05.gz HTTP/1.1" 200 883 "-" "Mozilla/5.0 (compatible; DotBot/1.2; +https://opensiteexplorer.org/dotbot; help@moz.com)" 
216.244.66.245 - - [29/Feb/2024:19:23:53 -0800] "GET /self.logs/error.log.2020-03-31 HTTP/1.1" 200 307 "-" "Mozilla/5.0 (compatible; DotBot/1.2; +https://opensiteexplorer.org/dotbot; help@moz.com)" 
216.244.66.245 - - [29/Feb/2024:19:24:00 -0800] "GET /self.logs/error.log.2020-04-10.gz HTTP/1.1" 200 1705 "-" "Mozilla/5.0 (compatible; DotBot/1.2; +https://opensiteexplorer.org/dotbot; help@moz.com)" 
216.244.66.245 - - [29/Feb/2024:19:24:07 -0800] "GET /self.logs/error.log.2020-08-22.gz HTTP/1.1" 200 718 "-" "Mozilla/5.0 (compatible; DotBot/1.2; +https://opensiteexplorer.org/dotbot; help@moz.com)" 
216.244.66.245 - - [29/Feb/2024:19:24:14 -0800] "GET /self.logs/error.log.2020-10-20.gz HTTP/1.1" 200 1104 "-" "Mozilla/5.0 (compatible; DotBot/1.2; +https://opensiteexplorer.org/dotbot; help@moz.com)" 
157.55.39.56 - - [29/Feb/2024:19:24:26 -0800] "GET /self.logs/2016/error.log.2016-02-24.gz HTTP/1.1" 301 495 "-" "Mozilla/5.0 AppleWebKit/537.36 (KHTML, like Gecko; compatible; bingbot/2.0; +http://www.bing.com/bingbot.htm) Chrome/116.0.1938.76 Safari/537.36" 
216.244.66.245 - - [29/Feb/2024:19:24:50 -0800] "GET /self.logs/error.log.2021-03-05 HTTP/1.1" 200 307 "-" "Mozilla/5.0 (compatible; DotBot/1.2; +https://opensiteexplorer.org/dotbot; help@moz.com)" 
216.244.66.245 - - [29/Feb/2024:19:25:19 -0800] "GET /self.logs/error.log.2021-03-17.gz HTTP/1.1" 200 2110 "-" "Mozilla/5.0 (compatible; DotBot/1.2; +https://opensiteexplorer.org/dotbot; help@moz.com)" 
216.244.66.245 - - [29/Feb/2024:19:25:48 -0800] "GET /self.logs/error.log.2021-06-07.gz HTTP/1.1" 200 1543 "-" "Mozilla/5.0 (compatible; DotBot/1.2; +https://opensiteexplorer.org/dotbot; help@moz.com)" 
216.244.66.245 - - [29/Feb/2024:19:26:15 -0800] "GET /self.logs/error.log.2022-01-06.gz HTTP/1.1" 200 2695 "-" "Mozilla/5.0 (compatible; DotBot/1.2; +https://opensiteexplorer.org/dotbot; help@moz.com)" 
216.244.66.245 - - [29/Feb/2024:19:26:42 -0800] "GET /self.logs/error.log.2022-01-13 HTTP/1.1" 200 307 "-" "Mozilla/5.0 (compatible; DotBot/1.2; +https://opensiteexplorer.org/dotbot; help@moz.com)" 
216.244.66.245 - - [29/Feb/2024:19:27:07 -0800] "GET /self.logs/error.log.2022-02-02.gz HTTP/1.1" 200 3693 "-" "Mozilla/5.0 (compatible; DotBot/1.2; +https://opensiteexplorer.org/dotbot; help@moz.com)" 
216.244.66.245 - - [29/Feb/2024:19:27:32 -0800] "GET /self.logs/error.log.2022-04-06 HTTP/1.1" 200 307 "-" "Mozilla/5.0 (compatible; DotBot/1.2; +https://opensiteexplorer.org/dotbot; help@moz.com)" 
216.244.66.245 - - [29/Feb/2024:19:27:56 -0800] "GET /self.logs/error.log.2022-07-19.gz HTTP/1.1" 200 3236 "-" "Mozilla/5.0 (compatible; DotBot/1.2; +https://opensiteexplorer.org/dotbot; help@moz.com)" 
216.244.66.245 - - [29/Feb/2024:19:28:18 -0800] "GET /self.logs/access.log.2022-03-26.gz HTTP/1.1" 200 32781 "-" "Mozilla/5.0 (compatible; DotBot/1.2; +https://opensiteexplorer.org/dotbot; help@moz.com)" 
216.244.66.245 - - [29/Feb/2024:19:28:44 -0800] "GET /self.logs/error.log.2017-04-04.gz HTTP/1.1" 200 3898 "-" "Mozilla/5.0 (compatible; DotBot/1.2; +https://opensiteexplorer.org/dotbot; help@moz.com)" 
216.244.66.245 - - [29/Feb/2024:19:29:05 -0800] "GET /self.logs/error.log.2018-02-10.gz HTTP/1.1" 200 3793 "-" "Mozilla/5.0 (compatible; DotBot/1.2; +https://opensiteexplorer.org/dotbot; help@moz.com)" 
216.244.66.245 - - [29/Feb/2024:19:29:25 -0800] "GET /self.logs/error.log.2018-09-24.gz HTTP/1.1" 200 4632 "-" "Mozilla/5.0 (compatible; DotBot/1.2; +https://opensiteexplorer.org/dotbot; help@moz.com)" 
216.244.66.245 - - [29/Feb/2024:19:29:43 -0800] "GET /self.logs/error.log.2018-10-27.gz HTTP/1.1" 200 5450 "-" "Mozilla/5.0 (compatible; DotBot/1.2; +https://opensiteexplorer.org/dotbot; help@moz.com)" 
216.244.66.245 - - [29/Feb/2024:19:30:00 -0800] "GET /self.logs/error.log.2019-09-29.gz HTTP/1.1" 200 1398 "-" "Mozilla/5.0 (compatible; DotBot/1.2; +https://opensiteexplorer.org/dotbot; help@moz.com)" 
216.244.66.245 - - [29/Feb/2024:19:30:16 -0800] "GET /self.logs/error.log.2019-10-27.gz HTTP/1.1" 200 1358 "-" "Mozilla/5.0 (compatible; DotBot/1.2; +https://opensiteexplorer.org/dotbot; help@moz.com)" 
216.244.66.245 - - [29/Feb/2024:19:30:34 -0800] "GET /self.logs/access.log.2023-03-17.gz HTTP/1.1" 200 12733 "-" "Mozilla/5.0 (compatible; DotBot/1.2; +https://opensiteexplorer.org/dotbot; help@moz.com)" 
216.244.66.245 - - [29/Feb/2024:19:31:09 -0800] "GET /self.logs/access.log.2023-03-23.gz HTTP/1.1" 200 11724 "-" "Mozilla/5.0 (compatible; DotBot/1.2; +https://opensiteexplorer.org/dotbot; help@moz.com)" 
54.89.154.30 - - [29/Feb/2024:19:39:53 -0800] "GET /robots.txt HTTP/1.1" 301 495 "-" "Mozilla/5.0 (Macintosh; Intel Mac OS X 10_15_7) AppleWebKit/537.36 (KHTML, like Gecko) Chrome/108.0.0.0 Safari/537.36" 
54.89.154.30 - - [29/Feb/2024:19:39:53 -0800] "GET /robots.txt HTTP/1.1" 200 377 "-" "Mozilla/5.0 (Macintosh; Intel Mac OS X 10_15_7) AppleWebKit/537.36 (KHTML, like Gecko) Chrome/108.0.0.0 Safari/537.36" 
216.244.66.245 - - [29/Feb/2024:19:41:58 -0800] "GET /robots.txt HTTP/1.1" 200 333 "-" "Mozilla/5.0 (compatible; DotBot/1.2; +https://opensiteexplorer.org/dotbot; help@moz.com)" 
35.169.247.33 - - [29/Feb/2024:19:57:19 -0800] "GET /robots.txt HTTP/1.1" 301 495 "-" "amazon-kendra-customer-id-7ef387b590a0d017bc16c423aea2f621571da58fc7df8dcdd606efa762000bb4c50f08bf94cd1257be3c70d6f1976cb9" 
35.169.247.33 - - [29/Feb/2024:19:57:19 -0800] "GET /robots.txt HTTP/1.1" 200 377 "-" "amazon-kendra-customer-id-7ef387b590a0d017bc16c423aea2f621571da58fc7df8dcdd606efa762000bb4c50f08bf94cd1257be3c70d6f1976cb9" 
216.244.66.245 - - [29/Feb/2024:19:57:35 -0800] "GET /self.logs/error.log.2023-03-03.gz HTTP/1.1" 200 1714 "-" "Mozilla/5.0 (compatible; DotBot/1.2; +https://opensiteexplorer.org/dotbot; help@moz.com)" 
52.167.144.174 - - [29/Feb/2024:19:57:50 -0800] "GET /self.logs/error.log.2022-11-06.gz HTTP/1.1" 200 1181 "-" "Mozilla/5.0 AppleWebKit/537.36 (KHTML, like Gecko; compatible; bingbot/2.0; +http://www.bing.com/bingbot.htm) Chrome/116.0.1938.76 Safari/537.36" 
216.244.66.245 - - [29/Feb/2024:19:57:52 -0800] "GET /self.logs/error.log.2023-03-08.gz HTTP/1.1" 200 1647 "-" "Mozilla/5.0 (compatible; DotBot/1.2; +https://opensiteexplorer.org/dotbot; help@moz.com)" 
216.244.66.245 - - [29/Feb/2024:19:58:09 -0800] "GET /self.logs/error.log.2023-03-16.gz HTTP/1.1" 200 2171 "-" "Mozilla/5.0 (compatible; DotBot/1.2; +https://opensiteexplorer.org/dotbot; help@moz.com)" 
216.244.66.245 - - [29/Feb/2024:19:59:09 -0800] "GET /self.logs/error.log.2021-04-05.gz HTTP/1.1" 200 2833 "-" "Mozilla/5.0 (compatible; DotBot/1.2; +https://opensiteexplorer.org/dotbot; help@moz.com)" 
216.244.66.245 - - [29/Feb/2024:19:59:21 -0800] "GET /self.logs/error.log.2021-06-21.gz HTTP/1.1" 200 7537 "-" "Mozilla/5.0 (compatible; DotBot/1.2; +https://opensiteexplorer.org/dotbot; help@moz.com)" 
216.244.66.245 - - [29/Feb/2024:19:59:51 -0800] "GET /self.logs/error.log.2022-04-25.gz HTTP/1.1" 200 3302 "-" "Mozilla/5.0 (compatible; DotBot/1.2; +https://opensiteexplorer.org/dotbot; help@moz.com)" 
216.244.66.245 - - [29/Feb/2024:20:00:19 -0800] "GET /self.logs/error.log.2022-08-05.gz HTTP/1.1" 200 2411 "-" "Mozilla/5.0 (compatible; DotBot/1.2; +https://opensiteexplorer.org/dotbot; help@moz.com)" 
216.244.66.245 - - [29/Feb/2024:20:00:41 -0800] "GET /self.logs/error.log.2023-06-05.gz HTTP/1.1" 200 11159 "-" "Mozilla/5.0 (compatible; DotBot/1.2; +https://opensiteexplorer.org/dotbot; help@moz.com)" 
216.244.66.245 - - [29/Feb/2024:20:01:05 -0800] "GET /self.logs/access.log.2023-04-21.gz HTTP/1.1" 200 64813 "-" "Mozilla/5.0 (compatible; DotBot/1.2; +https://opensiteexplorer.org/dotbot; help@moz.com)" 
216.244.66.245 - - [29/Feb/2024:20:03:17 -0800] "GET /self.logs/2015/?C=N;O=A HTTP/1.1" 200 66834 "-" "Mozilla/5.0 (compatible; DotBot/1.2; +https://opensiteexplorer.org/dotbot; help@moz.com)" 
216.244.66.245 - - [29/Feb/2024:20:04:07 -0800] "GET /self.logs/error.log.2018-03-12.gz HTTP/1.1" 200 7864 "-" "Mozilla/5.0 (compatible; DotBot/1.2; +https://opensiteexplorer.org/dotbot; help@moz.com)" 
216.244.66.245 - - [29/Feb/2024:20:04:41 -0800] "GET /self.logs/error.log.2019-03-09.gz HTTP/1.1" 200 4665 "-" "Mozilla/5.0 (compatible; DotBot/1.2; +https://opensiteexplorer.org/dotbot; help@moz.com)" 
216.244.66.245 - - [29/Feb/2024:20:05:10 -0800] "GET /self.logs/error.log.2019-03-26.gz HTTP/1.1" 200 5564 "-" "Mozilla/5.0 (compatible; DotBot/1.2; +https://opensiteexplorer.org/dotbot; help@moz.com)" 
216.244.66.245 - - [29/Feb/2024:20:05:42 -0800] "GET /self.logs/error.log.2019-06-26.gz HTTP/1.1" 200 2337 "-" "Mozilla/5.0 (compatible; DotBot/1.2; +https://opensiteexplorer.org/dotbot; help@moz.com)" 
216.244.66.245 - - [29/Feb/2024:20:06:32 -0800] "GET /self.logs/error.log.2019-08-15.gz HTTP/1.1" 200 1233 "-" "Mozilla/5.0 (compatible; DotBot/1.2; +https://opensiteexplorer.org/dotbot; help@moz.com)" 
216.244.66.245 - - [29/Feb/2024:20:07:01 -0800] "GET /self.logs/error.log.2019-10-06.gz HTTP/1.1" 200 1562 "-" "Mozilla/5.0 (compatible; DotBot/1.2; +https://opensiteexplorer.org/dotbot; help@moz.com)" 
216.244.66.245 - - [29/Feb/2024:20:07:29 -0800] "GET /self.logs/error.log.2019-11-30.gz HTTP/1.1" 200 2067 "-" "Mozilla/5.0 (compatible; DotBot/1.2; +https://opensiteexplorer.org/dotbot; help@moz.com)" 
216.244.66.245 - - [29/Feb/2024:20:08:02 -0800] "GET /self.logs/error.log.2023-07-16 HTTP/1.1" 200 307 "-" "Mozilla/5.0 (compatible; DotBot/1.2; +https://opensiteexplorer.org/dotbot; help@moz.com)" 
216.244.66.245 - - [29/Feb/2024:20:08:30 -0800] "GET /self.logs/error.log.2023-07-21.gz HTTP/1.1" 200 1236 "-" "Mozilla/5.0 (compatible; DotBot/1.2; +https://opensiteexplorer.org/dotbot; help@moz.com)" 
216.244.66.245 - - [29/Feb/2024:20:08:57 -0800] "GET /self.logs/error.log.2023-08-19.gz HTTP/1.1" 200 2182 "-" "Mozilla/5.0 (compatible; DotBot/1.2; +https://opensiteexplorer.org/dotbot; help@moz.com)" 
216.244.66.245 - - [29/Feb/2024:20:09:23 -0800] "GET /self.logs/access.log.2023-05-21.gz HTTP/1.1" 200 13636 "-" "Mozilla/5.0 (compatible; DotBot/1.2; +https://opensiteexplorer.org/dotbot; help@moz.com)" 
216.244.66.245 - - [29/Feb/2024:20:09:50 -0800] "GET /self.logs/access.log.2023-06-07.gz HTTP/1.1" 200 20274 "-" "Mozilla/5.0 (compatible; DotBot/1.2; +https://opensiteexplorer.org/dotbot; help@moz.com)" 
216.244.66.245 - - [29/Feb/2024:20:15:42 -0800] "GET /self.logs/access.log.2022-11-07.gz HTTP/1.1" 200 13090 "-" "Mozilla/5.0 (compatible; DotBot/1.2; +https://opensiteexplorer.org/dotbot; help@moz.com)" 
216.244.66.245 - - [29/Feb/2024:20:16:23 -0800] "GET /self.logs/error.log.2017-12-06.gz HTTP/1.1" 200 3069 "-" "Mozilla/5.0 (compatible; DotBot/1.2; +https://opensiteexplorer.org/dotbot; help@moz.com)" 
17.241.75.42 - - [29/Feb/2024:20:35:09 -0800] "GET /self.logs/error.log.2020-01-29 HTTP/1.1" 200 1312 "-" "Mozilla/5.0 (Macintosh; Intel Mac OS X 10_15_5) AppleWebKit/605.1.15 (KHTML, like Gecko) Version/13.1.1 Safari/605.1.15 (Applebot/0.1; +http://www.apple.com/go/applebot)" 
216.244.66.245 - - [29/Feb/2024:20:35:48 -0800] "GET /robots.txt HTTP/1.1" 200 333 "-" "Mozilla/5.0 (compatible; DotBot/1.2; +https://opensiteexplorer.org/dotbot; help@moz.com)" 
88.216.2.82 - - [29/Feb/2024:20:37:31 -0800] "GET /robots.txt HTTP/1.0" 200 340 "-" "Mozilla/4.0 (compatible; fluid/0.0; +http://www.leak.info/bot.html)" 
42.236.17.125 - - [29/Feb/2024:20:48:57 -0800] "GET / HTTP/1.1" 200 13183 "http://www.secrepo.com/" "Mozilla/5.0 (Windows NT 6.1; WOW64) AppleWebKit/537.36 (KHTML, like Gecko) Chrome/50.0.2661.102 Safari/537.36; 360Spider" 
216.244.66.245 - - [29/Feb/2024:20:56:05 -0800] "GET /self.logs/error.log.2017-04-22.gz HTTP/1.1" 200 753 "-" "Mozilla/5.0 (compatible; DotBot/1.2; +https://opensiteexplorer.org/dotbot; help@moz.com)" 
216.244.66.245 - - [29/Feb/2024:20:56:10 -0800] "GET /self.logs/error.log.2017-10-07.gz HTTP/1.1" 200 2748 "-" "Mozilla/5.0 (compatible; DotBot/1.2; +https://opensiteexplorer.org/dotbot; help@moz.com)" 
216.244.66.245 - - [29/Feb/2024:20:56:14 -0800] "GET /self.logs/error.log.2023-08-31.gz HTTP/1.1" 200 3601 "-" "Mozilla/5.0 (compatible; DotBot/1.2; +https://opensiteexplorer.org/dotbot; help@moz.com)" 
3.221.137.102 - - [29/Feb/2024:20:57:34 -0800] "GET /robots.txt HTTP/1.1" 301 495 "-" "amazon-kendra-customer-id-7ef387b590a0d017bc16c423aea2f621571da58fc7df8dcdd606efa762000bb4c50f08bf94cd1257be3c70d6f1976cb9" 
3.221.137.102 - - [29/Feb/2024:20:57:34 -0800] "GET /robots.txt HTTP/1.1" 200 377 "-" "amazon-kendra-customer-id-7ef387b590a0d017bc16c423aea2f621571da58fc7df8dcdd606efa762000bb4c50f08bf94cd1257be3c70d6f1976cb9" 
47.243.9.61 - - [29/Feb/2024:21:00:34 -0800] "GET / HTTP/1.1" 301 438 "-" "Mozilla/5.0 (Macintosh; Intel Mac OS X 10_14_6) AppleWebKit/537.36 (KHTML, like Gecko) Chrome/76.0.3809.132 Safari/537.36" 
47.243.9.61 - - [29/Feb/2024:21:00:35 -0800] "GET / HTTP/1.1" 200 13148 "-" "Mozilla/5.0 (Macintosh; Intel Mac OS X 10_14_6) AppleWebKit/537.36 (KHTML, like Gecko) Chrome/76.0.3809.132 Safari/537.36" 
47.243.9.61 - - [29/Feb/2024:21:00:37 -0800] "GET / HTTP/1.1" 200 13148 "-" "Mozilla/5.0 (Macintosh; Intel Mac OS X 10_14_6) AppleWebKit/537.36 (KHTML, like Gecko) Chrome/76.0.3809.132 Safari/537.36" 
47.243.9.61 - - [29/Feb/2024:21:00:38 -0800] "GET /bootstrap/img/favicon.ico HTTP/1.1" 200 669 "-" "fasthttp" 
47.243.9.61 - - [29/Feb/2024:21:00:41 -0800] "GET /bootstrap/img/favicon.ico HTTP/1.1" 200 669 "-" "fasthttp" 
103.131.71.200 - - [29/Feb/2024:21:01:42 -0800] "GET /robots.txt HTTP/1.1" 301 458 "-" "Mozilla/5.0 (compatible; coccocbot-image/1.0; +http://help.coccoc.com/searchengine)" 
103.131.71.200 - - [29/Feb/2024:21:01:45 -0800] "GET /robots.txt HTTP/1.1" 200 340 "-" "Mozilla/5.0 (compatible; coccocbot-image/1.0; +http://help.coccoc.com/searchengine)" 
216.244.66.245 - - [29/Feb/2024:21:02:56 -0800] "GET /self.logs/access.log.2020-02-22.gz HTTP/1.1" 200 13740 "-" "Mozilla/5.0 (compatible; DotBot/1.2; +https://opensiteexplorer.org/dotbot; help@moz.com)" 
216.244.66.245 - - [29/Feb/2024:21:03:03 -0800] "GET /self.logs/access.log.2020-04-12.gz HTTP/1.1" 200 14813 "-" "Mozilla/5.0 (compatible; DotBot/1.2; +https://opensiteexplorer.org/dotbot; help@moz.com)" 
216.244.66.245 - - [29/Feb/2024:21:03:44 -0800] "GET /self.logs/access.log.2021-12-20.gz HTTP/1.1" 200 14378 "-" "Mozilla/5.0 (compatible; DotBot/1.2; +https://opensiteexplorer.org/dotbot; help@moz.com)" 
216.244.66.245 - - [29/Feb/2024:21:04:15 -0800] "GET /self.logs/access.log.2022-02-04.gz HTTP/1.1" 200 7414 "-" "Mozilla/5.0 (compatible; DotBot/1.2; +https://opensiteexplorer.org/dotbot; help@moz.com)" 
72.90.81.11 - - [29/Feb/2024:21:04:24 -0800] "HEAD / HTTP/1.1" 200 425 "-" "Mozilla/5.0 (compatible; Fess/14.10; +http://fess.codelibs.org/bot.html)" 
72.90.81.11 - - [29/Feb/2024:21:04:24 -0800] "GET / HTTP/1.1" 200 13162 "-" "Mozilla/5.0 (compatible; Fess/14.10; +http://fess.codelibs.org/bot.html)" 
216.244.66.245 - - [29/Feb/2024:21:05:01 -0800] "GET /self.logs/access.log.2022-06-15.gz HTTP/1.1" 200 12916 "-" "Mozilla/5.0 (compatible; DotBot/1.2; +https://opensiteexplorer.org/dotbot; help@moz.com)" 
216.244.66.245 - - [29/Feb/2024:21:06:40 -0800] "GET /self.logs/access.log.2022-12-09.gz HTTP/1.1" 200 14691 "-" "Mozilla/5.0 (compatible; DotBot/1.2; +https://opensiteexplorer.org/dotbot; help@moz.com)" 
95.223.45.41 - - [29/Feb/2024:21:09:56 -0800] "GET / HTTP/1.1" 200 13185 "-" "Mozilla/5.0 (Macintosh; Intel Mac OS X 10_15_7) AppleWebKit/605.1.15 (KHTML, like Gecko) Version/17.2.1 Safari/605.1.15" 
95.223.45.41 - - [29/Feb/2024:21:09:56 -0800] "GET /twitter-icon.png HTTP/1.1" 200 27893 "http://www.secrepo.com/" "Mozilla/5.0 (Macintosh; Intel Mac OS X 10_15_7) AppleWebKit/605.1.15 (KHTML, like Gecko) Version/17.2.1 Safari/605.1.15" 
95.223.45.41 - - [29/Feb/2024:21:09:57 -0800] "GET /GitHub-Mark.png HTTP/1.1" 200 7533 "http://www.secrepo.com/" "Mozilla/5.0 (Macintosh; Intel Mac OS X 10_15_7) AppleWebKit/605.1.15 (KHTML, like Gecko) Version/17.2.1 Safari/605.1.15" 
95.223.45.41 - - [29/Feb/2024:21:09:57 -0800] "GET /css/style.css HTTP/1.1" 404 328 "http://www.secrepo.com/" "Mozilla/5.0 (Macintosh; Intel Mac OS X 10_15_7) AppleWebKit/605.1.15 (KHTML, like Gecko) Version/17.2.1 Safari/605.1.15" 
72.90.81.11 - - [29/Feb/2024:21:11:44 -0800] "HEAD / HTTP/1.1" 200 425 "-" "Mozilla/5.0 (compatible; Fess/14.10; +http://fess.codelibs.org/bot.html)" 
198.135.49.154 - - [29/Feb/2024:21:15:02 -0800] "GET / HTTP/1.1" 200 13188 "-" "Mozilla/5.0 (Macintosh; Intel Mac OS X 10_15_7) AppleWebKit/605.1.15 (KHTML, like Gecko)" 
198.135.49.154 - - [29/Feb/2024:21:15:03 -0800] "GET /apple-touch-icon-precomposed.png HTTP/1.1" 404 328 "-" "Safari%E6%B5%8F%E8%A7%88%E5%99%A8/16615.3.12.11.5 CFNetwork/1240.0.4.5 Darwin/20.6.0" 
198.135.49.154 - - [29/Feb/2024:21:15:03 -0800] "GET /apple-touch-icon.png HTTP/1.1" 404 328 "-" "Safari%E6%B5%8F%E8%A7%88%E5%99%A8/16615.3.12.11.5 CFNetwork/1240.0.4.5 Darwin/20.6.0" 
198.135.49.154 - - [29/Feb/2024:21:15:04 -0800] "GET /bootstrap/img/favicon.ico HTTP/1.1" 200 713 "-" "Safari%E6%B5%8F%E8%A7%88%E5%99%A8/16615.3.12.11.5 CFNetwork/1240.0.4.5 Darwin/20.6.0" 
198.135.49.154 - - [29/Feb/2024:21:15:04 -0800] "GET / HTTP/1.1" 200 13186 "-" "Mozilla/5.0 (iPhone; CPU iPhone OS 16_4 like Mac OS X) AppleWebKit/605.1.15 (KHTML, like Gecko) Version/16.4 Mobile/15E148 Safari/604.1" 
198.135.49.154 - - [29/Feb/2024:21:15:05 -0800] "GET /apple-touch-icon-precomposed.png HTTP/1.1" 404 328 "-" "Safari%E6%B5%8F%E8%A7%88%E5%99%A8/16615.3.12.11.5 CFNetwork/1240.0.4.5 Darwin/20.6.0" 
198.135.49.154 - - [29/Feb/2024:21:15:05 -0800] "GET /apple-touch-icon.png HTTP/1.1" 404 328 "-" "Safari%E6%B5%8F%E8%A7%88%E5%99%A8/16615.3.12.11.5 CFNetwork/1240.0.4.5 Darwin/20.6.0" 
40.77.167.85 - - [29/Feb/2024:21:26:40 -0800] "GET /robots.txt HTTP/1.1" 301 495 "-" "Mozilla/5.0 AppleWebKit/537.36 (KHTML, like Gecko; compatible; bingbot/2.0; +http://www.bing.com/bingbot.htm) Chrome/116.0.1938.76 Safari/537.36" 
40.77.167.85 - - [29/Feb/2024:21:26:40 -0800] "GET /robots.txt HTTP/1.1" 200 377 "-" "Mozilla/5.0 AppleWebKit/537.36 (KHTML, like Gecko; compatible; bingbot/2.0; +http://www.bing.com/bingbot.htm) Chrome/116.0.1938.76 Safari/537.36" 
