130.85.236.212 - - [06/May/2019:19:12:59 -0700] "GET / HTTP/1.1" 200 12511 "-" "Mozilla/5.0 (Macintosh; Intel Mac OS X 10_14_4) AppleWebKit/605.1.15 (KHTML, like Gecko) Version/12.1 Safari/605.1.15" 
130.85.236.212 - - [06/May/2019:19:12:59 -0700] "GET /twitter-icon.png HTTP/1.1" 200 27787 "http://www.secrepo.com/" "Mozilla/5.0 (Macintosh; Intel Mac OS X 10_14_4) AppleWebKit/605.1.15 (KHTML, like Gecko) Version/12.1 Safari/605.1.15" 
130.85.236.212 - - [06/May/2019:19:12:59 -0700] "GET /GitHub-Mark.png HTTP/1.1" 200 7428 "http://www.secrepo.com/" "Mozilla/5.0 (Macintosh; Intel Mac OS X 10_14_4) AppleWebKit/605.1.15 (KHTML, like Gecko) Version/12.1 Safari/605.1.15" 
130.85.236.212 - - [06/May/2019:19:12:59 -0700] "GET /bootstrap/img/favicon.ico HTTP/1.1" 200 590 "http://www.secrepo.com/" "Mozilla/5.0 (Macintosh; Intel Mac OS X 10_14_4) AppleWebKit/605.1.15 (KHTML, like Gecko) Version/12.1 Safari/605.1.15" 
220.175.95.10 - - [06/May/2019:19:12:52 -0700] "GET /auth.log/auth.log.gz HTTP/1.1" 200 615513 "-" "Mozilla/4.0 (compatible; MSIE 8.0; Windows NT 6.1; WOW64; Trident/4.0; SLCC2; .NET CLR 2.0.50727; .NET CLR 3.5.30729; .NET CLR 3.0.30729; Media Center PC 6.0; .NET4.0C; .NET4.0E; InfoPath.2)" 
220.175.95.10 - - [06/May/2019:19:13:02 -0700] "GET /honeypot/honeypot.json.zip HTTP/1.1" 200 67200 "-" "Mozilla/4.0 (compatible; MSIE 8.0; Windows NT 6.1; WOW64; Trident/4.0; SLCC2; .NET CLR 2.0.50727; .NET CLR 3.5.30729; .NET CLR 3.0.30729; Media Center PC 6.0; .NET4.0C; .NET4.0E; InfoPath.2)" 
220.175.95.10 - - [06/May/2019:19:13:02 -0700] "GET /Security-Data-Analysis/Lab_1/conn.log.zip HTTP/1.1" 200 58800 "-" "Mozilla/4.0 (compatible; MSIE 8.0; Windows NT 6.1; WOW64; Trident/4.0; SLCC2; .NET CLR 2.0.50727; .NET CLR 3.5.30729; .NET CLR 3.0.30729; Media Center PC 6.0; .NET4.0C; .NET4.0E; InfoPath.2)" 
220.175.95.10 - - [06/May/2019:19:13:37 -0700] "GET / HTTP/1.1" 301 498 "-" "Mozilla/4.0 (compatible; MSIE 8.0; Windows NT 6.1; WOW64; Trident/4.0; SLCC2; .NET CLR 2.0.50727; .NET CLR 3.5.30729; .NET CLR 3.0.30729; Media Center PC 6.0; .NET4.0C; .NET4.0E; InfoPath.2)" 
220.175.95.10 - - [06/May/2019:19:13:38 -0700] "GET / HTTP/1.1" 200 46424 "-" "Mozilla/4.0 (compatible; MSIE 8.0; Windows NT 6.1; WOW64; Trident/4.0; SLCC2; .NET CLR 2.0.50727; .NET CLR 3.5.30729; .NET CLR 3.0.30729; Media Center PC 6.0; .NET4.0C; .NET4.0E; InfoPath.2)" 
220.175.95.10 - - [06/May/2019:19:13:39 -0700] "GET / HTTP/1.1" 301 498 "-" "Mozilla/4.0 (compatible; MSIE 8.0; Windows NT 6.1; WOW64; Trident/4.0; SLCC2; .NET CLR 2.0.50727; .NET CLR 3.5.30729; .NET CLR 3.0.30729; Media Center PC 6.0; .NET4.0C; .NET4.0E; InfoPath.2)" 
220.175.95.10 - - [06/May/2019:19:13:39 -0700] "GET / HTTP/1.1" 200 46368 "-" "Mozilla/4.0 (compatible; MSIE 8.0; Windows NT 6.1; WOW64; Trident/4.0; SLCC2; .NET CLR 2.0.50727; .NET CLR 3.5.30729; .NET CLR 3.0.30729; Media Center PC 6.0; .NET4.0C; .NET4.0E; InfoPath.2)" 
14.215.176.21 - - [06/May/2019:19:19:48 -0700] "GET / HTTP/1.1" 200 12511 "http://www.baidu.com/s?wd=carefulgqi" "Mozilla/5.0 (Windows NT 6.1; WOW64; rv:43.0) Gecko/20100101 Firefox/43.0" 
54.36.149.76 - - [06/May/2019:19:21:09 -0700] "GET /robots.txt HTTP/1.1" 200 304 "-" "Mozilla/5.0 (compatible; AhrefsBot/6.1; +http://ahrefs.com/robot/)" 
157.55.39.166 - - [06/May/2019:19:26:09 -0700] "GET /self.logs/2015/error.log.2015-12-04.gz HTTP/1.1" 200 683 "-" "Mozilla/5.0 (compatible; bingbot/2.0; +http://www.bing.com/bingbot.htm)" 
13.66.139.0 - - [06/May/2019:19:27:53 -0700] "GET /self.logs/error.log.2019-01-19.gz HTTP/1.1" 200 4397 "-" "Mozilla/5.0 (compatible; bingbot/2.0; +http://www.bing.com/bingbot.htm)" 
52.212.146.96 - - [06/May/2019:19:30:01 -0700] "GET /self.logs/access.log.2019-04-30.gz HTTP/1.1" 200 24903 "-" "python-requests/2.12.1" 
52.212.146.96 - - [06/May/2019:19:30:02 -0700] "GET /self.logs/access.log.2019-05-01.gz HTTP/1.1" 200 37956 "-" "python-requests/2.12.1" 
52.212.146.96 - - [06/May/2019:19:30:02 -0700] "GET /self.logs/access.log.2019-05-02.gz HTTP/1.1" 200 17149 "-" "python-requests/2.12.1" 
52.212.146.96 - - [06/May/2019:19:30:02 -0700] "GET /self.logs/access.log.2019-05-03.gz HTTP/1.1" 200 23916 "-" "python-requests/2.12.1" 
52.212.146.96 - - [06/May/2019:19:30:03 -0700] "GET /self.logs/access.log.2019-05-04.gz HTTP/1.1" 404 340 "-" "python-requests/2.12.1" 
52.212.146.96 - - [06/May/2019:19:30:03 -0700] "GET /self.logs/access.log.2019-05-05.gz HTTP/1.1" 404 340 "-" "python-requests/2.12.1" 
52.212.146.96 - - [06/May/2019:19:30:03 -0700] "GET /self.logs/access.log.2019-05-06.gz HTTP/1.1" 404 340 "-" "python-requests/2.12.1" 
207.46.13.95 - - [06/May/2019:19:30:11 -0700] "GET /self.logs/access.log.2017-07-18.gz HTTP/1.1" 304 189 "-" "Mozilla/5.0 (compatible; bingbot/2.0; +http://www.bing.com/bingbot.htm)" 
181.164.11.76 - - [06/May/2019:19:31:08 -0700] "GET /wp-login.php HTTP/1.1" 418 732 "-" "Mozilla/5.0 (Windows NT 6.1; WOW64; rv:40.0) Gecko/20100101 Firefox/40.1" 
47.75.249.244 - - [06/May/2019:19:33:55 -0700] "GET /favicon.ico HTTP/1.1" 200 268 "-" "Mozilla/5.0 (Windows NT 6.1; WOW64) AppleWebKit/537.36 (KHTML, like Gecko) Chrome/63.0.3239.132 Safari/537.36" 
108.59.0.40 - - [06/May/2019:19:34:24 -0700] "GET / HTTP/1.1" 200 12511 "-" "Vienna/7074 (Macintosh; Intel macOS 10_13_6)" 
108.168.18.43 - - [06/May/2019:19:40:30 -0700] "GET / HTTP/1.1" 200 12511 "-" "Mozilla/5.0 (Macintosh; Intel Mac OS X 10.12; rv:67.0) Gecko/20100101 Firefox/67.0" 
108.168.18.43 - - [06/May/2019:19:40:30 -0700] "GET /twitter-icon.png HTTP/1.1" 200 27787 "http://www.secrepo.com/" "Mozilla/5.0 (Macintosh; Intel Mac OS X 10.12; rv:67.0) Gecko/20100101 Firefox/67.0" 
108.168.18.43 - - [06/May/2019:19:40:30 -0700] "GET /GitHub-Mark.png HTTP/1.1" 200 7428 "http://www.secrepo.com/" "Mozilla/5.0 (Macintosh; Intel Mac OS X 10.12; rv:67.0) Gecko/20100101 Firefox/67.0" 
108.168.18.43 - - [06/May/2019:19:40:31 -0700] "GET /bootstrap/img/favicon.ico HTTP/1.1" 200 589 "-" "Mozilla/5.0 (Macintosh; Intel Mac OS X 10.12; rv:67.0) Gecko/20100101 Firefox/67.0" 
60.168.149.11 - - [06/May/2019:19:40:45 -0700] "GET /favicon.ico HTTP/1.1" 200 268 "-" "Mozilla/5.0 (Windows NT 10.0; Win64; x64; rv:66.0) Gecko/20100101 Firefox/66.0" 
60.168.149.11 - - [06/May/2019:19:40:46 -0700] "GET /twitter-icon.png HTTP/1.1" 200 27788 "http://www.secrepo.com/" "Mozilla/5.0 (Windows NT 10.0; Win64; x64; rv:66.0) Gecko/20100101 Firefox/66.0" 
60.168.149.11 - - [06/May/2019:19:40:46 -0700] "GET /GitHub-Mark.png HTTP/1.1" 200 7428 "http://www.secrepo.com/" "Mozilla/5.0 (Windows NT 10.0; Win64; x64; rv:66.0) Gecko/20100101 Firefox/66.0" 
60.168.149.11 - - [06/May/2019:19:40:48 -0700] "GET /bootstrap/img/favicon.ico HTTP/1.1" 200 590 "-" "Mozilla/5.0 (Windows NT 10.0; Win64; x64; rv:66.0) Gecko/20100101 Firefox/66.0" 
207.46.13.95 - - [06/May/2019:19:41:13 -0700] "GET /self.logs/2015/access.log.2015-09-19.gz HTTP/1.1" 200 5528 "-" "Mozilla/5.0 (compatible; bingbot/2.0; +http://www.bing.com/bingbot.htm)" 
82.165.85.135 - - [06/May/2019:19:42:08 -0700] "GET /wp-admin/ HTTP/1.1" 301 479 "-" "-" 
82.165.81.98 - - [06/May/2019:19:49:20 -0700] "GET /test/wp-admin/ HTTP/1.1" 301 489 "-" "-" 
37.187.143.98 - - [06/May/2019:19:56:38 -0700] "GET /wordpress/wp-admin/ HTTP/1.1" 301 499 "-" "-" 
13.250.226.6 - - [06/May/2019:20:03:53 -0700] "GET /blog/wp-admin/ HTTP/1.1" 301 489 "-" "-" 
201.248.25.75 - - [06/May/2019:20:05:13 -0700] "GET /wp-login.php HTTP/1.1" 418 732 "-" "Mozilla/5.0 (Windows NT 6.1; WOW64; rv:40.0) Gecko/20100101 Firefox/40.1" 
201.248.25.75 - - [06/May/2019:20:05:14 -0700] "GET / HTTP/1.1" 418 732 "-" "Mozilla/5.0 (Windows NT 6.1; WOW64; rv:40.0) Gecko/20100101 Firefox/40.1" 
115.239.212.137 - - [06/May/2019:20:07:55 -0700] "GET / HTTP/1.1" 301 483 "http://www.baidu.com/s?wd=older64n" "Mozilla/5.0 (Windows NT 6.1; WOW64; rv:43.0) Gecko/20100101 Firefox/43.0" 
115.239.212.136 - - [06/May/2019:20:07:56 -0700] "GET / HTTP/1.1" 200 12511 "-" "Mozilla/5.0 (Windows NT 6.1; WOW64; rv:43.0) Gecko/20100101 Firefox/43.0" 
104.225.144.38 - - [06/May/2019:20:07:59 -0700] "GET / HTTP/1.1" 301 483 "-" "Mozilla/5.0 (Windows NT 10.0; Win64; x64) AppleWebKit/537.36 (KHTML, like Gecko) Chrome/72.0.3626.121 Safari/537.36" 
104.225.144.38 - - [06/May/2019:20:08:00 -0700] "GET / HTTP/1.1" 200 12511 "-" "Mozilla/5.0 (Windows NT 10.0; Win64; x64) AppleWebKit/537.36 (KHTML, like Gecko) Chrome/72.0.3626.121 Safari/537.36" 
104.225.144.38 - - [06/May/2019:20:08:03 -0700] "GET / HTTP/1.1" 200 12511 "-" "Mozilla/5.0 (Windows NT 10.0; Win64; x64) AppleWebKit/537.36 (KHTML, like Gecko) Chrome/72.0.3626.121 Safari/537.36" 
104.225.144.38 - - [06/May/2019:20:08:04 -0700] "GET /GitHub-Mark.png HTTP/1.1" 200 7427 "http://www.secrepo.com/" "Mozilla/5.0 (Windows NT 10.0; Win64; x64) AppleWebKit/537.36 (KHTML, like Gecko) Chrome/72.0.3626.121 Safari/537.36" 
104.225.144.38 - - [06/May/2019:20:08:06 -0700] "GET /bootstrap/img/favicon.ico HTTP/1.1" 200 590 "http://www.secrepo.com/" "Mozilla/5.0 (Windows NT 10.0; Win64; x64) AppleWebKit/537.36 (KHTML, like Gecko) Chrome/72.0.3626.121 Safari/537.36" 
104.225.144.38 - - [06/May/2019:20:08:58 -0700] "GET /pe_static/zeus.zip HTTP/1.1" 200 1100840 "-" "Mozilla/5.0 (Windows NT 10.0; Win64; x64) AppleWebKit/537.36 (KHTML, like Gecko) Chrome/72.0.3626.121 Safari/537.36" 
104.225.144.38 - - [06/May/2019:20:09:08 -0700] "GET /pe_static/apt1.zip HTTP/1.1" 200 1100840 "-" "Mozilla/5.0 (Windows NT 10.0; Win64; x64) AppleWebKit/537.36 (KHTML, like Gecko) Chrome/72.0.3626.121 Safari/537.36" 
104.225.144.38 - - [06/May/2019:20:09:10 -0700] "GET /pe_static/op-cleaver.zip HTTP/1.1" 200 710065 "-" "Mozilla/5.0 (Windows NT 10.0; Win64; x64) AppleWebKit/537.36 (KHTML, like Gecko) Chrome/72.0.3626.121 Safari/537.36" 
130.85.236.212 - - [06/May/2019:20:10:21 -0700] "GET / HTTP/1.1" 200 12511 "-" "Mozilla/5.0 (Macintosh; Intel Mac OS X 10_14_4) AppleWebKit/605.1.15 (KHTML, like Gecko) Version/12.1 Safari/605.1.15" 
130.85.236.212 - - [06/May/2019:20:10:21 -0700] "GET /twitter-icon.png HTTP/1.1" 200 27787 "http://www.secrepo.com/" "Mozilla/5.0 (Macintosh; Intel Mac OS X 10_14_4) AppleWebKit/605.1.15 (KHTML, like Gecko) Version/12.1 Safari/605.1.15" 
130.85.236.212 - - [06/May/2019:20:10:21 -0700] "GET /GitHub-Mark.png HTTP/1.1" 200 7428 "http://www.secrepo.com/" "Mozilla/5.0 (Macintosh; Intel Mac OS X 10_14_4) AppleWebKit/605.1.15 (KHTML, like Gecko) Version/12.1 Safari/605.1.15" 
222.82.89.58 - - [06/May/2019:20:10:34 -0700] "GET /pe_static/op-cleaver.zip HTTP/1.1" 200 710065 "-" "Mozilla/5.0 (Windows NT 10.0; Win64; x64) AppleWebKit/537.36 (KHTML, like Gecko) Chrome/67.0.3396.99 Safari/537.36" 
222.82.89.58 - - [06/May/2019:20:10:38 -0700] "GET /pe_static/op-cleaver.zip HTTP/1.1" 206 394200 "-" "Mozilla/5.0 (Windows NT 10.0; Win64; x64) AppleWebKit/537.36 (KHTML, like Gecko) Chrome/67.0.3396.99 Safari/537.36" 
222.82.89.58 - - [06/May/2019:20:10:38 -0700] "GET /pe_static/op-cleaver.zip HTTP/1.1" 206 362080 "-" "Mozilla/5.0 (Windows NT 10.0; Win64; x64) AppleWebKit/537.36 (KHTML, like Gecko) Chrome/67.0.3396.99 Safari/537.36" 
50.87.144.129 - - [06/May/2019:20:11:19 -0700] "GET /wp/wp-admin/ HTTP/1.1" 301 485 "-" "-" 
41.223.160.131 - - [06/May/2019:20:12:39 -0700] "GET /tg/tg_snort_fast.7z HTTP/1.1" 304 131 "-" "Mozilla/5.0 Gecko/20100115 Firefox/3.6" 
41.223.160.131 - - [06/May/2019:20:15:45 -0700] "GET /maccdc2012/dns.log.gz HTTP/1.1" 304 154 "-" "Mozilla/5.0 Gecko/20100115 Firefox/3.6" 
106.120.173.159 - - [06/May/2019:20:15:56 -0700] "GET / HTTP/1.1" 301 446 "-" "Sogou web spider/4.0(+http://www.sogou.com/docs/help/webmasters.htm#07)" 
106.120.173.159 - - [06/May/2019:20:16:09 -0700] "GET / HTTP/1.1" 200 12474 "-" "Sogou web spider/4.0(+http://www.sogou.com/docs/help/webmasters.htm#07)" 
106.120.173.159 - - [06/May/2019:20:17:01 -0700] "GET / HTTP/1.1" 200 12474 "-" "Sogou web spider/4.0(+http://www.sogou.com/docs/help/webmasters.htm#07)" 
113.171.224.176 - - [06/May/2019:20:17:25 -0700] "GET /honeypot/Honeypot%20-%20Howto.pdf HTTP/1.1" 200 61320 "-" "Mozilla/5.0 Gecko/20100115 Firefox/3.6" 
106.120.173.159 - - [06/May/2019:20:17:49 -0700] "GET /robots.txt HTTP/1.1" 301 481 "-" "Sogou web spider/4.0(+http://www.sogou.com/docs/help/webmasters.htm#07)" 
13.66.139.0 - - [06/May/2019:20:18:42 -0700] "GET /self.logs/access.log.2018-06-30.gz HTTP/1.1" 200 20997 "-" "Mozilla/5.0 (compatible; bingbot/2.0; +http://www.bing.com/bingbot.htm)" 
45.40.166.146 - - [06/May/2019:20:18:53 -0700] "GET /old/wp-admin/ HTTP/1.1" 301 487 "-" "-" 
34.220.44.34 - - [06/May/2019:20:19:47 -0700] "GET / HTTP/1.1" 200 46368 "-" "Mozilla/5.0 (Windows NT 6.1; Win64; x64) AppleWebKit/537.36 (KHTML, like Gecko) Chrome/72.0.3626.109 Safari/537.36" 
13.66.139.0 - - [06/May/2019:20:20:07 -0700] "GET /self.logs/access.log.2018-08-01.gz HTTP/1.1" 200 45187 "-" "Mozilla/5.0 (compatible; bingbot/2.0; +http://www.bing.com/bingbot.htm)" 
157.55.39.166 - - [06/May/2019:20:28:23 -0700] "GET /self.logs/error.log.2017-12-23.gz HTTP/1.1" 200 1430 "-" "Mozilla/5.0 (compatible; bingbot/2.0; +http://www.bing.com/bingbot.htm)" 
165.225.110.217 - - [06/May/2019:20:30:05 -0700] "GET /bootstrap/img/favicon.ico HTTP/1.1" 200 590 "-" "Mozilla/5.0 (Windows NT 10.0; Win64; x64; rv:66.0) Gecko/20100101 Firefox/66.0" 
31.13.127.14 - - [06/May/2019:20:31:29 -0700] "GET /twitter-icon.png HTTP/1.1" 200 27788 "-" "facebookexternalhit/1.1 (+http://www.facebook.com/externalhit_uatext.php)" 
40.77.167.106 - - [06/May/2019:20:32:10 -0700] "GET /self.logs/access.log.2017-11-16.gz HTTP/1.1" 200 27198 "-" "Mozilla/5.0 (compatible; bingbot/2.0; +http://www.bing.com/bingbot.htm)" 
108.59.0.40 - - [06/May/2019:20:33:44 -0700] "GET / HTTP/1.1" 200 12511 "-" "Vienna/7074 (Macintosh; Intel macOS 10_13_6)" 
13.66.139.0 - - [06/May/2019:20:33:59 -0700] "GET /self.logs/access.log.2018-06-29.gz HTTP/1.1" 200 39779 "-" "Mozilla/5.0 (compatible; bingbot/2.0; +http://www.bing.com/bingbot.htm)" 
176.8.91.216 - - [06/May/2019:20:49:51 -0700] "GET / HTTP/1.1" 301 498 "-" "Mozilla/5.0 (Windows NT 10.0; Win64; x64) AppleWebKit/537.36 (KHTML, like Gecko) Chrome/63.0.3239.132 Safari/537.36" 
176.8.91.216 - - [06/May/2019:20:49:51 -0700] "GET /wp-includes/wlwmanifest.xml HTTP/1.1" 301 551 "-" "Mozilla/5.0 (Windows NT 10.0; Win64; x64) AppleWebKit/537.36 (KHTML, like Gecko) Chrome/63.0.3239.132 Safari/537.36" 
176.8.91.216 - - [06/May/2019:20:49:52 -0700] "GET /xmlrpc.php?rsd HTTP/1.1" 301 525 "-" "Mozilla/5.0 (Windows NT 10.0; Win64; x64) AppleWebKit/537.36 (KHTML, like Gecko) Chrome/63.0.3239.132 Safari/537.36" 
176.8.91.216 - - [06/May/2019:20:49:52 -0700] "GET / HTTP/1.1" 301 497 "-" "Mozilla/5.0 (Windows NT 10.0; Win64; x64) AppleWebKit/537.36 (KHTML, like Gecko) Chrome/63.0.3239.132 Safari/537.36" 
176.8.91.216 - - [06/May/2019:20:49:52 -0700] "GET /blog/wp-includes/wlwmanifest.xml HTTP/1.1" 301 561 "-" "Mozilla/5.0 (Windows NT 10.0; Win64; x64) AppleWebKit/537.36 (KHTML, like Gecko) Chrome/63.0.3239.132 Safari/537.36" 
176.8.91.216 - - [06/May/2019:20:49:52 -0700] "GET /web/wp-includes/wlwmanifest.xml HTTP/1.1" 301 559 "-" "Mozilla/5.0 (Windows NT 10.0; Win64; x64) AppleWebKit/537.36 (KHTML, like Gecko) Chrome/63.0.3239.132 Safari/537.36" 
176.8.91.216 - - [06/May/2019:20:49:52 -0700] "GET /wordpress/wp-includes/wlwmanifest.xml HTTP/1.1" 301 571 "-" "Mozilla/5.0 (Windows NT 10.0; Win64; x64) AppleWebKit/537.36 (KHTML, like Gecko) Chrome/63.0.3239.132 Safari/537.36" 
176.8.91.216 - - [06/May/2019:20:49:52 -0700] "GET /website/wp-includes/wlwmanifest.xml HTTP/1.1" 301 567 "-" "Mozilla/5.0 (Windows NT 10.0; Win64; x64) AppleWebKit/537.36 (KHTML, like Gecko) Chrome/63.0.3239.132 Safari/537.36" 
176.8.91.216 - - [06/May/2019:20:49:52 -0700] "GET /wp/wp-includes/wlwmanifest.xml HTTP/1.1" 301 557 "-" "Mozilla/5.0 (Windows NT 10.0; Win64; x64) AppleWebKit/537.36 (KHTML, like Gecko) Chrome/63.0.3239.132 Safari/537.36" 
176.8.91.216 - - [06/May/2019:20:49:52 -0700] "GET /news/wp-includes/wlwmanifest.xml HTTP/1.1" 301 561 "-" "Mozilla/5.0 (Windows NT 10.0; Win64; x64) AppleWebKit/537.36 (KHTML, like Gecko) Chrome/63.0.3239.132 Safari/537.36" 
176.8.91.216 - - [06/May/2019:20:49:52 -0700] "GET /2015/wp-includes/wlwmanifest.xml HTTP/1.1" 301 561 "-" "Mozilla/5.0 (Windows NT 10.0; Win64; x64) AppleWebKit/537.36 (KHTML, like Gecko) Chrome/63.0.3239.132 Safari/537.36" 
176.8.91.216 - - [06/May/2019:20:49:53 -0700] "GET /2016/wp-includes/wlwmanifest.xml HTTP/1.1" 301 561 "-" "Mozilla/5.0 (Windows NT 10.0; Win64; x64) AppleWebKit/537.36 (KHTML, like Gecko) Chrome/63.0.3239.132 Safari/537.36" 
176.8.91.216 - - [06/May/2019:20:49:53 -0700] "GET /2017/wp-includes/wlwmanifest.xml HTTP/1.1" 301 561 "-" "Mozilla/5.0 (Windows NT 10.0; Win64; x64) AppleWebKit/537.36 (KHTML, like Gecko) Chrome/63.0.3239.132 Safari/537.36" 
176.8.91.216 - - [06/May/2019:20:49:53 -0700] "GET /2018/wp-includes/wlwmanifest.xml HTTP/1.1" 301 561 "-" "Mozilla/5.0 (Windows NT 10.0; Win64; x64) AppleWebKit/537.36 (KHTML, like Gecko) Chrome/63.0.3239.132 Safari/537.36" 
176.8.91.216 - - [06/May/2019:20:49:53 -0700] "GET /shop/wp-includes/wlwmanifest.xml HTTP/1.1" 301 561 "-" "Mozilla/5.0 (Windows NT 10.0; Win64; x64) AppleWebKit/537.36 (KHTML, like Gecko) Chrome/63.0.3239.132 Safari/537.36" 
176.8.91.216 - - [06/May/2019:20:49:53 -0700] "GET /wp1/wp-includes/wlwmanifest.xml HTTP/1.1" 301 559 "-" "Mozilla/5.0 (Windows NT 10.0; Win64; x64) AppleWebKit/537.36 (KHTML, like Gecko) Chrome/63.0.3239.132 Safari/537.36" 
176.8.91.216 - - [06/May/2019:20:49:53 -0700] "GET /test/wp-includes/wlwmanifest.xml HTTP/1.1" 301 561 "-" "Mozilla/5.0 (Windows NT 10.0; Win64; x64) AppleWebKit/537.36 (KHTML, like Gecko) Chrome/63.0.3239.132 Safari/537.36" 
176.8.91.216 - - [06/May/2019:20:49:53 -0700] "GET /media/wp-includes/wlwmanifest.xml HTTP/1.1" 301 563 "-" "Mozilla/5.0 (Windows NT 10.0; Win64; x64) AppleWebKit/537.36 (KHTML, like Gecko) Chrome/63.0.3239.132 Safari/537.36" 
176.8.91.216 - - [06/May/2019:20:49:54 -0700] "GET /wp2/wp-includes/wlwmanifest.xml HTTP/1.1" 301 559 "-" "Mozilla/5.0 (Windows NT 10.0; Win64; x64) AppleWebKit/537.36 (KHTML, like Gecko) Chrome/63.0.3239.132 Safari/537.36" 
176.8.91.216 - - [06/May/2019:20:49:54 -0700] "GET /site/wp-includes/wlwmanifest.xml HTTP/1.1" 301 561 "-" "Mozilla/5.0 (Windows NT 10.0; Win64; x64) AppleWebKit/537.36 (KHTML, like Gecko) Chrome/63.0.3239.132 Safari/537.36" 
176.8.91.216 - - [06/May/2019:20:49:54 -0700] "GET /cms/wp-includes/wlwmanifest.xml HTTP/1.1" 301 559 "-" "Mozilla/5.0 (Windows NT 10.0; Win64; x64) AppleWebKit/537.36 (KHTML, like Gecko) Chrome/63.0.3239.132 Safari/537.36" 
176.8.91.216 - - [06/May/2019:20:49:54 -0700] "GET /sito/wp-includes/wlwmanifest.xml HTTP/1.1" 301 561 "-" "Mozilla/5.0 (Windows NT 10.0; Win64; x64) AppleWebKit/537.36 (KHTML, like Gecko) Chrome/63.0.3239.132 Safari/537.36" 
216.244.66.245 - - [06/May/2019:20:50:41 -0700] "GET /robots.txt HTTP/1.1" 200 233 "-" "Mozilla/5.0 (compatible; DotBot/1.1; http://www.opensiteexplorer.org/dotbot, help@moz.com)" 
207.46.13.95 - - [06/May/2019:20:54:39 -0700] "GET /self.logs/error.log.2017-11-03.gz HTTP/1.1" 200 1963 "-" "Mozilla/5.0 (compatible; bingbot/2.0; +http://www.bing.com/bingbot.htm)" 
207.46.13.95 - - [06/May/2019:20:56:51 -0700] "GET /self.logs/access.log.2017-10-18.gz HTTP/1.1" 304 189 "-" "Mozilla/5.0 (compatible; bingbot/2.0; +http://www.bing.com/bingbot.htm)" 
40.77.167.106 - - [06/May/2019:20:58:16 -0700] "GET /self.logs/2016/access.log.2016-08-08.gz HTTP/1.1" 200 8888 "-" "Mozilla/5.0 (compatible; bingbot/2.0; +http://www.bing.com/bingbot.htm)" 
157.55.39.182 - - [06/May/2019:20:59:50 -0700] "GET /self.logs/error.log.2018-04-22.gz HTTP/1.1" 200 4278 "-" "Mozilla/5.0 (compatible; bingbot/2.0; +http://www.bing.com/bingbot.htm)" 
40.77.167.106 - - [06/May/2019:21:00:22 -0700] "GET /self.logs/2016/access.log.2016-07-16.gz HTTP/1.1" 200 8693 "-" "Mozilla/5.0 (compatible; bingbot/2.0; +http://www.bing.com/bingbot.htm)" 
216.244.66.245 - - [06/May/2019:21:02:17 -0700] "GET /maccdc2012/conn.log.gz HTTP/1.1" 200 31979840 "-" "Mozilla/5.0 (compatible; DotBot/1.1; http://www.opensiteexplorer.org/dotbot, help@moz.com)" 
216.244.66.245 - - [06/May/2019:21:02:49 -0700] "GET /maccdc2012/ftp.log.gz HTTP/1.1" 200 127595 "-" "Mozilla/5.0 (compatible; DotBot/1.1; http://www.opensiteexplorer.org/dotbot, help@moz.com)" 
40.77.167.98 - - [06/May/2019:21:03:12 -0700] "GET /self.logs/2016/access.log.2016-10-17.gz HTTP/1.1" 200 9181 "-" "Mozilla/5.0 (compatible; bingbot/2.0; +http://www.bing.com/bingbot.htm)" 
40.77.167.98 - - [06/May/2019:21:04:43 -0700] "GET /self.logs/2015/error.log.2015-07-10.gz HTTP/1.1" 200 903 "-" "Mozilla/5.0 (compatible; bingbot/2.0; +http://www.bing.com/bingbot.htm)" 
210.245.53.52 - - [06/May/2019:21:08:00 -0700] "GET / HTTP/1.1" 200 12511 "-" "Mozilla/5.0 (Windows NT 10.0; Win64; x64) AppleWebKit/537.36 (KHTML, like Gecko) Chrome/74.0.3729.131 Safari/537.36" 
210.245.53.52 - - [06/May/2019:21:08:01 -0700] "GET /twitter-icon.png HTTP/1.1" 200 27787 "http://www.secrepo.com/" "Mozilla/5.0 (Windows NT 10.0; Win64; x64) AppleWebKit/537.36 (KHTML, like Gecko) Chrome/74.0.3729.131 Safari/537.36" 
210.245.53.52 - - [06/May/2019:21:08:03 -0700] "GET /GitHub-Mark.png HTTP/1.1" 200 7428 "http://www.secrepo.com/" "Mozilla/5.0 (Windows NT 10.0; Win64; x64) AppleWebKit/537.36 (KHTML, like Gecko) Chrome/74.0.3729.131 Safari/537.36" 
210.245.53.52 - - [06/May/2019:21:08:13 -0700] "GET /bootstrap/img/favicon.ico HTTP/1.1" 200 590 "http://www.secrepo.com/" "Mozilla/5.0 (Windows NT 10.0; Win64; x64) AppleWebKit/537.36 (KHTML, like Gecko) Chrome/74.0.3729.131 Safari/537.36" 
210.245.53.52 - - [06/May/2019:21:09:57 -0700] "GET /self.logs/ HTTP/1.1" 200 16291 "http://www.secrepo.com/" "Mozilla/5.0 (Windows NT 10.0; Win64; x64) AppleWebKit/537.36 (KHTML, like Gecko) Chrome/74.0.3729.131 Safari/537.36" 
210.245.53.52 - - [06/May/2019:21:09:59 -0700] "GET /favicon.ico HTTP/1.1" 200 268 "http://www.secrepo.com/self.logs/" "Mozilla/5.0 (Windows NT 10.0; Win64; x64) AppleWebKit/537.36 (KHTML, like Gecko) Chrome/74.0.3729.131 Safari/537.36" 
13.66.139.0 - - [06/May/2019:21:12:47 -0700] "GET /self.logs/error.log.2018-11-20.gz HTTP/1.1" 200 3826 "-" "Mozilla/5.0 (compatible; bingbot/2.0; +http://www.bing.com/bingbot.htm)" 
157.55.39.226 - - [06/May/2019:21:15:46 -0700] "GET /Datasets%20Description/HTML_Bro_log_3/notice.html HTTP/1.1" 304 189 "-" "Mozilla/5.0 (compatible; bingbot/2.0; +http://www.bing.com/bingbot.htm)" 
210.245.53.52 - - [06/May/2019:21:18:11 -0700] "GET /honeypot/BSidesDFW%20-%202014.ipynb HTTP/1.1" 200 930836 "http://www.secrepo.com/" "Mozilla/5.0 (Windows NT 10.0; Win64; x64) AppleWebKit/537.36 (KHTML, like Gecko) Chrome/74.0.3729.131 Safari/537.36" 
40.77.167.98 - - [06/May/2019:21:19:22 -0700] "GET /self.logs/error.log.2017-10-05.gz HTTP/1.1" 200 2261 "-" "Mozilla/5.0 (compatible; bingbot/2.0; +http://www.bing.com/bingbot.htm)" 
157.55.39.182 - - [06/May/2019:21:19:48 -0700] "GET /self.logs/2016/access.log.2016-11-17.gz HTTP/1.1" 200 15132 "-" "Mozilla/5.0 (compatible; bingbot/2.0; +http://www.bing.com/bingbot.htm)" 
113.171.224.176 - - [06/May/2019:21:20:58 -0700] "GET /honeypot/Honeypot%20-%20Howto.pdf HTTP/1.1" 200 61320 "-" "Mozilla/5.0 Gecko/20100115 Firefox/3.6" 
14.215.176.141 - - [06/May/2019:21:24:24 -0700] "GET / HTTP/1.1" 200 12511 "http://www.baidu.com/s?wd=deserttvb" "Mozilla/5.0 (Windows NT 6.1; WOW64; rv:43.0) Gecko/20100101 Firefox/43.0" 
207.46.13.95 - - [06/May/2019:21:26:19 -0700] "GET /self.logs/2016/access.log.2016-03-25.gz HTTP/1.1" 200 11473 "-" "Mozilla/5.0 (compatible; bingbot/2.0; +http://www.bing.com/bingbot.htm)" 
165.225.110.217 - - [06/May/2019:21:28:25 -0700] "GET /bootstrap/img/favicon.ico HTTP/1.1" 200 590 "-" "Mozilla/5.0 (Windows NT 10.0; Win64; x64; rv:66.0) Gecko/20100101 Firefox/66.0" 
100.43.90.103 - - [06/May/2019:21:31:08 -0700] "GET /robots.txt HTTP/1.1" 200 289 "-" "Mozilla/5.0 (compatible; YandexBot/3.0; +http://yandex.com/bots)" 
100.43.90.103 - - [06/May/2019:21:31:11 -0700] "GET /Datasets%20Description/HTML_Bro_log_1/dns.html HTTP/1.1" 200 1731 "-" "Mozilla/5.0 (compatible; YandexBot/3.0; +http://yandex.com/bots)" 
108.59.0.40 - - [06/May/2019:21:34:39 -0700] "GET / HTTP/1.1" 200 12511 "-" "Vienna/7074 (Macintosh; Intel macOS 10_13_6)" 
206.47.249.247 - - [06/May/2019:21:34:59 -0700] "GET / HTTP/1.1" 304 189 "-" "Mozilla/4.0 (compatible;)" 
94.130.112.79 - - [06/May/2019:21:35:17 -0700] "GET / HTTP/1.1" 200 12511 "-" "Mozilla/5.0 (X11; Linux x86_64) AppleWebKit/537.36 (KHTML, like Gecko) Chrome/70.0.3538.77 Safari/537.36" 
94.130.112.79 - - [06/May/2019:21:35:18 -0700] "GET /GitHub-Mark.png HTTP/1.1" 200 7428 "http://www.secrepo.com/" "Mozilla/5.0 (X11; Linux x86_64) AppleWebKit/537.36 (KHTML, like Gecko) Chrome/70.0.3538.77 Safari/537.36" 
94.130.112.79 - - [06/May/2019:21:35:18 -0700] "GET /twitter-icon.png HTTP/1.1" 200 27787 "http://www.secrepo.com/" "Mozilla/5.0 (X11; Linux x86_64) AppleWebKit/537.36 (KHTML, like Gecko) Chrome/70.0.3538.77 Safari/537.36" 
94.130.112.79 - - [06/May/2019:21:35:21 -0700] "GET /bootstrap/img/favicon.ico HTTP/1.1" 200 590 "http://www.secrepo.com/" "Mozilla/5.0 (X11; Linux x86_64) AppleWebKit/537.36 (KHTML, like Gecko) Chrome/70.0.3538.77 Safari/537.36" 
222.186.136.86 - - [06/May/2019:21:36:06 -0700] "HEAD /plug/oem/AspCms_OEMFun.asp HTTP/1.1" 301 272 "-" "-" 
13.66.139.0 - - [06/May/2019:21:36:07 -0700] "GET /self.logs/access.log.2019-03-03.gz HTTP/1.1" 200 24352 "-" "Mozilla/5.0 (compatible; bingbot/2.0; +http://www.bing.com/bingbot.htm)" 
40.77.167.86 - - [06/May/2019:21:37:06 -0700] "GET /self.logs/access.log.2017-01-03.gz HTTP/1.1" 200 40945 "-" "Mozilla/5.0 (compatible; bingbot/2.0; +http://www.bing.com/bingbot.htm)" 
104.225.144.38 - - [06/May/2019:21:39:07 -0700] "GET / HTTP/1.1" 200 12511 "-" "Mozilla/5.0 (Windows NT 10.0; Win64; x64) AppleWebKit/537.36 (KHTML, like Gecko) Chrome/72.0.3626.121 Safari/537.36" 
104.225.144.38 - - [06/May/2019:21:39:07 -0700] "GET /GitHub-Mark.png HTTP/1.1" 200 7427 "http://www.secrepo.com/" "Mozilla/5.0 (Windows NT 10.0; Win64; x64) AppleWebKit/537.36 (KHTML, like Gecko) Chrome/72.0.3626.121 Safari/537.36" 
66.249.64.43 - - [06/May/2019:21:44:59 -0700] "GET / HTTP/1.1" 200 12511 "-" "Mozilla/5.0 (Linux; Android 6.0.1; Nexus 5X Build/MMB29P) AppleWebKit/537.36 (KHTML, like Gecko) Chrome/41.0.2272.96 Mobile Safari/537.36 (compatible; Googlebot/2.1; +http://www.google.com/bot.html)" 
157.55.39.182 - - [06/May/2019:21:45:04 -0700] "GET /self.logs/access.log.2018-12-18.gz HTTP/1.1" 200 19826 "-" "Mozilla/5.0 (compatible; bingbot/2.0; +http://www.bing.com/bingbot.htm)" 
13.66.139.1 - - [06/May/2019:21:50:15 -0700] "GET /robots.txt HTTP/1.1" 301 502 "-" "Mozilla/5.0 (compatible; bingbot/2.0; +http://www.bing.com/bingbot.htm)" 
13.66.139.1 - - [06/May/2019:21:50:15 -0700] "GET /robots.txt HTTP/1.1" 200 334 "-" "Mozilla/5.0 (compatible; bingbot/2.0; +http://www.bing.com/bingbot.htm)" 
13.66.139.0 - - [06/May/2019:21:50:19 -0700] "GET /self.logs/access.log.2018-01-07.gz HTTP/1.1" 301 545 "-" "Mozilla/5.0 (compatible; bingbot/2.0; +http://www.bing.com/bingbot.htm)" 
108.59.8.70 - - [06/May/2019:21:53:28 -0700] "GET /robots.txt HTTP/1.1" 200 289 "-" "Mozilla/5.0 (compatible; MJ12bot/v1.4.8; http://mj12bot.com/)" 
108.59.8.70 - - [06/May/2019:21:53:31 -0700] "GET / HTTP/1.1" 200 46368 "-" "Mozilla/5.0 (compatible; MJ12bot/v1.4.8; http://mj12bot.com/)" 
157.55.39.182 - - [06/May/2019:21:55:00 -0700] "GET /self.logs/error.log.2018-09-09.gz HTTP/1.1" 200 16675 "-" "Mozilla/5.0 (compatible; bingbot/2.0; +http://www.bing.com/bingbot.htm)" 
59.61.87.122 - - [06/May/2019:21:51:41 -0700] "GET /honeypot/honeypot.json.zip HTTP/1.1" 200 4312840 "https://blog.csdn.net/answer3lin/article/details/82966360" "Mozilla/5.0 (Windows NT 10.0; Win64; x64) AppleWebKit/537.36 (KHTML, like Gecko) Chrome/64.0.3282.140 Safari/537.36 Edge/17.17134" 
211.97.130.27 - - [06/May/2019:21:56:22 -0700] "GET /misc/zeus_dga_domains.txt.zip HTTP/1.1" 200 594360 "https://blog.csdn.net/answer3lin/article/details/82966360" "Mozilla/5.0 (Windows NT 10.0; Win64; x64) AppleWebKit/537.36 (KHTML, like Gecko) Chrome/64.0.3282.140 Safari/537.36 Edge/17.17134" 
188.68.48.243 - - [06/May/2019:21:57:20 -0700] "GET / HTTP/1.1" 301 498 "-" "Mozilla/5.0 (Windows NT 10.0; Win64; x64) AppleWebKit/537.36 (KHTML, like Gecko) Chrome/58.0.3029.110 Safari/537.36" 
211.97.130.27 - - [06/May/2019:21:57:13 -0700] "GET /auth.log/auth.log.gz HTTP/1.1" 200 554524 "https://blog.csdn.net/answer3lin/article/details/82966360" "Mozilla/5.0 (Windows NT 10.0; Win64; x64) AppleWebKit/537.36 (KHTML, like Gecko) Chrome/64.0.3282.140 Safari/537.36 Edge/17.17134" 
188.68.48.243 - - [06/May/2019:21:57:26 -0700] "GET / HTTP/1.1" 200 46424 "-" "Mozilla/5.0 (Windows NT 10.0; Win64; x64) AppleWebKit/537.36 (KHTML, like Gecko) Chrome/58.0.3029.110 Safari/537.36" 
14.139.237.210 - - [06/May/2019:21:58:07 -0700] "GET / HTTP/1.1" 200 12511 "-" "Mozilla/5.0 (Windows NT 10.0; Win64; x64) AppleWebKit/537.36 (KHTML, like Gecko) Chrome/64.0.3282.140 Safari/537.36 Edge/17.17134" 
14.139.237.210 - - [06/May/2019:21:58:07 -0700] "GET /GitHub-Mark.png HTTP/1.1" 200 7427 "http://www.secrepo.com/" "Mozilla/5.0 (Windows NT 10.0; Win64; x64) AppleWebKit/537.36 (KHTML, like Gecko) Chrome/64.0.3282.140 Safari/537.36 Edge/17.17134" 
14.139.237.210 - - [06/May/2019:21:58:07 -0700] "GET /twitter-icon.png HTTP/1.1" 200 27788 "http://www.secrepo.com/" "Mozilla/5.0 (Windows NT 10.0; Win64; x64) AppleWebKit/537.36 (KHTML, like Gecko) Chrome/64.0.3282.140 Safari/537.36 Edge/17.17134" 
211.97.130.27 - - [06/May/2019:21:55:21 -0700] "GET /honeypot/honeypot.json.zip HTTP/1.1" 206 19128261 "https://blog.csdn.net/answer3lin/article/details/82966360" "Mozilla/5.0 (Windows NT 10.0; Win64; x64) AppleWebKit/537.36 (KHTML, like Gecko) Chrome/64.0.3282.140 Safari/537.36 Edge/17.17134" 
199.47.87.140 - - [06/May/2019:22:07:11 -0700] "GET /robots.txt HTTP/1.1" 301 446 "-" "TurnitinBot (https://turnitin.com/robot/crawlerinfo.html)" 
199.47.87.140 - - [06/May/2019:22:07:11 -0700] "GET /robots.txt HTTP/1.1" 200 304 "-" "TurnitinBot (https://turnitin.com/robot/crawlerinfo.html)" 
199.47.87.140 - - [06/May/2019:22:07:11 -0700] "GET /robots.txt HTTP/1.1" 200 304 "-" "TurnitinBot (https://turnitin.com/robot/crawlerinfo.html)" 
199.47.87.140 - - [06/May/2019:22:07:11 -0700] "GET / HTTP/1.1" 200 12455 "-" "TurnitinBot (https://turnitin.com/robot/crawlerinfo.html)" 
40.77.167.86 - - [06/May/2019:22:11:52 -0700] "GET /self.logs/access.log.2017-03-25.gz HTTP/1.1" 304 189 "-" "Mozilla/5.0 (compatible; bingbot/2.0; +http://www.bing.com/bingbot.htm)" 
223.87.207.138 - - [06/May/2019:22:15:08 -0700] "GET / HTTP/1.1" 200 12455 "-" "Mozilla/5.0 (compatible; MSIE 10.0; Windows NT 5.1; TencentTraveler 4.0)" 
113.171.224.176 - - [06/May/2019:22:21:55 -0700] "GET /honeypot/Honeypot%20-%20Howto.pdf HTTP/1.1" 200 61320 "-" "Mozilla/5.0 Gecko/20100115 Firefox/3.6" 
40.77.167.98 - - [06/May/2019:22:22:07 -0700] "GET /self.logs/access.log.2017-11-04.gz HTTP/1.1" 200 21010 "-" "Mozilla/5.0 (compatible; bingbot/2.0; +http://www.bing.com/bingbot.htm)" 
13.66.139.0 - - [06/May/2019:22:22:31 -0700] "GET /self.logs/access.log.2018-10-28.gz HTTP/1.1" 200 16123 "-" "Mozilla/5.0 (compatible; bingbot/2.0; +http://www.bing.com/bingbot.htm)" 
207.46.13.95 - - [06/May/2019:22:29:50 -0700] "GET /honeypot/honeypot%20-%20howto%20-%20bsides%20austin.pdf HTTP/1.1" 301 558 "-" "Mozilla/5.0 (iPhone; CPU iPhone OS 7_0 like Mac OS X) AppleWebKit/537.51.1 (KHTML, like Gecko) Version/7.0 Mobile/11A465 Safari/9537.53 (compatible; bingbot/2.0; +http://www.bing.com/bingbot.htm)" 
207.46.13.95 - - [06/May/2019:22:29:55 -0700] "GET /honeypot/honeypot%20-%20howto%20-%20bsides%20austin.pdf HTTP/1.1" 404 340 "-" "Mozilla/5.0 (iPhone; CPU iPhone OS 7_0 like Mac OS X) AppleWebKit/537.51.1 (KHTML, like Gecko) Version/7.0 Mobile/11A465 Safari/9537.53 (compatible; bingbot/2.0; +http://www.bing.com/bingbot.htm)" 
103.97.186.38 - - [06/May/2019:22:31:01 -0700] "GET /wp-login.php HTTP/1.1" 418 732 "-" "Mozilla/5.0 (Windows NT 6.1; WOW64; rv:40.0) Gecko/20100101 Firefox/40.1" 
103.97.186.38 - - [06/May/2019:22:31:02 -0700] "GET / HTTP/1.1" 418 732 "-" "Mozilla/5.0 (Windows NT 6.1; WOW64; rv:40.0) Gecko/20100101 Firefox/40.1" 
58.251.121.185 - - [06/May/2019:22:53:13 -0700] "GET / HTTP/1.1" 200 12474 "-" "Mozilla/5.0 (iPhone; CPU iPhone OS 9_3_4 like Mac OS X) AppleWebKit/601.1.46 (KHTML, like Gecko) Mobile/13G35 QQ/6.5.3.410 V1_IPH_SQ_6.5.3_1_APP_A Pixel/750 Core/UIWebView NetType/2G Mem/117" 
207.46.13.95 - - [06/May/2019:23:05:43 -0700] "GET /self.logs/access.log.2017-09-04.gz HTTP/1.1" 304 189 "-" "Mozilla/5.0 (compatible; bingbot/2.0; +http://www.bing.com/bingbot.htm)" 
213.74.44.155 - - [06/May/2019:23:06:33 -0700] "GET / HTTP/1.1" 301 483 "-" "Mozilla/5.0 (Windows NT 10.0; Win64; x64) AppleWebKit/537.36 (KHTML, like Gecko) Chrome/64.0.3282.140 Safari/537.36 Edge/18.17763" 
213.74.44.155 - - [06/May/2019:23:06:33 -0700] "GET / HTTP/1.1" 200 12511 "-" "Mozilla/5.0 (Windows NT 10.0; Win64; x64) AppleWebKit/537.36 (KHTML, like Gecko) Chrome/64.0.3282.140 Safari/537.36 Edge/18.17763" 
213.74.44.155 - - [06/May/2019:23:06:33 -0700] "GET /twitter-icon.png HTTP/1.1" 200 27787 "http://www.secrepo.com/" "Mozilla/5.0 (Windows NT 10.0; Win64; x64) AppleWebKit/537.36 (KHTML, like Gecko) Chrome/64.0.3282.140 Safari/537.36 Edge/18.17763" 
213.74.44.155 - - [06/May/2019:23:06:33 -0700] "GET /GitHub-Mark.png HTTP/1.1" 200 7428 "http://www.secrepo.com/" "Mozilla/5.0 (Windows NT 10.0; Win64; x64) AppleWebKit/537.36 (KHTML, like Gecko) Chrome/64.0.3282.140 Safari/537.36 Edge/18.17763" 
213.74.44.155 - - [06/May/2019:23:06:34 -0700] "GET /bootstrap/img/favicon.ico HTTP/1.1" 200 590 "-" "Mozilla/5.0 (Windows NT 10.0; Win64; x64) AppleWebKit/537.36 (KHTML, like Gecko) Chrome/64.0.3282.140 Safari/537.36 Edge/18.17763" 
157.51.188.197 - - [06/May/2019:23:07:06 -0700] "GET / HTTP/1.1" 200 12511 "-" "Mozilla/5.0 (Windows NT 10.0; Win64; x64) AppleWebKit/537.36 (KHTML, like Gecko) Chrome/73.0.3683.103 Safari/537.36" 
157.51.188.197 - - [06/May/2019:23:07:07 -0700] "GET /twitter-icon.png HTTP/1.1" 200 27787 "http://www.secrepo.com/" "Mozilla/5.0 (Windows NT 10.0; Win64; x64) AppleWebKit/537.36 (KHTML, like Gecko) Chrome/73.0.3683.103 Safari/537.36" 
157.51.188.197 - - [06/May/2019:23:07:12 -0700] "GET /GitHub-Mark.png HTTP/1.1" 200 7428 "http://www.secrepo.com/" "Mozilla/5.0 (Windows NT 10.0; Win64; x64) AppleWebKit/537.36 (KHTML, like Gecko) Chrome/73.0.3683.103 Safari/537.36" 
157.51.188.197 - - [06/May/2019:23:07:42 -0700] "GET /bootstrap/img/favicon.ico HTTP/1.1" 200 590 "http://www.secrepo.com/" "Mozilla/5.0 (Windows NT 10.0; Win64; x64) AppleWebKit/537.36 (KHTML, like Gecko) Chrome/73.0.3683.103 Safari/537.36" 
58.213.108.67 - - [06/May/2019:23:10:10 -0700] "GET / HTTP/1.1" 200 12511 "http://3ms.huawei.com/km/blogs/details/5358771" "Mozilla/5.0 (Windows NT 10.0; Win64; x64) AppleWebKit/537.36 (KHTML, like Gecko) Chrome/74.0.3729.108 Safari/537.36" 
58.213.108.67 - - [06/May/2019:23:10:10 -0700] "GET /twitter-icon.png HTTP/1.1" 200 27787 "http://www.secrepo.com/" "Mozilla/5.0 (Windows NT 10.0; Win64; x64) AppleWebKit/537.36 (KHTML, like Gecko) Chrome/74.0.3729.108 Safari/537.36" 
58.213.108.67 - - [06/May/2019:23:10:11 -0700] "GET /GitHub-Mark.png HTTP/1.1" 200 7428 "http://www.secrepo.com/" "Mozilla/5.0 (Windows NT 10.0; Win64; x64) AppleWebKit/537.36 (KHTML, like Gecko) Chrome/74.0.3729.108 Safari/537.36" 
41.223.160.131 - - [06/May/2019:23:12:43 -0700] "GET /tg/tg_snort_fast.7z HTTP/1.1" 304 131 "-" "Mozilla/5.0 Gecko/20100115 Firefox/3.6" 
41.223.160.131 - - [06/May/2019:23:15:50 -0700] "GET /maccdc2012/dns.log.gz HTTP/1.1" 304 154 "-" "Mozilla/5.0 Gecko/20100115 Firefox/3.6" 
40.77.167.86 - - [06/May/2019:23:18:27 -0700] "GET /self.logs/2015/access.log.2015-07-14.gz HTTP/1.1" 200 4554 "-" "Mozilla/5.0 (compatible; bingbot/2.0; +http://www.bing.com/bingbot.htm)" 
40.77.167.86 - - [06/May/2019:23:20:25 -0700] "GET /self.logs/2016/access.log.2016-06-26.gz HTTP/1.1" 200 6817 "-" "Mozilla/5.0 (compatible; bingbot/2.0; +http://www.bing.com/bingbot.htm)" 
157.55.39.182 - - [06/May/2019:23:21:33 -0700] "GET /self.logs/access.log.2018-12-18.gz HTTP/1.1" 200 19826 "-" "Mozilla/5.0 (compatible; bingbot/2.0; +http://www.bing.com/bingbot.htm)" 
112.47.17.71 - - [06/May/2019:23:21:36 -0700] "GET / HTTP/1.1" 200 12455 "-" "Mozilla/5.0 (Windows NT 6.1; Win64; x64) AppleWebKit/537.36 (KHTML, like Gecko) Chrome/40.0.2214.85 Safari/537.36" 
112.47.17.71 - - [06/May/2019:23:21:36 -0700] "GET / HTTP/1.1" 200 12455 "-" "Mozilla/5.0 (Windows NT 6.1; Win64; x64) AppleWebKit/537.36 (KHTML, like Gecko) Chrome/40.0.2214.85 Safari/537.36" 
112.47.17.71 - - [06/May/2019:23:21:37 -0700] "GET / HTTP/1.1" 200 12455 "-" "Mozilla/5.0 (Windows NT 6.1; Win64; x64) AppleWebKit/537.36 (KHTML, like Gecko) Chrome/40.0.2214.85 Safari/537.36" 
113.171.224.176 - - [06/May/2019:23:25:54 -0700] "GET /honeypot/Honeypot%20-%20Howto.pdf HTTP/1.1" 200 61320 "-" "Mozilla/5.0 Gecko/20100115 Firefox/3.6" 
66.102.9.143 - - [06/May/2019:23:25:56 -0700] "GET / HTTP/1.1" 200 12511 "-" "Mozilla/5.0 (X11; Linux x86_64) AppleWebKit/537.36 (KHTML, like Gecko) Chrome/49.0.2623.75 Safari/537.36 Google Favicon" 
66.102.9.139 - - [06/May/2019:23:25:56 -0700] "GET /bootstrap/img/favicon.ico HTTP/1.1" 200 590 "-" "Mozilla/5.0 (X11; Linux x86_64) AppleWebKit/537.36 (KHTML, like Gecko) Chrome/49.0.2623.75 Safari/537.36 Google Favicon" 
100.43.90.103 - - [06/May/2019:23:26:28 -0700] "GET /self.logs/2015/?C=M;O=D HTTP/1.1" 200 7666 "-" "Mozilla/5.0 (compatible; YandexBot/3.0; +http://yandex.com/bots)" 
157.55.39.182 - - [06/May/2019:23:28:50 -0700] "GET /self.logs/access.log.2017-09-24.gz HTTP/1.1" 200 25141 "-" "Mozilla/5.0 (compatible; bingbot/2.0; +http://www.bing.com/bingbot.htm)" 
207.46.13.95 - - [06/May/2019:23:30:58 -0700] "GET /Datasets%20Description/HTML_Bro_log_1/ HTTP/1.1" 200 734 "-" "Mozilla/5.0 (compatible; bingbot/2.0; +http://www.bing.com/bingbot.htm)" 
185.67.177.14 - - [06/May/2019:23:36:17 -0700] "GET /wp-login.php HTTP/1.1" 418 732 "-" "Mozilla/5.0 (Windows NT 6.1; WOW64; rv:40.0) Gecko/20100101 Firefox/40.1" 
223.129.4.183 - - [06/May/2019:23:36:21 -0700] "GET / HTTP/1.1" 200 12511 "-" "Mozilla/5.0 (Windows NT 10.0; WOW64) AppleWebKit/537.36 (KHTML, like Gecko) Chrome/73.0.3683.103 Safari/537.36" 
223.129.4.183 - - [06/May/2019:23:36:21 -0700] "GET /twitter-icon.png HTTP/1.1" 200 27787 "http://www.secrepo.com/" "Mozilla/5.0 (Windows NT 10.0; WOW64) AppleWebKit/537.36 (KHTML, like Gecko) Chrome/73.0.3683.103 Safari/537.36" 
223.129.4.183 - - [06/May/2019:23:36:21 -0700] "GET /GitHub-Mark.png HTTP/1.1" 200 7428 "http://www.secrepo.com/" "Mozilla/5.0 (Windows NT 10.0; WOW64) AppleWebKit/537.36 (KHTML, like Gecko) Chrome/73.0.3683.103 Safari/537.36" 
223.129.4.183 - - [06/May/2019:23:36:44 -0700] "GET /bootstrap/img/favicon.ico HTTP/1.1" 200 590 "http://www.secrepo.com/" "Mozilla/5.0 (Windows NT 10.0; WOW64) AppleWebKit/537.36 (KHTML, like Gecko) Chrome/73.0.3683.103 Safari/537.36" 
119.84.153.163 - - [06/May/2019:23:41:40 -0700] "GET / HTTP/1.1" 200 12474 "-" "Mozilla/5.0 (Linux; Android 6.0; HUAWEI VNS-TL00 Build/HUAWEIVNS-TL00; wv) AppleWebKit/537.36 (KHTML, like Gecko) Version/4.0 Chrome/66.0.3359.126 MQQBrowser/6.2 TBS/044611 Mobile Safari/537.36 MMWEBID/265 MicroMessenger/7.0.3.1400(0x2700033C) Process/tools NetType/4G Language/zh_CN" 
223.104.30.34 - - [06/May/2019:23:41:41 -0700] "GET /twitter-icon.png HTTP/1.1" 200 27788 "http://www.secrepo.com/" "Mozilla/5.0 (Linux; Android 6.0; HUAWEI VNS-TL00 Build/HUAWEIVNS-TL00; wv) AppleWebKit/537.36 (KHTML, like Gecko) Version/4.0 Chrome/66.0.3359.126 MQQBrowser/6.2 TBS/044611 Mobile Safari/537.36 MMWEBID/265 MicroMessenger/7.0.3.1400(0x2700033C) Process/tools NetType/4G Language/zh_CN" 
223.104.30.34 - - [06/May/2019:23:41:41 -0700] "GET /GitHub-Mark.png HTTP/1.1" 200 7428 "http://www.secrepo.com/" "Mozilla/5.0 (Linux; Android 6.0; HUAWEI VNS-TL00 Build/HUAWEIVNS-TL00; wv) AppleWebKit/537.36 (KHTML, like Gecko) Version/4.0 Chrome/66.0.3359.126 MQQBrowser/6.2 TBS/044611 Mobile Safari/537.36 MMWEBID/265 MicroMessenger/7.0.3.1400(0x2700033C) Process/tools NetType/4G Language/zh_CN" 
223.104.30.34 - - [06/May/2019:23:42:48 -0700] "GET /bootstrap/img/favicon.ico HTTP/1.1" 200 590 "http://www.secrepo.com/" "Mozilla/5.0 (Linux; Android 6.0; HUAWEI VNS-TL00 Build/HUAWEIVNS-TL00; wv) AppleWebKit/537.36 (KHTML, like Gecko) Version/4.0 Chrome/66.0.3359.126 MQQBrowser/6.2 TBS/044611 Mobile Safari/537.36 MMWEBID/265 MicroMessenger/7.0.3.1400(0x2700033C) Process/tools NetType/4G Language/zh_CN" 
223.104.30.34 - - [06/May/2019:23:43:01 -0700] "GET / HTTP/1.1" 200 12511 "-" "Mozilla/5.0 (Linux; Android 6.0; HUAWEI VNS-TL00) AppleWebKit/537.36 (KHTML, like Gecko) Chrome/71.0.3578.99 Mobile Safari/537.36" 
223.104.30.34 - - [06/May/2019:23:43:02 -0700] "GET /twitter-icon.png HTTP/1.1" 200 27787 "http://www.secrepo.com/" "Mozilla/5.0 (Linux; Android 6.0; HUAWEI VNS-TL00) AppleWebKit/537.36 (KHTML, like Gecko) Chrome/71.0.3578.99 Mobile Safari/537.36" 
223.104.30.34 - - [06/May/2019:23:43:02 -0700] "GET /GitHub-Mark.png HTTP/1.1" 200 7428 "http://www.secrepo.com/" "Mozilla/5.0 (Linux; Android 6.0; HUAWEI VNS-TL00) AppleWebKit/537.36 (KHTML, like Gecko) Chrome/71.0.3578.99 Mobile Safari/537.36" 
117.191.87.151 - - [06/May/2019:23:43:45 -0700] "GET / HTTP/1.0" 200 46424 "-" "Mozilla/5.0 (iPhone; CPU iPhone OS 8_3 like Mac OS X) AppleWebKit/600.1.4 (KHTML; like Gecko) Mobile/12F70 MicroMessenger/6.1.5 NetType/WIFI" 
207.46.13.95 - - [06/May/2019:23:46:31 -0700] "GET /self.logs/access.log.2018-02-23.gz HTTP/1.1" 200 24987 "-" "Mozilla/5.0 (compatible; bingbot/2.0; +http://www.bing.com/bingbot.htm)" 
207.46.13.95 - - [06/May/2019:23:55:59 -0700] "GET /self.logs/access.log.2018-01-14.gz HTTP/1.1" 200 18946 "-" "Mozilla/5.0 (compatible; bingbot/2.0; +http://www.bing.com/bingbot.htm)" 
13.66.139.0 - - [06/May/2019:23:56:22 -0700] "GET /self.logs/access.log.2018-06-30.gz HTTP/1.1" 200 20997 "-" "Mozilla/5.0 (compatible; bingbot/2.0; +http://www.bing.com/bingbot.htm)" 
40.77.167.98 - - [06/May/2019:23:57:47 -0700] "GET /self.logs/error.log.2018-04-15.gz HTTP/1.1" 200 4903 "-" "Mozilla/5.0 (compatible; bingbot/2.0; +http://www.bing.com/bingbot.htm)" 
13.66.139.0 - - [06/May/2019:23:57:52 -0700] "GET /self.logs/access.log.2018-08-01.gz HTTP/1.1" 200 45187 "-" "Mozilla/5.0 (compatible; bingbot/2.0; +http://www.bing.com/bingbot.htm)" 
117.181.51.5 - - [06/May/2019:23:57:43 -0700] "GET /maccdc2012/conn.log.gz HTTP/1.1" 200 6554683 "-" "Mozilla/5.0 (Windows NT 10.0; Win64; x64) AppleWebKit/537.36 (KHTML, like Gecko) Chrome/74.0.3729.131 Safari/537.36" 
13.66.139.0 - - [07/May/2019:00:12:15 -0700] "GET /self.logs/access.log.2018-06-29.gz HTTP/1.1" 200 39779 "-" "Mozilla/5.0 (compatible; bingbot/2.0; +http://www.bing.com/bingbot.htm)" 
109.203.109.179 - - [07/May/2019:00:15:45 -0700] "GET /.env HTTP/1.1" 404 340 "-" "Mozlila/5.0 (Linux; Android 7.0; SM-G892A Bulid/NRD90M; wv) AppleWebKit/537.36 (KHTML, like Gecko) Version/4.0 Chrome/60.0.3112.107 Moblie Safari/537.36" 
223.230.48.117 - - [07/May/2019:00:18:00 -0700] "GET / HTTP/1.1" 200 12511 "-" "Mozilla/5.0 (Macintosh; Intel Mac OS X 10_14_4) AppleWebKit/605.1.15 (KHTML, like Gecko) Version/12.1 Safari/605.1.15" 
223.230.48.117 - - [07/May/2019:00:18:00 -0700] "GET /twitter-icon.png HTTP/1.1" 200 27787 "http://www.secrepo.com/" "Mozilla/5.0 (Macintosh; Intel Mac OS X 10_14_4) AppleWebKit/605.1.15 (KHTML, like Gecko) Version/12.1 Safari/605.1.15" 
223.230.48.117 - - [07/May/2019:00:18:00 -0700] "GET /GitHub-Mark.png HTTP/1.1" 200 7428 "http://www.secrepo.com/" "Mozilla/5.0 (Macintosh; Intel Mac OS X 10_14_4) AppleWebKit/605.1.15 (KHTML, like Gecko) Version/12.1 Safari/605.1.15" 
223.230.48.117 - - [07/May/2019:00:18:02 -0700] "GET /bootstrap/img/favicon.ico HTTP/1.1" 200 590 "http://www.secrepo.com/" "Mozilla/5.0 (Macintosh; Intel Mac OS X 10_14_4) AppleWebKit/605.1.15 (KHTML, like Gecko) Version/12.1 Safari/605.1.15" 
157.55.39.182 - - [07/May/2019:00:18:25 -0700] "GET /self.logs/error.log.2017-03-04.gz HTTP/1.1" 200 1257 "-" "Mozilla/5.0 (compatible; bingbot/2.0; +http://www.bing.com/bingbot.htm)" 
13.66.139.0 - - [07/May/2019:00:19:17 -0700] "GET /self.logs/error.log.2018-09-20.gz HTTP/1.1" 200 5015 "-" "Mozilla/5.0 (compatible; bingbot/2.0; +http://www.bing.com/bingbot.htm)" 
207.46.13.95 - - [07/May/2019:00:21:51 -0700] "GET /Datasets%20Description/Network/dhcp.html HTTP/1.1" 200 1355 "-" "Mozilla/5.0 (compatible; bingbot/2.0; +http://www.bing.com/bingbot.htm)" 
157.55.39.182 - - [07/May/2019:00:21:55 -0700] "GET / HTTP/1.1" 200 12511 "-" "Mozilla/5.0 (compatible; bingbot/2.0; +http://www.bing.com/bingbot.htm)" 
157.55.39.182 - - [07/May/2019:00:27:17 -0700] "GET /self.logs/2016/access.log.2016-12-29.gz HTTP/1.1" 200 8909 "-" "Mozilla/5.0 (compatible; bingbot/2.0; +http://www.bing.com/bingbot.htm)" 
183.82.127.27 - - [07/May/2019:00:29:03 -0700] "GET / HTTP/1.1" 200 12511 "-" "Mozilla/5.0 (Windows NT 10.0; Win64; x64) AppleWebKit/537.36 (KHTML, like Gecko) Chrome/74.0.3729.131 Safari/537.36" 
183.82.127.27 - - [07/May/2019:00:29:03 -0700] "GET /twitter-icon.png HTTP/1.1" 200 27787 "http://www.secrepo.com/" "Mozilla/5.0 (Windows NT 10.0; Win64; x64) AppleWebKit/537.36 (KHTML, like Gecko) Chrome/74.0.3729.131 Safari/537.36" 
183.82.127.27 - - [07/May/2019:00:29:03 -0700] "GET /GitHub-Mark.png HTTP/1.1" 200 7428 "http://www.secrepo.com/" "Mozilla/5.0 (Windows NT 10.0; Win64; x64) AppleWebKit/537.36 (KHTML, like Gecko) Chrome/74.0.3729.131 Safari/537.36" 
183.82.127.27 - - [07/May/2019:00:29:05 -0700] "GET /bootstrap/img/favicon.ico HTTP/1.1" 200 589 "http://www.secrepo.com/" "Mozilla/5.0 (Windows NT 10.0; Win64; x64) AppleWebKit/537.36 (KHTML, like Gecko) Chrome/74.0.3729.131 Safari/537.36" 
13.66.139.0 - - [07/May/2019:00:29:14 -0700] "GET /self.logs/access.log.2018-06-16.gz HTTP/1.1" 200 17456 "-" "Mozilla/5.0 (compatible; bingbot/2.0; +http://www.bing.com/bingbot.htm)" 
113.171.224.176 - - [07/May/2019:00:29:47 -0700] "GET /honeypot/Honeypot%20-%20Howto.pdf HTTP/1.1" 200 61320 "-" "Mozilla/5.0 Gecko/20100115 Firefox/3.6" 
59.110.13.236 - - [07/May/2019:00:32:02 -0700] "GET / HTTP/1.1" 200 12511 "-" "Mozilla/5.0 (Windows NT 6.2; WOW64) AppleWebKit/537.36 (KHTML, like Gecko) Chrome/55.0.2883.87 Safari/537.36" 
157.55.39.12 - - [07/May/2019:00:32:40 -0700] "GET /self.logs/access.log.2017-09-25.gz HTTP/1.1" 301 546 "-" "Mozilla/5.0 (compatible; bingbot/2.0; +http://www.bing.com/bingbot.htm)" 
157.55.39.12 - - [07/May/2019:00:33:29 -0700] "GET /self.logs/2016/error.log.2016-10-15.gz HTTP/1.1" 200 736 "-" "Mozilla/5.0 (compatible; bingbot/2.0; +http://www.bing.com/bingbot.htm)" 
157.55.39.12 - - [07/May/2019:00:35:08 -0700] "GET /self.logs/access.log.2018-07-04.gz HTTP/1.1" 200 21928 "-" "Mozilla/5.0 (compatible; bingbot/2.0; +http://www.bing.com/bingbot.htm)" 
157.55.39.182 - - [07/May/2019:00:36:03 -0700] "GET /self.logs/error.log.2017-08-25.gz HTTP/1.1" 301 545 "-" "Mozilla/5.0 (compatible; bingbot/2.0; +http://www.bing.com/bingbot.htm)" 
216.244.66.245 - - [07/May/2019:00:37:08 -0700] "GET /robots.txt HTTP/1.1" 200 233 "-" "Mozilla/5.0 (compatible; DotBot/1.1; http://www.opensiteexplorer.org/dotbot, help@moz.com)" 
42.236.99.72 - - [07/May/2019:00:41:11 -0700] "GET / HTTP/1.1" 200 12511 "http://www.secrepo.com/" "Mozilla/5.0 (Windows NT 6.1; WOW64) AppleWebKit/537.36 (KHTML, like Gecko) Chrome/50.0.2661.102 Safari/537.36; 360Spider" 
222.186.129.42 - - [07/May/2019:00:41:24 -0700] "GET / HTTP/1.1" 200 46424 "http://www.secrepo.com/" "Mozilla/4.0 (compatible; MSIE 9.0; Windows NT 6.1)" 
222.186.129.42 - - [07/May/2019:00:41:28 -0700] "POST //lequ.php HTTP/1.1" 404 295 "http://www.secrepo.com//lequ.php" "Mozilla/4.0 (compatible; MSIE 9.0; Windows NT 6.1)" 
222.186.129.42 - - [07/May/2019:00:41:28 -0700] "POST //data/cache/asd.php HTTP/1.1" 404 294 "http://www.secrepo.com//data/cache/asd.php" "Mozilla/4.0 (compatible; MSIE 9.0; Windows NT 6.1)" 
222.186.129.42 - - [07/May/2019:00:41:28 -0700] "POST //coon.php HTTP/1.1" 404 294 "http://www.secrepo.com//coon.php" "Mozilla/4.0 (compatible; MSIE 9.0; Windows NT 6.1)" 
222.186.129.42 - - [07/May/2019:00:41:29 -0700] "POST //lx.php HTTP/1.1" 404 294 "http://www.secrepo.com//lx.php" "Mozilla/4.0 (compatible; MSIE 9.0; Windows NT 6.1)" 
222.186.129.42 - - [07/May/2019:00:41:29 -0700] "POST //x.php HTTP/1.1" 404 294 "http://www.secrepo.com//x.php" "Mozilla/4.0 (compatible; MSIE 9.0; Windows NT 6.1)" 
222.186.129.42 - - [07/May/2019:00:41:30 -0700] "POST //12345.php HTTP/1.1" 404 294 "http://www.secrepo.com//12345.php" "Mozilla/4.0 (compatible; MSIE 9.0; Windows NT 6.1)" 
222.186.129.42 - - [07/May/2019:00:41:30 -0700] "POST //plus/mytag_js.php?aid=511348 HTTP/1.1" 404 294 "http://www.secrepo.com//plus/mytag_js.php?aid=511348" "Mozilla/4.0 (compatible; MSIE 9.0; Windows NT 6.1)" 
222.186.129.42 - - [07/May/2019:00:41:30 -0700] "POST //plus/mytag_js.php?aid=511348 HTTP/1.1" 404 294 "http://www.secrepo.com//plus/mytag_js.php?aid=511348" "Mozilla/4.0 (compatible; MSIE 9.0; Windows NT 6.1)" 
222.186.129.42 - - [07/May/2019:00:41:31 -0700] "POST //plus/mytag_js.php?aid=511348 HTTP/1.1" 404 294 "http://www.secrepo.com//plus/mytag_js.php?aid=511348" "Mozilla/4.0 (compatible; MSIE 9.0; Windows NT 6.1)" 
222.186.129.42 - - [07/May/2019:00:41:33 -0700] "POST //config/AspCms_Config.asp HTTP/1.1" 404 294 "http://www.secrepo.com//config/AspCms_Config.asp" "Mozilla/4.0 (compatible; MSIE 9.0; Windows NT 6.1)" 
222.186.129.42 - - [07/May/2019:00:41:33 -0700] "POST //plus/mytag_js.php?aid=9527 HTTP/1.1" 404 294 "http://www.secrepo.com//plus/mytag_js.php?aid=9527" "Mozilla/4.0 (compatible; MSIE 9.0; Windows NT 6.1)" 
