114.119.149.23 - - [06/Nov/2022:12:05:35 -0800] "GET /self.logs/error.log.2020-01-10 HTTP/1.1" 200 2350 "http://www.secrepo.com/self.logs?C=N%3BO%3DD" "Mozilla/5.0 (Linux; Android 7.0;) AppleWebKit/537.36 (KHTML, like Gecko) Mobile Safari/537.36 (compatible; PetalBot;+https://webmaster.petalsearch.com/site/petalbot)" 
114.119.149.228 - - [06/Nov/2022:12:15:38 -0800] "GET /self.logs/error.log.2020-11-01 HTTP/1.1" 200 351 "http://www.secrepo.com/self.logs?C=N%3BO%3DD" "Mozilla/5.0 (Linux; Android 7.0;) AppleWebKit/537.36 (KHTML, like Gecko) Mobile Safari/537.36 (compatible; PetalBot;+https://webmaster.petalsearch.com/site/petalbot)" 
157.55.39.122 - - [06/Nov/2022:12:27:30 -0800] "GET /self.logs/ HTTP/1.1" 200 39458 "-" "Mozilla/5.0 AppleWebKit/537.36 (KHTML, like Gecko; compatible; bingbot/2.0; +http://www.bing.com/bingbot.htm) Chrome/103.0.5060.134 Safari/537.36" 
114.119.145.137 - - [06/Nov/2022:12:30:46 -0800] "GET /self.logs/error.log.2020-08-11 HTTP/1.1" 200 351 "http://www.secrepo.com/self.logs?C=N%3BO%3DD" "Mozilla/5.0 (Linux; Android 7.0;) AppleWebKit/537.36 (KHTML, like Gecko) Mobile Safari/537.36 (compatible; PetalBot;+https://webmaster.petalsearch.com/site/petalbot)" 
152.37.79.34 - - [06/Nov/2022:12:32:50 -0800] "GET /domaindata/domainmovement.zip HTTP/1.1" 206 23767 "http://www.secrepo.com/" "Mozilla/5.0 (Windows NT 10.0; Win64; x64) AppleWebKit/537.36 (KHTML, like Gecko) Chrome/107.0.0.0 Safari/537.36" 
152.37.79.34 - - [06/Nov/2022:12:32:50 -0800] "GET /domaindata/domainmovement.zip HTTP/1.1" 200 7066400 "http://www.secrepo.com/" "Mozilla/5.0 (Windows NT 10.0; Win64; x64) AppleWebKit/537.36 (KHTML, like Gecko) Chrome/107.0.0.0 Safari/537.36" 
152.37.79.34 - - [06/Nov/2022:12:32:51 -0800] "GET /domaindata/domainmovement.zip HTTP/1.1" 206 604505 "http://www.secrepo.com/" "Mozilla/5.0 (Windows NT 10.0; Win64; x64) AppleWebKit/537.36 (KHTML, like Gecko) Chrome/107.0.0.0 Safari/537.36" 
152.37.79.34 - - [06/Nov/2022:12:32:51 -0800] "GET /domaindata/domainmovement.zip HTTP/1.1" 206 641587 "http://www.secrepo.com/" "Mozilla/5.0 (Windows NT 10.0; Win64; x64) AppleWebKit/537.36 (KHTML, like Gecko) Chrome/107.0.0.0 Safari/537.36" 
152.37.79.34 - - [06/Nov/2022:12:32:51 -0800] "GET /domaindata/domainmovement.zip HTTP/1.1" 206 1984408 "http://www.secrepo.com/" "Mozilla/5.0 (Windows NT 10.0; Win64; x64) AppleWebKit/537.36 (KHTML, like Gecko) Chrome/107.0.0.0 Safari/537.36" 
152.37.79.34 - - [06/Nov/2022:12:32:51 -0800] "GET /domaindata/domainmovement.zip HTTP/1.1" 206 641588 "http://www.secrepo.com/" "Mozilla/5.0 (Windows NT 10.0; Win64; x64) AppleWebKit/537.36 (KHTML, like Gecko) Chrome/107.0.0.0 Safari/537.36" 
152.37.79.34 - - [06/Nov/2022:12:32:51 -0800] "GET /domaindata/domainmovement.zip HTTP/1.1" 206 562894 "http://www.secrepo.com/" "Mozilla/5.0 (Windows NT 10.0; Win64; x64) AppleWebKit/537.36 (KHTML, like Gecko) Chrome/107.0.0.0 Safari/537.36" 
152.37.79.34 - - [06/Nov/2022:12:32:51 -0800] "GET /domaindata/domainmovement.zip HTTP/1.1" 206 944408 "http://www.secrepo.com/" "Mozilla/5.0 (Windows NT 10.0; Win64; x64) AppleWebKit/537.36 (KHTML, like Gecko) Chrome/107.0.0.0 Safari/537.36" 
152.37.79.34 - - [06/Nov/2022:12:32:51 -0800] "GET /domaindata/domainmovement.zip HTTP/1.1" 206 253139 "http://www.secrepo.com/" "Mozilla/5.0 (Windows NT 10.0; Win64; x64) AppleWebKit/537.36 (KHTML, like Gecko) Chrome/107.0.0.0 Safari/537.36" 
152.37.79.34 - - [06/Nov/2022:12:32:51 -0800] "GET /domaindata/domainmovement.zip HTTP/1.1" 206 190433 "http://www.secrepo.com/" "Mozilla/5.0 (Windows NT 10.0; Win64; x64) AppleWebKit/537.36 (KHTML, like Gecko) Chrome/107.0.0.0 Safari/537.36" 
152.37.79.34 - - [06/Nov/2022:12:32:50 -0800] "GET /domaindata/domainmovement.zip HTTP/1.1" 206 620500 "http://www.secrepo.com/" "Mozilla/5.0 (Windows NT 10.0; Win64; x64) AppleWebKit/537.36 (KHTML, like Gecko) Chrome/107.0.0.0 Safari/537.36" 
152.37.79.34 - - [06/Nov/2022:12:32:52 -0800] "GET /domaindata/domainmovement.zip HTTP/1.1" 206 88355 "http://www.secrepo.com/" "Mozilla/5.0 (Windows NT 10.0; Win64; x64) AppleWebKit/537.36 (KHTML, like Gecko) Chrome/107.0.0.0 Safari/537.36" 
152.37.79.34 - - [06/Nov/2022:12:32:52 -0800] "GET /domaindata/domainmovement.zip HTTP/1.1" 206 105109 "http://www.secrepo.com/" "Mozilla/5.0 (Windows NT 10.0; Win64; x64) AppleWebKit/537.36 (KHTML, like Gecko) Chrome/107.0.0.0 Safari/537.36" 
152.37.79.34 - - [06/Nov/2022:12:32:50 -0800] "GET /domaindata/domainmovement.zip HTTP/1.1" 206 585460 "http://www.secrepo.com/" "Mozilla/5.0 (Windows NT 10.0; Win64; x64) AppleWebKit/537.36 (KHTML, like Gecko) Chrome/107.0.0.0 Safari/537.36" 
152.37.79.34 - - [06/Nov/2022:12:33:19 -0800] "GET /maccdc2012/ssh.log.gz HTTP/1.1" 200 182523 "http://www.secrepo.com/" "Mozilla/5.0 (Windows NT 10.0; Win64; x64) AppleWebKit/537.36 (KHTML, like Gecko) Chrome/107.0.0.0 Safari/537.36" 
152.37.79.34 - - [06/Nov/2022:12:33:21 -0800] "GET /maccdc2012/ssh.log.gz HTTP/1.1" 206 69781 "http://www.secrepo.com/" "Mozilla/5.0 (Windows NT 10.0; Win64; x64) AppleWebKit/537.36 (KHTML, like Gecko) Chrome/107.0.0.0 Safari/537.36" 
152.37.79.34 - - [06/Nov/2022:12:33:21 -0800] "GET /maccdc2012/ssh.log.gz HTTP/1.1" 206 22170 "http://www.secrepo.com/" "Mozilla/5.0 (Windows NT 10.0; Win64; x64) AppleWebKit/537.36 (KHTML, like Gecko) Chrome/107.0.0.0 Safari/537.36" 
152.37.79.34 - - [06/Nov/2022:12:33:37 -0800] "GET /pe_static/zeus.zip HTTP/1.1" 206 23771 "http://www.secrepo.com/" "Mozilla/5.0 (Windows NT 10.0; Win64; x64) AppleWebKit/537.36 (KHTML, like Gecko) Chrome/107.0.0.0 Safari/537.36" 
152.37.79.34 - - [06/Nov/2022:12:33:37 -0800] "GET /pe_static/zeus.zip HTTP/1.1" 206 970376 "http://www.secrepo.com/" "Mozilla/5.0 (Windows NT 10.0; Win64; x64) AppleWebKit/537.36 (KHTML, like Gecko) Chrome/107.0.0.0 Safari/537.36" 
152.37.79.34 - - [06/Nov/2022:12:33:37 -0800] "GET /pe_static/zeus.zip HTTP/1.1" 200 2499520 "http://www.secrepo.com/" "Mozilla/5.0 (Windows NT 10.0; Win64; x64) AppleWebKit/537.36 (KHTML, like Gecko) Chrome/107.0.0.0 Safari/537.36" 
152.37.79.34 - - [06/Nov/2022:12:33:37 -0800] "GET /pe_static/zeus.zip HTTP/1.1" 206 7096412 "http://www.secrepo.com/" "Mozilla/5.0 (Windows NT 10.0; Win64; x64) AppleWebKit/537.36 (KHTML, like Gecko) Chrome/107.0.0.0 Safari/537.36" 
152.37.79.34 - - [06/Nov/2022:12:33:37 -0800] "GET /pe_static/zeus.zip HTTP/1.1" 206 6148852 "http://www.secrepo.com/" "Mozilla/5.0 (Windows NT 10.0; Win64; x64) AppleWebKit/537.36 (KHTML, like Gecko) Chrome/107.0.0.0 Safari/537.36" 
152.37.79.34 - - [06/Nov/2022:12:33:37 -0800] "GET /pe_static/zeus.zip HTTP/1.1" 206 7992413 "http://www.secrepo.com/" "Mozilla/5.0 (Windows NT 10.0; Win64; x64) AppleWebKit/537.36 (KHTML, like Gecko) Chrome/107.0.0.0 Safari/537.36" 
152.37.79.34 - - [06/Nov/2022:12:33:37 -0800] "GET /pe_static/zeus.zip HTTP/1.1" 206 6992413 "http://www.secrepo.com/" "Mozilla/5.0 (Windows NT 10.0; Win64; x64) AppleWebKit/537.36 (KHTML, like Gecko) Chrome/107.0.0.0 Safari/537.36" 
152.37.79.34 - - [06/Nov/2022:12:33:37 -0800] "GET /pe_static/zeus.zip HTTP/1.1" 206 7096413 "http://www.secrepo.com/" "Mozilla/5.0 (Windows NT 10.0; Win64; x64) AppleWebKit/537.36 (KHTML, like Gecko) Chrome/107.0.0.0 Safari/537.36" 
152.37.79.34 - - [06/Nov/2022:12:33:37 -0800] "GET /pe_static/zeus.zip HTTP/1.1" 206 6968412 "http://www.secrepo.com/" "Mozilla/5.0 (Windows NT 10.0; Win64; x64) AppleWebKit/537.36 (KHTML, like Gecko) Chrome/107.0.0.0 Safari/537.36" 
152.37.79.34 - - [06/Nov/2022:12:33:38 -0800] "GET /pe_static/zeus.zip HTTP/1.1" 206 4680412 "http://www.secrepo.com/" "Mozilla/5.0 (Windows NT 10.0; Win64; x64) AppleWebKit/537.36 (KHTML, like Gecko) Chrome/107.0.0.0 Safari/537.36" 
152.37.79.34 - - [06/Nov/2022:12:33:38 -0800] "GET /pe_static/zeus.zip HTTP/1.1" 206 4800412 "http://www.secrepo.com/" "Mozilla/5.0 (Windows NT 10.0; Win64; x64) AppleWebKit/537.36 (KHTML, like Gecko) Chrome/107.0.0.0 Safari/537.36" 
152.37.79.34 - - [06/Nov/2022:12:33:40 -0800] "GET /pe_static/zeus.zip HTTP/1.1" 206 78840 "http://www.secrepo.com/" "Mozilla/5.0 (Windows NT 10.0; Win64; x64) AppleWebKit/537.36 (KHTML, like Gecko) Chrome/107.0.0.0 Safari/537.36" 
152.37.79.34 - - [06/Nov/2022:12:33:40 -0800] "GET /pe_static/zeus.zip HTTP/1.1" 206 535925 "http://www.secrepo.com/" "Mozilla/5.0 (Windows NT 10.0; Win64; x64) AppleWebKit/537.36 (KHTML, like Gecko) Chrome/107.0.0.0 Safari/537.36" 
152.37.79.34 - - [06/Nov/2022:12:33:40 -0800] "GET /pe_static/zeus.zip HTTP/1.1" 206 78840 "http://www.secrepo.com/" "Mozilla/5.0 (Windows NT 10.0; Win64; x64) AppleWebKit/537.36 (KHTML, like Gecko) Chrome/107.0.0.0 Safari/537.36" 
152.37.79.34 - - [06/Nov/2022:12:33:40 -0800] "GET /pe_static/zeus.zip HTTP/1.1" 206 349804 "http://www.secrepo.com/" "Mozilla/5.0 (Windows NT 10.0; Win64; x64) AppleWebKit/537.36 (KHTML, like Gecko) Chrome/107.0.0.0 Safari/537.36" 
152.37.79.34 - - [06/Nov/2022:12:33:40 -0800] "GET /pe_static/zeus.zip HTTP/1.1" 206 808412 "http://www.secrepo.com/" "Mozilla/5.0 (Windows NT 10.0; Win64; x64) AppleWebKit/537.36 (KHTML, like Gecko) Chrome/107.0.0.0 Safari/537.36" 
152.37.79.34 - - [06/Nov/2022:12:33:40 -0800] "GET /pe_static/zeus.zip HTTP/1.1" 206 699132 "http://www.secrepo.com/" "Mozilla/5.0 (Windows NT 10.0; Win64; x64) AppleWebKit/537.36 (KHTML, like Gecko) Chrome/107.0.0.0 Safari/537.36" 
152.37.79.34 - - [06/Nov/2022:12:33:40 -0800] "GET /pe_static/zeus.zip HTTP/1.1" 206 840412 "http://www.secrepo.com/" "Mozilla/5.0 (Windows NT 10.0; Win64; x64) AppleWebKit/537.36 (KHTML, like Gecko) Chrome/107.0.0.0 Safari/537.36" 
152.37.79.34 - - [06/Nov/2022:12:33:40 -0800] "GET /pe_static/zeus.zip HTTP/1.1" 206 712412 "http://www.secrepo.com/" "Mozilla/5.0 (Windows NT 10.0; Win64; x64) AppleWebKit/537.36 (KHTML, like Gecko) Chrome/107.0.0.0 Safari/537.36" 
152.37.79.34 - - [06/Nov/2022:12:33:41 -0800] "GET /pe_static/zeus.zip HTTP/1.1" 206 108891 "http://www.secrepo.com/" "Mozilla/5.0 (Windows NT 10.0; Win64; x64) AppleWebKit/537.36 (KHTML, like Gecko) Chrome/107.0.0.0 Safari/537.36" 
152.37.79.34 - - [06/Nov/2022:12:33:41 -0800] "GET /pe_static/zeus.zip HTTP/1.1" 206 217306 "http://www.secrepo.com/" "Mozilla/5.0 (Windows NT 10.0; Win64; x64) AppleWebKit/537.36 (KHTML, like Gecko) Chrome/107.0.0.0 Safari/537.36" 
114.119.149.23 - - [06/Nov/2022:12:35:48 -0800] "GET /self.logs/error.log.2020-12-14 HTTP/1.1" 200 351 "http://www.secrepo.com/self.logs?C=N%3BO%3DD" "Mozilla/5.0 (Linux; Android 7.0;) AppleWebKit/537.36 (KHTML, like Gecko) Mobile Safari/537.36 (compatible; PetalBot;+https://webmaster.petalsearch.com/site/petalbot)" 
166.137.136.58 - - [06/Nov/2022:13:02:12 -0800] "GET / HTTP/1.1" 200 13185 "-" "Mozilla/5.0 (iPhone; CPU iPhone OS 14_3 like Mac OS X) AppleWebKit/605.1.15 (KHTML, like Gecko) Version/14.0.2 Mobile/15E148 Safari/604.1" 
95.163.255.58 - - [06/Nov/2022:13:03:14 -0800] "GET /robots.txt HTTP/1.0" 200 340 "-" "Mozilla/5.0 (compatible; Linux x86_64; Mail.RU_Bot/2.0; +https://help.mail.ru/webmaster/indexing/robots)" 
95.163.255.59 - - [06/Nov/2022:13:03:19 -0800] "GET /honeypot/BSidesDFW%20-%202014.ipynb HTTP/1.1" 200 930884 "-" "Mozilla/5.0 (compatible; Linux x86_64; Mail.RU_Bot/2.0; +https://help.mail.ru/webmaster/indexing/robots)" 
157.55.39.122 - - [06/Nov/2022:13:06:41 -0800] "GET /self.logs/ HTTP/1.1" 200 39458 "-" "Mozilla/5.0 (compatible; bingbot/2.0; +http://www.bing.com/bingbot.htm)" 
154.54.249.164 - - [06/Nov/2022:13:15:33 -0800] "GET /robots.txt HTTP/1.1" 200 340 "-" "Mozilla/5.0 (compatible; Barkrowler/0.9; +https://babbar.tech/crawler)" 
154.54.249.165 - - [06/Nov/2022:13:15:58 -0800] "GET /self.logs/?C=N;O=A HTTP/1.1" 200 39421 "-" "Mozilla/5.0 (compatible; Barkrowler/0.9; +https://babbar.tech/crawler)" 
154.54.249.167 - - [06/Nov/2022:13:16:24 -0800] "GET /self.logs/error.log.2022-03-29 HTTP/1.1" 304 225 "-" "Mozilla/5.0 (compatible; Barkrowler/0.9; +https://babbar.tech/crawler)" 
154.54.249.164 - - [06/Nov/2022:13:16:49 -0800] "GET /self.logs/error.log.2022-04-20 HTTP/1.1" 304 224 "-" "Mozilla/5.0 (compatible; Barkrowler/0.9; +https://babbar.tech/crawler)" 
154.54.249.16 - - [06/Nov/2022:13:17:14 -0800] "GET /self.logs/error.log.2022-04-16 HTTP/1.1" 304 224 "-" "Mozilla/5.0 (compatible; Barkrowler/0.9; +https://babbar.tech/crawler)" 
154.54.249.16 - - [06/Nov/2022:13:17:39 -0800] "GET /self.logs/error.log.2020-06-12 HTTP/1.1" 304 224 "-" "Mozilla/5.0 (compatible; Barkrowler/0.9; +https://babbar.tech/crawler)" 
27.150.191.126 - - [06/Nov/2022:13:17:51 -0800] "GET / HTTP/1.1" 200 13186 "-" "Mozilla/5.0 (Windows NT 10.0; Win64; x64) AppleWebKit/537.36 (KHTML, like Gecko) Chrome/76.0.3809.25 Safari/537.36" 
154.54.249.16 - - [06/Nov/2022:13:18:05 -0800] "GET /self.logs/error.log.2020-03-20 HTTP/1.1" 304 224 "-" "Mozilla/5.0 (compatible; Barkrowler/0.9; +https://babbar.tech/crawler)" 
95.163.255.56 - - [06/Nov/2022:13:18:18 -0800] "GET / HTTP/1.1" 200 13149 "-" "Mozilla/5.0 (compatible; Linux x86_64; Mail.RU_Bot/2.0; +https://help.mail.ru/webmaster/indexing/robots)" 
154.54.249.165 - - [06/Nov/2022:13:18:30 -0800] "GET /self.logs/error.log.2020-09-30 HTTP/1.1" 304 224 "-" "Mozilla/5.0 (compatible; Barkrowler/0.9; +https://babbar.tech/crawler)" 
154.54.249.164 - - [06/Nov/2022:13:18:55 -0800] "GET /self.logs/error.log.2020-08-14 HTTP/1.1" 304 224 "-" "Mozilla/5.0 (compatible; Barkrowler/0.9; +https://babbar.tech/crawler)" 
154.54.249.164 - - [06/Nov/2022:13:19:20 -0800] "GET /self.logs/error.log.2020-05-10 HTTP/1.1" 304 224 "-" "Mozilla/5.0 (compatible; Barkrowler/0.9; +https://babbar.tech/crawler)" 
27.150.191.126 - - [06/Nov/2022:13:19:31 -0800] "GET /netdna.bootstrapcdn.com/bootstrap/3.1.1/js/bootstrap.min.js HTTP/1.1" 404 328 "-" "Mozilla/5.0 (Windows NT 10.0; Win64; x64) AppleWebKit/537.36 (KHTML, like Gecko) Chrome/76.0.3809.25 Safari/537.36" 
154.54.249.166 - - [06/Nov/2022:13:19:46 -0800] "GET /self.logs/error.log.2020-06-10 HTTP/1.1" 304 224 "-" "Mozilla/5.0 (compatible; Barkrowler/0.9; +https://babbar.tech/crawler)" 
27.150.191.126 - - [06/Nov/2022:13:20:01 -0800] "GET /www.google-analytics.com/analytics.js HTTP/1.1" 404 328 "-" "Mozilla/5.0 (Windows NT 10.0; Win64; x64) AppleWebKit/537.36 (KHTML, like Gecko) Chrome/76.0.3809.25 Safari/537.36" 
154.54.249.16 - - [06/Nov/2022:13:20:11 -0800] "GET /self.logs/error.log.2020-03-23 HTTP/1.1" 304 224 "-" "Mozilla/5.0 (compatible; Barkrowler/0.9; +https://babbar.tech/crawler)" 
27.150.191.126 - - [06/Nov/2022:13:20:28 -0800] "GET /quantserve.com/quant.js HTTP/1.1" 404 328 "-" "Mozilla/5.0 (Windows NT 10.0; Win64; x64) AppleWebKit/537.36 (KHTML, like Gecko) Chrome/76.0.3809.25 Safari/537.36" 
154.54.249.16 - - [06/Nov/2022:13:20:36 -0800] "GET /self.logs/error.log.2020-05-14 HTTP/1.1" 304 224 "-" "Mozilla/5.0 (compatible; Barkrowler/0.9; +https://babbar.tech/crawler)" 
154.54.249.16 - - [06/Nov/2022:13:21:01 -0800] "GET /self.logs/error.log.2020-05-02 HTTP/1.1" 304 224 "-" "Mozilla/5.0 (compatible; Barkrowler/0.9; +https://babbar.tech/crawler)" 
154.54.249.164 - - [06/Nov/2022:13:21:27 -0800] "GET /self.logs/error.log.2020-08-03 HTTP/1.1" 304 224 "-" "Mozilla/5.0 (compatible; Barkrowler/0.9; +https://babbar.tech/crawler)" 
154.54.249.165 - - [06/Nov/2022:13:21:52 -0800] "GET /self.logs/error.log.2020-09-08 HTTP/1.1" 304 224 "-" "Mozilla/5.0 (compatible; Barkrowler/0.9; +https://babbar.tech/crawler)" 
154.54.249.16 - - [06/Nov/2022:13:22:17 -0800] "GET /self.logs/error.log.2020-02-27 HTTP/1.1" 304 224 "-" "Mozilla/5.0 (compatible; Barkrowler/0.9; +https://babbar.tech/crawler)" 
154.54.249.165 - - [06/Nov/2022:13:22:42 -0800] "GET /self.logs/error.log.2020-04-27 HTTP/1.1" 304 224 "-" "Mozilla/5.0 (compatible; Barkrowler/0.9; +https://babbar.tech/crawler)" 
154.54.249.167 - - [06/Nov/2022:13:23:08 -0800] "GET /self.logs/error.log.2020-04-19 HTTP/1.1" 304 224 "-" "Mozilla/5.0 (compatible; Barkrowler/0.9; +https://babbar.tech/crawler)" 
154.54.249.165 - - [06/Nov/2022:13:23:33 -0800] "GET /self.logs/error.log.2020-01-07 HTTP/1.1" 304 224 "-" "Mozilla/5.0 (compatible; Barkrowler/0.9; +https://babbar.tech/crawler)" 
154.54.249.165 - - [06/Nov/2022:13:23:58 -0800] "GET /self.logs/error.log.2020-04-18 HTTP/1.1" 304 224 "-" "Mozilla/5.0 (compatible; Barkrowler/0.9; +https://babbar.tech/crawler)" 
154.54.249.166 - - [06/Nov/2022:13:24:23 -0800] "GET /self.logs/error.log.2020-06-18 HTTP/1.1" 304 224 "-" "Mozilla/5.0 (compatible; Barkrowler/0.9; +https://babbar.tech/crawler)" 
154.54.249.16 - - [06/Nov/2022:13:24:49 -0800] "GET /self.logs/error.log.2020-05-24 HTTP/1.1" 304 224 "-" "Mozilla/5.0 (compatible; Barkrowler/0.9; +https://babbar.tech/crawler)" 
154.54.249.166 - - [06/Nov/2022:13:25:14 -0800] "GET /self.logs/error.log.2020-02-22 HTTP/1.1" 304 224 "-" "Mozilla/5.0 (compatible; Barkrowler/0.9; +https://babbar.tech/crawler)" 
154.54.249.166 - - [06/Nov/2022:13:25:39 -0800] "GET /self.logs/error.log.2020-07-25 HTTP/1.1" 304 224 "-" "Mozilla/5.0 (compatible; Barkrowler/0.9; +https://babbar.tech/crawler)" 
154.54.249.166 - - [06/Nov/2022:13:26:05 -0800] "GET /self.logs/error.log.2020-07-12 HTTP/1.1" 304 224 "-" "Mozilla/5.0 (compatible; Barkrowler/0.9; +https://babbar.tech/crawler)" 
154.54.249.165 - - [06/Nov/2022:13:26:30 -0800] "GET /self.logs/error.log.2020-02-01 HTTP/1.1" 304 224 "-" "Mozilla/5.0 (compatible; Barkrowler/0.9; +https://babbar.tech/crawler)" 
154.54.249.167 - - [06/Nov/2022:13:26:55 -0800] "GET /self.logs/error.log.2020-05-04 HTTP/1.1" 304 224 "-" "Mozilla/5.0 (compatible; Barkrowler/0.9; +https://babbar.tech/crawler)" 
154.54.249.165 - - [06/Nov/2022:13:27:20 -0800] "GET /self.logs/error.log.2020-07-03 HTTP/1.1" 304 224 "-" "Mozilla/5.0 (compatible; Barkrowler/0.9; +https://babbar.tech/crawler)" 
154.54.249.165 - - [06/Nov/2022:13:27:46 -0800] "GET /self.logs/error.log.2020-02-25 HTTP/1.1" 304 224 "-" "Mozilla/5.0 (compatible; Barkrowler/0.9; +https://babbar.tech/crawler)" 
154.54.249.166 - - [06/Nov/2022:13:28:11 -0800] "GET /self.logs/error.log.2020-05-30 HTTP/1.1" 304 224 "-" "Mozilla/5.0 (compatible; Barkrowler/0.9; +https://babbar.tech/crawler)" 
154.54.249.165 - - [06/Nov/2022:13:28:36 -0800] "GET /self.logs/error.log.2020-02-20 HTTP/1.1" 304 224 "-" "Mozilla/5.0 (compatible; Barkrowler/0.9; +https://babbar.tech/crawler)" 
154.54.249.165 - - [06/Nov/2022:13:29:01 -0800] "GET /self.logs/error.log.2020-09-24 HTTP/1.1" 304 224 "-" "Mozilla/5.0 (compatible; Barkrowler/0.9; +https://babbar.tech/crawler)" 
154.54.249.164 - - [06/Nov/2022:13:29:27 -0800] "GET /self.logs/error.log.2020-06-19 HTTP/1.1" 304 224 "-" "Mozilla/5.0 (compatible; Barkrowler/0.9; +https://babbar.tech/crawler)" 
154.54.249.167 - - [06/Nov/2022:13:29:52 -0800] "GET /self.logs/error.log.2020-03-22 HTTP/1.1" 304 224 "-" "Mozilla/5.0 (compatible; Barkrowler/0.9; +https://babbar.tech/crawler)" 
40.77.167.103 - - [06/Nov/2022:13:30:16 -0800] "GET /robots.txt HTTP/1.1" 301 495 "-" "Mozilla/5.0 AppleWebKit/537.36 (KHTML, like Gecko; compatible; bingbot/2.0; +http://www.bing.com/bingbot.htm) Chrome/103.0.5060.134 Safari/537.36" 
40.77.167.103 - - [06/Nov/2022:13:30:16 -0800] "GET /robots.txt HTTP/1.1" 200 377 "-" "Mozilla/5.0 AppleWebKit/537.36 (KHTML, like Gecko; compatible; bingbot/2.0; +http://www.bing.com/bingbot.htm) Chrome/103.0.5060.134 Safari/537.36" 
154.54.249.165 - - [06/Nov/2022:13:30:17 -0800] "GET /self.logs/error.log.2020-06-20 HTTP/1.1" 304 224 "-" "Mozilla/5.0 (compatible; Barkrowler/0.9; +https://babbar.tech/crawler)" 
207.46.13.159 - - [06/Nov/2022:13:30:19 -0800] "GET / HTTP/1.1" 301 475 "-" "Mozilla/5.0 AppleWebKit/537.36 (KHTML, like Gecko; compatible; bingbot/2.0; +http://www.bing.com/bingbot.htm) Chrome/103.0.5060.134 Safari/537.36" 
154.54.249.165 - - [06/Nov/2022:13:30:43 -0800] "GET /self.logs/error.log.2020-04-20 HTTP/1.1" 304 224 "-" "Mozilla/5.0 (compatible; Barkrowler/0.9; +https://babbar.tech/crawler)" 
154.54.249.166 - - [06/Nov/2022:13:31:08 -0800] "GET /self.logs/error.log.2020-08-21 HTTP/1.1" 304 224 "-" "Mozilla/5.0 (compatible; Barkrowler/0.9; +https://babbar.tech/crawler)" 
154.54.249.166 - - [06/Nov/2022:13:31:33 -0800] "GET /self.logs/error.log.2020-08-28 HTTP/1.1" 304 224 "-" "Mozilla/5.0 (compatible; Barkrowler/0.9; +https://babbar.tech/crawler)" 
154.54.249.164 - - [06/Nov/2022:13:31:58 -0800] "GET /self.logs/error.log.2020-06-03 HTTP/1.1" 304 224 "-" "Mozilla/5.0 (compatible; Barkrowler/0.9; +https://babbar.tech/crawler)" 
154.54.249.16 - - [06/Nov/2022:13:32:24 -0800] "GET /self.logs/error.log.2020-06-02 HTTP/1.1" 304 224 "-" "Mozilla/5.0 (compatible; Barkrowler/0.9; +https://babbar.tech/crawler)" 
154.54.249.16 - - [06/Nov/2022:13:32:49 -0800] "GET /self.logs/error.log.2020-05-28 HTTP/1.1" 304 224 "-" "Mozilla/5.0 (compatible; Barkrowler/0.9; +https://babbar.tech/crawler)" 
154.54.249.16 - - [06/Nov/2022:13:33:14 -0800] "GET /self.logs/error.log.2020-03-02 HTTP/1.1" 304 224 "-" "Mozilla/5.0 (compatible; Barkrowler/0.9; +https://babbar.tech/crawler)" 
154.54.249.16 - - [06/Nov/2022:13:33:39 -0800] "GET /self.logs/error.log.2020-07-17 HTTP/1.1" 304 224 "-" "Mozilla/5.0 (compatible; Barkrowler/0.9; +https://babbar.tech/crawler)" 
154.54.249.165 - - [06/Nov/2022:13:34:05 -0800] "GET /self.logs/error.log.2020-02-29 HTTP/1.1" 304 224 "-" "Mozilla/5.0 (compatible; Barkrowler/0.9; +https://babbar.tech/crawler)" 
154.54.249.165 - - [06/Nov/2022:13:34:30 -0800] "GET /self.logs/error.log.2020-02-14 HTTP/1.1" 304 224 "-" "Mozilla/5.0 (compatible; Barkrowler/0.9; +https://babbar.tech/crawler)" 
154.54.249.16 - - [06/Nov/2022:13:34:55 -0800] "GET /self.logs/error.log.2020-05-12 HTTP/1.1" 304 224 "-" "Mozilla/5.0 (compatible; Barkrowler/0.9; +https://babbar.tech/crawler)" 
212.7.203.10 - - [06/Nov/2022:13:45:25 -0800] "GET / HTTP/1.1" 200 13142 "-" "Mozilla/5.0 (Windows NT 10.0; Win64; x64) AppleWebKit/537.36 (KHTML, like Gecko) Chrome/60.0.3112.113 Safari/537.36" 
157.55.39.122 - - [06/Nov/2022:13:47:25 -0800] "GET /self.logs/ HTTP/1.1" 200 39458 "-" "Mozilla/5.0 AppleWebKit/537.36 (KHTML, like Gecko; compatible; bingbot/2.0; +http://www.bing.com/bingbot.htm) Chrome/103.0.5060.134 Safari/537.36" 
219.148.201.101 - - [06/Nov/2022:14:00:23 -0800] "GET / HTTP/1.1" 301 475 "-" "Mozilla/5.0 (Windows NT 10.0; Win64; x64) AppleWebKit/537.36 (KHTML, like Gecko) Chrome/76.0.3809.25 Safari/537.36" 
219.148.201.101 - - [06/Nov/2022:14:00:24 -0800] "GET / HTTP/1.1" 200 13186 "-" "Mozilla/5.0 (Windows NT 10.0; Win64; x64) AppleWebKit/537.36 (KHTML, like Gecko) Chrome/76.0.3809.25 Safari/537.36" 
219.148.201.101 - - [06/Nov/2022:14:00:26 -0800] "GET /ajax.googleapis.com/ajax/libs/jquery/2.0.2/jquery.min.js HTTP/1.1" 301 586 "-" "Mozilla/5.0 (Windows NT 10.0; Win64; x64) AppleWebKit/537.36 (KHTML, like Gecko) Chrome/76.0.3809.25 Safari/537.36" 
219.148.201.101 - - [06/Nov/2022:14:00:26 -0800] "GET /ajax.googleapis.com/ajax/libs/jquery/2.0.2/jquery.min.js HTTP/1.1" 404 305 "-" "Mozilla/5.0 (Windows NT 10.0; Win64; x64) AppleWebKit/537.36 (KHTML, like Gecko) Chrome/76.0.3809.25 Safari/537.36" 
219.148.201.101 - - [06/Nov/2022:14:00:26 -0800] "GET /netdna.bootstrapcdn.com/bootstrap/3.1.1/js/bootstrap.min.js HTTP/1.1" 301 0 "-" "Mozilla/5.0 (Windows NT 10.0; Win64; x64) AppleWebKit/537.36 (KHTML, like Gecko) Chrome/76.0.3809.25 Safari/537.36" 
219.148.201.101 - - [06/Nov/2022:14:00:27 -0800] "GET / HTTP/1.1" 200 13163 "-" "Mozilla/5.0 (Windows NT 10.0; Win64; x64) AppleWebKit/537.36 (KHTML, like Gecko) Chrome/76.0.3809.25 Safari/537.36" 
219.148.201.101 - - [06/Nov/2022:14:00:27 -0800] "GET /netdna.bootstrapcdn.com/bootstrap/3.1.1/js/bootstrap.min.js HTTP/1.1" 301 593 "-" "Mozilla/5.0 (Windows NT 10.0; Win64; x64) AppleWebKit/537.36 (KHTML, like Gecko) Chrome/76.0.3809.25 Safari/537.36" 
219.148.201.101 - - [06/Nov/2022:14:00:28 -0800] "GET /ajax.googleapis.com/ajax/libs/jquery/2.0.2/jquery.min.js HTTP/1.1" 404 305 "-" "Mozilla/5.0 (Windows NT 10.0; Win64; x64) AppleWebKit/537.36 (KHTML, like Gecko) Chrome/76.0.3809.25 Safari/537.36" 
219.148.201.101 - - [06/Nov/2022:14:00:28 -0800] "GET /www.google-analytics.com/analytics.js HTTP/1.1" 301 549 "-" "Mozilla/5.0 (Windows NT 10.0; Win64; x64) AppleWebKit/537.36 (KHTML, like Gecko) Chrome/76.0.3809.25 Safari/537.36" 
219.148.201.101 - - [06/Nov/2022:14:00:28 -0800] "GET /www.google-analytics.com/analytics.js HTTP/1.1" 404 305 "-" "Mozilla/5.0 (Windows NT 10.0; Win64; x64) AppleWebKit/537.36 (KHTML, like Gecko) Chrome/76.0.3809.25 Safari/537.36" 
219.148.201.101 - - [06/Nov/2022:14:00:28 -0800] "GET /quantserve.com/quant.js HTTP/1.1" 301 520 "-" "Mozilla/5.0 (Windows NT 10.0; Win64; x64) AppleWebKit/537.36 (KHTML, like Gecko) Chrome/76.0.3809.25 Safari/537.36" 
219.148.201.101 - - [06/Nov/2022:14:00:29 -0800] "GET /www.google-analytics.com/analytics.js HTTP/1.1" 404 305 "-" "Mozilla/5.0 (Windows NT 10.0; Win64; x64) AppleWebKit/537.36 (KHTML, like Gecko) Chrome/76.0.3809.25 Safari/537.36" 
219.148.201.101 - - [06/Nov/2022:14:00:29 -0800] "GET /quantserve.com/quant.js HTTP/1.1" 404 305 "-" "Mozilla/5.0 (Windows NT 10.0; Win64; x64) AppleWebKit/537.36 (KHTML, like Gecko) Chrome/76.0.3809.25 Safari/537.36" 
86.49.240.178 - - [06/Nov/2022:14:18:27 -0800] "GET / HTTP/1.1" 200 13186 "-" "Mozilla/5.0 (Windows NT 10.0; Win64; x64) AppleWebKit/537.36 (KHTML, like Gecko) Chrome/107.0.0.0 Safari/537.36" 
86.49.240.178 - - [06/Nov/2022:14:18:27 -0800] "GET /css/style.css HTTP/1.1" 404 305 "http://www.secrepo.com/" "Mozilla/5.0 (Windows NT 10.0; Win64; x64) AppleWebKit/537.36 (KHTML, like Gecko) Chrome/107.0.0.0 Safari/537.36" 
86.49.240.178 - - [06/Nov/2022:14:18:27 -0800] "GET /twitter-icon.png HTTP/1.1" 200 27893 "http://www.secrepo.com/" "Mozilla/5.0 (Windows NT 10.0; Win64; x64) AppleWebKit/537.36 (KHTML, like Gecko) Chrome/107.0.0.0 Safari/537.36" 
86.49.240.178 - - [06/Nov/2022:14:18:27 -0800] "GET /GitHub-Mark.png HTTP/1.1" 200 7556 "http://www.secrepo.com/" "Mozilla/5.0 (Windows NT 10.0; Win64; x64) AppleWebKit/537.36 (KHTML, like Gecko) Chrome/107.0.0.0 Safari/537.36" 
86.49.240.178 - - [06/Nov/2022:14:18:28 -0800] "GET /bootstrap/img/favicon.ico HTTP/1.1" 200 690 "http://www.secrepo.com/" "Mozilla/5.0 (Windows NT 10.0; Win64; x64) AppleWebKit/537.36 (KHTML, like Gecko) Chrome/107.0.0.0 Safari/537.36" 
40.77.167.14 - - [06/Nov/2022:14:18:52 -0800] "GET /Datasets%20Description/HTML_Bro_log_3/ssl.html HTTP/1.1" 200 1874 "-" "Mozilla/5.0 AppleWebKit/537.36 (KHTML, like Gecko; compatible; bingbot/2.0; +http://www.bing.com/bingbot.htm) Chrome/103.0.5060.134 Safari/537.36" 
157.55.39.122 - - [06/Nov/2022:14:27:09 -0800] "GET /self.logs/ HTTP/1.1" 200 39458 "-" "Mozilla/5.0 AppleWebKit/537.36 (KHTML, like Gecko; compatible; bingbot/2.0; +http://www.bing.com/bingbot.htm) Chrome/103.0.5060.134 Safari/537.36" 
77.75.77.95 - - [06/Nov/2022:14:35:03 -0800] "GET /robots.txt HTTP/1.1" 200 377 "-" "Mozilla/5.0 (compatible; SeznamBot/3.2; +http://napoveda.seznam.cz/en/seznambot-intro/)" 
77.75.77.95 - - [06/Nov/2022:14:35:04 -0800] "GET /twitter-icon.png HTTP/1.1" 304 281 "-" "Mozilla/5.0 (compatible; SeznamBot/3.2; +http://napoveda.seznam.cz/en/seznambot-intro/)" 
134.122.137.48 - - [06/Nov/2022:14:46:03 -0800] "GET / HTTP/1.1" 200 13186 "http://www.SecRepo.com" "Mozilla/5.0 (Windows NT 10.0; Win64; x64) AppleWebKit/537.36 (KHTML, like Gecko) Chrome/87.0.4280.67 Safari/537.36 Edg/87.0.664.52" 
207.46.13.159 - - [06/Nov/2022:14:50:46 -0800] "GET / HTTP/1.1" 200 13186 "-" "Mozilla/5.0 (compatible; bingbot/2.0; +http://www.bing.com/bingbot.htm)" 
108.3.166.14 - - [06/Nov/2022:15:01:04 -0800] "GET /Security-Data-Analysis/Lab_1/conn.log.zip HTTP/1.1" 200 166440 "-" "Mozilla/5.0 (Windows NT 10.0; Win64; x64; rv:105.0) Gecko/20100101 Firefox/105.0" 
157.55.39.122 - - [06/Nov/2022:15:06:53 -0800] "GET /self.logs/ HTTP/1.1" 200 39458 "-" "Mozilla/5.0 (compatible; bingbot/2.0; +http://www.bing.com/bingbot.htm)" 
73.152.238.98 - - [06/Nov/2022:15:22:27 -0800] "GET /Datasets%20Description/PE_malware/VirusShare.html HTTP/1.1" 200 1651 "-" "Mozilla/5.0 (Macintosh; Intel Mac OS X 10_15_7) AppleWebKit/537.36 (KHTML, like Gecko) Chrome/106.0.0.0 Safari/537.36" 
73.152.238.98 - - [06/Nov/2022:15:22:27 -0800] "GET /favicon.ico HTTP/1.1" 200 368 "http://www.secrepo.com/Datasets%20Description/PE_malware/VirusShare.html" "Mozilla/5.0 (Macintosh; Intel Mac OS X 10_15_7) AppleWebKit/537.36 (KHTML, like Gecko) Chrome/106.0.0.0 Safari/537.36" 
157.55.39.122 - - [06/Nov/2022:15:46:36 -0800] "GET /self.logs/ HTTP/1.1" 200 39458 "-" "Mozilla/5.0 (compatible; bingbot/2.0; +http://www.bing.com/bingbot.htm)" 
108.20.41.99 - - [06/Nov/2022:15:55:32 -0800] "GET / HTTP/1.1" 200 13186 "-" "Mozilla/5.0 (iPhone; CPU iPhone OS 15_6 like Mac OS X) AppleWebKit/605.1.15 (KHTML, like Gecko) CriOS/70.0.3538.75 Mobile/15E148 Safari/605.1" 
108.20.41.99 - - [06/Nov/2022:15:56:37 -0800] "GET /bootstrap/img/favicon.ico HTTP/1.1" 304 263 "-" "Mozilla/5.0 (iPhone; CPU iPhone OS 15_6 like Mac OS X) AppleWebKit/605.1.15 (KHTML, like Gecko) CriOS/70.0.3538.75 Mobile/15E148 Safari/605.1" 
103.85.84.160 - - [06/Nov/2022:16:09:37 -0800] "GET //lib/webuploader/0.1.5/server/preview.php HTTP/1.1" 301 555 "-" "Mozilla/5.0 (Windows NT 10.0; WOW64; rv:48.0) Gecko/20100101 Firefox/48.0" 
157.55.39.122 - - [06/Nov/2022:16:26:40 -0800] "GET /self.logs/ HTTP/1.1" 200 39458 "-" "Mozilla/5.0 AppleWebKit/537.36 (KHTML, like Gecko; compatible; bingbot/2.0; +http://www.bing.com/bingbot.htm) Chrome/103.0.5060.134 Safari/537.36" 
40.77.167.14 - - [06/Nov/2022:17:04:18 -0800] "GET /self.logs/access.log.2017-03-10.gz HTTP/1.1" 200 17942 "-" "Mozilla/5.0 (compatible; bingbot/2.0; +http://www.bing.com/bingbot.htm)" 
157.55.39.122 - - [06/Nov/2022:17:07:55 -0800] "GET /self.logs/ HTTP/1.1" 200 39458 "-" "Mozilla/5.0 (compatible; bingbot/2.0; +http://www.bing.com/bingbot.htm)" 
40.77.167.14 - - [06/Nov/2022:17:13:55 -0800] "GET /self.logs/access.log.2018-01-18.gz HTTP/1.1" 200 27085 "-" "Mozilla/5.0 AppleWebKit/537.36 (KHTML, like Gecko; compatible; bingbot/2.0; +http://www.bing.com/bingbot.htm) Chrome/103.0.5060.134 Safari/537.36" 
173.80.96.115 - - [06/Nov/2022:17:41:02 -0800] "GET / HTTP/1.1" 200 13185 "-" "Mozilla/5.0 (Macintosh; Intel Mac OS X 10.15; rv:106.0) Gecko/20100101 Firefox/106.0" 
173.80.96.115 - - [06/Nov/2022:17:41:02 -0800] "GET /css/style.css HTTP/1.1" 404 305 "http://www.secrepo.com/" "Mozilla/5.0 (Macintosh; Intel Mac OS X 10.15; rv:106.0) Gecko/20100101 Firefox/106.0" 
173.80.96.115 - - [06/Nov/2022:17:41:02 -0800] "GET /twitter-icon.png HTTP/1.1" 200 27916 "http://www.secrepo.com/" "Mozilla/5.0 (Macintosh; Intel Mac OS X 10.15; rv:106.0) Gecko/20100101 Firefox/106.0" 
173.80.96.115 - - [06/Nov/2022:17:41:02 -0800] "GET /GitHub-Mark.png HTTP/1.1" 200 7556 "http://www.secrepo.com/" "Mozilla/5.0 (Macintosh; Intel Mac OS X 10.15; rv:106.0) Gecko/20100101 Firefox/106.0" 
173.80.96.115 - - [06/Nov/2022:17:41:02 -0800] "GET /bootstrap/img/favicon.ico HTTP/1.1" 200 690 "http://www.secrepo.com/" "Mozilla/5.0 (Macintosh; Intel Mac OS X 10.15; rv:106.0) Gecko/20100101 Firefox/106.0" 
40.77.167.63 - - [06/Nov/2022:17:43:05 -0800] "GET /?trk=public_post-text HTTP/1.1" 200 13185 "-" "Mozilla/5.0 (compatible; bingbot/2.0; +http://www.bing.com/bingbot.htm)" 
40.77.167.63 - - [06/Nov/2022:17:43:05 -0800] "GET /?trk=public_post-text HTTP/1.1" 200 13185 "-" "Mozilla/5.0 (compatible; bingbot/2.0; +http://www.bing.com/bingbot.htm)" 
157.55.39.50 - - [06/Nov/2022:17:43:19 -0800] "GET /css/style.css HTTP/1.1" 404 328 "-" "Mozilla/5.0 (compatible; bingbot/2.0; +http://www.bing.com/bingbot.htm)" 
157.55.39.50 - - [06/Nov/2022:17:43:19 -0800] "GET /css/style.css HTTP/1.1" 404 305 "-" "Mozilla/5.0 AppleWebKit/537.36 (KHTML, like Gecko; compatible; bingbot/2.0; +http://www.bing.com/bingbot.htm) Chrome/103.0.5060.134 Safari/537.36" 
157.55.39.122 - - [06/Nov/2022:17:46:48 -0800] "GET /self.logs/ HTTP/1.1" 200 39458 "-" "Mozilla/5.0 AppleWebKit/537.36 (KHTML, like Gecko; compatible; bingbot/2.0; +http://www.bing.com/bingbot.htm) Chrome/103.0.5060.134 Safari/537.36" 
65.109.67.80 - - [06/Nov/2022:17:52:29 -0800] "GET /robots.txt HTTP/1.1" 200 377 "-" "Mozilla/5.0 (compatible; MJ12bot/v1.4.8; http://mj12bot.com/)" 
65.109.67.80 - - [06/Nov/2022:17:52:34 -0800] "GET /self.logs/error.log.2021-01-09 HTTP/1.1" 200 273 "-" "Mozilla/5.0 (compatible; MJ12bot/v1.4.8; http://mj12bot.com/)" 
173.80.96.115 - - [06/Nov/2022:18:05:24 -0800] "GET / HTTP/1.1" 200 13185 "-" "Mozilla/5.0 (Macintosh; Intel Mac OS X 10.15; rv:106.0) Gecko/20100101 Firefox/106.0" 
173.80.96.115 - - [06/Nov/2022:18:05:24 -0800] "GET /css/style.css HTTP/1.1" 404 305 "http://www.secrepo.com/" "Mozilla/5.0 (Macintosh; Intel Mac OS X 10.15; rv:106.0) Gecko/20100101 Firefox/106.0" 
99.6.20.171 - - [06/Nov/2022:18:05:35 -0800] "GET / HTTP/1.1" 200 13185 "-" "Mozilla/5.0 (Windows NT 10.0; Win64; x64) AppleWebKit/537.36 (KHTML, like Gecko) Chrome/106.0.0.0 Safari/537.36" 
99.6.20.171 - - [06/Nov/2022:18:05:35 -0800] "GET /css/style.css HTTP/1.1" 404 305 "http://www.secrepo.com/" "Mozilla/5.0 (Windows NT 10.0; Win64; x64) AppleWebKit/537.36 (KHTML, like Gecko) Chrome/106.0.0.0 Safari/537.36" 
99.6.20.171 - - [06/Nov/2022:18:05:35 -0800] "GET /twitter-icon.png HTTP/1.1" 200 27916 "http://www.secrepo.com/" "Mozilla/5.0 (Windows NT 10.0; Win64; x64) AppleWebKit/537.36 (KHTML, like Gecko) Chrome/106.0.0.0 Safari/537.36" 
99.6.20.171 - - [06/Nov/2022:18:05:35 -0800] "GET /GitHub-Mark.png HTTP/1.1" 200 7556 "http://www.secrepo.com/" "Mozilla/5.0 (Windows NT 10.0; Win64; x64) AppleWebKit/537.36 (KHTML, like Gecko) Chrome/106.0.0.0 Safari/537.36" 
99.6.20.171 - - [06/Nov/2022:18:05:36 -0800] "GET /bootstrap/img/favicon.ico HTTP/1.1" 200 690 "http://www.secrepo.com/" "Mozilla/5.0 (Windows NT 10.0; Win64; x64) AppleWebKit/537.36 (KHTML, like Gecko) Chrome/106.0.0.0 Safari/537.36" 
157.55.39.122 - - [06/Nov/2022:18:07:00 -0800] "GET /self.logs/ HTTP/1.1" 200 39458 "-" "Mozilla/5.0 (compatible; bingbot/2.0; +http://www.bing.com/bingbot.htm)" 
157.44.172.148 - - [06/Nov/2022:18:12:12 -0800] "GET / HTTP/1.1" 200 13185 "-" "Mozilla/5.0 (X11; Linux x86_64) AppleWebKit/537.36 (KHTML, like Gecko) Chrome/107.0.0.0 Safari/537.36" 
157.44.172.148 - - [06/Nov/2022:18:12:12 -0800] "GET /css/style.css HTTP/1.1" 404 305 "http://www.secrepo.com/" "Mozilla/5.0 (X11; Linux x86_64) AppleWebKit/537.36 (KHTML, like Gecko) Chrome/107.0.0.0 Safari/537.36" 
157.44.172.148 - - [06/Nov/2022:18:12:12 -0800] "GET /twitter-icon.png HTTP/1.1" 200 27893 "http://www.secrepo.com/" "Mozilla/5.0 (X11; Linux x86_64) AppleWebKit/537.36 (KHTML, like Gecko) Chrome/107.0.0.0 Safari/537.36" 
157.44.172.148 - - [06/Nov/2022:18:12:12 -0800] "GET /GitHub-Mark.png HTTP/1.1" 200 7556 "http://www.secrepo.com/" "Mozilla/5.0 (X11; Linux x86_64) AppleWebKit/537.36 (KHTML, like Gecko) Chrome/107.0.0.0 Safari/537.36" 
157.44.172.148 - - [06/Nov/2022:18:12:13 -0800] "GET /bootstrap/img/favicon.ico HTTP/1.1" 200 690 "http://www.secrepo.com/" "Mozilla/5.0 (X11; Linux x86_64) AppleWebKit/537.36 (KHTML, like Gecko) Chrome/107.0.0.0 Safari/537.36" 
51.222.253.10 - - [06/Nov/2022:18:18:41 -0800] "GET /robots.txt HTTP/1.1" 200 333 "-" "Mozilla/5.0 (compatible; AhrefsBot/7.0; +http://ahrefs.com/robot/)" 
76.82.18.20 - - [06/Nov/2022:18:25:00 -0800] "GET / HTTP/1.1" 200 13186 "-" "Mozilla/5.0 (Macintosh; Intel Mac OS X 10_15_7) AppleWebKit/537.36 (KHTML, like Gecko) Chrome/107.0.0.0 Safari/537.36" 
76.82.18.20 - - [06/Nov/2022:18:25:01 -0800] "GET /css/style.css HTTP/1.1" 404 305 "http://www.secrepo.com/" "Mozilla/5.0 (Macintosh; Intel Mac OS X 10_15_7) AppleWebKit/537.36 (KHTML, like Gecko) Chrome/107.0.0.0 Safari/537.36" 
76.82.18.20 - - [06/Nov/2022:18:25:01 -0800] "GET /twitter-icon.png HTTP/1.1" 200 27893 "http://www.secrepo.com/" "Mozilla/5.0 (Macintosh; Intel Mac OS X 10_15_7) AppleWebKit/537.36 (KHTML, like Gecko) Chrome/107.0.0.0 Safari/537.36" 
76.82.18.20 - - [06/Nov/2022:18:25:01 -0800] "GET /GitHub-Mark.png HTTP/1.1" 200 7533 "http://www.secrepo.com/" "Mozilla/5.0 (Macintosh; Intel Mac OS X 10_15_7) AppleWebKit/537.36 (KHTML, like Gecko) Chrome/107.0.0.0 Safari/537.36" 
76.82.18.20 - - [06/Nov/2022:18:25:01 -0800] "GET /bootstrap/img/favicon.ico HTTP/1.1" 200 713 "http://www.secrepo.com/" "Mozilla/5.0 (Macintosh; Intel Mac OS X 10_15_7) AppleWebKit/537.36 (KHTML, like Gecko) Chrome/107.0.0.0 Safari/537.36" 
108.20.41.99 - - [06/Nov/2022:18:27:58 -0800] "GET / HTTP/1.1" 200 13186 "-" "Mozilla/5.0 (iPhone; CPU iPhone OS 15_6 like Mac OS X) AppleWebKit/605.1.15 (KHTML, like Gecko) CriOS/70.0.3538.75 Mobile/15E148 Safari/605.1" 
52.212.146.96 - - [06/Nov/2022:18:30:02 -0800] "GET /self.logs/access.log.2022-10-31.gz HTTP/1.1" 200 24423 "-" "python-requests/2.12.1" 
114.119.149.228 - - [06/Nov/2022:18:33:26 -0800] "GET /self.logs/error.log.2020-06-22 HTTP/1.1" 200 351 "http://www.secrepo.com/self.logs?C=N%3BO%3DD" "Mozilla/5.0 (Linux; Android 7.0;) AppleWebKit/537.36 (KHTML, like Gecko) Mobile Safari/537.36 (compatible; PetalBot;+https://webmaster.petalsearch.com/site/petalbot)" 
114.246.34.180 - - [06/Nov/2022:18:13:55 -0800] "GET /Security-Data-Analysis/Lab_1/conn.log.zip HTTP/1.1" 200 106200000 "-" "Mozilla/5.0 (Macintosh; Intel Mac OS X 10_15_7) AppleWebKit/605.1.15 (KHTML, like Gecko) Version/15.6 Safari/605.1.15" 
51.222.253.10 - - [06/Nov/2022:18:38:56 -0800] "GET /self.logs/?C=N;O=A HTTP/1.1" 200 39414 "-" "Mozilla/5.0 (compatible; AhrefsBot/7.0; +http://ahrefs.com/robot/)" 
66.249.66.93 - - [06/Nov/2022:18:43:12 -0800] "GET /robots.txt HTTP/1.1" 200 377 "-" "Mozilla/5.0 (compatible; Googlebot/2.1; +http://www.google.com/bot.html)" 
123.125.109.138 - - [06/Nov/2022:18:43:53 -0800] "GET / HTTP/1.1" 200 13149 "-" "Sogou web spider/4.0(+http://www.sogou.com/docs/help/webmasters.htm#07)" 
157.55.39.122 - - [06/Nov/2022:18:44:03 -0800] "GET /self.logs/ HTTP/1.1" 200 39458 "-" "Mozilla/5.0 AppleWebKit/537.36 (KHTML, like Gecko; compatible; bingbot/2.0; +http://www.bing.com/bingbot.htm) Chrome/103.0.5060.134 Safari/537.36" 
157.55.39.122 - - [06/Nov/2022:18:45:55 -0800] "GET /self.logs/error.log.2017-03-13.gz HTTP/1.1" 200 1267 "-" "Mozilla/5.0 (compatible; bingbot/2.0; +http://www.bing.com/bingbot.htm)" 
157.55.39.122 - - [06/Nov/2022:18:46:44 -0800] "GET /Datasets%20Description/Network/dns.html HTTP/1.1" 200 1543 "-" "Mozilla/5.0 AppleWebKit/537.36 (KHTML, like Gecko; compatible; bingbot/2.0; +http://www.bing.com/bingbot.htm) Chrome/103.0.5060.134 Safari/537.36" 
40.77.167.14 - - [06/Nov/2022:18:47:17 -0800] "GET /Datasets%20Description/Network/dhcp.html HTTP/1.1" 200 1461 "-" "Mozilla/5.0 (compatible; bingbot/2.0; +http://www.bing.com/bingbot.htm)" 
43.154.171.233 - - [06/Nov/2022:18:52:10 -0800] "GET / HTTP/1.1" 301 475 "http://secrepo.com" "Mozilla/5.0 (Windows NT 10.0; Win64; x64) AppleWebKit/537.36 (KHTML, like Gecko) Chrome/87.0.4280.67 Safari/537.36 Edg/87.0.664.52" 
43.154.171.233 - - [06/Nov/2022:18:52:10 -0800] "GET / HTTP/1.1" 200 13186 "http://secrepo.com" "Mozilla/5.0 (Windows NT 10.0; Win64; x64) AppleWebKit/537.36 (KHTML, like Gecko) Chrome/87.0.4280.67 Safari/537.36 Edg/87.0.664.52" 
24.49.37.207 - - [06/Nov/2022:18:53:26 -0800] "HEAD //newmax.click HTTP/1.1" 301 235 "-" "Mozilla/5.0 (Macintosh; Intel Mac OS X 10_15_7) AppleWebKit/537.36 (KHTML, like Gecko) Chrome/107.0.5304.62 Safari/537.36" 
24.49.37.207 - - [06/Nov/2022:18:53:26 -0800] "HEAD /newmax.click HTTP/1.1" 404 309 "-" "Mozilla/5.0 (Macintosh; Intel Mac OS X 10_15_7) AppleWebKit/537.36 (KHTML, like Gecko) Chrome/107.0.5304.62 Safari/537.36" 
45.62.169.159 - - [06/Nov/2022:19:04:56 -0800] "GET / HTTP/1.1" 200 13141 "-" "Mozilla/5.0 (Windows NT 10.0; Win64; x64) AppleWebKit/537.36 (KHTML, like Gecko) Chrome/107.0.0.0 Safari/537.36" 
45.62.169.159 - - [06/Nov/2022:19:04:56 -0800] "GET /css/style.css HTTP/1.1" 404 250 "http://www.secrepo.com/" "Mozilla/5.0 (Windows NT 10.0; Win64; x64) AppleWebKit/537.36 (KHTML, like Gecko) Chrome/107.0.0.0 Safari/537.36" 
45.62.169.159 - - [06/Nov/2022:19:04:56 -0800] "GET /GitHub-Mark.png HTTP/1.1" 200 7512 "http://www.secrepo.com/" "Mozilla/5.0 (Windows NT 10.0; Win64; x64) AppleWebKit/537.36 (KHTML, like Gecko) Chrome/107.0.0.0 Safari/537.36" 
45.62.169.159 - - [06/Nov/2022:19:04:56 -0800] "GET /twitter-icon.png HTTP/1.1" 200 27872 "http://www.secrepo.com/" "Mozilla/5.0 (Windows NT 10.0; Win64; x64) AppleWebKit/537.36 (KHTML, like Gecko) Chrome/107.0.0.0 Safari/537.36" 
45.62.169.159 - - [06/Nov/2022:19:04:58 -0800] "GET /bootstrap/img/favicon.ico HTTP/1.1" 200 635 "http://www.secrepo.com/" "Mozilla/5.0 (Windows NT 10.0; Win64; x64) AppleWebKit/537.36 (KHTML, like Gecko) Chrome/107.0.0.0 Safari/537.36" 
45.62.169.159 - - [06/Nov/2022:19:05:16 -0800] "GET /honeypot/BSidesDFW%20-%202014.ipynb HTTP/1.1" 200 930877 "http://www.secrepo.com/" "Mozilla/5.0 (Windows NT 10.0; Win64; x64) AppleWebKit/537.36 (KHTML, like Gecko) Chrome/107.0.0.0 Safari/537.36" 
45.62.169.159 - - [06/Nov/2022:19:05:19 -0800] "GET /favicon.ico HTTP/1.1" 200 313 "http://www.secrepo.com/honeypot/BSidesDFW%20-%202014.ipynb" "Mozilla/5.0 (Windows NT 10.0; Win64; x64) AppleWebKit/537.36 (KHTML, like Gecko) Chrome/107.0.0.0 Safari/537.36" 
117.132.196.241 - - [06/Nov/2022:19:06:12 -0800] "GET /self.logs/ HTTP/1.1" 200 39458 "-" "Mozilla/5.0 (Windows NT 6.1; WOW64) AppleWebKit/537.36 (KHTML, like Gecko) Chrome/81.0.4044.138 Safari/537.36 NetType/WIFI MicroMessenger/7.0.20.1781(0x6700143B) WindowsWechat(0x6307062c)" 
180.163.30.27 - - [06/Nov/2022:19:07:11 -0800] "GET /self.logs HTTP/1.1" 301 563 "-" "Mozilla/5.0 (iPhone; CPU iPhone OS 10_2_1 like Mac OS X) AppleWebKit/602.4.6 (KHTML, like Gecko) Mobile/14D27 MicroMessenger/6.5.5 NetType/WIFI Language/en" 
180.163.30.27 - - [06/Nov/2022:19:07:11 -0800] "GET /self.logs/ HTTP/1.1" 200 142400 "http://www.secrepo.com/self.logs" "Mozilla/5.0 (iPhone; CPU iPhone OS 10_2_1 like Mac OS X) AppleWebKit/602.4.6 (KHTML, like Gecko) Mobile/14D27 MicroMessenger/6.5.5 NetType/WIFI Language/en" 
40.77.167.14 - - [06/Nov/2022:19:13:00 -0800] "GET /self.logs/access.log.2018-01-18.gz HTTP/1.1" 200 27085 "-" "Mozilla/5.0 AppleWebKit/537.36 (KHTML, like Gecko; compatible; bingbot/2.0; +http://www.bing.com/bingbot.htm) Chrome/103.0.5060.134 Safari/537.36" 
51.222.253.3 - - [06/Nov/2022:19:15:15 -0800] "GET /self.logs/2015/?C=D;O=A HTTP/1.1" 200 7577 "-" "Mozilla/5.0 (compatible; AhrefsBot/7.0; +http://ahrefs.com/robot/)" 
157.55.39.122 - - [06/Nov/2022:19:18:06 -0800] "GET /self.logs/access.log.2018-01-09.gz HTTP/1.1" 200 24812 "-" "Mozilla/5.0 (compatible; bingbot/2.0; +http://www.bing.com/bingbot.htm)" 
157.55.39.122 - - [06/Nov/2022:19:18:36 -0800] "GET /self.logs/ HTTP/1.1" 200 39458 "-" "Mozilla/5.0 (compatible; bingbot/2.0; +http://www.bing.com/bingbot.htm)" 
223.129.87.25 - - [06/Nov/2022:19:19:28 -0800] "GET /self.logs/ HTTP/1.1" 200 39458 "-" "Mozilla/5.0 (Windows NT 10.0; Win64; x64) AppleWebKit/537.36 (KHTML, like Gecko) Chrome/107.0.0.0 Safari/537.36 Edg/107.0.1418.35" 
114.119.140.174 - - [06/Nov/2022:19:19:28 -0800] "GET /self.logs/error.log.2020-08-10 HTTP/1.1" 200 351 "http://www.secrepo.com/self.logs?C=N%3BO%3DD" "Mozilla/5.0 (Linux; Android 7.0;) AppleWebKit/537.36 (KHTML, like Gecko) Mobile Safari/537.36 (compatible; PetalBot;+https://webmaster.petalsearch.com/site/petalbot)" 
223.129.87.25 - - [06/Nov/2022:19:19:29 -0800] "GET /favicon.ico HTTP/1.1" 200 368 "http://www.secrepo.com/self.logs/" "Mozilla/5.0 (Windows NT 10.0; Win64; x64) AppleWebKit/537.36 (KHTML, like Gecko) Chrome/107.0.0.0 Safari/537.36 Edg/107.0.1418.35" 
223.129.87.25 - - [06/Nov/2022:19:19:53 -0800] "GET /self.logs/error.log.2022-11-03.gz HTTP/1.1" 200 975 "http://www.secrepo.com/self.logs/" "Mozilla/5.0 (Windows NT 10.0; Win64; x64) AppleWebKit/537.36 (KHTML, like Gecko) Chrome/107.0.0.0 Safari/537.36 Edg/107.0.1418.35" 
196.201.210.72 - - [06/Nov/2022:19:20:57 -0800] "GET / HTTP/1.1" 200 13186 "-" "Mozilla/5.0 (Windows NT 10.0; Win64; x64) AppleWebKit/537.36 (KHTML, like Gecko) Chrome/106.0.0.0 Safari/537.36" 
196.201.210.72 - - [06/Nov/2022:19:20:58 -0800] "GET /css/style.css HTTP/1.1" 404 305 "http://www.secrepo.com/" "Mozilla/5.0 (Windows NT 10.0; Win64; x64) AppleWebKit/537.36 (KHTML, like Gecko) Chrome/106.0.0.0 Safari/537.36" 
196.201.210.72 - - [06/Nov/2022:19:20:58 -0800] "GET /twitter-icon.png HTTP/1.1" 200 27916 "http://www.secrepo.com/" "Mozilla/5.0 (Windows NT 10.0; Win64; x64) AppleWebKit/537.36 (KHTML, like Gecko) Chrome/106.0.0.0 Safari/537.36" 
196.201.210.72 - - [06/Nov/2022:19:20:58 -0800] "GET /GitHub-Mark.png HTTP/1.1" 200 7556 "http://www.secrepo.com/" "Mozilla/5.0 (Windows NT 10.0; Win64; x64) AppleWebKit/537.36 (KHTML, like Gecko) Chrome/106.0.0.0 Safari/537.36" 
196.201.210.72 - - [06/Nov/2022:19:21:03 -0800] "GET /bootstrap/img/favicon.ico HTTP/1.1" 200 713 "http://www.secrepo.com/" "Mozilla/5.0 (Windows NT 10.0; Win64; x64) AppleWebKit/537.36 (KHTML, like Gecko) Chrome/106.0.0.0 Safari/537.36" 
223.129.87.25 - - [06/Nov/2022:19:21:27 -0800] "GET /self.logs/access.log.2022-11-03.gz HTTP/1.1" 200 10238 "http://www.secrepo.com/self.logs/" "Mozilla/5.0 (Windows NT 10.0; Win64; x64) AppleWebKit/537.36 (KHTML, like Gecko) Chrome/107.0.0.0 Safari/537.36 Edg/107.0.1418.35" 
44.212.92.208 - - [06/Nov/2022:19:30:16 -0800] "GET / HTTP/1.1" 200 13142 "-" "Mozilla/5.0 (compatible; startmebot/1.0; +https://start.me/bot)" 
27.150.191.126 - - [06/Nov/2022:19:34:29 -0800] "GET / HTTP/1.1" 200 13186 "-" "Mozilla/5.0 (Windows NT 10.0; Win64; x64) AppleWebKit/537.36 (KHTML, like Gecko) Chrome/76.0.3809.25 Safari/537.36" 
27.150.191.126 - - [06/Nov/2022:19:35:30 -0800] "GET /ajax.googleapis.com/ajax/libs/jquery/2.0.2/jquery.min.js HTTP/1.1" 404 328 "-" "Mozilla/5.0 (Windows NT 10.0; Win64; x64) AppleWebKit/537.36 (KHTML, like Gecko) Chrome/76.0.3809.25 Safari/537.36" 
27.150.191.126 - - [06/Nov/2022:19:35:30 -0800] "GET /netdna.bootstrapcdn.com/bootstrap/3.1.1/js/bootstrap.min.js HTTP/1.1" 404 0 "-" "Mozilla/5.0 (Windows NT 10.0; Win64; x64) AppleWebKit/537.36 (KHTML, like Gecko) Chrome/76.0.3809.25 Safari/537.36" 
27.150.191.126 - - [06/Nov/2022:19:35:30 -0800] "GET /netdna.bootstrapcdn.com/bootstrap/3.1.1/js/bootstrap.min.js HTTP/1.1" 404 0 "-" "Mozilla/5.0 (Windows NT 10.0; Win64; x64) AppleWebKit/537.36 (KHTML, like Gecko) Chrome/76.0.3809.25 Safari/537.36" 
27.150.191.126 - - [06/Nov/2022:19:35:31 -0800] "GET /quantserve.com/quant.js HTTP/1.1" 404 328 "-" "Mozilla/5.0 (Windows NT 10.0; Win64; x64) AppleWebKit/537.36 (KHTML, like Gecko) Chrome/76.0.3809.25 Safari/537.36" 
139.162.42.19 - - [06/Nov/2022:19:45:38 -0800] "GET / HTTP/1.1" 200 13149 "-" "Mozilla/5.0 (Windows NT 10.0; Win64; x64) AppleWebKit/537.36 (KHTML, like Gecko) Chrome/107.0.0.0 Safari/537.36 Edg/107.0.1418.35" 
139.162.42.19 - - [06/Nov/2022:19:45:38 -0800] "GET /css/style.css HTTP/1.1" 404 291 "http://www.secrepo.com/" "Mozilla/5.0 (Windows NT 10.0; Win64; x64) AppleWebKit/537.36 (KHTML, like Gecko) Chrome/107.0.0.0 Safari/537.36 Edg/107.0.1418.35" 
139.162.42.19 - - [06/Nov/2022:19:45:39 -0800] "GET /twitter-icon.png HTTP/1.1" 200 27879 "http://www.secrepo.com/" "Mozilla/5.0 (Windows NT 10.0; Win64; x64) AppleWebKit/537.36 (KHTML, like Gecko) Chrome/107.0.0.0 Safari/537.36 Edg/107.0.1418.35" 
139.162.42.19 - - [06/Nov/2022:19:45:39 -0800] "GET /GitHub-Mark.png HTTP/1.1" 200 7519 "http://www.secrepo.com/" "Mozilla/5.0 (Windows NT 10.0; Win64; x64) AppleWebKit/537.36 (KHTML, like Gecko) Chrome/107.0.0.0 Safari/537.36 Edg/107.0.1418.35" 
139.162.42.19 - - [06/Nov/2022:19:45:41 -0800] "GET /bootstrap/img/favicon.ico HTTP/1.1" 200 676 "http://www.secrepo.com/" "Mozilla/5.0 (Windows NT 10.0; Win64; x64) AppleWebKit/537.36 (KHTML, like Gecko) Chrome/107.0.0.0 Safari/537.36 Edg/107.0.1418.35" 
42.236.10.84 - - [06/Nov/2022:19:50:01 -0800] "GET / HTTP/1.1" 200 13186 "-" "Mozilla/5.0 (Linux; U; Android 8.0.0; zh-cn; Mi Note 2 Build/OPR1.170623.032) AppleWebKit/537.36 (KHTML, like Gecko) Version/4.0 Chrome/61.0.3163.128 Mobile Safari/537.36 XiaoMi/MiuiBrowser/10.1.1" 
42.236.10.84 - - [06/Nov/2022:19:50:05 -0800] "GET / HTTP/1.1" 200 13163 "http://baidu.com/" "Mozilla/5.0 (Linux; U; Android 8.0.0; zh-cn; Mi Note 2 Build/OPR1.170623.032) AppleWebKit/537.36 (KHTML, like Gecko) Version/4.0 Chrome/61.0.3163.128 Mobile Safari/537.36 XiaoMi/MiuiBrowser/10.1.1" 
42.236.10.84 - - [06/Nov/2022:19:50:09 -0800] "GET /css/style.css HTTP/1.1" 404 305 "http://www.secrepo.com/" "Mozilla/5.0 (Linux; U; Android 8.0.0; zh-cn; Mi Note 2 Build/OPR1.170623.032) AppleWebKit/537.36 (KHTML, like Gecko) Version/4.0 Chrome/61.0.3163.128 Mobile Safari/537.36 XiaoMi/MiuiBrowser/10.1.1" 
42.236.10.84 - - [06/Nov/2022:19:50:10 -0800] "GET /twitter-icon.png HTTP/1.1" 200 27893 "http://www.secrepo.com/" "Mozilla/5.0 (Linux; U; Android 8.0.0; zh-cn; Mi Note 2 Build/OPR1.170623.032) AppleWebKit/537.36 (KHTML, like Gecko) Version/4.0 Chrome/61.0.3163.128 Mobile Safari/537.36 XiaoMi/MiuiBrowser/10.1.1" 
42.236.10.84 - - [06/Nov/2022:19:50:11 -0800] "GET /GitHub-Mark.png HTTP/1.1" 200 7533 "http://www.secrepo.com/" "Mozilla/5.0 (Linux; U; Android 8.0.0; zh-cn; Mi Note 2 Build/OPR1.170623.032) AppleWebKit/537.36 (KHTML, like Gecko) Version/4.0 Chrome/61.0.3163.128 Mobile Safari/537.36 XiaoMi/MiuiBrowser/10.1.1" 
42.236.10.84 - - [06/Nov/2022:19:50:17 -0800] "GET /bootstrap/img/favicon.ico HTTP/1.1" 200 669 "-" "Mozilla/5.0 (Windows NT 10.0; WOW64) AppleWebKit/537.36 (KHTML, like Gecko) Chrome/78.0.3904.108 Safari/537.36" 
157.55.39.122 - - [06/Nov/2022:19:52:40 -0800] "GET /self.logs/ HTTP/1.1" 200 39458 "-" "Mozilla/5.0 (compatible; bingbot/2.0; +http://www.bing.com/bingbot.htm)" 
220.181.41.13 - - [06/Nov/2022:19:56:01 -0800] "GET / HTTP/1.1" 200 13186 "-" "Mozilla/5.0 (Windows NT 10.0; Win64; x64) AppleWebKit/537.36 (KHTML, like Gecko) Chrome/107.0.0.0 Safari/537.36" 
220.181.41.13 - - [06/Nov/2022:19:56:02 -0800] "GET /css/style.css HTTP/1.1" 404 305 "http://www.secrepo.com/" "Mozilla/5.0 (Windows NT 10.0; Win64; x64) AppleWebKit/537.36 (KHTML, like Gecko) Chrome/107.0.0.0 Safari/537.36" 
