213.144.5.150 - - [04/Oct/2022:06:32:22 -0700] "GET / HTTP/1.1" 200 13186 "http://www.secrepo.com" "EBIDAG/4.7 (EBID AG Crawler) Mozilla/5.0 (Windows NT 10.0; Win64; x64) AppleWebKit/537.36 (KHTML, like Gecko) Chrome/84.0.4147.135 Safari/537.36" 
213.144.5.150 - - [04/Oct/2022:06:32:22 -0700] "GET /data HTTP/1.1" 404 328 "http://www.secrepo.com" "EBIDAG/4.7 (EBID AG Crawler) Mozilla/5.0 (Windows NT 10.0; Win64; x64) AppleWebKit/537.36 (KHTML, like Gecko) Chrome/84.0.4147.135 Safari/537.36" 
213.144.5.150 - - [04/Oct/2022:06:32:22 -0700] "GET / HTTP/1.1" 200 13186 "http://www.secrepo.com" "EBIDAG/4.7 (EBID AG Crawler) Mozilla/5.0 (Windows NT 10.0; Win64; x64) AppleWebKit/537.36 (KHTML, like Gecko) Chrome/84.0.4147.135 Safari/537.36" 
213.144.5.150 - - [04/Oct/2022:06:32:22 -0700] "GET / HTTP/1.1" 200 13186 "http://www.secrepo.com" "EBIDAG/4.7 (EBID AG Crawler) Mozilla/5.0 (Windows NT 10.0; Win64; x64) AppleWebKit/537.36 (KHTML, like Gecko) Chrome/84.0.4147.135 Safari/537.36" 
213.144.5.150 - - [04/Oct/2022:06:32:22 -0700] "GET / HTTP/1.1" 200 13186 "http://www.secrepo.com" "EBIDAG/4.7 (EBID AG Crawler) Mozilla/5.0 (Windows NT 10.0; Win64; x64) AppleWebKit/537.36 (KHTML, like Gecko) Chrome/84.0.4147.135 Safari/537.36" 
213.144.5.150 - - [04/Oct/2022:06:32:23 -0700] "GET / HTTP/1.1" 200 13186 "http://www.secrepo.com" "EBIDAG/4.7 (EBID AG Crawler) Mozilla/5.0 (Windows NT 10.0; Win64; x64) AppleWebKit/537.36 (KHTML, like Gecko) Chrome/84.0.4147.135 Safari/537.36" 
213.144.5.150 - - [04/Oct/2022:06:32:23 -0700] "GET / HTTP/1.1" 200 13186 "http://www.secrepo.com" "EBIDAG/4.7 (EBID AG Crawler) Mozilla/5.0 (Windows NT 10.0; Win64; x64) AppleWebKit/537.36 (KHTML, like Gecko) Chrome/84.0.4147.135 Safari/537.36" 
213.144.5.150 - - [04/Oct/2022:06:32:24 -0700] "GET /robots.txt HTTP/1.1" 200 377 "-" "Apache-HttpClient/4.5.13 (Java/15-ea)" 
213.144.5.150 - - [04/Oct/2022:06:32:24 -0700] "GET / HTTP/1.1" 200 13186 "" "EBIDAG/4.7 (EBID AG Crawler) Mozilla/5.0 (Windows NT 10.0; Win64; x64) AppleWebKit/537.36 (KHTML, like Gecko) Chrome/84.0.4147.135 Safari/537.36" 
157.55.39.38 - - [04/Oct/2022:06:35:59 -0700] "GET /self.logs/ HTTP/1.1" 200 38806 "-" "Mozilla/5.0 (compatible; bingbot/2.0; +http://www.bing.com/bingbot.htm)" 
220.181.108.156 - - [04/Oct/2022:06:38:09 -0700] "GET / HTTP/1.1" 301 438 "-" "Mozilla/5.0 (compatible; Baiduspider/2.0; +http://www.baidu.com/search/spider.html)" 
220.181.51.88 - - [04/Oct/2022:06:38:10 -0700] "GET /robots.txt HTTP/1.1" 301 458 "-" "Mozilla/5.0 (Windows NT 10.0; WOW64) AppleWebKit/537.36 (KHTML, like Gecko) Chrome/48.0.2564.116 Safari/537.36" 
220.181.51.92 - - [04/Oct/2022:06:38:10 -0700] "GET /robots.txt HTTP/1.1" 200 340 "-" "Mozilla/5.0 (Windows NT 10.0; WOW64) AppleWebKit/537.36 (KHTML, like Gecko) Chrome/48.0.2564.116 Safari/537.36" 
220.181.108.156 - - [04/Oct/2022:06:38:10 -0700] "GET / HTTP/1.1" 200 13149 "-" "Mozilla/5.0 (compatible; Baiduspider/2.0; +http://www.baidu.com/search/spider.html)" 
220.181.108.102 - - [04/Oct/2022:06:38:11 -0700] "GET / HTTP/1.1" 301 438 "-" "Mozilla/5.0 (Linux;u;Android 4.2.2;zh-cn;) AppleWebKit/534.46 (KHTML,like Gecko) Version/5.1 Mobile Safari/10600.6.3 (compatible; Baiduspider/2.0; +http://www.baidu.com/search/spider.html)" 
220.181.108.94 - - [04/Oct/2022:06:38:12 -0700] "GET / HTTP/1.1" 200 13149 "-" "Mozilla/5.0 (Linux;u;Android 4.2.2;zh-cn;) AppleWebKit/534.46 (KHTML,like Gecko) Version/5.1 Mobile Safari/10600.6.3 (compatible; Baiduspider/2.0; +http://www.baidu.com/search/spider.html)" 
116.179.37.236 - - [04/Oct/2022:06:38:15 -0700] "GET /GitHub-Mark.png HTTP/1.1" 200 7519 "http://www.secrepo.com/" "Mozilla/5.0 (iPhone; CPU iPhone OS 9_1 like Mac OS X) AppleWebKit/601.1.46 (KHTML, like Gecko) Version/9.0 Mobile/13B143 Safari/601.1 (compatible; Baiduspider-render/2.0; +http://www.baidu.com/search/spider.html)" 
116.179.37.100 - - [04/Oct/2022:06:38:15 -0700] "GET /css/style.css HTTP/1.1" 404 291 "http://www.secrepo.com/" "Mozilla/5.0 (iPhone; CPU iPhone OS 9_1 like Mac OS X) AppleWebKit/601.1.46 (KHTML, like Gecko) Version/9.0 Mobile/13B143 Safari/601.1 (compatible; Baiduspider-render/2.0; +http://www.baidu.com/search/spider.html)" 
116.179.37.122 - - [04/Oct/2022:06:38:15 -0700] "GET /twitter-icon.png HTTP/1.1" 200 27879 "http://www.secrepo.com/" "Mozilla/5.0 (iPhone; CPU iPhone OS 9_1 like Mac OS X) AppleWebKit/601.1.46 (KHTML, like Gecko) Version/9.0 Mobile/13B143 Safari/601.1 (compatible; Baiduspider-render/2.0; +http://www.baidu.com/search/spider.html)" 
116.179.37.142 - - [04/Oct/2022:06:38:16 -0700] "GET /css/style.css HTTP/1.1" 404 291 "http://www.secrepo.com/" "Mozilla/5.0 (compatible; Baiduspider-render/2.0; +http://www.baidu.com/search/spider.html)" 
116.179.33.14 - - [04/Oct/2022:06:38:24 -0700] "GET /robots.txt HTTP/1.1" 301 458 "-" "Mozilla/5.0 (Windows NT 10.0; WOW64) AppleWebKit/537.36 (KHTML, like Gecko) Chrome/48.0.2564.116 Safari/537.36" 
116.179.33.213 - - [04/Oct/2022:06:38:25 -0700] "GET /robots.txt HTTP/1.1" 301 458 "-" "Mozilla/5.0 (Windows NT 10.0; WOW64) AppleWebKit/537.36 (KHTML, like Gecko) Chrome/48.0.2564.116 Safari/537.36" 
116.179.33.12 - - [04/Oct/2022:06:38:25 -0700] "GET /robots.txt HTTP/1.1" 200 340 "-" "Mozilla/5.0 (Windows NT 10.0; WOW64) AppleWebKit/537.36 (KHTML, like Gecko) Chrome/48.0.2564.116 Safari/537.36" 
116.179.33.16 - - [04/Oct/2022:06:38:25 -0700] "GET /robots.txt HTTP/1.1" 200 340 "-" "Mozilla/5.0 (Windows NT 10.0; WOW64) AppleWebKit/537.36 (KHTML, like Gecko) Chrome/48.0.2564.116 Safari/537.36" 
116.179.33.141 - - [04/Oct/2022:06:38:25 -0700] "GET /robots.txt HTTP/1.1" 200 340 "-" "Mozilla/5.0 (Windows NT 10.0; WOW64) AppleWebKit/537.36 (KHTML, like Gecko) Chrome/48.0.2564.116 Safari/537.36" 
114.119.149.222 - - [04/Oct/2022:06:42:32 -0700] "GET /self.logs/access.log.2018-01-25.gz HTTP/1.1" 200 20986 "-" "Mozilla/5.0 (compatible;PetalBot;+https://webmaster.petalsearch.com/site/petalbot)" 
51.77.205.250 - - [04/Oct/2022:06:43:29 -0700] "GET /honeypot/BSidesDFW%20-%202014.ipynb HTTP/1.1" 301 481 "-" "Tornado-Async-Client" 
144.122.223.210 - - [04/Oct/2022:06:44:48 -0700] "GET / HTTP/1.1" 200 13186 "-" "Mozilla/5.0 (X11; Linux x86_64) AppleWebKit/537.36 (KHTML, like Gecko) Chrome/105.0.0.0 Safari/537.36" 
144.122.223.210 - - [04/Oct/2022:06:44:48 -0700] "GET /css/style.css HTTP/1.1" 404 328 "http://www.secrepo.com/" "Mozilla/5.0 (X11; Linux x86_64) AppleWebKit/537.36 (KHTML, like Gecko) Chrome/105.0.0.0 Safari/537.36" 
114.119.149.222 - - [04/Oct/2022:06:48:18 -0700] "GET /self.logs/error.log.2020-05-02 HTTP/1.1" 200 351 "http://www.secrepo.com/self.logs?C=N%3BO%3DD" "Mozilla/5.0 (Linux; Android 7.0;) AppleWebKit/537.36 (KHTML, like Gecko) Mobile Safari/537.36 (compatible; PetalBot;+https://webmaster.petalsearch.com/site/petalbot)" 
80.194.174.79 - - [04/Oct/2022:06:48:30 -0700] "GET /css/style.css HTTP/1.1" 404 328 "http://www.secrepo.com/" "Mozilla/5.0 (Windows NT 10.0; Win64; x64) AppleWebKit/537.36 (KHTML, like Gecko) Chrome/106.0.0.0 Safari/537.36 Edg/106.0.1370.34" 
107.167.35.138 - - [04/Oct/2022:06:50:31 -0700] "GET / HTTP/1.1" 200 49089 "-" "-" 
194.36.99.177 - - [04/Oct/2022:06:53:49 -0700] "GET /honeypot/BSidesDFW%20-%202014.ipynb HTTP/1.1" 200 930921 "http://www.secrepo.com/" "Mozilla/5.0 (Linux x86_64; rv:102.0) Gecko/20100101 Firefox/102.0" 
114.119.149.228 - - [04/Oct/2022:06:54:11 -0700] "GET /self.logs/error.log.2020-02-05.gz HTTP/1.1" 200 1254 "-" "Mozilla/5.0 (compatible;PetalBot;+https://webmaster.petalsearch.com/site/petalbot)" 
51.75.241.40 - - [04/Oct/2022:06:55:34 -0700] "GET /robots.txt HTTP/1.1" 200 340 "-" "INETDEX-BOT/1.5 (Mozilla/5.0; https://inetdex.com/bot.html; info at inetdex dot com)" 
51.75.241.40 - - [04/Oct/2022:06:55:34 -0700] "GET /honeypot/BSidesDFW%20-%202014.ipynb HTTP/1.1" 200 930884 "-" "INETDEX-BOT/1.5 (Mozilla/5.0; https://inetdex.com/bot.html; info at inetdex dot com)" 
212.7.203.12 - - [04/Oct/2022:06:59:22 -0700] "GET / HTTP/1.1" 200 13142 "-" "Mozilla/5.0 (Windows NT 10.0; Win64; x64) AppleWebKit/537.36 (KHTML, like Gecko) Chrome/60.0.3112.113 Safari/537.36" 
114.119.149.23 - - [04/Oct/2022:07:05:56 -0700] "GET /self.logs/error.log.2020-12-17 HTTP/1.1" 200 351 "http://www.secrepo.com/self.logs?C=N%3BO%3DD" "Mozilla/5.0 (Linux; Android 7.0;) AppleWebKit/537.36 (KHTML, like Gecko) Mobile Safari/537.36 (compatible; PetalBot;+https://webmaster.petalsearch.com/site/petalbot)" 
157.55.39.38 - - [04/Oct/2022:07:08:42 -0700] "GET /self.logs/ HTTP/1.1" 200 38806 "-" "Mozilla/5.0 (compatible; bingbot/2.0; +http://www.bing.com/bingbot.htm)" 
114.119.149.228 - - [04/Oct/2022:07:11:47 -0700] "GET /self.logs/error.log.2018-11-25.gz HTTP/1.1" 200 3891 "-" "Mozilla/5.0 (compatible;PetalBot;+https://webmaster.petalsearch.com/site/petalbot)" 
114.119.140.174 - - [04/Oct/2022:07:17:40 -0700] "GET /self.logs/access.log.2018-01-04.gz HTTP/1.1" 200 25379 "-" "Mozilla/5.0 (compatible;PetalBot;+https://webmaster.petalsearch.com/site/petalbot)" 
20.191.45.212 - - [04/Oct/2022:07:18:40 -0700] "GET / HTTP/1.1" 200 13187 "http://www.secrepo.com/" "Mozilla/5.0 (compatible; DuckDuckGo-Favicons-Bot/1.0; +http://duckduckgo.com)" 
20.191.45.212 - - [04/Oct/2022:07:18:40 -0700] "GET /bootstrap/img/favicon.ico HTTP/1.1" 200 690 "http://www.secrepo.com/bootstrap/img/favicon.ico" "Mozilla/5.0 (compatible; DuckDuckGo-Favicons-Bot/1.0; +http://duckduckgo.com)" 
107.167.35.138 - - [04/Oct/2022:07:20:38 -0700] "GET / HTTP/1.1" 200 49089 "-" "-" 
157.90.181.151 - - [04/Oct/2022:07:22:50 -0700] "GET /robots.txt HTTP/1.1" 200 377 "-" "Mozilla/5.0 (compatible; BLEXBot/1.0; +http://webmeup-crawler.com/)" 
157.90.181.151 - - [04/Oct/2022:07:22:53 -0700] "GET /sitemap HTTP/1.1" 404 328 "-" "Mozilla/5.0 (compatible; BLEXBot/1.0; +http://webmeup-crawler.com/)" 
157.90.181.151 - - [04/Oct/2022:07:23:03 -0700] "GET /sitemap.txt HTTP/1.1" 404 328 "-" "Mozilla/5.0 (compatible; BLEXBot/1.0; +http://webmeup-crawler.com/)" 
114.119.149.218 - - [04/Oct/2022:07:23:29 -0700] "GET /Datasets%20Description/HTML_Bro_log_1/files.html HTTP/1.1" 200 1918 "http://www.secrepo.com/Datasets%20Description/HTML_Bro_log_1/?C=S%3BO%3DA" "Mozilla/5.0 (Linux; Android 7.0;) AppleWebKit/537.36 (KHTML, like Gecko) Mobile Safari/537.36 (compatible; PetalBot;+https://webmaster.petalsearch.com/site/petalbot)" 
157.55.39.38 - - [04/Oct/2022:07:24:14 -0700] "GET /self.logs/error.log.2018-01-06.gz HTTP/1.1" 200 5817 "-" "Mozilla/5.0 (compatible; bingbot/2.0; +http://www.bing.com/bingbot.htm)" 
114.119.149.23 - - [04/Oct/2022:07:29:01 -0700] "GET /self.logs/access.log.2017-11-17.gz HTTP/1.1" 200 19727 "-" "Mozilla/5.0 (compatible;PetalBot;+https://webmaster.petalsearch.com/site/petalbot)" 
216.244.66.245 - - [04/Oct/2022:07:37:18 -0700] "GET /robots.txt HTTP/1.1" 200 333 "-" "Mozilla/5.0 (compatible; DotBot/1.2; +https://opensiteexplorer.org/dotbot; help@moz.com)" 
137.222.114.247 - - [04/Oct/2022:07:39:03 -0700] "GET /Datasets%20Description/HTML_Bro_log_1/conn.html HTTP/1.1" 200 2011 "-" "Mozilla/5.0 (Windows NT 10.0; Win64; x64) AppleWebKit/537.36 (KHTML, like Gecko) Chrome/106.0.0.0 Safari/537.36" 
137.222.114.247 - - [04/Oct/2022:07:39:04 -0700] "GET /favicon.ico HTTP/1.1" 200 368 "http://www.secrepo.com/Datasets%20Description/HTML_Bro_log_1/conn.html" "Mozilla/5.0 (Windows NT 10.0; Win64; x64) AppleWebKit/537.36 (KHTML, like Gecko) Chrome/106.0.0.0 Safari/537.36" 
137.222.114.246 - - [04/Oct/2022:07:39:40 -0700] "GET /Datasets%20Description/HTML_Bro_log_1/conn.html HTTP/1.1" 200 2011 "-" "Mozilla/5.0 (Windows NT 10.0; Win64; x64) AppleWebKit/537.36 (KHTML, like Gecko) Chrome/105.0.0.0 Safari/537.36 Edg/105.0.1343.53" 
137.222.114.246 - - [04/Oct/2022:07:39:40 -0700] "GET /favicon.ico HTTP/1.1" 200 368 "http://www.secrepo.com/Datasets%20Description/HTML_Bro_log_1/conn.html" "Mozilla/5.0 (Windows NT 10.0; Win64; x64) AppleWebKit/537.36 (KHTML, like Gecko) Chrome/105.0.0.0 Safari/537.36 Edg/105.0.1343.53" 
114.119.149.237 - - [04/Oct/2022:07:39:50 -0700] "GET /self.logs/access.log.2018-11-11.gz HTTP/1.1" 200 19969 "-" "Mozilla/5.0 (compatible;PetalBot;+https://webmaster.petalsearch.com/site/petalbot)" 
157.55.39.38 - - [04/Oct/2022:07:40:16 -0700] "GET /self.logs/ HTTP/1.1" 200 38806 "-" "Mozilla/5.0 (compatible; bingbot/2.0; +http://www.bing.com/bingbot.htm)" 
216.244.66.245 - - [04/Oct/2022:07:41:14 -0700] "GET /self.logs/error.log.2022-09-27.gz HTTP/1.1" 200 3349 "-" "Mozilla/5.0 (compatible; DotBot/1.2; +https://opensiteexplorer.org/dotbot; help@moz.com)" 
114.119.140.174 - - [04/Oct/2022:07:45:15 -0700] "GET /self.logs/access.log.2018-12-03.gz HTTP/1.1" 200 22574 "-" "Mozilla/5.0 (compatible;PetalBot;+https://webmaster.petalsearch.com/site/petalbot)" 
222.187.221.137 - - [04/Oct/2022:07:47:48 -0700] "GET / HTTP/1.1" 200 49089 "-" "-" 
40.77.167.63 - - [04/Oct/2022:07:55:11 -0700] "GET /self.logs/access.log.2017-11-15.gz HTTP/1.1" 200 29622 "-" "Mozilla/5.0 AppleWebKit/537.36 (KHTML, like Gecko; compatible; bingbot/2.0; +http://www.bing.com/bingbot.htm) Chrome/103.0.5060.134 Safari/537.36" 
114.119.149.228 - - [04/Oct/2022:07:56:06 -0700] "GET /self.logs/2015/access.log.2015-05-22.gz HTTP/1.1" 200 4791 "-" "Mozilla/5.0 (compatible;PetalBot;+https://webmaster.petalsearch.com/site/petalbot)" 
107.167.35.138 - - [04/Oct/2022:07:58:18 -0700] "GET / HTTP/1.1" 200 49089 "-" "-" 
114.119.149.237 - - [04/Oct/2022:08:01:31 -0700] "GET /self.logs/access.log.2017-04-02.gz HTTP/1.1" 200 22240 "-" "Mozilla/5.0 (compatible;PetalBot;+https://webmaster.petalsearch.com/site/petalbot)" 
107.167.39.74 - - [04/Oct/2022:08:06:45 -0700] "GET / HTTP/1.1" 200 13186 "http://www.SecRepo.com" "Mozilla/5.0 (Windows NT 10.0; Win64; x64) AppleWebKit/537.36 (KHTML, like Gecko) Chrome/87.0.4280.67 Safari/537.36 Edg/87.0.664.52" 
51.105.26.73 - - [04/Oct/2022:08:08:04 -0700] "GET /wp-commentin.php HTTP/1.1" 404 328 "www.google.com" "Mozlila/5.0 (Linux; Android 7.0; SM-G892A Bulid/NRD90M; wv) AppleWebKit/537.36 (KHTML, like Gecko) Version/4.0 Chrome/60.0.3112.107 Moblie Safari/537.36" 
207.46.13.96 - - [04/Oct/2022:08:09:29 -0700] "GET /self.logs/access.log.2017-01-16.gz HTTP/1.1" 200 43085 "-" "Mozilla/5.0 (compatible; bingbot/2.0; +http://www.bing.com/bingbot.htm)" 
157.55.39.38 - - [04/Oct/2022:08:12:18 -0700] "GET /self.logs/ HTTP/1.1" 200 38806 "-" "Mozilla/5.0 (compatible; bingbot/2.0; +http://www.bing.com/bingbot.htm)" 
114.119.149.23 - - [04/Oct/2022:08:12:22 -0700] "GET /Datasets%20Description/PE_malware/Zeus.html HTTP/1.1" 200 1698 "https://www.open-open.com/misc/goto?guid=4959733195070562990" "Mozilla/5.0 (Linux; Android 7.0;) AppleWebKit/537.36 (KHTML, like Gecko) Mobile Safari/537.36 (compatible; PetalBot;+https://webmaster.petalsearch.com/site/petalbot)" 
114.119.140.174 - - [04/Oct/2022:08:17:46 -0700] "GET /self.logs/error.log.2020-02-28 HTTP/1.1" 200 351 "http://www.secrepo.com/self.logs?C=N%3BO%3DD" "Mozilla/5.0 (Linux; Android 7.0;) AppleWebKit/537.36 (KHTML, like Gecko) Mobile Safari/537.36 (compatible; PetalBot;+https://webmaster.petalsearch.com/site/petalbot)" 
20.187.173.166 - - [04/Oct/2022:08:20:47 -0700] "GET /Public/lib/webuploader/0.1.5/server/preview.php HTTP/1.1" 404 328 "-" "Mozilla/5.0 (Windows NT 10.0; WOW64; rv:48.0) Gecko/20100101 Firefox/48.0" 
27.150.191.126 - - [04/Oct/2022:08:21:10 -0700] "GET /maccdc2012/smtp.log.gz HTTP/1.1" 200 6956 "-" "Mozilla/5.0 (Windows NT 10.0; Win64; x64) AppleWebKit/537.36 (KHTML, like Gecko) Chrome/76.0.3809.25 Safari/537.36" 
27.150.191.126 - - [04/Oct/2022:08:21:10 -0700] "GET /maccdc2012/signatures.log.gz HTTP/1.1" 200 645 "-" "Mozilla/5.0 (Windows NT 10.0; Win64; x64) AppleWebKit/537.36 (KHTML, like Gecko) Chrome/76.0.3809.25 Safari/537.36" 
27.150.191.126 - - [04/Oct/2022:08:21:10 -0700] "GET /maccdc2012/tunnel.log.gz HTTP/1.1" 200 5282 "-" "Mozilla/5.0 (Windows NT 10.0; Win64; x64) AppleWebKit/537.36 (KHTML, like Gecko) Chrome/76.0.3809.25 Safari/537.36" 
27.150.191.126 - - [04/Oct/2022:08:21:11 -0700] "GET /maccdc2012/notice.log.gz HTTP/1.1" 200 20797 "-" "Mozilla/5.0 (Windows NT 10.0; Win64; x64) AppleWebKit/537.36 (KHTML, like Gecko) Chrome/76.0.3809.25 Safari/537.36" 
27.150.191.126 - - [04/Oct/2022:08:21:12 -0700] "GET /maccdc2012/dhcp.log.gz HTTP/1.1" 200 44954 "-" "Mozilla/5.0 (Windows NT 10.0; Win64; x64) AppleWebKit/537.36 (KHTML, like Gecko) Chrome/76.0.3809.25 Safari/537.36" 
27.150.191.126 - - [04/Oct/2022:08:21:10 -0700] "GET /maccdc2012/ftp.log.gz HTTP/1.1" 200 127738 "-" "Mozilla/5.0 (Windows NT 10.0; Win64; x64) AppleWebKit/537.36 (KHTML, like Gecko) Chrome/76.0.3809.25 Safari/537.36" 
27.150.191.126 - - [04/Oct/2022:08:21:10 -0700] "GET /maccdc2012/ssh.log.gz HTTP/1.1" 200 182567 "-" "Mozilla/5.0 (Windows NT 10.0; Win64; x64) AppleWebKit/537.36 (KHTML, like Gecko) Chrome/76.0.3809.25 Safari/537.36" 
27.150.191.126 - - [04/Oct/2022:08:21:07 -0700] "GET /maccdc2012/weird.log.gz HTTP/1.1" 200 473040 "-" "Mozilla/5.0 (Windows NT 10.0; Win64; x64) AppleWebKit/537.36 (KHTML, like Gecko) Chrome/76.0.3809.25 Safari/537.36" 
27.150.191.126 - - [04/Oct/2022:08:21:13 -0700] "GET /maccdc2012/ssl.log.gz HTTP/1.1" 200 389820 "-" "Mozilla/5.0 (Windows NT 10.0; Win64; x64) AppleWebKit/537.36 (KHTML, like Gecko) Chrome/76.0.3809.25 Safari/537.36" 
27.150.191.126 - - [04/Oct/2022:08:21:10 -0700] "GET /maccdc2012/http.log.gz HTTP/1.1" 200 1229320 "-" "Mozilla/5.0 (Windows NT 10.0; Win64; x64) AppleWebKit/537.36 (KHTML, like Gecko) Chrome/76.0.3809.25 Safari/537.36" 
27.150.191.126 - - [04/Oct/2022:08:21:11 -0700] "GET /maccdc2012/files.log.gz HTTP/1.1" 200 416100 "-" "Mozilla/5.0 (Windows NT 10.0; Win64; x64) AppleWebKit/537.36 (KHTML, like Gecko) Chrome/76.0.3809.25 Safari/537.36" 
27.150.191.126 - - [04/Oct/2022:08:21:11 -0700] "GET /maccdc2012/dns.log.gz HTTP/1.1" 200 664300 "-" "Mozilla/5.0 (Windows NT 10.0; Win64; x64) AppleWebKit/537.36 (KHTML, like Gecko) Chrome/76.0.3809.25 Safari/537.36" 
27.150.191.126 - - [04/Oct/2022:08:21:14 -0700] "GET /maccdc2012/conn.log.gz HTTP/1.1" 200 456980 "-" "Mozilla/5.0 (Windows NT 10.0; Win64; x64) AppleWebKit/537.36 (KHTML, like Gecko) Chrome/76.0.3809.25 Safari/537.36" 
27.150.191.126 - - [04/Oct/2022:08:21:48 -0700] "GET /self.logs/ HTTP/1.1" 200 38806 "-" "Mozilla/5.0 (Windows NT 10.0; Win64; x64) AppleWebKit/537.36 (KHTML, like Gecko) Chrome/76.0.3809.25 Safari/537.36" 
51.77.205.250 - - [04/Oct/2022:08:21:53 -0700] "GET /honeypot/BSidesDFW%20-%202014.ipynb HTTP/1.1" 301 481 "-" "Tornado-Async-Client" 
27.150.191.126 - - [04/Oct/2022:08:22:03 -0700] "GET /self.logs HTTP/1.1" 301 563 "-" "Mozilla/5.0 (Windows NT 10.0; Win64; x64) AppleWebKit/537.36 (KHTML, like Gecko) Chrome/76.0.3809.25 Safari/537.36" 
27.150.191.126 - - [04/Oct/2022:08:22:04 -0700] "GET /self.logs/ HTTP/1.1" 200 38783 "-" "Mozilla/5.0 (Windows NT 10.0; Win64; x64) AppleWebKit/537.36 (KHTML, like Gecko) Chrome/76.0.3809.25 Safari/537.36" 
27.150.191.126 - - [04/Oct/2022:08:21:47 -0700] "GET /auth.log/auth.log.gz HTTP/1.1" 200 615679 "-" "Mozilla/5.0 (Windows NT 10.0; Win64; x64) AppleWebKit/537.36 (KHTML, like Gecko) Chrome/76.0.3809.25 Safari/537.36" 
27.150.191.126 - - [04/Oct/2022:08:21:46 -0700] "GET /honeypot/BSidesDFW%20-%202014.ipynb HTTP/1.1" 200 737300 "-" "Mozilla/5.0 (Windows NT 10.0; Win64; x64) AppleWebKit/537.36 (KHTML, like Gecko) Chrome/76.0.3809.25 Safari/537.36" 
27.150.191.126 - - [04/Oct/2022:08:21:50 -0700] "GET /squid/access.log.gz HTTP/1.1" 200 236520 "-" "Mozilla/5.0 (Windows NT 10.0; Win64; x64) AppleWebKit/537.36 (KHTML, like Gecko) Chrome/76.0.3809.25 Safari/537.36" 
27.150.191.126 - - [04/Oct/2022:08:21:50 -0700] "GET /tg/tg_snort_full.7z HTTP/1.1" 200 379600 "-" "Mozilla/5.0 (Windows NT 10.0; Win64; x64) AppleWebKit/537.36 (KHTML, like Gecko) Chrome/76.0.3809.25 Safari/537.36" 
27.150.191.126 - - [04/Oct/2022:08:21:50 -0700] "GET /tg/tg_snort_fast.7z HTTP/1.1" 200 283240 "-" "Mozilla/5.0 (Windows NT 10.0; Win64; x64) AppleWebKit/537.36 (KHTML, like Gecko) Chrome/76.0.3809.25 Safari/537.36" 
27.150.191.126 - - [04/Oct/2022:08:21:51 -0700] "GET /maccdc2012/maccdc2012_full_alert.7z HTTP/1.1" 200 467200 "-" "Mozilla/5.0 (Windows NT 10.0; Win64; x64) AppleWebKit/537.36 (KHTML, like Gecko) Chrome/76.0.3809.25 Safari/537.36" 
27.150.191.126 - - [04/Oct/2022:08:21:51 -0700] "GET /maccdc2012/maccdc2012_fast_alert.7z HTTP/1.1" 200 557720 "-" "Mozilla/5.0 (Windows NT 10.0; Win64; x64) AppleWebKit/537.36 (KHTML, like Gecko) Chrome/76.0.3809.25 Safari/537.36" 
51.77.205.250 - - [04/Oct/2022:08:22:21 -0700] "GET /honeypot/js-agent.newrelic.com/nr-1216.min.js HTTP/1.1" 301 509 "-" "Tornado-Async-Client" 
51.77.205.250 - - [04/Oct/2022:08:22:21 -0700] "GET /honeypot/js-agent.newrelic.com/nr-1216.min.js HTTP/1.1" 404 284 "-" "Tornado-Async-Client" 
51.83.111.190 - - [04/Oct/2022:08:22:24 -0700] "GET /honeypot/jquery.min.js HTTP/1.1" 301 463 "-" "Tornado-Async-Client" 
51.83.111.190 - - [04/Oct/2022:08:22:24 -0700] "GET /honeypot/jquery.min.js HTTP/1.1" 404 284 "-" "Tornado-Async-Client" 
51.77.205.250 - - [04/Oct/2022:08:22:30 -0700] "GET /honeypot/moment.min.js HTTP/1.1" 301 463 "-" "Tornado-Async-Client" 
51.77.205.250 - - [04/Oct/2022:08:22:30 -0700] "GET /honeypot/moment.min.js HTTP/1.1" 404 284 "-" "Tornado-Async-Client" 
51.77.205.250 - - [04/Oct/2022:08:22:32 -0700] "GET /honeypot/bootstrap.min.js HTTP/1.1" 301 469 "-" "Tornado-Async-Client" 
51.77.205.250 - - [04/Oct/2022:08:22:32 -0700] "GET /honeypot/bootstrap.min.js HTTP/1.1" 404 284 "-" "Tornado-Async-Client" 
51.83.111.190 - - [04/Oct/2022:08:22:35 -0700] "GET /honeypot/headroom.js/dist/headroom.min.js HTTP/1.1" 301 501 "-" "Tornado-Async-Client" 
51.83.111.190 - - [04/Oct/2022:08:22:35 -0700] "GET /honeypot/headroom.js/dist/headroom.min.js HTTP/1.1" 404 284 "-" "Tornado-Async-Client" 
51.83.111.190 - - [04/Oct/2022:08:22:37 -0700] "GET /honeypot/headroom.js/dist/jQuery.headroom.min.js HTTP/1.1" 301 515 "-" "Tornado-Async-Client" 
51.83.111.190 - - [04/Oct/2022:08:22:37 -0700] "GET /honeypot/headroom.js/dist/jQuery.headroom.min.js HTTP/1.1" 404 250 "-" "Tornado-Async-Client" 
114.119.149.228 - - [04/Oct/2022:08:23:11 -0700] "GET /self.logs/error.log.2020-06-18 HTTP/1.1" 200 351 "http://www.secrepo.com/self.logs?C=N%3BO%3DD" "Mozilla/5.0 (Linux; Android 7.0;) AppleWebKit/537.36 (KHTML, like Gecko) Mobile Safari/537.36 (compatible; PetalBot;+https://webmaster.petalsearch.com/site/petalbot)" 
114.119.149.218 - - [04/Oct/2022:08:28:38 -0700] "GET /self.logs/error.log.2019-01-02.gz HTTP/1.1" 200 5239 "-" "Mozilla/5.0 (compatible;PetalBot;+https://webmaster.petalsearch.com/site/petalbot)" 
41.33.62.100 - - [04/Oct/2022:08:35:37 -0700] "GET / HTTP/1.1" 200 13186 "-" "Mozilla/5.0 (Windows NT 10.0; Win64; x64) AppleWebKit/537.36 (KHTML, like Gecko) Chrome/106.0.0.0 Safari/537.36" 
41.33.62.100 - - [04/Oct/2022:08:35:37 -0700] "GET /css/style.css HTTP/1.1" 404 328 "http://www.secrepo.com/" "Mozilla/5.0 (Windows NT 10.0; Win64; x64) AppleWebKit/537.36 (KHTML, like Gecko) Chrome/106.0.0.0 Safari/537.36" 
140.246.251.9 - - [04/Oct/2022:08:46:39 -0700] "GET / HTTP/1.1" 200 13187 "-" "Mozilla/5.0 (Windows; U; Windows NT 5.1; zh-CN; rv:1.9.2.12) Gecko/20101026 Firefox/3.6.12" 
20.239.84.71 - - [04/Oct/2022:08:48:09 -0700] "GET /Public/admin/lib/webuploader/0.1.5/server/preview.php HTTP/1.1" 404 328 "-" "Mozilla/5.0 (Windows NT 10.0; WOW64; rv:48.0) Gecko/20100101 Firefox/48.0" 
157.55.39.38 - - [04/Oct/2022:08:49:02 -0700] "GET /self.logs/ HTTP/1.1" 200 38806 "-" "Mozilla/5.0 (compatible; bingbot/2.0; +http://www.bing.com/bingbot.htm)" 
20.239.84.71 - - [04/Oct/2022:09:00:10 -0700] "GET /Public/admin/webuploader/server/preview.php HTTP/1.1" 404 328 "-" "Mozilla/5.0 (Windows NT 10.0; WOW64; rv:48.0) Gecko/20100101 Firefox/48.0" 
20.239.84.71 - - [04/Oct/2022:09:00:41 -0700] "GET /Public/webuploader/0.1.5/server/preview.php HTTP/1.1" 404 328 "-" "Mozilla/5.0 (Windows NT 10.0; WOW64; rv:48.0) Gecko/20100101 Firefox/48.0" 
114.119.149.228 - - [04/Oct/2022:09:01:26 -0700] "GET /Datasets%20Description?C=M%3BO%3DA HTTP/1.1" 301 613 "https://www.secrepo.com/Datasets%20Description?C=S%3BO%3DA" "Mozilla/5.0 (Linux; Android 7.0;) AppleWebKit/537.36 (KHTML, like Gecko) Mobile Safari/537.36 (compatible; PetalBot;+https://webmaster.petalsearch.com/site/petalbot)" 
114.119.149.228 - - [04/Oct/2022:09:01:26 -0700] "GET /Datasets%20Description/?C=M%3BO%3DA HTTP/1.1" 200 654 "https://www.secrepo.com/Datasets%20Description?C=S%3BO%3DA" "Mozilla/5.0 (Linux; Android 7.0;) AppleWebKit/537.36 (KHTML, like Gecko) Mobile Safari/537.36 (compatible; PetalBot;+https://webmaster.petalsearch.com/site/petalbot)" 
20.24.118.117 - - [04/Oct/2022:09:13:09 -0700] "GET /e/data/js/ajax.js HTTP/1.1" 404 328 "-" "Mozilla/5.0 (Windows NT 10.0; WOW64; rv:48.0) Gecko/20100101 Firefox/48.0" 
20.24.118.117 - - [04/Oct/2022:09:13:09 -0700] "GET /data/admin/allowurl.txt HTTP/1.1" 404 328 "-" "Mozilla/5.0 (Windows NT 10.0; WOW64; rv:48.0) Gecko/20100101 Firefox/48.0" 
107.167.35.138 - - [04/Oct/2022:09:17:29 -0700] "GET / HTTP/1.1" 200 49089 "-" "-" 
157.55.39.38 - - [04/Oct/2022:09:20:25 -0700] "GET /self.logs/ HTTP/1.1" 200 38806 "-" "Mozilla/5.0 (compatible; bingbot/2.0; +http://www.bing.com/bingbot.htm)" 
114.119.149.218 - - [04/Oct/2022:09:23:26 -0700] "GET /self.logs/error.log.2020-06-03 HTTP/1.1" 200 351 "http://www.secrepo.com/self.logs?C=N%3BO%3DD" "Mozilla/5.0 (Linux; Android 7.0;) AppleWebKit/537.36 (KHTML, like Gecko) Mobile Safari/537.36 (compatible; PetalBot;+https://webmaster.petalsearch.com/site/petalbot)" 
207.46.13.96 - - [04/Oct/2022:09:27:27 -0700] "GET /self.logs/access.log.2022-08-26.gz HTTP/1.1" 200 23349 "-" "Mozilla/5.0 (compatible; bingbot/2.0; +http://www.bing.com/bingbot.htm)" 
207.46.13.130 - - [04/Oct/2022:09:28:33 -0700] "GET /Datasets%20Description/Network/dhcp.html HTTP/1.1" 200 1461 "-" "Mozilla/5.0 AppleWebKit/537.36 (KHTML, like Gecko; compatible; bingbot/2.0; +http://www.bing.com/bingbot.htm) Chrome/103.0.5060.134 Safari/537.36" 
51.105.26.73 - - [04/Oct/2022:09:33:53 -0700] "GET /wp-commentin.php HTTP/1.1" 404 328 "www.google.com" "Mozlila/5.0 (Linux; Android 7.0; SM-G892A Bulid/NRD90M; wv) AppleWebKit/537.36 (KHTML, like Gecko) Version/4.0 Chrome/60.0.3112.107 Moblie Safari/537.36" 
114.119.149.218 - - [04/Oct/2022:09:34:39 -0700] "GET /self.logs/error.log.2018-03-02.gz HTTP/1.1" 200 3120 "-" "Mozilla/5.0 (compatible;PetalBot;+https://webmaster.petalsearch.com/site/petalbot)" 
114.119.149.218 - - [04/Oct/2022:09:40:05 -0700] "GET /self.logs/error.log.2019-02-12.gz HTTP/1.1" 200 4080 "-" "Mozilla/5.0 (compatible;PetalBot;+https://webmaster.petalsearch.com/site/petalbot)" 
114.119.149.237 - - [04/Oct/2022:09:45:27 -0700] "GET /self.logs/error.log.2017-04-28.gz HTTP/1.1" 200 959 "-" "Mozilla/5.0 (compatible;PetalBot;+https://webmaster.petalsearch.com/site/petalbot)" 
20.187.173.166 - - [04/Oct/2022:09:45:51 -0700] "GET /public/static/lib/webuploader/0.1.5/server/preview.php HTTP/1.1" 404 328 "-" "Mozilla/5.0 (Windows NT 10.0; WOW64; rv:48.0) Gecko/20100101 Firefox/48.0" 
136.226.48.251 - - [04/Oct/2022:09:48:07 -0700] "GET / HTTP/1.1" 200 13186 "-" "Mozilla/5.0 (Macintosh; Intel Mac OS X 10_15_7) AppleWebKit/537.36 (KHTML, like Gecko) Chrome/105.0.0.0 Safari/537.36" 
136.226.48.251 - - [04/Oct/2022:09:48:08 -0700] "GET /css/style.css HTTP/1.1" 404 305 "http://www.secrepo.com/" "Mozilla/5.0 (Macintosh; Intel Mac OS X 10_15_7) AppleWebKit/537.36 (KHTML, like Gecko) Chrome/105.0.0.0 Safari/537.36" 
136.226.48.251 - - [04/Oct/2022:09:48:08 -0700] "GET /twitter-icon.png HTTP/1.1" 200 27916 "http://www.secrepo.com/" "Mozilla/5.0 (Macintosh; Intel Mac OS X 10_15_7) AppleWebKit/537.36 (KHTML, like Gecko) Chrome/105.0.0.0 Safari/537.36" 
136.226.48.251 - - [04/Oct/2022:09:48:08 -0700] "GET /GitHub-Mark.png HTTP/1.1" 200 7533 "http://www.secrepo.com/" "Mozilla/5.0 (Macintosh; Intel Mac OS X 10_15_7) AppleWebKit/537.36 (KHTML, like Gecko) Chrome/105.0.0.0 Safari/537.36" 
136.226.48.251 - - [04/Oct/2022:09:48:08 -0700] "GET /bootstrap/img/favicon.ico HTTP/1.1" 200 690 "http://www.secrepo.com/" "Mozilla/5.0 (Macintosh; Intel Mac OS X 10_15_7) AppleWebKit/537.36 (KHTML, like Gecko) Chrome/105.0.0.0 Safari/537.36" 
107.167.35.138 - - [04/Oct/2022:09:50:03 -0700] "GET / HTTP/1.1" 200 49089 "-" "-" 
157.55.39.38 - - [04/Oct/2022:09:52:28 -0700] "GET /self.logs/ HTTP/1.1" 200 38806 "-" "Mozilla/5.0 (compatible; bingbot/2.0; +http://www.bing.com/bingbot.htm)" 
45.55.39.120 - - [04/Oct/2022:09:58:15 -0700] "GET / HTTP/1.0" 200 49096 "-" "Mozilla/5.0 (compatible; NetcraftSurveyAgent/1.0; +info@netcraft.com)" 
104.129.206.206 - - [04/Oct/2022:10:07:36 -0700] "GET /robots.txt HTTP/1.1" 200 377 "-" "Mozilla/5.0 (compatible; Googlebot/2.1; +http://www.google.com/bot.html)" 
104.129.206.206 - - [04/Oct/2022:10:07:36 -0700] "GET / HTTP/1.1" 200 13163 "-" "Mozilla/5.0 (compatible; Googlebot/2.1; +http://www.google.com/bot.html)" 
114.119.140.174 - - [04/Oct/2022:10:10:30 -0700] "GET /self.logs/error.log.2019-01-12.gz HTTP/1.1" 200 4110 "-" "Mozilla/5.0 (compatible;PetalBot;+https://webmaster.petalsearch.com/site/petalbot)" 
114.119.132.88 - - [04/Oct/2022:10:15:23 -0700] "GET /robots.txt HTTP/1.1" 200 377 "-" "Mozilla/5.0 (compatible;PetalBot;+https://webmaster.petalsearch.com/site/petalbot)" 
114.119.149.222 - - [04/Oct/2022:10:15:54 -0700] "GET /self.logs/error.log.2018-04-06.gz HTTP/1.1" 200 4997 "-" "Mozilla/5.0 (compatible;PetalBot;+https://webmaster.petalsearch.com/site/petalbot)" 
65.108.58.219 - - [04/Oct/2022:10:23:44 -0700] "GET / HTTP/1.1" 301 419 "-" "GuzzleHttp/7" 
65.108.58.219 - - [04/Oct/2022:10:23:44 -0700] "GET / HTTP/1.1" 200 49089 "-" "GuzzleHttp/7" 
157.55.39.38 - - [04/Oct/2022:10:24:41 -0700] "GET /self.logs/ HTTP/1.1" 200 38806 "-" "Mozilla/5.0 AppleWebKit/537.36 (KHTML, like Gecko; compatible; bingbot/2.0; +http://www.bing.com/bingbot.htm) Chrome/103.0.5060.134 Safari/537.36" 
141.95.100.52 - - [04/Oct/2022:10:25:17 -0700] "GET / HTTP/1.1" 301 419 "-" "GuzzleHttp/7" 
141.95.100.52 - - [04/Oct/2022:10:25:18 -0700] "GET / HTTP/1.1" 200 49089 "-" "GuzzleHttp/7" 
85.214.59.247 - - [04/Oct/2022:10:25:27 -0700] "GET / HTTP/1.1" 301 419 "-" "GuzzleHttp/7" 
85.214.59.247 - - [04/Oct/2022:10:25:28 -0700] "GET / HTTP/1.1" 200 49089 "-" "GuzzleHttp/7" 
195.15.219.224 - - [04/Oct/2022:10:25:39 -0700] "GET / HTTP/1.1" 301 419 "-" "GuzzleHttp/7" 
195.15.219.224 - - [04/Oct/2022:10:25:40 -0700] "GET / HTTP/1.1" 200 49089 "-" "GuzzleHttp/7" 
195.15.219.224 - - [04/Oct/2022:10:28:08 -0700] "GET / HTTP/1.1" 301 419 "-" "GuzzleHttp/7" 
195.15.219.224 - - [04/Oct/2022:10:28:09 -0700] "GET / HTTP/1.1" 200 49089 "-" "GuzzleHttp/7" 
195.15.219.224 - - [04/Oct/2022:10:30:06 -0700] "GET / HTTP/1.1" 301 419 "-" "GuzzleHttp/7" 
195.15.219.224 - - [04/Oct/2022:10:30:06 -0700] "GET / HTTP/1.1" 200 49089 "-" "GuzzleHttp/7" 
85.214.59.247 - - [04/Oct/2022:10:30:08 -0700] "GET / HTTP/1.1" 301 419 "-" "GuzzleHttp/7" 
85.214.59.247 - - [04/Oct/2022:10:30:08 -0700] "GET / HTTP/1.1" 200 49089 "-" "GuzzleHttp/7" 
141.95.100.52 - - [04/Oct/2022:10:30:28 -0700] "GET / HTTP/1.1" 301 419 "-" "GuzzleHttp/7" 
141.95.100.52 - - [04/Oct/2022:10:30:29 -0700] "GET / HTTP/1.1" 200 49089 "-" "GuzzleHttp/7" 
20.205.2.160 - - [04/Oct/2022:10:31:59 -0700] "GET /e/data/js/ajax.js HTTP/1.1" 404 328 "-" "Mozilla/5.0 (Windows NT 10.0; WOW64; rv:48.0) Gecko/20100101 Firefox/48.0" 
107.167.35.138 - - [04/Oct/2022:10:37:55 -0700] "GET / HTTP/1.1" 200 49089 "-" "-" 
65.108.58.219 - - [04/Oct/2022:10:38:38 -0700] "GET / HTTP/1.1" 301 419 "-" "GuzzleHttp/7" 
65.108.58.219 - - [04/Oct/2022:10:38:39 -0700] "GET / HTTP/1.1" 200 49089 "-" "GuzzleHttp/7" 
114.119.149.222 - - [04/Oct/2022:10:42:53 -0700] "GET /self.logs/error.log.2018-08-20.gz HTTP/1.1" 200 6914 "-" "Mozilla/5.0 (compatible;PetalBot;+https://webmaster.petalsearch.com/site/petalbot)" 
27.150.191.125 - - [04/Oct/2022:10:49:23 -0700] "GET / HTTP/1.1" 200 13186 "-" "Mozilla/5.0 (Windows NT 10.0; Win64; x64) AppleWebKit/537.36 (KHTML, like Gecko) Chrome/76.0.3809.25 Safari/537.36" 
27.150.191.125 - - [04/Oct/2022:10:49:54 -0700] "GET /ajax.googleapis.com/ajax/libs/jquery/2.0.2/jquery.min.js HTTP/1.1" 404 328 "-" "Mozilla/5.0 (Windows NT 10.0; Win64; x64) AppleWebKit/537.36 (KHTML, like Gecko) Chrome/76.0.3809.25 Safari/537.36" 
27.150.191.125 - - [04/Oct/2022:10:49:55 -0700] "GET /netdna.bootstrapcdn.com/bootstrap/3.1.1/js/bootstrap.min.js HTTP/1.1" 404 0 "-" "Mozilla/5.0 (Windows NT 10.0; Win64; x64) AppleWebKit/537.36 (KHTML, like Gecko) Chrome/76.0.3809.25 Safari/537.36" 
27.150.191.125 - - [04/Oct/2022:10:49:57 -0700] "GET /netdna.bootstrapcdn.com/bootstrap/3.1.1/js/bootstrap.min.js HTTP/1.1" 404 0 "-" "Mozilla/5.0 (Windows NT 10.0; Win64; x64) AppleWebKit/537.36 (KHTML, like Gecko) Chrome/76.0.3809.25 Safari/537.36" 
27.150.191.125 - - [04/Oct/2022:10:49:58 -0700] "GET /www.google-analytics.com/analytics.js HTTP/1.1" 404 328 "-" "Mozilla/5.0 (Windows NT 10.0; Win64; x64) AppleWebKit/537.36 (KHTML, like Gecko) Chrome/76.0.3809.25 Safari/537.36" 
27.150.191.125 - - [04/Oct/2022:10:49:58 -0700] "GET /quantserve.com/quant.js HTTP/1.1" 404 305 "-" "Mozilla/5.0 (Windows NT 10.0; Win64; x64) AppleWebKit/537.36 (KHTML, like Gecko) Chrome/76.0.3809.25 Safari/537.36" 
114.119.149.228 - - [04/Oct/2022:10:53:44 -0700] "GET /self.logs/error.log.2019-04-08.gz HTTP/1.1" 200 5206 "-" "Mozilla/5.0 (compatible;PetalBot;+https://webmaster.petalsearch.com/site/petalbot)" 
157.55.39.38 - - [04/Oct/2022:10:55:34 -0700] "GET /self.logs/ HTTP/1.1" 200 38806 "-" "Mozilla/5.0 (compatible; bingbot/2.0; +http://www.bing.com/bingbot.htm)" 
20.205.2.160 - - [04/Oct/2022:10:56:52 -0700] "GET /data/admin/allowurl.txt HTTP/1.1" 404 328 "-" "Mozilla/5.0 (Windows NT 10.0; WOW64; rv:48.0) Gecko/20100101 Firefox/48.0" 
114.119.149.222 - - [04/Oct/2022:10:59:13 -0700] "GET /self.logs/error.log.2017-07-02.gz HTTP/1.1" 200 805 "-" "Mozilla/5.0 (compatible;PetalBot;+https://webmaster.petalsearch.com/site/petalbot)" 
114.119.149.23 - - [04/Oct/2022:11:10:21 -0700] "GET /self.logs/access.log.2019-05-01.gz HTTP/1.1" 200 39107 "-" "Mozilla/5.0 (compatible;PetalBot;+https://webmaster.petalsearch.com/site/petalbot)" 
20.187.173.166 - - [04/Oct/2022:11:12:24 -0700] "GET /Public/admin/webuploader/server/preview.php HTTP/1.1" 404 328 "-" "Mozilla/5.0 (Windows NT 10.0; WOW64; rv:48.0) Gecko/20100101 Firefox/48.0" 
114.119.149.218 - - [04/Oct/2022:11:15:55 -0700] "GET /self.logs/error.log.2018-03-28.gz HTTP/1.1" 200 6786 "-" "Mozilla/5.0 (compatible;PetalBot;+https://webmaster.petalsearch.com/site/petalbot)" 
17.121.112.107 - - [04/Oct/2022:11:16:50 -0700] "GET /robots.txt HTTP/1.1" 200 333 "-" "Mozilla/5.0 (Macintosh; Intel Mac OS X 10_15_5) AppleWebKit/605.1.15 (KHTML, like Gecko) Version/13.1.1 Safari/605.1.15 (Applebot/0.1; +http://www.apple.com/go/applebot)" 
17.121.112.107 - - [04/Oct/2022:11:16:50 -0700] "GET / HTTP/1.1" 200 13108 "-" "Mozilla/5.0 (Macintosh; Intel Mac OS X 10_15_5) AppleWebKit/605.1.15 (KHTML, like Gecko) Version/13.1.1 Safari/605.1.15 (Applebot/0.1; +http://www.apple.com/go/applebot)" 
58.250.125.82 - - [04/Oct/2022:11:18:37 -0700] "GET / HTTP/1.1" 200 13149 "-" "Sogou web spider/4.0(+http://www.sogou.com/docs/help/webmasters.htm#07)" 
20.239.41.208 - - [04/Oct/2022:11:24:26 -0700] "HEAD /plus/download.php HTTP/1.1" 404 309 "-" "-" 
20.239.41.208 - - [04/Oct/2022:11:24:26 -0700] "HEAD /data/admin/allowurl.txt HTTP/1.1" 404 309 "-" "-" 
20.239.41.208 - - [04/Oct/2022:11:24:26 -0700] "HEAD /data/admin/ver.txt HTTP/1.1" 404 309 "-" "-" 
20.239.41.208 - - [04/Oct/2022:11:24:26 -0700] "HEAD /plus/mytag_js.php HTTP/1.1" 404 309 "-" "-" 
20.239.41.208 - - [04/Oct/2022:11:24:26 -0700] "HEAD /plus/carbuyaction.php HTTP/1.1" 404 309 "-" "-" 
52.204.27.85 - - [04/Oct/2022:11:24:52 -0700] "GET / HTTP/1.1" 200 49089 "-" "Mozilla/5.0 (compatible)" 
114.119.149.23 - - [04/Oct/2022:11:27:00 -0700] "GET /self.logs/access.log.2019-06-26.gz HTTP/1.1" 200 35072 "-" "Mozilla/5.0 (compatible;PetalBot;+https://webmaster.petalsearch.com/site/petalbot)" 
20.187.173.166 - - [04/Oct/2022:11:29:54 -0700] "GET /static/lib/webuploader/0.1.5/server/preview.php HTTP/1.1" 404 328 "-" "Mozilla/5.0 (Windows NT 10.0; WOW64; rv:48.0) Gecko/20100101 Firefox/48.0" 
159.223.32.226 - - [04/Oct/2022:11:30:55 -0700] "GET /data HTTP/1.1" 301 446 "https://www.google.com" "Not A;Brand\";v=\"99\", \"Chromium\";v=\"90\", \"Google Chrome\";v=\"90" 
159.223.32.226 - - [04/Oct/2022:11:30:56 -0700] "GET /data HTTP/1.1" 404 291 "http://secrepo.com/data" "Not A;Brand\";v=\"99\", \"Chromium\";v=\"90\", \"Google Chrome\";v=\"90" 
157.55.39.38 - - [04/Oct/2022:11:32:27 -0700] "GET /self.logs/ HTTP/1.1" 200 38806 "-" "Mozilla/5.0 AppleWebKit/537.36 (KHTML, like Gecko; compatible; bingbot/2.0; +http://www.bing.com/bingbot.htm) Chrome/103.0.5060.134 Safari/537.36" 
20.187.173.166 - - [04/Oct/2022:11:33:17 -0700] "GET /Public/webuploader/0.1.5/server/preview.php HTTP/1.1" 404 328 "-" "Mozilla/5.0 (Windows NT 10.0; WOW64; rv:48.0) Gecko/20100101 Firefox/48.0" 
20.187.173.166 - - [04/Oct/2022:11:33:53 -0700] "GET /static/hui/lib/webuploader/0.1.5/server/preview.php HTTP/1.1" 404 328 "-" "Mozilla/5.0 (Windows NT 10.0; WOW64; rv:48.0) Gecko/20100101 Firefox/48.0" 
20.187.173.166 - - [04/Oct/2022:11:48:28 -0700] "GET /static/admin/lib/webuploader/0.1.5/server/preview.php HTTP/1.1" 404 328 "-" "Mozilla/5.0 (Windows NT 10.0; WOW64; rv:48.0) Gecko/20100101 Firefox/48.0" 
20.187.173.166 - - [04/Oct/2022:11:51:01 -0700] "GET /static/admin/hui/lib/webuploader/0.1.5/server/preview.php HTTP/1.1" 404 328 "-" "Mozilla/5.0 (Windows NT 10.0; WOW64; rv:48.0) Gecko/20100101 Firefox/48.0" 
34.235.48.77 - - [04/Oct/2022:11:51:33 -0700] "GET / HTTP/1.1" 200 49089 "-" "Mozilla/5.0 (compatible)" 
157.55.39.38 - - [04/Oct/2022:12:05:51 -0700] "GET /self.logs/ HTTP/1.1" 200 38806 "-" "Mozilla/5.0 (compatible; bingbot/2.0; +http://www.bing.com/bingbot.htm)" 
20.239.47.39 - - [04/Oct/2022:12:08:01 -0700] "GET /css/album.css HTTP/1.1" 404 328 "-" "Mozilla/5.0 (Windows NT 10.0; WOW64; rv:48.0) Gecko/20100101 Firefox/48.0" 
20.187.173.166 - - [04/Oct/2022:12:14:59 -0700] "GET /public/static/admin/lib/webuploader/0.1.5/server/preview.php HTTP/1.1" 404 328 "-" "Mozilla/5.0 (Windows NT 10.0; WOW64; rv:48.0) Gecko/20100101 Firefox/48.0" 
114.119.149.23 - - [04/Oct/2022:12:20:09 -0700] "GET /self.logs/2015/error.log.2015-08-05.gz HTTP/1.1" 200 1118 "-" "Mozilla/5.0 (compatible;PetalBot;+https://webmaster.petalsearch.com/site/petalbot)" 
35.195.153.123 - - [04/Oct/2022:12:21:11 -0700] "GET /self.logs/2015/access.log.2015-02-14.gz HTTP/1.1" 200 25918 "-" "Python-urllib/3.8" 
54.36.148.119 - - [04/Oct/2022:12:30:19 -0700] "GET /robots.txt HTTP/1.1" 301 439 "-" "Mozilla/5.0 (compatible; AhrefsBot/7.0; +http://ahrefs.com/robot/)" 
54.36.148.119 - - [04/Oct/2022:12:30:19 -0700] "GET /robots.txt HTTP/1.1" 200 333 "-" "Mozilla/5.0 (compatible; AhrefsBot/7.0; +http://ahrefs.com/robot/)" 
114.119.149.218 - - [04/Oct/2022:12:36:59 -0700] "GET /self.logs/error.log.2019-02-27.gz HTTP/1.1" 200 5681 "-" "Mozilla/5.0 (compatible;PetalBot;+https://webmaster.petalsearch.com/site/petalbot)" 
157.55.39.38 - - [04/Oct/2022:12:37:44 -0700] "GET /self.logs/ HTTP/1.1" 200 38806 "-" "Mozilla/5.0 (compatible; bingbot/2.0; +http://www.bing.com/bingbot.htm)" 
20.187.173.166 - - [04/Oct/2022:12:42:57 -0700] "GET /Public/admin/lib/webuploader/0.1.5/server/preview.php HTTP/1.1" 404 328 "-" "Mozilla/5.0 (Windows NT 10.0; WOW64; rv:48.0) Gecko/20100101 Firefox/48.0" 
20.239.84.71 - - [04/Oct/2022:12:43:25 -0700] "GET /Public/lib/webuploader/0.1.5/server/preview.php HTTP/1.1" 404 328 "-" "Mozilla/5.0 (Windows NT 10.0; WOW64; rv:48.0) Gecko/20100101 Firefox/48.0" 
66.249.70.179 - - [04/Oct/2022:12:49:59 -0700] "GET /robots.txt HTTP/1.1" 200 377 "-" "Mozilla/5.0 (compatible; Googlebot/2.1; +http://www.google.com/bot.html)" 
66.249.70.179 - - [04/Oct/2022:12:49:59 -0700] "GET /ads.txt HTTP/1.1" 404 305 "-" "Mozilla/5.0 (compatible; Googlebot/2.1; +http://www.google.com/bot.html)" 
114.119.149.228 - - [04/Oct/2022:12:53:41 -0700] "GET /self.logs/error.log.2020-03-28 HTTP/1.1" 200 351 "http://www.secrepo.com/self.logs?C=N%3BO%3DD" "Mozilla/5.0 (Linux; Android 7.0;) AppleWebKit/537.36 (KHTML, like Gecko) Mobile Safari/537.36 (compatible; PetalBot;+https://webmaster.petalsearch.com/site/petalbot)" 
114.119.149.23 - - [04/Oct/2022:13:10:27 -0700] "GET /self.logs/access.log.2020-10-23.gz HTTP/1.1" 200 13264 "-" "Mozilla/5.0 (compatible;PetalBot;+https://webmaster.petalsearch.com/site/petalbot)" 
157.55.39.38 - - [04/Oct/2022:13:10:47 -0700] "GET /self.logs/ HTTP/1.1" 200 38806 "-" "Mozilla/5.0 AppleWebKit/537.36 (KHTML, like Gecko; compatible; bingbot/2.0; +http://www.bing.com/bingbot.htm) Chrome/103.0.5060.134 Safari/537.36" 
20.239.84.71 - - [04/Oct/2022:13:19:29 -0700] "GET /public/static/admin/lib/webuploader/0.1.5/server/preview.php HTTP/1.1" 404 328 "-" "Mozilla/5.0 (Windows NT 10.0; WOW64; rv:48.0) Gecko/20100101 Firefox/48.0" 
20.239.84.71 - - [04/Oct/2022:13:20:22 -0700] "GET /public/static/lib/webuploader/0.1.5/server/preview.php HTTP/1.1" 404 328 "-" "Mozilla/5.0 (Windows NT 10.0; WOW64; rv:48.0) Gecko/20100101 Firefox/48.0" 
114.119.149.23 - - [04/Oct/2022:13:21:36 -0700] "GET /self.logs/error.log.2020-11-13 HTTP/1.1" 200 351 "http://www.secrepo.com/self.logs?C=N%3BO%3DD" "Mozilla/5.0 (Linux; Android 7.0;) AppleWebKit/537.36 (KHTML, like Gecko) Mobile Safari/537.36 (compatible; PetalBot;+https://webmaster.petalsearch.com/site/petalbot)" 
3.236.87.45 - - [04/Oct/2022:13:25:29 -0700] "GET / HTTP/1.1" 206 13235 "-" "Slackbot-LinkExpanding 1.0 (+https://api.slack.com/robots)" 
100.24.34.113 - - [04/Oct/2022:13:25:29 -0700] "GET /bootstrap/img/favicon.ico HTTP/1.1" 200 713 "-" "Slackbot 1.0 (+https://api.slack.com/robots)" 
114.119.149.218 - - [04/Oct/2022:13:27:17 -0700] "GET /self.logs/error.log.2020-09-03 HTTP/1.1" 200 351 "http://www.secrepo.com/self.logs?C=N%3BO%3DD" "Mozilla/5.0 (Linux; Android 7.0;) AppleWebKit/537.36 (KHTML, like Gecko) Mobile Safari/537.36 (compatible; PetalBot;+https://webmaster.petalsearch.com/site/petalbot)" 
69.17.174.146 - - [04/Oct/2022:13:39:51 -0700] "GET / HTTP/1.1" 200 13186 "-" "Mozilla/5.0 (Macintosh; Intel Mac OS X 10_15_7) AppleWebKit/605.1.15 (KHTML, like Gecko) Version/16.0 Safari/605.1.15" 
69.17.174.146 - - [04/Oct/2022:13:39:51 -0700] "GET /css/style.css HTTP/1.1" 404 305 "http://www.secrepo.com/" "Mozilla/5.0 (Macintosh; Intel Mac OS X 10_15_7) AppleWebKit/605.1.15 (KHTML, like Gecko) Version/16.0 Safari/605.1.15" 
69.17.174.146 - - [04/Oct/2022:13:39:51 -0700] "GET /twitter-icon.png HTTP/1.1" 200 27916 "http://www.secrepo.com/" "Mozilla/5.0 (Macintosh; Intel Mac OS X 10_15_7) AppleWebKit/605.1.15 (KHTML, like Gecko) Version/16.0 Safari/605.1.15" 
69.17.174.146 - - [04/Oct/2022:13:39:51 -0700] "GET /GitHub-Mark.png HTTP/1.1" 200 7533 "http://www.secrepo.com/" "Mozilla/5.0 (Macintosh; Intel Mac OS X 10_15_7) AppleWebKit/605.1.15 (KHTML, like Gecko) Version/16.0 Safari/605.1.15" 
157.55.39.38 - - [04/Oct/2022:13:42:21 -0700] "GET /self.logs/ HTTP/1.1" 200 38806 "-" "Mozilla/5.0 (compatible; bingbot/2.0; +http://www.bing.com/bingbot.htm)" 
114.119.149.218 - - [04/Oct/2022:13:43:58 -0700] "GET /self.logs/error.log.2020-11-01 HTTP/1.1" 200 351 "http://www.secrepo.com/self.logs?C=N%3BO%3DD" "Mozilla/5.0 (Linux; Android 7.0;) AppleWebKit/537.36 (KHTML, like Gecko) Mobile Safari/537.36 (compatible; PetalBot;+https://webmaster.petalsearch.com/site/petalbot)" 
114.119.149.218 - - [04/Oct/2022:13:55:10 -0700] "GET /self.logs/error.log.2020-03-11 HTTP/1.1" 200 1353 "http://www.secrepo.com/self.logs?C=N%3BO%3DD" "Mozilla/5.0 (Linux; Android 7.0;) AppleWebKit/537.36 (KHTML, like Gecko) Mobile Safari/537.36 (compatible; PetalBot;+https://webmaster.petalsearch.com/site/petalbot)" 
136.36.250.9 - - [04/Oct/2022:13:59:05 -0700] "GET / HTTP/1.1" 200 13187 "-" "Mozilla/5.0 (Macintosh; Intel Mac OS X 10_15_7) AppleWebKit/537.36 (KHTML, like Gecko) Chrome/106.0.0.0 Safari/537.36" 
136.36.250.9 - - [04/Oct/2022:13:59:05 -0700] "GET /css/style.css HTTP/1.1" 404 305 "http://www.secrepo.com/" "Mozilla/5.0 (Macintosh; Intel Mac OS X 10_15_7) AppleWebKit/537.36 (KHTML, like Gecko) Chrome/106.0.0.0 Safari/537.36" 
136.36.250.9 - - [04/Oct/2022:13:59:05 -0700] "GET /twitter-icon.png HTTP/1.1" 200 27893 "http://www.secrepo.com/" "Mozilla/5.0 (Macintosh; Intel Mac OS X 10_15_7) AppleWebKit/537.36 (KHTML, like Gecko) Chrome/106.0.0.0 Safari/537.36" 
136.36.250.9 - - [04/Oct/2022:13:59:05 -0700] "GET /GitHub-Mark.png HTTP/1.1" 200 7556 "http://www.secrepo.com/" "Mozilla/5.0 (Macintosh; Intel Mac OS X 10_15_7) AppleWebKit/537.36 (KHTML, like Gecko) Chrome/106.0.0.0 Safari/537.36" 
104.176.65.8 - - [04/Oct/2022:13:59:06 -0700] "GET / HTTP/1.1" 200 13187 "-" "Mozilla/5.0 (Macintosh; Intel Mac OS X 10_15_7) AppleWebKit/537.36 (KHTML, like Gecko) Chrome/106.0.0.0 Safari/537.36" 
104.176.65.8 - - [04/Oct/2022:13:59:07 -0700] "GET /css/style.css HTTP/1.1" 404 305 "http://www.secrepo.com/" "Mozilla/5.0 (Macintosh; Intel Mac OS X 10_15_7) AppleWebKit/537.36 (KHTML, like Gecko) Chrome/106.0.0.0 Safari/537.36" 
104.176.65.8 - - [04/Oct/2022:13:59:07 -0700] "GET /twitter-icon.png HTTP/1.1" 200 27893 "http://www.secrepo.com/" "Mozilla/5.0 (Macintosh; Intel Mac OS X 10_15_7) AppleWebKit/537.36 (KHTML, like Gecko) Chrome/106.0.0.0 Safari/537.36" 
104.176.65.8 - - [04/Oct/2022:13:59:07 -0700] "GET /GitHub-Mark.png HTTP/1.1" 200 7533 "http://www.secrepo.com/" "Mozilla/5.0 (Macintosh; Intel Mac OS X 10_15_7) AppleWebKit/537.36 (KHTML, like Gecko) Chrome/106.0.0.0 Safari/537.36" 
136.36.250.9 - - [04/Oct/2022:13:59:07 -0700] "GET /bootstrap/img/favicon.ico HTTP/1.1" 200 690 "http://www.secrepo.com/" "Mozilla/5.0 (Macintosh; Intel Mac OS X 10_15_7) AppleWebKit/537.36 (KHTML, like Gecko) Chrome/106.0.0.0 Safari/537.36" 
104.176.65.8 - - [04/Oct/2022:13:59:08 -0700] "GET /bootstrap/img/favicon.ico HTTP/1.1" 200 690 "http://www.secrepo.com/" "Mozilla/5.0 (Macintosh; Intel Mac OS X 10_15_7) AppleWebKit/537.36 (KHTML, like Gecko) Chrome/106.0.0.0 Safari/537.36" 
136.36.250.9 - - [04/Oct/2022:13:59:17 -0700] "GET /css/style.css HTTP/1.1" 404 328 "http://www.secrepo.com/" "Mozilla/5.0 (Macintosh; Intel Mac OS X 10_15_7) AppleWebKit/537.36 (KHTML, like Gecko) Chrome/106.0.0.0 Safari/537.36" 
136.36.250.9 - - [04/Oct/2022:13:59:28 -0700] "GET /maccdc2012/http.log.gz HTTP/1.1" 200 56420988 "http://www.secrepo.com/" "Mozilla/5.0 (Macintosh; Intel Mac OS X 10_15_7) AppleWebKit/537.36 (KHTML, like Gecko) Chrome/106.0.0.0 Safari/537.36" 
104.176.65.8 - - [04/Oct/2022:13:59:18 -0700] "GET /maccdc2012/http.log.gz HTTP/1.1" 200 56420944 "-" "curl/7.79.1" 
136.36.250.9 - - [04/Oct/2022:13:59:36 -0700] "GET /Datasets%20Description/Network/http.html HTTP/1.1" 200 1709 "http://www.secrepo.com/" "Mozilla/5.0 (Macintosh; Intel Mac OS X 10_15_7) AppleWebKit/537.36 (KHTML, like Gecko) Chrome/106.0.0.0 Safari/537.36" 
136.36.250.9 - - [04/Oct/2022:13:59:38 -0700] "GET /favicon.ico HTTP/1.1" 200 368 "http://www.secrepo.com/Datasets%20Description/Network/http.html" "Mozilla/5.0 (Macintosh; Intel Mac OS X 10_15_7) AppleWebKit/537.36 (KHTML, like Gecko) Chrome/106.0.0.0 Safari/537.36" 
114.119.149.218 - - [04/Oct/2022:14:00:48 -0700] "GET /self.logs/error.log.2020-01-15 HTTP/1.1" 200 4371 "http://www.secrepo.com/self.logs?C=N%3BO%3DD" "Mozilla/5.0 (Linux; Android 7.0;) AppleWebKit/537.36 (KHTML, like Gecko) Mobile Safari/537.36 (compatible; PetalBot;+https://webmaster.petalsearch.com/site/petalbot)" 
54.175.24.151 - - [04/Oct/2022:14:00:57 -0700] "GET /maccdc2012/http.log.gz HTTP/1.1" 200 481800 "-" "Mozilla/5.0 (Windows NT 6.1; Win64; x64) AppleWebKit/537.36 (KHTML, like Gecko) Chrome/72.0.3626.109 Safari/537.36" 
136.36.250.9 - - [04/Oct/2022:14:01:27 -0700] "GET /honeypot/honeypot.json.zip HTTP/1.1" 200 23086087 "http://www.secrepo.com/" "Mozilla/5.0 (Macintosh; Intel Mac OS X 10_15_7) AppleWebKit/537.36 (KHTML, like Gecko) Chrome/106.0.0.0 Safari/537.36" 
104.176.65.8 - - [04/Oct/2022:14:01:42 -0700] "GET /maccdc2012/tunnel.log.gz HTTP/1.1" 200 5238 "-" "curl/7.79.1" 
104.176.65.8 - - [04/Oct/2022:14:02:13 -0700] "GET /maccdc2012/ftp.log.gz HTTP/1.1" 200 127717 "-" "curl/7.79.1" 
54.173.219.81 - - [04/Oct/2022:14:03:30 -0700] "GET / HTTP/1.1" 200 49089 "-" "Mozilla/5.0 (Windows NT 6.1; Win64; x64) AppleWebKit/537.36 (KHTML, like Gecko) Chrome/72.0.3626.109 Safari/537.36" 
3.84.152.130 - - [04/Oct/2022:14:04:40 -0700] "GET /maccdc2012/tunnel.log.gz HTTP/1.1" 200 5238 "-" "Mozilla/5.0 (Windows NT 6.1; Win64; x64) AppleWebKit/537.36 (KHTML, like Gecko) Chrome/72.0.3626.109 Safari/537.36" 
114.119.149.228 - - [04/Oct/2022:14:06:23 -0700] "GET /self.logs/access.log.2020-10-06.gz HTTP/1.1" 200 14793 "-" "Mozilla/5.0 (compatible;PetalBot;+https://webmaster.petalsearch.com/site/petalbot)" 
20.24.86.23 - - [04/Oct/2022:14:06:40 -0700] "HEAD /plus/download.php HTTP/1.1" 404 309 "-" "-" 
20.24.86.23 - - [04/Oct/2022:14:06:40 -0700] "HEAD /plus/mytag_js.php HTTP/1.1" 404 309 "-" "-" 
20.24.86.23 - - [04/Oct/2022:14:06:40 -0700] "HEAD /data/admin/ver.txt HTTP/1.1" 404 309 "-" "-" 
20.24.86.23 - - [04/Oct/2022:14:06:40 -0700] "HEAD /plus/carbuyaction.php HTTP/1.1" 404 309 "-" "-" 
20.24.86.23 - - [04/Oct/2022:14:06:40 -0700] "HEAD /data/admin/allowurl.txt HTTP/1.1" 404 309 "-" "-" 
35.89.246.156 - - [04/Oct/2022:14:09:54 -0700] "GET /maccdc2012/ftp.log.gz HTTP/1.1" 200 127717 "-" "Mozilla/5.0 (Windows NT 6.1; Win64; x64) AppleWebKit/537.36 (KHTML, like Gecko) Chrome/72.0.3626.109 Safari/537.36" 
207.46.13.96 - - [04/Oct/2022:14:10:15 -0700] "GET /self.logs/access.log.2017-09-11.gz HTTP/1.1" 200 34473 "-" "Mozilla/5.0 (compatible; bingbot/2.0; +http://www.bing.com/bingbot.htm)" 
51.222.253.17 - - [04/Oct/2022:14:11:18 -0700] "GET /robots.txt HTTP/1.1" 200 333 "-" "Mozilla/5.0 (compatible; AhrefsBot/7.0; +http://ahrefs.com/robot/)" 
