159.226.95.71 - - [20/Apr/2021:08:50:18 -0700] "GET http://www.secrepo.com/auth.log/auth.log.gz HTTP/1.1" 200 615642 "-" "Python-urllib/3.6" 
159.226.95.71 - - [20/Apr/2021:08:50:20 -0700] "GET http://www.secrepo.com/misc/zeus_dga_domains.txt.zip HTTP/1.1" 200 592344 "-" "Python-urllib/3.6" 
159.226.95.71 - - [20/Apr/2021:08:50:23 -0700] "GET http://www.secrepo.com/auth.log/auth.log.gz HTTP/1.1" 200 615642 "-" "Python-urllib/3.6" 
159.226.95.71 - - [20/Apr/2021:08:50:26 -0700] "GET http://www.secrepo.com/honeypot/honeypot.json.zip HTTP/1.1" 200 23086050 "-" "Python-urllib/3.6" 
118.103.238.32 - - [20/Apr/2021:08:50:43 -0700] "GET /datasets%20description/html_bro_log_2 HTTP/1.1" 404 284 "-" "-" 
118.103.238.32 - - [20/Apr/2021:08:50:44 -0700] "GET /datasets%20description/html_bro_log_2 HTTP/1.1" 404 328 "https://www.google.com/" "Mozilla/5.0 (compatible; Googlebot/2.1; +http://www.google.com/bot.html)" 
101.127.12.172 - - [20/Apr/2021:08:54:49 -0700] "GET /wp-login.php HTTP/1.1" 404 328 "-" "Mozilla/5.0 (Windows NT 6.1; WOW64; rv:40.0) Gecko/20100101 Firefox/40.1" 
101.127.12.172 - - [20/Apr/2021:08:54:55 -0700] "GET /wp-login.php HTTP/1.1" 404 328 "-" "Mozilla/5.0 (Windows NT 6.1; WOW64; rv:40.0) Gecko/20100101 Firefox/40.1" 
154.17.2.244 - - [20/Apr/2021:08:54:58 -0700] "GET /self.logs/ HTTP/1.1" 200 28930 "-" "Mozilla/5.0 (Macintosh; Intel Mac OS X 11_2_3) AppleWebKit/537.36 (KHTML, like Gecko) Chrome/89.0.4389.128 Safari/537.36" 
154.17.2.244 - - [20/Apr/2021:08:54:59 -0700] "GET /favicon.ico HTTP/1.1" 200 368 "http://www.secrepo.com/self.logs/" "Mozilla/5.0 (Macintosh; Intel Mac OS X 11_2_3) AppleWebKit/537.36 (KHTML, like Gecko) Chrome/89.0.4389.128 Safari/537.36" 
101.127.12.172 - - [20/Apr/2021:08:55:00 -0700] "GET / HTTP/1.1" 200 48064 "-" "Mozilla/5.0 (Windows NT 6.1; WOW64; rv:40.0) Gecko/20100101 Firefox/40.1" 
101.127.12.172 - - [20/Apr/2021:08:56:45 -0700] "GET /wp-login.php HTTP/1.1" 301 499 "-" "Mozilla/5.0 (Windows NT 6.1; WOW64; rv:40.0) Gecko/20100101 Firefox/40.1" 
101.127.12.172 - - [20/Apr/2021:08:56:45 -0700] "GET /wp-login.php HTTP/1.1" 404 328 "-" "Mozilla/5.0 (Windows NT 6.1; WOW64; rv:40.0) Gecko/20100101 Firefox/40.1" 
101.127.12.172 - - [20/Apr/2021:08:56:51 -0700] "GET /wp-login.php HTTP/1.1" 301 499 "-" "Mozilla/5.0 (Windows NT 6.1; WOW64; rv:40.0) Gecko/20100101 Firefox/40.1" 
101.127.12.172 - - [20/Apr/2021:08:56:51 -0700] "GET /wp-login.php HTTP/1.1" 404 328 "-" "Mozilla/5.0 (Windows NT 6.1; WOW64; rv:40.0) Gecko/20100101 Firefox/40.1" 
101.127.12.172 - - [20/Apr/2021:08:56:57 -0700] "GET / HTTP/1.1" 301 475 "-" "Mozilla/5.0 (Windows NT 6.1; WOW64; rv:40.0) Gecko/20100101 Firefox/40.1" 
101.127.12.172 - - [20/Apr/2021:08:56:57 -0700] "GET / HTTP/1.1" 200 48064 "-" "Mozilla/5.0 (Windows NT 6.1; WOW64; rv:40.0) Gecko/20100101 Firefox/40.1" 
117.198.115.218 - - [20/Apr/2021:08:57:35 -0700] "GET / HTTP/1.1" 200 12883 "-" "Mozilla/5.0 (X11; Linux x86_64) AppleWebKit/537.36 (KHTML, like Gecko) Chrome/88.0.4324.96 Safari/537.36" 
117.198.115.218 - - [20/Apr/2021:08:57:36 -0700] "GET /css/style.css HTTP/1.1" 404 328 "http://www.secrepo.com/" "Mozilla/5.0 (X11; Linux x86_64) AppleWebKit/537.36 (KHTML, like Gecko) Chrome/88.0.4324.96 Safari/537.36" 
117.198.115.218 - - [20/Apr/2021:08:57:36 -0700] "GET /twitter-icon.png HTTP/1.1" 200 27893 "http://www.secrepo.com/" "Mozilla/5.0 (X11; Linux x86_64) AppleWebKit/537.36 (KHTML, like Gecko) Chrome/88.0.4324.96 Safari/537.36" 
117.198.115.218 - - [20/Apr/2021:08:57:36 -0700] "GET /GitHub-Mark.png HTTP/1.1" 200 7533 "http://www.secrepo.com/" "Mozilla/5.0 (X11; Linux x86_64) AppleWebKit/537.36 (KHTML, like Gecko) Chrome/88.0.4324.96 Safari/537.36" 
117.198.115.218 - - [20/Apr/2021:08:57:38 -0700] "GET /bootstrap/img/favicon.ico HTTP/1.1" 200 713 "http://www.secrepo.com/" "Mozilla/5.0 (X11; Linux x86_64) AppleWebKit/537.36 (KHTML, like Gecko) Chrome/88.0.4324.96 Safari/537.36" 
117.198.115.218 - - [20/Apr/2021:08:57:58 -0700] "GET /scada/scada_logs.zip HTTP/1.1" 200 365012 "http://www.secrepo.com/" "Mozilla/5.0 (X11; Linux x86_64) AppleWebKit/537.36 (KHTML, like Gecko) Chrome/88.0.4324.96 Safari/537.36" 
40.88.21.235 - - [20/Apr/2021:09:00:32 -0700] "GET / HTTP/1.1" 200 12882 "http://www.secrepo.com/" "Mozilla/5.0 (compatible; DuckDuckGo-Favicons-Bot/1.0; +http://duckduckgo.com)" 
40.88.21.235 - - [20/Apr/2021:09:00:32 -0700] "GET /bootstrap/img/favicon.ico HTTP/1.1" 200 690 "http://www.secrepo.com/bootstrap/img/favicon.ico" "Mozilla/5.0 (compatible; DuckDuckGo-Favicons-Bot/1.0; +http://duckduckgo.com)" 
111.202.101.120 - - [20/Apr/2021:09:01:36 -0700] "GET /robots.txt HTTP/1.1" 200 340 "-" "Sogou web spider/4.0(+http://www.sogou.com/docs/help/webmasters.htm#07)" 
113.31.117.137 - - [20/Apr/2021:09:01:46 -0700] "GET / HTTP/1.1" 200 12882 "-" "Mozilla/5.0 (Macintosh; Intel Mac OS X 10_11) AppleWebKit/601.1.27 (KHTML, like Gecko) Chrome/47.0.2526.106 Safari/601.1.27" 
107.172.228.170 - - [20/Apr/2021:09:04:59 -0700] "GET / HTTP/1.0" 301 438 "-" "Mozilla/5.0 (Macintosh; Intel Mac OS X 10_13_4) AppleWebKit/537.36 (KHTML, like Gecko) Chrome/67.0.3396.87 Safari/537.36" 
107.172.228.170 - - [20/Apr/2021:09:04:59 -0700] "GET / HTTP/1.0" 200 12845 "-" "Mozilla/5.0 (Macintosh; Intel Mac OS X 10_13_4) AppleWebKit/537.36 (KHTML, like Gecko) Chrome/67.0.3396.87 Safari/537.36" 
170.83.177.61 - - [20/Apr/2021:09:05:00 -0700] "GET /data HTTP/1.0" 404 291 "http://www.secrepo.com/" "Mozilla/5.0 (Macintosh; Intel Mac OS X 10_13_4) AppleWebKit/537.36 (KHTML, like Gecko) Chrome/67.0.3396.87 Safari/537.36" 
170.83.177.61 - - [20/Apr/2021:09:05:00 -0700] "GET /honeypot/Honeypot%20-%20Howto%20-%20BSides%20Austin.pdf HTTP/1.0" 200 1142820 "http://www.secrepo.com/" "Mozilla/5.0 (Macintosh; Intel Mac OS X 10_13_4) AppleWebKit/537.36 (KHTML, like Gecko) Chrome/67.0.3396.87 Safari/537.36" 
107.172.228.170 - - [20/Apr/2021:09:05:04 -0700] "GET / HTTP/1.0" 301 438 "http://www.secrepo.com/" "Mozilla/5.0 (Macintosh; Intel Mac OS X 10_13_4) AppleWebKit/537.36 (KHTML, like Gecko) Chrome/67.0.3396.87 Safari/537.36" 
107.172.228.170 - - [20/Apr/2021:09:05:04 -0700] "GET / HTTP/1.0" 200 12845 "http://secrepo.com" "Mozilla/5.0 (Macintosh; Intel Mac OS X 10_13_4) AppleWebKit/537.36 (KHTML, like Gecko) Chrome/67.0.3396.87 Safari/537.36" 
170.83.177.61 - - [20/Apr/2021:09:05:05 -0700] "GET /honeypot/Honeypot%20-%20Howto.pdf HTTP/1.0" 200 1207080 "http://www.secrepo.com/" "Mozilla/5.0 (Macintosh; Intel Mac OS X 10_13_4) AppleWebKit/537.36 (KHTML, like Gecko) Chrome/67.0.3396.87 Safari/537.36" 
170.83.177.61 - - [20/Apr/2021:09:05:08 -0700] "GET /maccdc2012/conn.log.gz HTTP/1.0" 200 1204560 "http://www.secrepo.com/" "Mozilla/5.0 (Macintosh; Intel Mac OS X 10_13_4) AppleWebKit/537.36 (KHTML, like Gecko) Chrome/67.0.3396.87 Safari/537.36" 
170.83.177.61 - - [20/Apr/2021:09:05:11 -0700] "GET /ftp://download.iwlab.foi.se/dataset/ HTTP/1.0" 404 291 "http://www.secrepo.com/" "Mozilla/5.0 (Macintosh; Intel Mac OS X 10_13_4) AppleWebKit/537.36 (KHTML, like Gecko) Chrome/67.0.3396.87 Safari/537.36" 
170.83.177.61 - - [20/Apr/2021:09:05:11 -0700] "GET /maccdc2012/dhcp.log.gz HTTP/1.0" 200 44940 "http://www.secrepo.com/" "Mozilla/5.0 (Macintosh; Intel Mac OS X 10_13_4) AppleWebKit/537.36 (KHTML, like Gecko) Chrome/67.0.3396.87 Safari/537.36" 
170.83.177.61 - - [20/Apr/2021:09:05:11 -0700] "GET /Security-Data-Analysis/Lab_1/conn.log.zip HTTP/1.0" 200 1173060 "http://www.secrepo.com/" "Mozilla/5.0 (Macintosh; Intel Mac OS X 10_13_4) AppleWebKit/537.36 (KHTML, like Gecko) Chrome/67.0.3396.87 Safari/537.36" 
170.83.177.61 - - [20/Apr/2021:09:05:14 -0700] "GET /Datasets%20Description/Network/dhcp.html HTTP/1.0" 200 1424 "http://www.secrepo.com/" "Mozilla/5.0 (Macintosh; Intel Mac OS X 10_13_4) AppleWebKit/537.36 (KHTML, like Gecko) Chrome/67.0.3396.87 Safari/537.36" 
170.83.177.61 - - [20/Apr/2021:09:05:14 -0700] "GET /honeypot/BSidesDFW%20-%202014.ipynb HTTP/1.0" 200 930884 "http://www.secrepo.com/" "Mozilla/5.0 (Macintosh; Intel Mac OS X 10_13_4) AppleWebKit/537.36 (KHTML, like Gecko) Chrome/67.0.3396.87 Safari/537.36" 
170.83.177.61 - - [20/Apr/2021:09:05:17 -0700] "GET /maccdc2012/dns.log.gz HTTP/1.0" 200 1259056 "http://www.secrepo.com/" "Mozilla/5.0 (Macintosh; Intel Mac OS X 10_13_4) AppleWebKit/537.36 (KHTML, like Gecko) Chrome/67.0.3396.87 Safari/537.36" 
170.83.177.61 - - [20/Apr/2021:09:05:22 -0700] "GET /honeypot/honeypot.json.zip HTTP/1.0" 200 1164240 "http://www.secrepo.com/" "Mozilla/5.0 (Macintosh; Intel Mac OS X 10_13_4) AppleWebKit/537.36 (KHTML, like Gecko) Chrome/67.0.3396.87 Safari/537.36" 
170.83.177.61 - - [20/Apr/2021:09:05:25 -0700] "GET /Datasets%20Description/Network/dns.html HTTP/1.0" 200 1506 "http://www.secrepo.com/" "Mozilla/5.0 (Macintosh; Intel Mac OS X 10_13_4) AppleWebKit/537.36 (KHTML, like Gecko) Chrome/67.0.3396.87 Safari/537.36" 
170.83.177.61 - - [20/Apr/2021:09:05:25 -0700] "GET /auth.log/auth.log.gz HTTP/1.0" 200 615642 "http://www.secrepo.com/" "Mozilla/5.0 (Macintosh; Intel Mac OS X 10_13_4) AppleWebKit/537.36 (KHTML, like Gecko) Chrome/67.0.3396.87 Safari/537.36" 
170.83.177.61 - - [20/Apr/2021:09:05:28 -0700] "GET /maccdc2012/files.log.gz HTTP/1.0" 200 1295440 "http://www.secrepo.com/" "Mozilla/5.0 (Macintosh; Intel Mac OS X 10_13_4) AppleWebKit/537.36 (KHTML, like Gecko) Chrome/67.0.3396.87 Safari/537.36" 
170.83.177.61 - - [20/Apr/2021:09:05:32 -0700] "GET /squid/access.log.gz HTTP/1.0" 200 1324740 "http://www.secrepo.com/" "Mozilla/5.0 (Macintosh; Intel Mac OS X 10_13_4) AppleWebKit/537.36 (KHTML, like Gecko) Chrome/67.0.3396.87 Safari/537.36" 
170.83.177.61 - - [20/Apr/2021:09:05:35 -0700] "GET /Datasets%20Description/Network/files.html HTTP/1.0" 200 1495 "http://www.secrepo.com/" "Mozilla/5.0 (Macintosh; Intel Mac OS X 10_13_4) AppleWebKit/537.36 (KHTML, like Gecko) Chrome/67.0.3396.87 Safari/537.36" 
170.83.177.61 - - [20/Apr/2021:09:05:36 -0700] "GET /self.logs/ HTTP/1.0" 200 28828 "http://www.secrepo.com/" "Mozilla/5.0 (Macintosh; Intel Mac OS X 10_13_4) AppleWebKit/537.36 (KHTML, like Gecko) Chrome/67.0.3396.87 Safari/537.36" 
170.83.177.61 - - [20/Apr/2021:09:05:37 -0700] "GET /maccdc2012/ftp.log.gz HTTP/1.0" 200 127724 "http://www.secrepo.com/" "Mozilla/5.0 (Macintosh; Intel Mac OS X 10_13_4) AppleWebKit/537.36 (KHTML, like Gecko) Chrome/67.0.3396.87 Safari/537.36" 
170.83.177.61 - - [20/Apr/2021:09:05:38 -0700] "GET /Datasets%20Description/PE_malware/OPCleaver.html HTTP/1.0" 200 1421 "http://www.secrepo.com/" "Mozilla/5.0 (Macintosh; Intel Mac OS X 10_13_4) AppleWebKit/537.36 (KHTML, like Gecko) Chrome/67.0.3396.87 Safari/537.36" 
170.83.177.61 - - [20/Apr/2021:09:05:38 -0700] "GET /Datasets%20Description/Network/ftp.html HTTP/1.0" 200 1493 "http://www.secrepo.com/" "Mozilla/5.0 (Macintosh; Intel Mac OS X 10_13_4) AppleWebKit/537.36 (KHTML, like Gecko) Chrome/67.0.3396.87 Safari/537.36" 
170.83.177.61 - - [20/Apr/2021:09:05:38 -0700] "GET /pe_static/op-cleaver.zip HTTP/1.0" 200 710139 "http://www.secrepo.com/" "Mozilla/5.0 (Macintosh; Intel Mac OS X 10_13_4) AppleWebKit/537.36 (KHTML, like Gecko) Chrome/67.0.3396.87 Safari/537.36" 
170.83.177.61 - - [20/Apr/2021:09:05:41 -0700] "GET /maccdc2012/http.log.gz HTTP/1.0" 200 1293116 "http://www.secrepo.com/" "Mozilla/5.0 (Macintosh; Intel Mac OS X 10_13_4) AppleWebKit/537.36 (KHTML, like Gecko) Chrome/67.0.3396.87 Safari/537.36" 
170.83.177.61 - - [20/Apr/2021:09:05:45 -0700] "GET /Datasets%20Description/PE_malware/VirusShare.html HTTP/1.0" 200 1614 "http://www.secrepo.com/" "Mozilla/5.0 (Macintosh; Intel Mac OS X 10_13_4) AppleWebKit/537.36 (KHTML, like Gecko) Chrome/67.0.3396.87 Safari/537.36" 
170.83.177.61 - - [20/Apr/2021:09:05:45 -0700] "GET /Datasets%20Description/Network/http.html HTTP/1.0" 200 1672 "http://www.secrepo.com/" "Mozilla/5.0 (Macintosh; Intel Mac OS X 10_13_4) AppleWebKit/537.36 (KHTML, like Gecko) Chrome/67.0.3396.87 Safari/537.36" 
170.83.177.61 - - [20/Apr/2021:09:05:45 -0700] "GET /pe_static/apt1.zip HTTP/1.0" 200 1323564 "http://www.secrepo.com/" "Mozilla/5.0 (Macintosh; Intel Mac OS X 10_13_4) AppleWebKit/537.36 (KHTML, like Gecko) Chrome/67.0.3396.87 Safari/537.36" 
170.83.177.61 - - [20/Apr/2021:09:05:48 -0700] "GET / HTTP/1.0" 200 12845 "http://www.secrepo.com/" "Mozilla/5.0 (Macintosh; Intel Mac OS X 10_13_4) AppleWebKit/537.36 (KHTML, like Gecko) Chrome/67.0.3396.87 Safari/537.36" 
170.83.177.61 - - [20/Apr/2021:09:05:48 -0700] "GET /Datasets%20Description/PE_malware/Zeus.html HTTP/1.0" 200 1661 "http://www.secrepo.com/" "Mozilla/5.0 (Macintosh; Intel Mac OS X 10_13_4) AppleWebKit/537.36 (KHTML, like Gecko) Chrome/67.0.3396.87 Safari/537.36" 
170.83.177.61 - - [20/Apr/2021:09:05:48 -0700] "GET /maccdc2012/notice.log.gz HTTP/1.0" 200 20760 "http://www.secrepo.com/" "Mozilla/5.0 (Macintosh; Intel Mac OS X 10_13_4) AppleWebKit/537.36 (KHTML, like Gecko) Chrome/67.0.3396.87 Safari/537.36" 
170.83.177.61 - - [20/Apr/2021:09:05:49 -0700] "GET /pe_static/zeus.zip HTTP/1.0" 200 1338636 "http://www.secrepo.com/" "Mozilla/5.0 (Macintosh; Intel Mac OS X 10_13_4) AppleWebKit/537.36 (KHTML, like Gecko) Chrome/67.0.3396.87 Safari/537.36" 
170.83.177.61 - - [20/Apr/2021:09:05:52 -0700] "GET /Datasets%20Description/Network/notice.html HTTP/1.0" 200 1613 "http://www.secrepo.com/" "Mozilla/5.0 (Macintosh; Intel Mac OS X 10_13_4) AppleWebKit/537.36 (KHTML, like Gecko) Chrome/67.0.3396.87 Safari/537.36" 
170.83.177.61 - - [20/Apr/2021:09:05:52 -0700] "GET /scada/scada_logs.zip HTTP/1.0" 200 364975 "http://www.secrepo.com/" "Mozilla/5.0 (Macintosh; Intel Mac OS X 10_13_4) AppleWebKit/537.36 (KHTML, like Gecko) Chrome/67.0.3396.87 Safari/537.36" 
170.83.177.61 - - [20/Apr/2021:09:05:53 -0700] "GET /maccdc2012/signatures.log.gz HTTP/1.0" 200 631 "http://www.secrepo.com/" "Mozilla/5.0 (Macintosh; Intel Mac OS X 10_13_4) AppleWebKit/537.36 (KHTML, like Gecko) Chrome/67.0.3396.87 Safari/537.36" 
170.83.177.61 - - [20/Apr/2021:09:05:54 -0700] "GET /domaindata/domainmovement.zip HTTP/1.0" 200 1312724 "http://www.secrepo.com/" "Mozilla/5.0 (Macintosh; Intel Mac OS X 10_13_4) AppleWebKit/537.36 (KHTML, like Gecko) Chrome/67.0.3396.87 Safari/537.36" 
170.83.177.61 - - [20/Apr/2021:09:05:58 -0700] "GET /Datasets%20Description/Network/signatures.html HTTP/1.0" 404 291 "http://www.secrepo.com/" "Mozilla/5.0 (Macintosh; Intel Mac OS X 10_13_4) AppleWebKit/537.36 (KHTML, like Gecko) Chrome/67.0.3396.87 Safari/537.36" 
170.83.177.61 - - [20/Apr/2021:09:05:58 -0700] "GET /misc/zeus_dga_domains.txt.zip HTTP/1.0" 200 592344 "http://www.secrepo.com/" "Mozilla/5.0 (Macintosh; Intel Mac OS X 10_13_4) AppleWebKit/537.36 (KHTML, like Gecko) Chrome/67.0.3396.87 Safari/537.36" 
170.83.177.61 - - [20/Apr/2021:09:06:01 -0700] "GET /maccdc2012/smtp.log.gz HTTP/1.0" 200 6919 "http://www.secrepo.com/" "Mozilla/5.0 (Macintosh; Intel Mac OS X 10_13_4) AppleWebKit/537.36 (KHTML, like Gecko) Chrome/67.0.3396.87 Safari/537.36" 
170.83.177.61 - - [20/Apr/2021:09:06:01 -0700] "GET /tg/tg_snort_full.7z HTTP/1.0" 200 1361148 "http://www.secrepo.com/" "Mozilla/5.0 (Macintosh; Intel Mac OS X 10_13_4) AppleWebKit/537.36 (KHTML, like Gecko) Chrome/67.0.3396.87 Safari/537.36" 
170.83.177.61 - - [20/Apr/2021:09:06:07 -0700] "GET /Datasets%20Description/Network/smtp.html HTTP/1.0" 200 1600 "http://www.secrepo.com/" "Mozilla/5.0 (Macintosh; Intel Mac OS X 10_13_4) AppleWebKit/537.36 (KHTML, like Gecko) Chrome/67.0.3396.87 Safari/537.36" 
170.83.177.61 - - [20/Apr/2021:09:06:07 -0700] "GET /tg/tg_snort_fast.7z HTTP/1.0" 200 1349800 "http://www.secrepo.com/" "Mozilla/5.0 (Macintosh; Intel Mac OS X 10_13_4) AppleWebKit/537.36 (KHTML, like Gecko) Chrome/67.0.3396.87 Safari/537.36" 
170.83.177.61 - - [20/Apr/2021:09:06:10 -0700] "GET /maccdc2012/ssh.log.gz HTTP/1.0" 200 182530 "http://www.secrepo.com/" "Mozilla/5.0 (Macintosh; Intel Mac OS X 10_13_4) AppleWebKit/537.36 (KHTML, like Gecko) Chrome/67.0.3396.87 Safari/537.36" 
170.83.177.61 - - [20/Apr/2021:09:06:11 -0700] "GET /Datasets%20Description/HTML_Bro_log_3 HTTP/1.0" 301 582 "http://www.secrepo.com/" "Mozilla/5.0 (Macintosh; Intel Mac OS X 10_13_4) AppleWebKit/537.36 (KHTML, like Gecko) Chrome/67.0.3396.87 Safari/537.36" 
170.83.177.61 - - [20/Apr/2021:09:06:11 -0700] "GET /Datasets%20Description/HTML_Bro_log_3/ HTTP/1.0" 200 786 "http://www.secrepo.com/Datasets%20Description/HTML_Bro_log_3" "Mozilla/5.0 (Macintosh; Intel Mac OS X 10_13_4) AppleWebKit/537.36 (KHTML, like Gecko) Chrome/67.0.3396.87 Safari/537.36" 
170.83.177.61 - - [20/Apr/2021:09:06:11 -0700] "GET /Datasets%20Description/Network/ssh.html HTTP/1.0" 200 1331 "http://www.secrepo.com/" "Mozilla/5.0 (Macintosh; Intel Mac OS X 10_13_4) AppleWebKit/537.36 (KHTML, like Gecko) Chrome/67.0.3396.87 Safari/537.36" 
170.83.177.61 - - [20/Apr/2021:09:06:12 -0700] "GET /tg/c.zip HTTP/1.0" 200 1358272 "http://www.secrepo.com/" "Mozilla/5.0 (Macintosh; Intel Mac OS X 10_13_4) AppleWebKit/537.36 (KHTML, like Gecko) Chrome/67.0.3396.87 Safari/537.36" 
170.83.177.61 - - [20/Apr/2021:09:06:21 -0700] "GET /maccdc2012/ssl.log.gz HTTP/1.0" 200 1311449 "http://www.secrepo.com/" "Mozilla/5.0 (Macintosh; Intel Mac OS X 10_13_4) AppleWebKit/537.36 (KHTML, like Gecko) Chrome/67.0.3396.87 Safari/537.36" 
170.83.177.61 - - [20/Apr/2021:09:06:29 -0700] "GET /Datasets%20Description/HTML_Bro_log_2 HTTP/1.0" 301 582 "http://www.secrepo.com/" "Mozilla/5.0 (Macintosh; Intel Mac OS X 10_13_4) AppleWebKit/537.36 (KHTML, like Gecko) Chrome/67.0.3396.87 Safari/537.36" 
170.83.177.61 - - [20/Apr/2021:09:06:29 -0700] "GET /Datasets%20Description/HTML_Bro_log_2/ HTTP/1.0" 200 795 "http://www.secrepo.com/Datasets%20Description/HTML_Bro_log_2" "Mozilla/5.0 (Macintosh; Intel Mac OS X 10_13_4) AppleWebKit/537.36 (KHTML, like Gecko) Chrome/67.0.3396.87 Safari/537.36" 
170.83.177.61 - - [20/Apr/2021:09:06:29 -0700] "GET /Datasets%20Description/Network/ssl.html HTTP/1.0" 200 1548 "http://www.secrepo.com/" "Mozilla/5.0 (Macintosh; Intel Mac OS X 10_13_4) AppleWebKit/537.36 (KHTML, like Gecko) Chrome/67.0.3396.87 Safari/537.36" 
170.83.177.61 - - [20/Apr/2021:09:06:29 -0700] "GET /tg/b.zip HTTP/1.0" 200 1362804 "http://www.secrepo.com/" "Mozilla/5.0 (Macintosh; Intel Mac OS X 10_13_4) AppleWebKit/537.36 (KHTML, like Gecko) Chrome/67.0.3396.87 Safari/537.36" 
170.83.177.61 - - [20/Apr/2021:09:06:37 -0700] "GET /maccdc2012/tunnel.log.gz HTTP/1.0" 200 5245 "http://www.secrepo.com/" "Mozilla/5.0 (Macintosh; Intel Mac OS X 10_13_4) AppleWebKit/537.36 (KHTML, like Gecko) Chrome/67.0.3396.87 Safari/537.36" 
170.83.177.61 - - [20/Apr/2021:09:06:37 -0700] "GET /Datasets%20Description/HTML_Bro_log_1 HTTP/1.0" 301 582 "http://www.secrepo.com/" "Mozilla/5.0 (Macintosh; Intel Mac OS X 10_13_4) AppleWebKit/537.36 (KHTML, like Gecko) Chrome/67.0.3396.87 Safari/537.36" 
170.83.177.61 - - [20/Apr/2021:09:06:37 -0700] "GET /Datasets%20Description/HTML_Bro_log_1/ HTTP/1.0" 200 797 "http://www.secrepo.com/Datasets%20Description/HTML_Bro_log_1" "Mozilla/5.0 (Macintosh; Intel Mac OS X 10_13_4) AppleWebKit/537.36 (KHTML, like Gecko) Chrome/67.0.3396.87 Safari/537.36" 
170.83.177.61 - - [20/Apr/2021:09:06:37 -0700] "GET /Datasets%20Description/Network/tunnel.html HTTP/1.0" 200 1433 "http://www.secrepo.com/" "Mozilla/5.0 (Macintosh; Intel Mac OS X 10_13_4) AppleWebKit/537.36 (KHTML, like Gecko) Chrome/67.0.3396.87 Safari/537.36" 
170.83.177.61 - - [20/Apr/2021:09:06:37 -0700] "GET /tg/a.zip HTTP/1.0" 200 1386452 "http://www.secrepo.com/" "Mozilla/5.0 (Macintosh; Intel Mac OS X 10_13_4) AppleWebKit/537.36 (KHTML, like Gecko) Chrome/67.0.3396.87 Safari/537.36" 
170.83.177.61 - - [20/Apr/2021:09:06:47 -0700] "GET /maccdc2012/weird.log.gz HTTP/1.0" 200 1252817 "http://www.secrepo.com/" "Mozilla/5.0 (Macintosh; Intel Mac OS X 10_13_4) AppleWebKit/537.36 (KHTML, like Gecko) Chrome/67.0.3396.87 Safari/537.36" 
170.83.177.61 - - [20/Apr/2021:09:06:55 -0700] "GET /maccdc2012/maccdc2012_full_alert.7z HTTP/1.0" 200 1322236 "http://www.secrepo.com/" "Mozilla/5.0 (Macintosh; Intel Mac OS X 10_13_4) AppleWebKit/537.36 (KHTML, like Gecko) Chrome/67.0.3396.87 Safari/537.36" 
170.83.177.61 - - [20/Apr/2021:09:06:59 -0700] "GET /Datasets%20Description/Network/weird.html HTTP/1.0" 200 1608 "http://www.secrepo.com/" "Mozilla/5.0 (Macintosh; Intel Mac OS X 10_13_4) AppleWebKit/537.36 (KHTML, like Gecko) Chrome/67.0.3396.87 Safari/537.36" 
170.83.177.61 - - [20/Apr/2021:09:06:59 -0700] "GET /maccdc2012/maccdc2012_fast_alert.7z HTTP/1.0" 200 1371740 "http://www.secrepo.com/" "Mozilla/5.0 (Macintosh; Intel Mac OS X 10_13_4) AppleWebKit/537.36 (KHTML, like Gecko) Chrome/67.0.3396.87 Safari/537.36" 
13.66.139.64 - - [20/Apr/2021:09:09:01 -0700] "GET /Datasets%20Description/ HTTP/1.1" 200 677 "-" "Mozilla/5.0 (compatible; bingbot/2.0; +http://www.bing.com/bingbot.htm)" 
76.97.27.48 - - [20/Apr/2021:09:09:37 -0700] "GET / HTTP/1.1" 200 12882 "-" "Mozilla/5.0 (Windows NT 10.0; Win64; x64) AppleWebKit/537.36 (KHTML, like Gecko) Chrome/90.0.4430.72 Safari/537.36" 
76.97.27.48 - - [20/Apr/2021:09:09:37 -0700] "GET /css/style.css HTTP/1.1" 404 305 "http://www.secrepo.com/" "Mozilla/5.0 (Windows NT 10.0; Win64; x64) AppleWebKit/537.36 (KHTML, like Gecko) Chrome/90.0.4430.72 Safari/537.36" 
76.97.27.48 - - [20/Apr/2021:09:09:37 -0700] "GET /twitter-icon.png HTTP/1.1" 200 27893 "http://www.secrepo.com/" "Mozilla/5.0 (Windows NT 10.0; Win64; x64) AppleWebKit/537.36 (KHTML, like Gecko) Chrome/90.0.4430.72 Safari/537.36" 
76.97.27.48 - - [20/Apr/2021:09:09:37 -0700] "GET /GitHub-Mark.png HTTP/1.1" 200 7556 "http://www.secrepo.com/" "Mozilla/5.0 (Windows NT 10.0; Win64; x64) AppleWebKit/537.36 (KHTML, like Gecko) Chrome/90.0.4430.72 Safari/537.36" 
76.97.27.48 - - [20/Apr/2021:09:09:38 -0700] "GET /bootstrap/img/favicon.ico HTTP/1.1" 200 690 "http://www.secrepo.com/" "Mozilla/5.0 (Windows NT 10.0; Win64; x64) AppleWebKit/537.36 (KHTML, like Gecko) Chrome/90.0.4430.72 Safari/537.36" 
159.226.95.71 - - [20/Apr/2021:09:12:37 -0700] "GET http://www.secrepo.com/auth.log/auth.log.gz HTTP/1.1" 200 615642 "-" "Python-urllib/3.6" 
159.226.95.71 - - [20/Apr/2021:09:15:22 -0700] "GET http://www.secrepo.com/honeypot/honeypot.json.zip HTTP/1.1" 200 23086050 "-" "Python-urllib/3.6" 
92.234.25.217 - - [20/Apr/2021:09:16:18 -0700] "GET / HTTP/1.1" 200 12882 "-" "Mozilla/5.0 (Macintosh; Intel Mac OS X 10_15_7) AppleWebKit/537.36 (KHTML, like Gecko) Chrome/90.0.4430.72 Safari/537.36" 
92.234.25.217 - - [20/Apr/2021:09:16:18 -0700] "GET /css/style.css HTTP/1.1" 404 305 "http://www.secrepo.com/" "Mozilla/5.0 (Macintosh; Intel Mac OS X 10_15_7) AppleWebKit/537.36 (KHTML, like Gecko) Chrome/90.0.4430.72 Safari/537.36" 
92.234.25.217 - - [20/Apr/2021:09:16:18 -0700] "GET /twitter-icon.png HTTP/1.1" 200 27916 "http://www.secrepo.com/" "Mozilla/5.0 (Macintosh; Intel Mac OS X 10_15_7) AppleWebKit/537.36 (KHTML, like Gecko) Chrome/90.0.4430.72 Safari/537.36" 
92.234.25.217 - - [20/Apr/2021:09:16:18 -0700] "GET /GitHub-Mark.png HTTP/1.1" 200 7556 "http://www.secrepo.com/" "Mozilla/5.0 (Macintosh; Intel Mac OS X 10_15_7) AppleWebKit/537.36 (KHTML, like Gecko) Chrome/90.0.4430.72 Safari/537.36" 
92.234.25.217 - - [20/Apr/2021:09:16:19 -0700] "GET /bootstrap/img/favicon.ico HTTP/1.1" 200 690 "http://www.secrepo.com/" "Mozilla/5.0 (Macintosh; Intel Mac OS X 10_15_7) AppleWebKit/537.36 (KHTML, like Gecko) Chrome/90.0.4430.72 Safari/537.36" 
159.226.95.71 - - [20/Apr/2021:09:19:33 -0700] "GET http://www.secrepo.com/honeypot/honeypot.json.zip HTTP/1.1" 200 23086050 "-" "Python-urllib/3.6" 
114.119.130.95 - - [20/Apr/2021:09:20:16 -0700] "GET /self.logs/2016/error.log.2016-02-21.gz HTTP/1.1" 200 847 "-" "Mozilla/5.0 (Linux; Android 7.0;) AppleWebKit/537.36 (KHTML, like Gecko) Mobile Safari/537.36 (compatible; PetalBot;+https://webmaster.petalsearch.com/site/petalbot)" 
49.7.20.105 - - [20/Apr/2021:09:20:50 -0700] "GET / HTTP/1.1" 200 12845 "-" "Sogou web spider/4.0(+http://www.sogou.com/docs/help/webmasters.htm#07)" 
192.80.55.88 - - [20/Apr/2021:09:21:17 -0700] "GET / HTTP/1.1" 200 12882 "-" "Mozilla/5.0 (Macintosh; Intel Mac OS X 10_15_6) AppleWebKit/605.1.15 (KHTML, like Gecko)" 
192.80.55.88 - - [20/Apr/2021:09:21:17 -0700] "GET /apple-touch-icon-precomposed.png HTTP/1.1" 404 328 "-" "Safari/16610.4.3.1.7 CFNetwork/1220.1 Darwin/20.3.0" 
192.80.55.88 - - [20/Apr/2021:09:21:17 -0700] "GET /apple-touch-icon.png HTTP/1.1" 404 305 "-" "Safari/16610.4.3.1.7 CFNetwork/1220.1 Darwin/20.3.0" 
192.80.55.88 - - [20/Apr/2021:09:21:17 -0700] "GET /bootstrap/img/favicon.ico HTTP/1.1" 200 690 "-" "Safari/16610.4.3.1.7 CFNetwork/1220.1 Darwin/20.3.0" 
192.80.55.88 - - [20/Apr/2021:09:21:17 -0700] "GET / HTTP/1.1" 200 12859 "-" "Mozilla/5.0 (iPhone; CPU iPhone OS 13_1_3 like Mac OS X) AppleWebKit/605.1.15 (KHTML, like Gecko) Version/13.0.1 Mobile/15E148 Safari/604.1" 
192.80.55.88 - - [20/Apr/2021:09:21:17 -0700] "GET /apple-touch-icon-precomposed.png HTTP/1.1" 404 305 "-" "Safari/16610.4.3.1.7 CFNetwork/1220.1 Darwin/20.3.0" 
192.80.55.88 - - [20/Apr/2021:09:21:17 -0700] "GET /apple-touch-icon.png HTTP/1.1" 404 305 "-" "Safari/16610.4.3.1.7 CFNetwork/1220.1 Darwin/20.3.0" 
118.103.238.32 - - [20/Apr/2021:09:21:33 -0700] "GET /tg/b.zip HTTP/1.1" 200 42298231 "-" "-" 
159.226.95.71 - - [20/Apr/2021:09:21:32 -0700] "GET http://www.secrepo.com/honeypot/honeypot.json.zip HTTP/1.1" 200 23086050 "-" "Python-urllib/3.6" 
111.202.101.120 - - [20/Apr/2021:09:21:49 -0700] "GET /robots.txt HTTP/1.1" 200 340 "-" "Sogou web spider/4.0(+http://www.sogou.com/docs/help/webmasters.htm#07)" 
114.119.159.40 - - [20/Apr/2021:09:22:09 -0700] "GET /self.logs/error.log.2019-09-01.gz HTTP/1.1" 200 2127 "-" "Mozilla/5.0 (Linux; Android 7.0;) AppleWebKit/537.36 (KHTML, like Gecko) Mobile Safari/537.36 (compatible; PetalBot;+https://webmaster.petalsearch.com/site/petalbot)" 
114.119.144.30 - - [20/Apr/2021:09:24:36 -0700] "GET /self.logs/2015/access.log.2015-10-22.gz HTTP/1.1" 200 9015 "-" "Mozilla/5.0 (Linux; Android 7.0;) AppleWebKit/537.36 (KHTML, like Gecko) Mobile Safari/537.36 (compatible; PetalBot;+https://webmaster.petalsearch.com/site/petalbot)" 
159.226.95.71 - - [20/Apr/2021:09:25:13 -0700] "GET http://www.secrepo.com/honeypot/honeypot.json.zip HTTP/1.1" 200 23086050 "-" "Python-urllib/3.6" 
159.226.95.71 - - [20/Apr/2021:09:25:33 -0700] "GET http://www.secrepo.com/auth.log/auth.log.gz HTTP/1.1" 200 615642 "-" "Python-urllib/3.6" 
159.226.95.71 - - [20/Apr/2021:09:26:01 -0700] "GET http://www.secrepo.com/misc/zeus_dga_domains.txt.zip HTTP/1.1" 200 592344 "-" "Python-urllib/3.6" 
159.226.95.71 - - [20/Apr/2021:09:26:04 -0700] "GET http://www.secrepo.com/misc/zeus_dga_domains.txt.zip HTTP/1.1" 200 592344 "-" "Python-urllib/3.6" 
114.119.159.40 - - [20/Apr/2021:09:26:36 -0700] "GET /self.logs/error.log.2017-06-05.gz HTTP/1.1" 200 991 "-" "Mozilla/5.0 (Linux; Android 7.0;) AppleWebKit/537.36 (KHTML, like Gecko) Mobile Safari/537.36 (compatible; PetalBot;+https://webmaster.petalsearch.com/site/petalbot)" 
159.226.95.71 - - [20/Apr/2021:09:27:23 -0700] "GET http://www.secrepo.com/honeypot/honeypot.json.zip HTTP/1.1" 200 23086050 "-" "Python-urllib/3.6" 
114.119.159.101 - - [20/Apr/2021:09:29:09 -0700] "GET /self.logs/error.log.2020-06-21 HTTP/1.1" 200 351 "-" "Mozilla/5.0 (Linux; Android 7.0;) AppleWebKit/537.36 (KHTML, like Gecko) Mobile Safari/537.36 (compatible; PetalBot;+https://webmaster.petalsearch.com/site/petalbot)" 
159.226.95.71 - - [20/Apr/2021:09:29:58 -0700] "GET http://www.secrepo.com/auth.log/auth.log.gz HTTP/1.1" 200 615642 "-" "Python-urllib/3.6" 
159.226.95.71 - - [20/Apr/2021:09:30:01 -0700] "GET http://www.secrepo.com/auth.log/auth.log.gz HTTP/1.1" 200 615642 "-" "Python-urllib/3.6" 
114.119.159.40 - - [20/Apr/2021:09:31:16 -0700] "GET /self.logs/2015/access.log.2015-05-04.gz HTTP/1.1" 200 3923 "-" "Mozilla/5.0 (Linux; Android 7.0;) AppleWebKit/537.36 (KHTML, like Gecko) Mobile Safari/537.36 (compatible; PetalBot;+https://webmaster.petalsearch.com/site/petalbot)" 
159.226.95.71 - - [20/Apr/2021:09:33:57 -0700] "GET http://www.secrepo.com/auth.log/auth.log.gz HTTP/1.1" 200 615642 "-" "Python-urllib/3.6" 
159.226.95.71 - - [20/Apr/2021:09:34:55 -0700] "GET http://www.secrepo.com/honeypot/honeypot.json.zip HTTP/1.1" 200 23086050 "-" "Python-urllib/3.6" 
77.75.78.165 - - [20/Apr/2021:09:35:32 -0700] "GET /robots.txt HTTP/1.1" 200 377 "-" "Mozilla/5.0 (compatible; SeznamBot/3.2; +http://napoveda.seznam.cz/en/seznambot-intro/)" 
77.75.78.165 - - [20/Apr/2021:09:35:32 -0700] "GET /Datasets%20Description/Network/dns.html HTTP/1.1" 304 267 "-" "Mozilla/5.0 (compatible; SeznamBot/3.2; +http://napoveda.seznam.cz/en/seznambot-intro/)" 
178.150.47.62 - - [20/Apr/2021:09:38:04 -0700] "GET / HTTP/1.1" 200 48020 "https://subject-book.com/" "Mozilla/4.0 (compatible; MSIE 6.0; Windows XP)" 
178.150.47.62 - - [20/Apr/2021:09:38:05 -0700] "GET / HTTP/1.1" 200 48020 "https://subject-book.com/" "Mozilla/4.0 (compatible; MSIE 6.0; Windows XP)" 
178.150.47.62 - - [20/Apr/2021:09:38:05 -0700] "GET / HTTP/1.1" 200 48020 "https://subject-book.com/" "Mozilla/4.0 (compatible; MSIE 6.0; Windows XP)" 
159.226.95.71 - - [20/Apr/2021:09:38:26 -0700] "GET http://www.secrepo.com/misc/zeus_dga_domains.txt.zip HTTP/1.1" 200 592344 "-" "Python-urllib/3.6" 
159.226.95.71 - - [20/Apr/2021:09:42:54 -0700] "GET http://www.secrepo.com/honeypot/honeypot.json.zip HTTP/1.1" 200 23086050 "-" "Python-urllib/3.6" 
159.226.95.71 - - [20/Apr/2021:09:43:18 -0700] "GET http://www.secrepo.com/auth.log/auth.log.gz HTTP/1.1" 200 615642 "-" "Python-urllib/3.6" 
207.46.13.102 - - [20/Apr/2021:09:43:52 -0700] "GET /self.logs/error.log.2017-07-03.gz HTTP/1.1" 200 1010 "-" "Mozilla/5.0 (compatible; bingbot/2.0; +http://www.bing.com/bingbot.htm)" 
114.119.144.30 - - [20/Apr/2021:09:43:57 -0700] "GET /self.logs/error.log.2017-11-06.gz HTTP/1.1" 200 2450 "-" "Mozilla/5.0 (Linux; Android 7.0;) AppleWebKit/537.36 (KHTML, like Gecko) Mobile Safari/537.36 (compatible; PetalBot;+https://webmaster.petalsearch.com/site/petalbot)" 
114.119.155.228 - - [20/Apr/2021:09:44:27 -0700] "GET /self.logs/2016/error.log.2016-03-08.gz HTTP/1.1" 200 876 "-" "Mozilla/5.0 (Linux; Android 7.0;) AppleWebKit/537.36 (KHTML, like Gecko) Mobile Safari/537.36 (compatible; PetalBot;+https://webmaster.petalsearch.com/site/petalbot)" 
111.202.101.156 - - [20/Apr/2021:09:44:43 -0700] "GET / HTTP/1.1" 200 12845 "-" "Sogou web spider/4.0(+http://www.sogou.com/docs/help/webmasters.htm#07)" 
159.226.95.71 - - [20/Apr/2021:09:45:16 -0700] "GET http://www.secrepo.com/misc/zeus_dga_domains.txt.zip HTTP/1.1" 200 592344 "-" "Python-urllib/3.6" 
159.226.95.71 - - [20/Apr/2021:09:45:19 -0700] "GET http://www.secrepo.com/auth.log/auth.log.gz HTTP/1.1" 200 615642 "-" "Python-urllib/3.6" 
114.119.130.95 - - [20/Apr/2021:09:45:40 -0700] "GET /self.logs/2015/access.log.2015-07-17.gz HTTP/1.1" 200 4699 "-" "Mozilla/5.0 (Linux; Android 7.0;) AppleWebKit/537.36 (KHTML, like Gecko) Mobile Safari/537.36 (compatible; PetalBot;+https://webmaster.petalsearch.com/site/petalbot)" 
159.226.95.71 - - [20/Apr/2021:09:46:18 -0700] "GET http://www.secrepo.com/honeypot/honeypot.json.zip HTTP/1.1" 200 23086050 "-" "Python-urllib/3.6" 
40.77.167.36 - - [20/Apr/2021:09:47:07 -0700] "GET /Datasets%20Description/HTML_Bro_log_1/app_stats.html HTTP/1.1" 200 1591 "-" "Mozilla/5.0 (compatible; bingbot/2.0; +http://www.bing.com/bingbot.htm)" 
159.226.95.71 - - [20/Apr/2021:09:49:28 -0700] "GET http://www.secrepo.com/auth.log/auth.log.gz HTTP/1.1" 200 615642 "-" "Python-urllib/3.6" 
114.119.140.84 - - [20/Apr/2021:09:50:18 -0700] "GET /pe_static/zeus.zip HTTP/1.1" 200 51367222 "-" "Mozilla/5.0 (Linux; Android 7.0;) AppleWebKit/537.36 (KHTML, like Gecko) Mobile Safari/537.36 (compatible; PetalBot;+https://webmaster.petalsearch.com/site/petalbot)" 
118.103.238.32 - - [20/Apr/2021:09:52:12 -0700] "GET /datasets%20description/html_bro_log_1 HTTP/1.1" 404 284 "-" "-" 
118.103.238.32 - - [20/Apr/2021:09:52:13 -0700] "GET /datasets%20description/html_bro_log_1 HTTP/1.1" 404 328 "https://www.google.com/" "Mozilla/5.0 (compatible; Googlebot/2.1; +http://www.google.com/bot.html)" 
159.226.95.71 - - [20/Apr/2021:09:52:33 -0700] "GET http://www.secrepo.com/auth.log/auth.log.gz HTTP/1.1" 200 615642 "-" "Python-urllib/3.6" 
159.226.95.71 - - [20/Apr/2021:09:52:45 -0700] "GET http://www.secrepo.com/auth.log/auth.log.gz HTTP/1.1" 200 615642 "-" "Python-urllib/3.6" 
114.119.144.30 - - [20/Apr/2021:09:54:12 -0700] "GET /self.logs/2016/access.log.2016-11-12.gz HTTP/1.1" 200 6879 "-" "Mozilla/5.0 (Linux; Android 7.0;) AppleWebKit/537.36 (KHTML, like Gecko) Mobile Safari/537.36 (compatible; PetalBot;+https://webmaster.petalsearch.com/site/petalbot)" 
103.135.251.162 - - [20/Apr/2021:09:54:28 -0700] "GET / HTTP/1.1" 200 12838 "https://www.baidu.com/link?url=lWcLxOUtVY-e2YJBKvbqULFBZCtP8sMbHQBxoB1k61GtsuLKZd_DG_QkOFdkwgUJ&wd=&eqid=a7ee18070002ebb600000004607f0741" "Mozilla/5.0 (Macintosh; Intel Mac OS X 10_15_7) AppleWebKit/537.36 (KHTML, like Gecko) Chrome/89.0.4389.128 Safari/537.36" 
103.135.251.162 - - [20/Apr/2021:09:54:29 -0700] "GET /twitter-icon.png HTTP/1.1" 200 27872 "http://www.secrepo.com/" "Mozilla/5.0 (Macintosh; Intel Mac OS X 10_15_7) AppleWebKit/537.36 (KHTML, like Gecko) Chrome/89.0.4389.128 Safari/537.36" 
103.135.251.162 - - [20/Apr/2021:09:54:29 -0700] "GET /GitHub-Mark.png HTTP/1.1" 200 7512 "http://www.secrepo.com/" "Mozilla/5.0 (Macintosh; Intel Mac OS X 10_15_7) AppleWebKit/537.36 (KHTML, like Gecko) Chrome/89.0.4389.128 Safari/537.36" 
103.135.251.162 - - [20/Apr/2021:09:54:29 -0700] "GET /css/style.css HTTP/1.1" 404 284 "http://www.secrepo.com/" "Mozilla/5.0 (Macintosh; Intel Mac OS X 10_15_7) AppleWebKit/537.36 (KHTML, like Gecko) Chrome/89.0.4389.128 Safari/537.36" 
103.135.251.162 - - [20/Apr/2021:09:54:31 -0700] "GET /bootstrap/img/favicon.ico HTTP/1.1" 200 669 "http://www.secrepo.com/" "Mozilla/5.0 (Macintosh; Intel Mac OS X 10_15_7) AppleWebKit/537.36 (KHTML, like Gecko) Chrome/89.0.4389.128 Safari/537.36" 
103.135.251.162 - - [20/Apr/2021:09:55:14 -0700] "GET /maccdc2012/maccdc2012_full_alert.7z HTTP/1.1" 200 24979009 "http://www.secrepo.com/" "Mozilla/5.0 (Macintosh; Intel Mac OS X 10_15_7) AppleWebKit/537.36 (KHTML, like Gecko) Chrome/89.0.4389.128 Safari/537.36" 
116.179.32.239 - - [20/Apr/2021:09:58:44 -0700] "GET / HTTP/1.1" 200 12845 "-" "Mozilla/5.0 (compatible; Baiduspider/2.0; +http://www.baidu.com/search/spider.html)" 
116.179.37.150 - - [20/Apr/2021:09:58:45 -0700] "GET /css/style.css HTTP/1.1" 404 291 "http://www.secrepo.com/" "Mozilla/5.0 (compatible; Baiduspider-render/2.0; +http://www.baidu.com/search/spider.html)" 
114.119.141.53 - - [20/Apr/2021:09:58:53 -0700] "GET /self.logs/access.log.2018-05-25.gz HTTP/1.1" 200 18903 "-" "Mozilla/5.0 (Linux; Android 7.0;) AppleWebKit/537.36 (KHTML, like Gecko) Mobile Safari/537.36 (compatible; PetalBot;+https://webmaster.petalsearch.com/site/petalbot)" 
207.46.13.17 - - [20/Apr/2021:10:00:14 -0700] "GET /self.logs/access.log.2021-02-13.gz HTTP/1.1" 200 19468 "-" "Mozilla/5.0 (compatible; bingbot/2.0; +http://www.bing.com/bingbot.htm)" 
114.119.155.228 - - [20/Apr/2021:10:01:11 -0700] "GET /self.logs/2015/error.log.2015-02-22.gz HTTP/1.1" 200 4462 "-" "Mozilla/5.0 (Linux; Android 7.0;) AppleWebKit/537.36 (KHTML, like Gecko) Mobile Safari/537.36 (compatible; PetalBot;+https://webmaster.petalsearch.com/site/petalbot)" 
159.226.95.71 - - [20/Apr/2021:10:01:52 -0700] "GET http://www.secrepo.com/honeypot/honeypot.json.zip HTTP/1.1" 200 23086050 "-" "Python-urllib/3.6" 
159.226.95.71 - - [20/Apr/2021:10:03:03 -0700] "GET http://www.secrepo.com/misc/zeus_dga_domains.txt.zip HTTP/1.1" 200 592344 "-" "Python-urllib/3.6" 
114.119.150.248 - - [20/Apr/2021:10:03:19 -0700] "GET /self.logs/error.log.2020-12-08.gz HTTP/1.1" 200 778 "-" "Mozilla/5.0 (Linux; Android 7.0;) AppleWebKit/537.36 (KHTML, like Gecko) Mobile Safari/537.36 (compatible; PetalBot;+https://webmaster.petalsearch.com/site/petalbot)" 
49.7.20.105 - - [20/Apr/2021:10:07:36 -0700] "GET / HTTP/1.1" 200 12845 "-" "Sogou web spider/4.0(+http://www.sogou.com/docs/help/webmasters.htm#07)" 
103.44.255.28 - - [20/Apr/2021:10:09:53 -0700] "HEAD / HTTP/1.1" 200 396 "http://www.secrepo.com/" "Mozilla/5.0 (compatible; Baiduspider/2.0; +http://www.baidu.com/search/spider.html" 
103.44.255.28 - - [20/Apr/2021:10:09:53 -0700] "GET //e/install/index.php HTTP/1.1" 404 250 "http://www.secrepo.com//e/install/index.php" "Mozilla/5.0 (compatible; Baiduspider/2.0; +http://www.baidu.com/search/spider.html" 
103.44.255.28 - - [20/Apr/2021:10:09:54 -0700] "GET //include/dialog/select_images.php HTTP/1.1" 404 250 "http://www.secrepo.com//include/dialog/select_images.php" "Mozilla/5.0 (compatible; Baiduspider/2.0; +http://www.baidu.com/search/spider.html" 
114.119.157.43 - - [20/Apr/2021:10:13:40 -0700] "GET /self.logs/access.log.2018-04-07.gz HTTP/1.1" 200 16850 "-" "Mozilla/5.0 (Linux; Android 7.0;) AppleWebKit/537.36 (KHTML, like Gecko) Mobile Safari/537.36 (compatible; PetalBot;+https://webmaster.petalsearch.com/site/petalbot)" 
114.119.159.101 - - [20/Apr/2021:10:18:09 -0700] "GET /self.logs/2015/error.log.2015-04-21.gz HTTP/1.1" 200 2266 "-" "Mozilla/5.0 (Linux; Android 7.0;) AppleWebKit/537.36 (KHTML, like Gecko) Mobile Safari/537.36 (compatible; PetalBot;+https://webmaster.petalsearch.com/site/petalbot)" 
13.66.139.8 - - [20/Apr/2021:10:24:22 -0700] "GET /self.logs/?C=M;O=A HTTP/1.1" 200 30026 "-" "Mozilla/5.0 (compatible; bingbot/2.0; +http://www.bing.com/bingbot.htm)" 
118.103.238.32 - - [20/Apr/2021:10:24:43 -0700] "GET /tg/a.zip HTTP/1.1" 200 66189404 "-" "-" 
114.119.144.30 - - [20/Apr/2021:10:25:13 -0700] "GET /self.logs/2015/access.log.2015-04-07.gz HTTP/1.1" 200 3510 "-" "Mozilla/5.0 (Linux; Android 7.0;) AppleWebKit/537.36 (KHTML, like Gecko) Mobile Safari/537.36 (compatible; PetalBot;+https://webmaster.petalsearch.com/site/petalbot)" 
114.119.159.40 - - [20/Apr/2021:10:27:11 -0700] "GET /self.logs/2015/access.log.2015-04-30.gz HTTP/1.1" 200 5905 "-" "Mozilla/5.0 (Linux; Android 7.0;) AppleWebKit/537.36 (KHTML, like Gecko) Mobile Safari/537.36 (compatible; PetalBot;+https://webmaster.petalsearch.com/site/petalbot)" 
77.75.78.171 - - [20/Apr/2021:10:28:10 -0700] "GET /robots.txt HTTP/1.1" 200 377 "-" "Mozilla/5.0 (compatible; SeznamBot/3.2; +http://napoveda.seznam.cz/en/seznambot-intro/)" 
77.75.78.171 - - [20/Apr/2021:10:28:11 -0700] "GET /honeypot/Honeypot%20-%20Howto%20-%20BSides%20Austin.pdf HTTP/1.1" 304 266 "-" "Mozilla/5.0 (compatible; SeznamBot/3.2; +http://napoveda.seznam.cz/en/seznambot-intro/)" 
114.119.157.43 - - [20/Apr/2021:10:35:52 -0700] "GET /self.logs/error.log.2018-04-20.gz HTTP/1.1" 200 3850 "-" "Mozilla/5.0 (Linux; Android 7.0;) AppleWebKit/537.36 (KHTML, like Gecko) Mobile Safari/537.36 (compatible; PetalBot;+https://webmaster.petalsearch.com/site/petalbot)" 
114.119.159.40 - - [20/Apr/2021:10:36:44 -0700] "GET /Datasets%20Description/HTML_Bro_log_3 HTTP/1.1" 301 619 "-" "Mozilla/5.0 (Linux; Android 7.0;) AppleWebKit/537.36 (KHTML, like Gecko) Mobile Safari/537.36 (compatible; PetalBot;+https://webmaster.petalsearch.com/site/petalbot)" 
114.119.159.40 - - [20/Apr/2021:10:36:44 -0700] "GET /Datasets%20Description/HTML_Bro_log_3/ HTTP/1.1" 200 800 "-" "Mozilla/5.0 (Linux; Android 7.0;) AppleWebKit/537.36 (KHTML, like Gecko) Mobile Safari/537.36 (compatible; PetalBot;+https://webmaster.petalsearch.com/site/petalbot)" 
69.217.128.70 - - [20/Apr/2021:10:37:29 -0700] "GET /css/style.css HTTP/1.1" 404 328 "http://www.secrepo.com/" "Mozilla/5.0 (Macintosh; Intel Mac OS X 10_15_6) AppleWebKit/605.1.15 (KHTML, like Gecko)" 
69.217.128.70 - - [20/Apr/2021:10:37:29 -0700] "GET /bootstrap/img/favicon.ico HTTP/1.1" 200 713 "http://www.secrepo.com/" "Mozilla/5.0 (Macintosh; Intel Mac OS X 10_15_6) AppleWebKit/605.1.15 (KHTML, like Gecko)" 
207.46.13.3 - - [20/Apr/2021:10:37:36 -0700] "GET /self.logs/2016/error.log.2016-02-09.gz HTTP/1.1" 200 740 "-" "Mozilla/5.0 (compatible; bingbot/2.0; +http://www.bing.com/bingbot.htm)" 
207.46.13.48 - - [20/Apr/2021:10:38:48 -0700] "GET /self.logs/error.log.2020-09-25.gz HTTP/1.1" 301 541 "-" "Mozilla/5.0 (compatible; bingbot/2.0; +http://www.bing.com/bingbot.htm)" 
114.119.141.53 - - [20/Apr/2021:10:47:09 -0700] "GET /maccdc2012/ssl.log.gz HTTP/1.1" 200 1311486 "-" "Mozilla/5.0 (Linux; Android 7.0;) AppleWebKit/537.36 (KHTML, like Gecko) Mobile Safari/537.36 (compatible; PetalBot;+https://webmaster.petalsearch.com/site/petalbot)" 
218.77.121.35 - - [20/Apr/2021:10:51:06 -0700] "GET / HTTP/1.1" 200 12845 "http://www.heetian.com/info/482" "Mozilla/5.0 (Windows NT 10.0; Win64; x64) AppleWebKit/537.36 (KHTML, like Gecko) Chrome/81.0.4044.92 Safari/537.36" 
114.119.159.40 - - [20/Apr/2021:10:52:18 -0700] "GET /self.logs/error.log.2020-08-18 HTTP/1.1" 200 351 "-" "Mozilla/5.0 (Linux; Android 7.0;) AppleWebKit/537.36 (KHTML, like Gecko) Mobile Safari/537.36 (compatible; PetalBot;+https://webmaster.petalsearch.com/site/petalbot)" 
114.119.144.30 - - [20/Apr/2021:10:53:43 -0700] "GET /self.logs/error.log.2020-04-30.gz HTTP/1.1" 200 869 "-" "Mozilla/5.0 (Linux; Android 7.0;) AppleWebKit/537.36 (KHTML, like Gecko) Mobile Safari/537.36 (compatible; PetalBot;+https://webmaster.petalsearch.com/site/petalbot)" 
49.7.20.105 - - [20/Apr/2021:10:54:50 -0700] "GET / HTTP/1.1" 200 12845 "-" "Sogou web spider/4.0(+http://www.sogou.com/docs/help/webmasters.htm#07)" 
208.73.191.1 - - [20/Apr/2021:10:56:18 -0700] "GET / HTTP/1.1" 200 12882 "-" "Mozilla/5.0 (Windows NT 10.0; Win64; x64; rv:78.0) Gecko/20100101 Firefox/78.0" 
208.73.191.1 - - [20/Apr/2021:10:56:18 -0700] "GET /css/style.css HTTP/1.1" 404 305 "http://www.secrepo.com/" "Mozilla/5.0 (Windows NT 10.0; Win64; x64; rv:78.0) Gecko/20100101 Firefox/78.0" 
208.73.191.1 - - [20/Apr/2021:10:56:19 -0700] "GET /twitter-icon.png HTTP/1.1" 200 27893 "http://www.secrepo.com/" "Mozilla/5.0 (Windows NT 10.0; Win64; x64; rv:78.0) Gecko/20100101 Firefox/78.0" 
208.73.191.1 - - [20/Apr/2021:10:56:19 -0700] "GET /GitHub-Mark.png HTTP/1.1" 200 7556 "http://www.secrepo.com/" "Mozilla/5.0 (Windows NT 10.0; Win64; x64; rv:78.0) Gecko/20100101 Firefox/78.0" 
208.73.191.1 - - [20/Apr/2021:10:56:19 -0700] "GET /css/style.css HTTP/1.1" 404 328 "http://www.secrepo.com/" "Mozilla/5.0 (Windows NT 10.0; Win64; x64; rv:78.0) Gecko/20100101 Firefox/78.0" 
208.73.191.1 - - [20/Apr/2021:10:56:19 -0700] "GET /bootstrap/img/favicon.ico HTTP/1.1" 200 690 "-" "Mozilla/5.0 (Windows NT 10.0; Win64; x64; rv:78.0) Gecko/20100101 Firefox/78.0" 
118.103.238.32 - - [20/Apr/2021:10:56:16 -0700] "GET /maccdc2012/maccdc2012_full_alert.7z HTTP/1.1" 200 24979009 "-" "-" 
208.73.191.1 - - [20/Apr/2021:10:58:03 -0700] "GET /Datasets%20Description/Network/http.html HTTP/1.1" 200 1709 "http://www.secrepo.com/" "Mozilla/5.0 (Windows NT 10.0; Win64; x64; rv:78.0) Gecko/20100101 Firefox/78.0" 
208.73.191.1 - - [20/Apr/2021:10:58:03 -0700] "GET /favicon.ico HTTP/1.1" 200 368 "-" "Mozilla/5.0 (Windows NT 10.0; Win64; x64; rv:78.0) Gecko/20100101 Firefox/78.0" 
208.73.191.1 - - [20/Apr/2021:10:59:38 -0700] "GET /Datasets%20Description/Network/N/A HTTP/1.1" 404 328 "http://www.secrepo.com/Datasets%20Description/Network/http.html" "Mozilla/5.0 (Windows NT 10.0; Win64; x64; rv:78.0) Gecko/20100101 Firefox/78.0" 
111.202.101.156 - - [20/Apr/2021:10:59:53 -0700] "GET / HTTP/1.1" 200 12845 "-" "Sogou web spider/4.0(+http://www.sogou.com/docs/help/webmasters.htm#07)" 
159.226.95.71 - - [20/Apr/2021:11:01:14 -0700] "GET http://www.secrepo.com/honeypot/honeypot.json.zip HTTP/1.1" 200 23086050 "-" "Python-urllib/3.6" 
159.226.95.71 - - [20/Apr/2021:11:09:07 -0700] "GET http://www.secrepo.com/auth.log/auth.log.gz HTTP/1.1" 200 615642 "-" "Python-urllib/3.6" 
159.226.95.71 - - [20/Apr/2021:11:09:09 -0700] "GET http://www.secrepo.com/misc/zeus_dga_domains.txt.zip HTTP/1.1" 200 592344 "-" "Python-urllib/3.6" 
159.226.95.71 - - [20/Apr/2021:11:11:33 -0700] "GET http://www.secrepo.com/honeypot/honeypot.json.zip HTTP/1.1" 200 23086050 "-" "Python-urllib/3.6" 
114.119.150.248 - - [20/Apr/2021:11:12:11 -0700] "GET /self.logs/error.log.2018-03-27.gz HTTP/1.1" 200 9560 "-" "Mozilla/5.0 (Linux; Android 7.0;) AppleWebKit/537.36 (KHTML, like Gecko) Mobile Safari/537.36 (compatible; PetalBot;+https://webmaster.petalsearch.com/site/petalbot)" 
159.226.95.71 - - [20/Apr/2021:11:14:06 -0700] "GET http://www.secrepo.com/honeypot/honeypot.json.zip HTTP/1.1" 200 23086050 "-" "Python-urllib/3.6" 
159.226.95.71 - - [20/Apr/2021:11:14:28 -0700] "GET http://www.secrepo.com/auth.log/auth.log.gz HTTP/1.1" 200 615642 "-" "Python-urllib/3.6" 
159.226.95.71 - - [20/Apr/2021:11:14:31 -0700] "GET http://www.secrepo.com/misc/zeus_dga_domains.txt.zip HTTP/1.1" 200 592344 "-" "Python-urllib/3.6" 
159.226.95.71 - - [20/Apr/2021:11:14:39 -0700] "GET http://www.secrepo.com/honeypot/honeypot.json.zip HTTP/1.1" 200 23086050 "-" "Python-urllib/3.6" 
159.226.95.71 - - [20/Apr/2021:11:16:59 -0700] "GET http://www.secrepo.com/auth.log/auth.log.gz HTTP/1.1" 200 615642 "-" "Python-urllib/3.6" 
159.226.95.71 - - [20/Apr/2021:11:18:39 -0700] "GET http://www.secrepo.com/misc/zeus_dga_domains.txt.zip HTTP/1.1" 200 592344 "-" "Python-urllib/3.6" 
159.226.95.71 - - [20/Apr/2021:11:18:59 -0700] "GET http://www.secrepo.com/auth.log/auth.log.gz HTTP/1.1" 200 615642 "-" "Python-urllib/3.6" 
159.226.95.71 - - [20/Apr/2021:11:19:01 -0700] "GET http://www.secrepo.com/honeypot/honeypot.json.zip HTTP/1.1" 200 23086050 "-" "Python-urllib/3.6" 
40.77.167.38 - - [20/Apr/2021:11:21:57 -0700] "GET /self.logs/error.log.2018-03-18.gz HTTP/1.1" 200 7304 "-" "Mozilla/5.0 (compatible; bingbot/2.0; +http://www.bing.com/bingbot.htm)" 
114.119.159.40 - - [20/Apr/2021:11:27:17 -0700] "GET /self.logs/2015/access.log.2015-12-28.gz HTTP/1.1" 200 9099 "-" "Mozilla/5.0 (Linux; Android 7.0;) AppleWebKit/537.36 (KHTML, like Gecko) Mobile Safari/537.36 (compatible; PetalBot;+https://webmaster.petalsearch.com/site/petalbot)" 
118.103.238.32 - - [20/Apr/2021:11:28:00 -0700] "GET /maccdc2012/maccdc2012_fast_alert.7z HTTP/1.1" 200 9478216 "-" "-" 
159.226.95.71 - - [20/Apr/2021:11:28:27 -0700] "GET http://www.secrepo.com/misc/zeus_dga_domains.txt.zip HTTP/1.1" 200 592344 "-" "Python-urllib/3.6" 
159.226.95.71 - - [20/Apr/2021:11:31:37 -0700] "GET http://www.secrepo.com/honeypot/honeypot.json.zip HTTP/1.1" 200 23086050 "-" "Python-urllib/3.6" 
159.226.95.71 - - [20/Apr/2021:11:32:06 -0700] "GET http://www.secrepo.com/auth.log/auth.log.gz HTTP/1.1" 200 615642 "-" "Python-urllib/3.6" 
159.226.95.71 - - [20/Apr/2021:11:33:53 -0700] "GET http://www.secrepo.com/auth.log/auth.log.gz HTTP/1.1" 200 615642 "-" "Python-urllib/3.6" 
159.226.95.71 - - [20/Apr/2021:11:36:55 -0700] "GET http://www.secrepo.com/auth.log/auth.log.gz HTTP/1.1" 200 615642 "-" "Python-urllib/3.6" 
66.249.88.176 - - [20/Apr/2021:11:39:42 -0700] "GET / HTTP/1.1" 301 475 "-" "Mozilla/5.0 (X11; Linux x86_64) AppleWebKit/537.36 (KHTML, like Gecko) Chrome/49.0.2623.75 Safari/537.36 Google Favicon" 
66.249.88.127 - - [20/Apr/2021:11:39:42 -0700] "GET / HTTP/1.1" 200 12882 "-" "Mozilla/5.0 (X11; Linux x86_64) AppleWebKit/537.36 (KHTML, like Gecko) Chrome/49.0.2623.75 Safari/537.36 Google Favicon" 
66.249.88.96 - - [20/Apr/2021:11:39:42 -0700] "GET /bootstrap/img/favicon.ico HTTP/1.1" 200 713 "-" "Mozilla/5.0 (X11; Linux x86_64) AppleWebKit/537.36 (KHTML, like Gecko) Chrome/49.0.2623.75 Safari/537.36 Google Favicon" 
159.226.95.71 - - [20/Apr/2021:11:40:30 -0700] "GET http://www.secrepo.com/misc/zeus_dga_domains.txt.zip HTTP/1.1" 200 592344 "-" "Python-urllib/3.6" 
49.7.20.105 - - [20/Apr/2021:11:41:55 -0700] "GET / HTTP/1.1" 200 12845 "-" "Sogou web spider/4.0(+http://www.sogou.com/docs/help/webmasters.htm#07)" 
159.226.95.71 - - [20/Apr/2021:11:43:51 -0700] "GET http://www.secrepo.com/misc/zeus_dga_domains.txt.zip HTTP/1.1" 200 592344 "-" "Python-urllib/3.6" 
159.226.95.71 - - [20/Apr/2021:11:44:56 -0700] "GET http://www.secrepo.com/auth.log/auth.log.gz HTTP/1.1" 200 615642 "-" "Python-urllib/3.6" 
114.119.140.84 - - [20/Apr/2021:11:46:07 -0700] "GET /Datasets%20Description/HTML_Bro_log_1/conn.html HTTP/1.1" 200 2011 "-" "Mozilla/5.0 (Linux; Android 7.0;) AppleWebKit/537.36 (KHTML, like Gecko) Mobile Safari/537.36 (compatible; PetalBot;+https://webmaster.petalsearch.com/site/petalbot)" 
159.226.95.71 - - [20/Apr/2021:11:48:00 -0700] "GET http://www.secrepo.com/misc/zeus_dga_domains.txt.zip HTTP/1.1" 200 592344 "-" "Python-urllib/3.6" 
159.226.95.71 - - [20/Apr/2021:11:48:13 -0700] "GET http://www.secrepo.com/honeypot/honeypot.json.zip HTTP/1.1" 200 23086050 "-" "Python-urllib/3.6" 
159.226.95.71 - - [20/Apr/2021:11:48:27 -0700] "GET http://www.secrepo.com/misc/zeus_dga_domains.txt.zip HTTP/1.1" 200 592344 "-" "Python-urllib/3.6" 
114.119.159.101 - - [20/Apr/2021:11:48:29 -0700] "GET /self.logs/2015/error.log.2015-12-07.gz HTTP/1.1" 200 646 "-" "Mozilla/5.0 (Linux; Android 7.0;) AppleWebKit/537.36 (KHTML, like Gecko) Mobile Safari/537.36 (compatible; PetalBot;+https://webmaster.petalsearch.com/site/petalbot)" 
159.226.95.71 - - [20/Apr/2021:11:48:36 -0700] "GET http://www.secrepo.com/honeypot/honeypot.json.zip HTTP/1.1" 200 23086050 "-" "Python-urllib/3.6" 
159.226.95.71 - - [20/Apr/2021:11:48:59 -0700] "GET http://www.secrepo.com/honeypot/honeypot.json.zip HTTP/1.1" 200 23086050 "-" "Python-urllib/3.6" 
159.226.95.71 - - [20/Apr/2021:11:50:59 -0700] "GET http://www.secrepo.com/auth.log/auth.log.gz HTTP/1.1" 200 615642 "-" "Python-urllib/3.6" 
159.226.95.71 - - [20/Apr/2021:11:54:48 -0700] "GET http://www.secrepo.com/honeypot/honeypot.json.zip HTTP/1.1" 200 23086050 "-" "Python-urllib/3.6" 
159.226.95.71 - - [20/Apr/2021:11:55:03 -0700] "GET http://www.secrepo.com/misc/zeus_dga_domains.txt.zip HTTP/1.1" 200 592344 "-" "Python-urllib/3.6" 
