82.193.104.168 - - [19/Jul/2022:19:55:16 -0700] "GET /Datasets%20Description/HTML_Bro_log_1/conn.html HTTP/1.1" 200 1974 "-" "Mozilla/5.0 (compatible; Domains Project/1.3.7; +https://domainsproject.org)" 
82.193.104.168 - - [19/Jul/2022:19:55:16 -0700] "GET /Datasets%20Description/HTML_Bro_log_3/?C=S;O=A HTTP/1.1" 200 781 "-" "Mozilla/5.0 (compatible; Domains Project/1.3.7; +https://domainsproject.org)" 
82.193.104.168 - - [19/Jul/2022:19:55:17 -0700] "GET /Datasets%20Description/?C=M;O=A HTTP/1.1" 200 640 "-" "Mozilla/5.0 (compatible; Domains Project/1.3.7; +https://domainsproject.org)" 
82.193.104.168 - - [19/Jul/2022:19:55:17 -0700] "GET /Datasets%20Description/?C=N;O=A HTTP/1.1" 200 640 "-" "Mozilla/5.0 (compatible; Domains Project/1.3.7; +https://domainsproject.org)" 
82.193.104.168 - - [19/Jul/2022:19:55:17 -0700] "GET /Datasets%20Description/HTML_Bro_log_1/weird.html HTTP/1.1" 200 1900 "-" "Mozilla/5.0 (compatible; Domains Project/1.3.7; +https://domainsproject.org)" 
82.193.104.168 - - [19/Jul/2022:19:55:17 -0700] "GET /Datasets%20Description/HTML_Bro_log_1/dhcp.html HTTP/1.1" 200 1696 "-" "Mozilla/5.0 (compatible; Domains Project/1.3.7; +https://domainsproject.org)" 
103.104.103.201 - - [19/Jul/2022:19:57:45 -0700] "GET /e/data/js/ajax.js HTTP/1.1" 404 328 "-" "Mozilla/5.0 (Windows NT 10.0; WOW64; rv:48.0) Gecko/20100101 Firefox/48.0" 
157.55.39.88 - - [19/Jul/2022:20:02:16 -0700] "GET /self.logs/ HTTP/1.1" 200 37382 "-" "Mozilla/5.0 (compatible; bingbot/2.0; +http://www.bing.com/bingbot.htm)" 
34.206.152.150 - - [19/Jul/2022:20:02:54 -0700] "HEAD / HTTP/1.1" 301 186 "-" "DreamHost SiteMonitor 1.0" 
34.206.152.150 - - [19/Jul/2022:20:02:54 -0700] "HEAD / HTTP/1.1" 200 359 "http://66.33.221.139" "DreamHost SiteMonitor 1.0" 
34.206.152.150 - - [19/Jul/2022:20:12:54 -0700] "HEAD / HTTP/1.1" 301 186 "-" "DreamHost SiteMonitor 1.0" 
34.206.152.150 - - [19/Jul/2022:20:12:54 -0700] "HEAD / HTTP/1.1" 200 359 "http://66.33.221.139" "DreamHost SiteMonitor 1.0" 
218.94.96.132 - - [19/Jul/2022:20:19:08 -0700] "GET / HTTP/1.1" 200 13185 "-" "Mozilla/5.0 (Windows NT 10.0; Win64; x64) AppleWebKit/537.36 (KHTML, like Gecko) Chrome/102.0.0.0 Safari/537.36" 
218.94.96.132 - - [19/Jul/2022:20:19:09 -0700] "GET /css/style.css HTTP/1.1" 404 305 "http://www.secrepo.com/" "Mozilla/5.0 (Windows NT 10.0; Win64; x64) AppleWebKit/537.36 (KHTML, like Gecko) Chrome/102.0.0.0 Safari/537.36" 
218.94.96.132 - - [19/Jul/2022:20:19:09 -0700] "GET /twitter-icon.png HTTP/1.1" 200 27916 "http://www.secrepo.com/" "Mozilla/5.0 (Windows NT 10.0; Win64; x64) AppleWebKit/537.36 (KHTML, like Gecko) Chrome/102.0.0.0 Safari/537.36" 
218.94.96.132 - - [19/Jul/2022:20:19:09 -0700] "GET /GitHub-Mark.png HTTP/1.1" 200 7533 "http://www.secrepo.com/" "Mozilla/5.0 (Windows NT 10.0; Win64; x64) AppleWebKit/537.36 (KHTML, like Gecko) Chrome/102.0.0.0 Safari/537.36" 
40.77.167.2 - - [19/Jul/2022:20:19:09 -0700] "GET /self.logs/?C=M;O=A HTTP/1.1" 200 38904 "-" "Mozilla/5.0 (compatible; bingbot/2.0; +http://www.bing.com/bingbot.htm)" 
218.94.96.132 - - [19/Jul/2022:20:19:32 -0700] "GET /css/style.css HTTP/1.1" 404 328 "http://www.secrepo.com/" "Mozilla/5.0 (Windows NT 10.0; Win64; x64) AppleWebKit/537.36 (KHTML, like Gecko) Chrome/102.0.0.0 Safari/537.36" 
218.94.96.132 - - [19/Jul/2022:20:19:33 -0700] "GET /bootstrap/img/favicon.ico HTTP/1.1" 200 690 "http://www.secrepo.com/" "Mozilla/5.0 (Windows NT 10.0; Win64; x64) AppleWebKit/537.36 (KHTML, like Gecko) Chrome/102.0.0.0 Safari/537.36" 
218.94.96.132 - - [19/Jul/2022:20:19:46 -0700] "GET /data HTTP/1.1" 404 328 "http://www.secrepo.com/" "Mozilla/5.0 (Windows NT 10.0; Win64; x64) AppleWebKit/537.36 (KHTML, like Gecko) Chrome/102.0.0.0 Safari/537.36" 
34.206.152.150 - - [19/Jul/2022:20:22:54 -0700] "HEAD / HTTP/1.1" 301 186 "-" "DreamHost SiteMonitor 1.0" 
34.206.152.150 - - [19/Jul/2022:20:22:54 -0700] "HEAD / HTTP/1.1" 200 359 "http://66.33.221.139" "DreamHost SiteMonitor 1.0" 
218.94.96.132 - - [19/Jul/2022:20:19:26 -0700] "GET /pe_static/apt1.zip HTTP/1.1" 200 78840 "http://www.secrepo.com/" "Mozilla/5.0 (Windows NT 10.0; Win64; x64) AppleWebKit/537.36 (KHTML, like Gecko) Chrome/102.0.0.0 Safari/537.36" 
114.119.149.222 - - [19/Jul/2022:20:28:19 -0700] "GET /self.logs/error.log.2020-04-18 HTTP/1.1" 200 351 "http://www.secrepo.com/self.logs?C=N%3BO%3DD" "Mozilla/5.0 (Linux; Android 7.0;) AppleWebKit/537.36 (KHTML, like Gecko) Mobile Safari/537.36 (compatible; PetalBot;+https://webmaster.petalsearch.com/site/petalbot)" 
34.206.152.150 - - [19/Jul/2022:20:32:54 -0700] "HEAD / HTTP/1.1" 301 186 "-" "DreamHost SiteMonitor 1.0" 
34.206.152.150 - - [19/Jul/2022:20:32:54 -0700] "HEAD / HTTP/1.1" 200 359 "http://66.33.221.139" "DreamHost SiteMonitor 1.0" 
157.55.39.88 - - [19/Jul/2022:20:34:49 -0700] "GET /self.logs/ HTTP/1.1" 200 37382 "-" "Mozilla/5.0 (compatible; bingbot/2.0; +http://www.bing.com/bingbot.htm)" 
34.206.152.150 - - [19/Jul/2022:20:42:54 -0700] "HEAD / HTTP/1.1" 301 186 "-" "DreamHost SiteMonitor 1.0" 
34.206.152.150 - - [19/Jul/2022:20:42:54 -0700] "HEAD / HTTP/1.1" 200 359 "http://66.33.221.139" "DreamHost SiteMonitor 1.0" 
114.119.140.174 - - [19/Jul/2022:20:43:13 -0700] "GET /Datasets%20Description/HTML_Bro_log_2/weird.html HTTP/1.1" 200 1935 "http://www.secrepo.com/Datasets%20Description/HTML_Bro_log_2/" "Mozilla/5.0 (Linux; Android 7.0;) AppleWebKit/537.36 (KHTML, like Gecko) Mobile Safari/537.36 (compatible; PetalBot;+https://webmaster.petalsearch.com/site/petalbot)" 
34.206.152.150 - - [19/Jul/2022:20:52:54 -0700] "HEAD / HTTP/1.1" 301 186 "-" "DreamHost SiteMonitor 1.0" 
34.206.152.150 - - [19/Jul/2022:20:52:54 -0700] "HEAD / HTTP/1.1" 200 359 "http://66.33.221.139" "DreamHost SiteMonitor 1.0" 
34.206.152.150 - - [19/Jul/2022:21:02:54 -0700] "HEAD / HTTP/1.1" 301 186 "-" "DreamHost SiteMonitor 1.0" 
34.206.152.150 - - [19/Jul/2022:21:02:54 -0700] "HEAD / HTTP/1.1" 200 359 "http://66.33.221.139" "DreamHost SiteMonitor 1.0" 
157.55.39.88 - - [19/Jul/2022:21:07:22 -0700] "GET /self.logs/ HTTP/1.1" 200 37382 "-" "Mozilla/5.0 (compatible; bingbot/2.0; +http://www.bing.com/bingbot.htm)" 
34.206.152.150 - - [19/Jul/2022:21:12:54 -0700] "HEAD / HTTP/1.1" 301 186 "-" "DreamHost SiteMonitor 1.0" 
34.206.152.150 - - [19/Jul/2022:21:12:54 -0700] "HEAD / HTTP/1.1" 200 359 "http://66.33.221.139" "DreamHost SiteMonitor 1.0" 
114.111.30.116 - - [19/Jul/2022:21:13:12 -0700] "GET / HTTP/1.1" 200 13186 "http://www.baidu.com/" "Mozilla/5.0 (Windows NT 6.1; WOW64; rv:43.0) Gecko/20100101 Firefox/43.0" 
114.111.30.116 - - [19/Jul/2022:21:13:14 -0700] "GET /css/style.css HTTP/1.1" 404 305 "http://www.secrepo.com/" "Mozilla/5.0 (Windows NT 6.1; WOW64; rv:43.0) Gecko/20100101 Firefox/43.0" 
51.222.253.18 - - [19/Jul/2022:21:16:22 -0700] "GET /self.logs/2016/?C=M;O=D HTTP/1.1" 200 8251 "-" "Mozilla/5.0 (compatible; AhrefsBot/7.0; +http://ahrefs.com/robot/)" 
136.226.254.248 - - [19/Jul/2022:21:19:31 -0700] "GET /maccdc2012/http.log.gz HTTP/1.1" 200 56420988 "-" "Mozilla/5.0 (Windows NT 10.0; Win64; x64) AppleWebKit/537.36 (KHTML, like Gecko) Chrome/103.0.0.0 Safari/537.36" 
103.104.103.201 - - [19/Jul/2022:21:22:43 -0700] "GET /data/admin/allowurl.txt HTTP/1.1" 404 328 "-" "Mozilla/5.0 (Windows NT 10.0; WOW64; rv:48.0) Gecko/20100101 Firefox/48.0" 
34.206.152.150 - - [19/Jul/2022:21:22:54 -0700] "HEAD / HTTP/1.1" 301 186 "-" "DreamHost SiteMonitor 1.0" 
34.206.152.150 - - [19/Jul/2022:21:22:54 -0700] "HEAD / HTTP/1.1" 200 359 "http://66.33.221.139" "DreamHost SiteMonitor 1.0" 
99.127.43.64 - - [19/Jul/2022:21:25:32 -0700] "GET / HTTP/1.1" 200 13186 "-" "Mozilla/5.0 (Macintosh; Intel Mac OS X 10_15_7) AppleWebKit/537.36 (KHTML, like Gecko) Chrome/103.0.0.0 Safari/537.36" 
99.127.43.64 - - [19/Jul/2022:21:25:32 -0700] "GET /css/style.css HTTP/1.1" 404 305 "http://www.secrepo.com/" "Mozilla/5.0 (Macintosh; Intel Mac OS X 10_15_7) AppleWebKit/537.36 (KHTML, like Gecko) Chrome/103.0.0.0 Safari/537.36" 
99.127.43.64 - - [19/Jul/2022:21:25:32 -0700] "GET /twitter-icon.png HTTP/1.1" 200 27893 "http://www.secrepo.com/" "Mozilla/5.0 (Macintosh; Intel Mac OS X 10_15_7) AppleWebKit/537.36 (KHTML, like Gecko) Chrome/103.0.0.0 Safari/537.36" 
99.127.43.64 - - [19/Jul/2022:21:25:32 -0700] "GET /GitHub-Mark.png HTTP/1.1" 200 7556 "http://www.secrepo.com/" "Mozilla/5.0 (Macintosh; Intel Mac OS X 10_15_7) AppleWebKit/537.36 (KHTML, like Gecko) Chrome/103.0.0.0 Safari/537.36" 
99.127.43.64 - - [19/Jul/2022:21:25:34 -0700] "GET /bootstrap/img/favicon.ico HTTP/1.1" 200 690 "http://www.secrepo.com/" "Mozilla/5.0 (Macintosh; Intel Mac OS X 10_15_7) AppleWebKit/537.36 (KHTML, like Gecko) Chrome/103.0.0.0 Safari/537.36" 
107.167.47.154 - - [19/Jul/2022:21:26:26 -0700] "GET /data/admin/allowurl.txt HTTP/1.1" 404 328 "-" "Mozilla/5.0 (Windows NT 10.0; WOW64; rv:48.0) Gecko/20100101 Firefox/48.0" 
114.119.149.218 - - [19/Jul/2022:21:28:04 -0700] "GET /self.logs/error.log.2020-01-31 HTTP/1.1" 200 351 "http://www.secrepo.com/self.logs?C=N%3BO%3DD" "Mozilla/5.0 (Linux; Android 7.0;) AppleWebKit/537.36 (KHTML, like Gecko) Mobile Safari/537.36 (compatible; PetalBot;+https://webmaster.petalsearch.com/site/petalbot)" 
171.252.227.66 - - [19/Jul/2022:21:29:40 -0700] "GET / HTTP/1.1" 200 13186 "-" "Mozilla/5.0 (Windows NT 10.0; Win64; x64) AppleWebKit/537.36 (KHTML, like Gecko) Chrome/103.0.5060.114 Safari/537.36 Edg/103.0.1264.62" 
171.252.227.66 - - [19/Jul/2022:21:29:40 -0700] "GET /css/style.css HTTP/1.1" 404 305 "http://www.secrepo.com/" "Mozilla/5.0 (Windows NT 10.0; Win64; x64) AppleWebKit/537.36 (KHTML, like Gecko) Chrome/103.0.5060.114 Safari/537.36 Edg/103.0.1264.62" 
171.252.227.66 - - [19/Jul/2022:21:29:41 -0700] "GET /GitHub-Mark.png HTTP/1.1" 200 7533 "http://www.secrepo.com/" "Mozilla/5.0 (Windows NT 10.0; Win64; x64) AppleWebKit/537.36 (KHTML, like Gecko) Chrome/103.0.5060.114 Safari/537.36 Edg/103.0.1264.62" 
171.252.227.66 - - [19/Jul/2022:21:29:41 -0700] "GET /twitter-icon.png HTTP/1.1" 200 27916 "http://www.secrepo.com/" "Mozilla/5.0 (Windows NT 10.0; Win64; x64) AppleWebKit/537.36 (KHTML, like Gecko) Chrome/103.0.5060.114 Safari/537.36 Edg/103.0.1264.62" 
171.252.227.66 - - [19/Jul/2022:21:29:41 -0700] "GET /bootstrap/img/favicon.ico HTTP/1.1" 200 690 "http://www.secrepo.com/" "Mozilla/5.0 (Windows NT 10.0; Win64; x64) AppleWebKit/537.36 (KHTML, like Gecko) Chrome/103.0.5060.114 Safari/537.36 Edg/103.0.1264.62" 
34.206.152.150 - - [19/Jul/2022:21:32:54 -0700] "HEAD / HTTP/1.1" 301 186 "-" "DreamHost SiteMonitor 1.0" 
34.206.152.150 - - [19/Jul/2022:21:32:54 -0700] "HEAD / HTTP/1.1" 200 359 "http://66.33.221.139" "DreamHost SiteMonitor 1.0" 
114.119.149.237 - - [19/Jul/2022:21:33:50 -0700] "GET /self.logs/error.log.2020-11-22 HTTP/1.1" 200 351 "http://www.secrepo.com/self.logs?C=N%3BO%3DD" "Mozilla/5.0 (Linux; Android 7.0;) AppleWebKit/537.36 (KHTML, like Gecko) Mobile Safari/537.36 (compatible; PetalBot;+https://webmaster.petalsearch.com/site/petalbot)" 
157.55.39.88 - - [19/Jul/2022:21:41:25 -0700] "GET /self.logs/ HTTP/1.1" 200 37382 "-" "Mozilla/5.0 (compatible; bingbot/2.0; +http://www.bing.com/bingbot.htm)" 
34.206.152.150 - - [19/Jul/2022:21:42:54 -0700] "HEAD / HTTP/1.1" 301 186 "-" "DreamHost SiteMonitor 1.0" 
34.206.152.150 - - [19/Jul/2022:21:42:54 -0700] "HEAD / HTTP/1.1" 200 359 "http://66.33.221.139" "DreamHost SiteMonitor 1.0" 
51.222.253.8 - - [19/Jul/2022:21:43:37 -0700] "GET /Datasets%20Description/Network/?C=S;O=A HTTP/1.1" 200 722 "-" "Mozilla/5.0 (compatible; AhrefsBot/7.0; +http://ahrefs.com/robot/)" 
73.117.49.31 - - [19/Jul/2022:21:45:29 -0700] "GET /favicon.ico HTTP/1.1" 200 391 "-" "Mozilla/5.0 (Windows NT 10.0; WOW64) AppleWebKit/537.36 (KHTML, like Gecko) Chrome/86.0.4240.198 Safari/537.36" 
103.104.103.201 - - [19/Jul/2022:21:50:36 -0700] "GET /e/data/js/ajax.js HTTP/1.1" 404 328 "-" "Mozilla/5.0 (Windows NT 10.0; WOW64; rv:48.0) Gecko/20100101 Firefox/48.0" 
34.206.152.150 - - [19/Jul/2022:21:52:54 -0700] "HEAD / HTTP/1.1" 301 186 "-" "DreamHost SiteMonitor 1.0" 
34.206.152.150 - - [19/Jul/2022:21:52:54 -0700] "HEAD / HTTP/1.1" 200 359 "http://66.33.221.139" "DreamHost SiteMonitor 1.0" 
107.167.47.154 - - [19/Jul/2022:21:57:24 -0700] "GET /data/admin/allowurl.txt HTTP/1.1" 404 328 "-" "Mozilla/5.0 (Windows NT 10.0; WOW64; rv:48.0) Gecko/20100101 Firefox/48.0" 
34.206.152.150 - - [19/Jul/2022:22:02:54 -0700] "HEAD / HTTP/1.1" 301 186 "-" "DreamHost SiteMonitor 1.0" 
34.206.152.150 - - [19/Jul/2022:22:02:54 -0700] "HEAD / HTTP/1.1" 200 359 "http://66.33.221.139" "DreamHost SiteMonitor 1.0" 
114.119.149.218 - - [19/Jul/2022:22:08:21 -0700] "GET /self.logs/error.log.2020-10-17 HTTP/1.1" 200 351 "http://www.secrepo.com/self.logs?C=N%3BO%3DD" "Mozilla/5.0 (Linux; Android 7.0;) AppleWebKit/537.36 (KHTML, like Gecko) Mobile Safari/537.36 (compatible; PetalBot;+https://webmaster.petalsearch.com/site/petalbot)" 
222.186.175.117 - - [19/Jul/2022:22:09:57 -0700] "GET / HTTP/1.1" 200 13187 "http://www.SecRepo.com" "Mozilla/5.0 (Windows NT 10.0; Win64; x64) AppleWebKit/537.36 (KHTML, like Gecko) Chrome/87.0.4280.67 Safari/537.36 Edg/87.0.664.52" 
34.206.152.150 - - [19/Jul/2022:22:12:54 -0700] "HEAD / HTTP/1.1" 301 186 "-" "DreamHost SiteMonitor 1.0" 
34.206.152.150 - - [19/Jul/2022:22:12:54 -0700] "HEAD / HTTP/1.1" 200 359 "http://66.33.221.139" "DreamHost SiteMonitor 1.0" 
157.55.39.88 - - [19/Jul/2022:22:13:58 -0700] "GET /self.logs/ HTTP/1.1" 200 37382 "-" "Mozilla/5.0 (compatible; bingbot/2.0; +http://www.bing.com/bingbot.htm)" 
114.119.149.237 - - [19/Jul/2022:22:14:24 -0700] "GET /Datasets%20Description/HTML_Bro_log_1/packet_filter.html HTTP/1.1" 200 1725 "http://www.secrepo.com/Datasets%20Description/HTML_Bro_log_1?C=N%3BO%3DD" "Mozilla/5.0 (Linux; Android 7.0;) AppleWebKit/537.36 (KHTML, like Gecko) Mobile Safari/537.36 (compatible; PetalBot;+https://webmaster.petalsearch.com/site/petalbot)" 
66.249.74.113 - - [19/Jul/2022:22:19:29 -0700] "GET /css/style.css HTTP/1.1" 404 328 "http://www.secrepo.com/?t=1&cn=ZmxleGlibGVfcmVjc18y&refsrc=email&iid=2572d65d1a814c138a77f3b60465fe37&uid=30635594&nid=244+272699400" "Mozilla/5.0 AppleWebKit/537.36 (KHTML, like Gecko; compatible; Googlebot/2.1; +http://www.google.com/bot.html) Chrome/103.0.5060.114 Safari/537.36" 
103.104.103.201 - - [19/Jul/2022:22:19:50 -0700] "GET /data/admin/allowurl.txt HTTP/1.1" 404 328 "-" "Mozilla/5.0 (Windows NT 10.0; WOW64; rv:48.0) Gecko/20100101 Firefox/48.0" 
34.206.152.150 - - [19/Jul/2022:22:22:54 -0700] "HEAD / HTTP/1.1" 301 186 "-" "DreamHost SiteMonitor 1.0" 
34.206.152.150 - - [19/Jul/2022:22:22:54 -0700] "HEAD / HTTP/1.1" 200 359 "http://66.33.221.139" "DreamHost SiteMonitor 1.0" 
18.232.31.126 - - [19/Jul/2022:22:25:40 -0700] "GET / HTTP/1.1" 200 13142 "-" "Mozilla/5.0 (compatible; startmebot/1.0; +https://start.me/bot)" 
34.206.152.150 - - [19/Jul/2022:22:32:54 -0700] "HEAD / HTTP/1.1" 301 186 "-" "DreamHost SiteMonitor 1.0" 
34.206.152.150 - - [19/Jul/2022:22:32:54 -0700] "HEAD / HTTP/1.1" 200 359 "http://66.33.221.139" "DreamHost SiteMonitor 1.0" 
114.119.140.174 - - [19/Jul/2022:22:40:24 -0700] "GET /self.logs/error.log.2020-06-16 HTTP/1.1" 200 351 "http://www.secrepo.com/self.logs?C=N%3BO%3DD" "Mozilla/5.0 (Linux; Android 7.0;) AppleWebKit/537.36 (KHTML, like Gecko) Mobile Safari/537.36 (compatible; PetalBot;+https://webmaster.petalsearch.com/site/petalbot)" 
51.222.253.9 - - [19/Jul/2022:22:40:33 -0700] "GET /robots.txt HTTP/1.1" 200 333 "-" "Mozilla/5.0 (compatible; AhrefsBot/7.0; +http://ahrefs.com/robot/)" 
51.222.253.16 - - [19/Jul/2022:22:41:36 -0700] "GET /self.logs/ HTTP/1.1" 200 37338 "-" "Mozilla/5.0 (compatible; AhrefsBot/7.0; +http://ahrefs.com/robot/)" 
34.206.152.150 - - [19/Jul/2022:22:42:54 -0700] "HEAD / HTTP/1.1" 301 186 "-" "DreamHost SiteMonitor 1.0" 
34.206.152.150 - - [19/Jul/2022:22:42:54 -0700] "HEAD / HTTP/1.1" 200 359 "http://66.33.221.139" "DreamHost SiteMonitor 1.0" 
103.68.62.69 - - [19/Jul/2022:22:44:33 -0700] "GET /ajax/FileUpload/JQueryUploadify.aspx?uid=sKRfiTcJ&folder=/ HTTP/1.1" 404 328 "-" "Mozilla/5.0 (Windows NT 10.0; WOW64; rv:48.0) Gecko/20100101 Firefox/48.0" 
114.119.148.174 - - [19/Jul/2022:22:46:12 -0700] "GET /robots.txt HTTP/1.1" 301 495 "-" "Mozilla/5.0 (compatible;PetalBot;+https://webmaster.petalsearch.com/site/petalbot)" 
114.119.148.174 - - [19/Jul/2022:22:46:19 -0700] "GET /robots.txt HTTP/1.1" 200 377 "-" "Mozilla/5.0 (compatible;PetalBot;+https://webmaster.petalsearch.com/site/petalbot)" 
114.119.149.218 - - [19/Jul/2022:22:46:20 -0700] "GET /self.logs/error.log.2020-11-15 HTTP/1.1" 200 351 "http://www.secrepo.com/self.logs?C=N%3BO%3DD" "Mozilla/5.0 (Linux; Android 7.0;) AppleWebKit/537.36 (KHTML, like Gecko) Mobile Safari/537.36 (compatible; PetalBot;+https://webmaster.petalsearch.com/site/petalbot)" 
157.55.39.88 - - [19/Jul/2022:22:47:02 -0700] "GET /self.logs/ HTTP/1.1" 200 37382 "-" "Mozilla/5.0 (compatible; bingbot/2.0; +http://www.bing.com/bingbot.htm)" 
52.229.222.36 - - [19/Jul/2022:22:51:07 -0700] "GET /data/admin/allowurl.txt HTTP/1.1" 404 328 "-" "Mozilla/5.0 (Windows NT 10.0; WOW64; rv:48.0) Gecko/20100101 Firefox/48.0" 
34.206.152.150 - - [19/Jul/2022:22:52:54 -0700] "HEAD / HTTP/1.1" 301 186 "-" "DreamHost SiteMonitor 1.0" 
34.206.152.150 - - [19/Jul/2022:22:52:54 -0700] "HEAD / HTTP/1.1" 200 359 "http://66.33.221.139" "DreamHost SiteMonitor 1.0" 
211.75.12.108 - - [19/Jul/2022:23:01:20 -0700] "GET / HTTP/1.1" 200 13187 "-" "Mozilla/5.0 (Windows NT 6.1; Win64; x64) AppleWebKit/537.36 (KHTML, like Gecko) Chrome/103.0.0.0 Safari/537.36" 
211.75.12.108 - - [19/Jul/2022:23:01:25 -0700] "GET /css/style.css HTTP/1.1" 404 305 "http://www.secrepo.com/" "Mozilla/5.0 (Windows NT 6.1; Win64; x64) AppleWebKit/537.36 (KHTML, like Gecko) Chrome/103.0.0.0 Safari/537.36" 
211.75.12.108 - - [19/Jul/2022:23:01:25 -0700] "GET /twitter-icon.png HTTP/1.1" 200 27893 "http://www.secrepo.com/" "Mozilla/5.0 (Windows NT 6.1; Win64; x64) AppleWebKit/537.36 (KHTML, like Gecko) Chrome/103.0.0.0 Safari/537.36" 
211.75.12.108 - - [19/Jul/2022:23:01:25 -0700] "GET /GitHub-Mark.png HTTP/1.1" 200 7556 "http://www.secrepo.com/" "Mozilla/5.0 (Windows NT 6.1; Win64; x64) AppleWebKit/537.36 (KHTML, like Gecko) Chrome/103.0.0.0 Safari/537.36" 
211.75.12.108 - - [19/Jul/2022:23:01:26 -0700] "GET /bootstrap/img/favicon.ico HTTP/1.1" 200 690 "http://www.secrepo.com/" "Mozilla/5.0 (Windows NT 6.1; Win64; x64) AppleWebKit/537.36 (KHTML, like Gecko) Chrome/103.0.0.0 Safari/537.36" 
34.206.152.150 - - [19/Jul/2022:23:02:54 -0700] "HEAD / HTTP/1.1" 301 186 "-" "DreamHost SiteMonitor 1.0" 
34.206.152.150 - - [19/Jul/2022:23:02:54 -0700] "HEAD / HTTP/1.1" 200 359 "http://66.33.221.139" "DreamHost SiteMonitor 1.0" 
118.184.177.112 - - [19/Jul/2022:23:08:30 -0700] "GET / HTTP/1.1" 200 13150 "-" "Sogou web spider/4.0(+http://www.sogou.com/docs/help/webmasters.htm#07)" 
114.119.149.218 - - [19/Jul/2022:23:09:56 -0700] "GET /self.logs/error.log.2020-06-07 HTTP/1.1" 200 351 "http://www.secrepo.com/self.logs?C=N%3BO%3DD" "Mozilla/5.0 (Linux; Android 7.0;) AppleWebKit/537.36 (KHTML, like Gecko) Mobile Safari/537.36 (compatible; PetalBot;+https://webmaster.petalsearch.com/site/petalbot)" 
34.206.152.150 - - [19/Jul/2022:23:12:54 -0700] "HEAD / HTTP/1.1" 301 186 "-" "DreamHost SiteMonitor 1.0" 
34.206.152.150 - - [19/Jul/2022:23:12:54 -0700] "HEAD / HTTP/1.1" 200 359 "http://66.33.221.139" "DreamHost SiteMonitor 1.0" 
61.135.159.158 - - [19/Jul/2022:23:17:20 -0700] "GET / HTTP/1.1" 301 438 "-" "Sogou web spider/4.0(+http://www.sogou.com/docs/help/webmasters.htm#07)" 
61.135.159.216 - - [19/Jul/2022:23:19:01 -0700] "GET / HTTP/1.1" 200 13150 "-" "Sogou web spider/4.0(+http://www.sogou.com/docs/help/webmasters.htm#07)" 
157.55.39.88 - - [19/Jul/2022:23:19:25 -0700] "GET /self.logs/ HTTP/1.1" 200 37382 "-" "Mozilla/5.0 (compatible; bingbot/2.0; +http://www.bing.com/bingbot.htm)" 
34.206.152.150 - - [19/Jul/2022:23:22:54 -0700] "HEAD / HTTP/1.1" 301 186 "-" "DreamHost SiteMonitor 1.0" 
34.206.152.150 - - [19/Jul/2022:23:22:54 -0700] "HEAD / HTTP/1.1" 200 359 "http://66.33.221.139" "DreamHost SiteMonitor 1.0" 
34.206.152.150 - - [19/Jul/2022:23:32:54 -0700] "HEAD / HTTP/1.1" 301 186 "-" "DreamHost SiteMonitor 1.0" 
34.206.152.150 - - [19/Jul/2022:23:32:54 -0700] "HEAD / HTTP/1.1" 200 359 "http://66.33.221.139" "DreamHost SiteMonitor 1.0" 
45.130.81.85 - - [19/Jul/2022:23:39:53 -0700] "HEAD /restore/backup.gz HTTP/1.1" 301 184 "-" "-" 
45.130.81.85 - - [19/Jul/2022:23:39:53 -0700] "HEAD /restore/backup.gz HTTP/1.1" 404 265 "-" "-" 
89.38.224.165 - - [19/Jul/2022:23:41:44 -0700] "HEAD /website.zip HTTP/1.1" 301 178 "-" "-" 
89.38.224.165 - - [19/Jul/2022:23:41:44 -0700] "HEAD /website.zip HTTP/1.1" 404 265 "-" "-" 
45.92.228.105 - - [19/Jul/2022:23:41:46 -0700] "HEAD /bak/sql.sql HTTP/1.1" 301 178 "-" "-" 
45.92.228.105 - - [19/Jul/2022:23:41:47 -0700] "HEAD /bak/sql.sql HTTP/1.1" 404 265 "-" "-" 
82.118.30.66 - - [19/Jul/2022:23:41:54 -0700] "HEAD /website.tar HTTP/1.1" 301 178 "-" "-" 
82.118.30.66 - - [19/Jul/2022:23:41:55 -0700] "HEAD /website.tar HTTP/1.1" 404 265 "-" "-" 
34.206.152.150 - - [19/Jul/2022:23:42:54 -0700] "HEAD / HTTP/1.1" 301 186 "-" "DreamHost SiteMonitor 1.0" 
34.206.152.150 - - [19/Jul/2022:23:42:54 -0700] "HEAD / HTTP/1.1" 200 359 "http://66.33.221.139" "DreamHost SiteMonitor 1.0" 
82.118.30.66 - - [19/Jul/2022:23:43:43 -0700] "HEAD /back/secrepo.com.zip HTTP/1.1" 301 187 "-" "-" 
82.118.30.66 - - [19/Jul/2022:23:43:43 -0700] "HEAD /back/secrepo.com.zip HTTP/1.1" 404 265 "-" "-" 
194.169.217.235 - - [19/Jul/2022:23:43:44 -0700] "HEAD /old/website.tar HTTP/1.1" 301 182 "-" "-" 
194.169.217.235 - - [19/Jul/2022:23:43:44 -0700] "HEAD /old/website.tar HTTP/1.1" 404 265 "-" "-" 
89.38.224.165 - - [19/Jul/2022:23:43:53 -0700] "HEAD /backup/backup.sql.zip HTTP/1.1" 301 188 "-" "-" 
89.38.224.165 - - [19/Jul/2022:23:43:54 -0700] "HEAD /backup/backup.sql.zip HTTP/1.1" 404 265 "-" "-" 
176.98.220.50 - - [19/Jul/2022:23:45:25 -0700] "GET /twitter-icon.png HTTP/1.1" 200 27916 "-" "Mozilla/5.0 (Windows NT 10.0; Win64; x64; rv:102.0) Gecko/20100101 Firefox/102.0" 
176.98.220.50 - - [19/Jul/2022:23:45:25 -0700] "GET /GitHub-Mark.png HTTP/1.1" 200 7556 "-" "Mozilla/5.0 (Windows NT 10.0; Win64; x64; rv:102.0) Gecko/20100101 Firefox/102.0" 
91.219.238.230 - - [19/Jul/2022:23:45:28 -0700] "HEAD /wallet.dat HTTP/1.1" 301 177 "-" "-" 
91.219.238.230 - - [19/Jul/2022:23:45:28 -0700] "HEAD /wallet.dat HTTP/1.1" 404 265 "-" "-" 
194.169.217.215 - - [19/Jul/2022:23:45:40 -0700] "HEAD /archive.zip HTTP/1.1" 301 178 "-" "-" 
194.169.217.215 - - [19/Jul/2022:23:45:40 -0700] "HEAD /archive.zip HTTP/1.1" 404 265 "-" "-" 
194.169.217.215 - - [19/Jul/2022:23:48:41 -0700] "HEAD /bak/website.tar.gz HTTP/1.1" 301 185 "-" "-" 
194.169.217.215 - - [19/Jul/2022:23:48:42 -0700] "HEAD /bak/website.tar.gz HTTP/1.1" 404 265 "-" "-" 
45.67.99.3 - - [19/Jul/2022:23:48:45 -0700] "HEAD /back/Archive.zip HTTP/1.1" 301 183 "-" "-" 
45.67.99.3 - - [19/Jul/2022:23:48:45 -0700] "HEAD /back/Archive.zip HTTP/1.1" 404 265 "-" "-" 
45.130.81.71 - - [19/Jul/2022:23:52:18 -0700] "HEAD /back/public_html.tar.gz HTTP/1.1" 301 190 "-" "-" 
45.130.81.71 - - [19/Jul/2022:23:52:18 -0700] "HEAD /back/public_html.tar.gz HTTP/1.1" 404 265 "-" "-" 
157.55.39.88 - - [19/Jul/2022:23:52:18 -0700] "GET /self.logs/ HTTP/1.1" 200 37382 "-" "Mozilla/5.0 (compatible; bingbot/2.0; +http://www.bing.com/bingbot.htm)" 
34.206.152.150 - - [19/Jul/2022:23:52:54 -0700] "HEAD / HTTP/1.1" 301 186 "-" "DreamHost SiteMonitor 1.0" 
34.206.152.150 - - [19/Jul/2022:23:52:54 -0700] "HEAD / HTTP/1.1" 200 359 "http://66.33.221.139" "DreamHost SiteMonitor 1.0" 
45.92.228.143 - - [19/Jul/2022:23:52:57 -0700] "HEAD /back/backup.sql.zip HTTP/1.1" 301 186 "-" "-" 
45.92.228.143 - - [19/Jul/2022:23:52:57 -0700] "HEAD /back/backup.sql.zip HTTP/1.1" 404 265 "-" "-" 
45.92.228.105 - - [19/Jul/2022:23:54:45 -0700] "HEAD /bak.tar HTTP/1.1" 301 174 "-" "-" 
45.92.228.105 - - [19/Jul/2022:23:54:45 -0700] "HEAD /bak.tar HTTP/1.1" 404 265 "-" "-" 
212.30.33.50 - - [19/Jul/2022:23:55:23 -0700] "HEAD /bak/backup.zip HTTP/1.1" 301 181 "-" "-" 
212.30.33.50 - - [19/Jul/2022:23:55:24 -0700] "HEAD /bak/backup.zip HTTP/1.1" 404 265 "-" "-" 
82.118.30.7 - - [19/Jul/2022:23:55:58 -0700] "HEAD /sftp-config.json HTTP/1.1" 301 183 "-" "-" 
82.118.30.7 - - [19/Jul/2022:23:55:59 -0700] "HEAD /sftp-config.json HTTP/1.1" 404 265 "-" "-" 
82.118.30.62 - - [19/Jul/2022:23:56:00 -0700] "HEAD /backup/mysql.sql HTTP/1.1" 301 183 "-" "-" 
82.118.30.62 - - [19/Jul/2022:23:56:01 -0700] "HEAD /backup/mysql.sql HTTP/1.1" 404 265 "-" "-" 
194.169.217.218 - - [19/Jul/2022:23:57:27 -0700] "HEAD /back/www.gz HTTP/1.1" 301 178 "-" "-" 
194.169.217.218 - - [19/Jul/2022:23:57:27 -0700] "HEAD /back/www.gz HTTP/1.1" 404 265 "-" "-" 
45.91.20.55 - - [19/Jul/2022:23:58:19 -0700] "HEAD /restore/bak.tar.gz HTTP/1.1" 301 185 "-" "-" 
45.91.20.55 - - [19/Jul/2022:23:58:20 -0700] "HEAD /restore/bak.tar.gz HTTP/1.1" 404 265 "-" "-" 
194.169.217.218 - - [19/Jul/2022:23:59:01 -0700] "HEAD /public_html.gz HTTP/1.1" 301 181 "-" "-" 
194.169.217.218 - - [19/Jul/2022:23:59:01 -0700] "HEAD /public_html.gz HTTP/1.1" 404 265 "-" "-" 
198.182.50.13 - - [19/Jul/2022:23:59:35 -0700] "GET /favicon.ico HTTP/1.1" 200 391 "-" "Mozilla/5.0 (Windows NT 10.0; WOW64) AppleWebKit/537.36 (KHTML, like Gecko) Chrome/86.0.4240.198 Safari/537.36" 
91.219.238.230 - - [19/Jul/2022:23:59:44 -0700] "HEAD /backups/directory.rar HTTP/1.1" 301 188 "-" "-" 
91.219.238.230 - - [19/Jul/2022:23:59:44 -0700] "HEAD /backups/directory.rar HTTP/1.1" 404 265 "-" "-" 
45.92.228.143 - - [19/Jul/2022:23:59:57 -0700] "HEAD /bak/secrepo.com.gz HTTP/1.1" 301 185 "-" "-" 
45.92.228.143 - - [19/Jul/2022:23:59:58 -0700] "HEAD /bak/secrepo.com.gz HTTP/1.1" 404 265 "-" "-" 
45.130.81.106 - - [20/Jul/2022:00:00:26 -0700] "HEAD /old/www.gz HTTP/1.1" 301 177 "-" "-" 
45.130.81.106 - - [20/Jul/2022:00:00:26 -0700] "HEAD /old/www.gz HTTP/1.1" 404 265 "-" "-" 
89.38.224.165 - - [20/Jul/2022:00:01:26 -0700] "HEAD /bak/index.zip HTTP/1.1" 301 180 "-" "-" 
89.38.224.165 - - [20/Jul/2022:00:01:26 -0700] "HEAD /bak/index.zip HTTP/1.1" 404 265 "-" "-" 
212.30.36.12 - - [20/Jul/2022:00:02:21 -0700] "HEAD /back/directory.rar HTTP/1.1" 301 185 "-" "-" 
212.30.36.12 - - [20/Jul/2022:00:02:21 -0700] "HEAD /back/directory.rar HTTP/1.1" 404 265 "-" "-" 
34.206.152.150 - - [20/Jul/2022:00:02:54 -0700] "HEAD / HTTP/1.1" 301 186 "-" "DreamHost SiteMonitor 1.0" 
34.206.152.150 - - [20/Jul/2022:00:02:54 -0700] "HEAD / HTTP/1.1" 200 359 "http://66.33.221.139" "DreamHost SiteMonitor 1.0" 
45.92.228.105 - - [20/Jul/2022:00:03:03 -0700] "HEAD /bak/backup.sql.zip HTTP/1.1" 301 185 "-" "-" 
45.92.228.105 - - [20/Jul/2022:00:03:04 -0700] "HEAD /bak/backup.sql.zip HTTP/1.1" 404 265 "-" "-" 
212.30.36.12 - - [20/Jul/2022:00:05:32 -0700] "HEAD /old/www.tar HTTP/1.1" 301 178 "-" "-" 
212.30.36.12 - - [20/Jul/2022:00:05:32 -0700] "HEAD /old/www.tar HTTP/1.1" 404 265 "-" "-" 
194.169.217.209 - - [20/Jul/2022:00:06:02 -0700] "HEAD /restore/directory.gz HTTP/1.1" 301 187 "-" "-" 
194.169.217.209 - - [20/Jul/2022:00:06:02 -0700] "HEAD /restore/directory.gz HTTP/1.1" 404 265 "-" "-" 
194.169.217.236 - - [20/Jul/2022:00:07:23 -0700] "HEAD /restore/backup.tar HTTP/1.1" 301 185 "-" "-" 
194.169.217.236 - - [20/Jul/2022:00:07:23 -0700] "HEAD /restore/backup.tar HTTP/1.1" 404 265 "-" "-" 
51.222.253.5 - - [20/Jul/2022:00:07:32 -0700] "GET / HTTP/1.1" 200 13139 "-" "Mozilla/5.0 (compatible; AhrefsBot/7.0; +http://ahrefs.com/robot/)" 
85.203.45.183 - - [20/Jul/2022:00:08:33 -0700] "HEAD /old/credentials.txt HTTP/1.1" 301 186 "-" "-" 
85.203.45.183 - - [20/Jul/2022:00:08:34 -0700] "HEAD /old/credentials.txt HTTP/1.1" 404 265 "-" "-" 
194.169.217.209 - - [20/Jul/2022:00:11:26 -0700] "HEAD /backup/www.sql HTTP/1.1" 301 181 "-" "-" 
194.169.217.209 - - [20/Jul/2022:00:11:26 -0700] "HEAD /backup/www.sql HTTP/1.1" 404 265 "-" "-" 
34.206.152.150 - - [20/Jul/2022:00:12:54 -0700] "HEAD / HTTP/1.1" 301 186 "-" "DreamHost SiteMonitor 1.0" 
34.206.152.150 - - [20/Jul/2022:00:12:54 -0700] "HEAD / HTTP/1.1" 200 359 "http://66.33.221.139" "DreamHost SiteMonitor 1.0" 
45.92.228.143 - - [20/Jul/2022:00:13:12 -0700] "HEAD /old/mysql.sql HTTP/1.1" 301 180 "-" "-" 
45.92.228.143 - - [20/Jul/2022:00:13:12 -0700] "HEAD /old/mysql.sql HTTP/1.1" 404 265 "-" "-" 
45.92.228.143 - - [20/Jul/2022:00:13:59 -0700] "HEAD /backup/backup.sql.gz HTTP/1.1" 301 187 "-" "-" 
45.92.228.143 - - [20/Jul/2022:00:13:59 -0700] "HEAD /backup/backup.sql.gz HTTP/1.1" 404 265 "-" "-" 
212.30.36.12 - - [20/Jul/2022:00:14:31 -0700] "HEAD /back/index.zip HTTP/1.1" 301 181 "-" "-" 
212.30.36.12 - - [20/Jul/2022:00:14:31 -0700] "HEAD /back/index.zip HTTP/1.1" 404 265 "-" "-" 
45.91.20.55 - - [20/Jul/2022:00:15:17 -0700] "HEAD /old/bak.rar HTTP/1.1" 301 178 "-" "-" 
45.91.20.55 - - [20/Jul/2022:00:15:17 -0700] "HEAD /old/bak.rar HTTP/1.1" 404 265 "-" "-" 
212.30.36.29 - - [20/Jul/2022:00:15:43 -0700] "HEAD /www.tar HTTP/1.1" 301 174 "-" "-" 
212.30.36.29 - - [20/Jul/2022:00:15:44 -0700] "HEAD /www.tar HTTP/1.1" 404 265 "-" "-" 
194.169.217.238 - - [20/Jul/2022:00:15:45 -0700] "HEAD /restore/application.zip HTTP/1.1" 301 190 "-" "-" 
194.169.217.238 - - [20/Jul/2022:00:15:45 -0700] "HEAD /restore/application.zip HTTP/1.1" 404 265 "-" "-" 
45.67.99.73 - - [20/Jul/2022:00:16:48 -0700] "HEAD /backups/backup.sql.tar HTTP/1.1" 301 189 "-" "-" 
45.67.99.73 - - [20/Jul/2022:00:16:48 -0700] "HEAD /backups/backup.sql.tar HTTP/1.1" 404 265 "-" "-" 
45.92.228.143 - - [20/Jul/2022:00:17:03 -0700] "HEAD /bak/backup.rar HTTP/1.1" 301 181 "-" "-" 
45.92.228.143 - - [20/Jul/2022:00:17:03 -0700] "HEAD /bak/backup.rar HTTP/1.1" 404 265 "-" "-" 
150.158.100.81 - - [20/Jul/2022:00:17:15 -0700] "GET /xmlrpc.php HTTP/1.1" 404 328 "-" "Mozilla/5.0 (Windows NT 6.1; WOW64; rv:45.0) Gecko/20100101 Firefox/45.0" 
212.30.33.11 - - [20/Jul/2022:00:18:09 -0700] "HEAD /backups/directory.zip HTTP/1.1" 301 188 "-" "-" 
212.30.33.11 - - [20/Jul/2022:00:18:09 -0700] "HEAD /backups/directory.zip HTTP/1.1" 404 265 "-" "-" 
212.30.33.11 - - [20/Jul/2022:00:18:26 -0700] "HEAD /dump.sql HTTP/1.1" 301 175 "-" "-" 
212.30.33.11 - - [20/Jul/2022:00:18:26 -0700] "HEAD /dump.sql HTTP/1.1" 404 265 "-" "-" 
82.118.30.12 - - [20/Jul/2022:00:19:51 -0700] "HEAD /full_backup.zip HTTP/1.1" 301 182 "-" "-" 
82.118.30.12 - - [20/Jul/2022:00:19:51 -0700] "HEAD /full_backup.zip HTTP/1.1" 404 265 "-" "-" 
82.118.30.92 - - [20/Jul/2022:00:22:24 -0700] "HEAD /backups/website.tar HTTP/1.1" 301 186 "-" "-" 
82.118.30.92 - - [20/Jul/2022:00:22:25 -0700] "HEAD /backups/website.tar HTTP/1.1" 404 265 "-" "-" 
45.130.81.74 - - [20/Jul/2022:00:22:33 -0700] "HEAD /backup/backup.zip HTTP/1.1" 301 184 "-" "-" 
45.130.81.74 - - [20/Jul/2022:00:22:33 -0700] "HEAD /backup/backup.zip HTTP/1.1" 404 265 "-" "-" 
45.67.99.3 - - [20/Jul/2022:00:22:52 -0700] "HEAD /bak/www.tar HTTP/1.1" 301 178 "-" "-" 
45.67.99.3 - - [20/Jul/2022:00:22:53 -0700] "HEAD /bak/www.tar HTTP/1.1" 404 265 "-" "-" 
34.206.152.150 - - [20/Jul/2022:00:22:54 -0700] "HEAD / HTTP/1.1" 301 186 "-" "DreamHost SiteMonitor 1.0" 
34.206.152.150 - - [20/Jul/2022:00:22:54 -0700] "HEAD / HTTP/1.1" 200 359 "http://66.33.221.139" "DreamHost SiteMonitor 1.0" 
45.91.20.55 - - [20/Jul/2022:00:23:22 -0700] "HEAD /backups/directory.gz HTTP/1.1" 301 187 "-" "-" 
45.91.20.55 - - [20/Jul/2022:00:23:22 -0700] "HEAD /backups/directory.gz HTTP/1.1" 404 265 "-" "-" 
45.91.20.55 - - [20/Jul/2022:00:24:55 -0700] "HEAD /old/website.rar HTTP/1.1" 301 182 "-" "-" 
45.91.20.55 - - [20/Jul/2022:00:24:56 -0700] "HEAD /old/website.rar HTTP/1.1" 404 265 "-" "-" 
212.30.33.11 - - [20/Jul/2022:00:25:19 -0700] "HEAD /bak/secrepo.com.sql HTTP/1.1" 301 186 "-" "-" 
212.30.33.11 - - [20/Jul/2022:00:25:19 -0700] "HEAD /bak/secrepo.com.sql HTTP/1.1" 404 265 "-" "-" 
157.55.39.88 - - [20/Jul/2022:00:25:31 -0700] "GET /self.logs/ HTTP/1.1" 200 37382 "-" "Mozilla/5.0 (compatible; bingbot/2.0; +http://www.bing.com/bingbot.htm)" 
194.169.217.221 - - [20/Jul/2022:00:25:44 -0700] "HEAD /restore/index.zip HTTP/1.1" 301 184 "-" "-" 
194.169.217.221 - - [20/Jul/2022:00:25:44 -0700] "HEAD /restore/index.zip HTTP/1.1" 404 265 "-" "-" 
45.92.228.105 - - [20/Jul/2022:00:25:48 -0700] "HEAD /backups/backup.tar HTTP/1.1" 301 185 "-" "-" 
45.92.228.105 - - [20/Jul/2022:00:25:48 -0700] "HEAD /backups/backup.tar HTTP/1.1" 404 265 "-" "-" 
212.30.36.29 - - [20/Jul/2022:00:25:53 -0700] "HEAD /restore/website.rar HTTP/1.1" 301 186 "-" "-" 
212.30.36.29 - - [20/Jul/2022:00:25:54 -0700] "HEAD /restore/website.rar HTTP/1.1" 404 265 "-" "-" 
212.30.36.29 - - [20/Jul/2022:00:27:03 -0700] "HEAD /back/.well-known.zip HTTP/1.1" 301 187 "-" "-" 
212.30.36.29 - - [20/Jul/2022:00:27:03 -0700] "HEAD /back/.well-known.zip HTTP/1.1" 404 265 "-" "-" 
61.152.193.36 - - [20/Jul/2022:00:28:29 -0700] "GET / HTTP/1.1" 200 13141 "-" "Mozilla/5.0 (Macintosh; Intel Mac OS X 10_15_7) AppleWebKit/605.1.15 (KHTML, like Gecko) Version/15.5 Safari/605.1.15" 
61.152.193.36 - - [20/Jul/2022:00:28:29 -0700] "GET /twitter-icon.png HTTP/1.1" 200 27838 "http://www.secrepo.com/" "Mozilla/5.0 (Macintosh; Intel Mac OS X 10_15_7) AppleWebKit/605.1.15 (KHTML, like Gecko) Version/15.5 Safari/605.1.15" 
61.152.193.36 - - [20/Jul/2022:00:28:30 -0700] "GET /GitHub-Mark.png HTTP/1.1" 200 7478 "http://www.secrepo.com/" "Mozilla/5.0 (Macintosh; Intel Mac OS X 10_15_7) AppleWebKit/605.1.15 (KHTML, like Gecko) Version/15.5 Safari/605.1.15" 
61.152.193.36 - - [20/Jul/2022:00:28:30 -0700] "GET /css/style.css HTTP/1.1" 404 284 "http://www.secrepo.com/" "Mozilla/5.0 (Macintosh; Intel Mac OS X 10_15_7) AppleWebKit/605.1.15 (KHTML, like Gecko) Version/15.5 Safari/605.1.15" 
61.152.193.36 - - [20/Jul/2022:00:28:47 -0700] "GET /bootstrap/img/favicon.ico HTTP/1.1" 200 669 "http://www.secrepo.com/" "Mozilla/5.0 (Macintosh; Intel Mac OS X 10_15_7) AppleWebKit/605.1.15 (KHTML, like Gecko) Version/15.5 Safari/605.1.15" 
154.51.131.142 - - [20/Jul/2022:00:29:48 -0700] "GET / HTTP/1.1" 301 475 "-" "Mozilla/5.0 (Windows NT 10.0; Win64; x64) AppleWebKit/537.36 (KHTML, like Gecko) Chrome/79.0.3945.130 Safari/537.36" 
154.51.131.142 - - [20/Jul/2022:00:29:49 -0700] "GET / HTTP/1.1" 200 13185 "-" "Mozilla/5.0 (Windows NT 10.0; Win64; x64) AppleWebKit/537.36 (KHTML, like Gecko) Chrome/79.0.3945.130 Safari/537.36" 
61.152.193.36 - - [20/Jul/2022:00:29:59 -0700] "GET /self.logs/ HTTP/1.1" 200 37338 "-" "Mozilla/5.0 (Macintosh; Intel Mac OS X 10_15_7) AppleWebKit/605.1.15 (KHTML, like Gecko) Version/15.5 Safari/605.1.15" 
61.152.193.36 - - [20/Jul/2022:00:30:02 -0700] "GET /favicon.ico HTTP/1.1" 200 347 "http://www.secrepo.com/self.logs/" "Mozilla/5.0 (Macintosh; Intel Mac OS X 10_15_7) AppleWebKit/605.1.15 (KHTML, like Gecko) Version/15.5 Safari/605.1.15" 
61.152.193.36 - - [20/Jul/2022:00:30:11 -0700] "GET /self.logs/access.log.2017-01-01.gz HTTP/1.1" 200 17634 "http://www.secrepo.com/self.logs/" "Mozilla/5.0 (Macintosh; Intel Mac OS X 10_15_7) AppleWebKit/605.1.15 (KHTML, like Gecko) Version/15.5 Safari/605.1.15" 
114.119.149.237 - - [20/Jul/2022:00:30:12 -0700] "GET /self.logs/error.log.2021-01-01 HTTP/1.1" 200 351 "http://www.secrepo.com/self.logs?C=N%3BO%3DD" "Mozilla/5.0 (Linux; Android 7.0;) AppleWebKit/537.36 (KHTML, like Gecko) Mobile Safari/537.36 (compatible; PetalBot;+https://webmaster.petalsearch.com/site/petalbot)" 
103.20.63.107 - - [20/Jul/2022:00:31:25 -0700] "GET /m/Sp_inc/scrolls.asp HTTP/1.1" 404 328 "-" "python-requests/2.27.1" 
103.20.63.107 - - [20/Jul/2022:00:31:26 -0700] "GET /mobile/Sp_inc/scrolls.asp HTTP/1.1" 404 328 "-" "python-requests/2.27.1" 
103.20.63.107 - - [20/Jul/2022:00:31:26 -0700] "GET /Sp_inc/scrolls.asp HTTP/1.1" 404 328 "-" "python-requests/2.27.1" 
82.118.30.9 - - [20/Jul/2022:00:31:42 -0700] "HEAD /secrepo.com.zip HTTP/1.1" 301 182 "-" "-" 
82.118.30.9 - - [20/Jul/2022:00:31:42 -0700] "HEAD /secrepo.com.zip HTTP/1.1" 404 265 "-" "-" 
82.118.30.9 - - [20/Jul/2022:00:32:35 -0700] "HEAD /www.zip HTTP/1.1" 301 174 "-" "-" 
82.118.30.9 - - [20/Jul/2022:00:32:35 -0700] "HEAD /www.zip HTTP/1.1" 404 265 "-" "-" 
85.203.45.183 - - [20/Jul/2022:00:32:41 -0700] "HEAD /restore/public_html.zip HTTP/1.1" 301 190 "-" "-" 
85.203.45.183 - - [20/Jul/2022:00:32:41 -0700] "HEAD /restore/public_html.zip HTTP/1.1" 404 265 "-" "-" 
34.206.152.150 - - [20/Jul/2022:00:32:54 -0700] "HEAD / HTTP/1.1" 301 186 "-" "DreamHost SiteMonitor 1.0" 
34.206.152.150 - - [20/Jul/2022:00:32:54 -0700] "HEAD / HTTP/1.1" 200 359 "http://66.33.221.139" "DreamHost SiteMonitor 1.0" 
51.222.253.7 - - [20/Jul/2022:00:36:45 -0700] "GET /Datasets%20Description/Network/?C=M;O=A HTTP/1.1" 200 725 "-" "Mozilla/5.0 (compatible; AhrefsBot/7.0; +http://ahrefs.com/robot/)" 
212.30.37.92 - - [20/Jul/2022:00:38:07 -0700] "HEAD /back/public_html.gz HTTP/1.1" 301 186 "-" "-" 
212.30.37.92 - - [20/Jul/2022:00:38:07 -0700] "HEAD /back/public_html.gz HTTP/1.1" 404 265 "-" "-" 
103.251.113.251 - - [20/Jul/2022:00:39:38 -0700] "GET /sysadmin/upfiles/uploadify/upload.ashx HTTP/1.1" 404 328 "-" "Mozilla/5.0 (Windows NT 10.0; WOW64; rv:48.0) Gecko/20100101 Firefox/48.0" 
64.64.123.37 - - [20/Jul/2022:00:41:12 -0700] "HEAD /old/wallet.zip HTTP/1.1" 301 181 "-" "-" 
45.133.193.154 - - [20/Jul/2022:00:41:13 -0700] "HEAD /old/www.sql HTTP/1.1" 301 178 "-" "-" 
45.133.193.154 - - [20/Jul/2022:00:41:13 -0700] "HEAD /old/www.sql HTTP/1.1" 404 265 "-" "-" 
64.64.123.37 - - [20/Jul/2022:00:41:14 -0700] "HEAD /old/wallet.zip HTTP/1.1" 404 265 "-" "-" 
185.192.16.73 - - [20/Jul/2022:00:41:30 -0700] "HEAD /restore/secrepo.com.zip HTTP/1.1" 301 190 "-" "-" 
185.192.16.73 - - [20/Jul/2022:00:41:30 -0700] "HEAD /restore/secrepo.com.zip HTTP/1.1" 404 265 "-" "-" 
34.206.152.150 - - [20/Jul/2022:00:42:54 -0700] "HEAD / HTTP/1.1" 301 186 "-" "DreamHost SiteMonitor 1.0" 
34.206.152.150 - - [20/Jul/2022:00:42:54 -0700] "HEAD / HTTP/1.1" 200 359 "http://66.33.221.139" "DreamHost SiteMonitor 1.0" 
45.133.193.154 - - [20/Jul/2022:00:43:16 -0700] "HEAD /backups/directory.tar HTTP/1.1" 301 188 "-" "-" 
45.133.193.154 - - [20/Jul/2022:00:43:16 -0700] "HEAD /backups/directory.tar HTTP/1.1" 404 265 "-" "-" 
45.133.193.154 - - [20/Jul/2022:00:44:06 -0700] "HEAD /www.gz HTTP/1.1" 301 173 "-" "-" 
45.133.193.154 - - [20/Jul/2022:00:44:07 -0700] "HEAD /www.gz HTTP/1.1" 404 265 "-" "-" 
61.135.159.134 - - [20/Jul/2022:00:44:27 -0700] "GET / HTTP/1.1" 200 13147 "-" "Sogou web spider/4.0(+http://www.sogou.com/docs/help/webmasters.htm#07)" 
114.119.149.23 - - [20/Jul/2022:00:44:40 -0700] "GET /self.logs/error.log.2020-05-08 HTTP/1.1" 200 351 "http://www.secrepo.com/self.logs?C=N%3BO%3DD" "Mozilla/5.0 (Linux; Android 7.0;) AppleWebKit/537.36 (KHTML, like Gecko) Mobile Safari/537.36 (compatible; PetalBot;+https://webmaster.petalsearch.com/site/petalbot)" 
212.30.37.87 - - [20/Jul/2022:00:47:04 -0700] "HEAD /backup/backup.gz HTTP/1.1" 301 183 "-" "-" 
212.30.37.87 - - [20/Jul/2022:00:47:04 -0700] "HEAD /backup/backup.gz HTTP/1.1" 404 265 "-" "-" 
103.68.62.69 - - [20/Jul/2022:00:48:58 -0700] "GET /gl/Inc/Upload/UploadHandler.ashx HTTP/1.1" 404 328 "-" "Mozilla/5.0 (Windows NT 10.0; WOW64; rv:48.0) Gecko/20100101 Firefox/48.0" 
89.38.224.165 - - [20/Jul/2022:00:49:54 -0700] "HEAD /restore/public_html.rar HTTP/1.1" 301 190 "-" "-" 
89.38.224.165 - - [20/Jul/2022:00:49:55 -0700] "HEAD /restore/public_html.rar HTTP/1.1" 404 265 "-" "-" 
45.8.24.101 - - [20/Jul/2022:00:50:04 -0700] "HEAD /old/bak.gz HTTP/1.1" 301 177 "-" "-" 
45.8.24.101 - - [20/Jul/2022:00:50:04 -0700] "HEAD /old/bak.gz HTTP/1.1" 404 265 "-" "-" 
64.64.123.37 - - [20/Jul/2022:00:50:31 -0700] "HEAD /restore/www.gz HTTP/1.1" 301 181 "-" "-" 
64.64.123.37 - - [20/Jul/2022:00:50:32 -0700] "HEAD /restore/www.gz HTTP/1.1" 404 265 "-" "-" 
45.130.81.77 - - [20/Jul/2022:00:51:18 -0700] "HEAD /old/.bash_history HTTP/1.1" 301 184 "-" "-" 
45.130.81.77 - - [20/Jul/2022:00:51:18 -0700] "HEAD /old/.bash_history HTTP/1.1" 404 265 "-" "-" 
185.192.71.230 - - [20/Jul/2022:00:51:54 -0700] "HEAD /old/directory.tar.gz HTTP/1.1" 301 187 "-" "-" 
185.192.71.230 - - [20/Jul/2022:00:51:55 -0700] "HEAD /old/directory.tar.gz HTTP/1.1" 404 265 "-" "-" 
45.86.200.244 - - [20/Jul/2022:00:52:10 -0700] "HEAD /restore/www.tar.gz HTTP/1.1" 301 185 "-" "-" 
45.86.200.244 - - [20/Jul/2022:00:52:10 -0700] "HEAD /restore/www.tar.gz HTTP/1.1" 404 265 "-" "-" 
45.86.200.244 - - [20/Jul/2022:00:52:46 -0700] "HEAD /backup/backup.sql HTTP/1.1" 301 184 "-" "-" 
45.86.200.244 - - [20/Jul/2022:00:52:46 -0700] "HEAD /backup/backup.sql HTTP/1.1" 404 265 "-" "-" 
34.206.152.150 - - [20/Jul/2022:00:52:54 -0700] "HEAD / HTTP/1.1" 301 186 "-" "DreamHost SiteMonitor 1.0" 
34.206.152.150 - - [20/Jul/2022:00:52:54 -0700] "HEAD / HTTP/1.1" 200 359 "http://66.33.221.139" "DreamHost SiteMonitor 1.0" 
89.38.224.165 - - [20/Jul/2022:00:53:38 -0700] "HEAD /back/backup.sql.gz HTTP/1.1" 301 185 "-" "-" 
89.38.224.165 - - [20/Jul/2022:00:53:38 -0700] "HEAD /back/backup.sql.gz HTTP/1.1" 404 265 "-" "-" 
82.118.29.2 - - [20/Jul/2022:00:54:09 -0700] "HEAD /backups/.well-known.zip HTTP/1.1" 301 190 "-" "-" 
82.118.29.2 - - [20/Jul/2022:00:54:09 -0700] "HEAD /backups/.well-known.zip HTTP/1.1" 404 265 "-" "-" 
114.119.149.23 - - [20/Jul/2022:00:54:31 -0700] "GET /self.logs/error.log.2020-10-14 HTTP/1.1" 200 351 "http://www.secrepo.com/self.logs?C=N%3BO%3DD" "Mozilla/5.0 (Linux; Android 7.0;) AppleWebKit/537.36 (KHTML, like Gecko) Mobile Safari/537.36 (compatible; PetalBot;+https://webmaster.petalsearch.com/site/petalbot)" 
66.33.200.4 - - [20/Jul/2022:00:56:31 -0700] "GET / HTTP/1.1" 301 475 "-" "'Mozilla/5.0 (Linux; Android 6.0.1; Nexus 5 Build/MRA58N) AppleWebKit/537.36 (KHTML, like Gecko) Chrome/74.0.3694.0 Mobile Safari/537.36 Chrome-Lighthouse'" 
66.33.200.4 - - [20/Jul/2022:00:56:31 -0700] "GET / HTTP/1.1" 200 13185 "-" "'Mozilla/5.0 (Linux; Android 6.0.1; Nexus 5 Build/MRA58N) AppleWebKit/537.36 (KHTML, like Gecko) Chrome/74.0.3694.0 Mobile Safari/537.36 Chrome-Lighthouse'" 
66.33.200.4 - - [20/Jul/2022:00:56:31 -0700] "GET /css/style.css HTTP/1.1" 404 305 "http://www.secrepo.com/" "'Mozilla/5.0 (Linux; Android 6.0.1; Nexus 5 Build/MRA58N) AppleWebKit/537.36 (KHTML, like Gecko) Chrome/74.0.3694.0 Mobile Safari/537.36 Chrome-Lighthouse'" 
66.33.200.4 - - [20/Jul/2022:00:56:31 -0700] "GET /twitter-icon.png HTTP/1.1" 200 27916 "http://www.secrepo.com/" "'Mozilla/5.0 (Linux; Android 6.0.1; Nexus 5 Build/MRA58N) AppleWebKit/537.36 (KHTML, like Gecko) Chrome/74.0.3694.0 Mobile Safari/537.36 Chrome-Lighthouse'" 
66.33.200.4 - - [20/Jul/2022:00:56:31 -0700] "GET /GitHub-Mark.png HTTP/1.1" 200 7533 "http://www.secrepo.com/" "'Mozilla/5.0 (Linux; Android 6.0.1; Nexus 5 Build/MRA58N) AppleWebKit/537.36 (KHTML, like Gecko) Chrome/74.0.3694.0 Mobile Safari/537.36 Chrome-Lighthouse'" 
66.33.200.4 - - [20/Jul/2022:00:56:33 -0700] "GET / HTTP/1.1" 301 475 "-" "Mozilla/5.0 (Linux; Android 7.0; Moto G (4)) AppleWebKit/537.36 (KHTML, like Gecko) Chrome/94.0.4590.2 Mobile Safari/537.36 Chrome-Lighthouse" 
66.33.200.4 - - [20/Jul/2022:00:56:33 -0700] "GET / HTTP/1.1" 200 13185 "-" "Mozilla/5.0 (Linux; Android 7.0; Moto G (4)) AppleWebKit/537.36 (KHTML, like Gecko) Chrome/94.0.4590.2 Mobile Safari/537.36 Chrome-Lighthouse" 
66.33.200.4 - - [20/Jul/2022:00:56:33 -0700] "GET /css/style.css HTTP/1.1" 404 305 "http://www.secrepo.com/" "Mozilla/5.0 (Linux; Android 7.0; Moto G (4)) AppleWebKit/537.36 (KHTML, like Gecko) Chrome/94.0.4590.2 Mobile Safari/537.36 Chrome-Lighthouse" 
66.33.200.4 - - [20/Jul/2022:00:56:33 -0700] "GET /twitter-icon.png HTTP/1.1" 200 27916 "http://www.secrepo.com/" "Mozilla/5.0 (Linux; Android 7.0; Moto G (4)) AppleWebKit/537.36 (KHTML, like Gecko) Chrome/94.0.4590.2 Mobile Safari/537.36 Chrome-Lighthouse" 
66.33.200.4 - - [20/Jul/2022:00:56:33 -0700] "GET /GitHub-Mark.png HTTP/1.1" 200 7556 "http://www.secrepo.com/" "Mozilla/5.0 (Linux; Android 7.0; Moto G (4)) AppleWebKit/537.36 (KHTML, like Gecko) Chrome/94.0.4590.2 Mobile Safari/537.36 Chrome-Lighthouse" 
66.33.200.4 - - [20/Jul/2022:00:56:34 -0700] "GET /bootstrap/img/favicon.ico HTTP/1.1" 200 676 "-" "axios/0.21.4" 
66.33.200.4 - - [20/Jul/2022:00:56:37 -0700] "GET /css/style.css HTTP/1.1" 404 305 "http://www.secrepo.com/" "Mozilla/5.0 (Linux; Android 7.0; Moto G (4)) AppleWebKit/537.36 (KHTML, like Gecko) Chrome/94.0.4590.2 Mobile Safari/537.36 Chrome-Lighthouse" 
66.33.200.4 - - [20/Jul/2022:00:56:37 -0700] "GET /robots.txt HTTP/1.1" 200 354 "http://www.secrepo.com/" "Mozilla/5.0 (Linux; Android 7.0; Moto G (4)) AppleWebKit/537.36 (KHTML, like Gecko) Chrome/94.0.4590.2 Mobile Safari/537.36 Chrome-Lighthouse" 
45.130.136.16 - - [20/Jul/2022:00:56:55 -0700] "HEAD /old/public_html.tar.gz HTTP/1.1" 301 189 "-" "-" 
45.130.136.16 - - [20/Jul/2022:00:56:55 -0700] "HEAD /old/public_html.tar.gz HTTP/1.1" 404 265 "-" "-" 
157.55.39.88 - - [20/Jul/2022:00:58:45 -0700] "GET /self.logs/ HTTP/1.1" 200 37382 "-" "Mozilla/5.0 (compatible; bingbot/2.0; +http://www.bing.com/bingbot.htm)" 
45.86.200.244 - - [20/Jul/2022:00:58:48 -0700] "HEAD /old/application.zip HTTP/1.1" 301 186 "-" "-" 
45.86.200.244 - - [20/Jul/2022:00:58:48 -0700] "HEAD /old/application.zip HTTP/1.1" 404 265 "-" "-" 
212.30.37.114 - - [20/Jul/2022:01:00:57 -0700] "HEAD /restore/backup.tar.gz HTTP/1.1" 301 188 "-" "-" 
212.30.37.114 - - [20/Jul/2022:01:00:57 -0700] "HEAD /restore/backup.tar.gz HTTP/1.1" 404 265 "-" "-" 
45.86.200.236 - - [20/Jul/2022:01:01:37 -0700] "HEAD /back/website.tar.gz HTTP/1.1" 301 186 "-" "-" 
45.86.200.236 - - [20/Jul/2022:01:01:37 -0700] "HEAD /back/website.tar.gz HTTP/1.1" 404 265 "-" "-" 
193.191.148.194 - - [20/Jul/2022:01:02:01 -0700] "GET /robots.txt HTTP/1.1" 301 495 "-" "StormCrawler+URLFrontier" 
193.191.148.194 - - [20/Jul/2022:01:02:02 -0700] "GET /robots.txt HTTP/1.1" 200 377 "-" "StormCrawler+URLFrontier" 
193.191.148.194 - - [20/Jul/2022:01:02:02 -0700] "GET / HTTP/1.1" 301 474 "-" "StormCrawler+URLFrontier" 
34.206.152.150 - - [20/Jul/2022:01:02:54 -0700] "HEAD / HTTP/1.1" 301 186 "-" "DreamHost SiteMonitor 1.0" 
34.206.152.150 - - [20/Jul/2022:01:02:54 -0700] "HEAD / HTTP/1.1" 200 359 "http://66.33.221.139" "DreamHost SiteMonitor 1.0" 
45.86.200.236 - - [20/Jul/2022:01:03:50 -0700] "HEAD /back/public_html.rar HTTP/1.1" 301 187 "-" "-" 
45.86.200.236 - - [20/Jul/2022:01:03:50 -0700] "HEAD /back/public_html.rar HTTP/1.1" 404 265 "-" "-" 
45.86.200.236 - - [20/Jul/2022:01:04:07 -0700] "HEAD /www.tar.gz HTTP/1.1" 301 177 "-" "-" 
45.86.200.236 - - [20/Jul/2022:01:04:07 -0700] "HEAD /www.tar.gz HTTP/1.1" 404 265 "-" "-" 
185.192.16.73 - - [20/Jul/2022:01:04:24 -0700] "HEAD /backup/public_html.tar.gz HTTP/1.1" 301 192 "-" "-" 
185.192.16.73 - - [20/Jul/2022:01:04:24 -0700] "HEAD /backup/public_html.tar.gz HTTP/1.1" 404 265 "-" "-" 
82.118.30.10 - - [20/Jul/2022:01:04:54 -0700] "HEAD /bak/www.sql HTTP/1.1" 301 178 "-" "-" 
82.118.30.10 - - [20/Jul/2022:01:04:54 -0700] "HEAD /bak/www.sql HTTP/1.1" 404 265 "-" "-" 
45.8.24.104 - - [20/Jul/2022:01:05:09 -0700] "HEAD /backups/www.tar.gz HTTP/1.1" 301 185 "-" "-" 
45.8.24.104 - - [20/Jul/2022:01:05:09 -0700] "HEAD /backups/www.tar.gz HTTP/1.1" 404 265 "-" "-" 
45.130.81.73 - - [20/Jul/2022:01:05:11 -0700] "HEAD /backup/website.gz HTTP/1.1" 301 184 "-" "-" 
45.130.81.73 - - [20/Jul/2022:01:05:11 -0700] "HEAD /backup/website.gz HTTP/1.1" 404 265 "-" "-" 
212.30.37.114 - - [20/Jul/2022:01:05:34 -0700] "HEAD /old/full_backup.zip HTTP/1.1" 301 186 "-" "-" 
212.30.37.114 - - [20/Jul/2022:01:05:34 -0700] "HEAD /old/full_backup.zip HTTP/1.1" 404 265 "-" "-" 
45.86.200.236 - - [20/Jul/2022:01:05:58 -0700] "HEAD /bak/bak.zip HTTP/1.1" 301 178 "-" "-" 
45.86.200.236 - - [20/Jul/2022:01:05:58 -0700] "HEAD /bak/bak.zip HTTP/1.1" 404 265 "-" "-" 
82.118.30.10 - - [20/Jul/2022:01:06:19 -0700] "HEAD /ftpsync.settings HTTP/1.1" 301 183 "-" "-" 
82.118.30.10 - - [20/Jul/2022:01:06:20 -0700] "HEAD /ftpsync.settings HTTP/1.1" 404 265 "-" "-" 
89.38.224.165 - - [20/Jul/2022:01:07:05 -0700] "HEAD /backup.sql.tar HTTP/1.1" 301 181 "-" "-" 
89.38.224.165 - - [20/Jul/2022:01:07:06 -0700] "HEAD /backup.sql.tar HTTP/1.1" 404 265 "-" "-" 
175.27.188.128 - - [20/Jul/2022:01:07:42 -0700] "HEAD / HTTP/1.1" 200 388 "-" "Mozilla/5.0 (Windows NT 10.0; Win64; x64) AppleWebKit/537.36 (KHTML, like Gecko) Chrome/80.0.3987.149 Safari/537.36" 
175.27.188.128 - - [20/Jul/2022:01:07:43 -0700] "GET / HTTP/1.1" 200 13185 "-" "Mozilla/5.0 (Windows NT 10.0; Win64; x64) AppleWebKit/537.36 (KHTML, like Gecko) Chrome/60.0.3729.169 Safari/537.36" 
175.27.188.128 - - [20/Jul/2022:01:07:43 -0700] "GET /css/style.css HTTP/1.1" 404 305 "http://www.secrepo.com/" "Mozilla/5.0 (Windows NT 10.0; Win64; x64) AppleWebKit/537.36 (KHTML, like Gecko) Chrome/60.0.3729.169 Safari/537.36" 
175.27.188.128 - - [20/Jul/2022:01:07:43 -0700] "GET /twitter-icon.png HTTP/1.1" 200 27893 "http://www.secrepo.com/" "Mozilla/5.0 (Windows NT 10.0; Win64; x64) AppleWebKit/537.36 (KHTML, like Gecko) Chrome/60.0.3729.169 Safari/537.36" 
175.27.188.128 - - [20/Jul/2022:01:07:43 -0700] "GET /GitHub-Mark.png HTTP/1.1" 200 7556 "http://www.secrepo.com/" "Mozilla/5.0 (Windows NT 10.0; Win64; x64) AppleWebKit/537.36 (KHTML, like Gecko) Chrome/60.0.3729.169 Safari/537.36" 
185.92.25.97 - - [20/Jul/2022:01:07:48 -0700] "HEAD /bak/backup.sql.tar HTTP/1.1" 301 185 "-" "-" 
185.92.25.97 - - [20/Jul/2022:01:07:48 -0700] "HEAD /bak/backup.sql.tar HTTP/1.1" 404 265 "-" "-" 
85.203.45.26 - - [20/Jul/2022:01:07:52 -0700] "HEAD /bak/wallet.zip HTTP/1.1" 301 181 "-" "-" 
85.203.45.26 - - [20/Jul/2022:01:07:53 -0700] "HEAD /bak/wallet.zip HTTP/1.1" 404 265 "-" "-" 
51.222.253.7 - - [20/Jul/2022:01:08:15 -0700] "GET /Datasets%20Description/Network/?C=D;O=A HTTP/1.1" 200 725 "-" "Mozilla/5.0 (compatible; AhrefsBot/7.0; +http://ahrefs.com/robot/)" 
212.30.37.114 - - [20/Jul/2022:01:08:19 -0700] "HEAD /backup/full_backup.zip HTTP/1.1" 301 189 "-" "-" 
