107.167.35.138 - - [31/Oct/2022:08:07:12 -0700] "GET / HTTP/1.1" 200 49089 "-" "-" 
114.119.149.23 - - [31/Oct/2022:08:07:23 -0700] "GET /self.logs/access.log.2018-12-09.gz HTTP/1.1" 200 23288 "-" "Mozilla/5.0 (compatible;PetalBot;+https://webmaster.petalsearch.com/site/petalbot)" 
45.86.200.118 - - [31/Oct/2022:08:08:15 -0700] "HEAD /backup/backup.tar.gz HTTP/1.1" 301 187 "-" "-" 
45.86.200.118 - - [31/Oct/2022:08:08:15 -0700] "HEAD /backup/backup.tar.gz HTTP/1.1" 404 265 "-" "-" 
85.203.45.10 - - [31/Oct/2022:08:09:03 -0700] "HEAD /restore/bak.gz HTTP/1.1" 301 181 "-" "-" 
85.203.45.10 - - [31/Oct/2022:08:09:03 -0700] "HEAD /restore/bak.gz HTTP/1.1" 404 265 "-" "-" 
84.247.59.123 - - [31/Oct/2022:08:09:34 -0700] "HEAD /backup/Archive.zip HTTP/1.1" 301 185 "-" "-" 
84.247.59.123 - - [31/Oct/2022:08:09:35 -0700] "HEAD /backup/Archive.zip HTTP/1.1" 404 265 "-" "-" 
188.212.135.160 - - [31/Oct/2022:08:10:27 -0700] "HEAD /restore/directory.tar.gz HTTP/1.1" 301 191 "-" "-" 
188.212.135.160 - - [31/Oct/2022:08:10:27 -0700] "HEAD /restore/directory.tar.gz HTTP/1.1" 404 265 "-" "-" 
45.67.99.69 - - [31/Oct/2022:08:10:42 -0700] "HEAD /bak/website.tar HTTP/1.1" 301 182 "-" "-" 
45.67.99.69 - - [31/Oct/2022:08:10:43 -0700] "HEAD /bak/website.tar HTTP/1.1" 404 265 "-" "-" 
217.138.202.61 - - [31/Oct/2022:08:11:27 -0700] "HEAD /backups/backup.sql.zip HTTP/1.1" 301 189 "-" "-" 
217.138.202.61 - - [31/Oct/2022:08:11:27 -0700] "HEAD /backups/backup.sql.zip HTTP/1.1" 404 265 "-" "-" 
45.67.99.69 - - [31/Oct/2022:08:12:08 -0700] "HEAD /restore/credentials.txt HTTP/1.1" 301 190 "-" "-" 
45.67.99.69 - - [31/Oct/2022:08:12:09 -0700] "HEAD /restore/credentials.txt HTTP/1.1" 404 265 "-" "-" 
45.86.200.118 - - [31/Oct/2022:08:13:10 -0700] "HEAD /restore/index.zip HTTP/1.1" 301 184 "-" "-" 
45.86.200.118 - - [31/Oct/2022:08:13:10 -0700] "HEAD /restore/index.zip HTTP/1.1" 404 265 "-" "-" 
45.128.199.82 - - [31/Oct/2022:08:15:03 -0700] "HEAD /bak/application.zip HTTP/1.1" 301 186 "-" "-" 
45.128.199.82 - - [31/Oct/2022:08:15:04 -0700] "HEAD /bak/application.zip HTTP/1.1" 404 265 "-" "-" 
45.128.199.82 - - [31/Oct/2022:08:15:45 -0700] "HEAD /website.rar HTTP/1.1" 301 178 "-" "-" 
45.128.199.82 - - [31/Oct/2022:08:15:45 -0700] "HEAD /website.rar HTTP/1.1" 404 265 "-" "-" 
45.130.136.160 - - [31/Oct/2022:08:15:48 -0700] "HEAD /back/sftp-config.json HTTP/1.1" 301 188 "-" "-" 
45.130.136.160 - - [31/Oct/2022:08:15:49 -0700] "HEAD /back/sftp-config.json HTTP/1.1" 404 265 "-" "-" 
45.86.200.131 - - [31/Oct/2022:08:16:27 -0700] "HEAD /backup/www.gz HTTP/1.1" 301 180 "-" "-" 
45.86.200.131 - - [31/Oct/2022:08:16:27 -0700] "HEAD /backup/www.gz HTTP/1.1" 404 265 "-" "-" 
217.138.202.61 - - [31/Oct/2022:08:17:03 -0700] "HEAD /backup/website.rar HTTP/1.1" 301 185 "-" "-" 
217.138.202.61 - - [31/Oct/2022:08:17:05 -0700] "HEAD /backup/website.rar HTTP/1.1" 404 265 "-" "-" 
45.128.199.82 - - [31/Oct/2022:08:17:11 -0700] "HEAD /back/backup.gz HTTP/1.1" 301 181 "-" "-" 
45.128.199.82 - - [31/Oct/2022:08:17:12 -0700] "HEAD /back/backup.gz HTTP/1.1" 404 265 "-" "-" 
84.247.59.148 - - [31/Oct/2022:08:17:20 -0700] "HEAD /old/bak.zip HTTP/1.1" 301 178 "-" "-" 
84.247.59.148 - - [31/Oct/2022:08:17:21 -0700] "HEAD /old/bak.zip HTTP/1.1" 404 265 "-" "-" 
188.212.135.205 - - [31/Oct/2022:08:17:40 -0700] "HEAD /old/secrepo.com.rar HTTP/1.1" 301 186 "-" "-" 
188.212.135.205 - - [31/Oct/2022:08:17:41 -0700] "HEAD /old/secrepo.com.rar HTTP/1.1" 404 265 "-" "-" 
85.203.45.97 - - [31/Oct/2022:08:18:06 -0700] "HEAD /restore/.bash_history HTTP/1.1" 301 188 "-" "-" 
85.203.45.97 - - [31/Oct/2022:08:18:07 -0700] "HEAD /restore/.bash_history HTTP/1.1" 404 265 "-" "-" 
85.203.45.10 - - [31/Oct/2022:08:18:47 -0700] "HEAD /bak/mysql.sql HTTP/1.1" 301 180 "-" "-" 
85.203.45.10 - - [31/Oct/2022:08:18:47 -0700] "HEAD /bak/mysql.sql HTTP/1.1" 404 265 "-" "-" 
207.46.13.208 - - [31/Oct/2022:08:18:50 -0700] "GET /self.logs/ HTTP/1.1" 200 39332 "-" "Mozilla/5.0 AppleWebKit/537.36 (KHTML, like Gecko; compatible; bingbot/2.0; +http://www.bing.com/bingbot.htm) Chrome/103.0.5060.134 Safari/537.36" 
114.119.149.228 - - [31/Oct/2022:08:19:28 -0700] "GET /self.logs/2015/error.log.2015-09-01.gz HTTP/1.1" 200 781 "-" "Mozilla/5.0 (compatible;PetalBot;+https://webmaster.petalsearch.com/site/petalbot)" 
123.123.219.38 - - [31/Oct/2022:08:20:15 -0700] "GET /robots.txt HTTP/1.1" 200 340 "-" "Mozilla/5.0 AppleWebKit/537.36 (KHTML, like Gecko) Chrome/55.0.2883.95 Safari/537.36" 
123.123.219.38 - - [31/Oct/2022:08:20:15 -0700] "GET /self.logs/2016/ HTTP/1.1" 200 7823 "-" "Mozilla/5.0 AppleWebKit/537.36 (KHTML, like Gecko) Chrome/55.0.2883.95 Safari/537.36" 
45.128.199.82 - - [31/Oct/2022:08:20:30 -0700] "HEAD /back/directory.zip HTTP/1.1" 301 185 "-" "-" 
45.128.199.82 - - [31/Oct/2022:08:20:30 -0700] "HEAD /back/directory.zip HTTP/1.1" 404 265 "-" "-" 
45.130.136.160 - - [31/Oct/2022:08:21:06 -0700] "HEAD /bak/www.zip HTTP/1.1" 301 178 "-" "-" 
45.130.136.160 - - [31/Oct/2022:08:21:06 -0700] "HEAD /bak/www.zip HTTP/1.1" 404 265 "-" "-" 
45.128.199.82 - - [31/Oct/2022:08:21:13 -0700] "HEAD /backups/web.zip HTTP/1.1" 301 182 "-" "-" 
45.128.199.82 - - [31/Oct/2022:08:21:14 -0700] "HEAD /backups/web.zip HTTP/1.1" 404 265 "-" "-" 
45.67.99.6 - - [31/Oct/2022:08:23:33 -0700] "HEAD /full_backup.zip HTTP/1.1" 301 182 "-" "-" 
45.67.99.6 - - [31/Oct/2022:08:23:34 -0700] "HEAD /full_backup.zip HTTP/1.1" 404 265 "-" "-" 
35.90.3.22 - - [31/Oct/2022:08:24:44 -0700] "GET / HTTP/1.1" 301 419 "-" "Mozilla/5.0 (X11; Linux x86_64) AppleWebKit/537.36 (KHTML, like Gecko) Chrome/83.0.4103.97 Safari/537.36" 
35.90.3.22 - - [31/Oct/2022:08:24:44 -0700] "GET / HTTP/1.1" 200 13141 "-" "Mozilla/5.0 (X11; Linux x86_64) AppleWebKit/537.36 (KHTML, like Gecko) Chrome/83.0.4103.97 Safari/537.36" 
45.128.199.82 - - [31/Oct/2022:08:25:16 -0700] "HEAD /restore/backup.sql.tar HTTP/1.1" 301 189 "-" "-" 
45.128.199.82 - - [31/Oct/2022:08:25:16 -0700] "HEAD /restore/backup.sql.tar HTTP/1.1" 404 265 "-" "-" 
82.118.30.91 - - [31/Oct/2022:08:26:00 -0700] "HEAD /bak/directory.zip HTTP/1.1" 301 184 "-" "-" 
82.118.30.91 - - [31/Oct/2022:08:26:00 -0700] "HEAD /bak/directory.zip HTTP/1.1" 404 265 "-" "-" 
45.67.99.6 - - [31/Oct/2022:08:27:59 -0700] "HEAD /restore/website.tar.gz HTTP/1.1" 301 189 "-" "-" 
45.67.99.6 - - [31/Oct/2022:08:27:59 -0700] "HEAD /restore/website.tar.gz HTTP/1.1" 404 265 "-" "-" 
85.203.45.97 - - [31/Oct/2022:08:28:51 -0700] "HEAD /back/backup.sql.tar HTTP/1.1" 301 186 "-" "-" 
85.203.45.97 - - [31/Oct/2022:08:28:52 -0700] "HEAD /back/backup.sql.tar HTTP/1.1" 404 265 "-" "-" 
85.203.45.96 - - [31/Oct/2022:08:30:17 -0700] "HEAD /old/Archive.zip HTTP/1.1" 301 182 "-" "-" 
85.203.45.96 - - [31/Oct/2022:08:30:17 -0700] "HEAD /old/Archive.zip HTTP/1.1" 404 265 "-" "-" 
188.212.135.168 - - [31/Oct/2022:08:30:41 -0700] "HEAD /old/backup.tar.gz HTTP/1.1" 301 184 "-" "-" 
188.212.135.168 - - [31/Oct/2022:08:30:41 -0700] "HEAD /old/backup.tar.gz HTTP/1.1" 404 265 "-" "-" 
45.67.99.69 - - [31/Oct/2022:08:32:09 -0700] "HEAD /backup/website.gz HTTP/1.1" 301 184 "-" "-" 
45.67.99.69 - - [31/Oct/2022:08:32:09 -0700] "HEAD /backup/website.gz HTTP/1.1" 404 265 "-" "-" 
207.46.13.208 - - [31/Oct/2022:08:33:52 -0700] "GET /self.logs/ HTTP/1.1" 200 39332 "-" "Mozilla/5.0 AppleWebKit/537.36 (KHTML, like Gecko; compatible; bingbot/2.0; +http://www.bing.com/bingbot.htm) Chrome/103.0.5060.134 Safari/537.36" 
40.77.167.63 - - [31/Oct/2022:08:35:30 -0700] "GET /self.logs/error.log.2017-09-25.gz HTTP/1.1" 200 1892 "-" "Mozilla/5.0 (compatible; bingbot/2.0; +http://www.bing.com/bingbot.htm)" 
114.119.149.228 - - [31/Oct/2022:08:37:19 -0700] "GET /self.logs/error.log.2020-01-13 HTTP/1.1" 200 351 "http://www.secrepo.com/self.logs?C=N%3BO%3DD" "Mozilla/5.0 (Linux; Android 7.0;) AppleWebKit/537.36 (KHTML, like Gecko) Mobile Safari/537.36 (compatible; PetalBot;+https://webmaster.petalsearch.com/site/petalbot)" 
51.222.253.19 - - [31/Oct/2022:08:38:06 -0700] "GET /robots.txt HTTP/1.1" 301 439 "-" "Mozilla/5.0 (compatible; AhrefsBot/7.0; +http://ahrefs.com/robot/)" 
51.222.253.19 - - [31/Oct/2022:08:38:06 -0700] "GET /robots.txt HTTP/1.1" 200 333 "-" "Mozilla/5.0 (compatible; AhrefsBot/7.0; +http://ahrefs.com/robot/)" 
54.212.179.255 - - [31/Oct/2022:08:41:37 -0700] "GET /favicon.ico HTTP/1.1" 301 441 "-" "Mozilla/5.0 (X11; Linux x86_64) AppleWebKit/537.36 (KHTML, like Gecko) Chrome/83.0.4103.97 Safari/537.36" 
54.212.179.255 - - [31/Oct/2022:08:41:40 -0700] "GET /favicon.ico HTTP/1.1" 200 347 "http://secrepo.com/favicon.ico" "Mozilla/5.0 (X11; Linux x86_64) AppleWebKit/537.36 (KHTML, like Gecko) Chrome/83.0.4103.97 Safari/537.36" 
54.212.179.255 - - [31/Oct/2022:08:41:43 -0700] "GET / HTTP/1.1" 301 419 "-" "Mozilla/5.0 (X11; Linux x86_64) AppleWebKit/537.36 (KHTML, like Gecko) Chrome/83.0.4103.97 Safari/537.36" 
54.212.179.255 - - [31/Oct/2022:08:41:44 -0700] "GET / HTTP/1.1" 200 13142 "http://secrepo.com" "Mozilla/5.0 (X11; Linux x86_64) AppleWebKit/537.36 (KHTML, like Gecko) Chrome/83.0.4103.97 Safari/537.36" 
114.119.149.228 - - [31/Oct/2022:08:43:20 -0700] "GET /self.logs/error.log.2020-11-24 HTTP/1.1" 200 4548 "http://www.secrepo.com/self.logs?C=N%3BO%3DD" "Mozilla/5.0 (Linux; Android 7.0;) AppleWebKit/537.36 (KHTML, like Gecko) Mobile Safari/537.36 (compatible; PetalBot;+https://webmaster.petalsearch.com/site/petalbot)" 
193.61.17.250 - - [31/Oct/2022:08:46:33 -0700] "GET / HTTP/1.1" 200 13186 "-" "Mozilla/5.0 (Macintosh; Intel Mac OS X 10_15_7) AppleWebKit/537.36 (KHTML, like Gecko) Chrome/106.0.0.0 Safari/537.36" 
193.61.17.250 - - [31/Oct/2022:08:46:33 -0700] "GET /css/style.css HTTP/1.1" 404 305 "http://www.secrepo.com/" "Mozilla/5.0 (Macintosh; Intel Mac OS X 10_15_7) AppleWebKit/537.36 (KHTML, like Gecko) Chrome/106.0.0.0 Safari/537.36" 
193.61.17.250 - - [31/Oct/2022:08:46:33 -0700] "GET /twitter-icon.png HTTP/1.1" 200 27893 "http://www.secrepo.com/" "Mozilla/5.0 (Macintosh; Intel Mac OS X 10_15_7) AppleWebKit/537.36 (KHTML, like Gecko) Chrome/106.0.0.0 Safari/537.36" 
193.61.17.250 - - [31/Oct/2022:08:46:33 -0700] "GET /GitHub-Mark.png HTTP/1.1" 200 7533 "http://www.secrepo.com/" "Mozilla/5.0 (Macintosh; Intel Mac OS X 10_15_7) AppleWebKit/537.36 (KHTML, like Gecko) Chrome/106.0.0.0 Safari/537.36" 
193.61.17.250 - - [31/Oct/2022:08:47:08 -0700] "GET /bootstrap/img/favicon.ico HTTP/1.1" 200 713 "http://www.secrepo.com/" "Mozilla/5.0 (Macintosh; Intel Mac OS X 10_15_7) AppleWebKit/537.36 (KHTML, like Gecko) Chrome/106.0.0.0 Safari/537.36" 
207.46.13.208 - - [31/Oct/2022:08:47:43 -0700] "GET /self.logs/ HTTP/1.1" 200 39332 "-" "Mozilla/5.0 AppleWebKit/537.36 (KHTML, like Gecko; compatible; bingbot/2.0; +http://www.bing.com/bingbot.htm) Chrome/103.0.5060.134 Safari/537.36" 
114.119.149.237 - - [31/Oct/2022:08:49:17 -0700] "GET /self.logs/error.log.2020-08-11 HTTP/1.1" 200 351 "http://www.secrepo.com/self.logs?C=N%3BO%3DD" "Mozilla/5.0 (Linux; Android 7.0;) AppleWebKit/537.36 (KHTML, like Gecko) Mobile Safari/537.36 (compatible; PetalBot;+https://webmaster.petalsearch.com/site/petalbot)" 
193.61.17.250 - - [31/Oct/2022:08:53:55 -0700] "GET /css/style.css HTTP/1.1" 404 328 "http://www.secrepo.com/" "Mozilla/5.0 (Macintosh; Intel Mac OS X 10_15_7) AppleWebKit/537.36 (KHTML, like Gecko) Chrome/106.0.0.0 Safari/537.36" 
35.78.88.129 - - [31/Oct/2022:08:55:27 -0700] "GET /maccdc2012/http.log.gz HTTP/1.1" 200 56420944 "-" "curl/7.79.1" 
114.119.149.23 - - [31/Oct/2022:09:01:21 -0700] "GET /self.logs/access.log.2017-10-18.gz HTTP/1.1" 200 23565 "-" "Mozilla/5.0 (compatible;PetalBot;+https://webmaster.petalsearch.com/site/petalbot)" 
207.46.13.208 - - [31/Oct/2022:09:02:34 -0700] "GET /self.logs/ HTTP/1.1" 200 39332 "-" "Mozilla/5.0 (compatible; bingbot/2.0; +http://www.bing.com/bingbot.htm)" 
46.121.67.22 - - [31/Oct/2022:09:05:48 -0700] "GET / HTTP/1.1" 200 13186 "-" "Mozilla/5.0 (Macintosh; Intel Mac OS X 10_15_7) AppleWebKit/605.1.15 (KHTML, like Gecko)" 
46.121.67.22 - - [31/Oct/2022:09:05:49 -0700] "GET /apple-touch-icon-precomposed.png HTTP/1.1" 404 328 "-" "Safari/17613.3.9.1.5 CFNetwork/1335.0.3 Darwin/21.6.0" 
46.121.67.22 - - [31/Oct/2022:09:05:49 -0700] "GET /apple-touch-icon.png HTTP/1.1" 404 305 "-" "Safari/17613.3.9.1.5 CFNetwork/1335.0.3 Darwin/21.6.0" 
46.121.67.22 - - [31/Oct/2022:09:05:49 -0700] "GET /bootstrap/img/favicon.ico HTTP/1.1" 200 690 "-" "Safari/17613.3.9.1.5 CFNetwork/1335.0.3 Darwin/21.6.0" 
46.121.67.22 - - [31/Oct/2022:09:05:49 -0700] "GET / HTTP/1.1" 200 13163 "-" "Mozilla/5.0 (iPhone; CPU iPhone OS 14_0 like Mac OS X) AppleWebKit/605.1.15 (KHTML, like Gecko) Version/14.0 Mobile/15E148 Safari/604.1" 
46.121.67.22 - - [31/Oct/2022:09:05:49 -0700] "GET /apple-touch-icon-precomposed.png HTTP/1.1" 404 305 "-" "Safari/17613.3.9.1.5 CFNetwork/1335.0.3 Darwin/21.6.0" 
46.121.67.22 - - [31/Oct/2022:09:05:50 -0700] "GET /apple-touch-icon.png HTTP/1.1" 404 305 "-" "Safari/17613.3.9.1.5 CFNetwork/1335.0.3 Darwin/21.6.0" 
114.119.149.237 - - [31/Oct/2022:09:07:20 -0700] "GET /self.logs/access.log.2017-08-20.gz HTTP/1.1" 200 17392 "-" "Mozilla/5.0 (compatible;PetalBot;+https://webmaster.petalsearch.com/site/petalbot)" 
193.61.18.62 - - [31/Oct/2022:09:08:09 -0700] "GET / HTTP/1.1" 200 13186 "-" "Mozilla/5.0 (Windows NT 10.0; Win64; x64) AppleWebKit/537.36 (KHTML, like Gecko) Chrome/107.0.0.0 Safari/537.36 Edg/107.0.1418.26" 
193.61.18.62 - - [31/Oct/2022:09:08:09 -0700] "GET /css/style.css HTTP/1.1" 404 328 "http://www.secrepo.com/" "Mozilla/5.0 (Windows NT 10.0; Win64; x64) AppleWebKit/537.36 (KHTML, like Gecko) Chrome/107.0.0.0 Safari/537.36 Edg/107.0.1418.26" 
193.61.18.62 - - [31/Oct/2022:09:08:10 -0700] "GET /twitter-icon.png HTTP/1.1" 200 27893 "http://www.secrepo.com/" "Mozilla/5.0 (Windows NT 10.0; Win64; x64) AppleWebKit/537.36 (KHTML, like Gecko) Chrome/107.0.0.0 Safari/537.36 Edg/107.0.1418.26" 
193.61.18.62 - - [31/Oct/2022:09:08:10 -0700] "GET /GitHub-Mark.png HTTP/1.1" 200 7533 "http://www.secrepo.com/" "Mozilla/5.0 (Windows NT 10.0; Win64; x64) AppleWebKit/537.36 (KHTML, like Gecko) Chrome/107.0.0.0 Safari/537.36 Edg/107.0.1418.26" 
193.61.18.62 - - [31/Oct/2022:09:08:10 -0700] "GET /bootstrap/img/favicon.ico HTTP/1.1" 200 690 "http://www.secrepo.com/" "Mozilla/5.0 (Windows NT 10.0; Win64; x64) AppleWebKit/537.36 (KHTML, like Gecko) Chrome/107.0.0.0 Safari/537.36 Edg/107.0.1418.26" 
114.119.140.174 - - [31/Oct/2022:09:13:20 -0700] "GET /self.logs/error.log.2018-12-23.gz HTTP/1.1" 200 3039 "-" "Mozilla/5.0 (compatible;PetalBot;+https://webmaster.petalsearch.com/site/petalbot)" 
207.46.13.208 - - [31/Oct/2022:09:16:56 -0700] "GET /self.logs/ HTTP/1.1" 200 39332 "-" "Mozilla/5.0 AppleWebKit/537.36 (KHTML, like Gecko; compatible; bingbot/2.0; +http://www.bing.com/bingbot.htm) Chrome/103.0.5060.134 Safari/537.36" 
176.9.137.17 - - [31/Oct/2022:09:18:54 -0700] "GET / HTTP/1.1" 200 13142 "-" "Mozilla/5.0 (compatible; MegaIndex.ru/2.0; +http://megaindex.com/crawler)" 
176.9.137.17 - - [31/Oct/2022:09:18:57 -0700] "GET /robots.txt HTTP/1.1" 200 333 "-" "Mozilla/5.0 (compatible; MegaIndex.ru/2.0; +http://megaindex.com/crawler)" 
114.119.140.174 - - [31/Oct/2022:09:31:11 -0700] "GET /self.logs/access.log.2020-07-30.gz HTTP/1.1" 200 13139 "-" "Mozilla/5.0 (compatible;PetalBot;+https://webmaster.petalsearch.com/site/petalbot)" 
207.46.13.208 - - [31/Oct/2022:09:32:18 -0700] "GET /self.logs/ HTTP/1.1" 200 39332 "-" "Mozilla/5.0 (compatible; bingbot/2.0; +http://www.bing.com/bingbot.htm)" 
69.176.89.224 - - [31/Oct/2022:09:32:19 -0700] "GET /Public/admin/lib/webuploader/0.1.5/server/preview.php HTTP/1.1" 301 581 "-" "Mozilla/5.0 (Windows NT 10.0; WOW64; rv:48.0) Gecko/20100101 Firefox/48.0" 
157.55.39.65 - - [31/Oct/2022:09:33:13 -0700] "GET /self.logs/error.log.2017-04-01.gz HTTP/1.1" 200 718 "-" "Mozilla/5.0 (compatible; bingbot/2.0; +http://www.bing.com/bingbot.htm)" 
114.119.149.218 - - [31/Oct/2022:09:37:02 -0700] "GET /self.logs/error.log.2018-09-02.gz HTTP/1.1" 200 5402 "-" "Mozilla/5.0 (compatible;PetalBot;+https://webmaster.petalsearch.com/site/petalbot)" 
106.210.167.110 - - [31/Oct/2022:09:40:37 -0700] "GET / HTTP/1.1" 200 13185 "-" "Mozilla/5.0 (Linux; Android 12; RMX3085) AppleWebKit/537.36 (KHTML, like Gecko) Chrome/106.0.0.0 Mobile Safari/537.36" 
106.210.167.110 - - [31/Oct/2022:09:40:38 -0700] "GET /css/style.css HTTP/1.1" 404 305 "http://www.secrepo.com/" "Mozilla/5.0 (Linux; Android 12; RMX3085) AppleWebKit/537.36 (KHTML, like Gecko) Chrome/106.0.0.0 Mobile Safari/537.36" 
106.210.167.110 - - [31/Oct/2022:09:40:38 -0700] "GET /twitter-icon.png HTTP/1.1" 200 27916 "http://www.secrepo.com/" "Mozilla/5.0 (Linux; Android 12; RMX3085) AppleWebKit/537.36 (KHTML, like Gecko) Chrome/106.0.0.0 Mobile Safari/537.36" 
106.210.167.110 - - [31/Oct/2022:09:40:38 -0700] "GET /GitHub-Mark.png HTTP/1.1" 200 7556 "http://www.secrepo.com/" "Mozilla/5.0 (Linux; Android 12; RMX3085) AppleWebKit/537.36 (KHTML, like Gecko) Chrome/106.0.0.0 Mobile Safari/537.36" 
106.210.167.110 - - [31/Oct/2022:09:40:40 -0700] "GET /bootstrap/img/favicon.ico HTTP/1.1" 304 253 "http://www.secrepo.com/" "Mozilla/5.0 (Linux; Android 12; RMX3085) AppleWebKit/537.36 (KHTML, like Gecko) Chrome/106.0.0.0 Mobile Safari/537.36" 
178.128.111.69 - - [31/Oct/2022:09:41:20 -0700] "GET /admin/index.php HTTP/1.1" 404 328 "-" "Mozlila/5.0 (Linux; Android 7.0; SM-G892A Bulid/NRD90M; wv) AppleWebKit/537.36 (KHTML, like Gecko) Version/4.0 Chrome/60.0.3112.107 Moblie Safari/537.36" 
114.119.149.218 - - [31/Oct/2022:09:43:00 -0700] "GET /self.logs/2015/error.log.2015-08-30.gz HTTP/1.1" 200 701 "-" "Mozilla/5.0 (compatible;PetalBot;+https://webmaster.petalsearch.com/site/petalbot)" 
207.46.13.208 - - [31/Oct/2022:09:47:19 -0700] "GET /self.logs/ HTTP/1.1" 200 39332 "-" "Mozilla/5.0 (compatible; bingbot/2.0; +http://www.bing.com/bingbot.htm)" 
206.47.249.246 - - [31/Oct/2022:09:48:02 -0700] "GET /self.logs/error.log.2019-04-23.gz HTTP/1.1" 304 280 "-" "Mozilla/4.0 (compatible;)" 
114.119.149.228 - - [31/Oct/2022:09:48:57 -0700] "GET /self.logs/2015/error.log.2015-11-29.gz HTTP/1.1" 200 723 "-" "Mozilla/5.0 (compatible;PetalBot;+https://webmaster.petalsearch.com/site/petalbot)" 
114.119.149.228 - - [31/Oct/2022:09:54:57 -0700] "GET /self.logs/error.log.2019-08-09 HTTP/1.1" 200 351 "http://www.secrepo.com/self.logs?C=N%3BO%3DD" "Mozilla/5.0 (Linux; Android 7.0;) AppleWebKit/537.36 (KHTML, like Gecko) Mobile Safari/537.36 (compatible; PetalBot;+https://webmaster.petalsearch.com/site/petalbot)" 
83.221.219.175 - - [31/Oct/2022:09:54:59 -0700] "GET / HTTP/1.1" 200 13186 "-" "Mozilla/5.0 (Macintosh; Intel Mac OS X 10_15_7) AppleWebKit/605.1.15 (KHTML, like Gecko) Version/15.1 Safari/605.1.15" 
83.221.219.175 - - [31/Oct/2022:09:55:00 -0700] "GET /twitter-icon.png HTTP/1.1" 200 27893 "http://www.secrepo.com/" "Mozilla/5.0 (Macintosh; Intel Mac OS X 10_15_7) AppleWebKit/605.1.15 (KHTML, like Gecko) Version/15.1 Safari/605.1.15" 
83.221.219.175 - - [31/Oct/2022:09:55:00 -0700] "GET /css/style.css HTTP/1.1" 404 328 "http://www.secrepo.com/" "Mozilla/5.0 (Macintosh; Intel Mac OS X 10_15_7) AppleWebKit/605.1.15 (KHTML, like Gecko) Version/15.1 Safari/605.1.15" 
83.221.219.175 - - [31/Oct/2022:09:55:00 -0700] "GET /GitHub-Mark.png HTTP/1.1" 200 7533 "http://www.secrepo.com/" "Mozilla/5.0 (Macintosh; Intel Mac OS X 10_15_7) AppleWebKit/605.1.15 (KHTML, like Gecko) Version/15.1 Safari/605.1.15" 
83.221.219.175 - - [31/Oct/2022:09:55:01 -0700] "GET /bootstrap/img/favicon.ico HTTP/1.1" 200 713 "http://www.secrepo.com/" "Mozilla/5.0 (Macintosh; Intel Mac OS X 10_15_7) AppleWebKit/605.1.15 (KHTML, like Gecko) Version/15.1 Safari/605.1.15" 
40.77.167.1 - - [31/Oct/2022:09:58:56 -0700] "GET / HTTP/1.1" 200 13186 "-" "Mozilla/5.0 AppleWebKit/537.36 (KHTML, like Gecko; compatible; bingbot/2.0; +http://www.bing.com/bingbot.htm) Chrome/103.0.5060.134 Safari/537.36" 
157.55.39.217 - - [31/Oct/2022:09:59:01 -0700] "GET /self.logs/error.log.2017-08-22.gz HTTP/1.1" 200 1031 "-" "Mozilla/5.0 (compatible; bingbot/2.0; +http://www.bing.com/bingbot.htm)" 
114.119.149.228 - - [31/Oct/2022:10:00:54 -0700] "GET /self.logs/error.log.2020-09-29 HTTP/1.1" 200 351 "http://www.secrepo.com/self.logs?C=N%3BO%3DD" "Mozilla/5.0 (Linux; Android 7.0;) AppleWebKit/537.36 (KHTML, like Gecko) Mobile Safari/537.36 (compatible; PetalBot;+https://webmaster.petalsearch.com/site/petalbot)" 
207.46.13.208 - - [31/Oct/2022:10:02:30 -0700] "GET /self.logs/ HTTP/1.1" 200 39332 "-" "Mozilla/5.0 AppleWebKit/537.36 (KHTML, like Gecko; compatible; bingbot/2.0; +http://www.bing.com/bingbot.htm) Chrome/103.0.5060.134 Safari/537.36" 
114.119.149.218 - - [31/Oct/2022:10:06:56 -0700] "GET /self.logs/access.log.2018-08-31.gz HTTP/1.1" 200 24031 "-" "Mozilla/5.0 (compatible;PetalBot;+https://webmaster.petalsearch.com/site/petalbot)" 
40.77.167.1 - - [31/Oct/2022:10:16:57 -0700] "GET / HTTP/1.1" 301 475 "-" "Mozilla/5.0 AppleWebKit/537.36 (KHTML, like Gecko; compatible; bingbot/2.0; +http://www.bing.com/bingbot.htm) Chrome/103.0.5060.134 Safari/537.36" 
207.46.13.208 - - [31/Oct/2022:10:17:42 -0700] "GET /self.logs/ HTTP/1.1" 200 39332 "-" "Mozilla/5.0 (compatible; bingbot/2.0; +http://www.bing.com/bingbot.htm)" 
207.46.13.208 - - [31/Oct/2022:10:18:31 -0700] "GET /self.logs/error.log.2017-12-04.gz HTTP/1.1" 200 1711 "-" "Mozilla/5.0 AppleWebKit/537.36 (KHTML, like Gecko; compatible; bingbot/2.0; +http://www.bing.com/bingbot.htm) Chrome/103.0.5060.134 Safari/537.36" 
114.119.149.228 - - [31/Oct/2022:10:19:04 -0700] "GET /self.logs/access.log.2019-10-11.gz HTTP/1.1" 200 23032 "-" "Mozilla/5.0 (compatible;PetalBot;+https://webmaster.petalsearch.com/site/petalbot)" 
40.77.167.1 - - [31/Oct/2022:10:19:38 -0700] "GET / HTTP/1.1" 200 13186 "-" "Mozilla/5.0 (compatible; bingbot/2.0; +http://www.bing.com/bingbot.htm)" 
114.119.149.23 - - [31/Oct/2022:10:30:40 -0700] "GET /self.logs/access.log.2020-01-20.gz HTTP/1.1" 200 13367 "-" "Mozilla/5.0 (compatible;PetalBot;+https://webmaster.petalsearch.com/site/petalbot)" 
207.46.13.208 - - [31/Oct/2022:10:32:14 -0700] "GET /self.logs/ HTTP/1.1" 200 39332 "-" "Mozilla/5.0 AppleWebKit/537.36 (KHTML, like Gecko; compatible; bingbot/2.0; +http://www.bing.com/bingbot.htm) Chrome/103.0.5060.134 Safari/537.36" 
107.167.35.138 - - [31/Oct/2022:10:33:01 -0700] "GET / HTTP/1.1" 200 49089 "-" "-" 
39.103.168.88 - - [31/Oct/2022:10:34:57 -0700] "HEAD / HTTP/1.1" 200 425 "-" "Mozilla/5.0 (linux; u; android 9; zh-cn; v1816a build/pkq1.180819.001) applewebkit/537.36 (khtml, like gecko) version/4.0 chrome/57" 
39.103.168.88 - - [31/Oct/2022:10:34:58 -0700] "GET / HTTP/1.1" 200 13186 "-" "Mozilla/5.0 (linux; u; android 9; zh-cn; v1816a build/pkq1.180819.001) applewebkit/537.36 (khtml, like gecko) version/4.0 chrome/57" 
114.119.145.137 - - [31/Oct/2022:10:41:36 -0700] "GET /self.logs/2015/access.log.2015-09-21.gz HTTP/1.1" 200 5577 "-" "Mozilla/5.0 (compatible;PetalBot;+https://webmaster.petalsearch.com/site/petalbot)" 
207.46.13.208 - - [31/Oct/2022:10:46:03 -0700] "GET /self.logs/ HTTP/1.1" 200 39332 "-" "Mozilla/5.0 AppleWebKit/537.36 (KHTML, like Gecko; compatible; bingbot/2.0; +http://www.bing.com/bingbot.htm) Chrome/103.0.5060.134 Safari/537.36" 
114.119.149.228 - - [31/Oct/2022:10:47:04 -0700] "GET /self.logs/2015/error.log.2015-09-17.gz HTTP/1.1" 200 896 "-" "Mozilla/5.0 (compatible;PetalBot;+https://webmaster.petalsearch.com/site/petalbot)" 
107.167.35.130 - - [31/Oct/2022:10:51:32 -0700] "GET / HTTP/1.1" 200 13186 "http://www.secrepo.com" "Mozilla/5.0 (Windows NT 10.0; Win64; x64) AppleWebKit/537.36 (KHTML, like Gecko) Chrome/87.0.4280.67 Safari/537.36 Edg/87.0.664.52" 
114.119.149.218 - - [31/Oct/2022:10:52:28 -0700] "GET /self.logs/error.log.2019-10-22 HTTP/1.1" 200 351 "http://www.secrepo.com/self.logs?C=N%3BO%3DD" "Mozilla/5.0 (Linux; Android 7.0;) AppleWebKit/537.36 (KHTML, like Gecko) Mobile Safari/537.36 (compatible; PetalBot;+https://webmaster.petalsearch.com/site/petalbot)" 
114.119.149.23 - - [31/Oct/2022:10:57:54 -0700] "GET /self.logs/error.log.2020-09-20 HTTP/1.1" 200 351 "http://www.secrepo.com/self.logs?C=N%3BO%3DD" "Mozilla/5.0 (Linux; Android 7.0;) AppleWebKit/537.36 (KHTML, like Gecko) Mobile Safari/537.36 (compatible; PetalBot;+https://webmaster.petalsearch.com/site/petalbot)" 
207.46.13.208 - - [31/Oct/2022:11:01:56 -0700] "GET /self.logs/ HTTP/1.1" 200 39332 "-" "Mozilla/5.0 (compatible; bingbot/2.0; +http://www.bing.com/bingbot.htm)" 
114.119.149.23 - - [31/Oct/2022:11:03:20 -0700] "GET /self.logs/access.log.2017-03-09.gz HTTP/1.1" 200 22813 "-" "Mozilla/5.0 (compatible;PetalBot;+https://webmaster.petalsearch.com/site/petalbot)" 
114.119.140.174 - - [31/Oct/2022:11:08:45 -0700] "GET /self.logs/error.log.2020-06-30.gz HTTP/1.1" 200 2228 "-" "Mozilla/5.0 (compatible;PetalBot;+https://webmaster.petalsearch.com/site/petalbot)" 
49.7.20.74 - - [31/Oct/2022:11:12:36 -0700] "GET / HTTP/1.1" 200 13149 "-" "Sogou web spider/4.0(+http://www.sogou.com/docs/help/webmasters.htm#07)" 
114.119.145.137 - - [31/Oct/2022:11:14:11 -0700] "GET /self.logs/access.log.2018-07-22.gz HTTP/1.1" 200 18869 "-" "Mozilla/5.0 (compatible;PetalBot;+https://webmaster.petalsearch.com/site/petalbot)" 
207.46.13.208 - - [31/Oct/2022:11:16:38 -0700] "GET /self.logs/ HTTP/1.1" 200 39332 "-" "Mozilla/5.0 (compatible; bingbot/2.0; +http://www.bing.com/bingbot.htm)" 
114.119.149.23 - - [31/Oct/2022:11:19:40 -0700] "GET /self.logs/error.log.2018-08-10.gz HTTP/1.1" 200 6947 "-" "Mozilla/5.0 (compatible;PetalBot;+https://webmaster.petalsearch.com/site/petalbot)" 
51.222.253.19 - - [31/Oct/2022:11:21:19 -0700] "GET /self.logs/?C=M;O=A HTTP/1.1" 200 40876 "-" "Mozilla/5.0 (compatible; AhrefsBot/7.0; +http://ahrefs.com/robot/)" 
114.119.149.218 - - [31/Oct/2022:11:30:33 -0700] "GET /self.logs/error.log.2019-08-13.gz HTTP/1.1" 200 1448 "-" "Mozilla/5.0 (compatible;PetalBot;+https://webmaster.petalsearch.com/site/petalbot)" 
207.46.13.208 - - [31/Oct/2022:11:31:30 -0700] "GET /self.logs/ HTTP/1.1" 200 39332 "-" "Mozilla/5.0 AppleWebKit/537.36 (KHTML, like Gecko; compatible; bingbot/2.0; +http://www.bing.com/bingbot.htm) Chrome/103.0.5060.134 Safari/537.36" 
114.119.149.237 - - [31/Oct/2022:11:35:59 -0700] "GET /self.logs/access.log.2019-10-02.gz HTTP/1.1" 200 23010 "-" "Mozilla/5.0 (compatible;PetalBot;+https://webmaster.petalsearch.com/site/petalbot)" 
114.119.149.23 - - [31/Oct/2022:11:41:25 -0700] "GET /self.logs/access.log.2021-01-07.gz HTTP/1.1" 200 18169 "-" "Mozilla/5.0 (compatible;PetalBot;+https://webmaster.petalsearch.com/site/petalbot)" 
207.46.13.208 - - [31/Oct/2022:11:46:41 -0700] "GET /self.logs/ HTTP/1.1" 200 39332 "-" "Mozilla/5.0 AppleWebKit/537.36 (KHTML, like Gecko; compatible; bingbot/2.0; +http://www.bing.com/bingbot.htm) Chrome/103.0.5060.134 Safari/537.36" 
148.251.168.205 - - [31/Oct/2022:11:53:49 -0700] "GET /robots.txt HTTP/1.1" 200 377 "-" "serpstatbot/2.1 (advanced backlink tracking bot; https://serpstatbot.com/; abuse@serpstatbot.com)" 
148.251.168.205 - - [31/Oct/2022:11:53:49 -0700] "GET /Datasets%20Description/HTML_Bro_log_3/ssl.html HTTP/1.1" 200 1851 "-" "serpstatbot/2.1 (advanced backlink tracking bot; https://serpstatbot.com/; abuse@serpstatbot.com)" 
157.55.39.217 - - [31/Oct/2022:11:54:21 -0700] "GET /self.logs/error.log.2017-08-25.gz HTTP/1.1" 200 1032 "-" "Mozilla/5.0 (compatible; bingbot/2.0; +http://www.bing.com/bingbot.htm)" 
148.251.168.205 - - [31/Oct/2022:11:54:49 -0700] "GET / HTTP/1.1" 200 13186 "-" "serpstatbot/2.1 (advanced backlink tracking bot; https://serpstatbot.com/; abuse@serpstatbot.com)" 
148.251.168.205 - - [31/Oct/2022:11:55:19 -0700] "GET / HTTP/1.1" 200 13186 "-" "serpstatbot/2.1 (advanced backlink tracking bot; https://serpstatbot.com/; abuse@serpstatbot.com)" 
148.251.168.205 - - [31/Oct/2022:11:55:52 -0700] "GET /Datasets%20Description/HTML_Bro_log_1/app_stats.html HTTP/1.1" 200 1591 "-" "serpstatbot/2.1 (advanced backlink tracking bot; https://serpstatbot.com/; abuse@serpstatbot.com)" 
148.251.168.205 - - [31/Oct/2022:11:56:19 -0700] "GET /robots.txt HTTP/1.1" 301 495 "-" "serpstatbot/2.1 (advanced backlink tracking bot; https://serpstatbot.com/; abuse@serpstatbot.com)" 
148.251.168.205 - - [31/Oct/2022:11:56:19 -0700] "GET / HTTP/1.1" 301 474 "-" "serpstatbot/2.1 (advanced backlink tracking bot; https://serpstatbot.com/; abuse@serpstatbot.com)" 
148.251.168.205 - - [31/Oct/2022:11:56:25 -0700] "GET /Datasets%20Description/HTML_Bro_log_1/conn.html HTTP/1.1" 200 2011 "-" "serpstatbot/2.1 (advanced backlink tracking bot; https://serpstatbot.com/; abuse@serpstatbot.com)" 
148.251.168.205 - - [31/Oct/2022:11:56:55 -0700] "GET /Datasets%20Description/HTML_Bro_log_1/dhcp.html HTTP/1.1" 200 1733 "-" "serpstatbot/2.1 (advanced backlink tracking bot; https://serpstatbot.com/; abuse@serpstatbot.com)" 
148.251.168.205 - - [31/Oct/2022:11:57:26 -0700] "GET /Datasets%20Description/HTML_Bro_log_1/dns.html HTTP/1.1" 200 1837 "-" "serpstatbot/2.1 (advanced backlink tracking bot; https://serpstatbot.com/; abuse@serpstatbot.com)" 
114.119.149.23 - - [31/Oct/2022:11:57:47 -0700] "GET /self.logs/error.log.2020-03-16.gz HTTP/1.1" 200 872 "-" "Mozilla/5.0 (compatible;PetalBot;+https://webmaster.petalsearch.com/site/petalbot)" 
148.251.168.205 - - [31/Oct/2022:11:57:58 -0700] "GET /Datasets%20Description/HTML_Bro_log_1/dpd.html HTTP/1.1" 200 1664 "-" "serpstatbot/2.1 (advanced backlink tracking bot; https://serpstatbot.com/; abuse@serpstatbot.com)" 
208.80.194.42 - - [31/Oct/2022:11:58:06 -0700] "GET / HTTP/1.0" 200 49096 "-" "Mozilla/4.0 (compatible; MSIE 6.0; Windows NT 5.1; SV1; .NET CLR 1.1.4322; .NET CLR 2.0.50728)" 
148.251.168.205 - - [31/Oct/2022:11:58:31 -0700] "GET /Datasets%20Description/HTML_Bro_log_1/files.html HTTP/1.1" 200 1918 "-" "serpstatbot/2.1 (advanced backlink tracking bot; https://serpstatbot.com/; abuse@serpstatbot.com)" 
148.251.168.205 - - [31/Oct/2022:11:58:57 -0700] "GET /Datasets%20Description/HTML_Bro_log_1/ftp.html HTTP/1.1" 200 1765 "-" "serpstatbot/2.1 (advanced backlink tracking bot; https://serpstatbot.com/; abuse@serpstatbot.com)" 
148.251.168.205 - - [31/Oct/2022:11:59:26 -0700] "GET /Datasets%20Description/HTML_Bro_log_1/http.html HTTP/1.1" 200 2034 "-" "serpstatbot/2.1 (advanced backlink tracking bot; https://serpstatbot.com/; abuse@serpstatbot.com)" 
148.251.168.205 - - [31/Oct/2022:11:59:52 -0700] "GET /Datasets%20Description/HTML_Bro_log_1/irc.html HTTP/1.1" 200 1781 "-" "serpstatbot/2.1 (advanced backlink tracking bot; https://serpstatbot.com/; abuse@serpstatbot.com)" 
148.251.168.205 - - [31/Oct/2022:12:00:21 -0700] "GET /Datasets%20Description/HTML_Bro_log_1/loaded_scripts.html HTTP/1.1" 200 1543 "-" "serpstatbot/2.1 (advanced backlink tracking bot; https://serpstatbot.com/; abuse@serpstatbot.com)" 
148.251.168.205 - - [31/Oct/2022:12:00:49 -0700] "GET /Datasets%20Description/HTML_Bro_log_1/notice.html HTTP/1.1" 200 2001 "-" "serpstatbot/2.1 (advanced backlink tracking bot; https://serpstatbot.com/; abuse@serpstatbot.com)" 
148.251.168.205 - - [31/Oct/2022:12:01:15 -0700] "GET /Datasets%20Description/HTML_Bro_log_1/packet_filter.html HTTP/1.1" 200 1725 "-" "serpstatbot/2.1 (advanced backlink tracking bot; https://serpstatbot.com/; abuse@serpstatbot.com)" 
207.46.13.208 - - [31/Oct/2022:12:01:42 -0700] "GET /self.logs/ HTTP/1.1" 200 39332 "-" "Mozilla/5.0 (compatible; bingbot/2.0; +http://www.bing.com/bingbot.htm)" 
148.251.168.205 - - [31/Oct/2022:12:01:44 -0700] "GET /Datasets%20Description/HTML_Bro_log_1/ssl.html HTTP/1.1" 200 1860 "-" "serpstatbot/2.1 (advanced backlink tracking bot; https://serpstatbot.com/; abuse@serpstatbot.com)" 
148.251.168.205 - - [31/Oct/2022:12:02:11 -0700] "GET /Datasets%20Description/HTML_Bro_log_1/weird.html HTTP/1.1" 200 1937 "-" "serpstatbot/2.1 (advanced backlink tracking bot; https://serpstatbot.com/; abuse@serpstatbot.com)" 
148.251.168.205 - - [31/Oct/2022:12:02:37 -0700] "GET /Datasets%20Description/HTML_Bro_log_2/app_stats.html HTTP/1.1" 200 1590 "-" "serpstatbot/2.1 (advanced backlink tracking bot; https://serpstatbot.com/; abuse@serpstatbot.com)" 
148.251.168.205 - - [31/Oct/2022:12:03:04 -0700] "GET /Datasets%20Description/HTML_Bro_log_2/conn.html HTTP/1.1" 200 2006 "-" "serpstatbot/2.1 (advanced backlink tracking bot; https://serpstatbot.com/; abuse@serpstatbot.com)" 
114.119.149.237 - - [31/Oct/2022:12:03:14 -0700] "GET /self.logs/error.log.2019-10-10.gz HTTP/1.1" 200 934 "-" "Mozilla/5.0 (compatible;PetalBot;+https://webmaster.petalsearch.com/site/petalbot)" 
148.251.168.205 - - [31/Oct/2022:12:03:33 -0700] "GET /Datasets%20Description/HTML_Bro_log_2/dhcp.html HTTP/1.1" 200 1737 "-" "serpstatbot/2.1 (advanced backlink tracking bot; https://serpstatbot.com/; abuse@serpstatbot.com)" 
148.251.168.205 - - [31/Oct/2022:12:03:58 -0700] "GET /Datasets%20Description/HTML_Bro_log_2/dns.html HTTP/1.1" 200 1831 "-" "serpstatbot/2.1 (advanced backlink tracking bot; https://serpstatbot.com/; abuse@serpstatbot.com)" 
148.251.168.205 - - [31/Oct/2022:12:04:25 -0700] "GET /Datasets%20Description/HTML_Bro_log_2/dpd.html HTTP/1.1" 200 1655 "-" "serpstatbot/2.1 (advanced backlink tracking bot; https://serpstatbot.com/; abuse@serpstatbot.com)" 
148.251.168.205 - - [31/Oct/2022:12:04:50 -0700] "GET /Datasets%20Description/HTML_Bro_log_2/files.html HTTP/1.1" 200 1910 "-" "serpstatbot/2.1 (advanced backlink tracking bot; https://serpstatbot.com/; abuse@serpstatbot.com)" 
148.251.168.205 - - [31/Oct/2022:12:05:15 -0700] "GET /Datasets%20Description/HTML_Bro_log_2/ftp.html HTTP/1.1" 200 1738 "-" "serpstatbot/2.1 (advanced backlink tracking bot; https://serpstatbot.com/; abuse@serpstatbot.com)" 
148.251.168.205 - - [31/Oct/2022:12:05:45 -0700] "GET /Datasets%20Description/HTML_Bro_log_2/http.html HTTP/1.1" 200 2032 "-" "serpstatbot/2.1 (advanced backlink tracking bot; https://serpstatbot.com/; abuse@serpstatbot.com)" 
148.251.168.205 - - [31/Oct/2022:12:06:11 -0700] "GET /Datasets%20Description/HTML_Bro_log_2/irc.html HTTP/1.1" 200 1771 "-" "serpstatbot/2.1 (advanced backlink tracking bot; https://serpstatbot.com/; abuse@serpstatbot.com)" 
148.251.168.205 - - [31/Oct/2022:12:06:35 -0700] "GET /Datasets%20Description/HTML_Bro_log_2/loaded_scripts.html HTTP/1.1" 200 1543 "-" "serpstatbot/2.1 (advanced backlink tracking bot; https://serpstatbot.com/; abuse@serpstatbot.com)" 
148.251.168.205 - - [31/Oct/2022:12:07:03 -0700] "GET /Datasets%20Description/HTML_Bro_log_2/notice.html HTTP/1.1" 200 2006 "-" "serpstatbot/2.1 (advanced backlink tracking bot; https://serpstatbot.com/; abuse@serpstatbot.com)" 
148.251.168.205 - - [31/Oct/2022:12:07:28 -0700] "GET /Datasets%20Description/HTML_Bro_log_2/packet_filter.html HTTP/1.1" 200 1725 "-" "serpstatbot/2.1 (advanced backlink tracking bot; https://serpstatbot.com/; abuse@serpstatbot.com)" 
148.251.168.205 - - [31/Oct/2022:12:07:54 -0700] "GET /Datasets%20Description/HTML_Bro_log_2/ssl.html HTTP/1.1" 200 1860 "-" "serpstatbot/2.1 (advanced backlink tracking bot; https://serpstatbot.com/; abuse@serpstatbot.com)" 
148.251.168.205 - - [31/Oct/2022:12:08:21 -0700] "GET /Datasets%20Description/HTML_Bro_log_2/weird.html HTTP/1.1" 200 1935 "-" "serpstatbot/2.1 (advanced backlink tracking bot; https://serpstatbot.com/; abuse@serpstatbot.com)" 
148.251.168.205 - - [31/Oct/2022:12:08:44 -0700] "GET /Datasets%20Description/HTML_Bro_log_3/app_stats.html HTTP/1.1" 200 1591 "-" "serpstatbot/2.1 (advanced backlink tracking bot; https://serpstatbot.com/; abuse@serpstatbot.com)" 
148.251.168.205 - - [31/Oct/2022:12:09:10 -0700] "GET /Datasets%20Description/HTML_Bro_log_3/conn.html HTTP/1.1" 200 2009 "-" "serpstatbot/2.1 (advanced backlink tracking bot; https://serpstatbot.com/; abuse@serpstatbot.com)" 
148.251.168.205 - - [31/Oct/2022:12:09:35 -0700] "GET /Datasets%20Description/HTML_Bro_log_3/dhcp.html HTTP/1.1" 200 1740 "-" "serpstatbot/2.1 (advanced backlink tracking bot; https://serpstatbot.com/; abuse@serpstatbot.com)" 
148.251.168.205 - - [31/Oct/2022:12:09:59 -0700] "GET /Datasets%20Description/HTML_Bro_log_3/dns.html HTTP/1.1" 200 1830 "-" "serpstatbot/2.1 (advanced backlink tracking bot; https://serpstatbot.com/; abuse@serpstatbot.com)" 
148.251.168.205 - - [31/Oct/2022:12:10:25 -0700] "GET /Datasets%20Description/HTML_Bro_log_3/dpd.html HTTP/1.1" 200 1662 "-" "serpstatbot/2.1 (advanced backlink tracking bot; https://serpstatbot.com/; abuse@serpstatbot.com)" 
148.251.168.205 - - [31/Oct/2022:12:10:49 -0700] "GET /Datasets%20Description/HTML_Bro_log_3/files.html HTTP/1.1" 200 1910 "-" "serpstatbot/2.1 (advanced backlink tracking bot; https://serpstatbot.com/; abuse@serpstatbot.com)" 
148.251.168.205 - - [31/Oct/2022:12:11:14 -0700] "GET /Datasets%20Description/HTML_Bro_log_3/http.html HTTP/1.1" 200 2035 "-" "serpstatbot/2.1 (advanced backlink tracking bot; https://serpstatbot.com/; abuse@serpstatbot.com)" 
148.251.168.205 - - [31/Oct/2022:12:11:38 -0700] "GET /Datasets%20Description/HTML_Bro_log_3/irc.html HTTP/1.1" 200 1784 "-" "serpstatbot/2.1 (advanced backlink tracking bot; https://serpstatbot.com/; abuse@serpstatbot.com)" 
148.251.168.205 - - [31/Oct/2022:12:12:01 -0700] "GET /Datasets%20Description/HTML_Bro_log_3/loaded_scripts.html HTTP/1.1" 200 1543 "-" "serpstatbot/2.1 (advanced backlink tracking bot; https://serpstatbot.com/; abuse@serpstatbot.com)" 
148.251.168.205 - - [31/Oct/2022:12:12:27 -0700] "GET /Datasets%20Description/HTML_Bro_log_3/notice.html HTTP/1.1" 200 2002 "-" "serpstatbot/2.1 (advanced backlink tracking bot; https://serpstatbot.com/; abuse@serpstatbot.com)" 
148.251.168.205 - - [31/Oct/2022:12:12:51 -0700] "GET /Datasets%20Description/HTML_Bro_log_3/packet_filter.html HTTP/1.1" 200 1725 "-" "serpstatbot/2.1 (advanced backlink tracking bot; https://serpstatbot.com/; abuse@serpstatbot.com)" 
148.251.168.205 - - [31/Oct/2022:12:13:16 -0700] "GET /Datasets%20Description/HTML_Bro_log_3/weird.html HTTP/1.1" 200 1931 "-" "serpstatbot/2.1 (advanced backlink tracking bot; https://serpstatbot.com/; abuse@serpstatbot.com)" 
148.251.168.205 - - [31/Oct/2022:12:13:39 -0700] "GET /Datasets%20Description/Network/dhcp.html HTTP/1.1" 200 1461 "-" "serpstatbot/2.1 (advanced backlink tracking bot; https://serpstatbot.com/; abuse@serpstatbot.com)" 
148.251.168.205 - - [31/Oct/2022:12:14:04 -0700] "GET /Datasets%20Description/Network/dns.html HTTP/1.1" 200 1543 "-" "serpstatbot/2.1 (advanced backlink tracking bot; https://serpstatbot.com/; abuse@serpstatbot.com)" 
114.119.149.228 - - [31/Oct/2022:12:14:10 -0700] "GET /self.logs/access.log.2018-08-26.gz HTTP/1.1" 200 29837 "-" "Mozilla/5.0 (compatible;PetalBot;+https://webmaster.petalsearch.com/site/petalbot)" 
148.251.168.205 - - [31/Oct/2022:12:14:27 -0700] "GET /Datasets%20Description/Network/files.html HTTP/1.1" 200 1532 "-" "serpstatbot/2.1 (advanced backlink tracking bot; https://serpstatbot.com/; abuse@serpstatbot.com)" 
148.251.168.205 - - [31/Oct/2022:12:14:51 -0700] "GET /Datasets%20Description/Network/ftp.html HTTP/1.1" 200 1530 "-" "serpstatbot/2.1 (advanced backlink tracking bot; https://serpstatbot.com/; abuse@serpstatbot.com)" 
148.251.168.205 - - [31/Oct/2022:12:15:15 -0700] "GET /Datasets%20Description/Network/http.html HTTP/1.1" 200 1709 "-" "serpstatbot/2.1 (advanced backlink tracking bot; https://serpstatbot.com/; abuse@serpstatbot.com)" 
148.251.168.205 - - [31/Oct/2022:12:15:40 -0700] "GET /Datasets%20Description/Network/notice.html HTTP/1.1" 200 1650 "-" "serpstatbot/2.1 (advanced backlink tracking bot; https://serpstatbot.com/; abuse@serpstatbot.com)" 
148.251.168.205 - - [31/Oct/2022:12:16:02 -0700] "GET /Datasets%20Description/Network/smtp.html HTTP/1.1" 200 1637 "-" "serpstatbot/2.1 (advanced backlink tracking bot; https://serpstatbot.com/; abuse@serpstatbot.com)" 
207.46.13.208 - - [31/Oct/2022:12:16:13 -0700] "GET /self.logs/ HTTP/1.1" 200 39332 "-" "Mozilla/5.0 (compatible; bingbot/2.0; +http://www.bing.com/bingbot.htm)" 
148.251.168.205 - - [31/Oct/2022:12:16:26 -0700] "GET /Datasets%20Description/Network/ssh.html HTTP/1.1" 200 1368 "-" "serpstatbot/2.1 (advanced backlink tracking bot; https://serpstatbot.com/; abuse@serpstatbot.com)" 
148.251.168.205 - - [31/Oct/2022:12:16:50 -0700] "GET /Datasets%20Description/Network/ssl.html HTTP/1.1" 200 1585 "-" "serpstatbot/2.1 (advanced backlink tracking bot; https://serpstatbot.com/; abuse@serpstatbot.com)" 
148.251.168.205 - - [31/Oct/2022:12:17:11 -0700] "GET /Datasets%20Description/Network/tunnel.html HTTP/1.1" 200 1470 "-" "serpstatbot/2.1 (advanced backlink tracking bot; https://serpstatbot.com/; abuse@serpstatbot.com)" 
148.251.168.205 - - [31/Oct/2022:12:17:36 -0700] "GET /Datasets%20Description/Network/weird.html HTTP/1.1" 200 1645 "-" "serpstatbot/2.1 (advanced backlink tracking bot; https://serpstatbot.com/; abuse@serpstatbot.com)" 
148.251.168.205 - - [31/Oct/2022:12:17:59 -0700] "GET /Datasets%20Description/PE_malware/OPCleaver.html HTTP/1.1" 200 1458 "-" "serpstatbot/2.1 (advanced backlink tracking bot; https://serpstatbot.com/; abuse@serpstatbot.com)" 
207.62.43.247 - - [31/Oct/2022:12:18:19 -0700] "GET / HTTP/1.1" 200 13186 "-" "Mozilla/5.0 (Windows NT 10.0; Win64; x64) AppleWebKit/537.36 (KHTML, like Gecko) Chrome/107.0.0.0 Safari/537.36 Edg/107.0.1418.26" 
207.62.43.247 - - [31/Oct/2022:12:18:20 -0700] "GET /css/style.css HTTP/1.1" 404 328 "http://www.secrepo.com/" "Mozilla/5.0 (Windows NT 10.0; Win64; x64) AppleWebKit/537.36 (KHTML, like Gecko) Chrome/107.0.0.0 Safari/537.36 Edg/107.0.1418.26" 
207.62.43.247 - - [31/Oct/2022:12:18:21 -0700] "GET /GitHub-Mark.png HTTP/1.1" 200 7533 "http://www.secrepo.com/" "Mozilla/5.0 (Windows NT 10.0; Win64; x64) AppleWebKit/537.36 (KHTML, like Gecko) Chrome/107.0.0.0 Safari/537.36 Edg/107.0.1418.26" 
207.62.43.247 - - [31/Oct/2022:12:18:21 -0700] "GET /twitter-icon.png HTTP/1.1" 200 27893 "http://www.secrepo.com/" "Mozilla/5.0 (Windows NT 10.0; Win64; x64) AppleWebKit/537.36 (KHTML, like Gecko) Chrome/107.0.0.0 Safari/537.36 Edg/107.0.1418.26" 
148.251.168.205 - - [31/Oct/2022:12:18:21 -0700] "GET /Datasets%20Description/PE_malware/VirusShare.html HTTP/1.1" 200 1651 "-" "serpstatbot/2.1 (advanced backlink tracking bot; https://serpstatbot.com/; abuse@serpstatbot.com)" 
207.62.43.247 - - [31/Oct/2022:12:18:21 -0700] "GET /bootstrap/img/favicon.ico HTTP/1.1" 200 690 "http://www.secrepo.com/" "Mozilla/5.0 (Windows NT 10.0; Win64; x64) AppleWebKit/537.36 (KHTML, like Gecko) Chrome/107.0.0.0 Safari/537.36 Edg/107.0.1418.26" 
148.251.168.205 - - [31/Oct/2022:12:18:44 -0700] "GET /Datasets%20Description/PE_malware/Zeus.html HTTP/1.1" 200 1698 "-" "serpstatbot/2.1 (advanced backlink tracking bot; https://serpstatbot.com/; abuse@serpstatbot.com)" 
114.119.149.228 - - [31/Oct/2022:12:19:41 -0700] "GET /self.logs/access.log.2020-02-13.gz HTTP/1.1" 200 13278 "-" "Mozilla/5.0 (compatible;PetalBot;+https://webmaster.petalsearch.com/site/petalbot)" 
148.251.168.205 - - [31/Oct/2022:12:27:15 -0700] "GET /tg/tg_snort_full.7z HTTP/1.1" 200 8847905 "-" "serpstatbot/2.1 (advanced backlink tracking bot; https://serpstatbot.com/; abuse@serpstatbot.com)" 
148.251.168.205 - - [31/Oct/2022:12:27:45 -0700] "GET /tg/tg_snort_fast.7z HTTP/1.1" 200 4274204 "-" "serpstatbot/2.1 (advanced backlink tracking bot; https://serpstatbot.com/; abuse@serpstatbot.com)" 
148.251.168.205 - - [31/Oct/2022:12:28:13 -0700] "GET /self.logs/ HTTP/1.1" 200 39332 "-" "serpstatbot/2.1 (advanced backlink tracking bot; https://serpstatbot.com/; abuse@serpstatbot.com)" 
148.251.168.205 - - [31/Oct/2022:12:28:43 -0700] "GET /maccdc2012/maccdc2012_full_alert.7z HTTP/1.1" 200 24979053 "-" "serpstatbot/2.1 (advanced backlink tracking bot; https://serpstatbot.com/; abuse@serpstatbot.com)" 
123.123.219.70 - - [31/Oct/2022:12:28:54 -0700] "GET /robots.txt HTTP/1.1" 200 340 "-" "Mozilla/5.0 AppleWebKit/537.36 (KHTML, like Gecko) Chrome/55.0.2883.95 Safari/537.36" 
123.123.219.70 - - [31/Oct/2022:12:28:55 -0700] "GET /self.logs/2015/ HTTP/1.1" 200 7584 "-" "Mozilla/5.0 AppleWebKit/537.36 (KHTML, like Gecko) Chrome/55.0.2883.95 Safari/537.36" 
148.251.168.205 - - [31/Oct/2022:12:29:09 -0700] "GET /maccdc2012/maccdc2012_fast_alert.7z HTTP/1.1" 200 9478260 "-" "serpstatbot/2.1 (advanced backlink tracking bot; https://serpstatbot.com/; abuse@serpstatbot.com)" 
148.251.168.205 - - [31/Oct/2022:12:29:36 -0700] "GET /data HTTP/1.1" 404 328 "-" "serpstatbot/2.1 (advanced backlink tracking bot; https://serpstatbot.com/; abuse@serpstatbot.com)" 
148.251.168.205 - - [31/Oct/2022:12:30:02 -0700] "GET /Datasets%20Description/Network/N/A HTTP/1.1" 404 328 "-" "serpstatbot/2.1 (advanced backlink tracking bot; https://serpstatbot.com/; abuse@serpstatbot.com)" 
207.46.13.208 - - [31/Oct/2022:12:30:55 -0700] "GET /self.logs/ HTTP/1.1" 200 39332 "-" "Mozilla/5.0 (compatible; bingbot/2.0; +http://www.bing.com/bingbot.htm)" 
44.210.96.188 - - [31/Oct/2022:12:34:14 -0700] "GET / HTTP/1.1" 200 13142 "-" "Mozilla/5.0 (compatible; startmebot/1.0; +https://start.me/bot)" 
114.119.149.237 - - [31/Oct/2022:12:36:16 -0700] "GET /self.logs/access.log.2019-09-06.gz HTTP/1.1" 200 23635 "-" "Mozilla/5.0 (compatible;PetalBot;+https://webmaster.petalsearch.com/site/petalbot)" 
114.119.145.137 - - [31/Oct/2022:12:41:53 -0700] "GET /self.logs/access.log.2017-09-06.gz HTTP/1.1" 200 25851 "-" "Mozilla/5.0 (compatible;PetalBot;+https://webmaster.petalsearch.com/site/petalbot)" 
207.46.13.208 - - [31/Oct/2022:12:45:57 -0700] "GET /self.logs/ HTTP/1.1" 200 39332 "-" "Mozilla/5.0 AppleWebKit/537.36 (KHTML, like Gecko; compatible; bingbot/2.0; +http://www.bing.com/bingbot.htm) Chrome/103.0.5060.134 Safari/537.36" 
157.55.39.65 - - [31/Oct/2022:12:49:13 -0700] "GET /self.logs/access.log.2017-09-25.gz HTTP/1.1" 200 31974 "-" "Mozilla/5.0 (compatible; bingbot/2.0; +http://www.bing.com/bingbot.htm)" 
103.131.71.206 - - [31/Oct/2022:12:51:23 -0700] "GET /robots.txt HTTP/1.1" 301 458 "-" "Mozilla/5.0 (compatible; coccocbot-image/1.0; +http://help.coccoc.com/searchengine)" 
103.131.71.206 - - [31/Oct/2022:12:51:25 -0700] "GET /robots.txt HTTP/1.1" 200 340 "-" "Mozilla/5.0 (compatible; coccocbot-image/1.0; +http://help.coccoc.com/searchengine)" 
114.119.149.23 - - [31/Oct/2022:12:58:28 -0700] "GET /self.logs/error.log.2017-01-04.gz HTTP/1.1" 200 4203 "-" "Mozilla/5.0 (compatible;PetalBot;+https://webmaster.petalsearch.com/site/petalbot)" 
148.251.168.205 - - [31/Oct/2022:13:00:08 -0700] "GET /self.logs/error.log.2022-10-06 HTTP/1.1" 200 25215 "-" "serpstatbot/2.1 (advanced backlink tracking bot; https://serpstatbot.com/; abuse@serpstatbot.com)" 
148.251.168.205 - - [31/Oct/2022:13:00:40 -0700] "GET /self.logs/error.log.2022-09-23 HTTP/1.1" 200 351 "-" "serpstatbot/2.1 (advanced backlink tracking bot; https://serpstatbot.com/; abuse@serpstatbot.com)" 
207.46.13.208 - - [31/Oct/2022:13:00:58 -0700] "GET /self.logs/ HTTP/1.1" 200 39332 "-" "Mozilla/5.0 (compatible; bingbot/2.0; +http://www.bing.com/bingbot.htm)" 
148.251.168.205 - - [31/Oct/2022:13:01:11 -0700] "GET /self.logs/error.log.2022-09-21 HTTP/1.1" 200 351 "-" "serpstatbot/2.1 (advanced backlink tracking bot; https://serpstatbot.com/; abuse@serpstatbot.com)" 
148.251.168.205 - - [31/Oct/2022:13:01:42 -0700] "GET /self.logs/error.log.2022-09-11 HTTP/1.1" 200 351 "-" "serpstatbot/2.1 (advanced backlink tracking bot; https://serpstatbot.com/; abuse@serpstatbot.com)" 
148.251.168.205 - - [31/Oct/2022:13:02:11 -0700] "GET /self.logs/error.log.2022-08-18 HTTP/1.1" 200 351 "-" "serpstatbot/2.1 (advanced backlink tracking bot; https://serpstatbot.com/; abuse@serpstatbot.com)" 
148.251.168.205 - - [31/Oct/2022:13:02:42 -0700] "GET /self.logs/error.log.2022-07-21 HTTP/1.1" 200 351 "-" "serpstatbot/2.1 (advanced backlink tracking bot; https://serpstatbot.com/; abuse@serpstatbot.com)" 
148.251.168.205 - - [31/Oct/2022:13:03:08 -0700] "GET /self.logs/error.log.2022-05-05 HTTP/1.1" 200 351 "-" "serpstatbot/2.1 (advanced backlink tracking bot; https://serpstatbot.com/; abuse@serpstatbot.com)" 
148.251.168.205 - - [31/Oct/2022:13:03:37 -0700] "GET /self.logs/error.log.2022-05-01 HTTP/1.1" 200 3952 "-" "serpstatbot/2.1 (advanced backlink tracking bot; https://serpstatbot.com/; abuse@serpstatbot.com)" 
114.119.149.228 - - [31/Oct/2022:13:04:06 -0700] "GET /self.logs/error.log.2020-10-11.gz HTTP/1.1" 200 908 "-" "Mozilla/5.0 (compatible;PetalBot;+https://webmaster.petalsearch.com/site/petalbot)" 
148.251.168.205 - - [31/Oct/2022:13:04:07 -0700] "GET /self.logs/error.log.2022-04-20 HTTP/1.1" 200 351 "-" "serpstatbot/2.1 (advanced backlink tracking bot; https://serpstatbot.com/; abuse@serpstatbot.com)" 
148.251.168.205 - - [31/Oct/2022:13:04:35 -0700] "GET /self.logs/error.log.2022-04-19 HTTP/1.1" 200 351 "-" "serpstatbot/2.1 (advanced backlink tracking bot; https://serpstatbot.com/; abuse@serpstatbot.com)" 
148.251.168.205 - - [31/Oct/2022:13:05:00 -0700] "GET /self.logs/error.log.2022-04-18 HTTP/1.1" 200 3969 "-" "serpstatbot/2.1 (advanced backlink tracking bot; https://serpstatbot.com/; abuse@serpstatbot.com)" 
148.251.168.205 - - [31/Oct/2022:13:05:30 -0700] "GET /self.logs/error.log.2022-04-16 HTTP/1.1" 200 351 "-" "serpstatbot/2.1 (advanced backlink tracking bot; https://serpstatbot.com/; abuse@serpstatbot.com)" 
148.251.168.205 - - [31/Oct/2022:13:05:56 -0700] "GET /self.logs/error.log.2022-04-06 HTTP/1.1" 200 351 "-" "serpstatbot/2.1 (advanced backlink tracking bot; https://serpstatbot.com/; abuse@serpstatbot.com)" 
148.251.168.205 - - [31/Oct/2022:13:06:24 -0700] "GET /self.logs/error.log.2022-03-29 HTTP/1.1" 200 546 "-" "serpstatbot/2.1 (advanced backlink tracking bot; https://serpstatbot.com/; abuse@serpstatbot.com)" 
148.251.168.205 - - [31/Oct/2022:13:06:51 -0700] "GET /self.logs/error.log.2022-03-20 HTTP/1.1" 200 351 "-" "serpstatbot/2.1 (advanced backlink tracking bot; https://serpstatbot.com/; abuse@serpstatbot.com)" 
