218.199.141.18 - - [08/Dec/2019:17:31:32 -0800] "GET /twitter-icon.png HTTP/1.1" 200 27810 "http://www.secrepo.com/" "Mozilla/5.0 (Windows NT 10.0; Win64; x64) AppleWebKit/537.36 (KHTML, like Gecko) Chrome/78.0.3904.108 Safari/537.36" 
218.199.141.18 - - [08/Dec/2019:17:31:32 -0800] "GET /GitHub-Mark.png HTTP/1.1" 200 7450 "http://www.secrepo.com/" "Mozilla/5.0 (Windows NT 10.0; Win64; x64) AppleWebKit/537.36 (KHTML, like Gecko) Chrome/78.0.3904.108 Safari/537.36" 
218.199.141.18 - - [08/Dec/2019:17:31:39 -0800] "GET /bootstrap/img/favicon.ico HTTP/1.1" 200 624 "http://www.secrepo.com/" "Mozilla/5.0 (Windows NT 10.0; Win64; x64) AppleWebKit/537.36 (KHTML, like Gecko) Chrome/78.0.3904.108 Safari/537.36" 
40.77.167.25 - - [08/Dec/2019:17:37:45 -0800] "GET /self.logs/access.log.2017-04-08.gz HTTP/1.1" 200 16173 "-" "Mozilla/5.0 (compatible; bingbot/2.0; +http://www.bing.com/bingbot.htm)" 
68.100.93.143 - - [08/Dec/2019:17:40:04 -0800] "GET / HTTP/1.1" 200 12667 "https://www.reddit.com/r/datasets/comments/3tbxap/cyber_security_datasets/" "Mozilla/5.0 (Windows NT 10.0; Win64; x64) AppleWebKit/537.36 (KHTML, like Gecko) Chrome/64.0.3282.140 Safari/537.36 Edge/18.17763" 
68.100.93.143 - - [08/Dec/2019:17:40:04 -0800] "GET /twitter-icon.png HTTP/1.1" 200 27787 "http://www.secrepo.com/" "Mozilla/5.0 (Windows NT 10.0; Win64; x64) AppleWebKit/537.36 (KHTML, like Gecko) Chrome/64.0.3282.140 Safari/537.36 Edge/18.17763" 
68.100.93.143 - - [08/Dec/2019:17:40:04 -0800] "GET /GitHub-Mark.png HTTP/1.1" 200 7450 "http://www.secrepo.com/" "Mozilla/5.0 (Windows NT 10.0; Win64; x64) AppleWebKit/537.36 (KHTML, like Gecko) Chrome/64.0.3282.140 Safari/537.36 Edge/18.17763" 
68.100.93.143 - - [08/Dec/2019:17:40:04 -0800] "GET /css/style.css HTTP/1.1" 404 271 "http://www.secrepo.com/" "Mozilla/5.0 (Windows NT 10.0; Win64; x64) AppleWebKit/537.36 (KHTML, like Gecko) Chrome/64.0.3282.140 Safari/537.36 Edge/18.17763" 
113.92.152.148 - - [08/Dec/2019:17:46:35 -0800] "GET /favicon.ico HTTP/1.1" 200 302 "-" "Mozilla/5.0 (Windows NT 10.0; WOW64) AppleWebKit/537.36 (KHTML, like Gecko) Chrome/63.0.3239.132 Safari/537.36" 
70.27.132.185 - - [08/Dec/2019:17:47:38 -0800] "GET / HTTP/1.1" 301 475 "-" "Mozilla/5.0 (Windows NT 10.0; Win64; x64; rv:70.0) Gecko/20100101 Firefox/70.0" 
70.27.132.185 - - [08/Dec/2019:17:47:38 -0800] "GET / HTTP/1.1" 200 12667 "-" "Mozilla/5.0 (Windows NT 10.0; Win64; x64; rv:70.0) Gecko/20100101 Firefox/70.0" 
70.27.132.185 - - [08/Dec/2019:17:47:38 -0800] "GET /css/style.css HTTP/1.1" 404 271 "http://www.secrepo.com/" "Mozilla/5.0 (Windows NT 10.0; Win64; x64; rv:70.0) Gecko/20100101 Firefox/70.0" 
70.27.132.185 - - [08/Dec/2019:17:47:38 -0800] "GET /twitter-icon.png HTTP/1.1" 200 27810 "http://www.secrepo.com/" "Mozilla/5.0 (Windows NT 10.0; Win64; x64; rv:70.0) Gecko/20100101 Firefox/70.0" 
70.27.132.185 - - [08/Dec/2019:17:47:38 -0800] "GET /GitHub-Mark.png HTTP/1.1" 200 7450 "http://www.secrepo.com/" "Mozilla/5.0 (Windows NT 10.0; Win64; x64; rv:70.0) Gecko/20100101 Firefox/70.0" 
70.27.132.185 - - [08/Dec/2019:17:47:39 -0800] "GET /bootstrap/img/favicon.ico HTTP/1.1" 200 601 "-" "Mozilla/5.0 (Windows NT 10.0; Win64; x64; rv:70.0) Gecko/20100101 Firefox/70.0" 
70.27.132.185 - - [08/Dec/2019:17:47:45 -0800] "GET /css/style.css HTTP/1.1" 404 294 "http://www.secrepo.com/" "Mozilla/5.0 (Windows NT 10.0; Win64; x64; rv:70.0) Gecko/20100101 Firefox/70.0" 
70.27.132.185 - - [08/Dec/2019:17:48:02 -0800] "GET / HTTP/1.1" 200 12667 "http://www.secrepo.com/" "Mozilla/5.0 (Windows NT 10.0; Win64; x64; rv:70.0) Gecko/20100101 Firefox/70.0" 
70.27.132.185 - - [08/Dec/2019:17:48:03 -0800] "GET /css/style.css HTTP/1.1" 404 271 "http://www.secrepo.com/" "Mozilla/5.0 (Windows NT 10.0; Win64; x64; rv:70.0) Gecko/20100101 Firefox/70.0" 
70.27.132.185 - - [08/Dec/2019:17:48:03 -0800] "GET /bootstrap/img/favicon.ico HTTP/1.1" 200 601 "-" "Mozilla/5.0 (Windows NT 10.0; Win64; x64; rv:70.0) Gecko/20100101 Firefox/70.0" 
211.20.129.110 - - [08/Dec/2019:17:49:26 -0800] "GET /robots.txt HTTP/1.1" 200 251 "-" "Mozilla/5.0 (Windows NT 10.0; Win64; x64) AppleWebKit/537.36 (KHTML, like Gecko) Chrome/76.0.3809.100 Safari/537.36" 
211.20.129.110 - - [08/Dec/2019:17:49:26 -0800] "GET / HTTP/1.1" 200 12630 "-" "Mozilla/5.0 (Windows NT 10.0; Win64; x64) AppleWebKit/537.36 (KHTML, like Gecko) Chrome/76.0.3809.100 Safari/537.36" 
211.20.129.110 - - [08/Dec/2019:17:49:27 -0800] "GET /twitter-icon.png HTTP/1.1" 200 27773 "http://www.secrepo.com/" "Mozilla/5.0 (Windows NT 10.0; Win64; x64) AppleWebKit/537.36 (KHTML, like Gecko) Chrome/76.0.3809.100 Safari/537.36" 
211.20.129.110 - - [08/Dec/2019:17:49:27 -0800] "GET /css/style.css HTTP/1.1" 404 257 "http://www.secrepo.com/" "Mozilla/5.0 (Windows NT 10.0; Win64; x64) AppleWebKit/537.36 (KHTML, like Gecko) Chrome/76.0.3809.100 Safari/537.36" 
211.20.129.110 - - [08/Dec/2019:17:49:27 -0800] "GET /GitHub-Mark.png HTTP/1.1" 200 7413 "http://www.secrepo.com/" "Mozilla/5.0 (Windows NT 10.0; Win64; x64) AppleWebKit/537.36 (KHTML, like Gecko) Chrome/76.0.3809.100 Safari/537.36" 
211.20.129.110 - - [08/Dec/2019:17:49:30 -0800] "GET /bootstrap/img/favicon.ico HTTP/1.1" 200 587 "http://www.secrepo.com/" "Mozilla/5.0 (Windows NT 10.0; Win64; x64) AppleWebKit/537.36 (KHTML, like Gecko) Chrome/76.0.3809.100 Safari/537.36" 
70.27.132.185 - - [08/Dec/2019:17:51:44 -0800] "GET /Datasets%20Description/HTML_Bro_log_2/conn.html HTTP/1.1" 200 1927 "https://www.google.com/" "Mozilla/5.0 (Windows NT 10.0; Win64; x64; rv:70.0) Gecko/20100101 Firefox/70.0" 
70.27.132.185 - - [08/Dec/2019:17:51:44 -0800] "GET /favicon.ico HTTP/1.1" 200 279 "-" "Mozilla/5.0 (Windows NT 10.0; Win64; x64; rv:70.0) Gecko/20100101 Firefox/70.0" 
157.55.39.120 - - [08/Dec/2019:17:53:07 -0800] "GET /self.logs/access.log.2018-02-07.gz HTTP/1.1" 200 29345 "-" "Mozilla/5.0 (compatible; bingbot/2.0; +http://www.bing.com/bingbot.htm)" 
70.27.132.185 - - [08/Dec/2019:17:53:21 -0800] "GET /Datasets%20Description/HTML_Bro_log_1/files.html HTTP/1.1" 200 1839 "https://www.google.com/" "Mozilla/5.0 (Windows NT 10.0; Win64; x64; rv:70.0) Gecko/20100101 Firefox/70.0" 
157.55.39.179 - - [08/Dec/2019:17:54:04 -0800] "GET /self.logs/2016/error.log.2016-08-11.gz HTTP/1.1" 200 625 "-" "Mozilla/5.0 (compatible; bingbot/2.0; +http://www.bing.com/bingbot.htm)" 
70.27.132.185 - - [08/Dec/2019:17:55:35 -0800] "GET / HTTP/1.1" 200 12667 "-" "Mozilla/5.0 (Windows NT 10.0; Win64; x64; rv:70.0) Gecko/20100101 Firefox/70.0" 
70.27.132.185 - - [08/Dec/2019:17:55:35 -0800] "GET /css/style.css HTTP/1.1" 404 271 "http://www.secrepo.com/" "Mozilla/5.0 (Windows NT 10.0; Win64; x64; rv:70.0) Gecko/20100101 Firefox/70.0" 
106.120.122.130 - - [08/Dec/2019:17:58:05 -0800] "GET / HTTP/1.1" 301 475 "-" "Mozilla/5.0 (Windows NT 10.0; Win64; x64) AppleWebKit/537.36 (KHTML, like Gecko) Chrome/78.0.3904.108 Safari/537.36" 
106.120.122.130 - - [08/Dec/2019:17:58:06 -0800] "GET / HTTP/1.1" 200 47363 "-" "Mozilla/4.0 (compatible;)" 
106.120.122.130 - - [08/Dec/2019:17:58:06 -0800] "GET /bootstrap/img/favicon.ico HTTP/1.1" 200 624 "-" "Mozilla/4.0 (compatible;)" 
106.120.122.130 - - [08/Dec/2019:17:58:06 -0800] "GET /css/style.css HTTP/1.1" 404 294 "-" "Mozilla/4.0 (compatible;)" 
106.120.122.130 - - [08/Dec/2019:17:58:08 -0800] "GET /css/style.css HTTP/1.1" 404 294 "http://www.secrepo.com/" "Mozilla/5.0 (Windows NT 10.0; Win64; x64) AppleWebKit/537.36 (KHTML, like Gecko) Chrome/78.0.3904.108 Safari/537.36" 
106.120.122.130 - - [08/Dec/2019:17:58:09 -0800] "GET /twitter-icon.png HTTP/1.1" 200 27810 "-" "Mozilla/4.0 (compatible;)" 
106.120.122.130 - - [08/Dec/2019:17:58:09 -0800] "GET /GitHub-Mark.png HTTP/1.1" 200 7450 "-" "Mozilla/4.0 (compatible;)" 
42.236.10.125 - - [08/Dec/2019:18:00:22 -0800] "GET / HTTP/1.1" 200 12668 "http://baidu.com/" "Mozilla/5.0 (Linux; U; Android 8.1.0; zh-CN; EML-AL00 Build/HUAWEIEML-AL00) AppleWebKit/537.36 (KHTML, like Gecko) Version/4.0 Chrome/57.0.2987.108 baidu.sogo.uc.UCBrowser/11.9.4.974 UWS/2.13.1.48 Mobile Safari/537.36 AliApp(DingTalk/4.5.11) com.alibaba.android.rimet/10487439 Channel/227200 language/zh-CN" 
42.236.10.117 - - [08/Dec/2019:18:00:42 -0800] "GET /css/style.css HTTP/1.1" 404 294 "http://www.secrepo.com/" "Mozilla/5.0 (Linux; U; Android 8.1.0; zh-CN; EML-AL00 Build/HUAWEIEML-AL00) AppleWebKit/537.36 (KHTML, like Gecko) Version/4.0 Chrome/57.0.2987.108 baidu.sogo.uc.UCBrowser/11.9.4.974 UWS/2.13.1.48 Mobile Safari/537.36 AliApp(DingTalk/4.5.11) com.alibaba.android.rimet/10487439 Channel/227200 language/zh-CN" 
157.55.39.120 - - [08/Dec/2019:18:00:49 -0800] "GET /self.logs/error.log.2017-06-27.gz HTTP/1.1" 200 825 "-" "Mozilla/5.0 (compatible; bingbot/2.0; +http://www.bing.com/bingbot.htm)" 
157.55.39.179 - - [08/Dec/2019:18:03:33 -0800] "GET /self.logs/2016/error.log.2016-09-07.gz HTTP/1.1" 200 1381 "-" "Mozilla/5.0 (compatible; bingbot/2.0; +http://www.bing.com/bingbot.htm)" 
40.77.167.25 - - [08/Dec/2019:18:03:39 -0800] "GET /self.logs/2016/error.log.2016-01-17.gz HTTP/1.1" 200 688 "-" "Mozilla/5.0 (compatible; bingbot/2.0; +http://www.bing.com/bingbot.htm)" 
157.55.39.120 - - [08/Dec/2019:18:06:42 -0800] "GET /self.logs/2016/error.log.2016-11-01.gz HTTP/1.1" 200 828 "-" "Mozilla/5.0 (compatible; bingbot/2.0; +http://www.bing.com/bingbot.htm)" 
157.55.39.120 - - [08/Dec/2019:18:06:42 -0800] "GET /self.logs/access.log.2018-01-05.gz HTTP/1.1" 200 25270 "-" "Mozilla/5.0 (compatible; bingbot/2.0; +http://www.bing.com/bingbot.htm)" 
183.192.129.87 - - [08/Dec/2019:18:07:02 -0800] "GET /favicon.ico HTTP/1.1" 200 302 "-" "Mozilla/5.0 (Windows NT 6.1; WOW64) AppleWebKit/537.36 (KHTML, like Gecko) Chrome/65.0.3314.0 Safari/537.36 SE 2.X MetaSr 1.0" 
194.71.211.9 - - [08/Dec/2019:18:09:03 -0800] "GET / HTTP/1.1" 200 12624 "-" "Mozilla/5.0 (compatible; Googlebot/2.1; +http://www.google.com/bot.html)" 
113.171.224.176 - - [08/Dec/2019:18:10:57 -0800] "GET /honeypot/Honeypot%20-%20Howto.pdf HTTP/1.1" 200 61320 "-" "Mozilla/5.0 Gecko/20100115 Firefox/3.6" 
220.181.108.150 - - [08/Dec/2019:18:14:06 -0800] "GET / HTTP/1.1" 301 438 "-" "Mozilla/5.0 (compatible; Baiduspider/2.0; +http://www.baidu.com/search/spider.html)" 
220.181.108.146 - - [08/Dec/2019:18:14:06 -0800] "GET / HTTP/1.1" 200 12631 "-" "Mozilla/5.0 (compatible; Baiduspider/2.0; +http://www.baidu.com/search/spider.html)" 
111.206.198.13 - - [08/Dec/2019:18:14:09 -0800] "GET /css/style.css HTTP/1.1" 404 250 "http://www.secrepo.com/" "Mozilla/5.0 (compatible; Baiduspider-render/2.0; +http://www.baidu.com/search/spider.html)" 
180.163.220.4 - - [08/Dec/2019:18:14:11 -0800] "GET / HTTP/1.1" 301 475 "http://baidu.com/" "Mozilla/5.0 (Linux; U; Android 8.1.0; zh-CN; EML-AL00 Build/HUAWEIEML-AL00) AppleWebKit/537.36 (KHTML, like Gecko) Version/4.0 Chrome/57.0.2987.108 baidu.sogo.uc.UCBrowser/11.9.4.974 UWS/2.13.1.48 Mobile Safari/537.36 AliApp(DingTalk/4.5.11) com.alibaba.android.rimet/10487439 Channel/227200 language/zh-CN" 
180.163.220.4 - - [08/Dec/2019:18:14:13 -0800] "GET / HTTP/1.1" 200 12668 "http://baidu.com/" "Mozilla/5.0 (Linux; U; Android 8.1.0; zh-CN; EML-AL00 Build/HUAWEIEML-AL00) AppleWebKit/537.36 (KHTML, like Gecko) Version/4.0 Chrome/57.0.2987.108 baidu.sogo.uc.UCBrowser/11.9.4.974 UWS/2.13.1.48 Mobile Safari/537.36 AliApp(DingTalk/4.5.11) com.alibaba.android.rimet/10487439 Channel/227200 language/zh-CN" 
180.163.220.4 - - [08/Dec/2019:18:14:13 -0800] "GET /css/style.css HTTP/1.1" 404 271 "http://www.secrepo.com/" "Mozilla/5.0 (Linux; U; Android 8.1.0; zh-CN; EML-AL00 Build/HUAWEIEML-AL00) AppleWebKit/537.36 (KHTML, like Gecko) Version/4.0 Chrome/57.0.2987.108 baidu.sogo.uc.UCBrowser/11.9.4.974 UWS/2.13.1.48 Mobile Safari/537.36 AliApp(DingTalk/4.5.11) com.alibaba.android.rimet/10487439 Channel/227200 language/zh-CN" 
180.163.220.68 - - [08/Dec/2019:18:14:17 -0800] "GET /twitter-icon.png HTTP/1.1" 200 27810 "http://www.secrepo.com/" "Mozilla/5.0 (Linux; U; Android 8.1.0; zh-CN; EML-AL00 Build/HUAWEIEML-AL00) AppleWebKit/537.36 (KHTML, like Gecko) Version/4.0 Chrome/57.0.2987.108 baidu.sogo.uc.UCBrowser/11.9.4.974 UWS/2.13.1.48 Mobile Safari/537.36 AliApp(DingTalk/4.5.11) com.alibaba.android.rimet/10487439 Channel/227200 language/zh-CN" 
180.163.220.68 - - [08/Dec/2019:18:14:18 -0800] "GET /GitHub-Mark.png HTTP/1.1" 200 7427 "http://www.secrepo.com/" "Mozilla/5.0 (Linux; U; Android 8.1.0; zh-CN; EML-AL00 Build/HUAWEIEML-AL00) AppleWebKit/537.36 (KHTML, like Gecko) Version/4.0 Chrome/57.0.2987.108 baidu.sogo.uc.UCBrowser/11.9.4.974 UWS/2.13.1.48 Mobile Safari/537.36 AliApp(DingTalk/4.5.11) com.alibaba.android.rimet/10487439 Channel/227200 language/zh-CN" 
157.55.39.179 - - [08/Dec/2019:18:15:08 -0800] "GET /self.logs/error.log.2017-03-11.gz HTTP/1.1" 200 688 "-" "Mozilla/5.0 (compatible; bingbot/2.0; +http://www.bing.com/bingbot.htm)" 
89.163.242.78 - - [08/Dec/2019:18:16:29 -0800] "GET /robots.txt HTTP/1.1" 301 495 "-" "Mozilla/5.0 (compatible; MJ12bot/v1.4.8; http://mj12bot.com/)" 
89.163.242.78 - - [08/Dec/2019:18:16:33 -0800] "GET /robots.txt HTTP/1.1" 200 288 "-" "Mozilla/5.0 (compatible; MJ12bot/v1.4.8; http://mj12bot.com/)" 
89.163.242.78 - - [08/Dec/2019:18:16:35 -0800] "GET /%C2%A0%C2%A0 HTTP/1.1" 301 427 "-" "Mozilla/5.0 (compatible; MJ12bot/v1.4.8; http://mj12bot.com/)" 
89.163.242.78 - - [08/Dec/2019:18:16:37 -0800] "GET /%C3%82%C2%A0%C3%82 HTTP/1.1" 404 250 "-" "Mozilla/5.0 (compatible; MJ12bot/v1.4.8; http://mj12bot.com/)" 
89.163.242.78 - - [08/Dec/2019:18:16:46 -0800] "GET /honeypot//%22http://amunhoney.sourceforge.net//%22 HTTP/1.1" 404 250 "-" "Mozilla/5.0 (compatible; MJ12bot/v1.4.8; http://mj12bot.com/)" 
89.163.242.78 - - [08/Dec/2019:18:16:52 -0800] "GET /honeypot//%22http://glastopf.org//%22 HTTP/1.1" 404 250 "-" "Mozilla/5.0 (compatible; MJ12bot/v1.4.8; http://mj12bot.com/)" 
89.163.242.78 - - [08/Dec/2019:18:16:57 -0800] "GET /honeypot//%22http://www.maxmind.com/%22 HTTP/1.1" 404 250 "-" "Mozilla/5.0 (compatible; MJ12bot/v1.4.8; http://mj12bot.com/)" 
89.163.242.78 - - [08/Dec/2019:18:17:03 -0800] "GET /honeypot//%22https://twitter.com/sooshie/%22 HTTP/1.1" 404 250 "-" "Mozilla/5.0 (compatible; MJ12bot/v1.4.8; http://mj12bot.com/)" 
89.163.242.78 - - [08/Dec/2019:18:17:12 -0800] "GET /honeypot//%22https://twitter.com/theroxyd/%22 HTTP/1.1" 404 250 "-" "Mozilla/5.0 (compatible; MJ12bot/v1.4.8; http://mj12bot.com/)" 
89.163.242.78 - - [08/Dec/2019:18:17:16 -0800] "GET /%C2%A0 HTTP/1.1" 404 250 "-" "Mozilla/5.0 (compatible; MJ12bot/v1.4.8; http://mj12bot.com/)" 
89.163.242.78 - - [08/Dec/2019:18:17:26 -0800] "GET / HTTP/1.1" 200 12624 "-" "Mozilla/5.0 (compatible; MJ12bot/v1.4.8; http://mj12bot.com/)" 
40.77.167.25 - - [08/Dec/2019:18:19:19 -0800] "GET / HTTP/1.1" 301 475 "-" "Mozilla/5.0 (compatible; bingbot/2.0; +http://www.bing.com/bingbot.htm)" 
157.55.39.120 - - [08/Dec/2019:18:24:50 -0800] "GET /self.logs/access.log.2017-06-05.gz HTTP/1.1" 200 25321 "-" "Mozilla/5.0 (compatible; bingbot/2.0; +http://www.bing.com/bingbot.htm)" 
157.55.39.179 - - [08/Dec/2019:18:25:41 -0800] "GET /self.logs/error.log.2019-09-09.gz HTTP/1.1" 200 1885 "-" "Mozilla/5.0 (compatible; bingbot/2.0; +http://www.bing.com/bingbot.htm)" 
40.77.167.25 - - [08/Dec/2019:18:26:50 -0800] "GET /self.logs/2016/access.log.2016-08-24.gz HTTP/1.1" 200 7430 "-" "Mozilla/5.0 (compatible; bingbot/2.0; +http://www.bing.com/bingbot.htm)" 
194.68.96.102 - - [08/Dec/2019:18:27:38 -0800] "GET / HTTP/1.1" 200 12624 "-" "Mozilla/5.0 (compatible; Googlebot/2.1; +http://www.google.com/bot.html)" 
183.192.129.87 - - [08/Dec/2019:18:28:10 -0800] "GET /favicon.ico HTTP/1.1" 200 302 "-" "Mozilla/5.0 (Windows NT 6.1; WOW64) AppleWebKit/537.36 (KHTML, like Gecko) Chrome/65.0.3314.0 Safari/537.36 SE 2.X MetaSr 1.0" 
52.212.146.96 - - [08/Dec/2019:18:30:03 -0800] "GET /self.logs/access.log.2019-12-02.gz HTTP/1.1" 200 20252 "-" "python-requests/2.12.1" 
52.212.146.96 - - [08/Dec/2019:18:30:03 -0800] "GET /self.logs/access.log.2019-12-03.gz HTTP/1.1" 200 40207 "-" "python-requests/2.12.1" 
52.212.146.96 - - [08/Dec/2019:18:30:03 -0800] "GET /self.logs/access.log.2019-12-04.gz HTTP/1.1" 200 17703 "-" "python-requests/2.12.1" 
52.212.146.96 - - [08/Dec/2019:18:30:03 -0800] "GET /self.logs/access.log.2019-12-05.gz HTTP/1.1" 200 20629 "-" "python-requests/2.12.1" 
52.212.146.96 - - [08/Dec/2019:18:30:04 -0800] "GET /self.logs/access.log.2019-12-06.gz HTTP/1.1" 404 294 "-" "python-requests/2.12.1" 
52.212.146.96 - - [08/Dec/2019:18:30:04 -0800] "GET /self.logs/access.log.2019-12-07.gz HTTP/1.1" 404 294 "-" "python-requests/2.12.1" 
52.212.146.96 - - [08/Dec/2019:18:30:04 -0800] "GET /self.logs/access.log.2019-12-08.gz HTTP/1.1" 404 294 "-" "python-requests/2.12.1" 
40.77.167.25 - - [08/Dec/2019:18:32:12 -0800] "GET / HTTP/1.1" 200 12669 "-" "Mozilla/5.0 (compatible; bingbot/2.0; +http://www.bing.com/bingbot.htm)" 
39.7.55.78 - - [08/Dec/2019:18:34:04 -0800] "GET / HTTP/1.1" 200 12669 "-" "Mozilla/5.0 (Windows NT 6.1; WOW64; Trident/7.0; rv:11.0) like Gecko" 
39.7.55.78 - - [08/Dec/2019:18:34:04 -0800] "GET /css/style.css HTTP/1.1" 404 294 "http://www.secrepo.com/" "Mozilla/5.0 (Windows NT 6.1; WOW64; Trident/7.0; rv:11.0) like Gecko" 
39.7.55.78 - - [08/Dec/2019:18:34:04 -0800] "GET /twitter-icon.png HTTP/1.1" 200 27787 "http://www.secrepo.com/" "Mozilla/5.0 (Windows NT 6.1; WOW64; Trident/7.0; rv:11.0) like Gecko" 
39.7.55.78 - - [08/Dec/2019:18:34:04 -0800] "GET /GitHub-Mark.png HTTP/1.1" 200 7427 "http://www.secrepo.com/" "Mozilla/5.0 (Windows NT 6.1; WOW64; Trident/7.0; rv:11.0) like Gecko" 
39.7.55.78 - - [08/Dec/2019:18:34:06 -0800] "GET /bootstrap/img/favicon.ico HTTP/1.1" 200 624 "-" "Mozilla/5.0 (Windows NT 6.1; WOW64; Trident/7.0; rv:11.0) like Gecko" 
192.165.48.194 - - [08/Dec/2019:18:35:46 -0800] "GET /robots.txt HTTP/1.1" 200 244 "-" "Mozilla/5.0 (Windows NT 5.1; rv:6.0) Gecko/20100101 Firefox/10.0.2" 
40.77.167.25 - - [08/Dec/2019:18:36:43 -0800] "GET / HTTP/1.1" 200 12669 "-" "Mozilla/5.0 (compatible; bingbot/2.0; +http://www.bing.com/bingbot.htm)" 
40.77.188.247 - - [08/Dec/2019:18:36:45 -0800] "GET /css/style.css HTTP/1.1" 404 294 "-" "Mozilla/5.0 (Windows NT 6.1; WOW64) AppleWebKit/534+ (KHTML, like Gecko) BingPreview/1.0b" 
157.55.39.120 - - [08/Dec/2019:18:37:43 -0800] "GET /self.logs/access.log.2018-07-20.gz HTTP/1.1" 200 20381 "-" "Mozilla/5.0 (compatible; bingbot/2.0; +http://www.bing.com/bingbot.htm)" 
59.64.129.103 - - [08/Dec/2019:18:37:46 -0800] "GET /favicon.ico HTTP/1.1" 200 302 "-" "Mozilla/5.0 (Windows NT 10.0; WOW64) AppleWebKit/537.36 (KHTML, like Gecko) Chrome/65.0.3314.0 Safari/537.36 SE 2.X MetaSr 1.0" 
157.55.39.120 - - [08/Dec/2019:18:41:47 -0800] "GET /self.logs/2016/error.log.2016-04-01.gz HTTP/1.1" 200 721 "-" "Mozilla/5.0 (compatible; bingbot/2.0; +http://www.bing.com/bingbot.htm)" 
157.55.39.120 - - [08/Dec/2019:18:41:47 -0800] "GET /self.logs/2016/error.log.2016-06-15.gz HTTP/1.1" 200 1090 "-" "Mozilla/5.0 (compatible; bingbot/2.0; +http://www.bing.com/bingbot.htm)" 
66.249.69.234 - - [08/Dec/2019:18:43:25 -0800] "GET /css/style.css HTTP/1.1" 404 294 "http://www.secrepo.com/" "Mozilla/5.0 (Linux; Android 6.0.1; Nexus 5X Build/MMB29P) AppleWebKit/537.36 (KHTML, like Gecko) Chrome/41.0.2272.96 Mobile Safari/537.36 (compatible; Googlebot/2.1; +http://www.google.com/bot.html)" 
17.58.100.40 - - [08/Dec/2019:18:48:24 -0800] "GET /robots.txt HTTP/1.1" 200 244 "-" "Mozilla/5.0 (Macintosh; Intel Mac OS X 10_10_1) AppleWebKit/600.2.5 (KHTML, like Gecko) Version/8.0.2 Safari/600.2.5 (Applebot/0.1; +http://www.apple.com/go/applebot)" 
17.58.97.103 - - [08/Dec/2019:18:48:24 -0800] "GET /Datasets%20Description/PE_malware/OPCleaver.html HTTP/1.1" 200 1335 "-" "Mozilla/5.0 (Macintosh; Intel Mac OS X 10_10_1) AppleWebKit/600.2.5 (KHTML, like Gecko) Version/8.0.2 Safari/600.2.5 (Applebot/0.1; +http://www.apple.com/go/applebot)" 
162.210.196.130 - - [08/Dec/2019:18:52:32 -0800] "GET /robots.txt HTTP/1.1" 200 288 "-" "Mozilla/5.0 (compatible; MJ12bot/v1.4.8; http://mj12bot.com/)" 
162.210.196.130 - - [08/Dec/2019:18:52:35 -0800] "GET / HTTP/1.1" 200 12624 "-" "Mozilla/5.0 (compatible; MJ12bot/v1.4.8; http://mj12bot.com/)" 
193.180.166.243 - - [08/Dec/2019:18:52:58 -0800] "GET / HTTP/1.1" 200 12624 "-" "Mozilla/5.0 (compatible; Googlebot/2.1; +http://www.google.com/bot.html)" 
40.77.167.25 - - [08/Dec/2019:18:54:22 -0800] "GET /self.logs/access.log.2019-08-13.gz HTTP/1.1" 200 29021 "-" "Mozilla/5.0 (compatible; bingbot/2.0; +http://www.bing.com/bingbot.htm)" 
222.187.226.11 - - [08/Dec/2019:18:55:45 -0800] "GET / HTTP/1.1" 200 47363 "-" "-" 
193.183.171.210 - - [08/Dec/2019:18:58:50 -0800] "GET /robots.txt HTTP/1.1" 200 244 "-" "Mozilla/5.0 (Windows NT 5.1; rv:6.0) Gecko/20100101 Firefox/10.0.2" 
193.180.166.243 - - [08/Dec/2019:18:59:08 -0800] "GET / HTTP/1.1" 200 12624 "-" "Mozilla/5.0 (Windows NT 5.1; rv:6.0) Gecko/20100101 Firefox/10.0.2" 
157.55.39.179 - - [08/Dec/2019:18:59:32 -0800] "GET /self.logs/error.log.2018-02-08.gz HTTP/1.1" 200 4799 "-" "Mozilla/5.0 (compatible; bingbot/2.0; +http://www.bing.com/bingbot.htm)" 
157.55.39.179 - - [08/Dec/2019:18:59:32 -0800] "GET /self.logs/access.log.2019-07-02.gz HTTP/1.1" 200 29096 "-" "Mozilla/5.0 (compatible; bingbot/2.0; +http://www.bing.com/bingbot.htm)" 
157.55.39.179 - - [08/Dec/2019:19:01:51 -0800] "GET /self.logs/error.log.2017-06-19.gz HTTP/1.1" 200 813 "-" "Mozilla/5.0 (compatible; bingbot/2.0; +http://www.bing.com/bingbot.htm)" 
157.55.39.120 - - [08/Dec/2019:19:02:13 -0800] "GET /self.logs/2016/access.log.2016-10-16.gz HTTP/1.1" 200 10637 "-" "Mozilla/5.0 (compatible; bingbot/2.0; +http://www.bing.com/bingbot.htm)" 
67.177.4.68 - - [08/Dec/2019:19:02:29 -0800] "GET / HTTP/1.1" 200 12668 "-" "Mozilla/5.0 (Macintosh; Intel Mac OS X 10_14_6) AppleWebKit/537.36 (KHTML, like Gecko) Chrome/78.0.3904.108 Safari/537.36" 
67.177.4.68 - - [08/Dec/2019:19:02:29 -0800] "GET /css/style.css HTTP/1.1" 404 271 "http://www.secrepo.com/" "Mozilla/5.0 (Macintosh; Intel Mac OS X 10_14_6) AppleWebKit/537.36 (KHTML, like Gecko) Chrome/78.0.3904.108 Safari/537.36" 
67.177.4.68 - - [08/Dec/2019:19:02:29 -0800] "GET /twitter-icon.png HTTP/1.1" 200 27810 "http://www.secrepo.com/" "Mozilla/5.0 (Macintosh; Intel Mac OS X 10_14_6) AppleWebKit/537.36 (KHTML, like Gecko) Chrome/78.0.3904.108 Safari/537.36" 
67.177.4.68 - - [08/Dec/2019:19:02:29 -0800] "GET /GitHub-Mark.png HTTP/1.1" 200 7427 "http://www.secrepo.com/" "Mozilla/5.0 (Macintosh; Intel Mac OS X 10_14_6) AppleWebKit/537.36 (KHTML, like Gecko) Chrome/78.0.3904.108 Safari/537.36" 
67.177.4.68 - - [08/Dec/2019:19:02:30 -0800] "GET /bootstrap/img/favicon.ico HTTP/1.1" 200 601 "http://www.secrepo.com/" "Mozilla/5.0 (Macintosh; Intel Mac OS X 10_14_6) AppleWebKit/537.36 (KHTML, like Gecko) Chrome/78.0.3904.108 Safari/537.36" 
39.98.123.190 - - [08/Dec/2019:19:05:26 -0800] "HEAD /include/dialog/select_soft_post.php HTTP/1.1" 301 258 "-" "-" 
39.98.123.190 - - [08/Dec/2019:19:05:27 -0800] "HEAD /config/AspCms_config.asp HTTP/1.1" 301 247 "-" "-" 
40.77.167.92 - - [08/Dec/2019:19:06:57 -0800] "GET /self.logs/2016/error.log.2016-08-16.gz HTTP/1.1" 200 981 "-" "Mozilla/5.0 (compatible; bingbot/2.0; +http://www.bing.com/bingbot.htm)" 
36.110.199.10 - - [08/Dec/2019:19:10:30 -0800] "GET /Datasets%20Description/Network/notice.html HTTP/1.1" 200 1534 "-" "Mozilla/5.0 (compatible; Baiduspider/2.0; +http://www.baidu.com/search/spider.html)" 
113.171.224.176 - - [08/Dec/2019:19:15:07 -0800] "GET /honeypot/Honeypot%20-%20Howto.pdf HTTP/1.1" 200 61320 "-" "Mozilla/5.0 Gecko/20100115 Firefox/3.6" 
17.58.97.103 - - [08/Dec/2019:19:16:18 -0800] "GET /Datasets%20Description/Network/smtp.html HTTP/1.1" 200 1514 "-" "Mozilla/5.0 (Macintosh; Intel Mac OS X 10_10_1) AppleWebKit/600.2.5 (KHTML, like Gecko) Version/8.0.2 Safari/600.2.5 (Applebot/0.1; +http://www.apple.com/go/applebot)" 
101.91.60.104 - - [08/Dec/2019:19:17:51 -0800] "GET / HTTP/1.1" 200 47363 "-" "Mozilla/5.0 (Windows NT 6.1; WOW64; rv:50.0) Gecko/20100101 Firefox/50.0" 
123.58.108.166 - - [08/Dec/2019:19:25:50 -0800] "GET / HTTP/1.1" 200 12667 "-" "Mozilla/5.0 (Macintosh; Intel Mac OS X 10_13_6) AppleWebKit/537.36 (KHTML, like Gecko) Chrome/78.0.3904.108 Safari/537.36" 
123.58.108.166 - - [08/Dec/2019:19:25:50 -0800] "GET /twitter-icon.png HTTP/1.1" 200 27810 "http://www.secrepo.com/" "Mozilla/5.0 (Macintosh; Intel Mac OS X 10_13_6) AppleWebKit/537.36 (KHTML, like Gecko) Chrome/78.0.3904.108 Safari/537.36" 
123.58.108.166 - - [08/Dec/2019:19:25:50 -0800] "GET /GitHub-Mark.png HTTP/1.1" 200 7450 "http://www.secrepo.com/" "Mozilla/5.0 (Macintosh; Intel Mac OS X 10_13_6) AppleWebKit/537.36 (KHTML, like Gecko) Chrome/78.0.3904.108 Safari/537.36" 
123.58.108.166 - - [08/Dec/2019:19:25:50 -0800] "GET /css/style.css HTTP/1.1" 404 271 "http://www.secrepo.com/" "Mozilla/5.0 (Macintosh; Intel Mac OS X 10_13_6) AppleWebKit/537.36 (KHTML, like Gecko) Chrome/78.0.3904.108 Safari/537.36" 
192.121.156.225 - - [08/Dec/2019:19:29:54 -0800] "GET / HTTP/1.1" 200 12623 "-" "Mozilla/5.0 (compatible; Googlebot/2.1; +http://www.google.com/bot.html)" 
192.121.156.225 - - [08/Dec/2019:19:29:55 -0800] "GET /robots.txt HTTP/1.1" 200 244 "-" "Mozilla/5.0 (Windows NT 5.1; rv:6.0) Gecko/20100101 Firefox/10.0.2" 
194.14.85.108 - - [08/Dec/2019:19:30:13 -0800] "GET / HTTP/1.1" 200 12623 "-" "Mozilla/5.0 (Windows NT 5.1; rv:6.0) Gecko/20100101 Firefox/10.0.2" 
42.236.10.109 - - [08/Dec/2019:19:34:55 -0800] "GET / HTTP/1.1" 200 12667 "http://www.secrepo.com/" "Mozilla/5.0 (Windows NT 6.1; WOW64) AppleWebKit/537.36 (KHTML, like Gecko) Chrome/50.0.2661.102 Safari/537.36; 360Spider" 
178.128.162.119 - - [08/Dec/2019:19:35:15 -0800] "GET / HTTP/1.1" 301 438 "-" "Mozilla/5.0 (Macintosh; Intel Mac OS X 10_11_6) AppleWebKit/602.4.8 (KHTML, like Gecko) Version/10.0.3 Safari/602.4.8" 
178.128.162.119 - - [08/Dec/2019:19:35:15 -0800] "GET / HTTP/1.1" 200 12630 "-" "Mozilla/5.0 (Windows NT 6.1; WOW64) AppleWebKit/537.36 (KHTML, like Gecko) Chrome/56.0.2924.87 Safari/537.36" 
154.209.253.141 - - [08/Dec/2019:19:39:47 -0800] "HEAD //htadmin/login.php HTTP/1.1" 404 275 "-" "-" 
154.209.253.141 - - [08/Dec/2019:19:39:47 -0800] "HEAD //admin/login.php HTTP/1.1" 404 231 "-" "-" 
154.209.253.141 - - [08/Dec/2019:19:39:47 -0800] "HEAD //admindede/login.php HTTP/1.1" 404 231 "-" "-" 
154.209.253.141 - - [08/Dec/2019:19:39:47 -0800] "HEAD //dede/login.php HTTP/1.1" 404 231 "-" "-" 
154.209.253.141 - - [08/Dec/2019:19:39:47 -0800] "HEAD //manager/login.php HTTP/1.1" 404 231 "-" "-" 
154.209.253.141 - - [08/Dec/2019:19:39:48 -0800] "HEAD //manage/login.php HTTP/1.1" 404 231 "-" "-" 
40.77.167.92 - - [08/Dec/2019:19:40:29 -0800] "GET /self.logs/access.log.2019-07-11.gz HTTP/1.1" 200 63785 "-" "Mozilla/5.0 (compatible; bingbot/2.0; +http://www.bing.com/bingbot.htm)" 
40.77.167.92 - - [08/Dec/2019:19:40:29 -0800] "GET /self.logs/error.log.2019-10-12.gz HTTP/1.1" 200 742 "-" "Mozilla/5.0 (compatible; bingbot/2.0; +http://www.bing.com/bingbot.htm)" 
203.149.38.130 - - [08/Dec/2019:19:41:30 -0800] "GET / HTTP/1.1" 200 12667 "-" "Mozilla/5.0 (Windows NT 10.0; Win64; x64) AppleWebKit/537.36 (KHTML, like Gecko) Chrome/78.0.3904.108 Safari/537.36" 
203.149.38.130 - - [08/Dec/2019:19:41:31 -0800] "GET /css/style.css HTTP/1.1" 404 271 "http://www.secrepo.com/" "Mozilla/5.0 (Windows NT 10.0; Win64; x64) AppleWebKit/537.36 (KHTML, like Gecko) Chrome/78.0.3904.108 Safari/537.36" 
203.149.38.130 - - [08/Dec/2019:19:41:31 -0800] "GET /twitter-icon.png HTTP/1.1" 200 27810 "http://www.secrepo.com/" "Mozilla/5.0 (Windows NT 10.0; Win64; x64) AppleWebKit/537.36 (KHTML, like Gecko) Chrome/78.0.3904.108 Safari/537.36" 
203.149.38.130 - - [08/Dec/2019:19:41:31 -0800] "GET /GitHub-Mark.png HTTP/1.1" 200 7450 "http://www.secrepo.com/" "Mozilla/5.0 (Windows NT 10.0; Win64; x64) AppleWebKit/537.36 (KHTML, like Gecko) Chrome/78.0.3904.108 Safari/537.36" 
118.189.161.133 - - [08/Dec/2019:19:42:40 -0800] "GET / HTTP/1.1" 200 12667 "-" "Mozilla/5.0 (Windows NT 10.0; Win64; x64) AppleWebKit/537.36 (KHTML, like Gecko) Chrome/78.0.3904.108 Safari/537.36" 
118.189.161.133 - - [08/Dec/2019:19:42:40 -0800] "GET /css/style.css HTTP/1.1" 404 271 "http://www.secrepo.com/" "Mozilla/5.0 (Windows NT 10.0; Win64; x64) AppleWebKit/537.36 (KHTML, like Gecko) Chrome/78.0.3904.108 Safari/537.36" 
118.189.161.133 - - [08/Dec/2019:19:42:40 -0800] "GET /twitter-icon.png HTTP/1.1" 200 27810 "http://www.secrepo.com/" "Mozilla/5.0 (Windows NT 10.0; Win64; x64) AppleWebKit/537.36 (KHTML, like Gecko) Chrome/78.0.3904.108 Safari/537.36" 
118.189.161.133 - - [08/Dec/2019:19:42:40 -0800] "GET /GitHub-Mark.png HTTP/1.1" 200 7450 "http://www.secrepo.com/" "Mozilla/5.0 (Windows NT 10.0; Win64; x64) AppleWebKit/537.36 (KHTML, like Gecko) Chrome/78.0.3904.108 Safari/537.36" 
118.189.161.133 - - [08/Dec/2019:19:42:41 -0800] "GET /bootstrap/img/favicon.ico HTTP/1.1" 200 601 "http://www.secrepo.com/" "Mozilla/5.0 (Windows NT 10.0; Win64; x64) AppleWebKit/537.36 (KHTML, like Gecko) Chrome/78.0.3904.108 Safari/537.36" 
17.58.97.103 - - [08/Dec/2019:19:43:34 -0800] "GET /Datasets%20Description/Network/http.html HTTP/1.1" 200 1586 "-" "Mozilla/5.0 (Macintosh; Intel Mac OS X 10_10_1) AppleWebKit/600.2.5 (KHTML, like Gecko) Version/8.0.2 Safari/600.2.5 (Applebot/0.1; +http://www.apple.com/go/applebot)" 
54.36.148.156 - - [08/Dec/2019:20:08:29 -0800] "GET /robots.txt HTTP/1.1" 301 439 "-" "Mozilla/5.0 (compatible; AhrefsBot/6.1; +http://ahrefs.com/robot/)" 
54.36.148.156 - - [08/Dec/2019:20:08:29 -0800] "GET /robots.txt HTTP/1.1" 200 244 "-" "Mozilla/5.0 (compatible; AhrefsBot/6.1; +http://ahrefs.com/robot/)" 
66.249.69.236 - - [08/Dec/2019:20:09:18 -0800] "GET /Datasets%20Description/HTML_Bro_log_2/loaded_scripts.html HTTP/1.1" 200 1464 "-" "Mozilla/5.0 (Linux; Android 6.0.1; Nexus 5X Build/MMB29P) AppleWebKit/537.36 (KHTML, like Gecko) Chrome/41.0.2272.96 Mobile Safari/537.36 (compatible; Googlebot/2.1; +http://www.google.com/bot.html)" 
40.77.167.92 - - [08/Dec/2019:20:12:58 -0800] "GET /self.logs/2016/error.log.2016-07-01.gz HTTP/1.1" 200 927 "-" "Mozilla/5.0 (compatible; bingbot/2.0; +http://www.bing.com/bingbot.htm)" 
157.55.39.120 - - [08/Dec/2019:20:14:35 -0800] "GET /self.logs/error.log.2017-10-17.gz HTTP/1.1" 200 4020 "-" "Mozilla/5.0 (compatible; bingbot/2.0; +http://www.bing.com/bingbot.htm)" 
85.208.96.65 - - [08/Dec/2019:20:14:52 -0800] "GET /robots.txt HTTP/1.1" 301 439 "-" "Mozilla/5.0 (compatible; SemrushBot/1.0~bm; +http://www.semrush.com/bot.html)" 
85.208.96.65 - - [08/Dec/2019:20:14:55 -0800] "GET /robots.txt HTTP/1.1" 200 244 "-" "Mozilla/5.0 (compatible; SemrushBot/1.0~bm; +http://www.semrush.com/bot.html)" 
154.209.253.149 - - [08/Dec/2019:20:15:33 -0800] "GET /js/common.js HTTP/1.1" 404 294 "http://www.secrepo.com/js/common.js" "Mozilla/5.0 (compatible; MSIE 9.0; Windows NT 6.1; Win64; x64; Trident/5.0)" 
113.171.224.176 - - [08/Dec/2019:20:19:03 -0800] "GET /honeypot/Honeypot%20-%20Howto.pdf HTTP/1.1" 200 61320 "-" "Mozilla/5.0 Gecko/20100115 Firefox/3.6" 
40.77.167.92 - - [08/Dec/2019:20:23:10 -0800] "GET /self.logs/access.log.2019-01-27.gz HTTP/1.1" 200 20213 "-" "Mozilla/5.0 (compatible; bingbot/2.0; +http://www.bing.com/bingbot.htm)" 
40.77.167.92 - - [08/Dec/2019:20:23:10 -0800] "GET /self.logs/2016/error.log.2016-07-27.gz HTTP/1.1" 200 909 "-" "Mozilla/5.0 (compatible; bingbot/2.0; +http://www.bing.com/bingbot.htm)" 
40.77.167.92 - - [08/Dec/2019:20:23:10 -0800] "GET /self.logs/access.log.2017-08-15.gz HTTP/1.1" 200 57562 "-" "Mozilla/5.0 (compatible; bingbot/2.0; +http://www.bing.com/bingbot.htm)" 
40.77.167.92 - - [08/Dec/2019:20:23:10 -0800] "GET /self.logs/access.log.2017-10-11.gz HTTP/1.1" 200 46161 "-" "Mozilla/5.0 (compatible; bingbot/2.0; +http://www.bing.com/bingbot.htm)" 
40.77.167.92 - - [08/Dec/2019:20:23:20 -0800] "GET /self.logs/2016/error.log.2016-04-03.gz HTTP/1.1" 200 595 "-" "Mozilla/5.0 (compatible; bingbot/2.0; +http://www.bing.com/bingbot.htm)" 
40.77.167.92 - - [08/Dec/2019:20:23:20 -0800] "GET /self.logs/error.log.2017-01-30.gz HTTP/1.1" 200 1854 "-" "Mozilla/5.0 (compatible; bingbot/2.0; +http://www.bing.com/bingbot.htm)" 
66.249.69.234 - - [08/Dec/2019:20:32:23 -0800] "GET /Datasets%20Description/HTML_Bro_log_3/notice.html HTTP/1.1" 200 1923 "-" "Mozilla/5.0 (Linux; Android 6.0.1; Nexus 5X Build/MMB29P) AppleWebKit/537.36 (KHTML, like Gecko) Chrome/41.0.2272.96 Mobile Safari/537.36 (compatible; Googlebot/2.1; +http://www.google.com/bot.html)" 
117.22.31.179 - - [08/Dec/2019:20:37:21 -0800] "GET / HTTP/1.1" 200 12666 "-" "Mozilla/5.0 (Linux; Android 9; YAL-AL50) AppleWebKit/537.36 (KHTML, like Gecko) Chrome/78.0.3904.90 Mobile Safari/537.36" 
117.22.31.179 - - [08/Dec/2019:20:37:21 -0800] "GET /css/style.css HTTP/1.1" 404 294 "http://www.secrepo.com/" "Mozilla/5.0 (Linux; Android 9; YAL-AL50) AppleWebKit/537.36 (KHTML, like Gecko) Chrome/78.0.3904.90 Mobile Safari/537.36" 
117.22.31.179 - - [08/Dec/2019:20:37:22 -0800] "GET /twitter-icon.png HTTP/1.1" 200 27787 "http://www.secrepo.com/" "Mozilla/5.0 (Linux; Android 9; YAL-AL50) AppleWebKit/537.36 (KHTML, like Gecko) Chrome/78.0.3904.90 Mobile Safari/537.36" 
117.22.31.179 - - [08/Dec/2019:20:37:22 -0800] "GET /GitHub-Mark.png HTTP/1.1" 200 7450 "http://www.secrepo.com/" "Mozilla/5.0 (Linux; Android 9; YAL-AL50) AppleWebKit/537.36 (KHTML, like Gecko) Chrome/78.0.3904.90 Mobile Safari/537.36" 
27.6.106.21 - - [08/Dec/2019:20:48:56 -0800] "GET / HTTP/1.1" 200 12666 "http://www.secrepo.com/" "Mozilla/5.0 (X11; Ubuntu; Linux x86_64; rv:70.0) Gecko/20100101 Firefox/70.0" 
27.6.106.21 - - [08/Dec/2019:20:48:57 -0800] "GET /css/style.css HTTP/1.1" 404 271 "http://www.secrepo.com/" "Mozilla/5.0 (X11; Ubuntu; Linux x86_64; rv:70.0) Gecko/20100101 Firefox/70.0" 
27.6.106.21 - - [08/Dec/2019:20:48:59 -0800] "GET /css/style.css HTTP/1.1" 404 294 "http://www.secrepo.com/" "Mozilla/5.0 (X11; Ubuntu; Linux x86_64; rv:70.0) Gecko/20100101 Firefox/70.0" 
66.249.69.236 - - [08/Dec/2019:20:50:50 -0800] "GET / HTTP/1.1" 200 12666 "-" "Mozilla/5.0 (Linux; Android 6.0.1; Nexus 5X Build/MMB29P) AppleWebKit/537.36 (KHTML, like Gecko) Chrome/41.0.2272.96 Mobile Safari/537.36 (compatible; Googlebot/2.1; +http://www.google.com/bot.html)" 
66.249.69.236 - - [08/Dec/2019:20:50:53 -0800] "GET /css/style.css HTTP/1.1" 404 294 "http://www.secrepo.com/" "Mozilla/5.0 (Linux; Android 6.0.1; Nexus 5X Build/MMB29P) AppleWebKit/537.36 (KHTML, like Gecko) Chrome/41.0.2272.96 Mobile Safari/537.36 (compatible; Googlebot/2.1; +http://www.google.com/bot.html)" 
157.55.39.120 - - [08/Dec/2019:20:52:34 -0800] "GET /self.logs/2016/error.log.2016-04-12.gz HTTP/1.1" 200 961 "-" "Mozilla/5.0 (compatible; bingbot/2.0; +http://www.bing.com/bingbot.htm)" 
157.55.39.120 - - [08/Dec/2019:20:54:24 -0800] "GET /self.logs/error.log.2018-08-27.gz HTTP/1.1" 200 5915 "-" "Mozilla/5.0 (compatible; bingbot/2.0; +http://www.bing.com/bingbot.htm)" 
157.55.39.120 - - [08/Dec/2019:20:54:24 -0800] "GET /self.logs/access.log.2019-04-02.gz HTTP/1.1" 200 29342 "-" "Mozilla/5.0 (compatible; bingbot/2.0; +http://www.bing.com/bingbot.htm)" 
40.77.167.59 - - [08/Dec/2019:20:56:10 -0800] "GET /self.logs/access.log.2019-10-15.gz HTTP/1.1" 200 19615 "-" "Mozilla/5.0 (compatible; bingbot/2.0; +http://www.bing.com/bingbot.htm)" 
183.83.136.255 - - [08/Dec/2019:21:08:52 -0800] "GET /robots.txt HTTP/1.1" 200 288 "-" "Mozilla/5.0 (Windows NT 10.0; Win64; x64) AppleWebKit/537.36 (KHTML, like Gecko) Chrome/78.0.3904.108 Safari/537.36" 
183.83.136.255 - - [08/Dec/2019:21:08:52 -0800] "GET / HTTP/1.1" 200 12668 "-" "Mozilla/5.0 (Windows NT 10.0; Win64; x64) AppleWebKit/537.36 (KHTML, like Gecko) Chrome/78.0.3904.108 Safari/537.36" 
183.83.136.255 - - [08/Dec/2019:21:08:52 -0800] "GET /css/style.css HTTP/1.1" 404 271 "http://www.secrepo.com/" "Mozilla/5.0 (Windows NT 10.0; Win64; x64) AppleWebKit/537.36 (KHTML, like Gecko) Chrome/78.0.3904.108 Safari/537.36" 
183.83.136.255 - - [08/Dec/2019:21:08:52 -0800] "GET /twitter-icon.png HTTP/1.1" 200 27787 "http://www.secrepo.com/" "Mozilla/5.0 (Windows NT 10.0; Win64; x64) AppleWebKit/537.36 (KHTML, like Gecko) Chrome/78.0.3904.108 Safari/537.36" 
183.83.136.255 - - [08/Dec/2019:21:08:52 -0800] "GET /GitHub-Mark.png HTTP/1.1" 200 7450 "http://www.secrepo.com/" "Mozilla/5.0 (Windows NT 10.0; Win64; x64) AppleWebKit/537.36 (KHTML, like Gecko) Chrome/78.0.3904.108 Safari/537.36" 
183.83.136.255 - - [08/Dec/2019:21:08:53 -0800] "GET /bootstrap/img/favicon.ico HTTP/1.1" 200 601 "http://www.secrepo.com/" "Mozilla/5.0 (Windows NT 10.0; Win64; x64) AppleWebKit/537.36 (KHTML, like Gecko) Chrome/78.0.3904.108 Safari/537.36" 
199.58.86.206 - - [08/Dec/2019:21:15:18 -0800] "GET /robots.txt HTTP/1.1" 200 288 "-" "Mozilla/5.0 (compatible; MJ12bot/v1.4.8; http://mj12bot.com/)" 
199.58.86.206 - - [08/Dec/2019:21:15:20 -0800] "GET / HTTP/1.1" 200 12623 "-" "Mozilla/5.0 (compatible; MJ12bot/v1.4.8; http://mj12bot.com/)" 
157.55.39.168 - - [08/Dec/2019:21:16:28 -0800] "GET /self.logs/access.log.2017-05-02.gz HTTP/1.1" 200 17824 "-" "Mozilla/5.0 (compatible; bingbot/2.0; +http://www.bing.com/bingbot.htm)" 
157.55.39.168 - - [08/Dec/2019:21:16:28 -0800] "GET /maccdc2012/dns.log.gz HTTP/1.1" 200 6607251 "-" "Mozilla/5.0 (compatible; bingbot/2.0; +http://www.bing.com/bingbot.htm)" 
58.22.64.249 - - [08/Dec/2019:21:21:45 -0800] "GET / HTTP/1.1" 301 475 "http://www.georgeblog.online/blog/8662163/view/" "Mozilla/5.0 (Windows NT 6.1; Win64; x64) AppleWebKit/537.36 (KHTML, like Gecko) Chrome/77.0.3865.90 Safari/537.36" 
58.22.64.249 - - [08/Dec/2019:21:21:45 -0800] "GET / HTTP/1.1" 200 12667 "http://www.georgeblog.online/blog/8662163/view/" "Mozilla/5.0 (Windows NT 6.1; Win64; x64) AppleWebKit/537.36 (KHTML, like Gecko) Chrome/77.0.3865.90 Safari/537.36" 
157.55.39.168 - - [08/Dec/2019:21:24:49 -0800] "GET /self.logs/access.log.2018-08-26.gz HTTP/1.1" 200 29732 "-" "Mozilla/5.0 (compatible; bingbot/2.0; +http://www.bing.com/bingbot.htm)" 
113.171.224.176 - - [08/Dec/2019:21:25:17 -0800] "GET /honeypot/Honeypot%20-%20Howto.pdf HTTP/1.1" 200 61320 "-" "Mozilla/5.0 Gecko/20100115 Firefox/3.6" 
125.70.190.145 - - [08/Dec/2019:21:31:24 -0800] "GET /favicon.ico HTTP/1.1" 200 302 "-" "Mozilla/5.0 (Windows NT 6.1; WOW64) AppleWebKit/537.36 (KHTML, like Gecko) Chrome/63.0.3239.132 Safari/537.36" 
58.240.26.203 - - [08/Dec/2019:21:33:03 -0800] "GET / HTTP/1.1" 200 12667 "-" "Mozilla/5.0 (Windows NT 6.1; Win64; x64) AppleWebKit/537.36 (KHTML, like Gecko) Chrome/78.0.3904.108 Safari/537.36" 
58.240.26.203 - - [08/Dec/2019:21:33:04 -0800] "GET /css/style.css HTTP/1.1" 404 271 "http://www.secrepo.com/" "Mozilla/5.0 (Windows NT 6.1; Win64; x64) AppleWebKit/537.36 (KHTML, like Gecko) Chrome/78.0.3904.108 Safari/537.36" 
58.240.26.203 - - [08/Dec/2019:21:33:04 -0800] "GET /GitHub-Mark.png HTTP/1.1" 200 7450 "http://www.secrepo.com/" "Mozilla/5.0 (Windows NT 6.1; Win64; x64) AppleWebKit/537.36 (KHTML, like Gecko) Chrome/78.0.3904.108 Safari/537.36" 
58.240.26.203 - - [08/Dec/2019:21:33:04 -0800] "GET /twitter-icon.png HTTP/1.1" 200 27810 "http://www.secrepo.com/" "Mozilla/5.0 (Windows NT 6.1; Win64; x64) AppleWebKit/537.36 (KHTML, like Gecko) Chrome/78.0.3904.108 Safari/537.36" 
58.240.26.203 - - [08/Dec/2019:21:33:27 -0800] "GET /bootstrap/img/favicon.ico HTTP/1.1" 200 624 "http://www.secrepo.com/" "Mozilla/5.0 (Windows NT 6.1; Win64; x64) AppleWebKit/537.36 (KHTML, like Gecko) Chrome/78.0.3904.108 Safari/537.36" 
58.240.26.203 - - [08/Dec/2019:21:33:38 -0800] "GET / HTTP/1.1" 200 12667 "-" "Mozilla/5.0 (Windows NT 6.1; Win64; x64; rv:71.0) Gecko/20100101 Firefox/71.0" 
58.240.26.203 - - [08/Dec/2019:21:33:38 -0800] "GET /robots.txt HTTP/1.1" 200 288 "-" "Mozilla/5.0 (Windows NT 6.1; Win64; x64; rv:71.0) Gecko/20100101 Firefox/71.0" 
58.240.26.203 - - [08/Dec/2019:21:33:38 -0800] "GET /css/style.css HTTP/1.1" 404 294 "http://www.secrepo.com/" "Mozilla/5.0 (Windows NT 6.1; Win64; x64; rv:71.0) Gecko/20100101 Firefox/71.0" 
58.240.26.203 - - [08/Dec/2019:21:33:39 -0800] "GET /GitHub-Mark.png HTTP/1.1" 200 7427 "http://www.secrepo.com/" "Mozilla/5.0 (Windows NT 6.1; Win64; x64; rv:71.0) Gecko/20100101 Firefox/71.0" 
58.240.26.203 - - [08/Dec/2019:21:33:39 -0800] "GET /twitter-icon.png HTTP/1.1" 200 27810 "http://www.secrepo.com/" "Mozilla/5.0 (Windows NT 6.1; Win64; x64; rv:71.0) Gecko/20100101 Firefox/71.0" 
58.240.26.203 - - [08/Dec/2019:21:33:42 -0800] "GET /bootstrap/img/favicon.ico HTTP/1.1" 200 624 "-" "Mozilla/5.0 (Windows NT 6.1; Win64; x64; rv:71.0) Gecko/20100101 Firefox/71.0" 
58.240.26.203 - - [08/Dec/2019:21:34:44 -0800] "GET / HTTP/1.1" 200 12667 "-" "Mozilla/5.0 (Windows NT 6.1; Win64; x64) AppleWebKit/537.36 (KHTML, like Gecko) Chrome/78.0.3904.108 Safari/537.36" 
58.240.26.203 - - [08/Dec/2019:21:34:45 -0800] "GET /css/style.css HTTP/1.1" 404 271 "http://www.secrepo.com/" "Mozilla/5.0 (Windows NT 6.1; Win64; x64) AppleWebKit/537.36 (KHTML, like Gecko) Chrome/78.0.3904.108 Safari/537.36" 
40.77.167.59 - - [08/Dec/2019:21:38:54 -0800] "GET /self.logs/access.log.2017-12-20.gz HTTP/1.1" 200 24757 "-" "Mozilla/5.0 (compatible; bingbot/2.0; +http://www.bing.com/bingbot.htm)" 
157.55.39.168 - - [08/Dec/2019:21:44:07 -0800] "GET /self.logs/access.log.2017-01-20.gz HTTP/1.1" 301 543 "-" "Mozilla/5.0 (compatible; bingbot/2.0; +http://www.bing.com/bingbot.htm)" 
207.46.13.142 - - [08/Dec/2019:21:52:01 -0800] "GET /robots.txt HTTP/1.1" 200 288 "-" "Mozilla/5.0 (compatible; bingbot/2.0; +http://www.bing.com/bingbot.htm)" 
23.254.204.203 - - [08/Dec/2019:21:58:18 -0800] "GET /bootstrap/img/favicon.ico HTTP/1.1" 200 624 "-" "Mozilla/5.0 (X11; Linux x86_64) AppleWebKit/537.36 (KHTML, like Gecko) Chrome/76.0.3809.100 Safari/537.36" 
162.242.144.71 - - [08/Dec/2019:21:58:40 -0800] "GET /robots.txt HTTP/1.1" 301 439 "-" "Tornado-Async-Client" 
162.242.144.71 - - [08/Dec/2019:21:58:40 -0800] "GET /robots.txt HTTP/1.1" 304 128 "-" "Tornado-Async-Client" 
162.242.144.71 - - [08/Dec/2019:21:58:40 -0800] "GET /honeypot/BSidesDFW%20-%202014.ipynb HTTP/1.1" 301 481 "-" "Tornado-Async-Client" 
40.77.167.59 - - [08/Dec/2019:21:58:49 -0800] "GET /self.logs/error.log.2018-02-02.gz HTTP/1.1" 200 3938 "-" "Mozilla/5.0 (compatible; bingbot/2.0; +http://www.bing.com/bingbot.htm)" 
40.77.167.168 - - [08/Dec/2019:22:01:20 -0800] "GET /self.logs/error.log.2017-11-20.gz HTTP/1.1" 200 2421 "-" "Mozilla/5.0 (compatible; bingbot/2.0; +http://www.bing.com/bingbot.htm)" 
58.240.26.203 - - [08/Dec/2019:21:34:25 -0800] "GET /maccdc2012/http.log.gz HTTP/1.1" 200 56420883 "http://www.secrepo.com/" "Mozilla/5.0 (Windows NT 6.1; Win64; x64; rv:71.0) Gecko/20100101 Firefox/71.0" 
157.55.39.168 - - [08/Dec/2019:22:11:21 -0800] "GET /self.logs/access.log.2017-01-15.gz HTTP/1.1" 200 13641 "-" "Mozilla/5.0 (compatible; bingbot/2.0; +http://www.bing.com/bingbot.htm)" 
123.125.71.23 - - [08/Dec/2019:22:25:33 -0800] "GET / HTTP/1.1" 301 438 "-" "Mozilla/5.0 (compatible; Baiduspider/2.0; +http://www.baidu.com/search/spider.html)" 
123.125.71.45 - - [08/Dec/2019:22:25:34 -0800] "GET / HTTP/1.1" 200 12631 "-" "Mozilla/5.0 (compatible; Baiduspider/2.0; +http://www.baidu.com/search/spider.html)" 
111.206.221.66 - - [08/Dec/2019:22:25:35 -0800] "GET /css/style.css HTTP/1.1" 404 250 "http://www.secrepo.com/" "Mozilla/5.0 (compatible; Baiduspider-render/2.0; +http://www.baidu.com/search/spider.html)" 
111.181.39.237 - - [08/Dec/2019:22:26:57 -0800] "GET /ueditor/net/controller.ashx HTTP/1.1" 404 294 "http://www.secrepo.com/ueditor/net/controller.ashx" "Mozilla/5.0 (compatible; MSIE 9.0; Windows NT 6.1; Win64; x64; Trident/5.0)" 
111.181.39.237 - - [08/Dec/2019:22:26:58 -0800] "GET /FCKeditor/fckconfig.js HTTP/1.1" 404 294 "http://www.secrepo.com/FCKeditor/fckconfig.js" "Mozilla/5.0 (compatible; MSIE 9.0; Windows NT 6.1; Win64; x64; Trident/5.0)" 
113.171.224.176 - - [08/Dec/2019:22:28:31 -0800] "GET /honeypot/Honeypot%20-%20Howto.pdf HTTP/1.1" 200 61320 "-" "Mozilla/5.0 Gecko/20100115 Firefox/3.6" 
182.19.48.18 - - [08/Dec/2019:22:28:45 -0800] "GET / HTTP/1.1" 200 12668 "-" "Mozilla/5.0 (Macintosh; Intel Mac OS X 10_14_6) AppleWebKit/537.36 (KHTML, like Gecko) Chrome/78.0.3904.108 Safari/537.36" 
182.19.48.18 - - [08/Dec/2019:22:28:46 -0800] "GET /css/style.css HTTP/1.1" 404 271 "http://www.secrepo.com/" "Mozilla/5.0 (Macintosh; Intel Mac OS X 10_14_6) AppleWebKit/537.36 (KHTML, like Gecko) Chrome/78.0.3904.108 Safari/537.36" 
182.19.48.18 - - [08/Dec/2019:22:28:46 -0800] "GET /twitter-icon.png HTTP/1.1" 200 27810 "http://www.secrepo.com/" "Mozilla/5.0 (Macintosh; Intel Mac OS X 10_14_6) AppleWebKit/537.36 (KHTML, like Gecko) Chrome/78.0.3904.108 Safari/537.36" 
182.19.48.18 - - [08/Dec/2019:22:28:46 -0800] "GET /GitHub-Mark.png HTTP/1.1" 200 7450 "http://www.secrepo.com/" "Mozilla/5.0 (Macintosh; Intel Mac OS X 10_14_6) AppleWebKit/537.36 (KHTML, like Gecko) Chrome/78.0.3904.108 Safari/537.36" 
182.19.48.18 - - [08/Dec/2019:22:28:48 -0800] "GET /bootstrap/img/favicon.ico HTTP/1.1" 200 601 "http://www.secrepo.com/" "Mozilla/5.0 (Macintosh; Intel Mac OS X 10_14_6) AppleWebKit/537.36 (KHTML, like Gecko) Chrome/78.0.3904.108 Safari/537.36" 
157.55.39.168 - - [08/Dec/2019:22:30:22 -0800] "GET /self.logs/error.log.2017-01-05.gz HTTP/1.1" 200 5027 "-" "Mozilla/5.0 (compatible; bingbot/2.0; +http://www.bing.com/bingbot.htm)" 
157.55.39.168 - - [08/Dec/2019:22:33:46 -0800] "GET /self.logs/access.log.2017-11-21.gz HTTP/1.1" 200 42926 "-" "Mozilla/5.0 (compatible; bingbot/2.0; +http://www.bing.com/bingbot.htm)" 
40.77.167.168 - - [08/Dec/2019:22:34:57 -0800] "GET /self.logs/error.log.2017-03-09.gz HTTP/1.1" 200 1261 "-" "Mozilla/5.0 (compatible; bingbot/2.0; +http://www.bing.com/bingbot.htm)" 
157.55.39.168 - - [08/Dec/2019:22:39:36 -0800] "GET /self.logs/error.log.2017-09-26.gz HTTP/1.1" 200 9091 "-" "Mozilla/5.0 (compatible; bingbot/2.0; +http://www.bing.com/bingbot.htm)" 
157.55.39.168 - - [08/Dec/2019:22:39:36 -0800] "GET /self.logs/error.log.2019-02-26.gz HTTP/1.1" 200 4573 "-" "Mozilla/5.0 (compatible; bingbot/2.0; +http://www.bing.com/bingbot.htm)" 
40.77.167.168 - - [08/Dec/2019:22:45:04 -0800] "GET /self.logs/access.log.2018-09-26.gz HTTP/1.1" 200 29648 "-" "Mozilla/5.0 (compatible; bingbot/2.0; +http://www.bing.com/bingbot.htm)" 
67.169.174.8 - - [08/Dec/2019:22:52:33 -0800] "HEAD / HTTP/1.1" 200 346 "https://www.splunk.com/en_us/blog/security/introducing-the-security-datasets-project.html" "Mozilla/5.0 (compatible; Integrity/8; +https://peacockmedia.software/mac/integrity/" 
66.249.69.234 - - [08/Dec/2019:23:00:04 -0800] "GET /?page=PcapFiles HTTP/1.1" 200 12668 "-" "Mozilla/5.0 (Linux; Android 6.0.1; Nexus 5X Build/MMB29P) AppleWebKit/537.36 (KHTML, like Gecko) Chrome/41.0.2272.96 Mobile Safari/537.36 (compatible; Googlebot/2.1; +http://www.google.com/bot.html)" 
40.77.167.59 - - [08/Dec/2019:23:07:07 -0800] "GET /self.logs/2016/error.log.2016-09-22.gz HTTP/1.1" 200 605 "-" "Mozilla/5.0 (compatible; bingbot/2.0; +http://www.bing.com/bingbot.htm)" 
157.55.39.168 - - [08/Dec/2019:23:19:09 -0800] "GET /self.logs/access.log.2017-03-27.gz HTTP/1.1" 200 15547 "-" "Mozilla/5.0 (compatible; bingbot/2.0; +http://www.bing.com/bingbot.htm)" 
157.55.39.168 - - [08/Dec/2019:23:20:32 -0800] "GET /self.logs/access.log.2019-05-23.gz HTTP/1.1" 200 27925 "-" "Mozilla/5.0 (compatible; bingbot/2.0; +http://www.bing.com/bingbot.htm)" 
40.77.167.59 - - [08/Dec/2019:23:26:48 -0800] "GET /Datasets%20Description/Network/notice.html HTTP/1.1" 200 1571 "-" "Mozilla/5.0 (compatible; bingbot/2.0; +http://www.bing.com/bingbot.htm)" 
66.249.69.236 - - [08/Dec/2019:23:27:46 -0800] "GET /Datasets%20Description/PE_malware/VirusShare.html HTTP/1.1" 200 1572 "-" "Mozilla/5.0 (Linux; Android 6.0.1; Nexus 5X Build/MMB29P) AppleWebKit/537.36 (KHTML, like Gecko) Chrome/41.0.2272.96 Mobile Safari/537.36 (compatible; Googlebot/2.1; +http://www.google.com/bot.html)" 
40.77.167.168 - - [08/Dec/2019:23:30:22 -0800] "GET /self.logs/2016/access.log.2016-02-17.gz HTTP/1.1" 200 11138 "-" "Mozilla/5.0 (compatible; bingbot/2.0; +http://www.bing.com/bingbot.htm)" 
40.77.167.168 - - [08/Dec/2019:23:30:22 -0800] "GET /self.logs/error.log.2017-05-17.gz HTTP/1.1" 200 877 "-" "Mozilla/5.0 (compatible; bingbot/2.0; +http://www.bing.com/bingbot.htm)" 
157.55.39.168 - - [08/Dec/2019:23:31:34 -0800] "GET /self.logs/error.log.2017-03-24.gz HTTP/1.1" 200 982 "-" "Mozilla/5.0 (compatible; bingbot/2.0; +http://www.bing.com/bingbot.htm)" 
14.140.33.186 - - [08/Dec/2019:23:32:31 -0800] "GET / HTTP/1.1" 200 12667 "-" "Mozilla/5.0 (Windows NT 10.0; Win64; x64) AppleWebKit/537.36 (KHTML, like Gecko) Chrome/77.0.3865.120 Safari/537.36" 
14.140.33.186 - - [08/Dec/2019:23:32:31 -0800] "GET /css/style.css HTTP/1.1" 404 271 "http://www.secrepo.com/" "Mozilla/5.0 (Windows NT 10.0; Win64; x64) AppleWebKit/537.36 (KHTML, like Gecko) Chrome/77.0.3865.120 Safari/537.36" 
14.140.33.186 - - [08/Dec/2019:23:32:31 -0800] "GET /GitHub-Mark.png HTTP/1.1" 200 7450 "http://www.secrepo.com/" "Mozilla/5.0 (Windows NT 10.0; Win64; x64) AppleWebKit/537.36 (KHTML, like Gecko) Chrome/77.0.3865.120 Safari/537.36" 
14.140.33.186 - - [08/Dec/2019:23:32:31 -0800] "GET /twitter-icon.png HTTP/1.1" 200 27810 "http://www.secrepo.com/" "Mozilla/5.0 (Windows NT 10.0; Win64; x64) AppleWebKit/537.36 (KHTML, like Gecko) Chrome/77.0.3865.120 Safari/537.36" 
14.140.33.186 - - [08/Dec/2019:23:32:39 -0800] "GET /bootstrap/img/favicon.ico HTTP/1.1" 200 624 "http://www.secrepo.com/" "Mozilla/5.0 (Windows NT 10.0; Win64; x64) AppleWebKit/537.36 (KHTML, like Gecko) Chrome/77.0.3865.120 Safari/537.36" 
199.58.86.206 - - [08/Dec/2019:23:34:18 -0800] "GET /robots.txt HTTP/1.1" 200 288 "-" "Mozilla/5.0 (compatible; MJ12bot/v1.4.8; http://mj12bot.com/)" 
113.171.224.176 - - [08/Dec/2019:23:34:45 -0800] "GET /honeypot/Honeypot%20-%20Howto.pdf HTTP/1.1" 200 61320 "-" "Mozilla/5.0 Gecko/20100115 Firefox/3.6" 
199.58.86.206 - - [08/Dec/2019:23:34:52 -0800] "GET / HTTP/1.1" 200 12623 "-" "Mozilla/5.0 (compatible; MJ12bot/v1.4.8; http://mj12bot.com/)" 
