116.16.249.37 - - [27/Oct/2023:08:31:09 -0700] "GET / HTTP/1.1" 200 49096 "http://www.shuct.net/?q=PB%E5%8F%8D%E7%BC%96%E8%AF%91" "Mozilla/4.0 (compatible; MSIE 8.0; Windows NT 6.1; WOW64; Trident/4.0; SLCC2; .NET CLR 2.0.50727; .NET CLR 3.5.30729; .NET CLR 3.0.30729; Media Center PC 6.0; InfoPath.3; .NET4.0C; .NET4.0E)" 
66.249.77.136 - - [27/Oct/2023:08:34:12 -0700] "GET /Datasets%20Description/HTML_Bro_log_2 HTTP/1.1" 301 619 "-" "Mozilla/5.0 (Linux; Android 6.0.1; Nexus 5X Build/MMB29P) AppleWebKit/537.36 (KHTML, like Gecko) Chrome/118.0.5993.117 Mobile Safari/537.36 (compatible; Googlebot/2.1; +http://www.google.com/bot.html)" 
66.249.77.134 - - [27/Oct/2023:08:34:13 -0700] "GET /Datasets%20Description/HTML_Bro_log_2/ HTTP/1.1" 200 832 "-" "Mozilla/5.0 (Linux; Android 6.0.1; Nexus 5X Build/MMB29P) AppleWebKit/537.36 (KHTML, like Gecko) Chrome/118.0.5993.117 Mobile Safari/537.36 (compatible; Googlebot/2.1; +http://www.google.com/bot.html)" 
107.20.105.74 - - [27/Oct/2023:08:36:40 -0700] "HEAD / HTTP/1.1" 301 186 "-" "DreamHost SiteMonitor 1.0" 
107.20.105.74 - - [27/Oct/2023:08:36:40 -0700] "HEAD / HTTP/1.1" 200 359 "http://66.33.221.139" "DreamHost SiteMonitor 1.0" 
40.77.167.33 - - [27/Oct/2023:08:39:53 -0700] "GET /self.logs/access.log.2020-01-02.gz HTTP/1.1" 200 29285 "-" "Mozilla/5.0 AppleWebKit/537.36 (KHTML, like Gecko; compatible; bingbot/2.0; +http://www.bing.com/bingbot.htm) Chrome/103.0.5060.134 Safari/537.36" 
40.77.167.16 - - [27/Oct/2023:08:46:07 -0700] "GET /self.logs/access.log.2021-11-20.gz HTTP/1.1" 200 23015 "-" "Mozilla/5.0 AppleWebKit/537.36 (KHTML, like Gecko; compatible; bingbot/2.0; +http://www.bing.com/bingbot.htm) Chrome/103.0.5060.134 Safari/537.36" 
107.20.105.74 - - [27/Oct/2023:08:46:40 -0700] "HEAD / HTTP/1.1" 301 186 "-" "DreamHost SiteMonitor 1.0" 
107.20.105.74 - - [27/Oct/2023:08:46:40 -0700] "HEAD / HTTP/1.1" 200 359 "http://66.33.221.139" "DreamHost SiteMonitor 1.0" 
44.206.238.207 - - [27/Oct/2023:08:52:18 -0700] "GET / HTTP/1.1" 200 13187 "-" "Iframely/1.3.1 (+https://iframely.com/docs/about) Atlassian" 
89.164.121.56 - - [27/Oct/2023:08:52:26 -0700] "GET / HTTP/1.1" 200 13187 "-" "Mozilla/5.0 (X11; Ubuntu; Linux x86_64; rv:109.0) Gecko/20100101 Firefox/119.0" 
89.164.121.56 - - [27/Oct/2023:08:52:26 -0700] "GET /css/style.css HTTP/1.1" 404 328 "http://www.secrepo.com/" "Mozilla/5.0 (X11; Ubuntu; Linux x86_64; rv:109.0) Gecko/20100101 Firefox/119.0" 
89.164.121.56 - - [27/Oct/2023:08:52:26 -0700] "GET /twitter-icon.png HTTP/1.1" 304 271 "http://www.secrepo.com/" "Mozilla/5.0 (X11; Ubuntu; Linux x86_64; rv:109.0) Gecko/20100101 Firefox/119.0" 
89.164.121.56 - - [27/Oct/2023:08:52:26 -0700] "GET /GitHub-Mark.png HTTP/1.1" 304 271 "http://www.secrepo.com/" "Mozilla/5.0 (X11; Ubuntu; Linux x86_64; rv:109.0) Gecko/20100101 Firefox/119.0" 
89.164.121.56 - - [27/Oct/2023:08:52:26 -0700] "GET /css/style.css HTTP/1.1" 404 328 "http://www.secrepo.com/" "Mozilla/5.0 (X11; Ubuntu; Linux x86_64; rv:109.0) Gecko/20100101 Firefox/119.0" 
89.164.121.56 - - [27/Oct/2023:08:52:26 -0700] "GET /bootstrap/img/favicon.ico HTTP/1.1" 304 253 "http://www.secrepo.com/" "Mozilla/5.0 (X11; Ubuntu; Linux x86_64; rv:109.0) Gecko/20100101 Firefox/119.0" 
107.20.105.74 - - [27/Oct/2023:08:56:40 -0700] "HEAD / HTTP/1.1" 301 186 "-" "DreamHost SiteMonitor 1.0" 
107.20.105.74 - - [27/Oct/2023:08:56:40 -0700] "HEAD / HTTP/1.1" 200 359 "http://66.33.221.139" "DreamHost SiteMonitor 1.0" 
107.20.105.74 - - [27/Oct/2023:09:06:40 -0700] "HEAD / HTTP/1.1" 301 186 "-" "DreamHost SiteMonitor 1.0" 
107.20.105.74 - - [27/Oct/2023:09:06:40 -0700] "HEAD / HTTP/1.1" 200 359 "http://66.33.221.139" "DreamHost SiteMonitor 1.0" 
51.222.253.12 - - [27/Oct/2023:09:09:04 -0700] "GET / HTTP/1.1" 200 13142 "-" "Mozilla/5.0 (compatible; AhrefsBot/7.0; +http://ahrefs.com/robot/)" 
40.77.167.38 - - [27/Oct/2023:09:12:22 -0700] "GET /self.logs/access.log.2021-07-19.gz HTTP/1.1" 200 15499 "-" "Mozilla/5.0 AppleWebKit/537.36 (KHTML, like Gecko; compatible; bingbot/2.0; +http://www.bing.com/bingbot.htm) Chrome/103.0.5060.134 Safari/537.36" 
114.119.145.47 - - [27/Oct/2023:09:15:27 -0700] "GET /self.logs/error.log.2020-08-28 HTTP/1.1" 200 351 "-" "Mozilla/5.0 (Linux; Android 7.0;) AppleWebKit/537.36 (KHTML, like Gecko) Mobile Safari/537.36 (compatible; PetalBot;+https://webmaster.petalsearch.com/site/petalbot)" 
107.20.105.74 - - [27/Oct/2023:09:16:40 -0700] "HEAD / HTTP/1.1" 301 186 "-" "DreamHost SiteMonitor 1.0" 
107.20.105.74 - - [27/Oct/2023:09:16:40 -0700] "HEAD / HTTP/1.1" 200 359 "http://66.33.221.139" "DreamHost SiteMonitor 1.0" 
82.156.139.142 - - [27/Oct/2023:09:21:11 -0700] "POST //config/AspCms_Config.asp HTTP/1.1" 404 328 "http://www.secrepo.com//config/AspCms_Config.asp" "Mozilla/4.0 (compatible; MSIE 9.0; Windows NT 6.1)" 
82.156.139.142 - - [27/Oct/2023:09:21:11 -0700] "POST //data/cache/asd.php HTTP/1.1" 404 305 "http://www.secrepo.com//data/cache/asd.php" "Mozilla/4.0 (compatible; MSIE 9.0; Windows NT 6.1)" 
66.249.72.71 - - [27/Oct/2023:09:22:37 -0700] "GET / HTTP/1.1" 301 475 "-" "Mozilla/5.0 (compatible; Googlebot/2.1; +http://www.google.com/bot.html)" 
66.249.77.135 - - [27/Oct/2023:09:22:38 -0700] "GET / HTTP/1.1" 200 13186 "-" "Mozilla/5.0 (compatible; Googlebot/2.1; +http://www.google.com/bot.html)" 
66.249.77.134 - - [27/Oct/2023:09:22:40 -0700] "GET /css/style.css HTTP/1.1" 404 328 "http://www.secrepo.com/" "Mozilla/5.0 AppleWebKit/537.36 (KHTML, like Gecko; compatible; Googlebot/2.1; +http://www.google.com/bot.html) Chrome/118.0.5993.88 Safari/537.36" 
40.77.167.14 - - [27/Oct/2023:09:25:07 -0700] "GET /self.logs/error.log.2022-01-11.gz HTTP/1.1" 200 4390 "-" "Mozilla/5.0 AppleWebKit/537.36 (KHTML, like Gecko; compatible; bingbot/2.0; +http://www.bing.com/bingbot.htm) Chrome/103.0.5060.134 Safari/537.36" 
107.20.105.74 - - [27/Oct/2023:09:26:40 -0700] "HEAD / HTTP/1.1" 301 186 "-" "DreamHost SiteMonitor 1.0" 
107.20.105.74 - - [27/Oct/2023:09:26:40 -0700] "HEAD / HTTP/1.1" 200 359 "http://66.33.221.139" "DreamHost SiteMonitor 1.0" 
66.249.83.118 - - [27/Oct/2023:09:31:04 -0700] "GET / HTTP/1.1" 200 13186 "http://www.google.com/search" "Mozilla/5.0 (X11; Linux x86_64)  AppleWebKit/537.36 (KHTML, like Gecko; Google Web Preview)  Chrome/118.0.5993.88 Safari/537.36" 
66.249.83.118 - - [27/Oct/2023:09:31:04 -0700] "GET /GitHub-Mark.png HTTP/1.1" 200 7533 "http://www.secrepo.com/" "Mozilla/5.0 (X11; Linux x86_64)  AppleWebKit/537.36 (KHTML, like Gecko; Google Web Preview)  Chrome/118.0.5993.88 Safari/537.36" 
66.249.83.96 - - [27/Oct/2023:09:31:04 -0700] "GET /twitter-icon.png HTTP/1.1" 200 27916 "http://www.secrepo.com/" "Mozilla/5.0 (X11; Linux x86_64)  AppleWebKit/537.36 (KHTML, like Gecko; Google Web Preview)  Chrome/118.0.5993.88 Safari/537.36" 
66.249.83.118 - - [27/Oct/2023:09:31:04 -0700] "GET /css/style.css HTTP/1.1" 404 305 "http://www.secrepo.com/" "Mozilla/5.0 (X11; Linux x86_64)  AppleWebKit/537.36 (KHTML, like Gecko; Google Web Preview)  Chrome/118.0.5993.88 Safari/537.36" 
107.20.105.74 - - [27/Oct/2023:09:36:40 -0700] "HEAD / HTTP/1.1" 301 186 "-" "DreamHost SiteMonitor 1.0" 
107.20.105.74 - - [27/Oct/2023:09:36:40 -0700] "HEAD / HTTP/1.1" 200 359 "http://66.33.221.139" "DreamHost SiteMonitor 1.0" 
40.77.167.53 - - [27/Oct/2023:09:38:20 -0700] "GET /self.logs/access.log.2020-02-19.gz HTTP/1.1" 200 15897 "-" "Mozilla/5.0 AppleWebKit/537.36 (KHTML, like Gecko; compatible; bingbot/2.0; +http://www.bing.com/bingbot.htm) Chrome/103.0.5060.134 Safari/537.36" 
52.167.144.187 - - [27/Oct/2023:09:40:39 -0700] "GET /self.logs/access.log.2017-02-05.gz HTTP/1.1" 200 17952 "-" "Mozilla/5.0 AppleWebKit/537.36 (KHTML, like Gecko; compatible; bingbot/2.0; +http://www.bing.com/bingbot.htm) Chrome/103.0.5060.134 Safari/537.36" 
89.164.121.56 - - [27/Oct/2023:09:44:14 -0700] "GET /maccdc2012/weird.log.gz HTTP/1.1" 200 1252854 "http://www.secrepo.com/" "Mozilla/5.0 (X11; Ubuntu; Linux x86_64; rv:109.0) Gecko/20100101 Firefox/119.0" 
66.249.77.135 - - [27/Oct/2023:09:44:36 -0700] "GET / HTTP/1.1" 200 13186 "-" "Mozilla/5.0 (compatible; Googlebot/2.1; +http://www.google.com/bot.html)" 
66.249.77.134 - - [27/Oct/2023:09:44:38 -0700] "GET /css/style.css HTTP/1.1" 404 328 "http://www.secrepo.com/" "Mozilla/5.0 AppleWebKit/537.36 (KHTML, like Gecko; compatible; Googlebot/2.1; +http://www.google.com/bot.html) Chrome/118.0.5993.88 Safari/537.36" 
89.164.121.56 - - [27/Oct/2023:09:45:37 -0700] "GET /self.logs/ HTTP/1.1" 200 46060 "http://www.secrepo.com/" "Mozilla/5.0 (X11; Ubuntu; Linux x86_64; rv:109.0) Gecko/20100101 Firefox/119.0" 
89.164.121.56 - - [27/Oct/2023:09:45:57 -0700] "GET /honeypot/honeypot.json.zip HTTP/1.1" 200 23086087 "http://www.secrepo.com/" "Mozilla/5.0 (X11; Ubuntu; Linux x86_64; rv:109.0) Gecko/20100101 Firefox/119.0" 
107.20.105.74 - - [27/Oct/2023:09:46:40 -0700] "HEAD / HTTP/1.1" 301 186 "-" "DreamHost SiteMonitor 1.0" 
107.20.105.74 - - [27/Oct/2023:09:46:40 -0700] "HEAD / HTTP/1.1" 200 359 "http://66.33.221.139" "DreamHost SiteMonitor 1.0" 
40.77.167.44 - - [27/Oct/2023:09:52:23 -0700] "GET /self.logs/error.log.2023-09-01.gz HTTP/1.1" 200 2166 "-" "Mozilla/5.0 AppleWebKit/537.36 (KHTML, like Gecko; compatible; bingbot/2.0; +http://www.bing.com/bingbot.htm) Chrome/103.0.5060.134 Safari/537.36" 
107.20.105.74 - - [27/Oct/2023:09:56:40 -0700] "HEAD / HTTP/1.1" 301 186 "-" "DreamHost SiteMonitor 1.0" 
107.20.105.74 - - [27/Oct/2023:09:56:40 -0700] "HEAD / HTTP/1.1" 200 359 "http://66.33.221.139" "DreamHost SiteMonitor 1.0" 
52.167.144.180 - - [27/Oct/2023:10:05:50 -0700] "GET /self.logs/error.log.2022-09-26.gz HTTP/1.1" 200 1608 "-" "Mozilla/5.0 AppleWebKit/537.36 (KHTML, like Gecko; compatible; bingbot/2.0; +http://www.bing.com/bingbot.htm) Chrome/103.0.5060.134 Safari/537.36" 
107.20.105.74 - - [27/Oct/2023:10:06:40 -0700] "HEAD / HTTP/1.1" 301 186 "-" "DreamHost SiteMonitor 1.0" 
107.20.105.74 - - [27/Oct/2023:10:06:40 -0700] "HEAD / HTTP/1.1" 200 359 "http://66.33.221.139" "DreamHost SiteMonitor 1.0" 
202.63.172.229 - - [27/Oct/2023:10:07:05 -0700] "GET / HTTP/1.1" 200 13185 "-" "Mozilla/5.0 (Windows NT 10.0; Win64; x64) AppleWebKit/537.36 (KHTML, like Gecko) Chrome/97.0.4280.67 Safari/537.36 Edg/97.0.664.52" 
49.7.20.69 - - [27/Oct/2023:10:07:43 -0700] "GET / HTTP/1.1" 200 13148 "-" "Sogou web spider/4.0(+http://www.sogou.com/docs/help/webmasters.htm#07)" 
89.164.121.56 - - [27/Oct/2023:10:13:21 -0700] "GET / HTTP/1.1" 200 13185 "-" "Mozilla/5.0 (X11; Ubuntu; Linux x86_64; rv:109.0) Gecko/20100101 Firefox/119.0" 
216.83.52.207 - - [27/Oct/2023:10:14:16 -0700] "GET / HTTP/1.1" 200 13185 "-" "Mozilla/5.0 (Windows NT 10.0; Win64; x64) AppleWebKit/537.36 (KHTML, like Gecko) Chrome/97.0.4280.67 Safari/537.36 Edg/97.0.664.52" 
107.20.105.74 - - [27/Oct/2023:10:16:40 -0700] "HEAD / HTTP/1.1" 301 186 "-" "DreamHost SiteMonitor 1.0" 
107.20.105.74 - - [27/Oct/2023:10:16:40 -0700] "HEAD / HTTP/1.1" 200 359 "http://66.33.221.139" "DreamHost SiteMonitor 1.0" 
107.20.105.74 - - [27/Oct/2023:10:26:40 -0700] "HEAD / HTTP/1.1" 301 186 "-" "DreamHost SiteMonitor 1.0" 
107.20.105.74 - - [27/Oct/2023:10:26:40 -0700] "HEAD / HTTP/1.1" 200 359 "http://66.33.221.139" "DreamHost SiteMonitor 1.0" 
202.63.172.84 - - [27/Oct/2023:10:27:38 -0700] "GET / HTTP/1.1" 200 13186 "-" "Mozilla/5.0 (Windows NT 10.0; Win64; x64) AppleWebKit/537.36 (KHTML, like Gecko) Chrome/97.0.4280.67 Safari/537.36 Edg/97.0.664.52" 
86.25.171.171 - - [27/Oct/2023:10:28:06 -0700] "GET / HTTP/1.1" 200 13186 "-" "Mozilla/5.0 (Windows NT 10.0; Win64; x64) AppleWebKit/537.36 (KHTML, like Gecko) Chrome/117.0.0.0 Safari/537.36 OPR/103.0.0.0" 
86.25.171.171 - - [27/Oct/2023:10:28:06 -0700] "GET /css/style.css HTTP/1.1" 404 305 "http://www.secrepo.com/" "Mozilla/5.0 (Windows NT 10.0; Win64; x64) AppleWebKit/537.36 (KHTML, like Gecko) Chrome/117.0.0.0 Safari/537.36 OPR/103.0.0.0" 
86.25.171.171 - - [27/Oct/2023:10:28:06 -0700] "GET /twitter-icon.png HTTP/1.1" 200 27893 "http://www.secrepo.com/" "Mozilla/5.0 (Windows NT 10.0; Win64; x64) AppleWebKit/537.36 (KHTML, like Gecko) Chrome/117.0.0.0 Safari/537.36 OPR/103.0.0.0" 
86.25.171.171 - - [27/Oct/2023:10:28:07 -0700] "GET /GitHub-Mark.png HTTP/1.1" 200 7556 "http://www.secrepo.com/" "Mozilla/5.0 (Windows NT 10.0; Win64; x64) AppleWebKit/537.36 (KHTML, like Gecko) Chrome/117.0.0.0 Safari/537.36 OPR/103.0.0.0" 
86.25.171.171 - - [27/Oct/2023:10:28:07 -0700] "GET /bootstrap/img/favicon.ico HTTP/1.1" 200 690 "http://www.secrepo.com/" "Mozilla/5.0 (Windows NT 10.0; Win64; x64) AppleWebKit/537.36 (KHTML, like Gecko) Chrome/117.0.0.0 Safari/537.36 OPR/103.0.0.0" 
86.25.171.171 - - [27/Oct/2023:10:28:35 -0700] "GET /twitter-icon.png HTTP/1.1" 200 27916 "-" "Mozilla/5.0 (Windows NT 10.0; Win64; x64) AppleWebKit/537.36 (KHTML, like Gecko) Chrome/117.0.0.0 Safari/537.36 OPR/103.0.0.0" 
86.25.171.171 - - [27/Oct/2023:10:28:35 -0700] "GET /GitHub-Mark.png HTTP/1.1" 200 7556 "-" "Mozilla/5.0 (Windows NT 10.0; Win64; x64) AppleWebKit/537.36 (KHTML, like Gecko) Chrome/117.0.0.0 Safari/537.36 OPR/103.0.0.0" 
86.25.171.171 - - [27/Oct/2023:10:28:36 -0700] "GET /bootstrap/img/favicon.ico HTTP/1.1" 200 690 "-" "Mozilla/5.0 (Windows NT 10.0; Win64; x64) AppleWebKit/537.36 (KHTML, like Gecko) Chrome/117.0.0.0 Safari/537.36 OPR/103.0.0.0" 
51.222.253.8 - - [27/Oct/2023:10:30:04 -0700] "GET /self.logs/access.log.2022-04-04.gz HTTP/1.1" 200 78840 "-" "Mozilla/5.0 (compatible; AhrefsBot/7.0; +http://ahrefs.com/robot/)" 
119.39.248.49 - - [27/Oct/2023:10:31:01 -0700] "GET /favicon.ico HTTP/1.1" 200 391 "-" "Mozilla/5.0 (Windows NT 10.0; WOW64) AppleWebKit/537.36 (KHTML, like Gecko) Chrome/78.0.3904.108 Safari/537.36" 
107.20.105.74 - - [27/Oct/2023:10:36:40 -0700] "HEAD / HTTP/1.1" 301 186 "-" "DreamHost SiteMonitor 1.0" 
107.20.105.74 - - [27/Oct/2023:10:36:40 -0700] "HEAD / HTTP/1.1" 200 359 "http://66.33.221.139" "DreamHost SiteMonitor 1.0" 
202.63.172.186 - - [27/Oct/2023:10:44:37 -0700] "GET /zb_system/login.php HTTP/1.1" 404 328 "-" "python-requests/2.31.0" 
202.63.172.186 - - [27/Oct/2023:10:44:41 -0700] "GET /login.php?s=Admin/login HTTP/1.1" 404 328 "-" "python-requests/2.31.0" 
202.63.172.186 - - [27/Oct/2023:10:44:59 -0700] "GET /admin.php HTTP/1.1" 404 328 "-" "python-requests/2.31.0" 
107.20.105.74 - - [27/Oct/2023:10:46:40 -0700] "HEAD / HTTP/1.1" 301 186 "-" "DreamHost SiteMonitor 1.0" 
107.20.105.74 - - [27/Oct/2023:10:46:40 -0700] "HEAD / HTTP/1.1" 200 359 "http://66.33.221.139" "DreamHost SiteMonitor 1.0" 
114.119.155.54 - - [27/Oct/2023:10:52:35 -0700] "GET /self.logs/error.log.2020-07-04 HTTP/1.1" 200 351 "http://www.secrepo.com/self.logs?C=N%3BO%3DD" "Mozilla/5.0 (Linux; Android 7.0;) AppleWebKit/537.36 (KHTML, like Gecko) Mobile Safari/537.36 (compatible; PetalBot;+https://webmaster.petalsearch.com/site/petalbot)" 
52.167.144.67 - - [27/Oct/2023:10:53:54 -0700] "GET /robots.txt HTTP/1.1" 200 377 "-" "Mozilla/5.0 AppleWebKit/537.36 (KHTML, like Gecko; compatible; bingbot/2.0; +http://www.bing.com/bingbot.htm) Chrome/103.0.5060.134 Safari/537.36" 
52.167.144.145 - - [27/Oct/2023:10:53:58 -0700] "GET /self.logs/access.log.2023-09-02.gz HTTP/1.1" 200 15293 "-" "Mozilla/5.0 AppleWebKit/537.36 (KHTML, like Gecko; compatible; bingbot/2.0; +http://www.bing.com/bingbot.htm) Chrome/103.0.5060.134 Safari/537.36" 
107.20.105.74 - - [27/Oct/2023:10:56:40 -0700] "HEAD / HTTP/1.1" 301 186 "-" "DreamHost SiteMonitor 1.0" 
107.20.105.74 - - [27/Oct/2023:10:56:40 -0700] "HEAD / HTTP/1.1" 200 359 "http://66.33.221.139" "DreamHost SiteMonitor 1.0" 
92.205.3.142 - - [27/Oct/2023:10:57:14 -0700] "GET /wp-login.php HTTP/1.1" 429 454 "-" "Mozilla/5.0 (X11; Fedora; Linux x86_64; rv:94.0) Gecko/20100101 Firefox/95.0" 
59.94.248.224 - - [27/Oct/2023:10:59:01 -0700] "GET / HTTP/1.1" 301 475 "-" "Mozilla/5.0 (Linux; Android 12; SM-A315F) AppleWebKit/537.36 (KHTML, like Gecko) Chrome/103.0.0.0 Mobile Safari/537.36" 
59.94.248.224 - - [27/Oct/2023:10:59:02 -0700] "GET / HTTP/1.1" 200 13186 "-" "Mozilla/5.0 (Linux; Android 12; SM-A315F) AppleWebKit/537.36 (KHTML, like Gecko) Chrome/103.0.0.0 Mobile Safari/537.36" 
59.94.248.224 - - [27/Oct/2023:10:59:02 -0700] "GET /css/style.css HTTP/1.1" 404 305 "http://www.secrepo.com/" "Mozilla/5.0 (Linux; Android 12; SM-A315F) AppleWebKit/537.36 (KHTML, like Gecko) Chrome/103.0.0.0 Mobile Safari/537.36" 
59.94.248.224 - - [27/Oct/2023:10:59:02 -0700] "GET /twitter-icon.png HTTP/1.1" 200 27916 "http://www.secrepo.com/" "Mozilla/5.0 (Linux; Android 12; SM-A315F) AppleWebKit/537.36 (KHTML, like Gecko) Chrome/103.0.0.0 Mobile Safari/537.36" 
59.94.248.224 - - [27/Oct/2023:10:59:03 -0700] "GET /GitHub-Mark.png HTTP/1.1" 200 7533 "http://www.secrepo.com/" "Mozilla/5.0 (Linux; Android 12; SM-A315F) AppleWebKit/537.36 (KHTML, like Gecko) Chrome/103.0.0.0 Mobile Safari/537.36" 
59.94.248.224 - - [27/Oct/2023:10:59:04 -0700] "GET /bootstrap/img/favicon.ico HTTP/1.1" 200 690 "http://www.secrepo.com/" "Mozilla/5.0 (Linux; Android 12; SM-A315F) AppleWebKit/537.36 (KHTML, like Gecko) Chrome/103.0.0.0 Mobile Safari/537.36" 
51.222.253.11 - - [27/Oct/2023:11:06:25 -0700] "GET /self.logs/error.log.2022-04-04.gz HTTP/1.1" 200 1666 "-" "Mozilla/5.0 (compatible; AhrefsBot/7.0; +http://ahrefs.com/robot/)" 
107.20.105.74 - - [27/Oct/2023:11:06:40 -0700] "HEAD / HTTP/1.1" 301 186 "-" "DreamHost SiteMonitor 1.0" 
107.20.105.74 - - [27/Oct/2023:11:06:40 -0700] "HEAD / HTTP/1.1" 200 359 "http://66.33.221.139" "DreamHost SiteMonitor 1.0" 
52.167.144.16 - - [27/Oct/2023:11:12:22 -0700] "GET /self.logs/access.log.2021-01-12.gz HTTP/1.1" 200 33871 "-" "Mozilla/5.0 AppleWebKit/537.36 (KHTML, like Gecko; compatible; bingbot/2.0; +http://www.bing.com/bingbot.htm) Chrome/103.0.5060.134 Safari/537.36" 
107.20.105.74 - - [27/Oct/2023:11:16:40 -0700] "HEAD / HTTP/1.1" 301 186 "-" "DreamHost SiteMonitor 1.0" 
107.20.105.74 - - [27/Oct/2023:11:16:40 -0700] "HEAD / HTTP/1.1" 200 359 "http://66.33.221.139" "DreamHost SiteMonitor 1.0" 
66.249.77.134 - - [27/Oct/2023:11:21:56 -0700] "GET /Datasets%20Description/Network/ftp.html HTTP/1.1" 200 1530 "-" "Mozilla/5.0 (Linux; Android 6.0.1; Nexus 5X Build/MMB29P) AppleWebKit/537.36 (KHTML, like Gecko) Chrome/118.0.5993.117 Mobile Safari/537.36 (compatible; Googlebot/2.1; +http://www.google.com/bot.html)" 
49.67.241.12 - - [27/Oct/2023:11:23:30 -0700] "GET / HTTP/1.1" 200 13186 "-" "Mozilla/5.0 (Windows NT 10.0; Win64; x64) AppleWebKit/537.36 (KHTML, like Gecko) Chrome/97.0.4280.67 Safari/537.36 Edg/97.0.664.52" 
107.20.105.74 - - [27/Oct/2023:11:26:40 -0700] "HEAD / HTTP/1.1" 301 186 "-" "DreamHost SiteMonitor 1.0" 
107.20.105.74 - - [27/Oct/2023:11:26:40 -0700] "HEAD / HTTP/1.1" 200 359 "http://66.33.221.139" "DreamHost SiteMonitor 1.0" 
43.156.12.221 - - [27/Oct/2023:11:30:13 -0700] "GET / HTTP/1.1" 301 419 "-" "Mozilla/5.0 (Macintosh; Intel Mac OS X 10_15_7) AppleWebKit/537.36 (KHTML, like Gecko) Chrome/114.0.0.0 Safari/537.36" 
93.120.32.63 - - [27/Oct/2023:11:30:14 -0700] "GET / HTTP/1.1" 200 13149 "-" "Mozilla/5.0 (Macintosh; Intel Mac OS X 10_15_7) AppleWebKit/537.36 (KHTML, like Gecko) Chrome/114.0.0.0 Safari/537.36" 
202.63.172.227 - - [27/Oct/2023:11:32:38 -0700] "GET / HTTP/1.1" 200 13186 "-" "Mozilla/5.0 (Windows NT 10.0; Win64; x64) AppleWebKit/537.36 (KHTML, like Gecko) Chrome/97.0.4280.67 Safari/537.36 Edg/97.0.664.52" 
58.250.125.109 - - [27/Oct/2023:11:35:49 -0700] "GET / HTTP/1.1" 200 13149 "-" "Sogou web spider/4.0(+http://www.sogou.com/docs/help/webmasters.htm#07)" 
107.20.105.74 - - [27/Oct/2023:11:36:40 -0700] "HEAD / HTTP/1.1" 301 186 "-" "DreamHost SiteMonitor 1.0" 
107.20.105.74 - - [27/Oct/2023:11:36:40 -0700] "HEAD / HTTP/1.1" 200 359 "http://66.33.221.139" "DreamHost SiteMonitor 1.0" 
107.20.105.74 - - [27/Oct/2023:11:46:40 -0700] "HEAD / HTTP/1.1" 301 186 "-" "DreamHost SiteMonitor 1.0" 
107.20.105.74 - - [27/Oct/2023:11:46:40 -0700] "HEAD / HTTP/1.1" 200 359 "http://66.33.221.139" "DreamHost SiteMonitor 1.0" 
99.166.71.101 - - [27/Oct/2023:11:50:29 -0700] "GET /bootstrap/img/apple-touch-icon-114x114.png HTTP/1.1" 404 328 "-" "Craft/1139 CFNetwork/1408.0.4 Darwin/22.5.0" 
52.167.144.235 - - [27/Oct/2023:11:52:12 -0700] "GET /self.logs/access.log.2019-10-19.gz HTTP/1.1" 200 16408 "-" "Mozilla/5.0 AppleWebKit/537.36 (KHTML, like Gecko; compatible; bingbot/2.0; +http://www.bing.com/bingbot.htm) Chrome/103.0.5060.134 Safari/537.36" 
107.20.105.74 - - [27/Oct/2023:11:56:40 -0700] "HEAD / HTTP/1.1" 301 186 "-" "DreamHost SiteMonitor 1.0" 
107.20.105.74 - - [27/Oct/2023:11:56:40 -0700] "HEAD / HTTP/1.1" 200 359 "http://66.33.221.139" "DreamHost SiteMonitor 1.0" 
66.249.77.134 - - [27/Oct/2023:11:58:56 -0700] "GET /Datasets%20Description/Network/signatures.html HTTP/1.1" 404 328 "-" "Mozilla/5.0 (Linux; Android 6.0.1; Nexus 5X Build/MMB29P) AppleWebKit/537.36 (KHTML, like Gecko) Chrome/118.0.5993.117 Mobile Safari/537.36 (compatible; Googlebot/2.1; +http://www.google.com/bot.html)" 
27.42.64.205 - - [27/Oct/2023:12:03:17 -0700] "GET / HTTP/1.1" 301 438 "-" "Mozilla/4.0 (compatible; MSIE 7.0; Windows NT 5.1; TencentTraveler ; EmbeddedWB 14.52 from: http://www.bsalsa.com/ EmbeddedWB 14.52; .NET CLR 2.0.50727; InfoPath.2; .NET CLR 3.0.04506.30; .NET CLR 3.0.04506.590; .NET CLR 3.0.04506.648; .NET CLR 3.5.21022)" 
27.42.64.205 - - [27/Oct/2023:12:03:17 -0700] "GET / HTTP/1.1" 200 13149 "-" "Mozilla/4.0 (compatible; MSIE 7.0; Windows NT 5.1; TencentTraveler ; EmbeddedWB 14.52 from: http://www.bsalsa.com/ EmbeddedWB 14.52; .NET CLR 2.0.50727; InfoPath.2; .NET CLR 3.0.04506.30; .NET CLR 3.0.04506.590; .NET CLR 3.0.04506.648; .NET CLR 3.5.21022)" 
27.42.64.205 - - [27/Oct/2023:12:03:18 -0700] "GET / HTTP/1.1" 301 419 "-" "Mozilla/5.0 (Windows NT 6.1; WOW64) AppleWebKit/537.36 (KHTML, like Gecko) Chrome/50.0.2661.102 Safari/537.36" 
27.42.64.205 - - [27/Oct/2023:12:03:18 -0700] "GET / HTTP/1.1" 200 13142 "-" "Mozilla/5.0 (Windows NT 6.1; WOW64) AppleWebKit/537.36 (KHTML, like Gecko) Chrome/50.0.2661.102 Safari/537.36" 
107.20.105.74 - - [27/Oct/2023:12:06:40 -0700] "HEAD / HTTP/1.1" 301 186 "-" "DreamHost SiteMonitor 1.0" 
107.20.105.74 - - [27/Oct/2023:12:06:40 -0700] "HEAD / HTTP/1.1" 200 359 "http://66.33.221.139" "DreamHost SiteMonitor 1.0" 
54.71.35.127 - - [27/Oct/2023:12:09:27 -0700] "GET /self.logs/ HTTP/1.1" 200 463758 "-" "Mozilla/5.0 (Windows NT 10.0; Win64; x64) AppleWebKit/537.36 (KHTML, like Gecko) Chrome/113.0.0.0 Safari/537.36" 
62.221.254.98 - - [27/Oct/2023:12:14:08 -0700] "GET /wp-login.php HTTP/1.1" 301 462 "-" "Mozilla/5.0 (X11; Fedora; Linux x86_64; rv:94.0) Gecko/20100101 Firefox/95.0" 
62.221.254.98 - - [27/Oct/2023:12:14:08 -0700] "GET /wp-login.php HTTP/1.1" 404 291 "http://secrepo.com/wp-login.php" "Mozilla/5.0 (X11; Fedora; Linux x86_64; rv:94.0) Gecko/20100101 Firefox/95.0" 
107.20.105.74 - - [27/Oct/2023:12:16:40 -0700] "HEAD / HTTP/1.1" 301 186 "-" "DreamHost SiteMonitor 1.0" 
107.20.105.74 - - [27/Oct/2023:12:16:40 -0700] "HEAD / HTTP/1.1" 200 359 "http://66.33.221.139" "DreamHost SiteMonitor 1.0" 
54.184.159.16 - - [27/Oct/2023:12:18:29 -0700] "GET /robots.txt HTTP/1.1" 200 340 "-" "fidget-spinner-bot" 
54.184.159.16 - - [27/Oct/2023:12:20:02 -0700] "GET / HTTP/1.1" 429 450 "-" "fidget-spinner-bot" 
107.20.105.74 - - [27/Oct/2023:12:26:40 -0700] "HEAD / HTTP/1.1" 301 186 "-" "DreamHost SiteMonitor 1.0" 
107.20.105.74 - - [27/Oct/2023:12:26:40 -0700] "HEAD / HTTP/1.1" 200 359 "http://66.33.221.139" "DreamHost SiteMonitor 1.0" 
107.20.105.74 - - [27/Oct/2023:12:36:40 -0700] "HEAD / HTTP/1.1" 301 186 "-" "DreamHost SiteMonitor 1.0" 
107.20.105.74 - - [27/Oct/2023:12:36:40 -0700] "HEAD / HTTP/1.1" 200 359 "http://66.33.221.139" "DreamHost SiteMonitor 1.0" 
66.249.77.134 - - [27/Oct/2023:12:44:07 -0700] "GET /self.logs/ HTTP/1.1" 200 46060 "-" "Mozilla/5.0 (Linux; Android 6.0.1; Nexus 5X Build/MMB29P) AppleWebKit/537.36 (KHTML, like Gecko) Chrome/118.0.5993.117 Mobile Safari/537.36 (compatible; Googlebot/2.1; +http://www.google.com/bot.html)" 
107.20.105.74 - - [27/Oct/2023:12:46:40 -0700] "HEAD / HTTP/1.1" 301 186 "-" "DreamHost SiteMonitor 1.0" 
107.20.105.74 - - [27/Oct/2023:12:46:40 -0700] "HEAD / HTTP/1.1" 200 359 "http://66.33.221.139" "DreamHost SiteMonitor 1.0" 
52.167.144.224 - - [27/Oct/2023:12:48:32 -0700] "GET /self.logs/error.log.2022-08-04.gz HTTP/1.1" 200 1738 "-" "Mozilla/5.0 AppleWebKit/537.36 (KHTML, like Gecko; compatible; bingbot/2.0; +http://www.bing.com/bingbot.htm) Chrome/103.0.5060.134 Safari/537.36" 
114.119.133.89 - - [27/Oct/2023:12:50:28 -0700] "GET /self.logs/error.log.2020-12-05 HTTP/1.1" 200 351 "http://www.secrepo.com/self.logs?C=N%3BO%3DD" "Mozilla/5.0 (Linux; Android 7.0;) AppleWebKit/537.36 (KHTML, like Gecko) Mobile Safari/537.36 (compatible; PetalBot;+https://webmaster.petalsearch.com/site/petalbot)" 
107.20.105.74 - - [27/Oct/2023:12:56:40 -0700] "HEAD / HTTP/1.1" 301 186 "-" "DreamHost SiteMonitor 1.0" 
107.20.105.74 - - [27/Oct/2023:12:56:40 -0700] "HEAD / HTTP/1.1" 200 359 "http://66.33.221.139" "DreamHost SiteMonitor 1.0" 
107.20.105.74 - - [27/Oct/2023:13:06:40 -0700] "HEAD / HTTP/1.1" 301 186 "-" "DreamHost SiteMonitor 1.0" 
107.20.105.74 - - [27/Oct/2023:13:06:40 -0700] "HEAD / HTTP/1.1" 200 359 "http://66.33.221.139" "DreamHost SiteMonitor 1.0" 
54.184.159.16 - - [27/Oct/2023:13:10:51 -0700] "GET / HTTP/1.1" 429 450 "-" "fidget-spinner-bot" 
52.167.144.138 - - [27/Oct/2023:13:11:15 -0700] "GET /self.logs/access.log.2017-10-02.gz HTTP/1.1" 200 21940 "-" "Mozilla/5.0 AppleWebKit/537.36 (KHTML, like Gecko; compatible; bingbot/2.0; +http://www.bing.com/bingbot.htm) Chrome/103.0.5060.134 Safari/537.36" 
52.167.144.138 - - [27/Oct/2023:13:12:57 -0700] "GET /self.logs/2015/error.log.2015-02-26.gz HTTP/1.1" 200 1069 "-" "Mozilla/5.0 AppleWebKit/537.36 (KHTML, like Gecko; compatible; bingbot/2.0; +http://www.bing.com/bingbot.htm) Chrome/103.0.5060.134 Safari/537.36" 
107.20.105.74 - - [27/Oct/2023:13:16:40 -0700] "HEAD / HTTP/1.1" 301 186 "-" "DreamHost SiteMonitor 1.0" 
107.20.105.74 - - [27/Oct/2023:13:16:40 -0700] "HEAD / HTTP/1.1" 200 359 "http://66.33.221.139" "DreamHost SiteMonitor 1.0" 
107.20.105.74 - - [27/Oct/2023:13:26:40 -0700] "HEAD / HTTP/1.1" 301 186 "-" "DreamHost SiteMonitor 1.0" 
107.20.105.74 - - [27/Oct/2023:13:26:40 -0700] "HEAD / HTTP/1.1" 200 359 "http://66.33.221.139" "DreamHost SiteMonitor 1.0" 
132.147.31.225 - - [27/Oct/2023:13:30:25 -0700] "GET / HTTP/1.1" 200 13186 "-" "Mozilla/5.0 (iPhone; CPU iPhone OS 16_6_1 like Mac OS X) AppleWebKit/605.1.15 (KHTML, like Gecko) Version/16.6 Mobile/15E148 Safari/604.1" 
132.147.31.225 - - [27/Oct/2023:13:30:25 -0700] "GET /css/style.css HTTP/1.1" 404 305 "http://www.secrepo.com/" "Mozilla/5.0 (iPhone; CPU iPhone OS 16_6_1 like Mac OS X) AppleWebKit/605.1.15 (KHTML, like Gecko) Version/16.6 Mobile/15E148 Safari/604.1" 
132.147.31.225 - - [27/Oct/2023:13:30:25 -0700] "GET /twitter-icon.png HTTP/1.1" 200 27916 "http://www.secrepo.com/" "Mozilla/5.0 (iPhone; CPU iPhone OS 16_6_1 like Mac OS X) AppleWebKit/605.1.15 (KHTML, like Gecko) Version/16.6 Mobile/15E148 Safari/604.1" 
132.147.31.225 - - [27/Oct/2023:13:30:25 -0700] "GET /GitHub-Mark.png HTTP/1.1" 200 7533 "http://www.secrepo.com/" "Mozilla/5.0 (iPhone; CPU iPhone OS 16_6_1 like Mac OS X) AppleWebKit/605.1.15 (KHTML, like Gecko) Version/16.6 Mobile/15E148 Safari/604.1" 
107.20.105.74 - - [27/Oct/2023:13:36:40 -0700] "HEAD / HTTP/1.1" 301 186 "-" "DreamHost SiteMonitor 1.0" 
107.20.105.74 - - [27/Oct/2023:13:36:40 -0700] "HEAD / HTTP/1.1" 200 359 "http://66.33.221.139" "DreamHost SiteMonitor 1.0" 
107.20.105.74 - - [27/Oct/2023:13:46:40 -0700] "HEAD / HTTP/1.1" 301 186 "-" "DreamHost SiteMonitor 1.0" 
107.20.105.74 - - [27/Oct/2023:13:46:40 -0700] "HEAD / HTTP/1.1" 200 359 "http://66.33.221.139" "DreamHost SiteMonitor 1.0" 
51.222.253.5 - - [27/Oct/2023:13:47:47 -0700] "GET /Datasets%20Description/Network/?C=S;O=A HTTP/1.1" 200 722 "-" "Mozilla/5.0 (compatible; AhrefsBot/7.0; +http://ahrefs.com/robot/)" 
107.20.105.74 - - [27/Oct/2023:13:56:40 -0700] "HEAD / HTTP/1.1" 301 186 "-" "DreamHost SiteMonitor 1.0" 
107.20.105.74 - - [27/Oct/2023:13:56:40 -0700] "HEAD / HTTP/1.1" 200 359 "http://66.33.221.139" "DreamHost SiteMonitor 1.0" 
52.167.144.191 - - [27/Oct/2023:13:57:48 -0700] "GET /self.logs/access.log.2021-01-04.gz HTTP/1.1" 200 22922 "-" "Mozilla/5.0 AppleWebKit/537.36 (KHTML, like Gecko; compatible; bingbot/2.0; +http://www.bing.com/bingbot.htm) Chrome/103.0.5060.134 Safari/537.36" 
85.25.177.176 - - [27/Oct/2023:14:02:25 -0700] "GET /robots.txt HTTP/1.1" 301 495 "-" "Apache-HttpClient/4.5.13 (Java/11.0.11)" 
85.25.177.176 - - [27/Oct/2023:14:02:26 -0700] "GET /robots.txt HTTP/1.1" 200 377 "-" "Apache-HttpClient/4.5.13 (Java/11.0.11)" 
85.25.177.176 - - [27/Oct/2023:14:02:26 -0700] "GET / HTTP/1.1" 301 475 "-" "Mozilla/5.0 (Macintosh; Intel Mac OS X 10.15; rv:103.0) Gecko/20100101 Firefox/103.0" 
114.119.156.209 - - [27/Oct/2023:14:03:21 -0700] "GET /self.logs/error.log.2020-06-25 HTTP/1.1" 200 351 "http://www.secrepo.com/self.logs?C=N%3BO%3DD" "Mozilla/5.0 (Linux; Android 7.0;) AppleWebKit/537.36 (KHTML, like Gecko) Mobile Safari/537.36 (compatible; PetalBot;+https://webmaster.petalsearch.com/site/petalbot)" 
114.119.143.75 - - [27/Oct/2023:14:05:14 -0700] "GET /Datasets%20Description/Network?C=D%3BO%3DA HTTP/1.1" 301 629 "http://www.secrepo.com/Datasets%20Description/Network?C=S%3BO%3DA" "Mozilla/5.0 (Linux; Android 7.0;) AppleWebKit/537.36 (KHTML, like Gecko) Mobile Safari/537.36 (compatible; PetalBot;+https://webmaster.petalsearch.com/site/petalbot)" 
114.119.143.75 - - [27/Oct/2023:14:05:16 -0700] "GET /Datasets%20Description/Network/?C=D%3BO%3DA HTTP/1.1" 200 746 "http://www.secrepo.com/Datasets%20Description/Network?C=S%3BO%3DA" "Mozilla/5.0 (Linux; Android 7.0;) AppleWebKit/537.36 (KHTML, like Gecko) Mobile Safari/537.36 (compatible; PetalBot;+https://webmaster.petalsearch.com/site/petalbot)" 
107.20.105.74 - - [27/Oct/2023:14:06:40 -0700] "HEAD / HTTP/1.1" 301 186 "-" "DreamHost SiteMonitor 1.0" 
107.20.105.74 - - [27/Oct/2023:14:06:40 -0700] "HEAD / HTTP/1.1" 200 359 "http://66.33.221.139" "DreamHost SiteMonitor 1.0" 
52.167.144.201 - - [27/Oct/2023:14:09:50 -0700] "GET /self.logs/access.log.2018-11-17.gz HTTP/1.1" 200 34609 "-" "Mozilla/5.0 AppleWebKit/537.36 (KHTML, like Gecko; compatible; bingbot/2.0; +http://www.bing.com/bingbot.htm) Chrome/103.0.5060.134 Safari/537.36" 
107.20.105.74 - - [27/Oct/2023:14:16:40 -0700] "HEAD / HTTP/1.1" 301 186 "-" "DreamHost SiteMonitor 1.0" 
107.20.105.74 - - [27/Oct/2023:14:16:40 -0700] "HEAD / HTTP/1.1" 200 359 "http://66.33.221.139" "DreamHost SiteMonitor 1.0" 
180.163.220.46 - - [27/Oct/2023:14:17:26 -0700] "GET / HTTP/1.1" 200 49133 "http://www.secrepo.com" "Mozilla/5.0 (Windows; U; Windows NT 6.1; tr-TR) AppleWebKit/533.20.25 (KHTML, like Gecko) Version/5.0.4 Safari/533.20.27" 
180.163.220.99 - - [27/Oct/2023:14:18:05 -0700] "GET / HTTP/1.1" 200 13142 "https://www.sec-wiki.com/news?News_page=986" "Mozilla/5.0 (Windows NT 6.2; WOW64) AppleWebKit/537.36 (KHTML, like Gecko) Chrome/27.0.1500.55 Safari/537.36" 
44.231.202.44 - - [27/Oct/2023:14:18:54 -0700] "GET / HTTP/1.1" 429 449 "-" "fidget-spinner-bot" 
51.222.253.14 - - [27/Oct/2023:14:19:00 -0700] "GET /Datasets%20Description/HTML_Bro_log_2/ HTTP/1.1" 200 788 "-" "Mozilla/5.0 (compatible; AhrefsBot/7.0; +http://ahrefs.com/robot/)" 
52.167.144.205 - - [27/Oct/2023:14:24:31 -0700] "GET /self.logs/access.log.2020-08-17.gz HTTP/1.1" 200 18912 "-" "Mozilla/5.0 AppleWebKit/537.36 (KHTML, like Gecko; compatible; bingbot/2.0; +http://www.bing.com/bingbot.htm) Chrome/103.0.5060.134 Safari/537.36" 
107.20.105.74 - - [27/Oct/2023:14:26:40 -0700] "HEAD / HTTP/1.1" 301 186 "-" "DreamHost SiteMonitor 1.0" 
107.20.105.74 - - [27/Oct/2023:14:26:40 -0700] "HEAD / HTTP/1.1" 200 359 "http://66.33.221.139" "DreamHost SiteMonitor 1.0" 
114.119.128.55 - - [27/Oct/2023:14:27:21 -0700] "GET /self.logs/error.log.2021-01-05 HTTP/1.1" 200 351 "http://www.secrepo.com/self.logs?C=N%3BO%3DD" "Mozilla/5.0 (Linux; Android 7.0;) AppleWebKit/537.36 (KHTML, like Gecko) Mobile Safari/537.36 (compatible; PetalBot;+https://webmaster.petalsearch.com/site/petalbot)" 
40.77.167.33 - - [27/Oct/2023:14:27:23 -0700] "GET /self.logs/access.log.2018-05-05.gz HTTP/1.1" 200 17626 "-" "Mozilla/5.0 AppleWebKit/537.36 (KHTML, like Gecko; compatible; bingbot/2.0; +http://www.bing.com/bingbot.htm) Chrome/103.0.5060.134 Safari/537.36" 
205.210.31.132 - - [27/Oct/2023:14:31:27 -0700] "GET / HTTP/1.1" 200 49089 "-" "-" 
66.249.77.135 - - [27/Oct/2023:14:31:49 -0700] "GET /honeypot/Honeypot%20-%20Howto%20-%20BSides%20Austin.pdf HTTP/1.1" 200 2928571 "-" "Mozilla/5.0 (Linux; Android 6.0.1; Nexus 5X Build/MMB29P) AppleWebKit/537.36 (KHTML, like Gecko) Chrome/118.0.5993.117 Mobile Safari/537.36 (compatible; Googlebot/2.1; +http://www.google.com/bot.html)" 
107.20.105.74 - - [27/Oct/2023:14:36:40 -0700] "HEAD / HTTP/1.1" 301 186 "-" "DreamHost SiteMonitor 1.0" 
107.20.105.74 - - [27/Oct/2023:14:36:40 -0700] "HEAD / HTTP/1.1" 200 359 "http://66.33.221.139" "DreamHost SiteMonitor 1.0" 
3.236.7.166 - - [27/Oct/2023:14:45:32 -0700] "GET / HTTP/1.1" 200 13142 "-" "Mozilla/5.0 (compatible; startmebot/1.0; +https://start.me/bot)" 
107.20.105.74 - - [27/Oct/2023:14:46:40 -0700] "HEAD / HTTP/1.1" 301 186 "-" "DreamHost SiteMonitor 1.0" 
107.20.105.74 - - [27/Oct/2023:14:46:40 -0700] "HEAD / HTTP/1.1" 200 359 "http://66.33.221.139" "DreamHost SiteMonitor 1.0" 
51.222.253.3 - - [27/Oct/2023:14:47:25 -0700] "GET /Datasets%20Description/Network/http.html HTTP/1.1" 200 1665 "-" "Mozilla/5.0 (compatible; AhrefsBot/7.0; +http://ahrefs.com/robot/)" 
196.188.34.114 - - [27/Oct/2023:14:49:23 -0700] "GET / HTTP/1.1" 200 13186 "-" "Mozilla/5.0 (X11; Linux x86_64) AppleWebKit/537.36 (KHTML, like Gecko) Chrome/91.0.4472.114 Safari/537.36 OPR/64.2.3282.60128" 
196.188.34.114 - - [27/Oct/2023:14:49:24 -0700] "GET /css/style.css HTTP/1.1" 404 305 "http://www.secrepo.com/" "Mozilla/5.0 (X11; Linux x86_64) AppleWebKit/537.36 (KHTML, like Gecko) Chrome/91.0.4472.114 Safari/537.36 OPR/64.2.3282.60128" 
196.188.34.114 - - [27/Oct/2023:14:49:24 -0700] "GET /twitter-icon.png HTTP/1.1" 200 27893 "http://www.secrepo.com/" "Mozilla/5.0 (X11; Linux x86_64) AppleWebKit/537.36 (KHTML, like Gecko) Chrome/91.0.4472.114 Safari/537.36 OPR/64.2.3282.60128" 
196.188.34.114 - - [27/Oct/2023:14:49:25 -0700] "GET /GitHub-Mark.png HTTP/1.1" 200 7556 "http://www.secrepo.com/" "Mozilla/5.0 (X11; Linux x86_64) AppleWebKit/537.36 (KHTML, like Gecko) Chrome/91.0.4472.114 Safari/537.36 OPR/64.2.3282.60128" 
101.200.46.19 - - [27/Oct/2023:14:52:52 -0700] "GET /index.php?m=admin&c=index&a=login&pc_hash= HTTP/1.1" 404 328 "-" "Mozilla/5.0 (Windows NT 10.0; WOW64; rv:48.0) Gecko/20100101 Firefox/48.0" 
101.200.46.19 - - [27/Oct/2023:14:52:58 -0700] "GET /index.php?m=admin&c=index&a=login&pc_hash= HTTP/1.1" 301 571 "-" "Mozilla/5.0 (Windows NT 10.0; WOW64; rv:48.0) Gecko/20100101 Firefox/48.0" 
101.200.46.19 - - [27/Oct/2023:14:52:58 -0700] "GET /index.php?m=admin&c=index&a=login&pc_hash= HTTP/1.1" 404 328 "-" "Mozilla/5.0 (Windows NT 10.0; WOW64; rv:48.0) Gecko/20100101 Firefox/48.0" 
107.20.105.74 - - [27/Oct/2023:14:56:40 -0700] "HEAD / HTTP/1.1" 301 186 "-" "DreamHost SiteMonitor 1.0" 
107.20.105.74 - - [27/Oct/2023:14:56:40 -0700] "HEAD / HTTP/1.1" 200 359 "http://66.33.221.139" "DreamHost SiteMonitor 1.0" 
107.20.105.74 - - [27/Oct/2023:15:06:40 -0700] "HEAD / HTTP/1.1" 301 186 "-" "DreamHost SiteMonitor 1.0" 
107.20.105.74 - - [27/Oct/2023:15:06:40 -0700] "HEAD / HTTP/1.1" 200 359 "http://66.33.221.139" "DreamHost SiteMonitor 1.0" 
157.55.39.48 - - [27/Oct/2023:15:10:01 -0700] "GET /self.logs/2015/error.log.2015-09-23.gz HTTP/1.1" 200 945 "-" "Mozilla/5.0 AppleWebKit/537.36 (KHTML, like Gecko; compatible; bingbot/2.0; +http://www.bing.com/bingbot.htm) Chrome/103.0.5060.134 Safari/537.36" 
64.124.8.89 - - [27/Oct/2023:15:10:29 -0700] "GET /robots.txt HTTP/1.1" 200 377 "-" "Mozilla/5.0 (X11; Linux x86_64) AppleWebKit/537.36 (KHTML, like Gecko) Chrome/61.0.3163.79 Safari/537.36" 
64.124.8.89 - - [27/Oct/2023:15:10:30 -0700] "GET /self.logs/error.log.2021-05-12 HTTP/1.1" 200 328 "-" "Mozilla/5.0 (X11; Linux x86_64) AppleWebKit/537.36 (KHTML, like Gecko) Chrome/61.0.3163.79 Safari/537.36" 
202.63.172.78 - - [27/Oct/2023:15:15:47 -0700] "GET / HTTP/1.1" 200 13185 "-" "Mozilla/5.0 (Windows NT 10.0; Win64; x64) AppleWebKit/537.36 (KHTML, like Gecko) Chrome/97.0.4280.67 Safari/537.36 Edg/97.0.664.52" 
51.222.253.20 - - [27/Oct/2023:15:15:55 -0700] "GET /Datasets%20Description/Network/ssh.html HTTP/1.1" 200 1324 "-" "Mozilla/5.0 (compatible; AhrefsBot/7.0; +http://ahrefs.com/robot/)" 
107.20.105.74 - - [27/Oct/2023:15:16:40 -0700] "HEAD / HTTP/1.1" 301 186 "-" "DreamHost SiteMonitor 1.0" 
107.20.105.74 - - [27/Oct/2023:15:16:40 -0700] "HEAD / HTTP/1.1" 200 359 "http://66.33.221.139" "DreamHost SiteMonitor 1.0" 
107.20.105.74 - - [27/Oct/2023:15:26:40 -0700] "HEAD / HTTP/1.1" 301 186 "-" "DreamHost SiteMonitor 1.0" 
107.20.105.74 - - [27/Oct/2023:15:26:40 -0700] "HEAD / HTTP/1.1" 200 359 "http://66.33.221.139" "DreamHost SiteMonitor 1.0" 
40.77.167.27 - - [27/Oct/2023:15:27:10 -0700] "GET / HTTP/1.1" 200 13141 "-" "Mozilla/5.0 AppleWebKit/537.36 (KHTML, like Gecko; compatible; bingbot/2.0; +http://www.bing.com/bingbot.htm) Chrome/103.0.5060.134 Safari/537.36" 
40.77.167.27 - - [27/Oct/2023:15:27:18 -0700] "GET /self.logs/access.log.2017-04-06.gz HTTP/1.1" 200 31637 "-" "Mozilla/5.0 AppleWebKit/537.36 (KHTML, like Gecko; compatible; bingbot/2.0; +http://www.bing.com/bingbot.htm) Chrome/103.0.5060.134 Safari/537.36" 
207.46.13.14 - - [27/Oct/2023:15:35:25 -0700] "GET /self.logs/access.log.2018-11-24.gz HTTP/1.1" 200 16159 "-" "Mozilla/5.0 AppleWebKit/537.36 (KHTML, like Gecko; compatible; bingbot/2.0; +http://www.bing.com/bingbot.htm) Chrome/103.0.5060.134 Safari/537.36" 
64.124.8.89 - - [27/Oct/2023:15:36:06 -0700] "GET /self.logs/error.log.2020-06-12 HTTP/1.1" 200 351 "-" "Mozilla/5.0 (X11; Linux x86_64) AppleWebKit/537.36 (KHTML, like Gecko) Chrome/61.0.3163.79 Safari/537.36" 
107.20.105.74 - - [27/Oct/2023:15:36:40 -0700] "HEAD / HTTP/1.1" 301 186 "-" "DreamHost SiteMonitor 1.0" 
107.20.105.74 - - [27/Oct/2023:15:36:40 -0700] "HEAD / HTTP/1.1" 200 359 "http://66.33.221.139" "DreamHost SiteMonitor 1.0" 
185.132.125.58 - - [27/Oct/2023:15:40:38 -0700] "GET /wp-content/plugins/elementor/readme.txt HTTP/1.1" 429 430 "-" "-" 
52.167.144.201 - - [27/Oct/2023:15:42:28 -0700] "GET /self.logs/error.log.2023-08-20.gz HTTP/1.1" 200 1854 "-" "Mozilla/5.0 AppleWebKit/537.36 (KHTML, like Gecko; compatible; bingbot/2.0; +http://www.bing.com/bingbot.htm) Chrome/103.0.5060.134 Safari/537.36" 
107.20.105.74 - - [27/Oct/2023:15:46:40 -0700] "HEAD / HTTP/1.1" 301 186 "-" "DreamHost SiteMonitor 1.0" 
107.20.105.74 - - [27/Oct/2023:15:46:40 -0700] "HEAD / HTTP/1.1" 200 359 "http://66.33.221.139" "DreamHost SiteMonitor 1.0" 
51.222.253.5 - - [27/Oct/2023:15:47:57 -0700] "GET /Datasets%20Description/Network/?C=D;O=A HTTP/1.1" 200 725 "-" "Mozilla/5.0 (compatible; AhrefsBot/7.0; +http://ahrefs.com/robot/)" 
47.128.39.73 - - [27/Oct/2023:15:55:07 -0700] "GET /self.logs/?C=S;O=A HTTP/1.1" 200 55578 "-" "Mozilla/5.0 (Linux; Android 5.0) AppleWebKit/537.36 (KHTML, like Gecko) Mobile Safari/537.36 (compatible; Bytespider; spider-feedback@bytedance.com)" 
47.128.38.38 - - [27/Oct/2023:15:56:08 -0700] "GET /robots.txt HTTP/1.1" 200 340 "-" "Mozilla/5.0 (Linux; Android 5.0) AppleWebKit/537.36 (KHTML, like Gecko) Mobile Safari/537.36 (compatible; Bytespider; spider-feedback@bytedance.com)" 
107.20.105.74 - - [27/Oct/2023:15:56:40 -0700] "HEAD / HTTP/1.1" 301 186 "-" "DreamHost SiteMonitor 1.0" 
107.20.105.74 - - [27/Oct/2023:15:56:40 -0700] "HEAD / HTTP/1.1" 200 359 "http://66.33.221.139" "DreamHost SiteMonitor 1.0" 
66.249.72.71 - - [27/Oct/2023:15:57:22 -0700] "GET / HTTP/1.1" 301 475 "-" "Mozilla/5.0 (compatible; Googlebot/2.1; +http://www.google.com/bot.html)" 
66.249.77.135 - - [27/Oct/2023:15:57:23 -0700] "GET / HTTP/1.1" 200 13186 "-" "Mozilla/5.0 (compatible; Googlebot/2.1; +http://www.google.com/bot.html)" 
66.249.77.136 - - [27/Oct/2023:15:57:24 -0700] "GET /css/style.css HTTP/1.1" 404 328 "http://www.secrepo.com/" "Mozilla/5.0 AppleWebKit/537.36 (KHTML, like Gecko; compatible; Googlebot/2.1; +http://www.google.com/bot.html) Chrome/118.0.5993.88 Safari/537.36" 
66.249.72.65 - - [27/Oct/2023:15:59:07 -0700] "GET / HTTP/1.1" 301 475 "-" "Mozilla/5.0 (compatible; Googlebot/2.1; +http://www.google.com/bot.html)" 
66.249.77.135 - - [27/Oct/2023:15:59:08 -0700] "GET / HTTP/1.1" 200 13186 "-" "Mozilla/5.0 (compatible; Googlebot/2.1; +http://www.google.com/bot.html)" 
64.124.8.89 - - [27/Oct/2023:15:59:10 -0700] "GET /self.logs/error.log.2020-06-27 HTTP/1.1" 200 351 "-" "Mozilla/5.0 (X11; Linux x86_64) AppleWebKit/537.36 (KHTML, like Gecko) Chrome/61.0.3163.79 Safari/537.36" 
66.249.77.134 - - [27/Oct/2023:15:59:10 -0700] "GET /css/style.css HTTP/1.1" 404 328 "http://www.secrepo.com/" "Mozilla/5.0 AppleWebKit/537.36 (KHTML, like Gecko; compatible; Googlebot/2.1; +http://www.google.com/bot.html) Chrome/118.0.5993.88 Safari/537.36" 
51.222.253.15 - - [27/Oct/2023:16:04:04 -0700] "GET /self.logs/access.log.2022-04-05.gz HTTP/1.1" 200 16168 "-" "Mozilla/5.0 (compatible; AhrefsBot/7.0; +http://ahrefs.com/robot/)" 
107.20.105.74 - - [27/Oct/2023:16:06:40 -0700] "HEAD / HTTP/1.1" 301 186 "-" "DreamHost SiteMonitor 1.0" 
107.20.105.74 - - [27/Oct/2023:16:06:40 -0700] "HEAD / HTTP/1.1" 200 359 "http://66.33.221.139" "DreamHost SiteMonitor 1.0" 
114.119.140.64 - - [27/Oct/2023:16:07:52 -0700] "GET /self.logs/error.log.2020-12-27 HTTP/1.1" 200 351 "http://www.secrepo.com/self.logs?C=N%3BO%3DD" "Mozilla/5.0 (Linux; Android 7.0;) AppleWebKit/537.36 (KHTML, like Gecko) Mobile Safari/537.36 (compatible; PetalBot;+https://webmaster.petalsearch.com/site/petalbot)" 
66.249.77.136 - - [27/Oct/2023:16:07:53 -0700] "GET / HTTP/1.1" 200 13185 "-" "Mozilla/5.0 (compatible; Googlebot/2.1; +http://www.google.com/bot.html)" 
66.249.77.134 - - [27/Oct/2023:16:07:57 -0700] "GET /css/style.css HTTP/1.1" 404 328 "http://www.secrepo.com/" "Mozilla/5.0 AppleWebKit/537.36 (KHTML, like Gecko; compatible; Googlebot/2.1; +http://www.google.com/bot.html) Chrome/118.0.5993.88 Safari/537.36" 
66.249.77.136 - - [27/Oct/2023:16:11:23 -0700] "GET / HTTP/1.1" 200 13185 "-" "Mozilla/5.0 (compatible; Googlebot/2.1; +http://www.google.com/bot.html)" 
66.249.77.134 - - [27/Oct/2023:16:11:26 -0700] "GET /css/style.css HTTP/1.1" 404 328 "http://www.secrepo.com/" "Mozilla/5.0 AppleWebKit/537.36 (KHTML, like Gecko; compatible; Googlebot/2.1; +http://www.google.com/bot.html) Chrome/118.0.5993.88 Safari/537.36" 
64.124.8.89 - - [27/Oct/2023:16:12:39 -0700] "GET /self.logs/error.log.2021-09-08 HTTP/1.1" 304 261 "-" "Mozilla/5.0 (X11; Linux x86_64) AppleWebKit/537.36 (KHTML, like Gecko) Chrome/61.0.3163.79 Safari/537.36" 
107.20.105.74 - - [27/Oct/2023:16:16:40 -0700] "HEAD / HTTP/1.1" 301 186 "-" "DreamHost SiteMonitor 1.0" 
107.20.105.74 - - [27/Oct/2023:16:16:40 -0700] "HEAD / HTTP/1.1" 200 359 "http://66.33.221.139" "DreamHost SiteMonitor 1.0" 
51.222.253.14 - - [27/Oct/2023:16:18:05 -0700] "GET /self.logs/access.log.2022-04-06.gz HTTP/1.1" 200 13786 "-" "Mozilla/5.0 (compatible; AhrefsBot/7.0; +http://ahrefs.com/robot/)" 
58.49.150.216 - - [27/Oct/2023:16:25:37 -0700] "GET / HTTP/1.1" 200 13185 "-" "Mozilla/5.0 (Windows NT 10.0; Win64; x64) AppleWebKit/537.36 (KHTML, like Gecko) Chrome/97.0.4280.67 Safari/537.36 Edg/97.0.664.52" 
114.119.150.49 - - [27/Oct/2023:16:25:49 -0700] "GET /self.logs/error.log.2020-02-07 HTTP/1.1" 200 351 "http://www.secrepo.com/self.logs?C=N%3BO%3DD" "Mozilla/5.0 (Linux; Android 7.0;) AppleWebKit/537.36 (KHTML, like Gecko) Mobile Safari/537.36 (compatible; PetalBot;+https://webmaster.petalsearch.com/site/petalbot)" 
64.124.8.89 - - [27/Oct/2023:16:26:29 -0700] "GET /self.logs/error.log.2020-09-15 HTTP/1.1" 304 261 "-" "Mozilla/5.0 (X11; Linux x86_64) AppleWebKit/537.36 (KHTML, like Gecko) Chrome/61.0.3163.79 Safari/537.36" 
107.20.105.74 - - [27/Oct/2023:16:26:40 -0700] "HEAD / HTTP/1.1" 301 186 "-" "DreamHost SiteMonitor 1.0" 
107.20.105.74 - - [27/Oct/2023:16:26:40 -0700] "HEAD / HTTP/1.1" 200 359 "http://66.33.221.139" "DreamHost SiteMonitor 1.0" 
51.222.253.4 - - [27/Oct/2023:16:34:00 -0700] "GET /Datasets%20Description/HTML_Bro_log_1/loaded_scripts.html HTTP/1.1" 200 1499 "-" "Mozilla/5.0 (compatible; AhrefsBot/7.0; +http://ahrefs.com/robot/)" 
107.20.105.74 - - [27/Oct/2023:16:36:40 -0700] "HEAD / HTTP/1.1" 301 186 "-" "DreamHost SiteMonitor 1.0" 
107.20.105.74 - - [27/Oct/2023:16:36:40 -0700] "HEAD / HTTP/1.1" 200 359 "http://66.33.221.139" "DreamHost SiteMonitor 1.0" 
107.20.105.74 - - [27/Oct/2023:16:46:40 -0700] "HEAD / HTTP/1.1" 301 186 "-" "DreamHost SiteMonitor 1.0" 
107.20.105.74 - - [27/Oct/2023:16:46:40 -0700] "HEAD / HTTP/1.1" 200 359 "http://66.33.221.139" "DreamHost SiteMonitor 1.0" 
52.167.144.192 - - [27/Oct/2023:16:52:54 -0700] "GET /self.logs/access.log.2017-08-24.gz HTTP/1.1" 301 487 "-" "Mozilla/5.0 AppleWebKit/537.36 (KHTML, like Gecko; compatible; bingbot/2.0; +http://www.bing.com/bingbot.htm) Chrome/103.0.5060.134 Safari/537.36" 
64.124.8.89 - - [27/Oct/2023:16:54:49 -0700] "GET /Datasets%20Description/Network/tunnel.html HTTP/1.1" 200 1470 "-" "Mozilla/5.0 (X11; Linux x86_64) AppleWebKit/537.36 (KHTML, like Gecko) Chrome/61.0.3163.79 Safari/537.36" 
139.144.185.155 - - [27/Oct/2023:16:56:00 -0700] "GET / HTTP/1.1" 301 475 "-" "Mozilla/5.0 (Windows NT 10.0; Win64; x64) AppleWebKit/537.36 (KHTML, like Gecko) Chrome/78.0.3904.108 Safari/537.36" 
139.144.185.155 - - [27/Oct/2023:16:56:00 -0700] "GET / HTTP/1.1" 429 491 "-" "Mozilla/5.0 (Windows NT 10.0; Win64; x64) AppleWebKit/537.36 (KHTML, like Gecko) Chrome/78.0.3904.108 Safari/537.36" 
139.144.185.155 - - [27/Oct/2023:16:56:00 -0700] "GET //wp-includes/wlwmanifest.xml HTTP/1.1" 429 500 "-" "Mozilla/5.0 (Windows NT 10.0; Win64; x64) AppleWebKit/537.36 (KHTML, like Gecko) Chrome/78.0.3904.108 Safari/537.36" 
139.144.185.155 - - [27/Oct/2023:16:56:00 -0700] "GET //xmlrpc.php?rsd HTTP/1.1" 429 500 "-" "Mozilla/5.0 (Windows NT 10.0; Win64; x64) AppleWebKit/537.36 (KHTML, like Gecko) Chrome/78.0.3904.108 Safari/537.36" 
139.144.185.155 - - [27/Oct/2023:16:56:00 -0700] "GET / HTTP/1.1" 429 500 "-" "Mozilla/5.0 (Windows NT 10.0; Win64; x64) AppleWebKit/537.36 (KHTML, like Gecko) Chrome/78.0.3904.108 Safari/537.36" 
139.144.185.155 - - [27/Oct/2023:16:56:00 -0700] "GET //blog/wp-includes/wlwmanifest.xml HTTP/1.1" 429 500 "-" "Mozilla/5.0 (Windows NT 10.0; Win64; x64) AppleWebKit/537.36 (KHTML, like Gecko) Chrome/78.0.3904.108 Safari/537.36" 
139.144.185.155 - - [27/Oct/2023:16:56:00 -0700] "GET //web/wp-includes/wlwmanifest.xml HTTP/1.1" 429 500 "-" "Mozilla/5.0 (Windows NT 10.0; Win64; x64) AppleWebKit/537.36 (KHTML, like Gecko) Chrome/78.0.3904.108 Safari/537.36" 
139.144.185.155 - - [27/Oct/2023:16:56:00 -0700] "GET //wordpress/wp-includes/wlwmanifest.xml HTTP/1.1" 429 500 "-" "Mozilla/5.0 (Windows NT 10.0; Win64; x64) AppleWebKit/537.36 (KHTML, like Gecko) Chrome/78.0.3904.108 Safari/537.36" 
139.144.185.155 - - [27/Oct/2023:16:56:00 -0700] "GET //website/wp-includes/wlwmanifest.xml HTTP/1.1" 429 500 "-" "Mozilla/5.0 (Windows NT 10.0; Win64; x64) AppleWebKit/537.36 (KHTML, like Gecko) Chrome/78.0.3904.108 Safari/537.36" 
139.144.185.155 - - [27/Oct/2023:16:56:01 -0700] "GET //wp/wp-includes/wlwmanifest.xml HTTP/1.1" 429 500 "-" "Mozilla/5.0 (Windows NT 10.0; Win64; x64) AppleWebKit/537.36 (KHTML, like Gecko) Chrome/78.0.3904.108 Safari/537.36" 
139.144.185.155 - - [27/Oct/2023:16:56:01 -0700] "GET //news/wp-includes/wlwmanifest.xml HTTP/1.1" 429 500 "-" "Mozilla/5.0 (Windows NT 10.0; Win64; x64) AppleWebKit/537.36 (KHTML, like Gecko) Chrome/78.0.3904.108 Safari/537.36" 
139.144.185.155 - - [27/Oct/2023:16:56:01 -0700] "GET //2018/wp-includes/wlwmanifest.xml HTTP/1.1" 429 500 "-" "Mozilla/5.0 (Windows NT 10.0; Win64; x64) AppleWebKit/537.36 (KHTML, like Gecko) Chrome/78.0.3904.108 Safari/537.36" 
139.144.185.155 - - [27/Oct/2023:16:56:01 -0700] "GET //2019/wp-includes/wlwmanifest.xml HTTP/1.1" 429 500 "-" "Mozilla/5.0 (Windows NT 10.0; Win64; x64) AppleWebKit/537.36 (KHTML, like Gecko) Chrome/78.0.3904.108 Safari/537.36" 
139.144.185.155 - - [27/Oct/2023:16:56:01 -0700] "GET //shop/wp-includes/wlwmanifest.xml HTTP/1.1" 429 500 "-" "Mozilla/5.0 (Windows NT 10.0; Win64; x64) AppleWebKit/537.36 (KHTML, like Gecko) Chrome/78.0.3904.108 Safari/537.36" 
139.144.185.155 - - [27/Oct/2023:16:56:01 -0700] "GET //wp1/wp-includes/wlwmanifest.xml HTTP/1.1" 429 500 "-" "Mozilla/5.0 (Windows NT 10.0; Win64; x64) AppleWebKit/537.36 (KHTML, like Gecko) Chrome/78.0.3904.108 Safari/537.36" 
139.144.185.155 - - [27/Oct/2023:16:56:01 -0700] "GET //test/wp-includes/wlwmanifest.xml HTTP/1.1" 429 500 "-" "Mozilla/5.0 (Windows NT 10.0; Win64; x64) AppleWebKit/537.36 (KHTML, like Gecko) Chrome/78.0.3904.108 Safari/537.36" 
139.144.185.155 - - [27/Oct/2023:16:56:01 -0700] "GET //media/wp-includes/wlwmanifest.xml HTTP/1.1" 429 500 "-" "Mozilla/5.0 (Windows NT 10.0; Win64; x64) AppleWebKit/537.36 (KHTML, like Gecko) Chrome/78.0.3904.108 Safari/537.36" 
139.144.185.155 - - [27/Oct/2023:16:56:01 -0700] "GET //wp2/wp-includes/wlwmanifest.xml HTTP/1.1" 429 500 "-" "Mozilla/5.0 (Windows NT 10.0; Win64; x64) AppleWebKit/537.36 (KHTML, like Gecko) Chrome/78.0.3904.108 Safari/537.36" 
139.144.185.155 - - [27/Oct/2023:16:56:01 -0700] "GET //site/wp-includes/wlwmanifest.xml HTTP/1.1" 429 500 "-" "Mozilla/5.0 (Windows NT 10.0; Win64; x64) AppleWebKit/537.36 (KHTML, like Gecko) Chrome/78.0.3904.108 Safari/537.36" 
139.144.185.155 - - [27/Oct/2023:16:56:01 -0700] "GET //cms/wp-includes/wlwmanifest.xml HTTP/1.1" 429 500 "-" "Mozilla/5.0 (Windows NT 10.0; Win64; x64) AppleWebKit/537.36 (KHTML, like Gecko) Chrome/78.0.3904.108 Safari/537.36" 
