168.149.172.10 - - [10/May/2021:21:56:36 -0700] "GET /bootstrap/img/favicon.ico HTTP/1.1" 200 713 "http://www.secrepo.com/" "Mozilla/5.0 (Windows NT 10.0; Win64; x64) AppleWebKit/537.36 (KHTML, like Gecko) Chrome/90.0.4430.93 Safari/537.36" 
106.38.241.178 - - [10/May/2021:22:01:57 -0700] "GET / HTTP/1.1" 200 12844 "-" "Sogou web spider/4.0(+http://www.sogou.com/docs/help/webmasters.htm#07)" 
114.119.155.228 - - [10/May/2021:22:01:59 -0700] "GET /self.logs/access.log.2020-12-17.gz HTTP/1.1" 200 16804 "-" "Mozilla/5.0 (Linux; Android 7.0;) AppleWebKit/537.36 (KHTML, like Gecko) Mobile Safari/537.36 (compatible; PetalBot;+https://webmaster.petalsearch.com/site/petalbot)" 
223.129.4.185 - - [10/May/2021:22:02:12 -0700] "GET /honeypot/honeypot.json.zip HTTP/1.1" 206 2731776 "-" "Mozilla/5.0 (Windows NT 10.0; Win64; x64) AppleWebKit/537.36 (KHTML, like Gecko) Chrome/67.0.3396.99 Safari/537.36" 
223.129.4.185 - - [10/May/2021:22:02:12 -0700] "GET /honeypot/honeypot.json.zip HTTP/1.1" 206 7682818 "-" "Mozilla/5.0 (Windows NT 10.0; Win64; x64) AppleWebKit/537.36 (KHTML, like Gecko) Chrome/67.0.3396.99 Safari/537.36" 
223.129.4.185 - - [10/May/2021:22:02:15 -0700] "GET /honeypot/honeypot.json.zip HTTP/1.1" 206 78000 "-" "Mozilla/5.0 (Windows NT 10.0; Win64; x64) AppleWebKit/537.36 (KHTML, like Gecko) Chrome/67.0.3396.99 Safari/537.36" 
223.129.4.185 - - [10/May/2021:22:02:12 -0700] "GET /honeypot/honeypot.json.zip HTTP/1.1" 206 3293043 "-" "Mozilla/5.0 (Windows NT 10.0; Win64; x64) AppleWebKit/537.36 (KHTML, like Gecko) Chrome/67.0.3396.99 Safari/537.36" 
223.129.4.185 - - [10/May/2021:22:02:12 -0700] "GET /honeypot/honeypot.json.zip HTTP/1.1" 200 16827200 "-" "Mozilla/5.0 (Windows NT 10.0; Win64; x64) AppleWebKit/537.36 (KHTML, like Gecko) Chrome/67.0.3396.99 Safari/537.36" 
223.129.4.185 - - [10/May/2021:22:02:12 -0700] "GET /honeypot/honeypot.json.zip HTTP/1.1" 206 4792455 "-" "Mozilla/5.0 (Windows NT 10.0; Win64; x64) AppleWebKit/537.36 (KHTML, like Gecko) Chrome/67.0.3396.99 Safari/537.36" 
223.129.4.185 - - [10/May/2021:22:02:15 -0700] "GET /honeypot/honeypot.json.zip HTTP/1.1" 206 312456 "-" "Mozilla/5.0 (Windows NT 10.0; Win64; x64) AppleWebKit/537.36 (KHTML, like Gecko) Chrome/67.0.3396.99 Safari/537.36" 
223.129.4.185 - - [10/May/2021:22:02:15 -0700] "GET /honeypot/honeypot.json.zip HTTP/1.1" 206 118300 "-" "Mozilla/5.0 (Windows NT 10.0; Win64; x64) AppleWebKit/537.36 (KHTML, like Gecko) Chrome/67.0.3396.99 Safari/537.36" 
223.129.4.185 - - [10/May/2021:22:02:07 -0700] "GET /honeypot/honeypot.json.zip HTTP/1.1" 200 78000 "-" "Mozilla/5.0 (Windows NT 10.0; Win64; x64) AppleWebKit/537.36 (KHTML, like Gecko) Chrome/90.0.4430.93 Safari/537.36" 
185.191.171.5 - - [10/May/2021:22:04:02 -0700] "GET /robots.txt HTTP/1.1" 200 340 "-" "Mozilla/5.0 (compatible; SemrushBot/7~bl; +http://www.semrush.com/bot.html)" 
185.191.171.23 - - [10/May/2021:22:04:02 -0700] "GET /Datasets%20Description/HTML_Bro_log_1/notice.html HTTP/1.1" 200 1964 "-" "Mozilla/5.0 (compatible; SemrushBot/7~bl; +http://www.semrush.com/bot.html)" 
114.119.155.228 - - [10/May/2021:22:06:54 -0700] "GET /self.logs/error.log.2021-01-07 HTTP/1.1" 200 351 "-" "Mozilla/5.0 (Linux; Android 7.0;) AppleWebKit/537.36 (KHTML, like Gecko) Mobile Safari/537.36 (compatible; PetalBot;+https://webmaster.petalsearch.com/site/petalbot)" 
106.38.241.178 - - [10/May/2021:22:11:41 -0700] "GET / HTTP/1.1" 200 12844 "-" "Sogou web spider/4.0(+http://www.sogou.com/docs/help/webmasters.htm#07)" 
114.119.141.53 - - [10/May/2021:22:11:51 -0700] "GET /self.logs/access.log.2019-03-11.gz HTTP/1.1" 200 41556 "-" "Mozilla/5.0 (Linux; Android 7.0;) AppleWebKit/537.36 (KHTML, like Gecko) Mobile Safari/537.36 (compatible; PetalBot;+https://webmaster.petalsearch.com/site/petalbot)" 
40.77.167.38 - - [10/May/2021:22:17:10 -0700] "GET /self.logs/access.log.2021-03-06.gz HTTP/1.1" 200 21895 "-" "Mozilla/5.0 (compatible; bingbot/2.0; +http://www.bing.com/bingbot.htm)" 
114.119.159.40 - - [10/May/2021:22:18:38 -0700] "GET /self.logs/access.log.2017-09-03.gz HTTP/1.1" 200 19881 "-" "Mozilla/5.0 (Linux; Android 7.0;) AppleWebKit/537.36 (KHTML, like Gecko) Mobile Safari/537.36 (compatible; PetalBot;+https://webmaster.petalsearch.com/site/petalbot)" 
106.38.241.177 - - [10/May/2021:22:23:22 -0700] "GET / HTTP/1.1" 200 12843 "-" "Sogou web spider/4.0(+http://www.sogou.com/docs/help/webmasters.htm#07)" 
114.119.150.248 - - [10/May/2021:22:23:38 -0700] "GET /self.logs/access.log.2019-07-11.gz HTTP/1.1" 200 63890 "-" "Mozilla/5.0 (Linux; Android 7.0;) AppleWebKit/537.36 (KHTML, like Gecko) Mobile Safari/537.36 (compatible; PetalBot;+https://webmaster.petalsearch.com/site/petalbot)" 
5.34.180.192 - - [10/May/2021:22:25:22 -0700] "GET / HTTP/1.1" 200 48020 "https://xn--18-mlcpylcbdfbet.xn--p1ai/" "Mozilla/4.0 (compatible; MSIE 6.0; Windows NT 5.2; Win64; x64; SV1; .NET CLR 2.0.50727)" 
5.34.180.192 - - [10/May/2021:22:25:23 -0700] "GET / HTTP/1.1" 200 48020 "https://xn--18-mlcpylcbdfbet.xn--p1ai/" "Mozilla/4.0 (compatible; MSIE 6.0; Windows NT 5.2; Win64; x64; SV1; .NET CLR 2.0.50727)" 
5.34.180.192 - - [10/May/2021:22:25:23 -0700] "GET / HTTP/1.1" 200 48020 "https://xn--18-mlcpylcbdfbet.xn--p1ai/" "Mozilla/4.0 (compatible; MSIE 6.0; Windows NT 5.2; Win64; x64; SV1; .NET CLR 2.0.50727)" 
114.119.150.248 - - [10/May/2021:22:29:40 -0700] "GET /self.logs/access.log.2018-07-25.gz HTTP/1.1" 200 25281 "-" "Mozilla/5.0 (Linux; Android 7.0;) AppleWebKit/537.36 (KHTML, like Gecko) Mobile Safari/537.36 (compatible; PetalBot;+https://webmaster.petalsearch.com/site/petalbot)" 
66.249.64.129 - - [10/May/2021:22:31:36 -0700] "GET / HTTP/1.1" 200 12881 "-" "Mozilla/5.0 (compatible; Googlebot/2.1; +http://www.google.com/bot.html)" 
66.249.64.66 - - [10/May/2021:22:42:52 -0700] "GET /ads.txt HTTP/1.1" 301 489 "-" "Mozilla/5.0 (compatible; Googlebot/2.1; +http://www.google.com/bot.html)" 
66.249.64.159 - - [10/May/2021:22:42:53 -0700] "GET /ads.txt HTTP/1.1" 404 328 "-" "Mozilla/5.0 (compatible; Googlebot/2.1; +http://www.google.com/bot.html)" 
114.119.144.30 - - [10/May/2021:22:44:18 -0700] "GET /self.logs/access.log.2018-05-18.gz HTTP/1.1" 200 16526 "-" "Mozilla/5.0 (Linux; Android 7.0;) AppleWebKit/537.36 (KHTML, like Gecko) Mobile Safari/537.36 (compatible; PetalBot;+https://webmaster.petalsearch.com/site/petalbot)" 
207.46.13.102 - - [10/May/2021:22:48:01 -0700] "GET /self.logs/error.log.2021-01-16 HTTP/1.1" 200 351 "-" "Mozilla/5.0 (compatible; bingbot/2.0; +http://www.bing.com/bingbot.htm)" 
114.119.157.43 - - [10/May/2021:22:51:09 -0700] "GET /self.logs/error.log.2020-02-08.gz HTTP/1.1" 200 870 "-" "Mozilla/5.0 (Linux; Android 7.0;) AppleWebKit/537.36 (KHTML, like Gecko) Mobile Safari/537.36 (compatible; PetalBot;+https://webmaster.petalsearch.com/site/petalbot)" 
66.249.64.66 - - [10/May/2021:22:51:57 -0700] "GET / HTTP/1.1" 301 475 "-" "Mozilla/5.0 (Linux; Android 6.0.1; Nexus 5X Build/MMB29P) AppleWebKit/537.36 (KHTML, like Gecko) Chrome/90.0.4430.97 Mobile Safari/537.36 (compatible; Googlebot/2.1; +http://www.google.com/bot.html)" 
66.249.64.159 - - [10/May/2021:22:51:57 -0700] "GET / HTTP/1.1" 200 12881 "-" "Mozilla/5.0 (Linux; Android 6.0.1; Nexus 5X Build/MMB29P) AppleWebKit/537.36 (KHTML, like Gecko) Chrome/90.0.4430.97 Mobile Safari/537.36 (compatible; Googlebot/2.1; +http://www.google.com/bot.html)" 
114.119.150.248 - - [10/May/2021:22:54:30 -0700] "GET /self.logs/access.log.2020-01-03.gz HTTP/1.1" 200 16111 "-" "Mozilla/5.0 (Linux; Android 7.0;) AppleWebKit/537.36 (KHTML, like Gecko) Mobile Safari/537.36 (compatible; PetalBot;+https://webmaster.petalsearch.com/site/petalbot)" 
106.38.241.177 - - [10/May/2021:22:58:41 -0700] "GET / HTTP/1.1" 200 12844 "-" "Sogou web spider/4.0(+http://www.sogou.com/docs/help/webmasters.htm#07)" 
118.184.177.111 - - [10/May/2021:22:58:43 -0700] "GET / HTTP/1.1" 200 12844 "-" "Sogou web spider/4.0(+http://www.sogou.com/docs/help/webmasters.htm#07)" 
114.119.129.244 - - [10/May/2021:23:07:03 -0700] "GET /self.logs/access.log.2019-04-24.gz HTTP/1.1" 200 23962 "-" "Mozilla/5.0 (Linux; Android 7.0;) AppleWebKit/537.36 (KHTML, like Gecko) Mobile Safari/537.36 (compatible; PetalBot;+https://webmaster.petalsearch.com/site/petalbot)" 
66.249.64.66 - - [10/May/2021:23:12:05 -0700] "GET /robots.txt HTTP/1.1" 301 495 "-" "Mozilla/5.0 (compatible; Googlebot/2.1; +http://www.google.com/bot.html)" 
66.249.64.157 - - [10/May/2021:23:12:05 -0700] "GET /robots.txt HTTP/1.1" 200 377 "-" "Mozilla/5.0 (compatible; Googlebot/2.1; +http://www.google.com/bot.html)" 
66.249.64.66 - - [10/May/2021:23:12:05 -0700] "GET / HTTP/1.1" 301 474 "-" "Mozilla/5.0 (compatible; Googlebot/2.1; +http://www.google.com/bot.html)" 
114.119.144.30 - - [10/May/2021:23:13:44 -0700] "GET /self.logs/access.log.2019-09-24.gz HTTP/1.1" 200 24084 "-" "Mozilla/5.0 (Linux; Android 7.0;) AppleWebKit/537.36 (KHTML, like Gecko) Mobile Safari/537.36 (compatible; PetalBot;+https://webmaster.petalsearch.com/site/petalbot)" 
207.46.13.129 - - [10/May/2021:23:20:17 -0700] "GET /self.logs/error.log.2018-07-15.gz HTTP/1.1" 200 13706 "-" "Mozilla/5.0 (compatible; bingbot/2.0; +http://www.bing.com/bingbot.htm)" 
40.77.167.32 - - [10/May/2021:23:21:40 -0700] "GET /self.logs/error.log.2017-02-02.gz HTTP/1.1" 200 957 "-" "Mozilla/5.0 (compatible; bingbot/2.0; +http://www.bing.com/bingbot.htm)" 
17.121.115.34 - - [10/May/2021:23:24:06 -0700] "GET /self.logs/error.log.2020-03-26 HTTP/1.1" 200 307 "-" "Mozilla/5.0 (Macintosh; Intel Mac OS X 10_15_5) AppleWebKit/605.1.15 (KHTML, like Gecko) Version/13.1.1 Safari/605.1.15 (Applebot/0.1; +http://www.apple.com/go/applebot)" 
114.119.159.101 - - [10/May/2021:23:27:29 -0700] "GET /self.logs/2015/access.log.2015-12-12.gz HTTP/1.1" 200 5502 "-" "Mozilla/5.0 (Linux; Android 7.0;) AppleWebKit/537.36 (KHTML, like Gecko) Mobile Safari/537.36 (compatible; PetalBot;+https://webmaster.petalsearch.com/site/petalbot)" 
207.46.13.101 - - [10/May/2021:23:29:00 -0700] "GET /self.logs/error.log.2019-06-29.gz HTTP/1.1" 200 2085 "-" "Mozilla/5.0 (compatible; bingbot/2.0; +http://www.bing.com/bingbot.htm)" 
36.148.88.226 - - [10/May/2021:23:30:04 -0700] "GET /honeypot/honeypot.json.zip HTTP/1.1" 200 23086087 "https://blog.csdn.net/answer3lin/article/details/82966360" "Mozilla/5.0 (Windows NT 10.0; Win64; x64) AppleWebKit/537.36 (KHTML, like Gecko) Chrome/89.0.4389.128 Safari/537.36 Edg/89.0.774.77" 
106.38.241.177 - - [10/May/2021:23:31:20 -0700] "GET / HTTP/1.1" 200 12844 "-" "Sogou web spider/4.0(+http://www.sogou.com/docs/help/webmasters.htm#07)" 
114.119.150.248 - - [10/May/2021:23:33:24 -0700] "GET /self.logs/error.log.2018-08-31.gz HTTP/1.1" 200 5212 "-" "Mozilla/5.0 (Linux; Android 7.0;) AppleWebKit/537.36 (KHTML, like Gecko) Mobile Safari/537.36 (compatible; PetalBot;+https://webmaster.petalsearch.com/site/petalbot)" 
103.144.147.206 - - [11/May/2021:00:03:37 -0700] "GET / HTTP/1.1" 200 12881 "http://www.secrepo.com/Datasets%20Description/PE_malware/VirusShare.html" "Mozilla/5.0 (Windows NT 10.0; Win64; x64) AppleWebKit/537.36 (KHTML, like Gecko) Chrome/90.0.4430.212 Safari/537.36" 
103.144.147.206 - - [11/May/2021:00:03:38 -0700] "GET /css/style.css HTTP/1.1" 404 328 "http://www.secrepo.com/" "Mozilla/5.0 (Windows NT 10.0; Win64; x64) AppleWebKit/537.36 (KHTML, like Gecko) Chrome/90.0.4430.212 Safari/537.36" 
103.144.147.206 - - [11/May/2021:00:03:48 -0700] "GET /twitter-icon.png HTTP/1.1" 304 281 "http://www.secrepo.com/" "Mozilla/5.0 (Windows NT 10.0; Win64; x64) AppleWebKit/537.36 (KHTML, like Gecko) Chrome/90.0.4430.212 Safari/537.36" 
103.144.147.206 - - [11/May/2021:00:03:48 -0700] "GET /GitHub-Mark.png HTTP/1.1" 304 281 "http://www.secrepo.com/" "Mozilla/5.0 (Windows NT 10.0; Win64; x64) AppleWebKit/537.36 (KHTML, like Gecko) Chrome/90.0.4430.212 Safari/537.36" 
106.38.241.177 - - [11/May/2021:00:06:40 -0700] "GET / HTTP/1.1" 200 12844 "-" "Sogou web spider/4.0(+http://www.sogou.com/docs/help/webmasters.htm#07)" 
49.7.20.105 - - [11/May/2021:00:10:53 -0700] "GET / HTTP/1.1" 200 12844 "-" "Sogou web spider/4.0(+http://www.sogou.com/docs/help/webmasters.htm#07)" 
114.246.196.40 - - [11/May/2021:00:15:47 -0700] "GET / HTTP/1.1" 200 12882 "-" "Mozilla/5.0 (Windows NT 10.0; WOW64) AppleWebKit/537.36 (KHTML, like Gecko) Chrome/86.0.4240.198 Safari/537.36" 
114.246.196.40 - - [11/May/2021:00:15:50 -0700] "GET /css/style.css HTTP/1.1" 404 328 "http://www.secrepo.com/" "Mozilla/5.0 (Windows NT 10.0; WOW64) AppleWebKit/537.36 (KHTML, like Gecko) Chrome/86.0.4240.198 Safari/537.36" 
114.246.196.40 - - [11/May/2021:00:15:50 -0700] "GET /css/style.css HTTP/1.1" 404 305 "http://www.secrepo.com/" "Mozilla/5.0 (Windows NT 10.0; WOW64) AppleWebKit/537.36 (KHTML, like Gecko) Chrome/86.0.4240.198 Safari/537.36" 
114.246.196.40 - - [11/May/2021:00:15:51 -0700] "GET /twitter-icon.png HTTP/1.1" 200 27893 "http://www.secrepo.com/" "Mozilla/5.0 (Windows NT 10.0; WOW64) AppleWebKit/537.36 (KHTML, like Gecko) Chrome/86.0.4240.198 Safari/537.36" 
114.246.196.40 - - [11/May/2021:00:15:51 -0700] "GET /GitHub-Mark.png HTTP/1.1" 200 7556 "http://www.secrepo.com/" "Mozilla/5.0 (Windows NT 10.0; WOW64) AppleWebKit/537.36 (KHTML, like Gecko) Chrome/86.0.4240.198 Safari/537.36" 
114.246.196.40 - - [11/May/2021:00:15:55 -0700] "GET /bootstrap/img/favicon.ico HTTP/1.1" 200 713 "http://www.secrepo.com/" "Mozilla/5.0 (Windows NT 10.0; WOW64) AppleWebKit/537.36 (KHTML, like Gecko) Chrome/86.0.4240.198 Safari/537.36" 
114.36.119.195 - - [11/May/2021:00:17:39 -0700] "GET / HTTP/1.1" 200 12838 "-" "Mozilla/5.0 (Macintosh; Intel Mac OS X 10_15_4) AppleWebKit/537.36 (KHTML, like Gecko) Chrome/90.0.4430.93 Safari/537.36" 
114.36.119.195 - - [11/May/2021:00:17:40 -0700] "GET /css/style.css HTTP/1.1" 404 284 "http://www.secrepo.com/" "Mozilla/5.0 (Macintosh; Intel Mac OS X 10_15_4) AppleWebKit/537.36 (KHTML, like Gecko) Chrome/90.0.4430.93 Safari/537.36" 
114.36.119.195 - - [11/May/2021:00:17:40 -0700] "GET /twitter-icon.png HTTP/1.1" 200 27872 "http://www.secrepo.com/" "Mozilla/5.0 (Macintosh; Intel Mac OS X 10_15_4) AppleWebKit/537.36 (KHTML, like Gecko) Chrome/90.0.4430.93 Safari/537.36" 
114.36.119.195 - - [11/May/2021:00:17:40 -0700] "GET /GitHub-Mark.png HTTP/1.1" 200 7512 "http://www.secrepo.com/" "Mozilla/5.0 (Macintosh; Intel Mac OS X 10_15_4) AppleWebKit/537.36 (KHTML, like Gecko) Chrome/90.0.4430.93 Safari/537.36" 
114.36.119.195 - - [11/May/2021:00:17:41 -0700] "GET /bootstrap/img/favicon.ico HTTP/1.1" 200 635 "http://www.secrepo.com/" "Mozilla/5.0 (Macintosh; Intel Mac OS X 10_15_4) AppleWebKit/537.36 (KHTML, like Gecko) Chrome/90.0.4430.93 Safari/537.36" 
20.185.246.54 - - [11/May/2021:00:17:52 -0700] "GET /.env HTTP/1.1" 301 483 "-" "Mozilla/5.0 (X11; Linux x86_64) AppleWebKit/537.36 (KHTML, like Gecko) Chrome/81.0.4044.129 Safari/537.36" 
20.185.246.54 - - [11/May/2021:00:17:53 -0700] "GET /vendor/.env HTTP/1.1" 301 497 "-" "Mozilla/5.0 (X11; Linux x86_64) AppleWebKit/537.36 (KHTML, like Gecko) Chrome/81.0.4044.129 Safari/537.36" 
20.185.246.54 - - [11/May/2021:00:17:53 -0700] "GET /storage/.env HTTP/1.1" 301 499 "-" "Mozilla/5.0 (X11; Linux x86_64) AppleWebKit/537.36 (KHTML, like Gecko) Chrome/81.0.4044.129 Safari/537.36" 
20.185.246.54 - - [11/May/2021:00:17:53 -0700] "GET /public/.env HTTP/1.1" 301 497 "-" "Mozilla/5.0 (X11; Linux x86_64) AppleWebKit/537.36 (KHTML, like Gecko) Chrome/81.0.4044.129 Safari/537.36" 
20.185.246.54 - - [11/May/2021:00:17:53 -0700] "POST / HTTP/1.1" 301 475 "-" "Mozilla/5.0 (X11; Linux x86_64) AppleWebKit/537.36 (KHTML, like Gecko) Chrome/81.0.4044.129 Safari/537.36" 
17.121.112.8 - - [11/May/2021:00:22:03 -0700] "GET /self.logs/error.log.2020-04-20 HTTP/1.1" 200 307 "-" "Mozilla/5.0 (Macintosh; Intel Mac OS X 10_15_5) AppleWebKit/605.1.15 (KHTML, like Gecko) Version/13.1.1 Safari/605.1.15 (Applebot/0.1; +http://www.apple.com/go/applebot)" 
185.252.221.250 - - [11/May/2021:00:26:48 -0700] "GET / HTTP/1.1" 200 12882 "-" "Mozilla/5.0 (X11; Linux x86_64; rv:78.0) Gecko/20100101 Firefox/78.0" 
185.252.221.250 - - [11/May/2021:00:26:49 -0700] "GET /css/style.css HTTP/1.1" 404 328 "http://www.secrepo.com/" "Mozilla/5.0 (X11; Linux x86_64; rv:78.0) Gecko/20100101 Firefox/78.0" 
185.252.221.250 - - [11/May/2021:00:26:49 -0700] "GET /bootstrap/img/favicon.ico HTTP/1.1" 200 713 "-" "Mozilla/5.0 (X11; Linux x86_64; rv:78.0) Gecko/20100101 Firefox/78.0" 
45.79.106.194 - - [11/May/2021:00:27:36 -0700] "GET /favicon.ico HTTP/1.1" 200 391 "-" "Mozilla/5.0 (Windows NT 6.1; WOW64) AppleWebKit/537.36 (KHTML, like Gecko) Chrome/69.0.3497.100 Safari/537.36" 
111.198.228.11 - - [11/May/2021:00:30:46 -0700] "GET / HTTP/1.1" 200 12882 "-" "Mozilla/5.0 (Macintosh; Intel Mac OS X 10_15_7) AppleWebKit/605.1.15 (KHTML, like Gecko)" 
111.198.228.11 - - [11/May/2021:00:30:46 -0700] "GET /apple-touch-icon-precomposed.png HTTP/1.1" 404 328 "-" "Safari%E6%B5%8F%E8%A7%88%E5%99%A8/16611.1.21.161.6 CFNetwork/1237 Darwin/20.4.0" 
111.198.228.11 - - [11/May/2021:00:30:47 -0700] "GET /apple-touch-icon.png HTTP/1.1" 404 305 "-" "Safari%E6%B5%8F%E8%A7%88%E5%99%A8/16611.1.21.161.6 CFNetwork/1237 Darwin/20.4.0" 
111.198.228.11 - - [11/May/2021:00:30:47 -0700] "GET /bootstrap/img/favicon.ico HTTP/1.1" 304 253 "-" "Safari%E6%B5%8F%E8%A7%88%E5%99%A8/16611.1.21.161.6 CFNetwork/1237 Darwin/20.4.0" 
111.198.228.11 - - [11/May/2021:00:30:47 -0700] "GET / HTTP/1.1" 200 12882 "-" "Mozilla/5.0 (iPhone; CPU iPhone OS 14_0 like Mac OS X) AppleWebKit/605.1.15 (KHTML, like Gecko) Version/14.0 Mobile/15E148 Safari/604.1" 
111.198.228.11 - - [11/May/2021:00:30:47 -0700] "GET /apple-touch-icon-precomposed.png HTTP/1.1" 404 305 "-" "Safari%E6%B5%8F%E8%A7%88%E5%99%A8/16611.1.21.161.6 CFNetwork/1237 Darwin/20.4.0" 
111.198.228.11 - - [11/May/2021:00:30:48 -0700] "GET /apple-touch-icon.png HTTP/1.1" 404 305 "-" "Safari%E6%B5%8F%E8%A7%88%E5%99%A8/16611.1.21.161.6 CFNetwork/1237 Darwin/20.4.0" 
114.119.157.43 - - [11/May/2021:00:32:45 -0700] "GET /Datasets%20Description/Network?C=N%3BO%3DD HTTP/1.1" 301 629 "-" "Mozilla/5.0 (Linux; Android 7.0;) AppleWebKit/537.36 (KHTML, like Gecko) Mobile Safari/537.36 (compatible; PetalBot;+https://webmaster.petalsearch.com/site/petalbot)" 
114.119.157.43 - - [11/May/2021:00:32:45 -0700] "GET /Datasets%20Description/Network/?C=N%3BO%3DD HTTP/1.1" 200 746 "-" "Mozilla/5.0 (Linux; Android 7.0;) AppleWebKit/537.36 (KHTML, like Gecko) Mobile Safari/537.36 (compatible; PetalBot;+https://webmaster.petalsearch.com/site/petalbot)" 
114.119.144.30 - - [11/May/2021:00:39:16 -0700] "GET /self.logs/access.log.2018-06-07.gz HTTP/1.1" 200 21291 "-" "Mozilla/5.0 (Linux; Android 7.0;) AppleWebKit/537.36 (KHTML, like Gecko) Mobile Safari/537.36 (compatible; PetalBot;+https://webmaster.petalsearch.com/site/petalbot)" 
106.38.241.178 - - [11/May/2021:00:40:25 -0700] "GET / HTTP/1.1" 200 12845 "-" "Sogou web spider/4.0(+http://www.sogou.com/docs/help/webmasters.htm#07)" 
123.183.224.117 - - [11/May/2021:00:42:42 -0700] "GET / HTTP/1.1" 301 438 "-" "Sogou web spider/4.0(+http://www.sogou.com/docs/help/webmasters.htm#07)" 
220.181.108.103 - - [11/May/2021:00:42:58 -0700] "GET /Datasets%20Description/Network/signatures.html HTTP/1.1" 404 291 "-" "Mozilla/5.0 (compatible; Baiduspider/2.0; +http://www.baidu.com/search/spider.html)" 
114.119.153.50 - - [11/May/2021:00:45:27 -0700] "GET /robots.txt HTTP/1.1" 200 377 "-" "Mozilla/5.0 (compatible;PetalBot;+https://webmaster.petalsearch.com/site/petalbot)" 
111.206.36.8 - - [11/May/2021:00:46:04 -0700] "GET / HTTP/1.1" 200 12882 "http://www.baidu.com/s?wd=silktcn" "Mozilla/5.0 (Windows NT 6.1; WOW64; rv:43.0) Gecko/20100101 Firefox/43.0" 
111.206.36.8 - - [11/May/2021:00:46:04 -0700] "GET /css/style.css HTTP/1.1" 404 305 "http://www.secrepo.com/" "Mozilla/5.0 (Windows NT 6.1; WOW64; rv:43.0) Gecko/20100101 Firefox/43.0" 
49.7.20.105 - - [11/May/2021:00:48:07 -0700] "GET / HTTP/1.1" 200 12845 "-" "Sogou web spider/4.0(+http://www.sogou.com/docs/help/webmasters.htm#07)" 
123.183.224.117 - - [11/May/2021:00:49:21 -0700] "GET / HTTP/1.1" 200 12845 "-" "Sogou web spider/4.0(+http://www.sogou.com/docs/help/webmasters.htm#07)" 
123.183.224.2 - - [11/May/2021:00:49:28 -0700] "GET /css/style.css HTTP/1.1" 301 464 "http://secrepo.com/" "Mozilla/5.0 (X11; Linux x86_64) AppleWebKit/537.36 (KHTML, like Gecko) Chrome/73.0.3683.86 Safari/537.36" 
123.183.224.2 - - [11/May/2021:00:49:31 -0700] "GET /css/style.css HTTP/1.1" 404 291 "http://secrepo.com/" "Mozilla/5.0 (X11; Linux x86_64) AppleWebKit/537.36 (KHTML, like Gecko) Chrome/73.0.3683.86 Safari/537.36" 
106.38.241.107 - - [11/May/2021:00:49:33 -0700] "GET /css/style.css HTTP/1.1" 301 464 "http://secrepo.com/" "Mozilla/5.0 (X11; Linux x86_64) AppleWebKit/537.36 (KHTML, like Gecko) Chrome/73.0.3683.86 Safari/537.36" 
123.183.224.2 - - [11/May/2021:00:49:33 -0700] "GET /css/style.css HTTP/1.1" 301 464 "http://secrepo.com/" "Mozilla/5.0 (X11; Linux x86_64) AppleWebKit/537.36 (KHTML, like Gecko) Chrome/73.0.3683.86 Safari/537.36" 
106.38.241.107 - - [11/May/2021:00:49:34 -0700] "GET /css/style.css HTTP/1.1" 404 291 "http://secrepo.com/" "Mozilla/5.0 (X11; Linux x86_64) AppleWebKit/537.36 (KHTML, like Gecko) Chrome/73.0.3683.86 Safari/537.36" 
106.38.241.107 - - [11/May/2021:00:49:34 -0700] "GET /css/style.css HTTP/1.1" 301 464 "http://secrepo.com/" "Mozilla/5.0 (X11; Linux x86_64) AppleWebKit/537.36 (KHTML, like Gecko) Chrome/73.0.3683.86 Safari/537.36" 
106.38.241.107 - - [11/May/2021:00:49:35 -0700] "GET /css/style.css HTTP/1.1" 404 291 "http://secrepo.com/" "Mozilla/5.0 (X11; Linux x86_64) AppleWebKit/537.36 (KHTML, like Gecko) Chrome/73.0.3683.86 Safari/537.36" 
106.38.241.107 - - [11/May/2021:00:49:35 -0700] "GET /css/style.css HTTP/1.1" 301 464 "http://secrepo.com/" "Mozilla/5.0 (X11; Linux x86_64) AppleWebKit/537.36 (KHTML, like Gecko) Chrome/73.0.3683.86 Safari/537.36" 
106.38.241.107 - - [11/May/2021:00:49:35 -0700] "GET /css/style.css HTTP/1.1" 404 291 "http://secrepo.com/" "Mozilla/5.0 (X11; Linux x86_64) AppleWebKit/537.36 (KHTML, like Gecko) Chrome/73.0.3683.86 Safari/537.36" 
123.183.224.2 - - [11/May/2021:00:49:44 -0700] "GET /css/style.css HTTP/1.1" 404 291 "http://secrepo.com/" "Mozilla/5.0 (X11; Linux x86_64) AppleWebKit/537.36 (KHTML, like Gecko) Chrome/73.0.3683.86 Safari/537.36" 
106.38.241.177 - - [11/May/2021:00:51:36 -0700] "GET / HTTP/1.1" 200 12845 "-" "Sogou web spider/4.0(+http://www.sogou.com/docs/help/webmasters.htm#07)" 
13.66.139.1 - - [11/May/2021:00:51:49 -0700] "GET /robots.txt HTTP/1.1" 200 377 "-" "Mozilla/5.0 (compatible; bingbot/2.0; +http://www.bing.com/bingbot.htm)" 
106.38.241.178 - - [11/May/2021:00:51:49 -0700] "GET / HTTP/1.1" 200 12845 "-" "Sogou web spider/4.0(+http://www.sogou.com/docs/help/webmasters.htm#07)" 
13.66.139.0 - - [11/May/2021:00:52:13 -0700] "GET /self.logs/access.log.2017-10-08.gz HTTP/1.1" 304 280 "-" "Mozilla/5.0 (compatible; bingbot/2.0; +http://www.bing.com/bingbot.htm)" 
114.119.129.244 - - [11/May/2021:00:52:54 -0700] "GET /self.logs/2015/access.log.2015-06-26.gz HTTP/1.1" 200 4128 "-" "Mozilla/5.0 (Linux; Android 7.0;) AppleWebKit/537.36 (KHTML, like Gecko) Mobile Safari/537.36 (compatible; PetalBot;+https://webmaster.petalsearch.com/site/petalbot)" 
118.184.177.111 - - [11/May/2021:00:56:19 -0700] "GET / HTTP/1.1" 301 438 "-" "Sogou web spider/4.0(+http://www.sogou.com/docs/help/webmasters.htm#07)" 
118.184.177.111 - - [11/May/2021:00:57:23 -0700] "GET / HTTP/1.1" 200 12845 "-" "Sogou web spider/4.0(+http://www.sogou.com/docs/help/webmasters.htm#07)" 
220.181.108.122 - - [11/May/2021:00:57:50 -0700] "GET / HTTP/1.1" 200 12845 "-" "Mozilla/5.0 (compatible; Baiduspider/2.0; +http://www.baidu.com/search/spider.html)" 
116.179.32.13 - - [11/May/2021:00:57:54 -0700] "GET / HTTP/1.1" 200 12845 "-" "Mozilla/5.0 (compatible; Baiduspider/2.0; +http://www.baidu.com/search/spider.html)" 
116.179.37.168 - - [11/May/2021:00:57:55 -0700] "GET /css/style.css HTTP/1.1" 404 291 "http://www.secrepo.com/" "Mozilla/5.0 (compatible; Baiduspider-render/2.0; +http://www.baidu.com/search/spider.html)" 
114.119.155.228 - - [11/May/2021:01:00:21 -0700] "GET /self.logs/error.log.2018-03-27.gz HTTP/1.1" 200 9560 "-" "Mozilla/5.0 (Linux; Android 7.0;) AppleWebKit/537.36 (KHTML, like Gecko) Mobile Safari/537.36 (compatible; PetalBot;+https://webmaster.petalsearch.com/site/petalbot)" 
156.146.57.103 - - [11/May/2021:01:03:47 -0700] "GET /self.logs/access.log.2021-04-29.gz HTTP/1.1" 200 18611 "-" "python-requests/2.19.1" 
156.146.57.103 - - [11/May/2021:01:03:48 -0700] "GET /self.logs/access.log.2021-04-30.gz HTTP/1.1" 200 20084 "-" "python-requests/2.19.1" 
156.146.57.103 - - [11/May/2021:01:03:49 -0700] "GET /self.logs/access.log.2021-05-01.gz HTTP/1.1" 200 14380 "-" "python-requests/2.19.1" 
156.146.57.103 - - [11/May/2021:01:03:50 -0700] "GET /self.logs/access.log.2021-05-02.gz HTTP/1.1" 200 19464 "-" "python-requests/2.19.1" 
156.146.57.103 - - [11/May/2021:01:03:50 -0700] "GET /self.logs/access.log.2021-05-03.gz HTTP/1.1" 200 14409 "-" "python-requests/2.19.1" 
156.146.57.103 - - [11/May/2021:01:03:51 -0700] "GET /self.logs/access.log.2021-05-04.gz HTTP/1.1" 200 16952 "-" "python-requests/2.19.1" 
156.146.57.103 - - [11/May/2021:01:03:52 -0700] "GET /self.logs/access.log.2021-05-05.gz HTTP/1.1" 200 25377 "-" "python-requests/2.19.1" 
156.146.57.103 - - [11/May/2021:01:03:53 -0700] "GET /self.logs/access.log.2021-05-06.gz HTTP/1.1" 200 24349 "-" "python-requests/2.19.1" 
156.146.57.103 - - [11/May/2021:01:03:54 -0700] "GET /self.logs/access.log.2021-05-07.gz HTTP/1.1" 200 41999 "-" "python-requests/2.19.1" 
156.146.57.103 - - [11/May/2021:01:03:55 -0700] "GET /self.logs/access.log.2021-05-08.gz HTTP/1.1" 404 328 "-" "python-requests/2.19.1" 
156.146.57.103 - - [11/May/2021:01:03:55 -0700] "GET /self.logs/access.log.2021-05-09.gz HTTP/1.1" 404 328 "-" "python-requests/2.19.1" 
156.146.57.103 - - [11/May/2021:01:03:56 -0700] "GET /self.logs/access.log.2021-05-10.gz HTTP/1.1" 404 328 "-" "python-requests/2.19.1" 
156.146.57.103 - - [11/May/2021:01:03:56 -0700] "GET /self.logs/access.log.2021-05-11.gz HTTP/1.1" 404 328 "-" "python-requests/2.19.1" 
106.38.241.178 - - [11/May/2021:01:04:45 -0700] "GET / HTTP/1.1" 200 12845 "-" "Sogou web spider/4.0(+http://www.sogou.com/docs/help/webmasters.htm#07)" 
139.204.163.217 - - [11/May/2021:01:07:37 -0700] "GET /favicon.ico HTTP/1.1" 304 261 "-" "Mozilla/5.0 (Windows NT 10.0; WOW64) AppleWebKit/537.36 (KHTML, like Gecko) Chrome/75.0.3770.100 Safari/537.36" 
220.181.51.100 - - [11/May/2021:01:10:06 -0700] "GET / HTTP/1.1" 200 12845 "-" "Mozilla/5.0 (Windows NT 10.0; WOW64) AppleWebKit/537.36 (KHTML, like Gecko) Chrome/45.0.2454.93 Safari/537.36" 
111.206.222.10 - - [11/May/2021:01:10:06 -0700] "GET /css/style.css HTTP/1.1" 404 291 "http://www.secrepo.com/" "Mozilla/5.0 (Windows NT 10.0; WOW64) AppleWebKit/537.36 (KHTML, like Gecko) Chrome/45.0.2454.93 Safari/537.36" 
17.121.113.44 - - [11/May/2021:01:10:51 -0700] "GET /self.logs/error.log.2020-03-28 HTTP/1.1" 200 307 "-" "Mozilla/5.0 (Macintosh; Intel Mac OS X 10_15_5) AppleWebKit/605.1.15 (KHTML, like Gecko) Version/13.1.1 Safari/605.1.15 (Applebot/0.1; +http://www.apple.com/go/applebot)" 
58.8.153.213 - - [11/May/2021:01:12:37 -0700] "GET / HTTP/1.1" 200 12882 "-" "Mozilla/5.0 (Windows NT 10.0; Win64; x64) AppleWebKit/537.36 (KHTML, like Gecko) Chrome/90.0.4430.93 Safari/537.36" 
58.8.153.213 - - [11/May/2021:01:12:38 -0700] "GET /css/style.css HTTP/1.1" 404 305 "http://www.secrepo.com/" "Mozilla/5.0 (Windows NT 10.0; Win64; x64) AppleWebKit/537.36 (KHTML, like Gecko) Chrome/90.0.4430.93 Safari/537.36" 
58.8.153.213 - - [11/May/2021:01:12:38 -0700] "GET /twitter-icon.png HTTP/1.1" 200 27916 "http://www.secrepo.com/" "Mozilla/5.0 (Windows NT 10.0; Win64; x64) AppleWebKit/537.36 (KHTML, like Gecko) Chrome/90.0.4430.93 Safari/537.36" 
58.8.153.213 - - [11/May/2021:01:12:38 -0700] "GET /GitHub-Mark.png HTTP/1.1" 200 7533 "http://www.secrepo.com/" "Mozilla/5.0 (Windows NT 10.0; Win64; x64) AppleWebKit/537.36 (KHTML, like Gecko) Chrome/90.0.4430.93 Safari/537.36" 
58.8.153.213 - - [11/May/2021:01:12:38 -0700] "GET /bootstrap/img/favicon.ico HTTP/1.1" 200 690 "http://www.secrepo.com/" "Mozilla/5.0 (Windows NT 10.0; Win64; x64) AppleWebKit/537.36 (KHTML, like Gecko) Chrome/90.0.4430.93 Safari/537.36" 
106.38.241.178 - - [11/May/2021:01:15:41 -0700] "GET / HTTP/1.1" 200 12845 "-" "Sogou web spider/4.0(+http://www.sogou.com/docs/help/webmasters.htm#07)" 
188.143.232.24 - - [11/May/2021:01:19:15 -0700] "GET /self.logs/ HTTP/1.1" 200 293695 "-" "Mozilla/4.0 (compatible; MSIE 6.0; Windows NT 5.1; SV1)" 
188.143.232.24 - - [11/May/2021:01:19:19 -0700] "GET /self.logs/?C=N;O=D HTTP/1.1" 200 293695 "-" "Mozilla/4.0 (compatible; MSIE 6.0; Windows NT 5.1; SV1)" 
188.143.232.24 - - [11/May/2021:01:19:22 -0700] "GET /self.logs/?C=M;O=A HTTP/1.1" 200 293695 "-" "Mozilla/4.0 (compatible; MSIE 6.0; Windows NT 5.1; SV1)" 
188.143.232.24 - - [11/May/2021:01:19:26 -0700] "GET /self.logs/?C=S;O=A HTTP/1.1" 200 293695 "-" "Mozilla/4.0 (compatible; MSIE 6.0; Windows NT 5.1; SV1)" 
188.143.232.24 - - [11/May/2021:01:19:30 -0700] "GET /self.logs/?C=D;O=A HTTP/1.1" 200 293695 "-" "Mozilla/4.0 (compatible; MSIE 6.0; Windows NT 5.1; SV1)" 
188.143.232.24 - - [11/May/2021:01:19:35 -0700] "GET / HTTP/1.1" 200 48027 "-" "Mozilla/4.0 (compatible; MSIE 6.0; Windows NT 5.1; SV1)" 
188.143.232.24 - - [11/May/2021:01:19:35 -0700] "GET /self.logs/2015/ HTTP/1.1" 200 66922 "-" "Mozilla/4.0 (compatible; MSIE 6.0; Windows NT 5.1; SV1)" 
188.143.232.24 - - [11/May/2021:01:19:39 -0700] "GET /self.logs/2016/ HTTP/1.1" 200 70150 "-" "Mozilla/4.0 (compatible; MSIE 6.0; Windows NT 5.1; SV1)" 
188.143.232.24 - - [11/May/2021:01:19:44 -0700] "GET /self.logs/access.log.2019-07-15 HTTP/1.1" 200 372525 "-" "Mozilla/4.0 (compatible; MSIE 6.0; Windows NT 5.1; SV1)" 
188.143.232.24 - - [11/May/2021:01:19:51 -0700] "GET /self.logs/error.log.2019-07-15 HTTP/1.1" 200 23147 "-" "Mozilla/4.0 (compatible; MSIE 6.0; Windows NT 5.1; SV1)" 
188.143.232.24 - - [11/May/2021:01:19:51 -0700] "GET /self.logs/error.log.2019-08-08 HTTP/1.1" 200 1312 "-" "Mozilla/4.0 (compatible; MSIE 6.0; Windows NT 5.1; SV1)" 
188.143.232.24 - - [11/May/2021:01:19:52 -0700] "GET /self.logs/error.log.2019-08-09 HTTP/1.1" 200 314 "-" "Mozilla/4.0 (compatible; MSIE 6.0; Windows NT 5.1; SV1)" 
188.143.232.24 - - [11/May/2021:01:19:53 -0700] "GET /self.logs/error.log.2021-01-18 HTTP/1.1" 200 314 "-" "Mozilla/4.0 (compatible; MSIE 6.0; Windows NT 5.1; SV1)" 
188.143.232.24 - - [11/May/2021:01:19:53 -0700] "GET /self.logs/error.log.2021-01-19 HTTP/1.1" 200 314 "-" "Mozilla/4.0 (compatible; MSIE 6.0; Windows NT 5.1; SV1)" 
188.143.232.24 - - [11/May/2021:01:19:53 -0700] "GET /self.logs/error.log.2021-01-22 HTTP/1.1" 200 1648 "-" "Mozilla/4.0 (compatible; MSIE 6.0; Windows NT 5.1; SV1)" 
188.143.232.24 - - [11/May/2021:01:19:54 -0700] "GET /self.logs/error.log.2021-01-29 HTTP/1.1" 200 314 "-" "Mozilla/4.0 (compatible; MSIE 6.0; Windows NT 5.1; SV1)" 
188.143.232.24 - - [11/May/2021:01:19:54 -0700] "GET /self.logs/error.log.2021-03-02 HTTP/1.1" 200 1989 "-" "Mozilla/4.0 (compatible; MSIE 6.0; Windows NT 5.1; SV1)" 
188.143.232.24 - - [11/May/2021:01:19:55 -0700] "GET /self.logs/error.log.2021-03-05 HTTP/1.1" 200 314 "-" "Mozilla/4.0 (compatible; MSIE 6.0; Windows NT 5.1; SV1)" 
188.143.232.24 - - [11/May/2021:01:19:55 -0700] "GET /self.logs/error.log.2021-03-08 HTTP/1.1" 200 1652 "-" "Mozilla/4.0 (compatible; MSIE 6.0; Windows NT 5.1; SV1)" 
188.143.232.24 - - [11/May/2021:01:19:55 -0700] "GET /self.logs/error.log.2021-03-18 HTTP/1.1" 200 314 "-" "Mozilla/4.0 (compatible; MSIE 6.0; Windows NT 5.1; SV1)" 
188.143.232.24 - - [11/May/2021:01:19:56 -0700] "GET /self.logs/error.log.2021-03-22 HTTP/1.1" 200 314 "-" "Mozilla/4.0 (compatible; MSIE 6.0; Windows NT 5.1; SV1)" 
114.119.150.248 - - [11/May/2021:01:20:51 -0700] "GET /self.logs/access.log.2019-03-09.gz HTTP/1.1" 200 19754 "-" "Mozilla/5.0 (Linux; Android 7.0;) AppleWebKit/537.36 (KHTML, like Gecko) Mobile Safari/537.36 (compatible; PetalBot;+https://webmaster.petalsearch.com/site/petalbot)" 
106.38.241.178 - - [11/May/2021:01:25:52 -0700] "GET / HTTP/1.1" 200 12845 "-" "Sogou web spider/4.0(+http://www.sogou.com/docs/help/webmasters.htm#07)" 
114.119.130.95 - - [11/May/2021:01:28:29 -0700] "GET /self.logs/access.log.2017-08-30.gz HTTP/1.1" 200 29641 "-" "Mozilla/5.0 (Linux; Android 7.0;) AppleWebKit/537.36 (KHTML, like Gecko) Mobile Safari/537.36 (compatible; PetalBot;+https://webmaster.petalsearch.com/site/petalbot)" 
115.148.152.132 - - [11/May/2021:01:31:50 -0700] "GET / HTTP/1.1" 200 12882 "-" "Apache-HttpClient/4.5.6 (Java/1.8.0_112)" 
49.7.20.105 - - [11/May/2021:01:32:55 -0700] "GET / HTTP/1.1" 200 12845 "-" "Sogou web spider/4.0(+http://www.sogou.com/docs/help/webmasters.htm#07)" 
106.38.241.178 - - [11/May/2021:01:37:36 -0700] "GET / HTTP/1.1" 200 12845 "-" "Sogou web spider/4.0(+http://www.sogou.com/docs/help/webmasters.htm#07)" 
114.119.155.228 - - [11/May/2021:01:42:13 -0700] "GET /self.logs/access.log.2017-06-07.gz HTTP/1.1" 200 20469 "-" "Mozilla/5.0 (Linux; Android 7.0;) AppleWebKit/537.36 (KHTML, like Gecko) Mobile Safari/537.36 (compatible; PetalBot;+https://webmaster.petalsearch.com/site/petalbot)" 
85.31.186.210 - - [11/May/2021:01:44:30 -0700] "GET /maccdc2012/http.log.gz HTTP/1.1" 200 78840 "-" "Mozilla/5.0 (Windows NT 10.0; Win64; x64; rv:72.0) Gecko/20100101 Firefox/72.0" 
106.38.241.177 - - [11/May/2021:01:46:29 -0700] "GET / HTTP/1.1" 200 12844 "-" "Sogou web spider/4.0(+http://www.sogou.com/docs/help/webmasters.htm#07)" 
114.119.144.30 - - [11/May/2021:01:48:21 -0700] "GET /self.logs/access.log.2018-12-12.gz HTTP/1.1" 200 22946 "-" "Mozilla/5.0 (Linux; Android 7.0;) AppleWebKit/537.36 (KHTML, like Gecko) Mobile Safari/537.36 (compatible; PetalBot;+https://webmaster.petalsearch.com/site/petalbot)" 
106.38.241.178 - - [11/May/2021:01:51:51 -0700] "GET / HTTP/1.1" 200 12844 "-" "Sogou web spider/4.0(+http://www.sogou.com/docs/help/webmasters.htm#07)" 
85.31.186.210 - - [11/May/2021:01:52:15 -0700] "GET /maccdc2012/files.log.gz HTTP/1.1" 200 73000 "-" "Mozilla/5.0 (Windows NT 10.0; Win64; x64; rv:72.0) Gecko/20100101 Firefox/72.0" 
114.119.159.40 - - [11/May/2021:01:55:22 -0700] "GET /self.logs/access.log.2020-07-08.gz HTTP/1.1" 200 17840 "-" "Mozilla/5.0 (Linux; Android 7.0;) AppleWebKit/537.36 (KHTML, like Gecko) Mobile Safari/537.36 (compatible; PetalBot;+https://webmaster.petalsearch.com/site/petalbot)" 
114.119.155.228 - - [11/May/2021:02:02:12 -0700] "GET /maccdc2012/conn.log.gz HTTP/1.1" 200 549157753 "-" "Mozilla/5.0 (Linux; Android 7.0;) AppleWebKit/537.36 (KHTML, like Gecko) Mobile Safari/537.36 (compatible; PetalBot;+https://webmaster.petalsearch.com/site/petalbot)" 
207.46.13.103 - - [11/May/2021:02:05:34 -0700] "GET /self.logs/error.log.2020-03-25.gz HTTP/1.1" 200 866 "-" "Mozilla/5.0 (compatible; bingbot/2.0; +http://www.bing.com/bingbot.htm)" 
221.226.242.146 - - [11/May/2021:02:06:26 -0700] "GET / HTTP/1.1" 200 12882 "-" "Mozilla/5.0 (Windows NT 10.0; Win64; x64) AppleWebKit/537.36 (KHTML, like Gecko) Chrome/90.0.4430.93 Safari/537.36" 
221.226.242.146 - - [11/May/2021:02:06:27 -0700] "GET /css/style.css HTTP/1.1" 404 305 "http://www.secrepo.com/" "Mozilla/5.0 (Windows NT 10.0; Win64; x64) AppleWebKit/537.36 (KHTML, like Gecko) Chrome/90.0.4430.93 Safari/537.36" 
221.226.242.146 - - [11/May/2021:02:06:51 -0700] "GET /bootstrap/img/favicon.ico HTTP/1.1" 200 713 "http://www.secrepo.com/" "Mozilla/5.0 (Windows NT 10.0; Win64; x64) AppleWebKit/537.36 (KHTML, like Gecko) Chrome/90.0.4430.93 Safari/537.36" 
221.226.242.146 - - [11/May/2021:02:07:13 -0700] "GET /css/style.css HTTP/1.1" 404 328 "http://www.secrepo.com/" "Mozilla/5.0 (Windows NT 10.0; Win64; x64) AppleWebKit/537.36 (KHTML, like Gecko) Chrome/90.0.4430.93 Safari/537.36" 
221.226.242.146 - - [11/May/2021:02:07:34 -0700] "GET /css/style.css HTTP/1.1" 404 328 "http://www.secrepo.com/" "Mozilla/5.0 (Windows NT 10.0; Win64; x64) AppleWebKit/537.36 (KHTML, like Gecko) Chrome/90.0.4430.93 Safari/537.36" 
106.38.241.178 - - [11/May/2021:02:07:38 -0700] "GET / HTTP/1.1" 200 12845 "-" "Sogou web spider/4.0(+http://www.sogou.com/docs/help/webmasters.htm#07)" 
207.46.13.134 - - [11/May/2021:02:08:53 -0700] "GET /self.logs/error.log.2018-10-11.gz HTTP/1.1" 200 7082 "-" "Mozilla/5.0 (compatible; bingbot/2.0; +http://www.bing.com/bingbot.htm)" 
221.226.242.146 - - [11/May/2021:02:09:05 -0700] "GET /maccdc2012/dns.log.gz HTTP/1.1" 200 6607379 "http://www.secrepo.com/" "Mozilla/5.0 (Windows NT 10.0; Win64; x64) AppleWebKit/537.36 (KHTML, like Gecko) Chrome/90.0.4430.93 Safari/537.36" 
85.31.186.210 - - [11/May/2021:02:12:40 -0700] "GET /tg/tg_snort_full.7z HTTP/1.1" 200 78840 "-" "Mozilla/5.0 (Windows NT 10.0; Win64; x64; rv:72.0) Gecko/20100101 Firefox/72.0" 
85.31.186.210 - - [11/May/2021:02:16:06 -0700] "GET /tg/tg_snort_fast.7z HTTP/1.1" 200 73000 "-" "Mozilla/5.0 (Windows NT 10.0; Win64; x64; rv:72.0) Gecko/20100101 Firefox/72.0" 
85.31.186.210 - - [11/May/2021:02:16:44 -0700] "GET /maccdc2012/conn.log.gz HTTP/1.1" 200 78840 "-" "Mozilla/5.0 (Windows NT 10.0; Win64; x64; rv:72.0) Gecko/20100101 Firefox/72.0" 
85.31.186.210 - - [11/May/2021:02:17:02 -0700] "GET /maccdc2012/dns.log.gz HTTP/1.1" 200 75920 "-" "Mozilla/5.0 (Windows NT 10.0; Win64; x64; rv:72.0) Gecko/20100101 Firefox/72.0" 
49.7.20.105 - - [11/May/2021:02:17:08 -0700] "GET / HTTP/1.1" 200 12845 "-" "Sogou web spider/4.0(+http://www.sogou.com/docs/help/webmasters.htm#07)" 
85.31.186.210 - - [11/May/2021:02:17:27 -0700] "GET /data HTTP/1.1" 404 284 "-" "Mozilla/5.0 (Windows NT 10.0; Win64; x64; rv:72.0) Gecko/20100101 Firefox/72.0" 
85.31.186.210 - - [11/May/2021:02:17:35 -0700] "GET /squid/access.log.gz HTTP/1.1" 200 75920 "-" "Mozilla/5.0 (Windows NT 10.0; Win64; x64; rv:72.0) Gecko/20100101 Firefox/72.0" 
20.96.28.11 - - [11/May/2021:02:19:42 -0700] "GET / HTTP/1.1" 200 12838 "-" "awesome_bot" 
17.121.112.111 - - [11/May/2021:02:21:54 -0700] "GET /robots.txt HTTP/1.1" 200 333 "-" "Mozilla/5.0 (Macintosh; Intel Mac OS X 10_15_5) AppleWebKit/605.1.15 (KHTML, like Gecko) Version/13.1.1 Safari/605.1.15 (Applebot/0.1; +http://www.apple.com/go/applebot)" 
17.121.115.6 - - [11/May/2021:02:21:54 -0700] "GET /self.logs/error.log.2020-03-01 HTTP/1.1" 200 307 "-" "Mozilla/5.0 (Macintosh; Intel Mac OS X 10_15_5) AppleWebKit/605.1.15 (KHTML, like Gecko) Version/13.1.1 Safari/605.1.15 (Applebot/0.1; +http://www.apple.com/go/applebot)" 
85.31.186.210 - - [11/May/2021:02:22:16 -0700] "GET /maccdc2012/maccdc2012_full_alert.7z HTTP/1.1" 200 75920 "-" "Mozilla/5.0 (Windows NT 10.0; Win64; x64; rv:72.0) Gecko/20100101 Firefox/72.0" 
85.31.186.210 - - [11/May/2021:02:25:14 -0700] "GET /maccdc2012/maccdc2012_fast_alert.7z HTTP/1.1" 200 73000 "-" "Mozilla/5.0 (Windows NT 10.0; Win64; x64; rv:72.0) Gecko/20100101 Firefox/72.0" 
106.38.241.178 - - [11/May/2021:02:25:46 -0700] "GET / HTTP/1.1" 200 12845 "-" "Sogou web spider/4.0(+http://www.sogou.com/docs/help/webmasters.htm#07)" 
85.31.186.210 - - [11/May/2021:02:28:05 -0700] "GET /maccdc2012/weird.log.gz HTTP/1.1" 200 78840 "-" "Mozilla/5.0 (Windows NT 10.0; Win64; x64; rv:72.0) Gecko/20100101 Firefox/72.0" 
114.119.130.95 - - [11/May/2021:02:28:39 -0700] "GET /self.logs/error.log.2020-09-15 HTTP/1.1" 200 351 "-" "Mozilla/5.0 (Linux; Android 7.0;) AppleWebKit/537.36 (KHTML, like Gecko) Mobile Safari/537.36 (compatible; PetalBot;+https://webmaster.petalsearch.com/site/petalbot)" 
85.31.186.210 - - [11/May/2021:02:28:56 -0700] "GET /maccdc2012/ssl.log.gz HTTP/1.1" 200 78840 "-" "Mozilla/5.0 (Windows NT 10.0; Win64; x64; rv:72.0) Gecko/20100101 Firefox/72.0" 
114.119.155.228 - - [11/May/2021:02:33:51 -0700] "GET /self.logs/access.log.2018-04-17.gz HTTP/1.1" 200 23492 "-" "Mozilla/5.0 (Linux; Android 7.0;) AppleWebKit/537.36 (KHTML, like Gecko) Mobile Safari/537.36 (compatible; PetalBot;+https://webmaster.petalsearch.com/site/petalbot)" 
