67.170.103.46 - - [12/Aug/2020:11:45:30 -0700] "GET /css/style.css HTTP/1.1" 404 305 "http://www.secrepo.com/" "Mozilla/5.0 (iPhone; CPU iPhone OS 13_6 like Mac OS X) AppleWebKit/605.1.15 (KHTML, like Gecko) CriOS/84.0.4147.71 Mobile/15E148 Safari/604.1" 
67.170.103.46 - - [12/Aug/2020:11:45:30 -0700] "GET /GitHub-Mark.png HTTP/1.1" 200 7556 "http://www.secrepo.com/" "Mozilla/5.0 (iPhone; CPU iPhone OS 13_6 like Mac OS X) AppleWebKit/605.1.15 (KHTML, like Gecko) CriOS/84.0.4147.71 Mobile/15E148 Safari/604.1" 
67.170.103.46 - - [12/Aug/2020:11:45:30 -0700] "GET /twitter-icon.png HTTP/1.1" 200 27916 "http://www.secrepo.com/" "Mozilla/5.0 (iPhone; CPU iPhone OS 13_6 like Mac OS X) AppleWebKit/605.1.15 (KHTML, like Gecko) CriOS/84.0.4147.71 Mobile/15E148 Safari/604.1" 
67.170.103.46 - - [12/Aug/2020:11:45:30 -0700] "GET /bootstrap/img/favicon.ico HTTP/1.1" 200 713 "-" "Mozilla/5.0 (iPhone; CPU iPhone OS 13_6 like Mac OS X) AppleWebKit/605.1.15 (KHTML, like Gecko) CriOS/84.0.4147.71 Mobile/15E148 Safari/604.1" 
66.249.75.92 - - [12/Aug/2020:11:54:29 -0700] "GET /favicon.ico HTTP/1.1" 200 391 "-" "Googlebot-Image/1.0" 
66.249.75.92 - - [12/Aug/2020:11:56:31 -0700] "GET /favicon.ico HTTP/1.1" 304 261 "-" "Googlebot-Image/1.0" 
207.46.13.42 - - [12/Aug/2020:11:59:46 -0700] "GET /self.logs/access.log.2017-11-10.gz HTTP/1.1" 304 280 "-" "Mozilla/5.0 (compatible; bingbot/2.0; +http://www.bing.com/bingbot.htm)" 
207.46.13.94 - - [12/Aug/2020:12:00:54 -0700] "GET /self.logs/access.log.2019-05-21.gz HTTP/1.1" 200 40326 "-" "Mozilla/5.0 (compatible; bingbot/2.0; +http://www.bing.com/bingbot.htm)" 
157.55.39.87 - - [12/Aug/2020:12:04:11 -0700] "GET /self.logs/2016/access.log.2016-03-31.gz HTTP/1.1" 200 8440 "-" "Mozilla/5.0 (compatible; bingbot/2.0; +http://www.bing.com/bingbot.htm)" 
66.249.75.93 - - [12/Aug/2020:12:06:35 -0700] "GET /self.logs/ HTTP/1.1" 200 24349 "-" "Mozilla/5.0 (compatible; Googlebot/2.1; +http://www.google.com/bot.html)" 
24.37.17.50 - - [12/Aug/2020:12:08:21 -0700] "GET / HTTP/1.1" 200 12881 "-" "Mozilla/5.0 (X11; Linux x86_64) AppleWebKit/537.36 (KHTML, like Gecko) Chrome/83.0.4103.61 Safari/537.36" 
24.37.17.50 - - [12/Aug/2020:12:08:21 -0700] "GET /css/style.css HTTP/1.1" 404 305 "http://www.secrepo.com/" "Mozilla/5.0 (X11; Linux x86_64) AppleWebKit/537.36 (KHTML, like Gecko) Chrome/83.0.4103.61 Safari/537.36" 
24.37.17.50 - - [12/Aug/2020:12:08:21 -0700] "GET /twitter-icon.png HTTP/1.1" 200 27916 "http://www.secrepo.com/" "Mozilla/5.0 (X11; Linux x86_64) AppleWebKit/537.36 (KHTML, like Gecko) Chrome/83.0.4103.61 Safari/537.36" 
24.37.17.50 - - [12/Aug/2020:12:08:21 -0700] "GET /GitHub-Mark.png HTTP/1.1" 200 7533 "http://www.secrepo.com/" "Mozilla/5.0 (X11; Linux x86_64) AppleWebKit/537.36 (KHTML, like Gecko) Chrome/83.0.4103.61 Safari/537.36" 
24.37.17.50 - - [12/Aug/2020:12:08:23 -0700] "GET /bootstrap/img/favicon.ico HTTP/1.1" 200 690 "http://www.secrepo.com/" "Mozilla/5.0 (X11; Linux x86_64) AppleWebKit/537.36 (KHTML, like Gecko) Chrome/83.0.4103.61 Safari/537.36" 
207.46.13.148 - - [12/Aug/2020:12:24:25 -0700] "GET /self.logs/error.log.2019-03-26.gz HTTP/1.1" 200 5608 "-" "Mozilla/5.0 (compatible; bingbot/2.0; +http://www.bing.com/bingbot.htm)" 
207.46.13.160 - - [12/Aug/2020:12:35:37 -0700] "GET /self.logs/access.log.2019-08-28.gz HTTP/1.1" 200 23087 "-" "Mozilla/5.0 (compatible; bingbot/2.0; +http://www.bing.com/bingbot.htm)" 
76.110.146.17 - - [12/Aug/2020:12:47:26 -0700] "GET / HTTP/1.1" 301 475 "-" "Mozilla/5.0 (X11; Linux x86_64) AppleWebKit/537.36 (KHTML, like Gecko) Chrome/84.0.4147.105 Safari/537.36" 
76.110.146.17 - - [12/Aug/2020:12:47:27 -0700] "GET / HTTP/1.1" 200 12882 "-" "Mozilla/5.0 (X11; Linux x86_64) AppleWebKit/537.36 (KHTML, like Gecko) Chrome/84.0.4147.105 Safari/537.36" 
76.110.146.17 - - [12/Aug/2020:12:47:27 -0700] "GET /css/style.css HTTP/1.1" 404 305 "http://www.secrepo.com/" "Mozilla/5.0 (X11; Linux x86_64) AppleWebKit/537.36 (KHTML, like Gecko) Chrome/84.0.4147.105 Safari/537.36" 
76.110.146.17 - - [12/Aug/2020:12:47:27 -0700] "GET /twitter-icon.png HTTP/1.1" 200 27893 "http://www.secrepo.com/" "Mozilla/5.0 (X11; Linux x86_64) AppleWebKit/537.36 (KHTML, like Gecko) Chrome/84.0.4147.105 Safari/537.36" 
76.110.146.17 - - [12/Aug/2020:12:47:27 -0700] "GET /GitHub-Mark.png HTTP/1.1" 200 7556 "http://www.secrepo.com/" "Mozilla/5.0 (X11; Linux x86_64) AppleWebKit/537.36 (KHTML, like Gecko) Chrome/84.0.4147.105 Safari/537.36" 
76.110.146.17 - - [12/Aug/2020:12:47:29 -0700] "GET /bootstrap/img/favicon.ico HTTP/1.1" 200 690 "http://www.secrepo.com/" "Mozilla/5.0 (X11; Linux x86_64) AppleWebKit/537.36 (KHTML, like Gecko) Chrome/84.0.4147.105 Safari/537.36" 
207.46.13.140 - - [12/Aug/2020:12:48:31 -0700] "GET /self.logs/error.log.2017-01-04.gz HTTP/1.1" 200 4203 "-" "Mozilla/5.0 (compatible; bingbot/2.0; +http://www.bing.com/bingbot.htm)" 
66.102.7.179 - - [12/Aug/2020:12:52:01 -0700] "GET / HTTP/1.1" 200 12882 "-" "Mozilla/5.0 (X11; Linux x86_64) AppleWebKit/537.36 (KHTML, like Gecko) Chrome/49.0.2623.75 Safari/537.36 Google Favicon" 
66.102.7.179 - - [12/Aug/2020:12:52:01 -0700] "GET /bootstrap/img/favicon.ico HTTP/1.1" 200 690 "-" "Mozilla/5.0 (X11; Linux x86_64) AppleWebKit/537.36 (KHTML, like Gecko) Chrome/49.0.2623.75 Safari/537.36 Google Favicon" 
39.101.129.127 - - [12/Aug/2020:12:55:35 -0700] "GET /wangdafa HTTP/1.1" 404 328 "-" "python-requests/2.22.0" 
157.55.39.87 - - [12/Aug/2020:12:56:33 -0700] "GET /self.logs/access.log.2020-02-06.gz HTTP/1.1" 200 15360 "-" "Mozilla/5.0 (compatible; bingbot/2.0; +http://www.bing.com/bingbot.htm)" 
66.249.75.93 - - [12/Aug/2020:13:04:04 -0700] "GET /self.logs/ HTTP/1.1" 200 24349 "-" "Mozilla/5.0 (compatible; Googlebot/2.1; +http://www.google.com/bot.html)" 
66.249.75.92 - - [12/Aug/2020:13:11:30 -0700] "GET /self.logs/error.log.2020-08-10 HTTP/1.1" 200 351 "-" "Mozilla/5.0 (Linux; Android 6.0.1; Nexus 5X Build/MMB29P) AppleWebKit/537.36 (KHTML, like Gecko) Chrome/80.0.3987.92 Mobile Safari/537.36 (compatible; Googlebot/2.1; +http://www.google.com/bot.html)" 
207.46.13.160 - - [12/Aug/2020:13:11:45 -0700] "GET /self.logs/access.log.2019-01-26.gz HTTP/1.1" 200 21704 "-" "Mozilla/5.0 (compatible; bingbot/2.0; +http://www.bing.com/bingbot.htm)" 
66.249.75.93 - - [12/Aug/2020:13:13:45 -0700] "GET /self.logs/error.log.2020-01-27 HTTP/1.1" 200 351 "-" "Mozilla/5.0 (Linux; Android 6.0.1; Nexus 5X Build/MMB29P) AppleWebKit/537.36 (KHTML, like Gecko) Chrome/80.0.3987.92 Mobile Safari/537.36 (compatible; Googlebot/2.1; +http://www.google.com/bot.html)" 
66.249.75.91 - - [12/Aug/2020:13:19:33 -0700] "GET /self.logs/error.log.2020-01-25 HTTP/1.1" 200 351 "-" "Mozilla/5.0 (Linux; Android 6.0.1; Nexus 5X Build/MMB29P) AppleWebKit/537.36 (KHTML, like Gecko) Chrome/80.0.3987.92 Mobile Safari/537.36 (compatible; Googlebot/2.1; +http://www.google.com/bot.html)" 
17.58.98.73 - - [12/Aug/2020:13:22:07 -0700] "GET /robots.txt HTTP/1.1" 200 333 "-" "Mozilla/5.0 (Macintosh; Intel Mac OS X 10_15_5) AppleWebKit/605.1.15 (KHTML, like Gecko) Version/13.1.1 Safari/605.1.15 (Applebot/0.1; +http://www.apple.com/go/applebot)" 
17.58.96.129 - - [12/Aug/2020:13:22:07 -0700] "GET /Datasets%20Description/Network/notice.html HTTP/1.1" 200 1606 "-" "Mozilla/5.0 (Macintosh; Intel Mac OS X 10_15_5) AppleWebKit/605.1.15 (KHTML, like Gecko) Version/13.1.1 Safari/605.1.15 (Applebot/0.1; +http://www.apple.com/go/applebot)" 
40.77.167.110 - - [12/Aug/2020:13:25:44 -0700] "GET /self.logs/error.log.2017-11-05.gz HTTP/1.1" 200 3005 "-" "Mozilla/5.0 (compatible; bingbot/2.0; +http://www.bing.com/bingbot.htm)" 
141.135.84.167 - - [12/Aug/2020:13:40:59 -0700] "GET / HTTP/1.1" 200 12883 "-" "Mozilla/5.0 (Macintosh; Intel Mac OS X 10_14_6) AppleWebKit/605.1.15 (KHTML, like Gecko)" 
141.135.84.167 - - [12/Aug/2020:13:40:59 -0700] "GET /apple-touch-icon-precomposed.png HTTP/1.1" 404 328 "-" "Safari/14609.3.5.1.5 CFNetwork/978.4 Darwin/18.7.0 (x86_64)" 
141.135.84.167 - - [12/Aug/2020:13:40:59 -0700] "GET /apple-touch-icon.png HTTP/1.1" 404 305 "-" "Safari/14609.3.5.1.5 CFNetwork/978.4 Darwin/18.7.0 (x86_64)" 
141.135.84.167 - - [12/Aug/2020:13:40:59 -0700] "GET /bootstrap/img/favicon.ico HTTP/1.1" 200 690 "-" "Safari/14609.3.5.1.5 CFNetwork/978.4 Darwin/18.7.0 (x86_64)" 
141.135.84.167 - - [12/Aug/2020:13:41:00 -0700] "GET / HTTP/1.1" 200 12883 "-" "Mozilla/5.0 (iPhone; CPU iPhone OS 13_1_3 like Mac OS X) AppleWebKit/605.1.15 (KHTML, like Gecko) Version/13.0.1 Mobile/15E148 Safari/604.1" 
141.135.84.167 - - [12/Aug/2020:13:41:00 -0700] "GET /apple-touch-icon-precomposed.png HTTP/1.1" 404 305 "-" "Safari/14609.3.5.1.5 CFNetwork/978.4 Darwin/18.7.0 (x86_64)" 
141.135.84.167 - - [12/Aug/2020:13:41:00 -0700] "GET /apple-touch-icon.png HTTP/1.1" 404 305 "-" "Safari/14609.3.5.1.5 CFNetwork/978.4 Darwin/18.7.0 (x86_64)" 
141.135.84.167 - - [12/Aug/2020:13:41:00 -0700] "GET /bootstrap/img/favicon.ico HTTP/1.1" 200 690 "-" "Safari/14609.3.5.1.5 CFNetwork/978.4 Darwin/18.7.0 (x86_64)" 
39.99.160.90 - - [12/Aug/2020:13:41:31 -0700] "GET /e/admin/index.php HTTP/1.1" 404 328 "-" "Mozilla/5.0 (Windows NT 10.0; WOW64; rv:48.0) Gecko/20100101 Firefox/48.0" 
207.46.13.148 - - [12/Aug/2020:13:49:00 -0700] "GET /Datasets%20Description/HTML_Bro_log_1/weird.html HTTP/1.1" 200 1937 "-" "Mozilla/5.0 (compatible; bingbot/2.0; +http://www.bing.com/bingbot.htm)" 
207.46.13.160 - - [12/Aug/2020:13:50:36 -0700] "GET / HTTP/1.1" 200 12883 "-" "Mozilla/5.0 (compatible; bingbot/2.0; +http://www.bing.com/bingbot.htm)" 
157.55.39.220 - - [12/Aug/2020:13:50:49 -0700] "GET /css/style.css HTTP/1.1" 404 328 "-" "Mozilla/5.0 (compatible; bingbot/2.0; +http://www.bing.com/bingbot.htm)" 
207.46.13.160 - - [12/Aug/2020:13:54:10 -0700] "GET /self.logs/access.log.2020-04-17.gz HTTP/1.1" 200 21047 "-" "Mozilla/5.0 (compatible; bingbot/2.0; +http://www.bing.com/bingbot.htm)" 
207.46.13.94 - - [12/Aug/2020:13:55:41 -0700] "GET /self.logs/access.log.2020-03-06.gz HTTP/1.1" 200 13695 "-" "Mozilla/5.0 (compatible; bingbot/2.0; +http://www.bing.com/bingbot.htm)" 
207.46.13.94 - - [12/Aug/2020:13:55:42 -0700] "GET /self.logs/2015/access.log.2015-01-25.gz HTTP/1.1" 200 3096 "-" "Mozilla/5.0 (compatible; bingbot/2.0; +http://www.bing.com/bingbot.htm)" 
207.46.13.42 - - [12/Aug/2020:14:10:43 -0700] "GET /self.logs/error.log.2017-08-27.gz HTTP/1.1" 200 1288 "-" "Mozilla/5.0 (compatible; bingbot/2.0; +http://www.bing.com/bingbot.htm)" 
118.31.120.31 - - [12/Aug/2020:14:15:13 -0700] "HEAD /caiyuan/login.php HTTP/1.1" 404 309 "-" "-" 
118.31.120.31 - - [12/Aug/2020:14:15:13 -0700] "HEAD /admin/login.php HTTP/1.1" 404 309 "-" "-" 
47.113.225.249 - - [12/Aug/2020:14:17:56 -0700] "HEAD /admin/login.php HTTP/1.1" 404 309 "-" "-" 
47.113.225.249 - - [12/Aug/2020:14:17:56 -0700] "HEAD /jian/login.php HTTP/1.1" 404 309 "-" "-" 
47.113.225.249 - - [12/Aug/2020:14:17:56 -0700] "HEAD /caiyuan/login.php HTTP/1.1" 404 309 "-" "-" 
47.113.225.249 - - [12/Aug/2020:14:17:56 -0700] "HEAD /dede123/login.php HTTP/1.1" 404 309 "-" "-" 
47.113.225.249 - - [12/Aug/2020:14:17:56 -0700] "HEAD /dedea/login.php HTTP/1.1" 404 309 "-" "-" 
47.113.225.249 - - [12/Aug/2020:14:17:56 -0700] "HEAD /guanli/login.php HTTP/1.1" 404 309 "-" "-" 
47.113.225.249 - - [12/Aug/2020:14:17:56 -0700] "HEAD /houtai/login.php HTTP/1.1" 404 309 "-" "-" 
47.113.225.249 - - [12/Aug/2020:14:17:56 -0700] "HEAD /dede/login.php HTTP/1.1" 404 309 "-" "-" 
66.249.93.79 - - [12/Aug/2020:14:27:13 -0700] "GET / HTTP/1.1" 200 12883 "-" "Mozilla/5.0 (X11; Linux x86_64) AppleWebKit/537.36 (KHTML, like Gecko) Chrome/49.0.2623.75 Safari/537.36 Google Favicon" 
66.249.93.81 - - [12/Aug/2020:14:27:14 -0700] "GET /bootstrap/img/favicon.ico HTTP/1.1" 200 713 "-" "Mozilla/5.0 (X11; Linux x86_64) AppleWebKit/537.36 (KHTML, like Gecko) Chrome/49.0.2623.75 Safari/537.36 Google Favicon" 
17.58.96.129 - - [12/Aug/2020:14:27:29 -0700] "GET /self.logs/ HTTP/1.1" 200 24305 "-" "Mozilla/5.0 (Macintosh; Intel Mac OS X 10_15_5) AppleWebKit/605.1.15 (KHTML, like Gecko) Version/13.1.1 Safari/605.1.15 (Applebot/0.1; +http://www.apple.com/go/applebot)" 
207.46.13.29 - - [12/Aug/2020:14:27:37 -0700] "GET /self.logs/error.log.2020-05-26 HTTP/1.1" 200 351 "-" "Mozilla/5.0 (compatible; bingbot/2.0; +http://www.bing.com/bingbot.htm)" 
207.46.13.29 - - [12/Aug/2020:14:27:38 -0700] "GET /self.logs/2015/access.log.2015-05-27.gz HTTP/1.1" 200 3522 "-" "Mozilla/5.0 (compatible; bingbot/2.0; +http://www.bing.com/bingbot.htm)" 
171.224.177.78 - - [12/Aug/2020:14:28:55 -0700] "GET /honeypot/BSidesDFW%20-%202014.ipynb HTTP/1.1" 200 930921 "http://www.secrepo.com/" "Mozilla/5.0 (compatible; MSIE 10.0; Windows NT 6.1; WOW64; Trident/6.0; BIDUBrowser 8.7)" 
207.46.13.148 - - [12/Aug/2020:14:46:56 -0700] "GET /self.logs/2016/access.log.2016-11-13.gz HTTP/1.1" 200 12484 "-" "Mozilla/5.0 (compatible; bingbot/2.0; +http://www.bing.com/bingbot.htm)" 
157.55.39.87 - - [12/Aug/2020:14:47:15 -0700] "GET /self.logs/access.log.2018-12-22.gz HTTP/1.1" 200 15775 "-" "Mozilla/5.0 (compatible; bingbot/2.0; +http://www.bing.com/bingbot.htm)" 
40.77.167.148 - - [12/Aug/2020:14:49:24 -0700] "GET /self.logs/2016/error.log.2016-09-05.gz HTTP/1.1" 200 844 "-" "Mozilla/5.0 (compatible; bingbot/2.0; +http://www.bing.com/bingbot.htm)" 
207.46.13.148 - - [12/Aug/2020:15:08:05 -0700] "GET /self.logs/error.log.2020-01-20 HTTP/1.1" 200 351 "-" "Mozilla/5.0 (compatible; bingbot/2.0; +http://www.bing.com/bingbot.htm)" 
177.79.5.162 - - [12/Aug/2020:15:09:37 -0700] "GET / HTTP/1.1" 200 12882 "-" "Mozilla/5.0 (iPhone; CPU iPhone OS 12_3_1 like Mac OS X) AppleWebKit/605.1.15 (KHTML, like Gecko) Version/12.1.1 Mobile/15E148 Safari/604.1" 
177.79.5.162 - - [12/Aug/2020:15:09:37 -0700] "GET /css/style.css HTTP/1.1" 404 305 "http://www.secrepo.com/" "Mozilla/5.0 (iPhone; CPU iPhone OS 12_3_1 like Mac OS X) AppleWebKit/605.1.15 (KHTML, like Gecko) Version/12.1.1 Mobile/15E148 Safari/604.1" 
177.79.76.211 - - [12/Aug/2020:15:09:37 -0700] "GET /twitter-icon.png HTTP/1.1" 200 27916 "http://www.secrepo.com/" "Mozilla/5.0 (iPhone; CPU iPhone OS 12_3_1 like Mac OS X) AppleWebKit/605.1.15 (KHTML, like Gecko) Version/12.1.1 Mobile/15E148 Safari/604.1" 
177.79.76.211 - - [12/Aug/2020:15:09:37 -0700] "GET /GitHub-Mark.png HTTP/1.1" 200 7556 "http://www.secrepo.com/" "Mozilla/5.0 (iPhone; CPU iPhone OS 12_3_1 like Mac OS X) AppleWebKit/605.1.15 (KHTML, like Gecko) Version/12.1.1 Mobile/15E148 Safari/604.1" 
177.79.76.211 - - [12/Aug/2020:15:09:40 -0700] "GET /bootstrap/img/favicon.ico HTTP/1.1" 200 713 "http://www.secrepo.com/" "Mozilla/5.0 (iPhone; CPU iPhone OS 12_3_1 like Mac OS X) AppleWebKit/605.1.15 (KHTML, like Gecko) Version/12.1.1 Mobile/15E148 Safari/604.1" 
207.46.13.148 - - [12/Aug/2020:15:11:28 -0700] "GET /self.logs/2016/error.log.2016-01-28.gz HTTP/1.1" 200 885 "-" "Mozilla/5.0 (compatible; bingbot/2.0; +http://www.bing.com/bingbot.htm)" 
207.46.13.42 - - [12/Aug/2020:15:13:59 -0700] "GET /self.logs/access.log.2017-06-04.gz HTTP/1.1" 304 280 "-" "Mozilla/5.0 (compatible; bingbot/2.0; +http://www.bing.com/bingbot.htm)" 
45.63.97.172 - - [12/Aug/2020:15:16:22 -0700] "HEAD / HTTP/1.1" 301 223 "-" "python-requests/2.18.4" 
66.249.75.93 - - [12/Aug/2020:15:17:39 -0700] "GET /Datasets%20Description/Network/ssl.html HTTP/1.1" 200 1585 "-" "Mozilla/5.0 (Linux; Android 6.0.1; Nexus 5X Build/MMB29P) AppleWebKit/537.36 (KHTML, like Gecko) Chrome/80.0.3987.92 Mobile Safari/537.36 (compatible; Googlebot/2.1; +http://www.google.com/bot.html)" 
207.46.13.148 - - [12/Aug/2020:15:22:02 -0700] "GET /self.logs/2016/error.log.2016-12-03.gz HTTP/1.1" 200 973 "-" "Mozilla/5.0 (compatible; bingbot/2.0; +http://www.bing.com/bingbot.htm)" 
118.31.120.31 - - [12/Aug/2020:15:25:39 -0700] "HEAD /caiyuan/login.php HTTP/1.1" 404 309 "-" "-" 
118.31.120.31 - - [12/Aug/2020:15:25:39 -0700] "HEAD /guanli/login.php HTTP/1.1" 404 309 "-" "-" 
118.31.120.31 - - [12/Aug/2020:15:25:39 -0700] "HEAD /admin/login.php HTTP/1.1" 404 309 "-" "-" 
118.31.120.31 - - [12/Aug/2020:15:25:39 -0700] "HEAD /jian/login.php HTTP/1.1" 404 309 "-" "-" 
118.31.120.31 - - [12/Aug/2020:15:25:39 -0700] "HEAD /dedea/login.php HTTP/1.1" 404 309 "-" "-" 
118.31.120.31 - - [12/Aug/2020:15:25:39 -0700] "HEAD /dede/login.php HTTP/1.1" 404 309 "-" "-" 
118.31.120.31 - - [12/Aug/2020:15:25:39 -0700] "HEAD /houtai/login.php HTTP/1.1" 404 265 "-" "-" 
118.31.120.31 - - [12/Aug/2020:15:25:39 -0700] "HEAD /wang/login.php HTTP/1.1" 404 265 "-" "-" 
118.31.120.31 - - [12/Aug/2020:15:25:39 -0700] "HEAD /dede123/login.php HTTP/1.1" 404 265 "-" "-" 
118.31.120.31 - - [12/Aug/2020:15:25:39 -0700] "HEAD /chen/login.php HTTP/1.1" 404 265 "-" "-" 
207.46.13.148 - - [12/Aug/2020:15:41:22 -0700] "GET /self.logs/access.log.2019-05-13.gz HTTP/1.1" 200 29039 "-" "Mozilla/5.0 (compatible; bingbot/2.0; +http://www.bing.com/bingbot.htm)" 
107.131.126.227 - - [12/Aug/2020:15:46:21 -0700] "GET /robots.txt HTTP/1.1" 200 377 "-" "Screaming Frog SEO Spider/13.0" 
107.131.126.227 - - [12/Aug/2020:15:46:21 -0700] "GET / HTTP/1.1" 200 12883 "-" "Screaming Frog SEO Spider/13.0" 
80.3.107.204 - - [12/Aug/2020:16:00:36 -0700] "GET / HTTP/1.1" 200 12882 "-" "Mozilla/5.0 (Linux; Android 10; HD1913) AppleWebKit/537.36 (KHTML, like Gecko) Chrome/77.0.3865.116 Mobile Safari/537.36 EdgA/45.07.4.5053" 
80.3.107.204 - - [12/Aug/2020:16:00:36 -0700] "GET /css/style.css HTTP/1.1" 404 305 "http://www.secrepo.com/" "Mozilla/5.0 (Linux; Android 10; HD1913) AppleWebKit/537.36 (KHTML, like Gecko) Chrome/77.0.3865.116 Mobile Safari/537.36 EdgA/45.07.4.5053" 
80.3.107.204 - - [12/Aug/2020:16:00:37 -0700] "GET /twitter-icon.png HTTP/1.1" 200 27893 "http://www.secrepo.com/" "Mozilla/5.0 (Linux; Android 10; HD1913) AppleWebKit/537.36 (KHTML, like Gecko) Chrome/77.0.3865.116 Mobile Safari/537.36 EdgA/45.07.4.5053" 
80.3.107.204 - - [12/Aug/2020:16:00:37 -0700] "GET /GitHub-Mark.png HTTP/1.1" 200 7533 "http://www.secrepo.com/" "Mozilla/5.0 (Linux; Android 10; HD1913) AppleWebKit/537.36 (KHTML, like Gecko) Chrome/77.0.3865.116 Mobile Safari/537.36 EdgA/45.07.4.5053" 
80.3.107.204 - - [12/Aug/2020:16:00:38 -0700] "GET /bootstrap/img/favicon.ico HTTP/1.1" 200 690 "http://www.secrepo.com/" "Mozilla/5.0 (Linux; Android 10; HD1913) AppleWebKit/537.36 (KHTML, like Gecko) Chrome/77.0.3865.116 Mobile Safari/537.36 EdgA/45.07.4.5053" 
207.46.13.94 - - [12/Aug/2020:16:04:55 -0700] "GET /self.logs/error.log.2019-08-28.gz HTTP/1.1" 200 2816 "-" "Mozilla/5.0 (compatible; bingbot/2.0; +http://www.bing.com/bingbot.htm)" 
85.208.96.65 - - [12/Aug/2020:16:06:12 -0700] "GET /robots.txt HTTP/1.1" 301 439 "-" "Mozilla/5.0 (compatible; SemrushBot/1.0~bm; +http://www.semrush.com/bot.html)" 
85.208.96.65 - - [12/Aug/2020:16:06:15 -0700] "GET /robots.txt HTTP/1.1" 200 333 "-" "Mozilla/5.0 (compatible; SemrushBot/1.0~bm; +http://www.semrush.com/bot.html)" 
98.207.123.118 - - [12/Aug/2020:16:09:52 -0700] "GET / HTTP/1.1" 200 12882 "-" "Mozilla/5.0 (Macintosh; Intel Mac OS X 10_15_2) AppleWebKit/537.36 (KHTML, like Gecko) Chrome/84.0.4147.105 Safari/537.36" 
98.207.123.118 - - [12/Aug/2020:16:09:52 -0700] "GET /css/style.css HTTP/1.1" 404 305 "http://www.secrepo.com/" "Mozilla/5.0 (Macintosh; Intel Mac OS X 10_15_2) AppleWebKit/537.36 (KHTML, like Gecko) Chrome/84.0.4147.105 Safari/537.36" 
98.207.123.118 - - [12/Aug/2020:16:09:53 -0700] "GET /twitter-icon.png HTTP/1.1" 200 27893 "http://www.secrepo.com/" "Mozilla/5.0 (Macintosh; Intel Mac OS X 10_15_2) AppleWebKit/537.36 (KHTML, like Gecko) Chrome/84.0.4147.105 Safari/537.36" 
98.207.123.118 - - [12/Aug/2020:16:09:53 -0700] "GET /GitHub-Mark.png HTTP/1.1" 200 7556 "http://www.secrepo.com/" "Mozilla/5.0 (Macintosh; Intel Mac OS X 10_15_2) AppleWebKit/537.36 (KHTML, like Gecko) Chrome/84.0.4147.105 Safari/537.36" 
98.207.123.118 - - [12/Aug/2020:16:09:54 -0700] "GET /bootstrap/img/favicon.ico HTTP/1.1" 200 690 "http://www.secrepo.com/" "Mozilla/5.0 (Macintosh; Intel Mac OS X 10_15_2) AppleWebKit/537.36 (KHTML, like Gecko) Chrome/84.0.4147.105 Safari/537.36" 
98.207.123.118 - - [12/Aug/2020:16:10:30 -0700] "GET /css/style.css HTTP/1.1" 404 328 "http://www.secrepo.com/" "Mozilla/5.0 (Macintosh; Intel Mac OS X 10_15_2) AppleWebKit/537.36 (KHTML, like Gecko) Chrome/84.0.4147.105 Safari/537.36" 
75.65.32.64 - - [12/Aug/2020:16:17:32 -0700] "GET / HTTP/1.1" 200 12882 "-" "Mozilla/5.0 (Linux; Android 10; Pixel 3) AppleWebKit/537.36 (KHTML, like Gecko) Chrome/84.0.4147.111 Mobile Safari/537.36" 
75.65.32.64 - - [12/Aug/2020:16:17:33 -0700] "GET /css/style.css HTTP/1.1" 404 305 "http://www.secrepo.com/" "Mozilla/5.0 (Linux; Android 10; Pixel 3) AppleWebKit/537.36 (KHTML, like Gecko) Chrome/84.0.4147.111 Mobile Safari/537.36" 
75.65.32.64 - - [12/Aug/2020:16:17:33 -0700] "GET /twitter-icon.png HTTP/1.1" 200 27893 "http://www.secrepo.com/" "Mozilla/5.0 (Linux; Android 10; Pixel 3) AppleWebKit/537.36 (KHTML, like Gecko) Chrome/84.0.4147.111 Mobile Safari/537.36" 
75.65.32.64 - - [12/Aug/2020:16:17:33 -0700] "GET /GitHub-Mark.png HTTP/1.1" 200 7556 "http://www.secrepo.com/" "Mozilla/5.0 (Linux; Android 10; Pixel 3) AppleWebKit/537.36 (KHTML, like Gecko) Chrome/84.0.4147.111 Mobile Safari/537.36" 
75.65.32.64 - - [12/Aug/2020:16:17:34 -0700] "GET /bootstrap/img/favicon.ico HTTP/1.1" 200 690 "http://www.secrepo.com/" "Mozilla/5.0 (Linux; Android 10; Pixel 3) AppleWebKit/537.36 (KHTML, like Gecko) Chrome/84.0.4147.111 Mobile Safari/537.36" 
157.55.39.111 - - [12/Aug/2020:16:17:36 -0700] "GET /self.logs/error.log.2017-02-13.gz HTTP/1.1" 200 1132 "-" "Mozilla/5.0 (compatible; bingbot/2.0; +http://www.bing.com/bingbot.htm)" 
75.65.32.64 - - [12/Aug/2020:16:17:44 -0700] "GET /css/style.css HTTP/1.1" 404 328 "http://www.secrepo.com/" "Mozilla/5.0 (Linux; Android 10; Pixel 3) AppleWebKit/537.36 (KHTML, like Gecko) Chrome/84.0.4147.111 Mobile Safari/537.36" 
75.65.32.64 - - [12/Aug/2020:16:18:12 -0700] "GET /Datasets%20Description/Network/tunnel.html HTTP/1.1" 200 1470 "http://www.secrepo.com/" "Mozilla/5.0 (Linux; Android 10; Pixel 3) AppleWebKit/537.36 (KHTML, like Gecko) Chrome/84.0.4147.111 Mobile Safari/537.36" 
75.65.32.64 - - [12/Aug/2020:16:18:12 -0700] "GET /favicon.ico HTTP/1.1" 200 368 "http://www.secrepo.com/Datasets%20Description/Network/tunnel.html" "Mozilla/5.0 (Linux; Android 10; Pixel 3) AppleWebKit/537.36 (KHTML, like Gecko) Chrome/84.0.4147.111 Mobile Safari/537.36" 
157.55.39.220 - - [12/Aug/2020:16:19:38 -0700] "GET /self.logs/error.log.2019-05-04.gz HTTP/1.1" 200 6893 "-" "Mozilla/5.0 (compatible; bingbot/2.0; +http://www.bing.com/bingbot.htm)" 
157.55.39.111 - - [12/Aug/2020:16:21:57 -0700] "GET /self.logs/error.log.2017-11-22.gz HTTP/1.1" 200 2541 "-" "Mozilla/5.0 (compatible; bingbot/2.0; +http://www.bing.com/bingbot.htm)" 
107.155.108.7 - - [12/Aug/2020:16:24:45 -0700] "GET / HTTP/1.1" 301 475 "-" "Mozilla/5.0 (Windows NT 10.0; Win64; x64) AppleWebKit/537.36 (KHTML, like Gecko) Chrome/79.0.3945.117 Safari/537.36" 
107.155.108.7 - - [12/Aug/2020:16:24:45 -0700] "GET / HTTP/1.1" 200 12882 "-" "Mozilla/5.0 (Windows NT 10.0; Win64; x64) AppleWebKit/537.36 (KHTML, like Gecko) Chrome/79.0.3945.117 Safari/537.36" 
107.155.108.7 - - [12/Aug/2020:16:24:45 -0700] "GET / HTTP/1.1" 301 475 "-" "Mozilla/5.0 (Windows NT 10.0; Win64; x64) AppleWebKit/537.36 (KHTML, like Gecko) Chrome/79.0.3945.117 Safari/537.36" 
107.155.108.7 - - [12/Aug/2020:16:24:45 -0700] "GET / HTTP/1.1" 200 12882 "-" "Mozilla/5.0 (Windows NT 10.0; Win64; x64) AppleWebKit/537.36 (KHTML, like Gecko) Chrome/79.0.3945.117 Safari/537.36" 
107.131.126.227 - - [12/Aug/2020:16:39:25 -0700] "GET /robots.txt HTTP/1.1" 200 377 "-" "Mozilla/5.0 AppleWebKit/537.36 (KHTML, like Gecko; compatible; Googlebot/2.1; +http://www.google.com/bot.html) Chrome/79.0.3945.120 Safari/537.36" 
107.131.126.227 - - [12/Aug/2020:16:39:26 -0700] "GET / HTTP/1.1" 200 12883 "-" "Mozilla/5.0 AppleWebKit/537.36 (KHTML, like Gecko; compatible; Googlebot/2.1; +http://www.google.com/bot.html) Chrome/79.0.3945.120 Safari/537.36" 
47.113.87.53 - - [12/Aug/2020:16:42:28 -0700] "HEAD /admin/login.php HTTP/1.1" 404 309 "-" "-" 
47.113.87.53 - - [12/Aug/2020:16:42:28 -0700] "HEAD /dede/login.php HTTP/1.1" 404 309 "-" "-" 
207.46.13.76 - - [12/Aug/2020:16:47:32 -0700] "GET /self.logs/2015/error.log.2015-10-11.gz HTTP/1.1" 200 933 "-" "Mozilla/5.0 (compatible; bingbot/2.0; +http://www.bing.com/bingbot.htm)" 
107.199.61.30 - - [12/Aug/2020:16:53:47 -0700] "GET / HTTP/1.1" 200 12883 "-" "Mozilla/5.0 (Macintosh; Intel Mac OS X 10_15_6) AppleWebKit/605.1.15 (KHTML, like Gecko) Version/13.1.2 Safari/605.1.15" 
107.199.61.30 - - [12/Aug/2020:16:53:47 -0700] "GET /css/style.css HTTP/1.1" 404 328 "http://www.secrepo.com/" "Mozilla/5.0 (Macintosh; Intel Mac OS X 10_15_6) AppleWebKit/605.1.15 (KHTML, like Gecko) Version/13.1.2 Safari/605.1.15" 
107.199.61.30 - - [12/Aug/2020:16:53:47 -0700] "GET /twitter-icon.png HTTP/1.1" 200 27893 "http://www.secrepo.com/" "Mozilla/5.0 (Macintosh; Intel Mac OS X 10_15_6) AppleWebKit/605.1.15 (KHTML, like Gecko) Version/13.1.2 Safari/605.1.15" 
107.199.61.30 - - [12/Aug/2020:16:53:47 -0700] "GET /GitHub-Mark.png HTTP/1.1" 200 7556 "http://www.secrepo.com/" "Mozilla/5.0 (Macintosh; Intel Mac OS X 10_15_6) AppleWebKit/605.1.15 (KHTML, like Gecko) Version/13.1.2 Safari/605.1.15" 
107.199.61.30 - - [12/Aug/2020:16:53:48 -0700] "GET /bootstrap/img/favicon.ico HTTP/1.1" 200 713 "http://www.secrepo.com/" "Mozilla/5.0 (Macintosh; Intel Mac OS X 10_15_6) AppleWebKit/605.1.15 (KHTML, like Gecko) Version/13.1.2 Safari/605.1.15" 
107.199.61.30 - - [12/Aug/2020:16:54:00 -0700] "GET / HTTP/1.1" 200 12883 "-" "Mozilla/5.0 (Macintosh; Intel Mac OS X 10_15_6) AppleWebKit/537.36 (KHTML, like Gecko) Chrome/84.0.4147.125 Safari/537.36" 
107.199.61.30 - - [12/Aug/2020:16:54:00 -0700] "GET /css/style.css HTTP/1.1" 404 305 "http://www.secrepo.com/" "Mozilla/5.0 (Macintosh; Intel Mac OS X 10_15_6) AppleWebKit/537.36 (KHTML, like Gecko) Chrome/84.0.4147.125 Safari/537.36" 
107.199.61.30 - - [12/Aug/2020:16:54:00 -0700] "GET /twitter-icon.png HTTP/1.1" 200 27916 "http://www.secrepo.com/" "Mozilla/5.0 (Macintosh; Intel Mac OS X 10_15_6) AppleWebKit/537.36 (KHTML, like Gecko) Chrome/84.0.4147.125 Safari/537.36" 
107.199.61.30 - - [12/Aug/2020:16:54:00 -0700] "GET /GitHub-Mark.png HTTP/1.1" 200 7533 "http://www.secrepo.com/" "Mozilla/5.0 (Macintosh; Intel Mac OS X 10_15_6) AppleWebKit/537.36 (KHTML, like Gecko) Chrome/84.0.4147.125 Safari/537.36" 
107.199.61.30 - - [12/Aug/2020:16:54:01 -0700] "GET /bootstrap/img/favicon.ico HTTP/1.1" 200 690 "http://www.secrepo.com/" "Mozilla/5.0 (Macintosh; Intel Mac OS X 10_15_6) AppleWebKit/537.36 (KHTML, like Gecko) Chrome/84.0.4147.125 Safari/537.36" 
157.55.39.33 - - [12/Aug/2020:16:54:11 -0700] "GET /robots.txt HTTP/1.1" 200 377 "-" "Mozilla/5.0 (compatible; bingbot/2.0; +http://www.bing.com/bingbot.htm)" 
121.6.172.140 - - [12/Aug/2020:17:08:51 -0700] "GET /?fbclid=IwAR34tmR6odLlYUKPLKiY15RCQUaaRs_DOPf49m2oBQmKqnQpweo7xgY3rhM HTTP/1.1" 200 12883 "-" "Mozilla/5.0 (Windows NT 10.0; Win64; x64) AppleWebKit/537.36 (KHTML, like Gecko) Chrome/84.0.4147.105 Safari/537.36 Edg/84.0.522.52" 
121.6.172.140 - - [12/Aug/2020:17:08:51 -0700] "GET /css/style.css HTTP/1.1" 404 305 "http://www.secrepo.com/?fbclid=IwAR34tmR6odLlYUKPLKiY15RCQUaaRs_DOPf49m2oBQmKqnQpweo7xgY3rhM" "Mozilla/5.0 (Windows NT 10.0; Win64; x64) AppleWebKit/537.36 (KHTML, like Gecko) Chrome/84.0.4147.105 Safari/537.36 Edg/84.0.522.52" 
121.6.172.140 - - [12/Aug/2020:17:08:51 -0700] "GET /twitter-icon.png HTTP/1.1" 200 27916 "http://www.secrepo.com/?fbclid=IwAR34tmR6odLlYUKPLKiY15RCQUaaRs_DOPf49m2oBQmKqnQpweo7xgY3rhM" "Mozilla/5.0 (Windows NT 10.0; Win64; x64) AppleWebKit/537.36 (KHTML, like Gecko) Chrome/84.0.4147.105 Safari/537.36 Edg/84.0.522.52" 
121.6.172.140 - - [12/Aug/2020:17:08:51 -0700] "GET /GitHub-Mark.png HTTP/1.1" 200 7556 "http://www.secrepo.com/?fbclid=IwAR34tmR6odLlYUKPLKiY15RCQUaaRs_DOPf49m2oBQmKqnQpweo7xgY3rhM" "Mozilla/5.0 (Windows NT 10.0; Win64; x64) AppleWebKit/537.36 (KHTML, like Gecko) Chrome/84.0.4147.105 Safari/537.36 Edg/84.0.522.52" 
186.223.238.72 - - [12/Aug/2020:17:14:30 -0700] "GET /self.logs HTTP/1.1" 301 563 "-" "Mozilla/5.0 (X11; Linux x86_64) AppleWebKit/537.36 (KHTML, like Gecko) Chrome/83.0.4103.116 Safari/537.36" 
186.223.238.72 - - [12/Aug/2020:17:14:30 -0700] "GET /self.logs/ HTTP/1.1" 200 24326 "-" "Mozilla/5.0 (X11; Linux x86_64) AppleWebKit/537.36 (KHTML, like Gecko) Chrome/83.0.4103.116 Safari/537.36" 
186.223.238.72 - - [12/Aug/2020:17:14:31 -0700] "GET /favicon.ico HTTP/1.1" 200 368 "http://www.secrepo.com/self.logs/" "Mozilla/5.0 (X11; Linux x86_64) AppleWebKit/537.36 (KHTML, like Gecko) Chrome/83.0.4103.116 Safari/537.36" 
186.223.238.72 - - [12/Aug/2020:17:15:14 -0700] "GET /self.logs/access.log.2020-07-11.gz HTTP/1.1" 200 14579 "http://www.secrepo.com/self.logs/" "Mozilla/5.0 (X11; Linux x86_64) AppleWebKit/537.36 (KHTML, like Gecko) Chrome/83.0.4103.116 Safari/537.36" 
39.103.142.195 - - [12/Aug/2020:17:43:12 -0700] "GET /public/simpleboot/css/simplebootadmin.css HTTP/1.1" 404 328 "-" "Mozilla/5.0 (Windows NT 10.0; WOW64; rv:48.0) Gecko/20100101 Firefox/48.0" 
39.103.142.195 - - [12/Aug/2020:17:43:29 -0700] "GET /e/data/js/ajax.js HTTP/1.1" 404 328 "-" "Mozilla/5.0 (Windows NT 10.0; WOW64; rv:48.0) Gecko/20100101 Firefox/48.0" 
77.88.5.92 - - [12/Aug/2020:17:46:14 -0700] "GET /robots.txt HTTP/1.1" 200 377 "-" "Mozilla/5.0 (compatible; YandexBot/3.0; +http://yandex.com/bots)" 
77.88.5.233 - - [12/Aug/2020:17:46:18 -0700] "GET / HTTP/1.1" 200 12883 "-" "Mozilla/5.0 (compatible; YandexBot/3.0; +http://yandex.com/bots)" 
39.103.142.195 - - [12/Aug/2020:17:51:18 -0700] "GET /js/index.js HTTP/1.1" 404 328 "-" "Mozilla/5.0 (Windows NT 10.0; WOW64; rv:48.0) Gecko/20100101 Firefox/48.0" 
39.101.129.127 - - [12/Aug/2020:17:52:08 -0700] "GET /wangdafa HTTP/1.1" 404 328 "-" "python-requests/2.22.0" 
66.249.83.84 - - [12/Aug/2020:18:24:37 -0700] "GET /bootstrap/img/favicon.ico HTTP/1.1" 200 713 "-" "Mozilla/5.0 (X11; Linux x86_64) AppleWebKit/537.36 (KHTML, like Gecko) Chrome/49.0.2623.75 Safari/537.36 Google Favicon" 
157.252.182.113 - - [12/Aug/2020:18:26:02 -0700] "GET / HTTP/1.1" 200 12883 "-" "Mozilla/5.0 (Windows NT 10.0; Win64; x64) AppleWebKit/537.36 (KHTML, like Gecko) Chrome/84.0.4147.125 Safari/537.36" 
157.252.182.113 - - [12/Aug/2020:18:26:02 -0700] "GET /css/style.css HTTP/1.1" 404 305 "http://www.secrepo.com/" "Mozilla/5.0 (Windows NT 10.0; Win64; x64) AppleWebKit/537.36 (KHTML, like Gecko) Chrome/84.0.4147.125 Safari/537.36" 
157.252.182.113 - - [12/Aug/2020:18:26:03 -0700] "GET /twitter-icon.png HTTP/1.1" 200 27893 "http://www.secrepo.com/" "Mozilla/5.0 (Windows NT 10.0; Win64; x64) AppleWebKit/537.36 (KHTML, like Gecko) Chrome/84.0.4147.125 Safari/537.36" 
157.252.182.113 - - [12/Aug/2020:18:26:03 -0700] "GET /GitHub-Mark.png HTTP/1.1" 200 7556 "http://www.secrepo.com/" "Mozilla/5.0 (Windows NT 10.0; Win64; x64) AppleWebKit/537.36 (KHTML, like Gecko) Chrome/84.0.4147.125 Safari/537.36" 
157.252.182.113 - - [12/Aug/2020:18:26:04 -0700] "GET /bootstrap/img/favicon.ico HTTP/1.1" 200 690 "http://www.secrepo.com/" "Mozilla/5.0 (Windows NT 10.0; Win64; x64) AppleWebKit/537.36 (KHTML, like Gecko) Chrome/84.0.4147.125 Safari/537.36" 
185.10.68.34 - - [12/Aug/2020:18:29:22 -0700] "GET / HTTP/1.1" 301 419 "-" "Mozilla/5.7" 
185.10.68.34 - - [12/Aug/2020:18:29:22 -0700] "POST //ajax/render/widget_tabbedcontainer_tab_panel HTTP/1.1" 404 284 "-" "Mozilla/5.7" 
185.10.68.34 - - [12/Aug/2020:18:29:23 -0700] "POST //index.php?routestring=ajax/render/widget_tabbedcontainer_tab_panel HTTP/1.1" 404 284 "-" "Mozilla/5.7" 
185.10.68.34 - - [12/Aug/2020:18:29:23 -0700] "GET /forum/ HTTP/1.1" 301 431 "-" "Mozilla/5.7" 
185.10.68.34 - - [12/Aug/2020:18:29:23 -0700] "POST /forum//ajax/render/widget_tabbedcontainer_tab_panel HTTP/1.1" 404 284 "-" "Mozilla/5.7" 
185.10.68.34 - - [12/Aug/2020:18:29:23 -0700] "POST /forum//index.php?routestring=ajax/render/widget_tabbedcontainer_tab_panel HTTP/1.1" 404 284 "-" "Mozilla/5.7" 
185.10.68.34 - - [12/Aug/2020:18:29:24 -0700] "GET /forums/ HTTP/1.1" 301 433 "-" "Mozilla/5.7" 
185.10.68.34 - - [12/Aug/2020:18:29:24 -0700] "POST /forums//ajax/render/widget_tabbedcontainer_tab_panel HTTP/1.1" 404 284 "-" "Mozilla/5.7" 
185.10.68.34 - - [12/Aug/2020:18:29:24 -0700] "POST /forums//index.php?routestring=ajax/render/widget_tabbedcontainer_tab_panel HTTP/1.1" 404 284 "-" "Mozilla/5.7" 
185.10.68.34 - - [12/Aug/2020:18:29:24 -0700] "GET /vb/ HTTP/1.1" 301 425 "-" "Mozilla/5.7" 
185.10.68.34 - - [12/Aug/2020:18:29:25 -0700] "POST /vb//ajax/render/widget_tabbedcontainer_tab_panel HTTP/1.1" 404 284 "-" "Mozilla/5.7" 
185.10.68.34 - - [12/Aug/2020:18:29:25 -0700] "POST /vb//index.php?routestring=ajax/render/widget_tabbedcontainer_tab_panel HTTP/1.1" 404 284 "-" "Mozilla/5.7" 
185.10.68.34 - - [12/Aug/2020:18:29:25 -0700] "GET /board/ HTTP/1.1" 301 431 "-" "Mozilla/5.7" 
185.10.68.34 - - [12/Aug/2020:18:29:25 -0700] "POST /board//ajax/render/widget_tabbedcontainer_tab_panel HTTP/1.1" 404 284 "-" "Mozilla/5.7" 
185.10.68.34 - - [12/Aug/2020:18:29:26 -0700] "POST /board//index.php?routestring=ajax/render/widget_tabbedcontainer_tab_panel HTTP/1.1" 404 284 "-" "Mozilla/5.7" 
185.10.68.34 - - [12/Aug/2020:18:29:26 -0700] "GET /boards/ HTTP/1.1" 301 433 "-" "Mozilla/5.7" 
185.10.68.34 - - [12/Aug/2020:18:29:26 -0700] "POST /boards//ajax/render/widget_tabbedcontainer_tab_panel HTTP/1.1" 404 284 "-" "Mozilla/5.7" 
185.10.68.34 - - [12/Aug/2020:18:29:26 -0700] "POST /boards//index.php?routestring=ajax/render/widget_tabbedcontainer_tab_panel HTTP/1.1" 404 284 "-" "Mozilla/5.7" 
185.10.68.34 - - [12/Aug/2020:18:29:26 -0700] "GET /f/ HTTP/1.1" 301 423 "-" "Mozilla/5.7" 
185.10.68.34 - - [12/Aug/2020:18:29:27 -0700] "POST /f//ajax/render/widget_tabbedcontainer_tab_panel HTTP/1.1" 404 284 "-" "Mozilla/5.7" 
185.10.68.34 - - [12/Aug/2020:18:29:27 -0700] "POST /f//index.php?routestring=ajax/render/widget_tabbedcontainer_tab_panel HTTP/1.1" 404 284 "-" "Mozilla/5.7" 
207.46.13.94 - - [12/Aug/2020:18:38:52 -0700] "GET /self.logs/error.log.2018-01-20.gz HTTP/1.1" 200 1709 "-" "Mozilla/5.0 (compatible; bingbot/2.0; +http://www.bing.com/bingbot.htm)" 
52.55.217.92 - - [12/Aug/2020:18:42:05 -0700] "GET /favicon.ico HTTP/1.1" 200 354 "-" "Ruby" 
52.55.217.92 - - [12/Aug/2020:18:42:05 -0700] "GET / HTTP/1.1" 200 12846 "-" "Ruby" 
52.55.217.92 - - [12/Aug/2020:18:42:06 -0700] "GET /bootstrap/img/favicon.ico HTTP/1.1" 200 676 "-" "Ruby" 
52.55.217.92 - - [12/Aug/2020:18:42:06 -0700] "GET /favicon.ico HTTP/1.1" 200 354 "-" "Ruby" 
52.55.217.92 - - [12/Aug/2020:18:42:06 -0700] "GET / HTTP/1.1" 200 12846 "-" "Ruby" 
52.55.217.92 - - [12/Aug/2020:18:42:06 -0700] "GET /bootstrap/img/favicon.ico HTTP/1.1" 200 676 "-" "Ruby" 
54.71.119.131 - - [12/Aug/2020:18:42:08 -0700] "GET / HTTP/1.1" 200 48020 "-" "Mozilla/5.0 (Windows NT 6.1; Win64; x64) AppleWebKit/537.36 (KHTML, like Gecko) Chrome/72.0.3626.109 Safari/537.36" 
39.101.65.235 - - [12/Aug/2020:18:42:19 -0700] "GET /data/admin/allowurl.txt HTTP/1.1" 404 328 "-" "Mozilla/5.0 (Windows NT 10.0; WOW64; rv:48.0) Gecko/20100101 Firefox/48.0" 
39.101.65.235 - - [12/Aug/2020:18:42:31 -0700] "GET /css/album.css HTTP/1.1" 404 328 "-" "Mozilla/5.0 (Windows NT 10.0; WOW64; rv:48.0) Gecko/20100101 Firefox/48.0" 
66.249.75.91 - - [12/Aug/2020:19:05:45 -0700] "GET / HTTP/1.1" 200 12882 "-" "Mozilla/5.0 (Linux; Android 6.0.1; Nexus 5X Build/MMB29P) AppleWebKit/537.36 (KHTML, like Gecko) Chrome/80.0.3987.92 Mobile Safari/537.36 (compatible; Googlebot/2.1; +http://www.google.com/bot.html)" 
66.249.75.93 - - [12/Aug/2020:19:06:21 -0700] "GET /css/style.css HTTP/1.1" 404 328 "http://www.secrepo.com/" "Mozilla/5.0 (Linux; Android 6.0.1; Nexus 5X Build/MMB29P) AppleWebKit/537.36 (KHTML, like Gecko) Chrome/84.0.4147.108 Mobile Safari/537.36 (compatible; Googlebot/2.1; +http://www.google.com/bot.html)" 
66.249.75.93 - - [12/Aug/2020:19:15:43 -0700] "GET / HTTP/1.1" 200 12882 "-" "Mozilla/5.0 (compatible; Googlebot/2.1; +http://www.google.com/bot.html)" 
121.33.194.250 - - [12/Aug/2020:19:23:35 -0700] "GET / HTTP/1.1" 200 12882 "-" "Mozilla/5.0 (Windows NT 10.0; WOW64) AppleWebKit/537.36 (KHTML, like Gecko) Chrome/83.0.4103.97 Safari/537.36" 
121.33.194.250 - - [12/Aug/2020:19:23:36 -0700] "GET /css/style.css HTTP/1.1" 404 305 "http://www.secrepo.com/" "Mozilla/5.0 (Windows NT 10.0; WOW64) AppleWebKit/537.36 (KHTML, like Gecko) Chrome/83.0.4103.97 Safari/537.36" 
121.33.194.250 - - [12/Aug/2020:19:23:36 -0700] "GET /twitter-icon.png HTTP/1.1" 200 27916 "http://www.secrepo.com/" "Mozilla/5.0 (Windows NT 10.0; WOW64) AppleWebKit/537.36 (KHTML, like Gecko) Chrome/83.0.4103.97 Safari/537.36" 
121.33.194.250 - - [12/Aug/2020:19:23:36 -0700] "GET /GitHub-Mark.png HTTP/1.1" 200 7556 "http://www.secrepo.com/" "Mozilla/5.0 (Windows NT 10.0; WOW64) AppleWebKit/537.36 (KHTML, like Gecko) Chrome/83.0.4103.97 Safari/537.36" 
157.55.39.216 - - [12/Aug/2020:19:23:40 -0700] "GET /self.logs/2015/access.log.2015-08-09.gz HTTP/1.1" 200 4630 "-" "Mozilla/5.0 (compatible; bingbot/2.0; +http://www.bing.com/bingbot.htm)" 
121.33.194.250 - - [12/Aug/2020:19:24:47 -0700] "GET /bootstrap/img/favicon.ico HTTP/1.1" 200 713 "http://www.secrepo.com/" "Mozilla/5.0 (Windows NT 10.0; WOW64) AppleWebKit/537.36 (KHTML, like Gecko) Chrome/83.0.4103.97 Safari/537.36" 
157.55.39.33 - - [12/Aug/2020:19:25:01 -0700] "GET /robots.txt HTTP/1.1" 200 377 "-" "Mozilla/5.0 (compatible; bingbot/2.0; +http://www.bing.com/bingbot.htm)" 
52.212.146.96 - - [12/Aug/2020:19:30:01 -0700] "GET /self.logs/access.log.2020-08-06.gz HTTP/1.1" 200 35795 "-" "python-requests/2.12.1" 
52.212.146.96 - - [12/Aug/2020:19:30:01 -0700] "GET /self.logs/access.log.2020-08-07.gz HTTP/1.1" 200 24758 "-" "python-requests/2.12.1" 
52.212.146.96 - - [12/Aug/2020:19:30:02 -0700] "GET /self.logs/access.log.2020-08-08.gz HTTP/1.1" 200 14967 "-" "python-requests/2.12.1" 
52.212.146.96 - - [12/Aug/2020:19:30:02 -0700] "GET /self.logs/access.log.2020-08-09.gz HTTP/1.1" 200 9673 "-" "python-requests/2.12.1" 
52.212.146.96 - - [12/Aug/2020:19:30:02 -0700] "GET /self.logs/access.log.2020-08-10.gz HTTP/1.1" 404 328 "-" "python-requests/2.12.1" 
52.212.146.96 - - [12/Aug/2020:19:30:02 -0700] "GET /self.logs/access.log.2020-08-11.gz HTTP/1.1" 404 328 "-" "python-requests/2.12.1" 
52.212.146.96 - - [12/Aug/2020:19:30:03 -0700] "GET /self.logs/access.log.2020-08-12.gz HTTP/1.1" 404 328 "-" "python-requests/2.12.1" 
40.77.167.198 - - [12/Aug/2020:19:44:58 -0700] "GET /self.logs/access.log.2020-03-19.gz HTTP/1.1" 200 18730 "-" "Mozilla/5.0 (compatible; bingbot/2.0; +http://www.bing.com/bingbot.htm)" 
66.249.75.91 - - [12/Aug/2020:19:56:05 -0700] "GET /maccdc2012/files.log.gz HTTP/1.1" 200 17684810 "-" "Mozilla/5.0 (Linux; Android 6.0.1; Nexus 5X Build/MMB29P) AppleWebKit/537.36 (KHTML, like Gecko) Chrome/80.0.3987.92 Mobile Safari/537.36 (compatible; Googlebot/2.1; +http://www.google.com/bot.html)" 
49.7.20.65 - - [12/Aug/2020:20:12:38 -0700] "GET /css/style.css HTTP/1.1" 404 291 "-" "Mozilla/4.0 (compatible; MSIE 7.0; Windows NT 6.0; Trident/4.0)" 
66.249.75.93 - - [12/Aug/2020:20:16:03 -0700] "GET /Datasets%20Description/HTML_Bro_log_1/ HTTP/1.1" 200 834 "-" "Mozilla/5.0 (Linux; Android 6.0.1; Nexus 5X Build/MMB29P) AppleWebKit/537.36 (KHTML, like Gecko) Chrome/80.0.3987.92 Mobile Safari/537.36 (compatible; Googlebot/2.1; +http://www.google.com/bot.html)" 
111.198.225.212 - - [12/Aug/2020:20:21:30 -0700] "GET / HTTP/1.1" 200 12881 "-" "Mozilla/5.0 (Macintosh; Intel Mac OS X 10_15_6) AppleWebKit/605.1.15 (KHTML, like Gecko)" 
111.198.225.212 - - [12/Aug/2020:20:21:32 -0700] "GET /apple-touch-icon-precomposed.png HTTP/1.1" 404 328 "-" "Safari%E6%B5%8F%E8%A7%88%E5%99%A8/15609.3.5.1.3 CFNetwork/1128.0.1 Darwin/19.6.0 (x86_64)" 
111.198.225.212 - - [12/Aug/2020:20:21:33 -0700] "GET /apple-touch-icon.png HTTP/1.1" 404 305 "-" "Safari%E6%B5%8F%E8%A7%88%E5%99%A8/15609.3.5.1.3 CFNetwork/1128.0.1 Darwin/19.6.0 (x86_64)" 
111.198.225.212 - - [12/Aug/2020:20:21:33 -0700] "GET / HTTP/1.1" 200 12881 "-" "Mozilla/5.0 (iPhone; CPU iPhone OS 13_1_3 like Mac OS X) AppleWebKit/605.1.15 (KHTML, like Gecko) Version/13.0.1 Mobile/15E148 Safari/604.1" 
111.198.225.212 - - [12/Aug/2020:20:21:34 -0700] "GET /apple-touch-icon-precomposed.png HTTP/1.1" 404 305 "-" "Safari%E6%B5%8F%E8%A7%88%E5%99%A8/15609.3.5.1.3 CFNetwork/1128.0.1 Darwin/19.6.0 (x86_64)" 
111.198.225.212 - - [12/Aug/2020:20:21:34 -0700] "GET /apple-touch-icon.png HTTP/1.1" 404 305 "-" "Safari%E6%B5%8F%E8%A7%88%E5%99%A8/15609.3.5.1.3 CFNetwork/1128.0.1 Darwin/19.6.0 (x86_64)" 
34.205.184.69 - - [12/Aug/2020:20:23:56 -0700] "HEAD / HTTP/1.1" 301 186 "-" "Faraday v0.11.0" 
34.205.184.69 - - [12/Aug/2020:20:23:56 -0700] "HEAD / HTTP/1.1" 200 359 "-" "Faraday v0.11.0" 
210.213.223.50 - - [12/Aug/2020:20:23:57 -0700] "GET http://www.secrepo.com/ HTTP/1.1" 200 12844 "-" "Faraday v0.11.0" 
66.249.75.91 - - [12/Aug/2020:20:26:14 -0700] "GET /auth.log/auth.log.gz HTTP/1.1" 200 615679 "-" "Mozilla/5.0 (Linux; Android 6.0.1; Nexus 5X Build/MMB29P) AppleWebKit/537.36 (KHTML, like Gecko) Chrome/80.0.3987.92 Mobile Safari/537.36 (compatible; Googlebot/2.1; +http://www.google.com/bot.html)" 
202.47.35.105 - - [12/Aug/2020:20:26:51 -0700] "GET /Security-Data-Analysis/Lab_1/conn.log.zip HTTP/1.1" 200 1109832 "-" "Mozilla/5.0 (Windows NT 10.0; Win64; x64) AppleWebKit/537.36 (KHTML, like Gecko) Chrome/84.0.4147.125 Safari/537.36 Edg/84.0.522.59" 
111.198.225.212 - - [12/Aug/2020:20:27:00 -0700] "GET / HTTP/1.1" 200 12881 "-" "Mozilla/5.0 (Macintosh; Intel Mac OS X 10_15_6) AppleWebKit/605.1.15 (KHTML, like Gecko)" 
111.198.225.212 - - [12/Aug/2020:20:27:02 -0700] "GET /apple-touch-icon-precomposed.png HTTP/1.1" 404 328 "-" "Safari%E6%B5%8F%E8%A7%88%E5%99%A8/15609.3.5.1.3 CFNetwork/1128.0.1 Darwin/19.6.0 (x86_64)" 
111.198.225.212 - - [12/Aug/2020:20:27:02 -0700] "GET /apple-touch-icon.png HTTP/1.1" 404 305 "-" "Safari%E6%B5%8F%E8%A7%88%E5%99%A8/15609.3.5.1.3 CFNetwork/1128.0.1 Darwin/19.6.0 (x86_64)" 
111.198.225.212 - - [12/Aug/2020:20:27:03 -0700] "GET / HTTP/1.1" 200 12881 "-" "Mozilla/5.0 (iPhone; CPU iPhone OS 13_1_3 like Mac OS X) AppleWebKit/605.1.15 (KHTML, like Gecko) Version/13.0.1 Mobile/15E148 Safari/604.1" 
111.198.225.212 - - [12/Aug/2020:20:27:04 -0700] "GET /apple-touch-icon-precomposed.png HTTP/1.1" 404 305 "-" "Safari%E6%B5%8F%E8%A7%88%E5%99%A8/15609.3.5.1.3 CFNetwork/1128.0.1 Darwin/19.6.0 (x86_64)" 
111.198.225.212 - - [12/Aug/2020:20:27:04 -0700] "GET /apple-touch-icon.png HTTP/1.1" 404 305 "-" "Safari%E6%B5%8F%E8%A7%88%E5%99%A8/15609.3.5.1.3 CFNetwork/1128.0.1 Darwin/19.6.0 (x86_64)" 
183.178.43.96 - - [12/Aug/2020:20:32:18 -0700] "GET http://www.secrepo.com/ HTTP/1.1" 200 12845 "-" "Faraday v0.11.0" 
66.249.75.92 - - [12/Aug/2020:20:34:50 -0700] "GET /Datasets%20Description/Network/ssl.html HTTP/1.1" 200 1585 "-" "Mozilla/5.0 (compatible; Googlebot/2.1; +http://www.google.com/bot.html)" 
66.249.75.93 - - [12/Aug/2020:20:36:48 -0700] "GET /favicon.ico HTTP/1.1" 200 391 "-" "Googlebot-Image/1.0" 
40.77.167.165 - - [12/Aug/2020:20:36:50 -0700] "GET /self.logs/2016/error.log.2016-03-18.gz HTTP/1.1" 200 754 "-" "Mozilla/5.0 (compatible; bingbot/2.0; +http://www.bing.com/bingbot.htm)" 
207.46.13.76 - - [12/Aug/2020:20:59:53 -0700] "GET /self.logs/2016/error.log.2016-11-01.gz HTTP/1.1" 200 933 "-" "Mozilla/5.0 (compatible; bingbot/2.0; +http://www.bing.com/bingbot.htm)" 
207.46.13.76 - - [12/Aug/2020:20:59:55 -0700] "GET /self.logs/error.log.2017-04-01.gz HTTP/1.1" 304 279 "-" "Mozilla/5.0 (compatible; bingbot/2.0; +http://www.bing.com/bingbot.htm)" 
66.249.75.101 - - [12/Aug/2020:21:26:33 -0700] "GET / HTTP/1.1" 301 475 "-" "Mozilla/5.0 (Linux; Android 6.0.1; Nexus 5X Build/MMB29P) AppleWebKit/537.36 (KHTML, like Gecko) Chrome/80.0.3987.92 Mobile Safari/537.36 (compatible; Googlebot/2.1; +http://www.google.com/bot.html)" 
40.79.255.26 - - [12/Aug/2020:21:27:57 -0700] "GET / HTTP/1.1" 200 12838 "-" "awesome_bot" 
115.164.220.79 - - [12/Aug/2020:21:35:14 -0700] "GET / HTTP/1.1" 200 12883 "https://www.researchgate.net/" "Mozilla/5.0 (Windows NT 10.0; Win64; x64) AppleWebKit/537.36 (KHTML, like Gecko) Chrome/84.0.4147.125 Safari/537.36" 
115.164.220.79 - - [12/Aug/2020:21:35:14 -0700] "GET /css/style.css HTTP/1.1" 404 328 "http://www.secrepo.com/" "Mozilla/5.0 (Windows NT 10.0; Win64; x64) AppleWebKit/537.36 (KHTML, like Gecko) Chrome/84.0.4147.125 Safari/537.36" 
115.164.220.79 - - [12/Aug/2020:21:35:15 -0700] "GET /twitter-icon.png HTTP/1.1" 200 27893 "http://www.secrepo.com/" "Mozilla/5.0 (Windows NT 10.0; Win64; x64) AppleWebKit/537.36 (KHTML, like Gecko) Chrome/84.0.4147.125 Safari/537.36" 
115.164.220.79 - - [12/Aug/2020:21:35:15 -0700] "GET /GitHub-Mark.png HTTP/1.1" 200 7533 "http://www.secrepo.com/" "Mozilla/5.0 (Windows NT 10.0; Win64; x64) AppleWebKit/537.36 (KHTML, like Gecko) Chrome/84.0.4147.125 Safari/537.36" 
115.164.220.79 - - [12/Aug/2020:21:35:16 -0700] "GET /bootstrap/img/favicon.ico HTTP/1.1" 200 690 "http://www.secrepo.com/" "Mozilla/5.0 (Windows NT 10.0; Win64; x64) AppleWebKit/537.36 (KHTML, like Gecko) Chrome/84.0.4147.125 Safari/537.36" 
39.101.65.235 - - [12/Aug/2020:21:42:20 -0700] "GET /xxsssseee HTTP/1.1" 404 328 "-" "Mozilla/5.0 (Windows NT 10.0; WOW64; rv:48.0) Gecko/20100101 Firefox/48.0" 
206.47.249.246 - - [12/Aug/2020:21:46:49 -0700] "GET /self.logs/error.log.2019-04-23.gz HTTP/1.1" 304 280 "-" "Mozilla/4.0 (compatible;)" 
157.46.119.176 - - [12/Aug/2020:22:06:15 -0700] "GET / HTTP/1.1" 200 12882 "-" "Mozilla/5.0 (Windows NT 10.0; WOW64) AppleWebKit/537.36 (KHTML, like Gecko) Chrome/70.0.3538.67 Safari/537.36" 
157.46.119.176 - - [12/Aug/2020:22:06:15 -0700] "GET /css/style.css HTTP/1.1" 404 305 "http://www.secrepo.com/" "Mozilla/5.0 (Windows NT 10.0; WOW64) AppleWebKit/537.36 (KHTML, like Gecko) Chrome/70.0.3538.67 Safari/537.36" 
157.46.119.176 - - [12/Aug/2020:22:06:15 -0700] "GET /twitter-icon.png HTTP/1.1" 200 27916 "http://www.secrepo.com/" "Mozilla/5.0 (Windows NT 10.0; WOW64) AppleWebKit/537.36 (KHTML, like Gecko) Chrome/70.0.3538.67 Safari/537.36" 
157.46.119.176 - - [12/Aug/2020:22:06:15 -0700] "GET /GitHub-Mark.png HTTP/1.1" 200 7556 "http://www.secrepo.com/" "Mozilla/5.0 (Windows NT 10.0; WOW64) AppleWebKit/537.36 (KHTML, like Gecko) Chrome/70.0.3538.67 Safari/537.36" 
157.46.119.176 - - [12/Aug/2020:22:06:18 -0700] "GET /bootstrap/img/favicon.ico HTTP/1.1" 200 713 "http://www.secrepo.com/" "Mozilla/5.0 (Windows NT 10.0; WOW64) AppleWebKit/537.36 (KHTML, like Gecko) Chrome/70.0.3538.67 Safari/537.36" 
157.55.39.220 - - [12/Aug/2020:22:11:31 -0700] "GET /self.logs/2016/access.log.2016-08-29.gz HTTP/1.1" 200 10313 "-" "Mozilla/5.0 (compatible; bingbot/2.0; +http://www.bing.com/bingbot.htm)" 
157.46.119.176 - - [12/Aug/2020:22:38:22 -0700] "GET /css/style.css HTTP/1.1" 404 328 "http://www.secrepo.com/" "Mozilla/5.0 (Windows NT 10.0; WOW64) AppleWebKit/537.36 (KHTML, like Gecko) Chrome/70.0.3538.67 Safari/537.36" 
121.227.208.208 - - [12/Aug/2020:22:42:22 -0700] "GET / HTTP/1.1" 301 419 "https://www.secrepo.com/" "ia_archiver" 
39.101.65.235 - - [12/Aug/2020:22:50:02 -0700] "GET /e/admin/index.php HTTP/1.1" 404 328 "-" "Mozilla/5.0 (Windows NT 10.0; WOW64; rv:48.0) Gecko/20100101 Firefox/48.0" 
83.6.128.245 - - [12/Aug/2020:22:52:17 -0700] "GET /bootstrap/img/favicon.ico HTTP/1.1" 304 263 "-" "Mozilla/5.0 (X11; Linux x86_64) AppleWebKit/537.36 (KHTML, like Gecko) Chrome/84.0.4147.105 Safari/537.36" 
66.249.75.93 - - [12/Aug/2020:22:53:46 -0700] "GET /maccdc2012/tunnel.log.gz HTTP/1.1" 200 5282 "-" "Mozilla/5.0 (Linux; Android 6.0.1; Nexus 5X Build/MMB29P) AppleWebKit/537.36 (KHTML, like Gecko) Chrome/80.0.3987.92 Mobile Safari/537.36 (compatible; Googlebot/2.1; +http://www.google.com/bot.html)" 
207.46.13.42 - - [12/Aug/2020:23:12:30 -0700] "GET /self.logs/error.log.2017-10-23.gz HTTP/1.1" 304 279 "-" "Mozilla/5.0 (compatible; bingbot/2.0; +http://www.bing.com/bingbot.htm)" 
207.46.13.160 - - [12/Aug/2020:23:12:35 -0700] "GET /self.logs/2015/error.log.2015-12-20.gz HTTP/1.1" 200 1495 "-" "Mozilla/5.0 (compatible; bingbot/2.0; +http://www.bing.com/bingbot.htm)" 
40.77.167.116 - - [12/Aug/2020:23:20:19 -0700] "GET /self.logs/error.log.2019-10-30.gz HTTP/1.1" 200 1064 "-" "Mozilla/5.0 (compatible; bingbot/2.0; +http://www.bing.com/bingbot.htm)" 
36.238.139.144 - - [12/Aug/2020:23:20:28 -0700] "GET / HTTP/1.1" 200 12883 "-" "Mozilla/5.0 (Windows NT 10.0; Win64; x64) AppleWebKit/537.36 (KHTML, like Gecko) Chrome/84.0.4147.125 Safari/537.36 Edg/84.0.522.59" 
36.238.139.144 - - [12/Aug/2020:23:20:28 -0700] "GET /css/style.css HTTP/1.1" 404 305 "http://www.secrepo.com/" "Mozilla/5.0 (Windows NT 10.0; Win64; x64) AppleWebKit/537.36 (KHTML, like Gecko) Chrome/84.0.4147.125 Safari/537.36 Edg/84.0.522.59" 
36.238.139.144 - - [12/Aug/2020:23:20:28 -0700] "GET /twitter-icon.png HTTP/1.1" 200 27916 "http://www.secrepo.com/" "Mozilla/5.0 (Windows NT 10.0; Win64; x64) AppleWebKit/537.36 (KHTML, like Gecko) Chrome/84.0.4147.125 Safari/537.36 Edg/84.0.522.59" 
36.238.139.144 - - [12/Aug/2020:23:20:28 -0700] "GET /GitHub-Mark.png HTTP/1.1" 200 7556 "http://www.secrepo.com/" "Mozilla/5.0 (Windows NT 10.0; Win64; x64) AppleWebKit/537.36 (KHTML, like Gecko) Chrome/84.0.4147.125 Safari/537.36 Edg/84.0.522.59" 
36.238.139.144 - - [12/Aug/2020:23:20:32 -0700] "GET /bootstrap/img/favicon.ico HTTP/1.1" 200 713 "http://www.secrepo.com/" "Mozilla/5.0 (Windows NT 10.0; Win64; x64) AppleWebKit/537.36 (KHTML, like Gecko) Chrome/84.0.4147.125 Safari/537.36 Edg/84.0.522.59" 
113.81.208.80 - - [12/Aug/2020:23:41:26 -0700] "GET /misc/zeus_dga_domains.txt.zip HTTP/1.1" 200 592381 "-" "Mozilla/5.0 (Windows NT 6.1; Win64; x64) AppleWebKit/537.36 (KHTML, like Gecko) Chrome/84.0.4147.105 Safari/537.36" 
