59.172.35.18 - - [27/Jun/2023:20:07:28 -0700] "GET /honeypot/honeypot.json.zip HTTP/1.1" 200 78408 "-" "Mozilla/5.0 (Windows NT 10.0; Win64; x64) AppleWebKit/537.36 (KHTML, like Gecko) Chrome/67.0.3396.99 Safari/537.36" 
59.172.35.18 - - [27/Jun/2023:20:07:28 -0700] "GET /honeypot/honeypot.json.zip HTTP/1.1" 206 1049024 "-" "Mozilla/5.0 (Windows NT 10.0; Win64; x64) AppleWebKit/537.36 (KHTML, like Gecko) Chrome/67.0.3396.99 Safari/537.36" 
59.172.35.18 - - [27/Jun/2023:20:07:28 -0700] "GET /honeypot/honeypot.json.zip HTTP/1.1" 206 1049030 "-" "Mozilla/5.0 (Windows NT 10.0; Win64; x64) AppleWebKit/537.36 (KHTML, like Gecko) Chrome/67.0.3396.99 Safari/537.36" 
59.172.35.18 - - [27/Jun/2023:20:07:28 -0700] "GET /honeypot/honeypot.json.zip HTTP/1.1" 206 1049030 "-" "Mozilla/5.0 (Windows NT 10.0; Win64; x64) AppleWebKit/537.36 (KHTML, like Gecko) Chrome/67.0.3396.99 Safari/537.36" 
59.172.35.18 - - [27/Jun/2023:20:07:28 -0700] "GET /honeypot/honeypot.json.zip HTTP/1.1" 206 1049030 "-" "Mozilla/5.0 (Windows NT 10.0; Win64; x64) AppleWebKit/537.36 (KHTML, like Gecko) Chrome/67.0.3396.99 Safari/537.36" 
59.172.35.18 - - [27/Jun/2023:20:07:30 -0700] "GET /honeypot/honeypot.json.zip HTTP/1.1" 206 78408 "-" "Mozilla/5.0 (Windows NT 10.0; Win64; x64) AppleWebKit/537.36 (KHTML, like Gecko) Chrome/67.0.3396.99 Safari/537.36" 
59.172.35.18 - - [27/Jun/2023:20:07:30 -0700] "GET /honeypot/honeypot.json.zip HTTP/1.1" 206 0 "-" "Mozilla/5.0 (Windows NT 10.0; Win64; x64) AppleWebKit/537.36 (KHTML, like Gecko) Chrome/67.0.3396.99 Safari/537.36" 
59.172.35.18 - - [27/Jun/2023:20:07:30 -0700] "GET /honeypot/honeypot.json.zip HTTP/1.1" 206 0 "-" "Mozilla/5.0 (Windows NT 10.0; Win64; x64) AppleWebKit/537.36 (KHTML, like Gecko) Chrome/67.0.3396.99 Safari/537.36" 
92.119.36.121 - - [27/Jun/2023:20:10:04 -0700] "GET / HTTP/1.0" 200 49096 "http://www.secrepo.com/" "Mozilla/5.0 (Windows NT 10.0; Win64; x64) AppleWebKit/537.36 (KHTML, like Gecko) Chrome/103.0.5042.0 Safari/537.36" 
218.77.80.51 - - [27/Jun/2023:20:22:43 -0700] "GET / HTTP/1.1" 301 475 "-" "Mozilla/5.0 (Windows NT 10.0; Win64; x64) AppleWebKit/537.36 (KHTML, like Gecko) Chrome/114.0.0.0 Safari/537.36" 
218.77.80.51 - - [27/Jun/2023:20:22:44 -0700] "GET / HTTP/1.1" 200 13185 "-" "Mozilla/5.0 (Windows NT 10.0; Win64; x64) AppleWebKit/537.36 (KHTML, like Gecko) Chrome/114.0.0.0 Safari/537.36" 
218.77.80.51 - - [27/Jun/2023:20:22:44 -0700] "GET /twitter-icon.png HTTP/1.1" 200 27916 "http://www.secrepo.com/" "Mozilla/5.0 (Windows NT 10.0; Win64; x64) AppleWebKit/537.36 (KHTML, like Gecko) Chrome/114.0.0.0 Safari/537.36" 
218.77.80.51 - - [27/Jun/2023:20:22:44 -0700] "GET /css/style.css HTTP/1.1" 404 305 "http://www.secrepo.com/" "Mozilla/5.0 (Windows NT 10.0; Win64; x64) AppleWebKit/537.36 (KHTML, like Gecko) Chrome/114.0.0.0 Safari/537.36" 
218.77.80.51 - - [27/Jun/2023:20:22:44 -0700] "GET /GitHub-Mark.png HTTP/1.1" 200 7556 "http://www.secrepo.com/" "Mozilla/5.0 (Windows NT 10.0; Win64; x64) AppleWebKit/537.36 (KHTML, like Gecko) Chrome/114.0.0.0 Safari/537.36" 
218.77.80.51 - - [27/Jun/2023:20:23:09 -0700] "GET /bootstrap/img/favicon.ico HTTP/1.1" 200 713 "http://www.secrepo.com/" "Mozilla/5.0 (Windows NT 10.0; Win64; x64) AppleWebKit/537.36 (KHTML, like Gecko) Chrome/114.0.0.0 Safari/537.36" 
123.157.197.49 - - [27/Jun/2023:20:26:07 -0700] "GET /css/style.css HTTP/1.1" 404 328 "http://www.secrepo.com/" "Mozilla/5.0 (Windows NT 10.0; Win64; x64) AppleWebKit/537.36 (KHTML, like Gecko) Chrome/114.0.0.0 Safari/537.36" 
114.119.134.155 - - [27/Jun/2023:20:50:57 -0700] "GET /self.logs/error.log.2020-10-09 HTTP/1.1" 200 351 "http://www.secrepo.com/self.logs?C=N%3BO%3DD" "Mozilla/5.0 (Linux; Android 7.0;) AppleWebKit/537.36 (KHTML, like Gecko) Mobile Safari/537.36 (compatible; PetalBot;+https://webmaster.petalsearch.com/site/petalbot)" 
103.121.210.43 - - [27/Jun/2023:20:57:01 -0700] "GET / HTTP/1.1" 200 13141 "-" "Mozilla/5.0 (Macintosh; Intel Mac OS X 10_15_7) AppleWebKit/605.1.15 (KHTML, like Gecko) Version/16.5.1 Safari/605.1.15" 
103.121.210.43 - - [27/Jun/2023:20:57:02 -0700] "GET /css/style.css HTTP/1.1" 404 284 "http://www.secrepo.com/" "Mozilla/5.0 (Macintosh; Intel Mac OS X 10_15_7) AppleWebKit/605.1.15 (KHTML, like Gecko) Version/16.5.1 Safari/605.1.15" 
103.121.210.43 - - [27/Jun/2023:20:57:02 -0700] "GET /twitter-icon.png HTTP/1.1" 200 27872 "http://www.secrepo.com/" "Mozilla/5.0 (Macintosh; Intel Mac OS X 10_15_7) AppleWebKit/605.1.15 (KHTML, like Gecko) Version/16.5.1 Safari/605.1.15" 
103.121.210.43 - - [27/Jun/2023:20:57:02 -0700] "GET /GitHub-Mark.png HTTP/1.1" 200 7478 "http://www.secrepo.com/" "Mozilla/5.0 (Macintosh; Intel Mac OS X 10_15_7) AppleWebKit/605.1.15 (KHTML, like Gecko) Version/16.5.1 Safari/605.1.15" 
103.121.210.43 - - [27/Jun/2023:20:57:04 -0700] "GET /bootstrap/img/favicon.ico HTTP/1.1" 200 635 "http://www.secrepo.com/" "Mozilla/5.0 (Macintosh; Intel Mac OS X 10_15_7) AppleWebKit/605.1.15 (KHTML, like Gecko) Version/16.5.1 Safari/605.1.15" 
46.101.158.159 - - [27/Jun/2023:21:03:01 -0700] "GET / HTTP/1.1" 301 419 "-" "Mozilla/5.0 (compatible; SemrushBot/7~bl; +http://www.semrush.com/bot.html)" 
46.101.158.159 - - [27/Jun/2023:21:03:01 -0700] "GET / HTTP/1.1" 200 13142 "-" "Mozilla/5.0 (compatible; SemrushBot/7~bl; +http://www.semrush.com/bot.html)" 
40.88.21.235 - - [27/Jun/2023:21:07:59 -0700] "GET / HTTP/1.1" 200 13186 "http://www.secrepo.com/" "Mozilla/5.0 (compatible; DuckDuckGo-Favicons-Bot/1.0; +http://duckduckgo.com)" 
40.88.21.235 - - [27/Jun/2023:21:07:59 -0700] "GET /bootstrap/img/favicon.ico HTTP/1.1" 200 690 "http://www.secrepo.com/bootstrap/img/favicon.ico" "Mozilla/5.0 (compatible; DuckDuckGo-Favicons-Bot/1.0; +http://duckduckgo.com)" 
72.191.40.184 - - [27/Jun/2023:21:08:07 -0700] "GET / HTTP/1.1" 200 13186 "https://duckduckgo.com/" "Mozilla/5.0 (Macintosh; Intel Mac OS X 10.15; rv:109.0) Gecko/20100101 Firefox/114.0" 
72.191.40.184 - - [27/Jun/2023:21:08:07 -0700] "GET /css/style.css HTTP/1.1" 404 305 "http://www.secrepo.com/" "Mozilla/5.0 (Macintosh; Intel Mac OS X 10.15; rv:109.0) Gecko/20100101 Firefox/114.0" 
72.191.40.184 - - [27/Jun/2023:21:08:07 -0700] "GET /GitHub-Mark.png HTTP/1.1" 200 7556 "http://www.secrepo.com/" "Mozilla/5.0 (Macintosh; Intel Mac OS X 10.15; rv:109.0) Gecko/20100101 Firefox/114.0" 
72.191.40.184 - - [27/Jun/2023:21:08:07 -0700] "GET /twitter-icon.png HTTP/1.1" 200 27916 "http://www.secrepo.com/" "Mozilla/5.0 (Macintosh; Intel Mac OS X 10.15; rv:109.0) Gecko/20100101 Firefox/114.0" 
72.191.40.184 - - [27/Jun/2023:21:08:07 -0700] "GET /css/style.css HTTP/1.1" 404 305 "http://www.secrepo.com/" "Mozilla/5.0 (Macintosh; Intel Mac OS X 10.15; rv:109.0) Gecko/20100101 Firefox/114.0" 
72.191.40.184 - - [27/Jun/2023:21:08:07 -0700] "GET /bootstrap/img/favicon.ico HTTP/1.1" 200 690 "http://www.secrepo.com/" "Mozilla/5.0 (Macintosh; Intel Mac OS X 10.15; rv:109.0) Gecko/20100101 Firefox/114.0" 
72.191.40.184 - - [27/Jun/2023:21:08:07 -0700] "GET /css/style.css HTTP/1.1" 404 305 "http://www.secrepo.com/" "Mozilla/5.0 (Macintosh; Intel Mac OS X 10.15; rv:109.0) Gecko/20100101 Firefox/114.0" 
72.191.40.184 - - [27/Jun/2023:21:10:53 -0700] "GET /auth.log/auth.log.gz HTTP/1.1" 200 615679 "http://www.secrepo.com/" "Mozilla/5.0 (Macintosh; Intel Mac OS X 10.15; rv:109.0) Gecko/20100101 Firefox/114.0" 
114.119.158.0 - - [27/Jun/2023:21:14:53 -0700] "GET /self.logs/error.log.2020-08-04 HTTP/1.1" 200 351 "http://www.secrepo.com/self.logs?C=N%3BO%3DD" "Mozilla/5.0 (Linux; Android 7.0;) AppleWebKit/537.36 (KHTML, like Gecko) Mobile Safari/537.36 (compatible; PetalBot;+https://webmaster.petalsearch.com/site/petalbot)" 
138.68.154.231 - - [27/Jun/2023:21:19:09 -0700] "GET /maccdc2012/ssl.log.gz HTTP/1.1" 200 1311486 "-" "Mozilla/5.0 (Macintosh; Intel Mac OS X 10_15_7) AppleWebKit/537.36 (KHTML, like Gecko) Chrome/114.0.5735.106 Safari/537.36" 
114.119.142.126 - - [27/Jun/2023:21:19:14 -0700] "GET /self.logs/error.log.2020-05-31 HTTP/1.1" 200 351 "http://www.secrepo.com/self.logs?C=N%3BO%3DD" "Mozilla/5.0 (Linux; Android 7.0;) AppleWebKit/537.36 (KHTML, like Gecko) Mobile Safari/537.36 (compatible; PetalBot;+https://webmaster.petalsearch.com/site/petalbot)" 
103.230.15.144 - - [27/Jun/2023:21:33:00 -0700] "GET /Content/Ueditor/net/controller.ashx?action=catchimage HTTP/1.1" 404 328 "-" "Mozilla/5.0 (Windows NT 10.0; WOW64; rv:48.0) Gecko/20100101 Firefox/48.0" 
36.111.168.190 - - [27/Jun/2023:21:41:57 -0700] "GET http://secrepo.com/ HTTP/1.1" 301 419 "-" "Mozilla/5.0 (Windows; U; Windows NT 5.1; zh-CN; rv:1.9.2.12) Gecko/20101026 Firefox/3.6.12" 
123.125.109.144 - - [27/Jun/2023:21:51:31 -0700] "GET / HTTP/1.1" 200 13150 "-" "Sogou web spider/4.0(+http://www.sogou.com/docs/help/webmasters.htm#07)" 
40.77.167.206 - - [27/Jun/2023:21:56:10 -0700] "GET /self.logs/error.log.2021-06-06.gz HTTP/1.1" 304 279 "-" "Mozilla/5.0 AppleWebKit/537.36 (KHTML, like Gecko; compatible; bingbot/2.0; +http://www.bing.com/bingbot.htm) Chrome/103.0.5060.134 Safari/537.36" 
51.222.253.15 - - [27/Jun/2023:22:17:20 -0700] "GET / HTTP/1.1" 200 13143 "-" "Mozilla/5.0 (compatible; AhrefsBot/7.0; +http://ahrefs.com/robot/)" 
51.222.253.9 - - [27/Jun/2023:22:17:23 -0700] "GET /css/style.css HTTP/1.1" 404 284 "-" "Mozilla/5.0 (compatible; AhrefsBot/7.0; +http://ahrefs.com/robot/)" 
51.222.253.1 - - [27/Jun/2023:22:17:23 -0700] "GET /GitHub-Mark.png HTTP/1.1" 200 7512 "-" "Mozilla/5.0 (compatible; AhrefsBot/7.0; +http://ahrefs.com/robot/)" 
44.204.219.181 - - [27/Jun/2023:22:20:31 -0700] "GET / HTTP/1.1" 200 13143 "-" "Mozilla/5.0 (compatible; startmebot/1.0; +https://start.me/bot)" 
98.177.188.51 - - [27/Jun/2023:22:28:20 -0700] "GET /bootstrap/img/favicon.ico HTTP/1.1" 200 713 "-" "Mozilla/5.0 (X11; Linux x86_64; rv:109.0) Gecko/20100101 Firefox/114.0" 
17.241.75.151 - - [27/Jun/2023:22:33:59 -0700] "GET /robots.txt HTTP/1.1" 200 333 "-" "Mozilla/5.0 (Macintosh; Intel Mac OS X 10_15_5) AppleWebKit/605.1.15 (KHTML, like Gecko) Version/13.1.1 Safari/605.1.15 (Applebot/0.1; +http://www.apple.com/go/applebot)" 
17.241.75.151 - - [27/Jun/2023:22:33:59 -0700] "GET /Datasets%20Description/HTML_Bro_log_3/irc.html HTTP/1.1" 200 1706 "-" "Mozilla/5.0 (Macintosh; Intel Mac OS X 10_15_5) AppleWebKit/605.1.15 (KHTML, like Gecko) Version/13.1.1 Safari/605.1.15 (Applebot/0.1; +http://www.apple.com/go/applebot)" 
51.222.253.2 - - [27/Jun/2023:22:44:34 -0700] "GET /robots.txt HTTP/1.1" 301 439 "-" "Mozilla/5.0 (compatible; AhrefsBot/7.0; +http://ahrefs.com/robot/)" 
51.222.253.2 - - [27/Jun/2023:22:44:34 -0700] "GET /robots.txt HTTP/1.1" 200 333 "-" "Mozilla/5.0 (compatible; AhrefsBot/7.0; +http://ahrefs.com/robot/)" 
153.125.145.150 - - [27/Jun/2023:23:06:08 -0700] "GET / HTTP/1.1" 200 13149 "-" "Mozilla/5.0 (Windows NT 10.0; Win64; x64) AppleWebKit/537.36 (KHTML, like Gecko) Chrome/109.0.0.0 Safari/537.36" 
153.125.145.150 - - [27/Jun/2023:23:06:13 -0700] "GET /css/style.css HTTP/1.1" 404 291 "http://www.secrepo.com/" "Mozilla/5.0 (Windows NT 10.0; Win64; x64) AppleWebKit/537.36 (KHTML, like Gecko) Chrome/109.0.0.0 Safari/537.36" 
153.125.145.150 - - [27/Jun/2023:23:06:18 -0700] "GET /twitter-icon.png HTTP/1.1" 200 27879 "http://www.secrepo.com/" "Mozilla/5.0 (Windows NT 10.0; Win64; x64) AppleWebKit/537.36 (KHTML, like Gecko) Chrome/109.0.0.0 Safari/537.36" 
153.125.145.150 - - [27/Jun/2023:23:06:19 -0700] "GET /GitHub-Mark.png HTTP/1.1" 200 7519 "http://www.secrepo.com/" "Mozilla/5.0 (Windows NT 10.0; Win64; x64) AppleWebKit/537.36 (KHTML, like Gecko) Chrome/109.0.0.0 Safari/537.36" 
153.125.145.150 - - [27/Jun/2023:23:06:36 -0700] "GET /bootstrap/img/favicon.ico HTTP/1.1" 200 676 "http://www.secrepo.com/" "Mozilla/5.0 (Windows NT 10.0; Win64; x64) AppleWebKit/537.36 (KHTML, like Gecko) Chrome/109.0.0.0 Safari/537.36" 
123.182.48.111 - - [27/Jun/2023:23:07:08 -0700] "GET /honeypot/Honeypot%20-%20Howto.pdf HTTP/1.1" 206 451 "-" "okhttp/3.12.1" 
123.182.50.237 - - [27/Jun/2023:23:07:08 -0700] "GET /tg/c.zip HTTP/1.1" 206 453 "-" "okhttp/3.12.1" 
116.132.255.141 - - [27/Jun/2023:23:07:09 -0700] "GET /tg/b.zip HTTP/1.1" 206 453 "-" "okhttp/3.12.1" 
123.182.48.111 - - [27/Jun/2023:23:07:09 -0700] "HEAD /honeypot/Honeypot%20-%20Howto.pdf HTTP/1.1" 200 370 "-" "okhttp/3.12.1" 
116.132.219.6 - - [27/Jun/2023:23:07:09 -0700] "GET /pe_static/zeus.zip HTTP/1.1" 206 453 "-" "okhttp/3.12.1" 
123.182.48.2 - - [27/Jun/2023:23:07:09 -0700] "GET /misc/zeus_dga_domains.txt.zip HTTP/1.1" 206 449 "-" "okhttp/3.12.1" 
123.182.50.237 - - [27/Jun/2023:23:07:09 -0700] "HEAD /tg/c.zip HTTP/1.1" 200 372 "-" "okhttp/3.12.1" 
123.182.48.111 - - [27/Jun/2023:23:07:09 -0700] "GET /honeypot/Honeypot%20-%20Howto.pdf HTTP/1.1" 206 544 "http://www.secrepo.com/" "Mozilla/5.0 (iPad; U; CPU OS 4_3_3 like Mac OS X; en-us) AppleWebKit/533.17.9 (KHTML, like Gecko) Version/5.0.2 Mobile/8J2 Safari/6533.18.5" 
116.132.255.141 - - [27/Jun/2023:23:07:09 -0700] "HEAD /tg/b.zip HTTP/1.1" 200 372 "-" "okhttp/3.12.1" 
123.182.50.237 - - [27/Jun/2023:23:07:09 -0700] "GET /tg/c.zip HTTP/1.1" 206 546 "http://www.secrepo.com/" "MQQBrowser/26 Mozilla/5.0 (Linux; U; Android 2.3.7; zh-cn; MB200 Build/GRJ22; CyanogenMod-7) AppleWebKit/533.1 (KHTML, like Gecko) Version/4.0 Mobile Safari/533.1" 
116.132.219.6 - - [27/Jun/2023:23:07:09 -0700] "HEAD /pe_static/zeus.zip HTTP/1.1" 200 372 "-" "okhttp/3.12.1" 
123.182.48.111 - - [27/Jun/2023:23:07:09 -0700] "GET /honeypot/Honeypot%20-%20Howto.pdf HTTP/1.1" 206 554 "http://www.secrepo.com/" "Mozilla/5.0 (iPad; U; CPU OS 4_3_3 like Mac OS X; en-us) AppleWebKit/533.17.9 (KHTML, like Gecko) Version/5.0.2 Mobile/8J2 Safari/6533.18.5" 
123.182.50.237 - - [27/Jun/2023:23:07:10 -0700] "GET /tg/c.zip HTTP/1.1" 206 558 "http://www.secrepo.com/" "MQQBrowser/26 Mozilla/5.0 (Linux; U; Android 2.3.7; zh-cn; MB200 Build/GRJ22; CyanogenMod-7) AppleWebKit/533.1 (KHTML, like Gecko) Version/4.0 Mobile Safari/533.1" 
116.132.255.141 - - [27/Jun/2023:23:07:10 -0700] "GET /tg/b.zip HTTP/1.1" 206 546 "http://www.secrepo.com/" "Mozilla/5.0 (BlackBerry; U; BlackBerry 9800; en) AppleWebKit/534.1+ (KHTML, like Gecko) Version/6.0.0.337 Mobile Safari/534.1+" 
123.183.235.137 - - [27/Jun/2023:23:07:10 -0700] "GET /honeypot/Honeypot%20-%20Howto%20-%20BSides%20Austin.pdf HTTP/1.1" 206 451 "-" "okhttp/3.12.1" 
116.132.219.6 - - [27/Jun/2023:23:07:10 -0700] "GET /pe_static/zeus.zip HTTP/1.1" 206 546 "http://www.secrepo.com/" "Mozilla/5.0 (iPad; U; CPU OS 4_3_3 like Mac OS X; en-us) AppleWebKit/533.17.9 (KHTML, like Gecko) Version/5.0.2 Mobile/8J2 Safari/6533.18.5" 
123.182.48.111 - - [27/Jun/2023:23:07:10 -0700] "GET /honeypot/Honeypot%20-%20Howto.pdf HTTP/1.1" 206 552 "http://www.secrepo.com/" "Mozilla/5.0 (iPad; U; CPU OS 4_3_3 like Mac OS X; en-us) AppleWebKit/533.17.9 (KHTML, like Gecko) Version/5.0.2 Mobile/8J2 Safari/6533.18.5" 
116.132.136.108 - - [27/Jun/2023:23:07:10 -0700] "GET /domaindata/domainmovement.zip HTTP/1.1" 206 451 "-" "okhttp/3.12.1" 
123.182.50.237 - - [27/Jun/2023:23:07:10 -0700] "GET /tg/c.zip HTTP/1.1" 206 558 "http://www.secrepo.com/" "MQQBrowser/26 Mozilla/5.0 (Linux; U; Android 2.3.7; zh-cn; MB200 Build/GRJ22; CyanogenMod-7) AppleWebKit/533.1 (KHTML, like Gecko) Version/4.0 Mobile Safari/533.1" 
123.182.50.211 - - [27/Jun/2023:23:07:10 -0700] "GET /scada/scada_logs.zip HTTP/1.1" 206 449 "-" "okhttp/3.12.1" 
123.183.235.137 - - [27/Jun/2023:23:07:10 -0700] "HEAD /honeypot/Honeypot%20-%20Howto%20-%20BSides%20Austin.pdf HTTP/1.1" 200 370 "-" "okhttp/3.12.1" 
123.182.49.152 - - [27/Jun/2023:23:07:10 -0700] "GET /Security-Data-Analysis/Lab_1/conn.log.zip HTTP/1.1" 206 455 "-" "okhttp/3.12.1" 
116.132.255.141 - - [27/Jun/2023:23:07:10 -0700] "GET /tg/b.zip HTTP/1.1" 206 558 "http://www.secrepo.com/" "Mozilla/5.0 (BlackBerry; U; BlackBerry 9800; en) AppleWebKit/534.1+ (KHTML, like Gecko) Version/6.0.0.337 Mobile Safari/534.1+" 
123.182.48.2 - - [27/Jun/2023:23:07:10 -0700] "HEAD /misc/zeus_dga_domains.txt.zip HTTP/1.1" 200 368 "-" "okhttp/3.12.1" 
123.182.48.111 - - [27/Jun/2023:23:07:10 -0700] "GET /honeypot/Honeypot%20-%20Howto.pdf HTTP/1.1" 206 552 "http://www.secrepo.com/" "Mozilla/5.0 (iPad; U; CPU OS 4_3_3 like Mac OS X; en-us) AppleWebKit/533.17.9 (KHTML, like Gecko) Version/5.0.2 Mobile/8J2 Safari/6533.18.5" 
116.132.219.6 - - [27/Jun/2023:23:07:10 -0700] "GET /pe_static/zeus.zip HTTP/1.1" 206 558 "http://www.secrepo.com/" "Mozilla/5.0 (iPad; U; CPU OS 4_3_3 like Mac OS X; en-us) AppleWebKit/533.17.9 (KHTML, like Gecko) Version/5.0.2 Mobile/8J2 Safari/6533.18.5" 
123.182.50.237 - - [27/Jun/2023:23:07:10 -0700] "GET /tg/c.zip HTTP/1.1" 206 558 "http://www.secrepo.com/" "MQQBrowser/26 Mozilla/5.0 (Linux; U; Android 2.3.7; zh-cn; MB200 Build/GRJ22; CyanogenMod-7) AppleWebKit/533.1 (KHTML, like Gecko) Version/4.0 Mobile Safari/533.1" 
123.183.235.137 - - [27/Jun/2023:23:07:10 -0700] "GET /honeypot/Honeypot%20-%20Howto%20-%20BSides%20Austin.pdf HTTP/1.1" 206 544 "http://www.secrepo.com/" "Mozilla/5.0 (iPhone; U; CPU iPhone OS 4_3_3 like Mac OS X; en-us) AppleWebKit/533.17.9 (KHTML, like Gecko) Version/5.0.2 Mobile/8J2 Safari/6533.18.5" 
123.182.50.211 - - [27/Jun/2023:23:07:10 -0700] "HEAD /scada/scada_logs.zip HTTP/1.1" 200 368 "-" "okhttp/3.12.1" 
106.8.131.145 - - [27/Jun/2023:23:07:10 -0700] "GET /pe_static/apt1.zip HTTP/1.1" 206 451 "-" "okhttp/3.12.1" 
123.182.48.2 - - [27/Jun/2023:23:07:10 -0700] "GET /misc/zeus_dga_domains.txt.zip HTTP/1.1" 206 542 "http://www.secrepo.com/" "Mozilla/5.0 (iPhone; U; CPU iPhone OS 4_3_3 like Mac OS X; en-us) AppleWebKit/533.17.9 (KHTML, like Gecko) Version/5.0.2 Mobile/8J2 Safari/6533.18.5" 
123.182.48.111 - - [27/Jun/2023:23:07:10 -0700] "GET /honeypot/Honeypot%20-%20Howto.pdf HTTP/1.1" 206 552 "http://www.secrepo.com/" "Mozilla/5.0 (iPad; U; CPU OS 4_3_3 like Mac OS X; en-us) AppleWebKit/533.17.9 (KHTML, like Gecko) Version/5.0.2 Mobile/8J2 Safari/6533.18.5" 
116.132.255.141 - - [27/Jun/2023:23:07:10 -0700] "GET /tg/b.zip HTTP/1.1" 206 558 "http://www.secrepo.com/" "Mozilla/5.0 (BlackBerry; U; BlackBerry 9800; en) AppleWebKit/534.1+ (KHTML, like Gecko) Version/6.0.0.337 Mobile Safari/534.1+" 
116.132.136.108 - - [27/Jun/2023:23:07:11 -0700] "HEAD /domaindata/domainmovement.zip HTTP/1.1" 200 370 "-" "okhttp/3.12.1" 
123.182.50.237 - - [27/Jun/2023:23:07:11 -0700] "GET /tg/c.zip HTTP/1.1" 206 558 "http://www.secrepo.com/" "MQQBrowser/26 Mozilla/5.0 (Linux; U; Android 2.3.7; zh-cn; MB200 Build/GRJ22; CyanogenMod-7) AppleWebKit/533.1 (KHTML, like Gecko) Version/4.0 Mobile Safari/533.1" 
123.183.235.137 - - [27/Jun/2023:23:07:11 -0700] "GET /honeypot/Honeypot%20-%20Howto%20-%20BSides%20Austin.pdf HTTP/1.1" 206 554 "http://www.secrepo.com/" "Mozilla/5.0 (iPhone; U; CPU iPhone OS 4_3_3 like Mac OS X; en-us) AppleWebKit/533.17.9 (KHTML, like Gecko) Version/5.0.2 Mobile/8J2 Safari/6533.18.5" 
123.182.50.211 - - [27/Jun/2023:23:07:11 -0700] "GET /scada/scada_logs.zip HTTP/1.1" 206 542 "http://www.secrepo.com/" "Mozilla/5.0 (BlackBerry; U; BlackBerry 9800; en) AppleWebKit/534.1+ (KHTML, like Gecko) Version/6.0.0.337 Mobile Safari/534.1+" 
106.8.131.145 - - [27/Jun/2023:23:07:11 -0700] "HEAD /pe_static/apt1.zip HTTP/1.1" 200 370 "-" "okhttp/3.12.1" 
123.182.48.2 - - [27/Jun/2023:23:07:11 -0700] "GET /misc/zeus_dga_domains.txt.zip HTTP/1.1" 206 550 "http://www.secrepo.com/" "Mozilla/5.0 (iPhone; U; CPU iPhone OS 4_3_3 like Mac OS X; en-us) AppleWebKit/533.17.9 (KHTML, like Gecko) Version/5.0.2 Mobile/8J2 Safari/6533.18.5" 
116.132.255.141 - - [27/Jun/2023:23:07:11 -0700] "GET /tg/b.zip HTTP/1.1" 206 558 "http://www.secrepo.com/" "Mozilla/5.0 (BlackBerry; U; BlackBerry 9800; en) AppleWebKit/534.1+ (KHTML, like Gecko) Version/6.0.0.337 Mobile Safari/534.1+" 
116.132.136.108 - - [27/Jun/2023:23:07:11 -0700] "GET /domaindata/domainmovement.zip HTTP/1.1" 206 544 "http://www.secrepo.com/" "Mozilla/5.0 (SymbianOS/9.4; Series60/5.0 NokiaN97-1/20.0.019; Profile/MIDP-2.1 Configuration/CLDC-1.1) AppleWebKit/525 (KHTML, like Gecko) BrowserNG/7.1.18124" 
123.182.49.152 - - [27/Jun/2023:23:07:11 -0700] "HEAD /Security-Data-Analysis/Lab_1/conn.log.zip HTTP/1.1" 200 374 "-" "okhttp/3.12.1" 
123.183.235.137 - - [27/Jun/2023:23:07:11 -0700] "GET /honeypot/Honeypot%20-%20Howto%20-%20BSides%20Austin.pdf HTTP/1.1" 206 552 "http://www.secrepo.com/" "Mozilla/5.0 (iPhone; U; CPU iPhone OS 4_3_3 like Mac OS X; en-us) AppleWebKit/533.17.9 (KHTML, like Gecko) Version/5.0.2 Mobile/8J2 Safari/6533.18.5" 
123.182.48.2 - - [27/Jun/2023:23:07:11 -0700] "GET /misc/zeus_dga_domains.txt.zip HTTP/1.1" 206 550 "http://www.secrepo.com/" "Mozilla/5.0 (iPhone; U; CPU iPhone OS 4_3_3 like Mac OS X; en-us) AppleWebKit/533.17.9 (KHTML, like Gecko) Version/5.0.2 Mobile/8J2 Safari/6533.18.5" 
123.182.49.152 - - [27/Jun/2023:23:07:11 -0700] "GET /Security-Data-Analysis/Lab_1/conn.log.zip HTTP/1.1" 206 548 "http://www.secrepo.com/" "Mozilla/5.0 (hp-tablet; Linux; hpwOS/3.0.0; U; en-US) AppleWebKit/534.6 (KHTML, like Gecko) wOSBrowser/233.70 Safari/534.6 TouchPad/1.0" 
116.132.255.141 - - [27/Jun/2023:23:07:11 -0700] "GET /tg/b.zip HTTP/1.1" 206 558 "http://www.secrepo.com/" "Mozilla/5.0 (BlackBerry; U; BlackBerry 9800; en) AppleWebKit/534.1+ (KHTML, like Gecko) Version/6.0.0.337 Mobile Safari/534.1+" 
123.182.48.2 - - [27/Jun/2023:23:07:11 -0700] "GET /misc/zeus_dga_domains.txt.zip HTTP/1.1" 206 550 "http://www.secrepo.com/" "Mozilla/5.0 (iPhone; U; CPU iPhone OS 4_3_3 like Mac OS X; en-us) AppleWebKit/533.17.9 (KHTML, like Gecko) Version/5.0.2 Mobile/8J2 Safari/6533.18.5" 
116.132.136.108 - - [27/Jun/2023:23:07:11 -0700] "GET /domaindata/domainmovement.zip HTTP/1.1" 206 554 "http://www.secrepo.com/" "Mozilla/5.0 (SymbianOS/9.4; Series60/5.0 NokiaN97-1/20.0.019; Profile/MIDP-2.1 Configuration/CLDC-1.1) AppleWebKit/525 (KHTML, like Gecko) BrowserNG/7.1.18124" 
123.182.50.225 - - [27/Jun/2023:23:07:12 -0700] "GET /pe_static/op-cleaver.zip HTTP/1.1" 206 449 "-" "okhttp/3.12.1" 
123.182.50.211 - - [27/Jun/2023:23:07:12 -0700] "GET /scada/scada_logs.zip HTTP/1.1" 206 550 "http://www.secrepo.com/" "Mozilla/5.0 (BlackBerry; U; BlackBerry 9800; en) AppleWebKit/534.1+ (KHTML, like Gecko) Version/6.0.0.337 Mobile Safari/534.1+" 
106.8.131.145 - - [27/Jun/2023:23:07:12 -0700] "GET /pe_static/apt1.zip HTTP/1.1" 206 544 "http://www.secrepo.com/" "Mozilla/5.0 (iPhone; U; CPU iPhone OS 4_3_3 like Mac OS X; en-us) AppleWebKit/533.17.9 (KHTML, like Gecko) Version/5.0.2 Mobile/8J2 Safari/6533.18.5" 
123.182.48.2 - - [27/Jun/2023:23:07:12 -0700] "GET /misc/zeus_dga_domains.txt.zip HTTP/1.1" 206 550 "http://www.secrepo.com/" "Mozilla/5.0 (iPhone; U; CPU iPhone OS 4_3_3 like Mac OS X; en-us) AppleWebKit/533.17.9 (KHTML, like Gecko) Version/5.0.2 Mobile/8J2 Safari/6533.18.5" 
123.182.49.152 - - [27/Jun/2023:23:07:12 -0700] "GET /Security-Data-Analysis/Lab_1/conn.log.zip HTTP/1.1" 206 562 "http://www.secrepo.com/" "Mozilla/5.0 (hp-tablet; Linux; hpwOS/3.0.0; U; en-US) AppleWebKit/534.6 (KHTML, like Gecko) wOSBrowser/233.70 Safari/534.6 TouchPad/1.0" 
123.182.50.225 - - [27/Jun/2023:23:07:12 -0700] "HEAD /pe_static/op-cleaver.zip HTTP/1.1" 200 368 "-" "okhttp/3.12.1" 
116.132.136.108 - - [27/Jun/2023:23:07:12 -0700] "GET /domaindata/domainmovement.zip HTTP/1.1" 206 554 "http://www.secrepo.com/" "Mozilla/5.0 (SymbianOS/9.4; Series60/5.0 NokiaN97-1/20.0.019; Profile/MIDP-2.1 Configuration/CLDC-1.1) AppleWebKit/525 (KHTML, like Gecko) BrowserNG/7.1.18124" 
123.183.235.137 - - [27/Jun/2023:23:07:12 -0700] "GET /honeypot/Honeypot%20-%20Howto%20-%20BSides%20Austin.pdf HTTP/1.1" 206 554 "http://www.secrepo.com/" "Mozilla/5.0 (iPhone; U; CPU iPhone OS 4_3_3 like Mac OS X; en-us) AppleWebKit/533.17.9 (KHTML, like Gecko) Version/5.0.2 Mobile/8J2 Safari/6533.18.5" 
123.182.50.211 - - [27/Jun/2023:23:07:12 -0700] "GET /scada/scada_logs.zip HTTP/1.1" 206 548 "http://www.secrepo.com/" "Mozilla/5.0 (BlackBerry; U; BlackBerry 9800; en) AppleWebKit/534.1+ (KHTML, like Gecko) Version/6.0.0.337 Mobile Safari/534.1+" 
106.8.131.145 - - [27/Jun/2023:23:07:12 -0700] "GET /pe_static/apt1.zip HTTP/1.1" 206 554 "http://www.secrepo.com/" "Mozilla/5.0 (iPhone; U; CPU iPhone OS 4_3_3 like Mac OS X; en-us) AppleWebKit/533.17.9 (KHTML, like Gecko) Version/5.0.2 Mobile/8J2 Safari/6533.18.5" 
123.182.49.152 - - [27/Jun/2023:23:07:12 -0700] "GET /Security-Data-Analysis/Lab_1/conn.log.zip HTTP/1.1" 206 562 "http://www.secrepo.com/" "Mozilla/5.0 (hp-tablet; Linux; hpwOS/3.0.0; U; en-US) AppleWebKit/534.6 (KHTML, like Gecko) wOSBrowser/233.70 Safari/534.6 TouchPad/1.0" 
123.182.50.225 - - [27/Jun/2023:23:07:12 -0700] "GET /pe_static/op-cleaver.zip HTTP/1.1" 206 542 "http://www.secrepo.com/" "Mozilla/5.0 (iPhone; U; CPU iPhone OS 4_3_3 like Mac OS X; en-us) AppleWebKit/533.17.9 (KHTML, like Gecko) Version/5.0.2 Mobile/8J2 Safari/6533.18.5" 
116.132.136.108 - - [27/Jun/2023:23:07:12 -0700] "GET /domaindata/domainmovement.zip HTTP/1.1" 206 554 "http://www.secrepo.com/" "Mozilla/5.0 (SymbianOS/9.4; Series60/5.0 NokiaN97-1/20.0.019; Profile/MIDP-2.1 Configuration/CLDC-1.1) AppleWebKit/525 (KHTML, like Gecko) BrowserNG/7.1.18124" 
116.132.219.6 - - [27/Jun/2023:23:07:12 -0700] "GET /pe_static/zeus.zip HTTP/1.1" 206 558 "http://www.secrepo.com/" "Mozilla/5.0 (iPad; U; CPU OS 4_3_3 like Mac OS X; en-us) AppleWebKit/533.17.9 (KHTML, like Gecko) Version/5.0.2 Mobile/8J2 Safari/6533.18.5" 
123.183.235.137 - - [27/Jun/2023:23:07:12 -0700] "GET /honeypot/Honeypot%20-%20Howto%20-%20BSides%20Austin.pdf HTTP/1.1" 206 554 "http://www.secrepo.com/" "Mozilla/5.0 (iPhone; U; CPU iPhone OS 4_3_3 like Mac OS X; en-us) AppleWebKit/533.17.9 (KHTML, like Gecko) Version/5.0.2 Mobile/8J2 Safari/6533.18.5" 
106.8.131.145 - - [27/Jun/2023:23:07:13 -0700] "GET /pe_static/apt1.zip HTTP/1.1" 206 552 "http://www.secrepo.com/" "Mozilla/5.0 (iPhone; U; CPU iPhone OS 4_3_3 like Mac OS X; en-us) AppleWebKit/533.17.9 (KHTML, like Gecko) Version/5.0.2 Mobile/8J2 Safari/6533.18.5" 
123.182.49.152 - - [27/Jun/2023:23:07:13 -0700] "GET /Security-Data-Analysis/Lab_1/conn.log.zip HTTP/1.1" 206 562 "http://www.secrepo.com/" "Mozilla/5.0 (hp-tablet; Linux; hpwOS/3.0.0; U; en-US) AppleWebKit/534.6 (KHTML, like Gecko) wOSBrowser/233.70 Safari/534.6 TouchPad/1.0" 
123.182.50.225 - - [27/Jun/2023:23:07:13 -0700] "GET /pe_static/op-cleaver.zip HTTP/1.1" 206 550 "http://www.secrepo.com/" "Mozilla/5.0 (iPhone; U; CPU iPhone OS 4_3_3 like Mac OS X; en-us) AppleWebKit/533.17.9 (KHTML, like Gecko) Version/5.0.2 Mobile/8J2 Safari/6533.18.5" 
116.132.219.6 - - [27/Jun/2023:23:07:13 -0700] "GET /pe_static/zeus.zip HTTP/1.1" 206 558 "http://www.secrepo.com/" "Mozilla/5.0 (iPad; U; CPU OS 4_3_3 like Mac OS X; en-us) AppleWebKit/533.17.9 (KHTML, like Gecko) Version/5.0.2 Mobile/8J2 Safari/6533.18.5" 
106.8.131.145 - - [27/Jun/2023:23:07:13 -0700] "GET /pe_static/apt1.zip HTTP/1.1" 206 552 "http://www.secrepo.com/" "Mozilla/5.0 (iPhone; U; CPU iPhone OS 4_3_3 like Mac OS X; en-us) AppleWebKit/533.17.9 (KHTML, like Gecko) Version/5.0.2 Mobile/8J2 Safari/6533.18.5" 
123.182.49.152 - - [27/Jun/2023:23:07:13 -0700] "GET /Security-Data-Analysis/Lab_1/conn.log.zip HTTP/1.1" 206 562 "http://www.secrepo.com/" "Mozilla/5.0 (hp-tablet; Linux; hpwOS/3.0.0; U; en-US) AppleWebKit/534.6 (KHTML, like Gecko) wOSBrowser/233.70 Safari/534.6 TouchPad/1.0" 
123.182.50.225 - - [27/Jun/2023:23:07:13 -0700] "GET /pe_static/op-cleaver.zip HTTP/1.1" 206 550 "http://www.secrepo.com/" "Mozilla/5.0 (iPhone; U; CPU iPhone OS 4_3_3 like Mac OS X; en-us) AppleWebKit/533.17.9 (KHTML, like Gecko) Version/5.0.2 Mobile/8J2 Safari/6533.18.5" 
116.132.136.108 - - [27/Jun/2023:23:07:13 -0700] "GET /domaindata/domainmovement.zip HTTP/1.1" 206 554 "http://www.secrepo.com/" "Mozilla/5.0 (SymbianOS/9.4; Series60/5.0 NokiaN97-1/20.0.019; Profile/MIDP-2.1 Configuration/CLDC-1.1) AppleWebKit/525 (KHTML, like Gecko) BrowserNG/7.1.18124" 
106.8.131.145 - - [27/Jun/2023:23:07:13 -0700] "GET /pe_static/apt1.zip HTTP/1.1" 206 554 "http://www.secrepo.com/" "Mozilla/5.0 (iPhone; U; CPU iPhone OS 4_3_3 like Mac OS X; en-us) AppleWebKit/533.17.9 (KHTML, like Gecko) Version/5.0.2 Mobile/8J2 Safari/6533.18.5" 
116.132.219.6 - - [27/Jun/2023:23:07:13 -0700] "GET /pe_static/zeus.zip HTTP/1.1" 206 558 "http://www.secrepo.com/" "Mozilla/5.0 (iPad; U; CPU OS 4_3_3 like Mac OS X; en-us) AppleWebKit/533.17.9 (KHTML, like Gecko) Version/5.0.2 Mobile/8J2 Safari/6533.18.5" 
123.182.50.225 - - [27/Jun/2023:23:07:13 -0700] "GET /pe_static/op-cleaver.zip HTTP/1.1" 206 550 "http://www.secrepo.com/" "Mozilla/5.0 (iPhone; U; CPU iPhone OS 4_3_3 like Mac OS X; en-us) AppleWebKit/533.17.9 (KHTML, like Gecko) Version/5.0.2 Mobile/8J2 Safari/6533.18.5" 
123.182.50.225 - - [27/Jun/2023:23:07:14 -0700] "GET /pe_static/op-cleaver.zip HTTP/1.1" 206 550 "http://www.secrepo.com/" "Mozilla/5.0 (iPhone; U; CPU iPhone OS 4_3_3 like Mac OS X; en-us) AppleWebKit/533.17.9 (KHTML, like Gecko) Version/5.0.2 Mobile/8J2 Safari/6533.18.5" 
123.182.50.211 - - [27/Jun/2023:23:07:14 -0700] "GET /scada/scada_logs.zip HTTP/1.1" 206 550 "http://www.secrepo.com/" "Mozilla/5.0 (BlackBerry; U; BlackBerry 9800; en) AppleWebKit/534.1+ (KHTML, like Gecko) Version/6.0.0.337 Mobile Safari/534.1+" 
123.182.50.211 - - [27/Jun/2023:23:07:14 -0700] "GET /scada/scada_logs.zip HTTP/1.1" 206 550 "http://www.secrepo.com/" "Mozilla/5.0 (BlackBerry; U; BlackBerry 9800; en) AppleWebKit/534.1+ (KHTML, like Gecko) Version/6.0.0.337 Mobile Safari/534.1+" 
123.183.235.222 - - [27/Jun/2023:23:07:16 -0700] "GET /tg/a.zip HTTP/1.1" 206 453 "-" "okhttp/3.12.1" 
123.183.235.222 - - [27/Jun/2023:23:07:16 -0700] "HEAD /tg/a.zip HTTP/1.1" 200 372 "-" "okhttp/3.12.1" 
123.183.235.222 - - [27/Jun/2023:23:07:17 -0700] "GET /tg/a.zip HTTP/1.1" 206 546 "http://www.secrepo.com/" "MQQBrowser/26 Mozilla/5.0 (Linux; U; Android 2.3.7; zh-cn; MB200 Build/GRJ22; CyanogenMod-7) AppleWebKit/533.1 (KHTML, like Gecko) Version/4.0 Mobile Safari/533.1" 
123.183.235.222 - - [27/Jun/2023:23:07:17 -0700] "GET /tg/a.zip HTTP/1.1" 206 558 "http://www.secrepo.com/" "MQQBrowser/26 Mozilla/5.0 (Linux; U; Android 2.3.7; zh-cn; MB200 Build/GRJ22; CyanogenMod-7) AppleWebKit/533.1 (KHTML, like Gecko) Version/4.0 Mobile Safari/533.1" 
123.183.235.222 - - [27/Jun/2023:23:07:17 -0700] "GET /tg/a.zip HTTP/1.1" 206 558 "http://www.secrepo.com/" "MQQBrowser/26 Mozilla/5.0 (Linux; U; Android 2.3.7; zh-cn; MB200 Build/GRJ22; CyanogenMod-7) AppleWebKit/533.1 (KHTML, like Gecko) Version/4.0 Mobile Safari/533.1" 
123.183.235.222 - - [27/Jun/2023:23:07:18 -0700] "GET /tg/a.zip HTTP/1.1" 206 558 "http://www.secrepo.com/" "MQQBrowser/26 Mozilla/5.0 (Linux; U; Android 2.3.7; zh-cn; MB200 Build/GRJ22; CyanogenMod-7) AppleWebKit/533.1 (KHTML, like Gecko) Version/4.0 Mobile Safari/533.1" 
123.182.50.211 - - [27/Jun/2023:23:07:15 -0700] "GET /scada/scada_logs.zip HTTP/1.1" 200 364968 "http://www.secrepo.com/" "Mozilla/5.0 (BlackBerry; U; BlackBerry 9800; en) AppleWebKit/534.1+ (KHTML, like Gecko) Version/6.0.0.337 Mobile Safari/534.1+" 
123.183.235.222 - - [27/Jun/2023:23:07:18 -0700] "GET /tg/a.zip HTTP/1.1" 206 558 "http://www.secrepo.com/" "MQQBrowser/26 Mozilla/5.0 (Linux; U; Android 2.3.7; zh-cn; MB200 Build/GRJ22; CyanogenMod-7) AppleWebKit/533.1 (KHTML, like Gecko) Version/4.0 Mobile Safari/533.1" 
123.182.50.225 - - [27/Jun/2023:23:07:14 -0700] "GET /pe_static/op-cleaver.zip HTTP/1.1" 200 710132 "http://www.secrepo.com/" "Mozilla/5.0 (iPhone; U; CPU iPhone OS 4_3_3 like Mac OS X; en-us) AppleWebKit/533.17.9 (KHTML, like Gecko) Version/5.0.2 Mobile/8J2 Safari/6533.18.5" 
123.182.48.111 - - [27/Jun/2023:23:07:11 -0700] "GET /honeypot/Honeypot%20-%20Howto.pdf HTTP/1.1" 200 1279485 "http://www.secrepo.com/" "Mozilla/5.0 (iPad; U; CPU OS 4_3_3 like Mac OS X; en-us) AppleWebKit/533.17.9 (KHTML, like Gecko) Version/5.0.2 Mobile/8J2 Safari/6533.18.5" 
123.182.48.2 - - [27/Jun/2023:23:07:13 -0700] "GET /misc/zeus_dga_domains.txt.zip HTTP/1.1" 200 592337 "http://www.secrepo.com/" "Mozilla/5.0 (iPhone; U; CPU iPhone OS 4_3_3 like Mac OS X; en-us) AppleWebKit/533.17.9 (KHTML, like Gecko) Version/5.0.2 Mobile/8J2 Safari/6533.18.5" 
116.132.219.4 - - [27/Jun/2023:23:07:36 -0700] "GET /honeypot/honeypot.json.zip HTTP/1.1" 206 453 "-" "okhttp/3.12.1" 
116.132.219.4 - - [27/Jun/2023:23:07:36 -0700] "HEAD /honeypot/honeypot.json.zip HTTP/1.1" 200 372 "-" "okhttp/3.12.1" 
116.132.219.4 - - [27/Jun/2023:23:07:37 -0700] "GET /honeypot/honeypot.json.zip HTTP/1.1" 206 546 "http://www.secrepo.com/" "MQQBrowser/26 Mozilla/5.0 (Linux; U; Android 2.3.7; zh-cn; MB200 Build/GRJ22; CyanogenMod-7) AppleWebKit/533.1 (KHTML, like Gecko) Version/4.0 Mobile Safari/533.1" 
116.132.219.4 - - [27/Jun/2023:23:07:37 -0700] "GET /honeypot/honeypot.json.zip HTTP/1.1" 206 558 "http://www.secrepo.com/" "MQQBrowser/26 Mozilla/5.0 (Linux; U; Android 2.3.7; zh-cn; MB200 Build/GRJ22; CyanogenMod-7) AppleWebKit/533.1 (KHTML, like Gecko) Version/4.0 Mobile Safari/533.1" 
116.132.219.4 - - [27/Jun/2023:23:07:37 -0700] "GET /honeypot/honeypot.json.zip HTTP/1.1" 206 556 "http://www.secrepo.com/" "MQQBrowser/26 Mozilla/5.0 (Linux; U; Android 2.3.7; zh-cn; MB200 Build/GRJ22; CyanogenMod-7) AppleWebKit/533.1 (KHTML, like Gecko) Version/4.0 Mobile Safari/533.1" 
116.132.219.4 - - [27/Jun/2023:23:07:38 -0700] "GET /honeypot/honeypot.json.zip HTTP/1.1" 206 558 "http://www.secrepo.com/" "MQQBrowser/26 Mozilla/5.0 (Linux; U; Android 2.3.7; zh-cn; MB200 Build/GRJ22; CyanogenMod-7) AppleWebKit/533.1 (KHTML, like Gecko) Version/4.0 Mobile Safari/533.1" 
116.132.219.4 - - [27/Jun/2023:23:07:38 -0700] "GET /honeypot/honeypot.json.zip HTTP/1.1" 206 558 "http://www.secrepo.com/" "MQQBrowser/26 Mozilla/5.0 (Linux; U; Android 2.3.7; zh-cn; MB200 Build/GRJ22; CyanogenMod-7) AppleWebKit/533.1 (KHTML, like Gecko) Version/4.0 Mobile Safari/533.1" 
123.183.235.137 - - [27/Jun/2023:23:08:16 -0700] "GET /honeypot/Honeypot%20-%20Howto%20-%20BSides%20Austin.pdf HTTP/1.1" 206 2752274 "http://www.secrepo.com/" "Mozilla/5.0 (iPhone; U; CPU iPhone OS 4_3_3 like Mac OS X; en-us) AppleWebKit/533.17.9 (KHTML, like Gecko) Version/5.0.2 Mobile/8J2 Safari/6533.18.5" 
172.105.213.207 - - [27/Jun/2023:23:09:07 -0700] "GET /Security-Data-Analysis/Lab_1/conn.log.zip HTTP/1.1" 200 207320 "-" "Mozilla/5.0 (Macintosh; Intel Mac OS X 10_15_7) AppleWebKit/537.36 (KHTML, like Gecko) Chrome/114.0.0.0 Safari/537.36" 
172.105.213.207 - - [27/Jun/2023:23:09:10 -0700] "GET /Security-Data-Analysis/Lab_1/conn.log.zip HTTP/1.1" 206 401 "-" "Mozilla/5.0 (Macintosh; Intel Mac OS X 10_15_7) AppleWebKit/537.36 (KHTML, like Gecko) Chrome/114.0.0.0 Safari/537.36" 
172.105.213.207 - - [27/Jun/2023:23:09:12 -0700] "GET /Security-Data-Analysis/Lab_1/conn.log.zip HTTP/1.1" 206 401 "-" "Mozilla/5.0 (Macintosh; Intel Mac OS X 10_15_7) AppleWebKit/537.36 (KHTML, like Gecko) Chrome/114.0.0.0 Safari/537.36" 
106.8.131.145 - - [27/Jun/2023:23:07:14 -0700] "GET /pe_static/apt1.zip HTTP/1.1" 200 1983395 "http://www.secrepo.com/" "Mozilla/5.0 (iPhone; U; CPU iPhone OS 4_3_3 like Mac OS X; en-us) AppleWebKit/533.17.9 (KHTML, like Gecko) Version/5.0.2 Mobile/8J2 Safari/6533.18.5" 
172.105.213.207 - - [27/Jun/2023:23:09:11 -0700] "GET /Security-Data-Analysis/Lab_1/conn.log.zip HTTP/1.1" 206 21168379 "-" "Mozilla/5.0 (Macintosh; Intel Mac OS X 10_15_7) AppleWebKit/537.36 (KHTML, like Gecko) Chrome/114.0.0.0 Safari/537.36" 
172.105.213.207 - - [27/Jun/2023:23:09:12 -0700] "GET /Security-Data-Analysis/Lab_1/conn.log.zip HTTP/1.1" 206 23616379 "-" "Mozilla/5.0 (Macintosh; Intel Mac OS X 10_15_7) AppleWebKit/537.36 (KHTML, like Gecko) Chrome/114.0.0.0 Safari/537.36" 
123.183.235.222 - - [27/Jun/2023:23:07:19 -0700] "GET /tg/a.zip HTTP/1.1" 206 16777629 "http://www.secrepo.com/" "MQQBrowser/26 Mozilla/5.0 (Linux; U; Android 2.3.7; zh-cn; MB200 Build/GRJ22; CyanogenMod-7) AppleWebKit/533.1 (KHTML, like Gecko) Version/4.0 Mobile Safari/533.1" 
123.183.235.137 - - [27/Jun/2023:23:07:13 -0700] "GET /honeypot/Honeypot%20-%20Howto%20-%20BSides%20Austin.pdf HTTP/1.1" 200 236520 "http://www.secrepo.com/" "Mozilla/5.0 (iPhone; U; CPU iPhone OS 4_3_3 like Mac OS X; en-us) AppleWebKit/533.17.9 (KHTML, like Gecko) Version/5.0.2 Mobile/8J2 Safari/6533.18.5" 
153.125.145.150 - - [27/Jun/2023:23:12:15 -0700] "GET /css/style.css HTTP/1.1" 404 291 "http://www.secrepo.com/" "Mozilla/5.0 (Windows NT 10.0; Win64; x64) AppleWebKit/537.36 (KHTML, like Gecko) Chrome/109.0.0.0 Safari/537.36" 
123.182.50.237 - - [27/Jun/2023:23:07:13 -0700] "GET /tg/c.zip HTTP/1.1" 206 15124751 "http://www.secrepo.com/" "MQQBrowser/26 Mozilla/5.0 (Linux; U; Android 2.3.7; zh-cn; MB200 Build/GRJ22; CyanogenMod-7) AppleWebKit/533.1 (KHTML, like Gecko) Version/4.0 Mobile Safari/533.1" 
153.125.145.150 - - [27/Jun/2023:23:12:39 -0700] "GET /css/style.css HTTP/1.1" 404 291 "http://www.secrepo.com/" "Mozilla/5.0 (Windows NT 10.0; Win64; x64) AppleWebKit/537.36 (KHTML, like Gecko) Chrome/109.0.0.0 Safari/537.36" 
123.183.235.222 - - [27/Jun/2023:23:07:19 -0700] "GET /tg/a.zip HTTP/1.1" 206 3987260 "http://www.secrepo.com/" "MQQBrowser/26 Mozilla/5.0 (Linux; U; Android 2.3.7; zh-cn; MB200 Build/GRJ22; CyanogenMod-7) AppleWebKit/533.1 (KHTML, like Gecko) Version/4.0 Mobile Safari/533.1" 
123.183.235.222 - - [27/Jun/2023:23:07:19 -0700] "GET /tg/a.zip HTTP/1.1" 200 16906800 "http://www.secrepo.com/" "MQQBrowser/26 Mozilla/5.0 (Linux; U; Android 2.3.7; zh-cn; MB200 Build/GRJ22; CyanogenMod-7) AppleWebKit/533.1 (KHTML, like Gecko) Version/4.0 Mobile Safari/533.1" 
123.183.235.222 - - [27/Jun/2023:23:07:19 -0700] "GET /tg/a.zip HTTP/1.1" 206 10428780 "http://www.secrepo.com/" "MQQBrowser/26 Mozilla/5.0 (Linux; U; Android 2.3.7; zh-cn; MB200 Build/GRJ22; CyanogenMod-7) AppleWebKit/533.1 (KHTML, like Gecko) Version/4.0 Mobile Safari/533.1" 
123.183.235.222 - - [27/Jun/2023:23:13:01 -0700] "GET /tg/a.zip HTTP/1.1" 206 12840422 "http://www.secrepo.com/" "MQQBrowser/26 Mozilla/5.0 (Linux; U; Android 2.3.7; zh-cn; MB200 Build/GRJ22; CyanogenMod-7) AppleWebKit/533.1 (KHTML, like Gecko) Version/4.0 Mobile Safari/533.1" 
123.183.235.222 - - [27/Jun/2023:23:13:41 -0700] "GET /tg/a.zip HTTP/1.1" 206 2832400 "http://www.secrepo.com/" "MQQBrowser/26 Mozilla/5.0 (Linux; U; Android 2.3.7; zh-cn; MB200 Build/GRJ22; CyanogenMod-7) AppleWebKit/533.1 (KHTML, like Gecko) Version/4.0 Mobile Safari/533.1" 
123.183.235.222 - - [27/Jun/2023:23:17:27 -0700] "GET /tg/a.zip HTTP/1.1" 206 2685028 "http://www.secrepo.com/" "MQQBrowser/26 Mozilla/5.0 (Linux; U; Android 2.3.7; zh-cn; MB200 Build/GRJ22; CyanogenMod-7) AppleWebKit/533.1 (KHTML, like Gecko) Version/4.0 Mobile Safari/533.1" 
116.132.219.6 - - [27/Jun/2023:23:07:15 -0700] "GET /pe_static/zeus.zip HTTP/1.1" 206 3219300 "http://www.secrepo.com/" "Mozilla/5.0 (iPad; U; CPU OS 4_3_3 like Mac OS X; en-us) AppleWebKit/533.17.9 (KHTML, like Gecko) Version/5.0.2 Mobile/8J2 Safari/6533.18.5" 
116.132.219.6 - - [27/Jun/2023:23:07:14 -0700] "GET /pe_static/zeus.zip HTTP/1.1" 200 3686500 "http://www.secrepo.com/" "Mozilla/5.0 (iPad; U; CPU OS 4_3_3 like Mac OS X; en-us) AppleWebKit/533.17.9 (KHTML, like Gecko) Version/5.0.2 Mobile/8J2 Safari/6533.18.5" 
116.132.219.6 - - [27/Jun/2023:23:07:15 -0700] "GET /pe_static/zeus.zip HTTP/1.1" 206 3541960 "http://www.secrepo.com/" "Mozilla/5.0 (iPad; U; CPU OS 4_3_3 like Mac OS X; en-us) AppleWebKit/533.17.9 (KHTML, like Gecko) Version/5.0.2 Mobile/8J2 Safari/6533.18.5" 
116.132.219.6 - - [27/Jun/2023:23:07:15 -0700] "GET /pe_static/zeus.zip HTTP/1.1" 206 3639780 "http://www.secrepo.com/" "Mozilla/5.0 (iPad; U; CPU OS 4_3_3 like Mac OS X; en-us) AppleWebKit/533.17.9 (KHTML, like Gecko) Version/5.0.2 Mobile/8J2 Safari/6533.18.5" 
123.182.50.237 - - [27/Jun/2023:23:19:21 -0700] "GET /tg/c.zip HTTP/1.1" 206 703720 "http://www.secrepo.com/" "MQQBrowser/26 Mozilla/5.0 (Linux; U; Android 2.3.7; zh-cn; MB200 Build/GRJ22; CyanogenMod-7) AppleWebKit/533.1 (KHTML, like Gecko) Version/4.0 Mobile Safari/533.1" 
161.139.101.152 - - [27/Jun/2023:23:20:40 -0700] "GET /Security-Data-Analysis/Lab_1/conn.log.zip HTTP/1.1" 200 461360 "-" "Mozilla/5.0 (Windows NT 10.0; Win64; x64) AppleWebKit/537.36 (KHTML, like Gecko) Chrome/114.0.0.0 Safari/537.36 Edg/114.0.1823.58" 
116.132.255.141 - - [27/Jun/2023:23:07:14 -0700] "GET /tg/b.zip HTTP/1.1" 206 5029700 "http://www.secrepo.com/" "Mozilla/5.0 (BlackBerry; U; BlackBerry 9800; en) AppleWebKit/534.1+ (KHTML, like Gecko) Version/6.0.0.337 Mobile Safari/534.1+" 
116.132.255.141 - - [27/Jun/2023:23:07:15 -0700] "GET /tg/b.zip HTTP/1.1" 206 5302720 "http://www.secrepo.com/" "Mozilla/5.0 (BlackBerry; U; BlackBerry 9800; en) AppleWebKit/534.1+ (KHTML, like Gecko) Version/6.0.0.337 Mobile Safari/534.1+" 
116.132.255.141 - - [27/Jun/2023:23:07:15 -0700] "GET /tg/b.zip HTTP/1.1" 206 4616520 "http://www.secrepo.com/" "Mozilla/5.0 (BlackBerry; U; BlackBerry 9800; en) AppleWebKit/534.1+ (KHTML, like Gecko) Version/6.0.0.337 Mobile Safari/534.1+" 
116.132.255.141 - - [27/Jun/2023:23:07:13 -0700] "GET /tg/b.zip HTTP/1.1" 200 5177160 "http://www.secrepo.com/" "Mozilla/5.0 (BlackBerry; U; BlackBerry 9800; en) AppleWebKit/534.1+ (KHTML, like Gecko) Version/6.0.0.337 Mobile Safari/534.1+" 
161.139.101.152 - - [27/Jun/2023:23:23:11 -0700] "GET /Security-Data-Analysis/Lab_1/conn.log.zip HTTP/1.1" 206 449 "-" "Mozilla/5.0 (Windows NT 10.0; Win64; x64) AppleWebKit/537.36 (KHTML, like Gecko) Chrome/114.0.0.0 Safari/537.36 Edg/114.0.1823.58" 
123.182.50.237 - - [27/Jun/2023:23:19:20 -0700] "GET /tg/c.zip HTTP/1.1" 206 6711045 "http://www.secrepo.com/" "MQQBrowser/26 Mozilla/5.0 (Linux; U; Android 2.3.7; zh-cn; MB200 Build/GRJ22; CyanogenMod-7) AppleWebKit/533.1 (KHTML, like Gecko) Version/4.0 Mobile Safari/533.1" 
161.139.101.152 - - [27/Jun/2023:23:23:12 -0700] "GET /Security-Data-Analysis/Lab_1/conn.log.zip HTTP/1.1" 206 157680 "-" "Mozilla/5.0 (Windows NT 10.0; Win64; x64) AppleWebKit/537.36 (KHTML, like Gecko) Chrome/114.0.0.0 Safari/537.36 Edg/114.0.1823.58" 
123.182.50.237 - - [27/Jun/2023:23:07:14 -0700] "GET /tg/c.zip HTTP/1.1" 206 9106020 "http://www.secrepo.com/" "MQQBrowser/26 Mozilla/5.0 (Linux; U; Android 2.3.7; zh-cn; MB200 Build/GRJ22; CyanogenMod-7) AppleWebKit/533.1 (KHTML, like Gecko) Version/4.0 Mobile Safari/533.1" 
123.182.50.237 - - [27/Jun/2023:23:07:13 -0700] "GET /tg/c.zip HTTP/1.1" 206 7673760 "http://www.secrepo.com/" "MQQBrowser/26 Mozilla/5.0 (Linux; U; Android 2.3.7; zh-cn; MB200 Build/GRJ22; CyanogenMod-7) AppleWebKit/533.1 (KHTML, like Gecko) Version/4.0 Mobile Safari/533.1" 
123.182.50.237 - - [27/Jun/2023:23:07:12 -0700] "GET /tg/c.zip HTTP/1.1" 200 9081200 "http://www.secrepo.com/" "MQQBrowser/26 Mozilla/5.0 (Linux; U; Android 2.3.7; zh-cn; MB200 Build/GRJ22; CyanogenMod-7) AppleWebKit/533.1 (KHTML, like Gecko) Version/4.0 Mobile Safari/533.1" 
123.182.50.237 - - [27/Jun/2023:23:19:20 -0700] "GET /tg/c.zip HTTP/1.1" 206 3016360 "http://www.secrepo.com/" "MQQBrowser/26 Mozilla/5.0 (Linux; U; Android 2.3.7; zh-cn; MB200 Build/GRJ22; CyanogenMod-7) AppleWebKit/533.1 (KHTML, like Gecko) Version/4.0 Mobile Safari/533.1" 
116.132.136.108 - - [27/Jun/2023:23:07:15 -0700] "GET /domaindata/domainmovement.zip HTTP/1.1" 200 7437792 "http://www.secrepo.com/" "Mozilla/5.0 (SymbianOS/9.4; Series60/5.0 NokiaN97-1/20.0.019; Profile/MIDP-2.1 Configuration/CLDC-1.1) AppleWebKit/525 (KHTML, like Gecko) BrowserNG/7.1.18124" 
116.132.255.141 - - [27/Jun/2023:23:18:34 -0700] "GET /tg/b.zip HTTP/1.1" 206 1178220 "http://www.secrepo.com/" "Mozilla/5.0 (BlackBerry; U; BlackBerry 9800; en) AppleWebKit/534.1+ (KHTML, like Gecko) Version/6.0.0.337 Mobile Safari/534.1+" 
116.132.219.6 - - [27/Jun/2023:23:15:10 -0700] "GET /pe_static/zeus.zip HTTP/1.1" 206 4470520 "http://www.secrepo.com/" "Mozilla/5.0 (iPad; U; CPU OS 4_3_3 like Mac OS X; en-us) AppleWebKit/533.17.9 (KHTML, like Gecko) Version/5.0.2 Mobile/8J2 Safari/6533.18.5" 
40.77.167.250 - - [27/Jun/2023:23:26:52 -0700] "GET /self.logs/error.log.2020-01-04.gz HTTP/1.1" 200 872 "-" "Mozilla/5.0 AppleWebKit/537.36 (KHTML, like Gecko; compatible; bingbot/2.0; +http://www.bing.com/bingbot.htm) Chrome/103.0.5060.134 Safari/537.36" 
58.250.125.142 - - [27/Jun/2023:23:28:21 -0700] "GET / HTTP/1.1" 301 438 "-" "Sogou web spider/4.0(+http://www.sogou.com/docs/help/webmasters.htm#07)" 
58.250.125.133 - - [27/Jun/2023:23:28:22 -0700] "GET / HTTP/1.1" 200 13150 "-" "Sogou web spider/4.0(+http://www.sogou.com/docs/help/webmasters.htm#07)" 
116.132.255.141 - - [27/Jun/2023:23:18:33 -0700] "GET /tg/b.zip HTTP/1.1" 206 5225968 "http://www.secrepo.com/" "Mozilla/5.0 (BlackBerry; U; BlackBerry 9800; en) AppleWebKit/534.1+ (KHTML, like Gecko) Version/6.0.0.337 Mobile Safari/534.1+" 
116.132.255.141 - - [27/Jun/2023:23:18:33 -0700] "GET /tg/b.zip HTTP/1.1" 206 5197600 "http://www.secrepo.com/" "Mozilla/5.0 (BlackBerry; U; BlackBerry 9800; en) AppleWebKit/534.1+ (KHTML, like Gecko) Version/6.0.0.337 Mobile Safari/534.1+" 
116.132.255.141 - - [27/Jun/2023:23:29:18 -0700] "GET /tg/b.zip HTTP/1.1" 206 188156 "http://www.secrepo.com/" "Mozilla/5.0 (BlackBerry; U; BlackBerry 9800; en) AppleWebKit/534.1+ (KHTML, like Gecko) Version/6.0.0.337 Mobile Safari/534.1+" 
116.132.255.141 - - [27/Jun/2023:23:18:35 -0700] "GET /tg/b.zip HTTP/1.1" 206 4901220 "http://www.secrepo.com/" "Mozilla/5.0 (BlackBerry; U; BlackBerry 9800; en) AppleWebKit/534.1+ (KHTML, like Gecko) Version/6.0.0.337 Mobile Safari/534.1+" 
123.182.50.237 - - [27/Jun/2023:23:23:27 -0700] "GET /tg/c.zip HTTP/1.1" 206 4788870 "http://www.secrepo.com/" "MQQBrowser/26 Mozilla/5.0 (Linux; U; Android 2.3.7; zh-cn; MB200 Build/GRJ22; CyanogenMod-7) AppleWebKit/533.1 (KHTML, like Gecko) Version/4.0 Mobile Safari/533.1" 
123.182.50.237 - - [27/Jun/2023:23:20:17 -0700] "GET /tg/c.zip HTTP/1.1" 206 5445800 "http://www.secrepo.com/" "MQQBrowser/26 Mozilla/5.0 (Linux; U; Android 2.3.7; zh-cn; MB200 Build/GRJ22; CyanogenMod-7) AppleWebKit/533.1 (KHTML, like Gecko) Version/4.0 Mobile Safari/533.1" 
123.182.49.152 - - [27/Jun/2023:23:07:14 -0700] "GET /Security-Data-Analysis/Lab_1/conn.log.zip HTTP/1.1" 206 54639040 "http://www.secrepo.com/" "Mozilla/5.0 (hp-tablet; Linux; hpwOS/3.0.0; U; en-US) AppleWebKit/534.6 (KHTML, like Gecko) wOSBrowser/233.70 Safari/534.6 TouchPad/1.0" 
123.182.49.152 - - [27/Jun/2023:23:07:14 -0700] "GET /Security-Data-Analysis/Lab_1/conn.log.zip HTTP/1.1" 206 12506360 "http://www.secrepo.com/" "Mozilla/5.0 (hp-tablet; Linux; hpwOS/3.0.0; U; en-US) AppleWebKit/534.6 (KHTML, like Gecko) wOSBrowser/233.70 Safari/534.6 TouchPad/1.0" 
116.132.255.141 - - [27/Jun/2023:23:22:50 -0700] "GET /tg/b.zip HTTP/1.1" 206 4432377 "http://www.secrepo.com/" "Mozilla/5.0 (BlackBerry; U; BlackBerry 9800; en) AppleWebKit/534.1+ (KHTML, like Gecko) Version/6.0.0.337 Mobile Safari/534.1+" 
116.132.255.141 - - [27/Jun/2023:23:29:36 -0700] "GET /tg/b.zip HTTP/1.1" 206 1524240 "http://www.secrepo.com/" "Mozilla/5.0 (BlackBerry; U; BlackBerry 9800; en) AppleWebKit/534.1+ (KHTML, like Gecko) Version/6.0.0.337 Mobile Safari/534.1+" 
123.182.50.237 - - [27/Jun/2023:23:29:46 -0700] "GET /tg/c.zip HTTP/1.1" 206 2039835 "http://www.secrepo.com/" "MQQBrowser/26 Mozilla/5.0 (Linux; U; Android 2.3.7; zh-cn; MB200 Build/GRJ22; CyanogenMod-7) AppleWebKit/533.1 (KHTML, like Gecko) Version/4.0 Mobile Safari/533.1" 
116.132.255.141 - - [27/Jun/2023:23:32:23 -0700] "GET /tg/b.zip HTTP/1.1" 206 145000 "http://www.secrepo.com/" "Mozilla/5.0 (BlackBerry; U; BlackBerry 9800; en) AppleWebKit/534.1+ (KHTML, like Gecko) Version/6.0.0.337 Mobile Safari/534.1+" 
116.132.219.6 - - [27/Jun/2023:23:15:09 -0700] "GET /pe_static/zeus.zip HTTP/1.1" 206 9047617 "http://www.secrepo.com/" "Mozilla/5.0 (iPad; U; CPU OS 4_3_3 like Mac OS X; en-us) AppleWebKit/533.17.9 (KHTML, like Gecko) Version/5.0.2 Mobile/8J2 Safari/6533.18.5" 
116.132.219.6 - - [27/Jun/2023:23:15:09 -0700] "GET /pe_static/zeus.zip HTTP/1.1" 206 9149817 "http://www.secrepo.com/" "Mozilla/5.0 (iPad; U; CPU OS 4_3_3 like Mac OS X; en-us) AppleWebKit/533.17.9 (KHTML, like Gecko) Version/5.0.2 Mobile/8J2 Safari/6533.18.5" 
116.132.219.6 - - [27/Jun/2023:23:34:46 -0700] "GET /pe_static/zeus.zip HTTP/1.1" 206 149328 "http://www.secrepo.com/" "Mozilla/5.0 (iPad; U; CPU OS 4_3_3 like Mac OS X; en-us) AppleWebKit/533.17.9 (KHTML, like Gecko) Version/5.0.2 Mobile/8J2 Safari/6533.18.5" 
216.244.66.245 - - [27/Jun/2023:23:34:50 -0700] "GET /robots.txt HTTP/1.1" 200 333 "-" "Mozilla/5.0 (compatible; DotBot/1.2; +https://opensiteexplorer.org/dotbot; help@moz.com)" 
116.132.219.6 - - [27/Jun/2023:23:15:08 -0700] "GET /pe_static/zeus.zip HTTP/1.1" 206 8961480 "http://www.secrepo.com/" "Mozilla/5.0 (iPad; U; CPU OS 4_3_3 like Mac OS X; en-us) AppleWebKit/533.17.9 (KHTML, like Gecko) Version/5.0.2 Mobile/8J2 Safari/6533.18.5" 
116.132.219.6 - - [27/Jun/2023:23:26:26 -0700] "GET /pe_static/zeus.zip HTTP/1.1" 206 4996272 "http://www.secrepo.com/" "Mozilla/5.0 (iPad; U; CPU OS 4_3_3 like Mac OS X; en-us) AppleWebKit/533.17.9 (KHTML, like Gecko) Version/5.0.2 Mobile/8J2 Safari/6533.18.5" 
116.132.219.6 - - [27/Jun/2023:23:34:56 -0700] "GET /pe_static/zeus.zip HTTP/1.1" 206 1155503 "http://www.secrepo.com/" "Mozilla/5.0 (iPad; U; CPU OS 4_3_3 like Mac OS X; en-us) AppleWebKit/533.17.9 (KHTML, like Gecko) Version/5.0.2 Mobile/8J2 Safari/6533.18.5" 
116.132.219.6 - - [27/Jun/2023:23:36:44 -0700] "GET /pe_static/zeus.zip HTTP/1.1" 206 141214 "http://www.secrepo.com/" "Mozilla/5.0 (iPad; U; CPU OS 4_3_3 like Mac OS X; en-us) AppleWebKit/533.17.9 (KHTML, like Gecko) Version/5.0.2 Mobile/8J2 Safari/6533.18.5" 
219.78.85.43 - - [27/Jun/2023:23:38:51 -0700] "GET / HTTP/1.1" 200 13186 "-" "Mozilla/5.0 (Windows NT 10.0; Win64; x64) AppleWebKit/537.36 (KHTML, like Gecko) Chrome/114.0.0.0 Safari/537.36 Edg/114.0.1823.58" 
219.78.85.43 - - [27/Jun/2023:23:38:51 -0700] "GET /css/style.css HTTP/1.1" 404 305 "http://www.secrepo.com/" "Mozilla/5.0 (Windows NT 10.0; Win64; x64) AppleWebKit/537.36 (KHTML, like Gecko) Chrome/114.0.0.0 Safari/537.36 Edg/114.0.1823.58" 
