114.119.140.84 - - [04/Mar/2021:07:24:28 -0800] "GET /self.logs/access.log.2020-09-02.gz HTTP/1.1" 200 13414 "-" "Mozilla/5.0 (Linux; Android 7.0;) AppleWebKit/537.36 (KHTML, like Gecko) Mobile Safari/537.36 (compatible; PetalBot;+https://aspiegel.com/petalbot)" 
44.234.63.196 - - [04/Mar/2021:07:27:43 -0800] "GET / HTTP/1.1" 301 419 "-" "Mozilla/5.0 (X11; Linux x86_64) AppleWebKit/537.36 (KHTML, like Gecko) Chrome/83.0.4103.97 Safari/537.36" 
44.234.63.196 - - [04/Mar/2021:07:27:43 -0800] "GET / HTTP/1.1" 200 12838 "-" "Mozilla/5.0 (X11; Linux x86_64) AppleWebKit/537.36 (KHTML, like Gecko) Chrome/83.0.4103.97 Safari/537.36" 
183.198.48.82 - - [04/Mar/2021:07:28:55 -0800] "GET /favicon.ico HTTP/1.1" 200 391 "-" "Mozilla/5.0 (Windows NT 10.0; WOW64) AppleWebKit/537.36 (KHTML, like Gecko) Chrome/78.0.3904.108 Safari/537.36" 
183.198.48.82 - - [04/Mar/2021:07:28:55 -0800] "GET /favicon.ico HTTP/1.1" 200 368 "-" "Mozilla/5.0 (Windows NT 10.0; WOW64) AppleWebKit/537.36 (KHTML, like Gecko) Chrome/78.0.3904.108 Safari/537.36" 
183.198.48.82 - - [04/Mar/2021:07:28:57 -0800] "GET /favicon.ico HTTP/1.1" 200 368 "-" "Mozilla/5.0 (Windows NT 10.0; WOW64) AppleWebKit/537.36 (KHTML, like Gecko) Chrome/78.0.3904.108 Safari/537.36" 
183.198.48.82 - - [04/Mar/2021:07:28:57 -0800] "GET /favicon.ico HTTP/1.1" 200 368 "-" "Mozilla/5.0 (Windows NT 10.0; WOW64) AppleWebKit/537.36 (KHTML, like Gecko) Chrome/78.0.3904.108 Safari/537.36" 
114.119.129.244 - - [04/Mar/2021:07:29:28 -0800] "GET /self.logs/error.log.2018-02-24.gz HTTP/1.1" 200 3560 "-" "Mozilla/5.0 (Linux; Android 7.0;) AppleWebKit/537.36 (KHTML, like Gecko) Mobile Safari/537.36 (compatible; PetalBot;+https://aspiegel.com/petalbot)" 
114.119.159.40 - - [04/Mar/2021:07:34:28 -0800] "GET /self.logs/error.log.2019-09-06.gz HTTP/1.1" 200 2345 "-" "Mozilla/5.0 (Linux; Android 7.0;) AppleWebKit/537.36 (KHTML, like Gecko) Mobile Safari/537.36 (compatible; PetalBot;+https://aspiegel.com/petalbot)" 
212.121.132.230 - - [04/Mar/2021:07:39:14 -0800] "GET / HTTP/1.1" 200 12882 "-" "Mozilla/5.0 (Windows NT 10.0; Win64; x64; rv:85.0)" 
114.119.159.101 - - [04/Mar/2021:07:44:28 -0800] "GET /self.logs/error.log.2020-01-12.gz HTTP/1.1" 200 870 "-" "Mozilla/5.0 (Linux; Android 7.0;) AppleWebKit/537.36 (KHTML, like Gecko) Mobile Safari/537.36 (compatible; PetalBot;+https://aspiegel.com/petalbot)" 
114.119.159.101 - - [04/Mar/2021:07:49:29 -0800] "GET /self.logs/access.log.2018-02-09.gz HTTP/1.1" 200 21014 "-" "Mozilla/5.0 (Linux; Android 7.0;) AppleWebKit/537.36 (KHTML, like Gecko) Mobile Safari/537.36 (compatible; PetalBot;+https://aspiegel.com/petalbot)" 
114.119.155.228 - - [04/Mar/2021:07:56:30 -0800] "GET /self.logs/error.log.2018-07-24.gz HTTP/1.1" 200 7660 "-" "Mozilla/5.0 (Linux; Android 7.0;) AppleWebKit/537.36 (KHTML, like Gecko) Mobile Safari/537.36 (compatible; PetalBot;+https://aspiegel.com/petalbot)" 
114.119.159.40 - - [04/Mar/2021:07:59:29 -0800] "GET /self.logs/access.log.2019-08-22.gz HTTP/1.1" 200 19815 "-" "Mozilla/5.0 (Linux; Android 7.0;) AppleWebKit/537.36 (KHTML, like Gecko) Mobile Safari/537.36 (compatible; PetalBot;+https://aspiegel.com/petalbot)" 
114.119.159.40 - - [04/Mar/2021:08:04:29 -0800] "GET /self.logs/access.log.2020-07-12.gz HTTP/1.1" 200 12366 "-" "Mozilla/5.0 (Linux; Android 7.0;) AppleWebKit/537.36 (KHTML, like Gecko) Mobile Safari/537.36 (compatible; PetalBot;+https://aspiegel.com/petalbot)" 
13.66.139.60 - - [04/Mar/2021:08:07:57 -0800] "GET /self.logs/?C=M;O=A HTTP/1.1" 200 29117 "-" "Mozilla/5.0 (compatible; bingbot/2.0; +http://www.bing.com/bingbot.htm)" 
17.58.96.135 - - [04/Mar/2021:08:08:59 -0800] "GET /self.logs/error.log.2020-03-27 HTTP/1.1" 200 307 "-" "Mozilla/5.0 (Macintosh; Intel Mac OS X 10_15_5) AppleWebKit/605.1.15 (KHTML, like Gecko) Version/13.1.1 Safari/605.1.15 (Applebot/0.1; +http://www.apple.com/go/applebot)" 
114.119.140.84 - - [04/Mar/2021:08:09:29 -0800] "GET /self.logs/access.log.2019-05-22.gz HTTP/1.1" 200 46185 "-" "Mozilla/5.0 (Linux; Android 7.0;) AppleWebKit/537.36 (KHTML, like Gecko) Mobile Safari/537.36 (compatible; PetalBot;+https://aspiegel.com/petalbot)" 
106.222.23.46 - - [04/Mar/2021:08:10:24 -0800] "GET /Security-Data-Analysis/Lab_1/conn.log.zip HTTP/1.1" 200 73808 "-" "Mozilla/5.0 (Windows NT 10.0; Win64; x64) AppleWebKit/537.36 (KHTML, like Gecko) Chrome/88.0.4324.190 Safari/537.36" 
106.222.23.46 - - [04/Mar/2021:08:10:39 -0800] "GET /Security-Data-Analysis/Lab_1/conn.log.zip HTTP/1.1" 206 447 "-" "Mozilla/5.0 (Windows NT 10.0; Win64; x64) AppleWebKit/537.36 (KHTML, like Gecko) Chrome/88.0.4324.190 Safari/537.36" 
106.222.23.46 - - [04/Mar/2021:08:10:39 -0800] "GET /Security-Data-Analysis/Lab_1/conn.log.zip HTTP/1.1" 206 5040435 "-" "Mozilla/5.0 (Windows NT 10.0; Win64; x64) AppleWebKit/537.36 (KHTML, like Gecko) Chrome/88.0.4324.190 Safari/537.36" 
114.119.130.95 - - [04/Mar/2021:08:14:29 -0800] "GET /self.logs/access.log.2020-03-23.gz HTTP/1.1" 200 19089 "-" "Mozilla/5.0 (Linux; Android 7.0;) AppleWebKit/537.36 (KHTML, like Gecko) Mobile Safari/537.36 (compatible; PetalBot;+https://aspiegel.com/petalbot)" 
114.119.130.95 - - [04/Mar/2021:08:19:29 -0800] "GET /self.logs/access.log.2017-10-27.gz HTTP/1.1" 200 26183 "-" "Mozilla/5.0 (Linux; Android 7.0;) AppleWebKit/537.36 (KHTML, like Gecko) Mobile Safari/537.36 (compatible; PetalBot;+https://aspiegel.com/petalbot)" 
17.58.96.135 - - [04/Mar/2021:08:20:18 -0800] "GET /self.logs/error.log.2020-03-04 HTTP/1.1" 200 307 "-" "Mozilla/5.0 (Macintosh; Intel Mac OS X 10_15_5) AppleWebKit/605.1.15 (KHTML, like Gecko) Version/13.1.1 Safari/605.1.15 (Applebot/0.1; +http://www.apple.com/go/applebot)" 
114.119.129.244 - - [04/Mar/2021:08:24:29 -0800] "GET /self.logs/access.log.2018-02-15.gz HTTP/1.1" 200 27669 "-" "Mozilla/5.0 (Linux; Android 7.0;) AppleWebKit/537.36 (KHTML, like Gecko) Mobile Safari/537.36 (compatible; PetalBot;+https://aspiegel.com/petalbot)" 
114.119.130.95 - - [04/Mar/2021:08:29:29 -0800] "GET /self.logs/access.log.2019-03-28.gz HTTP/1.1" 200 47713 "-" "Mozilla/5.0 (Linux; Android 7.0;) AppleWebKit/537.36 (KHTML, like Gecko) Mobile Safari/537.36 (compatible; PetalBot;+https://aspiegel.com/petalbot)" 
51.75.77.193 - - [04/Mar/2021:08:31:55 -0800] "GET / HTTP/1.1" 301 475 "-" "Mozilla/5.0 (X11; Linux x86_64; rv:38.0) Gecko/20100101 Firefox/38.0 Iceweasel/38.3.0" 
51.75.77.193 - - [04/Mar/2021:08:31:55 -0800] "GET / HTTP/1.1" 200 12882 "-" "Mozilla/5.0 (X11; Linux x86_64; rv:38.0) Gecko/20100101 Firefox/38.0 Iceweasel/38.3.0" 
114.119.141.53 - - [04/Mar/2021:08:34:30 -0800] "GET /self.logs/error.log.2018-02-13.gz HTTP/1.1" 200 4508 "-" "Mozilla/5.0 (Linux; Android 7.0;) AppleWebKit/537.36 (KHTML, like Gecko) Mobile Safari/537.36 (compatible; PetalBot;+https://aspiegel.com/petalbot)" 
114.119.159.40 - - [04/Mar/2021:08:39:30 -0800] "GET /self.logs/error.log.2018-08-29.gz HTTP/1.1" 200 9444 "-" "Mozilla/5.0 (Linux; Android 7.0;) AppleWebKit/537.36 (KHTML, like Gecko) Mobile Safari/537.36 (compatible; PetalBot;+https://aspiegel.com/petalbot)" 
47.29.98.166 - - [04/Mar/2021:08:39:37 -0800] "GET / HTTP/1.1" 200 12882 "-" "Mozilla/5.0 (Windows NT 10.0; Win64; x64; rv:87.0) Gecko/20100101 Firefox/87.0" 
47.29.98.166 - - [04/Mar/2021:08:39:37 -0800] "GET /css/style.css HTTP/1.1" 404 328 "http://www.secrepo.com/" "Mozilla/5.0 (Windows NT 10.0; Win64; x64; rv:87.0) Gecko/20100101 Firefox/87.0" 
47.29.98.166 - - [04/Mar/2021:08:39:38 -0800] "GET /twitter-icon.png HTTP/1.1" 200 27916 "http://www.secrepo.com/" "Mozilla/5.0 (Windows NT 10.0; Win64; x64; rv:87.0) Gecko/20100101 Firefox/87.0" 
47.29.98.166 - - [04/Mar/2021:08:39:38 -0800] "GET /GitHub-Mark.png HTTP/1.1" 200 7533 "http://www.secrepo.com/" "Mozilla/5.0 (Windows NT 10.0; Win64; x64; rv:87.0) Gecko/20100101 Firefox/87.0" 
47.29.98.166 - - [04/Mar/2021:08:39:38 -0800] "GET /bootstrap/img/favicon.ico HTTP/1.1" 200 690 "http://www.secrepo.com/" "Mozilla/5.0 (Windows NT 10.0; Win64; x64; rv:87.0) Gecko/20100101 Firefox/87.0" 
114.119.129.244 - - [04/Mar/2021:08:44:35 -0800] "GET /self.logs/access.log.2018-12-05.gz HTTP/1.1" 200 22068 "-" "Mozilla/5.0 (Linux; Android 7.0;) AppleWebKit/537.36 (KHTML, like Gecko) Mobile Safari/537.36 (compatible; PetalBot;+https://aspiegel.com/petalbot)" 
114.119.141.53 - - [04/Mar/2021:08:51:09 -0800] "GET /self.logs/access.log.2017-06-21.gz HTTP/1.1" 200 25207 "-" "Mozilla/5.0 (Linux; Android 7.0;) AppleWebKit/537.36 (KHTML, like Gecko) Mobile Safari/537.36 (compatible; PetalBot;+https://aspiegel.com/petalbot)" 
114.119.144.30 - - [04/Mar/2021:08:54:31 -0800] "GET /self.logs/access.log.2020-11-23.gz HTTP/1.1" 200 16938 "-" "Mozilla/5.0 (Linux; Android 7.0;) AppleWebKit/537.36 (KHTML, like Gecko) Mobile Safari/537.36 (compatible; PetalBot;+https://aspiegel.com/petalbot)" 
114.119.157.43 - - [04/Mar/2021:08:59:32 -0800] "GET /self.logs/access.log.2017-09-12.gz HTTP/1.1" 200 21518 "-" "Mozilla/5.0 (Linux; Android 7.0;) AppleWebKit/537.36 (KHTML, like Gecko) Mobile Safari/537.36 (compatible; PetalBot;+https://aspiegel.com/petalbot)" 
54.36.149.65 - - [04/Mar/2021:09:00:44 -0800] "GET / HTTP/1.1" 301 419 "-" "Mozilla/5.0 (compatible; AhrefsBot/7.0; +http://ahrefs.com/robot/)" 
114.119.155.228 - - [04/Mar/2021:09:09:32 -0800] "GET /self.logs/error.log.2017-01-03.gz HTTP/1.1" 200 4516 "-" "Mozilla/5.0 (Linux; Android 7.0;) AppleWebKit/537.36 (KHTML, like Gecko) Mobile Safari/537.36 (compatible; PetalBot;+https://aspiegel.com/petalbot)" 
77.75.78.166 - - [04/Mar/2021:09:13:02 -0800] "GET /robots.txt HTTP/1.1" 200 377 "-" "Mozilla/5.0 (compatible; SeznamBot/3.2; +http://napoveda.seznam.cz/en/seznambot-intro/)" 
77.75.78.166 - - [04/Mar/2021:09:13:02 -0800] "GET /tg/b.zip HTTP/1.1" 200 42298252 "-" "Mozilla/5.0 (compatible; SeznamBot/3.2; +http://napoveda.seznam.cz/en/seznambot-intro/)" 
114.119.159.40 - - [04/Mar/2021:09:18:24 -0800] "GET /self.logs/access.log.2018-01-19.gz HTTP/1.1" 200 23999 "-" "Mozilla/5.0 (Linux; Android 7.0;) AppleWebKit/537.36 (KHTML, like Gecko) Mobile Safari/537.36 (compatible; PetalBot;+https://aspiegel.com/petalbot)" 
197.27.69.72 - - [04/Mar/2021:09:23:05 -0800] "GET / HTTP/1.1" 200 12882 "-" "Mozilla/5.0 (Macintosh; Intel Mac OS X 10_15_7) AppleWebKit/605.1.15 (KHTML, like Gecko) Version/14.0.2 Safari/605.1.15" 
197.27.69.72 - - [04/Mar/2021:09:23:05 -0800] "GET /twitter-icon.png HTTP/1.1" 200 27893 "http://www.secrepo.com/" "Mozilla/5.0 (Macintosh; Intel Mac OS X 10_15_7) AppleWebKit/605.1.15 (KHTML, like Gecko) Version/14.0.2 Safari/605.1.15" 
197.27.69.72 - - [04/Mar/2021:09:23:06 -0800] "GET /css/style.css HTTP/1.1" 404 328 "http://www.secrepo.com/" "Mozilla/5.0 (Macintosh; Intel Mac OS X 10_15_7) AppleWebKit/605.1.15 (KHTML, like Gecko) Version/14.0.2 Safari/605.1.15" 
197.27.69.72 - - [04/Mar/2021:09:23:06 -0800] "GET /GitHub-Mark.png HTTP/1.1" 200 7556 "http://www.secrepo.com/" "Mozilla/5.0 (Macintosh; Intel Mac OS X 10_15_7) AppleWebKit/605.1.15 (KHTML, like Gecko) Version/14.0.2 Safari/605.1.15" 
197.27.69.72 - - [04/Mar/2021:09:23:07 -0800] "GET /bootstrap/img/favicon.ico HTTP/1.1" 200 713 "http://www.secrepo.com/" "Mozilla/5.0 (Macintosh; Intel Mac OS X 10_15_7) AppleWebKit/605.1.15 (KHTML, like Gecko) Version/14.0.2 Safari/605.1.15" 
114.119.144.30 - - [04/Mar/2021:09:23:38 -0800] "GET /self.logs/error.log.2017-05-15.gz HTTP/1.1" 200 1574 "-" "Mozilla/5.0 (Linux; Android 7.0;) AppleWebKit/537.36 (KHTML, like Gecko) Mobile Safari/537.36 (compatible; PetalBot;+https://aspiegel.com/petalbot)" 
66.249.80.10 - - [04/Mar/2021:09:23:51 -0800] "GET / HTTP/1.1" 301 475 "-" "Mozilla/5.0 (X11; Linux x86_64) AppleWebKit/537.36 (KHTML, like Gecko) Chrome/49.0.2623.75 Safari/537.36 Google Favicon" 
66.249.80.223 - - [04/Mar/2021:09:23:51 -0800] "GET / HTTP/1.1" 200 12882 "-" "Mozilla/5.0 (X11; Linux x86_64) AppleWebKit/537.36 (KHTML, like Gecko) Chrome/49.0.2623.75 Safari/537.36 Google Favicon" 
66.249.80.223 - - [04/Mar/2021:09:23:52 -0800] "GET /bootstrap/img/favicon.ico HTTP/1.1" 200 690 "-" "Mozilla/5.0 (X11; Linux x86_64) AppleWebKit/537.36 (KHTML, like Gecko) Chrome/49.0.2623.75 Safari/537.36 Google Favicon" 
114.119.140.84 - - [04/Mar/2021:09:28:51 -0800] "GET /self.logs/error.log.2018-03-25.gz HTTP/1.1" 200 3999 "-" "Mozilla/5.0 (Linux; Android 7.0;) AppleWebKit/537.36 (KHTML, like Gecko) Mobile Safari/537.36 (compatible; PetalBot;+https://aspiegel.com/petalbot)" 
114.119.130.95 - - [04/Mar/2021:09:34:05 -0800] "GET /self.logs/access.log.2017-03-26.gz HTTP/1.1" 200 14291 "-" "Mozilla/5.0 (Linux; Android 7.0;) AppleWebKit/537.36 (KHTML, like Gecko) Mobile Safari/537.36 (compatible; PetalBot;+https://aspiegel.com/petalbot)" 
54.36.148.8 - - [04/Mar/2021:09:39:00 -0800] "GET /self.logs/error.log.2020-10-28 HTTP/1.1" 200 307 "-" "Mozilla/5.0 (compatible; AhrefsBot/7.0; +http://ahrefs.com/robot/)" 
114.119.140.84 - - [04/Mar/2021:09:39:23 -0800] "GET /self.logs/error.log.2018-04-07.gz HTTP/1.1" 200 4984 "-" "Mozilla/5.0 (Linux; Android 7.0;) AppleWebKit/537.36 (KHTML, like Gecko) Mobile Safari/537.36 (compatible; PetalBot;+https://aspiegel.com/petalbot)" 
66.220.149.119 - - [04/Mar/2021:09:43:06 -0800] "GET /twitter-icon.png HTTP/1.1" 200 27916 "-" "facebookexternalhit/1.1 (+http://www.facebook.com/externalhit_uatext.php)" 
114.119.140.84 - - [04/Mar/2021:09:45:16 -0800] "GET /self.logs/2015/access.log.2015-09-19.gz HTTP/1.1" 200 5581 "-" "Mozilla/5.0 (Linux; Android 7.0;) AppleWebKit/537.36 (KHTML, like Gecko) Mobile Safari/537.36 (compatible; PetalBot;+https://aspiegel.com/petalbot)" 
114.119.157.43 - - [04/Mar/2021:09:49:50 -0800] "GET /self.logs/2015/access.log.2015-06-14.gz HTTP/1.1" 200 4444 "-" "Mozilla/5.0 (Linux; Android 7.0;) AppleWebKit/537.36 (KHTML, like Gecko) Mobile Safari/537.36 (compatible; PetalBot;+https://aspiegel.com/petalbot)" 
114.119.150.248 - - [04/Mar/2021:09:55:03 -0800] "GET /self.logs/2015/access.log.2015-08-30.gz HTTP/1.1" 200 4508 "-" "Mozilla/5.0 (Linux; Android 7.0;) AppleWebKit/537.36 (KHTML, like Gecko) Mobile Safari/537.36 (compatible; PetalBot;+https://aspiegel.com/petalbot)" 
185.191.171.4 - - [04/Mar/2021:09:55:06 -0800] "GET /robots.txt HTTP/1.1" 200 340 "-" "Mozilla/5.0 (compatible; SemrushBot/7~bl; +http://www.semrush.com/bot.html)" 
185.191.171.10 - - [04/Mar/2021:09:55:07 -0800] "GET /self.logs/error.log.2020-01-20 HTTP/1.1" 200 314 "-" "Mozilla/5.0 (compatible; SemrushBot/7~bl; +http://www.semrush.com/bot.html)" 
31.210.177.175 - - [04/Mar/2021:10:00:08 -0800] "GET /maccdc2012/http.log.gz HTTP/1.1" 200 78400 "-" "Mozilla/5.0 (Windows NT 10.0; Win64; x64) AppleWebKit/537.36 (KHTML, like Gecko) Chrome/88.0.4324.190 Safari/537.36" 
114.119.157.43 - - [04/Mar/2021:10:00:13 -0800] "GET /self.logs/2015/access.log.2015-05-26.gz HTTP/1.1" 200 4487 "-" "Mozilla/5.0 (Linux; Android 7.0;) AppleWebKit/537.36 (KHTML, like Gecko) Mobile Safari/537.36 (compatible; PetalBot;+https://aspiegel.com/petalbot)" 
31.210.177.175 - - [04/Mar/2021:10:00:16 -0800] "GET /maccdc2012/http.log.gz HTTP/1.1" 206 462 "-" "Mozilla/5.0 (Windows NT 10.0; Win64; x64) AppleWebKit/537.36 (KHTML, like Gecko) Chrome/88.0.4324.190 Safari/537.36" 
31.210.177.175 - - [04/Mar/2021:10:00:21 -0800] "GET /maccdc2012 HTTP/1.1" 301 565 "-" "Mozilla/5.0 (Windows NT 10.0; Win64; x64) AppleWebKit/537.36 (KHTML, like Gecko) Chrome/88.0.4324.190 Safari/537.36" 
31.210.177.175 - - [04/Mar/2021:10:00:21 -0800] "GET /maccdc2012/ HTTP/1.1" 200 840 "-" "Mozilla/5.0 (Windows NT 10.0; Win64; x64) AppleWebKit/537.36 (KHTML, like Gecko) Chrome/88.0.4324.190 Safari/537.36" 
31.210.177.175 - - [04/Mar/2021:10:00:21 -0800] "GET /favicon.ico HTTP/1.1" 200 368 "http://www.secrepo.com/maccdc2012/" "Mozilla/5.0 (Windows NT 10.0; Win64; x64) AppleWebKit/537.36 (KHTML, like Gecko) Chrome/88.0.4324.190 Safari/537.36" 
31.210.177.175 - - [04/Mar/2021:10:00:57 -0800] "GET /maccdc2012/http.log.gz HTTP/1.1" 206 466 "http://www.secrepo.com/maccdc2012/" "Mozilla/5.0 (Windows NT 10.0; Win64; x64) AppleWebKit/537.36 (KHTML, like Gecko) Chrome/88.0.4324.190 Safari/537.36" 
31.210.177.175 - - [04/Mar/2021:10:00:41 -0800] "GET /maccdc2012/http.log.gz HTTP/1.1" 200 2830800 "http://www.secrepo.com/maccdc2012/" "Mozilla/5.0 (Windows NT 10.0; Win64; x64) AppleWebKit/537.36 (KHTML, like Gecko) Chrome/88.0.4324.190 Safari/537.36" 
31.210.177.175 - - [04/Mar/2021:10:00:57 -0800] "GET /maccdc2012/http.log.gz HTTP/1.1" 206 511000 "http://www.secrepo.com/maccdc2012/" "Mozilla/5.0 (Windows NT 10.0; Win64; x64) AppleWebKit/537.36 (KHTML, like Gecko) Chrome/88.0.4324.190 Safari/537.36" 
31.210.177.175 - - [04/Mar/2021:10:01:05 -0800] "GET /maccdc2012/http.log.gz HTTP/1.1" 206 466 "-" "Mozilla/5.0 (Windows NT 10.0; Win64; x64) AppleWebKit/537.36 (KHTML, like Gecko) Chrome/88.0.4324.190 Safari/537.36" 
31.210.177.175 - - [04/Mar/2021:10:01:05 -0800] "GET /maccdc2012/http.log.gz HTTP/1.1" 206 78400 "-" "Mozilla/5.0 (Windows NT 10.0; Win64; x64) AppleWebKit/537.36 (KHTML, like Gecko) Chrome/88.0.4324.190 Safari/537.36" 
31.210.177.175 - - [04/Mar/2021:10:01:10 -0800] "GET /maccdc2012/http.log.gz HTTP/1.1" 206 466 "-" "Mozilla/5.0 (Windows NT 10.0; Win64; x64) AppleWebKit/537.36 (KHTML, like Gecko) Chrome/88.0.4324.190 Safari/537.36" 
31.210.177.175 - - [04/Mar/2021:10:01:10 -0800] "GET /maccdc2012/http.log.gz HTTP/1.1" 206 78400 "-" "Mozilla/5.0 (Windows NT 10.0; Win64; x64) AppleWebKit/537.36 (KHTML, like Gecko) Chrome/88.0.4324.190 Safari/537.36" 
31.210.177.175 - - [04/Mar/2021:10:01:12 -0800] "GET /maccdc2012/http.log.gz HTTP/1.1" 206 466 "-" "Mozilla/5.0 (Windows NT 10.0; Win64; x64) AppleWebKit/537.36 (KHTML, like Gecko) Chrome/88.0.4324.190 Safari/537.36" 
31.210.177.175 - - [04/Mar/2021:10:01:13 -0800] "GET /maccdc2012/http.log.gz HTTP/1.1" 206 443 "-" "Mozilla/5.0 (Windows NT 10.0; Win64; x64) AppleWebKit/537.36 (KHTML, like Gecko) Chrome/88.0.4324.190 Safari/537.36" 
31.210.177.175 - - [04/Mar/2021:10:01:14 -0800] "GET /maccdc2012/http.log.gz HTTP/1.1" 206 443 "-" "Mozilla/5.0 (Windows NT 10.0; Win64; x64) AppleWebKit/537.36 (KHTML, like Gecko) Chrome/88.0.4324.190 Safari/537.36" 
31.210.177.175 - - [04/Mar/2021:10:01:14 -0800] "GET /maccdc2012/http.log.gz HTTP/1.1" 206 3688450 "-" "Mozilla/5.0 (Windows NT 10.0; Win64; x64) AppleWebKit/537.36 (KHTML, like Gecko) Chrome/88.0.4324.190 Safari/537.36" 
31.210.177.175 - - [04/Mar/2021:10:01:25 -0800] "GET /maccdc2012/http.log.gz HTTP/1.1" 206 466 "-" "Mozilla/5.0 (Windows NT 10.0; Win64; x64) AppleWebKit/537.36 (KHTML, like Gecko) Chrome/88.0.4324.190 Safari/537.36" 
31.210.177.175 - - [04/Mar/2021:10:01:25 -0800] "GET /maccdc2012/http.log.gz HTTP/1.1" 206 504000 "-" "Mozilla/5.0 (Windows NT 10.0; Win64; x64) AppleWebKit/537.36 (KHTML, like Gecko) Chrome/88.0.4324.190 Safari/537.36" 
31.210.177.175 - - [04/Mar/2021:10:01:29 -0800] "GET /maccdc2012/http.log.gz HTTP/1.1" 206 466 "-" "Mozilla/5.0 (Windows NT 10.0; Win64; x64) AppleWebKit/537.36 (KHTML, like Gecko) Chrome/88.0.4324.190 Safari/537.36" 
31.210.177.175 - - [04/Mar/2021:10:01:31 -0800] "GET /maccdc2012/http.log.gz HTTP/1.1" 206 443 "-" "Mozilla/5.0 (Windows NT 10.0; Win64; x64) AppleWebKit/537.36 (KHTML, like Gecko) Chrome/88.0.4324.190 Safari/537.36" 
31.210.177.175 - - [04/Mar/2021:10:01:31 -0800] "GET /maccdc2012/http.log.gz HTTP/1.1" 206 1720450 "-" "Mozilla/5.0 (Windows NT 10.0; Win64; x64) AppleWebKit/537.36 (KHTML, like Gecko) Chrome/88.0.4324.190 Safari/537.36" 
31.210.177.175 - - [04/Mar/2021:10:03:26 -0800] "GET /maccdc2012/http.log.gz HTTP/1.1" 206 466 "-" "Mozilla/5.0 (Windows NT 10.0; Win64; x64) AppleWebKit/537.36 (KHTML, like Gecko) Chrome/88.0.4324.190 Safari/537.36" 
31.210.177.175 - - [04/Mar/2021:10:04:17 -0800] "GET /maccdc2012/http.log.gz HTTP/1.1" 206 466 "-" "Mozilla/5.0 (Windows NT 10.0; Win64; x64) AppleWebKit/537.36 (KHTML, like Gecko) Chrome/88.0.4324.190 Safari/537.36" 
13.66.139.60 - - [04/Mar/2021:10:05:19 -0800] "GET /Datasets%20Description/Network/tunnel.html HTTP/1.1" 200 1470 "-" "Mozilla/5.0 (compatible; bingbot/2.0; +http://www.bing.com/bingbot.htm)" 
114.119.157.43 - - [04/Mar/2021:10:05:36 -0800] "GET /self.logs/2015/access.log.2015-04-11.gz HTTP/1.1" 200 5591 "-" "Mozilla/5.0 (Linux; Android 7.0;) AppleWebKit/537.36 (KHTML, like Gecko) Mobile Safari/537.36 (compatible; PetalBot;+https://aspiegel.com/petalbot)" 
31.210.177.175 - - [04/Mar/2021:10:08:10 -0800] "GET /maccdc2012/http.log.gz HTTP/1.1" 206 466 "-" "Mozilla/5.0 (Windows NT 10.0; Win64; x64) AppleWebKit/537.36 (KHTML, like Gecko) Chrome/88.0.4324.190 Safari/537.36" 
31.210.177.175 - - [04/Mar/2021:10:08:11 -0800] "GET /maccdc2012/http.log.gz HTTP/1.1" 206 443 "-" "Mozilla/5.0 (Windows NT 10.0; Win64; x64) AppleWebKit/537.36 (KHTML, like Gecko) Chrome/88.0.4324.190 Safari/537.36" 
31.210.177.175 - - [04/Mar/2021:10:08:12 -0800] "GET /maccdc2012/http.log.gz HTTP/1.1" 206 443 "-" "Mozilla/5.0 (Windows NT 10.0; Win64; x64) AppleWebKit/537.36 (KHTML, like Gecko) Chrome/88.0.4324.190 Safari/537.36" 
31.210.177.175 - - [04/Mar/2021:10:09:51 -0800] "GET /maccdc2012/http.log.gz HTTP/1.1" 206 466 "-" "Mozilla/5.0 (Windows NT 10.0; Win64; x64) AppleWebKit/537.36 (KHTML, like Gecko) Chrome/88.0.4324.190 Safari/537.36" 
31.210.177.175 - - [04/Mar/2021:10:09:52 -0800] "GET /maccdc2012/http.log.gz HTTP/1.1" 206 443 "-" "Mozilla/5.0 (Windows NT 10.0; Win64; x64) AppleWebKit/537.36 (KHTML, like Gecko) Chrome/88.0.4324.190 Safari/537.36" 
31.210.177.175 - - [04/Mar/2021:10:10:29 -0800] "GET /maccdc2012/http.log.gz HTTP/1.1" 206 466 "-" "Mozilla/5.0 (Windows NT 10.0; Win64; x64) AppleWebKit/537.36 (KHTML, like Gecko) Chrome/88.0.4324.190 Safari/537.36" 
31.210.177.175 - - [04/Mar/2021:10:10:30 -0800] "GET /maccdc2012/http.log.gz HTTP/1.1" 206 443 "-" "Mozilla/5.0 (Windows NT 10.0; Win64; x64) AppleWebKit/537.36 (KHTML, like Gecko) Chrome/88.0.4324.190 Safari/537.36" 
31.210.177.175 - - [04/Mar/2021:10:10:41 -0800] "GET /maccdc2012/http.log.gz/ HTTP/1.1" 404 328 "-" "Mozilla/5.0 (Windows NT 10.0; Win64; x64) AppleWebKit/537.36 (KHTML, like Gecko) Chrome/88.0.4324.190 Safari/537.36" 
31.210.177.175 - - [04/Mar/2021:10:10:43 -0800] "GET /maccdc2012/http.log.gz/ HTTP/1.1" 404 305 "-" "Mozilla/5.0 (Windows NT 10.0; Win64; x64) AppleWebKit/537.36 (KHTML, like Gecko) Chrome/88.0.4324.190 Safari/537.36" 
31.210.177.175 - - [04/Mar/2021:10:10:43 -0800] "GET /maccdc2012/http.log.gz/ HTTP/1.1" 404 305 "-" "Mozilla/5.0 (Windows NT 10.0; Win64; x64) AppleWebKit/537.36 (KHTML, like Gecko) Chrome/88.0.4324.190 Safari/537.36" 
114.119.130.95 - - [04/Mar/2021:10:10:45 -0800] "GET /self.logs/2015/error.log.2015-03-23.gz HTTP/1.1" 200 1506 "-" "Mozilla/5.0 (Linux; Android 7.0;) AppleWebKit/537.36 (KHTML, like Gecko) Mobile Safari/537.36 (compatible; PetalBot;+https://aspiegel.com/petalbot)" 
108.174.5.113 - - [04/Mar/2021:10:15:03 -0800] "GET /GitHub-Mark.png HTTP/1.1" 200 7556 "-" "LinkedInBot/1.0 (compatible; Mozilla/5.0; Apache-HttpClient +http://www.linkedin.com)" 
108.174.5.113 - - [04/Mar/2021:10:15:03 -0800] "GET /twitter-icon.png HTTP/1.1" 200 27916 "-" "LinkedInBot/1.0 (compatible; Mozilla/5.0; Apache-HttpClient +http://www.linkedin.com)" 
17.58.96.135 - - [04/Mar/2021:10:15:53 -0800] "GET /maccdc2012/maccdc2012_fast_alert.7z HTTP/1.1" 200 9478216 "-" "Mozilla/5.0 (Macintosh; Intel Mac OS X 10_15_5) AppleWebKit/605.1.15 (KHTML, like Gecko) Version/13.1.1 Safari/605.1.15 (Applebot/0.1; +http://www.apple.com/go/applebot)" 
114.119.141.53 - - [04/Mar/2021:10:16:00 -0800] "GET /self.logs/2015/error.log.2015-09-21.gz HTTP/1.1" 200 990 "-" "Mozilla/5.0 (Linux; Android 7.0;) AppleWebKit/537.36 (KHTML, like Gecko) Mobile Safari/537.36 (compatible; PetalBot;+https://aspiegel.com/petalbot)" 
205.250.156.85 - - [04/Mar/2021:10:16:08 -0800] "GET / HTTP/1.1" 200 12882 "-" "Mozilla/5.0 (Windows NT 10.0; Win64; x64) AppleWebKit/537.36 (KHTML, like Gecko) Chrome/88.0.4324.190 Safari/537.36" 
205.250.156.85 - - [04/Mar/2021:10:16:08 -0800] "GET /css/style.css HTTP/1.1" 404 305 "http://www.secrepo.com/" "Mozilla/5.0 (Windows NT 10.0; Win64; x64) AppleWebKit/537.36 (KHTML, like Gecko) Chrome/88.0.4324.190 Safari/537.36" 
205.250.156.85 - - [04/Mar/2021:10:16:08 -0800] "GET /twitter-icon.png HTTP/1.1" 200 27893 "http://www.secrepo.com/" "Mozilla/5.0 (Windows NT 10.0; Win64; x64) AppleWebKit/537.36 (KHTML, like Gecko) Chrome/88.0.4324.190 Safari/537.36" 
205.250.156.85 - - [04/Mar/2021:10:16:08 -0800] "GET /GitHub-Mark.png HTTP/1.1" 200 7556 "http://www.secrepo.com/" "Mozilla/5.0 (Windows NT 10.0; Win64; x64) AppleWebKit/537.36 (KHTML, like Gecko) Chrome/88.0.4324.190 Safari/537.36" 
205.250.156.85 - - [04/Mar/2021:10:16:09 -0800] "GET /bootstrap/img/favicon.ico HTTP/1.1" 200 690 "http://www.secrepo.com/" "Mozilla/5.0 (Windows NT 10.0; Win64; x64) AppleWebKit/537.36 (KHTML, like Gecko) Chrome/88.0.4324.190 Safari/537.36" 
17.58.96.135 - - [04/Mar/2021:10:18:48 -0800] "GET /self.logs/error.log.2020-04-22 HTTP/1.1" 200 307 "-" "Mozilla/5.0 (Macintosh; Intel Mac OS X 10_15_5) AppleWebKit/605.1.15 (KHTML, like Gecko) Version/13.1.1 Safari/605.1.15 (Applebot/0.1; +http://www.apple.com/go/applebot)" 
114.119.159.40 - - [04/Mar/2021:10:21:18 -0800] "GET /self.logs/2015/error.log.2015-02-02.gz HTTP/1.1" 200 740 "-" "Mozilla/5.0 (Linux; Android 7.0;) AppleWebKit/537.36 (KHTML, like Gecko) Mobile Safari/537.36 (compatible; PetalBot;+https://aspiegel.com/petalbot)" 
40.77.167.66 - - [04/Mar/2021:10:25:57 -0800] "GET /self.logs/error.log.2017-09-19.gz HTTP/1.1" 301 541 "-" "Mozilla/5.0 (compatible; bingbot/2.0; +http://www.bing.com/bingbot.htm)" 
114.119.141.53 - - [04/Mar/2021:10:26:34 -0800] "GET /self.logs/2015/error.log.2015-11-18.gz HTTP/1.1" 200 1067 "-" "Mozilla/5.0 (Linux; Android 7.0;) AppleWebKit/537.36 (KHTML, like Gecko) Mobile Safari/537.36 (compatible; PetalBot;+https://aspiegel.com/petalbot)" 
114.119.144.30 - - [04/Mar/2021:10:32:14 -0800] "GET /self.logs/2015/error.log.2015-11-10.gz HTTP/1.1" 200 691 "-" "Mozilla/5.0 (Linux; Android 7.0;) AppleWebKit/537.36 (KHTML, like Gecko) Mobile Safari/537.36 (compatible; PetalBot;+https://aspiegel.com/petalbot)" 
98.35.15.219 - - [04/Mar/2021:10:32:18 -0800] "GET / HTTP/1.1" 200 12881 "-" "Mozilla/5.0 (Macintosh; Intel Mac OS X 10_15_7) AppleWebKit/605.1.15 (KHTML, like Gecko)" 
98.35.15.219 - - [04/Mar/2021:10:32:19 -0800] "GET /apple-touch-icon-precomposed.png HTTP/1.1" 404 328 "-" "Safari/15610.4.3.1.6 CFNetwork/1128.0.2 Darwin/19.6.0 (x86_64)" 
98.35.15.219 - - [04/Mar/2021:10:32:19 -0800] "GET /apple-touch-icon.png HTTP/1.1" 404 305 "-" "Safari/15610.4.3.1.6 CFNetwork/1128.0.2 Darwin/19.6.0 (x86_64)" 
98.35.15.219 - - [04/Mar/2021:10:32:19 -0800] "GET /bootstrap/img/favicon.ico HTTP/1.1" 200 690 "-" "Safari/15610.4.3.1.6 CFNetwork/1128.0.2 Darwin/19.6.0 (x86_64)" 
98.35.15.219 - - [04/Mar/2021:10:32:19 -0800] "GET / HTTP/1.1" 200 12858 "-" "Mozilla/5.0 (iPhone; CPU iPhone OS 13_1_3 like Mac OS X) AppleWebKit/605.1.15 (KHTML, like Gecko) Version/13.0.1 Mobile/15E148 Safari/604.1" 
98.35.15.219 - - [04/Mar/2021:10:32:19 -0800] "GET /apple-touch-icon-precomposed.png HTTP/1.1" 404 305 "-" "Safari/15610.4.3.1.6 CFNetwork/1128.0.2 Darwin/19.6.0 (x86_64)" 
98.35.15.219 - - [04/Mar/2021:10:32:19 -0800] "GET /apple-touch-icon.png HTTP/1.1" 404 305 "-" "Safari/15610.4.3.1.6 CFNetwork/1128.0.2 Darwin/19.6.0 (x86_64)" 
114.119.144.30 - - [04/Mar/2021:10:37:09 -0800] "GET /self.logs/2015/error.log.2015-02-07.gz HTTP/1.1" 200 760 "-" "Mozilla/5.0 (Linux; Android 7.0;) AppleWebKit/537.36 (KHTML, like Gecko) Mobile Safari/537.36 (compatible; PetalBot;+https://aspiegel.com/petalbot)" 
77.75.76.163 - - [04/Mar/2021:10:41:27 -0800] "GET /robots.txt HTTP/1.1" 200 377 "-" "Mozilla/5.0 (compatible; SeznamBot/3.2; +http://napoveda.seznam.cz/en/seznambot-intro/)" 
77.75.76.163 - - [04/Mar/2021:10:41:28 -0800] "GET /self.logs/error.log.2017-04-18.gz HTTP/1.1" 200 1031 "-" "Mozilla/5.0 (compatible; SeznamBot/3.2; +http://napoveda.seznam.cz/en/seznambot-intro/)" 
114.119.157.43 - - [04/Mar/2021:10:42:27 -0800] "GET /self.logs/2015/access.log.2015-09-30.gz HTTP/1.1" 200 5139 "-" "Mozilla/5.0 (Linux; Android 7.0;) AppleWebKit/537.36 (KHTML, like Gecko) Mobile Safari/537.36 (compatible; PetalBot;+https://aspiegel.com/petalbot)" 
157.55.39.55 - - [04/Mar/2021:10:45:26 -0800] "GET /self.logs/2016/access.log.2016-09-15.gz HTTP/1.1" 200 8463 "-" "Mozilla/5.0 (compatible; bingbot/2.0; +http://www.bing.com/bingbot.htm)" 
13.66.139.60 - - [04/Mar/2021:10:47:13 -0800] "GET / HTTP/1.1" 200 12882 "-" "Mozilla/5.0 (compatible; bingbot/2.0; +http://www.bing.com/bingbot.htm)" 
114.119.140.84 - - [04/Mar/2021:10:47:48 -0800] "GET /self.logs/2015/error.log.2015-10-01.gz HTTP/1.1" 200 857 "-" "Mozilla/5.0 (Linux; Android 7.0;) AppleWebKit/537.36 (KHTML, like Gecko) Mobile Safari/537.36 (compatible; PetalBot;+https://aspiegel.com/petalbot)" 
34.104.0.93 - - [04/Mar/2021:10:47:56 -0800] "GET / HTTP/1.1" 200 12882 "-" "Mozilla/5.0 (Windows NT 10.0; Win64; x64) AppleWebKit/537.36 (KHTML, like Gecko) Chrome/88.0.4324.182 Safari/537.36 Edg/88.0.705.74" 
34.104.0.93 - - [04/Mar/2021:10:47:57 -0800] "GET /css/style.css HTTP/1.1" 404 328 "http://www.secrepo.com/" "Mozilla/5.0 (Windows NT 10.0; Win64; x64) AppleWebKit/537.36 (KHTML, like Gecko) Chrome/88.0.4324.182 Safari/537.36 Edg/88.0.705.74" 
34.104.0.93 - - [04/Mar/2021:10:47:57 -0800] "GET /GitHub-Mark.png HTTP/1.1" 200 7533 "http://www.secrepo.com/" "Mozilla/5.0 (Windows NT 10.0; Win64; x64) AppleWebKit/537.36 (KHTML, like Gecko) Chrome/88.0.4324.182 Safari/537.36 Edg/88.0.705.74" 
34.104.0.93 - - [04/Mar/2021:10:47:57 -0800] "GET /twitter-icon.png HTTP/1.1" 200 27893 "http://www.secrepo.com/" "Mozilla/5.0 (Windows NT 10.0; Win64; x64) AppleWebKit/537.36 (KHTML, like Gecko) Chrome/88.0.4324.182 Safari/537.36 Edg/88.0.705.74" 
34.104.0.93 - - [04/Mar/2021:10:47:58 -0800] "GET /bootstrap/img/favicon.ico HTTP/1.1" 200 690 "http://www.secrepo.com/" "Mozilla/5.0 (Windows NT 10.0; Win64; x64) AppleWebKit/537.36 (KHTML, like Gecko) Chrome/88.0.4324.182 Safari/537.36 Edg/88.0.705.74" 
122.175.123.11 - - [04/Mar/2021:10:50:02 -0800] "GET / HTTP/1.1" 200 12882 "-" "Mozilla/5.0 (Windows NT 10.0; Win64; x64) AppleWebKit/537.36 (KHTML, like Gecko) Chrome/89.0.4389.72 Safari/537.36" 
122.175.123.11 - - [04/Mar/2021:10:50:02 -0800] "GET /css/style.css HTTP/1.1" 404 305 "http://www.secrepo.com/" "Mozilla/5.0 (Windows NT 10.0; Win64; x64) AppleWebKit/537.36 (KHTML, like Gecko) Chrome/89.0.4389.72 Safari/537.36" 
122.175.123.11 - - [04/Mar/2021:10:50:03 -0800] "GET /twitter-icon.png HTTP/1.1" 200 27893 "http://www.secrepo.com/" "Mozilla/5.0 (Windows NT 10.0; Win64; x64) AppleWebKit/537.36 (KHTML, like Gecko) Chrome/89.0.4389.72 Safari/537.36" 
122.175.123.11 - - [04/Mar/2021:10:50:03 -0800] "GET /GitHub-Mark.png HTTP/1.1" 200 7556 "http://www.secrepo.com/" "Mozilla/5.0 (Windows NT 10.0; Win64; x64) AppleWebKit/537.36 (KHTML, like Gecko) Chrome/89.0.4389.72 Safari/537.36" 
122.175.123.11 - - [04/Mar/2021:10:50:04 -0800] "GET /bootstrap/img/favicon.ico HTTP/1.1" 200 690 "http://www.secrepo.com/" "Mozilla/5.0 (Windows NT 10.0; Win64; x64) AppleWebKit/537.36 (KHTML, like Gecko) Chrome/89.0.4389.72 Safari/537.36" 
122.175.123.11 - - [04/Mar/2021:10:51:12 -0800] "GET /self.logs/ HTTP/1.1" 200 28007 "http://www.secrepo.com/" "Mozilla/5.0 (Windows NT 10.0; Win64; x64) AppleWebKit/537.36 (KHTML, like Gecko) Chrome/89.0.4389.72 Safari/537.36" 
122.175.123.11 - - [04/Mar/2021:10:51:16 -0800] "GET /auth.log/auth.log.gz HTTP/1.1" 200 615679 "http://www.secrepo.com/" "Mozilla/5.0 (Windows NT 10.0; Win64; x64) AppleWebKit/537.36 (KHTML, like Gecko) Chrome/89.0.4389.72 Safari/537.36" 
122.175.123.11 - - [04/Mar/2021:10:51:18 -0800] "GET /favicon.ico HTTP/1.1" 200 368 "http://www.secrepo.com/self.logs/" "Mozilla/5.0 (Windows NT 10.0; Win64; x64) AppleWebKit/537.36 (KHTML, like Gecko) Chrome/89.0.4389.72 Safari/537.36" 
122.175.123.11 - - [04/Mar/2021:10:51:32 -0800] "GET /self.logs/access.log.2017-01-03.gz HTTP/1.1" 200 41164 "http://www.secrepo.com/self.logs/" "Mozilla/5.0 (Windows NT 10.0; Win64; x64) AppleWebKit/537.36 (KHTML, like Gecko) Chrome/89.0.4389.72 Safari/537.36" 
114.119.150.248 - - [04/Mar/2021:10:53:04 -0800] "GET /self.logs/2015/access.log.2015-12-19.gz HTTP/1.1" 200 6479 "-" "Mozilla/5.0 (Linux; Android 7.0;) AppleWebKit/537.36 (KHTML, like Gecko) Mobile Safari/537.36 (compatible; PetalBot;+https://aspiegel.com/petalbot)" 
114.119.144.30 - - [04/Mar/2021:10:58:22 -0800] "GET /self.logs/2015/access.log.2015-05-15.gz HTTP/1.1" 200 4990 "-" "Mozilla/5.0 (Linux; Android 7.0;) AppleWebKit/537.36 (KHTML, like Gecko) Mobile Safari/537.36 (compatible; PetalBot;+https://aspiegel.com/petalbot)" 
54.36.148.21 - - [04/Mar/2021:11:02:53 -0800] "GET /self.logs/error.log.2019-02-02.gz HTTP/1.1" 200 2871 "-" "Mozilla/5.0 (compatible; AhrefsBot/7.0; +http://ahrefs.com/robot/)" 
114.119.159.101 - - [04/Mar/2021:11:03:40 -0800] "GET /self.logs/access.log.2017-05-31.gz HTTP/1.1" 200 18752 "-" "Mozilla/5.0 (Linux; Android 7.0;) AppleWebKit/537.36 (KHTML, like Gecko) Mobile Safari/537.36 (compatible; PetalBot;+https://aspiegel.com/petalbot)" 
17.58.96.135 - - [04/Mar/2021:11:04:05 -0800] "GET /Datasets%20Description/Network/notice.html HTTP/1.1" 200 1606 "-" "Mozilla/5.0 (Macintosh; Intel Mac OS X 10_15_5) AppleWebKit/605.1.15 (KHTML, like Gecko) Version/13.1.1 Safari/605.1.15 (Applebot/0.1; +http://www.apple.com/go/applebot)" 
114.119.157.43 - - [04/Mar/2021:11:09:00 -0800] "GET /self.logs/error.log.2017-03-25.gz HTTP/1.1" 200 1046 "-" "Mozilla/5.0 (Linux; Android 7.0;) AppleWebKit/537.36 (KHTML, like Gecko) Mobile Safari/537.36 (compatible; PetalBot;+https://aspiegel.com/petalbot)" 
95.163.255.190 - - [04/Mar/2021:11:09:37 -0800] "GET /robots.txt HTTP/1.0" 200 340 "-" "Mozilla/5.0 (compatible; Linux x86_64; Mail.RU_Bot/2.0; +http://go.mail.ru/help/robots)" 
95.163.255.155 - - [04/Mar/2021:11:09:38 -0800] "GET /Datasets%20Description/HTML_Bro_log_1/packet_filter.html HTTP/1.1" 200 1688 "-" "Mozilla/5.0 (compatible; Linux x86_64; Mail.RU_Bot/2.0; +http://go.mail.ru/help/robots)" 
77.75.78.163 - - [04/Mar/2021:11:11:23 -0800] "GET /robots.txt HTTP/1.1" 200 377 "-" "Mozilla/5.0 (compatible; SeznamBot/3.2; +http://napoveda.seznam.cz/en/seznambot-intro/)" 
77.75.78.163 - - [04/Mar/2021:11:11:24 -0800] "GET /Datasets%20Description/Network/weird.html HTTP/1.1" 304 266 "-" "Mozilla/5.0 (compatible; SeznamBot/3.2; +http://napoveda.seznam.cz/en/seznambot-intro/)" 
77.75.78.163 - - [04/Mar/2021:11:11:24 -0800] "GET /honeypot/honeypot.json.zip HTTP/1.1" 200 23086064 "-" "Mozilla/5.0 (compatible; SeznamBot/3.2; +http://napoveda.seznam.cz/en/seznambot-intro/)" 
219.74.209.158 - - [04/Mar/2021:11:13:37 -0800] "GET /auth.log/auth.log.gz HTTP/1.1" 200 615679 "-" "Mozilla/5.0 (Windows NT 10.0; Win64; x64) AppleWebKit/537.36 (KHTML, like Gecko) Chrome/88.0.4324.190 Safari/537.36" 
95.163.255.194 - - [04/Mar/2021:11:13:56 -0800] "GET /maccdc2012/ HTTP/1.1" 200 826 "-" "Mozilla/5.0 (compatible; Linux x86_64; Mail.RU_Bot/2.0; +http://go.mail.ru/help/robots)" 
114.119.157.43 - - [04/Mar/2021:11:14:16 -0800] "GET /self.logs/error.log.2019-10-28.gz HTTP/1.1" 200 1225 "-" "Mozilla/5.0 (Linux; Android 7.0;) AppleWebKit/537.36 (KHTML, like Gecko) Mobile Safari/537.36 (compatible; PetalBot;+https://aspiegel.com/petalbot)" 
54.36.148.1 - - [04/Mar/2021:11:14:56 -0800] "GET /self.logs/access.log.2021-02-08.gz HTTP/1.1" 200 24724 "-" "Mozilla/5.0 (compatible; AhrefsBot/7.0; +http://ahrefs.com/robot/)" 
114.119.155.228 - - [04/Mar/2021:11:19:33 -0800] "GET /self.logs/access.log.2017-11-04.gz HTTP/1.1" 200 21023 "-" "Mozilla/5.0 (Linux; Android 7.0;) AppleWebKit/537.36 (KHTML, like Gecko) Mobile Safari/537.36 (compatible; PetalBot;+https://aspiegel.com/petalbot)" 
219.74.209.158 - - [04/Mar/2021:11:20:50 -0800] "GET / HTTP/1.1" 301 475 "-" "Mozilla/5.0 (Windows NT 10.0; Win64; x64) AppleWebKit/537.36 (KHTML, like Gecko) Chrome/88.0.4324.190 Safari/537.36" 
219.74.209.158 - - [04/Mar/2021:11:20:51 -0800] "GET / HTTP/1.1" 200 12882 "-" "Mozilla/5.0 (Windows NT 10.0; Win64; x64) AppleWebKit/537.36 (KHTML, like Gecko) Chrome/88.0.4324.190 Safari/537.36" 
219.74.209.158 - - [04/Mar/2021:11:20:51 -0800] "GET /css/style.css HTTP/1.1" 404 305 "http://www.secrepo.com/" "Mozilla/5.0 (Windows NT 10.0; Win64; x64) AppleWebKit/537.36 (KHTML, like Gecko) Chrome/88.0.4324.190 Safari/537.36" 
219.74.209.158 - - [04/Mar/2021:11:20:51 -0800] "GET /twitter-icon.png HTTP/1.1" 200 27916 "http://www.secrepo.com/" "Mozilla/5.0 (Windows NT 10.0; Win64; x64) AppleWebKit/537.36 (KHTML, like Gecko) Chrome/88.0.4324.190 Safari/537.36" 
219.74.209.158 - - [04/Mar/2021:11:20:51 -0800] "GET /GitHub-Mark.png HTTP/1.1" 200 7533 "http://www.secrepo.com/" "Mozilla/5.0 (Windows NT 10.0; Win64; x64) AppleWebKit/537.36 (KHTML, like Gecko) Chrome/88.0.4324.190 Safari/537.36" 
219.74.209.158 - - [04/Mar/2021:11:22:02 -0800] "GET /css/style.css HTTP/1.1" 404 328 "http://www.secrepo.com/" "Mozilla/5.0 (Windows NT 10.0; Win64; x64) AppleWebKit/537.36 (KHTML, like Gecko) Chrome/88.0.4324.190 Safari/537.36" 
219.74.209.158 - - [04/Mar/2021:11:22:04 -0800] "GET /css/style.css HTTP/1.1" 404 328 "http://www.secrepo.com/" "Mozilla/5.0 (Windows NT 10.0; Win64; x64) AppleWebKit/537.36 (KHTML, like Gecko) Chrome/88.0.4324.190 Safari/537.36" 
219.74.209.158 - - [04/Mar/2021:11:22:08 -0800] "GET /css/style.css HTTP/1.1" 404 328 "http://www.secrepo.com/" "Mozilla/5.0 (Windows NT 10.0; Win64; x64) AppleWebKit/537.36 (KHTML, like Gecko) Chrome/88.0.4324.190 Safari/537.36" 
17.58.96.135 - - [04/Mar/2021:11:22:44 -0800] "GET /self.logs/error.log.2020-03-01 HTTP/1.1" 200 307 "-" "Mozilla/5.0 (Macintosh; Intel Mac OS X 10_15_5) AppleWebKit/605.1.15 (KHTML, like Gecko) Version/13.1.1 Safari/605.1.15 (Applebot/0.1; +http://www.apple.com/go/applebot)" 
114.119.129.244 - - [04/Mar/2021:11:24:49 -0800] "GET /self.logs/access.log.2020-10-11.gz HTTP/1.1" 200 15737 "-" "Mozilla/5.0 (Linux; Android 7.0;) AppleWebKit/537.36 (KHTML, like Gecko) Mobile Safari/537.36 (compatible; PetalBot;+https://aspiegel.com/petalbot)" 
103.131.71.133 - - [04/Mar/2021:11:25:53 -0800] "GET /robots.txt HTTP/1.1" 301 458 "-" "Mozilla/5.0 (compatible; coccocbot-web/1.0; +http://help.coccoc.com/searchengine)" 
103.131.71.133 - - [04/Mar/2021:11:25:55 -0800] "GET /robots.txt HTTP/1.1" 200 340 "-" "Mozilla/5.0 (compatible; coccocbot-web/1.0; +http://help.coccoc.com/searchengine)" 
103.131.71.131 - - [04/Mar/2021:11:25:57 -0800] "GET / HTTP/1.1" 301 438 "-" "Mozilla/5.0 (compatible; coccocbot-web/1.0; +http://help.coccoc.com/searchengine)" 
103.131.71.139 - - [04/Mar/2021:11:25:59 -0800] "GET /robots.txt HTTP/1.1" 200 340 "-" "Mozilla/5.0 (compatible; coccocbot-web/1.0; +http://help.coccoc.com/searchengine)" 
103.131.71.140 - - [04/Mar/2021:11:26:01 -0800] "GET / HTTP/1.1" 200 12845 "-" "Mozilla/5.0 (compatible; coccocbot-web/1.0; +http://help.coccoc.com/searchengine)" 
103.131.71.130 - - [04/Mar/2021:11:26:04 -0800] "GET / HTTP/1.1" 200 12845 "-" "Mozilla/5.0 (compatible; coccocbot-web/1.0; +http://help.coccoc.com/searchengine)" 
114.119.142.112 - - [04/Mar/2021:11:30:04 -0800] "GET /robots.txt HTTP/1.1" 200 377 "-" "(compatible;PetalBot;+https://aspiegel.com/petalbot)" 
34.203.223.110 - - [04/Mar/2021:11:31:39 -0800] "GET / HTTP/1.1" 301 475 "-" "python-requests/2.18.1" 
34.203.223.110 - - [04/Mar/2021:11:31:39 -0800] "GET / HTTP/1.1" 200 12881 "-" "python-requests/2.18.1" 
34.203.223.110 - - [04/Mar/2021:11:31:39 -0800] "GET / HTTP/1.1" 200 12881 "-" "python-requests/2.18.1" 
34.203.223.110 - - [04/Mar/2021:11:31:39 -0800] "GET / HTTP/1.1" 200 12881 "-" "python-requests/2.18.1" 
54.70.40.11 - - [04/Mar/2021:11:34:02 -0800] "GET /robots.txt HTTP/1.1" 200 333 "-" "Mozilla/5.0 (compatible) SemanticScholarBot (+https://www.semanticscholar.org/crawler)" 
54.70.40.11 - - [04/Mar/2021:11:34:16 -0800] "GET /robots.txt HTTP/1.1" 200 333 "-" "Mozilla/5.0 (compatible) SemanticScholarBot (+https://www.semanticscholar.org/crawler)" 
54.70.40.11 - - [04/Mar/2021:11:34:26 -0800] "GET / HTTP/1.1" 200 12837 "-" "Mozilla/5.0 (compatible) SemanticScholarBot (+https://www.semanticscholar.org/crawler)" 
95.163.255.165 - - [04/Mar/2021:11:35:02 -0800] "GET /robots.txt HTTP/1.0" 200 340 "-" "Mozilla/5.0 (compatible; Linux x86_64; Mail.RU_Bot/2.0; +http://go.mail.ru/help/robots)" 
95.163.255.166 - - [04/Mar/2021:11:35:03 -0800] "GET / HTTP/1.1" 200 12844 "-" "Mozilla/5.0 (compatible; Linux x86_64; Mail.RU_Bot/2.0; +http://go.mail.ru/help/robots)" 
114.119.144.30 - - [04/Mar/2021:11:35:29 -0800] "GET /self.logs/access.log.2017-07-06.gz HTTP/1.1" 200 42149 "-" "Mozilla/5.0 (Linux; Android 7.0;) AppleWebKit/537.36 (KHTML, like Gecko) Mobile Safari/537.36 (compatible; PetalBot;+https://aspiegel.com/petalbot)" 
54.36.148.21 - - [04/Mar/2021:11:39:47 -0800] "GET /Datasets%20Description/HTML_Bro_log_2/ftp.html HTTP/1.1" 200 1694 "-" "Mozilla/5.0 (compatible; AhrefsBot/7.0; +http://ahrefs.com/robot/)" 
114.119.150.248 - - [04/Mar/2021:11:40:47 -0800] "GET /self.logs/error.log.2019-01-20.gz HTTP/1.1" 200 5457 "-" "Mozilla/5.0 (Linux; Android 7.0;) AppleWebKit/537.36 (KHTML, like Gecko) Mobile Safari/537.36 (compatible; PetalBot;+https://aspiegel.com/petalbot)" 
114.119.144.30 - - [04/Mar/2021:11:46:05 -0800] "GET /self.logs/access.log.2017-05-12.gz HTTP/1.1" 200 56945 "-" "Mozilla/5.0 (Linux; Android 7.0;) AppleWebKit/537.36 (KHTML, like Gecko) Mobile Safari/537.36 (compatible; PetalBot;+https://aspiegel.com/petalbot)" 
157.90.172.68 - - [04/Mar/2021:11:49:16 -0800] "GET / HTTP/1.1" 301 475 "http://secrepo.com" "Mozilla/5.0 (Windows NT 10.0; Win64; x64) AppleWebKit/537.36 (KHTML, like Gecko) Chrome/80.0.3987.132 Safari/537.36" 
157.90.172.68 - - [04/Mar/2021:11:49:16 -0800] "GET / HTTP/1.1" 200 48064 "http://secrepo.com" "Mozilla/5.0 (Windows NT 10.0; Win64; x64) AppleWebKit/537.36 (KHTML, like Gecko) Chrome/80.0.3987.132 Safari/537.36" 
114.119.159.40 - - [04/Mar/2021:11:51:23 -0800] "GET /self.logs/error.log.2017-07-01.gz HTTP/1.1" 200 908 "-" "Mozilla/5.0 (Linux; Android 7.0;) AppleWebKit/537.36 (KHTML, like Gecko) Mobile Safari/537.36 (compatible; PetalBot;+https://aspiegel.com/petalbot)" 
66.249.79.252 - - [04/Mar/2021:11:54:16 -0800] "GET / HTTP/1.1" 200 12882 "-" "Mozilla/5.0 (compatible; Googlebot/2.1; +http://www.google.com/bot.html)" 
66.249.79.248 - - [04/Mar/2021:11:54:19 -0800] "GET /css/style.css HTTP/1.1" 404 328 "http://www.secrepo.com/" "Mozilla/5.0 AppleWebKit/537.36 (KHTML, like Gecko; compatible; Googlebot/2.1; +http://www.google.com/bot.html) Chrome/88.0.4324.202 Safari/537.36" 
114.119.159.101 - - [04/Mar/2021:11:56:42 -0800] "GET /self.logs/access.log.2017-02-26.gz HTTP/1.1" 200 39741 "-" "Mozilla/5.0 (Linux; Android 7.0;) AppleWebKit/537.36 (KHTML, like Gecko) Mobile Safari/537.36 (compatible; PetalBot;+https://aspiegel.com/petalbot)" 
13.66.139.1 - - [04/Mar/2021:11:59:20 -0800] "GET /robots.txt HTTP/1.1" 200 377 "-" "Mozilla/5.0 (compatible; bingbot/2.0; +http://www.bing.com/bingbot.htm)" 
13.66.139.0 - - [04/Mar/2021:11:59:25 -0800] "GET /Datasets%20Description/HTML_Bro_log_3/dns.html HTTP/1.1" 200 1830 "-" "Mozilla/5.0 (compatible; bingbot/2.0; +http://www.bing.com/bingbot.htm)" 
114.119.141.53 - - [04/Mar/2021:12:02:01 -0800] "GET /self.logs/error.log.2018-05-21.gz HTTP/1.1" 200 5257 "-" "Mozilla/5.0 (Linux; Android 7.0;) AppleWebKit/537.36 (KHTML, like Gecko) Mobile Safari/537.36 (compatible; PetalBot;+https://aspiegel.com/petalbot)" 
114.119.155.228 - - [04/Mar/2021:12:07:20 -0800] "GET /self.logs/access.log.2017-03-20.gz HTTP/1.1" 200 16118 "-" "Mozilla/5.0 (Linux; Android 7.0;) AppleWebKit/537.36 (KHTML, like Gecko) Mobile Safari/537.36 (compatible; PetalBot;+https://aspiegel.com/petalbot)" 
114.119.129.244 - - [04/Mar/2021:12:12:39 -0800] "GET /self.logs/access.log.2017-08-08.gz HTTP/1.1" 200 24074 "-" "Mozilla/5.0 (Linux; Android 7.0;) AppleWebKit/537.36 (KHTML, like Gecko) Mobile Safari/537.36 (compatible; PetalBot;+https://aspiegel.com/petalbot)" 
77.75.79.54 - - [04/Mar/2021:12:15:37 -0800] "GET /robots.txt HTTP/1.1" 200 377 "-" "Mozilla/5.0 (compatible; SeznamBot/3.2; +http://napoveda.seznam.cz/en/seznambot-intro/)" 
77.75.79.54 - - [04/Mar/2021:12:15:37 -0800] "GET /self.logs/error.log.2018-03-30.gz HTTP/1.1" 200 4384 "-" "Mozilla/5.0 (compatible; SeznamBot/3.2; +http://napoveda.seznam.cz/en/seznambot-intro/)" 
114.119.130.95 - - [04/Mar/2021:12:17:58 -0800] "GET /self.logs/access.log.2017-06-24.gz HTTP/1.1" 200 33054 "-" "Mozilla/5.0 (Linux; Android 7.0;) AppleWebKit/537.36 (KHTML, like Gecko) Mobile Safari/537.36 (compatible; PetalBot;+https://aspiegel.com/petalbot)" 
54.36.148.21 - - [04/Mar/2021:12:18:25 -0800] "GET /self.logs/error.log.2021-02-08.gz HTTP/1.1" 200 1051 "-" "Mozilla/5.0 (compatible; AhrefsBot/7.0; +http://ahrefs.com/robot/)" 
114.119.140.84 - - [04/Mar/2021:12:23:18 -0800] "GET /self.logs/access.log.2017-08-30.gz HTTP/1.1" 200 29641 "-" "Mozilla/5.0 (Linux; Android 7.0;) AppleWebKit/537.36 (KHTML, like Gecko) Mobile Safari/537.36 (compatible; PetalBot;+https://aspiegel.com/petalbot)" 
114.119.129.244 - - [04/Mar/2021:12:28:37 -0800] "GET /self.logs/access.log.2017-02-14.gz HTTP/1.1" 200 53742 "-" "Mozilla/5.0 (Linux; Android 7.0;) AppleWebKit/537.36 (KHTML, like Gecko) Mobile Safari/537.36 (compatible; PetalBot;+https://aspiegel.com/petalbot)" 
114.119.159.40 - - [04/Mar/2021:12:33:56 -0800] "GET /self.logs/error.log.2018-06-15.gz HTTP/1.1" 200 9969 "-" "Mozilla/5.0 (Linux; Android 7.0;) AppleWebKit/537.36 (KHTML, like Gecko) Mobile Safari/537.36 (compatible; PetalBot;+https://aspiegel.com/petalbot)" 
114.119.150.248 - - [04/Mar/2021:12:39:15 -0800] "GET /self.logs/2015/error.log.2015-07-30.gz HTTP/1.1" 200 888 "-" "Mozilla/5.0 (Linux; Android 7.0;) AppleWebKit/537.36 (KHTML, like Gecko) Mobile Safari/537.36 (compatible; PetalBot;+https://aspiegel.com/petalbot)" 
114.119.141.53 - - [04/Mar/2021:12:44:35 -0800] "GET /self.logs/2015/error.log.2015-10-17.gz HTTP/1.1" 200 894 "-" "Mozilla/5.0 (Linux; Android 7.0;) AppleWebKit/537.36 (KHTML, like Gecko) Mobile Safari/537.36 (compatible; PetalBot;+https://aspiegel.com/petalbot)" 
54.36.148.90 - - [04/Mar/2021:12:45:17 -0800] "GET /Datasets%20Description/HTML_Bro_log_2 HTTP/1.1" 301 563 "-" "Mozilla/5.0 (compatible; AhrefsBot/7.0; +http://ahrefs.com/robot/)" 
114.119.159.101 - - [04/Mar/2021:12:49:55 -0800] "GET /self.logs/error.log.2020-01-05.gz HTTP/1.1" 200 970 "-" "Mozilla/5.0 (Linux; Android 7.0;) AppleWebKit/537.36 (KHTML, like Gecko) Mobile Safari/537.36 (compatible; PetalBot;+https://aspiegel.com/petalbot)" 
54.36.148.71 - - [04/Mar/2021:12:51:58 -0800] "GET /self.logs/access.log.2017-02-02.gz HTTP/1.1" 200 24013 "-" "Mozilla/5.0 (compatible; AhrefsBot/7.0; +http://ahrefs.com/robot/)" 
114.119.141.53 - - [04/Mar/2021:12:55:13 -0800] "GET /self.logs/error.log.2018-08-08.gz HTTP/1.1" 200 7150 "-" "Mozilla/5.0 (Linux; Android 7.0;) AppleWebKit/537.36 (KHTML, like Gecko) Mobile Safari/537.36 (compatible; PetalBot;+https://aspiegel.com/petalbot)" 
54.36.148.21 - - [04/Mar/2021:12:55:21 -0800] "GET /Datasets%20Description/Network/smtp.html HTTP/1.1" 200 1593 "-" "Mozilla/5.0 (compatible; AhrefsBot/7.0; +http://ahrefs.com/robot/)" 
17.58.96.135 - - [04/Mar/2021:12:59:41 -0800] "GET /self.logs/error.log.2019-10-13 HTTP/1.1" 200 307 "-" "Mozilla/5.0 (Macintosh; Intel Mac OS X 10_15_5) AppleWebKit/605.1.15 (KHTML, like Gecko) Version/13.1.1 Safari/605.1.15 (Applebot/0.1; +http://www.apple.com/go/applebot)" 
114.119.141.53 - - [04/Mar/2021:13:00:33 -0800] "GET /self.logs/access.log.2017-09-25.gz HTTP/1.1" 200 31974 "-" "Mozilla/5.0 (Linux; Android 7.0;) AppleWebKit/537.36 (KHTML, like Gecko) Mobile Safari/537.36 (compatible; PetalBot;+https://aspiegel.com/petalbot)" 
114.119.155.228 - - [04/Mar/2021:13:05:51 -0800] "GET /self.logs/error.log.2020-01-16.gz HTTP/1.1" 200 935 "-" "Mozilla/5.0 (Linux; Android 7.0;) AppleWebKit/537.36 (KHTML, like Gecko) Mobile Safari/537.36 (compatible; PetalBot;+https://aspiegel.com/petalbot)" 
17.58.96.135 - - [04/Mar/2021:13:08:27 -0800] "GET /self.logs/error.log.2020-03-10 HTTP/1.1" 200 307 "-" "Mozilla/5.0 (Macintosh; Intel Mac OS X 10_15_5) AppleWebKit/605.1.15 (KHTML, like Gecko) Version/13.1.1 Safari/605.1.15 (Applebot/0.1; +http://www.apple.com/go/applebot)" 
77.75.79.32 - - [04/Mar/2021:13:10:21 -0800] "GET /robots.txt HTTP/1.1" 200 377 "-" "Mozilla/5.0 (compatible; SeznamBot/3.2; +http://napoveda.seznam.cz/en/seznambot-intro/)" 
77.75.79.32 - - [04/Mar/2021:13:10:21 -0800] "GET /self.logs/error.log.2017-10-02.gz HTTP/1.1" 200 2319 "-" "Mozilla/5.0 (compatible; SeznamBot/3.2; +http://napoveda.seznam.cz/en/seznambot-intro/)" 
114.119.130.95 - - [04/Mar/2021:13:11:10 -0800] "GET /self.logs/error.log.2019-10-28.gz HTTP/1.1" 200 1225 "-" "Mozilla/5.0 (Linux; Android 7.0;) AppleWebKit/537.36 (KHTML, like Gecko) Mobile Safari/537.36 (compatible; PetalBot;+https://aspiegel.com/petalbot)" 
54.36.149.65 - - [04/Mar/2021:13:15:13 -0800] "GET /Datasets%20Description/HTML_Bro_log_2/files.html HTTP/1.1" 200 1866 "-" "Mozilla/5.0 (compatible; AhrefsBot/7.0; +http://ahrefs.com/robot/)" 
114.119.141.53 - - [04/Mar/2021:13:16:29 -0800] "GET /self.logs/access.log.2019-12-25.gz HTTP/1.1" 200 11657 "-" "Mozilla/5.0 (Linux; Android 7.0;) AppleWebKit/537.36 (KHTML, like Gecko) Mobile Safari/537.36 (compatible; PetalBot;+https://aspiegel.com/petalbot)" 
17.58.96.135 - - [04/Mar/2021:13:20:36 -0800] "GET /self.logs/error.log.2020-03-20 HTTP/1.1" 200 307 "-" "Mozilla/5.0 (Macintosh; Intel Mac OS X 10_15_5) AppleWebKit/605.1.15 (KHTML, like Gecko) Version/13.1.1 Safari/605.1.15 (Applebot/0.1; +http://www.apple.com/go/applebot)" 
46.185.117.92 - - [04/Mar/2021:13:22:24 -0800] "GET / HTTP/1.1" 200 48020 "https://bestrating-casino.ru/" "Mozilla/4.0 (compatible; MSIE 6.0; Windows NT 5.1)" 
46.185.117.92 - - [04/Mar/2021:13:22:24 -0800] "GET / HTTP/1.1" 200 48020 "https://bestrating-casino.ru/" "Mozilla/4.0 (compatible; MSIE 6.0; Windows NT 5.1)" 
