40.77.167.97 - - [26/May/2021:21:59:40 -0700] "GET /self.logs/2016/access.log.2016-11-16.gz HTTP/1.1" 200 18229 "-" "Mozilla/5.0 (compatible; bingbot/2.0; +http://www.bing.com/bingbot.htm)" 
157.55.39.75 - - [26/May/2021:22:00:30 -0700] "GET /self.logs/access.log.2017-08-17.gz HTTP/1.1" 301 543 "-" "Mozilla/5.0 (compatible; bingbot/2.0; +http://www.bing.com/bingbot.htm)" 
157.55.39.17 - - [26/May/2021:22:00:46 -0700] "GET /self.logs/2016/error.log.2016-08-08.gz HTTP/1.1" 200 992 "-" "Mozilla/5.0 (compatible; bingbot/2.0; +http://www.bing.com/bingbot.htm)" 
54.36.148.17 - - [26/May/2021:22:02:20 -0700] "GET /self.logs/access.log.2017-07-07.gz HTTP/1.1" 200 20660 "-" "Mozilla/5.0 (compatible; AhrefsBot/7.0; +http://ahrefs.com/robot/)" 
49.7.20.108 - - [26/May/2021:22:03:27 -0700] "GET / HTTP/1.1" 200 12845 "-" "Sogou web spider/4.0(+http://www.sogou.com/docs/help/webmasters.htm#07)" 
40.77.167.97 - - [26/May/2021:22:03:33 -0700] "GET /self.logs/2016/access.log.2016-01-17.gz HTTP/1.1" 200 4452 "-" "Mozilla/5.0 (compatible; bingbot/2.0; +http://www.bing.com/bingbot.htm)" 
54.36.148.194 - - [26/May/2021:22:04:41 -0700] "GET /self.logs/error.log.2020-09-30 HTTP/1.1" 200 307 "-" "Mozilla/5.0 (compatible; AhrefsBot/7.0; +http://ahrefs.com/robot/)" 
54.36.148.17 - - [26/May/2021:22:06:53 -0700] "GET /self.logs/error.log.2017-01-07.gz HTTP/1.1" 200 866 "-" "Mozilla/5.0 (compatible; AhrefsBot/7.0; +http://ahrefs.com/robot/)" 
54.36.148.17 - - [26/May/2021:22:09:14 -0700] "GET /self.logs/error.log.2020-09-19 HTTP/1.1" 200 307 "-" "Mozilla/5.0 (compatible; AhrefsBot/7.0; +http://ahrefs.com/robot/)" 
40.77.167.35 - - [26/May/2021:22:09:25 -0700] "GET /self.logs/2016/error.log.2016-08-23.gz HTTP/1.1" 200 841 "-" "Mozilla/5.0 (compatible; bingbot/2.0; +http://www.bing.com/bingbot.htm)" 
54.36.148.17 - - [26/May/2021:22:11:26 -0700] "GET /self.logs/access.log.2019-12-13.gz HTTP/1.1" 200 14792 "-" "Mozilla/5.0 (compatible; AhrefsBot/7.0; +http://ahrefs.com/robot/)" 
54.36.148.17 - - [26/May/2021:22:13:37 -0700] "GET /self.logs/error.log.2020-06-14 HTTP/1.1" 200 307 "-" "Mozilla/5.0 (compatible; AhrefsBot/7.0; +http://ahrefs.com/robot/)" 
49.7.20.102 - - [26/May/2021:22:13:59 -0700] "GET / HTTP/1.1" 200 12845 "-" "Sogou web spider/4.0(+http://www.sogou.com/docs/help/webmasters.htm#07)" 
34.212.177.212 - - [26/May/2021:22:14:06 -0700] "HEAD / HTTP/1.1" 200 381 "-" "Opera/9.20 (Macintosh; Intel Mac OS X; U; en)" 
157.55.39.26 - - [26/May/2021:22:14:25 -0700] "GET /self.logs/access.log.2017-05-25.gz HTTP/1.1" 301 543 "-" "Mozilla/5.0 (compatible; bingbot/2.0; +http://www.bing.com/bingbot.htm)" 
54.36.148.17 - - [26/May/2021:22:15:56 -0700] "GET /self.logs/access.log.2017-03-11.gz HTTP/1.1" 200 14753 "-" "Mozilla/5.0 (compatible; AhrefsBot/7.0; +http://ahrefs.com/robot/)" 
54.36.148.24 - - [26/May/2021:22:17:02 -0700] "GET /self.logs/access.log.2017-12-06.gz HTTP/1.1" 200 32836 "-" "Mozilla/5.0 (compatible; AhrefsBot/7.0; +http://ahrefs.com/robot/)" 
54.36.149.61 - - [26/May/2021:22:18:08 -0700] "GET /self.logs/access.log.2018-04-29.gz HTTP/1.1" 200 33707 "-" "Mozilla/5.0 (compatible; AhrefsBot/7.0; +http://ahrefs.com/robot/)" 
54.36.149.61 - - [26/May/2021:22:19:11 -0700] "GET /self.logs/access.log.2021-02-11.gz HTTP/1.1" 200 20951 "-" "Mozilla/5.0 (compatible; AhrefsBot/7.0; +http://ahrefs.com/robot/)" 
40.77.167.97 - - [26/May/2021:22:19:15 -0700] "GET /self.logs/2016/error.log.2016-08-28.gz HTTP/1.1" 200 692 "-" "Mozilla/5.0 (compatible; bingbot/2.0; +http://www.bing.com/bingbot.htm)" 
54.36.148.108 - - [26/May/2021:22:20:14 -0700] "GET /self.logs/error.log.2020-02-13.gz HTTP/1.1" 200 835 "-" "Mozilla/5.0 (compatible; AhrefsBot/7.0; +http://ahrefs.com/robot/)" 
54.36.149.61 - - [26/May/2021:22:21:21 -0700] "GET /self.logs/error.log.2020-08-05.gz HTTP/1.1" 200 827 "-" "Mozilla/5.0 (compatible; AhrefsBot/7.0; +http://ahrefs.com/robot/)" 
54.36.149.61 - - [26/May/2021:22:22:27 -0700] "GET /self.logs/error.log.2019-03-03.gz HTTP/1.1" 200 4412 "-" "Mozilla/5.0 (compatible; AhrefsBot/7.0; +http://ahrefs.com/robot/)" 
54.36.149.61 - - [26/May/2021:22:23:40 -0700] "GET /self.logs/error.log.2019-12-15.gz HTTP/1.1" 200 832 "-" "Mozilla/5.0 (compatible; AhrefsBot/7.0; +http://ahrefs.com/robot/)" 
54.36.148.17 - - [26/May/2021:22:24:45 -0700] "GET /self.logs/error.log.2017-09-27.gz HTTP/1.1" 200 2072 "-" "Mozilla/5.0 (compatible; AhrefsBot/7.0; +http://ahrefs.com/robot/)" 
54.36.148.17 - - [26/May/2021:22:25:51 -0700] "GET /self.logs/error.log.2019-05-21.gz HTTP/1.1" 200 7625 "-" "Mozilla/5.0 (compatible; AhrefsBot/7.0; +http://ahrefs.com/robot/)" 
54.36.149.61 - - [26/May/2021:22:26:54 -0700] "GET /self.logs/error.log.2018-08-17.gz HTTP/1.1" 200 6053 "-" "Mozilla/5.0 (compatible; AhrefsBot/7.0; +http://ahrefs.com/robot/)" 
54.36.149.61 - - [26/May/2021:22:27:58 -0700] "GET /self.logs/access.log.2018-02-26.gz HTTP/1.1" 200 33155 "-" "Mozilla/5.0 (compatible; AhrefsBot/7.0; +http://ahrefs.com/robot/)" 
54.36.149.61 - - [26/May/2021:22:29:00 -0700] "GET /self.logs/error.log.2019-02-24.gz HTTP/1.1" 200 4649 "-" "Mozilla/5.0 (compatible; AhrefsBot/7.0; +http://ahrefs.com/robot/)" 
49.7.20.108 - - [26/May/2021:22:29:23 -0700] "GET / HTTP/1.1" 200 12844 "-" "Sogou web spider/4.0(+http://www.sogou.com/docs/help/webmasters.htm#07)" 
54.36.149.61 - - [26/May/2021:22:30:03 -0700] "GET /self.logs/access.log.2017-06-03.gz HTTP/1.1" 200 12883 "-" "Mozilla/5.0 (compatible; AhrefsBot/7.0; +http://ahrefs.com/robot/)" 
40.77.167.35 - - [26/May/2021:22:31:03 -0700] "GET /self.logs/2016/error.log.2016-09-16.gz HTTP/1.1" 200 1660 "-" "Mozilla/5.0 (compatible; bingbot/2.0; +http://www.bing.com/bingbot.htm)" 
54.36.149.61 - - [26/May/2021:22:31:08 -0700] "GET /self.logs/error.log.2020-01-15 HTTP/1.1" 200 4327 "-" "Mozilla/5.0 (compatible; AhrefsBot/7.0; +http://ahrefs.com/robot/)" 
54.36.148.17 - - [26/May/2021:22:32:11 -0700] "GET /self.logs/access.log.2020-05-01.gz HTTP/1.1" 200 68386 "-" "Mozilla/5.0 (compatible; AhrefsBot/7.0; +http://ahrefs.com/robot/)" 
54.36.148.17 - - [26/May/2021:22:33:14 -0700] "GET /self.logs/access.log.2018-11-15.gz HTTP/1.1" 200 46080 "-" "Mozilla/5.0 (compatible; AhrefsBot/7.0; +http://ahrefs.com/robot/)" 
54.36.148.221 - - [26/May/2021:22:34:15 -0700] "GET /self.logs/access.log.2020-07-21.gz HTTP/1.1" 200 15868 "-" "Mozilla/5.0 (compatible; AhrefsBot/7.0; +http://ahrefs.com/robot/)" 
54.36.148.170 - - [26/May/2021:22:35:22 -0700] "GET /self.logs/error.log.2020-09-25.gz HTTP/1.1" 200 1294 "-" "Mozilla/5.0 (compatible; AhrefsBot/7.0; +http://ahrefs.com/robot/)" 
54.36.148.17 - - [26/May/2021:22:36:25 -0700] "GET /self.logs/2016/access.log.2016-08-27.gz HTTP/1.1" 200 7134 "-" "Mozilla/5.0 (compatible; AhrefsBot/7.0; +http://ahrefs.com/robot/)" 
54.36.148.17 - - [26/May/2021:22:37:27 -0700] "GET /self.logs/error.log.2017-02-13.gz HTTP/1.1" 200 1088 "-" "Mozilla/5.0 (compatible; AhrefsBot/7.0; +http://ahrefs.com/robot/)" 
54.36.149.61 - - [26/May/2021:22:38:32 -0700] "GET /self.logs/error.log.2018-01-27.gz HTTP/1.1" 200 1141 "-" "Mozilla/5.0 (compatible; AhrefsBot/7.0; +http://ahrefs.com/robot/)" 
54.36.148.17 - - [26/May/2021:22:39:29 -0700] "GET /self.logs/error.log.2017-09-14.gz HTTP/1.1" 200 1927 "-" "Mozilla/5.0 (compatible; AhrefsBot/7.0; +http://ahrefs.com/robot/)" 
54.36.148.149 - - [26/May/2021:22:40:28 -0700] "GET /self.logs/access.log.2017-01-10.gz HTTP/1.1" 200 73000 "-" "Mozilla/5.0 (compatible; AhrefsBot/7.0; +http://ahrefs.com/robot/)" 
54.36.149.0 - - [26/May/2021:22:41:24 -0700] "GET /self.logs/access.log.2018-09-11.gz HTTP/1.1" 200 33889 "-" "Mozilla/5.0 (compatible; AhrefsBot/7.0; +http://ahrefs.com/robot/)" 
54.36.148.17 - - [26/May/2021:22:42:20 -0700] "GET /self.logs/access.log.2018-09-13.gz HTTP/1.1" 200 25872 "-" "Mozilla/5.0 (compatible; AhrefsBot/7.0; +http://ahrefs.com/robot/)" 
54.36.148.17 - - [26/May/2021:22:43:21 -0700] "GET /self.logs/error.log.2019-11-16.gz HTTP/1.1" 200 1328 "-" "Mozilla/5.0 (compatible; AhrefsBot/7.0; +http://ahrefs.com/robot/)" 
54.36.149.61 - - [26/May/2021:22:44:22 -0700] "GET /self.logs/access.log.2020-08-23.gz HTTP/1.1" 200 14847 "-" "Mozilla/5.0 (compatible; AhrefsBot/7.0; +http://ahrefs.com/robot/)" 
54.36.148.17 - - [26/May/2021:22:45:16 -0700] "GET /self.logs/error.log.2019-12-20.gz HTTP/1.1" 200 1087 "-" "Mozilla/5.0 (compatible; AhrefsBot/7.0; +http://ahrefs.com/robot/)" 
40.77.167.97 - - [26/May/2021:22:45:31 -0700] "GET /self.logs/error.log.2020-06-20 HTTP/1.1" 200 351 "-" "Mozilla/5.0 (compatible; bingbot/2.0; +http://www.bing.com/bingbot.htm)" 
54.36.149.49 - - [26/May/2021:22:46:17 -0700] "GET /self.logs/access.log.2018-08-10.gz HTTP/1.1" 200 22941 "-" "Mozilla/5.0 (compatible; AhrefsBot/7.0; +http://ahrefs.com/robot/)" 
54.36.148.242 - - [26/May/2021:22:47:14 -0700] "GET /self.logs/access.log.2019-09-03.gz HTTP/1.1" 200 19585 "-" "Mozilla/5.0 (compatible; AhrefsBot/7.0; +http://ahrefs.com/robot/)" 
54.36.149.72 - - [26/May/2021:22:48:15 -0700] "GET /self.logs/access.log.2017-01-13.gz HTTP/1.1" 200 16660 "-" "Mozilla/5.0 (compatible; AhrefsBot/7.0; +http://ahrefs.com/robot/)" 
54.166.50.90 - - [26/May/2021:22:48:31 -0700] "GET / HTTP/1.1" 200 12838 "-" "Mozilla/5.0 (compatible; startmebot/1.0; +https://start.me/bot)" 
54.36.148.170 - - [26/May/2021:22:49:15 -0700] "GET /self.logs/access.log.2017-06-25.gz HTTP/1.1" 200 16463 "-" "Mozilla/5.0 (compatible; AhrefsBot/7.0; +http://ahrefs.com/robot/)" 
54.36.148.17 - - [26/May/2021:22:50:15 -0700] "GET /self.logs/error.log.2019-04-03.gz HTTP/1.1" 200 8906 "-" "Mozilla/5.0 (compatible; AhrefsBot/7.0; +http://ahrefs.com/robot/)" 
54.36.148.17 - - [26/May/2021:22:51:15 -0700] "GET /self.logs/access.log.2019-07-04.gz HTTP/1.1" 200 26681 "-" "Mozilla/5.0 (compatible; AhrefsBot/7.0; +http://ahrefs.com/robot/)" 
54.36.148.17 - - [26/May/2021:22:52:15 -0700] "GET /self.logs/error.log.2018-06-12.gz HTTP/1.1" 200 8087 "-" "Mozilla/5.0 (compatible; AhrefsBot/7.0; +http://ahrefs.com/robot/)" 
40.77.167.38 - - [26/May/2021:22:53:13 -0700] "GET /self.logs/2016/access.log.2016-12-24.gz HTTP/1.1" 200 7757 "-" "Mozilla/5.0 (compatible; bingbot/2.0; +http://www.bing.com/bingbot.htm)" 
54.36.149.92 - - [26/May/2021:22:53:15 -0700] "GET /self.logs/error.log.2019-10-26.gz HTTP/1.1" 200 1186 "-" "Mozilla/5.0 (compatible; AhrefsBot/7.0; +http://ahrefs.com/robot/)" 
54.36.148.179 - - [26/May/2021:22:54:13 -0700] "GET /self.logs/error.log.2017-09-30.gz HTTP/1.1" 200 2092 "-" "Mozilla/5.0 (compatible; AhrefsBot/7.0; +http://ahrefs.com/robot/)" 
54.36.148.7 - - [26/May/2021:22:55:15 -0700] "GET /self.logs/access.log.2019-12-18.gz HTTP/1.1" 200 18815 "-" "Mozilla/5.0 (compatible; AhrefsBot/7.0; +http://ahrefs.com/robot/)" 
49.7.20.108 - - [26/May/2021:22:55:57 -0700] "GET / HTTP/1.1" 200 12845 "-" "Sogou web spider/4.0(+http://www.sogou.com/docs/help/webmasters.htm#07)" 
54.36.149.61 - - [26/May/2021:22:56:24 -0700] "GET /self.logs/access.log.2018-12-14.gz HTTP/1.1" 200 18634 "-" "Mozilla/5.0 (compatible; AhrefsBot/7.0; +http://ahrefs.com/robot/)" 
54.36.148.17 - - [26/May/2021:22:57:20 -0700] "GET /self.logs/error.log.2017-12-28.gz HTTP/1.1" 200 2148 "-" "Mozilla/5.0 (compatible; AhrefsBot/7.0; +http://ahrefs.com/robot/)" 
54.36.148.17 - - [26/May/2021:22:58:22 -0700] "GET /self.logs/error.log.2019-08-13.gz HTTP/1.1" 200 1404 "-" "Mozilla/5.0 (compatible; AhrefsBot/7.0; +http://ahrefs.com/robot/)" 
54.36.148.17 - - [26/May/2021:22:59:24 -0700] "GET /self.logs/access.log.2018-05-21.gz HTTP/1.1" 200 22493 "-" "Mozilla/5.0 (compatible; AhrefsBot/7.0; +http://ahrefs.com/robot/)" 
54.36.149.61 - - [26/May/2021:23:00:25 -0700] "GET /self.logs/access.log.2019-12-03.gz HTTP/1.1" 200 40268 "-" "Mozilla/5.0 (compatible; AhrefsBot/7.0; +http://ahrefs.com/robot/)" 
157.55.39.17 - - [26/May/2021:23:01:10 -0700] "GET /self.logs/2016/error.log.2016-02-25.gz HTTP/1.1" 200 902 "-" "Mozilla/5.0 (compatible; bingbot/2.0; +http://www.bing.com/bingbot.htm)" 
54.36.148.19 - - [26/May/2021:23:01:29 -0700] "GET /self.logs/error.log.2018-09-04.gz HTTP/1.1" 200 9669 "-" "Mozilla/5.0 (compatible; AhrefsBot/7.0; +http://ahrefs.com/robot/)" 
157.55.39.45 - - [26/May/2021:23:01:32 -0700] "GET /self.logs/2016/access.log.2016-06-03.gz HTTP/1.1" 200 11626 "-" "Mozilla/5.0 (compatible; bingbot/2.0; +http://www.bing.com/bingbot.htm)" 
54.36.148.17 - - [26/May/2021:23:02:29 -0700] "GET /self.logs/access.log.2020-02-05.gz HTTP/1.1" 200 20001 "-" "Mozilla/5.0 (compatible; AhrefsBot/7.0; +http://ahrefs.com/robot/)" 
54.36.148.17 - - [26/May/2021:23:03:29 -0700] "GET /self.logs/access.log.2017-10-03.gz HTTP/1.1" 200 31382 "-" "Mozilla/5.0 (compatible; AhrefsBot/7.0; +http://ahrefs.com/robot/)" 
54.36.148.17 - - [26/May/2021:23:04:30 -0700] "GET /self.logs/error.log.2020-06-13 HTTP/1.1" 200 307 "-" "Mozilla/5.0 (compatible; AhrefsBot/7.0; +http://ahrefs.com/robot/)" 
40.77.167.38 - - [26/May/2021:23:05:04 -0700] "GET /self.logs/2016/access.log.2016-04-19.gz HTTP/1.1" 200 23708 "-" "Mozilla/5.0 (compatible; bingbot/2.0; +http://www.bing.com/bingbot.htm)" 
54.36.149.61 - - [26/May/2021:23:05:32 -0700] "GET /self.logs/access.log.2018-07-06.gz HTTP/1.1" 200 28010 "-" "Mozilla/5.0 (compatible; AhrefsBot/7.0; +http://ahrefs.com/robot/)" 
17.121.115.70 - - [26/May/2021:23:05:41 -0700] "GET /self.logs/error.log.2020-04-22 HTTP/1.1" 200 307 "-" "Mozilla/5.0 (Macintosh; Intel Mac OS X 10_15_5) AppleWebKit/605.1.15 (KHTML, like Gecko) Version/13.1.1 Safari/605.1.15 (Applebot/0.1; +http://www.apple.com/go/applebot)" 
54.36.149.61 - - [26/May/2021:23:06:29 -0700] "GET /self.logs/error.log.2019-01-22.gz HTTP/1.1" 200 3783 "-" "Mozilla/5.0 (compatible; AhrefsBot/7.0; +http://ahrefs.com/robot/)" 
54.36.149.61 - - [26/May/2021:23:07:25 -0700] "GET /self.logs/access.log.2018-09-19.gz HTTP/1.1" 200 23371 "-" "Mozilla/5.0 (compatible; AhrefsBot/7.0; +http://ahrefs.com/robot/)" 
54.36.149.61 - - [26/May/2021:23:08:23 -0700] "GET /self.logs/error.log.2020-07-11 HTTP/1.1" 200 307 "-" "Mozilla/5.0 (compatible; AhrefsBot/7.0; +http://ahrefs.com/robot/)" 
54.36.149.82 - - [26/May/2021:23:09:26 -0700] "GET /self.logs/access.log.2019-08-17.gz HTTP/1.1" 200 19242 "-" "Mozilla/5.0 (compatible; AhrefsBot/7.0; +http://ahrefs.com/robot/)" 
54.36.148.17 - - [26/May/2021:23:10:28 -0700] "GET /self.logs/access.log.2019-02-23.gz HTTP/1.1" 200 22917 "-" "Mozilla/5.0 (compatible; AhrefsBot/7.0; +http://ahrefs.com/robot/)" 
54.36.149.61 - - [26/May/2021:23:11:27 -0700] "GET /self.logs/access.log.2018-12-11.gz HTTP/1.1" 200 23006 "-" "Mozilla/5.0 (compatible; AhrefsBot/7.0; +http://ahrefs.com/robot/)" 
157.55.39.45 - - [26/May/2021:23:12:13 -0700] "GET /self.logs/2016/access.log.2016-03-02.gz HTTP/1.1" 200 8533 "-" "Mozilla/5.0 (compatible; bingbot/2.0; +http://www.bing.com/bingbot.htm)" 
54.36.149.61 - - [26/May/2021:23:12:26 -0700] "GET /self.logs/access.log.2017-06-10.gz HTTP/1.1" 200 19439 "-" "Mozilla/5.0 (compatible; AhrefsBot/7.0; +http://ahrefs.com/robot/)" 
54.36.148.17 - - [26/May/2021:23:13:26 -0700] "GET /self.logs/access.log.2020-08-29.gz HTTP/1.1" 200 11395 "-" "Mozilla/5.0 (compatible; AhrefsBot/7.0; +http://ahrefs.com/robot/)" 
17.121.112.75 - - [26/May/2021:23:13:52 -0700] "GET /self.logs/error.log.2019-12-08 HTTP/1.1" 200 307 "-" "Mozilla/5.0 (Macintosh; Intel Mac OS X 10_15_5) AppleWebKit/605.1.15 (KHTML, like Gecko) Version/13.1.1 Safari/605.1.15 (Applebot/0.1; +http://www.apple.com/go/applebot)" 
89.238.177.131 - - [26/May/2021:23:14:20 -0700] "GET / HTTP/1.1" 200 12882 "-" "Mozilla/5.0 (Windows NT 10.0; Win64; x64) AppleWebKit/537.36 (KHTML, like Gecko) Chrome/90.0.4430.212 Safari/537.36" 
89.238.177.131 - - [26/May/2021:23:14:20 -0700] "GET /css/style.css HTTP/1.1" 404 305 "http://www.secrepo.com/" "Mozilla/5.0 (Windows NT 10.0; Win64; x64) AppleWebKit/537.36 (KHTML, like Gecko) Chrome/90.0.4430.212 Safari/537.36" 
89.238.177.131 - - [26/May/2021:23:14:21 -0700] "GET /twitter-icon.png HTTP/1.1" 200 27893 "http://www.secrepo.com/" "Mozilla/5.0 (Windows NT 10.0; Win64; x64) AppleWebKit/537.36 (KHTML, like Gecko) Chrome/90.0.4430.212 Safari/537.36" 
89.238.177.131 - - [26/May/2021:23:14:21 -0700] "GET /GitHub-Mark.png HTTP/1.1" 200 7556 "http://www.secrepo.com/" "Mozilla/5.0 (Windows NT 10.0; Win64; x64) AppleWebKit/537.36 (KHTML, like Gecko) Chrome/90.0.4430.212 Safari/537.36" 
89.238.177.131 - - [26/May/2021:23:14:23 -0700] "GET /bootstrap/img/favicon.ico HTTP/1.1" 200 713 "http://www.secrepo.com/" "Mozilla/5.0 (Windows NT 10.0; Win64; x64) AppleWebKit/537.36 (KHTML, like Gecko) Chrome/90.0.4430.212 Safari/537.36" 
54.36.148.17 - - [26/May/2021:23:14:30 -0700] "GET /self.logs/access.log.2018-11-19.gz HTTP/1.1" 200 31842 "-" "Mozilla/5.0 (compatible; AhrefsBot/7.0; +http://ahrefs.com/robot/)" 
40.77.167.35 - - [26/May/2021:23:14:54 -0700] "GET /self.logs/2016/error.log.2016-12-19.gz HTTP/1.1" 200 748 "-" "Mozilla/5.0 (compatible; bingbot/2.0; +http://www.bing.com/bingbot.htm)" 
54.36.149.61 - - [26/May/2021:23:15:32 -0700] "GET /self.logs/access.log.2019-01-01.gz HTTP/1.1" 200 27875 "-" "Mozilla/5.0 (compatible; AhrefsBot/7.0; +http://ahrefs.com/robot/)" 
40.77.167.38 - - [26/May/2021:23:16:05 -0700] "GET /self.logs/2016/error.log.2016-10-26.gz HTTP/1.1" 200 919 "-" "Mozilla/5.0 (compatible; bingbot/2.0; +http://www.bing.com/bingbot.htm)" 
54.36.148.216 - - [26/May/2021:23:16:32 -0700] "GET /self.logs/error.log.2019-07-25.gz HTTP/1.1" 200 1742 "-" "Mozilla/5.0 (compatible; AhrefsBot/7.0; +http://ahrefs.com/robot/)" 
118.184.177.111 - - [26/May/2021:23:17:17 -0700] "GET / HTTP/1.1" 301 438 "-" "Sogou web spider/4.0(+http://www.sogou.com/docs/help/webmasters.htm#07)" 
118.184.177.112 - - [26/May/2021:23:17:18 -0700] "GET / HTTP/1.1" 200 12845 "-" "Sogou web spider/4.0(+http://www.sogou.com/docs/help/webmasters.htm#07)" 
54.36.149.61 - - [26/May/2021:23:17:35 -0700] "GET /self.logs/error.log.2019-01-06.gz HTTP/1.1" 200 4680 "-" "Mozilla/5.0 (compatible; AhrefsBot/7.0; +http://ahrefs.com/robot/)" 
58.33.26.202 - - [26/May/2021:23:18:05 -0700] "GET / HTTP/1.1" 200 12882 "-" "Mozilla/5.0 (Windows NT 10.0; Win64; x64) AppleWebKit/537.36 (KHTML, like Gecko) Chrome/90.0.4430.212 Safari/537.36" 
58.33.26.202 - - [26/May/2021:23:18:05 -0700] "GET /robots.txt HTTP/1.1" 200 377 "-" "Mozilla/5.0 (Windows NT 10.0; Win64; x64) AppleWebKit/537.36 (KHTML, like Gecko) Chrome/90.0.4430.212 Safari/537.36" 
58.33.26.202 - - [26/May/2021:23:18:06 -0700] "GET /css/style.css HTTP/1.1" 404 305 "http://www.secrepo.com/" "Mozilla/5.0 (Windows NT 10.0; Win64; x64) AppleWebKit/537.36 (KHTML, like Gecko) Chrome/90.0.4430.212 Safari/537.36" 
58.33.26.202 - - [26/May/2021:23:18:06 -0700] "GET /twitter-icon.png HTTP/1.1" 200 27893 "http://www.secrepo.com/" "Mozilla/5.0 (Windows NT 10.0; Win64; x64) AppleWebKit/537.36 (KHTML, like Gecko) Chrome/90.0.4430.212 Safari/537.36" 
58.33.26.202 - - [26/May/2021:23:18:06 -0700] "GET /GitHub-Mark.png HTTP/1.1" 200 7556 "http://www.secrepo.com/" "Mozilla/5.0 (Windows NT 10.0; Win64; x64) AppleWebKit/537.36 (KHTML, like Gecko) Chrome/90.0.4430.212 Safari/537.36" 
54.36.148.17 - - [26/May/2021:23:18:37 -0700] "GET /self.logs/error.log.2020-09-01 HTTP/1.1" 200 307 "-" "Mozilla/5.0 (compatible; AhrefsBot/7.0; +http://ahrefs.com/robot/)" 
54.36.149.61 - - [26/May/2021:23:19:38 -0700] "GET /self.logs/access.log.2017-06-07.gz HTTP/1.1" 200 20425 "-" "Mozilla/5.0 (compatible; AhrefsBot/7.0; +http://ahrefs.com/robot/)" 
157.55.39.41 - - [26/May/2021:23:19:42 -0700] "GET /self.logs/2016/error.log.2016-08-20.gz HTTP/1.1" 200 763 "-" "Mozilla/5.0 (compatible; bingbot/2.0; +http://www.bing.com/bingbot.htm)" 
49.7.20.108 - - [26/May/2021:23:20:05 -0700] "GET / HTTP/1.1" 200 12845 "-" "Sogou web spider/4.0(+http://www.sogou.com/docs/help/webmasters.htm#07)" 
54.36.148.95 - - [26/May/2021:23:22:26 -0700] "GET /self.logs/access.log.2018-11-22.gz HTTP/1.1" 200 24900 "-" "Mozilla/5.0 (compatible; AhrefsBot/7.0; +http://ahrefs.com/robot/)" 
40.77.167.35 - - [26/May/2021:23:23:17 -0700] "GET /self.logs/2016/error.log.2016-02-11.gz HTTP/1.1" 200 930 "-" "Mozilla/5.0 (compatible; bingbot/2.0; +http://www.bing.com/bingbot.htm)" 
157.55.39.41 - - [26/May/2021:23:23:53 -0700] "GET / HTTP/1.1" 301 475 "-" "Mozilla/5.0 (compatible; bingbot/2.0; +http://www.bing.com/bingbot.htm)" 
54.36.148.34 - - [26/May/2021:23:24:06 -0700] "GET /self.logs/error.log.2019-12-21.gz HTTP/1.1" 200 1299 "-" "Mozilla/5.0 (compatible; AhrefsBot/7.0; +http://ahrefs.com/robot/)" 
47.243.87.221 - - [26/May/2021:23:25:35 -0700] "GET / HTTP/1.1" 200 12845 "-" "colly - https://github.com/gocolly/colly" 
54.36.149.61 - - [26/May/2021:23:25:42 -0700] "GET /self.logs/error.log.2018-08-31.gz HTTP/1.1" 200 5168 "-" "Mozilla/5.0 (compatible; AhrefsBot/7.0; +http://ahrefs.com/robot/)" 
66.102.9.2 - - [26/May/2021:23:26:03 -0700] "GET / HTTP/1.1" 301 475 "-" "Mozilla/5.0 (X11; Linux x86_64) AppleWebKit/537.36 (KHTML, like Gecko) Chrome/49.0.2623.75 Safari/537.36 Google Favicon" 
66.102.9.29 - - [26/May/2021:23:26:03 -0700] "GET / HTTP/1.1" 200 12882 "-" "Mozilla/5.0 (X11; Linux x86_64) AppleWebKit/537.36 (KHTML, like Gecko) Chrome/49.0.2623.75 Safari/537.36 Google Favicon" 
66.102.9.31 - - [26/May/2021:23:26:03 -0700] "GET /bootstrap/img/favicon.ico HTTP/1.1" 200 713 "-" "Mozilla/5.0 (X11; Linux x86_64) AppleWebKit/537.36 (KHTML, like Gecko) Chrome/49.0.2623.75 Safari/537.36 Google Favicon" 
40.77.167.35 - - [26/May/2021:23:26:44 -0700] "GET /self.logs/2016/error.log.2016-10-19.gz HTTP/1.1" 200 620 "-" "Mozilla/5.0 (compatible; bingbot/2.0; +http://www.bing.com/bingbot.htm)" 
49.7.20.102 - - [26/May/2021:23:26:59 -0700] "GET / HTTP/1.1" 200 12845 "-" "Sogou web spider/4.0(+http://www.sogou.com/docs/help/webmasters.htm#07)" 
54.36.149.61 - - [26/May/2021:23:27:13 -0700] "GET /self.logs/error.log.2018-03-20.gz HTTP/1.1" 200 4584 "-" "Mozilla/5.0 (compatible; AhrefsBot/7.0; +http://ahrefs.com/robot/)" 
40.77.167.97 - - [26/May/2021:23:28:10 -0700] "GET /self.logs/2016/error.log.2016-01-14.gz HTTP/1.1" 200 739 "-" "Mozilla/5.0 (compatible; bingbot/2.0; +http://www.bing.com/bingbot.htm)" 
54.36.148.125 - - [26/May/2021:23:28:55 -0700] "GET /self.logs/access.log.2017-10-28.gz HTTP/1.1" 200 17778 "-" "Mozilla/5.0 (compatible; AhrefsBot/7.0; +http://ahrefs.com/robot/)" 
103.7.29.31 - - [26/May/2021:23:29:14 -0700] "GET / HTTP/1.1" 200 12882 "-" "Mozilla/5.0 (Windows NT 10.0; Win64; x64) AppleWebKit/537.36 (KHTML, like Gecko) Chrome/90.0.4430.212 Safari/537.36 Edg/90.0.818.66" 
103.7.29.31 - - [26/May/2021:23:29:14 -0700] "GET /css/style.css HTTP/1.1" 404 305 "http://www.secrepo.com/" "Mozilla/5.0 (Windows NT 10.0; Win64; x64) AppleWebKit/537.36 (KHTML, like Gecko) Chrome/90.0.4430.212 Safari/537.36 Edg/90.0.818.66" 
103.7.29.31 - - [26/May/2021:23:29:14 -0700] "GET /twitter-icon.png HTTP/1.1" 200 27916 "http://www.secrepo.com/" "Mozilla/5.0 (Windows NT 10.0; Win64; x64) AppleWebKit/537.36 (KHTML, like Gecko) Chrome/90.0.4430.212 Safari/537.36 Edg/90.0.818.66" 
103.7.29.31 - - [26/May/2021:23:29:14 -0700] "GET /GitHub-Mark.png HTTP/1.1" 200 7556 "http://www.secrepo.com/" "Mozilla/5.0 (Windows NT 10.0; Win64; x64) AppleWebKit/537.36 (KHTML, like Gecko) Chrome/90.0.4430.212 Safari/537.36 Edg/90.0.818.66" 
103.7.29.31 - - [26/May/2021:23:29:17 -0700] "GET /bootstrap/img/favicon.ico HTTP/1.1" 200 713 "http://www.secrepo.com/" "Mozilla/5.0 (Windows NT 10.0; Win64; x64) AppleWebKit/537.36 (KHTML, like Gecko) Chrome/90.0.4430.212 Safari/537.36 Edg/90.0.818.66" 
221.222.21.169 - - [26/May/2021:23:29:19 -0700] "GET / HTTP/1.1" 200 12882 "https://blog.csdn.net/win_in_action/article/details/99974179" "Mozilla/5.0 (Macintosh; Intel Mac OS X 10_15_3) AppleWebKit/537.36 (KHTML, like Gecko) Chrome/90.0.4430.212 Safari/537.36" 
221.222.21.169 - - [26/May/2021:23:29:20 -0700] "GET /css/style.css HTTP/1.1" 404 328 "http://www.secrepo.com/" "Mozilla/5.0 (Macintosh; Intel Mac OS X 10_15_3) AppleWebKit/537.36 (KHTML, like Gecko) Chrome/90.0.4430.212 Safari/537.36" 
221.222.21.169 - - [26/May/2021:23:29:21 -0700] "GET /twitter-icon.png HTTP/1.1" 200 27893 "http://www.secrepo.com/" "Mozilla/5.0 (Macintosh; Intel Mac OS X 10_15_3) AppleWebKit/537.36 (KHTML, like Gecko) Chrome/90.0.4430.212 Safari/537.36" 
221.222.21.169 - - [26/May/2021:23:29:21 -0700] "GET /GitHub-Mark.png HTTP/1.1" 200 7533 "http://www.secrepo.com/" "Mozilla/5.0 (Macintosh; Intel Mac OS X 10_15_3) AppleWebKit/537.36 (KHTML, like Gecko) Chrome/90.0.4430.212 Safari/537.36" 
221.222.21.169 - - [26/May/2021:23:29:33 -0700] "GET /bootstrap/img/favicon.ico HTTP/1.1" 200 713 "http://www.secrepo.com/" "Mozilla/5.0 (Macintosh; Intel Mac OS X 10_15_3) AppleWebKit/537.36 (KHTML, like Gecko) Chrome/90.0.4430.212 Safari/537.36" 
85.2.223.70 - - [26/May/2021:23:30:06 -0700] "GET / HTTP/1.1" 200 12882 "-" "Mozilla/5.0 (Macintosh; Intel Mac OS X 10_15_6) AppleWebKit/605.1.15 (KHTML, like Gecko) Version/14.0.1 Safari/605.1.15" 
85.2.223.70 - - [26/May/2021:23:30:06 -0700] "GET /css/style.css HTTP/1.1" 404 305 "http://www.secrepo.com/" "Mozilla/5.0 (Macintosh; Intel Mac OS X 10_15_6) AppleWebKit/605.1.15 (KHTML, like Gecko) Version/14.0.1 Safari/605.1.15" 
85.2.223.70 - - [26/May/2021:23:30:06 -0700] "GET /twitter-icon.png HTTP/1.1" 200 27916 "http://www.secrepo.com/" "Mozilla/5.0 (Macintosh; Intel Mac OS X 10_15_6) AppleWebKit/605.1.15 (KHTML, like Gecko) Version/14.0.1 Safari/605.1.15" 
85.2.223.70 - - [26/May/2021:23:30:06 -0700] "GET /GitHub-Mark.png HTTP/1.1" 200 7556 "http://www.secrepo.com/" "Mozilla/5.0 (Macintosh; Intel Mac OS X 10_15_6) AppleWebKit/605.1.15 (KHTML, like Gecko) Version/14.0.1 Safari/605.1.15" 
85.2.223.70 - - [26/May/2021:23:30:07 -0700] "GET /bootstrap/img/favicon.ico HTTP/1.1" 200 713 "http://www.secrepo.com/" "Mozilla/5.0 (Macintosh; Intel Mac OS X 10_15_6) AppleWebKit/605.1.15 (KHTML, like Gecko) Version/14.0.1 Safari/605.1.15" 
103.7.29.31 - - [26/May/2021:23:30:23 -0700] "GET /squid/access.log.gz HTTP/1.1" 200 23100671 "http://www.secrepo.com/" "Mozilla/5.0 (Windows NT 10.0; Win64; x64) AppleWebKit/537.36 (KHTML, like Gecko) Chrome/90.0.4430.212 Safari/537.36 Edg/90.0.818.66" 
54.36.149.61 - - [26/May/2021:23:30:38 -0700] "GET /self.logs/error.log.2019-09-06.gz HTTP/1.1" 200 2301 "-" "Mozilla/5.0 (compatible; AhrefsBot/7.0; +http://ahrefs.com/robot/)" 
85.2.223.70 - - [26/May/2021:23:31:19 -0700] "GET /Security-Data-Analysis/Lab_1/conn.log.zip HTTP/1.1" 200 105791600 "-" "Mozilla/5.0 (Macintosh; Intel Mac OS X 10_15_6) AppleWebKit/605.1.15 (KHTML, like Gecko) Version/14.0.1 Safari/605.1.15" 
54.36.149.61 - - [26/May/2021:23:32:17 -0700] "GET /self.logs/access.log.2017-07-05.gz HTTP/1.1" 200 22806 "-" "Mozilla/5.0 (compatible; AhrefsBot/7.0; +http://ahrefs.com/robot/)" 
85.2.223.70 - - [26/May/2021:23:30:33 -0700] "GET /Security-Data-Analysis/Lab_1/conn.log.zip HTTP/1.1" 200 547221542 "-" "Mozilla/5.0 (Macintosh; Intel Mac OS X 10_15_6) AppleWebKit/605.1.15 (KHTML, like Gecko) Version/14.0.1 Safari/605.1.15" 
157.55.39.26 - - [26/May/2021:23:33:38 -0700] "GET /self.logs/access.log.2018-10-28.gz HTTP/1.1" 304 280 "-" "Mozilla/5.0 (compatible; bingbot/2.0; +http://www.bing.com/bingbot.htm)" 
54.36.148.17 - - [26/May/2021:23:34:00 -0700] "GET /self.logs/access.log.2017-07-11.gz HTTP/1.1" 200 14105 "-" "Mozilla/5.0 (compatible; AhrefsBot/7.0; +http://ahrefs.com/robot/)" 
40.77.167.35 - - [26/May/2021:23:35:18 -0700] "GET /self.logs/2016/access.log.2016-06-26.gz HTTP/1.1" 200 6865 "-" "Mozilla/5.0 (compatible; bingbot/2.0; +http://www.bing.com/bingbot.htm)" 
54.36.149.61 - - [26/May/2021:23:35:41 -0700] "GET /self.logs/access.log.2019-02-01.gz HTTP/1.1" 200 21790 "-" "Mozilla/5.0 (compatible; AhrefsBot/7.0; +http://ahrefs.com/robot/)" 
54.36.149.61 - - [26/May/2021:23:37:24 -0700] "GET /self.logs/error.log.2018-02-25.gz HTTP/1.1" 200 4071 "-" "Mozilla/5.0 (compatible; AhrefsBot/7.0; +http://ahrefs.com/robot/)" 
185.191.171.23 - - [26/May/2021:23:38:33 -0700] "GET /robots.txt HTTP/1.1" 200 340 "-" "Mozilla/5.0 (compatible; SemrushBot/7~bl; +http://www.semrush.com/bot.html)" 
185.191.171.45 - - [26/May/2021:23:38:33 -0700] "GET /Datasets%20Description/HTML_Bro_log_2/files.html HTTP/1.1" 200 1873 "-" "Mozilla/5.0 (compatible; SemrushBot/7~bl; +http://www.semrush.com/bot.html)" 
54.36.148.0 - - [26/May/2021:23:39:02 -0700] "GET /self.logs/access.log.2019-05-21.gz HTTP/1.1" 200 40282 "-" "Mozilla/5.0 (compatible; AhrefsBot/7.0; +http://ahrefs.com/robot/)" 
54.36.149.35 - - [26/May/2021:23:40:40 -0700] "GET /self.logs/access.log.2017-02-27.gz HTTP/1.1" 200 37764 "-" "Mozilla/5.0 (compatible; AhrefsBot/7.0; +http://ahrefs.com/robot/)" 
123.183.224.116 - - [26/May/2021:23:40:42 -0700] "GET / HTTP/1.1" 200 12845 "-" "Sogou web spider/4.0(+http://www.sogou.com/docs/help/webmasters.htm#07)" 
54.36.149.61 - - [26/May/2021:23:42:19 -0700] "GET /self.logs/error.log.2018-02-17.gz HTTP/1.1" 200 4110 "-" "Mozilla/5.0 (compatible; AhrefsBot/7.0; +http://ahrefs.com/robot/)" 
54.36.148.17 - - [26/May/2021:23:43:57 -0700] "GET /self.logs/access.log.2017-06-20.gz HTTP/1.1" 200 26784 "-" "Mozilla/5.0 (compatible; AhrefsBot/7.0; +http://ahrefs.com/robot/)" 
54.36.149.61 - - [26/May/2021:23:45:36 -0700] "GET /self.logs/access.log.2018-01-04.gz HTTP/1.1" 200 25335 "-" "Mozilla/5.0 (compatible; AhrefsBot/7.0; +http://ahrefs.com/robot/)" 
54.36.148.17 - - [26/May/2021:23:47:15 -0700] "GET /self.logs/error.log.2019-05-02.gz HTTP/1.1" 200 3256 "-" "Mozilla/5.0 (compatible; AhrefsBot/7.0; +http://ahrefs.com/robot/)" 
54.36.149.61 - - [26/May/2021:23:48:53 -0700] "GET /self.logs/error.log.2018-05-09.gz HTTP/1.1" 200 9310 "-" "Mozilla/5.0 (compatible; AhrefsBot/7.0; +http://ahrefs.com/robot/)" 
54.36.148.17 - - [26/May/2021:23:50:27 -0700] "GET /self.logs/error.log.2019-11-13.gz HTTP/1.1" 200 1106 "-" "Mozilla/5.0 (compatible; AhrefsBot/7.0; +http://ahrefs.com/robot/)" 
81.242.80.233 - - [26/May/2021:23:50:50 -0700] "GET / HTTP/1.1" 200 12882 "-" "Mozilla/5.0 (Windows NT 10.0; Win64; x64) AppleWebKit/537.36 (KHTML, like Gecko) Chrome/89.0.4389.128 Safari/537.36 OPR/75.0.3969.267" 
81.242.80.233 - - [26/May/2021:23:50:51 -0700] "GET /css/style.css HTTP/1.1" 404 305 "http://www.secrepo.com/" "Mozilla/5.0 (Windows NT 10.0; Win64; x64) AppleWebKit/537.36 (KHTML, like Gecko) Chrome/89.0.4389.128 Safari/537.36 OPR/75.0.3969.267" 
81.242.80.233 - - [26/May/2021:23:50:51 -0700] "GET /twitter-icon.png HTTP/1.1" 200 27893 "http://www.secrepo.com/" "Mozilla/5.0 (Windows NT 10.0; Win64; x64) AppleWebKit/537.36 (KHTML, like Gecko) Chrome/89.0.4389.128 Safari/537.36 OPR/75.0.3969.267" 
81.242.80.233 - - [26/May/2021:23:50:51 -0700] "GET /GitHub-Mark.png HTTP/1.1" 200 7556 "http://www.secrepo.com/" "Mozilla/5.0 (Windows NT 10.0; Win64; x64) AppleWebKit/537.36 (KHTML, like Gecko) Chrome/89.0.4389.128 Safari/537.36 OPR/75.0.3969.267" 
81.242.80.233 - - [26/May/2021:23:50:51 -0700] "GET /Datasets%20Description/Network/dns.html HTTP/1.1" 200 1520 "http://www.secrepo.com/" "Mozilla/5.0 (Windows NT 10.0; Win64; x64) AppleWebKit/537.36 (KHTML, like Gecko) Chrome/89.0.4389.128 Safari/537.36 OPR/75.0.3969.267" 
81.242.80.233 - - [26/May/2021:23:50:51 -0700] "GET /favicon.ico HTTP/1.1" 200 368 "http://www.secrepo.com/Datasets%20Description/Network/dns.html" "Mozilla/5.0 (Windows NT 10.0; Win64; x64) AppleWebKit/537.36 (KHTML, like Gecko) Chrome/89.0.4389.128 Safari/537.36 OPR/75.0.3969.267" 
49.7.20.108 - - [26/May/2021:23:51:18 -0700] "GET / HTTP/1.1" 200 12845 "-" "Sogou web spider/4.0(+http://www.sogou.com/docs/help/webmasters.htm#07)" 
54.36.149.102 - - [26/May/2021:23:52:08 -0700] "GET /self.logs/error.log.2018-07-21.gz HTTP/1.1" 200 5959 "-" "Mozilla/5.0 (compatible; AhrefsBot/7.0; +http://ahrefs.com/robot/)" 
54.36.149.61 - - [26/May/2021:23:53:42 -0700] "GET /self.logs/error.log.2020-08-12 HTTP/1.1" 200 307 "-" "Mozilla/5.0 (compatible; AhrefsBot/7.0; +http://ahrefs.com/robot/)" 
54.36.148.17 - - [26/May/2021:23:55:20 -0700] "GET /self.logs/error.log.2018-08-04.gz HTTP/1.1" 200 7760 "-" "Mozilla/5.0 (compatible; AhrefsBot/7.0; +http://ahrefs.com/robot/)" 
54.36.149.61 - - [26/May/2021:23:56:55 -0700] "GET /self.logs/access.log.2018-06-27.gz HTTP/1.1" 200 30341 "-" "Mozilla/5.0 (compatible; AhrefsBot/7.0; +http://ahrefs.com/robot/)" 
54.36.148.17 - - [26/May/2021:23:58:27 -0700] "GET /self.logs/error.log.2018-02-24.gz HTTP/1.1" 200 3516 "-" "Mozilla/5.0 (compatible; AhrefsBot/7.0; +http://ahrefs.com/robot/)" 
54.36.149.61 - - [26/May/2021:23:59:57 -0700] "GET /self.logs/access.log.2020-04-02.gz HTTP/1.1" 200 20237 "-" "Mozilla/5.0 (compatible; AhrefsBot/7.0; +http://ahrefs.com/robot/)" 
54.36.149.61 - - [27/May/2021:00:01:28 -0700] "GET /self.logs/access.log.2020-06-29.gz HTTP/1.1" 200 13285 "-" "Mozilla/5.0 (compatible; AhrefsBot/7.0; +http://ahrefs.com/robot/)" 
54.36.149.61 - - [27/May/2021:00:03:00 -0700] "GET /self.logs/access.log.2019-09-24.gz HTTP/1.1" 200 24040 "-" "Mozilla/5.0 (compatible; AhrefsBot/7.0; +http://ahrefs.com/robot/)" 
54.36.149.61 - - [27/May/2021:00:04:35 -0700] "GET /self.logs/access.log.2018-04-18.gz HTTP/1.1" 200 20337 "-" "Mozilla/5.0 (compatible; AhrefsBot/7.0; +http://ahrefs.com/robot/)" 
54.36.149.61 - - [27/May/2021:00:06:08 -0700] "GET /self.logs/error.log.2018-09-14.gz HTTP/1.1" 200 8400 "-" "Mozilla/5.0 (compatible; AhrefsBot/7.0; +http://ahrefs.com/robot/)" 
188.148.187.43 - - [27/May/2021:00:09:08 -0700] "GET / HTTP/1.1" 200 12878 "-" "Mozilla/5.0 (Windows NT 10.0; WOW64) AppleWebKit/537.36 (KHTML, like Gecko) Chrome/90.0.4430.212 Safari/537.36" 
188.148.187.43 - - [27/May/2021:00:09:09 -0700] "GET /css/style.css HTTP/1.1" 404 305 "http://www.secrepo.com/" "Mozilla/5.0 (Windows NT 10.0; WOW64) AppleWebKit/537.36 (KHTML, like Gecko) Chrome/90.0.4430.212 Safari/537.36" 
188.148.187.43 - - [27/May/2021:00:09:09 -0700] "GET /twitter-icon.png HTTP/1.1" 200 27916 "http://www.secrepo.com/" "Mozilla/5.0 (Windows NT 10.0; WOW64) AppleWebKit/537.36 (KHTML, like Gecko) Chrome/90.0.4430.212 Safari/537.36" 
188.148.187.43 - - [27/May/2021:00:09:09 -0700] "GET /GitHub-Mark.png HTTP/1.1" 200 7533 "http://www.secrepo.com/" "Mozilla/5.0 (Windows NT 10.0; WOW64) AppleWebKit/537.36 (KHTML, like Gecko) Chrome/90.0.4430.212 Safari/537.36" 
188.148.187.43 - - [27/May/2021:00:09:09 -0700] "GET /bootstrap/img/favicon.ico HTTP/1.1" 200 690 "http://www.secrepo.com/" "Mozilla/5.0 (Windows NT 10.0; WOW64) AppleWebKit/537.36 (KHTML, like Gecko) Chrome/90.0.4430.212 Safari/537.36" 
54.36.148.36 - - [27/May/2021:00:09:15 -0700] "GET /self.logs/error.log.2019-11-02.gz HTTP/1.1" 200 1496 "-" "Mozilla/5.0 (compatible; AhrefsBot/7.0; +http://ahrefs.com/robot/)" 
54.36.148.17 - - [27/May/2021:00:12:23 -0700] "GET /self.logs/access.log.2019-12-11.gz HTTP/1.1" 200 18068 "-" "Mozilla/5.0 (compatible; AhrefsBot/7.0; +http://ahrefs.com/robot/)" 
54.36.148.238 - - [27/May/2021:00:15:46 -0700] "GET /self.logs/access.log.2019-04-28.gz HTTP/1.1" 200 24656 "-" "Mozilla/5.0 (compatible; AhrefsBot/7.0; +http://ahrefs.com/robot/)" 
122.252.242.2 - - [27/May/2021:00:16:13 -0700] "GET / HTTP/1.1" 200 12879 "android-app://org.telegram.messenger/" "Mozilla/5.0 (Linux; Android 8.1.0; Moto G (5S) Plus) AppleWebKit/537.36 (KHTML, like Gecko) Chrome/90.0.4430.210 Mobile Safari/537.36" 
122.252.242.2 - - [27/May/2021:00:16:14 -0700] "GET /css/style.css HTTP/1.1" 404 305 "http://www.secrepo.com/" "Mozilla/5.0 (Linux; Android 8.1.0; Moto G (5S) Plus) AppleWebKit/537.36 (KHTML, like Gecko) Chrome/90.0.4430.210 Mobile Safari/537.36" 
89.86.32.26 - - [27/May/2021:00:18:24 -0700] "GET /GitHub-Mark.png HTTP/1.1" 200 7556 "-" "Mozilla/5.0 (Windows NT 10.0; Win64; x64; rv:88.0) Gecko/20100101 Firefox/88.0" 
89.86.32.26 - - [27/May/2021:00:18:24 -0700] "GET /twitter-icon.png HTTP/1.1" 200 27916 "-" "Mozilla/5.0 (Windows NT 10.0; Win64; x64; rv:88.0) Gecko/20100101 Firefox/88.0" 
54.36.148.17 - - [27/May/2021:00:18:58 -0700] "GET /self.logs/error.log.2018-03-07.gz HTTP/1.1" 200 5015 "-" "Mozilla/5.0 (compatible; AhrefsBot/7.0; +http://ahrefs.com/robot/)" 
157.55.39.26 - - [27/May/2021:00:21:00 -0700] "GET /self.logs/error.log.2018-03-16.gz HTTP/1.1" 200 4213 "-" "Mozilla/5.0 (compatible; bingbot/2.0; +http://www.bing.com/bingbot.htm)" 
54.36.148.17 - - [27/May/2021:00:22:10 -0700] "GET /self.logs/error.log.2020-06-26.gz HTTP/1.1" 200 827 "-" "Mozilla/5.0 (compatible; AhrefsBot/7.0; +http://ahrefs.com/robot/)" 
101.91.227.154 - - [27/May/2021:00:22:20 -0700] "GET /data/admin/allowurl.txt HTTP/1.1" 404 328 "-" "Mozilla/5.0 (Windows NT 10.0; WOW64; rv:48.0) Gecko/20100101 Firefox/48.0" 
49.7.20.108 - - [27/May/2021:00:22:32 -0700] "GET / HTTP/1.1" 200 12842 "-" "Sogou web spider/4.0(+http://www.sogou.com/docs/help/webmasters.htm#07)" 
192.218.140.236 - - [27/May/2021:00:23:05 -0700] "GET /scada/scada_logs.zip HTTP/1.1" 200 365012 "http://www.secrepo.com/" "Mozilla/5.0 (Windows NT 10.0; Win64; x64) AppleWebKit/537.36 (KHTML, like Gecko) Chrome/90.0.4430.212 Safari/537.36 Edg/90.0.818.62" 
106.38.241.103 - - [27/May/2021:00:23:10 -0700] "GET /robots.txt HTTP/1.1" 200 340 "-" "Sogou web spider/4.0(+http://www.sogou.com/docs/help/webmasters.htm#07)" 
192.218.140.236 - - [27/May/2021:00:25:17 -0700] "GET / HTTP/1.1" 200 12879 "-" "Mozilla/5.0 (Windows NT 10.0; Win64; x64) AppleWebKit/537.36 (KHTML, like Gecko) Chrome/90.0.4430.212 Safari/537.36 Edg/90.0.818.62" 
192.218.140.236 - - [27/May/2021:00:25:17 -0700] "GET /css/style.css HTTP/1.1" 404 305 "http://www.secrepo.com/" "Mozilla/5.0 (Windows NT 10.0; Win64; x64) AppleWebKit/537.36 (KHTML, like Gecko) Chrome/90.0.4430.212 Safari/537.36 Edg/90.0.818.62" 
192.218.140.236 - - [27/May/2021:00:25:17 -0700] "GET /twitter-icon.png HTTP/1.1" 200 27916 "http://www.secrepo.com/" "Mozilla/5.0 (Windows NT 10.0; Win64; x64) AppleWebKit/537.36 (KHTML, like Gecko) Chrome/90.0.4430.212 Safari/537.36 Edg/90.0.818.62" 
192.218.140.236 - - [27/May/2021:00:25:17 -0700] "GET /GitHub-Mark.png HTTP/1.1" 200 7533 "http://www.secrepo.com/" "Mozilla/5.0 (Windows NT 10.0; Win64; x64) AppleWebKit/537.36 (KHTML, like Gecko) Chrome/90.0.4430.212 Safari/537.36 Edg/90.0.818.62" 
54.36.149.61 - - [27/May/2021:00:25:22 -0700] "GET /self.logs/access.log.2019-10-01.gz HTTP/1.1" 200 25297 "-" "Mozilla/5.0 (compatible; AhrefsBot/7.0; +http://ahrefs.com/robot/)" 
192.218.140.236 - - [27/May/2021:00:26:26 -0700] "GET /css/style.css HTTP/1.1" 404 328 "http://www.secrepo.com/" "Mozilla/5.0 (Windows NT 10.0; Win64; x64) AppleWebKit/537.36 (KHTML, like Gecko) Chrome/90.0.4430.212 Safari/537.36 Edg/90.0.818.62" 
54.36.148.17 - - [27/May/2021:00:28:38 -0700] "GET /self.logs/access.log.2019-08-16.gz HTTP/1.1" 200 26720 "-" "Mozilla/5.0 (compatible; AhrefsBot/7.0; +http://ahrefs.com/robot/)" 
192.218.140.236 - - [27/May/2021:00:28:40 -0700] "GET /self.logs/ HTTP/1.1" 200 29613 "http://www.secrepo.com/" "Mozilla/5.0 (Windows NT 10.0; Win64; x64) AppleWebKit/537.36 (KHTML, like Gecko) Chrome/90.0.4430.212 Safari/537.36 Edg/90.0.818.62" 
192.218.140.236 - - [27/May/2021:00:28:41 -0700] "GET /favicon.ico HTTP/1.1" 200 368 "http://www.secrepo.com/self.logs/" "Mozilla/5.0 (Windows NT 10.0; Win64; x64) AppleWebKit/537.36 (KHTML, like Gecko) Chrome/90.0.4430.212 Safari/537.36 Edg/90.0.818.62" 
192.218.140.236 - - [27/May/2021:00:28:59 -0700] "GET /self.logs/access.log.2017-01-01.gz HTTP/1.1" 200 17678 "http://www.secrepo.com/self.logs/" "Mozilla/5.0 (Windows NT 10.0; Win64; x64) AppleWebKit/537.36 (KHTML, like Gecko) Chrome/90.0.4430.212 Safari/537.36 Edg/90.0.818.62" 
49.7.20.102 - - [27/May/2021:00:30:53 -0700] "GET / HTTP/1.1" 301 438 "-" "Sogou web spider/4.0(+http://www.sogou.com/docs/help/webmasters.htm#07)" 
49.7.20.105 - - [27/May/2021:00:30:56 -0700] "GET / HTTP/1.1" 200 12842 "-" "Sogou web spider/4.0(+http://www.sogou.com/docs/help/webmasters.htm#07)" 
54.80.198.189 - - [27/May/2021:00:31:25 -0700] "GET /self.logs/ HTTP/1.1" 200 296725 "-" "Mozilla/5.0 (Windows NT 6.1; Win64; x64) AppleWebKit/537.36 (KHTML, like Gecko) Chrome/72.0.3626.109 Safari/537.36" 
54.163.113.72 - - [27/May/2021:00:31:32 -0700] "GET / HTTP/1.1" 200 48020 "-" "Mozilla/5.0 (Windows NT 6.1; Win64; x64) AppleWebKit/537.36 (KHTML, like Gecko) Chrome/72.0.3626.109 Safari/537.36" 
54.36.148.167 - - [27/May/2021:00:32:01 -0700] "GET /self.logs/error.log.2019-08-03.gz HTTP/1.1" 200 1159 "-" "Mozilla/5.0 (compatible; AhrefsBot/7.0; +http://ahrefs.com/robot/)" 
27.65.252.148 - - [27/May/2021:00:34:51 -0700] "GET / HTTP/1.1" 200 12879 "https://www.researchgate.net/" "Mozilla/5.0 (Windows NT 10.0; Win64; x64) AppleWebKit/537.36 (KHTML, like Gecko) Chrome/90.0.4430.212 Safari/537.36 Edg/90.0.818.66" 
27.65.252.148 - - [27/May/2021:00:34:51 -0700] "GET /css/style.css HTTP/1.1" 404 305 "http://www.secrepo.com/" "Mozilla/5.0 (Windows NT 10.0; Win64; x64) AppleWebKit/537.36 (KHTML, like Gecko) Chrome/90.0.4430.212 Safari/537.36 Edg/90.0.818.66" 
27.65.252.148 - - [27/May/2021:00:34:51 -0700] "GET /twitter-icon.png HTTP/1.1" 200 27916 "http://www.secrepo.com/" "Mozilla/5.0 (Windows NT 10.0; Win64; x64) AppleWebKit/537.36 (KHTML, like Gecko) Chrome/90.0.4430.212 Safari/537.36 Edg/90.0.818.66" 
27.65.252.148 - - [27/May/2021:00:34:52 -0700] "GET /GitHub-Mark.png HTTP/1.1" 200 7533 "http://www.secrepo.com/" "Mozilla/5.0 (Windows NT 10.0; Win64; x64) AppleWebKit/537.36 (KHTML, like Gecko) Chrome/90.0.4430.212 Safari/537.36 Edg/90.0.818.66" 
27.65.252.148 - - [27/May/2021:00:34:53 -0700] "GET /bootstrap/img/favicon.ico HTTP/1.1" 200 690 "http://www.secrepo.com/" "Mozilla/5.0 (Windows NT 10.0; Win64; x64) AppleWebKit/537.36 (KHTML, like Gecko) Chrome/90.0.4430.212 Safari/537.36 Edg/90.0.818.66" 
54.36.149.61 - - [27/May/2021:00:35:11 -0700] "GET /self.logs/access.log.2019-06-25.gz HTTP/1.1" 200 25941 "-" "Mozilla/5.0 (compatible; AhrefsBot/7.0; +http://ahrefs.com/robot/)" 
49.7.20.105 - - [27/May/2021:00:38:08 -0700] "GET / HTTP/1.1" 200 12842 "-" "Sogou web spider/4.0(+http://www.sogou.com/docs/help/webmasters.htm#07)" 
54.36.148.47 - - [27/May/2021:00:38:33 -0700] "GET /self.logs/access.log.2019-03-07.gz HTTP/1.1" 200 22596 "-" "Mozilla/5.0 (compatible; AhrefsBot/7.0; +http://ahrefs.com/robot/)" 
27.65.252.148 - - [27/May/2021:00:35:58 -0700] "GET /maccdc2012/conn.log.gz HTTP/1.1" 200 549157753 "http://www.secrepo.com/" "Mozilla/5.0 (Windows NT 10.0; Win64; x64) AppleWebKit/537.36 (KHTML, like Gecko) Chrome/90.0.4430.212 Safari/537.36 Edg/90.0.818.66" 
52.40.211.144 - - [27/May/2021:00:40:26 -0700] "HEAD / HTTP/1.1" 200 425 "-" "Mozilla/5.0 (Macintosh; Intel Mac OS X 10.13; rv:64.0) Gecko/20100101 Firefox/64.0" 
59.78.19.11 - - [27/May/2021:00:41:04 -0700] "GET / HTTP/1.1" 200 12879 "-" "Mozilla/5.0 (Windows NT 10.0; WOW64) AppleWebKit/537.36 (KHTML, like Gecko) Chrome/90.0.4430.212 Safari/537.36" 
59.78.19.11 - - [27/May/2021:00:41:04 -0700] "GET /css/style.css HTTP/1.1" 404 305 "http://www.secrepo.com/" "Mozilla/5.0 (Windows NT 10.0; WOW64) AppleWebKit/537.36 (KHTML, like Gecko) Chrome/90.0.4430.212 Safari/537.36" 
59.78.19.11 - - [27/May/2021:00:41:04 -0700] "GET /GitHub-Mark.png HTTP/1.1" 200 7556 "http://www.secrepo.com/" "Mozilla/5.0 (Windows NT 10.0; WOW64) AppleWebKit/537.36 (KHTML, like Gecko) Chrome/90.0.4430.212 Safari/537.36" 
59.78.19.11 - - [27/May/2021:00:41:04 -0700] "GET /twitter-icon.png HTTP/1.1" 200 27916 "http://www.secrepo.com/" "Mozilla/5.0 (Windows NT 10.0; WOW64) AppleWebKit/537.36 (KHTML, like Gecko) Chrome/90.0.4430.212 Safari/537.36" 
59.78.19.11 - - [27/May/2021:00:41:26 -0700] "GET /bootstrap/img/favicon.ico HTTP/1.1" 200 713 "http://www.secrepo.com/" "Mozilla/5.0 (Windows NT 10.0; WOW64) AppleWebKit/537.36 (KHTML, like Gecko) Chrome/90.0.4430.212 Safari/537.36" 
54.36.148.102 - - [27/May/2021:00:41:56 -0700] "GET /self.logs/access.log.2019-03-24.gz HTTP/1.1" 200 26108 "-" "Mozilla/5.0 (compatible; AhrefsBot/7.0; +http://ahrefs.com/robot/)" 
49.7.20.105 - - [27/May/2021:00:43:17 -0700] "GET / HTTP/1.1" 200 12842 "-" "Sogou web spider/4.0(+http://www.sogou.com/docs/help/webmasters.htm#07)" 
54.36.149.6 - - [27/May/2021:00:43:35 -0700] "GET /self.logs/access.log.2019-04-06.gz HTTP/1.1" 200 35055 "-" "Mozilla/5.0 (compatible; AhrefsBot/7.0; +http://ahrefs.com/robot/)" 
54.36.149.61 - - [27/May/2021:00:45:14 -0700] "GET /self.logs/access.log.2018-06-30.gz HTTP/1.1" 200 21100 "-" "Mozilla/5.0 (compatible; AhrefsBot/7.0; +http://ahrefs.com/robot/)" 
54.36.148.212 - - [27/May/2021:00:46:57 -0700] "GET /self.logs/access.log.2019-04-08.gz HTTP/1.1" 200 26299 "-" "Mozilla/5.0 (compatible; AhrefsBot/7.0; +http://ahrefs.com/robot/)" 
49.7.20.105 - - [27/May/2021:00:48:33 -0700] "GET / HTTP/1.1" 200 12842 "-" "Sogou web spider/4.0(+http://www.sogou.com/docs/help/webmasters.htm#07)" 
54.36.148.17 - - [27/May/2021:00:50:21 -0700] "GET /self.logs/access.log.2020-09-24.gz HTTP/1.1" 200 17092 "-" "Mozilla/5.0 (compatible; AhrefsBot/7.0; +http://ahrefs.com/robot/)" 
157.55.39.41 - - [27/May/2021:00:52:51 -0700] "GET / HTTP/1.1" 200 12879 "-" "Mozilla/5.0 (compatible; bingbot/2.0; +http://www.bing.com/bingbot.htm)" 
40.77.189.186 - - [27/May/2021:00:52:53 -0700] "GET /css/style.css HTTP/1.1" 404 328 "-" "Mozilla/5.0 (Windows NT 6.1; WOW64) AppleWebKit/534+ (KHTML, like Gecko) BingPreview/1.0b" 
54.36.148.17 - - [27/May/2021:00:53:51 -0700] "GET /self.logs/error.log.2018-07-24.gz HTTP/1.1" 200 7616 "-" "Mozilla/5.0 (compatible; AhrefsBot/7.0; +http://ahrefs.com/robot/)" 
49.7.20.105 - - [27/May/2021:00:54:00 -0700] "GET / HTTP/1.1" 200 12842 "-" "Sogou web spider/4.0(+http://www.sogou.com/docs/help/webmasters.htm#07)" 
54.36.148.17 - - [27/May/2021:00:57:12 -0700] "GET /self.logs/error.log.2018-01-18.gz HTTP/1.1" 200 1981 "-" "Mozilla/5.0 (compatible; AhrefsBot/7.0; +http://ahrefs.com/robot/)" 
49.7.20.105 - - [27/May/2021:00:59:16 -0700] "GET / HTTP/1.1" 200 12842 "-" "Sogou web spider/4.0(+http://www.sogou.com/docs/help/webmasters.htm#07)" 
54.36.148.17 - - [27/May/2021:01:00:37 -0700] "GET /self.logs/error.log.2019-08-29.gz HTTP/1.1" 200 2522 "-" "Mozilla/5.0 (compatible; AhrefsBot/7.0; +http://ahrefs.com/robot/)" 
49.7.20.108 - - [27/May/2021:01:02:09 -0700] "GET / HTTP/1.1" 200 12842 "-" "Sogou web spider/4.0(+http://www.sogou.com/docs/help/webmasters.htm#07)" 
115.24.238.43 - - [27/May/2021:01:03:11 -0700] "GET /honeypot/honeypot.json.zip HTTP/1.1" 200 23086087 "https://link.csdn.net/?target=http%3A%2F%2Fwww.secrepo.com%2Fhoneypot%2Fhoneypot.json.zip" "Mozilla/5.0 (Windows NT 10.0; Win64; x64) AppleWebKit/537.36 (KHTML, like Gecko) Chrome/90.0.4430.212 Safari/537.36 Edg/90.0.818.66" 
54.36.149.61 - - [27/May/2021:01:03:58 -0700] "GET /self.logs/access.log.2017-07-22.gz HTTP/1.1" 200 16418 "-" "Mozilla/5.0 (compatible; AhrefsBot/7.0; +http://ahrefs.com/robot/)" 
49.7.20.105 - - [27/May/2021:01:04:18 -0700] "GET / HTTP/1.1" 200 12842 "-" "Sogou web spider/4.0(+http://www.sogou.com/docs/help/webmasters.htm#07)" 
54.36.148.134 - - [27/May/2021:01:07:14 -0700] "GET /self.logs/access.log.2019-03-14.gz HTTP/1.1" 200 27772 "-" "Mozilla/5.0 (compatible; AhrefsBot/7.0; +http://ahrefs.com/robot/)" 
49.7.20.105 - - [27/May/2021:01:09:52 -0700] "GET / HTTP/1.1" 200 12842 "-" "Sogou web spider/4.0(+http://www.sogou.com/docs/help/webmasters.htm#07)" 
54.36.148.17 - - [27/May/2021:01:10:41 -0700] "GET /self.logs/access.log.2018-05-28.gz HTTP/1.1" 200 38873 "-" "Mozilla/5.0 (compatible; AhrefsBot/7.0; +http://ahrefs.com/robot/)" 
54.36.148.17 - - [27/May/2021:01:14:11 -0700] "GET /self.logs/access.log.2020-06-04.gz HTTP/1.1" 200 73598 "-" "Mozilla/5.0 (compatible; AhrefsBot/7.0; +http://ahrefs.com/robot/)" 
49.7.20.105 - - [27/May/2021:01:16:17 -0700] "GET / HTTP/1.1" 200 12842 "-" "Sogou web spider/4.0(+http://www.sogou.com/docs/help/webmasters.htm#07)" 
54.36.148.17 - - [27/May/2021:01:17:28 -0700] "GET /self.logs/access.log.2017-08-11.gz HTTP/1.1" 200 18424 "-" "Mozilla/5.0 (compatible; AhrefsBot/7.0; +http://ahrefs.com/robot/)" 
54.36.149.61 - - [27/May/2021:01:20:53 -0700] "GET /self.logs/error.log.2018-02-22.gz HTTP/1.1" 200 4317 "-" "Mozilla/5.0 (compatible; AhrefsBot/7.0; +http://ahrefs.com/robot/)" 
49.7.20.105 - - [27/May/2021:01:25:48 -0700] "GET / HTTP/1.1" 200 12842 "-" "Sogou web spider/4.0(+http://www.sogou.com/docs/help/webmasters.htm#07)" 
54.36.148.17 - - [27/May/2021:01:25:51 -0700] "GET /self.logs/access.log.2017-07-13.gz HTTP/1.1" 200 23148 "-" "Mozilla/5.0 (compatible; AhrefsBot/7.0; +http://ahrefs.com/robot/)" 
54.36.148.17 - - [27/May/2021:01:29:07 -0700] "GET /self.logs/error.log.2017-12-01.gz HTTP/1.1" 200 2013 "-" "Mozilla/5.0 (compatible; AhrefsBot/7.0; +http://ahrefs.com/robot/)" 
182.180.98.5 - - [27/May/2021:01:30:32 -0700] "GET / HTTP/1.1" 200 12879 "-" "Mozilla/5.0 (X11; Linux x86_64) AppleWebKit/537.36 (KHTML, like Gecko) Chrome/85.0.4183.83 Safari/537.36" 
182.180.98.5 - - [27/May/2021:01:30:33 -0700] "GET /css/style.css HTTP/1.1" 404 305 "http://www.secrepo.com/" "Mozilla/5.0 (X11; Linux x86_64) AppleWebKit/537.36 (KHTML, like Gecko) Chrome/85.0.4183.83 Safari/537.36" 
182.180.98.5 - - [27/May/2021:01:30:34 -0700] "GET /GitHub-Mark.png HTTP/1.1" 200 7533 "http://www.secrepo.com/" "Mozilla/5.0 (X11; Linux x86_64) AppleWebKit/537.36 (KHTML, like Gecko) Chrome/85.0.4183.83 Safari/537.36" 
182.180.98.5 - - [27/May/2021:01:30:35 -0700] "GET /bootstrap/img/favicon.ico HTTP/1.1" 200 690 "http://www.secrepo.com/" "Mozilla/5.0 (X11; Linux x86_64) AppleWebKit/537.36 (KHTML, like Gecko) Chrome/85.0.4183.83 Safari/537.36" 
182.180.98.5 - - [27/May/2021:01:30:56 -0700] "GET /maccdc2012/smtp.log.gz HTTP/1.1" 200 6956 "-" "Mozilla/5.0 (X11; Linux x86_64) AppleWebKit/537.36 (KHTML, like Gecko) Chrome/85.0.4183.83 Safari/537.36" 
182.180.98.5 - - [27/May/2021:01:30:59 -0700] "GET /Datasets%20Description/Network/ssh.html HTTP/1.1" 200 1368 "http://www.secrepo.com/" "Mozilla/5.0 (X11; Linux x86_64) AppleWebKit/537.36 (KHTML, like Gecko) Chrome/85.0.4183.83 Safari/537.36" 
