216.244.66.245 - - [30/Jul/2021:21:27:22 -0700] "GET /self.logs/error.log.2017-04-21.gz HTTP/1.1" 200 892 "-" "Mozilla/5.0 (compatible; DotBot/1.2; +https://opensiteexplorer.org/dotbot; help@moz.com)" 
216.244.66.245 - - [30/Jul/2021:21:27:24 -0700] "GET /self.logs/error.log.2017-11-13.gz HTTP/1.1" 200 1999 "-" "Mozilla/5.0 (compatible; DotBot/1.2; +https://opensiteexplorer.org/dotbot; help@moz.com)" 
216.244.66.245 - - [30/Jul/2021:21:27:25 -0700] "GET /self.logs/error.log.2019-01-14.gz HTTP/1.1" 200 5729 "-" "Mozilla/5.0 (compatible; DotBot/1.2; +https://opensiteexplorer.org/dotbot; help@moz.com)" 
199.59.150.181 - - [30/Jul/2021:21:29:50 -0700] "GET /robots.txt HTTP/1.1" 200 333 "-" "Twitterbot/1.0" 
199.59.150.181 - - [30/Jul/2021:21:29:50 -0700] "GET / HTTP/1.1" 200 12805 "-" "Twitterbot/1.0" 
216.244.66.245 - - [30/Jul/2021:21:29:52 -0700] "GET /self.logs/2015/access.log.2015-06-07.gz HTTP/1.1" 200 3466 "-" "Mozilla/5.0 (compatible; DotBot/1.2; +https://opensiteexplorer.org/dotbot; help@moz.com)" 
216.244.66.245 - - [30/Jul/2021:21:29:53 -0700] "GET /self.logs/2015/access.log.2015-09-23.gz HTTP/1.1" 200 5821 "-" "Mozilla/5.0 (compatible; DotBot/1.2; +https://opensiteexplorer.org/dotbot; help@moz.com)" 
216.244.66.245 - - [30/Jul/2021:21:29:54 -0700] "GET /self.logs/2015/access.log.2015-11-08.gz HTTP/1.1" 200 6548 "-" "Mozilla/5.0 (compatible; DotBot/1.2; +https://opensiteexplorer.org/dotbot; help@moz.com)" 
216.244.66.245 - - [30/Jul/2021:21:29:55 -0700] "GET /self.logs/2015/error.log.2015-07-08.gz HTTP/1.1" 200 1231 "-" "Mozilla/5.0 (compatible; DotBot/1.2; +https://opensiteexplorer.org/dotbot; help@moz.com)" 
216.244.66.245 - - [30/Jul/2021:21:29:55 -0700] "GET /self.logs/2015/error.log.2015-11-08.gz HTTP/1.1" 200 684 "-" "Mozilla/5.0 (compatible; DotBot/1.2; +https://opensiteexplorer.org/dotbot; help@moz.com)" 
216.244.66.245 - - [30/Jul/2021:21:29:56 -0700] "GET /self.logs/2015/error.log.2015-11-28.gz HTTP/1.1" 200 638 "-" "Mozilla/5.0 (compatible; DotBot/1.2; +https://opensiteexplorer.org/dotbot; help@moz.com)" 
216.244.66.245 - - [30/Jul/2021:21:29:57 -0700] "GET /self.logs/2016/access.log.2016-03-25.gz HTTP/1.1" 200 11467 "-" "Mozilla/5.0 (compatible; DotBot/1.2; +https://opensiteexplorer.org/dotbot; help@moz.com)" 
216.244.66.245 - - [30/Jul/2021:21:29:58 -0700] "GET /self.logs/2016/access.log.2016-05-09.gz HTTP/1.1" 200 8426 "-" "Mozilla/5.0 (compatible; DotBot/1.2; +https://opensiteexplorer.org/dotbot; help@moz.com)" 
216.244.66.245 - - [30/Jul/2021:21:29:59 -0700] "GET /self.logs/2016/access.log.2016-10-25.gz HTTP/1.1" 200 13183 "-" "Mozilla/5.0 (compatible; DotBot/1.2; +https://opensiteexplorer.org/dotbot; help@moz.com)" 
216.244.66.245 - - [30/Jul/2021:21:30:00 -0700] "GET /self.logs/2016/error.log.2016-01-14.gz HTTP/1.1" 200 695 "-" "Mozilla/5.0 (compatible; DotBot/1.2; +https://opensiteexplorer.org/dotbot; help@moz.com)" 
216.244.66.245 - - [30/Jul/2021:21:30:01 -0700] "GET /self.logs/2016/error.log.2016-02-03.gz HTTP/1.1" 200 785 "-" "Mozilla/5.0 (compatible; DotBot/1.2; +https://opensiteexplorer.org/dotbot; help@moz.com)" 
216.244.66.245 - - [30/Jul/2021:21:30:02 -0700] "GET /self.logs/2016/error.log.2016-02-22.gz HTTP/1.1" 200 856 "-" "Mozilla/5.0 (compatible; DotBot/1.2; +https://opensiteexplorer.org/dotbot; help@moz.com)" 
216.244.66.245 - - [30/Jul/2021:21:30:03 -0700] "GET /self.logs/2016/error.log.2016-10-31.gz HTTP/1.1" 200 1088 "-" "Mozilla/5.0 (compatible; DotBot/1.2; +https://opensiteexplorer.org/dotbot; help@moz.com)" 
216.244.66.245 - - [30/Jul/2021:21:30:05 -0700] "GET /self.logs/access.log.2018-03-12.gz HTTP/1.1" 200 46373 "-" "Mozilla/5.0 (compatible; DotBot/1.2; +https://opensiteexplorer.org/dotbot; help@moz.com)" 
216.244.66.245 - - [30/Jul/2021:21:30:06 -0700] "GET /self.logs/access.log.2019-12-29.gz HTTP/1.1" 200 19343 "-" "Mozilla/5.0 (compatible; DotBot/1.2; +https://opensiteexplorer.org/dotbot; help@moz.com)" 
216.244.66.245 - - [30/Jul/2021:21:30:08 -0700] "GET /self.logs/error.log.2018-08-07.gz HTTP/1.1" 200 8474 "-" "Mozilla/5.0 (compatible; DotBot/1.2; +https://opensiteexplorer.org/dotbot; help@moz.com)" 
106.38.241.160 - - [30/Jul/2021:21:30:33 -0700] "GET / HTTP/1.1" 200 12846 "-" "Sogou web spider/4.0(+http://www.sogou.com/docs/help/webmasters.htm#07)" 
54.36.149.78 - - [30/Jul/2021:21:31:41 -0700] "GET /Datasets%20Description/?C=N;O=A HTTP/1.1" 200 633 "-" "Mozilla/5.0 (compatible; AhrefsBot/7.0; +http://ahrefs.com/robot/)" 
111.198.229.160 - - [30/Jul/2021:21:31:52 -0700] "GET / HTTP/1.1" 200 12883 "-" "Mozilla/5.0 (Macintosh; Intel Mac OS X 10_15_7) AppleWebKit/605.1.15 (KHTML, like Gecko)" 
111.198.229.160 - - [30/Jul/2021:21:31:53 -0700] "GET /apple-touch-icon-precomposed.png HTTP/1.1" 404 328 "-" "Safari%E6%B5%8F%E8%A7%88%E5%99%A8/16611.3.10.1.3 CFNetwork/1240.0.4 Darwin/20.6.0" 
111.198.229.160 - - [30/Jul/2021:21:31:53 -0700] "GET /apple-touch-icon.png HTTP/1.1" 404 305 "-" "Safari%E6%B5%8F%E8%A7%88%E5%99%A8/16611.3.10.1.3 CFNetwork/1240.0.4 Darwin/20.6.0" 
111.198.229.160 - - [30/Jul/2021:21:31:53 -0700] "GET /bootstrap/img/favicon.ico HTTP/1.1" 304 253 "-" "Safari%E6%B5%8F%E8%A7%88%E5%99%A8/16611.3.10.1.3 CFNetwork/1240.0.4 Darwin/20.6.0" 
111.198.229.160 - - [30/Jul/2021:21:31:54 -0700] "GET / HTTP/1.1" 200 12883 "-" "Mozilla/5.0 (iPhone; CPU iPhone OS 14_0 like Mac OS X) AppleWebKit/605.1.15 (KHTML, like Gecko) Version/14.0 Mobile/15E148 Safari/604.1" 
111.198.229.160 - - [30/Jul/2021:21:31:54 -0700] "GET /apple-touch-icon-precomposed.png HTTP/1.1" 404 305 "-" "Safari%E6%B5%8F%E8%A7%88%E5%99%A8/16611.3.10.1.3 CFNetwork/1240.0.4 Darwin/20.6.0" 
111.198.229.160 - - [30/Jul/2021:21:31:54 -0700] "GET /apple-touch-icon.png HTTP/1.1" 404 305 "-" "Safari%E6%B5%8F%E8%A7%88%E5%99%A8/16611.3.10.1.3 CFNetwork/1240.0.4 Darwin/20.6.0" 
114.119.157.43 - - [30/Jul/2021:21:35:52 -0700] "GET /self.logs/access.log.2018-08-22.gz HTTP/1.1" 200 24992 "-" "Mozilla/5.0 (Linux; Android 7.0;) AppleWebKit/537.36 (KHTML, like Gecko) Mobile Safari/537.36 (compatible; PetalBot;+https://webmaster.petalsearch.com/site/petalbot)" 
54.36.148.88 - - [30/Jul/2021:21:37:39 -0700] "GET /Datasets%20Description/Network/?C=S;O=A HTTP/1.1" 200 722 "-" "Mozilla/5.0 (compatible; AhrefsBot/7.0; +http://ahrefs.com/robot/)" 
98.210.77.43 - - [30/Jul/2021:21:39:00 -0700] "GET / HTTP/1.1" 200 12883 "-" "Mozilla/5.0 (iPhone; CPU iPhone OS 14_6 like Mac OS X) AppleWebKit/605.1.15 (KHTML, like Gecko) Version/14.1.1 Mobile/15E148 Safari/604.1" 
98.210.77.43 - - [30/Jul/2021:21:39:00 -0700] "GET /css/style.css HTTP/1.1" 404 305 "http://www.secrepo.com/" "Mozilla/5.0 (iPhone; CPU iPhone OS 14_6 like Mac OS X) AppleWebKit/605.1.15 (KHTML, like Gecko) Version/14.1.1 Mobile/15E148 Safari/604.1" 
98.210.77.43 - - [30/Jul/2021:21:39:00 -0700] "GET /twitter-icon.png HTTP/1.1" 200 27916 "http://www.secrepo.com/" "Mozilla/5.0 (iPhone; CPU iPhone OS 14_6 like Mac OS X) AppleWebKit/605.1.15 (KHTML, like Gecko) Version/14.1.1 Mobile/15E148 Safari/604.1" 
98.210.77.43 - - [30/Jul/2021:21:39:00 -0700] "GET /GitHub-Mark.png HTTP/1.1" 200 7556 "http://www.secrepo.com/" "Mozilla/5.0 (iPhone; CPU iPhone OS 14_6 like Mac OS X) AppleWebKit/605.1.15 (KHTML, like Gecko) Version/14.1.1 Mobile/15E148 Safari/604.1" 
98.210.77.43 - - [30/Jul/2021:21:39:02 -0700] "GET /bootstrap/img/favicon.ico HTTP/1.1" 200 713 "http://www.secrepo.com/" "Mozilla/5.0 (iPhone; CPU iPhone OS 14_6 like Mac OS X) AppleWebKit/605.1.15 (KHTML, like Gecko) Version/14.1.1 Mobile/15E148 Safari/604.1" 
114.119.140.84 - - [30/Jul/2021:21:42:24 -0700] "GET /self.logs/error.log.2018-02-20.gz HTTP/1.1" 200 4215 "-" "Mozilla/5.0 (Linux; Android 7.0;) AppleWebKit/537.36 (KHTML, like Gecko) Mobile Safari/537.36 (compatible; PetalBot;+https://webmaster.petalsearch.com/site/petalbot)" 
54.36.149.69 - - [30/Jul/2021:21:44:03 -0700] "GET /self.logs/error.log.2018-04-30.gz HTTP/1.1" 200 3373 "-" "Mozilla/5.0 (compatible; AhrefsBot/7.0; +http://ahrefs.com/robot/)" 
49.7.20.108 - - [30/Jul/2021:21:48:35 -0700] "GET / HTTP/1.1" 200 12846 "-" "Sogou web spider/4.0(+http://www.sogou.com/docs/help/webmasters.htm#07)" 
54.36.148.75 - - [30/Jul/2021:21:50:57 -0700] "GET /Datasets%20Description/Network/smtp.html HTTP/1.1" 200 1593 "-" "Mozilla/5.0 (compatible; AhrefsBot/7.0; +http://ahrefs.com/robot/)" 
106.38.241.178 - - [30/Jul/2021:21:54:27 -0700] "GET / HTTP/1.1" 200 12846 "-" "Sogou web spider/4.0(+http://www.sogou.com/docs/help/webmasters.htm#07)" 
106.38.241.160 - - [30/Jul/2021:21:54:39 -0700] "GET / HTTP/1.1" 200 12846 "-" "Sogou web spider/4.0(+http://www.sogou.com/docs/help/webmasters.htm#07)" 
54.36.149.59 - - [30/Jul/2021:21:57:14 -0700] "GET /Datasets%20Description/Network/files.html HTTP/1.1" 200 1488 "-" "Mozilla/5.0 (compatible; AhrefsBot/7.0; +http://ahrefs.com/robot/)" 
216.244.66.245 - - [30/Jul/2021:21:58:25 -0700] "GET /robots.txt HTTP/1.1" 200 333 "-" "Mozilla/5.0 (compatible; DotBot/1.2; +https://opensiteexplorer.org/dotbot; help@moz.com)" 
40.77.167.9 - - [30/Jul/2021:22:00:21 -0700] "GET /self.logs/error.log.2017-04-18.gz HTTP/1.1" 200 1054 "-" "Mozilla/5.0 (compatible; bingbot/2.0; +http://www.bing.com/bingbot.htm)" 
114.119.129.244 - - [30/Jul/2021:22:01:43 -0700] "GET /self.logs/error.log.2018-08-21.gz HTTP/1.1" 200 5472 "-" "Mozilla/5.0 (Linux; Android 7.0;) AppleWebKit/537.36 (KHTML, like Gecko) Mobile Safari/537.36 (compatible; PetalBot;+https://webmaster.petalsearch.com/site/petalbot)" 
54.36.148.181 - - [30/Jul/2021:22:04:11 -0700] "GET /Datasets%20Description/Network/weird.html HTTP/1.1" 200 1601 "-" "Mozilla/5.0 (compatible; AhrefsBot/7.0; +http://ahrefs.com/robot/)" 
54.36.148.102 - - [30/Jul/2021:22:10:44 -0700] "GET /Datasets%20Description/Network/ftp.html HTTP/1.1" 200 1486 "-" "Mozilla/5.0 (compatible; AhrefsBot/7.0; +http://ahrefs.com/robot/)" 
114.119.129.244 - - [30/Jul/2021:22:14:34 -0700] "GET /self.logs/error.log.2018-07-09.gz HTTP/1.1" 200 7340 "-" "Mozilla/5.0 (Linux; Android 7.0;) AppleWebKit/537.36 (KHTML, like Gecko) Mobile Safari/537.36 (compatible; PetalBot;+https://webmaster.petalsearch.com/site/petalbot)" 
216.244.66.245 - - [30/Jul/2021:22:17:13 -0700] "GET /self.logs/access.log.2017-11-16.gz HTTP/1.1" 200 27155 "-" "Mozilla/5.0 (compatible; DotBot/1.2; +https://opensiteexplorer.org/dotbot; help@moz.com)" 
216.244.66.245 - - [30/Jul/2021:22:17:17 -0700] "GET /self.logs/access.log.2018-10-25.gz HTTP/1.1" 200 56941 "-" "Mozilla/5.0 (compatible; DotBot/1.2; +https://opensiteexplorer.org/dotbot; help@moz.com)" 
216.244.66.245 - - [30/Jul/2021:22:17:21 -0700] "GET /self.logs/access.log.2018-11-29.gz HTTP/1.1" 200 23252 "-" "Mozilla/5.0 (compatible; DotBot/1.2; +https://opensiteexplorer.org/dotbot; help@moz.com)" 
54.36.148.220 - - [30/Jul/2021:22:17:24 -0700] "GET /maccdc2012/conn.log.gz HTTP/1.1" 200 78840 "-" "Mozilla/5.0 (compatible; AhrefsBot/7.0; +http://ahrefs.com/robot/)" 
216.244.66.245 - - [30/Jul/2021:22:17:24 -0700] "GET /self.logs/access.log.2018-12-04.gz HTTP/1.1" 200 28832 "-" "Mozilla/5.0 (compatible; DotBot/1.2; +https://opensiteexplorer.org/dotbot; help@moz.com)" 
216.244.66.245 - - [30/Jul/2021:22:17:27 -0700] "GET /self.logs/access.log.2019-04-25.gz HTTP/1.1" 200 26906 "-" "Mozilla/5.0 (compatible; DotBot/1.2; +https://opensiteexplorer.org/dotbot; help@moz.com)" 
216.244.66.245 - - [30/Jul/2021:22:17:30 -0700] "GET /self.logs/access.log.2019-05-08.gz HTTP/1.1" 200 27078 "-" "Mozilla/5.0 (compatible; DotBot/1.2; +https://opensiteexplorer.org/dotbot; help@moz.com)" 
216.244.66.245 - - [30/Jul/2021:22:17:32 -0700] "GET /self.logs/access.log.2019-12-23.gz HTTP/1.1" 200 17231 "-" "Mozilla/5.0 (compatible; DotBot/1.2; +https://opensiteexplorer.org/dotbot; help@moz.com)" 
216.244.66.245 - - [30/Jul/2021:22:17:33 -0700] "GET /self.logs/error.log.2017-03-13.gz HTTP/1.1" 200 1223 "-" "Mozilla/5.0 (compatible; DotBot/1.2; +https://opensiteexplorer.org/dotbot; help@moz.com)" 
216.244.66.245 - - [30/Jul/2021:22:17:35 -0700] "GET /self.logs/error.log.2017-07-01.gz HTTP/1.1" 200 864 "-" "Mozilla/5.0 (compatible; DotBot/1.2; +https://opensiteexplorer.org/dotbot; help@moz.com)" 
216.244.66.245 - - [30/Jul/2021:22:17:36 -0700] "GET /self.logs/error.log.2017-07-06.gz HTTP/1.1" 200 1165 "-" "Mozilla/5.0 (compatible; DotBot/1.2; +https://opensiteexplorer.org/dotbot; help@moz.com)" 
216.244.66.245 - - [30/Jul/2021:22:17:37 -0700] "GET /self.logs/error.log.2017-12-13.gz HTTP/1.1" 200 2037 "-" "Mozilla/5.0 (compatible; DotBot/1.2; +https://opensiteexplorer.org/dotbot; help@moz.com)" 
216.244.66.245 - - [30/Jul/2021:22:17:38 -0700] "GET /self.logs/error.log.2018-01-10.gz HTTP/1.1" 200 2250 "-" "Mozilla/5.0 (compatible; DotBot/1.2; +https://opensiteexplorer.org/dotbot; help@moz.com)" 
216.244.66.245 - - [30/Jul/2021:22:17:39 -0700] "GET /self.logs/error.log.2018-09-14.gz HTTP/1.1" 200 8400 "-" "Mozilla/5.0 (compatible; DotBot/1.2; +https://opensiteexplorer.org/dotbot; help@moz.com)" 
216.244.66.245 - - [30/Jul/2021:22:17:40 -0700] "GET /self.logs/error.log.2018-10-23.gz HTTP/1.1" 200 4823 "-" "Mozilla/5.0 (compatible; DotBot/1.2; +https://opensiteexplorer.org/dotbot; help@moz.com)" 
216.244.66.245 - - [30/Jul/2021:22:17:42 -0700] "GET /self.logs/error.log.2018-12-03.gz HTTP/1.1" 200 4350 "-" "Mozilla/5.0 (compatible; DotBot/1.2; +https://opensiteexplorer.org/dotbot; help@moz.com)" 
185.191.171.39 - - [30/Jul/2021:22:17:59 -0700] "GET /self.logs/error.log.2019-10-22 HTTP/1.1" 200 314 "-" "Mozilla/5.0 (compatible; SemrushBot/7~bl; +http://www.semrush.com/bot.html)" 
106.38.241.160 - - [30/Jul/2021:22:18:55 -0700] "GET / HTTP/1.1" 200 12845 "-" "Sogou web spider/4.0(+http://www.sogou.com/docs/help/webmasters.htm#07)" 
207.46.13.115 - - [30/Jul/2021:22:19:17 -0700] "GET /self.logs/error.log.2017-09-21.gz HTTP/1.1" 301 541 "-" "Mozilla/5.0 (compatible; bingbot/2.0; +http://www.bing.com/bingbot.htm)" 
216.244.66.245 - - [30/Jul/2021:22:20:06 -0700] "GET /self.logs/2015/access.log.2015-03-28.gz HTTP/1.1" 200 3488 "-" "Mozilla/5.0 (compatible; DotBot/1.2; +https://opensiteexplorer.org/dotbot; help@moz.com)" 
216.244.66.245 - - [30/Jul/2021:22:20:07 -0700] "GET /self.logs/2015/access.log.2015-09-19.gz HTTP/1.1" 200 5537 "-" "Mozilla/5.0 (compatible; DotBot/1.2; +https://opensiteexplorer.org/dotbot; help@moz.com)" 
216.244.66.245 - - [30/Jul/2021:22:20:07 -0700] "GET /self.logs/2015/access.log.2015-12-12.gz HTTP/1.1" 200 5458 "-" "Mozilla/5.0 (compatible; DotBot/1.2; +https://opensiteexplorer.org/dotbot; help@moz.com)" 
216.244.66.245 - - [30/Jul/2021:22:20:08 -0700] "GET /self.logs/2015/error.log.2015-01-19.gz HTTP/1.1" 200 1195 "-" "Mozilla/5.0 (compatible; DotBot/1.2; +https://opensiteexplorer.org/dotbot; help@moz.com)" 
216.244.66.245 - - [30/Jul/2021:22:20:09 -0700] "GET /self.logs/2015/error.log.2015-03-03.gz HTTP/1.1" 200 929 "-" "Mozilla/5.0 (compatible; DotBot/1.2; +https://opensiteexplorer.org/dotbot; help@moz.com)" 
216.244.66.245 - - [30/Jul/2021:22:20:10 -0700] "GET /self.logs/2015/error.log.2015-05-25.gz HTTP/1.1" 200 790 "-" "Mozilla/5.0 (compatible; DotBot/1.2; +https://opensiteexplorer.org/dotbot; help@moz.com)" 
216.244.66.245 - - [30/Jul/2021:22:20:11 -0700] "GET /self.logs/2016/access.log.2016-01-21.gz HTTP/1.1" 200 5601 "-" "Mozilla/5.0 (compatible; DotBot/1.2; +https://opensiteexplorer.org/dotbot; help@moz.com)" 
216.244.66.245 - - [30/Jul/2021:22:20:12 -0700] "GET /self.logs/2016/access.log.2016-02-22.gz HTTP/1.1" 200 10387 "-" "Mozilla/5.0 (compatible; DotBot/1.2; +https://opensiteexplorer.org/dotbot; help@moz.com)" 
216.244.66.245 - - [30/Jul/2021:22:20:12 -0700] "GET /self.logs/2016/access.log.2016-10-11.gz HTTP/1.1" 200 18720 "-" "Mozilla/5.0 (compatible; DotBot/1.2; +https://opensiteexplorer.org/dotbot; help@moz.com)" 
216.244.66.245 - - [30/Jul/2021:22:20:13 -0700] "GET /self.logs/2016/error.log.2016-08-30.gz HTTP/1.1" 200 881 "-" "Mozilla/5.0 (compatible; DotBot/1.2; +https://opensiteexplorer.org/dotbot; help@moz.com)" 
216.244.66.245 - - [30/Jul/2021:22:20:14 -0700] "GET /self.logs/2016/error.log.2016-09-01.gz HTTP/1.1" 200 764 "-" "Mozilla/5.0 (compatible; DotBot/1.2; +https://opensiteexplorer.org/dotbot; help@moz.com)" 
216.244.66.245 - - [30/Jul/2021:22:20:15 -0700] "GET /self.logs/2016/error.log.2016-10-30.gz HTTP/1.1" 200 839 "-" "Mozilla/5.0 (compatible; DotBot/1.2; +https://opensiteexplorer.org/dotbot; help@moz.com)" 
216.244.66.245 - - [30/Jul/2021:22:20:16 -0700] "GET /self.logs/access.log.2017-02-20.gz HTTP/1.1" 200 19053 "-" "Mozilla/5.0 (compatible; DotBot/1.2; +https://opensiteexplorer.org/dotbot; help@moz.com)" 
216.244.66.245 - - [30/Jul/2021:22:20:18 -0700] "GET /self.logs/access.log.2017-04-12.gz HTTP/1.1" 200 28131 "-" "Mozilla/5.0 (compatible; DotBot/1.2; +https://opensiteexplorer.org/dotbot; help@moz.com)" 
216.244.66.245 - - [30/Jul/2021:22:20:21 -0700] "GET /self.logs/error.log.2018-02-03.gz HTTP/1.1" 200 4723 "-" "Mozilla/5.0 (compatible; DotBot/1.2; +https://opensiteexplorer.org/dotbot; help@moz.com)" 
216.244.66.245 - - [30/Jul/2021:22:20:22 -0700] "GET /self.logs/error.log.2018-06-02.gz HTTP/1.1" 200 4482 "-" "Mozilla/5.0 (compatible; DotBot/1.2; +https://opensiteexplorer.org/dotbot; help@moz.com)" 
216.244.66.245 - - [30/Jul/2021:22:20:24 -0700] "GET /self.logs/error.log.2018-07-08.gz HTTP/1.1" 200 7384 "-" "Mozilla/5.0 (compatible; DotBot/1.2; +https://opensiteexplorer.org/dotbot; help@moz.com)" 
216.244.66.245 - - [30/Jul/2021:22:20:26 -0700] "GET /self.logs/error.log.2018-12-24.gz HTTP/1.1" 200 2647 "-" "Mozilla/5.0 (compatible; DotBot/1.2; +https://opensiteexplorer.org/dotbot; help@moz.com)" 
216.244.66.245 - - [30/Jul/2021:22:20:27 -0700] "GET /self.logs/error.log.2019-04-17.gz HTTP/1.1" 200 4580 "-" "Mozilla/5.0 (compatible; DotBot/1.2; +https://opensiteexplorer.org/dotbot; help@moz.com)" 
216.244.66.245 - - [30/Jul/2021:22:20:28 -0700] "GET /self.logs/error.log.2019-04-29.gz HTTP/1.1" 200 15477 "-" "Mozilla/5.0 (compatible; DotBot/1.2; +https://opensiteexplorer.org/dotbot; help@moz.com)" 
114.119.140.84 - - [30/Jul/2021:22:21:06 -0700] "GET /self.logs/2015/error.log.2015-09-17.gz HTTP/1.1" 200 896 "-" "Mozilla/5.0 (Linux; Android 7.0;) AppleWebKit/537.36 (KHTML, like Gecko) Mobile Safari/537.36 (compatible; PetalBot;+https://webmaster.petalsearch.com/site/petalbot)" 
54.36.148.11 - - [30/Jul/2021:22:24:09 -0700] "GET /maccdc2012/tunnel.log.gz HTTP/1.1" 200 5238 "-" "Mozilla/5.0 (compatible; AhrefsBot/7.0; +http://ahrefs.com/robot/)" 
114.119.157.43 - - [30/Jul/2021:22:27:49 -0700] "GET /self.logs/2015/error.log.2015-08-11.gz HTTP/1.1" 200 898 "-" "Mozilla/5.0 (Linux; Android 7.0;) AppleWebKit/537.36 (KHTML, like Gecko) Mobile Safari/537.36 (compatible; PetalBot;+https://webmaster.petalsearch.com/site/petalbot)" 
54.36.149.11 - - [30/Jul/2021:22:31:14 -0700] "GET /maccdc2012/notice.log.gz HTTP/1.1" 200 20753 "-" "Mozilla/5.0 (compatible; AhrefsBot/7.0; +http://ahrefs.com/robot/)" 
132.154.90.194 - - [30/Jul/2021:22:32:04 -0700] "GET / HTTP/1.1" 200 12882 "-" "Mozilla/5.0 (X11; Linux i686; rv:78.0) Gecko/20100101 Firefox/78.0" 
132.154.90.194 - - [30/Jul/2021:22:32:05 -0700] "GET /css/style.css HTTP/1.1" 404 328 "http://www.secrepo.com/" "Mozilla/5.0 (X11; Linux i686; rv:78.0) Gecko/20100101 Firefox/78.0" 
132.154.90.194 - - [30/Jul/2021:22:32:05 -0700] "GET /twitter-icon.png HTTP/1.1" 200 27916 "http://www.secrepo.com/" "Mozilla/5.0 (X11; Linux i686; rv:78.0) Gecko/20100101 Firefox/78.0" 
132.154.90.194 - - [30/Jul/2021:22:32:05 -0700] "GET /GitHub-Mark.png HTTP/1.1" 200 7533 "http://www.secrepo.com/" "Mozilla/5.0 (X11; Linux i686; rv:78.0) Gecko/20100101 Firefox/78.0" 
132.154.90.194 - - [30/Jul/2021:22:32:05 -0700] "GET /bootstrap/img/favicon.ico HTTP/1.1" 200 690 "-" "Mozilla/5.0 (X11; Linux i686; rv:78.0) Gecko/20100101 Firefox/78.0" 
114.119.140.84 - - [30/Jul/2021:22:34:42 -0700] "GET /self.logs/2015/error.log.2015-07-06.gz HTTP/1.1" 200 782 "-" "Mozilla/5.0 (Linux; Android 7.0;) AppleWebKit/537.36 (KHTML, like Gecko) Mobile Safari/537.36 (compatible; PetalBot;+https://webmaster.petalsearch.com/site/petalbot)" 
54.36.148.67 - - [30/Jul/2021:22:38:19 -0700] "GET /Datasets%20Description/Network/notice.html HTTP/1.1" 200 1606 "-" "Mozilla/5.0 (compatible; AhrefsBot/7.0; +http://ahrefs.com/robot/)" 
114.119.144.30 - - [30/Jul/2021:22:42:00 -0700] "GET /self.logs/access.log.2018-10-17.gz HTTP/1.1" 200 26574 "-" "Mozilla/5.0 (Linux; Android 7.0;) AppleWebKit/537.36 (KHTML, like Gecko) Mobile Safari/537.36 (compatible; PetalBot;+https://webmaster.petalsearch.com/site/petalbot)" 
106.38.241.160 - - [30/Jul/2021:22:42:38 -0700] "GET / HTTP/1.1" 200 12845 "-" "Sogou web spider/4.0(+http://www.sogou.com/docs/help/webmasters.htm#07)" 
54.36.149.73 - - [30/Jul/2021:22:44:47 -0700] "GET /Datasets%20Description/Network/tunnel.html HTTP/1.1" 200 1426 "-" "Mozilla/5.0 (compatible; AhrefsBot/7.0; +http://ahrefs.com/robot/)" 
185.191.171.23 - - [30/Jul/2021:22:47:54 -0700] "GET /self.logs/error.log.2020-01-01 HTTP/1.1" 200 314 "-" "Mozilla/5.0 (compatible; SemrushBot/7~bl; +http://www.semrush.com/bot.html)" 
49.7.20.108 - - [30/Jul/2021:22:49:13 -0700] "GET / HTTP/1.1" 200 12846 "-" "Sogou web spider/4.0(+http://www.sogou.com/docs/help/webmasters.htm#07)" 
216.244.66.245 - - [30/Jul/2021:22:50:17 -0700] "GET /robots.txt HTTP/1.1" 200 333 "-" "Mozilla/5.0 (compatible; DotBot/1.2; +https://opensiteexplorer.org/dotbot; help@moz.com)" 
54.36.149.81 - - [30/Jul/2021:22:51:17 -0700] "GET /Datasets%20Description/PE_malware/Zeus.html HTTP/1.1" 200 1654 "-" "Mozilla/5.0 (compatible; AhrefsBot/7.0; +http://ahrefs.com/robot/)" 
54.36.148.17 - - [30/Jul/2021:22:57:31 -0700] "GET /Datasets%20Description/Network/ssl.html HTTP/1.1" 200 1541 "-" "Mozilla/5.0 (compatible; AhrefsBot/7.0; +http://ahrefs.com/robot/)" 
106.38.241.178 - - [30/Jul/2021:23:01:53 -0700] "GET / HTTP/1.1" 200 12845 "-" "Sogou web spider/4.0(+http://www.sogou.com/docs/help/webmasters.htm#07)" 
54.36.148.69 - - [30/Jul/2021:23:03:10 -0700] "GET /Datasets%20Description/PE_malware/OPCleaver.html HTTP/1.1" 200 1414 "-" "Mozilla/5.0 (compatible; AhrefsBot/7.0; +http://ahrefs.com/robot/)" 
114.119.144.30 - - [30/Jul/2021:23:03:11 -0700] "GET /self.logs/2015/error.log.2015-06-25.gz HTTP/1.1" 200 1189 "-" "Mozilla/5.0 (Linux; Android 7.0;) AppleWebKit/537.36 (KHTML, like Gecko) Mobile Safari/537.36 (compatible; PetalBot;+https://webmaster.petalsearch.com/site/petalbot)" 
157.55.39.159 - - [30/Jul/2021:23:04:43 -0700] "GET /Datasets%20Description/HTML_Bro_log_1/conn.html HTTP/1.1" 200 2011 "-" "Mozilla/5.0 (compatible; bingbot/2.0; +http://www.bing.com/bingbot.htm)" 
106.38.241.160 - - [30/Jul/2021:23:06:35 -0700] "GET / HTTP/1.1" 200 12845 "-" "Sogou web spider/4.0(+http://www.sogou.com/docs/help/webmasters.htm#07)" 
54.36.149.59 - - [30/Jul/2021:23:08:43 -0700] "GET /maccdc2012/ssl.log.gz HTTP/1.1" 200 73000 "-" "Mozilla/5.0 (compatible; AhrefsBot/7.0; +http://ahrefs.com/robot/)" 
216.244.66.245 - - [30/Jul/2021:23:09:10 -0700] "GET /self.logs/access.log.2017-05-05.gz HTTP/1.1" 200 14638 "-" "Mozilla/5.0 (compatible; DotBot/1.2; +https://opensiteexplorer.org/dotbot; help@moz.com)" 
216.244.66.245 - - [30/Jul/2021:23:09:15 -0700] "GET /self.logs/access.log.2017-06-19.gz HTTP/1.1" 200 27770 "-" "Mozilla/5.0 (compatible; DotBot/1.2; +https://opensiteexplorer.org/dotbot; help@moz.com)" 
216.244.66.245 - - [30/Jul/2021:23:09:18 -0700] "GET /self.logs/access.log.2017-09-16.gz HTTP/1.1" 200 35618 "-" "Mozilla/5.0 (compatible; DotBot/1.2; +https://opensiteexplorer.org/dotbot; help@moz.com)" 
216.244.66.245 - - [30/Jul/2021:23:09:22 -0700] "GET /self.logs/access.log.2017-10-10.gz HTTP/1.1" 200 23007 "-" "Mozilla/5.0 (compatible; DotBot/1.2; +https://opensiteexplorer.org/dotbot; help@moz.com)" 
216.244.66.245 - - [30/Jul/2021:23:09:25 -0700] "GET /self.logs/access.log.2017-12-24.gz HTTP/1.1" 200 15354 "-" "Mozilla/5.0 (compatible; DotBot/1.2; +https://opensiteexplorer.org/dotbot; help@moz.com)" 
216.244.66.245 - - [30/Jul/2021:23:09:27 -0700] "GET /self.logs/access.log.2018-04-14.gz HTTP/1.1" 200 15910 "-" "Mozilla/5.0 (compatible; DotBot/1.2; +https://opensiteexplorer.org/dotbot; help@moz.com)" 
216.244.66.245 - - [30/Jul/2021:23:09:29 -0700] "GET /self.logs/access.log.2018-05-26.gz HTTP/1.1" 200 18464 "-" "Mozilla/5.0 (compatible; DotBot/1.2; +https://opensiteexplorer.org/dotbot; help@moz.com)" 
216.244.66.245 - - [30/Jul/2021:23:09:31 -0700] "GET /self.logs/access.log.2018-06-13.gz HTTP/1.1" 200 27005 "-" "Mozilla/5.0 (compatible; DotBot/1.2; +https://opensiteexplorer.org/dotbot; help@moz.com)" 
216.244.66.245 - - [30/Jul/2021:23:09:33 -0700] "GET /self.logs/access.log.2018-06-20.gz HTTP/1.1" 200 24235 "-" "Mozilla/5.0 (compatible; DotBot/1.2; +https://opensiteexplorer.org/dotbot; help@moz.com)" 
216.244.66.245 - - [30/Jul/2021:23:09:34 -0700] "GET /self.logs/access.log.2018-07-05.gz HTTP/1.1" 200 22420 "-" "Mozilla/5.0 (compatible; DotBot/1.2; +https://opensiteexplorer.org/dotbot; help@moz.com)" 
216.244.66.245 - - [30/Jul/2021:23:09:36 -0700] "GET /self.logs/access.log.2019-04-03.gz HTTP/1.1" 200 28929 "-" "Mozilla/5.0 (compatible; DotBot/1.2; +https://opensiteexplorer.org/dotbot; help@moz.com)" 
216.244.66.245 - - [30/Jul/2021:23:09:38 -0700] "GET /self.logs/access.log.2019-05-10.gz HTTP/1.1" 200 29780 "-" "Mozilla/5.0 (compatible; DotBot/1.2; +https://opensiteexplorer.org/dotbot; help@moz.com)" 
216.244.66.245 - - [30/Jul/2021:23:09:41 -0700] "GET /self.logs/access.log.2019-07-09.gz HTTP/1.1" 200 24725 "-" "Mozilla/5.0 (compatible; DotBot/1.2; +https://opensiteexplorer.org/dotbot; help@moz.com)" 
216.244.66.245 - - [30/Jul/2021:23:09:43 -0700] "GET /self.logs/access.log.2019-08-15.gz HTTP/1.1" 200 24783 "-" "Mozilla/5.0 (compatible; DotBot/1.2; +https://opensiteexplorer.org/dotbot; help@moz.com)" 
216.244.66.245 - - [30/Jul/2021:23:09:45 -0700] "GET /self.logs/access.log.2019-10-10.gz HTTP/1.1" 200 30780 "-" "Mozilla/5.0 (compatible; DotBot/1.2; +https://opensiteexplorer.org/dotbot; help@moz.com)" 
216.244.66.245 - - [30/Jul/2021:23:09:47 -0700] "GET /self.logs/access.log.2019-10-11.gz HTTP/1.1" 200 22988 "-" "Mozilla/5.0 (compatible; DotBot/1.2; +https://opensiteexplorer.org/dotbot; help@moz.com)" 
216.244.66.245 - - [30/Jul/2021:23:09:48 -0700] "GET /self.logs/error.log.2017-01-04.gz HTTP/1.1" 200 4159 "-" "Mozilla/5.0 (compatible; DotBot/1.2; +https://opensiteexplorer.org/dotbot; help@moz.com)" 
216.244.66.245 - - [30/Jul/2021:23:09:50 -0700] "GET /self.logs/error.log.2017-04-24.gz HTTP/1.1" 200 857 "-" "Mozilla/5.0 (compatible; DotBot/1.2; +https://opensiteexplorer.org/dotbot; help@moz.com)" 
216.244.66.245 - - [30/Jul/2021:23:09:51 -0700] "GET /self.logs/error.log.2017-05-20.gz HTTP/1.1" 200 2271 "-" "Mozilla/5.0 (compatible; DotBot/1.2; +https://opensiteexplorer.org/dotbot; help@moz.com)" 
216.244.66.245 - - [30/Jul/2021:23:09:51 -0700] "GET /self.logs/error.log.2017-05-29.gz HTTP/1.1" 200 1441 "-" "Mozilla/5.0 (compatible; DotBot/1.2; +https://opensiteexplorer.org/dotbot; help@moz.com)" 
216.244.66.245 - - [30/Jul/2021:23:09:52 -0700] "GET /self.logs/error.log.2018-09-26.gz HTTP/1.1" 200 5406 "-" "Mozilla/5.0 (compatible; DotBot/1.2; +https://opensiteexplorer.org/dotbot; help@moz.com)" 
216.244.66.245 - - [30/Jul/2021:23:09:53 -0700] "GET /self.logs/error.log.2018-10-29.gz HTTP/1.1" 200 4305 "-" "Mozilla/5.0 (compatible; DotBot/1.2; +https://opensiteexplorer.org/dotbot; help@moz.com)" 
216.244.66.245 - - [30/Jul/2021:23:09:54 -0700] "GET /self.logs/error.log.2018-12-28.gz HTTP/1.1" 200 4754 "-" "Mozilla/5.0 (compatible; DotBot/1.2; +https://opensiteexplorer.org/dotbot; help@moz.com)" 
216.244.66.245 - - [30/Jul/2021:23:09:55 -0700] "GET /self.logs/error.log.2019-01-01.gz HTTP/1.1" 200 7181 "-" "Mozilla/5.0 (compatible; DotBot/1.2; +https://opensiteexplorer.org/dotbot; help@moz.com)" 
216.244.66.245 - - [30/Jul/2021:23:11:53 -0700] "GET /self.logs/2015/access.log.2015-04-22.gz HTTP/1.1" 200 14711 "-" "Mozilla/5.0 (compatible; DotBot/1.2; +https://opensiteexplorer.org/dotbot; help@moz.com)" 
216.244.66.245 - - [30/Jul/2021:23:11:54 -0700] "GET /self.logs/2015/access.log.2015-05-02.gz HTTP/1.1" 200 4177 "-" "Mozilla/5.0 (compatible; DotBot/1.2; +https://opensiteexplorer.org/dotbot; help@moz.com)" 
216.244.66.245 - - [30/Jul/2021:23:11:55 -0700] "GET /self.logs/2015/access.log.2015-06-11.gz HTTP/1.1" 200 9790 "-" "Mozilla/5.0 (compatible; DotBot/1.2; +https://opensiteexplorer.org/dotbot; help@moz.com)" 
216.244.66.245 - - [30/Jul/2021:23:11:55 -0700] "GET /self.logs/2015/access.log.2015-06-17.gz HTTP/1.1" 200 5802 "-" "Mozilla/5.0 (compatible; DotBot/1.2; +https://opensiteexplorer.org/dotbot; help@moz.com)" 
216.244.66.245 - - [30/Jul/2021:23:11:56 -0700] "GET /self.logs/2015/access.log.2015-07-12.gz HTTP/1.1" 200 4586 "-" "Mozilla/5.0 (compatible; DotBot/1.2; +https://opensiteexplorer.org/dotbot; help@moz.com)" 
216.244.66.245 - - [30/Jul/2021:23:11:57 -0700] "GET /self.logs/2015/access.log.2015-07-31.gz HTTP/1.1" 200 4464 "-" "Mozilla/5.0 (compatible; DotBot/1.2; +https://opensiteexplorer.org/dotbot; help@moz.com)" 
216.244.66.245 - - [30/Jul/2021:23:11:58 -0700] "GET /self.logs/2015/access.log.2015-08-14.gz HTTP/1.1" 200 7342 "-" "Mozilla/5.0 (compatible; DotBot/1.2; +https://opensiteexplorer.org/dotbot; help@moz.com)" 
216.244.66.245 - - [30/Jul/2021:23:11:58 -0700] "GET /self.logs/2015/error.log.2015-08-27.gz HTTP/1.1" 200 971 "-" "Mozilla/5.0 (compatible; DotBot/1.2; +https://opensiteexplorer.org/dotbot; help@moz.com)" 
216.244.66.245 - - [30/Jul/2021:23:11:59 -0700] "GET /self.logs/2015/error.log.2015-11-09.gz HTTP/1.1" 200 817 "-" "Mozilla/5.0 (compatible; DotBot/1.2; +https://opensiteexplorer.org/dotbot; help@moz.com)" 
216.244.66.245 - - [30/Jul/2021:23:12:00 -0700] "GET /self.logs/2016/access.log.2016-09-08.gz HTTP/1.1" 200 10856 "-" "Mozilla/5.0 (compatible; DotBot/1.2; +https://opensiteexplorer.org/dotbot; help@moz.com)" 
216.244.66.245 - - [30/Jul/2021:23:12:01 -0700] "GET /self.logs/2016/error.log.2016-04-29.gz HTTP/1.1" 200 750 "-" "Mozilla/5.0 (compatible; DotBot/1.2; +https://opensiteexplorer.org/dotbot; help@moz.com)" 
216.244.66.245 - - [30/Jul/2021:23:12:01 -0700] "GET /self.logs/2016/error.log.2016-05-10.gz HTTP/1.1" 200 854 "-" "Mozilla/5.0 (compatible; DotBot/1.2; +https://opensiteexplorer.org/dotbot; help@moz.com)" 
216.244.66.245 - - [30/Jul/2021:23:12:02 -0700] "GET /self.logs/2016/error.log.2016-05-12.gz HTTP/1.1" 200 1048 "-" "Mozilla/5.0 (compatible; DotBot/1.2; +https://opensiteexplorer.org/dotbot; help@moz.com)" 
216.244.66.245 - - [30/Jul/2021:23:12:03 -0700] "GET /self.logs/2016/error.log.2016-10-24.gz HTTP/1.1" 200 794 "-" "Mozilla/5.0 (compatible; DotBot/1.2; +https://opensiteexplorer.org/dotbot; help@moz.com)" 
216.244.66.245 - - [30/Jul/2021:23:12:03 -0700] "GET /self.logs/2016/error.log.2016-11-24.gz HTTP/1.1" 200 850 "-" "Mozilla/5.0 (compatible; DotBot/1.2; +https://opensiteexplorer.org/dotbot; help@moz.com)" 
216.244.66.245 - - [30/Jul/2021:23:12:04 -0700] "GET /self.logs/access.log.2017-02-21.gz HTTP/1.1" 200 15979 "-" "Mozilla/5.0 (compatible; DotBot/1.2; +https://opensiteexplorer.org/dotbot; help@moz.com)" 
216.244.66.245 - - [30/Jul/2021:23:12:05 -0700] "GET /self.logs/access.log.2017-09-20.gz HTTP/1.1" 200 53931 "-" "Mozilla/5.0 (compatible; DotBot/1.2; +https://opensiteexplorer.org/dotbot; help@moz.com)" 
216.244.66.245 - - [30/Jul/2021:23:12:06 -0700] "GET /self.logs/error.log.2019-02-10.gz HTTP/1.1" 200 4083 "-" "Mozilla/5.0 (compatible; DotBot/1.2; +https://opensiteexplorer.org/dotbot; help@moz.com)" 
216.244.66.245 - - [30/Jul/2021:23:12:07 -0700] "GET /self.logs/error.log.2019-05-16.gz HTTP/1.1" 200 5394 "-" "Mozilla/5.0 (compatible; DotBot/1.2; +https://opensiteexplorer.org/dotbot; help@moz.com)" 
112.22.0.226 - - [30/Jul/2021:23:12:47 -0700] "GET /favicon.ico HTTP/1.1" 200 391 "-" "Mozilla/5.0 (Windows NT 10.0; WOW64) AppleWebKit/537.36 (KHTML, like Gecko) Chrome/86.0.4240.198 Safari/537.36" 
54.36.148.197 - - [30/Jul/2021:23:14:39 -0700] "GET /Datasets%20Description/Network/ssh.html HTTP/1.1" 200 1324 "-" "Mozilla/5.0 (compatible; AhrefsBot/7.0; +http://ahrefs.com/robot/)" 
183.213.50.54 - - [30/Jul/2021:23:15:14 -0700] "GET / HTTP/1.1" 200 12883 "-" "Dalvik/2.1.0 (Linux; U; Android 7.0; ZTE BA520 Build/MRA58K)" 
114.119.144.30 - - [30/Jul/2021:23:17:05 -0700] "GET /self.logs/access.log.2020-06-02.gz HTTP/1.1" 200 19183 "-" "Mozilla/5.0 (Linux; Android 7.0;) AppleWebKit/537.36 (KHTML, like Gecko) Mobile Safari/537.36 (compatible; PetalBot;+https://webmaster.petalsearch.com/site/petalbot)" 
183.213.50.54 - - [30/Jul/2021:23:17:08 -0700] "GET / HTTP/1.1" 200 12883 "-" "Mozilla/5.0 (Macintosh; Intel Mac OS X 10_11) AppleWebKit/601.1.27 (KHTML, like Gecko) Chrome/47.0.2526.106 Safari/601.1.27" 
54.36.148.59 - - [30/Jul/2021:23:20:38 -0700] "GET /maccdc2012/smtp.log.gz HTTP/1.1" 200 6912 "-" "Mozilla/5.0 (compatible; AhrefsBot/7.0; +http://ahrefs.com/robot/)" 
114.119.159.40 - - [30/Jul/2021:23:23:56 -0700] "GET /self.logs/access.log.2020-06-30.gz HTTP/1.1" 200 15593 "-" "Mozilla/5.0 (Linux; Android 7.0;) AppleWebKit/537.36 (KHTML, like Gecko) Mobile Safari/537.36 (compatible; PetalBot;+https://webmaster.petalsearch.com/site/petalbot)" 
54.36.149.87 - - [30/Jul/2021:23:26:29 -0700] "GET /self.logs/access.log.2021-07-19.gz HTTP/1.1" 200 15499 "-" "Mozilla/5.0 (compatible; AhrefsBot/7.0; +http://ahrefs.com/robot/)" 
106.38.241.160 - - [30/Jul/2021:23:28:45 -0700] "GET / HTTP/1.1" 200 12846 "-" "Sogou web spider/4.0(+http://www.sogou.com/docs/help/webmasters.htm#07)" 
54.36.148.205 - - [30/Jul/2021:23:32:32 -0700] "GET /self.logs/access.log.2021-07-20.gz HTTP/1.1" 200 10197 "-" "Mozilla/5.0 (compatible; AhrefsBot/7.0; +http://ahrefs.com/robot/)" 
106.38.241.144 - - [30/Jul/2021:23:37:54 -0700] "GET / HTTP/1.1" 200 12846 "-" "Sogou web spider/4.0(+http://www.sogou.com/docs/help/webmasters.htm#07)" 
54.36.148.96 - - [30/Jul/2021:23:38:39 -0700] "GET /self.logs/access.log.2021-07-21.gz HTTP/1.1" 200 11333 "-" "Mozilla/5.0 (compatible; AhrefsBot/7.0; +http://ahrefs.com/robot/)" 
106.38.241.144 - - [30/Jul/2021:23:40:50 -0700] "GET / HTTP/1.1" 200 12846 "-" "Sogou web spider/4.0(+http://www.sogou.com/docs/help/webmasters.htm#07)" 
216.244.66.245 - - [30/Jul/2021:23:42:02 -0700] "GET /robots.txt HTTP/1.1" 301 439 "-" "Mozilla/5.0 (compatible; DotBot/1.2; +https://opensiteexplorer.org/dotbot; help@moz.com)" 
216.244.66.245 - - [30/Jul/2021:23:42:02 -0700] "GET /robots.txt HTTP/1.1" 200 333 "-" "Mozilla/5.0 (compatible; DotBot/1.2; +https://opensiteexplorer.org/dotbot; help@moz.com)" 
216.244.66.245 - - [30/Jul/2021:23:42:02 -0700] "GET /robots.txt HTTP/1.1" 200 333 "-" "Mozilla/5.0 (compatible; DotBot/1.2; +https://opensiteexplorer.org/dotbot; help@moz.com)" 
114.119.130.95 - - [30/Jul/2021:23:42:31 -0700] "GET /self.logs/error.log.2019-10-16.gz HTTP/1.1" 200 816 "-" "Mozilla/5.0 (Linux; Android 7.0;) AppleWebKit/537.36 (KHTML, like Gecko) Mobile Safari/537.36 (compatible; PetalBot;+https://webmaster.petalsearch.com/site/petalbot)" 
123.183.224.119 - - [30/Jul/2021:23:43:09 -0700] "GET / HTTP/1.1" 301 438 "-" "Sogou web spider/4.0(+http://www.sogou.com/docs/help/webmasters.htm#07)" 
106.38.241.144 - - [30/Jul/2021:23:44:02 -0700] "GET / HTTP/1.1" 200 12846 "-" "Sogou web spider/4.0(+http://www.sogou.com/docs/help/webmasters.htm#07)" 
49.7.20.108 - - [30/Jul/2021:23:44:05 -0700] "GET / HTTP/1.1" 200 12846 "-" "Sogou web spider/4.0(+http://www.sogou.com/docs/help/webmasters.htm#07)" 
106.38.241.144 - - [30/Jul/2021:23:47:33 -0700] "GET / HTTP/1.1" 200 12846 "-" "Sogou web spider/4.0(+http://www.sogou.com/docs/help/webmasters.htm#07)" 
114.119.140.84 - - [30/Jul/2021:23:48:47 -0700] "GET /self.logs/access.log.2018-06-16.gz HTTP/1.1" 200 17479 "-" "Mozilla/5.0 (Linux; Android 7.0;) AppleWebKit/537.36 (KHTML, like Gecko) Mobile Safari/537.36 (compatible; PetalBot;+https://webmaster.petalsearch.com/site/petalbot)" 
216.244.66.245 - - [30/Jul/2021:23:50:42 -0700] "GET /maccdc2012/dns.log.gz HTTP/1.1" 301 461 "-" "Mozilla/5.0 (compatible; DotBot/1.2; +https://opensiteexplorer.org/dotbot; help@moz.com)" 
106.38.241.144 - - [30/Jul/2021:23:51:01 -0700] "GET / HTTP/1.1" 200 12846 "-" "Sogou web spider/4.0(+http://www.sogou.com/docs/help/webmasters.htm#07)" 
123.183.224.119 - - [30/Jul/2021:23:51:39 -0700] "GET / HTTP/1.1" 200 12846 "-" "Sogou web spider/4.0(+http://www.sogou.com/docs/help/webmasters.htm#07)" 
123.183.224.2 - - [30/Jul/2021:23:51:42 -0700] "GET /css/style.css HTTP/1.1" 301 464 "http://secrepo.com/" "Mozilla/5.0 (X11; Linux x86_64) AppleWebKit/537.36 (KHTML, like Gecko) Chrome/73.0.3683.86 Safari/537.36" 
123.183.224.2 - - [30/Jul/2021:23:51:43 -0700] "GET /css/style.css HTTP/1.1" 404 291 "http://secrepo.com/" "Mozilla/5.0 (X11; Linux x86_64) AppleWebKit/537.36 (KHTML, like Gecko) Chrome/73.0.3683.86 Safari/537.36" 
123.183.224.2 - - [30/Jul/2021:23:51:46 -0700] "GET /css/style.css HTTP/1.1" 301 464 "http://secrepo.com/" "Mozilla/5.0 (X11; Linux x86_64) AppleWebKit/537.36 (KHTML, like Gecko) Chrome/73.0.3683.86 Safari/537.36" 
123.183.224.2 - - [30/Jul/2021:23:51:46 -0700] "GET /css/style.css HTTP/1.1" 404 291 "http://secrepo.com/" "Mozilla/5.0 (X11; Linux x86_64) AppleWebKit/537.36 (KHTML, like Gecko) Chrome/73.0.3683.86 Safari/537.36" 
49.7.21.79 - - [30/Jul/2021:23:51:48 -0700] "GET /css/style.css HTTP/1.1" 301 464 "http://secrepo.com/" "Mozilla/5.0 (X11; Linux x86_64) AppleWebKit/537.36 (KHTML, like Gecko) Chrome/73.0.3683.86 Safari/537.36" 
49.7.21.79 - - [30/Jul/2021:23:51:49 -0700] "GET /css/style.css HTTP/1.1" 404 291 "http://secrepo.com/" "Mozilla/5.0 (X11; Linux x86_64) AppleWebKit/537.36 (KHTML, like Gecko) Chrome/73.0.3683.86 Safari/537.36" 
49.7.21.79 - - [30/Jul/2021:23:51:49 -0700] "GET /css/style.css HTTP/1.1" 301 464 "http://secrepo.com/" "Mozilla/5.0 (X11; Linux x86_64) AppleWebKit/537.36 (KHTML, like Gecko) Chrome/73.0.3683.86 Safari/537.36" 
49.7.21.79 - - [30/Jul/2021:23:51:52 -0700] "GET /css/style.css HTTP/1.1" 404 291 "http://secrepo.com/" "Mozilla/5.0 (X11; Linux x86_64) AppleWebKit/537.36 (KHTML, like Gecko) Chrome/73.0.3683.86 Safari/537.36" 
114.119.144.30 - - [30/Jul/2021:23:54:41 -0700] "GET /self.logs/error.log.2020-03-12.gz HTTP/1.1" 200 867 "-" "Mozilla/5.0 (Linux; Android 7.0;) AppleWebKit/537.36 (KHTML, like Gecko) Mobile Safari/537.36 (compatible; PetalBot;+https://webmaster.petalsearch.com/site/petalbot)" 
106.38.241.144 - - [30/Jul/2021:23:54:54 -0700] "GET / HTTP/1.1" 200 12846 "-" "Sogou web spider/4.0(+http://www.sogou.com/docs/help/webmasters.htm#07)" 
54.36.148.84 - - [30/Jul/2021:23:59:23 -0700] "GET / HTTP/1.1" 200 12839 "-" "Mozilla/5.0 (compatible; AhrefsBot/7.0; +http://ahrefs.com/robot/)" 
216.244.66.245 - - [31/Jul/2021:00:00:00 -0700] "GET /self.logs/access.log.2018-11-22.gz HTTP/1.1" 200 24900 "-" "Mozilla/5.0 (compatible; DotBot/1.2; +https://opensiteexplorer.org/dotbot; help@moz.com)" 
216.244.66.245 - - [31/Jul/2021:00:00:04 -0700] "GET /self.logs/access.log.2019-02-15.gz HTTP/1.1" 200 22441 "-" "Mozilla/5.0 (compatible; DotBot/1.2; +https://opensiteexplorer.org/dotbot; help@moz.com)" 
216.244.66.245 - - [31/Jul/2021:00:00:07 -0700] "GET /self.logs/access.log.2019-02-21.gz HTTP/1.1" 200 24342 "-" "Mozilla/5.0 (compatible; DotBot/1.2; +https://opensiteexplorer.org/dotbot; help@moz.com)" 
216.244.66.245 - - [31/Jul/2021:00:00:11 -0700] "GET /self.logs/access.log.2019-08-31.gz HTTP/1.1" 200 17201 "-" "Mozilla/5.0 (compatible; DotBot/1.2; +https://opensiteexplorer.org/dotbot; help@moz.com)" 
216.244.66.245 - - [31/Jul/2021:00:00:13 -0700] "GET /self.logs/access.log.2019-09-13.gz HTTP/1.1" 200 16354 "-" "Mozilla/5.0 (compatible; DotBot/1.2; +https://opensiteexplorer.org/dotbot; help@moz.com)" 
216.244.66.245 - - [31/Jul/2021:00:00:15 -0700] "GET /self.logs/access.log.2019-12-09.gz HTTP/1.1" 200 22027 "-" "Mozilla/5.0 (compatible; DotBot/1.2; +https://opensiteexplorer.org/dotbot; help@moz.com)" 
216.244.66.245 - - [31/Jul/2021:00:00:17 -0700] "GET /self.logs/error.log.2017-02-17.gz HTTP/1.1" 200 874 "-" "Mozilla/5.0 (compatible; DotBot/1.2; +https://opensiteexplorer.org/dotbot; help@moz.com)" 
216.244.66.245 - - [31/Jul/2021:00:00:19 -0700] "GET /self.logs/error.log.2017-04-13.gz HTTP/1.1" 200 832 "-" "Mozilla/5.0 (compatible; DotBot/1.2; +https://opensiteexplorer.org/dotbot; help@moz.com)" 
216.244.66.245 - - [31/Jul/2021:00:00:20 -0700] "GET /self.logs/error.log.2017-06-03.gz HTTP/1.1" 200 894 "-" "Mozilla/5.0 (compatible; DotBot/1.2; +https://opensiteexplorer.org/dotbot; help@moz.com)" 
216.244.66.245 - - [31/Jul/2021:00:00:22 -0700] "GET /self.logs/error.log.2017-11-11.gz HTTP/1.1" 200 2037 "-" "Mozilla/5.0 (compatible; DotBot/1.2; +https://opensiteexplorer.org/dotbot; help@moz.com)" 
216.244.66.245 - - [31/Jul/2021:00:00:23 -0700] "GET /self.logs/error.log.2018-01-09.gz HTTP/1.1" 200 2147 "-" "Mozilla/5.0 (compatible; DotBot/1.2; +https://opensiteexplorer.org/dotbot; help@moz.com)" 
207.46.13.25 - - [31/Jul/2021:00:00:52 -0700] "GET /self.logs/access.log.2019-07-30.gz HTTP/1.1" 200 25410 "-" "Mozilla/5.0 (compatible; bingbot/2.0; +http://www.bing.com/bingbot.htm)" 
106.38.241.160 - - [31/Jul/2021:00:01:36 -0700] "GET / HTTP/1.1" 200 12844 "-" "Sogou web spider/4.0(+http://www.sogou.com/docs/help/webmasters.htm#07)" 
216.244.66.245 - - [31/Jul/2021:00:02:53 -0700] "GET /self.logs/2015/access.log.2015-02-18.gz HTTP/1.1" 200 8878 "-" "Mozilla/5.0 (compatible; DotBot/1.2; +https://opensiteexplorer.org/dotbot; help@moz.com)" 
216.244.66.245 - - [31/Jul/2021:00:02:54 -0700] "GET /self.logs/2015/access.log.2015-08-29.gz HTTP/1.1" 200 6854 "-" "Mozilla/5.0 (compatible; DotBot/1.2; +https://opensiteexplorer.org/dotbot; help@moz.com)" 
216.244.66.245 - - [31/Jul/2021:00:02:55 -0700] "GET /self.logs/2015/access.log.2015-11-16.gz HTTP/1.1" 200 5811 "-" "Mozilla/5.0 (compatible; DotBot/1.2; +https://opensiteexplorer.org/dotbot; help@moz.com)" 
216.244.66.245 - - [31/Jul/2021:00:02:56 -0700] "GET /self.logs/2015/access.log.2015-12-09.gz HTTP/1.1" 200 7730 "-" "Mozilla/5.0 (compatible; DotBot/1.2; +https://opensiteexplorer.org/dotbot; help@moz.com)" 
216.244.66.245 - - [31/Jul/2021:00:02:56 -0700] "GET /self.logs/2015/access.log.2015-12-19.gz HTTP/1.1" 200 6435 "-" "Mozilla/5.0 (compatible; DotBot/1.2; +https://opensiteexplorer.org/dotbot; help@moz.com)" 
216.244.66.245 - - [31/Jul/2021:00:02:57 -0700] "GET /self.logs/2015/error.log.2015-05-12.gz HTTP/1.1" 200 942 "-" "Mozilla/5.0 (compatible; DotBot/1.2; +https://opensiteexplorer.org/dotbot; help@moz.com)" 
216.244.66.245 - - [31/Jul/2021:00:02:59 -0700] "GET /self.logs/2015/error.log.2015-10-13.gz HTTP/1.1" 200 768 "-" "Mozilla/5.0 (compatible; DotBot/1.2; +https://opensiteexplorer.org/dotbot; help@moz.com)" 
216.244.66.245 - - [31/Jul/2021:00:03:00 -0700] "GET /self.logs/2015/error.log.2015-10-30.gz HTTP/1.1" 200 764 "-" "Mozilla/5.0 (compatible; DotBot/1.2; +https://opensiteexplorer.org/dotbot; help@moz.com)" 
216.244.66.245 - - [31/Jul/2021:00:03:02 -0700] "GET /self.logs/2015/error.log.2015-11-19.gz HTTP/1.1" 200 1713 "-" "Mozilla/5.0 (compatible; DotBot/1.2; +https://opensiteexplorer.org/dotbot; help@moz.com)" 
216.244.66.245 - - [31/Jul/2021:00:03:03 -0700] "GET /self.logs/2015/error.log.2015-12-08.gz HTTP/1.1" 200 685 "-" "Mozilla/5.0 (compatible; DotBot/1.2; +https://opensiteexplorer.org/dotbot; help@moz.com)" 
216.244.66.245 - - [31/Jul/2021:00:03:05 -0700] "GET /self.logs/2016/access.log.2016-04-26.gz HTTP/1.1" 200 8229 "-" "Mozilla/5.0 (compatible; DotBot/1.2; +https://opensiteexplorer.org/dotbot; help@moz.com)" 
216.244.66.245 - - [31/Jul/2021:00:03:06 -0700] "GET /self.logs/2016/access.log.2016-05-14.gz HTTP/1.1" 200 7921 "-" "Mozilla/5.0 (compatible; DotBot/1.2; +https://opensiteexplorer.org/dotbot; help@moz.com)" 
216.244.66.245 - - [31/Jul/2021:00:03:07 -0700] "GET /self.logs/2016/access.log.2016-06-22.gz HTTP/1.1" 200 13238 "-" "Mozilla/5.0 (compatible; DotBot/1.2; +https://opensiteexplorer.org/dotbot; help@moz.com)" 
216.244.66.245 - - [31/Jul/2021:00:03:08 -0700] "GET /self.logs/2016/access.log.2016-12-01.gz HTTP/1.1" 200 9328 "-" "Mozilla/5.0 (compatible; DotBot/1.2; +https://opensiteexplorer.org/dotbot; help@moz.com)" 
216.244.66.245 - - [31/Jul/2021:00:03:09 -0700] "GET /self.logs/2016/error.log.2016-06-03.gz HTTP/1.1" 200 1751 "-" "Mozilla/5.0 (compatible; DotBot/1.2; +https://opensiteexplorer.org/dotbot; help@moz.com)" 
216.244.66.245 - - [31/Jul/2021:00:03:10 -0700] "GET /self.logs/2016/error.log.2016-09-10.gz HTTP/1.1" 200 634 "-" "Mozilla/5.0 (compatible; DotBot/1.2; +https://opensiteexplorer.org/dotbot; help@moz.com)" 
216.244.66.245 - - [31/Jul/2021:00:03:11 -0700] "GET /self.logs/access.log.2017-03-22.gz HTTP/1.1" 200 25079 "-" "Mozilla/5.0 (compatible; DotBot/1.2; +https://opensiteexplorer.org/dotbot; help@moz.com)" 
216.244.66.245 - - [31/Jul/2021:00:03:11 -0700] "GET /self.logs/access.log.2017-10-19.gz HTTP/1.1" 200 52930 "-" "Mozilla/5.0 (compatible; DotBot/1.2; +https://opensiteexplorer.org/dotbot; help@moz.com)" 
216.244.66.245 - - [31/Jul/2021:00:03:12 -0700] "GET /self.logs/access.log.2017-11-12.gz HTTP/1.1" 200 49367 "-" "Mozilla/5.0 (compatible; DotBot/1.2; +https://opensiteexplorer.org/dotbot; help@moz.com)" 
216.244.66.245 - - [31/Jul/2021:00:03:13 -0700] "GET /self.logs/error.log.2019-03-31.gz HTTP/1.1" 200 4814 "-" "Mozilla/5.0 (compatible; DotBot/1.2; +https://opensiteexplorer.org/dotbot; help@moz.com)" 
216.244.66.245 - - [31/Jul/2021:00:04:38 -0700] "GET /self.logs/access.log.2020-02-20.gz HTTP/1.1" 200 15240 "-" "Mozilla/5.0 (compatible; DotBot/1.2; +https://opensiteexplorer.org/dotbot; help@moz.com)" 
216.244.66.245 - - [31/Jul/2021:00:04:39 -0700] "GET /self.logs/error.log.2018-02-07.gz HTTP/1.1" 200 4107 "-" "Mozilla/5.0 (compatible; DotBot/1.2; +https://opensiteexplorer.org/dotbot; help@moz.com)" 
216.244.66.245 - - [31/Jul/2021:00:04:39 -0700] "GET /self.logs/error.log.2019-05-11.gz HTTP/1.1" 200 3617 "-" "Mozilla/5.0 (compatible; DotBot/1.2; +https://opensiteexplorer.org/dotbot; help@moz.com)" 
106.38.241.178 - - [31/Jul/2021:00:06:18 -0700] "GET / HTTP/1.1" 200 12844 "-" "Sogou web spider/4.0(+http://www.sogou.com/docs/help/webmasters.htm#07)" 
114.119.129.244 - - [31/Jul/2021:00:07:27 -0700] "GET /self.logs/access.log.2017-12-31.gz HTTP/1.1" 200 18770 "-" "Mozilla/5.0 (Linux; Android 7.0;) AppleWebKit/537.36 (KHTML, like Gecko) Mobile Safari/537.36 (compatible; PetalBot;+https://webmaster.petalsearch.com/site/petalbot)" 
114.119.155.228 - - [31/Jul/2021:00:13:24 -0700] "GET /self.logs/2015/error.log.2015-11-11.gz HTTP/1.1" 200 681 "-" "Mozilla/5.0 (Linux; Android 7.0;) AppleWebKit/537.36 (KHTML, like Gecko) Mobile Safari/537.36 (compatible; PetalBot;+https://webmaster.petalsearch.com/site/petalbot)" 
114.119.140.84 - - [31/Jul/2021:00:19:29 -0700] "GET /self.logs/access.log.2017-05-31.gz HTTP/1.1" 200 18752 "-" "Mozilla/5.0 (Linux; Android 7.0;) AppleWebKit/537.36 (KHTML, like Gecko) Mobile Safari/537.36 (compatible; PetalBot;+https://webmaster.petalsearch.com/site/petalbot)" 
114.119.130.95 - - [31/Jul/2021:00:26:04 -0700] "GET /self.logs/access.log.2017-12-08.gz HTTP/1.1" 200 69454 "-" "Mozilla/5.0 (Linux; Android 7.0;) AppleWebKit/537.36 (KHTML, like Gecko) Mobile Safari/537.36 (compatible; PetalBot;+https://webmaster.petalsearch.com/site/petalbot)" 
54.36.149.7 - - [31/Jul/2021:00:27:54 -0700] "GET /Datasets%20Description/HTML_Bro_log_1/dns.html HTTP/1.1" 200 1793 "-" "Mozilla/5.0 (compatible; AhrefsBot/7.0; +http://ahrefs.com/robot/)" 
106.38.241.160 - - [31/Jul/2021:00:31:05 -0700] "GET / HTTP/1.1" 200 12846 "-" "Sogou web spider/4.0(+http://www.sogou.com/docs/help/webmasters.htm#07)" 
216.244.66.245 - - [31/Jul/2021:00:33:06 -0700] "GET /robots.txt HTTP/1.1" 200 333 "-" "Mozilla/5.0 (compatible; DotBot/1.2; +https://opensiteexplorer.org/dotbot; help@moz.com)" 
114.119.129.244 - - [31/Jul/2021:00:38:37 -0700] "GET /self.logs/error.log.2017-12-04.gz HTTP/1.1" 200 1711 "-" "Mozilla/5.0 (Linux; Android 7.0;) AppleWebKit/537.36 (KHTML, like Gecko) Mobile Safari/537.36 (compatible; PetalBot;+https://webmaster.petalsearch.com/site/petalbot)" 
118.184.177.111 - - [31/Jul/2021:00:45:16 -0700] "GET / HTTP/1.1" 301 438 "-" "Sogou web spider/4.0(+http://www.sogou.com/docs/help/webmasters.htm#07)" 
49.7.20.108 - - [31/Jul/2021:00:45:50 -0700] "GET / HTTP/1.1" 200 12847 "-" "Sogou web spider/4.0(+http://www.sogou.com/docs/help/webmasters.htm#07)" 
118.184.177.111 - - [31/Jul/2021:00:47:31 -0700] "GET / HTTP/1.1" 200 12847 "-" "Sogou web spider/4.0(+http://www.sogou.com/docs/help/webmasters.htm#07)" 
114.119.141.53 - - [31/Jul/2021:00:51:04 -0700] "GET /self.logs/access.log.2017-12-04.gz HTTP/1.1" 200 24699 "-" "Mozilla/5.0 (Linux; Android 7.0;) AppleWebKit/537.36 (KHTML, like Gecko) Mobile Safari/537.36 (compatible; PetalBot;+https://webmaster.petalsearch.com/site/petalbot)" 
216.244.66.245 - - [31/Jul/2021:00:51:32 -0700] "GET /self.logs/access.log.2017-06-11.gz HTTP/1.1" 200 20291 "-" "Mozilla/5.0 (compatible; DotBot/1.2; +https://opensiteexplorer.org/dotbot; help@moz.com)" 
216.244.66.245 - - [31/Jul/2021:00:51:37 -0700] "GET /self.logs/access.log.2017-10-29.gz HTTP/1.1" 200 18414 "-" "Mozilla/5.0 (compatible; DotBot/1.2; +https://opensiteexplorer.org/dotbot; help@moz.com)" 
216.244.66.245 - - [31/Jul/2021:00:51:41 -0700] "GET /self.logs/access.log.2018-01-25.gz HTTP/1.1" 200 20942 "-" "Mozilla/5.0 (compatible; DotBot/1.2; +https://opensiteexplorer.org/dotbot; help@moz.com)" 
216.244.66.245 - - [31/Jul/2021:00:51:44 -0700] "GET /self.logs/access.log.2018-02-10.gz HTTP/1.1" 200 15147 "-" "Mozilla/5.0 (compatible; DotBot/1.2; +https://opensiteexplorer.org/dotbot; help@moz.com)" 
216.244.66.245 - - [31/Jul/2021:00:51:47 -0700] "GET /self.logs/access.log.2018-03-22.gz HTTP/1.1" 200 19110 "-" "Mozilla/5.0 (compatible; DotBot/1.2; +https://opensiteexplorer.org/dotbot; help@moz.com)" 
