66.249.64.159 - - [12/May/2021:12:39:48 -0700] "GET /css/style.css HTTP/1.1" 404 328 "http://www.secrepo.com/" "Mozilla/5.0 AppleWebKit/537.36 (KHTML, like Gecko; compatible; Googlebot/2.1; +http://www.google.com/bot.html) Chrome/90.0.4430.97 Safari/537.36" 
66.249.64.157 - - [12/May/2021:12:39:49 -0700] "GET /css/style.css HTTP/1.1" 404 328 "http://www.secrepo.com/" "Mozilla/5.0 AppleWebKit/537.36 (KHTML, like Gecko; compatible; Googlebot/2.1; +http://www.google.com/bot.html) Chrome/90.0.4430.97 Safari/537.36" 
49.7.20.105 - - [12/May/2021:12:44:22 -0700] "GET / HTTP/1.1" 200 12845 "-" "Sogou web spider/4.0(+http://www.sogou.com/docs/help/webmasters.htm#07)" 
106.38.241.177 - - [12/May/2021:12:47:18 -0700] "GET / HTTP/1.1" 200 12845 "-" "Sogou web spider/4.0(+http://www.sogou.com/docs/help/webmasters.htm#07)" 
66.249.64.159 - - [12/May/2021:13:02:15 -0700] "GET /misc/ HTTP/1.1" 200 646 "-" "Mozilla/5.0 (Linux; Android 6.0.1; Nexus 5X Build/MMB29P) AppleWebKit/537.36 (KHTML, like Gecko) Chrome/90.0.4430.97 Mobile Safari/537.36 (compatible; Googlebot/2.1; +http://www.google.com/bot.html)" 
17.121.115.1 - - [12/May/2021:13:12:23 -0700] "GET /self.logs/error.log.2020-02-14 HTTP/1.1" 200 307 "-" "Mozilla/5.0 (Macintosh; Intel Mac OS X 10_15_5) AppleWebKit/605.1.15 (KHTML, like Gecko) Version/13.1.1 Safari/605.1.15 (Applebot/0.1; +http://www.apple.com/go/applebot)" 
106.38.241.177 - - [12/May/2021:13:13:13 -0700] "GET / HTTP/1.1" 200 12845 "-" "Sogou web spider/4.0(+http://www.sogou.com/docs/help/webmasters.htm#07)" 
85.152.31.1 - - [12/May/2021:13:14:31 -0700] "GET / HTTP/1.1" 200 12882 "-" "Mozilla/5.0 (Windows NT 10.0; Win64; x64) AppleWebKit/537.36 (KHTML, like Gecko) Chrome/90.0.4430.93 Safari/537.36 Edg/90.0.818.56" 
85.152.31.1 - - [12/May/2021:13:14:32 -0700] "GET /css/style.css HTTP/1.1" 404 305 "http://www.secrepo.com/" "Mozilla/5.0 (Windows NT 10.0; Win64; x64) AppleWebKit/537.36 (KHTML, like Gecko) Chrome/90.0.4430.93 Safari/537.36 Edg/90.0.818.56" 
85.152.31.1 - - [12/May/2021:13:14:32 -0700] "GET /twitter-icon.png HTTP/1.1" 200 27916 "http://www.secrepo.com/" "Mozilla/5.0 (Windows NT 10.0; Win64; x64) AppleWebKit/537.36 (KHTML, like Gecko) Chrome/90.0.4430.93 Safari/537.36 Edg/90.0.818.56" 
85.152.31.1 - - [12/May/2021:13:14:32 -0700] "GET /GitHub-Mark.png HTTP/1.1" 200 7556 "http://www.secrepo.com/" "Mozilla/5.0 (Windows NT 10.0; Win64; x64) AppleWebKit/537.36 (KHTML, like Gecko) Chrome/90.0.4430.93 Safari/537.36 Edg/90.0.818.56" 
85.152.31.1 - - [12/May/2021:13:14:32 -0700] "GET /bootstrap/img/favicon.ico HTTP/1.1" 200 690 "http://www.secrepo.com/" "Mozilla/5.0 (Windows NT 10.0; Win64; x64) AppleWebKit/537.36 (KHTML, like Gecko) Chrome/90.0.4430.93 Safari/537.36 Edg/90.0.818.56" 
207.46.13.134 - - [12/May/2021:13:16:24 -0700] "GET /self.logs/access.log.2021-03-28.gz HTTP/1.1" 200 23590 "-" "Mozilla/5.0 (compatible; bingbot/2.0; +http://www.bing.com/bingbot.htm)" 
17.121.114.145 - - [12/May/2021:13:17:08 -0700] "GET /self.logs/error.log.2020-04-22 HTTP/1.1" 200 307 "-" "Mozilla/5.0 (Macintosh; Intel Mac OS X 10_15_5) AppleWebKit/605.1.15 (KHTML, like Gecko) Version/13.1.1 Safari/605.1.15 (Applebot/0.1; +http://www.apple.com/go/applebot)" 
17.121.114.111 - - [12/May/2021:13:25:54 -0700] "GET /self.logs/error.log.2020-01-23 HTTP/1.1" 200 307 "-" "Mozilla/5.0 (Macintosh; Intel Mac OS X 10_15_5) AppleWebKit/605.1.15 (KHTML, like Gecko) Version/13.1.1 Safari/605.1.15 (Applebot/0.1; +http://www.apple.com/go/applebot)" 
192.185.4.64 - - [12/May/2021:13:26:41 -0700] "GET /OLD/wp-admin/ HTTP/1.1" 301 445 "http://secrepo.com/" "Mozilla/5.0 (Windows NT 10.0; Win64; x64) AppleWebKit/537.36 (KHTML, like Gecko) Chrome/78.0.3904.97 Safari/537.36" 
192.185.4.64 - - [12/May/2021:13:26:42 -0700] "GET /OLD/wp-admin/ HTTP/1.1" 404 284 "http://secrepo.com/" "Mozilla/5.0 (Windows NT 10.0; Win64; x64) AppleWebKit/537.36 (KHTML, like Gecko) Chrome/78.0.3904.97 Safari/537.36" 
207.46.13.101 - - [12/May/2021:13:26:44 -0700] "GET /self.logs/access.log.2021-03-11.gz HTTP/1.1" 200 26031 "-" "Mozilla/5.0 (compatible; bingbot/2.0; +http://www.bing.com/bingbot.htm)" 
49.7.20.105 - - [12/May/2021:13:29:40 -0700] "GET / HTTP/1.1" 200 12845 "-" "Sogou web spider/4.0(+http://www.sogou.com/docs/help/webmasters.htm#07)" 
106.38.241.177 - - [12/May/2021:13:37:52 -0700] "GET / HTTP/1.1" 200 12845 "-" "Sogou web spider/4.0(+http://www.sogou.com/docs/help/webmasters.htm#07)" 
95.163.255.55 - - [12/May/2021:13:38:28 -0700] "GET /robots.txt HTTP/1.0" 200 340 "-" "Mozilla/5.0 (compatible; Linux x86_64; Mail.RU_Bot/2.0; +http://go.mail.ru/help/robots)" 
95.163.255.59 - - [12/May/2021:13:38:30 -0700] "GET / HTTP/1.1" 200 12845 "-" "Mozilla/5.0 (compatible; Linux x86_64; Mail.RU_Bot/2.0; +http://go.mail.ru/help/robots)" 
51.222.133.35 - - [12/May/2021:13:40:01 -0700] "GET / HTTP/1.1" 301 438 "-" "Mozilla/5.0 (Windows NT 6.1; Win64; x64; +http://www.komodia.com/newwiki/index.php/URL_server_crawler) KomodiaBot/1.0" 
51.222.133.33 - - [12/May/2021:13:43:40 -0700] "GET / HTTP/1.1" 200 48027 "-" "Mozilla/5.0 (Windows NT 6.1; Win64; x64; +http://www.komodia.com/newwiki/index.php/URL_server_crawler) KomodiaBot/1.0" 
17.121.115.2 - - [12/May/2021:13:46:21 -0700] "GET /self.logs/error.log.2020-03-22 HTTP/1.1" 200 307 "-" "Mozilla/5.0 (Macintosh; Intel Mac OS X 10_15_5) AppleWebKit/605.1.15 (KHTML, like Gecko) Version/13.1.1 Safari/605.1.15 (Applebot/0.1; +http://www.apple.com/go/applebot)" 
66.249.64.92 - - [12/May/2021:13:49:51 -0700] "GET / HTTP/1.1" 301 475 "-" "Mozilla/5.0 (Linux; Android 6.0.1; Nexus 5X Build/MMB29P) AppleWebKit/537.36 (KHTML, like Gecko) Chrome/90.0.4430.97 Mobile Safari/537.36 (compatible; Googlebot/2.1; +http://www.google.com/bot.html)" 
66.249.64.159 - - [12/May/2021:13:49:52 -0700] "GET / HTTP/1.1" 200 12883 "-" "Mozilla/5.0 (Linux; Android 6.0.1; Nexus 5X Build/MMB29P) AppleWebKit/537.36 (KHTML, like Gecko) Chrome/90.0.4430.97 Mobile Safari/537.36 (compatible; Googlebot/2.1; +http://www.google.com/bot.html)" 
66.249.64.129 - - [12/May/2021:13:49:54 -0700] "GET /css/style.css HTTP/1.1" 404 328 "http://www.secrepo.com/" "Mozilla/5.0 (Linux; Android 6.0.1; Nexus 5X Build/MMB29P) AppleWebKit/537.36 (KHTML, like Gecko) Chrome/90.0.4430.97 Mobile Safari/537.36 (compatible; Googlebot/2.1; +http://www.google.com/bot.html)" 
66.249.64.159 - - [12/May/2021:13:49:57 -0700] "GET /css/style.css HTTP/1.1" 404 328 "http://www.secrepo.com/" "Mozilla/5.0 (Linux; Android 6.0.1; Nexus 5X Build/MMB29P) AppleWebKit/537.36 (KHTML, like Gecko) Chrome/90.0.4430.97 Mobile Safari/537.36 (compatible; Googlebot/2.1; +http://www.google.com/bot.html)" 
207.46.13.129 - - [12/May/2021:13:52:44 -0700] "GET /Datasets%20Description/HTML_Bro_log_2/dns.html HTTP/1.1" 200 1831 "-" "Mozilla/5.0 (compatible; bingbot/2.0; +http://www.bing.com/bingbot.htm)" 
17.121.114.11 - - [12/May/2021:13:52:53 -0700] "GET /self.logs/error.log.2020-03-31 HTTP/1.1" 200 307 "-" "Mozilla/5.0 (Macintosh; Intel Mac OS X 10_15_5) AppleWebKit/605.1.15 (KHTML, like Gecko) Version/13.1.1 Safari/605.1.15 (Applebot/0.1; +http://www.apple.com/go/applebot)" 
157.90.181.151 - - [12/May/2021:13:56:21 -0700] "GET /robots.txt HTTP/1.1" 301 495 "-" "Mozilla/5.0 (compatible; BLEXBot/1.0; +http://webmeup-crawler.com/)" 
157.90.181.151 - - [12/May/2021:13:56:21 -0700] "GET /robots.txt HTTP/1.1" 200 377 "-" "Mozilla/5.0 (compatible; BLEXBot/1.0; +http://webmeup-crawler.com/)" 
157.90.181.151 - - [12/May/2021:13:56:21 -0700] "GET /Datasets%20Description/?C=D;O=A HTTP/1.1" 200 677 "-" "Mozilla/5.0 (compatible; BLEXBot/1.0; +http://webmeup-crawler.com/)" 
157.90.181.151 - - [12/May/2021:13:56:25 -0700] "GET /Datasets%20Description/?C=M;O=A HTTP/1.1" 200 677 "-" "Mozilla/5.0 (compatible; BLEXBot/1.0; +http://webmeup-crawler.com/)" 
157.90.181.151 - - [12/May/2021:13:56:29 -0700] "GET /Datasets%20Description/?C=N;O=D HTTP/1.1" 200 673 "-" "Mozilla/5.0 (compatible; BLEXBot/1.0; +http://webmeup-crawler.com/)" 
157.90.181.151 - - [12/May/2021:13:56:34 -0700] "GET /Datasets%20Description/?C=S;O=A HTTP/1.1" 200 677 "-" "Mozilla/5.0 (compatible; BLEXBot/1.0; +http://webmeup-crawler.com/)" 
157.90.181.151 - - [12/May/2021:13:56:38 -0700] "GET /Datasets%20Description/HTML_Bro_log_1/ HTTP/1.1" 200 834 "-" "Mozilla/5.0 (compatible; BLEXBot/1.0; +http://webmeup-crawler.com/)" 
157.90.181.151 - - [12/May/2021:13:56:41 -0700] "GET /Datasets%20Description/HTML_Bro_log_1/?C=D;O=D HTTP/1.1" 200 833 "-" "Mozilla/5.0 (compatible; BLEXBot/1.0; +http://webmeup-crawler.com/)" 
157.90.181.151 - - [12/May/2021:13:56:44 -0700] "GET /Datasets%20Description/HTML_Bro_log_1/?C=M;O=D HTTP/1.1" 200 833 "-" "Mozilla/5.0 (compatible; BLEXBot/1.0; +http://webmeup-crawler.com/)" 
157.90.181.151 - - [12/May/2021:13:56:47 -0700] "GET /Datasets%20Description/HTML_Bro_log_1/?C=N;O=A HTTP/1.1" 200 834 "-" "Mozilla/5.0 (compatible; BLEXBot/1.0; +http://webmeup-crawler.com/)" 
157.90.181.151 - - [12/May/2021:13:56:51 -0700] "GET /Datasets%20Description/HTML_Bro_log_1/?C=S;O=D HTTP/1.1" 200 829 "-" "Mozilla/5.0 (compatible; BLEXBot/1.0; +http://webmeup-crawler.com/)" 
157.90.181.151 - - [12/May/2021:13:56:54 -0700] "GET /Datasets%20Description/HTML_Bro_log_2/ HTTP/1.1" 200 832 "-" "Mozilla/5.0 (compatible; BLEXBot/1.0; +http://webmeup-crawler.com/)" 
157.90.181.151 - - [12/May/2021:13:56:57 -0700] "GET /Datasets%20Description/HTML_Bro_log_2/?C=D;O=D HTTP/1.1" 200 832 "-" "Mozilla/5.0 (compatible; BLEXBot/1.0; +http://webmeup-crawler.com/)" 
157.90.181.151 - - [12/May/2021:13:57:00 -0700] "GET /Datasets%20Description/HTML_Bro_log_2/?C=M;O=D HTTP/1.1" 200 832 "-" "Mozilla/5.0 (compatible; BLEXBot/1.0; +http://webmeup-crawler.com/)" 
157.90.181.151 - - [12/May/2021:13:57:03 -0700] "GET /Datasets%20Description/HTML_Bro_log_2/?C=N;O=A HTTP/1.1" 200 832 "-" "Mozilla/5.0 (compatible; BLEXBot/1.0; +http://webmeup-crawler.com/)" 
157.90.181.151 - - [12/May/2021:13:57:07 -0700] "GET /Datasets%20Description/HTML_Bro_log_2/?C=S;O=D HTTP/1.1" 200 827 "-" "Mozilla/5.0 (compatible; BLEXBot/1.0; +http://webmeup-crawler.com/)" 
157.90.181.151 - - [12/May/2021:13:57:10 -0700] "GET /Datasets%20Description/HTML_Bro_log_3/ HTTP/1.1" 200 823 "-" "Mozilla/5.0 (compatible; BLEXBot/1.0; +http://webmeup-crawler.com/)" 
157.90.181.151 - - [12/May/2021:13:57:13 -0700] "GET /Datasets%20Description/HTML_Bro_log_3/?C=D;O=D HTTP/1.1" 200 822 "-" "Mozilla/5.0 (compatible; BLEXBot/1.0; +http://webmeup-crawler.com/)" 
157.90.181.151 - - [12/May/2021:13:57:16 -0700] "GET /Datasets%20Description/HTML_Bro_log_3/?C=M;O=D HTTP/1.1" 200 822 "-" "Mozilla/5.0 (compatible; BLEXBot/1.0; +http://webmeup-crawler.com/)" 
157.90.181.151 - - [12/May/2021:13:57:19 -0700] "GET /Datasets%20Description/HTML_Bro_log_3/?C=N;O=A HTTP/1.1" 200 823 "-" "Mozilla/5.0 (compatible; BLEXBot/1.0; +http://webmeup-crawler.com/)" 
157.90.181.151 - - [12/May/2021:13:57:22 -0700] "GET /Datasets%20Description/HTML_Bro_log_3/?C=S;O=D HTTP/1.1" 200 819 "-" "Mozilla/5.0 (compatible; BLEXBot/1.0; +http://webmeup-crawler.com/)" 
157.90.181.151 - - [12/May/2021:13:57:26 -0700] "GET /Datasets%20Description/Network/ HTTP/1.1" 200 769 "-" "Mozilla/5.0 (compatible; BLEXBot/1.0; +http://webmeup-crawler.com/)" 
157.90.181.151 - - [12/May/2021:13:57:29 -0700] "GET /Datasets%20Description/PE_malware/ HTTP/1.1" 200 686 "-" "Mozilla/5.0 (compatible; BLEXBot/1.0; +http://webmeup-crawler.com/)" 
157.90.181.151 - - [12/May/2021:13:57:32 -0700] "GET /self.logs/2015/?C=D;O=A HTTP/1.1" 200 7621 "-" "Mozilla/5.0 (compatible; BLEXBot/1.0; +http://webmeup-crawler.com/)" 
157.90.181.151 - - [12/May/2021:13:57:37 -0700] "GET /self.logs/2015/?C=M;O=A HTTP/1.1" 200 7706 "-" "Mozilla/5.0 (compatible; BLEXBot/1.0; +http://webmeup-crawler.com/)" 
157.90.181.151 - - [12/May/2021:13:57:40 -0700] "GET /self.logs/2015/?C=N;O=D HTTP/1.1" 200 7767 "-" "Mozilla/5.0 (compatible; BLEXBot/1.0; +http://webmeup-crawler.com/)" 
157.90.181.151 - - [12/May/2021:13:57:43 -0700] "GET /self.logs/2015/?C=S;O=A HTTP/1.1" 200 8288 "-" "Mozilla/5.0 (compatible; BLEXBot/1.0; +http://webmeup-crawler.com/)" 
157.90.181.151 - - [12/May/2021:13:57:47 -0700] "GET /self.logs/2016/?C=D;O=A HTTP/1.1" 200 7860 "-" "Mozilla/5.0 (compatible; BLEXBot/1.0; +http://webmeup-crawler.com/)" 
157.90.181.151 - - [12/May/2021:13:57:52 -0700] "GET /self.logs/2016/?C=M;O=A HTTP/1.1" 200 8029 "-" "Mozilla/5.0 (compatible; BLEXBot/1.0; +http://webmeup-crawler.com/)" 
157.90.181.151 - - [12/May/2021:13:57:55 -0700] "GET /self.logs/2016/?C=N;O=D HTTP/1.1" 200 8072 "-" "Mozilla/5.0 (compatible; BLEXBot/1.0; +http://webmeup-crawler.com/)" 
157.90.181.151 - - [12/May/2021:13:57:58 -0700] "GET /self.logs/2016/?C=S;O=A HTTP/1.1" 200 8583 "-" "Mozilla/5.0 (compatible; BLEXBot/1.0; +http://webmeup-crawler.com/)" 
157.90.181.151 - - [12/May/2021:13:58:02 -0700] "GET /self.logs/?C=D;O=D HTTP/1.1" 200 30047 "-" "Mozilla/5.0 (compatible; BLEXBot/1.0; +http://webmeup-crawler.com/)" 
157.90.181.151 - - [12/May/2021:13:58:09 -0700] "GET /self.logs/?C=M;O=D HTTP/1.1" 200 31646 "-" "Mozilla/5.0 (compatible; BLEXBot/1.0; +http://webmeup-crawler.com/)" 
157.90.181.151 - - [12/May/2021:13:58:12 -0700] "GET /self.logs/?C=N;O=A HTTP/1.1" 200 29344 "-" "Mozilla/5.0 (compatible; BLEXBot/1.0; +http://webmeup-crawler.com/)" 
157.90.181.151 - - [12/May/2021:13:58:15 -0700] "GET /self.logs/?C=S;O=D HTTP/1.1" 200 34383 "-" "Mozilla/5.0 (compatible; BLEXBot/1.0; +http://webmeup-crawler.com/)" 
106.38.241.177 - - [12/May/2021:14:04:20 -0700] "GET / HTTP/1.1" 200 12846 "-" "Sogou web spider/4.0(+http://www.sogou.com/docs/help/webmasters.htm#07)" 
207.46.13.102 - - [12/May/2021:14:09:34 -0700] "GET /self.logs/error.log.2019-09-12.gz HTTP/1.1" 200 1542 "-" "Mozilla/5.0 (compatible; bingbot/2.0; +http://www.bing.com/bingbot.htm)" 
193.111.199.61 - - [12/May/2021:14:09:42 -0700] "GET / HTTP/1.1" 301 475 "-" "Mozilla/5.0 AppleWebKit/537.36 (KHTML, like Gecko; compatible; Googlebot/2.1; +http://www.google.com/bot.html) Chrome/79.0.3945.120 Safari/537.36" 
193.111.199.61 - - [12/May/2021:14:09:42 -0700] "GET / HTTP/1.1" 200 48064 "-" "Mozilla/5.0 AppleWebKit/537.36 (KHTML, like Gecko; compatible; Googlebot/2.1; +http://www.google.com/bot.html) Chrome/79.0.3945.120 Safari/537.36" 
49.7.20.105 - - [12/May/2021:14:14:38 -0700] "GET / HTTP/1.1" 200 12846 "-" "Sogou web spider/4.0(+http://www.sogou.com/docs/help/webmasters.htm#07)" 
17.121.114.29 - - [12/May/2021:14:22:43 -0700] "GET /self.logs/error.log.2019-12-08 HTTP/1.1" 200 307 "-" "Mozilla/5.0 (Macintosh; Intel Mac OS X 10_15_5) AppleWebKit/605.1.15 (KHTML, like Gecko) Version/13.1.1 Safari/605.1.15 (Applebot/0.1; +http://www.apple.com/go/applebot)" 
3.89.196.39 - - [12/May/2021:14:28:01 -0700] "GET /favicon.ico HTTP/1.1" 301 460 "-" "Go 1.1 package http" 
3.89.196.39 - - [12/May/2021:14:28:01 -0700] "GET /favicon.ico HTTP/1.1" 200 347 "http://secrepo.com/favicon.ico" "Go 1.1 package http" 
106.38.241.177 - - [12/May/2021:14:28:19 -0700] "GET / HTTP/1.1" 200 12845 "-" "Sogou web spider/4.0(+http://www.sogou.com/docs/help/webmasters.htm#07)" 
82.64.85.242 - - [12/May/2021:14:35:32 -0700] "GET /GitHub-Mark.png HTTP/1.1" 200 7556 "-" "Mozilla/5.0 (iPhone; CPU iPhone OS 14_4_2 like Mac OS X) AppleWebKit/605.1.15 (KHTML, like Gecko) Version/14.0.3 Mobile/15E148 Safari/604.1" 
82.64.85.242 - - [12/May/2021:14:35:32 -0700] "GET /twitter-icon.png HTTP/1.1" 200 27916 "-" "Mozilla/5.0 (iPhone; CPU iPhone OS 14_4_2 like Mac OS X) AppleWebKit/605.1.15 (KHTML, like Gecko) Version/14.0.3 Mobile/15E148 Safari/604.1" 
114.119.130.95 - - [12/May/2021:14:36:43 -0700] "GET /self.logs/access.log.2017-04-05.gz HTTP/1.1" 200 52343 "-" "Mozilla/5.0 (Linux; Android 7.0;) AppleWebKit/537.36 (KHTML, like Gecko) Mobile Safari/537.36 (compatible; PetalBot;+https://webmaster.petalsearch.com/site/petalbot)" 
114.119.129.244 - - [12/May/2021:14:43:07 -0700] "GET /maccdc2012/ssl.log.gz HTTP/1.1" 200 1311486 "-" "Mozilla/5.0 (Linux; Android 7.0;) AppleWebKit/537.36 (KHTML, like Gecko) Mobile Safari/537.36 (compatible; PetalBot;+https://webmaster.petalsearch.com/site/petalbot)" 
114.119.155.228 - - [12/May/2021:14:49:22 -0700] "GET /self.logs/2015/error.log.2015-09-26.gz HTTP/1.1" 200 766 "-" "Mozilla/5.0 (Linux; Android 7.0;) AppleWebKit/537.36 (KHTML, like Gecko) Mobile Safari/537.36 (compatible; PetalBot;+https://webmaster.petalsearch.com/site/petalbot)" 
106.38.241.177 - - [12/May/2021:14:53:36 -0700] "GET / HTTP/1.1" 200 12845 "-" "Sogou web spider/4.0(+http://www.sogou.com/docs/help/webmasters.htm#07)" 
49.7.20.105 - - [12/May/2021:14:57:00 -0700] "GET / HTTP/1.1" 200 12845 "-" "Sogou web spider/4.0(+http://www.sogou.com/docs/help/webmasters.htm#07)" 
83.28.214.187 - - [12/May/2021:14:59:05 -0700] "GET /bootstrap/img/favicon.ico HTTP/1.1" 304 263 "-" "Mozilla/5.0 (X11; Linux x86_64) AppleWebKit/537.36 (KHTML, like Gecko) Chrome/90.0.4430.212 Safari/537.36" 
114.119.150.248 - - [12/May/2021:14:59:45 -0700] "GET /self.logs/2015/access.log.2015-04-26.gz HTTP/1.1" 200 3948 "-" "Mozilla/5.0 (Linux; Android 7.0;) AppleWebKit/537.36 (KHTML, like Gecko) Mobile Safari/537.36 (compatible; PetalBot;+https://webmaster.petalsearch.com/site/petalbot)" 
114.119.144.30 - - [12/May/2021:15:05:31 -0700] "GET /self.logs/2015/error.log.2015-10-15.gz HTTP/1.1" 200 1175 "-" "Mozilla/5.0 (Linux; Android 7.0;) AppleWebKit/537.36 (KHTML, like Gecko) Mobile Safari/537.36 (compatible; PetalBot;+https://webmaster.petalsearch.com/site/petalbot)" 
114.119.155.228 - - [12/May/2021:15:11:52 -0700] "GET /self.logs/access.log.2019-07-31.gz HTTP/1.1" 200 24381 "-" "Mozilla/5.0 (Linux; Android 7.0;) AppleWebKit/537.36 (KHTML, like Gecko) Mobile Safari/537.36 (compatible; PetalBot;+https://webmaster.petalsearch.com/site/petalbot)" 
114.119.141.53 - - [12/May/2021:15:17:07 -0700] "GET /self.logs/access.log.2018-09-23.gz HTTP/1.1" 200 28646 "-" "Mozilla/5.0 (Linux; Android 7.0;) AppleWebKit/537.36 (KHTML, like Gecko) Mobile Safari/537.36 (compatible; PetalBot;+https://webmaster.petalsearch.com/site/petalbot)" 
220.181.51.93 - - [12/May/2021:15:21:24 -0700] "GET /robots.txt HTTP/1.1" 200 340 "-" "Mozilla/5.0 (Windows NT 10.0; WOW64) AppleWebKit/537.36 (KHTML, like Gecko) Chrome/48.0.2564.116 Safari/537.36" 
116.179.32.88 - - [12/May/2021:15:21:23 -0700] "GET /pe_static/op-cleaver.zip HTTP/1.1" 200 710139 "-" "Mozilla/5.0 (compatible; Baiduspider/2.0; +http://www.baidu.com/search/spider.html)" 
114.119.130.95 - - [12/May/2021:15:22:57 -0700] "GET /self.logs/error.log.2017-01-21.gz HTTP/1.1" 200 1032 "-" "Mozilla/5.0 (Linux; Android 7.0;) AppleWebKit/537.36 (KHTML, like Gecko) Mobile Safari/537.36 (compatible; PetalBot;+https://webmaster.petalsearch.com/site/petalbot)" 
3.249.41.204 - - [12/May/2021:15:29:40 -0700] "GET / HTTP/1.1" 301 438 "-" "Mozilla/5.0 (Macintosh; Intel Mac OS X 10.15; rv:81.0) Gecko/20100101 Firefox/81.0" 
3.249.41.204 - - [12/May/2021:15:29:40 -0700] "GET / HTTP/1.1" 200 12844 "http://66.33.221.139" "Mozilla/5.0 (Macintosh; Intel Mac OS X 10.15; rv:81.0) Gecko/20100101 Firefox/81.0" 
17.121.114.5 - - [12/May/2021:15:34:41 -0700] "GET /self.logs/error.log.2020-04-18 HTTP/1.1" 200 307 "-" "Mozilla/5.0 (Macintosh; Intel Mac OS X 10_15_5) AppleWebKit/605.1.15 (KHTML, like Gecko) Version/13.1.1 Safari/605.1.15 (Applebot/0.1; +http://www.apple.com/go/applebot)" 
114.119.159.101 - - [12/May/2021:15:34:42 -0700] "GET /self.logs/access.log.2019-04-25.gz HTTP/1.1" 200 26950 "-" "Mozilla/5.0 (Linux; Android 7.0;) AppleWebKit/537.36 (KHTML, like Gecko) Mobile Safari/537.36 (compatible; PetalBot;+https://webmaster.petalsearch.com/site/petalbot)" 
78.34.78.245 - - [12/May/2021:15:37:05 -0700] "GET / HTTP/1.1" 200 12882 "-" "Mozilla/5.0 (X11; Ubuntu; Linux x86_64; rv:88.0) Gecko/20100101 Firefox/88.0" 
78.34.78.245 - - [12/May/2021:15:37:18 -0700] "GET / HTTP/1.1" 200 12882 "-" "Mozilla/5.0 (Windows NT 10.0; Win64; x64; rv:88.0) Gecko/20100101 Firefox/88.0" 
78.34.78.245 - - [12/May/2021:15:37:20 -0700] "GET /twitter-icon.png HTTP/1.1" 200 27893 "http://www.secrepo.com/" "Mozilla/5.0 (Windows NT 10.0; Win64; x64; rv:88.0) Gecko/20100101 Firefox/88.0" 
78.34.78.245 - - [12/May/2021:15:37:20 -0700] "GET /css/style.css HTTP/1.1" 404 328 "http://www.secrepo.com/" "Mozilla/5.0 (Windows NT 10.0; Win64; x64; rv:88.0) Gecko/20100101 Firefox/88.0" 
78.34.78.245 - - [12/May/2021:15:37:20 -0700] "GET /GitHub-Mark.png HTTP/1.1" 200 7556 "http://www.secrepo.com/" "Mozilla/5.0 (Windows NT 10.0; Win64; x64; rv:88.0) Gecko/20100101 Firefox/88.0" 
78.34.78.245 - - [12/May/2021:15:37:20 -0700] "GET /bootstrap/img/favicon.ico HTTP/1.1" 200 690 "http://www.secrepo.com/" "Mozilla/5.0 (Windows NT 10.0; Win64; x64; rv:88.0) Gecko/20100101 Firefox/88.0" 
78.34.78.245 - - [12/May/2021:15:37:37 -0700] "GET /maccdc2012/dhcp.log.gz HTTP/1.1" 200 44977 "http://www.secrepo.com/" "Mozilla/5.0 (Windows NT 10.0; Win64; x64; rv:88.0) Gecko/20100101 Firefox/88.0" 
78.34.78.245 - - [12/May/2021:15:37:47 -0700] "GET /squid/access.log.gz HTTP/1.1" 200 23100671 "http://www.secrepo.com/" "Mozilla/5.0 (Windows NT 10.0; Win64; x64; rv:88.0) Gecko/20100101 Firefox/88.0" 
78.34.78.245 - - [12/May/2021:15:38:11 -0700] "GET /css/style.css HTTP/1.1" 404 328 "http://www.secrepo.com/" "Mozilla/5.0 (Windows NT 10.0; Win64; x64; rv:88.0) Gecko/20100101 Firefox/88.0" 
78.34.78.245 - - [12/May/2021:15:38:35 -0700] "GET / HTTP/1.1" 200 12882 "-" "Mozilla/5.0 (Windows NT 10.0; Win64; x64; rv:88.0) Gecko/20100101 Firefox/88.0" 
78.34.78.245 - - [12/May/2021:15:38:36 -0700] "GET /css/style.css HTTP/1.1" 404 328 "http://www.secrepo.com/" "Mozilla/5.0 (Windows NT 10.0; Win64; x64; rv:88.0) Gecko/20100101 Firefox/88.0" 
49.7.20.105 - - [12/May/2021:15:40:18 -0700] "GET / HTTP/1.1" 200 12845 "-" "Sogou web spider/4.0(+http://www.sogou.com/docs/help/webmasters.htm#07)" 
114.119.157.43 - - [12/May/2021:15:40:22 -0700] "GET /self.logs/error.log.2019-12-06.gz HTTP/1.1" 200 1167 "-" "Mozilla/5.0 (Linux; Android 7.0;) AppleWebKit/537.36 (KHTML, like Gecko) Mobile Safari/537.36 (compatible; PetalBot;+https://webmaster.petalsearch.com/site/petalbot)" 
159.75.67.168 - - [12/May/2021:15:43:34 -0700] "GET / HTTP/1.1" 200 48064 "-" "Mozilla/5.0 (Windows NT 10.0; WOW64) AppleWebKit/537.36 (KHTML, like Gecko) Chrome/63.0.3239.132 Safari/537.36" 
68.98.52.231 - - [12/May/2021:15:45:40 -0700] "GET /bootstrap/img/favicon.ico HTTP/1.1" 304 263 "-" "Mozilla/5.0 (Windows NT 10.0; Win64; x64) AppleWebKit/537.36 (KHTML, like Gecko) Chrome/90.0.4430.212 Safari/537.36" 
114.119.150.248 - - [12/May/2021:15:51:42 -0700] "GET /self.logs/error.log.2017-10-26.gz HTTP/1.1" 200 1746 "-" "Mozilla/5.0 (Linux; Android 7.0;) AppleWebKit/537.36 (KHTML, like Gecko) Mobile Safari/537.36 (compatible; PetalBot;+https://webmaster.petalsearch.com/site/petalbot)" 
114.119.157.43 - - [12/May/2021:15:57:09 -0700] "GET /self.logs/access.log.2020-06-26.gz HTTP/1.1" 200 37918 "-" "Mozilla/5.0 (Linux; Android 7.0;) AppleWebKit/537.36 (KHTML, like Gecko) Mobile Safari/537.36 (compatible; PetalBot;+https://webmaster.petalsearch.com/site/petalbot)" 
207.46.13.134 - - [12/May/2021:16:02:40 -0700] "GET /Datasets%20Description/HTML_Bro_log_1/ HTTP/1.1" 200 834 "-" "Mozilla/5.0 (compatible; bingbot/2.0; +http://www.bing.com/bingbot.htm)" 
114.119.141.53 - - [12/May/2021:16:08:33 -0700] "GET /self.logs/2015/error.log.2015-04-06.gz HTTP/1.1" 200 729 "-" "Mozilla/5.0 (Linux; Android 7.0;) AppleWebKit/537.36 (KHTML, like Gecko) Mobile Safari/537.36 (compatible; PetalBot;+https://webmaster.petalsearch.com/site/petalbot)" 
85.208.98.51 - - [12/May/2021:16:11:19 -0700] "GET /robots.txt HTTP/1.1" 301 439 "-" "Mozilla/5.0 (compatible; SemrushBot-BM/1.0; +http://www.semrush.com/bot.html)" 
85.208.98.51 - - [12/May/2021:16:11:22 -0700] "GET /robots.txt HTTP/1.1" 200 333 "-" "Mozilla/5.0 (compatible; SemrushBot-BM/1.0; +http://www.semrush.com/bot.html)" 
49.7.20.105 - - [12/May/2021:16:23:06 -0700] "GET / HTTP/1.1" 200 12845 "-" "Sogou web spider/4.0(+http://www.sogou.com/docs/help/webmasters.htm#07)" 
114.119.157.43 - - [12/May/2021:16:25:59 -0700] "GET /self.logs/error.log.2020-08-26.gz HTTP/1.1" 200 1352 "-" "Mozilla/5.0 (Linux; Android 7.0;) AppleWebKit/537.36 (KHTML, like Gecko) Mobile Safari/537.36 (compatible; PetalBot;+https://webmaster.petalsearch.com/site/petalbot)" 
99.250.196.178 - - [12/May/2021:16:26:45 -0700] "GET / HTTP/1.1" 200 12882 "-" "Mozilla/5.0 (Macintosh; Intel Mac OS X 10_15_7) AppleWebKit/537.36 (KHTML, like Gecko) Chrome/90.0.4430.212 Safari/537.36" 
99.250.196.178 - - [12/May/2021:16:26:45 -0700] "GET /css/style.css HTTP/1.1" 404 305 "http://www.secrepo.com/" "Mozilla/5.0 (Macintosh; Intel Mac OS X 10_15_7) AppleWebKit/537.36 (KHTML, like Gecko) Chrome/90.0.4430.212 Safari/537.36" 
99.250.196.178 - - [12/May/2021:16:26:45 -0700] "GET /twitter-icon.png HTTP/1.1" 200 27893 "http://www.secrepo.com/" "Mozilla/5.0 (Macintosh; Intel Mac OS X 10_15_7) AppleWebKit/537.36 (KHTML, like Gecko) Chrome/90.0.4430.212 Safari/537.36" 
99.250.196.178 - - [12/May/2021:16:26:45 -0700] "GET /GitHub-Mark.png HTTP/1.1" 200 7556 "http://www.secrepo.com/" "Mozilla/5.0 (Macintosh; Intel Mac OS X 10_15_7) AppleWebKit/537.36 (KHTML, like Gecko) Chrome/90.0.4430.212 Safari/537.36" 
99.250.196.178 - - [12/May/2021:16:26:45 -0700] "GET /bootstrap/img/favicon.ico HTTP/1.1" 200 690 "http://www.secrepo.com/" "Mozilla/5.0 (Macintosh; Intel Mac OS X 10_15_7) AppleWebKit/537.36 (KHTML, like Gecko) Chrome/90.0.4430.212 Safari/537.36" 
114.119.155.228 - - [12/May/2021:16:31:59 -0700] "GET /self.logs/error.log.2017-09-24.gz HTTP/1.1" 200 2082 "-" "Mozilla/5.0 (Linux; Android 7.0;) AppleWebKit/537.36 (KHTML, like Gecko) Mobile Safari/537.36 (compatible; PetalBot;+https://webmaster.petalsearch.com/site/petalbot)" 
66.249.64.159 - - [12/May/2021:16:37:14 -0700] "GET / HTTP/1.1" 200 12883 "-" "Mozilla/5.0 (compatible; Googlebot/2.1; +http://www.google.com/bot.html)" 
114.119.129.244 - - [12/May/2021:16:37:40 -0700] "GET /self.logs/access.log.2018-03-17.gz HTTP/1.1" 200 28228 "-" "Mozilla/5.0 (Linux; Android 7.0;) AppleWebKit/537.36 (KHTML, like Gecko) Mobile Safari/537.36 (compatible; PetalBot;+https://webmaster.petalsearch.com/site/petalbot)" 
114.119.150.248 - - [12/May/2021:16:43:39 -0700] "GET /self.logs/access.log.2018-10-21.gz HTTP/1.1" 200 27658 "-" "Mozilla/5.0 (Linux; Android 7.0;) AppleWebKit/537.36 (KHTML, like Gecko) Mobile Safari/537.36 (compatible; PetalBot;+https://webmaster.petalsearch.com/site/petalbot)" 
114.119.155.228 - - [12/May/2021:16:49:13 -0700] "GET /self.logs/error.log.2020-02-24 HTTP/1.1" 200 351 "-" "Mozilla/5.0 (Linux; Android 7.0;) AppleWebKit/537.36 (KHTML, like Gecko) Mobile Safari/537.36 (compatible; PetalBot;+https://webmaster.petalsearch.com/site/petalbot)" 
23.100.232.233 - - [12/May/2021:16:49:45 -0700] "GET /honeypot/BSidesDFW%20-%202014.ipynb HTTP/1.1" 200 930921 "-" "Mozilla/5.0 (compatible; MSIE 9.0; Windows NT 6.0; Trident/5.0;  Trident/5.0)" 
114.119.144.30 - - [12/May/2021:16:54:45 -0700] "GET /self.logs/access.log.2017-05-24.gz HTTP/1.1" 200 56525 "-" "Mozilla/5.0 (Linux; Android 7.0;) AppleWebKit/537.36 (KHTML, like Gecko) Mobile Safari/537.36 (compatible; PetalBot;+https://webmaster.petalsearch.com/site/petalbot)" 
207.46.13.134 - - [12/May/2021:16:56:24 -0700] "GET /self.logs/error.log.2021-03-20.gz HTTP/1.1" 200 1154 "-" "Mozilla/5.0 (compatible; bingbot/2.0; +http://www.bing.com/bingbot.htm)" 
207.46.13.102 - - [12/May/2021:16:56:36 -0700] "GET /Datasets%20Description/PE_malware/OPCleaver.html HTTP/1.1" 200 1458 "-" "Mozilla/5.0 (compatible; bingbot/2.0; +http://www.bing.com/bingbot.htm)" 
17.121.115.206 - - [12/May/2021:16:56:38 -0700] "GET /self.logs/error.log.2020-04-27 HTTP/1.1" 200 307 "-" "Mozilla/5.0 (Macintosh; Intel Mac OS X 10_15_5) AppleWebKit/605.1.15 (KHTML, like Gecko) Version/13.1.1 Safari/605.1.15 (Applebot/0.1; +http://www.apple.com/go/applebot)" 
49.7.20.105 - - [12/May/2021:17:04:28 -0700] "GET / HTTP/1.1" 200 12846 "-" "Sogou web spider/4.0(+http://www.sogou.com/docs/help/webmasters.htm#07)" 
114.119.140.84 - - [12/May/2021:17:06:21 -0700] "GET /self.logs/2015/error.log.2015-10-07.gz HTTP/1.1" 200 966 "-" "Mozilla/5.0 (Linux; Android 7.0;) AppleWebKit/537.36 (KHTML, like Gecko) Mobile Safari/537.36 (compatible; PetalBot;+https://webmaster.petalsearch.com/site/petalbot)" 
147.124.219.105 - - [12/May/2021:17:12:07 -0700] "GET / HTTP/1.1" 301 419 "-" "Mozilla/5.0 (Windows NT 10.0; Win64; x64) AppleWebKit/537.36 (KHTML, like Gecko) Chrome/72.0.3626.121 Safari/537.36" 
147.124.219.105 - - [12/May/2021:17:12:07 -0700] "GET / HTTP/1.1" 200 12839 "-" "Mozilla/5.0 (Windows NT 10.0; Win64; x64) AppleWebKit/537.36 (KHTML, like Gecko) Chrome/72.0.3626.121 Safari/537.36" 
114.119.159.101 - - [12/May/2021:17:12:17 -0700] "GET /self.logs/error.log.2019-09-21.gz HTTP/1.1" 200 2929 "-" "Mozilla/5.0 (Linux; Android 7.0;) AppleWebKit/537.36 (KHTML, like Gecko) Mobile Safari/537.36 (compatible; PetalBot;+https://webmaster.petalsearch.com/site/petalbot)" 
114.119.150.248 - - [12/May/2021:17:18:01 -0700] "GET /self.logs/2015/error.log.2015-10-16.gz HTTP/1.1" 200 874 "-" "Mozilla/5.0 (Linux; Android 7.0;) AppleWebKit/537.36 (KHTML, like Gecko) Mobile Safari/537.36 (compatible; PetalBot;+https://webmaster.petalsearch.com/site/petalbot)" 
114.119.144.30 - - [12/May/2021:17:29:45 -0700] "GET /self.logs/access.log.2018-06-02.gz HTTP/1.1" 200 13989 "-" "Mozilla/5.0 (Linux; Android 7.0;) AppleWebKit/537.36 (KHTML, like Gecko) Mobile Safari/537.36 (compatible; PetalBot;+https://webmaster.petalsearch.com/site/petalbot)" 
159.75.67.168 - - [12/May/2021:17:29:55 -0700] "GET / HTTP/1.1" 200 48064 "-" "Mozilla/5.0 (Windows NT 10.0; WOW64) AppleWebKit/537.36 (KHTML, like Gecko) Chrome/63.0.3239.132 Safari/537.36" 
49.7.20.105 - - [12/May/2021:17:43:19 -0700] "GET / HTTP/1.1" 200 12846 "-" "Sogou web spider/4.0(+http://www.sogou.com/docs/help/webmasters.htm#07)" 
114.119.157.43 - - [12/May/2021:17:55:05 -0700] "GET /self.logs/error.log.2017-10-25.gz HTTP/1.1" 200 2056 "-" "Mozilla/5.0 (Linux; Android 7.0;) AppleWebKit/537.36 (KHTML, like Gecko) Mobile Safari/537.36 (compatible; PetalBot;+https://webmaster.petalsearch.com/site/petalbot)" 
114.119.157.43 - - [12/May/2021:17:58:57 -0700] "GET /self.logs/access.log.2018-11-14.gz HTTP/1.1" 200 33285 "-" "Mozilla/5.0 (Linux; Android 7.0;) AppleWebKit/537.36 (KHTML, like Gecko) Mobile Safari/537.36 (compatible; PetalBot;+https://webmaster.petalsearch.com/site/petalbot)" 
114.119.130.95 - - [12/May/2021:18:04:59 -0700] "GET /self.logs/2015/error.log.2015-03-09.gz HTTP/1.1" 200 2355 "-" "Mozilla/5.0 (Linux; Android 7.0;) AppleWebKit/537.36 (KHTML, like Gecko) Mobile Safari/537.36 (compatible; PetalBot;+https://webmaster.petalsearch.com/site/petalbot)" 
114.119.129.244 - - [12/May/2021:18:17:01 -0700] "GET /self.logs/error.log.2018-03-25.gz HTTP/1.1" 200 3999 "-" "Mozilla/5.0 (Linux; Android 7.0;) AppleWebKit/537.36 (KHTML, like Gecko) Mobile Safari/537.36 (compatible; PetalBot;+https://webmaster.petalsearch.com/site/petalbot)" 
49.7.20.105 - - [12/May/2021:18:23:26 -0700] "GET / HTTP/1.1" 200 12846 "-" "Sogou web spider/4.0(+http://www.sogou.com/docs/help/webmasters.htm#07)" 
114.119.141.53 - - [12/May/2021:18:28:04 -0700] "GET /self.logs/error.log.2017-04-20.gz HTTP/1.1" 200 948 "-" "Mozilla/5.0 (Linux; Android 7.0;) AppleWebKit/537.36 (KHTML, like Gecko) Mobile Safari/537.36 (compatible; PetalBot;+https://webmaster.petalsearch.com/site/petalbot)" 
140.113.122.136 - - [12/May/2021:18:29:20 -0700] "GET /twitter-icon.png HTTP/1.1" 200 27916 "-" "Mozilla/5.0 (Windows NT 10.0; Win64; x64; rv:88.0) Gecko/20100101 Firefox/88.0" 
140.113.122.136 - - [12/May/2021:18:29:20 -0700] "GET /GitHub-Mark.png HTTP/1.1" 200 7556 "-" "Mozilla/5.0 (Windows NT 10.0; Win64; x64; rv:88.0) Gecko/20100101 Firefox/88.0" 
207.46.13.129 - - [12/May/2021:18:33:21 -0700] "GET / HTTP/1.1" 301 475 "-" "Mozilla/5.0 (compatible; bingbot/2.0; +http://www.bing.com/bingbot.htm)" 
114.119.144.30 - - [12/May/2021:18:34:07 -0700] "GET /self.logs/error.log.2020-07-05 HTTP/1.1" 200 351 "-" "Mozilla/5.0 (Linux; Android 7.0;) AppleWebKit/537.36 (KHTML, like Gecko) Mobile Safari/537.36 (compatible; PetalBot;+https://webmaster.petalsearch.com/site/petalbot)" 
40.77.167.32 - - [12/May/2021:18:35:34 -0700] "GET /maccdc2012/dns.log.gz HTTP/1.1" 200 6607379 "-" "Mozilla/5.0 (compatible; bingbot/2.0; +http://www.bing.com/bingbot.htm)" 
220.181.108.117 - - [12/May/2021:18:36:12 -0700] "GET /tg/a.zip HTTP/1.1" 200 4226700 "-" "Mozilla/5.0 (compatible; Baiduspider/2.0; +http://www.baidu.com/search/spider.html)" 
114.119.140.84 - - [12/May/2021:18:45:47 -0700] "GET /self.logs/error.log.2019-08-16.gz HTTP/1.1" 200 1188 "-" "Mozilla/5.0 (Linux; Android 7.0;) AppleWebKit/537.36 (KHTML, like Gecko) Mobile Safari/537.36 (compatible; PetalBot;+https://webmaster.petalsearch.com/site/petalbot)" 
123.183.224.117 - - [12/May/2021:18:47:22 -0700] "GET / HTTP/1.1" 200 12845 "-" "Sogou web spider/4.0(+http://www.sogou.com/docs/help/webmasters.htm#07)" 
49.7.20.123 - - [12/May/2021:18:49:35 -0700] "GET / HTTP/1.1" 200 12845 "-" "Sogou web spider/4.0(+http://www.sogou.com/docs/help/webmasters.htm#07)" 
114.119.141.53 - - [12/May/2021:18:51:15 -0700] "GET /self.logs/error.log.2018-08-02.gz HTTP/1.1" 200 8702 "-" "Mozilla/5.0 (Linux; Android 7.0;) AppleWebKit/537.36 (KHTML, like Gecko) Mobile Safari/537.36 (compatible; PetalBot;+https://webmaster.petalsearch.com/site/petalbot)" 
117.32.249.149 - - [12/May/2021:18:58:34 -0700] "GET /honeypot/honeypot.json.zip HTTP/1.1" 200 79200 "https://link.csdn.net/?target=http%3A%2F%2Fwww.secrepo.com%2Fhoneypot%2Fhoneypot.json.zip" "Mozilla/5.0 (Windows NT 10.0; WOW64) AppleWebKit/537.36 (KHTML, like Gecko) Chrome/78.0.3904.108 Safari/537.36" 
44.234.109.58 - - [12/May/2021:19:01:14 -0700] "GET / HTTP/1.1" 301 419 "-" "Mozilla/5.0 (X11; Linux x86_64) AppleWebKit/537.36 (KHTML, like Gecko) Chrome/83.0.4103.97 Safari/537.36" 
44.234.109.58 - - [12/May/2021:19:01:14 -0700] "GET / HTTP/1.1" 200 12839 "http://secrepo.com" "Mozilla/5.0 (X11; Linux x86_64) AppleWebKit/537.36 (KHTML, like Gecko) Chrome/83.0.4103.97 Safari/537.36" 
66.249.83.94 - - [12/May/2021:19:01:54 -0700] "GET /bootstrap/img/favicon.ico HTTP/1.1" 200 713 "-" "Mozilla/5.0 (X11; Linux x86_64) AppleWebKit/537.36 (KHTML, like Gecko) Chrome/49.0.2623.75 Safari/537.36 Google Favicon" 
114.119.140.84 - - [12/May/2021:19:02:48 -0700] "GET /self.logs/error.log.2018-05-08.gz HTTP/1.1" 200 5699 "-" "Mozilla/5.0 (Linux; Android 7.0;) AppleWebKit/537.36 (KHTML, like Gecko) Mobile Safari/537.36 (compatible; PetalBot;+https://webmaster.petalsearch.com/site/petalbot)" 
49.7.20.105 - - [12/May/2021:19:06:26 -0700] "GET / HTTP/1.1" 301 438 "-" "Sogou web spider/4.0(+http://www.sogou.com/docs/help/webmasters.htm#07)" 
49.7.20.102 - - [12/May/2021:19:07:54 -0700] "GET / HTTP/1.1" 200 12846 "-" "Sogou web spider/4.0(+http://www.sogou.com/docs/help/webmasters.htm#07)" 
118.211.6.242 - - [12/May/2021:19:08:52 -0700] "GET / HTTP/1.1" 200 12883 "-" "Mozilla/5.0 (Windows NT 10.0; Win64; x64) AppleWebKit/537.36 (KHTML, like Gecko) Chrome/90.0.4430.93 Safari/537.36" 
118.211.6.242 - - [12/May/2021:19:08:52 -0700] "GET /css/style.css HTTP/1.1" 404 305 "http://www.secrepo.com/" "Mozilla/5.0 (Windows NT 10.0; Win64; x64) AppleWebKit/537.36 (KHTML, like Gecko) Chrome/90.0.4430.93 Safari/537.36" 
118.211.6.242 - - [12/May/2021:19:08:52 -0700] "GET /twitter-icon.png HTTP/1.1" 200 27916 "http://www.secrepo.com/" "Mozilla/5.0 (Windows NT 10.0; Win64; x64) AppleWebKit/537.36 (KHTML, like Gecko) Chrome/90.0.4430.93 Safari/537.36" 
118.211.6.242 - - [12/May/2021:19:08:52 -0700] "GET /GitHub-Mark.png HTTP/1.1" 200 7533 "http://www.secrepo.com/" "Mozilla/5.0 (Windows NT 10.0; Win64; x64) AppleWebKit/537.36 (KHTML, like Gecko) Chrome/90.0.4430.93 Safari/537.36" 
118.211.6.242 - - [12/May/2021:19:08:54 -0700] "GET /bootstrap/img/favicon.ico HTTP/1.1" 200 690 "http://www.secrepo.com/" "Mozilla/5.0 (Windows NT 10.0; Win64; x64) AppleWebKit/537.36 (KHTML, like Gecko) Chrome/90.0.4430.93 Safari/537.36" 
49.7.20.102 - - [12/May/2021:19:10:31 -0700] "GET / HTTP/1.1" 200 12846 "-" "Sogou web spider/4.0(+http://www.sogou.com/docs/help/webmasters.htm#07)" 
49.7.20.102 - - [12/May/2021:19:13:00 -0700] "GET / HTTP/1.1" 200 12846 "-" "Sogou web spider/4.0(+http://www.sogou.com/docs/help/webmasters.htm#07)" 
46.23.78.77 - - [12/May/2021:19:14:00 -0700] "GET / HTTP/1.1" 301 438 "-" "Mozilla/5.0 (Macintosh; Intel Mac OS X 10.15; rv:88.0) Gecko/20100101 Firefox/88.0" 
46.23.78.77 - - [12/May/2021:19:14:01 -0700] "GET / HTTP/1.1" 200 12846 "-" "Mozilla/5.0 (Macintosh; Intel Mac OS X 10.15; rv:88.0) Gecko/20100101 Firefox/88.0" 
46.23.78.77 - - [12/May/2021:19:14:02 -0700] "GET /css/style.css HTTP/1.1" 404 291 "http://www.secrepo.com/" "Mozilla/5.0 (Macintosh; Intel Mac OS X 10.15; rv:88.0) Gecko/20100101 Firefox/88.0" 
46.23.78.77 - - [12/May/2021:19:14:02 -0700] "GET /GitHub-Mark.png HTTP/1.1" 200 7519 "http://www.secrepo.com/" "Mozilla/5.0 (Macintosh; Intel Mac OS X 10.15; rv:88.0) Gecko/20100101 Firefox/88.0" 
46.23.78.77 - - [12/May/2021:19:14:02 -0700] "GET /twitter-icon.png HTTP/1.1" 200 27879 "http://www.secrepo.com/" "Mozilla/5.0 (Macintosh; Intel Mac OS X 10.15; rv:88.0) Gecko/20100101 Firefox/88.0" 
46.23.78.77 - - [12/May/2021:19:14:03 -0700] "GET /bootstrap/img/favicon.ico HTTP/1.1" 200 676 "http://www.secrepo.com/" "Mozilla/5.0 (Macintosh; Intel Mac OS X 10.15; rv:88.0) Gecko/20100101 Firefox/88.0" 
46.23.78.77 - - [12/May/2021:19:14:34 -0700] "GET /css/style.css HTTP/1.1" 404 291 "http://www.secrepo.com/" "Mozilla/5.0 (Macintosh; Intel Mac OS X 10.15; rv:88.0) Gecko/20100101 Firefox/88.0" 
49.7.20.102 - - [12/May/2021:19:15:21 -0700] "GET / HTTP/1.1" 200 12846 "-" "Sogou web spider/4.0(+http://www.sogou.com/docs/help/webmasters.htm#07)" 
49.7.20.102 - - [12/May/2021:19:17:31 -0700] "GET / HTTP/1.1" 200 12846 "-" "Sogou web spider/4.0(+http://www.sogou.com/docs/help/webmasters.htm#07)" 
117.32.249.149 - - [12/May/2021:19:18:43 -0700] "GET /honeypot/honeypot.json.zip HTTP/1.1" 206 20934 "https://link.csdn.net/?target=http%3A%2F%2Fwww.secrepo.com%2Fhoneypot%2Fhoneypot.json.zip" "Mozilla/5.0 (Windows NT 10.0; WOW64) AppleWebKit/537.36 (KHTML, like Gecko) Chrome/78.0.3904.108 Safari/537.36" 
117.32.249.149 - - [12/May/2021:19:18:43 -0700] "GET /honeypot/honeypot.json.zip HTTP/1.1" 206 20932 "https://link.csdn.net/?target=http%3A%2F%2Fwww.secrepo.com%2Fhoneypot%2Fhoneypot.json.zip" "Mozilla/5.0 (Windows NT 10.0; WOW64) AppleWebKit/537.36 (KHTML, like Gecko) Chrome/78.0.3904.108 Safari/537.36" 
117.32.249.149 - - [12/May/2021:19:18:29 -0700] "GET /honeypot/honeypot.json.zip HTTP/1.1" 200 190080 "https://link.csdn.net/?target=http%3A%2F%2Fwww.secrepo.com%2Fhoneypot%2Fhoneypot.json.zip" "Mozilla/5.0 (Windows NT 10.0; WOW64) AppleWebKit/537.36 (KHTML, like Gecko) Chrome/78.0.3904.108 Safari/537.36" 
117.32.249.149 - - [12/May/2021:19:18:43 -0700] "GET /honeypot/honeypot.json.zip HTTP/1.1" 206 200456 "https://link.csdn.net/?target=http%3A%2F%2Fwww.secrepo.com%2Fhoneypot%2Fhoneypot.json.zip" "Mozilla/5.0 (Windows NT 10.0; WOW64) AppleWebKit/537.36 (KHTML, like Gecko) Chrome/78.0.3904.108 Safari/537.36" 
117.32.249.149 - - [12/May/2021:19:18:43 -0700] "GET /honeypot/honeypot.json.zip HTTP/1.1" 206 325440 "https://link.csdn.net/?target=http%3A%2F%2Fwww.secrepo.com%2Fhoneypot%2Fhoneypot.json.zip" "Mozilla/5.0 (Windows NT 10.0; WOW64) AppleWebKit/537.36 (KHTML, like Gecko) Chrome/78.0.3904.108 Safari/537.36" 
117.32.249.149 - - [12/May/2021:19:18:42 -0700] "GET /honeypot/honeypot.json.zip HTTP/1.1" 200 168480 "https://link.csdn.net/?target=http%3A%2F%2Fwww.secrepo.com%2Fhoneypot%2Fhoneypot.json.zip" "Mozilla/5.0 (Windows NT 10.0; WOW64) AppleWebKit/537.36 (KHTML, like Gecko) Chrome/78.0.3904.108 Safari/537.36" 
117.32.249.149 - - [12/May/2021:19:18:43 -0700] "GET /honeypot/honeypot.json.zip HTTP/1.1" 206 311040 "https://link.csdn.net/?target=http%3A%2F%2Fwww.secrepo.com%2Fhoneypot%2Fhoneypot.json.zip" "Mozilla/5.0 (Windows NT 10.0; WOW64) AppleWebKit/537.36 (KHTML, like Gecko) Chrome/78.0.3904.108 Safari/537.36" 
117.32.249.149 - - [12/May/2021:19:18:43 -0700] "GET /honeypot/honeypot.json.zip HTTP/1.1" 206 448454 "https://link.csdn.net/?target=http%3A%2F%2Fwww.secrepo.com%2Fhoneypot%2Fhoneypot.json.zip" "Mozilla/5.0 (Windows NT 10.0; WOW64) AppleWebKit/537.36 (KHTML, like Gecko) Chrome/78.0.3904.108 Safari/537.36" 
117.32.249.149 - - [12/May/2021:19:18:43 -0700] "GET /honeypot/honeypot.json.zip HTTP/1.1" 206 456456 "https://link.csdn.net/?target=http%3A%2F%2Fwww.secrepo.com%2Fhoneypot%2Fhoneypot.json.zip" "Mozilla/5.0 (Windows NT 10.0; WOW64) AppleWebKit/537.36 (KHTML, like Gecko) Chrome/78.0.3904.108 Safari/537.36" 
117.32.249.149 - - [12/May/2021:19:18:43 -0700] "GET /honeypot/honeypot.json.zip HTTP/1.1" 206 282240 "https://link.csdn.net/?target=http%3A%2F%2Fwww.secrepo.com%2Fhoneypot%2Fhoneypot.json.zip" "Mozilla/5.0 (Windows NT 10.0; WOW64) AppleWebKit/537.36 (KHTML, like Gecko) Chrome/78.0.3904.108 Safari/537.36" 
49.7.20.102 - - [12/May/2021:19:19:59 -0700] "GET / HTTP/1.1" 200 12846 "-" "Sogou web spider/4.0(+http://www.sogou.com/docs/help/webmasters.htm#07)" 
117.32.249.149 - - [12/May/2021:19:19:11 -0700] "GET /honeypot/honeypot.json.zip HTTP/1.1" 206 1357920 "https://link.csdn.net/?target=http%3A%2F%2Fwww.secrepo.com%2Fhoneypot%2Fhoneypot.json.zip" "Mozilla/5.0 (Windows NT 10.0; WOW64) AppleWebKit/537.36 (KHTML, like Gecko) Chrome/78.0.3904.108 Safari/537.36" 
117.32.249.149 - - [12/May/2021:19:18:59 -0700] "GET /honeypot/honeypot.json.zip HTTP/1.1" 206 1431360 "https://link.csdn.net/?target=http%3A%2F%2Fwww.secrepo.com%2Fhoneypot%2Fhoneypot.json.zip" "Mozilla/5.0 (Windows NT 10.0; WOW64) AppleWebKit/537.36 (KHTML, like Gecko) Chrome/78.0.3904.108 Safari/537.36" 
117.32.249.149 - - [12/May/2021:19:19:00 -0700] "GET /honeypot/honeypot.json.zip HTTP/1.1" 206 2384875 "https://link.csdn.net/?target=http%3A%2F%2Fwww.secrepo.com%2Fhoneypot%2Fhoneypot.json.zip" "Mozilla/5.0 (Windows NT 10.0; WOW64) AppleWebKit/537.36 (KHTML, like Gecko) Chrome/78.0.3904.108 Safari/537.36" 
117.32.249.149 - - [12/May/2021:19:20:03 -0700] "GET /honeypot/honeypot.json.zip HTTP/1.1" 206 705600 "https://link.csdn.net/?target=http%3A%2F%2Fwww.secrepo.com%2Fhoneypot%2Fhoneypot.json.zip" "Mozilla/5.0 (Windows NT 10.0; WOW64) AppleWebKit/537.36 (KHTML, like Gecko) Chrome/78.0.3904.108 Safari/537.36" 
117.32.249.149 - - [12/May/2021:19:19:03 -0700] "GET /honeypot/honeypot.json.zip HTTP/1.1" 206 2112419 "https://link.csdn.net/?target=http%3A%2F%2Fwww.secrepo.com%2Fhoneypot%2Fhoneypot.json.zip" "Mozilla/5.0 (Windows NT 10.0; WOW64) AppleWebKit/537.36 (KHTML, like Gecko) Chrome/78.0.3904.108 Safari/537.36" 
117.32.249.149 - - [12/May/2021:19:20:25 -0700] "GET /honeypot/honeypot.json.zip HTTP/1.1" 206 448419 "https://link.csdn.net/?target=http%3A%2F%2Fwww.secrepo.com%2Fhoneypot%2Fhoneypot.json.zip" "Mozilla/5.0 (Windows NT 10.0; WOW64) AppleWebKit/537.36 (KHTML, like Gecko) Chrome/78.0.3904.108 Safari/537.36" 
117.32.249.149 - - [12/May/2021:19:20:25 -0700] "GET /honeypot/honeypot.json.zip HTTP/1.1" 206 560419 "https://link.csdn.net/?target=http%3A%2F%2Fwww.secrepo.com%2Fhoneypot%2Fhoneypot.json.zip" "Mozilla/5.0 (Windows NT 10.0; WOW64) AppleWebKit/537.36 (KHTML, like Gecko) Chrome/78.0.3904.108 Safari/537.36" 
117.32.249.149 - - [12/May/2021:19:18:44 -0700] "GET /honeypot/honeypot.json.zip HTTP/1.1" 206 2050560 "https://link.csdn.net/?target=http%3A%2F%2Fwww.secrepo.com%2Fhoneypot%2Fhoneypot.json.zip" "Mozilla/5.0 (Windows NT 10.0; WOW64) AppleWebKit/537.36 (KHTML, like Gecko) Chrome/78.0.3904.108 Safari/537.36" 
117.32.249.149 - - [12/May/2021:19:20:29 -0700] "GET /honeypot/honeypot.json.zip HTTP/1.1" 206 266400 "https://link.csdn.net/?target=http%3A%2F%2Fwww.secrepo.com%2Fhoneypot%2Fhoneypot.json.zip" "Mozilla/5.0 (Windows NT 10.0; WOW64) AppleWebKit/537.36 (KHTML, like Gecko) Chrome/78.0.3904.108 Safari/537.36" 
117.32.249.149 - - [12/May/2021:19:20:32 -0700] "GET /honeypot/honeypot.json.zip HTTP/1.1" 206 138240 "https://link.csdn.net/?target=http%3A%2F%2Fwww.secrepo.com%2Fhoneypot%2Fhoneypot.json.zip" "Mozilla/5.0 (Windows NT 10.0; WOW64) AppleWebKit/537.36 (KHTML, like Gecko) Chrome/78.0.3904.108 Safari/537.36" 
117.32.249.149 - - [12/May/2021:19:19:00 -0700] "GET /honeypot/honeypot.json.zip HTTP/1.1" 206 2469600 "https://link.csdn.net/?target=http%3A%2F%2Fwww.secrepo.com%2Fhoneypot%2Fhoneypot.json.zip" "Mozilla/5.0 (Windows NT 10.0; WOW64) AppleWebKit/537.36 (KHTML, like Gecko) Chrome/78.0.3904.108 Safari/537.36" 
117.32.249.149 - - [12/May/2021:19:20:29 -0700] "GET /honeypot/honeypot.json.zip HTTP/1.1" 206 185760 "https://link.csdn.net/?target=http%3A%2F%2Fwww.secrepo.com%2Fhoneypot%2Fhoneypot.json.zip" "Mozilla/5.0 (Windows NT 10.0; WOW64) AppleWebKit/537.36 (KHTML, like Gecko) Chrome/78.0.3904.108 Safari/537.36" 
117.32.249.149 - - [12/May/2021:19:20:33 -0700] "GET /honeypot/honeypot.json.zip HTTP/1.1" 206 187200 "https://link.csdn.net/?target=http%3A%2F%2Fwww.secrepo.com%2Fhoneypot%2Fhoneypot.json.zip" "Mozilla/5.0 (Windows NT 10.0; WOW64) AppleWebKit/537.36 (KHTML, like Gecko) Chrome/78.0.3904.108 Safari/537.36" 
117.32.249.149 - - [12/May/2021:19:20:32 -0700] "GET /honeypot/honeypot.json.zip HTTP/1.1" 206 126720 "https://link.csdn.net/?target=http%3A%2F%2Fwww.secrepo.com%2Fhoneypot%2Fhoneypot.json.zip" "Mozilla/5.0 (Windows NT 10.0; WOW64) AppleWebKit/537.36 (KHTML, like Gecko) Chrome/78.0.3904.108 Safari/537.36" 
117.32.249.149 - - [12/May/2021:19:20:33 -0700] "GET /honeypot/honeypot.json.zip HTTP/1.1" 206 192960 "https://link.csdn.net/?target=http%3A%2F%2Fwww.secrepo.com%2Fhoneypot%2Fhoneypot.json.zip" "Mozilla/5.0 (Windows NT 10.0; WOW64) AppleWebKit/537.36 (KHTML, like Gecko) Chrome/78.0.3904.108 Safari/537.36" 
117.32.249.149 - - [12/May/2021:19:20:34 -0700] "GET /honeypot/honeypot.json.zip HTTP/1.1" 206 79200 "https://link.csdn.net/?target=http%3A%2F%2Fwww.secrepo.com%2Fhoneypot%2Fhoneypot.json.zip" "Mozilla/5.0 (Windows NT 10.0; WOW64) AppleWebKit/537.36 (KHTML, like Gecko) Chrome/78.0.3904.108 Safari/537.36" 
117.32.249.149 - - [12/May/2021:19:18:45 -0700] "GET /honeypot/honeypot.json.zip HTTP/1.1" 206 2340000 "https://link.csdn.net/?target=http%3A%2F%2Fwww.secrepo.com%2Fhoneypot%2Fhoneypot.json.zip" "Mozilla/5.0 (Windows NT 10.0; WOW64) AppleWebKit/537.36 (KHTML, like Gecko) Chrome/78.0.3904.108 Safari/537.36" 
117.32.249.149 - - [12/May/2021:19:20:34 -0700] "GET /honeypot/honeypot.json.zip HTTP/1.1" 206 79200 "https://link.csdn.net/?target=http%3A%2F%2Fwww.secrepo.com%2Fhoneypot%2Fhoneypot.json.zip" "Mozilla/5.0 (Windows NT 10.0; WOW64) AppleWebKit/537.36 (KHTML, like Gecko) Chrome/78.0.3904.108 Safari/537.36" 
117.32.249.149 - - [12/May/2021:19:20:34 -0700] "GET /honeypot/honeypot.json.zip HTTP/1.1" 206 79200 "https://link.csdn.net/?target=http%3A%2F%2Fwww.secrepo.com%2Fhoneypot%2Fhoneypot.json.zip" "Mozilla/5.0 (Windows NT 10.0; WOW64) AppleWebKit/537.36 (KHTML, like Gecko) Chrome/78.0.3904.108 Safari/537.36" 
117.32.249.149 - - [12/May/2021:19:19:00 -0700] "GET /honeypot/honeypot.json.zip HTTP/1.1" 206 2201760 "https://link.csdn.net/?target=http%3A%2F%2Fwww.secrepo.com%2Fhoneypot%2Fhoneypot.json.zip" "Mozilla/5.0 (Windows NT 10.0; WOW64) AppleWebKit/537.36 (KHTML, like Gecko) Chrome/78.0.3904.108 Safari/537.36" 
117.32.249.149 - - [12/May/2021:19:20:34 -0700] "GET /honeypot/honeypot.json.zip HTTP/1.1" 206 79200 "https://link.csdn.net/?target=http%3A%2F%2Fwww.secrepo.com%2Fhoneypot%2Fhoneypot.json.zip" "Mozilla/5.0 (Windows NT 10.0; WOW64) AppleWebKit/537.36 (KHTML, like Gecko) Chrome/78.0.3904.108 Safari/537.36" 
117.32.249.149 - - [12/May/2021:19:20:34 -0700] "GET /honeypot/honeypot.json.zip HTTP/1.1" 206 79200 "https://link.csdn.net/?target=http%3A%2F%2Fwww.secrepo.com%2Fhoneypot%2Fhoneypot.json.zip" "Mozilla/5.0 (Windows NT 10.0; WOW64) AppleWebKit/537.36 (KHTML, like Gecko) Chrome/78.0.3904.108 Safari/537.36" 
117.32.249.149 - - [12/May/2021:19:20:11 -0700] "GET /honeypot/honeypot.json.zip HTTP/1.1" 206 601920 "https://link.csdn.net/?target=http%3A%2F%2Fwww.secrepo.com%2Fhoneypot%2Fhoneypot.json.zip" "Mozilla/5.0 (Windows NT 10.0; WOW64) AppleWebKit/537.36 (KHTML, like Gecko) Chrome/78.0.3904.108 Safari/537.36" 
117.32.249.149 - - [12/May/2021:19:20:35 -0700] "GET /honeypot/honeypot.json.zip HTTP/1.1" 206 79200 "https://link.csdn.net/?target=http%3A%2F%2Fwww.secrepo.com%2Fhoneypot%2Fhoneypot.json.zip" "Mozilla/5.0 (Windows NT 10.0; WOW64) AppleWebKit/537.36 (KHTML, like Gecko) Chrome/78.0.3904.108 Safari/537.36" 
117.32.249.149 - - [12/May/2021:19:20:34 -0700] "GET /honeypot/honeypot.json.zip HTTP/1.1" 206 79200 "https://link.csdn.net/?target=http%3A%2F%2Fwww.secrepo.com%2Fhoneypot%2Fhoneypot.json.zip" "Mozilla/5.0 (Windows NT 10.0; WOW64) AppleWebKit/537.36 (KHTML, like Gecko) Chrome/78.0.3904.108 Safari/537.36" 
117.32.249.149 - - [12/May/2021:19:19:00 -0700] "GET /honeypot/honeypot.json.zip HTTP/1.1" 206 2257920 "https://link.csdn.net/?target=http%3A%2F%2Fwww.secrepo.com%2Fhoneypot%2Fhoneypot.json.zip" "Mozilla/5.0 (Windows NT 10.0; WOW64) AppleWebKit/537.36 (KHTML, like Gecko) Chrome/78.0.3904.108 Safari/537.36" 
117.32.249.149 - - [12/May/2021:19:18:43 -0700] "GET /honeypot/honeypot.json.zip HTTP/1.1" 206 2480456 "https://link.csdn.net/?target=http%3A%2F%2Fwww.secrepo.com%2Fhoneypot%2Fhoneypot.json.zip" "Mozilla/5.0 (Windows NT 10.0; WOW64) AppleWebKit/537.36 (KHTML, like Gecko) Chrome/78.0.3904.108 Safari/537.36" 
118.211.6.242 - - [12/May/2021:19:21:43 -0700] "GET / HTTP/1.1" 200 12883 "-" "Mozilla/5.0 (Windows NT 10.0; Win64; x64) AppleWebKit/537.36 (KHTML, like Gecko) Chrome/90.0.4430.93 Safari/537.36" 
118.211.6.242 - - [12/May/2021:19:21:43 -0700] "GET /css/style.css HTTP/1.1" 404 305 "http://www.secrepo.com/" "Mozilla/5.0 (Windows NT 10.0; Win64; x64) AppleWebKit/537.36 (KHTML, like Gecko) Chrome/90.0.4430.93 Safari/537.36" 
