27.186.194.29 - - [27/Feb/2020:02:12:15 -0800] "GET /favicon.ico HTTP/1.1" 200 302 "-" "Mozilla/5.0 (Windows NT 10.0; WOW64) AppleWebKit/537.36 (KHTML, like Gecko) Chrome/49.0.2623.221 Safari/537.36 SE 2.X MetaSr 1.0" 
148.88.245.12 - - [27/Feb/2020:02:13:07 -0800] "GET / HTTP/1.1" 200 12660 "-" "Mozilla/5.0 (Windows NT 10.0; Win64; x64) AppleWebKit/537.36 (KHTML, like Gecko) Chrome/80.0.3987.122 Safari/537.36" 
148.88.245.12 - - [27/Feb/2020:02:13:08 -0800] "GET /css/style.css HTTP/1.1" 404 271 "http://www.secrepo.com/" "Mozilla/5.0 (Windows NT 10.0; Win64; x64) AppleWebKit/537.36 (KHTML, like Gecko) Chrome/80.0.3987.122 Safari/537.36" 
148.88.245.12 - - [27/Feb/2020:02:13:08 -0800] "GET /twitter-icon.png HTTP/1.1" 200 27810 "http://www.secrepo.com/" "Mozilla/5.0 (Windows NT 10.0; Win64; x64) AppleWebKit/537.36 (KHTML, like Gecko) Chrome/80.0.3987.122 Safari/537.36" 
148.88.245.12 - - [27/Feb/2020:02:13:08 -0800] "GET /GitHub-Mark.png HTTP/1.1" 200 7427 "http://www.secrepo.com/" "Mozilla/5.0 (Windows NT 10.0; Win64; x64) AppleWebKit/537.36 (KHTML, like Gecko) Chrome/80.0.3987.122 Safari/537.36" 
148.88.245.12 - - [27/Feb/2020:02:13:08 -0800] "GET /bootstrap/img/favicon.ico HTTP/1.1" 200 601 "http://www.secrepo.com/" "Mozilla/5.0 (Windows NT 10.0; Win64; x64) AppleWebKit/537.36 (KHTML, like Gecko) Chrome/80.0.3987.122 Safari/537.36" 
148.88.245.12 - - [27/Feb/2020:02:16:28 -0800] "GET / HTTP/1.1" 200 12660 "http://www.secrepo.com/" "Mozilla/5.0 (Windows NT 10.0; Win64; x64) AppleWebKit/537.36 (KHTML, like Gecko) Chrome/80.0.3987.122 Safari/537.36" 
148.88.245.12 - - [27/Feb/2020:02:16:28 -0800] "GET /css/style.css HTTP/1.1" 404 271 "http://www.secrepo.com/" "Mozilla/5.0 (Windows NT 10.0; Win64; x64) AppleWebKit/537.36 (KHTML, like Gecko) Chrome/80.0.3987.122 Safari/537.36" 
120.79.212.87 - - [27/Feb/2020:02:21:31 -0800] "GET /ueditor/dialogs/internal.js HTTP/1.1" 404 294 "http://www.secrepo.com/ueditor/dialogs/internal.js" "Mozilla/5.0 (compatible; MSIE 9.0; Windows NT 6.1; Win64; x64; Trident/5.0)" 
125.34.31.245 - - [27/Feb/2020:02:33:09 -0800] "GET /favicon.ico HTTP/1.1" 200 302 "-" "Mozilla/5.0 (Windows NT 10.0; WOW64) AppleWebKit/537.36 (KHTML, like Gecko) Chrome/78.0.3904.108 Safari/537.36" 
79.182.240.137 - - [27/Feb/2020:02:36:22 -0800] "GET / HTTP/1.1" 200 12660 "https://www.researchgate.net/" "Mozilla/5.0 (Windows NT 10.0; Win64; x64) AppleWebKit/537.36 (KHTML, like Gecko) Chrome/80.0.3987.106 Safari/537.36" 
79.182.240.137 - - [27/Feb/2020:02:36:22 -0800] "GET /css/style.css HTTP/1.1" 404 271 "http://www.secrepo.com/" "Mozilla/5.0 (Windows NT 10.0; Win64; x64) AppleWebKit/537.36 (KHTML, like Gecko) Chrome/80.0.3987.106 Safari/537.36" 
79.182.240.137 - - [27/Feb/2020:02:36:23 -0800] "GET /twitter-icon.png HTTP/1.1" 200 27787 "http://www.secrepo.com/" "Mozilla/5.0 (Windows NT 10.0; Win64; x64) AppleWebKit/537.36 (KHTML, like Gecko) Chrome/80.0.3987.106 Safari/537.36" 
79.182.240.137 - - [27/Feb/2020:02:36:23 -0800] "GET /GitHub-Mark.png HTTP/1.1" 200 7450 "http://www.secrepo.com/" "Mozilla/5.0 (Windows NT 10.0; Win64; x64) AppleWebKit/537.36 (KHTML, like Gecko) Chrome/80.0.3987.106 Safari/537.36" 
79.182.240.137 - - [27/Feb/2020:02:36:25 -0800] "GET /bootstrap/img/favicon.ico HTTP/1.1" 200 624 "http://www.secrepo.com/" "Mozilla/5.0 (Windows NT 10.0; Win64; x64) AppleWebKit/537.36 (KHTML, like Gecko) Chrome/80.0.3987.106 Safari/537.36" 
113.171.224.176 - - [27/Feb/2020:02:45:23 -0800] "GET /honeypot/Honeypot%20-%20Howto.pdf HTTP/1.1" 200 61320 "-" "Mozilla/5.0 Gecko/20100115 Firefox/3.6" 
87.198.171.156 - - [27/Feb/2020:02:46:33 -0800] "GET /bootstrap/img/favicon.ico HTTP/1.1" 200 624 "-" "Mozilla/5.0 (Windows NT 10.0; Win64; x64) AppleWebKit/537.36 (KHTML, like Gecko) Chrome/80.0.3987.122 Safari/537.36" 
66.249.64.141 - - [27/Feb/2020:03:02:23 -0800] "GET /Datasets%20Description/PE_malware/Zeus.html HTTP/1.1" 200 1619 "-" "Mozilla/5.0 (Linux; Android 6.0.1; Nexus 5X Build/MMB29P) AppleWebKit/537.36 (KHTML, like Gecko) Chrome/41.0.2272.96 Mobile Safari/537.36 (compatible; Googlebot/2.1; +http://www.google.com/bot.html)" 
112.141.182.104 - - [27/Feb/2020:03:02:23 -0800] "GET / HTTP/1.1" 200 12660 "-" "Mozilla/5.0 (Linux; Android 9; CPH1951) AppleWebKit/537.36 (KHTML, like Gecko) Chrome/80.0.3987.119 Mobile Safari/537.36" 
112.141.182.104 - - [27/Feb/2020:03:02:23 -0800] "GET /css/style.css HTTP/1.1" 404 271 "http://www.secrepo.com/" "Mozilla/5.0 (Linux; Android 9; CPH1951) AppleWebKit/537.36 (KHTML, like Gecko) Chrome/80.0.3987.119 Mobile Safari/537.36" 
112.141.182.104 - - [27/Feb/2020:03:02:23 -0800] "GET /twitter-icon.png HTTP/1.1" 200 27810 "http://www.secrepo.com/" "Mozilla/5.0 (Linux; Android 9; CPH1951) AppleWebKit/537.36 (KHTML, like Gecko) Chrome/80.0.3987.119 Mobile Safari/537.36" 
112.141.182.104 - - [27/Feb/2020:03:02:23 -0800] "GET /GitHub-Mark.png HTTP/1.1" 200 7450 "http://www.secrepo.com/" "Mozilla/5.0 (Linux; Android 9; CPH1951) AppleWebKit/537.36 (KHTML, like Gecko) Chrome/80.0.3987.119 Mobile Safari/537.36" 
112.141.182.104 - - [27/Feb/2020:03:02:26 -0800] "GET /bootstrap/img/favicon.ico HTTP/1.1" 200 624 "http://www.secrepo.com/" "Mozilla/5.0 (Linux; Android 9; CPH1951) AppleWebKit/537.36 (KHTML, like Gecko) Chrome/80.0.3987.119 Mobile Safari/537.36" 
66.249.64.143 - - [27/Feb/2020:03:03:00 -0800] "GET /favicon.ico HTTP/1.1" 200 302 "-" "Googlebot-Image/1.0" 
40.77.167.139 - - [27/Feb/2020:03:04:14 -0800] "GET / HTTP/1.1" 301 475 "-" "Mozilla/5.0 (compatible; bingbot/2.0; +http://www.bing.com/bingbot.htm)" 
120.78.180.36 - - [27/Feb/2020:03:05:54 -0800] "GET //ueditor/dialogs/internal.js HTTP/1.1" 404 294 "http://www.secrepo.com//ueditor/dialogs/internal.js" "Mozilla/5.0 (compatible; MSIE 9.0; Windows NT 6.1; Win64; x64; Trident/5.0)" 
120.78.180.36 - - [27/Feb/2020:03:06:00 -0800] "GET //ueditor/dialogs/internal.js HTTP/1.1" 301 529 "http://secrepo.com//ueditor/dialogs/internal.js" "Mozilla/5.0 (compatible; MSIE 9.0; Windows NT 6.1; Win64; x64; Trident/5.0)" 
120.78.180.36 - - [27/Feb/2020:03:06:01 -0800] "GET /ueditor/dialogs/internal.js HTTP/1.1" 404 294 "http://secrepo.com//ueditor/dialogs/internal.js" "Mozilla/5.0 (compatible; MSIE 9.0; Windows NT 6.1; Win64; x64; Trident/5.0)" 
58.250.125.132 - - [27/Feb/2020:03:08:37 -0800] "GET / HTTP/1.1" 200 12623 "-" "Sogou web spider/4.0(+http://www.sogou.com/docs/help/webmasters.htm#07)" 
106.120.173.154 - - [27/Feb/2020:03:08:40 -0800] "GET /css/style.css HTTP/1.1" 404 257 "-" "Mozilla/4.0 (compatible; MSIE 7.0; Windows NT 6.0; Trident/4.0)" 
162.210.196.130 - - [27/Feb/2020:03:30:12 -0800] "GET /robots.txt HTTP/1.1" 200 288 "-" "Mozilla/5.0 (compatible; MJ12bot/v1.4.8; http://mj12bot.com/)" 
162.210.196.130 - - [27/Feb/2020:03:30:14 -0800] "GET / HTTP/1.1" 200 12616 "-" "Mozilla/5.0 (compatible; MJ12bot/v1.4.8; http://mj12bot.com/)" 
39.104.235.66 - - [27/Feb/2020:03:33:47 -0800] "GET //public/simpleboot/css/simplebootadmin.css HTTP/1.1" 404 294 "-" "python-requests/2.22.0" 
42.236.54.42 - - [27/Feb/2020:03:39:21 -0800] "GET / HTTP/1.1" 200 12660 "http://www.secrepo.com/" "Mozilla/5.0 (Windows NT 6.1; WOW64) AppleWebKit/537.36 (KHTML, like Gecko) Chrome/50.4.2661.102 Safari/537.36; 360Spider" 
221.194.131.5 - - [27/Feb/2020:03:54:17 -0800] "GET / HTTP/1.1" 301 475 "-" "Mozilla/5.0 (Windows NT 10.0; Win64; x64) AppleWebKit/537.36 (KHTML, like Gecko) Chrome/64.0.3282.140 Safari/537.36 Edge/18.17763" 
221.194.131.5 - - [27/Feb/2020:03:54:18 -0800] "GET / HTTP/1.1" 200 12660 "-" "Mozilla/5.0 (Windows NT 10.0; Win64; x64) AppleWebKit/537.36 (KHTML, like Gecko) Chrome/64.0.3282.140 Safari/537.36 Edge/18.17763" 
221.194.131.5 - - [27/Feb/2020:03:54:19 -0800] "GET /css/style.css HTTP/1.1" 404 271 "http://www.secrepo.com/" "Mozilla/5.0 (Windows NT 10.0; Win64; x64) AppleWebKit/537.36 (KHTML, like Gecko) Chrome/64.0.3282.140 Safari/537.36 Edge/18.17763" 
222.129.62.6 - - [27/Feb/2020:03:54:19 -0800] "GET /GitHub-Mark.png HTTP/1.1" 200 7450 "http://www.secrepo.com/" "Mozilla/5.0 (Windows NT 10.0; Win64; x64) AppleWebKit/537.36 (KHTML, like Gecko) Chrome/64.0.3282.140 Safari/537.36 Edge/18.17763" 
221.194.131.5 - - [27/Feb/2020:03:54:19 -0800] "GET /twitter-icon.png HTTP/1.1" 200 27787 "http://www.secrepo.com/" "Mozilla/5.0 (Windows NT 10.0; Win64; x64) AppleWebKit/537.36 (KHTML, like Gecko) Chrome/64.0.3282.140 Safari/537.36 Edge/18.17763" 
222.129.59.131 - - [27/Feb/2020:03:54:42 -0800] "GET /bootstrap/img/favicon.ico HTTP/1.1" 200 624 "-" "Mozilla/5.0 (Windows NT 10.0; Win64; x64) AppleWebKit/537.36 (KHTML, like Gecko) Chrome/64.0.3282.140 Safari/537.36 Edge/18.17763" 
162.210.196.97 - - [27/Feb/2020:03:58:40 -0800] "GET /robots.txt HTTP/1.1" 301 495 "-" "Mozilla/5.0 (compatible; MJ12bot/v1.4.8; http://mj12bot.com/)" 
162.210.196.97 - - [27/Feb/2020:03:58:41 -0800] "GET /robots.txt HTTP/1.1" 200 288 "-" "Mozilla/5.0 (compatible; MJ12bot/v1.4.8; http://mj12bot.com/)" 
162.210.196.97 - - [27/Feb/2020:03:59:04 -0800] "GET / HTTP/1.1" 301 419 "-" "Mozilla/5.0 (compatible; MJ12bot/v1.4.8; http://mj12bot.com/)" 
162.210.196.97 - - [27/Feb/2020:03:59:08 -0800] "GET / HTTP/1.1" 200 12616 "-" "Mozilla/5.0 (compatible; MJ12bot/v1.4.8; http://mj12bot.com/)" 
113.171.224.176 - - [27/Feb/2020:04:02:58 -0800] "GET /honeypot/Honeypot%20-%20Howto.pdf HTTP/1.1" 200 61320 "-" "Mozilla/5.0 Gecko/20100115 Firefox/3.6" 
2.228.101.103 - - [27/Feb/2020:04:04:51 -0800] "GET /maccdc2012/http.log.gz HTTP/1.1" 200 5559680 "-" "Mozilla/5.0 (Windows NT 10.0; Win64; x64) AppleWebKit/537.36 (KHTML, like Gecko) Chrome/79.0.3945.130 Safari/537.36" 
2.228.101.103 - - [27/Feb/2020:04:05:03 -0800] "GET /Security-Data-Analysis/Lab_1/conn.log.zip HTTP/1.1" 200 6727680 "-" "Mozilla/5.0 (Windows NT 10.0; Win64; x64) AppleWebKit/537.36 (KHTML, like Gecko) Chrome/79.0.3945.130 Safari/537.36" 
87.213.246.162 - - [27/Feb/2020:04:13:20 -0800] "GET / HTTP/1.1" 200 12660 "https://www.researchgate.net/" "Mozilla/5.0 (Windows NT 10.0; Win64; x64) AppleWebKit/537.36 (KHTML, like Gecko) Chrome/80.0.3987.116 Safari/537.36" 
87.213.246.162 - - [27/Feb/2020:04:13:20 -0800] "GET /css/style.css HTTP/1.1" 404 271 "http://www.secrepo.com/" "Mozilla/5.0 (Windows NT 10.0; Win64; x64) AppleWebKit/537.36 (KHTML, like Gecko) Chrome/80.0.3987.116 Safari/537.36" 
87.213.246.162 - - [27/Feb/2020:04:13:20 -0800] "GET /twitter-icon.png HTTP/1.1" 200 27787 "http://www.secrepo.com/" "Mozilla/5.0 (Windows NT 10.0; Win64; x64) AppleWebKit/537.36 (KHTML, like Gecko) Chrome/80.0.3987.116 Safari/537.36" 
87.213.246.162 - - [27/Feb/2020:04:13:20 -0800] "GET /GitHub-Mark.png HTTP/1.1" 200 7450 "http://www.secrepo.com/" "Mozilla/5.0 (Windows NT 10.0; Win64; x64) AppleWebKit/537.36 (KHTML, like Gecko) Chrome/80.0.3987.116 Safari/537.36" 
87.213.246.162 - - [27/Feb/2020:04:13:21 -0800] "GET /bootstrap/img/favicon.ico HTTP/1.1" 200 601 "http://www.secrepo.com/" "Mozilla/5.0 (Windows NT 10.0; Win64; x64) AppleWebKit/537.36 (KHTML, like Gecko) Chrome/80.0.3987.116 Safari/537.36" 
108.171.129.188 - - [27/Feb/2020:04:14:15 -0800] "GET / HTTP/1.1" 200 12660 "-" "Mozilla/5.0 (Windows NT 10.0; Win64; x64) AppleWebKit/537.36 (KHTML, like Gecko) Chrome/79.0.3945.130 Safari/537.36" 
108.171.129.188 - - [27/Feb/2020:04:14:15 -0800] "GET /css/style.css HTTP/1.1" 404 271 "http://www.secrepo.com/" "Mozilla/5.0 (Windows NT 10.0; Win64; x64) AppleWebKit/537.36 (KHTML, like Gecko) Chrome/79.0.3945.130 Safari/537.36" 
108.171.129.188 - - [27/Feb/2020:04:14:16 -0800] "GET /twitter-icon.png HTTP/1.1" 200 27787 "http://www.secrepo.com/" "Mozilla/5.0 (Windows NT 10.0; Win64; x64) AppleWebKit/537.36 (KHTML, like Gecko) Chrome/79.0.3945.130 Safari/537.36" 
108.171.129.188 - - [27/Feb/2020:04:14:16 -0800] "GET /GitHub-Mark.png HTTP/1.1" 200 7450 "http://www.secrepo.com/" "Mozilla/5.0 (Windows NT 10.0; Win64; x64) AppleWebKit/537.36 (KHTML, like Gecko) Chrome/79.0.3945.130 Safari/537.36" 
108.171.129.188 - - [27/Feb/2020:04:14:16 -0800] "GET /bootstrap/img/favicon.ico HTTP/1.1" 200 601 "http://www.secrepo.com/" "Mozilla/5.0 (Windows NT 10.0; Win64; x64) AppleWebKit/537.36 (KHTML, like Gecko) Chrome/79.0.3945.130 Safari/537.36" 
107.21.1.8 - - [27/Feb/2020:04:25:09 -0800] "GET / HTTP/1.1" 200 12659 "http://www.secrepo.com/" "Mozilla/5.0 (compatible; DuckDuckGo-Favicons-Bot/1.0; +http://duckduckgo.com)" 
107.21.1.8 - - [27/Feb/2020:04:25:09 -0800] "GET /bootstrap/img/favicon.ico HTTP/1.1" 200 601 "http://www.secrepo.com/bootstrap/img/favicon.ico" "Mozilla/5.0 (compatible; DuckDuckGo-Favicons-Bot/1.0; +http://duckduckgo.com)" 
54.208.102.37 - - [27/Feb/2020:04:25:09 -0800] "GET / HTTP/1.1" 200 12659 "http://www.secrepo.com/" "Mozilla/5.0 (compatible; DuckDuckGo-Favicons-Bot/1.0; +http://duckduckgo.com)" 
54.208.102.37 - - [27/Feb/2020:04:25:09 -0800] "GET /bootstrap/img/favicon.ico HTTP/1.1" 200 601 "http://www.secrepo.com/bootstrap/img/favicon.ico" "Mozilla/5.0 (compatible; DuckDuckGo-Favicons-Bot/1.0; +http://duckduckgo.com)" 
157.55.39.0 - - [27/Feb/2020:04:25:57 -0800] "GET /robots.txt HTTP/1.1" 200 288 "-" "Mozilla/5.0 (compatible; bingbot/2.0; +http://www.bing.com/bingbot.htm)" 
40.77.167.139 - - [27/Feb/2020:04:26:02 -0800] "GET /self.logs/access.log.2019-10-22.gz HTTP/1.1" 200 35935 "-" "Mozilla/5.0 (compatible; bingbot/2.0; +http://www.bing.com/bingbot.htm)" 
207.46.13.93 - - [27/Feb/2020:04:29:09 -0800] "GET /self.logs/access.log.2019-01-22.gz HTTP/1.1" 200 22874 "-" "Mozilla/5.0 (compatible; bingbot/2.0; +http://www.bing.com/bingbot.htm)" 
66.249.83.89 - - [27/Feb/2020:04:34:02 -0800] "GET / HTTP/1.1" 200 12659 "-" "Mozilla/5.0 (X11; Linux x86_64) AppleWebKit/537.36 (KHTML, like Gecko) Chrome/49.0.2623.75 Safari/537.36 Google Favicon" 
66.249.83.90 - - [27/Feb/2020:04:34:02 -0800] "GET /bootstrap/img/favicon.ico HTTP/1.1" 200 624 "-" "Mozilla/5.0 (X11; Linux x86_64) AppleWebKit/537.36 (KHTML, like Gecko) Chrome/49.0.2623.75 Safari/537.36 Google Favicon" 
157.55.39.8 - - [27/Feb/2020:04:48:15 -0800] "GET /self.logs/access.log.2018-06-15.gz HTTP/1.1" 200 113479 "-" "Mozilla/5.0 (compatible; bingbot/2.0; +http://www.bing.com/bingbot.htm)" 
106.57.150.203 - - [27/Feb/2020:04:55:08 -0800] "GET /Datasets%20Description/Network/%20https:/www.sans.org/reading-room/whitepapers/detection/intrusion-detection-relationship-analysis-37352 HTTP/1.1" 404 257 "-" "Mozilla/5.0(Linux;Android 5.1.1;OPPO A33 Build/LMY47V;wv) AppleWebKit/537.36(KHTML,link Gecko) Version/4.0 Chrome/42.0.2311.138 Mobile Safari/537.36" 
87.213.246.162 - - [27/Feb/2020:04:57:27 -0800] "GET / HTTP/1.1" 200 12659 "http://www.secrepo.com/" "Mozilla/5.0 (Windows NT 10.0; Win64; x64) AppleWebKit/537.36 (KHTML, like Gecko) Chrome/80.0.3987.116 Safari/537.36" 
87.213.246.162 - - [27/Feb/2020:04:57:28 -0800] "GET /css/style.css HTTP/1.1" 404 271 "http://www.secrepo.com/" "Mozilla/5.0 (Windows NT 10.0; Win64; x64) AppleWebKit/537.36 (KHTML, like Gecko) Chrome/80.0.3987.116 Safari/537.36" 
87.213.246.162 - - [27/Feb/2020:04:57:30 -0800] "GET /css/style.css HTTP/1.1" 404 294 "http://www.secrepo.com/" "Mozilla/5.0 (Windows NT 10.0; Win64; x64) AppleWebKit/537.36 (KHTML, like Gecko) Chrome/80.0.3987.116 Safari/537.36" 
182.247.36.180 - - [27/Feb/2020:05:00:43 -0800] "GET /self.logs/error.log.2019-10-13 HTTP/1.1" 200 225 "-" "Mozilla/5.0 (iPad; CPU OS 7_0 like Mac OS X) AppleWebKit/537.51.1 (KHTML, like Gecko) Version/7.0 Mobile/11A465 Safari/9537.53" 
159.138.157.198 - - [27/Feb/2020:05:00:47 -0800] "GET /self.logs/error.log.2019-10-13 HTTP/1.1" 200 240 "-" "Mozilla/5.0 (X11; Linux x86_64) AppleWebKit/602.1 (KHTML, like Gecko) splash Version/10.0 Safari/602.1" 
113.171.224.176 - - [27/Feb/2020:05:09:03 -0800] "GET /honeypot/Honeypot%20-%20Howto.pdf HTTP/1.1" 200 61320 "-" "Mozilla/5.0 Gecko/20100115 Firefox/3.6" 
213.170.84.42 - - [27/Feb/2020:05:31:58 -0800] "GET / HTTP/1.1" 200 12660 "-" "Mozilla/5.0 (Windows NT 10.0; rv:68.0) Gecko/20100101 Firefox/68.0" 
213.170.84.42 - - [27/Feb/2020:05:31:59 -0800] "GET /css/style.css HTTP/1.1" 404 271 "http://www.secrepo.com/" "Mozilla/5.0 (Windows NT 10.0; rv:68.0) Gecko/20100101 Firefox/68.0" 
213.170.84.42 - - [27/Feb/2020:05:31:59 -0800] "GET /twitter-icon.png HTTP/1.1" 200 27810 "http://www.secrepo.com/" "Mozilla/5.0 (Windows NT 10.0; rv:68.0) Gecko/20100101 Firefox/68.0" 
213.170.84.42 - - [27/Feb/2020:05:31:59 -0800] "GET /GitHub-Mark.png HTTP/1.1" 200 7450 "http://www.secrepo.com/" "Mozilla/5.0 (Windows NT 10.0; rv:68.0) Gecko/20100101 Firefox/68.0" 
213.170.84.42 - - [27/Feb/2020:05:31:59 -0800] "GET /bootstrap/img/favicon.ico HTTP/1.1" 200 601 "-" "Mozilla/5.0 (Windows NT 10.0; rv:68.0) Gecko/20100101 Firefox/68.0" 
199.231.189.251 - - [27/Feb/2020:05:37:50 -0800] "GET / HTTP/1.0" 200 47318 "-" "-" 
95.163.255.57 - - [27/Feb/2020:05:42:39 -0800] "GET /robots.txt HTTP/1.0" 200 251 "-" "Mozilla/5.0 (compatible; Linux x86_64; Mail.RU_Bot/2.0; +http://go.mail.ru/help/robots)" 
95.163.255.52 - - [27/Feb/2020:05:42:41 -0800] "GET /Datasets%20Description/Network/ssl.html HTTP/1.1" 200 1469 "-" "Mozilla/5.0 (compatible; Linux x86_64; Mail.RU_Bot/2.0; +http://go.mail.ru/help/robots)" 
199.231.189.251 - - [27/Feb/2020:05:45:58 -0800] "GET / HTTP/1.0" 200 47318 "-" "-" 
199.231.189.251 - - [27/Feb/2020:05:53:13 -0800] "GET / HTTP/1.0" 200 47318 "-" "-" 
68.10.63.198 - - [27/Feb/2020:06:01:26 -0800] "GET / HTTP/1.1" 200 12660 "-" "Mozilla/5.0 (iPhone; CPU iPhone OS 13_3 like Mac OS X) AppleWebKit/605.1.15 (KHTML, like Gecko) CriOS/80.0.3987.95 Mobile/15E148 Safari/604.1" 
68.10.63.198 - - [27/Feb/2020:06:01:26 -0800] "GET /css/style.css HTTP/1.1" 404 271 "http://www.secrepo.com/" "Mozilla/5.0 (iPhone; CPU iPhone OS 13_3 like Mac OS X) AppleWebKit/605.1.15 (KHTML, like Gecko) CriOS/80.0.3987.95 Mobile/15E148 Safari/604.1" 
68.10.63.198 - - [27/Feb/2020:06:01:26 -0800] "GET /GitHub-Mark.png HTTP/1.1" 200 7450 "http://www.secrepo.com/" "Mozilla/5.0 (iPhone; CPU iPhone OS 13_3 like Mac OS X) AppleWebKit/605.1.15 (KHTML, like Gecko) CriOS/80.0.3987.95 Mobile/15E148 Safari/604.1" 
68.10.63.198 - - [27/Feb/2020:06:01:26 -0800] "GET /twitter-icon.png HTTP/1.1" 200 27810 "http://www.secrepo.com/" "Mozilla/5.0 (iPhone; CPU iPhone OS 13_3 like Mac OS X) AppleWebKit/605.1.15 (KHTML, like Gecko) CriOS/80.0.3987.95 Mobile/15E148 Safari/604.1" 
54.167.12.22 - - [27/Feb/2020:06:01:58 -0800] "GET / HTTP/1.1" 206 12709 "-" "Slackbot-LinkExpanding 1.0 (+https://api.slack.com/robots)" 
54.167.12.22 - - [27/Feb/2020:06:01:58 -0800] "GET /bootstrap/img/apple-touch-icon.png HTTP/1.1" 404 271 "-" "Slackbot 1.0 (+https://api.slack.com/robots)" 
54.167.12.22 - - [27/Feb/2020:06:01:58 -0800] "GET /favicon.ico HTTP/1.1" 200 279 "-" "Slackbot 1.0 (+https://api.slack.com/robots)" 
66.249.64.126 - - [27/Feb/2020:06:10:02 -0800] "GET /robots.txt HTTP/1.1" 301 495 "-" "Mozilla/5.0 (compatible; Googlebot/2.1; +http://www.google.com/bot.html)" 
66.249.64.139 - - [27/Feb/2020:06:10:02 -0800] "GET /robots.txt HTTP/1.1" 200 288 "-" "Mozilla/5.0 (compatible; Googlebot/2.1; +http://www.google.com/bot.html)" 
66.249.64.126 - - [27/Feb/2020:06:10:02 -0800] "GET / HTTP/1.1" 301 474 "-" "Mozilla/5.0 (Linux; Android 6.0.1; Nexus 5X Build/MMB29P) AppleWebKit/537.36 (KHTML, like Gecko) Chrome/41.0.2272.96 Mobile Safari/537.36 (compatible; Googlebot/2.1; +http://www.google.com/bot.html)" 
66.249.64.143 - - [27/Feb/2020:06:10:02 -0800] "GET / HTTP/1.1" 200 12660 "-" "Mozilla/5.0 (Linux; Android 6.0.1; Nexus 5X Build/MMB29P) AppleWebKit/537.36 (KHTML, like Gecko) Chrome/41.0.2272.96 Mobile Safari/537.36 (compatible; Googlebot/2.1; +http://www.google.com/bot.html)" 
66.249.64.139 - - [27/Feb/2020:06:17:34 -0800] "GET /data HTTP/1.1" 404 294 "-" "Mozilla/5.0 (Linux; Android 6.0.1; Nexus 5X Build/MMB29P) AppleWebKit/537.36 (KHTML, like Gecko) Chrome/41.0.2272.96 Mobile Safari/537.36 (compatible; Googlebot/2.1; +http://www.google.com/bot.html)" 
40.77.167.39 - - [27/Feb/2020:06:18:03 -0800] "GET /self.logs/error.log.2019-12-26.gz HTTP/1.1" 200 943 "-" "Mozilla/5.0 (compatible; bingbot/2.0; +http://www.bing.com/bingbot.htm)" 
58.250.125.147 - - [27/Feb/2020:06:19:34 -0800] "GET / HTTP/1.1" 301 438 "-" "Sogou web spider/4.0(+http://www.sogou.com/docs/help/webmasters.htm#07)" 
58.250.125.147 - - [27/Feb/2020:06:19:38 -0800] "GET / HTTP/1.1" 200 12623 "-" "Sogou web spider/4.0(+http://www.sogou.com/docs/help/webmasters.htm#07)" 
113.171.224.176 - - [27/Feb/2020:06:25:47 -0800] "GET /honeypot/Honeypot%20-%20Howto.pdf HTTP/1.1" 200 61320 "-" "Mozilla/5.0 Gecko/20100115 Firefox/3.6" 
207.46.13.93 - - [27/Feb/2020:06:32:20 -0800] "GET /self.logs/error.log.2017-11-29.gz HTTP/1.1" 200 1672 "-" "Mozilla/5.0 (compatible; bingbot/2.0; +http://www.bing.com/bingbot.htm)" 
73.220.218.66 - - [27/Feb/2020:06:33:16 -0800] "GET / HTTP/1.1" 200 12660 "-" "Mozilla/5.0 (Windows NT 10.0; Win64; x64) AppleWebKit/537.36 (KHTML, like Gecko) Chrome/80.0.3987.122 Safari/537.36" 
73.220.218.66 - - [27/Feb/2020:06:33:16 -0800] "GET /css/style.css HTTP/1.1" 404 271 "http://www.secrepo.com/" "Mozilla/5.0 (Windows NT 10.0; Win64; x64) AppleWebKit/537.36 (KHTML, like Gecko) Chrome/80.0.3987.122 Safari/537.36" 
73.220.218.66 - - [27/Feb/2020:06:33:16 -0800] "GET /twitter-icon.png HTTP/1.1" 200 27810 "http://www.secrepo.com/" "Mozilla/5.0 (Windows NT 10.0; Win64; x64) AppleWebKit/537.36 (KHTML, like Gecko) Chrome/80.0.3987.122 Safari/537.36" 
73.220.218.66 - - [27/Feb/2020:06:33:16 -0800] "GET /GitHub-Mark.png HTTP/1.1" 200 7450 "http://www.secrepo.com/" "Mozilla/5.0 (Windows NT 10.0; Win64; x64) AppleWebKit/537.36 (KHTML, like Gecko) Chrome/80.0.3987.122 Safari/537.36" 
73.220.218.66 - - [27/Feb/2020:06:33:17 -0800] "GET /bootstrap/img/favicon.ico HTTP/1.1" 200 601 "http://www.secrepo.com/" "Mozilla/5.0 (Windows NT 10.0; Win64; x64) AppleWebKit/537.36 (KHTML, like Gecko) Chrome/80.0.3987.122 Safari/537.36" 
68.10.63.198 - - [27/Feb/2020:06:35:35 -0800] "GET / HTTP/1.1" 200 12660 "-" "Mozilla/5.0 (iPhone; CPU iPhone OS 13_3 like Mac OS X) AppleWebKit/605.1.15 (KHTML, like Gecko) CriOS/80.0.3987.95 Mobile/15E148 Safari/604.1" 
207.46.13.93 - - [27/Feb/2020:06:36:02 -0800] "GET /self.logs/error.log.2019-01-14.gz HTTP/1.1" 200 5668 "-" "Mozilla/5.0 (compatible; bingbot/2.0; +http://www.bing.com/bingbot.htm)" 
2.228.101.103 - - [27/Feb/2020:06:37:14 -0800] "GET /pe_static/apt1.zip HTTP/1.1" 200 1983350 "-" "Mozilla/5.0 (Windows NT 10.0; Win64; x64) AppleWebKit/537.36 (KHTML, like Gecko) Chrome/79.0.3945.130 Safari/537.36" 
207.46.13.93 - - [27/Feb/2020:06:45:36 -0800] "GET /self.logs/access.log.2017-05-07.gz HTTP/1.1" 200 16605 "-" "Mozilla/5.0 (compatible; bingbot/2.0; +http://www.bing.com/bingbot.htm)" 
199.58.86.206 - - [27/Feb/2020:06:47:15 -0800] "GET /robots.txt HTTP/1.1" 200 288 "-" "Mozilla/5.0 (compatible; MJ12bot/v1.4.8; http://mj12bot.com/)" 
199.58.86.206 - - [27/Feb/2020:06:47:19 -0800] "GET / HTTP/1.1" 200 12616 "-" "Mozilla/5.0 (compatible; MJ12bot/v1.4.8; http://mj12bot.com/)" 
114.255.222.98 - - [27/Feb/2020:06:57:07 -0800] "GET / HTTP/1.1" 200 12660 "https://blog.csdn.net/zourzh123/article/details/81012081" "Mozilla/5.0 (Windows NT 10.0; Win64; x64) AppleWebKit/537.36 (KHTML, like Gecko) Chrome/79.0.3945.130 Safari/537.36" 
114.255.222.98 - - [27/Feb/2020:06:57:07 -0800] "GET /css/style.css HTTP/1.1" 404 294 "http://www.secrepo.com/" "Mozilla/5.0 (Windows NT 10.0; Win64; x64) AppleWebKit/537.36 (KHTML, like Gecko) Chrome/79.0.3945.130 Safari/537.36" 
114.255.222.98 - - [27/Feb/2020:06:57:11 -0800] "GET /twitter-icon.png HTTP/1.1" 200 27810 "http://www.secrepo.com/" "Mozilla/5.0 (Windows NT 10.0; Win64; x64) AppleWebKit/537.36 (KHTML, like Gecko) Chrome/79.0.3945.130 Safari/537.36" 
114.255.222.98 - - [27/Feb/2020:06:57:12 -0800] "GET /GitHub-Mark.png HTTP/1.1" 200 7450 "http://www.secrepo.com/" "Mozilla/5.0 (Windows NT 10.0; Win64; x64) AppleWebKit/537.36 (KHTML, like Gecko) Chrome/79.0.3945.130 Safari/537.36" 
151.76.209.159 - - [27/Feb/2020:07:00:28 -0800] "GET / HTTP/1.1" 200 12660 "-" "Mozilla/5.0 (Windows NT 10.0; Win64; x64) AppleWebKit/537.36 (KHTML, like Gecko) Chrome/80.0.3987.122 Safari/537.36 Edg/80.0.361.62" 
151.76.209.159 - - [27/Feb/2020:07:00:29 -0800] "GET /twitter-icon.png HTTP/1.1" 200 27810 "http://www.secrepo.com/" "Mozilla/5.0 (Windows NT 10.0; Win64; x64) AppleWebKit/537.36 (KHTML, like Gecko) Chrome/80.0.3987.122 Safari/537.36 Edg/80.0.361.62" 
151.76.209.159 - - [27/Feb/2020:07:00:29 -0800] "GET /css/style.css HTTP/1.1" 404 271 "http://www.secrepo.com/" "Mozilla/5.0 (Windows NT 10.0; Win64; x64) AppleWebKit/537.36 (KHTML, like Gecko) Chrome/80.0.3987.122 Safari/537.36 Edg/80.0.361.62" 
151.76.209.159 - - [27/Feb/2020:07:00:29 -0800] "GET /GitHub-Mark.png HTTP/1.1" 200 7450 "http://www.secrepo.com/" "Mozilla/5.0 (Windows NT 10.0; Win64; x64) AppleWebKit/537.36 (KHTML, like Gecko) Chrome/80.0.3987.122 Safari/537.36 Edg/80.0.361.62" 
151.76.209.159 - - [27/Feb/2020:07:00:31 -0800] "GET /bootstrap/img/favicon.ico HTTP/1.1" 200 624 "http://www.secrepo.com/" "Mozilla/5.0 (Windows NT 10.0; Win64; x64) AppleWebKit/537.36 (KHTML, like Gecko) Chrome/80.0.3987.122 Safari/537.36 Edg/80.0.361.62" 
61.222.32.180 - - [27/Feb/2020:07:02:49 -0800] "GET / HTTP/1.1" 200 12623 "-" "Mozilla/5.0 (Windows NT 10.0; Win64; x64) AppleWebKit/537.36 (KHTML, like Gecko) Chrome/80.0.3987.122 Safari/537.36" 
61.222.32.180 - - [27/Feb/2020:07:02:51 -0800] "GET /css/style.css HTTP/1.1" 404 257 "http://www.secrepo.com/" "Mozilla/5.0 (Windows NT 10.0; Win64; x64) AppleWebKit/537.36 (KHTML, like Gecko) Chrome/80.0.3987.122 Safari/537.36" 
61.222.32.180 - - [27/Feb/2020:07:02:52 -0800] "GET /twitter-icon.png HTTP/1.1" 200 27773 "http://www.secrepo.com/" "Mozilla/5.0 (Windows NT 10.0; Win64; x64) AppleWebKit/537.36 (KHTML, like Gecko) Chrome/80.0.3987.122 Safari/537.36" 
61.222.32.180 - - [27/Feb/2020:07:02:55 -0800] "GET /GitHub-Mark.png HTTP/1.1" 200 7413 "http://www.secrepo.com/" "Mozilla/5.0 (Windows NT 10.0; Win64; x64) AppleWebKit/537.36 (KHTML, like Gecko) Chrome/80.0.3987.122 Safari/537.36" 
61.222.32.180 - - [27/Feb/2020:07:03:30 -0800] "GET /bootstrap/img/favicon.ico HTTP/1.1" 200 587 "http://www.secrepo.com/" "Mozilla/5.0 (Windows NT 10.0; Win64; x64) AppleWebKit/537.36 (KHTML, like Gecko) Chrome/80.0.3987.122 Safari/537.36" 
120.242.220.109 - - [27/Feb/2020:07:05:08 -0800] "GET / HTTP/1.1" 200 12660 "-" "Mozilla/5.0 (Windows NT 10.0; Win64; x64) AppleWebKit/537.36 (KHTML, like Gecko) Chrome/79.0.3945.130 Safari/537.36" 
172.73.37.143 - - [27/Feb/2020:07:06:32 -0800] "GET / HTTP/1.1" 200 12660 "-" "Mozilla/5.0 (Windows NT 10.0; Win64; x64) AppleWebKit/537.36 (KHTML, like Gecko) Chrome/80.0.3987.122 Safari/537.36" 
172.73.37.143 - - [27/Feb/2020:07:06:32 -0800] "GET /css/style.css HTTP/1.1" 404 271 "http://www.secrepo.com/" "Mozilla/5.0 (Windows NT 10.0; Win64; x64) AppleWebKit/537.36 (KHTML, like Gecko) Chrome/80.0.3987.122 Safari/537.36" 
172.73.37.143 - - [27/Feb/2020:07:06:32 -0800] "GET /twitter-icon.png HTTP/1.1" 200 27810 "http://www.secrepo.com/" "Mozilla/5.0 (Windows NT 10.0; Win64; x64) AppleWebKit/537.36 (KHTML, like Gecko) Chrome/80.0.3987.122 Safari/537.36" 
172.73.37.143 - - [27/Feb/2020:07:06:32 -0800] "GET /GitHub-Mark.png HTTP/1.1" 200 7427 "http://www.secrepo.com/" "Mozilla/5.0 (Windows NT 10.0; Win64; x64) AppleWebKit/537.36 (KHTML, like Gecko) Chrome/80.0.3987.122 Safari/537.36" 
172.73.37.143 - - [27/Feb/2020:07:06:35 -0800] "GET /bootstrap/img/favicon.ico HTTP/1.1" 200 624 "http://www.secrepo.com/" "Mozilla/5.0 (Windows NT 10.0; Win64; x64) AppleWebKit/537.36 (KHTML, like Gecko) Chrome/80.0.3987.122 Safari/537.36" 
23.225.153.218 - - [27/Feb/2020:07:07:28 -0800] "GET /honeypot/honeypot.json.zip HTTP/1.1" 200 23085998 "-" "Mozilla/5.0 (Windows NT 10.0; Win64; x64) AppleWebKit/537.36 (KHTML, like Gecko) Chrome/79.0.3945.88 Safari/537.36" 
110.184.64.96 - - [27/Feb/2020:07:09:46 -0800] "GET /honeypot/honeypot.json.zip HTTP/1.1" 206 215600 "-" "Mozilla/5.0 (Windows NT 10.0; Win64; x64) AppleWebKit/537.36 (KHTML, like Gecko) Chrome/79.0.3945.88 Safari/537.36" 
207.46.13.93 - - [27/Feb/2020:07:13:51 -0800] "GET /self.logs/access.log.2018-04-25.gz HTTP/1.1" 200 29361 "-" "Mozilla/5.0 (compatible; bingbot/2.0; +http://www.bing.com/bingbot.htm)" 
207.46.13.93 - - [27/Feb/2020:07:17:08 -0800] "GET /self.logs/access.log.2017-09-06.gz HTTP/1.1" 200 25746 "-" "Mozilla/5.0 (compatible; bingbot/2.0; +http://www.bing.com/bingbot.htm)" 
114.255.222.98 - - [27/Feb/2020:07:21:48 -0800] "GET /honeypot/honeypot.json.zip HTTP/1.1" 200 658080 "https://blog.csdn.net/answer3lin/article/details/82966360" "Mozilla/5.0 (Windows NT 10.0; Win64; x64) AppleWebKit/537.36 (KHTML, like Gecko) Chrome/79.0.3945.130 Safari/537.36" 
40.77.167.39 - - [27/Feb/2020:07:26:23 -0800] "GET /self.logs/access.log.2017-07-19.gz HTTP/1.1" 200 22511 "-" "Mozilla/5.0 (compatible; bingbot/2.0; +http://www.bing.com/bingbot.htm)" 
40.77.167.39 - - [27/Feb/2020:07:26:24 -0800] "GET /self.logs/access.log.2019-12-17.gz HTTP/1.1" 200 15342 "-" "Mozilla/5.0 (compatible; bingbot/2.0; +http://www.bing.com/bingbot.htm)" 
40.77.167.39 - - [27/Feb/2020:07:26:25 -0800] "GET /self.logs/access.log.2020-01-23.gz HTTP/1.1" 200 14687 "-" "Mozilla/5.0 (compatible; bingbot/2.0; +http://www.bing.com/bingbot.htm)" 
103.253.173.186 - - [27/Feb/2020:06:31:09 -0800] "GET /Security-Data-Analysis/Lab_1/conn.log.zip HTTP/1.1" 200 227145600 "-" "Mozilla/5.0 (X11; Linux x86_64; rv:68.0) Gecko/20100101 Firefox/68.0" 
24.249.184.109 - - [27/Feb/2020:07:29:15 -0800] "GET / HTTP/1.1" 200 12660 "-" "Mozilla/5.0 (Macintosh; Intel Mac OS X 10_14_6) AppleWebKit/537.36 (KHTML, like Gecko) Chrome/80.0.3987.116 Safari/537.36" 
24.249.184.109 - - [27/Feb/2020:07:29:16 -0800] "GET /css/style.css HTTP/1.1" 404 271 "http://www.secrepo.com/" "Mozilla/5.0 (Macintosh; Intel Mac OS X 10_14_6) AppleWebKit/537.36 (KHTML, like Gecko) Chrome/80.0.3987.116 Safari/537.36" 
24.249.184.109 - - [27/Feb/2020:07:29:16 -0800] "GET /twitter-icon.png HTTP/1.1" 200 27810 "http://www.secrepo.com/" "Mozilla/5.0 (Macintosh; Intel Mac OS X 10_14_6) AppleWebKit/537.36 (KHTML, like Gecko) Chrome/80.0.3987.116 Safari/537.36" 
24.249.184.109 - - [27/Feb/2020:07:29:16 -0800] "GET /GitHub-Mark.png HTTP/1.1" 200 7427 "http://www.secrepo.com/" "Mozilla/5.0 (Macintosh; Intel Mac OS X 10_14_6) AppleWebKit/537.36 (KHTML, like Gecko) Chrome/80.0.3987.116 Safari/537.36" 
24.249.184.109 - - [27/Feb/2020:07:29:16 -0800] "GET /bootstrap/img/favicon.ico HTTP/1.1" 200 601 "http://www.secrepo.com/" "Mozilla/5.0 (Macintosh; Intel Mac OS X 10_14_6) AppleWebKit/537.36 (KHTML, like Gecko) Chrome/80.0.3987.116 Safari/537.36" 
113.171.224.176 - - [27/Feb/2020:07:29:43 -0800] "GET /honeypot/Honeypot%20-%20Howto.pdf HTTP/1.1" 200 61320 "-" "Mozilla/5.0 Gecko/20100115 Firefox/3.6" 
207.46.13.93 - - [27/Feb/2020:07:34:27 -0800] "GET /self.logs/access.log.2019-09-06.gz HTTP/1.1" 200 23530 "-" "Mozilla/5.0 (compatible; bingbot/2.0; +http://www.bing.com/bingbot.htm)" 
66.102.7.75 - - [27/Feb/2020:07:38:08 -0800] "GET / HTTP/1.1" 200 12659 "-" "Mozilla/5.0 (X11; Linux x86_64) AppleWebKit/537.36 (KHTML, like Gecko) Chrome/49.0.2623.75 Safari/537.36 Google Favicon" 
66.102.7.75 - - [27/Feb/2020:07:38:08 -0800] "GET /bootstrap/img/favicon.ico HTTP/1.1" 200 601 "-" "Mozilla/5.0 (X11; Linux x86_64) AppleWebKit/537.36 (KHTML, like Gecko) Chrome/49.0.2623.75 Safari/537.36 Google Favicon" 
151.76.209.159 - - [27/Feb/2020:07:48:27 -0800] "GET / HTTP/1.1" 200 12659 "-" "Mozilla/5.0 (Windows NT 10.0; Win64; x64) AppleWebKit/537.36 (KHTML, like Gecko) Chrome/80.0.3987.122 Safari/537.36 Edg/80.0.361.62" 
151.76.209.159 - - [27/Feb/2020:07:48:27 -0800] "GET /css/style.css HTTP/1.1" 404 271 "http://www.secrepo.com/" "Mozilla/5.0 (Windows NT 10.0; Win64; x64) AppleWebKit/537.36 (KHTML, like Gecko) Chrome/80.0.3987.122 Safari/537.36 Edg/80.0.361.62" 
66.249.83.216 - - [27/Feb/2020:07:50:36 -0800] "GET / HTTP/1.1" 301 475 "-" "Mozilla/5.0 (X11; Linux x86_64) AppleWebKit/537.36 (KHTML, like Gecko) Chrome/49.0.2623.75 Safari/537.36 Google Favicon" 
66.249.83.90 - - [27/Feb/2020:07:50:36 -0800] "GET / HTTP/1.1" 200 12659 "-" "Mozilla/5.0 (X11; Linux x86_64) AppleWebKit/537.36 (KHTML, like Gecko) Chrome/49.0.2623.75 Safari/537.36 Google Favicon" 
151.76.209.159 - - [27/Feb/2020:07:53:51 -0800] "GET / HTTP/1.1" 200 12659 "-" "Mozilla/5.0 (Windows NT 10.0; Win64; x64) AppleWebKit/537.36 (KHTML, like Gecko) Chrome/80.0.3987.122 Safari/537.36 Edg/80.0.361.62" 
151.76.209.159 - - [27/Feb/2020:07:53:52 -0800] "GET /css/style.css HTTP/1.1" 404 271 "http://www.secrepo.com/" "Mozilla/5.0 (Windows NT 10.0; Win64; x64) AppleWebKit/537.36 (KHTML, like Gecko) Chrome/80.0.3987.122 Safari/537.36 Edg/80.0.361.62" 
156.26.45.100 - - [27/Feb/2020:07:57:03 -0800] "GET / HTTP/1.1" 200 12659 "-" "Mozilla/5.0 (Windows NT 10.0; Win64; x64) AppleWebKit/537.36 (KHTML, like Gecko) Chrome/80.0.3987.122 Safari/537.36" 
156.26.45.100 - - [27/Feb/2020:07:57:03 -0800] "GET /css/style.css HTTP/1.1" 404 271 "http://www.secrepo.com/" "Mozilla/5.0 (Windows NT 10.0; Win64; x64) AppleWebKit/537.36 (KHTML, like Gecko) Chrome/80.0.3987.122 Safari/537.36" 
156.26.45.100 - - [27/Feb/2020:07:57:03 -0800] "GET /twitter-icon.png HTTP/1.1" 200 27810 "http://www.secrepo.com/" "Mozilla/5.0 (Windows NT 10.0; Win64; x64) AppleWebKit/537.36 (KHTML, like Gecko) Chrome/80.0.3987.122 Safari/537.36" 
156.26.45.100 - - [27/Feb/2020:07:57:04 -0800] "GET /GitHub-Mark.png HTTP/1.1" 200 7450 "http://www.secrepo.com/" "Mozilla/5.0 (Windows NT 10.0; Win64; x64) AppleWebKit/537.36 (KHTML, like Gecko) Chrome/80.0.3987.122 Safari/537.36" 
156.26.45.100 - - [27/Feb/2020:07:57:05 -0800] "GET /bootstrap/img/favicon.ico HTTP/1.1" 200 601 "http://www.secrepo.com/" "Mozilla/5.0 (Windows NT 10.0; Win64; x64) AppleWebKit/537.36 (KHTML, like Gecko) Chrome/80.0.3987.122 Safari/537.36" 
193.1.133.139 - - [27/Feb/2020:08:01:53 -0800] "GET / HTTP/1.1" 200 12660 "-" "Mozilla/5.0 (X11; Linux x86_64; rv:73.0) Gecko/20100101 Firefox/73.0" 
193.1.133.139 - - [27/Feb/2020:08:01:54 -0800] "GET /css/style.css HTTP/1.1" 404 271 "http://www.secrepo.com/" "Mozilla/5.0 (X11; Linux x86_64; rv:73.0) Gecko/20100101 Firefox/73.0" 
193.1.133.139 - - [27/Feb/2020:08:01:54 -0800] "GET /twitter-icon.png HTTP/1.1" 200 27787 "http://www.secrepo.com/" "Mozilla/5.0 (X11; Linux x86_64; rv:73.0) Gecko/20100101 Firefox/73.0" 
193.1.133.139 - - [27/Feb/2020:08:01:55 -0800] "GET /GitHub-Mark.png HTTP/1.1" 200 7450 "http://www.secrepo.com/" "Mozilla/5.0 (X11; Linux x86_64; rv:73.0) Gecko/20100101 Firefox/73.0" 
193.1.133.139 - - [27/Feb/2020:08:01:55 -0800] "GET /bootstrap/img/favicon.ico HTTP/1.1" 200 601 "-" "Mozilla/5.0 (X11; Linux x86_64; rv:73.0) Gecko/20100101 Firefox/73.0" 
37.115.187.152 - - [27/Feb/2020:08:10:51 -0800] "GET /Datasets%20Description/Network/ HTTP/1.1" 200 1546 "https://virtualbb.com/" "Mozilla/4.0 (compatible; MSIE 6.0; Windows NT 5.1; .NET CLR 1.1.4322; FDM)" 
37.115.187.152 - - [27/Feb/2020:08:10:52 -0800] "GET /Datasets%20Description/Network/ HTTP/1.1" 200 1546 "https://virtualbb.com/" "Mozilla/4.0 (compatible; MSIE 6.0; Windows NT 5.1; .NET CLR 1.1.4322; FDM)" 
37.115.187.152 - - [27/Feb/2020:08:10:53 -0800] "GET /Datasets%20Description/Network/ HTTP/1.1" 200 1546 "https://virtualbb.com/" "Mozilla/4.0 (compatible; MSIE 6.0; Windows NT 5.1; .NET CLR 1.1.4322; FDM)" 
66.249.64.141 - - [27/Feb/2020:08:18:35 -0800] "GET /Datasets%20Description/HTML_Bro_log_1/conn.html HTTP/1.1" 200 1932 "-" "Mozilla/5.0 (Linux; Android 6.0.1; Nexus 5X Build/MMB29P) AppleWebKit/537.36 (KHTML, like Gecko) Chrome/80.0.3987.92 Mobile Safari/537.36 (compatible; Googlebot/2.1; +http://www.google.com/bot.html)" 
66.249.64.143 - - [27/Feb/2020:08:18:35 -0800] "GET /Datasets%20Description/HTML_Bro_log_1/files.html HTTP/1.1" 200 1839 "-" "Mozilla/5.0 (Linux; Android 6.0.1; Nexus 5X Build/MMB29P) AppleWebKit/537.36 (KHTML, like Gecko) Chrome/80.0.3987.92 Mobile Safari/537.36 (compatible; Googlebot/2.1; +http://www.google.com/bot.html)" 
66.249.64.143 - - [27/Feb/2020:08:18:36 -0800] "GET /Datasets%20Description/HTML_Bro_log_1/dns.html HTTP/1.1" 200 1735 "-" "Mozilla/5.0 (Linux; Android 6.0.1; Nexus 5X Build/MMB29P) AppleWebKit/537.36 (KHTML, like Gecko) Chrome/80.0.3987.92 Mobile Safari/537.36 (compatible; Googlebot/2.1; +http://www.google.com/bot.html)" 
66.249.64.139 - - [27/Feb/2020:08:18:36 -0800] "GET /Datasets%20Description/HTML_Bro_log_1/ssl.html HTTP/1.1" 200 1781 "-" "Mozilla/5.0 (Linux; Android 6.0.1; Nexus 5X Build/MMB29P) AppleWebKit/537.36 (KHTML, like Gecko) Chrome/80.0.3987.92 Mobile Safari/537.36 (compatible; Googlebot/2.1; +http://www.google.com/bot.html)" 
66.249.64.139 - - [27/Feb/2020:08:18:37 -0800] "GET /Datasets%20Description/HTML_Bro_log_1/ftp.html HTTP/1.1" 200 1663 "-" "Mozilla/5.0 (Linux; Android 6.0.1; Nexus 5X Build/MMB29P) AppleWebKit/537.36 (KHTML, like Gecko) Chrome/80.0.3987.92 Mobile Safari/537.36 (compatible; Googlebot/2.1; +http://www.google.com/bot.html)" 
66.249.64.143 - - [27/Feb/2020:08:18:37 -0800] "GET /Datasets%20Description/HTML_Bro_log_1/irc.html HTTP/1.1" 200 1702 "-" "Mozilla/5.0 (Linux; Android 6.0.1; Nexus 5X Build/MMB29P) AppleWebKit/537.36 (KHTML, like Gecko) Chrome/80.0.3987.92 Mobile Safari/537.36 (compatible; Googlebot/2.1; +http://www.google.com/bot.html)" 
66.249.64.141 - - [27/Feb/2020:08:18:38 -0800] "GET /Datasets%20Description/HTML_Bro_log_1/dpd.html HTTP/1.1" 200 1585 "-" "Mozilla/5.0 (Linux; Android 6.0.1; Nexus 5X Build/MMB29P) AppleWebKit/537.36 (KHTML, like Gecko) Chrome/80.0.3987.92 Mobile Safari/537.36 (compatible; Googlebot/2.1; +http://www.google.com/bot.html)" 
66.249.64.141 - - [27/Feb/2020:08:18:38 -0800] "GET /Datasets%20Description/HTML_Bro_log_1/dhcp.html HTTP/1.1" 200 1631 "-" "Mozilla/5.0 (Linux; Android 6.0.1; Nexus 5X Build/MMB29P) AppleWebKit/537.36 (KHTML, like Gecko) Chrome/80.0.3987.92 Mobile Safari/537.36 (compatible; Googlebot/2.1; +http://www.google.com/bot.html)" 
66.249.64.141 - - [27/Feb/2020:08:18:39 -0800] "GET /Datasets%20Description/HTML_Bro_log_1/http.html HTTP/1.1" 200 1932 "-" "Mozilla/5.0 (Linux; Android 6.0.1; Nexus 5X Build/MMB29P) AppleWebKit/537.36 (KHTML, like Gecko) Chrome/80.0.3987.92 Mobile Safari/537.36 (compatible; Googlebot/2.1; +http://www.google.com/bot.html)" 
66.249.64.139 - - [27/Feb/2020:08:18:39 -0800] "GET /Datasets%20Description/HTML_Bro_log_1/weird.html HTTP/1.1" 200 1858 "-" "Mozilla/5.0 (Linux; Android 6.0.1; Nexus 5X Build/MMB29P) AppleWebKit/537.36 (KHTML, like Gecko) Chrome/80.0.3987.92 Mobile Safari/537.36 (compatible; Googlebot/2.1; +http://www.google.com/bot.html)" 
66.249.64.139 - - [27/Feb/2020:08:18:40 -0800] "GET /Datasets%20Description/HTML_Bro_log_1/notice.html HTTP/1.1" 200 1899 "-" "Mozilla/5.0 (Linux; Android 6.0.1; Nexus 5X Build/MMB29P) AppleWebKit/537.36 (KHTML, like Gecko) Chrome/80.0.3987.92 Mobile Safari/537.36 (compatible; Googlebot/2.1; +http://www.google.com/bot.html)" 
66.249.64.141 - - [27/Feb/2020:08:18:40 -0800] "GET /Datasets%20Description/HTML_Bro_log_1/app_stats.html HTTP/1.1" 200 1512 "-" "Mozilla/5.0 (Linux; Android 6.0.1; Nexus 5X Build/MMB29P) AppleWebKit/537.36 (KHTML, like Gecko) Chrome/80.0.3987.92 Mobile Safari/537.36 (compatible; Googlebot/2.1; +http://www.google.com/bot.html)" 
66.249.64.139 - - [27/Feb/2020:08:18:41 -0800] "GET /Datasets%20Description/HTML_Bro_log_1/packet_filter.html HTTP/1.1" 200 1623 "-" "Mozilla/5.0 (Linux; Android 6.0.1; Nexus 5X Build/MMB29P) AppleWebKit/537.36 (KHTML, like Gecko) Chrome/80.0.3987.92 Mobile Safari/537.36 (compatible; Googlebot/2.1; +http://www.google.com/bot.html)" 
66.249.64.141 - - [27/Feb/2020:08:18:41 -0800] "GET /Datasets%20Description/HTML_Bro_log_1/loaded_scripts.html HTTP/1.1" 200 1441 "-" "Mozilla/5.0 (Linux; Android 6.0.1; Nexus 5X Build/MMB29P) AppleWebKit/537.36 (KHTML, like Gecko) Chrome/80.0.3987.92 Mobile Safari/537.36 (compatible; Googlebot/2.1; +http://www.google.com/bot.html)" 
27.4.60.184 - - [27/Feb/2020:08:15:53 -0800] "GET /Security-Data-Analysis/Lab_1/conn.log.zip HTTP/1.1" 200 547221453 "-" "Mozilla/5.0 (X11; Ubuntu; Linux x86_64; rv:73.0) Gecko/20100101 Firefox/73.0" 
123.125.71.85 - - [27/Feb/2020:08:26:01 -0800] "GET / HTTP/1.1" 301 438 "-" "Mozilla/5.0 (compatible; Baiduspider/2.0; +http://www.baidu.com/search/spider.html)" 
123.125.71.70 - - [27/Feb/2020:08:26:02 -0800] "GET / HTTP/1.1" 200 12623 "-" "Mozilla/5.0 (compatible; Baiduspider/2.0; +http://www.baidu.com/search/spider.html)" 
111.206.198.100 - - [27/Feb/2020:08:26:05 -0800] "GET /css/style.css HTTP/1.1" 404 250 "http://www.secrepo.com/" "Mozilla/5.0 (compatible; Baiduspider-render/2.0; +http://www.baidu.com/search/spider.html)" 
113.171.224.176 - - [27/Feb/2020:08:35:08 -0800] "GET /honeypot/Honeypot%20-%20Howto.pdf HTTP/1.1" 200 61320 "-" "Mozilla/5.0 Gecko/20100115 Firefox/3.6" 
198.199.77.34 - - [27/Feb/2020:08:36:22 -0800] "HEAD / HTTP/1.1" 200 346 "google.com" "Mozilla" 
198.199.77.34 - - [27/Feb/2020:08:36:22 -0800] "GET / HTTP/1.1" 200 12660 "-" "Mozilla/5.0 (Macintosh; Intel Mac OS X 10_11_6) AppleWebKit/537.36 (KHTML, like Gecko) Chrome/53.0.2785.143 Safari/537.36" 
113.171.224.176 - - [27/Feb/2020:08:37:07 -0800] "GET /honeypot/Honeypot%20-%20Howto.pdf HTTP/1.1" 200 61320 "-" "Mozilla/5.0 Gecko/20100115 Firefox/3.6" 
184.195.197.21 - - [27/Feb/2020:08:38:29 -0800] "GET / HTTP/1.1" 200 12660 "-" "Mozilla/5.0 (Macintosh; Intel Mac OS X 10_13_6) AppleWebKit/605.1.15 (KHTML, like Gecko)" 
184.195.197.21 - - [27/Feb/2020:08:38:29 -0800] "GET /apple-touch-icon-precomposed.png HTTP/1.1" 404 294 "-" "Safari/13607.3.10 CFNetwork/902.3.1 Darwin/17.7.0 (x86_64)" 
184.195.197.21 - - [27/Feb/2020:08:38:29 -0800] "GET /apple-touch-icon.png HTTP/1.1" 404 271 "-" "Safari/13607.3.10 CFNetwork/902.3.1 Darwin/17.7.0 (x86_64)" 
184.195.197.21 - - [27/Feb/2020:08:38:29 -0800] "GET /bootstrap/img/favicon.ico HTTP/1.1" 200 601 "-" "Safari/13607.3.10 CFNetwork/902.3.1 Darwin/17.7.0 (x86_64)" 
184.195.197.21 - - [27/Feb/2020:08:38:29 -0800] "GET / HTTP/1.1" 200 12637 "-" "Mozilla/5.0 (iPhone; CPU iPhone OS 12_1_3 like Mac OS X) AppleWebKit/605.1.15 (KHTML, like Gecko) Version/12.0 Mobile/15E148 Safari/604.1" 
184.195.197.21 - - [27/Feb/2020:08:38:30 -0800] "GET /apple-touch-icon-precomposed.png HTTP/1.1" 404 271 "-" "Safari/13607.3.10 CFNetwork/902.3.1 Darwin/17.7.0 (x86_64)" 
184.195.197.21 - - [27/Feb/2020:08:38:30 -0800] "GET /apple-touch-icon.png HTTP/1.1" 404 271 "-" "Safari/13607.3.10 CFNetwork/902.3.1 Darwin/17.7.0 (x86_64)" 
184.195.197.21 - - [27/Feb/2020:08:38:30 -0800] "GET /bootstrap/img/favicon.ico HTTP/1.1" 200 601 "-" "Safari/13607.3.10 CFNetwork/902.3.1 Darwin/17.7.0 (x86_64)" 
207.46.13.93 - - [27/Feb/2020:08:43:51 -0800] "GET /self.logs/error.log.2017-07-04.gz HTTP/1.1" 200 822 "-" "Mozilla/5.0 (compatible; bingbot/2.0; +http://www.bing.com/bingbot.htm)" 
207.46.13.93 - - [27/Feb/2020:08:45:34 -0800] "GET /self.logs/error.log.2020-01-27 HTTP/1.1" 200 262 "-" "Mozilla/5.0 (compatible; bingbot/2.0; +http://www.bing.com/bingbot.htm)" 
73.26.145.66 - - [27/Feb/2020:08:50:35 -0800] "GET / HTTP/1.1" 200 12660 "-" "Mozilla/5.0 (Macintosh; Intel Mac OS X 10_15_3) AppleWebKit/537.36 (KHTML, like Gecko) Chrome/79.0.3945.130 Safari/537.36" 
73.26.145.66 - - [27/Feb/2020:08:50:35 -0800] "GET /css/style.css HTTP/1.1" 404 271 "http://www.secrepo.com/" "Mozilla/5.0 (Macintosh; Intel Mac OS X 10_15_3) AppleWebKit/537.36 (KHTML, like Gecko) Chrome/79.0.3945.130 Safari/537.36" 
73.26.145.66 - - [27/Feb/2020:08:50:35 -0800] "GET /twitter-icon.png HTTP/1.1" 200 27787 "http://www.secrepo.com/" "Mozilla/5.0 (Macintosh; Intel Mac OS X 10_15_3) AppleWebKit/537.36 (KHTML, like Gecko) Chrome/79.0.3945.130 Safari/537.36" 
73.26.145.66 - - [27/Feb/2020:08:50:35 -0800] "GET /GitHub-Mark.png HTTP/1.1" 200 7450 "http://www.secrepo.com/" "Mozilla/5.0 (Macintosh; Intel Mac OS X 10_15_3) AppleWebKit/537.36 (KHTML, like Gecko) Chrome/79.0.3945.130 Safari/537.36" 
73.26.145.66 - - [27/Feb/2020:08:50:37 -0800] "GET /bootstrap/img/favicon.ico HTTP/1.1" 200 601 "http://www.secrepo.com/" "Mozilla/5.0 (Macintosh; Intel Mac OS X 10_15_3) AppleWebKit/537.36 (KHTML, like Gecko) Chrome/79.0.3945.130 Safari/537.36" 
130.203.136.241 - - [27/Feb/2020:08:52:00 -0800] "GET /robots.txt HTTP/1.1" 301 439 "-" "Mozilla/5.0 (X11; Linux x86_64; rv:7.0.1) Gecko/20100101 Firefox/7.7" 
130.203.136.241 - - [27/Feb/2020:08:52:01 -0800] "GET /robots.txt HTTP/1.1" 200 244 "-" "Mozilla/5.0 (X11; Linux x86_64; rv:7.0.1) Gecko/20100101 Firefox/7.7" 
130.203.136.241 - - [27/Feb/2020:08:52:01 -0800] "GET / HTTP/1.1" 301 419 "-" "Mozilla/5.0 (X11; Linux x86_64; rv:7.0.1) Gecko/20100101 Firefox/7.7" 
130.203.136.241 - - [27/Feb/2020:08:52:01 -0800] "GET /robots.txt HTTP/1.1" 200 210 "-" "Mozilla/5.0 (X11; Linux x86_64; rv:7.0.1) Gecko/20100101 Firefox/7.7" 
130.203.136.241 - - [27/Feb/2020:08:52:01 -0800] "GET / HTTP/1.1" 200 12582 "-" "Mozilla/5.0 (X11; Linux x86_64; rv:7.0.1) Gecko/20100101 Firefox/7.7" 
66.249.64.143 - - [27/Feb/2020:08:52:35 -0800] "GET / HTTP/1.1" 200 12660 "-" "Mozilla/5.0 (compatible; Googlebot/2.1; +http://www.google.com/bot.html)" 
66.249.64.141 - - [27/Feb/2020:08:52:39 -0800] "GET /css/style.css HTTP/1.1" 404 294 "http://www.secrepo.com/" "Mozilla/5.0 AppleWebKit/537.36 (KHTML, like Gecko; compatible; Googlebot/2.1; +http://www.google.com/bot.html) Chrome/80.0.3987.92 Safari/537.36" 
73.26.145.66 - - [27/Feb/2020:08:54:08 -0800] "GET / HTTP/1.1" 200 12660 "-" "Mozilla/5.0 (Macintosh; Intel Mac OS X 10_15_3) AppleWebKit/537.36 (KHTML, like Gecko) Chrome/79.0.3945.130 Safari/537.36" 
73.26.145.66 - - [27/Feb/2020:08:54:08 -0800] "GET /css/style.css HTTP/1.1" 404 271 "http://www.secrepo.com/" "Mozilla/5.0 (Macintosh; Intel Mac OS X 10_15_3) AppleWebKit/537.36 (KHTML, like Gecko) Chrome/79.0.3945.130 Safari/537.36" 
3.215.176.30 - - [27/Feb/2020:09:07:10 -0800] "GET / HTTP/1.1" 301 475 "-" "python-requests/2.18.1" 
3.215.176.30 - - [27/Feb/2020:09:07:10 -0800] "GET / HTTP/1.1" 200 12660 "-" "python-requests/2.18.1" 
3.215.176.30 - - [27/Feb/2020:09:07:10 -0800] "GET / HTTP/1.1" 200 12660 "-" "python-requests/2.18.1" 
3.215.176.30 - - [27/Feb/2020:09:07:10 -0800] "GET / HTTP/1.1" 200 12660 "-" "python-requests/2.18.1" 
157.55.39.8 - - [27/Feb/2020:09:29:45 -0800] "GET /self.logs/access.log.2017-12-16.gz HTTP/1.1" 200 19528 "-" "Mozilla/5.0 (compatible; bingbot/2.0; +http://www.bing.com/bingbot.htm)" 
46.118.112.198 - - [27/Feb/2020:09:36:05 -0800] "GET /Datasets%20Description/Network/ HTTP/1.1" 200 1546 "https://credit-cards-online24.ru/" "Opera/9.01 (Windows NT 5.1; U; en)" 
46.118.112.198 - - [27/Feb/2020:09:36:05 -0800] "GET /Datasets%20Description/Network/ HTTP/1.1" 200 1546 "https://zvooq.eu/" "Mozilla/4.0 (compatible; MSIE 6.0; Windows NT 5.1; MRA 4.3 (build 01218); .NET CLR 1.1.4322)" 
46.118.112.198 - - [27/Feb/2020:09:36:05 -0800] "GET /Datasets%20Description/Network/ HTTP/1.1" 200 1546 "https://cabinet-gosuslugi.ru/" "Mozilla/4.0 (compatible; MSIE 6.0; Windows NT 5.1; MRA 4.3 (build 01218); .NET CLR 1.1.4322)" 
46.118.112.198 - - [27/Feb/2020:09:36:06 -0800] "GET /Datasets%20Description/Network/ HTTP/1.1" 200 1546 "https://credit-cards-online24.ru/" "Opera/9.01 (Windows NT 5.1; U; en)" 
46.118.112.198 - - [27/Feb/2020:09:36:06 -0800] "GET /Datasets%20Description/Network/ HTTP/1.1" 200 1546 "https://zvooq.eu/" "Mozilla/4.0 (compatible; MSIE 6.0; Windows NT 5.1; MRA 4.3 (build 01218); .NET CLR 1.1.4322)" 
46.118.112.198 - - [27/Feb/2020:09:36:06 -0800] "GET /Datasets%20Description/Network/ HTTP/1.1" 200 1546 "https://cabinet-gosuslugi.ru/" "Mozilla/4.0 (compatible; MSIE 6.0; Windows NT 5.1; MRA 4.3 (build 01218); .NET CLR 1.1.4322)" 
46.118.112.198 - - [27/Feb/2020:09:36:06 -0800] "GET /Datasets%20Description/Network/ HTTP/1.1" 200 1546 "https://credit-cards-online24.ru/" "Opera/9.01 (Windows NT 5.1; U; en)" 
46.118.112.198 - - [27/Feb/2020:09:36:06 -0800] "GET /Datasets%20Description/Network/ HTTP/1.1" 200 1546 "https://zvooq.eu/" "Mozilla/4.0 (compatible; MSIE 6.0; Windows NT 5.1; MRA 4.3 (build 01218); .NET CLR 1.1.4322)" 
46.118.112.198 - - [27/Feb/2020:09:36:07 -0800] "GET /Datasets%20Description/Network/ HTTP/1.1" 200 1546 "https://cabinet-gosuslugi.ru/" "Mozilla/4.0 (compatible; MSIE 6.0; Windows NT 5.1; MRA 4.3 (build 01218); .NET CLR 1.1.4322)" 
113.171.224.176 - - [27/Feb/2020:09:37:34 -0800] "GET /honeypot/Honeypot%20-%20Howto.pdf HTTP/1.1" 200 61320 "-" "Mozilla/5.0 Gecko/20100115 Firefox/3.6" 
110.229.220.49 - - [27/Feb/2020:09:38:35 -0800] "POST /index.php HTTP/1.1" 404 294 "-" "Mozilla/5.0 (Windows NT 10.0; WOW64; rv:48.0) Gecko/20100101 Firefox/48.0" 
162.210.196.129 - - [27/Feb/2020:09:43:48 -0800] "GET /robots.txt HTTP/1.1" 200 288 "-" "Mozilla/5.0 (compatible; MJ12bot/v1.4.8; http://mj12bot.com/)" 
162.210.196.129 - - [27/Feb/2020:09:43:51 -0800] "GET / HTTP/1.1" 200 12615 "-" "Mozilla/5.0 (compatible; MJ12bot/v1.4.8; http://mj12bot.com/)" 
213.159.8.45 - - [27/Feb/2020:09:49:42 -0800] "GET /self.logs/ HTTP/1.1" 200 21300 "-" "Mozilla/5.0 (Windows NT 10.0; Win64; x64) AppleWebKit/537.36 (KHTML, like Gecko) Chrome/80.0.3987.100 Safari/537.36" 
213.159.8.45 - - [27/Feb/2020:09:49:45 -0800] "GET /favicon.ico HTTP/1.1" 200 302 "http://www.secrepo.com/self.logs/" "Mozilla/5.0 (Windows NT 10.0; Win64; x64) AppleWebKit/537.36 (KHTML, like Gecko) Chrome/80.0.3987.100 Safari/537.36" 
213.159.8.45 - - [27/Feb/2020:09:49:48 -0800] "GET /self.logs/access.log.2017-01-01.gz HTTP/1.1" 200 17573 "http://www.secrepo.com/self.logs/" "Mozilla/5.0 (Windows NT 10.0; Win64; x64) AppleWebKit/537.36 (KHTML, like Gecko) Chrome/80.0.3987.100 Safari/537.36" 
157.55.39.8 - - [27/Feb/2020:10:00:17 -0800] "GET /self.logs/error.log.2017-10-08.gz HTTP/1.1" 200 1817 "-" "Mozilla/5.0 (compatible; bingbot/2.0; +http://www.bing.com/bingbot.htm)" 
157.55.39.0 - - [27/Feb/2020:10:07:15 -0800] "GET /robots.txt HTTP/1.1" 200 288 "-" "Mozilla/5.0 (compatible; bingbot/2.0; +http://www.bing.com/bingbot.htm)" 
