142.68.59.137 - - [05/Jan/2021:04:28:28 -0800] "GET /apple-touch-icon.png HTTP/1.1" 404 305 "-" "Safari/15610.1.28.1.9 CFNetwork/1128.0.1 Darwin/19.6.0 (x86_64)" 
142.68.59.137 - - [05/Jan/2021:04:28:29 -0800] "GET /bootstrap/img/favicon.ico HTTP/1.1" 200 690 "-" "Safari/15610.1.28.1.9 CFNetwork/1128.0.1 Darwin/19.6.0 (x86_64)" 
142.68.59.137 - - [05/Jan/2021:04:28:29 -0800] "GET / HTTP/1.1" 200 12884 "-" "Mozilla/5.0 (iPhone; CPU iPhone OS 13_1_3 like Mac OS X) AppleWebKit/605.1.15 (KHTML, like Gecko) Version/13.0.1 Mobile/15E148 Safari/604.1" 
142.68.59.137 - - [05/Jan/2021:04:28:29 -0800] "GET /apple-touch-icon-precomposed.png HTTP/1.1" 404 305 "-" "Safari/15610.1.28.1.9 CFNetwork/1128.0.1 Darwin/19.6.0 (x86_64)" 
142.68.59.137 - - [05/Jan/2021:04:28:29 -0800] "GET /apple-touch-icon.png HTTP/1.1" 404 305 "-" "Safari/15610.1.28.1.9 CFNetwork/1128.0.1 Darwin/19.6.0 (x86_64)" 
114.119.135.224 - - [05/Jan/2021:04:29:02 -0800] "GET /robots.txt HTTP/1.1" 200 377 "-" "(compatible;PetalBot;+https://aspiegel.com/petalbot)" 
72.79.125.124 - - [05/Jan/2021:04:32:31 -0800] "GET / HTTP/1.1" 200 12883 "-" "Mozilla/5.0 (iPhone; CPU iPhone OS 14_2 like Mac OS X) AppleWebKit/605.1.15 (KHTML, like Gecko) Version/14.0.1 Mobile/15E148 Safari/604.1" 
72.79.125.124 - - [05/Jan/2021:04:32:31 -0800] "GET /css/style.css HTTP/1.1" 404 305 "http://www.secrepo.com/" "Mozilla/5.0 (iPhone; CPU iPhone OS 14_2 like Mac OS X) AppleWebKit/605.1.15 (KHTML, like Gecko) Version/14.0.1 Mobile/15E148 Safari/604.1" 
72.79.125.124 - - [05/Jan/2021:04:32:31 -0800] "GET /twitter-icon.png HTTP/1.1" 200 27916 "http://www.secrepo.com/" "Mozilla/5.0 (iPhone; CPU iPhone OS 14_2 like Mac OS X) AppleWebKit/605.1.15 (KHTML, like Gecko) Version/14.0.1 Mobile/15E148 Safari/604.1" 
72.79.125.124 - - [05/Jan/2021:04:32:31 -0800] "GET /GitHub-Mark.png HTTP/1.1" 200 7556 "http://www.secrepo.com/" "Mozilla/5.0 (iPhone; CPU iPhone OS 14_2 like Mac OS X) AppleWebKit/605.1.15 (KHTML, like Gecko) Version/14.0.1 Mobile/15E148 Safari/604.1" 
72.79.125.124 - - [05/Jan/2021:04:32:31 -0800] "GET /bootstrap/img/favicon.ico HTTP/1.1" 200 713 "http://www.secrepo.com/" "Mozilla/5.0 (iPhone; CPU iPhone OS 14_2 like Mac OS X) AppleWebKit/605.1.15 (KHTML, like Gecko) Version/14.0.1 Mobile/15E148 Safari/604.1" 
180.163.220.4 - - [05/Jan/2021:04:33:56 -0800] "GET / HTTP/1.1" 200 12883 "-" "Mozilla/5.0 (Linux; U; Android 8.1.0; zh-CN; EML-AL00 Build/HUAWEIEML-AL00) AppleWebKit/537.36 (KHTML, like Gecko) Version/4.0 Chrome/57.0.2987.108 baidu.sogo.uc.UCBrowser/11.9.4.974 UWS/2.13.1.48 Mobile Safari/537.36 AliApp(DingTalk/4.5.11) com.alibaba.android.rimet/10487439 Channel/227200 language/zh-CN" 
114.119.159.40 - - [05/Jan/2021:04:34:06 -0800] "GET /self.logs/access.log.2017-10-20.gz HTTP/1.1" 200 23708 "-" "Mozilla/5.0 (Linux; Android 7.0;) AppleWebKit/537.36 (KHTML, like Gecko) Mobile Safari/537.36 (compatible; PetalBot;+https://aspiegel.com/petalbot)" 
17.58.96.153 - - [05/Jan/2021:04:34:35 -0800] "GET /self.logs/error.log.2020-03-26 HTTP/1.1" 200 307 "-" "Mozilla/5.0 (Macintosh; Intel Mac OS X 10_15_5) AppleWebKit/605.1.15 (KHTML, like Gecko) Version/13.1.1 Safari/605.1.15 (Applebot/0.1; +http://www.apple.com/go/applebot)" 
27.218.139.101 - - [05/Jan/2021:04:35:27 -0800] "GET / HTTP/1.1" 301 475 "-" "Mozilla/5.0 (Windows NT 10.0; Win64; x64) AppleWebKit/537.36 (KHTML, like Gecko) Chrome/87.0.4280.88 Safari/537.36 Edg/87.0.664.66" 
27.218.139.101 - - [05/Jan/2021:04:35:28 -0800] "GET / HTTP/1.1" 200 12883 "-" "Mozilla/5.0 (Windows NT 10.0; Win64; x64) AppleWebKit/537.36 (KHTML, like Gecko) Chrome/87.0.4280.88 Safari/537.36 Edg/87.0.664.66" 
27.218.139.101 - - [05/Jan/2021:04:35:29 -0800] "GET /css/style.css HTTP/1.1" 404 305 "http://www.secrepo.com/" "Mozilla/5.0 (Windows NT 10.0; Win64; x64) AppleWebKit/537.36 (KHTML, like Gecko) Chrome/87.0.4280.88 Safari/537.36 Edg/87.0.664.66" 
27.218.139.101 - - [05/Jan/2021:04:35:29 -0800] "GET /twitter-icon.png HTTP/1.1" 200 27893 "http://www.secrepo.com/" "Mozilla/5.0 (Windows NT 10.0; Win64; x64) AppleWebKit/537.36 (KHTML, like Gecko) Chrome/87.0.4280.88 Safari/537.36 Edg/87.0.664.66" 
27.218.139.101 - - [05/Jan/2021:04:35:30 -0800] "GET /GitHub-Mark.png HTTP/1.1" 200 7533 "http://www.secrepo.com/" "Mozilla/5.0 (Windows NT 10.0; Win64; x64) AppleWebKit/537.36 (KHTML, like Gecko) Chrome/87.0.4280.88 Safari/537.36 Edg/87.0.664.66" 
27.218.139.101 - - [05/Jan/2021:04:36:23 -0800] "GET /bootstrap/img/favicon.ico HTTP/1.1" 200 713 "http://www.secrepo.com/" "Mozilla/5.0 (Windows NT 10.0; Win64; x64) AppleWebKit/537.36 (KHTML, like Gecko) Chrome/87.0.4280.88 Safari/537.36 Edg/87.0.664.66" 
192.36.154.13 - - [05/Jan/2021:04:37:23 -0800] "GET / HTTP/1.1" 301 475 "-" "Mozilla/5.0 (Windows NT 10.0; Win64; x64) AppleWebKit/537.36 (KHTML, like Gecko) Chrome/75.0.3729.169 Safari/537.36" 
192.36.154.13 - - [05/Jan/2021:04:37:24 -0800] "GET / HTTP/1.1" 200 12883 "-" "Mozilla/5.0 (Windows NT 10.0; Win64; x64) AppleWebKit/537.36 (KHTML, like Gecko) Chrome/75.0.3729.169 Safari/537.36" 
114.119.159.40 - - [05/Jan/2021:04:39:10 -0800] "GET /self.logs/access.log.2019-08-08.gz HTTP/1.1" 200 15956 "-" "Mozilla/5.0 (Linux; Android 7.0;) AppleWebKit/537.36 (KHTML, like Gecko) Mobile Safari/537.36 (compatible; PetalBot;+https://aspiegel.com/petalbot)" 
123.183.224.115 - - [05/Jan/2021:04:42:06 -0800] "GET / HTTP/1.1" 200 12846 "-" "Sogou web spider/4.0(+http://www.sogou.com/docs/help/webmasters.htm#07)" 
114.119.129.244 - - [05/Jan/2021:04:44:15 -0800] "GET /self.logs/error.log.2017-12-15.gz HTTP/1.1" 200 1911 "-" "Mozilla/5.0 (Linux; Android 7.0;) AppleWebKit/537.36 (KHTML, like Gecko) Mobile Safari/537.36 (compatible; PetalBot;+https://aspiegel.com/petalbot)" 
114.119.157.43 - - [05/Jan/2021:04:49:18 -0800] "GET /self.logs/access.log.2019-02-09.gz HTTP/1.1" 200 13932 "-" "Mozilla/5.0 (Linux; Android 7.0;) AppleWebKit/537.36 (KHTML, like Gecko) Mobile Safari/537.36 (compatible; PetalBot;+https://aspiegel.com/petalbot)" 
207.46.13.97 - - [05/Jan/2021:04:50:00 -0800] "GET /self.logs/error.log.2019-03-21.gz HTTP/1.1" 301 541 "-" "Mozilla/5.0 (compatible; bingbot/2.0; +http://www.bing.com/bingbot.htm)" 
114.119.129.244 - - [05/Jan/2021:04:54:23 -0800] "GET /self.logs/access.log.2018-09-12.gz HTTP/1.1" 200 27027 "-" "Mozilla/5.0 (Linux; Android 7.0;) AppleWebKit/537.36 (KHTML, like Gecko) Mobile Safari/537.36 (compatible; PetalBot;+https://aspiegel.com/petalbot)" 
57.66.185.161 - - [05/Jan/2021:04:56:00 -0800] "GET /self.logs/ HTTP/1.1" 200 26823 "https://www.google.com/" "Mozilla/5.0 (Windows NT 10.0; Win64; x64; rv:78.0) Gecko/20100101 Firefox/78.0" 
57.66.185.161 - - [05/Jan/2021:04:56:01 -0800] "GET /favicon.ico HTTP/1.1" 200 368 "-" "Mozilla/5.0 (Windows NT 10.0; Win64; x64; rv:78.0) Gecko/20100101 Firefox/78.0" 
57.66.185.161 - - [05/Jan/2021:04:56:18 -0800] "GET /self.logs/error.log.2020-12-25.gz HTTP/1.1" 200 825 "http://www.secrepo.com/self.logs/" "Mozilla/5.0 (Windows NT 10.0; Win64; x64; rv:78.0) Gecko/20100101 Firefox/78.0" 
57.66.185.161 - - [05/Jan/2021:04:56:45 -0800] "GET /self.logs/access.log.2020-12-24.gz HTTP/1.1" 200 13783 "http://www.secrepo.com/self.logs/" "Mozilla/5.0 (Windows NT 10.0; Win64; x64; rv:78.0) Gecko/20100101 Firefox/78.0" 
114.119.150.248 - - [05/Jan/2021:04:59:27 -0800] "GET /self.logs/error.log.2017-05-15.gz HTTP/1.1" 200 1574 "-" "Mozilla/5.0 (Linux; Android 7.0;) AppleWebKit/537.36 (KHTML, like Gecko) Mobile Safari/537.36 (compatible; PetalBot;+https://aspiegel.com/petalbot)" 
207.46.13.156 - - [05/Jan/2021:05:02:17 -0800] "GET /self.logs/error.log.2020-10-23 HTTP/1.1" 200 351 "-" "Mozilla/5.0 (compatible; bingbot/2.0; +http://www.bing.com/bingbot.htm)" 
114.119.141.53 - - [05/Jan/2021:05:04:31 -0800] "GET /self.logs/error.log.2017-05-12.gz HTTP/1.1" 200 961 "-" "Mozilla/5.0 (Linux; Android 7.0;) AppleWebKit/537.36 (KHTML, like Gecko) Mobile Safari/537.36 (compatible; PetalBot;+https://aspiegel.com/petalbot)" 
66.249.64.157 - - [05/Jan/2021:05:07:31 -0800] "GET /Datasets%20Description/HTML_Bro_log_2/notice.html HTTP/1.1" 200 2006 "-" "Mozilla/5.0 (compatible; Googlebot/2.1; +http://www.google.com/bot.html)" 
114.119.144.30 - - [05/Jan/2021:05:09:35 -0800] "GET /self.logs/2015/access.log.2015-06-25.gz HTTP/1.1" 200 3887 "-" "Mozilla/5.0 (Linux; Android 7.0;) AppleWebKit/537.36 (KHTML, like Gecko) Mobile Safari/537.36 (compatible; PetalBot;+https://aspiegel.com/petalbot)" 
196.188.179.94 - - [05/Jan/2021:05:13:50 -0800] "GET /css/style.css HTTP/1.1" 404 328 "http://www.secrepo.com/" "Mozilla/5.0 (Windows NT 6.3; Win64; x64; rv:77.0) Gecko/20100101 Firefox/77.0" 
196.188.179.94 - - [05/Jan/2021:05:13:50 -0800] "GET /GitHub-Mark.png HTTP/1.1" 200 7556 "http://www.secrepo.com/" "Mozilla/5.0 (Windows NT 6.3; Win64; x64; rv:77.0) Gecko/20100101 Firefox/77.0" 
196.188.179.94 - - [05/Jan/2021:05:13:50 -0800] "GET /twitter-icon.png HTTP/1.1" 200 27916 "http://www.secrepo.com/" "Mozilla/5.0 (Windows NT 6.3; Win64; x64; rv:77.0) Gecko/20100101 Firefox/77.0" 
196.188.179.94 - - [05/Jan/2021:05:13:53 -0800] "GET /bootstrap/img/favicon.ico HTTP/1.1" 200 713 "-" "Mozilla/5.0 (Windows NT 6.3; Win64; x64; rv:77.0) Gecko/20100101 Firefox/77.0" 
114.119.159.101 - - [05/Jan/2021:05:14:39 -0800] "GET /self.logs/access.log.2017-02-28.gz HTTP/1.1" 200 21637 "-" "Mozilla/5.0 (Linux; Android 7.0;) AppleWebKit/537.36 (KHTML, like Gecko) Mobile Safari/537.36 (compatible; PetalBot;+https://aspiegel.com/petalbot)" 
196.188.179.94 - - [05/Jan/2021:05:16:05 -0800] "GET /auth.log/auth.log.gz HTTP/1.1" 206 40388 "http://www.secrepo.com/" "Mozilla/5.0 (Windows NT 6.3; Win64; x64; rv:77.0) Gecko/20100101 Firefox/77.0" 
196.188.179.94 - - [05/Jan/2021:05:16:05 -0800] "GET /auth.log/auth.log.gz HTTP/1.1" 206 29505 "http://www.secrepo.com/" "Mozilla/5.0 (Windows NT 6.3; Win64; x64; rv:77.0) Gecko/20100101 Firefox/77.0" 
196.188.179.94 - - [05/Jan/2021:05:16:05 -0800] "GET /auth.log/auth.log.gz HTTP/1.1" 206 28185 "http://www.secrepo.com/" "Mozilla/5.0 (Windows NT 6.3; Win64; x64; rv:77.0) Gecko/20100101 Firefox/77.0" 
196.188.179.94 - - [05/Jan/2021:05:16:05 -0800] "GET /auth.log/auth.log.gz HTTP/1.1" 206 25968 "http://www.secrepo.com/" "Mozilla/5.0 (Windows NT 6.3; Win64; x64; rv:77.0) Gecko/20100101 Firefox/77.0" 
196.188.179.94 - - [05/Jan/2021:05:16:04 -0800] "GET /auth.log/auth.log.gz HTTP/1.1" 206 295798 "http://www.secrepo.com/" "Mozilla/5.0 (Windows NT 6.3; Win64; x64; rv:77.0) Gecko/20100101 Firefox/77.0" 
196.188.179.94 - - [05/Jan/2021:05:16:05 -0800] "GET /auth.log/auth.log.gz HTTP/1.1" 206 70170 "http://www.secrepo.com/" "Mozilla/5.0 (Windows NT 6.3; Win64; x64; rv:77.0) Gecko/20100101 Firefox/77.0" 
196.188.179.94 - - [05/Jan/2021:05:16:05 -0800] "GET /auth.log/auth.log.gz HTTP/1.1" 206 106800 "http://www.secrepo.com/" "Mozilla/5.0 (Windows NT 6.3; Win64; x64; rv:77.0) Gecko/20100101 Firefox/77.0" 
196.188.179.94 - - [05/Jan/2021:05:16:03 -0800] "GET /auth.log/auth.log.gz HTTP/1.1" 200 615635 "http://www.secrepo.com/" "Mozilla/5.0 (Windows NT 6.3; Win64; x64; rv:77.0) Gecko/20100101 Firefox/77.0" 
196.188.179.94 - - [05/Jan/2021:05:16:15 -0800] "GET /Security-Data-Analysis/Lab_1/conn.log.zip HTTP/1.1" 206 23775 "http://www.secrepo.com/" "Mozilla/5.0 (Windows NT 6.3; Win64; x64; rv:77.0) Gecko/20100101 Firefox/77.0" 
196.188.179.94 - - [05/Jan/2021:05:16:15 -0800] "GET /Security-Data-Analysis/Lab_1/conn.log.zip HTTP/1.1" 200 2810960 "http://www.secrepo.com/" "Mozilla/5.0 (Windows NT 6.3; Win64; x64; rv:77.0) Gecko/20100101 Firefox/77.0" 
114.119.144.30 - - [05/Jan/2021:05:19:43 -0800] "GET /self.logs/access.log.2020-05-17.gz HTTP/1.1" 200 9924 "-" "Mozilla/5.0 (Linux; Android 7.0;) AppleWebKit/537.36 (KHTML, like Gecko) Mobile Safari/537.36 (compatible; PetalBot;+https://aspiegel.com/petalbot)" 
124.43.218.254 - - [05/Jan/2021:05:23:38 -0800] "GET /robots.txt HTTP/1.1" 200 377 "-" "Mozilla/5.0 (Windows NT 10.0; Win64; x64) AppleWebKit/537.36 (KHTML, like Gecko) Chrome/87.0.4280.88 Safari/537.36" 
124.43.218.254 - - [05/Jan/2021:05:23:38 -0800] "GET / HTTP/1.1" 200 12883 "-" "Mozilla/5.0 (Windows NT 10.0; Win64; x64) AppleWebKit/537.36 (KHTML, like Gecko) Chrome/87.0.4280.88 Safari/537.36" 
124.43.218.254 - - [05/Jan/2021:05:23:40 -0800] "GET /css/style.css HTTP/1.1" 404 305 "http://www.secrepo.com/" "Mozilla/5.0 (Windows NT 10.0; Win64; x64) AppleWebKit/537.36 (KHTML, like Gecko) Chrome/87.0.4280.88 Safari/537.36" 
124.43.218.254 - - [05/Jan/2021:05:23:40 -0800] "GET /twitter-icon.png HTTP/1.1" 200 27893 "http://www.secrepo.com/" "Mozilla/5.0 (Windows NT 10.0; Win64; x64) AppleWebKit/537.36 (KHTML, like Gecko) Chrome/87.0.4280.88 Safari/537.36" 
124.43.218.254 - - [05/Jan/2021:05:23:40 -0800] "GET /GitHub-Mark.png HTTP/1.1" 200 7533 "http://www.secrepo.com/" "Mozilla/5.0 (Windows NT 10.0; Win64; x64) AppleWebKit/537.36 (KHTML, like Gecko) Chrome/87.0.4280.88 Safari/537.36" 
124.43.218.254 - - [05/Jan/2021:05:23:42 -0800] "GET /bootstrap/img/favicon.ico HTTP/1.1" 200 713 "http://www.secrepo.com/" "Mozilla/5.0 (Windows NT 10.0; Win64; x64) AppleWebKit/537.36 (KHTML, like Gecko) Chrome/87.0.4280.88 Safari/537.36" 
114.119.159.40 - - [05/Jan/2021:05:24:50 -0800] "GET /self.logs/error.log.2018-02-25.gz HTTP/1.1" 200 4115 "-" "Mozilla/5.0 (Linux; Android 7.0;) AppleWebKit/537.36 (KHTML, like Gecko) Mobile Safari/537.36 (compatible; PetalBot;+https://aspiegel.com/petalbot)" 
196.188.179.94 - - [05/Jan/2021:05:16:19 -0800] "GET /Security-Data-Analysis/Lab_1/conn.log.zip HTTP/1.1" 206 19976417 "http://www.secrepo.com/" "Mozilla/5.0 (Windows NT 6.3; Win64; x64; rv:77.0) Gecko/20100101 Firefox/77.0" 
196.188.179.94 - - [05/Jan/2021:05:16:19 -0800] "GET /Security-Data-Analysis/Lab_1/conn.log.zip HTTP/1.1" 206 20280418 "http://www.secrepo.com/" "Mozilla/5.0 (Windows NT 6.3; Win64; x64; rv:77.0) Gecko/20100101 Firefox/77.0" 
196.188.179.94 - - [05/Jan/2021:05:16:19 -0800] "GET /Security-Data-Analysis/Lab_1/conn.log.zip HTTP/1.1" 206 20512417 "http://www.secrepo.com/" "Mozilla/5.0 (Windows NT 6.3; Win64; x64; rv:77.0) Gecko/20100101 Firefox/77.0" 
196.188.179.94 - - [05/Jan/2021:05:16:16 -0800] "GET /Security-Data-Analysis/Lab_1/conn.log.zip HTTP/1.1" 206 18112418 "http://www.secrepo.com/" "Mozilla/5.0 (Windows NT 6.3; Win64; x64; rv:77.0) Gecko/20100101 Firefox/77.0" 
196.188.179.94 - - [05/Jan/2021:05:16:16 -0800] "GET /Security-Data-Analysis/Lab_1/conn.log.zip HTTP/1.1" 206 16936416 "http://www.secrepo.com/" "Mozilla/5.0 (Windows NT 6.3; Win64; x64; rv:77.0) Gecko/20100101 Firefox/77.0" 
196.188.179.94 - - [05/Jan/2021:05:17:14 -0800] "GET /Security-Data-Analysis/Lab_1/conn.log.zip HTTP/1.1" 206 16367152 "http://www.secrepo.com/" "Mozilla/5.0 (Windows NT 6.3; Win64; x64; rv:77.0) Gecko/20100101 Firefox/77.0" 
196.188.179.94 - - [05/Jan/2021:05:16:16 -0800] "GET /Security-Data-Analysis/Lab_1/conn.log.zip HTTP/1.1" 206 17205058 "http://www.secrepo.com/" "Mozilla/5.0 (Windows NT 6.3; Win64; x64; rv:77.0) Gecko/20100101 Firefox/77.0" 
196.188.179.94 - - [05/Jan/2021:05:16:19 -0800] "GET /Security-Data-Analysis/Lab_1/conn.log.zip HTTP/1.1" 206 19076400 "http://www.secrepo.com/" "Mozilla/5.0 (Windows NT 6.3; Win64; x64; rv:77.0) Gecko/20100101 Firefox/77.0" 
207.46.13.162 - - [05/Jan/2021:05:29:46 -0800] "GET /self.logs/access.log.2018-01-08.gz HTTP/1.1" 301 543 "-" "Mozilla/5.0 (compatible; bingbot/2.0; +http://www.bing.com/bingbot.htm)" 
182.96.136.32 - - [05/Jan/2021:05:36:14 -0800] "GET / HTTP/1.1" 200 12884 "-" "Mozilla/5.0 (Windows NT 10.0; Win64; x64) AppleWebKit/537.36 (KHTML, like Gecko) Chrome/87.0.4280.88 Safari/537.36 Edg/87.0.664.66" 
182.96.136.32 - - [05/Jan/2021:05:36:18 -0800] "GET /css/style.css HTTP/1.1" 404 328 "http://www.secrepo.com/" "Mozilla/5.0 (Windows NT 10.0; Win64; x64) AppleWebKit/537.36 (KHTML, like Gecko) Chrome/87.0.4280.88 Safari/537.36 Edg/87.0.664.66" 
182.96.136.32 - - [05/Jan/2021:05:36:19 -0800] "GET /twitter-icon.png HTTP/1.1" 200 27893 "http://www.secrepo.com/" "Mozilla/5.0 (Windows NT 10.0; Win64; x64) AppleWebKit/537.36 (KHTML, like Gecko) Chrome/87.0.4280.88 Safari/537.36 Edg/87.0.664.66" 
182.96.136.32 - - [05/Jan/2021:05:36:19 -0800] "GET /GitHub-Mark.png HTTP/1.1" 200 7556 "http://www.secrepo.com/" "Mozilla/5.0 (Windows NT 10.0; Win64; x64) AppleWebKit/537.36 (KHTML, like Gecko) Chrome/87.0.4280.88 Safari/537.36 Edg/87.0.664.66" 
182.96.136.32 - - [05/Jan/2021:05:36:19 -0800] "GET /css/style.css HTTP/1.1" 404 328 "http://www.secrepo.com/" "Mozilla/5.0 (Windows NT 10.0; Win64; x64) AppleWebKit/537.36 (KHTML, like Gecko) Chrome/87.0.4280.88 Safari/537.36 Edg/87.0.664.66" 
114.119.146.208 - - [05/Jan/2021:05:42:23 -0800] "GET /self.logs/access.log.2019-11-23.gz HTTP/1.1" 200 13575 "-" "Mozilla/5.0 (Linux; Android 7.0;) AppleWebKit/537.36 (KHTML, like Gecko) Mobile Safari/537.36 (compatible; PetalBot;+https://aspiegel.com/petalbot)" 
182.96.136.32 - - [05/Jan/2021:05:44:36 -0800] "GET /bootstrap/img/favicon.ico HTTP/1.1" 200 713 "http://www.secrepo.com/" "Mozilla/5.0 (Windows NT 10.0; Win64; x64) AppleWebKit/537.36 (KHTML, like Gecko) Chrome/87.0.4280.88 Safari/537.36 Edg/87.0.664.66" 
49.65.247.28 - - [05/Jan/2021:05:44:46 -0800] "GET /favicon.ico HTTP/1.1" 200 391 "-" "Mozilla/5.0 (Windows NT 10.0; WOW64) AppleWebKit/537.36 (KHTML, like Gecko) Chrome/78.0.3904.108 Safari/537.36" 
114.119.149.116 - - [05/Jan/2021:05:47:27 -0800] "GET /self.logs/error.log.2020-12-08.gz HTTP/1.1" 200 778 "-" "Mozilla/5.0 (Linux; Android 7.0;) AppleWebKit/537.36 (KHTML, like Gecko) Mobile Safari/537.36 (compatible; PetalBot;+https://aspiegel.com/petalbot)" 
196.188.179.94 - - [05/Jan/2021:05:28:49 -0800] "GET /Security-Data-Analysis/Lab_1/conn.log.zip HTTP/1.1" 206 23576418 "http://www.secrepo.com/" "Mozilla/5.0 (Windows NT 6.3; Win64; x64; rv:77.0) Gecko/20100101 Firefox/77.0" 
17.58.96.153 - - [05/Jan/2021:05:49:45 -0800] "GET /Datasets%20Description/Network/dhcp.html HTTP/1.1" 200 1417 "-" "Mozilla/5.0 (Macintosh; Intel Mac OS X 10_15_5) AppleWebKit/605.1.15 (KHTML, like Gecko) Version/13.1.1 Safari/605.1.15 (Applebot/0.1; +http://www.apple.com/go/applebot)" 
114.119.167.18 - - [05/Jan/2021:05:52:30 -0800] "GET /self.logs/access.log.2018-12-10.gz HTTP/1.1" 200 24961 "-" "Mozilla/5.0 (Linux; Android 7.0;) AppleWebKit/537.36 (KHTML, like Gecko) Mobile Safari/537.36 (compatible; PetalBot;+https://aspiegel.com/petalbot)" 
13.66.139.39 - - [05/Jan/2021:05:54:40 -0800] "GET /self.logs/access.log.2020-10-25.gz HTTP/1.1" 200 17941 "-" "Mozilla/5.0 (compatible; bingbot/2.0; +http://www.bing.com/bingbot.htm)" 
108.59.8.80 - - [05/Jan/2021:05:55:09 -0800] "GET /robots.txt HTTP/1.1" 200 377 "-" "Mozilla/5.0 (compatible; MJ12bot/v1.4.8; http://mj12bot.com/)" 
108.59.8.80 - - [05/Jan/2021:05:55:43 -0800] "GET / HTTP/1.1" 200 12840 "-" "Mozilla/5.0 (compatible; MJ12bot/v1.4.8; http://mj12bot.com/)" 
114.119.150.248 - - [05/Jan/2021:05:57:34 -0800] "GET /self.logs/access.log.2019-12-24.gz HTTP/1.1" 200 14034 "-" "Mozilla/5.0 (Linux; Android 7.0;) AppleWebKit/537.36 (KHTML, like Gecko) Mobile Safari/537.36 (compatible; PetalBot;+https://aspiegel.com/petalbot)" 
13.66.139.117 - - [05/Jan/2021:05:58:29 -0800] "GET /self.logs/error.log.2020-07-08.gz HTTP/1.1" 200 963 "-" "Mozilla/5.0 (compatible; bingbot/2.0; +http://www.bing.com/bingbot.htm)" 
114.119.132.218 - - [05/Jan/2021:06:02:36 -0800] "GET /self.logs/access.log.2019-03-30.gz HTTP/1.1" 200 27731 "-" "Mozilla/5.0 (Linux; Android 7.0;) AppleWebKit/537.36 (KHTML, like Gecko) Mobile Safari/537.36 (compatible; PetalBot;+https://aspiegel.com/petalbot)" 
13.66.139.39 - - [05/Jan/2021:06:02:51 -0800] "GET /Datasets%20Description/PE_malware/OPCleaver.html HTTP/1.1" 200 1458 "-" "Mozilla/5.0 (compatible; bingbot/2.0; +http://www.bing.com/bingbot.htm)" 
40.88.21.235 - - [05/Jan/2021:06:06:48 -0800] "GET / HTTP/1.1" 200 12883 "http://www.secrepo.com/" "Mozilla/5.0 (compatible; DuckDuckGo-Favicons-Bot/1.0; +http://duckduckgo.com)" 
40.88.21.235 - - [05/Jan/2021:06:06:48 -0800] "GET /bootstrap/img/favicon.ico HTTP/1.1" 200 690 "http://www.secrepo.com/bootstrap/img/favicon.ico" "Mozilla/5.0 (compatible; DuckDuckGo-Favicons-Bot/1.0; +http://duckduckgo.com)" 
101.36.118.238 - - [05/Jan/2021:06:06:49 -0800] "GET /honeypot/honeypot.json.zip HTTP/1.1" 200 23086087 "-" "Mozilla/5.0 (Windows NT 6.1; WOW64) AppleWebKit/537.1 (KHTML, like Gecko) Chrome/22.0.1207.1 Safari/537.1" 
196.188.179.94 - - [05/Jan/2021:05:28:52 -0800] "GET /Security-Data-Analysis/Lab_1/conn.log.zip HTTP/1.1" 206 49144417 "http://www.secrepo.com/" "Mozilla/5.0 (Windows NT 6.3; Win64; x64; rv:77.0) Gecko/20100101 Firefox/77.0" 
114.119.157.43 - - [05/Jan/2021:06:07:39 -0800] "GET /self.logs/access.log.2018-12-21.gz HTTP/1.1" 200 21384 "-" "Mozilla/5.0 (Linux; Android 7.0;) AppleWebKit/537.36 (KHTML, like Gecko) Mobile Safari/537.36 (compatible; PetalBot;+https://aspiegel.com/petalbot)" 
196.188.179.94 - - [05/Jan/2021:05:28:52 -0800] "GET /Security-Data-Analysis/Lab_1/conn.log.zip HTTP/1.1" 206 49640418 "http://www.secrepo.com/" "Mozilla/5.0 (Windows NT 6.3; Win64; x64; rv:77.0) Gecko/20100101 Firefox/77.0" 
196.188.179.94 - - [05/Jan/2021:05:28:52 -0800] "GET /Security-Data-Analysis/Lab_1/conn.log.zip HTTP/1.1" 206 49344418 "http://www.secrepo.com/" "Mozilla/5.0 (Windows NT 6.3; Win64; x64; rv:77.0) Gecko/20100101 Firefox/77.0" 
196.188.179.94 - - [05/Jan/2021:05:28:49 -0800] "GET /Security-Data-Analysis/Lab_1/conn.log.zip HTTP/1.1" 206 49723137 "http://www.secrepo.com/" "Mozilla/5.0 (Windows NT 6.3; Win64; x64; rv:77.0) Gecko/20100101 Firefox/77.0" 
196.188.179.94 - - [05/Jan/2021:05:28:52 -0800] "GET /Security-Data-Analysis/Lab_1/conn.log.zip HTTP/1.1" 206 51520417 "http://www.secrepo.com/" "Mozilla/5.0 (Windows NT 6.3; Win64; x64; rv:77.0) Gecko/20100101 Firefox/77.0" 
196.188.179.94 - - [05/Jan/2021:06:08:23 -0800] "GET /Security-Data-Analysis/Lab_1/conn.log.zip HTTP/1.1" 206 1264414 "http://www.secrepo.com/" "Mozilla/5.0 (Windows NT 6.3; Win64; x64; rv:77.0) Gecko/20100101 Firefox/77.0" 
196.188.179.94 - - [05/Jan/2021:05:28:49 -0800] "GET /Security-Data-Analysis/Lab_1/conn.log.zip HTTP/1.1" 206 51952418 "http://www.secrepo.com/" "Mozilla/5.0 (Windows NT 6.3; Win64; x64; rv:77.0) Gecko/20100101 Firefox/77.0" 
196.188.179.94 - - [05/Jan/2021:06:08:50 -0800] "GET /Security-Data-Analysis/Lab_1/conn.log.zip HTTP/1.1" 206 847217 "http://www.secrepo.com/" "Mozilla/5.0 (Windows NT 6.3; Win64; x64; rv:77.0) Gecko/20100101 Firefox/77.0" 
196.188.179.94 - - [05/Jan/2021:06:09:41 -0800] "GET /Security-Data-Analysis/Lab_1/conn.log.zip HTTP/1.1" 206 156480 "http://www.secrepo.com/" "Mozilla/5.0 (Windows NT 6.3; Win64; x64; rv:77.0) Gecko/20100101 Firefox/77.0" 
196.188.179.94 - - [05/Jan/2021:06:09:41 -0800] "GET /Security-Data-Analysis/Lab_1/conn.log.zip HTTP/1.1" 206 233999 "http://www.secrepo.com/" "Mozilla/5.0 (Windows NT 6.3; Win64; x64; rv:77.0) Gecko/20100101 Firefox/77.0" 
196.188.179.94 - - [05/Jan/2021:06:09:43 -0800] "GET /Security-Data-Analysis/Lab_1/conn.log.zip HTTP/1.1" 206 138416 "http://www.secrepo.com/" "Mozilla/5.0 (Windows NT 6.3; Win64; x64; rv:77.0) Gecko/20100101 Firefox/77.0" 
196.188.179.94 - - [05/Jan/2021:06:09:32 -0800] "GET /Security-Data-Analysis/Lab_1/conn.log.zip HTTP/1.1" 206 370800 "http://www.secrepo.com/" "Mozilla/5.0 (Windows NT 6.3; Win64; x64; rv:77.0) Gecko/20100101 Firefox/77.0" 
196.188.179.94 - - [05/Jan/2021:06:09:50 -0800] "GET /Security-Data-Analysis/Lab_1/conn.log.zip HTTP/1.1" 206 55200 "http://www.secrepo.com/" "Mozilla/5.0 (Windows NT 6.3; Win64; x64; rv:77.0) Gecko/20100101 Firefox/77.0" 
196.188.179.94 - - [05/Jan/2021:06:07:34 -0800] "GET /Security-Data-Analysis/Lab_1/conn.log.zip HTTP/1.1" 206 2624417 "http://www.secrepo.com/" "Mozilla/5.0 (Windows NT 6.3; Win64; x64; rv:77.0) Gecko/20100101 Firefox/77.0" 
196.188.179.94 - - [05/Jan/2021:06:09:51 -0800] "GET /Security-Data-Analysis/Lab_1/conn.log.zip HTTP/1.1" 206 35486 "http://www.secrepo.com/" "Mozilla/5.0 (Windows NT 6.3; Win64; x64; rv:77.0) Gecko/20100101 Firefox/77.0" 
196.188.179.94 - - [05/Jan/2021:05:28:52 -0800] "GET /Security-Data-Analysis/Lab_1/conn.log.zip HTTP/1.1" 206 50016417 "http://www.secrepo.com/" "Mozilla/5.0 (Windows NT 6.3; Win64; x64; rv:77.0) Gecko/20100101 Firefox/77.0" 
196.188.179.94 - - [05/Jan/2021:06:09:52 -0800] "GET /Security-Data-Analysis/Lab_1/conn.log.zip HTTP/1.1" 206 28733 "http://www.secrepo.com/" "Mozilla/5.0 (Windows NT 6.3; Win64; x64; rv:77.0) Gecko/20100101 Firefox/77.0" 
196.188.179.94 - - [05/Jan/2021:06:09:52 -0800] "GET /Security-Data-Analysis/Lab_1/conn.log.zip HTTP/1.1" 206 45389 "http://www.secrepo.com/" "Mozilla/5.0 (Windows NT 6.3; Win64; x64; rv:77.0) Gecko/20100101 Firefox/77.0" 
196.188.179.94 - - [05/Jan/2021:05:47:30 -0800] "GET /Security-Data-Analysis/Lab_1/conn.log.zip HTTP/1.1" 206 25560417 "http://www.secrepo.com/" "Mozilla/5.0 (Windows NT 6.3; Win64; x64; rv:77.0) Gecko/20100101 Firefox/77.0" 
196.188.179.94 - - [05/Jan/2021:06:09:53 -0800] "GET /Security-Data-Analysis/Lab_1/conn.log.zip HTTP/1.1" 206 17139 "http://www.secrepo.com/" "Mozilla/5.0 (Windows NT 6.3; Win64; x64; rv:77.0) Gecko/20100101 Firefox/77.0" 
196.188.179.94 - - [05/Jan/2021:06:09:53 -0800] "GET /Security-Data-Analysis/Lab_1/conn.log.zip HTTP/1.1" 206 15446 "http://www.secrepo.com/" "Mozilla/5.0 (Windows NT 6.3; Win64; x64; rv:77.0) Gecko/20100101 Firefox/77.0" 
196.188.179.94 - - [05/Jan/2021:06:09:50 -0800] "GET /Security-Data-Analysis/Lab_1/conn.log.zip HTTP/1.1" 206 75776 "http://www.secrepo.com/" "Mozilla/5.0 (Windows NT 6.3; Win64; x64; rv:77.0) Gecko/20100101 Firefox/77.0" 
114.119.159.101 - - [05/Jan/2021:06:12:42 -0800] "GET /self.logs/error.log.2018-04-15.gz HTTP/1.1" 200 4956 "-" "Mozilla/5.0 (Linux; Android 7.0;) AppleWebKit/537.36 (KHTML, like Gecko) Mobile Safari/537.36 (compatible; PetalBot;+https://aspiegel.com/petalbot)" 
13.66.139.117 - - [05/Jan/2021:06:16:31 -0800] "GET /self.logs/access.log.2020-06-25.gz HTTP/1.1" 200 19940 "-" "Mozilla/5.0 (compatible; bingbot/2.0; +http://www.bing.com/bingbot.htm)" 
114.119.159.101 - - [05/Jan/2021:06:17:45 -0800] "GET /self.logs/2015/access.log.2015-07-08.gz HTTP/1.1" 200 4782 "-" "Mozilla/5.0 (Linux; Android 7.0;) AppleWebKit/537.36 (KHTML, like Gecko) Mobile Safari/537.36 (compatible; PetalBot;+https://aspiegel.com/petalbot)" 
13.66.139.39 - - [05/Jan/2021:06:19:12 -0800] "GET /self.logs/access.log.2020-10-07.gz HTTP/1.1" 200 15733 "-" "Mozilla/5.0 (compatible; bingbot/2.0; +http://www.bing.com/bingbot.htm)" 
114.119.159.40 - - [05/Jan/2021:06:22:48 -0800] "GET /maccdc2012/ftp.log.gz HTTP/1.1" 200 127761 "-" "Mozilla/5.0 (Linux; Android 7.0;) AppleWebKit/537.36 (KHTML, like Gecko) Mobile Safari/537.36 (compatible; PetalBot;+https://aspiegel.com/petalbot)" 
114.119.129.244 - - [05/Jan/2021:06:27:51 -0800] "GET /self.logs/2015?C=S%3BO%3DA HTTP/1.1" 301 597 "-" "Mozilla/5.0 (Linux; Android 7.0;) AppleWebKit/537.36 (KHTML, like Gecko) Mobile Safari/537.36 (compatible; PetalBot;+https://aspiegel.com/petalbot)" 
114.119.129.244 - - [05/Jan/2021:06:27:51 -0800] "GET /self.logs/2015/?C=S%3BO%3DA HTTP/1.1" 200 7598 "-" "Mozilla/5.0 (Linux; Android 7.0;) AppleWebKit/537.36 (KHTML, like Gecko) Mobile Safari/537.36 (compatible; PetalBot;+https://aspiegel.com/petalbot)" 
123.183.224.3 - - [05/Jan/2021:06:30:21 -0800] "GET / HTTP/1.1" 301 438 "-" "Sogou web spider/4.0(+http://www.sogou.com/docs/help/webmasters.htm#07)" 
123.183.224.3 - - [05/Jan/2021:06:31:27 -0800] "GET / HTTP/1.1" 200 12846 "-" "Sogou web spider/4.0(+http://www.sogou.com/docs/help/webmasters.htm#07)" 
114.119.142.135 - - [05/Jan/2021:06:32:53 -0800] "GET /self.logs/error.log.2018-03-13.gz HTTP/1.1" 200 6211 "-" "Mozilla/5.0 (Linux; Android 7.0;) AppleWebKit/537.36 (KHTML, like Gecko) Mobile Safari/537.36 (compatible; PetalBot;+https://aspiegel.com/petalbot)" 
114.119.141.53 - - [05/Jan/2021:06:37:55 -0800] "GET /self.logs/access.log.2018-03-23.gz HTTP/1.1" 200 16503 "-" "Mozilla/5.0 (Linux; Android 7.0;) AppleWebKit/537.36 (KHTML, like Gecko) Mobile Safari/537.36 (compatible; PetalBot;+https://aspiegel.com/petalbot)" 
114.119.150.248 - - [05/Jan/2021:06:42:57 -0800] "GET /self.logs/access.log.2017-09-11.gz HTTP/1.1" 200 34473 "-" "Mozilla/5.0 (Linux; Android 7.0;) AppleWebKit/537.36 (KHTML, like Gecko) Mobile Safari/537.36 (compatible; PetalBot;+https://aspiegel.com/petalbot)" 
162.241.148.253 - - [05/Jan/2021:06:45:45 -0800] "HEAD / HTTP/1.1" 200 359 "https://www.ilovephd.com" "Mozilla/5.0 (Windows NT 10.0; Win64; x64) AppleWebKit/537.36 (KHTML, like Gecko) Chrome/70.0.3538.102 Safari/537.36" 
114.119.141.53 - - [05/Jan/2021:06:47:59 -0800] "GET /self.logs/access.log.2017-12-07.gz HTTP/1.1" 200 57758 "-" "Mozilla/5.0 (Linux; Android 7.0;) AppleWebKit/537.36 (KHTML, like Gecko) Mobile Safari/537.36 (compatible; PetalBot;+https://aspiegel.com/petalbot)" 
13.66.139.39 - - [05/Jan/2021:06:49:05 -0800] "GET /self.logs/access.log.2020-10-30.gz HTTP/1.1" 200 55128 "-" "Mozilla/5.0 (compatible; bingbot/2.0; +http://www.bing.com/bingbot.htm)" 
114.119.140.84 - - [05/Jan/2021:06:53:01 -0800] "GET /self.logs/access.log.2020-01-22.gz HTTP/1.1" 200 15510 "-" "Mozilla/5.0 (Linux; Android 7.0;) AppleWebKit/537.36 (KHTML, like Gecko) Mobile Safari/537.36 (compatible; PetalBot;+https://aspiegel.com/petalbot)" 
17.58.96.153 - - [05/Jan/2021:06:53:09 -0800] "GET /self.logs/error.log.2020-02-20 HTTP/1.1" 200 307 "-" "Mozilla/5.0 (Macintosh; Intel Mac OS X 10_15_5) AppleWebKit/605.1.15 (KHTML, like Gecko) Version/13.1.1 Safari/605.1.15 (Applebot/0.1; +http://www.apple.com/go/applebot)" 
13.66.139.117 - - [05/Jan/2021:07:02:15 -0800] "GET /self.logs/access.log.2020-10-26.gz HTTP/1.1" 200 12172 "-" "Mozilla/5.0 (compatible; bingbot/2.0; +http://www.bing.com/bingbot.htm)" 
114.119.130.95 - - [05/Jan/2021:07:03:30 -0800] "GET /self.logs/access.log.2019-12-31.gz HTTP/1.1" 200 18739 "-" "Mozilla/5.0 (Linux; Android 7.0;) AppleWebKit/537.36 (KHTML, like Gecko) Mobile Safari/537.36 (compatible; PetalBot;+https://aspiegel.com/petalbot)" 
207.46.13.173 - - [05/Jan/2021:07:05:55 -0800] "GET /self.logs/2016/access.log.2016-07-06.gz HTTP/1.1" 304 280 "-" "Mozilla/5.0 (compatible; bingbot/2.0; +http://www.bing.com/bingbot.htm)" 
114.119.140.84 - - [05/Jan/2021:07:09:54 -0800] "GET /self.logs/access.log.2017-06-13.gz HTTP/1.1" 200 20879 "-" "Mozilla/5.0 (Linux; Android 7.0;) AppleWebKit/537.36 (KHTML, like Gecko) Mobile Safari/537.36 (compatible; PetalBot;+https://aspiegel.com/petalbot)" 
165.227.178.131 - - [05/Jan/2021:07:15:36 -0800] "GET / HTTP/1.1" 200 12883 "-" "Mozilla/5.0 (Macintosh; Intel Mac OS X 10_14_4) AppleWebKit/537.36 (KHTML, like Gecko) Chrome/73.0.3683.103 Safari/537.36" 
165.227.178.131 - - [05/Jan/2021:07:15:36 -0800] "GET /css/style.css HTTP/1.1" 404 305 "http://www.secrepo.com/" "Mozilla/5.0 (Macintosh; Intel Mac OS X 10_14_4) AppleWebKit/537.36 (KHTML, like Gecko) Chrome/73.0.3683.103 Safari/537.36" 
165.227.178.131 - - [05/Jan/2021:07:15:36 -0800] "GET /twitter-icon.png HTTP/1.1" 200 27893 "http://www.secrepo.com/" "Mozilla/5.0 (Macintosh; Intel Mac OS X 10_14_4) AppleWebKit/537.36 (KHTML, like Gecko) Chrome/73.0.3683.103 Safari/537.36" 
165.227.178.131 - - [05/Jan/2021:07:15:36 -0800] "GET /GitHub-Mark.png HTTP/1.1" 200 7556 "http://www.secrepo.com/" "Mozilla/5.0 (Macintosh; Intel Mac OS X 10_14_4) AppleWebKit/537.36 (KHTML, like Gecko) Chrome/73.0.3683.103 Safari/537.36" 
114.119.155.228 - - [05/Jan/2021:07:19:57 -0800] "GET /self.logs/access.log.2017-12-04.gz HTTP/1.1" 200 24699 "-" "Mozilla/5.0 (Linux; Android 7.0;) AppleWebKit/537.36 (KHTML, like Gecko) Mobile Safari/537.36 (compatible; PetalBot;+https://aspiegel.com/petalbot)" 
13.66.139.71 - - [05/Jan/2021:07:23:25 -0800] "GET /auth.log/auth.log.gz HTTP/1.1" 200 615679 "-" "Mozilla/5.0 (compatible; bingbot/2.0; +http://www.bing.com/bingbot.htm)" 
114.119.129.244 - - [05/Jan/2021:07:25:01 -0800] "GET /self.logs/access.log.2020-09-12.gz HTTP/1.1" 200 10348 "-" "Mozilla/5.0 (Linux; Android 7.0;) AppleWebKit/537.36 (KHTML, like Gecko) Mobile Safari/537.36 (compatible; PetalBot;+https://aspiegel.com/petalbot)" 
114.119.141.53 - - [05/Jan/2021:07:30:04 -0800] "GET /self.logs/2015/error.log.2015-06-18.gz HTTP/1.1" 200 770 "-" "Mozilla/5.0 (Linux; Android 7.0;) AppleWebKit/537.36 (KHTML, like Gecko) Mobile Safari/537.36 (compatible; PetalBot;+https://aspiegel.com/petalbot)" 
117.83.130.188 - - [05/Jan/2021:07:32:05 -0800] "GET /favicon.ico HTTP/1.1" 200 391 "-" "Mozilla/5.0 (Windows NT 10.0; WOW64) AppleWebKit/537.36 (KHTML, like Gecko) Chrome/78.0.3904.108 Safari/537.36" 
17.58.96.153 - - [05/Jan/2021:07:33:03 -0800] "GET /self.logs/error.log.2020-03-06 HTTP/1.1" 200 307 "-" "Mozilla/5.0 (Macintosh; Intel Mac OS X 10_15_5) AppleWebKit/605.1.15 (KHTML, like Gecko) Version/13.1.1 Safari/605.1.15 (Applebot/0.1; +http://www.apple.com/go/applebot)" 
114.119.150.248 - - [05/Jan/2021:07:35:07 -0800] "GET /self.logs/error.log.2019-01-22.gz HTTP/1.1" 200 3827 "-" "Mozilla/5.0 (Linux; Android 7.0;) AppleWebKit/537.36 (KHTML, like Gecko) Mobile Safari/537.36 (compatible; PetalBot;+https://aspiegel.com/petalbot)" 
91.242.162.34 - - [05/Jan/2021:07:38:54 -0800] "GET /robots.txt HTTP/1.1" 200 340 "-" "Mozilla/5.0 (compatible; Qwantify/2.4w; +https://www.qwant.com/)" 
91.242.162.34 - - [05/Jan/2021:07:38:54 -0800] "GET /maccdc2012/maccdc2012_fast_alert.7z HTTP/1.1" 200 55480 "-" "Mozilla/5.0 (compatible; Qwantify/2.4w; +https://www.qwant.com/)" 
66.249.64.153 - - [05/Jan/2021:07:39:05 -0800] "GET /Datasets%20Description/HTML_Bro_log_2/app_stats.html HTTP/1.1" 200 1590 "-" "Mozilla/5.0 (compatible; Googlebot/2.1; +http://www.google.com/bot.html)" 
114.119.155.228 - - [05/Jan/2021:07:40:12 -0800] "GET /self.logs/error.log.2017-07-14.gz HTTP/1.1" 200 1029 "-" "Mozilla/5.0 (Linux; Android 7.0;) AppleWebKit/537.36 (KHTML, like Gecko) Mobile Safari/537.36 (compatible; PetalBot;+https://aspiegel.com/petalbot)" 
114.119.140.84 - - [05/Jan/2021:07:45:13 -0800] "GET /self.logs/access.log.2020-12-06.gz HTTP/1.1" 200 12192 "-" "Mozilla/5.0 (Linux; Android 7.0;) AppleWebKit/537.36 (KHTML, like Gecko) Mobile Safari/537.36 (compatible; PetalBot;+https://aspiegel.com/petalbot)" 
114.119.141.53 - - [05/Jan/2021:07:50:17 -0800] "GET /Datasets%20Description/HTML_Bro_log_1?C=N%3BO%3DD HTTP/1.1" 301 643 "-" "Mozilla/5.0 (Linux; Android 7.0;) AppleWebKit/537.36 (KHTML, like Gecko) Mobile Safari/537.36 (compatible; PetalBot;+https://aspiegel.com/petalbot)" 
114.119.141.53 - - [05/Jan/2021:07:50:17 -0800] "GET /Datasets%20Description/HTML_Bro_log_1/?C=N%3BO%3DD HTTP/1.1" 200 811 "-" "Mozilla/5.0 (Linux; Android 7.0;) AppleWebKit/537.36 (KHTML, like Gecko) Mobile Safari/537.36 (compatible; PetalBot;+https://aspiegel.com/petalbot)" 
207.46.13.162 - - [05/Jan/2021:07:52:37 -0800] "GET /auth.log/auth.log.gz HTTP/1.1" 304 281 "-" "Mozilla/5.0 (compatible; bingbot/2.0; +http://www.bing.com/bingbot.htm)" 
114.119.140.84 - - [05/Jan/2021:07:55:20 -0800] "GET /self.logs/error.log.2019-01-30.gz HTTP/1.1" 200 7191 "-" "Mozilla/5.0 (Linux; Android 7.0;) AppleWebKit/537.36 (KHTML, like Gecko) Mobile Safari/537.36 (compatible; PetalBot;+https://aspiegel.com/petalbot)" 
13.66.139.117 - - [05/Jan/2021:07:58:29 -0800] "GET /self.logs/access.log.2020-11-09.gz HTTP/1.1" 200 20910 "-" "Mozilla/5.0 (compatible; bingbot/2.0; +http://www.bing.com/bingbot.htm)" 
46.118.228.242 - - [05/Jan/2021:07:58:50 -0800] "GET / HTTP/1.1" 200 48020 "https://infobanks.ru/" "Mozilla/4.0 (compatible; MSIE 7.0; Windows NT 5.1; SV1; .NET CLR 2.0.50727)" 
114.119.159.101 - - [05/Jan/2021:08:00:22 -0800] "GET /self.logs/access.log.2019-04-15.gz HTTP/1.1" 200 32191 "-" "Mozilla/5.0 (Linux; Android 7.0;) AppleWebKit/537.36 (KHTML, like Gecko) Mobile Safari/537.36 (compatible; PetalBot;+https://aspiegel.com/petalbot)" 
93.19.158.130 - - [05/Jan/2021:08:00:29 -0800] "GET /robots.txt HTTP/1.1" 200 377 "-" "Mozilla/5.0 (X11; Linux x86_64) AppleWebKit/537.36 (KHTML, like Gecko) Chrome/87.0.4280.88 Safari/537.36" 
93.19.158.130 - - [05/Jan/2021:08:00:29 -0800] "GET / HTTP/1.1" 200 12883 "-" "Mozilla/5.0 (X11; Linux x86_64) AppleWebKit/537.36 (KHTML, like Gecko) Chrome/87.0.4280.88 Safari/537.36" 
93.19.158.130 - - [05/Jan/2021:08:00:29 -0800] "GET /css/style.css HTTP/1.1" 404 305 "http://www.secrepo.com/" "Mozilla/5.0 (X11; Linux x86_64) AppleWebKit/537.36 (KHTML, like Gecko) Chrome/87.0.4280.88 Safari/537.36" 
93.19.158.130 - - [05/Jan/2021:08:00:29 -0800] "GET /twitter-icon.png HTTP/1.1" 200 27893 "http://www.secrepo.com/" "Mozilla/5.0 (X11; Linux x86_64) AppleWebKit/537.36 (KHTML, like Gecko) Chrome/87.0.4280.88 Safari/537.36" 
93.19.158.130 - - [05/Jan/2021:08:00:29 -0800] "GET /GitHub-Mark.png HTTP/1.1" 200 7533 "http://www.secrepo.com/" "Mozilla/5.0 (X11; Linux x86_64) AppleWebKit/537.36 (KHTML, like Gecko) Chrome/87.0.4280.88 Safari/537.36" 
93.19.158.130 - - [05/Jan/2021:08:00:29 -0800] "GET /bootstrap/img/favicon.ico HTTP/1.1" 200 690 "http://www.secrepo.com/" "Mozilla/5.0 (X11; Linux x86_64) AppleWebKit/537.36 (KHTML, like Gecko) Chrome/87.0.4280.88 Safari/537.36" 
122.96.129.42 - - [05/Jan/2021:08:00:33 -0800] "GET /favicon.ico HTTP/1.1" 200 391 "-" "Mozilla/5.0 (Windows NT 10.0; WOW64) AppleWebKit/537.36 (KHTML, like Gecko) Chrome/86.0.4240.198 Safari/537.36" 
34.227.82.208 - - [05/Jan/2021:08:01:46 -0800] "GET / HTTP/1.1" 200 12839 "-" "Mozilla/5.0 (compatible; startmebot/1.0; +https://start.me/bot)" 
93.19.158.130 - - [05/Jan/2021:08:04:19 -0800] "GET /Datasets%20Description/Network/ftp.html HTTP/1.1" 200 1530 "http://www.secrepo.com/" "Mozilla/5.0 (X11; Linux x86_64) AppleWebKit/537.36 (KHTML, like Gecko) Chrome/87.0.4280.88 Safari/537.36" 
93.19.158.130 - - [05/Jan/2021:08:04:19 -0800] "GET /favicon.ico HTTP/1.1" 200 368 "http://www.secrepo.com/Datasets%20Description/Network/ftp.html" "Mozilla/5.0 (X11; Linux x86_64) AppleWebKit/537.36 (KHTML, like Gecko) Chrome/87.0.4280.88 Safari/537.36" 
93.19.158.130 - - [05/Jan/2021:08:05:01 -0800] "GET /self.logs/ HTTP/1.1" 200 26843 "http://www.secrepo.com/" "Mozilla/5.0 (X11; Linux x86_64) AppleWebKit/537.36 (KHTML, like Gecko) Chrome/87.0.4280.88 Safari/537.36" 
114.119.140.84 - - [05/Jan/2021:08:05:25 -0800] "GET /self.logs/access.log.2018-03-06.gz HTTP/1.1" 200 23986 "-" "Mozilla/5.0 (Linux; Android 7.0;) AppleWebKit/537.36 (KHTML, like Gecko) Mobile Safari/537.36 (compatible; PetalBot;+https://aspiegel.com/petalbot)" 
93.19.158.130 - - [05/Jan/2021:08:05:26 -0800] "GET /css/style.css HTTP/1.1" 404 328 "http://www.secrepo.com/" "Mozilla/5.0 (X11; Linux x86_64) AppleWebKit/537.36 (KHTML, like Gecko) Chrome/87.0.4280.88 Safari/537.36" 
93.19.158.130 - - [05/Jan/2021:08:05:02 -0800] "GET /squid/access.log.gz HTTP/1.1" 200 23100648 "http://www.secrepo.com/" "Mozilla/5.0 (X11; Linux x86_64) AppleWebKit/537.36 (KHTML, like Gecko) Chrome/87.0.4280.88 Safari/537.36" 
93.19.158.130 - - [05/Jan/2021:08:06:37 -0800] "GET /self.logs/access.log.2017-01-01.gz HTTP/1.1" 200 17678 "http://www.secrepo.com/self.logs/" "Mozilla/5.0 (X11; Linux x86_64) AppleWebKit/537.36 (KHTML, like Gecko) Chrome/87.0.4280.88 Safari/537.36" 
93.19.158.130 - - [05/Jan/2021:08:08:36 -0800] "GET /honeypot/BSidesDFW%20-%202014.ipynb HTTP/1.1" 200 930921 "http://www.secrepo.com/" "Mozilla/5.0 (X11; Linux x86_64) AppleWebKit/537.36 (KHTML, like Gecko) Chrome/87.0.4280.88 Safari/537.36" 
93.19.158.130 - - [05/Jan/2021:08:08:32 -0800] "GET /honeypot/honeypot.json.zip HTTP/1.1" 200 23086087 "http://www.secrepo.com/" "Mozilla/5.0 (X11; Linux x86_64) AppleWebKit/537.36 (KHTML, like Gecko) Chrome/87.0.4280.88 Safari/537.36" 
13.66.139.71 - - [05/Jan/2021:08:08:50 -0800] "GET /self.logs/access.log.2020-11-15.gz HTTP/1.1" 200 30852 "-" "Mozilla/5.0 (compatible; bingbot/2.0; +http://www.bing.com/bingbot.htm)" 
114.119.159.101 - - [05/Jan/2021:08:10:28 -0800] "GET /self.logs/error.log.2017-04-04.gz HTTP/1.1" 200 3942 "-" "Mozilla/5.0 (Linux; Android 7.0;) AppleWebKit/537.36 (KHTML, like Gecko) Mobile Safari/537.36 (compatible; PetalBot;+https://aspiegel.com/petalbot)" 
93.19.158.130 - - [05/Jan/2021:08:08:22 -0800] "GET /Security-Data-Analysis/Lab_1/conn.log.zip HTTP/1.1" 200 547221542 "http://www.secrepo.com/" "Mozilla/5.0 (X11; Linux x86_64) AppleWebKit/537.36 (KHTML, like Gecko) Chrome/87.0.4280.88 Safari/537.36" 
114.119.159.40 - - [05/Jan/2021:08:15:31 -0800] "GET /self.logs/error.log.2020-04-13.gz HTTP/1.1" 200 1224 "-" "Mozilla/5.0 (Linux; Android 7.0;) AppleWebKit/537.36 (KHTML, like Gecko) Mobile Safari/537.36 (compatible; PetalBot;+https://aspiegel.com/petalbot)" 
93.19.158.130 - - [05/Jan/2021:08:15:10 -0800] "GET /Security-Data-Analysis/Lab_2/http.log.zip HTTP/1.1" 200 53279579 "-" "Mozilla/5.0 (X11; Linux x86_64) AppleWebKit/537.36 (KHTML, like Gecko) Chrome/87.0.4280.88 Safari/537.36" 
17.58.96.153 - - [05/Jan/2021:08:16:37 -0800] "GET /self.logs/error.log.2020-03-10 HTTP/1.1" 200 307 "-" "Mozilla/5.0 (Macintosh; Intel Mac OS X 10_15_5) AppleWebKit/605.1.15 (KHTML, like Gecko) Version/13.1.1 Safari/605.1.15 (Applebot/0.1; +http://www.apple.com/go/applebot)" 
17.58.96.153 - - [05/Jan/2021:08:17:41 -0800] "GET /self.logs/error.log.2020-03-05 HTTP/1.1" 200 307 "-" "Mozilla/5.0 (Macintosh; Intel Mac OS X 10_15_5) AppleWebKit/605.1.15 (KHTML, like Gecko) Version/13.1.1 Safari/605.1.15 (Applebot/0.1; +http://www.apple.com/go/applebot)" 
114.119.129.244 - - [05/Jan/2021:08:20:35 -0800] "GET /self.logs/2015/access.log.2015-03-24.gz HTTP/1.1" 200 5050 "-" "Mozilla/5.0 (Linux; Android 7.0;) AppleWebKit/537.36 (KHTML, like Gecko) Mobile Safari/537.36 (compatible; PetalBot;+https://aspiegel.com/petalbot)" 
13.66.139.71 - - [05/Jan/2021:08:24:22 -0800] "GET /self.logs/access.log.2020-11-16.gz HTTP/1.1" 200 11662 "-" "Mozilla/5.0 (compatible; bingbot/2.0; +http://www.bing.com/bingbot.htm)" 
114.119.157.43 - - [05/Jan/2021:08:25:38 -0800] "GET /self.logs/error.log.2018-03-03.gz HTTP/1.1" 200 3317 "-" "Mozilla/5.0 (Linux; Android 7.0;) AppleWebKit/537.36 (KHTML, like Gecko) Mobile Safari/537.36 (compatible; PetalBot;+https://aspiegel.com/petalbot)" 
142.68.59.137 - - [05/Jan/2021:08:26:45 -0800] "GET / HTTP/1.1" 200 12883 "-" "Mozilla/5.0 (Macintosh; Intel Mac OS X 10_15_7) AppleWebKit/605.1.15 (KHTML, like Gecko)" 
142.68.59.137 - - [05/Jan/2021:08:26:45 -0800] "GET /apple-touch-icon-precomposed.png HTTP/1.1" 404 328 "-" "Safari/15610.1.28.1.9 CFNetwork/1128.0.1 Darwin/19.6.0 (x86_64)" 
142.68.59.137 - - [05/Jan/2021:08:26:45 -0800] "GET /apple-touch-icon.png HTTP/1.1" 404 305 "-" "Safari/15610.1.28.1.9 CFNetwork/1128.0.1 Darwin/19.6.0 (x86_64)" 
142.68.59.137 - - [05/Jan/2021:08:26:45 -0800] "GET /bootstrap/img/favicon.ico HTTP/1.1" 200 690 "-" "Safari/15610.1.28.1.9 CFNetwork/1128.0.1 Darwin/19.6.0 (x86_64)" 
142.68.59.137 - - [05/Jan/2021:08:26:45 -0800] "GET / HTTP/1.1" 200 12883 "-" "Mozilla/5.0 (iPhone; CPU iPhone OS 13_1_3 like Mac OS X) AppleWebKit/605.1.15 (KHTML, like Gecko) Version/13.0.1 Mobile/15E148 Safari/604.1" 
142.68.59.137 - - [05/Jan/2021:08:26:46 -0800] "GET /apple-touch-icon-precomposed.png HTTP/1.1" 404 305 "-" "Safari/15610.1.28.1.9 CFNetwork/1128.0.1 Darwin/19.6.0 (x86_64)" 
142.68.59.137 - - [05/Jan/2021:08:26:46 -0800] "GET /apple-touch-icon.png HTTP/1.1" 404 305 "-" "Safari/15610.1.28.1.9 CFNetwork/1128.0.1 Darwin/19.6.0 (x86_64)" 
114.119.157.43 - - [05/Jan/2021:08:30:41 -0800] "GET /self.logs/2015/access.log.2015-11-05.gz HTTP/1.1" 200 8577 "-" "Mozilla/5.0 (Linux; Android 7.0;) AppleWebKit/537.36 (KHTML, like Gecko) Mobile Safari/537.36 (compatible; PetalBot;+https://aspiegel.com/petalbot)" 
114.119.159.101 - - [05/Jan/2021:08:35:44 -0800] "GET /self.logs/access.log.2020-10-17.gz HTTP/1.1" 200 18897 "-" "Mozilla/5.0 (Linux; Android 7.0;) AppleWebKit/537.36 (KHTML, like Gecko) Mobile Safari/537.36 (compatible; PetalBot;+https://aspiegel.com/petalbot)" 
114.119.155.228 - - [05/Jan/2021:08:40:47 -0800] "GET /self.logs/error.log.2019-11-07.gz HTTP/1.1" 200 1572 "-" "Mozilla/5.0 (Linux; Android 7.0;) AppleWebKit/537.36 (KHTML, like Gecko) Mobile Safari/537.36 (compatible; PetalBot;+https://aspiegel.com/petalbot)" 
114.119.166.88 - - [05/Jan/2021:08:45:49 -0800] "GET /self.logs/access.log.2020-02-06.gz HTTP/1.1" 200 15360 "-" "Mozilla/5.0 (Linux; Android 7.0;) AppleWebKit/537.36 (KHTML, like Gecko) Mobile Safari/537.36 (compatible; PetalBot;+https://aspiegel.com/petalbot)" 
103.131.71.217 - - [05/Jan/2021:08:48:35 -0800] "GET /robots.txt HTTP/1.1" 301 458 "-" "Mozilla/5.0 (compatible; coccocbot-image/1.0; +http://help.coccoc.com/searchengine)" 
103.131.71.217 - - [05/Jan/2021:08:48:38 -0800] "GET /robots.txt HTTP/1.1" 200 340 "-" "Mozilla/5.0 (compatible; coccocbot-image/1.0; +http://help.coccoc.com/searchengine)" 
165.227.178.120 - - [05/Jan/2021:08:49:58 -0800] "GET / HTTP/1.1" 200 12884 "-" "Mozilla/5.0 (Macintosh; Intel Mac OS X 10_14_4) AppleWebKit/537.36 (KHTML, like Gecko) Chrome/73.0.3683.103 Safari/537.36" 
165.227.178.120 - - [05/Jan/2021:08:49:58 -0800] "GET /css/style.css HTTP/1.1" 404 305 "http://www.secrepo.com/" "Mozilla/5.0 (Macintosh; Intel Mac OS X 10_14_4) AppleWebKit/537.36 (KHTML, like Gecko) Chrome/73.0.3683.103 Safari/537.36" 
165.227.178.120 - - [05/Jan/2021:08:49:58 -0800] "GET /twitter-icon.png HTTP/1.1" 200 27893 "http://www.secrepo.com/" "Mozilla/5.0 (Macintosh; Intel Mac OS X 10_14_4) AppleWebKit/537.36 (KHTML, like Gecko) Chrome/73.0.3683.103 Safari/537.36" 
165.227.178.120 - - [05/Jan/2021:08:49:58 -0800] "GET /GitHub-Mark.png HTTP/1.1" 200 7556 "http://www.secrepo.com/" "Mozilla/5.0 (Macintosh; Intel Mac OS X 10_14_4) AppleWebKit/537.36 (KHTML, like Gecko) Chrome/73.0.3683.103 Safari/537.36" 
88.105.107.247 - - [05/Jan/2021:08:53:12 -0800] "GET / HTTP/1.1" 200 12884 "-" "Mozilla/5.0 (Macintosh; Intel Mac OS X 10_15_6) AppleWebKit/605.1.15 (KHTML, like Gecko)" 
88.105.107.247 - - [05/Jan/2021:08:53:12 -0800] "GET /css/style.css HTTP/1.1" 404 328 "http://www.secrepo.com/" "Mozilla/5.0 (Macintosh; Intel Mac OS X 10_15_6) AppleWebKit/605.1.15 (KHTML, like Gecko)" 
88.105.107.247 - - [05/Jan/2021:08:53:12 -0800] "GET /twitter-icon.png HTTP/1.1" 200 27893 "http://www.secrepo.com/" "Mozilla/5.0 (Macintosh; Intel Mac OS X 10_15_6) AppleWebKit/605.1.15 (KHTML, like Gecko)" 
88.105.107.247 - - [05/Jan/2021:08:53:12 -0800] "GET /GitHub-Mark.png HTTP/1.1" 200 7556 "http://www.secrepo.com/" "Mozilla/5.0 (Macintosh; Intel Mac OS X 10_15_6) AppleWebKit/605.1.15 (KHTML, like Gecko)" 
114.119.144.30 - - [05/Jan/2021:08:53:33 -0800] "GET /self.logs/error.log.2018-12-29.gz HTTP/1.1" 200 5084 "-" "Mozilla/5.0 (Linux; Android 7.0;) AppleWebKit/537.36 (KHTML, like Gecko) Mobile Safari/537.36 (compatible; PetalBot;+https://aspiegel.com/petalbot)" 
66.249.64.155 - - [05/Jan/2021:08:54:53 -0800] "GET /Datasets%20Description/HTML_Bro_log_2/packet_filter.html HTTP/1.1" 200 1725 "-" "Mozilla/5.0 (compatible; Googlebot/2.1; +http://www.google.com/bot.html)" 
114.119.150.248 - - [05/Jan/2021:08:59:00 -0800] "GET /self.logs/2015/access.log.2015-07-24.gz HTTP/1.1" 200 4201 "-" "Mozilla/5.0 (Linux; Android 7.0;) AppleWebKit/537.36 (KHTML, like Gecko) Mobile Safari/537.36 (compatible; PetalBot;+https://aspiegel.com/petalbot)" 
114.119.130.95 - - [05/Jan/2021:09:03:58 -0800] "GET /self.logs/access.log.2019-03-25.gz HTTP/1.1" 200 43370 "-" "Mozilla/5.0 (Linux; Android 7.0;) AppleWebKit/537.36 (KHTML, like Gecko) Mobile Safari/537.36 (compatible; PetalBot;+https://aspiegel.com/petalbot)" 
17.58.96.153 - - [05/Jan/2021:09:04:51 -0800] "GET /maccdc2012/maccdc2012_fast_alert.7z HTTP/1.1" 200 9478216 "-" "Mozilla/5.0 (Macintosh; Intel Mac OS X 10_15_5) AppleWebKit/605.1.15 (KHTML, like Gecko) Version/13.1.1 Safari/605.1.15 (Applebot/0.1; +http://www.apple.com/go/applebot)" 
17.58.96.153 - - [05/Jan/2021:09:07:56 -0800] "GET /self.logs/error.log.2020-02-27 HTTP/1.1" 200 307 "-" "Mozilla/5.0 (Macintosh; Intel Mac OS X 10_15_5) AppleWebKit/605.1.15 (KHTML, like Gecko) Version/13.1.1 Safari/605.1.15 (Applebot/0.1; +http://www.apple.com/go/applebot)" 
183.36.114.167 - - [05/Jan/2021:09:08:18 -0800] "GET /honeypot/BSidesDFW%20-%202014.ipynb HTTP/1.1" 200 417560 "http://www.sogou.com/web?query=site%3Awww.secrepo.com" "Mozilla/5.0 (Linux; Android 4.0; GT-I9300 Build/IMM76D) AppleWebKit/534.30 (KHTML, like Gecko) Chrome/59.0.3071.92" 
114.119.133.253 - - [05/Jan/2021:09:09:09 -0800] "GET /self.logs/access.log.2017-01-14.gz HTTP/1.1" 200 10857 "-" "Mozilla/5.0 (Linux; Android 7.0;) AppleWebKit/537.36 (KHTML, like Gecko) Mobile Safari/537.36 (compatible; PetalBot;+https://aspiegel.com/petalbot)" 
207.46.13.156 - - [05/Jan/2021:09:10:41 -0800] "GET /self.logs/2015/access.log.2015-03-24.gz HTTP/1.1" 304 280 "-" "Mozilla/5.0 (compatible; bingbot/2.0; +http://www.bing.com/bingbot.htm)" 
95.179.130.51 - - [05/Jan/2021:09:11:24 -0800] "GET /.env HTTP/1.1" 301 483 "-" "Mozilla/5.0 (X11; Ubuntu; Linux i686; rv:28.0) Gecko/20100101 Firefox/28.0" 
95.179.130.51 - - [05/Jan/2021:09:11:24 -0800] "GET /.env HTTP/1.1" 404 328 "-" "Mozilla/5.0 (X11; Ubuntu; Linux i686; rv:28.0) Gecko/20100101 Firefox/28.0" 
114.119.159.101 - - [05/Jan/2021:09:14:18 -0800] "GET /self.logs/error.log.2017-05-26.gz HTTP/1.1" 200 939 "-" "Mozilla/5.0 (Linux; Android 7.0;) AppleWebKit/537.36 (KHTML, like Gecko) Mobile Safari/537.36 (compatible; PetalBot;+https://aspiegel.com/petalbot)" 
114.119.157.50 - - [05/Jan/2021:09:19:29 -0800] "GET /self.logs/error.log.2018-04-23.gz HTTP/1.1" 200 4553 "-" "Mozilla/5.0 (Linux; Android 7.0;) AppleWebKit/537.36 (KHTML, like Gecko) Mobile Safari/537.36 (compatible; PetalBot;+https://aspiegel.com/petalbot)" 
114.119.129.244 - - [05/Jan/2021:09:24:38 -0800] "GET /self.logs/error.log.2020-06-01 HTTP/1.1" 200 351 "-" "Mozilla/5.0 (Linux; Android 7.0;) AppleWebKit/537.36 (KHTML, like Gecko) Mobile Safari/537.36 (compatible; PetalBot;+https://aspiegel.com/petalbot)" 
