142.4.116.225 - - [04/Jan/2020:10:44:08 -0800] "GET /HTML_Bro_log_2/editor/asp.net/upload_json.ashx?dir=image HTTP/1.1" 404 271 "http://www.secrepo.com/" "Mozilla/5.0 (Windows NT 6.1; Win64; x64) AppleWebKit/537.36 (KHTML, like Gecko) Chrome/73.0.3683.86 Safari/537.36" 
142.4.116.225 - - [04/Jan/2020:10:44:08 -0800] "GET /HTML_Bro_log_1/editor/asp.net/upload_json.ashx?dir=image HTTP/1.1" 404 271 "http://www.secrepo.com/" "Mozilla/5.0 (Windows NT 6.1; Win64; x64) AppleWebKit/537.36 (KHTML, like Gecko) Chrome/73.0.3683.86 Safari/537.36" 
142.4.116.225 - - [04/Jan/2020:10:44:08 -0800] "GET /Network/editor/asp.net/upload_json.ashx?dir=image HTTP/1.1" 404 271 "http://www.secrepo.com/" "Mozilla/5.0 (Windows NT 6.1; Win64; x64) AppleWebKit/537.36 (KHTML, like Gecko) Chrome/73.0.3683.86 Safari/537.36" 
142.4.116.225 - - [04/Jan/2020:10:44:08 -0800] "GET /editor/asp.net/upload_json.ashx?dir=image HTTP/1.1" 404 271 "http://www.secrepo.com/" "Mozilla/5.0 (Windows NT 6.1; Win64; x64) AppleWebKit/537.36 (KHTML, like Gecko) Chrome/73.0.3683.86 Safari/537.36" 
142.4.116.225 - - [04/Jan/2020:10:44:08 -0800] "GET /bootstrap/editor/upload_json.ashx?dir=image HTTP/1.1" 404 271 "http://www.secrepo.com/" "Mozilla/5.0 (Windows NT 6.1; Win64; x64) AppleWebKit/537.36 (KHTML, like Gecko) Chrome/73.0.3683.86 Safari/537.36" 
142.4.116.225 - - [04/Jan/2020:10:44:08 -0800] "GET /Lab_1/editor/upload_json.ashx?dir=image HTTP/1.1" 404 271 "http://www.secrepo.com/" "Mozilla/5.0 (Windows NT 6.1; Win64; x64) AppleWebKit/537.36 (KHTML, like Gecko) Chrome/73.0.3683.86 Safari/537.36" 
142.4.116.225 - - [04/Jan/2020:10:44:08 -0800] "GET /PE_malware/editor/upload_json.ashx?dir=image HTTP/1.1" 404 271 "http://www.secrepo.com/" "Mozilla/5.0 (Windows NT 6.1; Win64; x64) AppleWebKit/537.36 (KHTML, like Gecko) Chrome/73.0.3683.86 Safari/537.36" 
142.4.116.225 - - [04/Jan/2020:10:44:08 -0800] "GET /HTML_Bro_log_3/editor/upload_json.ashx?dir=image HTTP/1.1" 404 271 "http://www.secrepo.com/" "Mozilla/5.0 (Windows NT 6.1; Win64; x64) AppleWebKit/537.36 (KHTML, like Gecko) Chrome/73.0.3683.86 Safari/537.36" 
142.4.116.225 - - [04/Jan/2020:10:44:08 -0800] "GET /HTML_Bro_log_2/editor/upload_json.ashx?dir=image HTTP/1.1" 404 271 "http://www.secrepo.com/" "Mozilla/5.0 (Windows NT 6.1; Win64; x64) AppleWebKit/537.36 (KHTML, like Gecko) Chrome/73.0.3683.86 Safari/537.36" 
142.4.116.225 - - [04/Jan/2020:10:44:08 -0800] "GET /HTML_Bro_log_1/editor/upload_json.ashx?dir=image HTTP/1.1" 404 271 "http://www.secrepo.com/" "Mozilla/5.0 (Windows NT 6.1; Win64; x64) AppleWebKit/537.36 (KHTML, like Gecko) Chrome/73.0.3683.86 Safari/537.36" 
142.4.116.225 - - [04/Jan/2020:10:44:08 -0800] "GET /Network/editor/upload_json.ashx?dir=image HTTP/1.1" 404 271 "http://www.secrepo.com/" "Mozilla/5.0 (Windows NT 6.1; Win64; x64) AppleWebKit/537.36 (KHTML, like Gecko) Chrome/73.0.3683.86 Safari/537.36" 
142.4.116.225 - - [04/Jan/2020:10:44:08 -0800] "GET /editor/upload_json.ashx?dir=image HTTP/1.1" 404 271 "http://www.secrepo.com/" "Mozilla/5.0 (Windows NT 6.1; Win64; x64) AppleWebKit/537.36 (KHTML, like Gecko) Chrome/73.0.3683.86 Safari/537.36" 
142.4.116.225 - - [04/Jan/2020:10:44:09 -0800] "GET /bootstrap/kindeditor/upload_json.ashx?dir=image HTTP/1.1" 404 271 "http://www.secrepo.com/" "Mozilla/5.0 (Windows NT 6.1; Win64; x64) AppleWebKit/537.36 (KHTML, like Gecko) Chrome/73.0.3683.86 Safari/537.36" 
142.4.116.225 - - [04/Jan/2020:10:44:09 -0800] "GET /Lab_1/kindeditor/upload_json.ashx?dir=image HTTP/1.1" 404 271 "http://www.secrepo.com/" "Mozilla/5.0 (Windows NT 6.1; Win64; x64) AppleWebKit/537.36 (KHTML, like Gecko) Chrome/73.0.3683.86 Safari/537.36" 
142.4.116.225 - - [04/Jan/2020:10:44:09 -0800] "GET /PE_malware/kindeditor/upload_json.ashx?dir=image HTTP/1.1" 404 271 "http://www.secrepo.com/" "Mozilla/5.0 (Windows NT 6.1; Win64; x64) AppleWebKit/537.36 (KHTML, like Gecko) Chrome/73.0.3683.86 Safari/537.36" 
142.4.116.225 - - [04/Jan/2020:10:44:09 -0800] "GET /HTML_Bro_log_3/kindeditor/upload_json.ashx?dir=image HTTP/1.1" 404 271 "http://www.secrepo.com/" "Mozilla/5.0 (Windows NT 6.1; Win64; x64) AppleWebKit/537.36 (KHTML, like Gecko) Chrome/73.0.3683.86 Safari/537.36" 
142.4.116.225 - - [04/Jan/2020:10:44:09 -0800] "GET /HTML_Bro_log_2/kindeditor/upload_json.ashx?dir=image HTTP/1.1" 404 271 "http://www.secrepo.com/" "Mozilla/5.0 (Windows NT 6.1; Win64; x64) AppleWebKit/537.36 (KHTML, like Gecko) Chrome/73.0.3683.86 Safari/537.36" 
142.4.116.225 - - [04/Jan/2020:10:44:09 -0800] "GET /HTML_Bro_log_1/kindeditor/upload_json.ashx?dir=image HTTP/1.1" 404 271 "http://www.secrepo.com/" "Mozilla/5.0 (Windows NT 6.1; Win64; x64) AppleWebKit/537.36 (KHTML, like Gecko) Chrome/73.0.3683.86 Safari/537.36" 
142.4.116.225 - - [04/Jan/2020:10:44:09 -0800] "GET /Network/kindeditor/upload_json.ashx?dir=image HTTP/1.1" 404 271 "http://www.secrepo.com/" "Mozilla/5.0 (Windows NT 6.1; Win64; x64) AppleWebKit/537.36 (KHTML, like Gecko) Chrome/73.0.3683.86 Safari/537.36" 
142.4.116.225 - - [04/Jan/2020:10:44:09 -0800] "GET /kindeditor/upload_json.ashx?dir=image HTTP/1.1" 404 271 "http://www.secrepo.com/" "Mozilla/5.0 (Windows NT 6.1; Win64; x64) AppleWebKit/537.36 (KHTML, like Gecko) Chrome/73.0.3683.86 Safari/537.36" 
142.4.116.225 - - [04/Jan/2020:10:44:09 -0800] "GET /bootstrap/kindeditor/asp.net/upload_json.ashx?dir=image HTTP/1.1" 404 271 "http://www.secrepo.com/" "Mozilla/5.0 (Windows NT 6.1; Win64; x64) AppleWebKit/537.36 (KHTML, like Gecko) Chrome/73.0.3683.86 Safari/537.36" 
142.4.116.225 - - [04/Jan/2020:10:44:09 -0800] "GET /Lab_1/kindeditor/asp.net/upload_json.ashx?dir=image HTTP/1.1" 404 271 "http://www.secrepo.com/" "Mozilla/5.0 (Windows NT 6.1; Win64; x64) AppleWebKit/537.36 (KHTML, like Gecko) Chrome/73.0.3683.86 Safari/537.36" 
142.4.116.225 - - [04/Jan/2020:10:44:09 -0800] "GET /PE_malware/kindeditor/asp.net/upload_json.ashx?dir=image HTTP/1.1" 404 271 "http://www.secrepo.com/" "Mozilla/5.0 (Windows NT 6.1; Win64; x64) AppleWebKit/537.36 (KHTML, like Gecko) Chrome/73.0.3683.86 Safari/537.36" 
142.4.116.225 - - [04/Jan/2020:10:44:09 -0800] "GET /HTML_Bro_log_3/kindeditor/asp.net/upload_json.ashx?dir=image HTTP/1.1" 404 271 "http://www.secrepo.com/" "Mozilla/5.0 (Windows NT 6.1; Win64; x64) AppleWebKit/537.36 (KHTML, like Gecko) Chrome/73.0.3683.86 Safari/537.36" 
142.4.116.225 - - [04/Jan/2020:10:44:09 -0800] "GET /HTML_Bro_log_2/kindeditor/asp.net/upload_json.ashx?dir=image HTTP/1.1" 404 271 "http://www.secrepo.com/" "Mozilla/5.0 (Windows NT 6.1; Win64; x64) AppleWebKit/537.36 (KHTML, like Gecko) Chrome/73.0.3683.86 Safari/537.36" 
142.4.116.225 - - [04/Jan/2020:10:44:09 -0800] "GET /HTML_Bro_log_1/kindeditor/asp.net/upload_json.ashx?dir=image HTTP/1.1" 404 271 "http://www.secrepo.com/" "Mozilla/5.0 (Windows NT 6.1; Win64; x64) AppleWebKit/537.36 (KHTML, like Gecko) Chrome/73.0.3683.86 Safari/537.36" 
142.4.116.225 - - [04/Jan/2020:10:44:10 -0800] "GET /Network/kindeditor/asp.net/upload_json.ashx?dir=image HTTP/1.1" 404 271 "http://www.secrepo.com/" "Mozilla/5.0 (Windows NT 6.1; Win64; x64) AppleWebKit/537.36 (KHTML, like Gecko) Chrome/73.0.3683.86 Safari/537.36" 
142.4.116.225 - - [04/Jan/2020:10:44:10 -0800] "GET /kindeditor/asp.net/upload_json.ashx?dir=image HTTP/1.1" 404 271 "http://www.secrepo.com/" "Mozilla/5.0 (Windows NT 6.1; Win64; x64) AppleWebKit/537.36 (KHTML, like Gecko) Chrome/73.0.3683.86 Safari/537.36" 
142.4.116.225 - - [04/Jan/2020:10:44:10 -0800] "GET /bootstrap/admin/kindeditor/upload_json.ashx?dir=image HTTP/1.1" 404 271 "http://www.secrepo.com/" "Mozilla/5.0 (Windows NT 6.1; Win64; x64) AppleWebKit/537.36 (KHTML, like Gecko) Chrome/73.0.3683.86 Safari/537.36" 
142.4.116.225 - - [04/Jan/2020:10:44:10 -0800] "GET /Lab_1/admin/kindeditor/upload_json.ashx?dir=image HTTP/1.1" 404 271 "http://www.secrepo.com/" "Mozilla/5.0 (Windows NT 6.1; Win64; x64) AppleWebKit/537.36 (KHTML, like Gecko) Chrome/73.0.3683.86 Safari/537.36" 
142.4.116.225 - - [04/Jan/2020:10:44:10 -0800] "GET /PE_malware/admin/kindeditor/upload_json.ashx?dir=image HTTP/1.1" 404 271 "http://www.secrepo.com/" "Mozilla/5.0 (Windows NT 6.1; Win64; x64) AppleWebKit/537.36 (KHTML, like Gecko) Chrome/73.0.3683.86 Safari/537.36" 
142.4.116.225 - - [04/Jan/2020:10:44:10 -0800] "GET /HTML_Bro_log_3/admin/kindeditor/upload_json.ashx?dir=image HTTP/1.1" 404 271 "http://www.secrepo.com/" "Mozilla/5.0 (Windows NT 6.1; Win64; x64) AppleWebKit/537.36 (KHTML, like Gecko) Chrome/73.0.3683.86 Safari/537.36" 
142.4.116.225 - - [04/Jan/2020:10:44:10 -0800] "GET /HTML_Bro_log_2/admin/kindeditor/upload_json.ashx?dir=image HTTP/1.1" 404 271 "http://www.secrepo.com/" "Mozilla/5.0 (Windows NT 6.1; Win64; x64) AppleWebKit/537.36 (KHTML, like Gecko) Chrome/73.0.3683.86 Safari/537.36" 
142.4.116.225 - - [04/Jan/2020:10:44:10 -0800] "GET /HTML_Bro_log_1/admin/kindeditor/upload_json.ashx?dir=image HTTP/1.1" 404 271 "http://www.secrepo.com/" "Mozilla/5.0 (Windows NT 6.1; Win64; x64) AppleWebKit/537.36 (KHTML, like Gecko) Chrome/73.0.3683.86 Safari/537.36" 
142.4.116.225 - - [04/Jan/2020:10:44:10 -0800] "GET /Network/admin/kindeditor/upload_json.ashx?dir=image HTTP/1.1" 404 271 "http://www.secrepo.com/" "Mozilla/5.0 (Windows NT 6.1; Win64; x64) AppleWebKit/537.36 (KHTML, like Gecko) Chrome/73.0.3683.86 Safari/537.36" 
142.4.116.225 - - [04/Jan/2020:10:44:10 -0800] "GET /admin/kindeditor/upload_json.ashx?dir=image HTTP/1.1" 404 271 "http://www.secrepo.com/" "Mozilla/5.0 (Windows NT 6.1; Win64; x64) AppleWebKit/537.36 (KHTML, like Gecko) Chrome/73.0.3683.86 Safari/537.36" 
142.4.116.225 - - [04/Jan/2020:10:44:10 -0800] "GET /bootstrap/admin/kindeditor/asp.net/upload_json.ashx?dir=image HTTP/1.1" 404 271 "http://www.secrepo.com/" "Mozilla/5.0 (Windows NT 6.1; Win64; x64) AppleWebKit/537.36 (KHTML, like Gecko) Chrome/73.0.3683.86 Safari/537.36" 
142.4.116.225 - - [04/Jan/2020:10:44:10 -0800] "GET /Lab_1/admin/kindeditor/asp.net/upload_json.ashx?dir=image HTTP/1.1" 404 271 "http://www.secrepo.com/" "Mozilla/5.0 (Windows NT 6.1; Win64; x64) AppleWebKit/537.36 (KHTML, like Gecko) Chrome/73.0.3683.86 Safari/537.36" 
142.4.116.225 - - [04/Jan/2020:10:44:10 -0800] "GET /PE_malware/admin/kindeditor/asp.net/upload_json.ashx?dir=image HTTP/1.1" 404 271 "http://www.secrepo.com/" "Mozilla/5.0 (Windows NT 6.1; Win64; x64) AppleWebKit/537.36 (KHTML, like Gecko) Chrome/73.0.3683.86 Safari/537.36" 
142.4.116.225 - - [04/Jan/2020:10:44:10 -0800] "GET /HTML_Bro_log_3/admin/kindeditor/asp.net/upload_json.ashx?dir=image HTTP/1.1" 404 271 "http://www.secrepo.com/" "Mozilla/5.0 (Windows NT 6.1; Win64; x64) AppleWebKit/537.36 (KHTML, like Gecko) Chrome/73.0.3683.86 Safari/537.36" 
142.4.116.225 - - [04/Jan/2020:10:44:11 -0800] "GET /HTML_Bro_log_2/admin/kindeditor/asp.net/upload_json.ashx?dir=image HTTP/1.1" 404 271 "http://www.secrepo.com/" "Mozilla/5.0 (Windows NT 6.1; Win64; x64) AppleWebKit/537.36 (KHTML, like Gecko) Chrome/73.0.3683.86 Safari/537.36" 
142.4.116.225 - - [04/Jan/2020:10:44:11 -0800] "GET /HTML_Bro_log_1/admin/kindeditor/asp.net/upload_json.ashx?dir=image HTTP/1.1" 404 271 "http://www.secrepo.com/" "Mozilla/5.0 (Windows NT 6.1; Win64; x64) AppleWebKit/537.36 (KHTML, like Gecko) Chrome/73.0.3683.86 Safari/537.36" 
142.4.116.225 - - [04/Jan/2020:10:44:11 -0800] "GET /Network/admin/kindeditor/asp.net/upload_json.ashx?dir=image HTTP/1.1" 404 271 "http://www.secrepo.com/" "Mozilla/5.0 (Windows NT 6.1; Win64; x64) AppleWebKit/537.36 (KHTML, like Gecko) Chrome/73.0.3683.86 Safari/537.36" 
142.4.116.225 - - [04/Jan/2020:10:44:11 -0800] "GET /admin/kindeditor/asp.net/upload_json.ashx?dir=image HTTP/1.1" 404 271 "http://www.secrepo.com/" "Mozilla/5.0 (Windows NT 6.1; Win64; x64) AppleWebKit/537.36 (KHTML, like Gecko) Chrome/73.0.3683.86 Safari/537.36" 
142.4.116.225 - - [04/Jan/2020:10:44:11 -0800] "GET /bootstrap/admin/editor/asp.net/upload_json.ashx?dir=imageadmin/editor/asp.net/upload_json.ashx?dir=image HTTP/1.1" 404 271 "http://www.secrepo.com/" "Mozilla/5.0 (Windows NT 6.1; Win64; x64) AppleWebKit/537.36 (KHTML, like Gecko) Chrome/73.0.3683.86 Safari/537.36" 
142.4.116.225 - - [04/Jan/2020:10:44:11 -0800] "GET /Lab_1/admin/editor/asp.net/upload_json.ashx?dir=imageadmin/editor/asp.net/upload_json.ashx?dir=image HTTP/1.1" 404 271 "http://www.secrepo.com/" "Mozilla/5.0 (Windows NT 6.1; Win64; x64) AppleWebKit/537.36 (KHTML, like Gecko) Chrome/73.0.3683.86 Safari/537.36" 
142.4.116.225 - - [04/Jan/2020:10:44:11 -0800] "GET /PE_malware/admin/editor/asp.net/upload_json.ashx?dir=imageadmin/editor/asp.net/upload_json.ashx?dir=image HTTP/1.1" 404 271 "http://www.secrepo.com/" "Mozilla/5.0 (Windows NT 6.1; Win64; x64) AppleWebKit/537.36 (KHTML, like Gecko) Chrome/73.0.3683.86 Safari/537.36" 
142.4.116.225 - - [04/Jan/2020:10:44:11 -0800] "GET /HTML_Bro_log_3/admin/editor/asp.net/upload_json.ashx?dir=imageadmin/editor/asp.net/upload_json.ashx?dir=image HTTP/1.1" 404 271 "http://www.secrepo.com/" "Mozilla/5.0 (Windows NT 6.1; Win64; x64) AppleWebKit/537.36 (KHTML, like Gecko) Chrome/73.0.3683.86 Safari/537.36" 
142.4.116.225 - - [04/Jan/2020:10:44:11 -0800] "GET /HTML_Bro_log_2/admin/editor/asp.net/upload_json.ashx?dir=imageadmin/editor/asp.net/upload_json.ashx?dir=image HTTP/1.1" 404 271 "http://www.secrepo.com/" "Mozilla/5.0 (Windows NT 6.1; Win64; x64) AppleWebKit/537.36 (KHTML, like Gecko) Chrome/73.0.3683.86 Safari/537.36" 
142.4.116.225 - - [04/Jan/2020:10:44:11 -0800] "GET /HTML_Bro_log_1/admin/editor/asp.net/upload_json.ashx?dir=imageadmin/editor/asp.net/upload_json.ashx?dir=image HTTP/1.1" 404 271 "http://www.secrepo.com/" "Mozilla/5.0 (Windows NT 6.1; Win64; x64) AppleWebKit/537.36 (KHTML, like Gecko) Chrome/73.0.3683.86 Safari/537.36" 
142.4.116.225 - - [04/Jan/2020:10:44:11 -0800] "GET /Network/admin/editor/asp.net/upload_json.ashx?dir=imageadmin/editor/asp.net/upload_json.ashx?dir=image HTTP/1.1" 404 271 "http://www.secrepo.com/" "Mozilla/5.0 (Windows NT 6.1; Win64; x64) AppleWebKit/537.36 (KHTML, like Gecko) Chrome/73.0.3683.86 Safari/537.36" 
142.4.116.225 - - [04/Jan/2020:10:44:11 -0800] "GET /admin/editor/asp.net/upload_json.ashx?dir=imageadmin/editor/asp.net/upload_json.ashx?dir=image HTTP/1.1" 404 271 "http://www.secrepo.com/" "Mozilla/5.0 (Windows NT 6.1; Win64; x64) AppleWebKit/537.36 (KHTML, like Gecko) Chrome/73.0.3683.86 Safari/537.36" 
142.4.116.225 - - [04/Jan/2020:10:44:11 -0800] "GET /bootstrap/admin/editor/upload_json.ashx?dir=image HTTP/1.1" 404 271 "http://www.secrepo.com/" "Mozilla/5.0 (Windows NT 6.1; Win64; x64) AppleWebKit/537.36 (KHTML, like Gecko) Chrome/73.0.3683.86 Safari/537.36" 
142.4.116.225 - - [04/Jan/2020:10:44:11 -0800] "GET /Lab_1/admin/editor/upload_json.ashx?dir=image HTTP/1.1" 404 271 "http://www.secrepo.com/" "Mozilla/5.0 (Windows NT 6.1; Win64; x64) AppleWebKit/537.36 (KHTML, like Gecko) Chrome/73.0.3683.86 Safari/537.36" 
142.4.116.225 - - [04/Jan/2020:10:44:12 -0800] "GET /PE_malware/admin/editor/upload_json.ashx?dir=image HTTP/1.1" 404 271 "http://www.secrepo.com/" "Mozilla/5.0 (Windows NT 6.1; Win64; x64) AppleWebKit/537.36 (KHTML, like Gecko) Chrome/73.0.3683.86 Safari/537.36" 
142.4.116.225 - - [04/Jan/2020:10:44:12 -0800] "GET /HTML_Bro_log_3/admin/editor/upload_json.ashx?dir=image HTTP/1.1" 404 271 "http://www.secrepo.com/" "Mozilla/5.0 (Windows NT 6.1; Win64; x64) AppleWebKit/537.36 (KHTML, like Gecko) Chrome/73.0.3683.86 Safari/537.36" 
142.4.116.225 - - [04/Jan/2020:10:44:12 -0800] "GET /HTML_Bro_log_2/admin/editor/upload_json.ashx?dir=image HTTP/1.1" 404 271 "http://www.secrepo.com/" "Mozilla/5.0 (Windows NT 6.1; Win64; x64) AppleWebKit/537.36 (KHTML, like Gecko) Chrome/73.0.3683.86 Safari/537.36" 
142.4.116.225 - - [04/Jan/2020:10:44:12 -0800] "GET /HTML_Bro_log_1/admin/editor/upload_json.ashx?dir=image HTTP/1.1" 404 271 "http://www.secrepo.com/" "Mozilla/5.0 (Windows NT 6.1; Win64; x64) AppleWebKit/537.36 (KHTML, like Gecko) Chrome/73.0.3683.86 Safari/537.36" 
142.4.116.225 - - [04/Jan/2020:10:44:12 -0800] "GET /Network/admin/editor/upload_json.ashx?dir=image HTTP/1.1" 404 271 "http://www.secrepo.com/" "Mozilla/5.0 (Windows NT 6.1; Win64; x64) AppleWebKit/537.36 (KHTML, like Gecko) Chrome/73.0.3683.86 Safari/537.36" 
142.4.116.225 - - [04/Jan/2020:10:44:12 -0800] "GET /admin/editor/upload_json.ashx?dir=image HTTP/1.1" 404 271 "http://www.secrepo.com/" "Mozilla/5.0 (Windows NT 6.1; Win64; x64) AppleWebKit/537.36 (KHTML, like Gecko) Chrome/73.0.3683.86 Safari/537.36" 
220.181.108.155 - - [04/Jan/2020:10:48:00 -0800] "GET / HTTP/1.1" 301 438 "-" "Mozilla/5.0 (compatible; Baiduspider/2.0; +http://www.baidu.com/search/spider.html)" 
220.181.108.89 - - [04/Jan/2020:10:48:00 -0800] "GET / HTTP/1.1" 200 12623 "-" "Mozilla/5.0 (compatible; Baiduspider/2.0; +http://www.baidu.com/search/spider.html)" 
111.206.221.11 - - [04/Jan/2020:10:48:01 -0800] "GET /css/style.css HTTP/1.1" 404 250 "http://www.secrepo.com/" "Mozilla/5.0 (compatible; Baiduspider-render/2.0; +http://www.baidu.com/search/spider.html)" 
207.46.13.204 - - [04/Jan/2020:11:06:42 -0800] "GET /self.logs/access.log.2019-12-01.gz HTTP/1.1" 200 14636 "-" "Mozilla/5.0 (compatible; bingbot/2.0; +http://www.bing.com/bingbot.htm)" 
113.171.224.176 - - [04/Jan/2020:11:08:46 -0800] "GET /honeypot/Honeypot%20-%20Howto.pdf HTTP/1.1" 200 61320 "-" "Mozilla/5.0 Gecko/20100115 Firefox/3.6" 
209.58.142.157 - - [04/Jan/2020:11:13:02 -0800] "GET / HTTP/1.1" 200 12660 "-" "Vienna/7130 (Macintosh; Intel macOS 10_13_6)" 
64.233.172.234 - - [04/Jan/2020:11:17:29 -0800] "GET /bootstrap/img/favicon.ico HTTP/1.1" 200 624 "-" "Mozilla/5.0 (X11; Linux x86_64) AppleWebKit/537.36 (KHTML, like Gecko) Chrome/49.0.2623.75 Safari/537.36 Google Favicon" 
123.125.71.112 - - [04/Jan/2020:11:20:05 -0800] "GET /Datasets%20Description/Network/ftp.html HTTP/1.1" 200 1414 "-" "Mozilla/5.0 (compatible; Baiduspider/2.0; +http://www.baidu.com/search/spider.html)" 
216.244.66.245 - - [04/Jan/2020:11:23:43 -0800] "GET /self.logs/access.log.2018-10-17.gz HTTP/1.1" 200 26425 "-" "Mozilla/5.0 (compatible; DotBot/1.1; http://www.opensiteexplorer.org/dotbot, help@moz.com)" 
216.244.66.245 - - [04/Jan/2020:11:23:45 -0800] "GET /self.logs/access.log.2019-09-24.gz HTTP/1.1" 200 23935 "-" "Mozilla/5.0 (compatible; DotBot/1.1; http://www.opensiteexplorer.org/dotbot, help@moz.com)" 
216.244.66.245 - - [04/Jan/2020:11:23:48 -0800] "GET /self.logs/error.log.2018-10-18.gz HTTP/1.1" 200 4254 "-" "Mozilla/5.0 (compatible; DotBot/1.1; http://www.opensiteexplorer.org/dotbot, help@moz.com)" 
216.244.66.245 - - [04/Jan/2020:11:23:51 -0800] "GET /self.logs/error.log.2019-03-16.gz HTTP/1.1" 200 3561 "-" "Mozilla/5.0 (compatible; DotBot/1.1; http://www.opensiteexplorer.org/dotbot, help@moz.com)" 
199.58.86.206 - - [04/Jan/2020:11:35:42 -0800] "GET /robots.txt HTTP/1.1" 200 288 "-" "Mozilla/5.0 (compatible; MJ12bot/v1.4.8; http://mj12bot.com/)" 
199.58.86.206 - - [04/Jan/2020:11:35:44 -0800] "GET / HTTP/1.1" 200 12582 "-" "Mozilla/5.0 (compatible; MJ12bot/v1.4.8; http://mj12bot.com/)" 
207.46.13.204 - - [04/Jan/2020:11:36:15 -0800] "GET /self.logs/?C=D;O=A HTTP/1.1" 200 20299 "-" "Mozilla/5.0 (compatible; bingbot/2.0; +http://www.bing.com/bingbot.htm)" 
207.46.13.99 - - [04/Jan/2020:12:05:51 -0800] "GET /self.logs/access.log.2017-08-09.gz HTTP/1.1" 301 543 "-" "Mozilla/5.0 (compatible; bingbot/2.0; +http://www.bing.com/bingbot.htm)" 
207.46.13.99 - - [04/Jan/2020:12:10:15 -0800] "GET /self.logs/access.log.2017-05-04.gz HTTP/1.1" 200 29983 "-" "Mozilla/5.0 (compatible; bingbot/2.0; +http://www.bing.com/bingbot.htm)" 
113.171.224.176 - - [04/Jan/2020:12:14:44 -0800] "GET /honeypot/Honeypot%20-%20Howto.pdf HTTP/1.1" 200 61320 "-" "Mozilla/5.0 Gecko/20100115 Firefox/3.6" 
207.46.13.99 - - [04/Jan/2020:12:19:42 -0800] "GET /self.logs/access.log.2017-01-26.gz HTTP/1.1" 200 23968 "-" "Mozilla/5.0 (compatible; bingbot/2.0; +http://www.bing.com/bingbot.htm)" 
216.244.66.245 - - [04/Jan/2020:12:26:21 -0800] "GET /tg/b.zip HTTP/1.1" 200 5647280 "-" "Mozilla/5.0 (compatible; DotBot/1.1; http://www.opensiteexplorer.org/dotbot, help@moz.com)" 
216.244.66.245 - - [04/Jan/2020:12:28:27 -0800] "GET /self.logs/access.log.2018-11-30.gz HTTP/1.1" 200 21968 "-" "Mozilla/5.0 (compatible; DotBot/1.1; http://www.opensiteexplorer.org/dotbot, help@moz.com)" 
216.244.66.245 - - [04/Jan/2020:12:28:30 -0800] "GET /self.logs/access.log.2018-12-17.gz HTTP/1.1" 200 23422 "-" "Mozilla/5.0 (compatible; DotBot/1.1; http://www.opensiteexplorer.org/dotbot, help@moz.com)" 
216.244.66.245 - - [04/Jan/2020:12:28:32 -0800] "GET /self.logs/access.log.2019-03-14.gz HTTP/1.1" 200 27667 "-" "Mozilla/5.0 (compatible; DotBot/1.1; http://www.opensiteexplorer.org/dotbot, help@moz.com)" 
66.249.64.139 - - [04/Jan/2020:12:31:52 -0800] "GET /Datasets%20Description/PE_malware/VirusShare.html HTTP/1.1" 200 1572 "-" "Mozilla/5.0 (Linux; Android 6.0.1; Nexus 5X Build/MMB29P) AppleWebKit/537.36 (KHTML, like Gecko) Chrome/41.0.2272.96 Mobile Safari/537.36 (compatible; Googlebot/2.1; +http://www.google.com/bot.html)" 
207.46.13.204 - - [04/Jan/2020:12:32:37 -0800] "GET /self.logs/error.log.2019-10-30.gz HTTP/1.1" 200 959 "-" "Mozilla/5.0 (compatible; bingbot/2.0; +http://www.bing.com/bingbot.htm)" 
94.54.28.34 - - [04/Jan/2020:12:43:54 -0800] "GET / HTTP/1.1" 200 12660 "-" "Mozilla/5.0 (Windows NT 10.0; Win64; x64) AppleWebKit/537.36 (KHTML, like Gecko) Chrome/79.0.3945.88 Safari/537.36" 
94.54.28.34 - - [04/Jan/2020:12:43:54 -0800] "GET /css/style.css HTTP/1.1" 404 271 "http://www.secrepo.com/" "Mozilla/5.0 (Windows NT 10.0; Win64; x64) AppleWebKit/537.36 (KHTML, like Gecko) Chrome/79.0.3945.88 Safari/537.36" 
94.54.28.34 - - [04/Jan/2020:12:43:54 -0800] "GET /twitter-icon.png HTTP/1.1" 200 27787 "http://www.secrepo.com/" "Mozilla/5.0 (Windows NT 10.0; Win64; x64) AppleWebKit/537.36 (KHTML, like Gecko) Chrome/79.0.3945.88 Safari/537.36" 
94.54.28.34 - - [04/Jan/2020:12:43:54 -0800] "GET /GitHub-Mark.png HTTP/1.1" 200 7450 "http://www.secrepo.com/" "Mozilla/5.0 (Windows NT 10.0; Win64; x64) AppleWebKit/537.36 (KHTML, like Gecko) Chrome/79.0.3945.88 Safari/537.36" 
94.54.28.34 - - [04/Jan/2020:12:43:56 -0800] "GET /bootstrap/img/favicon.ico HTTP/1.1" 200 601 "http://www.secrepo.com/" "Mozilla/5.0 (Windows NT 10.0; Win64; x64) AppleWebKit/537.36 (KHTML, like Gecko) Chrome/79.0.3945.88 Safari/537.36" 
207.46.13.204 - - [04/Jan/2020:12:46:28 -0800] "GET /self.logs/error.log.2019-11-21.gz HTTP/1.1" 200 1241 "-" "Mozilla/5.0 (compatible; bingbot/2.0; +http://www.bing.com/bingbot.htm)" 
149.233.53.212 - - [04/Jan/2020:12:51:04 -0800] "GET / HTTP/1.1" 200 12660 "-" "Mozilla/5.0 (Windows NT 10.0; Win64; x64; rv:71.0) Gecko/20100101 Firefox/71.0" 
149.233.53.212 - - [04/Jan/2020:12:51:04 -0800] "GET /css/style.css HTTP/1.1" 404 271 "http://www.secrepo.com/" "Mozilla/5.0 (Windows NT 10.0; Win64; x64; rv:71.0) Gecko/20100101 Firefox/71.0" 
149.233.53.212 - - [04/Jan/2020:12:51:04 -0800] "GET /twitter-icon.png HTTP/1.1" 200 27787 "http://www.secrepo.com/" "Mozilla/5.0 (Windows NT 10.0; Win64; x64; rv:71.0) Gecko/20100101 Firefox/71.0" 
149.233.53.212 - - [04/Jan/2020:12:51:04 -0800] "GET /GitHub-Mark.png HTTP/1.1" 200 7450 "http://www.secrepo.com/" "Mozilla/5.0 (Windows NT 10.0; Win64; x64; rv:71.0) Gecko/20100101 Firefox/71.0" 
149.233.53.212 - - [04/Jan/2020:12:51:04 -0800] "GET /css/style.css HTTP/1.1" 404 294 "http://www.secrepo.com/" "Mozilla/5.0 (Windows NT 10.0; Win64; x64; rv:71.0) Gecko/20100101 Firefox/71.0" 
149.233.53.212 - - [04/Jan/2020:12:51:04 -0800] "GET /bootstrap/img/favicon.ico HTTP/1.1" 200 601 "-" "Mozilla/5.0 (Windows NT 10.0; Win64; x64; rv:71.0) Gecko/20100101 Firefox/71.0" 
93.124.88.73 - - [04/Jan/2020:12:57:55 -0800] "GET / HTTP/1.0" 200 47318 "-" "Mozilla/5.0 (Windows NT 6.3; Win64; x64) AppleWebKit/537.36 (KHTML, like Gecko) Chrome/75.0.3770.100 Safari/537.36" 
151.80.39.229 - - [04/Jan/2020:12:58:36 -0800] "GET / HTTP/1.1" 200 12616 "-" "Mozilla/5.0 (compatible; AhrefsBot/6.1; +http://ahrefs.com/robot/)" 
3.82.152.27 - - [04/Jan/2020:13:00:42 -0800] "GET / HTTP/1.1" 200 12616 "-" "Mozilla/5.0 (compatible; startmebot/1.0; +https://start.me/bot)" 
216.244.66.245 - - [04/Jan/2020:13:09:41 -0800] "GET /Datasets%20Description/Network/signatures.html HTTP/1.1" 404 250 "-" "Mozilla/5.0 (compatible; DotBot/1.1; http://www.opensiteexplorer.org/dotbot, help@moz.com)" 
207.46.13.204 - - [04/Jan/2020:13:10:15 -0800] "GET /self.logs/error.log.2019-04-14.gz HTTP/1.1" 200 5526 "-" "Mozilla/5.0 (compatible; bingbot/2.0; +http://www.bing.com/bingbot.htm)" 
216.244.66.245 - - [04/Jan/2020:13:11:51 -0800] "GET /self.logs/access.log.2018-11-15.gz HTTP/1.1" 200 45975 "-" "Mozilla/5.0 (compatible; DotBot/1.1; http://www.opensiteexplorer.org/dotbot, help@moz.com)" 
216.244.66.245 - - [04/Jan/2020:13:11:53 -0800] "GET /self.logs/access.log.2019-09-20.gz HTTP/1.1" 200 21544 "-" "Mozilla/5.0 (compatible; DotBot/1.1; http://www.opensiteexplorer.org/dotbot, help@moz.com)" 
113.171.224.176 - - [04/Jan/2020:13:19:01 -0800] "GET /honeypot/Honeypot%20-%20Howto.pdf HTTP/1.1" 200 61320 "-" "Mozilla/5.0 Gecko/20100115 Firefox/3.6" 
54.196.217.222 - - [04/Jan/2020:13:28:37 -0800] "GET / HTTP/1.1" 200 47355 "-" "Mozilla/5.0" 
149.233.53.212 - - [04/Jan/2020:13:43:47 -0800] "GET / HTTP/1.1" 200 12660 "-" "Mozilla/5.0 (Windows NT 10.0; Win64; x64; rv:71.0) Gecko/20100101 Firefox/71.0" 
149.233.53.212 - - [04/Jan/2020:13:43:47 -0800] "GET /css/style.css HTTP/1.1" 404 271 "http://www.secrepo.com/" "Mozilla/5.0 (Windows NT 10.0; Win64; x64; rv:71.0) Gecko/20100101 Firefox/71.0" 
149.233.53.212 - - [04/Jan/2020:13:43:47 -0800] "GET /twitter-icon.png HTTP/1.1" 304 165 "http://www.secrepo.com/" "Mozilla/5.0 (Windows NT 10.0; Win64; x64; rv:71.0) Gecko/20100101 Firefox/71.0" 
149.233.53.212 - - [04/Jan/2020:13:43:48 -0800] "GET /GitHub-Mark.png HTTP/1.1" 304 175 "http://www.secrepo.com/" "Mozilla/5.0 (Windows NT 10.0; Win64; x64; rv:71.0) Gecko/20100101 Firefox/71.0" 
216.244.66.245 - - [04/Jan/2020:13:58:01 -0800] "GET /self.logs/access.log.2018-06-05.gz HTTP/1.1" 200 20745 "-" "Mozilla/5.0 (compatible; DotBot/1.1; http://www.opensiteexplorer.org/dotbot, help@moz.com)" 
216.244.66.245 - - [04/Jan/2020:13:58:04 -0800] "GET /self.logs/access.log.2018-09-12.gz HTTP/1.1" 200 26878 "-" "Mozilla/5.0 (compatible; DotBot/1.1; http://www.opensiteexplorer.org/dotbot, help@moz.com)" 
216.244.66.245 - - [04/Jan/2020:13:58:06 -0800] "GET /self.logs/error.log.2017-11-28.gz HTTP/1.1" 200 1941 "-" "Mozilla/5.0 (compatible; DotBot/1.1; http://www.opensiteexplorer.org/dotbot, help@moz.com)" 
216.244.66.245 - - [04/Jan/2020:13:58:08 -0800] "GET /self.logs/error.log.2018-07-11.gz HTTP/1.1" 200 6567 "-" "Mozilla/5.0 (compatible; DotBot/1.1; http://www.opensiteexplorer.org/dotbot, help@moz.com)" 
216.244.66.245 - - [04/Jan/2020:13:58:09 -0800] "GET /self.logs/error.log.2018-11-22.gz HTTP/1.1" 200 3615 "-" "Mozilla/5.0 (compatible; DotBot/1.1; http://www.opensiteexplorer.org/dotbot, help@moz.com)" 
216.244.66.245 - - [04/Jan/2020:13:58:42 -0800] "GET /self.logs/2015/access.log.2015-03-02.gz HTTP/1.1" 200 3273 "-" "Mozilla/5.0 (compatible; DotBot/1.1; http://www.opensiteexplorer.org/dotbot, help@moz.com)" 
216.244.66.245 - - [04/Jan/2020:13:58:43 -0800] "GET /self.logs/2015/access.log.2015-04-30.gz HTTP/1.1" 200 5756 "-" "Mozilla/5.0 (compatible; DotBot/1.1; http://www.opensiteexplorer.org/dotbot, help@moz.com)" 
216.244.66.245 - - [04/Jan/2020:13:58:44 -0800] "GET /self.logs/2015/error.log.2015-06-07.gz HTTP/1.1" 200 474 "-" "Mozilla/5.0 (compatible; DotBot/1.1; http://www.opensiteexplorer.org/dotbot, help@moz.com)" 
216.244.66.245 - - [04/Jan/2020:13:58:45 -0800] "GET /self.logs/2015/error.log.2015-07-03.gz HTTP/1.1" 200 624 "-" "Mozilla/5.0 (compatible; DotBot/1.1; http://www.opensiteexplorer.org/dotbot, help@moz.com)" 
216.244.66.245 - - [04/Jan/2020:13:58:46 -0800] "GET /self.logs/2015/error.log.2015-10-01.gz HTTP/1.1" 200 708 "-" "Mozilla/5.0 (compatible; DotBot/1.1; http://www.opensiteexplorer.org/dotbot, help@moz.com)" 
216.244.66.245 - - [04/Jan/2020:13:58:47 -0800] "GET /self.logs/2015/error.log.2015-10-15.gz HTTP/1.1" 200 1026 "-" "Mozilla/5.0 (compatible; DotBot/1.1; http://www.opensiteexplorer.org/dotbot, help@moz.com)" 
216.244.66.245 - - [04/Jan/2020:13:58:48 -0800] "GET /self.logs/2016/access.log.2016-09-20.gz HTTP/1.1" 200 11056 "-" "Mozilla/5.0 (compatible; DotBot/1.1; http://www.opensiteexplorer.org/dotbot, help@moz.com)" 
216.244.66.245 - - [04/Jan/2020:13:58:49 -0800] "GET /self.logs/2016/access.log.2016-12-19.gz HTTP/1.1" 200 8803 "-" "Mozilla/5.0 (compatible; DotBot/1.1; http://www.opensiteexplorer.org/dotbot, help@moz.com)" 
216.244.66.245 - - [04/Jan/2020:13:58:50 -0800] "GET /self.logs/2016/error.log.2016-10-10.gz HTTP/1.1" 200 707 "-" "Mozilla/5.0 (compatible; DotBot/1.1; http://www.opensiteexplorer.org/dotbot, help@moz.com)" 
40.77.167.163 - - [04/Jan/2020:14:01:05 -0800] "GET /self.logs/?C=D;O=A HTTP/1.1" 200 20299 "-" "Mozilla/5.0 (compatible; bingbot/2.0; +http://www.bing.com/bingbot.htm)" 
207.46.13.99 - - [04/Jan/2020:14:07:31 -0800] "GET /self.logs/access.log.2017-12-19.gz HTTP/1.1" 200 24116 "-" "Mozilla/5.0 (compatible; bingbot/2.0; +http://www.bing.com/bingbot.htm)" 
162.210.196.97 - - [04/Jan/2020:14:14:55 -0800] "GET /robots.txt HTTP/1.1" 301 495 "-" "Mozilla/5.0 (compatible; MJ12bot/v1.4.8; http://mj12bot.com/)" 
162.210.196.97 - - [04/Jan/2020:14:14:56 -0800] "GET /robots.txt HTTP/1.1" 200 288 "-" "Mozilla/5.0 (compatible; MJ12bot/v1.4.8; http://mj12bot.com/)" 
162.210.196.97 - - [04/Jan/2020:14:14:58 -0800] "GET / HTTP/1.1" 301 419 "-" "Mozilla/5.0 (compatible; MJ12bot/v1.4.8; http://mj12bot.com/)" 
162.210.196.97 - - [04/Jan/2020:14:15:01 -0800] "GET / HTTP/1.1" 200 12616 "-" "Mozilla/5.0 (compatible; MJ12bot/v1.4.8; http://mj12bot.com/)" 
162.210.196.97 - - [04/Jan/2020:14:15:02 -0800] "GET / HTTP/1.1" 200 12616 "-" "Mozilla/5.0 (compatible; MJ12bot/v1.4.8; http://mj12bot.com/)" 
40.77.167.220 - - [04/Jan/2020:14:19:52 -0800] "GET /self.logs/error.log.2018-06-14.gz HTTP/1.1" 200 7006 "-" "Mozilla/5.0 (compatible; bingbot/2.0; +http://www.bing.com/bingbot.htm)" 
113.171.224.176 - - [04/Jan/2020:14:22:52 -0800] "GET /honeypot/Honeypot%20-%20Howto.pdf HTTP/1.1" 200 61320 "-" "Mozilla/5.0 Gecko/20100115 Firefox/3.6" 
207.46.13.99 - - [04/Jan/2020:14:24:18 -0800] "GET / HTTP/1.1" 301 475 "-" "Mozilla/5.0 (compatible; bingbot/2.0; +http://www.bing.com/bingbot.htm)" 
207.46.13.99 - - [04/Jan/2020:14:25:43 -0800] "GET / HTTP/1.1" 200 12660 "-" "Mozilla/5.0 (compatible; bingbot/2.0; +http://www.bing.com/bingbot.htm)" 
40.77.167.220 - - [04/Jan/2020:14:35:58 -0800] "GET /self.logs/error.log.2018-01-08.gz HTTP/1.1" 200 5733 "-" "Mozilla/5.0 (compatible; bingbot/2.0; +http://www.bing.com/bingbot.htm)" 
216.244.66.245 - - [04/Jan/2020:14:39:10 -0800] "GET /scada/scada_logs.zip HTTP/1.1" 200 364879 "-" "Mozilla/5.0 (compatible; DotBot/1.1; http://www.opensiteexplorer.org/dotbot, help@moz.com)" 
216.244.66.245 - - [04/Jan/2020:14:43:15 -0800] "GET /self.logs/access.log.2019-09-16.gz HTTP/1.1" 200 19875 "-" "Mozilla/5.0 (compatible; DotBot/1.1; http://www.opensiteexplorer.org/dotbot, help@moz.com)" 
216.244.66.245 - - [04/Jan/2020:14:43:19 -0800] "GET /self.logs/error.log.2018-07-23.gz HTTP/1.1" 200 6922 "-" "Mozilla/5.0 (compatible; DotBot/1.1; http://www.opensiteexplorer.org/dotbot, help@moz.com)" 
216.244.66.245 - - [04/Jan/2020:14:43:21 -0800] "GET /self.logs/error.log.2018-10-16.gz HTTP/1.1" 200 3982 "-" "Mozilla/5.0 (compatible; DotBot/1.1; http://www.opensiteexplorer.org/dotbot, help@moz.com)" 
216.244.66.245 - - [04/Jan/2020:14:43:22 -0800] "GET /self.logs/error.log.2018-10-17.gz HTTP/1.1" 200 6052 "-" "Mozilla/5.0 (compatible; DotBot/1.1; http://www.opensiteexplorer.org/dotbot, help@moz.com)" 
216.244.66.245 - - [04/Jan/2020:14:43:25 -0800] "GET /self.logs/error.log.2018-10-24.gz HTTP/1.1" 200 4413 "-" "Mozilla/5.0 (compatible; DotBot/1.1; http://www.opensiteexplorer.org/dotbot, help@moz.com)" 
216.244.66.245 - - [04/Jan/2020:14:43:58 -0800] "GET /self.logs/2015/access.log.2015-01-17.gz HTTP/1.1" 200 3506 "-" "Mozilla/5.0 (compatible; DotBot/1.1; http://www.opensiteexplorer.org/dotbot, help@moz.com)" 
216.244.66.245 - - [04/Jan/2020:14:43:59 -0800] "GET /self.logs/2015/access.log.2015-06-22.gz HTTP/1.1" 200 10561 "-" "Mozilla/5.0 (compatible; DotBot/1.1; http://www.opensiteexplorer.org/dotbot, help@moz.com)" 
216.244.66.245 - - [04/Jan/2020:14:44:01 -0800] "GET /self.logs/2015/access.log.2015-09-15.gz HTTP/1.1" 200 4780 "-" "Mozilla/5.0 (compatible; DotBot/1.1; http://www.opensiteexplorer.org/dotbot, help@moz.com)" 
216.244.66.245 - - [04/Jan/2020:14:44:02 -0800] "GET /self.logs/2015/error.log.2015-12-19.gz HTTP/1.1" 200 871 "-" "Mozilla/5.0 (compatible; DotBot/1.1; http://www.opensiteexplorer.org/dotbot, help@moz.com)" 
216.244.66.245 - - [04/Jan/2020:14:44:03 -0800] "GET /self.logs/2016/access.log.2016-01-08.gz HTTP/1.1" 200 7336 "-" "Mozilla/5.0 (compatible; DotBot/1.1; http://www.opensiteexplorer.org/dotbot, help@moz.com)" 
216.244.66.245 - - [04/Jan/2020:14:44:04 -0800] "GET /self.logs/2016/access.log.2016-03-14.gz HTTP/1.1" 200 13464 "-" "Mozilla/5.0 (compatible; DotBot/1.1; http://www.opensiteexplorer.org/dotbot, help@moz.com)" 
216.244.66.245 - - [04/Jan/2020:14:44:04 -0800] "GET /self.logs/2016/access.log.2016-10-07.gz HTTP/1.1" 200 19568 "-" "Mozilla/5.0 (compatible; DotBot/1.1; http://www.opensiteexplorer.org/dotbot, help@moz.com)" 
216.244.66.245 - - [04/Jan/2020:14:44:05 -0800] "GET /self.logs/2016/access.log.2016-10-09.gz HTTP/1.1" 200 9309 "-" "Mozilla/5.0 (compatible; DotBot/1.1; http://www.opensiteexplorer.org/dotbot, help@moz.com)" 
216.244.66.245 - - [04/Jan/2020:14:44:06 -0800] "GET /self.logs/2016/error.log.2016-02-17.gz HTTP/1.1" 200 782 "-" "Mozilla/5.0 (compatible; DotBot/1.1; http://www.opensiteexplorer.org/dotbot, help@moz.com)" 
216.244.66.245 - - [04/Jan/2020:14:44:08 -0800] "GET /self.logs/2016/error.log.2016-04-30.gz HTTP/1.1" 200 605 "-" "Mozilla/5.0 (compatible; DotBot/1.1; http://www.opensiteexplorer.org/dotbot, help@moz.com)" 
216.244.66.245 - - [04/Jan/2020:14:44:08 -0800] "GET /self.logs/2016/error.log.2016-03-09.gz HTTP/1.1" 200 753 "-" "Mozilla/5.0 (compatible; DotBot/1.1; http://www.opensiteexplorer.org/dotbot, help@moz.com)" 
216.244.66.245 - - [04/Jan/2020:14:44:10 -0800] "GET /self.logs/2016/error.log.2016-08-07.gz HTTP/1.1" 200 1768 "-" "Mozilla/5.0 (compatible; DotBot/1.1; http://www.opensiteexplorer.org/dotbot, help@moz.com)" 
216.244.66.245 - - [04/Jan/2020:14:44:11 -0800] "GET /self.logs/2016/error.log.2016-11-03.gz HTTP/1.1" 200 836 "-" "Mozilla/5.0 (compatible; DotBot/1.1; http://www.opensiteexplorer.org/dotbot, help@moz.com)" 
209.58.142.157 - - [04/Jan/2020:14:44:42 -0800] "GET / HTTP/1.1" 200 12660 "-" "Vienna/7130 (Macintosh; Intel macOS 10_13_6)" 
220.181.108.162 - - [04/Jan/2020:14:46:39 -0800] "GET / HTTP/1.1" 200 12623 "-" "Mozilla/5.0 (Linux;u;Android 4.2.2;zh-cn;) AppleWebKit/534.46 (KHTML,like Gecko) Version/5.1 Mobile Safari/10600.6.3 (compatible; Baiduspider/2.0; +http://www.baidu.com/search/spider.html)" 
159.65.24.22 - - [04/Jan/2020:14:59:32 -0800] "GET / HTTP/1.1" 301 438 "-" "Mozilla/5.0 (Windows NT 6.0) AppleWebKit/537.36 (KHTML, like Gecko) Chrome/34.0.1847.116 Safari/537.36" 
159.65.24.22 - - [04/Jan/2020:14:59:33 -0800] "GET / HTTP/1.1" 200 12623 "-" "Mozilla/5.0 (Windows NT 6.0) AppleWebKit/537.36 (KHTML, like Gecko) Chrome/34.0.1847.116 Safari/537.36" 
159.65.24.22 - - [04/Jan/2020:14:59:33 -0800] "GET /Datasets HTTP/1.1" 404 257 "-" "Mozilla/5.0 (Windows NT 6.0) AppleWebKit/537.36 (KHTML, like Gecko) Chrome/34.0.1847.116 Safari/537.36" 
159.65.24.22 - - [04/Jan/2020:14:59:33 -0800] "GET /honeypot/Honeypot HTTP/1.1" 404 257 "-" "Mozilla/5.0 (Windows NT 6.0) AppleWebKit/537.36 (KHTML, like Gecko) Chrome/34.0.1847.116 Safari/537.36" 
159.65.24.22 - - [04/Jan/2020:14:59:34 -0800] "GET /self.logs/ HTTP/1.1" 200 20262 "-" "Mozilla/5.0 (Windows NT 6.0) AppleWebKit/537.36 (KHTML, like Gecko) Chrome/34.0.1847.116 Safari/537.36" 
159.65.24.22 - - [04/Jan/2020:14:59:34 -0800] "GET /self.logs/error.log.2019-08-08 HTTP/1.1" 200 1223 "-" "Mozilla/5.0 (Windows NT 6.0) AppleWebKit/537.36 (KHTML, like Gecko) Chrome/34.0.1847.116 Safari/537.36" 
159.65.24.22 - - [04/Jan/2020:14:59:35 -0800] "GET /self.logs/error.log.2019-12-24 HTTP/1.1" 200 225 "-" "Mozilla/5.0 (Windows NT 6.0) AppleWebKit/537.36 (KHTML, like Gecko) Chrome/34.0.1847.116 Safari/537.36" 
159.65.24.22 - - [04/Jan/2020:14:59:36 -0800] "GET /self.logs/error.log.2019-12-22 HTTP/1.1" 200 225 "-" "Mozilla/5.0 (Windows NT 6.0) AppleWebKit/537.36 (KHTML, like Gecko) Chrome/34.0.1847.116 Safari/537.36" 
103.87.78.122 - - [04/Jan/2020:15:07:09 -0800] "GET / HTTP/1.1" 200 12616 "-" "Scrapy/1.5.1 (+https://scrapy.org)" 
210.45.209.236 - - [04/Jan/2020:15:11:53 -0800] "GET / HTTP/1.1" 200 12660 "-" "Mozilla/5.0 (Windows NT 10.0; Win64; x64) AppleWebKit/537.36 (KHTML, like Gecko) Chrome/78.0.3904.108 Safari/537.36" 
210.45.209.236 - - [04/Jan/2020:15:11:54 -0800] "GET /css/style.css HTTP/1.1" 404 271 "http://www.secrepo.com/" "Mozilla/5.0 (Windows NT 10.0; Win64; x64) AppleWebKit/537.36 (KHTML, like Gecko) Chrome/78.0.3904.108 Safari/537.36" 
210.45.209.236 - - [04/Jan/2020:15:11:54 -0800] "GET /twitter-icon.png HTTP/1.1" 200 27810 "http://www.secrepo.com/" "Mozilla/5.0 (Windows NT 10.0; Win64; x64) AppleWebKit/537.36 (KHTML, like Gecko) Chrome/78.0.3904.108 Safari/537.36" 
210.45.209.236 - - [04/Jan/2020:15:11:54 -0800] "GET /GitHub-Mark.png HTTP/1.1" 200 7450 "http://www.secrepo.com/" "Mozilla/5.0 (Windows NT 10.0; Win64; x64) AppleWebKit/537.36 (KHTML, like Gecko) Chrome/78.0.3904.108 Safari/537.36" 
42.236.10.75 - - [04/Jan/2020:15:11:59 -0800] "GET / HTTP/1.1" 200 12660 "http://baidu.com/" "Mozilla/5.0 (Linux; U; Android 8.1.0; zh-CN; EML-AL00 Build/HUAWEIEML-AL00) AppleWebKit/537.36 (KHTML, like Gecko) Version/4.0 Chrome/57.0.2987.108 baidu.sogo.uc.UCBrowser/11.9.4.974 UWS/2.13.1.48 Mobile Safari/537.36 AliApp(DingTalk/4.5.11) com.alibaba.android.rimet/10487439 Channel/227200 language/zh-CN" 
42.236.10.75 - - [04/Jan/2020:15:11:59 -0800] "GET /css/style.css HTTP/1.1" 404 271 "http://www.secrepo.com/" "Mozilla/5.0 (Linux; U; Android 8.1.0; zh-CN; EML-AL00 Build/HUAWEIEML-AL00) AppleWebKit/537.36 (KHTML, like Gecko) Version/4.0 Chrome/57.0.2987.108 baidu.sogo.uc.UCBrowser/11.9.4.974 UWS/2.13.1.48 Mobile Safari/537.36 AliApp(DingTalk/4.5.11) com.alibaba.android.rimet/10487439 Channel/227200 language/zh-CN" 
42.236.10.75 - - [04/Jan/2020:15:11:59 -0800] "GET /twitter-icon.png HTTP/1.1" 200 27787 "http://www.secrepo.com/" "Mozilla/5.0 (Linux; U; Android 8.1.0; zh-CN; EML-AL00 Build/HUAWEIEML-AL00) AppleWebKit/537.36 (KHTML, like Gecko) Version/4.0 Chrome/57.0.2987.108 baidu.sogo.uc.UCBrowser/11.9.4.974 UWS/2.13.1.48 Mobile Safari/537.36 AliApp(DingTalk/4.5.11) com.alibaba.android.rimet/10487439 Channel/227200 language/zh-CN" 
42.236.10.78 - - [04/Jan/2020:15:11:59 -0800] "GET /GitHub-Mark.png HTTP/1.1" 200 7450 "http://www.secrepo.com/" "Mozilla/5.0 (Linux; U; Android 8.1.0; zh-CN; EML-AL00 Build/HUAWEIEML-AL00) AppleWebKit/537.36 (KHTML, like Gecko) Version/4.0 Chrome/57.0.2987.108 baidu.sogo.uc.UCBrowser/11.9.4.974 UWS/2.13.1.48 Mobile Safari/537.36 AliApp(DingTalk/4.5.11) com.alibaba.android.rimet/10487439 Channel/227200 language/zh-CN" 
42.236.10.114 - - [04/Jan/2020:15:12:17 -0800] "GET / HTTP/1.1" 301 475 "http://baidu.com/" "Mozilla/5.0 (Linux; U; Android 8.1.0; zh-CN; EML-AL00 Build/HUAWEIEML-AL00) AppleWebKit/537.36 (KHTML, like Gecko) Version/4.0 Chrome/57.0.2987.108 baidu.sogo.uc.UCBrowser/11.9.4.974 UWS/2.13.1.48 Mobile Safari/537.36 AliApp(DingTalk/4.5.11) com.alibaba.android.rimet/10487439 Channel/227200 language/zh-CN" 
42.236.10.125 - - [04/Jan/2020:15:12:17 -0800] "GET / HTTP/1.1" 200 12660 "http://baidu.com/" "Mozilla/5.0 (Linux; U; Android 8.1.0; zh-CN; EML-AL00 Build/HUAWEIEML-AL00) AppleWebKit/537.36 (KHTML, like Gecko) Version/4.0 Chrome/57.0.2987.108 baidu.sogo.uc.UCBrowser/11.9.4.974 UWS/2.13.1.48 Mobile Safari/537.36 AliApp(DingTalk/4.5.11) com.alibaba.android.rimet/10487439 Channel/227200 language/zh-CN" 
42.236.10.125 - - [04/Jan/2020:15:12:18 -0800] "GET /css/style.css HTTP/1.1" 404 271 "http://www.secrepo.com/" "Mozilla/5.0 (Linux; U; Android 8.1.0; zh-CN; EML-AL00 Build/HUAWEIEML-AL00) AppleWebKit/537.36 (KHTML, like Gecko) Version/4.0 Chrome/57.0.2987.108 baidu.sogo.uc.UCBrowser/11.9.4.974 UWS/2.13.1.48 Mobile Safari/537.36 AliApp(DingTalk/4.5.11) com.alibaba.android.rimet/10487439 Channel/227200 language/zh-CN" 
42.236.10.125 - - [04/Jan/2020:15:12:18 -0800] "GET /twitter-icon.png HTTP/1.1" 200 27787 "http://www.secrepo.com/" "Mozilla/5.0 (Linux; U; Android 8.1.0; zh-CN; EML-AL00 Build/HUAWEIEML-AL00) AppleWebKit/537.36 (KHTML, like Gecko) Version/4.0 Chrome/57.0.2987.108 baidu.sogo.uc.UCBrowser/11.9.4.974 UWS/2.13.1.48 Mobile Safari/537.36 AliApp(DingTalk/4.5.11) com.alibaba.android.rimet/10487439 Channel/227200 language/zh-CN" 
42.236.10.117 - - [04/Jan/2020:15:12:18 -0800] "GET /GitHub-Mark.png HTTP/1.1" 200 7450 "http://www.secrepo.com/" "Mozilla/5.0 (Linux; U; Android 8.1.0; zh-CN; EML-AL00 Build/HUAWEIEML-AL00) AppleWebKit/537.36 (KHTML, like Gecko) Version/4.0 Chrome/57.0.2987.108 baidu.sogo.uc.UCBrowser/11.9.4.974 UWS/2.13.1.48 Mobile Safari/537.36 AliApp(DingTalk/4.5.11) com.alibaba.android.rimet/10487439 Channel/227200 language/zh-CN" 
210.45.209.236 - - [04/Jan/2020:15:12:39 -0800] "GET /bootstrap/img/favicon.ico HTTP/1.1" 200 624 "http://www.secrepo.com/" "Mozilla/5.0 (Windows NT 10.0; Win64; x64) AppleWebKit/537.36 (KHTML, like Gecko) Chrome/78.0.3904.108 Safari/537.36" 
88.99.137.13 - - [04/Jan/2020:15:15:47 -0800] "GET / HTTP/1.1" 301 419 "-" "Mozilla/5.0 (Windows NT 10.0; Win64; x64) AppleWebKit/537.36 (KHTML, like Gecko) Chrome/70.0.3538.110 Safari/537.36" 
88.99.137.13 - - [04/Jan/2020:15:15:48 -0800] "GET / HTTP/1.1" 200 12615 "-" "Mozilla/5.0 (Windows NT 10.0; Win64; x64) AppleWebKit/537.36 (KHTML, like Gecko) Chrome/70.0.3538.110 Safari/537.36" 
113.171.224.176 - - [04/Jan/2020:15:25:47 -0800] "GET /honeypot/Honeypot%20-%20Howto.pdf HTTP/1.1" 200 61320 "-" "Mozilla/5.0 Gecko/20100115 Firefox/3.6" 
35.197.17.93 - - [04/Jan/2020:15:29:34 -0800] "HEAD / HTTP/1.1" 200 273 "-" "-" 
157.55.39.120 - - [04/Jan/2020:15:30:13 -0800] "GET /self.logs/error.log.2019-03-24.gz HTTP/1.1" 200 5556 "-" "Mozilla/5.0 (compatible; bingbot/2.0; +http://www.bing.com/bingbot.htm)" 
216.244.66.245 - - [04/Jan/2020:15:42:39 -0800] "GET /self.logs/access.log.2018-03-10.gz HTTP/1.1" 200 24324 "-" "Mozilla/5.0 (compatible; DotBot/1.1; http://www.opensiteexplorer.org/dotbot, help@moz.com)" 
216.244.66.245 - - [04/Jan/2020:15:42:41 -0800] "GET /self.logs/access.log.2018-07-27.gz HTTP/1.1" 200 25842 "-" "Mozilla/5.0 (compatible; DotBot/1.1; http://www.opensiteexplorer.org/dotbot, help@moz.com)" 
216.244.66.245 - - [04/Jan/2020:15:42:43 -0800] "GET /self.logs/access.log.2019-09-29.gz HTTP/1.1" 200 33251 "-" "Mozilla/5.0 (compatible; DotBot/1.1; http://www.opensiteexplorer.org/dotbot, help@moz.com)" 
216.244.66.245 - - [04/Jan/2020:15:42:45 -0800] "GET /self.logs/error.log.2018-02-20.gz HTTP/1.1" 200 4066 "-" "Mozilla/5.0 (compatible; DotBot/1.1; http://www.opensiteexplorer.org/dotbot, help@moz.com)" 
216.244.66.245 - - [04/Jan/2020:15:42:47 -0800] "GET /self.logs/error.log.2018-05-04.gz HTTP/1.1" 200 3219 "-" "Mozilla/5.0 (compatible; DotBot/1.1; http://www.opensiteexplorer.org/dotbot, help@moz.com)" 
216.244.66.245 - - [04/Jan/2020:15:43:41 -0800] "GET /self.logs/2015/access.log.2015-07-21.gz HTTP/1.1" 200 5815 "-" "Mozilla/5.0 (compatible; DotBot/1.1; http://www.opensiteexplorer.org/dotbot, help@moz.com)" 
216.244.66.245 - - [04/Jan/2020:15:43:42 -0800] "GET /self.logs/2015/access.log.2015-10-17.gz HTTP/1.1" 200 4524 "-" "Mozilla/5.0 (compatible; DotBot/1.1; http://www.opensiteexplorer.org/dotbot, help@moz.com)" 
216.244.66.245 - - [04/Jan/2020:15:43:43 -0800] "GET /self.logs/2015/access.log.2015-10-23.gz HTTP/1.1" 200 5165 "-" "Mozilla/5.0 (compatible; DotBot/1.1; http://www.opensiteexplorer.org/dotbot, help@moz.com)" 
216.244.66.245 - - [04/Jan/2020:15:43:44 -0800] "GET /self.logs/2015/error.log.2015-02-11.gz HTTP/1.1" 200 1271 "-" "Mozilla/5.0 (compatible; DotBot/1.1; http://www.opensiteexplorer.org/dotbot, help@moz.com)" 
216.244.66.245 - - [04/Jan/2020:15:43:45 -0800] "GET /self.logs/2015/error.log.2015-07-24.gz HTTP/1.1" 200 977 "-" "Mozilla/5.0 (compatible; DotBot/1.1; http://www.opensiteexplorer.org/dotbot, help@moz.com)" 
216.244.66.245 - - [04/Jan/2020:15:43:46 -0800] "GET /self.logs/2015/error.log.2015-12-26.gz HTTP/1.1" 200 520 "-" "Mozilla/5.0 (compatible; DotBot/1.1; http://www.opensiteexplorer.org/dotbot, help@moz.com)" 
216.244.66.245 - - [04/Jan/2020:15:43:47 -0800] "GET /self.logs/2016/access.log.2016-01-20.gz HTTP/1.1" 200 10348 "-" "Mozilla/5.0 (compatible; DotBot/1.1; http://www.opensiteexplorer.org/dotbot, help@moz.com)" 
216.244.66.245 - - [04/Jan/2020:15:43:48 -0800] "GET /self.logs/2016/access.log.2016-06-02.gz HTTP/1.1" 200 11189 "-" "Mozilla/5.0 (compatible; DotBot/1.1; http://www.opensiteexplorer.org/dotbot, help@moz.com)" 
216.244.66.245 - - [04/Jan/2020:15:43:49 -0800] "GET /self.logs/2016/access.log.2016-07-16.gz HTTP/1.1" 200 8587 "-" "Mozilla/5.0 (compatible; DotBot/1.1; http://www.opensiteexplorer.org/dotbot, help@moz.com)" 
216.244.66.245 - - [04/Jan/2020:15:43:50 -0800] "GET /self.logs/2016/access.log.2016-09-26.gz HTTP/1.1" 200 11154 "-" "Mozilla/5.0 (compatible; DotBot/1.1; http://www.opensiteexplorer.org/dotbot, help@moz.com)" 
216.244.66.245 - - [04/Jan/2020:15:43:51 -0800] "GET /self.logs/2016/access.log.2016-11-15.gz HTTP/1.1" 200 19543 "-" "Mozilla/5.0 (compatible; DotBot/1.1; http://www.opensiteexplorer.org/dotbot, help@moz.com)" 
216.244.66.245 - - [04/Jan/2020:15:43:53 -0800] "GET /self.logs/2016/error.log.2016-02-07.gz HTTP/1.1" 200 646 "-" "Mozilla/5.0 (compatible; DotBot/1.1; http://www.opensiteexplorer.org/dotbot, help@moz.com)" 
216.244.66.245 - - [04/Jan/2020:15:43:53 -0800] "GET /self.logs/2016/error.log.2016-02-04.gz HTTP/1.1" 200 822 "-" "Mozilla/5.0 (compatible; DotBot/1.1; http://www.opensiteexplorer.org/dotbot, help@moz.com)" 
216.244.66.245 - - [04/Jan/2020:15:43:54 -0800] "GET /self.logs/2016/error.log.2016-11-15.gz HTTP/1.1" 200 606 "-" "Mozilla/5.0 (compatible; DotBot/1.1; http://www.opensiteexplorer.org/dotbot, help@moz.com)" 
157.55.39.120 - - [04/Jan/2020:16:03:06 -0800] "GET /self.logs/error.log.2019-02-14.gz HTTP/1.1" 200 3517 "-" "Mozilla/5.0 (compatible; bingbot/2.0; +http://www.bing.com/bingbot.htm)" 
209.58.142.157 - - [04/Jan/2020:16:06:02 -0800] "GET / HTTP/1.1" 200 12660 "-" "Vienna/7130 (Macintosh; Intel macOS 10_13_6)" 
207.46.13.99 - - [04/Jan/2020:16:11:20 -0800] "GET /self.logs/access.log.2017-10-25.gz HTTP/1.1" 304 175 "-" "Mozilla/5.0 (compatible; bingbot/2.0; +http://www.bing.com/bingbot.htm)" 
157.55.39.120 - - [04/Jan/2020:16:19:17 -0800] "GET /self.logs/error.log.2017-03-11.gz HTTP/1.1" 200 688 "-" "Mozilla/5.0 (compatible; bingbot/2.0; +http://www.bing.com/bingbot.htm)" 
77.189.46.143 - - [04/Jan/2020:16:26:10 -0800] "GET / HTTP/1.1" 200 12660 "https://www.researchgate.net/" "Mozilla/5.0 (Windows NT 10.0; WOW64) AppleWebKit/537.36 (KHTML, like Gecko) Chrome/66.0.3359.181 Safari/537.36" 
77.189.46.143 - - [04/Jan/2020:16:26:10 -0800] "GET /css/style.css HTTP/1.1" 404 271 "http://www.secrepo.com/" "Mozilla/5.0 (Windows NT 10.0; WOW64) AppleWebKit/537.36 (KHTML, like Gecko) Chrome/66.0.3359.181 Safari/537.36" 
77.189.46.143 - - [04/Jan/2020:16:26:11 -0800] "GET /twitter-icon.png HTTP/1.1" 200 27787 "http://www.secrepo.com/" "Mozilla/5.0 (Windows NT 10.0; WOW64) AppleWebKit/537.36 (KHTML, like Gecko) Chrome/66.0.3359.181 Safari/537.36" 
77.189.46.143 - - [04/Jan/2020:16:26:11 -0800] "GET /GitHub-Mark.png HTTP/1.1" 200 7450 "http://www.secrepo.com/" "Mozilla/5.0 (Windows NT 10.0; WOW64) AppleWebKit/537.36 (KHTML, like Gecko) Chrome/66.0.3359.181 Safari/537.36" 
77.189.46.143 - - [04/Jan/2020:16:26:11 -0800] "GET /bootstrap/img/favicon.ico HTTP/1.1" 200 601 "http://www.secrepo.com/" "Mozilla/5.0 (Windows NT 10.0; WOW64) AppleWebKit/537.36 (KHTML, like Gecko) Chrome/66.0.3359.181 Safari/537.36" 
113.171.224.176 - - [04/Jan/2020:16:29:06 -0800] "GET /honeypot/Honeypot%20-%20Howto.pdf HTTP/1.1" 200 61320 "-" "Mozilla/5.0 Gecko/20100115 Firefox/3.6" 
123.125.71.14 - - [04/Jan/2020:16:36:29 -0800] "GET / HTTP/1.1" 301 438 "-" "Mozilla/5.0 (compatible; Baiduspider/2.0; +http://www.baidu.com/search/spider.html)" 
123.125.71.49 - - [04/Jan/2020:16:36:29 -0800] "GET / HTTP/1.1" 200 12623 "-" "Mozilla/5.0 (compatible; Baiduspider/2.0; +http://www.baidu.com/search/spider.html)" 
111.206.221.101 - - [04/Jan/2020:16:36:30 -0800] "GET /css/style.css HTTP/1.1" 404 250 "http://www.secrepo.com/" "Mozilla/5.0 (compatible; Baiduspider-render/2.0; +http://www.baidu.com/search/spider.html)" 
162.210.196.97 - - [04/Jan/2020:16:45:25 -0800] "GET /robots.txt HTTP/1.1" 200 288 "-" "Mozilla/5.0 (compatible; MJ12bot/v1.4.8; http://mj12bot.com/)" 
162.210.196.97 - - [04/Jan/2020:16:45:28 -0800] "GET / HTTP/1.1" 200 12616 "-" "Mozilla/5.0 (compatible; MJ12bot/v1.4.8; http://mj12bot.com/)" 
216.244.66.245 - - [04/Jan/2020:16:46:55 -0800] "GET /self.logs/access.log.2018-04-17.gz HTTP/1.1" 200 23343 "-" "Mozilla/5.0 (compatible; DotBot/1.1; http://www.opensiteexplorer.org/dotbot, help@moz.com)" 
216.244.66.245 - - [04/Jan/2020:16:46:57 -0800] "GET /self.logs/access.log.2018-07-17.gz HTTP/1.1" 200 24593 "-" "Mozilla/5.0 (compatible; DotBot/1.1; http://www.opensiteexplorer.org/dotbot, help@moz.com)" 
216.244.66.245 - - [04/Jan/2020:16:46:59 -0800] "GET /self.logs/access.log.2018-12-09.gz HTTP/1.1" 200 23139 "-" "Mozilla/5.0 (compatible; DotBot/1.1; http://www.opensiteexplorer.org/dotbot, help@moz.com)" 
