40.77.167.32 - - [05/May/2021:23:25:59 -0700] "GET /Datasets%20Description/Network/files.html HTTP/1.1" 200 1532 "-" "Mozilla/5.0 (compatible; bingbot/2.0; +http://www.bing.com/bingbot.htm)" 
114.119.150.248 - - [05/May/2021:23:26:45 -0700] "GET /self.logs/access.log.2017-08-30.gz HTTP/1.1" 200 29641 "-" "Mozilla/5.0 (Linux; Android 7.0;) AppleWebKit/537.36 (KHTML, like Gecko) Mobile Safari/537.36 (compatible; PetalBot;+https://webmaster.petalsearch.com/site/petalbot)" 
37.75.127.240 - - [05/May/2021:23:26:58 -0700] "GET /honeypot/Honeypot%20-%20Howto%20-%20BSides%20Austin.pdf HTTP/1.1" 200 1369480 "-" "Mozilla/4.0 (compatible; MSIE 6.0; Windows NT 5.1)" 
54.36.148.170 - - [05/May/2021:23:27:34 -0700] "GET /self.logs/access.log.2017-08-20.gz HTTP/1.1" 200 17348 "-" "Mozilla/5.0 (compatible; AhrefsBot/7.0; +http://ahrefs.com/robot/)" 
54.36.148.236 - - [05/May/2021:23:29:36 -0700] "GET /self.logs/error.log.2019-08-28.gz HTTP/1.1" 200 2772 "-" "Mozilla/5.0 (compatible; AhrefsBot/7.0; +http://ahrefs.com/robot/)" 
54.36.148.17 - - [05/May/2021:23:30:39 -0700] "GET /self.logs/access.log.2017-08-28.gz HTTP/1.1" 200 23303 "-" "Mozilla/5.0 (compatible; AhrefsBot/7.0; +http://ahrefs.com/robot/)" 
54.36.149.61 - - [05/May/2021:23:31:41 -0700] "GET /self.logs/error.log.2017-10-15.gz HTTP/1.1" 200 2108 "-" "Mozilla/5.0 (compatible; AhrefsBot/7.0; +http://ahrefs.com/robot/)" 
54.36.149.61 - - [05/May/2021:23:32:38 -0700] "GET /self.logs/access.log.2017-09-21.gz HTTP/1.1" 200 33266 "-" "Mozilla/5.0 (compatible; AhrefsBot/7.0; +http://ahrefs.com/robot/)" 
17.121.114.21 - - [05/May/2021:23:33:28 -0700] "GET /self.logs/error.log.2020-05-02 HTTP/1.1" 200 307 "-" "Mozilla/5.0 (Macintosh; Intel Mac OS X 10_15_5) AppleWebKit/605.1.15 (KHTML, like Gecko) Version/13.1.1 Safari/605.1.15 (Applebot/0.1; +http://www.apple.com/go/applebot)" 
114.119.130.95 - - [05/May/2021:23:33:35 -0700] "GET /self.logs/access.log.2018-02-04.gz HTTP/1.1" 200 21653 "-" "Mozilla/5.0 (Linux; Android 7.0;) AppleWebKit/537.36 (KHTML, like Gecko) Mobile Safari/537.36 (compatible; PetalBot;+https://webmaster.petalsearch.com/site/petalbot)" 
54.36.148.17 - - [05/May/2021:23:33:38 -0700] "GET /self.logs/access.log.2018-09-30.gz HTTP/1.1" 200 20826 "-" "Mozilla/5.0 (compatible; AhrefsBot/7.0; +http://ahrefs.com/robot/)" 
17.121.113.110 - - [05/May/2021:23:34:11 -0700] "GET /self.logs/error.log.2020-02-14 HTTP/1.1" 200 307 "-" "Mozilla/5.0 (Macintosh; Intel Mac OS X 10_15_5) AppleWebKit/605.1.15 (KHTML, like Gecko) Version/13.1.1 Safari/605.1.15 (Applebot/0.1; +http://www.apple.com/go/applebot)" 
54.36.148.212 - - [05/May/2021:23:34:36 -0700] "GET /self.logs/access.log.2018-02-17.gz HTTP/1.1" 200 15171 "-" "Mozilla/5.0 (compatible; AhrefsBot/7.0; +http://ahrefs.com/robot/)" 
54.36.148.17 - - [05/May/2021:23:35:34 -0700] "GET /self.logs/access.log.2018-09-21.gz HTTP/1.1" 200 44081 "-" "Mozilla/5.0 (compatible; AhrefsBot/7.0; +http://ahrefs.com/robot/)" 
54.36.148.17 - - [05/May/2021:23:36:31 -0700] "GET /self.logs/error.log.2018-10-16.gz HTTP/1.1" 200 4087 "-" "Mozilla/5.0 (compatible; AhrefsBot/7.0; +http://ahrefs.com/robot/)" 
54.36.148.17 - - [05/May/2021:23:37:35 -0700] "GET /self.logs/error.log.2020-01-24.gz HTTP/1.1" 200 1204 "-" "Mozilla/5.0 (compatible; AhrefsBot/7.0; +http://ahrefs.com/robot/)" 
54.36.148.17 - - [05/May/2021:23:38:39 -0700] "GET /self.logs/error.log.2017-06-23.gz HTTP/1.1" 200 788 "-" "Mozilla/5.0 (compatible; AhrefsBot/7.0; +http://ahrefs.com/robot/)" 
54.36.148.17 - - [05/May/2021:23:40:42 -0700] "GET /self.logs/error.log.2020-03-27 HTTP/1.1" 200 307 "-" "Mozilla/5.0 (compatible; AhrefsBot/7.0; +http://ahrefs.com/robot/)" 
49.7.20.105 - - [05/May/2021:23:41:06 -0700] "GET / HTTP/1.1" 200 12846 "-" "Sogou web spider/4.0(+http://www.sogou.com/docs/help/webmasters.htm#07)" 
54.36.148.17 - - [05/May/2021:23:42:38 -0700] "GET /self.logs/access.log.2018-11-30.gz HTTP/1.1" 200 22073 "-" "Mozilla/5.0 (compatible; AhrefsBot/7.0; +http://ahrefs.com/robot/)" 
17.121.113.110 - - [05/May/2021:23:42:39 -0700] "GET /self.logs/error.log.2020-04-19 HTTP/1.1" 200 307 "-" "Mozilla/5.0 (Macintosh; Intel Mac OS X 10_15_5) AppleWebKit/605.1.15 (KHTML, like Gecko) Version/13.1.1 Safari/605.1.15 (Applebot/0.1; +http://www.apple.com/go/applebot)" 
207.46.13.0 - - [05/May/2021:23:43:48 -0700] "GET /robots.txt HTTP/1.1" 200 377 "-" "Mozilla/5.0 (compatible; bingbot/2.0; +http://www.bing.com/bingbot.htm)" 
54.36.149.12 - - [05/May/2021:23:44:38 -0700] "GET /self.logs/error.log.2019-07-07.gz HTTP/1.1" 200 2646 "-" "Mozilla/5.0 (compatible; AhrefsBot/7.0; +http://ahrefs.com/robot/)" 
123.183.224.117 - - [05/May/2021:23:44:52 -0700] "GET / HTTP/1.1" 200 12846 "-" "Sogou web spider/4.0(+http://www.sogou.com/docs/help/webmasters.htm#07)" 
54.36.149.61 - - [05/May/2021:23:46:30 -0700] "GET /self.logs/error.log.2019-05-12.gz HTTP/1.1" 200 4275 "-" "Mozilla/5.0 (compatible; AhrefsBot/7.0; +http://ahrefs.com/robot/)" 
54.36.149.61 - - [05/May/2021:23:48:24 -0700] "GET /self.logs/error.log.2020-08-30 HTTP/1.1" 200 307 "-" "Mozilla/5.0 (compatible; AhrefsBot/7.0; +http://ahrefs.com/robot/)" 
54.36.149.61 - - [05/May/2021:23:50:25 -0700] "GET /self.logs/access.log.2017-09-01.gz HTTP/1.1" 200 22730 "-" "Mozilla/5.0 (compatible; AhrefsBot/7.0; +http://ahrefs.com/robot/)" 
54.36.148.17 - - [05/May/2021:23:54:26 -0700] "GET /self.logs/2016/access.log.2016-01-21.gz HTTP/1.1" 200 5601 "-" "Mozilla/5.0 (compatible; AhrefsBot/7.0; +http://ahrefs.com/robot/)" 
114.119.159.101 - - [05/May/2021:23:54:31 -0700] "GET /self.logs/2015/error.log.2015-10-10.gz HTTP/1.1" 200 910 "-" "Mozilla/5.0 (Linux; Android 7.0;) AppleWebKit/537.36 (KHTML, like Gecko) Mobile Safari/537.36 (compatible; PetalBot;+https://webmaster.petalsearch.com/site/petalbot)" 
117.136.26.112 - - [05/May/2021:23:56:08 -0700] "GET / HTTP/1.1" 200 12882 "https://m.baidu.com/" "Mozilla/5.0 (Linux; Android 9; V1901A Build/P00610; wv) AppleWebKit/537.36 (KHTML, like Gecko) Version/4.0 Chrome/76.0.3809.89 Mobile Safari/537.36 T7/11.20 SP-engine/2.16.0 baiduboxapp/11.20.0.14 (Baidu; P1 9)" 
54.36.148.17 - - [05/May/2021:23:58:32 -0700] "GET /self.logs/error.log.2018-09-05.gz HTTP/1.1" 200 6532 "-" "Mozilla/5.0 (compatible; AhrefsBot/7.0; +http://ahrefs.com/robot/)" 
114.119.140.84 - - [05/May/2021:23:59:02 -0700] "GET /self.logs/2015/access.log.2015-06-09.gz HTTP/1.1" 200 8260 "-" "Mozilla/5.0 (Linux; Android 7.0;) AppleWebKit/537.36 (KHTML, like Gecko) Mobile Safari/537.36 (compatible; PetalBot;+https://webmaster.petalsearch.com/site/petalbot)" 
54.36.148.17 - - [06/May/2021:00:02:39 -0700] "GET /self.logs/2016/access.log.2016-10-21.gz HTTP/1.1" 200 58459 "-" "Mozilla/5.0 (compatible; AhrefsBot/7.0; +http://ahrefs.com/robot/)" 
54.36.149.61 - - [06/May/2021:00:06:45 -0700] "GET /self.logs/access.log.2019-08-21.gz HTTP/1.1" 200 17490 "-" "Mozilla/5.0 (compatible; AhrefsBot/7.0; +http://ahrefs.com/robot/)" 
54.36.149.61 - - [06/May/2021:00:08:45 -0700] "GET /self.logs/2016/error.log.2016-11-01.gz HTTP/1.1" 200 889 "-" "Mozilla/5.0 (compatible; AhrefsBot/7.0; +http://ahrefs.com/robot/)" 
114.119.130.95 - - [06/May/2021:00:11:59 -0700] "GET /self.logs/error.log.2020-05-17 HTTP/1.1" 200 351 "-" "Mozilla/5.0 (Linux; Android 7.0;) AppleWebKit/537.36 (KHTML, like Gecko) Mobile Safari/537.36 (compatible; PetalBot;+https://webmaster.petalsearch.com/site/petalbot)" 
54.36.148.17 - - [06/May/2021:00:12:56 -0700] "GET /self.logs/error.log.2017-04-03.gz HTTP/1.1" 200 4359 "-" "Mozilla/5.0 (compatible; AhrefsBot/7.0; +http://ahrefs.com/robot/)" 
18.166.68.119 - - [06/May/2021:00:13:16 -0700] "GET /misc/zeus_dga_domains.txt.zip HTTP/1.1" 200 592337 "-" "Mozilla/5.0 (Windows NT 10.0; Win64; x64) AppleWebKit/537.36 (KHTML, like Gecko) Chrome/90.0.4430.93 Safari/537.36 Edg/90.0.818.51" 
49.7.20.105 - - [06/May/2021:00:15:14 -0700] "GET / HTTP/1.1" 301 438 "-" "Sogou web spider/4.0(+http://www.sogou.com/docs/help/webmasters.htm#07)" 
54.36.149.56 - - [06/May/2021:00:17:02 -0700] "GET /self.logs/2016/access.log.2016-01-06.gz HTTP/1.1" 200 5503 "-" "Mozilla/5.0 (compatible; AhrefsBot/7.0; +http://ahrefs.com/robot/)" 
114.119.157.43 - - [06/May/2021:00:17:24 -0700] "GET /self.logs/2015/access.log.2015-11-21.gz HTTP/1.1" 200 5469 "-" "Mozilla/5.0 (Linux; Android 7.0;) AppleWebKit/537.36 (KHTML, like Gecko) Mobile Safari/537.36 (compatible; PetalBot;+https://webmaster.petalsearch.com/site/petalbot)" 
54.36.149.61 - - [06/May/2021:00:19:02 -0700] "GET /self.logs/error.log.2017-02-23.gz HTTP/1.1" 200 1016 "-" "Mozilla/5.0 (compatible; AhrefsBot/7.0; +http://ahrefs.com/robot/)" 
17.121.114.124 - - [06/May/2021:00:20:46 -0700] "GET /self.logs/error.log.2020-04-06 HTTP/1.1" 200 307 "-" "Mozilla/5.0 (Macintosh; Intel Mac OS X 10_15_5) AppleWebKit/605.1.15 (KHTML, like Gecko) Version/13.1.1 Safari/605.1.15 (Applebot/0.1; +http://www.apple.com/go/applebot)" 
54.36.148.17 - - [06/May/2021:00:21:06 -0700] "GET /self.logs/2016/access.log.2016-09-24.gz HTTP/1.1" 200 5540 "-" "Mozilla/5.0 (compatible; AhrefsBot/7.0; +http://ahrefs.com/robot/)" 
54.36.149.61 - - [06/May/2021:00:22:05 -0700] "GET /self.logs/error.log.2020-06-29 HTTP/1.1" 200 307 "-" "Mozilla/5.0 (compatible; AhrefsBot/7.0; +http://ahrefs.com/robot/)" 
114.119.140.84 - - [06/May/2021:00:23:53 -0700] "GET /self.logs/error.log.2018-10-06.gz HTTP/1.1" 200 4339 "-" "Mozilla/5.0 (Linux; Android 7.0;) AppleWebKit/537.36 (KHTML, like Gecko) Mobile Safari/537.36 (compatible; PetalBot;+https://webmaster.petalsearch.com/site/petalbot)" 
54.36.149.89 - - [06/May/2021:00:24:10 -0700] "GET /self.logs/2016/access.log.2016-09-20.gz HTTP/1.1" 200 11161 "-" "Mozilla/5.0 (compatible; AhrefsBot/7.0; +http://ahrefs.com/robot/)" 
54.36.149.61 - - [06/May/2021:00:25:11 -0700] "GET /self.logs/2016/access.log.2016-03-05.gz HTTP/1.1" 200 6768 "-" "Mozilla/5.0 (compatible; AhrefsBot/7.0; +http://ahrefs.com/robot/)" 
54.36.149.61 - - [06/May/2021:00:27:11 -0700] "GET /self.logs/access.log.2018-05-02.gz HTTP/1.1" 200 18081 "-" "Mozilla/5.0 (compatible; AhrefsBot/7.0; +http://ahrefs.com/robot/)" 
114.119.155.10 - - [06/May/2021:00:27:34 -0700] "GET /robots.txt HTTP/1.1" 200 377 "-" "Mozilla/5.0 (compatible;PetalBot;+https://webmaster.petalsearch.com/site/petalbot)" 
54.36.148.20 - - [06/May/2021:00:28:11 -0700] "GET /self.logs/2016/error.log.2016-01-21.gz HTTP/1.1" 200 567 "-" "Mozilla/5.0 (compatible; AhrefsBot/7.0; +http://ahrefs.com/robot/)" 
207.46.13.102 - - [06/May/2021:00:28:34 -0700] "GET /self.logs/access.log.2020-06-17.gz HTTP/1.1" 200 319657 "-" "Mozilla/5.0 (compatible; bingbot/2.0; +http://www.bing.com/bingbot.htm)" 
207.46.13.102 - - [06/May/2021:00:28:34 -0700] "GET /self.logs/access.log.2017-11-04.gz HTTP/1.1" 200 21000 "-" "Mozilla/5.0 (compatible; bingbot/2.0; +http://www.bing.com/bingbot.htm)" 
207.46.13.102 - - [06/May/2021:00:28:34 -0700] "GET /self.logs/access.log.2017-03-21.gz HTTP/1.1" 200 26762 "-" "Mozilla/5.0 (compatible; bingbot/2.0; +http://www.bing.com/bingbot.htm)" 
207.46.13.102 - - [06/May/2021:00:28:34 -0700] "GET /self.logs/access.log.2017-04-19.gz HTTP/1.1" 200 19629 "-" "Mozilla/5.0 (compatible; bingbot/2.0; +http://www.bing.com/bingbot.htm)" 
207.46.13.102 - - [06/May/2021:00:28:34 -0700] "GET /self.logs/access.log.2017-05-08.gz HTTP/1.1" 200 18511 "-" "Mozilla/5.0 (compatible; bingbot/2.0; +http://www.bing.com/bingbot.htm)" 
207.46.13.102 - - [06/May/2021:00:28:34 -0700] "GET /self.logs/access.log.2018-04-16.gz HTTP/1.1" 200 19789 "-" "Mozilla/5.0 (compatible; bingbot/2.0; +http://www.bing.com/bingbot.htm)" 
207.46.13.102 - - [06/May/2021:00:28:34 -0700] "GET /self.logs/access.log.2017-01-23.gz HTTP/1.1" 200 45677 "-" "Mozilla/5.0 (compatible; bingbot/2.0; +http://www.bing.com/bingbot.htm)" 
207.46.13.102 - - [06/May/2021:00:28:35 -0700] "GET /self.logs/access.log.2017-07-10.gz HTTP/1.1" 200 16915 "-" "Mozilla/5.0 (compatible; bingbot/2.0; +http://www.bing.com/bingbot.htm)" 
207.46.13.102 - - [06/May/2021:00:28:35 -0700] "GET /self.logs/access.log.2017-11-19.gz HTTP/1.1" 200 27689 "-" "Mozilla/5.0 (compatible; bingbot/2.0; +http://www.bing.com/bingbot.htm)" 
207.46.13.102 - - [06/May/2021:00:28:35 -0700] "GET /self.logs/access.log.2017-12-22.gz HTTP/1.1" 200 19232 "-" "Mozilla/5.0 (compatible; bingbot/2.0; +http://www.bing.com/bingbot.htm)" 
207.46.13.102 - - [06/May/2021:00:28:35 -0700] "GET /self.logs/access.log.2017-09-16.gz HTTP/1.1" 200 35639 "-" "Mozilla/5.0 (compatible; bingbot/2.0; +http://www.bing.com/bingbot.htm)" 
207.46.13.102 - - [06/May/2021:00:28:35 -0700] "GET /self.logs/access.log.2017-02-14.gz HTTP/1.1" 200 53719 "-" "Mozilla/5.0 (compatible; bingbot/2.0; +http://www.bing.com/bingbot.htm)" 
207.46.13.102 - - [06/May/2021:00:28:35 -0700] "GET /self.logs/access.log.2017-10-10.gz HTTP/1.1" 200 23028 "-" "Mozilla/5.0 (compatible; bingbot/2.0; +http://www.bing.com/bingbot.htm)" 
207.46.13.102 - - [06/May/2021:00:28:35 -0700] "GET /self.logs/access.log.2018-02-06.gz HTTP/1.1" 200 29283 "-" "Mozilla/5.0 (compatible; bingbot/2.0; +http://www.bing.com/bingbot.htm)" 
207.46.13.102 - - [06/May/2021:00:28:35 -0700] "GET /self.logs/access.log.2018-02-12.gz HTTP/1.1" 200 21623 "-" "Mozilla/5.0 (compatible; bingbot/2.0; +http://www.bing.com/bingbot.htm)" 
207.46.13.102 - - [06/May/2021:00:28:35 -0700] "GET /self.logs/access.log.2018-03-20.gz HTTP/1.1" 200 21123 "-" "Mozilla/5.0 (compatible; bingbot/2.0; +http://www.bing.com/bingbot.htm)" 
40.77.167.36 - - [06/May/2021:00:28:48 -0700] "GET /self.logs/access.log.2020-07-28.gz HTTP/1.1" 200 31896 "-" "Mozilla/5.0 (compatible; bingbot/2.0; +http://www.bing.com/bingbot.htm)" 
40.77.167.36 - - [06/May/2021:00:28:48 -0700] "GET /self.logs/access.log.2020-04-14.gz HTTP/1.1" 200 30537 "-" "Mozilla/5.0 (compatible; bingbot/2.0; +http://www.bing.com/bingbot.htm)" 
40.77.167.36 - - [06/May/2021:00:28:48 -0700] "GET /self.logs/access.log.2018-09-07.gz HTTP/1.1" 200 27991 "-" "Mozilla/5.0 (compatible; bingbot/2.0; +http://www.bing.com/bingbot.htm)" 
40.77.167.36 - - [06/May/2021:00:28:49 -0700] "GET /self.logs/access.log.2017-03-15.gz HTTP/1.1" 200 15791 "-" "Mozilla/5.0 (compatible; bingbot/2.0; +http://www.bing.com/bingbot.htm)" 
40.77.167.36 - - [06/May/2021:00:28:49 -0700] "GET /self.logs/access.log.2017-03-27.gz HTTP/1.1" 200 15629 "-" "Mozilla/5.0 (compatible; bingbot/2.0; +http://www.bing.com/bingbot.htm)" 
40.77.167.36 - - [06/May/2021:00:28:50 -0700] "GET /self.logs/access.log.2017-06-14.gz HTTP/1.1" 200 37423 "-" "Mozilla/5.0 (compatible; bingbot/2.0; +http://www.bing.com/bingbot.htm)" 
40.77.167.36 - - [06/May/2021:00:28:50 -0700] "GET /self.logs/access.log.2017-06-24.gz HTTP/1.1" 200 33031 "-" "Mozilla/5.0 (compatible; bingbot/2.0; +http://www.bing.com/bingbot.htm)" 
40.77.167.36 - - [06/May/2021:00:28:50 -0700] "GET /self.logs/access.log.2017-11-23.gz HTTP/1.1" 200 22434 "-" "Mozilla/5.0 (compatible; bingbot/2.0; +http://www.bing.com/bingbot.htm)" 
40.77.167.36 - - [06/May/2021:00:28:50 -0700] "GET /self.logs/access.log.2017-07-21.gz HTTP/1.1" 200 36158 "-" "Mozilla/5.0 (compatible; bingbot/2.0; +http://www.bing.com/bingbot.htm)" 
40.77.167.36 - - [06/May/2021:00:28:50 -0700] "GET /self.logs/access.log.2017-01-03.gz HTTP/1.1" 200 41141 "-" "Mozilla/5.0 (compatible; bingbot/2.0; +http://www.bing.com/bingbot.htm)" 
40.77.167.36 - - [06/May/2021:00:28:50 -0700] "GET /self.logs/access.log.2017-08-19.gz HTTP/1.1" 200 16080 "-" "Mozilla/5.0 (compatible; bingbot/2.0; +http://www.bing.com/bingbot.htm)" 
40.77.167.36 - - [06/May/2021:00:28:50 -0700] "GET /self.logs/access.log.2017-09-27.gz HTTP/1.1" 200 32234 "-" "Mozilla/5.0 (compatible; bingbot/2.0; +http://www.bing.com/bingbot.htm)" 
40.77.167.36 - - [06/May/2021:00:28:50 -0700] "GET /self.logs/access.log.2017-10-16.gz HTTP/1.1" 200 23850 "-" "Mozilla/5.0 (compatible; bingbot/2.0; +http://www.bing.com/bingbot.htm)" 
40.77.167.36 - - [06/May/2021:00:28:50 -0700] "GET /self.logs/access.log.2018-01-14.gz HTTP/1.1" 200 18941 "-" "Mozilla/5.0 (compatible; bingbot/2.0; +http://www.bing.com/bingbot.htm)" 
40.77.167.36 - - [06/May/2021:00:28:50 -0700] "GET /self.logs/access.log.2018-02-28.gz HTTP/1.1" 200 24575 "-" "Mozilla/5.0 (compatible; bingbot/2.0; +http://www.bing.com/bingbot.htm)" 
40.77.167.32 - - [06/May/2021:00:29:04 -0700] "GET /self.logs/access.log.2020-07-09.gz HTTP/1.1" 200 47702 "-" "Mozilla/5.0 (compatible; bingbot/2.0; +http://www.bing.com/bingbot.htm)" 
40.77.167.32 - - [06/May/2021:00:29:04 -0700] "GET /self.logs/access.log.2020-04-24.gz HTTP/1.1" 200 89505 "-" "Mozilla/5.0 (compatible; bingbot/2.0; +http://www.bing.com/bingbot.htm)" 
40.77.167.32 - - [06/May/2021:00:29:04 -0700] "GET /self.logs/access.log.2017-04-05.gz HTTP/1.1" 200 52320 "-" "Mozilla/5.0 (compatible; bingbot/2.0; +http://www.bing.com/bingbot.htm)" 
40.77.167.32 - - [06/May/2021:00:29:04 -0700] "GET /self.logs/access.log.2017-04-11.gz HTTP/1.1" 200 32523 "-" "Mozilla/5.0 (compatible; bingbot/2.0; +http://www.bing.com/bingbot.htm)" 
40.77.167.32 - - [06/May/2021:00:29:04 -0700] "GET /self.logs/access.log.2017-04-24.gz HTTP/1.1" 200 17175 "-" "Mozilla/5.0 (compatible; bingbot/2.0; +http://www.bing.com/bingbot.htm)" 
40.77.167.32 - - [06/May/2021:00:29:04 -0700] "GET /self.logs/access.log.2017-01-12.gz HTTP/1.1" 200 86551 "-" "Mozilla/5.0 (compatible; bingbot/2.0; +http://www.bing.com/bingbot.htm)" 
40.77.167.32 - - [06/May/2021:00:29:04 -0700] "GET /self.logs/access.log.2017-01-10.gz HTTP/1.1" 200 96203 "-" "Mozilla/5.0 (compatible; bingbot/2.0; +http://www.bing.com/bingbot.htm)" 
40.77.167.32 - - [06/May/2021:00:29:04 -0700] "GET /self.logs/access.log.2017-05-14.gz HTTP/1.1" 200 36001 "-" "Mozilla/5.0 (compatible; bingbot/2.0; +http://www.bing.com/bingbot.htm)" 
40.77.167.32 - - [06/May/2021:00:29:04 -0700] "GET /self.logs/access.log.2017-11-18.gz HTTP/1.1" 200 19442 "-" "Mozilla/5.0 (compatible; bingbot/2.0; +http://www.bing.com/bingbot.htm)" 
40.77.167.32 - - [06/May/2021:00:29:04 -0700] "GET /self.logs/access.log.2017-12-05.gz HTTP/1.1" 200 25598 "-" "Mozilla/5.0 (compatible; bingbot/2.0; +http://www.bing.com/bingbot.htm)" 
40.77.167.32 - - [06/May/2021:00:29:04 -0700] "GET /self.logs/access.log.2017-12-14.gz HTTP/1.1" 200 24879 "-" "Mozilla/5.0 (compatible; bingbot/2.0; +http://www.bing.com/bingbot.htm)" 
40.77.167.32 - - [06/May/2021:00:29:04 -0700] "GET /self.logs/access.log.2017-09-10.gz HTTP/1.1" 200 21853 "-" "Mozilla/5.0 (compatible; bingbot/2.0; +http://www.bing.com/bingbot.htm)" 
54.36.148.17 - - [06/May/2021:00:29:11 -0700] "GET /self.logs/2016/error.log.2016-09-16.gz HTTP/1.1" 200 1616 "-" "Mozilla/5.0 (compatible; AhrefsBot/7.0; +http://ahrefs.com/robot/)" 
207.46.13.134 - - [06/May/2021:00:29:16 -0700] "GET /Datasets%20Description/HTML_Bro_log_3/conn.html HTTP/1.1" 200 2009 "-" "Mozilla/5.0 (compatible; bingbot/2.0; +http://www.bing.com/bingbot.htm)" 
207.46.13.134 - - [06/May/2021:00:29:16 -0700] "GET /self.logs/error.log.2017-03-14.gz HTTP/1.1" 200 1203 "-" "Mozilla/5.0 (compatible; bingbot/2.0; +http://www.bing.com/bingbot.htm)" 
207.46.13.134 - - [06/May/2021:00:29:16 -0700] "GET /self.logs/access.log.2020-09-01.gz HTTP/1.1" 200 44561 "-" "Mozilla/5.0 (compatible; bingbot/2.0; +http://www.bing.com/bingbot.htm)" 
207.46.13.134 - - [06/May/2021:00:29:16 -0700] "GET /self.logs/access.log.2020-08-06.gz HTTP/1.1" 200 35772 "-" "Mozilla/5.0 (compatible; bingbot/2.0; +http://www.bing.com/bingbot.htm)" 
207.46.13.134 - - [06/May/2021:00:29:16 -0700] "GET /self.logs/access.log.2018-11-15.gz HTTP/1.1" 200 46101 "-" "Mozilla/5.0 (compatible; bingbot/2.0; +http://www.bing.com/bingbot.htm)" 
207.46.13.134 - - [06/May/2021:00:29:17 -0700] "GET /self.logs/access.log.2017-03-08.gz HTTP/1.1" 200 18042 "-" "Mozilla/5.0 (compatible; bingbot/2.0; +http://www.bing.com/bingbot.htm)" 
207.46.13.134 - - [06/May/2021:00:29:17 -0700] "GET /self.logs/access.log.2017-11-05.gz HTTP/1.1" 200 26667 "-" "Mozilla/5.0 (compatible; bingbot/2.0; +http://www.bing.com/bingbot.htm)" 
207.46.13.134 - - [06/May/2021:00:29:17 -0700] "GET /self.logs/access.log.2017-05-24.gz HTTP/1.1" 200 56502 "-" "Mozilla/5.0 (compatible; bingbot/2.0; +http://www.bing.com/bingbot.htm)" 
207.46.13.134 - - [06/May/2021:00:29:17 -0700] "GET /self.logs/access.log.2017-06-21.gz HTTP/1.1" 200 25184 "-" "Mozilla/5.0 (compatible; bingbot/2.0; +http://www.bing.com/bingbot.htm)" 
207.46.13.134 - - [06/May/2021:00:29:17 -0700] "GET /self.logs/access.log.2017-01-04.gz HTTP/1.1" 200 33841 "-" "Mozilla/5.0 (compatible; bingbot/2.0; +http://www.bing.com/bingbot.htm)" 
207.46.13.134 - - [06/May/2021:00:29:17 -0700] "GET /self.logs/access.log.2017-07-14.gz HTTP/1.1" 200 21433 "-" "Mozilla/5.0 (compatible; bingbot/2.0; +http://www.bing.com/bingbot.htm)" 
207.46.13.134 - - [06/May/2021:00:29:17 -0700] "GET /self.logs/access.log.2017-07-16.gz HTTP/1.1" 200 16850 "-" "Mozilla/5.0 (compatible; bingbot/2.0; +http://www.bing.com/bingbot.htm)" 
207.46.13.134 - - [06/May/2021:00:29:17 -0700] "GET /self.logs/access.log.2017-07-18.gz HTTP/1.1" 200 20421 "-" "Mozilla/5.0 (compatible; bingbot/2.0; +http://www.bing.com/bingbot.htm)" 
207.46.13.134 - - [06/May/2021:00:29:17 -0700] "GET /self.logs/access.log.2017-12-09.gz HTTP/1.1" 200 48344 "-" "Mozilla/5.0 (compatible; bingbot/2.0; +http://www.bing.com/bingbot.htm)" 
207.46.13.134 - - [06/May/2021:00:29:17 -0700] "GET /self.logs/access.log.2017-01-01.gz HTTP/1.1" 200 17655 "-" "Mozilla/5.0 (compatible; bingbot/2.0; +http://www.bing.com/bingbot.htm)" 
207.46.13.134 - - [06/May/2021:00:29:17 -0700] "GET /self.logs/access.log.2017-08-06.gz HTTP/1.1" 200 54042 "-" "Mozilla/5.0 (compatible; bingbot/2.0; +http://www.bing.com/bingbot.htm)" 
207.46.13.134 - - [06/May/2021:00:29:18 -0700] "GET /self.logs/access.log.2017-09-20.gz HTTP/1.1" 200 53952 "-" "Mozilla/5.0 (compatible; bingbot/2.0; +http://www.bing.com/bingbot.htm)" 
207.46.13.134 - - [06/May/2021:00:29:18 -0700] "GET /self.logs/access.log.2017-09-29.gz HTTP/1.1" 200 21486 "-" "Mozilla/5.0 (compatible; bingbot/2.0; +http://www.bing.com/bingbot.htm)" 
207.46.13.134 - - [06/May/2021:00:29:18 -0700] "GET /self.logs/access.log.2017-10-09.gz HTTP/1.1" 200 31518 "-" "Mozilla/5.0 (compatible; bingbot/2.0; +http://www.bing.com/bingbot.htm)" 
207.46.13.134 - - [06/May/2021:00:29:18 -0700] "GET /self.logs/access.log.2018-01-18.gz HTTP/1.1" 200 27062 "-" "Mozilla/5.0 (compatible; bingbot/2.0; +http://www.bing.com/bingbot.htm)" 
207.46.13.134 - - [06/May/2021:00:29:18 -0700] "GET /self.logs/access.log.2018-02-13.gz HTTP/1.1" 200 38162 "-" "Mozilla/5.0 (compatible; bingbot/2.0; +http://www.bing.com/bingbot.htm)" 
207.46.13.134 - - [06/May/2021:00:29:18 -0700] "GET /self.logs/access.log.2018-02-16.gz HTTP/1.1" 200 41411 "-" "Mozilla/5.0 (compatible; bingbot/2.0; +http://www.bing.com/bingbot.htm)" 
207.46.13.134 - - [06/May/2021:00:29:18 -0700] "GET /self.logs/access.log.2018-02-21.gz HTTP/1.1" 200 24073 "-" "Mozilla/5.0 (compatible; bingbot/2.0; +http://www.bing.com/bingbot.htm)" 
207.46.13.134 - - [06/May/2021:00:29:18 -0700] "GET /self.logs/access.log.2018-02-23.gz HTTP/1.1" 200 24972 "-" "Mozilla/5.0 (compatible; bingbot/2.0; +http://www.bing.com/bingbot.htm)" 
207.46.13.134 - - [06/May/2021:00:29:18 -0700] "GET /self.logs/access.log.2017-02-06.gz HTTP/1.1" 200 30087 "-" "Mozilla/5.0 (compatible; bingbot/2.0; +http://www.bing.com/bingbot.htm)" 
40.77.167.38 - - [06/May/2021:00:29:41 -0700] "GET /self.logs/error.log.2017-05-02.gz HTTP/1.1" 200 994 "-" "Mozilla/5.0 (compatible; bingbot/2.0; +http://www.bing.com/bingbot.htm)" 
40.77.167.38 - - [06/May/2021:00:29:41 -0700] "GET /self.logs/error.log.2017-01-03.gz HTTP/1.1" 200 4493 "-" "Mozilla/5.0 (compatible; bingbot/2.0; +http://www.bing.com/bingbot.htm)" 
40.77.167.38 - - [06/May/2021:00:29:41 -0700] "GET /self.logs/access.log.2019-10-29.gz HTTP/1.1" 200 26271 "-" "Mozilla/5.0 (compatible; bingbot/2.0; +http://www.bing.com/bingbot.htm)" 
40.77.167.38 - - [06/May/2021:00:29:41 -0700] "GET /self.logs/access.log.2019-09-24.gz HTTP/1.1" 200 24061 "-" "Mozilla/5.0 (compatible; bingbot/2.0; +http://www.bing.com/bingbot.htm)" 
40.77.167.38 - - [06/May/2021:00:29:41 -0700] "GET /self.logs/access.log.2018-12-30.gz HTTP/1.1" 200 20083 "-" "Mozilla/5.0 (compatible; bingbot/2.0; +http://www.bing.com/bingbot.htm)" 
40.77.167.38 - - [06/May/2021:00:29:41 -0700] "GET /self.logs/access.log.2017-11-01.gz HTTP/1.1" 200 43346 "-" "Mozilla/5.0 (compatible; bingbot/2.0; +http://www.bing.com/bingbot.htm)" 
40.77.167.38 - - [06/May/2021:00:29:41 -0700] "GET /self.logs/access.log.2017-05-12.gz HTTP/1.1" 200 56922 "-" "Mozilla/5.0 (compatible; bingbot/2.0; +http://www.bing.com/bingbot.htm)" 
40.77.167.38 - - [06/May/2021:00:29:41 -0700] "GET /self.logs/access.log.2017-06-20.gz HTTP/1.1" 200 26805 "-" "Mozilla/5.0 (compatible; bingbot/2.0; +http://www.bing.com/bingbot.htm)" 
40.77.167.38 - - [06/May/2021:00:29:41 -0700] "GET /self.logs/access.log.2017-11-15.gz HTTP/1.1" 200 29599 "-" "Mozilla/5.0 (compatible; bingbot/2.0; +http://www.bing.com/bingbot.htm)" 
40.77.167.38 - - [06/May/2021:00:29:41 -0700] "GET /self.logs/access.log.2017-07-12.gz HTTP/1.1" 200 39270 "-" "Mozilla/5.0 (compatible; bingbot/2.0; +http://www.bing.com/bingbot.htm)" 
40.77.167.38 - - [06/May/2021:00:29:41 -0700] "GET /self.logs/access.log.2018-08-19.gz HTTP/1.1" 200 17530 "-" "Mozilla/5.0 (compatible; bingbot/2.0; +http://www.bing.com/bingbot.htm)" 
40.77.167.38 - - [06/May/2021:00:29:41 -0700] "GET /self.logs/access.log.2017-07-29.gz HTTP/1.1" 200 13266 "-" "Mozilla/5.0 (compatible; bingbot/2.0; +http://www.bing.com/bingbot.htm)" 
40.77.167.38 - - [06/May/2021:00:29:41 -0700] "GET /self.logs/access.log.2017-08-26.gz HTTP/1.1" 200 16625 "-" "Mozilla/5.0 (compatible; bingbot/2.0; +http://www.bing.com/bingbot.htm)" 
40.77.167.38 - - [06/May/2021:00:29:41 -0700] "GET /self.logs/access.log.2017-09-13.gz HTTP/1.1" 200 32870 "-" "Mozilla/5.0 (compatible; bingbot/2.0; +http://www.bing.com/bingbot.htm)" 
40.77.167.38 - - [06/May/2021:00:29:41 -0700] "GET /self.logs/access.log.2017-09-30.gz HTTP/1.1" 200 19292 "-" "Mozilla/5.0 (compatible; bingbot/2.0; +http://www.bing.com/bingbot.htm)" 
40.77.167.38 - - [06/May/2021:00:29:41 -0700] "GET /self.logs/access.log.2018-01-04.gz HTTP/1.1" 200 25356 "-" "Mozilla/5.0 (compatible; bingbot/2.0; +http://www.bing.com/bingbot.htm)" 
40.77.167.38 - - [06/May/2021:00:29:41 -0700] "GET /self.logs/access.log.2018-01-20.gz HTTP/1.1" 200 18864 "-" "Mozilla/5.0 (compatible; bingbot/2.0; +http://www.bing.com/bingbot.htm)" 
40.77.167.38 - - [06/May/2021:00:29:41 -0700] "GET /self.logs/access.log.2018-02-17.gz HTTP/1.1" 200 15192 "-" "Mozilla/5.0 (compatible; bingbot/2.0; +http://www.bing.com/bingbot.htm)" 
40.77.167.38 - - [06/May/2021:00:29:41 -0700] "GET /self.logs/access.log.2018-02-22.gz HTTP/1.1" 200 22550 "-" "Mozilla/5.0 (compatible; bingbot/2.0; +http://www.bing.com/bingbot.htm)" 
40.77.167.38 - - [06/May/2021:00:29:41 -0700] "GET /self.logs/access.log.2017-10-19.gz HTTP/1.1" 200 52951 "-" "Mozilla/5.0 (compatible; bingbot/2.0; +http://www.bing.com/bingbot.htm)" 
40.77.167.38 - - [06/May/2021:00:29:41 -0700] "GET /self.logs/access.log.2017-10-25.gz HTTP/1.1" 200 21337 "-" "Mozilla/5.0 (compatible; bingbot/2.0; +http://www.bing.com/bingbot.htm)" 
207.46.13.129 - - [06/May/2021:00:30:02 -0700] "GET /self.logs/2015/access.log.2015-10-20.gz HTTP/1.1" 304 280 "-" "Mozilla/5.0 (compatible; bingbot/2.0; +http://www.bing.com/bingbot.htm)" 
207.46.13.129 - - [06/May/2021:00:30:02 -0700] "GET /self.logs/access.log.2020-10-20.gz HTTP/1.1" 200 36381 "-" "Mozilla/5.0 (compatible; bingbot/2.0; +http://www.bing.com/bingbot.htm)" 
207.46.13.129 - - [06/May/2021:00:30:02 -0700] "GET /self.logs/access.log.2019-09-18.gz HTTP/1.1" 200 27476 "-" "Mozilla/5.0 (compatible; bingbot/2.0; +http://www.bing.com/bingbot.htm)" 
207.46.13.129 - - [06/May/2021:00:30:02 -0700] "GET /self.logs/access.log.2017-04-06.gz HTTP/1.1" 200 31658 "-" "Mozilla/5.0 (compatible; bingbot/2.0; +http://www.bing.com/bingbot.htm)" 
207.46.13.129 - - [06/May/2021:00:30:02 -0700] "GET /self.logs/access.log.2017-04-08.gz HTTP/1.1" 200 16255 "-" "Mozilla/5.0 (compatible; bingbot/2.0; +http://www.bing.com/bingbot.htm)" 
207.46.13.129 - - [06/May/2021:00:30:02 -0700] "GET /self.logs/access.log.2017-06-04.gz HTTP/1.1" 200 25066 "-" "Mozilla/5.0 (compatible; bingbot/2.0; +http://www.bing.com/bingbot.htm)" 
207.46.13.129 - - [06/May/2021:00:30:02 -0700] "GET /self.logs/access.log.2017-06-19.gz HTTP/1.1" 200 27791 "-" "Mozilla/5.0 (compatible; bingbot/2.0; +http://www.bing.com/bingbot.htm)" 
207.46.13.129 - - [06/May/2021:00:30:02 -0700] "GET /self.logs/access.log.2017-01-05.gz HTTP/1.1" 200 42687 "-" "Mozilla/5.0 (compatible; bingbot/2.0; +http://www.bing.com/bingbot.htm)" 
207.46.13.129 - - [06/May/2021:00:30:03 -0700] "GET /self.logs/access.log.2017-01-16.gz HTTP/1.1" 200 43062 "-" "Mozilla/5.0 (compatible; bingbot/2.0; +http://www.bing.com/bingbot.htm)" 
207.46.13.129 - - [06/May/2021:00:30:03 -0700] "GET /self.logs/access.log.2017-07-01.gz HTTP/1.1" 200 12663 "-" "Mozilla/5.0 (compatible; bingbot/2.0; +http://www.bing.com/bingbot.htm)" 
207.46.13.129 - - [06/May/2021:00:30:03 -0700] "GET /self.logs/access.log.2017-04-03.gz HTTP/1.1" 200 33865 "-" "Mozilla/5.0 (compatible; bingbot/2.0; +http://www.bing.com/bingbot.htm)" 
207.46.13.129 - - [06/May/2021:00:30:03 -0700] "GET /self.logs/access.log.2017-01-02.gz HTTP/1.1" 200 26806 "-" "Mozilla/5.0 (compatible; bingbot/2.0; +http://www.bing.com/bingbot.htm)" 
207.46.13.129 - - [06/May/2021:00:30:03 -0700] "GET /self.logs/access.log.2017-07-31.gz HTTP/1.1" 200 52716 "-" "Mozilla/5.0 (compatible; bingbot/2.0; +http://www.bing.com/bingbot.htm)" 
207.46.13.129 - - [06/May/2021:00:30:03 -0700] "GET /self.logs/access.log.2017-08-24.gz HTTP/1.1" 200 22534 "-" "Mozilla/5.0 (compatible; bingbot/2.0; +http://www.bing.com/bingbot.htm)" 
207.46.13.129 - - [06/May/2021:00:30:03 -0700] "GET /self.logs/access.log.2017-09-02.gz HTTP/1.1" 200 16432 "-" "Mozilla/5.0 (compatible; bingbot/2.0; +http://www.bing.com/bingbot.htm)" 
207.46.13.129 - - [06/May/2021:00:30:03 -0700] "GET /self.logs/access.log.2017-09-23.gz HTTP/1.1" 200 26174 "-" "Mozilla/5.0 (compatible; bingbot/2.0; +http://www.bing.com/bingbot.htm)" 
207.46.13.129 - - [06/May/2021:00:30:03 -0700] "GET /self.logs/access.log.2017-10-08.gz HTTP/1.1" 200 34566 "-" "Mozilla/5.0 (compatible; bingbot/2.0; +http://www.bing.com/bingbot.htm)" 
207.46.13.129 - - [06/May/2021:00:30:03 -0700] "GET /self.logs/access.log.2017-02-18.gz HTTP/1.1" 200 21035 "-" "Mozilla/5.0 (compatible; bingbot/2.0; +http://www.bing.com/bingbot.htm)" 
54.36.148.17 - - [06/May/2021:00:30:13 -0700] "GET /self.logs/access.log.2017-02-12.gz HTTP/1.1" 200 17775 "-" "Mozilla/5.0 (compatible; AhrefsBot/7.0; +http://ahrefs.com/robot/)" 
207.46.13.129 - - [06/May/2021:00:30:20 -0700] "GET /self.logs/access.log.2017-10-20.gz HTTP/1.1" 200 23708 "-" "Mozilla/5.0 (compatible; bingbot/2.0; +http://www.bing.com/bingbot.htm)" 
207.46.13.101 - - [06/May/2021:00:30:25 -0700] "GET /self.logs/access.log.2020-08-20.gz HTTP/1.1" 200 38900 "-" "Mozilla/5.0 (compatible; bingbot/2.0; +http://www.bing.com/bingbot.htm)" 
207.46.13.101 - - [06/May/2021:00:30:25 -0700] "GET /self.logs/access.log.2017-03-03.gz HTTP/1.1" 200 18266 "-" "Mozilla/5.0 (compatible; bingbot/2.0; +http://www.bing.com/bingbot.htm)" 
207.46.13.101 - - [06/May/2021:00:30:25 -0700] "GET /self.logs/access.log.2017-03-20.gz HTTP/1.1" 200 16095 "-" "Mozilla/5.0 (compatible; bingbot/2.0; +http://www.bing.com/bingbot.htm)" 
207.46.13.101 - - [06/May/2021:00:30:25 -0700] "GET /self.logs/access.log.2017-04-16.gz HTTP/1.1" 200 15340 "-" "Mozilla/5.0 (compatible; bingbot/2.0; +http://www.bing.com/bingbot.htm)" 
207.46.13.101 - - [06/May/2021:00:30:25 -0700] "GET /self.logs/access.log.2017-11-11.gz HTTP/1.1" 200 29834 "-" "Mozilla/5.0 (compatible; bingbot/2.0; +http://www.bing.com/bingbot.htm)" 
207.46.13.101 - - [06/May/2021:00:30:25 -0700] "GET /self.logs/access.log.2017-06-09.gz HTTP/1.1" 200 26521 "-" "Mozilla/5.0 (compatible; bingbot/2.0; +http://www.bing.com/bingbot.htm)" 
207.46.13.101 - - [06/May/2021:00:30:25 -0700] "GET /self.logs/access.log.2017-11-16.gz HTTP/1.1" 200 27176 "-" "Mozilla/5.0 (compatible; bingbot/2.0; +http://www.bing.com/bingbot.htm)" 
207.46.13.101 - - [06/May/2021:00:30:25 -0700] "GET /self.logs/access.log.2017-06-28.gz HTTP/1.1" 200 31311 "-" "Mozilla/5.0 (compatible; bingbot/2.0; +http://www.bing.com/bingbot.htm)" 
207.46.13.101 - - [06/May/2021:00:30:26 -0700] "GET /self.logs/access.log.2017-06-30.gz HTTP/1.1" 200 51671 "-" "Mozilla/5.0 (compatible; bingbot/2.0; +http://www.bing.com/bingbot.htm)" 
207.46.13.101 - - [06/May/2021:00:30:26 -0700] "GET /self.logs/access.log.2017-11-21.gz HTTP/1.1" 200 43008 "-" "Mozilla/5.0 (compatible; bingbot/2.0; +http://www.bing.com/bingbot.htm)" 
207.46.13.101 - - [06/May/2021:00:30:26 -0700] "GET /self.logs/access.log.2017-12-07.gz HTTP/1.1" 200 57735 "-" "Mozilla/5.0 (compatible; bingbot/2.0; +http://www.bing.com/bingbot.htm)" 
207.46.13.101 - - [06/May/2021:00:30:26 -0700] "GET /self.logs/access.log.2017-07-23.gz HTTP/1.1" 200 35731 "-" "Mozilla/5.0 (compatible; bingbot/2.0; +http://www.bing.com/bingbot.htm)" 
207.46.13.101 - - [06/May/2021:00:30:26 -0700] "GET /self.logs/access.log.2017-10-30.gz HTTP/1.1" 200 23414 "-" "Mozilla/5.0 (compatible; bingbot/2.0; +http://www.bing.com/bingbot.htm)" 
207.46.13.101 - - [06/May/2021:00:30:26 -0700] "GET /self.logs/access.log.2017-08-15.gz HTTP/1.1" 200 57667 "-" "Mozilla/5.0 (compatible; bingbot/2.0; +http://www.bing.com/bingbot.htm)" 
207.46.13.101 - - [06/May/2021:00:30:26 -0700] "GET /self.logs/access.log.2017-10-07.gz HTTP/1.1" 200 26499 "-" "Mozilla/5.0 (compatible; bingbot/2.0; +http://www.bing.com/bingbot.htm)" 
207.46.13.101 - - [06/May/2021:00:30:26 -0700] "GET /self.logs/access.log.2017-02-15.gz HTTP/1.1" 200 25196 "-" "Mozilla/5.0 (compatible; bingbot/2.0; +http://www.bing.com/bingbot.htm)" 
207.46.13.101 - - [06/May/2021:00:30:26 -0700] "GET /self.logs/access.log.2017-10-13.gz HTTP/1.1" 200 169679 "-" "Mozilla/5.0 (compatible; bingbot/2.0; +http://www.bing.com/bingbot.htm)" 
207.46.13.101 - - [06/May/2021:00:30:27 -0700] "GET /self.logs/access.log.2017-12-28.gz HTTP/1.1" 200 24063 "-" "Mozilla/5.0 (compatible; bingbot/2.0; +http://www.bing.com/bingbot.htm)" 
207.46.13.101 - - [06/May/2021:00:30:27 -0700] "GET /self.logs/access.log.2018-03-28.gz HTTP/1.1" 200 27563 "-" "Mozilla/5.0 (compatible; bingbot/2.0; +http://www.bing.com/bingbot.htm)" 
207.46.13.101 - - [06/May/2021:00:30:27 -0700] "GET /self.logs/access.log.2018-04-03.gz HTTP/1.1" 200 27661 "-" "Mozilla/5.0 (compatible; bingbot/2.0; +http://www.bing.com/bingbot.htm)" 
207.46.13.101 - - [06/May/2021:00:30:27 -0700] "GET /self.logs/access.log.2017-10-26.gz HTTP/1.1" 200 18357 "-" "Mozilla/5.0 (compatible; bingbot/2.0; +http://www.bing.com/bingbot.htm)" 
66.249.72.2 - - [06/May/2021:00:30:30 -0700] "GET / HTTP/1.1" 200 12881 "-" "Mozilla/5.0 (Linux; Android 6.0.1; Nexus 5X Build/MMB29P) AppleWebKit/537.36 (KHTML, like Gecko) Chrome/90.0.4430.97 Mobile Safari/537.36 (compatible; Googlebot/2.1; +http://www.google.com/bot.html)" 
40.77.167.26 - - [06/May/2021:00:31:00 -0700] "GET /self.logs/access.log.2019-09-29.gz HTTP/1.1" 200 33400 "-" "Mozilla/5.0 (compatible; bingbot/2.0; +http://www.bing.com/bingbot.htm)" 
40.77.167.26 - - [06/May/2021:00:31:00 -0700] "GET /self.logs/access.log.2017-11-02.gz HTTP/1.1" 200 30185 "-" "Mozilla/5.0 (compatible; bingbot/2.0; +http://www.bing.com/bingbot.htm)" 
40.77.167.26 - - [06/May/2021:00:31:00 -0700] "GET /self.logs/access.log.2017-03-10.gz HTTP/1.1" 200 17919 "-" "Mozilla/5.0 (compatible; bingbot/2.0; +http://www.bing.com/bingbot.htm)" 
40.77.167.26 - - [06/May/2021:00:31:00 -0700] "GET /self.logs/access.log.2017-06-23.gz HTTP/1.1" 200 100544 "-" "Mozilla/5.0 (compatible; bingbot/2.0; +http://www.bing.com/bingbot.htm)" 
40.77.167.26 - - [06/May/2021:00:31:00 -0700] "GET /self.logs/access.log.2017-07-02.gz HTTP/1.1" 200 16696 "-" "Mozilla/5.0 (compatible; bingbot/2.0; +http://www.bing.com/bingbot.htm)" 
40.77.167.26 - - [06/May/2021:00:31:00 -0700] "GET /self.logs/access.log.2018-06-03.gz HTTP/1.1" 200 16382 "-" "Mozilla/5.0 (compatible; bingbot/2.0; +http://www.bing.com/bingbot.htm)" 
40.77.167.26 - - [06/May/2021:00:31:00 -0700] "GET /self.logs/access.log.2017-01-25.gz HTTP/1.1" 200 19156 "-" "Mozilla/5.0 (compatible; bingbot/2.0; +http://www.bing.com/bingbot.htm)" 
40.77.167.26 - - [06/May/2021:00:31:00 -0700] "GET /self.logs/access.log.2017-11-28.gz HTTP/1.1" 200 23788 "-" "Mozilla/5.0 (compatible; bingbot/2.0; +http://www.bing.com/bingbot.htm)" 
40.77.167.26 - - [06/May/2021:00:31:00 -0700] "GET /self.logs/access.log.2018-07-25.gz HTTP/1.1" 200 25258 "-" "Mozilla/5.0 (compatible; bingbot/2.0; +http://www.bing.com/bingbot.htm)" 
40.77.167.26 - - [06/May/2021:00:31:00 -0700] "GET /self.logs/access.log.2017-08-25.gz HTTP/1.1" 200 18047 "-" "Mozilla/5.0 (compatible; bingbot/2.0; +http://www.bing.com/bingbot.htm)" 
40.77.167.26 - - [06/May/2021:00:31:00 -0700] "GET /self.logs/access.log.2017-10-11.gz HTTP/1.1" 200 46243 "-" "Mozilla/5.0 (compatible; bingbot/2.0; +http://www.bing.com/bingbot.htm)" 
40.77.167.26 - - [06/May/2021:00:31:00 -0700] "GET /self.logs/access.log.2017-02-20.gz HTTP/1.1" 200 19074 "-" "Mozilla/5.0 (compatible; bingbot/2.0; +http://www.bing.com/bingbot.htm)" 
40.77.167.26 - - [06/May/2021:00:31:00 -0700] "GET /self.logs/access.log.2017-01-29.gz HTTP/1.1" 200 31385 "-" "Mozilla/5.0 (compatible; bingbot/2.0; +http://www.bing.com/bingbot.htm)" 
40.77.167.26 - - [06/May/2021:00:31:00 -0700] "GET /self.logs/access.log.2018-01-09.gz HTTP/1.1" 200 24789 "-" "Mozilla/5.0 (compatible; bingbot/2.0; +http://www.bing.com/bingbot.htm)" 
40.77.167.26 - - [06/May/2021:00:31:00 -0700] "GET /self.logs/access.log.2018-02-05.gz HTTP/1.1" 200 21978 "-" "Mozilla/5.0 (compatible; bingbot/2.0; +http://www.bing.com/bingbot.htm)" 
40.77.167.26 - - [06/May/2021:00:31:00 -0700] "GET /self.logs/access.log.2017-02-01.gz HTTP/1.1" 200 27117 "-" "Mozilla/5.0 (compatible; bingbot/2.0; +http://www.bing.com/bingbot.htm)" 
40.77.167.26 - - [06/May/2021:00:31:00 -0700] "GET /self.logs/access.log.2018-02-26.gz HTTP/1.1" 200 33176 "-" "Mozilla/5.0 (compatible; bingbot/2.0; +http://www.bing.com/bingbot.htm)" 
40.77.167.26 - - [06/May/2021:00:31:00 -0700] "GET /self.logs/access.log.2018-03-26.gz HTTP/1.1" 200 21158 "-" "Mozilla/5.0 (compatible; bingbot/2.0; +http://www.bing.com/bingbot.htm)" 
40.77.167.26 - - [06/May/2021:00:31:00 -0700] "GET /self.logs/access.log.2017-10-23.gz HTTP/1.1" 200 23773 "-" "Mozilla/5.0 (compatible; bingbot/2.0; +http://www.bing.com/bingbot.htm)" 
54.36.148.17 - - [06/May/2021:00:31:11 -0700] "GET /self.logs/access.log.2017-08-03.gz HTTP/1.1" 200 20530 "-" "Mozilla/5.0 (compatible; AhrefsBot/7.0; +http://ahrefs.com/robot/)" 
54.36.149.61 - - [06/May/2021:00:32:13 -0700] "GET /self.logs/2016/error.log.2016-05-24.gz HTTP/1.1" 200 804 "-" "Mozilla/5.0 (compatible; AhrefsBot/7.0; +http://ahrefs.com/robot/)" 
54.36.148.17 - - [06/May/2021:00:33:37 -0700] "GET /self.logs/access.log.2018-08-28.gz HTTP/1.1" 200 37906 "-" "Mozilla/5.0 (compatible; AhrefsBot/7.0; +http://ahrefs.com/robot/)" 
54.36.149.61 - - [06/May/2021:00:35:06 -0700] "GET /self.logs/error.log.2018-10-20.gz HTTP/1.1" 200 4208 "-" "Mozilla/5.0 (compatible; AhrefsBot/7.0; +http://ahrefs.com/robot/)" 
54.36.149.61 - - [06/May/2021:00:38:01 -0700] "GET /self.logs/2016/error.log.2016-10-26.gz HTTP/1.1" 200 875 "-" "Mozilla/5.0 (compatible; AhrefsBot/7.0; +http://ahrefs.com/robot/)" 
114.119.141.53 - - [06/May/2021:00:39:15 -0700] "GET /self.logs/error.log.2018-05-17.gz HTTP/1.1" 200 5330 "-" "Mozilla/5.0 (Linux; Android 7.0;) AppleWebKit/537.36 (KHTML, like Gecko) Mobile Safari/537.36 (compatible; PetalBot;+https://webmaster.petalsearch.com/site/petalbot)" 
54.36.149.61 - - [06/May/2021:00:39:29 -0700] "GET /self.logs/access.log.2019-09-29.gz HTTP/1.1" 200 33356 "-" "Mozilla/5.0 (compatible; AhrefsBot/7.0; +http://ahrefs.com/robot/)" 
27.128.174.117 - - [06/May/2021:00:40:12 -0700] "GET /e/data/js/ajax.js HTTP/1.1" 404 328 "-" "Mozilla/5.0 (Windows NT 10.0; WOW64; rv:48.0) Gecko/20100101 Firefox/48.0" 
66.249.72.2 - - [06/May/2021:00:40:29 -0700] "GET / HTTP/1.1" 200 12881 "-" "Mozilla/5.0 (compatible; Googlebot/2.1; +http://www.google.com/bot.html)" 
123.183.224.117 - - [06/May/2021:00:40:45 -0700] "GET / HTTP/1.1" 301 438 "-" "Sogou web spider/4.0(+http://www.sogou.com/docs/help/webmasters.htm#07)" 
54.36.148.17 - - [06/May/2021:00:41:01 -0700] "GET /self.logs/2016/error.log.2016-03-04.gz HTTP/1.1" 200 999 "-" "Mozilla/5.0 (compatible; AhrefsBot/7.0; +http://ahrefs.com/robot/)" 
54.36.148.17 - - [06/May/2021:00:42:28 -0700] "GET /self.logs/2016/access.log.2016-06-21.gz HTTP/1.1" 200 9057 "-" "Mozilla/5.0 (compatible; AhrefsBot/7.0; +http://ahrefs.com/robot/)" 
54.36.149.59 - - [06/May/2021:00:45:26 -0700] "GET /self.logs/2016/error.log.2016-07-09.gz HTTP/1.1" 200 1084 "-" "Mozilla/5.0 (compatible; AhrefsBot/7.0; +http://ahrefs.com/robot/)" 
54.36.148.17 - - [06/May/2021:00:46:57 -0700] "GET /self.logs/error.log.2018-08-16.gz HTTP/1.1" 200 10412 "-" "Mozilla/5.0 (compatible; AhrefsBot/7.0; +http://ahrefs.com/robot/)" 
103.211.19.140 - - [06/May/2021:00:47:24 -0700] "GET / HTTP/1.1" 200 12881 "-" "Mozilla/5.0 (Windows NT 10.0; Win64; x64; rv:88.0) Gecko/20100101 Firefox/88.0" 
103.211.19.140 - - [06/May/2021:00:47:24 -0700] "GET /css/style.css HTTP/1.1" 404 328 "http://www.secrepo.com/" "Mozilla/5.0 (Windows NT 10.0; Win64; x64; rv:88.0) Gecko/20100101 Firefox/88.0" 
103.211.19.140 - - [06/May/2021:00:47:25 -0700] "GET /GitHub-Mark.png HTTP/1.1" 200 7533 "http://www.secrepo.com/" "Mozilla/5.0 (Windows NT 10.0; Win64; x64; rv:88.0) Gecko/20100101 Firefox/88.0" 
103.211.19.140 - - [06/May/2021:00:47:25 -0700] "GET /twitter-icon.png HTTP/1.1" 200 27916 "http://www.secrepo.com/" "Mozilla/5.0 (Windows NT 10.0; Win64; x64; rv:88.0) Gecko/20100101 Firefox/88.0" 
103.211.19.140 - - [06/May/2021:00:47:25 -0700] "GET /bootstrap/img/favicon.ico HTTP/1.1" 200 690 "http://www.secrepo.com/" "Mozilla/5.0 (Windows NT 10.0; Win64; x64; rv:88.0) Gecko/20100101 Firefox/88.0" 
49.7.20.105 - - [06/May/2021:00:47:48 -0700] "GET / HTTP/1.1" 200 12844 "-" "Sogou web spider/4.0(+http://www.sogou.com/docs/help/webmasters.htm#07)" 
66.249.72.2 - - [06/May/2021:00:48:25 -0700] "GET /robots.txt HTTP/1.1" 200 377 "-" "Mozilla/5.0 (compatible; Googlebot/2.1; +http://www.google.com/bot.html)" 
66.249.72.2 - - [06/May/2021:00:48:25 -0700] "GET /Datasets%20Description/Network/ftp.html HTTP/1.1" 304 277 "-" "Mozilla/5.0 (Linux; Android 6.0.1; Nexus 5X Build/MMB29P) AppleWebKit/537.36 (KHTML, like Gecko) Chrome/90.0.4430.97 Mobile Safari/537.36 (compatible; Googlebot/2.1; +http://www.google.com/bot.html)" 
54.36.148.159 - - [06/May/2021:00:48:28 -0700] "GET /self.logs/error.log.2018-08-07.gz HTTP/1.1" 200 8474 "-" "Mozilla/5.0 (compatible; AhrefsBot/7.0; +http://ahrefs.com/robot/)" 
123.183.224.117 - - [06/May/2021:00:49:45 -0700] "GET / HTTP/1.1" 200 12844 "-" "Sogou web spider/4.0(+http://www.sogou.com/docs/help/webmasters.htm#07)" 
123.183.224.2 - - [06/May/2021:00:49:49 -0700] "GET /css/style.css HTTP/1.1" 301 464 "http://secrepo.com/" "Mozilla/5.0 (X11; Linux x86_64) AppleWebKit/537.36 (KHTML, like Gecko) Chrome/73.0.3683.86 Safari/537.36" 
123.183.224.2 - - [06/May/2021:00:49:51 -0700] "GET /css/style.css HTTP/1.1" 404 291 "http://secrepo.com/" "Mozilla/5.0 (X11; Linux x86_64) AppleWebKit/537.36 (KHTML, like Gecko) Chrome/73.0.3683.86 Safari/537.36" 
49.7.21.127 - - [06/May/2021:00:49:56 -0700] "GET /css/style.css HTTP/1.1" 301 464 "http://secrepo.com/" "Mozilla/5.0 (X11; Linux x86_64) AppleWebKit/537.36 (KHTML, like Gecko) Chrome/73.0.3683.86 Safari/537.36" 
49.7.21.127 - - [06/May/2021:00:50:08 -0700] "GET /css/style.css HTTP/1.1" 404 291 "http://secrepo.com/" "Mozilla/5.0 (X11; Linux x86_64) AppleWebKit/537.36 (KHTML, like Gecko) Chrome/73.0.3683.86 Safari/537.36" 
114.119.157.43 - - [06/May/2021:00:50:39 -0700] "GET /Datasets%20Description/HTML_Bro_log_3/dpd.html HTTP/1.1" 200 1662 "-" "Mozilla/5.0 (Linux; Android 7.0;) AppleWebKit/537.36 (KHTML, like Gecko) Mobile Safari/537.36 (compatible; PetalBot;+https://webmaster.petalsearch.com/site/petalbot)" 
123.183.224.2 - - [06/May/2021:00:50:52 -0700] "GET /css/style.css HTTP/1.1" 404 291 "http://secrepo.com/" "Mozilla/5.0 (X11; Linux x86_64) AppleWebKit/537.36 (KHTML, like Gecko) Chrome/73.0.3683.86 Safari/537.36" 
49.7.21.127 - - [06/May/2021:00:51:09 -0700] "GET /css/style.css HTTP/1.1" 404 291 "http://secrepo.com/" "Mozilla/5.0 (X11; Linux x86_64) AppleWebKit/537.36 (KHTML, like Gecko) Chrome/73.0.3683.86 Safari/537.36" 
54.36.149.61 - - [06/May/2021:00:51:17 -0700] "GET / HTTP/1.1" 200 12837 "-" "Mozilla/5.0 (compatible; AhrefsBot/7.0; +http://ahrefs.com/robot/)" 
54.36.148.17 - - [06/May/2021:00:52:34 -0700] "GET /self.logs/2016/error.log.2016-11-08.gz HTTP/1.1" 200 828 "-" "Mozilla/5.0 (compatible; AhrefsBot/7.0; +http://ahrefs.com/robot/)" 
54.36.149.61 - - [06/May/2021:00:53:44 -0700] "GET /self.logs/2016/access.log.2016-02-22.gz HTTP/1.1" 200 10387 "-" "Mozilla/5.0 (compatible; AhrefsBot/7.0; +http://ahrefs.com/robot/)" 
103.211.19.140 - - [06/May/2021:00:54:41 -0700] "GET /css/style.css HTTP/1.1" 404 328 "http://www.secrepo.com/" "Mozilla/5.0 (Windows NT 10.0; Win64; x64; rv:88.0) Gecko/20100101 Firefox/88.0" 
103.211.19.140 - - [06/May/2021:00:54:41 -0700] "GET /bootstrap/img/favicon.ico HTTP/1.1" 200 713 "http://www.secrepo.com/" "Mozilla/5.0 (Windows NT 10.0; Win64; x64; rv:88.0) Gecko/20100101 Firefox/88.0" 
54.36.149.61 - - [06/May/2021:00:54:54 -0700] "GET /self.logs/2016/access.log.2016-07-02.gz HTTP/1.1" 200 5670 "-" "Mozilla/5.0 (compatible; AhrefsBot/7.0; +http://ahrefs.com/robot/)" 
54.36.148.17 - - [06/May/2021:00:57:01 -0700] "GET /self.logs/2016/access.log.2016-01-03.gz HTTP/1.1" 200 5226 "-" "Mozilla/5.0 (compatible; AhrefsBot/7.0; +http://ahrefs.com/robot/)" 
114.119.150.248 - - [06/May/2021:00:58:29 -0700] "GET /self.logs/access.log.2018-08-21.gz HTTP/1.1" 200 20037 "-" "Mozilla/5.0 (Linux; Android 7.0;) AppleWebKit/537.36 (KHTML, like Gecko) Mobile Safari/537.36 (compatible; PetalBot;+https://webmaster.petalsearch.com/site/petalbot)" 
54.36.148.17 - - [06/May/2021:00:59:17 -0700] "GET /self.logs/2016/access.log.2016-01-05.gz HTTP/1.1" 200 6248 "-" "Mozilla/5.0 (compatible; AhrefsBot/7.0; +http://ahrefs.com/robot/)" 
54.36.148.17 - - [06/May/2021:01:01:36 -0700] "GET /self.logs/2016/error.log.2016-06-04.gz HTTP/1.1" 200 1350 "-" "Mozilla/5.0 (compatible; AhrefsBot/7.0; +http://ahrefs.com/robot/)" 
24.5.32.5 - - [06/May/2021:01:03:36 -0700] "GET / HTTP/1.1" 200 12881 "-" "Mozilla/5.0 (Macintosh; Intel Mac OS X 10_15_7) AppleWebKit/537.36 (KHTML, like Gecko) Chrome/90.0.4430.93 Safari/537.36" 
24.5.32.5 - - [06/May/2021:01:03:36 -0700] "GET /css/style.css HTTP/1.1" 404 305 "http://www.secrepo.com/" "Mozilla/5.0 (Macintosh; Intel Mac OS X 10_15_7) AppleWebKit/537.36 (KHTML, like Gecko) Chrome/90.0.4430.93 Safari/537.36" 
24.5.32.5 - - [06/May/2021:01:03:36 -0700] "GET /twitter-icon.png HTTP/1.1" 200 27916 "http://www.secrepo.com/" "Mozilla/5.0 (Macintosh; Intel Mac OS X 10_15_7) AppleWebKit/537.36 (KHTML, like Gecko) Chrome/90.0.4430.93 Safari/537.36" 
24.5.32.5 - - [06/May/2021:01:03:36 -0700] "GET /GitHub-Mark.png HTTP/1.1" 200 7533 "http://www.secrepo.com/" "Mozilla/5.0 (Macintosh; Intel Mac OS X 10_15_7) AppleWebKit/537.36 (KHTML, like Gecko) Chrome/90.0.4430.93 Safari/537.36" 
24.5.32.5 - - [06/May/2021:01:03:37 -0700] "GET /bootstrap/img/favicon.ico HTTP/1.1" 200 690 "http://www.secrepo.com/" "Mozilla/5.0 (Macintosh; Intel Mac OS X 10_15_7) AppleWebKit/537.36 (KHTML, like Gecko) Chrome/90.0.4430.93 Safari/537.36" 
54.36.149.61 - - [06/May/2021:01:03:37 -0700] "GET /self.logs/access.log.2019-11-13.gz HTTP/1.1" 200 17214 "-" "Mozilla/5.0 (compatible; AhrefsBot/7.0; +http://ahrefs.com/robot/)" 
54.36.148.17 - - [06/May/2021:01:05:47 -0700] "GET /self.logs/2016/access.log.2016-10-10.gz HTTP/1.1" 200 9568 "-" "Mozilla/5.0 (compatible; AhrefsBot/7.0; +http://ahrefs.com/robot/)" 
195.162.161.234 - - [06/May/2021:01:07:48 -0700] "GET /maccdc2012/dns.log.gz HTTP/1.1" 200 6607379 "-" "Mozilla/5.0 (Windows NT 10.0; Win64; x64; rv:88.0) Gecko/20100101 Firefox/88.0" 
195.162.161.234 - - [06/May/2021:01:07:52 -0700] "GET /maccdc2012/dns.log.gz HTTP/1.1" 200 2214820 "-" "Mozilla/5.0 (Windows NT 10.0; Win64; x64; rv:88.0) Gecko/20100101 Firefox/88.0" 
195.162.161.234 - - [06/May/2021:01:07:54 -0700] "GET /maccdc2012/dns.log.gz HTTP/1.1" 206 2324320 "-" "Mozilla/5.0 (Windows NT 10.0; Win64; x64; rv:88.0) Gecko/20100101 Firefox/88.0" 
54.36.149.61 - - [06/May/2021:01:07:59 -0700] "GET /self.logs/2016/access.log.2016-10-16.gz HTTP/1.1" 200 10698 "-" "Mozilla/5.0 (compatible; AhrefsBot/7.0; +http://ahrefs.com/robot/)" 
114.119.150.248 - - [06/May/2021:01:08:30 -0700] "GET /self.logs/access.log.2018-06-06.gz HTTP/1.1" 200 20829 "-" "Mozilla/5.0 (Linux; Android 7.0;) AppleWebKit/537.36 (KHTML, like Gecko) Mobile Safari/537.36 (compatible; PetalBot;+https://webmaster.petalsearch.com/site/petalbot)" 
183.173.67.71 - - [06/May/2021:01:09:10 -0700] "GET /Security-Data-Analysis/Lab_1/conn.log.zip HTTP/1.1" 200 15548000 "-" "Mozilla/5.0 (Windows NT 10.0; Win64; x64) AppleWebKit/537.36 (KHTML, like Gecko) Chrome/90.0.4430.93 Safari/537.36" 
183.173.67.71 - - [06/May/2021:01:09:42 -0700] "GET /Security-Data-Analysis/Lab_1/ HTTP/1.1" 200 649 "-" "Mozilla/5.0 (Windows NT 10.0; Win64; x64) AppleWebKit/537.36 (KHTML, like Gecko) Chrome/90.0.4430.93 Safari/537.36" 
183.173.67.71 - - [06/May/2021:01:09:42 -0700] "GET /favicon.ico HTTP/1.1" 200 368 "http://www.secrepo.com/Security-Data-Analysis/Lab_1/" "Mozilla/5.0 (Windows NT 10.0; Win64; x64) AppleWebKit/537.36 (KHTML, like Gecko) Chrome/90.0.4430.93 Safari/537.36" 
