54.36.148.82 - - [27/Dec/2020:08:59:22 -0800] "GET /Datasets%20Description/PE_malware/?C=D;O=A HTTP/1.1" 200 642 "-" "Mozilla/5.0 (compatible; AhrefsBot/7.0; +http://ahrefs.com/robot/)" 
157.55.39.93 - - [27/Dec/2020:09:01:02 -0800] "GET /self.logs/2016/access.log.2016-09-12.gz HTTP/1.1" 200 12388 "-" "Mozilla/5.0 (compatible; bingbot/2.0; +http://www.bing.com/bingbot.htm)" 
54.36.149.17 - - [27/Dec/2020:09:01:41 -0800] "GET /self.logs/?C=S;O=A HTTP/1.1" 200 31173 "-" "Mozilla/5.0 (compatible; AhrefsBot/7.0; +http://ahrefs.com/robot/)" 
114.119.140.84 - - [27/Dec/2020:09:02:04 -0800] "GET /self.logs/error.log.2017-01-17.gz HTTP/1.1" 200 971 "-" "Mozilla/5.0 (Linux; Android 7.0;) AppleWebKit/537.36 (KHTML, like Gecko) Mobile Safari/537.36 (compatible; PetalBot;+https://aspiegel.com/petalbot)" 
54.36.148.18 - - [27/Dec/2020:09:04:06 -0800] "GET /maccdc2012/ftp.log.gz HTTP/1.1" 200 75920 "-" "Mozilla/5.0 (compatible; AhrefsBot/7.0; +http://ahrefs.com/robot/)" 
17.58.96.152 - - [27/Dec/2020:09:06:14 -0800] "GET /self.logs/error.log.2020-03-04 HTTP/1.1" 200 307 "-" "Mozilla/5.0 (Macintosh; Intel Mac OS X 10_15_5) AppleWebKit/605.1.15 (KHTML, like Gecko) Version/13.1.1 Safari/605.1.15 (Applebot/0.1; +http://www.apple.com/go/applebot)" 
54.36.149.62 - - [27/Dec/2020:09:06:26 -0800] "GET /maccdc2012/ssl.log.gz HTTP/1.1" 200 75920 "-" "Mozilla/5.0 (compatible; AhrefsBot/7.0; +http://ahrefs.com/robot/)" 
114.119.159.101 - - [27/Dec/2020:09:07:09 -0800] "GET /self.logs/2015/error.log.2015-09-29.gz HTTP/1.1" 200 735 "-" "Mozilla/5.0 (Linux; Android 7.0;) AppleWebKit/537.36 (KHTML, like Gecko) Mobile Safari/537.36 (compatible; PetalBot;+https://aspiegel.com/petalbot)" 
54.36.149.92 - - [27/Dec/2020:09:08:44 -0800] "GET /Datasets%20Description/HTML_Bro_log_3/ssl.html HTTP/1.1" 200 1830 "-" "Mozilla/5.0 (compatible; AhrefsBot/7.0; +http://ahrefs.com/robot/)" 
54.36.149.76 - - [27/Dec/2020:09:11:00 -0800] "GET /Datasets%20Description/HTML_Bro_log_3/app_stats.html HTTP/1.1" 200 1547 "-" "Mozilla/5.0 (compatible; AhrefsBot/7.0; +http://ahrefs.com/robot/)" 
114.119.141.53 - - [27/Dec/2020:09:12:12 -0800] "GET /self.logs/error.log.2018-02-04.gz HTTP/1.1" 200 4799 "-" "Mozilla/5.0 (Linux; Android 7.0;) AppleWebKit/537.36 (KHTML, like Gecko) Mobile Safari/537.36 (compatible; PetalBot;+https://aspiegel.com/petalbot)" 
54.36.148.18 - - [27/Dec/2020:09:13:14 -0800] "GET /self.logs/?C=M;O=A HTTP/1.1" 200 27722 "-" "Mozilla/5.0 (compatible; AhrefsBot/7.0; +http://ahrefs.com/robot/)" 
54.36.149.62 - - [27/Dec/2020:09:15:38 -0800] "GET /Datasets%20Description/?C=N;O=A HTTP/1.1" 200 633 "-" "Mozilla/5.0 (compatible; AhrefsBot/7.0; +http://ahrefs.com/robot/)" 
114.119.144.30 - - [27/Dec/2020:09:17:18 -0800] "GET /self.logs/access.log.2020-06-20.gz HTTP/1.1" 200 12883 "-" "Mozilla/5.0 (Linux; Android 7.0;) AppleWebKit/537.36 (KHTML, like Gecko) Mobile Safari/537.36 (compatible; PetalBot;+https://aspiegel.com/petalbot)" 
54.36.149.62 - - [27/Dec/2020:09:20:17 -0800] "GET /Datasets%20Description/HTML_Bro_log_2/loaded_scripts.html HTTP/1.1" 200 1499 "-" "Mozilla/5.0 (compatible; AhrefsBot/7.0; +http://ahrefs.com/robot/)" 
17.58.96.153 - - [27/Dec/2020:09:20:26 -0800] "GET /self.logs/error.log.2020-03-03 HTTP/1.1" 200 307 "-" "Mozilla/5.0 (Macintosh; Intel Mac OS X 10_15_5) AppleWebKit/605.1.15 (KHTML, like Gecko) Version/13.1.1 Safari/605.1.15 (Applebot/0.1; +http://www.apple.com/go/applebot)" 
114.119.155.228 - - [27/Dec/2020:09:22:25 -0800] "GET /self.logs/2015/error.log.2015-08-31.gz HTTP/1.1" 200 867 "-" "Mozilla/5.0 (Linux; Android 7.0;) AppleWebKit/537.36 (KHTML, like Gecko) Mobile Safari/537.36 (compatible; PetalBot;+https://aspiegel.com/petalbot)" 
40.77.167.37 - - [27/Dec/2020:09:24:18 -0800] "GET /self.logs/access.log.2017-03-17.gz HTTP/1.1" 301 543 "-" "Mozilla/5.0 (compatible; bingbot/2.0; +http://www.bing.com/bingbot.htm)" 
17.58.96.153 - - [27/Dec/2020:09:24:39 -0800] "GET /self.logs/error.log.2020-02-06 HTTP/1.1" 200 307 "-" "Mozilla/5.0 (Macintosh; Intel Mac OS X 10_15_5) AppleWebKit/605.1.15 (KHTML, like Gecko) Version/13.1.1 Safari/605.1.15 (Applebot/0.1; +http://www.apple.com/go/applebot)" 
54.36.148.18 - - [27/Dec/2020:09:24:57 -0800] "GET /self.logs/2016/ HTTP/1.1" 200 7816 "-" "Mozilla/5.0 (compatible; AhrefsBot/7.0; +http://ahrefs.com/robot/)" 
207.46.13.173 - - [27/Dec/2020:09:25:59 -0800] "GET /self.logs/2015/access.log.2015-10-22.gz HTTP/1.1" 301 553 "-" "Mozilla/5.0 (compatible; bingbot/2.0; +http://www.bing.com/bingbot.htm)" 
108.59.8.80 - - [27/Dec/2020:09:26:37 -0800] "GET /robots.txt HTTP/1.1" 301 495 "-" "Mozilla/5.0 (compatible; MJ12bot/v1.4.8; http://mj12bot.com/)" 
108.59.8.80 - - [27/Dec/2020:09:26:37 -0800] "GET /robots.txt HTTP/1.1" 200 377 "-" "Mozilla/5.0 (compatible; MJ12bot/v1.4.8; http://mj12bot.com/)" 
108.59.8.80 - - [27/Dec/2020:09:26:39 -0800] "GET / HTTP/1.1" 301 419 "-" "Mozilla/5.0 (compatible; MJ12bot/v1.4.8; http://mj12bot.com/)" 
108.59.8.80 - - [27/Dec/2020:09:26:41 -0800] "GET / HTTP/1.1" 200 12838 "-" "Mozilla/5.0 (compatible; MJ12bot/v1.4.8; http://mj12bot.com/)" 
51.77.205.250 - - [27/Dec/2020:09:27:57 -0800] "GET /honeypot/BSidesDFW%20-%202014.ipynb HTTP/1.1" 301 481 "-" "Tornado-Async-Client" 
54.36.148.193 - - [27/Dec/2020:09:29:31 -0800] "GET /Datasets%20Description/HTML_Bro_log_2/http.html HTTP/1.1" 200 1988 "-" "Mozilla/5.0 (compatible; AhrefsBot/7.0; +http://ahrefs.com/robot/)" 
83.28.212.187 - - [27/Dec/2020:09:29:52 -0800] "GET /bootstrap/img/favicon.ico HTTP/1.1" 304 263 "-" "Mozilla/5.0 (X11; Linux x86_64) AppleWebKit/537.36 (KHTML, like Gecko) Chrome/87.0.4280.88 Safari/537.36" 
17.58.96.153 - - [27/Dec/2020:09:30:04 -0800] "GET /self.logs/error.log.2020-03-18 HTTP/1.1" 200 307 "-" "Mozilla/5.0 (Macintosh; Intel Mac OS X 10_15_5) AppleWebKit/605.1.15 (KHTML, like Gecko) Version/13.1.1 Safari/605.1.15 (Applebot/0.1; +http://www.apple.com/go/applebot)" 
207.46.13.45 - - [27/Dec/2020:09:30:32 -0800] "GET /self.logs/error.log.2020-09-06 HTTP/1.1" 200 351 "-" "Mozilla/5.0 (compatible; bingbot/2.0; +http://www.bing.com/bingbot.htm)" 
17.58.96.153 - - [27/Dec/2020:09:31:09 -0800] "GET /self.logs/error.log.2020-03-06 HTTP/1.1" 200 307 "-" "Mozilla/5.0 (Macintosh; Intel Mac OS X 10_15_5) AppleWebKit/605.1.15 (KHTML, like Gecko) Version/13.1.1 Safari/605.1.15 (Applebot/0.1; +http://www.apple.com/go/applebot)" 
114.119.157.43 - - [27/Dec/2020:09:32:34 -0800] "GET /self.logs/access.log.2018-09-13.gz HTTP/1.1" 200 25916 "-" "Mozilla/5.0 (Linux; Android 7.0;) AppleWebKit/537.36 (KHTML, like Gecko) Mobile Safari/537.36 (compatible; PetalBot;+https://aspiegel.com/petalbot)" 
114.119.140.84 - - [27/Dec/2020:09:37:40 -0800] "GET /self.logs/access.log.2020-07-18.gz HTTP/1.1" 200 30954 "-" "Mozilla/5.0 (Linux; Android 7.0;) AppleWebKit/537.36 (KHTML, like Gecko) Mobile Safari/537.36 (compatible; PetalBot;+https://aspiegel.com/petalbot)" 
54.36.148.18 - - [27/Dec/2020:09:40:41 -0800] "GET /maccdc2012/notice.log.gz HTTP/1.1" 200 20753 "-" "Mozilla/5.0 (compatible; AhrefsBot/7.0; +http://ahrefs.com/robot/)" 
114.119.130.95 - - [27/Dec/2020:09:42:45 -0800] "GET /self.logs/error.log.2018-01-14.gz HTTP/1.1" 200 1953 "-" "Mozilla/5.0 (Linux; Android 7.0;) AppleWebKit/537.36 (KHTML, like Gecko) Mobile Safari/537.36 (compatible; PetalBot;+https://aspiegel.com/petalbot)" 
114.119.159.40 - - [27/Dec/2020:09:47:50 -0800] "GET /self.logs/error.log.2017-07-23.gz HTTP/1.1" 200 836 "-" "Mozilla/5.0 (Linux; Android 7.0;) AppleWebKit/537.36 (KHTML, like Gecko) Mobile Safari/537.36 (compatible; PetalBot;+https://aspiegel.com/petalbot)" 
110.138.151.87 - - [27/Dec/2020:09:50:36 -0800] "GET /favicon.ico HTTP/1.1" 304 261 "http://www.secrepo.com/Security-Data-Analysis/Lab_1/" "Mozilla/5.0 (Windows NT 10.0; Win64; x64) AppleWebKit/537.36 (KHTML, like Gecko) Chrome/87.0.4280.88 Safari/537.36" 
114.119.129.244 - - [27/Dec/2020:09:52:55 -0800] "GET /self.logs/2015/error.log.2015-10-02.gz HTTP/1.1" 200 728 "-" "Mozilla/5.0 (Linux; Android 7.0;) AppleWebKit/537.36 (KHTML, like Gecko) Mobile Safari/537.36 (compatible; PetalBot;+https://aspiegel.com/petalbot)" 
207.46.13.173 - - [27/Dec/2020:09:57:44 -0800] "GET /self.logs/access.log.2019-04-15.gz HTTP/1.1" 200 32191 "-" "Mozilla/5.0 (compatible; bingbot/2.0; +http://www.bing.com/bingbot.htm)" 
103.214.140.102 - - [27/Dec/2020:09:58:35 -0800] "GET / HTTP/1.1" 200 48064 "http://www.secrepo.com/" "Mozilla/4.0 (compatible; MSIE 9.0; Windows NT 6.1)" 
103.214.140.102 - - [27/Dec/2020:09:58:36 -0800] "POST //plus/90sec.php HTTP/1.1" 404 305 "http://www.secrepo.com//plus/90sec.php" "Mozilla/4.0 (compatible; MSIE 9.0; Windows NT 6.1)" 
103.214.140.102 - - [27/Dec/2020:09:58:36 -0800] "POST //plus/spider.php HTTP/1.1" 404 305 "http://www.secrepo.com//plus/spider.php" "Mozilla/4.0 (compatible; MSIE 9.0; Windows NT 6.1)" 
103.214.140.102 - - [27/Dec/2020:09:58:36 -0800] "POST //plus/e7xue.php HTTP/1.1" 404 305 "http://www.secrepo.com//plus/e7xue.php" "Mozilla/4.0 (compatible; MSIE 9.0; Windows NT 6.1)" 
103.214.140.102 - - [27/Dec/2020:09:58:37 -0800] "POST //plus/mycak.php HTTP/1.1" 404 305 "http://www.secrepo.com//plus/mycak.php" "Mozilla/4.0 (compatible; MSIE 9.0; Windows NT 6.1)" 
103.214.140.102 - - [27/Dec/2020:09:58:37 -0800] "POST //sitemap/templates/met/SqlIn.asp HTTP/1.1" 404 305 "http://www.secrepo.com//sitemap/templates/met/SqlIn.asp" "Mozilla/4.0 (compatible; MSIE 9.0; Windows NT 6.1)" 
103.214.140.102 - - [27/Dec/2020:09:58:37 -0800] "POST //plus/mybak.php HTTP/1.1" 404 305 "http://www.secrepo.com//plus/mybak.php" "Mozilla/4.0 (compatible; MSIE 9.0; Windows NT 6.1)" 
103.214.140.102 - - [27/Dec/2020:09:58:37 -0800] "POST //plus/x.php HTTP/1.1" 404 305 "http://www.secrepo.com//plus/x.php" "Mozilla/4.0 (compatible; MSIE 9.0; Windows NT 6.1)" 
103.214.140.102 - - [27/Dec/2020:09:58:38 -0800] "POST //plus/service.php HTTP/1.1" 404 305 "http://www.secrepo.com//plus/service.php" "Mozilla/4.0 (compatible; MSIE 9.0; Windows NT 6.1)" 
103.214.140.102 - - [27/Dec/2020:09:58:38 -0800] "POST //plus/av.php HTTP/1.1" 404 305 "http://www.secrepo.com//plus/av.php" "Mozilla/4.0 (compatible; MSIE 9.0; Windows NT 6.1)" 
103.214.140.102 - - [27/Dec/2020:09:58:38 -0800] "POST //plus/mytag_js.php?aid=511348 HTTP/1.1" 404 305 "http://www.secrepo.com//plus/mytag_js.php?aid=511348" "Mozilla/4.0 (compatible; MSIE 9.0; Windows NT 6.1)" 
103.214.140.102 - - [27/Dec/2020:09:58:38 -0800] "POST //plus/mytag_js.php?aid=511348 HTTP/1.1" 404 305 "http://www.secrepo.com//plus/mytag_js.php?aid=511348" "Mozilla/4.0 (compatible; MSIE 9.0; Windows NT 6.1)" 
103.214.140.102 - - [27/Dec/2020:09:58:39 -0800] "POST //plus/mytag_js.php?aid=511348 HTTP/1.1" 404 305 "http://www.secrepo.com//plus/mytag_js.php?aid=511348" "Mozilla/4.0 (compatible; MSIE 9.0; Windows NT 6.1)" 
103.214.140.102 - - [27/Dec/2020:09:58:39 -0800] "POST //lang/cn/system.php HTTP/1.1" 404 305 "http://www.secrepo.com//lang/cn/system.php" "Mozilla/4.0 (compatible; MSIE 9.0; Windows NT 6.1)" 
103.214.140.102 - - [27/Dec/2020:09:58:39 -0800] "POST //config/AspCms_Config.asp HTTP/1.1" 404 305 "http://www.secrepo.com//config/AspCms_Config.asp" "Mozilla/4.0 (compatible; MSIE 9.0; Windows NT 6.1)" 
103.214.140.102 - - [27/Dec/2020:09:58:39 -0800] "POST //admin_login.php HTTP/1.1" 404 305 "http://www.secrepo.com//admin_login.php" "Mozilla/4.0 (compatible; MSIE 9.0; Windows NT 6.1)" 
103.214.140.102 - - [27/Dec/2020:09:58:39 -0800] "POST //Templates/red.asp HTTP/1.1" 404 305 "http://www.secrepo.com//Templates/red.asp" "Mozilla/4.0 (compatible; MSIE 9.0; Windows NT 6.1)" 
103.214.140.102 - - [27/Dec/2020:09:58:40 -0800] "POST //plus/mytag_js.php?aid=8080 HTTP/1.1" 404 305 "http://www.secrepo.com//plus/mytag_js.php?aid=8080" "Mozilla/4.0 (compatible; MSIE 9.0; Windows NT 6.1)" 
103.214.140.102 - - [27/Dec/2020:09:58:40 -0800] "POST //plus/mytag_js.php?aid=8080 HTTP/1.1" 404 305 "http://www.secrepo.com//plus/mytag_js.php?aid=8080" "Mozilla/4.0 (compatible; MSIE 9.0; Windows NT 6.1)" 
103.214.140.102 - - [27/Dec/2020:09:58:40 -0800] "POST //plus/mytag_js.php?aid=8080 HTTP/1.1" 404 305 "http://www.secrepo.com//plus/mytag_js.php?aid=8080" "Mozilla/4.0 (compatible; MSIE 9.0; Windows NT 6.1)" 
103.214.140.102 - - [27/Dec/2020:09:58:40 -0800] "POST //images/swfupload/images/uploadye.php HTTP/1.1" 404 305 "http://www.secrepo.com//images/swfupload/images/uploadye.php" "Mozilla/4.0 (compatible; MSIE 9.0; Windows NT 6.1)" 
103.214.140.102 - - [27/Dec/2020:09:58:41 -0800] "POST //utility/convert/data/config.inc.php HTTP/1.1" 404 305 "http://www.secrepo.com//utility/convert/data/config.inc.php" "Mozilla/4.0 (compatible; MSIE 9.0; Windows NT 6.1)" 
103.214.140.102 - - [27/Dec/2020:09:58:41 -0800] "POST //config/AspCms_Config.asp HTTP/1.1" 404 305 "http://www.secrepo.com//config/AspCms_Config.asp" "Mozilla/4.0 (compatible; MSIE 9.0; Windows NT 6.1)" 
103.214.140.102 - - [27/Dec/2020:09:58:41 -0800] "POST //plus/mytag_js.php?aid=9090 HTTP/1.1" 404 305 "http://www.secrepo.com//plus/mytag_js.php?aid=9090" "Mozilla/4.0 (compatible; MSIE 9.0; Windows NT 6.1)" 
103.214.140.102 - - [27/Dec/2020:09:58:41 -0800] "POST //plus/mytag_js.php?aid=9090 HTTP/1.1" 404 305 "http://www.secrepo.com//plus/mytag_js.php?aid=9090" "Mozilla/4.0 (compatible; MSIE 9.0; Windows NT 6.1)" 
103.214.140.102 - - [27/Dec/2020:09:58:42 -0800] "POST //plus/mytag_js.php?aid=9090 HTTP/1.1" 404 305 "http://www.secrepo.com//plus/mytag_js.php?aid=9090" "Mozilla/4.0 (compatible; MSIE 9.0; Windows NT 6.1)" 
103.214.140.102 - - [27/Dec/2020:09:58:42 -0800] "POST //plus/bakup.hp HTTP/1.1" 404 305 "http://www.secrepo.com//plus/bakup.hp" "Mozilla/4.0 (compatible; MSIE 9.0; Windows NT 6.1)" 
103.214.140.102 - - [27/Dec/2020:09:58:42 -0800] "POST //plus/bakup.hp HTTP/1.1" 404 305 "http://www.secrepo.com//plus/bakup.hp" "Mozilla/4.0 (compatible; MSIE 9.0; Windows NT 6.1)" 
103.214.140.102 - - [27/Dec/2020:09:58:42 -0800] "POST //plus/bakup.hp HTTP/1.1" 404 305 "http://www.secrepo.com//plus/bakup.hp" "Mozilla/4.0 (compatible; MSIE 9.0; Windows NT 6.1)" 
103.214.140.102 - - [27/Dec/2020:09:58:42 -0800] "POST //include/code/mp.php HTTP/1.1" 404 305 "http://www.secrepo.com//include/code/mp.php" "Mozilla/4.0 (compatible; MSIE 9.0; Windows NT 6.1)" 
103.214.140.102 - - [27/Dec/2020:09:58:43 -0800] "POST //plus/laobiao.php HTTP/1.1" 404 305 "http://www.secrepo.com//plus/laobiao.php" "Mozilla/4.0 (compatible; MSIE 9.0; Windows NT 6.1)" 
103.214.140.102 - - [27/Dec/2020:09:58:43 -0800] "POST //plus/mytag_js.php?aid=6022 HTTP/1.1" 404 305 "http://www.secrepo.com//plus/mytag_js.php?aid=6022" "Mozilla/4.0 (compatible; MSIE 9.0; Windows NT 6.1)" 
103.214.140.102 - - [27/Dec/2020:09:58:43 -0800] "POST //plus/mytag_js.php?aid=6022 HTTP/1.1" 404 305 "http://www.secrepo.com//plus/mytag_js.php?aid=6022" "Mozilla/4.0 (compatible; MSIE 9.0; Windows NT 6.1)" 
103.214.140.102 - - [27/Dec/2020:09:58:43 -0800] "POST //plus/mytag_js.php?aid=6022 HTTP/1.1" 404 305 "http://www.secrepo.com//plus/mytag_js.php?aid=6022" "Mozilla/4.0 (compatible; MSIE 9.0; Windows NT 6.1)" 
103.214.140.102 - - [27/Dec/2020:09:58:44 -0800] "POST //book/story_dod_hjkdsafon.php HTTP/1.1" 404 305 "http://www.secrepo.com//book/story_dod_hjkdsafon.php" "Mozilla/4.0 (compatible; MSIE 9.0; Windows NT 6.1)" 
103.214.140.102 - - [27/Dec/2020:09:58:44 -0800] "POST //data/s.asp HTTP/1.1" 404 305 "http://www.secrepo.com//data/s.asp" "Mozilla/4.0 (compatible; MSIE 9.0; Windows NT 6.1)" 
103.214.140.102 - - [27/Dec/2020:09:58:44 -0800] "POST //plus/mytag_js.php?aid=9527 HTTP/1.1" 404 305 "http://www.secrepo.com//plus/mytag_js.php?aid=9527" "Mozilla/4.0 (compatible; MSIE 9.0; Windows NT 6.1)" 
103.214.140.102 - - [27/Dec/2020:09:58:44 -0800] "POST //plus/mytag_js.php?aid=9527 HTTP/1.1" 404 305 "http://www.secrepo.com//plus/mytag_js.php?aid=9527" "Mozilla/4.0 (compatible; MSIE 9.0; Windows NT 6.1)" 
103.214.140.102 - - [27/Dec/2020:09:58:45 -0800] "POST //plus/mytag_js.php?aid=9527 HTTP/1.1" 404 305 "http://www.secrepo.com//plus/mytag_js.php?aid=9527" "Mozilla/4.0 (compatible; MSIE 9.0; Windows NT 6.1)" 
103.214.140.102 - - [27/Dec/2020:09:58:45 -0800] "POST //plus/mytag_js.php?aid=9191 HTTP/1.1" 404 305 "http://www.secrepo.com//plus/mytag_js.php?aid=9191" "Mozilla/4.0 (compatible; MSIE 9.0; Windows NT 6.1)" 
103.214.140.102 - - [27/Dec/2020:09:58:45 -0800] "POST //plus/mytag_js.php?aid=9191 HTTP/1.1" 404 305 "http://www.secrepo.com//plus/mytag_js.php?aid=9191" "Mozilla/4.0 (compatible; MSIE 9.0; Windows NT 6.1)" 
103.214.140.102 - - [27/Dec/2020:09:58:45 -0800] "POST //plus/mytag_js.php?aid=9191 HTTP/1.1" 404 305 "http://www.secrepo.com//plus/mytag_js.php?aid=9191" "Mozilla/4.0 (compatible; MSIE 9.0; Windows NT 6.1)" 
103.214.140.102 - - [27/Dec/2020:09:58:45 -0800] "POST //install/md5.php HTTP/1.1" 404 305 "http://www.secrepo.com//install/md5.php" "Mozilla/4.0 (compatible; MSIE 9.0; Windows NT 6.1)" 
103.214.140.102 - - [27/Dec/2020:09:58:46 -0800] "POST //plus/mytag_js.php?aid=9999 HTTP/1.1" 404 305 "http://www.secrepo.com//plus/mytag_js.php?aid=9999" "Mozilla/4.0 (compatible; MSIE 9.0; Windows NT 6.1)" 
103.214.140.102 - - [27/Dec/2020:09:58:46 -0800] "POST //plus/mytag_js.php?aid=9999 HTTP/1.1" 404 305 "http://www.secrepo.com//plus/mytag_js.php?aid=9999" "Mozilla/4.0 (compatible; MSIE 9.0; Windows NT 6.1)" 
103.214.140.102 - - [27/Dec/2020:09:58:46 -0800] "POST //plus/mytag_js.php?aid=9999 HTTP/1.1" 404 305 "http://www.secrepo.com//plus/mytag_js.php?aid=9999" "Mozilla/4.0 (compatible; MSIE 9.0; Windows NT 6.1)" 
103.214.140.102 - - [27/Dec/2020:09:58:46 -0800] "POST //base/admin/cache.asp HTTP/1.1" 404 305 "http://www.secrepo.com//base/admin/cache.asp" "Mozilla/4.0 (compatible; MSIE 9.0; Windows NT 6.1)" 
103.214.140.102 - - [27/Dec/2020:09:58:47 -0800] "POST //bbs/utility/convert/data/config.inc.php HTTP/1.1" 404 305 "http://www.secrepo.com//bbs/utility/convert/data/config.inc.php" "Mozilla/4.0 (compatible; MSIE 9.0; Windows NT 6.1)" 
103.214.140.102 - - [27/Dec/2020:09:58:47 -0800] "POST //plus/zdqd.php HTTP/1.1" 404 305 "http://www.secrepo.com//plus/zdqd.php" "Mozilla/4.0 (compatible; MSIE 9.0; Windows NT 6.1)" 
103.214.140.102 - - [27/Dec/2020:09:58:47 -0800] "POST //templets/plus/sky.php HTTP/1.1" 404 305 "http://www.secrepo.com//templets/plus/sky.php" "Mozilla/4.0 (compatible; MSIE 9.0; Windows NT 6.1)" 
103.214.140.102 - - [27/Dec/2020:09:58:47 -0800] "POST //plus/90000.php HTTP/1.1" 404 305 "http://www.secrepo.com//plus/90000.php" "Mozilla/4.0 (compatible; MSIE 9.0; Windows NT 6.1)" 
103.214.140.102 - - [27/Dec/2020:09:58:48 -0800] "POST //uploadfile/userfiles/media/confg.inc.php HTTP/1.1" 404 305 "http://www.secrepo.com//uploadfile/userfiles/media/confg.inc.php" "Mozilla/4.0 (compatible; MSIE 9.0; Windows NT 6.1)" 
103.214.140.102 - - [27/Dec/2020:09:58:48 -0800] "POST //images/uploadfile.asp HTTP/1.1" 404 305 "http://www.secrepo.com//images/uploadfile.asp" "Mozilla/4.0 (compatible; MSIE 9.0; Windows NT 6.1)" 
103.214.140.102 - - [27/Dec/2020:09:58:48 -0800] "POST //dxyylc/md5.php HTTP/1.1" 404 305 "http://www.secrepo.com//dxyylc/md5.php" "Mozilla/4.0 (compatible; MSIE 9.0; Windows NT 6.1)" 
103.214.140.102 - - [27/Dec/2020:09:58:48 -0800] "POST //plus/digg.php HTTP/1.1" 404 305 "http://www.secrepo.com//plus/digg.php" "Mozilla/4.0 (compatible; MSIE 9.0; Windows NT 6.1)" 
103.214.140.102 - - [27/Dec/2020:09:58:48 -0800] "POST //plus/qingtian.php HTTP/1.1" 404 305 "http://www.secrepo.com//plus/qingtian.php" "Mozilla/4.0 (compatible; MSIE 9.0; Windows NT 6.1)" 
103.214.140.102 - - [27/Dec/2020:09:58:49 -0800] "POST //plus/backup.php HTTP/1.1" 404 305 "http://www.secrepo.com//plus/backup.php" "Mozilla/4.0 (compatible; MSIE 9.0; Windows NT 6.1)" 
103.214.140.102 - - [27/Dec/2020:09:58:49 -0800] "POST //plus/top.php HTTP/1.1" 404 305 "http://www.secrepo.com//plus/top.php" "Mozilla/4.0 (compatible; MSIE 9.0; Windows NT 6.1)" 
103.214.140.102 - - [27/Dec/2020:09:58:49 -0800] "POST //plus/myjs.php HTTP/1.1" 404 305 "http://www.secrepo.com//plus/myjs.php" "Mozilla/4.0 (compatible; MSIE 9.0; Windows NT 6.1)" 
103.214.140.102 - - [27/Dec/2020:09:58:49 -0800] "POST //xiaolei.php HTTP/1.1" 404 305 "http://www.secrepo.com//xiaolei.php" "Mozilla/4.0 (compatible; MSIE 9.0; Windows NT 6.1)" 
103.214.140.102 - - [27/Dec/2020:09:58:50 -0800] "POST //plus/xsvip.php HTTP/1.1" 404 305 "http://www.secrepo.com//plus/xsvip.php" "Mozilla/4.0 (compatible; MSIE 9.0; Windows NT 6.1)" 
103.214.140.102 - - [27/Dec/2020:09:58:50 -0800] "POST //dxyylc/md5.asp HTTP/1.1" 404 305 "http://www.secrepo.com//dxyylc/md5.asp" "Mozilla/4.0 (compatible; MSIE 9.0; Windows NT 6.1)" 
103.214.140.102 - - [27/Dec/2020:09:58:50 -0800] "POST //dxyylc/md5.aspx HTTP/1.1" 404 305 "http://www.secrepo.com//dxyylc/md5.aspx" "Mozilla/4.0 (compatible; MSIE 9.0; Windows NT 6.1)" 
103.214.140.102 - - [27/Dec/2020:09:58:50 -0800] "POST //dxyylc/md5.aspx HTTP/1.1" 404 305 "http://www.secrepo.com//dxyylc/md5.aspx" "Mozilla/4.0 (compatible; MSIE 9.0; Windows NT 6.1)" 
103.214.140.102 - - [27/Dec/2020:09:58:50 -0800] "POST //dxyylc/md5.aspx HTTP/1.1" 404 305 "http://www.secrepo.com//dxyylc/md5.aspx" "Mozilla/4.0 (compatible; MSIE 9.0; Windows NT 6.1)" 
103.214.140.102 - - [27/Dec/2020:09:58:51 -0800] "POST //plus/bakup.php HTTP/1.1" 404 305 "http://www.secrepo.com//plus/bakup.php" "Mozilla/4.0 (compatible; MSIE 9.0; Windows NT 6.1)" 
103.214.140.102 - - [27/Dec/2020:09:58:51 -0800] "POST //include/ckeditor/plugins/pagebreak/images/inCahe.php HTTP/1.1" 404 305 "http://www.secrepo.com//include/ckeditor/plugins/pagebreak/images/inCahe.php" "Mozilla/4.0 (compatible; MSIE 9.0; Windows NT 6.1)" 
103.214.140.102 - - [27/Dec/2020:09:58:51 -0800] "POST //utility/convert/include/rom2823.php HTTP/1.1" 404 305 "http://www.secrepo.com//utility/convert/include/rom2823.php" "Mozilla/4.0 (compatible; MSIE 9.0; Windows NT 6.1)" 
103.214.140.102 - - [27/Dec/2020:09:58:51 -0800] "POST //admin/Admin_Ta.asp HTTP/1.1" 404 305 "http://www.secrepo.com//admin/Admin_Ta.asp" "Mozilla/4.0 (compatible; MSIE 9.0; Windows NT 6.1)" 
103.214.140.102 - - [27/Dec/2020:09:58:52 -0800] "POST //admin/error.asp HTTP/1.1" 404 305 "http://www.secrepo.com//admin/error.asp" "Mozilla/4.0 (compatible; MSIE 9.0; Windows NT 6.1)" 
103.214.140.102 - - [27/Dec/2020:09:58:52 -0800] "POST //weki.asp HTTP/1.1" 404 305 "http://www.secrepo.com//weki.asp" "Mozilla/4.0 (compatible; MSIE 9.0; Windows NT 6.1)" 
103.214.140.102 - - [27/Dec/2020:09:58:52 -0800] "POST //kdatebase/index_.asp HTTP/1.1" 404 305 "http://www.secrepo.com//kdatebase/index_.asp" "Mozilla/4.0 (compatible; MSIE 9.0; Windows NT 6.1)" 
103.214.140.102 - - [27/Dec/2020:09:58:52 -0800] "POST //Somnus/Somnus.asp HTTP/1.1" 404 305 "http://www.secrepo.com//Somnus/Somnus.asp" "Mozilla/4.0 (compatible; MSIE 9.0; Windows NT 6.1)" 
103.214.140.102 - - [27/Dec/2020:09:58:52 -0800] "POST //images/cache.asp HTTP/1.1" 404 305 "http://www.secrepo.com//images/cache.asp" "Mozilla/4.0 (compatible; MSIE 9.0; Windows NT 6.1)" 
103.214.140.102 - - [27/Dec/2020:09:58:53 -0800] "POST //weki.php HTTP/1.1" 404 305 "http://www.secrepo.com//weki.php" "Mozilla/4.0 (compatible; MSIE 9.0; Windows NT 6.1)" 
103.214.140.102 - - [27/Dec/2020:09:58:53 -0800] "POST //data/data/index.php HTTP/1.1" 404 305 "http://www.secrepo.com//data/data/index.php" "Mozilla/4.0 (compatible; MSIE 9.0; Windows NT 6.1)" 
103.214.140.102 - - [27/Dec/2020:09:58:53 -0800] "POST //data/conn/config.php HTTP/1.1" 404 305 "http://www.secrepo.com//data/conn/config.php" "Mozilla/4.0 (compatible; MSIE 9.0; Windows NT 6.1)" 
103.214.140.102 - - [27/Dec/2020:09:58:53 -0800] "POST //plus/mytag_j.php?aid=6022 HTTP/1.1" 404 305 "http://www.secrepo.com//plus/mytag_j.php?aid=6022" "Mozilla/4.0 (compatible; MSIE 9.0; Windows NT 6.1)" 
103.214.140.102 - - [27/Dec/2020:09:58:54 -0800] "POST //plus/mytag_j.php?aid=6022 HTTP/1.1" 404 305 "http://www.secrepo.com//plus/mytag_j.php?aid=6022" "Mozilla/4.0 (compatible; MSIE 9.0; Windows NT 6.1)" 
103.214.140.102 - - [27/Dec/2020:09:58:54 -0800] "POST //plus/mytag_j.php?aid=6022 HTTP/1.1" 404 305 "http://www.secrepo.com//plus/mytag_j.php?aid=6022" "Mozilla/4.0 (compatible; MSIE 9.0; Windows NT 6.1)" 
103.214.140.102 - - [27/Dec/2020:09:58:54 -0800] "POST //include/helperss/filter.helpear.php HTTP/1.1" 404 305 "http://www.secrepo.com//include/helperss/filter.helpear.php" "Mozilla/4.0 (compatible; MSIE 9.0; Windows NT 6.1)" 
103.214.140.102 - - [27/Dec/2020:09:58:54 -0800] "POST //install/modurnlecscache.php HTTP/1.1" 404 305 "http://www.secrepo.com//install/modurnlecscache.php" "Mozilla/4.0 (compatible; MSIE 9.0; Windows NT 6.1)" 
103.214.140.102 - - [27/Dec/2020:09:58:55 -0800] "POST //data/img/css/xianf.ASP HTTP/1.1" 404 305 "http://www.secrepo.com//data/img/css/xianf.ASP" "Mozilla/4.0 (compatible; MSIE 9.0; Windows NT 6.1)" 
103.214.140.102 - - [27/Dec/2020:09:58:55 -0800] "POST //data/img/css/xianf.ASP HTTP/1.1" 404 305 "http://www.secrepo.com//data/img/css/xianf.ASP" "Mozilla/4.0 (compatible; MSIE 9.0; Windows NT 6.1)" 
103.214.140.102 - - [27/Dec/2020:09:58:55 -0800] "POST //data/img/css/xianf.ASP HTTP/1.1" 404 305 "http://www.secrepo.com//data/img/css/xianf.ASP" "Mozilla/4.0 (compatible; MSIE 9.0; Windows NT 6.1)" 
103.214.140.102 - - [27/Dec/2020:09:58:55 -0800] "POST //include/data/fonts/uddatasql.php HTTP/1.1" 404 305 "http://www.secrepo.com//include/data/fonts/uddatasql.php" "Mozilla/4.0 (compatible; MSIE 9.0; Windows NT 6.1)" 
103.214.140.102 - - [27/Dec/2020:09:58:55 -0800] "POST //install/m7lrv.php HTTP/1.1" 404 305 "http://www.secrepo.com//install/m7lrv.php" "Mozilla/4.0 (compatible; MSIE 9.0; Windows NT 6.1)" 
103.214.140.102 - - [27/Dec/2020:09:58:56 -0800] "POST //bbs/utility/convert/data/config.inc.php HTTP/1.1" 404 305 "http://www.secrepo.com//bbs/utility/convert/data/config.inc.php" "Mozilla/4.0 (compatible; MSIE 9.0; Windows NT 6.1)" 
103.214.140.102 - - [27/Dec/2020:09:58:56 -0800] "POST //utility/convert/data/config.inc.php HTTP/1.1" 404 305 "http://www.secrepo.com//utility/convert/data/config.inc.php" "Mozilla/4.0 (compatible; MSIE 9.0; Windows NT 6.1)" 
103.214.140.102 - - [27/Dec/2020:09:58:56 -0800] "POST //md5.asp HTTP/1.1" 404 305 "http://www.secrepo.com//md5.asp" "Mozilla/4.0 (compatible; MSIE 9.0; Windows NT 6.1)" 
103.214.140.102 - - [27/Dec/2020:09:58:56 -0800] "POST //images/Sql.asp HTTP/1.1" 404 305 "http://www.secrepo.com//images/Sql.asp" "Mozilla/4.0 (compatible; MSIE 9.0; Windows NT 6.1)" 
103.214.140.102 - - [27/Dec/2020:09:58:57 -0800] "POST //manage/Images/Sql.asp HTTP/1.1" 404 304 "http://www.secrepo.com//manage/Images/Sql.asp" "Mozilla/4.0 (compatible; MSIE 9.0; Windows NT 6.1)" 
103.214.140.102 - - [27/Dec/2020:09:58:57 -0800] "POST //admin/images/Sql.asp HTTP/1.1" 404 304 "http://www.secrepo.com//admin/images/Sql.asp" "Mozilla/4.0 (compatible; MSIE 9.0; Windows NT 6.1)" 
103.214.140.102 - - [27/Dec/2020:09:58:57 -0800] "POST //images/css/Thumb.asp HTTP/1.1" 404 304 "http://www.secrepo.com//images/css/Thumb.asp" "Mozilla/4.0 (compatible; MSIE 9.0; Windows NT 6.1)" 
103.214.140.102 - - [27/Dec/2020:09:58:57 -0800] "POST //admin/sdfg.asp HTTP/1.1" 404 304 "http://www.secrepo.com//admin/sdfg.asp" "Mozilla/4.0 (compatible; MSIE 9.0; Windows NT 6.1)" 
103.214.140.102 - - [27/Dec/2020:09:58:58 -0800] "POST //Templates/test.asp HTTP/1.1" 404 304 "http://www.secrepo.com//Templates/test.asp" "Mozilla/4.0 (compatible; MSIE 9.0; Windows NT 6.1)" 
103.214.140.102 - - [27/Dec/2020:09:58:58 -0800] "POST //lib/1.php HTTP/1.1" 404 304 "http://www.secrepo.com//lib/1.php" "Mozilla/4.0 (compatible; MSIE 9.0; Windows NT 6.1)" 
103.214.140.102 - - [27/Dec/2020:09:58:58 -0800] "POST //red_app/createTableStructure.php HTTP/1.1" 404 304 "http://www.secrepo.com//red_app/createTableStructure.php" "Mozilla/4.0 (compatible; MSIE 9.0; Windows NT 6.1)" 
103.214.140.102 - - [27/Dec/2020:09:58:58 -0800] "POST //event_images/inuits.php?id=assert HTTP/1.1" 404 304 "http://www.secrepo.com//event_images/inuits.php?id=assert" "Mozilla/4.0 (compatible; MSIE 9.0; Windows NT 6.1)" 
103.214.140.102 - - [27/Dec/2020:09:58:58 -0800] "POST //event_images/inuits.php?id=assert HTTP/1.1" 404 304 "http://www.secrepo.com//event_images/inuits.php?id=assert" "Mozilla/4.0 (compatible; MSIE 9.0; Windows NT 6.1)" 
103.214.140.102 - - [27/Dec/2020:09:58:59 -0800] "POST //event_images/inuits.php?id=assert HTTP/1.1" 404 269 "http://www.secrepo.com//event_images/inuits.php?id=assert" "Mozilla/4.0 (compatible; MSIE 9.0; Windows NT 6.1)" 
103.214.140.102 - - [27/Dec/2020:09:58:59 -0800] "POST //incloudes/sessions.php HTTP/1.1" 404 328 "http://www.secrepo.com//incloudes/sessions.php" "Mozilla/4.0 (compatible; MSIE 9.0; Windows NT 6.1)" 
103.214.140.102 - - [27/Dec/2020:09:58:59 -0800] "POST //dxyylc/md5.asp HTTP/1.1" 404 305 "http://www.secrepo.com//dxyylc/md5.asp" "Mozilla/4.0 (compatible; MSIE 9.0; Windows NT 6.1)" 
103.214.140.102 - - [27/Dec/2020:09:59:00 -0800] "POST //include/data/fonrs/uddatasql.php HTTP/1.1" 404 305 "http://www.secrepo.com//include/data/fonrs/uddatasql.php" "Mozilla/4.0 (compatible; MSIE 9.0; Windows NT 6.1)" 
103.214.140.102 - - [27/Dec/2020:09:59:00 -0800] "POST //FIB4/jiuge.asp HTTP/1.1" 404 305 "http://www.secrepo.com//FIB4/jiuge.asp" "Mozilla/4.0 (compatible; MSIE 9.0; Windows NT 6.1)" 
103.214.140.102 - - [27/Dec/2020:09:59:00 -0800] "POST / HTTP/1.1" 200 48041 "http://www.secrepo.com/" "Mozilla/4.0 (compatible; MSIE 9.0; Windows NT 6.1)" 
103.214.140.102 - - [27/Dec/2020:09:59:01 -0800] "POST / HTTP/1.1" 200 48041 "http://www.secrepo.com/" "Mozilla/4.0 (compatible; MSIE 9.0; Windows NT 6.1)" 
103.214.140.102 - - [27/Dec/2020:09:59:01 -0800] "POST / HTTP/1.1" 200 48041 "http://www.secrepo.com/" "Mozilla/4.0 (compatible; MSIE 9.0; Windows NT 6.1)" 
103.214.140.102 - - [27/Dec/2020:09:59:01 -0800] "POST / HTTP/1.1" 200 48041 "http://www.secrepo.com/" "Mozilla/4.0 (compatible; MSIE 9.0; Windows NT 6.1)" 
103.214.140.102 - - [27/Dec/2020:09:59:01 -0800] "POST / HTTP/1.1" 200 48041 "http://www.secrepo.com/" "Mozilla/4.0 (compatible; MSIE 9.0; Windows NT 6.1)" 
103.214.140.102 - - [27/Dec/2020:09:59:02 -0800] "POST / HTTP/1.1" 200 48041 "http://www.secrepo.com/" "Mozilla/4.0 (compatible; MSIE 9.0; Windows NT 6.1)" 
54.36.149.62 - - [27/Dec/2020:10:00:15 -0800] "GET /Datasets%20Description/Network/dhcp.html HTTP/1.1" 200 1417 "-" "Mozilla/5.0 (compatible; AhrefsBot/7.0; +http://ahrefs.com/robot/)" 
5.102.173.71 - - [27/Dec/2020:10:11:27 -0800] "GET /robots.txt HTTP/1.1" 200 333 "-" "Mozilla/5.0 (compatible; MojeekBot/0.10; +https://www.mojeek.com/bot.html)" 
5.102.173.71 - - [27/Dec/2020:10:11:27 -0800] "GET / HTTP/1.1" 200 12803 "-" "Mozilla/5.0 (compatible; MojeekBot/0.10; +https://www.mojeek.com/bot.html)" 
114.119.159.40 - - [27/Dec/2020:10:13:17 -0800] "GET /self.logs/error.log.2018-10-19.gz HTTP/1.1" 200 4398 "-" "Mozilla/5.0 (Linux; Android 7.0;) AppleWebKit/537.36 (KHTML, like Gecko) Mobile Safari/537.36 (compatible; PetalBot;+https://aspiegel.com/petalbot)" 
13.66.139.71 - - [27/Dec/2020:10:13:26 -0800] "GET /Datasets%20Description/HTML_Bro_log_1/dhcp.html HTTP/1.1" 200 1733 "-" "Mozilla/5.0 (compatible; bingbot/2.0; +http://www.bing.com/bingbot.htm)" 
114.119.155.228 - - [27/Dec/2020:10:18:22 -0800] "GET /self.logs/access.log.2017-07-12.gz HTTP/1.1" 200 39293 "-" "Mozilla/5.0 (Linux; Android 7.0;) AppleWebKit/537.36 (KHTML, like Gecko) Mobile Safari/537.36 (compatible; PetalBot;+https://aspiegel.com/petalbot)" 
54.36.148.18 - - [27/Dec/2020:10:19:29 -0800] "GET /honeypot/BSidesDFW%20-%202014.ipynb HTTP/1.1" 200 930877 "-" "Mozilla/5.0 (compatible; AhrefsBot/7.0; +http://ahrefs.com/robot/)" 
114.119.141.53 - - [27/Dec/2020:10:23:27 -0800] "GET /self.logs/access.log.2018-05-09.gz HTTP/1.1" 200 35220 "-" "Mozilla/5.0 (Linux; Android 7.0;) AppleWebKit/537.36 (KHTML, like Gecko) Mobile Safari/537.36 (compatible; PetalBot;+https://aspiegel.com/petalbot)" 
114.119.159.101 - - [27/Dec/2020:10:33:38 -0800] "GET /self.logs/error.log.2018-11-13.gz HTTP/1.1" 200 4013 "-" "Mozilla/5.0 (Linux; Android 7.0;) AppleWebKit/537.36 (KHTML, like Gecko) Mobile Safari/537.36 (compatible; PetalBot;+https://aspiegel.com/petalbot)" 
54.36.149.62 - - [27/Dec/2020:10:38:53 -0800] "GET /self.logs/error.log.2019-02-07.gz HTTP/1.1" 200 3671 "-" "Mozilla/5.0 (compatible; AhrefsBot/7.0; +http://ahrefs.com/robot/)" 
207.46.13.55 - - [27/Dec/2020:10:41:42 -0800] "GET /self.logs/error.log.2020-03-14.gz HTTP/1.1" 301 541 "-" "Mozilla/5.0 (compatible; bingbot/2.0; +http://www.bing.com/bingbot.htm)" 
207.46.13.27 - - [27/Dec/2020:10:46:39 -0800] "GET /self.logs/access.log.2020-07-29.gz HTTP/1.1" 200 17970 "-" "Mozilla/5.0 (compatible; bingbot/2.0; +http://www.bing.com/bingbot.htm)" 
13.66.139.39 - - [27/Dec/2020:10:52:36 -0800] "GET /Datasets%20Description/Network/ssl.html HTTP/1.1" 200 1585 "-" "Mozilla/5.0 (compatible; bingbot/2.0; +http://www.bing.com/bingbot.htm)" 
207.46.13.27 - - [27/Dec/2020:10:53:55 -0800] "GET /self.logs/2015/error.log.2015-04-29.gz HTTP/1.1" 200 1822 "-" "Mozilla/5.0 (compatible; bingbot/2.0; +http://www.bing.com/bingbot.htm)" 
114.119.150.248 - - [27/Dec/2020:10:53:58 -0800] "GET /self.logs/access.log.2020-12-21.gz HTTP/1.1" 200 26058 "-" "Mozilla/5.0 (Linux; Android 7.0;) AppleWebKit/537.36 (KHTML, like Gecko) Mobile Safari/537.36 (compatible; PetalBot;+https://aspiegel.com/petalbot)" 
66.249.75.91 - - [27/Dec/2020:10:57:33 -0800] "GET / HTTP/1.1" 301 475 "-" "Mozilla/5.0 (Linux; Android 6.0.1; Nexus 5X Build/MMB29P) AppleWebKit/537.36 (KHTML, like Gecko) Chrome/87.0.4280.90 Mobile Safari/537.36 (compatible; Googlebot/2.1; +http://www.google.com/bot.html)" 
66.249.69.185 - - [27/Dec/2020:10:57:34 -0800] "GET / HTTP/1.1" 200 12883 "-" "Mozilla/5.0 (Linux; Android 6.0.1; Nexus 5X Build/MMB29P) AppleWebKit/537.36 (KHTML, like Gecko) Chrome/87.0.4280.90 Mobile Safari/537.36 (compatible; Googlebot/2.1; +http://www.google.com/bot.html)" 
66.249.69.185 - - [27/Dec/2020:10:57:37 -0800] "GET /css/style.css HTTP/1.1" 404 328 "http://www.secrepo.com/" "Mozilla/5.0 (Linux; Android 6.0.1; Nexus 5X Build/MMB29P) AppleWebKit/537.36 (KHTML, like Gecko) Chrome/87.0.4280.90 Mobile Safari/537.36 (compatible; Googlebot/2.1; +http://www.google.com/bot.html)" 
66.249.69.189 - - [27/Dec/2020:10:57:37 -0800] "GET /css/style.css HTTP/1.1" 404 328 "http://www.secrepo.com/" "Mozilla/5.0 (Linux; Android 6.0.1; Nexus 5X Build/MMB29P) AppleWebKit/537.36 (KHTML, like Gecko) Chrome/87.0.4280.90 Mobile Safari/537.36 (compatible; Googlebot/2.1; +http://www.google.com/bot.html)" 
54.36.148.18 - - [27/Dec/2020:10:58:59 -0800] "GET /Datasets%20Description/HTML_Bro_log_2/dpd.html HTTP/1.1" 200 1611 "-" "Mozilla/5.0 (compatible; AhrefsBot/7.0; +http://ahrefs.com/robot/)" 
114.119.155.228 - - [27/Dec/2020:10:59:03 -0800] "GET /self.logs/access.log.2019-01-29.gz HTTP/1.1" 200 21742 "-" "Mozilla/5.0 (Linux; Android 7.0;) AppleWebKit/537.36 (KHTML, like Gecko) Mobile Safari/537.36 (compatible; PetalBot;+https://aspiegel.com/petalbot)" 
178.159.37.104 - - [27/Dec/2020:10:59:54 -0800] "GET / HTTP/1.1" 200 48020 "https://badavit.com.ua/" "Mozilla/4.0 (compatible; MSIE 6.0; Windows NT 5.1; .NET CLR 1.1.4322)" 
178.159.37.104 - - [27/Dec/2020:10:59:55 -0800] "GET / HTTP/1.1" 200 48020 "https://badavit.com.ua/" "Mozilla/4.0 (compatible; MSIE 6.0; Windows NT 5.1; .NET CLR 1.1.4322)" 
178.159.37.104 - - [27/Dec/2020:10:59:55 -0800] "GET / HTTP/1.1" 200 48020 "https://badavit.com.ua/" "Mozilla/4.0 (compatible; MSIE 6.0; Windows NT 5.1; .NET CLR 1.1.4322)" 
5.196.23.219 - - [27/Dec/2020:11:07:29 -0800] "GET /honeypot/BSidesDFW%20-%202014.ipynb HTTP/1.1" 200 930921 "http://www.secrepo.com/honeypot/BSidesDFW%20-%202014.ipynb" "Mozilla/5.0 (Windows NT 10.0; ) AppleWebKit/537.36 (KHTML, like Gecko) Chrome/83.0.4103.61 Safari/537.36" 
157.55.39.93 - - [27/Dec/2020:11:08:28 -0800] "GET /self.logs/error.log.2020-06-09 HTTP/1.1" 200 351 "-" "Mozilla/5.0 (compatible; bingbot/2.0; +http://www.bing.com/bingbot.htm)" 
207.46.13.173 - - [27/Dec/2020:11:09:11 -0800] "GET /self.logs/2016/access.log.2016-08-16.gz HTTP/1.1" 304 280 "-" "Mozilla/5.0 (compatible; bingbot/2.0; +http://www.bing.com/bingbot.htm)" 
114.119.141.53 - - [27/Dec/2020:11:09:13 -0800] "GET /self.logs/error.log.2018-07-15.gz HTTP/1.1" 200 13706 "-" "Mozilla/5.0 (Linux; Android 7.0;) AppleWebKit/537.36 (KHTML, like Gecko) Mobile Safari/537.36 (compatible; PetalBot;+https://aspiegel.com/petalbot)" 
207.46.13.55 - - [27/Dec/2020:11:10:30 -0800] "GET /self.logs/access.log.2017-04-13.gz HTTP/1.1" 301 543 "-" "Mozilla/5.0 (compatible; bingbot/2.0; +http://www.bing.com/bingbot.htm)" 
13.66.139.71 - - [27/Dec/2020:11:12:23 -0800] "GET /Datasets%20Description/Network/tunnel.html HTTP/1.1" 200 1470 "-" "Mozilla/5.0 (compatible; bingbot/2.0; +http://www.bing.com/bingbot.htm)" 
207.46.13.55 - - [27/Dec/2020:11:14:11 -0800] "GET /self.logs/access.log.2018-03-05.gz HTTP/1.1" 304 280 "-" "Mozilla/5.0 (compatible; bingbot/2.0; +http://www.bing.com/bingbot.htm)" 
54.36.148.18 - - [27/Dec/2020:11:18:26 -0800] "GET /self.logs/error.log.2019-04-02.gz HTTP/1.1" 200 6457 "-" "Mozilla/5.0 (compatible; AhrefsBot/7.0; +http://ahrefs.com/robot/)" 
13.66.139.39 - - [27/Dec/2020:11:20:58 -0800] "GET /self.logs/error.log.2019-10-13 HTTP/1.1" 200 351 "-" "Mozilla/5.0 (compatible; bingbot/2.0; +http://www.bing.com/bingbot.htm)" 
114.119.129.244 - - [27/Dec/2020:11:24:28 -0800] "GET /self.logs/access.log.2018-09-07.gz HTTP/1.1" 200 28014 "-" "Mozilla/5.0 (Linux; Android 7.0;) AppleWebKit/537.36 (KHTML, like Gecko) Mobile Safari/537.36 (compatible; PetalBot;+https://aspiegel.com/petalbot)" 
114.119.157.43 - - [27/Dec/2020:11:29:33 -0800] "GET /self.logs/access.log.2019-08-07.gz HTTP/1.1" 200 17723 "-" "Mozilla/5.0 (Linux; Android 7.0;) AppleWebKit/537.36 (KHTML, like Gecko) Mobile Safari/537.36 (compatible; PetalBot;+https://aspiegel.com/petalbot)" 
54.36.148.18 - - [27/Dec/2020:11:37:42 -0800] "GET /Datasets%20Description/HTML_Bro_log_2/app_stats.html HTTP/1.1" 200 1546 "-" "Mozilla/5.0 (compatible; AhrefsBot/7.0; +http://ahrefs.com/robot/)" 
77.88.5.95 - - [27/Dec/2020:11:38:33 -0800] "GET /robots.txt HTTP/1.1" 200 377 "-" "Mozilla/5.0 (compatible; YandexBot/3.0; +http://yandex.com/bots)" 
77.88.5.157 - - [27/Dec/2020:11:38:36 -0800] "GET / HTTP/1.1" 200 12883 "-" "Mozilla/5.0 (compatible; YandexBot/3.0; +http://yandex.com/bots)" 
114.119.155.228 - - [27/Dec/2020:11:39:43 -0800] "GET /self.logs/error.log.2020-10-30 HTTP/1.1" 200 4346 "-" "Mozilla/5.0 (Linux; Android 7.0;) AppleWebKit/537.36 (KHTML, like Gecko) Mobile Safari/537.36 (compatible; PetalBot;+https://aspiegel.com/petalbot)" 
157.55.39.113 - - [27/Dec/2020:11:41:33 -0800] "GET /self.logs/2015/access.log.2015-07-15.gz HTTP/1.1" 301 553 "-" "Mozilla/5.0 (compatible; bingbot/2.0; +http://www.bing.com/bingbot.htm)" 
114.119.130.95 - - [27/Dec/2020:11:44:48 -0800] "GET /self.logs/2015/access.log.2015-09-01.gz HTTP/1.1" 200 10580 "-" "Mozilla/5.0 (Linux; Android 7.0;) AppleWebKit/537.36 (KHTML, like Gecko) Mobile Safari/537.36 (compatible; PetalBot;+https://aspiegel.com/petalbot)" 
54.36.148.18 - - [27/Dec/2020:11:46:50 -0800] "GET /Datasets%20Description/Network/?C=D;O=A HTTP/1.1" 200 725 "-" "Mozilla/5.0 (compatible; AhrefsBot/7.0; +http://ahrefs.com/robot/)" 
114.119.150.248 - - [27/Dec/2020:11:54:59 -0800] "GET /self.logs/2015/access.log.2015-09-21.gz HTTP/1.1" 200 5577 "-" "Mozilla/5.0 (Linux; Android 7.0;) AppleWebKit/537.36 (KHTML, like Gecko) Mobile Safari/537.36 (compatible; PetalBot;+https://aspiegel.com/petalbot)" 
13.66.139.71 - - [27/Dec/2020:11:55:37 -0800] "GET /Datasets%20Description/Network/http.html HTTP/1.1" 200 1709 "-" "Mozilla/5.0 (compatible; bingbot/2.0; +http://www.bing.com/bingbot.htm)" 
54.36.148.18 - - [27/Dec/2020:11:55:53 -0800] "GET /Datasets%20Description/HTML_Bro_log_2/ssl.html HTTP/1.1" 200 1816 "-" "Mozilla/5.0 (compatible; AhrefsBot/7.0; +http://ahrefs.com/robot/)" 
207.46.13.97 - - [27/Dec/2020:11:57:26 -0800] "GET /self.logs/access.log.2017-08-15.gz HTTP/1.1" 304 280 "-" "Mozilla/5.0 (compatible; bingbot/2.0; +http://www.bing.com/bingbot.htm)" 
66.249.75.90 - - [27/Dec/2020:11:58:04 -0800] "GET / HTTP/1.1" 301 475 "-" "Mozilla/5.0 (compatible; Googlebot/2.1; +http://www.google.com/bot.html)" 
66.249.69.185 - - [27/Dec/2020:11:58:05 -0800] "GET / HTTP/1.1" 200 12883 "-" "Mozilla/5.0 (compatible; Googlebot/2.1; +http://www.google.com/bot.html)" 
66.249.69.187 - - [27/Dec/2020:11:58:29 -0800] "GET /css/style.css HTTP/1.1" 404 328 "http://www.secrepo.com/" "Mozilla/5.0 AppleWebKit/537.36 (KHTML, like Gecko; compatible; Googlebot/2.1; +http://www.google.com/bot.html) Chrome/87.0.4280.90 Safari/537.36" 
66.249.69.185 - - [27/Dec/2020:11:58:30 -0800] "GET /css/style.css HTTP/1.1" 404 328 "http://www.secrepo.com/" "Mozilla/5.0 AppleWebKit/537.36 (KHTML, like Gecko; compatible; Googlebot/2.1; +http://www.google.com/bot.html) Chrome/87.0.4280.90 Safari/537.36" 
114.119.129.244 - - [27/Dec/2020:12:00:03 -0800] "GET /self.logs/error.log.2018-11-05.gz HTTP/1.1" 200 4564 "-" "Mozilla/5.0 (Linux; Android 7.0;) AppleWebKit/537.36 (KHTML, like Gecko) Mobile Safari/537.36 (compatible; PetalBot;+https://aspiegel.com/petalbot)" 
109.252.43.29 - - [27/Dec/2020:12:04:55 -0800] "GET /twitter-icon.png HTTP/1.1" 304 281 "-" "Mozilla/5.0 (Windows NT 10.0; Win64; x64) AppleWebKit/537.36 (KHTML, like Gecko) Chrome/87.0.4280.60 YaBrowser/20.12.0.963 Yowser/2.5 Safari/537.36" 
109.252.43.29 - - [27/Dec/2020:12:04:55 -0800] "GET /GitHub-Mark.png HTTP/1.1" 304 281 "-" "Mozilla/5.0 (Windows NT 10.0; Win64; x64) AppleWebKit/537.36 (KHTML, like Gecko) Chrome/87.0.4280.60 YaBrowser/20.12.0.963 Yowser/2.5 Safari/537.36" 
54.36.149.86 - - [27/Dec/2020:12:05:26 -0800] "GET /self.logs/?C=N;O=D HTTP/1.1" 200 27346 "-" "Mozilla/5.0 (compatible; AhrefsBot/7.0; +http://ahrefs.com/robot/)" 
114.119.157.43 - - [27/Dec/2020:12:10:13 -0800] "GET /self.logs/access.log.2019-03-16.gz HTTP/1.1" 200 20000 "-" "Mozilla/5.0 (Linux; Android 7.0;) AppleWebKit/537.36 (KHTML, like Gecko) Mobile Safari/537.36 (compatible; PetalBot;+https://aspiegel.com/petalbot)" 
40.77.167.37 - - [27/Dec/2020:12:11:14 -0800] "GET /self.logs/error.log.2019-12-12.gz HTTP/1.1" 200 868 "-" "Mozilla/5.0 (compatible; bingbot/2.0; +http://www.bing.com/bingbot.htm)" 
54.36.149.1 - - [27/Dec/2020:12:14:46 -0800] "GET /self.logs/access.log.2020-09-22.gz HTTP/1.1" 200 12292 "-" "Mozilla/5.0 (compatible; AhrefsBot/7.0; +http://ahrefs.com/robot/)" 
40.77.167.37 - - [27/Dec/2020:12:17:46 -0800] "GET /self.logs/access.log.2020-09-20.gz HTTP/1.1" 200 16034 "-" "Mozilla/5.0 (compatible; bingbot/2.0; +http://www.bing.com/bingbot.htm)" 
13.66.139.71 - - [27/Dec/2020:12:17:50 -0800] "GET / HTTP/1.1" 200 12882 "-" "Mozilla/5.0 (compatible; bingbot/2.0; +http://www.bing.com/bingbot.htm)" 
54.36.148.6 - - [27/Dec/2020:12:19:26 -0800] "GET /self.logs/error.log.2020-10-19.gz HTTP/1.1" 200 781 "-" "Mozilla/5.0 (compatible; AhrefsBot/7.0; +http://ahrefs.com/robot/)" 
114.119.159.101 - - [27/Dec/2020:12:20:25 -0800] "GET /self.logs/access.log.2017-10-25.gz HTTP/1.1" 200 21360 "-" "Mozilla/5.0 (Linux; Android 7.0;) AppleWebKit/537.36 (KHTML, like Gecko) Mobile Safari/537.36 (compatible; PetalBot;+https://aspiegel.com/petalbot)" 
54.36.149.62 - - [27/Dec/2020:12:24:05 -0800] "GET /self.logs/error.log.2019-04-04.gz HTTP/1.1" 200 4537 "-" "Mozilla/5.0 (compatible; AhrefsBot/7.0; +http://ahrefs.com/robot/)" 
114.119.150.248 - - [27/Dec/2020:12:25:31 -0800] "GET /self.logs/2015/error.log.2015-08-18.gz HTTP/1.1" 200 813 "-" "Mozilla/5.0 (Linux; Android 7.0;) AppleWebKit/537.36 (KHTML, like Gecko) Mobile Safari/537.36 (compatible; PetalBot;+https://aspiegel.com/petalbot)" 
54.36.148.18 - - [27/Dec/2020:12:28:51 -0800] "GET /self.logs/error.log.2020-10-29.gz HTTP/1.1" 200 783 "-" "Mozilla/5.0 (compatible; AhrefsBot/7.0; +http://ahrefs.com/robot/)" 
218.77.121.35 - - [27/Dec/2020:12:30:20 -0800] "GET / HTTP/1.1" 200 12845 "http://www.secrepo.com/" "Mozilla/5.0 (Macintosh; Intel Mac OS X 10_7_0) AppleWebKit/535.11 (KHTML, like Gecko) Chrome/17.0.963.56 Safari/535.11" 
54.36.148.18 - - [27/Dec/2020:12:33:53 -0800] "GET /self.logs/error.log.2019-01-28.gz HTTP/1.1" 200 4871 "-" "Mozilla/5.0 (compatible; AhrefsBot/7.0; +http://ahrefs.com/robot/)" 
54.36.149.62 - - [27/Dec/2020:12:38:43 -0800] "GET /self.logs/error.log.2019-02-17.gz HTTP/1.1" 200 4116 "-" "Mozilla/5.0 (compatible; AhrefsBot/7.0; +http://ahrefs.com/robot/)" 
111.202.100.91 - - [27/Dec/2020:12:39:41 -0800] "GET / HTTP/1.1" 200 12845 "-" "Sogou web spider/4.0(+http://www.sogou.com/docs/help/webmasters.htm#07)" 
37.139.30.156 - - [27/Dec/2020:12:41:25 -0800] "GET / HTTP/1.1" 200 12882 "-" "Mozilla/5.0 (Macintosh; Intel Mac OS X 10_14_4) AppleWebKit/537.36 (KHTML, like Gecko) Chrome/73.0.3683.103 Safari/537.36" 
37.139.30.156 - - [27/Dec/2020:12:41:25 -0800] "GET /css/style.css HTTP/1.1" 404 305 "http://www.secrepo.com/" "Mozilla/5.0 (Macintosh; Intel Mac OS X 10_14_4) AppleWebKit/537.36 (KHTML, like Gecko) Chrome/73.0.3683.103 Safari/537.36" 
37.139.30.156 - - [27/Dec/2020:12:41:25 -0800] "GET /twitter-icon.png HTTP/1.1" 200 27916 "http://www.secrepo.com/" "Mozilla/5.0 (Macintosh; Intel Mac OS X 10_14_4) AppleWebKit/537.36 (KHTML, like Gecko) Chrome/73.0.3683.103 Safari/537.36" 
37.139.30.156 - - [27/Dec/2020:12:41:25 -0800] "GET /GitHub-Mark.png HTTP/1.1" 200 7533 "http://www.secrepo.com/" "Mozilla/5.0 (Macintosh; Intel Mac OS X 10_14_4) AppleWebKit/537.36 (KHTML, like Gecko) Chrome/73.0.3683.103 Safari/537.36" 
54.36.148.18 - - [27/Dec/2020:12:43:54 -0800] "GET /self.logs/error.log.2017-05-17.gz HTTP/1.1" 200 961 "-" "Mozilla/5.0 (compatible; AhrefsBot/7.0; +http://ahrefs.com/robot/)" 
114.119.157.43 - - [27/Dec/2020:12:45:54 -0800] "GET /self.logs/error.log.2017-05-13.gz HTTP/1.1" 200 970 "-" "Mozilla/5.0 (Linux; Android 7.0;) AppleWebKit/537.36 (KHTML, like Gecko) Mobile Safari/537.36 (compatible; PetalBot;+https://aspiegel.com/petalbot)" 
54.36.148.34 - - [27/Dec/2020:12:49:05 -0800] "GET /robots.txt HTTP/1.1" 200 333 "-" "Mozilla/5.0 (compatible; AhrefsBot/6.1; +http://ahrefs.com/robot/)" 
54.36.149.62 - - [27/Dec/2020:12:49:05 -0800] "GET /self.logs/access.log.2017-08-10.gz HTTP/1.1" 200 18105 "-" "Mozilla/5.0 (compatible; AhrefsBot/7.0; +http://ahrefs.com/robot/)" 
45.121.107.94 - - [27/Dec/2020:12:50:22 -0800] "HEAD /www.rar HTTP/1.1" 404 309 "-" "-" 
45.121.107.94 - - [27/Dec/2020:12:50:22 -0800] "HEAD /www.secrepo.com.rar HTTP/1.1" 404 231 "-" "-" 
45.121.107.94 - - [27/Dec/2020:12:50:23 -0800] "HEAD /www_secrepo_com.rar HTTP/1.1" 404 231 "-" "-" 
45.121.107.94 - - [27/Dec/2020:12:50:23 -0800] "HEAD /wwwsecrepocom.rar HTTP/1.1" 404 231 "-" "-" 
45.121.107.94 - - [27/Dec/2020:12:50:23 -0800] "HEAD /secrepo.com.rar HTTP/1.1" 404 231 "-" "-" 
45.121.107.94 - - [27/Dec/2020:12:50:24 -0800] "HEAD /secrepo_com.rar HTTP/1.1" 404 231 "-" "-" 
45.121.107.94 - - [27/Dec/2020:12:50:24 -0800] "HEAD /secrepocom.rar HTTP/1.1" 404 231 "-" "-" 
45.121.107.94 - - [27/Dec/2020:12:50:24 -0800] "HEAD /secrepo.rar HTTP/1.1" 404 231 "-" "-" 
45.121.107.94 - - [27/Dec/2020:12:50:24 -0800] "HEAD /www.zip HTTP/1.1" 404 231 "-" "-" 
45.121.107.94 - - [27/Dec/2020:12:50:25 -0800] "HEAD /www.secrepo.com.zip HTTP/1.1" 404 231 "-" "-" 
45.121.107.94 - - [27/Dec/2020:12:50:25 -0800] "HEAD /www_secrepo_com.zip HTTP/1.1" 404 231 "-" "-" 
45.121.107.94 - - [27/Dec/2020:12:50:25 -0800] "HEAD /wwwsecrepocom.zip HTTP/1.1" 404 231 "-" "-" 
45.121.107.94 - - [27/Dec/2020:12:50:26 -0800] "HEAD /secrepo.com.zip HTTP/1.1" 404 231 "-" "-" 
45.121.107.94 - - [27/Dec/2020:12:50:26 -0800] "HEAD /secrepo_com.zip HTTP/1.1" 404 231 "-" "-" 
45.121.107.94 - - [27/Dec/2020:12:50:26 -0800] "HEAD /secrepocom.zip HTTP/1.1" 404 231 "-" "-" 
45.121.107.94 - - [27/Dec/2020:12:50:27 -0800] "HEAD /secrepo.zip HTTP/1.1" 404 231 "-" "-" 
45.121.107.94 - - [27/Dec/2020:12:50:27 -0800] "HEAD /www.tar.gz HTTP/1.1" 404 231 "-" "-" 
45.121.107.94 - - [27/Dec/2020:12:50:27 -0800] "HEAD /www.secrepo.com.tar.gz HTTP/1.1" 404 231 "-" "-" 
45.121.107.94 - - [27/Dec/2020:12:50:28 -0800] "HEAD /www_secrepo_com.tar.gz HTTP/1.1" 404 231 "-" "-" 
45.121.107.94 - - [27/Dec/2020:12:50:28 -0800] "HEAD /wwwsecrepocom.tar.gz HTTP/1.1" 404 231 "-" "-" 
45.121.107.94 - - [27/Dec/2020:12:50:28 -0800] "HEAD /secrepo.com.tar.gz HTTP/1.1" 404 231 "-" "-" 
45.121.107.94 - - [27/Dec/2020:12:50:28 -0800] "HEAD /secrepo_com.tar.gz HTTP/1.1" 404 231 "-" "-" 
45.121.107.94 - - [27/Dec/2020:12:50:29 -0800] "HEAD /secrepocom.tar.gz HTTP/1.1" 404 231 "-" "-" 
45.121.107.94 - - [27/Dec/2020:12:50:29 -0800] "HEAD /secrepo.tar.gz HTTP/1.1" 404 231 "-" "-" 
45.121.107.94 - - [27/Dec/2020:12:50:29 -0800] "HEAD /wwwroot.rar HTTP/1.1" 404 231 "-" "-" 
45.121.107.94 - - [27/Dec/2020:12:50:30 -0800] "HEAD /wwwroot.zip HTTP/1.1" 404 231 "-" "-" 
45.121.107.94 - - [27/Dec/2020:12:50:30 -0800] "HEAD /wwwroot.tar.gz HTTP/1.1" 404 231 "-" "-" 
45.121.107.94 - - [27/Dec/2020:12:50:30 -0800] "HEAD /www.rar HTTP/1.1" 404 231 "-" "-" 
45.121.107.94 - - [27/Dec/2020:12:50:31 -0800] "HEAD /www.zip HTTP/1.1" 404 231 "-" "-" 
45.121.107.94 - - [27/Dec/2020:12:50:31 -0800] "HEAD /www.tar.gz HTTP/1.1" 404 231 "-" "-" 
45.121.107.94 - - [27/Dec/2020:12:50:31 -0800] "HEAD /web.rar HTTP/1.1" 404 231 "-" "-" 
45.121.107.94 - - [27/Dec/2020:12:50:32 -0800] "HEAD /web.zip HTTP/1.1" 404 231 "-" "-" 
45.121.107.94 - - [27/Dec/2020:12:50:32 -0800] "HEAD /web.tar.gz HTTP/1.1" 404 231 "-" "-" 
114.119.159.101 - - [27/Dec/2020:12:50:57 -0800] "GET /self.logs/error.log.2019-05-08.gz HTTP/1.1" 200 4554 "-" "Mozilla/5.0 (Linux; Android 7.0;) AppleWebKit/537.36 (KHTML, like Gecko) Mobile Safari/537.36 (compatible; PetalBot;+https://aspiegel.com/petalbot)" 
207.46.13.162 - - [27/Dec/2020:12:52:21 -0800] "GET /self.logs/error.log.2020-10-25 HTTP/1.1" 200 351 "-" "Mozilla/5.0 (compatible; bingbot/2.0; +http://www.bing.com/bingbot.htm)" 
216.18.204.203 - - [27/Dec/2020:12:52:45 -0800] "GET /robots.txt HTTP/1.1" 200 340 "-" "Mozilla/5.0 (compatible; Adsbot/3.1)" 
