51.222.253.11 - - [02/Nov/2023:23:14:18 -0700] "GET /self.logs/access.log.2017-10-29.gz HTTP/1.1" 200 18414 "-" "Mozilla/5.0 (compatible; AhrefsBot/7.0; +http://ahrefs.com/robot/)" 
51.222.253.18 - - [02/Nov/2023:23:14:42 -0700] "GET /self.logs/error.log.2018-03-14.gz HTTP/1.1" 200 4643 "-" "Mozilla/5.0 (compatible; AhrefsBot/7.0; +http://ahrefs.com/robot/)" 
51.222.253.18 - - [02/Nov/2023:23:15:06 -0700] "GET /self.logs/access.log.2020-06-16.gz HTTP/1.1" 200 75920 "-" "Mozilla/5.0 (compatible; AhrefsBot/7.0; +http://ahrefs.com/robot/)" 
51.222.253.11 - - [02/Nov/2023:23:15:33 -0700] "GET /self.logs/error.log.2018-05-24.gz HTTP/1.1" 200 4431 "-" "Mozilla/5.0 (compatible; AhrefsBot/7.0; +http://ahrefs.com/robot/)" 
94.46.167.73 - - [02/Nov/2023:23:15:49 -0700] "HEAD /old/directory.gz HTTP/1.1" 301 183 "-" "-" 
51.222.253.18 - - [02/Nov/2023:23:15:53 -0700] "GET /self.logs/error.log.2018-10-13.gz HTTP/1.1" 200 3950 "-" "Mozilla/5.0 (compatible; AhrefsBot/7.0; +http://ahrefs.com/robot/)" 
51.222.253.1 - - [02/Nov/2023:23:16:19 -0700] "GET /self.logs/access.log.2020-02-12.gz HTTP/1.1" 200 18534 "-" "Mozilla/5.0 (compatible; AhrefsBot/7.0; +http://ahrefs.com/robot/)" 
51.222.253.6 - - [02/Nov/2023:23:16:37 -0700] "GET /self.logs/access.log.2021-01-20.gz HTTP/1.1" 200 19570 "-" "Mozilla/5.0 (compatible; AhrefsBot/7.0; +http://ahrefs.com/robot/)" 
107.20.105.74 - - [02/Nov/2023:23:16:40 -0700] "HEAD / HTTP/1.1" 301 186 "-" "DreamHost SiteMonitor 1.0" 
107.20.105.74 - - [02/Nov/2023:23:16:40 -0700] "HEAD / HTTP/1.1" 200 359 "http://66.33.221.139" "DreamHost SiteMonitor 1.0" 
51.222.253.3 - - [02/Nov/2023:23:17:08 -0700] "GET /self.logs/error.log.2020-08-06 HTTP/1.1" 200 823 "-" "Mozilla/5.0 (compatible; AhrefsBot/7.0; +http://ahrefs.com/robot/)" 
51.222.253.18 - - [02/Nov/2023:23:17:34 -0700] "GET /self.logs/error.log.2018-11-16.gz HTTP/1.1" 200 4410 "-" "Mozilla/5.0 (compatible; AhrefsBot/7.0; +http://ahrefs.com/robot/)" 
94.46.167.73 - - [02/Nov/2023:23:17:49 -0700] "HEAD /old/sql.sql HTTP/1.1" 301 178 "-" "-" 
51.222.253.1 - - [02/Nov/2023:23:18:00 -0700] "GET /self.logs/error.log.2018-11-20.gz HTTP/1.1" 200 3840 "-" "Mozilla/5.0 (compatible; AhrefsBot/7.0; +http://ahrefs.com/robot/)" 
121.22.5.222 - - [02/Nov/2023:23:18:18 -0700] "GET / HTTP/1.1" 200 13185 "-" "Mozilla/5.0 (Windows NT 10.0; Win64; x64) AppleWebKit/537.36 (KHTML, like Gecko) Chrome/97.0.4280.67 Safari/537.36 Edg/97.0.664.52" 
51.222.253.16 - - [02/Nov/2023:23:18:32 -0700] "GET /self.logs/error.log.2020-01-13 HTTP/1.1" 200 307 "-" "Mozilla/5.0 (compatible; AhrefsBot/7.0; +http://ahrefs.com/robot/)" 
85.203.44.189 - - [02/Nov/2023:23:18:43 -0700] "HEAD /backup.zip HTTP/1.1" 301 177 "-" "-" 
85.203.44.204 - - [02/Nov/2023:23:18:44 -0700] "HEAD /backup.zip HTTP/1.1" 404 265 "-" "-" 
51.222.253.4 - - [02/Nov/2023:23:19:04 -0700] "GET /self.logs/access.log.2020-10-23.gz HTTP/1.1" 200 13220 "-" "Mozilla/5.0 (compatible; AhrefsBot/7.0; +http://ahrefs.com/robot/)" 
51.222.253.11 - - [02/Nov/2023:23:19:40 -0700] "GET /self.logs/access.log.2019-04-10.gz HTTP/1.1" 200 30210 "-" "Mozilla/5.0 (compatible; AhrefsBot/7.0; +http://ahrefs.com/robot/)" 
51.222.253.13 - - [02/Nov/2023:23:20:11 -0700] "GET /self.logs/access.log.2018-02-12.gz HTTP/1.1" 200 21602 "-" "Mozilla/5.0 (compatible; AhrefsBot/7.0; +http://ahrefs.com/robot/)" 
51.222.253.7 - - [02/Nov/2023:23:20:31 -0700] "GET /self.logs/access.log.2017-06-20.gz HTTP/1.1" 200 26784 "-" "Mozilla/5.0 (compatible; AhrefsBot/7.0; +http://ahrefs.com/robot/)" 
51.222.253.4 - - [02/Nov/2023:23:21:25 -0700] "GET /self.logs/error.log.2018-11-22.gz HTTP/1.1" 200 3720 "-" "Mozilla/5.0 (compatible; AhrefsBot/7.0; +http://ahrefs.com/robot/)" 
51.222.253.1 - - [02/Nov/2023:23:21:57 -0700] "GET /self.logs/error.log.2021-04-06.gz HTTP/1.1" 200 1837 "-" "Mozilla/5.0 (compatible; AhrefsBot/7.0; +http://ahrefs.com/robot/)" 
51.222.253.11 - - [02/Nov/2023:23:22:23 -0700] "GET /self.logs/error.log.2021-05-15.gz HTTP/1.1" 200 1671 "-" "Mozilla/5.0 (compatible; AhrefsBot/7.0; +http://ahrefs.com/robot/)" 
51.222.253.8 - - [02/Nov/2023:23:22:40 -0700] "GET /self.logs/access.log.2020-07-12.gz HTTP/1.1" 200 12322 "-" "Mozilla/5.0 (compatible; AhrefsBot/7.0; +http://ahrefs.com/robot/)" 
51.222.253.20 - - [02/Nov/2023:23:23:18 -0700] "GET /self.logs/error.log.2020-08-12 HTTP/1.1" 200 307 "-" "Mozilla/5.0 (compatible; AhrefsBot/7.0; +http://ahrefs.com/robot/)" 
84.32.71.100 - - [02/Nov/2023:23:23:30 -0700] "HEAD /back/latest.zip HTTP/1.1" 301 182 "-" "-" 
84.32.71.59 - - [02/Nov/2023:23:23:30 -0700] "HEAD /back/latest.zip HTTP/1.1" 404 265 "-" "-" 
51.222.253.13 - - [02/Nov/2023:23:23:52 -0700] "GET /self.logs/error.log.2017-03-29.gz HTTP/1.1" 200 786 "-" "Mozilla/5.0 (compatible; AhrefsBot/7.0; +http://ahrefs.com/robot/)" 
51.222.253.12 - - [02/Nov/2023:23:24:09 -0700] "GET /self.logs/error.log.2017-05-27.gz HTTP/1.1" 200 667 "-" "Mozilla/5.0 (compatible; AhrefsBot/7.0; +http://ahrefs.com/robot/)" 
51.222.253.2 - - [02/Nov/2023:23:24:37 -0700] "GET /self.logs/error.log.2020-07-26 HTTP/1.1" 200 307 "-" "Mozilla/5.0 (compatible; AhrefsBot/7.0; +http://ahrefs.com/robot/)" 
51.222.253.16 - - [02/Nov/2023:23:25:02 -0700] "GET /self.logs/access.log.2018-04-09.gz HTTP/1.1" 200 30368 "-" "Mozilla/5.0 (compatible; AhrefsBot/7.0; +http://ahrefs.com/robot/)" 
185.192.70.223 - - [02/Nov/2023:23:25:35 -0700] "HEAD /backup/secrepo.com.tar.gz HTTP/1.1" 301 192 "-" "-" 
185.192.70.59 - - [02/Nov/2023:23:25:36 -0700] "HEAD /backup/secrepo.com.tar.gz HTTP/1.1" 404 265 "-" "-" 
51.222.253.16 - - [02/Nov/2023:23:25:41 -0700] "GET /self.logs/error.log.2019-12-21.gz HTTP/1.1" 200 1299 "-" "Mozilla/5.0 (compatible; AhrefsBot/7.0; +http://ahrefs.com/robot/)" 
185.92.25.107 - - [02/Nov/2023:23:26:06 -0700] "HEAD /backups/website.zip HTTP/1.1" 301 186 "-" "-" 
185.192.71.236 - - [02/Nov/2023:23:26:07 -0700] "HEAD /backups/website.zip HTTP/1.1" 404 265 "-" "-" 
51.222.253.11 - - [02/Nov/2023:23:26:06 -0700] "GET /self.logs/error.log.2018-03-28.gz HTTP/1.1" 200 6742 "-" "Mozilla/5.0 (compatible; AhrefsBot/7.0; +http://ahrefs.com/robot/)" 
94.46.167.73 - - [02/Nov/2023:23:26:26 -0700] "HEAD /restore/secrepo.com.zip HTTP/1.1" 301 190 "-" "-" 
94.46.167.73 - - [02/Nov/2023:23:26:27 -0700] "HEAD /restore/secrepo.com.zip HTTP/1.1" 404 265 "-" "-" 
51.222.253.3 - - [02/Nov/2023:23:26:34 -0700] "GET /self.logs/error.log.2019-11-02.gz HTTP/1.1" 200 1496 "-" "Mozilla/5.0 (compatible; AhrefsBot/7.0; +http://ahrefs.com/robot/)" 
107.20.105.74 - - [02/Nov/2023:23:26:40 -0700] "HEAD / HTTP/1.1" 301 186 "-" "DreamHost SiteMonitor 1.0" 
107.20.105.74 - - [02/Nov/2023:23:26:40 -0700] "HEAD / HTTP/1.1" 200 359 "http://66.33.221.139" "DreamHost SiteMonitor 1.0" 
51.222.253.8 - - [02/Nov/2023:23:27:06 -0700] "GET /self.logs/error.log.2018-08-12.gz HTTP/1.1" 200 9155 "-" "Mozilla/5.0 (compatible; AhrefsBot/7.0; +http://ahrefs.com/robot/)" 
51.222.253.4 - - [02/Nov/2023:23:27:28 -0700] "GET /self.logs/access.log.2019-10-10.gz HTTP/1.1" 200 30780 "-" "Mozilla/5.0 (compatible; AhrefsBot/7.0; +http://ahrefs.com/robot/)" 
58.250.125.79 - - [02/Nov/2023:23:27:30 -0700] "GET / HTTP/1.1" 301 438 "-" "Sogou web spider/4.0(+http://www.sogou.com/docs/help/webmasters.htm#07)" 
51.222.253.2 - - [02/Nov/2023:23:28:17 -0700] "GET /self.logs/access.log.2017-03-25.gz HTTP/1.1" 200 13543 "-" "Mozilla/5.0 (compatible; AhrefsBot/7.0; +http://ahrefs.com/robot/)" 
58.250.125.147 - - [02/Nov/2023:23:28:23 -0700] "GET / HTTP/1.1" 200 13148 "-" "Sogou web spider/4.0(+http://www.sogou.com/docs/help/webmasters.htm#07)" 
51.222.253.8 - - [02/Nov/2023:23:29:01 -0700] "GET /self.logs/error.log.2020-01-28.gz HTTP/1.1" 200 819 "-" "Mozilla/5.0 (compatible; AhrefsBot/7.0; +http://ahrefs.com/robot/)" 
51.222.253.2 - - [02/Nov/2023:23:29:21 -0700] "GET /self.logs/access.log.2017-03-23.gz HTTP/1.1" 200 17145 "-" "Mozilla/5.0 (compatible; AhrefsBot/7.0; +http://ahrefs.com/robot/)" 
51.222.253.9 - - [02/Nov/2023:23:29:48 -0700] "GET /self.logs/access.log.2017-07-18.gz HTTP/1.1" 200 20400 "-" "Mozilla/5.0 (compatible; AhrefsBot/7.0; +http://ahrefs.com/robot/)" 
51.222.253.14 - - [02/Nov/2023:23:30:20 -0700] "GET /self.logs/error.log.2017-01-21.gz HTTP/1.1" 200 988 "-" "Mozilla/5.0 (compatible; AhrefsBot/7.0; +http://ahrefs.com/robot/)" 
51.222.253.15 - - [02/Nov/2023:23:30:54 -0700] "GET /self.logs/error.log.2018-07-25.gz HTTP/1.1" 200 6725 "-" "Mozilla/5.0 (compatible; AhrefsBot/7.0; +http://ahrefs.com/robot/)" 
51.222.253.3 - - [02/Nov/2023:23:31:24 -0700] "GET /self.logs/error.log.2021-07-25.gz HTTP/1.1" 200 7747 "-" "Mozilla/5.0 (compatible; AhrefsBot/7.0; +http://ahrefs.com/robot/)" 
51.222.253.15 - - [02/Nov/2023:23:31:58 -0700] "GET /self.logs/access.log.2018-12-01.gz HTTP/1.1" 200 19886 "-" "Mozilla/5.0 (compatible; AhrefsBot/7.0; +http://ahrefs.com/robot/)" 
52.167.144.139 - - [02/Nov/2023:23:32:24 -0700] "GET /self.logs/access.log.2021-05-12.gz HTTP/1.1" 200 21350 "-" "Mozilla/5.0 AppleWebKit/537.36 (KHTML, like Gecko; compatible; bingbot/2.0; +http://www.bing.com/bingbot.htm) Chrome/103.0.5060.134 Safari/537.36" 
51.222.253.5 - - [02/Nov/2023:23:32:31 -0700] "GET /self.logs/error.log.2018-09-27.gz HTTP/1.1" 200 9652 "-" "Mozilla/5.0 (compatible; AhrefsBot/7.0; +http://ahrefs.com/robot/)" 
51.222.253.4 - - [02/Nov/2023:23:32:50 -0700] "GET /self.logs/error.log.2019-04-21.gz HTTP/1.1" 200 5141 "-" "Mozilla/5.0 (compatible; AhrefsBot/7.0; +http://ahrefs.com/robot/)" 
51.222.253.3 - - [02/Nov/2023:23:33:19 -0700] "GET /self.logs/access.log.2020-10-19.gz HTTP/1.1" 200 16147 "-" "Mozilla/5.0 (compatible; AhrefsBot/7.0; +http://ahrefs.com/robot/)" 
51.222.253.8 - - [02/Nov/2023:23:33:50 -0700] "GET /self.logs/error.log.2020-05-22 HTTP/1.1" 200 307 "-" "Mozilla/5.0 (compatible; AhrefsBot/7.0; +http://ahrefs.com/robot/)" 
51.222.253.8 - - [02/Nov/2023:23:34:17 -0700] "GET /self.logs/access.log.2018-12-24.gz HTTP/1.1" 200 23502 "-" "Mozilla/5.0 (compatible; AhrefsBot/7.0; +http://ahrefs.com/robot/)" 
51.222.253.10 - - [02/Nov/2023:23:34:45 -0700] "GET /self.logs/access.log.2020-05-28.gz HTTP/1.1" 200 14043 "-" "Mozilla/5.0 (compatible; AhrefsBot/7.0; +http://ahrefs.com/robot/)" 
51.222.253.7 - - [02/Nov/2023:23:35:07 -0700] "GET /self.logs/access.log.2017-07-17.gz HTTP/1.1" 200 78840 "-" "Mozilla/5.0 (compatible; AhrefsBot/7.0; +http://ahrefs.com/robot/)" 
51.222.253.11 - - [02/Nov/2023:23:35:41 -0700] "GET /self.logs/error.log.2018-12-02.gz HTTP/1.1" 200 4102 "-" "Mozilla/5.0 (compatible; AhrefsBot/7.0; +http://ahrefs.com/robot/)" 
51.222.253.16 - - [02/Nov/2023:23:36:06 -0700] "GET /self.logs/error.log.2019-10-01.gz HTTP/1.1" 200 1396 "-" "Mozilla/5.0 (compatible; AhrefsBot/7.0; +http://ahrefs.com/robot/)" 
51.222.253.17 - - [02/Nov/2023:23:36:35 -0700] "GET /self.logs/error.log.2017-05-31.gz HTTP/1.1" 200 994 "-" "Mozilla/5.0 (compatible; AhrefsBot/7.0; +http://ahrefs.com/robot/)" 
107.20.105.74 - - [02/Nov/2023:23:36:40 -0700] "HEAD / HTTP/1.1" 301 186 "-" "DreamHost SiteMonitor 1.0" 
107.20.105.74 - - [02/Nov/2023:23:36:40 -0700] "HEAD / HTTP/1.1" 200 359 "http://66.33.221.139" "DreamHost SiteMonitor 1.0" 
51.222.253.8 - - [02/Nov/2023:23:37:02 -0700] "GET /self.logs/access.log.2017-07-05.gz HTTP/1.1" 200 22806 "-" "Mozilla/5.0 (compatible; AhrefsBot/7.0; +http://ahrefs.com/robot/)" 
51.222.253.18 - - [02/Nov/2023:23:37:21 -0700] "GET /self.logs/error.log.2020-11-15 HTTP/1.1" 200 307 "-" "Mozilla/5.0 (compatible; AhrefsBot/7.0; +http://ahrefs.com/robot/)" 
51.222.253.13 - - [02/Nov/2023:23:37:51 -0700] "GET /self.logs/access.log.2018-03-20.gz HTTP/1.1" 200 21102 "-" "Mozilla/5.0 (compatible; AhrefsBot/7.0; +http://ahrefs.com/robot/)" 
51.222.253.13 - - [02/Nov/2023:23:38:15 -0700] "GET /self.logs/error.log.2020-06-08 HTTP/1.1" 200 307 "-" "Mozilla/5.0 (compatible; AhrefsBot/7.0; +http://ahrefs.com/robot/)" 
51.222.253.18 - - [02/Nov/2023:23:38:42 -0700] "GET /self.logs/error.log.2021-02-06.gz HTTP/1.1" 200 1730 "-" "Mozilla/5.0 (compatible; AhrefsBot/7.0; +http://ahrefs.com/robot/)" 
51.222.253.7 - - [02/Nov/2023:23:39:14 -0700] "GET /self.logs/access.log.2019-03-04.gz HTTP/1.1" 200 19043 "-" "Mozilla/5.0 (compatible; AhrefsBot/7.0; +http://ahrefs.com/robot/)" 
185.192.16.57 - - [02/Nov/2023:23:39:34 -0700] "HEAD /back/wallet.zip HTTP/1.1" 301 182 "-" "-" 
185.192.16.58 - - [02/Nov/2023:23:39:34 -0700] "HEAD /back/wallet.zip HTTP/1.1" 404 265 "-" "-" 
51.222.253.18 - - [02/Nov/2023:23:39:53 -0700] "GET /self.logs/access.log.2019-09-23.gz HTTP/1.1" 200 22406 "-" "Mozilla/5.0 (compatible; AhrefsBot/7.0; +http://ahrefs.com/robot/)" 
51.222.253.9 - - [02/Nov/2023:23:40:36 -0700] "GET /self.logs/access.log.2021-06-04.gz HTTP/1.1" 200 27341 "-" "Mozilla/5.0 (compatible; AhrefsBot/7.0; +http://ahrefs.com/robot/)" 
178.17.169.38 - - [02/Nov/2023:23:41:05 -0700] "HEAD /old/mysql.sql HTTP/1.1" 301 180 "-" "-" 
178.17.169.38 - - [02/Nov/2023:23:41:06 -0700] "HEAD /old/mysql.sql HTTP/1.1" 404 265 "-" "-" 
51.222.253.16 - - [02/Nov/2023:23:41:06 -0700] "GET /self.logs/access.log.2020-12-21.gz HTTP/1.1" 200 26014 "-" "Mozilla/5.0 (compatible; AhrefsBot/7.0; +http://ahrefs.com/robot/)" 
51.222.253.2 - - [02/Nov/2023:23:41:26 -0700] "GET /self.logs/error.log.2017-06-22.gz HTTP/1.1" 200 1580 "-" "Mozilla/5.0 (compatible; AhrefsBot/7.0; +http://ahrefs.com/robot/)" 
51.222.253.6 - - [02/Nov/2023:23:41:56 -0700] "GET /self.logs/access.log.2018-01-01.gz HTTP/1.1" 200 25113 "-" "Mozilla/5.0 (compatible; AhrefsBot/7.0; +http://ahrefs.com/robot/)" 
178.17.169.37 - - [02/Nov/2023:23:41:57 -0700] "HEAD /restore/www.sql HTTP/1.1" 301 182 "-" "-" 
178.17.169.38 - - [02/Nov/2023:23:41:57 -0700] "HEAD /restore/www.sql HTTP/1.1" 404 265 "-" "-" 
98.159.226.187 - - [02/Nov/2023:23:42:12 -0700] "HEAD /restore/website.zip HTTP/1.1" 301 186 "-" "-" 
98.159.226.188 - - [02/Nov/2023:23:42:12 -0700] "HEAD /restore/website.zip HTTP/1.1" 404 265 "-" "-" 
51.222.253.18 - - [02/Nov/2023:23:42:22 -0700] "GET /self.logs/error.log.2019-12-09.gz HTTP/1.1" 200 1524 "-" "Mozilla/5.0 (compatible; AhrefsBot/7.0; +http://ahrefs.com/robot/)" 
98.159.226.185 - - [02/Nov/2023:23:42:54 -0700] "HEAD /backup/www.gz HTTP/1.1" 301 180 "-" "-" 
98.159.226.191 - - [02/Nov/2023:23:42:54 -0700] "HEAD /backup/www.gz HTTP/1.1" 404 265 "-" "-" 
51.222.253.19 - - [02/Nov/2023:23:42:55 -0700] "GET /self.logs/error.log.2019-01-04.gz HTTP/1.1" 200 4616 "-" "Mozilla/5.0 (compatible; AhrefsBot/7.0; +http://ahrefs.com/robot/)" 
51.222.253.6 - - [02/Nov/2023:23:43:14 -0700] "GET /self.logs/error.log.2020-10-29.gz HTTP/1.1" 200 783 "-" "Mozilla/5.0 (compatible; AhrefsBot/7.0; +http://ahrefs.com/robot/)" 
51.222.253.8 - - [02/Nov/2023:23:43:47 -0700] "GET /self.logs/error.log.2019-08-09 HTTP/1.1" 200 307 "-" "Mozilla/5.0 (compatible; AhrefsBot/7.0; +http://ahrefs.com/robot/)" 
23.248.193.186 - - [02/Nov/2023:23:44:01 -0700] "GET /admin.php HTTP/1.1" 404 328 "-" "python-requests/2.31.0" 
51.222.253.2 - - [02/Nov/2023:23:44:04 -0700] "GET /self.logs/access.log.2017-09-20.gz HTTP/1.1" 200 53931 "-" "Mozilla/5.0 (compatible; AhrefsBot/7.0; +http://ahrefs.com/robot/)" 
51.222.253.7 - - [02/Nov/2023:23:44:47 -0700] "GET /self.logs/access.log.2017-10-26.gz HTTP/1.1" 200 18336 "-" "Mozilla/5.0 (compatible; AhrefsBot/7.0; +http://ahrefs.com/robot/)" 
51.222.253.12 - - [02/Nov/2023:23:45:04 -0700] "GET /self.logs/error.log.2020-06-16 HTTP/1.1" 200 307 "-" "Mozilla/5.0 (compatible; AhrefsBot/7.0; +http://ahrefs.com/robot/)" 
185.192.71.172 - - [02/Nov/2023:23:45:11 -0700] "HEAD /back/bak.tar HTTP/1.1" 301 179 "-" "-" 
185.192.71.185 - - [02/Nov/2023:23:45:11 -0700] "HEAD /back/bak.tar HTTP/1.1" 404 265 "-" "-" 
51.222.253.11 - - [02/Nov/2023:23:45:34 -0700] "GET /self.logs/error.log.2021-02-11.gz HTTP/1.1" 200 1148 "-" "Mozilla/5.0 (compatible; AhrefsBot/7.0; +http://ahrefs.com/robot/)" 
51.222.253.16 - - [02/Nov/2023:23:45:59 -0700] "GET /self.logs/error.log.2017-04-04.gz HTTP/1.1" 200 3898 "-" "Mozilla/5.0 (compatible; AhrefsBot/7.0; +http://ahrefs.com/robot/)" 
51.222.253.18 - - [02/Nov/2023:23:46:23 -0700] "GET /self.logs/error.log.2017-04-15.gz HTTP/1.1" 200 819 "-" "Mozilla/5.0 (compatible; AhrefsBot/7.0; +http://ahrefs.com/robot/)" 
107.20.105.74 - - [02/Nov/2023:23:46:40 -0700] "HEAD / HTTP/1.1" 301 186 "-" "DreamHost SiteMonitor 1.0" 
107.20.105.74 - - [02/Nov/2023:23:46:40 -0700] "HEAD / HTTP/1.1" 200 359 "http://66.33.221.139" "DreamHost SiteMonitor 1.0" 
51.222.253.3 - - [02/Nov/2023:23:46:42 -0700] "GET /self.logs/error.log.2018-11-13.gz HTTP/1.1" 200 3969 "-" "Mozilla/5.0 (compatible; AhrefsBot/7.0; +http://ahrefs.com/robot/)" 
51.222.253.9 - - [02/Nov/2023:23:47:22 -0700] "GET /self.logs/access.log.2020-06-10.gz HTTP/1.1" 200 13120 "-" "Mozilla/5.0 (compatible; AhrefsBot/7.0; +http://ahrefs.com/robot/)" 
51.222.253.20 - - [02/Nov/2023:23:47:56 -0700] "GET /self.logs/error.log.2018-11-25.gz HTTP/1.1" 200 3847 "-" "Mozilla/5.0 (compatible; AhrefsBot/7.0; +http://ahrefs.com/robot/)" 
51.222.253.16 - - [02/Nov/2023:23:48:27 -0700] "GET /self.logs/error.log.2017-07-12.gz HTTP/1.1" 200 933 "-" "Mozilla/5.0 (compatible; AhrefsBot/7.0; +http://ahrefs.com/robot/)" 
51.222.253.19 - - [02/Nov/2023:23:48:59 -0700] "GET /self.logs/access.log.2017-07-12.gz HTTP/1.1" 200 39249 "-" "Mozilla/5.0 (compatible; AhrefsBot/7.0; +http://ahrefs.com/robot/)" 
51.222.253.9 - - [02/Nov/2023:23:49:32 -0700] "GET /self.logs/access.log.2019-07-29.gz HTTP/1.1" 200 28171 "-" "Mozilla/5.0 (compatible; AhrefsBot/7.0; +http://ahrefs.com/robot/)" 
51.222.253.14 - - [02/Nov/2023:23:49:50 -0700] "GET /self.logs/access.log.2020-09-19.gz HTTP/1.1" 200 13378 "-" "Mozilla/5.0 (compatible; AhrefsBot/7.0; +http://ahrefs.com/robot/)" 
51.222.253.14 - - [02/Nov/2023:23:50:13 -0700] "GET /self.logs/access.log.2020-07-15.gz HTTP/1.1" 200 18812 "-" "Mozilla/5.0 (compatible; AhrefsBot/7.0; +http://ahrefs.com/robot/)" 
51.222.253.13 - - [02/Nov/2023:23:50:34 -0700] "GET /self.logs/access.log.2017-05-19.gz HTTP/1.1" 200 14904 "-" "Mozilla/5.0 (compatible; AhrefsBot/7.0; +http://ahrefs.com/robot/)" 
51.222.253.1 - - [02/Nov/2023:23:51:08 -0700] "GET /self.logs/error.log.2019-02-22.gz HTTP/1.1" 200 4167 "-" "Mozilla/5.0 (compatible; AhrefsBot/7.0; +http://ahrefs.com/robot/)" 
51.222.253.18 - - [02/Nov/2023:23:51:36 -0700] "GET /self.logs/error.log.2018-04-29.gz HTTP/1.1" 200 3513 "-" "Mozilla/5.0 (compatible; AhrefsBot/7.0; +http://ahrefs.com/robot/)" 
51.222.253.9 - - [02/Nov/2023:23:52:01 -0700] "GET /self.logs/access.log.2019-02-19.gz HTTP/1.1" 200 22970 "-" "Mozilla/5.0 (compatible; AhrefsBot/7.0; +http://ahrefs.com/robot/)" 
66.249.70.64 - - [02/Nov/2023:23:52:16 -0700] "GET / HTTP/1.1" 301 475 "-" "Mozilla/5.0 (compatible; Googlebot/2.1; +http://www.google.com/bot.html)" 
66.249.64.107 - - [02/Nov/2023:23:52:17 -0700] "GET / HTTP/1.1" 200 13185 "-" "Mozilla/5.0 (compatible; Googlebot/2.1; +http://www.google.com/bot.html)" 
66.249.64.107 - - [02/Nov/2023:23:52:18 -0700] "GET /css/style.css HTTP/1.1" 404 305 "http://www.secrepo.com/" "Mozilla/5.0 AppleWebKit/537.36 (KHTML, like Gecko; compatible; Googlebot/2.1; +http://www.google.com/bot.html) Chrome/118.0.5993.117 Safari/537.36" 
51.222.253.9 - - [02/Nov/2023:23:52:25 -0700] "GET /self.logs/error.log.2018-07-08.gz HTTP/1.1" 200 7384 "-" "Mozilla/5.0 (compatible; AhrefsBot/7.0; +http://ahrefs.com/robot/)" 
54.184.159.16 - - [02/Nov/2023:23:52:33 -0700] "GET /auth.log/auth.log.gz HTTP/1.1" 429 449 "-" "fidget-spinner-bot" 
51.222.253.3 - - [02/Nov/2023:23:52:58 -0700] "GET /self.logs/access.log.2018-06-25.gz HTTP/1.1" 200 19679 "-" "Mozilla/5.0 (compatible; AhrefsBot/7.0; +http://ahrefs.com/robot/)" 
51.222.253.14 - - [02/Nov/2023:23:53:30 -0700] "GET /self.logs/access.log.2020-09-11.gz HTTP/1.1" 200 36554 "-" "Mozilla/5.0 (compatible; AhrefsBot/7.0; +http://ahrefs.com/robot/)" 
51.222.253.19 - - [02/Nov/2023:23:54:02 -0700] "GET /self.logs/access.log.2017-02-18.gz HTTP/1.1" 200 21014 "-" "Mozilla/5.0 (compatible; AhrefsBot/7.0; +http://ahrefs.com/robot/)" 
51.222.253.20 - - [02/Nov/2023:23:54:20 -0700] "GET /self.logs/error.log.2019-03-18.gz HTTP/1.1" 200 5583 "-" "Mozilla/5.0 (compatible; AhrefsBot/7.0; +http://ahrefs.com/robot/)" 
51.222.253.6 - - [02/Nov/2023:23:54:47 -0700] "GET /self.logs/error.log.2019-01-06.gz HTTP/1.1" 200 4680 "-" "Mozilla/5.0 (compatible; AhrefsBot/7.0; +http://ahrefs.com/robot/)" 
51.222.253.5 - - [02/Nov/2023:23:55:08 -0700] "GET /self.logs/access.log.2017-01-13.gz HTTP/1.1" 200 16660 "-" "Mozilla/5.0 (compatible; AhrefsBot/7.0; +http://ahrefs.com/robot/)" 
51.222.253.17 - - [02/Nov/2023:23:55:36 -0700] "GET /self.logs/error.log.2020-08-11 HTTP/1.1" 200 307 "-" "Mozilla/5.0 (compatible; AhrefsBot/7.0; +http://ahrefs.com/robot/)" 
51.222.253.20 - - [02/Nov/2023:23:55:57 -0700] "GET /self.logs/error.log.2018-05-09.gz HTTP/1.1" 200 9310 "-" "Mozilla/5.0 (compatible; AhrefsBot/7.0; +http://ahrefs.com/robot/)" 
51.222.253.17 - - [02/Nov/2023:23:56:13 -0700] "GET /self.logs/access.log.2019-02-22.gz HTTP/1.1" 200 24216 "-" "Mozilla/5.0 (compatible; AhrefsBot/7.0; +http://ahrefs.com/robot/)" 
107.20.105.74 - - [02/Nov/2023:23:56:40 -0700] "HEAD / HTTP/1.1" 301 186 "-" "DreamHost SiteMonitor 1.0" 
107.20.105.74 - - [02/Nov/2023:23:56:40 -0700] "HEAD / HTTP/1.1" 200 359 "http://66.33.221.139" "DreamHost SiteMonitor 1.0" 
51.222.253.3 - - [02/Nov/2023:23:56:41 -0700] "GET /self.logs/access.log.2017-12-29.gz HTTP/1.1" 200 20194 "-" "Mozilla/5.0 (compatible; AhrefsBot/7.0; +http://ahrefs.com/robot/)" 
51.222.253.7 - - [02/Nov/2023:23:56:57 -0700] "GET /self.logs/access.log.2018-05-23.gz HTTP/1.1" 200 18494 "-" "Mozilla/5.0 (compatible; AhrefsBot/7.0; +http://ahrefs.com/robot/)" 
51.222.253.9 - - [02/Nov/2023:23:57:32 -0700] "GET /self.logs/error.log.2021-03-23.gz HTTP/1.1" 200 1166 "-" "Mozilla/5.0 (compatible; AhrefsBot/7.0; +http://ahrefs.com/robot/)" 
51.222.253.9 - - [02/Nov/2023:23:58:03 -0700] "GET /self.logs/access.log.2020-04-23.gz HTTP/1.1" 200 25798 "-" "Mozilla/5.0 (compatible; AhrefsBot/7.0; +http://ahrefs.com/robot/)" 
51.222.253.19 - - [02/Nov/2023:23:58:30 -0700] "GET /self.logs/access.log.2019-09-19.gz HTTP/1.1" 200 29966 "-" "Mozilla/5.0 (compatible; AhrefsBot/7.0; +http://ahrefs.com/robot/)" 
51.222.253.11 - - [02/Nov/2023:23:59:14 -0700] "GET /self.logs/error.log.2017-04-26.gz HTTP/1.1" 200 889 "-" "Mozilla/5.0 (compatible; AhrefsBot/7.0; +http://ahrefs.com/robot/)" 
51.222.253.12 - - [02/Nov/2023:23:59:33 -0700] "GET /self.logs/error.log.2019-08-10.gz HTTP/1.1" 200 1226 "-" "Mozilla/5.0 (compatible; AhrefsBot/7.0; +http://ahrefs.com/robot/)" 
51.222.253.4 - - [02/Nov/2023:23:59:53 -0700] "GET /self.logs/access.log.2020-06-28.gz HTTP/1.1" 200 12268 "-" "Mozilla/5.0 (compatible; AhrefsBot/7.0; +http://ahrefs.com/robot/)" 
51.222.253.10 - - [03/Nov/2023:00:00:11 -0700] "GET /self.logs/access.log.2017-08-31.gz HTTP/1.1" 200 23608 "-" "Mozilla/5.0 (compatible; AhrefsBot/7.0; +http://ahrefs.com/robot/)" 
51.222.253.15 - - [03/Nov/2023:00:00:32 -0700] "GET /self.logs/error.log.2019-07-05.gz HTTP/1.1" 200 2321 "-" "Mozilla/5.0 (compatible; AhrefsBot/7.0; +http://ahrefs.com/robot/)" 
51.222.253.4 - - [03/Nov/2023:00:00:51 -0700] "GET /self.logs/error.log.2019-11-01.gz HTTP/1.1" 200 1866 "-" "Mozilla/5.0 (compatible; AhrefsBot/7.0; +http://ahrefs.com/robot/)" 
51.222.253.1 - - [03/Nov/2023:00:01:09 -0700] "GET /self.logs/access.log.2017-02-10.gz HTTP/1.1" 200 36524 "-" "Mozilla/5.0 (compatible; AhrefsBot/7.0; +http://ahrefs.com/robot/)" 
51.222.253.17 - - [03/Nov/2023:00:01:26 -0700] "GET /self.logs/access.log.2018-09-11.gz HTTP/1.1" 200 33889 "-" "Mozilla/5.0 (compatible; AhrefsBot/7.0; +http://ahrefs.com/robot/)" 
51.222.253.1 - - [03/Nov/2023:00:01:41 -0700] "GET /self.logs/error.log.2020-08-04 HTTP/1.1" 200 307 "-" "Mozilla/5.0 (compatible; AhrefsBot/7.0; +http://ahrefs.com/robot/)" 
51.222.253.16 - - [03/Nov/2023:00:02:14 -0700] "GET /self.logs/access.log.2020-11-08.gz HTTP/1.1" 200 19144 "-" "Mozilla/5.0 (compatible; AhrefsBot/7.0; +http://ahrefs.com/robot/)" 
51.222.253.13 - - [03/Nov/2023:00:02:28 -0700] "GET /self.logs/access.log.2018-11-26.gz HTTP/1.1" 200 40692 "-" "Mozilla/5.0 (compatible; AhrefsBot/7.0; +http://ahrefs.com/robot/)" 
51.222.253.15 - - [03/Nov/2023:00:02:52 -0700] "GET /self.logs/error.log.2020-07-10 HTTP/1.1" 200 307 "-" "Mozilla/5.0 (compatible; AhrefsBot/7.0; +http://ahrefs.com/robot/)" 
51.222.253.19 - - [03/Nov/2023:00:03:26 -0700] "GET /self.logs/access.log.2019-07-27.gz HTTP/1.1" 200 24315 "-" "Mozilla/5.0 (compatible; AhrefsBot/7.0; +http://ahrefs.com/robot/)" 
51.222.253.15 - - [03/Nov/2023:00:03:47 -0700] "GET /self.logs/error.log.2018-10-28.gz HTTP/1.1" 200 3525 "-" "Mozilla/5.0 (compatible; AhrefsBot/7.0; +http://ahrefs.com/robot/)" 
66.249.64.106 - - [03/Nov/2023:00:03:48 -0700] "GET / HTTP/1.1" 200 13182 "-" "Mozilla/5.0 (compatible; Googlebot/2.1; +http://www.google.com/bot.html)" 
66.249.64.108 - - [03/Nov/2023:00:03:50 -0700] "GET /css/style.css HTTP/1.1" 404 328 "http://www.secrepo.com/" "Mozilla/5.0 AppleWebKit/537.36 (KHTML, like Gecko; compatible; Googlebot/2.1; +http://www.google.com/bot.html) Chrome/118.0.5993.117 Safari/537.36" 
51.222.253.20 - - [03/Nov/2023:00:04:07 -0700] "GET /self.logs/error.log.2019-03-30.gz HTTP/1.1" 200 4487 "-" "Mozilla/5.0 (compatible; AhrefsBot/7.0; +http://ahrefs.com/robot/)" 
51.222.253.9 - - [03/Nov/2023:00:04:26 -0700] "GET /self.logs/access.log.2019-11-12.gz HTTP/1.1" 200 15697 "-" "Mozilla/5.0 (compatible; AhrefsBot/7.0; +http://ahrefs.com/robot/)" 
45.128.199.149 - - [03/Nov/2023:00:04:40 -0700] "HEAD /bak/secrepo.com.gz HTTP/1.1" 301 185 "-" "-" 
45.8.17.9 - - [03/Nov/2023:00:04:41 -0700] "HEAD /bak/secrepo.com.gz HTTP/1.1" 404 265 "-" "-" 
51.222.253.18 - - [03/Nov/2023:00:04:52 -0700] "GET /self.logs/error.log.2019-10-07 HTTP/1.1" 200 307 "-" "Mozilla/5.0 (compatible; AhrefsBot/7.0; +http://ahrefs.com/robot/)" 
51.222.253.9 - - [03/Nov/2023:00:05:28 -0700] "GET /self.logs/access.log.2018-09-14.gz HTTP/1.1" 200 28649 "-" "Mozilla/5.0 (compatible; AhrefsBot/7.0; +http://ahrefs.com/robot/)" 
51.222.253.1 - - [03/Nov/2023:00:05:49 -0700] "GET /self.logs/access.log.2018-08-07.gz HTTP/1.1" 200 31144 "-" "Mozilla/5.0 (compatible; AhrefsBot/7.0; +http://ahrefs.com/robot/)" 
51.222.253.6 - - [03/Nov/2023:00:06:08 -0700] "GET /self.logs/access.log.2017-04-23.gz HTTP/1.1" 200 14830 "-" "Mozilla/5.0 (compatible; AhrefsBot/7.0; +http://ahrefs.com/robot/)" 
51.222.253.3 - - [03/Nov/2023:00:06:27 -0700] "GET /self.logs/access.log.2018-10-30.gz HTTP/1.1" 200 28164 "-" "Mozilla/5.0 (compatible; AhrefsBot/7.0; +http://ahrefs.com/robot/)" 
107.20.105.74 - - [03/Nov/2023:00:06:40 -0700] "HEAD / HTTP/1.1" 301 186 "-" "DreamHost SiteMonitor 1.0" 
107.20.105.74 - - [03/Nov/2023:00:06:40 -0700] "HEAD / HTTP/1.1" 200 359 "http://66.33.221.139" "DreamHost SiteMonitor 1.0" 
51.222.253.18 - - [03/Nov/2023:00:06:55 -0700] "GET /self.logs/error.log.2018-05-12.gz HTTP/1.1" 200 4605 "-" "Mozilla/5.0 (compatible; AhrefsBot/7.0; +http://ahrefs.com/robot/)" 
51.222.253.16 - - [03/Nov/2023:00:07:21 -0700] "GET /self.logs/access.log.2018-01-02.gz HTTP/1.1" 200 25198 "-" "Mozilla/5.0 (compatible; AhrefsBot/7.0; +http://ahrefs.com/robot/)" 
51.222.253.17 - - [03/Nov/2023:00:07:48 -0700] "GET /self.logs/access.log.2019-12-10.gz HTTP/1.1" 200 31759 "-" "Mozilla/5.0 (compatible; AhrefsBot/7.0; +http://ahrefs.com/robot/)" 
51.222.253.15 - - [03/Nov/2023:00:08:12 -0700] "GET /self.logs/error.log.2020-07-23.gz HTTP/1.1" 200 1147 "-" "Mozilla/5.0 (compatible; AhrefsBot/7.0; +http://ahrefs.com/robot/)" 
51.222.253.5 - - [03/Nov/2023:00:08:27 -0700] "GET /self.logs/error.log.2017-01-19.gz HTTP/1.1" 200 894 "-" "Mozilla/5.0 (compatible; AhrefsBot/7.0; +http://ahrefs.com/robot/)" 
51.222.253.16 - - [03/Nov/2023:00:08:42 -0700] "GET /self.logs/error.log.2019-12-24 HTTP/1.1" 200 307 "-" "Mozilla/5.0 (compatible; AhrefsBot/7.0; +http://ahrefs.com/robot/)" 
51.222.253.16 - - [03/Nov/2023:00:09:08 -0700] "GET /self.logs/access.log.2019-05-25.gz HTTP/1.1" 200 22639 "-" "Mozilla/5.0 (compatible; AhrefsBot/7.0; +http://ahrefs.com/robot/)" 
222.209.120.199 - - [03/Nov/2023:00:09:21 -0700] "GET / HTTP/1.1" 200 13182 "-" "Mozilla/5.0 (Macintosh; Intel Mac OS X 10_15_7) AppleWebKit/605.1.15 (KHTML, like Gecko)" 
222.209.120.199 - - [03/Nov/2023:00:09:22 -0700] "GET /apple-touch-icon-precomposed.png HTTP/1.1" 404 328 "-" "Safari%E6%B5%8F%E8%A7%88%E5%99%A8/16615.3.12.11.5 CFNetwork/1240.0.4.5 Darwin/20.6.0" 
222.209.120.199 - - [03/Nov/2023:00:09:22 -0700] "GET /apple-touch-icon.png HTTP/1.1" 404 305 "-" "Safari%E6%B5%8F%E8%A7%88%E5%99%A8/16615.3.12.11.5 CFNetwork/1240.0.4.5 Darwin/20.6.0" 
222.209.120.199 - - [03/Nov/2023:00:09:23 -0700] "GET / HTTP/1.1" 200 13182 "-" "Mozilla/5.0 (iPhone; CPU iPhone OS 16_4 like Mac OS X) AppleWebKit/605.1.15 (KHTML, like Gecko) Version/16.4 Mobile/15E148 Safari/604.1" 
222.209.120.199 - - [03/Nov/2023:00:09:23 -0700] "GET /apple-touch-icon-precomposed.png HTTP/1.1" 404 305 "-" "Safari%E6%B5%8F%E8%A7%88%E5%99%A8/16615.3.12.11.5 CFNetwork/1240.0.4.5 Darwin/20.6.0" 
222.209.120.199 - - [03/Nov/2023:00:09:24 -0700] "GET /apple-touch-icon.png HTTP/1.1" 404 305 "-" "Safari%E6%B5%8F%E8%A7%88%E5%99%A8/16615.3.12.11.5 CFNetwork/1240.0.4.5 Darwin/20.6.0" 
51.222.253.3 - - [03/Nov/2023:00:09:27 -0700] "GET /self.logs/error.log.2020-05-26 HTTP/1.1" 200 307 "-" "Mozilla/5.0 (compatible; AhrefsBot/7.0; +http://ahrefs.com/robot/)" 
51.222.253.17 - - [03/Nov/2023:00:09:55 -0700] "GET /self.logs/access.log.2020-05-11.gz HTTP/1.1" 200 19182 "-" "Mozilla/5.0 (compatible; AhrefsBot/7.0; +http://ahrefs.com/robot/)" 
51.222.253.12 - - [03/Nov/2023:00:10:21 -0700] "GET /self.logs/error.log.2017-05-26.gz HTTP/1.1" 200 895 "-" "Mozilla/5.0 (compatible; AhrefsBot/7.0; +http://ahrefs.com/robot/)" 
51.222.253.5 - - [03/Nov/2023:00:10:34 -0700] "GET /self.logs/error.log.2019-12-20.gz HTTP/1.1" 200 1087 "-" "Mozilla/5.0 (compatible; AhrefsBot/7.0; +http://ahrefs.com/robot/)" 
51.222.253.8 - - [03/Nov/2023:00:10:58 -0700] "GET /self.logs/error.log.2019-01-27.gz HTTP/1.1" 200 5195 "-" "Mozilla/5.0 (compatible; AhrefsBot/7.0; +http://ahrefs.com/robot/)" 
51.222.253.17 - - [03/Nov/2023:00:11:22 -0700] "GET /self.logs/access.log.2021-04-26.gz HTTP/1.1" 200 17368 "-" "Mozilla/5.0 (compatible; AhrefsBot/7.0; +http://ahrefs.com/robot/)" 
51.222.253.6 - - [03/Nov/2023:00:11:39 -0700] "GET /self.logs/error.log.2019-05-02.gz HTTP/1.1" 200 3256 "-" "Mozilla/5.0 (compatible; AhrefsBot/7.0; +http://ahrefs.com/robot/)" 
51.222.253.15 - - [03/Nov/2023:00:12:02 -0700] "GET /self.logs/access.log.2017-05-23.gz HTTP/1.1" 200 19632 "-" "Mozilla/5.0 (compatible; AhrefsBot/7.0; +http://ahrefs.com/robot/)" 
51.222.253.7 - - [03/Nov/2023:00:12:17 -0700] "GET /self.logs/error.log.2019-08-02.gz HTTP/1.1" 200 1850 "-" "Mozilla/5.0 (compatible; AhrefsBot/7.0; +http://ahrefs.com/robot/)" 
51.222.253.13 - - [03/Nov/2023:00:12:43 -0700] "GET /self.logs/error.log.2017-03-11.gz HTTP/1.1" 200 749 "-" "Mozilla/5.0 (compatible; AhrefsBot/7.0; +http://ahrefs.com/robot/)" 
51.222.253.6 - - [03/Nov/2023:00:13:00 -0700] "GET /self.logs/access.log.2017-02-16.gz HTTP/1.1" 200 17599 "-" "Mozilla/5.0 (compatible; AhrefsBot/7.0; +http://ahrefs.com/robot/)" 
51.222.253.2 - - [03/Nov/2023:00:13:20 -0700] "GET /self.logs/error.log.2019-12-12.gz HTTP/1.1" 200 824 "-" "Mozilla/5.0 (compatible; AhrefsBot/7.0; +http://ahrefs.com/robot/)" 
51.222.253.13 - - [03/Nov/2023:00:13:46 -0700] "GET /self.logs/error.log.2020-08-21 HTTP/1.1" 200 307 "-" "Mozilla/5.0 (compatible; AhrefsBot/7.0; +http://ahrefs.com/robot/)" 
51.222.253.18 - - [03/Nov/2023:00:14:04 -0700] "GET /self.logs/error.log.2018-10-25.gz HTTP/1.1" 200 4654 "-" "Mozilla/5.0 (compatible; AhrefsBot/7.0; +http://ahrefs.com/robot/)" 
51.222.253.18 - - [03/Nov/2023:00:14:25 -0700] "GET /self.logs/error.log.2020-09-08 HTTP/1.1" 200 307 "-" "Mozilla/5.0 (compatible; AhrefsBot/7.0; +http://ahrefs.com/robot/)" 
51.222.253.4 - - [03/Nov/2023:00:14:51 -0700] "GET /self.logs/access.log.2019-07-13.gz HTTP/1.1" 200 23428 "-" "Mozilla/5.0 (compatible; AhrefsBot/7.0; +http://ahrefs.com/robot/)" 
51.222.253.14 - - [03/Nov/2023:00:15:13 -0700] "GET /self.logs/access.log.2017-07-27.gz HTTP/1.1" 200 21440 "-" "Mozilla/5.0 (compatible; AhrefsBot/7.0; +http://ahrefs.com/robot/)" 
51.222.253.18 - - [03/Nov/2023:00:15:34 -0700] "GET /self.logs/error.log.2018-05-23.gz HTTP/1.1" 200 4421 "-" "Mozilla/5.0 (compatible; AhrefsBot/7.0; +http://ahrefs.com/robot/)" 
51.222.253.3 - - [03/Nov/2023:00:15:57 -0700] "GET /self.logs/error.log.2020-05-19 HTTP/1.1" 200 307 "-" "Mozilla/5.0 (compatible; AhrefsBot/7.0; +http://ahrefs.com/robot/)" 
51.222.253.1 - - [03/Nov/2023:00:16:19 -0700] "GET /self.logs/access.log.2018-08-23.gz HTTP/1.1" 200 22117 "-" "Mozilla/5.0 (compatible; AhrefsBot/7.0; +http://ahrefs.com/robot/)" 
107.20.105.74 - - [03/Nov/2023:00:16:40 -0700] "HEAD / HTTP/1.1" 301 186 "-" "DreamHost SiteMonitor 1.0" 
107.20.105.74 - - [03/Nov/2023:00:16:40 -0700] "HEAD / HTTP/1.1" 200 359 "http://66.33.221.139" "DreamHost SiteMonitor 1.0" 
51.222.253.7 - - [03/Nov/2023:00:16:51 -0700] "GET /self.logs/error.log.2019-06-26.gz HTTP/1.1" 200 2337 "-" "Mozilla/5.0 (compatible; AhrefsBot/7.0; +http://ahrefs.com/robot/)" 
17.241.75.36 - - [03/Nov/2023:00:17:04 -0700] "GET /self.logs/ HTTP/1.1" 200 46133 "-" "Mozilla/5.0 (Macintosh; Intel Mac OS X 10_15_5) AppleWebKit/605.1.15 (KHTML, like Gecko) Version/13.1.1 Safari/605.1.15 (Applebot/0.1; +http://www.apple.com/go/applebot)" 
51.222.253.3 - - [03/Nov/2023:00:17:14 -0700] "GET /self.logs/access.log.2018-07-31.gz HTTP/1.1" 200 36986 "-" "Mozilla/5.0 (compatible; AhrefsBot/7.0; +http://ahrefs.com/robot/)" 
51.222.253.17 - - [03/Nov/2023:00:17:45 -0700] "GET /self.logs/error.log.2020-08-09 HTTP/1.1" 200 307 "-" "Mozilla/5.0 (compatible; AhrefsBot/7.0; +http://ahrefs.com/robot/)" 
51.222.253.13 - - [03/Nov/2023:00:18:02 -0700] "GET /self.logs/access.log.2018-07-23.gz HTTP/1.1" 200 25328 "-" "Mozilla/5.0 (compatible; AhrefsBot/7.0; +http://ahrefs.com/robot/)" 
51.222.253.11 - - [03/Nov/2023:00:18:22 -0700] "GET /self.logs/access.log.2019-10-08.gz HTTP/1.1" 200 34530 "-" "Mozilla/5.0 (compatible; AhrefsBot/7.0; +http://ahrefs.com/robot/)" 
51.222.253.11 - - [03/Nov/2023:00:18:54 -0700] "GET /self.logs/access.log.2019-03-16.gz HTTP/1.1" 200 19956 "-" "Mozilla/5.0 (compatible; AhrefsBot/7.0; +http://ahrefs.com/robot/)" 
51.222.253.8 - - [03/Nov/2023:00:19:26 -0700] "GET /self.logs/error.log.2018-01-27.gz HTTP/1.1" 200 1141 "-" "Mozilla/5.0 (compatible; AhrefsBot/7.0; +http://ahrefs.com/robot/)" 
51.222.253.2 - - [03/Nov/2023:00:19:59 -0700] "GET /self.logs/access.log.2018-09-07.gz HTTP/1.1" 200 27970 "-" "Mozilla/5.0 (compatible; AhrefsBot/7.0; +http://ahrefs.com/robot/)" 
51.222.253.2 - - [03/Nov/2023:00:20:22 -0700] "GET /self.logs/access.log.2018-10-07.gz HTTP/1.1" 200 22580 "-" "Mozilla/5.0 (compatible; AhrefsBot/7.0; +http://ahrefs.com/robot/)" 
51.222.253.4 - - [03/Nov/2023:00:20:43 -0700] "GET /self.logs/error.log.2018-03-02.gz HTTP/1.1" 200 3076 "-" "Mozilla/5.0 (compatible; AhrefsBot/7.0; +http://ahrefs.com/robot/)" 
51.222.253.8 - - [03/Nov/2023:00:20:59 -0700] "GET /self.logs/access.log.2021-01-24.gz HTTP/1.1" 200 25817 "-" "Mozilla/5.0 (compatible; AhrefsBot/7.0; +http://ahrefs.com/robot/)" 
51.222.253.2 - - [03/Nov/2023:00:21:21 -0700] "GET /self.logs/error.log.2017-01-28.gz HTTP/1.1" 200 1456 "-" "Mozilla/5.0 (compatible; AhrefsBot/7.0; +http://ahrefs.com/robot/)" 
51.222.253.20 - - [03/Nov/2023:00:21:46 -0700] "GET /self.logs/error.log.2019-09-10.gz HTTP/1.1" 200 1178 "-" "Mozilla/5.0 (compatible; AhrefsBot/7.0; +http://ahrefs.com/robot/)" 
51.222.253.17 - - [03/Nov/2023:00:22:11 -0700] "GET /self.logs/access.log.2019-10-25.gz HTTP/1.1" 200 17298 "-" "Mozilla/5.0 (compatible; AhrefsBot/7.0; +http://ahrefs.com/robot/)" 
51.222.253.20 - - [03/Nov/2023:00:22:34 -0700] "GET /self.logs/access.log.2020-04-07.gz HTTP/1.1" 200 16383 "-" "Mozilla/5.0 (compatible; AhrefsBot/7.0; +http://ahrefs.com/robot/)" 
51.222.253.5 - - [03/Nov/2023:00:22:51 -0700] "GET /self.logs/error.log.2020-05-30 HTTP/1.1" 200 307 "-" "Mozilla/5.0 (compatible; AhrefsBot/7.0; +http://ahrefs.com/robot/)" 
51.222.253.5 - - [03/Nov/2023:00:23:09 -0700] "GET /self.logs/access.log.2017-05-25.gz HTTP/1.1" 200 36314 "-" "Mozilla/5.0 (compatible; AhrefsBot/7.0; +http://ahrefs.com/robot/)" 
51.222.253.5 - - [03/Nov/2023:00:23:39 -0700] "GET /self.logs/access.log.2020-01-18.gz HTTP/1.1" 200 11188 "-" "Mozilla/5.0 (compatible; AhrefsBot/7.0; +http://ahrefs.com/robot/)" 
51.222.253.8 - - [03/Nov/2023:00:24:01 -0700] "GET /self.logs/access.log.2018-09-15.gz HTTP/1.1" 200 24196 "-" "Mozilla/5.0 (compatible; AhrefsBot/7.0; +http://ahrefs.com/robot/)" 
51.222.253.9 - - [03/Nov/2023:00:24:35 -0700] "GET /self.logs/access.log.2018-07-30.gz HTTP/1.1" 200 29480 "-" "Mozilla/5.0 (compatible; AhrefsBot/7.0; +http://ahrefs.com/robot/)" 
45.128.199.234 - - [03/Nov/2023:00:24:48 -0700] "HEAD /backup/archive.zip HTTP/1.1" 301 185 "-" "-" 
45.8.17.3 - - [03/Nov/2023:00:24:48 -0700] "HEAD /backup/archive.zip HTTP/1.1" 404 265 "-" "-" 
51.222.253.13 - - [03/Nov/2023:00:24:56 -0700] "GET /self.logs/error.log.2020-06-02 HTTP/1.1" 200 307 "-" "Mozilla/5.0 (compatible; AhrefsBot/7.0; +http://ahrefs.com/robot/)" 
51.222.253.1 - - [03/Nov/2023:00:25:35 -0700] "GET /self.logs/error.log.2017-10-11.gz HTTP/1.1" 200 2273 "-" "Mozilla/5.0 (compatible; AhrefsBot/7.0; +http://ahrefs.com/robot/)" 
51.222.253.6 - - [03/Nov/2023:00:26:02 -0700] "GET /self.logs/error.log.2018-10-09.gz HTTP/1.1" 200 5255 "-" "Mozilla/5.0 (compatible; AhrefsBot/7.0; +http://ahrefs.com/robot/)" 
51.222.253.1 - - [03/Nov/2023:00:26:31 -0700] "GET /self.logs/error.log.2018-02-17.gz HTTP/1.1" 200 4110 "-" "Mozilla/5.0 (compatible; AhrefsBot/7.0; +http://ahrefs.com/robot/)" 
107.20.105.74 - - [03/Nov/2023:00:26:40 -0700] "HEAD / HTTP/1.1" 301 186 "-" "DreamHost SiteMonitor 1.0" 
107.20.105.74 - - [03/Nov/2023:00:26:40 -0700] "HEAD / HTTP/1.1" 200 359 "http://66.33.221.139" "DreamHost SiteMonitor 1.0" 
45.8.17.3 - - [03/Nov/2023:00:26:48 -0700] "HEAD /back/well-known.zip HTTP/1.1" 301 186 "-" "-" 
45.128.199.231 - - [03/Nov/2023:00:26:49 -0700] "HEAD /back/well-known.zip HTTP/1.1" 404 265 "-" "-" 
84.32.71.100 - - [03/Nov/2023:00:26:56 -0700] "HEAD /backup/website.tar HTTP/1.1" 301 185 "-" "-" 
84.32.71.103 - - [03/Nov/2023:00:26:57 -0700] "HEAD /backup/website.tar HTTP/1.1" 404 265 "-" "-" 
51.222.253.7 - - [03/Nov/2023:00:27:10 -0700] "GET /self.logs/error.log.2018-06-05.gz HTTP/1.1" 200 6287 "-" "Mozilla/5.0 (compatible; AhrefsBot/7.0; +http://ahrefs.com/robot/)" 
51.222.253.19 - - [03/Nov/2023:00:27:43 -0700] "GET /self.logs/error.log.2019-09-07.gz HTTP/1.1" 200 2009 "-" "Mozilla/5.0 (compatible; AhrefsBot/7.0; +http://ahrefs.com/robot/)" 
51.222.253.17 - - [03/Nov/2023:00:28:12 -0700] "GET /self.logs/error.log.2017-10-31.gz HTTP/1.1" 200 1947 "-" "Mozilla/5.0 (compatible; AhrefsBot/7.0; +http://ahrefs.com/robot/)" 
123.126.68.116 - - [03/Nov/2023:00:28:39 -0700] "GET / HTTP/1.1" 200 13148 "-" "Sogou web spider/4.0(+http://www.sogou.com/docs/help/webmasters.htm#07)" 
51.222.253.8 - - [03/Nov/2023:00:28:46 -0700] "GET /self.logs/access.log.2019-07-24.gz HTTP/1.1" 200 51643 "-" "Mozilla/5.0 (compatible; AhrefsBot/7.0; +http://ahrefs.com/robot/)" 
51.222.253.5 - - [03/Nov/2023:00:29:03 -0700] "GET /self.logs/error.log.2018-01-22.gz HTTP/1.1" 200 2907 "-" "Mozilla/5.0 (compatible; AhrefsBot/7.0; +http://ahrefs.com/robot/)" 
51.222.253.4 - - [03/Nov/2023:00:29:30 -0700] "GET /self.logs/access.log.2021-10-08.gz HTTP/1.1" 200 24787 "-" "Mozilla/5.0 (compatible; AhrefsBot/7.0; +http://ahrefs.com/robot/)" 
84.32.71.62 - - [03/Nov/2023:00:29:38 -0700] "HEAD /config.json HTTP/1.1" 301 178 "-" "-" 
84.32.71.81 - - [03/Nov/2023:00:29:38 -0700] "HEAD /config.json HTTP/1.1" 404 265 "-" "-" 
51.222.253.5 - - [03/Nov/2023:00:29:50 -0700] "GET /self.logs/error.log.2018-08-02.gz HTTP/1.1" 200 8658 "-" "Mozilla/5.0 (compatible; AhrefsBot/7.0; +http://ahrefs.com/robot/)" 
51.222.253.18 - - [03/Nov/2023:00:30:10 -0700] "GET /self.logs/access.log.2019-04-15.gz HTTP/1.1" 200 32147 "-" "Mozilla/5.0 (compatible; AhrefsBot/7.0; +http://ahrefs.com/robot/)" 
51.222.253.14 - - [03/Nov/2023:00:30:37 -0700] "GET /self.logs/error.log.2021-10-08.gz HTTP/1.1" 200 4448 "-" "Mozilla/5.0 (compatible; AhrefsBot/7.0; +http://ahrefs.com/robot/)" 
51.222.253.15 - - [03/Nov/2023:00:31:08 -0700] "GET /self.logs/error.log.2019-10-16.gz HTTP/1.1" 200 772 "-" "Mozilla/5.0 (compatible; AhrefsBot/7.0; +http://ahrefs.com/robot/)" 
51.222.253.19 - - [03/Nov/2023:00:31:40 -0700] "GET /self.logs/access.log.2019-10-28.gz HTTP/1.1" 200 20329 "-" "Mozilla/5.0 (compatible; AhrefsBot/7.0; +http://ahrefs.com/robot/)" 
51.222.253.20 - - [03/Nov/2023:00:32:24 -0700] "GET /self.logs/error.log.2019-10-20.gz HTTP/1.1" 200 1745 "-" "Mozilla/5.0 (compatible; AhrefsBot/7.0; +http://ahrefs.com/robot/)" 
51.222.253.18 - - [03/Nov/2023:00:32:57 -0700] "GET /self.logs/error.log.2018-09-07.gz HTTP/1.1" 200 7029 "-" "Mozilla/5.0 (compatible; AhrefsBot/7.0; +http://ahrefs.com/robot/)" 
51.222.253.9 - - [03/Nov/2023:00:33:30 -0700] "GET /self.logs/access.log.2019-02-24.gz HTTP/1.1" 200 21173 "-" "Mozilla/5.0 (compatible; AhrefsBot/7.0; +http://ahrefs.com/robot/)" 
51.222.253.1 - - [03/Nov/2023:00:33:59 -0700] "GET /self.logs/access.log.2019-07-06.gz HTTP/1.1" 200 16790 "-" "Mozilla/5.0 (compatible; AhrefsBot/7.0; +http://ahrefs.com/robot/)" 
51.222.253.18 - - [03/Nov/2023:00:34:35 -0700] "GET /self.logs/access.log.2019-03-28.gz HTTP/1.1" 200 47669 "-" "Mozilla/5.0 (compatible; AhrefsBot/7.0; +http://ahrefs.com/robot/)" 
51.222.253.14 - - [03/Nov/2023:00:35:03 -0700] "GET /self.logs/error.log.2020-11-07 HTTP/1.1" 200 307 "-" "Mozilla/5.0 (compatible; AhrefsBot/7.0; +http://ahrefs.com/robot/)" 
51.222.253.4 - - [03/Nov/2023:00:35:29 -0700] "GET /self.logs/access.log.2018-05-06.gz HTTP/1.1" 200 20093 "-" "Mozilla/5.0 (compatible; AhrefsBot/7.0; +http://ahrefs.com/robot/)" 
51.222.253.12 - - [03/Nov/2023:00:35:55 -0700] "GET /self.logs/error.log.2019-03-13.gz HTTP/1.1" 200 3462 "-" "Mozilla/5.0 (compatible; AhrefsBot/7.0; +http://ahrefs.com/robot/)" 
51.222.253.15 - - [03/Nov/2023:00:36:30 -0700] "GET /self.logs/error.log.2018-04-01.gz HTTP/1.1" 200 4402 "-" "Mozilla/5.0 (compatible; AhrefsBot/7.0; +http://ahrefs.com/robot/)" 
107.20.105.74 - - [03/Nov/2023:00:36:40 -0700] "HEAD / HTTP/1.1" 301 186 "-" "DreamHost SiteMonitor 1.0" 
107.20.105.74 - - [03/Nov/2023:00:36:40 -0700] "HEAD / HTTP/1.1" 200 359 "http://66.33.221.139" "DreamHost SiteMonitor 1.0" 
51.222.253.20 - - [03/Nov/2023:00:36:54 -0700] "GET /self.logs/access.log.2019-08-10.gz HTTP/1.1" 200 14886 "-" "Mozilla/5.0 (compatible; AhrefsBot/7.0; +http://ahrefs.com/robot/)" 
51.222.253.4 - - [03/Nov/2023:00:37:14 -0700] "GET /self.logs/error.log.2020-12-19.gz HTTP/1.1" 200 1539 "-" "Mozilla/5.0 (compatible; AhrefsBot/7.0; +http://ahrefs.com/robot/)" 
51.222.253.5 - - [03/Nov/2023:00:37:43 -0700] "GET /self.logs/error.log.2017-09-06.gz HTTP/1.1" 200 3502 "-" "Mozilla/5.0 (compatible; AhrefsBot/7.0; +http://ahrefs.com/robot/)" 
51.222.253.5 - - [03/Nov/2023:00:38:03 -0700] "GET /self.logs/error.log.2020-07-28 HTTP/1.1" 200 307 "-" "Mozilla/5.0 (compatible; AhrefsBot/7.0; +http://ahrefs.com/robot/)" 
51.222.253.19 - - [03/Nov/2023:00:38:36 -0700] "GET /self.logs/error.log.2021-04-15.gz HTTP/1.1" 200 8175 "-" "Mozilla/5.0 (compatible; AhrefsBot/7.0; +http://ahrefs.com/robot/)" 
51.222.253.11 - - [03/Nov/2023:00:39:03 -0700] "GET /self.logs/access.log.2021-11-17.gz HTTP/1.1" 200 17897 "-" "Mozilla/5.0 (compatible; AhrefsBot/7.0; +http://ahrefs.com/robot/)" 
51.222.253.1 - - [03/Nov/2023:00:39:27 -0700] "GET /self.logs/error.log.2017-09-17.gz HTTP/1.1" 200 1967 "-" "Mozilla/5.0 (compatible; AhrefsBot/7.0; +http://ahrefs.com/robot/)" 
84.32.71.27 - - [03/Nov/2023:00:39:39 -0700] "HEAD /old/www.rar HTTP/1.1" 301 178 "-" "-" 
84.32.71.44 - - [03/Nov/2023:00:39:39 -0700] "HEAD /old/www.rar HTTP/1.1" 404 265 "-" "-" 
51.222.253.12 - - [03/Nov/2023:00:40:01 -0700] "GET /self.logs/access.log.2017-04-19.gz HTTP/1.1" 200 19608 "-" "Mozilla/5.0 (compatible; AhrefsBot/7.0; +http://ahrefs.com/robot/)" 
51.222.253.16 - - [03/Nov/2023:00:40:37 -0700] "GET /self.logs/error.log.2017-03-09.gz HTTP/1.1" 200 1322 "-" "Mozilla/5.0 (compatible; AhrefsBot/7.0; +http://ahrefs.com/robot/)" 
114.119.134.49 - - [03/Nov/2023:00:41:04 -0700] "GET /self.logs/error.log.2021-01-02 HTTP/1.1" 200 351 "http://www.secrepo.com/self.logs?C=N%3BO%3DD" "Mozilla/5.0 (Linux; Android 7.0;) AppleWebKit/537.36 (KHTML, like Gecko) Mobile Safari/537.36 (compatible; PetalBot;+https://webmaster.petalsearch.com/site/petalbot)" 
51.222.253.14 - - [03/Nov/2023:00:41:08 -0700] "GET /self.logs/access.log.2017-06-25.gz HTTP/1.1" 200 16463 "-" "Mozilla/5.0 (compatible; AhrefsBot/7.0; +http://ahrefs.com/robot/)" 
51.222.253.1 - - [03/Nov/2023:00:41:45 -0700] "GET /self.logs/error.log.2020-11-13 HTTP/1.1" 200 307 "-" "Mozilla/5.0 (compatible; AhrefsBot/7.0; +http://ahrefs.com/robot/)" 
51.222.253.9 - - [03/Nov/2023:00:42:08 -0700] "GET /self.logs/access.log.2020-07-16.gz HTTP/1.1" 200 15948 "-" "Mozilla/5.0 (compatible; AhrefsBot/7.0; +http://ahrefs.com/robot/)" 
51.222.253.19 - - [03/Nov/2023:00:42:34 -0700] "GET /self.logs/access.log.2017-09-23.gz HTTP/1.1" 200 26153 "-" "Mozilla/5.0 (compatible; AhrefsBot/7.0; +http://ahrefs.com/robot/)" 
51.222.253.13 - - [03/Nov/2023:00:42:54 -0700] "GET /self.logs/error.log.2017-02-13.gz HTTP/1.1" 200 1088 "-" "Mozilla/5.0 (compatible; AhrefsBot/7.0; +http://ahrefs.com/robot/)" 
51.222.253.15 - - [03/Nov/2023:00:43:31 -0700] "GET /self.logs/error.log.2020-06-01 HTTP/1.1" 200 307 "-" "Mozilla/5.0 (compatible; AhrefsBot/7.0; +http://ahrefs.com/robot/)" 
51.222.253.20 - - [03/Nov/2023:00:44:00 -0700] "GET /self.logs/access.log.2021-01-28.gz HTTP/1.1" 200 17021 "-" "Mozilla/5.0 (compatible; AhrefsBot/7.0; +http://ahrefs.com/robot/)" 
51.222.253.1 - - [03/Nov/2023:00:44:37 -0700] "GET /self.logs/access.log.2017-02-21.gz HTTP/1.1" 200 15979 "-" "Mozilla/5.0 (compatible; AhrefsBot/7.0; +http://ahrefs.com/robot/)" 
51.222.253.20 - - [03/Nov/2023:00:45:08 -0700] "GET /self.logs/error.log.2019-02-05.gz HTTP/1.1" 200 3840 "-" "Mozilla/5.0 (compatible; AhrefsBot/7.0; +http://ahrefs.com/robot/)" 
88.216.39.26 - - [03/Nov/2023:00:45:42 -0700] "HEAD /restore/backup.sql HTTP/1.1" 301 185 "-" "-" 
51.222.253.7 - - [03/Nov/2023:00:45:42 -0700] "GET /self.logs/error.log.2018-10-14.gz HTTP/1.1" 200 4675 "-" "Mozilla/5.0 (compatible; AhrefsBot/7.0; +http://ahrefs.com/robot/)" 
85.203.44.179 - - [03/Nov/2023:00:45:43 -0700] "HEAD /backups/backup.sql.tar HTTP/1.1" 301 189 "-" "-" 
88.216.39.26 - - [03/Nov/2023:00:45:43 -0700] "HEAD /restore/backup.sql HTTP/1.1" 404 265 "-" "-" 
85.203.44.221 - - [03/Nov/2023:00:45:43 -0700] "HEAD /backups/backup.sql.tar HTTP/1.1" 404 265 "-" "-" 
51.222.253.12 - - [03/Nov/2023:00:46:06 -0700] "GET /self.logs/error.log.2017-12-11.gz HTTP/1.1" 200 5186 "-" "Mozilla/5.0 (compatible; AhrefsBot/7.0; +http://ahrefs.com/robot/)" 
107.20.105.74 - - [03/Nov/2023:00:46:40 -0700] "HEAD / HTTP/1.1" 301 186 "-" "DreamHost SiteMonitor 1.0" 
107.20.105.74 - - [03/Nov/2023:00:46:40 -0700] "HEAD / HTTP/1.1" 200 359 "http://66.33.221.139" "DreamHost SiteMonitor 1.0" 
51.222.253.11 - - [03/Nov/2023:00:46:45 -0700] "GET /self.logs/error.log.2017-10-22.gz HTTP/1.1" 200 2389 "-" "Mozilla/5.0 (compatible; AhrefsBot/7.0; +http://ahrefs.com/robot/)" 
51.222.253.11 - - [03/Nov/2023:00:47:22 -0700] "GET /self.logs/access.log.2017-05-12.gz HTTP/1.1" 200 56901 "-" "Mozilla/5.0 (compatible; AhrefsBot/7.0; +http://ahrefs.com/robot/)" 
51.222.253.13 - - [03/Nov/2023:00:47:53 -0700] "GET /self.logs/error.log.2020-11-04 HTTP/1.1" 200 307 "-" "Mozilla/5.0 (compatible; AhrefsBot/7.0; +http://ahrefs.com/robot/)" 
51.222.253.17 - - [03/Nov/2023:00:48:18 -0700] "GET /self.logs/access.log.2017-01-02.gz HTTP/1.1" 200 26785 "-" "Mozilla/5.0 (compatible; AhrefsBot/7.0; +http://ahrefs.com/robot/)" 
194.32.120.138 - - [03/Nov/2023:00:48:31 -0700] "HEAD /bak.tar.gz HTTP/1.1" 301 177 "-" "-" 
194.32.120.120 - - [03/Nov/2023:00:48:32 -0700] "HEAD /bak.tar.gz HTTP/1.1" 404 265 "-" "-" 
51.222.253.14 - - [03/Nov/2023:00:48:50 -0700] "GET /self.logs/access.log.2017-05-24.gz HTTP/1.1" 200 56481 "-" "Mozilla/5.0 (compatible; AhrefsBot/7.0; +http://ahrefs.com/robot/)" 
51.222.253.6 - - [03/Nov/2023:00:49:32 -0700] "GET /self.logs/error.log.2020-11-06 HTTP/1.1" 200 307 "-" "Mozilla/5.0 (compatible; AhrefsBot/7.0; +http://ahrefs.com/robot/)" 
51.222.253.20 - - [03/Nov/2023:00:50:10 -0700] "GET /self.logs/error.log.2019-01-12.gz HTTP/1.1" 200 4066 "-" "Mozilla/5.0 (compatible; AhrefsBot/7.0; +http://ahrefs.com/robot/)" 
51.222.253.9 - - [03/Nov/2023:00:50:55 -0700] "GET /self.logs/error.log.2019-01-07.gz HTTP/1.1" 200 7353 "-" "Mozilla/5.0 (compatible; AhrefsBot/7.0; +http://ahrefs.com/robot/)" 
157.97.122.53 - - [03/Nov/2023:00:51:10 -0700] "HEAD /back/backup.sql HTTP/1.1" 301 182 "-" "-" 
157.97.122.53 - - [03/Nov/2023:00:51:10 -0700] "HEAD /back/backup.sql HTTP/1.1" 404 265 "-" "-" 
51.222.253.16 - - [03/Nov/2023:00:51:53 -0700] "GET /self.logs/error.log.2019-09-29.gz HTTP/1.1" 200 1398 "-" "Mozilla/5.0 (compatible; AhrefsBot/7.0; +http://ahrefs.com/robot/)" 
51.222.253.14 - - [03/Nov/2023:00:52:24 -0700] "GET /self.logs/access.log.2018-05-30.gz HTTP/1.1" 200 24251 "-" "Mozilla/5.0 (compatible; AhrefsBot/7.0; +http://ahrefs.com/robot/)" 
51.222.253.13 - - [03/Nov/2023:00:52:47 -0700] "GET /self.logs/error.log.2018-09-28.gz HTTP/1.1" 200 4466 "-" "Mozilla/5.0 (compatible; AhrefsBot/7.0; +http://ahrefs.com/robot/)" 
51.222.253.6 - - [03/Nov/2023:00:53:20 -0700] "GET /self.logs/error.log.2020-01-04.gz HTTP/1.1" 200 828 "-" "Mozilla/5.0 (compatible; AhrefsBot/7.0; +http://ahrefs.com/robot/)" 
