66.249.64.153 - - [27/Jan/2021:13:54:45 -0800] "GET /maccdc2012/ssl.log.gz HTTP/1.1" 200 1311486 "-" "Mozilla/5.0 (Linux; Android 6.0.1; Nexus 5X Build/MMB29P) AppleWebKit/537.36 (KHTML, like Gecko) Chrome/88.0.4324.113 Mobile Safari/537.36 (compatible; Googlebot/2.1; +http://www.google.com/bot.html)" 
114.119.144.30 - - [27/Jan/2021:13:55:45 -0800] "GET /self.logs/error.log.2018-06-04.gz HTTP/1.1" 200 5525 "-" "Mozilla/5.0 (Linux; Android 7.0;) AppleWebKit/537.36 (KHTML, like Gecko) Mobile Safari/537.36 (compatible; PetalBot;+https://aspiegel.com/petalbot)" 
13.66.139.29 - - [27/Jan/2021:13:56:01 -0800] "GET /self.logs/2015/access.log.2015-09-30.gz HTTP/1.1" 200 5139 "-" "Mozilla/5.0 (compatible; bingbot/2.0; +http://www.bing.com/bingbot.htm)" 
207.46.13.71 - - [27/Jan/2021:13:59:12 -0800] "GET /self.logs/2016/error.log.2016-04-03.gz HTTP/1.1" 301 551 "-" "Mozilla/5.0 (compatible; bingbot/2.0; +http://www.bing.com/bingbot.htm)" 
114.119.159.101 - - [27/Jan/2021:14:00:49 -0800] "GET /self.logs/error.log.2018-04-03.gz HTTP/1.1" 200 6015 "-" "Mozilla/5.0 (Linux; Android 7.0;) AppleWebKit/537.36 (KHTML, like Gecko) Mobile Safari/537.36 (compatible; PetalBot;+https://aspiegel.com/petalbot)" 
114.119.159.101 - - [27/Jan/2021:14:05:51 -0800] "GET /self.logs/access.log.2017-02-27.gz HTTP/1.1" 200 37808 "-" "Mozilla/5.0 (Linux; Android 7.0;) AppleWebKit/537.36 (KHTML, like Gecko) Mobile Safari/537.36 (compatible; PetalBot;+https://aspiegel.com/petalbot)" 
114.119.140.84 - - [27/Jan/2021:14:10:55 -0800] "GET /self.logs/error.log.2020-04-12.gz HTTP/1.1" 200 1250 "-" "Mozilla/5.0 (Linux; Android 7.0;) AppleWebKit/537.36 (KHTML, like Gecko) Mobile Safari/537.36 (compatible; PetalBot;+https://aspiegel.com/petalbot)" 
114.119.140.84 - - [27/Jan/2021:14:15:58 -0800] "GET /self.logs/access.log.2018-04-12.gz HTTP/1.1" 200 21438 "-" "Mozilla/5.0 (Linux; Android 7.0;) AppleWebKit/537.36 (KHTML, like Gecko) Mobile Safari/537.36 (compatible; PetalBot;+https://aspiegel.com/petalbot)" 
114.119.129.244 - - [27/Jan/2021:14:21:00 -0800] "GET /self.logs/error.log.2020-12-09.gz HTTP/1.1" 200 782 "-" "Mozilla/5.0 (Linux; Android 7.0;) AppleWebKit/537.36 (KHTML, like Gecko) Mobile Safari/537.36 (compatible; PetalBot;+https://aspiegel.com/petalbot)" 
114.119.155.228 - - [27/Jan/2021:14:26:04 -0800] "GET /self.logs/access.log.2019-04-05.gz HTTP/1.1" 200 42891 "-" "Mozilla/5.0 (Linux; Android 7.0;) AppleWebKit/537.36 (KHTML, like Gecko) Mobile Safari/537.36 (compatible; PetalBot;+https://aspiegel.com/petalbot)" 
207.46.13.70 - - [27/Jan/2021:14:27:20 -0800] "GET /self.logs/access.log.2018-02-20.gz HTTP/1.1" 301 543 "-" "Mozilla/5.0 (compatible; bingbot/2.0; +http://www.bing.com/bingbot.htm)" 
207.46.13.69 - - [27/Jan/2021:14:29:55 -0800] "GET /self.logs/access.log.2020-08-31.gz HTTP/1.1" 200 17108 "-" "Mozilla/5.0 (compatible; bingbot/2.0; +http://www.bing.com/bingbot.htm)" 
40.77.167.52 - - [27/Jan/2021:14:30:42 -0800] "GET /self.logs/access.log.2018-03-23.gz HTTP/1.1" 301 543 "-" "Mozilla/5.0 (compatible; bingbot/2.0; +http://www.bing.com/bingbot.htm)" 
114.119.129.244 - - [27/Jan/2021:14:31:06 -0800] "GET /self.logs/access.log.2020-05-20.gz HTTP/1.1" 200 11340 "-" "Mozilla/5.0 (Linux; Android 7.0;) AppleWebKit/537.36 (KHTML, like Gecko) Mobile Safari/537.36 (compatible; PetalBot;+https://aspiegel.com/petalbot)" 
114.119.144.30 - - [27/Jan/2021:14:36:09 -0800] "GET /self.logs/error.log.2019-07-03.gz HTTP/1.1" 200 2329 "-" "Mozilla/5.0 (Linux; Android 7.0;) AppleWebKit/537.36 (KHTML, like Gecko) Mobile Safari/537.36 (compatible; PetalBot;+https://aspiegel.com/petalbot)" 
111.202.100.88 - - [27/Jan/2021:14:36:45 -0800] "GET / HTTP/1.1" 200 12846 "-" "Sogou web spider/4.0(+http://www.sogou.com/docs/help/webmasters.htm#07)" 
114.119.129.244 - - [27/Jan/2021:14:41:12 -0800] "GET /self.logs/access.log.2017-05-17.gz HTTP/1.1" 200 30327 "-" "Mozilla/5.0 (Linux; Android 7.0;) AppleWebKit/537.36 (KHTML, like Gecko) Mobile Safari/537.36 (compatible; PetalBot;+https://aspiegel.com/petalbot)" 
111.202.101.156 - - [27/Jan/2021:14:44:37 -0800] "GET / HTTP/1.1" 301 438 "-" "Sogou web spider/4.0(+http://www.sogou.com/docs/help/webmasters.htm#07)" 
111.202.101.156 - - [27/Jan/2021:14:45:44 -0800] "GET / HTTP/1.1" 200 12847 "-" "Sogou web spider/4.0(+http://www.sogou.com/docs/help/webmasters.htm#07)" 
114.119.155.228 - - [27/Jan/2021:14:46:15 -0800] "GET /self.logs/access.log.2018-09-30.gz HTTP/1.1" 200 20870 "-" "Mozilla/5.0 (Linux; Android 7.0;) AppleWebKit/537.36 (KHTML, like Gecko) Mobile Safari/537.36 (compatible; PetalBot;+https://aspiegel.com/petalbot)" 
13.66.139.29 - - [27/Jan/2021:14:49:06 -0800] "GET /self.logs/2016/error.log.2016-10-16.gz HTTP/1.1" 200 1823 "-" "Mozilla/5.0 (compatible; bingbot/2.0; +http://www.bing.com/bingbot.htm)" 
114.119.150.248 - - [27/Jan/2021:14:51:18 -0800] "GET /self.logs/access.log.2017-01-20.gz HTTP/1.1" 200 13014 "-" "Mozilla/5.0 (Linux; Android 7.0;) AppleWebKit/537.36 (KHTML, like Gecko) Mobile Safari/537.36 (compatible; PetalBot;+https://aspiegel.com/petalbot)" 
40.77.167.12 - - [27/Jan/2021:14:51:35 -0800] "GET /self.logs/2015/access.log.2015-06-04.gz HTTP/1.1" 200 5287 "-" "Mozilla/5.0 (compatible; bingbot/2.0; +http://www.bing.com/bingbot.htm)" 
13.66.139.5 - - [27/Jan/2021:14:52:26 -0800] "GET /self.logs/2016/error.log.2016-02-22.gz HTTP/1.1" 200 900 "-" "Mozilla/5.0 (compatible; bingbot/2.0; +http://www.bing.com/bingbot.htm)" 
157.55.39.31 - - [27/Jan/2021:14:52:30 -0800] "GET /robots.txt HTTP/1.1" 200 377 "-" "Mozilla/5.0 (compatible; bingbot/2.0; +http://www.bing.com/bingbot.htm)" 
17.58.96.133 - - [27/Jan/2021:14:54:46 -0800] "GET /self.logs/error.log.2020-03-02 HTTP/1.1" 200 307 "-" "Mozilla/5.0 (Macintosh; Intel Mac OS X 10_15_5) AppleWebKit/605.1.15 (KHTML, like Gecko) Version/13.1.1 Safari/605.1.15 (Applebot/0.1; +http://www.apple.com/go/applebot)" 
114.119.144.30 - - [27/Jan/2021:14:56:24 -0800] "GET /self.logs/access.log.2018-09-17.gz HTTP/1.1" 200 30840 "-" "Mozilla/5.0 (Linux; Android 7.0;) AppleWebKit/537.36 (KHTML, like Gecko) Mobile Safari/537.36 (compatible; PetalBot;+https://aspiegel.com/petalbot)" 
13.66.139.29 - - [27/Jan/2021:14:56:57 -0800] "GET /self.logs/?C=D;O=A HTTP/1.1" 200 27291 "-" "Mozilla/5.0 (compatible; bingbot/2.0; +http://www.bing.com/bingbot.htm)" 
114.119.159.101 - - [27/Jan/2021:15:01:25 -0800] "GET /self.logs/error.log.2019-09-08.gz HTTP/1.1" 200 1615 "-" "Mozilla/5.0 (Linux; Android 7.0;) AppleWebKit/537.36 (KHTML, like Gecko) Mobile Safari/537.36 (compatible; PetalBot;+https://aspiegel.com/petalbot)" 
114.119.141.53 - - [27/Jan/2021:15:06:27 -0800] "GET /self.logs/access.log.2019-09-11.gz HTTP/1.1" 200 33656 "-" "Mozilla/5.0 (Linux; Android 7.0;) AppleWebKit/537.36 (KHTML, like Gecko) Mobile Safari/537.36 (compatible; PetalBot;+https://aspiegel.com/petalbot)" 
80.111.160.30 - - [27/Jan/2021:15:06:38 -0800] "GET / HTTP/1.1" 301 475 "-" "Mozilla/5.0 (X11; Linux x86_64) AppleWebKit/537.36 (KHTML, like Gecko) Chrome/88.0.4324.96 Safari/537.36" 
80.111.160.30 - - [27/Jan/2021:15:06:39 -0800] "GET / HTTP/1.1" 200 12882 "-" "Mozilla/5.0 (X11; Linux x86_64) AppleWebKit/537.36 (KHTML, like Gecko) Chrome/88.0.4324.96 Safari/537.36" 
80.111.160.30 - - [27/Jan/2021:15:06:39 -0800] "GET /css/style.css HTTP/1.1" 404 305 "http://www.secrepo.com/" "Mozilla/5.0 (X11; Linux x86_64) AppleWebKit/537.36 (KHTML, like Gecko) Chrome/88.0.4324.96 Safari/537.36" 
80.111.160.30 - - [27/Jan/2021:15:06:39 -0800] "GET /twitter-icon.png HTTP/1.1" 200 27893 "http://www.secrepo.com/" "Mozilla/5.0 (X11; Linux x86_64) AppleWebKit/537.36 (KHTML, like Gecko) Chrome/88.0.4324.96 Safari/537.36" 
80.111.160.30 - - [27/Jan/2021:15:06:39 -0800] "GET /GitHub-Mark.png HTTP/1.1" 200 7533 "http://www.secrepo.com/" "Mozilla/5.0 (X11; Linux x86_64) AppleWebKit/537.36 (KHTML, like Gecko) Chrome/88.0.4324.96 Safari/537.36" 
80.111.160.30 - - [27/Jan/2021:15:06:40 -0800] "GET /bootstrap/img/favicon.ico HTTP/1.1" 200 690 "http://www.secrepo.com/" "Mozilla/5.0 (X11; Linux x86_64) AppleWebKit/537.36 (KHTML, like Gecko) Chrome/88.0.4324.96 Safari/537.36" 
207.46.13.69 - - [27/Jan/2021:15:07:37 -0800] "GET /self.logs/access.log.2019-03-22.gz HTTP/1.1" 304 280 "-" "Mozilla/5.0 (compatible; bingbot/2.0; +http://www.bing.com/bingbot.htm)" 
114.119.159.101 - - [27/Jan/2021:15:11:31 -0800] "GET /self.logs/access.log.2018-12-12.gz HTTP/1.1" 200 22946 "-" "Mozilla/5.0 (Linux; Android 7.0;) AppleWebKit/537.36 (KHTML, like Gecko) Mobile Safari/537.36 (compatible; PetalBot;+https://aspiegel.com/petalbot)" 
62.57.158.76 - - [27/Jan/2021:15:12:20 -0800] "GET / HTTP/1.1" 200 12882 "-" "Mozilla/5.0 (Macintosh; Intel Mac OS X 10_15_3) AppleWebKit/605.1.15 (KHTML, like Gecko) Version/13.0.5 Safari/605.1.15" 
62.57.158.76 - - [27/Jan/2021:15:12:20 -0800] "GET /css/style.css HTTP/1.1" 404 305 "http://www.secrepo.com/" "Mozilla/5.0 (Macintosh; Intel Mac OS X 10_15_3) AppleWebKit/605.1.15 (KHTML, like Gecko) Version/13.0.5 Safari/605.1.15" 
62.57.158.76 - - [27/Jan/2021:15:12:21 -0800] "GET /GitHub-Mark.png HTTP/1.1" 200 7556 "http://www.secrepo.com/" "Mozilla/5.0 (Macintosh; Intel Mac OS X 10_15_3) AppleWebKit/605.1.15 (KHTML, like Gecko) Version/13.0.5 Safari/605.1.15" 
114.119.129.244 - - [27/Jan/2021:15:16:34 -0800] "GET /self.logs/access.log.2017-11-14.gz HTTP/1.1" 200 23001 "-" "Mozilla/5.0 (Linux; Android 7.0;) AppleWebKit/537.36 (KHTML, like Gecko) Mobile Safari/537.36 (compatible; PetalBot;+https://aspiegel.com/petalbot)" 
13.66.139.29 - - [27/Jan/2021:15:18:00 -0800] "GET /self.logs/error.log.2020-10-28 HTTP/1.1" 200 351 "-" "Mozilla/5.0 (compatible; bingbot/2.0; +http://www.bing.com/bingbot.htm)" 
114.119.157.43 - - [27/Jan/2021:15:21:38 -0800] "GET /self.logs/error.log.2018-05-10.gz HTTP/1.1" 200 3993 "-" "Mozilla/5.0 (Linux; Android 7.0;) AppleWebKit/537.36 (KHTML, like Gecko) Mobile Safari/537.36 (compatible; PetalBot;+https://aspiegel.com/petalbot)" 
13.66.139.5 - - [27/Jan/2021:15:25:39 -0800] "GET /sitemap.txt HTTP/1.1" 301 497 "-" "Mozilla/5.0 (compatible; bingbot/2.0; +http://www.bing.com/bingbot.htm)" 
13.66.139.5 - - [27/Jan/2021:15:25:49 -0800] "GET /sitemap.txt HTTP/1.1" 404 328 "-" "Mozilla/5.0 (compatible; bingbot/2.0; +http://www.bing.com/bingbot.htm)" 
185.16.136.87 - - [27/Jan/2021:15:26:33 -0800] "GET / HTTP/1.1" 200 12883 "-" "Mozilla/5.0 (X11; Ubuntu; Linux x86_64; rv:84.0) Gecko/20100101 Firefox/84.0" 
185.16.136.87 - - [27/Jan/2021:15:26:33 -0800] "GET /css/style.css HTTP/1.1" 404 305 "http://www.secrepo.com/" "Mozilla/5.0 (X11; Ubuntu; Linux x86_64; rv:84.0) Gecko/20100101 Firefox/84.0" 
185.16.136.87 - - [27/Jan/2021:15:26:33 -0800] "GET /twitter-icon.png HTTP/1.1" 200 27893 "http://www.secrepo.com/" "Mozilla/5.0 (X11; Ubuntu; Linux x86_64; rv:84.0) Gecko/20100101 Firefox/84.0" 
185.16.136.87 - - [27/Jan/2021:15:26:33 -0800] "GET /GitHub-Mark.png HTTP/1.1" 200 7556 "http://www.secrepo.com/" "Mozilla/5.0 (X11; Ubuntu; Linux x86_64; rv:84.0) Gecko/20100101 Firefox/84.0" 
185.16.136.87 - - [27/Jan/2021:15:26:34 -0800] "GET /bootstrap/img/favicon.ico HTTP/1.1" 200 690 "http://www.secrepo.com/" "Mozilla/5.0 (X11; Ubuntu; Linux x86_64; rv:84.0) Gecko/20100101 Firefox/84.0" 
114.119.150.248 - - [27/Jan/2021:15:26:40 -0800] "GET /self.logs/error.log.2019-04-12.gz HTTP/1.1" 200 4279 "-" "Mozilla/5.0 (Linux; Android 7.0;) AppleWebKit/537.36 (KHTML, like Gecko) Mobile Safari/537.36 (compatible; PetalBot;+https://aspiegel.com/petalbot)" 
62.57.158.76 - - [27/Jan/2021:15:28:10 -0800] "GET / HTTP/1.1" 200 12883 "-" "Mozilla/5.0 (Macintosh; Intel Mac OS X 10_15_3) AppleWebKit/605.1.15 (KHTML, like Gecko) Version/13.0.5 Safari/605.1.15" 
114.119.150.248 - - [27/Jan/2021:15:31:43 -0800] "GET /self.logs/error.log.2017-11-05.gz HTTP/1.1" 200 3005 "-" "Mozilla/5.0 (Linux; Android 7.0;) AppleWebKit/537.36 (KHTML, like Gecko) Mobile Safari/537.36 (compatible; PetalBot;+https://aspiegel.com/petalbot)" 
62.57.158.76 - - [27/Jan/2021:15:32:34 -0800] "GET /css/style.css HTTP/1.1" 404 328 "http://www.secrepo.com/" "Mozilla/5.0 (Macintosh; Intel Mac OS X 10_15_3) AppleWebKit/605.1.15 (KHTML, like Gecko) Version/13.0.5 Safari/605.1.15" 
157.55.39.132 - - [27/Jan/2021:15:35:48 -0800] "GET /self.logs/access.log.2018-11-12.gz HTTP/1.1" 304 280 "-" "Mozilla/5.0 (compatible; bingbot/2.0; +http://www.bing.com/bingbot.htm)" 
114.119.140.84 - - [27/Jan/2021:15:36:48 -0800] "GET /self.logs/error.log.2019-09-12.gz HTTP/1.1" 200 1542 "-" "Mozilla/5.0 (Linux; Android 7.0;) AppleWebKit/537.36 (KHTML, like Gecko) Mobile Safari/537.36 (compatible; PetalBot;+https://aspiegel.com/petalbot)" 
114.119.140.84 - - [27/Jan/2021:15:41:51 -0800] "GET /self.logs/access.log.2020-03-19.gz HTTP/1.1" 200 18730 "-" "Mozilla/5.0 (Linux; Android 7.0;) AppleWebKit/537.36 (KHTML, like Gecko) Mobile Safari/537.36 (compatible; PetalBot;+https://aspiegel.com/petalbot)" 
77.75.79.36 - - [27/Jan/2021:15:45:31 -0800] "GET /robots.txt HTTP/1.1" 200 377 "-" "Mozilla/5.0 (compatible; SeznamBot/3.2; +http://napoveda.seznam.cz/en/seznambot-intro/)" 
77.75.79.36 - - [27/Jan/2021:15:45:31 -0800] "GET /Datasets%20Description/PE_malware/OPCleaver.html HTTP/1.1" 304 266 "-" "Mozilla/5.0 (compatible; SeznamBot/3.2; +http://napoveda.seznam.cz/en/seznambot-intro/)" 
77.75.79.36 - - [27/Jan/2021:15:45:31 -0800] "GET /honeypot/BSidesDFW%20-%202014.ipynb HTTP/1.1" 304 255 "-" "Mozilla/5.0 (compatible; SeznamBot/3.2; +http://napoveda.seznam.cz/en/seznambot-intro/)" 
71.121.246.55 - - [27/Jan/2021:15:46:45 -0800] "GET / HTTP/1.1" 200 12883 "-" "Mozilla/5.0 (Windows NT 10.0; Win64; x64) AppleWebKit/537.36 (KHTML, like Gecko) Chrome/87.0.4280.141 Safari/537.36" 
71.121.246.55 - - [27/Jan/2021:15:46:45 -0800] "GET /css/style.css HTTP/1.1" 404 328 "http://www.secrepo.com/" "Mozilla/5.0 (Windows NT 10.0; Win64; x64) AppleWebKit/537.36 (KHTML, like Gecko) Chrome/87.0.4280.141 Safari/537.36" 
71.121.246.55 - - [27/Jan/2021:15:46:45 -0800] "GET /GitHub-Mark.png HTTP/1.1" 200 7533 "http://www.secrepo.com/" "Mozilla/5.0 (Windows NT 10.0; Win64; x64) AppleWebKit/537.36 (KHTML, like Gecko) Chrome/87.0.4280.141 Safari/537.36" 
71.121.246.55 - - [27/Jan/2021:15:46:45 -0800] "GET /twitter-icon.png HTTP/1.1" 200 27893 "http://www.secrepo.com/" "Mozilla/5.0 (Windows NT 10.0; Win64; x64) AppleWebKit/537.36 (KHTML, like Gecko) Chrome/87.0.4280.141 Safari/537.36" 
71.121.246.55 - - [27/Jan/2021:15:46:49 -0800] "GET /bootstrap/img/favicon.ico HTTP/1.1" 200 713 "http://www.secrepo.com/" "Mozilla/5.0 (Windows NT 10.0; Win64; x64) AppleWebKit/537.36 (KHTML, like Gecko) Chrome/87.0.4280.141 Safari/537.36" 
114.119.159.101 - - [27/Jan/2021:15:46:53 -0800] "GET /self.logs/access.log.2017-02-26.gz HTTP/1.1" 200 39741 "-" "Mozilla/5.0 (Linux; Android 7.0;) AppleWebKit/537.36 (KHTML, like Gecko) Mobile Safari/537.36 (compatible; PetalBot;+https://aspiegel.com/petalbot)" 
40.77.167.52 - - [27/Jan/2021:15:47:27 -0800] "GET /self.logs/access.log.2017-03-17.gz HTTP/1.1" 200 17916 "-" "Mozilla/5.0 (compatible; bingbot/2.0; +http://www.bing.com/bingbot.htm)" 
223.150.212.32 - - [27/Jan/2021:15:48:24 -0800] "GET /honeypot/Honeypot%20-%20Howto%20-%20BSides%20Austin.pdf HTTP/1.1" 200 2562780 "-" "Mozilla/4.0 (compatible; MSIE 6.0; Windows NT 5.1)" 
62.57.158.76 - - [27/Jan/2021:15:50:49 -0800] "GET / HTTP/1.1" 200 12883 "-" "Mozilla/5.0 (Macintosh; Intel Mac OS X 10_15_3) AppleWebKit/605.1.15 (KHTML, like Gecko) Version/13.0.5 Safari/605.1.15" 
114.119.140.74 - - [27/Jan/2021:15:51:53 -0800] "GET /robots.txt HTTP/1.1" 200 377 "-" "(compatible;PetalBot;+https://aspiegel.com/petalbot)" 
157.55.39.206 - - [27/Jan/2021:15:53:34 -0800] "GET /self.logs/2016/error.log.2016-12-18.gz HTTP/1.1" 301 551 "-" "Mozilla/5.0 (compatible; bingbot/2.0; +http://www.bing.com/bingbot.htm)" 
118.169.12.113 - - [27/Jan/2021:15:54:12 -0800] "GET /Security-Data-Analysis/Lab_1/conn.log.zip HTTP/1.1" 206 447 "-" "Mozilla/5.0 (Windows NT 10.0; Win64; x64) AppleWebKit/537.36 (KHTML, like Gecko) Chrome/88.0.4324.104 Safari/537.36" 
118.169.12.113 - - [27/Jan/2021:15:54:12 -0800] "GET /Security-Data-Analysis/Lab_1/conn.log.zip HTTP/1.1" 206 78408 "-" "Mozilla/5.0 (Windows NT 10.0; Win64; x64) AppleWebKit/537.36 (KHTML, like Gecko) Chrome/88.0.4324.104 Safari/537.36" 
114.119.159.40 - - [27/Jan/2021:15:56:59 -0800] "GET /self.logs/error.log.2017-07-08.gz HTTP/1.1" 200 744 "-" "Mozilla/5.0 (Linux; Android 7.0;) AppleWebKit/537.36 (KHTML, like Gecko) Mobile Safari/537.36 (compatible; PetalBot;+https://aspiegel.com/petalbot)" 
114.119.129.244 - - [27/Jan/2021:16:02:01 -0800] "GET /self.logs/error.log.2017-06-06.gz HTTP/1.1" 200 1098 "-" "Mozilla/5.0 (Linux; Android 7.0;) AppleWebKit/537.36 (KHTML, like Gecko) Mobile Safari/537.36 (compatible; PetalBot;+https://aspiegel.com/petalbot)" 
114.119.129.244 - - [27/Jan/2021:16:07:03 -0800] "GET /self.logs/access.log.2018-02-22.gz HTTP/1.1" 200 22573 "-" "Mozilla/5.0 (Linux; Android 7.0;) AppleWebKit/537.36 (KHTML, like Gecko) Mobile Safari/537.36 (compatible; PetalBot;+https://aspiegel.com/petalbot)" 
114.119.159.101 - - [27/Jan/2021:16:12:07 -0800] "GET /self.logs/error.log.2018-09-16.gz HTTP/1.1" 200 5321 "-" "Mozilla/5.0 (Linux; Android 7.0;) AppleWebKit/537.36 (KHTML, like Gecko) Mobile Safari/537.36 (compatible; PetalBot;+https://aspiegel.com/petalbot)" 
157.55.39.132 - - [27/Jan/2021:16:14:35 -0800] "GET /self.logs/2015/error.log.2015-09-04.gz HTTP/1.1" 304 279 "-" "Mozilla/5.0 (compatible; bingbot/2.0; +http://www.bing.com/bingbot.htm)" 
114.119.157.43 - - [27/Jan/2021:16:17:10 -0800] "GET /self.logs/access.log.2017-07-02.gz HTTP/1.1" 200 16719 "-" "Mozilla/5.0 (Linux; Android 7.0;) AppleWebKit/537.36 (KHTML, like Gecko) Mobile Safari/537.36 (compatible; PetalBot;+https://aspiegel.com/petalbot)" 
114.119.130.95 - - [27/Jan/2021:16:22:14 -0800] "GET /self.logs/error.log.2018-08-12.gz HTTP/1.1" 200 9199 "-" "Mozilla/5.0 (Linux; Android 7.0;) AppleWebKit/537.36 (KHTML, like Gecko) Mobile Safari/537.36 (compatible; PetalBot;+https://aspiegel.com/petalbot)" 
114.119.130.95 - - [27/Jan/2021:16:27:16 -0800] "GET /self.logs/access.log.2017-06-22.gz HTTP/1.1" 200 29158 "-" "Mozilla/5.0 (Linux; Android 7.0;) AppleWebKit/537.36 (KHTML, like Gecko) Mobile Safari/537.36 (compatible; PetalBot;+https://aspiegel.com/petalbot)" 
114.119.144.30 - - [27/Jan/2021:16:32:21 -0800] "GET /maccdc2012/signatures.log.gz HTTP/1.1" 200 668 "-" "Mozilla/5.0 (Linux; Android 7.0;) AppleWebKit/537.36 (KHTML, like Gecko) Mobile Safari/537.36 (compatible; PetalBot;+https://aspiegel.com/petalbot)" 
123.123.219.32 - - [27/Jan/2021:16:35:48 -0800] "GET /robots.txt HTTP/1.1" 200 340 "-" "Mozilla/5.0 AppleWebKit/537.36 (KHTML, like Gecko) Chrome/55.0.2883.95 Safari/537.36" 
123.123.219.32 - - [27/Jan/2021:16:35:52 -0800] "GET /Datasets%20Description/PE_malware/Zeus.html HTTP/1.1" 304 240 "-" "Mozilla/5.0 AppleWebKit/537.36 (KHTML, like Gecko) Chrome/55.0.2883.95 Safari/537.36" 
123.123.219.32 - - [27/Jan/2021:16:36:03 -0800] "GET /Datasets%20Description/Network/files.html HTTP/1.1" 304 240 "-" "Mozilla/5.0 AppleWebKit/537.36 (KHTML, like Gecko) Chrome/55.0.2883.95 Safari/537.36" 
123.123.219.32 - - [27/Jan/2021:16:36:10 -0800] "GET /Datasets%20Description/HTML_Bro_log_1 HTTP/1.1" 301 582 "-" "Mozilla/5.0 AppleWebKit/537.36 (KHTML, like Gecko) Chrome/55.0.2883.95 Safari/537.36" 
123.123.219.32 - - [27/Jan/2021:16:36:13 -0800] "GET /Datasets%20Description/Network/dhcp.html HTTP/1.1" 304 239 "-" "Mozilla/5.0 AppleWebKit/537.36 (KHTML, like Gecko) Chrome/55.0.2883.95 Safari/537.36" 
114.119.141.53 - - [27/Jan/2021:16:37:23 -0800] "GET /self.logs/error.log.2019-07-23.gz HTTP/1.1" 200 1356 "-" "Mozilla/5.0 (Linux; Android 7.0;) AppleWebKit/537.36 (KHTML, like Gecko) Mobile Safari/537.36 (compatible; PetalBot;+https://aspiegel.com/petalbot)" 
123.123.219.32 - - [27/Jan/2021:16:39:07 -0800] "GET /Datasets%20Description/Network/ssh.html HTTP/1.1" 304 239 "-" "Mozilla/5.0 AppleWebKit/537.36 (KHTML, like Gecko) Chrome/55.0.2883.95 Safari/537.36" 
123.123.219.32 - - [27/Jan/2021:16:40:38 -0800] "GET /Datasets%20Description/Network/http.html HTTP/1.1" 304 240 "-" "Mozilla/5.0 AppleWebKit/537.36 (KHTML, like Gecko) Chrome/55.0.2883.95 Safari/537.36" 
123.123.219.32 - - [27/Jan/2021:16:41:05 -0800] "GET /Datasets%20Description/Network/notice.html HTTP/1.1" 304 240 "-" "Mozilla/5.0 AppleWebKit/537.36 (KHTML, like Gecko) Chrome/55.0.2883.95 Safari/537.36" 
157.55.39.154 - - [27/Jan/2021:16:41:12 -0800] "GET /self.logs/2015/error.log.2015-02-19.gz HTTP/1.1" 200 5455 "-" "Mozilla/5.0 (compatible; bingbot/2.0; +http://www.bing.com/bingbot.htm)" 
123.123.219.32 - - [27/Jan/2021:16:41:45 -0800] "GET /Datasets%20Description/Network/smtp.html HTTP/1.1" 304 240 "-" "Mozilla/5.0 AppleWebKit/537.36 (KHTML, like Gecko) Chrome/55.0.2883.95 Safari/537.36" 
114.119.130.95 - - [27/Jan/2021:16:42:26 -0800] "GET /self.logs/access.log.2018-05-08.gz HTTP/1.1" 200 29074 "-" "Mozilla/5.0 (Linux; Android 7.0;) AppleWebKit/537.36 (KHTML, like Gecko) Mobile Safari/537.36 (compatible; PetalBot;+https://aspiegel.com/petalbot)" 
123.123.219.32 - - [27/Jan/2021:16:44:18 -0800] "GET /Datasets%20Description/PE_malware/OPCleaver.html HTTP/1.1" 304 239 "-" "Mozilla/5.0 AppleWebKit/537.36 (KHTML, like Gecko) Chrome/55.0.2883.95 Safari/537.36" 
123.123.219.32 - - [27/Jan/2021:16:44:25 -0800] "GET /Datasets%20Description/Network/weird.html HTTP/1.1" 304 239 "-" "Mozilla/5.0 AppleWebKit/537.36 (KHTML, like Gecko) Chrome/55.0.2883.95 Safari/537.36" 
66.249.64.153 - - [27/Jan/2021:16:44:38 -0800] "GET / HTTP/1.1" 200 12884 "-" "Mozilla/5.0 (compatible; Googlebot/2.1; +http://www.google.com/bot.html)" 
114.119.141.53 - - [27/Jan/2021:16:47:29 -0800] "GET /self.logs/access.log.2018-07-11.gz HTTP/1.1" 200 32651 "-" "Mozilla/5.0 (Linux; Android 7.0;) AppleWebKit/537.36 (KHTML, like Gecko) Mobile Safari/537.36 (compatible; PetalBot;+https://aspiegel.com/petalbot)" 
42.236.10.122 - - [27/Jan/2021:16:48:33 -0800] "GET / HTTP/1.1" 200 12883 "http://www.secrepo.com/" "Mozilla/5.0 (Windows NT 6.1; WOW64) AppleWebKit/537.36 (KHTML, like Gecko) Chrome/50.4.2661.102 Safari/537.36; 360Spider" 
123.123.219.32 - - [27/Jan/2021:16:50:43 -0800] "GET /Datasets%20Description/Network/dns.html HTTP/1.1" 304 240 "-" "Mozilla/5.0 AppleWebKit/537.36 (KHTML, like Gecko) Chrome/55.0.2883.95 Safari/537.36" 
17.58.96.133 - - [27/Jan/2021:16:51:50 -0800] "GET /self.logs/error.log.2020-01-17 HTTP/1.1" 200 307 "-" "Mozilla/5.0 (Macintosh; Intel Mac OS X 10_15_5) AppleWebKit/605.1.15 (KHTML, like Gecko) Version/13.1.1 Safari/605.1.15 (Applebot/0.1; +http://www.apple.com/go/applebot)" 
114.119.130.95 - - [27/Jan/2021:16:52:32 -0800] "GET /self.logs/error.log.2019-07-07.gz HTTP/1.1" 200 2690 "-" "Mozilla/5.0 (Linux; Android 7.0;) AppleWebKit/537.36 (KHTML, like Gecko) Mobile Safari/537.36 (compatible; PetalBot;+https://aspiegel.com/petalbot)" 
13.66.139.29 - - [27/Jan/2021:16:52:44 -0800] "GET /self.logs/2015/error.log.2015-01-28.gz HTTP/1.1" 200 707 "-" "Mozilla/5.0 (compatible; bingbot/2.0; +http://www.bing.com/bingbot.htm)" 
157.55.39.132 - - [27/Jan/2021:16:56:30 -0800] "GET /Datasets%20Description/?C=N;O=D HTTP/1.1" 301 533 "-" "Mozilla/5.0 (compatible; bingbot/2.0; +http://www.bing.com/bingbot.htm)" 
123.123.219.32 - - [27/Jan/2021:16:56:54 -0800] "GET /Datasets%20Description/PE_malware/VirusShare.html HTTP/1.1" 304 240 "-" "Mozilla/5.0 AppleWebKit/537.36 (KHTML, like Gecko) Chrome/55.0.2883.95 Safari/537.36" 
114.119.150.248 - - [27/Jan/2021:16:57:36 -0800] "GET /self.logs/access.log.2019-07-03.gz HTTP/1.1" 200 27000 "-" "Mozilla/5.0 (Linux; Android 7.0;) AppleWebKit/537.36 (KHTML, like Gecko) Mobile Safari/537.36 (compatible; PetalBot;+https://aspiegel.com/petalbot)" 
101.86.142.33 - - [27/Jan/2021:16:58:36 -0800] "GET / HTTP/1.1" 200 12883 "-" "Mozilla/5.0 (Macintosh; Intel Mac OS X 11_1_0) AppleWebKit/537.36 (KHTML, like Gecko) Chrome/87.0.4280.141 Safari/537.36" 
101.86.142.33 - - [27/Jan/2021:16:58:36 -0800] "GET /css/style.css HTTP/1.1" 404 305 "http://www.secrepo.com/" "Mozilla/5.0 (Macintosh; Intel Mac OS X 11_1_0) AppleWebKit/537.36 (KHTML, like Gecko) Chrome/87.0.4280.141 Safari/537.36" 
101.86.142.33 - - [27/Jan/2021:16:58:38 -0800] "GET /twitter-icon.png HTTP/1.1" 200 27893 "http://www.secrepo.com/" "Mozilla/5.0 (Macintosh; Intel Mac OS X 11_1_0) AppleWebKit/537.36 (KHTML, like Gecko) Chrome/87.0.4280.141 Safari/537.36" 
101.86.142.33 - - [27/Jan/2021:16:58:39 -0800] "GET /GitHub-Mark.png HTTP/1.1" 304 271 "http://www.secrepo.com/" "Mozilla/5.0 (Macintosh; Intel Mac OS X 11_1_0) AppleWebKit/537.36 (KHTML, like Gecko) Chrome/87.0.4280.141 Safari/537.36" 
183.198.48.46 - - [27/Jan/2021:16:59:30 -0800] "GET /favicon.ico HTTP/1.1" 200 391 "-" "Mozilla/5.0 (Windows NT 10.0; WOW64) AppleWebKit/537.36 (KHTML, like Gecko) Chrome/78.0.3904.108 Safari/537.36" 
101.86.142.33 - - [27/Jan/2021:16:59:58 -0800] "GET /bootstrap/img/favicon.ico HTTP/1.1" 304 263 "http://www.secrepo.com/" "Mozilla/5.0 (Macintosh; Intel Mac OS X 11_1_0) AppleWebKit/537.36 (KHTML, like Gecko) Chrome/87.0.4280.141 Safari/537.36" 
123.123.219.32 - - [27/Jan/2021:17:01:53 -0800] "GET /Datasets%20Description/Network/ftp.html HTTP/1.1" 304 240 "-" "Mozilla/5.0 AppleWebKit/537.36 (KHTML, like Gecko) Chrome/55.0.2883.95 Safari/537.36" 
114.119.141.53 - - [27/Jan/2021:17:02:38 -0800] "GET /self.logs/error.log.2019-07-09.gz HTTP/1.1" 200 1905 "-" "Mozilla/5.0 (Linux; Android 7.0;) AppleWebKit/537.36 (KHTML, like Gecko) Mobile Safari/537.36 (compatible; PetalBot;+https://aspiegel.com/petalbot)" 
114.119.159.101 - - [27/Jan/2021:17:07:40 -0800] "GET /self.logs/error.log.2017-11-10.gz HTTP/1.1" 200 1611 "-" "Mozilla/5.0 (Linux; Android 7.0;) AppleWebKit/537.36 (KHTML, like Gecko) Mobile Safari/537.36 (compatible; PetalBot;+https://aspiegel.com/petalbot)" 
65.38.186.132 - - [27/Jan/2021:17:09:31 -0800] "GET / HTTP/1.1" 200 12883 "-" "Mozilla/5.0 (X11; Linux x86_64) AppleWebKit/537.36 (KHTML, like Gecko) Ubuntu Chromium/81.0.4044.122 Chrome/81.0.4044.122 Safari/537.36" 
65.38.186.132 - - [27/Jan/2021:17:09:31 -0800] "GET /css/style.css HTTP/1.1" 404 305 "http://www.secrepo.com/" "Mozilla/5.0 (X11; Linux x86_64) AppleWebKit/537.36 (KHTML, like Gecko) Ubuntu Chromium/81.0.4044.122 Chrome/81.0.4044.122 Safari/537.36" 
65.38.186.132 - - [27/Jan/2021:17:09:31 -0800] "GET /twitter-icon.png HTTP/1.1" 200 27916 "http://www.secrepo.com/" "Mozilla/5.0 (X11; Linux x86_64) AppleWebKit/537.36 (KHTML, like Gecko) Ubuntu Chromium/81.0.4044.122 Chrome/81.0.4044.122 Safari/537.36" 
65.38.186.132 - - [27/Jan/2021:17:09:31 -0800] "GET /GitHub-Mark.png HTTP/1.1" 200 7556 "http://www.secrepo.com/" "Mozilla/5.0 (X11; Linux x86_64) AppleWebKit/537.36 (KHTML, like Gecko) Ubuntu Chromium/81.0.4044.122 Chrome/81.0.4044.122 Safari/537.36" 
65.38.186.132 - - [27/Jan/2021:17:09:32 -0800] "GET /bootstrap/img/favicon.ico HTTP/1.1" 200 690 "http://www.secrepo.com/" "Mozilla/5.0 (X11; Linux x86_64) AppleWebKit/537.36 (KHTML, like Gecko) Ubuntu Chromium/81.0.4044.122 Chrome/81.0.4044.122 Safari/537.36" 
65.38.186.132 - - [27/Jan/2021:17:10:25 -0800] "GET /css/style.css HTTP/1.1" 404 328 "http://www.secrepo.com/" "Mozilla/5.0 (X11; Linux x86_64) AppleWebKit/537.36 (KHTML, like Gecko) Ubuntu Chromium/81.0.4044.122 Chrome/81.0.4044.122 Safari/537.36" 
13.66.139.154 - - [27/Jan/2021:17:11:19 -0800] "GET /self.logs/2016/error.log.2016-10-06.gz HTTP/1.1" 200 916 "-" "Mozilla/5.0 (compatible; bingbot/2.0; +http://www.bing.com/bingbot.htm)" 
183.198.48.46 - - [27/Jan/2021:17:12:42 -0800] "GET /favicon.ico HTTP/1.1" 200 391 "-" "Mozilla/5.0 (Windows NT 10.0; WOW64) AppleWebKit/537.36 (KHTML, like Gecko) Chrome/78.0.3904.108 Safari/537.36" 
114.119.159.40 - - [27/Jan/2021:17:12:44 -0800] "GET /self.logs/access.log.2017-08-02.gz HTTP/1.1" 200 17915 "-" "Mozilla/5.0 (Linux; Android 7.0;) AppleWebKit/537.36 (KHTML, like Gecko) Mobile Safari/537.36 (compatible; PetalBot;+https://aspiegel.com/petalbot)" 
17.58.96.133 - - [27/Jan/2021:17:16:25 -0800] "GET /self.logs/error.log.2020-03-28 HTTP/1.1" 200 307 "-" "Mozilla/5.0 (Macintosh; Intel Mac OS X 10_15_5) AppleWebKit/605.1.15 (KHTML, like Gecko) Version/13.1.1 Safari/605.1.15 (Applebot/0.1; +http://www.apple.com/go/applebot)" 
114.119.129.244 - - [27/Jan/2021:17:17:47 -0800] "GET /self.logs/error.log.2019-03-25.gz HTTP/1.1" 200 4084 "-" "Mozilla/5.0 (Linux; Android 7.0;) AppleWebKit/537.36 (KHTML, like Gecko) Mobile Safari/537.36 (compatible; PetalBot;+https://aspiegel.com/petalbot)" 
52.4.143.42 - - [27/Jan/2021:17:17:56 -0800] "GET / HTTP/1.1" 200 12883 "-" "Mozilla/5.0 (compatible; MSIE 10.0; Windows NT 6.1; Trident/6.0) LinkCheck by Siteimprove.com" 
13.66.139.5 - - [27/Jan/2021:17:19:02 -0800] "GET /self.logs/2015/error.log.2015-11-18.gz HTTP/1.1" 200 1067 "-" "Mozilla/5.0 (compatible; bingbot/2.0; +http://www.bing.com/bingbot.htm)" 
147.92.153.4 - - [27/Jan/2021:17:19:15 -0800] "GET /robots.txt HTTP/1.1" 301 495 "-" "Mozilla/5.0 (compatible; Linespider/1.1; +https://lin.ee/4dwXkTH)" 
147.92.153.4 - - [27/Jan/2021:17:19:15 -0800] "GET /robots.txt HTTP/1.1" 200 377 "-" "Mozilla/5.0 (compatible; Linespider/1.1; +https://lin.ee/4dwXkTH)" 
147.92.153.2 - - [27/Jan/2021:17:19:17 -0800] "GET / HTTP/1.1" 301 475 "-" "Mozilla/5.0 (compatible; Linespider/1.1; +https://lin.ee/4dwXkTH)" 
147.92.153.6 - - [27/Jan/2021:17:19:19 -0800] "GET /robots.txt HTTP/1.1" 200 377 "-" "Mozilla/5.0 (compatible; Linespider/1.1; +https://lin.ee/4dwXkTH)" 
147.92.153.2 - - [27/Jan/2021:17:19:19 -0800] "GET / HTTP/1.1" 200 12883 "-" "Mozilla/5.0 (compatible; Linespider/1.1; +https://lin.ee/4dwXkTH)" 
147.92.153.15 - - [27/Jan/2021:17:19:20 -0800] "GET /css/style.css HTTP/1.1" 404 328 "http://www.secrepo.com/" "Mozilla/5.0 (Windows NT 6.1; Win64; x64) AppleWebit/537.36 (KHTML, like Gecko) Chrome/63.0.3239.0 Safari/537.36 (compatible; Linespider/1.1; +https://lin.ee/4dwXkTH)" 
147.92.153.17 - - [27/Jan/2021:17:19:22 -0800] "GET /bootstrap/img/favicon.ico HTTP/1.1" 200 713 "-" "Mozilla/5.0 (compatible; Linespider/1.1; +https://lin.ee/4dwXkTH)" 
114.119.144.30 - - [27/Jan/2021:17:22:50 -0800] "GET /self.logs/access.log.2020-07-14.gz HTTP/1.1" 200 42081 "-" "Mozilla/5.0 (Linux; Android 7.0;) AppleWebKit/537.36 (KHTML, like Gecko) Mobile Safari/537.36 (compatible; PetalBot;+https://aspiegel.com/petalbot)" 
36.110.147.98 - - [27/Jan/2021:17:26:06 -0800] "GET / HTTP/1.1" 200 12883 "http://www.sogou.com/web?query=site%3Awww.secrepo.com" "Mozilla/5.0 (Windows NT 6.1; Win64; x64) AppleWebKit/537.36 (KHTML, like Gecko) Chrome/74.0.3729.169 Safari/537.36" 
114.119.129.244 - - [27/Jan/2021:17:27:53 -0800] "GET /self.logs/error.log.2019-01-18.gz HTTP/1.1" 200 3960 "-" "Mozilla/5.0 (Linux; Android 7.0;) AppleWebKit/537.36 (KHTML, like Gecko) Mobile Safari/537.36 (compatible; PetalBot;+https://aspiegel.com/petalbot)" 
27.59.138.166 - - [27/Jan/2021:17:28:09 -0800] "GET / HTTP/1.1" 200 12883 "-" "Mozilla/5.0 (Macintosh; Intel Mac OS X 10_15_6) AppleWebKit/605.1.15 (KHTML, like Gecko) Version/14.0.2 Safari/605.1.15" 
27.59.138.166 - - [27/Jan/2021:17:28:09 -0800] "GET /css/style.css HTTP/1.1" 404 328 "http://www.secrepo.com/" "Mozilla/5.0 (Macintosh; Intel Mac OS X 10_15_6) AppleWebKit/605.1.15 (KHTML, like Gecko) Version/14.0.2 Safari/605.1.15" 
27.59.138.166 - - [27/Jan/2021:17:28:09 -0800] "GET /twitter-icon.png HTTP/1.1" 200 27893 "http://www.secrepo.com/" "Mozilla/5.0 (Macintosh; Intel Mac OS X 10_15_6) AppleWebKit/605.1.15 (KHTML, like Gecko) Version/14.0.2 Safari/605.1.15" 
27.59.138.166 - - [27/Jan/2021:17:28:10 -0800] "GET /GitHub-Mark.png HTTP/1.1" 200 7556 "http://www.secrepo.com/" "Mozilla/5.0 (Macintosh; Intel Mac OS X 10_15_6) AppleWebKit/605.1.15 (KHTML, like Gecko) Version/14.0.2 Safari/605.1.15" 
27.59.138.166 - - [27/Jan/2021:17:28:13 -0800] "GET /bootstrap/img/favicon.ico HTTP/1.1" 200 713 "http://www.secrepo.com/" "Mozilla/5.0 (Macintosh; Intel Mac OS X 10_15_6) AppleWebKit/605.1.15 (KHTML, like Gecko) Version/14.0.2 Safari/605.1.15" 
111.202.101.81 - - [27/Jan/2021:17:31:44 -0800] "GET / HTTP/1.1" 200 12846 "-" "Sogou web spider/4.0(+http://www.sogou.com/docs/help/webmasters.htm#07)" 
114.119.129.244 - - [27/Jan/2021:17:32:56 -0800] "GET /self.logs/access.log.2020-05-04.gz HTTP/1.1" 200 14359 "-" "Mozilla/5.0 (Linux; Android 7.0;) AppleWebKit/537.36 (KHTML, like Gecko) Mobile Safari/537.36 (compatible; PetalBot;+https://aspiegel.com/petalbot)" 
17.58.96.133 - - [27/Jan/2021:17:33:35 -0800] "GET /self.logs/error.log.2020-02-17 HTTP/1.1" 200 307 "-" "Mozilla/5.0 (Macintosh; Intel Mac OS X 10_15_5) AppleWebKit/605.1.15 (KHTML, like Gecko) Version/13.1.1 Safari/605.1.15 (Applebot/0.1; +http://www.apple.com/go/applebot)" 
13.66.139.154 - - [27/Jan/2021:17:36:51 -0800] "GET /self.logs/2015/access.log.2015-12-30.gz HTTP/1.1" 200 6580 "-" "Mozilla/5.0 (compatible; bingbot/2.0; +http://www.bing.com/bingbot.htm)" 
114.119.157.43 - - [27/Jan/2021:17:37:59 -0800] "GET /self.logs/error.log.2017-09-18.gz HTTP/1.1" 200 2185 "-" "Mozilla/5.0 (Linux; Android 7.0;) AppleWebKit/537.36 (KHTML, like Gecko) Mobile Safari/537.36 (compatible; PetalBot;+https://aspiegel.com/petalbot)" 
119.56.97.120 - - [27/Jan/2021:17:39:42 -0800] "GET / HTTP/1.1" 301 475 "-" "Mozilla/5.0 (iPhone; CPU iPhone OS 14_4 like Mac OS X) AppleWebKit/605.1.15 (KHTML, like Gecko) FxiOS/8.1.6 Mobile/15E148 Safari/605.1.15" 
119.56.97.66 - - [27/Jan/2021:17:39:42 -0800] "GET / HTTP/1.1" 200 48064 "-" "Mozilla/5.0 (iPhone; CPU iPhone OS 14_4 like Mac OS X) AppleWebKit/605.1.15 (KHTML, like Gecko) FxiOS/8.1.6 Mobile/15E148 Safari/605.1.15" 
119.56.97.66 - - [27/Jan/2021:17:39:43 -0800] "GET /css/style.css HTTP/1.1" 404 328 "http://www.secrepo.com/" "Mozilla/5.0 (iPhone; CPU iPhone OS 14_4 like Mac OS X) AppleWebKit/605.1.15 (KHTML, like Gecko) FxiOS/8.1.6 Mobile/15E148 Safari/605.1.15" 
119.56.97.66 - - [27/Jan/2021:17:39:43 -0800] "GET /twitter-icon.png HTTP/1.1" 200 27893 "http://www.secrepo.com/" "Mozilla/5.0 (iPhone; CPU iPhone OS 14_4 like Mac OS X) AppleWebKit/605.1.15 (KHTML, like Gecko) FxiOS/8.1.6 Mobile/15E148 Safari/605.1.15" 
119.56.97.66 - - [27/Jan/2021:17:39:44 -0800] "GET /GitHub-Mark.png HTTP/1.1" 200 7556 "http://www.secrepo.com/" "Mozilla/5.0 (iPhone; CPU iPhone OS 14_4 like Mac OS X) AppleWebKit/605.1.15 (KHTML, like Gecko) FxiOS/8.1.6 Mobile/15E148 Safari/605.1.15" 
13.66.139.29 - - [27/Jan/2021:17:40:28 -0800] "GET /self.logs/2015/error.log.2015-10-08.gz HTTP/1.1" 200 731 "-" "Mozilla/5.0 (compatible; bingbot/2.0; +http://www.bing.com/bingbot.htm)" 
114.119.159.101 - - [27/Jan/2021:17:43:02 -0800] "GET /self.logs/error.log.2019-08-04.gz HTTP/1.1" 200 976 "-" "Mozilla/5.0 (Linux; Android 7.0;) AppleWebKit/537.36 (KHTML, like Gecko) Mobile Safari/537.36 (compatible; PetalBot;+https://aspiegel.com/petalbot)" 
207.46.13.70 - - [27/Jan/2021:17:45:00 -0800] "GET /self.logs/access.log.2018-01-12.gz HTTP/1.1" 301 543 "-" "Mozilla/5.0 (compatible; bingbot/2.0; +http://www.bing.com/bingbot.htm)" 
77.75.76.165 - - [27/Jan/2021:17:45:58 -0800] "GET /robots.txt HTTP/1.1" 200 377 "-" "Mozilla/5.0 (compatible; SeznamBot/3.2; +http://napoveda.seznam.cz/en/seznambot-intro/)" 
77.75.76.165 - - [27/Jan/2021:17:45:59 -0800] "GET /Datasets%20Description/Network/notice.html HTTP/1.1" 304 277 "-" "Mozilla/5.0 (compatible; SeznamBot/3.2; +http://napoveda.seznam.cz/en/seznambot-intro/)" 
157.55.39.154 - - [27/Jan/2021:17:46:35 -0800] "GET /self.logs/access.log.2017-12-13.gz HTTP/1.1" 301 543 "-" "Mozilla/5.0 (compatible; bingbot/2.0; +http://www.bing.com/bingbot.htm)" 
103.31.24.84 - - [27/Jan/2021:17:47:36 -0800] "GET / HTTP/1.1" 301 475 "-" "Mozilla/5.0 (Windows NT 10.0; Win64; x64; rv:85.0) Gecko/20100101 Firefox/85.0" 
103.31.24.84 - - [27/Jan/2021:17:47:38 -0800] "GET / HTTP/1.1" 200 12883 "-" "Mozilla/5.0 (Windows NT 10.0; Win64; x64; rv:85.0) Gecko/20100101 Firefox/85.0" 
103.31.24.84 - - [27/Jan/2021:17:47:39 -0800] "GET /css/style.css HTTP/1.1" 404 305 "http://www.secrepo.com/" "Mozilla/5.0 (Windows NT 10.0; Win64; x64; rv:85.0) Gecko/20100101 Firefox/85.0" 
103.31.24.84 - - [27/Jan/2021:17:47:39 -0800] "GET /GitHub-Mark.png HTTP/1.1" 200 7533 "http://www.secrepo.com/" "Mozilla/5.0 (Windows NT 10.0; Win64; x64; rv:85.0) Gecko/20100101 Firefox/85.0" 
103.31.24.84 - - [27/Jan/2021:17:47:40 -0800] "GET /twitter-icon.png HTTP/1.1" 200 27916 "http://www.secrepo.com/" "Mozilla/5.0 (Windows NT 10.0; Win64; x64; rv:85.0) Gecko/20100101 Firefox/85.0" 
103.31.24.84 - - [27/Jan/2021:17:47:40 -0800] "GET /bootstrap/img/favicon.ico HTTP/1.1" 200 690 "http://www.secrepo.com/" "Mozilla/5.0 (Windows NT 10.0; Win64; x64; rv:85.0) Gecko/20100101 Firefox/85.0" 
114.119.140.84 - - [27/Jan/2021:17:48:05 -0800] "GET /self.logs/error.log.2018-08-04.gz HTTP/1.1" 200 7804 "-" "Mozilla/5.0 (Linux; Android 7.0;) AppleWebKit/537.36 (KHTML, like Gecko) Mobile Safari/537.36 (compatible; PetalBot;+https://aspiegel.com/petalbot)" 
35.163.121.1 - - [27/Jan/2021:17:49:03 -0800] "GET /bootstrap/img/favicon.ico HTTP/1.1" 200 669 "-" "Mozilla/5.0 (Windows NT 6.1; Win64; x64) AppleWebKit/537.36 (KHTML, like Gecko) Chrome/72.0.3626.109 Safari/537.36" 
54.187.22.191 - - [27/Jan/2021:17:49:37 -0800] "GET / HTTP/1.1" 200 48020 "-" "Mozilla/5.0 (Windows NT 6.1; Win64; x64) AppleWebKit/537.36 (KHTML, like Gecko) Chrome/72.0.3626.109 Safari/537.36" 
103.31.24.84 - - [27/Jan/2021:17:49:48 -0800] "GET /Datasets%20Description/Network/ftp.html HTTP/1.1" 200 1530 "http://www.secrepo.com/" "Mozilla/5.0 (Windows NT 10.0; Win64; x64; rv:85.0) Gecko/20100101 Firefox/85.0" 
103.31.24.84 - - [27/Jan/2021:17:49:49 -0800] "GET /favicon.ico HTTP/1.1" 200 368 "http://www.secrepo.com/Datasets%20Description/Network/ftp.html" "Mozilla/5.0 (Windows NT 10.0; Win64; x64; rv:85.0) Gecko/20100101 Firefox/85.0" 
54.188.57.66 - - [27/Jan/2021:17:50:35 -0800] "GET / HTTP/1.1" 301 419 "-" "Mozilla/5.0 (Windows NT 6.1; Win64; x64) AppleWebKit/537.36 (KHTML, like Gecko) Chrome/72.0.3626.109 Safari/537.36" 
54.188.57.66 - - [27/Jan/2021:17:50:36 -0800] "GET / HTTP/1.1" 200 48020 "-" "Mozilla/5.0 (Windows NT 6.1; Win64; x64) AppleWebKit/537.36 (KHTML, like Gecko) Chrome/72.0.3626.109 Safari/537.36" 
54.187.22.191 - - [27/Jan/2021:17:51:15 -0800] "GET /Datasets%20Description/Network/ftp.html HTTP/1.1" 200 4903 "-" "Mozilla/5.0 (Windows NT 6.1; Win64; x64) AppleWebKit/537.36 (KHTML, like Gecko) Chrome/72.0.3626.109 Safari/537.36" 
103.31.24.84 - - [27/Jan/2021:17:52:54 -0800] "GET /Datasets%20Description/HTML_Bro_log_1 HTTP/1.1" 301 619 "http://www.secrepo.com/" "Mozilla/5.0 (Windows NT 10.0; Win64; x64; rv:85.0) Gecko/20100101 Firefox/85.0" 
103.31.24.84 - - [27/Jan/2021:17:52:55 -0800] "GET /Datasets%20Description/HTML_Bro_log_1/ HTTP/1.1" 200 811 "http://www.secrepo.com/" "Mozilla/5.0 (Windows NT 10.0; Win64; x64; rv:85.0) Gecko/20100101 Firefox/85.0" 
114.119.130.95 - - [27/Jan/2021:17:53:12 -0800] "GET /self.logs/error.log.2018-06-23.gz HTTP/1.1" 200 5587 "-" "Mozilla/5.0 (Linux; Android 7.0;) AppleWebKit/537.36 (KHTML, like Gecko) Mobile Safari/537.36 (compatible; PetalBot;+https://aspiegel.com/petalbot)" 
103.31.24.84 - - [27/Jan/2021:17:53:19 -0800] "GET /honeypot/BSidesDFW%20-%202014.ipynb HTTP/1.1" 200 930921 "http://www.secrepo.com/" "Mozilla/5.0 (Windows NT 10.0; Win64; x64; rv:85.0) Gecko/20100101 Firefox/85.0" 
188.166.13.183 - - [27/Jan/2021:17:54:20 -0800] "GET / HTTP/1.1" 200 12883 "-" "Mozilla/5.0 (Macintosh; Intel Mac OS X 10_14_4) AppleWebKit/537.36 (KHTML, like Gecko) Chrome/73.0.3683.103 Safari/537.36" 
188.166.13.183 - - [27/Jan/2021:17:54:20 -0800] "GET /css/style.css HTTP/1.1" 404 305 "http://www.secrepo.com/" "Mozilla/5.0 (Macintosh; Intel Mac OS X 10_14_4) AppleWebKit/537.36 (KHTML, like Gecko) Chrome/73.0.3683.103 Safari/537.36" 
188.166.13.183 - - [27/Jan/2021:17:54:20 -0800] "GET /twitter-icon.png HTTP/1.1" 200 27916 "http://www.secrepo.com/" "Mozilla/5.0 (Macintosh; Intel Mac OS X 10_14_4) AppleWebKit/537.36 (KHTML, like Gecko) Chrome/73.0.3683.103 Safari/537.36" 
188.166.13.183 - - [27/Jan/2021:17:54:20 -0800] "GET /GitHub-Mark.png HTTP/1.1" 200 7533 "http://www.secrepo.com/" "Mozilla/5.0 (Macintosh; Intel Mac OS X 10_14_4) AppleWebKit/537.36 (KHTML, like Gecko) Chrome/73.0.3683.103 Safari/537.36" 
54.213.207.82 - - [27/Jan/2021:17:54:26 -0800] "GET /Datasets%20Description/HTML_Bro_log_1 HTTP/1.1" 301 563 "-" "Mozilla/5.0 (Windows NT 6.1; Win64; x64) AppleWebKit/537.36 (KHTML, like Gecko) Chrome/72.0.3626.109 Safari/537.36" 
54.213.207.82 - - [27/Jan/2021:17:54:26 -0800] "GET /Datasets%20Description/HTML_Bro_log_1/ HTTP/1.1" 200 1863 "-" "Mozilla/5.0 (Windows NT 6.1; Win64; x64) AppleWebKit/537.36 (KHTML, like Gecko) Chrome/72.0.3626.109 Safari/537.36" 
51.77.204.24 - - [27/Jan/2021:17:54:34 -0800] "GET /honeypot/BSidesDFW%20-%202014.ipynb HTTP/1.1" 301 481 "-" "Tornado-Async-Client" 
51.77.204.24 - - [27/Jan/2021:17:54:42 -0800] "GET /honeypot/BSidesDFW%20-%202014.ipynb HTTP/1.1" 301 481 "-" "Tornado-Async-Client" 
51.83.111.190 - - [27/Jan/2021:17:54:51 -0800] "GET /honeypot/BSidesDFW%20%20-%202014.ipynb HTTP/1.1" 301 483 "-" "Tornado-Async-Client" 
103.31.24.84 - - [27/Jan/2021:17:55:20 -0800] "GET /self.logs/ HTTP/1.1" 200 27291 "http://www.secrepo.com/" "Mozilla/5.0 (Windows NT 10.0; Win64; x64; rv:85.0) Gecko/20100101 Firefox/85.0" 
103.31.24.84 - - [27/Jan/2021:17:55:47 -0800] "GET /Datasets%20Description/Network/ssh.html HTTP/1.1" 200 1368 "http://www.secrepo.com/" "Mozilla/5.0 (Windows NT 10.0; Win64; x64; rv:85.0) Gecko/20100101 Firefox/85.0" 
35.163.121.1 - - [27/Jan/2021:17:56:26 -0800] "GET /honeypot/BSidesDFW%20-%202014.ipynb HTTP/1.1" 200 930877 "-" "Mozilla/5.0 (Windows NT 6.1; Win64; x64) AppleWebKit/537.36 (KHTML, like Gecko) Chrome/72.0.3626.109 Safari/537.36" 
34.212.82.175 - - [27/Jan/2021:17:57:50 -0800] "GET /self.logs/ HTTP/1.1" 200 274315 "-" "Mozilla/5.0 (Windows NT 6.1; Win64; x64) AppleWebKit/537.36 (KHTML, like Gecko) Chrome/72.0.3626.109 Safari/537.36" 
114.119.157.43 - - [27/Jan/2021:17:58:12 -0800] "GET /self.logs/access.log.2017-04-14.gz HTTP/1.1" 200 35048 "-" "Mozilla/5.0 (Linux; Android 7.0;) AppleWebKit/537.36 (KHTML, like Gecko) Mobile Safari/537.36 (compatible; PetalBot;+https://aspiegel.com/petalbot)" 
54.187.249.125 - - [27/Jan/2021:17:58:28 -0800] "GET /Datasets%20Description/Network/ssh.html HTTP/1.1" 200 3908 "-" "Mozilla/5.0 (Windows NT 6.1; Win64; x64) AppleWebKit/537.36 (KHTML, like Gecko) Chrome/72.0.3626.109 Safari/537.36" 
114.119.129.244 - - [27/Jan/2021:18:03:15 -0800] "GET /self.logs/error.log.2018-09-06.gz HTTP/1.1" 200 4593 "-" "Mozilla/5.0 (Linux; Android 7.0;) AppleWebKit/537.36 (KHTML, like Gecko) Mobile Safari/537.36 (compatible; PetalBot;+https://aspiegel.com/petalbot)" 
17.58.96.133 - - [27/Jan/2021:18:06:09 -0800] "GET /self.logs/error.log.2020-03-26 HTTP/1.1" 200 307 "-" "Mozilla/5.0 (Macintosh; Intel Mac OS X 10_15_5) AppleWebKit/605.1.15 (KHTML, like Gecko) Version/13.1.1 Safari/605.1.15 (Applebot/0.1; +http://www.apple.com/go/applebot)" 
114.119.144.30 - - [27/Jan/2021:18:08:18 -0800] "GET /self.logs/error.log.2019-08-24.gz HTTP/1.1" 200 1879 "-" "Mozilla/5.0 (Linux; Android 7.0;) AppleWebKit/537.36 (KHTML, like Gecko) Mobile Safari/537.36 (compatible; PetalBot;+https://aspiegel.com/petalbot)" 
114.119.144.30 - - [27/Jan/2021:18:13:21 -0800] "GET /self.logs/access.log.2020-04-15.gz HTTP/1.1" 200 31602 "-" "Mozilla/5.0 (Linux; Android 7.0;) AppleWebKit/537.36 (KHTML, like Gecko) Mobile Safari/537.36 (compatible; PetalBot;+https://aspiegel.com/petalbot)" 
103.31.24.84 - - [27/Jan/2021:18:13:33 -0800] "GET /Datasets%20Description/HTML_Bro_log_1 HTTP/1.1" 301 619 "http://www.secrepo.com/" "Mozilla/5.0 (Windows NT 10.0; Win64; x64; rv:85.0) Gecko/20100101 Firefox/85.0" 
103.31.24.84 - - [27/Jan/2021:18:13:34 -0800] "GET /Datasets%20Description/HTML_Bro_log_1/ HTTP/1.1" 200 811 "http://www.secrepo.com/" "Mozilla/5.0 (Windows NT 10.0; Win64; x64; rv:85.0) Gecko/20100101 Firefox/85.0" 
103.31.24.84 - - [27/Jan/2021:18:13:34 -0800] "GET /favicon.ico HTTP/1.1" 200 368 "http://www.secrepo.com/Datasets%20Description/HTML_Bro_log_1/" "Mozilla/5.0 (Windows NT 10.0; Win64; x64; rv:85.0) Gecko/20100101 Firefox/85.0" 
103.31.24.84 - - [27/Jan/2021:18:13:37 -0800] "GET /Datasets%20Description/HTML_Bro_log_1/files.html HTTP/1.1" 200 1918 "http://www.secrepo.com/Datasets%20Description/HTML_Bro_log_1/" "Mozilla/5.0 (Windows NT 10.0; Win64; x64; rv:85.0) Gecko/20100101 Firefox/85.0" 
103.31.24.84 - - [27/Jan/2021:18:13:53 -0800] "GET /maccdc2012/conn.log.gz HTTP/1.1" 200 2497600 "http://www.secrepo.com/" "Mozilla/5.0 (Windows NT 10.0; Win64; x64; rv:85.0) Gecko/20100101 Firefox/85.0" 
18.236.107.215 - - [27/Jan/2021:18:15:36 -0800] "GET /maccdc2012/conn.log.gz HTTP/1.1" 200 64240 "-" "Mozilla/5.0 (Windows NT 6.1; Win64; x64) AppleWebKit/537.36 (KHTML, like Gecko) Chrome/72.0.3626.109 Safari/537.36" 
54.213.205.167 - - [27/Jan/2021:18:15:39 -0800] "GET /Datasets%20Description/HTML_Bro_log_1/ HTTP/1.1" 200 1897 "-" "Mozilla/5.0 (Windows NT 6.1; Win64; x64) AppleWebKit/537.36 (KHTML, like Gecko) Chrome/72.0.3626.109 Safari/537.36" 
54.213.207.82 - - [27/Jan/2021:18:16:36 -0800] "GET /Datasets%20Description/HTML_Bro_log_1 HTTP/1.1" 301 563 "-" "Mozilla/5.0 (Windows NT 6.1; Win64; x64) AppleWebKit/537.36 (KHTML, like Gecko) Chrome/72.0.3626.109 Safari/537.36" 
54.213.207.82 - - [27/Jan/2021:18:16:36 -0800] "GET /Datasets%20Description/HTML_Bro_log_1/ HTTP/1.1" 200 1863 "-" "Mozilla/5.0 (Windows NT 6.1; Win64; x64) AppleWebKit/537.36 (KHTML, like Gecko) Chrome/72.0.3626.109 Safari/537.36" 
114.119.130.95 - - [27/Jan/2021:18:18:24 -0800] "GET /self.logs/access.log.2018-06-25.gz HTTP/1.1" 200 19723 "-" "Mozilla/5.0 (Linux; Android 7.0;) AppleWebKit/537.36 (KHTML, like Gecko) Mobile Safari/537.36 (compatible; PetalBot;+https://aspiegel.com/petalbot)" 
112.19.143.19 - - [27/Jan/2021:18:18:33 -0800] "GET /honeypot/honeypot.json.zip HTTP/1.1" 206 20932 "https://link.csdn.net/?target=http%3A%2F%2Fwww.secrepo.com%2Fhoneypot%2Fhoneypot.json.zip" "Mozilla/5.0 (Windows NT 10.0; WOW64) AppleWebKit/537.36 (KHTML, like Gecko) Chrome/78.0.3904.108 Safari/537.36" 
112.19.143.19 - - [27/Jan/2021:18:18:33 -0800] "GET /honeypot/honeypot.json.zip HTTP/1.1" 206 20934 "https://link.csdn.net/?target=http%3A%2F%2Fwww.secrepo.com%2Fhoneypot%2Fhoneypot.json.zip" "Mozilla/5.0 (Windows NT 10.0; WOW64) AppleWebKit/537.36 (KHTML, like Gecko) Chrome/78.0.3904.108 Safari/537.36" 
112.19.143.19 - - [27/Jan/2021:18:18:14 -0800] "GET /honeypot/honeypot.json.zip HTTP/1.1" 200 180048 "https://link.csdn.net/?target=http%3A%2F%2Fwww.secrepo.com%2Fhoneypot%2Fhoneypot.json.zip" "Mozilla/5.0 (Windows NT 10.0; WOW64) AppleWebKit/537.36 (KHTML, like Gecko) Chrome/78.0.3904.108 Safari/537.36" 
112.19.143.19 - - [27/Jan/2021:18:18:33 -0800] "GET /honeypot/honeypot.json.zip HTTP/1.1" 206 251196 "https://link.csdn.net/?target=http%3A%2F%2Fwww.secrepo.com%2Fhoneypot%2Fhoneypot.json.zip" "Mozilla/5.0 (Windows NT 10.0; WOW64) AppleWebKit/537.36 (KHTML, like Gecko) Chrome/78.0.3904.108 Safari/537.36" 
112.19.143.19 - - [27/Jan/2021:18:19:14 -0800] "GET /honeypot/honeypot.json.zip HTTP/1.1" 206 152460 "https://link.csdn.net/?target=http%3A%2F%2Fwww.secrepo.com%2Fhoneypot%2Fhoneypot.json.zip" "Mozilla/5.0 (Windows NT 10.0; WOW64) AppleWebKit/537.36 (KHTML, like Gecko) Chrome/78.0.3904.108 Safari/537.36" 
112.19.143.19 - - [27/Jan/2021:18:18:33 -0800] "GET /honeypot/honeypot.json.zip HTTP/1.1" 206 532884 "https://link.csdn.net/?target=http%3A%2F%2Fwww.secrepo.com%2Fhoneypot%2Fhoneypot.json.zip" "Mozilla/5.0 (Windows NT 10.0; WOW64) AppleWebKit/537.36 (KHTML, like Gecko) Chrome/78.0.3904.108 Safari/537.36" 
112.19.143.19 - - [27/Jan/2021:18:19:34 -0800] "GET /honeypot/honeypot.json.zip HTTP/1.1" 206 143748 "https://link.csdn.net/?target=http%3A%2F%2Fwww.secrepo.com%2Fhoneypot%2Fhoneypot.json.zip" "Mozilla/5.0 (Windows NT 10.0; WOW64) AppleWebKit/537.36 (KHTML, like Gecko) Chrome/78.0.3904.108 Safari/537.36" 
112.19.143.19 - - [27/Jan/2021:18:18:31 -0800] "GET /honeypot/honeypot.json.zip HTTP/1.1" 200 426888 "https://link.csdn.net/?target=http%3A%2F%2Fwww.secrepo.com%2Fhoneypot%2Fhoneypot.json.zip" "Mozilla/5.0 (Windows NT 10.0; WOW64) AppleWebKit/537.36 (KHTML, like Gecko) Chrome/78.0.3904.108 Safari/537.36" 
112.19.143.19 - - [27/Jan/2021:18:18:35 -0800] "GET /honeypot/honeypot.json.zip HTTP/1.1" 206 198924 "https://link.csdn.net/?target=http%3A%2F%2Fwww.secrepo.com%2Fhoneypot%2Fhoneypot.json.zip" "Mozilla/5.0 (Windows NT 10.0; WOW64) AppleWebKit/537.36 (KHTML, like Gecko) Chrome/78.0.3904.108 Safari/537.36" 
112.19.143.19 - - [27/Jan/2021:18:18:34 -0800] "GET /honeypot/honeypot.json.zip HTTP/1.1" 206 370260 "https://link.csdn.net/?target=http%3A%2F%2Fwww.secrepo.com%2Fhoneypot%2Fhoneypot.json.zip" "Mozilla/5.0 (Windows NT 10.0; WOW64) AppleWebKit/537.36 (KHTML, like Gecko) Chrome/78.0.3904.108 Safari/537.36" 
112.19.143.19 - - [27/Jan/2021:18:18:33 -0800] "GET /honeypot/honeypot.json.zip HTTP/1.1" 206 707124 "https://link.csdn.net/?target=http%3A%2F%2Fwww.secrepo.com%2Fhoneypot%2Fhoneypot.json.zip" "Mozilla/5.0 (Windows NT 10.0; WOW64) AppleWebKit/537.36 (KHTML, like Gecko) Chrome/78.0.3904.108 Safari/537.36" 
112.19.143.19 - - [27/Jan/2021:18:18:33 -0800] "GET /honeypot/honeypot.json.zip HTTP/1.1" 206 1138368 "https://link.csdn.net/?target=http%3A%2F%2Fwww.secrepo.com%2Fhoneypot%2Fhoneypot.json.zip" "Mozilla/5.0 (Windows NT 10.0; WOW64) AppleWebKit/537.36 (KHTML, like Gecko) Chrome/78.0.3904.108 Safari/537.36" 
112.19.143.19 - - [27/Jan/2021:18:21:33 -0800] "GET /honeypot/honeypot.json.zip HTTP/1.1" 206 219252 "https://link.csdn.net/?target=http%3A%2F%2Fwww.secrepo.com%2Fhoneypot%2Fhoneypot.json.zip" "Mozilla/5.0 (Windows NT 10.0; WOW64) AppleWebKit/537.36 (KHTML, like Gecko) Chrome/78.0.3904.108 Safari/537.36" 
