107.20.105.74 - - [02/Apr/2024:16:46:40 -0700] "HEAD / HTTP/1.1" 200 359 "http://66.33.221.139" "DreamHost SiteMonitor 1.0" 
77.75.78.161 - - [02/Apr/2024:16:48:46 -0700] "GET /robots.txt HTTP/1.1" 200 377 "-" "Mozilla/5.0 (compatible; SeznamBot/4.0; +http://napoveda.seznam.cz/seznambot-intro/)" 
77.75.78.161 - - [02/Apr/2024:16:48:46 -0700] "GET /twitter-icon.png HTTP/1.1" 304 281 "-" "Mozilla/5.0 (compatible; SeznamBot/4.0; +http://napoveda.seznam.cz/seznambot-intro/)" 
34.215.178.220 - - [02/Apr/2024:16:49:39 -0700] "GET /robots.txt HTTP/1.1" 200 377 "-" "FriendlyCrawler/Nutch-1.20-SNAPSHOT" 
34.215.178.220 - - [02/Apr/2024:16:49:40 -0700] "GET /Datasets%20Description/ HTTP/1.1" 200 654 "-" "FriendlyCrawler/Nutch-1.20-SNAPSHOT" 
66.249.64.106 - - [02/Apr/2024:16:49:51 -0700] "GET /css/style.css HTTP/1.1" 404 328 "http://www.secrepo.com/?t=1&cn=ZmxleGlibGVfcmVjc18y&refsrc=email&iid=2572d65d1a814c138a77f3b60465fe37&uid=30635594&nid=244+272699400" "Mozilla/5.0 (Linux; Android 6.0.1; Nexus 5X Build/MMB29P) AppleWebKit/537.36 (KHTML, like Gecko) Chrome/122.0.6261.94 Mobile Safari/537.36 (compatible; Googlebot/2.1; +http://www.google.com/bot.html)" 
107.20.105.74 - - [02/Apr/2024:16:56:40 -0700] "HEAD / HTTP/1.1" 301 186 "-" "DreamHost SiteMonitor 1.0" 
107.20.105.74 - - [02/Apr/2024:16:56:40 -0700] "HEAD / HTTP/1.1" 200 359 "http://66.33.221.139" "DreamHost SiteMonitor 1.0" 
107.20.105.74 - - [02/Apr/2024:17:06:40 -0700] "HEAD / HTTP/1.1" 301 186 "-" "DreamHost SiteMonitor 1.0" 
107.20.105.74 - - [02/Apr/2024:17:06:40 -0700] "HEAD / HTTP/1.1" 200 359 "http://66.33.221.139" "DreamHost SiteMonitor 1.0" 
222.136.172.7 - - [02/Apr/2024:17:13:23 -0700] "GET /favicon.ico HTTP/1.1" 200 391 "-" "Mozilla/5.0 (Windows NT 10.0; Win64; x64) AppleWebKit/537.36 (KHTML, like Gecko) Chrome/114.0.5735.289 Safari/537.36" 
107.20.105.74 - - [02/Apr/2024:17:16:40 -0700] "HEAD / HTTP/1.1" 301 186 "-" "DreamHost SiteMonitor 1.0" 
107.20.105.74 - - [02/Apr/2024:17:16:40 -0700] "HEAD / HTTP/1.1" 200 359 "http://66.33.221.139" "DreamHost SiteMonitor 1.0" 
52.167.144.145 - - [02/Apr/2024:17:18:16 -0700] "GET /self.logs/error.log.2019-05-17.gz HTTP/1.1" 301 485 "-" "Mozilla/5.0 AppleWebKit/537.36 (KHTML, like Gecko; compatible; bingbot/2.0; +http://www.bing.com/bingbot.htm) Chrome/116.0.1938.76 Safari/537.36" 
114.119.155.236 - - [02/Apr/2024:17:24:03 -0700] "GET /Datasets%20Description/HTML_Bro_log_2/ssl.html HTTP/1.1" 200 1860 "http://www.secrepo.com/Datasets%20Description/HTML_Bro_log_2/?C=M%3BO%3DA" "Mozilla/5.0 (Linux; Android 7.0;) AppleWebKit/537.36 (KHTML, like Gecko) Mobile Safari/537.36 (compatible; PetalBot;+https://webmaster.petalsearch.com/site/petalbot)" 
107.20.105.74 - - [02/Apr/2024:17:26:40 -0700] "HEAD / HTTP/1.1" 301 186 "-" "DreamHost SiteMonitor 1.0" 
107.20.105.74 - - [02/Apr/2024:17:26:40 -0700] "HEAD / HTTP/1.1" 200 359 "http://66.33.221.139" "DreamHost SiteMonitor 1.0" 
73.172.154.151 - - [02/Apr/2024:17:36:13 -0700] "GET / HTTP/1.1" 200 13186 "-" "Mozilla/5.0 (Macintosh; Intel Mac OS X 10.15; rv:124.0) Gecko/20100101 Firefox/124.0" 
73.172.154.151 - - [02/Apr/2024:17:36:13 -0700] "GET /css/style.css HTTP/1.1" 404 305 "http://www.secrepo.com/" "Mozilla/5.0 (Macintosh; Intel Mac OS X 10.15; rv:124.0) Gecko/20100101 Firefox/124.0" 
73.172.154.151 - - [02/Apr/2024:17:36:14 -0700] "GET /twitter-icon.png HTTP/1.1" 200 27893 "http://www.secrepo.com/" "Mozilla/5.0 (Macintosh; Intel Mac OS X 10.15; rv:124.0) Gecko/20100101 Firefox/124.0" 
73.172.154.151 - - [02/Apr/2024:17:36:14 -0700] "GET /GitHub-Mark.png HTTP/1.1" 200 7556 "http://www.secrepo.com/" "Mozilla/5.0 (Macintosh; Intel Mac OS X 10.15; rv:124.0) Gecko/20100101 Firefox/124.0" 
73.172.154.151 - - [02/Apr/2024:17:36:14 -0700] "GET /bootstrap/img/favicon.ico HTTP/1.1" 200 690 "http://www.secrepo.com/" "Mozilla/5.0 (Macintosh; Intel Mac OS X 10.15; rv:124.0) Gecko/20100101 Firefox/124.0" 
107.20.105.74 - - [02/Apr/2024:17:36:40 -0700] "HEAD / HTTP/1.1" 301 186 "-" "DreamHost SiteMonitor 1.0" 
107.20.105.74 - - [02/Apr/2024:17:36:40 -0700] "HEAD / HTTP/1.1" 200 359 "http://66.33.221.139" "DreamHost SiteMonitor 1.0" 
119.188.247.5 - - [02/Apr/2024:17:41:10 -0700] "GET / HTTP/1.1" 200 13186 "-" "Mozilla/5.0 (Windows NT 10.0; Win64; x64) AppleWebKit/537.36 (KHTML, like Gecko) Chrome/97.0.4280.67 Safari/537.36 Edg/97.0.664.52" 
223.15.245.170 - - [02/Apr/2024:17:42:36 -0700] "GET / HTTP/1.1" 200 13149 "-" "Mozilla/5.0 (iPhone; CPU iPhone OS 13_2_3 like Mac OS X) AppleWebKit/605.1.15 (KHTML, like Gecko) Version/13.0.3 Mobile/15E148 Safari/604.1" 
66.249.70.64 - - [02/Apr/2024:17:45:05 -0700] "GET / HTTP/1.1" 301 475 "-" "Mozilla/5.0 (compatible; Googlebot/2.1; +http://www.google.com/bot.html)" 
66.249.64.106 - - [02/Apr/2024:17:45:05 -0700] "GET /robots.txt HTTP/1.1" 200 377 "-" "Mozilla/5.0 (compatible; Googlebot/2.1; +http://www.google.com/bot.html)" 
66.249.64.108 - - [02/Apr/2024:17:45:06 -0700] "GET / HTTP/1.1" 200 13186 "-" "Mozilla/5.0 (compatible; Googlebot/2.1; +http://www.google.com/bot.html)" 
66.249.64.106 - - [02/Apr/2024:17:45:33 -0700] "GET /css/style.css HTTP/1.1" 404 328 "http://www.secrepo.com/" "Mozilla/5.0 AppleWebKit/537.36 (KHTML, like Gecko; compatible; Googlebot/2.1; +http://www.google.com/bot.html) Chrome/122.0.6261.94 Safari/537.36" 
40.77.167.32 - - [02/Apr/2024:17:46:33 -0700] "GET /self.logs/error.log.2017-04-02.gz HTTP/1.1" 301 485 "-" "Mozilla/5.0 AppleWebKit/537.36 (KHTML, like Gecko; compatible; bingbot/2.0; +http://www.bing.com/bingbot.htm) Chrome/116.0.1938.76 Safari/537.36" 
107.20.105.74 - - [02/Apr/2024:17:46:40 -0700] "HEAD / HTTP/1.1" 301 186 "-" "DreamHost SiteMonitor 1.0" 
107.20.105.74 - - [02/Apr/2024:17:46:40 -0700] "HEAD / HTTP/1.1" 200 359 "http://66.33.221.139" "DreamHost SiteMonitor 1.0" 
52.167.144.181 - - [02/Apr/2024:17:48:35 -0700] "GET /self.logs/error.log.2018-08-30.gz HTTP/1.1" 200 5632 "-" "Mozilla/5.0 AppleWebKit/537.36 (KHTML, like Gecko; compatible; bingbot/2.0; +http://www.bing.com/bingbot.htm) Chrome/116.0.1938.76 Safari/537.36" 
114.119.139.166 - - [02/Apr/2024:17:50:08 -0700] "GET /self.logs/error.log.2020-05-02 HTTP/1.1" 200 351 "http://www.secrepo.com/self.logs?C=N%3BO%3DD" "Mozilla/5.0 (Linux; Android 7.0;) AppleWebKit/537.36 (KHTML, like Gecko) Mobile Safari/537.36 (compatible; PetalBot;+https://webmaster.petalsearch.com/site/petalbot)" 
111.202.101.179 - - [02/Apr/2024:17:52:57 -0700] "GET / HTTP/1.1" 200 49096 "-" "Sogou web spider/4.0(+http://www.sogou.com/docs/help/webmasters.htm#07)" 
52.167.144.200 - - [02/Apr/2024:17:53:36 -0700] "GET /self.logs/error.log.2019-04-20.gz HTTP/1.1" 301 485 "-" "Mozilla/5.0 AppleWebKit/537.36 (KHTML, like Gecko; compatible; bingbot/2.0; +http://www.bing.com/bingbot.htm) Chrome/116.0.1938.76 Safari/537.36" 
40.77.167.54 - - [02/Apr/2024:17:55:05 -0700] "GET /self.logs/error.log.2021-08-24.gz HTTP/1.1" 200 1318 "-" "Mozilla/5.0 AppleWebKit/537.36 (KHTML, like Gecko; compatible; bingbot/2.0; +http://www.bing.com/bingbot.htm) Chrome/116.0.1938.76 Safari/537.36" 
107.20.105.74 - - [02/Apr/2024:17:56:40 -0700] "HEAD / HTTP/1.1" 301 186 "-" "DreamHost SiteMonitor 1.0" 
107.20.105.74 - - [02/Apr/2024:17:56:40 -0700] "HEAD / HTTP/1.1" 200 359 "http://66.33.221.139" "DreamHost SiteMonitor 1.0" 
66.249.64.107 - - [02/Apr/2024:17:59:26 -0700] "GET / HTTP/1.1" 200 13186 "-" "Mozilla/5.0 (compatible; Googlebot/2.1; +http://www.google.com/bot.html)" 
66.249.64.106 - - [02/Apr/2024:17:59:36 -0700] "GET /css/style.css HTTP/1.1" 404 328 "http://www.secrepo.com/" "Mozilla/5.0 AppleWebKit/537.36 (KHTML, like Gecko; compatible; Googlebot/2.1; +http://www.google.com/bot.html) Chrome/122.0.6261.94 Safari/537.36" 
107.20.105.74 - - [02/Apr/2024:18:06:40 -0700] "HEAD / HTTP/1.1" 301 186 "-" "DreamHost SiteMonitor 1.0" 
107.20.105.74 - - [02/Apr/2024:18:06:40 -0700] "HEAD / HTTP/1.1" 200 359 "http://66.33.221.139" "DreamHost SiteMonitor 1.0" 
43.227.64.184 - - [02/Apr/2024:18:07:13 -0700] "GET /plug/comment/comment.html HTTP/1.1" 301 525 "http://secrepo.com/plug/comment/comment.html" "Mozilla/5.0 (compatible; MSIE 9.0; Windows NT 6.1; Win64; x64; Trident/5.0)" 
43.227.64.184 - - [02/Apr/2024:18:07:14 -0700] "GET /plug/comment/comment.html HTTP/1.1" 404 328 "http://secrepo.com/plug/comment/comment.html" "Mozilla/5.0 (compatible; MSIE 9.0; Windows NT 6.1; Win64; x64; Trident/5.0)" 
52.167.144.181 - - [02/Apr/2024:18:13:37 -0700] "GET /self.logs/error.log.2018-02-10.gz HTTP/1.1" 301 485 "-" "Mozilla/5.0 AppleWebKit/537.36 (KHTML, like Gecko; compatible; bingbot/2.0; +http://www.bing.com/bingbot.htm) Chrome/116.0.1938.76 Safari/537.36" 
85.208.96.196 - - [02/Apr/2024:18:13:51 -0700] "GET /robots.txt HTTP/1.1" 200 340 "-" "Mozilla/5.0 (compatible; SemrushBot/7~bl; +http://www.semrush.com/bot.html)" 
185.191.171.4 - - [02/Apr/2024:18:13:51 -0700] "GET /Datasets%20Description/HTML_Bro_log_1/ftp.html HTTP/1.1" 200 1728 "-" "Mozilla/5.0 (compatible; SemrushBot/7~bl; +http://www.semrush.com/bot.html)" 
40.77.167.50 - - [02/Apr/2024:18:14:21 -0700] "GET /self.logs/error.log.2022-05-06.gz HTTP/1.1" 200 1873 "-" "Mozilla/5.0 AppleWebKit/537.36 (KHTML, like Gecko; compatible; bingbot/2.0; +http://www.bing.com/bingbot.htm) Chrome/116.0.1938.76 Safari/537.36" 
114.119.150.155 - - [02/Apr/2024:18:15:28 -0700] "GET /self.logs/error.log.2020-12-13 HTTP/1.1" 200 351 "http://www.secrepo.com/self.logs?C=N%3BO%3DD" "Mozilla/5.0 (Linux; Android 7.0;) AppleWebKit/537.36 (KHTML, like Gecko) Mobile Safari/537.36 (compatible; PetalBot;+https://webmaster.petalsearch.com/site/petalbot)" 
107.20.105.74 - - [02/Apr/2024:18:16:40 -0700] "HEAD / HTTP/1.1" 301 186 "-" "DreamHost SiteMonitor 1.0" 
107.20.105.74 - - [02/Apr/2024:18:16:40 -0700] "HEAD / HTTP/1.1" 200 359 "http://66.33.221.139" "DreamHost SiteMonitor 1.0" 
114.119.155.236 - - [02/Apr/2024:18:16:57 -0700] "GET /self.logs/error.log.2020-12-12 HTTP/1.1" 200 351 "http://www.secrepo.com/self.logs?C=N%3BO%3DD" "Mozilla/5.0 (Linux; Android 7.0;) AppleWebKit/537.36 (KHTML, like Gecko) Mobile Safari/537.36 (compatible; PetalBot;+https://webmaster.petalsearch.com/site/petalbot)" 
114.119.139.166 - - [02/Apr/2024:18:18:19 -0700] "GET /self.logs/error.log.2019-12-08 HTTP/1.1" 200 351 "http://www.secrepo.com/self.logs?C=N%3BO%3DD" "Mozilla/5.0 (Linux; Android 7.0;) AppleWebKit/537.36 (KHTML, like Gecko) Mobile Safari/537.36 (compatible; PetalBot;+https://webmaster.petalsearch.com/site/petalbot)" 
190.92.188.118 - - [02/Apr/2024:18:18:58 -0700] "GET /wp-content/plugins/wp-automatic/inc/csv.php HTTP/1.1" 301 505 "-" "Mozilla/5.0 (Linux; Android 9; Redmi Note 7) AppleWebKit/537.36 (KHTML, like Gecko) Chrome/83.0.4103.106 Mobile Safari/537.36" 
190.92.188.118 - - [02/Apr/2024:18:18:58 -0700] "GET /wp-content/plugins/wp-automatic/inc/csv.php HTTP/1.1" 404 284 "-" "Mozilla/5.0 (Linux; Android 9; Redmi Note 7) AppleWebKit/537.36 (KHTML, like Gecko) Chrome/83.0.4103.106 Mobile Safari/537.36" 
85.208.96.193 - - [02/Apr/2024:18:19:16 -0700] "GET /Datasets%20Description/HTML_Bro_log_3/dpd.html HTTP/1.1" 200 1625 "-" "Mozilla/5.0 (compatible; SemrushBot/7~bl; +http://www.semrush.com/bot.html)" 
185.191.171.1 - - [02/Apr/2024:18:20:12 -0700] "GET /Datasets%20Description/HTML_Bro_log_1/notice.html HTTP/1.1" 200 1964 "-" "Mozilla/5.0 (compatible; SemrushBot/7~bl; +http://www.semrush.com/bot.html)" 
66.249.64.106 - - [02/Apr/2024:18:20:21 -0700] "GET /self.logs/error.log.2020-03-06 HTTP/1.1" 200 351 "-" "Mozilla/5.0 (Linux; Android 6.0.1; Nexus 5X Build/MMB29P) AppleWebKit/537.36 (KHTML, like Gecko) Chrome/122.0.6261.94 Mobile Safari/537.36 (compatible; Googlebot/2.1; +http://www.google.com/bot.html)" 
185.191.171.4 - - [02/Apr/2024:18:22:20 -0700] "GET /self.logs/error.log.2020-03-27 HTTP/1.1" 200 314 "-" "Mozilla/5.0 (compatible; SemrushBot/7~bl; +http://www.semrush.com/bot.html)" 
107.20.105.74 - - [02/Apr/2024:18:26:40 -0700] "HEAD / HTTP/1.1" 301 186 "-" "DreamHost SiteMonitor 1.0" 
107.20.105.74 - - [02/Apr/2024:18:26:40 -0700] "HEAD / HTTP/1.1" 200 359 "http://66.33.221.139" "DreamHost SiteMonitor 1.0" 
89.149.202.135 - - [02/Apr/2024:18:27:24 -0700] "GET / HTTP/1.1" 200 13142 "-" "Mozilla/5.0 (Windows NT 10.0; Win64; x64) AppleWebKit/537.36 (KHTML, like Gecko) Chrome/60.0.3112.113 Safari/537.36" 
114.119.128.10 - - [02/Apr/2024:18:35:56 -0700] "GET /self.logs/error.log.2020-07-12 HTTP/1.1" 200 351 "http://www.secrepo.com/self.logs?C=N%3BO%3DD" "Mozilla/5.0 (Linux; Android 7.0;) AppleWebKit/537.36 (KHTML, like Gecko) Mobile Safari/537.36 (compatible; PetalBot;+https://webmaster.petalsearch.com/site/petalbot)" 
107.20.105.74 - - [02/Apr/2024:18:36:40 -0700] "HEAD / HTTP/1.1" 301 186 "-" "DreamHost SiteMonitor 1.0" 
107.20.105.74 - - [02/Apr/2024:18:36:40 -0700] "HEAD / HTTP/1.1" 200 359 "http://66.33.221.139" "DreamHost SiteMonitor 1.0" 
114.119.137.143 - - [02/Apr/2024:18:37:27 -0700] "GET /self.logs/error.log.2020-02-18 HTTP/1.1" 200 2341 "http://www.secrepo.com/self.logs?C=N%3BO%3DD" "Mozilla/5.0 (Linux; Android 7.0;) AppleWebKit/537.36 (KHTML, like Gecko) Mobile Safari/537.36 (compatible; PetalBot;+https://webmaster.petalsearch.com/site/petalbot)" 
107.20.105.74 - - [02/Apr/2024:18:46:40 -0700] "HEAD / HTTP/1.1" 301 186 "-" "DreamHost SiteMonitor 1.0" 
107.20.105.74 - - [02/Apr/2024:18:46:40 -0700] "HEAD / HTTP/1.1" 200 359 "http://66.33.221.139" "DreamHost SiteMonitor 1.0" 
185.191.171.8 - - [02/Apr/2024:18:50:04 -0700] "GET /robots.txt HTTP/1.1" 301 458 "-" "Mozilla/5.0 (compatible; SemrushBot/7~bl; +http://www.semrush.com/bot.html)" 
185.191.171.12 - - [02/Apr/2024:18:50:05 -0700] "GET /robots.txt HTTP/1.1" 200 340 "-" "Mozilla/5.0 (compatible; SemrushBot/7~bl; +http://www.semrush.com/bot.html)" 
85.208.96.195 - - [02/Apr/2024:18:50:05 -0700] "GET /Datasets%20Description/Network/http.html HTTP/1.1" 301 514 "-" "Mozilla/5.0 (compatible; SemrushBot/7~bl; +http://www.semrush.com/bot.html)" 
85.208.96.205 - - [02/Apr/2024:18:50:05 -0700] "GET /Datasets%20Description/Network/http.html HTTP/1.1" 200 1672 "-" "Mozilla/5.0 (compatible; SemrushBot/7~bl; +http://www.semrush.com/bot.html)" 
101.47.5.228 - - [02/Apr/2024:18:55:47 -0700] "GET /GitHub-Mark.png HTTP/1.1" 429 476 "-" "Mozilla/5.0 (Macintosh; Intel Mac OS X 10.15; rv:123.0) Gecko/20100101 Firefox/123.0" 
107.20.105.74 - - [02/Apr/2024:18:56:40 -0700] "HEAD / HTTP/1.1" 301 186 "-" "DreamHost SiteMonitor 1.0" 
107.20.105.74 - - [02/Apr/2024:18:56:40 -0700] "HEAD / HTTP/1.1" 200 359 "http://66.33.221.139" "DreamHost SiteMonitor 1.0" 
107.20.105.74 - - [02/Apr/2024:19:06:40 -0700] "HEAD / HTTP/1.1" 301 186 "-" "DreamHost SiteMonitor 1.0" 
107.20.105.74 - - [02/Apr/2024:19:06:40 -0700] "HEAD / HTTP/1.1" 200 359 "http://66.33.221.139" "DreamHost SiteMonitor 1.0" 
114.119.157.24 - - [02/Apr/2024:19:07:26 -0700] "GET /self.logs/error.log.2020-06-23 HTTP/1.1" 200 351 "http://www.secrepo.com/self.logs?C=N%3BO%3DD" "Mozilla/5.0 (Linux; Android 7.0;) AppleWebKit/537.36 (KHTML, like Gecko) Mobile Safari/537.36 (compatible; PetalBot;+https://webmaster.petalsearch.com/site/petalbot)" 
114.119.139.166 - - [02/Apr/2024:19:08:51 -0700] "GET /self.logs/error.log.2020-06-19 HTTP/1.1" 200 351 "http://www.secrepo.com/self.logs?C=N%3BO%3DD" "Mozilla/5.0 (Linux; Android 7.0;) AppleWebKit/537.36 (KHTML, like Gecko) Mobile Safari/537.36 (compatible; PetalBot;+https://webmaster.petalsearch.com/site/petalbot)" 
107.20.105.74 - - [02/Apr/2024:19:16:40 -0700] "HEAD / HTTP/1.1" 301 186 "-" "DreamHost SiteMonitor 1.0" 
107.20.105.74 - - [02/Apr/2024:19:16:40 -0700] "HEAD / HTTP/1.1" 200 359 "http://66.33.221.139" "DreamHost SiteMonitor 1.0" 
52.167.144.20 - - [02/Apr/2024:19:21:53 -0700] "GET / HTTP/1.1" 200 13142 "-" "Mozilla/5.0 AppleWebKit/537.36 (KHTML, like Gecko; compatible; bingbot/2.0; +http://www.bing.com/bingbot.htm) Chrome/116.0.1938.76 Safari/537.36" 
114.119.150.155 - - [02/Apr/2024:19:23:24 -0700] "GET /self.logs/error.log.2020-02-01 HTTP/1.1" 200 351 "http://www.secrepo.com/self.logs?C=N%3BO%3DD" "Mozilla/5.0 (Linux; Android 7.0;) AppleWebKit/537.36 (KHTML, like Gecko) Mobile Safari/537.36 (compatible; PetalBot;+https://webmaster.petalsearch.com/site/petalbot)" 
107.20.105.74 - - [02/Apr/2024:19:26:40 -0700] "HEAD / HTTP/1.1" 301 186 "-" "DreamHost SiteMonitor 1.0" 
107.20.105.74 - - [02/Apr/2024:19:26:40 -0700] "HEAD / HTTP/1.1" 200 359 "http://66.33.221.139" "DreamHost SiteMonitor 1.0" 
107.20.105.74 - - [02/Apr/2024:19:36:40 -0700] "HEAD / HTTP/1.1" 301 186 "-" "DreamHost SiteMonitor 1.0" 
107.20.105.74 - - [02/Apr/2024:19:36:40 -0700] "HEAD / HTTP/1.1" 200 359 "http://66.33.221.139" "DreamHost SiteMonitor 1.0" 
114.119.155.236 - - [02/Apr/2024:19:43:11 -0700] "GET /self.logs/error.log.2020-12-15 HTTP/1.1" 200 351 "http://www.secrepo.com/self.logs?C=N%3BO%3DD" "Mozilla/5.0 (Linux; Android 7.0;) AppleWebKit/537.36 (KHTML, like Gecko) Mobile Safari/537.36 (compatible; PetalBot;+https://webmaster.petalsearch.com/site/petalbot)" 
107.20.105.74 - - [02/Apr/2024:19:46:40 -0700] "HEAD / HTTP/1.1" 301 186 "-" "DreamHost SiteMonitor 1.0" 
107.20.105.74 - - [02/Apr/2024:19:46:40 -0700] "HEAD / HTTP/1.1" 200 359 "http://66.33.221.139" "DreamHost SiteMonitor 1.0" 
52.167.144.208 - - [02/Apr/2024:19:54:09 -0700] "GET /self.logs/access.log.2018-01-10.gz HTTP/1.1" 200 21240 "-" "Mozilla/5.0 AppleWebKit/537.36 (KHTML, like Gecko; compatible; bingbot/2.0; +http://www.bing.com/bingbot.htm) Chrome/116.0.1938.76 Safari/537.36" 
107.20.105.74 - - [02/Apr/2024:19:56:40 -0700] "HEAD / HTTP/1.1" 301 186 "-" "DreamHost SiteMonitor 1.0" 
107.20.105.74 - - [02/Apr/2024:19:56:40 -0700] "HEAD / HTTP/1.1" 200 359 "http://66.33.221.139" "DreamHost SiteMonitor 1.0" 
107.20.105.74 - - [02/Apr/2024:20:06:40 -0700] "HEAD / HTTP/1.1" 301 186 "-" "DreamHost SiteMonitor 1.0" 
107.20.105.74 - - [02/Apr/2024:20:06:40 -0700] "HEAD / HTTP/1.1" 200 359 "http://66.33.221.139" "DreamHost SiteMonitor 1.0" 
119.188.246.91 - - [02/Apr/2024:20:06:53 -0700] "GET / HTTP/1.1" 200 13184 "-" "Mozilla/5.0 (Windows NT 10.0; Win64; x64) AppleWebKit/537.36 (KHTML, like Gecko) Chrome/97.0.4280.67 Safari/537.36 Edg/97.0.664.52" 
52.167.144.166 - - [02/Apr/2024:20:09:48 -0700] "GET /self.logs/access.log.2017-07-06.gz HTTP/1.1" 200 42105 "-" "Mozilla/5.0 AppleWebKit/537.36 (KHTML, like Gecko; compatible; bingbot/2.0; +http://www.bing.com/bingbot.htm) Chrome/116.0.1938.76 Safari/537.36" 
44.192.247.187 - - [02/Apr/2024:20:10:02 -0700] "GET /robots.txt HTTP/1.1" 301 495 "-" "CCBot/2.0 (https://commoncrawl.org/faq/)" 
44.192.247.187 - - [02/Apr/2024:20:10:02 -0700] "GET /robots.txt HTTP/1.1" 200 377 "-" "CCBot/2.0 (https://commoncrawl.org/faq/)" 
44.192.247.187 - - [02/Apr/2024:20:10:02 -0700] "GET / HTTP/1.1" 301 474 "-" "CCBot/2.0 (https://commoncrawl.org/faq/)" 
44.192.247.187 - - [02/Apr/2024:20:10:02 -0700] "GET / HTTP/1.1" 200 13161 "-" "CCBot/2.0 (https://commoncrawl.org/faq/)" 
107.20.105.74 - - [02/Apr/2024:20:16:40 -0700] "HEAD / HTTP/1.1" 301 186 "-" "DreamHost SiteMonitor 1.0" 
107.20.105.74 - - [02/Apr/2024:20:16:40 -0700] "HEAD / HTTP/1.1" 200 359 "http://66.33.221.139" "DreamHost SiteMonitor 1.0" 
118.113.129.115 - - [02/Apr/2024:20:21:34 -0700] "GET / HTTP/1.1" 200 13185 "-" "Mozilla/5.0 (Macintosh; Intel Mac OS X 10_15_7) AppleWebKit/605.1.15 (KHTML, like Gecko)" 
118.113.129.115 - - [02/Apr/2024:20:21:35 -0700] "GET /apple-touch-icon-precomposed.png HTTP/1.1" 404 328 "-" "Safari%E6%B5%8F%E8%A7%88%E5%99%A8/16615.3.12.11.5 CFNetwork/1240.0.4.5 Darwin/20.6.0" 
118.113.129.115 - - [02/Apr/2024:20:21:35 -0700] "GET /apple-touch-icon.png HTTP/1.1" 404 305 "-" "Safari%E6%B5%8F%E8%A7%88%E5%99%A8/16615.3.12.11.5 CFNetwork/1240.0.4.5 Darwin/20.6.0" 
118.113.129.115 - - [02/Apr/2024:20:21:35 -0700] "GET / HTTP/1.1" 200 13185 "-" "Mozilla/5.0 (iPhone; CPU iPhone OS 16_4 like Mac OS X) AppleWebKit/605.1.15 (KHTML, like Gecko) Version/16.4 Mobile/15E148 Safari/604.1" 
118.113.129.115 - - [02/Apr/2024:20:21:36 -0700] "GET /apple-touch-icon-precomposed.png HTTP/1.1" 404 305 "-" "Safari%E6%B5%8F%E8%A7%88%E5%99%A8/16615.3.12.11.5 CFNetwork/1240.0.4.5 Darwin/20.6.0" 
118.113.129.115 - - [02/Apr/2024:20:21:36 -0700] "GET /apple-touch-icon.png HTTP/1.1" 404 305 "-" "Safari%E6%B5%8F%E8%A7%88%E5%99%A8/16615.3.12.11.5 CFNetwork/1240.0.4.5 Darwin/20.6.0" 
40.77.167.75 - - [02/Apr/2024:20:23:53 -0700] "GET /self.logs/access.log.2018-07-26.gz HTTP/1.1" 200 19715 "-" "Mozilla/5.0 AppleWebKit/537.36 (KHTML, like Gecko; compatible; bingbot/2.0; +http://www.bing.com/bingbot.htm) Chrome/116.0.1938.76 Safari/537.36" 
107.20.105.74 - - [02/Apr/2024:20:26:40 -0700] "HEAD / HTTP/1.1" 301 186 "-" "DreamHost SiteMonitor 1.0" 
107.20.105.74 - - [02/Apr/2024:20:26:40 -0700] "HEAD / HTTP/1.1" 200 359 "http://66.33.221.139" "DreamHost SiteMonitor 1.0" 
52.167.144.221 - - [02/Apr/2024:20:27:49 -0700] "GET /self.logs/error.log.2022-11-10.gz HTTP/1.1" 301 485 "-" "Mozilla/5.0 AppleWebKit/537.36 (KHTML, like Gecko; compatible; bingbot/2.0; +http://www.bing.com/bingbot.htm) Chrome/116.0.1938.76 Safari/537.36" 
52.40.53.134 - - [02/Apr/2024:20:30:35 -0700] "GET /robots.txt HTTP/1.1" 200 377 "-" "FriendlyCrawler/Nutch-1.20-SNAPSHOT" 
52.40.53.134 - - [02/Apr/2024:20:30:35 -0700] "GET /Datasets%20Description/PE_malware/ HTTP/1.1" 200 663 "-" "FriendlyCrawler/Nutch-1.20-SNAPSHOT" 
114.119.157.24 - - [02/Apr/2024:20:30:38 -0700] "GET /Datasets%20Description/Network/?C=D%3BO%3DA HTTP/1.1" 200 769 "http://www.secrepo.com/Datasets%20Description/Network/?C=S%3BO%3DA" "Mozilla/5.0 (Linux; Android 7.0;) AppleWebKit/537.36 (KHTML, like Gecko) Mobile Safari/537.36 (compatible; PetalBot;+https://webmaster.petalsearch.com/site/petalbot)" 
52.40.53.134 - - [02/Apr/2024:20:32:03 -0700] "GET /Datasets%20Description/Network/ HTTP/1.1" 200 769 "-" "FriendlyCrawler/Nutch-1.20-SNAPSHOT" 
40.77.167.132 - - [02/Apr/2024:20:32:04 -0700] "GET /self.logs/access.log.2017-03-25.gz HTTP/1.1" 200 13543 "-" "Mozilla/5.0 AppleWebKit/537.36 (KHTML, like Gecko; compatible; bingbot/2.0; +http://www.bing.com/bingbot.htm) Chrome/116.0.1938.76 Safari/537.36" 
85.208.96.211 - - [02/Apr/2024:20:33:06 -0700] "GET /robots.txt HTTP/1.1" 301 458 "-" "Mozilla/5.0 (compatible; SemrushBot/7~bl; +http://www.semrush.com/bot.html)" 
185.191.171.6 - - [02/Apr/2024:20:33:07 -0700] "GET /robots.txt HTTP/1.1" 200 340 "-" "Mozilla/5.0 (compatible; SemrushBot/7~bl; +http://www.semrush.com/bot.html)" 
85.208.96.194 - - [02/Apr/2024:20:33:07 -0700] "GET /Datasets%20Description/HTML_Bro_log_3 HTTP/1.1" 301 508 "-" "Mozilla/5.0 (compatible; SemrushBot/7~bl; +http://www.semrush.com/bot.html)" 
85.208.96.208 - - [02/Apr/2024:20:33:07 -0700] "GET /robots.txt HTTP/1.1" 200 340 "-" "Mozilla/5.0 (compatible; SemrushBot/7~bl; +http://www.semrush.com/bot.html)" 
185.191.171.14 - - [02/Apr/2024:20:33:08 -0700] "GET /Datasets%20Description/HTML_Bro_log_3 HTTP/1.1" 301 582 "-" "Mozilla/5.0 (compatible; SemrushBot/7~bl; +http://www.semrush.com/bot.html)" 
185.191.171.16 - - [02/Apr/2024:20:33:09 -0700] "GET /Datasets%20Description/HTML_Bro_log_3/ HTTP/1.1" 200 786 "-" "Mozilla/5.0 (compatible; SemrushBot/7~bl; +http://www.semrush.com/bot.html)" 
107.20.105.74 - - [02/Apr/2024:20:36:40 -0700] "HEAD / HTTP/1.1" 301 186 "-" "DreamHost SiteMonitor 1.0" 
107.20.105.74 - - [02/Apr/2024:20:36:40 -0700] "HEAD / HTTP/1.1" 200 359 "http://66.33.221.139" "DreamHost SiteMonitor 1.0" 
5.44.42.111 - - [02/Apr/2024:20:39:44 -0700] "GET //.env HTTP/1.1" 404 463 "-" "Go-http-client/1.1" 
185.191.171.12 - - [02/Apr/2024:20:43:22 -0700] "GET /Datasets%20Description/PE_malware/OPCleaver.html HTTP/1.1" 301 530 "-" "Mozilla/5.0 (compatible; SemrushBot/7~bl; +http://www.semrush.com/bot.html)" 
85.208.96.211 - - [02/Apr/2024:20:43:23 -0700] "GET /Datasets%20Description/PE_malware/OPCleaver.html HTTP/1.1" 200 1421 "-" "Mozilla/5.0 (compatible; SemrushBot/7~bl; +http://www.semrush.com/bot.html)" 
52.167.144.139 - - [02/Apr/2024:20:46:17 -0700] "GET /self.logs/error.log.2017-11-25.gz HTTP/1.1" 200 1847 "-" "Mozilla/5.0 AppleWebKit/537.36 (KHTML, like Gecko; compatible; bingbot/2.0; +http://www.bing.com/bingbot.htm) Chrome/116.0.1938.76 Safari/537.36" 
107.20.105.74 - - [02/Apr/2024:20:46:40 -0700] "HEAD / HTTP/1.1" 301 186 "-" "DreamHost SiteMonitor 1.0" 
107.20.105.74 - - [02/Apr/2024:20:46:40 -0700] "HEAD / HTTP/1.1" 200 359 "http://66.33.221.139" "DreamHost SiteMonitor 1.0" 
52.167.144.139 - - [02/Apr/2024:20:47:28 -0700] "GET /self.logs/access.log.2019-08-09.gz HTTP/1.1" 200 11928 "-" "Mozilla/5.0 AppleWebKit/537.36 (KHTML, like Gecko; compatible; bingbot/2.0; +http://www.bing.com/bingbot.htm) Chrome/116.0.1938.76 Safari/537.36" 
52.167.144.139 - - [02/Apr/2024:20:48:30 -0700] "GET /self.logs/error.log.2022-01-30.gz HTTP/1.1" 200 2042 "-" "Mozilla/5.0 AppleWebKit/537.36 (KHTML, like Gecko; compatible; bingbot/2.0; +http://www.bing.com/bingbot.htm) Chrome/116.0.1938.76 Safari/537.36" 
107.20.105.74 - - [02/Apr/2024:20:56:40 -0700] "HEAD / HTTP/1.1" 301 186 "-" "DreamHost SiteMonitor 1.0" 
107.20.105.74 - - [02/Apr/2024:20:56:40 -0700] "HEAD / HTTP/1.1" 200 359 "http://66.33.221.139" "DreamHost SiteMonitor 1.0" 
72.90.81.11 - - [02/Apr/2024:21:02:25 -0700] "HEAD / HTTP/1.1" 200 425 "-" "Mozilla/5.0 (compatible; Fess/14.10; +http://fess.codelibs.org/bot.html)" 
72.90.81.11 - - [02/Apr/2024:21:02:25 -0700] "GET / HTTP/1.1" 200 13163 "-" "Mozilla/5.0 (compatible; Fess/14.10; +http://fess.codelibs.org/bot.html)" 
72.90.81.11 - - [02/Apr/2024:21:03:07 -0700] "HEAD / HTTP/1.1" 200 425 "-" "Mozilla/5.0 (compatible; Fess/14.10; +http://fess.codelibs.org/bot.html)" 
185.191.171.17 - - [02/Apr/2024:21:04:28 -0700] "GET /Datasets%20Description/HTML_Bro_log_1/ssl.html HTTP/1.1" 200 1823 "-" "Mozilla/5.0 (compatible; SemrushBot/7~bl; +http://www.semrush.com/bot.html)" 
216.244.66.245 - - [02/Apr/2024:21:04:57 -0700] "GET /robots.txt HTTP/1.1" 200 333 "-" "Mozilla/5.0 (compatible; DotBot/1.2; +https://opensiteexplorer.org/dotbot; help@moz.com)" 
107.20.105.74 - - [02/Apr/2024:21:06:40 -0700] "HEAD / HTTP/1.1" 301 186 "-" "DreamHost SiteMonitor 1.0" 
107.20.105.74 - - [02/Apr/2024:21:06:40 -0700] "HEAD / HTTP/1.1" 200 359 "http://66.33.221.139" "DreamHost SiteMonitor 1.0" 
107.20.105.74 - - [02/Apr/2024:21:16:40 -0700] "HEAD / HTTP/1.1" 301 186 "-" "DreamHost SiteMonitor 1.0" 
107.20.105.74 - - [02/Apr/2024:21:16:40 -0700] "HEAD / HTTP/1.1" 200 359 "http://66.33.221.139" "DreamHost SiteMonitor 1.0" 
123.126.50.58 - - [02/Apr/2024:21:19:22 -0700] "GET / HTTP/1.1" 200 49096 "-" "Sogou web spider/4.0(+http://www.sogou.com/docs/help/webmasters.htm#07)" 
107.20.105.74 - - [02/Apr/2024:21:26:40 -0700] "HEAD / HTTP/1.1" 301 186 "-" "DreamHost SiteMonitor 1.0" 
107.20.105.74 - - [02/Apr/2024:21:26:40 -0700] "HEAD / HTTP/1.1" 200 359 "http://66.33.221.139" "DreamHost SiteMonitor 1.0" 
107.20.105.74 - - [02/Apr/2024:21:36:40 -0700] "HEAD / HTTP/1.1" 301 186 "-" "DreamHost SiteMonitor 1.0" 
107.20.105.74 - - [02/Apr/2024:21:36:40 -0700] "HEAD / HTTP/1.1" 200 359 "http://66.33.221.139" "DreamHost SiteMonitor 1.0" 
107.20.105.74 - - [02/Apr/2024:21:46:40 -0700] "HEAD / HTTP/1.1" 301 186 "-" "DreamHost SiteMonitor 1.0" 
107.20.105.74 - - [02/Apr/2024:21:46:40 -0700] "HEAD / HTTP/1.1" 200 359 "http://66.33.221.139" "DreamHost SiteMonitor 1.0" 
27.253.105.19 - - [02/Apr/2024:21:51:15 -0700] "GET / HTTP/1.1" 200 13186 "-" "Mozilla/5.0 (Windows NT 10.0; Win64; x64; rv:124.0) Gecko/20100101 Firefox/124.0" 
27.253.105.19 - - [02/Apr/2024:21:51:15 -0700] "GET /css/style.css HTTP/1.1" 404 328 "http://www.secrepo.com/" "Mozilla/5.0 (Windows NT 10.0; Win64; x64; rv:124.0) Gecko/20100101 Firefox/124.0" 
27.253.105.19 - - [02/Apr/2024:21:51:16 -0700] "GET /twitter-icon.png HTTP/1.1" 200 27893 "http://www.secrepo.com/" "Mozilla/5.0 (Windows NT 10.0; Win64; x64; rv:124.0) Gecko/20100101 Firefox/124.0" 
27.253.105.19 - - [02/Apr/2024:21:51:16 -0700] "GET /GitHub-Mark.png HTTP/1.1" 200 7533 "http://www.secrepo.com/" "Mozilla/5.0 (Windows NT 10.0; Win64; x64; rv:124.0) Gecko/20100101 Firefox/124.0" 
27.253.105.19 - - [02/Apr/2024:21:51:16 -0700] "GET /bootstrap/img/favicon.ico HTTP/1.1" 200 713 "http://www.secrepo.com/" "Mozilla/5.0 (Windows NT 10.0; Win64; x64; rv:124.0) Gecko/20100101 Firefox/124.0" 
88.216.2.82 - - [02/Apr/2024:21:52:12 -0700] "GET /robots.txt HTTP/1.0" 200 340 "-" "Mozilla/4.0 (compatible; fluid/0.0; +http://www.leak.info/bot.html)" 
107.20.105.74 - - [02/Apr/2024:21:56:40 -0700] "HEAD / HTTP/1.1" 301 186 "-" "DreamHost SiteMonitor 1.0" 
107.20.105.74 - - [02/Apr/2024:21:56:40 -0700] "HEAD / HTTP/1.1" 200 359 "http://66.33.221.139" "DreamHost SiteMonitor 1.0" 
52.167.144.179 - - [02/Apr/2024:21:57:48 -0700] "GET /self.logs/error.log.2018-10-10.gz HTTP/1.1" 200 5678 "-" "Mozilla/5.0 AppleWebKit/537.36 (KHTML, like Gecko; compatible; bingbot/2.0; +http://www.bing.com/bingbot.htm) Chrome/116.0.1938.76 Safari/537.36" 
107.20.105.74 - - [02/Apr/2024:22:06:40 -0700] "HEAD / HTTP/1.1" 301 186 "-" "DreamHost SiteMonitor 1.0" 
107.20.105.74 - - [02/Apr/2024:22:06:40 -0700] "HEAD / HTTP/1.1" 200 359 "http://66.33.221.139" "DreamHost SiteMonitor 1.0" 
107.20.105.74 - - [02/Apr/2024:22:16:40 -0700] "HEAD / HTTP/1.1" 301 186 "-" "DreamHost SiteMonitor 1.0" 
107.20.105.74 - - [02/Apr/2024:22:16:40 -0700] "HEAD / HTTP/1.1" 200 359 "http://66.33.221.139" "DreamHost SiteMonitor 1.0" 
42.83.147.34 - - [02/Apr/2024:22:20:49 -0700] "GET / HTTP/1.1" 301 419 "-" "Mozilla/5.0 (Windows NT 6.1; Win64; x64) AppleWebKit/537.36 (KHTML, like Gecko)Chrome/74.0.3729.169 Safari/537.36" 
42.83.147.34 - - [02/Apr/2024:22:20:50 -0700] "GET / HTTP/1.1" 429 430 "-" "Mozilla/5.0 (Windows NT 6.1; Win64; x64) AppleWebKit/537.36 (KHTML, like Gecko)Chrome/74.0.3729.169 Safari/537.36" 
40.77.167.18 - - [02/Apr/2024:22:26:26 -0700] "GET /self.logs/error.log.2022-08-01.gz HTTP/1.1" 301 485 "-" "Mozilla/5.0 AppleWebKit/537.36 (KHTML, like Gecko; compatible; bingbot/2.0; +http://www.bing.com/bingbot.htm) Chrome/116.0.1938.76 Safari/537.36" 
107.20.105.74 - - [02/Apr/2024:22:26:40 -0700] "HEAD / HTTP/1.1" 301 186 "-" "DreamHost SiteMonitor 1.0" 
107.20.105.74 - - [02/Apr/2024:22:26:40 -0700] "HEAD / HTTP/1.1" 200 359 "http://66.33.221.139" "DreamHost SiteMonitor 1.0" 
40.77.167.57 - - [02/Apr/2024:22:27:51 -0700] "GET /self.logs/error.log.2018-10-10.gz HTTP/1.1" 200 5678 "-" "Mozilla/5.0 AppleWebKit/537.36 (KHTML, like Gecko; compatible; bingbot/2.0; +http://www.bing.com/bingbot.htm) Chrome/116.0.1938.76 Safari/537.36" 
40.77.167.18 - - [02/Apr/2024:22:29:08 -0700] "GET /self.logs/error.log.2019-08-07.gz HTTP/1.1" 301 485 "-" "Mozilla/5.0 AppleWebKit/537.36 (KHTML, like Gecko; compatible; bingbot/2.0; +http://www.bing.com/bingbot.htm) Chrome/116.0.1938.76 Safari/537.36" 
203.168.252.182 - - [02/Apr/2024:22:34:17 -0700] "GET / HTTP/1.1" 200 13186 "-" "Mozilla/5.0 (Windows NT 10.0; Win64; x64; rv:124.0) Gecko/20100101 Firefox/124.0" 
203.168.252.182 - - [02/Apr/2024:22:34:17 -0700] "GET /css/style.css HTTP/1.1" 404 328 "http://www.secrepo.com/" "Mozilla/5.0 (Windows NT 10.0; Win64; x64; rv:124.0) Gecko/20100101 Firefox/124.0" 
203.168.252.182 - - [02/Apr/2024:22:34:18 -0700] "GET /twitter-icon.png HTTP/1.1" 200 27893 "http://www.secrepo.com/" "Mozilla/5.0 (Windows NT 10.0; Win64; x64; rv:124.0) Gecko/20100101 Firefox/124.0" 
203.168.252.182 - - [02/Apr/2024:22:34:18 -0700] "GET /GitHub-Mark.png HTTP/1.1" 200 7556 "http://www.secrepo.com/" "Mozilla/5.0 (Windows NT 10.0; Win64; x64; rv:124.0) Gecko/20100101 Firefox/124.0" 
203.168.252.182 - - [02/Apr/2024:22:34:18 -0700] "GET /bootstrap/img/favicon.ico HTTP/1.1" 200 690 "http://www.secrepo.com/" "Mozilla/5.0 (Windows NT 10.0; Win64; x64; rv:124.0) Gecko/20100101 Firefox/124.0" 
107.20.105.74 - - [02/Apr/2024:22:36:40 -0700] "HEAD / HTTP/1.1" 301 186 "-" "DreamHost SiteMonitor 1.0" 
107.20.105.74 - - [02/Apr/2024:22:36:40 -0700] "HEAD / HTTP/1.1" 200 359 "http://66.33.221.139" "DreamHost SiteMonitor 1.0" 
103.131.71.208 - - [02/Apr/2024:22:41:46 -0700] "GET /robots.txt HTTP/1.1" 301 458 "-" "Mozilla/5.0 (compatible; coccocbot-image/1.0; +http://help.coccoc.com/searchengine)" 
103.131.71.208 - - [02/Apr/2024:22:41:49 -0700] "GET /robots.txt HTTP/1.1" 200 340 "-" "Mozilla/5.0 (compatible; coccocbot-image/1.0; +http://help.coccoc.com/searchengine)" 
107.20.105.74 - - [02/Apr/2024:22:46:40 -0700] "HEAD / HTTP/1.1" 301 186 "-" "DreamHost SiteMonitor 1.0" 
107.20.105.74 - - [02/Apr/2024:22:46:40 -0700] "HEAD / HTTP/1.1" 200 359 "http://66.33.221.139" "DreamHost SiteMonitor 1.0" 
114.119.142.8 - - [02/Apr/2024:22:49:17 -0700] "GET /self.logs/error.log.2020-10-01 HTTP/1.1" 200 351 "-" "Mozilla/5.0 (Linux; Android 7.0;) AppleWebKit/537.36 (KHTML, like Gecko) Mobile Safari/537.36 (compatible; PetalBot;+https://webmaster.petalsearch.com/site/petalbot)" 
40.77.167.22 - - [02/Apr/2024:22:51:14 -0700] "GET /self.logs/error.log.2020-06-05 HTTP/1.1" 200 307 "-" "Mozilla/5.0 AppleWebKit/537.36 (KHTML, like Gecko; compatible; bingbot/2.0; +http://www.bing.com/bingbot.htm) Chrome/116.0.1938.76 Safari/537.36" 
1.83.125.156 - - [02/Apr/2024:22:53:22 -0700] "GET /favicon.ico HTTP/1.1" 200 391 "-" "Mozilla/5.0 (Windows NT 10.0; Win64; x64) AppleWebKit/537.36 (KHTML, like Gecko) Chrome/119.0.6045.160 Safari/537.36" 
107.20.105.74 - - [02/Apr/2024:22:56:40 -0700] "HEAD / HTTP/1.1" 301 186 "-" "DreamHost SiteMonitor 1.0" 
107.20.105.74 - - [02/Apr/2024:22:56:40 -0700] "HEAD / HTTP/1.1" 200 359 "http://66.33.221.139" "DreamHost SiteMonitor 1.0" 
107.20.105.74 - - [02/Apr/2024:23:06:40 -0700] "HEAD / HTTP/1.1" 301 186 "-" "DreamHost SiteMonitor 1.0" 
107.20.105.74 - - [02/Apr/2024:23:06:40 -0700] "HEAD / HTTP/1.1" 200 359 "http://66.33.221.139" "DreamHost SiteMonitor 1.0" 
51.222.253.6 - - [02/Apr/2024:23:15:09 -0700] "GET /Datasets%20Description/Network/files.html HTTP/1.1" 200 1488 "-" "Mozilla/5.0 (compatible; AhrefsBot/7.0; +http://ahrefs.com/robot/)" 
114.119.140.107 - - [02/Apr/2024:23:16:16 -0700] "GET /self.logs/error.log.2020-09-06 HTTP/1.1" 200 351 "http://www.secrepo.com/self.logs?C=N%3BO%3DD" "Mozilla/5.0 (Linux; Android 7.0;) AppleWebKit/537.36 (KHTML, like Gecko) Mobile Safari/537.36 (compatible; PetalBot;+https://webmaster.petalsearch.com/site/petalbot)" 
107.20.105.74 - - [02/Apr/2024:23:16:40 -0700] "HEAD / HTTP/1.1" 301 186 "-" "DreamHost SiteMonitor 1.0" 
107.20.105.74 - - [02/Apr/2024:23:16:40 -0700] "HEAD / HTTP/1.1" 200 359 "http://66.33.221.139" "DreamHost SiteMonitor 1.0" 
114.119.157.24 - - [02/Apr/2024:23:17:40 -0700] "GET /self.logs/error.log.2020-05-01 HTTP/1.1" 200 351 "http://www.secrepo.com/self.logs?C=N%3BO%3DD" "Mozilla/5.0 (Linux; Android 7.0;) AppleWebKit/537.36 (KHTML, like Gecko) Mobile Safari/537.36 (compatible; PetalBot;+https://webmaster.petalsearch.com/site/petalbot)" 
114.119.137.143 - - [02/Apr/2024:23:19:05 -0700] "GET /self.logs/error.log.2020-02-17 HTTP/1.1" 200 351 "http://www.secrepo.com/self.logs?C=N%3BO%3DD" "Mozilla/5.0 (Linux; Android 7.0;) AppleWebKit/537.36 (KHTML, like Gecko) Mobile Safari/537.36 (compatible; PetalBot;+https://webmaster.petalsearch.com/site/petalbot)" 
114.119.139.166 - - [02/Apr/2024:23:20:27 -0700] "GET /honeypot/?C=S%3BO%3DA HTTP/1.1" 200 782 "http://www.secrepo.com/honeypot/?C=M%3BO%3DA" "Mozilla/5.0 (Linux; Android 7.0;) AppleWebKit/537.36 (KHTML, like Gecko) Mobile Safari/537.36 (compatible; PetalBot;+https://webmaster.petalsearch.com/site/petalbot)" 
107.20.105.74 - - [02/Apr/2024:23:26:40 -0700] "HEAD / HTTP/1.1" 301 186 "-" "DreamHost SiteMonitor 1.0" 
107.20.105.74 - - [02/Apr/2024:23:26:40 -0700] "HEAD / HTTP/1.1" 200 359 "http://66.33.221.139" "DreamHost SiteMonitor 1.0" 
85.208.96.201 - - [02/Apr/2024:23:31:46 -0700] "GET /robots.txt HTTP/1.1" 200 340 "-" "Mozilla/5.0 (compatible; SemrushBot/7~bl; +http://www.semrush.com/bot.html)" 
185.191.171.16 - - [02/Apr/2024:23:31:46 -0700] "GET /self.logs/error.log.2020-09-03 HTTP/1.1" 200 314 "-" "Mozilla/5.0 (compatible; SemrushBot/7~bl; +http://www.semrush.com/bot.html)" 
158.140.78.96 - - [02/Apr/2024:23:35:59 -0700] "GET /bootstrap/img/favicon.ico HTTP/1.1" 200 713 "-" "Mozilla/5.0 (X11; Linux x86_64; rv:109.0) Gecko/20100101 Firefox/115.0" 
107.20.105.74 - - [02/Apr/2024:23:36:40 -0700] "HEAD / HTTP/1.1" 301 186 "-" "DreamHost SiteMonitor 1.0" 
107.20.105.74 - - [02/Apr/2024:23:36:40 -0700] "HEAD / HTTP/1.1" 200 359 "http://66.33.221.139" "DreamHost SiteMonitor 1.0" 
207.231.111.169 - - [02/Apr/2024:23:41:17 -0700] "GET /robots.txt HTTP/1.1" 200 340 "-" "Gabanzabot/1.1 (Gabanza Search Engine; https://www.gabanza.com)" 
207.231.111.169 - - [02/Apr/2024:23:41:17 -0700] "GET /honeypot/Honeypot%20-%20Howto.pdf HTTP/1.1" 304 229 "-" "Gabanzabot/1.1 (Gabanza Search Engine; https://www.gabanza.com)" 
178.159.37.38 - - [02/Apr/2024:23:46:34 -0700] "GET / HTTP/1.1" 200 13186 "www.google.com" "Mozlila/5.0 (Linux; Android 7.0; SM-G892A Bulid/NRD90M; wv) AppleWebKit/537.36 (KHTML, like Gecko) Version/4.0 Chrome/60.0.3112.107 Moblie Safari/537.36" 
178.159.37.38 - - [02/Apr/2024:23:46:34 -0700] "GET //html5shim.googlecode.com/svn/trunk/html5.js HTTP/1.1" 404 328 "www.google.com" "Mozlila/5.0 (Linux; Android 7.0; SM-G892A Bulid/NRD90M; wv) AppleWebKit/537.36 (KHTML, like Gecko) Version/4.0 Chrome/60.0.3112.107 Moblie Safari/537.36" 
107.20.105.74 - - [02/Apr/2024:23:46:40 -0700] "HEAD / HTTP/1.1" 301 186 "-" "DreamHost SiteMonitor 1.0" 
107.20.105.74 - - [02/Apr/2024:23:46:40 -0700] "HEAD / HTTP/1.1" 200 359 "http://66.33.221.139" "DreamHost SiteMonitor 1.0" 
107.20.105.74 - - [02/Apr/2024:23:56:40 -0700] "HEAD / HTTP/1.1" 301 186 "-" "DreamHost SiteMonitor 1.0" 
107.20.105.74 - - [02/Apr/2024:23:56:40 -0700] "HEAD / HTTP/1.1" 200 359 "http://66.33.221.139" "DreamHost SiteMonitor 1.0" 
66.249.70.64 - - [02/Apr/2024:23:59:09 -0700] "GET / HTTP/1.1" 301 475 "-" "Mozilla/5.0 (compatible; Googlebot/2.1; +http://www.google.com/bot.html)" 
66.249.64.108 - - [02/Apr/2024:23:59:10 -0700] "GET / HTTP/1.1" 200 13186 "-" "Mozilla/5.0 (compatible; Googlebot/2.1; +http://www.google.com/bot.html)" 
66.249.64.106 - - [02/Apr/2024:23:59:12 -0700] "GET /css/style.css HTTP/1.1" 404 328 "http://www.secrepo.com/" "Mozilla/5.0 AppleWebKit/537.36 (KHTML, like Gecko; compatible; Googlebot/2.1; +http://www.google.com/bot.html) Chrome/122.0.6261.94 Safari/537.36" 
107.20.105.74 - - [03/Apr/2024:00:06:40 -0700] "HEAD / HTTP/1.1" 301 186 "-" "DreamHost SiteMonitor 1.0" 
107.20.105.74 - - [03/Apr/2024:00:06:40 -0700] "HEAD / HTTP/1.1" 200 359 "http://66.33.221.139" "DreamHost SiteMonitor 1.0" 
66.249.64.107 - - [03/Apr/2024:00:07:09 -0700] "GET / HTTP/1.1" 200 13184 "-" "Mozilla/5.0 (compatible; Googlebot/2.1; +http://www.google.com/bot.html)" 
66.249.64.108 - - [03/Apr/2024:00:07:11 -0700] "GET /css/style.css HTTP/1.1" 404 328 "http://www.secrepo.com/" "Mozilla/5.0 AppleWebKit/537.36 (KHTML, like Gecko; compatible; Googlebot/2.1; +http://www.google.com/bot.html) Chrome/122.0.6261.94 Safari/537.36" 
165.154.43.87 - - [03/Apr/2024:00:11:08 -0700] "GET / HTTP/1.1" 200 13184 "http://www.secrepo.com/" "Mozilla/5.0 (Linux; Android 11; vivo 1906; wv) AppleWebKit/537.36 (KHTML, like Gecko) Version/4.0 Chrome/87.0.4280.141 Mobile Safari/537.36 VivoBrowser/8.9.0.0 uni-app Html5Plus/1.0" 
165.154.43.87 - - [03/Apr/2024:00:11:08 -0700] "GET / HTTP/1.1" 200 13161 "http://www.secrepo.com/" "Mozilla/5.0 (Macintosh; Intel Mac OS X 10_15_7) AppleWebKit/537.36 (KHTML, like Gecko) Chrome/85.0.4183.121 Safari/537.36" 
165.154.43.87 - - [03/Apr/2024:00:11:08 -0700] "GET /favicon.ico HTTP/1.1" 200 368 "http://www.secrepo.com/favicon.ico" "Mozilla/5.0 (Linux; Android 11; vivo 1906; wv) AppleWebKit/537.36 (KHTML, like Gecko) Version/4.0 Chrome/87.0.4280.141 Mobile Safari/537.36 VivoBrowser/8.9.0.0 uni-app Html5Plus/1.0" 
165.154.43.87 - - [03/Apr/2024:00:11:08 -0700] "GET /other/codepay/js/codepay_util.js HTTP/1.1" 404 305 "http://www.secrepo.com/other/codepay/js/codepay_util.js" "Mozilla/5.0 (Linux; Android 11; vivo 1906; wv) AppleWebKit/537.36 (KHTML, like Gecko) Version/4.0 Chrome/87.0.4280.141 Mobile Safari/537.36 VivoBrowser/8.9.0.0 uni-app Html5Plus/1.0" 
165.154.43.87 - - [03/Apr/2024:00:11:09 -0700] "GET /static/wap/js/order.js HTTP/1.1" 404 305 "http://www.secrepo.com/static/wap/js/order.js" "Mozilla/5.0 (Linux; Android 11; vivo 1906; wv) AppleWebKit/537.36 (KHTML, like Gecko) Version/4.0 Chrome/87.0.4280.141 Mobile Safari/537.36 VivoBrowser/8.9.0.0 uni-app Html5Plus/1.0" 
165.154.43.87 - - [03/Apr/2024:00:11:09 -0700] "GET /static/index/js/lk/order.js HTTP/1.1" 404 328 "http://www.secrepo.com/static/index/js/lk/order.js" "Mozilla/5.0 (Linux; Android 11; vivo 1906; wv) AppleWebKit/537.36 (KHTML, like Gecko) Version/4.0 Chrome/87.0.4280.141 Mobile Safari/537.36 VivoBrowser/8.9.0.0 uni-app Html5Plus/1.0" 
165.154.43.87 - - [03/Apr/2024:00:11:09 -0700] "GET /static/wap/css/trade-history.css HTTP/1.1" 404 305 "http://www.secrepo.com/static/wap/css/trade-history.css" "Mozilla/5.0 (Linux; Android 11; vivo 1906; wv) AppleWebKit/537.36 (KHTML, like Gecko) Version/4.0 Chrome/87.0.4280.141 Mobile Safari/537.36 VivoBrowser/8.9.0.0 uni-app Html5Plus/1.0" 
165.154.43.87 - - [03/Apr/2024:00:11:09 -0700] "GET /dist/index.html/ HTTP/1.1" 404 328 "http://www.secrepo.com/dist/index.html/" "Mozilla/5.0 (Linux; Android 11; vivo 1906; wv) AppleWebKit/537.36 (KHTML, like Gecko) Version/4.0 Chrome/87.0.4280.141 Mobile Safari/537.36 VivoBrowser/8.9.0.0 uni-app Html5Plus/1.0" 
165.154.43.87 - - [03/Apr/2024:00:11:09 -0700] "GET /m/ HTTP/1.1" 404 328 "http://www.secrepo.com/m/" "Mozilla/5.0 (Linux; Android 11; vivo 1906; wv) AppleWebKit/537.36 (KHTML, like Gecko) Version/4.0 Chrome/87.0.4280.141 Mobile Safari/537.36 VivoBrowser/8.9.0.0 uni-app Html5Plus/1.0" 
165.154.43.87 - - [03/Apr/2024:00:11:09 -0700] "GET /static/index/css/trade-history.css HTTP/1.1" 404 305 "http://www.secrepo.com/static/index/css/trade-history.css" "Mozilla/5.0 (Linux; Android 11; vivo 1906; wv) AppleWebKit/537.36 (KHTML, like Gecko) Version/4.0 Chrome/87.0.4280.141 Mobile Safari/537.36 VivoBrowser/8.9.0.0 uni-app Html5Plus/1.0" 
165.154.43.87 - - [03/Apr/2024:00:11:09 -0700] "GET /bootstrap/img/favicon.ico HTTP/1.1" 200 713 "http://www.secrepo.com/bootstrap/img/favicon.ico" "Mozilla/5.0 (Linux; Android 11; vivo 1906; wv) AppleWebKit/537.36 (KHTML, like Gecko) Version/4.0 Chrome/87.0.4280.141 Mobile Safari/537.36 VivoBrowser/8.9.0.0 uni-app Html5Plus/1.0" 
165.154.43.87 - - [03/Apr/2024:00:11:09 -0700] "GET / HTTP/1.1" 200 13184 "http://www.secrepo.com/" "okhttp/3.14.9" 
165.154.43.87 - - [03/Apr/2024:00:11:09 -0700] "GET /h5 HTTP/1.1" 404 305 "http://www.secrepo.com/h5" "Mozilla/5.0 (Linux; Android 11; vivo 1906; wv) AppleWebKit/537.36 (KHTML, like Gecko) Version/4.0 Chrome/87.0.4280.141 Mobile Safari/537.36 VivoBrowser/8.9.0.0 uni-app Html5Plus/1.0" 
165.154.43.87 - - [03/Apr/2024:00:11:09 -0700] "GET /6/ HTTP/1.1" 404 305 "http://www.secrepo.com/6/" "Mozilla/5.0 (Linux; Android 11; vivo 1906; wv) AppleWebKit/537.36 (KHTML, like Gecko) Version/4.0 Chrome/87.0.4280.141 Mobile Safari/537.36 VivoBrowser/8.9.0.0 uni-app Html5Plus/1.0" 
165.154.43.87 - - [03/Apr/2024:00:11:09 -0700] "GET /index/login HTTP/1.1" 404 305 "http://www.secrepo.com/index/login" "Mozilla/5.0 (Linux; Android 11; vivo 1906; wv) AppleWebKit/537.36 (KHTML, like Gecko) Version/4.0 Chrome/87.0.4280.141 Mobile Safari/537.36 VivoBrowser/8.9.0.0 uni-app Html5Plus/1.0" 
165.154.43.87 - - [03/Apr/2024:00:11:09 -0700] "GET /123/ok/ HTTP/1.1" 404 328 "http://www.secrepo.com/123/ok/" "Mozilla/5.0 (Linux; Android 11; vivo 1906; wv) AppleWebKit/537.36 (KHTML, like Gecko) Version/4.0 Chrome/87.0.4280.141 Mobile Safari/537.36 VivoBrowser/8.9.0.0 uni-app Html5Plus/1.0" 
165.154.43.87 - - [03/Apr/2024:00:11:09 -0700] "GET /a/ HTTP/1.1" 404 305 "http://www.secrepo.com/a/" "Mozilla/5.0 (Linux; Android 11; vivo 1906; wv) AppleWebKit/537.36 (KHTML, like Gecko) Version/4.0 Chrome/87.0.4280.141 Mobile Safari/537.36 VivoBrowser/8.9.0.0 uni-app Html5Plus/1.0" 
165.154.43.87 - - [03/Apr/2024:00:11:09 -0700] "GET /api HTTP/1.1" 404 305 "http://www.secrepo.com/api" "okhttp/3.14.9" 
165.154.43.87 - - [03/Apr/2024:00:11:09 -0700] "GET /xy/ HTTP/1.1" 404 305 "http://www.secrepo.com/xy/" "Mozilla/5.0 (Linux; Android 11; vivo 1906; wv) AppleWebKit/537.36 (KHTML, like Gecko) Version/4.0 Chrome/87.0.4280.141 Mobile Safari/537.36 VivoBrowser/8.9.0.0 uni-app Html5Plus/1.0" 
165.154.43.87 - - [03/Apr/2024:00:11:09 -0700] "GET /im/ HTTP/1.1" 404 305 "http://www.secrepo.com/im/" "Mozilla/5.0 (Linux; Android 11; vivo 1906; wv) AppleWebKit/537.36 (KHTML, like Gecko) Version/4.0 Chrome/87.0.4280.141 Mobile Safari/537.36 VivoBrowser/8.9.0.0 uni-app Html5Plus/1.0" 
165.154.43.87 - - [03/Apr/2024:00:11:09 -0700] "GET /wap HTTP/1.1" 404 305 "http://www.secrepo.com/wap" "Mozilla/5.0 (Linux; Android 11; vivo 1906; wv) AppleWebKit/537.36 (KHTML, like Gecko) Version/4.0 Chrome/87.0.4280.141 Mobile Safari/537.36 VivoBrowser/8.9.0.0 uni-app Html5Plus/1.0" 
165.154.43.87 - - [03/Apr/2024:00:11:09 -0700] "GET /api HTTP/1.1" 404 305 "http://www.secrepo.com/api" "Mozilla/5.0 (Linux; Android 11; vivo 1906; wv) AppleWebKit/537.36 (KHTML, like Gecko) Version/4.0 Chrome/87.0.4280.141 Mobile Safari/537.36 VivoBrowser/8.9.0.0 uni-app Html5Plus/1.0" 
165.154.43.87 - - [03/Apr/2024:00:11:09 -0700] "GET /h5/ HTTP/1.1" 404 305 "http://www.secrepo.com/h5/" "Mozilla/5.0 (Linux; Android 11; vivo 1906; wv) AppleWebKit/537.36 (KHTML, like Gecko) Version/4.0 Chrome/87.0.4280.141 Mobile Safari/537.36 VivoBrowser/8.9.0.0 uni-app Html5Plus/1.0" 
165.154.43.87 - - [03/Apr/2024:00:11:09 -0700] "GET /h5/ HTTP/1.1" 404 305 "http://www.secrepo.com/h5/" "Mozilla/5.0 (Macintosh; Intel Mac OS X 10_15_7) AppleWebKit/537.36 (KHTML, like Gecko) Chrome/85.0.4183.121 Safari/537.36" 
165.154.43.87 - - [03/Apr/2024:00:11:10 -0700] "GET /otc/ HTTP/1.1" 404 305 "http://www.secrepo.com/otc/" "Mozilla/5.0 (Linux; Android 11; vivo 1906; wv) AppleWebKit/537.36 (KHTML, like Gecko) Version/4.0 Chrome/87.0.4280.141 Mobile Safari/537.36 VivoBrowser/8.9.0.0 uni-app Html5Plus/1.0" 
165.154.43.87 - - [03/Apr/2024:00:11:10 -0700] "GET /app/ HTTP/1.1" 404 305 "http://www.secrepo.com/app/" "Mozilla/5.0 (Linux; Android 11; vivo 1906; wv) AppleWebKit/537.36 (KHTML, like Gecko) Version/4.0 Chrome/87.0.4280.141 Mobile Safari/537.36 VivoBrowser/8.9.0.0 uni-app Html5Plus/1.0" 
165.154.43.87 - - [03/Apr/2024:00:11:10 -0700] "GET /999/ HTTP/1.1" 404 305 "http://www.secrepo.com/999/" "Mozilla/5.0 (Linux; Android 11; vivo 1906; wv) AppleWebKit/537.36 (KHTML, like Gecko) Version/4.0 Chrome/87.0.4280.141 Mobile Safari/537.36 VivoBrowser/8.9.0.0 uni-app Html5Plus/1.0" 
165.154.43.87 - - [03/Apr/2024:00:11:10 -0700] "GET /888/ HTTP/1.1" 404 305 "http://www.secrepo.com/888/" "Mozilla/5.0 (Linux; Android 11; vivo 1906; wv) AppleWebKit/537.36 (KHTML, like Gecko) Version/4.0 Chrome/87.0.4280.141 Mobile Safari/537.36 VivoBrowser/8.9.0.0 uni-app Html5Plus/1.0" 
165.154.43.87 - - [03/Apr/2024:00:11:10 -0700] "GET /live HTTP/1.1" 404 305 "http://www.secrepo.com/live" "Mozilla/5.0 (Linux; Android 11; vivo 1906; wv) AppleWebKit/537.36 (KHTML, like Gecko) Version/4.0 Chrome/87.0.4280.141 Mobile Safari/537.36 VivoBrowser/8.9.0.0 uni-app Html5Plus/1.0" 
165.154.43.87 - - [03/Apr/2024:00:11:10 -0700] "GET /admin HTTP/1.1" 404 305 "http://www.secrepo.com/admin" "Mozilla/5.0 (Linux; Android 11; vivo 1906; wv) AppleWebKit/537.36 (KHTML, like Gecko) Version/4.0 Chrome/87.0.4280.141 Mobile Safari/537.36 VivoBrowser/8.9.0.0 uni-app Html5Plus/1.0" 
165.154.43.87 - - [03/Apr/2024:00:11:10 -0700] "GET /wap/ HTTP/1.1" 404 305 "http://www.secrepo.com/wap/" "Mozilla/5.0 (Linux; Android 11; vivo 1906; wv) AppleWebKit/537.36 (KHTML, like Gecko) Version/4.0 Chrome/87.0.4280.141 Mobile Safari/537.36 VivoBrowser/8.9.0.0 uni-app Html5Plus/1.0" 
165.154.43.87 - - [03/Apr/2024:00:11:10 -0700] "GET /login HTTP/1.1" 404 305 "http://www.secrepo.com/login" "Mozilla/5.0 (Linux; Android 11; vivo 1906; wv) AppleWebKit/537.36 (KHTML, like Gecko) Version/4.0 Chrome/87.0.4280.141 Mobile Safari/537.36 VivoBrowser/8.9.0.0 uni-app Html5Plus/1.0" 
165.154.43.87 - - [03/Apr/2024:00:11:10 -0700] "GET /api/im/v2/app/config HTTP/1.1" 404 328 "http://www.secrepo.com/api/im/v2/app/config" "okhttp/3.14.9" 
165.154.43.87 - - [03/Apr/2024:00:11:10 -0700] "GET /imei/ HTTP/1.1" 404 305 "http://www.secrepo.com/imei/" "Mozilla/5.0 (Linux; Android 11; vivo 1906; wv) AppleWebKit/537.36 (KHTML, like Gecko) Version/4.0 Chrome/87.0.4280.141 Mobile Safari/537.36 VivoBrowser/8.9.0.0 uni-app Html5Plus/1.0" 
165.154.43.87 - - [03/Apr/2024:00:11:10 -0700] "GET /homes/ HTTP/1.1" 404 305 "http://www.secrepo.com/homes/" "Mozilla/5.0 (Linux; Android 11; vivo 1906; wv) AppleWebKit/537.36 (KHTML, like Gecko) Version/4.0 Chrome/87.0.4280.141 Mobile Safari/537.36 VivoBrowser/8.9.0.0 uni-app Html5Plus/1.0" 
165.154.43.87 - - [03/Apr/2024:00:11:10 -0700] "GET /mobile HTTP/1.1" 404 305 "http://www.secrepo.com/mobile" "Mozilla/5.0 (Linux; Android 11; vivo 1906; wv) AppleWebKit/537.36 (KHTML, like Gecko) Version/4.0 Chrome/87.0.4280.141 Mobile Safari/537.36 VivoBrowser/8.9.0.0 uni-app Html5Plus/1.0" 
165.154.43.87 - - [03/Apr/2024:00:11:10 -0700] "GET /config HTTP/1.1" 404 305 "http://www.secrepo.com/config" "Mozilla/5.0 (Linux; Android 11; vivo 1906; wv) AppleWebKit/537.36 (KHTML, like Gecko) Version/4.0 Chrome/87.0.4280.141 Mobile Safari/537.36 VivoBrowser/8.9.0.0 uni-app Html5Plus/1.0" 
165.154.43.87 - - [03/Apr/2024:00:11:10 -0700] "GET /im/h5/ HTTP/1.1" 404 305 "http://www.secrepo.com/im/h5/" "Mozilla/5.0 (Linux; Android 11; vivo 1906; wv) AppleWebKit/537.36 (KHTML, like Gecko) Version/4.0 Chrome/87.0.4280.141 Mobile Safari/537.36 VivoBrowser/8.9.0.0 uni-app Html5Plus/1.0" 
165.154.43.87 - - [03/Apr/2024:00:11:10 -0700] "GET /m.html HTTP/1.1" 404 305 "http://www.secrepo.com/m.html" "Mozilla/5.0 (Linux; Android 11; vivo 1906; wv) AppleWebKit/537.36 (KHTML, like Gecko) Version/4.0 Chrome/87.0.4280.141 Mobile Safari/537.36 VivoBrowser/8.9.0.0 uni-app Html5Plus/1.0" 
