43.206.134.66 - - [26/Oct/2022:02:39:55 -0700] "GET / HTTP/1.1" 301 475 "-" "python-requests/2.27.1" 
43.206.134.66 - - [26/Oct/2022:02:39:55 -0700] "GET / HTTP/1.1" 200 13186 "-" "python-requests/2.27.1" 
114.119.149.228 - - [26/Oct/2022:02:41:22 -0700] "GET /self.logs/error.log.2017-03-04.gz HTTP/1.1" 200 1320 "-" "Mozilla/5.0 (compatible;PetalBot;+https://webmaster.petalsearch.com/site/petalbot)" 
114.119.149.237 - - [26/Oct/2022:02:46:55 -0700] "GET /self.logs/error.log.2020-02-05.gz HTTP/1.1" 200 1254 "-" "Mozilla/5.0 (compatible;PetalBot;+https://webmaster.petalsearch.com/site/petalbot)" 
107.167.39.74 - - [26/Oct/2022:02:49:22 -0700] "GET / HTTP/1.1" 200 13186 "http://www.secrepo.com" "Mozilla/5.0 (Windows NT 10.0; Win64; x64) AppleWebKit/537.36 (KHTML, like Gecko) Chrome/87.0.4280.67 Safari/537.36 Edg/87.0.664.52" 
207.46.13.208 - - [26/Oct/2022:02:55:10 -0700] "GET /self.logs/ HTTP/1.1" 200 39228 "-" "Mozilla/5.0 AppleWebKit/537.36 (KHTML, like Gecko; compatible; bingbot/2.0; +http://www.bing.com/bingbot.htm) Chrome/103.0.5060.134 Safari/537.36" 
207.46.13.208 - - [26/Oct/2022:02:57:39 -0700] "GET /self.logs/access.log.2017-01-08.gz HTTP/1.1" 301 543 "-" "Mozilla/5.0 AppleWebKit/537.36 (KHTML, like Gecko; compatible; bingbot/2.0; +http://www.bing.com/bingbot.htm) Chrome/103.0.5060.134 Safari/537.36" 
114.119.149.237 - - [26/Oct/2022:02:58:06 -0700] "GET /self.logs/access.log.2020-06-02.gz HTTP/1.1" 200 19183 "-" "Mozilla/5.0 (compatible;PetalBot;+https://webmaster.petalsearch.com/site/petalbot)" 
114.119.140.174 - - [26/Oct/2022:03:03:45 -0700] "GET /self.logs/error.log.2020-03-13.gz HTTP/1.1" 200 873 "-" "Mozilla/5.0 (compatible;PetalBot;+https://webmaster.petalsearch.com/site/petalbot)" 
114.119.149.23 - - [26/Oct/2022:03:09:26 -0700] "GET /self.logs/error.log.2019-09-17.gz HTTP/1.1" 200 1187 "-" "Mozilla/5.0 (compatible;PetalBot;+https://webmaster.petalsearch.com/site/petalbot)" 
114.119.149.237 - - [26/Oct/2022:03:14:58 -0700] "GET /self.logs/error.log.2020-10-19.gz HTTP/1.1" 200 825 "-" "Mozilla/5.0 (compatible;PetalBot;+https://webmaster.petalsearch.com/site/petalbot)" 
114.119.149.237 - - [26/Oct/2022:03:20:47 -0700] "GET /self.logs/access.log.2017-02-12.gz HTTP/1.1" 200 17819 "-" "Mozilla/5.0 (compatible;PetalBot;+https://webmaster.petalsearch.com/site/petalbot)" 
207.46.13.208 - - [26/Oct/2022:03:23:32 -0700] "GET /self.logs/ HTTP/1.1" 200 39228 "-" "Mozilla/5.0 (compatible; bingbot/2.0; +http://www.bing.com/bingbot.htm)" 
107.167.35.130 - - [26/Oct/2022:03:23:56 -0700] "GET / HTTP/1.1" 200 13186 "http://www.SecRepo.com" "Mozilla/5.0 (Windows NT 10.0; Win64; x64) AppleWebKit/537.36 (KHTML, like Gecko) Chrome/87.0.4280.67 Safari/537.36 Edg/87.0.664.52" 
114.119.149.218 - - [26/Oct/2022:03:26:20 -0700] "GET /self.logs/error.log.2020-11-05.gz HTTP/1.1" 200 773 "-" "Mozilla/5.0 (compatible;PetalBot;+https://webmaster.petalsearch.com/site/petalbot)" 
114.119.149.237 - - [26/Oct/2022:03:43:01 -0700] "GET /self.logs/error.log.2017-10-28.gz HTTP/1.1" 200 2151 "-" "Mozilla/5.0 (compatible;PetalBot;+https://webmaster.petalsearch.com/site/petalbot)" 
207.46.13.208 - - [26/Oct/2022:03:48:25 -0700] "GET /self.logs/ HTTP/1.1" 200 39228 "-" "Mozilla/5.0 AppleWebKit/537.36 (KHTML, like Gecko; compatible; bingbot/2.0; +http://www.bing.com/bingbot.htm) Chrome/103.0.5060.134 Safari/537.36" 
157.55.39.217 - - [26/Oct/2022:03:57:40 -0700] "GET /self.logs/error.log.2017-04-18.gz HTTP/1.1" 200 1054 "-" "Mozilla/5.0 AppleWebKit/537.36 (KHTML, like Gecko; compatible; bingbot/2.0; +http://www.bing.com/bingbot.htm) Chrome/103.0.5060.134 Safari/537.36" 
114.119.149.222 - - [26/Oct/2022:04:00:38 -0700] "GET /self.logs/error.log.2019-01-28.gz HTTP/1.1" 200 4915 "-" "Mozilla/5.0 (compatible;PetalBot;+https://webmaster.petalsearch.com/site/petalbot)" 
207.46.13.208 - - [26/Oct/2022:04:02:35 -0700] "GET /maccdc2012/signatures.log.gz HTTP/1.1" 200 668 "-" "Mozilla/5.0 (compatible; bingbot/2.0; +http://www.bing.com/bingbot.htm)" 
114.119.149.218 - - [26/Oct/2022:04:17:33 -0700] "GET /self.logs/access.log.2017-11-21.gz HTTP/1.1" 200 43031 "-" "Mozilla/5.0 (compatible;PetalBot;+https://webmaster.petalsearch.com/site/petalbot)" 
207.46.13.208 - - [26/Oct/2022:04:20:38 -0700] "GET /self.logs/ HTTP/1.1" 200 39228 "-" "Mozilla/5.0 (compatible; bingbot/2.0; +http://www.bing.com/bingbot.htm)" 
114.119.145.137 - - [26/Oct/2022:04:23:04 -0700] "GET /self.logs/error.log.2018-12-23.gz HTTP/1.1" 200 3039 "-" "Mozilla/5.0 (compatible;PetalBot;+https://webmaster.petalsearch.com/site/petalbot)" 
35.235.110.124 - - [26/Oct/2022:04:25:56 -0700] "GET /robots.txt HTTP/1.1" 200 377 "-" "Mozilla/5.0 (compatible; Lucidworks-SPLKExt/0.10; +; )" 
114.119.140.174 - - [26/Oct/2022:04:28:37 -0700] "GET /self.logs/error.log.2019-10-16.gz HTTP/1.1" 200 816 "-" "Mozilla/5.0 (compatible;PetalBot;+https://webmaster.petalsearch.com/site/petalbot)" 
107.167.35.130 - - [26/Oct/2022:04:29:09 -0700] "GET /data/admin/allowurl.txt HTTP/1.1" 404 328 "-" "Mozilla/5.0 (Windows NT 10.0; WOW64; rv:48.0) Gecko/20100101 Firefox/48.0" 
213.14.123.114 - - [26/Oct/2022:04:30:11 -0700] "GET /maccdc2012/dhcp.log.gz HTTP/1.1" 200 44977 "http://www.secrepo.com/" "Mozilla/5.0 (Windows NT 10.0; Win64; x64) AppleWebKit/537.36 (KHTML, like Gecko) Chrome/106.0.0.0 Safari/537.36" 
213.14.123.114 - - [26/Oct/2022:04:30:14 -0700] "GET /maccdc2012/dns.log.gz HTTP/1.1" 200 6607356 "http://www.secrepo.com/" "Mozilla/5.0 (Windows NT 10.0; Win64; x64) AppleWebKit/537.36 (KHTML, like Gecko) Chrome/106.0.0.0 Safari/537.36" 
61.135.159.134 - - [26/Oct/2022:04:38:34 -0700] "GET / HTTP/1.1" 200 13149 "-" "Sogou web spider/4.0(+http://www.sogou.com/docs/help/webmasters.htm#07)" 
114.119.149.218 - - [26/Oct/2022:04:39:42 -0700] "GET /self.logs/error.log.2020-11-05.gz HTTP/1.1" 200 773 "-" "Mozilla/5.0 (compatible;PetalBot;+https://webmaster.petalsearch.com/site/petalbot)" 
64.124.8.38 - - [26/Oct/2022:04:43:32 -0700] "GET /robots.txt HTTP/1.1" 200 377 "-" "Mozilla/5.0 (X11; Linux x86_64) AppleWebKit/537.36 (KHTML, like Gecko) Chrome/61.0.3163.79 Safari/537.36" 
64.124.8.38 - - [26/Oct/2022:04:43:32 -0700] "GET /Datasets%20Description/HTML_Bro_log_2 HTTP/1.1" 301 618 "-" "Mozilla/5.0 (X11; Linux x86_64) AppleWebKit/537.36 (KHTML, like Gecko) Chrome/61.0.3163.79 Safari/537.36" 
64.124.8.38 - - [26/Oct/2022:04:43:32 -0700] "GET /Datasets%20Description/HTML_Bro_log_2/ HTTP/1.1" 200 809 "-" "Mozilla/5.0 (X11; Linux x86_64) AppleWebKit/537.36 (KHTML, like Gecko) Chrome/61.0.3163.79 Safari/537.36" 
31.4.243.79 - - [26/Oct/2022:04:44:44 -0700] "GET / HTTP/1.1" 200 13186 "https://trello.com/" "Mozilla/5.0 (X11; Ubuntu; Linux x86_64; rv:106.0) Gecko/20100101 Firefox/106.0" 
31.4.243.79 - - [26/Oct/2022:04:44:45 -0700] "GET /css/style.css HTTP/1.1" 404 305 "http://www.secrepo.com/" "Mozilla/5.0 (X11; Ubuntu; Linux x86_64; rv:106.0) Gecko/20100101 Firefox/106.0" 
31.4.243.79 - - [26/Oct/2022:04:44:46 -0700] "GET /bootstrap/img/favicon.ico HTTP/1.1" 200 690 "http://www.secrepo.com/" "Mozilla/5.0 (X11; Ubuntu; Linux x86_64; rv:106.0) Gecko/20100101 Firefox/106.0" 
31.4.243.79 - - [26/Oct/2022:04:44:47 -0700] "GET /GitHub-Mark.png HTTP/1.1" 200 7556 "http://www.secrepo.com/" "Mozilla/5.0 (X11; Ubuntu; Linux x86_64; rv:106.0) Gecko/20100101 Firefox/106.0" 
31.4.243.79 - - [26/Oct/2022:04:44:47 -0700] "GET /twitter-icon.png HTTP/1.1" 200 27916 "http://www.secrepo.com/" "Mozilla/5.0 (X11; Ubuntu; Linux x86_64; rv:106.0) Gecko/20100101 Firefox/106.0" 
114.119.149.23 - - [26/Oct/2022:04:45:16 -0700] "GET /self.logs/2015/access.log.2015-09-29.gz HTTP/1.1" 200 5369 "-" "Mozilla/5.0 (compatible;PetalBot;+https://webmaster.petalsearch.com/site/petalbot)" 
64.124.8.38 - - [26/Oct/2022:04:45:17 -0700] "GET /Datasets%20Description/Network/files.html HTTP/1.1" 200 1532 "-" "Mozilla/5.0 (X11; Linux x86_64) AppleWebKit/537.36 (KHTML, like Gecko) Chrome/61.0.3163.79 Safari/537.36" 
107.167.39.74 - - [26/Oct/2022:04:45:43 -0700] "GET / HTTP/1.1" 200 13186 "http://www.SecRepo.com" "Mozilla/5.0 (Windows NT 10.0; Win64; x64) AppleWebKit/537.36 (KHTML, like Gecko) Chrome/87.0.4280.67 Safari/537.36 Edg/87.0.664.52" 
207.46.13.208 - - [26/Oct/2022:04:47:21 -0700] "GET /self.logs/ HTTP/1.1" 200 39228 "-" "Mozilla/5.0 (compatible; bingbot/2.0; +http://www.bing.com/bingbot.htm)" 
64.124.8.38 - - [26/Oct/2022:04:47:51 -0700] "GET /Datasets%20Description/HTML_Bro_log_3 HTTP/1.1" 301 619 "-" "Mozilla/5.0 (X11; Linux x86_64) AppleWebKit/537.36 (KHTML, like Gecko) Chrome/61.0.3163.79 Safari/537.36" 
64.124.8.38 - - [26/Oct/2022:04:47:51 -0700] "GET /Datasets%20Description/HTML_Bro_log_3/ HTTP/1.1" 200 800 "-" "Mozilla/5.0 (X11; Linux x86_64) AppleWebKit/537.36 (KHTML, like Gecko) Chrome/61.0.3163.79 Safari/537.36" 
54.224.94.105 - - [26/Oct/2022:04:48:17 -0700] "GET / HTTP/1.1" 200 13186 "-" "Iframely/1.3.1 (+https://iframely.com/docs/about)" 
31.4.243.79 - - [26/Oct/2022:04:48:19 -0700] "GET /bootstrap/img/favicon.ico HTTP/1.1" 200 713 "-" "Mozilla/5.0 (X11; Ubuntu; Linux x86_64; rv:106.0) Gecko/20100101 Firefox/106.0" 
64.124.8.38 - - [26/Oct/2022:04:48:53 -0700] "GET /data HTTP/1.1" 404 328 "-" "Mozilla/5.0 (X11; Linux x86_64) AppleWebKit/537.36 (KHTML, like Gecko) Chrome/61.0.3163.79 Safari/537.36" 
64.124.8.38 - - [26/Oct/2022:04:49:33 -0700] "GET /Datasets%20Description/Network/tunnel.html HTTP/1.1" 200 1470 "-" "Mozilla/5.0 (X11; Linux x86_64) AppleWebKit/537.36 (KHTML, like Gecko) Chrome/61.0.3163.79 Safari/537.36" 
114.119.149.23 - - [26/Oct/2022:04:50:44 -0700] "GET /self.logs/error.log.2019-05-08.gz HTTP/1.1" 200 4554 "-" "Mozilla/5.0 (compatible;PetalBot;+https://webmaster.petalsearch.com/site/petalbot)" 
64.124.8.38 - - [26/Oct/2022:04:51:48 -0700] "GET /Datasets%20Description/PE_malware/Zeus.html HTTP/1.1" 200 1698 "-" "Mozilla/5.0 (X11; Linux x86_64) AppleWebKit/537.36 (KHTML, like Gecko) Chrome/61.0.3163.79 Safari/537.36" 
192.178.10.51 - - [26/Oct/2022:04:55:04 -0700] "GET /GitHub-Mark.png HTTP/1.1" 200 7556 "-" "Mozilla/5.0 (compatible; GoogleSites)" 
114.119.149.222 - - [26/Oct/2022:04:56:16 -0700] "GET /self.logs/access.log.2017-08-20.gz HTTP/1.1" 200 17392 "-" "Mozilla/5.0 (compatible;PetalBot;+https://webmaster.petalsearch.com/site/petalbot)" 
192.178.10.53 - - [26/Oct/2022:04:57:09 -0700] "GET /twitter-icon.png HTTP/1.1" 200 27916 "-" "Mozilla/5.0 (compatible; GoogleSites)" 
64.124.8.38 - - [26/Oct/2022:04:59:39 -0700] "GET /Datasets%20Description/Network/notice.html HTTP/1.1" 200 1650 "-" "Mozilla/5.0 (X11; Linux x86_64) AppleWebKit/537.36 (KHTML, like Gecko) Chrome/61.0.3163.79 Safari/537.36" 
72.66.78.101 - - [26/Oct/2022:05:00:26 -0700] "GET / HTTP/1.1" 200 13186 "-" "Mozilla/5.0 (iPhone; CPU iPhone OS 16_0_3 like Mac OS X) AppleWebKit/605.1.15 (KHTML, like Gecko) Version/16.0 Mobile/15E148 Safari/604.1" 
72.66.78.101 - - [26/Oct/2022:05:00:26 -0700] "GET /css/style.css HTTP/1.1" 404 305 "http://www.secrepo.com/" "Mozilla/5.0 (iPhone; CPU iPhone OS 16_0_3 like Mac OS X) AppleWebKit/605.1.15 (KHTML, like Gecko) Version/16.0 Mobile/15E148 Safari/604.1" 
72.66.78.101 - - [26/Oct/2022:05:00:26 -0700] "GET /twitter-icon.png HTTP/1.1" 200 27916 "http://www.secrepo.com/" "Mozilla/5.0 (iPhone; CPU iPhone OS 16_0_3 like Mac OS X) AppleWebKit/605.1.15 (KHTML, like Gecko) Version/16.0 Mobile/15E148 Safari/604.1" 
114.119.149.237 - - [26/Oct/2022:05:01:46 -0700] "GET /self.logs/error.log.2019-11-26.gz HTTP/1.1" 200 869 "-" "Mozilla/5.0 (compatible;PetalBot;+https://webmaster.petalsearch.com/site/petalbot)" 
157.55.39.22 - - [26/Oct/2022:05:05:25 -0700] "GET /self.logs/error.log.2017-01-07.gz HTTP/1.1" 200 910 "-" "Mozilla/5.0 AppleWebKit/537.36 (KHTML, like Gecko; compatible; bingbot/2.0; +http://www.bing.com/bingbot.htm) Chrome/103.0.5060.134 Safari/537.36" 
64.124.8.38 - - [26/Oct/2022:05:05:46 -0700] "GET /Datasets%20Description/Network/dhcp.html HTTP/1.1" 200 1461 "-" "Mozilla/5.0 (X11; Linux x86_64) AppleWebKit/537.36 (KHTML, like Gecko) Chrome/61.0.3163.79 Safari/537.36" 
114.119.140.174 - - [26/Oct/2022:05:07:15 -0700] "GET /self.logs/access.log.2017-10-18.gz HTTP/1.1" 200 23565 "-" "Mozilla/5.0 (compatible;PetalBot;+https://webmaster.petalsearch.com/site/petalbot)" 
207.46.13.208 - - [26/Oct/2022:05:15:03 -0700] "GET /self.logs/ HTTP/1.1" 200 39243 "-" "Mozilla/5.0 (compatible; bingbot/2.0; +http://www.bing.com/bingbot.htm)" 
222.186.42.209 - - [26/Oct/2022:05:16:29 -0700] "GET /data/admin/allowurl.txt HTTP/1.1" 404 328 "-" "Mozilla/5.0 (Windows NT 10.0; WOW64; rv:48.0) Gecko/20100101 Firefox/48.0" 
114.119.140.174 - - [26/Oct/2022:05:18:22 -0700] "GET /self.logs/access.log.2018-02-13.gz HTTP/1.1" 200 38185 "-" "Mozilla/5.0 (compatible;PetalBot;+https://webmaster.petalsearch.com/site/petalbot)" 
64.124.8.38 - - [26/Oct/2022:05:22:00 -0700] "GET /Datasets%20Description/Network/signatures.html HTTP/1.1" 404 328 "-" "Mozilla/5.0 (X11; Linux x86_64) AppleWebKit/537.36 (KHTML, like Gecko) Chrome/61.0.3163.79 Safari/537.36" 
64.124.8.38 - - [26/Oct/2022:05:22:07 -0700] "GET /Datasets%20Description/Network/dns.html HTTP/1.1" 200 1543 "-" "Mozilla/5.0 (X11; Linux x86_64) AppleWebKit/537.36 (KHTML, like Gecko) Chrome/61.0.3163.79 Safari/537.36" 
114.119.140.174 - - [26/Oct/2022:05:23:51 -0700] "GET /self.logs/access.log.2018-01-05.gz HTTP/1.1" 200 25398 "-" "Mozilla/5.0 (compatible;PetalBot;+https://webmaster.petalsearch.com/site/petalbot)" 
133.18.201.197 - - [26/Oct/2022:05:28:52 -0700] "GET / HTTP/1.1" 200 13186 "-" "Mozilla/5.0 (Macintosh; Intel Mac OS X 10_10_3) AppleWebKit/537.36 (KHTML, like Gecko) Chrome/42.0.2311.90 Safari/537.36" 
133.18.201.197 - - [26/Oct/2022:05:29:07 -0700] "GET /Datasets+Description/Network/dhcp.html HTTP/1.1" 404 328 "-" "Mozilla/5.0 (Macintosh; Intel Mac OS X 10_10_3) AppleWebKit/537.36 (KHTML, like Gecko) Chrome/42.0.2311.90 Safari/537.36" 
133.18.201.197 - - [26/Oct/2022:05:29:22 -0700] "GET /Datasets+Description/HTML_Bro_log_1 HTTP/1.1" 404 328 "-" "Mozilla/5.0 (Macintosh; Intel Mac OS X 10_10_3) AppleWebKit/537.36 (KHTML, like Gecko) Chrome/42.0.2311.90 Safari/537.36" 
133.18.201.197 - - [26/Oct/2022:05:29:37 -0700] "GET /Datasets+Description/Network/notice.html HTTP/1.1" 404 328 "-" "Mozilla/5.0 (Macintosh; Intel Mac OS X 10_10_3) AppleWebKit/537.36 (KHTML, like Gecko) Chrome/42.0.2311.90 Safari/537.36" 
133.18.201.197 - - [26/Oct/2022:05:29:51 -0700] "GET /Datasets+Description/Network/smtp.html HTTP/1.1" 404 328 "-" "Mozilla/5.0 (Macintosh; Intel Mac OS X 10_10_3) AppleWebKit/537.36 (KHTML, like Gecko) Chrome/42.0.2311.90 Safari/537.36" 
133.18.201.197 - - [26/Oct/2022:05:30:06 -0700] "GET /tg/a.zip HTTP/1.1" 200 67160 "-" "Mozilla/5.0 (Macintosh; Intel Mac OS X 10_10_3) AppleWebKit/537.36 (KHTML, like Gecko) Chrome/42.0.2311.90 Safari/537.36" 
133.18.201.197 - - [26/Oct/2022:05:30:22 -0700] "GET /Datasets+Description/PE_malware/OPCleaver.html HTTP/1.1" 404 328 "-" "Mozilla/5.0 (Macintosh; Intel Mac OS X 10_10_3) AppleWebKit/537.36 (KHTML, like Gecko) Chrome/42.0.2311.90 Safari/537.36" 
133.18.201.197 - - [26/Oct/2022:05:30:37 -0700] "GET /Datasets+Description/Network/files.html HTTP/1.1" 404 328 "-" "Mozilla/5.0 (Macintosh; Intel Mac OS X 10_10_3) AppleWebKit/537.36 (KHTML, like Gecko) Chrome/42.0.2311.90 Safari/537.36" 
64.124.8.38 - - [26/Oct/2022:05:30:40 -0700] "GET /Datasets%20Description/Network/weird.html HTTP/1.1" 200 1645 "-" "Mozilla/5.0 (X11; Linux x86_64) AppleWebKit/537.36 (KHTML, like Gecko) Chrome/61.0.3163.79 Safari/537.36" 
133.18.201.197 - - [26/Oct/2022:05:30:51 -0700] "GET /maccdc2012/maccdc2012_full_alert.7z HTTP/1.1" 200 99280 "-" "Mozilla/5.0 (Macintosh; Intel Mac OS X 10_10_3) AppleWebKit/537.36 (KHTML, like Gecko) Chrome/42.0.2311.90 Safari/537.36" 
133.18.201.197 - - [26/Oct/2022:05:31:07 -0700] "GET /Datasets+Description/Network/http.html HTTP/1.1" 404 328 "-" "Mozilla/5.0 (Macintosh; Intel Mac OS X 10_10_3) AppleWebKit/537.36 (KHTML, like Gecko) Chrome/42.0.2311.90 Safari/537.36" 
133.18.201.197 - - [26/Oct/2022:05:31:22 -0700] "GET /maccdc2012/files.log.gz HTTP/1.1" 200 55480 "-" "Mozilla/5.0 (Macintosh; Intel Mac OS X 10_10_3) AppleWebKit/537.36 (KHTML, like Gecko) Chrome/42.0.2311.90 Safari/537.36" 
64.124.8.38 - - [26/Oct/2022:05:31:25 -0700] "GET /Datasets%20Description/Network/smtp.html HTTP/1.1" 200 1637 "-" "Mozilla/5.0 (X11; Linux x86_64) AppleWebKit/537.36 (KHTML, like Gecko) Chrome/61.0.3163.79 Safari/537.36" 
64.124.8.38 - - [26/Oct/2022:05:31:35 -0700] "GET /Datasets%20Description/Network/ftp.html HTTP/1.1" 200 1530 "-" "Mozilla/5.0 (X11; Linux x86_64) AppleWebKit/537.36 (KHTML, like Gecko) Chrome/61.0.3163.79 Safari/537.36" 
133.18.201.197 - - [26/Oct/2022:05:31:36 -0700] "GET /maccdc2012/dhcp.log.gz HTTP/1.1" 200 44977 "-" "Mozilla/5.0 (Macintosh; Intel Mac OS X 10_10_3) AppleWebKit/537.36 (KHTML, like Gecko) Chrome/42.0.2311.90 Safari/537.36" 
133.18.201.197 - - [26/Oct/2022:05:31:52 -0700] "GET / HTTP/1.1" 301 475 "-" "Mozilla/5.0 (Macintosh; Intel Mac OS X 10_10_3) AppleWebKit/537.36 (KHTML, like Gecko) Chrome/42.0.2311.90 Safari/537.36" 
133.18.201.197 - - [26/Oct/2022:05:31:52 -0700] "GET / HTTP/1.1" 200 13186 "-" "Mozilla/5.0 (Macintosh; Intel Mac OS X 10_10_3) AppleWebKit/537.36 (KHTML, like Gecko) Chrome/42.0.2311.90 Safari/537.36" 
64.124.8.38 - - [26/Oct/2022:05:31:52 -0700] "GET /Datasets%20Description/Network/http.html HTTP/1.1" 200 1709 "-" "Mozilla/5.0 (X11; Linux x86_64) AppleWebKit/537.36 (KHTML, like Gecko) Chrome/61.0.3163.79 Safari/537.36" 
133.18.201.197 - - [26/Oct/2022:05:32:06 -0700] "GET /honeypot/BSidesDFW+-+2014.ipynb HTTP/1.1" 404 328 "-" "Mozilla/5.0 (Macintosh; Intel Mac OS X 10_10_3) AppleWebKit/537.36 (KHTML, like Gecko) Chrome/42.0.2311.90 Safari/537.36" 
133.18.201.197 - - [26/Oct/2022:05:32:22 -0700] "GET /maccdc2012/ssh.log.gz HTTP/1.1" 200 55480 "-" "Mozilla/5.0 (Macintosh; Intel Mac OS X 10_10_3) AppleWebKit/537.36 (KHTML, like Gecko) Chrome/42.0.2311.90 Safari/537.36" 
133.18.201.197 - - [26/Oct/2022:05:32:37 -0700] "GET /Datasets+Description/Network/dns.html HTTP/1.1" 404 328 "-" "Mozilla/5.0 (Macintosh; Intel Mac OS X 10_10_3) AppleWebKit/537.36 (KHTML, like Gecko) Chrome/42.0.2311.90 Safari/537.36" 
133.18.201.197 - - [26/Oct/2022:05:32:51 -0700] "GET /Datasets+Description/HTML_Bro_log_2 HTTP/1.1" 404 328 "-" "Mozilla/5.0 (Macintosh; Intel Mac OS X 10_10_3) AppleWebKit/537.36 (KHTML, like Gecko) Chrome/42.0.2311.90 Safari/537.36" 
133.18.201.197 - - [26/Oct/2022:05:33:07 -0700] "GET /honeypot/Honeypot+-+Howto.pdf HTTP/1.1" 404 328 "-" "Mozilla/5.0 (Macintosh; Intel Mac OS X 10_10_3) AppleWebKit/537.36 (KHTML, like Gecko) Chrome/42.0.2311.90 Safari/537.36" 
133.18.201.197 - - [26/Oct/2022:05:33:22 -0700] "GET /maccdc2012/smtp.log.gz HTTP/1.1" 200 6956 "-" "Mozilla/5.0 (Macintosh; Intel Mac OS X 10_10_3) AppleWebKit/537.36 (KHTML, like Gecko) Chrome/42.0.2311.90 Safari/537.36" 
133.18.201.197 - - [26/Oct/2022:05:33:36 -0700] "GET /Datasets+Description/Network/ftp.html HTTP/1.1" 404 328 "-" "Mozilla/5.0 (Macintosh; Intel Mac OS X 10_10_3) AppleWebKit/537.36 (KHTML, like Gecko) Chrome/42.0.2311.90 Safari/537.36" 
133.18.201.197 - - [26/Oct/2022:05:33:51 -0700] "GET /Datasets+Description/Network/tunnel.html HTTP/1.1" 404 328 "-" "Mozilla/5.0 (Macintosh; Intel Mac OS X 10_10_3) AppleWebKit/537.36 (KHTML, like Gecko) Chrome/42.0.2311.90 Safari/537.36" 
133.18.201.197 - - [26/Oct/2022:05:34:07 -0700] "GET /Datasets+Description/Network/signatures.html HTTP/1.1" 404 328 "-" "Mozilla/5.0 (Macintosh; Intel Mac OS X 10_10_3) AppleWebKit/537.36 (KHTML, like Gecko) Chrome/42.0.2311.90 Safari/537.36" 
133.18.201.197 - - [26/Oct/2022:05:34:22 -0700] "GET /tg/b.zip HTTP/1.1" 200 58400 "-" "Mozilla/5.0 (Macintosh; Intel Mac OS X 10_10_3) AppleWebKit/537.36 (KHTML, like Gecko) Chrome/42.0.2311.90 Safari/537.36" 
133.18.201.197 - - [26/Oct/2022:05:34:37 -0700] "GET /maccdc2012/ftp.log.gz HTTP/1.1" 200 55480 "-" "Mozilla/5.0 (Macintosh; Intel Mac OS X 10_10_3) AppleWebKit/537.36 (KHTML, like Gecko) Chrome/42.0.2311.90 Safari/537.36" 
133.18.201.197 - - [26/Oct/2022:05:34:51 -0700] "GET /tg/c.zip HTTP/1.1" 200 70080 "-" "Mozilla/5.0 (Macintosh; Intel Mac OS X 10_10_3) AppleWebKit/537.36 (KHTML, like Gecko) Chrome/42.0.2311.90 Safari/537.36" 
114.119.149.222 - - [26/Oct/2022:05:34:57 -0700] "GET /self.logs/2015/error.log.2015-11-29.gz HTTP/1.1" 200 723 "-" "Mozilla/5.0 (compatible;PetalBot;+https://webmaster.petalsearch.com/site/petalbot)" 
133.18.201.197 - - [26/Oct/2022:05:35:06 -0700] "GET /tg/tg_snort_full.7z HTTP/1.1" 200 70080 "-" "Mozilla/5.0 (Macintosh; Intel Mac OS X 10_10_3) AppleWebKit/537.36 (KHTML, like Gecko) Chrome/42.0.2311.90 Safari/537.36" 
133.18.201.197 - - [26/Oct/2022:05:35:22 -0700] "GET /auth.log/auth.log.gz HTTP/1.1" 200 67160 "-" "Mozilla/5.0 (Macintosh; Intel Mac OS X 10_10_3) AppleWebKit/537.36 (KHTML, like Gecko) Chrome/42.0.2311.90 Safari/537.36" 
133.18.201.197 - - [26/Oct/2022:05:35:36 -0700] "GET /squid/access.log.gz HTTP/1.1" 200 99280 "-" "Mozilla/5.0 (Macintosh; Intel Mac OS X 10_10_3) AppleWebKit/537.36 (KHTML, like Gecko) Chrome/42.0.2311.90 Safari/537.36" 
133.18.201.197 - - [26/Oct/2022:05:35:52 -0700] "GET /maccdc2012/conn.log.gz HTTP/1.1" 200 67160 "-" "Mozilla/5.0 (Macintosh; Intel Mac OS X 10_10_3) AppleWebKit/537.36 (KHTML, like Gecko) Chrome/42.0.2311.90 Safari/537.36" 
133.18.201.197 - - [26/Oct/2022:05:36:06 -0700] "GET /pe_static/zeus.zip HTTP/1.1" 200 67160 "-" "Mozilla/5.0 (Macintosh; Intel Mac OS X 10_10_3) AppleWebKit/537.36 (KHTML, like Gecko) Chrome/42.0.2311.90 Safari/537.36" 
133.18.201.197 - - [26/Oct/2022:05:36:21 -0700] "GET /honeypot/Honeypot+-+Howto+-+BSides+Austin.pdf HTTP/1.1" 404 328 "-" "Mozilla/5.0 (Macintosh; Intel Mac OS X 10_10_3) AppleWebKit/537.36 (KHTML, like Gecko) Chrome/42.0.2311.90 Safari/537.36" 
133.18.201.197 - - [26/Oct/2022:05:36:37 -0700] "GET /Security-Data-Analysis/Lab_1/conn.log.zip HTTP/1.1" 200 55480 "-" "Mozilla/5.0 (Macintosh; Intel Mac OS X 10_10_3) AppleWebKit/537.36 (KHTML, like Gecko) Chrome/42.0.2311.90 Safari/537.36" 
133.18.201.197 - - [26/Oct/2022:05:36:51 -0700] "GET /maccdc2012/dns.log.gz HTTP/1.1" 200 58400 "-" "Mozilla/5.0 (Macintosh; Intel Mac OS X 10_10_3) AppleWebKit/537.36 (KHTML, like Gecko) Chrome/42.0.2311.90 Safari/537.36" 
133.18.201.197 - - [26/Oct/2022:05:37:06 -0700] "GET /maccdc2012/weird.log.gz HTTP/1.1" 200 55480 "-" "Mozilla/5.0 (Macintosh; Intel Mac OS X 10_10_3) AppleWebKit/537.36 (KHTML, like Gecko) Chrome/42.0.2311.90 Safari/537.36" 
133.18.201.197 - - [26/Oct/2022:05:37:22 -0700] "GET /pe_static/apt1.zip HTTP/1.1" 200 67160 "-" "Mozilla/5.0 (Macintosh; Intel Mac OS X 10_10_3) AppleWebKit/537.36 (KHTML, like Gecko) Chrome/42.0.2311.90 Safari/537.36" 
133.18.201.197 - - [26/Oct/2022:05:37:36 -0700] "GET /self.logs/ HTTP/1.1" 200 39243 "-" "Mozilla/5.0 (Macintosh; Intel Mac OS X 10_10_3) AppleWebKit/537.36 (KHTML, like Gecko) Chrome/42.0.2311.90 Safari/537.36" 
47.104.82.205 - - [26/Oct/2022:05:37:51 -0700] "GET /d/js/acmsd/ecms_dialog.js HTTP/1.1" 404 328 "http://www.secrepo.com/d/js/acmsd/ecms_dialog.js" "Mozilla/5.0 (compatible; MSIE 9.0; Windows NT 6.1; Win64; x64; Trident/5.0)" 
133.18.201.197 - - [26/Oct/2022:05:37:52 -0700] "GET /self.logs/access.log.2017-01-26.gz HTTP/1.1" 200 24073 "-" "Mozilla/5.0 (Macintosh; Intel Mac OS X 10_10_3) AppleWebKit/537.36 (KHTML, like Gecko) Chrome/42.0.2311.90 Safari/537.36" 
133.18.201.197 - - [26/Oct/2022:05:38:07 -0700] "GET /self.logs/access.log.2017-02-10.gz HTTP/1.1" 200 36568 "-" "Mozilla/5.0 (Macintosh; Intel Mac OS X 10_10_3) AppleWebKit/537.36 (KHTML, like Gecko) Chrome/42.0.2311.90 Safari/537.36" 
64.124.8.38 - - [26/Oct/2022:05:38:18 -0700] "GET /Datasets%20Description/Network/ssh.html HTTP/1.1" 200 1368 "-" "Mozilla/5.0 (X11; Linux x86_64) AppleWebKit/537.36 (KHTML, like Gecko) Chrome/61.0.3163.79 Safari/537.36" 
133.18.201.197 - - [26/Oct/2022:05:38:21 -0700] "GET /self.logs/access.log.2017-01-16.gz HTTP/1.1" 200 43085 "-" "Mozilla/5.0 (Macintosh; Intel Mac OS X 10_10_3) AppleWebKit/537.36 (KHTML, like Gecko) Chrome/42.0.2311.90 Safari/537.36" 
133.18.201.197 - - [26/Oct/2022:05:38:37 -0700] "GET /self.logs/access.log.2017-01-17.gz HTTP/1.1" 200 18493 "-" "Mozilla/5.0 (Macintosh; Intel Mac OS X 10_10_3) AppleWebKit/537.36 (KHTML, like Gecko) Chrome/42.0.2311.90 Safari/537.36" 
133.18.201.197 - - [26/Oct/2022:05:38:52 -0700] "GET /self.logs/access.log.2017-01-29.gz HTTP/1.1" 200 31408 "-" "Mozilla/5.0 (Macintosh; Intel Mac OS X 10_10_3) AppleWebKit/537.36 (KHTML, like Gecko) Chrome/42.0.2311.90 Safari/537.36" 
133.18.201.197 - - [26/Oct/2022:05:39:07 -0700] "GET /self.logs/access.log.2017-01-06.gz HTTP/1.1" 200 20623 "-" "Mozilla/5.0 (Macintosh; Intel Mac OS X 10_10_3) AppleWebKit/537.36 (KHTML, like Gecko) Chrome/42.0.2311.90 Safari/537.36" 
64.124.8.38 - - [26/Oct/2022:05:39:15 -0700] "GET /Datasets%20Description/Network/ssl.html HTTP/1.1" 200 1585 "-" "Mozilla/5.0 (X11; Linux x86_64) AppleWebKit/537.36 (KHTML, like Gecko) Chrome/61.0.3163.79 Safari/537.36" 
133.18.201.197 - - [26/Oct/2022:05:39:22 -0700] "GET /self.logs/access.log.2017-02-07.gz HTTP/1.1" 200 19974 "-" "Mozilla/5.0 (Macintosh; Intel Mac OS X 10_10_3) AppleWebKit/537.36 (KHTML, like Gecko) Chrome/42.0.2311.90 Safari/537.36" 
133.18.201.197 - - [26/Oct/2022:05:39:37 -0700] "GET /self.logs/access.log.2017-01-08.gz HTTP/1.1" 200 14947 "-" "Mozilla/5.0 (Macintosh; Intel Mac OS X 10_10_3) AppleWebKit/537.36 (KHTML, like Gecko) Chrome/42.0.2311.90 Safari/537.36" 
133.18.201.197 - - [26/Oct/2022:05:39:52 -0700] "GET /self.logs/access.log.2017-01-25.gz HTTP/1.1" 200 19179 "-" "Mozilla/5.0 (Macintosh; Intel Mac OS X 10_10_3) AppleWebKit/537.36 (KHTML, like Gecko) Chrome/42.0.2311.90 Safari/537.36" 
133.18.201.197 - - [26/Oct/2022:05:40:07 -0700] "GET /self.logs/access.log.2017-01-23.gz HTTP/1.1" 200 45700 "-" "Mozilla/5.0 (Macintosh; Intel Mac OS X 10_10_3) AppleWebKit/537.36 (KHTML, like Gecko) Chrome/42.0.2311.90 Safari/537.36" 
133.18.201.197 - - [26/Oct/2022:05:40:22 -0700] "GET / HTTP/1.1" 200 13186 "-" "Mozilla/5.0 (Macintosh; Intel Mac OS X 10_10_3) AppleWebKit/537.36 (KHTML, like Gecko) Chrome/42.0.2311.90 Safari/537.36" 
64.124.8.38 - - [26/Oct/2022:05:40:26 -0700] "GET /Datasets%20Description/HTML_Bro_log_1 HTTP/1.1" 301 619 "-" "Mozilla/5.0 (X11; Linux x86_64) AppleWebKit/537.36 (KHTML, like Gecko) Chrome/61.0.3163.79 Safari/537.36" 
64.124.8.38 - - [26/Oct/2022:05:40:26 -0700] "GET /Datasets%20Description/HTML_Bro_log_1/ HTTP/1.1" 200 811 "-" "Mozilla/5.0 (X11; Linux x86_64) AppleWebKit/537.36 (KHTML, like Gecko) Chrome/61.0.3163.79 Safari/537.36" 
133.18.201.197 - - [26/Oct/2022:05:40:37 -0700] "GET /self.logs/access.log.2017-01-21.gz HTTP/1.1" 200 19644 "-" "Mozilla/5.0 (Macintosh; Intel Mac OS X 10_10_3) AppleWebKit/537.36 (KHTML, like Gecko) Chrome/42.0.2311.90 Safari/537.36" 
133.18.201.197 - - [26/Oct/2022:05:40:51 -0700] "GET /self.logs/access.log.2017-01-19.gz HTTP/1.1" 200 18386 "-" "Mozilla/5.0 (Macintosh; Intel Mac OS X 10_10_3) AppleWebKit/537.36 (KHTML, like Gecko) Chrome/42.0.2311.90 Safari/537.36" 
133.18.201.197 - - [26/Oct/2022:05:41:07 -0700] "GET /self.logs/access.log.2017-02-08.gz HTTP/1.1" 200 31299 "-" "Mozilla/5.0 (Macintosh; Intel Mac OS X 10_10_3) AppleWebKit/537.36 (KHTML, like Gecko) Chrome/42.0.2311.90 Safari/537.36" 
133.18.201.197 - - [26/Oct/2022:05:41:21 -0700] "GET /self.logs/2015/ HTTP/1.1" 200 7621 "-" "Mozilla/5.0 (Macintosh; Intel Mac OS X 10_10_3) AppleWebKit/537.36 (KHTML, like Gecko) Chrome/42.0.2311.90 Safari/537.36" 
133.18.201.197 - - [26/Oct/2022:05:41:37 -0700] "GET /self.logs/access.log.2017-01-30.gz HTTP/1.1" 200 29784 "-" "Mozilla/5.0 (Macintosh; Intel Mac OS X 10_10_3) AppleWebKit/537.36 (KHTML, like Gecko) Chrome/42.0.2311.90 Safari/537.36" 
51.222.253.1 - - [26/Oct/2022:05:41:45 -0700] "GET /Datasets%20Description/Network/weird.html HTTP/1.1" 200 1601 "-" "Mozilla/5.0 (compatible; AhrefsBot/7.0; +http://ahrefs.com/robot/)" 
133.18.201.197 - - [26/Oct/2022:05:41:52 -0700] "GET /self.logs/access.log.2017-01-20.gz HTTP/1.1" 200 13014 "-" "Mozilla/5.0 (Macintosh; Intel Mac OS X 10_10_3) AppleWebKit/537.36 (KHTML, like Gecko) Chrome/42.0.2311.90 Safari/537.36" 
133.18.201.197 - - [26/Oct/2022:05:42:07 -0700] "GET /self.logs/access.log.2017-01-24.gz HTTP/1.1" 200 17113 "-" "Mozilla/5.0 (Macintosh; Intel Mac OS X 10_10_3) AppleWebKit/537.36 (KHTML, like Gecko) Chrome/42.0.2311.90 Safari/537.36" 
133.18.201.197 - - [26/Oct/2022:05:42:20 -0700] "GET /self.logs/access.log.2017-01-12.gz HTTP/1.1" 200 55480 "-" "Mozilla/5.0 (Macintosh; Intel Mac OS X 10_10_3) AppleWebKit/537.36 (KHTML, like Gecko) Chrome/42.0.2311.90 Safari/537.36" 
133.18.201.197 - - [26/Oct/2022:05:42:37 -0700] "GET /self.logs/access.log.2017-01-11.gz HTTP/1.1" 200 67160 "-" "Mozilla/5.0 (Macintosh; Intel Mac OS X 10_10_3) AppleWebKit/537.36 (KHTML, like Gecko) Chrome/42.0.2311.90 Safari/537.36" 
207.46.13.208 - - [26/Oct/2022:05:42:46 -0700] "GET /self.logs/ HTTP/1.1" 200 39243 "-" "Mozilla/5.0 AppleWebKit/537.36 (KHTML, like Gecko; compatible; bingbot/2.0; +http://www.bing.com/bingbot.htm) Chrome/103.0.5060.134 Safari/537.36" 
133.18.201.197 - - [26/Oct/2022:05:42:52 -0700] "GET /self.logs/access.log.2017-02-04.gz HTTP/1.1" 200 13302 "-" "Mozilla/5.0 (Macintosh; Intel Mac OS X 10_10_3) AppleWebKit/537.36 (KHTML, like Gecko) Chrome/42.0.2311.90 Safari/537.36" 
133.18.201.197 - - [26/Oct/2022:05:43:05 -0700] "GET /domaindata/domainmovement.zip HTTP/1.1" 200 67160 "-" "Mozilla/5.0 (Macintosh; Intel Mac OS X 10_10_3) AppleWebKit/537.36 (KHTML, like Gecko) Chrome/42.0.2311.90 Safari/537.36" 
133.18.201.197 - - [26/Oct/2022:05:43:21 -0700] "GET /honeypot/honeypot.json.zip HTTP/1.1" 200 67160 "-" "Mozilla/5.0 (Macintosh; Intel Mac OS X 10_10_3) AppleWebKit/537.36 (KHTML, like Gecko) Chrome/42.0.2311.90 Safari/537.36" 
133.18.201.197 - - [26/Oct/2022:05:43:35 -0700] "GET /Datasets+Description/Network/weird.html HTTP/1.1" 404 328 "-" "Mozilla/5.0 (Macintosh; Intel Mac OS X 10_10_3) AppleWebKit/537.36 (KHTML, like Gecko) Chrome/42.0.2311.90 Safari/537.36" 
133.18.201.197 - - [26/Oct/2022:05:43:50 -0700] "GET /maccdc2012/http.log.gz HTTP/1.1" 200 55480 "-" "Mozilla/5.0 (Macintosh; Intel Mac OS X 10_10_3) AppleWebKit/537.36 (KHTML, like Gecko) Chrome/42.0.2311.90 Safari/537.36" 
133.18.201.197 - - [26/Oct/2022:05:44:05 -0700] "GET /Datasets+Description/HTML_Bro_log_3 HTTP/1.1" 404 328 "-" "Mozilla/5.0 (Macintosh; Intel Mac OS X 10_10_3) AppleWebKit/537.36 (KHTML, like Gecko) Chrome/42.0.2311.90 Safari/537.36" 
133.18.201.197 - - [26/Oct/2022:05:44:20 -0700] "GET /Datasets+Description/Network/ssh.html HTTP/1.1" 404 328 "-" "Mozilla/5.0 (Macintosh; Intel Mac OS X 10_10_3) AppleWebKit/537.36 (KHTML, like Gecko) Chrome/42.0.2311.90 Safari/537.36" 
133.18.201.197 - - [26/Oct/2022:05:44:35 -0700] "GET /self.logs/access.log.2017-02-11.gz HTTP/1.1" 200 35650 "-" "Mozilla/5.0 (Macintosh; Intel Mac OS X 10_10_3) AppleWebKit/537.36 (KHTML, like Gecko) Chrome/42.0.2311.90 Safari/537.36" 
133.18.201.197 - - [26/Oct/2022:05:44:50 -0700] "GET /self.logs/access.log.2017-01-27.gz HTTP/1.1" 200 18293 "-" "Mozilla/5.0 (Macintosh; Intel Mac OS X 10_10_3) AppleWebKit/537.36 (KHTML, like Gecko) Chrome/42.0.2311.90 Safari/537.36" 
133.18.201.197 - - [26/Oct/2022:05:45:06 -0700] "GET /self.logs/access.log.2017-02-02.gz HTTP/1.1" 200 24057 "-" "Mozilla/5.0 (Macintosh; Intel Mac OS X 10_10_3) AppleWebKit/537.36 (KHTML, like Gecko) Chrome/42.0.2311.90 Safari/537.36" 
133.18.201.197 - - [26/Oct/2022:05:45:20 -0700] "GET /self.logs/access.log.2017-02-03.gz HTTP/1.1" 200 16328 "-" "Mozilla/5.0 (Macintosh; Intel Mac OS X 10_10_3) AppleWebKit/537.36 (KHTML, like Gecko) Chrome/42.0.2311.90 Safari/537.36" 
133.18.201.197 - - [26/Oct/2022:05:45:35 -0700] "GET /self.logs/access.log.2017-01-05.gz HTTP/1.1" 200 42710 "-" "Mozilla/5.0 (Macintosh; Intel Mac OS X 10_10_3) AppleWebKit/537.36 (KHTML, like Gecko) Chrome/42.0.2311.90 Safari/537.36" 
133.18.201.197 - - [26/Oct/2022:05:45:51 -0700] "GET /Datasets+Description/PE_malware/Zeus.html HTTP/1.1" 404 328 "-" "Mozilla/5.0 (Macintosh; Intel Mac OS X 10_10_3) AppleWebKit/537.36 (KHTML, like Gecko) Chrome/42.0.2311.90 Safari/537.36" 
133.18.201.197 - - [26/Oct/2022:05:46:05 -0700] "GET /self.logs/access.log.2017-01-01.gz HTTP/1.1" 200 17678 "-" "Mozilla/5.0 (Macintosh; Intel Mac OS X 10_10_3) AppleWebKit/537.36 (KHTML, like Gecko) Chrome/42.0.2311.90 Safari/537.36" 
133.18.201.197 - - [26/Oct/2022:05:46:22 -0700] "GET /self.logs/access.log.2017-01-13.gz HTTP/1.1" 200 16704 "-" "Mozilla/5.0 (Macintosh; Intel Mac OS X 10_10_3) AppleWebKit/537.36 (KHTML, like Gecko) Chrome/42.0.2311.90 Safari/537.36" 
133.18.201.197 - - [26/Oct/2022:05:46:35 -0700] "GET /maccdc2012/signatures.log.gz HTTP/1.1" 200 668 "-" "Mozilla/5.0 (Macintosh; Intel Mac OS X 10_10_3) AppleWebKit/537.36 (KHTML, like Gecko) Chrome/42.0.2311.90 Safari/537.36" 
133.18.201.197 - - [26/Oct/2022:05:46:50 -0700] "GET /self.logs/access.log.2017-01-10.gz HTTP/1.1" 200 58400 "-" "Mozilla/5.0 (Macintosh; Intel Mac OS X 10_10_3) AppleWebKit/537.36 (KHTML, like Gecko) Chrome/42.0.2311.90 Safari/537.36" 
133.18.201.197 - - [26/Oct/2022:05:47:06 -0700] "GET /maccdc2012/notice.log.gz HTTP/1.1" 200 20797 "-" "Mozilla/5.0 (Macintosh; Intel Mac OS X 10_10_3) AppleWebKit/537.36 (KHTML, like Gecko) Chrome/42.0.2311.90 Safari/537.36" 
133.18.201.197 - - [26/Oct/2022:05:47:21 -0700] "GET /self.logs/access.log.2017-01-07.gz HTTP/1.1" 200 17319 "-" "Mozilla/5.0 (Macintosh; Intel Mac OS X 10_10_3) AppleWebKit/537.36 (KHTML, like Gecko) Chrome/42.0.2311.90 Safari/537.36" 
133.18.201.197 - - [26/Oct/2022:05:47:37 -0700] "GET /self.logs/access.log.2017-02-13.gz HTTP/1.1" 200 25533 "-" "Mozilla/5.0 (Macintosh; Intel Mac OS X 10_10_3) AppleWebKit/537.36 (KHTML, like Gecko) Chrome/42.0.2311.90 Safari/537.36" 
133.18.201.197 - - [26/Oct/2022:05:47:50 -0700] "GET /self.logs/2016/ HTTP/1.1" 200 7860 "-" "Mozilla/5.0 (Macintosh; Intel Mac OS X 10_10_3) AppleWebKit/537.36 (KHTML, like Gecko) Chrome/42.0.2311.90 Safari/537.36" 
133.18.201.197 - - [26/Oct/2022:05:48:05 -0700] "GET /self.logs/access.log.2017-02-05.gz HTTP/1.1" 200 17996 "-" "Mozilla/5.0 (Macintosh; Intel Mac OS X 10_10_3) AppleWebKit/537.36 (KHTML, like Gecko) Chrome/42.0.2311.90 Safari/537.36" 
133.18.201.197 - - [26/Oct/2022:05:48:20 -0700] "GET /self.logs/access.log.2017-02-06.gz HTTP/1.1" 200 30110 "-" "Mozilla/5.0 (Macintosh; Intel Mac OS X 10_10_3) AppleWebKit/537.36 (KHTML, like Gecko) Chrome/42.0.2311.90 Safari/537.36" 
133.18.201.197 - - [26/Oct/2022:05:48:35 -0700] "GET /self.logs/access.log.2017-01-22.gz HTTP/1.1" 200 12465 "-" "Mozilla/5.0 (Macintosh; Intel Mac OS X 10_10_3) AppleWebKit/537.36 (KHTML, like Gecko) Chrome/42.0.2311.90 Safari/537.36" 
133.18.201.197 - - [26/Oct/2022:05:48:51 -0700] "GET /Datasets+Description/Network/ssl.html HTTP/1.1" 404 328 "-" "Mozilla/5.0 (Macintosh; Intel Mac OS X 10_10_3) AppleWebKit/537.36 (KHTML, like Gecko) Chrome/42.0.2311.90 Safari/537.36" 
133.18.201.197 - - [26/Oct/2022:05:49:05 -0700] "GET /self.logs/access.log.2017-01-04.gz HTTP/1.1" 200 33864 "-" "Mozilla/5.0 (Macintosh; Intel Mac OS X 10_10_3) AppleWebKit/537.36 (KHTML, like Gecko) Chrome/42.0.2311.90 Safari/537.36" 
133.18.201.197 - - [26/Oct/2022:05:49:20 -0700] "GET /maccdc2012/ssl.log.gz HTTP/1.1" 200 67160 "-" "Mozilla/5.0 (Macintosh; Intel Mac OS X 10_10_3) AppleWebKit/537.36 (KHTML, like Gecko) Chrome/42.0.2311.90 Safari/537.36" 
133.18.201.197 - - [26/Oct/2022:05:49:35 -0700] "GET /maccdc2012/tunnel.log.gz HTTP/1.1" 200 5282 "-" "Mozilla/5.0 (Macintosh; Intel Mac OS X 10_10_3) AppleWebKit/537.36 (KHTML, like Gecko) Chrome/42.0.2311.90 Safari/537.36" 
133.18.201.197 - - [26/Oct/2022:05:49:51 -0700] "GET /self.logs/access.log.2017-01-03.gz HTTP/1.1" 200 41164 "-" "Mozilla/5.0 (Macintosh; Intel Mac OS X 10_10_3) AppleWebKit/537.36 (KHTML, like Gecko) Chrome/42.0.2311.90 Safari/537.36" 
133.18.201.197 - - [26/Oct/2022:05:50:05 -0700] "GET /self.logs/access.log.2017-01-28.gz HTTP/1.1" 200 17589 "-" "Mozilla/5.0 (Macintosh; Intel Mac OS X 10_10_3) AppleWebKit/537.36 (KHTML, like Gecko) Chrome/42.0.2311.90 Safari/537.36" 
133.18.201.197 - - [26/Oct/2022:05:50:20 -0700] "GET /self.logs/access.log.2017-02-09.gz HTTP/1.1" 200 22853 "-" "Mozilla/5.0 (Macintosh; Intel Mac OS X 10_10_3) AppleWebKit/537.36 (KHTML, like Gecko) Chrome/42.0.2311.90 Safari/537.36" 
133.18.201.197 - - [26/Oct/2022:05:50:35 -0700] "GET /maccdc2012/maccdc2012_fast_alert.7z HTTP/1.1" 200 102200 "-" "Mozilla/5.0 (Macintosh; Intel Mac OS X 10_10_3) AppleWebKit/537.36 (KHTML, like Gecko) Chrome/42.0.2311.90 Safari/537.36" 
133.18.201.197 - - [26/Oct/2022:05:50:50 -0700] "GET /self.logs/access.log.2017-01-02.gz HTTP/1.1" 200 26829 "-" "Mozilla/5.0 (Macintosh; Intel Mac OS X 10_10_3) AppleWebKit/537.36 (KHTML, like Gecko) Chrome/42.0.2311.90 Safari/537.36" 
133.18.201.197 - - [26/Oct/2022:05:51:05 -0700] "GET /self.logs/access.log.2017-01-14.gz HTTP/1.1" 200 10857 "-" "Mozilla/5.0 (Macintosh; Intel Mac OS X 10_10_3) AppleWebKit/537.36 (KHTML, like Gecko) Chrome/42.0.2311.90 Safari/537.36" 
133.18.201.197 - - [26/Oct/2022:05:51:20 -0700] "GET /tg/tg_snort_fast.7z HTTP/1.1" 200 55480 "-" "Mozilla/5.0 (Macintosh; Intel Mac OS X 10_10_3) AppleWebKit/537.36 (KHTML, like Gecko) Chrome/42.0.2311.90 Safari/537.36" 
133.18.201.197 - - [26/Oct/2022:05:51:35 -0700] "GET /self.logs/access.log.2017-01-09.gz HTTP/1.1" 200 24963 "-" "Mozilla/5.0 (Macintosh; Intel Mac OS X 10_10_3) AppleWebKit/537.36 (KHTML, like Gecko) Chrome/42.0.2311.90 Safari/537.36" 
133.18.201.197 - - [26/Oct/2022:05:51:51 -0700] "GET /self.logs/access.log.2017-02-12.gz HTTP/1.1" 200 17819 "-" "Mozilla/5.0 (Macintosh; Intel Mac OS X 10_10_3) AppleWebKit/537.36 (KHTML, like Gecko) Chrome/42.0.2311.90 Safari/537.36" 
114.119.149.228 - - [26/Oct/2022:05:51:55 -0700] "GET /self.logs/access.log.2017-06-04.gz HTTP/1.1" 200 25089 "-" "Mozilla/5.0 (compatible;PetalBot;+https://webmaster.petalsearch.com/site/petalbot)" 
133.18.201.197 - - [26/Oct/2022:05:52:05 -0700] "GET /self.logs/access.log.2017-02-01.gz HTTP/1.1" 200 27140 "-" "Mozilla/5.0 (Macintosh; Intel Mac OS X 10_10_3) AppleWebKit/537.36 (KHTML, like Gecko) Chrome/42.0.2311.90 Safari/537.36" 
133.18.201.197 - - [26/Oct/2022:05:52:20 -0700] "GET /pe_static/op-cleaver.zip HTTP/1.1" 200 58400 "-" "Mozilla/5.0 (Macintosh; Intel Mac OS X 10_10_3) AppleWebKit/537.36 (KHTML, like Gecko) Chrome/42.0.2311.90 Safari/537.36" 
133.18.201.197 - - [26/Oct/2022:05:52:37 -0700] "GET /Datasets+Description/PE_malware/VirusShare.html HTTP/1.1" 404 328 "-" "Mozilla/5.0 (Macintosh; Intel Mac OS X 10_10_3) AppleWebKit/537.36 (KHTML, like Gecko) Chrome/42.0.2311.90 Safari/537.36" 
133.18.201.197 - - [26/Oct/2022:05:52:50 -0700] "GET /misc/zeus_dga_domains.txt.zip HTTP/1.1" 200 58400 "-" "Mozilla/5.0 (Macintosh; Intel Mac OS X 10_10_3) AppleWebKit/537.36 (KHTML, like Gecko) Chrome/42.0.2311.90 Safari/537.36" 
133.18.201.197 - - [26/Oct/2022:05:53:05 -0700] "GET /self.logs/access.log.2017-01-18.gz HTTP/1.1" 200 15368 "-" "Mozilla/5.0 (Macintosh; Intel Mac OS X 10_10_3) AppleWebKit/537.36 (KHTML, like Gecko) Chrome/42.0.2311.90 Safari/537.36" 
133.18.201.197 - - [26/Oct/2022:05:53:21 -0700] "GET /self.logs/access.log.2017-01-31.gz HTTP/1.1" 200 19898 "-" "Mozilla/5.0 (Macintosh; Intel Mac OS X 10_10_3) AppleWebKit/537.36 (KHTML, like Gecko) Chrome/42.0.2311.90 Safari/537.36" 
133.18.201.197 - - [26/Oct/2022:05:53:37 -0700] "GET /self.logs/access.log.2017-01-15.gz HTTP/1.1" 200 13746 "-" "Mozilla/5.0 (Macintosh; Intel Mac OS X 10_10_3) AppleWebKit/537.36 (KHTML, like Gecko) Chrome/42.0.2311.90 Safari/537.36" 
51.222.253.20 - - [26/Oct/2022:05:57:05 -0700] "GET /Datasets%20Description/PE_malware/Zeus.html HTTP/1.1" 200 1654 "-" "Mozilla/5.0 (compatible; AhrefsBot/7.0; +http://ahrefs.com/robot/)" 
114.119.145.137 - - [26/Oct/2022:06:03:03 -0700] "GET /self.logs/2015/error.log.2015-08-30.gz HTTP/1.1" 200 701 "-" "Mozilla/5.0 (compatible;PetalBot;+https://webmaster.petalsearch.com/site/petalbot)" 
103.115.25.67 - - [26/Oct/2022:06:04:00 -0700] "GET / HTTP/1.1" 200 13186 "-" "Mozilla/5.0 (Windows NT 10.0; Win64; x64) AppleWebKit/537.36 (KHTML, like Gecko) Chrome/106.0.0.0 Safari/537.36" 
103.115.25.67 - - [26/Oct/2022:06:04:01 -0700] "GET /css/style.css HTTP/1.1" 404 305 "http://www.secrepo.com/" "Mozilla/5.0 (Windows NT 10.0; Win64; x64) AppleWebKit/537.36 (KHTML, like Gecko) Chrome/106.0.0.0 Safari/537.36" 
103.115.25.67 - - [26/Oct/2022:06:04:01 -0700] "GET /twitter-icon.png HTTP/1.1" 200 27916 "http://www.secrepo.com/" "Mozilla/5.0 (Windows NT 10.0; Win64; x64) AppleWebKit/537.36 (KHTML, like Gecko) Chrome/106.0.0.0 Safari/537.36" 
103.115.25.67 - - [26/Oct/2022:06:04:01 -0700] "GET /GitHub-Mark.png HTTP/1.1" 200 7556 "http://www.secrepo.com/" "Mozilla/5.0 (Windows NT 10.0; Win64; x64) AppleWebKit/537.36 (KHTML, like Gecko) Chrome/106.0.0.0 Safari/537.36" 
176.57.209.9 - - [26/Oct/2022:06:06:21 -0700] "GET /wp-commentin.php HTTP/1.1" 301 451 "-" "Mozilla/5.0 (Windows NT 10.0; Win64; x64) AppleWebKit/537.36 (KHTML, like Gecko) Chrome/89.0.4389.114 Safari/537.36" 
176.57.209.9 - - [26/Oct/2022:06:06:22 -0700] "GET /wp-commentin.php HTTP/1.1" 404 284 "-" "Mozilla/5.0 (Windows NT 10.0; Win64; x64) AppleWebKit/537.36 (KHTML, like Gecko) Chrome/89.0.4389.114 Safari/537.36" 
114.119.149.222 - - [26/Oct/2022:06:08:35 -0700] "GET /self.logs/access.log.2018-04-16.gz HTTP/1.1" 200 19812 "-" "Mozilla/5.0 (compatible;PetalBot;+https://webmaster.petalsearch.com/site/petalbot)" 
103.85.84.160 - - [26/Oct/2022:06:09:02 -0700] "GET //fix/Public/Webuploader/server/preview.php HTTP/1.1" 301 557 "-" "Mozilla/5.0 (Windows NT 10.0; WOW64; rv:48.0) Gecko/20100101 Firefox/48.0" 
207.46.13.208 - - [26/Oct/2022:06:09:59 -0700] "GET /self.logs/ HTTP/1.1" 200 39243 "-" "Mozilla/5.0 (compatible; bingbot/2.0; +http://www.bing.com/bingbot.htm)" 
114.119.149.23 - - [26/Oct/2022:06:14:10 -0700] "GET /self.logs/2015/error.log.2015-10-02.gz HTTP/1.1" 200 728 "-" "Mozilla/5.0 (compatible;PetalBot;+https://webmaster.petalsearch.com/site/petalbot)" 
157.55.39.22 - - [26/Oct/2022:06:16:53 -0700] "GET /self.logs/error.log.2017-09-11.gz HTTP/1.1" 200 1300 "-" "Mozilla/5.0 AppleWebKit/537.36 (KHTML, like Gecko; compatible; bingbot/2.0; +http://www.bing.com/bingbot.htm) Chrome/103.0.5060.134 Safari/537.36" 
20.191.45.212 - - [26/Oct/2022:06:26:47 -0700] "GET / HTTP/1.1" 200 13186 "http://www.secrepo.com/" "Mozilla/5.0 (compatible; DuckDuckGo-Favicons-Bot/1.0; +http://duckduckgo.com)" 
20.191.45.212 - - [26/Oct/2022:06:26:47 -0700] "GET /bootstrap/img/favicon.ico HTTP/1.1" 200 690 "http://www.secrepo.com/bootstrap/img/favicon.ico" "Mozilla/5.0 (compatible; DuckDuckGo-Favicons-Bot/1.0; +http://duckduckgo.com)" 
40.77.167.1 - - [26/Oct/2022:06:27:17 -0700] "GET / HTTP/1.1" 301 475 "-" "Mozilla/5.0 AppleWebKit/537.36 (KHTML, like Gecko; compatible; bingbot/2.0; +http://www.bing.com/bingbot.htm) Chrome/103.0.5060.134 Safari/537.36" 
40.77.167.1 - - [26/Oct/2022:06:30:07 -0700] "GET / HTTP/1.1" 200 13186 "-" "Mozilla/5.0 (compatible; bingbot/2.0; +http://www.bing.com/bingbot.htm)" 
114.119.149.23 - - [26/Oct/2022:06:30:46 -0700] "GET /self.logs/access.log.2018-08-31.gz HTTP/1.1" 200 24031 "-" "Mozilla/5.0 (compatible;PetalBot;+https://webmaster.petalsearch.com/site/petalbot)" 
51.222.253.11 - - [26/Oct/2022:06:34:50 -0700] "GET /Datasets%20Description/Network/ssl.html HTTP/1.1" 200 1541 "-" "Mozilla/5.0 (compatible; AhrefsBot/7.0; +http://ahrefs.com/robot/)" 
114.119.149.23 - - [26/Oct/2022:06:36:15 -0700] "GET /self.logs/error.log.2019-12-03.gz HTTP/1.1" 200 1046 "-" "Mozilla/5.0 (compatible;PetalBot;+https://webmaster.petalsearch.com/site/petalbot)" 
116.203.62.31 - - [26/Oct/2022:06:36:25 -0700] "GET /maccdc2012/http.log.gz HTTP/1.1" 200 56420944 "-" "Mozilla/5.0 (Macintosh; Intel Mac OS X 10_11_6) AppleWebKit/537.36 (KHTML, like Gecko) Chrome/83.0.4103.116 Safari/537.36" 
207.46.13.208 - - [26/Oct/2022:06:37:32 -0700] "GET /self.logs/ HTTP/1.1" 200 39243 "-" "Mozilla/5.0 AppleWebKit/537.36 (KHTML, like Gecko; compatible; bingbot/2.0; +http://www.bing.com/bingbot.htm) Chrome/103.0.5060.134 Safari/537.36" 
222.186.42.209 - - [26/Oct/2022:06:39:22 -0700] "GET /data/admin/allowurl.txt HTTP/1.1" 404 328 "-" "Mozilla/5.0 (Windows NT 10.0; WOW64; rv:48.0) Gecko/20100101 Firefox/48.0" 
51.222.253.17 - - [26/Oct/2022:06:42:45 -0700] "GET /Datasets%20Description/Network/ftp.html HTTP/1.1" 200 1486 "-" "Mozilla/5.0 (compatible; AhrefsBot/7.0; +http://ahrefs.com/robot/)" 
218.68.183.164 - - [26/Oct/2022:06:45:25 -0700] "GET /favicon.ico HTTP/1.1" 200 391 "-" "Mozilla/5.0 (Windows NT 10.0; WOW64) AppleWebKit/537.36 (KHTML, like Gecko) Chrome/87.0.4280.66 Safari/537.36 SE 2.X MetaSr 1.0" 
114.119.149.228 - - [26/Oct/2022:06:47:17 -0700] "GET /self.logs/access.log.2020-12-12.gz HTTP/1.1" 200 31075 "-" "Mozilla/5.0 (compatible;PetalBot;+https://webmaster.petalsearch.com/site/petalbot)" 
51.222.253.17 - - [26/Oct/2022:06:51:53 -0700] "GET /Datasets%20Description/Network/dns.html HTTP/1.1" 200 1499 "-" "Mozilla/5.0 (compatible; AhrefsBot/7.0; +http://ahrefs.com/robot/)" 
114.119.149.23 - - [26/Oct/2022:06:58:19 -0700] "GET /self.logs/access.log.2018-11-01.gz HTTP/1.1" 200 21519 "-" "Mozilla/5.0 (compatible;PetalBot;+https://webmaster.petalsearch.com/site/petalbot)" 
134.122.137.48 - - [26/Oct/2022:07:01:14 -0700] "GET /data/admin/allowurl.txt HTTP/1.1" 404 328 "-" "Mozilla/5.0 (Windows NT 10.0; WOW64; rv:48.0) Gecko/20100101 Firefox/48.0" 
51.222.253.2 - - [26/Oct/2022:07:01:51 -0700] "GET /Datasets%20Description/PE_malware/OPCleaver.html HTTP/1.1" 200 1414 "-" "Mozilla/5.0 (compatible; AhrefsBot/7.0; +http://ahrefs.com/robot/)" 
207.46.13.208 - - [26/Oct/2022:07:04:44 -0700] "GET /self.logs/ HTTP/1.1" 200 39243 "-" "Mozilla/5.0 (compatible; bingbot/2.0; +http://www.bing.com/bingbot.htm)" 
114.119.145.137 - - [26/Oct/2022:07:09:19 -0700] "GET /self.logs/error.log.2017-06-19.gz HTTP/1.1" 200 918 "-" "Mozilla/5.0 (compatible;PetalBot;+https://webmaster.petalsearch.com/site/petalbot)" 
51.222.253.6 - - [26/Oct/2022:07:12:25 -0700] "GET /Datasets%20Description/Network/ssh.html HTTP/1.1" 200 1324 "-" "Mozilla/5.0 (compatible; AhrefsBot/7.0; +http://ahrefs.com/robot/)" 
27.150.191.126 - - [26/Oct/2022:07:18:20 -0700] "GET / HTTP/1.1" 200 13186 "-" "Mozilla/5.0 (Windows NT 10.0; Win64; x64) AppleWebKit/537.36 (KHTML, like Gecko) Chrome/76.0.3809.25 Safari/537.36" 
112.80.137.39 - - [26/Oct/2022:07:19:09 -0700] "GET /favicon.ico HTTP/1.1" 200 391 "-" "Mozilla/5.0 (Windows NT 10.0; WOW64) AppleWebKit/537.36 (KHTML, like Gecko) Chrome/86.0.4240.198 Safari/537.36" 
27.150.191.126 - - [26/Oct/2022:07:20:21 -0700] "GET /quantserve.com/quant.js HTTP/1.1" 404 328 "-" "Mozilla/5.0 (Windows NT 10.0; Win64; x64) AppleWebKit/537.36 (KHTML, like Gecko) Chrome/76.0.3809.25 Safari/537.36" 
51.222.253.2 - - [26/Oct/2022:07:21:43 -0700] "GET /Datasets%20Description/Network/tunnel.html HTTP/1.1" 200 1426 "-" "Mozilla/5.0 (compatible; AhrefsBot/7.0; +http://ahrefs.com/robot/)" 
51.222.253.3 - - [26/Oct/2022:07:31:10 -0700] "GET /Datasets%20Description/HTML_Bro_log_3/ HTTP/1.1" 200 779 "-" "Mozilla/5.0 (compatible; AhrefsBot/7.0; +http://ahrefs.com/robot/)" 
207.46.13.208 - - [26/Oct/2022:07:31:57 -0700] "GET /self.logs/ HTTP/1.1" 200 39243 "-" "Mozilla/5.0 (compatible; bingbot/2.0; +http://www.bing.com/bingbot.htm)" 
82.79.3.190 - - [26/Oct/2022:07:41:00 -0700] "GET / HTTP/1.1" 200 13186 "-" "Mozilla/5.0 (Windows NT 10.0; Win64; x64; rv:106.0) Gecko/20100101 Firefox/106.0" 
82.79.3.190 - - [26/Oct/2022:07:41:00 -0700] "GET /css/style.css HTTP/1.1" 404 328 "http://www.secrepo.com/" "Mozilla/5.0 (Windows NT 10.0; Win64; x64; rv:106.0) Gecko/20100101 Firefox/106.0" 
82.79.3.190 - - [26/Oct/2022:07:41:00 -0700] "GET /GitHub-Mark.png HTTP/1.1" 200 7533 "http://www.secrepo.com/" "Mozilla/5.0 (Windows NT 10.0; Win64; x64; rv:106.0) Gecko/20100101 Firefox/106.0" 
82.79.3.190 - - [26/Oct/2022:07:41:00 -0700] "GET /twitter-icon.png HTTP/1.1" 200 27893 "http://www.secrepo.com/" "Mozilla/5.0 (Windows NT 10.0; Win64; x64; rv:106.0) Gecko/20100101 Firefox/106.0" 
82.79.3.190 - - [26/Oct/2022:07:41:00 -0700] "GET /css/style.css HTTP/1.1" 404 328 "http://www.secrepo.com/" "Mozilla/5.0 (Windows NT 10.0; Win64; x64; rv:106.0) Gecko/20100101 Firefox/106.0" 
82.79.3.190 - - [26/Oct/2022:07:41:00 -0700] "GET /bootstrap/img/favicon.ico HTTP/1.1" 200 690 "http://www.secrepo.com/" "Mozilla/5.0 (Windows NT 10.0; Win64; x64; rv:106.0) Gecko/20100101 Firefox/106.0" 
114.119.149.237 - - [26/Oct/2022:07:42:31 -0700] "GET /self.logs/error.log.2020-10-11.gz HTTP/1.1" 200 908 "-" "Mozilla/5.0 (compatible;PetalBot;+https://webmaster.petalsearch.com/site/petalbot)" 
82.79.3.190 - - [26/Oct/2022:07:45:15 -0700] "GET /maccdc2012/maccdc2012_full_alert.7z HTTP/1.1" 200 24979053 "http://www.secrepo.com/" "Mozilla/5.0 (Windows NT 10.0; Win64; x64; rv:106.0) Gecko/20100101 Firefox/106.0" 
64.124.8.45 - - [26/Oct/2022:07:46:53 -0700] "GET /robots.txt HTTP/1.1" 301 495 "-" "Mozilla/5.0 (X11; Linux x86_64) AppleWebKit/537.36 (KHTML, like Gecko) Chrome/61.0.3163.79 Safari/537.36" 
64.124.8.45 - - [26/Oct/2022:07:46:53 -0700] "GET /robots.txt HTTP/1.1" 200 377 "-" "Mozilla/5.0 (X11; Linux x86_64) AppleWebKit/537.36 (KHTML, like Gecko) Chrome/61.0.3163.79 Safari/537.36" 
64.124.8.45 - - [26/Oct/2022:07:46:53 -0700] "GET /admin_aspcms/_system/AspCms_SiteSetting.asp HTTP/1.1" 301 561 "-" "Mozilla/5.0 (X11; Linux x86_64) AppleWebKit/537.36 (KHTML, like Gecko) Chrome/61.0.3163.79 Safari/537.36" 
64.124.8.45 - - [26/Oct/2022:07:46:53 -0700] "GET /admin_aspcms/_system/AspCms_SiteSetting.asp HTTP/1.1" 404 328 "-" "Mozilla/5.0 (X11; Linux x86_64) AppleWebKit/537.36 (KHTML, like Gecko) Chrome/61.0.3163.79 Safari/537.36" 
