40.77.167.14 - - [07/Nov/2022:02:19:44 -0800] "GET /self.logs/access.log.2017-03-27.gz HTTP/1.1" 200 15652 "-" "Mozilla/5.0 (compatible; bingbot/2.0; +http://www.bing.com/bingbot.htm)" 
40.77.167.14 - - [07/Nov/2022:02:19:44 -0800] "GET /self.logs/access.log.2017-03-27.gz HTTP/1.1" 200 15652 "-" "Mozilla/5.0 AppleWebKit/537.36 (KHTML, like Gecko; compatible; bingbot/2.0; +http://www.bing.com/bingbot.htm) Chrome/103.0.5060.134 Safari/537.36" 
49.7.20.111 - - [07/Nov/2022:02:23:23 -0800] "GET / HTTP/1.1" 200 13149 "-" "Sogou web spider/4.0(+http://www.sogou.com/docs/help/webmasters.htm#07)" 
114.119.149.218 - - [07/Nov/2022:02:25:20 -0800] "GET /self.logs/error.log.2019-11-16.gz HTTP/1.1" 200 1372 "-" "Mozilla/5.0 (compatible;PetalBot;+https://webmaster.petalsearch.com/site/petalbot)" 
51.222.253.17 - - [07/Nov/2022:02:29:12 -0800] "GET /Datasets%20Description/Network/?C=M;O=A HTTP/1.1" 200 725 "-" "Mozilla/5.0 (compatible; AhrefsBot/7.0; +http://ahrefs.com/robot/)" 
40.77.167.14 - - [07/Nov/2022:02:29:21 -0800] "GET /self.logs/error.log.2017-06-20.gz HTTP/1.1" 200 1115 "-" "Mozilla/5.0 (compatible; bingbot/2.0; +http://www.bing.com/bingbot.htm)" 
114.119.149.228 - - [07/Nov/2022:02:30:21 -0800] "GET /self.logs/access.log.2020-11-29.gz HTTP/1.1" 200 14160 "-" "Mozilla/5.0 (compatible;PetalBot;+https://webmaster.petalsearch.com/site/petalbot)" 
114.119.149.218 - - [07/Nov/2022:02:40:25 -0800] "GET /self.logs/access.log.2018-04-16.gz HTTP/1.1" 200 19812 "-" "Mozilla/5.0 (compatible;PetalBot;+https://webmaster.petalsearch.com/site/petalbot)" 
114.119.149.228 - - [07/Nov/2022:02:45:28 -0800] "GET /self.logs/error.log.2019-11-26.gz HTTP/1.1" 200 869 "-" "Mozilla/5.0 (compatible;PetalBot;+https://webmaster.petalsearch.com/site/petalbot)" 
49.7.20.111 - - [07/Nov/2022:02:47:19 -0800] "GET / HTTP/1.1" 200 13149 "-" "Sogou web spider/4.0(+http://www.sogou.com/docs/help/webmasters.htm#07)" 
169.228.145.169 - - [07/Nov/2022:02:48:04 -0800] "GET / HTTP/1.1" 200 13186 "-" "Mozilla/5.0 (Windows NT 10.0; Win64; x64) AppleWebKit/537.36 (KHTML, like Gecko) Chrome/107.0.0.0 Safari/537.36" 
169.228.145.169 - - [07/Nov/2022:02:48:05 -0800] "GET /css/style.css HTTP/1.1" 404 328 "http://www.secrepo.com/" "Mozilla/5.0 (Windows NT 10.0; Win64; x64) AppleWebKit/537.36 (KHTML, like Gecko) Chrome/107.0.0.0 Safari/537.36" 
169.228.145.169 - - [07/Nov/2022:02:48:05 -0800] "GET /twitter-icon.png HTTP/1.1" 200 27893 "http://www.secrepo.com/" "Mozilla/5.0 (Windows NT 10.0; Win64; x64) AppleWebKit/537.36 (KHTML, like Gecko) Chrome/107.0.0.0 Safari/537.36" 
169.228.145.169 - - [07/Nov/2022:02:48:05 -0800] "GET /GitHub-Mark.png HTTP/1.1" 200 7556 "http://www.secrepo.com/" "Mozilla/5.0 (Windows NT 10.0; Win64; x64) AppleWebKit/537.36 (KHTML, like Gecko) Chrome/107.0.0.0 Safari/537.36" 
169.228.145.169 - - [07/Nov/2022:02:48:05 -0800] "GET /bootstrap/img/favicon.ico HTTP/1.1" 200 690 "http://www.secrepo.com/" "Mozilla/5.0 (Windows NT 10.0; Win64; x64) AppleWebKit/537.36 (KHTML, like Gecko) Chrome/107.0.0.0 Safari/537.36" 
185.239.68.180 - - [07/Nov/2022:02:48:18 -0800] "GET / HTTP/1.1" 200 13142 "-" "Mozilla/5.0 (Macintosh; Intel Mac OS X 10_15_7) AppleWebKit/605.1.15 (KHTML, like Gecko) Version/16.0 Safari/605.1.15" 
185.239.68.180 - - [07/Nov/2022:02:48:19 -0800] "GET /twitter-icon.png HTTP/1.1" 200 27838 "http://www.secrepo.com/" "Mozilla/5.0 (Macintosh; Intel Mac OS X 10_15_7) AppleWebKit/605.1.15 (KHTML, like Gecko) Version/16.0 Safari/605.1.15" 
185.239.68.180 - - [07/Nov/2022:02:48:20 -0800] "GET /GitHub-Mark.png HTTP/1.1" 200 7478 "http://www.secrepo.com/" "Mozilla/5.0 (Macintosh; Intel Mac OS X 10_15_7) AppleWebKit/605.1.15 (KHTML, like Gecko) Version/16.0 Safari/605.1.15" 
185.239.68.180 - - [07/Nov/2022:02:48:20 -0800] "GET /css/style.css HTTP/1.1" 404 284 "http://www.secrepo.com/" "Mozilla/5.0 (Macintosh; Intel Mac OS X 10_15_7) AppleWebKit/605.1.15 (KHTML, like Gecko) Version/16.0 Safari/605.1.15" 
157.55.39.122 - - [07/Nov/2022:02:50:20 -0800] "GET /self.logs/ HTTP/1.1" 200 39458 "-" "Mozilla/5.0 (compatible; bingbot/2.0; +http://www.bing.com/bingbot.htm)" 
114.119.149.237 - - [07/Nov/2022:02:50:30 -0800] "GET /self.logs/access.log.2020-07-06.gz HTTP/1.1" 200 16206 "-" "Mozilla/5.0 (compatible;PetalBot;+https://webmaster.petalsearch.com/site/petalbot)" 
114.119.149.218 - - [07/Nov/2022:02:55:32 -0800] "GET /self.logs/access.log.2018-04-06.gz HTTP/1.1" 200 27200 "-" "Mozilla/5.0 (compatible;PetalBot;+https://webmaster.petalsearch.com/site/petalbot)" 
114.119.149.218 - - [07/Nov/2022:03:00:34 -0800] "GET /self.logs/error.log.2019-12-03.gz HTTP/1.1" 200 1046 "-" "Mozilla/5.0 (compatible;PetalBot;+https://webmaster.petalsearch.com/site/petalbot)" 
157.55.39.50 - - [07/Nov/2022:03:02:33 -0800] "GET /self.logs/error.log.2017-09-23.gz HTTP/1.1" 301 541 "-" "Mozilla/5.0 (compatible; bingbot/2.0; +http://www.bing.com/bingbot.htm)" 
114.119.145.137 - - [07/Nov/2022:03:05:36 -0800] "GET /self.logs/error.log.2017-08-15.gz HTTP/1.1" 200 1049 "-" "Mozilla/5.0 (compatible;PetalBot;+https://webmaster.petalsearch.com/site/petalbot)" 
114.119.149.237 - - [07/Nov/2022:03:10:43 -0800] "GET /self.logs/access.log.2019-03-18.gz HTTP/1.1" 200 27280 "-" "Mozilla/5.0 (compatible;PetalBot;+https://webmaster.petalsearch.com/site/petalbot)" 
49.7.20.111 - - [07/Nov/2022:03:14:03 -0800] "GET / HTTP/1.1" 200 13148 "-" "Sogou web spider/4.0(+http://www.sogou.com/docs/help/webmasters.htm#07)" 
51.222.253.13 - - [07/Nov/2022:03:14:17 -0800] "GET /Datasets%20Description/Network/?C=S;O=A HTTP/1.1" 200 722 "-" "Mozilla/5.0 (compatible; AhrefsBot/7.0; +http://ahrefs.com/robot/)" 
114.119.149.218 - - [07/Nov/2022:03:25:45 -0800] "GET /self.logs/access.log.2019-10-03.gz HTTP/1.1" 200 25459 "-" "Mozilla/5.0 (compatible;PetalBot;+https://webmaster.petalsearch.com/site/petalbot)" 
157.55.39.122 - - [07/Nov/2022:03:25:42 -0800] "GET /self.logs/ HTTP/1.1" 200 0 "-" "Mozilla/5.0 (compatible; bingbot/2.0; +http://www.bing.com/bingbot.htm)" 
114.119.149.237 - - [07/Nov/2022:03:30:48 -0800] "GET /self.logs/error.log.2018-03-26.gz HTTP/1.1" 200 4480 "-" "Mozilla/5.0 (compatible;PetalBot;+https://webmaster.petalsearch.com/site/petalbot)" 
114.119.149.218 - - [07/Nov/2022:03:35:51 -0800] "GET /self.logs/access.log.2020-11-28.gz HTTP/1.1" 200 12604 "-" "Mozilla/5.0 (compatible;PetalBot;+https://webmaster.petalsearch.com/site/petalbot)" 
168.138.95.100 - - [07/Nov/2022:03:38:45 -0800] "GET /.env HTTP/1.1" 301 483 "-" "Mozilla/5.0 (Macintosh; Intel Mac OS X 10.15; rv:77.0) Gecko/20100101 Firefox/77.0" 
168.138.95.100 - - [07/Nov/2022:03:38:45 -0800] "GET /.env HTTP/1.1" 404 519 "-" "Mozilla/5.0 (Macintosh; Intel Mac OS X 10.15; rv:77.0) Gecko/20100101 Firefox/77.0" 
114.119.149.23 - - [07/Nov/2022:03:45:52 -0800] "GET /self.logs/access.log.2020-04-07.gz HTTP/1.1" 200 16427 "-" "Mozilla/5.0 (compatible;PetalBot;+https://webmaster.petalsearch.com/site/petalbot)" 
49.7.20.111 - - [07/Nov/2022:03:46:26 -0800] "GET / HTTP/1.1" 200 13149 "-" "Sogou web spider/4.0(+http://www.sogou.com/docs/help/webmasters.htm#07)" 
157.55.39.122 - - [07/Nov/2022:04:00:06 -0800] "GET /self.logs/ HTTP/1.1" 200 39458 "-" "Mozilla/5.0 (compatible; bingbot/2.0; +http://www.bing.com/bingbot.htm)" 
114.119.149.228 - - [07/Nov/2022:04:00:59 -0800] "GET /self.logs/error.log.2017-06-13.gz HTTP/1.1" 200 1034 "-" "Mozilla/5.0 (compatible;PetalBot;+https://webmaster.petalsearch.com/site/petalbot)" 
134.122.137.48 - - [07/Nov/2022:04:02:39 -0800] "GET /data/admin/allowurl.txt HTTP/1.1" 404 328 "-" "Mozilla/5.0 (Windows NT 10.0; WOW64; rv:48.0) Gecko/20100101 Firefox/48.0" 
77.75.79.31 - - [07/Nov/2022:04:04:02 -0800] "GET /robots.txt HTTP/1.1" 200 333 "-" "Mozilla/5.0 (compatible; SeznamBot/4.0-RC1; +http://napoveda.seznam.cz/seznambot-intro/)" 
77.75.79.119 - - [07/Nov/2022:04:04:02 -0800] "GET /Datasets%20Description/PE_malware/OPCleaver.html HTTP/1.1" 304 232 "-" "Mozilla/5.0 (compatible; SeznamBot/4.0-RC1; +http://napoveda.seznam.cz/seznambot-intro/)" 
206.47.249.246 - - [07/Nov/2022:04:05:02 -0800] "GET /self.logs/error.log.2019-04-23.gz HTTP/1.1" 304 280 "-" "Mozilla/4.0 (compatible;)" 
114.119.145.137 - - [07/Nov/2022:04:06:00 -0800] "GET /self.logs/error.log.2017-08-01.gz HTTP/1.1" 200 1004 "-" "Mozilla/5.0 (compatible;PetalBot;+https://webmaster.petalsearch.com/site/petalbot)" 
51.222.253.8 - - [07/Nov/2022:04:09:20 -0800] "GET /Datasets%20Description/Network/?C=D;O=A HTTP/1.1" 200 725 "-" "Mozilla/5.0 (compatible; AhrefsBot/7.0; +http://ahrefs.com/robot/)" 
114.119.145.137 - - [07/Nov/2022:04:11:02 -0800] "GET /self.logs/error.log.2018-10-25.gz HTTP/1.1" 200 4698 "-" "Mozilla/5.0 (compatible;PetalBot;+https://webmaster.petalsearch.com/site/petalbot)" 
114.119.140.174 - - [07/Nov/2022:04:16:05 -0800] "GET /self.logs/access.log.2017-12-14.gz HTTP/1.1" 200 24902 "-" "Mozilla/5.0 (compatible;PetalBot;+https://webmaster.petalsearch.com/site/petalbot)" 
49.7.20.111 - - [07/Nov/2022:04:19:40 -0800] "GET / HTTP/1.1" 200 13149 "-" "Sogou web spider/4.0(+http://www.sogou.com/docs/help/webmasters.htm#07)" 
114.119.149.23 - - [07/Nov/2022:04:21:06 -0800] "GET /self.logs/error.log.2017-08-07.gz HTTP/1.1" 200 950 "-" "Mozilla/5.0 (compatible;PetalBot;+https://webmaster.petalsearch.com/site/petalbot)" 
91.185.22.26 - - [07/Nov/2022:04:21:23 -0800] "GET /maccdc2012/dns.log.gz HTTP/1.1" 200 74800 "https://blog.pentesteracademy.com/elk-log-analysis-dns-logs-875f669c87fd" "Mozilla/5.0 (Windows NT 6.3; Win64; x64) AppleWebKit/537.36 (KHTML, like Gecko) Chrome/107.0.0.0 Safari/537.36" 
114.119.145.137 - - [07/Nov/2022:04:26:23 -0800] "GET /self.logs/access.log.2020-08-19.gz HTTP/1.1" 200 25086 "-" "Mozilla/5.0 (compatible;PetalBot;+https://webmaster.petalsearch.com/site/petalbot)" 
34.133.88.216 - - [07/Nov/2022:04:30:59 -0800] "GET /ads.txt HTTP/1.1" 301 452 "-" "PhantomBot" 
34.133.88.216 - - [07/Nov/2022:04:30:59 -0800] "GET /ads.txt HTTP/1.1" 404 291 "-" "PhantomBot" 
111.198.227.22 - - [07/Nov/2022:04:33:16 -0800] "GET / HTTP/1.1" 200 13186 "-" "Mozilla/5.0 (Macintosh; Intel Mac OS X 10_15_7) AppleWebKit/605.1.15 (KHTML, like Gecko)" 
111.198.227.22 - - [07/Nov/2022:04:33:16 -0800] "GET /apple-touch-icon-precomposed.png HTTP/1.1" 404 328 "-" "Safari%E6%B5%8F%E8%A7%88%E5%99%A8/16614.1.25.9.10 CFNetwork/1240.0.4 Darwin/20.6.0" 
111.198.227.22 - - [07/Nov/2022:04:33:17 -0800] "GET /apple-touch-icon.png HTTP/1.1" 404 305 "-" "Safari%E6%B5%8F%E8%A7%88%E5%99%A8/16614.1.25.9.10 CFNetwork/1240.0.4 Darwin/20.6.0" 
111.198.227.22 - - [07/Nov/2022:04:33:17 -0800] "GET / HTTP/1.1" 200 13186 "-" "Mozilla/5.0 (iPhone; CPU iPhone OS 16_0 like Mac OS X) AppleWebKit/605.1.15 (KHTML, like Gecko) Version/16.0 Mobile/15E148 Safari/604.1" 
111.198.227.22 - - [07/Nov/2022:04:33:17 -0800] "GET /apple-touch-icon-precomposed.png HTTP/1.1" 404 305 "-" "Safari%E6%B5%8F%E8%A7%88%E5%99%A8/16614.1.25.9.10 CFNetwork/1240.0.4 Darwin/20.6.0" 
111.198.227.22 - - [07/Nov/2022:04:33:17 -0800] "GET /apple-touch-icon.png HTTP/1.1" 404 305 "-" "Safari%E6%B5%8F%E8%A7%88%E5%99%A8/16614.1.25.9.10 CFNetwork/1240.0.4 Darwin/20.6.0" 
157.55.39.122 - - [07/Nov/2022:04:34:49 -0800] "GET /self.logs/ HTTP/1.1" 200 39458 "-" "Mozilla/5.0 AppleWebKit/537.36 (KHTML, like Gecko; compatible; bingbot/2.0; +http://www.bing.com/bingbot.htm) Chrome/103.0.5060.134 Safari/537.36" 
114.119.149.23 - - [07/Nov/2022:04:36:14 -0800] "GET /self.logs/error.log.2018-05-17.gz HTTP/1.1" 200 5330 "-" "Mozilla/5.0 (compatible;PetalBot;+https://webmaster.petalsearch.com/site/petalbot)" 
84.247.59.197 - - [07/Nov/2022:04:43:06 -0800] "GET /.git/info/refs?service=git-upload-pack HTTP/1.1" 301 495 "-" "git/2.17.1" 
84.247.59.197 - - [07/Nov/2022:04:43:07 -0800] "GET /.git/info/refs?service=git-upload-pack HTTP/1.1" 404 284 "-" "git/2.17.1" 
114.119.145.137 - - [07/Nov/2022:04:46:16 -0800] "GET /self.logs/error.log.2020-08-31.gz HTTP/1.1" 200 932 "-" "Mozilla/5.0 (compatible;PetalBot;+https://webmaster.petalsearch.com/site/petalbot)" 
49.7.20.111 - - [07/Nov/2022:04:52:10 -0800] "GET / HTTP/1.1" 200 13149 "-" "Sogou web spider/4.0(+http://www.sogou.com/docs/help/webmasters.htm#07)" 
64.215.22.66 - - [07/Nov/2022:04:52:50 -0800] "GET / HTTP/1.1" 200 13186 "-" "Mozilla/5.0 (X11; Ubuntu; Linux x86_64; rv:106.0) Gecko/20100101 Firefox/106.0" 
64.215.22.66 - - [07/Nov/2022:04:52:51 -0800] "GET /css/style.css HTTP/1.1" 404 305 "http://www.secrepo.com/" "Mozilla/5.0 (X11; Ubuntu; Linux x86_64; rv:106.0) Gecko/20100101 Firefox/106.0" 
64.215.22.66 - - [07/Nov/2022:04:52:52 -0800] "GET /twitter-icon.png HTTP/1.1" 200 27893 "http://www.secrepo.com/" "Mozilla/5.0 (X11; Ubuntu; Linux x86_64; rv:106.0) Gecko/20100101 Firefox/106.0" 
64.215.22.66 - - [07/Nov/2022:04:52:52 -0800] "GET /GitHub-Mark.png HTTP/1.1" 200 7556 "http://www.secrepo.com/" "Mozilla/5.0 (X11; Ubuntu; Linux x86_64; rv:106.0) Gecko/20100101 Firefox/106.0" 
114.119.149.218 - - [07/Nov/2022:04:56:21 -0800] "GET /self.logs/error.log.2019-10-17.gz HTTP/1.1" 200 818 "-" "Mozilla/5.0 (compatible;PetalBot;+https://webmaster.petalsearch.com/site/petalbot)" 
114.119.145.137 - - [07/Nov/2022:05:01:22 -0800] "GET /self.logs/error.log.2018-10-10.gz HTTP/1.1" 200 5722 "-" "Mozilla/5.0 (compatible;PetalBot;+https://webmaster.petalsearch.com/site/petalbot)" 
207.46.13.159 - - [07/Nov/2022:05:04:46 -0800] "GET /self.logs/error.log.2018-01-11.gz HTTP/1.1" 200 1913 "-" "Mozilla/5.0 AppleWebKit/537.36 (KHTML, like Gecko; compatible; bingbot/2.0; +http://www.bing.com/bingbot.htm) Chrome/103.0.5060.134 Safari/537.36" 
207.46.13.159 - - [07/Nov/2022:05:04:47 -0800] "GET /self.logs/error.log.2018-01-11.gz HTTP/1.1" 200 1913 "-" "Mozilla/5.0 (compatible; bingbot/2.0; +http://www.bing.com/bingbot.htm)" 
114.119.149.23 - - [07/Nov/2022:05:06:25 -0800] "GET /self.logs/error.log.2017-02-22.gz HTTP/1.1" 200 1025 "-" "Mozilla/5.0 (compatible;PetalBot;+https://webmaster.petalsearch.com/site/petalbot)" 
180.137.222.113 - - [07/Nov/2022:05:07:14 -0800] "GET /favicon.ico HTTP/1.1" 200 391 "-" "Mozilla/5.0 (Windows NT 10.0; WOW64) AppleWebKit/537.36 (KHTML, like Gecko) Chrome/86.0.4240.198 Safari/537.36" 
157.55.39.122 - - [07/Nov/2022:05:09:53 -0800] "GET /self.logs/ HTTP/1.1" 200 39478 "-" "Mozilla/5.0 AppleWebKit/537.36 (KHTML, like Gecko; compatible; bingbot/2.0; +http://www.bing.com/bingbot.htm) Chrome/103.0.5060.134 Safari/537.36" 
114.119.145.137 - - [07/Nov/2022:05:11:27 -0800] "GET /self.logs/2015/error.log.2015-07-08.gz HTTP/1.1" 200 1275 "-" "Mozilla/5.0 (compatible;PetalBot;+https://webmaster.petalsearch.com/site/petalbot)" 
81.192.111.86 - - [07/Nov/2022:05:12:42 -0800] "GET / HTTP/1.1" 200 13186 "-" "Mozilla/5.0 (Windows NT 10.0; Win64; x64) AppleWebKit/537.36 (KHTML, like Gecko) Chrome/107.0.0.0 Safari/537.36" 
81.192.111.86 - - [07/Nov/2022:05:12:43 -0800] "GET /css/style.css HTTP/1.1" 404 305 "http://www.secrepo.com/" "Mozilla/5.0 (Windows NT 10.0; Win64; x64) AppleWebKit/537.36 (KHTML, like Gecko) Chrome/107.0.0.0 Safari/537.36" 
81.192.111.86 - - [07/Nov/2022:05:12:43 -0800] "GET /twitter-icon.png HTTP/1.1" 200 27893 "http://www.secrepo.com/" "Mozilla/5.0 (Windows NT 10.0; Win64; x64) AppleWebKit/537.36 (KHTML, like Gecko) Chrome/107.0.0.0 Safari/537.36" 
81.192.111.87 - - [07/Nov/2022:05:12:43 -0800] "GET /GitHub-Mark.png HTTP/1.1" 200 7556 "http://www.secrepo.com/" "Mozilla/5.0 (Windows NT 10.0; Win64; x64) AppleWebKit/537.36 (KHTML, like Gecko) Chrome/107.0.0.0 Safari/537.36" 
81.192.111.87 - - [07/Nov/2022:05:12:45 -0800] "GET /bootstrap/img/favicon.ico HTTP/1.1" 200 690 "http://www.secrepo.com/" "Mozilla/5.0 (Windows NT 10.0; Win64; x64) AppleWebKit/537.36 (KHTML, like Gecko) Chrome/107.0.0.0 Safari/537.36" 
40.77.167.63 - - [07/Nov/2022:05:13:10 -0800] "GET /self.logs/access.log.2022-11-04.gz HTTP/1.1" 200 10986 "-" "Mozilla/5.0 AppleWebKit/537.36 (KHTML, like Gecko; compatible; bingbot/2.0; +http://www.bing.com/bingbot.htm) Chrome/103.0.5060.134 Safari/537.36" 
157.55.39.122 - - [07/Nov/2022:05:13:15 -0800] "GET /self.logs/error.log.2022-11-04.gz HTTP/1.1" 200 928 "-" "Mozilla/5.0 AppleWebKit/537.36 (KHTML, like Gecko; compatible; bingbot/2.0; +http://www.bing.com/bingbot.htm) Chrome/103.0.5060.134 Safari/537.36" 
114.119.140.174 - - [07/Nov/2022:05:21:32 -0800] "GET /self.logs/access.log.2018-08-22.gz HTTP/1.1" 200 24992 "-" "Mozilla/5.0 (compatible;PetalBot;+https://webmaster.petalsearch.com/site/petalbot)" 
49.7.20.111 - - [07/Nov/2022:05:23:12 -0800] "GET / HTTP/1.1" 200 13149 "-" "Sogou web spider/4.0(+http://www.sogou.com/docs/help/webmasters.htm#07)" 
114.119.149.218 - - [07/Nov/2022:05:36:40 -0800] "GET /self.logs/access.log.2017-12-12.gz HTTP/1.1" 200 38688 "-" "Mozilla/5.0 (compatible;PetalBot;+https://webmaster.petalsearch.com/site/petalbot)" 
107.167.35.138 - - [07/Nov/2022:05:40:03 -0800] "GET / HTTP/1.1" 200 49089 "-" "-" 
114.119.149.218 - - [07/Nov/2022:05:41:38 -0800] "GET /self.logs/2015/access.log.2015-12-20.gz HTTP/1.1" 200 6551 "-" "Mozilla/5.0 (compatible;PetalBot;+https://webmaster.petalsearch.com/site/petalbot)" 
51.222.253.13 - - [07/Nov/2022:05:42:37 -0800] "GET /self.logs/error.log.2022-11-03.gz HTTP/1.1" 200 931 "-" "Mozilla/5.0 (compatible; AhrefsBot/7.0; +http://ahrefs.com/robot/)" 
114.119.145.137 - - [07/Nov/2022:05:46:41 -0800] "GET /self.logs/access.log.2019-05-08.gz HTTP/1.1" 200 27122 "-" "Mozilla/5.0 (compatible;PetalBot;+https://webmaster.petalsearch.com/site/petalbot)" 
157.55.39.122 - - [07/Nov/2022:05:51:36 -0800] "GET /self.logs/ HTTP/1.1" 200 39478 "-" "Mozilla/5.0 (compatible; bingbot/2.0; +http://www.bing.com/bingbot.htm)" 
114.119.149.237 - - [07/Nov/2022:05:51:54 -0800] "GET /self.logs/2015/error.log.2015-12-16.gz HTTP/1.1" 200 745 "-" "Mozilla/5.0 (compatible;PetalBot;+https://webmaster.petalsearch.com/site/petalbot)" 
49.7.20.111 - - [07/Nov/2022:05:53:33 -0800] "GET / HTTP/1.1" 200 13149 "-" "Sogou web spider/4.0(+http://www.sogou.com/docs/help/webmasters.htm#07)" 
35.235.68.5 - - [07/Nov/2022:05:53:44 -0800] "GET /robots.txt HTTP/1.1" 200 377 "-" "Mozilla/5.0 (compatible; Lucidworks-SPLKExt/0.10; +; )" 
40.77.167.63 - - [07/Nov/2022:05:54:54 -0800] "GET /self.logs/error.log.2017-09-01.gz HTTP/1.1" 200 920 "-" "Mozilla/5.0 AppleWebKit/537.36 (KHTML, like Gecko; compatible; bingbot/2.0; +http://www.bing.com/bingbot.htm) Chrome/103.0.5060.134 Safari/537.36" 
40.77.167.63 - - [07/Nov/2022:05:54:54 -0800] "GET /self.logs/error.log.2017-09-01.gz HTTP/1.1" 200 920 "-" "Mozilla/5.0 (compatible; bingbot/2.0; +http://www.bing.com/bingbot.htm)" 
40.77.167.63 - - [07/Nov/2022:05:54:55 -0800] "GET /self.logs/error.log.2017-09-01.gz HTTP/1.1" 200 920 "-" "Mozilla/5.0 AppleWebKit/537.36 (KHTML, like Gecko; compatible; bingbot/2.0; +http://www.bing.com/bingbot.htm) Chrome/103.0.5060.134 Safari/537.36" 
197.156.83.93 - - [07/Nov/2022:05:55:06 -0800] "GET /Security-Data-Analysis/Lab_1/ HTTP/1.1" 200 649 "-" "Mozilla/5.0 (Windows NT 10.0; Win64; x64) AppleWebKit/537.36 (KHTML, like Gecko) Chrome/106.0.5249.119 Safari/537.36" 
197.156.83.93 - - [07/Nov/2022:05:55:07 -0800] "GET /favicon.ico HTTP/1.1" 200 368 "http://www.secrepo.com/Security-Data-Analysis/Lab_1/" "Mozilla/5.0 (Windows NT 10.0; Win64; x64) AppleWebKit/537.36 (KHTML, like Gecko) Chrome/106.0.5249.119 Safari/537.36" 
197.156.83.93 - - [07/Nov/2022:05:55:28 -0800] "GET /Security-Data-Analysis/ HTTP/1.1" 200 648 "http://www.secrepo.com/Security-Data-Analysis/Lab_1/" "Mozilla/5.0 (Windows NT 10.0; Win64; x64) AppleWebKit/537.36 (KHTML, like Gecko) Chrome/106.0.5249.119 Safari/537.36" 
197.156.83.93 - - [07/Nov/2022:05:55:41 -0800] "GET /Security-Data-Analysis/Lab_2/ HTTP/1.1" 200 675 "http://www.secrepo.com/Security-Data-Analysis/" "Mozilla/5.0 (Windows NT 10.0; Win64; x64) AppleWebKit/537.36 (KHTML, like Gecko) Chrome/106.0.5249.119 Safari/537.36" 
197.156.83.93 - - [07/Nov/2022:05:55:57 -0800] "GET /Security-Data-Analysis/Lab_2/honeypot.json.zip HTTP/1.1" 200 1088538 "http://www.secrepo.com/Security-Data-Analysis/Lab_2/" "Mozilla/5.0 (Windows NT 10.0; Win64; x64) AppleWebKit/537.36 (KHTML, like Gecko) Chrome/106.0.5249.119 Safari/537.36" 
197.156.83.93 - - [07/Nov/2022:05:55:51 -0800] "GET /Security-Data-Analysis/Lab_2/http.log.zip HTTP/1.1" 200 53279579 "http://www.secrepo.com/Security-Data-Analysis/Lab_2/" "Mozilla/5.0 (Windows NT 10.0; Win64; x64) AppleWebKit/537.36 (KHTML, like Gecko) Chrome/106.0.5249.119 Safari/537.36" 
134.122.137.45 - - [07/Nov/2022:05:56:51 -0800] "GET / HTTP/1.1" 200 13186 "http://www.secrepo.com" "Mozilla/5.0 (Windows NT 10.0; Win64; x64) AppleWebKit/537.36 (KHTML, like Gecko) Chrome/87.0.4280.67 Safari/537.36 Edg/87.0.664.52" 
197.156.83.93 - - [07/Nov/2022:05:55:11 -0800] "GET /Security-Data-Analysis/Lab_1/conn.log.zip HTTP/1.1" 200 547221519 "http://www.secrepo.com/Security-Data-Analysis/Lab_1/" "Mozilla/5.0 (Windows NT 10.0; Win64; x64) AppleWebKit/537.36 (KHTML, like Gecko) Chrome/106.0.5249.119 Safari/537.36" 
197.156.83.93 - - [07/Nov/2022:05:59:07 -0800] "GET /Security-Data-Analysis/Lab_1/conn.log.zip HTTP/1.1" 200 78840 "http://www.secrepo.com/Security-Data-Analysis/Lab_1/" "Mozilla/5.0 (Windows NT 10.0; Win64; x64) AppleWebKit/537.36 (KHTML, like Gecko) Chrome/106.0.5249.119 Safari/537.36" 
114.119.149.237 - - [07/Nov/2022:06:02:24 -0800] "GET /self.logs/error.log.2019-11-02.gz HTTP/1.1" 200 1540 "-" "Mozilla/5.0 (compatible;PetalBot;+https://webmaster.petalsearch.com/site/petalbot)" 
194.93.0.40 - - [07/Nov/2022:06:03:53 -0800] "GET /robots.txt HTTP/1.0" 301 458 "-" "Mozilla/4.0 (compatible; fluid/0.0; +http://www.leak.info/bot.html)" 
66.249.70.177 - - [07/Nov/2022:06:04:34 -0800] "HEAD / HTTP/1.1" 200 425 "-" "Mozilla/5.0 (compatible; Googlebot/2.1; +http://www.google.com/bot.html)" 
114.119.149.23 - - [07/Nov/2022:06:07:34 -0800] "GET /self.logs/error.log.2020-01-01 HTTP/1.1" 200 351 "http://www.secrepo.com/self.logs?C=N%3BO%3DD" "Mozilla/5.0 (Linux; Android 7.0;) AppleWebKit/537.36 (KHTML, like Gecko) Mobile Safari/537.36 (compatible; PetalBot;+https://webmaster.petalsearch.com/site/petalbot)" 
35.160.27.221 - - [07/Nov/2022:06:10:08 -0800] "GET /robots.txt HTTP/1.1" 200 333 "-" "Mozilla/5.0 (compatible) SemanticScholarBot (+https://www.semanticscholar.org/crawler)" 
35.160.27.221 - - [07/Nov/2022:06:10:18 -0800] "GET /robots.txt HTTP/1.1" 200 333 "-" "Mozilla/5.0 (compatible) SemanticScholarBot (+https://www.semanticscholar.org/crawler)" 
35.160.27.221 - - [07/Nov/2022:06:10:33 -0800] "GET / HTTP/1.1" 200 13141 "-" "Mozilla/5.0 (compatible) SemanticScholarBot (+https://www.semanticscholar.org/crawler)" 
157.55.39.122 - - [07/Nov/2022:06:20:00 -0800] "GET /self.logs/ HTTP/1.1" 200 39478 "-" "Mozilla/5.0 (compatible; bingbot/2.0; +http://www.bing.com/bingbot.htm)" 
49.7.20.111 - - [07/Nov/2022:06:22:58 -0800] "GET / HTTP/1.1" 200 13149 "-" "Sogou web spider/4.0(+http://www.sogou.com/docs/help/webmasters.htm#07)" 
18.234.110.236 - - [07/Nov/2022:06:28:50 -0800] "GET /maccdc2012/http.log.gz HTTP/1.1" 200 56420944 "-" "curl/7.79.1" 
47.93.192.249 - - [07/Nov/2022:06:29:59 -0800] "GET /ks_inc/common.js HTTP/1.1" 301 507 "http://secrepo.com/ks_inc/common.js" "Mozilla/5.0 (compatible; MSIE 9.0; Windows NT 6.1; Win64; x64; Trident/5.0)" 
47.93.192.249 - - [07/Nov/2022:06:30:01 -0800] "GET /ks_inc/common.js HTTP/1.1" 404 328 "http://secrepo.com/ks_inc/common.js" "Mozilla/5.0 (compatible; MSIE 9.0; Windows NT 6.1; Win64; x64; Trident/5.0)" 
81.192.111.86 - - [07/Nov/2022:06:30:48 -0800] "GET / HTTP/1.1" 200 13185 "-" "Mozilla/5.0 (Windows NT 10.0; Win64; x64) AppleWebKit/537.36 (KHTML, like Gecko) Chrome/107.0.0.0 Safari/537.36" 
81.192.111.86 - - [07/Nov/2022:06:30:49 -0800] "GET /css/style.css HTTP/1.1" 404 305 "http://www.secrepo.com/" "Mozilla/5.0 (Windows NT 10.0; Win64; x64) AppleWebKit/537.36 (KHTML, like Gecko) Chrome/107.0.0.0 Safari/537.36" 
81.192.111.86 - - [07/Nov/2022:06:30:49 -0800] "GET /twitter-icon.png HTTP/1.1" 200 27893 "http://www.secrepo.com/" "Mozilla/5.0 (Windows NT 10.0; Win64; x64) AppleWebKit/537.36 (KHTML, like Gecko) Chrome/107.0.0.0 Safari/537.36" 
196.200.156.27 - - [07/Nov/2022:06:30:49 -0800] "GET /GitHub-Mark.png HTTP/1.1" 200 7556 "http://www.secrepo.com/" "Mozilla/5.0 (Windows NT 10.0; Win64; x64) AppleWebKit/537.36 (KHTML, like Gecko) Chrome/107.0.0.0 Safari/537.36" 
51.83.111.190 - - [07/Nov/2022:06:32:09 -0800] "GET /honeypot/BSidesDFW%20-%202014.ipynb HTTP/1.1" 301 481 "-" "Tornado-Async-Client" 
114.119.149.237 - - [07/Nov/2022:06:34:16 -0800] "GET /self.logs/error.log.2017-03-07.gz HTTP/1.1" 200 1017 "-" "Mozilla/5.0 (compatible;PetalBot;+https://webmaster.petalsearch.com/site/petalbot)" 
196.200.156.27 - - [07/Nov/2022:06:33:37 -0800] "GET /maccdc2012/conn.log.gz HTTP/1.1" 200 549157753 "http://www.secrepo.com/" "Mozilla/5.0 (Windows NT 10.0; Win64; x64) AppleWebKit/537.36 (KHTML, like Gecko) Chrome/107.0.0.0 Safari/537.36" 
114.119.145.137 - - [07/Nov/2022:06:39:35 -0800] "GET /self.logs/error.log.2017-06-06.gz HTTP/1.1" 200 1098 "-" "Mozilla/5.0 (compatible;PetalBot;+https://webmaster.petalsearch.com/site/petalbot)" 
114.119.149.228 - - [07/Nov/2022:06:44:50 -0800] "GET /self.logs/error.log.2017-11-24.gz HTTP/1.1" 200 2334 "-" "Mozilla/5.0 (compatible;PetalBot;+https://webmaster.petalsearch.com/site/petalbot)" 
134.122.137.45 - - [07/Nov/2022:06:49:11 -0800] "GET / HTTP/1.1" 200 13186 "http://www.SecRepo.com" "Mozilla/5.0 (Windows NT 10.0; Win64; x64) AppleWebKit/537.36 (KHTML, like Gecko) Chrome/87.0.4280.67 Safari/537.36 Edg/87.0.664.52" 
157.55.39.122 - - [07/Nov/2022:06:52:33 -0800] "GET /self.logs/ HTTP/1.1" 200 39478 "-" "Mozilla/5.0 AppleWebKit/537.36 (KHTML, like Gecko; compatible; bingbot/2.0; +http://www.bing.com/bingbot.htm) Chrome/103.0.5060.134 Safari/537.36" 
49.7.20.111 - - [07/Nov/2022:06:54:18 -0800] "GET / HTTP/1.1" 200 13149 "-" "Sogou web spider/4.0(+http://www.sogou.com/docs/help/webmasters.htm#07)" 
116.179.32.38 - - [07/Nov/2022:07:01:37 -0800] "GET / HTTP/1.1" 301 438 "-" "Mozilla/5.0 (compatible; Baiduspider/2.0; +http://www.baidu.com/search/spider.html)" 
116.179.32.92 - - [07/Nov/2022:07:01:37 -0800] "GET / HTTP/1.1" 200 13149 "-" "Mozilla/5.0 (compatible; Baiduspider/2.0; +http://www.baidu.com/search/spider.html)" 
116.179.33.211 - - [07/Nov/2022:07:01:38 -0800] "GET /robots.txt HTTP/1.1" 301 458 "-" "Mozilla/5.0 (Windows NT 10.0; WOW64) AppleWebKit/537.36 (KHTML, like Gecko) Chrome/48.0.2564.116 Safari/537.36" 
116.179.33.14 - - [07/Nov/2022:07:01:38 -0800] "GET /robots.txt HTTP/1.1" 200 340 "-" "Mozilla/5.0 (Windows NT 10.0; WOW64) AppleWebKit/537.36 (KHTML, like Gecko) Chrome/48.0.2564.116 Safari/537.36" 
116.179.37.133 - - [07/Nov/2022:07:01:40 -0800] "GET /css/style.css HTTP/1.1" 404 291 "http://www.secrepo.com/" "Mozilla/5.0 (compatible; Baiduspider-render/2.0; +http://www.baidu.com/search/spider.html)" 
220.181.51.88 - - [07/Nov/2022:07:01:52 -0800] "GET /robots.txt HTTP/1.1" 301 458 "-" "Mozilla/5.0 (Windows NT 10.0; WOW64) AppleWebKit/537.36 (KHTML, like Gecko) Chrome/48.0.2564.116 Safari/537.36" 
220.181.51.88 - - [07/Nov/2022:07:01:53 -0800] "GET /robots.txt HTTP/1.1" 200 340 "-" "Mozilla/5.0 (Windows NT 10.0; WOW64) AppleWebKit/537.36 (KHTML, like Gecko) Chrome/48.0.2564.116 Safari/537.36" 
220.181.51.90 - - [07/Nov/2022:07:01:56 -0800] "GET /robots.txt HTTP/1.1" 200 340 "-" "Mozilla/5.0 (Windows NT 10.0; WOW64) AppleWebKit/537.36 (KHTML, like Gecko) Chrome/48.0.2564.116 Safari/537.36" 
220.181.51.85 - - [07/Nov/2022:07:02:10 -0800] "GET /robots.txt HTTP/1.1" 200 340 "-" "Mozilla/5.0 (Windows NT 10.0; WOW64) AppleWebKit/537.36 (KHTML, like Gecko) Chrome/48.0.2564.116 Safari/537.36" 
17.121.114.81 - - [07/Nov/2022:07:09:42 -0800] "GET / HTTP/1.1" 200 13142 "-" "Mozilla/5.0 (Macintosh; Intel Mac OS X 10_15_5) AppleWebKit/605.1.15 (KHTML, like Gecko) Version/13.1.1 Safari/605.1.15 (Applebot/0.1; +http://www.apple.com/go/applebot)" 
207.46.13.159 - - [07/Nov/2022:07:12:39 -0800] "GET / HTTP/1.1" 200 13186 "-" "Mozilla/5.0 AppleWebKit/537.36 (KHTML, like Gecko; compatible; bingbot/2.0; +http://www.bing.com/bingbot.htm) Chrome/103.0.5060.134 Safari/537.36" 
109.120.46.251 - - [07/Nov/2022:07:20:43 -0800] "GET / HTTP/1.1" 200 13186 "-" "Mozilla/5.0 (Windows NT 10.0; Win64; x64) AppleWebKit/537.36 (KHTML, like Gecko) Chrome/104.0.5112.124 YaBrowser/22.9.5.716 Yowser/2.5 Safari/537.36" 
109.120.46.251 - - [07/Nov/2022:07:20:43 -0800] "GET /css/style.css HTTP/1.1" 404 305 "http://www.secrepo.com/" "Mozilla/5.0 (Windows NT 10.0; Win64; x64) AppleWebKit/537.36 (KHTML, like Gecko) Chrome/104.0.5112.124 YaBrowser/22.9.5.716 Yowser/2.5 Safari/537.36" 
109.120.46.251 - - [07/Nov/2022:07:20:43 -0800] "GET /twitter-icon.png HTTP/1.1" 200 27916 "http://www.secrepo.com/" "Mozilla/5.0 (Windows NT 10.0; Win64; x64) AppleWebKit/537.36 (KHTML, like Gecko) Chrome/104.0.5112.124 YaBrowser/22.9.5.716 Yowser/2.5 Safari/537.36" 
109.120.46.251 - - [07/Nov/2022:07:20:43 -0800] "GET /GitHub-Mark.png HTTP/1.1" 200 7533 "http://www.secrepo.com/" "Mozilla/5.0 (Windows NT 10.0; Win64; x64) AppleWebKit/537.36 (KHTML, like Gecko) Chrome/104.0.5112.124 YaBrowser/22.9.5.716 Yowser/2.5 Safari/537.36" 
109.120.46.251 - - [07/Nov/2022:07:20:44 -0800] "GET /bootstrap/img/favicon.ico HTTP/1.1" 200 690 "http://www.secrepo.com/" "Mozilla/5.0 (Windows NT 10.0; Win64; x64) AppleWebKit/537.36 (KHTML, like Gecko) Chrome/104.0.5112.124 YaBrowser/22.9.5.716 Yowser/2.5 Safari/537.36" 
49.7.20.111 - - [07/Nov/2022:07:23:50 -0800] "GET / HTTP/1.1" 200 13149 "-" "Sogou web spider/4.0(+http://www.sogou.com/docs/help/webmasters.htm#07)" 
157.55.39.122 - - [07/Nov/2022:07:27:46 -0800] "GET /self.logs/ HTTP/1.1" 200 39478 "-" "Mozilla/5.0 (compatible; bingbot/2.0; +http://www.bing.com/bingbot.htm)" 
185.239.68.180 - - [07/Nov/2022:07:29:01 -0800] "GET / HTTP/1.1" 200 13142 "-" "Mozilla/5.0 (Macintosh; Intel Mac OS X 10_15_7) AppleWebKit/605.1.15 (KHTML, like Gecko) Version/16.0 Safari/605.1.15" 
52.36.255.104 - - [07/Nov/2022:07:33:43 -0800] "GET / HTTP/1.1" 301 419 "-" "Mozilla/5.0 (X11; Linux x86_64) AppleWebKit/537.36 (KHTML, like Gecko) Chrome/83.0.4103.97 Safari/537.36" 
52.36.255.104 - - [07/Nov/2022:07:33:47 -0800] "GET / HTTP/1.1" 200 13142 "-" "Mozilla/5.0 (X11; Linux x86_64) AppleWebKit/537.36 (KHTML, like Gecko) Chrome/83.0.4103.97 Safari/537.36" 
35.88.237.143 - - [07/Nov/2022:07:34:10 -0800] "GET /favicon.ico HTTP/1.1" 301 441 "-" "Mozilla/5.0 (X11; Linux x86_64) AppleWebKit/537.36 (KHTML, like Gecko) Chrome/83.0.4103.97 Safari/537.36" 
35.88.237.143 - - [07/Nov/2022:07:34:12 -0800] "GET /favicon.ico HTTP/1.1" 200 347 "http://secrepo.com/favicon.ico" "Mozilla/5.0 (X11; Linux x86_64) AppleWebKit/537.36 (KHTML, like Gecko) Chrome/83.0.4103.97 Safari/537.36" 
112.14.67.187 - - [07/Nov/2022:07:33:13 -0800] "GET /honeypot/honeypot.json.zip HTTP/1.1" 200 345576 "https://link.csdn.net/?target=http%3A%2F%2Fwww.secrepo.com%2Fhoneypot%2Fhoneypot.json.zip" "Mozilla/5.0 (Windows NT 10.0; Win64; x64) AppleWebKit/537.36 (KHTML, like Gecko) Chrome/107.0.0.0 Safari/537.36 Edg/107.0.1418.35" 
114.119.149.228 - - [07/Nov/2022:07:36:48 -0800] "GET /self.logs/error.log.2020-08-27 HTTP/1.1" 200 351 "http://www.secrepo.com/self.logs?C=N%3BO%3DD" "Mozilla/5.0 (Linux; Android 7.0;) AppleWebKit/537.36 (KHTML, like Gecko) Mobile Safari/537.36 (compatible; PetalBot;+https://webmaster.petalsearch.com/site/petalbot)" 
114.119.140.174 - - [07/Nov/2022:07:47:16 -0800] "GET /self.logs/2015/error.log.2015-12-11.gz HTTP/1.1" 200 777 "-" "Mozilla/5.0 (compatible;PetalBot;+https://webmaster.petalsearch.com/site/petalbot)" 
114.119.140.174 - - [07/Nov/2022:07:52:18 -0800] "GET /self.logs/error.log.2020-01-31 HTTP/1.1" 200 351 "http://www.secrepo.com/self.logs?C=N%3BO%3DD" "Mozilla/5.0 (Linux; Android 7.0;) AppleWebKit/537.36 (KHTML, like Gecko) Mobile Safari/537.36 (compatible; PetalBot;+https://webmaster.petalsearch.com/site/petalbot)" 
49.7.20.111 - - [07/Nov/2022:07:53:43 -0800] "GET / HTTP/1.1" 200 13149 "-" "Sogou web spider/4.0(+http://www.sogou.com/docs/help/webmasters.htm#07)" 
157.55.39.122 - - [07/Nov/2022:07:54:57 -0800] "GET /self.logs/access.log.2018-02-07.gz HTTP/1.1" 200 29450 "-" "Mozilla/5.0 AppleWebKit/537.36 (KHTML, like Gecko; compatible; bingbot/2.0; +http://www.bing.com/bingbot.htm) Chrome/103.0.5060.134 Safari/537.36" 
157.55.39.122 - - [07/Nov/2022:07:54:58 -0800] "GET /self.logs/access.log.2018-02-07.gz HTTP/1.1" 200 29450 "-" "Mozilla/5.0 AppleWebKit/537.36 (KHTML, like Gecko; compatible; bingbot/2.0; +http://www.bing.com/bingbot.htm) Chrome/103.0.5060.134 Safari/537.36" 
114.119.145.137 - - [07/Nov/2022:08:02:43 -0800] "GET /self.logs/2015/access.log.2015-07-22.gz HTTP/1.1" 200 4741 "-" "Mozilla/5.0 (compatible;PetalBot;+https://webmaster.petalsearch.com/site/petalbot)" 
157.55.39.122 - - [07/Nov/2022:08:03:08 -0800] "GET /self.logs/ HTTP/1.1" 200 39478 "-" "Mozilla/5.0 (compatible; bingbot/2.0; +http://www.bing.com/bingbot.htm)" 
114.119.140.174 - - [07/Nov/2022:08:07:59 -0800] "GET /self.logs/error.log.2020-08-04 HTTP/1.1" 200 351 "http://www.secrepo.com/self.logs?C=N%3BO%3DD" "Mozilla/5.0 (Linux; Android 7.0;) AppleWebKit/537.36 (KHTML, like Gecko) Mobile Safari/537.36 (compatible; PetalBot;+https://webmaster.petalsearch.com/site/petalbot)" 
107.167.35.138 - - [07/Nov/2022:08:10:46 -0800] "GET / HTTP/1.1" 200 49089 "-" "-" 
114.119.149.23 - - [07/Nov/2022:08:13:14 -0800] "GET /Datasets%20Description/Network?C=N%3BO%3DD HTTP/1.1" 301 629 "http://www.secrepo.com/Datasets%20Description/Network?C=S%3BO%3DA" "Mozilla/5.0 (Linux; Android 7.0;) AppleWebKit/537.36 (KHTML, like Gecko) Mobile Safari/537.36 (compatible; PetalBot;+https://webmaster.petalsearch.com/site/petalbot)" 
114.119.149.23 - - [07/Nov/2022:08:13:14 -0800] "GET /Datasets%20Description/Network/?C=N%3BO%3DD HTTP/1.1" 200 746 "http://www.secrepo.com/Datasets%20Description/Network?C=S%3BO%3DA" "Mozilla/5.0 (Linux; Android 7.0;) AppleWebKit/537.36 (KHTML, like Gecko) Mobile Safari/537.36 (compatible; PetalBot;+https://webmaster.petalsearch.com/site/petalbot)" 
114.119.149.23 - - [07/Nov/2022:08:18:24 -0800] "GET /self.logs/error.log.2020-12-30 HTTP/1.1" 200 351 "http://www.secrepo.com/self.logs?C=N%3BO%3DD" "Mozilla/5.0 (Linux; Android 7.0;) AppleWebKit/537.36 (KHTML, like Gecko) Mobile Safari/537.36 (compatible; PetalBot;+https://webmaster.petalsearch.com/site/petalbot)" 
49.7.20.111 - - [07/Nov/2022:08:22:33 -0800] "GET / HTTP/1.1" 200 13149 "-" "Sogou web spider/4.0(+http://www.sogou.com/docs/help/webmasters.htm#07)" 
114.119.149.23 - - [07/Nov/2022:08:28:39 -0800] "GET /self.logs/error.log.2020-10-18 HTTP/1.1" 200 351 "http://www.secrepo.com/self.logs?C=N%3BO%3DD" "Mozilla/5.0 (Linux; Android 7.0;) AppleWebKit/537.36 (KHTML, like Gecko) Mobile Safari/537.36 (compatible; PetalBot;+https://webmaster.petalsearch.com/site/petalbot)" 
114.119.149.218 - - [07/Nov/2022:08:33:52 -0800] "GET /self.logs/error.log.2017-02-27.gz HTTP/1.1" 200 1102 "-" "Mozilla/5.0 (compatible;PetalBot;+https://webmaster.petalsearch.com/site/petalbot)" 
157.55.39.50 - - [07/Nov/2022:08:34:34 -0800] "GET /self.logs/access.log.2017-08-03.gz HTTP/1.1" 200 20574 "-" "Mozilla/5.0 (compatible; bingbot/2.0; +http://www.bing.com/bingbot.htm)" 
157.55.39.122 - - [07/Nov/2022:08:37:51 -0800] "GET /self.logs/ HTTP/1.1" 200 39478 "-" "Mozilla/5.0 AppleWebKit/537.36 (KHTML, like Gecko; compatible; bingbot/2.0; +http://www.bing.com/bingbot.htm) Chrome/103.0.5060.134 Safari/537.36" 
114.119.145.137 - - [07/Nov/2022:08:39:06 -0800] "GET /self.logs/error.log.2020-05-19 HTTP/1.1" 200 351 "http://www.secrepo.com/self.logs?C=N%3BO%3DD" "Mozilla/5.0 (Linux; Android 7.0;) AppleWebKit/537.36 (KHTML, like Gecko) Mobile Safari/537.36 (compatible; PetalBot;+https://webmaster.petalsearch.com/site/petalbot)" 
114.119.145.137 - - [07/Nov/2022:08:44:18 -0800] "GET /self.logs/error.log.2018-07-22.gz HTTP/1.1" 200 6295 "-" "Mozilla/5.0 (compatible;PetalBot;+https://webmaster.petalsearch.com/site/petalbot)" 
49.7.20.111 - - [07/Nov/2022:08:51:06 -0800] "GET / HTTP/1.1" 200 13149 "-" "Sogou web spider/4.0(+http://www.sogou.com/docs/help/webmasters.htm#07)" 
110.38.159.54 - - [07/Nov/2022:08:54:36 -0800] "GET / HTTP/1.1" 301 475 "-" "Mozilla/5.0 (Windows NT 10.0; Win64; x64) AppleWebKit/537.36 (KHTML, like Gecko) Chrome/85.0.4183.121 Safari/537.36" 
110.38.159.54 - - [07/Nov/2022:08:54:37 -0800] "GET / HTTP/1.1" 200 13186 "-" "Mozilla/5.0 (Windows NT 10.0; Win64; x64) AppleWebKit/537.36 (KHTML, like Gecko) Chrome/85.0.4183.121 Safari/537.36" 
110.38.159.54 - - [07/Nov/2022:08:54:38 -0800] "GET / HTTP/1.1" 200 13163 "-" "Mozilla/5.0 (Windows NT 10.0; Win64; x64) AppleWebKit/537.36 (KHTML, like Gecko) Chrome/85.0.4183.121 Safari/537.36" 
110.38.159.54 - - [07/Nov/2022:08:54:42 -0800] "GET /maccdc2012/smtp.log.gz HTTP/1.1" 200 6933 "-" "Mozilla/5.0 (Windows NT 10.0; Win64; x64) AppleWebKit/537.36 (KHTML, like Gecko) Chrome/85.0.4183.121 Safari/537.36" 
110.38.159.54 - - [07/Nov/2022:08:54:42 -0800] "GET /maccdc2012/ssh.log.gz HTTP/1.1" 200 182544 "-" "Mozilla/5.0 (Windows NT 10.0; Win64; x64) AppleWebKit/537.36 (KHTML, like Gecko) Chrome/85.0.4183.121 Safari/537.36" 
110.38.159.54 - - [07/Nov/2022:08:54:44 -0800] "GET /maccdc2012/ssl.log.gz HTTP/1.1" 200 1311463 "-" "Mozilla/5.0 (Windows NT 10.0; Win64; x64) AppleWebKit/537.36 (KHTML, like Gecko) Chrome/85.0.4183.121 Safari/537.36" 
110.38.159.54 - - [07/Nov/2022:08:54:47 -0800] "GET /maccdc2012/tunnel.log.gz HTTP/1.1" 200 5259 "-" "Mozilla/5.0 (Windows NT 10.0; Win64; x64) AppleWebKit/537.36 (KHTML, like Gecko) Chrome/85.0.4183.121 Safari/537.36" 
40.88.21.235 - - [07/Nov/2022:08:57:55 -0800] "GET / HTTP/1.1" 200 13186 "http://www.secrepo.com/" "Mozilla/5.0 (compatible; DuckDuckGo-Favicons-Bot/1.0; +http://duckduckgo.com)" 
40.88.21.235 - - [07/Nov/2022:08:57:55 -0800] "GET /bootstrap/img/favicon.ico HTTP/1.1" 200 690 "http://www.secrepo.com/bootstrap/img/favicon.ico" "Mozilla/5.0 (compatible; DuckDuckGo-Favicons-Bot/1.0; +http://duckduckgo.com)" 
110.38.159.54 - - [07/Nov/2022:08:54:48 -0800] "GET /maccdc2012/conn.log.gz HTTP/1.1" 200 88679248 "-" "Mozilla/5.0 (Windows NT 10.0; Win64; x64) AppleWebKit/537.36 (KHTML, like Gecko) Chrome/85.0.4183.121 Safari/537.36" 
110.38.159.54 - - [07/Nov/2022:09:01:04 -0800] "GET /maccdc2012/dhcp.log.gz HTTP/1.1" 200 44977 "-" "Mozilla/5.0 (Windows NT 10.0; Win64; x64) AppleWebKit/537.36 (KHTML, like Gecko) Chrome/85.0.4183.121 Safari/537.36" 
110.38.159.54 - - [07/Nov/2022:09:01:05 -0800] "GET /maccdc2012/dns.log.gz HTTP/1.1" 200 6607356 "-" "Mozilla/5.0 (Windows NT 10.0; Win64; x64) AppleWebKit/537.36 (KHTML, like Gecko) Chrome/85.0.4183.121 Safari/537.36" 
114.119.145.137 - - [07/Nov/2022:09:01:36 -0800] "GET /Datasets%20Description/Network?C=D%3BO%3DA HTTP/1.1" 301 629 "http://www.secrepo.com/Datasets%20Description/Network?C=S%3BO%3DA" "Mozilla/5.0 (Linux; Android 7.0;) AppleWebKit/537.36 (KHTML, like Gecko) Mobile Safari/537.36 (compatible; PetalBot;+https://webmaster.petalsearch.com/site/petalbot)" 
114.119.145.137 - - [07/Nov/2022:09:01:37 -0800] "GET /Datasets%20Description/Network/?C=D%3BO%3DA HTTP/1.1" 200 746 "http://www.secrepo.com/Datasets%20Description/Network?C=S%3BO%3DA" "Mozilla/5.0 (Linux; Android 7.0;) AppleWebKit/537.36 (KHTML, like Gecko) Mobile Safari/537.36 (compatible; PetalBot;+https://webmaster.petalsearch.com/site/petalbot)" 
110.38.159.54 - - [07/Nov/2022:09:01:23 -0800] "GET /maccdc2012/files.log.gz HTTP/1.1" 200 51233446 "-" "Mozilla/5.0 (Windows NT 10.0; Win64; x64) AppleWebKit/537.36 (KHTML, like Gecko) Chrome/85.0.4183.121 Safari/537.36" 
110.38.159.54 - - [07/Nov/2022:09:04:03 -0800] "GET /maccdc2012/ftp.log.gz HTTP/1.1" 200 127761 "-" "Mozilla/5.0 (Windows NT 10.0; Win64; x64) AppleWebKit/537.36 (KHTML, like Gecko) Chrome/85.0.4183.121 Safari/537.36" 
110.38.159.54 - - [07/Nov/2022:09:04:08 -0800] "GET /maccdc2012/notice.log.gz HTTP/1.1" 200 20774 "-" "Mozilla/5.0 (Windows NT 10.0; Win64; x64) AppleWebKit/537.36 (KHTML, like Gecko) Chrome/85.0.4183.121 Safari/537.36" 
110.38.159.54 - - [07/Nov/2022:09:04:09 -0800] "GET /maccdc2012/signatures.log.gz HTTP/1.1" 200 645 "-" "Mozilla/5.0 (Windows NT 10.0; Win64; x64) AppleWebKit/537.36 (KHTML, like Gecko) Chrome/85.0.4183.121 Safari/537.36" 
110.38.159.54 - - [07/Nov/2022:09:04:09 -0800] "GET /Datasets%20Description/Network/signatures.html HTTP/1.1" 404 305 "-" "Mozilla/5.0 (Windows NT 10.0; Win64; x64) AppleWebKit/537.36 (KHTML, like Gecko) Chrome/85.0.4183.121 Safari/537.36" 
114.119.149.237 - - [07/Nov/2022:09:05:34 -0800] "GET /self.logs/error.log.2019-12-22 HTTP/1.1" 200 351 "http://www.secrepo.com/self.logs?C=N%3BO%3DD" "Mozilla/5.0 (Linux; Android 7.0;) AppleWebKit/537.36 (KHTML, like Gecko) Mobile Safari/537.36 (compatible; PetalBot;+https://webmaster.petalsearch.com/site/petalbot)" 
52.54.92.13 - - [07/Nov/2022:09:06:03 -0800] "GET /maccdc2012/http.log.gz HTTP/1.1" 200 56420944 "-" "curl/7.79.1" 
54.166.233.28 - - [07/Nov/2022:09:09:57 -0800] "GET / HTTP/1.1" 200 13186 "-" "Iframely/1.3.1 (+https://iframely.com/docs/about)" 
114.119.149.23 - - [07/Nov/2022:09:10:57 -0800] "GET /self.logs/error.log.2017-03-27.gz HTTP/1.1" 200 976 "-" "Mozilla/5.0 (compatible;PetalBot;+https://webmaster.petalsearch.com/site/petalbot)" 
157.55.39.122 - - [07/Nov/2022:09:13:26 -0800] "GET /self.logs/ HTTP/1.1" 200 39478 "-" "Mozilla/5.0 (compatible; bingbot/2.0; +http://www.bing.com/bingbot.htm)" 
114.119.145.137 - - [07/Nov/2022:09:21:33 -0800] "GET /self.logs/error.log.2020-08-29 HTTP/1.1" 200 351 "http://www.secrepo.com/self.logs?C=N%3BO%3DD" "Mozilla/5.0 (Linux; Android 7.0;) AppleWebKit/537.36 (KHTML, like Gecko) Mobile Safari/537.36 (compatible; PetalBot;+https://webmaster.petalsearch.com/site/petalbot)" 
114.119.145.137 - - [07/Nov/2022:09:26:47 -0800] "GET /self.logs/error.log.2020-07-25 HTTP/1.1" 200 351 "http://www.secrepo.com/self.logs?C=N%3BO%3DD" "Mozilla/5.0 (Linux; Android 7.0;) AppleWebKit/537.36 (KHTML, like Gecko) Mobile Safari/537.36 (compatible; PetalBot;+https://webmaster.petalsearch.com/site/petalbot)" 
114.119.140.174 - - [07/Nov/2022:09:31:56 -0800] "GET /Datasets%20Description/HTML_Bro_log_1?C=S%3BO%3DA HTTP/1.1" 301 643 "https://www.secrepo.com/Datasets%20Description/HTML_Bro_log_1?C=M%3BO%3DA" "Mozilla/5.0 (Linux; Android 7.0;) AppleWebKit/537.36 (KHTML, like Gecko) Mobile Safari/537.36 (compatible; PetalBot;+https://webmaster.petalsearch.com/site/petalbot)" 
114.119.140.174 - - [07/Nov/2022:09:31:56 -0800] "GET /Datasets%20Description/HTML_Bro_log_1/?C=S%3BO%3DA HTTP/1.1" 200 811 "https://www.secrepo.com/Datasets%20Description/HTML_Bro_log_1?C=M%3BO%3DA" "Mozilla/5.0 (Linux; Android 7.0;) AppleWebKit/537.36 (KHTML, like Gecko) Mobile Safari/537.36 (compatible; PetalBot;+https://webmaster.petalsearch.com/site/petalbot)" 
157.55.39.122 - - [07/Nov/2022:09:48:18 -0800] "GET /self.logs/ HTTP/1.1" 200 39478 "-" "Mozilla/5.0 AppleWebKit/537.36 (KHTML, like Gecko; compatible; bingbot/2.0; +http://www.bing.com/bingbot.htm) Chrome/103.0.5060.134 Safari/537.36" 
114.119.145.137 - - [07/Nov/2022:10:03:09 -0800] "GET /self.logs/access.log.2018-12-09.gz HTTP/1.1" 200 23288 "-" "Mozilla/5.0 (compatible;PetalBot;+https://webmaster.petalsearch.com/site/petalbot)" 
118.184.177.102 - - [07/Nov/2022:10:11:53 -0800] "GET / HTTP/1.1" 200 13148 "-" "Sogou web spider/4.0(+http://www.sogou.com/docs/help/webmasters.htm#07)" 
114.119.149.23 - - [07/Nov/2022:10:23:18 -0800] "GET /self.logs/error.log.2018-07-01.gz HTTP/1.1" 200 5807 "-" "Mozilla/5.0 (compatible;PetalBot;+https://webmaster.petalsearch.com/site/petalbot)" 
157.55.39.122 - - [07/Nov/2022:10:23:23 -0800] "GET /self.logs/ HTTP/1.1" 200 39478 "-" "Mozilla/5.0 (compatible; bingbot/2.0; +http://www.bing.com/bingbot.htm)" 
114.119.140.174 - - [07/Nov/2022:10:33:35 -0800] "GET /self.logs/access.log.2019-03-04.gz HTTP/1.1" 200 19087 "-" "Mozilla/5.0 (compatible;PetalBot;+https://webmaster.petalsearch.com/site/petalbot)" 
185.182.76.38 - - [07/Nov/2022:10:37:07 -0800] "GET / HTTP/1.1" 200 13186 "-" "Mozilla/5.0 (iPhone; CPU iPhone OS 16_0 like Mac OS X) AppleWebKit/605.1.15 (KHTML, like Gecko) Version/16.0 Mobile/15E148 Safari/604.1" 
114.119.140.174 - - [07/Nov/2022:10:54:07 -0800] "GET /self.logs/access.log.2019-12-27.gz HTTP/1.1" 200 13410 "-" "Mozilla/5.0 (compatible;PetalBot;+https://webmaster.petalsearch.com/site/petalbot)" 
157.55.39.122 - - [07/Nov/2022:10:57:36 -0800] "GET /self.logs/ HTTP/1.1" 200 39478 "-" "Mozilla/5.0 AppleWebKit/537.36 (KHTML, like Gecko; compatible; bingbot/2.0; +http://www.bing.com/bingbot.htm) Chrome/103.0.5060.134 Safari/537.36" 
114.119.140.174 - - [07/Nov/2022:10:59:17 -0800] "GET /self.logs/access.log.2020-07-30.gz HTTP/1.1" 200 13139 "-" "Mozilla/5.0 (compatible;PetalBot;+https://webmaster.petalsearch.com/site/petalbot)" 
77.88.5.242 - - [07/Nov/2022:11:00:28 -0800] "GET /robots.txt HTTP/1.1" 200 377 "-" "Mozilla/5.0 (compatible; YandexBot/3.0; +http://yandex.com/bots)" 
77.88.5.242 - - [07/Nov/2022:11:00:31 -0800] "GET / HTTP/1.1" 200 13163 "-" "Mozilla/5.0 (compatible; YandexBot/3.0; +http://yandex.com/bots)" 
182.135.116.174 - - [07/Nov/2022:11:04:55 -0800] "GET / HTTP/1.1" 301 475 "http://secrepo.com" "Mozilla/4.0 (compatible; MSIE 7.0; Windows NT 6.1; WOW64; Trident/7.0; SLCC2; .NET CLR 2.0.50727; .NET CLR 3.5.30729; .NET CLR 3.0.30729; Media Center PC 6.0; .NET4.0C; .NET4.0E)" 
171.217.250.92 - - [07/Nov/2022:11:04:57 -0800] "GET / HTTP/1.1" 200 13186 "http://secrepo.com" "Mozilla/4.0 (compatible; MSIE 7.0; Windows NT 6.1; WOW64; Trident/7.0; SLCC2; .NET CLR 2.0.50727; .NET CLR 3.5.30729; .NET CLR 3.0.30729; Media Center PC 6.0; .NET4.0C; .NET4.0E)" 
54.198.46.51 - - [07/Nov/2022:11:17:08 -0800] "GET /robots.txt HTTP/1.1" 301 458 "https://www.google.com/" "Mozilla/5.0 (Windows NT 10.0; Win64; x64) AppleWebKit/537.36 (KHTML, like Gecko) Chrome/80.0.3987.87 Safari/537.36" 
54.198.46.51 - - [07/Nov/2022:11:17:08 -0800] "GET /robots.txt HTTP/1.1" 200 340 "https://www.google.com/" "Mozilla/5.0 (Windows NT 10.0; Win64; x64) AppleWebKit/537.36 (KHTML, like Gecko) Chrome/80.0.3987.87 Safari/537.36" 
79.110.184.144 - - [07/Nov/2022:11:17:09 -0800] "GET / HTTP/1.1" 301 419 "https://www.google.com/" "Mozilla/5.0 (Windows NT 10.0; Win64; x64) AppleWebKit/537.36 (KHTML, like Gecko) Chrome/80.0.3987.87 Safari/537.36" 
79.110.184.144 - - [07/Nov/2022:11:17:09 -0800] "GET / HTTP/1.1" 200 13142 "https://www.google.com/" "Mozilla/5.0 (Windows NT 10.0; Win64; x64) AppleWebKit/537.36 (KHTML, like Gecko) Chrome/80.0.3987.87 Safari/537.36" 
222.186.43.114 - - [07/Nov/2022:11:26:56 -0800] "GET /e/data/js/ajax.js HTTP/1.1" 404 328 "-" "Mozilla/5.0 (Windows NT 10.0; WOW64; rv:48.0) Gecko/20100101 Firefox/48.0" 
157.55.39.122 - - [07/Nov/2022:11:32:18 -0800] "GET /self.logs/ HTTP/1.1" 200 39478 "-" "Mozilla/5.0 AppleWebKit/537.36 (KHTML, like Gecko; compatible; bingbot/2.0; +http://www.bing.com/bingbot.htm) Chrome/103.0.5060.134 Safari/537.36" 
114.119.140.174 - - [07/Nov/2022:11:38:03 -0800] "GET /self.logs/error.log.2018-09-02.gz HTTP/1.1" 200 5402 "-" "Mozilla/5.0 (compatible;PetalBot;+https://webmaster.petalsearch.com/site/petalbot)" 
157.55.39.122 - - [07/Nov/2022:12:06:42 -0800] "GET /self.logs/ HTTP/1.1" 200 39478 "-" "Mozilla/5.0 (compatible; bingbot/2.0; +http://www.bing.com/bingbot.htm)" 
51.77.205.250 - - [07/Nov/2022:12:10:19 -0800] "GET /honeypot/BSidesDFW%20-%202014.ipynb HTTP/1.1" 301 481 "-" "Tornado-Async-Client" 
40.77.167.14 - - [07/Nov/2022:12:12:13 -0800] "GET /self.logs/access.log.2022-05-05.gz HTTP/1.1" 200 9655 "-" "Mozilla/5.0 AppleWebKit/537.36 (KHTML, like Gecko; compatible; bingbot/2.0; +http://www.bing.com/bingbot.htm) Chrome/103.0.5060.134 Safari/537.36" 
203.86.238.174 - - [07/Nov/2022:12:16:37 -0800] "GET /ueditor/net/controller.ashx HTTP/1.1" 404 328 "-" "Mozilla/5.0 (Windows NT 10.0; Win64; x64) AppleWebKit/537.36 (KHTML, like Gecko) Chrome/101.0.4951.61 Safari/537.36" 
203.86.238.174 - - [07/Nov/2022:12:16:38 -0800] "GET /static/ueditor/net/controller.ashx HTTP/1.1" 404 328 "-" "Mozilla/5.0 (Windows NT 10.0; Win64; x64) AppleWebKit/537.36 (KHTML, like Gecko) Chrome/101.0.4951.61 Safari/537.36" 
203.86.238.174 - - [07/Nov/2022:12:16:39 -0800] "GET /controller.ashx HTTP/1.1" 404 328 "-" "Mozilla/5.0 (Windows NT 10.0; Win64; x64) AppleWebKit/537.36 (KHTML, like Gecko) Chrome/101.0.4951.61 Safari/537.36" 
203.86.238.174 - - [07/Nov/2022:12:16:40 -0800] "GET /editor/wueditor/net/controller.ashx HTTP/1.1" 404 328 "-" "Mozilla/5.0 (Windows NT 10.0; Win64; x64) AppleWebKit/537.36 (KHTML, like Gecko) Chrome/101.0.4951.61 Safari/537.36" 
203.86.238.174 - - [07/Nov/2022:12:16:40 -0800] "GET /ueditor-1.4.3.3/net/controller.ashx HTTP/1.1" 404 328 "-" "Mozilla/5.0 (Windows NT 10.0; Win64; x64) AppleWebKit/537.36 (KHTML, like Gecko) Chrome/101.0.4951.61 Safari/537.36" 
203.86.238.174 - - [07/Nov/2022:12:16:41 -0800] "GET /ueditor-1.4.3/net/controller.ashx HTTP/1.1" 404 328 "-" "Mozilla/5.0 (Windows NT 10.0; Win64; x64) AppleWebKit/537.36 (KHTML, like Gecko) Chrome/101.0.4951.61 Safari/537.36" 
203.86.238.174 - - [07/Nov/2022:12:16:42 -0800] "GET /Content/ueditor/net/controller.ashx HTTP/1.1" 404 328 "-" "Mozilla/5.0 (Windows NT 10.0; Win64; x64) AppleWebKit/537.36 (KHTML, like Gecko) Chrome/101.0.4951.61 Safari/537.36" 
203.86.238.174 - - [07/Nov/2022:12:16:42 -0800] "GET /Scripts/ueditor/net/controller.ashx HTTP/1.1" 404 328 "-" "Mozilla/5.0 (Windows NT 10.0; Win64; x64) AppleWebKit/537.36 (KHTML, like Gecko) Chrome/101.0.4951.61 Safari/537.36" 
203.86.238.174 - - [07/Nov/2022:12:16:42 -0800] "GET /static/ueditor-1.4.3.3/net/controller.ashx HTTP/1.1" 404 328 "-" "Mozilla/5.0 (Windows NT 10.0; Win64; x64) AppleWebKit/537.36 (KHTML, like Gecko) Chrome/101.0.4951.61 Safari/537.36" 
203.86.238.174 - - [07/Nov/2022:12:16:43 -0800] "GET /static/ueditor-1.4.3/net/controller.ashx HTTP/1.1" 404 328 "-" "Mozilla/5.0 (Windows NT 10.0; Win64; x64) AppleWebKit/537.36 (KHTML, like Gecko) Chrome/101.0.4951.61 Safari/537.36" 
