103.218.216.129 - - [19/Sep/2019:19:01:39 -0700] "GET /GitHub-Mark.png HTTP/1.1" 200 7450 "http://www.secrepo.com/" "Mozilla/5.0 (Windows NT 6.1; Win64; x64) AppleWebKit/537.36 (KHTML, like Gecko) Chrome/76.0.3809.132 Safari/537.36" 
207.46.13.204 - - [19/Sep/2019:19:01:43 -0700] "GET /self.logs/access.log.2018-06-06.gz HTTP/1.1" 200 20724 "-" "Mozilla/5.0 (compatible; bingbot/2.0; +http://www.bing.com/bingbot.htm)" 
103.218.216.129 - - [19/Sep/2019:19:01:43 -0700] "GET /bootstrap/img/favicon.ico HTTP/1.1" 200 624 "http://www.secrepo.com/" "Mozilla/5.0 (Windows NT 6.1; Win64; x64) AppleWebKit/537.36 (KHTML, like Gecko) Chrome/76.0.3809.132 Safari/537.36" 
142.4.116.225 - - [19/Sep/2019:19:08:30 -0700] "GET /bootstrap/zycheditor/asp/upload_json.asp?dir=Image HTTP/1.1" 301 575 "http://secrepo.com/" "Mozilla/5.0 (Windows NT 6.1; Win64; x64) AppleWebKit/537.36 (KHTML, like Gecko) Chrome/73.0.3683.86 Safari/537.36" 
142.4.116.225 - - [19/Sep/2019:19:08:30 -0700] "GET /bootstrap/zycheditor/asp/upload_json.asp?dir=Image HTTP/1.1" 404 294 "http://secrepo.com/" "Mozilla/5.0 (Windows NT 6.1; Win64; x64) AppleWebKit/537.36 (KHTML, like Gecko) Chrome/73.0.3683.86 Safari/537.36" 
142.4.116.225 - - [19/Sep/2019:19:08:31 -0700] "GET /Lab_1/zycheditor/asp/upload_json.asp?dir=Image HTTP/1.1" 301 566 "http://secrepo.com/" "Mozilla/5.0 (Windows NT 6.1; Win64; x64) AppleWebKit/537.36 (KHTML, like Gecko) Chrome/73.0.3683.86 Safari/537.36" 
142.4.116.225 - - [19/Sep/2019:19:08:31 -0700] "GET /Lab_1/zycheditor/asp/upload_json.asp?dir=Image HTTP/1.1" 404 271 "http://secrepo.com/" "Mozilla/5.0 (Windows NT 6.1; Win64; x64) AppleWebKit/537.36 (KHTML, like Gecko) Chrome/73.0.3683.86 Safari/537.36" 
142.4.116.225 - - [19/Sep/2019:19:08:31 -0700] "GET /PE_malware/zycheditor/asp/upload_json.asp?dir=Image HTTP/1.1" 301 576 "http://secrepo.com/" "Mozilla/5.0 (Windows NT 6.1; Win64; x64) AppleWebKit/537.36 (KHTML, like Gecko) Chrome/73.0.3683.86 Safari/537.36" 
142.4.116.225 - - [19/Sep/2019:19:08:31 -0700] "GET /PE_malware/zycheditor/asp/upload_json.asp?dir=Image HTTP/1.1" 404 271 "http://secrepo.com/" "Mozilla/5.0 (Windows NT 6.1; Win64; x64) AppleWebKit/537.36 (KHTML, like Gecko) Chrome/73.0.3683.86 Safari/537.36" 
142.4.116.225 - - [19/Sep/2019:19:08:31 -0700] "GET /HTML_Bro_log_3/zycheditor/asp/upload_json.asp?dir=Image HTTP/1.1" 301 584 "http://secrepo.com/" "Mozilla/5.0 (Windows NT 6.1; Win64; x64) AppleWebKit/537.36 (KHTML, like Gecko) Chrome/73.0.3683.86 Safari/537.36" 
142.4.116.225 - - [19/Sep/2019:19:08:31 -0700] "GET /HTML_Bro_log_3/zycheditor/asp/upload_json.asp?dir=Image HTTP/1.1" 404 271 "http://secrepo.com/" "Mozilla/5.0 (Windows NT 6.1; Win64; x64) AppleWebKit/537.36 (KHTML, like Gecko) Chrome/73.0.3683.86 Safari/537.36" 
142.4.116.225 - - [19/Sep/2019:19:08:31 -0700] "GET /HTML_Bro_log_2/zycheditor/asp/upload_json.asp?dir=Image HTTP/1.1" 301 584 "http://secrepo.com/" "Mozilla/5.0 (Windows NT 6.1; Win64; x64) AppleWebKit/537.36 (KHTML, like Gecko) Chrome/73.0.3683.86 Safari/537.36" 
142.4.116.225 - - [19/Sep/2019:19:08:31 -0700] "GET /HTML_Bro_log_2/zycheditor/asp/upload_json.asp?dir=Image HTTP/1.1" 404 271 "http://secrepo.com/" "Mozilla/5.0 (Windows NT 6.1; Win64; x64) AppleWebKit/537.36 (KHTML, like Gecko) Chrome/73.0.3683.86 Safari/537.36" 
142.4.116.225 - - [19/Sep/2019:19:08:31 -0700] "GET /HTML_Bro_log_1/zycheditor/asp/upload_json.asp?dir=Image HTTP/1.1" 301 584 "http://secrepo.com/" "Mozilla/5.0 (Windows NT 6.1; Win64; x64) AppleWebKit/537.36 (KHTML, like Gecko) Chrome/73.0.3683.86 Safari/537.36" 
142.4.116.225 - - [19/Sep/2019:19:08:31 -0700] "GET /HTML_Bro_log_1/zycheditor/asp/upload_json.asp?dir=Image HTTP/1.1" 404 271 "http://secrepo.com/" "Mozilla/5.0 (Windows NT 6.1; Win64; x64) AppleWebKit/537.36 (KHTML, like Gecko) Chrome/73.0.3683.86 Safari/537.36" 
142.4.116.225 - - [19/Sep/2019:19:08:31 -0700] "GET /Network/zycheditor/asp/upload_json.asp?dir=Image HTTP/1.1" 301 570 "http://secrepo.com/" "Mozilla/5.0 (Windows NT 6.1; Win64; x64) AppleWebKit/537.36 (KHTML, like Gecko) Chrome/73.0.3683.86 Safari/537.36" 
142.4.116.225 - - [19/Sep/2019:19:08:31 -0700] "GET /Network/zycheditor/asp/upload_json.asp?dir=Image HTTP/1.1" 404 271 "http://secrepo.com/" "Mozilla/5.0 (Windows NT 6.1; Win64; x64) AppleWebKit/537.36 (KHTML, like Gecko) Chrome/73.0.3683.86 Safari/537.36" 
142.4.116.225 - - [19/Sep/2019:19:08:31 -0700] "GET /zycheditor/asp/upload_json.asp?dir=Image HTTP/1.1" 301 554 "http://secrepo.com/" "Mozilla/5.0 (Windows NT 6.1; Win64; x64) AppleWebKit/537.36 (KHTML, like Gecko) Chrome/73.0.3683.86 Safari/537.36" 
142.4.116.225 - - [19/Sep/2019:19:08:31 -0700] "GET /zycheditor/asp/upload_json.asp?dir=Image HTTP/1.1" 404 271 "http://secrepo.com/" "Mozilla/5.0 (Windows NT 6.1; Win64; x64) AppleWebKit/537.36 (KHTML, like Gecko) Chrome/73.0.3683.86 Safari/537.36" 
142.4.116.225 - - [19/Sep/2019:19:08:31 -0700] "GET /bootstrap/AdminBeat/KEditor/asp/upload_json.asp?dir=Image HTTP/1.1" 301 588 "http://secrepo.com/" "Mozilla/5.0 (Windows NT 6.1; Win64; x64) AppleWebKit/537.36 (KHTML, like Gecko) Chrome/73.0.3683.86 Safari/537.36" 
142.4.116.225 - - [19/Sep/2019:19:08:32 -0700] "GET /bootstrap/AdminBeat/KEditor/asp/upload_json.asp?dir=Image HTTP/1.1" 404 271 "http://secrepo.com/" "Mozilla/5.0 (Windows NT 6.1; Win64; x64) AppleWebKit/537.36 (KHTML, like Gecko) Chrome/73.0.3683.86 Safari/537.36" 
142.4.116.225 - - [19/Sep/2019:19:08:32 -0700] "GET /Lab_1/AdminBeat/KEditor/asp/upload_json.asp?dir=Image HTTP/1.1" 301 580 "http://secrepo.com/" "Mozilla/5.0 (Windows NT 6.1; Win64; x64) AppleWebKit/537.36 (KHTML, like Gecko) Chrome/73.0.3683.86 Safari/537.36" 
142.4.116.225 - - [19/Sep/2019:19:08:32 -0700] "GET /Lab_1/AdminBeat/KEditor/asp/upload_json.asp?dir=Image HTTP/1.1" 404 271 "http://secrepo.com/" "Mozilla/5.0 (Windows NT 6.1; Win64; x64) AppleWebKit/537.36 (KHTML, like Gecko) Chrome/73.0.3683.86 Safari/537.36" 
142.4.116.225 - - [19/Sep/2019:19:08:32 -0700] "GET /PE_malware/AdminBeat/KEditor/asp/upload_json.asp?dir=Image HTTP/1.1" 301 590 "http://secrepo.com/" "Mozilla/5.0 (Windows NT 6.1; Win64; x64) AppleWebKit/537.36 (KHTML, like Gecko) Chrome/73.0.3683.86 Safari/537.36" 
142.4.116.225 - - [19/Sep/2019:19:08:32 -0700] "GET /PE_malware/AdminBeat/KEditor/asp/upload_json.asp?dir=Image HTTP/1.1" 404 271 "http://secrepo.com/" "Mozilla/5.0 (Windows NT 6.1; Win64; x64) AppleWebKit/537.36 (KHTML, like Gecko) Chrome/73.0.3683.86 Safari/537.36" 
142.4.116.225 - - [19/Sep/2019:19:08:32 -0700] "GET /HTML_Bro_log_3/AdminBeat/KEditor/asp/upload_json.asp?dir=Image HTTP/1.1" 301 598 "http://secrepo.com/" "Mozilla/5.0 (Windows NT 6.1; Win64; x64) AppleWebKit/537.36 (KHTML, like Gecko) Chrome/73.0.3683.86 Safari/537.36" 
142.4.116.225 - - [19/Sep/2019:19:08:32 -0700] "GET /HTML_Bro_log_3/AdminBeat/KEditor/asp/upload_json.asp?dir=Image HTTP/1.1" 404 271 "http://secrepo.com/" "Mozilla/5.0 (Windows NT 6.1; Win64; x64) AppleWebKit/537.36 (KHTML, like Gecko) Chrome/73.0.3683.86 Safari/537.36" 
142.4.116.225 - - [19/Sep/2019:19:08:32 -0700] "GET /HTML_Bro_log_2/AdminBeat/KEditor/asp/upload_json.asp?dir=Image HTTP/1.1" 301 598 "http://secrepo.com/" "Mozilla/5.0 (Windows NT 6.1; Win64; x64) AppleWebKit/537.36 (KHTML, like Gecko) Chrome/73.0.3683.86 Safari/537.36" 
142.4.116.225 - - [19/Sep/2019:19:08:32 -0700] "GET /HTML_Bro_log_2/AdminBeat/KEditor/asp/upload_json.asp?dir=Image HTTP/1.1" 404 271 "http://secrepo.com/" "Mozilla/5.0 (Windows NT 6.1; Win64; x64) AppleWebKit/537.36 (KHTML, like Gecko) Chrome/73.0.3683.86 Safari/537.36" 
142.4.116.225 - - [19/Sep/2019:19:08:32 -0700] "GET /HTML_Bro_log_1/AdminBeat/KEditor/asp/upload_json.asp?dir=Image HTTP/1.1" 301 598 "http://secrepo.com/" "Mozilla/5.0 (Windows NT 6.1; Win64; x64) AppleWebKit/537.36 (KHTML, like Gecko) Chrome/73.0.3683.86 Safari/537.36" 
142.4.116.225 - - [19/Sep/2019:19:08:32 -0700] "GET /HTML_Bro_log_1/AdminBeat/KEditor/asp/upload_json.asp?dir=Image HTTP/1.1" 404 271 "http://secrepo.com/" "Mozilla/5.0 (Windows NT 6.1; Win64; x64) AppleWebKit/537.36 (KHTML, like Gecko) Chrome/73.0.3683.86 Safari/537.36" 
142.4.116.225 - - [19/Sep/2019:19:08:32 -0700] "GET /Network/AdminBeat/KEditor/asp/upload_json.asp?dir=Image HTTP/1.1" 301 584 "http://secrepo.com/" "Mozilla/5.0 (Windows NT 6.1; Win64; x64) AppleWebKit/537.36 (KHTML, like Gecko) Chrome/73.0.3683.86 Safari/537.36" 
142.4.116.225 - - [19/Sep/2019:19:08:32 -0700] "GET /Network/AdminBeat/KEditor/asp/upload_json.asp?dir=Image HTTP/1.1" 404 271 "http://secrepo.com/" "Mozilla/5.0 (Windows NT 6.1; Win64; x64) AppleWebKit/537.36 (KHTML, like Gecko) Chrome/73.0.3683.86 Safari/537.36" 
142.4.116.225 - - [19/Sep/2019:19:08:32 -0700] "GET /AdminBeat/KEditor/asp/upload_json.asp?dir=Image HTTP/1.1" 301 568 "http://secrepo.com/" "Mozilla/5.0 (Windows NT 6.1; Win64; x64) AppleWebKit/537.36 (KHTML, like Gecko) Chrome/73.0.3683.86 Safari/537.36" 
142.4.116.225 - - [19/Sep/2019:19:08:32 -0700] "GET /AdminBeat/KEditor/asp/upload_json.asp?dir=Image HTTP/1.1" 404 271 "http://secrepo.com/" "Mozilla/5.0 (Windows NT 6.1; Win64; x64) AppleWebKit/537.36 (KHTML, like Gecko) Chrome/73.0.3683.86 Safari/537.36" 
142.4.116.225 - - [19/Sep/2019:19:08:33 -0700] "GET /bootstrap/Wyadmin/kindeditor_4.1.5/asp/upload_json.asp?dir=Image HTTP/1.1" 301 602 "http://secrepo.com/" "Mozilla/5.0 (Windows NT 6.1; Win64; x64) AppleWebKit/537.36 (KHTML, like Gecko) Chrome/73.0.3683.86 Safari/537.36" 
142.4.116.225 - - [19/Sep/2019:19:08:33 -0700] "GET /bootstrap/Wyadmin/kindeditor_4.1.5/asp/upload_json.asp?dir=Image HTTP/1.1" 404 271 "http://secrepo.com/" "Mozilla/5.0 (Windows NT 6.1; Win64; x64) AppleWebKit/537.36 (KHTML, like Gecko) Chrome/73.0.3683.86 Safari/537.36" 
142.4.116.225 - - [19/Sep/2019:19:08:33 -0700] "GET /Lab_1/Wyadmin/kindeditor_4.1.5/asp/upload_json.asp?dir=Image HTTP/1.1" 301 594 "http://secrepo.com/" "Mozilla/5.0 (Windows NT 6.1; Win64; x64) AppleWebKit/537.36 (KHTML, like Gecko) Chrome/73.0.3683.86 Safari/537.36" 
142.4.116.225 - - [19/Sep/2019:19:08:33 -0700] "GET /Lab_1/Wyadmin/kindeditor_4.1.5/asp/upload_json.asp?dir=Image HTTP/1.1" 404 271 "http://secrepo.com/" "Mozilla/5.0 (Windows NT 6.1; Win64; x64) AppleWebKit/537.36 (KHTML, like Gecko) Chrome/73.0.3683.86 Safari/537.36" 
142.4.116.225 - - [19/Sep/2019:19:08:33 -0700] "GET /PE_malware/Wyadmin/kindeditor_4.1.5/asp/upload_json.asp?dir=Image HTTP/1.1" 301 604 "http://secrepo.com/" "Mozilla/5.0 (Windows NT 6.1; Win64; x64) AppleWebKit/537.36 (KHTML, like Gecko) Chrome/73.0.3683.86 Safari/537.36" 
142.4.116.225 - - [19/Sep/2019:19:08:33 -0700] "GET /PE_malware/Wyadmin/kindeditor_4.1.5/asp/upload_json.asp?dir=Image HTTP/1.1" 404 271 "http://secrepo.com/" "Mozilla/5.0 (Windows NT 6.1; Win64; x64) AppleWebKit/537.36 (KHTML, like Gecko) Chrome/73.0.3683.86 Safari/537.36" 
142.4.116.225 - - [19/Sep/2019:19:08:33 -0700] "GET /HTML_Bro_log_3/Wyadmin/kindeditor_4.1.5/asp/upload_json.asp?dir=Image HTTP/1.1" 301 612 "http://secrepo.com/" "Mozilla/5.0 (Windows NT 6.1; Win64; x64) AppleWebKit/537.36 (KHTML, like Gecko) Chrome/73.0.3683.86 Safari/537.36" 
142.4.116.225 - - [19/Sep/2019:19:08:33 -0700] "GET /HTML_Bro_log_3/Wyadmin/kindeditor_4.1.5/asp/upload_json.asp?dir=Image HTTP/1.1" 404 271 "http://secrepo.com/" "Mozilla/5.0 (Windows NT 6.1; Win64; x64) AppleWebKit/537.36 (KHTML, like Gecko) Chrome/73.0.3683.86 Safari/537.36" 
142.4.116.225 - - [19/Sep/2019:19:08:33 -0700] "GET /HTML_Bro_log_2/Wyadmin/kindeditor_4.1.5/asp/upload_json.asp?dir=Image HTTP/1.1" 301 612 "http://secrepo.com/" "Mozilla/5.0 (Windows NT 6.1; Win64; x64) AppleWebKit/537.36 (KHTML, like Gecko) Chrome/73.0.3683.86 Safari/537.36" 
142.4.116.225 - - [19/Sep/2019:19:08:33 -0700] "GET /HTML_Bro_log_2/Wyadmin/kindeditor_4.1.5/asp/upload_json.asp?dir=Image HTTP/1.1" 404 271 "http://secrepo.com/" "Mozilla/5.0 (Windows NT 6.1; Win64; x64) AppleWebKit/537.36 (KHTML, like Gecko) Chrome/73.0.3683.86 Safari/537.36" 
142.4.116.225 - - [19/Sep/2019:19:08:33 -0700] "GET /HTML_Bro_log_1/Wyadmin/kindeditor_4.1.5/asp/upload_json.asp?dir=Image HTTP/1.1" 301 612 "http://secrepo.com/" "Mozilla/5.0 (Windows NT 6.1; Win64; x64) AppleWebKit/537.36 (KHTML, like Gecko) Chrome/73.0.3683.86 Safari/537.36" 
142.4.116.225 - - [19/Sep/2019:19:08:33 -0700] "GET /HTML_Bro_log_1/Wyadmin/kindeditor_4.1.5/asp/upload_json.asp?dir=Image HTTP/1.1" 404 271 "http://secrepo.com/" "Mozilla/5.0 (Windows NT 6.1; Win64; x64) AppleWebKit/537.36 (KHTML, like Gecko) Chrome/73.0.3683.86 Safari/537.36" 
142.4.116.225 - - [19/Sep/2019:19:08:33 -0700] "GET /Network/Wyadmin/kindeditor_4.1.5/asp/upload_json.asp?dir=Image HTTP/1.1" 301 598 "http://secrepo.com/" "Mozilla/5.0 (Windows NT 6.1; Win64; x64) AppleWebKit/537.36 (KHTML, like Gecko) Chrome/73.0.3683.86 Safari/537.36" 
142.4.116.225 - - [19/Sep/2019:19:08:33 -0700] "GET /Network/Wyadmin/kindeditor_4.1.5/asp/upload_json.asp?dir=Image HTTP/1.1" 404 271 "http://secrepo.com/" "Mozilla/5.0 (Windows NT 6.1; Win64; x64) AppleWebKit/537.36 (KHTML, like Gecko) Chrome/73.0.3683.86 Safari/537.36" 
142.4.116.225 - - [19/Sep/2019:19:08:34 -0700] "GET /Wyadmin/kindeditor_4.1.5/asp/upload_json.asp?dir=Image HTTP/1.1" 301 582 "http://secrepo.com/" "Mozilla/5.0 (Windows NT 6.1; Win64; x64) AppleWebKit/537.36 (KHTML, like Gecko) Chrome/73.0.3683.86 Safari/537.36" 
142.4.116.225 - - [19/Sep/2019:19:08:34 -0700] "GET /Wyadmin/kindeditor_4.1.5/asp/upload_json.asp?dir=Image HTTP/1.1" 404 271 "http://secrepo.com/" "Mozilla/5.0 (Windows NT 6.1; Win64; x64) AppleWebKit/537.36 (KHTML, like Gecko) Chrome/73.0.3683.86 Safari/537.36" 
142.4.116.225 - - [19/Sep/2019:19:08:34 -0700] "GET /bootstrap/kindeditor_4.1.10/asp/upload_json.asp?dir=Image HTTP/1.1" 301 588 "http://secrepo.com/" "Mozilla/5.0 (Windows NT 6.1; Win64; x64) AppleWebKit/537.36 (KHTML, like Gecko) Chrome/73.0.3683.86 Safari/537.36" 
142.4.116.225 - - [19/Sep/2019:19:08:34 -0700] "GET /bootstrap/kindeditor_4.1.10/asp/upload_json.asp?dir=Image HTTP/1.1" 404 271 "http://secrepo.com/" "Mozilla/5.0 (Windows NT 6.1; Win64; x64) AppleWebKit/537.36 (KHTML, like Gecko) Chrome/73.0.3683.86 Safari/537.36" 
142.4.116.225 - - [19/Sep/2019:19:08:34 -0700] "GET /Lab_1/kindeditor_4.1.10/asp/upload_json.asp?dir=Image HTTP/1.1" 301 580 "http://secrepo.com/" "Mozilla/5.0 (Windows NT 6.1; Win64; x64) AppleWebKit/537.36 (KHTML, like Gecko) Chrome/73.0.3683.86 Safari/537.36" 
142.4.116.225 - - [19/Sep/2019:19:08:34 -0700] "GET /Lab_1/kindeditor_4.1.10/asp/upload_json.asp?dir=Image HTTP/1.1" 404 271 "http://secrepo.com/" "Mozilla/5.0 (Windows NT 6.1; Win64; x64) AppleWebKit/537.36 (KHTML, like Gecko) Chrome/73.0.3683.86 Safari/537.36" 
142.4.116.225 - - [19/Sep/2019:19:08:34 -0700] "GET /PE_malware/kindeditor_4.1.10/asp/upload_json.asp?dir=Image HTTP/1.1" 301 590 "http://secrepo.com/" "Mozilla/5.0 (Windows NT 6.1; Win64; x64) AppleWebKit/537.36 (KHTML, like Gecko) Chrome/73.0.3683.86 Safari/537.36" 
142.4.116.225 - - [19/Sep/2019:19:08:34 -0700] "GET /PE_malware/kindeditor_4.1.10/asp/upload_json.asp?dir=Image HTTP/1.1" 404 271 "http://secrepo.com/" "Mozilla/5.0 (Windows NT 6.1; Win64; x64) AppleWebKit/537.36 (KHTML, like Gecko) Chrome/73.0.3683.86 Safari/537.36" 
142.4.116.225 - - [19/Sep/2019:19:08:34 -0700] "GET /HTML_Bro_log_3/kindeditor_4.1.10/asp/upload_json.asp?dir=Image HTTP/1.1" 301 598 "http://secrepo.com/" "Mozilla/5.0 (Windows NT 6.1; Win64; x64) AppleWebKit/537.36 (KHTML, like Gecko) Chrome/73.0.3683.86 Safari/537.36" 
142.4.116.225 - - [19/Sep/2019:19:08:34 -0700] "GET /HTML_Bro_log_3/kindeditor_4.1.10/asp/upload_json.asp?dir=Image HTTP/1.1" 404 271 "http://secrepo.com/" "Mozilla/5.0 (Windows NT 6.1; Win64; x64) AppleWebKit/537.36 (KHTML, like Gecko) Chrome/73.0.3683.86 Safari/537.36" 
142.4.116.225 - - [19/Sep/2019:19:08:34 -0700] "GET /HTML_Bro_log_2/kindeditor_4.1.10/asp/upload_json.asp?dir=Image HTTP/1.1" 301 598 "http://secrepo.com/" "Mozilla/5.0 (Windows NT 6.1; Win64; x64) AppleWebKit/537.36 (KHTML, like Gecko) Chrome/73.0.3683.86 Safari/537.36" 
142.4.116.225 - - [19/Sep/2019:19:08:34 -0700] "GET /HTML_Bro_log_2/kindeditor_4.1.10/asp/upload_json.asp?dir=Image HTTP/1.1" 404 271 "http://secrepo.com/" "Mozilla/5.0 (Windows NT 6.1; Win64; x64) AppleWebKit/537.36 (KHTML, like Gecko) Chrome/73.0.3683.86 Safari/537.36" 
142.4.116.225 - - [19/Sep/2019:19:08:34 -0700] "GET /HTML_Bro_log_1/kindeditor_4.1.10/asp/upload_json.asp?dir=Image HTTP/1.1" 301 598 "http://secrepo.com/" "Mozilla/5.0 (Windows NT 6.1; Win64; x64) AppleWebKit/537.36 (KHTML, like Gecko) Chrome/73.0.3683.86 Safari/537.36" 
142.4.116.225 - - [19/Sep/2019:19:08:34 -0700] "GET /HTML_Bro_log_1/kindeditor_4.1.10/asp/upload_json.asp?dir=Image HTTP/1.1" 404 271 "http://secrepo.com/" "Mozilla/5.0 (Windows NT 6.1; Win64; x64) AppleWebKit/537.36 (KHTML, like Gecko) Chrome/73.0.3683.86 Safari/537.36" 
142.4.116.225 - - [19/Sep/2019:19:08:34 -0700] "GET /Network/kindeditor_4.1.10/asp/upload_json.asp?dir=Image HTTP/1.1" 301 584 "http://secrepo.com/" "Mozilla/5.0 (Windows NT 6.1; Win64; x64) AppleWebKit/537.36 (KHTML, like Gecko) Chrome/73.0.3683.86 Safari/537.36" 
142.4.116.225 - - [19/Sep/2019:19:08:35 -0700] "GET /Network/kindeditor_4.1.10/asp/upload_json.asp?dir=Image HTTP/1.1" 404 271 "http://secrepo.com/" "Mozilla/5.0 (Windows NT 6.1; Win64; x64) AppleWebKit/537.36 (KHTML, like Gecko) Chrome/73.0.3683.86 Safari/537.36" 
142.4.116.225 - - [19/Sep/2019:19:08:35 -0700] "GET /kindeditor_4.1.10/asp/upload_json.asp?dir=Image HTTP/1.1" 301 568 "http://secrepo.com/" "Mozilla/5.0 (Windows NT 6.1; Win64; x64) AppleWebKit/537.36 (KHTML, like Gecko) Chrome/73.0.3683.86 Safari/537.36" 
142.4.116.225 - - [19/Sep/2019:19:08:35 -0700] "GET /kindeditor_4.1.10/asp/upload_json.asp?dir=Image HTTP/1.1" 404 271 "http://secrepo.com/" "Mozilla/5.0 (Windows NT 6.1; Win64; x64) AppleWebKit/537.36 (KHTML, like Gecko) Chrome/73.0.3683.86 Safari/537.36" 
142.4.116.225 - - [19/Sep/2019:19:08:35 -0700] "GET /bootstrap/keditor/asp/upload_json.asp?dir=Image HTTP/1.1" 301 568 "http://secrepo.com/" "Mozilla/5.0 (Windows NT 6.1; Win64; x64) AppleWebKit/537.36 (KHTML, like Gecko) Chrome/73.0.3683.86 Safari/537.36" 
142.4.116.225 - - [19/Sep/2019:19:08:35 -0700] "GET /bootstrap/keditor/asp/upload_json.asp?dir=Image HTTP/1.1" 404 271 "http://secrepo.com/" "Mozilla/5.0 (Windows NT 6.1; Win64; x64) AppleWebKit/537.36 (KHTML, like Gecko) Chrome/73.0.3683.86 Safari/537.36" 
142.4.116.225 - - [19/Sep/2019:19:08:35 -0700] "GET /Lab_1/keditor/asp/upload_json.asp?dir=Image HTTP/1.1" 301 560 "http://secrepo.com/" "Mozilla/5.0 (Windows NT 6.1; Win64; x64) AppleWebKit/537.36 (KHTML, like Gecko) Chrome/73.0.3683.86 Safari/537.36" 
142.4.116.225 - - [19/Sep/2019:19:08:35 -0700] "GET /Lab_1/keditor/asp/upload_json.asp?dir=Image HTTP/1.1" 404 271 "http://secrepo.com/" "Mozilla/5.0 (Windows NT 6.1; Win64; x64) AppleWebKit/537.36 (KHTML, like Gecko) Chrome/73.0.3683.86 Safari/537.36" 
142.4.116.225 - - [19/Sep/2019:19:08:35 -0700] "GET /PE_malware/keditor/asp/upload_json.asp?dir=Image HTTP/1.1" 301 570 "http://secrepo.com/" "Mozilla/5.0 (Windows NT 6.1; Win64; x64) AppleWebKit/537.36 (KHTML, like Gecko) Chrome/73.0.3683.86 Safari/537.36" 
142.4.116.225 - - [19/Sep/2019:19:08:35 -0700] "GET /PE_malware/keditor/asp/upload_json.asp?dir=Image HTTP/1.1" 404 271 "http://secrepo.com/" "Mozilla/5.0 (Windows NT 6.1; Win64; x64) AppleWebKit/537.36 (KHTML, like Gecko) Chrome/73.0.3683.86 Safari/537.36" 
142.4.116.225 - - [19/Sep/2019:19:08:35 -0700] "GET /HTML_Bro_log_3/keditor/asp/upload_json.asp?dir=Image HTTP/1.1" 301 578 "http://secrepo.com/" "Mozilla/5.0 (Windows NT 6.1; Win64; x64) AppleWebKit/537.36 (KHTML, like Gecko) Chrome/73.0.3683.86 Safari/537.36" 
142.4.116.225 - - [19/Sep/2019:19:08:35 -0700] "GET /HTML_Bro_log_3/keditor/asp/upload_json.asp?dir=Image HTTP/1.1" 404 271 "http://secrepo.com/" "Mozilla/5.0 (Windows NT 6.1; Win64; x64) AppleWebKit/537.36 (KHTML, like Gecko) Chrome/73.0.3683.86 Safari/537.36" 
142.4.116.225 - - [19/Sep/2019:19:08:35 -0700] "GET /HTML_Bro_log_2/keditor/asp/upload_json.asp?dir=Image HTTP/1.1" 301 578 "http://secrepo.com/" "Mozilla/5.0 (Windows NT 6.1; Win64; x64) AppleWebKit/537.36 (KHTML, like Gecko) Chrome/73.0.3683.86 Safari/537.36" 
142.4.116.225 - - [19/Sep/2019:19:08:35 -0700] "GET /HTML_Bro_log_2/keditor/asp/upload_json.asp?dir=Image HTTP/1.1" 404 271 "http://secrepo.com/" "Mozilla/5.0 (Windows NT 6.1; Win64; x64) AppleWebKit/537.36 (KHTML, like Gecko) Chrome/73.0.3683.86 Safari/537.36" 
142.4.116.225 - - [19/Sep/2019:19:08:35 -0700] "GET /HTML_Bro_log_1/keditor/asp/upload_json.asp?dir=Image HTTP/1.1" 301 578 "http://secrepo.com/" "Mozilla/5.0 (Windows NT 6.1; Win64; x64) AppleWebKit/537.36 (KHTML, like Gecko) Chrome/73.0.3683.86 Safari/537.36" 
142.4.116.225 - - [19/Sep/2019:19:08:35 -0700] "GET /HTML_Bro_log_1/keditor/asp/upload_json.asp?dir=Image HTTP/1.1" 404 271 "http://secrepo.com/" "Mozilla/5.0 (Windows NT 6.1; Win64; x64) AppleWebKit/537.36 (KHTML, like Gecko) Chrome/73.0.3683.86 Safari/537.36" 
142.4.116.225 - - [19/Sep/2019:19:08:36 -0700] "GET /Network/keditor/asp/upload_json.asp?dir=Image HTTP/1.1" 301 564 "http://secrepo.com/" "Mozilla/5.0 (Windows NT 6.1; Win64; x64) AppleWebKit/537.36 (KHTML, like Gecko) Chrome/73.0.3683.86 Safari/537.36" 
142.4.116.225 - - [19/Sep/2019:19:08:36 -0700] "GET /Network/keditor/asp/upload_json.asp?dir=Image HTTP/1.1" 404 271 "http://secrepo.com/" "Mozilla/5.0 (Windows NT 6.1; Win64; x64) AppleWebKit/537.36 (KHTML, like Gecko) Chrome/73.0.3683.86 Safari/537.36" 
142.4.116.225 - - [19/Sep/2019:19:08:36 -0700] "GET /keditor/asp/upload_json.asp?dir=Image HTTP/1.1" 301 548 "http://secrepo.com/" "Mozilla/5.0 (Windows NT 6.1; Win64; x64) AppleWebKit/537.36 (KHTML, like Gecko) Chrome/73.0.3683.86 Safari/537.36" 
142.4.116.225 - - [19/Sep/2019:19:08:36 -0700] "GET /keditor/asp/upload_json.asp?dir=Image HTTP/1.1" 404 271 "http://secrepo.com/" "Mozilla/5.0 (Windows NT 6.1; Win64; x64) AppleWebKit/537.36 (KHTML, like Gecko) Chrome/73.0.3683.86 Safari/537.36" 
113.171.224.176 - - [19/Sep/2019:19:15:32 -0700] "GET /honeypot/Honeypot%20-%20Howto.pdf HTTP/1.1" 200 61320 "-" "Mozilla/5.0 Gecko/20100115 Firefox/3.6" 
207.46.13.152 - - [19/Sep/2019:19:17:15 -0700] "GET /self.logs/2016/error.log.2016-07-31.gz HTTP/1.1" 200 1071 "-" "Mozilla/5.0 (compatible; bingbot/2.0; +http://www.bing.com/bingbot.htm)" 
14.192.214.240 - - [19/Sep/2019:19:18:01 -0700] "GET /bootstrap/img/favicon.ico HTTP/1.1" 200 624 "-" "Mozilla/5.0 (Windows NT 10.0; Win64; x64; rv:60.0) Gecko/20100101 Firefox/60.0" 
14.192.214.240 - - [19/Sep/2019:19:18:05 -0700] "GET /bootstrap/img/favicon.ico HTTP/1.1" 200 624 "-" "Mozilla/5.0 (Windows NT 10.0; Win64; x64; rv:60.0) Gecko/20100101 Firefox/60.0" 
123.126.68.141 - - [19/Sep/2019:19:25:56 -0700] "GET / HTTP/1.1" 200 12429 "http://www.sogou.com/web?query=site%3Awww.secrepo.com" "Mozilla/5.0 (Windows NT 6.1; Win64; x64) AppleWebKit/537.36 (KHTML, like Gecko) Chrome/74.0.3729.169 Safari/537.36" 
123.126.68.141 - - [19/Sep/2019:19:25:56 -0700] "GET /css/style.css HTTP/1.1" 404 271 "http://www.secrepo.com/" "Mozilla/5.0 (Windows NT 6.1; Win64; x64) AppleWebKit/537.36 (KHTML, like Gecko) Chrome/74.0.3729.169 Safari/537.36" 
123.126.68.141 - - [19/Sep/2019:19:25:56 -0700] "GET /twitter-icon.png HTTP/1.1" 200 27787 "http://www.secrepo.com/" "Mozilla/5.0 (Windows NT 6.1; Win64; x64) AppleWebKit/537.36 (KHTML, like Gecko) Chrome/74.0.3729.169 Safari/537.36" 
123.126.68.141 - - [19/Sep/2019:19:25:56 -0700] "GET /GitHub-Mark.png HTTP/1.1" 200 7450 "http://www.secrepo.com/" "Mozilla/5.0 (Windows NT 6.1; Win64; x64) AppleWebKit/537.36 (KHTML, like Gecko) Chrome/74.0.3729.169 Safari/537.36" 
52.212.146.96 - - [19/Sep/2019:19:30:03 -0700] "GET /self.logs/access.log.2019-09-13.gz HTTP/1.1" 200 16293 "-" "python-requests/2.12.1" 
52.212.146.96 - - [19/Sep/2019:19:30:03 -0700] "GET /self.logs/access.log.2019-09-14.gz HTTP/1.1" 200 19188 "-" "python-requests/2.12.1" 
52.212.146.96 - - [19/Sep/2019:19:30:03 -0700] "GET /self.logs/access.log.2019-09-15.gz HTTP/1.1" 200 21736 "-" "python-requests/2.12.1" 
52.212.146.96 - - [19/Sep/2019:19:30:04 -0700] "GET /self.logs/access.log.2019-09-16.gz HTTP/1.1" 200 19919 "-" "python-requests/2.12.1" 
52.212.146.96 - - [19/Sep/2019:19:30:04 -0700] "GET /self.logs/access.log.2019-09-17.gz HTTP/1.1" 404 294 "-" "python-requests/2.12.1" 
52.212.146.96 - - [19/Sep/2019:19:30:04 -0700] "GET /self.logs/access.log.2019-09-18.gz HTTP/1.1" 404 294 "-" "python-requests/2.12.1" 
52.212.146.96 - - [19/Sep/2019:19:30:04 -0700] "GET /self.logs/access.log.2019-09-19.gz HTTP/1.1" 404 294 "-" "python-requests/2.12.1" 
207.46.13.204 - - [19/Sep/2019:19:33:42 -0700] "GET /self.logs/2015/error.log.2015-01-22.gz HTTP/1.1" 200 646 "-" "Mozilla/5.0 (compatible; bingbot/2.0; +http://www.bing.com/bingbot.htm)" 
157.55.39.50 - - [19/Sep/2019:19:36:58 -0700] "GET /self.logs/?C=S;O=D HTTP/1.1" 200 21040 "-" "Mozilla/5.0 (compatible; bingbot/2.0; +http://www.bing.com/bingbot.htm)" 
116.203.219.74 - - [19/Sep/2019:19:37:23 -0700] "GET / HTTP/1.1" 301 438 "-" "Mozilla/5.0 (Windows; U; Windows NT 5.1; en-US; rv:1.8.1.6) Gecko/20070725 Firefox/2.0.0.6" 
116.203.219.74 - - [19/Sep/2019:19:37:24 -0700] "GET / HTTP/1.1" 200 46568 "-" "Mozilla/5.0 (Windows; U; Windows NT 5.1; en-US; rv:1.8.1.6) Gecko/20070725 Firefox/2.0.0.6" 
157.55.39.50 - - [19/Sep/2019:19:43:32 -0700] "GET /self.logs/error.log.2017-12-26.gz HTTP/1.1" 200 1988 "-" "Mozilla/5.0 (compatible; bingbot/2.0; +http://www.bing.com/bingbot.htm)" 
207.46.13.152 - - [19/Sep/2019:19:45:54 -0700] "GET /self.logs/error.log.2019-04-12.gz HTTP/1.1" 200 4174 "-" "Mozilla/5.0 (compatible; bingbot/2.0; +http://www.bing.com/bingbot.htm)" 
216.244.66.245 - - [19/Sep/2019:19:46:13 -0700] "GET /robots.txt HTTP/1.1" 200 244 "-" "Mozilla/5.0 (compatible; DotBot/1.1; http://www.opensiteexplorer.org/dotbot, help@moz.com)" 
207.46.13.204 - - [19/Sep/2019:19:49:35 -0700] "GET /self.logs/access.log.2019-05-23.gz HTTP/1.1" 200 27925 "-" "Mozilla/5.0 (compatible; bingbot/2.0; +http://www.bing.com/bingbot.htm)" 
116.203.219.74 - - [19/Sep/2019:19:51:38 -0700] "GET / HTTP/1.1" 200 46568 "-" "Mozilla/5.0 (Windows; U; Windows NT 5.1; en-US; rv:1.8.1.6) Gecko/20070725 Firefox/2.0.0.6" 
216.244.66.245 - - [19/Sep/2019:19:59:08 -0700] "GET /self.logs/access.log.2019-09-12.gz HTTP/1.1" 200 24465 "-" "Mozilla/5.0 (compatible; DotBot/1.1; http://www.opensiteexplorer.org/dotbot, help@moz.com)" 
108.59.8.80 - - [19/Sep/2019:20:01:15 -0700] "GET /robots.txt HTTP/1.1" 200 288 "-" "Mozilla/5.0 (compatible; MJ12bot/v1.4.8; http://mj12bot.com/)" 
108.59.8.80 - - [19/Sep/2019:20:01:35 -0700] "GET / HTTP/1.1" 200 12384 "-" "Mozilla/5.0 (compatible; MJ12bot/v1.4.8; http://mj12bot.com/)" 
207.46.13.152 - - [19/Sep/2019:20:07:33 -0700] "GET /self.logs/error.log.2018-05-05.gz HTTP/1.1" 200 3805 "-" "Mozilla/5.0 (compatible; bingbot/2.0; +http://www.bing.com/bingbot.htm)" 
162.210.196.98 - - [19/Sep/2019:20:08:00 -0700] "GET /robots.txt HTTP/1.1" 301 495 "-" "Mozilla/5.0 (compatible; MJ12bot/v1.4.8; http://mj12bot.com/)" 
162.210.196.98 - - [19/Sep/2019:20:08:01 -0700] "GET /robots.txt HTTP/1.1" 200 288 "-" "Mozilla/5.0 (compatible; MJ12bot/v1.4.8; http://mj12bot.com/)" 
162.210.196.98 - - [19/Sep/2019:20:08:10 -0700] "GET / HTTP/1.1" 301 419 "-" "Mozilla/5.0 (compatible; MJ12bot/v1.4.8; http://mj12bot.com/)" 
162.210.196.98 - - [19/Sep/2019:20:08:13 -0700] "GET / HTTP/1.1" 200 12384 "-" "Mozilla/5.0 (compatible; MJ12bot/v1.4.8; http://mj12bot.com/)" 
157.55.39.50 - - [19/Sep/2019:20:13:29 -0700] "GET /self.logs/access.log.2019-05-25.gz HTTP/1.1" 200 22578 "-" "Mozilla/5.0 (compatible; bingbot/2.0; +http://www.bing.com/bingbot.htm)" 
203.186.25.48 - - [19/Sep/2019:20:14:19 -0700] "GET /robots.txt HTTP/1.1" 200 288 "-" "Mozilla/5.0 (X11; Linux x86_64) AppleWebKit/537.36 (KHTML, like Gecko) Chrome/75.0.3770.100 Safari/537.36" 
203.186.25.48 - - [19/Sep/2019:20:14:19 -0700] "GET / HTTP/1.1" 200 12428 "-" "Mozilla/5.0 (X11; Linux x86_64) AppleWebKit/537.36 (KHTML, like Gecko) Chrome/75.0.3770.100 Safari/537.36" 
203.186.25.48 - - [19/Sep/2019:20:14:19 -0700] "GET /css/style.css HTTP/1.1" 404 271 "http://www.secrepo.com/" "Mozilla/5.0 (X11; Linux x86_64) AppleWebKit/537.36 (KHTML, like Gecko) Chrome/75.0.3770.100 Safari/537.36" 
203.186.25.48 - - [19/Sep/2019:20:14:19 -0700] "GET /twitter-icon.png HTTP/1.1" 200 27787 "http://www.secrepo.com/" "Mozilla/5.0 (X11; Linux x86_64) AppleWebKit/537.36 (KHTML, like Gecko) Chrome/75.0.3770.100 Safari/537.36" 
203.186.25.48 - - [19/Sep/2019:20:14:19 -0700] "GET /GitHub-Mark.png HTTP/1.1" 200 7450 "http://www.secrepo.com/" "Mozilla/5.0 (X11; Linux x86_64) AppleWebKit/537.36 (KHTML, like Gecko) Chrome/75.0.3770.100 Safari/537.36" 
203.186.25.48 - - [19/Sep/2019:20:14:21 -0700] "GET /bootstrap/img/favicon.ico HTTP/1.1" 200 601 "http://www.secrepo.com/" "Mozilla/5.0 (X11; Linux x86_64) AppleWebKit/537.36 (KHTML, like Gecko) Chrome/75.0.3770.100 Safari/537.36" 
202.113.44.31 - - [19/Sep/2019:20:14:04 -0700] "GET /honeypot/honeypot.json.zip HTTP/1.1" 200 13216320 "https://blog.csdn.net/answer3lin/article/details/82966360" "Mozilla/5.0 (Windows NT 10.0; Win64; x64; rv:69.0) Gecko/20100101 Firefox/69.0" 
113.171.224.176 - - [19/Sep/2019:20:18:25 -0700] "GET /honeypot/Honeypot%20-%20Howto.pdf HTTP/1.1" 200 61320 "-" "Mozilla/5.0 Gecko/20100115 Firefox/3.6" 
157.55.39.50 - - [19/Sep/2019:20:21:00 -0700] "GET /self.logs/access.log.2019-04-12.gz HTTP/1.1" 200 20067 "-" "Mozilla/5.0 (compatible; bingbot/2.0; +http://www.bing.com/bingbot.htm)" 
157.55.39.50 - - [19/Sep/2019:20:21:00 -0700] "GET /self.logs/error.log.2018-07-12.gz HTTP/1.1" 200 5089 "-" "Mozilla/5.0 (compatible; bingbot/2.0; +http://www.bing.com/bingbot.htm)" 
202.113.44.31 - - [19/Sep/2019:20:20:48 -0700] "GET /honeypot/honeypot.json.zip HTTP/1.1" 206 8945280 "https://blog.csdn.net/answer3lin/article/details/82966360" "Mozilla/5.0 (Windows NT 10.0; Win64; x64; rv:69.0) Gecko/20100101 Firefox/69.0" 
207.46.13.215 - - [19/Sep/2019:20:22:40 -0700] "GET /self.logs/access.log.2017-01-15.gz HTTP/1.1" 200 13641 "-" "Mozilla/5.0 (compatible; bingbot/2.0; +http://www.bing.com/bingbot.htm)" 
54.226.55.219 - - [19/Sep/2019:20:29:32 -0700] "GET / HTTP/1.1" 200 12385 "-" "Python/3.5 aiohttp/2.0.2" 
66.249.65.175 - - [19/Sep/2019:20:39:44 -0700] "GET /ads.txt HTTP/1.1" 404 294 "-" "Mozilla/5.0 (compatible; Googlebot/2.1; +http://www.google.com/bot.html)" 
157.55.39.50 - - [19/Sep/2019:20:40:00 -0700] "GET /self.logs/2015/access.log.2015-12-25.gz HTTP/1.1" 200 3814 "-" "Mozilla/5.0 (compatible; bingbot/2.0; +http://www.bing.com/bingbot.htm)" 
40.77.167.68 - - [19/Sep/2019:20:41:06 -0700] "GET /self.logs/error.log.2018-08-10.gz HTTP/1.1" 200 6842 "-" "Mozilla/5.0 (compatible; bingbot/2.0; +http://www.bing.com/bingbot.htm)" 
207.46.13.152 - - [19/Sep/2019:20:41:10 -0700] "GET /self.logs/2016/?C=N;O=D HTTP/1.1" 200 7993 "-" "Mozilla/5.0 (compatible; bingbot/2.0; +http://www.bing.com/bingbot.htm)" 
157.55.39.50 - - [19/Sep/2019:20:45:54 -0700] "GET /self.logs/2015/access.log.2015-10-10.gz HTTP/1.1" 200 4158 "-" "Mozilla/5.0 (compatible; bingbot/2.0; +http://www.bing.com/bingbot.htm)" 
207.46.13.134 - - [19/Sep/2019:20:48:25 -0700] "GET /self.logs/2015/access.log.2015-06-03.gz HTTP/1.1" 200 3353 "-" "Mozilla/5.0 (compatible; bingbot/2.0; +http://www.bing.com/bingbot.htm)" 
46.229.161.131 - - [19/Sep/2019:20:49:57 -0700] "HEAD / HTTP/1.1" 200 280 "-" "SEMrushBot" 
61.150.43.54 - - [19/Sep/2019:20:53:23 -0700] "GET /favicon.ico HTTP/1.1" 200 302 "-" "Mozilla/5.0 (Windows NT 10.0; WOW64) AppleWebKit/537.36 (KHTML, like Gecko) Chrome/49.0.2623.221 Safari/537.36 SE 2.X MetaSr 1.0" 
103.131.71.132 - - [19/Sep/2019:21:00:12 -0700] "GET /robots.txt HTTP/1.1" 200 251 "-" "Mozilla/5.0 (compatible; coccocbot-web/1.0; +http://help.coccoc.com/searchengine)" 
103.131.71.131 - - [19/Sep/2019:21:00:14 -0700] "GET / HTTP/1.1" 200 12394 "-" "Mozilla/5.0 (compatible; coccocbot-web/1.0; +http://help.coccoc.com/searchengine)" 
78.46.174.55 - - [19/Sep/2019:21:00:33 -0700] "GET / HTTP/1.1" 301 419 "-" "Mozilla/5.0 (compatible; MegaIndex.ru/2.0; +http://megaindex.com/crawler)" 
78.46.174.55 - - [19/Sep/2019:21:00:35 -0700] "GET / HTTP/1.1" 301 419 "-" "Mozilla/5.0 (compatible; MegaIndex.ru/2.0; +http://megaindex.com/crawler)" 
78.46.174.55 - - [19/Sep/2019:21:00:37 -0700] "GET / HTTP/1.1" 301 419 "-" "Mozilla/5.0 (compatible; MegaIndex.ru/2.0; +http://megaindex.com/crawler)" 
78.46.174.55 - - [19/Sep/2019:21:00:37 -0700] "GET / HTTP/1.1" 301 419 "-" "Mozilla/5.0 (compatible; MegaIndex.ru/2.0; +http://megaindex.com/crawler)" 
78.46.174.55 - - [19/Sep/2019:21:00:38 -0700] "GET / HTTP/1.1" 301 419 "-" "Mozilla/5.0 (compatible; MegaIndex.ru/2.0; +http://megaindex.com/crawler)" 
78.46.174.55 - - [19/Sep/2019:21:00:40 -0700] "GET / HTTP/1.1" 301 419 "-" "Mozilla/5.0 (compatible; MegaIndex.ru/2.0; +http://megaindex.com/crawler)" 
78.46.174.55 - - [19/Sep/2019:21:00:41 -0700] "GET / HTTP/1.1" 301 419 "-" "Mozilla/5.0 (compatible; MegaIndex.ru/2.0; +http://megaindex.com/crawler)" 
78.46.174.55 - - [19/Sep/2019:21:00:43 -0700] "GET / HTTP/1.1" 301 419 "-" "Mozilla/5.0 (compatible; MegaIndex.ru/2.0; +http://megaindex.com/crawler)" 
78.46.174.55 - - [19/Sep/2019:21:00:45 -0700] "GET / HTTP/1.1" 301 419 "-" "Mozilla/5.0 (compatible; MegaIndex.ru/2.0; +http://megaindex.com/crawler)" 
78.46.174.55 - - [19/Sep/2019:21:00:46 -0700] "GET / HTTP/1.1" 301 419 "-" "Mozilla/5.0 (compatible; MegaIndex.ru/2.0; +http://megaindex.com/crawler)" 
40.77.167.117 - - [19/Sep/2019:21:01:47 -0700] "GET /self.logs/access.log.2018-11-08.gz HTTP/1.1" 200 26357 "-" "Mozilla/5.0 (compatible; bingbot/2.0; +http://www.bing.com/bingbot.htm)" 
40.77.167.117 - - [19/Sep/2019:21:08:48 -0700] "GET /self.logs/2015/access.log.2015-07-18.gz HTTP/1.1" 200 5171 "-" "Mozilla/5.0 (compatible; bingbot/2.0; +http://www.bing.com/bingbot.htm)" 
207.46.13.152 - - [19/Sep/2019:21:09:56 -0700] "GET /self.logs/error.log.2018-08-15.gz HTTP/1.1" 200 6039 "-" "Mozilla/5.0 (compatible; bingbot/2.0; +http://www.bing.com/bingbot.htm)" 
40.77.167.117 - - [19/Sep/2019:21:17:25 -0700] "GET /self.logs/2016/access.log.2016-12-07.gz HTTP/1.1" 200 10948 "-" "Mozilla/5.0 (compatible; bingbot/2.0; +http://www.bing.com/bingbot.htm)" 
40.77.167.117 - - [19/Sep/2019:21:19:50 -0700] "GET /self.logs/2016/access.log.2016-01-22.gz HTTP/1.1" 200 5623 "-" "Mozilla/5.0 (compatible; bingbot/2.0; +http://www.bing.com/bingbot.htm)" 
40.77.167.117 - - [19/Sep/2019:21:21:00 -0700] "GET /self.logs/2016/access.log.2016-08-10.gz HTTP/1.1" 200 5930 "-" "Mozilla/5.0 (compatible; bingbot/2.0; +http://www.bing.com/bingbot.htm)" 
207.46.13.152 - - [19/Sep/2019:21:24:23 -0700] "GET /self.logs/2016/error.log.2016-08-21.gz HTTP/1.1" 200 664 "-" "Mozilla/5.0 (compatible; bingbot/2.0; +http://www.bing.com/bingbot.htm)" 
113.171.224.176 - - [19/Sep/2019:21:24:48 -0700] "GET /honeypot/Honeypot%20-%20Howto.pdf HTTP/1.1" 200 61320 "-" "Mozilla/5.0 Gecko/20100115 Firefox/3.6" 
207.46.13.152 - - [19/Sep/2019:21:26:50 -0700] "GET /self.logs/error.log.2019-05-22.gz HTTP/1.1" 200 10827 "-" "Mozilla/5.0 (compatible; bingbot/2.0; +http://www.bing.com/bingbot.htm)" 
78.46.174.55 - - [19/Sep/2019:21:37:15 -0700] "GET / HTTP/1.1" 301 419 "-" "Mozilla/5.0 (compatible; MegaIndex.ru/2.0; +http://megaindex.com/crawler)" 
78.46.174.55 - - [19/Sep/2019:21:37:16 -0700] "GET / HTTP/1.1" 301 419 "-" "Mozilla/5.0 (compatible; MegaIndex.ru/2.0; +http://megaindex.com/crawler)" 
78.46.174.55 - - [19/Sep/2019:21:37:17 -0700] "GET / HTTP/1.1" 301 419 "-" "Mozilla/5.0 (compatible; MegaIndex.ru/2.0; +http://megaindex.com/crawler)" 
78.46.174.55 - - [19/Sep/2019:21:37:18 -0700] "GET / HTTP/1.1" 301 419 "-" "Mozilla/5.0 (compatible; MegaIndex.ru/2.0; +http://megaindex.com/crawler)" 
78.46.174.55 - - [19/Sep/2019:21:37:19 -0700] "GET / HTTP/1.1" 301 419 "-" "Mozilla/5.0 (compatible; MegaIndex.ru/2.0; +http://megaindex.com/crawler)" 
78.46.174.55 - - [19/Sep/2019:21:37:20 -0700] "GET / HTTP/1.1" 301 419 "-" "Mozilla/5.0 (compatible; MegaIndex.ru/2.0; +http://megaindex.com/crawler)" 
78.46.174.55 - - [19/Sep/2019:21:37:23 -0700] "GET / HTTP/1.1" 301 419 "-" "Mozilla/5.0 (compatible; MegaIndex.ru/2.0; +http://megaindex.com/crawler)" 
78.46.174.55 - - [19/Sep/2019:21:37:25 -0700] "GET / HTTP/1.1" 301 419 "-" "Mozilla/5.0 (compatible; MegaIndex.ru/2.0; +http://megaindex.com/crawler)" 
78.46.174.55 - - [19/Sep/2019:21:37:25 -0700] "GET / HTTP/1.1" 301 419 "-" "Mozilla/5.0 (compatible; MegaIndex.ru/2.0; +http://megaindex.com/crawler)" 
78.46.174.55 - - [19/Sep/2019:21:37:27 -0700] "GET / HTTP/1.1" 301 419 "-" "Mozilla/5.0 (compatible; MegaIndex.ru/2.0; +http://megaindex.com/crawler)" 
40.77.167.177 - - [19/Sep/2019:21:37:35 -0700] "GET /self.logs/2016/error.log.2016-04-17.gz HTTP/1.1" 200 820 "-" "Mozilla/5.0 (compatible; bingbot/2.0; +http://www.bing.com/bingbot.htm)" 
123.30.175.161 - - [19/Sep/2019:21:45:18 -0700] "GET /robots.txt HTTP/1.1" 301 458 "-" "Mozilla/5.0 (compatible; coccocbot-image/1.0; +http://help.coccoc.com/searchengine)" 
123.30.175.161 - - [19/Sep/2019:21:45:20 -0700] "GET /robots.txt HTTP/1.1" 200 251 "-" "Mozilla/5.0 (compatible; coccocbot-image/1.0; +http://help.coccoc.com/searchengine)" 
40.77.167.177 - - [19/Sep/2019:21:47:12 -0700] "GET /self.logs/2015/error.log.2015-12-21.gz HTTP/1.1" 200 1919 "-" "Mozilla/5.0 (compatible; bingbot/2.0; +http://www.bing.com/bingbot.htm)" 
123.125.71.46 - - [19/Sep/2019:21:53:51 -0700] "GET / HTTP/1.1" 200 12393 "-" "Mozilla/5.0 (compatible; Baiduspider/2.0; +http://www.baidu.com/search/spider.html)" 
111.206.221.113 - - [19/Sep/2019:21:53:52 -0700] "GET /css/style.css HTTP/1.1" 404 250 "http://www.secrepo.com/" "Mozilla/5.0 (compatible; Baiduspider-render/2.0; +http://www.baidu.com/search/spider.html)" 
175.136.249.61 - - [19/Sep/2019:21:55:41 -0700] "GET /bootstrap/img/favicon.ico HTTP/1.1" 200 624 "-" "Mozilla/5.0 (Windows NT 10.0; Win64; x64; rv:60.0) Gecko/20100101 Firefox/60.0" 
207.46.13.134 - - [19/Sep/2019:22:12:31 -0700] "GET /self.logs/2015/error.log.2015-04-29.gz HTTP/1.1" 200 1717 "-" "Mozilla/5.0 (compatible; bingbot/2.0; +http://www.bing.com/bingbot.htm)" 
207.46.13.241 - - [19/Sep/2019:22:20:44 -0700] "GET /self.logs/2016/error.log.2016-03-05.gz HTTP/1.1" 200 601 "-" "Mozilla/5.0 (compatible; bingbot/2.0; +http://www.bing.com/bingbot.htm)" 
113.171.224.176 - - [19/Sep/2019:22:27:38 -0700] "GET /honeypot/Honeypot%20-%20Howto.pdf HTTP/1.1" 200 61320 "-" "Mozilla/5.0 Gecko/20100115 Firefox/3.6" 
78.46.174.55 - - [19/Sep/2019:22:30:00 -0700] "GET / HTTP/1.1" 301 419 "-" "Mozilla/5.0 (compatible; MegaIndex.ru/2.0; +http://megaindex.com/crawler)" 
78.46.174.55 - - [19/Sep/2019:22:30:01 -0700] "GET / HTTP/1.1" 301 419 "-" "Mozilla/5.0 (compatible; MegaIndex.ru/2.0; +http://megaindex.com/crawler)" 
78.46.174.55 - - [19/Sep/2019:22:30:02 -0700] "GET / HTTP/1.1" 301 419 "-" "Mozilla/5.0 (compatible; MegaIndex.ru/2.0; +http://megaindex.com/crawler)" 
78.46.174.55 - - [19/Sep/2019:22:30:02 -0700] "GET / HTTP/1.1" 301 419 "-" "Mozilla/5.0 (compatible; MegaIndex.ru/2.0; +http://megaindex.com/crawler)" 
78.46.174.55 - - [19/Sep/2019:22:30:03 -0700] "GET / HTTP/1.1" 301 419 "-" "Mozilla/5.0 (compatible; MegaIndex.ru/2.0; +http://megaindex.com/crawler)" 
78.46.174.55 - - [19/Sep/2019:22:30:05 -0700] "GET / HTTP/1.1" 301 419 "-" "Mozilla/5.0 (compatible; MegaIndex.ru/2.0; +http://megaindex.com/crawler)" 
78.46.174.55 - - [19/Sep/2019:22:30:05 -0700] "GET / HTTP/1.1" 301 419 "-" "Mozilla/5.0 (compatible; MegaIndex.ru/2.0; +http://megaindex.com/crawler)" 
78.46.174.55 - - [19/Sep/2019:22:30:06 -0700] "GET / HTTP/1.1" 301 419 "-" "Mozilla/5.0 (compatible; MegaIndex.ru/2.0; +http://megaindex.com/crawler)" 
78.46.174.55 - - [19/Sep/2019:22:30:06 -0700] "GET / HTTP/1.1" 301 419 "-" "Mozilla/5.0 (compatible; MegaIndex.ru/2.0; +http://megaindex.com/crawler)" 
78.46.174.55 - - [19/Sep/2019:22:30:07 -0700] "GET / HTTP/1.1" 301 419 "-" "Mozilla/5.0 (compatible; MegaIndex.ru/2.0; +http://megaindex.com/crawler)" 
40.77.167.68 - - [19/Sep/2019:22:32:38 -0700] "GET /self.logs/error.log.2017-09-23.gz HTTP/1.1" 200 2102 "-" "Mozilla/5.0 (compatible; bingbot/2.0; +http://www.bing.com/bingbot.htm)" 
153.156.84.123 - - [19/Sep/2019:22:32:45 -0700] "GET / HTTP/1.1" 200 12430 "-" "Mozilla/5.0 (Macintosh; Intel Mac OS X 10_14_5) AppleWebKit/537.36 (KHTML, like Gecko) Chrome/77.0.3865.90 Safari/537.36" 
153.156.84.123 - - [19/Sep/2019:22:32:45 -0700] "GET /twitter-icon.png HTTP/1.1" 200 27810 "http://www.secrepo.com/" "Mozilla/5.0 (Macintosh; Intel Mac OS X 10_14_5) AppleWebKit/537.36 (KHTML, like Gecko) Chrome/77.0.3865.90 Safari/537.36" 
153.156.84.123 - - [19/Sep/2019:22:32:45 -0700] "GET /css/style.css HTTP/1.1" 404 271 "http://www.secrepo.com/" "Mozilla/5.0 (Macintosh; Intel Mac OS X 10_14_5) AppleWebKit/537.36 (KHTML, like Gecko) Chrome/77.0.3865.90 Safari/537.36" 
153.156.84.123 - - [19/Sep/2019:22:32:45 -0700] "GET /GitHub-Mark.png HTTP/1.1" 200 7450 "http://www.secrepo.com/" "Mozilla/5.0 (Macintosh; Intel Mac OS X 10_14_5) AppleWebKit/537.36 (KHTML, like Gecko) Chrome/77.0.3865.90 Safari/537.36" 
153.156.84.123 - - [19/Sep/2019:22:32:46 -0700] "GET /bootstrap/img/favicon.ico HTTP/1.1" 200 601 "http://www.secrepo.com/" "Mozilla/5.0 (Macintosh; Intel Mac OS X 10_14_5) AppleWebKit/537.36 (KHTML, like Gecko) Chrome/77.0.3865.90 Safari/537.36" 
157.55.39.50 - - [19/Sep/2019:22:34:04 -0700] "GET /self.logs/access.log.2018-08-15.gz HTTP/1.1" 200 22167 "-" "Mozilla/5.0 (compatible; bingbot/2.0; +http://www.bing.com/bingbot.htm)" 
24.35.87.225 - - [19/Sep/2019:22:36:10 -0700] "GET / HTTP/1.1" 200 12430 "-" "Mozilla/5.0 (Macintosh; Intel Mac OS X 10_14_6) AppleWebKit/605.1.15 (KHTML, like Gecko) Version/12.1.2 Safari/605.1.15" 
24.35.87.225 - - [19/Sep/2019:22:36:10 -0700] "GET /css/style.css HTTP/1.1" 404 271 "http://www.secrepo.com/" "Mozilla/5.0 (Macintosh; Intel Mac OS X 10_14_6) AppleWebKit/605.1.15 (KHTML, like Gecko) Version/12.1.2 Safari/605.1.15" 
24.35.87.225 - - [19/Sep/2019:22:36:10 -0700] "GET /GitHub-Mark.png HTTP/1.1" 200 7450 "http://www.secrepo.com/" "Mozilla/5.0 (Macintosh; Intel Mac OS X 10_14_6) AppleWebKit/605.1.15 (KHTML, like Gecko) Version/12.1.2 Safari/605.1.15" 
75.172.23.75 - - [19/Sep/2019:22:36:10 -0700] "GET /twitter-icon.png HTTP/1.1" 200 27810 "http://www.secrepo.com/" "Mozilla/5.0 (Macintosh; Intel Mac OS X 10_14_6) AppleWebKit/605.1.15 (KHTML, like Gecko) Version/12.1.2 Safari/605.1.15" 
24.35.87.225 - - [19/Sep/2019:22:36:11 -0700] "GET /bootstrap/img/favicon.ico HTTP/1.1" 200 624 "http://www.secrepo.com/" "Mozilla/5.0 (Macintosh; Intel Mac OS X 10_14_6) AppleWebKit/605.1.15 (KHTML, like Gecko) Version/12.1.2 Safari/605.1.15" 
157.55.39.50 - - [19/Sep/2019:22:37:41 -0700] "GET /self.logs/2015/error.log.2015-11-17.gz HTTP/1.1" 200 560 "-" "Mozilla/5.0 (compatible; bingbot/2.0; +http://www.bing.com/bingbot.htm)" 
40.77.167.68 - - [19/Sep/2019:22:39:56 -0700] "GET /self.logs/access.log.2018-04-03.gz HTTP/1.1" 200 27579 "-" "Mozilla/5.0 (compatible; bingbot/2.0; +http://www.bing.com/bingbot.htm)" 
61.150.43.54 - - [19/Sep/2019:22:40:14 -0700] "GET /favicon.ico HTTP/1.1" 200 302 "-" "Mozilla/5.0 (Windows NT 10.0; WOW64) AppleWebKit/537.36 (KHTML, like Gecko) Chrome/49.0.2623.221 Safari/537.36 SE 2.X MetaSr 1.0" 
36.112.68.34 - - [19/Sep/2019:22:45:56 -0700] "GET /favicon.ico HTTP/1.1" 200 302 "-" "Mozilla/5.0 (Windows NT 10.0; WOW64) AppleWebKit/537.36 (KHTML, like Gecko) Chrome/63.0.3239.132 Safari/537.36" 
222.178.158.121 - - [19/Sep/2019:22:49:11 -0700] "GET /favicon.ico HTTP/1.1" 200 302 "-" "Mozilla/5.0 (Windows NT 10.0; WOW64) AppleWebKit/537.36 (KHTML, like Gecko) Chrome/65.0.3314.0 Safari/537.36 SE 2.X MetaSr 1.0" 
207.46.13.241 - - [19/Sep/2019:22:49:36 -0700] "GET /self.logs/2016/error.log.2016-08-23.gz HTTP/1.1" 200 736 "-" "Mozilla/5.0 (compatible; bingbot/2.0; +http://www.bing.com/bingbot.htm)" 
66.249.65.175 - - [19/Sep/2019:22:50:10 -0700] "GET / HTTP/1.1" 200 12430 "-" "Mozilla/5.0 (compatible; Googlebot/2.1; +http://www.google.com/bot.html)" 
207.46.13.241 - - [19/Sep/2019:22:55:36 -0700] "GET /self.logs/2015/error.log.2015-04-30.gz HTTP/1.1" 200 1206 "-" "Mozilla/5.0 (compatible; bingbot/2.0; +http://www.bing.com/bingbot.htm)" 
157.55.39.50 - - [19/Sep/2019:22:56:51 -0700] "GET /self.logs/error.log.2017-12-13.gz HTTP/1.1" 200 1976 "-" "Mozilla/5.0 (compatible; bingbot/2.0; +http://www.bing.com/bingbot.htm)" 
207.46.13.134 - - [19/Sep/2019:22:58:08 -0700] "GET /self.logs/2016/error.log.2016-02-19.gz HTTP/1.1" 200 566 "-" "Mozilla/5.0 (compatible; bingbot/2.0; +http://www.bing.com/bingbot.htm)" 
207.46.13.241 - - [19/Sep/2019:23:01:37 -0700] "GET /self.logs/error.log.2018-06-11.gz HTTP/1.1" 200 6727 "-" "Mozilla/5.0 (compatible; bingbot/2.0; +http://www.bing.com/bingbot.htm)" 
157.55.39.50 - - [19/Sep/2019:23:02:51 -0700] "GET /self.logs/error.log.2019-04-24.gz HTTP/1.1" 200 4943 "-" "Mozilla/5.0 (compatible; bingbot/2.0; +http://www.bing.com/bingbot.htm)" 
207.46.13.134 - - [19/Sep/2019:23:06:25 -0700] "GET /self.logs/error.log.2017-09-10.gz HTTP/1.1" 200 809 "-" "Mozilla/5.0 (compatible; bingbot/2.0; +http://www.bing.com/bingbot.htm)" 
66.249.65.173 - - [19/Sep/2019:23:10:30 -0700] "GET / HTTP/1.1" 200 12431 "-" "Mozilla/5.0 (Linux; Android 6.0.1; Nexus 5X Build/MMB29P) AppleWebKit/537.36 (KHTML, like Gecko) Chrome/41.0.2272.96 Mobile Safari/537.36 (compatible; Googlebot/2.1; +http://www.google.com/bot.html)" 
66.249.65.171 - - [19/Sep/2019:23:10:36 -0700] "GET /css/style.css HTTP/1.1" 404 294 "http://www.secrepo.com/" "Mozilla/5.0 (Linux; Android 6.0.1; Nexus 5X Build/MMB29P) AppleWebKit/537.36 (KHTML, like Gecko) Chrome/41.0.2272.96 Mobile Safari/537.36 (compatible; Googlebot/2.1; +http://www.google.com/bot.html)" 
117.141.15.65 - - [19/Sep/2019:23:18:34 -0700] "GET /favicon.ico HTTP/1.1" 200 302 "-" "Mozilla/5.0 (Windows NT 10.0; WOW64) AppleWebKit/537.36 (KHTML, like Gecko) Chrome/70.0.3538.25 Safari/537.36 Core/1.70.3732.400 QQBrowser/10.5.3824.400" 
66.249.93.77 - - [19/Sep/2019:23:18:58 -0700] "GET / HTTP/1.1" 200 12430 "-" "Mozilla/5.0 (X11; Linux x86_64) AppleWebKit/537.36 (KHTML, like Gecko) Chrome/49.0.2623.75 Safari/537.36 Google Favicon" 
66.249.93.75 - - [19/Sep/2019:23:18:58 -0700] "GET /bootstrap/img/favicon.ico HTTP/1.1" 200 624 "-" "Mozilla/5.0 (X11; Linux x86_64) AppleWebKit/537.36 (KHTML, like Gecko) Chrome/49.0.2623.75 Safari/537.36 Google Favicon" 
207.46.13.241 - - [19/Sep/2019:23:22:02 -0700] "GET /self.logs/access.log.2019-03-15.gz HTTP/1.1" 200 21172 "-" "Mozilla/5.0 (compatible; bingbot/2.0; +http://www.bing.com/bingbot.htm)" 
157.55.39.50 - - [19/Sep/2019:23:25:48 -0700] "GET /self.logs/2015/error.log.2015-05-29.gz HTTP/1.1" 200 712 "-" "Mozilla/5.0 (compatible; bingbot/2.0; +http://www.bing.com/bingbot.htm)" 
216.244.66.245 - - [19/Sep/2019:23:27:02 -0700] "GET /robots.txt HTTP/1.1" 200 244 "-" "Mozilla/5.0 (compatible; DotBot/1.1; http://www.opensiteexplorer.org/dotbot, help@moz.com)" 
40.77.167.68 - - [19/Sep/2019:23:30:18 -0700] "GET /self.logs/2015/error.log.2015-03-15.gz HTTP/1.1" 200 1130 "-" "Mozilla/5.0 (compatible; bingbot/2.0; +http://www.bing.com/bingbot.htm)" 
207.46.13.241 - - [19/Sep/2019:23:31:58 -0700] "GET /self.logs/2016/access.log.2016-07-26.gz HTTP/1.1" 200 9684 "-" "Mozilla/5.0 (compatible; bingbot/2.0; +http://www.bing.com/bingbot.htm)" 
113.171.224.176 - - [19/Sep/2019:23:33:29 -0700] "GET /honeypot/Honeypot%20-%20Howto.pdf HTTP/1.1" 200 61320 "-" "Mozilla/5.0 Gecko/20100115 Firefox/3.6" 
207.46.13.241 - - [19/Sep/2019:23:34:02 -0700] "GET /self.logs/access.log.2018-08-21.gz HTTP/1.1" 200 19932 "-" "Mozilla/5.0 (compatible; bingbot/2.0; +http://www.bing.com/bingbot.htm)" 
216.145.124.61 - - [19/Sep/2019:23:37:58 -0700] "GET /robots.txt HTTP/1.1" 301 439 "-" "VSE/1.0 (mike@yippyinc.com)" 
216.244.66.245 - - [19/Sep/2019:23:39:42 -0700] "GET /self.logs/access.log.2019-09-11.gz HTTP/1.1" 200 33507 "-" "Mozilla/5.0 (compatible; DotBot/1.1; http://www.opensiteexplorer.org/dotbot, help@moz.com)" 
40.77.167.68 - - [19/Sep/2019:23:41:51 -0700] "GET /self.logs/2015/error.log.2015-08-08.gz HTTP/1.1" 200 737 "-" "Mozilla/5.0 (compatible; bingbot/2.0; +http://www.bing.com/bingbot.htm)" 
207.46.13.241 - - [19/Sep/2019:23:42:16 -0700] "GET /self.logs/access.log.2018-10-10.gz HTTP/1.1" 200 30282 "-" "Mozilla/5.0 (compatible; bingbot/2.0; +http://www.bing.com/bingbot.htm)" 
212.156.74.90 - - [19/Sep/2019:23:46:03 -0700] "GET / HTTP/1.1" 200 12430 "-" "Mozilla/5.0 (Windows NT 10.0; WOW64; Trident/7.0; rv:11.0) like Gecko" 
212.156.74.90 - - [19/Sep/2019:23:46:03 -0700] "GET /css/style.css HTTP/1.1" 404 271 "http://www.secrepo.com/" "Mozilla/5.0 (Windows NT 10.0; WOW64; Trident/7.0; rv:11.0) like Gecko" 
212.156.74.90 - - [19/Sep/2019:23:46:03 -0700] "GET /twitter-icon.png HTTP/1.1" 200 27810 "http://www.secrepo.com/" "Mozilla/5.0 (Windows NT 10.0; WOW64; Trident/7.0; rv:11.0) like Gecko" 
212.156.74.90 - - [19/Sep/2019:23:46:03 -0700] "GET /GitHub-Mark.png HTTP/1.1" 200 7427 "http://www.secrepo.com/" "Mozilla/5.0 (Windows NT 10.0; WOW64; Trident/7.0; rv:11.0) like Gecko" 
212.156.74.90 - - [19/Sep/2019:23:46:04 -0700] "GET /bootstrap/img/favicon.ico HTTP/1.1" 200 601 "-" "Mozilla/5.0 (Windows NT 10.0; WOW64; Trident/7.0; rv:11.0) like Gecko" 
115.186.171.57 - - [19/Sep/2019:23:51:05 -0700] "GET / HTTP/1.1" 200 12430 "-" "Mozilla/5.0 (Windows NT 10.0; Win64; x64) AppleWebKit/537.36 (KHTML, like Gecko) Chrome/77.0.3865.90 Safari/537.36" 
115.186.171.57 - - [19/Sep/2019:23:51:06 -0700] "GET /css/style.css HTTP/1.1" 404 294 "http://www.secrepo.com/" "Mozilla/5.0 (Windows NT 10.0; Win64; x64) AppleWebKit/537.36 (KHTML, like Gecko) Chrome/77.0.3865.90 Safari/537.36" 
115.186.171.57 - - [19/Sep/2019:23:51:09 -0700] "GET /twitter-icon.png HTTP/1.1" 200 27810 "http://www.secrepo.com/" "Mozilla/5.0 (Windows NT 10.0; Win64; x64) AppleWebKit/537.36 (KHTML, like Gecko) Chrome/77.0.3865.90 Safari/537.36" 
