54.189.230.128 - - [22/Dec/2020:22:16:16 -0800] "GET //bootstrap/img/favicon.ico HTTP/1.1" 301 469 "-" "Mozilla/5.0 (X11; Ubuntu; Linux x86_64; rv:82.0) Gecko/20100101 Firefox/82.0" 
54.189.230.128 - - [22/Dec/2020:22:16:16 -0800] "GET /robots.txt HTTP/1.1" 200 333 "http://secrepo.com/robots.txt" "Mozilla/5.0 (X11; Ubuntu; Linux x86_64; rv:82.0) Gecko/20100101 Firefox/82.0" 
54.189.230.128 - - [22/Dec/2020:22:16:16 -0800] "GET /bootstrap/img/favicon.ico HTTP/1.1" 200 669 "http://secrepo.com//bootstrap/img/favicon.ico" "Mozilla/5.0 (X11; Ubuntu; Linux x86_64; rv:82.0) Gecko/20100101 Firefox/82.0" 
76.246.8.145 - - [22/Dec/2020:22:16:25 -0800] "GET /maccdc2012/dhcp.log.gz HTTP/1.1" 200 44977 "http://www.secrepo.com/" "Mozilla/5.0 (Macintosh; Intel Mac OS X 10_15_7) AppleWebKit/537.36 (KHTML, like Gecko) Chrome/87.0.4280.88 Safari/537.36" 
17.58.96.152 - - [22/Dec/2020:22:16:36 -0800] "GET /self.logs/error.log.2020-02-22 HTTP/1.1" 200 307 "-" "Mozilla/5.0 (Macintosh; Intel Mac OS X 10_15_5) AppleWebKit/605.1.15 (KHTML, like Gecko) Version/13.1.1 Safari/605.1.15 (Applebot/0.1; +http://www.apple.com/go/applebot)" 
216.244.66.245 - - [22/Dec/2020:22:17:18 -0800] "GET /robots.txt HTTP/1.1" 200 333 "-" "Mozilla/5.0 (compatible; DotBot/1.1; http://www.opensiteexplorer.org/dotbot, help@moz.com)" 
52.90.50.33 - - [22/Dec/2020:22:17:45 -0800] "GET / HTTP/1.1" 200 48020 "-" "Mozilla/5.0 (Windows NT 6.1; Win64; x64) AppleWebKit/537.36 (KHTML, like Gecko) Chrome/72.0.3626.109 Safari/537.36" 
107.21.197.238 - - [22/Dec/2020:22:18:38 -0800] "GET / HTTP/1.1" 301 419 "-" "Mozilla/5.0 (Windows NT 6.1; Win64; x64) AppleWebKit/537.36 (KHTML, like Gecko) Chrome/72.0.3626.109 Safari/537.36" 
107.21.197.238 - - [22/Dec/2020:22:18:38 -0800] "GET / HTTP/1.1" 200 48020 "-" "Mozilla/5.0 (Windows NT 6.1; Win64; x64) AppleWebKit/537.36 (KHTML, like Gecko) Chrome/72.0.3626.109 Safari/537.36" 
114.119.159.101 - - [22/Dec/2020:22:18:49 -0800] "GET /self.logs/access.log.2020-06-24.gz HTTP/1.1" 200 10120 "-" "Mozilla/5.0 (Linux; Android 7.0;) AppleWebKit/537.36 (KHTML, like Gecko) Mobile Safari/537.36 (compatible; PetalBot;+https://aspiegel.com/petalbot)" 
216.244.66.245 - - [22/Dec/2020:22:23:16 -0800] "GET /self.logs/error.log.2020-06-06 HTTP/1.1" 200 307 "-" "Mozilla/5.0 (compatible; DotBot/1.1; http://www.opensiteexplorer.org/dotbot, help@moz.com)" 
114.119.155.228 - - [22/Dec/2020:22:23:54 -0800] "GET /self.logs/access.log.2020-04-21.gz HTTP/1.1" 200 19163 "-" "Mozilla/5.0 (Linux; Android 7.0;) AppleWebKit/537.36 (KHTML, like Gecko) Mobile Safari/537.36 (compatible; PetalBot;+https://aspiegel.com/petalbot)" 
18.237.215.68 - - [22/Dec/2020:22:24:05 -0800] "GET /maccdc2012/dhcp.log.gz HTTP/1.1" 200 44933 "-" "Mozilla/5.0 (Windows NT 6.1; Win64; x64) AppleWebKit/537.36 (KHTML, like Gecko) Chrome/72.0.3626.109 Safari/537.36" 
17.58.96.152 - - [22/Dec/2020:22:24:48 -0800] "GET /self.logs/error.log.2020-03-04 HTTP/1.1" 200 307 "-" "Mozilla/5.0 (Macintosh; Intel Mac OS X 10_15_5) AppleWebKit/605.1.15 (KHTML, like Gecko) Version/13.1.1 Safari/605.1.15 (Applebot/0.1; +http://www.apple.com/go/applebot)" 
119.3.119.18 - - [22/Dec/2020:22:28:05 -0800] "GET / HTTP/1.1" 200 12880 "-" "Mozilla/5.0 (Windows NT 10.0; Win64; x64) AppleWebKit/537.36 (KHTML, like Gecko) Chrome/87.0.4280.88 Safari/537.36" 
119.3.119.18 - - [22/Dec/2020:22:28:06 -0800] "GET /css/style.css HTTP/1.1" 404 305 "http://www.secrepo.com/" "Mozilla/5.0 (Windows NT 10.0; Win64; x64) AppleWebKit/537.36 (KHTML, like Gecko) Chrome/87.0.4280.88 Safari/537.36" 
119.3.119.18 - - [22/Dec/2020:22:28:06 -0800] "GET /twitter-icon.png HTTP/1.1" 200 27916 "http://www.secrepo.com/" "Mozilla/5.0 (Windows NT 10.0; Win64; x64) AppleWebKit/537.36 (KHTML, like Gecko) Chrome/87.0.4280.88 Safari/537.36" 
119.3.119.18 - - [22/Dec/2020:22:28:06 -0800] "GET /GitHub-Mark.png HTTP/1.1" 200 7533 "http://www.secrepo.com/" "Mozilla/5.0 (Windows NT 10.0; Win64; x64) AppleWebKit/537.36 (KHTML, like Gecko) Chrome/87.0.4280.88 Safari/537.36" 
114.119.141.53 - - [22/Dec/2020:22:28:59 -0800] "GET /self.logs/access.log.2017-11-07.gz HTTP/1.1" 200 51804 "-" "Mozilla/5.0 (Linux; Android 7.0;) AppleWebKit/537.36 (KHTML, like Gecko) Mobile Safari/537.36 (compatible; PetalBot;+https://aspiegel.com/petalbot)" 
114.119.155.228 - - [22/Dec/2020:22:34:03 -0800] "GET /self.logs/error.log.2020-04-01 HTTP/1.1" 200 351 "-" "Mozilla/5.0 (Linux; Android 7.0;) AppleWebKit/537.36 (KHTML, like Gecko) Mobile Safari/537.36 (compatible; PetalBot;+https://aspiegel.com/petalbot)" 
114.119.129.244 - - [22/Dec/2020:22:39:09 -0800] "GET /self.logs/error.log.2020-11-07 HTTP/1.1" 200 351 "-" "Mozilla/5.0 (Linux; Android 7.0;) AppleWebKit/537.36 (KHTML, like Gecko) Mobile Safari/537.36 (compatible; PetalBot;+https://aspiegel.com/petalbot)" 
157.55.39.32 - - [22/Dec/2020:22:42:27 -0800] "GET /robots.txt HTTP/1.1" 301 495 "-" "Mozilla/5.0 (compatible; bingbot/2.0; +http://www.bing.com/bingbot.htm)" 
157.55.39.32 - - [22/Dec/2020:22:42:27 -0800] "GET /robots.txt HTTP/1.1" 200 377 "-" "Mozilla/5.0 (compatible; bingbot/2.0; +http://www.bing.com/bingbot.htm)" 
40.77.167.52 - - [22/Dec/2020:22:42:34 -0800] "GET /self.logs/error.log.2019-08-17.gz HTTP/1.1" 301 541 "-" "Mozilla/5.0 (compatible; bingbot/2.0; +http://www.bing.com/bingbot.htm)" 
17.58.96.153 - - [22/Dec/2020:22:43:08 -0800] "GET /self.logs/error.log.2020-02-24 HTTP/1.1" 200 307 "-" "Mozilla/5.0 (Macintosh; Intel Mac OS X 10_15_5) AppleWebKit/605.1.15 (KHTML, like Gecko) Version/13.1.1 Safari/605.1.15 (Applebot/0.1; +http://www.apple.com/go/applebot)" 
114.119.159.40 - - [22/Dec/2020:22:44:14 -0800] "GET /self.logs/2015/access.log.2015-10-05.gz HTTP/1.1" 200 3858 "-" "Mozilla/5.0 (Linux; Android 7.0;) AppleWebKit/537.36 (KHTML, like Gecko) Mobile Safari/537.36 (compatible; PetalBot;+https://aspiegel.com/petalbot)" 
114.119.159.40 - - [22/Dec/2020:22:49:19 -0800] "GET /self.logs/error.log.2019-04-01.gz HTTP/1.1" 200 5421 "-" "Mozilla/5.0 (Linux; Android 7.0;) AppleWebKit/537.36 (KHTML, like Gecko) Mobile Safari/537.36 (compatible; PetalBot;+https://aspiegel.com/petalbot)" 
114.119.157.43 - - [22/Dec/2020:22:54:24 -0800] "GET /self.logs/access.log.2017-01-11.gz HTTP/1.1" 200 93056 "-" "Mozilla/5.0 (Linux; Android 7.0;) AppleWebKit/537.36 (KHTML, like Gecko) Mobile Safari/537.36 (compatible; PetalBot;+https://aspiegel.com/petalbot)" 
66.249.65.27 - - [22/Dec/2020:22:54:52 -0800] "GET /ads.txt HTTP/1.1" 404 328 "-" "Mozilla/5.0 (compatible; Googlebot/2.1; +http://www.google.com/bot.html)" 
114.119.155.228 - - [22/Dec/2020:22:59:29 -0800] "GET /self.logs/error.log.2017-09-23.gz HTTP/1.1" 200 2207 "-" "Mozilla/5.0 (Linux; Android 7.0;) AppleWebKit/537.36 (KHTML, like Gecko) Mobile Safari/537.36 (compatible; PetalBot;+https://aspiegel.com/petalbot)" 
114.119.129.244 - - [22/Dec/2020:23:04:34 -0800] "GET /self.logs/access.log.2017-06-22.gz HTTP/1.1" 200 29158 "-" "Mozilla/5.0 (Linux; Android 7.0;) AppleWebKit/537.36 (KHTML, like Gecko) Mobile Safari/537.36 (compatible; PetalBot;+https://aspiegel.com/petalbot)" 
42.236.10.110 - - [22/Dec/2020:23:06:44 -0800] "GET / HTTP/1.1" 200 12882 "http://www.secrepo.com/" "Mozilla/5.0 (Windows NT 6.1; WOW64) AppleWebKit/537.36 (KHTML, like Gecko) Chrome/50.4.2661.102 Safari/537.36; 360Spider" 
146.185.128.43 - - [22/Dec/2020:23:07:46 -0800] "GET / HTTP/1.1" 200 12882 "-" "Mozilla/5.0 (Macintosh; Intel Mac OS X 10_14_4) AppleWebKit/537.36 (KHTML, like Gecko) Chrome/73.0.3683.103 Safari/537.36" 
146.185.128.43 - - [22/Dec/2020:23:07:47 -0800] "GET /css/style.css HTTP/1.1" 404 305 "http://www.secrepo.com/" "Mozilla/5.0 (Macintosh; Intel Mac OS X 10_14_4) AppleWebKit/537.36 (KHTML, like Gecko) Chrome/73.0.3683.103 Safari/537.36" 
146.185.128.43 - - [22/Dec/2020:23:07:47 -0800] "GET /twitter-icon.png HTTP/1.1" 200 27916 "http://www.secrepo.com/" "Mozilla/5.0 (Macintosh; Intel Mac OS X 10_14_4) AppleWebKit/537.36 (KHTML, like Gecko) Chrome/73.0.3683.103 Safari/537.36" 
146.185.128.43 - - [22/Dec/2020:23:07:47 -0800] "GET /GitHub-Mark.png HTTP/1.1" 200 7533 "http://www.secrepo.com/" "Mozilla/5.0 (Macintosh; Intel Mac OS X 10_14_4) AppleWebKit/537.36 (KHTML, like Gecko) Chrome/73.0.3683.103 Safari/537.36" 
114.119.144.30 - - [22/Dec/2020:23:09:39 -0800] "GET /self.logs/access.log.2019-07-25.gz HTTP/1.1" 200 28691 "-" "Mozilla/5.0 (Linux; Android 7.0;) AppleWebKit/537.36 (KHTML, like Gecko) Mobile Safari/537.36 (compatible; PetalBot;+https://aspiegel.com/petalbot)" 
5.196.23.219 - - [22/Dec/2020:23:10:16 -0800] "GET / HTTP/1.1" 301 475 "http://secrepo.com/" "Mozilla/5.0 (Windows NT 10.0; WOW64) AppleWebKit/537.36 (KHTML, like Gecko) Chrome/83.0.4103.61 Safari/537.36" 
5.196.23.219 - - [22/Dec/2020:23:10:17 -0800] "GET / HTTP/1.1" 200 48064 "http://www.secrepo.com/" "Mozilla/5.0 (Windows NT 10.0; WOW64) AppleWebKit/537.36 (KHTML, like Gecko) Chrome/83.0.4103.61 Safari/537.36" 
114.119.129.244 - - [22/Dec/2020:23:14:44 -0800] "GET /self.logs/error.log.2018-12-02.gz HTTP/1.1" 200 4146 "-" "Mozilla/5.0 (Linux; Android 7.0;) AppleWebKit/537.36 (KHTML, like Gecko) Mobile Safari/537.36 (compatible; PetalBot;+https://aspiegel.com/petalbot)" 
44.238.183.142 - - [22/Dec/2020:23:18:39 -0800] "GET / HTTP/1.1" 301 475 "-" "Mozilla/5.0 (Windows NT 10.0; Win64; x64; rv:68.0) Gecko/20100101 Firefox/68.0" 
44.238.183.142 - - [22/Dec/2020:23:18:40 -0800] "GET / HTTP/1.1" 200 12882 "-" "Mozilla/5.0 (Windows NT 10.0; Win64; x64; rv:68.0) Gecko/20100101 Firefox/68.0" 
114.119.159.101 - - [22/Dec/2020:23:19:49 -0800] "GET /self.logs/access.log.2017-12-11.gz HTTP/1.1" 200 31448 "-" "Mozilla/5.0 (Linux; Android 7.0;) AppleWebKit/537.36 (KHTML, like Gecko) Mobile Safari/537.36 (compatible; PetalBot;+https://aspiegel.com/petalbot)" 
45.121.107.94 - - [22/Dec/2020:23:21:24 -0800] "HEAD /www.rar HTTP/1.1" 404 309 "-" "-" 
45.121.107.94 - - [22/Dec/2020:23:21:24 -0800] "HEAD /www.secrepo.com.rar HTTP/1.1" 404 231 "-" "-" 
45.121.107.94 - - [22/Dec/2020:23:21:24 -0800] "HEAD /www_secrepo_com.rar HTTP/1.1" 404 231 "-" "-" 
45.121.107.94 - - [22/Dec/2020:23:21:24 -0800] "HEAD /wwwsecrepocom.rar HTTP/1.1" 404 231 "-" "-" 
45.121.107.94 - - [22/Dec/2020:23:21:25 -0800] "HEAD /secrepo.com.rar HTTP/1.1" 404 231 "-" "-" 
45.121.107.94 - - [22/Dec/2020:23:21:25 -0800] "HEAD /secrepo_com.rar HTTP/1.1" 404 231 "-" "-" 
45.121.107.94 - - [22/Dec/2020:23:21:25 -0800] "HEAD /secrepocom.rar HTTP/1.1" 404 231 "-" "-" 
45.121.107.94 - - [22/Dec/2020:23:21:25 -0800] "HEAD /secrepo.rar HTTP/1.1" 404 231 "-" "-" 
45.121.107.94 - - [22/Dec/2020:23:21:26 -0800] "HEAD /www.zip HTTP/1.1" 404 231 "-" "-" 
45.121.107.94 - - [22/Dec/2020:23:21:26 -0800] "HEAD /www.secrepo.com.zip HTTP/1.1" 404 231 "-" "-" 
45.121.107.94 - - [22/Dec/2020:23:21:26 -0800] "HEAD /www_secrepo_com.zip HTTP/1.1" 404 231 "-" "-" 
45.121.107.94 - - [22/Dec/2020:23:21:26 -0800] "HEAD /wwwsecrepocom.zip HTTP/1.1" 404 231 "-" "-" 
45.121.107.94 - - [22/Dec/2020:23:21:26 -0800] "HEAD /secrepo.com.zip HTTP/1.1" 404 231 "-" "-" 
45.121.107.94 - - [22/Dec/2020:23:21:27 -0800] "HEAD /secrepo_com.zip HTTP/1.1" 404 231 "-" "-" 
45.121.107.94 - - [22/Dec/2020:23:21:27 -0800] "HEAD /secrepocom.zip HTTP/1.1" 404 231 "-" "-" 
45.121.107.94 - - [22/Dec/2020:23:21:27 -0800] "HEAD /secrepo.zip HTTP/1.1" 404 231 "-" "-" 
45.121.107.94 - - [22/Dec/2020:23:21:27 -0800] "HEAD /www.tar.gz HTTP/1.1" 404 231 "-" "-" 
45.121.107.94 - - [22/Dec/2020:23:21:28 -0800] "HEAD /www.secrepo.com.tar.gz HTTP/1.1" 404 231 "-" "-" 
45.121.107.94 - - [22/Dec/2020:23:21:28 -0800] "HEAD /www_secrepo_com.tar.gz HTTP/1.1" 404 231 "-" "-" 
45.121.107.94 - - [22/Dec/2020:23:21:29 -0800] "HEAD /wwwsecrepocom.tar.gz HTTP/1.1" 404 231 "-" "-" 
45.121.107.94 - - [22/Dec/2020:23:21:29 -0800] "HEAD /secrepo.com.tar.gz HTTP/1.1" 404 231 "-" "-" 
45.121.107.94 - - [22/Dec/2020:23:21:29 -0800] "HEAD /secrepo_com.tar.gz HTTP/1.1" 404 231 "-" "-" 
45.121.107.94 - - [22/Dec/2020:23:21:29 -0800] "HEAD /secrepocom.tar.gz HTTP/1.1" 404 231 "-" "-" 
45.121.107.94 - - [22/Dec/2020:23:21:30 -0800] "HEAD /secrepo.tar.gz HTTP/1.1" 404 231 "-" "-" 
45.121.107.94 - - [22/Dec/2020:23:21:30 -0800] "HEAD /wwwroot.rar HTTP/1.1" 404 231 "-" "-" 
45.121.107.94 - - [22/Dec/2020:23:21:30 -0800] "HEAD /wwwroot.zip HTTP/1.1" 404 231 "-" "-" 
45.121.107.94 - - [22/Dec/2020:23:21:30 -0800] "HEAD /wwwroot.tar.gz HTTP/1.1" 404 231 "-" "-" 
45.121.107.94 - - [22/Dec/2020:23:21:31 -0800] "HEAD /www.rar HTTP/1.1" 404 231 "-" "-" 
45.121.107.94 - - [22/Dec/2020:23:21:31 -0800] "HEAD /www.zip HTTP/1.1" 404 231 "-" "-" 
45.121.107.94 - - [22/Dec/2020:23:21:31 -0800] "HEAD /www.tar.gz HTTP/1.1" 404 231 "-" "-" 
45.121.107.94 - - [22/Dec/2020:23:21:31 -0800] "HEAD /web.rar HTTP/1.1" 404 231 "-" "-" 
45.121.107.94 - - [22/Dec/2020:23:21:31 -0800] "HEAD /web.zip HTTP/1.1" 404 231 "-" "-" 
45.121.107.94 - - [22/Dec/2020:23:21:32 -0800] "HEAD /web.tar.gz HTTP/1.1" 404 231 "-" "-" 
159.226.95.65 - - [22/Dec/2020:23:23:06 -0800] "GET /favicon.ico HTTP/1.1" 200 391 "-" "Mozilla/5.0 (Windows NT 6.1; WOW64) AppleWebKit/537.36 (KHTML, like Gecko) Chrome/63.0.3239.132 Safari/537.36" 
114.119.129.244 - - [22/Dec/2020:23:24:54 -0800] "GET /css/style.css HTTP/1.1" 404 328 "-" "Mozilla/5.0 (Linux; Android 7.0;) AppleWebKit/537.36 (KHTML, like Gecko) Mobile Safari/537.36 (compatible; PetalBot;+https://aspiegel.com/petalbot)" 
114.119.150.248 - - [22/Dec/2020:23:29:59 -0800] "GET /self.logs/error.log.2018-02-02.gz HTTP/1.1" 200 4043 "-" "Mozilla/5.0 (Linux; Android 7.0;) AppleWebKit/537.36 (KHTML, like Gecko) Mobile Safari/537.36 (compatible; PetalBot;+https://aspiegel.com/petalbot)" 
174.138.76.133 - - [22/Dec/2020:23:32:25 -0800] "GET / HTTP/1.1" 200 12882 "-" "Mozilla/5.0 (Macintosh; Intel Mac OS X 10_14_4) AppleWebKit/537.36 (KHTML, like Gecko) Chrome/73.0.3683.103 Safari/537.36" 
174.138.76.133 - - [22/Dec/2020:23:32:25 -0800] "GET /css/style.css HTTP/1.1" 404 305 "http://www.secrepo.com/" "Mozilla/5.0 (Macintosh; Intel Mac OS X 10_14_4) AppleWebKit/537.36 (KHTML, like Gecko) Chrome/73.0.3683.103 Safari/537.36" 
174.138.76.133 - - [22/Dec/2020:23:32:25 -0800] "GET /twitter-icon.png HTTP/1.1" 200 27893 "http://www.secrepo.com/" "Mozilla/5.0 (Macintosh; Intel Mac OS X 10_14_4) AppleWebKit/537.36 (KHTML, like Gecko) Chrome/73.0.3683.103 Safari/537.36" 
174.138.76.133 - - [22/Dec/2020:23:32:25 -0800] "GET /GitHub-Mark.png HTTP/1.1" 200 7556 "http://www.secrepo.com/" "Mozilla/5.0 (Macintosh; Intel Mac OS X 10_14_4) AppleWebKit/537.36 (KHTML, like Gecko) Chrome/73.0.3683.103 Safari/537.36" 
114.119.130.95 - - [22/Dec/2020:23:35:04 -0800] "GET /self.logs/error.log.2017-06-26.gz HTTP/1.1" 200 3402 "-" "Mozilla/5.0 (Linux; Android 7.0;) AppleWebKit/537.36 (KHTML, like Gecko) Mobile Safari/537.36 (compatible; PetalBot;+https://aspiegel.com/petalbot)" 
144.202.85.79 - - [22/Dec/2020:23:36:18 -0800] "GET / HTTP/1.1" 200 12882 "-" "Mozilla/5.0 (Macintosh; Intel Mac OS X 10_15_7) AppleWebKit/537.36 (KHTML, like Gecko) Chrome/87.0.4280.88 Safari/537.36" 
66.249.65.27 - - [22/Dec/2020:23:37:16 -0800] "GET /?t=1&cn=ZmxleGlibGVfcmVjc18y&refsrc=email&iid=2572d65d1a814c138a77f3b60465fe37&uid=30635594&nid=244+272699400 HTTP/1.1" 200 12882 "-" "Mozilla/5.0 (Linux; Android 6.0.1; Nexus 5X Build/MMB29P) AppleWebKit/537.36 (KHTML, like Gecko) Chrome/87.0.4280.90 Mobile Safari/537.36 (compatible; Googlebot/2.1; +http://www.google.com/bot.html)" 
123.183.224.115 - - [22/Dec/2020:23:38:51 -0800] "GET / HTTP/1.1" 301 438 "-" "Sogou web spider/4.0(+http://www.sogou.com/docs/help/webmasters.htm#07)" 
79.123.250.170 - - [22/Dec/2020:23:39:28 -0800] "GET /css/style.css HTTP/1.1" 404 328 "http://www.secrepo.com/" "Mozilla/5.0 (Windows NT 10.0; Win64; x64) AppleWebKit/537.36 (KHTML, like Gecko) Chrome/87.0.4280.88 Safari/537.36" 
123.183.224.115 - - [22/Dec/2020:23:39:56 -0800] "GET / HTTP/1.1" 200 12845 "-" "Sogou web spider/4.0(+http://www.sogou.com/docs/help/webmasters.htm#07)" 
114.119.130.95 - - [22/Dec/2020:23:40:09 -0800] "GET /self.logs/access.log.2020-08-26.gz HTTP/1.1" 200 14329 "-" "Mozilla/5.0 (Linux; Android 7.0;) AppleWebKit/537.36 (KHTML, like Gecko) Mobile Safari/537.36 (compatible; PetalBot;+https://aspiegel.com/petalbot)" 
111.202.101.150 - - [22/Dec/2020:23:40:39 -0800] "GET / HTTP/1.1" 200 12845 "-" "Sogou web spider/4.0(+http://www.sogou.com/docs/help/webmasters.htm#07)" 
114.119.140.84 - - [22/Dec/2020:23:45:14 -0800] "GET /self.logs/error.log.2018-07-21.gz HTTP/1.1" 200 6003 "-" "Mozilla/5.0 (Linux; Android 7.0;) AppleWebKit/537.36 (KHTML, like Gecko) Mobile Safari/537.36 (compatible; PetalBot;+https://aspiegel.com/petalbot)" 
114.119.159.101 - - [22/Dec/2020:23:50:19 -0800] "GET /self.logs/access.log.2017-04-19.gz HTTP/1.1" 200 19652 "-" "Mozilla/5.0 (Linux; Android 7.0;) AppleWebKit/537.36 (KHTML, like Gecko) Mobile Safari/537.36 (compatible; PetalBot;+https://aspiegel.com/petalbot)" 
114.119.159.40 - - [22/Dec/2020:23:55:24 -0800] "GET /self.logs/2015/error.log.2015-07-20.gz HTTP/1.1" 200 1032 "-" "Mozilla/5.0 (Linux; Android 7.0;) AppleWebKit/537.36 (KHTML, like Gecko) Mobile Safari/537.36 (compatible; PetalBot;+https://aspiegel.com/petalbot)" 
13.66.139.71 - - [22/Dec/2020:23:58:29 -0800] "GET / HTTP/1.1" 301 475 "-" "Mozilla/5.0 (compatible; bingbot/2.0; +http://www.bing.com/bingbot.htm)" 
216.244.66.245 - - [23/Dec/2020:00:00:08 -0800] "GET /robots.txt HTTP/1.1" 200 333 "-" "Mozilla/5.0 (compatible; DotBot/1.1; http://www.opensiteexplorer.org/dotbot, help@moz.com)" 
79.123.250.170 - - [23/Dec/2020:00:00:21 -0800] "GET / HTTP/1.1" 200 12881 "-" "Mozilla/5.0 (Windows NT 10.0; Win64; x64) AppleWebKit/537.36 (KHTML, like Gecko) Chrome/87.0.4280.88 Safari/537.36" 
79.123.250.170 - - [23/Dec/2020:00:00:21 -0800] "GET /css/style.css HTTP/1.1" 404 305 "http://www.secrepo.com/" "Mozilla/5.0 (Windows NT 10.0; Win64; x64) AppleWebKit/537.36 (KHTML, like Gecko) Chrome/87.0.4280.88 Safari/537.36" 
114.119.140.84 - - [23/Dec/2020:00:00:29 -0800] "GET /self.logs/error.log.2020-11-24 HTTP/1.1" 200 4548 "-" "Mozilla/5.0 (Linux; Android 7.0;) AppleWebKit/537.36 (KHTML, like Gecko) Mobile Safari/537.36 (compatible; PetalBot;+https://aspiegel.com/petalbot)" 
128.199.62.187 - - [23/Dec/2020:00:05:03 -0800] "GET / HTTP/1.1" 200 12881 "-" "Mozilla/5.0 (Macintosh; Intel Mac OS X 10_14_4) AppleWebKit/537.36 (KHTML, like Gecko) Chrome/73.0.3683.103 Safari/537.36" 
128.199.62.187 - - [23/Dec/2020:00:05:03 -0800] "GET /css/style.css HTTP/1.1" 404 305 "http://www.secrepo.com/" "Mozilla/5.0 (Macintosh; Intel Mac OS X 10_14_4) AppleWebKit/537.36 (KHTML, like Gecko) Chrome/73.0.3683.103 Safari/537.36" 
128.199.62.187 - - [23/Dec/2020:00:05:03 -0800] "GET /twitter-icon.png HTTP/1.1" 200 27893 "http://www.secrepo.com/" "Mozilla/5.0 (Macintosh; Intel Mac OS X 10_14_4) AppleWebKit/537.36 (KHTML, like Gecko) Chrome/73.0.3683.103 Safari/537.36" 
128.199.62.187 - - [23/Dec/2020:00:05:03 -0800] "GET /GitHub-Mark.png HTTP/1.1" 200 7556 "http://www.secrepo.com/" "Mozilla/5.0 (Macintosh; Intel Mac OS X 10_14_4) AppleWebKit/537.36 (KHTML, like Gecko) Chrome/73.0.3683.103 Safari/537.36" 
151.76.202.26 - - [23/Dec/2020:00:05:21 -0800] "GET / HTTP/1.1" 200 12881 "-" "Mozilla/5.0 (Windows NT 10.0; Win64; x64) AppleWebKit/537.36 (KHTML, like Gecko) Chrome/87.0.4280.88 Safari/537.36" 
151.76.202.26 - - [23/Dec/2020:00:05:22 -0800] "GET /css/style.css HTTP/1.1" 404 305 "http://www.secrepo.com/" "Mozilla/5.0 (Windows NT 10.0; Win64; x64) AppleWebKit/537.36 (KHTML, like Gecko) Chrome/87.0.4280.88 Safari/537.36" 
114.119.144.30 - - [23/Dec/2020:00:05:34 -0800] "GET /self.logs/2015/error.log.2015-04-03.gz HTTP/1.1" 200 995 "-" "Mozilla/5.0 (Linux; Android 7.0;) AppleWebKit/537.36 (KHTML, like Gecko) Mobile Safari/537.36 (compatible; PetalBot;+https://aspiegel.com/petalbot)" 
151.76.202.26 - - [23/Dec/2020:00:05:37 -0800] "GET /maccdc2012/dhcp.log.gz HTTP/1.1" 200 44977 "http://www.secrepo.com/" "Mozilla/5.0 (Windows NT 10.0; Win64; x64) AppleWebKit/537.36 (KHTML, like Gecko) Chrome/87.0.4280.88 Safari/537.36" 
85.18.30.8 - - [23/Dec/2020:00:05:38 -0800] "GET /maccdc2012/dhcp.log.gz HTTP/1.1" 200 44940 "https://www.google.com/" "Mozilla/5.0 (Windows NT 10.0; Win64; x64) AppleWebKit/537.36 (KHTML, like Gecko) Chrome/84.0.4147.135 Safari/537.36" 
216.244.66.245 - - [23/Dec/2020:00:05:58 -0800] "GET /self.logs/error.log.2020-05-17 HTTP/1.1" 200 307 "-" "Mozilla/5.0 (compatible; DotBot/1.1; http://www.opensiteexplorer.org/dotbot, help@moz.com)" 
151.76.202.26 - - [23/Dec/2020:00:08:56 -0800] "GET /maccdc2012/maccdc2012_fast_alert.7z HTTP/1.1" 200 9478260 "http://www.secrepo.com/" "Mozilla/5.0 (Windows NT 10.0; Win64; x64) AppleWebKit/537.36 (KHTML, like Gecko) Chrome/87.0.4280.88 Safari/537.36" 
114.119.159.101 - - [23/Dec/2020:00:10:39 -0800] "GET /self.logs/error.log.2018-01-19.gz HTTP/1.1" 200 2202 "-" "Mozilla/5.0 (Linux; Android 7.0;) AppleWebKit/537.36 (KHTML, like Gecko) Mobile Safari/537.36 (compatible; PetalBot;+https://aspiegel.com/petalbot)" 
49.80.173.160 - - [23/Dec/2020:00:11:38 -0800] "GET /honeypot/Honeypot%20-%20Howto%20-%20BSides%20Austin.pdf HTTP/1.1" 200 1121760 "-" "Mozilla/4.0 (compatible; MSIE 6.0; Windows NT 5.1)" 
151.76.202.26 - - [23/Dec/2020:00:12:35 -0800] "GET /self.logs/ HTTP/1.1" 200 26578 "http://www.secrepo.com/" "Mozilla/5.0 (Windows NT 10.0; Win64; x64) AppleWebKit/537.36 (KHTML, like Gecko) Chrome/87.0.4280.88 Safari/537.36" 
151.76.202.26 - - [23/Dec/2020:00:12:55 -0800] "GET /css/style.css HTTP/1.1" 404 328 "http://www.secrepo.com/" "Mozilla/5.0 (Windows NT 10.0; Win64; x64) AppleWebKit/537.36 (KHTML, like Gecko) Chrome/87.0.4280.88 Safari/537.36" 
151.76.202.26 - - [23/Dec/2020:00:13:04 -0800] "GET /css/style.css HTTP/1.1" 404 328 "http://www.secrepo.com/" "Mozilla/5.0 (Windows NT 10.0; Win64; x64) AppleWebKit/537.36 (KHTML, like Gecko) Chrome/87.0.4280.88 Safari/537.36" 
151.76.202.26 - - [23/Dec/2020:00:14:58 -0800] "GET /auth.log/auth.log.gz HTTP/1.1" 200 615679 "http://www.secrepo.com/" "Mozilla/5.0 (Windows NT 10.0; Win64; x64) AppleWebKit/537.36 (KHTML, like Gecko) Chrome/87.0.4280.88 Safari/537.36" 
114.119.130.95 - - [23/Dec/2020:00:15:44 -0800] "GET /self.logs/access.log.2020-04-24.gz HTTP/1.1" 200 89528 "-" "Mozilla/5.0 (Linux; Android 7.0;) AppleWebKit/537.36 (KHTML, like Gecko) Mobile Safari/537.36 (compatible; PetalBot;+https://aspiegel.com/petalbot)" 
151.76.202.26 - - [23/Dec/2020:00:16:54 -0800] "GET /honeypot/BSidesDFW%20-%202014.ipynb HTTP/1.1" 200 930921 "http://www.secrepo.com/" "Mozilla/5.0 (Windows NT 10.0; Win64; x64) AppleWebKit/537.36 (KHTML, like Gecko) Chrome/87.0.4280.88 Safari/537.36" 
51.83.111.190 - - [23/Dec/2020:00:17:10 -0800] "GET /honeypot/BSidesDFW%20-%202014.ipynb HTTP/1.1" 301 481 "-" "Tornado-Async-Client" 
114.119.140.84 - - [23/Dec/2020:00:20:49 -0800] "GET /self.logs/error.log.2019-12-13.gz HTTP/1.1" 200 1072 "-" "Mozilla/5.0 (Linux; Android 7.0;) AppleWebKit/537.36 (KHTML, like Gecko) Mobile Safari/537.36 (compatible; PetalBot;+https://aspiegel.com/petalbot)" 
114.119.144.30 - - [23/Dec/2020:00:25:55 -0800] "GET /self.logs/error.log.2019-05-16.gz HTTP/1.1" 200 5438 "-" "Mozilla/5.0 (Linux; Android 7.0;) AppleWebKit/537.36 (KHTML, like Gecko) Mobile Safari/537.36 (compatible; PetalBot;+https://aspiegel.com/petalbot)" 
66.249.73.130 - - [23/Dec/2020:00:27:16 -0800] "GET / HTTP/1.1" 301 475 "-" "Mozilla/5.0 (Linux; Android 6.0.1; Nexus 5X Build/MMB29P) AppleWebKit/537.36 (KHTML, like Gecko) Chrome/87.0.4280.90 Mobile Safari/537.36 (compatible; Googlebot/2.1; +http://www.google.com/bot.html)" 
66.249.65.29 - - [23/Dec/2020:00:27:18 -0800] "GET / HTTP/1.1" 200 12882 "-" "Mozilla/5.0 (Linux; Android 6.0.1; Nexus 5X Build/MMB29P) AppleWebKit/537.36 (KHTML, like Gecko) Chrome/87.0.4280.90 Mobile Safari/537.36 (compatible; Googlebot/2.1; +http://www.google.com/bot.html)" 
114.119.159.40 - - [23/Dec/2020:00:30:59 -0800] "GET /self.logs/error.log.2017-10-08.gz HTTP/1.1" 200 1922 "-" "Mozilla/5.0 (Linux; Android 7.0;) AppleWebKit/537.36 (KHTML, like Gecko) Mobile Safari/537.36 (compatible; PetalBot;+https://aspiegel.com/petalbot)" 
23.100.232.233 - - [23/Dec/2020:00:32:40 -0800] "GET / HTTP/1.1" 200 12882 "-" "Mozilla/5.0 (compatible; MSIE 9.0; Windows NT 6.1; Trident/5.0;  Trident/5.0)" 
23.100.232.233 - - [23/Dec/2020:00:32:40 -0800] "GET /css/style.css HTTP/1.1" 404 305 "http://www.secrepo.com/" "Mozilla/5.0 (compatible; MSIE 9.0; Windows NT 6.1; Trident/5.0;  Trident/5.0)" 
114.119.150.248 - - [23/Dec/2020:00:36:04 -0800] "GET /self.logs/error.log.2017-10-31.gz HTTP/1.1" 200 1991 "-" "Mozilla/5.0 (Linux; Android 7.0;) AppleWebKit/537.36 (KHTML, like Gecko) Mobile Safari/537.36 (compatible; PetalBot;+https://aspiegel.com/petalbot)" 
114.119.129.244 - - [23/Dec/2020:00:41:09 -0800] "GET /self.logs/error.log.2020-03-25.gz HTTP/1.1" 200 866 "-" "Mozilla/5.0 (Linux; Android 7.0;) AppleWebKit/537.36 (KHTML, like Gecko) Mobile Safari/537.36 (compatible; PetalBot;+https://aspiegel.com/petalbot)" 
52.68.237.20 - - [23/Dec/2020:00:41:40 -0800] "GET / HTTP/1.1" 200 12845 "-" "Mozilla/5.0 (Windows NT 10.0; Win64; x64) AppleWebKit/537.36 (KHTML, like Gecko) Chrome/87.0.4280.88 Safari/537.36" 
52.68.237.20 - - [23/Dec/2020:00:41:40 -0800] "GET /robots.txt HTTP/1.1" 200 340 "-" "Mozilla/5.0 (Windows NT 10.0; Win64; x64) AppleWebKit/537.36 (KHTML, like Gecko) Chrome/87.0.4280.88 Safari/537.36" 
52.68.237.20 - - [23/Dec/2020:00:41:41 -0800] "GET /css/style.css HTTP/1.1" 404 291 "http://www.secrepo.com/" "Mozilla/5.0 (Windows NT 10.0; Win64; x64) AppleWebKit/537.36 (KHTML, like Gecko) Chrome/87.0.4280.88 Safari/537.36" 
52.68.237.20 - - [23/Dec/2020:00:41:41 -0800] "GET /twitter-icon.png HTTP/1.1" 200 27879 "http://www.secrepo.com/" "Mozilla/5.0 (Windows NT 10.0; Win64; x64) AppleWebKit/537.36 (KHTML, like Gecko) Chrome/87.0.4280.88 Safari/537.36" 
52.68.237.20 - - [23/Dec/2020:00:41:42 -0800] "GET /GitHub-Mark.png HTTP/1.1" 200 7519 "http://www.secrepo.com/" "Mozilla/5.0 (Windows NT 10.0; Win64; x64) AppleWebKit/537.36 (KHTML, like Gecko) Chrome/87.0.4280.88 Safari/537.36" 
52.68.237.20 - - [23/Dec/2020:00:41:45 -0800] "GET /bootstrap/img/favicon.ico HTTP/1.1" 200 676 "http://www.secrepo.com/" "Mozilla/5.0 (Windows NT 10.0; Win64; x64) AppleWebKit/537.36 (KHTML, like Gecko) Chrome/87.0.4280.88 Safari/537.36" 
45.136.0.165 - - [23/Dec/2020:00:44:29 -0800] "GET / HTTP/1.1" 200 12838 "-" "Mozilla/5.0 (Macintosh; Intel Mac OS X 10_15_6) AppleWebKit/605.1.15 (KHTML, like Gecko) Version/14.0.2 Safari/605.1.15" 
45.136.0.165 - - [23/Dec/2020:00:44:30 -0800] "GET /css/style.css HTTP/1.1" 404 284 "http://www.secrepo.com/" "Mozilla/5.0 (Macintosh; Intel Mac OS X 10_15_6) AppleWebKit/605.1.15 (KHTML, like Gecko) Version/14.0.2 Safari/605.1.15" 
45.136.0.165 - - [23/Dec/2020:00:44:30 -0800] "GET /twitter-icon.png HTTP/1.1" 200 27872 "http://www.secrepo.com/" "Mozilla/5.0 (Macintosh; Intel Mac OS X 10_15_6) AppleWebKit/605.1.15 (KHTML, like Gecko) Version/14.0.2 Safari/605.1.15" 
45.136.0.165 - - [23/Dec/2020:00:44:30 -0800] "GET /GitHub-Mark.png HTTP/1.1" 200 7512 "http://www.secrepo.com/" "Mozilla/5.0 (Macintosh; Intel Mac OS X 10_15_6) AppleWebKit/605.1.15 (KHTML, like Gecko) Version/14.0.2 Safari/605.1.15" 
45.136.0.165 - - [23/Dec/2020:00:44:31 -0800] "GET /bootstrap/img/favicon.ico HTTP/1.1" 200 669 "http://www.secrepo.com/" "Mozilla/5.0 (Macintosh; Intel Mac OS X 10_15_6) AppleWebKit/605.1.15 (KHTML, like Gecko) Version/14.0.2 Safari/605.1.15" 
45.136.0.165 - - [23/Dec/2020:00:45:22 -0800] "GET /maccdc2012/http.log.gz HTTP/1.1" 200 56420944 "http://www.secrepo.com/" "Mozilla/5.0 (Macintosh; Intel Mac OS X 10_15_6) AppleWebKit/605.1.15 (KHTML, like Gecko) Version/14.0.2 Safari/605.1.15" 
114.119.159.40 - - [23/Dec/2020:00:46:14 -0800] "GET /self.logs/access.log.2017-05-10.gz HTTP/1.1" 200 16142 "-" "Mozilla/5.0 (Linux; Android 7.0;) AppleWebKit/537.36 (KHTML, like Gecko) Mobile Safari/537.36 (compatible; PetalBot;+https://aspiegel.com/petalbot)" 
17.58.96.153 - - [23/Dec/2020:00:50:37 -0800] "GET /self.logs/error.log.2019-10-22 HTTP/1.1" 200 307 "-" "Mozilla/5.0 (Macintosh; Intel Mac OS X 10_15_5) AppleWebKit/605.1.15 (KHTML, like Gecko) Version/13.1.1 Safari/605.1.15 (Applebot/0.1; +http://www.apple.com/go/applebot)" 
128.199.50.214 - - [23/Dec/2020:00:50:52 -0800] "GET / HTTP/1.1" 200 12881 "-" "Mozilla/5.0 (Macintosh; Intel Mac OS X 10_14_4) AppleWebKit/537.36 (KHTML, like Gecko) Chrome/73.0.3683.103 Safari/537.36" 
128.199.50.214 - - [23/Dec/2020:00:50:52 -0800] "GET /css/style.css HTTP/1.1" 404 305 "http://www.secrepo.com/" "Mozilla/5.0 (Macintosh; Intel Mac OS X 10_14_4) AppleWebKit/537.36 (KHTML, like Gecko) Chrome/73.0.3683.103 Safari/537.36" 
128.199.50.214 - - [23/Dec/2020:00:50:52 -0800] "GET /twitter-icon.png HTTP/1.1" 200 27916 "http://www.secrepo.com/" "Mozilla/5.0 (Macintosh; Intel Mac OS X 10_14_4) AppleWebKit/537.36 (KHTML, like Gecko) Chrome/73.0.3683.103 Safari/537.36" 
128.199.50.214 - - [23/Dec/2020:00:50:52 -0800] "GET /GitHub-Mark.png HTTP/1.1" 200 7533 "http://www.secrepo.com/" "Mozilla/5.0 (Macintosh; Intel Mac OS X 10_14_4) AppleWebKit/537.36 (KHTML, like Gecko) Chrome/73.0.3683.103 Safari/537.36" 
114.119.144.30 - - [23/Dec/2020:00:51:19 -0800] "GET /self.logs/error.log.2019-12-17.gz HTTP/1.1" 200 937 "-" "Mozilla/5.0 (Linux; Android 7.0;) AppleWebKit/537.36 (KHTML, like Gecko) Mobile Safari/537.36 (compatible; PetalBot;+https://aspiegel.com/petalbot)" 
151.76.202.26 - - [23/Dec/2020:00:51:55 -0800] "GET /maccdc2012/maccdc2012_fast_alert.7z HTTP/1.1" 200 9478260 "http://www.secrepo.com/" "Mozilla/5.0 (Windows NT 10.0; Win64; x64) AppleWebKit/537.36 (KHTML, like Gecko) Chrome/87.0.4280.88 Safari/537.36" 
114.119.144.30 - - [23/Dec/2020:00:56:24 -0800] "GET /self.logs?C=M%3BO%3DA HTTP/1.1" 301 587 "-" "Mozilla/5.0 (Linux; Android 7.0;) AppleWebKit/537.36 (KHTML, like Gecko) Mobile Safari/537.36 (compatible; PetalBot;+https://aspiegel.com/petalbot)" 
114.119.144.30 - - [23/Dec/2020:00:56:24 -0800] "GET /self.logs/?C=M%3BO%3DA HTTP/1.1" 200 26555 "-" "Mozilla/5.0 (Linux; Android 7.0;) AppleWebKit/537.36 (KHTML, like Gecko) Mobile Safari/537.36 (compatible; PetalBot;+https://aspiegel.com/petalbot)" 
114.119.150.248 - - [23/Dec/2020:01:01:29 -0800] "GET /self.logs/error.log.2017-01-08.gz HTTP/1.1" 200 1170 "-" "Mozilla/5.0 (Linux; Android 7.0;) AppleWebKit/537.36 (KHTML, like Gecko) Mobile Safari/537.36 (compatible; PetalBot;+https://aspiegel.com/petalbot)" 
151.76.202.26 - - [23/Dec/2020:01:02:14 -0800] "GET /maccdc2012/maccdc2012_fast_alert.7z HTTP/1.1" 200 9478260 "http://www.secrepo.com/" "Mozilla/5.0 (Windows NT 10.0; Win64; x64) AppleWebKit/537.36 (KHTML, like Gecko) Chrome/87.0.4280.88 Safari/537.36" 
151.76.202.26 - - [23/Dec/2020:01:02:19 -0800] "GET /maccdc2012/maccdc2012_full_alert.7z HTTP/1.1" 200 24979053 "http://www.secrepo.com/" "Mozilla/5.0 (Windows NT 10.0; Win64; x64) AppleWebKit/537.36 (KHTML, like Gecko) Chrome/87.0.4280.88 Safari/537.36" 
114.119.140.84 - - [23/Dec/2020:01:06:36 -0800] "GET /self.logs/error.log.2019-03-08.gz HTTP/1.1" 200 5749 "-" "Mozilla/5.0 (Linux; Android 7.0;) AppleWebKit/537.36 (KHTML, like Gecko) Mobile Safari/537.36 (compatible; PetalBot;+https://aspiegel.com/petalbot)" 
49.44.81.164 - - [23/Dec/2020:01:07:31 -0800] "GET /self.logs/ HTTP/1.1" 200 26541 "https://www.google.com/" "Mozilla/5.0 (Windows NT 10.0; WOW64) AppleWebKit/537.36 (KHTML, like Gecko) Chrome/84.0.4147.135 Safari/537.36" 
17.58.96.153 - - [23/Dec/2020:01:07:35 -0800] "GET /self.logs/error.log.2020-01-27 HTTP/1.1" 200 307 "-" "Mozilla/5.0 (Macintosh; Intel Mac OS X 10_15_5) AppleWebKit/605.1.15 (KHTML, like Gecko) Version/13.1.1 Safari/605.1.15 (Applebot/0.1; +http://www.apple.com/go/applebot)" 
206.47.249.246 - - [23/Dec/2020:01:08:46 -0800] "GET /self.logs/error.log.2019-04-23.gz HTTP/1.1" 304 280 "-" "Mozilla/4.0 (compatible;)" 
114.119.141.53 - - [23/Dec/2020:01:11:40 -0800] "GET /self.logs/access.log.2020-12-11.gz HTTP/1.1" 200 18340 "-" "Mozilla/5.0 (Linux; Android 7.0;) AppleWebKit/537.36 (KHTML, like Gecko) Mobile Safari/537.36 (compatible; PetalBot;+https://aspiegel.com/petalbot)" 
40.88.21.235 - - [23/Dec/2020:01:13:07 -0800] "GET / HTTP/1.1" 200 12882 "http://www.secrepo.com/" "Mozilla/5.0 (compatible; DuckDuckGo-Favicons-Bot/1.0; +http://duckduckgo.com)" 
40.88.21.235 - - [23/Dec/2020:01:13:07 -0800] "GET /bootstrap/img/favicon.ico HTTP/1.1" 200 690 "http://www.secrepo.com/bootstrap/img/favicon.ico" "Mozilla/5.0 (compatible; DuckDuckGo-Favicons-Bot/1.0; +http://duckduckgo.com)" 
151.76.202.26 - - [23/Dec/2020:01:15:19 -0800] "GET /squid/access.log.gz HTTP/1.1" 200 23100671 "http://www.secrepo.com/" "Mozilla/5.0 (Windows NT 10.0; Win64; x64) AppleWebKit/537.36 (KHTML, like Gecko) Chrome/87.0.4280.88 Safari/537.36" 
114.119.129.244 - - [23/Dec/2020:01:16:45 -0800] "GET /self.logs/2015/error.log.2015-06-06.gz HTTP/1.1" 200 819 "-" "Mozilla/5.0 (Linux; Android 7.0;) AppleWebKit/537.36 (KHTML, like Gecko) Mobile Safari/537.36 (compatible; PetalBot;+https://aspiegel.com/petalbot)" 
151.76.202.26 - - [23/Dec/2020:01:17:23 -0800] "GET /self.logs/ HTTP/1.1" 200 26578 "http://www.secrepo.com/" "Mozilla/5.0 (Windows NT 10.0; Win64; x64) AppleWebKit/537.36 (KHTML, like Gecko) Chrome/87.0.4280.88 Safari/537.36" 
151.76.202.26 - - [23/Dec/2020:01:17:29 -0800] "GET /self.logs/access.log.2017-01-01.gz HTTP/1.1" 200 17678 "http://www.secrepo.com/self.logs/" "Mozilla/5.0 (Windows NT 10.0; Win64; x64) AppleWebKit/537.36 (KHTML, like Gecko) Chrome/87.0.4280.88 Safari/537.36" 
207.46.13.27 - - [23/Dec/2020:01:20:31 -0800] "GET /self.logs/access.log.2019-05-25.gz HTTP/1.1" 304 280 "-" "Mozilla/5.0 (compatible; bingbot/2.0; +http://www.bing.com/bingbot.htm)" 
151.76.202.26 - - [23/Dec/2020:01:20:33 -0800] "GET /honeypot/honeypot.json.zip HTTP/1.1" 200 23086087 "http://www.secrepo.com/" "Mozilla/5.0 (Windows NT 10.0; Win64; x64) AppleWebKit/537.36 (KHTML, like Gecko) Chrome/87.0.4280.88 Safari/537.36" 
207.46.13.173 - - [23/Dec/2020:01:20:58 -0800] "GET /self.logs/access.log.2017-03-21.gz HTTP/1.1" 304 280 "-" "Mozilla/5.0 (compatible; bingbot/2.0; +http://www.bing.com/bingbot.htm)" 
114.119.129.244 - - [23/Dec/2020:01:21:51 -0800] "GET /self.logs/access.log.2018-11-04.gz HTTP/1.1" 200 18929 "-" "Mozilla/5.0 (Linux; Android 7.0;) AppleWebKit/537.36 (KHTML, like Gecko) Mobile Safari/537.36 (compatible; PetalBot;+https://aspiegel.com/petalbot)" 
114.119.159.101 - - [23/Dec/2020:01:26:55 -0800] "GET /self.logs/2015/access.log.2015-07-19.gz HTTP/1.1" 200 4321 "-" "Mozilla/5.0 (Linux; Android 7.0;) AppleWebKit/537.36 (KHTML, like Gecko) Mobile Safari/537.36 (compatible; PetalBot;+https://aspiegel.com/petalbot)" 
62.109.4.14 - - [23/Dec/2020:01:27:54 -0800] "GET /.env HTTP/1.1" 301 483 "-" "IDBTE4M CODE87" 
62.109.4.14 - - [23/Dec/2020:01:27:54 -0800] "POST / HTTP/1.1" 301 475 "-" "IDBTE4M CODE87" 
66.249.73.130 - - [23/Dec/2020:01:27:57 -0800] "GET / HTTP/1.1" 301 475 "-" "Mozilla/5.0 (compatible; Googlebot/2.1; +http://www.google.com/bot.html)" 
66.249.65.29 - - [23/Dec/2020:01:27:58 -0800] "GET / HTTP/1.1" 200 12882 "-" "Mozilla/5.0 (compatible; Googlebot/2.1; +http://www.google.com/bot.html)" 
151.72.80.228 - - [23/Dec/2020:01:33:21 -0800] "GET / HTTP/1.1" 301 475 "-" "Mozilla/5.0 (Windows NT 10.0; Win64; x64) AppleWebKit/537.36 (KHTML, like Gecko) Chrome/87.0.4280.88 Safari/537.36 Edg/87.0.664.66" 
151.72.80.228 - - [23/Dec/2020:01:33:22 -0800] "GET / HTTP/1.1" 200 12883 "-" "Mozilla/5.0 (Windows NT 10.0; Win64; x64) AppleWebKit/537.36 (KHTML, like Gecko) Chrome/87.0.4280.88 Safari/537.36 Edg/87.0.664.66" 
151.72.80.228 - - [23/Dec/2020:01:33:22 -0800] "GET /css/style.css HTTP/1.1" 404 305 "http://www.secrepo.com/" "Mozilla/5.0 (Windows NT 10.0; Win64; x64) AppleWebKit/537.36 (KHTML, like Gecko) Chrome/87.0.4280.88 Safari/537.36 Edg/87.0.664.66" 
151.72.80.228 - - [23/Dec/2020:01:33:22 -0800] "GET /twitter-icon.png HTTP/1.1" 200 27916 "http://www.secrepo.com/" "Mozilla/5.0 (Windows NT 10.0; Win64; x64) AppleWebKit/537.36 (KHTML, like Gecko) Chrome/87.0.4280.88 Safari/537.36 Edg/87.0.664.66" 
151.72.80.228 - - [23/Dec/2020:01:33:22 -0800] "GET /GitHub-Mark.png HTTP/1.1" 200 7533 "http://www.secrepo.com/" "Mozilla/5.0 (Windows NT 10.0; Win64; x64) AppleWebKit/537.36 (KHTML, like Gecko) Chrome/87.0.4280.88 Safari/537.36 Edg/87.0.664.66" 
151.72.80.228 - - [23/Dec/2020:01:33:23 -0800] "GET /bootstrap/img/favicon.ico HTTP/1.1" 200 690 "http://www.secrepo.com/" "Mozilla/5.0 (Windows NT 10.0; Win64; x64) AppleWebKit/537.36 (KHTML, like Gecko) Chrome/87.0.4280.88 Safari/537.36 Edg/87.0.664.66" 
114.119.150.248 - - [23/Dec/2020:01:37:06 -0800] "GET /self.logs/access.log.2017-11-09.gz HTTP/1.1" 200 28142 "-" "Mozilla/5.0 (Linux; Android 7.0;) AppleWebKit/537.36 (KHTML, like Gecko) Mobile Safari/537.36 (compatible; PetalBot;+https://aspiegel.com/petalbot)" 
114.119.140.84 - - [23/Dec/2020:01:42:10 -0800] "GET /self.logs/2015/error.log.2015-09-21.gz HTTP/1.1" 200 990 "-" "Mozilla/5.0 (Linux; Android 7.0;) AppleWebKit/537.36 (KHTML, like Gecko) Mobile Safari/537.36 (compatible; PetalBot;+https://aspiegel.com/petalbot)" 
