157.55.39.209 - - [10/Dec/2022:02:46:53 -0800] "GET /self.logs/access.log.2017-07-05.gz HTTP/1.1" 200 22850 "-" "Mozilla/5.0 AppleWebKit/537.36 (KHTML, like Gecko; compatible; bingbot/2.0; +http://www.bing.com/bingbot.htm) Chrome/103.0.5060.134 Safari/537.36" 
40.77.167.6 - - [10/Dec/2022:02:51:32 -0800] "GET /self.logs/access.log.2019-10-03.gz HTTP/1.1" 200 25459 "-" "Mozilla/5.0 (compatible; bingbot/2.0; +http://www.bing.com/bingbot.htm)" 
157.55.39.209 - - [10/Dec/2022:02:51:43 -0800] "GET /self.logs/2016/error.log.2016-11-25.gz HTTP/1.1" 200 1247 "-" "Mozilla/5.0 (compatible; bingbot/2.0; +http://www.bing.com/bingbot.htm)" 
103.131.71.204 - - [10/Dec/2022:02:59:46 -0800] "GET /robots.txt HTTP/1.1" 301 458 "-" "Mozilla/5.0 (compatible; coccocbot-image/1.0; +http://help.coccoc.com/searchengine)" 
103.131.71.204 - - [10/Dec/2022:02:59:49 -0800] "GET /robots.txt HTTP/1.1" 200 340 "-" "Mozilla/5.0 (compatible; coccocbot-image/1.0; +http://help.coccoc.com/searchengine)" 
114.119.140.239 - - [10/Dec/2022:03:01:17 -0800] "GET /robots.txt HTTP/1.1" 301 495 "-" "Mozilla/5.0 (compatible;PetalBot;+https://webmaster.petalsearch.com/site/petalbot)" 
114.119.140.239 - - [10/Dec/2022:03:01:18 -0800] "GET /robots.txt HTTP/1.1" 200 377 "-" "Mozilla/5.0 (compatible;PetalBot;+https://webmaster.petalsearch.com/site/petalbot)" 
35.235.68.5 - - [10/Dec/2022:03:02:28 -0800] "GET /robots.txt HTTP/1.1" 200 377 "-" "Mozilla/5.0 (compatible; Lucidworks-SPLKExt/0.10; +; )" 
35.235.68.5 - - [10/Dec/2022:03:02:29 -0800] "GET /robots.txt HTTP/1.1" 200 377 "-" "Mozilla/5.0 (compatible; Lucidworks-SPLKExt_copy/0.10; +; )" 
40.77.167.61 - - [10/Dec/2022:03:03:10 -0800] "GET /self.logs/access.log.2020-09-26.gz HTTP/1.1" 200 19842 "-" "Mozilla/5.0 AppleWebKit/537.36 (KHTML, like Gecko; compatible; bingbot/2.0; +http://www.bing.com/bingbot.htm) Chrome/103.0.5060.134 Safari/537.36" 
40.77.167.73 - - [10/Dec/2022:03:06:07 -0800] "GET /self.logs/access.log.2021-02-20.gz HTTP/1.1" 200 17048 "-" "Mozilla/5.0 (compatible; bingbot/2.0; +http://www.bing.com/bingbot.htm)" 
40.77.167.74 - - [10/Dec/2022:03:08:00 -0800] "GET /self.logs/access.log.2021-05-04.gz HTTP/1.1" 200 16952 "-" "Mozilla/5.0 AppleWebKit/537.36 (KHTML, like Gecko; compatible; bingbot/2.0; +http://www.bing.com/bingbot.htm) Chrome/103.0.5060.134 Safari/537.36" 
157.55.39.209 - - [10/Dec/2022:03:17:36 -0800] "GET /self.logs/ HTTP/1.1" 200 40106 "-" "Mozilla/5.0 AppleWebKit/537.36 (KHTML, like Gecko; compatible; bingbot/2.0; +http://www.bing.com/bingbot.htm) Chrome/103.0.5060.134 Safari/537.36" 
85.152.31.1 - - [10/Dec/2022:03:20:26 -0800] "GET /bootstrap/img/favicon.ico HTTP/1.1" 200 713 "-" "Mozilla/5.0 (Windows NT 10.0; Win64; x64) AppleWebKit/537.36 (KHTML, like Gecko) Chrome/108.0.0.0 Safari/537.36 Edg/108.0.1462.42" 
40.77.167.6 - - [10/Dec/2022:03:28:38 -0800] "GET / HTTP/1.1" 200 13185 "-" "Mozilla/5.0 (compatible; bingbot/2.0; +http://www.bing.com/bingbot.htm)" 
157.55.39.49 - - [10/Dec/2022:03:29:04 -0800] "GET /self.logs/error.log.2021-05-21.gz HTTP/1.1" 200 1199 "-" "Mozilla/5.0 (compatible; bingbot/2.0; +http://www.bing.com/bingbot.htm)" 
196.64.134.147 - - [10/Dec/2022:03:29:44 -0800] "GET / HTTP/1.1" 200 13185 "-" "Mozilla/5.0 (X11; Linux x86_64) AppleWebKit/537.36 (KHTML, like Gecko) Chrome/107.0.0.0 Safari/537.36" 
196.64.134.147 - - [10/Dec/2022:03:29:47 -0800] "GET /css/style.css HTTP/1.1" 404 305 "http://www.secrepo.com/" "Mozilla/5.0 (X11; Linux x86_64) AppleWebKit/537.36 (KHTML, like Gecko) Chrome/107.0.0.0 Safari/537.36" 
196.64.134.147 - - [10/Dec/2022:03:29:47 -0800] "GET /twitter-icon.png HTTP/1.1" 200 27893 "http://www.secrepo.com/" "Mozilla/5.0 (X11; Linux x86_64) AppleWebKit/537.36 (KHTML, like Gecko) Chrome/107.0.0.0 Safari/537.36" 
196.64.134.147 - - [10/Dec/2022:03:29:47 -0800] "GET /GitHub-Mark.png HTTP/1.1" 200 7556 "http://www.secrepo.com/" "Mozilla/5.0 (X11; Linux x86_64) AppleWebKit/537.36 (KHTML, like Gecko) Chrome/107.0.0.0 Safari/537.36" 
196.64.134.147 - - [10/Dec/2022:03:29:52 -0800] "GET /bootstrap/img/favicon.ico HTTP/1.1" 200 690 "http://www.secrepo.com/" "Mozilla/5.0 (X11; Linux x86_64) AppleWebKit/537.36 (KHTML, like Gecko) Chrome/107.0.0.0 Safari/537.36" 
157.55.39.209 - - [10/Dec/2022:03:33:07 -0800] "GET /self.logs/error.log.2020-07-29 HTTP/1.1" 200 351 "-" "Mozilla/5.0 (compatible; bingbot/2.0; +http://www.bing.com/bingbot.htm)" 
114.119.142.140 - - [10/Dec/2022:03:49:21 -0800] "GET /self.logs/error.log.2020-07-28 HTTP/1.1" 200 351 "http://www.secrepo.com/self.logs?C=N%3BO%3DD" "Mozilla/5.0 (Linux; Android 7.0;) AppleWebKit/537.36 (KHTML, like Gecko) Mobile Safari/537.36 (compatible; PetalBot;+https://webmaster.petalsearch.com/site/petalbot)" 
40.77.167.61 - - [10/Dec/2022:03:49:43 -0800] "GET /self.logs/access.log.2021-03-29.gz HTTP/1.1" 200 26462 "-" "Mozilla/5.0 AppleWebKit/537.36 (KHTML, like Gecko; compatible; bingbot/2.0; +http://www.bing.com/bingbot.htm) Chrome/103.0.5060.134 Safari/537.36" 
40.77.167.61 - - [10/Dec/2022:03:56:43 -0800] "GET /self.logs/access.log.2018-03-06.gz HTTP/1.1" 200 23986 "-" "Mozilla/5.0 AppleWebKit/537.36 (KHTML, like Gecko; compatible; bingbot/2.0; +http://www.bing.com/bingbot.htm) Chrome/103.0.5060.134 Safari/537.36" 
40.77.167.61 - - [10/Dec/2022:03:56:43 -0800] "GET /self.logs/access.log.2022-04-19.gz HTTP/1.1" 200 12942 "-" "Mozilla/5.0 AppleWebKit/537.36 (KHTML, like Gecko; compatible; bingbot/2.0; +http://www.bing.com/bingbot.htm) Chrome/103.0.5060.134 Safari/537.36" 
108.20.41.99 - - [10/Dec/2022:03:57:13 -0800] "GET / HTTP/1.1" 200 13186 "-" "Mozilla/5.0 (iPhone; CPU iPhone OS 15_6 like Mac OS X) AppleWebKit/605.1.15 (KHTML, like Gecko) CriOS/70.0.3538.75 Mobile/15E148 Safari/605.1" 
40.77.167.73 - - [10/Dec/2022:04:00:32 -0800] "GET /self.logs/error.log.2019-07-24.gz HTTP/1.1" 200 1524 "-" "Mozilla/5.0 (compatible; bingbot/2.0; +http://www.bing.com/bingbot.htm)" 
40.77.167.6 - - [10/Dec/2022:04:04:13 -0800] "GET / HTTP/1.1" 200 13185 "-" "Mozilla/5.0 AppleWebKit/537.36 (KHTML, like Gecko; compatible; bingbot/2.0; +http://www.bing.com/bingbot.htm) Chrome/103.0.5060.134 Safari/537.36" 
45.76.190.213 - - [10/Dec/2022:04:04:49 -0800] "GET / HTTP/1.1" 200 13185 "http://www.secrepo.com" "Mozilla/5.0 (Windows NT 10.0; WOW64) AppleWebKit/537.36 (KHTML, like Gecko) Chrome/86.0.4240.198 Safari/537.36" 
157.55.39.209 - - [10/Dec/2022:04:06:51 -0800] "GET /self.logs/2016/access.log.2016-10-05.gz HTTP/1.1" 200 6386 "-" "Mozilla/5.0 (compatible; bingbot/2.0; +http://www.bing.com/bingbot.htm)" 
157.55.39.209 - - [10/Dec/2022:04:07:11 -0800] "GET /self.logs/ HTTP/1.1" 200 40106 "-" "Mozilla/5.0 AppleWebKit/537.36 (KHTML, like Gecko; compatible; bingbot/2.0; +http://www.bing.com/bingbot.htm) Chrome/103.0.5060.134 Safari/537.36" 
203.123.98.4 - - [10/Dec/2022:04:11:10 -0800] "GET /.well-known/security.txt HTTP/1.1" 301 486 "-" "Go-http-client/1.1" 
203.123.98.4 - - [10/Dec/2022:04:11:10 -0800] "GET /.well-known/security.txt HTTP/1.1" 404 291 "http://secrepo.com/.well-known/security.txt" "Go-http-client/1.1" 
203.123.98.4 - - [10/Dec/2022:04:11:11 -0800] "GET /security.txt HTTP/1.1" 301 462 "-" "Go-http-client/1.1" 
203.123.98.4 - - [10/Dec/2022:04:11:11 -0800] "GET /security.txt HTTP/1.1" 404 291 "http://secrepo.com/security.txt" "Go-http-client/1.1" 
157.55.39.209 - - [10/Dec/2022:04:18:12 -0800] "GET /self.logs/error.log.2020-01-14.gz HTTP/1.1" 200 871 "-" "Mozilla/5.0 (compatible; bingbot/2.0; +http://www.bing.com/bingbot.htm)" 
157.55.39.49 - - [10/Dec/2022:04:19:09 -0800] "GET /self.logs/access.log.2020-03-01.gz HTTP/1.1" 200 13129 "-" "Mozilla/5.0 (compatible; bingbot/2.0; +http://www.bing.com/bingbot.htm)" 
40.77.167.61 - - [10/Dec/2022:04:21:27 -0800] "GET /self.logs/2016/error.log.2016-11-28.gz HTTP/1.1" 200 2337 "-" "Mozilla/5.0 (compatible; bingbot/2.0; +http://www.bing.com/bingbot.htm)" 
40.77.167.74 - - [10/Dec/2022:04:25:06 -0800] "GET /self.logs/access.log.2019-04-09.gz HTTP/1.1" 200 30680 "-" "Mozilla/5.0 AppleWebKit/537.36 (KHTML, like Gecko; compatible; bingbot/2.0; +http://www.bing.com/bingbot.htm) Chrome/103.0.5060.134 Safari/537.36" 
157.55.39.209 - - [10/Dec/2022:04:26:22 -0800] "GET /self.logs/2016/access.log.2016-06-18.gz HTTP/1.1" 200 8035 "-" "Mozilla/5.0 (compatible; bingbot/2.0; +http://www.bing.com/bingbot.htm)" 
157.55.39.209 - - [10/Dec/2022:04:26:32 -0800] "GET /Datasets%20Description/Network/dns.html HTTP/1.1" 200 1543 "-" "Mozilla/5.0 AppleWebKit/537.36 (KHTML, like Gecko; compatible; bingbot/2.0; +http://www.bing.com/bingbot.htm) Chrome/103.0.5060.134 Safari/537.36" 
113.125.51.198 - - [10/Dec/2022:04:33:53 -0800] "GET / HTTP/1.1" 301 438 "-" "Mozilla/5.0 (iPhone; CPU iPhone OS 13_2_3 like Mac OS X) AppleWebKit/605.1.15 (KHTML, like Gecko) Version/13.0.3 Mobile/15E148 Safari/604.1" 
40.77.167.6 - - [10/Dec/2022:04:42:46 -0800] "GET /self.logs/2016/access.log.2016-04-25.gz HTTP/1.1" 200 9472 "-" "Mozilla/5.0 (compatible; bingbot/2.0; +http://www.bing.com/bingbot.htm)" 
40.77.167.73 - - [10/Dec/2022:04:42:56 -0800] "GET /self.logs/2016/access.log.2016-08-07.gz HTTP/1.1" 200 13698 "-" "Mozilla/5.0 AppleWebKit/537.36 (KHTML, like Gecko; compatible; bingbot/2.0; +http://www.bing.com/bingbot.htm) Chrome/103.0.5060.134 Safari/537.36" 
40.77.167.74 - - [10/Dec/2022:04:44:09 -0800] "GET /self.logs/access.log.2022-08-04.gz HTTP/1.1" 200 15804 "-" "Mozilla/5.0 AppleWebKit/537.36 (KHTML, like Gecko; compatible; bingbot/2.0; +http://www.bing.com/bingbot.htm) Chrome/103.0.5060.134 Safari/537.36" 
39.144.61.6 - - [10/Dec/2022:04:47:21 -0800] "GET / HTTP/1.1" 200 13142 "-" "Mozilla/5.0 (Linux; Android 11; V2162A; wv) AppleWebKit/537.36 (KHTML, like Gecko) Version/4.0 Chrome/87.0.4280.141 Mobile Safari/537.36 VivoBrowser/12.9.51.0" 
120.229.23.94 - - [10/Dec/2022:04:54:03 -0800] "GET / HTTP/1.1" 200 49089 "-" "android compatible os/Egg/1.6.1/Pro(fits) Max" 
40.77.167.61 - - [10/Dec/2022:04:54:40 -0800] "GET /self.logs/error.log.2018-06-01.gz HTTP/1.1" 200 5056 "-" "Mozilla/5.0 (compatible; bingbot/2.0; +http://www.bing.com/bingbot.htm)" 
103.135.102.113 - - [10/Dec/2022:04:55:10 -0800] "GET / HTTP/1.1" 200 13142 "-" "Mozilla/5.0 (Windows NT 10.0; Win64; x64) AppleWebKit/537.36 (KHTML, like Gecko) Chrome/108.0.0.0 Safari/537.36" 
103.135.102.113 - - [10/Dec/2022:04:55:10 -0800] "GET /css/style.css HTTP/1.1" 404 250 "http://www.secrepo.com/" "Mozilla/5.0 (Windows NT 10.0; Win64; x64) AppleWebKit/537.36 (KHTML, like Gecko) Chrome/108.0.0.0 Safari/537.36" 
103.135.102.113 - - [10/Dec/2022:04:55:10 -0800] "GET /twitter-icon.png HTTP/1.1" 200 27838 "http://www.secrepo.com/" "Mozilla/5.0 (Windows NT 10.0; Win64; x64) AppleWebKit/537.36 (KHTML, like Gecko) Chrome/108.0.0.0 Safari/537.36" 
103.135.102.113 - - [10/Dec/2022:04:55:11 -0800] "GET /GitHub-Mark.png HTTP/1.1" 200 7512 "http://www.secrepo.com/" "Mozilla/5.0 (Windows NT 10.0; Win64; x64) AppleWebKit/537.36 (KHTML, like Gecko) Chrome/108.0.0.0 Safari/537.36" 
103.135.102.113 - - [10/Dec/2022:04:55:11 -0800] "GET /bootstrap/img/favicon.ico HTTP/1.1" 200 635 "http://www.secrepo.com/" "Mozilla/5.0 (Windows NT 10.0; Win64; x64) AppleWebKit/537.36 (KHTML, like Gecko) Chrome/108.0.0.0 Safari/537.36" 
157.55.39.209 - - [10/Dec/2022:04:56:05 -0800] "GET /self.logs/ HTTP/1.1" 200 40106 "-" "Mozilla/5.0 (compatible; bingbot/2.0; +http://www.bing.com/bingbot.htm)" 
54.36.148.69 - - [10/Dec/2022:04:59:58 -0800] "GET /robots.txt HTTP/1.1" 301 439 "-" "Mozilla/5.0 (compatible; AhrefsBot/7.0; +http://ahrefs.com/robot/)" 
54.36.148.69 - - [10/Dec/2022:04:59:58 -0800] "GET /robots.txt HTTP/1.1" 200 333 "-" "Mozilla/5.0 (compatible; AhrefsBot/7.0; +http://ahrefs.com/robot/)" 
40.77.167.73 - - [10/Dec/2022:05:01:47 -0800] "GET /self.logs/2016/error.log.2016-06-16.gz HTTP/1.1" 200 1168 "-" "Mozilla/5.0 AppleWebKit/537.36 (KHTML, like Gecko; compatible; bingbot/2.0; +http://www.bing.com/bingbot.htm) Chrome/103.0.5060.134 Safari/537.36" 
220.158.144.60 - - [10/Dec/2022:05:07:52 -0800] "GET / HTTP/1.1" 200 13185 "-" "Mozilla/5.0 (X11; Linux x86_64) AppleWebKit/537.36 (KHTML, like Gecko) Chrome/106.0.0.0 Safari/537.36" 
220.158.144.60 - - [10/Dec/2022:05:07:52 -0800] "GET /css/style.css HTTP/1.1" 404 328 "http://www.secrepo.com/" "Mozilla/5.0 (X11; Linux x86_64) AppleWebKit/537.36 (KHTML, like Gecko) Chrome/106.0.0.0 Safari/537.36" 
220.158.144.60 - - [10/Dec/2022:05:07:53 -0800] "GET /twitter-icon.png HTTP/1.1" 200 27893 "http://www.secrepo.com/" "Mozilla/5.0 (X11; Linux x86_64) AppleWebKit/537.36 (KHTML, like Gecko) Chrome/106.0.0.0 Safari/537.36" 
220.158.144.60 - - [10/Dec/2022:05:07:53 -0800] "GET /GitHub-Mark.png HTTP/1.1" 200 7533 "http://www.secrepo.com/" "Mozilla/5.0 (X11; Linux x86_64) AppleWebKit/537.36 (KHTML, like Gecko) Chrome/106.0.0.0 Safari/537.36" 
220.158.144.60 - - [10/Dec/2022:05:07:54 -0800] "GET /bootstrap/img/favicon.ico HTTP/1.1" 200 690 "http://www.secrepo.com/" "Mozilla/5.0 (X11; Linux x86_64) AppleWebKit/537.36 (KHTML, like Gecko) Chrome/106.0.0.0 Safari/537.36" 
206.47.249.246 - - [10/Dec/2022:05:10:32 -0800] "GET /self.logs/error.log.2019-04-23.gz HTTP/1.1" 304 280 "-" "Mozilla/4.0 (compatible;)" 
220.158.144.60 - - [10/Dec/2022:05:11:19 -0800] "GET /css/style.css HTTP/1.1" 404 328 "http://www.secrepo.com/" "Mozilla/5.0 (X11; Linux x86_64) AppleWebKit/537.36 (KHTML, like Gecko) Chrome/106.0.0.0 Safari/537.36" 
40.77.167.6 - - [10/Dec/2022:05:12:10 -0800] "GET /self.logs/access.log.2020-06-19.gz HTTP/1.1" 200 11642 "-" "Mozilla/5.0 AppleWebKit/537.36 (KHTML, like Gecko; compatible; bingbot/2.0; +http://www.bing.com/bingbot.htm) Chrome/103.0.5060.134 Safari/537.36" 
40.77.167.61 - - [10/Dec/2022:05:13:22 -0800] "GET /self.logs/access.log.2020-08-21.gz HTTP/1.1" 200 45358 "-" "Mozilla/5.0 (compatible; bingbot/2.0; +http://www.bing.com/bingbot.htm)" 
40.77.167.6 - - [10/Dec/2022:05:15:10 -0800] "GET /self.logs/access.log.2021-03-20.gz HTTP/1.1" 200 13944 "-" "Mozilla/5.0 AppleWebKit/537.36 (KHTML, like Gecko; compatible; bingbot/2.0; +http://www.bing.com/bingbot.htm) Chrome/103.0.5060.134 Safari/537.36" 
40.77.167.6 - - [10/Dec/2022:05:15:10 -0800] "GET /self.logs/error.log.2020-07-16.gz HTTP/1.1" 200 1005 "-" "Mozilla/5.0 (compatible; bingbot/2.0; +http://www.bing.com/bingbot.htm)" 
157.55.39.209 - - [10/Dec/2022:05:16:18 -0800] "GET /self.logs/access.log.2021-10-25.gz HTTP/1.1" 200 18219 "-" "Mozilla/5.0 AppleWebKit/537.36 (KHTML, like Gecko; compatible; bingbot/2.0; +http://www.bing.com/bingbot.htm) Chrome/103.0.5060.134 Safari/537.36" 
40.77.167.73 - - [10/Dec/2022:05:21:41 -0800] "GET /self.logs/2016/access.log.2016-07-08.gz HTTP/1.1" 200 7165 "-" "Mozilla/5.0 (compatible; bingbot/2.0; +http://www.bing.com/bingbot.htm)" 
40.77.167.74 - - [10/Dec/2022:05:25:13 -0800] "GET /self.logs/error.log.2021-08-06.gz HTTP/1.1" 200 4745 "-" "Mozilla/5.0 AppleWebKit/537.36 (KHTML, like Gecko; compatible; bingbot/2.0; +http://www.bing.com/bingbot.htm) Chrome/103.0.5060.134 Safari/537.36" 
157.55.39.49 - - [10/Dec/2022:05:28:36 -0800] "GET /self.logs/2016/access.log.2016-10-13.gz HTTP/1.1" 200 8505 "-" "Mozilla/5.0 (compatible; bingbot/2.0; +http://www.bing.com/bingbot.htm)" 
40.77.167.6 - - [10/Dec/2022:05:34:12 -0800] "GET /self.logs/error.log.2017-12-18.gz HTTP/1.1" 200 1775 "-" "Mozilla/5.0 AppleWebKit/537.36 (KHTML, like Gecko; compatible; bingbot/2.0; +http://www.bing.com/bingbot.htm) Chrome/103.0.5060.134 Safari/537.36" 
140.237.242.138 - - [10/Dec/2022:05:37:09 -0800] "GET / HTTP/1.1" 301 438 "-" "Mozilla/5.0 (Windows NT 10.0; WOW64) AppleWebKit/537.36 (KHTML, like Gecko) Chrome/78.0.3904.108 Safari/537.36" 
140.237.230.178 - - [10/Dec/2022:05:37:10 -0800] "GET / HTTP/1.1" 200 13149 "-" "Mozilla/5.0 (Windows NT 10.0; WOW64) AppleWebKit/537.36 (KHTML, like Gecko) Chrome/78.0.3904.108 Safari/537.36" 
157.55.39.49 - - [10/Dec/2022:05:37:27 -0800] "GET /self.logs/access.log.2021-02-07.gz HTTP/1.1" 200 27723 "-" "Mozilla/5.0 (compatible; bingbot/2.0; +http://www.bing.com/bingbot.htm)" 
157.55.39.49 - - [10/Dec/2022:05:39:47 -0800] "GET /self.logs/2016/access.log.2016-07-16.gz HTTP/1.1" 200 8736 "-" "Mozilla/5.0 (compatible; bingbot/2.0; +http://www.bing.com/bingbot.htm)" 
157.55.39.82 - - [10/Dec/2022:05:43:54 -0800] "GET /robots.txt HTTP/1.1" 301 495 "-" "Mozilla/5.0 (compatible; bingbot/2.0; +http://www.bing.com/bingbot.htm)" 
157.55.39.82 - - [10/Dec/2022:05:43:54 -0800] "GET /robots.txt HTTP/1.1" 200 377 "-" "Mozilla/5.0 (compatible; bingbot/2.0; +http://www.bing.com/bingbot.htm)" 
157.55.39.209 - - [10/Dec/2022:05:44:00 -0800] "GET /self.logs/ HTTP/1.1" 200 40117 "-" "Mozilla/5.0 AppleWebKit/537.36 (KHTML, like Gecko; compatible; bingbot/2.0; +http://www.bing.com/bingbot.htm) Chrome/103.0.5060.134 Safari/537.36" 
40.77.167.73 - - [10/Dec/2022:05:44:54 -0800] "GET /self.logs/access.log.2021-10-23.gz HTTP/1.1" 200 18823 "-" "Mozilla/5.0 (compatible; bingbot/2.0; +http://www.bing.com/bingbot.htm)" 
40.77.167.61 - - [10/Dec/2022:05:45:06 -0800] "GET /Datasets%20Description/loaded_scripts.html HTTP/1.1" 301 555 "-" "Mozilla/5.0 (compatible; bingbot/2.0; +http://www.bing.com/bingbot.htm)" 
40.77.167.6 - - [10/Dec/2022:05:48:54 -0800] "GET /self.logs/2016/error.log.2016-04-07.gz HTTP/1.1" 200 796 "-" "Mozilla/5.0 (compatible; bingbot/2.0; +http://www.bing.com/bingbot.htm)" 
40.77.167.73 - - [10/Dec/2022:05:49:43 -0800] "GET /self.logs/access.log.2022-04-01.gz HTTP/1.1" 200 11725 "-" "Mozilla/5.0 (compatible; bingbot/2.0; +http://www.bing.com/bingbot.htm)" 
103.217.74.3 - - [10/Dec/2022:05:50:45 -0800] "HEAD / HTTP/1.1" 200 425 "-" "Mozilla/5.0 (Windows NT 10.0; Win64; x64) AppleWebKit/537.36 (KHTML, like Gecko) Chrome/108.0.0.0 Safari/537.36" 
157.55.39.49 - - [10/Dec/2022:05:50:48 -0800] "GET /self.logs/access.log.2021-07-27.gz HTTP/1.1" 200 15284 "-" "Mozilla/5.0 (compatible; bingbot/2.0; +http://www.bing.com/bingbot.htm)" 
157.55.39.209 - - [10/Dec/2022:05:53:22 -0800] "GET /self.logs/error.log.2017-09-02.gz HTTP/1.1" 200 1100 "-" "Mozilla/5.0 AppleWebKit/537.36 (KHTML, like Gecko; compatible; bingbot/2.0; +http://www.bing.com/bingbot.htm) Chrome/103.0.5060.134 Safari/537.36" 
157.55.39.209 - - [10/Dec/2022:05:53:23 -0800] "GET /self.logs/2016/access.log.2016-01-27.gz HTTP/1.1" 200 7725 "-" "Mozilla/5.0 AppleWebKit/537.36 (KHTML, like Gecko; compatible; bingbot/2.0; +http://www.bing.com/bingbot.htm) Chrome/103.0.5060.134 Safari/537.36" 
114.119.132.131 - - [10/Dec/2022:06:02:24 -0800] "GET /self.logs/error.log.2020-09-14 HTTP/1.1" 200 351 "http://www.secrepo.com/self.logs?C=N%3BO%3DD" "Mozilla/5.0 (Linux; Android 7.0;) AppleWebKit/537.36 (KHTML, like Gecko) Mobile Safari/537.36 (compatible; PetalBot;+https://webmaster.petalsearch.com/site/petalbot)" 
40.77.167.73 - - [10/Dec/2022:06:04:34 -0800] "GET /self.logs/access.log.2017-01-07.gz HTTP/1.1" 200 17319 "-" "Mozilla/5.0 AppleWebKit/537.36 (KHTML, like Gecko; compatible; bingbot/2.0; +http://www.bing.com/bingbot.htm) Chrome/103.0.5060.134 Safari/537.36" 
157.55.39.49 - - [10/Dec/2022:06:14:30 -0800] "GET /self.logs/access.log.2017-05-21.gz HTTP/1.1" 200 20240 "-" "Mozilla/5.0 AppleWebKit/537.36 (KHTML, like Gecko; compatible; bingbot/2.0; +http://www.bing.com/bingbot.htm) Chrome/103.0.5060.134 Safari/537.36" 
40.77.167.6 - - [10/Dec/2022:06:19:00 -0800] "GET /self.logs/2016/error.log.2016-09-03.gz HTTP/1.1" 200 752 "-" "Mozilla/5.0 AppleWebKit/537.36 (KHTML, like Gecko; compatible; bingbot/2.0; +http://www.bing.com/bingbot.htm) Chrome/103.0.5060.134 Safari/537.36" 
40.77.167.74 - - [10/Dec/2022:06:22:17 -0800] "GET /self.logs/error.log.2021-01-10.gz HTTP/1.1" 200 974 "-" "Mozilla/5.0 (compatible; bingbot/2.0; +http://www.bing.com/bingbot.htm)" 
114.119.159.15 - - [10/Dec/2022:06:25:52 -0800] "GET /self.logs/error.log.2020-02-14 HTTP/1.1" 200 351 "http://www.secrepo.com/self.logs?C=N%3BO%3DD" "Mozilla/5.0 (Linux; Android 7.0;) AppleWebKit/537.36 (KHTML, like Gecko) Mobile Safari/537.36 (compatible; PetalBot;+https://webmaster.petalsearch.com/site/petalbot)" 
51.159.36.101 - - [10/Dec/2022:06:26:13 -0800] "GET /wp-admin/ HTTP/1.1" 301 456 "-" "Mozilla/5.0 (Windows NT 10.0; Win64; x64) AppleWebKit/537.36 (KHTML, like Gecko) Chrome/108.0.0.0 Safari/537.36" 
51.159.36.101 - - [10/Dec/2022:06:26:14 -0800] "GET /wp-admin/ HTTP/1.1" 429 441 "-" "Mozilla/5.0 (Windows NT 10.0; Win64; x64) AppleWebKit/537.36 (KHTML, like Gecko) Chrome/108.0.0.0 Safari/537.36" 
157.55.39.209 - - [10/Dec/2022:06:30:35 -0800] "GET /self.logs/error.log.2019-08-16.gz HTTP/1.1" 200 1188 "-" "Mozilla/5.0 AppleWebKit/537.36 (KHTML, like Gecko; compatible; bingbot/2.0; +http://www.bing.com/bingbot.htm) Chrome/103.0.5060.134 Safari/537.36" 
157.55.39.49 - - [10/Dec/2022:06:31:12 -0800] "GET /self.logs/error.log.2018-07-07.gz HTTP/1.1" 200 5070 "-" "Mozilla/5.0 (compatible; bingbot/2.0; +http://www.bing.com/bingbot.htm)" 
157.55.39.209 - - [10/Dec/2022:06:32:55 -0800] "GET /self.logs/ HTTP/1.1" 200 40117 "-" "Mozilla/5.0 (compatible; bingbot/2.0; +http://www.bing.com/bingbot.htm)" 
34.78.120.99 - - [10/Dec/2022:06:39:37 -0800] "GET / HTTP/1.1" 200 13185 "-" "python-requests/2.28.1" 
157.55.39.49 - - [10/Dec/2022:06:47:14 -0800] "GET /self.logs/error.log.2021-02-27.gz HTTP/1.1" 200 2317 "-" "Mozilla/5.0 (compatible; bingbot/2.0; +http://www.bing.com/bingbot.htm)" 
34.78.120.99 - - [10/Dec/2022:06:50:31 -0800] "GET / HTTP/1.1" 200 13185 "-" "python-requests/2.28.1" 
95.163.255.53 - - [10/Dec/2022:06:51:52 -0800] "GET /robots.txt HTTP/1.0" 200 340 "-" "Mozilla/5.0 (compatible; Linux x86_64; Mail.RU_Bot/2.0; +https://help.mail.ru/webmaster/indexing/robots)" 
95.163.255.52 - - [10/Dec/2022:06:51:54 -0800] "GET /Datasets%20Description/HTML_Bro_log_3/http.html HTTP/1.1" 200 1998 "-" "Mozilla/5.0 (compatible; Linux x86_64; Mail.RU_Bot/2.0; +https://help.mail.ru/webmaster/indexing/robots)" 
157.55.39.49 - - [10/Dec/2022:06:53:43 -0800] "GET /self.logs/access.log.2017-01-25.gz HTTP/1.1" 200 19179 "-" "Mozilla/5.0 AppleWebKit/537.36 (KHTML, like Gecko; compatible; bingbot/2.0; +http://www.bing.com/bingbot.htm) Chrome/103.0.5060.134 Safari/537.36" 
40.77.167.60 - - [10/Dec/2022:06:54:17 -0800] "GET /self.logs/error.log.2020-01-06.gz HTTP/1.1" 200 866 "-" "Mozilla/5.0 (compatible; bingbot/2.0; +http://www.bing.com/bingbot.htm)" 
217.208.44.90 - - [10/Dec/2022:06:54:27 -0800] "GET / HTTP/1.1" 200 13185 "-" "Mozilla/5.0 (Macintosh; Intel Mac OS X 10_15_6) AppleWebKit/605.1.15 (KHTML, like Gecko) Version/15.6 Mobile/15E148 Safari/604.1" 
217.208.44.90 - - [10/Dec/2022:06:54:28 -0800] "GET /apple-touch-icon-152x152-precomposed.png HTTP/1.1" 404 328 "-" "MobileSafari/8613.3.9.0.5 CFNetwork/1335.0.3 Darwin/21.6.0" 
217.208.44.90 - - [10/Dec/2022:06:54:28 -0800] "GET /apple-touch-icon-152x152.png HTTP/1.1" 404 305 "-" "MobileSafari/8613.3.9.0.5 CFNetwork/1335.0.3 Darwin/21.6.0" 
217.208.44.90 - - [10/Dec/2022:06:54:28 -0800] "GET /apple-touch-icon-precomposed.png HTTP/1.1" 404 305 "-" "MobileSafari/8613.3.9.0.5 CFNetwork/1335.0.3 Darwin/21.6.0" 
217.208.44.90 - - [10/Dec/2022:06:54:29 -0800] "GET /apple-touch-icon.png HTTP/1.1" 404 305 "-" "MobileSafari/8613.3.9.0.5 CFNetwork/1335.0.3 Darwin/21.6.0" 
217.208.44.90 - - [10/Dec/2022:06:54:29 -0800] "GET /bootstrap/img/favicon.ico HTTP/1.1" 200 690 "-" "MobileSafari/8613.3.9.0.5 CFNetwork/1335.0.3 Darwin/21.6.0" 
40.77.167.74 - - [10/Dec/2022:06:58:13 -0800] "GET /self.logs/2016/access.log.2016-09-06.gz HTTP/1.1" 200 8515 "-" "Mozilla/5.0 AppleWebKit/537.36 (KHTML, like Gecko; compatible; bingbot/2.0; +http://www.bing.com/bingbot.htm) Chrome/103.0.5060.134 Safari/537.36" 
157.55.39.209 - - [10/Dec/2022:06:58:48 -0800] "GET /self.logs/error.log.2017-12-25.gz HTTP/1.1" 200 1395 "-" "Mozilla/5.0 AppleWebKit/537.36 (KHTML, like Gecko; compatible; bingbot/2.0; +http://www.bing.com/bingbot.htm) Chrome/103.0.5060.134 Safari/537.36" 
40.77.167.6 - - [10/Dec/2022:06:59:07 -0800] "GET /self.logs/2016/access.log.2016-07-25.gz HTTP/1.1" 200 7327 "-" "Mozilla/5.0 (compatible; bingbot/2.0; +http://www.bing.com/bingbot.htm)" 
157.55.39.49 - - [10/Dec/2022:07:08:25 -0800] "GET /self.logs/2016/error.log.2016-09-07.gz HTTP/1.1" 200 1486 "-" "Mozilla/5.0 (compatible; bingbot/2.0; +http://www.bing.com/bingbot.htm)" 
40.77.167.73 - - [10/Dec/2022:07:15:02 -0800] "GET /Datasets%20Description/HTML_Bro_log_1/app_stats.html HTTP/1.1" 200 1591 "-" "Mozilla/5.0 AppleWebKit/537.36 (KHTML, like Gecko; compatible; bingbot/2.0; +http://www.bing.com/bingbot.htm) Chrome/103.0.5060.134 Safari/537.36" 
40.77.167.73 - - [10/Dec/2022:07:26:53 -0800] "GET /self.logs/error.log.2020-11-20 HTTP/1.1" 200 351 "-" "Mozilla/5.0 (compatible; bingbot/2.0; +http://www.bing.com/bingbot.htm)" 
157.55.39.49 - - [10/Dec/2022:07:33:58 -0800] "GET /self.logs/access.log.2022-03-29.gz HTTP/1.1" 200 13913 "-" "Mozilla/5.0 AppleWebKit/537.36 (KHTML, like Gecko; compatible; bingbot/2.0; +http://www.bing.com/bingbot.htm) Chrome/103.0.5060.134 Safari/537.36" 
157.55.39.209 - - [10/Dec/2022:07:34:51 -0800] "GET /self.logs/access.log.2022-02-17.gz HTTP/1.1" 200 17372 "-" "Mozilla/5.0 (compatible; bingbot/2.0; +http://www.bing.com/bingbot.htm)" 
40.77.167.6 - - [10/Dec/2022:07:36:55 -0800] "GET /self.logs/2016/error.log.2016-05-02.gz HTTP/1.1" 200 752 "-" "Mozilla/5.0 (compatible; bingbot/2.0; +http://www.bing.com/bingbot.htm)" 
40.77.167.6 - - [10/Dec/2022:07:38:04 -0800] "GET /self.logs/access.log.2021-07-24.gz HTTP/1.1" 200 21071 "-" "Mozilla/5.0 AppleWebKit/537.36 (KHTML, like Gecko; compatible; bingbot/2.0; +http://www.bing.com/bingbot.htm) Chrome/103.0.5060.134 Safari/537.36" 
40.77.167.73 - - [10/Dec/2022:07:54:56 -0800] "GET /self.logs/error.log.2019-12-08 HTTP/1.1" 200 351 "-" "Mozilla/5.0 AppleWebKit/537.36 (KHTML, like Gecko; compatible; bingbot/2.0; +http://www.bing.com/bingbot.htm) Chrome/103.0.5060.134 Safari/537.36" 
43.130.73.179 - - [10/Dec/2022:08:00:10 -0800] "GET / HTTP/1.1" 200 13186 "-" "python-requests/2.27.1" 
114.119.163.186 - - [10/Dec/2022:08:06:27 -0800] "GET /self.logs/error.log.2020-09-08 HTTP/1.1" 200 351 "http://www.secrepo.com/self.logs?C=N%3BO%3DD" "Mozilla/5.0 (Linux; Android 7.0;) AppleWebKit/537.36 (KHTML, like Gecko) Mobile Safari/537.36 (compatible; PetalBot;+https://webmaster.petalsearch.com/site/petalbot)" 
40.77.167.6 - - [10/Dec/2022:08:10:00 -0800] "GET /self.logs/error.log.2020-02-27 HTTP/1.1" 200 351 "-" "Mozilla/5.0 (compatible; bingbot/2.0; +http://www.bing.com/bingbot.htm)" 
40.77.167.6 - - [10/Dec/2022:08:10:00 -0800] "GET /self.logs/error.log.2021-08-18.gz HTTP/1.1" 200 4964 "-" "Mozilla/5.0 AppleWebKit/537.36 (KHTML, like Gecko; compatible; bingbot/2.0; +http://www.bing.com/bingbot.htm) Chrome/103.0.5060.134 Safari/537.36" 
40.77.167.60 - - [10/Dec/2022:08:13:45 -0800] "GET /self.logs/access.log.2022-06-15.gz HTTP/1.1" 200 12960 "-" "Mozilla/5.0 AppleWebKit/537.36 (KHTML, like Gecko; compatible; bingbot/2.0; +http://www.bing.com/bingbot.htm) Chrome/103.0.5060.134 Safari/537.36" 
157.55.39.209 - - [10/Dec/2022:08:14:15 -0800] "GET /self.logs/ HTTP/1.1" 200 40117 "-" "Mozilla/5.0 (compatible; bingbot/2.0; +http://www.bing.com/bingbot.htm)" 
40.77.167.60 - - [10/Dec/2022:08:15:06 -0800] "GET /self.logs/2016/access.log.2016-01-13.gz HTTP/1.1" 200 6600 "-" "Mozilla/5.0 AppleWebKit/537.36 (KHTML, like Gecko; compatible; bingbot/2.0; +http://www.bing.com/bingbot.htm) Chrome/103.0.5060.134 Safari/537.36" 
157.55.39.49 - - [10/Dec/2022:08:15:41 -0800] "GET /self.logs/error.log.2020-04-19 HTTP/1.1" 200 351 "-" "Mozilla/5.0 (compatible; bingbot/2.0; +http://www.bing.com/bingbot.htm)" 
220.181.108.149 - - [10/Dec/2022:08:16:13 -0800] "GET /honeypot/Honeypot%20-%20Howto.pdf HTTP/1.1" 304 229 "-" "Mozilla/5.0 (compatible; Baiduspider/2.0; +http://www.baidu.com/search/spider.html)" 
116.179.33.142 - - [10/Dec/2022:08:16:14 -0800] "GET /robots.txt HTTP/1.1" 200 340 "-" "Mozilla/5.0 (Windows NT 10.0; WOW64) AppleWebKit/537.36 (KHTML, like Gecko) Chrome/48.0.2564.116 Safari/537.36" 
116.179.33.80 - - [10/Dec/2022:08:16:44 -0800] "GET /robots.txt HTTP/1.1" 200 340 "-" "Mozilla/5.0 (Windows NT 10.0; WOW64) AppleWebKit/537.36 (KHTML, like Gecko) Chrome/48.0.2564.116 Safari/537.36" 
40.77.167.60 - - [10/Dec/2022:08:21:36 -0800] "GET /self.logs/error.log.2019-09-03.gz HTTP/1.1" 200 2110 "-" "Mozilla/5.0 (compatible; bingbot/2.0; +http://www.bing.com/bingbot.htm)" 
40.77.167.73 - - [10/Dec/2022:08:22:39 -0800] "GET /self.logs/2016/access.log.2016-12-15.gz HTTP/1.1" 200 7047 "-" "Mozilla/5.0 (compatible; bingbot/2.0; +http://www.bing.com/bingbot.htm)" 
157.55.39.49 - - [10/Dec/2022:08:25:13 -0800] "GET /self.logs/access.log.2019-11-26.gz HTTP/1.1" 200 19820 "-" "Mozilla/5.0 AppleWebKit/537.36 (KHTML, like Gecko; compatible; bingbot/2.0; +http://www.bing.com/bingbot.htm) Chrome/103.0.5060.134 Safari/537.36" 
40.77.167.73 - - [10/Dec/2022:08:27:40 -0800] "GET /self.logs/error.log.2020-01-22.gz HTTP/1.1" 200 1246 "-" "Mozilla/5.0 AppleWebKit/537.36 (KHTML, like Gecko; compatible; bingbot/2.0; +http://www.bing.com/bingbot.htm) Chrome/103.0.5060.134 Safari/537.36" 
114.119.136.69 - - [10/Dec/2022:08:29:14 -0800] "GET /self.logs/error.log.2020-08-12 HTTP/1.1" 200 351 "http://www.secrepo.com/self.logs?C=N%3BO%3DD" "Mozilla/5.0 (Linux; Android 7.0;) AppleWebKit/537.36 (KHTML, like Gecko) Mobile Safari/537.36 (compatible; PetalBot;+https://webmaster.petalsearch.com/site/petalbot)" 
40.77.167.60 - - [10/Dec/2022:08:33:36 -0800] "GET /self.logs/2016/access.log.2016-01-18.gz HTTP/1.1" 200 7395 "-" "Mozilla/5.0 AppleWebKit/537.36 (KHTML, like Gecko; compatible; bingbot/2.0; +http://www.bing.com/bingbot.htm) Chrome/103.0.5060.134 Safari/537.36" 
171.8.239.189 - - [10/Dec/2022:08:40:54 -0800] "GET /robots.txt HTTP/1.1" 200 340 "-" "Mozilla/5.0 (Windows NT 10.0; Win64; x64) AppleWebKit/537.36 (KHTML, like Gecko) Chrome/92.0.4515.159 Safari/537.36" 
157.55.39.209 - - [10/Dec/2022:08:45:27 -0800] "GET /self.logs/error.log.2020-10-08 HTTP/1.1" 200 351 "-" "Mozilla/5.0 AppleWebKit/537.36 (KHTML, like Gecko; compatible; bingbot/2.0; +http://www.bing.com/bingbot.htm) Chrome/103.0.5060.134 Safari/537.36" 
157.55.39.49 - - [10/Dec/2022:08:45:43 -0800] "GET /self.logs/error.log.2020-07-17 HTTP/1.1" 200 351 "-" "Mozilla/5.0 AppleWebKit/537.36 (KHTML, like Gecko; compatible; bingbot/2.0; +http://www.bing.com/bingbot.htm) Chrome/103.0.5060.134 Safari/537.36" 
157.55.39.49 - - [10/Dec/2022:08:51:26 -0800] "GET /self.logs/error.log.2021-09-15.gz HTTP/1.1" 200 768 "-" "Mozilla/5.0 AppleWebKit/537.36 (KHTML, like Gecko; compatible; bingbot/2.0; +http://www.bing.com/bingbot.htm) Chrome/103.0.5060.134 Safari/537.36" 
74.84.150.150 - - [10/Dec/2022:08:52:46 -0800] "GET /robots.txt HTTP/1.1" 301 458 "-" "test" 
74.84.150.150 - - [10/Dec/2022:08:52:47 -0800] "GET /robots.txt HTTP/1.1" 200 340 "-" "test" 
74.84.150.150 - - [10/Dec/2022:08:52:47 -0800] "GET / HTTP/1.1" 301 438 "-" "test" 
74.84.150.150 - - [10/Dec/2022:08:52:47 -0800] "GET / HTTP/1.1" 429 441 "-" "test" 
114.119.143.145 - - [10/Dec/2022:08:53:08 -0800] "GET /Datasets%20Description/Network/ HTTP/1.1" 200 769 "http://www.secrepo.com/Datasets%20Description?C=S%3BO%3DA" "Mozilla/5.0 (Linux; Android 7.0;) AppleWebKit/537.36 (KHTML, like Gecko) Mobile Safari/537.36 (compatible; PetalBot;+https://webmaster.petalsearch.com/site/petalbot)" 
40.77.167.74 - - [10/Dec/2022:08:58:34 -0800] "GET /self.logs/access.log.2017-08-20.gz HTTP/1.1" 200 17392 "-" "Mozilla/5.0 (compatible; bingbot/2.0; +http://www.bing.com/bingbot.htm)" 
40.77.167.73 - - [10/Dec/2022:09:03:33 -0800] "GET /self.logs/error.log.2021-08-28.gz HTTP/1.1" 200 1018 "-" "Mozilla/5.0 AppleWebKit/537.36 (KHTML, like Gecko; compatible; bingbot/2.0; +http://www.bing.com/bingbot.htm) Chrome/103.0.5060.134 Safari/537.36" 
157.55.39.209 - - [10/Dec/2022:09:06:31 -0800] "GET /self.logs/ HTTP/1.1" 200 40117 "-" "Mozilla/5.0 (compatible; bingbot/2.0; +http://www.bing.com/bingbot.htm)" 
75.172.118.217 - - [10/Dec/2022:09:09:33 -0800] "GET / HTTP/1.1" 200 13185 "-" "Mozilla/5.0 (Macintosh; Intel Mac OS X 10_15_7) AppleWebKit/605.1.15 (KHTML, like Gecko)" 
75.172.118.217 - - [10/Dec/2022:09:09:33 -0800] "GET /apple-touch-icon-precomposed.png HTTP/1.1" 404 328 "-" "Safari/17613.3.9.1.16 CFNetwork/1335.0.3 Darwin/21.6.0" 
75.172.118.217 - - [10/Dec/2022:09:09:33 -0800] "GET /apple-touch-icon.png HTTP/1.1" 404 305 "-" "Safari/17613.3.9.1.16 CFNetwork/1335.0.3 Darwin/21.6.0" 
75.172.118.217 - - [10/Dec/2022:09:09:33 -0800] "GET /bootstrap/img/favicon.ico HTTP/1.1" 200 690 "-" "Safari/17613.3.9.1.16 CFNetwork/1335.0.3 Darwin/21.6.0" 
75.172.118.217 - - [10/Dec/2022:09:09:33 -0800] "GET / HTTP/1.1" 200 13162 "-" "Mozilla/5.0 (iPhone; CPU iPhone OS 14_0 like Mac OS X) AppleWebKit/605.1.15 (KHTML, like Gecko) Version/14.0 Mobile/15E148 Safari/604.1" 
75.172.118.217 - - [10/Dec/2022:09:09:33 -0800] "GET /apple-touch-icon-precomposed.png HTTP/1.1" 404 305 "-" "Safari/17613.3.9.1.16 CFNetwork/1335.0.3 Darwin/21.6.0" 
75.172.118.217 - - [10/Dec/2022:09:09:33 -0800] "GET /apple-touch-icon.png HTTP/1.1" 404 305 "-" "Safari/17613.3.9.1.16 CFNetwork/1335.0.3 Darwin/21.6.0" 
66.249.70.179 - - [10/Dec/2022:09:13:59 -0800] "GET /ads.txt HTTP/1.1" 404 328 "-" "Mozilla/5.0 (compatible; Googlebot/2.1; +http://www.google.com/bot.html)" 
157.55.39.209 - - [10/Dec/2022:09:14:51 -0800] "GET /self.logs/access.log.2019-12-24.gz HTTP/1.1" 200 14034 "-" "Mozilla/5.0 (compatible; bingbot/2.0; +http://www.bing.com/bingbot.htm)" 
40.77.167.73 - - [10/Dec/2022:09:17:04 -0800] "GET /self.logs/2016/error.log.2016-07-02.gz HTTP/1.1" 200 1048 "-" "Mozilla/5.0 AppleWebKit/537.36 (KHTML, like Gecko; compatible; bingbot/2.0; +http://www.bing.com/bingbot.htm) Chrome/103.0.5060.134 Safari/537.36" 
157.55.39.49 - - [10/Dec/2022:09:17:48 -0800] "GET /self.logs/2016/error.log.2016-10-03.gz HTTP/1.1" 200 735 "-" "Mozilla/5.0 (compatible; bingbot/2.0; +http://www.bing.com/bingbot.htm)" 
157.55.39.49 - - [10/Dec/2022:09:29:29 -0800] "GET /self.logs/error.log.2020-12-26 HTTP/1.1" 200 351 "-" "Mozilla/5.0 (compatible; bingbot/2.0; +http://www.bing.com/bingbot.htm)" 
40.77.167.60 - - [10/Dec/2022:09:32:11 -0800] "GET /self.logs/2016/access.log.2016-09-26.gz HTTP/1.1" 200 11303 "-" "Mozilla/5.0 (compatible; bingbot/2.0; +http://www.bing.com/bingbot.htm)" 
157.55.39.209 - - [10/Dec/2022:09:40:53 -0800] "GET /self.logs/access.log.2021-10-12.gz HTTP/1.1" 200 53959 "-" "Mozilla/5.0 AppleWebKit/537.36 (KHTML, like Gecko; compatible; bingbot/2.0; +http://www.bing.com/bingbot.htm) Chrome/103.0.5060.134 Safari/537.36" 
157.55.39.209 - - [10/Dec/2022:09:40:54 -0800] "GET /self.logs/error.log.2018-08-04.gz HTTP/1.1" 200 7781 "-" "Mozilla/5.0 AppleWebKit/537.36 (KHTML, like Gecko; compatible; bingbot/2.0; +http://www.bing.com/bingbot.htm) Chrome/103.0.5060.134 Safari/537.36" 
66.249.64.222 - - [10/Dec/2022:09:44:03 -0800] "GET /ads.txt HTTP/1.1" 301 489 "-" "Mozilla/5.0 (compatible; Googlebot/2.1; +http://www.google.com/bot.html)" 
91.207.88.215 - - [10/Dec/2022:09:45:35 -0800] "GET /wp-login.php HTTP/1.1" 418 747 "-" "Mozilla/5.0 (Windows NT 6.1; WOW64; rv:40.0) Gecko/20100101 Firefox/40.1" 
91.207.88.215 - - [10/Dec/2022:09:45:35 -0800] "GET / HTTP/1.1" 418 747 "-" "Mozilla/5.0 (Windows NT 6.1; WOW64; rv:40.0) Gecko/20100101 Firefox/40.1" 
157.55.39.49 - - [10/Dec/2022:09:49:31 -0800] "GET /self.logs/2016/access.log.2016-02-03.gz HTTP/1.1" 200 7334 "-" "Mozilla/5.0 AppleWebKit/537.36 (KHTML, like Gecko; compatible; bingbot/2.0; +http://www.bing.com/bingbot.htm) Chrome/103.0.5060.134 Safari/537.36" 
40.77.167.60 - - [10/Dec/2022:09:51:54 -0800] "GET /self.logs/error.log.2021-09-26.gz HTTP/1.1" 200 2611 "-" "Mozilla/5.0 AppleWebKit/537.36 (KHTML, like Gecko; compatible; bingbot/2.0; +http://www.bing.com/bingbot.htm) Chrome/103.0.5060.134 Safari/537.36" 
114.119.150.57 - - [10/Dec/2022:10:02:27 -0800] "GET /self.logs/error.log.2020-09-24 HTTP/1.1" 200 351 "http://www.secrepo.com/self.logs?C=N%3BO%3DD" "Mozilla/5.0 (Linux; Android 7.0;) AppleWebKit/537.36 (KHTML, like Gecko) Mobile Safari/537.36 (compatible; PetalBot;+https://webmaster.petalsearch.com/site/petalbot)" 
40.77.167.60 - - [10/Dec/2022:10:07:55 -0800] "GET /self.logs/2016/access.log.2016-09-02.gz HTTP/1.1" 200 8388 "-" "Mozilla/5.0 (compatible; bingbot/2.0; +http://www.bing.com/bingbot.htm)" 
40.77.167.60 - - [10/Dec/2022:10:07:55 -0800] "GET /self.logs/access.log.2021-01-06.gz HTTP/1.1" 200 24867 "-" "Mozilla/5.0 AppleWebKit/537.36 (KHTML, like Gecko; compatible; bingbot/2.0; +http://www.bing.com/bingbot.htm) Chrome/103.0.5060.134 Safari/537.36" 
114.119.139.181 - - [10/Dec/2022:10:09:37 -0800] "GET /self.logs/error.log.2020-03-06 HTTP/1.1" 200 351 "http://www.secrepo.com/self.logs?C=N%3BO%3DD" "Mozilla/5.0 (Linux; Android 7.0;) AppleWebKit/537.36 (KHTML, like Gecko) Mobile Safari/537.36 (compatible; PetalBot;+https://webmaster.petalsearch.com/site/petalbot)" 
64.124.8.44 - - [10/Dec/2022:10:12:59 -0800] "GET /robots.txt HTTP/1.1" 301 495 "-" "Mozilla/5.0 (X11; Linux x86_64) AppleWebKit/537.36 (KHTML, like Gecko) Chrome/61.0.3163.79 Safari/537.36" 
64.124.8.44 - - [10/Dec/2022:10:13:00 -0800] "GET /robots.txt HTTP/1.1" 200 377 "-" "Mozilla/5.0 (X11; Linux x86_64) AppleWebKit/537.36 (KHTML, like Gecko) Chrome/61.0.3163.79 Safari/537.36" 
64.124.8.44 - - [10/Dec/2022:10:13:00 -0800] "GET /nsfrm.php HTTP/1.1" 301 492 "-" "Mozilla/5.0 (X11; Linux x86_64) AppleWebKit/537.36 (KHTML, like Gecko) Chrome/61.0.3163.79 Safari/537.36" 
64.124.8.44 - - [10/Dec/2022:10:13:00 -0800] "GET /nsfrm.php HTTP/1.1" 404 305 "-" "Mozilla/5.0 (X11; Linux x86_64) AppleWebKit/537.36 (KHTML, like Gecko) Chrome/61.0.3163.79 Safari/537.36" 
40.77.167.36 - - [10/Dec/2022:10:15:29 -0800] "GET /self.logs/2016/access.log.2016-06-13.gz HTTP/1.1" 200 20980 "-" "Mozilla/5.0 AppleWebKit/537.36 (KHTML, like Gecko; compatible; bingbot/2.0; +http://www.bing.com/bingbot.htm) Chrome/103.0.5060.134 Safari/537.36" 
40.77.167.36 - - [10/Dec/2022:10:16:10 -0800] "GET /Datasets%20Description/Network/dhcp.html HTTP/1.1" 200 1461 "-" "Mozilla/5.0 (compatible; bingbot/2.0; +http://www.bing.com/bingbot.htm)" 
58.250.125.159 - - [10/Dec/2022:10:18:32 -0800] "GET / HTTP/1.1" 200 13148 "-" "Sogou web spider/4.0(+http://www.sogou.com/docs/help/webmasters.htm#07)" 
40.77.167.6 - - [10/Dec/2022:10:20:27 -0800] "GET /self.logs/error.log.2020-08-23 HTTP/1.1" 200 351 "-" "Mozilla/5.0 (compatible; bingbot/2.0; +http://www.bing.com/bingbot.htm)" 
40.77.167.6 - - [10/Dec/2022:10:20:27 -0800] "GET / HTTP/1.1" 200 13185 "-" "Mozilla/5.0 (compatible; bingbot/2.0; +http://www.bing.com/bingbot.htm)" 
122.171.21.9 - - [10/Dec/2022:10:20:42 -0800] "GET / HTTP/1.1" 301 475 "-" "Mozilla/5.0 (Macintosh; Intel Mac OS X 10_15_7) AppleWebKit/537.36 (KHTML, like Gecko) Chrome/108.0.0.0 Safari/537.36" 
122.171.21.9 - - [10/Dec/2022:10:20:42 -0800] "GET / HTTP/1.1" 200 13185 "-" "Mozilla/5.0 (Macintosh; Intel Mac OS X 10_15_7) AppleWebKit/537.36 (KHTML, like Gecko) Chrome/108.0.0.0 Safari/537.36" 
122.171.21.9 - - [10/Dec/2022:10:20:43 -0800] "GET /css/style.css HTTP/1.1" 404 305 "http://www.secrepo.com/" "Mozilla/5.0 (Macintosh; Intel Mac OS X 10_15_7) AppleWebKit/537.36 (KHTML, like Gecko) Chrome/108.0.0.0 Safari/537.36" 
122.171.21.9 - - [10/Dec/2022:10:20:43 -0800] "GET /twitter-icon.png HTTP/1.1" 200 27916 "http://www.secrepo.com/" "Mozilla/5.0 (Macintosh; Intel Mac OS X 10_15_7) AppleWebKit/537.36 (KHTML, like Gecko) Chrome/108.0.0.0 Safari/537.36" 
122.171.21.9 - - [10/Dec/2022:10:20:52 -0800] "GET /robots.txt HTTP/1.1" 301 495 "-" "Mozilla/5.0 (Macintosh; Intel Mac OS X 10_15_7) AppleWebKit/537.36 (KHTML, like Gecko) Chrome/108.0.0.0 Safari/537.36" 
122.171.21.9 - - [10/Dec/2022:10:20:53 -0800] "GET /robots.txt HTTP/1.1" 200 377 "-" "Mozilla/5.0 (Macintosh; Intel Mac OS X 10_15_7) AppleWebKit/537.36 (KHTML, like Gecko) Chrome/108.0.0.0 Safari/537.36" 
122.171.21.9 - - [10/Dec/2022:10:20:53 -0800] "GET /bootstrap/img/favicon.ico HTTP/1.1" 200 713 "http://www.secrepo.com/" "Mozilla/5.0 (Macintosh; Intel Mac OS X 10_15_7) AppleWebKit/537.36 (KHTML, like Gecko) Chrome/108.0.0.0 Safari/537.36" 
157.55.39.49 - - [10/Dec/2022:10:31:25 -0800] "GET /self.logs/access.log.2017-07-30.gz HTTP/1.1" 200 15914 "-" "Mozilla/5.0 AppleWebKit/537.36 (KHTML, like Gecko; compatible; bingbot/2.0; +http://www.bing.com/bingbot.htm) Chrome/103.0.5060.134 Safari/537.36" 
40.77.167.73 - - [10/Dec/2022:10:34:43 -0800] "GET /self.logs/2016/error.log.2016-08-04.gz HTTP/1.1" 200 2311 "-" "Mozilla/5.0 AppleWebKit/537.36 (KHTML, like Gecko; compatible; bingbot/2.0; +http://www.bing.com/bingbot.htm) Chrome/103.0.5060.134 Safari/537.36" 
157.55.39.49 - - [10/Dec/2022:10:35:35 -0800] "GET /self.logs/2016/error.log.2016-04-22.gz HTTP/1.1" 200 813 "-" "Mozilla/5.0 AppleWebKit/537.36 (KHTML, like Gecko; compatible; bingbot/2.0; +http://www.bing.com/bingbot.htm) Chrome/103.0.5060.134 Safari/537.36" 
40.77.167.6 - - [10/Dec/2022:10:36:20 -0800] "GET /self.logs/access.log.2019-04-06.gz HTTP/1.1" 200 35099 "-" "Mozilla/5.0 (compatible; bingbot/2.0; +http://www.bing.com/bingbot.htm)" 
40.77.167.6 - - [10/Dec/2022:10:36:20 -0800] "GET /self.logs/error.log.2021-02-26.gz HTTP/1.1" 200 1848 "-" "Mozilla/5.0 AppleWebKit/537.36 (KHTML, like Gecko; compatible; bingbot/2.0; +http://www.bing.com/bingbot.htm) Chrome/103.0.5060.134 Safari/537.36" 
40.77.167.60 - - [10/Dec/2022:10:40:28 -0800] "GET /self.logs/access.log.2022-06-17.gz HTTP/1.1" 200 15312 "-" "Mozilla/5.0 (compatible; bingbot/2.0; +http://www.bing.com/bingbot.htm)" 
40.77.167.36 - - [10/Dec/2022:10:43:13 -0800] "GET /self.logs/access.log.2019-07-09.gz HTTP/1.1" 200 24769 "-" "Mozilla/5.0 (compatible; bingbot/2.0; +http://www.bing.com/bingbot.htm)" 
157.55.39.49 - - [10/Dec/2022:10:43:37 -0800] "GET /self.logs/2016/access.log.2016-10-09.gz HTTP/1.1" 200 9458 "-" "Mozilla/5.0 (compatible; bingbot/2.0; +http://www.bing.com/bingbot.htm)" 
157.55.39.209 - - [10/Dec/2022:10:45:40 -0800] "GET /self.logs/ HTTP/1.1" 200 40117 "-" "Mozilla/5.0 (compatible; bingbot/2.0; +http://www.bing.com/bingbot.htm)" 
157.55.39.49 - - [10/Dec/2022:10:45:57 -0800] "GET /self.logs/access.log.2019-06-28.gz HTTP/1.1" 200 36457 "-" "Mozilla/5.0 (compatible; bingbot/2.0; +http://www.bing.com/bingbot.htm)" 
40.77.167.36 - - [10/Dec/2022:10:48:23 -0800] "GET /self.logs/2016/access.log.2016-08-15.gz HTTP/1.1" 200 10095 "-" "Mozilla/5.0 (compatible; bingbot/2.0; +http://www.bing.com/bingbot.htm)" 
114.119.141.178 - - [10/Dec/2022:10:49:08 -0800] "GET /self.logs/error.log.2020-07-25 HTTP/1.1" 200 351 "http://www.secrepo.com/self.logs?C=N%3BO%3DD" "Mozilla/5.0 (Linux; Android 7.0;) AppleWebKit/537.36 (KHTML, like Gecko) Mobile Safari/537.36 (compatible; PetalBot;+https://webmaster.petalsearch.com/site/petalbot)" 
40.77.167.6 - - [10/Dec/2022:10:51:53 -0800] "GET /self.logs/error.log.2018-03-26.gz HTTP/1.1" 200 4480 "-" "Mozilla/5.0 (compatible; bingbot/2.0; +http://www.bing.com/bingbot.htm)" 
157.55.39.49 - - [10/Dec/2022:10:55:07 -0800] "GET /self.logs/2016/error.log.2016-07-12.gz HTTP/1.1" 200 980 "-" "Mozilla/5.0 AppleWebKit/537.36 (KHTML, like Gecko; compatible; bingbot/2.0; +http://www.bing.com/bingbot.htm) Chrome/103.0.5060.134 Safari/537.36" 
40.77.167.36 - - [10/Dec/2022:10:57:04 -0800] "GET /self.logs/error.log.2020-04-21 HTTP/1.1" 200 351 "-" "Mozilla/5.0 AppleWebKit/537.36 (KHTML, like Gecko; compatible; bingbot/2.0; +http://www.bing.com/bingbot.htm) Chrome/103.0.5060.134 Safari/537.36" 
114.119.153.122 - - [10/Dec/2022:10:57:09 -0800] "GET /self.logs/error.log.2020-02-17 HTTP/1.1" 200 351 "http://www.secrepo.com/self.logs?C=N%3BO%3DD" "Mozilla/5.0 (Linux; Android 7.0;) AppleWebKit/537.36 (KHTML, like Gecko) Mobile Safari/537.36 (compatible; PetalBot;+https://webmaster.petalsearch.com/site/petalbot)" 
40.77.167.36 - - [10/Dec/2022:10:57:34 -0800] "GET /self.logs/error.log.2017-07-27.gz HTTP/1.1" 200 947 "-" "Mozilla/5.0 (compatible; bingbot/2.0; +http://www.bing.com/bingbot.htm)" 
40.77.167.6 - - [10/Dec/2022:10:59:14 -0800] "GET /self.logs/access.log.2019-08-24.gz HTTP/1.1" 200 13968 "-" "Mozilla/5.0 (compatible; bingbot/2.0; +http://www.bing.com/bingbot.htm)" 
40.77.167.73 - - [10/Dec/2022:10:59:19 -0800] "GET /self.logs/access.log.2020-11-27.gz HTTP/1.1" 200 12941 "-" "Mozilla/5.0 (compatible; bingbot/2.0; +http://www.bing.com/bingbot.htm)" 
40.77.167.73 - - [10/Dec/2022:11:01:46 -0800] "GET /self.logs/access.log.2018-03-03.gz HTTP/1.1" 200 16575 "-" "Mozilla/5.0 (compatible; bingbot/2.0; +http://www.bing.com/bingbot.htm)" 
157.55.39.49 - - [10/Dec/2022:11:02:08 -0800] "GET /self.logs/access.log.2021-06-22.gz HTTP/1.1" 200 17713 "-" "Mozilla/5.0 (compatible; bingbot/2.0; +http://www.bing.com/bingbot.htm)" 
66.249.70.179 - - [10/Dec/2022:11:03:28 -0800] "GET /robots.txt HTTP/1.1" 200 377 "-" "Mozilla/5.0 (compatible; Googlebot/2.1; +http://www.google.com/bot.html)" 
66.249.70.179 - - [10/Dec/2022:11:03:28 -0800] "GET /Datasets%20Description/HTML_Bro_log_3 HTTP/1.1" 301 618 "-" "Mozilla/5.0 (Linux; Android 6.0.1; Nexus 5X Build/MMB29P) AppleWebKit/537.36 (KHTML, like Gecko) Chrome/107.0.5304.115 Mobile Safari/537.36 (compatible; Googlebot/2.1; +http://www.google.com/bot.html)" 
66.249.70.179 - - [10/Dec/2022:11:03:29 -0800] "GET /Datasets%20Description/HTML_Bro_log_3/ HTTP/1.1" 200 800 "-" "Mozilla/5.0 (Linux; Android 6.0.1; Nexus 5X Build/MMB29P) AppleWebKit/537.36 (KHTML, like Gecko) Chrome/107.0.5304.115 Mobile Safari/537.36 (compatible; Googlebot/2.1; +http://www.google.com/bot.html)" 
157.55.39.49 - - [10/Dec/2022:11:04:19 -0800] "GET /self.logs/2016/error.log.2016-08-28.gz HTTP/1.1" 200 692 "-" "Mozilla/5.0 (compatible; bingbot/2.0; +http://www.bing.com/bingbot.htm)" 
40.77.167.73 - - [10/Dec/2022:11:05:26 -0800] "GET /self.logs/2016/access.log.2016-03-09.gz HTTP/1.1" 200 8423 "-" "Mozilla/5.0 (compatible; bingbot/2.0; +http://www.bing.com/bingbot.htm)" 
40.77.167.60 - - [10/Dec/2022:11:07:22 -0800] "GET /self.logs/2016/error.log.2016-06-18.gz HTTP/1.1" 200 907 "-" "Mozilla/5.0 AppleWebKit/537.36 (KHTML, like Gecko; compatible; bingbot/2.0; +http://www.bing.com/bingbot.htm) Chrome/103.0.5060.134 Safari/537.36" 
40.77.167.36 - - [10/Dec/2022:11:13:46 -0800] "GET /self.logs/access.log.2021-03-11.gz HTTP/1.1" 200 26031 "-" "Mozilla/5.0 (compatible; bingbot/2.0; +http://www.bing.com/bingbot.htm)" 
157.55.39.49 - - [10/Dec/2022:11:20:49 -0800] "GET /self.logs/error.log.2020-05-07 HTTP/1.1" 200 351 "-" "Mozilla/5.0 AppleWebKit/537.36 (KHTML, like Gecko; compatible; bingbot/2.0; +http://www.bing.com/bingbot.htm) Chrome/103.0.5060.134 Safari/537.36" 
222.186.43.114 - - [10/Dec/2022:11:22:35 -0800] "GET /data/admin/allowurl.txt HTTP/1.1" 404 328 "-" "Mozilla/5.0 (Windows NT 10.0; WOW64; rv:48.0) Gecko/20100101 Firefox/48.0" 
35.217.123.100 - - [10/Dec/2022:11:27:57 -0800] "GET / HTTP/1.1" 301 438 "-" "Mozilla/5.0 (Windows NT 10.0; Win64; x64) AppleWebKit/537.36 (KHTML, like Gecko; compatible; BW/1.1; bit.ly/3eZNDnO; 1bf7dff603) Chrome/84.0.4147.105 Safari/537.36" 
35.217.123.100 - - [10/Dec/2022:11:27:58 -0800] "GET / HTTP/1.1" 200 13149 "-" "Mozilla/5.0 (Windows NT 10.0; Win64; x64) AppleWebKit/537.36 (KHTML, like Gecko; compatible; BW/1.1; bit.ly/3eZNDnO; 1bf7dff603) Chrome/84.0.4147.105 Safari/537.36" 
35.217.123.100 - - [10/Dec/2022:11:27:59 -0800] "GET /robots.txt HTTP/1.1" 200 340 "-" "Mozilla/5.0 (Windows NT 10.0; Win64; x64) AppleWebKit/537.36 (KHTML, like Gecko; compatible; BW/1.1; bit.ly/3eZNDnO; 1bf7dff603) Chrome/84.0.4147.105 Safari/537.36" 
40.77.167.36 - - [10/Dec/2022:11:28:38 -0800] "GET /self.logs/error.log.2019-10-08.gz HTTP/1.1" 200 1290 "-" "Mozilla/5.0 (compatible; bingbot/2.0; +http://www.bing.com/bingbot.htm)" 
40.77.167.36 - - [10/Dec/2022:11:28:38 -0800] "GET /self.logs/2016/access.log.2016-11-30.gz HTTP/1.1" 200 12121 "-" "Mozilla/5.0 (compatible; bingbot/2.0; +http://www.bing.com/bingbot.htm)" 
157.55.39.209 - - [10/Dec/2022:11:29:34 -0800] "GET /self.logs/error.log.2020-09-24 HTTP/1.1" 200 351 "-" "Mozilla/5.0 (compatible; bingbot/2.0; +http://www.bing.com/bingbot.htm)" 
40.77.167.73 - - [10/Dec/2022:11:31:38 -0800] "GET /self.logs/access.log.2020-10-22.gz HTTP/1.1" 200 16550 "-" "Mozilla/5.0 AppleWebKit/537.36 (KHTML, like Gecko; compatible; bingbot/2.0; +http://www.bing.com/bingbot.htm) Chrome/103.0.5060.134 Safari/537.36" 
35.215.64.144 - - [10/Dec/2022:11:33:26 -0800] "GET / HTTP/1.1" 301 438 "-" "Mozilla/5.0 (Windows NT 10.0; Win64; x64) AppleWebKit/537.36 (KHTML, like Gecko; compatible; BW/1.1; bit.ly/3eZNDnO; 1bf7dff603) Chrome/84.0.4147.105 Safari/537.36" 
35.215.64.144 - - [10/Dec/2022:11:33:27 -0800] "GET / HTTP/1.1" 200 13149 "-" "Mozilla/5.0 (Windows NT 10.0; Win64; x64) AppleWebKit/537.36 (KHTML, like Gecko; compatible; BW/1.1; bit.ly/3eZNDnO; 1bf7dff603) Chrome/84.0.4147.105 Safari/537.36" 
35.215.64.144 - - [10/Dec/2022:11:33:27 -0800] "GET /robots.txt HTTP/1.1" 200 340 "-" "Mozilla/5.0 (Windows NT 10.0; Win64; x64) AppleWebKit/537.36 (KHTML, like Gecko; compatible; BW/1.1; bit.ly/3eZNDnO; 1bf7dff603) Chrome/84.0.4147.105 Safari/537.36" 
222.186.42.209 - - [10/Dec/2022:11:39:45 -0800] "GET /data/admin/allowurl.txt HTTP/1.1" 404 328 "-" "Mozilla/5.0 (Windows NT 10.0; WOW64; rv:48.0) Gecko/20100101 Firefox/48.0" 
40.77.167.73 - - [10/Dec/2022:11:45:39 -0800] "GET /self.logs/access.log.2021-06-05.gz HTTP/1.1" 200 29042 "-" "Mozilla/5.0 (compatible; bingbot/2.0; +http://www.bing.com/bingbot.htm)" 
40.77.167.73 - - [10/Dec/2022:11:45:39 -0800] "GET /self.logs/error.log.2020-07-03 HTTP/1.1" 200 328 "-" "Mozilla/5.0 (compatible; bingbot/2.0; +http://www.bing.com/bingbot.htm)" 
108.20.41.99 - - [10/Dec/2022:11:48:54 -0800] "GET / HTTP/1.1" 200 13186 "-" "Mozilla/5.0 (iPhone; CPU iPhone OS 15_6 like Mac OS X) AppleWebKit/605.1.15 (KHTML, like Gecko) CriOS/70.0.3538.75 Mobile/15E148 Safari/605.1" 
40.77.167.6 - - [10/Dec/2022:11:52:36 -0800] "GET /self.logs/access.log.2022-02-26.gz HTTP/1.1" 200 15620 "-" "Mozilla/5.0 AppleWebKit/537.36 (KHTML, like Gecko; compatible; bingbot/2.0; +http://www.bing.com/bingbot.htm) Chrome/103.0.5060.134 Safari/537.36" 
