111.6.78.63 - - [16/Mar/2021:14:34:13 -0700] "GET /plus/carbuyaction.php HTTP/1.1" 404 250 "https://www.baidu.com/" "Mozilla/5.0 (compatible; Baiduspider/2.0; +http://www.baidu.com/search/spider.html" 
111.6.78.63 - - [16/Mar/2021:14:34:13 -0700] "GET /data/admin/allowurl.txt HTTP/1.1" 404 250 "https://www.baidu.com/" "Mozilla/5.0 (compatible; Baiduspider/2.0; +http://www.baidu.com/search/spider.html" 
111.6.78.63 - - [16/Mar/2021:14:34:15 -0700] "GET /favicon.ico HTTP/1.1" 200 313 "https://www.baidu.com/" "Mozilla/5.0 (compatible; Baiduspider/2.0; +http://www.baidu.com/search/spider.html" 
111.6.78.63 - - [16/Mar/2021:14:34:16 -0700] "GET /images/loadinglit.gif HTTP/1.1" 404 250 "https://www.baidu.com/" "Mozilla/5.0 (compatible; Baiduspider/2.0; +http://www.baidu.com/search/spider.html" 
111.6.78.63 - - [16/Mar/2021:14:34:17 -0700] "GET /data/cache/inc_catalog_base.inc HTTP/1.1" 418 691 "https://www.baidu.com/" "Mozilla/5.0 (compatible; Baiduspider/2.0; +http://www.baidu.com/search/spider.html" 
111.6.78.63 - - [16/Mar/2021:14:34:20 -0700] "GET /member/images/member.gif HTTP/1.1" 404 284 "https://www.baidu.com/" "Mozilla/5.0 (compatible; Baiduspider/2.0; +http://www.baidu.com/search/spider.html" 
111.6.78.63 - - [16/Mar/2021:14:34:20 -0700] "GET /member/templets/images/login_logo.gif HTTP/1.1" 404 250 "https://www.baidu.com/" "Mozilla/5.0 (compatible; Baiduspider/2.0; +http://www.baidu.com/search/spider.html" 
111.6.78.63 - - [16/Mar/2021:14:34:21 -0700] "GET /plus/img/wbg.gif HTTP/1.1" 404 250 "https://www.baidu.com/" "Mozilla/5.0 (compatible; Baiduspider/2.0; +http://www.baidu.com/search/spider.html" 
78.175.229.194 - - [16/Mar/2021:14:34:26 -0700] "GET / HTTP/1.1" 200 12882 "https://www.reddit.com/" "Mozilla/5.0 (Windows NT 10.0; Win64; x64) AppleWebKit/537.36 (KHTML, like Gecko) Chrome/89.0.4389.82 Safari/537.36" 
78.175.229.194 - - [16/Mar/2021:14:34:26 -0700] "GET /css/style.css HTTP/1.1" 404 305 "http://www.secrepo.com/" "Mozilla/5.0 (Windows NT 10.0; Win64; x64) AppleWebKit/537.36 (KHTML, like Gecko) Chrome/89.0.4389.82 Safari/537.36" 
78.175.229.194 - - [16/Mar/2021:14:34:26 -0700] "GET /twitter-icon.png HTTP/1.1" 200 27893 "http://www.secrepo.com/" "Mozilla/5.0 (Windows NT 10.0; Win64; x64) AppleWebKit/537.36 (KHTML, like Gecko) Chrome/89.0.4389.82 Safari/537.36" 
78.175.229.194 - - [16/Mar/2021:14:34:26 -0700] "GET /GitHub-Mark.png HTTP/1.1" 200 7556 "http://www.secrepo.com/" "Mozilla/5.0 (Windows NT 10.0; Win64; x64) AppleWebKit/537.36 (KHTML, like Gecko) Chrome/89.0.4389.82 Safari/537.36" 
78.175.229.194 - - [16/Mar/2021:14:34:27 -0700] "GET /bootstrap/img/favicon.ico HTTP/1.1" 200 690 "http://www.secrepo.com/" "Mozilla/5.0 (Windows NT 10.0; Win64; x64) AppleWebKit/537.36 (KHTML, like Gecko) Chrome/89.0.4389.82 Safari/537.36" 
111.6.78.63 - - [16/Mar/2021:14:34:32 -0700] "GET /data/cache/index.htm HTTP/1.1" 404 284 "https://www.baidu.com/" "Mozilla/5.0 (compatible; Baiduspider/2.0; +http://www.baidu.com/search/spider.html" 
111.6.78.63 - - [16/Mar/2021:14:34:32 -0700] "GET /member/space/person/common/css/css.css HTTP/1.1" 404 250 "https://www.baidu.com/" "Mozilla/5.0 (compatible; Baiduspider/2.0; +http://www.baidu.com/search/spider.html" 
111.6.78.63 - - [16/Mar/2021:14:34:33 -0700] "GET /member/space/person/common/css/css.css HTTP/1.1" 404 250 "https://www.baidu.com/" "Mozilla/5.0 (compatible; Baiduspider/2.0; +http://www.baidu.com/search/spider.html" 
157.55.39.157 - - [16/Mar/2021:14:34:33 -0700] "GET /self.logs/access.log.2018-10-22.gz HTTP/1.1" 200 23890 "-" "Mozilla/5.0 (compatible; bingbot/2.0; +http://www.bing.com/bingbot.htm)" 
111.6.78.63 - - [16/Mar/2021:14:34:35 -0700] "GET /plus/carbuyaction.php HTTP/1.1" 404 250 "https://www.baidu.com/" "Mozilla/5.0 (compatible; Baiduspider/2.0; +http://www.baidu.com/search/spider.html" 
111.6.78.63 - - [16/Mar/2021:14:34:36 -0700] "GET /member/images/dzh_logo.gif HTTP/1.1" 404 250 "https://www.baidu.com/" "Mozilla/5.0 (compatible; Baiduspider/2.0; +http://www.baidu.com/search/spider.html" 
111.6.78.63 - - [16/Mar/2021:14:34:36 -0700] "GET /data/admin/allowurl.txt HTTP/1.1" 404 250 "https://www.baidu.com/" "Mozilla/5.0 (compatible; Baiduspider/2.0; +http://www.baidu.com/search/spider.html" 
111.6.78.63 - - [16/Mar/2021:14:34:36 -0700] "GET /templets/default/style/dedecms.css HTTP/1.1" 404 250 "https://www.baidu.com/" "Mozilla/5.0 (compatible; Baiduspider/2.0; +http://www.baidu.com/search/spider.html" 
111.6.78.63 - - [16/Mar/2021:14:34:38 -0700] "GET /member/images/base.css HTTP/1.1" 404 250 "https://www.baidu.com/" "Mozilla/5.0 (compatible; Baiduspider/2.0; +http://www.baidu.com/search/spider.html" 
111.6.78.63 - - [16/Mar/2021:14:34:39 -0700] "GET /dede/templets/article_coonepage_rule.htm HTTP/1.1" 404 250 "https://www.baidu.com/" "Mozilla/5.0 (compatible; Baiduspider/2.0; +http://www.baidu.com/search/spider.html" 
111.6.78.63 - - [16/Mar/2021:14:34:40 -0700] "GET /templets/default/style/dedecms.css HTTP/1.1" 404 250 "https://www.baidu.com/" "Mozilla/5.0 (compatible; Baiduspider/2.0; +http://www.baidu.com/search/spider.html" 
111.6.78.63 - - [16/Mar/2021:14:34:40 -0700] "GET /templets/default/style/dedecms.css HTTP/1.1" 404 250 "https://www.baidu.com/" "Mozilla/5.0 (compatible; Baiduspider/2.0; +http://www.baidu.com/search/spider.html" 
111.6.78.63 - - [16/Mar/2021:14:34:41 -0700] "GET /data/admin/ver.txt HTTP/1.1" 404 250 "https://www.baidu.com/" "Mozilla/5.0 (compatible; Baiduspider/2.0; +http://www.baidu.com/search/spider.html" 
111.6.78.63 - - [16/Mar/2021:14:34:41 -0700] "GET /data/admin/ver.txt HTTP/1.1" 404 250 "https://www.baidu.com/" "Mozilla/5.0 (compatible; Baiduspider/2.0; +http://www.baidu.com/search/spider.html" 
111.6.78.63 - - [16/Mar/2021:14:34:41 -0700] "GET /data/cache/index.htm HTTP/1.1" 404 250 "https://www.baidu.com/" "Mozilla/5.0 (compatible; Baiduspider/2.0; +http://www.baidu.com/search/spider.html" 
111.6.78.63 - - [16/Mar/2021:14:34:43 -0700] "GET /data/admin/ver.txt HTTP/1.1" 404 250 "https://www.baidu.com/" "Mozilla/5.0 (compatible; Baiduspider/2.0; +http://www.baidu.com/search/spider.html" 
111.6.78.63 - - [16/Mar/2021:14:34:44 -0700] "GET /include/data/vdcode.jpg HTTP/1.1" 404 250 "https://www.baidu.com/" "Mozilla/5.0 (compatible; Baiduspider/2.0; +http://www.baidu.com/search/spider.html" 
114.119.130.95 - - [16/Mar/2021:14:36:32 -0700] "GET /self.logs/2015/error.log.2015-06-25.gz HTTP/1.1" 200 1189 "-" "Mozilla/5.0 (Linux; Android 7.0;) AppleWebKit/537.36 (KHTML, like Gecko) Mobile Safari/537.36 (compatible; PetalBot;+https://aspiegel.com/petalbot)" 
114.119.159.101 - - [16/Mar/2021:14:42:17 -0700] "GET /self.logs/access.log.2019-08-04.gz HTTP/1.1" 200 20650 "-" "Mozilla/5.0 (Linux; Android 7.0;) AppleWebKit/537.36 (KHTML, like Gecko) Mobile Safari/537.36 (compatible; PetalBot;+https://aspiegel.com/petalbot)" 
54.36.148.21 - - [16/Mar/2021:14:49:51 -0700] "GET /self.logs/2016/error.log.2016-06-17.gz HTTP/1.1" 200 2543 "-" "Mozilla/5.0 (compatible; AhrefsBot/7.0; +http://ahrefs.com/robot/)" 
13.66.139.5 - - [16/Mar/2021:14:49:54 -0700] "GET /Datasets%20Description/Network/ssl.html HTTP/1.1" 200 1585 "-" "Mozilla/5.0 (compatible; bingbot/2.0; +http://www.bing.com/bingbot.htm)" 
207.182.78.8 - - [16/Mar/2021:14:52:05 -0700] "GET / HTTP/1.1" 200 12882 "-" "Mozilla/5.0 (Windows NT 10.0; Win64; x64) AppleWebKit/537.36 (KHTML, like Gecko) Chrome/88.0.4324.182 Safari/537.36" 
207.182.78.8 - - [16/Mar/2021:14:52:05 -0700] "GET /css/style.css HTTP/1.1" 404 305 "http://www.secrepo.com/" "Mozilla/5.0 (Windows NT 10.0; Win64; x64) AppleWebKit/537.36 (KHTML, like Gecko) Chrome/88.0.4324.182 Safari/537.36" 
207.182.78.8 - - [16/Mar/2021:14:52:05 -0700] "GET /twitter-icon.png HTTP/1.1" 200 27893 "http://www.secrepo.com/" "Mozilla/5.0 (Windows NT 10.0; Win64; x64) AppleWebKit/537.36 (KHTML, like Gecko) Chrome/88.0.4324.182 Safari/537.36" 
207.182.78.8 - - [16/Mar/2021:14:52:05 -0700] "GET /GitHub-Mark.png HTTP/1.1" 200 7556 "http://www.secrepo.com/" "Mozilla/5.0 (Windows NT 10.0; Win64; x64) AppleWebKit/537.36 (KHTML, like Gecko) Chrome/88.0.4324.182 Safari/537.36" 
207.182.78.8 - - [16/Mar/2021:14:52:05 -0700] "GET /bootstrap/img/favicon.ico HTTP/1.1" 200 690 "http://www.secrepo.com/" "Mozilla/5.0 (Windows NT 10.0; Win64; x64) AppleWebKit/537.36 (KHTML, like Gecko) Chrome/88.0.4324.182 Safari/537.36" 
114.119.155.228 - - [16/Mar/2021:14:52:35 -0700] "GET /self.logs/access.log.2019-04-13.gz HTTP/1.1" 200 20802 "-" "Mozilla/5.0 (Linux; Android 7.0;) AppleWebKit/537.36 (KHTML, like Gecko) Mobile Safari/537.36 (compatible; PetalBot;+https://aspiegel.com/petalbot)" 
114.119.159.101 - - [16/Mar/2021:14:57:46 -0700] "GET /self.logs/2015/error.log.2015-11-25.gz HTTP/1.1" 200 766 "-" "Mozilla/5.0 (Linux; Android 7.0;) AppleWebKit/537.36 (KHTML, like Gecko) Mobile Safari/537.36 (compatible; PetalBot;+https://aspiegel.com/petalbot)" 
24.132.125.208 - - [16/Mar/2021:14:58:15 -0700] "GET / HTTP/1.1" 200 12882 "-" "Mozilla/5.0 (Macintosh; Intel Mac OS X 10_15_6) AppleWebKit/605.1.15 (KHTML, like Gecko) Version/14.0.3 Mobile/15E148 Safari/604.1" 
24.132.125.208 - - [16/Mar/2021:14:58:15 -0700] "GET /apple-touch-icon-152x152-precomposed.png HTTP/1.1" 404 328 "-" "MobileSafari/604.1 CFNetwork/1220.1 Darwin/20.3.0" 
24.132.125.208 - - [16/Mar/2021:14:58:16 -0700] "GET /apple-touch-icon-152x152.png HTTP/1.1" 404 305 "-" "MobileSafari/604.1 CFNetwork/1220.1 Darwin/20.3.0" 
24.132.125.208 - - [16/Mar/2021:14:58:16 -0700] "GET /apple-touch-icon-precomposed.png HTTP/1.1" 404 305 "-" "MobileSafari/604.1 CFNetwork/1220.1 Darwin/20.3.0" 
24.132.125.208 - - [16/Mar/2021:14:58:16 -0700] "GET /apple-touch-icon.png HTTP/1.1" 404 305 "-" "MobileSafari/604.1 CFNetwork/1220.1 Darwin/20.3.0" 
24.132.125.208 - - [16/Mar/2021:14:58:16 -0700] "GET /bootstrap/img/favicon.ico HTTP/1.1" 200 690 "-" "MobileSafari/604.1 CFNetwork/1220.1 Darwin/20.3.0" 
54.36.149.65 - - [16/Mar/2021:14:59:12 -0700] "GET /self.logs/2016/access.log.2016-03-21.gz HTTP/1.1" 200 6626 "-" "Mozilla/5.0 (compatible; AhrefsBot/7.0; +http://ahrefs.com/robot/)" 
54.36.148.21 - - [16/Mar/2021:15:01:59 -0700] "GET /self.logs/2016/error.log.2016-12-02.gz HTTP/1.1" 200 753 "-" "Mozilla/5.0 (compatible; AhrefsBot/7.0; +http://ahrefs.com/robot/)" 
114.119.129.244 - - [16/Mar/2021:15:02:50 -0700] "GET /self.logs/2016/error.log.2016-10-17.gz HTTP/1.1" 200 789 "-" "Mozilla/5.0 (Linux; Android 7.0;) AppleWebKit/537.36 (KHTML, like Gecko) Mobile Safari/537.36 (compatible; PetalBot;+https://aspiegel.com/petalbot)" 
54.36.149.65 - - [16/Mar/2021:15:03:30 -0700] "GET /self.logs/2016/access.log.2016-03-22.gz HTTP/1.1" 200 8298 "-" "Mozilla/5.0 (compatible; AhrefsBot/7.0; +http://ahrefs.com/robot/)" 
54.36.148.21 - - [16/Mar/2021:15:04:25 -0700] "GET /self.logs/2016/access.log.2016-03-24.gz HTTP/1.1" 200 11228 "-" "Mozilla/5.0 (compatible; AhrefsBot/7.0; +http://ahrefs.com/robot/)" 
54.36.149.65 - - [16/Mar/2021:15:04:55 -0700] "GET /self.logs/2016/error.log.2016-06-16.gz HTTP/1.1" 200 1124 "-" "Mozilla/5.0 (compatible; AhrefsBot/7.0; +http://ahrefs.com/robot/)" 
54.36.149.65 - - [16/Mar/2021:15:05:34 -0700] "GET /Datasets%20Description/PE_malware/OPCleaver.html HTTP/1.1" 200 1414 "-" "Mozilla/5.0 (compatible; AhrefsBot/7.0; +http://ahrefs.com/robot/)" 
54.36.149.65 - - [16/Mar/2021:15:06:21 -0700] "GET /Datasets%20Description/Network/ssl.html HTTP/1.1" 200 1541 "-" "Mozilla/5.0 (compatible; AhrefsBot/7.0; +http://ahrefs.com/robot/)" 
114.119.129.244 - - [16/Mar/2021:15:08:01 -0700] "GET /self.logs/2016/access.log.2016-04-18.gz HTTP/1.1" 200 9214 "-" "Mozilla/5.0 (Linux; Android 7.0;) AppleWebKit/537.36 (KHTML, like Gecko) Mobile Safari/537.36 (compatible; PetalBot;+https://aspiegel.com/petalbot)" 
114.119.155.228 - - [16/Mar/2021:15:18:26 -0700] "GET /self.logs/2016/access.log.2016-11-20.gz HTTP/1.1" 200 7264 "-" "Mozilla/5.0 (Linux; Android 7.0;) AppleWebKit/537.36 (KHTML, like Gecko) Mobile Safari/537.36 (compatible; PetalBot;+https://aspiegel.com/petalbot)" 
114.119.159.101 - - [16/Mar/2021:15:23:38 -0700] "GET /self.logs/2016/access.log.2016-02-28.gz HTTP/1.1" 200 9476 "-" "Mozilla/5.0 (Linux; Android 7.0;) AppleWebKit/537.36 (KHTML, like Gecko) Mobile Safari/537.36 (compatible; PetalBot;+https://aspiegel.com/petalbot)" 
54.198.55.229 - - [16/Mar/2021:15:27:17 -0700] "GET /honeypot/BSidesDFW%20-%202014.ipynb HTTP/1.1" 200 67160 "-" "Mozilla/5.0 (compatible)" 
54.198.55.229 - - [16/Mar/2021:15:27:17 -0700] "GET / HTTP/1.1" 200 48020 "-" "Mozilla/5.0 (compatible)" 
54.198.55.229 - - [16/Mar/2021:15:27:17 -0700] "GET / HTTP/1.1" 200 48020 "-" "Mozilla/5.0 (compatible)" 
52.204.27.85 - - [16/Mar/2021:15:27:17 -0700] "GET / HTTP/1.1" 200 48020 "-" "Mozilla/5.0 (compatible)" 
52.204.27.85 - - [16/Mar/2021:15:27:17 -0700] "GET / HTTP/1.1" 200 48020 "-" "Mozilla/5.0 (compatible)" 
54.198.55.229 - - [16/Mar/2021:15:27:18 -0700] "GET / HTTP/1.1" 200 48020 "-" "Mozilla/5.0 (compatible)" 
54.198.55.229 - - [16/Mar/2021:15:27:18 -0700] "GET / HTTP/1.1" 200 48020 "-" "Mozilla/5.0 (compatible)" 
52.204.27.85 - - [16/Mar/2021:15:27:18 -0700] "GET / HTTP/1.1" 301 419 "-" "Mozilla/5.0 (compatible)" 
52.204.27.85 - - [16/Mar/2021:15:27:18 -0700] "GET /honeypot/BSidesDFW HTTP/1.1" 404 284 "-" "Mozilla/5.0 (compatible)" 
54.198.55.229 - - [16/Mar/2021:15:27:18 -0700] "GET /honeypot/BSidesDFW%20-%202014.ipynb HTTP/1.1" 200 67160 "-" "Mozilla/5.0 (compatible)" 
54.198.55.229 - - [16/Mar/2021:15:27:19 -0700] "GET / HTTP/1.1" 200 48020 "-" "Mozilla/5.0 (compatible)" 
54.198.55.229 - - [16/Mar/2021:15:27:19 -0700] "GET /honeypot/Honeypot%20-%20Howto.pdf HTTP/1.1" 200 67160 "-" "Mozilla/5.0 (compatible)" 
52.204.27.85 - - [16/Mar/2021:15:27:39 -0700] "GET / HTTP/1.1" 200 48020 "-" "Mozilla/5.0 (compatible)" 
52.204.27.85 - - [16/Mar/2021:15:27:39 -0700] "GET / HTTP/1.1" 200 48020 "-" "Mozilla/5.0 (compatible)" 
54.198.55.229 - - [16/Mar/2021:15:27:40 -0700] "GET / HTTP/1.1" 200 48020 "-" "Mozilla/5.0 (compatible)" 
52.204.27.85 - - [16/Mar/2021:15:27:40 -0700] "GET / HTTP/1.1" 200 48020 "-" "Mozilla/5.0 (compatible)" 
54.198.55.229 - - [16/Mar/2021:15:27:40 -0700] "GET / HTTP/1.1" 200 48020 "-" "Mozilla/5.0 (compatible)" 
54.198.55.229 - - [16/Mar/2021:15:27:40 -0700] "GET /self.logs/ HTTP/1.1" 200 103191 "-" "Mozilla/5.0 (compatible)" 
52.204.27.85 - - [16/Mar/2021:15:28:16 -0700] "GET / HTTP/1.1" 200 48020 "-" "Mozilla/5.0 (compatible)" 
54.198.55.229 - - [16/Mar/2021:15:28:41 -0700] "GET / HTTP/1.1" 200 48020 "-" "Mozilla/5.0 (compatible)" 
52.204.27.85 - - [16/Mar/2021:15:29:01 -0700] "GET /core_main/editor/editor/filemanager HTTP/1.1" 404 284 "-" "Mozilla/5.0 (compatible)" 
54.198.55.229 - - [16/Mar/2021:15:29:01 -0700] "GET /core_main/editor HTTP/1.1" 404 284 "-" "Mozilla/5.0 (compatible)" 
52.204.27.85 - - [16/Mar/2021:15:29:01 -0700] "GET /core_main/editor/editor HTTP/1.1" 404 284 "-" "Mozilla/5.0 (compatible)" 
114.119.150.248 - - [16/Mar/2021:15:29:16 -0700] "GET /self.logs/access.log.2017-09-06.gz HTTP/1.1" 200 25851 "-" "Mozilla/5.0 (Linux; Android 7.0;) AppleWebKit/537.36 (KHTML, like Gecko) Mobile Safari/537.36 (compatible; PetalBot;+https://aspiegel.com/petalbot)" 
66.249.72.29 - - [16/Mar/2021:15:29:20 -0700] "GET / HTTP/1.1" 200 12880 "-" "Mozilla/5.0 (compatible; Googlebot/2.1; +http://www.google.com/bot.html)" 
52.204.27.85 - - [16/Mar/2021:15:29:58 -0700] "GET / HTTP/1.1" 200 48020 "-" "Mozilla/5.0 (compatible)" 
52.204.27.85 - - [16/Mar/2021:15:30:04 -0700] "GET /honeypot/Honeypot%2520-%2520Howto.pdf&rct=j&frm HTTP/1.1" 404 284 "-" "Mozilla/5.0 (compatible)" 
92.10.246.192 - - [16/Mar/2021:15:30:12 -0700] "GET / HTTP/1.1" 200 12882 "-" "Mozilla/5.0 (Windows NT 10.0; Win64; x64) AppleWebKit/537.36 (KHTML, like Gecko) Chrome/89.0.4389.82 Safari/537.36 Edg/89.0.774.50" 
92.10.246.192 - - [16/Mar/2021:15:30:13 -0700] "GET /css/style.css HTTP/1.1" 404 305 "http://www.secrepo.com/" "Mozilla/5.0 (Windows NT 10.0; Win64; x64) AppleWebKit/537.36 (KHTML, like Gecko) Chrome/89.0.4389.82 Safari/537.36 Edg/89.0.774.50" 
92.10.246.192 - - [16/Mar/2021:15:30:13 -0700] "GET /GitHub-Mark.png HTTP/1.1" 200 7556 "http://www.secrepo.com/" "Mozilla/5.0 (Windows NT 10.0; Win64; x64) AppleWebKit/537.36 (KHTML, like Gecko) Chrome/89.0.4389.82 Safari/537.36 Edg/89.0.774.50" 
92.10.246.192 - - [16/Mar/2021:15:30:13 -0700] "GET /twitter-icon.png HTTP/1.1" 200 27916 "http://www.secrepo.com/" "Mozilla/5.0 (Windows NT 10.0; Win64; x64) AppleWebKit/537.36 (KHTML, like Gecko) Chrome/89.0.4389.82 Safari/537.36 Edg/89.0.774.50" 
92.10.246.192 - - [16/Mar/2021:15:30:13 -0700] "GET /bootstrap/img/favicon.ico HTTP/1.1" 200 690 "http://www.secrepo.com/" "Mozilla/5.0 (Windows NT 10.0; Win64; x64) AppleWebKit/537.36 (KHTML, like Gecko) Chrome/89.0.4389.82 Safari/537.36 Edg/89.0.774.50" 
52.204.27.85 - - [16/Mar/2021:15:31:59 -0700] "GET / HTTP/1.1" 200 48020 "-" "Mozilla/5.0 (compatible)" 
52.204.27.85 - - [16/Mar/2021:15:33:38 -0700] "GET / HTTP/1.1" 200 48020 "-" "Mozilla/5.0 (compatible)" 
54.198.55.229 - - [16/Mar/2021:15:33:38 -0700] "GET / HTTP/1.1" 200 48020 "-" "Mozilla/5.0 (compatible)" 
54.198.55.229 - - [16/Mar/2021:15:33:38 -0700] "GET / HTTP/1.1" 200 48020 "-" "Mozilla/5.0 (compatible)" 
54.198.55.229 - - [16/Mar/2021:15:33:38 -0700] "GET / HTTP/1.1" 200 48020 "-" "Mozilla/5.0 (compatible)" 
52.204.27.85 - - [16/Mar/2021:15:33:38 -0700] "GET / HTTP/1.1" 200 48020 "-" "Mozilla/5.0 (compatible)" 
54.198.55.229 - - [16/Mar/2021:15:33:38 -0700] "GET / HTTP/1.1" 200 48020 "-" "Mozilla/5.0 (compatible)" 
54.198.55.229 - - [16/Mar/2021:15:33:38 -0700] "GET / HTTP/1.1" 200 48020 "-" "Mozilla/5.0 (compatible)" 
54.198.55.229 - - [16/Mar/2021:15:33:39 -0700] "GET / HTTP/1.1" 200 48020 "-" "Mozilla/5.0 (compatible)" 
54.198.55.229 - - [16/Mar/2021:15:33:39 -0700] "GET /honeypot/Honeypot%20-%20Howto%20-%20BSides%20Austin.pdf HTTP/1.1" 200 67160 "-" "Mozilla/5.0 (compatible)" 
54.198.55.229 - - [16/Mar/2021:15:33:39 -0700] "GET /honeypot/Honeypot+-+Howto.pdf HTTP/1.1" 404 284 "-" "Mozilla/5.0 (compatible)" 
54.198.55.229 - - [16/Mar/2021:15:33:39 -0700] "GET /honeypot/Honeypot%20-%20Howto%20-%20BSides%20Austin.pdf HTTP/1.1" 200 67160 "-" "Mozilla/5.0 (compatible)" 
54.198.55.229 - - [16/Mar/2021:15:33:39 -0700] "GET / HTTP/1.1" 200 48020 "-" "Mozilla/5.0 (compatible)" 
52.204.27.85 - - [16/Mar/2021:15:33:40 -0700] "GET / HTTP/1.1" 200 48020 "-" "Mozilla/5.0 (compatible)" 
52.204.27.85 - - [16/Mar/2021:15:33:43 -0700] "GET / HTTP/1.1" 200 48020 "-" "Mozilla/5.0 (compatible)" 
54.198.55.229 - - [16/Mar/2021:15:33:47 -0700] "GET / HTTP/1.1" 200 48020 "-" "Mozilla/5.0 (compatible)" 
54.198.55.229 - - [16/Mar/2021:15:34:04 -0700] "GET /honeypot/Honeypot%20-%20Howto.pdf HTTP/1.1" 200 67160 "-" "Mozilla/5.0 (compatible)" 
54.198.55.229 - - [16/Mar/2021:15:34:05 -0700] "GET /honeypot/BSidesDFW%20-%202014.ipynb HTTP/1.1" 200 138700 "-" "Mozilla/5.0 (compatible)" 
52.204.27.85 - - [16/Mar/2021:15:34:05 -0700] "GET /honeypot/Honeypot%20-%20Howto.pdf HTTP/1.1" 200 103660 "-" "Mozilla/5.0 (compatible)" 
54.198.55.229 - - [16/Mar/2021:15:34:05 -0700] "GET / HTTP/1.1" 200 48020 "-" "Mozilla/5.0 (compatible)" 
54.198.55.229 - - [16/Mar/2021:15:34:05 -0700] "GET / HTTP/1.1" 200 48020 "-" "Mozilla/5.0 (compatible)" 
54.198.55.229 - - [16/Mar/2021:15:34:05 -0700] "GET / HTTP/1.1" 200 48020 "-" "Mozilla/5.0 (compatible)" 
54.198.55.229 - - [16/Mar/2021:15:34:05 -0700] "GET / HTTP/1.1" 200 48020 "-" "Mozilla/5.0 (compatible)" 
54.198.55.229 - - [16/Mar/2021:15:34:05 -0700] "GET /honeypot/BSidesDFW HTTP/1.1" 404 284 "-" "Mozilla/5.0 (compatible)" 
54.198.55.229 - - [16/Mar/2021:15:34:12 -0700] "GET /honeypot/Honeypot%20-%20Howto.pdf HTTP/1.1" 200 1279485 "-" "Mozilla/5.0 (compatible)" 
52.204.27.85 - - [16/Mar/2021:15:34:33 -0700] "GET / HTTP/1.1" 200 48020 "-" "Mozilla/5.0 (compatible)" 
114.119.159.101 - - [16/Mar/2021:15:34:40 -0700] "GET /self.logs/access.log.2019-01-20.gz HTTP/1.1" 200 27365 "-" "Mozilla/5.0 (Linux; Android 7.0;) AppleWebKit/537.36 (KHTML, like Gecko) Mobile Safari/537.36 (compatible; PetalBot;+https://aspiegel.com/petalbot)" 
52.204.27.85 - - [16/Mar/2021:15:34:44 -0700] "GET / HTTP/1.1" 200 48020 "-" "Mozilla/5.0 (compatible)" 
54.198.55.229 - - [16/Mar/2021:15:34:57 -0700] "GET /honeypot/Honeypot%20-%20Howto.pdf HTTP/1.1" 200 67160 "-" "Mozilla/5.0 (compatible)" 
52.204.27.85 - - [16/Mar/2021:15:35:01 -0700] "GET / HTTP/1.1" 200 48020 "-" "Mozilla/5.0 (compatible)" 
54.198.55.229 - - [16/Mar/2021:15:35:01 -0700] "GET / HTTP/1.1" 200 48020 "-" "Mozilla/5.0 (compatible)" 
54.36.149.65 - - [16/Mar/2021:15:35:20 -0700] "GET / HTTP/1.1" 200 12838 "-" "Mozilla/5.0 (compatible; AhrefsBot/7.0; +http://ahrefs.com/robot/)" 
114.119.141.53 - - [16/Mar/2021:15:40:09 -0700] "GET /self.logs/2015/error.log.2015-11-03.gz HTTP/1.1" 200 1049 "-" "Mozilla/5.0 (Linux; Android 7.0;) AppleWebKit/537.36 (KHTML, like Gecko) Mobile Safari/537.36 (compatible; PetalBot;+https://aspiegel.com/petalbot)" 
114.119.150.248 - - [16/Mar/2021:15:45:26 -0700] "GET /self.logs/access.log.2017-02-14.gz HTTP/1.1" 200 53742 "-" "Mozilla/5.0 (Linux; Android 7.0;) AppleWebKit/537.36 (KHTML, like Gecko) Mobile Safari/537.36 (compatible; PetalBot;+https://aspiegel.com/petalbot)" 
114.119.159.40 - - [16/Mar/2021:15:50:34 -0700] "GET /self.logs/2016/error.log.2016-04-10.gz HTTP/1.1" 200 805 "-" "Mozilla/5.0 (Linux; Android 7.0;) AppleWebKit/537.36 (KHTML, like Gecko) Mobile Safari/537.36 (compatible; PetalBot;+https://aspiegel.com/petalbot)" 
18.234.39.20 - - [16/Mar/2021:15:50:58 -0700] "GET / HTTP/1.1" 200 12838 "-" "Mozilla/5.0 (compatible; startmebot/1.0; +https://start.me/bot)" 
114.119.144.30 - - [16/Mar/2021:15:56:08 -0700] "GET /self.logs/access.log.2019-01-13.gz HTTP/1.1" 200 20780 "-" "Mozilla/5.0 (Linux; Android 7.0;) AppleWebKit/537.36 (KHTML, like Gecko) Mobile Safari/537.36 (compatible; PetalBot;+https://aspiegel.com/petalbot)" 
114.119.129.244 - - [16/Mar/2021:16:01:20 -0700] "GET /self.logs/error.log.2021-01-07 HTTP/1.1" 200 351 "-" "Mozilla/5.0 (Linux; Android 7.0;) AppleWebKit/537.36 (KHTML, like Gecko) Mobile Safari/537.36 (compatible; PetalBot;+https://aspiegel.com/petalbot)" 
17.58.96.141 - - [16/Mar/2021:16:03:06 -0700] "GET /self.logs/error.log.2020-03-02 HTTP/1.1" 200 307 "-" "Mozilla/5.0 (Macintosh; Intel Mac OS X 10_15_5) AppleWebKit/605.1.15 (KHTML, like Gecko) Version/13.1.1 Safari/605.1.15 (Applebot/0.1; +http://www.apple.com/go/applebot)" 
114.119.159.40 - - [16/Mar/2021:16:06:38 -0700] "GET /self.logs/access.log.2017-09-28.gz HTTP/1.1" 200 26616 "-" "Mozilla/5.0 (Linux; Android 7.0;) AppleWebKit/537.36 (KHTML, like Gecko) Mobile Safari/537.36 (compatible; PetalBot;+https://aspiegel.com/petalbot)" 
114.119.150.248 - - [16/Mar/2021:16:12:20 -0700] "GET /self.logs/error.log.2017-03-04.gz HTTP/1.1" 200 1320 "-" "Mozilla/5.0 (Linux; Android 7.0;) AppleWebKit/537.36 (KHTML, like Gecko) Mobile Safari/537.36 (compatible; PetalBot;+https://aspiegel.com/petalbot)" 
157.55.39.157 - - [16/Mar/2021:16:12:44 -0700] "GET /self.logs/error.log.2020-04-18 HTTP/1.1" 301 535 "-" "Mozilla/5.0 (compatible; bingbot/2.0; +http://www.bing.com/bingbot.htm)" 
114.119.141.53 - - [16/Mar/2021:16:17:48 -0700] "GET /self.logs/2015/error.log.2015-04-01.gz HTTP/1.1" 200 1188 "-" "Mozilla/5.0 (Linux; Android 7.0;) AppleWebKit/537.36 (KHTML, like Gecko) Mobile Safari/537.36 (compatible; PetalBot;+https://aspiegel.com/petalbot)" 
114.119.155.228 - - [16/Mar/2021:16:22:35 -0700] "GET /self.logs/2016/error.log.2016-09-18.gz HTTP/1.1" 200 916 "-" "Mozilla/5.0 (Linux; Android 7.0;) AppleWebKit/537.36 (KHTML, like Gecko) Mobile Safari/537.36 (compatible; PetalBot;+https://aspiegel.com/petalbot)" 
114.119.141.53 - - [16/Mar/2021:16:27:50 -0700] "GET /self.logs/2016/error.log.2016-03-20.gz HTTP/1.1" 200 954 "-" "Mozilla/5.0 (Linux; Android 7.0;) AppleWebKit/537.36 (KHTML, like Gecko) Mobile Safari/537.36 (compatible; PetalBot;+https://aspiegel.com/petalbot)" 
114.119.157.43 - - [16/Mar/2021:16:33:18 -0700] "GET /self.logs/access.log.2019-03-31.gz HTTP/1.1" 200 20220 "-" "Mozilla/5.0 (Linux; Android 7.0;) AppleWebKit/537.36 (KHTML, like Gecko) Mobile Safari/537.36 (compatible; PetalBot;+https://aspiegel.com/petalbot)" 
13.66.139.52 - - [16/Mar/2021:16:34:33 -0700] "GET / HTTP/1.1" 301 475 "-" "Mozilla/5.0 (compatible; bingbot/2.0; +http://www.bing.com/bingbot.htm)" 
13.66.139.52 - - [16/Mar/2021:16:35:25 -0700] "GET / HTTP/1.1" 200 12882 "-" "Mozilla/5.0 (compatible; bingbot/2.0; +http://www.bing.com/bingbot.htm)" 
114.119.155.228 - - [16/Mar/2021:16:38:43 -0700] "GET /self.logs/access.log.2018-01-08.gz HTTP/1.1" 200 39295 "-" "Mozilla/5.0 (Linux; Android 7.0;) AppleWebKit/537.36 (KHTML, like Gecko) Mobile Safari/537.36 (compatible; PetalBot;+https://aspiegel.com/petalbot)" 
114.119.159.40 - - [16/Mar/2021:16:44:07 -0700] "GET /self.logs/2016/access.log.2016-05-02.gz HTTP/1.1" 200 11182 "-" "Mozilla/5.0 (Linux; Android 7.0;) AppleWebKit/537.36 (KHTML, like Gecko) Mobile Safari/537.36 (compatible; PetalBot;+https://aspiegel.com/petalbot)" 
114.119.159.101 - - [16/Mar/2021:16:49:24 -0700] "GET /self.logs/access.log.2020-04-12.gz HTTP/1.1" 200 14857 "-" "Mozilla/5.0 (Linux; Android 7.0;) AppleWebKit/537.36 (KHTML, like Gecko) Mobile Safari/537.36 (compatible; PetalBot;+https://aspiegel.com/petalbot)" 
17.58.96.141 - - [16/Mar/2021:16:52:47 -0700] "GET /self.logs/error.log.2020-02-22 HTTP/1.1" 200 307 "-" "Mozilla/5.0 (Macintosh; Intel Mac OS X 10_15_5) AppleWebKit/605.1.15 (KHTML, like Gecko) Version/13.1.1 Safari/605.1.15 (Applebot/0.1; +http://www.apple.com/go/applebot)" 
54.36.149.65 - - [16/Mar/2021:16:53:56 -0700] "GET /self.logs/access.log.2021-01-17.gz HTTP/1.1" 200 33753 "-" "Mozilla/5.0 (compatible; AhrefsBot/7.0; +http://ahrefs.com/robot/)" 
114.119.141.53 - - [16/Mar/2021:16:54:35 -0700] "GET /self.logs/access.log.2019-08-30.gz HTTP/1.1" 200 16259 "-" "Mozilla/5.0 (Linux; Android 7.0;) AppleWebKit/537.36 (KHTML, like Gecko) Mobile Safari/537.36 (compatible; PetalBot;+https://aspiegel.com/petalbot)" 
114.119.159.40 - - [16/Mar/2021:17:00:02 -0700] "GET /self.logs/access.log.2020-11-11.gz HTTP/1.1" 200 10943 "-" "Mozilla/5.0 (Linux; Android 7.0;) AppleWebKit/537.36 (KHTML, like Gecko) Mobile Safari/537.36 (compatible; PetalBot;+https://aspiegel.com/petalbot)" 
135.148.71.97 - - [16/Mar/2021:17:04:20 -0700] "GET /honeypot/BSidesDFW%20-%202014.ipynb HTTP/1.0" 200 930884 "http://www.secrepo.com/honeypot/BSidesDFW%20-%202014.ipynb" "Mozilla/5.0 (Windows NT 6.1; ) AppleWebKit/537.36 (KHTML, like Gecko) Chrome/83.0.4103.61 Safari/537.36" 
114.119.140.84 - - [16/Mar/2021:17:05:10 -0700] "GET /self.logs/2015/access.log.2015-06-13.gz HTTP/1.1" 200 3673 "-" "Mozilla/5.0 (Linux; Android 7.0;) AppleWebKit/537.36 (KHTML, like Gecko) Mobile Safari/537.36 (compatible; PetalBot;+https://aspiegel.com/petalbot)" 
114.119.140.84 - - [16/Mar/2021:17:11:21 -0700] "GET /self.logs/2016/error.log.2016-05-20.gz HTTP/1.1" 200 955 "-" "Mozilla/5.0 (Linux; Android 7.0;) AppleWebKit/537.36 (KHTML, like Gecko) Mobile Safari/537.36 (compatible; PetalBot;+https://aspiegel.com/petalbot)" 
114.119.144.30 - - [16/Mar/2021:17:15:43 -0700] "GET /self.logs/access.log.2017-03-24.gz HTTP/1.1" 200 22949 "-" "Mozilla/5.0 (Linux; Android 7.0;) AppleWebKit/537.36 (KHTML, like Gecko) Mobile Safari/537.36 (compatible; PetalBot;+https://aspiegel.com/petalbot)" 
114.119.159.40 - - [16/Mar/2021:17:21:15 -0700] "GET /self.logs/error.log.2017-02-01.gz HTTP/1.1" 200 929 "-" "Mozilla/5.0 (Linux; Android 7.0;) AppleWebKit/537.36 (KHTML, like Gecko) Mobile Safari/537.36 (compatible; PetalBot;+https://aspiegel.com/petalbot)" 
114.119.141.53 - - [16/Mar/2021:17:26:18 -0700] "GET /self.logs/2015/error.log.2015-01-20.gz HTTP/1.1" 200 1061 "-" "Mozilla/5.0 (Linux; Android 7.0;) AppleWebKit/537.36 (KHTML, like Gecko) Mobile Safari/537.36 (compatible; PetalBot;+https://aspiegel.com/petalbot)" 
114.119.144.30 - - [16/Mar/2021:17:31:43 -0700] "GET /self.logs/access.log.2017-05-07.gz HTTP/1.1" 200 16710 "-" "Mozilla/5.0 (Linux; Android 7.0;) AppleWebKit/537.36 (KHTML, like Gecko) Mobile Safari/537.36 (compatible; PetalBot;+https://aspiegel.com/petalbot)" 
13.66.139.6 - - [16/Mar/2021:17:31:48 -0700] "GET /self.logs/ HTTP/1.1" 200 28245 "-" "Mozilla/5.0 (compatible; bingbot/2.0; +http://www.bing.com/bingbot.htm)" 
114.119.155.228 - - [16/Mar/2021:17:36:51 -0700] "GET /self.logs/2016/access.log.2016-07-31.gz HTTP/1.1" 200 7209 "-" "Mozilla/5.0 (Linux; Android 7.0;) AppleWebKit/537.36 (KHTML, like Gecko) Mobile Safari/537.36 (compatible; PetalBot;+https://aspiegel.com/petalbot)" 
206.47.249.246 - - [16/Mar/2021:17:39:13 -0700] "GET /self.logs/error.log.2019-04-23.gz HTTP/1.1" 304 280 "-" "Mozilla/4.0 (compatible;)" 
114.119.129.244 - - [16/Mar/2021:17:42:05 -0700] "GET /self.logs/error.log.2017-05-01.gz HTTP/1.1" 200 843 "-" "Mozilla/5.0 (Linux; Android 7.0;) AppleWebKit/537.36 (KHTML, like Gecko) Mobile Safari/537.36 (compatible; PetalBot;+https://aspiegel.com/petalbot)" 
116.236.4.56 - - [16/Mar/2021:17:43:12 -0700] "GET /favicon.ico HTTP/1.1" 200 391 "-" "Mozilla/5.0 (Windows NT 6.1) AppleWebKit/537.36 (KHTML, like Gecko) Chrome/70.0.3538.25 Safari/537.36 Core/1.70.3861.400 QQBrowser/10.7.4313.400" 
114.119.159.40 - - [16/Mar/2021:17:47:42 -0700] "GET /self.logs/2016?C=N%3BO%3DD HTTP/1.1" 301 597 "-" "Mozilla/5.0 (Linux; Android 7.0;) AppleWebKit/537.36 (KHTML, like Gecko) Mobile Safari/537.36 (compatible; PetalBot;+https://aspiegel.com/petalbot)" 
114.119.159.40 - - [16/Mar/2021:17:47:42 -0700] "GET /self.logs/2016/?C=N%3BO%3DD HTTP/1.1" 200 7837 "-" "Mozilla/5.0 (Linux; Android 7.0;) AppleWebKit/537.36 (KHTML, like Gecko) Mobile Safari/537.36 (compatible; PetalBot;+https://aspiegel.com/petalbot)" 
114.119.157.43 - - [16/Mar/2021:17:53:07 -0700] "GET /self.logs/error.log.2017-08-27.gz HTTP/1.1" 200 1288 "-" "Mozilla/5.0 (Linux; Android 7.0;) AppleWebKit/537.36 (KHTML, like Gecko) Mobile Safari/537.36 (compatible; PetalBot;+https://aspiegel.com/petalbot)" 
157.55.39.110 - - [16/Mar/2021:17:54:19 -0700] "GET /self.logs/error.log.2020-06-25 HTTP/1.1" 200 351 "-" "Mozilla/5.0 (compatible; bingbot/2.0; +http://www.bing.com/bingbot.htm)" 
114.119.157.43 - - [16/Mar/2021:17:58:40 -0700] "GET /self.logs/2016/access.log.2016-04-04.gz HTTP/1.1" 200 9520 "-" "Mozilla/5.0 (Linux; Android 7.0;) AppleWebKit/537.36 (KHTML, like Gecko) Mobile Safari/537.36 (compatible; PetalBot;+https://aspiegel.com/petalbot)" 
114.119.129.244 - - [16/Mar/2021:18:04:00 -0700] "GET /self.logs/2016/error.log.2016-12-01.gz HTTP/1.1" 200 843 "-" "Mozilla/5.0 (Linux; Android 7.0;) AppleWebKit/537.36 (KHTML, like Gecko) Mobile Safari/537.36 (compatible; PetalBot;+https://aspiegel.com/petalbot)" 
175.44.42.174 - - [16/Mar/2021:18:04:14 -0700] "GET / HTTP/1.1" 200 12882 "http://www.faithe.top/" "Mozilla/5.0 (iPhone; CPU iPhone OS 10_2_1 like Mac OS X) AppleWebKit/602.4.6 (KHTML, like Gecko) Version/10.0 Mobile/14D27 Safari/602.1" 
114.119.130.95 - - [16/Mar/2021:18:09:13 -0700] "GET /self.logs/error.log.2019-04-20.gz HTTP/1.1" 200 10428 "-" "Mozilla/5.0 (Linux; Android 7.0;) AppleWebKit/537.36 (KHTML, like Gecko) Mobile Safari/537.36 (compatible; PetalBot;+https://aspiegel.com/petalbot)" 
193.112.32.91 - - [16/Mar/2021:18:12:07 -0700] "GET / HTTP/1.1" 301 475 "-" "Mozilla/5.0 (Macintosh; Intel Mac OS X 10_15_6) AppleWebKit/537.36 (KHTML, like Gecko) Chrome/84.0.4147.125 Safari/537.36" 
101.91.62.11 - - [16/Mar/2021:18:12:07 -0700] "GET / HTTP/1.1" 301 438 "-" "Mozilla/5.0 (iPhone; CPU iPhone OS 9_3_4 like Mac OS X) AppleWebKit/601.1.46 (KHTML, like Gecko) Mobile/13G35 QQ/6.5.3.410 V1_IPH_SQ_6.5.3_1_APP_A Pixel/750 Core/UIWebView NetType/2G Mem/117" 
193.112.153.14 - - [16/Mar/2021:18:12:07 -0700] "GET / HTTP/1.1" 301 475 "-" "Mozilla/5.0 (Macintosh; Intel Mac OS X 10_15_6) AppleWebKit/537.36 (KHTML, like Gecko) Chrome/84.0.4147.125 Safari/537.36" 
101.91.62.11 - - [16/Mar/2021:18:12:08 -0700] "GET / HTTP/1.1" 200 12845 "http://secrepo.com/" "Mozilla/5.0 (iPhone; CPU iPhone OS 9_3_4 like Mac OS X) AppleWebKit/601.1.46 (KHTML, like Gecko) Mobile/13G35 QQ/6.5.3.410 V1_IPH_SQ_6.5.3_1_APP_A Pixel/750 Core/UIWebView NetType/2G Mem/117" 
42.194.128.22 - - [16/Mar/2021:18:12:08 -0700] "GET / HTTP/1.1" 200 12882 "http://secrepo.com/" "Mozilla/5.0 (Macintosh; Intel Mac OS X 10_15_6) AppleWebKit/537.36 (KHTML, like Gecko) Chrome/84.0.4147.125 Safari/537.36" 
106.52.106.57 - - [16/Mar/2021:18:12:08 -0700] "GET / HTTP/1.1" 200 12882 "http://secrepo.com/" "Mozilla/5.0 (Macintosh; Intel Mac OS X 10_15_6) AppleWebKit/537.36 (KHTML, like Gecko) Chrome/84.0.4147.125 Safari/537.36" 
218.70.255.70 - - [16/Mar/2021:18:12:08 -0700] "GET / HTTP/1.1" 301 475 "-" "Mozilla/5.0 (iPad; CPU OS 14_4 like Mac OS X) AppleWebKit/605.1.15 (KHTML, like Gecko) Mobile/18D52 QQ/8.5.5.648 V1_IPH_SQ_8.5.5_1_APP_A Pixel/1536 MiniAppEnable SimpleUISwitch/1 QQTheme/3063 Core/WKWebView Device/Apple(iPad 6 (WiFi)) NetType/WIFI QBWebViewType/1 WKType/1" 
218.70.255.70 - - [16/Mar/2021:18:12:14 -0700] "GET / HTTP/1.1" 200 12882 "-" "Mozilla/5.0 (iPad; CPU OS 14_4 like Mac OS X) AppleWebKit/605.1.15 (KHTML, like Gecko) Mobile/18D52 QQ/8.5.5.648 V1_IPH_SQ_8.5.5_1_APP_A Pixel/1536 MiniAppEnable SimpleUISwitch/1 QQTheme/3063 Core/WKWebView Device/Apple(iPad 6 (WiFi)) NetType/WIFI QBWebViewType/1 WKType/1" 
218.70.255.70 - - [16/Mar/2021:18:12:14 -0700] "GET /css/style.css HTTP/1.1" 404 305 "http://www.secrepo.com/" "Mozilla/5.0 (iPad; CPU OS 14_4 like Mac OS X) AppleWebKit/605.1.15 (KHTML, like Gecko) Mobile/18D52 QQ/8.5.5.648 V1_IPH_SQ_8.5.5_1_APP_A Pixel/1536 MiniAppEnable SimpleUISwitch/1 QQTheme/3063 Core/WKWebView Device/Apple(iPad 6 (WiFi)) NetType/WIFI QBWebViewType/1 WKType/1" 
218.70.255.70 - - [16/Mar/2021:18:12:15 -0700] "GET /twitter-icon.png HTTP/1.1" 200 27916 "http://www.secrepo.com/" "Mozilla/5.0 (iPad; CPU OS 14_4 like Mac OS X) AppleWebKit/605.1.15 (KHTML, like Gecko) Mobile/18D52 QQ/8.5.5.648 V1_IPH_SQ_8.5.5_1_APP_A Pixel/1536 MiniAppEnable SimpleUISwitch/1 QQTheme/3063 Core/WKWebView Device/Apple(iPad 6 (WiFi)) NetType/WIFI QBWebViewType/1 WKType/1" 
218.70.255.70 - - [16/Mar/2021:18:12:15 -0700] "GET /GitHub-Mark.png HTTP/1.1" 200 7556 "http://www.secrepo.com/" "Mozilla/5.0 (iPad; CPU OS 14_4 like Mac OS X) AppleWebKit/605.1.15 (KHTML, like Gecko) Mobile/18D52 QQ/8.5.5.648 V1_IPH_SQ_8.5.5_1_APP_A Pixel/1536 MiniAppEnable SimpleUISwitch/1 QQTheme/3063 Core/WKWebView Device/Apple(iPad 6 (WiFi)) NetType/WIFI QBWebViewType/1 WKType/1" 
218.70.255.70 - - [16/Mar/2021:18:12:16 -0700] "GET /css/style.css HTTP/1.1" 404 305 "http://www.secrepo.com/" "Mozilla/5.0 (iPad; CPU OS 14_4 like Mac OS X) AppleWebKit/605.1.15 (KHTML, like Gecko) Mobile/18D52 QQ/8.5.5.648 V1_IPH_SQ_8.5.5_1_APP_A Pixel/1536 MiniAppEnable SimpleUISwitch/1 QQTheme/3063 Core/WKWebView Device/Apple(iPad 6 (WiFi)) NetType/WIFI QBWebViewType/1 WKType/1" 
218.70.255.70 - - [16/Mar/2021:18:12:16 -0700] "GET /twitter-icon.png HTTP/1.1" 200 27916 "http://www.secrepo.com/" "Mozilla/5.0 (iPad; CPU OS 14_4 like Mac OS X) AppleWebKit/605.1.15 (KHTML, like Gecko) Mobile/18D52 QQ/8.5.5.648 V1_IPH_SQ_8.5.5_1_APP_A Pixel/1536 MiniAppEnable SimpleUISwitch/1 QQTheme/3063 Core/WKWebView Device/Apple(iPad 6 (WiFi)) NetType/WIFI QBWebViewType/1 WKType/1" 
218.70.255.70 - - [16/Mar/2021:18:12:16 -0700] "GET /GitHub-Mark.png HTTP/1.1" 200 7556 "http://www.secrepo.com/" "Mozilla/5.0 (iPad; CPU OS 14_4 like Mac OS X) AppleWebKit/605.1.15 (KHTML, like Gecko) Mobile/18D52 QQ/8.5.5.648 V1_IPH_SQ_8.5.5_1_APP_A Pixel/1536 MiniAppEnable SimpleUISwitch/1 QQTheme/3063 Core/WKWebView Device/Apple(iPad 6 (WiFi)) NetType/WIFI QBWebViewType/1 WKType/1" 
14.108.54.7 - - [16/Mar/2021:18:12:22 -0700] "GET / HTTP/1.1" 301 475 "-" "Mozilla/5.0 (iPhone; CPU iPhone OS 14_3 like Mac OS X) AppleWebKit/605.1.15 (KHTML, like Gecko) Mobile/18C66 QQ/8.5.5.648 V1_IPH_SQ_8.5.5_1_APP_A Pixel/1125 MiniAppEnable SimpleUISwitch/0 QQTheme/1102 Core/WKWebView Device/Apple(iPhone X) NetType/4G QBWebViewType/1 WKType/1" 
14.108.54.7 - - [16/Mar/2021:18:12:23 -0700] "GET / HTTP/1.1" 200 12882 "-" "Mozilla/5.0 (iPhone; CPU iPhone OS 14_3 like Mac OS X) AppleWebKit/605.1.15 (KHTML, like Gecko) Mobile/18C66 QQ/8.5.5.648 V1_IPH_SQ_8.5.5_1_APP_A Pixel/1125 MiniAppEnable SimpleUISwitch/0 QQTheme/1102 Core/WKWebView Device/Apple(iPhone X) NetType/4G QBWebViewType/1 WKType/1" 
14.108.54.7 - - [16/Mar/2021:18:12:24 -0700] "GET /css/style.css HTTP/1.1" 404 328 "http://www.secrepo.com/" "Mozilla/5.0 (iPhone; CPU iPhone OS 14_3 like Mac OS X) AppleWebKit/605.1.15 (KHTML, like Gecko) Mobile/18C66 QQ/8.5.5.648 V1_IPH_SQ_8.5.5_1_APP_A Pixel/1125 MiniAppEnable SimpleUISwitch/0 QQTheme/1102 Core/WKWebView Device/Apple(iPhone X) NetType/4G QBWebViewType/1 WKType/1" 
14.108.54.7 - - [16/Mar/2021:18:12:24 -0700] "GET /twitter-icon.png HTTP/1.1" 200 27893 "http://www.secrepo.com/" "Mozilla/5.0 (iPhone; CPU iPhone OS 14_3 like Mac OS X) AppleWebKit/605.1.15 (KHTML, like Gecko) Mobile/18C66 QQ/8.5.5.648 V1_IPH_SQ_8.5.5_1_APP_A Pixel/1125 MiniAppEnable SimpleUISwitch/0 QQTheme/1102 Core/WKWebView Device/Apple(iPhone X) NetType/4G QBWebViewType/1 WKType/1" 
14.108.54.7 - - [16/Mar/2021:18:12:24 -0700] "GET /GitHub-Mark.png HTTP/1.1" 200 7556 "http://www.secrepo.com/" "Mozilla/5.0 (iPhone; CPU iPhone OS 14_3 like Mac OS X) AppleWebKit/605.1.15 (KHTML, like Gecko) Mobile/18C66 QQ/8.5.5.648 V1_IPH_SQ_8.5.5_1_APP_A Pixel/1125 MiniAppEnable SimpleUISwitch/0 QQTheme/1102 Core/WKWebView Device/Apple(iPhone X) NetType/4G QBWebViewType/1 WKType/1" 
101.91.62.99 - - [16/Mar/2021:18:13:28 -0700] "GET / HTTP/1.1" 301 475 "-" "Mozilla/5.0 (Windows NT 6.1; WOW64) AppleWebKit/537.36 (KHTML, like Gecko) Chrome/43.0.2357.124 Safari/537.36" 
101.91.62.99 - - [16/Mar/2021:18:13:37 -0700] "GET / HTTP/1.1" 200 48064 "http://secrepo.com/" "Mozilla/5.0 (Windows NT 6.1; WOW64) AppleWebKit/537.36 (KHTML, like Gecko) Chrome/43.0.2357.124 Safari/537.36" 
114.119.129.244 - - [16/Mar/2021:18:14:40 -0700] "GET /self.logs/2016/access.log.2016-04-07.gz HTTP/1.1" 200 8274 "-" "Mozilla/5.0 (Linux; Android 7.0;) AppleWebKit/537.36 (KHTML, like Gecko) Mobile Safari/537.36 (compatible; PetalBot;+https://aspiegel.com/petalbot)" 
54.36.149.65 - - [16/Mar/2021:18:14:56 -0700] "GET /maccdc2012/ftp.log.gz HTTP/1.1" 200 78840 "-" "Mozilla/5.0 (compatible; AhrefsBot/7.0; +http://ahrefs.com/robot/)" 
111.26.165.65 - - [16/Mar/2021:18:19:07 -0700] "GET /favicon.ico HTTP/1.1" 200 391 "-" "Mozilla/5.0 (Windows NT 10.0; WOW64) AppleWebKit/537.36 (KHTML, like Gecko) Chrome/58.0.3029.110 Safari/537.36 SE 2.X MetaSr 1.0" 
114.119.159.101 - - [16/Mar/2021:18:21:05 -0700] "GET /self.logs/2015/error.log.2015-10-22.gz HTTP/1.1" 200 1058 "-" "Mozilla/5.0 (Linux; Android 7.0;) AppleWebKit/537.36 (KHTML, like Gecko) Mobile Safari/537.36 (compatible; PetalBot;+https://aspiegel.com/petalbot)" 
114.119.150.248 - - [16/Mar/2021:18:25:24 -0700] "GET /self.logs/access.log.2020-04-19.gz HTTP/1.1" 200 13565 "-" "Mozilla/5.0 (Linux; Android 7.0;) AppleWebKit/537.36 (KHTML, like Gecko) Mobile Safari/537.36 (compatible; PetalBot;+https://aspiegel.com/petalbot)" 
40.77.167.73 - - [16/Mar/2021:18:29:18 -0700] "GET /self.logs/error.log.2017-08-31.gz HTTP/1.1" 200 1374 "-" "Mozilla/5.0 (compatible; bingbot/2.0; +http://www.bing.com/bingbot.htm)" 
114.119.129.244 - - [16/Mar/2021:18:30:36 -0700] "GET /honeypot/honeypot.json.zip HTTP/1.1" 200 23086087 "-" "Mozilla/5.0 (Linux; Android 7.0;) AppleWebKit/537.36 (KHTML, like Gecko) Mobile Safari/537.36 (compatible; PetalBot;+https://aspiegel.com/petalbot)" 
106.38.241.163 - - [16/Mar/2021:18:33:18 -0700] "GET / HTTP/1.1" 200 12846 "-" "Sogou web spider/4.0(+http://www.sogou.com/docs/help/webmasters.htm#07)" 
114.119.150.248 - - [16/Mar/2021:18:35:49 -0700] "GET /self.logs/error.log.2020-03-07.gz HTTP/1.1" 200 1251 "-" "Mozilla/5.0 (Linux; Android 7.0;) AppleWebKit/537.36 (KHTML, like Gecko) Mobile Safari/537.36 (compatible; PetalBot;+https://aspiegel.com/petalbot)" 
114.119.159.40 - - [16/Mar/2021:18:41:12 -0700] "GET /Datasets%20Description?C=D%3BO%3DA HTTP/1.1" 301 613 "-" "Mozilla/5.0 (Linux; Android 7.0;) AppleWebKit/537.36 (KHTML, like Gecko) Mobile Safari/537.36 (compatible; PetalBot;+https://aspiegel.com/petalbot)" 
114.119.159.40 - - [16/Mar/2021:18:41:12 -0700] "GET /Datasets%20Description/?C=D%3BO%3DA HTTP/1.1" 200 654 "-" "Mozilla/5.0 (Linux; Android 7.0;) AppleWebKit/537.36 (KHTML, like Gecko) Mobile Safari/537.36 (compatible; PetalBot;+https://aspiegel.com/petalbot)" 
17.58.96.141 - - [16/Mar/2021:18:43:18 -0700] "GET /self.logs/error.log.2020-03-31 HTTP/1.1" 200 307 "-" "Mozilla/5.0 (Macintosh; Intel Mac OS X 10_15_5) AppleWebKit/605.1.15 (KHTML, like Gecko) Version/13.1.1 Safari/605.1.15 (Applebot/0.1; +http://www.apple.com/go/applebot)" 
114.119.130.95 - - [16/Mar/2021:18:46:46 -0700] "GET /self.logs/2016/error.log.2016-10-19.gz HTTP/1.1" 200 620 "-" "Mozilla/5.0 (Linux; Android 7.0;) AppleWebKit/537.36 (KHTML, like Gecko) Mobile Safari/537.36 (compatible; PetalBot;+https://aspiegel.com/petalbot)" 
17.58.96.141 - - [16/Mar/2021:18:47:09 -0700] "GET /self.logs/error.log.2020-03-20 HTTP/1.1" 200 307 "-" "Mozilla/5.0 (Macintosh; Intel Mac OS X 10_15_5) AppleWebKit/605.1.15 (KHTML, like Gecko) Version/13.1.1 Safari/605.1.15 (Applebot/0.1; +http://www.apple.com/go/applebot)" 
116.179.32.84 - - [16/Mar/2021:18:49:54 -0700] "GET /pe_static/op-cleaver.zip HTTP/1.1" 200 710139 "-" "Mozilla/5.0 (compatible; Baiduspider/2.0; +http://www.baidu.com/search/spider.html)" 
40.77.167.77 - - [16/Mar/2021:18:51:36 -0700] "GET /self.logs/access.log.2018-06-29.gz HTTP/1.1" 304 280 "-" "Mozilla/5.0 (compatible; bingbot/2.0; +http://www.bing.com/bingbot.htm)" 
114.119.144.30 - - [16/Mar/2021:18:52:43 -0700] "GET /self.logs/access.log.2019-03-20.gz HTTP/1.1" 200 36378 "-" "Mozilla/5.0 (Linux; Android 7.0;) AppleWebKit/537.36 (KHTML, like Gecko) Mobile Safari/537.36 (compatible; PetalBot;+https://aspiegel.com/petalbot)" 
114.119.150.248 - - [16/Mar/2021:18:57:21 -0700] "GET /self.logs/access.log.2020-04-28.gz HTTP/1.1" 200 18785 "-" "Mozilla/5.0 (Linux; Android 7.0;) AppleWebKit/537.36 (KHTML, like Gecko) Mobile Safari/537.36 (compatible; PetalBot;+https://aspiegel.com/petalbot)" 
111.202.100.88 - - [16/Mar/2021:19:00:12 -0700] "GET / HTTP/1.1" 200 12846 "-" "Sogou web spider/4.0(+http://www.sogou.com/docs/help/webmasters.htm#07)" 
114.119.144.30 - - [16/Mar/2021:19:02:40 -0700] "GET /self.logs/error.log.2017-05-18.gz HTTP/1.1" 200 932 "-" "Mozilla/5.0 (Linux; Android 7.0;) AppleWebKit/537.36 (KHTML, like Gecko) Mobile Safari/537.36 (compatible; PetalBot;+https://aspiegel.com/petalbot)" 
111.202.101.153 - - [16/Mar/2021:19:04:39 -0700] "GET / HTTP/1.1" 301 438 "-" "Sogou web spider/4.0(+http://www.sogou.com/docs/help/webmasters.htm#07)" 
111.198.228.46 - - [16/Mar/2021:19:04:58 -0700] "GET / HTTP/1.1" 200 12883 "-" "Mozilla/5.0 (Macintosh; Intel Mac OS X 10_15_6) AppleWebKit/605.1.15 (KHTML, like Gecko)" 
111.198.228.46 - - [16/Mar/2021:19:04:59 -0700] "GET /apple-touch-icon-precomposed.png HTTP/1.1" 404 328 "-" "Safari%E6%B5%8F%E8%A7%88%E5%99%A8/16610.4.3.1.7 CFNetwork/1220.1 Darwin/20.3.0" 
111.198.228.46 - - [16/Mar/2021:19:04:59 -0700] "GET /apple-touch-icon.png HTTP/1.1" 404 305 "-" "Safari%E6%B5%8F%E8%A7%88%E5%99%A8/16610.4.3.1.7 CFNetwork/1220.1 Darwin/20.3.0" 
111.198.228.46 - - [16/Mar/2021:19:05:00 -0700] "GET / HTTP/1.1" 200 12860 "-" "Mozilla/5.0 (iPhone; CPU iPhone OS 13_1_3 like Mac OS X) AppleWebKit/605.1.15 (KHTML, like Gecko) Version/13.0.1 Mobile/15E148 Safari/604.1" 
111.198.228.46 - - [16/Mar/2021:19:05:00 -0700] "GET /apple-touch-icon-precomposed.png HTTP/1.1" 404 305 "-" "Safari%E6%B5%8F%E8%A7%88%E5%99%A8/16610.4.3.1.7 CFNetwork/1220.1 Darwin/20.3.0" 
111.198.228.46 - - [16/Mar/2021:19:05:00 -0700] "GET /apple-touch-icon.png HTTP/1.1" 404 305 "-" "Safari%E6%B5%8F%E8%A7%88%E5%99%A8/16610.4.3.1.7 CFNetwork/1220.1 Darwin/20.3.0" 
114.119.159.101 - - [16/Mar/2021:19:07:54 -0700] "GET /self.logs/error.log.2018-07-01.gz HTTP/1.1" 200 5807 "-" "Mozilla/5.0 (Linux; Android 7.0;) AppleWebKit/537.36 (KHTML, like Gecko) Mobile Safari/537.36 (compatible; PetalBot;+https://aspiegel.com/petalbot)" 
74.125.212.31 - - [16/Mar/2021:19:10:15 -0700] "GET / HTTP/1.1" 200 12883 "-" "Mozilla/5.0 (X11; Linux x86_64) AppleWebKit/537.36 (KHTML, like Gecko) Chrome/49.0.2623.75 Safari/537.36 Google Favicon" 
74.125.212.29 - - [16/Mar/2021:19:10:15 -0700] "GET /bootstrap/img/favicon.ico HTTP/1.1" 200 713 "-" "Mozilla/5.0 (X11; Linux x86_64) AppleWebKit/537.36 (KHTML, like Gecko) Chrome/49.0.2623.75 Safari/537.36 Google Favicon" 
114.119.140.84 - - [16/Mar/2021:19:13:42 -0700] "GET /self.logs/2015/error.log.2015-06-09.gz HTTP/1.1" 200 862 "-" "Mozilla/5.0 (Linux; Android 7.0;) AppleWebKit/537.36 (KHTML, like Gecko) Mobile Safari/537.36 (compatible; PetalBot;+https://aspiegel.com/petalbot)" 
114.119.159.101 - - [16/Mar/2021:19:18:39 -0700] "GET /self.logs/access.log.2017-01-11.gz HTTP/1.1" 200 93056 "-" "Mozilla/5.0 (Linux; Android 7.0;) AppleWebKit/537.36 (KHTML, like Gecko) Mobile Safari/537.36 (compatible; PetalBot;+https://aspiegel.com/petalbot)" 
20.55.106.97 - - [16/Mar/2021:19:23:27 -0700] "POST //wp-admin/admin-ajax.php?action=_ning_upload_image HTTP/1.1" 404 328 "-" "Mozilla/5.0 (Linux; U; Android 2.2) AppleWebKit/533.1 (KHTML, like Gecko) Version/4.0 Mobile Safari/533.1" 
111.202.100.88 - - [16/Mar/2021:19:23:39 -0700] "GET / HTTP/1.1" 200 12845 "-" "Sogou web spider/4.0(+http://www.sogou.com/docs/help/webmasters.htm#07)" 
111.202.101.153 - - [16/Mar/2021:19:26:51 -0700] "GET / HTTP/1.1" 200 12845 "-" "Sogou web spider/4.0(+http://www.sogou.com/docs/help/webmasters.htm#07)" 
114.119.140.84 - - [16/Mar/2021:19:29:14 -0700] "GET /self.logs/error.log.2019-05-19.gz HTTP/1.1" 200 8881 "-" "Mozilla/5.0 (Linux; Android 7.0;) AppleWebKit/537.36 (KHTML, like Gecko) Mobile Safari/537.36 (compatible; PetalBot;+https://aspiegel.com/petalbot)" 
5.178.243.2 - - [16/Mar/2021:19:29:25 -0700] "GET / HTTP/1.1" 200 12882 "-" "Mozilla/5.0 (X11; Linux x86_64; rv:78.0) Gecko/20100101 Firefox/78.0" 
5.178.243.2 - - [16/Mar/2021:19:29:26 -0700] "GET /css/style.css HTTP/1.1" 404 328 "http://www.secrepo.com/" "Mozilla/5.0 (X11; Linux x86_64; rv:78.0) Gecko/20100101 Firefox/78.0" 
5.178.243.2 - - [16/Mar/2021:19:29:26 -0700] "GET /twitter-icon.png HTTP/1.1" 200 27893 "http://www.secrepo.com/" "Mozilla/5.0 (X11; Linux x86_64; rv:78.0) Gecko/20100101 Firefox/78.0" 
5.178.243.2 - - [16/Mar/2021:19:29:26 -0700] "GET /GitHub-Mark.png HTTP/1.1" 200 7533 "http://www.secrepo.com/" "Mozilla/5.0 (X11; Linux x86_64; rv:78.0) Gecko/20100101 Firefox/78.0" 
5.178.243.2 - - [16/Mar/2021:19:29:26 -0700] "GET /bootstrap/img/favicon.ico HTTP/1.1" 200 690 "-" "Mozilla/5.0 (X11; Linux x86_64; rv:78.0) Gecko/20100101 Firefox/78.0" 
5.178.243.2 - - [16/Mar/2021:19:29:32 -0700] "GET /css/style.css HTTP/1.1" 404 328 "http://www.secrepo.com/" "Mozilla/5.0 (X11; Linux x86_64; rv:78.0) Gecko/20100101 Firefox/78.0" 
52.212.146.96 - - [16/Mar/2021:19:30:03 -0700] "GET /self.logs/access.log.2021-03-10.gz HTTP/1.1" 200 29945 "-" "python-requests/2.12.1" 
52.212.146.96 - - [16/Mar/2021:19:30:03 -0700] "GET /self.logs/access.log.2021-03-11.gz HTTP/1.1" 200 26031 "-" "python-requests/2.12.1" 
52.212.146.96 - - [16/Mar/2021:19:30:04 -0700] "GET /self.logs/access.log.2021-03-12.gz HTTP/1.1" 200 22224 "-" "python-requests/2.12.1" 
52.212.146.96 - - [16/Mar/2021:19:30:04 -0700] "GET /self.logs/access.log.2021-03-13.gz HTTP/1.1" 200 21306 "-" "python-requests/2.12.1" 
52.212.146.96 - - [16/Mar/2021:19:30:04 -0700] "GET /self.logs/access.log.2021-03-14.gz HTTP/1.1" 404 328 "-" "python-requests/2.12.1" 
52.212.146.96 - - [16/Mar/2021:19:30:04 -0700] "GET /self.logs/access.log.2021-03-15.gz HTTP/1.1" 404 328 "-" "python-requests/2.12.1" 
52.212.146.96 - - [16/Mar/2021:19:30:05 -0700] "GET /self.logs/access.log.2021-03-16.gz HTTP/1.1" 404 328 "-" "python-requests/2.12.1" 
66.249.72.226 - - [16/Mar/2021:19:30:39 -0700] "GET / HTTP/1.1" 301 475 "-" "Mozilla/5.0 (Linux; Android 6.0.1; Nexus 5X Build/MMB29P) AppleWebKit/537.36 (KHTML, like Gecko) Chrome/88.0.4324.188 Mobile Safari/537.36 (compatible; Googlebot/2.1; +http://www.google.com/bot.html)" 
66.249.72.29 - - [16/Mar/2021:19:30:39 -0700] "GET / HTTP/1.1" 200 12883 "-" "Mozilla/5.0 (Linux; Android 6.0.1; Nexus 5X Build/MMB29P) AppleWebKit/537.36 (KHTML, like Gecko) Chrome/88.0.4324.188 Mobile Safari/537.36 (compatible; Googlebot/2.1; +http://www.google.com/bot.html)" 
66.249.72.29 - - [16/Mar/2021:19:31:04 -0700] "GET /css/style.css HTTP/1.1" 404 328 "http://www.secrepo.com/" "Mozilla/5.0 (Linux; Android 6.0.1; Nexus 5X Build/MMB29P) AppleWebKit/537.36 (KHTML, like Gecko) Chrome/89.0.4389.84 Mobile Safari/537.36 (compatible; Googlebot/2.1; +http://www.google.com/bot.html)" 
114.119.157.43 - - [16/Mar/2021:19:34:52 -0700] "GET /self.logs/error.log.2017-06-06.gz HTTP/1.1" 200 1098 "-" "Mozilla/5.0 (Linux; Android 7.0;) AppleWebKit/537.36 (KHTML, like Gecko) Mobile Safari/537.36 (compatible; PetalBot;+https://aspiegel.com/petalbot)" 
220.181.108.183 - - [16/Mar/2021:19:32:27 -0700] "GET /tg/a.zip HTTP/1.1" 200 3322960 "-" "Mozilla/5.0 (compatible; Baiduspider/2.0; +http://www.baidu.com/search/spider.html)" 
114.119.159.101 - - [16/Mar/2021:19:40:10 -0700] "GET /self.logs/2016/access.log.2016-10-25.gz HTTP/1.1" 200 13227 "-" "Mozilla/5.0 (Linux; Android 7.0;) AppleWebKit/537.36 (KHTML, like Gecko) Mobile Safari/537.36 (compatible; PetalBot;+https://aspiegel.com/petalbot)" 
66.249.72.227 - - [16/Mar/2021:19:40:41 -0700] "GET / HTTP/1.1" 301 475 "-" "Mozilla/5.0 (compatible; Googlebot/2.1; +http://www.google.com/bot.html)" 
66.249.72.27 - - [16/Mar/2021:19:40:42 -0700] "GET / HTTP/1.1" 200 12883 "-" "Mozilla/5.0 (compatible; Googlebot/2.1; +http://www.google.com/bot.html)" 
