122.115.226.243 - - [05/Dec/2020:01:53:26 -0800] "GET /favicon.ico HTTP/1.1" 200 391 "-" "Mozilla/5.0 (Windows NT 10.0; WOW64) AppleWebKit/537.36 (KHTML, like Gecko) Chrome/72.0.3626.81 Safari/537.36 SE 2.X MetaSr 1.0" 
112.20.86.35 - - [05/Dec/2020:02:01:56 -0800] "GET / HTTP/1.1" 200 12880 "-" "Mozilla/5.0 (Macintosh; Intel Mac OS X 11_0_1) AppleWebKit/537.36 (KHTML, like Gecko) Chrome/87.0.4280.67 Safari/537.36" 
112.20.86.35 - - [05/Dec/2020:02:01:56 -0800] "GET /css/style.css HTTP/1.1" 404 328 "http://www.secrepo.com/" "Mozilla/5.0 (Macintosh; Intel Mac OS X 11_0_1) AppleWebKit/537.36 (KHTML, like Gecko) Chrome/87.0.4280.67 Safari/537.36" 
112.20.86.35 - - [05/Dec/2020:02:01:59 -0800] "GET /twitter-icon.png HTTP/1.1" 200 27916 "http://www.secrepo.com/" "Mozilla/5.0 (Macintosh; Intel Mac OS X 11_0_1) AppleWebKit/537.36 (KHTML, like Gecko) Chrome/87.0.4280.67 Safari/537.36" 
112.20.86.35 - - [05/Dec/2020:02:02:39 -0800] "GET /GitHub-Mark.png HTTP/1.1" 200 7556 "http://www.secrepo.com/" "Mozilla/5.0 (Macintosh; Intel Mac OS X 11_0_1) AppleWebKit/537.36 (KHTML, like Gecko) Chrome/87.0.4280.67 Safari/537.36" 
66.249.64.153 - - [05/Dec/2020:02:09:23 -0800] "GET / HTTP/1.1" 200 12880 "-" "Mozilla/5.0 (compatible; Googlebot/2.1; +http://www.google.com/bot.html)" 
66.249.64.153 - - [05/Dec/2020:02:09:26 -0800] "GET /css/style.css HTTP/1.1" 404 328 "http://www.secrepo.com/" "Mozilla/5.0 AppleWebKit/537.36 (KHTML, like Gecko; compatible; Googlebot/2.1; +http://www.google.com/bot.html) Chrome/85.0.4183.140 Safari/537.36" 
54.221.53.239 - - [05/Dec/2020:02:09:46 -0800] "GET / HTTP/1.1" 200 12836 "-" "Mozilla/5.0 (compatible; startmebot/1.0; +https://start.me/bot)" 
112.20.86.35 - - [05/Dec/2020:02:12:53 -0800] "GET /bootstrap/img/favicon.ico HTTP/1.1" 200 713 "http://www.secrepo.com/" "Mozilla/5.0 (Macintosh; Intel Mac OS X 11_0_1) AppleWebKit/537.36 (KHTML, like Gecko) Chrome/87.0.4280.67 Safari/537.36" 
128.199.36.134 - - [05/Dec/2020:02:32:15 -0800] "GET / HTTP/1.1" 200 12881 "-" "Mozilla/5.0 (Macintosh; Intel Mac OS X 10_14_4) AppleWebKit/537.36 (KHTML, like Gecko) Chrome/73.0.3683.103 Safari/537.36" 
128.199.36.134 - - [05/Dec/2020:02:32:15 -0800] "GET /css/style.css HTTP/1.1" 404 305 "http://www.secrepo.com/" "Mozilla/5.0 (Macintosh; Intel Mac OS X 10_14_4) AppleWebKit/537.36 (KHTML, like Gecko) Chrome/73.0.3683.103 Safari/537.36" 
128.199.36.134 - - [05/Dec/2020:02:32:15 -0800] "GET /GitHub-Mark.png HTTP/1.1" 200 7556 "http://www.secrepo.com/" "Mozilla/5.0 (Macintosh; Intel Mac OS X 10_14_4) AppleWebKit/537.36 (KHTML, like Gecko) Chrome/73.0.3683.103 Safari/537.36" 
128.199.36.134 - - [05/Dec/2020:02:32:15 -0800] "GET /twitter-icon.png HTTP/1.1" 200 27916 "http://www.secrepo.com/" "Mozilla/5.0 (Macintosh; Intel Mac OS X 10_14_4) AppleWebKit/537.36 (KHTML, like Gecko) Chrome/73.0.3683.103 Safari/537.36" 
207.46.13.17 - - [05/Dec/2020:02:43:53 -0800] "GET /self.logs/access.log.2018-05-26.gz HTTP/1.1" 301 543 "-" "Mozilla/5.0 (compatible; bingbot/2.0; +http://www.bing.com/bingbot.htm)" 
213.55.85.43 - - [05/Dec/2020:02:44:38 -0800] "GET / HTTP/1.1" 200 12881 "-" "Mozilla/5.0 (Windows NT 10.0; Win64; x64) AppleWebKit/537.36 (KHTML, like Gecko) Chrome/87.0.4280.88 Safari/537.36" 
213.55.85.43 - - [05/Dec/2020:02:44:39 -0800] "GET /twitter-icon.png HTTP/1.1" 200 27916 "http://www.secrepo.com/" "Mozilla/5.0 (Windows NT 10.0; Win64; x64) AppleWebKit/537.36 (KHTML, like Gecko) Chrome/87.0.4280.88 Safari/537.36" 
213.55.85.43 - - [05/Dec/2020:02:44:39 -0800] "GET /css/style.css HTTP/1.1" 404 328 "http://www.secrepo.com/" "Mozilla/5.0 (Windows NT 10.0; Win64; x64) AppleWebKit/537.36 (KHTML, like Gecko) Chrome/87.0.4280.88 Safari/537.36" 
213.55.85.43 - - [05/Dec/2020:02:44:39 -0800] "GET /GitHub-Mark.png HTTP/1.1" 200 7533 "http://www.secrepo.com/" "Mozilla/5.0 (Windows NT 10.0; Win64; x64) AppleWebKit/537.36 (KHTML, like Gecko) Chrome/87.0.4280.88 Safari/537.36" 
213.55.85.43 - - [05/Dec/2020:02:44:43 -0800] "GET /bootstrap/img/favicon.ico HTTP/1.1" 200 713 "http://www.secrepo.com/" "Mozilla/5.0 (Windows NT 10.0; Win64; x64) AppleWebKit/537.36 (KHTML, like Gecko) Chrome/87.0.4280.88 Safari/537.36" 
49.7.20.147 - - [05/Dec/2020:02:47:44 -0800] "GET / HTTP/1.1" 200 12844 "-" "Sogou web spider/4.0(+http://www.sogou.com/docs/help/webmasters.htm#07)" 
52.188.202.111 - - [05/Dec/2020:02:55:10 -0800] "GET / HTTP/1.1" 200 12881 "-" "Mozilla/5.0 (X11; Ubuntu; Linux i686; rv:28.0) Gecko/20100101 Firefox/28.0" 
52.188.202.111 - - [05/Dec/2020:02:55:10 -0800] "GET //wp-includes/js/jquery/jquery.js HTTP/1.1" 404 328 "-" "Mozilla/5.0 (X11; Ubuntu; Linux i686; rv:28.0) Gecko/20100101 Firefox/28.0" 
52.188.202.111 - - [05/Dec/2020:02:55:11 -0800] "GET //administrator/help/en-GB/toc.json HTTP/1.1" 404 328 "-" "Mozilla/5.0 (X11; Ubuntu; Linux i686; rv:28.0) Gecko/20100101 Firefox/28.0" 
52.188.202.111 - - [05/Dec/2020:02:55:11 -0800] "GET //administrator/language/en-GB/install.xml HTTP/1.1" 404 328 "-" "Mozilla/5.0 (X11; Ubuntu; Linux i686; rv:28.0) Gecko/20100101 Firefox/28.0" 
52.188.202.111 - - [05/Dec/2020:02:55:11 -0800] "GET //plugins/system/debug/debug.xml HTTP/1.1" 404 328 "-" "Mozilla/5.0 (X11; Ubuntu; Linux i686; rv:28.0) Gecko/20100101 Firefox/28.0" 
52.188.202.111 - - [05/Dec/2020:02:55:11 -0800] "GET //administrator/ HTTP/1.1" 404 328 "-" "Mozilla/5.0 (X11; Ubuntu; Linux i686; rv:28.0) Gecko/20100101 Firefox/28.0" 
52.188.202.111 - - [05/Dec/2020:02:55:11 -0800] "GET //misc/ajax.js HTTP/1.1" 404 328 "-" "Mozilla/5.0 (X11; Ubuntu; Linux i686; rv:28.0) Gecko/20100101 Firefox/28.0" 
52.188.202.111 - - [05/Dec/2020:02:55:11 -0800] "GET / HTTP/1.1" 200 12881 "-" "Mozilla/5.0 (X11; Ubuntu; Linux i686; rv:28.0) Gecko/20100101 Firefox/28.0" 
52.188.202.111 - - [05/Dec/2020:02:55:11 -0800] "GET //admin/view/javascript/common.js HTTP/1.1" 404 328 "-" "Mozilla/5.0 (X11; Ubuntu; Linux i686; rv:28.0) Gecko/20100101 Firefox/28.0" 
52.188.202.111 - - [05/Dec/2020:02:55:11 -0800] "GET //admin/includes/general.js HTTP/1.1" 404 328 "-" "Mozilla/5.0 (X11; Ubuntu; Linux i686; rv:28.0) Gecko/20100101 Firefox/28.0" 
52.188.202.111 - - [05/Dec/2020:02:55:11 -0800] "GET //images/editor/separator.gif HTTP/1.1" 404 328 "-" "Mozilla/5.0 (X11; Ubuntu; Linux i686; rv:28.0) Gecko/20100101 Firefox/28.0" 
52.188.202.111 - - [05/Dec/2020:02:55:11 -0800] "GET //js/header-rollup-554.js HTTP/1.1" 404 328 "-" "Mozilla/5.0 (X11; Ubuntu; Linux i686; rv:28.0) Gecko/20100101 Firefox/28.0" 
52.188.202.111 - - [05/Dec/2020:02:55:11 -0800] "GET //vendor/phpunit/phpunit/build.xml HTTP/1.1" 404 328 "-" "Mozilla/5.0 (Macintosh; U; Intel Mac OS X 10_6_8; en-us) AppleWebKit/534.50 (KHTML, like Gecko) Version/5.1 Safari/534.50" 
52.188.202.111 - - [05/Dec/2020:02:55:11 -0800] "GET //fckeditor/editor/filemanager/connectors/php/upload.php?Type=Media HTTP/1.1" 404 328 "-" "Mozilla/5.0 (X11; Ubuntu; Linux i686; rv:28.0) Gecko/20100101 Firefox/28.0" 
52.188.202.111 - - [05/Dec/2020:02:55:11 -0800] "GET //.env HTTP/1.1" 404 328 "-" "Mozilla/5.0 (X11; Ubuntu; Linux i686; rv:28.0) Gecko/20100101 Firefox/28.0" 
52.188.202.111 - - [05/Dec/2020:02:55:11 -0800] "GET / HTTP/1.1" 200 12881 "-" "Mozilla/5.0 (X11; Ubuntu; Linux i686; rv:28.0) Gecko/20100101 Firefox/28.0" 
13.66.139.97 - - [05/Dec/2020:02:58:01 -0800] "GET / HTTP/1.1" 301 475 "-" "Mozilla/5.0 (compatible; bingbot/2.0; +http://www.bing.com/bingbot.htm)" 
207.46.13.211 - - [05/Dec/2020:03:07:51 -0800] "GET /robots.txt HTTP/1.1" 200 377 "-" "Mozilla/5.0 (compatible; bingbot/2.0; +http://www.bing.com/bingbot.htm)" 
207.46.13.122 - - [05/Dec/2020:03:08:00 -0800] "GET /self.logs/2015/access.log.2015-07-31.gz HTTP/1.1" 304 280 "-" "Mozilla/5.0 (compatible; bingbot/2.0; +http://www.bing.com/bingbot.htm)" 
52.188.202.111 - - [05/Dec/2020:03:09:13 -0800] "GET /.env HTTP/1.1" 404 328 "-" "Mozilla/5.0 (X11; Linux x86_64) AppleWebKit/537.36 (KHTML, like Gecko) Chrome/81.0.4044.129 Safari/537.36" 
52.188.202.111 - - [05/Dec/2020:03:09:33 -0800] "POST / HTTP/1.1" 200 12882 "-" "Mozilla/5.0 (X11; Linux x86_64) AppleWebKit/537.36 (KHTML, like Gecko) Chrome/81.0.4044.129 Safari/537.36" 
17.58.98.91 - - [05/Dec/2020:03:17:02 -0800] "GET /robots.txt HTTP/1.1" 200 333 "-" "Mozilla/5.0 (Macintosh; Intel Mac OS X 10_15_5) AppleWebKit/605.1.15 (KHTML, like Gecko) Version/13.1.1 Safari/605.1.15 (Applebot/0.1; +http://www.apple.com/go/applebot)" 
17.58.96.142 - - [05/Dec/2020:03:17:02 -0800] "GET /self.logs/error.log.2020-02-20 HTTP/1.1" 200 307 "-" "Mozilla/5.0 (Macintosh; Intel Mac OS X 10_15_5) AppleWebKit/605.1.15 (KHTML, like Gecko) Version/13.1.1 Safari/605.1.15 (Applebot/0.1; +http://www.apple.com/go/applebot)" 
66.249.64.157 - - [05/Dec/2020:03:20:31 -0800] "GET / HTTP/1.1" 200 12881 "-" "Mozilla/5.0 (Linux; Android 6.0.1; Nexus 5X Build/MMB29P) AppleWebKit/537.36 (KHTML, like Gecko) Chrome/86.0.4240.96 Mobile Safari/537.36 (compatible; Googlebot/2.1; +http://www.google.com/bot.html)" 
3.239.172.253 - - [05/Dec/2020:03:24:50 -0800] "GET / HTTP/1.1" 301 475 "-" "python-requests/2.18.1" 
3.239.172.253 - - [05/Dec/2020:03:24:51 -0800] "GET / HTTP/1.1" 200 12881 "-" "python-requests/2.18.1" 
3.239.172.253 - - [05/Dec/2020:03:24:51 -0800] "GET / HTTP/1.1" 200 12881 "-" "python-requests/2.18.1" 
3.239.172.253 - - [05/Dec/2020:03:24:51 -0800] "GET / HTTP/1.1" 200 12881 "-" "python-requests/2.18.1" 
136.185.145.189 - - [05/Dec/2020:03:34:19 -0800] "GET / HTTP/1.1" 200 12881 "-" "Mozilla/5.0 (Windows NT 10.0; Win64; x64) AppleWebKit/537.36 (KHTML, like Gecko) Chrome/87.0.4280.67 Safari/537.36 Edg/87.0.664.47" 
136.185.145.189 - - [05/Dec/2020:03:34:20 -0800] "GET /css/style.css HTTP/1.1" 404 305 "http://www.secrepo.com/" "Mozilla/5.0 (Windows NT 10.0; Win64; x64) AppleWebKit/537.36 (KHTML, like Gecko) Chrome/87.0.4280.67 Safari/537.36 Edg/87.0.664.47" 
136.185.145.189 - - [05/Dec/2020:03:34:20 -0800] "GET /GitHub-Mark.png HTTP/1.1" 200 7556 "http://www.secrepo.com/" "Mozilla/5.0 (Windows NT 10.0; Win64; x64) AppleWebKit/537.36 (KHTML, like Gecko) Chrome/87.0.4280.67 Safari/537.36 Edg/87.0.664.47" 
136.185.145.189 - - [05/Dec/2020:03:34:20 -0800] "GET /twitter-icon.png HTTP/1.1" 200 27916 "http://www.secrepo.com/" "Mozilla/5.0 (Windows NT 10.0; Win64; x64) AppleWebKit/537.36 (KHTML, like Gecko) Chrome/87.0.4280.67 Safari/537.36 Edg/87.0.664.47" 
136.185.145.189 - - [05/Dec/2020:03:34:21 -0800] "GET /bootstrap/img/favicon.ico HTTP/1.1" 200 690 "http://www.secrepo.com/" "Mozilla/5.0 (Windows NT 10.0; Win64; x64) AppleWebKit/537.36 (KHTML, like Gecko) Chrome/87.0.4280.67 Safari/537.36 Edg/87.0.664.47" 
31.221.146.132 - - [05/Dec/2020:03:42:38 -0800] "GET / HTTP/1.1" 200 12881 "-" "Mozilla/5.0 (Macintosh; Intel Mac OS X 10_15_6) AppleWebKit/605.1.15 (KHTML, like Gecko) Version/14.0 Safari/605.1.15" 
31.221.146.132 - - [05/Dec/2020:03:42:38 -0800] "GET /css/style.css HTTP/1.1" 404 305 "http://www.secrepo.com/" "Mozilla/5.0 (Macintosh; Intel Mac OS X 10_15_6) AppleWebKit/605.1.15 (KHTML, like Gecko) Version/14.0 Safari/605.1.15" 
31.221.146.132 - - [05/Dec/2020:03:42:38 -0800] "GET /GitHub-Mark.png HTTP/1.1" 200 7556 "http://www.secrepo.com/" "Mozilla/5.0 (Macintosh; Intel Mac OS X 10_15_6) AppleWebKit/605.1.15 (KHTML, like Gecko) Version/14.0 Safari/605.1.15" 
31.221.146.132 - - [05/Dec/2020:03:42:38 -0800] "GET /twitter-icon.png HTTP/1.1" 200 27916 "http://www.secrepo.com/" "Mozilla/5.0 (Macintosh; Intel Mac OS X 10_15_6) AppleWebKit/605.1.15 (KHTML, like Gecko) Version/14.0 Safari/605.1.15" 
31.221.146.132 - - [05/Dec/2020:03:42:39 -0800] "GET /bootstrap/img/favicon.ico HTTP/1.1" 200 690 "http://www.secrepo.com/" "Mozilla/5.0 (Macintosh; Intel Mac OS X 10_15_6) AppleWebKit/605.1.15 (KHTML, like Gecko) Version/14.0 Safari/605.1.15" 
207.46.13.79 - - [05/Dec/2020:03:44:48 -0800] "GET /self.logs/error.log.2019-03-02.gz HTTP/1.1" 304 280 "-" "Mozilla/5.0 (compatible; bingbot/2.0; +http://www.bing.com/bingbot.htm)" 
124.16.70.9 - - [05/Dec/2020:03:49:11 -0800] "GET / HTTP/1.1" 200 12881 "-" "Mozilla/5.0 (Windows NT 10.0; Win64; x64) AppleWebKit/537.36 (KHTML, like Gecko) Chrome/71.0.3578.98 Safari/537.36" 
124.16.70.9 - - [05/Dec/2020:03:49:12 -0800] "GET /css/style.css HTTP/1.1" 404 305 "http://www.secrepo.com/" "Mozilla/5.0 (Windows NT 10.0; Win64; x64) AppleWebKit/537.36 (KHTML, like Gecko) Chrome/71.0.3578.98 Safari/537.36" 
124.16.70.9 - - [05/Dec/2020:03:49:12 -0800] "GET /twitter-icon.png HTTP/1.1" 200 27916 "http://www.secrepo.com/" "Mozilla/5.0 (Windows NT 10.0; Win64; x64) AppleWebKit/537.36 (KHTML, like Gecko) Chrome/71.0.3578.98 Safari/537.36" 
124.16.70.9 - - [05/Dec/2020:03:49:12 -0800] "GET /GitHub-Mark.png HTTP/1.1" 200 7556 "http://www.secrepo.com/" "Mozilla/5.0 (Windows NT 10.0; Win64; x64) AppleWebKit/537.36 (KHTML, like Gecko) Chrome/71.0.3578.98 Safari/537.36" 
124.16.70.9 - - [05/Dec/2020:03:49:14 -0800] "GET /bootstrap/img/favicon.ico HTTP/1.1" 200 713 "http://www.secrepo.com/" "Mozilla/5.0 (Windows NT 10.0; Win64; x64) AppleWebKit/537.36 (KHTML, like Gecko) Chrome/71.0.3578.98 Safari/537.36" 
157.55.39.127 - - [05/Dec/2020:03:55:28 -0800] "GET /self.logs/error.log.2019-03-16.gz HTTP/1.1" 304 279 "-" "Mozilla/5.0 (compatible; bingbot/2.0; +http://www.bing.com/bingbot.htm)" 
218.77.121.35 - - [05/Dec/2020:03:57:39 -0800] "GET / HTTP/1.1" 200 12844 "http://www.secrepo.com/" "Mozilla/5.0 (Windows NT 10.0; WOW64) AppleWebKit/537.36 (KHTML, like Gecko) Chrome/78.0.3904.108 Safari/537.36" 
52.154.239.43 - - [05/Dec/2020:04:12:42 -0800] "GET / HTTP/1.1" 301 438 "-" "node-fetch/1.0 (+https://github.com/bitinn/node-fetch)" 
52.154.239.43 - - [05/Dec/2020:04:12:42 -0800] "GET / HTTP/1.1" 200 12844 "-" "node-fetch/1.0 (+https://github.com/bitinn/node-fetch)" 
207.46.13.211 - - [05/Dec/2020:04:26:45 -0800] "GET /robots.txt HTTP/1.1" 200 377 "-" "Mozilla/5.0 (compatible; bingbot/2.0; +http://www.bing.com/bingbot.htm)" 
207.46.13.79 - - [05/Dec/2020:04:27:32 -0800] "GET /self.logs/2015/access.log.2015-10-24.gz HTTP/1.1" 304 280 "-" "Mozilla/5.0 (compatible; bingbot/2.0; +http://www.bing.com/bingbot.htm)" 
42.236.10.89 - - [05/Dec/2020:04:36:48 -0800] "GET / HTTP/1.1" 200 12881 "http://www.secrepo.com/" "Mozilla/5.0 (Linux; Android 5.0; SM-G900P Build/LRX21T) AppleWebKit/537.36 (KHTML, like Gecko) Chrome/79.0.3945.130 Mobile Safari/537.36" 
42.236.10.121 - - [05/Dec/2020:04:36:48 -0800] "GET / HTTP/1.1" 200 12881 "http://www.secrepo.com/" "Mozilla/5.0 (Linux; Android 5.0; SM-G900P Build/LRX21T) AppleWebKit/537.36 (KHTML, like Gecko) Chrome/79.0.3945.130 Mobile Safari/537.36" 
123.231.108.19 - - [05/Dec/2020:04:36:59 -0800] "GET /css/style.css HTTP/1.1" 404 328 "http://www.secrepo.com/" "Mozilla/5.0 (Windows NT 10.0; Win64; x64) AppleWebKit/537.36 (KHTML, like Gecko) Chrome/86.0.4240.198 Safari/537.36" 
81.37.27.227 - - [05/Dec/2020:04:41:30 -0800] "GET / HTTP/1.1" 200 12881 "-" "Mozilla/5.0 (Macintosh; Intel Mac OS X 10_15_6) AppleWebKit/605.1.15 (KHTML, like Gecko) Version/14.0.1 Mobile/15E148 Safari/604.1" 
81.37.27.227 - - [05/Dec/2020:04:41:30 -0800] "GET /css/style.css HTTP/1.1" 404 328 "http://www.secrepo.com/" "Mozilla/5.0 (Macintosh; Intel Mac OS X 10_15_6) AppleWebKit/605.1.15 (KHTML, like Gecko) Version/14.0.1 Mobile/15E148 Safari/604.1" 
81.37.27.227 - - [05/Dec/2020:04:41:30 -0800] "GET /twitter-icon.png HTTP/1.1" 200 27893 "http://www.secrepo.com/" "Mozilla/5.0 (Macintosh; Intel Mac OS X 10_15_6) AppleWebKit/605.1.15 (KHTML, like Gecko) Version/14.0.1 Mobile/15E148 Safari/604.1" 
81.37.27.227 - - [05/Dec/2020:04:41:30 -0800] "GET /GitHub-Mark.png HTTP/1.1" 200 7556 "http://www.secrepo.com/" "Mozilla/5.0 (Macintosh; Intel Mac OS X 10_15_6) AppleWebKit/605.1.15 (KHTML, like Gecko) Version/14.0.1 Mobile/15E148 Safari/604.1" 
18.162.103.100 - - [05/Dec/2020:04:50:24 -0800] "GET / HTTP/1.1" 200 12881 "-" "Mozilla/5.0 (Macintosh; Intel Mac OS X 11_0_1) AppleWebKit/537.36 (KHTML, like Gecko) Chrome/87.0.4280.67 Safari/537.36" 
18.162.103.100 - - [05/Dec/2020:04:50:24 -0800] "GET /twitter-icon.png HTTP/1.1" 206 450 "http://www.secrepo.com/" "Mozilla/5.0 (Macintosh; Intel Mac OS X 11_0_1) AppleWebKit/537.36 (KHTML, like Gecko) Chrome/87.0.4280.67 Safari/537.36" 
18.162.103.100 - - [05/Dec/2020:04:50:24 -0800] "GET /css/style.css HTTP/1.1" 404 305 "http://www.secrepo.com/" "Mozilla/5.0 (Macintosh; Intel Mac OS X 11_0_1) AppleWebKit/537.36 (KHTML, like Gecko) Chrome/87.0.4280.67 Safari/537.36" 
18.162.103.100 - - [05/Dec/2020:04:50:25 -0800] "GET /twitter-icon.png HTTP/1.1" 206 13826 "http://www.secrepo.com/" "Mozilla/5.0 (Macintosh; Intel Mac OS X 11_0_1) AppleWebKit/537.36 (KHTML, like Gecko) Chrome/87.0.4280.67 Safari/537.36" 
18.162.103.100 - - [05/Dec/2020:04:50:26 -0800] "GET /bootstrap/img/favicon.ico HTTP/1.1" 200 690 "http://www.secrepo.com/" "Mozilla/5.0 (Macintosh; Intel Mac OS X 11_0_1) AppleWebKit/537.36 (KHTML, like Gecko) Chrome/87.0.4280.67 Safari/537.36" 
207.46.13.122 - - [05/Dec/2020:04:50:51 -0800] "GET /self.logs/error.log.2018-04-04.gz HTTP/1.1" 301 541 "-" "Mozilla/5.0 (compatible; bingbot/2.0; +http://www.bing.com/bingbot.htm)" 
54.144.239.128 - - [05/Dec/2020:04:51:12 -0800] "GET / HTTP/1.1" 200 48020 "-" "Mozilla/5.0 (Windows NT 6.1; Win64; x64) AppleWebKit/537.36 (KHTML, like Gecko) Chrome/72.0.3626.109 Safari/537.36" 
34.228.218.213 - - [05/Dec/2020:04:51:34 -0800] "GET /bootstrap/img/favicon.ico HTTP/1.1" 200 669 "-" "Mozilla/5.0 (Windows NT 6.1; Win64; x64) AppleWebKit/537.36 (KHTML, like Gecko) Chrome/72.0.3626.109 Safari/537.36" 
54.145.111.81 - - [05/Dec/2020:04:53:08 -0800] "GET /bootstrap/img/favicon.ico HTTP/1.1" 200 669 "-" "Mozilla/5.0 (Windows NT 6.1; Win64; x64) AppleWebKit/537.36 (KHTML, like Gecko) Chrome/72.0.3626.109 Safari/537.36" 
54.162.204.10 - - [05/Dec/2020:04:53:17 -0800] "GET / HTTP/1.1" 200 48020 "-" "Mozilla/5.0 (Windows NT 6.1; Win64; x64) AppleWebKit/537.36 (KHTML, like Gecko) Chrome/72.0.3626.109 Safari/537.36" 
34.228.218.213 - - [05/Dec/2020:04:53:20 -0800] "GET / HTTP/1.1" 200 48020 "-" "Mozilla/5.0 (Windows NT 6.1; Win64; x64) AppleWebKit/537.36 (KHTML, like Gecko) Chrome/72.0.3626.109 Safari/537.36" 
123.231.108.19 - - [05/Dec/2020:04:53:34 -0800] "GET /css/style.css HTTP/1.1" 404 328 "http://www.secrepo.com/" "Mozilla/5.0 (Windows NT 10.0; Win64; x64) AppleWebKit/537.36 (KHTML, like Gecko) Chrome/86.0.4240.198 Safari/537.36" 
171.224.180.216 - - [05/Dec/2020:04:54:29 -0800] "GET /honeypot/Honeypot%20-%20Howto.pdf HTTP/1.1" 200 1279529 "http://www.secrepo.com/" "Mozilla/5.0 (Macintosh; Intel Mac OS X 10_13_5) AppleWebKit/537.36 (KHTML, like Gecko) Chrome/66.0.3359.181 Safari/537.36" 
117.20.71.208 - - [05/Dec/2020:04:56:12 -0800] "GET / HTTP/1.1" 200 12881 "-" "Mozilla/5.0 (iPhone; CPU iPhone OS 14_2 like Mac OS X) AppleWebKit/605.1.15 (KHTML, like Gecko) Version/14.0.1 Mobile/15E148 Safari/604.1" 
117.20.71.208 - - [05/Dec/2020:04:56:12 -0800] "GET /css/style.css HTTP/1.1" 404 328 "http://www.secrepo.com/" "Mozilla/5.0 (iPhone; CPU iPhone OS 14_2 like Mac OS X) AppleWebKit/605.1.15 (KHTML, like Gecko) Version/14.0.1 Mobile/15E148 Safari/604.1" 
117.20.71.208 - - [05/Dec/2020:04:56:12 -0800] "GET /twitter-icon.png HTTP/1.1" 200 27893 "http://www.secrepo.com/" "Mozilla/5.0 (iPhone; CPU iPhone OS 14_2 like Mac OS X) AppleWebKit/605.1.15 (KHTML, like Gecko) Version/14.0.1 Mobile/15E148 Safari/604.1" 
117.20.71.208 - - [05/Dec/2020:04:56:12 -0800] "GET /GitHub-Mark.png HTTP/1.1" 200 7556 "http://www.secrepo.com/" "Mozilla/5.0 (iPhone; CPU iPhone OS 14_2 like Mac OS X) AppleWebKit/605.1.15 (KHTML, like Gecko) Version/14.0.1 Mobile/15E148 Safari/604.1" 
58.251.121.185 - - [05/Dec/2020:04:59:26 -0800] "GET /3 HTTP/1.1" 404 291 "-" "Mozilla/5.0 (iPhone; CPU iPhone OS 9_3_4 like Mac OS X) AppleWebKit/601.1.46 (KHTML, like Gecko) Mobile/13G35 QQ/6.5.3.410 V1_IPH_SQ_6.5.3_1_APP_A Pixel/750 Core/UIWebView NetType/2G Mem/117" 
35.160.247.74 - - [05/Dec/2020:05:01:56 -0800] "GET / HTTP/1.1" 200 48020 "-" "Mozilla/5.0 (Windows NT 6.1; Win64; x64) AppleWebKit/537.36 (KHTML, like Gecko) Chrome/72.0.3626.109 Safari/537.36" 
18.236.141.169 - - [05/Dec/2020:05:02:24 -0800] "GET /bootstrap/img/favicon.ico HTTP/1.1" 200 669 "-" "Mozilla/5.0 (Windows NT 6.1; Win64; x64) AppleWebKit/537.36 (KHTML, like Gecko) Chrome/72.0.3626.109 Safari/537.36" 
83.28.212.187 - - [05/Dec/2020:05:15:00 -0800] "GET /bootstrap/img/favicon.ico HTTP/1.1" 304 263 "-" "Mozilla/5.0 (X11; Linux x86_64) AppleWebKit/537.36 (KHTML, like Gecko) Chrome/87.0.4280.88 Safari/537.36" 
123.231.108.19 - - [05/Dec/2020:05:27:43 -0800] "GET /css/style.css HTTP/1.1" 404 328 "http://www.secrepo.com/" "Mozilla/5.0 (Windows NT 10.0; Win64; x64) AppleWebKit/537.36 (KHTML, like Gecko) Chrome/86.0.4240.198 Safari/537.36" 
43.224.156.146 - - [05/Dec/2020:05:46:53 -0800] "GET / HTTP/1.1" 200 12883 "-" "Mozilla/5.0 (Windows NT 10.0; WOW64) AppleWebKit/537.36 (KHTML, like Gecko) Chrome/86.0.4240.198 Safari/537.36" 
43.224.156.146 - - [05/Dec/2020:05:46:53 -0800] "GET /css/style.css HTTP/1.1" 404 305 "http://www.secrepo.com/" "Mozilla/5.0 (Windows NT 10.0; WOW64) AppleWebKit/537.36 (KHTML, like Gecko) Chrome/86.0.4240.198 Safari/537.36" 
43.224.156.146 - - [05/Dec/2020:05:46:53 -0800] "GET /twitter-icon.png HTTP/1.1" 200 27893 "http://www.secrepo.com/" "Mozilla/5.0 (Windows NT 10.0; WOW64) AppleWebKit/537.36 (KHTML, like Gecko) Chrome/86.0.4240.198 Safari/537.36" 
43.224.156.146 - - [05/Dec/2020:05:46:54 -0800] "GET /GitHub-Mark.png HTTP/1.1" 200 7556 "http://www.secrepo.com/" "Mozilla/5.0 (Windows NT 10.0; WOW64) AppleWebKit/537.36 (KHTML, like Gecko) Chrome/86.0.4240.198 Safari/537.36" 
43.224.156.146 - - [05/Dec/2020:05:46:55 -0800] "GET /bootstrap/img/favicon.ico HTTP/1.1" 200 690 "http://www.secrepo.com/" "Mozilla/5.0 (Windows NT 10.0; WOW64) AppleWebKit/537.36 (KHTML, like Gecko) Chrome/86.0.4240.198 Safari/537.36" 
123.231.108.19 - - [05/Dec/2020:05:50:58 -0800] "GET /css/style.css HTTP/1.1" 404 328 "http://www.secrepo.com/" "Mozilla/5.0 (Windows NT 10.0; Win64; x64) AppleWebKit/537.36 (KHTML, like Gecko) Chrome/86.0.4240.198 Safari/537.36" 
123.231.108.19 - - [05/Dec/2020:05:56:57 -0800] "GET /css/style.css HTTP/1.1" 404 328 "http://www.secrepo.com/" "Mozilla/5.0 (Windows NT 10.0; Win64; x64) AppleWebKit/537.36 (KHTML, like Gecko) Chrome/86.0.4240.198 Safari/537.36" 
40.77.167.26 - - [05/Dec/2020:06:09:40 -0800] "GET /self.logs/access.log.2017-09-06.gz HTTP/1.1" 200 25851 "-" "Mozilla/5.0 (compatible; bingbot/2.0; +http://www.bing.com/bingbot.htm)" 
125.70.254.70 - - [05/Dec/2020:06:13:27 -0800] "GET / HTTP/1.1" 200 12881 "-" "Mozilla/5.0 (Windows NT 10.0; Win64; x64; rv:83.0) Gecko/20100101 Firefox/83.0" 
125.70.254.70 - - [05/Dec/2020:06:13:28 -0800] "GET /css/style.css HTTP/1.1" 404 328 "http://www.secrepo.com/" "Mozilla/5.0 (Windows NT 10.0; Win64; x64; rv:83.0) Gecko/20100101 Firefox/83.0" 
125.70.254.70 - - [05/Dec/2020:06:13:31 -0800] "GET /twitter-icon.png HTTP/1.1" 200 27916 "http://www.secrepo.com/" "Mozilla/5.0 (Windows NT 10.0; Win64; x64; rv:83.0) Gecko/20100101 Firefox/83.0" 
125.70.254.70 - - [05/Dec/2020:06:13:31 -0800] "GET /GitHub-Mark.png HTTP/1.1" 200 7556 "http://www.secrepo.com/" "Mozilla/5.0 (Windows NT 10.0; Win64; x64; rv:83.0) Gecko/20100101 Firefox/83.0" 
125.70.254.70 - - [05/Dec/2020:06:13:33 -0800] "GET /bootstrap/img/favicon.ico HTTP/1.1" 200 713 "http://www.secrepo.com/" "Mozilla/5.0 (Windows NT 10.0; Win64; x64; rv:83.0) Gecko/20100101 Firefox/83.0" 
40.77.167.26 - - [05/Dec/2020:06:15:28 -0800] "GET /self.logs/2015/access.log.2015-07-02.gz HTTP/1.1" 304 279 "-" "Mozilla/5.0 (compatible; bingbot/2.0; +http://www.bing.com/bingbot.htm)" 
116.179.32.20 - - [05/Dec/2020:06:27:35 -0800] "GET / HTTP/1.1" 200 12844 "-" "Mozilla/5.0 (Linux;u;Android 4.2.2;zh-cn;) AppleWebKit/534.46 (KHTML,like Gecko) Version/5.1 Mobile Safari/10600.6.3 (compatible; Baiduspider/2.0; +http://www.baidu.com/search/spider.html)" 
123.183.224.88 - - [05/Dec/2020:06:33:34 -0800] "GET / HTTP/1.1" 301 438 "-" "Sogou web spider/4.0(+http://www.sogou.com/docs/help/webmasters.htm#07)" 
123.183.224.86 - - [05/Dec/2020:06:33:36 -0800] "GET / HTTP/1.1" 200 12844 "-" "Sogou web spider/4.0(+http://www.sogou.com/docs/help/webmasters.htm#07)" 
123.183.224.117 - - [05/Dec/2020:06:41:24 -0800] "GET / HTTP/1.1" 301 438 "-" "Sogou web spider/4.0(+http://www.sogou.com/docs/help/webmasters.htm#07)" 
123.183.224.117 - - [05/Dec/2020:06:42:28 -0800] "GET / HTTP/1.1" 200 12844 "-" "Sogou web spider/4.0(+http://www.sogou.com/docs/help/webmasters.htm#07)" 
40.77.167.26 - - [05/Dec/2020:06:48:08 -0800] "GET /self.logs/access.log.2018-01-23.gz HTTP/1.1" 200 31900 "-" "Mozilla/5.0 (compatible; bingbot/2.0; +http://www.bing.com/bingbot.htm)" 
123.231.108.19 - - [05/Dec/2020:06:57:22 -0800] "GET /css/style.css HTTP/1.1" 404 328 "http://www.secrepo.com/" "Mozilla/5.0 (Windows NT 10.0; Win64; x64) AppleWebKit/537.36 (KHTML, like Gecko) Chrome/86.0.4240.198 Safari/537.36" 
111.202.101.151 - - [05/Dec/2020:07:01:42 -0800] "GET / HTTP/1.1" 200 12844 "-" "Sogou web spider/4.0(+http://www.sogou.com/docs/help/webmasters.htm#07)" 
35.226.117.128 - - [05/Dec/2020:07:05:49 -0800] "GET /robots.txt HTTP/1.1" 200 377 "-" "Mozilla/5.0 (compatible; Monsidobot/2.2; +http://monsido.com/bot.html; info@monsido.com)" 
35.226.117.128 - - [05/Dec/2020:07:05:51 -0800] "HEAD / HTTP/1.1" 200 396 "https://www.csee.umbc.edu/courses/pub/www/undergraduate/courses/CMSC491malware/" "Mozilla/5.0 (compatible; Monsidobot/2.2; +http://monsido.com/bot.html; info@monsido.com)" 
123.231.108.19 - - [05/Dec/2020:07:07:10 -0800] "GET /css/style.css HTTP/1.1" 404 328 "http://www.secrepo.com/" "Mozilla/5.0 (Windows NT 10.0; Win64; x64) AppleWebKit/537.36 (KHTML, like Gecko) Chrome/86.0.4240.198 Safari/537.36" 
207.46.13.79 - - [05/Dec/2020:07:23:14 -0800] "GET /honeypot/Honeypot%20-%20Howto.pdf HTTP/1.1" 304 266 "-" "Mozilla/5.0 (compatible; bingbot/2.0; +http://www.bing.com/bingbot.htm)" 
103.131.71.200 - - [05/Dec/2020:07:25:33 -0800] "GET /robots.txt HTTP/1.1" 301 458 "-" "Mozilla/5.0 (compatible; coccocbot-image/1.0; +http://help.coccoc.com/searchengine)" 
103.131.71.200 - - [05/Dec/2020:07:25:35 -0800] "GET /robots.txt HTTP/1.1" 200 340 "-" "Mozilla/5.0 (compatible; coccocbot-image/1.0; +http://help.coccoc.com/searchengine)" 
167.172.233.146 - - [05/Dec/2020:07:27:42 -0800] "GET / HTTP/1.1" 301 475 "-" "Mozilla/5.0 (Windows NT 10.0; Win64; x64) AppleWebKit/537.36 (KHTML, like Gecko) Chrome/79.0 Safari/537.36" 
167.172.233.146 - - [05/Dec/2020:07:27:43 -0800] "GET / HTTP/1.1" 200 48064 "-" "Mozilla/5.0 (Windows NT 10.0; Win64; x64) AppleWebKit/537.36 (KHTML, like Gecko) Chrome/79.0 Safari/537.36" 
167.172.233.146 - - [05/Dec/2020:07:27:43 -0800] "GET //wp-includes/wlwmanifest.xml HTTP/1.1" 404 305 "-" "Mozilla/5.0 (Windows NT 10.0; Win64; x64) AppleWebKit/537.36 (KHTML, like Gecko) Chrome/79.0 Safari/537.36" 
167.172.233.146 - - [05/Dec/2020:07:27:43 -0800] "GET //xmlrpc.php?rsd HTTP/1.1" 404 305 "-" "Mozilla/5.0 (Windows NT 10.0; Win64; x64) AppleWebKit/537.36 (KHTML, like Gecko) Chrome/79.0 Safari/537.36" 
167.172.233.146 - - [05/Dec/2020:07:27:43 -0800] "GET / HTTP/1.1" 200 48041 "-" "Mozilla/5.0 (Windows NT 10.0; Win64; x64) AppleWebKit/537.36 (KHTML, like Gecko) Chrome/79.0 Safari/537.36" 
167.172.233.146 - - [05/Dec/2020:07:27:43 -0800] "GET //blog/wp-includes/wlwmanifest.xml HTTP/1.1" 404 305 "-" "Mozilla/5.0 (Windows NT 10.0; Win64; x64) AppleWebKit/537.36 (KHTML, like Gecko) Chrome/79.0 Safari/537.36" 
167.172.233.146 - - [05/Dec/2020:07:27:43 -0800] "GET //web/wp-includes/wlwmanifest.xml HTTP/1.1" 404 305 "-" "Mozilla/5.0 (Windows NT 10.0; Win64; x64) AppleWebKit/537.36 (KHTML, like Gecko) Chrome/79.0 Safari/537.36" 
167.172.233.146 - - [05/Dec/2020:07:27:43 -0800] "GET //wordpress/wp-includes/wlwmanifest.xml HTTP/1.1" 404 305 "-" "Mozilla/5.0 (Windows NT 10.0; Win64; x64) AppleWebKit/537.36 (KHTML, like Gecko) Chrome/79.0 Safari/537.36" 
167.172.233.146 - - [05/Dec/2020:07:27:43 -0800] "GET //website/wp-includes/wlwmanifest.xml HTTP/1.1" 404 305 "-" "Mozilla/5.0 (Windows NT 10.0; Win64; x64) AppleWebKit/537.36 (KHTML, like Gecko) Chrome/79.0 Safari/537.36" 
167.172.233.146 - - [05/Dec/2020:07:27:43 -0800] "GET //wp/wp-includes/wlwmanifest.xml HTTP/1.1" 404 305 "-" "Mozilla/5.0 (Windows NT 10.0; Win64; x64) AppleWebKit/537.36 (KHTML, like Gecko) Chrome/79.0 Safari/537.36" 
167.172.233.146 - - [05/Dec/2020:07:27:43 -0800] "GET //news/wp-includes/wlwmanifest.xml HTTP/1.1" 404 305 "-" "Mozilla/5.0 (Windows NT 10.0; Win64; x64) AppleWebKit/537.36 (KHTML, like Gecko) Chrome/79.0 Safari/537.36" 
167.172.233.146 - - [05/Dec/2020:07:27:43 -0800] "GET //wp1/wp-includes/wlwmanifest.xml HTTP/1.1" 404 305 "-" "Mozilla/5.0 (Windows NT 10.0; Win64; x64) AppleWebKit/537.36 (KHTML, like Gecko) Chrome/79.0 Safari/537.36" 
167.172.233.146 - - [05/Dec/2020:07:27:43 -0800] "GET //test/wp-includes/wlwmanifest.xml HTTP/1.1" 404 305 "-" "Mozilla/5.0 (Windows NT 10.0; Win64; x64) AppleWebKit/537.36 (KHTML, like Gecko) Chrome/79.0 Safari/537.36" 
167.172.233.146 - - [05/Dec/2020:07:27:43 -0800] "GET //wp2/wp-includes/wlwmanifest.xml HTTP/1.1" 404 305 "-" "Mozilla/5.0 (Windows NT 10.0; Win64; x64) AppleWebKit/537.36 (KHTML, like Gecko) Chrome/79.0 Safari/537.36" 
167.172.233.146 - - [05/Dec/2020:07:27:43 -0800] "GET //site/wp-includes/wlwmanifest.xml HTTP/1.1" 404 305 "-" "Mozilla/5.0 (Windows NT 10.0; Win64; x64) AppleWebKit/537.36 (KHTML, like Gecko) Chrome/79.0 Safari/537.36" 
167.172.233.146 - - [05/Dec/2020:07:27:43 -0800] "GET //cms/wp-includes/wlwmanifest.xml HTTP/1.1" 404 305 "-" "Mozilla/5.0 (Windows NT 10.0; Win64; x64) AppleWebKit/537.36 (KHTML, like Gecko) Chrome/79.0 Safari/537.36" 
167.172.233.146 - - [05/Dec/2020:07:27:43 -0800] "GET //sito/wp-includes/wlwmanifest.xml HTTP/1.1" 404 305 "-" "Mozilla/5.0 (Windows NT 10.0; Win64; x64) AppleWebKit/537.36 (KHTML, like Gecko) Chrome/79.0 Safari/537.36" 
123.231.108.19 - - [05/Dec/2020:07:33:44 -0800] "GET /css/style.css HTTP/1.1" 404 328 "http://www.secrepo.com/" "Mozilla/5.0 (Windows NT 10.0; Win64; x64) AppleWebKit/537.36 (KHTML, like Gecko) Chrome/86.0.4240.198 Safari/537.36" 
157.55.39.245 - - [05/Dec/2020:07:37:47 -0800] "GET /self.logs/access.log.2020-03-14.gz HTTP/1.1" 304 280 "-" "Mozilla/5.0 (compatible; bingbot/2.0; +http://www.bing.com/bingbot.htm)" 
202.86.182.195 - - [05/Dec/2020:07:39:42 -0800] "GET /honeypot/honeypot.json.zip HTTP/1.1" 200 23086087 "-" "Mozilla/5.0 (Windows NT 10.0; Win64; x64) AppleWebKit/537.36 (KHTML, like Gecko) Chrome/87.0.4280.67 Safari/537.36 Edg/87.0.664.52" 
202.86.182.195 - - [05/Dec/2020:07:41:39 -0800] "GET /misc/zeus_dga_domains.txt.zip HTTP/1.1" 200 592381 "-" "Mozilla/5.0 (Windows NT 10.0; Win64; x64) AppleWebKit/537.36 (KHTML, like Gecko) Chrome/87.0.4280.67 Safari/537.36 Edg/87.0.664.52" 
157.55.39.148 - - [05/Dec/2020:07:47:42 -0800] "GET /self.logs/access.log.2018-03-05.gz HTTP/1.1" 200 21267 "-" "Mozilla/5.0 (compatible; bingbot/2.0; +http://www.bing.com/bingbot.htm)" 
119.123.42.192 - - [05/Dec/2020:07:52:26 -0800] "GET /favicon.ico HTTP/1.1" 200 391 "-" "Mozilla/5.0 (Windows NT 10.0; WOW64) AppleWebKit/537.36 (KHTML, like Gecko) Chrome/70.0.3538.25 Safari/537.36 Core/1.70.3775.400 QQBrowser/10.6.4209.400" 
167.172.233.146 - - [05/Dec/2020:08:16:22 -0800] "GET / HTTP/1.1" 301 475 "-" "Mozilla/5.0 (Windows NT 6.3; Win64; x64) AppleWebKit/537.36 (KHTML, like Gecko) Chrome/73.0.3683.86 Safari/537.36" 
167.172.233.146 - - [05/Dec/2020:08:16:22 -0800] "GET //wp-includes/wlwmanifest.xml HTTP/1.1" 404 328 "-" "Mozilla/5.0 (Windows NT 6.3; Win64; x64) AppleWebKit/537.36 (KHTML, like Gecko) Chrome/73.0.3683.86 Safari/537.36" 
167.172.233.146 - - [05/Dec/2020:08:16:22 -0800] "GET //xmlrpc.php?rsd HTTP/1.1" 404 305 "-" "Mozilla/5.0 (Windows NT 6.3; Win64; x64) AppleWebKit/537.36 (KHTML, like Gecko) Chrome/73.0.3683.86 Safari/537.36" 
167.172.233.146 - - [05/Dec/2020:08:16:22 -0800] "GET / HTTP/1.1" 200 48041 "-" "Mozilla/5.0 (Windows NT 6.3; Win64; x64) AppleWebKit/537.36 (KHTML, like Gecko) Chrome/73.0.3683.86 Safari/537.36" 
167.172.233.146 - - [05/Dec/2020:08:16:22 -0800] "GET //blog/wp-includes/wlwmanifest.xml HTTP/1.1" 404 305 "-" "Mozilla/5.0 (Windows NT 6.3; Win64; x64) AppleWebKit/537.36 (KHTML, like Gecko) Chrome/73.0.3683.86 Safari/537.36" 
167.172.233.146 - - [05/Dec/2020:08:16:22 -0800] "GET //web/wp-includes/wlwmanifest.xml HTTP/1.1" 404 305 "-" "Mozilla/5.0 (Windows NT 6.3; Win64; x64) AppleWebKit/537.36 (KHTML, like Gecko) Chrome/73.0.3683.86 Safari/537.36" 
167.172.233.146 - - [05/Dec/2020:08:16:22 -0800] "GET //wordpress/wp-includes/wlwmanifest.xml HTTP/1.1" 404 305 "-" "Mozilla/5.0 (Windows NT 6.3; Win64; x64) AppleWebKit/537.36 (KHTML, like Gecko) Chrome/73.0.3683.86 Safari/537.36" 
167.172.233.146 - - [05/Dec/2020:08:16:22 -0800] "GET //website/wp-includes/wlwmanifest.xml HTTP/1.1" 404 305 "-" "Mozilla/5.0 (Windows NT 6.3; Win64; x64) AppleWebKit/537.36 (KHTML, like Gecko) Chrome/73.0.3683.86 Safari/537.36" 
167.172.233.146 - - [05/Dec/2020:08:16:22 -0800] "GET //wp/wp-includes/wlwmanifest.xml HTTP/1.1" 404 305 "-" "Mozilla/5.0 (Windows NT 6.3; Win64; x64) AppleWebKit/537.36 (KHTML, like Gecko) Chrome/73.0.3683.86 Safari/537.36" 
167.172.233.146 - - [05/Dec/2020:08:16:22 -0800] "GET //news/wp-includes/wlwmanifest.xml HTTP/1.1" 404 305 "-" "Mozilla/5.0 (Windows NT 6.3; Win64; x64) AppleWebKit/537.36 (KHTML, like Gecko) Chrome/73.0.3683.86 Safari/537.36" 
167.172.233.146 - - [05/Dec/2020:08:16:22 -0800] "GET //2015/wp-includes/wlwmanifest.xml HTTP/1.1" 404 305 "-" "Mozilla/5.0 (Windows NT 6.3; Win64; x64) AppleWebKit/537.36 (KHTML, like Gecko) Chrome/73.0.3683.86 Safari/537.36" 
167.172.233.146 - - [05/Dec/2020:08:16:22 -0800] "GET //2016/wp-includes/wlwmanifest.xml HTTP/1.1" 404 305 "-" "Mozilla/5.0 (Windows NT 6.3; Win64; x64) AppleWebKit/537.36 (KHTML, like Gecko) Chrome/73.0.3683.86 Safari/537.36" 
167.172.233.146 - - [05/Dec/2020:08:16:22 -0800] "GET //2017/wp-includes/wlwmanifest.xml HTTP/1.1" 404 305 "-" "Mozilla/5.0 (Windows NT 6.3; Win64; x64) AppleWebKit/537.36 (KHTML, like Gecko) Chrome/73.0.3683.86 Safari/537.36" 
167.172.233.146 - - [05/Dec/2020:08:16:22 -0800] "GET //2018/wp-includes/wlwmanifest.xml HTTP/1.1" 404 305 "-" "Mozilla/5.0 (Windows NT 6.3; Win64; x64) AppleWebKit/537.36 (KHTML, like Gecko) Chrome/73.0.3683.86 Safari/537.36" 
167.172.233.146 - - [05/Dec/2020:08:16:22 -0800] "GET //shop/wp-includes/wlwmanifest.xml HTTP/1.1" 404 305 "-" "Mozilla/5.0 (Windows NT 6.3; Win64; x64) AppleWebKit/537.36 (KHTML, like Gecko) Chrome/73.0.3683.86 Safari/537.36" 
167.172.233.146 - - [05/Dec/2020:08:16:22 -0800] "GET //wp1/wp-includes/wlwmanifest.xml HTTP/1.1" 404 305 "-" "Mozilla/5.0 (Windows NT 6.3; Win64; x64) AppleWebKit/537.36 (KHTML, like Gecko) Chrome/73.0.3683.86 Safari/537.36" 
167.172.233.146 - - [05/Dec/2020:08:16:22 -0800] "GET //test/wp-includes/wlwmanifest.xml HTTP/1.1" 404 305 "-" "Mozilla/5.0 (Windows NT 6.3; Win64; x64) AppleWebKit/537.36 (KHTML, like Gecko) Chrome/73.0.3683.86 Safari/537.36" 
167.172.233.146 - - [05/Dec/2020:08:16:22 -0800] "GET //media/wp-includes/wlwmanifest.xml HTTP/1.1" 404 305 "-" "Mozilla/5.0 (Windows NT 6.3; Win64; x64) AppleWebKit/537.36 (KHTML, like Gecko) Chrome/73.0.3683.86 Safari/537.36" 
167.172.233.146 - - [05/Dec/2020:08:16:22 -0800] "GET //wp2/wp-includes/wlwmanifest.xml HTTP/1.1" 404 305 "-" "Mozilla/5.0 (Windows NT 6.3; Win64; x64) AppleWebKit/537.36 (KHTML, like Gecko) Chrome/73.0.3683.86 Safari/537.36" 
167.172.233.146 - - [05/Dec/2020:08:16:22 -0800] "GET //site/wp-includes/wlwmanifest.xml HTTP/1.1" 404 305 "-" "Mozilla/5.0 (Windows NT 6.3; Win64; x64) AppleWebKit/537.36 (KHTML, like Gecko) Chrome/73.0.3683.86 Safari/537.36" 
167.172.233.146 - - [05/Dec/2020:08:16:22 -0800] "GET //cms/wp-includes/wlwmanifest.xml HTTP/1.1" 404 305 "-" "Mozilla/5.0 (Windows NT 6.3; Win64; x64) AppleWebKit/537.36 (KHTML, like Gecko) Chrome/73.0.3683.86 Safari/537.36" 
167.172.233.146 - - [05/Dec/2020:08:16:22 -0800] "GET //sito/wp-includes/wlwmanifest.xml HTTP/1.1" 404 305 "-" "Mozilla/5.0 (Windows NT 6.3; Win64; x64) AppleWebKit/537.36 (KHTML, like Gecko) Chrome/73.0.3683.86 Safari/537.36" 
13.66.139.13 - - [05/Dec/2020:08:16:37 -0800] "GET /self.logs/ HTTP/1.1" 200 26256 "-" "Mozilla/5.0 (compatible; bingbot/2.0; +http://www.bing.com/bingbot.htm)" 
123.231.108.19 - - [05/Dec/2020:08:22:34 -0800] "GET /css/style.css HTTP/1.1" 404 328 "http://www.secrepo.com/" "Mozilla/5.0 (Windows NT 10.0; Win64; x64) AppleWebKit/537.36 (KHTML, like Gecko) Chrome/86.0.4240.198 Safari/537.36" 
157.55.39.245 - - [05/Dec/2020:08:24:12 -0800] "GET /self.logs/error.log.2017-07-26.gz HTTP/1.1" 200 1048 "-" "Mozilla/5.0 (compatible; bingbot/2.0; +http://www.bing.com/bingbot.htm)" 
117.177.204.66 - - [05/Dec/2020:08:24:13 -0800] "GET /favicon.ico HTTP/1.1" 200 391 "-" "Mozilla/5.0 (Windows NT 10.0; WOW64) AppleWebKit/537.36 (KHTML, like Gecko) Chrome/78.0.3904.108 Safari/537.36" 
23.89.176.225 - - [05/Dec/2020:08:27:49 -0800] "GET /honeypot/Honeypot%20-%20Howto.pdf HTTP/1.1" 200 1279529 "http://www.secrepo.com/" "Mozilla/5.0 (Macintosh; Intel Mac OS X 10_13_5) AppleWebKit/537.36 (KHTML, like Gecko) Chrome/67.0.3396.62 Safari/537.36" 
13.66.139.34 - - [05/Dec/2020:08:28:41 -0800] "GET /Datasets%20Description/Network/smtp.html HTTP/1.1" 200 1637 "-" "Mozilla/5.0 (compatible; bingbot/2.0; +http://www.bing.com/bingbot.htm)" 
81.37.27.227 - - [05/Dec/2020:08:30:49 -0800] "GET / HTTP/1.1" 200 12882 "-" "Mozilla/5.0 (Macintosh; Intel Mac OS X 10_15_6) AppleWebKit/605.1.15 (KHTML, like Gecko) Version/14.0.1 Mobile/15E148 Safari/604.1" 
81.37.27.227 - - [05/Dec/2020:08:30:49 -0800] "GET /css/style.css HTTP/1.1" 404 328 "http://www.secrepo.com/" "Mozilla/5.0 (Macintosh; Intel Mac OS X 10_15_6) AppleWebKit/605.1.15 (KHTML, like Gecko) Version/14.0.1 Mobile/15E148 Safari/604.1" 
81.37.27.227 - - [05/Dec/2020:08:30:49 -0800] "GET /twitter-icon.png HTTP/1.1" 200 27893 "http://www.secrepo.com/" "Mozilla/5.0 (Macintosh; Intel Mac OS X 10_15_6) AppleWebKit/605.1.15 (KHTML, like Gecko) Version/14.0.1 Mobile/15E148 Safari/604.1" 
81.37.27.227 - - [05/Dec/2020:08:30:49 -0800] "GET /GitHub-Mark.png HTTP/1.1" 200 7556 "http://www.secrepo.com/" "Mozilla/5.0 (Macintosh; Intel Mac OS X 10_15_6) AppleWebKit/605.1.15 (KHTML, like Gecko) Version/14.0.1 Mobile/15E148 Safari/604.1" 
81.37.27.227 - - [05/Dec/2020:08:30:49 -0800] "GET / HTTP/1.1" 200 12882 "-" "Mozilla/5.0 (Macintosh; Intel Mac OS X 10_15_6) AppleWebKit/605.1.15 (KHTML, like Gecko) Version/14.0.1 Mobile/15E148 Safari/604.1" 
81.37.27.227 - - [05/Dec/2020:08:30:50 -0800] "GET /css/style.css HTTP/1.1" 404 328 "http://www.secrepo.com/" "Mozilla/5.0 (Macintosh; Intel Mac OS X 10_15_6) AppleWebKit/605.1.15 (KHTML, like Gecko) Version/14.0.1 Mobile/15E148 Safari/604.1" 
81.37.27.227 - - [05/Dec/2020:08:30:50 -0800] "GET /twitter-icon.png HTTP/1.1" 200 27893 "http://www.secrepo.com/" "Mozilla/5.0 (Macintosh; Intel Mac OS X 10_15_6) AppleWebKit/605.1.15 (KHTML, like Gecko) Version/14.0.1 Mobile/15E148 Safari/604.1" 
81.37.27.227 - - [05/Dec/2020:08:30:50 -0800] "GET /GitHub-Mark.png HTTP/1.1" 200 7556 "http://www.secrepo.com/" "Mozilla/5.0 (Macintosh; Intel Mac OS X 10_15_6) AppleWebKit/605.1.15 (KHTML, like Gecko) Version/14.0.1 Mobile/15E148 Safari/604.1" 
176.28.230.102 - - [05/Dec/2020:08:34:49 -0800] "GET / HTTP/1.1" 200 12882 "-" "Mozilla/5.0 (Windows NT 10.0; Win64; x64; rv:83.0) Gecko/20100101 Firefox/83.0" 
176.28.230.102 - - [05/Dec/2020:08:34:49 -0800] "GET /css/style.css HTTP/1.1" 404 328 "http://www.secrepo.com/" "Mozilla/5.0 (Windows NT 10.0; Win64; x64; rv:83.0) Gecko/20100101 Firefox/83.0" 
176.28.230.102 - - [05/Dec/2020:08:34:50 -0800] "GET /twitter-icon.png HTTP/1.1" 200 27893 "http://www.secrepo.com/" "Mozilla/5.0 (Windows NT 10.0; Win64; x64; rv:83.0) Gecko/20100101 Firefox/83.0" 
176.28.230.102 - - [05/Dec/2020:08:34:50 -0800] "GET /GitHub-Mark.png HTTP/1.1" 200 7533 "http://www.secrepo.com/" "Mozilla/5.0 (Windows NT 10.0; Win64; x64; rv:83.0) Gecko/20100101 Firefox/83.0" 
176.28.230.102 - - [05/Dec/2020:08:34:50 -0800] "GET /bootstrap/img/favicon.ico HTTP/1.1" 200 690 "http://www.secrepo.com/" "Mozilla/5.0 (Windows NT 10.0; Win64; x64; rv:83.0) Gecko/20100101 Firefox/83.0" 
176.28.230.102 - - [05/Dec/2020:08:35:34 -0800] "GET /maccdc2012/dns.log.gz HTTP/1.1" 200 6607379 "http://www.secrepo.com/" "Mozilla/5.0 (Windows NT 10.0; Win64; x64; rv:83.0) Gecko/20100101 Firefox/83.0" 
49.7.20.102 - - [05/Dec/2020:08:37:19 -0800] "GET / HTTP/1.1" 301 438 "-" "Sogou web spider/4.0(+http://www.sogou.com/docs/help/webmasters.htm#07)" 
176.28.230.102 - - [05/Dec/2020:08:37:25 -0800] "GET /maccdc2012/smtp.log.gz HTTP/1.1" 200 6956 "http://www.secrepo.com/" "Mozilla/5.0 (Windows NT 10.0; Win64; x64; rv:83.0) Gecko/20100101 Firefox/83.0" 
49.7.20.102 - - [05/Dec/2020:08:38:23 -0800] "GET / HTTP/1.1" 200 12845 "-" "Sogou web spider/4.0(+http://www.sogou.com/docs/help/webmasters.htm#07)" 
185.175.35.184 - - [05/Dec/2020:08:51:03 -0800] "GET / HTTP/1.1" 200 12882 "-" "Mozilla/5.0 (Macintosh; Intel Mac OS X 10_15_6) AppleWebKit/605.1.15 (KHTML, like Gecko) Version/14.0.1 Safari/605.1.15" 
66.249.64.155 - - [05/Dec/2020:08:52:01 -0800] "GET /Datasets%20Description/Network/dns.html HTTP/1.1" 200 1543 "-" "Mozilla/5.0 (Linux; Android 6.0.1; Nexus 5X Build/MMB29P) AppleWebKit/537.36 (KHTML, like Gecko) Chrome/86.0.4240.96 Mobile Safari/537.36 (compatible; Googlebot/2.1; +http://www.google.com/bot.html)" 
157.55.39.245 - - [05/Dec/2020:08:52:35 -0800] "GET /self.logs/error.log.2018-04-17.gz HTTP/1.1" 200 4675 "-" "Mozilla/5.0 (compatible; bingbot/2.0; +http://www.bing.com/bingbot.htm)" 
199.58.86.209 - - [05/Dec/2020:08:53:40 -0800] "GET /robots.txt HTTP/1.1" 200 377 "-" "Mozilla/5.0 (compatible; MJ12bot/v1.4.8; http://mj12bot.com/)" 
199.58.86.209 - - [05/Dec/2020:08:53:42 -0800] "GET / HTTP/1.1" 200 12804 "-" "Mozilla/5.0 (compatible; MJ12bot/v1.4.8; http://mj12bot.com/)" 
207.46.13.21 - - [05/Dec/2020:08:55:33 -0800] "GET /self.logs/access.log.2017-12-29.gz HTTP/1.1" 301 543 "-" "Mozilla/5.0 (compatible; bingbot/2.0; +http://www.bing.com/bingbot.htm)" 
157.55.39.245 - - [05/Dec/2020:08:56:28 -0800] "GET /self.logs/error.log.2018-05-10.gz HTTP/1.1" 304 279 "-" "Mozilla/5.0 (compatible; bingbot/2.0; +http://www.bing.com/bingbot.htm)" 
47.31.233.206 - - [05/Dec/2020:08:58:08 -0800] "GET / HTTP/1.1" 301 475 "-" "Mozilla/5.0 (Windows NT 10.0; Win64; x64) AppleWebKit/537.36 (KHTML, like Gecko) Chrome/86.0.4240.198 Safari/537.36" 
207.46.13.17 - - [05/Dec/2020:08:58:21 -0800] "GET /self.logs/error.log.2017-01-03.gz HTTP/1.1" 200 4516 "-" "Mozilla/5.0 (compatible; bingbot/2.0; +http://www.bing.com/bingbot.htm)" 
47.31.233.206 - - [05/Dec/2020:08:58:26 -0800] "GET / HTTP/1.1" 200 12882 "-" "Mozilla/5.0 (Windows NT 10.0; Win64; x64) AppleWebKit/537.36 (KHTML, like Gecko) Chrome/86.0.4240.198 Safari/537.36" 
47.31.233.206 - - [05/Dec/2020:08:58:43 -0800] "GET /GitHub-Mark.png HTTP/1.1" 200 7556 "http://www.secrepo.com/" "Mozilla/5.0 (Windows NT 10.0; Win64; x64) AppleWebKit/537.36 (KHTML, like Gecko) Chrome/86.0.4240.198 Safari/537.36" 
47.31.233.206 - - [05/Dec/2020:08:58:43 -0800] "GET /twitter-icon.png HTTP/1.1" 200 27916 "http://www.secrepo.com/" "Mozilla/5.0 (Windows NT 10.0; Win64; x64) AppleWebKit/537.36 (KHTML, like Gecko) Chrome/86.0.4240.198 Safari/537.36" 
74.125.212.82 - - [05/Dec/2020:09:00:14 -0800] "GET / HTTP/1.1" 301 475 "-" "Mozilla/5.0 (X11; Linux x86_64) AppleWebKit/537.36 (KHTML, like Gecko) Chrome/49.0.2623.75 Safari/537.36 Google Favicon" 
66.102.6.195 - - [05/Dec/2020:09:00:14 -0800] "GET / HTTP/1.1" 200 12881 "-" "Mozilla/5.0 (X11; Linux x86_64) AppleWebKit/537.36 (KHTML, like Gecko) Chrome/49.0.2623.75 Safari/537.36 Google Favicon" 
66.102.6.195 - - [05/Dec/2020:09:00:14 -0800] "GET /bootstrap/img/favicon.ico HTTP/1.1" 200 690 "-" "Mozilla/5.0 (X11; Linux x86_64) AppleWebKit/537.36 (KHTML, like Gecko) Chrome/49.0.2623.75 Safari/537.36 Google Favicon" 
47.31.233.206 - - [05/Dec/2020:09:00:18 -0800] "GET /bootstrap/img/favicon.ico HTTP/1.1" 200 713 "http://www.secrepo.com/" "Mozilla/5.0 (Windows NT 10.0; Win64; x64) AppleWebKit/537.36 (KHTML, like Gecko) Chrome/86.0.4240.198 Safari/537.36" 
47.31.233.206 - - [05/Dec/2020:09:02:25 -0800] "GET /data HTTP/1.1" 404 328 "http://www.secrepo.com/" "Mozilla/5.0 (Windows NT 10.0; Win64; x64) AppleWebKit/537.36 (KHTML, like Gecko) Chrome/86.0.4240.198 Safari/537.36" 
47.31.233.206 - - [05/Dec/2020:09:02:35 -0800] "GET /data HTTP/1.1" 404 328 "-" "Mozilla/5.0 (Windows NT 10.0; Win64; x64) AppleWebKit/537.36 (KHTML, like Gecko) Chrome/86.0.4240.198 Safari/537.36" 
47.31.233.206 - - [05/Dec/2020:09:02:43 -0800] "GET /data HTTP/1.1" 404 328 "-" "Mozilla/5.0 (Windows NT 10.0; Win64; x64) AppleWebKit/537.36 (KHTML, like Gecko) Chrome/86.0.4240.198 Safari/537.36" 
47.31.233.206 - - [05/Dec/2020:09:02:52 -0800] "GET /data HTTP/1.1" 404 328 "-" "Mozilla/5.0 (Windows NT 10.0; Win64; x64) AppleWebKit/537.36 (KHTML, like Gecko) Chrome/86.0.4240.198 Safari/537.36" 
47.31.233.206 - - [05/Dec/2020:09:02:59 -0800] "GET /data HTTP/1.1" 404 328 "-" "Mozilla/5.0 (Windows NT 10.0; Win64; x64) AppleWebKit/537.36 (KHTML, like Gecko) Chrome/86.0.4240.198 Safari/537.36" 
207.46.13.17 - - [05/Dec/2020:09:03:59 -0800] "GET /self.logs/2016/error.log.2016-02-15.gz HTTP/1.1" 304 279 "-" "Mozilla/5.0 (compatible; bingbot/2.0; +http://www.bing.com/bingbot.htm)" 
47.31.233.206 - - [05/Dec/2020:09:00:18 -0800] "GET /pe_static/zeus.zip HTTP/1.1" 200 51367222 "http://www.secrepo.com/" "Mozilla/5.0 (Windows NT 10.0; Win64; x64) AppleWebKit/537.36 (KHTML, like Gecko) Chrome/86.0.4240.198 Safari/537.36" 
52.4.143.42 - - [05/Dec/2020:09:09:02 -0800] "GET / HTTP/1.1" 200 12881 "-" "Mozilla/5.0 (compatible; MSIE 10.0; Windows NT 6.1; Trident/6.0) LinkCheck by Siteimprove.com" 
207.46.13.122 - - [05/Dec/2020:09:26:04 -0800] "GET /self.logs/2015/error.log.2015-06-15.gz HTTP/1.1" 301 551 "-" "Mozilla/5.0 (compatible; bingbot/2.0; +http://www.bing.com/bingbot.htm)" 
66.249.64.89 - - [05/Dec/2020:09:32:19 -0800] "GET / HTTP/1.1" 301 475 "-" "Mozilla/5.0 (Linux; Android 6.0.1; Nexus 5X Build/MMB29P) AppleWebKit/537.36 (KHTML, like Gecko) Chrome/86.0.4240.96 Mobile Safari/537.36 (compatible; Googlebot/2.1; +http://www.google.com/bot.html)" 
66.249.64.153 - - [05/Dec/2020:09:32:28 -0800] "GET /css/style.css HTTP/1.1" 404 328 "http://www.secrepo.com/" "Mozilla/5.0 (Linux; Android 6.0.1; Nexus 5X Build/MMB29P) AppleWebKit/537.36 (KHTML, like Gecko) Chrome/86.0.4240.96 Mobile Safari/537.36 (compatible; Googlebot/2.1; +http://www.google.com/bot.html)" 
47.31.233.206 - - [05/Dec/2020:09:43:06 -0800] "GET /data HTTP/1.1" 404 328 "-" "Mozilla/5.0 (Windows NT 10.0; Win64; x64) AppleWebKit/537.36 (KHTML, like Gecko) Chrome/86.0.4240.198 Safari/537.36" 
157.55.39.245 - - [05/Dec/2020:09:46:27 -0800] "GET /self.logs/2015/error.log.2015-04-27.gz HTTP/1.1" 304 279 "-" "Mozilla/5.0 (compatible; bingbot/2.0; +http://www.bing.com/bingbot.htm)" 
66.249.64.90 - - [05/Dec/2020:09:52:29 -0800] "GET / HTTP/1.1" 301 475 "-" "Mozilla/5.0 (compatible; Googlebot/2.1; +http://www.google.com/bot.html)" 
66.249.64.153 - - [05/Dec/2020:09:52:30 -0800] "GET / HTTP/1.1" 200 12881 "-" "Mozilla/5.0 (compatible; Googlebot/2.1; +http://www.google.com/bot.html)" 
123.183.224.117 - - [05/Dec/2020:10:00:29 -0800] "GET / HTTP/1.1" 200 12843 "-" "Sogou web spider/4.0(+http://www.sogou.com/docs/help/webmasters.htm#07)" 
103.131.71.201 - - [05/Dec/2020:10:24:34 -0800] "GET /robots.txt HTTP/1.1" 301 458 "-" "Mozilla/5.0 (compatible; coccocbot-image/1.0; +http://help.coccoc.com/searchengine)" 
103.131.71.201 - - [05/Dec/2020:10:24:36 -0800] "GET /robots.txt HTTP/1.1" 200 340 "-" "Mozilla/5.0 (compatible; coccocbot-image/1.0; +http://help.coccoc.com/searchengine)" 
180.163.220.125 - - [05/Dec/2020:10:42:00 -0800] "GET / HTTP/1.1" 200 12881 "http://www.secrepo.com/" "Mozilla/5.0 (Linux; Android 5.0; SM-G900P Build/LRX21T) AppleWebKit/537.36 (KHTML, like Gecko) Chrome/79.0.3945.130 Mobile Safari/537.36" 
180.163.220.125 - - [05/Dec/2020:10:42:01 -0800] "GET /css/style.css HTTP/1.1" 404 305 "http://www.secrepo.com/" "Mozilla/5.0 (Linux; Android 5.0; SM-G900P Build/LRX21T) AppleWebKit/537.36 (KHTML, like Gecko) Chrome/79.0.3945.130 Mobile Safari/537.36" 
172.251.214.205 - - [05/Dec/2020:10:51:04 -0800] "GET / HTTP/1.1" 200 12881 "https://www.reddit.com/" "Mozilla/5.0 (Macintosh; Intel Mac OS X 10_15_7) AppleWebKit/537.36 (KHTML, like Gecko) Chrome/86.0.4240.111 Safari/537.36 OPR/72.0.3815.186" 
172.251.214.205 - - [05/Dec/2020:10:51:04 -0800] "GET /css/style.css HTTP/1.1" 404 305 "http://www.secrepo.com/" "Mozilla/5.0 (Macintosh; Intel Mac OS X 10_15_7) AppleWebKit/537.36 (KHTML, like Gecko) Chrome/86.0.4240.111 Safari/537.36 OPR/72.0.3815.186" 
172.251.214.205 - - [05/Dec/2020:10:51:04 -0800] "GET /twitter-icon.png HTTP/1.1" 200 27916 "http://www.secrepo.com/" "Mozilla/5.0 (Macintosh; Intel Mac OS X 10_15_7) AppleWebKit/537.36 (KHTML, like Gecko) Chrome/86.0.4240.111 Safari/537.36 OPR/72.0.3815.186" 
172.251.214.205 - - [05/Dec/2020:10:51:04 -0800] "GET /GitHub-Mark.png HTTP/1.1" 200 7556 "http://www.secrepo.com/" "Mozilla/5.0 (Macintosh; Intel Mac OS X 10_15_7) AppleWebKit/537.36 (KHTML, like Gecko) Chrome/86.0.4240.111 Safari/537.36 OPR/72.0.3815.186" 
172.251.214.205 - - [05/Dec/2020:10:51:05 -0800] "GET /bootstrap/img/favicon.ico HTTP/1.1" 200 690 "http://www.secrepo.com/" "Mozilla/5.0 (Macintosh; Intel Mac OS X 10_15_7) AppleWebKit/537.36 (KHTML, like Gecko) Chrome/86.0.4240.111 Safari/537.36 OPR/72.0.3815.186" 
51.223.154.80 - - [05/Dec/2020:10:56:39 -0800] "GET /Datasets%20Description/PE_malware/VirusShare.html HTTP/1.1" 200 1651 "https://www.google.com/" "Mozilla/5.0 (Windows NT 10.0; Win64; x64) AppleWebKit/537.36 (KHTML, like Gecko) Chrome/86.0.4240.198 Safari/537.36" 
