119.98.227.98 - - [06/May/2022:08:36:27 -0700] "GET /tg/tg_snort_fast.7z HTTP/1.1" 200 1015252 "http://www.secrepo.com/" "Mozilla/5.0 (Windows NT 10.0; Win64; x64) AppleWebKit/537.36 (KHTML, like Gecko) Chrome/101.0.4951.41 Safari/537.36 Edg/101.0.1210.32" 
114.119.149.218 - - [06/May/2022:08:41:40 -0700] "GET /self.logs/error.log.2020-11-20 HTTP/1.1" 200 351 "-" "Mozilla/5.0 (Linux; Android 7.0;) AppleWebKit/537.36 (KHTML, like Gecko) Mobile Safari/537.36 (compatible; PetalBot;+https://webmaster.petalsearch.com/site/petalbot)" 
58.19.100.108 - - [06/May/2022:08:38:15 -0700] "GET /tg/tg_snort_fast.7z HTTP/1.1" 200 4274204 "http://www.secrepo.com/" "Mozilla/5.0 (Windows NT 10.0; Win64; x64) AppleWebKit/537.36 (KHTML, like Gecko) Chrome/101.0.4951.41 Safari/537.36 Edg/101.0.1210.32" 
113.119.75.135 - - [06/May/2022:08:47:18 -0700] "GET / HTTP/1.1" 200 13183 "-" "Mozilla/5.0 (Windows NT 10.0; Win64; x64) AppleWebKit/537.36 (KHTML, like Gecko) Chrome/100.0.4896.127 Safari/537.36" 
113.119.75.135 - - [06/May/2022:08:47:18 -0700] "GET /css/style.css HTTP/1.1" 404 305 "http://www.secrepo.com/" "Mozilla/5.0 (Windows NT 10.0; Win64; x64) AppleWebKit/537.36 (KHTML, like Gecko) Chrome/100.0.4896.127 Safari/537.36" 
113.119.75.135 - - [06/May/2022:08:47:18 -0700] "GET /twitter-icon.png HTTP/1.1" 200 27893 "http://www.secrepo.com/" "Mozilla/5.0 (Windows NT 10.0; Win64; x64) AppleWebKit/537.36 (KHTML, like Gecko) Chrome/100.0.4896.127 Safari/537.36" 
113.119.75.135 - - [06/May/2022:08:47:18 -0700] "GET /GitHub-Mark.png HTTP/1.1" 200 7556 "http://www.secrepo.com/" "Mozilla/5.0 (Windows NT 10.0; Win64; x64) AppleWebKit/537.36 (KHTML, like Gecko) Chrome/100.0.4896.127 Safari/537.36" 
113.119.75.135 - - [06/May/2022:08:48:00 -0700] "GET /bootstrap/img/favicon.ico HTTP/1.1" 200 713 "http://www.secrepo.com/" "Mozilla/5.0 (Windows NT 10.0; Win64; x64) AppleWebKit/537.36 (KHTML, like Gecko) Chrome/100.0.4896.127 Safari/537.36" 
113.119.75.135 - - [06/May/2022:08:49:42 -0700] "GET /tg/tg_snort_fast.7z HTTP/1.1" 200 1048344 "http://www.secrepo.com/" "Mozilla/5.0 (Windows NT 10.0; Win64; x64) AppleWebKit/537.36 (KHTML, like Gecko) Chrome/100.0.4896.127 Safari/537.36" 
58.19.100.108 - - [06/May/2022:08:36:38 -0700] "GET /tg/tg_snort_full.7z HTTP/1.1" 200 8847905 "http://www.secrepo.com/" "Mozilla/5.0 (Windows NT 10.0; Win64; x64) AppleWebKit/537.36 (KHTML, like Gecko) Chrome/101.0.4951.41 Safari/537.36 Edg/101.0.1210.32" 
114.119.149.218 - - [06/May/2022:08:52:19 -0700] "GET /self.logs/error.log.2018-11-16.gz HTTP/1.1" 200 4454 "-" "Mozilla/5.0 (Linux; Android 7.0;) AppleWebKit/537.36 (KHTML, like Gecko) Mobile Safari/537.36 (compatible; PetalBot;+https://webmaster.petalsearch.com/site/petalbot)" 
113.119.75.135 - - [06/May/2022:08:49:42 -0700] "GET /tg/tg_snort_fast.7z HTTP/1.1" 200 4274204 "http://www.secrepo.com/" "Mozilla/5.0 (Windows NT 10.0; Win64; x64) AppleWebKit/537.36 (KHTML, like Gecko) Chrome/100.0.4896.127 Safari/537.36" 
40.77.167.2 - - [06/May/2022:08:54:46 -0700] "GET /self.logs/ HTTP/1.1" 200 35953 "-" "Mozilla/5.0 (compatible; bingbot/2.0; +http://www.bing.com/bingbot.htm)" 
49.7.20.111 - - [06/May/2022:09:01:55 -0700] "GET / HTTP/1.1" 200 13145 "-" "Sogou web spider/4.0(+http://www.sogou.com/docs/help/webmasters.htm#07)" 
113.119.75.135 - - [06/May/2022:09:02:06 -0700] "GET /maccdc2012/maccdc2012_full_alert.7z HTTP/1.1" 200 2501796 "http://www.secrepo.com/" "Mozilla/5.0 (Windows NT 10.0; Win64; x64) AppleWebKit/537.36 (KHTML, like Gecko) Chrome/100.0.4896.127 Safari/537.36" 
113.119.75.135 - - [06/May/2022:09:02:14 -0700] "GET /tg/tg_snort_full.7z HTTP/1.1" 200 8847905 "http://www.secrepo.com/" "Mozilla/5.0 (Windows NT 10.0; Win64; x64) AppleWebKit/537.36 (KHTML, like Gecko) Chrome/100.0.4896.127 Safari/537.36" 
106.195.46.113 - - [06/May/2022:09:24:38 -0700] "GET /self.logs/ HTTP/1.1" 200 35953 "-" "Mozilla/5.0 (X11; Linux x86_64) AppleWebKit/537.36 (KHTML, like Gecko) Chrome/100.0.4896.88 Safari/537.36" 
106.195.46.113 - - [06/May/2022:09:24:43 -0700] "GET /favicon.ico HTTP/1.1" 200 391 "http://www.secrepo.com/self.logs/" "Mozilla/5.0 (X11; Linux x86_64) AppleWebKit/537.36 (KHTML, like Gecko) Chrome/100.0.4896.88 Safari/537.36" 
106.195.46.113 - - [06/May/2022:09:27:31 -0700] "GET /self.logs/access.log.2017-01-01.gz HTTP/1.1" 200 17678 "http://www.secrepo.com/self.logs/" "Mozilla/5.0 (X11; Linux x86_64) AppleWebKit/537.36 (KHTML, like Gecko) Chrome/100.0.4896.88 Safari/537.36" 
110.82.126.46 - - [06/May/2022:09:30:08 -0700] "GET / HTTP/1.1" 301 438 "-" "Mozilla/5.0 (Windows NT 10.0; WOW64) AppleWebKit/537.36 (KHTML, like Gecko) Chrome/78.0.3904.108 Safari/537.36" 
110.82.126.184 - - [06/May/2022:09:30:11 -0700] "GET / HTTP/1.1" 200 13146 "-" "Mozilla/5.0 (Windows NT 10.0; WOW64) AppleWebKit/537.36 (KHTML, like Gecko) Chrome/78.0.3904.108 Safari/537.36" 
114.119.149.237 - - [06/May/2022:09:30:33 -0700] "GET /self.logs/access.log.2020-01-10.gz HTTP/1.1" 200 14524 "-" "Mozilla/5.0 (Linux; Android 7.0;) AppleWebKit/537.36 (KHTML, like Gecko) Mobile Safari/537.36 (compatible; PetalBot;+https://webmaster.petalsearch.com/site/petalbot)" 
40.77.167.2 - - [06/May/2022:09:36:40 -0700] "GET /self.logs/ HTTP/1.1" 200 35953 "-" "Mozilla/5.0 (compatible; bingbot/2.0; +http://www.bing.com/bingbot.htm)" 
114.119.149.228 - - [06/May/2022:09:42:51 -0700] "GET /self.logs/2016/access.log.2016-08-22.gz HTTP/1.1" 200 8910 "-" "Mozilla/5.0 (Linux; Android 7.0;) AppleWebKit/537.36 (KHTML, like Gecko) Mobile Safari/537.36 (compatible; PetalBot;+https://webmaster.petalsearch.com/site/petalbot)" 
216.244.66.245 - - [06/May/2022:09:44:29 -0700] "GET /robots.txt HTTP/1.1" 301 439 "-" "Mozilla/5.0 (compatible; DotBot/1.2; +https://opensiteexplorer.org/dotbot; help@moz.com)" 
216.244.66.245 - - [06/May/2022:09:44:29 -0700] "GET /robots.txt HTTP/1.1" 200 333 "-" "Mozilla/5.0 (compatible; DotBot/1.2; +https://opensiteexplorer.org/dotbot; help@moz.com)" 
49.7.20.111 - - [06/May/2022:09:46:04 -0700] "GET / HTTP/1.1" 200 13146 "-" "Sogou web spider/4.0(+http://www.sogou.com/docs/help/webmasters.htm#07)" 
114.119.149.228 - - [06/May/2022:09:49:08 -0700] "GET /self.logs/access.log.2019-11-29.gz HTTP/1.1" 200 21968 "-" "Mozilla/5.0 (Linux; Android 7.0;) AppleWebKit/537.36 (KHTML, like Gecko) Mobile Safari/537.36 (compatible; PetalBot;+https://webmaster.petalsearch.com/site/petalbot)" 
216.244.66.245 - - [06/May/2022:09:52:00 -0700] "GET /tg/tg_snort_full.7z HTTP/1.1" 301 457 "-" "Mozilla/5.0 (compatible; DotBot/1.2; +https://opensiteexplorer.org/dotbot; help@moz.com)" 
174.60.96.231 - - [06/May/2022:09:53:26 -0700] "GET /twitter-icon.png HTTP/1.1" 200 27916 "-" "Mozilla/5.0 (Windows NT 10.0; Win64; x64; rv:100.0) Gecko/20100101 Firefox/100.0" 
174.60.96.231 - - [06/May/2022:09:53:26 -0700] "GET /GitHub-Mark.png HTTP/1.1" 200 7556 "-" "Mozilla/5.0 (Windows NT 10.0; Win64; x64; rv:100.0) Gecko/20100101 Firefox/100.0" 
51.178.17.192 - - [06/May/2022:09:56:36 -0700] "GET / HTTP/1.1" 301 475 "-" "Mozilla/5.0 (Windows NT 10.0; Win64; x64) AppleWebKit/537.36 (KHTML, like Gecko) Chrome/96.0.4664.45 Safari/537.36" 
51.178.17.192 - - [06/May/2022:09:56:37 -0700] "GET / HTTP/1.1" 200 13183 "-" "Mozilla/5.0 (Windows NT 10.0; Win64; x64) AppleWebKit/537.36 (KHTML, like Gecko) Chrome/96.0.4664.45 Safari/537.36" 
114.119.140.174 - - [06/May/2022:10:07:35 -0700] "GET /self.logs/error.log.2017-12-11.gz HTTP/1.1" 200 5230 "-" "Mozilla/5.0 (Linux; Android 7.0;) AppleWebKit/537.36 (KHTML, like Gecko) Mobile Safari/537.36 (compatible; PetalBot;+https://webmaster.petalsearch.com/site/petalbot)" 
223.228.130.237 - - [06/May/2022:10:09:29 -0700] "GET /self.logs/ HTTP/1.1" 200 35953 "-" "Mozilla/5.0 (X11; Linux x86_64) AppleWebKit/537.36 (KHTML, like Gecko) Chrome/99.0.4844.82 Safari/537.36" 
223.228.130.237 - - [06/May/2022:10:09:30 -0700] "GET /favicon.ico HTTP/1.1" 200 368 "http://www.secrepo.com/self.logs/" "Mozilla/5.0 (X11; Linux x86_64) AppleWebKit/537.36 (KHTML, like Gecko) Chrome/99.0.4844.82 Safari/537.36" 
223.228.130.237 - - [06/May/2022:10:09:58 -0700] "GET / HTTP/1.1" 200 13182 "-" "Mozilla/5.0 (X11; Linux x86_64) AppleWebKit/537.36 (KHTML, like Gecko) Chrome/99.0.4844.82 Safari/537.36" 
223.228.130.237 - - [06/May/2022:10:10:00 -0700] "GET /css/style.css HTTP/1.1" 404 328 "http://www.secrepo.com/" "Mozilla/5.0 (X11; Linux x86_64) AppleWebKit/537.36 (KHTML, like Gecko) Chrome/99.0.4844.82 Safari/537.36" 
223.228.130.237 - - [06/May/2022:10:10:00 -0700] "GET /twitter-icon.png HTTP/1.1" 200 27893 "http://www.secrepo.com/" "Mozilla/5.0 (X11; Linux x86_64) AppleWebKit/537.36 (KHTML, like Gecko) Chrome/99.0.4844.82 Safari/537.36" 
223.228.130.237 - - [06/May/2022:10:10:04 -0700] "GET /GitHub-Mark.png HTTP/1.1" 200 7556 "http://www.secrepo.com/" "Mozilla/5.0 (X11; Linux x86_64) AppleWebKit/537.36 (KHTML, like Gecko) Chrome/99.0.4844.82 Safari/537.36" 
223.228.130.237 - - [06/May/2022:10:10:07 -0700] "GET /bootstrap/img/favicon.ico HTTP/1.1" 200 713 "http://www.secrepo.com/" "Mozilla/5.0 (X11; Linux x86_64) AppleWebKit/537.36 (KHTML, like Gecko) Chrome/99.0.4844.82 Safari/537.36" 
54.67.94.196 - - [06/May/2022:10:18:07 -0700] "GET / HTTP/1.1" 301 475 "-" "Mozilla/5.0 (X11; Linux x86_64) AppleWebKit/537.36 (KHTML, like Gecko) Chrome/51.0.2704.103 Safari/537.36" 
54.67.94.196 - - [06/May/2022:10:18:07 -0700] "GET / HTTP/1.1" 200 13182 "-" "Mozilla/5.0 (X11; Linux x86_64) AppleWebKit/537.36 (KHTML, like Gecko) Chrome/51.0.2704.103 Safari/537.36" 
40.77.167.2 - - [06/May/2022:10:18:44 -0700] "GET /self.logs/ HTTP/1.1" 200 35953 "-" "Mozilla/5.0 (compatible; bingbot/2.0; +http://www.bing.com/bingbot.htm)" 
114.119.145.137 - - [06/May/2022:10:19:54 -0700] "GET /self.logs/error.log.2017-01-24.gz HTTP/1.1" 200 1302 "-" "Mozilla/5.0 (Linux; Android 7.0;) AppleWebKit/537.36 (KHTML, like Gecko) Mobile Safari/537.36 (compatible; PetalBot;+https://webmaster.petalsearch.com/site/petalbot)" 
49.7.20.111 - - [06/May/2022:10:28:14 -0700] "GET / HTTP/1.1" 200 13145 "-" "Sogou web spider/4.0(+http://www.sogou.com/docs/help/webmasters.htm#07)" 
100.26.127.17 - - [06/May/2022:10:35:58 -0700] "GET /robots.txt HTTP/1.1" 200 333 "-" "Mozilla/5.0 (compatible; Neevabot/1.0; +https://neeva.com/neevabot)" 
100.26.127.17 - - [06/May/2022:10:35:59 -0700] "GET /Datasets%20Description/HTML_Bro_log_2/packet_filter.html HTTP/1.1" 200 1647 "-" "Mozilla/5.0 (compatible; Neevabot/1.0; +https://neeva.com/neevabot)" 
100.26.127.17 - - [06/May/2022:10:36:15 -0700] "GET /?ref=https://githubhelp.com HTTP/1.1" 200 13139 "-" "Mozilla/5.0 (compatible; Neevabot/1.0; +https://neeva.com/neevabot)" 
100.26.127.17 - - [06/May/2022:10:36:37 -0700] "GET / HTTP/1.1" 200 13139 "-" "Mozilla/5.0 (compatible; Neevabot/1.0; +https://neeva.com/neevabot)" 
100.26.127.17 - - [06/May/2022:10:36:39 -0700] "GET /maccdc2012/maccdc2012_fast_alert.7z HTTP/1.1" 200 110960 "-" "Mozilla/5.0 (compatible; Neevabot/1.0; +https://neeva.com/neevabot)" 
100.26.127.17 - - [06/May/2022:10:36:40 -0700] "GET /Datasets%20Description/HTML_Bro_log_1/dpd.html HTTP/1.1" 200 1620 "-" "Mozilla/5.0 (compatible; Neevabot/1.0; +https://neeva.com/neevabot)" 
216.244.66.245 - - [06/May/2022:10:38:45 -0700] "GET /robots.txt HTTP/1.1" 301 439 "-" "Mozilla/5.0 (compatible; DotBot/1.2; +https://opensiteexplorer.org/dotbot; help@moz.com)" 
216.244.66.245 - - [06/May/2022:10:38:45 -0700] "GET /robots.txt HTTP/1.1" 200 333 "-" "Mozilla/5.0 (compatible; DotBot/1.2; +https://opensiteexplorer.org/dotbot; help@moz.com)" 
114.119.140.174 - - [06/May/2022:10:44:14 -0700] "GET /self.logs/error.log.2020-07-17 HTTP/1.1" 200 351 "-" "Mozilla/5.0 (Linux; Android 7.0;) AppleWebKit/537.36 (KHTML, like Gecko) Mobile Safari/537.36 (compatible; PetalBot;+https://webmaster.petalsearch.com/site/petalbot)" 
216.244.66.245 - - [06/May/2022:10:46:31 -0700] "GET /squid/access.log.gz HTTP/1.1" 301 457 "-" "Mozilla/5.0 (compatible; DotBot/1.2; +https://opensiteexplorer.org/dotbot; help@moz.com)" 
114.119.149.237 - - [06/May/2022:10:50:07 -0700] "GET /self.logs/access.log.2020-02-16.gz HTTP/1.1" 200 15304 "-" "Mozilla/5.0 (Linux; Android 7.0;) AppleWebKit/537.36 (KHTML, like Gecko) Mobile Safari/537.36 (compatible; PetalBot;+https://webmaster.petalsearch.com/site/petalbot)" 
54.36.148.177 - - [06/May/2022:10:53:52 -0700] "GET /robots.txt HTTP/1.1" 200 333 "-" "Mozilla/5.0 (compatible; AhrefsBot/7.0; +http://ahrefs.com/robot/)" 
106.11.154.14 - - [06/May/2022:10:55:48 -0700] "GET /robots.txt HTTP/1.1" 200 340 "-" "YisouSpider" 
106.11.158.126 - - [06/May/2022:10:55:51 -0700] "GET / HTTP/1.1" 200 13146 "-" "Mozilla/5.0 (Linux; Android 5.0; SM-G900P Build/LRX21T) AppleWebKit/537.36 (KHTML, like Gecko) Chrome/88.0.4324.96 Mobile Safari/537.36" 
106.11.155.111 - - [06/May/2022:10:56:00 -0700] "GET /css/style.css HTTP/1.1" 404 291 "http://www.secrepo.com/" "Mozilla/5.0 (Linux; Android 5.0; SM-G900P Build/LRX21T) AppleWebKit/537.36 (KHTML, like Gecko) Chrome/88.0.4324.96 Mobile Safari/537.36" 
40.77.167.2 - - [06/May/2022:10:57:27 -0700] "GET /self.logs/ HTTP/1.1" 200 35953 "-" "Mozilla/5.0 (compatible; bingbot/2.0; +http://www.bing.com/bingbot.htm)" 
49.7.20.111 - - [06/May/2022:11:07:29 -0700] "GET / HTTP/1.1" 200 13145 "-" "Sogou web spider/4.0(+http://www.sogou.com/docs/help/webmasters.htm#07)" 
114.119.149.218 - - [06/May/2022:11:09:00 -0700] "GET /self.logs/error.log.2020-11-28 HTTP/1.1" 200 351 "-" "Mozilla/5.0 (Linux; Android 7.0;) AppleWebKit/537.36 (KHTML, like Gecko) Mobile Safari/537.36 (compatible; PetalBot;+https://webmaster.petalsearch.com/site/petalbot)" 
114.119.149.218 - - [06/May/2022:11:21:08 -0700] "GET /self.logs/2016/access.log.2016-10-16.gz HTTP/1.1" 200 10742 "-" "Mozilla/5.0 (Linux; Android 7.0;) AppleWebKit/537.36 (KHTML, like Gecko) Mobile Safari/537.36 (compatible; PetalBot;+https://webmaster.petalsearch.com/site/petalbot)" 
180.215.215.246 - - [06/May/2022:11:22:35 -0700] "GET / HTTP/1.1" 200 13182 "-" "Mozilla/5.0 (Windows NT 10.0; WOW64) AppleWebKit/537.36 (KHTML, like Gecko) Chrome/86.0.4240.198 Safari/537.36" 
216.244.66.245 - - [06/May/2022:11:33:07 -0700] "GET /robots.txt HTTP/1.1" 301 439 "-" "Mozilla/5.0 (compatible; DotBot/1.2; +https://opensiteexplorer.org/dotbot; help@moz.com)" 
216.244.66.245 - - [06/May/2022:11:33:07 -0700] "GET /robots.txt HTTP/1.1" 200 333 "-" "Mozilla/5.0 (compatible; DotBot/1.2; +https://opensiteexplorer.org/dotbot; help@moz.com)" 
114.119.149.228 - - [06/May/2022:11:33:40 -0700] "GET /self.logs/2016/access.log.2016-07-02.gz HTTP/1.1" 200 5714 "-" "Mozilla/5.0 (Linux; Android 7.0;) AppleWebKit/537.36 (KHTML, like Gecko) Mobile Safari/537.36 (compatible; PetalBot;+https://webmaster.petalsearch.com/site/petalbot)" 
114.119.149.218 - - [06/May/2022:11:39:45 -0700] "GET /self.logs/error.log.2017-11-10.gz HTTP/1.1" 200 1611 "-" "Mozilla/5.0 (Linux; Android 7.0;) AppleWebKit/537.36 (KHTML, like Gecko) Mobile Safari/537.36 (compatible; PetalBot;+https://webmaster.petalsearch.com/site/petalbot)" 
216.244.66.245 - - [06/May/2022:11:40:26 -0700] "GET /honeypot/Honeypot%20-%20Howto%20-%20BSides%20Austin.pdf HTTP/1.1" 301 509 "-" "Mozilla/5.0 (compatible; DotBot/1.2; +https://opensiteexplorer.org/dotbot; help@moz.com)" 
40.77.167.2 - - [06/May/2022:11:40:31 -0700] "GET /self.logs/ HTTP/1.1" 200 35953 "-" "Mozilla/5.0 (compatible; bingbot/2.0; +http://www.bing.com/bingbot.htm)" 
174.197.135.38 - - [06/May/2022:11:42:17 -0700] "GET / HTTP/1.1" 200 13182 "-" "Mozilla/5.0 (iPhone; CPU iPhone OS 15_4_1 like Mac OS X) AppleWebKit/605.1.15 (KHTML, like Gecko) Version/15.4 Mobile/15E148 Safari/604.1" 
114.119.149.218 - - [06/May/2022:11:45:56 -0700] "GET /self.logs/2016/access.log.2016-01-28.gz HTTP/1.1" 200 14966 "-" "Mozilla/5.0 (Linux; Android 7.0;) AppleWebKit/537.36 (KHTML, like Gecko) Mobile Safari/537.36 (compatible; PetalBot;+https://webmaster.petalsearch.com/site/petalbot)" 
49.7.20.111 - - [06/May/2022:11:46:42 -0700] "GET / HTTP/1.1" 200 13146 "-" "Sogou web spider/4.0(+http://www.sogou.com/docs/help/webmasters.htm#07)" 
17.121.114.150 - - [06/May/2022:11:47:09 -0700] "GET / HTTP/1.1" 200 13139 "-" "Mozilla/5.0 (Macintosh; Intel Mac OS X 10_15_5) AppleWebKit/605.1.15 (KHTML, like Gecko) Version/13.1.1 Safari/605.1.15 (Applebot/0.1; +http://www.apple.com/go/applebot)" 
49.7.21.126 - - [06/May/2022:11:55:54 -0700] "GET / HTTP/1.1" 200 13146 "-" "Sogou web spider/4.0(+http://www.sogou.com/docs/help/webmasters.htm#07)" 
180.106.80.251 - - [06/May/2022:12:01:23 -0700] "GET /xxxss HTTP/1.1" 404 328 "-" "Mozilla/5.0 (Windows NT 10.0; WOW64; rv:48.0) Gecko/20100101 Firefox/48.0" 
180.106.80.251 - - [06/May/2022:12:01:23 -0700] "GET /css/album.css HTTP/1.1" 404 328 "-" "Mozilla/5.0 (Windows NT 10.0; WOW64; rv:48.0) Gecko/20100101 Firefox/48.0" 
180.106.80.251 - - [06/May/2022:12:01:23 -0700] "GET /e/data/js/ajax.js HTTP/1.1" 404 328 "-" "Mozilla/5.0 (Windows NT 10.0; WOW64; rv:48.0) Gecko/20100101 Firefox/48.0" 
180.106.80.251 - - [06/May/2022:12:01:23 -0700] "GET /data/admin/allowurl.txt HTTP/1.1" 404 328 "-" "Mozilla/5.0 (Windows NT 10.0; WOW64; rv:48.0) Gecko/20100101 Firefox/48.0" 
180.106.80.251 - - [06/May/2022:12:01:23 -0700] "GET /static/js/common.js HTTP/1.1" 404 328 "-" "Mozilla/5.0 (Windows NT 10.0; WOW64; rv:48.0) Gecko/20100101 Firefox/48.0" 
207.46.13.196 - - [06/May/2022:12:06:35 -0700] "GET /self.logs/2016/access.log.2016-02-23.gz HTTP/1.1" 200 10256 "-" "Mozilla/5.0 (compatible; bingbot/2.0; +http://www.bing.com/bingbot.htm)" 
121.4.34.106 - - [06/May/2022:12:10:16 -0700] "GET / HTTP/1.1" 200 13146 "-" "Mozilla/5.0 (Linux; Android 6.0; Nexus 5 Build/MRA58N) AppleWebKit/537.36 (KHTML, like Gecko) Chrome/81.0.4044.138 Mobile Safari/537.36" 
64.69.57.2 - - [06/May/2022:12:16:14 -0700] "GET / HTTP/1.1" 200 13182 "-" "Mozilla/5.0 (Macintosh; Intel Mac OS X 10_15_7) AppleWebKit/537.36 (KHTML, like Gecko) Chrome/101.0.4951.54 Safari/537.36" 
64.69.57.2 - - [06/May/2022:12:16:14 -0700] "GET /css/style.css HTTP/1.1" 404 305 "http://www.secrepo.com/" "Mozilla/5.0 (Macintosh; Intel Mac OS X 10_15_7) AppleWebKit/537.36 (KHTML, like Gecko) Chrome/101.0.4951.54 Safari/537.36" 
64.69.57.2 - - [06/May/2022:12:16:14 -0700] "GET /twitter-icon.png HTTP/1.1" 200 27916 "http://www.secrepo.com/" "Mozilla/5.0 (Macintosh; Intel Mac OS X 10_15_7) AppleWebKit/537.36 (KHTML, like Gecko) Chrome/101.0.4951.54 Safari/537.36" 
64.69.57.2 - - [06/May/2022:12:16:14 -0700] "GET /GitHub-Mark.png HTTP/1.1" 200 7533 "http://www.secrepo.com/" "Mozilla/5.0 (Macintosh; Intel Mac OS X 10_15_7) AppleWebKit/537.36 (KHTML, like Gecko) Chrome/101.0.4951.54 Safari/537.36" 
64.69.57.2 - - [06/May/2022:12:20:14 -0700] "GET /bootstrap/img/favicon.ico HTTP/1.1" 200 713 "http://www.secrepo.com/" "Mozilla/5.0 (Macintosh; Intel Mac OS X 10_15_7) AppleWebKit/537.36 (KHTML, like Gecko) Chrome/101.0.4951.54 Safari/537.36" 
40.77.167.2 - - [06/May/2022:12:21:36 -0700] "GET /self.logs/ HTTP/1.1" 200 35953 "-" "Mozilla/5.0 (compatible; bingbot/2.0; +http://www.bing.com/bingbot.htm)" 
103.45.130.194 - - [06/May/2022:12:24:43 -0700] "GET / HTTP/1.1" 200 13182 "http://www.secrepo.com" "Mozilla/5.0 (Windows NT 10.0; Win64; x64) AppleWebKit/537.36 (KHTML, like Gecko) Chrome/87.0.4280.67 Safari/537.36 Edg/87.0.664.52" 
123.16.173.77 - - [06/May/2022:12:27:10 -0700] "GET / HTTP/1.1" 301 475 "-" "Mozilla/5.0 (Windows NT 10.0; Win64; x64) AppleWebKit/537.36 (KHTML, like Gecko) Chrome/85.0.4183.121 Safari/537.36" 
216.244.66.245 - - [06/May/2022:12:27:11 -0700] "GET /robots.txt HTTP/1.1" 301 439 "-" "Mozilla/5.0 (compatible; DotBot/1.2; +https://opensiteexplorer.org/dotbot; help@moz.com)" 
216.244.66.245 - - [06/May/2022:12:27:12 -0700] "GET /robots.txt HTTP/1.1" 200 333 "-" "Mozilla/5.0 (compatible; DotBot/1.2; +https://opensiteexplorer.org/dotbot; help@moz.com)" 
123.16.173.77 - - [06/May/2022:12:27:14 -0700] "GET / HTTP/1.1" 200 13182 "-" "Mozilla/5.0 (Windows NT 10.0; Win64; x64) AppleWebKit/537.36 (KHTML, like Gecko) Chrome/85.0.4183.121 Safari/537.36" 
49.7.20.111 - - [06/May/2022:12:27:16 -0700] "GET / HTTP/1.1" 200 13145 "-" "Sogou web spider/4.0(+http://www.sogou.com/docs/help/webmasters.htm#07)" 
114.119.140.174 - - [06/May/2022:12:28:42 -0700] "GET /self.logs/access.log.2018-08-09.gz HTTP/1.1" 200 26792 "-" "Mozilla/5.0 (Linux; Android 7.0;) AppleWebKit/537.36 (KHTML, like Gecko) Mobile Safari/537.36 (compatible; PetalBot;+https://webmaster.petalsearch.com/site/petalbot)" 
120.229.98.18 - - [06/May/2022:12:30:39 -0700] "GET /ads.txt HTTP/1.1" 301 433 "-" "rest-client/2.1.0 (darwin18.7.0 x86_64) ruby/2.6.3p62" 
120.229.98.18 - - [06/May/2022:12:30:40 -0700] "GET /ads.txt HTTP/1.1" 404 284 "-" "rest-client/2.1.0 (darwin18.7.0 x86_64) ruby/2.6.3p62" 
216.244.66.245 - - [06/May/2022:12:34:19 -0700] "GET /maccdc2012/smtp.log.gz HTTP/1.1" 301 463 "-" "Mozilla/5.0 (compatible; DotBot/1.2; +https://opensiteexplorer.org/dotbot; help@moz.com)" 
161.156.29.33 - - [06/May/2022:12:47:49 -0700] "GET /robots.txt HTTP/1.1" 301 439 "-" "Mozilla/5.0 (compatible; oBot/2.3.1; http://www.xforce-security.com/crawler/)" 
161.156.29.33 - - [06/May/2022:12:47:49 -0700] "GET /robots.txt HTTP/1.1" 200 377 "-" "Mozilla/5.0 (compatible; oBot/2.3.1; http://www.xforce-security.com/crawler/)" 
161.156.29.33 - - [06/May/2022:12:47:50 -0700] "GET / HTTP/1.1" 301 419 "-" "Mozilla/5.0 (compatible; oBot/2.3.1; http://www.xforce-security.com/crawler/)" 
161.156.29.33 - - [06/May/2022:12:47:50 -0700] "GET / HTTP/1.1" 200 49110 "-" "Mozilla/5.0 (compatible; oBot/2.3.1; http://www.xforce-security.com/crawler/)" 
161.156.29.33 - - [06/May/2022:12:47:50 -0700] "GET /robots.txt HTTP/1.1" 200 299 "-" "Mozilla/5.0 (compatible; oBot/2.3.1; http://www.xforce-security.com/crawler/)" 
161.156.29.33 - - [06/May/2022:12:47:50 -0700] "GET / HTTP/1.1" 200 49055 "-" "Mozilla/5.0 (compatible; oBot/2.3.1; http://www.xforce-security.com/crawler/)" 
114.119.145.137 - - [06/May/2022:12:48:05 -0700] "GET /self.logs/access.log.2020-11-16.gz HTTP/1.1" 200 11662 "-" "Mozilla/5.0 (Linux; Android 7.0;) AppleWebKit/537.36 (KHTML, like Gecko) Mobile Safari/537.36 (compatible; PetalBot;+https://webmaster.petalsearch.com/site/petalbot)" 
114.119.145.137 - - [06/May/2022:12:54:51 -0700] "GET /self.logs/error.log.2019-12-05.gz HTTP/1.1" 200 1126 "-" "Mozilla/5.0 (Linux; Android 7.0;) AppleWebKit/537.36 (KHTML, like Gecko) Mobile Safari/537.36 (compatible; PetalBot;+https://webmaster.petalsearch.com/site/petalbot)" 
8.210.8.100 - - [06/May/2022:13:00:36 -0700] "GET / HTTP/1.1" 200 13146 "-" "Mozilla/5.0 (Macintosh; Intel Mac OS X 10_14_6) AppleWebKit/537.36 (KHTML, like Gecko) Chrome/76.0.3809.132 Safari/537.36" 
8.210.8.100 - - [06/May/2022:13:00:37 -0700] "GET /bootstrap/img/favicon.ico HTTP/1.1" 200 669 "-" "fasthttp" 
47.243.9.61 - - [06/May/2022:13:00:39 -0700] "GET / HTTP/1.1" 301 438 "-" "Mozilla/5.0 (Macintosh; Intel Mac OS X 10_14_6) AppleWebKit/537.36 (KHTML, like Gecko) Chrome/76.0.3809.132 Safari/537.36" 
47.243.9.61 - - [06/May/2022:13:00:45 -0700] "GET / HTTP/1.1" 200 13146 "-" "Mozilla/5.0 (Macintosh; Intel Mac OS X 10_14_6) AppleWebKit/537.36 (KHTML, like Gecko) Chrome/76.0.3809.132 Safari/537.36" 
47.243.9.61 - - [06/May/2022:13:00:47 -0700] "GET /bootstrap/img/favicon.ico HTTP/1.1" 200 669 "-" "fasthttp" 
40.77.167.22 - - [06/May/2022:13:02:35 -0700] "GET /self.logs/error.log.2020-01-04.gz HTTP/1.1" 200 872 "-" "Mozilla/5.0 (compatible; bingbot/2.0; +http://www.bing.com/bingbot.htm)" 
49.7.20.111 - - [06/May/2022:13:05:07 -0700] "GET / HTTP/1.1" 200 13146 "-" "Sogou web spider/4.0(+http://www.sogou.com/docs/help/webmasters.htm#07)" 
103.131.71.204 - - [06/May/2022:13:07:42 -0700] "GET /robots.txt HTTP/1.1" 301 458 "-" "Mozilla/5.0 (compatible; coccocbot-image/1.0; +http://help.coccoc.com/searchengine)" 
103.131.71.204 - - [06/May/2022:13:07:44 -0700] "GET /robots.txt HTTP/1.1" 200 340 "-" "Mozilla/5.0 (compatible; coccocbot-image/1.0; +http://help.coccoc.com/searchengine)" 
40.77.167.2 - - [06/May/2022:13:08:11 -0700] "GET /self.logs/ HTTP/1.1" 200 35953 "-" "Mozilla/5.0 (compatible; bingbot/2.0; +http://www.bing.com/bingbot.htm)" 
207.46.13.55 - - [06/May/2022:13:13:28 -0700] "GET /self.logs/access.log.2017-06-03.gz HTTP/1.1" 200 12927 "-" "Mozilla/5.0 (compatible; bingbot/2.0; +http://www.bing.com/bingbot.htm)" 
49.207.0.125 - - [06/May/2022:13:18:27 -0700] "GET / HTTP/1.1" 200 13182 "-" "Mozilla/5.0 (Linux; Android 11; LM-G850) AppleWebKit/537.36 (KHTML, like Gecko) Chrome/101.0.4951.41 Mobile Safari/537.36" 
49.207.0.125 - - [06/May/2022:13:18:27 -0700] "GET /css/style.css HTTP/1.1" 404 305 "http://www.secrepo.com/" "Mozilla/5.0 (Linux; Android 11; LM-G850) AppleWebKit/537.36 (KHTML, like Gecko) Chrome/101.0.4951.41 Mobile Safari/537.36" 
49.207.0.125 - - [06/May/2022:13:18:27 -0700] "GET /GitHub-Mark.png HTTP/1.1" 200 7556 "http://www.secrepo.com/" "Mozilla/5.0 (Linux; Android 11; LM-G850) AppleWebKit/537.36 (KHTML, like Gecko) Chrome/101.0.4951.41 Mobile Safari/537.36" 
49.207.0.125 - - [06/May/2022:13:18:27 -0700] "GET /twitter-icon.png HTTP/1.1" 200 27916 "http://www.secrepo.com/" "Mozilla/5.0 (Linux; Android 11; LM-G850) AppleWebKit/537.36 (KHTML, like Gecko) Chrome/101.0.4951.41 Mobile Safari/537.36" 
49.207.0.125 - - [06/May/2022:13:18:28 -0700] "GET /bootstrap/img/favicon.ico HTTP/1.1" 200 690 "http://www.secrepo.com/" "Mozilla/5.0 (Linux; Android 11; LM-G850) AppleWebKit/537.36 (KHTML, like Gecko) Chrome/101.0.4951.41 Mobile Safari/537.36" 
114.119.149.222 - - [06/May/2022:13:21:25 -0700] "GET /self.logs/error.log.2020-02-12.gz HTTP/1.1" 200 974 "-" "Mozilla/5.0 (Linux; Android 7.0;) AppleWebKit/537.36 (KHTML, like Gecko) Mobile Safari/537.36 (compatible; PetalBot;+https://webmaster.petalsearch.com/site/petalbot)" 
114.119.149.218 - - [06/May/2022:13:35:06 -0700] "GET /self.logs/access.log.2020-12-19.gz HTTP/1.1" 200 24665 "-" "Mozilla/5.0 (Linux; Android 7.0;) AppleWebKit/537.36 (KHTML, like Gecko) Mobile Safari/537.36 (compatible; PetalBot;+https://webmaster.petalsearch.com/site/petalbot)" 
123.16.173.77 - - [06/May/2022:12:27:18 -0700] "GET /maccdc2012/conn.log.gz HTTP/1.1" 200 549157753 "-" "Mozilla/5.0 (Windows NT 10.0; Win64; x64) AppleWebKit/537.36 (KHTML, like Gecko) Chrome/85.0.4183.121 Safari/537.36" 
113.24.224.207 - - [06/May/2022:13:37:04 -0700] "GET / HTTP/1.1" 200 13183 "http://www.baidu.com/s?wd=classroomnqo" "Mozilla/5.0 (Windows NT 6.1; WOW64; rv:43.0) Gecko/20100101 Firefox/43.0" 
113.24.224.207 - - [06/May/2022:13:37:05 -0700] "GET /css/style.css HTTP/1.1" 404 305 "http://www.secrepo.com/" "Mozilla/5.0 (Windows NT 6.1; WOW64; rv:43.0) Gecko/20100101 Firefox/43.0" 
159.75.126.179 - - [06/May/2022:13:42:42 -0700] "GET / HTTP/1.1" 301 438 "-" "Mozilla/5.0 (Windows NT 10.0; WOW64) AppleWebKit/537.36 (KHTML, like Gecko) Chrome/78.0.3904.108 Safari/537.36" 
159.75.126.179 - - [06/May/2022:13:42:43 -0700] "GET / HTTP/1.1" 200 13146 "-" "Mozilla/5.0 (Windows NT 10.0; WOW64) AppleWebKit/537.36 (KHTML, like Gecko) Chrome/78.0.3904.108 Safari/537.36" 
49.7.20.111 - - [06/May/2022:13:43:39 -0700] "GET / HTTP/1.1" 200 13146 "-" "Sogou web spider/4.0(+http://www.sogou.com/docs/help/webmasters.htm#07)" 
121.4.34.106 - - [06/May/2022:13:46:52 -0700] "GET / HTTP/1.1" 200 13146 "-" "Mozilla/5.0 (Linux; Android 6.0; Nexus 5 Build/MRA58N) AppleWebKit/537.36 (KHTML, like Gecko) Chrome/81.0.4044.138 Mobile Safari/537.36" 
40.77.167.2 - - [06/May/2022:13:48:24 -0700] "GET /self.logs/ HTTP/1.1" 200 35953 "-" "Mozilla/5.0 (compatible; bingbot/2.0; +http://www.bing.com/bingbot.htm)" 
114.119.149.218 - - [06/May/2022:13:48:34 -0700] "GET /self.logs/2016/error.log.2016-03-10.gz HTTP/1.1" 200 923 "-" "Mozilla/5.0 (Linux; Android 7.0;) AppleWebKit/537.36 (KHTML, like Gecko) Mobile Safari/537.36 (compatible; PetalBot;+https://webmaster.petalsearch.com/site/petalbot)" 
40.77.167.2 - - [06/May/2022:13:54:15 -0700] "GET /Datasets%20Description/HTML_Bro_log_2/?C=D;O=A HTTP/1.1" 200 832 "-" "Mozilla/5.0 (compatible; bingbot/2.0; +http://www.bing.com/bingbot.htm)" 
114.119.149.218 - - [06/May/2022:13:54:38 -0700] "GET /self.logs/2016/access.log.2016-11-22.gz HTTP/1.1" 200 10620 "-" "Mozilla/5.0 (Linux; Android 7.0;) AppleWebKit/537.36 (KHTML, like Gecko) Mobile Safari/537.36 (compatible; PetalBot;+https://webmaster.petalsearch.com/site/petalbot)" 
93.40.225.129 - - [06/May/2022:13:57:37 -0700] "GET / HTTP/1.1" 200 13183 "-" "Mozilla/5.0 (Windows NT 10.0; Win64; x64) AppleWebKit/537.36 (KHTML, like Gecko) Chrome/101.0.4951.54 Safari/537.36" 
93.40.225.129 - - [06/May/2022:13:57:38 -0700] "GET /css/style.css HTTP/1.1" 404 305 "http://www.secrepo.com/" "Mozilla/5.0 (Windows NT 10.0; Win64; x64) AppleWebKit/537.36 (KHTML, like Gecko) Chrome/101.0.4951.54 Safari/537.36" 
93.40.225.129 - - [06/May/2022:13:57:38 -0700] "GET /twitter-icon.png HTTP/1.1" 200 27893 "http://www.secrepo.com/" "Mozilla/5.0 (Windows NT 10.0; Win64; x64) AppleWebKit/537.36 (KHTML, like Gecko) Chrome/101.0.4951.54 Safari/537.36" 
93.40.225.129 - - [06/May/2022:13:57:38 -0700] "GET /GitHub-Mark.png HTTP/1.1" 200 7556 "http://www.secrepo.com/" "Mozilla/5.0 (Windows NT 10.0; Win64; x64) AppleWebKit/537.36 (KHTML, like Gecko) Chrome/101.0.4951.54 Safari/537.36" 
93.40.225.129 - - [06/May/2022:13:57:39 -0700] "GET /bootstrap/img/favicon.ico HTTP/1.1" 200 690 "http://www.secrepo.com/" "Mozilla/5.0 (Windows NT 10.0; Win64; x64) AppleWebKit/537.36 (KHTML, like Gecko) Chrome/101.0.4951.54 Safari/537.36" 
107.174.20.133 - - [06/May/2022:14:03:59 -0700] "GET /.env HTTP/1.1" 301 483 "-" "Mozilla/5.0 (Macintosh; Intel Mac OS X 10.15; rv:77.0) Gecko/20100101 Firefox/77.0" 
107.174.20.133 - - [06/May/2022:14:03:59 -0700] "GET /.env HTTP/1.1" 404 519 "-" "Mozilla/5.0 (Macintosh; Intel Mac OS X 10.15; rv:77.0) Gecko/20100101 Firefox/77.0" 
107.174.20.133 - - [06/May/2022:14:04:00 -0700] "GET /wp-content/ HTTP/1.1" 301 497 "-" "Mozilla/5.0 (Macintosh; Intel Mac OS X 10.15; rv:77.0) Gecko/20100101 Firefox/77.0" 
107.174.20.133 - - [06/May/2022:14:04:00 -0700] "GET /wp-content/ HTTP/1.1" 404 328 "-" "Mozilla/5.0 (Macintosh; Intel Mac OS X 10.15; rv:77.0) Gecko/20100101 Firefox/77.0" 
180.215.215.246 - - [06/May/2022:14:04:17 -0700] "GET / HTTP/1.1" 200 13183 "-" "Mozilla/5.0 (Windows NT 10.0; WOW64) AppleWebKit/537.36 (KHTML, like Gecko) Chrome/86.0.4240.198 Safari/537.36" 
114.119.149.218 - - [06/May/2022:14:05:53 -0700] "GET /self.logs/2016/error.log.2016-04-10.gz HTTP/1.1" 200 805 "-" "Mozilla/5.0 (Linux; Android 7.0;) AppleWebKit/537.36 (KHTML, like Gecko) Mobile Safari/537.36 (compatible; PetalBot;+https://webmaster.petalsearch.com/site/petalbot)" 
114.119.145.137 - - [06/May/2022:14:13:25 -0700] "GET /self.logs/2016/access.log.2016-05-17.gz HTTP/1.1" 200 13816 "-" "Mozilla/5.0 (Linux; Android 7.0;) AppleWebKit/537.36 (KHTML, like Gecko) Mobile Safari/537.36 (compatible; PetalBot;+https://webmaster.petalsearch.com/site/petalbot)" 
114.119.149.218 - - [06/May/2022:14:21:09 -0700] "GET /self.logs/access.log.2020-09-28.gz HTTP/1.1" 200 31675 "-" "Mozilla/5.0 (Linux; Android 7.0;) AppleWebKit/537.36 (KHTML, like Gecko) Mobile Safari/537.36 (compatible; PetalBot;+https://webmaster.petalsearch.com/site/petalbot)" 
49.7.20.111 - - [06/May/2022:14:21:42 -0700] "GET / HTTP/1.1" 200 13146 "-" "Sogou web spider/4.0(+http://www.sogou.com/docs/help/webmasters.htm#07)" 
40.77.167.2 - - [06/May/2022:14:32:39 -0700] "GET /self.logs/ HTTP/1.1" 200 35953 "-" "Mozilla/5.0 (compatible; bingbot/2.0; +http://www.bing.com/bingbot.htm)" 
17.121.115.196 - - [06/May/2022:14:35:35 -0700] "GET / HTTP/1.1" 200 13139 "-" "Mozilla/5.0 (Macintosh; Intel Mac OS X 10_15_5) AppleWebKit/605.1.15 (KHTML, like Gecko) Version/13.1.1 Safari/605.1.15 (Applebot/0.1; +http://www.apple.com/go/applebot)" 
114.119.140.174 - - [06/May/2022:14:42:47 -0700] "GET /self.logs/error.log.2017-10-09.gz HTTP/1.1" 200 3330 "-" "Mozilla/5.0 (Linux; Android 7.0;) AppleWebKit/537.36 (KHTML, like Gecko) Mobile Safari/537.36 (compatible; PetalBot;+https://webmaster.petalsearch.com/site/petalbot)" 
49.7.20.111 - - [06/May/2022:14:57:41 -0700] "GET / HTTP/1.1" 200 13147 "-" "Sogou web spider/4.0(+http://www.sogou.com/docs/help/webmasters.htm#07)" 
216.244.66.245 - - [06/May/2022:15:06:22 -0700] "GET /robots.txt HTTP/1.1" 301 439 "-" "Mozilla/5.0 (compatible; DotBot/1.2; +https://opensiteexplorer.org/dotbot; help@moz.com)" 
216.244.66.245 - - [06/May/2022:15:06:22 -0700] "GET /robots.txt HTTP/1.1" 200 333 "-" "Mozilla/5.0 (compatible; DotBot/1.2; +https://opensiteexplorer.org/dotbot; help@moz.com)" 
206.47.249.246 - - [06/May/2022:15:14:21 -0700] "GET /self.logs/error.log.2019-04-23.gz HTTP/1.1" 304 280 "-" "Mozilla/4.0 (compatible;)" 
216.244.66.245 - - [06/May/2022:15:15:09 -0700] "GET /Datasets%20Description/Network/dns.html HTTP/1.1" 301 493 "-" "Mozilla/5.0 (compatible; DotBot/1.2; +https://opensiteexplorer.org/dotbot; help@moz.com)" 
40.77.167.2 - - [06/May/2022:15:15:33 -0700] "GET /self.logs/ HTTP/1.1" 200 35953 "-" "Mozilla/5.0 (compatible; bingbot/2.0; +http://www.bing.com/bingbot.htm)" 
96.74.170.70 - - [06/May/2022:15:15:47 -0700] "GET / HTTP/1.1" 200 13181 "-" "Mozilla/5.0 (Windows NT 10.0; Win64; x64; rv:100.0) Gecko/20100101 Firefox/100.0" 
96.74.170.70 - - [06/May/2022:15:15:47 -0700] "GET /css/style.css HTTP/1.1" 404 305 "http://www.secrepo.com/" "Mozilla/5.0 (Windows NT 10.0; Win64; x64; rv:100.0) Gecko/20100101 Firefox/100.0" 
96.74.170.70 - - [06/May/2022:15:15:47 -0700] "GET /twitter-icon.png HTTP/1.1" 200 27916 "http://www.secrepo.com/" "Mozilla/5.0 (Windows NT 10.0; Win64; x64; rv:100.0) Gecko/20100101 Firefox/100.0" 
96.74.170.70 - - [06/May/2022:15:15:47 -0700] "GET /GitHub-Mark.png HTTP/1.1" 200 7556 "http://www.secrepo.com/" "Mozilla/5.0 (Windows NT 10.0; Win64; x64; rv:100.0) Gecko/20100101 Firefox/100.0" 
96.74.170.70 - - [06/May/2022:15:15:47 -0700] "GET /bootstrap/img/favicon.ico HTTP/1.1" 200 690 "http://www.secrepo.com/" "Mozilla/5.0 (Windows NT 10.0; Win64; x64; rv:100.0) Gecko/20100101 Firefox/100.0" 
147.92.153.11 - - [06/May/2022:15:20:29 -0700] "GET / HTTP/1.1" 301 475 "-" "Mozilla/5.0 (iPhone; CPU iPhone OS 9_1 like Mac OS X) AppleWebKit/601.1.46 (KHTML, like Gecko) Version/9.0 Mobile/13B143 Safari/601.1" 
147.92.153.11 - - [06/May/2022:15:20:30 -0700] "GET / HTTP/1.1" 200 13181 "-" "Mozilla/5.0 (iPhone; CPU iPhone OS 9_1 like Mac OS X) AppleWebKit/601.1.46 (KHTML, like Gecko) Version/9.0 Mobile/13B143 Safari/601.1" 
147.92.153.14 - - [06/May/2022:15:20:31 -0700] "GET /GitHub-Mark.png HTTP/1.1" 200 7556 "http://www.secrepo.com/" "Mozilla/5.0 (iPhone; CPU iPhone OS 9_1 like Mac OS X) AppleWebKit/601.1.46 (KHTML, like Gecko) Version/9.0 Mobile/13B143 Safari/601.1" 
147.92.153.4 - - [06/May/2022:15:20:31 -0700] "GET /css/style.css HTTP/1.1" 404 328 "http://www.secrepo.com/" "Mozilla/5.0 (iPhone; CPU iPhone OS 9_1 like Mac OS X) AppleWebKit/601.1.46 (KHTML, like Gecko) Version/9.0 Mobile/13B143 Safari/601.1" 
147.92.153.5 - - [06/May/2022:15:20:31 -0700] "GET /twitter-icon.png HTTP/1.1" 200 27916 "http://www.secrepo.com/" "Mozilla/5.0 (iPhone; CPU iPhone OS 9_1 like Mac OS X) AppleWebKit/601.1.46 (KHTML, like Gecko) Version/9.0 Mobile/13B143 Safari/601.1" 
147.92.153.14 - - [06/May/2022:15:20:37 -0700] "GET / HTTP/1.1" 301 475 "-" "Mozilla/5.0 (Windows NT 6.1; WOW64) AppleWebKit/537.36 (KHTML, like Gecko) Chrome/52.0.2743.116 Safari/537.36" 
147.92.153.14 - - [06/May/2022:15:20:38 -0700] "GET / HTTP/1.1" 200 13181 "-" "Mozilla/5.0 (Windows NT 6.1; WOW64) AppleWebKit/537.36 (KHTML, like Gecko) Chrome/52.0.2743.116 Safari/537.36" 
205.169.39.213 - - [06/May/2022:15:25:34 -0700] "GET /maccdc2012/dns.log.gz HTTP/1.1" 200 6607379 "-" "Mozilla/5.0 (Windows NT 6.1; Win64; x64) AppleWebKit/537.36 (KHTML, like Gecko) Chrome/83.0.4103.61 Safari/537.36" 
205.169.39.165 - - [06/May/2022:15:25:39 -0700] "GET / HTTP/1.1" 301 475 "-" "Mozilla/5.0 (Windows NT 6.1; Win64; x64) AppleWebKit/537.36 (KHTML, like Gecko) Chrome/83.0.4103.61 Safari/537.36" 
205.169.39.165 - - [06/May/2022:15:25:40 -0700] "GET / HTTP/1.1" 200 13181 "-" "Mozilla/5.0 (Windows NT 6.1; Win64; x64) AppleWebKit/537.36 (KHTML, like Gecko) Chrome/83.0.4103.61 Safari/537.36" 
205.169.39.165 - - [06/May/2022:15:25:43 -0700] "GET / HTTP/1.1" 301 475 "-" "Mozilla/5.0 (Windows NT 10.0; Win64; x64) AppleWebKit/537.36 (KHTML, like Gecko) Chrome/79.0.3945.79 Safari/537.36" 
205.169.39.165 - - [06/May/2022:15:25:43 -0700] "GET / HTTP/1.1" 200 13181 "-" "Mozilla/5.0 (Windows NT 10.0; Win64; x64) AppleWebKit/537.36 (KHTML, like Gecko) Chrome/79.0.3945.79 Safari/537.36" 
205.169.39.165 - - [06/May/2022:15:25:43 -0700] "GET /css/style.css HTTP/1.1" 404 305 "http://www.secrepo.com/" "Mozilla/5.0 (Windows NT 10.0; Win64; x64) AppleWebKit/537.36 (KHTML, like Gecko) Chrome/79.0.3945.79 Safari/537.36" 
205.169.39.165 - - [06/May/2022:15:25:43 -0700] "GET /twitter-icon.png HTTP/1.1" 200 27916 "http://www.secrepo.com/" "Mozilla/5.0 (Windows NT 10.0; Win64; x64) AppleWebKit/537.36 (KHTML, like Gecko) Chrome/79.0.3945.79 Safari/537.36" 
205.169.39.165 - - [06/May/2022:15:25:43 -0700] "GET /GitHub-Mark.png HTTP/1.1" 200 7556 "http://www.secrepo.com/" "Mozilla/5.0 (Windows NT 10.0; Win64; x64) AppleWebKit/537.36 (KHTML, like Gecko) Chrome/79.0.3945.79 Safari/537.36" 
114.119.140.174 - - [06/May/2022:15:26:38 -0700] "GET /self.logs/error.log.2020-07-17 HTTP/1.1" 200 351 "-" "Mozilla/5.0 (Linux; Android 7.0;) AppleWebKit/537.36 (KHTML, like Gecko) Mobile Safari/537.36 (compatible; PetalBot;+https://webmaster.petalsearch.com/site/petalbot)" 
49.7.20.111 - - [06/May/2022:15:35:00 -0700] "GET / HTTP/1.1" 200 13146 "-" "Sogou web spider/4.0(+http://www.sogou.com/docs/help/webmasters.htm#07)" 
65.154.226.100 - - [06/May/2022:15:35:22 -0700] "GET /maccdc2012/ftp.log.gz HTTP/1.1" 200 127761 "-" "Mozilla/5.0 (Windows NT 6.1; Win64; x64) AppleWebKit/537.36 (KHTML, like Gecko) Chrome/83.0.4103.61 Safari/537.36" 
114.119.145.137 - - [06/May/2022:15:37:38 -0700] "GET /self.logs/2015/error.log.2015-08-09.gz HTTP/1.1" 200 901 "-" "Mozilla/5.0 (Linux; Android 7.0;) AppleWebKit/537.36 (KHTML, like Gecko) Mobile Safari/537.36 (compatible; PetalBot;+https://webmaster.petalsearch.com/site/petalbot)" 
116.179.33.210 - - [06/May/2022:15:46:05 -0700] "GET /robots.txt HTTP/1.1" 200 340 "-" "Mozilla/5.0 (Windows NT 10.0; WOW64) AppleWebKit/537.36 (KHTML, like Gecko) Chrome/48.0.2564.116 Safari/537.36" 
116.179.33.149 - - [06/May/2022:15:46:05 -0700] "GET /robots.txt HTTP/1.1" 200 340 "-" "Mozilla/5.0 (Windows NT 10.0; WOW64) AppleWebKit/537.36 (KHTML, like Gecko) Chrome/48.0.2564.116 Safari/537.36" 
220.181.51.90 - - [06/May/2022:15:46:05 -0700] "GET /robots.txt HTTP/1.1" 200 340 "-" "Mozilla/5.0 (Windows NT 10.0; WOW64) AppleWebKit/537.36 (KHTML, like Gecko) Chrome/48.0.2564.116 Safari/537.36" 
220.181.51.85 - - [06/May/2022:15:46:18 -0700] "GET /robots.txt HTTP/1.1" 200 340 "-" "Mozilla/5.0 (Windows NT 10.0; WOW64) AppleWebKit/537.36 (KHTML, like Gecko) Chrome/48.0.2564.116 Safari/537.36" 
114.119.149.237 - - [06/May/2022:15:48:29 -0700] "GET /self.logs/2016/access.log.2016-11-28.gz HTTP/1.1" 200 22115 "-" "Mozilla/5.0 (Linux; Android 7.0;) AppleWebKit/537.36 (KHTML, like Gecko) Mobile Safari/537.36 (compatible; PetalBot;+https://webmaster.petalsearch.com/site/petalbot)" 
66.249.64.113 - - [06/May/2022:15:50:56 -0700] "GET / HTTP/1.1" 200 13183 "-" "Mozilla/5.0 (compatible; Googlebot/2.1; +http://www.google.com/bot.html)" 
66.249.64.111 - - [06/May/2022:15:52:43 -0700] "GET /Datasets%20Description/Network/tunnel.html HTTP/1.1" 200 1470 "-" "Mozilla/5.0 (compatible; Googlebot/2.1; +http://www.google.com/bot.html)" 
71.233.178.114 - - [06/May/2022:15:52:45 -0700] "GET / HTTP/1.1" 200 13183 "-" "Mozilla/5.0 (iPhone; CPU iPhone OS 15_4_1 like Mac OS X) AppleWebKit/605.1.15 (KHTML, like Gecko) Version/15.4 Mobile/15E148 Safari/604.1" 
71.233.178.114 - - [06/May/2022:15:52:46 -0700] "GET /css/style.css HTTP/1.1" 404 305 "http://www.secrepo.com/" "Mozilla/5.0 (iPhone; CPU iPhone OS 15_4_1 like Mac OS X) AppleWebKit/605.1.15 (KHTML, like Gecko) Version/15.4 Mobile/15E148 Safari/604.1" 
71.233.178.114 - - [06/May/2022:15:52:46 -0700] "GET /twitter-icon.png HTTP/1.1" 200 27916 "http://www.secrepo.com/" "Mozilla/5.0 (iPhone; CPU iPhone OS 15_4_1 like Mac OS X) AppleWebKit/605.1.15 (KHTML, like Gecko) Version/15.4 Mobile/15E148 Safari/604.1" 
71.233.178.114 - - [06/May/2022:15:52:46 -0700] "GET /GitHub-Mark.png HTTP/1.1" 200 7533 "http://www.secrepo.com/" "Mozilla/5.0 (iPhone; CPU iPhone OS 15_4_1 like Mac OS X) AppleWebKit/605.1.15 (KHTML, like Gecko) Version/15.4 Mobile/15E148 Safari/604.1" 
40.77.167.2 - - [06/May/2022:15:57:16 -0700] "GET /self.logs/ HTTP/1.1" 200 35953 "-" "Mozilla/5.0 (compatible; bingbot/2.0; +http://www.bing.com/bingbot.htm)" 
114.119.149.228 - - [06/May/2022:15:58:59 -0700] "GET /self.logs/2016/error.log.2016-04-10.gz HTTP/1.1" 200 805 "-" "Mozilla/5.0 (Linux; Android 7.0;) AppleWebKit/537.36 (KHTML, like Gecko) Mobile Safari/537.36 (compatible; PetalBot;+https://webmaster.petalsearch.com/site/petalbot)" 
114.119.149.218 - - [06/May/2022:16:09:09 -0700] "GET /self.logs/error.log.2019-04-17.gz HTTP/1.1" 200 4624 "-" "Mozilla/5.0 (Linux; Android 7.0;) AppleWebKit/537.36 (KHTML, like Gecko) Mobile Safari/537.36 (compatible; PetalBot;+https://webmaster.petalsearch.com/site/petalbot)" 
49.7.20.111 - - [06/May/2022:16:12:57 -0700] "GET / HTTP/1.1" 200 13146 "-" "Sogou web spider/4.0(+http://www.sogou.com/docs/help/webmasters.htm#07)" 
114.119.149.237 - - [06/May/2022:16:19:04 -0700] "GET /self.logs/access.log.2018-10-26.gz HTTP/1.1" 200 41380 "-" "Mozilla/5.0 (Linux; Android 7.0;) AppleWebKit/537.36 (KHTML, like Gecko) Mobile Safari/537.36 (compatible; PetalBot;+https://webmaster.petalsearch.com/site/petalbot)" 
40.77.167.2 - - [06/May/2022:16:21:40 -0700] "GET /self.logs/access.log.2019-03-06.gz HTTP/1.1" 304 281 "-" "Mozilla/5.0 (compatible; bingbot/2.0; +http://www.bing.com/bingbot.htm)" 
207.46.13.55 - - [06/May/2022:16:24:56 -0700] "GET /Datasets%20Description/PE_malware/OPCleaver.html HTTP/1.1" 200 1458 "-" "Mozilla/5.0 (compatible; bingbot/2.0; +http://www.bing.com/bingbot.htm)" 
40.77.167.2 - - [06/May/2022:16:25:40 -0700] "GET /self.logs/2016/error.log.2016-10-20.gz HTTP/1.1" 200 760 "-" "Mozilla/5.0 (compatible; bingbot/2.0; +http://www.bing.com/bingbot.htm)" 
173.245.89.199 - - [06/May/2022:16:27:47 -0700] "GET /radio.txt HTTP/1.1" 301 456 "-" "Mozilla/5.0 (Windows NT 6.1; WOW64) AppleWebKit/537.36 (KHTML, like Gecko) Chrome/50.0.2661.75 Safari/537.36" 
173.245.89.199 - - [06/May/2022:16:27:47 -0700] "GET /radio.txt HTTP/1.1" 404 291 "-" "Mozilla/5.0 (Windows NT 6.1; WOW64) AppleWebKit/537.36 (KHTML, like Gecko) Chrome/50.0.2661.75 Safari/537.36" 
114.119.149.237 - - [06/May/2022:16:29:15 -0700] "GET /self.logs/2015/error.log.2015-11-25.gz HTTP/1.1" 200 766 "-" "Mozilla/5.0 (Linux; Android 7.0;) AppleWebKit/537.36 (KHTML, like Gecko) Mobile Safari/537.36 (compatible; PetalBot;+https://webmaster.petalsearch.com/site/petalbot)" 
207.46.13.196 - - [06/May/2022:16:31:10 -0700] "GET / HTTP/1.1" 301 475 "-" "Mozilla/5.0 (compatible; bingbot/2.0; +http://www.bing.com/bingbot.htm)" 
207.46.13.196 - - [06/May/2022:16:34:40 -0700] "GET / HTTP/1.1" 200 13183 "-" "Mozilla/5.0 (compatible; bingbot/2.0; +http://www.bing.com/bingbot.htm)" 
40.77.167.2 - - [06/May/2022:16:40:51 -0700] "GET /self.logs/ HTTP/1.1" 200 35953 "-" "Mozilla/5.0 (compatible; bingbot/2.0; +http://www.bing.com/bingbot.htm)" 
49.7.20.111 - - [06/May/2022:16:49:26 -0700] "GET / HTTP/1.1" 200 13147 "-" "Sogou web spider/4.0(+http://www.sogou.com/docs/help/webmasters.htm#07)" 
114.119.140.174 - - [06/May/2022:16:49:37 -0700] "GET /self.logs/error.log.2020-03-04 HTTP/1.1" 200 351 "-" "Mozilla/5.0 (Linux; Android 7.0;) AppleWebKit/537.36 (KHTML, like Gecko) Mobile Safari/537.36 (compatible; PetalBot;+https://webmaster.petalsearch.com/site/petalbot)" 
114.119.149.228 - - [06/May/2022:16:59:50 -0700] "GET /self.logs/error.log.2021-01-11.gz HTTP/1.1" 200 977 "-" "Mozilla/5.0 (Linux; Android 7.0;) AppleWebKit/537.36 (KHTML, like Gecko) Mobile Safari/537.36 (compatible; PetalBot;+https://webmaster.petalsearch.com/site/petalbot)" 
85.208.98.51 - - [06/May/2022:17:05:14 -0700] "GET /robots.txt HTTP/1.1" 301 439 "-" "Mozilla/5.0 (compatible; SemrushBot-BM/1.0; +http://www.semrush.com/bot.html)" 
85.208.98.51 - - [06/May/2022:17:05:19 -0700] "GET /robots.txt HTTP/1.1" 200 333 "-" "Mozilla/5.0 (compatible; SemrushBot-BM/1.0; +http://www.semrush.com/bot.html)" 
114.119.145.137 - - [06/May/2022:17:09:26 -0700] "GET /self.logs/error.log.2018-10-12.gz HTTP/1.1" 200 4217 "-" "Mozilla/5.0 (Linux; Android 7.0;) AppleWebKit/537.36 (KHTML, like Gecko) Mobile Safari/537.36 (compatible; PetalBot;+https://webmaster.petalsearch.com/site/petalbot)" 
103.131.71.210 - - [06/May/2022:17:15:59 -0700] "GET /robots.txt HTTP/1.1" 301 458 "-" "Mozilla/5.0 (compatible; coccocbot-image/1.0; +http://help.coccoc.com/searchengine)" 
103.131.71.210 - - [06/May/2022:17:16:01 -0700] "GET /robots.txt HTTP/1.1" 200 340 "-" "Mozilla/5.0 (compatible; coccocbot-image/1.0; +http://help.coccoc.com/searchengine)" 
177.37.147.231 - - [06/May/2022:17:16:37 -0700] "GET / HTTP/1.1" 200 13183 "-" "Mozilla/5.0 (iPhone; CPU iPhone OS 15_4_1 like Mac OS X) AppleWebKit/605.1.15 (KHTML, like Gecko) Version/15.4 Mobile/15E148 Safari/604.1" 
40.77.167.2 - - [06/May/2022:17:22:05 -0700] "GET /self.logs/ HTTP/1.1" 200 35953 "-" "Mozilla/5.0 (compatible; bingbot/2.0; +http://www.bing.com/bingbot.htm)" 
40.77.167.3 - - [06/May/2022:17:23:31 -0700] "GET /self.logs/error.log.2022-03-11.gz HTTP/1.1" 200 1924 "-" "Mozilla/5.0 (compatible; bingbot/2.0; +http://www.bing.com/bingbot.htm)" 
49.7.20.111 - - [06/May/2022:17:26:03 -0700] "GET / HTTP/1.1" 200 13146 "-" "Sogou web spider/4.0(+http://www.sogou.com/docs/help/webmasters.htm#07)" 
114.119.149.228 - - [06/May/2022:17:28:20 -0700] "GET /self.logs/error.log.2018-09-30.gz HTTP/1.1" 200 4545 "-" "Mozilla/5.0 (Linux; Android 7.0;) AppleWebKit/537.36 (KHTML, like Gecko) Mobile Safari/537.36 (compatible; PetalBot;+https://webmaster.petalsearch.com/site/petalbot)" 
40.77.167.22 - - [06/May/2022:17:28:58 -0700] "GET /Datasets%20Description/HTML_Bro_log_1/?C=M;O=A HTTP/1.1" 200 834 "-" "Mozilla/5.0 (compatible; bingbot/2.0; +http://www.bing.com/bingbot.htm)" 
40.88.21.235 - - [06/May/2022:17:30:27 -0700] "GET / HTTP/1.1" 200 13183 "http://www.secrepo.com/" "Mozilla/5.0 (compatible; DuckDuckGo-Favicons-Bot/1.0; +http://duckduckgo.com)" 
40.88.21.235 - - [06/May/2022:17:30:27 -0700] "GET /bootstrap/img/favicon.ico HTTP/1.1" 200 690 "http://www.secrepo.com/bootstrap/img/favicon.ico" "Mozilla/5.0 (compatible; DuckDuckGo-Favicons-Bot/1.0; +http://duckduckgo.com)" 
103.45.130.194 - - [06/May/2022:17:37:30 -0700] "GET / HTTP/1.1" 200 13183 "http://www.SecRepo.com" "Mozilla/5.0 (Windows NT 10.0; Win64; x64) AppleWebKit/537.36 (KHTML, like Gecko) Chrome/87.0.4280.67 Safari/537.36 Edg/87.0.664.52" 
49.7.20.111 - - [06/May/2022:18:00:35 -0700] "GET / HTTP/1.1" 200 13146 "-" "Sogou web spider/4.0(+http://www.sogou.com/docs/help/webmasters.htm#07)" 
40.88.21.235 - - [06/May/2022:18:02:53 -0700] "GET / HTTP/1.1" 200 13183 "http://www.secrepo.com/" "Mozilla/5.0 (compatible; DuckDuckGo-Favicons-Bot/1.0; +http://duckduckgo.com)" 
40.88.21.235 - - [06/May/2022:18:02:53 -0700] "GET /bootstrap/img/favicon.ico HTTP/1.1" 200 690 "http://www.secrepo.com/bootstrap/img/favicon.ico" "Mozilla/5.0 (compatible; DuckDuckGo-Favicons-Bot/1.0; +http://duckduckgo.com)" 
40.77.167.2 - - [06/May/2022:18:03:50 -0700] "GET /self.logs/ HTTP/1.1" 200 35953 "-" "Mozilla/5.0 (compatible; bingbot/2.0; +http://www.bing.com/bingbot.htm)" 
114.119.149.228 - - [06/May/2022:18:24:33 -0700] "GET /self.logs/error.log.2017-09-20.gz HTTP/1.1" 200 1868 "-" "Mozilla/5.0 (Linux; Android 7.0;) AppleWebKit/537.36 (KHTML, like Gecko) Mobile Safari/537.36 (compatible; PetalBot;+https://webmaster.petalsearch.com/site/petalbot)" 
120.245.26.173 - - [06/May/2022:18:33:18 -0700] "GET /css/style.css HTTP/1.1" 404 328 "http://www.secrepo.com/" "Mozilla/5.0 (X11; Linux x86_64) AppleWebKit/537.36 (KHTML, like Gecko) Chrome/101.0.4951.54 Safari/537.36" 
120.245.26.173 - - [06/May/2022:18:33:19 -0700] "GET /robots.txt HTTP/1.1" 200 377 "-" "Mozilla/5.0 (X11; Linux x86_64) AppleWebKit/537.36 (KHTML, like Gecko) Chrome/101.0.4951.54 Safari/537.36" 
49.7.20.111 - - [06/May/2022:18:36:00 -0700] "GET / HTTP/1.1" 200 13146 "-" "Sogou web spider/4.0(+http://www.sogou.com/docs/help/webmasters.htm#07)" 
114.119.149.228 - - [06/May/2022:18:42:49 -0700] "GET /self.logs/access.log.2020-03-25.gz HTTP/1.1" 200 19251 "-" "Mozilla/5.0 (Linux; Android 7.0;) AppleWebKit/537.36 (KHTML, like Gecko) Mobile Safari/537.36 (compatible; PetalBot;+https://webmaster.petalsearch.com/site/petalbot)" 
40.77.167.2 - - [06/May/2022:18:45:03 -0700] "GET /self.logs/ HTTP/1.1" 200 35953 "-" "Mozilla/5.0 (compatible; bingbot/2.0; +http://www.bing.com/bingbot.htm)" 
58.250.125.170 - - [06/May/2022:19:00:12 -0700] "GET / HTTP/1.1" 200 13146 "-" "Sogou web spider/4.0(+http://www.sogou.com/docs/help/webmasters.htm#07)" 
114.119.149.218 - - [06/May/2022:19:09:16 -0700] "GET /self.logs/access.log.2019-11-12.gz HTTP/1.1" 200 15741 "-" "Mozilla/5.0 (Linux; Android 7.0;) AppleWebKit/537.36 (KHTML, like Gecko) Mobile Safari/537.36 (compatible; PetalBot;+https://webmaster.petalsearch.com/site/petalbot)" 
49.7.20.111 - - [06/May/2022:19:10:21 -0700] "GET / HTTP/1.1" 200 13146 "-" "Sogou web spider/4.0(+http://www.sogou.com/docs/help/webmasters.htm#07)" 
96.255.177.39 - - [06/May/2022:19:15:24 -0700] "GET / HTTP/1.1" 200 13183 "-" "Mozilla/5.0 (Windows NT 10.0; Win64; x64) AppleWebKit/537.36 (KHTML, like Gecko) Chrome/100.0.4896.127 Safari/537.36" 
96.255.177.39 - - [06/May/2022:19:15:24 -0700] "GET /css/style.css HTTP/1.1" 404 305 "http://www.secrepo.com/" "Mozilla/5.0 (Windows NT 10.0; Win64; x64) AppleWebKit/537.36 (KHTML, like Gecko) Chrome/100.0.4896.127 Safari/537.36" 
