193.202.110.20 - - [23/May/2021:10:42:32 -0700] "GET / HTTP/1.0" 200 48027 "-" "Mozilla/5.0 (Linux; Android 6.0.1; Nexus 5X Build/MMB29P) AppleWebKit/537.36 (KHTML, like Gecko) Chrome/90.0.4430.97 Mobile Safari/537.36 (compatible; Googlebot/2.1; +http://www.google.com/bot.html)" 
193.202.110.20 - - [23/May/2021:10:42:40 -0700] "GET /css/style.css HTTP/1.0" 404 291 "-" "Mozilla/5.0 (Linux; Android 6.0.1; Nexus 5X Build/MMB29P) AppleWebKit/537.36 (KHTML, like Gecko) Chrome/90.0.4430.97 Mobile Safari/537.36 (compatible; Googlebot/2.1; +http://www.google.com/bot.html)" 
193.202.110.20 - - [23/May/2021:10:42:41 -0700] "GET /css/style.css HTTP/1.0" 404 291 "-" "Mozilla/5.0 (Linux; Android 6.0.1; Nexus 5X Build/MMB29P) AppleWebKit/537.36 (KHTML, like Gecko) Chrome/90.0.4430.97 Mobile Safari/537.36 (compatible; Googlebot/2.1; +http://www.google.com/bot.html)" 
49.7.20.108 - - [23/May/2021:10:43:06 -0700] "GET / HTTP/1.1" 200 12841 "-" "Sogou web spider/4.0(+http://www.sogou.com/docs/help/webmasters.htm#07)" 
54.36.149.61 - - [23/May/2021:10:43:43 -0700] "GET /self.logs/2016/?C=D;O=A HTTP/1.1" 200 7816 "-" "Mozilla/5.0 (compatible; AhrefsBot/7.0; +http://ahrefs.com/robot/)" 
168.119.227.194 - - [23/May/2021:10:45:46 -0700] "GET /self.logs/access.log.2020-12-14.gz HTTP/1.1" 200 19067 "-" "Mozilla/5.0 (Macintosh; Intel Mac OS X 10_15_7) AppleWebKit/537.36 (KHTML, like Gecko) Chrome/86.0.4240.111 Safari/537.36" 
168.119.227.194 - - [23/May/2021:10:45:46 -0700] "GET /self.logs/error.log.2018-09-20.gz HTTP/1.1" 200 5068 "-" "Mozilla/5.0 (Macintosh; Intel Mac OS X 10_15_7) AppleWebKit/537.36 (KHTML, like Gecko) Chrome/86.0.4240.111 Safari/537.36" 
168.119.227.194 - - [23/May/2021:10:45:47 -0700] "GET /self.logs/access.log.2019-03-04.gz HTTP/1.1" 200 19087 "-" "Mozilla/5.0 (Macintosh; Intel Mac OS X 10_15_7) AppleWebKit/537.36 (KHTML, like Gecko) Chrome/86.0.4240.111 Safari/537.36" 
168.119.227.194 - - [23/May/2021:10:45:47 -0700] "GET /self.logs/access.log.2020-06-07.gz HTTP/1.1" 200 13104 "-" "Mozilla/5.0 (Macintosh; Intel Mac OS X 10_15_7) AppleWebKit/537.36 (KHTML, like Gecko) Chrome/86.0.4240.111 Safari/537.36" 
168.119.227.194 - - [23/May/2021:10:45:47 -0700] "GET /self.logs/error.log.2018-03-24.gz HTTP/1.1" 200 8919 "-" "Mozilla/5.0 (Macintosh; Intel Mac OS X 10_15_7) AppleWebKit/537.36 (KHTML, like Gecko) Chrome/86.0.4240.111 Safari/537.36" 
168.119.227.194 - - [23/May/2021:10:45:47 -0700] "GET /self.logs/access.log.2020-11-09.gz HTTP/1.1" 200 20910 "-" "Mozilla/5.0 (Macintosh; Intel Mac OS X 10_15_7) AppleWebKit/537.36 (KHTML, like Gecko) Chrome/86.0.4240.111 Safari/537.36" 
168.119.227.194 - - [23/May/2021:10:45:48 -0700] "GET /self.logs/error.log.2020-07-30 HTTP/1.1" 200 351 "-" "Mozilla/5.0 (Macintosh; Intel Mac OS X 10_15_7) AppleWebKit/537.36 (KHTML, like Gecko) Chrome/86.0.4240.111 Safari/537.36" 
168.119.227.194 - - [23/May/2021:10:45:48 -0700] "GET /self.logs/error.log.2019-01-25.gz HTTP/1.1" 200 12030 "-" "Mozilla/5.0 (Macintosh; Intel Mac OS X 10_15_7) AppleWebKit/537.36 (KHTML, like Gecko) Chrome/86.0.4240.111 Safari/537.36" 
168.119.227.194 - - [23/May/2021:10:45:48 -0700] "GET /self.logs/access.log.2020-07-18.gz HTTP/1.1" 200 30954 "-" "Mozilla/5.0 (Macintosh; Intel Mac OS X 10_15_7) AppleWebKit/537.36 (KHTML, like Gecko) Chrome/86.0.4240.111 Safari/537.36" 
168.119.227.194 - - [23/May/2021:10:45:48 -0700] "GET /self.logs/error.log.2021-03-11.gz HTTP/1.1" 200 1547 "-" "Mozilla/5.0 (Macintosh; Intel Mac OS X 10_15_7) AppleWebKit/537.36 (KHTML, like Gecko) Chrome/86.0.4240.111 Safari/537.36" 
168.119.227.194 - - [23/May/2021:10:45:49 -0700] "GET /self.logs/access.log.2018-02-01.gz HTTP/1.1" 200 30882 "-" "Mozilla/5.0 (Macintosh; Intel Mac OS X 10_15_7) AppleWebKit/537.36 (KHTML, like Gecko) Chrome/86.0.4240.111 Safari/537.36" 
168.119.227.194 - - [23/May/2021:10:45:49 -0700] "GET /self.logs/access.log.2018-08-29.gz HTTP/1.1" 200 41785 "-" "Mozilla/5.0 (Macintosh; Intel Mac OS X 10_15_7) AppleWebKit/537.36 (KHTML, like Gecko) Chrome/86.0.4240.111 Safari/537.36" 
168.119.227.194 - - [23/May/2021:10:45:49 -0700] "GET /self.logs/access.log.2018-08-09.gz HTTP/1.1" 200 26792 "-" "Mozilla/5.0 (Macintosh; Intel Mac OS X 10_15_7) AppleWebKit/537.36 (KHTML, like Gecko) Chrome/86.0.4240.111 Safari/537.36" 
168.119.227.194 - - [23/May/2021:10:45:49 -0700] "GET /self.logs/access.log.2017-03-20.gz HTTP/1.1" 200 16118 "-" "Mozilla/5.0 (Macintosh; Intel Mac OS X 10_15_7) AppleWebKit/537.36 (KHTML, like Gecko) Chrome/86.0.4240.111 Safari/537.36" 
168.119.227.194 - - [23/May/2021:10:45:49 -0700] "GET /self.logs/access.log.2017-06-23.gz HTTP/1.1" 200 67160 "-" "Mozilla/5.0 (Macintosh; Intel Mac OS X 10_15_7) AppleWebKit/537.36 (KHTML, like Gecko) Chrome/86.0.4240.111 Safari/537.36" 
168.119.227.194 - - [23/May/2021:10:45:50 -0700] "GET /self.logs/access.log.2018-08-23.gz HTTP/1.1" 200 22161 "-" "Mozilla/5.0 (Macintosh; Intel Mac OS X 10_15_7) AppleWebKit/537.36 (KHTML, like Gecko) Chrome/86.0.4240.111 Safari/537.36" 
168.119.227.194 - - [23/May/2021:10:45:50 -0700] "GET /self.logs/access.log.2017-10-04.gz HTTP/1.1" 200 34195 "-" "Mozilla/5.0 (Macintosh; Intel Mac OS X 10_15_7) AppleWebKit/537.36 (KHTML, like Gecko) Chrome/86.0.4240.111 Safari/537.36" 
168.119.227.194 - - [23/May/2021:10:45:50 -0700] "GET /self.logs/error.log.2020-08-25 HTTP/1.1" 200 351 "-" "Mozilla/5.0 (Macintosh; Intel Mac OS X 10_15_7) AppleWebKit/537.36 (KHTML, like Gecko) Chrome/86.0.4240.111 Safari/537.36" 
168.119.227.194 - - [23/May/2021:10:45:50 -0700] "GET /self.logs/access.log.2017-01-05.gz HTTP/1.1" 200 42710 "-" "Mozilla/5.0 (Macintosh; Intel Mac OS X 10_15_7) AppleWebKit/537.36 (KHTML, like Gecko) Chrome/86.0.4240.111 Safari/537.36" 
168.119.227.194 - - [23/May/2021:10:45:51 -0700] "GET /self.logs/access.log.2021-05-09.gz HTTP/1.1" 200 24417 "-" "Mozilla/5.0 (Macintosh; Intel Mac OS X 10_15_7) AppleWebKit/537.36 (KHTML, like Gecko) Chrome/86.0.4240.111 Safari/537.36" 
114.119.150.248 - - [23/May/2021:10:47:54 -0700] "GET /self.logs/access.log.2020-05-25.gz HTTP/1.1" 200 12230 "-" "Mozilla/5.0 (Linux; Android 7.0;) AppleWebKit/537.36 (KHTML, like Gecko) Mobile Safari/537.36 (compatible; PetalBot;+https://webmaster.petalsearch.com/site/petalbot)" 
106.38.241.178 - - [23/May/2021:10:48:56 -0700] "GET / HTTP/1.1" 200 12841 "-" "Sogou web spider/4.0(+http://www.sogou.com/docs/help/webmasters.htm#07)" 
66.249.83.192 - - [23/May/2021:10:50:22 -0700] "GET / HTTP/1.1" 301 475 "-" "Mozilla/5.0 (X11; Linux x86_64) AppleWebKit/537.36 (KHTML, like Gecko) Chrome/49.0.2623.75 Safari/537.36 Google Favicon" 
66.249.83.81 - - [23/May/2021:10:50:22 -0700] "GET / HTTP/1.1" 200 12878 "-" "Mozilla/5.0 (X11; Linux x86_64) AppleWebKit/537.36 (KHTML, like Gecko) Chrome/49.0.2623.75 Safari/537.36 Google Favicon" 
66.249.83.81 - - [23/May/2021:10:50:22 -0700] "GET /bootstrap/img/favicon.ico HTTP/1.1" 200 690 "-" "Mozilla/5.0 (X11; Linux x86_64) AppleWebKit/537.36 (KHTML, like Gecko) Chrome/49.0.2623.75 Safari/537.36 Google Favicon" 
54.36.149.61 - - [23/May/2021:10:50:38 -0700] "GET /self.logs/error.log.2021-01-21.gz HTTP/1.1" 200 1799 "-" "Mozilla/5.0 (compatible; AhrefsBot/7.0; +http://ahrefs.com/robot/)" 
114.119.159.101 - - [23/May/2021:10:53:07 -0700] "GET /self.logs/access.log.2019-05-15.gz HTTP/1.1" 200 41157 "-" "Mozilla/5.0 (Linux; Android 7.0;) AppleWebKit/537.36 (KHTML, like Gecko) Mobile Safari/537.36 (compatible; PetalBot;+https://webmaster.petalsearch.com/site/petalbot)" 
54.36.148.17 - - [23/May/2021:10:54:01 -0700] "GET /self.logs/access.log.2017-03-05.gz HTTP/1.1" 200 14681 "-" "Mozilla/5.0 (compatible; AhrefsBot/7.0; +http://ahrefs.com/robot/)" 
49.7.20.102 - - [23/May/2021:10:54:01 -0700] "GET / HTTP/1.1" 200 12841 "-" "Sogou web spider/4.0(+http://www.sogou.com/docs/help/webmasters.htm#07)" 
157.90.175.178 - - [23/May/2021:10:54:44 -0700] "GET /self.logs/error.log.2021-01-07 HTTP/1.1" 200 351 "-" "Mozilla/5.0 (Macintosh; Intel Mac OS X 10_15_7) AppleWebKit/537.36 (KHTML, like Gecko) Chrome/86.0.4240.111 Safari/537.36" 
157.90.175.178 - - [23/May/2021:10:54:45 -0700] "GET /self.logs/error.log.2017-03-22.gz HTTP/1.1" 200 869 "-" "Mozilla/5.0 (Macintosh; Intel Mac OS X 10_15_7) AppleWebKit/537.36 (KHTML, like Gecko) Chrome/86.0.4240.111 Safari/537.36" 
157.90.175.178 - - [23/May/2021:10:54:45 -0700] "GET /self.logs/error.log.2020-10-26 HTTP/1.1" 200 351 "-" "Mozilla/5.0 (Macintosh; Intel Mac OS X 10_15_7) AppleWebKit/537.36 (KHTML, like Gecko) Chrome/86.0.4240.111 Safari/537.36" 
157.90.175.178 - - [23/May/2021:10:54:45 -0700] "GET /self.logs/access.log.2020-12-24.gz HTTP/1.1" 200 13783 "-" "Mozilla/5.0 (Macintosh; Intel Mac OS X 10_15_7) AppleWebKit/537.36 (KHTML, like Gecko) Chrome/86.0.4240.111 Safari/537.36" 
157.90.175.178 - - [23/May/2021:10:54:45 -0700] "GET /self.logs/access.log.2019-11-14.gz HTTP/1.1" 200 16371 "-" "Mozilla/5.0 (Macintosh; Intel Mac OS X 10_15_7) AppleWebKit/537.36 (KHTML, like Gecko) Chrome/86.0.4240.111 Safari/537.36" 
157.90.175.178 - - [23/May/2021:10:54:46 -0700] "GET /self.logs/error.log.2019-08-15.gz HTTP/1.1" 200 1277 "-" "Mozilla/5.0 (Macintosh; Intel Mac OS X 10_15_7) AppleWebKit/537.36 (KHTML, like Gecko) Chrome/86.0.4240.111 Safari/537.36" 
157.90.175.178 - - [23/May/2021:10:54:46 -0700] "GET /self.logs/error.log.2017-12-17.gz HTTP/1.1" 200 2022 "-" "Mozilla/5.0 (Macintosh; Intel Mac OS X 10_15_7) AppleWebKit/537.36 (KHTML, like Gecko) Chrome/86.0.4240.111 Safari/537.36" 
157.90.175.178 - - [23/May/2021:10:54:46 -0700] "GET /self.logs/error.log.2017-05-17.gz HTTP/1.1" 200 1005 "-" "Mozilla/5.0 (Macintosh; Intel Mac OS X 10_15_7) AppleWebKit/537.36 (KHTML, like Gecko) Chrome/86.0.4240.111 Safari/537.36" 
157.90.175.178 - - [23/May/2021:10:54:46 -0700] "GET /self.logs/error.log.2021-04-11.gz HTTP/1.1" 200 1218 "-" "Mozilla/5.0 (Macintosh; Intel Mac OS X 10_15_7) AppleWebKit/537.36 (KHTML, like Gecko) Chrome/86.0.4240.111 Safari/537.36" 
157.90.175.178 - - [23/May/2021:10:54:47 -0700] "GET /self.logs/access.log.2017-02-22.gz HTTP/1.1" 200 24411 "-" "Mozilla/5.0 (Macintosh; Intel Mac OS X 10_15_7) AppleWebKit/537.36 (KHTML, like Gecko) Chrome/86.0.4240.111 Safari/537.36" 
157.90.175.178 - - [23/May/2021:10:54:47 -0700] "GET /self.logs/error.log.2019-03-18.gz HTTP/1.1" 200 5627 "-" "Mozilla/5.0 (Macintosh; Intel Mac OS X 10_15_7) AppleWebKit/537.36 (KHTML, like Gecko) Chrome/86.0.4240.111 Safari/537.36" 
157.90.175.178 - - [23/May/2021:10:54:47 -0700] "GET /self.logs/error.log.2020-03-09.gz HTTP/1.1" 200 991 "-" "Mozilla/5.0 (Macintosh; Intel Mac OS X 10_15_7) AppleWebKit/537.36 (KHTML, like Gecko) Chrome/86.0.4240.111 Safari/537.36" 
157.90.175.178 - - [23/May/2021:10:54:47 -0700] "GET /self.logs/access.log.2021-02-25.gz HTTP/1.1" 200 19871 "-" "Mozilla/5.0 (Macintosh; Intel Mac OS X 10_15_7) AppleWebKit/537.36 (KHTML, like Gecko) Chrome/86.0.4240.111 Safari/537.36" 
157.90.175.178 - - [23/May/2021:10:54:48 -0700] "GET /self.logs/access.log.2020-05-15.gz HTTP/1.1" 200 9664 "-" "Mozilla/5.0 (Macintosh; Intel Mac OS X 10_15_7) AppleWebKit/537.36 (KHTML, like Gecko) Chrome/86.0.4240.111 Safari/537.36" 
157.90.175.178 - - [23/May/2021:10:54:48 -0700] "GET /self.logs/access.log.2019-10-04.gz HTTP/1.1" 200 56053 "-" "Mozilla/5.0 (Macintosh; Intel Mac OS X 10_15_7) AppleWebKit/537.36 (KHTML, like Gecko) Chrome/86.0.4240.111 Safari/537.36" 
157.90.175.178 - - [23/May/2021:10:54:48 -0700] "GET /self.logs/error.log.2018-07-19.gz HTTP/1.1" 200 5918 "-" "Mozilla/5.0 (Macintosh; Intel Mac OS X 10_15_7) AppleWebKit/537.36 (KHTML, like Gecko) Chrome/86.0.4240.111 Safari/537.36" 
157.90.175.178 - - [23/May/2021:10:54:48 -0700] "GET /self.logs/access.log.2019-12-24.gz HTTP/1.1" 200 14034 "-" "Mozilla/5.0 (Macintosh; Intel Mac OS X 10_15_7) AppleWebKit/537.36 (KHTML, like Gecko) Chrome/86.0.4240.111 Safari/537.36" 
157.90.175.178 - - [23/May/2021:10:54:49 -0700] "GET /self.logs/access.log.2019-10-19.gz HTTP/1.1" 200 16452 "-" "Mozilla/5.0 (Macintosh; Intel Mac OS X 10_15_7) AppleWebKit/537.36 (KHTML, like Gecko) Chrome/86.0.4240.111 Safari/537.36" 
157.90.175.178 - - [23/May/2021:10:54:49 -0700] "GET /self.logs/error.log.2019-12-19.gz HTTP/1.1" 200 975 "-" "Mozilla/5.0 (Macintosh; Intel Mac OS X 10_15_7) AppleWebKit/537.36 (KHTML, like Gecko) Chrome/86.0.4240.111 Safari/537.36" 
157.90.175.178 - - [23/May/2021:10:54:49 -0700] "GET /self.logs/access.log.2019-12-26.gz HTTP/1.1" 200 13928 "-" "Mozilla/5.0 (Macintosh; Intel Mac OS X 10_15_7) AppleWebKit/537.36 (KHTML, like Gecko) Chrome/86.0.4240.111 Safari/537.36" 
54.36.149.61 - - [23/May/2021:10:57:23 -0700] "GET /Datasets%20Description/PE_malware/VirusShare.html HTTP/1.1" 200 1607 "-" "Mozilla/5.0 (compatible; AhrefsBot/7.0; +http://ahrefs.com/robot/)" 
142.113.23.193 - - [23/May/2021:10:57:47 -0700] "GET /wp-login.php HTTP/1.1" 404 328 "-" "Mozilla/5.0 (Windows NT 6.1; WOW64; rv:40.0) Gecko/20100101 Firefox/40.1" 
142.113.23.193 - - [23/May/2021:10:57:52 -0700] "GET /wp-login.php HTTP/1.1" 404 328 "-" "Mozilla/5.0 (Windows NT 6.1; WOW64; rv:40.0) Gecko/20100101 Firefox/40.1" 
142.113.23.193 - - [23/May/2021:10:57:57 -0700] "GET / HTTP/1.1" 200 48064 "-" "Mozilla/5.0 (Windows NT 6.1; WOW64; rv:40.0) Gecko/20100101 Firefox/40.1" 
114.119.129.244 - - [23/May/2021:10:58:37 -0700] "GET /self.logs/2015/access.log.2015-03-05.gz HTTP/1.1" 200 3383 "-" "Mozilla/5.0 (Linux; Android 7.0;) AppleWebKit/537.36 (KHTML, like Gecko) Mobile Safari/537.36 (compatible; PetalBot;+https://webmaster.petalsearch.com/site/petalbot)" 
54.36.148.17 - - [23/May/2021:11:00:53 -0700] "GET /Datasets%20Description/HTML_Bro_log_3/?C=D;O=A HTTP/1.1" 200 779 "-" "Mozilla/5.0 (compatible; AhrefsBot/7.0; +http://ahrefs.com/robot/)" 
114.119.157.43 - - [23/May/2021:11:03:46 -0700] "GET /self.logs/access.log.2020-10-25.gz HTTP/1.1" 200 17941 "-" "Mozilla/5.0 (Linux; Android 7.0;) AppleWebKit/537.36 (KHTML, like Gecko) Mobile Safari/537.36 (compatible; PetalBot;+https://webmaster.petalsearch.com/site/petalbot)" 
54.36.149.81 - - [23/May/2021:11:04:20 -0700] "GET /maccdc2012/ssl.log.gz HTTP/1.1" 200 75920 "-" "Mozilla/5.0 (compatible; AhrefsBot/7.0; +http://ahrefs.com/robot/)" 
49.7.20.108 - - [23/May/2021:11:04:31 -0700] "GET / HTTP/1.1" 200 12843 "-" "Sogou web spider/4.0(+http://www.sogou.com/docs/help/webmasters.htm#07)" 
142.113.23.193 - - [23/May/2021:11:04:42 -0700] "GET /wp-login.php HTTP/1.1" 301 499 "-" "Mozilla/5.0 (Windows NT 6.1; WOW64; rv:40.0) Gecko/20100101 Firefox/40.1" 
142.113.23.193 - - [23/May/2021:11:04:42 -0700] "GET /wp-login.php HTTP/1.1" 404 328 "-" "Mozilla/5.0 (Windows NT 6.1; WOW64; rv:40.0) Gecko/20100101 Firefox/40.1" 
142.113.23.193 - - [23/May/2021:11:04:47 -0700] "GET /wp-login.php HTTP/1.1" 301 499 "-" "Mozilla/5.0 (Windows NT 6.1; WOW64; rv:40.0) Gecko/20100101 Firefox/40.1" 
142.113.23.193 - - [23/May/2021:11:04:48 -0700] "GET /wp-login.php HTTP/1.1" 404 328 "-" "Mozilla/5.0 (Windows NT 6.1; WOW64; rv:40.0) Gecko/20100101 Firefox/40.1" 
142.113.23.193 - - [23/May/2021:11:04:53 -0700] "GET / HTTP/1.1" 301 475 "-" "Mozilla/5.0 (Windows NT 6.1; WOW64; rv:40.0) Gecko/20100101 Firefox/40.1" 
142.113.23.193 - - [23/May/2021:11:04:53 -0700] "GET / HTTP/1.1" 200 48064 "-" "Mozilla/5.0 (Windows NT 6.1; WOW64; rv:40.0) Gecko/20100101 Firefox/40.1" 
114.119.141.53 - - [23/May/2021:11:09:20 -0700] "GET /self.logs/error.log.2018-10-14.gz HTTP/1.1" 200 4719 "-" "Mozilla/5.0 (Linux; Android 7.0;) AppleWebKit/537.36 (KHTML, like Gecko) Mobile Safari/537.36 (compatible; PetalBot;+https://webmaster.petalsearch.com/site/petalbot)" 
54.36.149.61 - - [23/May/2021:11:10:59 -0700] "GET /self.logs/?C=N;O=D HTTP/1.1" 200 30181 "-" "Mozilla/5.0 (compatible; AhrefsBot/7.0; +http://ahrefs.com/robot/)" 
162.55.47.49 - - [23/May/2021:11:12:01 -0700] "GET /self.logs/access.log.2021-03-23.gz HTTP/1.1" 200 15195 "-" "Mozilla/5.0 (Macintosh; Intel Mac OS X 10_15_7) AppleWebKit/537.36 (KHTML, like Gecko) Chrome/86.0.4240.111 Safari/537.36" 
162.55.47.49 - - [23/May/2021:11:12:02 -0700] "GET /self.logs/error.log.2017-07-30.gz HTTP/1.1" 200 1040 "-" "Mozilla/5.0 (Macintosh; Intel Mac OS X 10_15_7) AppleWebKit/537.36 (KHTML, like Gecko) Chrome/86.0.4240.111 Safari/537.36" 
162.55.47.49 - - [23/May/2021:11:12:02 -0700] "GET /self.logs/error.log.2018-02-07.gz HTTP/1.1" 200 4151 "-" "Mozilla/5.0 (Macintosh; Intel Mac OS X 10_15_7) AppleWebKit/537.36 (KHTML, like Gecko) Chrome/86.0.4240.111 Safari/537.36" 
162.55.47.49 - - [23/May/2021:11:12:02 -0700] "GET /self.logs/access.log.2020-08-02.gz HTTP/1.1" 200 10908 "-" "Mozilla/5.0 (Macintosh; Intel Mac OS X 10_15_7) AppleWebKit/537.36 (KHTML, like Gecko) Chrome/86.0.4240.111 Safari/537.36" 
162.55.47.49 - - [23/May/2021:11:12:04 -0700] "GET /self.logs/access.log.2017-06-18.gz HTTP/1.1" 200 17230 "-" "Mozilla/5.0 (Macintosh; Intel Mac OS X 10_15_7) AppleWebKit/537.36 (KHTML, like Gecko) Chrome/86.0.4240.111 Safari/537.36" 
162.55.47.49 - - [23/May/2021:11:12:04 -0700] "GET /self.logs/error.log.2020-12-30 HTTP/1.1" 200 351 "-" "Mozilla/5.0 (Macintosh; Intel Mac OS X 10_15_7) AppleWebKit/537.36 (KHTML, like Gecko) Chrome/86.0.4240.111 Safari/537.36" 
162.55.47.49 - - [23/May/2021:11:12:04 -0700] "GET /self.logs/access.log.2018-09-16.gz HTTP/1.1" 200 26356 "-" "Mozilla/5.0 (Macintosh; Intel Mac OS X 10_15_7) AppleWebKit/537.36 (KHTML, like Gecko) Chrome/86.0.4240.111 Safari/537.36" 
162.55.47.49 - - [23/May/2021:11:12:05 -0700] "GET /self.logs/error.log.2019-02-11.gz HTTP/1.1" 200 4496 "-" "Mozilla/5.0 (Macintosh; Intel Mac OS X 10_15_7) AppleWebKit/537.36 (KHTML, like Gecko) Chrome/86.0.4240.111 Safari/537.36" 
162.55.47.49 - - [23/May/2021:11:12:05 -0700] "GET /self.logs/access.log.2021-04-25.gz HTTP/1.1" 200 26774 "-" "Mozilla/5.0 (Macintosh; Intel Mac OS X 10_15_7) AppleWebKit/537.36 (KHTML, like Gecko) Chrome/86.0.4240.111 Safari/537.36" 
162.55.47.49 - - [23/May/2021:11:12:06 -0700] "GET /self.logs/access.log.2020-08-05.gz HTTP/1.1" 200 14878 "-" "Mozilla/5.0 (Macintosh; Intel Mac OS X 10_15_7) AppleWebKit/537.36 (KHTML, like Gecko) Chrome/86.0.4240.111 Safari/537.36" 
162.55.47.49 - - [23/May/2021:11:12:07 -0700] "GET /self.logs/access.log.2018-10-26.gz HTTP/1.1" 200 41380 "-" "Mozilla/5.0 (Macintosh; Intel Mac OS X 10_15_7) AppleWebKit/537.36 (KHTML, like Gecko) Chrome/86.0.4240.111 Safari/537.36" 
162.55.47.49 - - [23/May/2021:11:12:07 -0700] "GET /self.logs/error.log.2018-02-13.gz HTTP/1.1" 200 4508 "-" "Mozilla/5.0 (Macintosh; Intel Mac OS X 10_15_7) AppleWebKit/537.36 (KHTML, like Gecko) Chrome/86.0.4240.111 Safari/537.36" 
162.55.47.49 - - [23/May/2021:11:12:08 -0700] "GET /self.logs/access.log.2017-11-07.gz HTTP/1.1" 200 51804 "-" "Mozilla/5.0 (Macintosh; Intel Mac OS X 10_15_7) AppleWebKit/537.36 (KHTML, like Gecko) Chrome/86.0.4240.111 Safari/537.36" 
162.55.47.49 - - [23/May/2021:11:12:08 -0700] "GET /self.logs/error.log.2020-09-07 HTTP/1.1" 200 351 "-" "Mozilla/5.0 (Macintosh; Intel Mac OS X 10_15_7) AppleWebKit/537.36 (KHTML, like Gecko) Chrome/86.0.4240.111 Safari/537.36" 
162.55.47.49 - - [23/May/2021:11:12:08 -0700] "GET /self.logs/error.log.2020-10-29.gz HTTP/1.1" 200 827 "-" "Mozilla/5.0 (Macintosh; Intel Mac OS X 10_15_7) AppleWebKit/537.36 (KHTML, like Gecko) Chrome/86.0.4240.111 Safari/537.36" 
162.55.47.49 - - [23/May/2021:11:12:09 -0700] "GET /self.logs/error.log.2017-07-12.gz HTTP/1.1" 200 977 "-" "Mozilla/5.0 (Macintosh; Intel Mac OS X 10_15_7) AppleWebKit/537.36 (KHTML, like Gecko) Chrome/86.0.4240.111 Safari/537.36" 
162.55.47.49 - - [23/May/2021:11:12:09 -0700] "GET /self.logs/access.log.2017-11-13.gz HTTP/1.1" 200 28238 "-" "Mozilla/5.0 (Macintosh; Intel Mac OS X 10_15_7) AppleWebKit/537.36 (KHTML, like Gecko) Chrome/86.0.4240.111 Safari/537.36" 
162.55.47.49 - - [23/May/2021:11:12:10 -0700] "GET /self.logs/error.log.2020-04-17.gz HTTP/1.1" 200 1367 "-" "Mozilla/5.0 (Macintosh; Intel Mac OS X 10_15_7) AppleWebKit/537.36 (KHTML, like Gecko) Chrome/86.0.4240.111 Safari/537.36" 
162.55.47.49 - - [23/May/2021:11:12:12 -0700] "GET /self.logs/error.log.2019-05-17.gz HTTP/1.1" 200 7113 "-" "Mozilla/5.0 (Macintosh; Intel Mac OS X 10_15_7) AppleWebKit/537.36 (KHTML, like Gecko) Chrome/86.0.4240.111 Safari/537.36" 
162.55.47.49 - - [23/May/2021:11:12:12 -0700] "GET /self.logs/access.log.2018-05-16.gz HTTP/1.1" 200 60643 "-" "Mozilla/5.0 (Macintosh; Intel Mac OS X 10_15_7) AppleWebKit/537.36 (KHTML, like Gecko) Chrome/86.0.4240.111 Safari/537.36" 
54.36.149.61 - - [23/May/2021:11:14:13 -0700] "GET /Datasets%20Description/Network/?C=M;O=A HTTP/1.1" 200 725 "-" "Mozilla/5.0 (compatible; AhrefsBot/7.0; +http://ahrefs.com/robot/)" 
114.119.140.84 - - [23/May/2021:11:14:21 -0700] "GET /self.logs/error.log.2021-01-17.gz HTTP/1.1" 200 1153 "-" "Mozilla/5.0 (Linux; Android 7.0;) AppleWebKit/537.36 (KHTML, like Gecko) Mobile Safari/537.36 (compatible; PetalBot;+https://webmaster.petalsearch.com/site/petalbot)" 
119.160.116.207 - - [23/May/2021:11:16:22 -0700] "GET / HTTP/1.1" 200 12880 "-" "Mozilla/5.0 (Windows NT 10.0; WOW64) AppleWebKit/537.36 (KHTML, like Gecko) Chrome/90.0.4430.212 Safari/537.36" 
119.160.116.207 - - [23/May/2021:11:16:22 -0700] "GET /css/style.css HTTP/1.1" 404 305 "http://www.secrepo.com/" "Mozilla/5.0 (Windows NT 10.0; WOW64) AppleWebKit/537.36 (KHTML, like Gecko) Chrome/90.0.4430.212 Safari/537.36" 
54.36.148.17 - - [23/May/2021:11:17:25 -0700] "GET / HTTP/1.1" 200 12836 "-" "Mozilla/5.0 (compatible; AhrefsBot/7.0; +http://ahrefs.com/robot/)" 
119.160.116.207 - - [23/May/2021:11:17:53 -0700] "GET /maccdc2012/ssl.log.gz HTTP/1.1" 200 1311486 "http://www.secrepo.com/" "Mozilla/5.0 (Windows NT 10.0; WOW64) AppleWebKit/537.36 (KHTML, like Gecko) Chrome/90.0.4430.212 Safari/537.36" 
40.77.167.38 - - [23/May/2021:11:18:18 -0700] "GET /self.logs/access.log.2021-03-31.gz HTTP/1.1" 200 21070 "-" "Mozilla/5.0 (compatible; bingbot/2.0; +http://www.bing.com/bingbot.htm)" 
106.38.241.178 - - [23/May/2021:11:19:21 -0700] "GET / HTTP/1.1" 200 12843 "-" "Sogou web spider/4.0(+http://www.sogou.com/docs/help/webmasters.htm#07)" 
114.119.157.43 - - [23/May/2021:11:20:25 -0700] "GET /self.logs?C=D%3BO%3DA HTTP/1.1" 301 587 "-" "Mozilla/5.0 (Linux; Android 7.0;) AppleWebKit/537.36 (KHTML, like Gecko) Mobile Safari/537.36 (compatible; PetalBot;+https://webmaster.petalsearch.com/site/petalbot)" 
114.119.157.43 - - [23/May/2021:11:20:26 -0700] "GET /self.logs/?C=D%3BO%3DA HTTP/1.1" 200 29533 "-" "Mozilla/5.0 (Linux; Android 7.0;) AppleWebKit/537.36 (KHTML, like Gecko) Mobile Safari/537.36 (compatible; PetalBot;+https://webmaster.petalsearch.com/site/petalbot)" 
54.36.148.17 - - [23/May/2021:11:20:46 -0700] "GET /Datasets%20Description/HTML_Bro_log_1/packet_filter.html HTTP/1.1" 200 1681 "-" "Mozilla/5.0 (compatible; AhrefsBot/7.0; +http://ahrefs.com/robot/)" 
95.216.208.106 - - [23/May/2021:11:22:02 -0700] "GET /self.logs/access.log.2021-02-04.gz HTTP/1.1" 200 25247 "-" "Mozilla/5.0 (Macintosh; Intel Mac OS X 10_15_7) AppleWebKit/537.36 (KHTML, like Gecko) Chrome/86.0.4240.111 Safari/537.36" 
95.216.208.106 - - [23/May/2021:11:22:03 -0700] "GET /self.logs/error.log.2018-12-23.gz HTTP/1.1" 200 3039 "-" "Mozilla/5.0 (Macintosh; Intel Mac OS X 10_15_7) AppleWebKit/537.36 (KHTML, like Gecko) Chrome/86.0.4240.111 Safari/537.36" 
95.216.208.106 - - [23/May/2021:11:22:03 -0700] "GET /self.logs/error.log.2019-09-19.gz HTTP/1.1" 200 2404 "-" "Mozilla/5.0 (Macintosh; Intel Mac OS X 10_15_7) AppleWebKit/537.36 (KHTML, like Gecko) Chrome/86.0.4240.111 Safari/537.36" 
95.216.208.106 - - [23/May/2021:11:22:03 -0700] "GET /self.logs/access.log.2021-05-08.gz HTTP/1.1" 200 31671 "-" "Mozilla/5.0 (Macintosh; Intel Mac OS X 10_15_7) AppleWebKit/537.36 (KHTML, like Gecko) Chrome/86.0.4240.111 Safari/537.36" 
95.216.208.106 - - [23/May/2021:11:22:03 -0700] "GET /self.logs/error.log.2018-03-15.gz HTTP/1.1" 200 4606 "-" "Mozilla/5.0 (Macintosh; Intel Mac OS X 10_15_7) AppleWebKit/537.36 (KHTML, like Gecko) Chrome/86.0.4240.111 Safari/537.36" 
95.216.208.106 - - [23/May/2021:11:22:03 -0700] "GET /self.logs/error.log.2020-10-19.gz HTTP/1.1" 200 825 "-" "Mozilla/5.0 (Macintosh; Intel Mac OS X 10_15_7) AppleWebKit/537.36 (KHTML, like Gecko) Chrome/86.0.4240.111 Safari/537.36" 
95.216.208.106 - - [23/May/2021:11:22:04 -0700] "GET /self.logs/error.log.2019-09-12.gz HTTP/1.1" 200 1542 "-" "Mozilla/5.0 (Macintosh; Intel Mac OS X 10_15_7) AppleWebKit/537.36 (KHTML, like Gecko) Chrome/86.0.4240.111 Safari/537.36" 
95.216.208.106 - - [23/May/2021:11:22:04 -0700] "GET /self.logs/error.log.2019-10-19.gz HTTP/1.1" 200 2003 "-" "Mozilla/5.0 (Macintosh; Intel Mac OS X 10_15_7) AppleWebKit/537.36 (KHTML, like Gecko) Chrome/86.0.4240.111 Safari/537.36" 
95.216.208.106 - - [23/May/2021:11:22:04 -0700] "GET /self.logs/access.log.2020-05-30.gz HTTP/1.1" 200 9537 "-" "Mozilla/5.0 (Macintosh; Intel Mac OS X 10_15_7) AppleWebKit/537.36 (KHTML, like Gecko) Chrome/86.0.4240.111 Safari/537.36" 
95.216.208.106 - - [23/May/2021:11:22:04 -0700] "GET /self.logs/error.log.2020-12-09.gz HTTP/1.1" 200 782 "-" "Mozilla/5.0 (Macintosh; Intel Mac OS X 10_15_7) AppleWebKit/537.36 (KHTML, like Gecko) Chrome/86.0.4240.111 Safari/537.36" 
95.216.208.106 - - [23/May/2021:11:22:05 -0700] "GET /self.logs/access.log.2018-01-21.gz HTTP/1.1" 200 24762 "-" "Mozilla/5.0 (Macintosh; Intel Mac OS X 10_15_7) AppleWebKit/537.36 (KHTML, like Gecko) Chrome/86.0.4240.111 Safari/537.36" 
95.216.208.106 - - [23/May/2021:11:22:05 -0700] "GET /self.logs/access.log.2020-08-11.gz HTTP/1.1" 200 11401 "-" "Mozilla/5.0 (Macintosh; Intel Mac OS X 10_15_7) AppleWebKit/537.36 (KHTML, like Gecko) Chrome/86.0.4240.111 Safari/537.36" 
95.216.208.106 - - [23/May/2021:11:22:05 -0700] "GET /self.logs/error.log.2018-11-28.gz HTTP/1.1" 200 3973 "-" "Mozilla/5.0 (Macintosh; Intel Mac OS X 10_15_7) AppleWebKit/537.36 (KHTML, like Gecko) Chrome/86.0.4240.111 Safari/537.36" 
95.216.208.106 - - [23/May/2021:11:22:05 -0700] "GET /self.logs/error.log.2019-12-20.gz HTTP/1.1" 200 1131 "-" "Mozilla/5.0 (Macintosh; Intel Mac OS X 10_15_7) AppleWebKit/537.36 (KHTML, like Gecko) Chrome/86.0.4240.111 Safari/537.36" 
95.216.208.106 - - [23/May/2021:11:22:06 -0700] "GET /self.logs/access.log.2018-09-11.gz HTTP/1.1" 200 33933 "-" "Mozilla/5.0 (Macintosh; Intel Mac OS X 10_15_7) AppleWebKit/537.36 (KHTML, like Gecko) Chrome/86.0.4240.111 Safari/537.36" 
95.216.208.106 - - [23/May/2021:11:22:06 -0700] "GET /self.logs/access.log.2018-04-28.gz HTTP/1.1" 200 40967 "-" "Mozilla/5.0 (Macintosh; Intel Mac OS X 10_15_7) AppleWebKit/537.36 (KHTML, like Gecko) Chrome/86.0.4240.111 Safari/537.36" 
95.216.208.106 - - [23/May/2021:11:22:06 -0700] "GET /self.logs/error.log.2018-08-27.gz HTTP/1.1" 200 6020 "-" "Mozilla/5.0 (Macintosh; Intel Mac OS X 10_15_7) AppleWebKit/537.36 (KHTML, like Gecko) Chrome/86.0.4240.111 Safari/537.36" 
95.216.208.106 - - [23/May/2021:11:22:06 -0700] "GET /self.logs/error.log.2021-02-13.gz HTTP/1.1" 200 3623 "-" "Mozilla/5.0 (Macintosh; Intel Mac OS X 10_15_7) AppleWebKit/537.36 (KHTML, like Gecko) Chrome/86.0.4240.111 Safari/537.36" 
95.216.208.106 - - [23/May/2021:11:22:07 -0700] "GET /self.logs/error.log.2020-03-04 HTTP/1.1" 200 351 "-" "Mozilla/5.0 (Macintosh; Intel Mac OS X 10_15_7) AppleWebKit/537.36 (KHTML, like Gecko) Chrome/86.0.4240.111 Safari/537.36" 
95.216.208.106 - - [23/May/2021:11:22:07 -0700] "GET /self.logs/access.log.2019-09-14.gz HTTP/1.1" 200 19293 "-" "Mozilla/5.0 (Macintosh; Intel Mac OS X 10_15_7) AppleWebKit/537.36 (KHTML, like Gecko) Chrome/86.0.4240.111 Safari/537.36" 
162.55.59.160 - - [23/May/2021:11:23:47 -0700] "GET /self.logs/error.log.2019-08-23.gz HTTP/1.1" 200 1450 "-" "Mozilla/5.0 (Macintosh; Intel Mac OS X 10_15_7) AppleWebKit/537.36 (KHTML, like Gecko) Chrome/86.0.4240.111 Safari/537.36" 
162.55.59.160 - - [23/May/2021:11:23:47 -0700] "GET /self.logs/access.log.2017-07-05.gz HTTP/1.1" 200 22850 "-" "Mozilla/5.0 (Macintosh; Intel Mac OS X 10_15_7) AppleWebKit/537.36 (KHTML, like Gecko) Chrome/86.0.4240.111 Safari/537.36" 
162.55.59.160 - - [23/May/2021:11:23:48 -0700] "GET /self.logs/error.log.2019-04-08.gz HTTP/1.1" 200 5206 "-" "Mozilla/5.0 (Macintosh; Intel Mac OS X 10_15_7) AppleWebKit/537.36 (KHTML, like Gecko) Chrome/86.0.4240.111 Safari/537.36" 
162.55.59.160 - - [23/May/2021:11:23:48 -0700] "GET /self.logs/error.log.2020-06-26.gz HTTP/1.1" 200 871 "-" "Mozilla/5.0 (Macintosh; Intel Mac OS X 10_15_7) AppleWebKit/537.36 (KHTML, like Gecko) Chrome/86.0.4240.111 Safari/537.36" 
162.55.59.160 - - [23/May/2021:11:23:48 -0700] "GET /self.logs/access.log.2021-02-06.gz HTTP/1.1" 200 32063 "-" "Mozilla/5.0 (Macintosh; Intel Mac OS X 10_15_7) AppleWebKit/537.36 (KHTML, like Gecko) Chrome/86.0.4240.111 Safari/537.36" 
162.55.59.160 - - [23/May/2021:11:23:48 -0700] "GET /self.logs/error.log.2018-06-26.gz HTTP/1.1" 200 4856 "-" "Mozilla/5.0 (Macintosh; Intel Mac OS X 10_15_7) AppleWebKit/537.36 (KHTML, like Gecko) Chrome/86.0.4240.111 Safari/537.36" 
162.55.59.160 - - [23/May/2021:11:23:49 -0700] "GET /self.logs/error.log.2019-03-17.gz HTTP/1.1" 200 4948 "-" "Mozilla/5.0 (Macintosh; Intel Mac OS X 10_15_7) AppleWebKit/537.36 (KHTML, like Gecko) Chrome/86.0.4240.111 Safari/537.36" 
162.55.59.160 - - [23/May/2021:11:23:49 -0700] "GET /self.logs/access.log.2017-08-16.gz HTTP/1.1" 200 21474 "-" "Mozilla/5.0 (Macintosh; Intel Mac OS X 10_15_7) AppleWebKit/537.36 (KHTML, like Gecko) Chrome/86.0.4240.111 Safari/537.36" 
162.55.59.160 - - [23/May/2021:11:23:49 -0700] "GET /self.logs/error.log.2020-04-14.gz HTTP/1.1" 200 2730 "-" "Mozilla/5.0 (Macintosh; Intel Mac OS X 10_15_7) AppleWebKit/537.36 (KHTML, like Gecko) Chrome/86.0.4240.111 Safari/537.36" 
162.55.59.160 - - [23/May/2021:11:23:49 -0700] "GET /self.logs/access.log.2018-03-14.gz HTTP/1.1" 200 54791 "-" "Mozilla/5.0 (Macintosh; Intel Mac OS X 10_15_7) AppleWebKit/537.36 (KHTML, like Gecko) Chrome/86.0.4240.111 Safari/537.36" 
162.55.59.160 - - [23/May/2021:11:23:49 -0700] "GET /self.logs/access.log.2021-04-19.gz HTTP/1.1" 200 22634 "-" "Mozilla/5.0 (Macintosh; Intel Mac OS X 10_15_7) AppleWebKit/537.36 (KHTML, like Gecko) Chrome/86.0.4240.111 Safari/537.36" 
162.55.59.160 - - [23/May/2021:11:23:50 -0700] "GET /self.logs/access.log.2017-09-12.gz HTTP/1.1" 200 21518 "-" "Mozilla/5.0 (Macintosh; Intel Mac OS X 10_15_7) AppleWebKit/537.36 (KHTML, like Gecko) Chrome/86.0.4240.111 Safari/537.36" 
162.55.59.160 - - [23/May/2021:11:23:50 -0700] "GET /self.logs/error.log.2018-02-18.gz HTTP/1.1" 200 3522 "-" "Mozilla/5.0 (Macintosh; Intel Mac OS X 10_15_7) AppleWebKit/537.36 (KHTML, like Gecko) Chrome/86.0.4240.111 Safari/537.36" 
162.55.59.160 - - [23/May/2021:11:23:50 -0700] "GET /self.logs/access.log.2017-04-29.gz HTTP/1.1" 200 10312 "-" "Mozilla/5.0 (Macintosh; Intel Mac OS X 10_15_7) AppleWebKit/537.36 (KHTML, like Gecko) Chrome/86.0.4240.111 Safari/537.36" 
162.55.59.160 - - [23/May/2021:11:23:50 -0700] "GET /self.logs/error.log.2021-02-04.gz HTTP/1.1" 200 2420 "-" "Mozilla/5.0 (Macintosh; Intel Mac OS X 10_15_7) AppleWebKit/537.36 (KHTML, like Gecko) Chrome/86.0.4240.111 Safari/537.36" 
162.55.59.160 - - [23/May/2021:11:23:51 -0700] "GET /self.logs/error.log.2018-01-07.gz HTTP/1.1" 200 4139 "-" "Mozilla/5.0 (Macintosh; Intel Mac OS X 10_15_7) AppleWebKit/537.36 (KHTML, like Gecko) Chrome/86.0.4240.111 Safari/537.36" 
162.55.59.160 - - [23/May/2021:11:23:51 -0700] "GET /self.logs/error.log.2019-10-09.gz HTTP/1.1" 200 866 "-" "Mozilla/5.0 (Macintosh; Intel Mac OS X 10_15_7) AppleWebKit/537.36 (KHTML, like Gecko) Chrome/86.0.4240.111 Safari/537.36" 
162.55.59.160 - - [23/May/2021:11:23:51 -0700] "GET /self.logs/access.log.2019-02-24.gz HTTP/1.1" 200 21217 "-" "Mozilla/5.0 (Macintosh; Intel Mac OS X 10_15_7) AppleWebKit/537.36 (KHTML, like Gecko) Chrome/86.0.4240.111 Safari/537.36" 
162.55.59.160 - - [23/May/2021:11:23:52 -0700] "GET /self.logs/access.log.2019-12-02.gz HTTP/1.1" 200 20357 "-" "Mozilla/5.0 (Macintosh; Intel Mac OS X 10_15_7) AppleWebKit/537.36 (KHTML, like Gecko) Chrome/86.0.4240.111 Safari/537.36" 
162.55.59.160 - - [23/May/2021:11:23:52 -0700] "GET /self.logs/error.log.2019-10-28.gz HTTP/1.1" 200 1225 "-" "Mozilla/5.0 (Macintosh; Intel Mac OS X 10_15_7) AppleWebKit/537.36 (KHTML, like Gecko) Chrome/86.0.4240.111 Safari/537.36" 
54.36.148.17 - - [23/May/2021:11:24:06 -0700] "GET /Datasets%20Description/HTML_Bro_log_1/?C=D;O=D HTTP/1.1" 200 789 "-" "Mozilla/5.0 (compatible; AhrefsBot/7.0; +http://ahrefs.com/robot/)" 
114.119.140.84 - - [23/May/2021:11:25:00 -0700] "GET /self.logs/access.log.2018-08-11.gz HTTP/1.1" 200 17872 "-" "Mozilla/5.0 (Linux; Android 7.0;) AppleWebKit/537.36 (KHTML, like Gecko) Mobile Safari/537.36 (compatible; PetalBot;+https://webmaster.petalsearch.com/site/petalbot)" 
49.7.20.108 - - [23/May/2021:11:25:53 -0700] "GET / HTTP/1.1" 200 12843 "-" "Sogou web spider/4.0(+http://www.sogou.com/docs/help/webmasters.htm#07)" 
54.36.149.51 - - [23/May/2021:11:27:19 -0700] "GET /Datasets%20Description/HTML_Bro_log_2/?C=M;O=A HTTP/1.1" 200 788 "-" "Mozilla/5.0 (compatible; AhrefsBot/7.0; +http://ahrefs.com/robot/)" 
17.121.112.60 - - [23/May/2021:11:29:29 -0700] "GET /self.logs/error.log.2020-03-05 HTTP/1.1" 200 307 "-" "Mozilla/5.0 (Macintosh; Intel Mac OS X 10_15_5) AppleWebKit/605.1.15 (KHTML, like Gecko) Version/13.1.1 Safari/605.1.15 (Applebot/0.1; +http://www.apple.com/go/applebot)" 
114.119.141.53 - - [23/May/2021:11:30:26 -0700] "GET /self.logs/2015/access.log.2015-04-14.gz HTTP/1.1" 200 5118 "-" "Mozilla/5.0 (Linux; Android 7.0;) AppleWebKit/537.36 (KHTML, like Gecko) Mobile Safari/537.36 (compatible; PetalBot;+https://webmaster.petalsearch.com/site/petalbot)" 
54.36.149.51 - - [23/May/2021:11:30:39 -0700] "GET /Datasets%20Description/HTML_Bro_log_1/app_stats.html HTTP/1.1" 200 1547 "-" "Mozilla/5.0 (compatible; AhrefsBot/7.0; +http://ahrefs.com/robot/)" 
54.36.149.61 - - [23/May/2021:11:33:31 -0700] "GET /Datasets%20Description/Network/weird.html HTTP/1.1" 200 1601 "-" "Mozilla/5.0 (compatible; AhrefsBot/7.0; +http://ahrefs.com/robot/)" 
49.7.20.102 - - [23/May/2021:11:33:50 -0700] "GET / HTTP/1.1" 200 12843 "-" "Sogou web spider/4.0(+http://www.sogou.com/docs/help/webmasters.htm#07)" 
114.119.150.248 - - [23/May/2021:11:35:55 -0700] "GET /self.logs/2015/access.log.2015-04-19.gz HTTP/1.1" 200 4898 "-" "Mozilla/5.0 (Linux; Android 7.0;) AppleWebKit/537.36 (KHTML, like Gecko) Mobile Safari/537.36 (compatible; PetalBot;+https://webmaster.petalsearch.com/site/petalbot)" 
54.36.149.61 - - [23/May/2021:11:36:28 -0700] "GET /auth.log/auth.log.gz HTTP/1.1" 200 376680 "-" "Mozilla/5.0 (compatible; AhrefsBot/7.0; +http://ahrefs.com/robot/)" 
23.228.109.147 - - [23/May/2021:11:37:32 -0700] "GET /public/assets/uploadify/uploadify.css HTTP/1.1" 301 512 "http://www.google.com/" "Mozilla/5.0 (Windows NT 6.1; Win64; x64) AppleWebKit/537.36 (KHTML, like Gecko) Chrome/56.0.2896.3 Safari/537.36" 
23.228.109.147 - - [23/May/2021:11:37:32 -0700] "GET /public/assets/uploadify/uploadify.css HTTP/1.1" 404 291 "http://www.google.com/" "Mozilla/5.0 (Windows NT 6.1; Win64; x64) AppleWebKit/537.36 (KHTML, like Gecko) Chrome/56.0.2896.3 Safari/537.36" 
54.36.148.207 - - [23/May/2021:11:39:42 -0700] "GET /Datasets%20Description/PE_malware/?C=D;O=A HTTP/1.1" 200 642 "-" "Mozilla/5.0 (compatible; AhrefsBot/7.0; +http://ahrefs.com/robot/)" 
114.119.140.84 - - [23/May/2021:11:41:15 -0700] "GET /self.logs/access.log.2019-05-20.gz HTTP/1.1" 200 40957 "-" "Mozilla/5.0 (Linux; Android 7.0;) AppleWebKit/537.36 (KHTML, like Gecko) Mobile Safari/537.36 (compatible; PetalBot;+https://webmaster.petalsearch.com/site/petalbot)" 
218.77.121.35 - - [23/May/2021:11:41:46 -0700] "GET / HTTP/1.1" 200 12843 "http://www.heetian.com/info/482" "Mozilla/5.0 (Windows NT 10.0; Win64; x64) AppleWebKit/537.36 (KHTML, like Gecko) Chrome/81.0.4044.92 Safari/537.36" 
54.36.149.107 - - [23/May/2021:11:42:58 -0700] "GET /maccdc2012/tunnel.log.gz HTTP/1.1" 200 5238 "-" "Mozilla/5.0 (compatible; AhrefsBot/7.0; +http://ahrefs.com/robot/)" 
95.216.219.192 - - [23/May/2021:11:43:39 -0700] "GET /self.logs/access.log.2018-07-25.gz HTTP/1.1" 200 25281 "-" "Mozilla/5.0 (Macintosh; Intel Mac OS X 10_15_7) AppleWebKit/537.36 (KHTML, like Gecko) Chrome/86.0.4240.111 Safari/537.36" 
95.216.219.192 - - [23/May/2021:11:43:40 -0700] "GET /self.logs/access.log.2019-05-19.gz HTTP/1.1" 200 37078 "-" "Mozilla/5.0 (Macintosh; Intel Mac OS X 10_15_7) AppleWebKit/537.36 (KHTML, like Gecko) Chrome/86.0.4240.111 Safari/537.36" 
95.216.219.192 - - [23/May/2021:11:43:40 -0700] "GET /self.logs/access.log.2018-09-04.gz HTTP/1.1" 200 36942 "-" "Mozilla/5.0 (Macintosh; Intel Mac OS X 10_15_7) AppleWebKit/537.36 (KHTML, like Gecko) Chrome/86.0.4240.111 Safari/537.36" 
95.216.219.192 - - [23/May/2021:11:43:40 -0700] "GET /self.logs/error.log.2018-03-07.gz HTTP/1.1" 200 5059 "-" "Mozilla/5.0 (Macintosh; Intel Mac OS X 10_15_7) AppleWebKit/537.36 (KHTML, like Gecko) Chrome/86.0.4240.111 Safari/537.36" 
95.216.219.192 - - [23/May/2021:11:43:40 -0700] "GET /self.logs/error.log.2021-03-28.gz HTTP/1.1" 200 1269 "-" "Mozilla/5.0 (Macintosh; Intel Mac OS X 10_15_7) AppleWebKit/537.36 (KHTML, like Gecko) Chrome/86.0.4240.111 Safari/537.36" 
95.216.219.192 - - [23/May/2021:11:43:41 -0700] "GET /self.logs/error.log.2021-03-02 HTTP/1.1" 200 2026 "-" "Mozilla/5.0 (Macintosh; Intel Mac OS X 10_15_7) AppleWebKit/537.36 (KHTML, like Gecko) Chrome/86.0.4240.111 Safari/537.36" 
95.216.219.192 - - [23/May/2021:11:43:41 -0700] "GET /self.logs/error.log.2021-03-09.gz HTTP/1.1" 200 2253 "-" "Mozilla/5.0 (Macintosh; Intel Mac OS X 10_15_7) AppleWebKit/537.36 (KHTML, like Gecko) Chrome/86.0.4240.111 Safari/537.36" 
95.216.219.192 - - [23/May/2021:11:43:41 -0700] "GET /self.logs/access.log.2017-03-05.gz HTTP/1.1" 200 14725 "-" "Mozilla/5.0 (Macintosh; Intel Mac OS X 10_15_7) AppleWebKit/537.36 (KHTML, like Gecko) Chrome/86.0.4240.111 Safari/537.36" 
95.216.219.192 - - [23/May/2021:11:43:41 -0700] "GET /self.logs/access.log.2020-03-24.gz HTTP/1.1" 200 18030 "-" "Mozilla/5.0 (Macintosh; Intel Mac OS X 10_15_7) AppleWebKit/537.36 (KHTML, like Gecko) Chrome/86.0.4240.111 Safari/537.36" 
95.216.219.192 - - [23/May/2021:11:43:42 -0700] "GET /self.logs/access.log.2019-02-23.gz HTTP/1.1" 200 22961 "-" "Mozilla/5.0 (Macintosh; Intel Mac OS X 10_15_7) AppleWebKit/537.36 (KHTML, like Gecko) Chrome/86.0.4240.111 Safari/537.36" 
95.216.219.192 - - [23/May/2021:11:43:42 -0700] "GET /self.logs/access.log.2019-03-18.gz HTTP/1.1" 200 27280 "-" "Mozilla/5.0 (Macintosh; Intel Mac OS X 10_15_7) AppleWebKit/537.36 (KHTML, like Gecko) Chrome/86.0.4240.111 Safari/537.36" 
95.216.219.192 - - [23/May/2021:11:43:42 -0700] "GET /self.logs/error.log.2017-03-06.gz HTTP/1.1" 200 932 "-" "Mozilla/5.0 (Macintosh; Intel Mac OS X 10_15_7) AppleWebKit/537.36 (KHTML, like Gecko) Chrome/86.0.4240.111 Safari/537.36" 
95.216.219.192 - - [23/May/2021:11:43:42 -0700] "GET /self.logs/error.log.2019-06-29.gz HTTP/1.1" 200 2085 "-" "Mozilla/5.0 (Macintosh; Intel Mac OS X 10_15_7) AppleWebKit/537.36 (KHTML, like Gecko) Chrome/86.0.4240.111 Safari/537.36" 
95.216.219.192 - - [23/May/2021:11:43:43 -0700] "GET /self.logs/error.log.2020-10-09 HTTP/1.1" 200 351 "-" "Mozilla/5.0 (Macintosh; Intel Mac OS X 10_15_7) AppleWebKit/537.36 (KHTML, like Gecko) Chrome/86.0.4240.111 Safari/537.36" 
95.216.219.192 - - [23/May/2021:11:43:43 -0700] "GET /self.logs/access.log.2020-12-08.gz HTTP/1.1" 200 33410 "-" "Mozilla/5.0 (Macintosh; Intel Mac OS X 10_15_7) AppleWebKit/537.36 (KHTML, like Gecko) Chrome/86.0.4240.111 Safari/537.36" 
95.216.219.192 - - [23/May/2021:11:43:43 -0700] "GET /self.logs/access.log.2020-02-09.gz HTTP/1.1" 200 16171 "-" "Mozilla/5.0 (Macintosh; Intel Mac OS X 10_15_7) AppleWebKit/537.36 (KHTML, like Gecko) Chrome/86.0.4240.111 Safari/537.36" 
95.216.219.192 - - [23/May/2021:11:43:43 -0700] "GET /self.logs/access.log.2019-09-28.gz HTTP/1.1" 200 24345 "-" "Mozilla/5.0 (Macintosh; Intel Mac OS X 10_15_7) AppleWebKit/537.36 (KHTML, like Gecko) Chrome/86.0.4240.111 Safari/537.36" 
95.216.219.192 - - [23/May/2021:11:43:44 -0700] "GET /self.logs/access.log.2018-03-04.gz HTTP/1.1" 200 26054 "-" "Mozilla/5.0 (Macintosh; Intel Mac OS X 10_15_7) AppleWebKit/537.36 (KHTML, like Gecko) Chrome/86.0.4240.111 Safari/537.36" 
95.216.219.192 - - [23/May/2021:11:43:44 -0700] "GET /self.logs/error.log.2019-08-19.gz HTTP/1.1" 200 1320 "-" "Mozilla/5.0 (Macintosh; Intel Mac OS X 10_15_7) AppleWebKit/537.36 (KHTML, like Gecko) Chrome/86.0.4240.111 Safari/537.36" 
95.216.219.192 - - [23/May/2021:11:43:44 -0700] "GET /self.logs/error.log.2017-05-04.gz HTTP/1.1" 200 955 "-" "Mozilla/5.0 (Macintosh; Intel Mac OS X 10_15_7) AppleWebKit/537.36 (KHTML, like Gecko) Chrome/86.0.4240.111 Safari/537.36" 
114.119.140.84 - - [23/May/2021:11:46:25 -0700] "GET /Datasets%20Description/Network?C=M%3BO%3DA HTTP/1.1" 301 629 "-" "Mozilla/5.0 (Linux; Android 7.0;) AppleWebKit/537.36 (KHTML, like Gecko) Mobile Safari/537.36 (compatible; PetalBot;+https://webmaster.petalsearch.com/site/petalbot)" 
114.119.140.84 - - [23/May/2021:11:46:26 -0700] "GET /Datasets%20Description/Network/?C=M%3BO%3DA HTTP/1.1" 200 746 "-" "Mozilla/5.0 (Linux; Android 7.0;) AppleWebKit/537.36 (KHTML, like Gecko) Mobile Safari/537.36 (compatible; PetalBot;+https://webmaster.petalsearch.com/site/petalbot)" 
49.7.20.108 - - [23/May/2021:11:47:21 -0700] "GET / HTTP/1.1" 200 12843 "-" "Sogou web spider/4.0(+http://www.sogou.com/docs/help/webmasters.htm#07)" 
17.121.112.45 - - [23/May/2021:11:50:52 -0700] "GET /self.logs/error.log.2020-05-08 HTTP/1.1" 200 307 "-" "Mozilla/5.0 (Macintosh; Intel Mac OS X 10_15_5) AppleWebKit/605.1.15 (KHTML, like Gecko) Version/13.1.1 Safari/605.1.15 (Applebot/0.1; +http://www.apple.com/go/applebot)" 
114.119.159.40 - - [23/May/2021:11:51:44 -0700] "GET /self.logs/2015/error.log.2015-07-18.gz HTTP/1.1" 200 1912 "-" "Mozilla/5.0 (Linux; Android 7.0;) AppleWebKit/537.36 (KHTML, like Gecko) Mobile Safari/537.36 (compatible; PetalBot;+https://webmaster.petalsearch.com/site/petalbot)" 
40.77.167.35 - - [23/May/2021:11:52:14 -0700] "GET /self.logs/error.log.2017-02-28.gz HTTP/1.1" 200 916 "-" "Mozilla/5.0 (compatible; bingbot/2.0; +http://www.bing.com/bingbot.htm)" 
54.36.148.17 - - [23/May/2021:11:52:30 -0700] "GET /maccdc2012/dhcp.log.gz HTTP/1.1" 200 44933 "-" "Mozilla/5.0 (compatible; AhrefsBot/7.0; +http://ahrefs.com/robot/)" 
85.208.98.25 - - [23/May/2021:11:53:42 -0700] "GET /robots.txt HTTP/1.1" 200 333 "-" "Mozilla/5.0 (compatible; SemrushBot; +http://www.semrush.com/bot.html)" 
157.55.39.17 - - [23/May/2021:11:55:38 -0700] "GET /self.logs/error.log.2021-03-23.gz HTTP/1.1" 200 1210 "-" "Mozilla/5.0 (compatible; bingbot/2.0; +http://www.bing.com/bingbot.htm)" 
54.36.149.61 - - [23/May/2021:11:55:38 -0700] "GET /maccdc2012/http.log.gz HTTP/1.1" 200 73000 "-" "Mozilla/5.0 (compatible; AhrefsBot/7.0; +http://ahrefs.com/robot/)" 
54.36.148.17 - - [23/May/2021:11:58:44 -0700] "GET /maccdc2012/files.log.gz HTTP/1.1" 200 75920 "-" "Mozilla/5.0 (compatible; AhrefsBot/7.0; +http://ahrefs.com/robot/)" 
54.36.148.17 - - [23/May/2021:12:01:49 -0700] "GET /Datasets%20Description/HTML_Bro_log_1/ HTTP/1.1" 200 790 "-" "Mozilla/5.0 (compatible; AhrefsBot/7.0; +http://ahrefs.com/robot/)" 
168.119.109.179 - - [23/May/2021:12:02:04 -0700] "GET /self.logs/error.log.2018-02-14.gz HTTP/1.1" 200 4111 "-" "Mozilla/5.0 (Macintosh; Intel Mac OS X 10_15_7) AppleWebKit/537.36 (KHTML, like Gecko) Chrome/86.0.4240.111 Safari/537.36" 
168.119.109.179 - - [23/May/2021:12:02:04 -0700] "GET /self.logs/error.log.2018-02-21.gz HTTP/1.1" 200 4512 "-" "Mozilla/5.0 (Macintosh; Intel Mac OS X 10_15_7) AppleWebKit/537.36 (KHTML, like Gecko) Chrome/86.0.4240.111 Safari/537.36" 
168.119.109.179 - - [23/May/2021:12:02:05 -0700] "GET /self.logs/error.log.2020-07-14 HTTP/1.1" 200 351 "-" "Mozilla/5.0 (Macintosh; Intel Mac OS X 10_15_7) AppleWebKit/537.36 (KHTML, like Gecko) Chrome/86.0.4240.111 Safari/537.36" 
168.119.109.179 - - [23/May/2021:12:02:05 -0700] "GET /self.logs/access.log.2019-09-25.gz HTTP/1.1" 200 17944 "-" "Mozilla/5.0 (Macintosh; Intel Mac OS X 10_15_7) AppleWebKit/537.36 (KHTML, like Gecko) Chrome/86.0.4240.111 Safari/537.36" 
168.119.109.179 - - [23/May/2021:12:02:05 -0700] "GET /self.logs/access.log.2017-06-20.gz HTTP/1.1" 200 26828 "-" "Mozilla/5.0 (Macintosh; Intel Mac OS X 10_15_7) AppleWebKit/537.36 (KHTML, like Gecko) Chrome/86.0.4240.111 Safari/537.36" 
168.119.109.179 - - [23/May/2021:12:02:05 -0700] "GET /self.logs/access.log.2018-06-17.gz HTTP/1.1" 200 22006 "-" "Mozilla/5.0 (Macintosh; Intel Mac OS X 10_15_7) AppleWebKit/537.36 (KHTML, like Gecko) Chrome/86.0.4240.111 Safari/537.36" 
168.119.109.179 - - [23/May/2021:12:02:06 -0700] "GET /self.logs/access.log.2020-02-29.gz HTTP/1.1" 200 9625 "-" "Mozilla/5.0 (Macintosh; Intel Mac OS X 10_15_7) AppleWebKit/537.36 (KHTML, like Gecko) Chrome/86.0.4240.111 Safari/537.36" 
168.119.109.179 - - [23/May/2021:12:02:06 -0700] "GET /self.logs/error.log.2020-07-23.gz HTTP/1.1" 200 1191 "-" "Mozilla/5.0 (Macintosh; Intel Mac OS X 10_15_7) AppleWebKit/537.36 (KHTML, like Gecko) Chrome/86.0.4240.111 Safari/537.36" 
168.119.109.179 - - [23/May/2021:12:02:06 -0700] "GET /self.logs/access.log.2019-12-27.gz HTTP/1.1" 200 13410 "-" "Mozilla/5.0 (Macintosh; Intel Mac OS X 10_15_7) AppleWebKit/537.36 (KHTML, like Gecko) Chrome/86.0.4240.111 Safari/537.36" 
168.119.109.179 - - [23/May/2021:12:02:06 -0700] "GET /self.logs/error.log.2017-10-19.gz HTTP/1.1" 200 7968 "-" "Mozilla/5.0 (Macintosh; Intel Mac OS X 10_15_7) AppleWebKit/537.36 (KHTML, like Gecko) Chrome/86.0.4240.111 Safari/537.36" 
168.119.109.179 - - [23/May/2021:12:02:06 -0700] "GET /self.logs/error.log.2017-08-31.gz HTTP/1.1" 200 1374 "-" "Mozilla/5.0 (Macintosh; Intel Mac OS X 10_15_7) AppleWebKit/537.36 (KHTML, like Gecko) Chrome/86.0.4240.111 Safari/537.36" 
168.119.109.179 - - [23/May/2021:12:02:07 -0700] "GET /self.logs/error.log.2020-10-11.gz HTTP/1.1" 200 908 "-" "Mozilla/5.0 (Macintosh; Intel Mac OS X 10_15_7) AppleWebKit/537.36 (KHTML, like Gecko) Chrome/86.0.4240.111 Safari/537.36" 
168.119.109.179 - - [23/May/2021:12:02:07 -0700] "GET /self.logs/access.log.2019-11-21.gz HTTP/1.1" 200 22564 "-" "Mozilla/5.0 (Macintosh; Intel Mac OS X 10_15_7) AppleWebKit/537.36 (KHTML, like Gecko) Chrome/86.0.4240.111 Safari/537.36" 
168.119.109.179 - - [23/May/2021:12:02:07 -0700] "GET /self.logs/access.log.2020-01-12.gz HTTP/1.1" 200 18862 "-" "Mozilla/5.0 (Macintosh; Intel Mac OS X 10_15_7) AppleWebKit/537.36 (KHTML, like Gecko) Chrome/86.0.4240.111 Safari/537.36" 
168.119.109.179 - - [23/May/2021:12:02:07 -0700] "GET /self.logs/error.log.2020-04-05.gz HTTP/1.1" 200 976 "-" "Mozilla/5.0 (Macintosh; Intel Mac OS X 10_15_7) AppleWebKit/537.36 (KHTML, like Gecko) Chrome/86.0.4240.111 Safari/537.36" 
168.119.109.179 - - [23/May/2021:12:02:07 -0700] "GET /self.logs/access.log.2019-12-10.gz HTTP/1.1" 200 31803 "-" "Mozilla/5.0 (Macintosh; Intel Mac OS X 10_15_7) AppleWebKit/537.36 (KHTML, like Gecko) Chrome/86.0.4240.111 Safari/537.36" 
168.119.109.179 - - [23/May/2021:12:02:08 -0700] "GET /self.logs/error.log.2019-11-13.gz HTTP/1.1" 200 1150 "-" "Mozilla/5.0 (Macintosh; Intel Mac OS X 10_15_7) AppleWebKit/537.36 (KHTML, like Gecko) Chrome/86.0.4240.111 Safari/537.36" 
168.119.109.179 - - [23/May/2021:12:02:08 -0700] "GET /self.logs/error.log.2017-03-28.gz HTTP/1.1" 200 1075 "-" "Mozilla/5.0 (Macintosh; Intel Mac OS X 10_15_7) AppleWebKit/537.36 (KHTML, like Gecko) Chrome/86.0.4240.111 Safari/537.36" 
168.119.109.179 - - [23/May/2021:12:02:08 -0700] "GET /self.logs/error.log.2021-05-07.gz HTTP/1.1" 200 4048 "-" "Mozilla/5.0 (Macintosh; Intel Mac OS X 10_15_7) AppleWebKit/537.36 (KHTML, like Gecko) Chrome/86.0.4240.111 Safari/537.36" 
168.119.109.179 - - [23/May/2021:12:02:08 -0700] "GET /self.logs/access.log.2018-02-10.gz HTTP/1.1" 200 15191 "-" "Mozilla/5.0 (Macintosh; Intel Mac OS X 10_15_7) AppleWebKit/537.36 (KHTML, like Gecko) Chrome/86.0.4240.111 Safari/537.36" 
114.119.159.40 - - [23/May/2021:12:02:17 -0700] "GET /self.logs/error.log.2020-01-20 HTTP/1.1" 200 351 "-" "Mozilla/5.0 (Linux; Android 7.0;) AppleWebKit/537.36 (KHTML, like Gecko) Mobile Safari/537.36 (compatible; PetalBot;+https://webmaster.petalsearch.com/site/petalbot)" 
54.36.148.17 - - [23/May/2021:12:04:52 -0700] "GET /honeypot/BSidesDFW%20-%202014.ipynb HTTP/1.1" 200 930877 "-" "Mozilla/5.0 (compatible; AhrefsBot/7.0; +http://ahrefs.com/robot/)" 
162.55.38.177 - - [23/May/2021:12:05:26 -0700] "GET /self.logs/error.log.2019-07-07.gz HTTP/1.1" 200 2690 "-" "Mozilla/5.0 (Macintosh; Intel Mac OS X 10_15_7) AppleWebKit/537.36 (KHTML, like Gecko) Chrome/86.0.4240.111 Safari/537.36" 
162.55.38.177 - - [23/May/2021:12:05:27 -0700] "GET /self.logs/access.log.2017-07-11.gz HTTP/1.1" 200 14149 "-" "Mozilla/5.0 (Macintosh; Intel Mac OS X 10_15_7) AppleWebKit/537.36 (KHTML, like Gecko) Chrome/86.0.4240.111 Safari/537.36" 
162.55.38.177 - - [23/May/2021:12:05:27 -0700] "GET /self.logs/error.log.2019-10-27.gz HTTP/1.1" 200 1402 "-" "Mozilla/5.0 (Macintosh; Intel Mac OS X 10_15_7) AppleWebKit/537.36 (KHTML, like Gecko) Chrome/86.0.4240.111 Safari/537.36" 
162.55.38.177 - - [23/May/2021:12:05:27 -0700] "GET /self.logs/access.log.2020-04-13.gz HTTP/1.1" 200 12345 "-" "Mozilla/5.0 (Macintosh; Intel Mac OS X 10_15_7) AppleWebKit/537.36 (KHTML, like Gecko) Chrome/86.0.4240.111 Safari/537.36" 
162.55.38.177 - - [23/May/2021:12:05:28 -0700] "GET /self.logs/access.log.2017-01-03.gz HTTP/1.1" 200 41164 "-" "Mozilla/5.0 (Macintosh; Intel Mac OS X 10_15_7) AppleWebKit/537.36 (KHTML, like Gecko) Chrome/86.0.4240.111 Safari/537.36" 
162.55.38.177 - - [23/May/2021:12:05:28 -0700] "GET /self.logs/error.log.2019-12-10.gz HTTP/1.1" 200 871 "-" "Mozilla/5.0 (Macintosh; Intel Mac OS X 10_15_7) AppleWebKit/537.36 (KHTML, like Gecko) Chrome/86.0.4240.111 Safari/537.36" 
