92.249.12.101 - - [31/May/2021:13:53:39 -0700] "GET /Datasets%20Description/PE_malware/Zeus.html HTTP/1.1" 200 4613 "http://megagrabber.ru/" "Re-re Studio (+http://vip0.ru/)" 
45.152.116.66 - - [31/May/2021:13:54:04 -0700] "GET /Datasets%20Description/PE_malware/VirusShare.html HTTP/1.1" 301 532 "http://megagrabber.ru/" "Re-re Studio (+http://vip0.ru/)" 
45.152.116.66 - - [31/May/2021:13:54:04 -0700] "GET /Datasets%20Description/PE_malware/VirusShare.html HTTP/1.1" 200 4631 "http://megagrabber.ru/" "Re-re Studio (+http://vip0.ru/)" 
193.187.106.208 - - [31/May/2021:13:54:07 -0700] "GET /Datasets%20Description/PE_malware/OPCleaver.html HTTP/1.1" 301 530 "http://megagrabber.ru/" "Re-re Studio (+http://vip0.ru/)" 
193.187.106.208 - - [31/May/2021:13:54:07 -0700] "GET /Datasets%20Description/PE_malware/OPCleaver.html HTTP/1.1" 200 4246 "http://megagrabber.ru/" "Re-re Studio (+http://vip0.ru/)" 
45.146.168.138 - - [31/May/2021:13:54:17 -0700] "GET /self.logs/ HTTP/1.1" 301 458 "http://megagrabber.ru/" "Re-re Studio (+http://vip0.ru/)" 
45.146.168.138 - - [31/May/2021:13:54:17 -0700] "GET /self.logs/ HTTP/1.1" 200 170358 "http://megagrabber.ru/" "Re-re Studio (+http://vip0.ru/)" 
194.156.104.14 - - [31/May/2021:13:55:16 -0700] "GET /honeypot/BSidesDFW%20-%202014.ipynb HTTP/1.1" 301 500 "http://megagrabber.ru/" "Re-re Studio (+http://vip0.ru/)" 
194.156.104.14 - - [31/May/2021:13:55:17 -0700] "GET /honeypot/BSidesDFW%20-%202014.ipynb HTTP/1.1" 200 224840 "http://megagrabber.ru/" "Re-re Studio (+http://vip0.ru/)" 
49.7.21.81 - - [31/May/2021:13:57:25 -0700] "GET / HTTP/1.1" 200 12844 "-" "Sogou web spider/4.0(+http://www.sogou.com/docs/help/webmasters.htm#07)" 
157.55.39.26 - - [31/May/2021:13:59:26 -0700] "GET /self.logs/error.log.2021-05-04 HTTP/1.1" 200 351 "-" "Mozilla/5.0 (compatible; bingbot/2.0; +http://www.bing.com/bingbot.htm)" 
49.7.20.102 - - [31/May/2021:13:59:39 -0700] "GET / HTTP/1.1" 200 12844 "-" "Sogou web spider/4.0(+http://www.sogou.com/docs/help/webmasters.htm#07)" 
114.119.129.244 - - [31/May/2021:14:07:10 -0700] "GET /self.logs/access.log.2020-05-18.gz HTTP/1.1" 200 15562 "-" "Mozilla/5.0 (Linux; Android 7.0;) AppleWebKit/537.36 (KHTML, like Gecko) Mobile Safari/537.36 (compatible; PetalBot;+https://webmaster.petalsearch.com/site/petalbot)" 
114.119.159.40 - - [31/May/2021:14:12:52 -0700] "GET /self.logs/access.log.2017-03-09.gz HTTP/1.1" 200 22813 "-" "Mozilla/5.0 (Linux; Android 7.0;) AppleWebKit/537.36 (KHTML, like Gecko) Mobile Safari/537.36 (compatible; PetalBot;+https://webmaster.petalsearch.com/site/petalbot)" 
108.59.8.80 - - [31/May/2021:14:12:57 -0700] "GET /robots.txt HTTP/1.1" 200 377 "-" "Mozilla/5.0 (compatible; MJ12bot/v1.4.8; http://mj12bot.com/)" 
108.59.8.80 - - [31/May/2021:14:13:00 -0700] "GET / HTTP/1.1" 200 12837 "-" "Mozilla/5.0 (compatible; MJ12bot/v1.4.8; http://mj12bot.com/)" 
77.88.5.157 - - [31/May/2021:14:15:11 -0700] "GET /robots.txt HTTP/1.1" 200 377 "-" "Mozilla/5.0 (compatible; YandexBot/3.0; +http://yandex.com/bots)" 
77.88.5.157 - - [31/May/2021:14:15:15 -0700] "GET / HTTP/1.1" 200 12881 "-" "Mozilla/5.0 (compatible; YandexBot/3.0; +http://yandex.com/bots)" 
162.210.196.130 - - [31/May/2021:14:15:50 -0700] "GET /robots.txt HTTP/1.1" 301 495 "-" "Mozilla/5.0 (compatible; MJ12bot/v1.4.8; http://mj12bot.com/)" 
162.210.196.130 - - [31/May/2021:14:15:50 -0700] "GET /robots.txt HTTP/1.1" 200 377 "-" "Mozilla/5.0 (compatible; MJ12bot/v1.4.8; http://mj12bot.com/)" 
162.210.196.130 - - [31/May/2021:14:15:53 -0700] "GET / HTTP/1.1" 301 419 "-" "Mozilla/5.0 (compatible; MJ12bot/v1.4.8; http://mj12bot.com/)" 
162.210.196.130 - - [31/May/2021:14:15:55 -0700] "GET / HTTP/1.1" 200 12837 "-" "Mozilla/5.0 (compatible; MJ12bot/v1.4.8; http://mj12bot.com/)" 
114.119.141.53 - - [31/May/2021:14:18:38 -0700] "GET /self.logs/access.log.2020-10-11.gz HTTP/1.1" 200 15737 "-" "Mozilla/5.0 (Linux; Android 7.0;) AppleWebKit/537.36 (KHTML, like Gecko) Mobile Safari/537.36 (compatible; PetalBot;+https://webmaster.petalsearch.com/site/petalbot)" 
52.208.56.181 - - [31/May/2021:14:20:41 -0700] "GET / HTTP/1.1" 301 438 "-" "Mozilla/5.0 (Macintosh; Intel Mac OS X 10.15; rv:81.0) Gecko/20100101 Firefox/81.0" 
52.208.56.181 - - [31/May/2021:14:20:41 -0700] "GET / HTTP/1.1" 200 12844 "http://66.33.221.139" "Mozilla/5.0 (Macintosh; Intel Mac OS X 10.15; rv:81.0) Gecko/20100101 Firefox/81.0" 
106.38.241.178 - - [31/May/2021:14:21:53 -0700] "GET / HTTP/1.1" 200 12844 "-" "Sogou web spider/4.0(+http://www.sogou.com/docs/help/webmasters.htm#07)" 
40.77.167.97 - - [31/May/2021:14:29:10 -0700] "GET /self.logs/error.log.2021-05-09.gz HTTP/1.1" 200 6012 "-" "Mozilla/5.0 (compatible; bingbot/2.0; +http://www.bing.com/bingbot.htm)" 
114.119.130.95 - - [31/May/2021:14:30:00 -0700] "GET /self.logs/error.log.2019-12-03.gz HTTP/1.1" 200 1046 "-" "Mozilla/5.0 (Linux; Android 7.0;) AppleWebKit/537.36 (KHTML, like Gecko) Mobile Safari/537.36 (compatible; PetalBot;+https://webmaster.petalsearch.com/site/petalbot)" 
49.7.20.102 - - [31/May/2021:14:31:06 -0700] "GET / HTTP/1.1" 200 12844 "-" "Sogou web spider/4.0(+http://www.sogou.com/docs/help/webmasters.htm#07)" 
77.88.5.157 - - [31/May/2021:14:33:04 -0700] "GET /robots.txt HTTP/1.1" 301 495 "-" "Mozilla/5.0 (compatible; YandexBot/3.0; +http://yandex.com/bots)" 
77.88.5.233 - - [31/May/2021:14:33:04 -0700] "GET /robots.txt HTTP/1.1" 200 377 "-" "Mozilla/5.0 (compatible; YandexBot/3.0; +http://yandex.com/bots)" 
77.88.5.157 - - [31/May/2021:14:33:08 -0700] "GET / HTTP/1.1" 301 475 "-" "Mozilla/5.0 (compatible; YandexBot/3.0; +http://yandex.com/bots) AppleWebKit/537.36 (KHTML, like Gecko) Chrome/81.0.4044.268" 
77.88.5.160 - - [31/May/2021:14:33:10 -0700] "GET / HTTP/1.1" 200 12881 "-" "Mozilla/5.0 (compatible; YandexBot/3.0; +http://yandex.com/bots) AppleWebKit/537.36 (KHTML, like Gecko) Chrome/81.0.4044.268" 
77.88.5.95 - - [31/May/2021:14:33:15 -0700] "GET /css/style.css HTTP/1.1" 404 328 "http://www.secrepo.com/" "Mozilla/5.0 (compatible; YandexBot/3.0; +http://yandex.com/bots) AppleWebKit/537.36 (KHTML, like Gecko) Chrome/81.0.4044.268" 
114.119.144.30 - - [31/May/2021:14:35:49 -0700] "GET /self.logs/error.log.2019-08-03.gz HTTP/1.1" 200 1203 "-" "Mozilla/5.0 (Linux; Android 7.0;) AppleWebKit/537.36 (KHTML, like Gecko) Mobile Safari/537.36 (compatible; PetalBot;+https://webmaster.petalsearch.com/site/petalbot)" 
49.7.21.81 - - [31/May/2021:14:37:09 -0700] "GET / HTTP/1.1" 200 12844 "-" "Sogou web spider/4.0(+http://www.sogou.com/docs/help/webmasters.htm#07)" 
114.119.144.30 - - [31/May/2021:14:41:34 -0700] "GET /self.logs/error.log.2020-09-19 HTTP/1.1" 200 351 "-" "Mozilla/5.0 (Linux; Android 7.0;) AppleWebKit/537.36 (KHTML, like Gecko) Mobile Safari/537.36 (compatible; PetalBot;+https://webmaster.petalsearch.com/site/petalbot)" 
114.119.130.95 - - [31/May/2021:14:53:12 -0700] "GET /self.logs/2015/error.log.2015-08-09.gz HTTP/1.1" 200 901 "-" "Mozilla/5.0 (Linux; Android 7.0;) AppleWebKit/537.36 (KHTML, like Gecko) Mobile Safari/537.36 (compatible; PetalBot;+https://webmaster.petalsearch.com/site/petalbot)" 
27.115.124.6 - - [31/May/2021:14:56:44 -0700] "GET / HTTP/1.1" 301 475 "http://baidu.com/" "Mozilla/5.0 (Windows NT 6.1; WOW64; Trident/7.0; rv:11.0) like Gecko" 
27.115.124.6 - - [31/May/2021:14:56:48 -0700] "GET / HTTP/1.1" 200 12881 "http://baidu.com/" "Mozilla/5.0 (Windows NT 6.1; WOW64; Trident/7.0; rv:11.0) like Gecko" 
27.115.124.6 - - [31/May/2021:14:56:48 -0700] "GET /css/style.css HTTP/1.1" 404 305 "http://www.secrepo.com/" "Mozilla/5.0 (Windows NT 6.1; WOW64; Trident/7.0; rv:11.0) like Gecko" 
27.115.124.6 - - [31/May/2021:14:56:49 -0700] "GET /twitter-icon.png HTTP/1.1" 200 27893 "http://www.secrepo.com/" "Mozilla/5.0 (Windows NT 6.1; WOW64; Trident/7.0; rv:11.0) like Gecko" 
27.115.124.6 - - [31/May/2021:14:56:49 -0700] "GET /GitHub-Mark.png HTTP/1.1" 200 7533 "http://www.secrepo.com/" "Mozilla/5.0 (Windows NT 6.1; WOW64; Trident/7.0; rv:11.0) like Gecko" 
114.119.140.84 - - [31/May/2021:14:58:26 -0700] "GET /self.logs/error.log.2017-07-08.gz HTTP/1.1" 200 744 "-" "Mozilla/5.0 (Linux; Android 7.0;) AppleWebKit/537.36 (KHTML, like Gecko) Mobile Safari/537.36 (compatible; PetalBot;+https://webmaster.petalsearch.com/site/petalbot)" 
171.13.14.9 - - [31/May/2021:14:59:03 -0700] "GET /maccdc2012/notice.log.gz HTTP/1.1" 200 20753 "-" "Go-http-client/1.1" 
171.13.14.75 - - [31/May/2021:14:59:03 -0700] "GET /maccdc2012/smtp.log.gz HTTP/1.1" 200 6912 "-" "Go-http-client/1.1" 
36.110.211.67 - - [31/May/2021:14:59:03 -0700] "GET /maccdc2012/conn.log.gz HTTP/1.1" 200 58400 "-" "Go-http-client/1.1" 
36.110.233.43 - - [31/May/2021:14:59:03 -0700] "GET /scada/scada_logs.zip HTTP/1.1" 200 75920 "-" "Go-http-client/1.1" 
180.163.220.46 - - [31/May/2021:14:59:03 -0700] "GET /maccdc2012/http.log.gz HTTP/1.1" 200 55480 "-" "Go-http-client/1.1" 
180.163.220.97 - - [31/May/2021:14:59:04 -0700] "GET /maccdc2012/signatures.log.gz HTTP/1.1" 200 624 "-" "Go-http-client/1.1" 
180.163.220.61 - - [31/May/2021:14:59:04 -0700] "GET /maccdc2012/dhcp.log.gz HTTP/1.1" 200 44933 "-" "Go-http-client/1.1" 
180.163.220.95 - - [31/May/2021:14:59:04 -0700] "GET /maccdc2012/weird.log.gz HTTP/1.1" 200 99280 "-" "Go-http-client/1.1" 
36.110.211.69 - - [31/May/2021:14:59:04 -0700] "GET /maccdc2012/files.log.gz HTTP/1.1" 200 55480 "-" "Go-http-client/1.1" 
36.110.233.44 - - [31/May/2021:14:59:04 -0700] "GET /pe_static/op-cleaver.zip HTTP/1.1" 200 99280 "-" "Go-http-client/1.1" 
171.13.14.19 - - [31/May/2021:14:59:04 -0700] "GET /maccdc2012/dns.log.gz HTTP/1.1" 200 55480 "-" "Go-http-client/1.1" 
171.13.14.38 - - [31/May/2021:14:59:04 -0700] "GET /pe_static/zeus.zip HTTP/1.1" 200 55480 "-" "Go-http-client/1.1" 
180.163.220.61 - - [31/May/2021:14:59:04 -0700] "GET /tg/b.zip HTTP/1.1" 200 55480 "-" "Go-http-client/1.1" 
171.13.14.20 - - [31/May/2021:14:59:04 -0700] "GET /tg/c.zip HTTP/1.1" 200 67160 "-" "Go-http-client/1.1" 
36.110.233.46 - - [31/May/2021:14:59:04 -0700] "GET /maccdc2012/ssh.log.gz HTTP/1.1" 200 67160 "-" "Go-http-client/1.1" 
36.110.211.2 - - [31/May/2021:14:59:04 -0700] "GET /honeypot/honeypot.json.zip HTTP/1.1" 200 110960 "-" "Go-http-client/1.1" 
171.13.14.83 - - [31/May/2021:14:59:04 -0700] "GET /auth.log/auth.log.gz HTTP/1.1" 200 58400 "-" "Go-http-client/1.1" 
36.110.211.3 - - [31/May/2021:14:59:04 -0700] "GET /maccdc2012/smtp.log.gz HTTP/1.1" 200 6956 "http://www.secrepo.com/maccdc2012/smtp.log.gz" "Mozilla/5.0 (Windows NT 10.0; Win64; x64) AppleWebKit/537.36 (KHTML, like Gecko) Chrome/83.0.4103.116 Safari/537.36 Edg/83.0.478.61" 
180.163.220.95 - - [31/May/2021:14:59:04 -0700] "GET /scada/scada_logs.zip HTTP/1.1" 200 78840 "http://www.secrepo.com/scada/scada_logs.zip" "Mozilla/5.0 (Windows NT 10.0; Win64; x64) AppleWebKit/537.36 (KHTML, like Gecko) Chrome/83.0.4103.116 Safari/537.36 Edg/83.0.478.61" 
36.110.233.46 - - [31/May/2021:14:59:04 -0700] "GET /maccdc2012/http.log.gz HTTP/1.1" 200 110960 "http://www.secrepo.com/maccdc2012/http.log.gz" "Mozilla/5.0 (Windows NT 10.0; Win64; x64) AppleWebKit/537.36 (KHTML, like Gecko) Chrome/83.0.4103.116 Safari/537.36 Edg/83.0.478.61" 
36.110.211.5 - - [31/May/2021:14:59:04 -0700] "GET /maccdc2012/signatures.log.gz HTTP/1.1" 200 668 "http://www.secrepo.com/maccdc2012/signatures.log.gz" "Mozilla/5.0 (Windows NT 10.0; Win64; x64) AppleWebKit/537.36 (KHTML, like Gecko) Chrome/83.0.4103.116 Safari/537.36 Edg/83.0.478.61" 
171.13.14.83 - - [31/May/2021:14:59:04 -0700] "GET /maccdc2012/weird.log.gz HTTP/1.1" 200 67160 "http://www.secrepo.com/maccdc2012/weird.log.gz" "Mozilla/5.0 (Windows NT 10.0; Win64; x64) AppleWebKit/537.36 (KHTML, like Gecko) Chrome/83.0.4103.116 Safari/537.36 Edg/83.0.478.61" 
36.110.211.2 - - [31/May/2021:14:59:04 -0700] "GET /maccdc2012/files.log.gz HTTP/1.1" 200 67160 "http://www.secrepo.com/maccdc2012/files.log.gz" "Mozilla/5.0 (Windows NT 10.0; Win64; x64) AppleWebKit/537.36 (KHTML, like Gecko) Chrome/83.0.4103.116 Safari/537.36 Edg/83.0.478.61" 
180.163.220.61 - - [31/May/2021:14:59:04 -0700] "GET /pe_static/zeus.zip HTTP/1.1" 200 102200 "http://www.secrepo.com/pe_static/zeus.zip" "Mozilla/5.0 (Windows NT 10.0; Win64; x64) AppleWebKit/537.36 (KHTML, like Gecko) Chrome/83.0.4103.116 Safari/537.36 Edg/83.0.478.61" 
36.110.233.46 - - [31/May/2021:14:59:04 -0700] "GET /tg/c.zip HTTP/1.1" 200 99280 "http://www.secrepo.com/tg/c.zip" "Mozilla/5.0 (Windows NT 10.0; Win64; x64) AppleWebKit/537.36 (KHTML, like Gecko) Chrome/83.0.4103.116 Safari/537.36 Edg/83.0.478.61" 
171.13.14.75 - - [31/May/2021:14:59:04 -0700] "GET /maccdc2012/ssh.log.gz HTTP/1.1" 200 102200 "http://www.secrepo.com/maccdc2012/ssh.log.gz" "Mozilla/5.0 (Windows NT 10.0; Win64; x64) AppleWebKit/537.36 (KHTML, like Gecko) Chrome/83.0.4103.116 Safari/537.36 Edg/83.0.478.61" 
171.13.14.26 - - [31/May/2021:14:59:05 -0700] "GET /honeypot/honeypot.json.zip HTTP/1.1" 200 99280 "http://www.secrepo.com/honeypot/honeypot.json.zip" "Mozilla/5.0 (Windows NT 10.0; Win64; x64) AppleWebKit/537.36 (KHTML, like Gecko) Chrome/83.0.4103.116 Safari/537.36 Edg/83.0.478.61" 
180.163.220.101 - - [31/May/2021:14:59:04 -0700] "GET /scada/scada_logs.zip HTTP/1.1" 200 365012 "http://www.secrepo.com/scada/scada_logs.zip" "Mozilla/5.0 (Windows NT 10.0; Win64; x64) AppleWebKit/537.36 (KHTML, like Gecko) Chrome/83.0.4103.116 Safari/537.36 Edg/83.0.478.61" 
58.247.247.12 - - [31/May/2021:14:59:05 -0700] "GET http://www.secrepo.com/maccdc2012/signatures.log.gz HTTP/1.1" 200 668 "-" "Mozilla/5.0 (Macintosh; Intel Mac OS X 10_11_6) AppleWebKit/537.36 (KHTML, like Gecko) Chrome/56.0.2924.87 Safari/537.36" 
47.242.128.149 - - [31/May/2021:14:59:06 -0700] "GET /maccdc2012/dns.log.gz HTTP/1.1" 200 70080 "http://www.secrepo.com/maccdc2012/dns.log.gz" "Mozilla/5.0 (Windows NT 10.0; Win64; x64) AppleWebKit/537.36 (KHTML, like Gecko) Chrome/83.0.4103.116 Safari/537.36 Edg/83.0.478.61" 
8.210.5.23 - - [31/May/2021:14:59:06 -0700] "GET /tg/b.zip HTTP/1.1" 200 102200 "http://www.secrepo.com/tg/b.zip" "Mozilla/5.0 (Windows NT 10.0; Win64; x64) AppleWebKit/537.36 (KHTML, like Gecko) Chrome/83.0.4103.116 Safari/537.36 Edg/83.0.478.61" 
180.163.220.46 - - [31/May/2021:14:59:05 -0700] "GET /pe_static/zeus.zip HTTP/1.1" 200 51367222 "http://www.secrepo.com/pe_static/zeus.zip" "Mozilla/5.0 (Windows NT 10.0; Win64; x64) AppleWebKit/537.36 (KHTML, like Gecko) Chrome/83.0.4103.116 Safari/537.36 Edg/83.0.478.61" 
180.163.220.42 - - [31/May/2021:14:59:08 -0700] "GET /maccdc2012/ssl.log.gz HTTP/1.1" 200 99280 "http://www.secrepo.com/maccdc2012/ssl.log.gz" "Mozilla/5.0 (Windows NT 10.0; Win64; x64) AppleWebKit/537.36 (KHTML, like Gecko) Chrome/83.0.4103.116 Safari/537.36 Edg/83.0.478.61" 
171.13.14.75 - - [31/May/2021:14:59:09 -0700] "GET /maccdc2012/tunnel.log.gz HTTP/1.1" 200 5282 "http://www.secrepo.com/maccdc2012/tunnel.log.gz" "Mozilla/5.0 (Windows NT 10.0; Win64; x64) AppleWebKit/537.36 (KHTML, like Gecko) Chrome/83.0.4103.116 Safari/537.36 Edg/83.0.478.61" 
36.110.233.45 - - [31/May/2021:14:59:09 -0700] "GET /misc/zeus_dga_domains.txt.zip HTTP/1.1" 200 99280 "http://www.secrepo.com/misc/zeus_dga_domains.txt.zip" "Mozilla/5.0 (Windows NT 10.0; Win64; x64) AppleWebKit/537.36 (KHTML, like Gecko) Chrome/83.0.4103.116 Safari/537.36 Edg/83.0.478.61" 
36.110.233.45 - - [31/May/2021:14:59:10 -0700] "GET /misc/zeus_dga_domains.txt.zip HTTP/1.1" 200 592381 "http://www.secrepo.com/misc/zeus_dga_domains.txt.zip" "Mozilla/5.0 (Windows NT 10.0; Win64; x64) AppleWebKit/537.36 (KHTML, like Gecko) Chrome/83.0.4103.116 Safari/537.36 Edg/83.0.478.61" 
58.247.247.12 - - [31/May/2021:14:59:12 -0700] "GET http://www.secrepo.com/pe_static/zeus.zip HTTP/1.1" 200 51367222 "-" "Mozilla/5.0 (Macintosh; Intel Mac OS X 10_11_6) AppleWebKit/537.36 (KHTML, like Gecko) Chrome/56.0.2924.87 Safari/537.36" 
47.242.158.109 - - [31/May/2021:14:59:07 -0700] "GET /tg/b.zip HTTP/1.1" 200 42298275 "http://www.secrepo.com/tg/b.zip" "Mozilla/5.0 (Windows NT 10.0; Win64; x64) AppleWebKit/537.36 (KHTML, like Gecko) Chrome/83.0.4103.116 Safari/537.36 Edg/83.0.478.61" 
171.13.14.75 - - [31/May/2021:14:59:05 -0700] "GET /honeypot/honeypot.json.zip HTTP/1.1" 200 23086087 "http://www.secrepo.com/honeypot/honeypot.json.zip" "Mozilla/5.0 (Windows NT 10.0; Win64; x64) AppleWebKit/537.36 (KHTML, like Gecko) Chrome/83.0.4103.116 Safari/537.36 Edg/83.0.478.61" 
58.247.247.12 - - [31/May/2021:15:00:07 -0700] "GET http://www.secrepo.com/scada/scada_logs.zip HTTP/1.1" 200 365012 "-" "Mozilla/5.0 (Macintosh; Intel Mac OS X 10_11_6) AppleWebKit/537.36 (KHTML, like Gecko) Chrome/56.0.2924.87 Safari/537.36" 
36.110.233.46 - - [31/May/2021:14:59:05 -0700] "GET /tg/c.zip HTTP/1.1" 200 59019040 "http://www.secrepo.com/tg/c.zip" "Mozilla/5.0 (Windows NT 10.0; Win64; x64) AppleWebKit/537.36 (KHTML, like Gecko) Chrome/83.0.4103.116 Safari/537.36 Edg/83.0.478.61" 
40.77.167.35 - - [31/May/2021:15:01:22 -0700] "GET /self.logs/error.log.2017-11-25.gz HTTP/1.1" 301 541 "-" "Mozilla/5.0 (compatible; bingbot/2.0; +http://www.bing.com/bingbot.htm)" 
106.38.241.178 - - [31/May/2021:15:02:27 -0700] "GET / HTTP/1.1" 200 12844 "-" "Sogou web spider/4.0(+http://www.sogou.com/docs/help/webmasters.htm#07)" 
49.7.20.102 - - [31/May/2021:15:04:41 -0700] "GET / HTTP/1.1" 200 12844 "-" "Sogou web spider/4.0(+http://www.sogou.com/docs/help/webmasters.htm#07)" 
114.119.157.43 - - [31/May/2021:15:05:46 -0700] "GET /self.logs/error.log.2019-11-20.gz HTTP/1.1" 200 1223 "-" "Mozilla/5.0 (Linux; Android 7.0;) AppleWebKit/537.36 (KHTML, like Gecko) Mobile Safari/537.36 (compatible; PetalBot;+https://webmaster.petalsearch.com/site/petalbot)" 
114.119.150.248 - - [31/May/2021:15:09:59 -0700] "GET /self.logs/access.log.2018-04-18.gz HTTP/1.1" 200 20381 "-" "Mozilla/5.0 (Linux; Android 7.0;) AppleWebKit/537.36 (KHTML, like Gecko) Mobile Safari/537.36 (compatible; PetalBot;+https://webmaster.petalsearch.com/site/petalbot)" 
49.7.21.81 - - [31/May/2021:15:15:58 -0700] "GET / HTTP/1.1" 200 12844 "-" "Sogou web spider/4.0(+http://www.sogou.com/docs/help/webmasters.htm#07)" 
114.119.129.244 - - [31/May/2021:15:20:19 -0700] "GET /self.logs/error.log.2017-04-28.gz HTTP/1.1" 200 959 "-" "Mozilla/5.0 (Linux; Android 7.0;) AppleWebKit/537.36 (KHTML, like Gecko) Mobile Safari/537.36 (compatible; PetalBot;+https://webmaster.petalsearch.com/site/petalbot)" 
66.249.64.49 - - [31/May/2021:15:20:27 -0700] "GET / HTTP/1.1" 200 12881 "-" "Mozilla/5.0 (compatible; Googlebot/2.1; +http://www.google.com/bot.html)" 
114.119.140.84 - - [31/May/2021:15:21:36 -0700] "GET /self.logs/2015/access.log.2015-12-09.gz HTTP/1.1" 200 7774 "-" "Mozilla/5.0 (Linux; Android 7.0;) AppleWebKit/537.36 (KHTML, like Gecko) Mobile Safari/537.36 (compatible; PetalBot;+https://webmaster.petalsearch.com/site/petalbot)" 
13.66.139.1 - - [31/May/2021:15:21:45 -0700] "GET /robots.txt HTTP/1.1" 301 495 "-" "Mozilla/5.0 (compatible; bingbot/2.0; +http://www.bing.com/bingbot.htm)" 
13.66.139.1 - - [31/May/2021:15:21:45 -0700] "GET /robots.txt HTTP/1.1" 200 377 "-" "Mozilla/5.0 (compatible; bingbot/2.0; +http://www.bing.com/bingbot.htm)" 
13.66.139.0 - - [31/May/2021:15:21:54 -0700] "GET /self.logs/access.log.2017-01-30.gz HTTP/1.1" 301 543 "-" "Mozilla/5.0 (compatible; bingbot/2.0; +http://www.bing.com/bingbot.htm)" 
114.119.159.101 - - [31/May/2021:15:27:02 -0700] "GET /self.logs/error.log.2017-08-20.gz HTTP/1.1" 200 847 "-" "Mozilla/5.0 (Linux; Android 7.0;) AppleWebKit/537.36 (KHTML, like Gecko) Mobile Safari/537.36 (compatible; PetalBot;+https://webmaster.petalsearch.com/site/petalbot)" 
49.7.20.102 - - [31/May/2021:15:35:35 -0700] "GET / HTTP/1.1" 200 12844 "-" "Sogou web spider/4.0(+http://www.sogou.com/docs/help/webmasters.htm#07)" 
106.38.241.178 - - [31/May/2021:15:41:28 -0700] "GET / HTTP/1.1" 200 12844 "-" "Sogou web spider/4.0(+http://www.sogou.com/docs/help/webmasters.htm#07)" 
157.55.39.75 - - [31/May/2021:15:41:48 -0700] "GET /self.logs/access.log.2017-05-26.gz HTTP/1.1" 200 15669 "-" "Mozilla/5.0 (compatible; bingbot/2.0; +http://www.bing.com/bingbot.htm)" 
114.119.159.101 - - [31/May/2021:15:45:37 -0700] "GET /self.logs/access.log.2018-12-18.gz HTTP/1.1" 200 19844 "-" "Mozilla/5.0 (Linux; Android 7.0;) AppleWebKit/537.36 (KHTML, like Gecko) Mobile Safari/537.36 (compatible; PetalBot;+https://webmaster.petalsearch.com/site/petalbot)" 
49.7.21.81 - - [31/May/2021:15:54:25 -0700] "GET / HTTP/1.1" 200 12844 "-" "Sogou web spider/4.0(+http://www.sogou.com/docs/help/webmasters.htm#07)" 
114.119.140.84 - - [31/May/2021:15:55:34 -0700] "GET /self.logs/access.log.2017-03-10.gz HTTP/1.1" 200 17942 "-" "Mozilla/5.0 (Linux; Android 7.0;) AppleWebKit/537.36 (KHTML, like Gecko) Mobile Safari/537.36 (compatible; PetalBot;+https://webmaster.petalsearch.com/site/petalbot)" 
114.119.144.30 - - [31/May/2021:16:03:10 -0700] "GET /self.logs/error.log.2019-05-14.gz HTTP/1.1" 200 5443 "-" "Mozilla/5.0 (Linux; Android 7.0;) AppleWebKit/537.36 (KHTML, like Gecko) Mobile Safari/537.36 (compatible; PetalBot;+https://webmaster.petalsearch.com/site/petalbot)" 
114.119.130.95 - - [31/May/2021:16:07:09 -0700] "GET /self.logs/error.log.2019-11-13.gz HTTP/1.1" 200 1150 "-" "Mozilla/5.0 (Linux; Android 7.0;) AppleWebKit/537.36 (KHTML, like Gecko) Mobile Safari/537.36 (compatible; PetalBot;+https://webmaster.petalsearch.com/site/petalbot)" 
52.207.131.153 - - [31/May/2021:16:07:59 -0700] "HEAD / HTTP/1.1" 200 425 "-" "Apache-HttpClient/4.5.9 (Java/1.8.0_282)" 
49.7.20.102 - - [31/May/2021:16:09:37 -0700] "GET / HTTP/1.1" 200 12844 "-" "Sogou web spider/4.0(+http://www.sogou.com/docs/help/webmasters.htm#07)" 
114.119.130.95 - - [31/May/2021:16:13:20 -0700] "GET /self.logs/access.log.2018-11-10.gz HTTP/1.1" 200 20777 "-" "Mozilla/5.0 (Linux; Android 7.0;) AppleWebKit/537.36 (KHTML, like Gecko) Mobile Safari/537.36 (compatible; PetalBot;+https://webmaster.petalsearch.com/site/petalbot)" 
85.208.98.51 - - [31/May/2021:16:14:28 -0700] "GET /robots.txt HTTP/1.1" 301 439 "-" "Mozilla/5.0 (compatible; SemrushBot-BM/1.0; +http://www.semrush.com/bot.html)" 
85.208.98.51 - - [31/May/2021:16:14:31 -0700] "GET /robots.txt HTTP/1.1" 200 333 "-" "Mozilla/5.0 (compatible; SemrushBot-BM/1.0; +http://www.semrush.com/bot.html)" 
66.249.64.49 - - [31/May/2021:16:15:11 -0700] "GET /self.logs/error.log.2020-11-04 HTTP/1.1" 200 351 "-" "Mozilla/5.0 (Linux; Android 6.0.1; Nexus 5X Build/MMB29P) AppleWebKit/537.36 (KHTML, like Gecko) Chrome/90.0.4430.97 Mobile Safari/537.36 (compatible; Googlebot/2.1; +http://www.google.com/bot.html)" 
175.44.42.242 - - [31/May/2021:16:21:04 -0700] "GET / HTTP/1.1" 200 12881 "http://ifsbb.aoul.top/" "Mozilla/5.0 (iPhone; CPU iPhone OS 11_0 like Mac OS X) AppleWebKit/604.1.38 (KHTML, like Gecko) Version/11.0 Mobile/15A372 Safari/604.1" 
106.38.241.178 - - [31/May/2021:16:21:21 -0700] "GET / HTTP/1.1" 200 12844 "-" "Sogou web spider/4.0(+http://www.sogou.com/docs/help/webmasters.htm#07)" 
114.119.130.95 - - [31/May/2021:16:30:27 -0700] "GET /self.logs/access.log.2018-10-01.gz HTTP/1.1" 200 22070 "-" "Mozilla/5.0 (Linux; Android 7.0;) AppleWebKit/537.36 (KHTML, like Gecko) Mobile Safari/537.36 (compatible; PetalBot;+https://webmaster.petalsearch.com/site/petalbot)" 
49.7.21.81 - - [31/May/2021:16:31:29 -0700] "GET / HTTP/1.1" 200 12844 "-" "Sogou web spider/4.0(+http://www.sogou.com/docs/help/webmasters.htm#07)" 
40.77.167.35 - - [31/May/2021:16:33:55 -0700] "GET /self.logs/access.log.2021-05-04.gz HTTP/1.1" 200 16952 "-" "Mozilla/5.0 (compatible; bingbot/2.0; +http://www.bing.com/bingbot.htm)" 
114.119.155.228 - - [31/May/2021:16:42:42 -0700] "GET /self.logs/error.log.2020-02-28 HTTP/1.1" 200 351 "-" "Mozilla/5.0 (Linux; Android 7.0;) AppleWebKit/537.36 (KHTML, like Gecko) Mobile Safari/537.36 (compatible; PetalBot;+https://webmaster.petalsearch.com/site/petalbot)" 
40.77.167.48 - - [31/May/2021:16:45:04 -0700] "GET /robots.txt HTTP/1.1" 200 377 "-" "Mozilla/5.0 (compatible; bingbot/2.0; +http://www.bing.com/bingbot.htm)" 
40.77.167.38 - - [31/May/2021:16:45:14 -0700] "GET /self.logs/error.log.2018-03-15.gz HTTP/1.1" 200 4606 "-" "Mozilla/5.0 (compatible; bingbot/2.0; +http://www.bing.com/bingbot.htm)" 
114.119.140.84 - - [31/May/2021:16:46:55 -0700] "GET /self.logs/access.log.2019-08-30.gz HTTP/1.1" 200 16259 "-" "Mozilla/5.0 (Linux; Android 7.0;) AppleWebKit/537.36 (KHTML, like Gecko) Mobile Safari/537.36 (compatible; PetalBot;+https://webmaster.petalsearch.com/site/petalbot)" 
101.91.227.154 - - [31/May/2021:16:47:24 -0700] "GET /data/admin/allowurl.txt HTTP/1.1" 404 328 "-" "Mozilla/5.0 (Windows NT 10.0; WOW64; rv:48.0) Gecko/20100101 Firefox/48.0" 
40.77.167.38 - - [31/May/2021:16:48:10 -0700] "GET /self.logs/?C=D;O=A HTTP/1.1" 200 29710 "-" "Mozilla/5.0 (compatible; bingbot/2.0; +http://www.bing.com/bingbot.htm)" 
40.77.167.38 - - [31/May/2021:16:56:58 -0700] "GET /self.logs/access.log.2017-01-18.gz HTTP/1.1" 301 543 "-" "Mozilla/5.0 (compatible; bingbot/2.0; +http://www.bing.com/bingbot.htm)" 
114.119.129.244 - - [31/May/2021:16:58:02 -0700] "GET /self.logs/2015/access.log.2015-10-23.gz HTTP/1.1" 200 5314 "-" "Mozilla/5.0 (Linux; Android 7.0;) AppleWebKit/537.36 (KHTML, like Gecko) Mobile Safari/537.36 (compatible; PetalBot;+https://webmaster.petalsearch.com/site/petalbot)" 
17.121.115.201 - - [31/May/2021:17:02:05 -0700] "GET /Datasets%20Description/ HTTP/1.1" 200 633 "-" "Mozilla/5.0 (Macintosh; Intel Mac OS X 10_15_5) AppleWebKit/605.1.15 (KHTML, like Gecko) Version/13.1.1 Safari/605.1.15 (Applebot/0.1; +http://www.apple.com/go/applebot)" 
114.119.129.244 - - [31/May/2021:17:03:41 -0700] "GET /self.logs/access.log.2017-05-26.gz HTTP/1.1" 200 15669 "-" "Mozilla/5.0 (Linux; Android 7.0;) AppleWebKit/537.36 (KHTML, like Gecko) Mobile Safari/537.36 (compatible; PetalBot;+https://webmaster.petalsearch.com/site/petalbot)" 
52.207.131.153 - - [31/May/2021:17:07:14 -0700] "HEAD / HTTP/1.1" 200 425 "-" "Apache-HttpClient/4.5.9 (Java/1.8.0_282)" 
157.55.39.75 - - [31/May/2021:17:08:16 -0700] "GET /self.logs/access.log.2020-06-07.gz HTTP/1.1" 200 13104 "-" "Mozilla/5.0 (compatible; bingbot/2.0; +http://www.bing.com/bingbot.htm)" 
157.55.39.75 - - [31/May/2021:17:08:16 -0700] "GET /self.logs/access.log.2020-02-20.gz HTTP/1.1" 200 15261 "-" "Mozilla/5.0 (compatible; bingbot/2.0; +http://www.bing.com/bingbot.htm)" 
157.55.39.75 - - [31/May/2021:17:08:16 -0700] "GET /self.logs/access.log.2020-04-07.gz HTTP/1.1" 200 16404 "-" "Mozilla/5.0 (compatible; bingbot/2.0; +http://www.bing.com/bingbot.htm)" 
157.55.39.75 - - [31/May/2021:17:08:16 -0700] "GET /self.logs/access.log.2019-10-11.gz HTTP/1.1" 200 23009 "-" "Mozilla/5.0 (compatible; bingbot/2.0; +http://www.bing.com/bingbot.htm)" 
157.55.39.75 - - [31/May/2021:17:08:16 -0700] "GET /self.logs/access.log.2018-11-15.gz HTTP/1.1" 200 46101 "-" "Mozilla/5.0 (compatible; bingbot/2.0; +http://www.bing.com/bingbot.htm)" 
157.55.39.75 - - [31/May/2021:17:08:16 -0700] "GET /self.logs/access.log.2019-03-03.gz HTTP/1.1" 200 24337 "-" "Mozilla/5.0 (compatible; bingbot/2.0; +http://www.bing.com/bingbot.htm)" 
157.55.39.75 - - [31/May/2021:17:08:16 -0700] "GET /self.logs/access.log.2019-07-28.gz HTTP/1.1" 200 23309 "-" "Mozilla/5.0 (compatible; bingbot/2.0; +http://www.bing.com/bingbot.htm)" 
157.55.39.45 - - [31/May/2021:17:08:22 -0700] "GET /self.logs/access.log.2019-11-12.gz HTTP/1.1" 200 15741 "-" "Mozilla/5.0 (compatible; bingbot/2.0; +http://www.bing.com/bingbot.htm)" 
157.55.39.45 - - [31/May/2021:17:08:22 -0700] "GET /self.logs/access.log.2020-09-23.gz HTTP/1.1" 200 14125 "-" "Mozilla/5.0 (compatible; bingbot/2.0; +http://www.bing.com/bingbot.htm)" 
157.55.39.45 - - [31/May/2021:17:08:22 -0700] "GET /self.logs/access.log.2020-06-22.gz HTTP/1.1" 200 12885 "-" "Mozilla/5.0 (compatible; bingbot/2.0; +http://www.bing.com/bingbot.htm)" 
157.55.39.45 - - [31/May/2021:17:08:22 -0700] "GET /self.logs/error.log.2018-12-15.gz HTTP/1.1" 200 16213 "-" "Mozilla/5.0 (compatible; bingbot/2.0; +http://www.bing.com/bingbot.htm)" 
157.55.39.45 - - [31/May/2021:17:08:22 -0700] "GET /self.logs/access.log.2020-09-28.gz HTTP/1.1" 200 31652 "-" "Mozilla/5.0 (compatible; bingbot/2.0; +http://www.bing.com/bingbot.htm)" 
157.55.39.45 - - [31/May/2021:17:08:22 -0700] "GET /self.logs/access.log.2019-01-21.gz HTTP/1.1" 200 21838 "-" "Mozilla/5.0 (compatible; bingbot/2.0; +http://www.bing.com/bingbot.htm)" 
157.55.39.45 - - [31/May/2021:17:08:23 -0700] "GET /self.logs/access.log.2019-03-09.gz HTTP/1.1" 200 19731 "-" "Mozilla/5.0 (compatible; bingbot/2.0; +http://www.bing.com/bingbot.htm)" 
157.55.39.45 - - [31/May/2021:17:08:23 -0700] "GET /self.logs/access.log.2019-04-20.gz HTTP/1.1" 200 69996 "-" "Mozilla/5.0 (compatible; bingbot/2.0; +http://www.bing.com/bingbot.htm)" 
40.77.167.80 - - [31/May/2021:17:08:30 -0700] "GET /self.logs/access.log.2019-09-03.gz HTTP/1.1" 200 19629 "-" "Mozilla/5.0 (compatible; bingbot/2.0; +http://www.bing.com/bingbot.htm)" 
40.77.167.80 - - [31/May/2021:17:08:30 -0700] "GET /self.logs/access.log.2019-11-14.gz HTTP/1.1" 200 16348 "-" "Mozilla/5.0 (compatible; bingbot/2.0; +http://www.bing.com/bingbot.htm)" 
40.77.167.80 - - [31/May/2021:17:08:30 -0700] "GET /self.logs/access.log.2020-01-10.gz HTTP/1.1" 200 14501 "-" "Mozilla/5.0 (compatible; bingbot/2.0; +http://www.bing.com/bingbot.htm)" 
40.77.167.80 - - [31/May/2021:17:08:30 -0700] "GET /self.logs/access.log.2020-01-22.gz HTTP/1.1" 200 15487 "-" "Mozilla/5.0 (compatible; bingbot/2.0; +http://www.bing.com/bingbot.htm)" 
40.77.167.80 - - [31/May/2021:17:08:30 -0700] "GET /self.logs/access.log.2020-02-12.gz HTTP/1.1" 200 18555 "-" "Mozilla/5.0 (compatible; bingbot/2.0; +http://www.bing.com/bingbot.htm)" 
40.77.167.80 - - [31/May/2021:17:08:30 -0700] "GET /self.logs/access.log.2020-03-01.gz HTTP/1.1" 200 13106 "-" "Mozilla/5.0 (compatible; bingbot/2.0; +http://www.bing.com/bingbot.htm)" 
40.77.167.80 - - [31/May/2021:17:08:30 -0700] "GET /self.logs/access.log.2018-06-25.gz HTTP/1.1" 200 19700 "-" "Mozilla/5.0 (compatible; bingbot/2.0; +http://www.bing.com/bingbot.htm)" 
40.77.167.80 - - [31/May/2021:17:08:30 -0700] "GET /self.logs/access.log.2020-07-11.gz HTTP/1.1" 200 14556 "-" "Mozilla/5.0 (compatible; bingbot/2.0; +http://www.bing.com/bingbot.htm)" 
40.77.167.80 - - [31/May/2021:17:08:30 -0700] "GET /self.logs/access.log.2019-01-31.gz HTTP/1.1" 200 20014 "-" "Mozilla/5.0 (compatible; bingbot/2.0; +http://www.bing.com/bingbot.htm)" 
40.77.167.80 - - [31/May/2021:17:08:30 -0700] "GET /self.logs/access.log.2019-03-08.gz HTTP/1.1" 200 85989 "-" "Mozilla/5.0 (compatible; bingbot/2.0; +http://www.bing.com/bingbot.htm)" 
40.77.167.80 - - [31/May/2021:17:08:30 -0700] "GET /self.logs/access.log.2019-03-31.gz HTTP/1.1" 200 20197 "-" "Mozilla/5.0 (compatible; bingbot/2.0; +http://www.bing.com/bingbot.htm)" 
40.77.167.80 - - [31/May/2021:17:08:30 -0700] "GET /self.logs/access.log.2019-06-28.gz HTTP/1.1" 200 36434 "-" "Mozilla/5.0 (compatible; bingbot/2.0; +http://www.bing.com/bingbot.htm)" 
40.77.167.80 - - [31/May/2021:17:08:30 -0700] "GET /self.logs/access.log.2019-07-30.gz HTTP/1.1" 200 25387 "-" "Mozilla/5.0 (compatible; bingbot/2.0; +http://www.bing.com/bingbot.htm)" 
40.77.167.97 - - [31/May/2021:17:08:43 -0700] "GET /self.logs/access.log.2019-09-25.gz HTTP/1.1" 200 17944 "-" "Mozilla/5.0 (compatible; bingbot/2.0; +http://www.bing.com/bingbot.htm)" 
40.77.167.97 - - [31/May/2021:17:08:43 -0700] "GET /self.logs/access.log.2019-12-30.gz HTTP/1.1" 200 25659 "-" "Mozilla/5.0 (compatible; bingbot/2.0; +http://www.bing.com/bingbot.htm)" 
40.77.167.97 - - [31/May/2021:17:08:43 -0700] "GET /self.logs/access.log.2020-03-29.gz HTTP/1.1" 200 20348 "-" "Mozilla/5.0 (compatible; bingbot/2.0; +http://www.bing.com/bingbot.htm)" 
40.77.167.97 - - [31/May/2021:17:08:43 -0700] "GET /self.logs/access.log.2020-08-31.gz HTTP/1.1" 200 17085 "-" "Mozilla/5.0 (compatible; bingbot/2.0; +http://www.bing.com/bingbot.htm)" 
40.77.167.97 - - [31/May/2021:17:08:43 -0700] "GET /self.logs/access.log.2018-08-05.gz HTTP/1.1" 200 23739 "-" "Mozilla/5.0 (compatible; bingbot/2.0; +http://www.bing.com/bingbot.htm)" 
40.77.167.97 - - [31/May/2021:17:08:43 -0700] "GET /self.logs/access.log.2018-10-04.gz HTTP/1.1" 200 21174 "-" "Mozilla/5.0 (compatible; bingbot/2.0; +http://www.bing.com/bingbot.htm)" 
40.77.167.97 - - [31/May/2021:17:08:43 -0700] "GET /self.logs/access.log.2018-11-17.gz HTTP/1.1" 200 34630 "-" "Mozilla/5.0 (compatible; bingbot/2.0; +http://www.bing.com/bingbot.htm)" 
40.77.167.97 - - [31/May/2021:17:08:43 -0700] "GET /self.logs/access.log.2019-01-10.gz HTTP/1.1" 200 27758 "-" "Mozilla/5.0 (compatible; bingbot/2.0; +http://www.bing.com/bingbot.htm)" 
40.77.167.97 - - [31/May/2021:17:08:43 -0700] "GET /self.logs/access.log.2019-01-29.gz HTTP/1.1" 200 21719 "-" "Mozilla/5.0 (compatible; bingbot/2.0; +http://www.bing.com/bingbot.htm)" 
157.55.39.41 - - [31/May/2021:17:08:52 -0700] "GET /self.logs/access.log.2019-09-07.gz HTTP/1.1" 200 15779 "-" "Mozilla/5.0 (compatible; bingbot/2.0; +http://www.bing.com/bingbot.htm)" 
157.55.39.41 - - [31/May/2021:17:08:52 -0700] "GET /self.logs/access.log.2019-09-18.gz HTTP/1.1" 200 27476 "-" "Mozilla/5.0 (compatible; bingbot/2.0; +http://www.bing.com/bingbot.htm)" 
157.55.39.41 - - [31/May/2021:17:08:52 -0700] "GET /self.logs/access.log.2020-04-27.gz HTTP/1.1" 200 22727 "-" "Mozilla/5.0 (compatible; bingbot/2.0; +http://www.bing.com/bingbot.htm)" 
157.55.39.41 - - [31/May/2021:17:08:52 -0700] "GET /self.logs/access.log.2020-01-21.gz HTTP/1.1" 200 16166 "-" "Mozilla/5.0 (compatible; bingbot/2.0; +http://www.bing.com/bingbot.htm)" 
157.55.39.41 - - [31/May/2021:17:08:53 -0700] "GET /self.logs/access.log.2020-07-25.gz HTTP/1.1" 200 18587 "-" "Mozilla/5.0 (compatible; bingbot/2.0; +http://www.bing.com/bingbot.htm)" 
157.55.39.41 - - [31/May/2021:17:08:53 -0700] "GET /self.logs/access.log.2018-10-21.gz HTTP/1.1" 200 27635 "-" "Mozilla/5.0 (compatible; bingbot/2.0; +http://www.bing.com/bingbot.htm)" 
157.55.39.26 - - [31/May/2021:17:08:58 -0700] "GET /self.logs/access.log.2019-11-04.gz HTTP/1.1" 200 15418 "-" "Mozilla/5.0 (compatible; bingbot/2.0; +http://www.bing.com/bingbot.htm)" 
157.55.39.26 - - [31/May/2021:17:08:59 -0700] "GET /self.logs/access.log.2020-04-19.gz HTTP/1.1" 200 13542 "-" "Mozilla/5.0 (compatible; bingbot/2.0; +http://www.bing.com/bingbot.htm)" 
157.55.39.26 - - [31/May/2021:17:08:59 -0700] "GET /self.logs/access.log.2020-01-13.gz HTTP/1.1" 200 18040 "-" "Mozilla/5.0 (compatible; bingbot/2.0; +http://www.bing.com/bingbot.htm)" 
157.55.39.26 - - [31/May/2021:17:08:59 -0700] "GET /self.logs/access.log.2020-05-10.gz HTTP/1.1" 200 13140 "-" "Mozilla/5.0 (compatible; bingbot/2.0; +http://www.bing.com/bingbot.htm)" 
157.55.39.26 - - [31/May/2021:17:08:59 -0700] "GET /self.logs/access.log.2020-01-14.gz HTTP/1.1" 200 17714 "-" "Mozilla/5.0 (compatible; bingbot/2.0; +http://www.bing.com/bingbot.htm)" 
157.55.39.26 - - [31/May/2021:17:08:59 -0700] "GET /self.logs/access.log.2020-02-28.gz HTTP/1.1" 200 16193 "-" "Mozilla/5.0 (compatible; bingbot/2.0; +http://www.bing.com/bingbot.htm)" 
157.55.39.26 - - [31/May/2021:17:08:59 -0700] "GET /self.logs/access.log.2020-07-04.gz HTTP/1.1" 200 23865 "-" "Mozilla/5.0 (compatible; bingbot/2.0; +http://www.bing.com/bingbot.htm)" 
40.77.167.35 - - [31/May/2021:17:09:05 -0700] "GET /self.logs/access.log.2019-09-29.gz HTTP/1.1" 200 33400 "-" "Mozilla/5.0 (compatible; bingbot/2.0; +http://www.bing.com/bingbot.htm)" 
40.77.167.35 - - [31/May/2021:17:09:05 -0700] "GET /self.logs/access.log.2019-11-13.gz HTTP/1.1" 200 17235 "-" "Mozilla/5.0 (compatible; bingbot/2.0; +http://www.bing.com/bingbot.htm)" 
40.77.167.35 - - [31/May/2021:17:09:05 -0700] "GET /self.logs/access.log.2019-11-21.gz HTTP/1.1" 200 22541 "-" "Mozilla/5.0 (compatible; bingbot/2.0; +http://www.bing.com/bingbot.htm)" 
40.77.167.35 - - [31/May/2021:17:09:05 -0700] "GET /self.logs/access.log.2020-05-05.gz HTTP/1.1" 200 12679 "-" "Mozilla/5.0 (compatible; bingbot/2.0; +http://www.bing.com/bingbot.htm)" 
40.77.167.35 - - [31/May/2021:17:09:05 -0700] "GET /self.logs/access.log.2020-08-10.gz HTTP/1.1" 200 11826 "-" "Mozilla/5.0 (compatible; bingbot/2.0; +http://www.bing.com/bingbot.htm)" 
40.77.167.35 - - [31/May/2021:17:09:05 -0700] "GET /self.logs/access.log.2018-05-15.gz HTTP/1.1" 200 45374 "-" "Mozilla/5.0 (compatible; bingbot/2.0; +http://www.bing.com/bingbot.htm)" 
114.119.129.244 - - [31/May/2021:17:09:12 -0700] "GET /self.logs/access.log.2020-01-02.gz HTTP/1.1" 200 29329 "-" "Mozilla/5.0 (Linux; Android 7.0;) AppleWebKit/537.36 (KHTML, like Gecko) Mobile Safari/537.36 (compatible; PetalBot;+https://webmaster.petalsearch.com/site/petalbot)" 
49.7.21.81 - - [31/May/2021:17:09:16 -0700] "GET / HTTP/1.1" 200 12844 "-" "Sogou web spider/4.0(+http://www.sogou.com/docs/help/webmasters.htm#07)" 
157.55.39.17 - - [31/May/2021:17:09:20 -0700] "GET /self.logs/access.log.2019-09-05.gz HTTP/1.1" 200 24526 "-" "Mozilla/5.0 (compatible; bingbot/2.0; +http://www.bing.com/bingbot.htm)" 
157.55.39.17 - - [31/May/2021:17:09:20 -0700] "GET /self.logs/access.log.2019-12-31.gz HTTP/1.1" 200 18716 "-" "Mozilla/5.0 (compatible; bingbot/2.0; +http://www.bing.com/bingbot.htm)" 
157.55.39.17 - - [31/May/2021:17:09:20 -0700] "GET /self.logs/access.log.2020-09-30.gz HTTP/1.1" 200 13401 "-" "Mozilla/5.0 (compatible; bingbot/2.0; +http://www.bing.com/bingbot.htm)" 
157.55.39.17 - - [31/May/2021:17:09:20 -0700] "GET /self.logs/access.log.2020-02-14.gz HTTP/1.1" 200 14752 "-" "Mozilla/5.0 (compatible; bingbot/2.0; +http://www.bing.com/bingbot.htm)" 
157.55.39.17 - - [31/May/2021:17:09:20 -0700] "GET /self.logs/access.log.2020-05-27.gz HTTP/1.1" 200 22248 "-" "Mozilla/5.0 (compatible; bingbot/2.0; +http://www.bing.com/bingbot.htm)" 
157.55.39.17 - - [31/May/2021:17:09:20 -0700] "GET /self.logs/access.log.2018-08-25.gz HTTP/1.1" 200 19144 "-" "Mozilla/5.0 (compatible; bingbot/2.0; +http://www.bing.com/bingbot.htm)" 
40.77.167.38 - - [31/May/2021:17:09:25 -0700] "GET /self.logs/access.log.2019-12-05.gz HTTP/1.1" 200 20734 "-" "Mozilla/5.0 (compatible; bingbot/2.0; +http://www.bing.com/bingbot.htm)" 
40.77.167.38 - - [31/May/2021:17:09:25 -0700] "GET /self.logs/access.log.2020-04-14.gz HTTP/1.1" 200 30537 "-" "Mozilla/5.0 (compatible; bingbot/2.0; +http://www.bing.com/bingbot.htm)" 
40.77.167.38 - - [31/May/2021:17:09:25 -0700] "GET /self.logs/access.log.2020-05-18.gz HTTP/1.1" 200 15539 "-" "Mozilla/5.0 (compatible; bingbot/2.0; +http://www.bing.com/bingbot.htm)" 
40.77.167.38 - - [31/May/2021:17:09:25 -0700] "GET /self.logs/access.log.2020-04-02.gz HTTP/1.1" 200 20258 "-" "Mozilla/5.0 (compatible; bingbot/2.0; +http://www.bing.com/bingbot.htm)" 
40.77.167.38 - - [31/May/2021:17:09:25 -0700] "GET /self.logs/access.log.2018-08-24.gz HTTP/1.1" 200 38333 "-" "Mozilla/5.0 (compatible; bingbot/2.0; +http://www.bing.com/bingbot.htm)" 
40.77.167.38 - - [31/May/2021:17:09:25 -0700] "GET /self.logs/access.log.2019-01-15.gz HTTP/1.1" 200 22193 "-" "Mozilla/5.0 (compatible; bingbot/2.0; +http://www.bing.com/bingbot.htm)" 
40.77.167.38 - - [31/May/2021:17:09:39 -0700] "GET /self.logs/access.log.2019-10-27.gz HTTP/1.1" 200 15667 "-" "Mozilla/5.0 (compatible; bingbot/2.0; +http://www.bing.com/bingbot.htm)" 
40.77.167.38 - - [31/May/2021:17:09:39 -0700] "GET /self.logs/access.log.2019-10-29.gz HTTP/1.1" 200 26271 "-" "Mozilla/5.0 (compatible; bingbot/2.0; +http://www.bing.com/bingbot.htm)" 
40.77.167.38 - - [31/May/2021:17:09:39 -0700] "GET /self.logs/access.log.2019-11-08.gz HTTP/1.1" 200 16440 "-" "Mozilla/5.0 (compatible; bingbot/2.0; +http://www.bing.com/bingbot.htm)" 
40.77.167.38 - - [31/May/2021:17:09:39 -0700] "GET /self.logs/access.log.2020-01-09.gz HTTP/1.1" 200 13293 "-" "Mozilla/5.0 (compatible; bingbot/2.0; +http://www.bing.com/bingbot.htm)" 
40.77.167.38 - - [31/May/2021:17:09:39 -0700] "GET /self.logs/access.log.2020-01-16.gz HTTP/1.1" 200 13234 "-" "Mozilla/5.0 (compatible; bingbot/2.0; +http://www.bing.com/bingbot.htm)" 
40.77.167.38 - - [31/May/2021:17:09:39 -0700] "GET /self.logs/access.log.2020-02-26.gz HTTP/1.1" 200 15847 "-" "Mozilla/5.0 (compatible; bingbot/2.0; +http://www.bing.com/bingbot.htm)" 
40.77.167.38 - - [31/May/2021:17:09:39 -0700] "GET /self.logs/access.log.2020-08-28.gz HTTP/1.1" 200 14821 "-" "Mozilla/5.0 (compatible; bingbot/2.0; +http://www.bing.com/bingbot.htm)" 
40.77.167.38 - - [31/May/2021:17:09:39 -0700] "GET /self.logs/error.log.2018-09-09.gz HTTP/1.1" 200 16680 "-" "Mozilla/5.0 (compatible; bingbot/2.0; +http://www.bing.com/bingbot.htm)" 
40.77.167.38 - - [31/May/2021:17:09:39 -0700] "GET /self.logs/access.log.2019-01-16.gz HTTP/1.1" 200 26137 "-" "Mozilla/5.0 (compatible; bingbot/2.0; +http://www.bing.com/bingbot.htm)" 
40.77.167.38 - - [31/May/2021:17:09:39 -0700] "GET /self.logs/access.log.2019-06-27.gz HTTP/1.1" 200 35173 "-" "Mozilla/5.0 (compatible; bingbot/2.0; +http://www.bing.com/bingbot.htm)" 
52.207.131.153 - - [31/May/2021:17:14:44 -0700] "HEAD / HTTP/1.1" 301 223 "-" "Apache-HttpClient/4.5.9 (Java/1.8.0_282)" 
52.207.131.153 - - [31/May/2021:17:14:44 -0700] "HEAD / HTTP/1.1" 200 425 "-" "Apache-HttpClient/4.5.9 (Java/1.8.0_282)" 
114.119.150.248 - - [31/May/2021:17:20:44 -0700] "GET /self.logs/error.log.2020-01-05.gz HTTP/1.1" 200 970 "-" "Mozilla/5.0 (Linux; Android 7.0;) AppleWebKit/537.36 (KHTML, like Gecko) Mobile Safari/537.36 (compatible; PetalBot;+https://webmaster.petalsearch.com/site/petalbot)" 
114.119.129.244 - - [31/May/2021:17:26:15 -0700] "GET /self.logs/access.log.2018-05-18.gz HTTP/1.1" 200 16526 "-" "Mozilla/5.0 (Linux; Android 7.0;) AppleWebKit/537.36 (KHTML, like Gecko) Mobile Safari/537.36 (compatible; PetalBot;+https://webmaster.petalsearch.com/site/petalbot)" 
157.55.39.41 - - [31/May/2021:17:28:24 -0700] "GET /self.logs/access.log.2017-12-27.gz HTTP/1.1" 200 20593 "-" "Mozilla/5.0 (compatible; bingbot/2.0; +http://www.bing.com/bingbot.htm)" 
114.119.159.101 - - [31/May/2021:17:31:55 -0700] "GET /self.logs/access.log.2020-10-14.gz HTTP/1.1" 200 15310 "-" "Mozilla/5.0 (Linux; Android 7.0;) AppleWebKit/537.36 (KHTML, like Gecko) Mobile Safari/537.36 (compatible; PetalBot;+https://webmaster.petalsearch.com/site/petalbot)" 
52.207.131.153 - - [31/May/2021:17:33:09 -0700] "HEAD / HTTP/1.1" 200 425 "-" "Apache-HttpClient/4.5.9 (Java/1.8.0_282)" 
114.119.157.43 - - [31/May/2021:17:37:30 -0700] "GET /self.logs/access.log.2017-05-24.gz HTTP/1.1" 200 56525 "-" "Mozilla/5.0 (Linux; Android 7.0;) AppleWebKit/537.36 (KHTML, like Gecko) Mobile Safari/537.36 (compatible; PetalBot;+https://webmaster.petalsearch.com/site/petalbot)" 
49.7.21.81 - - [31/May/2021:17:44:57 -0700] "GET / HTTP/1.1" 200 12844 "-" "Sogou web spider/4.0(+http://www.sogou.com/docs/help/webmasters.htm#07)" 
114.119.146.4 - - [31/May/2021:17:49:24 -0700] "GET /robots.txt HTTP/1.1" 200 377 "-" "Mozilla/5.0 (compatible;PetalBot;+https://webmaster.petalsearch.com/site/petalbot)" 
40.77.167.38 - - [31/May/2021:17:49:24 -0700] "GET /self.logs/access.log.2017-07-21.gz HTTP/1.1" 301 543 "-" "Mozilla/5.0 (compatible; bingbot/2.0; +http://www.bing.com/bingbot.htm)" 
157.55.39.75 - - [31/May/2021:17:50:20 -0700] "GET /self.logs/error.log.2021-05-07.gz HTTP/1.1" 200 4048 "-" "Mozilla/5.0 (compatible; bingbot/2.0; +http://www.bing.com/bingbot.htm)" 
114.119.159.101 - - [31/May/2021:17:54:03 -0700] "GET /self.logs/2015/error.log.2015-01-24.gz HTTP/1.1" 200 982 "-" "Mozilla/5.0 (Linux; Android 7.0;) AppleWebKit/537.36 (KHTML, like Gecko) Mobile Safari/537.36 (compatible; PetalBot;+https://webmaster.petalsearch.com/site/petalbot)" 
114.119.150.248 - - [31/May/2021:17:54:07 -0700] "GET /self.logs/2015/error.log.2015-01-24.gz HTTP/1.1" 200 982 "-" "Mozilla/5.0 (Linux; Android 7.0;) AppleWebKit/537.36 (KHTML, like Gecko) Mobile Safari/537.36 (compatible; PetalBot;+https://webmaster.petalsearch.com/site/petalbot)" 
114.119.150.248 - - [31/May/2021:18:10:58 -0700] "GET /self.logs/access.log.2019-03-11.gz HTTP/1.1" 200 41556 "-" "Mozilla/5.0 (Linux; Android 7.0;) AppleWebKit/537.36 (KHTML, like Gecko) Mobile Safari/537.36 (compatible; PetalBot;+https://webmaster.petalsearch.com/site/petalbot)" 
95.163.255.53 - - [31/May/2021:18:13:27 -0700] "GET /robots.txt HTTP/1.0" 200 340 "-" "Mozilla/5.0 (compatible; Linux x86_64; Mail.RU_Bot/2.0; +http://go.mail.ru/help/robots)" 
95.163.255.53 - - [31/May/2021:18:13:28 -0700] "GET /Datasets%20Description/HTML_Bro_log_2/weird.html HTTP/1.1" 200 1898 "-" "Mozilla/5.0 (compatible; Linux x86_64; Mail.RU_Bot/2.0; +http://go.mail.ru/help/robots)" 
157.55.39.41 - - [31/May/2021:18:15:08 -0700] "GET / HTTP/1.1" 301 475 "-" "Mozilla/5.0 (compatible; bingbot/2.0; +http://www.bing.com/bingbot.htm)" 
49.7.21.81 - - [31/May/2021:18:21:36 -0700] "GET / HTTP/1.1" 200 12845 "-" "Sogou web spider/4.0(+http://www.sogou.com/docs/help/webmasters.htm#07)" 
114.119.159.101 - - [31/May/2021:18:22:22 -0700] "GET /self.logs/access.log.2020-04-02.gz HTTP/1.1" 200 20281 "-" "Mozilla/5.0 (Linux; Android 7.0;) AppleWebKit/537.36 (KHTML, like Gecko) Mobile Safari/537.36 (compatible; PetalBot;+https://webmaster.petalsearch.com/site/petalbot)" 
114.119.140.84 - - [31/May/2021:18:28:12 -0700] "GET /self.logs/2015/access.log.2015-05-01.gz HTTP/1.1" 200 4540 "-" "Mozilla/5.0 (Linux; Android 7.0;) AppleWebKit/537.36 (KHTML, like Gecko) Mobile Safari/537.36 (compatible; PetalBot;+https://webmaster.petalsearch.com/site/petalbot)" 
114.119.141.53 - - [31/May/2021:18:39:10 -0700] "GET /self.logs/access.log.2019-07-11.gz HTTP/1.1" 200 63890 "-" "Mozilla/5.0 (Linux; Android 7.0;) AppleWebKit/537.36 (KHTML, like Gecko) Mobile Safari/537.36 (compatible; PetalBot;+https://webmaster.petalsearch.com/site/petalbot)" 
123.183.224.116 - - [31/May/2021:18:41:28 -0700] "GET / HTTP/1.1" 301 438 "-" "Sogou web spider/4.0(+http://www.sogou.com/docs/help/webmasters.htm#07)" 
114.119.144.30 - - [31/May/2021:18:44:51 -0700] "GET /self.logs/2015/error.log.2015-10-16.gz HTTP/1.1" 200 874 "-" "Mozilla/5.0 (Linux; Android 7.0;) AppleWebKit/537.36 (KHTML, like Gecko) Mobile Safari/537.36 (compatible; PetalBot;+https://webmaster.petalsearch.com/site/petalbot)" 
42.236.39.147 - - [31/May/2021:18:47:14 -0700] "GET / HTTP/1.1" 200 12881 "http://www.secrepo.com/" "Mozilla/5.0 (Windows NT 6.1; WOW64) AppleWebKit/537.36 (KHTML, like Gecko) Chrome/50.0.2661.102 Safari/537.36; 360Spider" 
42.236.10.122 - - [31/May/2021:18:47:15 -0700] "GET / HTTP/1.1" 200 12881 "http://www.secrepo.com/" "Mozilla/5.0 (Windows NT 6.1; WOW64) AppleWebKit/537.36 (KHTML, like Gecko) Chrome/50.0.2661.102 Safari/537.36; 360Spider" 
123.183.224.116 - - [31/May/2021:18:49:20 -0700] "GET / HTTP/1.1" 200 12844 "-" "Sogou web spider/4.0(+http://www.sogou.com/docs/help/webmasters.htm#07)" 
54.36.148.17 - - [31/May/2021:18:49:43 -0700] "GET / HTTP/1.1" 200 12837 "-" "Mozilla/5.0 (compatible; AhrefsBot/7.0; +http://ahrefs.com/robot/)" 
114.119.157.43 - - [31/May/2021:18:50:23 -0700] "GET /self.logs/access.log.2019-09-06.gz HTTP/1.1" 200 23635 "-" "Mozilla/5.0 (Linux; Android 7.0;) AppleWebKit/537.36 (KHTML, like Gecko) Mobile Safari/537.36 (compatible; PetalBot;+https://webmaster.petalsearch.com/site/petalbot)" 
114.119.159.40 - - [31/May/2021:18:56:29 -0700] "GET /self.logs/access.log.2020-11-28.gz HTTP/1.1" 200 12604 "-" "Mozilla/5.0 (Linux; Android 7.0;) AppleWebKit/537.36 (KHTML, like Gecko) Mobile Safari/537.36 (compatible; PetalBot;+https://webmaster.petalsearch.com/site/petalbot)" 
106.38.241.178 - - [31/May/2021:18:57:56 -0700] "GET / HTTP/1.1" 200 12844 "-" "Sogou web spider/4.0(+http://www.sogou.com/docs/help/webmasters.htm#07)" 
114.119.140.84 - - [31/May/2021:19:01:36 -0700] "GET /self.logs/access.log.2019-09-05.gz HTTP/1.1" 200 24526 "-" "Mozilla/5.0 (Linux; Android 7.0;) AppleWebKit/537.36 (KHTML, like Gecko) Mobile Safari/537.36 (compatible; PetalBot;+https://webmaster.petalsearch.com/site/petalbot)" 
114.119.159.101 - - [31/May/2021:19:07:17 -0700] "GET /self.logs/2015/access.log.2015-07-01.gz HTTP/1.1" 200 5696 "-" "Mozilla/5.0 (Linux; Android 7.0;) AppleWebKit/537.36 (KHTML, like Gecko) Mobile Safari/537.36 (compatible; PetalBot;+https://webmaster.petalsearch.com/site/petalbot)" 
58.250.125.119 - - [31/May/2021:19:07:40 -0700] "GET / HTTP/1.1" 200 12844 "-" "Sogou web spider/4.0(+http://www.sogou.com/docs/help/webmasters.htm#07)" 
49.7.21.81 - - [31/May/2021:19:08:30 -0700] "GET / HTTP/1.1" 200 12844 "-" "Sogou web spider/4.0(+http://www.sogou.com/docs/help/webmasters.htm#07)" 
42.236.10.76 - - [31/May/2021:19:08:44 -0700] "GET / HTTP/1.1" 200 12881 "http://www.secrepo.com/" "Mozilla/5.0 (Windows NT 6.1; WOW64) AppleWebKit/537.36 (KHTML, like Gecko) Chrome/50.4.2661.102 Safari/537.36; 360Spider" 
157.55.39.26 - - [31/May/2021:19:13:37 -0700] "GET /self.logs/access.log.2017-03-13.gz HTTP/1.1" 301 543 "-" "Mozilla/5.0 (compatible; bingbot/2.0; +http://www.bing.com/bingbot.htm)" 
66.249.64.51 - - [31/May/2021:19:17:34 -0700] "GET / HTTP/1.1" 200 12881 "-" "Mozilla/5.0 (compatible; Googlebot/2.1; +http://www.google.com/bot.html)" 
66.249.64.49 - - [31/May/2021:19:17:39 -0700] "GET /css/style.css HTTP/1.1" 404 328 "http://www.secrepo.com/" "Mozilla/5.0 AppleWebKit/537.36 (KHTML, like Gecko; compatible; Googlebot/2.1; +http://www.google.com/bot.html) Chrome/90.0.4430.97 Safari/537.36" 
66.249.64.49 - - [31/May/2021:19:17:40 -0700] "GET /css/style.css HTTP/1.1" 404 305 "http://www.secrepo.com/" "Mozilla/5.0 AppleWebKit/537.36 (KHTML, like Gecko; compatible; Googlebot/2.1; +http://www.google.com/bot.html) Chrome/90.0.4430.97 Safari/537.36" 
104.215.193.158 - - [31/May/2021:19:18:22 -0700] "GET / HTTP/1.1" 200 12837 "-" "Mozilla/5.0 (Windows NT 10.0; Win64; x64) AppleWebKit/537.36 (KHTML, like Gecko) Chrome/90.0.4430.212 Safari/537.36" 
104.215.193.158 - - [31/May/2021:19:18:22 -0700] "GET /robots.txt HTTP/1.1" 200 333 "-" "Mozilla/5.0 (Windows NT 10.0; Win64; x64) AppleWebKit/537.36 (KHTML, like Gecko) Chrome/90.0.4430.212 Safari/537.36" 
