66.249.69.189 - - [27/Dec/2020:15:45:04 -0800] "GET / HTTP/1.1" 200 12882 "-" "Mozilla/5.0 (compatible; Googlebot/2.1; +http://www.google.com/bot.html)" 
54.36.148.188 - - [27/Dec/2020:15:52:30 -0800] "GET /Datasets%20Description/HTML_Bro_log_3/http.html HTTP/1.1" 200 1991 "-" "Mozilla/5.0 (compatible; AhrefsBot/7.0; +http://ahrefs.com/robot/)" 
157.55.39.93 - - [27/Dec/2020:15:54:40 -0800] "GET /self.logs/error.log.2018-04-24.gz HTTP/1.1" 200 5046 "-" "Mozilla/5.0 (compatible; bingbot/2.0; +http://www.bing.com/bingbot.htm)" 
114.119.129.244 - - [27/Dec/2020:15:59:12 -0800] "GET /self.logs/2015/error.log.2015-02-06.gz HTTP/1.1" 200 726 "-" "Mozilla/5.0 (Linux; Android 7.0;) AppleWebKit/537.36 (KHTML, like Gecko) Mobile Safari/537.36 (compatible; PetalBot;+https://aspiegel.com/petalbot)" 
49.195.94.22 - - [27/Dec/2020:16:00:34 -0800] "GET / HTTP/1.1" 200 12882 "-" "Mozilla/5.0 (Macintosh; Intel Mac OS X 10_15_4) AppleWebKit/605.1.15 (KHTML, like Gecko) Version/13.1 Safari/605.1.15" 
49.195.94.22 - - [27/Dec/2020:16:00:34 -0800] "GET / HTTP/1.1" 200 12882 "-" "Mozilla/5.0 (Macintosh; Intel Mac OS X 10_15_4) AppleWebKit/605.1.15 (KHTML, like Gecko) Version/13.1 Safari/605.1.15" 
49.195.94.22 - - [27/Dec/2020:16:00:34 -0800] "GET / HTTP/1.1" 200 12882 "-" "Mozilla/5.0 (Macintosh; Intel Mac OS X 10_15_4) AppleWebKit/605.1.15 (KHTML, like Gecko) Version/13.1 Safari/605.1.15" 
49.195.94.22 - - [27/Dec/2020:16:00:34 -0800] "GET / HTTP/1.1" 200 12882 "-" "Mozilla/5.0 (Macintosh; Intel Mac OS X 10_15_4) AppleWebKit/605.1.15 (KHTML, like Gecko) Version/13.1 Safari/605.1.15" 
54.36.148.175 - - [27/Dec/2020:16:01:17 -0800] "GET /Datasets%20Description/HTML_Bro_log_3/dns.html HTTP/1.1" 200 1786 "-" "Mozilla/5.0 (compatible; AhrefsBot/7.0; +http://ahrefs.com/robot/)" 
54.36.148.121 - - [27/Dec/2020:16:10:05 -0800] "GET /Datasets%20Description/HTML_Bro_log_3/conn.html HTTP/1.1" 200 1965 "-" "Mozilla/5.0 (compatible; AhrefsBot/7.0; +http://ahrefs.com/robot/)" 
207.46.13.27 - - [27/Dec/2020:16:17:10 -0800] "GET /self.logs/error.log.2017-10-26.gz HTTP/1.1" 200 1746 "-" "Mozilla/5.0 (compatible; bingbot/2.0; +http://www.bing.com/bingbot.htm)" 
106.220.74.183 - - [27/Dec/2020:16:18:10 -0800] "GET / HTTP/1.1" 200 12882 "-" "Mozilla/5.0 (Windows NT 10.0; Win64; x64) AppleWebKit/537.36 (KHTML, like Gecko) Chrome/87.0.4280.88 Safari/537.36" 
106.220.74.183 - - [27/Dec/2020:16:18:10 -0800] "GET /css/style.css HTTP/1.1" 404 305 "http://www.secrepo.com/" "Mozilla/5.0 (Windows NT 10.0; Win64; x64) AppleWebKit/537.36 (KHTML, like Gecko) Chrome/87.0.4280.88 Safari/537.36" 
106.220.74.183 - - [27/Dec/2020:16:18:10 -0800] "GET /twitter-icon.png HTTP/1.1" 200 27916 "http://www.secrepo.com/" "Mozilla/5.0 (Windows NT 10.0; Win64; x64) AppleWebKit/537.36 (KHTML, like Gecko) Chrome/87.0.4280.88 Safari/537.36" 
106.220.74.183 - - [27/Dec/2020:16:18:10 -0800] "GET /GitHub-Mark.png HTTP/1.1" 200 7556 "http://www.secrepo.com/" "Mozilla/5.0 (Windows NT 10.0; Win64; x64) AppleWebKit/537.36 (KHTML, like Gecko) Chrome/87.0.4280.88 Safari/537.36" 
106.220.74.183 - - [27/Dec/2020:16:18:13 -0800] "GET /bootstrap/img/favicon.ico HTTP/1.1" 200 713 "http://www.secrepo.com/" "Mozilla/5.0 (Windows NT 10.0; Win64; x64) AppleWebKit/537.36 (KHTML, like Gecko) Chrome/87.0.4280.88 Safari/537.36" 
66.249.69.187 - - [27/Dec/2020:16:18:29 -0800] "GET /Datasets%20Description/Network/dhcp.html HTTP/1.1" 200 1461 "-" "Mozilla/5.0 (Linux; Android 6.0.1; Nexus 5X Build/MMB29P) AppleWebKit/537.36 (KHTML, like Gecko) Chrome/87.0.4280.90 Mobile Safari/537.36 (compatible; Googlebot/2.1; +http://www.google.com/bot.html)" 
66.249.69.185 - - [27/Dec/2020:16:18:39 -0800] "GET /favicon.ico HTTP/1.1" 200 391 "-" "Googlebot-Image/1.0" 
54.36.149.62 - - [27/Dec/2020:16:19:13 -0800] "GET /Datasets%20Description/HTML_Bro_log_3/loaded_scripts.html HTTP/1.1" 200 1499 "-" "Mozilla/5.0 (compatible; AhrefsBot/7.0; +http://ahrefs.com/robot/)" 
114.119.130.95 - - [27/Dec/2020:16:19:38 -0800] "GET /self.logs/access.log.2017-05-31.gz HTTP/1.1" 200 18752 "-" "Mozilla/5.0 (Linux; Android 7.0;) AppleWebKit/537.36 (KHTML, like Gecko) Mobile Safari/537.36 (compatible; PetalBot;+https://aspiegel.com/petalbot)" 
106.220.74.183 - - [27/Dec/2020:16:20:39 -0800] "GET /css/style.css HTTP/1.1" 404 328 "http://www.secrepo.com/" "Mozilla/5.0 (Windows NT 10.0; Win64; x64) AppleWebKit/537.36 (KHTML, like Gecko) Chrome/87.0.4280.88 Safari/537.36" 
207.46.13.27 - - [27/Dec/2020:16:22:09 -0800] "GET /self.logs/access.log.2018-12-28.gz HTTP/1.1" 200 22581 "-" "Mozilla/5.0 (compatible; bingbot/2.0; +http://www.bing.com/bingbot.htm)" 
114.119.141.53 - - [27/Dec/2020:16:24:41 -0800] "GET /self.logs/2015/access.log.2015-08-20.gz HTTP/1.1" 200 5358 "-" "Mozilla/5.0 (Linux; Android 7.0;) AppleWebKit/537.36 (KHTML, like Gecko) Mobile Safari/537.36 (compatible; PetalBot;+https://aspiegel.com/petalbot)" 
54.36.149.62 - - [27/Dec/2020:16:27:24 -0800] "GET /Datasets%20Description/HTML_Bro_log_1/notice.html HTTP/1.1" 200 1957 "-" "Mozilla/5.0 (compatible; AhrefsBot/7.0; +http://ahrefs.com/robot/)" 
207.46.13.173 - - [27/Dec/2020:16:30:01 -0800] "GET /self.logs/error.log.2019-09-12.gz HTTP/1.1" 301 541 "-" "Mozilla/5.0 (compatible; bingbot/2.0; +http://www.bing.com/bingbot.htm)" 
1.83.129.192 - - [27/Dec/2020:16:32:55 -0800] "GET /honeypot/Honeypot%20-%20Howto%20-%20BSides%20Austin.pdf HTTP/1.1" 200 1163400 "-" "Mozilla/4.0 (compatible; MSIE 6.0; Windows NT 5.1)" 
114.119.130.95 - - [27/Dec/2020:16:34:52 -0800] "GET /self.logs/error.log.2018-07-05.gz HTTP/1.1" 200 5718 "-" "Mozilla/5.0 (Linux; Android 7.0;) AppleWebKit/537.36 (KHTML, like Gecko) Mobile Safari/537.36 (compatible; PetalBot;+https://aspiegel.com/petalbot)" 
54.36.149.62 - - [27/Dec/2020:16:35:32 -0800] "GET /Datasets%20Description/?C=N;O=D HTTP/1.1" 200 629 "-" "Mozilla/5.0 (compatible; AhrefsBot/7.0; +http://ahrefs.com/robot/)" 
207.46.13.27 - - [27/Dec/2020:16:38:51 -0800] "GET /Datasets%20Description/HTML_Bro_log_2/dns.html HTTP/1.1" 200 1831 "-" "Mozilla/5.0 (compatible; bingbot/2.0; +http://www.bing.com/bingbot.htm)" 
54.36.148.18 - - [27/Dec/2020:16:43:26 -0800] "GET /Datasets%20Description/HTML_Bro_log_1/conn.html HTTP/1.1" 200 1967 "-" "Mozilla/5.0 (compatible; AhrefsBot/7.0; +http://ahrefs.com/robot/)" 
114.119.155.228 - - [27/Dec/2020:16:45:05 -0800] "GET /self.logs/error.log.2018-07-03.gz HTTP/1.1" 200 6404 "-" "Mozilla/5.0 (Linux; Android 7.0;) AppleWebKit/537.36 (KHTML, like Gecko) Mobile Safari/537.36 (compatible; PetalBot;+https://aspiegel.com/petalbot)" 
111.160.254.66 - - [27/Dec/2020:16:46:01 -0800] "GET /favicon.ico HTTP/1.1" 200 391 "-" "Mozilla/5.0 (Windows NT 10.0; WOW64) AppleWebKit/537.36 (KHTML, like Gecko) Chrome/72.0.3626.81 Safari/537.36 SE 2.X MetaSr 1.0" 
54.36.149.65 - - [27/Dec/2020:16:47:35 -0800] "GET /Datasets%20Description/HTML_Bro_log_1/dns.html HTTP/1.1" 200 1793 "-" "Mozilla/5.0 (compatible; AhrefsBot/7.0; +http://ahrefs.com/robot/)" 
207.46.13.173 - - [27/Dec/2020:16:51:01 -0800] "GET /self.logs/2015/error.log.2015-04-08.gz HTTP/1.1" 200 657 "-" "Mozilla/5.0 (compatible; bingbot/2.0; +http://www.bing.com/bingbot.htm)" 
54.36.148.139 - - [27/Dec/2020:16:51:40 -0800] "GET /Datasets%20Description/Network/dns.html HTTP/1.1" 200 1499 "-" "Mozilla/5.0 (compatible; AhrefsBot/7.0; +http://ahrefs.com/robot/)" 
114.119.159.101 - - [27/Dec/2020:16:55:14 -0800] "GET /self.logs/access.log.2019-09-13.gz HTTP/1.1" 200 16398 "-" "Mozilla/5.0 (Linux; Android 7.0;) AppleWebKit/537.36 (KHTML, like Gecko) Mobile Safari/537.36 (compatible; PetalBot;+https://aspiegel.com/petalbot)" 
1.83.54.222 - - [27/Dec/2020:16:55:47 -0800] "GET /honeypot/Honeypot%20-%20Howto%20-%20BSides%20Austin.pdf HTTP/1.1" 200 1111680 "-" "Mozilla/4.0 (compatible; MSIE 6.0; Windows NT 5.1)" 
207.46.13.45 - - [27/Dec/2020:16:57:37 -0800] "GET /self.logs/access.log.2018-04-27.gz HTTP/1.1" 301 543 "-" "Mozilla/5.0 (compatible; bingbot/2.0; +http://www.bing.com/bingbot.htm)" 
54.36.148.18 - - [27/Dec/2020:16:59:43 -0800] "GET /Datasets%20Description/Network/?C=N;O=A HTTP/1.1" 200 725 "-" "Mozilla/5.0 (compatible; AhrefsBot/7.0; +http://ahrefs.com/robot/)" 
114.119.144.30 - - [27/Dec/2020:17:00:19 -0800] "GET /self.logs/access.log.2017-04-13.gz HTTP/1.1" 200 23171 "-" "Mozilla/5.0 (Linux; Android 7.0;) AppleWebKit/537.36 (KHTML, like Gecko) Mobile Safari/537.36 (compatible; PetalBot;+https://aspiegel.com/petalbot)" 
191.17.65.209 - - [27/Dec/2020:17:09:37 -0800] "GET / HTTP/1.1" 200 12883 "-" "Mozilla/5.0 (Windows NT 10.0; Win64; x64; rv:83.0) Gecko/20100101 Firefox/83.0" 
191.17.65.209 - - [27/Dec/2020:17:09:37 -0800] "GET /css/style.css HTTP/1.1" 404 328 "http://www.secrepo.com/" "Mozilla/5.0 (Windows NT 10.0; Win64; x64; rv:83.0) Gecko/20100101 Firefox/83.0" 
191.17.65.209 - - [27/Dec/2020:17:09:37 -0800] "GET /twitter-icon.png HTTP/1.1" 200 27893 "http://www.secrepo.com/" "Mozilla/5.0 (Windows NT 10.0; Win64; x64; rv:83.0) Gecko/20100101 Firefox/83.0" 
191.17.65.209 - - [27/Dec/2020:17:09:37 -0800] "GET /GitHub-Mark.png HTTP/1.1" 200 7533 "http://www.secrepo.com/" "Mozilla/5.0 (Windows NT 10.0; Win64; x64; rv:83.0) Gecko/20100101 Firefox/83.0" 
191.17.65.209 - - [27/Dec/2020:17:09:38 -0800] "GET /bootstrap/img/favicon.ico HTTP/1.1" 200 690 "http://www.secrepo.com/" "Mozilla/5.0 (Windows NT 10.0; Win64; x64; rv:83.0) Gecko/20100101 Firefox/83.0" 
114.119.130.95 - - [27/Dec/2020:17:10:30 -0800] "GET /self.logs/access.log.2019-12-10.gz HTTP/1.1" 200 31803 "-" "Mozilla/5.0 (Linux; Android 7.0;) AppleWebKit/537.36 (KHTML, like Gecko) Mobile Safari/537.36 (compatible; PetalBot;+https://aspiegel.com/petalbot)" 
54.36.149.62 - - [27/Dec/2020:17:15:02 -0800] "GET /Datasets%20Description/HTML_Bro_log_1/files.html HTTP/1.1" 200 1874 "-" "Mozilla/5.0 (compatible; AhrefsBot/7.0; +http://ahrefs.com/robot/)" 
80.3.61.244 - - [27/Dec/2020:17:15:04 -0800] "GET / HTTP/1.1" 200 12883 "-" "Mozilla/5.0 (Windows NT 10.0; Win64; x64) AppleWebKit/537.36 (KHTML, like Gecko) Chrome/87.0.4280.88 Safari/537.36" 
80.3.61.244 - - [27/Dec/2020:17:15:04 -0800] "GET /css/style.css HTTP/1.1" 404 305 "http://www.secrepo.com/" "Mozilla/5.0 (Windows NT 10.0; Win64; x64) AppleWebKit/537.36 (KHTML, like Gecko) Chrome/87.0.4280.88 Safari/537.36" 
80.3.61.244 - - [27/Dec/2020:17:15:04 -0800] "GET /twitter-icon.png HTTP/1.1" 200 27893 "http://www.secrepo.com/" "Mozilla/5.0 (Windows NT 10.0; Win64; x64) AppleWebKit/537.36 (KHTML, like Gecko) Chrome/87.0.4280.88 Safari/537.36" 
80.3.61.244 - - [27/Dec/2020:17:15:04 -0800] "GET /GitHub-Mark.png HTTP/1.1" 200 7556 "http://www.secrepo.com/" "Mozilla/5.0 (Windows NT 10.0; Win64; x64) AppleWebKit/537.36 (KHTML, like Gecko) Chrome/87.0.4280.88 Safari/537.36" 
80.3.61.244 - - [27/Dec/2020:17:15:05 -0800] "GET /bootstrap/img/favicon.ico HTTP/1.1" 200 690 "http://www.secrepo.com/" "Mozilla/5.0 (Windows NT 10.0; Win64; x64) AppleWebKit/537.36 (KHTML, like Gecko) Chrome/87.0.4280.88 Safari/537.36" 
114.119.144.30 - - [27/Dec/2020:17:20:41 -0800] "GET /self.logs/2015/error.log.2015-06-10.gz HTTP/1.1" 200 909 "-" "Mozilla/5.0 (Linux; Android 7.0;) AppleWebKit/537.36 (KHTML, like Gecko) Mobile Safari/537.36 (compatible; PetalBot;+https://aspiegel.com/petalbot)" 
60.157.65.211 - - [27/Dec/2020:17:21:48 -0800] "GET / HTTP/1.1" 200 12882 "-" "Mozilla/5.0 (Windows NT 10.0; Win64; x64) AppleWebKit/537.36 (KHTML, like Gecko) Chrome/87.0.4280.88 Safari/537.36" 
60.157.65.211 - - [27/Dec/2020:17:21:48 -0800] "GET /css/style.css HTTP/1.1" 404 328 "http://www.secrepo.com/" "Mozilla/5.0 (Windows NT 10.0; Win64; x64) AppleWebKit/537.36 (KHTML, like Gecko) Chrome/87.0.4280.88 Safari/537.36" 
60.157.65.211 - - [27/Dec/2020:17:21:49 -0800] "GET /twitter-icon.png HTTP/1.1" 200 27893 "http://www.secrepo.com/" "Mozilla/5.0 (Windows NT 10.0; Win64; x64) AppleWebKit/537.36 (KHTML, like Gecko) Chrome/87.0.4280.88 Safari/537.36" 
60.157.65.211 - - [27/Dec/2020:17:21:49 -0800] "GET /GitHub-Mark.png HTTP/1.1" 200 7533 "http://www.secrepo.com/" "Mozilla/5.0 (Windows NT 10.0; Win64; x64) AppleWebKit/537.36 (KHTML, like Gecko) Chrome/87.0.4280.88 Safari/537.36" 
60.157.65.211 - - [27/Dec/2020:17:21:51 -0800] "GET /bootstrap/img/favicon.ico HTTP/1.1" 200 713 "http://www.secrepo.com/" "Mozilla/5.0 (Windows NT 10.0; Win64; x64) AppleWebKit/537.36 (KHTML, like Gecko) Chrome/87.0.4280.88 Safari/537.36" 
34.219.175.244 - - [27/Dec/2020:17:24:37 -0800] "GET /bootstrap/img/favicon.ico HTTP/1.1" 200 669 "-" "Mozilla/5.0 (Windows NT 6.1; Win64; x64) AppleWebKit/537.36 (KHTML, like Gecko) Chrome/72.0.3626.109 Safari/537.36" 
54.36.148.220 - - [27/Dec/2020:17:30:38 -0800] "GET /Datasets%20Description/HTML_Bro_log_3/?C=N;O=A HTTP/1.1" 200 779 "-" "Mozilla/5.0 (compatible; AhrefsBot/7.0; +http://ahrefs.com/robot/)" 
114.119.155.228 - - [27/Dec/2020:17:30:53 -0800] "GET /self.logs/error.log.2017-02-15.gz HTTP/1.1" 200 886 "-" "Mozilla/5.0 (Linux; Android 7.0;) AppleWebKit/537.36 (KHTML, like Gecko) Mobile Safari/537.36 (compatible; PetalBot;+https://aspiegel.com/petalbot)" 
54.187.249.125 - - [27/Dec/2020:17:34:44 -0800] "GET / HTTP/1.1" 200 48020 "-" "Mozilla/5.0 (Windows NT 6.1; Win64; x64) AppleWebKit/537.36 (KHTML, like Gecko) Chrome/72.0.3626.109 Safari/537.36" 
207.46.13.45 - - [27/Dec/2020:17:34:47 -0800] "GET /self.logs/error.log.2019-01-13.gz HTTP/1.1" 301 541 "-" "Mozilla/5.0 (compatible; bingbot/2.0; +http://www.bing.com/bingbot.htm)" 
49.7.20.137 - - [27/Dec/2020:17:35:11 -0800] "GET / HTTP/1.1" 200 12846 "-" "Sogou web spider/4.0(+http://www.sogou.com/docs/help/webmasters.htm#07)" 
114.119.150.248 - - [27/Dec/2020:17:35:58 -0800] "GET /self.logs/2015/error.log.2015-12-28.gz HTTP/1.1" 200 800 "-" "Mozilla/5.0 (Linux; Android 7.0;) AppleWebKit/537.36 (KHTML, like Gecko) Mobile Safari/537.36 (compatible; PetalBot;+https://aspiegel.com/petalbot)" 
40.77.167.37 - - [27/Dec/2020:17:36:28 -0800] "GET /self.logs/2016/access.log.2016-02-01.gz HTTP/1.1" 304 280 "-" "Mozilla/5.0 (compatible; bingbot/2.0; +http://www.bing.com/bingbot.htm)" 
120.235.14.40 - - [27/Dec/2020:17:44:18 -0800] "GET / HTTP/1.1" 200 12883 "-" "Mozilla/5.0 (Windows NT 10.0; Win64; x64) AppleWebKit/537.36 (KHTML, like Gecko) Chrome/85.0.4183.121 Safari/537.36" 
120.235.14.40 - - [27/Dec/2020:17:44:18 -0800] "GET /css/style.css HTTP/1.1" 404 305 "http://www.secrepo.com/" "Mozilla/5.0 (Windows NT 10.0; Win64; x64) AppleWebKit/537.36 (KHTML, like Gecko) Chrome/85.0.4183.121 Safari/537.36" 
120.235.14.40 - - [27/Dec/2020:17:44:18 -0800] "GET /twitter-icon.png HTTP/1.1" 200 27916 "http://www.secrepo.com/" "Mozilla/5.0 (Windows NT 10.0; Win64; x64) AppleWebKit/537.36 (KHTML, like Gecko) Chrome/85.0.4183.121 Safari/537.36" 
120.235.14.40 - - [27/Dec/2020:17:44:19 -0800] "GET /GitHub-Mark.png HTTP/1.1" 200 7533 "http://www.secrepo.com/" "Mozilla/5.0 (Windows NT 10.0; Win64; x64) AppleWebKit/537.36 (KHTML, like Gecko) Chrome/85.0.4183.121 Safari/537.36" 
157.55.39.174 - - [27/Dec/2020:17:44:41 -0800] "GET /self.logs/access.log.2017-11-27.gz HTTP/1.1" 301 543 "-" "Mozilla/5.0 (compatible; bingbot/2.0; +http://www.bing.com/bingbot.htm)" 
114.119.130.95 - - [27/Dec/2020:17:46:09 -0800] "GET /self.logs/error.log.2019-11-23.gz HTTP/1.1" 200 869 "-" "Mozilla/5.0 (Linux; Android 7.0;) AppleWebKit/537.36 (KHTML, like Gecko) Mobile Safari/537.36 (compatible; PetalBot;+https://aspiegel.com/petalbot)" 
54.36.149.62 - - [27/Dec/2020:17:46:27 -0800] "GET /self.logs/access.log.2019-08-27.gz HTTP/1.1" 200 16960 "-" "Mozilla/5.0 (compatible; AhrefsBot/7.0; +http://ahrefs.com/robot/)" 
1.202.249.68 - - [27/Dec/2020:17:55:46 -0800] "GET /favicon.ico HTTP/1.1" 200 391 "-" "Mozilla/5.0 (Windows NT 10.0; WOW64) AppleWebKit/537.36 (KHTML, like Gecko) Chrome/78.0.3904.108 Safari/537.36" 
114.119.144.30 - - [27/Dec/2020:17:56:21 -0800] "GET /self.logs/2015/error.log.2015-08-23.gz HTTP/1.1" 200 938 "-" "Mozilla/5.0 (Linux; Android 7.0;) AppleWebKit/537.36 (KHTML, like Gecko) Mobile Safari/537.36 (compatible; PetalBot;+https://aspiegel.com/petalbot)" 
114.119.140.84 - - [27/Dec/2020:18:01:26 -0800] "GET /pe_static/op-cleaver.zip HTTP/1.1" 200 710176 "-" "Mozilla/5.0 (Linux; Android 7.0;) AppleWebKit/537.36 (KHTML, like Gecko) Mobile Safari/537.36 (compatible; PetalBot;+https://aspiegel.com/petalbot)" 
54.36.148.143 - - [27/Dec/2020:18:01:41 -0800] "GET /self.logs/access.log.2017-05-08.gz HTTP/1.1" 200 18490 "-" "Mozilla/5.0 (compatible; AhrefsBot/7.0; +http://ahrefs.com/robot/)" 
207.46.13.173 - - [27/Dec/2020:18:05:19 -0800] "GET /self.logs/access.log.2017-10-17.gz HTTP/1.1" 304 280 "-" "Mozilla/5.0 (compatible; bingbot/2.0; +http://www.bing.com/bingbot.htm)" 
5.248.198.201 - - [27/Dec/2020:18:07:26 -0800] "GET / HTTP/1.1" 200 48020 "https://painting-planet.com/" "Mozilla/4.0 (compatible; MSIE 6.0; Windows NT 5.1; Q312461)" 
5.248.198.201 - - [27/Dec/2020:18:07:27 -0800] "GET / HTTP/1.1" 200 48020 "https://painting-planet.com/" "Mozilla/4.0 (compatible; MSIE 6.0; Windows NT 5.1; Q312461)" 
5.248.198.201 - - [27/Dec/2020:18:07:28 -0800] "GET / HTTP/1.1" 200 48020 "https://painting-planet.com/" "Mozilla/4.0 (compatible; MSIE 6.0; Windows NT 5.1; Q312461)" 
54.36.148.18 - - [27/Dec/2020:18:16:15 -0800] "GET /self.logs/access.log.2019-08-29.gz HTTP/1.1" 200 32881 "-" "Mozilla/5.0 (compatible; AhrefsBot/7.0; +http://ahrefs.com/robot/)" 
17.58.96.164 - - [27/Dec/2020:18:16:17 -0800] "GET /tg/tg_snort_fast.7z HTTP/1.1" 200 4274160 "-" "Mozilla/5.0 (Macintosh; Intel Mac OS X 10_15_5) AppleWebKit/605.1.15 (KHTML, like Gecko) Version/13.1.1 Safari/605.1.15 (Applebot/0.1; +http://www.apple.com/go/applebot)" 
114.119.159.40 - - [27/Dec/2020:18:16:43 -0800] "GET /self.logs/2015/error.log.2015-01-24.gz HTTP/1.1" 200 982 "-" "Mozilla/5.0 (Linux; Android 7.0;) AppleWebKit/537.36 (KHTML, like Gecko) Mobile Safari/537.36 (compatible; PetalBot;+https://aspiegel.com/petalbot)" 
66.249.66.85 - - [27/Dec/2020:18:21:23 -0800] "GET /favicon.ico HTTP/1.1" 200 391 "-" "Googlebot-Image/1.0" 
49.195.94.22 - - [27/Dec/2020:18:25:40 -0800] "GET / HTTP/1.1" 200 12882 "-" "Mozilla/5.0 (Macintosh; Intel Mac OS X 10_15_4) AppleWebKit/605.1.15 (KHTML, like Gecko) Version/13.1 Safari/605.1.15" 
49.195.94.22 - - [27/Dec/2020:18:25:40 -0800] "GET / HTTP/1.1" 200 12882 "-" "Mozilla/5.0 (Macintosh; Intel Mac OS X 10_15_4) AppleWebKit/605.1.15 (KHTML, like Gecko) Version/13.1 Safari/605.1.15" 
49.195.94.22 - - [27/Dec/2020:18:25:40 -0800] "GET / HTTP/1.1" 200 12882 "-" "Mozilla/5.0 (Macintosh; Intel Mac OS X 10_15_4) AppleWebKit/605.1.15 (KHTML, like Gecko) Version/13.1 Safari/605.1.15" 
49.195.94.22 - - [27/Dec/2020:18:25:40 -0800] "GET / HTTP/1.1" 200 12882 "-" "Mozilla/5.0 (Macintosh; Intel Mac OS X 10_15_4) AppleWebKit/605.1.15 (KHTML, like Gecko) Version/13.1 Safari/605.1.15" 
52.212.146.96 - - [27/Dec/2020:18:30:01 -0800] "GET /self.logs/access.log.2020-12-21.gz HTTP/1.1" 200 26058 "-" "python-requests/2.12.1" 
52.212.146.96 - - [27/Dec/2020:18:30:01 -0800] "GET /self.logs/access.log.2020-12-22.gz HTTP/1.1" 200 18783 "-" "python-requests/2.12.1" 
52.212.146.96 - - [27/Dec/2020:18:30:02 -0800] "GET /self.logs/access.log.2020-12-23.gz HTTP/1.1" 200 20340 "-" "python-requests/2.12.1" 
52.212.146.96 - - [27/Dec/2020:18:30:02 -0800] "GET /self.logs/access.log.2020-12-24.gz HTTP/1.1" 200 13783 "-" "python-requests/2.12.1" 
52.212.146.96 - - [27/Dec/2020:18:30:02 -0800] "GET /self.logs/access.log.2020-12-25.gz HTTP/1.1" 404 328 "-" "python-requests/2.12.1" 
52.212.146.96 - - [27/Dec/2020:18:30:02 -0800] "GET /self.logs/access.log.2020-12-26.gz HTTP/1.1" 404 328 "-" "python-requests/2.12.1" 
52.212.146.96 - - [27/Dec/2020:18:30:03 -0800] "GET /self.logs/access.log.2020-12-27.gz HTTP/1.1" 404 328 "-" "python-requests/2.12.1" 
54.36.148.1 - - [27/Dec/2020:18:30:48 -0800] "GET /Datasets%20Description/HTML_Bro_log_2/conn.html HTTP/1.1" 200 1962 "-" "Mozilla/5.0 (compatible; AhrefsBot/7.0; +http://ahrefs.com/robot/)" 
114.119.140.84 - - [27/Dec/2020:18:31:59 -0800] "GET /self.logs/error.log.2018-07-16.gz HTTP/1.1" 200 5837 "-" "Mozilla/5.0 (Linux; Android 7.0;) AppleWebKit/537.36 (KHTML, like Gecko) Mobile Safari/537.36 (compatible; PetalBot;+https://aspiegel.com/petalbot)" 
66.249.66.83 - - [27/Dec/2020:18:33:48 -0800] "GET /Datasets%20Description/Network/ftp.html HTTP/1.1" 304 277 "-" "Mozilla/5.0 (Linux; Android 6.0.1; Nexus 5X Build/MMB29P) AppleWebKit/537.36 (KHTML, like Gecko) Chrome/87.0.4280.90 Mobile Safari/537.36 (compatible; Googlebot/2.1; +http://www.google.com/bot.html)" 
49.195.94.22 - - [27/Dec/2020:18:36:06 -0800] "GET / HTTP/1.1" 200 12883 "-" "Mozilla/5.0 (Macintosh; Intel Mac OS X 10_15_4) AppleWebKit/605.1.15 (KHTML, like Gecko) Version/13.1 Safari/605.1.15" 
49.195.94.22 - - [27/Dec/2020:18:36:06 -0800] "GET / HTTP/1.1" 200 12883 "-" "Mozilla/5.0 (Macintosh; Intel Mac OS X 10_15_4) AppleWebKit/605.1.15 (KHTML, like Gecko) Version/13.1 Safari/605.1.15" 
49.195.94.22 - - [27/Dec/2020:18:36:06 -0800] "GET / HTTP/1.1" 200 12883 "-" "Mozilla/5.0 (Macintosh; Intel Mac OS X 10_15_4) AppleWebKit/605.1.15 (KHTML, like Gecko) Version/13.1 Safari/605.1.15" 
49.195.94.22 - - [27/Dec/2020:18:36:06 -0800] "GET / HTTP/1.1" 200 12883 "-" "Mozilla/5.0 (Macintosh; Intel Mac OS X 10_15_4) AppleWebKit/605.1.15 (KHTML, like Gecko) Version/13.1 Safari/605.1.15" 
114.119.144.30 - - [27/Dec/2020:18:37:04 -0800] "GET /self.logs/2015/access.log.2015-03-23.gz HTTP/1.1" 200 4191 "-" "Mozilla/5.0 (Linux; Android 7.0;) AppleWebKit/537.36 (KHTML, like Gecko) Mobile Safari/537.36 (compatible; PetalBot;+https://aspiegel.com/petalbot)" 
114.119.150.248 - - [27/Dec/2020:18:42:08 -0800] "GET /self.logs/error.log.2019-10-19.gz HTTP/1.1" 200 2003 "-" "Mozilla/5.0 (Linux; Android 7.0;) AppleWebKit/537.36 (KHTML, like Gecko) Mobile Safari/537.36 (compatible; PetalBot;+https://aspiegel.com/petalbot)" 
180.164.61.89 - - [27/Dec/2020:18:42:54 -0800] "GET / HTTP/1.1" 301 475 "-" "Mozilla/5.0 (Windows NT 10.0; Win64; x64) AppleWebKit/537.36 (KHTML, like Gecko) Chrome/87.0.4280.88 Safari/537.36" 
180.164.61.89 - - [27/Dec/2020:18:42:54 -0800] "GET / HTTP/1.1" 200 12883 "-" "Mozilla/5.0 (Windows NT 10.0; Win64; x64) AppleWebKit/537.36 (KHTML, like Gecko) Chrome/87.0.4280.88 Safari/537.36" 
180.164.61.89 - - [27/Dec/2020:18:42:55 -0800] "GET /css/style.css HTTP/1.1" 404 305 "http://www.secrepo.com/" "Mozilla/5.0 (Windows NT 10.0; Win64; x64) AppleWebKit/537.36 (KHTML, like Gecko) Chrome/87.0.4280.88 Safari/537.36" 
180.164.61.89 - - [27/Dec/2020:18:42:55 -0800] "GET /twitter-icon.png HTTP/1.1" 200 27916 "http://www.secrepo.com/" "Mozilla/5.0 (Windows NT 10.0; Win64; x64) AppleWebKit/537.36 (KHTML, like Gecko) Chrome/87.0.4280.88 Safari/537.36" 
180.164.61.89 - - [27/Dec/2020:18:42:55 -0800] "GET /GitHub-Mark.png HTTP/1.1" 200 7556 "http://www.secrepo.com/" "Mozilla/5.0 (Windows NT 10.0; Win64; x64) AppleWebKit/537.36 (KHTML, like Gecko) Chrome/87.0.4280.88 Safari/537.36" 
180.164.61.89 - - [27/Dec/2020:18:43:23 -0800] "GET /bootstrap/img/favicon.ico HTTP/1.1" 200 713 "http://www.secrepo.com/" "Mozilla/5.0 (Windows NT 10.0; Win64; x64) AppleWebKit/537.36 (KHTML, like Gecko) Chrome/87.0.4280.88 Safari/537.36" 
54.36.148.18 - - [27/Dec/2020:18:45:36 -0800] "GET /self.logs/access.log.2020-07-15.gz HTTP/1.1" 200 18812 "-" "Mozilla/5.0 (compatible; AhrefsBot/7.0; +http://ahrefs.com/robot/)" 
114.119.129.244 - - [27/Dec/2020:18:57:33 -0800] "GET /self.logs/2015/access.log.2015-01-19.gz HTTP/1.1" 200 2894 "-" "Mozilla/5.0 (Linux; Android 7.0;) AppleWebKit/537.36 (KHTML, like Gecko) Mobile Safari/537.36 (compatible; PetalBot;+https://aspiegel.com/petalbot)" 
54.36.149.96 - - [27/Dec/2020:19:00:45 -0800] "GET /self.logs/error.log.2020-08-06 HTTP/1.1" 200 823 "-" "Mozilla/5.0 (compatible; AhrefsBot/7.0; +http://ahrefs.com/robot/)" 
114.119.159.40 - - [27/Dec/2020:19:02:29 -0800] "GET /self.logs/error.log.2017-07-23.gz HTTP/1.1" 200 836 "-" "Mozilla/5.0 (Linux; Android 7.0;) AppleWebKit/537.36 (KHTML, like Gecko) Mobile Safari/537.36 (compatible; PetalBot;+https://aspiegel.com/petalbot)" 
114.119.141.53 - - [27/Dec/2020:19:12:40 -0800] "GET /self.logs/2015/access.log.2015-11-04.gz HTTP/1.1" 200 5978 "-" "Mozilla/5.0 (Linux; Android 7.0;) AppleWebKit/537.36 (KHTML, like Gecko) Mobile Safari/537.36 (compatible; PetalBot;+https://aspiegel.com/petalbot)" 
13.66.139.117 - - [27/Dec/2020:19:13:57 -0800] "GET /self.logs/access.log.2017-05-28.gz HTTP/1.1" 200 21126 "-" "Mozilla/5.0 (compatible; bingbot/2.0; +http://www.bing.com/bingbot.htm)" 
13.66.139.117 - - [27/Dec/2020:19:13:57 -0800] "GET /self.logs/access.log.2017-04-15.gz HTTP/1.1" 200 13779 "-" "Mozilla/5.0 (compatible; bingbot/2.0; +http://www.bing.com/bingbot.htm)" 
13.66.139.117 - - [27/Dec/2020:19:13:57 -0800] "GET /self.logs/access.log.2017-03-25.gz HTTP/1.1" 200 13564 "-" "Mozilla/5.0 (compatible; bingbot/2.0; +http://www.bing.com/bingbot.htm)" 
13.66.139.117 - - [27/Dec/2020:19:13:57 -0800] "GET /self.logs/access.log.2017-03-18.gz HTTP/1.1" 200 10560 "-" "Mozilla/5.0 (compatible; bingbot/2.0; +http://www.bing.com/bingbot.htm)" 
13.66.139.117 - - [27/Dec/2020:19:13:58 -0800] "GET /self.logs/access.log.2017-03-08.gz HTTP/1.1" 200 18042 "-" "Mozilla/5.0 (compatible; bingbot/2.0; +http://www.bing.com/bingbot.htm)" 
13.66.139.117 - - [27/Dec/2020:19:13:58 -0800] "GET /self.logs/error.log.2017-04-19.gz HTTP/1.1" 200 999 "-" "Mozilla/5.0 (compatible; bingbot/2.0; +http://www.bing.com/bingbot.htm)" 
13.66.139.117 - - [27/Dec/2020:19:13:58 -0800] "GET /self.logs/error.log.2017-04-05.gz HTTP/1.1" 200 4163 "-" "Mozilla/5.0 (compatible; bingbot/2.0; +http://www.bing.com/bingbot.htm)" 
13.66.139.117 - - [27/Dec/2020:19:13:58 -0800] "GET /self.logs/access.log.2017-02-07.gz HTTP/1.1" 200 19951 "-" "Mozilla/5.0 (compatible; bingbot/2.0; +http://www.bing.com/bingbot.htm)" 
13.66.139.117 - - [27/Dec/2020:19:13:58 -0800] "GET /self.logs/access.log.2017-02-06.gz HTTP/1.1" 200 30087 "-" "Mozilla/5.0 (compatible; bingbot/2.0; +http://www.bing.com/bingbot.htm)" 
13.66.139.117 - - [27/Dec/2020:19:13:58 -0800] "GET /self.logs/error.log.2017-05-07.gz HTTP/1.1" 200 1039 "-" "Mozilla/5.0 (compatible; bingbot/2.0; +http://www.bing.com/bingbot.htm)" 
13.66.139.117 - - [27/Dec/2020:19:13:58 -0800] "GET /self.logs/error.log.2017-05-31.gz HTTP/1.1" 200 1015 "-" "Mozilla/5.0 (compatible; bingbot/2.0; +http://www.bing.com/bingbot.htm)" 
13.66.139.117 - - [27/Dec/2020:19:13:58 -0800] "GET /self.logs/error.log.2017-06-01.gz HTTP/1.1" 200 935 "-" "Mozilla/5.0 (compatible; bingbot/2.0; +http://www.bing.com/bingbot.htm)" 
13.66.139.117 - - [27/Dec/2020:19:13:58 -0800] "GET /self.logs/error.log.2017-06-21.gz HTTP/1.1" 200 974 "-" "Mozilla/5.0 (compatible; bingbot/2.0; +http://www.bing.com/bingbot.htm)" 
13.66.139.117 - - [27/Dec/2020:19:13:58 -0800] "GET /self.logs/error.log.2017-06-30.gz HTTP/1.1" 200 1285 "-" "Mozilla/5.0 (compatible; bingbot/2.0; +http://www.bing.com/bingbot.htm)" 
13.66.139.117 - - [27/Dec/2020:19:13:58 -0800] "GET /self.logs/error.log.2017-07-11.gz HTTP/1.1" 200 793 "-" "Mozilla/5.0 (compatible; bingbot/2.0; +http://www.bing.com/bingbot.htm)" 
13.66.139.117 - - [27/Dec/2020:19:13:58 -0800] "GET /self.logs/error.log.2017-07-26.gz HTTP/1.1" 200 1025 "-" "Mozilla/5.0 (compatible; bingbot/2.0; +http://www.bing.com/bingbot.htm)" 
13.66.139.117 - - [27/Dec/2020:19:13:59 -0800] "GET /self.logs/error.log.2017-09-02.gz HTTP/1.1" 200 1077 "-" "Mozilla/5.0 (compatible; bingbot/2.0; +http://www.bing.com/bingbot.htm)" 
13.66.139.117 - - [27/Dec/2020:19:13:59 -0800] "GET /self.logs/access.log.2017-10-16.gz HTTP/1.1" 200 23850 "-" "Mozilla/5.0 (compatible; bingbot/2.0; +http://www.bing.com/bingbot.htm)" 
13.66.139.117 - - [27/Dec/2020:19:13:59 -0800] "GET /self.logs/access.log.2017-09-11.gz HTTP/1.1" 200 34450 "-" "Mozilla/5.0 (compatible; bingbot/2.0; +http://www.bing.com/bingbot.htm)" 
13.66.139.117 - - [27/Dec/2020:19:13:59 -0800] "GET /self.logs/error.log.2017-09-13.gz HTTP/1.1" 200 4179 "-" "Mozilla/5.0 (compatible; bingbot/2.0; +http://www.bing.com/bingbot.htm)" 
13.66.139.117 - - [27/Dec/2020:19:13:59 -0800] "GET /self.logs/error.log.2017-09-21.gz HTTP/1.1" 200 2555 "-" "Mozilla/5.0 (compatible; bingbot/2.0; +http://www.bing.com/bingbot.htm)" 
13.66.139.117 - - [27/Dec/2020:19:13:59 -0800] "GET /self.logs/access.log.2017-01-08.gz HTTP/1.1" 200 14924 "-" "Mozilla/5.0 (compatible; bingbot/2.0; +http://www.bing.com/bingbot.htm)" 
13.66.139.117 - - [27/Dec/2020:19:13:59 -0800] "GET /self.logs/error.log.2017-03-31.gz HTTP/1.1" 200 4143 "-" "Mozilla/5.0 (compatible; bingbot/2.0; +http://www.bing.com/bingbot.htm)" 
13.66.139.117 - - [27/Dec/2020:19:13:59 -0800] "GET /self.logs/access.log.2017-07-02.gz HTTP/1.1" 200 16696 "-" "Mozilla/5.0 (compatible; bingbot/2.0; +http://www.bing.com/bingbot.htm)" 
13.66.139.117 - - [27/Dec/2020:19:13:59 -0800] "GET /self.logs/error.log.2017-03-22.gz HTTP/1.1" 200 846 "-" "Mozilla/5.0 (compatible; bingbot/2.0; +http://www.bing.com/bingbot.htm)" 
13.66.139.117 - - [27/Dec/2020:19:13:59 -0800] "GET /self.logs/error.log.2017-03-17.gz HTTP/1.1" 200 1091 "-" "Mozilla/5.0 (compatible; bingbot/2.0; +http://www.bing.com/bingbot.htm)" 
13.66.139.117 - - [27/Dec/2020:19:13:59 -0800] "GET /self.logs/error.log.2017-03-13.gz HTTP/1.1" 200 1244 "-" "Mozilla/5.0 (compatible; bingbot/2.0; +http://www.bing.com/bingbot.htm)" 
13.66.139.117 - - [27/Dec/2020:19:14:00 -0800] "GET /self.logs/access.log.2018-09-24.gz HTTP/1.1" 200 23547 "-" "Mozilla/5.0 (compatible; bingbot/2.0; +http://www.bing.com/bingbot.htm)" 
13.66.139.117 - - [27/Dec/2020:19:14:00 -0800] "GET /self.logs/error.log.2017-10-05.gz HTTP/1.1" 200 2301 "-" "Mozilla/5.0 (compatible; bingbot/2.0; +http://www.bing.com/bingbot.htm)" 
13.66.139.117 - - [27/Dec/2020:19:14:00 -0800] "GET /self.logs/error.log.2017-11-16.gz HTTP/1.1" 200 1107 "-" "Mozilla/5.0 (compatible; bingbot/2.0; +http://www.bing.com/bingbot.htm)" 
13.66.139.71 - - [27/Dec/2020:19:14:26 -0800] "GET /self.logs/error.log.2017-02-25.gz HTTP/1.1" 200 1016 "-" "Mozilla/5.0 (compatible; bingbot/2.0; +http://www.bing.com/bingbot.htm)" 
13.66.139.71 - - [27/Dec/2020:19:14:26 -0800] "GET /self.logs/access.log.2017-05-27.gz HTTP/1.1" 200 11970 "-" "Mozilla/5.0 (compatible; bingbot/2.0; +http://www.bing.com/bingbot.htm)" 
13.66.139.71 - - [27/Dec/2020:19:14:26 -0800] "GET /self.logs/access.log.2017-05-22.gz HTTP/1.1" 200 18423 "-" "Mozilla/5.0 (compatible; bingbot/2.0; +http://www.bing.com/bingbot.htm)" 
13.66.139.71 - - [27/Dec/2020:19:14:26 -0800] "GET /self.logs/access.log.2017-05-18.gz HTTP/1.1" 200 25840 "-" "Mozilla/5.0 (compatible; bingbot/2.0; +http://www.bing.com/bingbot.htm)" 
13.66.139.71 - - [27/Dec/2020:19:14:26 -0800] "GET /self.logs/access.log.2017-05-16.gz HTTP/1.1" 200 26421 "-" "Mozilla/5.0 (compatible; bingbot/2.0; +http://www.bing.com/bingbot.htm)" 
13.66.139.71 - - [27/Dec/2020:19:14:27 -0800] "GET /self.logs/access.log.2017-05-09.gz HTTP/1.1" 200 19759 "-" "Mozilla/5.0 (compatible; bingbot/2.0; +http://www.bing.com/bingbot.htm)" 
13.66.139.71 - - [27/Dec/2020:19:14:27 -0800] "GET /self.logs/access.log.2017-05-01.gz HTTP/1.1" 200 14329 "-" "Mozilla/5.0 (compatible; bingbot/2.0; +http://www.bing.com/bingbot.htm)" 
13.66.139.71 - - [27/Dec/2020:19:14:27 -0800] "GET /self.logs/access.log.2017-04-05.gz HTTP/1.1" 200 52320 "-" "Mozilla/5.0 (compatible; bingbot/2.0; +http://www.bing.com/bingbot.htm)" 
13.66.139.71 - - [27/Dec/2020:19:14:27 -0800] "GET /self.logs/access.log.2017-03-05.gz HTTP/1.1" 200 14702 "-" "Mozilla/5.0 (compatible; bingbot/2.0; +http://www.bing.com/bingbot.htm)" 
13.66.139.71 - - [27/Dec/2020:19:14:27 -0800] "GET /self.logs/error.log.2017-04-29.gz HTTP/1.1" 200 1048 "-" "Mozilla/5.0 (compatible; bingbot/2.0; +http://www.bing.com/bingbot.htm)" 
13.66.139.71 - - [27/Dec/2020:19:14:27 -0800] "GET /self.logs/error.log.2017-04-22.gz HTTP/1.1" 200 774 "-" "Mozilla/5.0 (compatible; bingbot/2.0; +http://www.bing.com/bingbot.htm)" 
13.66.139.71 - - [27/Dec/2020:19:14:27 -0800] "GET /self.logs/error.log.2017-04-16.gz HTTP/1.1" 200 868 "-" "Mozilla/5.0 (compatible; bingbot/2.0; +http://www.bing.com/bingbot.htm)" 
13.66.139.71 - - [27/Dec/2020:19:14:27 -0800] "GET /self.logs/error.log.2017-05-15.gz HTTP/1.1" 200 1551 "-" "Mozilla/5.0 (compatible; bingbot/2.0; +http://www.bing.com/bingbot.htm)" 
13.66.139.71 - - [27/Dec/2020:19:14:27 -0800] "GET /self.logs/error.log.2017-06-09.gz HTTP/1.1" 200 1407 "-" "Mozilla/5.0 (compatible; bingbot/2.0; +http://www.bing.com/bingbot.htm)" 
13.66.139.71 - - [27/Dec/2020:19:14:27 -0800] "GET /self.logs/error.log.2017-08-04.gz HTTP/1.1" 200 1183 "-" "Mozilla/5.0 (compatible; bingbot/2.0; +http://www.bing.com/bingbot.htm)" 
13.66.139.71 - - [27/Dec/2020:19:14:27 -0800] "GET /self.logs/error.log.2017-08-09.gz HTTP/1.1" 200 799 "-" "Mozilla/5.0 (compatible; bingbot/2.0; +http://www.bing.com/bingbot.htm)" 
13.66.139.71 - - [27/Dec/2020:19:14:28 -0800] "GET /self.logs/error.log.2017-08-10.gz HTTP/1.1" 200 1035 "-" "Mozilla/5.0 (compatible; bingbot/2.0; +http://www.bing.com/bingbot.htm)" 
13.66.139.71 - - [27/Dec/2020:19:14:28 -0800] "GET /self.logs/error.log.2017-08-30.gz HTTP/1.1" 200 3276 "-" "Mozilla/5.0 (compatible; bingbot/2.0; +http://www.bing.com/bingbot.htm)" 
13.66.139.71 - - [27/Dec/2020:19:14:28 -0800] "GET /self.logs/error.log.2018-02-24.gz HTTP/1.1" 200 3537 "-" "Mozilla/5.0 (compatible; bingbot/2.0; +http://www.bing.com/bingbot.htm)" 
13.66.139.71 - - [27/Dec/2020:19:14:28 -0800] "GET /self.logs/error.log.2017-09-05.gz HTTP/1.1" 200 1007 "-" "Mozilla/5.0 (compatible; bingbot/2.0; +http://www.bing.com/bingbot.htm)" 
13.66.139.71 - - [27/Dec/2020:19:14:28 -0800] "GET /self.logs/error.log.2017-09-23.gz HTTP/1.1" 200 2184 "-" "Mozilla/5.0 (compatible; bingbot/2.0; +http://www.bing.com/bingbot.htm)" 
13.66.139.71 - - [27/Dec/2020:19:14:28 -0800] "GET /self.logs/access.log.2017-01-30.gz HTTP/1.1" 200 29761 "-" "Mozilla/5.0 (compatible; bingbot/2.0; +http://www.bing.com/bingbot.htm)" 
13.66.139.71 - - [27/Dec/2020:19:14:28 -0800] "GET /self.logs/access.log.2017-01-20.gz HTTP/1.1" 200 12991 "-" "Mozilla/5.0 (compatible; bingbot/2.0; +http://www.bing.com/bingbot.htm)" 
13.66.139.71 - - [27/Dec/2020:19:14:28 -0800] "GET /self.logs/access.log.2017-01-04.gz HTTP/1.1" 200 33841 "-" "Mozilla/5.0 (compatible; bingbot/2.0; +http://www.bing.com/bingbot.htm)" 
13.66.139.71 - - [27/Dec/2020:19:14:28 -0800] "GET /self.logs/access.log.2017-08-10.gz HTTP/1.1" 200 18126 "-" "Mozilla/5.0 (compatible; bingbot/2.0; +http://www.bing.com/bingbot.htm)" 
13.66.139.71 - - [27/Dec/2020:19:14:28 -0800] "GET /self.logs/error.log.2017-04-03.gz HTTP/1.1" 200 4380 "-" "Mozilla/5.0 (compatible; bingbot/2.0; +http://www.bing.com/bingbot.htm)" 
13.66.139.71 - - [27/Dec/2020:19:14:28 -0800] "GET /self.logs/access.log.2017-07-23.gz HTTP/1.1" 200 35731 "-" "Mozilla/5.0 (compatible; bingbot/2.0; +http://www.bing.com/bingbot.htm)" 
13.66.139.71 - - [27/Dec/2020:19:14:29 -0800] "GET /self.logs/error.log.2017-03-30.gz HTTP/1.1" 200 1134 "-" "Mozilla/5.0 (compatible; bingbot/2.0; +http://www.bing.com/bingbot.htm)" 
13.66.139.71 - - [27/Dec/2020:19:14:29 -0800] "GET /self.logs/access.log.2017-07-19.gz HTTP/1.1" 200 22593 "-" "Mozilla/5.0 (compatible; bingbot/2.0; +http://www.bing.com/bingbot.htm)" 
13.66.139.71 - - [27/Dec/2020:19:14:29 -0800] "GET /self.logs/access.log.2017-07-09.gz HTTP/1.1" 200 31572 "-" "Mozilla/5.0 (compatible; bingbot/2.0; +http://www.bing.com/bingbot.htm)" 
13.66.139.71 - - [27/Dec/2020:19:14:56 -0800] "GET /self.logs/error.log.2017-03-10.gz HTTP/1.1" 200 983 "-" "Mozilla/5.0 (compatible; bingbot/2.0; +http://www.bing.com/bingbot.htm)" 
13.66.139.71 - - [27/Dec/2020:19:14:56 -0800] "GET /self.logs/error.log.2017-02-28.gz HTTP/1.1" 200 893 "-" "Mozilla/5.0 (compatible; bingbot/2.0; +http://www.bing.com/bingbot.htm)" 
13.66.139.71 - - [27/Dec/2020:19:14:57 -0800] "GET /self.logs/error.log.2017-11-05.gz HTTP/1.1" 200 2982 "-" "Mozilla/5.0 (compatible; bingbot/2.0; +http://www.bing.com/bingbot.htm)" 
13.66.139.71 - - [27/Dec/2020:19:14:57 -0800] "GET /self.logs/error.log.2018-01-16.gz HTTP/1.1" 200 5693 "-" "Mozilla/5.0 (compatible; bingbot/2.0; +http://www.bing.com/bingbot.htm)" 
13.66.139.71 - - [27/Dec/2020:19:14:57 -0800] "GET /self.logs/error.log.2018-02-15.gz HTTP/1.1" 200 3825 "-" "Mozilla/5.0 (compatible; bingbot/2.0; +http://www.bing.com/bingbot.htm)" 
13.66.139.71 - - [27/Dec/2020:19:14:57 -0800] "GET /self.logs/error.log.2017-01-31.gz HTTP/1.1" 200 2113 "-" "Mozilla/5.0 (compatible; bingbot/2.0; +http://www.bing.com/bingbot.htm)" 
13.66.139.71 - - [27/Dec/2020:19:14:57 -0800] "GET /self.logs/error.log.2017-01-20.gz HTTP/1.1" 200 869 "-" "Mozilla/5.0 (compatible; bingbot/2.0; +http://www.bing.com/bingbot.htm)" 
13.66.139.71 - - [27/Dec/2020:19:14:57 -0800] "GET /self.logs/error.log.2018-02-18.gz HTTP/1.1" 200 3499 "-" "Mozilla/5.0 (compatible; bingbot/2.0; +http://www.bing.com/bingbot.htm)" 
13.66.139.71 - - [27/Dec/2020:19:14:57 -0800] "GET /self.logs/error.log.2018-02-20.gz HTTP/1.1" 200 4192 "-" "Mozilla/5.0 (compatible; bingbot/2.0; +http://www.bing.com/bingbot.htm)" 
13.66.139.71 - - [27/Dec/2020:19:14:57 -0800] "GET /self.logs/error.log.2018-03-15.gz HTTP/1.1" 200 4583 "-" "Mozilla/5.0 (compatible; bingbot/2.0; +http://www.bing.com/bingbot.htm)" 
13.66.139.71 - - [27/Dec/2020:19:14:57 -0800] "GET /self.logs/error.log.2017-01-15.gz HTTP/1.1" 200 856 "-" "Mozilla/5.0 (compatible; bingbot/2.0; +http://www.bing.com/bingbot.htm)" 
13.66.139.71 - - [27/Dec/2020:19:14:57 -0800] "GET /self.logs/error.log.2017-01-11.gz HTTP/1.1" 200 3534 "-" "Mozilla/5.0 (compatible; bingbot/2.0; +http://www.bing.com/bingbot.htm)" 
13.66.139.71 - - [27/Dec/2020:19:14:57 -0800] "GET /self.logs/error.log.2017-01-07.gz HTTP/1.1" 200 887 "-" "Mozilla/5.0 (compatible; bingbot/2.0; +http://www.bing.com/bingbot.htm)" 
13.66.139.71 - - [27/Dec/2020:19:14:58 -0800] "GET /self.logs/access.log.2020-04-23.gz HTTP/1.1" 200 25819 "-" "Mozilla/5.0 (compatible; bingbot/2.0; +http://www.bing.com/bingbot.htm)" 
13.66.139.71 - - [27/Dec/2020:19:14:58 -0800] "GET /self.logs/access.log.2020-04-07.gz HTTP/1.1" 200 16404 "-" "Mozilla/5.0 (compatible; bingbot/2.0; +http://www.bing.com/bingbot.htm)" 
13.66.139.71 - - [27/Dec/2020:19:14:58 -0800] "GET /self.logs/access.log.2019-05-11.gz HTTP/1.1" 200 21562 "-" "Mozilla/5.0 (compatible; bingbot/2.0; +http://www.bing.com/bingbot.htm)" 
13.66.139.71 - - [27/Dec/2020:19:14:58 -0800] "GET /self.logs/access.log.2019-04-22.gz HTTP/1.1" 200 19491 "-" "Mozilla/5.0 (compatible; bingbot/2.0; +http://www.bing.com/bingbot.htm)" 
13.66.139.71 - - [27/Dec/2020:19:14:58 -0800] "GET /self.logs/access.log.2019-04-21.gz HTTP/1.1" 200 20283 "-" "Mozilla/5.0 (compatible; bingbot/2.0; +http://www.bing.com/bingbot.htm)" 
13.66.139.71 - - [27/Dec/2020:19:14:58 -0800] "GET /self.logs/access.log.2019-02-10.gz HTTP/1.1" 200 17605 "-" "Mozilla/5.0 (compatible; bingbot/2.0; +http://www.bing.com/bingbot.htm)" 
13.66.139.71 - - [27/Dec/2020:19:14:58 -0800] "GET /self.logs/access.log.2019-02-07.gz HTTP/1.1" 200 17888 "-" "Mozilla/5.0 (compatible; bingbot/2.0; +http://www.bing.com/bingbot.htm)" 
13.66.139.71 - - [27/Dec/2020:19:14:58 -0800] "GET /self.logs/error.log.2018-04-06.gz HTTP/1.1" 200 4974 "-" "Mozilla/5.0 (compatible; bingbot/2.0; +http://www.bing.com/bingbot.htm)" 
13.66.139.71 - - [27/Dec/2020:19:14:58 -0800] "GET /self.logs/error.log.2018-04-07.gz HTTP/1.1" 200 4961 "-" "Mozilla/5.0 (compatible; bingbot/2.0; +http://www.bing.com/bingbot.htm)" 
13.66.139.71 - - [27/Dec/2020:19:14:58 -0800] "GET /self.logs/access.log.2019-01-05.gz HTTP/1.1" 200 32455 "-" "Mozilla/5.0 (compatible; bingbot/2.0; +http://www.bing.com/bingbot.htm)" 
13.66.139.71 - - [27/Dec/2020:19:14:58 -0800] "GET /self.logs/access.log.2018-11-15.gz HTTP/1.1" 200 46101 "-" "Mozilla/5.0 (compatible; bingbot/2.0; +http://www.bing.com/bingbot.htm)" 
13.66.139.71 - - [27/Dec/2020:19:14:59 -0800] "GET /self.logs/access.log.2018-09-12.gz HTTP/1.1" 200 27004 "-" "Mozilla/5.0 (compatible; bingbot/2.0; +http://www.bing.com/bingbot.htm)" 
13.66.139.71 - - [27/Dec/2020:19:14:59 -0800] "GET /self.logs/access.log.2018-08-27.gz HTTP/1.1" 200 28995 "-" "Mozilla/5.0 (compatible; bingbot/2.0; +http://www.bing.com/bingbot.htm)" 
13.66.139.71 - - [27/Dec/2020:19:14:59 -0800] "GET /self.logs/error.log.2018-04-12.gz HTTP/1.1" 200 4286 "-" "Mozilla/5.0 (compatible; bingbot/2.0; +http://www.bing.com/bingbot.htm)" 
13.66.139.71 - - [27/Dec/2020:19:14:59 -0800] "GET /self.logs/access.log.2018-07-20.gz HTTP/1.1" 200 20463 "-" "Mozilla/5.0 (compatible; bingbot/2.0; +http://www.bing.com/bingbot.htm)" 
13.66.139.71 - - [27/Dec/2020:19:14:59 -0800] "GET /self.logs/error.log.2018-05-11.gz HTTP/1.1" 200 11230 "-" "Mozilla/5.0 (compatible; bingbot/2.0; +http://www.bing.com/bingbot.htm)" 
13.66.139.71 - - [27/Dec/2020:19:14:59 -0800] "GET /self.logs/error.log.2018-09-15.gz HTTP/1.1" 200 6704 "-" "Mozilla/5.0 (compatible; bingbot/2.0; +http://www.bing.com/bingbot.htm)" 
54.36.148.226 - - [27/Dec/2020:19:15:25 -0800] "GET /self.logs/access.log.2017-05-19.gz HTTP/1.1" 200 14904 "-" "Mozilla/5.0 (compatible; AhrefsBot/7.0; +http://ahrefs.com/robot/)" 
13.66.139.71 - - [27/Dec/2020:19:15:27 -0800] "GET /self.logs/access.log.2018-02-27.gz HTTP/1.1" 200 23732 "-" "Mozilla/5.0 (compatible; bingbot/2.0; +http://www.bing.com/bingbot.htm)" 
13.66.139.71 - - [27/Dec/2020:19:15:27 -0800] "GET /self.logs/access.log.2018-01-29.gz HTTP/1.1" 200 22496 "-" "Mozilla/5.0 (compatible; bingbot/2.0; +http://www.bing.com/bingbot.htm)" 
13.66.139.71 - - [27/Dec/2020:19:15:27 -0800] "GET /self.logs/access.log.2017-12-31.gz HTTP/1.1" 200 18747 "-" "Mozilla/5.0 (compatible; bingbot/2.0; +http://www.bing.com/bingbot.htm)" 
13.66.139.71 - - [27/Dec/2020:19:15:27 -0800] "GET /self.logs/access.log.2017-10-24.gz HTTP/1.1" 200 43555 "-" "Mozilla/5.0 (compatible; bingbot/2.0; +http://www.bing.com/bingbot.htm)" 
13.66.139.39 - - [27/Dec/2020:19:15:34 -0800] "GET /self.logs/access.log.2017-06-03.gz HTTP/1.1" 200 12927 "-" "Mozilla/5.0 (compatible; bingbot/2.0; +http://www.bing.com/bingbot.htm)" 
13.66.139.39 - - [27/Dec/2020:19:15:34 -0800] "GET /self.logs/error.log.2017-05-03.gz HTTP/1.1" 200 2063 "-" "Mozilla/5.0 (compatible; bingbot/2.0; +http://www.bing.com/bingbot.htm)" 
13.66.139.39 - - [27/Dec/2020:19:15:34 -0800] "GET /self.logs/access.log.2017-03-11.gz HTTP/1.1" 200 14774 "-" "Mozilla/5.0 (compatible; bingbot/2.0; +http://www.bing.com/bingbot.htm)" 
13.66.139.39 - - [27/Dec/2020:19:15:34 -0800] "GET /self.logs/error.log.2017-04-15.gz HTTP/1.1" 200 840 "-" "Mozilla/5.0 (compatible; bingbot/2.0; +http://www.bing.com/bingbot.htm)" 
13.66.139.39 - - [27/Dec/2020:19:15:34 -0800] "GET /self.logs/access.log.2017-03-03.gz HTTP/1.1" 200 18266 "-" "Mozilla/5.0 (compatible; bingbot/2.0; +http://www.bing.com/bingbot.htm)" 
13.66.139.39 - - [27/Dec/2020:19:15:34 -0800] "GET /self.logs/access.log.2017-02-17.gz HTTP/1.1" 200 14998 "-" "Mozilla/5.0 (compatible; bingbot/2.0; +http://www.bing.com/bingbot.htm)" 
13.66.139.39 - - [27/Dec/2020:19:15:35 -0800] "GET /self.logs/access.log.2017-02-04.gz HTTP/1.1" 200 13279 "-" "Mozilla/5.0 (compatible; bingbot/2.0; +http://www.bing.com/bingbot.htm)" 
13.66.139.39 - - [27/Dec/2020:19:15:35 -0800] "GET /self.logs/error.log.2017-05-10.gz HTTP/1.1" 200 1188 "-" "Mozilla/5.0 (compatible; bingbot/2.0; +http://www.bing.com/bingbot.htm)" 
13.66.139.39 - - [27/Dec/2020:19:15:35 -0800] "GET /self.logs/error.log.2017-06-25.gz HTTP/1.1" 200 824 "-" "Mozilla/5.0 (compatible; bingbot/2.0; +http://www.bing.com/bingbot.htm)" 
13.66.139.39 - - [27/Dec/2020:19:15:35 -0800] "GET /self.logs/error.log.2017-06-29.gz HTTP/1.1" 200 846 "-" "Mozilla/5.0 (compatible; bingbot/2.0; +http://www.bing.com/bingbot.htm)" 
13.66.139.39 - - [27/Dec/2020:19:15:35 -0800] "GET /self.logs/error.log.2017-07-07.gz HTTP/1.1" 200 1017 "-" "Mozilla/5.0 (compatible; bingbot/2.0; +http://www.bing.com/bingbot.htm)" 
13.66.139.39 - - [27/Dec/2020:19:15:35 -0800] "GET /self.logs/error.log.2017-07-15.gz HTTP/1.1" 200 892 "-" "Mozilla/5.0 (compatible; bingbot/2.0; +http://www.bing.com/bingbot.htm)" 
13.66.139.39 - - [27/Dec/2020:19:15:35 -0800] "GET /self.logs/error.log.2017-08-07.gz HTTP/1.1" 200 927 "-" "Mozilla/5.0 (compatible; bingbot/2.0; +http://www.bing.com/bingbot.htm)" 
13.66.139.39 - - [27/Dec/2020:19:15:35 -0800] "GET /self.logs/error.log.2017-08-28.gz HTTP/1.1" 200 930 "-" "Mozilla/5.0 (compatible; bingbot/2.0; +http://www.bing.com/bingbot.htm)" 
13.66.139.39 - - [27/Dec/2020:19:15:35 -0800] "GET /self.logs/error.log.2019-05-22.gz HTTP/1.1" 200 10909 "-" "Mozilla/5.0 (compatible; bingbot/2.0; +http://www.bing.com/bingbot.htm)" 
13.66.139.39 - - [27/Dec/2020:19:15:35 -0800] "GET /self.logs/access.log.2017-09-17.gz HTTP/1.1" 200 20583 "-" "Mozilla/5.0 (compatible; bingbot/2.0; +http://www.bing.com/bingbot.htm)" 
13.66.139.39 - - [27/Dec/2020:19:15:35 -0800] "GET /self.logs/error.log.2019-10-13 HTTP/1.1" 200 328 "-" "Mozilla/5.0 (compatible; bingbot/2.0; +http://www.bing.com/bingbot.htm)" 
13.66.139.39 - - [27/Dec/2020:19:15:36 -0800] "GET /self.logs/access.log.2017-02-03.gz HTTP/1.1" 200 16305 "-" "Mozilla/5.0 (compatible; bingbot/2.0; +http://www.bing.com/bingbot.htm)" 
13.66.139.39 - - [27/Dec/2020:19:15:36 -0800] "GET /self.logs/access.log.2017-09-06.gz HTTP/1.1" 200 25828 "-" "Mozilla/5.0 (compatible; bingbot/2.0; +http://www.bing.com/bingbot.htm)" 
13.66.139.39 - - [27/Dec/2020:19:15:36 -0800] "GET /self.logs/error.log.2017-09-03.gz HTTP/1.1" 200 1112 "-" "Mozilla/5.0 (compatible; bingbot/2.0; +http://www.bing.com/bingbot.htm)" 
13.66.139.39 - - [27/Dec/2020:19:15:36 -0800] "GET /self.logs/error.log.2017-09-08.gz HTTP/1.1" 200 929 "-" "Mozilla/5.0 (compatible; bingbot/2.0; +http://www.bing.com/bingbot.htm)" 
13.66.139.39 - - [27/Dec/2020:19:15:36 -0800] "GET /self.logs/error.log.2017-09-30.gz HTTP/1.1" 200 2113 "-" "Mozilla/5.0 (compatible; bingbot/2.0; +http://www.bing.com/bingbot.htm)" 
13.66.139.39 - - [27/Dec/2020:19:15:36 -0800] "GET /self.logs/access.log.2017-08-12.gz HTTP/1.1" 200 16749 "-" "Mozilla/5.0 (compatible; bingbot/2.0; +http://www.bing.com/bingbot.htm)" 
13.66.139.39 - - [27/Dec/2020:19:15:36 -0800] "GET /self.logs/access.log.2017-01-15.gz HTTP/1.1" 200 13723 "-" "Mozilla/5.0 (compatible; bingbot/2.0; +http://www.bing.com/bingbot.htm)" 
13.66.139.39 - - [27/Dec/2020:19:15:36 -0800] "GET /self.logs/access.log.2017-01-05.gz HTTP/1.1" 200 42687 "-" "Mozilla/5.0 (compatible; bingbot/2.0; +http://www.bing.com/bingbot.htm)" 
13.66.139.39 - - [27/Dec/2020:19:15:36 -0800] "GET /self.logs/error.log.2017-04-04.gz HTTP/1.1" 200 3919 "-" "Mozilla/5.0 (compatible; bingbot/2.0; +http://www.bing.com/bingbot.htm)" 
13.66.139.39 - - [27/Dec/2020:19:15:36 -0800] "GET /self.logs/access.log.2017-08-08.gz HTTP/1.1" 200 24051 "-" "Mozilla/5.0 (compatible; bingbot/2.0; +http://www.bing.com/bingbot.htm)" 
13.66.139.39 - - [27/Dec/2020:19:15:36 -0800] "GET /self.logs/error.log.2017-04-02.gz HTTP/1.1" 200 2279 "-" "Mozilla/5.0 (compatible; bingbot/2.0; +http://www.bing.com/bingbot.htm)" 
13.66.139.39 - - [27/Dec/2020:19:15:37 -0800] "GET /self.logs/error.log.2017-03-25.gz HTTP/1.1" 200 1023 "-" "Mozilla/5.0 (compatible; bingbot/2.0; +http://www.bing.com/bingbot.htm)" 
13.66.139.39 - - [27/Dec/2020:19:15:37 -0800] "GET /self.logs/access.log.2017-06-23.gz HTTP/1.1" 200 100544 "-" "Mozilla/5.0 (compatible; bingbot/2.0; +http://www.bing.com/bingbot.htm)" 
13.66.139.117 - - [27/Dec/2020:19:16:03 -0800] "GET /self.logs/error.log.2018-01-14.gz HTTP/1.1" 200 1953 "-" "Mozilla/5.0 (compatible; bingbot/2.0; +http://www.bing.com/bingbot.htm)" 
13.66.139.117 - - [27/Dec/2020:19:16:03 -0800] "GET /self.logs/error.log.2018-01-19.gz HTTP/1.1" 200 2179 "-" "Mozilla/5.0 (compatible; bingbot/2.0; +http://www.bing.com/bingbot.htm)" 
13.66.139.117 - - [27/Dec/2020:19:16:03 -0800] "GET /self.logs/error.log.2018-02-12.gz HTTP/1.1" 200 5414 "-" "Mozilla/5.0 (compatible; bingbot/2.0; +http://www.bing.com/bingbot.htm)" 
13.66.139.117 - - [27/Dec/2020:19:16:04 -0800] "GET /self.logs/error.log.2017-02-18.gz HTTP/1.1" 200 910 "-" "Mozilla/5.0 (compatible; bingbot/2.0; +http://www.bing.com/bingbot.htm)" 
13.66.139.117 - - [27/Dec/2020:19:16:04 -0800] "GET /self.logs/error.log.2017-02-01.gz HTTP/1.1" 200 906 "-" "Mozilla/5.0 (compatible; bingbot/2.0; +http://www.bing.com/bingbot.htm)" 
13.66.139.117 - - [27/Dec/2020:19:16:04 -0800] "GET /self.logs/error.log.2017-01-27.gz HTTP/1.1" 200 1748 "-" "Mozilla/5.0 (compatible; bingbot/2.0; +http://www.bing.com/bingbot.htm)" 
13.66.139.117 - - [27/Dec/2020:19:16:04 -0800] "GET /self.logs/error.log.2017-01-25.gz HTTP/1.1" 200 1398 "-" "Mozilla/5.0 (compatible; bingbot/2.0; +http://www.bing.com/bingbot.htm)" 
13.66.139.117 - - [27/Dec/2020:19:16:04 -0800] "GET /self.logs/error.log.2018-02-21.gz HTTP/1.1" 200 4489 "-" "Mozilla/5.0 (compatible; bingbot/2.0; +http://www.bing.com/bingbot.htm)" 
13.66.139.117 - - [27/Dec/2020:19:16:04 -0800] "GET /self.logs/error.log.2018-03-23.gz HTTP/1.1" 200 4638 "-" "Mozilla/5.0 (compatible; bingbot/2.0; +http://www.bing.com/bingbot.htm)" 
13.66.139.117 - - [27/Dec/2020:19:16:04 -0800] "GET /self.logs/error.log.2018-03-29.gz HTTP/1.1" 200 4214 "-" "Mozilla/5.0 (compatible; bingbot/2.0; +http://www.bing.com/bingbot.htm)" 
13.66.139.117 - - [27/Dec/2020:19:16:04 -0800] "GET /self.logs/error.log.2017-01-16.gz HTTP/1.1" 200 1043 "-" "Mozilla/5.0 (compatible; bingbot/2.0; +http://www.bing.com/bingbot.htm)" 
13.66.139.117 - - [27/Dec/2020:19:16:04 -0800] "GET /self.logs/error.log.2017-01-04.gz HTTP/1.1" 200 4180 "-" "Mozilla/5.0 (compatible; bingbot/2.0; +http://www.bing.com/bingbot.htm)" 
13.66.139.117 - - [27/Dec/2020:19:16:04 -0800] "GET /self.logs/error.log.2017-01-03.gz HTTP/1.1" 200 4493 "-" "Mozilla/5.0 (compatible; bingbot/2.0; +http://www.bing.com/bingbot.htm)" 
13.66.139.117 - - [27/Dec/2020:19:16:04 -0800] "GET /self.logs/access.log.2020-06-03.gz HTTP/1.1" 200 33060 "-" "Mozilla/5.0 (compatible; bingbot/2.0; +http://www.bing.com/bingbot.htm)" 
