154.54.249.196 - - [23/Jul/2022:14:46:18 -0700] "GET /self.logs/error.log.2020-11-11 HTTP/1.1" 304 261 "-" "Mozilla/5.0 (compatible; Barkrowler/0.9; +https://babbar.tech/crawler)" 
154.54.249.196 - - [23/Jul/2022:14:46:42 -0700] "GET /self.logs/error.log.2020-11-12 HTTP/1.1" 304 261 "-" "Mozilla/5.0 (compatible; Barkrowler/0.9; +https://babbar.tech/crawler)" 
154.54.249.196 - - [23/Jul/2022:14:47:07 -0700] "GET /self.logs/error.log.2020-11-15 HTTP/1.1" 304 261 "-" "Mozilla/5.0 (compatible; Barkrowler/0.9; +https://babbar.tech/crawler)" 
154.54.249.196 - - [23/Jul/2022:14:47:32 -0700] "GET /self.logs/error.log.2020-10-03 HTTP/1.1" 304 261 "-" "Mozilla/5.0 (compatible; Barkrowler/0.9; +https://babbar.tech/crawler)" 
154.54.249.196 - - [23/Jul/2022:14:47:56 -0700] "GET /self.logs/error.log.2020-10-27 HTTP/1.1" 304 261 "-" "Mozilla/5.0 (compatible; Barkrowler/0.9; +https://babbar.tech/crawler)" 
154.54.249.196 - - [23/Jul/2022:14:48:24 -0700] "GET /self.logs/error.log.2020-10-05 HTTP/1.1" 304 261 "-" "Mozilla/5.0 (compatible; Barkrowler/0.9; +https://babbar.tech/crawler)" 
154.54.249.196 - - [23/Jul/2022:14:48:49 -0700] "GET /self.logs/error.log.2020-10-07 HTTP/1.1" 304 261 "-" "Mozilla/5.0 (compatible; Barkrowler/0.9; +https://babbar.tech/crawler)" 
154.54.249.196 - - [23/Jul/2022:14:49:13 -0700] "GET /self.logs/error.log.2020-10-09 HTTP/1.1" 304 261 "-" "Mozilla/5.0 (compatible; Barkrowler/0.9; +https://babbar.tech/crawler)" 
154.54.249.196 - - [23/Jul/2022:14:49:38 -0700] "GET /self.logs/error.log.2020-10-24 HTTP/1.1" 304 261 "-" "Mozilla/5.0 (compatible; Barkrowler/0.9; +https://babbar.tech/crawler)" 
154.54.249.196 - - [23/Jul/2022:14:50:03 -0700] "GET /self.logs/error.log.2020-10-06 HTTP/1.1" 304 261 "-" "Mozilla/5.0 (compatible; Barkrowler/0.9; +https://babbar.tech/crawler)" 
154.54.249.196 - - [23/Jul/2022:14:50:28 -0700] "GET /self.logs/error.log.2020-10-08 HTTP/1.1" 304 261 "-" "Mozilla/5.0 (compatible; Barkrowler/0.9; +https://babbar.tech/crawler)" 
154.54.249.196 - - [23/Jul/2022:14:50:54 -0700] "GET /self.logs/error.log.2020-10-30 HTTP/1.1" 304 263 "-" "Mozilla/5.0 (compatible; Barkrowler/0.9; +https://babbar.tech/crawler)" 
154.54.249.196 - - [23/Jul/2022:14:51:19 -0700] "GET /self.logs/error.log.2020-10-17 HTTP/1.1" 304 261 "-" "Mozilla/5.0 (compatible; Barkrowler/0.9; +https://babbar.tech/crawler)" 
154.54.249.196 - - [23/Jul/2022:14:51:43 -0700] "GET /self.logs/error.log.2020-10-04 HTTP/1.1" 304 261 "-" "Mozilla/5.0 (compatible; Barkrowler/0.9; +https://babbar.tech/crawler)" 
154.54.249.196 - - [23/Jul/2022:14:52:08 -0700] "GET /self.logs/error.log.2020-10-15 HTTP/1.1" 304 261 "-" "Mozilla/5.0 (compatible; Barkrowler/0.9; +https://babbar.tech/crawler)" 
154.54.249.196 - - [23/Jul/2022:14:52:33 -0700] "GET /self.logs/error.log.2020-10-18 HTTP/1.1" 304 261 "-" "Mozilla/5.0 (compatible; Barkrowler/0.9; +https://babbar.tech/crawler)" 
34.206.152.150 - - [23/Jul/2022:14:52:54 -0700] "HEAD / HTTP/1.1" 301 186 "-" "DreamHost SiteMonitor 1.0" 
34.206.152.150 - - [23/Jul/2022:14:52:54 -0700] "HEAD / HTTP/1.1" 200 359 "http://66.33.221.139" "DreamHost SiteMonitor 1.0" 
154.54.249.196 - - [23/Jul/2022:14:52:57 -0700] "GET /self.logs/error.log.2020-10-01 HTTP/1.1" 304 261 "-" "Mozilla/5.0 (compatible; Barkrowler/0.9; +https://babbar.tech/crawler)" 
154.54.249.196 - - [23/Jul/2022:14:53:22 -0700] "GET /self.logs/error.log.2020-10-14 HTTP/1.1" 304 261 "-" "Mozilla/5.0 (compatible; Barkrowler/0.9; +https://babbar.tech/crawler)" 
154.54.249.196 - - [23/Jul/2022:14:53:47 -0700] "GET /self.logs/error.log.2020-10-23 HTTP/1.1" 304 261 "-" "Mozilla/5.0 (compatible; Barkrowler/0.9; +https://babbar.tech/crawler)" 
154.54.249.196 - - [23/Jul/2022:14:54:11 -0700] "GET /self.logs/error.log.2020-10-26 HTTP/1.1" 304 261 "-" "Mozilla/5.0 (compatible; Barkrowler/0.9; +https://babbar.tech/crawler)" 
154.54.249.196 - - [23/Jul/2022:14:54:36 -0700] "GET /self.logs/error.log.2020-10-28 HTTP/1.1" 304 261 "-" "Mozilla/5.0 (compatible; Barkrowler/0.9; +https://babbar.tech/crawler)" 
154.54.249.196 - - [23/Jul/2022:14:55:01 -0700] "GET /self.logs/error.log.2020-10-25 HTTP/1.1" 304 261 "-" "Mozilla/5.0 (compatible; Barkrowler/0.9; +https://babbar.tech/crawler)" 
154.54.249.196 - - [23/Jul/2022:14:55:25 -0700] "GET /self.logs/2016/error.log.2016-01-22 HTTP/1.1" 304 261 "-" "Mozilla/5.0 (compatible; Barkrowler/0.9; +https://babbar.tech/crawler)" 
154.54.249.196 - - [23/Jul/2022:14:55:50 -0700] "GET /Datasets%20Description/HTML_Bro_log_2/ HTTP/1.1" 200 832 "-" "Mozilla/5.0 (compatible; Barkrowler/0.9; +https://babbar.tech/crawler)" 
154.54.249.196 - - [23/Jul/2022:14:56:15 -0700] "GET /Datasets%20Description/HTML_Bro_log_3 HTTP/1.1" 301 619 "-" "Mozilla/5.0 (compatible; Barkrowler/0.9; +https://babbar.tech/crawler)" 
20.206.201.208 - - [23/Jul/2022:14:56:31 -0700] "GET /.env HTTP/1.1" 301 483 "-" "Mozilla/5.0 (Macintosh; Intel Mac OS X 10.15; rv:77.0) Gecko/20100101 Firefox/77.0" 
20.206.201.208 - - [23/Jul/2022:14:56:32 -0700] "GET /.env HTTP/1.1" 404 519 "-" "Mozilla/5.0 (Macintosh; Intel Mac OS X 10.15; rv:77.0) Gecko/20100101 Firefox/77.0" 
154.54.249.196 - - [23/Jul/2022:14:56:39 -0700] "GET /Datasets%20Description/HTML_Bro_log_3/ HTTP/1.1" 200 823 "-" "Mozilla/5.0 (compatible; Barkrowler/0.9; +https://babbar.tech/crawler)" 
154.54.249.196 - - [23/Jul/2022:14:57:04 -0700] "GET /self.logs/error.log.2020-09-22 HTTP/1.1" 304 261 "-" "Mozilla/5.0 (compatible; Barkrowler/0.9; +https://babbar.tech/crawler)" 
154.54.249.196 - - [23/Jul/2022:14:57:29 -0700] "GET /Datasets%20Description/PE_malware/?C=S;O=A HTTP/1.1" 200 686 "-" "Mozilla/5.0 (compatible; Barkrowler/0.9; +https://babbar.tech/crawler)" 
154.54.249.196 - - [23/Jul/2022:14:57:54 -0700] "GET /Datasets%20Description/PE_malware/?C=M;O=A HTTP/1.1" 200 686 "-" "Mozilla/5.0 (compatible; Barkrowler/0.9; +https://babbar.tech/crawler)" 
154.54.249.196 - - [23/Jul/2022:14:58:18 -0700] "GET /Datasets%20Description/PE_malware/?C=D;O=A HTTP/1.1" 200 686 "-" "Mozilla/5.0 (compatible; Barkrowler/0.9; +https://babbar.tech/crawler)" 
154.54.249.196 - - [23/Jul/2022:14:58:43 -0700] "GET /Datasets%20Description/PE_malware/?C=N;O=D HTTP/1.1" 200 683 "-" "Mozilla/5.0 (compatible; Barkrowler/0.9; +https://babbar.tech/crawler)" 
154.54.249.196 - - [23/Jul/2022:14:59:08 -0700] "GET /Datasets%20Description/PE_malware/?C=N;O=A HTTP/1.1" 200 686 "-" "Mozilla/5.0 (compatible; Barkrowler/0.9; +https://babbar.tech/crawler)" 
154.54.249.196 - - [23/Jul/2022:14:59:33 -0700] "GET /Datasets%20Description/HTML_Bro_log_2/?C=D;O=A HTTP/1.1" 200 832 "-" "Mozilla/5.0 (compatible; Barkrowler/0.9; +https://babbar.tech/crawler)" 
154.54.249.196 - - [23/Jul/2022:14:59:58 -0700] "GET /Datasets%20Description/HTML_Bro_log_2/?C=N;O=D HTTP/1.1" 200 832 "-" "Mozilla/5.0 (compatible; Barkrowler/0.9; +https://babbar.tech/crawler)" 
154.54.249.196 - - [23/Jul/2022:15:00:22 -0700] "GET /Datasets%20Description/HTML_Bro_log_2/?C=S;O=A HTTP/1.1" 200 824 "-" "Mozilla/5.0 (compatible; Barkrowler/0.9; +https://babbar.tech/crawler)" 
154.54.249.196 - - [23/Jul/2022:15:00:48 -0700] "GET /Datasets%20Description/HTML_Bro_log_2/?C=M;O=A HTTP/1.1" 200 832 "-" "Mozilla/5.0 (compatible; Barkrowler/0.9; +https://babbar.tech/crawler)" 
154.54.249.196 - - [23/Jul/2022:15:01:15 -0700] "GET /Datasets%20Description/HTML_Bro_log_3/?C=D;O=A HTTP/1.1" 200 823 "-" "Mozilla/5.0 (compatible; Barkrowler/0.9; +https://babbar.tech/crawler)" 
154.54.249.196 - - [23/Jul/2022:15:01:39 -0700] "GET /Datasets%20Description/HTML_Bro_log_3/?C=N;O=D HTTP/1.1" 200 822 "-" "Mozilla/5.0 (compatible; Barkrowler/0.9; +https://babbar.tech/crawler)" 
154.54.249.196 - - [23/Jul/2022:15:02:04 -0700] "GET /Datasets%20Description/HTML_Bro_log_3/?C=S;O=A HTTP/1.1" 200 818 "-" "Mozilla/5.0 (compatible; Barkrowler/0.9; +https://babbar.tech/crawler)" 
154.54.249.196 - - [23/Jul/2022:15:02:29 -0700] "GET /Datasets%20Description/HTML_Bro_log_3/?C=M;O=A HTTP/1.1" 200 823 "-" "Mozilla/5.0 (compatible; Barkrowler/0.9; +https://babbar.tech/crawler)" 
34.206.152.150 - - [23/Jul/2022:15:02:54 -0700] "HEAD / HTTP/1.1" 301 186 "-" "DreamHost SiteMonitor 1.0" 
34.206.152.150 - - [23/Jul/2022:15:02:54 -0700] "HEAD / HTTP/1.1" 200 359 "http://66.33.221.139" "DreamHost SiteMonitor 1.0" 
154.54.249.196 - - [23/Jul/2022:15:02:54 -0700] "GET /Datasets%20Description/HTML_Bro_log_1/?C=S;O=A HTTP/1.1" 200 827 "-" "Mozilla/5.0 (compatible; Barkrowler/0.9; +https://babbar.tech/crawler)" 
154.54.249.196 - - [23/Jul/2022:15:03:20 -0700] "GET /Datasets%20Description/HTML_Bro_log_1/?C=M;O=A HTTP/1.1" 200 834 "-" "Mozilla/5.0 (compatible; Barkrowler/0.9; +https://babbar.tech/crawler)" 
154.54.249.196 - - [23/Jul/2022:15:03:44 -0700] "GET /Datasets%20Description/HTML_Bro_log_1/?C=D;O=A HTTP/1.1" 200 834 "-" "Mozilla/5.0 (compatible; Barkrowler/0.9; +https://babbar.tech/crawler)" 
154.54.249.196 - - [23/Jul/2022:15:04:11 -0700] "GET /Datasets%20Description/HTML_Bro_log_1/?C=N;O=D HTTP/1.1" 200 833 "-" "Mozilla/5.0 (compatible; Barkrowler/0.9; +https://babbar.tech/crawler)" 
154.54.249.196 - - [23/Jul/2022:15:04:36 -0700] "GET /Datasets%20Description/PE_malware/Zeus.html HTTP/1.1" 304 277 "-" "Mozilla/5.0 (compatible; Barkrowler/0.9; +https://babbar.tech/crawler)" 
154.54.249.196 - - [23/Jul/2022:15:05:00 -0700] "GET /Datasets%20Description/PE_malware/?C=M;O=D HTTP/1.1" 200 683 "-" "Mozilla/5.0 (compatible; Barkrowler/0.9; +https://babbar.tech/crawler)" 
154.54.249.196 - - [23/Jul/2022:15:05:25 -0700] "GET /Datasets%20Description/PE_malware/?C=S;O=D HTTP/1.1" 200 683 "-" "Mozilla/5.0 (compatible; Barkrowler/0.9; +https://babbar.tech/crawler)" 
154.54.249.196 - - [23/Jul/2022:15:05:50 -0700] "GET /Datasets%20Description/HTML_Bro_log_2/irc.html HTTP/1.1" 200 1771 "-" "Mozilla/5.0 (compatible; Barkrowler/0.9; +https://babbar.tech/crawler)" 
154.54.249.196 - - [23/Jul/2022:15:06:14 -0700] "GET /Datasets%20Description/HTML_Bro_log_2/ftp.html HTTP/1.1" 200 1738 "-" "Mozilla/5.0 (compatible; Barkrowler/0.9; +https://babbar.tech/crawler)" 
185.191.171.17 - - [23/Jul/2022:15:06:20 -0700] "GET /robots.txt HTTP/1.1" 200 340 "-" "Mozilla/5.0 (compatible; SemrushBot/7~bl; +http://www.semrush.com/bot.html)" 
185.191.171.39 - - [23/Jul/2022:15:06:20 -0700] "GET /Datasets%20Description/HTML_Bro_log_1/dhcp.html HTTP/1.1" 200 1696 "-" "Mozilla/5.0 (compatible; SemrushBot/7~bl; +http://www.semrush.com/bot.html)" 
154.54.249.196 - - [23/Jul/2022:15:06:41 -0700] "GET /Datasets%20Description/HTML_Bro_log_2/weird.html HTTP/1.1" 200 1935 "-" "Mozilla/5.0 (compatible; Barkrowler/0.9; +https://babbar.tech/crawler)" 
154.54.249.196 - - [23/Jul/2022:15:07:06 -0700] "GET /Datasets%20Description/HTML_Bro_log_2/http.html HTTP/1.1" 200 2032 "-" "Mozilla/5.0 (compatible; Barkrowler/0.9; +https://babbar.tech/crawler)" 
154.54.249.196 - - [23/Jul/2022:15:07:33 -0700] "GET /Datasets%20Description/HTML_Bro_log_2/conn.html HTTP/1.1" 200 2006 "-" "Mozilla/5.0 (compatible; Barkrowler/0.9; +https://babbar.tech/crawler)" 
154.54.249.196 - - [23/Jul/2022:15:07:58 -0700] "GET /Datasets%20Description/HTML_Bro_log_2/files.html HTTP/1.1" 200 1910 "-" "Mozilla/5.0 (compatible; Barkrowler/0.9; +https://babbar.tech/crawler)" 
136.152.18.237 - - [23/Jul/2022:15:08:22 -0700] "GET / HTTP/1.1" 200 13187 "-" "Mozilla/5.0 (Macintosh; Intel Mac OS X 10_15_7) AppleWebKit/605.1.15 (KHTML, like Gecko) Version/15.5 Safari/605.1.15" 
136.152.18.237 - - [23/Jul/2022:15:08:22 -0700] "GET /css/style.css HTTP/1.1" 404 305 "http://www.secrepo.com/" "Mozilla/5.0 (Macintosh; Intel Mac OS X 10_15_7) AppleWebKit/605.1.15 (KHTML, like Gecko) Version/15.5 Safari/605.1.15" 
136.152.18.237 - - [23/Jul/2022:15:08:22 -0700] "GET /GitHub-Mark.png HTTP/1.1" 200 7556 "http://www.secrepo.com/" "Mozilla/5.0 (Macintosh; Intel Mac OS X 10_15_7) AppleWebKit/605.1.15 (KHTML, like Gecko) Version/15.5 Safari/605.1.15" 
154.54.249.196 - - [23/Jul/2022:15:08:23 -0700] "GET /Datasets%20Description/HTML_Bro_log_2/dns.html HTTP/1.1" 200 1831 "-" "Mozilla/5.0 (compatible; Barkrowler/0.9; +https://babbar.tech/crawler)" 
154.54.249.196 - - [23/Jul/2022:15:08:48 -0700] "GET /Datasets%20Description/HTML_Bro_log_2/dpd.html HTTP/1.1" 200 1655 "-" "Mozilla/5.0 (compatible; Barkrowler/0.9; +https://babbar.tech/crawler)" 
154.54.249.196 - - [23/Jul/2022:15:09:13 -0700] "GET /Datasets%20Description/HTML_Bro_log_2/ssl.html HTTP/1.1" 200 1860 "-" "Mozilla/5.0 (compatible; Barkrowler/0.9; +https://babbar.tech/crawler)" 
154.54.249.196 - - [23/Jul/2022:15:09:37 -0700] "GET /Datasets%20Description/HTML_Bro_log_3/dpd.html HTTP/1.1" 200 1662 "-" "Mozilla/5.0 (compatible; Barkrowler/0.9; +https://babbar.tech/crawler)" 
154.54.249.196 - - [23/Jul/2022:15:10:02 -0700] "GET /Datasets%20Description/HTML_Bro_log_3/ssl.html HTTP/1.1" 200 1874 "-" "Mozilla/5.0 (compatible; Barkrowler/0.9; +https://babbar.tech/crawler)" 
154.54.249.196 - - [23/Jul/2022:15:10:27 -0700] "GET /Datasets%20Description/HTML_Bro_log_3/irc.html HTTP/1.1" 200 1784 "-" "Mozilla/5.0 (compatible; Barkrowler/0.9; +https://babbar.tech/crawler)" 
154.54.249.196 - - [23/Jul/2022:15:10:51 -0700] "GET /Datasets%20Description/HTML_Bro_log_3/weird.html HTTP/1.1" 304 277 "-" "Mozilla/5.0 (compatible; Barkrowler/0.9; +https://babbar.tech/crawler)" 
154.54.249.196 - - [23/Jul/2022:15:11:16 -0700] "GET /Datasets%20Description/HTML_Bro_log_3/http.html HTTP/1.1" 304 277 "-" "Mozilla/5.0 (compatible; Barkrowler/0.9; +https://babbar.tech/crawler)" 
154.54.249.196 - - [23/Jul/2022:15:11:40 -0700] "GET /Datasets%20Description/HTML_Bro_log_3/conn.html HTTP/1.1" 304 277 "-" "Mozilla/5.0 (compatible; Barkrowler/0.9; +https://babbar.tech/crawler)" 
154.54.249.196 - - [23/Jul/2022:15:12:05 -0700] "GET /Datasets%20Description/HTML_Bro_log_3/dns.html HTTP/1.1" 200 1830 "-" "Mozilla/5.0 (compatible; Barkrowler/0.9; +https://babbar.tech/crawler)" 
154.54.249.196 - - [23/Jul/2022:15:12:30 -0700] "GET /Datasets%20Description/HTML_Bro_log_1/weird.html HTTP/1.1" 200 1937 "-" "Mozilla/5.0 (compatible; Barkrowler/0.9; +https://babbar.tech/crawler)" 
34.206.152.150 - - [23/Jul/2022:15:12:54 -0700] "HEAD / HTTP/1.1" 301 186 "-" "DreamHost SiteMonitor 1.0" 
34.206.152.150 - - [23/Jul/2022:15:12:54 -0700] "HEAD / HTTP/1.1" 200 359 "http://66.33.221.139" "DreamHost SiteMonitor 1.0" 
154.54.249.196 - - [23/Jul/2022:15:12:55 -0700] "GET /Datasets%20Description/HTML_Bro_log_1/irc.html HTTP/1.1" 200 1781 "-" "Mozilla/5.0 (compatible; Barkrowler/0.9; +https://babbar.tech/crawler)" 
154.54.249.196 - - [23/Jul/2022:15:13:22 -0700] "GET /Datasets%20Description/HTML_Bro_log_1/conn.html HTTP/1.1" 200 2011 "-" "Mozilla/5.0 (compatible; Barkrowler/0.9; +https://babbar.tech/crawler)" 
154.54.249.196 - - [23/Jul/2022:15:13:47 -0700] "GET /Datasets%20Description/HTML_Bro_log_1/dns.html HTTP/1.1" 200 1837 "-" "Mozilla/5.0 (compatible; Barkrowler/0.9; +https://babbar.tech/crawler)" 
154.54.249.196 - - [23/Jul/2022:15:14:11 -0700] "GET /Datasets%20Description/HTML_Bro_log_1/dpd.html HTTP/1.1" 200 1664 "-" "Mozilla/5.0 (compatible; Barkrowler/0.9; +https://babbar.tech/crawler)" 
154.54.249.196 - - [23/Jul/2022:15:14:36 -0700] "GET /Datasets%20Description/HTML_Bro_log_1/ssl.html HTTP/1.1" 200 1860 "-" "Mozilla/5.0 (compatible; Barkrowler/0.9; +https://babbar.tech/crawler)" 
154.54.249.196 - - [23/Jul/2022:15:15:01 -0700] "GET /Datasets%20Description/HTML_Bro_log_1/?C=N;O=A HTTP/1.1" 200 834 "-" "Mozilla/5.0 (compatible; Barkrowler/0.9; +https://babbar.tech/crawler)" 
154.54.249.196 - - [23/Jul/2022:15:15:25 -0700] "GET /Datasets%20Description/HTML_Bro_log_1/ftp.html HTTP/1.1" 200 1765 "-" "Mozilla/5.0 (compatible; Barkrowler/0.9; +https://babbar.tech/crawler)" 
154.54.249.196 - - [23/Jul/2022:15:15:50 -0700] "GET /Datasets%20Description/HTML_Bro_log_1/http.html HTTP/1.1" 200 2034 "-" "Mozilla/5.0 (compatible; Barkrowler/0.9; +https://babbar.tech/crawler)" 
154.54.249.196 - - [23/Jul/2022:15:16:15 -0700] "GET /Datasets%20Description/HTML_Bro_log_1/files.html HTTP/1.1" 200 1918 "-" "Mozilla/5.0 (compatible; Barkrowler/0.9; +https://babbar.tech/crawler)" 
154.54.249.196 - - [23/Jul/2022:15:16:40 -0700] "GET /Datasets%20Description/HTML_Bro_log_2/dhcp.html HTTP/1.1" 200 1737 "-" "Mozilla/5.0 (compatible; Barkrowler/0.9; +https://babbar.tech/crawler)" 
154.54.249.196 - - [23/Jul/2022:15:17:05 -0700] "GET /Datasets%20Description/HTML_Bro_log_2/?C=N;O=A HTTP/1.1" 200 832 "-" "Mozilla/5.0 (compatible; Barkrowler/0.9; +https://babbar.tech/crawler)" 
154.54.249.196 - - [23/Jul/2022:15:17:30 -0700] "GET /Datasets%20Description/HTML_Bro_log_2/?C=M;O=D HTTP/1.1" 200 832 "-" "Mozilla/5.0 (compatible; Barkrowler/0.9; +https://babbar.tech/crawler)" 
20.206.201.208 - - [23/Jul/2022:15:17:48 -0700] "GET /.env HTTP/1.1" 404 519 "-" "Mozilla/5.0 (Macintosh; Intel Mac OS X 10.15; rv:77.0) Gecko/20100101 Firefox/77.0" 
154.54.249.196 - - [23/Jul/2022:15:17:54 -0700] "GET /Datasets%20Description/HTML_Bro_log_2/?C=S;O=D HTTP/1.1" 200 827 "-" "Mozilla/5.0 (compatible; Barkrowler/0.9; +https://babbar.tech/crawler)" 
154.54.249.196 - - [23/Jul/2022:15:18:19 -0700] "GET /Datasets%20Description/HTML_Bro_log_2/notice.html HTTP/1.1" 200 2006 "-" "Mozilla/5.0 (compatible; Barkrowler/0.9; +https://babbar.tech/crawler)" 
154.54.249.196 - - [23/Jul/2022:15:18:44 -0700] "GET /Datasets%20Description/HTML_Bro_log_3/dhcp.html HTTP/1.1" 200 1740 "-" "Mozilla/5.0 (compatible; Barkrowler/0.9; +https://babbar.tech/crawler)" 
154.54.249.196 - - [23/Jul/2022:15:19:09 -0700] "GET /Datasets%20Description/HTML_Bro_log_3/notice.html HTTP/1.1" 200 2002 "-" "Mozilla/5.0 (compatible; Barkrowler/0.9; +https://babbar.tech/crawler)" 
154.54.249.196 - - [23/Jul/2022:15:19:33 -0700] "GET /Datasets%20Description/HTML_Bro_log_3/?C=N;O=A HTTP/1.1" 200 823 "-" "Mozilla/5.0 (compatible; Barkrowler/0.9; +https://babbar.tech/crawler)" 
154.54.249.196 - - [23/Jul/2022:15:19:58 -0700] "GET /Datasets%20Description/HTML_Bro_log_3/?C=M;O=D HTTP/1.1" 200 822 "-" "Mozilla/5.0 (compatible; Barkrowler/0.9; +https://babbar.tech/crawler)" 
157.55.39.3 - - [23/Jul/2022:15:20:01 -0700] "GET /self.logs/access.log.2017-01-20.gz HTTP/1.1" 200 13014 "-" "Mozilla/5.0 (compatible; bingbot/2.0; +http://www.bing.com/bingbot.htm)" 
154.54.249.196 - - [23/Jul/2022:15:20:24 -0700] "GET /Datasets%20Description/HTML_Bro_log_3/files.html HTTP/1.1" 200 1910 "-" "Mozilla/5.0 (compatible; Barkrowler/0.9; +https://babbar.tech/crawler)" 
154.54.249.196 - - [23/Jul/2022:15:20:48 -0700] "GET /Datasets%20Description/HTML_Bro_log_3/?C=S;O=D HTTP/1.1" 200 819 "-" "Mozilla/5.0 (compatible; Barkrowler/0.9; +https://babbar.tech/crawler)" 
154.54.249.196 - - [23/Jul/2022:15:21:13 -0700] "GET /Datasets%20Description/HTML_Bro_log_1/notice.html HTTP/1.1" 200 2001 "-" "Mozilla/5.0 (compatible; Barkrowler/0.9; +https://babbar.tech/crawler)" 
154.54.249.196 - - [23/Jul/2022:15:21:38 -0700] "GET /Datasets%20Description/HTML_Bro_log_1/dhcp.html HTTP/1.1" 200 1733 "-" "Mozilla/5.0 (compatible; Barkrowler/0.9; +https://babbar.tech/crawler)" 
154.54.249.196 - - [23/Jul/2022:15:22:02 -0700] "GET /Datasets%20Description/HTML_Bro_log_1/?C=M;O=D HTTP/1.1" 200 833 "-" "Mozilla/5.0 (compatible; Barkrowler/0.9; +https://babbar.tech/crawler)" 
154.54.249.196 - - [23/Jul/2022:15:22:27 -0700] "GET /Datasets%20Description/HTML_Bro_log_1/?C=S;O=D HTTP/1.1" 200 829 "-" "Mozilla/5.0 (compatible; Barkrowler/0.9; +https://babbar.tech/crawler)" 
154.54.249.196 - - [23/Jul/2022:15:22:51 -0700] "GET /Datasets%20Description/PE_malware/VirusShare.html HTTP/1.1" 304 277 "-" "Mozilla/5.0 (compatible; Barkrowler/0.9; +https://babbar.tech/crawler)" 
34.206.152.150 - - [23/Jul/2022:15:22:54 -0700] "HEAD / HTTP/1.1" 301 186 "-" "DreamHost SiteMonitor 1.0" 
34.206.152.150 - - [23/Jul/2022:15:22:54 -0700] "HEAD / HTTP/1.1" 200 359 "http://66.33.221.139" "DreamHost SiteMonitor 1.0" 
154.54.249.196 - - [23/Jul/2022:15:23:16 -0700] "GET /Datasets%20Description/HTML_Bro_log_2/packet_filter.html HTTP/1.1" 200 1725 "-" "Mozilla/5.0 (compatible; Barkrowler/0.9; +https://babbar.tech/crawler)" 
154.54.249.196 - - [23/Jul/2022:15:23:46 -0700] "GET /Datasets%20Description/HTML_Bro_log_3/packet_filter.html HTTP/1.1" 200 1725 "-" "Mozilla/5.0 (compatible; Barkrowler/0.9; +https://babbar.tech/crawler)" 
154.54.249.196 - - [23/Jul/2022:15:24:13 -0700] "GET /Datasets%20Description/HTML_Bro_log_1/packet_filter.html HTTP/1.1" 200 1725 "-" "Mozilla/5.0 (compatible; Barkrowler/0.9; +https://babbar.tech/crawler)" 
154.54.249.196 - - [23/Jul/2022:15:24:38 -0700] "GET /maccdc2012/maccdc2012_full_alert.7z HTTP/1.1" 304 267 "-" "Mozilla/5.0 (compatible; Barkrowler/0.9; +https://babbar.tech/crawler)" 
154.54.249.196 - - [23/Jul/2022:15:25:03 -0700] "GET /Datasets%20Description/PE_malware/OPCleaver.html HTTP/1.1" 304 276 "-" "Mozilla/5.0 (compatible; Barkrowler/0.9; +https://babbar.tech/crawler)" 
154.54.249.196 - - [23/Jul/2022:15:25:28 -0700] "GET /Datasets%20Description/HTML_Bro_log_2/app_stats.html HTTP/1.1" 200 1590 "-" "Mozilla/5.0 (compatible; Barkrowler/0.9; +https://babbar.tech/crawler)" 
154.54.249.196 - - [23/Jul/2022:15:25:54 -0700] "GET /Datasets%20Description/HTML_Bro_log_1/app_stats.html HTTP/1.1" 200 1591 "-" "Mozilla/5.0 (compatible; Barkrowler/0.9; +https://babbar.tech/crawler)" 
154.54.249.196 - - [23/Jul/2022:15:26:18 -0700] "GET /honeypot/BSidesDFW%20-%202014.ipynb HTTP/1.1" 304 265 "-" "Mozilla/5.0 (compatible; Barkrowler/0.9; +https://babbar.tech/crawler)" 
154.54.249.196 - - [23/Jul/2022:15:26:43 -0700] "GET /Datasets%20Description/PE_malware/?C=D;O=D HTTP/1.1" 200 683 "-" "Mozilla/5.0 (compatible; Barkrowler/0.9; +https://babbar.tech/crawler)" 
40.77.167.46 - - [23/Jul/2022:15:26:59 -0700] "GET /self.logs/error.log.2019-05-12.gz HTTP/1.1" 301 541 "-" "Mozilla/5.0 (compatible; bingbot/2.0; +http://www.bing.com/bingbot.htm)" 
154.54.249.196 - - [23/Jul/2022:15:27:08 -0700] "GET /Datasets%20Description/HTML_Bro_log_3/app_stats.html HTTP/1.1" 200 1591 "-" "Mozilla/5.0 (compatible; Barkrowler/0.9; +https://babbar.tech/crawler)" 
20.239.153.209 - - [23/Jul/2022:15:27:24 -0700] "GET /xxxss HTTP/1.1" 404 328 "-" "Mozilla/5.0 (Windows NT 10.0; WOW64; rv:48.0) Gecko/20100101 Firefox/48.0" 
154.54.249.196 - - [23/Jul/2022:15:27:34 -0700] "GET /maccdc2012/maccdc2012_fast_alert.7z HTTP/1.1" 304 266 "-" "Mozilla/5.0 (compatible; Barkrowler/0.9; +https://babbar.tech/crawler)" 
154.54.249.196 - - [23/Jul/2022:15:27:58 -0700] "GET /Datasets%20Description/HTML_Bro_log_2/loaded_scripts.html HTTP/1.1" 200 1543 "-" "Mozilla/5.0 (compatible; Barkrowler/0.9; +https://babbar.tech/crawler)" 
154.54.249.196 - - [23/Jul/2022:15:28:23 -0700] "GET /Datasets%20Description/HTML_Bro_log_2/?C=D;O=D HTTP/1.1" 200 832 "-" "Mozilla/5.0 (compatible; Barkrowler/0.9; +https://babbar.tech/crawler)" 
154.54.249.196 - - [23/Jul/2022:15:28:49 -0700] "GET /Datasets%20Description/HTML_Bro_log_3/loaded_scripts.html HTTP/1.1" 200 1543 "-" "Mozilla/5.0 (compatible; Barkrowler/0.9; +https://babbar.tech/crawler)" 
154.54.249.196 - - [23/Jul/2022:15:29:14 -0700] "GET /Datasets%20Description/HTML_Bro_log_3/?C=D;O=D HTTP/1.1" 200 822 "-" "Mozilla/5.0 (compatible; Barkrowler/0.9; +https://babbar.tech/crawler)" 
154.54.249.196 - - [23/Jul/2022:15:29:38 -0700] "GET /Datasets%20Description/HTML_Bro_log_1/?C=D;O=D HTTP/1.1" 200 833 "-" "Mozilla/5.0 (compatible; Barkrowler/0.9; +https://babbar.tech/crawler)" 
154.54.249.196 - - [23/Jul/2022:15:29:54 -0700] "GET /robots.txt HTTP/1.1" 200 377 "-" "Mozilla/5.0 (compatible; Barkrowler/0.9; +https://babbar.tech/crawler)" 
154.54.249.196 - - [23/Jul/2022:15:30:09 -0700] "GET /Datasets%20Description/HTML_Bro_log_1/loaded_scripts.html HTTP/1.1" 200 1543 "-" "Mozilla/5.0 (compatible; Barkrowler/0.9; +https://babbar.tech/crawler)" 
154.54.249.196 - - [23/Jul/2022:15:30:25 -0700] "GET /%E5%AE%89%E5%85%A8%E7%9B%B8%E5%85%B3%E6%95%B0%E6%8D%AE%E6%A0%B7%E6%9C%AC%E9%9B%86 HTTP/1.1" 404 328 "-" "Mozilla/5.0 (compatible; Barkrowler/0.9; +https://babbar.tech/crawler)" 
34.206.152.150 - - [23/Jul/2022:15:32:54 -0700] "HEAD / HTTP/1.1" 301 186 "-" "DreamHost SiteMonitor 1.0" 
34.206.152.150 - - [23/Jul/2022:15:32:54 -0700] "HEAD / HTTP/1.1" 200 359 "http://66.33.221.139" "DreamHost SiteMonitor 1.0" 
34.206.152.150 - - [23/Jul/2022:15:42:54 -0700] "HEAD / HTTP/1.1" 301 186 "-" "DreamHost SiteMonitor 1.0" 
34.206.152.150 - - [23/Jul/2022:15:42:54 -0700] "HEAD / HTTP/1.1" 200 359 "http://66.33.221.139" "DreamHost SiteMonitor 1.0" 
34.206.152.150 - - [23/Jul/2022:15:52:54 -0700] "HEAD / HTTP/1.1" 301 186 "-" "DreamHost SiteMonitor 1.0" 
34.206.152.150 - - [23/Jul/2022:15:52:54 -0700] "HEAD / HTTP/1.1" 200 359 "http://66.33.221.139" "DreamHost SiteMonitor 1.0" 
185.191.171.42 - - [23/Jul/2022:15:55:09 -0700] "GET /robots.txt HTTP/1.1" 301 458 "-" "Mozilla/5.0 (compatible; SemrushBot/7~bl; +http://www.semrush.com/bot.html)" 
213.171.213.108 - - [23/Jul/2022:15:56:24 -0700] "GET / HTTP/1.1" 301 475 "-" "Mozilla/5.0 (Windows NT 6.1) AppleWebKit/537.1 (KHTML, like Gecko) Chrome/24.0.1309.0 Safari/537.17" 
213.171.213.108 - - [23/Jul/2022:15:56:24 -0700] "GET / HTTP/1.1" 200 13187 "-" "Mozilla/5.0 (Windows NT 6.1) AppleWebKit/537.1 (KHTML, like Gecko) Chrome/24.0.1309.0 Safari/537.17" 
213.171.213.108 - - [23/Jul/2022:15:56:34 -0700] "GET /data HTTP/1.1" 404 328 "http://www.secrepo.com/" "Mozilla/5.0 (Windows NT 6.1) AppleWebKit/537.1 (KHTML, like Gecko) Chrome/24.0.1309.0 Safari/537.17" 
213.171.213.108 - - [23/Jul/2022:15:56:35 -0700] "GET /ftp://download.iwlab.foi.se/dataset/ HTTP/1.1" 404 328 "http://www.secrepo.com/" "Mozilla/5.0 (Windows NT 6.1) AppleWebKit/537.1 (KHTML, like Gecko) Chrome/24.0.1309.0 Safari/537.17" 
213.171.213.108 - - [23/Jul/2022:15:56:35 -0700] "GET / HTTP/1.1" 301 475 "http://www.secrepo.com/" "Mozilla/5.0 (Windows NT 6.1) AppleWebKit/537.1 (KHTML, like Gecko) Chrome/24.0.1309.0 Safari/537.17" 
213.171.213.108 - - [23/Jul/2022:15:56:35 -0700] "GET / HTTP/1.1" 200 13187 "http://secrepo.com" "Mozilla/5.0 (Windows NT 6.1) AppleWebKit/537.1 (KHTML, like Gecko) Chrome/24.0.1309.0 Safari/537.17" 
213.171.213.108 - - [23/Jul/2022:15:56:37 -0700] "GET /Security-Data-Analysis/Lab_1/conn.log.zip HTTP/1.1" 200 21397760 "http://www.secrepo.com/" "Mozilla/5.0 (Windows NT 6.1) AppleWebKit/537.1 (KHTML, like Gecko) Chrome/24.0.1309.0 Safari/537.17" 
213.171.213.108 - - [23/Jul/2022:15:56:38 -0700] "GET /maccdc2012/conn.log.gz HTTP/1.1" 200 20883840 "http://www.secrepo.com/" "Mozilla/5.0 (Windows NT 6.1) AppleWebKit/537.1 (KHTML, like Gecko) Chrome/24.0.1309.0 Safari/537.17" 
213.171.213.108 - - [23/Jul/2022:15:56:39 -0700] "GET /honeypot/BSidesDFW%20-%202014.ipynb HTTP/1.1" 200 930921 "http://www.secrepo.com/" "Mozilla/5.0 (Windows NT 6.1) AppleWebKit/537.1 (KHTML, like Gecko) Chrome/24.0.1309.0 Safari/537.17" 
213.171.213.108 - - [23/Jul/2022:15:56:40 -0700] "GET /maccdc2012/dhcp.log.gz HTTP/1.1" 200 44977 "http://www.secrepo.com/" "Mozilla/5.0 (Windows NT 6.1) AppleWebKit/537.1 (KHTML, like Gecko) Chrome/24.0.1309.0 Safari/537.17" 
213.171.213.108 - - [23/Jul/2022:15:56:40 -0700] "GET /honeypot/honeypot.json.zip HTTP/1.1" 200 23086087 "http://www.secrepo.com/" "Mozilla/5.0 (Windows NT 6.1) AppleWebKit/537.1 (KHTML, like Gecko) Chrome/24.0.1309.0 Safari/537.17" 
213.171.213.108 - - [23/Jul/2022:15:56:41 -0700] "GET /Datasets%20Description/Network/dhcp.html HTTP/1.1" 200 1461 "http://www.secrepo.com/" "Mozilla/5.0 (Windows NT 6.1) AppleWebKit/537.1 (KHTML, like Gecko) Chrome/24.0.1309.0 Safari/537.17" 
213.171.213.108 - - [23/Jul/2022:15:56:42 -0700] "GET /auth.log/auth.log.gz HTTP/1.1" 200 615679 "http://www.secrepo.com/" "Mozilla/5.0 (Windows NT 6.1) AppleWebKit/537.1 (KHTML, like Gecko) Chrome/24.0.1309.0 Safari/537.17" 
213.171.213.108 - - [23/Jul/2022:15:56:43 -0700] "GET /maccdc2012/dns.log.gz HTTP/1.1" 200 6607379 "http://www.secrepo.com/" "Mozilla/5.0 (Windows NT 6.1) AppleWebKit/537.1 (KHTML, like Gecko) Chrome/24.0.1309.0 Safari/537.17" 
213.171.213.108 - - [23/Jul/2022:15:56:44 -0700] "GET /squid/access.log.gz HTTP/1.1" 200 21467840 "http://www.secrepo.com/" "Mozilla/5.0 (Windows NT 6.1) AppleWebKit/537.1 (KHTML, like Gecko) Chrome/24.0.1309.0 Safari/537.17" 
213.171.213.108 - - [23/Jul/2022:15:56:45 -0700] "GET /Datasets%20Description/Network/dns.html HTTP/1.1" 200 1543 "http://www.secrepo.com/" "Mozilla/5.0 (Windows NT 6.1) AppleWebKit/537.1 (KHTML, like Gecko) Chrome/24.0.1309.0 Safari/537.17" 
213.171.213.108 - - [23/Jul/2022:15:56:45 -0700] "GET /self.logs/ HTTP/1.1" 200 37453 "http://www.secrepo.com/" "Mozilla/5.0 (Windows NT 6.1) AppleWebKit/537.1 (KHTML, like Gecko) Chrome/24.0.1309.0 Safari/537.17" 
34.206.152.150 - - [23/Jul/2022:16:02:54 -0700] "HEAD / HTTP/1.1" 301 186 "-" "DreamHost SiteMonitor 1.0" 
34.206.152.150 - - [23/Jul/2022:16:02:54 -0700] "HEAD / HTTP/1.1" 200 359 "http://66.33.221.139" "DreamHost SiteMonitor 1.0" 
51.222.253.1 - - [23/Jul/2022:16:06:45 -0700] "GET /Datasets%20Description/HTML_Bro_log_2/packet_filter.html HTTP/1.1" 200 1681 "-" "Mozilla/5.0 (compatible; AhrefsBot/7.0; +http://ahrefs.com/robot/)" 
154.73.113.73 - - [23/Jul/2022:16:12:52 -0700] "GET /css/style.css HTTP/1.1" 404 328 "http://www.secrepo.com/" "Mozilla/5.0 (X11; Linux x86_64) AppleWebKit/537.36 (KHTML, like Gecko) Chrome/103.0.5060.114 Safari/537.36" 
34.206.152.150 - - [23/Jul/2022:16:12:54 -0700] "HEAD / HTTP/1.1" 301 186 "-" "DreamHost SiteMonitor 1.0" 
34.206.152.150 - - [23/Jul/2022:16:12:54 -0700] "HEAD / HTTP/1.1" 200 359 "http://66.33.221.139" "DreamHost SiteMonitor 1.0" 
34.206.152.150 - - [23/Jul/2022:16:22:54 -0700] "HEAD / HTTP/1.1" 301 186 "-" "DreamHost SiteMonitor 1.0" 
34.206.152.150 - - [23/Jul/2022:16:22:54 -0700] "HEAD / HTTP/1.1" 200 359 "http://66.33.221.139" "DreamHost SiteMonitor 1.0" 
47.185.91.37 - - [23/Jul/2022:16:25:12 -0700] "GET / HTTP/1.1" 301 475 "https://t.co/DyFLCDgxef" "Mozilla/5.0 (Linux; Android 12; SM-G988U) AppleWebKit/537.36 (KHTML, like Gecko) Chrome/103.0.0.0 Mobile Safari/537.36" 
47.185.91.37 - - [23/Jul/2022:16:25:12 -0700] "GET / HTTP/1.1" 200 13186 "https://t.co/DyFLCDgxef" "Mozilla/5.0 (Linux; Android 12; SM-G988U) AppleWebKit/537.36 (KHTML, like Gecko) Chrome/103.0.0.0 Mobile Safari/537.36" 
47.185.91.37 - - [23/Jul/2022:16:25:12 -0700] "GET /css/style.css HTTP/1.1" 404 305 "http://www.secrepo.com/" "Mozilla/5.0 (Linux; Android 12; SM-G988U) AppleWebKit/537.36 (KHTML, like Gecko) Chrome/103.0.0.0 Mobile Safari/537.36" 
47.185.91.37 - - [23/Jul/2022:16:25:12 -0700] "GET /twitter-icon.png HTTP/1.1" 200 27893 "http://www.secrepo.com/" "Mozilla/5.0 (Linux; Android 12; SM-G988U) AppleWebKit/537.36 (KHTML, like Gecko) Chrome/103.0.0.0 Mobile Safari/537.36" 
47.185.91.37 - - [23/Jul/2022:16:25:12 -0700] "GET /GitHub-Mark.png HTTP/1.1" 200 7556 "http://www.secrepo.com/" "Mozilla/5.0 (Linux; Android 12; SM-G988U) AppleWebKit/537.36 (KHTML, like Gecko) Chrome/103.0.0.0 Mobile Safari/537.36" 
47.185.91.37 - - [23/Jul/2022:16:25:13 -0700] "GET /bootstrap/img/favicon.ico HTTP/1.1" 200 690 "http://www.secrepo.com/" "Mozilla/5.0 (Linux; Android 12; SM-G988U) AppleWebKit/537.36 (KHTML, like Gecko) Chrome/103.0.0.0 Mobile Safari/537.36" 
34.206.152.150 - - [23/Jul/2022:16:32:54 -0700] "HEAD / HTTP/1.1" 301 186 "-" "DreamHost SiteMonitor 1.0" 
34.206.152.150 - - [23/Jul/2022:16:32:54 -0700] "HEAD / HTTP/1.1" 200 359 "http://66.33.221.139" "DreamHost SiteMonitor 1.0" 
157.55.39.3 - - [23/Jul/2022:16:34:27 -0700] "GET /self.logs/access.log.2017-01-20.gz HTTP/1.1" 200 13014 "-" "Mozilla/5.0 (compatible; bingbot/2.0; +http://www.bing.com/bingbot.htm)" 
149.76.14.26 - - [23/Jul/2022:16:37:51 -0700] "GET / HTTP/1.1" 301 475 "-" "Mozilla/5.0 (Windows NT 10.0; Win64; x64) AppleWebKit/537.36 (KHTML, like Gecko) Chrome/103.0.5060.114 Safari/537.36 Edg/103.0.1264.62" 
149.76.14.26 - - [23/Jul/2022:16:37:51 -0700] "GET / HTTP/1.1" 200 13186 "-" "Mozilla/5.0 (Windows NT 10.0; Win64; x64) AppleWebKit/537.36 (KHTML, like Gecko) Chrome/103.0.5060.114 Safari/537.36 Edg/103.0.1264.62" 
149.76.14.26 - - [23/Jul/2022:16:37:52 -0700] "GET /css/style.css HTTP/1.1" 404 305 "http://www.secrepo.com/" "Mozilla/5.0 (Windows NT 10.0; Win64; x64) AppleWebKit/537.36 (KHTML, like Gecko) Chrome/103.0.5060.114 Safari/537.36 Edg/103.0.1264.62" 
149.76.14.26 - - [23/Jul/2022:16:37:52 -0700] "GET /twitter-icon.png HTTP/1.1" 200 27893 "http://www.secrepo.com/" "Mozilla/5.0 (Windows NT 10.0; Win64; x64) AppleWebKit/537.36 (KHTML, like Gecko) Chrome/103.0.5060.114 Safari/537.36 Edg/103.0.1264.62" 
149.76.14.26 - - [23/Jul/2022:16:37:52 -0700] "GET /GitHub-Mark.png HTTP/1.1" 200 7556 "http://www.secrepo.com/" "Mozilla/5.0 (Windows NT 10.0; Win64; x64) AppleWebKit/537.36 (KHTML, like Gecko) Chrome/103.0.5060.114 Safari/537.36 Edg/103.0.1264.62" 
149.76.14.26 - - [23/Jul/2022:16:37:52 -0700] "GET /bootstrap/img/favicon.ico HTTP/1.1" 200 690 "http://www.secrepo.com/" "Mozilla/5.0 (Windows NT 10.0; Win64; x64) AppleWebKit/537.36 (KHTML, like Gecko) Chrome/103.0.5060.114 Safari/537.36 Edg/103.0.1264.62" 
149.76.14.26 - - [23/Jul/2022:16:38:42 -0700] "GET /maccdc2012/weird.log.gz HTTP/1.1" 200 1252854 "http://www.secrepo.com/" "Mozilla/5.0 (Windows NT 10.0; Win64; x64) AppleWebKit/537.36 (KHTML, like Gecko) Chrome/103.0.5060.114 Safari/537.36 Edg/103.0.1264.62" 
34.206.152.150 - - [23/Jul/2022:16:42:54 -0700] "HEAD / HTTP/1.1" 301 186 "-" "DreamHost SiteMonitor 1.0" 
34.206.152.150 - - [23/Jul/2022:16:42:54 -0700] "HEAD / HTTP/1.1" 200 359 "http://66.33.221.139" "DreamHost SiteMonitor 1.0" 
51.222.253.13 - - [23/Jul/2022:16:44:30 -0700] "GET /Datasets%20Description/HTML_Bro_log_3/?C=N;O=A HTTP/1.1" 200 779 "-" "Mozilla/5.0 (compatible; AhrefsBot/7.0; +http://ahrefs.com/robot/)" 
34.206.152.150 - - [23/Jul/2022:16:52:54 -0700] "HEAD / HTTP/1.1" 301 186 "-" "DreamHost SiteMonitor 1.0" 
34.206.152.150 - - [23/Jul/2022:16:52:54 -0700] "HEAD / HTTP/1.1" 200 359 "http://66.33.221.139" "DreamHost SiteMonitor 1.0" 
34.206.152.150 - - [23/Jul/2022:17:02:54 -0700] "HEAD / HTTP/1.1" 301 186 "-" "DreamHost SiteMonitor 1.0" 
34.206.152.150 - - [23/Jul/2022:17:02:54 -0700] "HEAD / HTTP/1.1" 200 359 "http://66.33.221.139" "DreamHost SiteMonitor 1.0" 
185.191.171.11 - - [23/Jul/2022:17:08:24 -0700] "GET /robots.txt HTTP/1.1" 301 458 "-" "Mozilla/5.0 (compatible; SemrushBot/7~bl; +http://www.semrush.com/bot.html)" 
185.191.171.33 - - [23/Jul/2022:17:08:24 -0700] "GET /robots.txt HTTP/1.1" 200 340 "-" "Mozilla/5.0 (compatible; SemrushBot/7~bl; +http://www.semrush.com/bot.html)" 
185.191.171.34 - - [23/Jul/2022:17:08:24 -0700] "GET /Datasets%20Description/Network/weird.html HTTP/1.1" 301 516 "-" "Mozilla/5.0 (compatible; SemrushBot/7~bl; +http://www.semrush.com/bot.html)" 
185.191.171.34 - - [23/Jul/2022:17:08:24 -0700] "GET /robots.txt HTTP/1.1" 200 340 "-" "Mozilla/5.0 (compatible; SemrushBot/7~bl; +http://www.semrush.com/bot.html)" 
185.191.171.39 - - [23/Jul/2022:17:08:24 -0700] "GET /Datasets%20Description/Network/weird.html HTTP/1.1" 200 1608 "-" "Mozilla/5.0 (compatible; SemrushBot/7~bl; +http://www.semrush.com/bot.html)" 
51.222.253.16 - - [23/Jul/2022:17:09:09 -0700] "GET /robots.txt HTTP/1.1" 301 439 "-" "Mozilla/5.0 (compatible; AhrefsBot/7.0; +http://ahrefs.com/robot/)" 
51.222.253.16 - - [23/Jul/2022:17:09:10 -0700] "GET /robots.txt HTTP/1.1" 200 333 "-" "Mozilla/5.0 (compatible; AhrefsBot/7.0; +http://ahrefs.com/robot/)" 
34.206.152.150 - - [23/Jul/2022:17:12:54 -0700] "HEAD / HTTP/1.1" 301 186 "-" "DreamHost SiteMonitor 1.0" 
34.206.152.150 - - [23/Jul/2022:17:12:54 -0700] "HEAD / HTTP/1.1" 200 359 "http://66.33.221.139" "DreamHost SiteMonitor 1.0" 
51.222.253.15 - - [23/Jul/2022:17:22:15 -0700] "GET /Datasets%20Description/HTML_Bro_log_3/ HTTP/1.1" 200 779 "-" "Mozilla/5.0 (compatible; AhrefsBot/7.0; +http://ahrefs.com/robot/)" 
34.206.152.150 - - [23/Jul/2022:17:22:54 -0700] "HEAD / HTTP/1.1" 301 186 "-" "DreamHost SiteMonitor 1.0" 
34.206.152.150 - - [23/Jul/2022:17:22:54 -0700] "HEAD / HTTP/1.1" 200 359 "http://66.33.221.139" "DreamHost SiteMonitor 1.0" 
34.206.152.150 - - [23/Jul/2022:17:32:54 -0700] "HEAD / HTTP/1.1" 301 186 "-" "DreamHost SiteMonitor 1.0" 
34.206.152.150 - - [23/Jul/2022:17:32:54 -0700] "HEAD / HTTP/1.1" 200 359 "http://66.33.221.139" "DreamHost SiteMonitor 1.0" 
207.212.122.224 - - [23/Jul/2022:17:33:32 -0700] "GET / HTTP/1.1" 301 475 "https://t.co/DyFLCDgxef" "Mozilla/5.0 (Linux; Android 12; Pixel 5) AppleWebKit/537.36 (KHTML, like Gecko) Chrome/103.0.0.0 Mobile Safari/537.36" 
34.206.152.150 - - [23/Jul/2022:17:42:54 -0700] "HEAD / HTTP/1.1" 301 186 "-" "DreamHost SiteMonitor 1.0" 
34.206.152.150 - - [23/Jul/2022:17:42:54 -0700] "HEAD / HTTP/1.1" 200 359 "http://66.33.221.139" "DreamHost SiteMonitor 1.0" 
34.206.152.150 - - [23/Jul/2022:17:52:54 -0700] "HEAD / HTTP/1.1" 301 186 "-" "DreamHost SiteMonitor 1.0" 
34.206.152.150 - - [23/Jul/2022:17:52:54 -0700] "HEAD / HTTP/1.1" 200 359 "http://66.33.221.139" "DreamHost SiteMonitor 1.0" 
37.120.215.229 - - [23/Jul/2022:17:56:17 -0700] "GET / HTTP/1.1" 200 13187 "-" "Mozilla/5.0 (Macintosh; Intel Mac OS X 10_15_7) AppleWebKit/537.36 (KHTML, like Gecko) Chrome/100.0.4896.88 Safari/537.36" 
37.120.215.229 - - [23/Jul/2022:17:56:18 -0700] "GET /css/style.css HTTP/1.1" 404 328 "http://www.secrepo.com/" "Mozilla/5.0 (Macintosh; Intel Mac OS X 10_15_7) AppleWebKit/537.36 (KHTML, like Gecko) Chrome/100.0.4896.88 Safari/537.36" 
37.120.215.229 - - [23/Jul/2022:17:56:18 -0700] "GET /twitter-icon.png HTTP/1.1" 200 27893 "http://www.secrepo.com/" "Mozilla/5.0 (Macintosh; Intel Mac OS X 10_15_7) AppleWebKit/537.36 (KHTML, like Gecko) Chrome/100.0.4896.88 Safari/537.36" 
37.120.215.229 - - [23/Jul/2022:17:56:18 -0700] "GET /GitHub-Mark.png HTTP/1.1" 200 7533 "http://www.secrepo.com/" "Mozilla/5.0 (Macintosh; Intel Mac OS X 10_15_7) AppleWebKit/537.36 (KHTML, like Gecko) Chrome/100.0.4896.88 Safari/537.36" 
37.120.215.229 - - [23/Jul/2022:17:56:18 -0700] "GET /bootstrap/img/favicon.ico HTTP/1.1" 200 690 "http://www.secrepo.com/" "Mozilla/5.0 (Macintosh; Intel Mac OS X 10_15_7) AppleWebKit/537.36 (KHTML, like Gecko) Chrome/100.0.4896.88 Safari/537.36" 
52.114.128.147 - - [23/Jul/2022:17:56:46 -0700] "GET / HTTP/1.1" 200 13150 "-" "Mozilla/5.0 (Windows NT 6.1; WOW64) SkypeUriPreview Preview/0.5 skype-url-preview@microsoft.com" 
52.114.128.147 - - [23/Jul/2022:17:56:46 -0700] "GET /bootstrap/img/favicon.ico HTTP/1.1" 200 676 "-" "Mozilla/5.0 (Windows NT 6.1; WOW64) SkypeUriPreview Preview/0.5 skype-url-preview@microsoft.com" 
104.47.66.126 - - [23/Jul/2022:17:57:12 -0700] "HEAD / HTTP/1.1" 200 359 "-" "-" 
37.120.215.229 - - [23/Jul/2022:17:57:12 -0700] "GET /css/style.css HTTP/1.1" 404 328 "http://www.secrepo.com/" "Mozilla/5.0 (Macintosh; Intel Mac OS X 10_15_7) AppleWebKit/537.36 (KHTML, like Gecko) Chrome/100.0.4896.88 Safari/537.36" 
40.94.30.152 - - [23/Jul/2022:17:57:21 -0700] "GET / HTTP/1.1" 200 13187 "-" "Mozilla/5.0 (Windows NT 10.0; Win64; x64) AppleWebKit/537.36 (KHTML, like Gecko) Chrome/97.0.4692.99 Safari/537.36" 
40.94.30.152 - - [23/Jul/2022:17:57:22 -0700] "GET /css/style.css HTTP/1.1" 404 305 "http://www.secrepo.com/" "Mozilla/5.0 (Windows NT 10.0; Win64; x64) AppleWebKit/537.36 (KHTML, like Gecko) Chrome/97.0.4692.99 Safari/537.36" 
40.94.30.152 - - [23/Jul/2022:17:57:22 -0700] "GET /twitter-icon.png HTTP/1.1" 200 27893 "http://www.secrepo.com/" "Mozilla/5.0 (Windows NT 10.0; Win64; x64) AppleWebKit/537.36 (KHTML, like Gecko) Chrome/97.0.4692.99 Safari/537.36" 
40.94.30.196 - - [23/Jul/2022:17:57:22 -0700] "GET /GitHub-Mark.png HTTP/1.1" 200 7556 "http://www.secrepo.com/" "Mozilla/5.0 (Windows NT 10.0; Win64; x64) AppleWebKit/537.36 (KHTML, like Gecko) Chrome/97.0.4692.99 Safari/537.36" 
40.94.30.177 - - [23/Jul/2022:17:57:29 -0700] "GET /bootstrap/img/favicon.ico HTTP/1.1" 200 713 "http://www.secrepo.com/" "Mozilla/5.0 (Windows NT 10.0; Win64; x64) AppleWebKit/537.36 (KHTML, like Gecko) Chrome/97.0.4692.99 Safari/537.36" 
37.120.215.229 - - [23/Jul/2022:17:58:00 -0700] "GET /css/style.css HTTP/1.1" 404 328 "http://www.secrepo.com/" "Mozilla/5.0 (Macintosh; Intel Mac OS X 10_15_7) AppleWebKit/537.36 (KHTML, like Gecko) Chrome/100.0.4896.88 Safari/537.36" 
34.206.152.150 - - [23/Jul/2022:18:02:54 -0700] "HEAD / HTTP/1.1" 301 186 "-" "DreamHost SiteMonitor 1.0" 
34.206.152.150 - - [23/Jul/2022:18:02:54 -0700] "HEAD / HTTP/1.1" 200 359 "http://66.33.221.139" "DreamHost SiteMonitor 1.0" 
51.222.253.19 - - [23/Jul/2022:18:05:20 -0700] "GET /Datasets%20Description/Network/?C=S;O=D HTTP/1.1" 200 722 "-" "Mozilla/5.0 (compatible; AhrefsBot/7.0; +http://ahrefs.com/robot/)" 
118.184.177.26 - - [23/Jul/2022:18:11:20 -0700] "GET / HTTP/1.1" 200 13150 "-" "Sogou web spider/4.0(+http://www.sogou.com/docs/help/webmasters.htm#07)" 
157.55.39.88 - - [23/Jul/2022:18:12:01 -0700] "GET /self.logs/access.log.2017-11-11.gz HTTP/1.1" 200 29857 "-" "Mozilla/5.0 (compatible; bingbot/2.0; +http://www.bing.com/bingbot.htm)" 
34.206.152.150 - - [23/Jul/2022:18:12:54 -0700] "HEAD / HTTP/1.1" 301 186 "-" "DreamHost SiteMonitor 1.0" 
34.206.152.150 - - [23/Jul/2022:18:12:54 -0700] "HEAD / HTTP/1.1" 200 359 "http://66.33.221.139" "DreamHost SiteMonitor 1.0" 
85.208.98.51 - - [23/Jul/2022:18:21:17 -0700] "GET /robots.txt HTTP/1.1" 301 439 "-" "Mozilla/5.0 (compatible; SemrushBot-BM/1.0; +http://www.semrush.com/bot.html)" 
85.208.98.51 - - [23/Jul/2022:18:21:21 -0700] "GET /robots.txt HTTP/1.1" 200 333 "-" "Mozilla/5.0 (compatible; SemrushBot-BM/1.0; +http://www.semrush.com/bot.html)" 
34.206.152.150 - - [23/Jul/2022:18:22:54 -0700] "HEAD / HTTP/1.1" 301 186 "-" "DreamHost SiteMonitor 1.0" 
34.206.152.150 - - [23/Jul/2022:18:22:54 -0700] "HEAD / HTTP/1.1" 200 359 "http://66.33.221.139" "DreamHost SiteMonitor 1.0" 
40.77.167.46 - - [23/Jul/2022:18:23:36 -0700] "GET /self.logs/access.log.2017-01-15.gz HTTP/1.1" 200 13746 "-" "Mozilla/5.0 (compatible; bingbot/2.0; +http://www.bing.com/bingbot.htm)" 
34.206.152.150 - - [23/Jul/2022:18:32:54 -0700] "HEAD / HTTP/1.1" 301 186 "-" "DreamHost SiteMonitor 1.0" 
34.206.152.150 - - [23/Jul/2022:18:32:54 -0700] "HEAD / HTTP/1.1" 200 359 "http://66.33.221.139" "DreamHost SiteMonitor 1.0" 
107.127.28.39 - - [23/Jul/2022:18:39:16 -0700] "GET / HTTP/1.1" 301 475 "-" "Mozilla/5.0 (Windows NT 10.0; Win64; x64; rv:102.0) Gecko/20100101 Firefox/102.0" 
107.127.28.39 - - [23/Jul/2022:18:39:17 -0700] "GET / HTTP/1.1" 200 13187 "-" "Mozilla/5.0 (Windows NT 10.0; Win64; x64; rv:102.0) Gecko/20100101 Firefox/102.0" 
107.127.28.39 - - [23/Jul/2022:18:39:17 -0700] "GET /css/style.css HTTP/1.1" 404 328 "http://www.secrepo.com/" "Mozilla/5.0 (Windows NT 10.0; Win64; x64; rv:102.0) Gecko/20100101 Firefox/102.0" 
107.127.28.39 - - [23/Jul/2022:18:39:17 -0700] "GET /twitter-icon.png HTTP/1.1" 200 27893 "http://www.secrepo.com/" "Mozilla/5.0 (Windows NT 10.0; Win64; x64; rv:102.0) Gecko/20100101 Firefox/102.0" 
107.127.28.39 - - [23/Jul/2022:18:39:17 -0700] "GET /GitHub-Mark.png HTTP/1.1" 200 7533 "http://www.secrepo.com/" "Mozilla/5.0 (Windows NT 10.0; Win64; x64; rv:102.0) Gecko/20100101 Firefox/102.0" 
107.127.28.39 - - [23/Jul/2022:18:39:18 -0700] "GET /bootstrap/img/favicon.ico HTTP/1.1" 200 690 "http://www.secrepo.com/" "Mozilla/5.0 (Windows NT 10.0; Win64; x64; rv:102.0) Gecko/20100101 Firefox/102.0" 
34.206.152.150 - - [23/Jul/2022:18:42:54 -0700] "HEAD / HTTP/1.1" 301 186 "-" "DreamHost SiteMonitor 1.0" 
34.206.152.150 - - [23/Jul/2022:18:42:54 -0700] "HEAD / HTTP/1.1" 200 359 "http://66.33.221.139" "DreamHost SiteMonitor 1.0" 
95.163.255.56 - - [23/Jul/2022:18:47:02 -0700] "GET /robots.txt HTTP/1.0" 200 340 "-" "Mozilla/5.0 (compatible; Linux x86_64; Mail.RU_Bot/2.0; +https://help.mail.ru/webmaster/indexing/robots)" 
95.163.255.55 - - [23/Jul/2022:18:47:05 -0700] "GET /maccdc2012/?C=S;O=A HTTP/1.1" 200 826 "-" "Mozilla/5.0 (compatible; Linux x86_64; Mail.RU_Bot/2.0; +https://help.mail.ru/webmaster/indexing/robots)" 
34.206.152.150 - - [23/Jul/2022:18:52:54 -0700] "HEAD / HTTP/1.1" 301 186 "-" "DreamHost SiteMonitor 1.0" 
34.206.152.150 - - [23/Jul/2022:18:52:54 -0700] "HEAD / HTTP/1.1" 200 359 "http://66.33.221.139" "DreamHost SiteMonitor 1.0" 
222.186.42.209 - - [23/Jul/2022:18:53:06 -0700] "GET /e/data/js/ajax.js HTTP/1.1" 404 328 "-" "Mozilla/5.0 (Windows NT 10.0; WOW64; rv:48.0) Gecko/20100101 Firefox/48.0" 
34.206.152.150 - - [23/Jul/2022:19:02:54 -0700] "HEAD / HTTP/1.1" 301 186 "-" "DreamHost SiteMonitor 1.0" 
34.206.152.150 - - [23/Jul/2022:19:02:54 -0700] "HEAD / HTTP/1.1" 200 359 "http://66.33.221.139" "DreamHost SiteMonitor 1.0" 
34.206.152.150 - - [23/Jul/2022:19:12:54 -0700] "HEAD / HTTP/1.1" 301 186 "-" "DreamHost SiteMonitor 1.0" 
34.206.152.150 - - [23/Jul/2022:19:12:54 -0700] "HEAD / HTTP/1.1" 200 359 "http://66.33.221.139" "DreamHost SiteMonitor 1.0" 
20.191.45.212 - - [23/Jul/2022:19:16:30 -0700] "GET / HTTP/1.1" 200 13187 "http://www.secrepo.com/" "Mozilla/5.0 (compatible; DuckDuckGo-Favicons-Bot/1.0; +http://duckduckgo.com)" 
20.191.45.212 - - [23/Jul/2022:19:16:30 -0700] "GET /bootstrap/img/favicon.ico HTTP/1.1" 200 690 "http://www.secrepo.com/bootstrap/img/favicon.ico" "Mozilla/5.0 (compatible; DuckDuckGo-Favicons-Bot/1.0; +http://duckduckgo.com)" 
51.222.253.7 - - [23/Jul/2022:19:20:18 -0700] "GET / HTTP/1.1" 200 13143 "-" "Mozilla/5.0 (compatible; AhrefsBot/7.0; +http://ahrefs.com/robot/)" 
34.206.152.150 - - [23/Jul/2022:19:22:54 -0700] "HEAD / HTTP/1.1" 301 186 "-" "DreamHost SiteMonitor 1.0" 
34.206.152.150 - - [23/Jul/2022:19:22:54 -0700] "HEAD / HTTP/1.1" 200 359 "http://66.33.221.139" "DreamHost SiteMonitor 1.0" 
52.212.146.96 - - [23/Jul/2022:19:30:01 -0700] "GET /self.logs/access.log.2022-07-17.gz HTTP/1.1" 200 12566 "-" "python-requests/2.12.1" 
34.206.152.150 - - [23/Jul/2022:19:32:54 -0700] "HEAD / HTTP/1.1" 301 186 "-" "DreamHost SiteMonitor 1.0" 
34.206.152.150 - - [23/Jul/2022:19:32:54 -0700] "HEAD / HTTP/1.1" 200 359 "http://66.33.221.139" "DreamHost SiteMonitor 1.0" 
172.226.36.95 - - [23/Jul/2022:19:40:16 -0700] "GET / HTTP/1.1" 301 475 "https://t.co/DyFLCDgxef" "Mozilla/5.0 (iPhone; CPU iPhone OS 15_5 like Mac OS X) AppleWebKit/605.1.15 (KHTML, like Gecko) Version/15.5 Mobile/15E148 Safari/604.1" 
172.226.36.95 - - [23/Jul/2022:19:40:16 -0700] "GET / HTTP/1.1" 200 13187 "-" "Mozilla/5.0 (iPhone; CPU iPhone OS 15_5 like Mac OS X) AppleWebKit/605.1.15 (KHTML, like Gecko) Version/15.5 Mobile/15E148 Safari/604.1" 
172.226.36.95 - - [23/Jul/2022:19:40:16 -0700] "GET /css/style.css HTTP/1.1" 404 305 "http://www.secrepo.com/" "Mozilla/5.0 (iPhone; CPU iPhone OS 15_5 like Mac OS X) AppleWebKit/605.1.15 (KHTML, like Gecko) Version/15.5 Mobile/15E148 Safari/604.1" 
172.226.36.95 - - [23/Jul/2022:19:40:17 -0700] "GET /GitHub-Mark.png HTTP/1.1" 200 7533 "http://www.secrepo.com/" "Mozilla/5.0 (iPhone; CPU iPhone OS 15_5 like Mac OS X) AppleWebKit/605.1.15 (KHTML, like Gecko) Version/15.5 Mobile/15E148 Safari/604.1" 
172.226.36.95 - - [23/Jul/2022:19:40:17 -0700] "GET /twitter-icon.png HTTP/1.1" 200 27916 "http://www.secrepo.com/" "Mozilla/5.0 (iPhone; CPU iPhone OS 15_5 like Mac OS X) AppleWebKit/605.1.15 (KHTML, like Gecko) Version/15.5 Mobile/15E148 Safari/604.1" 
172.225.87.22 - - [23/Jul/2022:19:40:29 -0700] "GET /apple-touch-icon-precomposed.png HTTP/1.1" 404 328 "-" "Mozilla/5.0 (Macintosh; Intel Mac OS X 10_11_1) AppleWebKit/601.2.4 (KHTML, like Gecko) Version/9.0.1 Safari/601.2.4 facebookexternalhit/1.1 Facebot Twitterbot/1.0" 
172.225.87.22 - - [23/Jul/2022:19:40:29 -0700] "GET /bootstrap/img/favicon.ico HTTP/1.1" 200 713 "-" "Mozilla/5.0 (Macintosh; Intel Mac OS X 10_11_1) AppleWebKit/601.2.4 (KHTML, like Gecko) Version/9.0.1 Safari/601.2.4 facebookexternalhit/1.1 Facebot Twitterbot/1.0" 
172.225.87.22 - - [23/Jul/2022:19:40:29 -0700] "GET /apple-touch-icon.png HTTP/1.1" 404 328 "-" "Mozilla/5.0 (Macintosh; Intel Mac OS X 10_11_1) AppleWebKit/601.2.4 (KHTML, like Gecko) Version/9.0.1 Safari/601.2.4 facebookexternalhit/1.1 Facebot Twitterbot/1.0" 
172.225.87.22 - - [23/Jul/2022:19:40:29 -0700] "GET /favicon.ico HTTP/1.1" 200 391 "-" "Mozilla/5.0 (Macintosh; Intel Mac OS X 10_11_1) AppleWebKit/601.2.4 (KHTML, like Gecko) Version/9.0.1 Safari/601.2.4 facebookexternalhit/1.1 Facebot Twitterbot/1.0" 
172.226.212.109 - - [23/Jul/2022:19:40:33 -0700] "GET / HTTP/1.1" 200 13187 "-" "Mozilla/5.0 (iPhone; CPU iPhone OS 15_5 like Mac OS X) AppleWebKit/605.1.15 (KHTML, like Gecko) Version/15.5 Mobile/15E148 Safari/604.1" 
172.226.212.109 - - [23/Jul/2022:19:40:33 -0700] "GET /css/style.css HTTP/1.1" 404 305 "http://www.secrepo.com/" "Mozilla/5.0 (iPhone; CPU iPhone OS 15_5 like Mac OS X) AppleWebKit/605.1.15 (KHTML, like Gecko) Version/15.5 Mobile/15E148 Safari/604.1" 
172.226.212.109 - - [23/Jul/2022:19:40:33 -0700] "GET /twitter-icon.png HTTP/1.1" 200 27916 "http://www.secrepo.com/" "Mozilla/5.0 (iPhone; CPU iPhone OS 15_5 like Mac OS X) AppleWebKit/605.1.15 (KHTML, like Gecko) Version/15.5 Mobile/15E148 Safari/604.1" 
172.226.212.109 - - [23/Jul/2022:19:40:33 -0700] "GET /GitHub-Mark.png HTTP/1.1" 200 7533 "http://www.secrepo.com/" "Mozilla/5.0 (iPhone; CPU iPhone OS 15_5 like Mac OS X) AppleWebKit/605.1.15 (KHTML, like Gecko) Version/15.5 Mobile/15E148 Safari/604.1" 
172.226.36.94 - - [23/Jul/2022:19:40:34 -0700] "GET /bootstrap/img/favicon.ico HTTP/1.1" 200 713 "-" "Mozilla/5.0 (iPhone; CPU iPhone OS 15_5 like Mac OS X) AppleWebKit/605.1.15 (KHTML, like Gecko) Version/15.5 Mobile/15E148 Safari/604.1" 
172.226.36.94 - - [23/Jul/2022:19:40:34 -0700] "GET /favicon.ico HTTP/1.1" 301 497 "-" "Mozilla/5.0 (iPhone; CPU iPhone OS 15_5 like Mac OS X) AppleWebKit/605.1.15 (KHTML, like Gecko) Version/15.5 Mobile/15E148 Safari/604.1" 
172.226.36.94 - - [23/Jul/2022:19:40:34 -0700] "GET /favicon.ico HTTP/1.1" 200 368 "-" "Mozilla/5.0 (iPhone; CPU iPhone OS 15_5 like Mac OS X) AppleWebKit/605.1.15 (KHTML, like Gecko) Version/15.5 Mobile/15E148 Safari/604.1" 
34.206.152.150 - - [23/Jul/2022:19:42:54 -0700] "HEAD / HTTP/1.1" 301 186 "-" "DreamHost SiteMonitor 1.0" 
