157.33.197.199 - - [01/Oct/2023:01:55:42 -0700] "GET / HTTP/1.1" 200 13186 "-" "Mozilla/5.0 (Windows NT 10.0; Win64; x64) AppleWebKit/537.36 (KHTML, like Gecko) Chrome/117.0.0.0 Safari/537.36" 
107.20.105.74 - - [01/Oct/2023:01:56:40 -0700] "HEAD / HTTP/1.1" 301 186 "-" "DreamHost SiteMonitor 1.0" 
107.20.105.74 - - [01/Oct/2023:01:56:40 -0700] "HEAD / HTTP/1.1" 200 359 "http://66.33.221.139" "DreamHost SiteMonitor 1.0" 
107.20.105.74 - - [01/Oct/2023:02:06:40 -0700] "HEAD / HTTP/1.1" 301 186 "-" "DreamHost SiteMonitor 1.0" 
107.20.105.74 - - [01/Oct/2023:02:06:40 -0700] "HEAD / HTTP/1.1" 200 359 "http://66.33.221.139" "DreamHost SiteMonitor 1.0" 
219.142.144.44 - - [01/Oct/2023:02:07:42 -0700] "GET /bootstrap/img/favicon.ico HTTP/1.1" 304 263 "-" "Mozilla/5.0 (Windows NT 10.0; Win64; x64) AppleWebKit/537.36 (KHTML, like Gecko) Chrome/117.0.0.0 Safari/537.36 Edg/117.0.2045.47" 
102.218.50.149 - - [01/Oct/2023:02:10:02 -0700] "GET /wp-login.php HTTP/1.1" 404 328 "-" "Mozilla/5.0 (Windows NT 10.0; WOW64; Trident/7.0; rv:11.0) like Gecko" 
102.218.50.149 - - [01/Oct/2023:02:10:03 -0700] "GET /xmlrpc.php HTTP/1.1" 404 250 "-" "Mozilla/5.0 (Windows NT 10.0; WOW64; Trident/7.0; rv:11.0) like Gecko" 
107.20.105.74 - - [01/Oct/2023:02:16:40 -0700] "HEAD / HTTP/1.1" 301 186 "-" "DreamHost SiteMonitor 1.0" 
107.20.105.74 - - [01/Oct/2023:02:16:40 -0700] "HEAD / HTTP/1.1" 200 359 "http://66.33.221.139" "DreamHost SiteMonitor 1.0" 
64.124.8.78 - - [01/Oct/2023:02:18:48 -0700] "GET /robots.txt HTTP/1.1" 200 377 "-" "Mozilla/5.0 (X11; Linux x86_64) AppleWebKit/537.36 (KHTML, like Gecko) Chrome/61.0.3163.79 Safari/537.36" 
64.124.8.78 - - [01/Oct/2023:02:18:48 -0700] "GET /self.logs/error.log.2020-07-17 HTTP/1.1" 200 328 "-" "Mozilla/5.0 (X11; Linux x86_64) AppleWebKit/537.36 (KHTML, like Gecko) Chrome/61.0.3163.79 Safari/537.36" 
64.124.8.78 - - [01/Oct/2023:02:18:49 -0700] "GET /Datasets%20Description/Network/files.html HTTP/1.1" 200 1509 "-" "Mozilla/5.0 (X11; Linux x86_64) AppleWebKit/537.36 (KHTML, like Gecko) Chrome/61.0.3163.79 Safari/537.36" 
107.20.105.74 - - [01/Oct/2023:02:26:40 -0700] "HEAD / HTTP/1.1" 301 186 "-" "DreamHost SiteMonitor 1.0" 
107.20.105.74 - - [01/Oct/2023:02:26:40 -0700] "HEAD / HTTP/1.1" 200 359 "http://66.33.221.139" "DreamHost SiteMonitor 1.0" 
205.210.31.165 - - [01/Oct/2023:02:29:17 -0700] "GET / HTTP/1.1" 200 49089 "-" "-" 
52.167.144.20 - - [01/Oct/2023:02:36:26 -0700] "GET / HTTP/1.1" 200 13142 "-" "Mozilla/5.0 AppleWebKit/537.36 (KHTML, like Gecko; compatible; bingbot/2.0; +http://www.bing.com/bingbot.htm) Chrome/103.0.5060.134 Safari/537.36" 
107.20.105.74 - - [01/Oct/2023:02:36:40 -0700] "HEAD / HTTP/1.1" 301 186 "-" "DreamHost SiteMonitor 1.0" 
107.20.105.74 - - [01/Oct/2023:02:36:40 -0700] "HEAD / HTTP/1.1" 200 359 "http://66.33.221.139" "DreamHost SiteMonitor 1.0" 
64.124.8.78 - - [01/Oct/2023:02:40:45 -0700] "GET /self.logs/error.log.2021-08-14 HTTP/1.1" 304 261 "-" "Mozilla/5.0 (X11; Linux x86_64) AppleWebKit/537.36 (KHTML, like Gecko) Chrome/61.0.3163.79 Safari/537.36" 
107.20.105.74 - - [01/Oct/2023:02:46:40 -0700] "HEAD / HTTP/1.1" 301 186 "-" "DreamHost SiteMonitor 1.0" 
107.20.105.74 - - [01/Oct/2023:02:46:40 -0700] "HEAD / HTTP/1.1" 200 359 "http://66.33.221.139" "DreamHost SiteMonitor 1.0" 
40.77.188.70 - - [01/Oct/2023:02:52:46 -0700] "GET /css/style.css HTTP/1.1" 404 328 "-" "Mozilla/5.0 AppleWebKit/537.36 (KHTML, like Gecko; compatible; bingbot/2.0; +http://www.bing.com/bingbot.htm) Chrome/100.0.4896.127 Safari/537.36" 
112.13.112.188 - - [01/Oct/2023:02:55:47 -0700] "GET / HTTP/1.1" 301 438 "-" "Mozilla/5.0 (Linux; Android 5.0; SM-G900P Build/LRX21T) AppleWebKit/537.36 (KHTML, like Gecko) Chrome/88.0.4324.96 Mobile Safari/537.36" 
60.188.10.56 - - [01/Oct/2023:02:55:48 -0700] "GET / HTTP/1.1" 200 13149 "-" "Mozilla/5.0 (Linux; Android 5.0; SM-G900P Build/LRX21T) AppleWebKit/537.36 (KHTML, like Gecko) Chrome/88.0.4324.96 Mobile Safari/537.36" 
101.67.49.57 - - [01/Oct/2023:02:55:49 -0700] "GET /css/style.css HTTP/1.1" 404 291 "http://www.secrepo.com/" "Mozilla/5.0 (Linux; Android 5.0; SM-G900P Build/LRX21T) AppleWebKit/537.36 (KHTML, like Gecko) Chrome/88.0.4324.96 Mobile Safari/537.36" 
107.20.105.74 - - [01/Oct/2023:02:56:40 -0700] "HEAD / HTTP/1.1" 301 186 "-" "DreamHost SiteMonitor 1.0" 
107.20.105.74 - - [01/Oct/2023:02:56:40 -0700] "HEAD / HTTP/1.1" 200 359 "http://66.33.221.139" "DreamHost SiteMonitor 1.0" 
111.206.170.115 - - [01/Oct/2023:03:02:41 -0700] "GET / HTTP/1.1" 200 49133 "http://www.secrepo.com" "Mozilla/5.0 (Windows NT 6.2) AppleWebKit/537.36 (KHTML, like Gecko) Chrome/28.0.1464.0 Safari/537.36" 
180.163.220.110 - - [01/Oct/2023:03:02:43 -0700] "GET / HTTP/1.1" 200 13142 "https://www.sec-wiki.com/news?News_page=982" "Mozilla/5.0 (Windows NT 6.1; WOW64) AppleWebKit/537.17 (KHTML, like Gecko) Chrome/24.0.1312.60 Safari/537.17" 
40.88.21.235 - - [01/Oct/2023:03:03:12 -0700] "GET / HTTP/1.1" 200 13186 "http://www.secrepo.com/" "Mozilla/5.0 (compatible; DuckDuckGo-Favicons-Bot/1.0; +http://duckduckgo.com)" 
40.88.21.235 - - [01/Oct/2023:03:03:12 -0700] "GET /bootstrap/img/favicon.ico HTTP/1.1" 200 690 "http://www.secrepo.com/bootstrap/img/favicon.ico" "Mozilla/5.0 (compatible; DuckDuckGo-Favicons-Bot/1.0; +http://duckduckgo.com)" 
94.16.112.22 - - [01/Oct/2023:03:06:38 -0700] "GET / HTTP/1.1" 200 13186 "-" "Mozilla/5.0 (Android 10; Mobile; rv:102.0) Gecko/102.0 Firefox/102.0" 
107.20.105.74 - - [01/Oct/2023:03:06:40 -0700] "HEAD / HTTP/1.1" 301 186 "-" "DreamHost SiteMonitor 1.0" 
107.20.105.74 - - [01/Oct/2023:03:06:40 -0700] "HEAD / HTTP/1.1" 200 359 "http://66.33.221.139" "DreamHost SiteMonitor 1.0" 
64.124.8.78 - - [01/Oct/2023:03:15:10 -0700] "GET /Datasets%20Description/Network/ HTTP/1.1" 200 769 "-" "Mozilla/5.0 (X11; Linux x86_64) AppleWebKit/537.36 (KHTML, like Gecko) Chrome/61.0.3163.79 Safari/537.36" 
107.20.105.74 - - [01/Oct/2023:03:16:40 -0700] "HEAD / HTTP/1.1" 301 186 "-" "DreamHost SiteMonitor 1.0" 
107.20.105.74 - - [01/Oct/2023:03:16:40 -0700] "HEAD / HTTP/1.1" 200 359 "http://66.33.221.139" "DreamHost SiteMonitor 1.0" 
64.124.8.78 - - [01/Oct/2023:03:24:13 -0700] "GET /Datasets%20Description/Network/notice.html HTTP/1.1" 304 277 "-" "Mozilla/5.0 (X11; Linux x86_64) AppleWebKit/537.36 (KHTML, like Gecko) Chrome/61.0.3163.79 Safari/537.36" 
107.20.105.74 - - [01/Oct/2023:03:26:40 -0700] "HEAD / HTTP/1.1" 301 186 "-" "DreamHost SiteMonitor 1.0" 
107.20.105.74 - - [01/Oct/2023:03:26:40 -0700] "HEAD / HTTP/1.1" 200 359 "http://66.33.221.139" "DreamHost SiteMonitor 1.0" 
40.77.167.78 - - [01/Oct/2023:03:27:53 -0700] "GET /self.logs/access.log.2021-02-22.gz HTTP/1.1" 200 21324 "-" "Mozilla/5.0 AppleWebKit/537.36 (KHTML, like Gecko; compatible; bingbot/2.0; +http://www.bing.com/bingbot.htm) Chrome/103.0.5060.134 Safari/537.36" 
51.222.253.9 - - [01/Oct/2023:03:27:53 -0700] "GET /self.logs/2015/?C=S;O=D HTTP/1.1" 200 8130 "-" "Mozilla/5.0 (compatible; AhrefsBot/7.0; +http://ahrefs.com/robot/)" 
107.20.105.74 - - [01/Oct/2023:03:36:40 -0700] "HEAD / HTTP/1.1" 301 186 "-" "DreamHost SiteMonitor 1.0" 
107.20.105.74 - - [01/Oct/2023:03:36:40 -0700] "HEAD / HTTP/1.1" 200 359 "http://66.33.221.139" "DreamHost SiteMonitor 1.0" 
94.23.7.187 - - [01/Oct/2023:03:39:12 -0700] "GET /robots.txt HTTP/1.1" 200 377 "-" "Mozilla/5.0 (compatible; MJ12bot/v1.4.8; http://mj12bot.com/)" 
94.23.7.187 - - [01/Oct/2023:03:39:15 -0700] "GET /self.logs/error.log.2021-01-14 HTTP/1.1" 200 273 "-" "Mozilla/5.0 (compatible; MJ12bot/v1.4.8; http://mj12bot.com/)" 
94.23.7.187 - - [01/Oct/2023:03:39:16 -0700] "GET /self.logs/error.log.2021-12-04 HTTP/1.1" 200 273 "-" "Mozilla/5.0 (compatible; MJ12bot/v1.4.8; http://mj12bot.com/)" 
64.124.8.78 - - [01/Oct/2023:03:41:49 -0700] "GET /self.logs/error.log.2020-03-11 HTTP/1.1" 304 263 "-" "Mozilla/5.0 (X11; Linux x86_64) AppleWebKit/537.36 (KHTML, like Gecko) Chrome/61.0.3163.79 Safari/537.36" 
107.20.105.74 - - [01/Oct/2023:03:46:40 -0700] "HEAD / HTTP/1.1" 301 186 "-" "DreamHost SiteMonitor 1.0" 
107.20.105.74 - - [01/Oct/2023:03:46:40 -0700] "HEAD / HTTP/1.1" 200 359 "http://66.33.221.139" "DreamHost SiteMonitor 1.0" 
111.202.101.71 - - [01/Oct/2023:03:51:01 -0700] "GET / HTTP/1.1" 200 13149 "-" "Sogou web spider/4.0(+http://www.sogou.com/docs/help/webmasters.htm#07)" 
107.20.105.74 - - [01/Oct/2023:03:56:40 -0700] "HEAD / HTTP/1.1" 301 186 "-" "DreamHost SiteMonitor 1.0" 
107.20.105.74 - - [01/Oct/2023:03:56:40 -0700] "HEAD / HTTP/1.1" 200 359 "http://66.33.221.139" "DreamHost SiteMonitor 1.0" 
52.167.144.145 - - [01/Oct/2023:03:57:06 -0700] "GET / HTTP/1.1" 200 13142 "-" "Mozilla/5.0 AppleWebKit/537.36 (KHTML, like Gecko; compatible; bingbot/2.0; +http://www.bing.com/bingbot.htm) Chrome/103.0.5060.134 Safari/537.36" 
222.136.172.7 - - [01/Oct/2023:04:00:59 -0700] "GET /favicon.ico HTTP/1.1" 200 391 "-" "Mozilla/5.0 (Windows NT 10.0; Win64; x64) AppleWebKit/537.36 (KHTML, like Gecko) Chrome/114.0.5735.289 Safari/537.36" 
116.213.36.106 - - [01/Oct/2023:04:05:00 -0700] "POST /Public/admin/webuploader/server/preview.php HTTP/1.1" 404 284 "-" "Mozilla/5.0 AppleWebKit/601.1.46 (KHTML, like Gecko) Version/9.0" 
116.213.36.106 - - [01/Oct/2023:04:05:01 -0700] "POST /lib/webuploader/0.1.5/server/preview.php HTTP/1.1" 404 250 "-" "Mozilla/5.0 AppleWebKit/601.1.46 (KHTML, like Gecko) Version/9.0" 
116.213.36.106 - - [01/Oct/2023:04:05:01 -0700] "POST /public/static/lib/webuploader/0.1.5/server/preview.php HTTP/1.1" 404 250 "-" "Mozilla/5.0 AppleWebKit/601.1.46 (KHTML, like Gecko) Version/9.0" 
116.213.36.106 - - [01/Oct/2023:04:05:02 -0700] "POST /static/admin/lib/webuploader/0.1.5/server/preview.php HTTP/1.1" 404 250 "-" "Mozilla/5.0 AppleWebKit/601.1.46 (KHTML, like Gecko) Version/9.0" 
116.213.36.106 - - [01/Oct/2023:04:05:02 -0700] "POST /static/admin/hui/lib/webuploader/0.1.5/server/preview.php HTTP/1.1" 404 250 "-" "Mozilla/5.0 AppleWebKit/601.1.46 (KHTML, like Gecko) Version/9.0" 
116.213.36.106 - - [01/Oct/2023:04:05:02 -0700] "POST /public/static/admin/lib/webuploader/0.1.5/server/preview.php HTTP/1.1" 404 250 "-" "Mozilla/5.0 AppleWebKit/601.1.46 (KHTML, like Gecko) Version/9.0" 
116.213.36.106 - - [01/Oct/2023:04:05:03 -0700] "POST /Public/webuploader/0.1.5/server/preview.php HTTP/1.1" 404 250 "-" "Mozilla/5.0 AppleWebKit/601.1.46 (KHTML, like Gecko) Version/9.0" 
116.213.36.106 - - [01/Oct/2023:04:05:03 -0700] "POST /static/lib/webuploader/0.1.5/server/preview.php HTTP/1.1" 404 250 "-" "Mozilla/5.0 AppleWebKit/601.1.46 (KHTML, like Gecko) Version/9.0" 
116.213.36.106 - - [01/Oct/2023:04:05:04 -0700] "POST /admin/lib/webuploader/0.1.5/server/preview.php HTTP/1.1" 404 250 "-" "Mozilla/5.0 AppleWebKit/601.1.46 (KHTML, like Gecko) Version/9.0" 
116.213.36.106 - - [01/Oct/2023:04:05:04 -0700] "POST /Public/admin/Widget/webuploader/0.1.5/server/preview.php HTTP/1.1" 404 250 "-" "Mozilla/5.0 AppleWebKit/601.1.46 (KHTML, like Gecko) Version/9.0" 
116.213.36.106 - - [01/Oct/2023:04:05:05 -0700] "POST /Public/admin/lib/webuploader/0.1.5/server/preview.php HTTP/1.1" 404 250 "-" "Mozilla/5.0 AppleWebKit/601.1.46 (KHTML, like Gecko) Version/9.0" 
107.20.105.74 - - [01/Oct/2023:04:06:40 -0700] "HEAD / HTTP/1.1" 301 186 "-" "DreamHost SiteMonitor 1.0" 
107.20.105.74 - - [01/Oct/2023:04:06:40 -0700] "HEAD / HTTP/1.1" 200 359 "http://66.33.221.139" "DreamHost SiteMonitor 1.0" 
1.194.132.174 - - [01/Oct/2023:04:16:14 -0700] "GET / HTTP/1.1" 200 0 "http://www.secrepo.com/" "Mozilla/5.0 (Windows NT 6.1; WOW64) AppleWebKit/537.36 (KHTML, like Gecko) Chrome/50.0.2661.102 Safari/537.36" 
107.20.105.74 - - [01/Oct/2023:04:16:40 -0700] "HEAD / HTTP/1.1" 301 186 "-" "DreamHost SiteMonitor 1.0" 
107.20.105.74 - - [01/Oct/2023:04:16:40 -0700] "HEAD / HTTP/1.1" 200 359 "http://66.33.221.139" "DreamHost SiteMonitor 1.0" 
58.120.110.45 - - [01/Oct/2023:04:18:48 -0700] "GET / HTTP/1.1" 200 13186 "-" "Mozilla/5.0 (Macintosh; Intel Mac OS X 10_15_7) AppleWebKit/605.1.15 (KHTML, like Gecko)" 
58.120.110.45 - - [01/Oct/2023:04:18:48 -0700] "GET /apple-touch-icon-precomposed.png HTTP/1.1" 404 328 "-" "Safari/16615.3.12.11.3 CFNetwork/1240.0.4.5 Darwin/20.6.0" 
58.120.110.45 - - [01/Oct/2023:04:18:49 -0700] "GET /apple-touch-icon.png HTTP/1.1" 404 305 "-" "Safari/16615.3.12.11.3 CFNetwork/1240.0.4.5 Darwin/20.6.0" 
58.120.110.45 - - [01/Oct/2023:04:18:49 -0700] "GET / HTTP/1.1" 200 13186 "-" "Mozilla/5.0 (iPhone; CPU iPhone OS 16_4 like Mac OS X) AppleWebKit/605.1.15 (KHTML, like Gecko) Version/16.4 Mobile/15E148 Safari/604.1" 
58.120.110.45 - - [01/Oct/2023:04:18:49 -0700] "GET /apple-touch-icon-precomposed.png HTTP/1.1" 404 305 "-" "Safari/16615.3.12.11.3 CFNetwork/1240.0.4.5 Darwin/20.6.0" 
58.120.110.45 - - [01/Oct/2023:04:18:50 -0700] "GET /apple-touch-icon.png HTTP/1.1" 404 305 "-" "Safari/16615.3.12.11.3 CFNetwork/1240.0.4.5 Darwin/20.6.0" 
64.124.8.78 - - [01/Oct/2023:04:20:48 -0700] "GET /Datasets%20Description/HTML_Bro_log_2/ HTTP/1.1" 200 832 "-" "Mozilla/5.0 (X11; Linux x86_64) AppleWebKit/537.36 (KHTML, like Gecko) Chrome/61.0.3163.79 Safari/537.36" 
66.249.65.7 - - [01/Oct/2023:04:22:42 -0700] "GET /ads.txt HTTP/1.1" 301 489 "-" "Mozilla/5.0 (compatible; Googlebot/2.1; +http://www.google.com/bot.html)" 
66.249.73.236 - - [01/Oct/2023:04:22:43 -0700] "GET /ads.txt HTTP/1.1" 404 328 "-" "Mozilla/5.0 (compatible; Googlebot/2.1; +http://www.google.com/bot.html)" 
107.20.105.74 - - [01/Oct/2023:04:26:40 -0700] "HEAD / HTTP/1.1" 301 186 "-" "DreamHost SiteMonitor 1.0" 
107.20.105.74 - - [01/Oct/2023:04:26:40 -0700] "HEAD / HTTP/1.1" 200 359 "http://66.33.221.139" "DreamHost SiteMonitor 1.0" 
103.230.15.103 - - [01/Oct/2023:04:33:44 -0700] "GET /admin/home/ueditor/net/controller.ashx?action=catchimage HTTP/1.1" 404 328 "-" "Mozilla/5.0 (Windows NT 10.0; WOW64; rv:48.0) Gecko/20100101 Firefox/48.0" 
107.20.105.74 - - [01/Oct/2023:04:36:40 -0700] "HEAD / HTTP/1.1" 301 186 "-" "DreamHost SiteMonitor 1.0" 
107.20.105.74 - - [01/Oct/2023:04:36:40 -0700] "HEAD / HTTP/1.1" 200 359 "http://66.33.221.139" "DreamHost SiteMonitor 1.0" 
103.194.187.146 - - [01/Oct/2023:04:38:15 -0700] "GET /seller.php?s=/public/login HTTP/1.1" 429 476 "-" "Mozilla/5.0 (Windows NT 10.0; WOW64; rv:48.0) Gecko/20100101 Firefox/48.0" 
129.211.190.99 - - [01/Oct/2023:04:44:48 -0700] "GET / HTTP/1.1" 200 13186 "-" "Mozilla/5.0 (Windows NT 10.0; Win64; x64) AppleWebKit/537.36 (KHTML, like Gecko) Chrome/97.0.4280.67 Safari/537.36 Edg/97.0.664.52" 
64.124.8.78 - - [01/Oct/2023:04:46:32 -0700] "GET /Datasets%20Description/Network/dns.html HTTP/1.1" 304 277 "-" "Mozilla/5.0 (X11; Linux x86_64) AppleWebKit/537.36 (KHTML, like Gecko) Chrome/61.0.3163.79 Safari/537.36" 
107.20.105.74 - - [01/Oct/2023:04:46:40 -0700] "HEAD / HTTP/1.1" 301 186 "-" "DreamHost SiteMonitor 1.0" 
107.20.105.74 - - [01/Oct/2023:04:46:40 -0700] "HEAD / HTTP/1.1" 200 359 "http://66.33.221.139" "DreamHost SiteMonitor 1.0" 
34.98.143.98 - - [01/Oct/2023:04:51:35 -0700] "HEAD / HTTP/1.1" 200 396 "http://www.secrepo.com" "Mozilla/5.0 (X11; Linux x86_64) AppleWebKit/537.36 (KHTML, like Gecko) Chrome/112.0.0.0 Safari/537.36 AppEngine-Google; (+http://code.google.com/appengine; appid: s~virustotalcloud)" 
34.98.143.98 - - [01/Oct/2023:04:51:35 -0700] "GET / HTTP/1.1" 200 13163 "http://www.secrepo.com" "Mozilla/5.0 (X11; Linux x86_64) AppleWebKit/537.36 (KHTML, like Gecko) Chrome/112.0.0.0 Safari/537.36 AppEngine-Google; (+http://code.google.com/appengine; appid: s~virustotalcloud)" 
18.227.228.20 - - [01/Oct/2023:04:51:35 -0700] "GET / HTTP/1.1" 200 13142 "-" "Mozilla/5.0 (Windows NT 10.0; Win64; x64) AppleWebKit/537.36 (KHTML, like Gecko) Chrome/96.0.4664.55 Safari/537.36 Edg/96.0.1054.43" 
34.132.244.30 - - [01/Oct/2023:04:51:35 -0700] "GET / HTTP/1.1" 200 13186 "-" "Mozilla/5.0 (X11; Linux x86_64) AppleWebKit/537.36 (KHTML, like Gecko) HeadlessChrome/117.0.5938.88 Safari/537.36" 
52.11.151.25 - - [01/Oct/2023:04:51:35 -0700] "GET / HTTP/1.1" 200 13142 "-" "Mozilla/5.0 (Windows NT 10.0; Win64; x64) AppleWebKit/537.36 (KHTML, like Gecko) Chrome/96.0.4664.55 Safari/537.36 Edg/96.0.1054.43" 
34.132.244.30 - - [01/Oct/2023:04:51:35 -0700] "GET /GitHub-Mark.png HTTP/1.1" 200 7556 "http://www.secrepo.com/" "Mozilla/5.0 (X11; Linux x86_64) AppleWebKit/537.36 (KHTML, like Gecko) HeadlessChrome/117.0.5938.88 Safari/537.36" 
34.132.244.30 - - [01/Oct/2023:04:51:35 -0700] "GET /css/style.css HTTP/1.1" 404 305 "http://www.secrepo.com/" "Mozilla/5.0 (X11; Linux x86_64) AppleWebKit/537.36 (KHTML, like Gecko) HeadlessChrome/117.0.5938.88 Safari/537.36" 
34.132.244.30 - - [01/Oct/2023:04:51:35 -0700] "GET /twitter-icon.png HTTP/1.1" 200 27893 "http://www.secrepo.com/" "Mozilla/5.0 (X11; Linux x86_64) AppleWebKit/537.36 (KHTML, like Gecko) HeadlessChrome/117.0.5938.88 Safari/537.36" 
185.220.100.243 - - [01/Oct/2023:04:51:39 -0700] "GET / HTTP/1.1" 200 49096 "http://www.secrepo.com/" "Mozilla/5.0 (compatible; MSIE 10.0; Windows NT 6.1; Trident/6.0)" 
34.98.143.98 - - [01/Oct/2023:04:51:45 -0700] "HEAD / HTTP/1.1" 200 396 "http://www.secrepo.com" "Mozilla/5.0 (Android 13; Mobile; rv:109.0) Gecko/112.0 Firefox/112.0 AppEngine-Google; (+http://code.google.com/appengine; appid: s~virustotalcloud)" 
34.98.143.99 - - [01/Oct/2023:04:51:45 -0700] "GET / HTTP/1.1" 200 13186 "http://www.secrepo.com" "Mozilla/5.0 (Android 13; Mobile; rv:109.0) Gecko/112.0 Firefox/112.0 AppEngine-Google; (+http://code.google.com/appengine; appid: s~virustotalcloud)" 
107.20.105.74 - - [01/Oct/2023:04:56:40 -0700] "HEAD / HTTP/1.1" 301 186 "-" "DreamHost SiteMonitor 1.0" 
107.20.105.74 - - [01/Oct/2023:04:56:40 -0700] "HEAD / HTTP/1.1" 200 359 "http://66.33.221.139" "DreamHost SiteMonitor 1.0" 
64.124.8.66 - - [01/Oct/2023:05:02:20 -0700] "GET /robots.txt HTTP/1.1" 301 495 "-" "Mozilla/5.0 (X11; Linux x86_64) AppleWebKit/537.36 (KHTML, like Gecko) Chrome/61.0.3163.79 Safari/537.36" 
64.124.8.66 - - [01/Oct/2023:05:02:20 -0700] "GET /robots.txt HTTP/1.1" 200 377 "-" "Mozilla/5.0 (X11; Linux x86_64) AppleWebKit/537.36 (KHTML, like Gecko) Chrome/61.0.3163.79 Safari/537.36" 
64.124.8.66 - - [01/Oct/2023:05:02:20 -0700] "GET /e/DoInfo/ecms.php HTTP/1.1" 301 508 "-" "Mozilla/5.0 (X11; Linux x86_64) AppleWebKit/537.36 (KHTML, like Gecko) Chrome/61.0.3163.79 Safari/537.36" 
107.20.105.74 - - [01/Oct/2023:05:06:40 -0700] "HEAD / HTTP/1.1" 301 186 "-" "DreamHost SiteMonitor 1.0" 
107.20.105.74 - - [01/Oct/2023:05:06:40 -0700] "HEAD / HTTP/1.1" 200 359 "http://66.33.221.139" "DreamHost SiteMonitor 1.0" 
107.20.105.74 - - [01/Oct/2023:05:16:40 -0700] "HEAD / HTTP/1.1" 301 186 "-" "DreamHost SiteMonitor 1.0" 
107.20.105.74 - - [01/Oct/2023:05:16:40 -0700] "HEAD / HTTP/1.1" 200 359 "http://66.33.221.139" "DreamHost SiteMonitor 1.0" 
81.163.200.2 - - [01/Oct/2023:05:18:19 -0700] "GET / HTTP/1.1" 200 13187 "-" "Mozilla/5.0 (X11; Linux x86_64) AppleWebKit/537.36 (KHTML, like Gecko) Chrome/114.0.0.0 Safari/537.36" 
81.163.200.2 - - [01/Oct/2023:05:18:19 -0700] "GET /css/style.css HTTP/1.1" 404 305 "http://www.secrepo.com/" "Mozilla/5.0 (X11; Linux x86_64) AppleWebKit/537.36 (KHTML, like Gecko) Chrome/114.0.0.0 Safari/537.36" 
81.163.200.2 - - [01/Oct/2023:05:18:20 -0700] "GET /twitter-icon.png HTTP/1.1" 200 27893 "http://www.secrepo.com/" "Mozilla/5.0 (X11; Linux x86_64) AppleWebKit/537.36 (KHTML, like Gecko) Chrome/114.0.0.0 Safari/537.36" 
81.163.200.2 - - [01/Oct/2023:05:18:20 -0700] "GET /GitHub-Mark.png HTTP/1.1" 200 7556 "http://www.secrepo.com/" "Mozilla/5.0 (X11; Linux x86_64) AppleWebKit/537.36 (KHTML, like Gecko) Chrome/114.0.0.0 Safari/537.36" 
81.163.200.2 - - [01/Oct/2023:05:18:20 -0700] "GET /bootstrap/img/favicon.ico HTTP/1.1" 200 690 "http://www.secrepo.com/" "Mozilla/5.0 (X11; Linux x86_64) AppleWebKit/537.36 (KHTML, like Gecko) Chrome/114.0.0.0 Safari/537.36" 
103.194.187.226 - - [01/Oct/2023:05:24:22 -0700] "GET /wp-login.php HTTP/1.1" 429 476 "-" "Mozilla/5.0 (Windows NT 10.0; WOW64; rv:48.0) Gecko/20100101 Firefox/48.0" 
119.42.148.122 - - [01/Oct/2023:05:24:24 -0700] "GET /include/upfile.php HTTP/1.1" 429 476 "-" "Mozilla/5.0 (Windows NT 10.0; WOW64; rv:48.0) Gecko/20100101 Firefox/48.0" 
107.20.105.74 - - [01/Oct/2023:05:26:40 -0700] "HEAD / HTTP/1.1" 301 186 "-" "DreamHost SiteMonitor 1.0" 
107.20.105.74 - - [01/Oct/2023:05:26:40 -0700] "HEAD / HTTP/1.1" 200 359 "http://66.33.221.139" "DreamHost SiteMonitor 1.0" 
107.20.105.74 - - [01/Oct/2023:05:36:40 -0700] "HEAD / HTTP/1.1" 301 186 "-" "DreamHost SiteMonitor 1.0" 
107.20.105.74 - - [01/Oct/2023:05:36:40 -0700] "HEAD / HTTP/1.1" 200 359 "http://66.33.221.139" "DreamHost SiteMonitor 1.0" 
91.245.254.148 - - [01/Oct/2023:05:39:40 -0700] "GET / HTTP/1.1" 301 419 "-" "Mozilla/5.0 (Windows NT 10.0; Win64; x64; Xbox; Xbox One) AppleWebKit/537.36 (KHTML, like Gecko) Chrome/114.0.0.0 Safari/537.36 Edge/44.18363.8131" 
91.245.254.148 - - [01/Oct/2023:05:39:41 -0700] "GET / HTTP/1.1" 200 49089 "-" "Mozilla/5.0 (Windows NT 10.0; Win64; x64; Xbox; Xbox One) AppleWebKit/537.36 (KHTML, like Gecko) Chrome/114.0.0.0 Safari/537.36 Edge/44.18363.8131" 
91.245.254.148 - - [01/Oct/2023:05:39:41 -0700] "GET /data HTTP/1.1" 404 250 "http://www.secrepo.com/" "Mozilla/5.0 (Windows NT 10.0; Win64; x64; Xbox; Xbox One) AppleWebKit/537.36 (KHTML, like Gecko) Chrome/114.0.0.0 Safari/537.36 Edge/44.18363.8131" 
91.245.254.148 - - [01/Oct/2023:05:39:41 -0700] "GET /ftp://download.iwlab.foi.se/dataset/ HTTP/1.1" 404 250 "http://www.secrepo.com/" "Mozilla/5.0 (Windows NT 10.0; Win64; x64; Xbox; Xbox One) AppleWebKit/537.36 (KHTML, like Gecko) Chrome/114.0.0.0 Safari/537.36 Edge/44.18363.8131" 
91.245.254.148 - - [01/Oct/2023:05:39:41 -0700] "GET / HTTP/1.1" 301 419 "http://www.secrepo.com/" "Mozilla/5.0 (Windows NT 10.0; Win64; x64; Xbox; Xbox One) AppleWebKit/537.36 (KHTML, like Gecko) Chrome/114.0.0.0 Safari/537.36 Edge/44.18363.8131" 
91.245.254.148 - - [01/Oct/2023:05:39:41 -0700] "GET / HTTP/1.1" 200 49055 "http://secrepo.com" "Mozilla/5.0 (Windows NT 10.0; Win64; x64; Xbox; Xbox One) AppleWebKit/537.36 (KHTML, like Gecko) Chrome/114.0.0.0 Safari/537.36 Edge/44.18363.8131" 
91.245.254.148 - - [01/Oct/2023:05:39:42 -0700] "GET /Security-Data-Analysis/Lab_1/conn.log.zip HTTP/1.1" 200 17820760 "http://www.secrepo.com/" "Mozilla/5.0 (Windows NT 10.0; Win64; x64; Xbox; Xbox One) AppleWebKit/537.36 (KHTML, like Gecko) Chrome/114.0.0.0 Safari/537.36 Edge/44.18363.8131" 
91.245.254.148 - - [01/Oct/2023:05:39:42 -0700] "GET /maccdc2012/conn.log.gz HTTP/1.1" 200 13709400 "http://www.secrepo.com/" "Mozilla/5.0 (Windows NT 10.0; Win64; x64; Xbox; Xbox One) AppleWebKit/537.36 (KHTML, like Gecko) Chrome/114.0.0.0 Safari/537.36 Edge/44.18363.8131" 
91.245.254.148 - - [01/Oct/2023:05:39:43 -0700] "GET /honeypot/BSidesDFW%20-%202014.ipynb HTTP/1.1" 200 930877 "http://www.secrepo.com/" "Mozilla/5.0 (Windows NT 10.0; Win64; x64; Xbox; Xbox One) AppleWebKit/537.36 (KHTML, like Gecko) Chrome/114.0.0.0 Safari/537.36 Edge/44.18363.8131" 
91.245.254.148 - - [01/Oct/2023:05:39:43 -0700] "GET /maccdc2012/dhcp.log.gz HTTP/1.1" 200 44899 "http://www.secrepo.com/" "Mozilla/5.0 (Windows NT 10.0; Win64; x64; Xbox; Xbox One) AppleWebKit/537.36 (KHTML, like Gecko) Chrome/114.0.0.0 Safari/537.36 Edge/44.18363.8131" 
91.245.254.148 - - [01/Oct/2023:05:39:43 -0700] "GET /honeypot/honeypot.json.zip HTTP/1.1" 200 14261280 "http://www.secrepo.com/" "Mozilla/5.0 (Windows NT 10.0; Win64; x64; Xbox; Xbox One) AppleWebKit/537.36 (KHTML, like Gecko) Chrome/114.0.0.0 Safari/537.36 Edge/44.18363.8131" 
91.245.254.148 - - [01/Oct/2023:05:39:44 -0700] "GET /Datasets%20Description/Network/dhcp.html HTTP/1.1" 200 3961 "http://www.secrepo.com/" "Mozilla/5.0 (Windows NT 10.0; Win64; x64; Xbox; Xbox One) AppleWebKit/537.36 (KHTML, like Gecko) Chrome/114.0.0.0 Safari/537.36 Edge/44.18363.8131" 
91.245.254.148 - - [01/Oct/2023:05:39:44 -0700] "GET /auth.log/auth.log.gz HTTP/1.1" 200 615601 "http://www.secrepo.com/" "Mozilla/5.0 (Windows NT 10.0; Win64; x64; Xbox; Xbox One) AppleWebKit/537.36 (KHTML, like Gecko) Chrome/114.0.0.0 Safari/537.36 Edge/44.18363.8131" 
91.245.254.148 - - [01/Oct/2023:05:39:44 -0700] "GET /maccdc2012/dns.log.gz HTTP/1.1" 200 6607301 "http://www.secrepo.com/" "Mozilla/5.0 (Windows NT 10.0; Win64; x64; Xbox; Xbox One) AppleWebKit/537.36 (KHTML, like Gecko) Chrome/114.0.0.0 Safari/537.36 Edge/44.18363.8131" 
91.245.254.148 - - [01/Oct/2023:05:39:45 -0700] "GET /squid/access.log.gz HTTP/1.1" 200 15481840 "http://www.secrepo.com/" "Mozilla/5.0 (Windows NT 10.0; Win64; x64; Xbox; Xbox One) AppleWebKit/537.36 (KHTML, like Gecko) Chrome/114.0.0.0 Safari/537.36 Edge/44.18363.8131" 
91.245.254.148 - - [01/Oct/2023:05:39:45 -0700] "GET /Datasets%20Description/Network/dns.html HTTP/1.1" 200 5435 "http://www.secrepo.com/" "Mozilla/5.0 (Windows NT 10.0; Win64; x64; Xbox; Xbox One) AppleWebKit/537.36 (KHTML, like Gecko) Chrome/114.0.0.0 Safari/537.36 Edge/44.18363.8131" 
91.245.254.148 - - [01/Oct/2023:05:39:55 -0700] "GET /maccdc2012/files.log.gz HTTP/1.1" 200 13694800 "http://www.secrepo.com/" "Mozilla/5.0 (Windows NT 10.0; Win64; x64; Xbox; Xbox One) AppleWebKit/537.36 (KHTML, like Gecko) Chrome/114.0.0.0 Safari/537.36 Edge/44.18363.8131" 
91.245.254.148 - - [01/Oct/2023:05:39:56 -0700] "GET /Datasets%20Description/PE_malware/OPCleaver.html HTTP/1.1" 200 4239 "http://www.secrepo.com/" "Mozilla/5.0 (Windows NT 10.0; Win64; x64; Xbox; Xbox One) AppleWebKit/537.36 (KHTML, like Gecko) Chrome/114.0.0.0 Safari/537.36 Edge/44.18363.8131" 
91.245.254.148 - - [01/Oct/2023:05:39:56 -0700] "GET /Datasets%20Description/Network/files.html HTTP/1.1" 200 5013 "http://www.secrepo.com/" "Mozilla/5.0 (Windows NT 10.0; Win64; x64; Xbox; Xbox One) AppleWebKit/537.36 (KHTML, like Gecko) Chrome/114.0.0.0 Safari/537.36 Edge/44.18363.8131" 
91.245.254.148 - - [01/Oct/2023:05:39:56 -0700] "GET /pe_static/op-cleaver.zip HTTP/1.1" 200 710098 "http://www.secrepo.com/" "Mozilla/5.0 (Windows NT 10.0; Win64; x64; Xbox; Xbox One) AppleWebKit/537.36 (KHTML, like Gecko) Chrome/114.0.0.0 Safari/537.36 Edge/44.18363.8131" 
91.245.254.148 - - [01/Oct/2023:05:39:56 -0700] "GET /maccdc2012/ftp.log.gz HTTP/1.1" 200 127683 "http://www.secrepo.com/" "Mozilla/5.0 (Windows NT 10.0; Win64; x64; Xbox; Xbox One) AppleWebKit/537.36 (KHTML, like Gecko) Chrome/114.0.0.0 Safari/537.36 Edge/44.18363.8131" 
91.245.254.148 - - [01/Oct/2023:05:39:57 -0700] "GET /Datasets%20Description/PE_malware/VirusShare.html HTTP/1.1" 200 4590 "http://www.secrepo.com/" "Mozilla/5.0 (Windows NT 10.0; Win64; x64; Xbox; Xbox One) AppleWebKit/537.36 (KHTML, like Gecko) Chrome/114.0.0.0 Safari/537.36 Edge/44.18363.8131" 
91.245.254.148 - - [01/Oct/2023:05:39:57 -0700] "GET /Datasets%20Description/Network/ftp.html HTTP/1.1" 200 4869 "http://www.secrepo.com/" "Mozilla/5.0 (Windows NT 10.0; Win64; x64; Xbox; Xbox One) AppleWebKit/537.36 (KHTML, like Gecko) Chrome/114.0.0.0 Safari/537.36 Edge/44.18363.8131" 
91.245.254.148 - - [01/Oct/2023:05:39:57 -0700] "GET /pe_static/apt1.zip HTTP/1.1" 200 1983361 "http://www.secrepo.com/" "Mozilla/5.0 (Windows NT 10.0; Win64; x64; Xbox; Xbox One) AppleWebKit/537.36 (KHTML, like Gecko) Chrome/114.0.0.0 Safari/537.36 Edge/44.18363.8131" 
91.245.254.148 - - [01/Oct/2023:05:39:58 -0700] "GET /maccdc2012/http.log.gz HTTP/1.1" 200 11296020 "http://www.secrepo.com/" "Mozilla/5.0 (Windows NT 10.0; Win64; x64; Xbox; Xbox One) AppleWebKit/537.36 (KHTML, like Gecko) Chrome/114.0.0.0 Safari/537.36 Edge/44.18363.8131" 
91.245.254.148 - - [01/Oct/2023:05:39:59 -0700] "GET /Datasets%20Description/PE_malware/Zeus.html HTTP/1.1" 200 4606 "http://www.secrepo.com/" "Mozilla/5.0 (Windows NT 10.0; Win64; x64; Xbox; Xbox One) AppleWebKit/537.36 (KHTML, like Gecko) Chrome/114.0.0.0 Safari/537.36 Edge/44.18363.8131" 
91.245.254.148 - - [01/Oct/2023:05:39:59 -0700] "GET /Datasets%20Description/Network/http.html HTTP/1.1" 200 5883 "http://www.secrepo.com/" "Mozilla/5.0 (Windows NT 10.0; Win64; x64; Xbox; Xbox One) AppleWebKit/537.36 (KHTML, like Gecko) Chrome/114.0.0.0 Safari/537.36 Edge/44.18363.8131" 
91.245.254.148 - - [01/Oct/2023:05:39:59 -0700] "GET /pe_static/zeus.zip HTTP/1.1" 200 11736940 "http://www.secrepo.com/" "Mozilla/5.0 (Windows NT 10.0; Win64; x64; Xbox; Xbox One) AppleWebKit/537.36 (KHTML, like Gecko) Chrome/114.0.0.0 Safari/537.36 Edge/44.18363.8131" 
91.245.254.148 - - [01/Oct/2023:05:40:00 -0700] "GET / HTTP/1.1" 200 49089 "http://www.secrepo.com/" "Mozilla/5.0 (Windows NT 10.0; Win64; x64; Xbox; Xbox One) AppleWebKit/537.36 (KHTML, like Gecko) Chrome/114.0.0.0 Safari/537.36 Edge/44.18363.8131" 
91.245.254.148 - - [01/Oct/2023:05:40:00 -0700] "GET /scada/scada_logs.zip HTTP/1.1" 200 364934 "http://www.secrepo.com/" "Mozilla/5.0 (Windows NT 10.0; Win64; x64; Xbox; Xbox One) AppleWebKit/537.36 (KHTML, like Gecko) Chrome/114.0.0.0 Safari/537.36 Edge/44.18363.8131" 
91.245.254.148 - - [01/Oct/2023:05:40:00 -0700] "GET /maccdc2012/notice.log.gz HTTP/1.1" 200 20719 "http://www.secrepo.com/" "Mozilla/5.0 (Windows NT 10.0; Win64; x64; Xbox; Xbox One) AppleWebKit/537.36 (KHTML, like Gecko) Chrome/114.0.0.0 Safari/537.36 Edge/44.18363.8131" 
91.245.254.148 - - [01/Oct/2023:05:40:00 -0700] "GET /domaindata/domainmovement.zip HTTP/1.1" 200 7437758 "http://www.secrepo.com/" "Mozilla/5.0 (Windows NT 10.0; Win64; x64; Xbox; Xbox One) AppleWebKit/537.36 (KHTML, like Gecko) Chrome/114.0.0.0 Safari/537.36 Edge/44.18363.8131" 
91.245.254.148 - - [01/Oct/2023:05:40:01 -0700] "GET /Datasets%20Description/Network/notice.html HTTP/1.1" 200 5334 "http://www.secrepo.com/" "Mozilla/5.0 (Windows NT 10.0; Win64; x64; Xbox; Xbox One) AppleWebKit/537.36 (KHTML, like Gecko) Chrome/114.0.0.0 Safari/537.36 Edge/44.18363.8131" 
91.245.254.148 - - [01/Oct/2023:05:40:01 -0700] "GET /misc/zeus_dga_domains.txt.zip HTTP/1.1" 200 592303 "http://www.secrepo.com/" "Mozilla/5.0 (Windows NT 10.0; Win64; x64; Xbox; Xbox One) AppleWebKit/537.36 (KHTML, like Gecko) Chrome/114.0.0.0 Safari/537.36 Edge/44.18363.8131" 
91.245.254.148 - - [01/Oct/2023:05:40:01 -0700] "GET /maccdc2012/signatures.log.gz HTTP/1.1" 200 590 "http://www.secrepo.com/" "Mozilla/5.0 (Windows NT 10.0; Win64; x64; Xbox; Xbox One) AppleWebKit/537.36 (KHTML, like Gecko) Chrome/114.0.0.0 Safari/537.36 Edge/44.18363.8131" 
91.245.254.148 - - [01/Oct/2023:05:40:01 -0700] "GET /tg/tg_snort_full.7z HTTP/1.1" 200 8847827 "http://www.secrepo.com/" "Mozilla/5.0 (Windows NT 10.0; Win64; x64; Xbox; Xbox One) AppleWebKit/537.36 (KHTML, like Gecko) Chrome/114.0.0.0 Safari/537.36 Edge/44.18363.8131" 
91.245.254.148 - - [01/Oct/2023:05:40:02 -0700] "GET /Datasets%20Description/Network/signatures.html HTTP/1.1" 404 250 "http://www.secrepo.com/" "Mozilla/5.0 (Windows NT 10.0; Win64; x64; Xbox; Xbox One) AppleWebKit/537.36 (KHTML, like Gecko) Chrome/114.0.0.0 Safari/537.36 Edge/44.18363.8131" 
91.245.254.148 - - [01/Oct/2023:05:40:02 -0700] "GET /tg/tg_snort_fast.7z HTTP/1.1" 200 4274126 "http://www.secrepo.com/" "Mozilla/5.0 (Windows NT 10.0; Win64; x64; Xbox; Xbox One) AppleWebKit/537.36 (KHTML, like Gecko) Chrome/114.0.0.0 Safari/537.36 Edge/44.18363.8131" 
91.245.254.148 - - [01/Oct/2023:05:40:02 -0700] "GET /maccdc2012/smtp.log.gz HTTP/1.1" 200 6878 "http://www.secrepo.com/" "Mozilla/5.0 (Windows NT 10.0; Win64; x64; Xbox; Xbox One) AppleWebKit/537.36 (KHTML, like Gecko) Chrome/114.0.0.0 Safari/537.36 Edge/44.18363.8131" 
91.245.254.148 - - [01/Oct/2023:05:40:02 -0700] "GET /Datasets%20Description/HTML_Bro_log_3 HTTP/1.1" 301 563 "http://www.secrepo.com/" "Mozilla/5.0 (Windows NT 10.0; Win64; x64; Xbox; Xbox One) AppleWebKit/537.36 (KHTML, like Gecko) Chrome/114.0.0.0 Safari/537.36 Edge/44.18363.8131" 
91.245.254.148 - - [01/Oct/2023:05:39:45 -0700] "GET /self.logs/ HTTP/1.1" 200 70080 "http://www.secrepo.com/" "Mozilla/5.0 (Windows NT 10.0; Win64; x64; Xbox; Xbox One) AppleWebKit/537.36 (KHTML, like Gecko) Chrome/114.0.0.0 Safari/537.36 Edge/44.18363.8131" 
91.245.254.148 - - [01/Oct/2023:05:40:03 -0700] "GET /Datasets%20Description/HTML_Bro_log_3/ HTTP/1.1" 200 1785 "http://www.secrepo.com/Datasets%20Description/HTML_Bro_log_3" "Mozilla/5.0 (Windows NT 10.0; Win64; x64; Xbox; Xbox One) AppleWebKit/537.36 (KHTML, like Gecko) Chrome/114.0.0.0 Safari/537.36 Edge/44.18363.8131" 
91.245.254.148 - - [01/Oct/2023:05:40:03 -0700] "GET /Datasets%20Description/Network/smtp.html HTTP/1.1" 200 5751 "http://www.secrepo.com/" "Mozilla/5.0 (Windows NT 10.0; Win64; x64; Xbox; Xbox One) AppleWebKit/537.36 (KHTML, like Gecko) Chrome/114.0.0.0 Safari/537.36 Edge/44.18363.8131" 
91.245.254.148 - - [01/Oct/2023:05:40:04 -0700] "GET /tg/c.zip HTTP/1.1" 200 21416740 "http://www.secrepo.com/" "Mozilla/5.0 (Windows NT 10.0; Win64; x64; Xbox; Xbox One) AppleWebKit/537.36 (KHTML, like Gecko) Chrome/114.0.0.0 Safari/537.36 Edge/44.18363.8131" 
91.245.254.148 - - [01/Oct/2023:05:40:05 -0700] "GET /maccdc2012/ssh.log.gz HTTP/1.1" 200 182523 "http://www.secrepo.com/" "Mozilla/5.0 (Windows NT 10.0; Win64; x64; Xbox; Xbox One) AppleWebKit/537.36 (KHTML, like Gecko) Chrome/114.0.0.0 Safari/537.36 Edge/44.18363.8131" 
91.245.254.148 - - [01/Oct/2023:05:40:05 -0700] "GET /Datasets%20Description/HTML_Bro_log_2 HTTP/1.1" 301 563 "http://www.secrepo.com/" "Mozilla/5.0 (Windows NT 10.0; Win64; x64; Xbox; Xbox One) AppleWebKit/537.36 (KHTML, like Gecko) Chrome/114.0.0.0 Safari/537.36 Edge/44.18363.8131" 
91.245.254.148 - - [01/Oct/2023:05:40:05 -0700] "GET /Datasets%20Description/HTML_Bro_log_2/ HTTP/1.1" 200 1863 "http://www.secrepo.com/Datasets%20Description/HTML_Bro_log_2" "Mozilla/5.0 (Windows NT 10.0; Win64; x64; Xbox; Xbox One) AppleWebKit/537.36 (KHTML, like Gecko) Chrome/114.0.0.0 Safari/537.36 Edge/44.18363.8131" 
91.245.254.148 - - [01/Oct/2023:05:40:06 -0700] "GET /Datasets%20Description/Network/ssh.html HTTP/1.1" 200 3874 "http://www.secrepo.com/" "Mozilla/5.0 (Windows NT 10.0; Win64; x64; Xbox; Xbox One) AppleWebKit/537.36 (KHTML, like Gecko) Chrome/114.0.0.0 Safari/537.36 Edge/44.18363.8131" 
91.245.254.148 - - [01/Oct/2023:05:40:06 -0700] "GET /tg/b.zip HTTP/1.1" 200 18831080 "http://www.secrepo.com/" "Mozilla/5.0 (Windows NT 10.0; Win64; x64; Xbox; Xbox One) AppleWebKit/537.36 (KHTML, like Gecko) Chrome/114.0.0.0 Safari/537.36 Edge/44.18363.8131" 
91.245.254.148 - - [01/Oct/2023:05:40:08 -0700] "GET /maccdc2012/ssl.log.gz HTTP/1.1" 200 1311442 "http://www.secrepo.com/" "Mozilla/5.0 (Windows NT 10.0; Win64; x64; Xbox; Xbox One) AppleWebKit/537.36 (KHTML, like Gecko) Chrome/114.0.0.0 Safari/537.36 Edge/44.18363.8131" 
91.245.254.148 - - [01/Oct/2023:05:40:08 -0700] "GET /Datasets%20Description/HTML_Bro_log_1 HTTP/1.1" 301 563 "http://www.secrepo.com/" "Mozilla/5.0 (Windows NT 10.0; Win64; x64; Xbox; Xbox One) AppleWebKit/537.36 (KHTML, like Gecko) Chrome/114.0.0.0 Safari/537.36 Edge/44.18363.8131" 
91.245.254.148 - - [01/Oct/2023:05:40:08 -0700] "GET /Datasets%20Description/HTML_Bro_log_1/ HTTP/1.1" 200 1863 "http://www.secrepo.com/Datasets%20Description/HTML_Bro_log_1" "Mozilla/5.0 (Windows NT 10.0; Win64; x64; Xbox; Xbox One) AppleWebKit/537.36 (KHTML, like Gecko) Chrome/114.0.0.0 Safari/537.36 Edge/44.18363.8131" 
91.245.254.148 - - [01/Oct/2023:05:40:08 -0700] "GET /Datasets%20Description/Network/ssl.html HTTP/1.1" 200 5031 "http://www.secrepo.com/" "Mozilla/5.0 (Windows NT 10.0; Win64; x64; Xbox; Xbox One) AppleWebKit/537.36 (KHTML, like Gecko) Chrome/114.0.0.0 Safari/537.36 Edge/44.18363.8131" 
91.245.254.148 - - [01/Oct/2023:05:40:08 -0700] "GET /tg/a.zip HTTP/1.1" 200 13840800 "http://www.secrepo.com/" "Mozilla/5.0 (Windows NT 10.0; Win64; x64; Xbox; Xbox One) AppleWebKit/537.36 (KHTML, like Gecko) Chrome/114.0.0.0 Safari/537.36 Edge/44.18363.8131" 
91.245.254.148 - - [01/Oct/2023:05:40:09 -0700] "GET /maccdc2012/tunnel.log.gz HTTP/1.1" 200 5238 "http://www.secrepo.com/" "Mozilla/5.0 (Windows NT 10.0; Win64; x64; Xbox; Xbox One) AppleWebKit/537.36 (KHTML, like Gecko) Chrome/114.0.0.0 Safari/537.36 Edge/44.18363.8131" 
91.245.254.148 - - [01/Oct/2023:05:40:09 -0700] "GET /maccdc2012/maccdc2012_full_alert.7z HTTP/1.1" 200 21526240 "http://www.secrepo.com/" "Mozilla/5.0 (Windows NT 10.0; Win64; x64; Xbox; Xbox One) AppleWebKit/537.36 (KHTML, like Gecko) Chrome/114.0.0.0 Safari/537.36 Edge/44.18363.8131" 
91.245.254.148 - - [01/Oct/2023:05:40:09 -0700] "GET /Datasets%20Description/Network/tunnel.html HTTP/1.1" 200 3780 "http://www.secrepo.com/" "Mozilla/5.0 (Windows NT 10.0; Win64; x64; Xbox; Xbox One) AppleWebKit/537.36 (KHTML, like Gecko) Chrome/114.0.0.0 Safari/537.36 Edge/44.18363.8131" 
91.245.254.148 - - [01/Oct/2023:05:40:10 -0700] "GET /maccdc2012/maccdc2012_fast_alert.7z HTTP/1.1" 200 9478182 "http://www.secrepo.com/" "Mozilla/5.0 (Windows NT 10.0; Win64; x64; Xbox; Xbox One) AppleWebKit/537.36 (KHTML, like Gecko) Chrome/114.0.0.0 Safari/537.36 Edge/44.18363.8131" 
91.245.254.148 - - [01/Oct/2023:05:40:10 -0700] "GET /maccdc2012/weird.log.gz HTTP/1.1" 200 1252776 "http://www.secrepo.com/" "Mozilla/5.0 (Windows NT 10.0; Win64; x64; Xbox; Xbox One) AppleWebKit/537.36 (KHTML, like Gecko) Chrome/114.0.0.0 Safari/537.36 Edge/44.18363.8131" 
91.245.254.148 - - [01/Oct/2023:05:40:10 -0700] "GET /Datasets%20Description/Network/weird.html HTTP/1.1" 200 4271 "http://www.secrepo.com/" "Mozilla/5.0 (Windows NT 10.0; Win64; x64; Xbox; Xbox One) AppleWebKit/537.36 (KHTML, like Gecko) Chrome/114.0.0.0 Safari/537.36 Edge/44.18363.8131" 
107.20.105.74 - - [01/Oct/2023:05:46:40 -0700] "HEAD / HTTP/1.1" 301 186 "-" "DreamHost SiteMonitor 1.0" 
107.20.105.74 - - [01/Oct/2023:05:46:40 -0700] "HEAD / HTTP/1.1" 200 359 "http://66.33.221.139" "DreamHost SiteMonitor 1.0" 
20.49.200.81 - - [01/Oct/2023:05:46:47 -0700] "GET /.svn HTTP/1.1" 301 483 "-" "Mozilla/5.0 (Macintosh; Intel Mac OS X 10.15; rv:77.0) Gecko/20100101 Firefox/77.0" 
20.49.200.81 - - [01/Oct/2023:05:46:47 -0700] "GET /.svn HTTP/1.1" 429 476 "-" "Mozilla/5.0 (Macintosh; Intel Mac OS X 10.15; rv:77.0) Gecko/20100101 Firefox/77.0" 
51.222.253.13 - - [01/Oct/2023:05:49:03 -0700] "GET / HTTP/1.1" 200 13143 "-" "Mozilla/5.0 (compatible; AhrefsBot/7.0; +http://ahrefs.com/robot/)" 
119.42.148.122 - - [01/Oct/2023:05:50:25 -0700] "GET /?c=utils&m=upload&formname=form2&editname=simg&uppath=static/upfile&pn= HTTP/1.1" 429 486 "-" "Mozilla/5.0 (Windows NT 10.0; WOW64; rv:48.0) Gecko/20100101 Firefox/48.0" 
65.154.226.169 - - [01/Oct/2023:05:51:28 -0700] "GET / HTTP/1.1" 200 13187 "-" "Mozilla/5.0 (iPhone; CPU iPhone OS 10_3_1 like Mac OS X) AppleWebKit/603.1.30 (KHTML, like Gecko) Version/10.0 Mobile/14E304 Safari/602.1" 
65.154.226.169 - - [01/Oct/2023:05:51:28 -0700] "GET /css/style.css HTTP/1.1" 404 305 "http://www.secrepo.com/" "Mozilla/5.0 (iPhone; CPU iPhone OS 10_3_1 like Mac OS X) AppleWebKit/603.1.30 (KHTML, like Gecko) Version/10.0 Mobile/14E304 Safari/602.1" 
65.154.226.169 - - [01/Oct/2023:05:51:28 -0700] "GET /GitHub-Mark.png HTTP/1.1" 200 7556 "http://www.secrepo.com/" "Mozilla/5.0 (iPhone; CPU iPhone OS 10_3_1 like Mac OS X) AppleWebKit/603.1.30 (KHTML, like Gecko) Version/10.0 Mobile/14E304 Safari/602.1" 
65.154.226.169 - - [01/Oct/2023:05:51:28 -0700] "GET /twitter-icon.png HTTP/1.1" 200 27916 "http://www.secrepo.com/" "Mozilla/5.0 (iPhone; CPU iPhone OS 10_3_1 like Mac OS X) AppleWebKit/603.1.30 (KHTML, like Gecko) Version/10.0 Mobile/14E304 Safari/602.1" 
65.154.226.166 - - [01/Oct/2023:05:51:29 -0700] "GET / HTTP/1.1" 200 13187 "-" "Mozilla/5.0 (Linux; Android 7.0; SM-G930V Build/NRD90M) AppleWebKit/537.36 (KHTML, like Gecko) Chrome/59.0.3071.125 Mobile Safari/537.36" 
65.154.226.166 - - [01/Oct/2023:05:51:29 -0700] "GET /css/style.css HTTP/1.1" 404 305 "http://www.secrepo.com/" "Mozilla/5.0 (Linux; Android 7.0; SM-G930V Build/NRD90M) AppleWebKit/537.36 (KHTML, like Gecko) Chrome/59.0.3071.125 Mobile Safari/537.36" 
65.154.226.166 - - [01/Oct/2023:05:51:30 -0700] "GET /twitter-icon.png HTTP/1.1" 200 27893 "http://www.secrepo.com/" "Mozilla/5.0 (Linux; Android 7.0; SM-G930V Build/NRD90M) AppleWebKit/537.36 (KHTML, like Gecko) Chrome/59.0.3071.125 Mobile Safari/537.36" 
65.154.226.166 - - [01/Oct/2023:05:51:30 -0700] "GET /GitHub-Mark.png HTTP/1.1" 200 7556 "http://www.secrepo.com/" "Mozilla/5.0 (Linux; Android 7.0; SM-G930V Build/NRD90M) AppleWebKit/537.36 (KHTML, like Gecko) Chrome/59.0.3071.125 Mobile Safari/537.36" 
196.199.104.131 - - [01/Oct/2023:05:51:42 -0700] "GET / HTTP/1.1" 200 13187 "-" "Mozilla/5.0 (Windows NT 6.2; Win64; x64) AppleWebKit/537.36 (KHTML, like Gecko) Chrome/60.0.3112.90 Safari/537.36" 
205.169.39.71 - - [01/Oct/2023:05:51:48 -0700] "GET / HTTP/1.1" 200 13187 "-" "Mozilla/5.0 (Windows NT 6.1; Win64; x64) AppleWebKit/537.36 (KHTML, like Gecko) Chrome/83.0.4103.61 Safari/537.36" 
205.169.39.71 - - [01/Oct/2023:05:51:57 -0700] "GET / HTTP/1.1" 200 13187 "-" "Mozilla/5.0 (Windows NT 10.0; Win64; x64) AppleWebKit/537.36 (KHTML, like Gecko) Chrome/79.0.3945.79 Safari/537.36" 
205.169.39.71 - - [01/Oct/2023:05:51:57 -0700] "GET /css/style.css HTTP/1.1" 404 305 "http://www.secrepo.com/" "Mozilla/5.0 (Windows NT 10.0; Win64; x64) AppleWebKit/537.36 (KHTML, like Gecko) Chrome/79.0.3945.79 Safari/537.36" 
205.169.39.71 - - [01/Oct/2023:05:51:57 -0700] "GET /twitter-icon.png HTTP/1.1" 200 27916 "http://www.secrepo.com/" "Mozilla/5.0 (Windows NT 10.0; Win64; x64) AppleWebKit/537.36 (KHTML, like Gecko) Chrome/79.0.3945.79 Safari/537.36" 
205.169.39.71 - - [01/Oct/2023:05:51:57 -0700] "GET /GitHub-Mark.png HTTP/1.1" 200 7533 "http://www.secrepo.com/" "Mozilla/5.0 (Windows NT 10.0; Win64; x64) AppleWebKit/537.36 (KHTML, like Gecko) Chrome/79.0.3945.79 Safari/537.36" 
180.163.220.99 - - [01/Oct/2023:05:55:15 -0700] "GET / HTTP/1.1" 200 49133 "http://www.secrepo.com/#3p_malware" "Mozilla/5.0 (Windows NT 10.0; Win64; x64) AppleWebKit/537.36 (KHTML, like Gecko) Firefox/58.0.1" 
180.163.220.125 - - [01/Oct/2023:05:55:25 -0700] "GET / HTTP/1.1" 200 13143 "https://www.sec-wiki.com/news?News_page=1169" "Mozilla/5.0 (Windows NT 10.0; Win64; x64) AppleWebKit/537.36 (KHTML, like Gecko) Chrome/70.0.3538.77 Safari/537.36" 
107.20.105.74 - - [01/Oct/2023:05:56:40 -0700] "HEAD / HTTP/1.1" 301 186 "-" "DreamHost SiteMonitor 1.0" 
107.20.105.74 - - [01/Oct/2023:05:56:40 -0700] "HEAD / HTTP/1.1" 200 359 "http://66.33.221.139" "DreamHost SiteMonitor 1.0" 
107.20.105.74 - - [01/Oct/2023:06:06:40 -0700] "HEAD / HTTP/1.1" 301 186 "-" "DreamHost SiteMonitor 1.0" 
107.20.105.74 - - [01/Oct/2023:06:06:40 -0700] "HEAD / HTTP/1.1" 200 359 "http://66.33.221.139" "DreamHost SiteMonitor 1.0" 
27.128.234.19 - - [01/Oct/2023:06:15:22 -0700] "HEAD / HTTP/1.1" 301 223 "http://secrepo.com" "Mozilla/5.0 (compatible; Baiduspider/2.0; +http://www.baidu.com/search/spider.html" 
27.128.234.19 - - [01/Oct/2023:06:15:24 -0700] "GET / HTTP/1.1" 200 49133 "http://secrepo.com" "Mozilla/5.0 (compatible; Baiduspider/2.0; +http://www.baidu.com/search/spider.html" 
27.128.234.19 - - [01/Oct/2023:06:15:24 -0700] "HEAD /resetpw.php HTTP/1.1" 301 178 "http://secrepo.com/resetpw.php" "Mozilla/5.0 (compatible; Baiduspider/2.0; +http://www.baidu.com/search/spider.html" 
27.128.234.19 - - [01/Oct/2023:06:15:25 -0700] "GET /resetpw.php HTTP/1.1" 404 250 "http://secrepo.com/resetpw.php" "Mozilla/5.0 (compatible; Baiduspider/2.0; +http://www.baidu.com/search/spider.html" 
66.249.64.108 - - [01/Oct/2023:06:16:13 -0700] "GET / HTTP/1.1" 200 13186 "-" "Mozilla/5.0 (compatible; Googlebot/2.1; +http://www.google.com/bot.html)" 
66.249.64.107 - - [01/Oct/2023:06:16:15 -0700] "GET /css/style.css HTTP/1.1" 404 328 "http://www.secrepo.com/" "Mozilla/5.0 AppleWebKit/537.36 (KHTML, like Gecko; compatible; Googlebot/2.1; +http://www.google.com/bot.html) Chrome/117.0.5938.92 Safari/537.36" 
107.20.105.74 - - [01/Oct/2023:06:16:40 -0700] "HEAD / HTTP/1.1" 301 186 "-" "DreamHost SiteMonitor 1.0" 
107.20.105.74 - - [01/Oct/2023:06:16:40 -0700] "HEAD / HTTP/1.1" 200 359 "http://66.33.221.139" "DreamHost SiteMonitor 1.0" 
64.112.28.230 - - [01/Oct/2023:06:17:10 -0700] "GET /admin.php HTTP/1.1" 404 328 "-" "python-requests/2.31.0" 
64.112.28.230 - - [01/Oct/2023:06:17:12 -0700] "GET /login.php?s=Admin/login HTTP/1.1" 404 328 "-" "python-requests/2.31.0" 
212.7.202.66 - - [01/Oct/2023:06:18:34 -0700] "GET / HTTP/1.1" 200 13142 "-" "Mozilla/5.0 (Windows NT 10.0; Win64; x64) AppleWebKit/537.36 (KHTML, like Gecko) Chrome/60.0.3112.113 Safari/537.36" 
58.120.110.45 - - [01/Oct/2023:06:21:35 -0700] "GET / HTTP/1.1" 200 13186 "-" "Mozilla/5.0 (Macintosh; Intel Mac OS X 10_15_7) AppleWebKit/605.1.15 (KHTML, like Gecko)" 
58.120.110.45 - - [01/Oct/2023:06:21:36 -0700] "GET /apple-touch-icon-precomposed.png HTTP/1.1" 404 328 "-" "Safari/16615.3.12.11.3 CFNetwork/1240.0.4.5 Darwin/20.6.0" 
58.120.110.45 - - [01/Oct/2023:06:21:36 -0700] "GET /apple-touch-icon.png HTTP/1.1" 404 305 "-" "Safari/16615.3.12.11.3 CFNetwork/1240.0.4.5 Darwin/20.6.0" 
58.120.110.45 - - [01/Oct/2023:06:21:36 -0700] "GET / HTTP/1.1" 200 13163 "-" "Mozilla/5.0 (iPhone; CPU iPhone OS 16_4 like Mac OS X) AppleWebKit/605.1.15 (KHTML, like Gecko) Version/16.4 Mobile/15E148 Safari/604.1" 
58.120.110.45 - - [01/Oct/2023:06:21:36 -0700] "GET /apple-touch-icon-precomposed.png HTTP/1.1" 404 305 "-" "Safari/16615.3.12.11.3 CFNetwork/1240.0.4.5 Darwin/20.6.0" 
58.120.110.45 - - [01/Oct/2023:06:21:37 -0700] "GET /apple-touch-icon.png HTTP/1.1" 404 305 "-" "Safari/16615.3.12.11.3 CFNetwork/1240.0.4.5 Darwin/20.6.0" 
182.16.243.253 - - [01/Oct/2023:06:21:01 -0700] "GET /maccdc2012/http.log.gz HTTP/1.1" 200 21514560 "-" "Mozilla/5.0 (Windows NT 10.0; Win64; x64) AppleWebKit/537.36 (KHTML, like Gecko) Chrome/117.0.0.0 Safari/537.36 Edg/117.0.2045.47" 
64.124.8.78 - - [01/Oct/2023:06:22:36 -0700] "GET /Datasets%20Description/HTML_Bro_log_3/loaded_scripts.html HTTP/1.1" 200 1543 "-" "Mozilla/5.0 (X11; Linux x86_64) AppleWebKit/537.36 (KHTML, like Gecko) Chrome/61.0.3163.79 Safari/537.36" 
94.156.6.221 - - [01/Oct/2023:06:25:31 -0700] "GET /inputs.php HTTP/1.1" 301 495 "-" "Mozilla/5.0 (Windows; U; Windows NT 6.1; en-US; rv:1.9.1.5) Gecko/20091102 Firefox/3.5.5 (.NET CLR 3.5.30729)" 
94.156.6.221 - - [01/Oct/2023:06:25:32 -0700] "GET /inputs.php HTTP/1.1" 429 476 "-" "Mozilla/5.0 (Windows; U; Windows NT 6.1; en-US; rv:1.9.1.5) Gecko/20091102 Firefox/3.5.5 (.NET CLR 3.5.30729)" 
107.20.105.74 - - [01/Oct/2023:06:26:40 -0700] "HEAD / HTTP/1.1" 301 186 "-" "DreamHost SiteMonitor 1.0" 
107.20.105.74 - - [01/Oct/2023:06:26:40 -0700] "HEAD / HTTP/1.1" 200 359 "http://66.33.221.139" "DreamHost SiteMonitor 1.0" 
66.249.70.65 - - [01/Oct/2023:06:26:50 -0700] "GET / HTTP/1.1" 301 475 "-" "Mozilla/5.0 (compatible; Googlebot/2.1; +http://www.google.com/bot.html)" 
66.249.64.108 - - [01/Oct/2023:06:26:51 -0700] "GET / HTTP/1.1" 200 13186 "-" "Mozilla/5.0 (compatible; Googlebot/2.1; +http://www.google.com/bot.html)" 
66.249.64.107 - - [01/Oct/2023:06:26:52 -0700] "GET /css/style.css HTTP/1.1" 404 328 "http://www.secrepo.com/" "Mozilla/5.0 AppleWebKit/537.36 (KHTML, like Gecko; compatible; Googlebot/2.1; +http://www.google.com/bot.html) Chrome/117.0.5938.92 Safari/537.36" 
64.124.8.78 - - [01/Oct/2023:06:27:15 -0700] "GET /Datasets%20Description/Network/ftp.html HTTP/1.1" 200 1530 "-" "Mozilla/5.0 (X11; Linux x86_64) AppleWebKit/537.36 (KHTML, like Gecko) Chrome/61.0.3163.79 Safari/537.36" 
94.23.207.193 - - [01/Oct/2023:06:30:12 -0700] "GET /robots.txt HTTP/1.1" 200 377 "-" "Mozilla/5.0 (compatible; MJ12bot/v1.4.8; http://mj12bot.com/)" 
94.23.207.193 - - [01/Oct/2023:06:30:17 -0700] "GET /self.logs/error.log.2023-09-27 HTTP/1.1" 200 273 "-" "Mozilla/5.0 (compatible; MJ12bot/v1.4.8; http://mj12bot.com/)" 
176.100.243.133 - - [01/Oct/2023:06:30:53 -0700] "GET / HTTP/1.1" 200 13148 "-" "Mozilla/5.0 (Windows NT 10.0; Win64; x64) AppleWebKit/537.36 (KHTML, like Gecko) Chrome/100.0.4896.127 Safari/537.36" 
110.191.213.120 - - [01/Oct/2023:06:33:42 -0700] "GET / HTTP/1.1" 200 13185 "-" "Mozilla/5.0 (Windows NT 10.0; Win64; x64; Baiduspider/2.0) AppleWebKit/537.36 (KHTML, like Gecko) Chrome/80.0.3987.149 Safari/537.36" 
110.191.213.120 - - [01/Oct/2023:06:33:43 -0700] "GET /css/style.css HTTP/1.1" 404 305 "http://www.secrepo.com/" "Mozilla/5.0 (Windows NT 10.0; Win64; x64; Baiduspider/2.0) AppleWebKit/537.36 (KHTML, like Gecko) Chrome/80.0.3987.149 Safari/537.36" 
110.191.213.120 - - [01/Oct/2023:06:33:43 -0700] "GET /GitHub-Mark.png HTTP/1.1" 200 7556 "http://www.secrepo.com/" "Mozilla/5.0 (Windows NT 10.0; Win64; x64; Baiduspider/2.0) AppleWebKit/537.36 (KHTML, like Gecko) Chrome/80.0.3987.149 Safari/537.36" 
110.191.213.120 - - [01/Oct/2023:06:33:43 -0700] "GET /twitter-icon.png HTTP/1.1" 200 27916 "http://www.secrepo.com/" "Mozilla/5.0 (Windows NT 10.0; Win64; x64; Baiduspider/2.0) AppleWebKit/537.36 (KHTML, like Gecko) Chrome/80.0.3987.149 Safari/537.36" 
107.20.105.74 - - [01/Oct/2023:06:36:40 -0700] "HEAD / HTTP/1.1" 301 186 "-" "DreamHost SiteMonitor 1.0" 
107.20.105.74 - - [01/Oct/2023:06:36:40 -0700] "HEAD / HTTP/1.1" 200 359 "http://66.33.221.139" "DreamHost SiteMonitor 1.0" 
51.222.253.12 - - [01/Oct/2023:06:41:07 -0700] "GET /Datasets%20Description/HTML_Bro_log_3/packet_filter.html HTTP/1.1" 200 1681 "-" "Mozilla/5.0 (compatible; AhrefsBot/7.0; +http://ahrefs.com/robot/)" 
107.20.105.74 - - [01/Oct/2023:06:46:40 -0700] "HEAD / HTTP/1.1" 301 186 "-" "DreamHost SiteMonitor 1.0" 
107.20.105.74 - - [01/Oct/2023:06:46:40 -0700] "HEAD / HTTP/1.1" 200 359 "http://66.33.221.139" "DreamHost SiteMonitor 1.0" 
27.115.124.112 - - [01/Oct/2023:06:48:57 -0700] "GET / HTTP/1.1" 200 13186 "-" "Mozilla/5.0 (Windows NT 6.1; WOW64) AppleWebKit/537.36 (KHTML, like Gecko) Chrome/50.0.2661.102 Safari/537.36" 
27.115.124.112 - - [01/Oct/2023:06:48:57 -0700] "GET /css/style.css HTTP/1.1" 404 305 "http://www.secrepo.com/" "Mozilla/5.0 (Windows NT 6.1; WOW64) AppleWebKit/537.36 (KHTML, like Gecko) Chrome/50.0.2661.102 Safari/537.36" 
103.131.71.201 - - [01/Oct/2023:06:50:01 -0700] "GET /robots.txt HTTP/1.1" 301 458 "-" "Mozilla/5.0 (compatible; coccocbot-image/1.0; +http://help.coccoc.com/searchengine)" 
