114.119.155.228 - - [15/Apr/2021:21:32:33 -0700] "GET /self.logs/2016/access.log.2016-06-12.gz HTTP/1.1" 200 13606 "-" "Mozilla/5.0 (Linux; Android 7.0;) AppleWebKit/537.36 (KHTML, like Gecko) Mobile Safari/537.36 (compatible; PetalBot;+https://webmaster.petalsearch.com/site/petalbot)" 
54.36.148.17 - - [15/Apr/2021:21:32:55 -0700] "GET /self.logs/error.log.2018-01-22.gz HTTP/1.1" 200 2907 "-" "Mozilla/5.0 (compatible; AhrefsBot/7.0; +http://ahrefs.com/robot/)" 
114.119.157.43 - - [15/Apr/2021:21:34:39 -0700] "GET /self.logs/error.log.2020-05-24 HTTP/1.1" 200 351 "-" "Mozilla/5.0 (Linux; Android 7.0;) AppleWebKit/537.36 (KHTML, like Gecko) Mobile Safari/537.36 (compatible; PetalBot;+https://webmaster.petalsearch.com/site/petalbot)" 
111.202.100.91 - - [15/Apr/2021:21:34:40 -0700] "GET / HTTP/1.1" 200 12844 "-" "Sogou web spider/4.0(+http://www.sogou.com/docs/help/webmasters.htm#07)" 
114.119.140.84 - - [15/Apr/2021:21:36:28 -0700] "GET /self.logs/2015/error.log.2015-09-14.gz HTTP/1.1" 200 1104 "-" "Mozilla/5.0 (Linux; Android 7.0;) AppleWebKit/537.36 (KHTML, like Gecko) Mobile Safari/537.36 (compatible; PetalBot;+https://webmaster.petalsearch.com/site/petalbot)" 
114.119.140.84 - - [15/Apr/2021:21:38:30 -0700] "GET /self.logs/error.log.2019-08-01.gz HTTP/1.1" 200 1518 "-" "Mozilla/5.0 (Linux; Android 7.0;) AppleWebKit/537.36 (KHTML, like Gecko) Mobile Safari/537.36 (compatible; PetalBot;+https://webmaster.petalsearch.com/site/petalbot)" 
54.36.148.232 - - [15/Apr/2021:21:39:57 -0700] "GET /self.logs/access.log.2019-11-23.gz HTTP/1.1" 200 13531 "-" "Mozilla/5.0 (compatible; AhrefsBot/7.0; +http://ahrefs.com/robot/)" 
114.119.130.95 - - [15/Apr/2021:21:40:37 -0700] "GET /self.logs/access.log.2018-06-01.gz HTTP/1.1" 200 14984 "-" "Mozilla/5.0 (Linux; Android 7.0;) AppleWebKit/537.36 (KHTML, like Gecko) Mobile Safari/537.36 (compatible; PetalBot;+https://webmaster.petalsearch.com/site/petalbot)" 
40.77.167.54 - - [15/Apr/2021:21:41:26 -0700] "GET / HTTP/1.1" 200 12881 "-" "Mozilla/5.0 (compatible; bingbot/2.0; +http://www.bing.com/bingbot.htm)" 
114.119.159.101 - - [15/Apr/2021:21:42:35 -0700] "GET /self.logs/access.log.2017-11-14.gz HTTP/1.1" 200 23001 "-" "Mozilla/5.0 (Linux; Android 7.0;) AppleWebKit/537.36 (KHTML, like Gecko) Mobile Safari/537.36 (compatible; PetalBot;+https://webmaster.petalsearch.com/site/petalbot)" 
111.202.101.156 - - [15/Apr/2021:21:44:33 -0700] "GET / HTTP/1.1" 200 12844 "-" "Sogou web spider/4.0(+http://www.sogou.com/docs/help/webmasters.htm#07)" 
114.119.140.84 - - [15/Apr/2021:21:45:04 -0700] "GET /self.logs/access.log.2020-07-29.gz HTTP/1.1" 200 17970 "-" "Mozilla/5.0 (Linux; Android 7.0;) AppleWebKit/537.36 (KHTML, like Gecko) Mobile Safari/537.36 (compatible; PetalBot;+https://webmaster.petalsearch.com/site/petalbot)" 
54.36.148.17 - - [15/Apr/2021:21:47:12 -0700] "GET /self.logs/access.log.2018-11-13.gz HTTP/1.1" 200 21147 "-" "Mozilla/5.0 (compatible; AhrefsBot/7.0; +http://ahrefs.com/robot/)" 
114.119.140.84 - - [15/Apr/2021:21:47:15 -0700] "GET /self.logs/2016/access.log.2016-05-13.gz HTTP/1.1" 200 13603 "-" "Mozilla/5.0 (Linux; Android 7.0;) AppleWebKit/537.36 (KHTML, like Gecko) Mobile Safari/537.36 (compatible; PetalBot;+https://webmaster.petalsearch.com/site/petalbot)" 
111.202.100.88 - - [15/Apr/2021:21:47:38 -0700] "GET / HTTP/1.1" 200 12845 "-" "Sogou web spider/4.0(+http://www.sogou.com/docs/help/webmasters.htm#07)" 
117.119.79.124 - - [15/Apr/2021:21:47:40 -0700] "GET /honeypot/honeypot.json.zip HTTP/1.1" 200 78660 "https://link.csdn.net/?target=http%3A%2F%2Fwww.secrepo.com%2Fhoneypot%2Fhoneypot.json.zip" "Mozilla/5.0 (Windows NT 10.0; Win64; x64) AppleWebKit/537.36 (KHTML, like Gecko) Chrome/88.0.4324.182 Safari/537.36" 
117.119.79.124 - - [15/Apr/2021:21:47:43 -0700] "GET /honeypot/honeypot.json.zip HTTP/1.1" 206 445 "https://link.csdn.net/?target=http%3A%2F%2Fwww.secrepo.com%2Fhoneypot%2Fhoneypot.json.zip" "Mozilla/5.0 (Windows NT 10.0; Win64; x64) AppleWebKit/537.36 (KHTML, like Gecko) Chrome/88.0.4324.182 Safari/537.36" 
117.119.79.124 - - [15/Apr/2021:21:47:44 -0700] "GET /honeypot/honeypot.json.zip HTTP/1.1" 206 78660 "https://link.csdn.net/?target=http%3A%2F%2Fwww.secrepo.com%2Fhoneypot%2Fhoneypot.json.zip" "Mozilla/5.0 (Windows NT 10.0; Win64; x64) AppleWebKit/537.36 (KHTML, like Gecko) Chrome/88.0.4324.182 Safari/537.36" 
117.119.79.124 - - [15/Apr/2021:21:47:49 -0700] "GET /honeypot/honeypot.json.zip HTTP/1.1" 206 445 "-" "Mozilla/5.0 (Windows NT 10.0; Win64; x64) AppleWebKit/537.36 (KHTML, like Gecko) Chrome/88.0.4324.182 Safari/537.36" 
114.119.144.30 - - [15/Apr/2021:21:50:37 -0700] "GET /self.logs/access.log.2019-12-21.gz HTTP/1.1" 200 14921 "-" "Mozilla/5.0 (Linux; Android 7.0;) AppleWebKit/537.36 (KHTML, like Gecko) Mobile Safari/537.36 (compatible; PetalBot;+https://webmaster.petalsearch.com/site/petalbot)" 
114.119.157.43 - - [15/Apr/2021:21:52:09 -0700] "GET /self.logs/error.log.2017-04-02.gz HTTP/1.1" 200 2302 "-" "Mozilla/5.0 (Linux; Android 7.0;) AppleWebKit/537.36 (KHTML, like Gecko) Mobile Safari/537.36 (compatible; PetalBot;+https://webmaster.petalsearch.com/site/petalbot)" 
114.119.129.244 - - [15/Apr/2021:21:53:48 -0700] "GET /self.logs/error.log.2020-03-22 HTTP/1.1" 200 351 "-" "Mozilla/5.0 (Linux; Android 7.0;) AppleWebKit/537.36 (KHTML, like Gecko) Mobile Safari/537.36 (compatible; PetalBot;+https://webmaster.petalsearch.com/site/petalbot)" 
54.36.148.17 - - [15/Apr/2021:21:54:18 -0700] "GET /self.logs/error.log.2019-09-28.gz HTTP/1.1" 200 1688 "-" "Mozilla/5.0 (compatible; AhrefsBot/7.0; +http://ahrefs.com/robot/)" 
114.119.144.30 - - [15/Apr/2021:21:55:35 -0700] "GET /self.logs/access.log.2019-09-13.gz HTTP/1.1" 200 16398 "-" "Mozilla/5.0 (Linux; Android 7.0;) AppleWebKit/537.36 (KHTML, like Gecko) Mobile Safari/537.36 (compatible; PetalBot;+https://webmaster.petalsearch.com/site/petalbot)" 
114.119.130.95 - - [15/Apr/2021:21:57:25 -0700] "GET /self.logs/2015/access.log.2015-04-15.gz HTTP/1.1" 200 20761 "-" "Mozilla/5.0 (Linux; Android 7.0;) AppleWebKit/537.36 (KHTML, like Gecko) Mobile Safari/537.36 (compatible; PetalBot;+https://webmaster.petalsearch.com/site/petalbot)" 
114.119.157.43 - - [15/Apr/2021:21:59:49 -0700] "GET /self.logs/access.log.2017-02-04.gz HTTP/1.1" 200 13302 "-" "Mozilla/5.0 (Linux; Android 7.0;) AppleWebKit/537.36 (KHTML, like Gecko) Mobile Safari/537.36 (compatible; PetalBot;+https://webmaster.petalsearch.com/site/petalbot)" 
54.36.148.17 - - [15/Apr/2021:22:01:49 -0700] "GET /self.logs/error.log.2017-11-05.gz HTTP/1.1" 200 2961 "-" "Mozilla/5.0 (compatible; AhrefsBot/7.0; +http://ahrefs.com/robot/)" 
114.119.144.30 - - [15/Apr/2021:22:02:13 -0700] "GET /self.logs/2015/access.log.2015-08-31.gz HTTP/1.1" 200 5679 "-" "Mozilla/5.0 (Linux; Android 7.0;) AppleWebKit/537.36 (KHTML, like Gecko) Mobile Safari/537.36 (compatible; PetalBot;+https://webmaster.petalsearch.com/site/petalbot)" 
114.119.155.228 - - [15/Apr/2021:22:03:48 -0700] "GET /self.logs/access.log.2018-02-16.gz HTTP/1.1" 200 41434 "-" "Mozilla/5.0 (Linux; Android 7.0;) AppleWebKit/537.36 (KHTML, like Gecko) Mobile Safari/537.36 (compatible; PetalBot;+https://webmaster.petalsearch.com/site/petalbot)" 
114.119.159.101 - - [15/Apr/2021:22:06:50 -0700] "GET /self.logs/2015/error.log.2015-12-06.gz HTTP/1.1" 200 878 "-" "Mozilla/5.0 (Linux; Android 7.0;) AppleWebKit/537.36 (KHTML, like Gecko) Mobile Safari/537.36 (compatible; PetalBot;+https://webmaster.petalsearch.com/site/petalbot)" 
117.119.79.124 - - [15/Apr/2021:22:07:02 -0700] "GET / HTTP/1.1" 200 12881 "https://link.csdn.net/?target=http%3A%2F%2Fwww.secrepo.com%2F" "Mozilla/5.0 (Windows NT 10.0; Win64; x64) AppleWebKit/537.36 (KHTML, like Gecko) Chrome/89.0.4389.128 Safari/537.36" 
117.119.79.124 - - [15/Apr/2021:22:07:02 -0700] "GET /css/style.css HTTP/1.1" 404 328 "http://www.secrepo.com/" "Mozilla/5.0 (Windows NT 10.0; Win64; x64) AppleWebKit/537.36 (KHTML, like Gecko) Chrome/89.0.4389.128 Safari/537.36" 
117.119.79.124 - - [15/Apr/2021:22:07:02 -0700] "GET /twitter-icon.png HTTP/1.1" 200 27893 "http://www.secrepo.com/" "Mozilla/5.0 (Windows NT 10.0; Win64; x64) AppleWebKit/537.36 (KHTML, like Gecko) Chrome/89.0.4389.128 Safari/537.36" 
117.119.79.124 - - [15/Apr/2021:22:07:02 -0700] "GET /GitHub-Mark.png HTTP/1.1" 200 7533 "http://www.secrepo.com/" "Mozilla/5.0 (Windows NT 10.0; Win64; x64) AppleWebKit/537.36 (KHTML, like Gecko) Chrome/89.0.4389.128 Safari/537.36" 
117.119.79.124 - - [15/Apr/2021:22:07:27 -0700] "GET /bootstrap/img/favicon.ico HTTP/1.1" 200 713 "http://www.secrepo.com/" "Mozilla/5.0 (Windows NT 10.0; Win64; x64) AppleWebKit/537.36 (KHTML, like Gecko) Chrome/89.0.4389.128 Safari/537.36" 
114.119.141.53 - - [15/Apr/2021:22:08:21 -0700] "GET /self.logs/2016/error.log.2016-06-14.gz HTTP/1.1" 200 1298 "-" "Mozilla/5.0 (Linux; Android 7.0;) AppleWebKit/537.36 (KHTML, like Gecko) Mobile Safari/537.36 (compatible; PetalBot;+https://webmaster.petalsearch.com/site/petalbot)" 
114.119.130.95 - - [15/Apr/2021:22:09:55 -0700] "GET /self.logs/error.log.2017-06-15.gz HTTP/1.1" 200 1064 "-" "Mozilla/5.0 (Linux; Android 7.0;) AppleWebKit/537.36 (KHTML, like Gecko) Mobile Safari/537.36 (compatible; PetalBot;+https://webmaster.petalsearch.com/site/petalbot)" 
117.119.79.124 - - [15/Apr/2021:21:47:49 -0700] "GET /honeypot/honeypot.json.zip HTTP/1.1" 206 23072718 "-" "Mozilla/5.0 (Windows NT 10.0; Win64; x64) AppleWebKit/537.36 (KHTML, like Gecko) Chrome/88.0.4324.182 Safari/537.36" 
49.7.20.105 - - [15/Apr/2021:22:10:16 -0700] "GET / HTTP/1.1" 200 12844 "-" "Sogou web spider/4.0(+http://www.sogou.com/docs/help/webmasters.htm#07)" 
114.119.159.40 - - [15/Apr/2021:22:12:55 -0700] "GET /self.logs/error.log.2018-01-30.gz HTTP/1.1" 200 1212 "-" "Mozilla/5.0 (Linux; Android 7.0;) AppleWebKit/537.36 (KHTML, like Gecko) Mobile Safari/537.36 (compatible; PetalBot;+https://webmaster.petalsearch.com/site/petalbot)" 
114.119.130.95 - - [15/Apr/2021:22:14:24 -0700] "GET /self.logs/access.log.2018-09-15.gz HTTP/1.1" 200 24240 "-" "Mozilla/5.0 (Linux; Android 7.0;) AppleWebKit/537.36 (KHTML, like Gecko) Mobile Safari/537.36 (compatible; PetalBot;+https://webmaster.petalsearch.com/site/petalbot)" 
85.208.98.53 - - [15/Apr/2021:22:15:41 -0700] "GET /robots.txt HTTP/1.1" 200 377 "-" "Apache-HttpClient/4.5.3 (Java/1.8.0_275)" 
85.208.98.53 - - [15/Apr/2021:22:15:41 -0700] "GET /self.logs/ HTTP/1.1" 200 28811 "-" "Mozilla/5.0 (compatible; SemrushBot-SI/0.97; +http://www.semrush.com/bot.html)" 
114.119.129.244 - - [15/Apr/2021:22:16:05 -0700] "GET /self.logs/error.log.2020-12-22 HTTP/1.1" 200 351 "-" "Mozilla/5.0 (Linux; Android 7.0;) AppleWebKit/537.36 (KHTML, like Gecko) Mobile Safari/537.36 (compatible; PetalBot;+https://webmaster.petalsearch.com/site/petalbot)" 
114.119.130.95 - - [15/Apr/2021:22:17:36 -0700] "GET /self.logs/error.log.2018-12-02.gz HTTP/1.1" 200 4146 "-" "Mozilla/5.0 (Linux; Android 7.0;) AppleWebKit/537.36 (KHTML, like Gecko) Mobile Safari/537.36 (compatible; PetalBot;+https://webmaster.petalsearch.com/site/petalbot)" 
114.119.157.43 - - [15/Apr/2021:22:19:41 -0700] "GET /self.logs/error.log.2020-07-03 HTTP/1.1" 200 351 "-" "Mozilla/5.0 (Linux; Android 7.0;) AppleWebKit/537.36 (KHTML, like Gecko) Mobile Safari/537.36 (compatible; PetalBot;+https://webmaster.petalsearch.com/site/petalbot)" 
101.89.29.92 - - [15/Apr/2021:22:21:04 -0700] "GET /honeypot/BSidesDFW%20-%202014.ipynb HTTP/1.1" 200 483260 "-" "Mozilla/5.0 (iPhone; CPU iPhone OS 10_2_1 like Mac OS X) AppleWebKit/602.4.6 (KHTML, like Gecko) Mobile/14D27 MicroMessenger/6.5.5 NetType/WIFI Language/en" 
114.119.150.248 - - [15/Apr/2021:22:21:16 -0700] "GET /self.logs/2015/access.log.2015-10-05.gz HTTP/1.1" 200 3858 "-" "Mozilla/5.0 (Linux; Android 7.0;) AppleWebKit/537.36 (KHTML, like Gecko) Mobile Safari/537.36 (compatible; PetalBot;+https://webmaster.petalsearch.com/site/petalbot)" 
17.121.115.147 - - [15/Apr/2021:22:23:26 -0700] "GET /tg/tg_snort_fast.7z HTTP/1.1" 200 4274160 "-" "Mozilla/5.0 (Macintosh; Intel Mac OS X 10_15_5) AppleWebKit/605.1.15 (KHTML, like Gecko) Version/13.1.1 Safari/605.1.15 (Applebot/0.1; +http://www.apple.com/go/applebot)" 
114.119.150.248 - - [15/Apr/2021:22:23:29 -0700] "GET /self.logs/access.log.2019-06-24.gz HTTP/1.1" 200 32366 "-" "Mozilla/5.0 (Linux; Android 7.0;) AppleWebKit/537.36 (KHTML, like Gecko) Mobile Safari/537.36 (compatible; PetalBot;+https://webmaster.petalsearch.com/site/petalbot)" 
39.103.181.213 - - [15/Apr/2021:22:23:41 -0700] "GET /data/admin/allowurl.txt HTTP/1.1" 404 328 "-" "Mozilla/5.0 (Windows NT 10.0; WOW64; rv:48.0) Gecko/20100101 Firefox/48.0" 
114.119.140.84 - - [15/Apr/2021:22:27:27 -0700] "GET /self.logs/2015/access.log.2015-11-09.gz HTTP/1.1" 200 6210 "-" "Mozilla/5.0 (Linux; Android 7.0;) AppleWebKit/537.36 (KHTML, like Gecko) Mobile Safari/537.36 (compatible; PetalBot;+https://webmaster.petalsearch.com/site/petalbot)" 
114.119.129.244 - - [15/Apr/2021:22:27:41 -0700] "GET /self.logs/error.log.2020-01-03 HTTP/1.1" 200 1347 "-" "Mozilla/5.0 (Linux; Android 7.0;) AppleWebKit/537.36 (KHTML, like Gecko) Mobile Safari/537.36 (compatible; PetalBot;+https://webmaster.petalsearch.com/site/petalbot)" 
114.119.130.95 - - [15/Apr/2021:22:28:57 -0700] "GET /self.logs/2015/error.log.2015-07-29.gz HTTP/1.1" 200 805 "-" "Mozilla/5.0 (Linux; Android 7.0;) AppleWebKit/537.36 (KHTML, like Gecko) Mobile Safari/537.36 (compatible; PetalBot;+https://webmaster.petalsearch.com/site/petalbot)" 
111.202.100.88 - - [15/Apr/2021:22:30:11 -0700] "GET / HTTP/1.1" 200 12844 "-" "Sogou web spider/4.0(+http://www.sogou.com/docs/help/webmasters.htm#07)" 
114.119.130.95 - - [15/Apr/2021:22:32:26 -0700] "GET /self.logs/access.log.2019-03-06.gz HTTP/1.1" 200 78919 "-" "Mozilla/5.0 (Linux; Android 7.0;) AppleWebKit/537.36 (KHTML, like Gecko) Mobile Safari/537.36 (compatible; PetalBot;+https://webmaster.petalsearch.com/site/petalbot)" 
114.119.141.53 - - [15/Apr/2021:22:33:21 -0700] "GET /self.logs/access.log.2017-03-21.gz HTTP/1.1" 200 26785 "-" "Mozilla/5.0 (Linux; Android 7.0;) AppleWebKit/537.36 (KHTML, like Gecko) Mobile Safari/537.36 (compatible; PetalBot;+https://webmaster.petalsearch.com/site/petalbot)" 
66.249.64.70 - - [15/Apr/2021:22:35:34 -0700] "GET /ads.txt HTTP/1.1" 301 489 "-" "Mozilla/5.0 (compatible; Googlebot/2.1; +http://www.google.com/bot.html)" 
66.249.64.157 - - [15/Apr/2021:22:35:35 -0700] "GET /ads.txt HTTP/1.1" 404 328 "-" "Mozilla/5.0 (compatible; Googlebot/2.1; +http://www.google.com/bot.html)" 
114.119.129.244 - - [15/Apr/2021:22:35:51 -0700] "GET /self.logs/2016/error.log.2016-11-28.gz HTTP/1.1" 200 2337 "-" "Mozilla/5.0 (Linux; Android 7.0;) AppleWebKit/537.36 (KHTML, like Gecko) Mobile Safari/537.36 (compatible; PetalBot;+https://webmaster.petalsearch.com/site/petalbot)" 
114.119.159.40 - - [15/Apr/2021:22:37:22 -0700] "GET /self.logs/error.log.2018-09-07.gz HTTP/1.1" 200 7073 "-" "Mozilla/5.0 (Linux; Android 7.0;) AppleWebKit/537.36 (KHTML, like Gecko) Mobile Safari/537.36 (compatible; PetalBot;+https://webmaster.petalsearch.com/site/petalbot)" 
114.119.159.40 - - [15/Apr/2021:22:40:15 -0700] "GET /self.logs/2015/error.log.2015-11-06.gz HTTP/1.1" 200 772 "-" "Mozilla/5.0 (Linux; Android 7.0;) AppleWebKit/537.36 (KHTML, like Gecko) Mobile Safari/537.36 (compatible; PetalBot;+https://webmaster.petalsearch.com/site/petalbot)" 
66.249.64.129 - - [15/Apr/2021:22:41:52 -0700] "GET /self.logs/ HTTP/1.1" 200 28834 "-" "Mozilla/5.0 (compatible; Googlebot/2.1; +http://www.google.com/bot.html)" 
114.119.159.40 - - [15/Apr/2021:22:42:24 -0700] "GET /self.logs/2015/error.log.2015-06-14.gz HTTP/1.1" 200 986 "-" "Mozilla/5.0 (Linux; Android 7.0;) AppleWebKit/537.36 (KHTML, like Gecko) Mobile Safari/537.36 (compatible; PetalBot;+https://webmaster.petalsearch.com/site/petalbot)" 
40.77.167.61 - - [15/Apr/2021:22:42:58 -0700] "GET /self.logs/2016/access.log.2016-10-10.gz HTTP/1.1" 304 280 "-" "Mozilla/5.0 (compatible; bingbot/2.0; +http://www.bing.com/bingbot.htm)" 
114.119.129.244 - - [15/Apr/2021:22:43:44 -0700] "GET /self.logs/access.log.2020-05-22.gz HTTP/1.1" 200 9557 "-" "Mozilla/5.0 (Linux; Android 7.0;) AppleWebKit/537.36 (KHTML, like Gecko) Mobile Safari/537.36 (compatible; PetalBot;+https://webmaster.petalsearch.com/site/petalbot)" 
114.119.159.101 - - [15/Apr/2021:22:45:37 -0700] "GET /self.logs/2016/error.log.2016-07-31.gz HTTP/1.1" 200 1176 "-" "Mozilla/5.0 (Linux; Android 7.0;) AppleWebKit/537.36 (KHTML, like Gecko) Mobile Safari/537.36 (compatible; PetalBot;+https://webmaster.petalsearch.com/site/petalbot)" 
114.119.140.84 - - [15/Apr/2021:22:47:46 -0700] "GET /self.logs/access.log.2019-06-30.gz HTTP/1.1" 200 24648 "-" "Mozilla/5.0 (Linux; Android 7.0;) AppleWebKit/537.36 (KHTML, like Gecko) Mobile Safari/537.36 (compatible; PetalBot;+https://webmaster.petalsearch.com/site/petalbot)" 
36.112.66.180 - - [15/Apr/2021:22:50:11 -0700] "GET / HTTP/1.1" 200 12882 "-" "Mozilla/5.0 (Windows NT 10.0; Win64; x64) AppleWebKit/537.36 (KHTML, like Gecko) Chrome/89.0.4389.128 Safari/537.36" 
36.112.66.180 - - [15/Apr/2021:22:50:11 -0700] "GET /css/style.css HTTP/1.1" 404 305 "http://www.secrepo.com/" "Mozilla/5.0 (Windows NT 10.0; Win64; x64) AppleWebKit/537.36 (KHTML, like Gecko) Chrome/89.0.4389.128 Safari/537.36" 
36.112.66.180 - - [15/Apr/2021:22:50:11 -0700] "GET /GitHub-Mark.png HTTP/1.1" 200 7556 "http://www.secrepo.com/" "Mozilla/5.0 (Windows NT 10.0; Win64; x64) AppleWebKit/537.36 (KHTML, like Gecko) Chrome/89.0.4389.128 Safari/537.36" 
36.112.66.179 - - [15/Apr/2021:22:50:11 -0700] "GET /twitter-icon.png HTTP/1.1" 200 27916 "http://www.secrepo.com/" "Mozilla/5.0 (Windows NT 10.0; Win64; x64) AppleWebKit/537.36 (KHTML, like Gecko) Chrome/89.0.4389.128 Safari/537.36" 
114.119.159.40 - - [15/Apr/2021:22:50:28 -0700] "GET /self.logs/2016/error.log.2016-08-08.gz HTTP/1.1" 200 992 "-" "Mozilla/5.0 (Linux; Android 7.0;) AppleWebKit/537.36 (KHTML, like Gecko) Mobile Safari/537.36 (compatible; PetalBot;+https://webmaster.petalsearch.com/site/petalbot)" 
114.119.130.95 - - [15/Apr/2021:22:51:40 -0700] "GET /self.logs/2016/error.log.2016-10-18.gz HTTP/1.1" 200 871 "-" "Mozilla/5.0 (Linux; Android 7.0;) AppleWebKit/537.36 (KHTML, like Gecko) Mobile Safari/537.36 (compatible; PetalBot;+https://webmaster.petalsearch.com/site/petalbot)" 
114.119.144.30 - - [15/Apr/2021:22:53:14 -0700] "GET /self.logs/error.log.2018-05-10.gz HTTP/1.1" 200 3993 "-" "Mozilla/5.0 (Linux; Android 7.0;) AppleWebKit/537.36 (KHTML, like Gecko) Mobile Safari/537.36 (compatible; PetalBot;+https://webmaster.petalsearch.com/site/petalbot)" 
213.79.104.202 - - [15/Apr/2021:22:53:31 -0700] "GET / HTTP/1.1" 200 12882 "-" "Mozilla/5.0 (Windows NT 10.0; Win64; x64; rv:86.0) Gecko/20100101 Firefox/86.0" 
213.79.104.202 - - [15/Apr/2021:22:53:32 -0700] "GET /css/style.css HTTP/1.1" 404 305 "http://www.secrepo.com/" "Mozilla/5.0 (Windows NT 10.0; Win64; x64; rv:86.0) Gecko/20100101 Firefox/86.0" 
213.79.104.202 - - [15/Apr/2021:22:53:32 -0700] "GET /GitHub-Mark.png HTTP/1.1" 200 7533 "http://www.secrepo.com/" "Mozilla/5.0 (Windows NT 10.0; Win64; x64; rv:86.0) Gecko/20100101 Firefox/86.0" 
114.119.159.40 - - [15/Apr/2021:22:55:11 -0700] "GET /self.logs/2016/access.log.2016-07-30.gz HTTP/1.1" 200 5658 "-" "Mozilla/5.0 (Linux; Android 7.0;) AppleWebKit/537.36 (KHTML, like Gecko) Mobile Safari/537.36 (compatible; PetalBot;+https://webmaster.petalsearch.com/site/petalbot)" 
114.119.144.30 - - [15/Apr/2021:22:57:33 -0700] "GET /self.logs/access.log.2020-08-17.gz HTTP/1.1" 200 18956 "-" "Mozilla/5.0 (Linux; Android 7.0;) AppleWebKit/537.36 (KHTML, like Gecko) Mobile Safari/537.36 (compatible; PetalBot;+https://webmaster.petalsearch.com/site/petalbot)" 
114.119.130.95 - - [15/Apr/2021:22:59:52 -0700] "GET /self.logs/access.log.2017-12-21.gz HTTP/1.1" 200 24012 "-" "Mozilla/5.0 (Linux; Android 7.0;) AppleWebKit/537.36 (KHTML, like Gecko) Mobile Safari/537.36 (compatible; PetalBot;+https://webmaster.petalsearch.com/site/petalbot)" 
114.119.144.30 - - [15/Apr/2021:23:01:17 -0700] "GET /self.logs/2015/access.log.2015-09-05.gz HTTP/1.1" 200 3028 "-" "Mozilla/5.0 (Linux; Android 7.0;) AppleWebKit/537.36 (KHTML, like Gecko) Mobile Safari/537.36 (compatible; PetalBot;+https://webmaster.petalsearch.com/site/petalbot)" 
114.119.157.43 - - [15/Apr/2021:23:03:41 -0700] "GET /%23about HTTP/1.1" 404 328 "-" "Mozilla/5.0 (Linux; Android 7.0;) AppleWebKit/537.36 (KHTML, like Gecko) Mobile Safari/537.36 (compatible; PetalBot;+https://webmaster.petalsearch.com/site/petalbot)" 
114.119.159.101 - - [15/Apr/2021:23:05:21 -0700] "GET /self.logs/2016/access.log.2016-05-02.gz HTTP/1.1" 200 11182 "-" "Mozilla/5.0 (Linux; Android 7.0;) AppleWebKit/537.36 (KHTML, like Gecko) Mobile Safari/537.36 (compatible; PetalBot;+https://webmaster.petalsearch.com/site/petalbot)" 
114.119.159.101 - - [15/Apr/2021:23:07:04 -0700] "GET /self.logs/2016/error.log.2016-08-23.gz HTTP/1.1" 200 841 "-" "Mozilla/5.0 (Linux; Android 7.0;) AppleWebKit/537.36 (KHTML, like Gecko) Mobile Safari/537.36 (compatible; PetalBot;+https://webmaster.petalsearch.com/site/petalbot)" 
114.119.130.95 - - [15/Apr/2021:23:09:22 -0700] "GET /self.logs/access.log.2020-01-20.gz HTTP/1.1" 200 13367 "-" "Mozilla/5.0 (Linux; Android 7.0;) AppleWebKit/537.36 (KHTML, like Gecko) Mobile Safari/537.36 (compatible; PetalBot;+https://webmaster.petalsearch.com/site/petalbot)" 
13.66.139.110 - - [15/Apr/2021:23:11:26 -0700] "GET / HTTP/1.1" 301 475 "-" "Mozilla/5.0 (compatible; bingbot/2.0; +http://www.bing.com/bingbot.htm)" 
13.66.139.110 - - [15/Apr/2021:23:13:01 -0700] "GET / HTTP/1.1" 200 12881 "-" "Mozilla/5.0 (compatible; bingbot/2.0; +http://www.bing.com/bingbot.htm)" 
114.119.157.43 - - [15/Apr/2021:23:13:19 -0700] "GET /self.logs/access.log.2018-06-16.gz HTTP/1.1" 200 17479 "-" "Mozilla/5.0 (Linux; Android 7.0;) AppleWebKit/537.36 (KHTML, like Gecko) Mobile Safari/537.36 (compatible; PetalBot;+https://webmaster.petalsearch.com/site/petalbot)" 
111.202.100.88 - - [15/Apr/2021:23:13:26 -0700] "GET / HTTP/1.1" 200 12844 "-" "Sogou web spider/4.0(+http://www.sogou.com/docs/help/webmasters.htm#07)" 
114.119.130.95 - - [15/Apr/2021:23:16:02 -0700] "GET /self.logs/2016/access.log.2016-02-06.gz HTTP/1.1" 200 5827 "-" "Mozilla/5.0 (Linux; Android 7.0;) AppleWebKit/537.36 (KHTML, like Gecko) Mobile Safari/537.36 (compatible; PetalBot;+https://webmaster.petalsearch.com/site/petalbot)" 
49.7.20.105 - - [15/Apr/2021:23:16:43 -0700] "GET / HTTP/1.1" 200 12845 "-" "Sogou web spider/4.0(+http://www.sogou.com/docs/help/webmasters.htm#07)" 
114.119.130.95 - - [15/Apr/2021:23:18:26 -0700] "GET /self.logs/2015/access.log.2015-03-09.gz HTTP/1.1" 200 6475 "-" "Mozilla/5.0 (Linux; Android 7.0;) AppleWebKit/537.36 (KHTML, like Gecko) Mobile Safari/537.36 (compatible; PetalBot;+https://webmaster.petalsearch.com/site/petalbot)" 
114.119.155.228 - - [15/Apr/2021:23:20:44 -0700] "GET /self.logs/2015/error.log.2015-08-16.gz HTTP/1.1" 200 2751 "-" "Mozilla/5.0 (Linux; Android 7.0;) AppleWebKit/537.36 (KHTML, like Gecko) Mobile Safari/537.36 (compatible; PetalBot;+https://webmaster.petalsearch.com/site/petalbot)" 
38.128.66.10 - - [15/Apr/2021:23:20:45 -0700] "GET / HTTP/1.1" 200 12882 "-" "Mozilla/5.0 (Windows NT 5.1) brokenlinkcheck.com/1.2" 
111.202.101.156 - - [15/Apr/2021:23:20:58 -0700] "GET / HTTP/1.1" 301 438 "-" "Sogou web spider/4.0(+http://www.sogou.com/docs/help/webmasters.htm#07)" 
114.119.159.101 - - [15/Apr/2021:23:22:09 -0700] "GET /self.logs/access.log.2017-04-27.gz HTTP/1.1" 200 13965 "-" "Mozilla/5.0 (Linux; Android 7.0;) AppleWebKit/537.36 (KHTML, like Gecko) Mobile Safari/537.36 (compatible; PetalBot;+https://webmaster.petalsearch.com/site/petalbot)" 
114.119.155.228 - - [15/Apr/2021:23:24:29 -0700] "GET /self.logs/2016/error.log.2016-12-03.gz HTTP/1.1" 200 973 "-" "Mozilla/5.0 (Linux; Android 7.0;) AppleWebKit/537.36 (KHTML, like Gecko) Mobile Safari/537.36 (compatible; PetalBot;+https://webmaster.petalsearch.com/site/petalbot)" 
114.119.140.84 - - [15/Apr/2021:23:26:17 -0700] "GET /self.logs/2015/access.log.2015-10-13.gz HTTP/1.1" 200 12355 "-" "Mozilla/5.0 (Linux; Android 7.0;) AppleWebKit/537.36 (KHTML, like Gecko) Mobile Safari/537.36 (compatible; PetalBot;+https://webmaster.petalsearch.com/site/petalbot)" 
111.202.100.91 - - [15/Apr/2021:23:27:26 -0700] "GET / HTTP/1.1" 200 12845 "-" "Sogou web spider/4.0(+http://www.sogou.com/docs/help/webmasters.htm#07)" 
114.119.130.95 - - [15/Apr/2021:23:29:01 -0700] "GET /self.logs/error.log.2018-02-02.gz HTTP/1.1" 200 4043 "-" "Mozilla/5.0 (Linux; Android 7.0;) AppleWebKit/537.36 (KHTML, like Gecko) Mobile Safari/537.36 (compatible; PetalBot;+https://webmaster.petalsearch.com/site/petalbot)" 
114.119.159.101 - - [15/Apr/2021:23:30:35 -0700] "GET /self.logs/2015/access.log.2015-07-10.gz HTTP/1.1" 200 4064 "-" "Mozilla/5.0 (Linux; Android 7.0;) AppleWebKit/537.36 (KHTML, like Gecko) Mobile Safari/537.36 (compatible; PetalBot;+https://webmaster.petalsearch.com/site/petalbot)" 
114.119.129.244 - - [15/Apr/2021:23:31:50 -0700] "GET /self.logs/access.log.2020-09-20.gz HTTP/1.1" 200 16034 "-" "Mozilla/5.0 (Linux; Android 7.0;) AppleWebKit/537.36 (KHTML, like Gecko) Mobile Safari/537.36 (compatible; PetalBot;+https://webmaster.petalsearch.com/site/petalbot)" 
114.119.129.244 - - [15/Apr/2021:23:33:43 -0700] "GET /self.logs/error.log.2019-05-15.gz HTTP/1.1" 200 5287 "-" "Mozilla/5.0 (Linux; Android 7.0;) AppleWebKit/537.36 (KHTML, like Gecko) Mobile Safari/537.36 (compatible; PetalBot;+https://webmaster.petalsearch.com/site/petalbot)" 
123.183.224.116 - - [15/Apr/2021:23:35:00 -0700] "GET / HTTP/1.1" 301 438 "-" "Sogou web spider/4.0(+http://www.sogou.com/docs/help/webmasters.htm#07)" 
114.119.144.30 - - [15/Apr/2021:23:35:37 -0700] "GET /self.logs/2016/error.log.2016-05-05.gz HTTP/1.1" 200 790 "-" "Mozilla/5.0 (Linux; Android 7.0;) AppleWebKit/537.36 (KHTML, like Gecko) Mobile Safari/537.36 (compatible; PetalBot;+https://webmaster.petalsearch.com/site/petalbot)" 
114.119.140.84 - - [15/Apr/2021:23:37:29 -0700] "GET /self.logs/error.log.2019-11-17.gz HTTP/1.1" 200 1465 "-" "Mozilla/5.0 (Linux; Android 7.0;) AppleWebKit/537.36 (KHTML, like Gecko) Mobile Safari/537.36 (compatible; PetalBot;+https://webmaster.petalsearch.com/site/petalbot)" 
123.183.224.116 - - [15/Apr/2021:23:37:45 -0700] "GET / HTTP/1.1" 200 12845 "-" "Sogou web spider/4.0(+http://www.sogou.com/docs/help/webmasters.htm#07)" 
114.119.159.101 - - [15/Apr/2021:23:39:14 -0700] "GET /self.logs/2015/error.log.2015-12-20.gz HTTP/1.1" 200 1495 "-" "Mozilla/5.0 (Linux; Android 7.0;) AppleWebKit/537.36 (KHTML, like Gecko) Mobile Safari/537.36 (compatible; PetalBot;+https://webmaster.petalsearch.com/site/petalbot)" 
148.251.69.139 - - [15/Apr/2021:23:41:23 -0700] "GET /robots.txt HTTP/1.1" 200 377 "-" "Mozilla/5.0 (compatible; MJ12bot/v1.4.8; http://mj12bot.com/)" 
148.251.69.139 - - [15/Apr/2021:23:41:28 -0700] "GET /Datasets%20Description/HTML_Bro_log_3/ HTTP/1.1" 200 779 "-" "Mozilla/5.0 (compatible; MJ12bot/v1.4.8; http://mj12bot.com/)" 
114.119.150.248 - - [15/Apr/2021:23:42:05 -0700] "GET /self.logs/error.log.2018-01-24.gz HTTP/1.1" 200 3395 "-" "Mozilla/5.0 (Linux; Android 7.0;) AppleWebKit/537.36 (KHTML, like Gecko) Mobile Safari/537.36 (compatible; PetalBot;+https://webmaster.petalsearch.com/site/petalbot)" 
111.202.101.150 - - [15/Apr/2021:23:42:09 -0700] "GET / HTTP/1.1" 200 12845 "-" "Sogou web spider/4.0(+http://www.sogou.com/docs/help/webmasters.htm#07)" 
114.119.159.101 - - [15/Apr/2021:23:43:08 -0700] "GET /self.logs/2016/error.log.2016-03-31.gz HTTP/1.1" 200 949 "-" "Mozilla/5.0 (Linux; Android 7.0;) AppleWebKit/537.36 (KHTML, like Gecko) Mobile Safari/537.36 (compatible; PetalBot;+https://webmaster.petalsearch.com/site/petalbot)" 
111.202.101.151 - - [15/Apr/2021:23:45:09 -0700] "GET / HTTP/1.1" 200 12845 "-" "Sogou web spider/4.0(+http://www.sogou.com/docs/help/webmasters.htm#07)" 
114.119.159.40 - - [15/Apr/2021:23:45:21 -0700] "GET /self.logs/2016/access.log.2016-10-30.gz HTTP/1.1" 200 12685 "-" "Mozilla/5.0 (Linux; Android 7.0;) AppleWebKit/537.36 (KHTML, like Gecko) Mobile Safari/537.36 (compatible; PetalBot;+https://webmaster.petalsearch.com/site/petalbot)" 
114.119.150.248 - - [15/Apr/2021:23:47:28 -0700] "GET /self.logs/2015/access.log.2015-08-01.gz HTTP/1.1" 200 3767 "-" "Mozilla/5.0 (Linux; Android 7.0;) AppleWebKit/537.36 (KHTML, like Gecko) Mobile Safari/537.36 (compatible; PetalBot;+https://webmaster.petalsearch.com/site/petalbot)" 
111.202.101.150 - - [15/Apr/2021:23:48:43 -0700] "GET / HTTP/1.1" 200 12844 "-" "Sogou web spider/4.0(+http://www.sogou.com/docs/help/webmasters.htm#07)" 
114.119.129.244 - - [15/Apr/2021:23:49:28 -0700] "GET /self.logs/2015/access.log.2015-04-20.gz HTTP/1.1" 200 4300 "-" "Mozilla/5.0 (Linux; Android 7.0;) AppleWebKit/537.36 (KHTML, like Gecko) Mobile Safari/537.36 (compatible; PetalBot;+https://webmaster.petalsearch.com/site/petalbot)" 
95.163.255.57 - - [15/Apr/2021:23:49:56 -0700] "GET /robots.txt HTTP/1.0" 200 340 "-" "Mozilla/5.0 (compatible; Linux x86_64; Mail.RU_Bot/2.0; +http://go.mail.ru/help/robots)" 
95.163.255.57 - - [15/Apr/2021:23:49:58 -0700] "GET /Datasets%20Description/Network/files.html HTTP/1.1" 200 1495 "-" "Mozilla/5.0 (compatible; Linux x86_64; Mail.RU_Bot/2.0; +http://go.mail.ru/help/robots)" 
114.119.140.84 - - [15/Apr/2021:23:51:50 -0700] "GET /self.logs/access.log.2020-01-11.gz HTTP/1.1" 200 17187 "-" "Mozilla/5.0 (Linux; Android 7.0;) AppleWebKit/537.36 (KHTML, like Gecko) Mobile Safari/537.36 (compatible; PetalBot;+https://webmaster.petalsearch.com/site/petalbot)" 
114.119.140.84 - - [15/Apr/2021:23:54:02 -0700] "GET /self.logs/2015/error.log.2015-04-22.gz HTTP/1.1" 200 5670 "-" "Mozilla/5.0 (Linux; Android 7.0;) AppleWebKit/537.36 (KHTML, like Gecko) Mobile Safari/537.36 (compatible; PetalBot;+https://webmaster.petalsearch.com/site/petalbot)" 
111.202.101.150 - - [15/Apr/2021:23:54:29 -0700] "GET / HTTP/1.1" 200 12844 "-" "Sogou web spider/4.0(+http://www.sogou.com/docs/help/webmasters.htm#07)" 
111.202.100.88 - - [15/Apr/2021:23:54:54 -0700] "GET / HTTP/1.1" 200 12844 "-" "Sogou web spider/4.0(+http://www.sogou.com/docs/help/webmasters.htm#07)" 
114.119.130.95 - - [15/Apr/2021:23:56:06 -0700] "GET /self.logs/access.log.2017-10-19.gz HTTP/1.1" 200 52974 "-" "Mozilla/5.0 (Linux; Android 7.0;) AppleWebKit/537.36 (KHTML, like Gecko) Mobile Safari/537.36 (compatible; PetalBot;+https://webmaster.petalsearch.com/site/petalbot)" 
114.119.130.95 - - [15/Apr/2021:23:58:41 -0700] "GET /self.logs/2015/access.log.2015-11-17.gz HTTP/1.1" 200 5664 "-" "Mozilla/5.0 (Linux; Android 7.0;) AppleWebKit/537.36 (KHTML, like Gecko) Mobile Safari/537.36 (compatible; PetalBot;+https://webmaster.petalsearch.com/site/petalbot)" 
111.202.101.150 - - [15/Apr/2021:23:59:58 -0700] "GET / HTTP/1.1" 200 12844 "-" "Sogou web spider/4.0(+http://www.sogou.com/docs/help/webmasters.htm#07)" 
114.119.130.95 - - [16/Apr/2021:00:01:08 -0700] "GET /self.logs/access.log.2019-03-03.gz HTTP/1.1" 200 24360 "-" "Mozilla/5.0 (Linux; Android 7.0;) AppleWebKit/537.36 (KHTML, like Gecko) Mobile Safari/537.36 (compatible; PetalBot;+https://webmaster.petalsearch.com/site/petalbot)" 
114.119.159.40 - - [16/Apr/2021:00:02:57 -0700] "GET /self.logs/error.log.2019-10-12.gz HTTP/1.1" 200 870 "-" "Mozilla/5.0 (Linux; Android 7.0;) AppleWebKit/537.36 (KHTML, like Gecko) Mobile Safari/537.36 (compatible; PetalBot;+https://webmaster.petalsearch.com/site/petalbot)" 
95.163.255.56 - - [16/Apr/2021:00:03:28 -0700] "GET /Datasets%20Description/PE_malware/VirusShare.html HTTP/1.1" 200 1614 "-" "Mozilla/5.0 (compatible; Linux x86_64; Mail.RU_Bot/2.0; +http://go.mail.ru/help/robots)" 
114.119.140.84 - - [16/Apr/2021:00:05:15 -0700] "GET /self.logs/error.log.2020-02-12.gz HTTP/1.1" 200 974 "-" "Mozilla/5.0 (Linux; Android 7.0;) AppleWebKit/537.36 (KHTML, like Gecko) Mobile Safari/537.36 (compatible; PetalBot;+https://webmaster.petalsearch.com/site/petalbot)" 
111.202.101.150 - - [16/Apr/2021:00:05:55 -0700] "GET / HTTP/1.1" 200 12844 "-" "Sogou web spider/4.0(+http://www.sogou.com/docs/help/webmasters.htm#07)" 
17.121.113.240 - - [16/Apr/2021:00:06:38 -0700] "GET /bootstrap/img/favicon.ico HTTP/1.1" 200 669 "-" "Mozilla/5.0 (Macintosh; Intel Mac OS X 10_15_5) AppleWebKit/605.1.15 (KHTML, like Gecko) Version/13.1.1 Safari/605.1.15 (Applebot/0.1; +http://www.apple.com/go/applebot)" 
114.119.129.244 - - [16/Apr/2021:00:06:42 -0700] "GET /self.logs/access.log.2019-11-19.gz HTTP/1.1" 200 30740 "-" "Mozilla/5.0 (Linux; Android 7.0;) AppleWebKit/537.36 (KHTML, like Gecko) Mobile Safari/537.36 (compatible; PetalBot;+https://webmaster.petalsearch.com/site/petalbot)" 
111.202.101.150 - - [16/Apr/2021:00:11:11 -0700] "GET / HTTP/1.1" 200 12844 "-" "Sogou web spider/4.0(+http://www.sogou.com/docs/help/webmasters.htm#07)" 
114.119.159.101 - - [16/Apr/2021:00:11:46 -0700] "GET /self.logs/2016/error.log.2016-07-04.gz HTTP/1.1" 200 614 "-" "Mozilla/5.0 (Linux; Android 7.0;) AppleWebKit/537.36 (KHTML, like Gecko) Mobile Safari/537.36 (compatible; PetalBot;+https://webmaster.petalsearch.com/site/petalbot)" 
114.119.144.30 - - [16/Apr/2021:00:12:36 -0700] "GET /self.logs/error.log.2020-05-01 HTTP/1.1" 200 351 "-" "Mozilla/5.0 (Linux; Android 7.0;) AppleWebKit/537.36 (KHTML, like Gecko) Mobile Safari/537.36 (compatible; PetalBot;+https://webmaster.petalsearch.com/site/petalbot)" 
114.119.150.248 - - [16/Apr/2021:00:15:17 -0700] "GET /self.logs/2016/error.log.2016-01-18.gz HTTP/1.1" 200 1206 "-" "Mozilla/5.0 (Linux; Android 7.0;) AppleWebKit/537.36 (KHTML, like Gecko) Mobile Safari/537.36 (compatible; PetalBot;+https://webmaster.petalsearch.com/site/petalbot)" 
114.119.159.101 - - [16/Apr/2021:00:16:33 -0700] "GET /self.logs/error.log.2019-02-27.gz HTTP/1.1" 200 5681 "-" "Mozilla/5.0 (Linux; Android 7.0;) AppleWebKit/537.36 (KHTML, like Gecko) Mobile Safari/537.36 (compatible; PetalBot;+https://webmaster.petalsearch.com/site/petalbot)" 
111.202.101.150 - - [16/Apr/2021:00:16:34 -0700] "GET / HTTP/1.1" 200 12845 "-" "Sogou web spider/4.0(+http://www.sogou.com/docs/help/webmasters.htm#07)" 
101.12.59.221 - - [16/Apr/2021:00:19:50 -0700] "GET /Security-Data-Analysis/Lab_1/conn.log.zip HTTP/1.1" 200 78960 "-" "Mozilla/5.0 (Windows NT 10.0; Win64; x64) AppleWebKit/537.36 (KHTML, like Gecko) Chrome/89.0.4389.114 Safari/537.36" 
101.12.59.221 - - [16/Apr/2021:00:19:58 -0700] "GET /Security-Data-Analysis/Lab_1/conn.log.zip HTTP/1.1" 206 447 "-" "Mozilla/5.0 (Windows NT 10.0; Win64; x64) AppleWebKit/537.36 (KHTML, like Gecko) Chrome/89.0.4389.114 Safari/537.36" 
101.12.59.221 - - [16/Apr/2021:00:19:58 -0700] "GET /Security-Data-Analysis/Lab_1/conn.log.zip HTTP/1.1" 206 78960 "-" "Mozilla/5.0 (Windows NT 10.0; Win64; x64) AppleWebKit/537.36 (KHTML, like Gecko) Chrome/89.0.4389.114 Safari/537.36" 
114.119.159.40 - - [16/Apr/2021:00:20:00 -0700] "GET /self.logs/access.log.2020-10-06.gz HTTP/1.1" 200 14793 "-" "Mozilla/5.0 (Linux; Android 7.0;) AppleWebKit/537.36 (KHTML, like Gecko) Mobile Safari/537.36 (compatible; PetalBot;+https://webmaster.petalsearch.com/site/petalbot)" 
101.12.59.221 - - [16/Apr/2021:00:20:02 -0700] "GET /Security-Data-Analysis/Lab_1/conn.log.zip HTTP/1.1" 206 447 "-" "Mozilla/5.0 (Windows NT 10.0; Win64; x64) AppleWebKit/537.36 (KHTML, like Gecko) Chrome/89.0.4389.114 Safari/537.36" 
101.12.59.221 - - [16/Apr/2021:00:20:02 -0700] "GET /Security-Data-Analysis/Lab_1/conn.log.zip HTTP/1.1" 206 78960 "-" "Mozilla/5.0 (Windows NT 10.0; Win64; x64) AppleWebKit/537.36 (KHTML, like Gecko) Chrome/89.0.4389.114 Safari/537.36" 
101.12.59.221 - - [16/Apr/2021:00:20:11 -0700] "GET /Security-Data-Analysis/Lab_1/conn.log.zip HTTP/1.1" 206 447 "-" "Mozilla/5.0 (Windows NT 10.0; Win64; x64) AppleWebKit/537.36 (KHTML, like Gecko) Chrome/89.0.4389.114 Safari/537.36" 
101.12.59.221 - - [16/Apr/2021:00:20:11 -0700] "GET /Security-Data-Analysis/Lab_1/conn.log.zip HTTP/1.1" 206 78960 "-" "Mozilla/5.0 (Windows NT 10.0; Win64; x64) AppleWebKit/537.36 (KHTML, like Gecko) Chrome/89.0.4389.114 Safari/537.36" 
111.202.101.151 - - [16/Apr/2021:00:20:50 -0700] "GET / HTTP/1.1" 200 12845 "-" "Sogou web spider/4.0(+http://www.sogou.com/docs/help/webmasters.htm#07)" 
114.119.159.40 - - [16/Apr/2021:00:21:19 -0700] "GET /self.logs/error.log.2019-12-08 HTTP/1.1" 200 351 "-" "Mozilla/5.0 (Linux; Android 7.0;) AppleWebKit/537.36 (KHTML, like Gecko) Mobile Safari/537.36 (compatible; PetalBot;+https://webmaster.petalsearch.com/site/petalbot)" 
114.119.144.30 - - [16/Apr/2021:00:22:47 -0700] "GET /self.logs/error.log.2020-06-30.gz HTTP/1.1" 200 2228 "-" "Mozilla/5.0 (Linux; Android 7.0;) AppleWebKit/537.36 (KHTML, like Gecko) Mobile Safari/537.36 (compatible; PetalBot;+https://webmaster.petalsearch.com/site/petalbot)" 
111.202.101.150 - - [16/Apr/2021:00:22:50 -0700] "GET / HTTP/1.1" 200 12845 "-" "Sogou web spider/4.0(+http://www.sogou.com/docs/help/webmasters.htm#07)" 
114.119.159.101 - - [16/Apr/2021:00:25:30 -0700] "GET /self.logs/error.log.2019-09-05.gz HTTP/1.1" 200 2721 "-" "Mozilla/5.0 (Linux; Android 7.0;) AppleWebKit/537.36 (KHTML, like Gecko) Mobile Safari/537.36 (compatible; PetalBot;+https://webmaster.petalsearch.com/site/petalbot)" 
114.119.140.84 - - [16/Apr/2021:00:27:34 -0700] "GET /self.logs/access.log.2017-04-02.gz HTTP/1.1" 200 22240 "-" "Mozilla/5.0 (Linux; Android 7.0;) AppleWebKit/537.36 (KHTML, like Gecko) Mobile Safari/537.36 (compatible; PetalBot;+https://webmaster.petalsearch.com/site/petalbot)" 
114.119.140.84 - - [16/Apr/2021:00:29:12 -0700] "GET /self.logs/access.log.2017-04-03.gz HTTP/1.1" 200 33888 "-" "Mozilla/5.0 (Linux; Android 7.0;) AppleWebKit/537.36 (KHTML, like Gecko) Mobile Safari/537.36 (compatible; PetalBot;+https://webmaster.petalsearch.com/site/petalbot)" 
114.119.157.43 - - [16/Apr/2021:00:30:53 -0700] "GET /self.logs/2015/access.log.2015-08-18.gz HTTP/1.1" 200 10693 "-" "Mozilla/5.0 (Linux; Android 7.0;) AppleWebKit/537.36 (KHTML, like Gecko) Mobile Safari/537.36 (compatible; PetalBot;+https://webmaster.petalsearch.com/site/petalbot)" 
49.7.20.105 - - [16/Apr/2021:00:31:57 -0700] "GET / HTTP/1.1" 200 12845 "-" "Sogou web spider/4.0(+http://www.sogou.com/docs/help/webmasters.htm#07)" 
114.119.129.244 - - [16/Apr/2021:00:33:20 -0700] "GET /self.logs/access.log.2017-06-19.gz HTTP/1.1" 200 27814 "-" "Mozilla/5.0 (Linux; Android 7.0;) AppleWebKit/537.36 (KHTML, like Gecko) Mobile Safari/537.36 (compatible; PetalBot;+https://webmaster.petalsearch.com/site/petalbot)" 
111.202.101.150 - - [16/Apr/2021:00:33:46 -0700] "GET / HTTP/1.1" 200 12845 "-" "Sogou web spider/4.0(+http://www.sogou.com/docs/help/webmasters.htm#07)" 
114.119.159.40 - - [16/Apr/2021:00:35:22 -0700] "GET /self.logs/error.log.2020-11-22 HTTP/1.1" 200 351 "-" "Mozilla/5.0 (Linux; Android 7.0;) AppleWebKit/537.36 (KHTML, like Gecko) Mobile Safari/537.36 (compatible; PetalBot;+https://webmaster.petalsearch.com/site/petalbot)" 
114.119.144.30 - - [16/Apr/2021:00:36:57 -0700] "GET /self.logs/2015/error.log.2015-09-30.gz HTTP/1.1" 200 808 "-" "Mozilla/5.0 (Linux; Android 7.0;) AppleWebKit/537.36 (KHTML, like Gecko) Mobile Safari/537.36 (compatible; PetalBot;+https://webmaster.petalsearch.com/site/petalbot)" 
114.119.130.95 - - [16/Apr/2021:00:41:12 -0700] "GET /self.logs/access.log.2020-08-06.gz HTTP/1.1" 200 35795 "-" "Mozilla/5.0 (Linux; Android 7.0;) AppleWebKit/537.36 (KHTML, like Gecko) Mobile Safari/537.36 (compatible; PetalBot;+https://webmaster.petalsearch.com/site/petalbot)" 
114.119.141.53 - - [16/Apr/2021:00:41:56 -0700] "GET /self.logs/error.log.2018-06-28.gz HTTP/1.1" 200 6183 "-" "Mozilla/5.0 (Linux; Android 7.0;) AppleWebKit/537.36 (KHTML, like Gecko) Mobile Safari/537.36 (compatible; PetalBot;+https://webmaster.petalsearch.com/site/petalbot)" 
83.28.212.162 - - [16/Apr/2021:00:43:09 -0700] "GET /bootstrap/img/favicon.ico HTTP/1.1" 304 263 "-" "Mozilla/5.0 (X11; Linux x86_64) AppleWebKit/537.36 (KHTML, like Gecko) Chrome/90.0.4430.72 Safari/537.36" 
114.119.155.228 - - [16/Apr/2021:00:43:39 -0700] "GET /self.logs/access.log.2018-02-14.gz HTTP/1.1" 200 21741 "-" "Mozilla/5.0 (Linux; Android 7.0;) AppleWebKit/537.36 (KHTML, like Gecko) Mobile Safari/537.36 (compatible; PetalBot;+https://webmaster.petalsearch.com/site/petalbot)" 
182.150.135.41 - - [16/Apr/2021:00:44:27 -0700] "GET / HTTP/1.1" 200 12882 "-" "Mozilla/5.0 (Macintosh; Intel Mac OS X 10_15_6) AppleWebKit/605.1.15 (KHTML, like Gecko)" 
182.150.135.41 - - [16/Apr/2021:00:44:27 -0700] "GET /apple-touch-icon-precomposed.png HTTP/1.1" 404 328 "-" "Safari%E6%B5%8F%E8%A7%88%E5%99%A8/16610.4.3.1.7 CFNetwork/1220.1 Darwin/20.3.0" 
182.150.135.41 - - [16/Apr/2021:00:44:28 -0700] "GET /apple-touch-icon.png HTTP/1.1" 404 305 "-" "Safari%E6%B5%8F%E8%A7%88%E5%99%A8/16610.4.3.1.7 CFNetwork/1220.1 Darwin/20.3.0" 
182.150.135.41 - - [16/Apr/2021:00:44:29 -0700] "GET / HTTP/1.1" 200 12882 "-" "Mozilla/5.0 (iPhone; CPU iPhone OS 13_1_3 like Mac OS X) AppleWebKit/605.1.15 (KHTML, like Gecko) Version/13.0.1 Mobile/15E148 Safari/604.1" 
182.150.135.41 - - [16/Apr/2021:00:44:29 -0700] "GET /apple-touch-icon-precomposed.png HTTP/1.1" 404 305 "-" "Safari%E6%B5%8F%E8%A7%88%E5%99%A8/16610.4.3.1.7 CFNetwork/1220.1 Darwin/20.3.0" 
182.150.135.41 - - [16/Apr/2021:00:44:29 -0700] "GET /apple-touch-icon.png HTTP/1.1" 404 305 "-" "Safari%E6%B5%8F%E8%A7%88%E5%99%A8/16610.4.3.1.7 CFNetwork/1220.1 Darwin/20.3.0" 
114.119.159.40 - - [16/Apr/2021:00:46:12 -0700] "GET /self.logs/error.log.2018-11-09.gz HTTP/1.1" 200 3906 "-" "Mozilla/5.0 (Linux; Android 7.0;) AppleWebKit/537.36 (KHTML, like Gecko) Mobile Safari/537.36 (compatible; PetalBot;+https://webmaster.petalsearch.com/site/petalbot)" 
111.202.100.88 - - [16/Apr/2021:00:46:14 -0700] "GET / HTTP/1.1" 200 12846 "-" "Sogou web spider/4.0(+http://www.sogou.com/docs/help/webmasters.htm#07)" 
61.164.47.199 - - [16/Apr/2021:00:47:19 -0700] "GET / HTTP/1.1" 200 12883 "-" "Mozilla/5.0 (Windows NT 10.0; Win64; x64) AppleWebKit/537.36 (KHTML, like Gecko) Chrome/79.0.3945.117 Safari/537.36" 
61.164.47.199 - - [16/Apr/2021:00:47:20 -0700] "GET /css/style.css HTTP/1.1" 404 328 "http://www.secrepo.com/" "Mozilla/5.0 (Windows NT 10.0; Win64; x64) AppleWebKit/537.36 (KHTML, like Gecko) Chrome/79.0.3945.117 Safari/537.36" 
61.164.47.199 - - [16/Apr/2021:00:47:20 -0700] "GET /twitter-icon.png HTTP/1.1" 200 27893 "http://www.secrepo.com/" "Mozilla/5.0 (Windows NT 10.0; Win64; x64) AppleWebKit/537.36 (KHTML, like Gecko) Chrome/79.0.3945.117 Safari/537.36" 
61.164.47.199 - - [16/Apr/2021:00:47:20 -0700] "GET /GitHub-Mark.png HTTP/1.1" 200 7533 "http://www.secrepo.com/" "Mozilla/5.0 (Windows NT 10.0; Win64; x64) AppleWebKit/537.36 (KHTML, like Gecko) Chrome/79.0.3945.117 Safari/537.36" 
61.164.47.199 - - [16/Apr/2021:00:47:25 -0700] "GET /bootstrap/img/favicon.ico HTTP/1.1" 200 713 "http://www.secrepo.com/" "Mozilla/5.0 (Windows NT 10.0; Win64; x64) AppleWebKit/537.36 (KHTML, like Gecko) Chrome/79.0.3945.117 Safari/537.36" 
49.7.20.102 - - [16/Apr/2021:00:48:03 -0700] "GET / HTTP/1.1" 200 12846 "-" "Sogou web spider/4.0(+http://www.sogou.com/docs/help/webmasters.htm#07)" 
47.57.242.55 - - [16/Apr/2021:00:48:08 -0700] "GET /maccdc2012/dhcp.log.gz HTTP/1.1" 200 44977 "http://www.secrepo.com/" "Mozilla/5.0 (Windows NT 10.0; Win64; x64) AppleWebKit/537.36 (KHTML, like Gecko) Chrome/89.0.4389.114 Safari/537.36" 
47.57.242.55 - - [16/Apr/2021:00:48:12 -0700] "GET /Datasets%20Description/Network/dhcp.html HTTP/1.1" 200 1461 "http://www.secrepo.com/" "Mozilla/5.0 (Windows NT 10.0; Win64; x64) AppleWebKit/537.36 (KHTML, like Gecko) Chrome/89.0.4389.114 Safari/537.36" 
47.57.242.55 - - [16/Apr/2021:00:48:12 -0700] "GET /favicon.ico HTTP/1.1" 200 368 "http://www.secrepo.com/Datasets%20Description/Network/dhcp.html" "Mozilla/5.0 (Windows NT 10.0; Win64; x64) AppleWebKit/537.36 (KHTML, like Gecko) Chrome/89.0.4389.114 Safari/537.36" 
114.119.140.84 - - [16/Apr/2021:00:48:17 -0700] "GET /self.logs/2015/access.log.2015-07-07.gz HTTP/1.1" 200 5051 "-" "Mozilla/5.0 (Linux; Android 7.0;) AppleWebKit/537.36 (KHTML, like Gecko) Mobile Safari/537.36 (compatible; PetalBot;+https://webmaster.petalsearch.com/site/petalbot)" 
47.57.242.55 - - [16/Apr/2021:00:47:20 -0700] "GET /maccdc2012/conn.log.gz HTTP/1.1" 200 549157753 "http://www.secrepo.com/" "Mozilla/5.0 (Windows NT 10.0; Win64; x64) AppleWebKit/537.36 (KHTML, like Gecko) Chrome/89.0.4389.114 Safari/537.36" 
114.119.159.101 - - [16/Apr/2021:00:50:16 -0700] "GET /self.logs/2015/access.log.2015-05-30.gz HTTP/1.1" 200 3170 "-" "Mozilla/5.0 (Linux; Android 7.0;) AppleWebKit/537.36 (KHTML, like Gecko) Mobile Safari/537.36 (compatible; PetalBot;+https://webmaster.petalsearch.com/site/petalbot)" 
47.57.242.55 - - [16/Apr/2021:00:50:50 -0700] "GET / HTTP/1.1" 200 12883 "http://www.secrepo.com/" "Mozilla/5.0 (Windows NT 10.0; Win64; x64) AppleWebKit/537.36 (KHTML, like Gecko) Chrome/89.0.4389.114 Safari/537.36" 
47.57.242.55 - - [16/Apr/2021:00:50:50 -0700] "GET /css/style.css HTTP/1.1" 404 305 "http://www.secrepo.com/" "Mozilla/5.0 (Windows NT 10.0; Win64; x64) AppleWebKit/537.36 (KHTML, like Gecko) Chrome/89.0.4389.114 Safari/537.36" 
47.57.242.55 - - [16/Apr/2021:00:50:50 -0700] "GET /twitter-icon.png HTTP/1.1" 200 27916 "http://www.secrepo.com/" "Mozilla/5.0 (Windows NT 10.0; Win64; x64) AppleWebKit/537.36 (KHTML, like Gecko) Chrome/89.0.4389.114 Safari/537.36" 
47.57.242.55 - - [16/Apr/2021:00:50:51 -0700] "GET /GitHub-Mark.png HTTP/1.1" 200 7556 "http://www.secrepo.com/" "Mozilla/5.0 (Windows NT 10.0; Win64; x64) AppleWebKit/537.36 (KHTML, like Gecko) Chrome/89.0.4389.114 Safari/537.36" 
47.57.242.55 - - [16/Apr/2021:00:51:04 -0700] "GET /Datasets%20Description/Network/http.html HTTP/1.1" 200 1709 "http://www.secrepo.com/" "Mozilla/5.0 (Windows NT 10.0; Win64; x64) AppleWebKit/537.36 (KHTML, like Gecko) Chrome/89.0.4389.114 Safari/537.36" 
47.57.242.55 - - [16/Apr/2021:00:51:11 -0700] "GET /maccdc2012/dhcp.log.gz HTTP/1.1" 200 44977 "http://www.secrepo.com/" "Mozilla/5.0 (Windows NT 10.0; Win64; x64) AppleWebKit/537.36 (KHTML, like Gecko) Chrome/89.0.4389.114 Safari/537.36" 
47.57.242.55 - - [16/Apr/2021:00:51:12 -0700] "GET /maccdc2012/dns.log.gz HTTP/1.1" 200 6607356 "http://www.secrepo.com/" "Mozilla/5.0 (Windows NT 10.0; Win64; x64) AppleWebKit/537.36 (KHTML, like Gecko) Chrome/89.0.4389.114 Safari/537.36" 
47.57.242.55 - - [16/Apr/2021:00:51:15 -0700] "GET /maccdc2012/ftp.log.gz HTTP/1.1" 200 127738 "http://www.secrepo.com/" "Mozilla/5.0 (Windows NT 10.0; Win64; x64) AppleWebKit/537.36 (KHTML, like Gecko) Chrome/89.0.4389.114 Safari/537.36" 
47.57.242.55 - - [16/Apr/2021:00:51:18 -0700] "GET /maccdc2012/notice.log.gz HTTP/1.1" 200 20797 "http://www.secrepo.com/" "Mozilla/5.0 (Windows NT 10.0; Win64; x64) AppleWebKit/537.36 (KHTML, like Gecko) Chrome/89.0.4389.114 Safari/537.36" 
47.57.242.55 - - [16/Apr/2021:00:51:18 -0700] "GET /maccdc2012/signatures.log.gz HTTP/1.1" 200 645 "http://www.secrepo.com/" "Mozilla/5.0 (Windows NT 10.0; Win64; x64) AppleWebKit/537.36 (KHTML, like Gecko) Chrome/89.0.4389.114 Safari/537.36" 
47.57.242.55 - - [16/Apr/2021:00:51:20 -0700] "GET /maccdc2012/smtp.log.gz HTTP/1.1" 200 6933 "http://www.secrepo.com/" "Mozilla/5.0 (Windows NT 10.0; Win64; x64) AppleWebKit/537.36 (KHTML, like Gecko) Chrome/89.0.4389.114 Safari/537.36" 
47.57.242.55 - - [16/Apr/2021:00:51:14 -0700] "GET /maccdc2012/files.log.gz HTTP/1.1" 200 51233469 "http://www.secrepo.com/" "Mozilla/5.0 (Windows NT 10.0; Win64; x64) AppleWebKit/537.36 (KHTML, like Gecko) Chrome/89.0.4389.114 Safari/537.36" 
47.57.242.55 - - [16/Apr/2021:00:51:21 -0700] "GET /maccdc2012/ssh.log.gz HTTP/1.1" 200 182544 "http://www.secrepo.com/" "Mozilla/5.0 (Windows NT 10.0; Win64; x64) AppleWebKit/537.36 (KHTML, like Gecko) Chrome/89.0.4389.114 Safari/537.36" 
47.57.242.55 - - [16/Apr/2021:00:51:22 -0700] "GET /maccdc2012/ssl.log.gz HTTP/1.1" 200 1311463 "http://www.secrepo.com/" "Mozilla/5.0 (Windows NT 10.0; Win64; x64) AppleWebKit/537.36 (KHTML, like Gecko) Chrome/89.0.4389.114 Safari/537.36" 
47.57.242.55 - - [16/Apr/2021:00:51:23 -0700] "GET /maccdc2012/tunnel.log.gz HTTP/1.1" 200 5282 "http://www.secrepo.com/" "Mozilla/5.0 (Windows NT 10.0; Win64; x64) AppleWebKit/537.36 (KHTML, like Gecko) Chrome/89.0.4389.114 Safari/537.36" 
47.57.242.55 - - [16/Apr/2021:00:51:24 -0700] "GET /maccdc2012/weird.log.gz HTTP/1.1" 200 1252831 "http://www.secrepo.com/" "Mozilla/5.0 (Windows NT 10.0; Win64; x64) AppleWebKit/537.36 (KHTML, like Gecko) Chrome/89.0.4389.114 Safari/537.36" 
47.57.242.55 - - [16/Apr/2021:00:51:27 -0700] "GET /maccdc2012/maccdc2012_fast_alert.7z HTTP/1.1" 200 9478260 "http://www.secrepo.com/" "Mozilla/5.0 (Windows NT 10.0; Win64; x64) AppleWebKit/537.36 (KHTML, like Gecko) Chrome/89.0.4389.114 Safari/537.36" 
47.57.242.55 - - [16/Apr/2021:00:51:16 -0700] "GET /maccdc2012/http.log.gz HTTP/1.1" 200 56420965 "http://www.secrepo.com/" "Mozilla/5.0 (Windows NT 10.0; Win64; x64) AppleWebKit/537.36 (KHTML, like Gecko) Chrome/89.0.4389.114 Safari/537.36" 
47.57.242.55 - - [16/Apr/2021:00:51:29 -0700] "GET /maccdc2012/maccdc2012_full_alert.7z HTTP/1.1" 200 24979053 "http://www.secrepo.com/" "Mozilla/5.0 (Windows NT 10.0; Win64; x64) AppleWebKit/537.36 (KHTML, like Gecko) Chrome/89.0.4389.114 Safari/537.36" 
111.202.101.156 - - [16/Apr/2021:00:51:33 -0700] "GET / HTTP/1.1" 200 12846 "-" "Sogou web spider/4.0(+http://www.sogou.com/docs/help/webmasters.htm#07)" 
47.57.242.55 - - [16/Apr/2021:00:51:40 -0700] "GET /tg/a.zip HTTP/1.1" 200 102200 "http://www.secrepo.com/" "Mozilla/5.0 (Windows NT 10.0; Win64; x64) AppleWebKit/537.36 (KHTML, like Gecko) Chrome/89.0.4389.114 Safari/537.36" 
47.57.242.55 - - [16/Apr/2021:00:51:42 -0700] "GET /tg/a.zip HTTP/1.1" 200 102200 "-" "User-Agent\tMozilla/5.0 (compatible; MSIE 9.0; Windows NT 6.1; Trident/5.0)" 
