157.55.39.49 - - [10/Dec/2022:17:24:35 -0800] "GET /self.logs/access.log.2022-02-12.gz HTTP/1.1" 200 13415 "-" "Mozilla/5.0 AppleWebKit/537.36 (KHTML, like Gecko; compatible; bingbot/2.0; +http://www.bing.com/bingbot.htm) Chrome/103.0.5060.134 Safari/537.36" 
40.77.167.6 - - [10/Dec/2022:17:31:23 -0800] "GET /self.logs/access.log.2020-02-05.gz HTTP/1.1" 200 20055 "-" "Mozilla/5.0 AppleWebKit/537.36 (KHTML, like Gecko; compatible; bingbot/2.0; +http://www.bing.com/bingbot.htm) Chrome/103.0.5060.134 Safari/537.36" 
51.222.253.17 - - [10/Dec/2022:17:34:39 -0800] "GET /Datasets%20Description/HTML_Bro_log_3/?C=S;O=D HTTP/1.1" 200 785 "-" "Mozilla/5.0 (compatible; AhrefsBot/7.0; +http://ahrefs.com/robot/)" 
40.77.167.6 - - [10/Dec/2022:17:37:04 -0800] "GET /self.logs/2016/access.log.2016-07-22.gz HTTP/1.1" 200 8214 "-" "Mozilla/5.0 AppleWebKit/537.36 (KHTML, like Gecko; compatible; bingbot/2.0; +http://www.bing.com/bingbot.htm) Chrome/103.0.5060.134 Safari/537.36" 
157.55.39.209 - - [10/Dec/2022:17:37:49 -0800] "GET /self.logs/2016/error.log.2016-09-23.gz HTTP/1.1" 200 988 "-" "Mozilla/5.0 AppleWebKit/537.36 (KHTML, like Gecko; compatible; bingbot/2.0; +http://www.bing.com/bingbot.htm) Chrome/103.0.5060.134 Safari/537.36" 
40.77.167.36 - - [10/Dec/2022:17:40:36 -0800] "GET /self.logs/error.log.2020-11-11 HTTP/1.1" 200 361 "-" "Mozilla/5.0 (compatible; bingbot/2.0; +http://www.bing.com/bingbot.htm)" 
40.77.167.60 - - [10/Dec/2022:17:43:27 -0800] "GET /self.logs/access.log.2020-10-17.gz HTTP/1.1" 200 18907 "-" "Mozilla/5.0 AppleWebKit/537.36 (KHTML, like Gecko; compatible; bingbot/2.0; +http://www.bing.com/bingbot.htm) Chrome/103.0.5060.134 Safari/537.36" 
40.77.167.60 - - [10/Dec/2022:17:43:27 -0800] "GET /self.logs/access.log.2022-05-04.gz HTTP/1.1" 200 19336 "-" "Mozilla/5.0 (compatible; bingbot/2.0; +http://www.bing.com/bingbot.htm)" 
157.55.39.49 - - [10/Dec/2022:17:47:36 -0800] "GET /self.logs/error.log.2021-01-31.gz HTTP/1.1" 200 1184 "-" "Mozilla/5.0 (compatible; bingbot/2.0; +http://www.bing.com/bingbot.htm)" 
40.77.167.36 - - [10/Dec/2022:17:53:07 -0800] "GET /self.logs/access.log.2020-09-10.gz HTTP/1.1" 200 49132 "-" "Mozilla/5.0 (compatible; bingbot/2.0; +http://www.bing.com/bingbot.htm)" 
172.58.187.5 - - [10/Dec/2022:17:56:34 -0800] "GET /bootstrap/img/favicon.ico HTTP/1.1" 200 723 "http://www.secrepo.com/" "Mozilla/5.0 (iPhone; CPU iPhone OS 16_1_2 like Mac OS X) AppleWebKit/605.1.15 (KHTML, like Gecko) Version/16.1 Mobile/15E148 Safari/604.1" 
40.77.167.60 - - [10/Dec/2022:18:01:59 -0800] "GET /self.logs/2016/access.log.2016-03-18.gz HTTP/1.1" 200 12868 "-" "Mozilla/5.0 AppleWebKit/537.36 (KHTML, like Gecko; compatible; bingbot/2.0; +http://www.bing.com/bingbot.htm) Chrome/103.0.5060.134 Safari/537.36" 
40.77.167.6 - - [10/Dec/2022:18:02:26 -0800] "GET /self.logs/access.log.2021-06-07.gz HTTP/1.1" 200 20740 "-" "Mozilla/5.0 (compatible; bingbot/2.0; +http://www.bing.com/bingbot.htm)" 
40.77.167.6 - - [10/Dec/2022:18:02:57 -0800] "GET /self.logs/error.log.2018-06-19.gz HTTP/1.1" 200 6610 "-" "Mozilla/5.0 AppleWebKit/537.36 (KHTML, like Gecko; compatible; bingbot/2.0; +http://www.bing.com/bingbot.htm) Chrome/103.0.5060.134 Safari/537.36" 
157.55.39.209 - - [10/Dec/2022:18:03:03 -0800] "GET /self.logs/2016/access.log.2016-05-26.gz HTTP/1.1" 200 8761 "-" "Mozilla/5.0 (compatible; bingbot/2.0; +http://www.bing.com/bingbot.htm)" 
40.77.167.73 - - [10/Dec/2022:18:07:41 -0800] "GET /self.logs/access.log.2021-09-06.gz HTTP/1.1" 200 12086 "-" "Mozilla/5.0 AppleWebKit/537.36 (KHTML, like Gecko; compatible; bingbot/2.0; +http://www.bing.com/bingbot.htm) Chrome/103.0.5060.134 Safari/537.36" 
157.55.39.209 - - [10/Dec/2022:18:08:52 -0800] "GET /self.logs/error.log.2019-05-17.gz HTTP/1.1" 200 7123 "-" "Mozilla/5.0 (compatible; bingbot/2.0; +http://www.bing.com/bingbot.htm)" 
40.77.167.6 - - [10/Dec/2022:18:10:27 -0800] "GET /self.logs/access.log.2017-09-28.gz HTTP/1.1" 200 26626 "-" "Mozilla/5.0 AppleWebKit/537.36 (KHTML, like Gecko; compatible; bingbot/2.0; +http://www.bing.com/bingbot.htm) Chrome/103.0.5060.134 Safari/537.36" 
51.222.253.3 - - [10/Dec/2022:18:11:57 -0800] "GET / HTTP/1.1" 200 13152 "-" "Mozilla/5.0 (compatible; AhrefsBot/7.0; +http://ahrefs.com/robot/)" 
157.55.39.209 - - [10/Dec/2022:18:14:34 -0800] "GET /self.logs/ HTTP/1.1" 200 40127 "-" "Mozilla/5.0 AppleWebKit/537.36 (KHTML, like Gecko; compatible; bingbot/2.0; +http://www.bing.com/bingbot.htm) Chrome/103.0.5060.134 Safari/537.36" 
157.55.39.209 - - [10/Dec/2022:18:14:44 -0800] "GET /self.logs/2016/error.log.2016-10-20.gz HTTP/1.1" 200 770 "-" "Mozilla/5.0 (compatible; bingbot/2.0; +http://www.bing.com/bingbot.htm)" 
40.77.167.6 - - [10/Dec/2022:18:18:48 -0800] "GET /self.logs/access.log.2018-04-14.gz HTTP/1.1" 200 15964 "-" "Mozilla/5.0 AppleWebKit/537.36 (KHTML, like Gecko; compatible; bingbot/2.0; +http://www.bing.com/bingbot.htm) Chrome/103.0.5060.134 Safari/537.36" 
40.77.167.60 - - [10/Dec/2022:18:20:50 -0800] "GET /self.logs/error.log.2020-10-24 HTTP/1.1" 200 361 "-" "Mozilla/5.0 AppleWebKit/537.36 (KHTML, like Gecko; compatible; bingbot/2.0; +http://www.bing.com/bingbot.htm) Chrome/103.0.5060.134 Safari/537.36" 
40.77.167.36 - - [10/Dec/2022:18:20:55 -0800] "GET /self.logs/access.log.2020-11-13.gz HTTP/1.1" 200 13148 "-" "Mozilla/5.0 (compatible; bingbot/2.0; +http://www.bing.com/bingbot.htm)" 
40.77.167.73 - - [10/Dec/2022:18:24:12 -0800] "GET /self.logs/access.log.2019-11-12.gz HTTP/1.1" 200 15751 "-" "Mozilla/5.0 (compatible; bingbot/2.0; +http://www.bing.com/bingbot.htm)" 
40.77.167.73 - - [10/Dec/2022:18:28:42 -0800] "GET /self.logs/2016/error.log.2016-04-23.gz HTTP/1.1" 200 715 "-" "Mozilla/5.0 (compatible; bingbot/2.0; +http://www.bing.com/bingbot.htm)" 
52.212.146.96 - - [10/Dec/2022:18:30:01 -0800] "GET /self.logs/access.log.2022-12-04.gz HTTP/1.1" 200 27285 "-" "python-requests/2.12.1" 
157.55.39.49 - - [10/Dec/2022:18:37:42 -0800] "GET /self.logs/2016/error.log.2016-02-26.gz HTTP/1.1" 200 969 "-" "Mozilla/5.0 AppleWebKit/537.36 (KHTML, like Gecko; compatible; bingbot/2.0; +http://www.bing.com/bingbot.htm) Chrome/103.0.5060.134 Safari/537.36" 
40.77.167.35 - - [10/Dec/2022:18:38:48 -0800] "GET /self.logs/error.log.2019-10-03.gz HTTP/1.1" 200 1683 "-" "Mozilla/5.0 (compatible; bingbot/2.0; +http://www.bing.com/bingbot.htm)" 
172.56.184.31 - - [10/Dec/2022:18:39:06 -0800] "GET / HTTP/1.1" 200 13196 "-" "Mozilla/5.0 (iPhone; CPU iPhone OS 16_1_2 like Mac OS X) AppleWebKit/605.1.15 (KHTML, like Gecko) Version/16.1 Mobile/15E148 Safari/604.1" 
172.56.184.31 - - [10/Dec/2022:18:39:06 -0800] "GET /css/style.css HTTP/1.1" 404 315 "http://www.secrepo.com/" "Mozilla/5.0 (iPhone; CPU iPhone OS 16_1_2 like Mac OS X) AppleWebKit/605.1.15 (KHTML, like Gecko) Version/16.1 Mobile/15E148 Safari/604.1" 
172.56.184.31 - - [10/Dec/2022:18:39:06 -0800] "GET /twitter-icon.png HTTP/1.1" 200 27926 "http://www.secrepo.com/" "Mozilla/5.0 (iPhone; CPU iPhone OS 16_1_2 like Mac OS X) AppleWebKit/605.1.15 (KHTML, like Gecko) Version/16.1 Mobile/15E148 Safari/604.1" 
172.56.184.31 - - [10/Dec/2022:18:39:06 -0800] "GET /GitHub-Mark.png HTTP/1.1" 200 7543 "http://www.secrepo.com/" "Mozilla/5.0 (iPhone; CPU iPhone OS 16_1_2 like Mac OS X) AppleWebKit/605.1.15 (KHTML, like Gecko) Version/16.1 Mobile/15E148 Safari/604.1" 
172.56.184.31 - - [10/Dec/2022:18:39:07 -0800] "GET /bootstrap/img/favicon.ico HTTP/1.1" 200 700 "http://www.secrepo.com/" "Mozilla/5.0 (iPhone; CPU iPhone OS 16_1_2 like Mac OS X) AppleWebKit/605.1.15 (KHTML, like Gecko) Version/16.1 Mobile/15E148 Safari/604.1" 
157.55.39.49 - - [10/Dec/2022:18:39:12 -0800] "GET /self.logs/access.log.2018-01-28.gz HTTP/1.1" 200 18163 "-" "Mozilla/5.0 AppleWebKit/537.36 (KHTML, like Gecko; compatible; bingbot/2.0; +http://www.bing.com/bingbot.htm) Chrome/103.0.5060.134 Safari/537.36" 
40.77.167.6 - - [10/Dec/2022:18:42:11 -0800] "GET /self.logs/2016/error.log.2016-08-03.gz HTTP/1.1" 200 1678 "-" "Mozilla/5.0 (compatible; bingbot/2.0; +http://www.bing.com/bingbot.htm)" 
40.77.167.60 - - [10/Dec/2022:18:42:44 -0800] "GET /self.logs/access.log.2022-02-21.gz HTTP/1.1" 200 12655 "-" "Mozilla/5.0 AppleWebKit/537.36 (KHTML, like Gecko; compatible; bingbot/2.0; +http://www.bing.com/bingbot.htm) Chrome/103.0.5060.134 Safari/537.36" 
157.55.39.209 - - [10/Dec/2022:18:43:55 -0800] "GET /self.logs/access.log.2020-12-05.gz HTTP/1.1" 200 11585 "-" "Mozilla/5.0 AppleWebKit/537.36 (KHTML, like Gecko; compatible; bingbot/2.0; +http://www.bing.com/bingbot.htm) Chrome/103.0.5060.134 Safari/537.36" 
51.222.253.17 - - [10/Dec/2022:18:44:05 -0800] "GET /Datasets%20Description/HTML_Bro_log_1/?C=D;O=D HTTP/1.1" 200 799 "-" "Mozilla/5.0 (compatible; AhrefsBot/7.0; +http://ahrefs.com/robot/)" 
40.77.167.6 - - [10/Dec/2022:18:47:00 -0800] "GET /self.logs/2016/error.log.2016-03-20.gz HTTP/1.1" 200 964 "-" "Mozilla/5.0 AppleWebKit/537.36 (KHTML, like Gecko; compatible; bingbot/2.0; +http://www.bing.com/bingbot.htm) Chrome/103.0.5060.134 Safari/537.36" 
120.245.60.41 - - [10/Dec/2022:18:47:20 -0800] "GET /robots.txt HTTP/1.1" 301 458 "-" "Mozilla/5.0 (Windows NT 10.0; Win64; x64) AppleWebKit/537.36 (KHTML, like Gecko) Chrome/92.0.4515.159 Safari/537.36" 
120.245.60.41 - - [10/Dec/2022:18:47:23 -0800] "GET /robots.txt HTTP/1.1" 200 350 "-" "Mozilla/5.0 (Windows NT 10.0; Win64; x64) AppleWebKit/537.36 (KHTML, like Gecko) Chrome/92.0.4515.159 Safari/537.36" 
40.77.167.73 - - [10/Dec/2022:18:48:15 -0800] "GET /self.logs/error.log.2018-11-25.gz HTTP/1.1" 200 3901 "-" "Mozilla/5.0 AppleWebKit/537.36 (KHTML, like Gecko; compatible; bingbot/2.0; +http://www.bing.com/bingbot.htm) Chrome/103.0.5060.134 Safari/537.36" 
40.77.167.35 - - [10/Dec/2022:18:49:10 -0800] "GET /self.logs/access.log.2022-01-04.gz HTTP/1.1" 200 20219 "-" "Mozilla/5.0 AppleWebKit/537.36 (KHTML, like Gecko; compatible; bingbot/2.0; +http://www.bing.com/bingbot.htm) Chrome/103.0.5060.134 Safari/537.36" 
157.55.39.49 - - [10/Dec/2022:18:49:34 -0800] "GET /self.logs/error.log.2021-01-19 HTTP/1.1" 200 361 "-" "Mozilla/5.0 (compatible; bingbot/2.0; +http://www.bing.com/bingbot.htm)" 
40.77.167.60 - - [10/Dec/2022:18:54:15 -0800] "GET /self.logs/error.log.2020-06-07 HTTP/1.1" 200 361 "-" "Mozilla/5.0 (compatible; bingbot/2.0; +http://www.bing.com/bingbot.htm)" 
157.55.39.49 - - [10/Dec/2022:18:57:04 -0800] "GET /self.logs/access.log.2017-08-06.gz HTTP/1.1" 200 54075 "-" "Mozilla/5.0 (compatible; bingbot/2.0; +http://www.bing.com/bingbot.htm)" 
40.77.167.6 - - [10/Dec/2022:19:03:33 -0800] "GET /self.logs/2016/access.log.2016-07-12.gz HTTP/1.1" 200 21426 "-" "Mozilla/5.0 (compatible; bingbot/2.0; +http://www.bing.com/bingbot.htm)" 
157.55.39.209 - - [10/Dec/2022:19:05:19 -0800] "GET /self.logs/ HTTP/1.1" 200 40127 "-" "Mozilla/5.0 AppleWebKit/537.36 (KHTML, like Gecko; compatible; bingbot/2.0; +http://www.bing.com/bingbot.htm) Chrome/103.0.5060.134 Safari/537.36" 
40.77.167.60 - - [10/Dec/2022:19:05:46 -0800] "GET /self.logs/2016/access.log.2016-10-10.gz HTTP/1.1" 200 9622 "-" "Mozilla/5.0 (compatible; bingbot/2.0; +http://www.bing.com/bingbot.htm)" 
40.77.167.35 - - [10/Dec/2022:19:06:01 -0800] "GET /self.logs/error.log.2019-11-15.gz HTTP/1.1" 200 1729 "-" "Mozilla/5.0 AppleWebKit/537.36 (KHTML, like Gecko; compatible; bingbot/2.0; +http://www.bing.com/bingbot.htm) Chrome/103.0.5060.134 Safari/537.36" 
40.77.167.35 - - [10/Dec/2022:19:07:31 -0800] "GET /self.logs/2016/error.log.2016-08-11.gz HTTP/1.1" 200 740 "-" "Mozilla/5.0 (compatible; bingbot/2.0; +http://www.bing.com/bingbot.htm)" 
40.77.167.6 - - [10/Dec/2022:19:07:42 -0800] "GET /self.logs/error.log.2019-04-24.gz HTTP/1.1" 200 5058 "-" "Mozilla/5.0 (compatible; bingbot/2.0; +http://www.bing.com/bingbot.htm)" 
40.77.167.35 - - [10/Dec/2022:19:09:52 -0800] "GET /self.logs/access.log.2021-03-07.gz HTTP/1.1" 200 35533 "-" "Mozilla/5.0 AppleWebKit/537.36 (KHTML, like Gecko; compatible; bingbot/2.0; +http://www.bing.com/bingbot.htm) Chrome/103.0.5060.134 Safari/537.36" 
157.55.39.209 - - [10/Dec/2022:19:12:29 -0800] "GET /self.logs/error.log.2019-12-22 HTTP/1.1" 200 361 "-" "Mozilla/5.0 AppleWebKit/537.36 (KHTML, like Gecko; compatible; bingbot/2.0; +http://www.bing.com/bingbot.htm) Chrome/103.0.5060.134 Safari/537.36" 
157.55.39.209 - - [10/Dec/2022:19:14:29 -0800] "GET /self.logs/error.log.2020-03-14.gz HTTP/1.1" 200 1053 "-" "Mozilla/5.0 (compatible; bingbot/2.0; +http://www.bing.com/bingbot.htm)" 
51.222.253.15 - - [10/Dec/2022:19:16:10 -0800] "GET /Datasets%20Description/HTML_Bro_log_3/?C=D;O=D HTTP/1.1" 200 788 "-" "Mozilla/5.0 (compatible; AhrefsBot/7.0; +http://ahrefs.com/robot/)" 
40.77.167.60 - - [10/Dec/2022:19:17:36 -0800] "GET /self.logs/error.log.2018-12-20.gz HTTP/1.1" 200 3301 "-" "Mozilla/5.0 AppleWebKit/537.36 (KHTML, like Gecko; compatible; bingbot/2.0; +http://www.bing.com/bingbot.htm) Chrome/103.0.5060.134 Safari/537.36" 
40.77.167.60 - - [10/Dec/2022:19:22:48 -0800] "GET /self.logs/access.log.2019-04-19.gz HTTP/1.1" 200 25426 "-" "Mozilla/5.0 (compatible; bingbot/2.0; +http://www.bing.com/bingbot.htm)" 
40.77.167.60 - - [10/Dec/2022:19:25:28 -0800] "GET /self.logs/error.log.2020-08-08.gz HTTP/1.1" 200 1018 "-" "Mozilla/5.0 AppleWebKit/537.36 (KHTML, like Gecko; compatible; bingbot/2.0; +http://www.bing.com/bingbot.htm) Chrome/103.0.5060.134 Safari/537.36" 
42.3.27.31 - - [10/Dec/2022:19:26:55 -0800] "GET / HTTP/1.1" 200 13195 "-" "Mozilla/5.0 (Macintosh; Intel Mac OS X 10_15_7) AppleWebKit/605.1.15 (KHTML, like Gecko) Version/16.1 Mobile/15E148 Safari/604.1" 
42.3.27.31 - - [10/Dec/2022:19:26:56 -0800] "GET /apple-touch-icon-152x152-precomposed.png HTTP/1.1" 404 338 "-" "MobileSafari/8614.2.9.0.10 CFNetwork/1399 Darwin/22.1.0" 
42.3.27.31 - - [10/Dec/2022:19:26:56 -0800] "GET /apple-touch-icon-152x152.png HTTP/1.1" 404 315 "-" "MobileSafari/8614.2.9.0.10 CFNetwork/1399 Darwin/22.1.0" 
42.3.27.31 - - [10/Dec/2022:19:26:56 -0800] "GET /apple-touch-icon-precomposed.png HTTP/1.1" 404 315 "-" "MobileSafari/8614.2.9.0.10 CFNetwork/1399 Darwin/22.1.0" 
42.3.27.31 - - [10/Dec/2022:19:26:56 -0800] "GET /apple-touch-icon.png HTTP/1.1" 404 315 "-" "MobileSafari/8614.2.9.0.10 CFNetwork/1399 Darwin/22.1.0" 
42.3.27.31 - - [10/Dec/2022:19:26:57 -0800] "GET /bootstrap/img/favicon.ico HTTP/1.1" 200 700 "-" "MobileSafari/8614.2.9.0.10 CFNetwork/1399 Darwin/22.1.0" 
40.88.21.235 - - [10/Dec/2022:19:30:57 -0800] "GET / HTTP/1.1" 200 13195 "http://www.secrepo.com/" "Mozilla/5.0 (compatible; DuckDuckGo-Favicons-Bot/1.0; +http://duckduckgo.com)" 
40.88.21.235 - - [10/Dec/2022:19:30:57 -0800] "GET /bootstrap/img/favicon.ico HTTP/1.1" 200 700 "http://www.secrepo.com/bootstrap/img/favicon.ico" "Mozilla/5.0 (compatible; DuckDuckGo-Favicons-Bot/1.0; +http://duckduckgo.com)" 
40.77.167.73 - - [10/Dec/2022:19:33:34 -0800] "GET /self.logs/2016/access.log.2016-11-03.gz HTTP/1.1" 200 16020 "-" "Mozilla/5.0 (compatible; bingbot/2.0; +http://www.bing.com/bingbot.htm)" 
51.222.253.13 - - [10/Dec/2022:19:33:38 -0800] "GET /Datasets%20Description/HTML_Bro_log_1/http.html HTTP/1.1" 200 2000 "-" "Mozilla/5.0 (compatible; AhrefsBot/7.0; +http://ahrefs.com/robot/)" 
114.119.143.1 - - [10/Dec/2022:19:34:02 -0800] "GET /Datasets%20Description?C=S%3BO%3DA HTTP/1.1" 301 613 "https://www.secrepo.com/Datasets%20Description?C=D%3BO%3DA" "Mozilla/5.0 (Linux; Android 7.0;) AppleWebKit/537.36 (KHTML, like Gecko) Mobile Safari/537.36 (compatible; PetalBot;+https://webmaster.petalsearch.com/site/petalbot)" 
114.119.143.1 - - [10/Dec/2022:19:34:09 -0800] "GET /Datasets%20Description/?C=S%3BO%3DA HTTP/1.1" 200 687 "https://www.secrepo.com/Datasets%20Description?C=D%3BO%3DA" "Mozilla/5.0 (Linux; Android 7.0;) AppleWebKit/537.36 (KHTML, like Gecko) Mobile Safari/537.36 (compatible; PetalBot;+https://webmaster.petalsearch.com/site/petalbot)" 
51.195.137.79 - - [10/Dec/2022:19:34:45 -0800] "GET /.env HTTP/1.1" 301 483 "-" "Mozilla/5.0 (X11; Linux x86_64) AppleWebKit/537.36 (KHTML, like Gecko) Chrome/81.0.4044.129 Safari/537.36" 
51.195.137.79 - - [10/Dec/2022:19:34:48 -0800] "POST / HTTP/1.1" 301 475 "-" "Mozilla/5.0 (X11; Linux x86_64) AppleWebKit/537.36 (KHTML, like Gecko) Chrome/81.0.4044.129 Safari/537.36" 
157.55.39.49 - - [10/Dec/2022:19:40:38 -0800] "GET /self.logs/error.log.2020-01-21.gz HTTP/1.1" 200 692 "-" "Mozilla/5.0 AppleWebKit/537.36 (KHTML, like Gecko; compatible; bingbot/2.0; +http://www.bing.com/bingbot.htm) Chrome/103.0.5060.134 Safari/537.36" 
51.222.253.15 - - [10/Dec/2022:19:41:57 -0800] "GET /self.logs/?C=D;O=D HTTP/1.1" 200 41216 "-" "Mozilla/5.0 (compatible; AhrefsBot/7.0; +http://ahrefs.com/robot/)" 
157.55.39.209 - - [10/Dec/2022:19:44:02 -0800] "GET /self.logs/error.log.2019-05-03.gz HTTP/1.1" 200 4534 "-" "Mozilla/5.0 (compatible; bingbot/2.0; +http://www.bing.com/bingbot.htm)" 
114.119.150.114 - - [10/Dec/2022:19:45:24 -0800] "GET /self.logs/error.log.2019-10-22 HTTP/1.1" 200 361 "http://www.secrepo.com/self.logs?C=N%3BO%3DD" "Mozilla/5.0 (Linux; Android 7.0;) AppleWebKit/537.36 (KHTML, like Gecko) Mobile Safari/537.36 (compatible; PetalBot;+https://webmaster.petalsearch.com/site/petalbot)" 
51.222.253.13 - - [10/Dec/2022:19:50:53 -0800] "GET /Datasets%20Description/Network/?C=N;O=A HTTP/1.1" 200 735 "-" "Mozilla/5.0 (compatible; AhrefsBot/7.0; +http://ahrefs.com/robot/)" 
157.55.39.209 - - [10/Dec/2022:19:50:53 -0800] "GET /self.logs/access.log.2021-11-29.gz HTTP/1.1" 200 19963 "-" "Mozilla/5.0 (compatible; bingbot/2.0; +http://www.bing.com/bingbot.htm)" 
185.255.130.186 - - [10/Dec/2022:19:53:07 -0800] "GET / HTTP/1.1" 200 13196 "-" "Mozilla/5.0 (iPhone; CPU iPhone OS 16_1_1 like Mac OS X) AppleWebKit/605.1.15 (KHTML, like Gecko) Version/16.1 Mobile/15E148 Safari/604.1" 
185.255.130.186 - - [10/Dec/2022:19:53:07 -0800] "GET /css/style.css HTTP/1.1" 404 338 "http://www.secrepo.com/" "Mozilla/5.0 (iPhone; CPU iPhone OS 16_1_1 like Mac OS X) AppleWebKit/605.1.15 (KHTML, like Gecko) Version/16.1 Mobile/15E148 Safari/604.1" 
185.255.130.186 - - [10/Dec/2022:19:53:07 -0800] "GET /GitHub-Mark.png HTTP/1.1" 200 7543 "http://www.secrepo.com/" "Mozilla/5.0 (iPhone; CPU iPhone OS 16_1_1 like Mac OS X) AppleWebKit/605.1.15 (KHTML, like Gecko) Version/16.1 Mobile/15E148 Safari/604.1" 
185.255.130.186 - - [10/Dec/2022:19:53:07 -0800] "GET /bootstrap/img/favicon.ico HTTP/1.1" 200 700 "http://www.secrepo.com/" "Mozilla/5.0 (iPhone; CPU iPhone OS 16_1_1 like Mac OS X) AppleWebKit/605.1.15 (KHTML, like Gecko) Version/16.1 Mobile/15E148 Safari/604.1" 
157.55.39.209 - - [10/Dec/2022:19:53:44 -0800] "GET /self.logs/ HTTP/1.1" 200 40127 "-" "Mozilla/5.0 AppleWebKit/537.36 (KHTML, like Gecko; compatible; bingbot/2.0; +http://www.bing.com/bingbot.htm) Chrome/103.0.5060.134 Safari/537.36" 
114.119.136.132 - - [10/Dec/2022:19:57:14 -0800] "GET /self.logs/error.log.2020-08-03 HTTP/1.1" 200 361 "http://www.secrepo.com/self.logs?C=N%3BO%3DD" "Mozilla/5.0 (Linux; Android 7.0;) AppleWebKit/537.36 (KHTML, like Gecko) Mobile Safari/537.36 (compatible; PetalBot;+https://webmaster.petalsearch.com/site/petalbot)" 
51.222.253.6 - - [10/Dec/2022:20:00:30 -0800] "GET /Datasets%20Description/HTML_Bro_log_2/?C=M;O=D HTTP/1.1" 200 798 "-" "Mozilla/5.0 (compatible; AhrefsBot/7.0; +http://ahrefs.com/robot/)" 
157.55.39.49 - - [10/Dec/2022:20:02:30 -0800] "GET /self.logs/2016/access.log.2016-11-26.gz HTTP/1.1" 200 7678 "-" "Mozilla/5.0 AppleWebKit/537.36 (KHTML, like Gecko; compatible; bingbot/2.0; +http://www.bing.com/bingbot.htm) Chrome/103.0.5060.134 Safari/537.36" 
40.77.167.6 - - [10/Dec/2022:20:06:20 -0800] "GET /self.logs/error.log.2020-08-11 HTTP/1.1" 200 361 "-" "Mozilla/5.0 (compatible; bingbot/2.0; +http://www.bing.com/bingbot.htm)" 
114.119.145.88 - - [10/Dec/2022:20:07:19 -0800] "GET /self.logs/error.log.2021-01-18 HTTP/1.1" 200 361 "http://www.secrepo.com/self.logs?C=N%3BO%3DD" "Mozilla/5.0 (Linux; Android 7.0;) AppleWebKit/537.36 (KHTML, like Gecko) Mobile Safari/537.36 (compatible; PetalBot;+https://webmaster.petalsearch.com/site/petalbot)" 
40.77.167.35 - - [10/Dec/2022:20:08:57 -0800] "GET /self.logs/access.log.2021-08-16.gz HTTP/1.1" 200 15873 "-" "Mozilla/5.0 (compatible; bingbot/2.0; +http://www.bing.com/bingbot.htm)" 
51.222.253.13 - - [10/Dec/2022:20:09:35 -0800] "GET /Datasets%20Description/HTML_Bro_log_2/?C=S;O=D HTTP/1.1" 200 793 "-" "Mozilla/5.0 (compatible; AhrefsBot/7.0; +http://ahrefs.com/robot/)" 
40.77.167.35 - - [10/Dec/2022:20:18:08 -0800] "GET /self.logs/2016/error.log.2016-02-02.gz HTTP/1.1" 200 804 "-" "Mozilla/5.0 AppleWebKit/537.36 (KHTML, like Gecko; compatible; bingbot/2.0; +http://www.bing.com/bingbot.htm) Chrome/103.0.5060.134 Safari/537.36" 
40.77.167.60 - - [10/Dec/2022:20:18:12 -0800] "GET /self.logs/2016/error.log.2016-11-21.gz HTTP/1.1" 200 860 "-" "Mozilla/5.0 AppleWebKit/537.36 (KHTML, like Gecko; compatible; bingbot/2.0; +http://www.bing.com/bingbot.htm) Chrome/103.0.5060.134 Safari/537.36" 
51.222.253.2 - - [10/Dec/2022:20:18:15 -0800] "GET /self.logs/2015/?C=N;O=D HTTP/1.1" 200 7733 "-" "Mozilla/5.0 (compatible; AhrefsBot/7.0; +http://ahrefs.com/robot/)" 
40.77.167.60 - - [10/Dec/2022:20:18:49 -0800] "GET /self.logs/2016/access.log.2016-11-08.gz HTTP/1.1" 200 8520 "-" "Mozilla/5.0 AppleWebKit/537.36 (KHTML, like Gecko; compatible; bingbot/2.0; +http://www.bing.com/bingbot.htm) Chrome/103.0.5060.134 Safari/537.36" 
157.55.39.49 - - [10/Dec/2022:20:20:53 -0800] "GET /self.logs/access.log.2019-09-17.gz HTTP/1.1" 200 20007 "-" "Mozilla/5.0 (compatible; bingbot/2.0; +http://www.bing.com/bingbot.htm)" 
157.55.39.209 - - [10/Dec/2022:20:21:26 -0800] "GET /self.logs/access.log.2022-03-17.gz HTTP/1.1" 200 9677 "-" "Mozilla/5.0 AppleWebKit/537.36 (KHTML, like Gecko; compatible; bingbot/2.0; +http://www.bing.com/bingbot.htm) Chrome/103.0.5060.134 Safari/537.36" 
114.119.133.250 - - [10/Dec/2022:20:21:57 -0800] "GET /self.logs/error.log.2020-10-05 HTTP/1.1" 200 361 "http://www.secrepo.com/self.logs?C=N%3BO%3DD" "Mozilla/5.0 (Linux; Android 7.0;) AppleWebKit/537.36 (KHTML, like Gecko) Mobile Safari/537.36 (compatible; PetalBot;+https://webmaster.petalsearch.com/site/petalbot)" 
40.77.167.6 - - [10/Dec/2022:20:23:31 -0800] "GET /self.logs/access.log.2020-09-09.gz HTTP/1.1" 200 9692 "-" "Mozilla/5.0 (compatible; bingbot/2.0; +http://www.bing.com/bingbot.htm)" 
157.55.39.209 - - [10/Dec/2022:20:26:27 -0800] "GET /self.logs/error.log.2019-10-06.gz HTTP/1.1" 200 1616 "-" "Mozilla/5.0 AppleWebKit/537.36 (KHTML, like Gecko; compatible; bingbot/2.0; +http://www.bing.com/bingbot.htm) Chrome/103.0.5060.134 Safari/537.36" 
40.77.167.35 - - [10/Dec/2022:20:27:40 -0800] "GET /self.logs/access.log.2022-06-18.gz HTTP/1.1" 200 12989 "-" "Mozilla/5.0 (compatible; bingbot/2.0; +http://www.bing.com/bingbot.htm)" 
40.77.167.73 - - [10/Dec/2022:20:28:11 -0800] "GET /self.logs/error.log.2021-10-10.gz HTTP/1.1" 200 1993 "-" "Mozilla/5.0 (compatible; bingbot/2.0; +http://www.bing.com/bingbot.htm)" 
40.77.167.35 - - [10/Dec/2022:20:32:59 -0800] "GET /self.logs/access.log.2020-11-21.gz HTTP/1.1" 200 23015 "-" "Mozilla/5.0 (compatible; bingbot/2.0; +http://www.bing.com/bingbot.htm)" 
64.124.8.29 - - [10/Dec/2022:20:36:25 -0800] "GET /robots.txt HTTP/1.1" 200 387 "-" "Mozilla/5.0 (X11; Linux x86_64) AppleWebKit/537.36 (KHTML, like Gecko) Chrome/61.0.3163.79 Safari/537.36" 
64.124.8.29 - - [10/Dec/2022:20:36:25 -0800] "GET /honeypot/BSidesDFW%20-%202014.ipynb HTTP/1.1" 304 265 "-" "Mozilla/5.0 (X11; Linux x86_64) AppleWebKit/537.36 (KHTML, like Gecko) Chrome/61.0.3163.79 Safari/537.36" 
51.222.253.18 - - [10/Dec/2022:20:37:05 -0800] "GET / HTTP/1.1" 301 419 "-" "Mozilla/5.0 (compatible; AhrefsBot/7.0; +http://ahrefs.com/robot/)" 
51.159.37.51 - - [10/Dec/2022:20:37:24 -0800] "GET /wp-content/languages/ HTTP/1.1" 301 480 "-" "Mozilla/5.0 (Windows NT 10.0; Win64; x64) AppleWebKit/537.36 (KHTML, like Gecko) Chrome/108.0.0.0 Safari/537.36" 
51.159.37.51 - - [10/Dec/2022:20:37:24 -0800] "GET /wp-content/languages/ HTTP/1.1" 429 441 "-" "Mozilla/5.0 (Windows NT 10.0; Win64; x64) AppleWebKit/537.36 (KHTML, like Gecko) Chrome/108.0.0.0 Safari/537.36" 
40.77.167.35 - - [10/Dec/2022:20:42:20 -0800] "GET /self.logs/access.log.2020-04-18.gz HTTP/1.1" 200 13713 "-" "Mozilla/5.0 AppleWebKit/537.36 (KHTML, like Gecko; compatible; bingbot/2.0; +http://www.bing.com/bingbot.htm) Chrome/103.0.5060.134 Safari/537.36" 
114.119.155.236 - - [10/Dec/2022:20:42:39 -0800] "GET /self.logs/error.log.2019-08-09 HTTP/1.1" 200 361 "http://www.secrepo.com/self.logs?C=N%3BO%3DD" "Mozilla/5.0 (Linux; Android 7.0;) AppleWebKit/537.36 (KHTML, like Gecko) Mobile Safari/537.36 (compatible; PetalBot;+https://webmaster.petalsearch.com/site/petalbot)" 
51.222.253.2 - - [10/Dec/2022:20:46:28 -0800] "GET /Datasets%20Description/HTML_Bro_log_1/loaded_scripts.html HTTP/1.1" 200 1509 "-" "Mozilla/5.0 (compatible; AhrefsBot/7.0; +http://ahrefs.com/robot/)" 
40.77.167.35 - - [10/Dec/2022:20:46:31 -0800] "GET /self.logs/2016/error.log.2016-10-29.gz HTTP/1.1" 200 629 "-" "Mozilla/5.0 (compatible; bingbot/2.0; +http://www.bing.com/bingbot.htm)" 
114.119.156.182 - - [10/Dec/2022:20:51:35 -0800] "GET /self.logs/error.log.2020-09-10 HTTP/1.1" 200 361 "http://www.secrepo.com/self.logs?C=N%3BO%3DD" "Mozilla/5.0 (Linux; Android 7.0;) AppleWebKit/537.36 (KHTML, like Gecko) Mobile Safari/537.36 (compatible; PetalBot;+https://webmaster.petalsearch.com/site/petalbot)" 
40.77.167.60 - - [10/Dec/2022:20:52:03 -0800] "GET /self.logs/error.log.2020-10-01 HTTP/1.1" 200 361 "-" "Mozilla/5.0 AppleWebKit/537.36 (KHTML, like Gecko; compatible; bingbot/2.0; +http://www.bing.com/bingbot.htm) Chrome/103.0.5060.134 Safari/537.36" 
40.77.167.60 - - [10/Dec/2022:20:52:03 -0800] "GET /self.logs/error.log.2021-04-15.gz HTTP/1.1" 200 8206 "-" "Mozilla/5.0 (compatible; bingbot/2.0; +http://www.bing.com/bingbot.htm)" 
40.77.167.73 - - [10/Dec/2022:20:53:53 -0800] "GET /self.logs/access.log.2021-07-21.gz HTTP/1.1" 200 11387 "-" "Mozilla/5.0 AppleWebKit/537.36 (KHTML, like Gecko; compatible; bingbot/2.0; +http://www.bing.com/bingbot.htm) Chrome/103.0.5060.134 Safari/537.36" 
40.77.167.6 - - [10/Dec/2022:20:53:58 -0800] "GET /self.logs/error.log.2020-04-01 HTTP/1.1" 200 361 "-" "Mozilla/5.0 (compatible; bingbot/2.0; +http://www.bing.com/bingbot.htm)" 
51.222.253.11 - - [10/Dec/2022:20:55:16 -0800] "GET /Datasets%20Description/HTML_Bro_log_2/ HTTP/1.1" 200 798 "-" "Mozilla/5.0 (compatible; AhrefsBot/7.0; +http://ahrefs.com/robot/)" 
157.55.39.49 - - [10/Dec/2022:20:56:16 -0800] "GET /self.logs/access.log.2021-10-06.gz HTTP/1.1" 200 13232 "-" "Mozilla/5.0 (compatible; bingbot/2.0; +http://www.bing.com/bingbot.htm)" 
114.119.154.14 - - [10/Dec/2022:20:59:29 -0800] "GET /Datasets%20Description/HTML_Bro_log_1/weird.html HTTP/1.1" 200 1947 "http://www.secrepo.com/Datasets%20Description/HTML_Bro_log_1?C=M%3BO%3DA" "Mozilla/5.0 (Linux; Android 7.0;) AppleWebKit/537.36 (KHTML, like Gecko) Mobile Safari/537.36 (compatible; PetalBot;+https://webmaster.petalsearch.com/site/petalbot)" 
157.55.39.209 - - [10/Dec/2022:21:02:01 -0800] "GET /self.logs/error.log.2020-10-29.gz HTTP/1.1" 200 837 "-" "Mozilla/5.0 AppleWebKit/537.36 (KHTML, like Gecko; compatible; bingbot/2.0; +http://www.bing.com/bingbot.htm) Chrome/103.0.5060.134 Safari/537.36" 
157.55.39.49 - - [10/Dec/2022:21:04:27 -0800] "GET /self.logs/2016/access.log.2016-04-24.gz HTTP/1.1" 200 7893 "-" "Mozilla/5.0 (compatible; bingbot/2.0; +http://www.bing.com/bingbot.htm)" 
51.222.253.20 - - [10/Dec/2022:21:04:37 -0800] "GET /Datasets%20Description/ HTTP/1.1" 200 643 "-" "Mozilla/5.0 (compatible; AhrefsBot/7.0; +http://ahrefs.com/robot/)" 
40.77.167.60 - - [10/Dec/2022:21:07:13 -0800] "GET /self.logs/access.log.2021-05-16.gz HTTP/1.1" 200 26014 "-" "Mozilla/5.0 AppleWebKit/537.36 (KHTML, like Gecko; compatible; bingbot/2.0; +http://www.bing.com/bingbot.htm) Chrome/103.0.5060.134 Safari/537.36" 
64.124.8.29 - - [10/Dec/2022:21:10:32 -0800] "GET /self.logs/2016/ HTTP/1.1" 200 7870 "-" "Mozilla/5.0 (X11; Linux x86_64) AppleWebKit/537.36 (KHTML, like Gecko) Chrome/61.0.3163.79 Safari/537.36" 
40.77.167.60 - - [10/Dec/2022:21:11:55 -0800] "GET /self.logs/error.log.2021-05-17.gz HTTP/1.1" 200 2255 "-" "Mozilla/5.0 AppleWebKit/537.36 (KHTML, like Gecko; compatible; bingbot/2.0; +http://www.bing.com/bingbot.htm) Chrome/103.0.5060.134 Safari/537.36" 
114.119.130.91 - - [10/Dec/2022:21:13:20 -0800] "GET /self.logs/error.log.2020-09-04 HTTP/1.1" 200 361 "http://www.secrepo.com/self.logs?C=N%3BO%3DD" "Mozilla/5.0 (Linux; Android 7.0;) AppleWebKit/537.36 (KHTML, like Gecko) Mobile Safari/537.36 (compatible; PetalBot;+https://webmaster.petalsearch.com/site/petalbot)" 
51.222.253.16 - - [10/Dec/2022:21:14:08 -0800] "GET /Datasets%20Description/Network/ftp.html HTTP/1.1" 200 1496 "-" "Mozilla/5.0 (compatible; AhrefsBot/7.0; +http://ahrefs.com/robot/)" 
41.33.248.226 - - [10/Dec/2022:21:18:46 -0800] "GET /robots.txt HTTP/1.1" 200 387 "-" "Mozilla/5.0 (Windows NT 6.1; rv:39.0) Gecko/20100101 Firefox/39.0" 
123.139.248.143 - - [10/Dec/2022:21:19:04 -0800] "GET /favicon.ico HTTP/1.1" 304 271 "-" "Mozilla/5.0 (Windows NT 6.1; WOW64) AppleWebKit/537.36 (KHTML, like Gecko) Chrome/86.0.4240.198 Safari/537.36" 
95.163.255.53 - - [10/Dec/2022:21:26:13 -0800] "GET /robots.txt HTTP/1.0" 200 350 "-" "Mozilla/5.0 (compatible; Linux x86_64; Mail.RU_Bot/2.0; +https://help.mail.ru/webmaster/indexing/robots)" 
95.163.255.57 - - [10/Dec/2022:21:26:16 -0800] "GET /Datasets%20Description/HTML_Bro_log_3/dhcp.html HTTP/1.1" 200 1713 "-" "Mozilla/5.0 (compatible; Linux x86_64; Mail.RU_Bot/2.0; +https://help.mail.ru/webmaster/indexing/robots)" 
40.77.167.73 - - [10/Dec/2022:21:27:05 -0800] "GET /self.logs/access.log.2019-09-09.gz HTTP/1.1" 200 27499 "-" "Mozilla/5.0 (compatible; bingbot/2.0; +http://www.bing.com/bingbot.htm)" 
40.77.167.60 - - [10/Dec/2022:21:29:25 -0800] "GET /self.logs/error.log.2018-06-10.gz HTTP/1.1" 200 8142 "-" "Mozilla/5.0 AppleWebKit/537.36 (KHTML, like Gecko; compatible; bingbot/2.0; +http://www.bing.com/bingbot.htm) Chrome/103.0.5060.134 Safari/537.36" 
157.55.39.49 - - [10/Dec/2022:21:30:09 -0800] "GET /self.logs/access.log.2022-01-17.gz HTTP/1.1" 200 14094 "-" "Mozilla/5.0 AppleWebKit/537.36 (KHTML, like Gecko; compatible; bingbot/2.0; +http://www.bing.com/bingbot.htm) Chrome/103.0.5060.134 Safari/537.36" 
40.77.167.60 - - [10/Dec/2022:21:31:25 -0800] "GET /self.logs/error.log.2018-05-22.gz HTTP/1.1" 200 3819 "-" "Mozilla/5.0 (compatible; bingbot/2.0; +http://www.bing.com/bingbot.htm)" 
114.119.155.88 - - [10/Dec/2022:21:31:29 -0800] "GET /self.logs/error.log.2020-10-08 HTTP/1.1" 200 361 "http://www.secrepo.com/self.logs?C=N%3BO%3DD" "Mozilla/5.0 (Linux; Android 7.0;) AppleWebKit/537.36 (KHTML, like Gecko) Mobile Safari/537.36 (compatible; PetalBot;+https://webmaster.petalsearch.com/site/petalbot)" 
51.222.253.5 - - [10/Dec/2022:21:32:04 -0800] "GET /Datasets%20Description/HTML_Bro_log_3/ HTTP/1.1" 200 789 "-" "Mozilla/5.0 (compatible; AhrefsBot/7.0; +http://ahrefs.com/robot/)" 
157.55.39.209 - - [10/Dec/2022:21:33:34 -0800] "GET /self.logs/ HTTP/1.1" 200 40127 "-" "Mozilla/5.0 AppleWebKit/537.36 (KHTML, like Gecko; compatible; bingbot/2.0; +http://www.bing.com/bingbot.htm) Chrome/103.0.5060.134 Safari/537.36" 
40.77.167.73 - - [10/Dec/2022:21:40:17 -0800] "GET /self.logs/access.log.2020-02-14.gz HTTP/1.1" 200 14785 "-" "Mozilla/5.0 (compatible; bingbot/2.0; +http://www.bing.com/bingbot.htm)" 
51.222.253.3 - - [10/Dec/2022:21:40:44 -0800] "GET /Datasets%20Description/PE_malware/Zeus.html HTTP/1.1" 200 1664 "-" "Mozilla/5.0 (compatible; AhrefsBot/7.0; +http://ahrefs.com/robot/)" 
40.77.167.60 - - [10/Dec/2022:21:45:28 -0800] "GET /self.logs/access.log.2019-10-04.gz HTTP/1.1" 200 56063 "-" "Mozilla/5.0 AppleWebKit/537.36 (KHTML, like Gecko; compatible; bingbot/2.0; +http://www.bing.com/bingbot.htm) Chrome/103.0.5060.134 Safari/537.36" 
40.77.167.73 - - [10/Dec/2022:21:47:28 -0800] "GET /self.logs/access.log.2021-08-25.gz HTTP/1.1" 200 16783 "-" "Mozilla/5.0 (compatible; bingbot/2.0; +http://www.bing.com/bingbot.htm)" 
51.222.253.4 - - [10/Dec/2022:21:59:07 -0800] "GET /Datasets%20Description/PE_malware/OPCleaver.html HTTP/1.1" 200 1424 "-" "Mozilla/5.0 (compatible; AhrefsBot/7.0; +http://ahrefs.com/robot/)" 
157.55.39.49 - - [10/Dec/2022:22:01:12 -0800] "GET /self.logs/access.log.2021-08-23.gz HTTP/1.1" 200 15103 "-" "Mozilla/5.0 AppleWebKit/537.36 (KHTML, like Gecko; compatible; bingbot/2.0; +http://www.bing.com/bingbot.htm) Chrome/103.0.5060.134 Safari/537.36" 
40.77.167.6 - - [10/Dec/2022:22:01:13 -0800] "GET /self.logs/access.log.2020-12-06.gz HTTP/1.1" 200 12202 "-" "Mozilla/5.0 (compatible; bingbot/2.0; +http://www.bing.com/bingbot.htm)" 
40.77.167.6 - - [10/Dec/2022:22:01:23 -0800] "GET /self.logs/access.log.2017-07-19.gz HTTP/1.1" 200 22626 "-" "Mozilla/5.0 (compatible; bingbot/2.0; +http://www.bing.com/bingbot.htm)" 
40.77.167.6 - - [10/Dec/2022:22:01:23 -0800] "GET /self.logs/access.log.2022-05-17.gz HTTP/1.1" 200 11034 "-" "Mozilla/5.0 (compatible; bingbot/2.0; +http://www.bing.com/bingbot.htm)" 
40.77.167.73 - - [10/Dec/2022:22:02:40 -0800] "GET /self.logs/error.log.2017-09-29.gz HTTP/1.1" 200 2318 "-" "Mozilla/5.0 (compatible; bingbot/2.0; +http://www.bing.com/bingbot.htm)" 
157.55.39.209 - - [10/Dec/2022:22:03:37 -0800] "GET /self.logs/2016/access.log.2016-09-25.gz HTTP/1.1" 200 7190 "-" "Mozilla/5.0 AppleWebKit/537.36 (KHTML, like Gecko; compatible; bingbot/2.0; +http://www.bing.com/bingbot.htm) Chrome/103.0.5060.134 Safari/537.36" 
40.77.167.60 - - [10/Dec/2022:22:06:00 -0800] "GET /self.logs/error.log.2019-05-23.gz HTTP/1.1" 200 5341 "-" "Mozilla/5.0 (compatible; bingbot/2.0; +http://www.bing.com/bingbot.htm)" 
122.10.16.224 - - [10/Dec/2022:22:07:56 -0800] "GET / HTTP/1.1" 200 13195 "http://www.secrepo.com" "Mozilla/5.0 (Windows NT 10.0; WOW64) AppleWebKit/537.36 (KHTML, like Gecko) Chrome/86.0.4240.198 Safari/537.36" 
157.55.39.49 - - [10/Dec/2022:22:08:13 -0800] "GET /self.logs/access.log.2021-12-12.gz HTTP/1.1" 200 11275 "-" "Mozilla/5.0 AppleWebKit/537.36 (KHTML, like Gecko; compatible; bingbot/2.0; +http://www.bing.com/bingbot.htm) Chrome/103.0.5060.134 Safari/537.36" 
40.77.167.73 - - [10/Dec/2022:22:08:51 -0800] "GET /self.logs/error.log.2017-06-14.gz HTTP/1.1" 301 541 "-" "Mozilla/5.0 AppleWebKit/537.36 (KHTML, like Gecko; compatible; bingbot/2.0; +http://www.bing.com/bingbot.htm) Chrome/103.0.5060.134 Safari/537.36" 
51.222.253.17 - - [10/Dec/2022:22:08:53 -0800] "GET /Datasets%20Description/Network/dhcp.html HTTP/1.1" 200 1427 "-" "Mozilla/5.0 (compatible; AhrefsBot/7.0; +http://ahrefs.com/robot/)" 
40.77.167.35 - - [10/Dec/2022:22:12:32 -0800] "GET /self.logs/error.log.2018-06-02.gz HTTP/1.1" 200 4536 "-" "Mozilla/5.0 AppleWebKit/537.36 (KHTML, like Gecko; compatible; bingbot/2.0; +http://www.bing.com/bingbot.htm) Chrome/103.0.5060.134 Safari/537.36" 
157.55.39.49 - - [10/Dec/2022:22:12:36 -0800] "GET /self.logs/access.log.2020-04-23.gz HTTP/1.1" 200 25852 "-" "Mozilla/5.0 AppleWebKit/537.36 (KHTML, like Gecko; compatible; bingbot/2.0; +http://www.bing.com/bingbot.htm) Chrome/103.0.5060.134 Safari/537.36" 
40.77.167.6 - - [10/Dec/2022:22:13:44 -0800] "GET /self.logs/2016/error.log.2016-03-01.gz HTTP/1.1" 200 1027 "-" "Mozilla/5.0 AppleWebKit/537.36 (KHTML, like Gecko; compatible; bingbot/2.0; +http://www.bing.com/bingbot.htm) Chrome/103.0.5060.134 Safari/537.36" 
40.77.167.6 - - [10/Dec/2022:22:13:44 -0800] "GET /self.logs/2016/error.log.2016-10-11.gz HTTP/1.1" 200 1084 "-" "Mozilla/5.0 AppleWebKit/537.36 (KHTML, like Gecko; compatible; bingbot/2.0; +http://www.bing.com/bingbot.htm) Chrome/103.0.5060.134 Safari/537.36" 
40.77.167.6 - - [10/Dec/2022:22:13:54 -0800] "GET /self.logs/error.log.2020-10-11.gz HTTP/1.1" 200 918 "-" "Mozilla/5.0 (compatible; bingbot/2.0; +http://www.bing.com/bingbot.htm)" 
157.55.39.209 - - [10/Dec/2022:22:16:07 -0800] "GET /self.logs/access.log.2020-05-23.gz HTTP/1.1" 200 24795 "-" "Mozilla/5.0 (compatible; bingbot/2.0; +http://www.bing.com/bingbot.htm)" 
157.55.39.209 - - [10/Dec/2022:22:16:08 -0800] "GET /self.logs/access.log.2022-07-14.gz HTTP/1.1" 200 16283 "-" "Mozilla/5.0 AppleWebKit/537.36 (KHTML, like Gecko; compatible; bingbot/2.0; +http://www.bing.com/bingbot.htm) Chrome/103.0.5060.134 Safari/537.36" 
40.77.167.6 - - [10/Dec/2022:22:16:33 -0800] "GET /auth.log/auth.log.gz HTTP/1.1" 304 291 "-" "Mozilla/5.0 (compatible; bingbot/2.0; +http://www.bing.com/bingbot.htm)" 
157.55.39.209 - - [10/Dec/2022:22:16:58 -0800] "GET /self.logs/2016/error.log.2016-03-18.gz HTTP/1.1" 200 764 "-" "Mozilla/5.0 (compatible; bingbot/2.0; +http://www.bing.com/bingbot.htm)" 
51.222.253.9 - - [10/Dec/2022:22:17:42 -0800] "GET /Datasets%20Description/Network/weird.html HTTP/1.1" 200 1611 "-" "Mozilla/5.0 (compatible; AhrefsBot/7.0; +http://ahrefs.com/robot/)" 
157.55.39.209 - - [10/Dec/2022:22:18:18 -0800] "GET /self.logs/access.log.2021-11-08.gz HTTP/1.1" 200 33399 "-" "Mozilla/5.0 (compatible; bingbot/2.0; +http://www.bing.com/bingbot.htm)" 
157.55.39.209 - - [10/Dec/2022:22:20:38 -0800] "GET /self.logs/2016/access.log.2016-10-02.gz HTTP/1.1" 200 9478 "-" "Mozilla/5.0 AppleWebKit/537.36 (KHTML, like Gecko; compatible; bingbot/2.0; +http://www.bing.com/bingbot.htm) Chrome/103.0.5060.134 Safari/537.36" 
157.55.39.49 - - [10/Dec/2022:22:21:55 -0800] "GET /self.logs/error.log.2019-12-10.gz HTTP/1.1" 200 881 "-" "Mozilla/5.0 (compatible; bingbot/2.0; +http://www.bing.com/bingbot.htm)" 
157.55.39.209 - - [10/Dec/2022:22:22:48 -0800] "GET /self.logs/ HTTP/1.1" 200 40127 "-" "Mozilla/5.0 AppleWebKit/537.36 (KHTML, like Gecko; compatible; bingbot/2.0; +http://www.bing.com/bingbot.htm) Chrome/103.0.5060.134 Safari/537.36" 
40.77.167.60 - - [10/Dec/2022:22:23:51 -0800] "GET /self.logs/error.log.2019-09-08.gz HTTP/1.1" 200 1625 "-" "Mozilla/5.0 AppleWebKit/537.36 (KHTML, like Gecko; compatible; bingbot/2.0; +http://www.bing.com/bingbot.htm) Chrome/103.0.5060.134 Safari/537.36" 
157.55.39.49 - - [10/Dec/2022:22:25:54 -0800] "GET /self.logs/error.log.2018-08-10.gz HTTP/1.1" 200 6957 "-" "Mozilla/5.0 AppleWebKit/537.36 (KHTML, like Gecko; compatible; bingbot/2.0; +http://www.bing.com/bingbot.htm) Chrome/103.0.5060.134 Safari/537.36" 
51.222.253.18 - - [10/Dec/2022:22:26:30 -0800] "GET /Datasets%20Description/Network/ssl.html HTTP/1.1" 200 1551 "-" "Mozilla/5.0 (compatible; AhrefsBot/7.0; +http://ahrefs.com/robot/)" 
193.19.109.103 - - [10/Dec/2022:22:26:57 -0800] "GET / HTTP/1.0" 200 49106 "http://www.secrepo.com/" "Mozilla/5.0 (Windows NT 10.0; Win64; x64) AppleWebKit/537.36 (KHTML, like Gecko) Chrome/90.0.4430.85 Safari/537.36 Edg/90.0.818.46" 
77.224.184.187 - - [10/Dec/2022:22:28:10 -0800] "GET / HTTP/1.1" 200 13196 "https://colab.research.google.com/" "Mozilla/5.0 (X11; Linux x86_64) AppleWebKit/537.36 (KHTML, like Gecko) Chrome/107.0.0.0 Safari/537.36" 
77.224.184.187 - - [10/Dec/2022:22:28:10 -0800] "GET /css/style.css HTTP/1.1" 404 315 "http://www.secrepo.com/" "Mozilla/5.0 (X11; Linux x86_64) AppleWebKit/537.36 (KHTML, like Gecko) Chrome/107.0.0.0 Safari/537.36" 
77.224.184.187 - - [10/Dec/2022:22:28:10 -0800] "GET /twitter-icon.png HTTP/1.1" 200 27903 "http://www.secrepo.com/" "Mozilla/5.0 (X11; Linux x86_64) AppleWebKit/537.36 (KHTML, like Gecko) Chrome/107.0.0.0 Safari/537.36" 
77.224.184.187 - - [10/Dec/2022:22:28:10 -0800] "GET /GitHub-Mark.png HTTP/1.1" 200 7566 "http://www.secrepo.com/" "Mozilla/5.0 (X11; Linux x86_64) AppleWebKit/537.36 (KHTML, like Gecko) Chrome/107.0.0.0 Safari/537.36" 
77.224.184.187 - - [10/Dec/2022:22:28:11 -0800] "GET /bootstrap/img/favicon.ico HTTP/1.1" 200 700 "http://www.secrepo.com/" "Mozilla/5.0 (X11; Linux x86_64) AppleWebKit/537.36 (KHTML, like Gecko) Chrome/107.0.0.0 Safari/537.36" 
51.222.253.3 - - [10/Dec/2022:22:34:59 -0800] "GET /Datasets%20Description/Network/dns.html HTTP/1.1" 200 1509 "-" "Mozilla/5.0 (compatible; AhrefsBot/7.0; +http://ahrefs.com/robot/)" 
40.77.167.60 - - [10/Dec/2022:22:36:03 -0800] "GET /self.logs/2016/access.log.2016-10-29.gz HTTP/1.1" 200 7116 "-" "Mozilla/5.0 AppleWebKit/537.36 (KHTML, like Gecko; compatible; bingbot/2.0; +http://www.bing.com/bingbot.htm) Chrome/103.0.5060.134 Safari/537.36" 
81.93.142.130 - - [10/Dec/2022:22:39:22 -0800] "GET /radio.txt HTTP/1.1" 301 456 "-" "Mozilla/5.0 (Windows NT 6.1; WOW64) AppleWebKit/537.36 (KHTML, like Gecko) Chrome/50.0.2661.75 Safari/537.36" 
81.93.142.130 - - [10/Dec/2022:22:39:23 -0800] "GET /radio.txt HTTP/1.1" 404 301 "-" "Mozilla/5.0 (Windows NT 6.1; WOW64) AppleWebKit/537.36 (KHTML, like Gecko) Chrome/50.0.2661.75 Safari/537.36" 
40.77.167.6 - - [10/Dec/2022:22:44:57 -0800] "GET / HTTP/1.1" 301 475 "-" "Mozilla/5.0 (compatible; bingbot/2.0; +http://www.bing.com/bingbot.htm)" 
51.222.253.8 - - [10/Dec/2022:22:50:56 -0800] "GET /Datasets%20Description/Network/smtp.html HTTP/1.1" 200 1603 "-" "Mozilla/5.0 (compatible; AhrefsBot/7.0; +http://ahrefs.com/robot/)" 
40.77.167.73 - - [10/Dec/2022:22:51:32 -0800] "GET /self.logs/access.log.2020-10-03.gz HTTP/1.1" 200 10963 "-" "Mozilla/5.0 (compatible; bingbot/2.0; +http://www.bing.com/bingbot.htm)" 
40.77.167.60 - - [10/Dec/2022:23:07:06 -0800] "GET /self.logs/error.log.2017-10-21.gz HTTP/1.1" 200 2229 "-" "Mozilla/5.0 (compatible; bingbot/2.0; +http://www.bing.com/bingbot.htm)" 
157.55.39.209 - - [10/Dec/2022:23:07:33 -0800] "GET /self.logs/error.log.2019-12-24 HTTP/1.1" 200 361 "-" "Mozilla/5.0 AppleWebKit/537.36 (KHTML, like Gecko; compatible; bingbot/2.0; +http://www.bing.com/bingbot.htm) Chrome/103.0.5060.134 Safari/537.36" 
40.77.167.6 - - [10/Dec/2022:23:07:50 -0800] "GET /self.logs/access.log.2018-05-05.gz HTTP/1.1" 200 17680 "-" "Mozilla/5.0 (compatible; bingbot/2.0; +http://www.bing.com/bingbot.htm)" 
40.77.167.6 - - [10/Dec/2022:23:07:50 -0800] "GET /self.logs/access.log.2022-06-20.gz HTTP/1.1" 200 12205 "-" "Mozilla/5.0 AppleWebKit/537.36 (KHTML, like Gecko; compatible; bingbot/2.0; +http://www.bing.com/bingbot.htm) Chrome/103.0.5060.134 Safari/537.36" 
40.77.167.6 - - [10/Dec/2022:23:07:50 -0800] "GET /self.logs/access.log.2021-07-14.gz HTTP/1.1" 200 19601 "-" "Mozilla/5.0 AppleWebKit/537.36 (KHTML, like Gecko; compatible; bingbot/2.0; +http://www.bing.com/bingbot.htm) Chrome/103.0.5060.134 Safari/537.36" 
40.77.167.6 - - [10/Dec/2022:23:07:50 -0800] "GET /self.logs/access.log.2021-11-30.gz HTTP/1.1" 200 20507 "-" "Mozilla/5.0 AppleWebKit/537.36 (KHTML, like Gecko; compatible; bingbot/2.0; +http://www.bing.com/bingbot.htm) Chrome/103.0.5060.134 Safari/537.36" 
185.191.171.11 - - [10/Dec/2022:23:12:43 -0800] "GET /robots.txt HTTP/1.1" 200 350 "-" "Mozilla/5.0 (compatible; SemrushBot/7~bl; +http://www.semrush.com/bot.html)" 
185.191.171.10 - - [10/Dec/2022:23:12:43 -0800] "GET /Datasets%20Description/HTML_Bro_log_3/dhcp.html HTTP/1.1" 200 1713 "-" "Mozilla/5.0 (compatible; SemrushBot/7~bl; +http://www.semrush.com/bot.html)" 
157.55.39.209 - - [10/Dec/2022:23:13:53 -0800] "GET /self.logs/ HTTP/1.1" 200 40127 "-" "Mozilla/5.0 AppleWebKit/537.36 (KHTML, like Gecko; compatible; bingbot/2.0; +http://www.bing.com/bingbot.htm) Chrome/103.0.5060.134 Safari/537.36" 
40.77.167.60 - - [10/Dec/2022:23:14:47 -0800] "GET /self.logs/error.log.2019-10-09.gz HTTP/1.1" 200 876 "-" "Mozilla/5.0 AppleWebKit/537.36 (KHTML, like Gecko; compatible; bingbot/2.0; +http://www.bing.com/bingbot.htm) Chrome/103.0.5060.134 Safari/537.36" 
175.178.200.55 - - [10/Dec/2022:23:15:54 -0800] "GET / HTTP/1.1" 301 419 "http://secrepo.com" "Mozilla/5.0 (Windows NT 6.3; WOW64) AppleWebKit/537.36 (KHTML, like Gecko) Chrome/50.0.2661.102 UBrowser/5.7.16400.12 Safari/537.36" 
175.178.200.55 - - [10/Dec/2022:23:15:57 -0800] "GET / HTTP/1.1" 200 13152 "http://secrepo.com" "Mozilla/5.0 (Windows NT 6.3; WOW64) AppleWebKit/537.36 (KHTML, like Gecko) Chrome/50.0.2661.102 UBrowser/5.7.16400.12 Safari/537.36" 
172.96.186.143 - - [10/Dec/2022:23:19:26 -0800] "GET / HTTP/1.1" 301 438 "https://www.google.com" "Not A;Brand\";v=\"99\", \"Chromium\";v=\"90\", \"Google Chrome\";v=\"90" 
172.96.186.143 - - [10/Dec/2022:23:19:27 -0800] "GET / HTTP/1.1" 200 49106 "http://secrepo.com/" "Not A;Brand\";v=\"99\", \"Chromium\";v=\"90\", \"Google Chrome\";v=\"90" 
172.96.186.143 - - [10/Dec/2022:23:19:27 -0800] "GET / HTTP/1.1" 301 438 "https://www.google.com" "Not A;Brand\";v=\"99\", \"Chromium\";v=\"90\", \"Google Chrome\";v=\"90" 
172.96.186.143 - - [10/Dec/2022:23:19:27 -0800] "GET / HTTP/1.1" 200 13159 "http://secrepo.com/" "Not A;Brand\";v=\"99\", \"Chromium\";v=\"90\", \"Google Chrome\";v=\"90" 
40.77.167.6 - - [10/Dec/2022:23:27:45 -0800] "GET /self.logs/access.log.2019-09-11.gz HTTP/1.1" 200 33666 "-" "Mozilla/5.0 (compatible; bingbot/2.0; +http://www.bing.com/bingbot.htm)" 
40.77.167.6 - - [10/Dec/2022:23:27:46 -0800] "GET /self.logs/access.log.2020-07-17.gz HTTP/1.1" 200 15984 "-" "Mozilla/5.0 AppleWebKit/537.36 (KHTML, like Gecko; compatible; bingbot/2.0; +http://www.bing.com/bingbot.htm) Chrome/103.0.5060.134 Safari/537.36" 
157.55.39.209 - - [10/Dec/2022:23:28:43 -0800] "GET /self.logs/error.log.2017-11-12.gz HTTP/1.1" 301 541 "-" "Mozilla/5.0 (compatible; bingbot/2.0; +http://www.bing.com/bingbot.htm)" 
51.222.253.12 - - [10/Dec/2022:23:29:38 -0800] "GET /Datasets%20Description/HTML_Bro_log_1/dhcp.html HTTP/1.1" 200 1699 "-" "Mozilla/5.0 (compatible; AhrefsBot/7.0; +http://ahrefs.com/robot/)" 
40.77.167.60 - - [10/Dec/2022:23:29:58 -0800] "GET /self.logs/2016/access.log.2016-12-10.gz HTTP/1.1" 200 9348 "-" "Mozilla/5.0 (compatible; bingbot/2.0; +http://www.bing.com/bingbot.htm)" 
157.55.39.49 - - [10/Dec/2022:23:33:51 -0800] "GET /self.logs/error.log.2021-06-26.gz HTTP/1.1" 200 938 "-" "Mozilla/5.0 (compatible; bingbot/2.0; +http://www.bing.com/bingbot.htm)" 
40.77.167.35 - - [10/Dec/2022:23:36:22 -0800] "GET /self.logs/error.log.2020-09-18.gz HTTP/1.1" 200 806 "-" "Mozilla/5.0 AppleWebKit/537.36 (KHTML, like Gecko; compatible; bingbot/2.0; +http://www.bing.com/bingbot.htm) Chrome/103.0.5060.134 Safari/537.36" 
40.77.167.73 - - [10/Dec/2022:23:44:28 -0800] "GET /self.logs/2016/error.log.2016-07-14.gz HTTP/1.1" 200 754 "-" "Mozilla/5.0 (compatible; bingbot/2.0; +http://www.bing.com/bingbot.htm)" 
3.235.131.98 - - [10/Dec/2022:23:45:16 -0800] "GET / HTTP/1.1" 301 475 "-" "Mozilla/5.0 (X11; Linux x86_64) AppleWebKit/537.36 (KHTML, like Gecko) Chrome/100.0.4889.0 Safari/537.36" 
3.235.131.98 - - [10/Dec/2022:23:45:16 -0800] "GET / HTTP/1.1" 200 13196 "-" "Mozilla/5.0 (X11; Linux x86_64) AppleWebKit/537.36 (KHTML, like Gecko) Chrome/100.0.4889.0 Safari/537.36" 
3.235.131.98 - - [10/Dec/2022:23:45:16 -0800] "GET /css/style.css HTTP/1.1" 404 315 "http://www.secrepo.com/" "Mozilla/5.0 (X11; Linux x86_64) AppleWebKit/537.36 (KHTML, like Gecko) Chrome/100.0.4889.0 Safari/537.36" 
3.235.131.98 - - [10/Dec/2022:23:45:16 -0800] "GET /GitHub-Mark.png HTTP/1.1" 200 7566 "http://www.secrepo.com/" "Mozilla/5.0 (X11; Linux x86_64) AppleWebKit/537.36 (KHTML, like Gecko) Chrome/100.0.4889.0 Safari/537.36" 
3.235.131.98 - - [10/Dec/2022:23:45:16 -0800] "GET /twitter-icon.png HTTP/1.1" 200 27926 "http://www.secrepo.com/" "Mozilla/5.0 (X11; Linux x86_64) AppleWebKit/537.36 (KHTML, like Gecko) Chrome/100.0.4889.0 Safari/537.36" 
3.235.131.98 - - [10/Dec/2022:23:45:16 -0800] "GET /bootstrap/img/favicon.ico HTTP/1.1" 200 700 "http://www.secrepo.com/" "Mozilla/5.0 (X11; Linux x86_64) AppleWebKit/537.36 (KHTML, like Gecko) Chrome/100.0.4889.0 Safari/537.36" 
3.235.131.98 - - [10/Dec/2022:23:45:17 -0800] "GET /about HTTP/1.1" 404 315 "-" "Mozilla/5.0 (X11; Linux x86_64) AppleWebKit/537.36 (KHTML, like Gecko) Chrome/100.0.4889.0 Safari/537.36" 
3.235.131.98 - - [10/Dec/2022:23:45:17 -0800] "GET /contact HTTP/1.1" 404 315 "-" "Mozilla/5.0 (X11; Linux x86_64) AppleWebKit/537.36 (KHTML, like Gecko) Chrome/100.0.4889.0 Safari/537.36" 
3.235.131.98 - - [10/Dec/2022:23:45:17 -0800] "GET /blog HTTP/1.1" 404 315 "-" "Mozilla/5.0 (X11; Linux x86_64) AppleWebKit/537.36 (KHTML, like Gecko) Chrome/100.0.4889.0 Safari/537.36" 
157.55.39.209 - - [10/Dec/2022:23:47:46 -0800] "GET /self.logs/error.log.2019-09-30.gz HTTP/1.1" 200 1634 "-" "Mozilla/5.0 (compatible; bingbot/2.0; +http://www.bing.com/bingbot.htm)" 
61.135.159.195 - - [10/Dec/2022:23:47:57 -0800] "GET / HTTP/1.1" 200 13159 "-" "Sogou web spider/4.0(+http://www.sogou.com/docs/help/webmasters.htm#07)" 
51.222.253.6 - - [10/Dec/2022:23:50:24 -0800] "GET /Datasets%20Description/Network/files.html HTTP/1.1" 200 1498 "-" "Mozilla/5.0 (compatible; AhrefsBot/7.0; +http://ahrefs.com/robot/)" 
44.204.167.8 - - [10/Dec/2022:23:56:45 -0800] "GET / HTTP/1.1" 200 13152 "-" "Mozilla/5.0 (compatible; startmebot/1.0; +https://start.me/bot)" 
40.77.167.73 - - [10/Dec/2022:23:59:48 -0800] "GET /self.logs/access.log.2021-06-02.gz HTTP/1.1" 200 19083 "-" "Mozilla/5.0 AppleWebKit/537.36 (KHTML, like Gecko; compatible; bingbot/2.0; +http://www.bing.com/bingbot.htm) Chrome/103.0.5060.134 Safari/537.36" 
185.191.171.24 - - [11/Dec/2022:00:00:36 -0800] "GET /Datasets%20Description/HTML_Bro_log_1/dhcp.html HTTP/1.1" 200 1706 "-" "Mozilla/5.0 (compatible; SemrushBot/7~bl; +http://www.semrush.com/bot.html)" 
40.77.167.6 - - [11/Dec/2022:00:07:39 -0800] "GET /self.logs/access.log.2021-04-02.gz HTTP/1.1" 200 29506 "-" "Mozilla/5.0 AppleWebKit/537.36 (KHTML, like Gecko; compatible; bingbot/2.0; +http://www.bing.com/bingbot.htm) Chrome/103.0.5060.134 Safari/537.36" 
157.55.39.209 - - [11/Dec/2022:00:07:59 -0800] "GET /self.logs/ HTTP/1.1" 200 40127 "-" "Mozilla/5.0 AppleWebKit/537.36 (KHTML, like Gecko; compatible; bingbot/2.0; +http://www.bing.com/bingbot.htm) Chrome/103.0.5060.134 Safari/537.36" 
40.77.167.60 - - [11/Dec/2022:00:09:12 -0800] "GET /self.logs/error.log.2020-05-27 HTTP/1.1" 200 361 "-" "Mozilla/5.0 AppleWebKit/537.36 (KHTML, like Gecko; compatible; bingbot/2.0; +http://www.bing.com/bingbot.htm) Chrome/103.0.5060.134 Safari/537.36" 
