157.55.39.49 - - [04/Dec/2022:17:55:15 -0800] "GET /self.logs/access.log.2021-09-26.gz HTTP/1.1" 200 16356 "-" "Mozilla/5.0 AppleWebKit/537.36 (KHTML, like Gecko; compatible; bingbot/2.0; +http://www.bing.com/bingbot.htm) Chrome/103.0.5060.134 Safari/537.36" 
157.55.39.209 - - [04/Dec/2022:17:57:15 -0800] "GET /self.logs/2016/error.log.2016-08-02.gz HTTP/1.1" 200 1159 "-" "Mozilla/5.0 (compatible; bingbot/2.0; +http://www.bing.com/bingbot.htm)" 
157.55.39.209 - - [04/Dec/2022:17:58:04 -0800] "GET /self.logs/error.log.2019-03-21.gz HTTP/1.1" 200 6873 "-" "Mozilla/5.0 AppleWebKit/537.36 (KHTML, like Gecko; compatible; bingbot/2.0; +http://www.bing.com/bingbot.htm) Chrome/103.0.5060.134 Safari/537.36" 
157.55.39.209 - - [04/Dec/2022:17:58:35 -0800] "GET /Datasets%20Description/Network/dns.html HTTP/1.1" 200 1543 "-" "Mozilla/5.0 (compatible; bingbot/2.0; +http://www.bing.com/bingbot.htm)" 
103.131.71.208 - - [04/Dec/2022:18:00:28 -0800] "GET /robots.txt HTTP/1.1" 301 458 "-" "Mozilla/5.0 (compatible; coccocbot-image/1.0; +http://help.coccoc.com/searchengine)" 
103.131.71.208 - - [04/Dec/2022:18:00:30 -0800] "GET /robots.txt HTTP/1.1" 200 340 "-" "Mozilla/5.0 (compatible; coccocbot-image/1.0; +http://help.coccoc.com/searchengine)" 
51.222.253.2 - - [04/Dec/2022:18:03:37 -0800] "GET /Datasets%20Description/HTML_Bro_log_3/dpd.html HTTP/1.1" 200 1618 "-" "Mozilla/5.0 (compatible; AhrefsBot/7.0; +http://ahrefs.com/robot/)" 
40.77.167.73 - - [04/Dec/2022:18:05:42 -0800] "GET /self.logs/access.log.2021-02-17.gz HTTP/1.1" 200 40927 "-" "Mozilla/5.0 (compatible; bingbot/2.0; +http://www.bing.com/bingbot.htm)" 
40.77.167.6 - - [04/Dec/2022:18:07:53 -0800] "GET /self.logs/2016/access.log.2016-05-01.gz HTTP/1.1" 200 10115 "-" "Mozilla/5.0 AppleWebKit/537.36 (KHTML, like Gecko; compatible; bingbot/2.0; +http://www.bing.com/bingbot.htm) Chrome/103.0.5060.134 Safari/537.36" 
157.55.39.209 - - [04/Dec/2022:18:08:16 -0800] "GET /self.logs/access.log.2021-01-16.gz HTTP/1.1" 200 23295 "-" "Mozilla/5.0 (compatible; bingbot/2.0; +http://www.bing.com/bingbot.htm)" 
40.77.167.6 - - [04/Dec/2022:18:08:33 -0800] "GET /self.logs/error.log.2020-07-16.gz HTTP/1.1" 200 1028 "-" "Mozilla/5.0 AppleWebKit/537.36 (KHTML, like Gecko; compatible; bingbot/2.0; +http://www.bing.com/bingbot.htm) Chrome/103.0.5060.134 Safari/537.36" 
40.77.167.74 - - [04/Dec/2022:18:09:35 -0800] "GET /self.logs/error.log.2020-06-03 HTTP/1.1" 200 351 "-" "Mozilla/5.0 AppleWebKit/537.36 (KHTML, like Gecko; compatible; bingbot/2.0; +http://www.bing.com/bingbot.htm) Chrome/103.0.5060.134 Safari/537.36" 
40.77.167.74 - - [04/Dec/2022:18:09:36 -0800] "GET /self.logs/2016/access.log.2016-01-03.gz HTTP/1.1" 200 5270 "-" "Mozilla/5.0 (compatible; bingbot/2.0; +http://www.bing.com/bingbot.htm)" 
40.77.167.73 - - [04/Dec/2022:18:10:52 -0800] "GET /self.logs/access.log.2022-07-15.gz HTTP/1.1" 200 12458 "-" "Mozilla/5.0 AppleWebKit/537.36 (KHTML, like Gecko; compatible; bingbot/2.0; +http://www.bing.com/bingbot.htm) Chrome/103.0.5060.134 Safari/537.36" 
40.77.167.61 - - [04/Dec/2022:18:11:21 -0800] "GET /self.logs/access.log.2018-02-10.gz HTTP/1.1" 200 15191 "-" "Mozilla/5.0 (compatible; bingbot/2.0; +http://www.bing.com/bingbot.htm)" 
194.93.0.40 - - [04/Dec/2022:18:13:31 -0800] "GET /robots.txt HTTP/1.0" 301 458 "-" "Mozilla/4.0 (compatible; fluid/0.0; +http://www.leak.info/bot.html)" 
157.55.39.49 - - [04/Dec/2022:18:14:46 -0800] "GET /self.logs/access.log.2022-01-08.gz HTTP/1.1" 200 10682 "-" "Mozilla/5.0 (compatible; bingbot/2.0; +http://www.bing.com/bingbot.htm)" 
40.77.167.6 - - [04/Dec/2022:18:14:54 -0800] "GET /self.logs/access.log.2022-03-30.gz HTTP/1.1" 200 17322 "-" "Mozilla/5.0 (compatible; bingbot/2.0; +http://www.bing.com/bingbot.htm)" 
40.77.167.6 - - [04/Dec/2022:18:14:54 -0800] "GET /self.logs/access.log.2021-06-14.gz HTTP/1.1" 200 17693 "-" "Mozilla/5.0 AppleWebKit/537.36 (KHTML, like Gecko; compatible; bingbot/2.0; +http://www.bing.com/bingbot.htm) Chrome/103.0.5060.134 Safari/537.36" 
40.77.167.74 - - [04/Dec/2022:18:15:05 -0800] "GET /self.logs/access.log.2020-07-21.gz HTTP/1.1" 200 15912 "-" "Mozilla/5.0 AppleWebKit/537.36 (KHTML, like Gecko; compatible; bingbot/2.0; +http://www.bing.com/bingbot.htm) Chrome/103.0.5060.134 Safari/537.36" 
157.55.39.209 - - [04/Dec/2022:18:17:06 -0800] "GET /self.logs/ HTTP/1.1" 200 40001 "-" "Mozilla/5.0 AppleWebKit/537.36 (KHTML, like Gecko; compatible; bingbot/2.0; +http://www.bing.com/bingbot.htm) Chrome/103.0.5060.134 Safari/537.36" 
40.77.167.74 - - [04/Dec/2022:18:19:56 -0800] "GET /self.logs/access.log.2020-09-29.gz HTTP/1.1" 200 14825 "-" "Mozilla/5.0 AppleWebKit/537.36 (KHTML, like Gecko; compatible; bingbot/2.0; +http://www.bing.com/bingbot.htm) Chrome/103.0.5060.134 Safari/537.36" 
51.222.253.5 - - [04/Dec/2022:18:20:18 -0800] "GET /Datasets%20Description/Network/weird.html HTTP/1.1" 200 1601 "-" "Mozilla/5.0 (compatible; AhrefsBot/7.0; +http://ahrefs.com/robot/)" 
40.77.167.74 - - [04/Dec/2022:18:20:46 -0800] "GET /Datasets%20Description/Network/dhcp.html HTTP/1.1" 200 1461 "-" "Mozilla/5.0 (compatible; bingbot/2.0; +http://www.bing.com/bingbot.htm)" 
157.55.39.49 - - [04/Dec/2022:18:22:17 -0800] "GET /self.logs/access.log.2018-03-16.gz HTTP/1.1" 200 21601 "-" "Mozilla/5.0 (compatible; bingbot/2.0; +http://www.bing.com/bingbot.htm)" 
40.77.167.6 - - [04/Dec/2022:18:22:25 -0800] "GET /self.logs/2016/error.log.2016-02-25.gz HTTP/1.1" 200 902 "-" "Mozilla/5.0 (compatible; bingbot/2.0; +http://www.bing.com/bingbot.htm)" 
40.77.167.74 - - [04/Dec/2022:18:24:26 -0800] "GET /self.logs/access.log.2021-11-12.gz HTTP/1.1" 200 15820 "-" "Mozilla/5.0 (compatible; bingbot/2.0; +http://www.bing.com/bingbot.htm)" 
40.77.167.73 - - [04/Dec/2022:18:25:44 -0800] "GET /self.logs/error.log.2021-05-06.gz HTTP/1.1" 200 5275 "-" "Mozilla/5.0 (compatible; bingbot/2.0; +http://www.bing.com/bingbot.htm)" 
40.88.21.235 - - [04/Dec/2022:18:26:02 -0800] "GET / HTTP/1.1" 200 13186 "http://www.secrepo.com/" "Mozilla/5.0 (compatible; DuckDuckGo-Favicons-Bot/1.0; +http://duckduckgo.com)" 
40.88.21.235 - - [04/Dec/2022:18:26:02 -0800] "GET /bootstrap/img/favicon.ico HTTP/1.1" 200 690 "http://www.secrepo.com/bootstrap/img/favicon.ico" "Mozilla/5.0 (compatible; DuckDuckGo-Favicons-Bot/1.0; +http://duckduckgo.com)" 
71.150.176.150 - - [04/Dec/2022:18:28:35 -0800] "GET / HTTP/1.1" 200 13186 "-" "Mozilla/5.0 (iPhone; CPU iPhone OS 16_1 like Mac OS X) AppleWebKit/605.1.15 (KHTML, like Gecko) Version/16.1 Mobile/15E148 Safari/604.1" 
52.212.146.96 - - [04/Dec/2022:18:30:01 -0800] "GET /self.logs/access.log.2022-11-28.gz HTTP/1.1" 200 21527 "-" "python-requests/2.12.1" 
157.55.39.49 - - [04/Dec/2022:18:30:19 -0800] "GET /self.logs/2016/error.log.2016-12-22.gz HTTP/1.1" 200 1011 "-" "Mozilla/5.0 AppleWebKit/537.36 (KHTML, like Gecko; compatible; bingbot/2.0; +http://www.bing.com/bingbot.htm) Chrome/103.0.5060.134 Safari/537.36" 
40.77.167.74 - - [04/Dec/2022:18:30:27 -0800] "GET /self.logs/access.log.2022-04-23.gz HTTP/1.1" 200 13623 "-" "Mozilla/5.0 (compatible; bingbot/2.0; +http://www.bing.com/bingbot.htm)" 
40.77.167.61 - - [04/Dec/2022:18:30:54 -0800] "GET /self.logs/error.log.2019-04-18.gz HTTP/1.1" 200 4784 "-" "Mozilla/5.0 AppleWebKit/537.36 (KHTML, like Gecko; compatible; bingbot/2.0; +http://www.bing.com/bingbot.htm) Chrome/103.0.5060.134 Safari/537.36" 
40.77.167.61 - - [04/Dec/2022:18:30:54 -0800] "GET /self.logs/access.log.2020-08-11.gz HTTP/1.1" 200 11378 "-" "Mozilla/5.0 AppleWebKit/537.36 (KHTML, like Gecko; compatible; bingbot/2.0; +http://www.bing.com/bingbot.htm) Chrome/103.0.5060.134 Safari/537.36" 
40.77.167.61 - - [04/Dec/2022:18:30:54 -0800] "GET /self.logs/access.log.2022-03-09.gz HTTP/1.1" 200 22798 "-" "Mozilla/5.0 (compatible; bingbot/2.0; +http://www.bing.com/bingbot.htm)" 
40.77.167.61 - - [04/Dec/2022:18:33:54 -0800] "GET /self.logs/2016/error.log.2016-03-17.gz HTTP/1.1" 200 899 "-" "Mozilla/5.0 (compatible; bingbot/2.0; +http://www.bing.com/bingbot.htm)" 
40.77.167.74 - - [04/Dec/2022:18:33:59 -0800] "GET /self.logs/2016/error.log.2016-06-08.gz HTTP/1.1" 200 1066 "-" "Mozilla/5.0 AppleWebKit/537.36 (KHTML, like Gecko; compatible; bingbot/2.0; +http://www.bing.com/bingbot.htm) Chrome/103.0.5060.134 Safari/537.36" 
157.55.39.209 - - [04/Dec/2022:18:34:59 -0800] "GET /self.logs/access.log.2021-12-19.gz HTTP/1.1" 200 23626 "-" "Mozilla/5.0 (compatible; bingbot/2.0; +http://www.bing.com/bingbot.htm)" 
157.55.39.209 - - [04/Dec/2022:18:36:09 -0800] "GET /self.logs/access.log.2017-11-23.gz HTTP/1.1" 200 22457 "-" "Mozilla/5.0 (compatible; bingbot/2.0; +http://www.bing.com/bingbot.htm)" 
51.222.253.8 - - [04/Dec/2022:18:37:10 -0800] "GET /Datasets%20Description/Network/ssl.html HTTP/1.1" 200 1541 "-" "Mozilla/5.0 (compatible; AhrefsBot/7.0; +http://ahrefs.com/robot/)" 
116.205.148.170 - - [04/Dec/2022:18:38:04 -0800] "GET / HTTP/1.1" 200 13142 "https://link.csdn.net/?target=http%3A%2F%2Fwww.secrepo.com%2F" "Mozilla/5.0 (Windows NT 10.0; Win64; x64) AppleWebKit/537.36 (KHTML, like Gecko) Chrome/108.0.0.0 Safari/537.36" 
116.205.148.170 - - [04/Dec/2022:18:38:05 -0800] "GET /twitter-icon.png HTTP/1.1" 304 216 "http://www.secrepo.com/" "Mozilla/5.0 (Windows NT 10.0; Win64; x64) AppleWebKit/537.36 (KHTML, like Gecko) Chrome/108.0.0.0 Safari/537.36" 
116.205.148.170 - - [04/Dec/2022:18:38:05 -0800] "GET /css/style.css HTTP/1.1" 404 284 "http://www.secrepo.com/" "Mozilla/5.0 (Windows NT 10.0; Win64; x64) AppleWebKit/537.36 (KHTML, like Gecko) Chrome/108.0.0.0 Safari/537.36" 
116.205.148.170 - - [04/Dec/2022:18:38:05 -0800] "GET /GitHub-Mark.png HTTP/1.1" 304 237 "http://www.secrepo.com/" "Mozilla/5.0 (Windows NT 10.0; Win64; x64) AppleWebKit/537.36 (KHTML, like Gecko) Chrome/108.0.0.0 Safari/537.36" 
157.55.39.209 - - [04/Dec/2022:18:38:57 -0800] "GET /self.logs/error.log.2018-03-31.gz HTTP/1.1" 200 3961 "-" "Mozilla/5.0 AppleWebKit/537.36 (KHTML, like Gecko; compatible; bingbot/2.0; +http://www.bing.com/bingbot.htm) Chrome/103.0.5060.134 Safari/537.36" 
40.77.167.6 - - [04/Dec/2022:18:39:25 -0800] "GET /self.logs/access.log.2021-03-22.gz HTTP/1.1" 200 20396 "-" "Mozilla/5.0 (compatible; bingbot/2.0; +http://www.bing.com/bingbot.htm)" 
157.55.39.49 - - [04/Dec/2022:18:40:00 -0800] "GET /self.logs/access.log.2019-04-11.gz HTTP/1.1" 200 32591 "-" "Mozilla/5.0 AppleWebKit/537.36 (KHTML, like Gecko; compatible; bingbot/2.0; +http://www.bing.com/bingbot.htm) Chrome/103.0.5060.134 Safari/537.36" 
40.77.167.6 - - [04/Dec/2022:18:43:46 -0800] "GET /self.logs/error.log.2020-01-17 HTTP/1.1" 200 351 "-" "Mozilla/5.0 (compatible; bingbot/2.0; +http://www.bing.com/bingbot.htm)" 
40.77.167.74 - - [04/Dec/2022:18:44:18 -0800] "GET /self.logs/2016/error.log.2016-12-03.gz HTTP/1.1" 200 973 "-" "Mozilla/5.0 (compatible; bingbot/2.0; +http://www.bing.com/bingbot.htm)" 
40.77.167.74 - - [04/Dec/2022:18:44:19 -0800] "GET /self.logs/access.log.2021-11-17.gz HTTP/1.1" 200 17941 "-" "Mozilla/5.0 (compatible; bingbot/2.0; +http://www.bing.com/bingbot.htm)" 
40.77.167.61 - - [04/Dec/2022:18:45:04 -0800] "GET /self.logs/access.log.2021-08-22.gz HTTP/1.1" 200 12436 "-" "Mozilla/5.0 (compatible; bingbot/2.0; +http://www.bing.com/bingbot.htm)" 
40.77.167.74 - - [04/Dec/2022:18:46:58 -0800] "GET /self.logs/access.log.2019-10-07.gz HTTP/1.1" 200 17244 "-" "Mozilla/5.0 (compatible; bingbot/2.0; +http://www.bing.com/bingbot.htm)" 
123.125.109.138 - - [04/Dec/2022:18:47:17 -0800] "GET / HTTP/1.1" 200 13149 "-" "Sogou web spider/4.0(+http://www.sogou.com/docs/help/webmasters.htm#07)" 
157.55.39.49 - - [04/Dec/2022:18:47:20 -0800] "GET /self.logs/access.log.2018-07-29.gz HTTP/1.1" 200 35094 "-" "Mozilla/5.0 AppleWebKit/537.36 (KHTML, like Gecko; compatible; bingbot/2.0; +http://www.bing.com/bingbot.htm) Chrome/103.0.5060.134 Safari/537.36" 
40.77.167.73 - - [04/Dec/2022:18:47:56 -0800] "GET /self.logs/access.log.2018-10-09.gz HTTP/1.1" 200 22139 "-" "Mozilla/5.0 AppleWebKit/537.36 (KHTML, like Gecko; compatible; bingbot/2.0; +http://www.bing.com/bingbot.htm) Chrome/103.0.5060.134 Safari/537.36" 
40.77.167.61 - - [04/Dec/2022:18:50:56 -0800] "GET /self.logs/2016/error.log.2016-06-26.gz HTTP/1.1" 200 866 "-" "Mozilla/5.0 AppleWebKit/537.36 (KHTML, like Gecko; compatible; bingbot/2.0; +http://www.bing.com/bingbot.htm) Chrome/103.0.5060.134 Safari/537.36" 
121.168.63.142 - - [04/Dec/2022:18:51:16 -0800] "GET / HTTP/1.1" 200 13186 "-" "Mozilla/5.0 (Macintosh; Intel Mac OS X 10_15_7) AppleWebKit/537.36 (KHTML, like Gecko) Chrome/107.0.0.0 Safari/537.36" 
121.168.63.142 - - [04/Dec/2022:18:51:16 -0800] "GET /css/style.css HTTP/1.1" 404 305 "http://www.secrepo.com/" "Mozilla/5.0 (Macintosh; Intel Mac OS X 10_15_7) AppleWebKit/537.36 (KHTML, like Gecko) Chrome/107.0.0.0 Safari/537.36" 
121.168.63.142 - - [04/Dec/2022:18:51:16 -0800] "GET /GitHub-Mark.png HTTP/1.1" 200 7556 "http://www.secrepo.com/" "Mozilla/5.0 (Macintosh; Intel Mac OS X 10_15_7) AppleWebKit/537.36 (KHTML, like Gecko) Chrome/107.0.0.0 Safari/537.36" 
121.168.63.142 - - [04/Dec/2022:18:51:17 -0800] "GET /twitter-icon.png HTTP/1.1" 200 27916 "http://www.secrepo.com/" "Mozilla/5.0 (Macintosh; Intel Mac OS X 10_15_7) AppleWebKit/537.36 (KHTML, like Gecko) Chrome/107.0.0.0 Safari/537.36" 
121.168.63.142 - - [04/Dec/2022:18:51:17 -0800] "GET /bootstrap/img/favicon.ico HTTP/1.1" 200 690 "http://www.secrepo.com/" "Mozilla/5.0 (Macintosh; Intel Mac OS X 10_15_7) AppleWebKit/537.36 (KHTML, like Gecko) Chrome/107.0.0.0 Safari/537.36" 
40.77.167.74 - - [04/Dec/2022:18:51:59 -0800] "GET /self.logs/2016/error.log.2016-07-22.gz HTTP/1.1" 200 1409 "-" "Mozilla/5.0 AppleWebKit/537.36 (KHTML, like Gecko; compatible; bingbot/2.0; +http://www.bing.com/bingbot.htm) Chrome/103.0.5060.134 Safari/537.36" 
40.77.167.74 - - [04/Dec/2022:18:52:00 -0800] "GET /self.logs/2016/error.log.2016-02-14.gz HTTP/1.1" 200 743 "-" "Mozilla/5.0 AppleWebKit/537.36 (KHTML, like Gecko; compatible; bingbot/2.0; +http://www.bing.com/bingbot.htm) Chrome/103.0.5060.134 Safari/537.36" 
40.77.167.73 - - [04/Dec/2022:18:52:56 -0800] "GET /self.logs/2016/access.log.2016-08-11.gz HTTP/1.1" 200 17590 "-" "Mozilla/5.0 (compatible; bingbot/2.0; +http://www.bing.com/bingbot.htm)" 
45.33.106.88 - - [04/Dec/2022:18:53:04 -0800] "GET /favicon.ico HTTP/1.1" 304 261 "-" "Mozilla/5.0 (Windows NT 10.0; WOW64) AppleWebKit/537.36 (KHTML, like Gecko) Chrome/86.0.4240.198 Safari/537.36" 
51.222.253.7 - - [04/Dec/2022:18:54:03 -0800] "GET /Datasets%20Description/Network/files.html HTTP/1.1" 200 1488 "-" "Mozilla/5.0 (compatible; AhrefsBot/7.0; +http://ahrefs.com/robot/)" 
40.77.167.74 - - [04/Dec/2022:18:57:29 -0800] "GET /self.logs/access.log.2021-02-24.gz HTTP/1.1" 200 22408 "-" "Mozilla/5.0 (compatible; bingbot/2.0; +http://www.bing.com/bingbot.htm)" 
40.77.167.74 - - [04/Dec/2022:18:57:30 -0800] "GET /self.logs/access.log.2021-02-16.gz HTTP/1.1" 200 24340 "-" "Mozilla/5.0 (compatible; bingbot/2.0; +http://www.bing.com/bingbot.htm)" 
157.55.39.49 - - [04/Dec/2022:18:58:31 -0800] "GET /self.logs/2016/error.log.2016-11-22.gz HTTP/1.1" 200 1418 "-" "Mozilla/5.0 (compatible; bingbot/2.0; +http://www.bing.com/bingbot.htm)" 
157.55.39.209 - - [04/Dec/2022:19:01:21 -0800] "GET /self.logs/error.log.2020-08-14 HTTP/1.1" 200 351 "-" "Mozilla/5.0 AppleWebKit/537.36 (KHTML, like Gecko; compatible; bingbot/2.0; +http://www.bing.com/bingbot.htm) Chrome/103.0.5060.134 Safari/537.36" 
157.55.39.209 - - [04/Dec/2022:19:01:21 -0800] "GET /self.logs/error.log.2020-12-03 HTTP/1.1" 200 328 "-" "Mozilla/5.0 AppleWebKit/537.36 (KHTML, like Gecko; compatible; bingbot/2.0; +http://www.bing.com/bingbot.htm) Chrome/103.0.5060.134 Safari/537.36" 
157.55.39.209 - - [04/Dec/2022:19:03:52 -0800] "GET /self.logs/ HTTP/1.1" 200 40001 "-" "Mozilla/5.0 (compatible; bingbot/2.0; +http://www.bing.com/bingbot.htm)" 
40.77.167.61 - - [04/Dec/2022:19:05:57 -0800] "GET /self.logs/access.log.2019-12-10.gz HTTP/1.1" 200 31803 "-" "Mozilla/5.0 AppleWebKit/537.36 (KHTML, like Gecko; compatible; bingbot/2.0; +http://www.bing.com/bingbot.htm) Chrome/103.0.5060.134 Safari/537.36" 
40.77.167.61 - - [04/Dec/2022:19:05:57 -0800] "GET /self.logs/2016/access.log.2016-05-12.gz HTTP/1.1" 200 14549 "-" "Mozilla/5.0 AppleWebKit/537.36 (KHTML, like Gecko; compatible; bingbot/2.0; +http://www.bing.com/bingbot.htm) Chrome/103.0.5060.134 Safari/537.36" 
40.77.167.6 - - [04/Dec/2022:19:06:28 -0800] "GET /self.logs/error.log.2018-12-25.gz HTTP/1.1" 200 5975 "-" "Mozilla/5.0 (compatible; bingbot/2.0; +http://www.bing.com/bingbot.htm)" 
157.55.39.49 - - [04/Dec/2022:19:11:02 -0800] "GET /self.logs/access.log.2021-05-01.gz HTTP/1.1" 200 14380 "-" "Mozilla/5.0 AppleWebKit/537.36 (KHTML, like Gecko; compatible; bingbot/2.0; +http://www.bing.com/bingbot.htm) Chrome/103.0.5060.134 Safari/537.36" 
118.118.94.81 - - [04/Dec/2022:19:11:09 -0800] "HEAD / HTTP/1.1" 301 223 "http://secrepo.com" "Mozilla/5.0 (compatible; Baiduspider/2.0; +http://www.baidu.com/search/spider.html" 
118.118.94.81 - - [04/Dec/2022:19:11:10 -0800] "GET / HTTP/1.1" 200 49133 "http://secrepo.com" "Mozilla/5.0 (compatible; Baiduspider/2.0; +http://www.baidu.com/search/spider.html" 
118.118.94.81 - - [04/Dec/2022:19:11:11 -0800] "HEAD /zb_users/plugin/LinksManage/zbignore.txt HTTP/1.1" 301 207 "http://secrepo.com/zb_users/plugin/LinksManage/zbignore.txt" "Mozilla/5.0 (compatible; Baiduspider/2.0; +http://www.baidu.com/search/spider.html" 
118.118.94.81 - - [04/Dec/2022:19:11:11 -0800] "GET /zb_users/plugin/LinksManage/zbignore.txt HTTP/1.1" 404 250 "http://secrepo.com/zb_users/plugin/LinksManage/zbignore.txt" "Mozilla/5.0 (compatible; Baiduspider/2.0; +http://www.baidu.com/search/spider.html" 
51.222.253.6 - - [04/Dec/2022:19:12:55 -0800] "GET /Datasets%20Description/Network/smtp.html HTTP/1.1" 200 1593 "-" "Mozilla/5.0 (compatible; AhrefsBot/7.0; +http://ahrefs.com/robot/)" 
40.77.167.73 - - [04/Dec/2022:19:13:39 -0800] "GET /self.logs/2016/error.log.2016-08-06.gz HTTP/1.1" 200 3780 "-" "Mozilla/5.0 (compatible; bingbot/2.0; +http://www.bing.com/bingbot.htm)" 
3.92.27.2 - - [04/Dec/2022:19:21:11 -0800] "GET / HTTP/1.1" 200 13142 "-" "Mozilla/5.0 (compatible; startmebot/1.0; +https://start.me/bot)" 
40.77.167.74 - - [04/Dec/2022:19:21:31 -0800] "GET /self.logs/access.log.2019-06-30.gz HTTP/1.1" 200 24648 "-" "Mozilla/5.0 AppleWebKit/537.36 (KHTML, like Gecko; compatible; bingbot/2.0; +http://www.bing.com/bingbot.htm) Chrome/103.0.5060.134 Safari/537.36" 
157.55.39.49 - - [04/Dec/2022:19:22:33 -0800] "GET /self.logs/error.log.2021-08-08.gz HTTP/1.1" 200 1244 "-" "Mozilla/5.0 AppleWebKit/537.36 (KHTML, like Gecko; compatible; bingbot/2.0; +http://www.bing.com/bingbot.htm) Chrome/103.0.5060.134 Safari/537.36" 
40.77.167.73 - - [04/Dec/2022:19:26:20 -0800] "GET /self.logs/access.log.2021-07-30.gz HTTP/1.1" 200 30559 "-" "Mozilla/5.0 (compatible; bingbot/2.0; +http://www.bing.com/bingbot.htm)" 
51.83.111.190 - - [04/Dec/2022:19:28:54 -0800] "GET /honeypot/BSidesDFW%20-%202014.ipynb HTTP/1.1" 301 481 "-" "Tornado-Async-Client" 
27.150.191.126 - - [04/Dec/2022:19:28:53 -0800] "GET /honeypot/BSidesDFW%20-%202014.ipynb HTTP/1.1" 200 930921 "-" "Mozilla/5.0 (Windows NT 10.0; Win64; x64) AppleWebKit/537.36 (KHTML, like Gecko) Chrome/76.0.3809.25 Safari/537.36" 
27.150.191.126 - - [04/Dec/2022:19:28:53 -0800] "GET /auth.log/auth.log.gz HTTP/1.1" 200 615679 "-" "Mozilla/5.0 (Windows NT 10.0; Win64; x64) AppleWebKit/537.36 (KHTML, like Gecko) Chrome/76.0.3809.25 Safari/537.36" 
51.77.205.250 - - [04/Dec/2022:19:29:00 -0800] "GET /honeypot/js-agent.newrelic.com/nr-1216.min.js HTTP/1.1" 301 509 "-" "Tornado-Async-Client" 
51.77.205.250 - - [04/Dec/2022:19:29:00 -0800] "GET /honeypot/js-agent.newrelic.com/nr-1216.min.js HTTP/1.1" 404 284 "-" "Tornado-Async-Client" 
27.150.191.126 - - [04/Dec/2022:19:28:54 -0800] "GET /self.logs/ HTTP/1.1" 200 40001 "-" "Mozilla/5.0 (Windows NT 10.0; Win64; x64) AppleWebKit/537.36 (KHTML, like Gecko) Chrome/76.0.3809.25 Safari/537.36" 
51.83.111.190 - - [04/Dec/2022:19:29:01 -0800] "GET /honeypot/jquery.min.js HTTP/1.1" 301 463 "-" "Tornado-Async-Client" 
51.83.111.190 - - [04/Dec/2022:19:29:01 -0800] "GET /honeypot/jquery.min.js HTTP/1.1" 404 284 "-" "Tornado-Async-Client" 
27.150.191.126 - - [04/Dec/2022:19:29:01 -0800] "GET /maccdc2012/tunnel.log.gz HTTP/1.1" 200 5282 "-" "Mozilla/5.0 (Windows NT 10.0; Win64; x64) AppleWebKit/537.36 (KHTML, like Gecko) Chrome/76.0.3809.25 Safari/537.36" 
51.83.111.190 - - [04/Dec/2022:19:29:02 -0800] "GET /honeypot/moment.min.js HTTP/1.1" 301 463 "-" "Tornado-Async-Client" 
51.83.111.190 - - [04/Dec/2022:19:29:02 -0800] "GET /honeypot/moment.min.js HTTP/1.1" 404 250 "-" "Tornado-Async-Client" 
27.150.191.126 - - [04/Dec/2022:19:28:59 -0800] "GET /tg/tg_snort_fast.7z HTTP/1.1" 200 4274204 "-" "Mozilla/5.0 (Windows NT 10.0; Win64; x64) AppleWebKit/537.36 (KHTML, like Gecko) Chrome/76.0.3809.25 Safari/537.36" 
27.150.191.126 - - [04/Dec/2022:19:29:03 -0800] "GET /maccdc2012/smtp.log.gz HTTP/1.1" 200 6956 "-" "Mozilla/5.0 (Windows NT 10.0; Win64; x64) AppleWebKit/537.36 (KHTML, like Gecko) Chrome/76.0.3809.25 Safari/537.36" 
27.150.191.126 - - [04/Dec/2022:19:29:03 -0800] "GET /maccdc2012/signatures.log.gz HTTP/1.1" 200 645 "-" "Mozilla/5.0 (Windows NT 10.0; Win64; x64) AppleWebKit/537.36 (KHTML, like Gecko) Chrome/76.0.3809.25 Safari/537.36" 
27.150.191.126 - - [04/Dec/2022:19:29:02 -0800] "GET /maccdc2012/ssl.log.gz HTTP/1.1" 200 1311463 "-" "Mozilla/5.0 (Windows NT 10.0; Win64; x64) AppleWebKit/537.36 (KHTML, like Gecko) Chrome/76.0.3809.25 Safari/537.36" 
27.150.191.126 - - [04/Dec/2022:19:29:03 -0800] "GET /maccdc2012/notice.log.gz HTTP/1.1" 200 20774 "-" "Mozilla/5.0 (Windows NT 10.0; Win64; x64) AppleWebKit/537.36 (KHTML, like Gecko) Chrome/76.0.3809.25 Safari/537.36" 
27.150.191.126 - - [04/Dec/2022:19:29:03 -0800] "GET /maccdc2012/ssh.log.gz HTTP/1.1" 200 182567 "-" "Mozilla/5.0 (Windows NT 10.0; Win64; x64) AppleWebKit/537.36 (KHTML, like Gecko) Chrome/76.0.3809.25 Safari/537.36" 
27.150.191.126 - - [04/Dec/2022:19:29:01 -0800] "GET /maccdc2012/weird.log.gz HTTP/1.1" 200 1252831 "-" "Mozilla/5.0 (Windows NT 10.0; Win64; x64) AppleWebKit/537.36 (KHTML, like Gecko) Chrome/76.0.3809.25 Safari/537.36" 
27.150.191.126 - - [04/Dec/2022:19:29:03 -0800] "GET /maccdc2012/ftp.log.gz HTTP/1.1" 200 127738 "-" "Mozilla/5.0 (Windows NT 10.0; Win64; x64) AppleWebKit/537.36 (KHTML, like Gecko) Chrome/76.0.3809.25 Safari/537.36" 
27.150.191.126 - - [04/Dec/2022:19:29:04 -0800] "GET /maccdc2012/dhcp.log.gz HTTP/1.1" 200 44954 "-" "Mozilla/5.0 (Windows NT 10.0; Win64; x64) AppleWebKit/537.36 (KHTML, like Gecko) Chrome/76.0.3809.25 Safari/537.36" 
51.77.205.250 - - [04/Dec/2022:19:29:04 -0800] "GET /honeypot/bootstrap.min.js HTTP/1.1" 301 469 "-" "Tornado-Async-Client" 
51.77.205.250 - - [04/Dec/2022:19:29:04 -0800] "GET /honeypot/bootstrap.min.js HTTP/1.1" 404 284 "-" "Tornado-Async-Client" 
51.83.111.190 - - [04/Dec/2022:19:29:05 -0800] "GET /honeypot/headroom.js/dist/headroom.min.js HTTP/1.1" 301 501 "-" "Tornado-Async-Client" 
51.83.111.190 - - [04/Dec/2022:19:29:05 -0800] "GET /honeypot/headroom.js/dist/headroom.min.js HTTP/1.1" 404 250 "-" "Tornado-Async-Client" 
51.83.111.190 - - [04/Dec/2022:19:29:07 -0800] "GET /honeypot/headroom.js/dist/jQuery.headroom.min.js HTTP/1.1" 301 515 "-" "Tornado-Async-Client" 
51.83.111.190 - - [04/Dec/2022:19:29:07 -0800] "GET /honeypot/headroom.js/dist/jQuery.headroom.min.js HTTP/1.1" 404 250 "-" "Tornado-Async-Client" 
27.150.191.126 - - [04/Dec/2022:19:29:00 -0800] "GET /maccdc2012/maccdc2012_fast_alert.7z HTTP/1.1" 200 9478260 "-" "Mozilla/5.0 (Windows NT 10.0; Win64; x64) AppleWebKit/537.36 (KHTML, like Gecko) Chrome/76.0.3809.25 Safari/537.36" 
27.150.191.126 - - [04/Dec/2022:19:29:04 -0800] "GET /maccdc2012/dns.log.gz HTTP/1.1" 200 6607356 "-" "Mozilla/5.0 (Windows NT 10.0; Win64; x64) AppleWebKit/537.36 (KHTML, like Gecko) Chrome/76.0.3809.25 Safari/537.36" 
40.77.167.6 - - [04/Dec/2022:19:29:10 -0800] "GET /self.logs/2016/access.log.2016-03-07.gz HTTP/1.1" 200 9522 "-" "Mozilla/5.0 (compatible; bingbot/2.0; +http://www.bing.com/bingbot.htm)" 
27.150.191.126 - - [04/Dec/2022:19:28:54 -0800] "GET /squid/access.log.gz HTTP/1.1" 200 4558120 "-" "Mozilla/5.0 (Windows NT 10.0; Win64; x64) AppleWebKit/537.36 (KHTML, like Gecko) Chrome/76.0.3809.25 Safari/537.36" 
27.150.191.126 - - [04/Dec/2022:19:28:56 -0800] "GET /tg/tg_snort_full.7z HTTP/1.1" 200 5860440 "-" "Mozilla/5.0 (Windows NT 10.0; Win64; x64) AppleWebKit/537.36 (KHTML, like Gecko) Chrome/76.0.3809.25 Safari/537.36" 
27.150.191.126 - - [04/Dec/2022:19:28:59 -0800] "GET /maccdc2012/maccdc2012_full_alert.7z HTTP/1.1" 200 5095400 "-" "Mozilla/5.0 (Windows NT 10.0; Win64; x64) AppleWebKit/537.36 (KHTML, like Gecko) Chrome/76.0.3809.25 Safari/537.36" 
27.150.191.126 - - [04/Dec/2022:19:29:03 -0800] "GET /maccdc2012/http.log.gz HTTP/1.1" 200 7710260 "-" "Mozilla/5.0 (Windows NT 10.0; Win64; x64) AppleWebKit/537.36 (KHTML, like Gecko) Chrome/76.0.3809.25 Safari/537.36" 
27.150.191.126 - - [04/Dec/2022:19:29:04 -0800] "GET /maccdc2012/files.log.gz HTTP/1.1" 200 4658860 "-" "Mozilla/5.0 (Windows NT 10.0; Win64; x64) AppleWebKit/537.36 (KHTML, like Gecko) Chrome/76.0.3809.25 Safari/537.36" 
27.150.191.126 - - [04/Dec/2022:19:29:04 -0800] "GET /maccdc2012/conn.log.gz HTTP/1.1" 200 3690880 "-" "Mozilla/5.0 (Windows NT 10.0; Win64; x64) AppleWebKit/537.36 (KHTML, like Gecko) Chrome/76.0.3809.25 Safari/537.36" 
27.150.191.126 - - [04/Dec/2022:19:29:42 -0800] "GET /self.logs HTTP/1.1" 301 563 "-" "Mozilla/5.0 (Windows NT 10.0; Win64; x64) AppleWebKit/537.36 (KHTML, like Gecko) Chrome/76.0.3809.25 Safari/537.36" 
27.150.191.126 - - [04/Dec/2022:19:29:42 -0800] "GET /self.logs/ HTTP/1.1" 200 39978 "-" "Mozilla/5.0 (Windows NT 10.0; Win64; x64) AppleWebKit/537.36 (KHTML, like Gecko) Chrome/76.0.3809.25 Safari/537.36" 
40.77.167.74 - - [04/Dec/2022:19:30:03 -0800] "GET /self.logs/2016/error.log.2016-07-31.gz HTTP/1.1" 200 1176 "-" "Mozilla/5.0 AppleWebKit/537.36 (KHTML, like Gecko; compatible; bingbot/2.0; +http://www.bing.com/bingbot.htm) Chrome/103.0.5060.134 Safari/537.36" 
157.55.39.209 - - [04/Dec/2022:19:30:43 -0800] "GET /self.logs/error.log.2021-09-17.gz HTTP/1.1" 200 1185 "-" "Mozilla/5.0 AppleWebKit/537.36 (KHTML, like Gecko; compatible; bingbot/2.0; +http://www.bing.com/bingbot.htm) Chrome/103.0.5060.134 Safari/537.36" 
51.222.253.3 - - [04/Dec/2022:19:31:25 -0800] "GET /self.logs/error.log.2022-11-30.gz HTTP/1.1" 200 1085 "-" "Mozilla/5.0 (compatible; AhrefsBot/7.0; +http://ahrefs.com/robot/)" 
40.77.167.73 - - [04/Dec/2022:19:32:40 -0800] "GET /self.logs/access.log.2021-07-30.gz HTTP/1.1" 200 30559 "-" "Mozilla/5.0 AppleWebKit/537.36 (KHTML, like Gecko; compatible; bingbot/2.0; +http://www.bing.com/bingbot.htm) Chrome/103.0.5060.134 Safari/537.36" 
114.119.136.219 - - [04/Dec/2022:19:33:02 -0800] "GET /self.logs/error.log.2018-08-21.gz HTTP/1.1" 200 5472 "-" "Mozilla/5.0 (compatible;PetalBot;+https://webmaster.petalsearch.com/site/petalbot)" 
40.77.167.73 - - [04/Dec/2022:19:34:31 -0800] "GET /self.logs/access.log.2021-08-12.gz HTTP/1.1" 200 18219 "-" "Mozilla/5.0 AppleWebKit/537.36 (KHTML, like Gecko; compatible; bingbot/2.0; +http://www.bing.com/bingbot.htm) Chrome/103.0.5060.134 Safari/537.36" 
40.77.167.61 - - [04/Dec/2022:19:34:39 -0800] "GET /self.logs/access.log.2021-01-08.gz HTTP/1.1" 200 20280 "-" "Mozilla/5.0 AppleWebKit/537.36 (KHTML, like Gecko; compatible; bingbot/2.0; +http://www.bing.com/bingbot.htm) Chrome/103.0.5060.134 Safari/537.36" 
157.55.39.209 - - [04/Dec/2022:19:35:44 -0800] "GET /self.logs/access.log.2022-08-08.gz HTTP/1.1" 200 16150 "-" "Mozilla/5.0 AppleWebKit/537.36 (KHTML, like Gecko; compatible; bingbot/2.0; +http://www.bing.com/bingbot.htm) Chrome/103.0.5060.134 Safari/537.36" 
40.77.167.6 - - [04/Dec/2022:19:36:02 -0800] "GET /self.logs/access.log.2020-04-04.gz HTTP/1.1" 200 24713 "-" "Mozilla/5.0 (compatible; bingbot/2.0; +http://www.bing.com/bingbot.htm)" 
40.77.167.74 - - [04/Dec/2022:19:41:03 -0800] "GET /self.logs/2016/error.log.2016-04-15.gz HTTP/1.1" 200 673 "-" "Mozilla/5.0 (compatible; bingbot/2.0; +http://www.bing.com/bingbot.htm)" 
157.55.39.49 - - [04/Dec/2022:19:42:15 -0800] "GET /self.logs/error.log.2021-04-02.gz HTTP/1.1" 200 8654 "-" "Mozilla/5.0 AppleWebKit/537.36 (KHTML, like Gecko; compatible; bingbot/2.0; +http://www.bing.com/bingbot.htm) Chrome/103.0.5060.134 Safari/537.36" 
157.55.39.49 - - [04/Dec/2022:19:45:35 -0800] "GET /self.logs/error.log.2019-03-05.gz HTTP/1.1" 200 3469 "-" "Mozilla/5.0 (compatible; bingbot/2.0; +http://www.bing.com/bingbot.htm)" 
40.77.167.74 - - [04/Dec/2022:19:46:54 -0800] "GET /self.logs/access.log.2020-05-16.gz HTTP/1.1" 200 11308 "-" "Mozilla/5.0 AppleWebKit/537.36 (KHTML, like Gecko; compatible; bingbot/2.0; +http://www.bing.com/bingbot.htm) Chrome/103.0.5060.134 Safari/537.36" 
51.222.253.6 - - [04/Dec/2022:19:49:32 -0800] "GET /self.logs/access.log.2022-12-01.gz HTTP/1.1" 200 20199 "-" "Mozilla/5.0 (compatible; AhrefsBot/7.0; +http://ahrefs.com/robot/)" 
40.77.167.6 - - [04/Dec/2022:19:52:13 -0800] "GET /self.logs/error.log.2020-02-27 HTTP/1.1" 200 351 "-" "Mozilla/5.0 AppleWebKit/537.36 (KHTML, like Gecko; compatible; bingbot/2.0; +http://www.bing.com/bingbot.htm) Chrome/103.0.5060.134 Safari/537.36" 
40.77.167.6 - - [04/Dec/2022:19:55:03 -0800] "GET /self.logs/access.log.2020-10-04.gz HTTP/1.1" 200 15067 "-" "Mozilla/5.0 (compatible; bingbot/2.0; +http://www.bing.com/bingbot.htm)" 
40.77.167.61 - - [04/Dec/2022:19:56:12 -0800] "GET /self.logs/error.log.2020-05-02 HTTP/1.1" 200 351 "-" "Mozilla/5.0 (compatible; bingbot/2.0; +http://www.bing.com/bingbot.htm)" 
40.77.167.74 - - [04/Dec/2022:19:59:15 -0800] "GET /self.logs/access.log.2019-04-09.gz HTTP/1.1" 200 30680 "-" "Mozilla/5.0 AppleWebKit/537.36 (KHTML, like Gecko; compatible; bingbot/2.0; +http://www.bing.com/bingbot.htm) Chrome/103.0.5060.134 Safari/537.36" 
40.77.167.74 - - [04/Dec/2022:19:59:15 -0800] "GET /self.logs/error.log.2017-11-27.gz HTTP/1.1" 200 2111 "-" "Mozilla/5.0 AppleWebKit/537.36 (KHTML, like Gecko; compatible; bingbot/2.0; +http://www.bing.com/bingbot.htm) Chrome/103.0.5060.134 Safari/537.36" 
157.55.39.49 - - [04/Dec/2022:20:06:28 -0800] "GET /self.logs/access.log.2021-06-19.gz HTTP/1.1" 200 18789 "-" "Mozilla/5.0 (compatible; bingbot/2.0; +http://www.bing.com/bingbot.htm)" 
65.109.24.4 - - [04/Dec/2022:20:07:46 -0800] "GET /robots.txt HTTP/1.1" 200 377 "-" "Mozilla/5.0 (compatible; MJ12bot/v1.4.8; http://mj12bot.com/)" 
65.109.24.4 - - [04/Dec/2022:20:07:47 -0800] "GET /Datasets%20Description/HTML_Bro_log_3/?C=D;O=A HTTP/1.1" 200 745 "-" "Mozilla/5.0 (compatible; MJ12bot/v1.4.8; http://mj12bot.com/)" 
65.109.24.4 - - [04/Dec/2022:20:07:49 -0800] "GET /Datasets%20Description/HTML_Bro_log_3/?C=D;O=D HTTP/1.1" 200 744 "-" "Mozilla/5.0 (compatible; MJ12bot/v1.4.8; http://mj12bot.com/)" 
65.109.24.4 - - [04/Dec/2022:20:07:51 -0800] "GET /Datasets%20Description/HTML_Bro_log_3/?C=M;O=A HTTP/1.1" 200 745 "-" "Mozilla/5.0 (compatible; MJ12bot/v1.4.8; http://mj12bot.com/)" 
65.109.24.4 - - [04/Dec/2022:20:07:53 -0800] "GET /Datasets%20Description/HTML_Bro_log_3/?C=N;O=D HTTP/1.1" 200 744 "-" "Mozilla/5.0 (compatible; MJ12bot/v1.4.8; http://mj12bot.com/)" 
65.109.24.4 - - [04/Dec/2022:20:07:55 -0800] "GET /Datasets%20Description/HTML_Bro_log_3/?C=S;O=A HTTP/1.1" 200 740 "-" "Mozilla/5.0 (compatible; MJ12bot/v1.4.8; http://mj12bot.com/)" 
65.109.24.4 - - [04/Dec/2022:20:07:57 -0800] "GET /self.logs/error.log.2022-01-13 HTTP/1.1" 200 273 "-" "Mozilla/5.0 (compatible; MJ12bot/v1.4.8; http://mj12bot.com/)" 
40.77.167.6 - - [04/Dec/2022:20:14:35 -0800] "GET /self.logs/access.log.2020-10-20.gz HTTP/1.1" 200 36404 "-" "Mozilla/5.0 (compatible; bingbot/2.0; +http://www.bing.com/bingbot.htm)" 
40.77.167.6 - - [04/Dec/2022:20:16:45 -0800] "GET /self.logs/access.log.2021-07-16.gz HTTP/1.1" 200 12685 "-" "Mozilla/5.0 (compatible; bingbot/2.0; +http://www.bing.com/bingbot.htm)" 
103.172.80.134 - - [04/Dec/2022:20:19:43 -0800] "GET /favicon.ico HTTP/1.1" 200 354 "-" "Mozilla/5.0 (Windows NT 10.0; WOW64) AppleWebKit/537.36 (KHTML, like Gecko) Chrome/86.0.4240.198 Safari/537.36" 
157.55.39.49 - - [04/Dec/2022:20:22:59 -0800] "GET /self.logs/access.log.2022-05-28.gz HTTP/1.1" 200 11639 "-" "Mozilla/5.0 AppleWebKit/537.36 (KHTML, like Gecko; compatible; bingbot/2.0; +http://www.bing.com/bingbot.htm) Chrome/103.0.5060.134 Safari/537.36" 
157.55.39.49 - - [04/Dec/2022:20:22:59 -0800] "GET /self.logs/2016/error.log.2016-03-26.gz HTTP/1.1" 200 901 "-" "Mozilla/5.0 AppleWebKit/537.36 (KHTML, like Gecko; compatible; bingbot/2.0; +http://www.bing.com/bingbot.htm) Chrome/103.0.5060.134 Safari/537.36" 
157.55.39.49 - - [04/Dec/2022:20:22:59 -0800] "GET /self.logs/access.log.2020-02-25.gz HTTP/1.1" 200 13541 "-" "Mozilla/5.0 (compatible; bingbot/2.0; +http://www.bing.com/bingbot.htm)" 
40.77.167.6 - - [04/Dec/2022:20:24:35 -0800] "GET /self.logs/access.log.2019-10-08.gz HTTP/1.1" 200 34574 "-" "Mozilla/5.0 (compatible; bingbot/2.0; +http://www.bing.com/bingbot.htm)" 
40.77.167.6 - - [04/Dec/2022:20:26:16 -0800] "GET /self.logs/access.log.2021-04-02.gz HTTP/1.1" 200 29496 "-" "Mozilla/5.0 (compatible; bingbot/2.0; +http://www.bing.com/bingbot.htm)" 
220.181.51.92 - - [04/Dec/2022:20:26:58 -0800] "GET /robots.txt HTTP/1.1" 200 340 "-" "Mozilla/5.0 (Windows NT 10.0; WOW64) AppleWebKit/537.36 (KHTML, like Gecko) Chrome/48.0.2564.116 Safari/537.36" 
116.179.32.102 - - [04/Dec/2022:20:26:57 -0800] "GET /self.logs/2016/ HTTP/1.1" 200 7823 "-" "Mozilla/5.0 (compatible; Baiduspider/2.0; +http://www.baidu.com/search/spider.html)" 
116.179.33.201 - - [04/Dec/2022:20:27:12 -0800] "GET /robots.txt HTTP/1.1" 200 340 "-" "Mozilla/5.0 (Windows NT 10.0; WOW64) AppleWebKit/537.36 (KHTML, like Gecko) Chrome/48.0.2564.116 Safari/537.36" 
157.55.39.209 - - [04/Dec/2022:20:27:29 -0800] "GET /self.logs/2016/access.log.2016-08-17.gz HTTP/1.1" 200 9374 "-" "Mozilla/5.0 (compatible; bingbot/2.0; +http://www.bing.com/bingbot.htm)" 
157.55.39.209 - - [04/Dec/2022:20:27:29 -0800] "GET /self.logs/access.log.2020-09-03.gz HTTP/1.1" 200 9645 "-" "Mozilla/5.0 AppleWebKit/537.36 (KHTML, like Gecko; compatible; bingbot/2.0; +http://www.bing.com/bingbot.htm) Chrome/103.0.5060.134 Safari/537.36" 
157.55.39.209 - - [04/Dec/2022:20:27:29 -0800] "GET /self.logs/access.log.2020-05-18.gz HTTP/1.1" 200 15539 "-" "Mozilla/5.0 AppleWebKit/537.36 (KHTML, like Gecko; compatible; bingbot/2.0; +http://www.bing.com/bingbot.htm) Chrome/103.0.5060.134 Safari/537.36" 
157.55.39.209 - - [04/Dec/2022:20:27:29 -0800] "GET /self.logs/access.log.2022-05-16.gz HTTP/1.1" 200 11813 "-" "Mozilla/5.0 AppleWebKit/537.36 (KHTML, like Gecko; compatible; bingbot/2.0; +http://www.bing.com/bingbot.htm) Chrome/103.0.5060.134 Safari/537.36" 
157.55.39.209 - - [04/Dec/2022:20:27:29 -0800] "GET /self.logs/access.log.2019-03-08.gz HTTP/1.1" 200 85989 "-" "Mozilla/5.0 AppleWebKit/537.36 (KHTML, like Gecko; compatible; bingbot/2.0; +http://www.bing.com/bingbot.htm) Chrome/103.0.5060.134 Safari/537.36" 
157.55.39.209 - - [04/Dec/2022:20:27:30 -0800] "GET /self.logs/access.log.2022-02-22.gz HTTP/1.1" 200 12956 "-" "Mozilla/5.0 (compatible; bingbot/2.0; +http://www.bing.com/bingbot.htm)" 
40.77.167.74 - - [04/Dec/2022:20:30:09 -0800] "GET /self.logs/access.log.2020-12-02.gz HTTP/1.1" 200 12254 "-" "Mozilla/5.0 AppleWebKit/537.36 (KHTML, like Gecko; compatible; bingbot/2.0; +http://www.bing.com/bingbot.htm) Chrome/103.0.5060.134 Safari/537.36" 
40.77.167.61 - - [04/Dec/2022:20:32:45 -0800] "GET /self.logs/2016/access.log.2016-10-15.gz HTTP/1.1" 200 7000 "-" "Mozilla/5.0 AppleWebKit/537.36 (KHTML, like Gecko; compatible; bingbot/2.0; +http://www.bing.com/bingbot.htm) Chrome/103.0.5060.134 Safari/537.36" 
40.77.167.6 - - [04/Dec/2022:20:34:57 -0800] "GET /self.logs/2016/access.log.2016-08-13.gz HTTP/1.1" 200 8556 "-" "Mozilla/5.0 AppleWebKit/537.36 (KHTML, like Gecko; compatible; bingbot/2.0; +http://www.bing.com/bingbot.htm) Chrome/103.0.5060.134 Safari/537.36" 
51.222.253.19 - - [04/Dec/2022:20:36:03 -0800] "GET /robots.txt HTTP/1.1" 200 333 "-" "Mozilla/5.0 (compatible; AhrefsBot/7.0; +http://ahrefs.com/robot/)" 
51.222.253.14 - - [04/Dec/2022:20:36:05 -0800] "GET /Datasets%20Description/HTML_Bro_log_2/?C=N;O=A HTTP/1.1" 200 788 "-" "Mozilla/5.0 (compatible; AhrefsBot/7.0; +http://ahrefs.com/robot/)" 
183.154.92.55 - - [04/Dec/2022:20:36:30 -0800] "POST /themes/custom_themes/index.php/?fukq=t HTTP/1.1" 418 747 "http://misc.yahoo.com.cn/" "Mozilla/5.0+(compatible;+Baispider/2.0;++http://www.bai.com/search/spider.html)" 
183.154.92.55 - - [04/Dec/2022:20:36:31 -0800] "POST /themes/custom_themes/index.php/?fukq=t HTTP/1.1" 418 746 "http://misc.yahoo.com.cn/" "Mozilla/5.0+(compatible;+Baispider/2.0;++http://www.bai.com/search/spider.html)" 
183.154.92.55 - - [04/Dec/2022:20:36:31 -0800] "POST /themes/custom_themes/index.php/?fukq=t HTTP/1.1" 418 746 "http://misc.yahoo.com.cn/" "Mozilla/5.0+(compatible;+Baispider/2.0;++http://www.bai.com/search/spider.html)" 
40.77.167.6 - - [04/Dec/2022:20:37:37 -0800] "GET /self.logs/error.log.2020-09-08 HTTP/1.1" 200 351 "-" "Mozilla/5.0 (compatible; bingbot/2.0; +http://www.bing.com/bingbot.htm)" 
157.55.39.49 - - [04/Dec/2022:20:39:01 -0800] "GET /self.logs/error.log.2019-12-25.gz HTTP/1.1" 200 977 "-" "Mozilla/5.0 AppleWebKit/537.36 (KHTML, like Gecko; compatible; bingbot/2.0; +http://www.bing.com/bingbot.htm) Chrome/103.0.5060.134 Safari/537.36" 
157.55.39.209 - - [04/Dec/2022:20:39:30 -0800] "GET /self.logs/ HTTP/1.1" 200 40001 "-" "Mozilla/5.0 AppleWebKit/537.36 (KHTML, like Gecko; compatible; bingbot/2.0; +http://www.bing.com/bingbot.htm) Chrome/103.0.5060.134 Safari/537.36" 
40.77.167.73 - - [04/Dec/2022:20:40:27 -0800] "GET /self.logs/access.log.2018-12-16.gz HTTP/1.1" 200 23146 "-" "Mozilla/5.0 AppleWebKit/537.36 (KHTML, like Gecko; compatible; bingbot/2.0; +http://www.bing.com/bingbot.htm) Chrome/103.0.5060.134 Safari/537.36" 
40.77.167.74 - - [04/Dec/2022:20:40:31 -0800] "GET /self.logs/access.log.2021-07-04.gz HTTP/1.1" 200 14885 "-" "Mozilla/5.0 AppleWebKit/537.36 (KHTML, like Gecko; compatible; bingbot/2.0; +http://www.bing.com/bingbot.htm) Chrome/103.0.5060.134 Safari/537.36" 
114.119.147.116 - - [04/Dec/2022:20:42:15 -0800] "GET /self.logs/error.log.2019-02-12.gz HTTP/1.1" 200 4080 "-" "Mozilla/5.0 (compatible;PetalBot;+https://webmaster.petalsearch.com/site/petalbot)" 
157.55.39.49 - - [04/Dec/2022:20:46:01 -0800] "GET /self.logs/error.log.2021-08-01.gz HTTP/1.1" 200 1087 "-" "Mozilla/5.0 AppleWebKit/537.36 (KHTML, like Gecko; compatible; bingbot/2.0; +http://www.bing.com/bingbot.htm) Chrome/103.0.5060.134 Safari/537.36" 
40.77.167.74 - - [04/Dec/2022:20:47:40 -0800] "GET /self.logs/2016/access.log.2016-07-02.gz HTTP/1.1" 200 5714 "-" "Mozilla/5.0 AppleWebKit/537.36 (KHTML, like Gecko; compatible; bingbot/2.0; +http://www.bing.com/bingbot.htm) Chrome/103.0.5060.134 Safari/537.36" 
40.77.167.6 - - [04/Dec/2022:20:52:38 -0800] "GET /self.logs/access.log.2021-03-17.gz HTTP/1.1" 200 46961 "-" "Mozilla/5.0 AppleWebKit/537.36 (KHTML, like Gecko; compatible; bingbot/2.0; +http://www.bing.com/bingbot.htm) Chrome/103.0.5060.134 Safari/537.36" 
157.55.39.209 - - [04/Dec/2022:20:56:42 -0800] "GET /self.logs/access.log.2021-07-15.gz HTTP/1.1" 200 13757 "-" "Mozilla/5.0 (compatible; bingbot/2.0; +http://www.bing.com/bingbot.htm)" 
40.77.167.6 - - [04/Dec/2022:20:57:59 -0800] "GET /self.logs/2016/error.log.2016-09-12.gz HTTP/1.1" 200 1000 "-" "Mozilla/5.0 AppleWebKit/537.36 (KHTML, like Gecko; compatible; bingbot/2.0; +http://www.bing.com/bingbot.htm) Chrome/103.0.5060.134 Safari/537.36" 
40.77.167.6 - - [04/Dec/2022:20:58:19 -0800] "GET /self.logs/access.log.2019-10-29.gz HTTP/1.1" 200 26294 "-" "Mozilla/5.0 AppleWebKit/537.36 (KHTML, like Gecko; compatible; bingbot/2.0; +http://www.bing.com/bingbot.htm) Chrome/103.0.5060.134 Safari/537.36" 
222.186.42.209 - - [04/Dec/2022:20:59:43 -0800] "GET /e/data/js/ajax.js HTTP/1.1" 404 328 "-" "Mozilla/5.0 (Windows NT 10.0; WOW64; rv:48.0) Gecko/20100101 Firefox/48.0" 
51.222.253.1 - - [04/Dec/2022:21:04:35 -0800] "GET /Datasets%20Description/Network/notice.html HTTP/1.1" 200 1606 "-" "Mozilla/5.0 (compatible; AhrefsBot/7.0; +http://ahrefs.com/robot/)" 
40.77.167.73 - - [04/Dec/2022:21:05:00 -0800] "GET /self.logs/2016/error.log.2016-12-13.gz HTTP/1.1" 200 726 "-" "Mozilla/5.0 AppleWebKit/537.36 (KHTML, like Gecko; compatible; bingbot/2.0; +http://www.bing.com/bingbot.htm) Chrome/103.0.5060.134 Safari/537.36" 
76.30.251.240 - - [04/Dec/2022:21:09:14 -0800] "GET / HTTP/1.1" 200 13185 "-" "Mozilla/5.0 (Windows NT 10.0; Win64; x64) AppleWebKit/537.36 (KHTML, like Gecko) Chrome/108.0.0.0 Safari/537.36" 
76.30.251.240 - - [04/Dec/2022:21:09:14 -0800] "GET /css/style.css HTTP/1.1" 404 305 "http://www.secrepo.com/" "Mozilla/5.0 (Windows NT 10.0; Win64; x64) AppleWebKit/537.36 (KHTML, like Gecko) Chrome/108.0.0.0 Safari/537.36" 
76.30.251.240 - - [04/Dec/2022:21:09:14 -0800] "GET /twitter-icon.png HTTP/1.1" 200 27916 "http://www.secrepo.com/" "Mozilla/5.0 (Windows NT 10.0; Win64; x64) AppleWebKit/537.36 (KHTML, like Gecko) Chrome/108.0.0.0 Safari/537.36" 
76.30.251.240 - - [04/Dec/2022:21:09:14 -0800] "GET /GitHub-Mark.png HTTP/1.1" 200 7533 "http://www.secrepo.com/" "Mozilla/5.0 (Windows NT 10.0; Win64; x64) AppleWebKit/537.36 (KHTML, like Gecko) Chrome/108.0.0.0 Safari/537.36" 
76.30.251.240 - - [04/Dec/2022:21:09:15 -0800] "GET /bootstrap/img/favicon.ico HTTP/1.1" 200 690 "http://www.secrepo.com/" "Mozilla/5.0 (Windows NT 10.0; Win64; x64) AppleWebKit/537.36 (KHTML, like Gecko) Chrome/108.0.0.0 Safari/537.36" 
157.55.39.209 - - [04/Dec/2022:21:10:24 -0800] "GET /self.logs/access.log.2019-08-15.gz HTTP/1.1" 200 24827 "-" "Mozilla/5.0 (compatible; bingbot/2.0; +http://www.bing.com/bingbot.htm)" 
66.249.70.175 - - [04/Dec/2022:21:10:56 -0800] "GET /Datasets%20Description/HTML_Bro_log_1/ HTTP/1.1" 200 834 "-" "Mozilla/5.0 (Linux; Android 6.0.1; Nexus 5X Build/MMB29P) AppleWebKit/537.36 (KHTML, like Gecko) Chrome/107.0.5304.110 Mobile Safari/537.36 (compatible; Googlebot/2.1; +http://www.google.com/bot.html)" 
40.77.167.6 - - [04/Dec/2022:21:14:41 -0800] "GET /self.logs/access.log.2021-08-17.gz HTTP/1.1" 200 30422 "-" "Mozilla/5.0 (compatible; bingbot/2.0; +http://www.bing.com/bingbot.htm)" 
40.77.167.74 - - [04/Dec/2022:21:15:23 -0800] "GET /self.logs/2016/error.log.2016-02-05.gz HTTP/1.1" 200 829 "-" "Mozilla/5.0 AppleWebKit/537.36 (KHTML, like Gecko; compatible; bingbot/2.0; +http://www.bing.com/bingbot.htm) Chrome/103.0.5060.134 Safari/537.36" 
40.77.167.6 - - [04/Dec/2022:21:15:51 -0800] "GET /self.logs/access.log.2022-04-12.gz HTTP/1.1" 200 20728 "-" "Mozilla/5.0 AppleWebKit/537.36 (KHTML, like Gecko; compatible; bingbot/2.0; +http://www.bing.com/bingbot.htm) Chrome/103.0.5060.134 Safari/537.36" 
40.77.167.6 - - [04/Dec/2022:21:17:51 -0800] "GET /self.logs/access.log.2021-10-18.gz HTTP/1.1" 200 11531 "-" "Mozilla/5.0 AppleWebKit/537.36 (KHTML, like Gecko; compatible; bingbot/2.0; +http://www.bing.com/bingbot.htm) Chrome/103.0.5060.134 Safari/537.36" 
40.77.167.74 - - [04/Dec/2022:21:19:14 -0800] "GET /self.logs/access.log.2022-06-23.gz HTTP/1.1" 200 13976 "-" "Mozilla/5.0 (compatible; bingbot/2.0; +http://www.bing.com/bingbot.htm)" 
40.77.167.6 - - [04/Dec/2022:21:21:41 -0800] "GET /self.logs/access.log.2022-06-20.gz HTTP/1.1" 200 12218 "-" "Mozilla/5.0 (compatible; bingbot/2.0; +http://www.bing.com/bingbot.htm)" 
40.77.167.6 - - [04/Dec/2022:21:23:41 -0800] "GET /self.logs/error.log.2020-07-05 HTTP/1.1" 200 351 "-" "Mozilla/5.0 (compatible; bingbot/2.0; +http://www.bing.com/bingbot.htm)" 
76.30.251.240 - - [04/Dec/2022:21:24:43 -0800] "GET /maccdc2012/dhcp.log.gz HTTP/1.1" 200 44977 "http://www.secrepo.com/" "Mozilla/5.0 (Windows NT 10.0; Win64; x64) AppleWebKit/537.36 (KHTML, like Gecko) Chrome/108.0.0.0 Safari/537.36" 
157.55.39.209 - - [04/Dec/2022:21:27:55 -0800] "GET /self.logs/ HTTP/1.1" 200 40001 "-" "Mozilla/5.0 AppleWebKit/537.36 (KHTML, like Gecko; compatible; bingbot/2.0; +http://www.bing.com/bingbot.htm) Chrome/103.0.5060.134 Safari/537.36" 
40.77.167.73 - - [04/Dec/2022:21:29:02 -0800] "GET /self.logs/error.log.2021-09-05.gz HTTP/1.1" 200 3562 "-" "Mozilla/5.0 AppleWebKit/537.36 (KHTML, like Gecko; compatible; bingbot/2.0; +http://www.bing.com/bingbot.htm) Chrome/103.0.5060.134 Safari/537.36" 
40.77.167.74 - - [04/Dec/2022:21:30:24 -0800] "GET /self.logs/2016/error.log.2016-08-05.gz HTTP/1.1" 200 2407 "-" "Mozilla/5.0 AppleWebKit/537.36 (KHTML, like Gecko; compatible; bingbot/2.0; +http://www.bing.com/bingbot.htm) Chrome/103.0.5060.134 Safari/537.36" 
51.222.253.14 - - [04/Dec/2022:21:31:17 -0800] "GET /Datasets%20Description/HTML_Bro_log_1/ HTTP/1.1" 200 790 "-" "Mozilla/5.0 (compatible; AhrefsBot/7.0; +http://ahrefs.com/robot/)" 
114.119.130.92 - - [04/Dec/2022:21:31:59 -0800] "GET /self.logs/access.log.2019-08-28.gz HTTP/1.1" 200 23087 "-" "Mozilla/5.0 (compatible;PetalBot;+https://webmaster.petalsearch.com/site/petalbot)" 
157.55.39.209 - - [04/Dec/2022:21:34:35 -0800] "GET /self.logs/error.log.2020-05-17 HTTP/1.1" 200 351 "-" "Mozilla/5.0 AppleWebKit/537.36 (KHTML, like Gecko; compatible; bingbot/2.0; +http://www.bing.com/bingbot.htm) Chrome/103.0.5060.134 Safari/537.36" 
40.77.167.61 - - [04/Dec/2022:21:39:22 -0800] "GET /self.logs/access.log.2019-04-19.gz HTTP/1.1" 200 25416 "-" "Mozilla/5.0 (compatible; bingbot/2.0; +http://www.bing.com/bingbot.htm)" 
40.77.167.61 - - [04/Dec/2022:21:39:22 -0800] "GET /self.logs/error.log.2018-10-17.gz HTTP/1.1" 200 6178 "-" "Mozilla/5.0 (compatible; bingbot/2.0; +http://www.bing.com/bingbot.htm)" 
40.77.167.6 - - [04/Dec/2022:21:40:43 -0800] "GET /auth.log/auth.log.gz HTTP/1.1" 304 281 "-" "Mozilla/5.0 (compatible; bingbot/2.0; +http://www.bing.com/bingbot.htm)" 
185.191.171.10 - - [04/Dec/2022:21:42:47 -0800] "GET /Datasets%20Description/HTML_Bro_log_3/loaded_scripts.html HTTP/1.1" 200 1506 "-" "Mozilla/5.0 (compatible; SemrushBot/7~bl; +http://www.semrush.com/bot.html)" 
40.77.167.74 - - [04/Dec/2022:21:43:05 -0800] "GET /self.logs/error.log.2020-05-10 HTTP/1.1" 200 351 "-" "Mozilla/5.0 (compatible; bingbot/2.0; +http://www.bing.com/bingbot.htm)" 
40.77.167.6 - - [04/Dec/2022:21:45:23 -0800] "GET /self.logs/error.log.2017-06-18.gz HTTP/1.1" 200 1055 "-" "Mozilla/5.0 AppleWebKit/537.36 (KHTML, like Gecko; compatible; bingbot/2.0; +http://www.bing.com/bingbot.htm) Chrome/103.0.5060.134 Safari/537.36" 
40.77.167.61 - - [04/Dec/2022:21:47:32 -0800] "GET /self.logs/access.log.2017-08-26.gz HTTP/1.1" 200 16648 "-" "Mozilla/5.0 (compatible; bingbot/2.0; +http://www.bing.com/bingbot.htm)" 
114.119.143.172 - - [04/Dec/2022:21:48:01 -0800] "GET /robots.txt HTTP/1.1" 301 495 "-" "Mozilla/5.0 (compatible;PetalBot;+https://webmaster.petalsearch.com/site/petalbot)" 
114.119.143.172 - - [04/Dec/2022:21:48:05 -0800] "GET /robots.txt HTTP/1.1" 200 377 "-" "Mozilla/5.0 (compatible;PetalBot;+https://webmaster.petalsearch.com/site/petalbot)" 
114.119.129.34 - - [04/Dec/2022:21:48:24 -0800] "GET /self.logs/error.log.2017-01-20.gz HTTP/1.1" 200 892 "-" "Mozilla/5.0 (compatible;PetalBot;+https://webmaster.petalsearch.com/site/petalbot)" 
40.77.167.6 - - [04/Dec/2022:21:48:24 -0800] "GET /self.logs/2016/access.log.2016-09-11.gz HTTP/1.1" 200 21898 "-" "Mozilla/5.0 AppleWebKit/537.36 (KHTML, like Gecko; compatible; bingbot/2.0; +http://www.bing.com/bingbot.htm) Chrome/103.0.5060.134 Safari/537.36" 
40.77.167.73 - - [04/Dec/2022:21:50:53 -0800] "GET /self.logs/2016/error.log.2016-10-02.gz HTTP/1.1" 200 1739 "-" "Mozilla/5.0 (compatible; bingbot/2.0; +http://www.bing.com/bingbot.htm)" 
157.55.39.209 - - [04/Dec/2022:21:53:06 -0800] "GET /self.logs/access.log.2022-05-26.gz HTTP/1.1" 200 10936 "-" "Mozilla/5.0 AppleWebKit/537.36 (KHTML, like Gecko; compatible; bingbot/2.0; +http://www.bing.com/bingbot.htm) Chrome/103.0.5060.134 Safari/537.36" 
40.77.167.73 - - [04/Dec/2022:21:53:14 -0800] "GET /self.logs/error.log.2018-12-03.gz HTTP/1.1" 200 4394 "-" "Mozilla/5.0 AppleWebKit/537.36 (KHTML, like Gecko; compatible; bingbot/2.0; +http://www.bing.com/bingbot.htm) Chrome/103.0.5060.134 Safari/537.36" 
157.55.39.209 - - [04/Dec/2022:21:58:17 -0800] "GET /self.logs/2016/access.log.2016-08-22.gz HTTP/1.1" 200 8910 "-" "Mozilla/5.0 (compatible; bingbot/2.0; +http://www.bing.com/bingbot.htm)" 
40.88.21.235 - - [04/Dec/2022:21:58:19 -0800] "GET / HTTP/1.1" 200 13186 "http://www.secrepo.com/" "Mozilla/5.0 (compatible; DuckDuckGo-Favicons-Bot/1.0; +http://duckduckgo.com)" 
40.88.21.235 - - [04/Dec/2022:21:58:19 -0800] "GET /bootstrap/img/favicon.ico HTTP/1.1" 200 690 "http://www.secrepo.com/bootstrap/img/favicon.ico" "Mozilla/5.0 (compatible; DuckDuckGo-Favicons-Bot/1.0; +http://duckduckgo.com)" 
51.222.253.11 - - [04/Dec/2022:21:59:30 -0800] "GET /Datasets%20Description/Network/ssh.html HTTP/1.1" 200 1324 "-" "Mozilla/5.0 (compatible; AhrefsBot/7.0; +http://ahrefs.com/robot/)" 
40.77.167.74 - - [04/Dec/2022:22:01:17 -0800] "GET /self.logs/access.log.2019-07-13.gz HTTP/1.1" 200 23472 "-" "Mozilla/5.0 AppleWebKit/537.36 (KHTML, like Gecko; compatible; bingbot/2.0; +http://www.bing.com/bingbot.htm) Chrome/103.0.5060.134 Safari/537.36" 
64.124.8.34 - - [04/Dec/2022:22:02:20 -0800] "GET /robots.txt HTTP/1.1" 200 377 "-" "Mozilla/5.0 (X11; Linux x86_64) AppleWebKit/537.36 (KHTML, like Gecko) Chrome/61.0.3163.79 Safari/537.36" 
64.124.8.34 - - [04/Dec/2022:22:02:20 -0800] "GET /self.logs/error.log.2020-12-06 HTTP/1.1" 304 251 "-" "Mozilla/5.0 (X11; Linux x86_64) AppleWebKit/537.36 (KHTML, like Gecko) Chrome/61.0.3163.79 Safari/537.36" 
40.77.167.6 - - [04/Dec/2022:22:06:26 -0800] "GET /self.logs/error.log.2020-04-06 HTTP/1.1" 200 351 "-" "Mozilla/5.0 AppleWebKit/537.36 (KHTML, like Gecko; compatible; bingbot/2.0; +http://www.bing.com/bingbot.htm) Chrome/103.0.5060.134 Safari/537.36" 
