207.46.13.216 - - [13/Jul/2019:05:03:26 -0700] "GET /self.logs/access.log.2017-10-11.gz HTTP/1.1" 200 46161 "-" "Mozilla/5.0 (compatible; bingbot/2.0; +http://www.bing.com/bingbot.htm)" 
66.249.65.173 - - [13/Jul/2019:05:05:11 -0700] "GET /maccdc2012/ftp.log.gz HTTP/1.1" 200 127656 "-" "Mozilla/5.0 (Linux; Android 6.0.1; Nexus 5X Build/MMB29P) AppleWebKit/537.36 (KHTML, like Gecko) Chrome/41.0.2272.96 Mobile Safari/537.36 (compatible; Googlebot/2.1; +http://www.google.com/bot.html)" 
113.171.224.176 - - [13/Jul/2019:05:11:35 -0700] "GET /honeypot/Honeypot%20-%20Howto.pdf HTTP/1.1" 200 61320 "-" "Mozilla/5.0 Gecko/20100115 Firefox/3.6" 
207.46.13.216 - - [13/Jul/2019:05:18:55 -0700] "GET /self.logs/access.log.2017-10-02.gz HTTP/1.1" 200 21879 "-" "Mozilla/5.0 (compatible; bingbot/2.0; +http://www.bing.com/bingbot.htm)" 
216.244.66.245 - - [13/Jul/2019:05:19:42 -0700] "GET /robots.txt HTTP/1.1" 200 244 "-" "Mozilla/5.0 (compatible; DotBot/1.1; http://www.opensiteexplorer.org/dotbot, help@moz.com)" 
209.15.209.89 - - [13/Jul/2019:05:21:17 -0700] "HEAD / HTTP/1.1" 200 273 "-" "-" 
185.125.226.11 - - [13/Jul/2019:05:21:18 -0700] "GET / HTTP/1.1" 200 12539 "https://www.researchgate.net/" "Mozilla/5.0 (X11; Linux x86_64) AppleWebKit/537.36 (KHTML, like Gecko) Chrome/75.0.3770.80 Safari/537.36" 
185.125.226.11 - - [13/Jul/2019:05:21:18 -0700] "GET /twitter-icon.png HTTP/1.1" 200 27787 "http://www.secrepo.com/" "Mozilla/5.0 (X11; Linux x86_64) AppleWebKit/537.36 (KHTML, like Gecko) Chrome/75.0.3770.80 Safari/537.36" 
185.125.226.11 - - [13/Jul/2019:05:21:18 -0700] "GET /GitHub-Mark.png HTTP/1.1" 200 7450 "http://www.secrepo.com/" "Mozilla/5.0 (X11; Linux x86_64) AppleWebKit/537.36 (KHTML, like Gecko) Chrome/75.0.3770.80 Safari/537.36" 
185.125.226.11 - - [13/Jul/2019:05:21:19 -0700] "GET /bootstrap/img/favicon.ico HTTP/1.1" 200 601 "http://www.secrepo.com/" "Mozilla/5.0 (X11; Linux x86_64) AppleWebKit/537.36 (KHTML, like Gecko) Chrome/75.0.3770.80 Safari/537.36" 
185.125.226.11 - - [13/Jul/2019:05:21:50 -0700] "GET /Datasets%20Description/Network/http.html HTTP/1.1" 200 1630 "http://www.secrepo.com/" "Mozilla/5.0 (X11; Linux x86_64) AppleWebKit/537.36 (KHTML, like Gecko) Chrome/75.0.3770.80 Safari/537.36" 
185.125.226.11 - - [13/Jul/2019:05:21:51 -0700] "GET /favicon.ico HTTP/1.1" 200 279 "http://www.secrepo.com/Datasets%20Description/Network/http.html" "Mozilla/5.0 (X11; Linux x86_64) AppleWebKit/537.36 (KHTML, like Gecko) Chrome/75.0.3770.80 Safari/537.36" 
49.74.234.16 - - [13/Jul/2019:05:26:21 -0700] "GET /favicon.ico HTTP/1.1" 200 302 "-" "Mozilla/5.0 (Windows NT 10.0; WOW64) AppleWebKit/537.36 (KHTML, like Gecko) Chrome/69.0.3497.100 Safari/537.36" 
216.244.66.245 - - [13/Jul/2019:05:35:38 -0700] "GET /self.logs/access.log.2018-03-28.gz HTTP/1.1" 200 27437 "-" "Mozilla/5.0 (compatible; DotBot/1.1; http://www.opensiteexplorer.org/dotbot, help@moz.com)" 
216.244.66.245 - - [13/Jul/2019:05:35:41 -0700] "GET /self.logs/access.log.2018-09-30.gz HTTP/1.1" 200 20721 "-" "Mozilla/5.0 (compatible; DotBot/1.1; http://www.opensiteexplorer.org/dotbot, help@moz.com)" 
66.249.83.89 - - [13/Jul/2019:05:36:36 -0700] "GET / HTTP/1.1" 200 12539 "-" "Mozilla/5.0 (X11; Linux x86_64) AppleWebKit/537.36 (KHTML, like Gecko) Chrome/49.0.2623.75 Safari/537.36 Google Favicon" 
66.249.83.88 - - [13/Jul/2019:05:36:36 -0700] "GET /bootstrap/img/favicon.ico HTTP/1.1" 200 624 "-" "Mozilla/5.0 (X11; Linux x86_64) AppleWebKit/537.36 (KHTML, like Gecko) Chrome/49.0.2623.75 Safari/537.36 Google Favicon" 
157.55.39.29 - - [13/Jul/2019:05:40:09 -0700] "GET /self.logs/access.log.2017-04-15.gz HTTP/1.1" 200 13697 "-" "Mozilla/5.0 (compatible; bingbot/2.0; +http://www.bing.com/bingbot.htm)" 
46.229.168.154 - - [13/Jul/2019:05:55:17 -0700] "GET /robots.txt HTTP/1.1" 200 251 "-" "Mozilla/5.0 (compatible; SemrushBot/3~bl; +http://www.semrush.com/bot.html)" 
46.229.168.154 - - [13/Jul/2019:05:55:17 -0700] "GET /Datasets%20Description/Network/smtp.html HTTP/1.1" 200 1521 "-" "Mozilla/5.0 (compatible; SemrushBot/3~bl; +http://www.semrush.com/bot.html)" 
100.43.90.103 - - [13/Jul/2019:05:55:41 -0700] "GET /robots.txt HTTP/1.1" 200 288 "-" "Mozilla/5.0 (compatible; YandexBot/3.0; +http://yandex.com/bots)" 
100.43.90.103 - - [13/Jul/2019:05:55:45 -0700] "GET /honeypot/BSidesDFW%20-%202014.ipynb HTTP/1.1" 200 231240 "-" "Mozilla/5.0 (compatible; YandexBot/3.0; +http://yandex.com/bots)" 
216.244.66.245 - - [13/Jul/2019:06:05:29 -0700] "GET /robots.txt HTTP/1.1" 200 244 "-" "Mozilla/5.0 (compatible; DotBot/1.1; http://www.opensiteexplorer.org/dotbot, help@moz.com)" 
113.171.224.176 - - [13/Jul/2019:06:12:41 -0700] "GET /honeypot/Honeypot%20-%20Howto.pdf HTTP/1.1" 200 61320 "-" "Mozilla/5.0 Gecko/20100115 Firefox/3.6" 
66.249.65.175 - - [13/Jul/2019:06:19:27 -0700] "GET /maccdc2012/smtp.log.gz HTTP/1.1" 200 6851 "-" "Mozilla/5.0 (Linux; Android 6.0.1; Nexus 5X Build/MMB29P) AppleWebKit/537.36 (KHTML, like Gecko) Chrome/41.0.2272.96 Mobile Safari/537.36 (compatible; Googlebot/2.1; +http://www.google.com/bot.html)" 
46.229.168.136 - - [13/Jul/2019:06:20:22 -0700] "GET /Datasets%20Description/Network/smtp.html HTTP/1.1" 200 1521 "-" "Mozilla/5.0 (compatible; SemrushBot/3~bl; +http://www.semrush.com/bot.html)" 
216.244.66.245 - - [13/Jul/2019:06:21:40 -0700] "GET /self.logs/access.log.2018-06-25.gz HTTP/1.1" 200 19574 "-" "Mozilla/5.0 (compatible; DotBot/1.1; http://www.opensiteexplorer.org/dotbot, help@moz.com)" 
14.215.176.148 - - [13/Jul/2019:06:25:28 -0700] "GET / HTTP/1.1" 200 12540 "http://www.baidu.com/s?wd=stiff6nn" "Mozilla/5.0 (Windows NT 6.1; WOW64; rv:43.0) Gecko/20100101 Firefox/43.0" 
199.58.86.206 - - [13/Jul/2019:06:30:03 -0700] "GET /robots.txt HTTP/1.1" 200 288 "-" "Mozilla/5.0 (compatible; MJ12bot/v1.4.8; http://mj12bot.com/)" 
199.58.86.206 - - [13/Jul/2019:06:30:05 -0700] "GET / HTTP/1.1" 200 46368 "-" "Mozilla/5.0 (compatible; MJ12bot/v1.4.8; http://mj12bot.com/)" 
124.102.134.88 - - [13/Jul/2019:06:34:02 -0700] "GET /bootstrap/img/favicon.ico HTTP/1.1" 200 624 "-" "Mozilla/5.0 (Windows NT 10.0; Win64; x64; rv:56.0) Gecko/20100101 Firefox/56.0 Waterfox/56.2.12" 
157.55.39.158 - - [13/Jul/2019:06:42:01 -0700] "GET /self.logs/access.log.2017-06-25.gz HTTP/1.1" 200 16402 "-" "Mozilla/5.0 (compatible; bingbot/2.0; +http://www.bing.com/bingbot.htm)" 
216.244.66.245 - - [13/Jul/2019:06:51:05 -0700] "GET /robots.txt HTTP/1.1" 200 244 "-" "Mozilla/5.0 (compatible; DotBot/1.1; http://www.opensiteexplorer.org/dotbot, help@moz.com)" 
210.179.250.128 - - [13/Jul/2019:06:57:23 -0700] "GET /wp-login.php HTTP/1.1" 404 294 "-" "Mozilla/5.0 (Windows NT 6.1; WOW64; rv:40.0) Gecko/20100101 Firefox/C6B3" 
210.179.250.128 - - [13/Jul/2019:06:57:30 -0700] "GET /wp-login.php HTTP/1.1" 404 294 "-" "Mozilla/5.0 (Windows NT 6.1; WOW64; rv:40.0) Gecko/20100101 Firefox/C6B3" 
210.179.250.128 - - [13/Jul/2019:06:57:36 -0700] "GET / HTTP/1.1" 200 46446 "-" "Mozilla/5.0 (Windows NT 6.1; WOW64; rv:40.0) Gecko/20100101 Firefox/C6B3" 
73.6.29.136 - - [13/Jul/2019:06:57:37 -0700] "GET /wp-login.php HTTP/1.1" 404 0 "-" "Mozilla/5.0 (Windows NT 6.1; WOW64; rv:40.0) Gecko/20100101 Firefox/40.1" 
73.6.29.136 - - [13/Jul/2019:06:57:37 -0700] "GET / HTTP/1.1" 404 0 "-" "Mozilla/5.0 (Windows NT 6.1; WOW64; rv:40.0) Gecko/20100101 Firefox/40.1" 
210.179.250.128 - - [13/Jul/2019:07:04:34 -0700] "GET /wp-login.php HTTP/1.1" 301 499 "-" "Mozilla/5.0 (Windows NT 6.1; WOW64; rv:40.0) Gecko/20100101 Firefox/C6B3" 
210.179.250.128 - - [13/Jul/2019:07:04:35 -0700] "GET /wp-login.php HTTP/1.1" 404 294 "-" "Mozilla/5.0 (Windows NT 6.1; WOW64; rv:40.0) Gecko/20100101 Firefox/C6B3" 
210.179.250.128 - - [13/Jul/2019:07:04:42 -0700] "GET /wp-login.php HTTP/1.1" 301 499 "-" "Mozilla/5.0 (Windows NT 6.1; WOW64; rv:40.0) Gecko/20100101 Firefox/C6B3" 
210.179.250.128 - - [13/Jul/2019:07:04:43 -0700] "GET /wp-login.php HTTP/1.1" 404 294 "-" "Mozilla/5.0 (Windows NT 6.1; WOW64; rv:40.0) Gecko/20100101 Firefox/C6B3" 
49.204.217.2 - - [13/Jul/2019:07:04:44 -0700] "GET /wp-login.php HTTP/1.1" 404 0 "-" "Mozilla/5.0 (Windows NT 6.1; WOW64; rv:40.0) Gecko/20100101 Firefox/40.1" 
49.204.217.2 - - [13/Jul/2019:07:04:45 -0700] "GET / HTTP/1.1" 404 0 "-" "Mozilla/5.0 (Windows NT 6.1; WOW64; rv:40.0) Gecko/20100101 Firefox/40.1" 
210.179.250.128 - - [13/Jul/2019:07:04:49 -0700] "GET / HTTP/1.1" 301 475 "-" "Mozilla/5.0 (Windows NT 6.1; WOW64; rv:40.0) Gecko/20100101 Firefox/C6B3" 
210.179.250.128 - - [13/Jul/2019:07:04:50 -0700] "GET / HTTP/1.1" 200 46446 "-" "Mozilla/5.0 (Windows NT 6.1; WOW64; rv:40.0) Gecko/20100101 Firefox/C6B3" 
216.244.66.245 - - [13/Jul/2019:07:06:53 -0700] "GET /self.logs/error.log.2018-09-20.gz HTTP/1.1" 200 4919 "-" "Mozilla/5.0 (compatible; DotBot/1.1; http://www.opensiteexplorer.org/dotbot, help@moz.com)" 
157.55.39.29 - - [13/Jul/2019:07:07:05 -0700] "GET /self.logs/access.log.2018-02-22.gz HTTP/1.1" 301 543 "-" "Mozilla/5.0 (compatible; bingbot/2.0; +http://www.bing.com/bingbot.htm)" 
58.250.125.118 - - [13/Jul/2019:07:12:02 -0700] "GET /robots.txt HTTP/1.1" 301 458 "-" "Sogou web spider/4.0(+http://www.sogou.com/docs/help/webmasters.htm#07)" 
58.250.125.118 - - [13/Jul/2019:07:12:02 -0700] "GET / HTTP/1.1" 301 438 "-" "Sogou web spider/4.0(+http://www.sogou.com/docs/help/webmasters.htm#07)" 
58.250.125.118 - - [13/Jul/2019:07:13:04 -0700] "GET /robots.txt HTTP/1.1" 200 251 "-" "Sogou web spider/4.0(+http://www.sogou.com/docs/help/webmasters.htm#07)" 
58.250.125.118 - - [13/Jul/2019:07:14:08 -0700] "GET / HTTP/1.1" 200 12503 "-" "Sogou web spider/4.0(+http://www.sogou.com/docs/help/webmasters.htm#07)" 
113.171.224.176 - - [13/Jul/2019:07:18:52 -0700] "GET /honeypot/Honeypot%20-%20Howto.pdf HTTP/1.1" 200 61320 "-" "Mozilla/5.0 Gecko/20100115 Firefox/3.6" 
61.150.43.57 - - [13/Jul/2019:07:19:02 -0700] "GET /favicon.ico HTTP/1.1" 200 302 "-" "Mozilla/5.0 (Windows NT 10.0; WOW64) AppleWebKit/537.36 (KHTML, like Gecko) Chrome/49.0.2623.221 Safari/537.36 SE 2.X MetaSr 1.0" 
209.58.147.242 - - [13/Jul/2019:07:22:22 -0700] "GET / HTTP/1.1" 200 12539 "-" "Vienna/7074 (Macintosh; Intel macOS 10_13_6)" 
66.249.65.175 - - [13/Jul/2019:07:26:14 -0700] "GET /maccdc2012/conn.log.gz HTTP/1.1" 200 22052030 "-" "Mozilla/5.0 (Linux; Android 6.0.1; Nexus 5X Build/MMB29P) AppleWebKit/537.36 (KHTML, like Gecko) Chrome/41.0.2272.96 Mobile Safari/537.36 (compatible; Googlebot/2.1; +http://www.google.com/bot.html)" 
128.1.225.10 - - [13/Jul/2019:07:30:14 -0700] "GET / HTTP/1.1" 301 475 "-" "Mozilla/5.0 (Windows NT 10.0; Win64; x64) AppleWebKit/537.36 (KHTML, like Gecko) Chrome/75.0.3770.100 Safari/537.36" 
128.1.225.10 - - [13/Jul/2019:07:30:15 -0700] "GET / HTTP/1.1" 200 12539 "-" "Mozilla/5.0 (Windows NT 10.0; Win64; x64) AppleWebKit/537.36 (KHTML, like Gecko) Chrome/75.0.3770.100 Safari/537.36" 
157.55.39.148 - - [13/Jul/2019:07:32:33 -0700] "GET /self.logs/access.log.2017-08-28.gz HTTP/1.1" 200 23242 "-" "Mozilla/5.0 (compatible; bingbot/2.0; +http://www.bing.com/bingbot.htm)" 
223.104.102.73 - - [13/Jul/2019:07:33:55 -0700] "GET / HTTP/1.1" 200 12539 "-" "Mozilla/5.0 (iPhone; CPU iPhone OS 9_3_2 like Mac OS X) AppleWebKit/601.1.46 (KHTML, like Gecko) Version/9.0 Mobile/13F69 Safari/601.1" 
223.104.102.73 - - [13/Jul/2019:07:33:56 -0700] "GET /GitHub-Mark.png HTTP/1.1" 200 7450 "http://www.secrepo.com/" "Mozilla/5.0 (iPhone; CPU iPhone OS 9_3_2 like Mac OS X) AppleWebKit/601.1.46 (KHTML, like Gecko) Version/9.0 Mobile/13F69 Safari/601.1" 
223.104.102.73 - - [13/Jul/2019:07:34:01 -0700] "GET /twitter-icon.png HTTP/1.1" 200 27810 "http://www.secrepo.com/" "Mozilla/5.0 (iPhone; CPU iPhone OS 9_3_2 like Mac OS X) AppleWebKit/601.1.46 (KHTML, like Gecko) Version/9.0 Mobile/13F69 Safari/601.1" 
207.46.13.216 - - [13/Jul/2019:07:43:13 -0700] "GET /self.logs/error.log.2017-06-22.gz HTTP/1.1" 200 1519 "-" "Mozilla/5.0 (compatible; bingbot/2.0; +http://www.bing.com/bingbot.htm)" 
41.90.148.243 - - [13/Jul/2019:07:45:24 -0700] "GET / HTTP/1.1" 200 12539 "-" "Mozilla/5.0 (iPhone; CPU iPhone OS 12_3 like Mac OS X) AppleWebKit/605.1.15 (KHTML, like Gecko) CriOS/75.0.3770.70 Mobile/15E148 Safari/605.1" 
41.90.148.243 - - [13/Jul/2019:07:45:25 -0700] "GET /twitter-icon.png HTTP/1.1" 200 27787 "http://www.secrepo.com/" "Mozilla/5.0 (iPhone; CPU iPhone OS 12_3 like Mac OS X) AppleWebKit/605.1.15 (KHTML, like Gecko) CriOS/75.0.3770.70 Mobile/15E148 Safari/605.1" 
41.90.148.243 - - [13/Jul/2019:07:45:25 -0700] "GET /GitHub-Mark.png HTTP/1.1" 200 7450 "http://www.secrepo.com/" "Mozilla/5.0 (iPhone; CPU iPhone OS 12_3 like Mac OS X) AppleWebKit/605.1.15 (KHTML, like Gecko) CriOS/75.0.3770.70 Mobile/15E148 Safari/605.1" 
41.90.148.243 - - [13/Jul/2019:07:45:27 -0700] "GET /bootstrap/img/favicon.ico HTTP/1.1" 200 624 "-" "Mozilla/5.0 (iPhone; CPU iPhone OS 12_3 like Mac OS X) AppleWebKit/605.1.15 (KHTML, like Gecko) CriOS/75.0.3770.70 Mobile/15E148 Safari/605.1" 
41.90.148.243 - - [13/Jul/2019:07:45:46 -0700] "GET /maccdc2012/conn.log.gz HTTP/1.1" 200 271984 "http://www.secrepo.com/" "Mozilla/5.0 (iPhone; CPU iPhone OS 12_3 like Mac OS X) AppleWebKit/605.1.15 (KHTML, like Gecko) CriOS/75.0.3770.70 Mobile/15E148 Safari/605.1" 
207.46.13.216 - - [13/Jul/2019:08:01:26 -0700] "GET /self.logs/access.log.2017-12-02.gz HTTP/1.1" 304 175 "-" "Mozilla/5.0 (compatible; bingbot/2.0; +http://www.bing.com/bingbot.htm)" 
157.55.39.158 - - [13/Jul/2019:08:10:26 -0700] "GET /self.logs/error.log.2018-02-23.gz HTTP/1.1" 301 541 "-" "Mozilla/5.0 (compatible; bingbot/2.0; +http://www.bing.com/bingbot.htm)" 
52.1.109.34 - - [13/Jul/2019:08:12:36 -0700] "GET /bootstrap/img/favicon.ico HTTP/1.1" 200 587 "-" "Embedly +support@embed.ly" 
209.58.147.242 - - [13/Jul/2019:08:20:02 -0700] "GET / HTTP/1.1" 200 12541 "-" "Vienna/7074 (Macintosh; Intel macOS 10_13_6)" 
113.171.224.176 - - [13/Jul/2019:08:21:39 -0700] "GET /honeypot/Honeypot%20-%20Howto.pdf HTTP/1.1" 200 61320 "-" "Mozilla/5.0 Gecko/20100115 Firefox/3.6" 
216.244.66.245 - - [13/Jul/2019:08:23:26 -0700] "GET /robots.txt HTTP/1.1" 200 244 "-" "Mozilla/5.0 (compatible; DotBot/1.1; http://www.opensiteexplorer.org/dotbot, help@moz.com)" 
157.55.39.226 - - [13/Jul/2019:08:29:43 -0700] "GET /honeypot/bsidesdfw%20-%202014.ipynb HTTP/1.1" 301 537 "-" "Mozilla/5.0 (iPhone; CPU iPhone OS 7_0 like Mac OS X) AppleWebKit/537.51.1 (KHTML, like Gecko) Version/7.0 Mobile/11A465 Safari/9537.53 (compatible; bingbot/2.0; +http://www.bing.com/bingbot.htm)" 
157.55.39.226 - - [13/Jul/2019:08:29:49 -0700] "GET /honeypot/bsidesdfw%20-%202014.ipynb HTTP/1.1" 404 294 "-" "Mozilla/5.0 (iPhone; CPU iPhone OS 7_0 like Mac OS X) AppleWebKit/537.51.1 (KHTML, like Gecko) Version/7.0 Mobile/11A465 Safari/9537.53 (compatible; bingbot/2.0; +http://www.bing.com/bingbot.htm)" 
114.254.82.102 - - [13/Jul/2019:08:35:20 -0700] "GET /honeypot/ HTTP/1.1" 200 703 "-" "Mozilla/5.0 (Windows NT 10.0; Win64; x64) AppleWebKit/537.36 (KHTML, like Gecko) Chrome/75.0.3770.100 Safari/537.36" 
114.254.82.102 - - [13/Jul/2019:08:35:21 -0700] "GET /favicon.ico HTTP/1.1" 200 279 "http://www.secrepo.com/honeypot/" "Mozilla/5.0 (Windows NT 10.0; Win64; x64) AppleWebKit/537.36 (KHTML, like Gecko) Chrome/75.0.3770.100 Safari/537.36" 
46.229.169.66 - - [13/Jul/2019:08:36:47 -0700] "GET / HTTP/1.1" 200 12502 "-" "User-Agent: Opera/9.80 (Windows NT 5.1; U; MRA 5.7 (build 03797); en) Presto/2.7.62 Version/11.01" 
216.244.66.245 - - [13/Jul/2019:08:39:48 -0700] "GET /self.logs/error.log.2019-07-06.gz HTTP/1.1" 200 1814 "-" "Mozilla/5.0 (compatible; DotBot/1.1; http://www.opensiteexplorer.org/dotbot, help@moz.com)" 
216.244.66.245 - - [13/Jul/2019:08:43:01 -0700] "GET /self.logs/access.log.2017-05-02.gz HTTP/1.1" 200 17780 "-" "Mozilla/5.0 (compatible; DotBot/1.1; http://www.opensiteexplorer.org/dotbot, help@moz.com)" 
216.244.66.245 - - [13/Jul/2019:08:43:02 -0700] "GET /self.logs/access.log.2017-06-18.gz HTTP/1.1" 200 17081 "-" "Mozilla/5.0 (compatible; DotBot/1.1; http://www.opensiteexplorer.org/dotbot, help@moz.com)" 
216.244.66.245 - - [13/Jul/2019:08:43:03 -0700] "GET /self.logs/access.log.2017-07-06.gz HTTP/1.1" 200 42000 "-" "Mozilla/5.0 (compatible; DotBot/1.1; http://www.opensiteexplorer.org/dotbot, help@moz.com)" 
216.244.66.245 - - [13/Jul/2019:08:43:05 -0700] "GET /self.logs/access.log.2017-11-09.gz HTTP/1.1" 200 27993 "-" "Mozilla/5.0 (compatible; DotBot/1.1; http://www.opensiteexplorer.org/dotbot, help@moz.com)" 
216.244.66.245 - - [13/Jul/2019:08:43:06 -0700] "GET /self.logs/access.log.2018-06-29.gz HTTP/1.1" 200 39850 "-" "Mozilla/5.0 (compatible; DotBot/1.1; http://www.opensiteexplorer.org/dotbot, help@moz.com)" 
216.244.66.245 - - [13/Jul/2019:08:43:07 -0700] "GET /self.logs/error.log.2017-01-11.gz HTTP/1.1" 200 3408 "-" "Mozilla/5.0 (compatible; DotBot/1.1; http://www.opensiteexplorer.org/dotbot, help@moz.com)" 
216.244.66.245 - - [13/Jul/2019:08:43:08 -0700] "GET /self.logs/error.log.2017-05-04.gz HTTP/1.1" 200 806 "-" "Mozilla/5.0 (compatible; DotBot/1.1; http://www.opensiteexplorer.org/dotbot, help@moz.com)" 
216.244.66.245 - - [13/Jul/2019:08:43:09 -0700] "GET /self.logs/error.log.2017-05-07.gz HTTP/1.1" 200 913 "-" "Mozilla/5.0 (compatible; DotBot/1.1; http://www.opensiteexplorer.org/dotbot, help@moz.com)" 
216.244.66.245 - - [13/Jul/2019:08:43:11 -0700] "GET /self.logs/error.log.2017-09-10.gz HTTP/1.1" 200 765 "-" "Mozilla/5.0 (compatible; DotBot/1.1; http://www.opensiteexplorer.org/dotbot, help@moz.com)" 
216.244.66.245 - - [13/Jul/2019:08:43:12 -0700] "GET /self.logs/error.log.2017-11-04.gz HTTP/1.1" 200 1784 "-" "Mozilla/5.0 (compatible; DotBot/1.1; http://www.opensiteexplorer.org/dotbot, help@moz.com)" 
216.244.66.245 - - [13/Jul/2019:08:43:13 -0700] "GET /self.logs/error.log.2017-11-20.gz HTTP/1.1" 200 2377 "-" "Mozilla/5.0 (compatible; DotBot/1.1; http://www.opensiteexplorer.org/dotbot, help@moz.com)" 
216.244.66.245 - - [13/Jul/2019:08:43:14 -0700] "GET /self.logs/error.log.2018-06-23.gz HTTP/1.1" 200 5438 "-" "Mozilla/5.0 (compatible; DotBot/1.1; http://www.opensiteexplorer.org/dotbot, help@moz.com)" 
216.244.66.245 - - [13/Jul/2019:08:43:15 -0700] "GET /self.logs/error.log.2019-04-04.gz HTTP/1.1" 200 4432 "-" "Mozilla/5.0 (compatible; DotBot/1.1; http://www.opensiteexplorer.org/dotbot, help@moz.com)" 
216.244.66.245 - - [13/Jul/2019:08:45:10 -0700] "GET /self.logs/access.log.2015-05-10.gz HTTP/1.1" 404 250 "-" "Mozilla/5.0 (compatible; DotBot/1.1; http://www.opensiteexplorer.org/dotbot, help@moz.com)" 
216.244.66.245 - - [13/Jul/2019:08:45:11 -0700] "GET /self.logs/access.log.2015-08-01.gz HTTP/1.1" 404 250 "-" "Mozilla/5.0 (compatible; DotBot/1.1; http://www.opensiteexplorer.org/dotbot, help@moz.com)" 
216.244.66.245 - - [13/Jul/2019:08:45:12 -0700] "GET /self.logs/access.log.2016-01-28.gz HTTP/1.1" 404 250 "-" "Mozilla/5.0 (compatible; DotBot/1.1; http://www.opensiteexplorer.org/dotbot, help@moz.com)" 
216.244.66.245 - - [13/Jul/2019:08:45:13 -0700] "GET /self.logs/access.log.2016-03-25.gz HTTP/1.1" 404 250 "-" "Mozilla/5.0 (compatible; DotBot/1.1; http://www.opensiteexplorer.org/dotbot, help@moz.com)" 
216.244.66.245 - - [13/Jul/2019:08:45:14 -0700] "GET /self.logs/access.log.2016-04-13.gz HTTP/1.1" 404 250 "-" "Mozilla/5.0 (compatible; DotBot/1.1; http://www.opensiteexplorer.org/dotbot, help@moz.com)" 
216.244.66.245 - - [13/Jul/2019:08:45:15 -0700] "GET /self.logs/access.log.2016-06-14.gz HTTP/1.1" 404 250 "-" "Mozilla/5.0 (compatible; DotBot/1.1; http://www.opensiteexplorer.org/dotbot, help@moz.com)" 
216.244.66.245 - - [13/Jul/2019:08:45:15 -0700] "GET /self.logs/access.log.2016-06-18.gz HTTP/1.1" 404 250 "-" "Mozilla/5.0 (compatible; DotBot/1.1; http://www.opensiteexplorer.org/dotbot, help@moz.com)" 
216.244.66.245 - - [13/Jul/2019:08:45:16 -0700] "GET /self.logs/access.log.2016-07-01.gz HTTP/1.1" 404 250 "-" "Mozilla/5.0 (compatible; DotBot/1.1; http://www.opensiteexplorer.org/dotbot, help@moz.com)" 
216.244.66.245 - - [13/Jul/2019:08:45:17 -0700] "GET /self.logs/access.log.2016-07-03.gz HTTP/1.1" 404 250 "-" "Mozilla/5.0 (compatible; DotBot/1.1; http://www.opensiteexplorer.org/dotbot, help@moz.com)" 
216.244.66.245 - - [13/Jul/2019:08:45:18 -0700] "GET /self.logs/access.log.2016-07-06.gz HTTP/1.1" 404 250 "-" "Mozilla/5.0 (compatible; DotBot/1.1; http://www.opensiteexplorer.org/dotbot, help@moz.com)" 
216.244.66.245 - - [13/Jul/2019:08:45:19 -0700] "GET /self.logs/access.log.2016-07-21.gz HTTP/1.1" 404 250 "-" "Mozilla/5.0 (compatible; DotBot/1.1; http://www.opensiteexplorer.org/dotbot, help@moz.com)" 
216.244.66.245 - - [13/Jul/2019:08:45:19 -0700] "GET /self.logs/error.log.2015-02-04.gz HTTP/1.1" 404 250 "-" "Mozilla/5.0 (compatible; DotBot/1.1; http://www.opensiteexplorer.org/dotbot, help@moz.com)" 
216.244.66.245 - - [13/Jul/2019:08:45:20 -0700] "GET /self.logs/error.log.2015-03-05.gz HTTP/1.1" 404 250 "-" "Mozilla/5.0 (compatible; DotBot/1.1; http://www.opensiteexplorer.org/dotbot, help@moz.com)" 
216.244.66.245 - - [13/Jul/2019:08:45:21 -0700] "GET /self.logs/error.log.2015-05-09.gz HTTP/1.1" 404 250 "-" "Mozilla/5.0 (compatible; DotBot/1.1; http://www.opensiteexplorer.org/dotbot, help@moz.com)" 
216.244.66.245 - - [13/Jul/2019:08:45:22 -0700] "GET /self.logs/error.log.2015-12-07.gz HTTP/1.1" 404 250 "-" "Mozilla/5.0 (compatible; DotBot/1.1; http://www.opensiteexplorer.org/dotbot, help@moz.com)" 
216.244.66.245 - - [13/Jul/2019:08:45:23 -0700] "GET /self.logs/error.log.2016-04-11.gz HTTP/1.1" 404 250 "-" "Mozilla/5.0 (compatible; DotBot/1.1; http://www.opensiteexplorer.org/dotbot, help@moz.com)" 
216.244.66.245 - - [13/Jul/2019:08:45:23 -0700] "GET /self.logs/error.log.2016-11-01.gz HTTP/1.1" 404 250 "-" "Mozilla/5.0 (compatible; DotBot/1.1; http://www.opensiteexplorer.org/dotbot, help@moz.com)" 
216.244.66.245 - - [13/Jul/2019:08:45:24 -0700] "GET /self.logs/error.log.2016-12-16.gz HTTP/1.1" 404 250 "-" "Mozilla/5.0 (compatible; DotBot/1.1; http://www.opensiteexplorer.org/dotbot, help@moz.com)" 
66.102.7.191 - - [13/Jul/2019:08:49:05 -0700] "GET / HTTP/1.1" 200 12541 "-" "Mozilla/5.0 (X11; Linux x86_64) AppleWebKit/537.36 (KHTML, like Gecko) Chrome/49.0.2623.75 Safari/537.36 Google Favicon" 
66.102.7.190 - - [13/Jul/2019:08:49:05 -0700] "GET /bootstrap/img/favicon.ico HTTP/1.1" 200 624 "-" "Mozilla/5.0 (X11; Linux x86_64) AppleWebKit/537.36 (KHTML, like Gecko) Chrome/49.0.2623.75 Safari/537.36 Google Favicon" 
222.186.46.59 - - [13/Jul/2019:08:49:27 -0700] "GET / HTTP/1.1" 200 46446 "http://www.secrepo.com/" "Mozilla/4.0 (compatible; MSIE 9.0; Windows NT 6.1)" 
222.186.46.59 - - [13/Jul/2019:08:49:29 -0700] "POST //data/cache/asd.php HTTP/1.1" 404 294 "http://www.secrepo.com//data/cache/asd.php" "Mozilla/4.0 (compatible; MSIE 9.0; Windows NT 6.1)" 
222.186.46.59 - - [13/Jul/2019:08:49:30 -0700] "POST //config/AspCms_Config.asp HTTP/1.1" 404 271 "http://www.secrepo.com//config/AspCms_Config.asp" "Mozilla/4.0 (compatible; MSIE 9.0; Windows NT 6.1)" 
222.186.46.59 - - [13/Jul/2019:08:49:30 -0700] "POST //plus/read.php HTTP/1.1" 404 271 "http://www.secrepo.com//plus/read.php" "Mozilla/4.0 (compatible; MSIE 9.0; Windows NT 6.1)" 
222.186.46.59 - - [13/Jul/2019:08:49:30 -0700] "POST //lequ.php HTTP/1.1" 404 271 "http://www.secrepo.com//lequ.php" "Mozilla/4.0 (compatible; MSIE 9.0; Windows NT 6.1)" 
222.186.46.59 - - [13/Jul/2019:08:49:30 -0700] "POST //plus/result.php HTTP/1.1" 404 271 "http://www.secrepo.com//plus/result.php" "Mozilla/4.0 (compatible; MSIE 9.0; Windows NT 6.1)" 
222.186.46.59 - - [13/Jul/2019:08:49:31 -0700] "POST //pdf.php HTTP/1.1" 404 271 "http://www.secrepo.com//pdf.php" "Mozilla/4.0 (compatible; MSIE 9.0; Windows NT 6.1)" 
35.232.139.97 - - [13/Jul/2019:08:54:46 -0700] "GET /ads.txt HTTP/1.1" 301 452 "-" "Go-http-client/1.1" 
66.249.65.173 - - [13/Jul/2019:08:56:25 -0700] "GET /robots.txt HTTP/1.1" 200 288 "-" "Mozilla/5.0 (compatible; Googlebot/2.1; +http://www.google.com/bot.html)" 
66.249.65.175 - - [13/Jul/2019:08:56:25 -0700] "GET /maccdc2012/dhcp.log.gz HTTP/1.1" 200 44872 "-" "Mozilla/5.0 (Linux; Android 6.0.1; Nexus 5X Build/MMB29P) AppleWebKit/537.36 (KHTML, like Gecko) Chrome/41.0.2272.96 Mobile Safari/537.36 (compatible; Googlebot/2.1; +http://www.google.com/bot.html)" 
84.54.77.145 - - [13/Jul/2019:09:01:52 -0700] "GET /wp-login.php HTTP/1.1" 404 0 "-" "Mozilla/5.0 (Windows NT 6.1; WOW64; rv:40.0) Gecko/20100101 Firefox/40.1" 
84.54.77.145 - - [13/Jul/2019:09:01:53 -0700] "GET / HTTP/1.1" 404 0 "-" "Mozilla/5.0 (Windows NT 6.1; WOW64; rv:40.0) Gecko/20100101 Firefox/40.1" 
34.67.130.252 - - [13/Jul/2019:09:04:06 -0700] "GET /ads.txt HTTP/1.1" 404 257 "-" "Go-http-client/1.1" 
157.55.39.226 - - [13/Jul/2019:09:09:10 -0700] "GET /self.logs/error.log.2018-04-14.gz HTTP/1.1" 301 541 "-" "Mozilla/5.0 (compatible; bingbot/2.0; +http://www.bing.com/bingbot.htm)" 
216.244.66.245 - - [13/Jul/2019:09:09:56 -0700] "GET /robots.txt HTTP/1.1" 200 244 "-" "Mozilla/5.0 (compatible; DotBot/1.1; http://www.opensiteexplorer.org/dotbot, help@moz.com)" 
209.58.147.242 - - [13/Jul/2019:09:20:36 -0700] "GET / HTTP/1.1" 200 12539 "-" "Vienna/7074 (Macintosh; Intel macOS 10_13_6)" 
113.171.224.176 - - [13/Jul/2019:09:24:51 -0700] "GET /honeypot/Honeypot%20-%20Howto.pdf HTTP/1.1" 200 61320 "-" "Mozilla/5.0 Gecko/20100115 Firefox/3.6" 
123.125.71.109 - - [13/Jul/2019:09:25:04 -0700] "GET / HTTP/1.1" 301 438 "-" "Mozilla/5.0 (compatible; Baiduspider/2.0; +http://www.baidu.com/search/spider.html)" 
123.125.71.21 - - [13/Jul/2019:09:25:04 -0700] "GET / HTTP/1.1" 200 12502 "-" "Mozilla/5.0 (compatible; Baiduspider/2.0; +http://www.baidu.com/search/spider.html)" 
2.191.178.42 - - [13/Jul/2019:09:29:04 -0700] "GET / HTTP/1.1" 200 12539 "-" "Mozilla/5.0 (Windows NT 10.0; Win64; x64) AppleWebKit/537.36 (KHTML, like Gecko) Chrome/75.0.3770.100 Safari/537.36" 
2.191.178.42 - - [13/Jul/2019:09:29:04 -0700] "GET /twitter-icon.png HTTP/1.1" 200 27787 "http://www.secrepo.com/" "Mozilla/5.0 (Windows NT 10.0; Win64; x64) AppleWebKit/537.36 (KHTML, like Gecko) Chrome/75.0.3770.100 Safari/537.36" 
2.191.178.42 - - [13/Jul/2019:09:29:04 -0700] "GET /GitHub-Mark.png HTTP/1.1" 200 7450 "http://www.secrepo.com/" "Mozilla/5.0 (Windows NT 10.0; Win64; x64) AppleWebKit/537.36 (KHTML, like Gecko) Chrome/75.0.3770.100 Safari/537.36" 
2.191.178.42 - - [13/Jul/2019:09:29:06 -0700] "GET /bootstrap/img/favicon.ico HTTP/1.1" 200 601 "http://www.secrepo.com/" "Mozilla/5.0 (Windows NT 10.0; Win64; x64) AppleWebKit/537.36 (KHTML, like Gecko) Chrome/75.0.3770.100 Safari/537.36" 
2.191.178.42 - - [13/Jul/2019:09:29:49 -0700] "GET /maccdc2012/dhcp.log.gz HTTP/1.1" 200 44828 "http://www.secrepo.com/" "Mozilla/5.0 (Windows NT 10.0; Win64; x64) AppleWebKit/537.36 (KHTML, like Gecko) Chrome/75.0.3770.100 Safari/537.36" 
2.191.178.42 - - [13/Jul/2019:09:29:50 -0700] "GET /maccdc2012/dhcp.log.gz HTTP/1.1" 206 22596 "http://www.secrepo.com/" "Mozilla/5.0 (Windows NT 10.0; Win64; x64) AppleWebKit/537.36 (KHTML, like Gecko) Chrome/75.0.3770.100 Safari/537.36" 
216.244.66.245 - - [13/Jul/2019:09:30:09 -0700] "GET /self.logs/access.log.2018-03-20.gz HTTP/1.1" 200 20997 "-" "Mozilla/5.0 (compatible; DotBot/1.1; http://www.opensiteexplorer.org/dotbot, help@moz.com)" 
216.244.66.245 - - [13/Jul/2019:09:30:10 -0700] "GET /self.logs/access.log.2018-03-30.gz HTTP/1.1" 200 18701 "-" "Mozilla/5.0 (compatible; DotBot/1.1; http://www.opensiteexplorer.org/dotbot, help@moz.com)" 
216.244.66.245 - - [13/Jul/2019:09:30:12 -0700] "GET /self.logs/access.log.2018-04-02.gz HTTP/1.1" 200 20429 "-" "Mozilla/5.0 (compatible; DotBot/1.1; http://www.opensiteexplorer.org/dotbot, help@moz.com)" 
216.244.66.245 - - [13/Jul/2019:09:30:14 -0700] "GET /self.logs/error.log.2018-03-23.gz HTTP/1.1" 200 4512 "-" "Mozilla/5.0 (compatible; DotBot/1.1; http://www.opensiteexplorer.org/dotbot, help@moz.com)" 
216.244.66.245 - - [13/Jul/2019:09:30:15 -0700] "GET /self.logs/error.log.2018-06-17.gz HTTP/1.1" 200 6017 "-" "Mozilla/5.0 (compatible; DotBot/1.1; http://www.opensiteexplorer.org/dotbot, help@moz.com)" 
216.244.66.245 - - [13/Jul/2019:09:30:18 -0700] "GET /self.logs/error.log.2018-07-05.gz HTTP/1.1" 200 5569 "-" "Mozilla/5.0 (compatible; DotBot/1.1; http://www.opensiteexplorer.org/dotbot, help@moz.com)" 
216.244.66.245 - - [13/Jul/2019:09:30:19 -0700] "GET /self.logs/error.log.2018-09-30.gz HTTP/1.1" 200 4396 "-" "Mozilla/5.0 (compatible; DotBot/1.1; http://www.opensiteexplorer.org/dotbot, help@moz.com)" 
157.55.39.158 - - [13/Jul/2019:09:32:14 -0700] "GET /maccdc2012/files.log.gz HTTP/1.1" 301 521 "-" "Mozilla/5.0 (compatible; bingbot/2.0; +http://www.bing.com/bingbot.htm)" 
157.55.39.226 - - [13/Jul/2019:09:35:14 -0700] "GET /self.logs/access.log.2018-03-05.gz HTTP/1.1" 200 21162 "-" "Mozilla/5.0 (compatible; bingbot/2.0; +http://www.bing.com/bingbot.htm)" 
183.88.238.243 - - [13/Jul/2019:09:35:32 -0700] "GET /honeypot/Honeypot%20-%20Howto.pdf HTTP/1.1" 200 1279440 "http://www.secrepo.com/" "Mozilla/5.0 (Windows NT 10.0; Win64; x64) AppleWebKit/537.36 (KHTML, like Gecko) Chrome/66.0.3359.106 Safari/537.36" 
116.66.197.228 - - [13/Jul/2019:09:36:09 -0700] "GET /honeypot/Honeypot%20-%20Howto.pdf HTTP/1.1" 200 1279396 "http://www.secrepo.com/" "Mozilla/5.0 (Windows NT 10.0; Win64; x64) AppleWebKit/537.36 (KHTML, like Gecko) Chrome/66.0.3359.106 Safari/537.36" 
80.129.95.237 - - [13/Jul/2019:09:38:50 -0700] "GET / HTTP/1.1" 200 12539 "-" "Mozilla/5.0 (Android 9;) AppleWebKit/1.1 Version/4.0 Mobile Safari/1.1" 
80.129.95.237 - - [13/Jul/2019:09:38:51 -0700] "GET /twitter-icon.png HTTP/1.1" 200 27787 "http://www.secrepo.com/" "Mozilla/5.0 (Android 9;) AppleWebKit/1.1 Version/4.0 Mobile Safari/1.1" 
80.129.95.237 - - [13/Jul/2019:09:38:51 -0700] "GET /GitHub-Mark.png HTTP/1.1" 200 7450 "http://www.secrepo.com/" "Mozilla/5.0 (Android 9;) AppleWebKit/1.1 Version/4.0 Mobile Safari/1.1" 
80.129.95.237 - - [13/Jul/2019:09:38:52 -0700] "GET /bootstrap/img/favicon.ico HTTP/1.1" 200 601 "http://www.secrepo.com/" "Mozilla/5.0 (Android 9;) AppleWebKit/1.1 Version/4.0 Mobile Safari/1.1" 
80.129.95.237 - - [13/Jul/2019:09:41:08 -0700] "GET / HTTP/1.1" 200 12539 "-" "Mozilla/5.0 (Android 9;) AppleWebKit/1.1 Version/4.0 Mobile Safari/1.1" 
216.244.66.245 - - [13/Jul/2019:09:56:17 -0700] "GET /robots.txt HTTP/1.1" 200 244 "-" "Mozilla/5.0 (compatible; DotBot/1.1; http://www.opensiteexplorer.org/dotbot, help@moz.com)" 
66.249.65.171 - - [13/Jul/2019:09:58:06 -0700] "GET /maccdc2012/http.log.gz HTTP/1.1" 200 41042430 "-" "Mozilla/5.0 (Linux; Android 6.0.1; Nexus 5X Build/MMB29P) AppleWebKit/537.36 (KHTML, like Gecko) Chrome/41.0.2272.96 Mobile Safari/537.36 (compatible; Googlebot/2.1; +http://www.google.com/bot.html)" 
144.217.190.197 - - [13/Jul/2019:10:00:50 -0700] "GET / HTTP/1.1" 301 475 "-" "Mozilla/5.0 (Windows NT 10.0; Win64; x64) AppleWebKit/537.36 (KHTML, like Gecko) Chrome/63.0.3239.132 Safari/537.36" 
144.217.190.197 - - [13/Jul/2019:10:00:50 -0700] "GET /wp-includes/wlwmanifest.xml HTTP/1.1" 301 528 "-" "Mozilla/5.0 (Windows NT 10.0; Win64; x64) AppleWebKit/537.36 (KHTML, like Gecko) Chrome/63.0.3239.132 Safari/537.36" 
144.217.190.197 - - [13/Jul/2019:10:00:50 -0700] "GET /xmlrpc.php?rsd HTTP/1.1" 301 502 "-" "Mozilla/5.0 (Windows NT 10.0; Win64; x64) AppleWebKit/537.36 (KHTML, like Gecko) Chrome/63.0.3239.132 Safari/537.36" 
144.217.190.197 - - [13/Jul/2019:10:00:50 -0700] "GET / HTTP/1.1" 301 474 "-" "Mozilla/5.0 (Windows NT 10.0; Win64; x64) AppleWebKit/537.36 (KHTML, like Gecko) Chrome/63.0.3239.132 Safari/537.36" 
144.217.190.197 - - [13/Jul/2019:10:00:50 -0700] "GET /blog/wp-includes/wlwmanifest.xml HTTP/1.1" 301 538 "-" "Mozilla/5.0 (Windows NT 10.0; Win64; x64) AppleWebKit/537.36 (KHTML, like Gecko) Chrome/63.0.3239.132 Safari/537.36" 
144.217.190.197 - - [13/Jul/2019:10:00:50 -0700] "GET /wordpress/wp-includes/wlwmanifest.xml HTTP/1.1" 301 548 "-" "Mozilla/5.0 (Windows NT 10.0; Win64; x64) AppleWebKit/537.36 (KHTML, like Gecko) Chrome/63.0.3239.132 Safari/537.36" 
144.217.190.197 - - [13/Jul/2019:10:00:50 -0700] "GET /wp/wp-includes/wlwmanifest.xml HTTP/1.1" 301 534 "-" "Mozilla/5.0 (Windows NT 10.0; Win64; x64) AppleWebKit/537.36 (KHTML, like Gecko) Chrome/63.0.3239.132 Safari/537.36" 
144.217.190.197 - - [13/Jul/2019:10:00:50 -0700] "GET /site/wp-includes/wlwmanifest.xml HTTP/1.1" 301 538 "-" "Mozilla/5.0 (Windows NT 10.0; Win64; x64) AppleWebKit/537.36 (KHTML, like Gecko) Chrome/63.0.3239.132 Safari/537.36" 
144.217.190.197 - - [13/Jul/2019:10:00:50 -0700] "GET /cms/wp-includes/wlwmanifest.xml HTTP/1.1" 301 536 "-" "Mozilla/5.0 (Windows NT 10.0; Win64; x64) AppleWebKit/537.36 (KHTML, like Gecko) Chrome/63.0.3239.132 Safari/537.36" 
148.251.121.91 - - [13/Jul/2019:10:05:32 -0700] "GET /robots.txt HTTP/1.1" 301 439 "-" "DomainStatsBot/1.0 (https://domainstats.com/pages/our-bot)" 
148.251.121.91 - - [13/Jul/2019:10:05:33 -0700] "HEAD / HTTP/1.1" 301 167 "-" "DomainStatsBot/1.0 (https://domainstats.com/pages/our-bot)" 
148.251.121.91 - - [13/Jul/2019:10:05:33 -0700] "GET /robots.txt HTTP/1.1" 200 244 "-" "DomainStatsBot/1.0 (https://domainstats.com/pages/our-bot)" 
148.251.121.91 - - [13/Jul/2019:10:05:33 -0700] "HEAD / HTTP/1.1" 200 273 "-" "DomainStatsBot/1.0 (https://domainstats.com/pages/our-bot)" 
148.251.121.91 - - [13/Jul/2019:10:05:33 -0700] "GET / HTTP/1.1" 200 46402 "-" "DomainStatsBot/1.0 (https://domainstats.com/pages/our-bot)" 
91.236.116.14 - - [13/Jul/2019:10:09:04 -0700] "GET / HTTP/1.1" 301 419 "-" "Mozilla/5.0 (Windows NT 6.1; WOW64) AppleWebKit/537.1 (KHTML, like Gecko) Chrome/22.0.1207.1 Safari/537.1" 
91.236.116.14 - - [13/Jul/2019:10:09:05 -0700] "GET / HTTP/1.1" 200 12493 "-" "Mozilla/5.0 (Windows NT 6.1; WOW64) AppleWebKit/537.1 (KHTML, like Gecko) Chrome/22.0.1207.1 Safari/537.1" 
66.249.65.124 - - [13/Jul/2019:10:14:41 -0700] "GET / HTTP/1.1" 301 475 "-" "Mozilla/5.0 (Linux; Android 6.0.1; Nexus 5X Build/MMB29P) AppleWebKit/537.36 (KHTML, like Gecko) Chrome/41.0.2272.96 Mobile Safari/537.36 (compatible; Googlebot/2.1; +http://www.google.com/bot.html)" 
216.244.66.245 - - [13/Jul/2019:10:14:43 -0700] "GET /self.logs/access.log.2017-08-16.gz HTTP/1.1" 200 21325 "-" "Mozilla/5.0 (compatible; DotBot/1.1; http://www.opensiteexplorer.org/dotbot, help@moz.com)" 
216.244.66.245 - - [13/Jul/2019:10:14:45 -0700] "GET /self.logs/access.log.2018-06-22.gz HTTP/1.1" 200 18954 "-" "Mozilla/5.0 (compatible; DotBot/1.1; http://www.opensiteexplorer.org/dotbot, help@moz.com)" 
216.244.66.245 - - [13/Jul/2019:10:14:48 -0700] "GET /self.logs/error.log.2017-05-30.gz HTTP/1.1" 200 756 "-" "Mozilla/5.0 (compatible; DotBot/1.1; http://www.opensiteexplorer.org/dotbot, help@moz.com)" 
157.55.39.226 - - [13/Jul/2019:10:16:03 -0700] "GET /self.logs/access.log.2017-08-22.gz HTTP/1.1" 200 23341 "-" "Mozilla/5.0 (compatible; bingbot/2.0; +http://www.bing.com/bingbot.htm)" 
209.58.147.242 - - [13/Jul/2019:10:19:39 -0700] "GET / HTTP/1.1" 200 12540 "-" "Vienna/7074 (Macintosh; Intel macOS 10_13_6)" 
178.137.83.216 - - [13/Jul/2019:10:19:42 -0700] "GET / HTTP/1.1" 200 46402 "https://kinky-fetishes.com/" "Opera/7.11 (Windows NT 5.1; U) [en]" 
178.137.83.216 - - [13/Jul/2019:10:19:42 -0700] "GET / HTTP/1.1" 200 46402 "http://levdekor.ru/" "Opera/7.11 (Windows NT 5.1; U) [en]" 
178.137.83.216 - - [13/Jul/2019:10:19:42 -0700] "GET / HTTP/1.1" 200 46402 "https://kinky-fetishes.com/" "Opera/7.11 (Windows NT 5.1; U) [en]" 
178.137.83.216 - - [13/Jul/2019:10:19:43 -0700] "GET / HTTP/1.1" 200 46402 "http://levdekor.ru/" "Opera/7.11 (Windows NT 5.1; U) [en]" 
178.137.83.216 - - [13/Jul/2019:10:19:43 -0700] "GET / HTTP/1.1" 200 46402 "https://kinky-fetishes.com/" "Opera/7.11 (Windows NT 5.1; U) [en]" 
178.137.83.216 - - [13/Jul/2019:10:19:43 -0700] "GET / HTTP/1.1" 200 46402 "http://levdekor.ru/" "Opera/7.11 (Windows NT 5.1; U) [en]" 
113.59.14.102 - - [13/Jul/2019:10:19:50 -0700] "HEAD / HTTP/1.1" 200 317 "http://www.secrepo.com/" "Mozilla/5.0 (compatible; Baiduspider/2.0; +http://www.baidu.com/search/spider.html" 
113.59.14.102 - - [13/Jul/2019:10:19:50 -0700] "HEAD //plus/download.php?open=1&arrs1%5B%5D=99&arrs1%5B%5D=102&arrs1%5B%5D=103&arrs1%5B%5D=95&arrs1%5B%5D=100&arrs1%5B%5D=98&arrs1%5B%5D=112&arrs1%5B%5D=114&arrs1%5B%5D=101&arrs1%5B%5D=102&arrs1%5B%5D=105&arrs1%5B%5D=120&arrs2%5B%5D=109&arrs2%5B%5D=121&arrs2%5B%5D=97&arrs2%5B%5D=100&arrs2%5B%5D=96&arrs2%5B%5D=32&arrs2%5B%5D=83&arrs2%5B%5D=69&arrs2%5B%5D=84&arrs2%5B%5D=32&arrs2%5B%5D=96&arrs2%5B%5D=110&arrs2%5B%5D=111&arrs2%5B%5D=114&arrs2%5B%5D=109&arrs2%5B%5D=98&arrs2%5B%5D=111&arrs2%5B%5D=100&arrs2%5B%5D=121&arrs2%5B%5D=96&arrs2%5B%5D=32&arrs2%5B%5D=61&arrs2%5B%5D=32&arrs2%5B%5D=39&arrs2%5B%5D=60&arrs2%5B%5D=63&arrs2%5B%5D=112&arrs2%5B%5D=104&arrs2%5B%5D=112&arrs2%5B%5D=32&arrs2%5B%5D=102&arrs2%5B%5D=105&arrs2%5B%5D=108&arrs2%5B%5D=101&arrs2%5B%5D=95&arrs2%5B%5D=112&arrs2%5B%5D=117&arrs2%5B%5D=116&arrs2%5B%5D=95&arrs2%5B%5D=99&arrs2%5B%5D=111&arrs2%5B%5D=110&arrs2%5B%5D=116&arrs2%5B%5D=101&arrs2%5B%5D=110&arrs2%5B%5D=116&arrs2%5B%5D=115&arrs2%5B%5D=40&arrs2%5B%5D=39&arrs2%5B%5D=39&arrs2%5B%5D=109&arrs2%5B%5D=111&arrs2%5B%5D=111&arrs2%5B%5D=110&arrs2%5B%5D=46&arrs2%5B%5D=112&arrs2%5B%5D=104&arrs2%5B%5D=112&arrs2%5B%5D=39&arrs2%5B%5D=39&arrs2%5B%5D=44&arrs2%5B%5D=39&arrs2%5B%5D=39&arrs2%5B%5D=60&arrs2%5B%5D=63&arrs2%5B%5D=112&arrs2%5B%5D=104&arrs2%5B%5D=112&arrs2%5B%5D=32&arrs2%5B%5D=101&arrs2%5B%5D=118&arrs2%5B%5D=97&arrs2%5B%5D=108&arrs2%5B%5D=40&ar HTTP/1.1" 404 0 "http://www.secrepo.com//plus/download.php?open=1&arrs1[]=99&arrs1[]=102&arrs1[]=103&arrs1[]=95&arrs1[]=100&arrs1[]=98&arrs1[]=112&arrs1[]=114&arrs1[]=101&arrs1[]=102&arrs1[]=105&arrs1[]=120&arrs2[]=109&arrs2[]=121&arrs2[]=97&arrs2[]=100&arrs2[]=96&arrs2[]=32&arrs2[]=83&arrs2[]=69&arrs2[]=84&arrs2[]=32&arrs2[]=96&arrs2[]=110&arrs2[]=111&arrs2[]=114&arrs2[]=109&arrs2[]=98&arrs2[]=111&arrs2[]=100&arrs2[]=121&arrs2[]=96&arrs2[]=32&arrs2[]=61&arrs2[]=32&arrs2[]=39&arrs2[]=60&arrs2[]=63&arrs2[]=112&arrs2[]=104&arrs2[]=112&arrs2[]=32&arrs2[]=102&arrs2[]=105&arrs2[]=108&arrs2[]=101&arrs2[]=95&arrs2[]=112&arrs2[]=117&arrs2[]=116&arrs2[]=95&arrs2[]=99&arrs2[]=111&arrs2[]=110&arrs2[]=116&arrs2[]=101&arrs2[]=110&arrs2[]=116&arrs2[]=115&arrs2[]=40&arrs2[]=39&arrs2[]=39&arrs2[]=109&arrs2[]=111&arrs2[]=111&arrs2[]=110&arrs2[]=46&arrs2[]=112&arrs2[]=104&arrs2[]=112&arrs2[]=39&arrs2[]=39&arrs2[]=44&arrs2[]=39&arrs2[]=39&arrs2[]=60&arrs2[]=63&arrs2[]=112&arrs2[]=104&arrs2[]=112&arrs2[]=32&arrs2[]=101&arrs2[]=118&arrs2[]=97&arrs2[]=108&arrs2[]=40&ar" "Mozilla/5.0 (compatible; Baiduspider/2.0; +http://www.baidu.com/search/spider.html" 
113.59.14.102 - - [13/Jul/2019:10:19:50 -0700] "GET //plus/moon.php HTTP/1.1" 404 250 "http://www.secrepo.com//plus/moon.php" "Mozilla/5.0 (compatible; Baiduspider/2.0; +http://www.baidu.com/search/spider.html" 
113.59.14.102 - - [13/Jul/2019:10:19:51 -0700] "HEAD //plus/mytag_js.php?dopost=saveedit&arrs1%5B%5D=99&arrs1%5B%5D=102&arrs1%5B%5D=103&arrs1%5B%5D=95&arrs1%5B%5D=100&arrs1%5B%5D=98&arrs1%5B%5D=112&arrs1%5B%5D=114&arrs1%5B%5D=101&arrs1%5B%5D=102&arrs1%5B%5D=105&arrs1%5B%5D=120&arrs2%5B%5D=109&arrs2%5B%5D=121&arrs2%5B%5D=116&arrs2%5B%5D=97&arrs2%5B%5D=103&arrs2%5B%5D=96&arrs2%5B%5D=32&arrs2%5B%5D=40&arrs2%5B%5D=97&arrs2%5B%5D=105&arrs2%5B%5D=100&arrs2%5B%5D=44&arrs2%5B%5D=110&arrs2%5B%5D=111&arrs2%5B%5D=114&arrs2%5B%5D=109&arrs2%5B%5D=98&arrs2%5B%5D=111&arrs2%5B%5D=100&arrs2%5B%5D=121&arrs2%5B%5D=41&arrs2%5B%5D=32&arrs2%5B%5D=86&arrs2%5B%5D=65&arrs2%5B%5D=76&arrs2%5B%5D=85&arrs2%5B%5D=69&arrs2%5B%5D=83&arrs2%5B%5D=40&arrs2%5B%5D=57&arrs2%5B%5D=48&arrs2%5B%5D=57&arrs2%5B%5D=48&arrs2%5B%5D=44&arrs2%5B%5D=39&arrs2%5B%5D=60&arrs2%5B%5D=63&arrs2%5B%5D=112&arrs2%5B%5D=104&arrs2%5B%5D=112&arrs2%5B%5D=32&arrs2%5B%5D=101&arrs2%5B%5D=99&arrs2%5B%5D=104&arrs2%5B%5D=111&arrs2%5B%5D=32&arrs2%5B%5D=39&arrs2%5B%5D=39&arrs2%5B%5D=100&arrs2%5B%5D=101&arrs2%5B%5D=100&arrs2%5B%5D=101&arrs2%5B%5D=99&arrs2%5B%5D=109&arrs2%5B%5D=115&arrs2%5B%5D=32&arrs2%5B%5D=53&arrs2%5B%5D=46&arrs2%5B%5D=55&arrs2%5B%5D=32&arrs2%5B%5D=48&arrs2%5B%5D=100&arrs2%5B%5D=97&arrs2%5B%5D=121&arrs2%5B%5D=60&arrs2%5B%5D=98&arrs2%5B%5D=114&arrs2%5B%5D=62&arrs2%5B%5D=103&arrs2%5B%5D=117&arrs2%5B%5D=105&arrs2%5B%5D=103&arrs2%5B%5D=101&arrs2%5B%5D=44& HTTP/1.1" 404 197 "http://www.secrepo.com//plus/mytag_js.php?dopost=saveedit&arrs1[]=99&arrs1[]=102&arrs1[]=103&arrs1[]=95&arrs1[]=100&arrs1[]=98&arrs1[]=112&arrs1[]=114&arrs1[]=101&arrs1[]=102&arrs1[]=105&arrs1[]=120&arrs2[]=109&arrs2[]=121&arrs2[]=116&arrs2[]=97&arrs2[]=103&arrs2[]=96&arrs2[]=32&arrs2[]=40&arrs2[]=97&arrs2[]=105&arrs2[]=100&arrs2[]=44&arrs2[]=110&arrs2[]=111&arrs2[]=114&arrs2[]=109&arrs2[]=98&arrs2[]=111&arrs2[]=100&arrs2[]=121&arrs2[]=41&arrs2[]=32&arrs2[]=86&arrs2[]=65&arrs2[]=76&arrs2[]=85&arrs2[]=69&arrs2[]=83&arrs2[]=40&arrs2[]=57&arrs2[]=48&arrs2[]=57&arrs2[]=48&arrs2[]=44&arrs2[]=39&arrs2[]=60&arrs2[]=63&arrs2[]=112&arrs2[]=104&arrs2[]=112&arrs2[]=32&arrs2[]=101&arrs2[]=99&arrs2[]=104&arrs2[]=111&arrs2[]=32&arrs2[]=39&arrs2[]=39&arrs2[]=100&arrs2[]=101&arrs2[]=100&arrs2[]=101&arrs2[]=99&arrs2[]=109&arrs2[]=115&arrs2[]=32&arrs2[]=53&arrs2[]=46&arrs2[]=55&arrs2[]=32&arrs2[]=48&arrs2[]=100&arrs2[]=97&arrs2[]=121&arrs2[]=60&arrs2[]=98&arrs2[]=114&arrs2[]=62&arrs2[]=103&arrs2[]=117&arrs2[]=105&arrs2[]=103&arrs2[]=101&arrs2[]=44&" "Mozilla/5.0 (compatible; Baiduspider/2.0; +http://www.baidu.com/search/spider.html" 
113.59.14.102 - - [13/Jul/2019:10:19:51 -0700] "HEAD //plus/recommend.php HTTP/1.1" 404 197 "http://www.secrepo.com//plus/recommend.php" "Mozilla/5.0 (compatible; Baiduspider/2.0; +http://www.baidu.com/search/spider.html" 
113.59.14.102 - - [13/Jul/2019:10:19:51 -0700] "GET //plus/search.php?keyword=test&typeArr%5B%20uNion%20%5D=a HTTP/1.1" 404 216 "http://www.secrepo.com//plus/search.php?keyword=test&typeArr[%20uNion%20]=a" "Mozilla/5.0 (compatible; Baiduspider/2.0; +http://www.baidu.com/search/spider.html" 
113.59.14.102 - - [13/Jul/2019:10:19:51 -0700] "GET //install/index.php.bak HTTP/1.1" 404 216 "http://www.secrepo.com//install/index.php.bak" "Mozilla/5.0 (compatible; Baiduspider/2.0; +http://www.baidu.com/search/spider.html" 
113.59.14.102 - - [13/Jul/2019:10:19:52 -0700] "HEAD //plus/search.php?keyword=as&typeArr%5B%20uNion%20%5D=a HTTP/1.1" 404 197 "http://www.secrepo.com//plus/search.php?keyword=as&typeArr[%20uNion%20]=a" "Mozilla/5.0 (compatible; Baiduspider/2.0; +http://www.baidu.com/search/spider.html" 
113.59.14.102 - - [13/Jul/2019:10:19:52 -0700] "HEAD //plus/search.php?keyword=as&typeArr%5B%20uNion%20%5D=a HTTP/1.1" 404 197 "http://www.secrepo.com//plus/search.php?keyword=as&typeArr[%20uNion%20]=a" "Mozilla/5.0 (compatible; Baiduspider/2.0; +http://www.baidu.com/search/spider.html" 
66.249.65.171 - - [13/Jul/2019:10:24:40 -0700] "GET / HTTP/1.1" 200 12540 "-" "Mozilla/5.0 (compatible; Googlebot/2.1; +http://www.google.com/bot.html)" 
113.171.224.176 - - [13/Jul/2019:10:29:51 -0700] "GET /honeypot/Honeypot%20-%20Howto.pdf HTTP/1.1" 200 61320 "-" "Mozilla/5.0 Gecko/20100115 Firefox/3.6" 
66.249.65.171 - - [13/Jul/2019:10:34:46 -0700] "GET / HTTP/1.1" 200 12539 "-" "Mozilla/5.0 (Linux; Android 6.0.1; Nexus 5X Build/MMB29P) AppleWebKit/537.36 (KHTML, like Gecko) Chrome/41.0.2272.96 Mobile Safari/537.36 (compatible; Googlebot/2.1; +http://www.google.com/bot.html)" 
157.55.39.226 - - [13/Jul/2019:10:40:44 -0700] "GET /self.logs/access.log.2018-02-13.gz HTTP/1.1" 301 543 "-" "Mozilla/5.0 (compatible; bingbot/2.0; +http://www.bing.com/bingbot.htm)" 
216.244.66.245 - - [13/Jul/2019:10:42:30 -0700] "GET /robots.txt HTTP/1.1" 200 244 "-" "Mozilla/5.0 (compatible; DotBot/1.1; http://www.opensiteexplorer.org/dotbot, help@moz.com)" 
207.46.13.216 - - [13/Jul/2019:10:43:48 -0700] "GET /self.logs/error.log.2017-07-08.gz HTTP/1.1" 200 639 "-" "Mozilla/5.0 (compatible; bingbot/2.0; +http://www.bing.com/bingbot.htm)" 
46.119.114.203 - - [13/Jul/2019:10:44:08 -0700] "GET / HTTP/1.1" 200 46402 "https://emdi.ru/" "Mozilla/4.0 (compatible; MSIE 6.0; MSIE 5.5; Windows NT 5.0) Opera 7.02 Bork-edition [en]" 
46.119.114.203 - - [13/Jul/2019:10:44:09 -0700] "GET / HTTP/1.1" 200 46402 "https://emdi.ru/" "Mozilla/4.0 (compatible; MSIE 6.0; MSIE 5.5; Windows NT 5.0) Opera 7.02 Bork-edition [en]" 
46.119.114.203 - - [13/Jul/2019:10:44:09 -0700] "GET / HTTP/1.1" 200 46402 "https://emdi.ru/" "Mozilla/4.0 (compatible; MSIE 6.0; MSIE 5.5; Windows NT 5.0) Opera 7.02 Bork-edition [en]" 
178.137.87.154 - - [13/Jul/2019:10:47:18 -0700] "GET / HTTP/1.1" 200 46402 "https://soch.biographiya.com/" "Mozilla/4.0 (compatible; MSIE 6.0; MSIE 5.5; Windows NT 5.0) Opera 7.02 Bork-edition [en]" 
178.137.87.154 - - [13/Jul/2019:10:47:18 -0700] "GET / HTTP/1.1" 200 46402 "https://soch.biographiya.com/" "Mozilla/4.0 (compatible; MSIE 6.0; MSIE 5.5; Windows NT 5.0) Opera 7.02 Bork-edition [en]" 
178.137.87.154 - - [13/Jul/2019:10:47:19 -0700] "GET / HTTP/1.1" 200 46402 "https://soch.biographiya.com/" "Mozilla/4.0 (compatible; MSIE 6.0; MSIE 5.5; Windows NT 5.0) Opera 7.02 Bork-edition [en]" 
207.46.13.216 - - [13/Jul/2019:10:50:41 -0700] "GET /self.logs/error.log.2017-01-23.gz HTTP/1.1" 301 541 "-" "Mozilla/5.0 (compatible; bingbot/2.0; +http://www.bing.com/bingbot.htm)" 
200.46.1.158 - - [13/Jul/2019:10:56:23 -0700] "GET / HTTP/1.1" 200 12539 "-" "Mozilla/5.0 (Windows NT 10.0; Win64; x64) AppleWebKit/537.36 (KHTML, like Gecko) Chrome/75.0.3770.100 Safari/537.36" 
200.46.1.158 - - [13/Jul/2019:10:56:30 -0700] "GET /GitHub-Mark.png HTTP/1.1" 200 7450 "http://www.secrepo.com/" "Mozilla/5.0 (Windows NT 10.0; Win64; x64) AppleWebKit/537.36 (KHTML, like Gecko) Chrome/75.0.3770.100 Safari/537.36" 
200.46.1.158 - - [13/Jul/2019:10:57:12 -0700] "GET /bootstrap/img/favicon.ico HTTP/1.1" 200 624 "http://www.secrepo.com/" "Mozilla/5.0 (Windows NT 10.0; Win64; x64) AppleWebKit/537.36 (KHTML, like Gecko) Chrome/75.0.3770.100 Safari/537.36" 
207.46.13.74 - - [13/Jul/2019:10:58:34 -0700] "GET /self.logs/error.log.2017-05-24.gz HTTP/1.1" 200 958 "-" "Mozilla/5.0 (compatible; bingbot/2.0; +http://www.bing.com/bingbot.htm)" 
136.243.222.140 - - [13/Jul/2019:11:00:31 -0700] "GET /ftp://download.iwlab.foi.se/dataset/ HTTP/1.1" 404 250 "-" "DomainStatsBot/1.0 (https://domainstats.com/pages/our-bot)" 
216.244.66.245 - - [13/Jul/2019:11:01:29 -0700] "GET /self.logs/error.log.2017-02-06.gz HTTP/1.1" 200 1214 "-" "Mozilla/5.0 (compatible; DotBot/1.1; http://www.opensiteexplorer.org/dotbot, help@moz.com)" 
194.59.251.139 - - [13/Jul/2019:11:02:20 -0700] "GET / HTTP/1.1" 200 12540 "https://www.reddit.com/r/datasets/comments/3tbxap/cyber_security_datasets/" "Mozilla/5.0 (Windows NT 10.0; Win64; x64) AppleWebKit/537.36 (KHTML, like Gecko) Chrome/75.0.3770.100 Safari/537.36" 
194.59.251.139 - - [13/Jul/2019:11:02:20 -0700] "GET /twitter-icon.png HTTP/1.1" 200 27787 "http://www.secrepo.com/" "Mozilla/5.0 (Windows NT 10.0; Win64; x64) AppleWebKit/537.36 (KHTML, like Gecko) Chrome/75.0.3770.100 Safari/537.36" 
194.59.251.139 - - [13/Jul/2019:11:02:20 -0700] "GET /GitHub-Mark.png HTTP/1.1" 200 7450 "http://www.secrepo.com/" "Mozilla/5.0 (Windows NT 10.0; Win64; x64) AppleWebKit/537.36 (KHTML, like Gecko) Chrome/75.0.3770.100 Safari/537.36" 
194.59.251.139 - - [13/Jul/2019:11:02:32 -0700] "GET /bootstrap/img/favicon.ico HTTP/1.1" 200 624 "http://www.secrepo.com/" "Mozilla/5.0 (Windows NT 10.0; Win64; x64) AppleWebKit/537.36 (KHTML, like Gecko) Chrome/75.0.3770.100 Safari/537.36" 
36.110.147.77 - - [13/Jul/2019:11:02:50 -0700] "GET /robots.txt HTTP/1.1" 301 458 "-" "Sogou web spider/4.0(+http://www.sogou.com/docs/help/webmasters.htm#07)" 
52.212.183.49 - - [13/Jul/2019:11:03:30 -0700] "GET / HTTP/1.1" 301 438 "-" "Mozilla/5.0 (Windows NT 10.0; Win64; x64) AppleWebKit/537.36 (KHTML, like Gecko) Chrome/74.0.3729.131 Safari/537.36" 
52.212.183.49 - - [13/Jul/2019:11:03:35 -0700] "GET / HTTP/1.1" 200 12503 "-" "Mozilla/5.0 (Windows NT 10.0; Win64; x64) AppleWebKit/537.36 (KHTML, like Gecko) Chrome/74.0.3729.131 Safari/537.36" 
157.55.39.226 - - [13/Jul/2019:11:04:50 -0700] "GET /self.logs/error.log.2017-02-02.gz HTTP/1.1" 301 541 "-" "Mozilla/5.0 (compatible; bingbot/2.0; +http://www.bing.com/bingbot.htm)" 
209.58.147.242 - - [13/Jul/2019:11:20:08 -0700] "GET / HTTP/1.1" 200 12540 "-" "Vienna/7074 (Macintosh; Intel macOS 10_13_6)" 
136.243.59.237 - - [13/Jul/2019:11:20:45 -0700] "GET /data HTTP/1.1" 404 250 "-" "DomainStatsBot/1.0 (https://domainstats.com/pages/our-bot)" 
36.110.147.77 - - [13/Jul/2019:11:26:28 -0700] "GET / HTTP/1.1" 301 475 "http://www.sogou.com/web?query=site%3Asecrepo.com" "Mozilla/5.0 (Windows NT 6.1; Win64; x64) AppleWebKit/537.36 (KHTML, like Gecko) Chrome/74.0.3729.169 Safari/537.36" 
36.110.147.77 - - [13/Jul/2019:11:26:28 -0700] "GET / HTTP/1.1" 200 12540 "http://www.sogou.com/web?query=site%3Asecrepo.com" "Mozilla/5.0 (Windows NT 6.1; Win64; x64) AppleWebKit/537.36 (KHTML, like Gecko) Chrome/74.0.3729.169 Safari/537.36" 
36.110.147.77 - - [13/Jul/2019:11:26:29 -0700] "GET /twitter-icon.png HTTP/1.1" 200 27787 "http://www.secrepo.com/" "Mozilla/5.0 (Windows NT 6.1; Win64; x64) AppleWebKit/537.36 (KHTML, like Gecko) Chrome/74.0.3729.169 Safari/537.36" 
36.110.147.77 - - [13/Jul/2019:11:26:30 -0700] "GET /GitHub-Mark.png HTTP/1.1" 200 7427 "http://www.secrepo.com/" "Mozilla/5.0 (Windows NT 6.1; Win64; x64) AppleWebKit/537.36 (KHTML, like Gecko) Chrome/74.0.3729.169 Safari/537.36" 
209.15.209.89 - - [13/Jul/2019:11:27:46 -0700] "HEAD / HTTP/1.1" 200 273 "-" "-" 
46.116.82.221 - - [13/Jul/2019:11:27:47 -0700] "GET / HTTP/1.1" 200 12540 "https://www.researchgate.net/" "Mozilla/5.0 (Windows NT 10.0; Win64; x64) AppleWebKit/537.36 (KHTML, like Gecko) Chrome/75.0.3770.100 Safari/537.36" 
46.116.82.221 - - [13/Jul/2019:11:27:47 -0700] "GET /twitter-icon.png HTTP/1.1" 200 27787 "http://www.secrepo.com/" "Mozilla/5.0 (Windows NT 10.0; Win64; x64) AppleWebKit/537.36 (KHTML, like Gecko) Chrome/75.0.3770.100 Safari/537.36" 
