40.77.167.74 - - [30/Nov/2022:13:06:58 -0800] "GET /Datasets%20Description/HTML_Bro_log_1/?C=D;O=D HTTP/1.1" 200 833 "-" "Mozilla/5.0 AppleWebKit/537.36 (KHTML, like Gecko; compatible; bingbot/2.0; +http://www.bing.com/bingbot.htm) Chrome/103.0.5060.134 Safari/537.36" 
40.77.167.69 - - [30/Nov/2022:13:07:01 -0800] "GET /self.logs/error.log.2020-06-01 HTTP/1.1" 200 351 "-" "Mozilla/5.0 (compatible; bingbot/2.0; +http://www.bing.com/bingbot.htm)" 
157.55.39.209 - - [30/Nov/2022:13:15:08 -0800] "GET /self.logs/access.log.2022-02-22.gz HTTP/1.1" 200 12979 "-" "Mozilla/5.0 AppleWebKit/537.36 (KHTML, like Gecko; compatible; bingbot/2.0; +http://www.bing.com/bingbot.htm) Chrome/103.0.5060.134 Safari/537.36" 
114.119.131.189 - - [30/Nov/2022:13:15:17 -0800] "GET /self.logs/access.log.2017-02-10.gz HTTP/1.1" 200 36568 "-" "Mozilla/5.0 (compatible;PetalBot;+https://webmaster.petalsearch.com/site/petalbot)" 
40.77.167.63 - - [30/Nov/2022:13:18:24 -0800] "GET /self.logs/access.log.2022-07-22.gz HTTP/1.1" 200 14002 "-" "Mozilla/5.0 AppleWebKit/537.36 (KHTML, like Gecko; compatible; bingbot/2.0; +http://www.bing.com/bingbot.htm) Chrome/103.0.5060.134 Safari/537.36" 
40.77.167.63 - - [30/Nov/2022:13:18:25 -0800] "GET /self.logs/access.log.2021-10-16.gz HTTP/1.1" 200 27817 "-" "Mozilla/5.0 AppleWebKit/537.36 (KHTML, like Gecko; compatible; bingbot/2.0; +http://www.bing.com/bingbot.htm) Chrome/103.0.5060.134 Safari/537.36" 
157.55.39.209 - - [30/Nov/2022:13:18:28 -0800] "GET /self.logs/access.log.2022-05-26.gz HTTP/1.1" 200 10936 "-" "Mozilla/5.0 (compatible; bingbot/2.0; +http://www.bing.com/bingbot.htm)" 
40.77.167.44 - - [30/Nov/2022:13:18:33 -0800] "GET /self.logs/error.log.2018-10-20.gz HTTP/1.1" 200 4252 "-" "Mozilla/5.0 AppleWebKit/537.36 (KHTML, like Gecko; compatible; bingbot/2.0; +http://www.bing.com/bingbot.htm) Chrome/103.0.5060.134 Safari/537.36" 
157.55.39.49 - - [30/Nov/2022:13:19:33 -0800] "GET /self.logs/access.log.2020-01-25.gz HTTP/1.1" 200 14624 "-" "Mozilla/5.0 AppleWebKit/537.36 (KHTML, like Gecko; compatible; bingbot/2.0; +http://www.bing.com/bingbot.htm) Chrome/103.0.5060.134 Safari/537.36" 
64.124.8.36 - - [30/Nov/2022:13:19:48 -0800] "GET /self.logs/error.log.2020-09-01 HTTP/1.1" 304 261 "-" "Mozilla/5.0 (X11; Linux x86_64) AppleWebKit/537.36 (KHTML, like Gecko) Chrome/61.0.3163.79 Safari/537.36" 
40.77.167.44 - - [30/Nov/2022:13:21:10 -0800] "GET /self.logs/access.log.2017-01-23.gz HTTP/1.1" 304 280 "-" "Mozilla/5.0 AppleWebKit/537.36 (KHTML, like Gecko; compatible; bingbot/2.0; +http://www.bing.com/bingbot.htm) Chrome/103.0.5060.134 Safari/537.36" 
40.77.167.69 - - [30/Nov/2022:13:23:02 -0800] "GET /self.logs/access.log.2021-12-28.gz HTTP/1.1" 200 22147 "-" "Mozilla/5.0 AppleWebKit/537.36 (KHTML, like Gecko; compatible; bingbot/2.0; +http://www.bing.com/bingbot.htm) Chrome/103.0.5060.134 Safari/537.36" 
64.124.8.36 - - [30/Nov/2022:13:24:06 -0800] "GET /Datasets%20Description/HTML_Bro_log_3/dns.html HTTP/1.1" 304 277 "-" "Mozilla/5.0 (X11; Linux x86_64) AppleWebKit/537.36 (KHTML, like Gecko) Chrome/61.0.3163.79 Safari/537.36" 
40.77.167.69 - - [30/Nov/2022:13:26:22 -0800] "GET /self.logs/2016/error.log.2016-08-06.gz HTTP/1.1" 200 3780 "-" "Mozilla/5.0 (compatible; bingbot/2.0; +http://www.bing.com/bingbot.htm)" 
157.55.39.209 - - [30/Nov/2022:13:26:18 -0800] "GET /self.logs/ HTTP/1.1" 200 39919 "-" "Mozilla/5.0 (compatible; bingbot/2.0; +http://www.bing.com/bingbot.htm)" 
40.77.167.74 - - [30/Nov/2022:13:26:58 -0800] "GET /self.logs/2016/access.log.2016-01-22.gz HTTP/1.1" 200 5728 "-" "Mozilla/5.0 (compatible; bingbot/2.0; +http://www.bing.com/bingbot.htm)" 
40.77.167.63 - - [30/Nov/2022:13:27:04 -0800] "GET /self.logs/2016/access.log.2016-12-25.gz HTTP/1.1" 200 8744 "-" "Mozilla/5.0 AppleWebKit/537.36 (KHTML, like Gecko; compatible; bingbot/2.0; +http://www.bing.com/bingbot.htm) Chrome/103.0.5060.134 Safari/537.36" 
40.77.167.74 - - [30/Nov/2022:13:27:40 -0800] "GET /self.logs/error.log.2021-09-19.gz HTTP/1.1" 200 2337 "-" "Mozilla/5.0 (compatible; bingbot/2.0; +http://www.bing.com/bingbot.htm)" 
40.77.167.44 - - [30/Nov/2022:13:32:41 -0800] "GET /self.logs/2016/error.log.2016-04-05.gz HTTP/1.1" 200 1502 "-" "Mozilla/5.0 (compatible; bingbot/2.0; +http://www.bing.com/bingbot.htm)" 
64.124.8.36 - - [30/Nov/2022:13:34:30 -0800] "GET /Datasets%20Description/HTML_Bro_log_1/notice.html HTTP/1.1" 304 277 "-" "Mozilla/5.0 (X11; Linux x86_64) AppleWebKit/537.36 (KHTML, like Gecko) Chrome/61.0.3163.79 Safari/537.36" 
157.55.39.209 - - [30/Nov/2022:13:37:49 -0800] "GET /self.logs/2016/access.log.2016-10-18.gz HTTP/1.1" 200 15542 "-" "Mozilla/5.0 (compatible; bingbot/2.0; +http://www.bing.com/bingbot.htm)" 
64.124.8.36 - - [30/Nov/2022:13:40:36 -0800] "GET / HTTP/1.1" 200 13185 "-" "Mozilla/5.0 (X11; Linux x86_64) AppleWebKit/537.36 (KHTML, like Gecko) Chrome/61.0.3163.79 Safari/537.36" 
40.77.167.74 - - [30/Nov/2022:13:42:22 -0800] "GET /self.logs/access.log.2020-06-11.gz HTTP/1.1" 200 12387 "-" "Mozilla/5.0 (compatible; bingbot/2.0; +http://www.bing.com/bingbot.htm)" 
40.77.167.63 - - [30/Nov/2022:13:42:26 -0800] "GET /self.logs/2016/error.log.2016-12-16.gz HTTP/1.1" 200 903 "-" "Mozilla/5.0 AppleWebKit/537.36 (KHTML, like Gecko; compatible; bingbot/2.0; +http://www.bing.com/bingbot.htm) Chrome/103.0.5060.134 Safari/537.36" 
114.119.129.175 - - [30/Nov/2022:13:50:30 -0800] "GET /self.logs/error.log.2018-03-23.gz HTTP/1.1" 200 4661 "-" "Mozilla/5.0 (compatible;PetalBot;+https://webmaster.petalsearch.com/site/petalbot)" 
40.77.167.74 - - [30/Nov/2022:13:51:01 -0800] "GET /self.logs/access.log.2021-07-25.gz HTTP/1.1" 200 25271 "-" "Mozilla/5.0 AppleWebKit/537.36 (KHTML, like Gecko; compatible; bingbot/2.0; +http://www.bing.com/bingbot.htm) Chrome/103.0.5060.134 Safari/537.36" 
114.119.131.195 - - [30/Nov/2022:13:53:15 -0800] "GET /self.logs/access.log.2019-08-19.gz HTTP/1.1" 200 46696 "-" "Mozilla/5.0 (compatible;PetalBot;+https://webmaster.petalsearch.com/site/petalbot)" 
40.77.167.69 - - [30/Nov/2022:13:53:25 -0800] "GET /self.logs/access.log.2020-01-13.gz HTTP/1.1" 200 18063 "-" "Mozilla/5.0 (compatible; bingbot/2.0; +http://www.bing.com/bingbot.htm)" 
40.77.167.69 - - [30/Nov/2022:13:53:45 -0800] "GET /self.logs/access.log.2021-04-18.gz HTTP/1.1" 200 31867 "-" "Mozilla/5.0 (compatible; bingbot/2.0; +http://www.bing.com/bingbot.htm)" 
40.77.167.74 - - [30/Nov/2022:13:54:02 -0800] "GET /self.logs/access.log.2021-01-07.gz HTTP/1.1" 200 18169 "-" "Mozilla/5.0 (compatible; bingbot/2.0; +http://www.bing.com/bingbot.htm)" 
157.55.39.209 - - [30/Nov/2022:13:54:30 -0800] "GET /self.logs/access.log.2020-12-28.gz HTTP/1.1" 200 34290 "-" "Mozilla/5.0 AppleWebKit/537.36 (KHTML, like Gecko; compatible; bingbot/2.0; +http://www.bing.com/bingbot.htm) Chrome/103.0.5060.134 Safari/537.36" 
157.55.39.209 - - [30/Nov/2022:13:54:40 -0800] "GET /self.logs/error.log.2020-08-14 HTTP/1.1" 200 351 "-" "Mozilla/5.0 AppleWebKit/537.36 (KHTML, like Gecko; compatible; bingbot/2.0; +http://www.bing.com/bingbot.htm) Chrome/103.0.5060.134 Safari/537.36" 
51.222.253.14 - - [30/Nov/2022:13:55:47 -0800] "GET /Datasets%20Description/?C=M;O=A HTTP/1.1" 200 633 "-" "Mozilla/5.0 (compatible; AhrefsBot/7.0; +http://ahrefs.com/robot/)" 
40.77.167.44 - - [30/Nov/2022:13:58:34 -0800] "GET /self.logs/access.log.2021-09-15.gz HTTP/1.1" 200 25256 "-" "Mozilla/5.0 AppleWebKit/537.36 (KHTML, like Gecko; compatible; bingbot/2.0; +http://www.bing.com/bingbot.htm) Chrome/103.0.5060.134 Safari/537.36" 
40.77.167.74 - - [30/Nov/2022:14:01:23 -0800] "GET /self.logs/error.log.2019-08-26.gz HTTP/1.1" 200 2369 "-" "Mozilla/5.0 AppleWebKit/537.36 (KHTML, like Gecko; compatible; bingbot/2.0; +http://www.bing.com/bingbot.htm) Chrome/103.0.5060.134 Safari/537.36" 
157.55.39.49 - - [30/Nov/2022:14:06:27 -0800] "GET /self.logs/error.log.2017-05-27.gz HTTP/1.1" 200 711 "-" "Mozilla/5.0 (compatible; bingbot/2.0; +http://www.bing.com/bingbot.htm)" 
157.55.39.49 - - [30/Nov/2022:14:07:07 -0800] "GET /self.logs/access.log.2019-11-02.gz HTTP/1.1" 200 17312 "-" "Mozilla/5.0 AppleWebKit/537.36 (KHTML, like Gecko; compatible; bingbot/2.0; +http://www.bing.com/bingbot.htm) Chrome/103.0.5060.134 Safari/537.36" 
40.77.167.74 - - [30/Nov/2022:14:08:23 -0800] "GET /self.logs/error.log.2020-07-15.gz HTTP/1.1" 200 608 "-" "Mozilla/5.0 AppleWebKit/537.36 (KHTML, like Gecko; compatible; bingbot/2.0; +http://www.bing.com/bingbot.htm) Chrome/103.0.5060.134 Safari/537.36" 
66.249.70.177 - - [30/Nov/2022:14:10:55 -0800] "GET /ads.txt HTTP/1.1" 404 328 "-" "Mozilla/5.0 (compatible; Googlebot/2.1; +http://www.google.com/bot.html)" 
40.77.167.74 - - [30/Nov/2022:14:15:23 -0800] "GET /self.logs/2016/access.log.2016-01-03.gz HTTP/1.1" 200 5270 "-" "Mozilla/5.0 (compatible; bingbot/2.0; +http://www.bing.com/bingbot.htm)" 
157.55.39.209 - - [30/Nov/2022:14:16:13 -0800] "GET /self.logs/ HTTP/1.1" 200 39919 "-" "Mozilla/5.0 (compatible; bingbot/2.0; +http://www.bing.com/bingbot.htm)" 
51.222.253.5 - - [30/Nov/2022:14:21:47 -0800] "GET /Datasets%20Description/PE_malware/?C=M;O=A HTTP/1.1" 200 642 "-" "Mozilla/5.0 (compatible; AhrefsBot/7.0; +http://ahrefs.com/robot/)" 
157.55.39.209 - - [30/Nov/2022:14:21:54 -0800] "GET /self.logs/error.log.2020-08-03 HTTP/1.1" 200 351 "-" "Mozilla/5.0 AppleWebKit/537.36 (KHTML, like Gecko; compatible; bingbot/2.0; +http://www.bing.com/bingbot.htm) Chrome/103.0.5060.134 Safari/537.36" 
40.77.167.44 - - [30/Nov/2022:14:22:16 -0800] "GET /self.logs/access.log.2022-02-09.gz HTTP/1.1" 200 11226 "-" "Mozilla/5.0 (compatible; bingbot/2.0; +http://www.bing.com/bingbot.htm)" 
40.77.167.74 - - [30/Nov/2022:14:29:06 -0800] "GET /self.logs/access.log.2020-08-04.gz HTTP/1.1" 200 15980 "-" "Mozilla/5.0 AppleWebKit/537.36 (KHTML, like Gecko; compatible; bingbot/2.0; +http://www.bing.com/bingbot.htm) Chrome/103.0.5060.134 Safari/537.36" 
40.77.167.63 - - [30/Nov/2022:14:30:10 -0800] "GET /self.logs/error.log.2017-08-29.gz HTTP/1.1" 200 974 "-" "Mozilla/5.0 (compatible; bingbot/2.0; +http://www.bing.com/bingbot.htm)" 
104.14.82.131 - - [30/Nov/2022:14:32:03 -0800] "GET /maccdc2012/http.log.gz HTTP/1.1" 200 78840 "-" "Mozilla/5.0 (Windows NT 10.0; Win64; x64; rv:107.0) Gecko/20100101 Firefox/107.0" 
104.14.82.131 - - [30/Nov/2022:14:32:09 -0800] "GET /maccdc2012/http.log.gz HTTP/1.1" 200 56420988 "-" "Mozilla/5.0 (Windows NT 10.0; Win64; x64; rv:107.0) Gecko/20100101 Firefox/107.0" 
104.14.82.131 - - [30/Nov/2022:14:32:11 -0800] "GET /self.logs/ HTTP/1.1" 200 39919 "-" "Mozilla/5.0 (Windows NT 10.0; Win64; x64; rv:107.0) Gecko/20100101 Firefox/107.0" 
104.14.82.131 - - [30/Nov/2022:14:32:17 -0800] "GET /favicon.ico HTTP/1.1" 200 368 "http://www.secrepo.com/self.logs/" "Mozilla/5.0 (Windows NT 10.0; Win64; x64; rv:107.0) Gecko/20100101 Firefox/107.0" 
40.77.167.74 - - [30/Nov/2022:14:34:55 -0800] "GET /self.logs/access.log.2020-07-07.gz HTTP/1.1" 200 16664 "-" "Mozilla/5.0 (compatible; bingbot/2.0; +http://www.bing.com/bingbot.htm)" 
114.119.131.245 - - [30/Nov/2022:14:35:50 -0800] "GET /self.logs/error.log.2017-06-06.gz HTTP/1.1" 200 1098 "-" "Mozilla/5.0 (compatible;PetalBot;+https://webmaster.petalsearch.com/site/petalbot)" 
40.77.167.63 - - [30/Nov/2022:14:36:11 -0800] "GET /self.logs/access.log.2020-08-23.gz HTTP/1.1" 200 14891 "-" "Mozilla/5.0 (compatible; bingbot/2.0; +http://www.bing.com/bingbot.htm)" 
157.55.39.49 - - [30/Nov/2022:14:38:50 -0800] "GET /self.logs/access.log.2021-06-22.gz HTTP/1.1" 200 17713 "-" "Mozilla/5.0 (compatible; bingbot/2.0; +http://www.bing.com/bingbot.htm)" 
195.191.219.132 - - [30/Nov/2022:14:38:56 -0800] "GET /robots.txt HTTP/1.1" 301 495 "-" "Mozilla/5.0 (compatible; MJ12bot/v1.4.8; http://mj12bot.com/)" 
195.191.219.132 - - [30/Nov/2022:14:38:56 -0800] "GET /robots.txt HTTP/1.1" 200 377 "-" "Mozilla/5.0 (compatible; MJ12bot/v1.4.8; http://mj12bot.com/)" 
195.191.219.132 - - [30/Nov/2022:14:38:58 -0800] "GET / HTTP/1.1" 301 419 "-" "Mozilla/5.0 (compatible; MJ12bot/v1.4.8; http://mj12bot.com/)" 
195.191.219.132 - - [30/Nov/2022:14:39:00 -0800] "GET / HTTP/1.1" 200 13107 "-" "Mozilla/5.0 (compatible; MJ12bot/v1.4.8; http://mj12bot.com/)" 
104.14.82.131 - - [30/Nov/2022:14:39:33 -0800] "GET /self.logs/access.log.2017-01-01.gz HTTP/1.1" 200 17678 "http://www.secrepo.com/self.logs/" "Mozilla/5.0 (Windows NT 10.0; Win64; x64; rv:107.0) Gecko/20100101 Firefox/107.0" 
66.249.64.220 - - [30/Nov/2022:14:41:00 -0800] "GET /robots.txt HTTP/1.1" 301 495 "-" "Mozilla/5.0 (compatible; Googlebot/2.1; +http://www.google.com/bot.html)" 
66.249.70.175 - - [30/Nov/2022:14:41:00 -0800] "GET /robots.txt HTTP/1.1" 200 377 "-" "Mozilla/5.0 (compatible; Googlebot/2.1; +http://www.google.com/bot.html)" 
66.249.64.194 - - [30/Nov/2022:14:41:00 -0800] "GET /ads.txt HTTP/1.1" 301 489 "-" "Mozilla/5.0 (compatible; Googlebot/2.1; +http://www.google.com/bot.html)" 
51.222.253.13 - - [30/Nov/2022:14:47:36 -0800] "GET /Datasets%20Description/?C=D;O=A HTTP/1.1" 200 633 "-" "Mozilla/5.0 (compatible; AhrefsBot/7.0; +http://ahrefs.com/robot/)" 
40.77.167.74 - - [30/Nov/2022:14:47:47 -0800] "GET /self.logs/2016/access.log.2016-02-25.gz HTTP/1.1" 200 11505 "-" "Mozilla/5.0 (compatible; bingbot/2.0; +http://www.bing.com/bingbot.htm)" 
40.77.167.74 - - [30/Nov/2022:14:49:07 -0800] "GET /self.logs/access.log.2022-01-19.gz HTTP/1.1" 200 17295 "-" "Mozilla/5.0 AppleWebKit/537.36 (KHTML, like Gecko; compatible; bingbot/2.0; +http://www.bing.com/bingbot.htm) Chrome/103.0.5060.134 Safari/537.36" 
40.77.167.44 - - [30/Nov/2022:14:50:28 -0800] "GET /self.logs/access.log.2019-08-07.gz HTTP/1.1" 200 17723 "-" "Mozilla/5.0 AppleWebKit/537.36 (KHTML, like Gecko; compatible; bingbot/2.0; +http://www.bing.com/bingbot.htm) Chrome/103.0.5060.134 Safari/537.36" 
40.77.167.63 - - [30/Nov/2022:14:52:43 -0800] "GET /self.logs/2016/access.log.2016-05-03.gz HTTP/1.1" 200 8807 "-" "Mozilla/5.0 AppleWebKit/537.36 (KHTML, like Gecko; compatible; bingbot/2.0; +http://www.bing.com/bingbot.htm) Chrome/103.0.5060.134 Safari/537.36" 
194.93.0.40 - - [30/Nov/2022:14:55:05 -0800] "GET /robots.txt HTTP/1.0" 200 340 "-" "Mozilla/4.0 (compatible; fluid/0.0; +http://www.leak.info/bot.html)" 
40.77.167.63 - - [30/Nov/2022:14:57:53 -0800] "GET /self.logs/2016/error.log.2016-06-30.gz HTTP/1.1" 200 1073 "-" "Mozilla/5.0 (compatible; bingbot/2.0; +http://www.bing.com/bingbot.htm)" 
114.119.143.82 - - [30/Nov/2022:14:58:22 -0800] "GET /self.logs/access.log.2020-01-02.gz HTTP/1.1" 200 29329 "-" "Mozilla/5.0 (compatible;PetalBot;+https://webmaster.petalsearch.com/site/petalbot)" 
40.77.167.69 - - [30/Nov/2022:15:00:01 -0800] "GET /self.logs/2016/error.log.2016-12-13.gz HTTP/1.1" 200 726 "-" "Mozilla/5.0 (compatible; bingbot/2.0; +http://www.bing.com/bingbot.htm)" 
157.55.39.209 - - [30/Nov/2022:15:01:46 -0800] "GET /self.logs/2016/error.log.2016-07-17.gz HTTP/1.1" 200 974 "-" "Mozilla/5.0 (compatible; bingbot/2.0; +http://www.bing.com/bingbot.htm)" 
157.55.39.49 - - [30/Nov/2022:15:02:13 -0800] "GET /self.logs/access.log.2020-02-20.gz HTTP/1.1" 200 15284 "-" "Mozilla/5.0 AppleWebKit/537.36 (KHTML, like Gecko; compatible; bingbot/2.0; +http://www.bing.com/bingbot.htm) Chrome/103.0.5060.134 Safari/537.36" 
157.55.39.209 - - [30/Nov/2022:15:04:06 -0800] "GET /self.logs/ HTTP/1.1" 200 39919 "-" "Mozilla/5.0 (compatible; bingbot/2.0; +http://www.bing.com/bingbot.htm)" 
157.55.39.209 - - [30/Nov/2022:15:04:17 -0800] "GET /self.logs/2016/access.log.2016-09-19.gz HTTP/1.1" 200 8075 "-" "Mozilla/5.0 (compatible; bingbot/2.0; +http://www.bing.com/bingbot.htm)" 
157.55.39.49 - - [30/Nov/2022:15:04:42 -0800] "GET /self.logs/access.log.2022-01-27.gz HTTP/1.1" 200 12591 "-" "Mozilla/5.0 (compatible; bingbot/2.0; +http://www.bing.com/bingbot.htm)" 
40.77.167.74 - - [30/Nov/2022:15:08:29 -0800] "GET /self.logs/2016/error.log.2016-06-08.gz HTTP/1.1" 200 1066 "-" "Mozilla/5.0 AppleWebKit/537.36 (KHTML, like Gecko; compatible; bingbot/2.0; +http://www.bing.com/bingbot.htm) Chrome/103.0.5060.134 Safari/537.36" 
120.77.62.147 - - [30/Nov/2022:15:09:17 -0800] "GET / HTTP/1.1" 301 419 "http://www.ymwears.cn" "Mozilla/5.0 (compatible; Googlebot/2.1; +http://www.google.com/bot.html)" 
120.77.62.147 - - [30/Nov/2022:15:09:18 -0800] "GET / HTTP/1.1" 200 49089 "http://www.ymwears.cn" "Mozilla/5.0 (compatible; Googlebot/2.1; +http://www.google.com/bot.html)" 
73.170.253.221 - - [30/Nov/2022:15:10:21 -0800] "GET / HTTP/1.1" 200 13185 "-" "Mozilla/5.0 (Macintosh; Intel Mac OS X 10_15_7) AppleWebKit/605.1.15 (KHTML, like Gecko) Version/16.1 Safari/605.1.15" 
73.170.253.221 - - [30/Nov/2022:15:10:21 -0800] "GET /css/style.css HTTP/1.1" 404 305 "http://www.secrepo.com/" "Mozilla/5.0 (Macintosh; Intel Mac OS X 10_15_7) AppleWebKit/605.1.15 (KHTML, like Gecko) Version/16.1 Safari/605.1.15" 
117.27.119.240 - - [30/Nov/2022:15:10:36 -0800] "GET / HTTP/1.1" 301 438 "-" "Mozilla/5.0 (Macintosh; Intel Mac OS X 10_13_6) AppleWebKit/537.36 (KHTML, like Gecko) Chrome/73.0.3683.103 Safari/537.36" 
122.239.182.244 - - [30/Nov/2022:15:10:38 -0800] "GET / HTTP/1.1" 200 13148 "-" "Mozilla/5.0 (Macintosh; Intel Mac OS X 10_13_6) AppleWebKit/537.36 (KHTML, like Gecko) Chrome/73.0.3683.103 Safari/537.36" 
60.188.10.52 - - [30/Nov/2022:15:10:38 -0800] "GET /css/style.css HTTP/1.1" 404 291 "http://www.secrepo.com/" "Mozilla/5.0 (Macintosh; Intel Mac OS X 10_13_6) AppleWebKit/537.36 (KHTML, like Gecko) Chrome/73.0.3683.103 Safari/537.36" 
40.77.167.44 - - [30/Nov/2022:15:13:20 -0800] "GET /self.logs/access.log.2021-10-18.gz HTTP/1.1" 200 11531 "-" "Mozilla/5.0 AppleWebKit/537.36 (KHTML, like Gecko; compatible; bingbot/2.0; +http://www.bing.com/bingbot.htm) Chrome/103.0.5060.134 Safari/537.36" 
51.222.253.18 - - [30/Nov/2022:15:14:18 -0800] "GET /robots.txt HTTP/1.1" 200 333 "-" "Mozilla/5.0 (compatible; AhrefsBot/7.0; +http://ahrefs.com/robot/)" 
51.222.253.17 - - [30/Nov/2022:15:14:19 -0800] "GET /Datasets%20Description/?C=S;O=A HTTP/1.1" 200 633 "-" "Mozilla/5.0 (compatible; AhrefsBot/7.0; +http://ahrefs.com/robot/)" 
40.77.167.44 - - [30/Nov/2022:15:14:39 -0800] "GET /self.logs/error.log.2020-03-29.gz HTTP/1.1" 200 885 "-" "Mozilla/5.0 (compatible; bingbot/2.0; +http://www.bing.com/bingbot.htm)" 
40.77.167.44 - - [30/Nov/2022:15:16:41 -0800] "GET /self.logs/2016/error.log.2016-01-29.gz HTTP/1.1" 200 732 "-" "Mozilla/5.0 (compatible; bingbot/2.0; +http://www.bing.com/bingbot.htm)" 
40.77.167.74 - - [30/Nov/2022:15:16:49 -0800] "GET /self.logs/access.log.2022-04-23.gz HTTP/1.1" 200 13623 "-" "Mozilla/5.0 AppleWebKit/537.36 (KHTML, like Gecko; compatible; bingbot/2.0; +http://www.bing.com/bingbot.htm) Chrome/103.0.5060.134 Safari/537.36" 
157.55.39.49 - - [30/Nov/2022:15:17:03 -0800] "GET /self.logs/error.log.2018-06-23.gz HTTP/1.1" 200 5587 "-" "Mozilla/5.0 AppleWebKit/537.36 (KHTML, like Gecko; compatible; bingbot/2.0; +http://www.bing.com/bingbot.htm) Chrome/103.0.5060.134 Safari/537.36" 
157.55.39.209 - - [30/Nov/2022:15:18:19 -0800] "GET /self.logs/access.log.2020-04-16.gz HTTP/1.1" 200 11658 "-" "Mozilla/5.0 AppleWebKit/537.36 (KHTML, like Gecko; compatible; bingbot/2.0; +http://www.bing.com/bingbot.htm) Chrome/103.0.5060.134 Safari/537.36" 
40.77.167.44 - - [30/Nov/2022:15:20:01 -0800] "GET /self.logs/error.log.2017-11-24.gz HTTP/1.1" 200 2334 "-" "Mozilla/5.0 AppleWebKit/537.36 (KHTML, like Gecko; compatible; bingbot/2.0; +http://www.bing.com/bingbot.htm) Chrome/103.0.5060.134 Safari/537.36" 
40.77.167.44 - - [30/Nov/2022:15:20:41 -0800] "GET /self.logs/error.log.2020-06-24 HTTP/1.1" 200 351 "-" "Mozilla/5.0 AppleWebKit/537.36 (KHTML, like Gecko; compatible; bingbot/2.0; +http://www.bing.com/bingbot.htm) Chrome/103.0.5060.134 Safari/537.36" 
40.77.167.44 - - [30/Nov/2022:15:21:11 -0800] "GET /self.logs/error.log.2021-02-11.gz HTTP/1.1" 200 1192 "-" "Mozilla/5.0 (compatible; bingbot/2.0; +http://www.bing.com/bingbot.htm)" 
157.55.39.49 - - [30/Nov/2022:15:30:25 -0800] "GET /self.logs/access.log.2020-10-21.gz HTTP/1.1" 200 13756 "-" "Mozilla/5.0 (compatible; bingbot/2.0; +http://www.bing.com/bingbot.htm)" 
182.204.183.124 - - [30/Nov/2022:15:31:27 -0800] "GET / HTTP/1.1" 200 13148 "-" "Mozilla/5.0 (Macintosh; Intel Mac OS X 10_13_6) AppleWebKit/537.36 (KHTML, like Gecko) Chrome/73.0.3683.103 Safari/537.36" 
60.188.10.147 - - [30/Nov/2022:15:31:28 -0800] "GET /css/style.css HTTP/1.1" 404 291 "http://www.secrepo.com/" "Mozilla/5.0 (Macintosh; Intel Mac OS X 10_13_6) AppleWebKit/537.36 (KHTML, like Gecko) Chrome/73.0.3683.103 Safari/537.36" 
40.77.167.63 - - [30/Nov/2022:15:32:26 -0800] "GET /self.logs/2016/error.log.2016-07-18.gz HTTP/1.1" 200 868 "-" "Mozilla/5.0 (compatible; bingbot/2.0; +http://www.bing.com/bingbot.htm)" 
157.55.39.49 - - [30/Nov/2022:15:33:45 -0800] "GET /self.logs/2016/access.log.2016-12-05.gz HTTP/1.1" 200 14165 "-" "Mozilla/5.0 (compatible; bingbot/2.0; +http://www.bing.com/bingbot.htm)" 
40.77.167.44 - - [30/Nov/2022:15:38:41 -0800] "GET /self.logs/error.log.2019-03-15.gz HTTP/1.1" 200 5128 "-" "Mozilla/5.0 AppleWebKit/537.36 (KHTML, like Gecko; compatible; bingbot/2.0; +http://www.bing.com/bingbot.htm) Chrome/103.0.5060.134 Safari/537.36" 
40.77.167.63 - - [30/Nov/2022:15:39:36 -0800] "GET /self.logs/access.log.2022-04-19.gz HTTP/1.1" 200 12965 "-" "Mozilla/5.0 AppleWebKit/537.36 (KHTML, like Gecko; compatible; bingbot/2.0; +http://www.bing.com/bingbot.htm) Chrome/103.0.5060.134 Safari/537.36" 
40.77.167.44 - - [30/Nov/2022:15:40:42 -0800] "GET / HTTP/1.1" 200 13185 "-" "Mozilla/5.0 AppleWebKit/537.36 (KHTML, like Gecko; compatible; bingbot/2.0; +http://www.bing.com/bingbot.htm) Chrome/103.0.5060.134 Safari/537.36" 
40.77.167.44 - - [30/Nov/2022:15:40:43 -0800] "GET /self.logs/access.log.2020-05-25.gz HTTP/1.1" 200 12230 "-" "Mozilla/5.0 (compatible; bingbot/2.0; +http://www.bing.com/bingbot.htm)" 
157.55.39.49 - - [30/Nov/2022:15:41:15 -0800] "GET /css/style.css HTTP/1.1" 404 328 "-" "Mozilla/5.0 (compatible; bingbot/2.0; +http://www.bing.com/bingbot.htm)" 
40.77.167.44 - - [30/Nov/2022:15:42:13 -0800] "GET /self.logs/error.log.2018-01-26.gz HTTP/1.1" 200 2796 "-" "Mozilla/5.0 (compatible; bingbot/2.0; +http://www.bing.com/bingbot.htm)" 
157.55.39.209 - - [30/Nov/2022:15:42:22 -0800] "GET /self.logs/ HTTP/1.1" 200 39919 "-" "Mozilla/5.0 AppleWebKit/537.36 (KHTML, like Gecko; compatible; bingbot/2.0; +http://www.bing.com/bingbot.htm) Chrome/103.0.5060.134 Safari/537.36" 
157.55.39.209 - - [30/Nov/2022:15:42:50 -0800] "GET /self.logs/access.log.2018-09-21.gz HTTP/1.1" 200 44125 "-" "Mozilla/5.0 AppleWebKit/537.36 (KHTML, like Gecko; compatible; bingbot/2.0; +http://www.bing.com/bingbot.htm) Chrome/103.0.5060.134 Safari/537.36" 
157.55.39.209 - - [30/Nov/2022:15:44:11 -0800] "GET /self.logs/access.log.2021-01-16.gz HTTP/1.1" 200 23295 "-" "Mozilla/5.0 (compatible; bingbot/2.0; +http://www.bing.com/bingbot.htm)" 
40.77.167.63 - - [30/Nov/2022:15:44:17 -0800] "GET /self.logs/2016/error.log.2016-12-11.gz HTTP/1.1" 200 980 "-" "Mozilla/5.0 (compatible; bingbot/2.0; +http://www.bing.com/bingbot.htm)" 
40.77.167.63 - - [30/Nov/2022:15:46:18 -0800] "GET /self.logs/error.log.2018-10-08.gz HTTP/1.1" 200 4676 "-" "Mozilla/5.0 AppleWebKit/537.36 (KHTML, like Gecko; compatible; bingbot/2.0; +http://www.bing.com/bingbot.htm) Chrome/103.0.5060.134 Safari/537.36" 
114.119.129.235 - - [30/Nov/2022:15:47:34 -0800] "GET /self.logs/error.log.2017-12-05.gz HTTP/1.1" 200 2750 "-" "Mozilla/5.0 (compatible;PetalBot;+https://webmaster.petalsearch.com/site/petalbot)" 
51.222.253.3 - - [30/Nov/2022:15:48:27 -0800] "GET /Datasets%20Description/PE_malware/?C=S;O=A HTTP/1.1" 200 642 "-" "Mozilla/5.0 (compatible; AhrefsBot/7.0; +http://ahrefs.com/robot/)" 
40.77.167.69 - - [30/Nov/2022:15:48:36 -0800] "GET /self.logs/2016/access.log.2016-07-04.gz HTTP/1.1" 200 10699 "-" "Mozilla/5.0 (compatible; bingbot/2.0; +http://www.bing.com/bingbot.htm)" 
40.77.167.74 - - [30/Nov/2022:15:51:13 -0800] "GET /self.logs/access.log.2018-03-21.gz HTTP/1.1" 200 22205 "-" "Mozilla/5.0 (compatible; bingbot/2.0; +http://www.bing.com/bingbot.htm)" 
40.77.167.69 - - [30/Nov/2022:15:51:17 -0800] "GET /self.logs/access.log.2020-12-20.gz HTTP/1.1" 200 23766 "-" "Mozilla/5.0 (compatible; bingbot/2.0; +http://www.bing.com/bingbot.htm)" 
114.119.149.71 - - [30/Nov/2022:15:51:49 -0800] "GET /self.logs/error.log.2020-09-08 HTTP/1.1" 200 351 "http://www.secrepo.com/self.logs?C=N%3BO%3DD" "Mozilla/5.0 (Linux; Android 7.0;) AppleWebKit/537.36 (KHTML, like Gecko) Mobile Safari/537.36 (compatible; PetalBot;+https://webmaster.petalsearch.com/site/petalbot)" 
40.77.167.74 - - [30/Nov/2022:15:54:13 -0800] "GET /self.logs/access.log.2021-08-30.gz HTTP/1.1" 200 16703 "-" "Mozilla/5.0 (compatible; bingbot/2.0; +http://www.bing.com/bingbot.htm)" 
114.119.141.127 - - [30/Nov/2022:15:54:45 -0800] "GET /self.logs/error.log.2020-01-17 HTTP/1.1" 200 351 "http://www.secrepo.com/self.logs?C=N%3BO%3DD" "Mozilla/5.0 (Linux; Android 7.0;) AppleWebKit/537.36 (KHTML, like Gecko) Mobile Safari/537.36 (compatible; PetalBot;+https://webmaster.petalsearch.com/site/petalbot)" 
40.77.167.63 - - [30/Nov/2022:15:54:48 -0800] "GET /self.logs/access.log.2020-09-18.gz HTTP/1.1" 200 22582 "-" "Mozilla/5.0 AppleWebKit/537.36 (KHTML, like Gecko; compatible; bingbot/2.0; +http://www.bing.com/bingbot.htm) Chrome/103.0.5060.134 Safari/537.36" 
13.236.57.85 - - [30/Nov/2022:15:56:00 -0800] "GET /Datasets%20Description/PE_malware/VirusShare.html HTTP/1.1" 200 1651 "-" "Mozilla/5.0 (X11; Linux x86_64; rv:91.0) Gecko/20100101 Firefox/91.0" 
13.236.57.85 - - [30/Nov/2022:15:56:00 -0800] "GET /favicon.ico HTTP/1.1" 200 391 "http://www.secrepo.com/Datasets%20Description/PE_malware/VirusShare.html" "Mozilla/5.0 (X11; Linux x86_64; rv:91.0) Gecko/20100101 Firefox/91.0" 
114.119.155.225 - - [30/Nov/2022:15:58:46 -0800] "GET /self.logs/access.log.2020-10-11.gz HTTP/1.1" 200 15737 "-" "Mozilla/5.0 (compatible;PetalBot;+https://webmaster.petalsearch.com/site/petalbot)" 
40.77.167.63 - - [30/Nov/2022:16:03:08 -0800] "GET /self.logs/2016/access.log.2016-05-12.gz HTTP/1.1" 200 14572 "-" "Mozilla/5.0 (compatible; bingbot/2.0; +http://www.bing.com/bingbot.htm)" 
40.77.167.44 - - [30/Nov/2022:16:03:35 -0800] "GET /self.logs/error.log.2020-02-27 HTTP/1.1" 200 351 "-" "Mozilla/5.0 AppleWebKit/537.36 (KHTML, like Gecko; compatible; bingbot/2.0; +http://www.bing.com/bingbot.htm) Chrome/103.0.5060.134 Safari/537.36" 
101.67.49.67 - - [30/Nov/2022:16:04:07 -0800] "GET /robots.txt HTTP/1.1" 200 340 "-" "YisouSpider" 
101.67.50.2 - - [30/Nov/2022:16:04:23 -0800] "GET /css/style.css HTTP/1.1" 404 291 "http://www.secrepo.com/" "YisouSpider" 
37.218.244.251 - - [30/Nov/2022:16:06:41 -0800] "GET / HTTP/1.1" 200 13185 "-" "Mozilla/5.0 (X11; Fedora; Linux x86_64; rv:102.0) Gecko/20100101 Firefox/102.0" 
37.218.244.251 - - [30/Nov/2022:16:06:42 -0800] "GET /data HTTP/1.1" 404 328 "http://www.secrepo.com/" "Mozilla/5.0 (X11; Fedora; Linux x86_64; rv:102.0) Gecko/20100101 Firefox/102.0" 
37.218.244.251 - - [30/Nov/2022:16:06:42 -0800] "GET /ftp://download.iwlab.foi.se/dataset/ HTTP/1.1" 404 328 "http://www.secrepo.com/" "Mozilla/5.0 (X11; Fedora; Linux x86_64; rv:102.0) Gecko/20100101 Firefox/102.0" 
37.218.244.251 - - [30/Nov/2022:16:06:42 -0800] "GET / HTTP/1.1" 301 475 "http://www.secrepo.com/" "Mozilla/5.0 (X11; Fedora; Linux x86_64; rv:102.0) Gecko/20100101 Firefox/102.0" 
37.218.244.251 - - [30/Nov/2022:16:06:42 -0800] "GET / HTTP/1.1" 200 13185 "http://secrepo.com" "Mozilla/5.0 (X11; Fedora; Linux x86_64; rv:102.0) Gecko/20100101 Firefox/102.0" 
37.218.244.251 - - [30/Nov/2022:16:06:43 -0800] "GET /Security-Data-Analysis/Lab_1/conn.log.zip HTTP/1.1" 200 6839847 "http://www.secrepo.com/" "Mozilla/5.0 (X11; Fedora; Linux x86_64; rv:102.0) Gecko/20100101 Firefox/102.0" 
37.218.244.251 - - [30/Nov/2022:16:06:45 -0800] "GET /maccdc2012/conn.log.gz HTTP/1.1" 200 7297830 "http://www.secrepo.com/" "Mozilla/5.0 (X11; Fedora; Linux x86_64; rv:102.0) Gecko/20100101 Firefox/102.0" 
37.218.244.251 - - [30/Nov/2022:16:06:47 -0800] "GET /honeypot/BSidesDFW%20-%202014.ipynb HTTP/1.1" 200 930921 "http://www.secrepo.com/" "Mozilla/5.0 (X11; Fedora; Linux x86_64; rv:102.0) Gecko/20100101 Firefox/102.0" 
37.218.244.251 - - [30/Nov/2022:16:06:47 -0800] "GET /maccdc2012/dhcp.log.gz HTTP/1.1" 200 44977 "http://www.secrepo.com/" "Mozilla/5.0 (X11; Fedora; Linux x86_64; rv:102.0) Gecko/20100101 Firefox/102.0" 
37.218.244.251 - - [30/Nov/2022:16:06:48 -0800] "GET /honeypot/honeypot.json.zip HTTP/1.1" 200 5926599 "http://www.secrepo.com/" "Mozilla/5.0 (X11; Fedora; Linux x86_64; rv:102.0) Gecko/20100101 Firefox/102.0" 
37.218.244.251 - - [30/Nov/2022:16:06:55 -0800] "GET /Datasets%20Description/Network/dhcp.html HTTP/1.1" 200 1461 "http://www.secrepo.com/" "Mozilla/5.0 (X11; Fedora; Linux x86_64; rv:102.0) Gecko/20100101 Firefox/102.0" 
37.218.244.251 - - [30/Nov/2022:16:06:55 -0800] "GET /auth.log/auth.log.gz HTTP/1.1" 200 615679 "http://www.secrepo.com/" "Mozilla/5.0 (X11; Fedora; Linux x86_64; rv:102.0) Gecko/20100101 Firefox/102.0" 
37.218.244.251 - - [30/Nov/2022:16:06:57 -0800] "GET /maccdc2012/dns.log.gz HTTP/1.1" 200 6305760 "http://www.secrepo.com/" "Mozilla/5.0 (X11; Fedora; Linux x86_64; rv:102.0) Gecko/20100101 Firefox/102.0" 
40.77.167.44 - - [30/Nov/2022:16:07:05 -0800] "GET /self.logs/error.log.2019-11-13.gz HTTP/1.1" 200 1150 "-" "Mozilla/5.0 (compatible; bingbot/2.0; +http://www.bing.com/bingbot.htm)" 
37.218.244.251 - - [30/Nov/2022:16:07:01 -0800] "GET /squid/access.log.gz HTTP/1.1" 200 6222861 "http://www.secrepo.com/" "Mozilla/5.0 (X11; Fedora; Linux x86_64; rv:102.0) Gecko/20100101 Firefox/102.0" 
37.218.244.251 - - [30/Nov/2022:16:07:05 -0800] "GET /Datasets%20Description/Network/dns.html HTTP/1.1" 200 1543 "http://www.secrepo.com/" "Mozilla/5.0 (X11; Fedora; Linux x86_64; rv:102.0) Gecko/20100101 Firefox/102.0" 
37.218.244.251 - - [30/Nov/2022:16:07:06 -0800] "GET /self.logs/ HTTP/1.1" 200 39919 "http://www.secrepo.com/" "Mozilla/5.0 (X11; Fedora; Linux x86_64; rv:102.0) Gecko/20100101 Firefox/102.0" 
37.218.244.251 - - [30/Nov/2022:16:07:12 -0800] "GET /maccdc2012/files.log.gz HTTP/1.1" 200 6061140 "http://www.secrepo.com/" "Mozilla/5.0 (X11; Fedora; Linux x86_64; rv:102.0) Gecko/20100101 Firefox/102.0" 
37.218.244.251 - - [30/Nov/2022:16:07:19 -0800] "GET /Datasets%20Description/PE_malware/OPCleaver.html HTTP/1.1" 200 1458 "http://www.secrepo.com/" "Mozilla/5.0 (X11; Fedora; Linux x86_64; rv:102.0) Gecko/20100101 Firefox/102.0" 
37.218.244.251 - - [30/Nov/2022:16:07:19 -0800] "GET /Datasets%20Description/Network/files.html HTTP/1.1" 200 1532 "http://www.secrepo.com/" "Mozilla/5.0 (X11; Fedora; Linux x86_64; rv:102.0) Gecko/20100101 Firefox/102.0" 
37.218.244.251 - - [30/Nov/2022:16:07:20 -0800] "GET /pe_static/op-cleaver.zip HTTP/1.1" 200 710176 "http://www.secrepo.com/" "Mozilla/5.0 (X11; Fedora; Linux x86_64; rv:102.0) Gecko/20100101 Firefox/102.0" 
37.218.244.251 - - [30/Nov/2022:16:07:21 -0800] "GET /maccdc2012/ftp.log.gz HTTP/1.1" 200 127761 "http://www.secrepo.com/" "Mozilla/5.0 (X11; Fedora; Linux x86_64; rv:102.0) Gecko/20100101 Firefox/102.0" 
37.218.244.251 - - [30/Nov/2022:16:07:22 -0800] "GET /Datasets%20Description/PE_malware/VirusShare.html HTTP/1.1" 200 1651 "http://www.secrepo.com/" "Mozilla/5.0 (X11; Fedora; Linux x86_64; rv:102.0) Gecko/20100101 Firefox/102.0" 
37.218.244.251 - - [30/Nov/2022:16:07:22 -0800] "GET /Datasets%20Description/Network/ftp.html HTTP/1.1" 200 1530 "http://www.secrepo.com/" "Mozilla/5.0 (X11; Fedora; Linux x86_64; rv:102.0) Gecko/20100101 Firefox/102.0" 
37.218.244.251 - - [30/Nov/2022:16:07:22 -0800] "GET /pe_static/apt1.zip HTTP/1.1" 200 1983439 "http://www.secrepo.com/" "Mozilla/5.0 (X11; Fedora; Linux x86_64; rv:102.0) Gecko/20100101 Firefox/102.0" 
37.218.244.251 - - [30/Nov/2022:16:07:25 -0800] "GET /maccdc2012/http.log.gz HTTP/1.1" 200 6044832 "http://www.secrepo.com/" "Mozilla/5.0 (X11; Fedora; Linux x86_64; rv:102.0) Gecko/20100101 Firefox/102.0" 
37.218.244.251 - - [30/Nov/2022:16:07:29 -0800] "GET /Datasets%20Description/PE_malware/Zeus.html HTTP/1.1" 200 1698 "http://www.secrepo.com/" "Mozilla/5.0 (X11; Fedora; Linux x86_64; rv:102.0) Gecko/20100101 Firefox/102.0" 
37.218.244.251 - - [30/Nov/2022:16:07:30 -0800] "GET /Datasets%20Description/Network/http.html HTTP/1.1" 200 1709 "http://www.secrepo.com/" "Mozilla/5.0 (X11; Fedora; Linux x86_64; rv:102.0) Gecko/20100101 Firefox/102.0" 
37.218.244.251 - - [30/Nov/2022:16:07:30 -0800] "GET /pe_static/zeus.zip HTTP/1.1" 200 6182091 "http://www.secrepo.com/" "Mozilla/5.0 (X11; Fedora; Linux x86_64; rv:102.0) Gecko/20100101 Firefox/102.0" 
37.218.244.251 - - [30/Nov/2022:16:07:35 -0800] "GET / HTTP/1.1" 200 13185 "http://www.secrepo.com/" "Mozilla/5.0 (X11; Fedora; Linux x86_64; rv:102.0) Gecko/20100101 Firefox/102.0" 
37.218.244.251 - - [30/Nov/2022:16:07:35 -0800] "GET /scada/scada_logs.zip HTTP/1.1" 200 365012 "http://www.secrepo.com/" "Mozilla/5.0 (X11; Fedora; Linux x86_64; rv:102.0) Gecko/20100101 Firefox/102.0" 
37.218.244.251 - - [30/Nov/2022:16:07:36 -0800] "GET /maccdc2012/notice.log.gz HTTP/1.1" 200 20797 "http://www.secrepo.com/" "Mozilla/5.0 (X11; Fedora; Linux x86_64; rv:102.0) Gecko/20100101 Firefox/102.0" 
37.218.244.251 - - [30/Nov/2022:16:07:36 -0800] "GET /domaindata/domainmovement.zip HTTP/1.1" 200 5895342 "http://www.secrepo.com/" "Mozilla/5.0 (X11; Fedora; Linux x86_64; rv:102.0) Gecko/20100101 Firefox/102.0" 
37.218.244.251 - - [30/Nov/2022:16:07:41 -0800] "GET /Datasets%20Description/Network/notice.html HTTP/1.1" 200 1650 "http://www.secrepo.com/" "Mozilla/5.0 (X11; Fedora; Linux x86_64; rv:102.0) Gecko/20100101 Firefox/102.0" 
37.218.244.251 - - [30/Nov/2022:16:07:41 -0800] "GET /misc/zeus_dga_domains.txt.zip HTTP/1.1" 200 592381 "http://www.secrepo.com/" "Mozilla/5.0 (X11; Fedora; Linux x86_64; rv:102.0) Gecko/20100101 Firefox/102.0" 
37.218.244.251 - - [30/Nov/2022:16:07:43 -0800] "GET /maccdc2012/signatures.log.gz HTTP/1.1" 200 668 "http://www.secrepo.com/" "Mozilla/5.0 (X11; Fedora; Linux x86_64; rv:102.0) Gecko/20100101 Firefox/102.0" 
37.218.244.251 - - [30/Nov/2022:16:07:43 -0800] "GET /tg/tg_snort_full.7z HTTP/1.1" 200 5883111 "http://www.secrepo.com/" "Mozilla/5.0 (X11; Fedora; Linux x86_64; rv:102.0) Gecko/20100101 Firefox/102.0" 
37.218.244.251 - - [30/Nov/2022:16:07:47 -0800] "GET /Datasets%20Description/Network/signatures.html HTTP/1.1" 404 328 "http://www.secrepo.com/" "Mozilla/5.0 (X11; Fedora; Linux x86_64; rv:102.0) Gecko/20100101 Firefox/102.0" 
37.218.244.251 - - [30/Nov/2022:16:07:47 -0800] "GET /tg/tg_snort_fast.7z HTTP/1.1" 200 4274204 "http://www.secrepo.com/" "Mozilla/5.0 (X11; Fedora; Linux x86_64; rv:102.0) Gecko/20100101 Firefox/102.0" 
37.218.244.251 - - [30/Nov/2022:16:07:51 -0800] "GET /maccdc2012/smtp.log.gz HTTP/1.1" 200 6956 "http://www.secrepo.com/" "Mozilla/5.0 (X11; Fedora; Linux x86_64; rv:102.0) Gecko/20100101 Firefox/102.0" 
37.218.244.251 - - [30/Nov/2022:16:07:51 -0800] "GET /Datasets%20Description/HTML_Bro_log_3 HTTP/1.1" 301 619 "http://www.secrepo.com/" "Mozilla/5.0 (X11; Fedora; Linux x86_64; rv:102.0) Gecko/20100101 Firefox/102.0" 
37.218.244.251 - - [30/Nov/2022:16:07:52 -0800] "GET /Datasets%20Description/HTML_Bro_log_3/ HTTP/1.1" 200 823 "http://www.secrepo.com/Datasets%20Description/HTML_Bro_log_3" "Mozilla/5.0 (X11; Fedora; Linux x86_64; rv:102.0) Gecko/20100101 Firefox/102.0" 
37.218.244.251 - - [30/Nov/2022:16:07:52 -0800] "GET /Datasets%20Description/Network/smtp.html HTTP/1.1" 200 1637 "http://www.secrepo.com/" "Mozilla/5.0 (X11; Fedora; Linux x86_64; rv:102.0) Gecko/20100101 Firefox/102.0" 
37.218.244.251 - - [30/Nov/2022:16:07:52 -0800] "GET /tg/c.zip HTTP/1.1" 200 5986395 "http://www.secrepo.com/" "Mozilla/5.0 (X11; Fedora; Linux x86_64; rv:102.0) Gecko/20100101 Firefox/102.0" 
37.218.244.251 - - [30/Nov/2022:16:07:56 -0800] "GET /maccdc2012/ssh.log.gz HTTP/1.1" 200 182567 "http://www.secrepo.com/" "Mozilla/5.0 (X11; Fedora; Linux x86_64; rv:102.0) Gecko/20100101 Firefox/102.0" 
37.218.244.251 - - [30/Nov/2022:16:07:57 -0800] "GET /Datasets%20Description/HTML_Bro_log_2 HTTP/1.1" 301 619 "http://www.secrepo.com/" "Mozilla/5.0 (X11; Fedora; Linux x86_64; rv:102.0) Gecko/20100101 Firefox/102.0" 
37.218.244.251 - - [30/Nov/2022:16:07:57 -0800] "GET /Datasets%20Description/HTML_Bro_log_2/ HTTP/1.1" 200 832 "http://www.secrepo.com/Datasets%20Description/HTML_Bro_log_2" "Mozilla/5.0 (X11; Fedora; Linux x86_64; rv:102.0) Gecko/20100101 Firefox/102.0" 
37.218.244.251 - - [30/Nov/2022:16:07:57 -0800] "GET /Datasets%20Description/Network/ssh.html HTTP/1.1" 200 1368 "http://www.secrepo.com/" "Mozilla/5.0 (X11; Fedora; Linux x86_64; rv:102.0) Gecko/20100101 Firefox/102.0" 
37.218.244.251 - - [30/Nov/2022:16:07:58 -0800] "GET /tg/b.zip HTTP/1.1" 200 6119577 "http://www.secrepo.com/" "Mozilla/5.0 (X11; Fedora; Linux x86_64; rv:102.0) Gecko/20100101 Firefox/102.0" 
40.77.167.74 - - [30/Nov/2022:16:08:04 -0800] "GET /self.logs/access.log.2020-12-18.gz HTTP/1.1" 200 19522 "-" "Mozilla/5.0 AppleWebKit/537.36 (KHTML, like Gecko; compatible; bingbot/2.0; +http://www.bing.com/bingbot.htm) Chrome/103.0.5060.134 Safari/537.36" 
37.218.244.251 - - [30/Nov/2022:16:08:03 -0800] "GET /maccdc2012/ssl.log.gz HTTP/1.1" 200 1311486 "http://www.secrepo.com/" "Mozilla/5.0 (X11; Fedora; Linux x86_64; rv:102.0) Gecko/20100101 Firefox/102.0" 
37.218.244.251 - - [30/Nov/2022:16:08:05 -0800] "GET /Datasets%20Description/HTML_Bro_log_1 HTTP/1.1" 301 619 "http://www.secrepo.com/" "Mozilla/5.0 (X11; Fedora; Linux x86_64; rv:102.0) Gecko/20100101 Firefox/102.0" 
37.218.244.251 - - [30/Nov/2022:16:08:06 -0800] "GET /Datasets%20Description/HTML_Bro_log_1/ HTTP/1.1" 200 834 "http://www.secrepo.com/Datasets%20Description/HTML_Bro_log_1" "Mozilla/5.0 (X11; Fedora; Linux x86_64; rv:102.0) Gecko/20100101 Firefox/102.0" 
37.218.244.251 - - [30/Nov/2022:16:08:06 -0800] "GET /Datasets%20Description/Network/ssl.html HTTP/1.1" 200 1585 "http://www.secrepo.com/" "Mozilla/5.0 (X11; Fedora; Linux x86_64; rv:102.0) Gecko/20100101 Firefox/102.0" 
37.218.244.251 - - [30/Nov/2022:16:08:06 -0800] "GET /tg/a.zip HTTP/1.1" 200 5993190 "http://www.secrepo.com/" "Mozilla/5.0 (X11; Fedora; Linux x86_64; rv:102.0) Gecko/20100101 Firefox/102.0" 
37.218.244.251 - - [30/Nov/2022:16:08:11 -0800] "GET /maccdc2012/tunnel.log.gz HTTP/1.1" 200 5282 "http://www.secrepo.com/" "Mozilla/5.0 (X11; Fedora; Linux x86_64; rv:102.0) Gecko/20100101 Firefox/102.0" 
37.218.244.251 - - [30/Nov/2022:16:08:11 -0800] "GET /maccdc2012/maccdc2012_full_alert.7z HTTP/1.1" 200 6135885 "http://www.secrepo.com/" "Mozilla/5.0 (X11; Fedora; Linux x86_64; rv:102.0) Gecko/20100101 Firefox/102.0" 
37.218.244.251 - - [30/Nov/2022:16:08:16 -0800] "GET /Datasets%20Description/Network/tunnel.html HTTP/1.1" 200 1470 "http://www.secrepo.com/" "Mozilla/5.0 (X11; Fedora; Linux x86_64; rv:102.0) Gecko/20100101 Firefox/102.0" 
37.218.244.251 - - [30/Nov/2022:16:08:16 -0800] "GET /maccdc2012/maccdc2012_fast_alert.7z HTTP/1.1" 200 6063858 "http://www.secrepo.com/" "Mozilla/5.0 (X11; Fedora; Linux x86_64; rv:102.0) Gecko/20100101 Firefox/102.0" 
37.218.244.251 - - [30/Nov/2022:16:08:20 -0800] "GET /maccdc2012/weird.log.gz HTTP/1.1" 200 1252854 "http://www.secrepo.com/" "Mozilla/5.0 (X11; Fedora; Linux x86_64; rv:102.0) Gecko/20100101 Firefox/102.0" 
37.218.244.251 - - [30/Nov/2022:16:08:23 -0800] "GET /Datasets%20Description/Network/weird.html HTTP/1.1" 200 1645 "http://www.secrepo.com/" "Mozilla/5.0 (X11; Fedora; Linux x86_64; rv:102.0) Gecko/20100101 Firefox/102.0" 
157.55.39.49 - - [30/Nov/2022:16:13:19 -0800] "GET /self.logs/2016/access.log.2016-09-12.gz HTTP/1.1" 200 12388 "-" "Mozilla/5.0 (compatible; bingbot/2.0; +http://www.bing.com/bingbot.htm)" 
157.55.39.209 - - [30/Nov/2022:16:13:14 -0800] "GET /self.logs/ HTTP/1.1" 200 39919 "-" "Mozilla/5.0 AppleWebKit/537.36 (KHTML, like Gecko; compatible; bingbot/2.0; +http://www.bing.com/bingbot.htm) Chrome/103.0.5060.134 Safari/537.36" 
157.55.39.49 - - [30/Nov/2022:16:14:20 -0800] "GET /self.logs/error.log.2020-05-07 HTTP/1.1" 200 351 "-" "Mozilla/5.0 AppleWebKit/537.36 (KHTML, like Gecko; compatible; bingbot/2.0; +http://www.bing.com/bingbot.htm) Chrome/103.0.5060.134 Safari/537.36" 
40.77.167.69 - - [30/Nov/2022:16:15:38 -0800] "GET /self.logs/error.log.2018-12-03.gz HTTP/1.1" 200 4394 "-" "Mozilla/5.0 AppleWebKit/537.36 (KHTML, like Gecko; compatible; bingbot/2.0; +http://www.bing.com/bingbot.htm) Chrome/103.0.5060.134 Safari/537.36" 
40.77.167.74 - - [30/Nov/2022:16:21:16 -0800] "GET /self.logs/2016/access.log.2016-02-19.gz HTTP/1.1" 200 7017 "-" "Mozilla/5.0 (compatible; bingbot/2.0; +http://www.bing.com/bingbot.htm)" 
185.191.171.43 - - [30/Nov/2022:16:21:21 -0800] "GET /robots.txt HTTP/1.1" 200 340 "-" "Mozilla/5.0 (compatible; SemrushBot/7~bl; +http://www.semrush.com/bot.html)" 
185.191.171.33 - - [30/Nov/2022:16:21:22 -0800] "GET /self.logs/error.log.2020-03-01 HTTP/1.1" 200 314 "-" "Mozilla/5.0 (compatible; SemrushBot/7~bl; +http://www.semrush.com/bot.html)" 
40.77.167.74 - - [30/Nov/2022:16:22:45 -0800] "GET /self.logs/error.log.2020-06-03 HTTP/1.1" 200 351 "-" "Mozilla/5.0 AppleWebKit/537.36 (KHTML, like Gecko; compatible; bingbot/2.0; +http://www.bing.com/bingbot.htm) Chrome/103.0.5060.134 Safari/537.36" 
94.74.127.96 - - [30/Nov/2022:16:24:25 -0800] "GET / HTTP/1.1" 200 13184 "-" "Mozilla/5.0 (Windows NT 10.0; WOW64) AppleWebKit/537.36 (KHTML, like Gecko) Chrome/63.0.3239.132 Safari/537.36" 
40.77.167.44 - - [30/Nov/2022:16:24:47 -0800] "GET /self.logs/access.log.2019-11-08.gz HTTP/1.1" 200 16463 "-" "Mozilla/5.0 (compatible; bingbot/2.0; +http://www.bing.com/bingbot.htm)" 
40.77.167.63 - - [30/Nov/2022:16:26:42 -0800] "GET /self.logs/2016/error.log.2016-06-09.gz HTTP/1.1" 200 1013 "-" "Mozilla/5.0 (compatible; bingbot/2.0; +http://www.bing.com/bingbot.htm)" 
148.251.139.87 - - [30/Nov/2022:16:28:30 -0800] "HEAD / HTTP/1.1" 200 381 "https://niiconsulting.com/checkmate/2016/07/ultra-short-guide-to-big-data-and-security/" "SEBot-WA" 
40.77.167.74 - - [30/Nov/2022:16:28:47 -0800] "GET /self.logs/error.log.2021-05-02.gz HTTP/1.1" 200 5723 "-" "Mozilla/5.0 AppleWebKit/537.36 (KHTML, like Gecko; compatible; bingbot/2.0; +http://www.bing.com/bingbot.htm) Chrome/103.0.5060.134 Safari/537.36" 
40.77.167.74 - - [30/Nov/2022:16:28:47 -0800] "GET /self.logs/access.log.2021-12-31.gz HTTP/1.1" 200 13249 "-" "Mozilla/5.0 (compatible; bingbot/2.0; +http://www.bing.com/bingbot.htm)" 
114.119.134.51 - - [30/Nov/2022:16:29:08 -0800] "GET /self.logs/error.log.2019-05-11.gz HTTP/1.1" 200 3661 "-" "Mozilla/5.0 (compatible;PetalBot;+https://webmaster.petalsearch.com/site/petalbot)" 
114.119.137.139 - - [30/Nov/2022:16:30:28 -0800] "GET /self.logs/error.log.2020-10-23 HTTP/1.1" 200 351 "http://www.secrepo.com/self.logs?C=N%3BO%3DD" "Mozilla/5.0 (Linux; Android 7.0;) AppleWebKit/537.36 (KHTML, like Gecko) Mobile Safari/537.36 (compatible; PetalBot;+https://webmaster.petalsearch.com/site/petalbot)" 
40.77.167.74 - - [30/Nov/2022:16:33:07 -0800] "GET /self.logs/error.log.2021-06-23.gz HTTP/1.1" 200 928 "-" "Mozilla/5.0 (compatible; bingbot/2.0; +http://www.bing.com/bingbot.htm)" 
157.55.39.209 - - [30/Nov/2022:16:33:25 -0800] "GET /self.logs/2016/error.log.2016-11-25.gz HTTP/1.1" 200 1247 "-" "Mozilla/5.0 (compatible; bingbot/2.0; +http://www.bing.com/bingbot.htm)" 
40.77.167.74 - - [30/Nov/2022:16:33:29 -0800] "GET /self.logs/error.log.2021-03-04.gz HTTP/1.1" 200 1716 "-" "Mozilla/5.0 AppleWebKit/537.36 (KHTML, like Gecko; compatible; bingbot/2.0; +http://www.bing.com/bingbot.htm) Chrome/103.0.5060.134 Safari/537.36" 
157.55.39.49 - - [30/Nov/2022:16:33:41 -0800] "GET /self.logs/access.log.2022-06-07.gz HTTP/1.1" 200 12740 "-" "Mozilla/5.0 (compatible; bingbot/2.0; +http://www.bing.com/bingbot.htm)" 
40.77.167.44 - - [30/Nov/2022:16:34:48 -0800] "GET /self.logs/error.log.2018-11-27.gz HTTP/1.1" 200 4111 "-" "Mozilla/5.0 AppleWebKit/537.36 (KHTML, like Gecko; compatible; bingbot/2.0; +http://www.bing.com/bingbot.htm) Chrome/103.0.5060.134 Safari/537.36" 
157.55.39.49 - - [30/Nov/2022:16:41:32 -0800] "GET /self.logs/2016/error.log.2016-09-11.gz HTTP/1.1" 200 872 "-" "Mozilla/5.0 (compatible; bingbot/2.0; +http://www.bing.com/bingbot.htm)" 
114.119.156.23 - - [30/Nov/2022:16:43:24 -0800] "GET /self.logs/error.log.2020-09-10 HTTP/1.1" 200 351 "http://www.secrepo.com/self.logs?C=N%3BO%3DD" "Mozilla/5.0 (Linux; Android 7.0;) AppleWebKit/537.36 (KHTML, like Gecko) Mobile Safari/537.36 (compatible; PetalBot;+https://webmaster.petalsearch.com/site/petalbot)" 
40.77.167.74 - - [30/Nov/2022:16:43:27 -0800] "GET /self.logs/2016/access.log.2016-06-14.gz HTTP/1.1" 200 14451 "-" "Mozilla/5.0 AppleWebKit/537.36 (KHTML, like Gecko; compatible; bingbot/2.0; +http://www.bing.com/bingbot.htm) Chrome/103.0.5060.134 Safari/537.36" 
40.77.167.69 - - [30/Nov/2022:16:43:31 -0800] "GET /self.logs/error.log.2021-04-03.gz HTTP/1.1" 200 8908 "-" "Mozilla/5.0 (compatible; bingbot/2.0; +http://www.bing.com/bingbot.htm)" 
40.77.167.69 - - [30/Nov/2022:16:43:31 -0800] "GET /self.logs/error.log.2019-07-30.gz HTTP/1.1" 200 1384 "-" "Mozilla/5.0 AppleWebKit/537.36 (KHTML, like Gecko; compatible; bingbot/2.0; +http://www.bing.com/bingbot.htm) Chrome/103.0.5060.134 Safari/537.36" 
157.55.39.209 - - [30/Nov/2022:16:43:38 -0800] "GET /self.logs/ HTTP/1.1" 200 39919 "-" "Mozilla/5.0 (compatible; bingbot/2.0; +http://www.bing.com/bingbot.htm)" 
40.77.167.44 - - [30/Nov/2022:16:44:49 -0800] "GET /self.logs/2016/error.log.2016-03-31.gz HTTP/1.1" 200 949 "-" "Mozilla/5.0 (compatible; bingbot/2.0; +http://www.bing.com/bingbot.htm)" 
40.77.167.74 - - [30/Nov/2022:16:45:57 -0800] "GET /self.logs/error.log.2019-10-17.gz HTTP/1.1" 200 818 "-" "Mozilla/5.0 AppleWebKit/537.36 (KHTML, like Gecko; compatible; bingbot/2.0; +http://www.bing.com/bingbot.htm) Chrome/103.0.5060.134 Safari/537.36" 
40.77.167.63 - - [30/Nov/2022:16:47:24 -0800] "GET /self.logs/2016/access.log.2016-02-11.gz HTTP/1.1" 200 9210 "-" "Mozilla/5.0 AppleWebKit/537.36 (KHTML, like Gecko; compatible; bingbot/2.0; +http://www.bing.com/bingbot.htm) Chrome/103.0.5060.134 Safari/537.36" 
51.222.253.3 - - [30/Nov/2022:16:53:32 -0800] "GET /Datasets%20Description/PE_malware/?C=D;O=A HTTP/1.1" 200 642 "-" "Mozilla/5.0 (compatible; AhrefsBot/7.0; +http://ahrefs.com/robot/)" 
183.147.89.232 - - [30/Nov/2022:16:55:00 -0800] "POST /inc/AspCms_AdvJs.asp HTTP/1.1" 429 476 "http://misc.yahoo.com.cn/" "Mozilla/5.0+(compatible;+Baispider/2.0;++http://www.bai.com/search/spider.html)" 
183.147.89.232 - - [30/Nov/2022:16:55:01 -0800] "POST /inc/AspCms_AdvJs.asp HTTP/1.1" 429 485 "http://misc.yahoo.com.cn/" "Mozilla/5.0+(compatible;+Baispider/2.0;++http://www.bai.com/search/spider.html)" 
40.77.167.63 - - [30/Nov/2022:16:56:35 -0800] "GET /self.logs/access.log.2019-10-06.gz HTTP/1.1" 200 16468 "-" "Mozilla/5.0 (compatible; bingbot/2.0; +http://www.bing.com/bingbot.htm)" 
98.158.95.110 - - [30/Nov/2022:16:57:12 -0800] "GET / HTTP/1.1" 200 13141 "https://link.csdn.net/?target=http%3A%2F%2Fwww.secrepo.com%2F" "Mozilla/5.0 (Windows NT 10.0; Win64; x64) AppleWebKit/537.36 (KHTML, like Gecko) Chrome/107.0.0.0 Safari/537.36" 
98.158.95.110 - - [30/Nov/2022:16:57:12 -0800] "GET /css/style.css HTTP/1.1" 404 250 "http://www.secrepo.com/" "Mozilla/5.0 (Windows NT 10.0; Win64; x64) AppleWebKit/537.36 (KHTML, like Gecko) Chrome/107.0.0.0 Safari/537.36" 
98.158.95.110 - - [30/Nov/2022:16:57:12 -0800] "GET /twitter-icon.png HTTP/1.1" 200 27872 "http://www.secrepo.com/" "Mozilla/5.0 (Windows NT 10.0; Win64; x64) AppleWebKit/537.36 (KHTML, like Gecko) Chrome/107.0.0.0 Safari/537.36" 
98.158.95.110 - - [30/Nov/2022:16:57:13 -0800] "GET /GitHub-Mark.png HTTP/1.1" 200 7478 "http://www.secrepo.com/" "Mozilla/5.0 (Windows NT 10.0; Win64; x64) AppleWebKit/537.36 (KHTML, like Gecko) Chrome/107.0.0.0 Safari/537.36" 
98.158.95.110 - - [30/Nov/2022:16:57:18 -0800] "GET /bootstrap/img/favicon.ico HTTP/1.1" 200 669 "http://www.secrepo.com/" "Mozilla/5.0 (Windows NT 10.0; Win64; x64) AppleWebKit/537.36 (KHTML, like Gecko) Chrome/107.0.0.0 Safari/537.36" 
40.77.167.69 - - [30/Nov/2022:16:59:51 -0800] "GET /self.logs/2016/error.log.2016-09-08.gz HTTP/1.1" 200 716 "-" "Mozilla/5.0 (compatible; bingbot/2.0; +http://www.bing.com/bingbot.htm)" 
98.158.95.110 - - [30/Nov/2022:17:02:23 -0800] "GET /css/style.css HTTP/1.1" 404 284 "http://www.secrepo.com/" "Mozilla/5.0 (Windows NT 10.0; Win64; x64) AppleWebKit/537.36 (KHTML, like Gecko) Chrome/107.0.0.0 Safari/537.36" 
98.158.95.110 - - [30/Nov/2022:17:02:29 -0800] "GET /css/style.css HTTP/1.1" 404 284 "http://www.secrepo.com/" "Mozilla/5.0 (Windows NT 10.0; Win64; x64) AppleWebKit/537.36 (KHTML, like Gecko) Chrome/107.0.0.0 Safari/537.36" 
98.158.95.110 - - [30/Nov/2022:17:02:41 -0800] "GET /css/style.css HTTP/1.1" 404 284 "http://www.secrepo.com/" "Mozilla/5.0 (Windows NT 10.0; Win64; x64) AppleWebKit/537.36 (KHTML, like Gecko) Chrome/107.0.0.0 Safari/537.36" 
98.158.95.110 - - [30/Nov/2022:17:02:47 -0800] "GET /css/style.css HTTP/1.1" 404 284 "http://www.secrepo.com/" "Mozilla/5.0 (Windows NT 10.0; Win64; x64) AppleWebKit/537.36 (KHTML, like Gecko) Chrome/107.0.0.0 Safari/537.36" 
157.55.39.209 - - [30/Nov/2022:17:03:19 -0800] "GET /self.logs/access.log.2020-09-04.gz HTTP/1.1" 200 10623 "-" "Mozilla/5.0 (compatible; bingbot/2.0; +http://www.bing.com/bingbot.htm)" 
114.119.128.208 - - [30/Nov/2022:17:04:58 -0800] "GET /self.logs/access.log.2019-08-04.gz HTTP/1.1" 200 20650 "-" "Mozilla/5.0 (compatible;PetalBot;+https://webmaster.petalsearch.com/site/petalbot)" 
40.77.167.74 - - [30/Nov/2022:17:05:40 -0800] "GET /self.logs/access.log.2021-08-09.gz HTTP/1.1" 200 23998 "-" "Mozilla/5.0 AppleWebKit/537.36 (KHTML, like Gecko; compatible; bingbot/2.0; +http://www.bing.com/bingbot.htm) Chrome/103.0.5060.134 Safari/537.36" 
