108.46.219.15 - - [12/Jan/2020:18:46:06 -0800] "GET / HTTP/1.1" 200 12662 "-" "Mozilla/5.0 (Macintosh; Intel Mac OS X 10_15_2) AppleWebKit/537.36 (KHTML, like Gecko) Chrome/79.0.3945.88 Safari/537.36" 
108.46.219.15 - - [12/Jan/2020:18:46:06 -0800] "GET /twitter-icon.png HTTP/1.1" 200 27810 "http://www.secrepo.com/" "Mozilla/5.0 (Macintosh; Intel Mac OS X 10_15_2) AppleWebKit/537.36 (KHTML, like Gecko) Chrome/79.0.3945.88 Safari/537.36" 
108.46.219.15 - - [12/Jan/2020:18:46:06 -0800] "GET /css/style.css HTTP/1.1" 404 271 "http://www.secrepo.com/" "Mozilla/5.0 (Macintosh; Intel Mac OS X 10_15_2) AppleWebKit/537.36 (KHTML, like Gecko) Chrome/79.0.3945.88 Safari/537.36" 
108.46.219.15 - - [12/Jan/2020:18:46:06 -0800] "GET /GitHub-Mark.png HTTP/1.1" 200 7450 "http://www.secrepo.com/" "Mozilla/5.0 (Macintosh; Intel Mac OS X 10_15_2) AppleWebKit/537.36 (KHTML, like Gecko) Chrome/79.0.3945.88 Safari/537.36" 
108.46.219.15 - - [12/Jan/2020:18:46:07 -0800] "GET /bootstrap/img/favicon.ico HTTP/1.1" 200 601 "http://www.secrepo.com/" "Mozilla/5.0 (Macintosh; Intel Mac OS X 10_15_2) AppleWebKit/537.36 (KHTML, like Gecko) Chrome/79.0.3945.88 Safari/537.36" 
108.46.219.15 - - [12/Jan/2020:18:46:19 -0800] "GET / HTTP/1.1" 200 12662 "http://www.secrepo.com/" "Mozilla/5.0 (Macintosh; Intel Mac OS X 10_15_2) AppleWebKit/537.36 (KHTML, like Gecko) Chrome/79.0.3945.88 Safari/537.36" 
108.46.219.15 - - [12/Jan/2020:18:46:19 -0800] "GET /css/style.css HTTP/1.1" 404 271 "http://www.secrepo.com/" "Mozilla/5.0 (Macintosh; Intel Mac OS X 10_15_2) AppleWebKit/537.36 (KHTML, like Gecko) Chrome/79.0.3945.88 Safari/537.36" 
108.46.219.15 - - [12/Jan/2020:18:46:24 -0800] "GET /css/style.css HTTP/1.1" 404 294 "http://www.secrepo.com/" "Mozilla/5.0 (Macintosh; Intel Mac OS X 10_15_2) AppleWebKit/537.36 (KHTML, like Gecko) Chrome/79.0.3945.88 Safari/537.36" 
108.46.219.15 - - [12/Jan/2020:18:47:13 -0800] "GET /self.logs/ HTTP/1.1" 200 20482 "http://www.secrepo.com/" "Mozilla/5.0 (Macintosh; Intel Mac OS X 10_15_2) AppleWebKit/537.36 (KHTML, like Gecko) Chrome/79.0.3945.88 Safari/537.36" 
108.46.219.15 - - [12/Jan/2020:18:47:14 -0800] "GET /favicon.ico HTTP/1.1" 200 279 "http://www.secrepo.com/self.logs/" "Mozilla/5.0 (Macintosh; Intel Mac OS X 10_15_2) AppleWebKit/537.36 (KHTML, like Gecko) Chrome/79.0.3945.88 Safari/537.36" 
108.46.219.15 - - [12/Jan/2020:18:47:28 -0800] "GET /self.logs/access.log.2017-01-11.gz HTTP/1.1" 200 92951 "http://www.secrepo.com/self.logs/" "Mozilla/5.0 (Macintosh; Intel Mac OS X 10_15_2) AppleWebKit/537.36 (KHTML, like Gecko) Chrome/79.0.3945.88 Safari/537.36" 
40.77.167.173 - - [12/Jan/2020:18:55:23 -0800] "GET /self.logs/error.log.2018-07-02.gz HTTP/1.1" 200 7813 "-" "Mozilla/5.0 (compatible; bingbot/2.0; +http://www.bing.com/bingbot.htm)" 
157.55.39.229 - - [12/Jan/2020:18:59:45 -0800] "GET /self.logs/access.log.2019-07-02.gz HTTP/1.1" 200 29119 "-" "Mozilla/5.0 (compatible; bingbot/2.0; +http://www.bing.com/bingbot.htm)" 
113.171.224.176 - - [12/Jan/2020:19:02:44 -0800] "GET /honeypot/Honeypot%20-%20Howto.pdf HTTP/1.1" 200 61320 "-" "Mozilla/5.0 Gecko/20100115 Firefox/3.6" 
108.46.219.15 - - [12/Jan/2020:19:03:46 -0800] "GET /self.logs/ HTTP/1.1" 200 20482 "http://www.secrepo.com/" "Mozilla/5.0 (Macintosh; Intel Mac OS X 10_15_2) AppleWebKit/537.36 (KHTML, like Gecko) Chrome/79.0.3945.88 Safari/537.36" 
108.46.219.15 - - [12/Jan/2020:19:03:53 -0800] "GET /auth.log/auth.log.gz HTTP/1.1" 200 615574 "-" "Mozilla/5.0 (Macintosh; Intel Mac OS X 10_15_2) AppleWebKit/537.36 (KHTML, like Gecko) Chrome/79.0.3945.88 Safari/537.36" 
40.77.167.173 - - [12/Jan/2020:19:05:49 -0800] "GET /self.logs/error.log.2018-07-24.gz HTTP/1.1" 200 7555 "-" "Mozilla/5.0 (compatible; bingbot/2.0; +http://www.bing.com/bingbot.htm)" 
40.77.167.173 - - [12/Jan/2020:19:05:50 -0800] "GET /self.logs/error.log.2019-07-04.gz HTTP/1.1" 200 2153 "-" "Mozilla/5.0 (compatible; bingbot/2.0; +http://www.bing.com/bingbot.htm)" 
101.89.239.238 - - [12/Jan/2020:19:12:44 -0800] "GET / HTTP/1.1" 200 47355 "-" "Mozilla/5.0 (Windows NT 6.1; WOW64) AppleWebKit/537.36 (KHTML, like Gecko) Chrome/45.0.2454.101 Safari/537.36" 
157.55.39.229 - - [12/Jan/2020:19:21:29 -0800] "GET /Datasets%20Description/dns.html HTTP/1.1" 404 294 "-" "Mozilla/5.0 (compatible; bingbot/2.0; +http://www.bing.com/bingbot.htm)" 
40.77.167.173 - - [12/Jan/2020:19:21:33 -0800] "GET /self.logs/access.log.2017-05-28.gz HTTP/1.1" 200 21021 "-" "Mozilla/5.0 (compatible; bingbot/2.0; +http://www.bing.com/bingbot.htm)" 
39.98.124.123 - - [12/Jan/2020:19:23:35 -0800] "GET /statics/js/admin_common.js HTTP/1.1" 404 294 "-" "Mozilla/5.0 (Windows NT 10.0; WOW64; rv:48.0) Gecko/20100101 Firefox/48.0" 
157.55.39.100 - - [12/Jan/2020:19:24:20 -0800] "GET /self.logs/error.log.2018-06-03.gz HTTP/1.1" 200 4839 "-" "Mozilla/5.0 (compatible; bingbot/2.0; +http://www.bing.com/bingbot.htm)" 
114.248.168.223 - - [12/Jan/2020:19:36:47 -0800] "GET / HTTP/1.1" 200 12661 "-" "Mozilla/5.0 (X11; Linux x86_64) AppleWebKit/537.36 (KHTML, like Gecko) Chrome/79.0.3945.117 Safari/537.36" 
114.248.168.223 - - [12/Jan/2020:19:36:47 -0800] "GET /css/style.css HTTP/1.1" 404 271 "http://www.secrepo.com/" "Mozilla/5.0 (X11; Linux x86_64) AppleWebKit/537.36 (KHTML, like Gecko) Chrome/79.0.3945.117 Safari/537.36" 
66.249.64.98 - - [12/Jan/2020:19:38:05 -0800] "GET /ads.txt HTTP/1.1" 301 489 "-" "Mozilla/5.0 (compatible; Googlebot/2.1; +http://www.google.com/bot.html)" 
66.249.64.139 - - [12/Jan/2020:19:38:05 -0800] "GET /ads.txt HTTP/1.1" 404 294 "-" "Mozilla/5.0 (compatible; Googlebot/2.1; +http://www.google.com/bot.html)" 
114.248.168.223 - - [12/Jan/2020:19:42:12 -0800] "GET /honeypot/BSidesDFW%20-%202014.ipynb HTTP/1.1" 200 930832 "http://www.secrepo.com/" "Mozilla/5.0 (X11; Linux x86_64) AppleWebKit/537.36 (KHTML, like Gecko) Chrome/79.0.3945.117 Safari/537.36" 
114.248.168.223 - - [12/Jan/2020:19:42:14 -0800] "GET /favicon.ico HTTP/1.1" 200 279 "http://www.secrepo.com/honeypot/BSidesDFW%20-%202014.ipynb" "Mozilla/5.0 (X11; Linux x86_64) AppleWebKit/537.36 (KHTML, like Gecko) Chrome/79.0.3945.117 Safari/537.36" 
114.248.168.223 - - [12/Jan/2020:19:43:29 -0800] "GET /scada/scada_logs.zip HTTP/1.1" 200 364923 "http://www.secrepo.com/" "Mozilla/5.0 (X11; Linux x86_64) AppleWebKit/537.36 (KHTML, like Gecko) Chrome/79.0.3945.117 Safari/537.36" 
114.248.168.223 - - [12/Jan/2020:19:43:37 -0800] "GET /scada/scada_logs.zip HTTP/1.1" 200 364923 "-" "Mozilla/5.0 (X11; Linux x86_64) AppleWebKit/537.36 (KHTML, like Gecko) Chrome/79.0.3945.117 Safari/537.36" 
114.248.168.223 - - [12/Jan/2020:19:43:43 -0800] "GET /scada/scada_logs.zip HTTP/1.1" 200 364923 "-" "Mozilla/5.0 (X11; Linux x86_64) AppleWebKit/537.36 (KHTML, like Gecko) Chrome/79.0.3945.117 Safari/537.36" 
114.248.168.223 - - [12/Jan/2020:19:43:44 -0800] "GET /scada/scada_logs.zip HTTP/1.1" 200 364923 "-" "Mozilla/5.0 (X11; Linux x86_64) AppleWebKit/537.36 (KHTML, like Gecko) Chrome/79.0.3945.117 Safari/537.36" 
157.55.39.229 - - [12/Jan/2020:19:46:47 -0800] "GET /self.logs/error.log.2018-10-07.gz HTTP/1.1" 200 5863 "-" "Mozilla/5.0 (compatible; bingbot/2.0; +http://www.bing.com/bingbot.htm)" 
40.77.167.173 - - [12/Jan/2020:19:55:29 -0800] "GET /self.logs/error.log.2018-07-30.gz HTTP/1.1" 200 9897 "-" "Mozilla/5.0 (compatible; bingbot/2.0; +http://www.bing.com/bingbot.htm)" 
40.77.167.173 - - [12/Jan/2020:19:56:33 -0800] "GET /self.logs/access.log.2017-03-03.gz HTTP/1.1" 200 18184 "-" "Mozilla/5.0 (compatible; bingbot/2.0; +http://www.bing.com/bingbot.htm)" 
202.192.84.167 - - [12/Jan/2020:19:59:51 -0800] "GET / HTTP/1.1" 200 12661 "-" "Mozilla/5.0 (Windows NT 10.0; Win64; x64) AppleWebKit/537.36 (KHTML, like Gecko) Chrome/79.0.3945.117 Safari/537.36" 
202.192.84.167 - - [12/Jan/2020:19:59:52 -0800] "GET /css/style.css HTTP/1.1" 404 271 "http://www.secrepo.com/" "Mozilla/5.0 (Windows NT 10.0; Win64; x64) AppleWebKit/537.36 (KHTML, like Gecko) Chrome/79.0.3945.117 Safari/537.36" 
202.192.84.167 - - [12/Jan/2020:19:59:52 -0800] "GET /GitHub-Mark.png HTTP/1.1" 200 7450 "http://www.secrepo.com/" "Mozilla/5.0 (Windows NT 10.0; Win64; x64) AppleWebKit/537.36 (KHTML, like Gecko) Chrome/79.0.3945.117 Safari/537.36" 
202.192.84.167 - - [12/Jan/2020:19:59:52 -0800] "GET /twitter-icon.png HTTP/1.1" 200 27810 "http://www.secrepo.com/" "Mozilla/5.0 (Windows NT 10.0; Win64; x64) AppleWebKit/537.36 (KHTML, like Gecko) Chrome/79.0.3945.117 Safari/537.36" 
202.192.84.167 - - [12/Jan/2020:20:00:38 -0800] "GET /bootstrap/img/favicon.ico HTTP/1.1" 200 624 "http://www.secrepo.com/" "Mozilla/5.0 (Windows NT 10.0; Win64; x64) AppleWebKit/537.36 (KHTML, like Gecko) Chrome/79.0.3945.117 Safari/537.36" 
124.191.70.157 - - [12/Jan/2020:20:01:57 -0800] "GET / HTTP/1.1" 200 12658 "-" "Mozilla/5.0 (Macintosh; Intel Mac OS X 10_15_2) AppleWebKit/537.36 (KHTML, like Gecko) Chrome/79.0.3945.117 Safari/537.36" 
124.191.70.157 - - [12/Jan/2020:20:01:57 -0800] "GET /css/style.css HTTP/1.1" 404 271 "http://www.secrepo.com/" "Mozilla/5.0 (Macintosh; Intel Mac OS X 10_15_2) AppleWebKit/537.36 (KHTML, like Gecko) Chrome/79.0.3945.117 Safari/537.36" 
124.191.70.157 - - [12/Jan/2020:20:01:57 -0800] "GET /twitter-icon.png HTTP/1.1" 200 27810 "http://www.secrepo.com/" "Mozilla/5.0 (Macintosh; Intel Mac OS X 10_15_2) AppleWebKit/537.36 (KHTML, like Gecko) Chrome/79.0.3945.117 Safari/537.36" 
124.191.70.157 - - [12/Jan/2020:20:01:57 -0800] "GET /GitHub-Mark.png HTTP/1.1" 200 7427 "http://www.secrepo.com/" "Mozilla/5.0 (Macintosh; Intel Mac OS X 10_15_2) AppleWebKit/537.36 (KHTML, like Gecko) Chrome/79.0.3945.117 Safari/537.36" 
124.191.70.157 - - [12/Jan/2020:20:01:59 -0800] "GET /bootstrap/img/favicon.ico HTTP/1.1" 200 601 "http://www.secrepo.com/" "Mozilla/5.0 (Macintosh; Intel Mac OS X 10_15_2) AppleWebKit/537.36 (KHTML, like Gecko) Chrome/79.0.3945.117 Safari/537.36" 
113.171.224.176 - - [12/Jan/2020:20:05:28 -0800] "GET /honeypot/Honeypot%20-%20Howto.pdf HTTP/1.1" 200 61320 "-" "Mozilla/5.0 Gecko/20100115 Firefox/3.6" 
207.46.13.236 - - [12/Jan/2020:20:11:39 -0800] "GET /robots.txt HTTP/1.1" 200 288 "-" "Mozilla/5.0 (compatible; bingbot/2.0; +http://www.bing.com/bingbot.htm)" 
157.55.39.229 - - [12/Jan/2020:20:12:59 -0800] "GET /self.logs/access.log.2017-03-20.gz HTTP/1.1" 200 16013 "-" "Mozilla/5.0 (compatible; bingbot/2.0; +http://www.bing.com/bingbot.htm)" 
157.55.39.229 - - [12/Jan/2020:20:12:59 -0800] "GET /self.logs/access.log.2019-08-27.gz HTTP/1.1" 200 16876 "-" "Mozilla/5.0 (compatible; bingbot/2.0; +http://www.bing.com/bingbot.htm)" 
40.77.167.129 - - [12/Jan/2020:20:13:21 -0800] "GET /Datasets%20Description/HTML_Bro_log_2/dns.html HTTP/1.1" 200 1752 "-" "Mozilla/5.0 (compatible; bingbot/2.0; +http://www.bing.com/bingbot.htm)" 
199.47.87.141 - - [12/Jan/2020:20:16:12 -0800] "GET /robots.txt HTTP/1.1" 301 439 "-" "TurnitinBot (https://turnitin.com/robot/crawlerinfo.html)" 
199.47.87.141 - - [12/Jan/2020:20:16:12 -0800] "GET /robots.txt HTTP/1.1" 200 244 "-" "TurnitinBot (https://turnitin.com/robot/crawlerinfo.html)" 
199.47.87.141 - - [12/Jan/2020:20:16:12 -0800] "GET /robots.txt HTTP/1.1" 200 210 "-" "TurnitinBot (https://turnitin.com/robot/crawlerinfo.html)" 
162.210.196.100 - - [12/Jan/2020:20:17:54 -0800] "GET /robots.txt HTTP/1.1" 200 288 "-" "Mozilla/5.0 (compatible; MJ12bot/v1.4.8; http://mj12bot.com/)" 
162.210.196.100 - - [12/Jan/2020:20:17:56 -0800] "GET / HTTP/1.1" 200 12616 "-" "Mozilla/5.0 (compatible; MJ12bot/v1.4.8; http://mj12bot.com/)" 
85.208.96.65 - - [12/Jan/2020:20:19:39 -0800] "GET /robots.txt HTTP/1.1" 301 439 "-" "Mozilla/5.0 (compatible; SemrushBot-BM/1.0; +http://www.semrush.com/bot.html)" 
85.208.96.65 - - [12/Jan/2020:20:19:42 -0800] "GET /robots.txt HTTP/1.1" 200 244 "-" "Mozilla/5.0 (compatible; SemrushBot-BM/1.0; +http://www.semrush.com/bot.html)" 
216.244.66.245 - - [12/Jan/2020:20:20:03 -0800] "GET /self.logs/access.log.2019-03-27.gz HTTP/1.1" 200 47239 "-" "Mozilla/5.0 (compatible; DotBot/1.1; http://www.opensiteexplorer.org/dotbot, help@moz.com)" 
216.244.66.245 - - [12/Jan/2020:20:20:06 -0800] "GET /self.logs/error.log.2018-12-27.gz HTTP/1.1" 200 5381 "-" "Mozilla/5.0 (compatible; DotBot/1.1; http://www.opensiteexplorer.org/dotbot, help@moz.com)" 
216.244.66.245 - - [12/Jan/2020:20:20:36 -0800] "GET /self.logs/access.log.2015-04-06.gz HTTP/1.1" 404 250 "-" "Mozilla/5.0 (compatible; DotBot/1.1; http://www.opensiteexplorer.org/dotbot, help@moz.com)" 
216.244.66.245 - - [12/Jan/2020:20:20:37 -0800] "GET /self.logs/access.log.2015-05-29.gz HTTP/1.1" 404 250 "-" "Mozilla/5.0 (compatible; DotBot/1.1; http://www.opensiteexplorer.org/dotbot, help@moz.com)" 
216.244.66.245 - - [12/Jan/2020:20:20:38 -0800] "GET /self.logs/access.log.2015-12-13.gz HTTP/1.1" 404 250 "-" "Mozilla/5.0 (compatible; DotBot/1.1; http://www.opensiteexplorer.org/dotbot, help@moz.com)" 
216.244.66.245 - - [12/Jan/2020:20:20:39 -0800] "GET /self.logs/access.log.2015-12-21.gz HTTP/1.1" 404 250 "-" "Mozilla/5.0 (compatible; DotBot/1.1; http://www.opensiteexplorer.org/dotbot, help@moz.com)" 
216.244.66.245 - - [12/Jan/2020:20:20:41 -0800] "GET /self.logs/access.log.2015-12-28.gz HTTP/1.1" 404 250 "-" "Mozilla/5.0 (compatible; DotBot/1.1; http://www.opensiteexplorer.org/dotbot, help@moz.com)" 
216.244.66.245 - - [12/Jan/2020:20:20:42 -0800] "GET /self.logs/access.log.2016-05-08.gz HTTP/1.1" 404 250 "-" "Mozilla/5.0 (compatible; DotBot/1.1; http://www.opensiteexplorer.org/dotbot, help@moz.com)" 
216.244.66.245 - - [12/Jan/2020:20:20:43 -0800] "GET /self.logs/access.log.2016-10-07.gz HTTP/1.1" 404 250 "-" "Mozilla/5.0 (compatible; DotBot/1.1; http://www.opensiteexplorer.org/dotbot, help@moz.com)" 
216.244.66.245 - - [12/Jan/2020:20:20:44 -0800] "GET /self.logs/error.log.2016-09-09.gz HTTP/1.1" 404 250 "-" "Mozilla/5.0 (compatible; DotBot/1.1; http://www.opensiteexplorer.org/dotbot, help@moz.com)" 
66.249.64.126 - - [12/Jan/2020:20:22:27 -0800] "GET / HTTP/1.1" 301 475 "-" "Mozilla/5.0 (Linux; Android 6.0.1; Nexus 5X Build/MMB29P) AppleWebKit/537.36 (KHTML, like Gecko) Chrome/41.0.2272.96 Mobile Safari/537.36 (compatible; Googlebot/2.1; +http://www.google.com/bot.html)" 
66.249.64.139 - - [12/Jan/2020:20:22:28 -0800] "GET / HTTP/1.1" 200 12660 "-" "Mozilla/5.0 (Linux; Android 6.0.1; Nexus 5X Build/MMB29P) AppleWebKit/537.36 (KHTML, like Gecko) Chrome/41.0.2272.96 Mobile Safari/537.36 (compatible; Googlebot/2.1; +http://www.google.com/bot.html)" 
40.77.167.129 - - [12/Jan/2020:20:25:15 -0800] "GET /self.logs/access.log.2017-03-16.gz HTTP/1.1" 200 30799 "-" "Mozilla/5.0 (compatible; bingbot/2.0; +http://www.bing.com/bingbot.htm)" 
24.19.251.159 - - [12/Jan/2020:20:30:54 -0800] "HEAD / HTTP/1.1" 200 317 "-" "Microsoft Office PowerPoint 2014" 
24.19.251.159 - - [12/Jan/2020:20:30:55 -0800] "GET / HTTP/1.1" 200 12660 "-" "Mozilla/4.0 (compatible; ms-office)" 
24.19.251.159 - - [12/Jan/2020:20:30:56 -0800] "GET / HTTP/1.1" 200 12660 "-" "Mozilla/5.0 (Windows NT 10.0; Win64; x64; rv:72.0) Gecko/20100101 Firefox/72.0" 
24.19.251.159 - - [12/Jan/2020:20:30:56 -0800] "GET /css/style.css HTTP/1.1" 404 271 "http://www.secrepo.com/" "Mozilla/5.0 (Windows NT 10.0; Win64; x64; rv:72.0) Gecko/20100101 Firefox/72.0" 
24.19.251.159 - - [12/Jan/2020:20:30:56 -0800] "GET /GitHub-Mark.png HTTP/1.1" 200 7450 "http://www.secrepo.com/" "Mozilla/5.0 (Windows NT 10.0; Win64; x64; rv:72.0) Gecko/20100101 Firefox/72.0" 
24.19.251.159 - - [12/Jan/2020:20:30:56 -0800] "GET /twitter-icon.png HTTP/1.1" 200 27810 "http://www.secrepo.com/" "Mozilla/5.0 (Windows NT 10.0; Win64; x64; rv:72.0) Gecko/20100101 Firefox/72.0" 
24.19.251.159 - - [12/Jan/2020:20:30:57 -0800] "GET /bootstrap/img/favicon.ico HTTP/1.1" 200 601 "-" "Mozilla/5.0 (Windows NT 10.0; Win64; x64; rv:72.0) Gecko/20100101 Firefox/72.0" 
40.77.167.173 - - [12/Jan/2020:20:36:18 -0800] "GET /Datasets%20Description/app_stats.html HTTP/1.1" 404 294 "-" "Mozilla/5.0 (compatible; bingbot/2.0; +http://www.bing.com/bingbot.htm)" 
66.249.64.141 - - [12/Jan/2020:20:42:27 -0800] "GET /Datasets%20Description/PE_malware/Zeus.html HTTP/1.1" 200 1619 "-" "Mozilla/5.0 (Linux; Android 6.0.1; Nexus 5X Build/MMB29P) AppleWebKit/537.36 (KHTML, like Gecko) Chrome/41.0.2272.96 Mobile Safari/537.36 (compatible; Googlebot/2.1; +http://www.google.com/bot.html)" 
40.77.167.129 - - [12/Jan/2020:20:42:31 -0800] "GET /self.logs/error.log.2017-10-16.gz HTTP/1.1" 200 2188 "-" "Mozilla/5.0 (compatible; bingbot/2.0; +http://www.bing.com/bingbot.htm)" 
66.249.64.139 - - [12/Jan/2020:20:42:38 -0800] "GET /favicon.ico HTTP/1.1" 200 302 "-" "Googlebot-Image/1.0" 
144.76.3.79 - - [12/Jan/2020:20:44:15 -0800] "GET /robots.txt HTTP/1.1" 200 288 "-" "Mozilla/5.0 (compatible; MJ12bot/v1.4.8; http://mj12bot.com/)" 
144.76.3.79 - - [12/Jan/2020:20:44:18 -0800] "GET /Datasets%20Description/PE_malware/ HTTP/1.1" 200 563 "-" "Mozilla/5.0 (compatible; MJ12bot/v1.4.8; http://mj12bot.com/)" 
144.76.3.79 - - [12/Jan/2020:20:44:22 -0800] "GET /Datasets%20Description/PE_malware/?C=D;O=A HTTP/1.1" 200 563 "-" "Mozilla/5.0 (compatible; MJ12bot/v1.4.8; http://mj12bot.com/)" 
144.76.3.79 - - [12/Jan/2020:20:44:26 -0800] "GET /Datasets%20Description/PE_malware/?C=D;O=D HTTP/1.1" 200 560 "-" "Mozilla/5.0 (compatible; MJ12bot/v1.4.8; http://mj12bot.com/)" 
144.76.3.79 - - [12/Jan/2020:20:44:31 -0800] "GET /Datasets%20Description/PE_malware/?C=M;O=A HTTP/1.1" 200 563 "-" "Mozilla/5.0 (compatible; MJ12bot/v1.4.8; http://mj12bot.com/)" 
144.76.3.79 - - [12/Jan/2020:20:44:36 -0800] "GET /Datasets%20Description/PE_malware/?C=M;O=D HTTP/1.1" 200 560 "-" "Mozilla/5.0 (compatible; MJ12bot/v1.4.8; http://mj12bot.com/)" 
144.76.3.79 - - [12/Jan/2020:20:44:41 -0800] "GET /Datasets%20Description/PE_malware/?C=N;O=A HTTP/1.1" 200 563 "-" "Mozilla/5.0 (compatible; MJ12bot/v1.4.8; http://mj12bot.com/)" 
144.76.3.79 - - [12/Jan/2020:20:44:45 -0800] "GET /Datasets%20Description/PE_malware/?C=N;O=D HTTP/1.1" 200 560 "-" "Mozilla/5.0 (compatible; MJ12bot/v1.4.8; http://mj12bot.com/)" 
144.76.3.79 - - [12/Jan/2020:20:44:49 -0800] "GET /Datasets%20Description/PE_malware/?C=S;O=A HTTP/1.1" 200 563 "-" "Mozilla/5.0 (compatible; MJ12bot/v1.4.8; http://mj12bot.com/)" 
144.76.3.79 - - [12/Jan/2020:20:44:54 -0800] "GET /Datasets%20Description/PE_malware/?C=S;O=D HTTP/1.1" 200 560 "-" "Mozilla/5.0 (compatible; MJ12bot/v1.4.8; http://mj12bot.com/)" 
157.55.39.229 - - [12/Jan/2020:20:45:07 -0800] "GET /self.logs/error.log.2019-11-22.gz HTTP/1.1" 200 1099 "-" "Mozilla/5.0 (compatible; bingbot/2.0; +http://www.bing.com/bingbot.htm)" 
40.77.167.173 - - [12/Jan/2020:20:45:28 -0800] "GET /self.logs/error.log.2017-09-11.gz HTTP/1.1" 200 1195 "-" "Mozilla/5.0 (compatible; bingbot/2.0; +http://www.bing.com/bingbot.htm)" 
40.77.167.129 - - [12/Jan/2020:20:49:46 -0800] "GET /Datasets%20Description/HTML_Bro_log_3/dpd.html HTTP/1.1" 200 1583 "-" "Mozilla/5.0 (compatible; bingbot/2.0; +http://www.bing.com/bingbot.htm)" 
24.19.251.159 - - [12/Jan/2020:20:55:54 -0800] "HEAD / HTTP/1.1" 200 317 "-" "Microsoft Office PowerPoint 2014" 
24.19.251.159 - - [12/Jan/2020:20:55:54 -0800] "GET / HTTP/1.1" 200 12660 "-" "Mozilla/4.0 (compatible; ms-office)" 
24.19.251.159 - - [12/Jan/2020:20:55:54 -0800] "GET / HTTP/1.1" 200 12660 "-" "Mozilla/5.0 (Windows NT 10.0; Win64; x64; rv:72.0) Gecko/20100101 Firefox/72.0" 
24.19.251.159 - - [12/Jan/2020:20:55:54 -0800] "GET /css/style.css HTTP/1.1" 404 271 "http://www.secrepo.com/" "Mozilla/5.0 (Windows NT 10.0; Win64; x64; rv:72.0) Gecko/20100101 Firefox/72.0" 
24.19.251.159 - - [12/Jan/2020:20:55:54 -0800] "GET /GitHub-Mark.png HTTP/1.1" 200 7450 "http://www.secrepo.com/" "Mozilla/5.0 (Windows NT 10.0; Win64; x64; rv:72.0) Gecko/20100101 Firefox/72.0" 
24.19.251.159 - - [12/Jan/2020:20:55:54 -0800] "GET /twitter-icon.png HTTP/1.1" 200 27810 "http://www.secrepo.com/" "Mozilla/5.0 (Windows NT 10.0; Win64; x64; rv:72.0) Gecko/20100101 Firefox/72.0" 
24.19.251.159 - - [12/Jan/2020:20:55:55 -0800] "GET /bootstrap/img/favicon.ico HTTP/1.1" 200 601 "-" "Mozilla/5.0 (Windows NT 10.0; Win64; x64; rv:72.0) Gecko/20100101 Firefox/72.0" 
35.220.148.227 - - [12/Jan/2020:20:59:15 -0800] "GET /favicon.ico HTTP/1.1" 200 302 "-" "Mozilla/5.0 (Windows NT 10.0; WOW64) AppleWebKit/537.36 (KHTML, like Gecko) Chrome/69.0.3497.100 Safari/537.36" 
157.55.39.100 - - [12/Jan/2020:21:01:56 -0800] "GET /self.logs/error.log.2018-06-22.gz HTTP/1.1" 200 6133 "-" "Mozilla/5.0 (compatible; bingbot/2.0; +http://www.bing.com/bingbot.htm)" 
216.244.66.245 - - [12/Jan/2020:21:02:12 -0800] "GET /self.logs/access.log.2015-11-01.gz HTTP/1.1" 404 250 "-" "Mozilla/5.0 (compatible; DotBot/1.1; http://www.opensiteexplorer.org/dotbot, help@moz.com)" 
216.244.66.245 - - [12/Jan/2020:21:02:14 -0800] "GET /self.logs/access.log.2015-11-22.gz HTTP/1.1" 404 250 "-" "Mozilla/5.0 (compatible; DotBot/1.1; http://www.opensiteexplorer.org/dotbot, help@moz.com)" 
216.244.66.245 - - [12/Jan/2020:21:02:16 -0800] "GET /self.logs/access.log.2015-12-29.gz HTTP/1.1" 404 250 "-" "Mozilla/5.0 (compatible; DotBot/1.1; http://www.opensiteexplorer.org/dotbot, help@moz.com)" 
216.244.66.245 - - [12/Jan/2020:21:02:18 -0800] "GET /self.logs/access.log.2016-11-11.gz HTTP/1.1" 404 250 "-" "Mozilla/5.0 (compatible; DotBot/1.1; http://www.opensiteexplorer.org/dotbot, help@moz.com)" 
216.244.66.245 - - [12/Jan/2020:21:02:20 -0800] "GET /self.logs/error.log.2015-06-08.gz HTTP/1.1" 404 250 "-" "Mozilla/5.0 (compatible; DotBot/1.1; http://www.opensiteexplorer.org/dotbot, help@moz.com)" 
216.244.66.245 - - [12/Jan/2020:21:02:23 -0800] "GET /self.logs/error.log.2016-06-27.gz HTTP/1.1" 404 250 "-" "Mozilla/5.0 (compatible; DotBot/1.1; http://www.opensiteexplorer.org/dotbot, help@moz.com)" 
24.19.251.159 - - [12/Jan/2020:21:06:50 -0800] "HEAD / HTTP/1.1" 200 317 "-" "Microsoft Office PowerPoint 2014" 
24.19.251.159 - - [12/Jan/2020:21:06:50 -0800] "GET / HTTP/1.1" 200 12662 "-" "Mozilla/4.0 (compatible; ms-office)" 
24.19.251.159 - - [12/Jan/2020:21:06:51 -0800] "GET / HTTP/1.1" 200 12662 "-" "Mozilla/5.0 (Windows NT 10.0; Win64; x64; rv:72.0) Gecko/20100101 Firefox/72.0" 
24.19.251.159 - - [12/Jan/2020:21:06:51 -0800] "GET /css/style.css HTTP/1.1" 404 271 "http://www.secrepo.com/" "Mozilla/5.0 (Windows NT 10.0; Win64; x64; rv:72.0) Gecko/20100101 Firefox/72.0" 
113.171.224.176 - - [12/Jan/2020:21:07:22 -0800] "GET /honeypot/Honeypot%20-%20Howto.pdf HTTP/1.1" 200 61320 "-" "Mozilla/5.0 Gecko/20100115 Firefox/3.6" 
39.104.156.79 - - [12/Jan/2020:21:10:18 -0800] "GET /statics/js/admin_common.js HTTP/1.1" 404 294 "-" "Mozilla/5.0 (Windows NT 10.0; WOW64; rv:48.0) Gecko/20100101 Firefox/48.0" 
66.249.64.139 - - [12/Jan/2020:21:16:42 -0800] "GET /favicon.ico HTTP/1.1" 200 302 "-" "Googlebot-Image/1.0" 
157.55.39.100 - - [12/Jan/2020:21:22:24 -0800] "GET /self.logs/error.log.2019-02-20.gz HTTP/1.1" 200 3868 "-" "Mozilla/5.0 (compatible; bingbot/2.0; +http://www.bing.com/bingbot.htm)" 
108.59.8.70 - - [12/Jan/2020:21:28:49 -0800] "GET /robots.txt HTTP/1.1" 301 495 "-" "Mozilla/5.0 (compatible; MJ12bot/v1.4.8; http://mj12bot.com/)" 
108.59.8.70 - - [12/Jan/2020:21:28:50 -0800] "GET /robots.txt HTTP/1.1" 200 288 "-" "Mozilla/5.0 (compatible; MJ12bot/v1.4.8; http://mj12bot.com/)" 
108.59.8.70 - - [12/Jan/2020:21:28:52 -0800] "GET / HTTP/1.1" 301 419 "-" "Mozilla/5.0 (compatible; MJ12bot/v1.4.8; http://mj12bot.com/)" 
108.59.8.70 - - [12/Jan/2020:21:28:54 -0800] "GET / HTTP/1.1" 200 12618 "-" "Mozilla/5.0 (compatible; MJ12bot/v1.4.8; http://mj12bot.com/)" 
157.55.39.229 - - [12/Jan/2020:21:32:20 -0800] "GET /self.logs/error.log.2017-11-22.gz HTTP/1.1" 200 2436 "-" "Mozilla/5.0 (compatible; bingbot/2.0; +http://www.bing.com/bingbot.htm)" 
77.75.79.119 - - [12/Jan/2020:21:32:55 -0800] "GET /robots.txt HTTP/1.1" 200 288 "-" "Mozilla/5.0 (compatible; SeznamBot/3.2; +http://napoveda.seznam.cz/en/seznambot-intro/)" 
77.75.79.119 - - [12/Jan/2020:21:32:56 -0800] "GET /self.logs/ HTTP/1.1" 200 20459 "-" "Mozilla/5.0 (compatible; SeznamBot/3.2; +http://napoveda.seznam.cz/en/seznambot-intro/)" 
202.192.84.167 - - [12/Jan/2020:20:31:56 -0800] "GET /maccdc2012/conn.log.gz HTTP/1.1" 200 456764360 "-" "Mozilla/5.0 (Windows NT 10.0; Win64; x64) AppleWebKit/537.36 (KHTML, like Gecko) Chrome/79.0.3945.117 Safari/537.36" 
40.77.167.129 - - [12/Jan/2020:21:35:29 -0800] "GET /self.logs/error.log.2018-08-09.gz HTTP/1.1" 200 6234 "-" "Mozilla/5.0 (compatible; bingbot/2.0; +http://www.bing.com/bingbot.htm)" 
40.77.167.173 - - [12/Jan/2020:21:35:51 -0800] "GET /self.logs/error.log.2019-04-01.gz HTTP/1.1" 200 5316 "-" "Mozilla/5.0 (compatible; bingbot/2.0; +http://www.bing.com/bingbot.htm)" 
187.188.14.95 - - [12/Jan/2020:21:42:33 -0800] "GET / HTTP/1.1" 200 12662 "-" "Mozilla/5.0 (Windows NT 10.0; Win64; x64) AppleWebKit/537.36 (KHTML, like Gecko) Chrome/79.0.3945.117 Safari/537.36" 
187.188.14.95 - - [12/Jan/2020:21:42:33 -0800] "GET /css/style.css HTTP/1.1" 404 271 "http://www.secrepo.com/" "Mozilla/5.0 (Windows NT 10.0; Win64; x64) AppleWebKit/537.36 (KHTML, like Gecko) Chrome/79.0.3945.117 Safari/537.36" 
187.188.14.95 - - [12/Jan/2020:21:42:34 -0800] "GET /twitter-icon.png HTTP/1.1" 200 27810 "http://www.secrepo.com/" "Mozilla/5.0 (Windows NT 10.0; Win64; x64) AppleWebKit/537.36 (KHTML, like Gecko) Chrome/79.0.3945.117 Safari/537.36" 
187.188.14.95 - - [12/Jan/2020:21:42:34 -0800] "GET /GitHub-Mark.png HTTP/1.1" 200 7450 "http://www.secrepo.com/" "Mozilla/5.0 (Windows NT 10.0; Win64; x64) AppleWebKit/537.36 (KHTML, like Gecko) Chrome/79.0.3945.117 Safari/537.36" 
187.188.14.95 - - [12/Jan/2020:21:42:36 -0800] "GET /bootstrap/img/favicon.ico HTTP/1.1" 200 624 "http://www.secrepo.com/" "Mozilla/5.0 (Windows NT 10.0; Win64; x64) AppleWebKit/537.36 (KHTML, like Gecko) Chrome/79.0.3945.117 Safari/537.36" 
216.244.66.245 - - [12/Jan/2020:21:43:44 -0800] "GET /self.logs/access.log.2017-02-07.gz HTTP/1.1" 200 19825 "-" "Mozilla/5.0 (compatible; DotBot/1.1; http://www.opensiteexplorer.org/dotbot, help@moz.com)" 
216.244.66.245 - - [12/Jan/2020:21:43:46 -0800] "GET /self.logs/access.log.2017-06-23.gz HTTP/1.1" 200 100418 "-" "Mozilla/5.0 (compatible; DotBot/1.1; http://www.opensiteexplorer.org/dotbot, help@moz.com)" 
216.244.66.245 - - [12/Jan/2020:21:43:48 -0800] "GET /self.logs/access.log.2017-11-21.gz HTTP/1.1" 200 42882 "-" "Mozilla/5.0 (compatible; DotBot/1.1; http://www.opensiteexplorer.org/dotbot, help@moz.com)" 
216.244.66.245 - - [12/Jan/2020:21:43:50 -0800] "GET /self.logs/error.log.2017-09-01.gz HTTP/1.1" 200 771 "-" "Mozilla/5.0 (compatible; DotBot/1.1; http://www.opensiteexplorer.org/dotbot, help@moz.com)" 
216.244.66.245 - - [12/Jan/2020:21:43:52 -0800] "GET /self.logs/error.log.2017-10-10.gz HTTP/1.1" 200 1492 "-" "Mozilla/5.0 (compatible; DotBot/1.1; http://www.opensiteexplorer.org/dotbot, help@moz.com)" 
216.244.66.245 - - [12/Jan/2020:21:43:53 -0800] "GET /self.logs/error.log.2017-12-14.gz HTTP/1.1" 200 1849 "-" "Mozilla/5.0 (compatible; DotBot/1.1; http://www.opensiteexplorer.org/dotbot, help@moz.com)" 
216.244.66.245 - - [12/Jan/2020:21:44:22 -0800] "GET /self.logs/access.log.2015-09-14.gz HTTP/1.1" 404 250 "-" "Mozilla/5.0 (compatible; DotBot/1.1; http://www.opensiteexplorer.org/dotbot, help@moz.com)" 
216.244.66.245 - - [12/Jan/2020:21:44:23 -0800] "GET /self.logs/access.log.2015-10-21.gz HTTP/1.1" 404 250 "-" "Mozilla/5.0 (compatible; DotBot/1.1; http://www.opensiteexplorer.org/dotbot, help@moz.com)" 
216.244.66.245 - - [12/Jan/2020:21:44:24 -0800] "GET /self.logs/access.log.2016-03-28.gz HTTP/1.1" 404 250 "-" "Mozilla/5.0 (compatible; DotBot/1.1; http://www.opensiteexplorer.org/dotbot, help@moz.com)" 
216.244.66.245 - - [12/Jan/2020:21:44:25 -0800] "GET /self.logs/access.log.2016-04-02.gz HTTP/1.1" 404 250 "-" "Mozilla/5.0 (compatible; DotBot/1.1; http://www.opensiteexplorer.org/dotbot, help@moz.com)" 
216.244.66.245 - - [12/Jan/2020:21:44:27 -0800] "GET /self.logs/access.log.2016-07-02.gz HTTP/1.1" 404 250 "-" "Mozilla/5.0 (compatible; DotBot/1.1; http://www.opensiteexplorer.org/dotbot, help@moz.com)" 
216.244.66.245 - - [12/Jan/2020:21:44:28 -0800] "GET /self.logs/error.log.2015-01-30.gz HTTP/1.1" 404 250 "-" "Mozilla/5.0 (compatible; DotBot/1.1; http://www.opensiteexplorer.org/dotbot, help@moz.com)" 
216.244.66.245 - - [12/Jan/2020:21:44:29 -0800] "GET /self.logs/error.log.2015-04-15.gz HTTP/1.1" 404 250 "-" "Mozilla/5.0 (compatible; DotBot/1.1; http://www.opensiteexplorer.org/dotbot, help@moz.com)" 
216.244.66.245 - - [12/Jan/2020:21:44:30 -0800] "GET /self.logs/error.log.2015-09-28.gz HTTP/1.1" 404 250 "-" "Mozilla/5.0 (compatible; DotBot/1.1; http://www.opensiteexplorer.org/dotbot, help@moz.com)" 
216.244.66.245 - - [12/Jan/2020:21:44:31 -0800] "GET /self.logs/error.log.2016-01-13.gz HTTP/1.1" 404 250 "-" "Mozilla/5.0 (compatible; DotBot/1.1; http://www.opensiteexplorer.org/dotbot, help@moz.com)" 
54.173.88.54 - - [12/Jan/2020:21:52:00 -0800] "GET / HTTP/1.1" 200 12618 "-" "Mozilla/5.0 (compatible; startmebot/1.0; +https://start.me/bot)" 
14.139.93.243 - - [12/Jan/2020:21:52:41 -0800] "GET / HTTP/1.1" 200 12662 "-" "Mozilla/5.0 (X11; Linux x86_64) AppleWebKit/537.36 (KHTML, like Gecko) Ubuntu Chromium/74.0.3729.169 Chrome/74.0.3729.169 Safari/537.36" 
14.139.93.243 - - [12/Jan/2020:21:52:41 -0800] "GET /css/style.css HTTP/1.1" 404 271 "http://www.secrepo.com/" "Mozilla/5.0 (X11; Linux x86_64) AppleWebKit/537.36 (KHTML, like Gecko) Ubuntu Chromium/74.0.3729.169 Chrome/74.0.3729.169 Safari/537.36" 
14.139.93.243 - - [12/Jan/2020:21:52:41 -0800] "GET /twitter-icon.png HTTP/1.1" 200 27810 "http://www.secrepo.com/" "Mozilla/5.0 (X11; Linux x86_64) AppleWebKit/537.36 (KHTML, like Gecko) Ubuntu Chromium/74.0.3729.169 Chrome/74.0.3729.169 Safari/537.36" 
14.139.93.243 - - [12/Jan/2020:21:52:41 -0800] "GET /GitHub-Mark.png HTTP/1.1" 200 7427 "http://www.secrepo.com/" "Mozilla/5.0 (X11; Linux x86_64) AppleWebKit/537.36 (KHTML, like Gecko) Ubuntu Chromium/74.0.3729.169 Chrome/74.0.3729.169 Safari/537.36" 
14.139.93.243 - - [12/Jan/2020:21:52:43 -0800] "GET /bootstrap/img/favicon.ico HTTP/1.1" 200 601 "http://www.secrepo.com/" "Mozilla/5.0 (X11; Linux x86_64) AppleWebKit/537.36 (KHTML, like Gecko) Ubuntu Chromium/74.0.3729.169 Chrome/74.0.3729.169 Safari/537.36" 
14.139.93.243 - - [12/Jan/2020:21:53:31 -0800] "GET /pe_static/apt1.zip HTTP/1.1" 200 1204500 "-" "Mozilla/5.0 (X11; Linux x86_64) AppleWebKit/537.36 (KHTML, like Gecko) Ubuntu Chromium/74.0.3729.169 Chrome/74.0.3729.169 Safari/537.36" 
14.139.93.243 - - [12/Jan/2020:21:53:54 -0800] "GET /pe_static/apt1.zip HTTP/1.1" 200 1983350 "-" "Mozilla/5.0 (X11; Linux x86_64) AppleWebKit/537.36 (KHTML, like Gecko) Ubuntu Chromium/74.0.3729.169 Chrome/74.0.3729.169 Safari/537.36" 
14.139.93.243 - - [12/Jan/2020:21:54:00 -0800] "GET /Datasets%20Description/PE_malware/VirusShare.html HTTP/1.1" 200 1572 "http://www.secrepo.com/" "Mozilla/5.0 (X11; Linux x86_64) AppleWebKit/537.36 (KHTML, like Gecko) Ubuntu Chromium/74.0.3729.169 Chrome/74.0.3729.169 Safari/537.36" 
14.139.93.243 - - [12/Jan/2020:21:54:01 -0800] "GET /favicon.ico HTTP/1.1" 200 279 "http://www.secrepo.com/Datasets%20Description/PE_malware/VirusShare.html" "Mozilla/5.0 (X11; Linux x86_64) AppleWebKit/537.36 (KHTML, like Gecko) Ubuntu Chromium/74.0.3729.169 Chrome/74.0.3729.169 Safari/537.36" 
40.77.167.129 - - [12/Jan/2020:21:56:24 -0800] "GET /self.logs/error.log.2018-04-01.gz HTTP/1.1" 200 4341 "-" "Mozilla/5.0 (compatible; bingbot/2.0; +http://www.bing.com/bingbot.htm)" 
122.146.90.200 - - [12/Jan/2020:22:13:23 -0800] "GET / HTTP/1.1" 200 12662 "-" "Mozilla/5.0 (Macintosh; Intel Mac OS X 10_14_2) AppleWebKit/537.36 (KHTML, like Gecko) Chrome/79.0.3945.117 Safari/537.36" 
122.146.90.200 - - [12/Jan/2020:22:13:23 -0800] "GET /css/style.css HTTP/1.1" 404 271 "http://www.secrepo.com/" "Mozilla/5.0 (Macintosh; Intel Mac OS X 10_14_2) AppleWebKit/537.36 (KHTML, like Gecko) Chrome/79.0.3945.117 Safari/537.36" 
122.146.90.200 - - [12/Jan/2020:22:13:23 -0800] "GET /twitter-icon.png HTTP/1.1" 200 27810 "http://www.secrepo.com/" "Mozilla/5.0 (Macintosh; Intel Mac OS X 10_14_2) AppleWebKit/537.36 (KHTML, like Gecko) Chrome/79.0.3945.117 Safari/537.36" 
122.146.90.200 - - [12/Jan/2020:22:13:23 -0800] "GET /GitHub-Mark.png HTTP/1.1" 200 7427 "http://www.secrepo.com/" "Mozilla/5.0 (Macintosh; Intel Mac OS X 10_14_2) AppleWebKit/537.36 (KHTML, like Gecko) Chrome/79.0.3945.117 Safari/537.36" 
122.146.90.200 - - [12/Jan/2020:22:13:25 -0800] "GET /bootstrap/img/favicon.ico HTTP/1.1" 200 624 "http://www.secrepo.com/" "Mozilla/5.0 (Macintosh; Intel Mac OS X 10_14_2) AppleWebKit/537.36 (KHTML, like Gecko) Chrome/79.0.3945.117 Safari/537.36" 
113.171.224.176 - - [12/Jan/2020:22:14:36 -0800] "GET /honeypot/Honeypot%20-%20Howto.pdf HTTP/1.1" 200 61320 "-" "Mozilla/5.0 Gecko/20100115 Firefox/3.6" 
61.150.43.54 - - [12/Jan/2020:22:23:11 -0800] "GET /favicon.ico HTTP/1.1" 200 302 "-" "Mozilla/5.0 (Windows NT 10.0; WOW64) AppleWebKit/537.36 (KHTML, like Gecko) Chrome/49.0.2623.221 Safari/537.36 SE 2.X MetaSr 1.0" 
223.104.3.43 - - [12/Jan/2020:22:23:13 -0800] "GET /favicon.ico HTTP/1.1" 301 497 "-" "Mozilla/5.0 (Windows NT 10.0; WOW64) AppleWebKit/537.36 (KHTML, like Gecko) Chrome/58.0.3029.110 Safari/537.36 SE 2.X MetaSr 1.0" 
223.104.3.43 - - [12/Jan/2020:22:23:13 -0800] "GET / HTTP/1.1" 301 475 "-" "Mozilla/5.0 (Windows NT 10.0; WOW64) AppleWebKit/537.36 (KHTML, like Gecko) Chrome/58.0.3029.110 Safari/537.36 SE 2.X MetaSr 1.0" 
223.104.3.43 - - [12/Jan/2020:22:23:14 -0800] "GET / HTTP/1.1" 200 12662 "-" "Mozilla/5.0 (Windows NT 10.0; WOW64) AppleWebKit/537.36 (KHTML, like Gecko) Chrome/58.0.3029.110 Safari/537.36 SE 2.X MetaSr 1.0" 
223.104.3.43 - - [12/Jan/2020:22:23:14 -0800] "GET /favicon.ico HTTP/1.1" 200 302 "-" "Mozilla/5.0 (Windows NT 10.0; WOW64) AppleWebKit/537.36 (KHTML, like Gecko) Chrome/58.0.3029.110 Safari/537.36 SE 2.X MetaSr 1.0" 
223.104.3.43 - - [12/Jan/2020:22:23:15 -0800] "GET /css/style.css HTTP/1.1" 404 271 "http://www.secrepo.com/" "Mozilla/5.0 (Windows NT 10.0; WOW64) AppleWebKit/537.36 (KHTML, like Gecko) Chrome/58.0.3029.110 Safari/537.36 SE 2.X MetaSr 1.0" 
223.104.3.43 - - [12/Jan/2020:22:23:15 -0800] "GET /favicon.ico HTTP/1.1" 200 279 "-" "Mozilla/5.0 (Windows NT 10.0; WOW64) AppleWebKit/537.36 (KHTML, like Gecko) Chrome/58.0.3029.110 Safari/537.36 SE 2.X MetaSr 1.0" 
223.104.3.43 - - [12/Jan/2020:22:23:15 -0800] "GET /bootstrap/img/favicon.ico HTTP/1.1" 200 601 "-" "Mozilla/5.0 (Windows NT 10.0; WOW64) AppleWebKit/537.36 (KHTML, like Gecko) Chrome/58.0.3029.110 Safari/537.36 SE 2.X MetaSr 1.0" 
223.104.3.43 - - [12/Jan/2020:22:23:25 -0800] "GET /twitter-icon.png HTTP/1.1" 200 27810 "http://www.secrepo.com/" "Mozilla/5.0 (Windows NT 10.0; WOW64) AppleWebKit/537.36 (KHTML, like Gecko) Chrome/58.0.3029.110 Safari/537.36 SE 2.X MetaSr 1.0" 
223.104.3.43 - - [12/Jan/2020:22:23:26 -0800] "GET /GitHub-Mark.png HTTP/1.1" 200 7427 "http://www.secrepo.com/" "Mozilla/5.0 (Windows NT 10.0; WOW64) AppleWebKit/537.36 (KHTML, like Gecko) Chrome/58.0.3029.110 Safari/537.36 SE 2.X MetaSr 1.0" 
128.8.140.109 - - [12/Jan/2020:22:23:37 -0800] "GET / HTTP/1.1" 200 12662 "-" "Mozilla/5.0 (X11; Ubuntu; Linux x86_64; rv:72.0) Gecko/20100101 Firefox/72.0" 
128.8.140.109 - - [12/Jan/2020:22:23:37 -0800] "GET /css/style.css HTTP/1.1" 404 271 "http://www.secrepo.com/" "Mozilla/5.0 (X11; Ubuntu; Linux x86_64; rv:72.0) Gecko/20100101 Firefox/72.0" 
128.8.140.109 - - [12/Jan/2020:22:23:37 -0800] "GET /GitHub-Mark.png HTTP/1.1" 200 7450 "http://www.secrepo.com/" "Mozilla/5.0 (X11; Ubuntu; Linux x86_64; rv:72.0) Gecko/20100101 Firefox/72.0" 
128.8.140.109 - - [12/Jan/2020:22:23:37 -0800] "GET /twitter-icon.png HTTP/1.1" 200 27810 "http://www.secrepo.com/" "Mozilla/5.0 (X11; Ubuntu; Linux x86_64; rv:72.0) Gecko/20100101 Firefox/72.0" 
128.8.140.109 - - [12/Jan/2020:22:23:37 -0800] "GET /bootstrap/img/favicon.ico HTTP/1.1" 200 601 "-" "Mozilla/5.0 (X11; Ubuntu; Linux x86_64; rv:72.0) Gecko/20100101 Firefox/72.0" 
128.8.140.109 - - [12/Jan/2020:22:25:21 -0800] "GET /maccdc2012/conn.log.gz HTTP/1.1" 200 549157648 "http://www.secrepo.com/" "Mozilla/5.0 (X11; Ubuntu; Linux x86_64; rv:72.0) Gecko/20100101 Firefox/72.0" 
216.244.66.245 - - [12/Jan/2020:22:25:37 -0800] "GET /self.logs/error.log.2018-12-30.gz HTTP/1.1" 200 4898 "-" "Mozilla/5.0 (compatible; DotBot/1.1; http://www.opensiteexplorer.org/dotbot, help@moz.com)" 
47.244.228.37 - - [12/Jan/2020:22:29:09 -0800] "GET / HTTP/1.1" 200 12625 "-" "Mozilla/5.0 (Windows NT 10.0; Win64; x64) AppleWebKit/537.36 (KHTML, like Gecko) Chrome/78.0.3904.97 Safari/537.36" 
47.244.228.37 - - [12/Jan/2020:22:29:10 -0800] "GET /twitter-icon.png HTTP/1.1" 200 27773 "http://www.secrepo.com/" "Mozilla/5.0 (Windows NT 10.0; Win64; x64) AppleWebKit/537.36 (KHTML, like Gecko) Chrome/78.0.3904.97 Safari/537.36" 
47.244.228.37 - - [12/Jan/2020:22:29:10 -0800] "GET /GitHub-Mark.png HTTP/1.1" 200 7413 "http://www.secrepo.com/" "Mozilla/5.0 (Windows NT 10.0; Win64; x64) AppleWebKit/537.36 (KHTML, like Gecko) Chrome/78.0.3904.97 Safari/537.36" 
47.244.228.37 - - [12/Jan/2020:22:29:10 -0800] "GET /css/style.css HTTP/1.1" 404 257 "http://www.secrepo.com/" "Mozilla/5.0 (Windows NT 10.0; Win64; x64) AppleWebKit/537.36 (KHTML, like Gecko) Chrome/78.0.3904.97 Safari/537.36" 
47.244.228.37 - - [12/Jan/2020:22:29:11 -0800] "GET /bootstrap/img/favicon.ico HTTP/1.1" 200 587 "http://www.secrepo.com/" "Mozilla/5.0 (Windows NT 10.0; Win64; x64) AppleWebKit/537.36 (KHTML, like Gecko) Chrome/78.0.3904.97 Safari/537.36" 
47.244.228.37 - - [12/Jan/2020:22:30:12 -0800] "GET /maccdc2012/dhcp.log.gz HTTP/1.1" 200 44835 "http://www.secrepo.com/" "Mozilla/5.0 (Windows NT 10.0; Win64; x64) AppleWebKit/537.36 (KHTML, like Gecko) Chrome/78.0.3904.97 Safari/537.36" 
47.244.228.37 - - [12/Jan/2020:22:29:38 -0800] "GET /maccdc2012/conn.log.gz HTTP/1.1" 200 45262920 "http://www.secrepo.com/" "Mozilla/5.0 (Windows NT 10.0; Win64; x64) AppleWebKit/537.36 (KHTML, like Gecko) Chrome/78.0.3904.97 Safari/537.36" 
47.244.228.37 - - [12/Jan/2020:22:31:37 -0800] "GET /maccdc2012/conn.log.gz HTTP/1.1" 206 30426400 "http://www.secrepo.com/" "Mozilla/5.0 (Windows NT 10.0; Win64; x64) AppleWebKit/537.36 (KHTML, like Gecko) Chrome/78.0.3904.97 Safari/537.36" 
39.104.235.66 - - [12/Jan/2020:22:37:54 -0800] "GET /wangdafa HTTP/1.1" 404 294 "-" "python-requests/2.22.0" 
170.253.146.8 - - [12/Jan/2020:22:41:21 -0800] "GET / HTTP/1.1" 200 12661 "-" "Mozilla/5.0 (Windows NT 10.0; Win64; x64) AppleWebKit/537.36 (KHTML, like Gecko) Chrome/79.0.3945.117 Safari/537.36" 
170.253.146.8 - - [12/Jan/2020:22:41:21 -0800] "GET /css/style.css HTTP/1.1" 404 271 "http://www.secrepo.com/" "Mozilla/5.0 (Windows NT 10.0; Win64; x64) AppleWebKit/537.36 (KHTML, like Gecko) Chrome/79.0.3945.117 Safari/537.36" 
170.253.146.8 - - [12/Jan/2020:22:41:21 -0800] "GET /twitter-icon.png HTTP/1.1" 200 27810 "http://www.secrepo.com/" "Mozilla/5.0 (Windows NT 10.0; Win64; x64) AppleWebKit/537.36 (KHTML, like Gecko) Chrome/79.0.3945.117 Safari/537.36" 
170.253.146.8 - - [12/Jan/2020:22:41:21 -0800] "GET /GitHub-Mark.png HTTP/1.1" 200 7427 "http://www.secrepo.com/" "Mozilla/5.0 (Windows NT 10.0; Win64; x64) AppleWebKit/537.36 (KHTML, like Gecko) Chrome/79.0.3945.117 Safari/537.36" 
170.253.146.8 - - [12/Jan/2020:22:41:22 -0800] "GET /bootstrap/img/favicon.ico HTTP/1.1" 200 601 "http://www.secrepo.com/" "Mozilla/5.0 (Windows NT 10.0; Win64; x64) AppleWebKit/537.36 (KHTML, like Gecko) Chrome/79.0.3945.117 Safari/537.36" 
14.139.93.243 - - [12/Jan/2020:22:45:32 -0800] "GET /Datasets%20Description/PE_malware/Zeus.html HTTP/1.1" 200 1619 "http://www.secrepo.com/" "Mozilla/5.0 (X11; Linux x86_64) AppleWebKit/537.36 (KHTML, like Gecko) Ubuntu Chromium/74.0.3729.169 Chrome/74.0.3729.169 Safari/537.36" 
14.139.93.243 - - [12/Jan/2020:22:45:48 -0800] "GET /pe_static/apt1.zip HTTP/1.1" 200 671600 "-" "Mozilla/5.0 (X11; Linux x86_64) AppleWebKit/537.36 (KHTML, like Gecko) Ubuntu Chromium/74.0.3729.169 Chrome/74.0.3729.169 Safari/537.36" 
14.139.93.243 - - [12/Jan/2020:22:46:13 -0800] "GET / HTTP/1.1" 200 12662 "http://www.secrepo.com/Datasets%20Description/PE_malware/VirusShare.html" "Mozilla/5.0 (X11; Linux x86_64) AppleWebKit/537.36 (KHTML, like Gecko) Ubuntu Chromium/74.0.3729.169 Chrome/74.0.3729.169 Safari/537.36" 
14.139.93.243 - - [12/Jan/2020:22:46:13 -0800] "GET /css/style.css HTTP/1.1" 404 271 "http://www.secrepo.com/" "Mozilla/5.0 (X11; Linux x86_64) AppleWebKit/537.36 (KHTML, like Gecko) Ubuntu Chromium/74.0.3729.169 Chrome/74.0.3729.169 Safari/537.36" 
157.55.39.100 - - [12/Jan/2020:22:46:43 -0800] "GET / HTTP/1.1" 301 475 "-" "Mozilla/5.0 (compatible; bingbot/2.0; +http://www.bing.com/bingbot.htm)" 
47.244.228.37 - - [12/Jan/2020:22:36:45 -0800] "GET /maccdc2012/conn.log.gz HTTP/1.1" 206 122943680 "http://www.secrepo.com/" "Mozilla/5.0 (Windows NT 10.0; Win64; x64) AppleWebKit/537.36 (KHTML, like Gecko) Chrome/78.0.3904.97 Safari/537.36" 
125.77.51.27 - - [12/Jan/2020:22:49:10 -0800] "GET /maccdc2012/conn.log.gz HTTP/1.1" 200 493480 "-" "Mozilla/5.0 (Windows NT 10.0; Win64; x64) AppleWebKit/537.36 (KHTML, like Gecko) Chrome/78.0.3904.97 Safari/537.36" 
157.55.39.100 - - [12/Jan/2020:22:49:41 -0800] "GET / HTTP/1.1" 200 12662 "-" "Mozilla/5.0 (compatible; bingbot/2.0; +http://www.bing.com/bingbot.htm)" 
75.9.78.214 - - [12/Jan/2020:22:51:04 -0800] "GET / HTTP/1.1" 200 12662 "-" "Mozilla/5.0 (Macintosh; Intel Mac OS X 10_15_1) AppleWebKit/537.36 (KHTML, like Gecko) Chrome/78.0.3904.97 Safari/537.36" 
75.9.78.214 - - [12/Jan/2020:22:51:04 -0800] "GET /css/style.css HTTP/1.1" 404 271 "http://www.secrepo.com/" "Mozilla/5.0 (Macintosh; Intel Mac OS X 10_15_1) AppleWebKit/537.36 (KHTML, like Gecko) Chrome/78.0.3904.97 Safari/537.36" 
75.9.78.214 - - [12/Jan/2020:22:51:04 -0800] "GET /twitter-icon.png HTTP/1.1" 200 27810 "http://www.secrepo.com/" "Mozilla/5.0 (Macintosh; Intel Mac OS X 10_15_1) AppleWebKit/537.36 (KHTML, like Gecko) Chrome/78.0.3904.97 Safari/537.36" 
75.9.78.214 - - [12/Jan/2020:22:51:04 -0800] "GET /GitHub-Mark.png HTTP/1.1" 200 7450 "http://www.secrepo.com/" "Mozilla/5.0 (Macintosh; Intel Mac OS X 10_15_1) AppleWebKit/537.36 (KHTML, like Gecko) Chrome/78.0.3904.97 Safari/537.36" 
75.9.78.214 - - [12/Jan/2020:22:51:04 -0800] "GET /bootstrap/img/favicon.ico HTTP/1.1" 200 601 "http://www.secrepo.com/" "Mozilla/5.0 (Macintosh; Intel Mac OS X 10_15_1) AppleWebKit/537.36 (KHTML, like Gecko) Chrome/78.0.3904.97 Safari/537.36" 
157.55.39.100 - - [12/Jan/2020:22:53:06 -0800] "GET /self.logs/access.log.2018-01-06.gz HTTP/1.1" 200 37157 "-" "Mozilla/5.0 (compatible; bingbot/2.0; +http://www.bing.com/bingbot.htm)" 
106.39.13.237 - - [12/Jan/2020:22:57:09 -0800] "HEAD / HTTP/1.1" 301 223 "-" "python-requests/2.22.0" 
106.39.13.237 - - [12/Jan/2020:22:57:15 -0800] "GET / HTTP/1.1" 301 475 "-" "Mozilla/5.0 (Linux; U; Android 8.0.0; zh-CN; MHA-AL00 Build/HUAWEIMHA-AL00) AppleWebKit/537.36 (KHTML, like Gecko) Version/4.0 Chrome/57.0.2987.108 UCBrowser/12.1.4.994 Mobile Safari/537.36" 
106.39.13.237 - - [12/Jan/2020:22:57:18 -0800] "HEAD / HTTP/1.1" 200 346 "-" "python-requests/2.22.0" 
106.39.13.237 - - [12/Jan/2020:22:57:21 -0800] "GET / HTTP/1.1" 200 12640 "-" "Mozilla/5.0 (Linux; U; Android 8.0.0; zh-CN; MHA-AL00 Build/HUAWEIMHA-AL00) AppleWebKit/537.36 (KHTML, like Gecko) Version/4.0 Chrome/57.0.2987.108 UCBrowser/12.1.4.994 Mobile Safari/537.36" 
106.39.13.237 - - [12/Jan/2020:22:57:23 -0800] "GET /css/style.css HTTP/1.1" 404 271 "http://www.secrepo.com/" "Mozilla/5.0 (Linux; U; Android 8.0.0; zh-CN; MHA-AL00 Build/HUAWEIMHA-AL00) AppleWebKit/537.36 (KHTML, like Gecko) Version/4.0 Chrome/57.0.2987.108 UCBrowser/12.1.4.994 Mobile Safari/537.36" 
106.39.13.237 - - [12/Jan/2020:22:57:26 -0800] "GET / HTTP/1.1" 200 12640 "-" "Mozilla/5.0 (iPhone; CPU iPhone OS 10_1 like Mac OS X) AppleWebKit/602.2.14 (KHTML, like Gecko) Version/10.0 MQQBrowser/8.8.2 Mobile/14B72c Safari/602.1 MttCustomUA/2 QBWebViewType/1 WKType/1" 
106.39.13.237 - - [12/Jan/2020:22:57:26 -0800] "GET /css/style.css HTTP/1.1" 404 271 "http://www.secrepo.com/" "Mozilla/5.0 (iPhone; CPU iPhone OS 10_1 like Mac OS X) AppleWebKit/602.2.14 (KHTML, like Gecko) Version/10.0 MQQBrowser/8.8.2 Mobile/14B72c Safari/602.1 MttCustomUA/2 QBWebViewType/1 WKType/1" 
14.139.93.243 - - [12/Jan/2020:22:45:27 -0800] "GET /pe_static/zeus.zip HTTP/1.1" 200 51367133 "-" "Mozilla/5.0 (X11; Linux x86_64) AppleWebKit/537.36 (KHTML, like Gecko) Ubuntu Chromium/74.0.3729.169 Chrome/74.0.3729.169 Safari/537.36" 
207.46.13.21 - - [12/Jan/2020:23:00:52 -0800] "GET /self.logs/access.log.2017-10-16.gz HTTP/1.1" 200 23768 "-" "Mozilla/5.0 (compatible; bingbot/2.0; +http://www.bing.com/bingbot.htm)" 
77.75.76.171 - - [12/Jan/2020:23:05:22 -0800] "GET /robots.txt HTTP/1.1" 200 288 "-" "Mozilla/5.0 (compatible; SeznamBot/3.2; +http://napoveda.seznam.cz/en/seznambot-intro/)" 
77.75.76.171 - - [12/Jan/2020:23:05:23 -0800] "GET /Datasets%20Description/Network/files.html HTTP/1.1" 304 165 "-" "Mozilla/5.0 (compatible; SeznamBot/3.2; +http://napoveda.seznam.cz/en/seznambot-intro/)" 
77.75.76.171 - - [12/Jan/2020:23:05:23 -0800] "GET /domaindata/domainmovement.zip HTTP/1.1" 200 7437724 "-" "Mozilla/5.0 (compatible; SeznamBot/3.2; +http://napoveda.seznam.cz/en/seznambot-intro/)" 
216.244.66.245 - - [12/Jan/2020:23:07:02 -0800] "GET /self.logs/access.log.2018-06-17.gz HTTP/1.1" 200 21857 "-" "Mozilla/5.0 (compatible; DotBot/1.1; http://www.opensiteexplorer.org/dotbot, help@moz.com)" 
216.244.66.245 - - [12/Jan/2020:23:07:38 -0800] "GET /self.logs/access.log.2015-03-04.gz HTTP/1.1" 404 250 "-" "Mozilla/5.0 (compatible; DotBot/1.1; http://www.opensiteexplorer.org/dotbot, help@moz.com)" 
216.244.66.245 - - [12/Jan/2020:23:07:39 -0800] "GET /self.logs/access.log.2015-04-01.gz HTTP/1.1" 404 250 "-" "Mozilla/5.0 (compatible; DotBot/1.1; http://www.opensiteexplorer.org/dotbot, help@moz.com)" 
216.244.66.245 - - [12/Jan/2020:23:07:40 -0800] "GET /self.logs/access.log.2016-03-14.gz HTTP/1.1" 404 250 "-" "Mozilla/5.0 (compatible; DotBot/1.1; http://www.opensiteexplorer.org/dotbot, help@moz.com)" 
216.244.66.245 - - [12/Jan/2020:23:07:42 -0800] "GET /self.logs/access.log.2016-07-05.gz HTTP/1.1" 404 250 "-" "Mozilla/5.0 (compatible; DotBot/1.1; http://www.opensiteexplorer.org/dotbot, help@moz.com)" 
216.244.66.245 - - [12/Jan/2020:23:07:43 -0800] "GET /self.logs/access.log.2016-07-25.gz HTTP/1.1" 404 250 "-" "Mozilla/5.0 (compatible; DotBot/1.1; http://www.opensiteexplorer.org/dotbot, help@moz.com)" 
216.244.66.245 - - [12/Jan/2020:23:07:44 -0800] "GET /self.logs/access.log.2016-09-24.gz HTTP/1.1" 404 250 "-" "Mozilla/5.0 (compatible; DotBot/1.1; http://www.opensiteexplorer.org/dotbot, help@moz.com)" 
216.244.66.245 - - [12/Jan/2020:23:07:45 -0800] "GET /self.logs/access.log.2016-11-06.gz HTTP/1.1" 404 250 "-" "Mozilla/5.0 (compatible; DotBot/1.1; http://www.opensiteexplorer.org/dotbot, help@moz.com)" 
216.244.66.245 - - [12/Jan/2020:23:07:46 -0800] "GET /self.logs/error.log.2015-03-28.gz HTTP/1.1" 404 250 "-" "Mozilla/5.0 (compatible; DotBot/1.1; http://www.opensiteexplorer.org/dotbot, help@moz.com)" 
216.244.66.245 - - [12/Jan/2020:23:07:47 -0800] "GET /self.logs/error.log.2015-04-26.gz HTTP/1.1" 404 250 "-" "Mozilla/5.0 (compatible; DotBot/1.1; http://www.opensiteexplorer.org/dotbot, help@moz.com)" 
216.244.66.245 - - [12/Jan/2020:23:07:48 -0800] "GET /self.logs/error.log.2015-07-29.gz HTTP/1.1" 404 250 "-" "Mozilla/5.0 (compatible; DotBot/1.1; http://www.opensiteexplorer.org/dotbot, help@moz.com)" 
216.244.66.245 - - [12/Jan/2020:23:07:50 -0800] "GET /self.logs/error.log.2016-11-24.gz HTTP/1.1" 404 250 "-" "Mozilla/5.0 (compatible; DotBot/1.1; http://www.opensiteexplorer.org/dotbot, help@moz.com)" 
113.171.224.176 - - [12/Jan/2020:23:18:55 -0800] "GET /honeypot/Honeypot%20-%20Howto.pdf HTTP/1.1" 200 61320 "-" "Mozilla/5.0 Gecko/20100115 Firefox/3.6" 
207.46.13.236 - - [12/Jan/2020:23:20:47 -0800] "GET /robots.txt HTTP/1.1" 200 288 "-" "Mozilla/5.0 (compatible; bingbot/2.0; +http://www.bing.com/bingbot.htm)" 
1.39.188.119 - - [12/Jan/2020:23:22:07 -0800] "GET / HTTP/1.1" 200 12662 "-" "Mozilla/5.0 (Linux; Android 9; CPH1937) AppleWebKit/537.36 (KHTML, like Gecko) Chrome/79.0.3945.116 Mobile Safari/537.36" 
1.39.188.119 - - [12/Jan/2020:23:22:07 -0800] "GET /css/style.css HTTP/1.1" 404 271 "http://www.secrepo.com/" "Mozilla/5.0 (Linux; Android 9; CPH1937) AppleWebKit/537.36 (KHTML, like Gecko) Chrome/79.0.3945.116 Mobile Safari/537.36" 
1.39.188.119 - - [12/Jan/2020:23:22:07 -0800] "GET /twitter-icon.png HTTP/1.1" 200 27787 "http://www.secrepo.com/" "Mozilla/5.0 (Linux; Android 9; CPH1937) AppleWebKit/537.36 (KHTML, like Gecko) Chrome/79.0.3945.116 Mobile Safari/537.36" 
1.39.188.119 - - [12/Jan/2020:23:22:07 -0800] "GET /GitHub-Mark.png HTTP/1.1" 200 7450 "http://www.secrepo.com/" "Mozilla/5.0 (Linux; Android 9; CPH1937) AppleWebKit/537.36 (KHTML, like Gecko) Chrome/79.0.3945.116 Mobile Safari/537.36" 
1.39.188.119 - - [12/Jan/2020:23:23:19 -0800] "GET /bootstrap/img/favicon.ico HTTP/1.1" 200 624 "http://www.secrepo.com/" "Mozilla/5.0 (Linux; Android 9; CPH1937) AppleWebKit/537.36 (KHTML, like Gecko) Chrome/79.0.3945.116 Mobile Safari/537.36" 
42.61.10.242 - - [12/Jan/2020:23:26:32 -0800] "GET / HTTP/1.1" 200 12662 "-" "Mozilla/5.0 (iPhone; CPU iPhone OS 13_3 like Mac OS X) AppleWebKit/605.1.15 (KHTML, like Gecko) Version/13.0.4 Mobile/15E148 Safari/604.1" 
42.61.10.242 - - [12/Jan/2020:23:26:33 -0800] "GET /apple-touch-icon-120x120-precomposed.png HTTP/1.1" 404 294 "-" "MobileSafari/604.1 CFNetwork/1121.2.2 Darwin/19.2.0" 
42.61.10.242 - - [12/Jan/2020:23:26:33 -0800] "GET /apple-touch-icon-120x120.png HTTP/1.1" 404 271 "-" "MobileSafari/604.1 CFNetwork/1121.2.2 Darwin/19.2.0" 
42.61.10.242 - - [12/Jan/2020:23:26:34 -0800] "GET /apple-touch-icon-precomposed.png HTTP/1.1" 404 271 "-" "MobileSafari/604.1 CFNetwork/1121.2.2 Darwin/19.2.0" 
