158.93.6.11 - - [12/Feb/2024:14:50:15 -0800] "GET /favicon.ico HTTP/1.1" 200 368 "http://www.secrepo.com/Datasets%20Description/Network/http.html" "Mozilla/5.0 (Windows NT 10.0; Win64; x64; rv:122.0) Gecko/20100101 Firefox/122.0" 
54.36.148.121 - - [12/Feb/2024:14:50:27 -0800] "GET /robots.txt HTTP/1.1" 200 333 "-" "Mozilla/5.0 (compatible; AhrefsBot/7.0; +http://ahrefs.com/robot/)" 
66.249.64.106 - - [12/Feb/2024:14:53:07 -0800] "GET /self.logs/error.log.2022-04-06 HTTP/1.1" 200 351 "-" "Mozilla/5.0 (Linux; Android 6.0.1; Nexus 5X Build/MMB29P) AppleWebKit/537.36 (KHTML, like Gecko) Chrome/121.0.6167.85 Mobile Safari/537.36 (compatible; Googlebot/2.1; +http://www.google.com/bot.html)" 
3.221.137.102 - - [12/Feb/2024:14:57:46 -0800] "GET /robots.txt HTTP/1.1" 301 495 "-" "amazon-kendra-customer-id-7ef387b590a0d017bc16c423aea2f621571da58fc7df8dcdd606efa762000bb4c50f08bf94cd1257be3c70d6f1976cb9" 
3.221.137.102 - - [12/Feb/2024:14:57:46 -0800] "GET /robots.txt HTTP/1.1" 200 377 "-" "amazon-kendra-customer-id-7ef387b590a0d017bc16c423aea2f621571da58fc7df8dcdd606efa762000bb4c50f08bf94cd1257be3c70d6f1976cb9" 
114.119.155.236 - - [12/Feb/2024:15:07:38 -0800] "GET /self.logs/error.log.2020-11-28 HTTP/1.1" 200 351 "http://www.secrepo.com/self.logs?C=N%3BO%3DD" "Mozilla/5.0 (Linux; Android 7.0;) AppleWebKit/537.36 (KHTML, like Gecko) Mobile Safari/537.36 (compatible; PetalBot;+https://webmaster.petalsearch.com/site/petalbot)" 
113.24.224.150 - - [12/Feb/2024:15:07:47 -0800] "GET / HTTP/1.1" 200 13186 "http://www.baidu.com/s?wd=appearancepnd" "Mozilla/5.0 (Windows NT 6.1; WOW64; rv:43.0) Gecko/20100101 Firefox/43.0" 
113.24.224.150 - - [12/Feb/2024:15:07:47 -0800] "GET /css/style.css HTTP/1.1" 404 305 "http://www.secrepo.com/" "Mozilla/5.0 (Windows NT 6.1; WOW64; rv:43.0) Gecko/20100101 Firefox/43.0" 
114.119.142.8 - - [12/Feb/2024:15:09:02 -0800] "GET /self.logs/error.log.2020-10-26 HTTP/1.1" 200 351 "http://www.secrepo.com/self.logs?C=N%3BO%3DD" "Mozilla/5.0 (Linux; Android 7.0;) AppleWebKit/537.36 (KHTML, like Gecko) Mobile Safari/537.36 (compatible; PetalBot;+https://webmaster.petalsearch.com/site/petalbot)" 
114.119.142.8 - - [12/Feb/2024:15:28:30 -0800] "GET /self.logs/error.log.2020-12-12 HTTP/1.1" 200 351 "http://www.secrepo.com/self.logs?C=N%3BO%3DD" "Mozilla/5.0 (Linux; Android 7.0;) AppleWebKit/537.36 (KHTML, like Gecko) Mobile Safari/537.36 (compatible; PetalBot;+https://webmaster.petalsearch.com/site/petalbot)" 
52.167.144.184 - - [12/Feb/2024:15:42:32 -0800] "GET /self.logs/error.log.2023-12-25.gz HTTP/1.1" 200 4943 "-" "Mozilla/5.0 AppleWebKit/537.36 (KHTML, like Gecko; compatible; bingbot/2.0; +http://www.bing.com/bingbot.htm) Chrome/116.0.1938.76 Safari/537.36" 
35.169.247.33 - - [12/Feb/2024:15:58:35 -0800] "GET /robots.txt HTTP/1.1" 301 495 "-" "amazon-kendra-customer-id-7ef387b590a0d017bc16c423aea2f621571da58fc7df8dcdd606efa762000bb4c50f08bf94cd1257be3c70d6f1976cb9" 
35.169.247.33 - - [12/Feb/2024:15:58:35 -0800] "GET /robots.txt HTTP/1.1" 200 377 "-" "amazon-kendra-customer-id-7ef387b590a0d017bc16c423aea2f621571da58fc7df8dcdd606efa762000bb4c50f08bf94cd1257be3c70d6f1976cb9" 
66.249.64.107 - - [12/Feb/2024:16:04:33 -0800] "GET / HTTP/1.1" 200 13186 "-" "Mozilla/5.0 (compatible; Googlebot/2.1; +http://www.google.com/bot.html)" 
66.249.64.108 - - [12/Feb/2024:16:04:36 -0800] "GET /css/style.css HTTP/1.1" 404 328 "http://www.secrepo.com/" "Mozilla/5.0 AppleWebKit/537.36 (KHTML, like Gecko; compatible; Googlebot/2.1; +http://www.google.com/bot.html) Chrome/121.0.6167.85 Safari/537.36" 
114.119.142.8 - - [12/Feb/2024:16:55:00 -0800] "GET /self.logs/error.log.2020-05-30 HTTP/1.1" 200 351 "http://www.secrepo.com/self.logs?C=N%3BO%3DD" "Mozilla/5.0 (Linux; Android 7.0;) AppleWebKit/537.36 (KHTML, like Gecko) Mobile Safari/537.36 (compatible; PetalBot;+https://webmaster.petalsearch.com/site/petalbot)" 
35.169.247.33 - - [12/Feb/2024:16:58:08 -0800] "GET /robots.txt HTTP/1.1" 301 495 "-" "amazon-kendra-customer-id-7ef387b590a0d017bc16c423aea2f621571da58fc7df8dcdd606efa762000bb4c50f08bf94cd1257be3c70d6f1976cb9" 
35.169.247.33 - - [12/Feb/2024:16:58:08 -0800] "GET /robots.txt HTTP/1.1" 200 377 "-" "amazon-kendra-customer-id-7ef387b590a0d017bc16c423aea2f621571da58fc7df8dcdd606efa762000bb4c50f08bf94cd1257be3c70d6f1976cb9" 
120.92.72.106 - - [12/Feb/2024:17:07:43 -0800] "GET / HTTP/1.1" 200 13186 "-" "Mozilla/5.0 (Windows NT 10.0; Win64; x64) AppleWebKit/537.36 (KHTML, like Gecko) Chrome/59.0.3071.115 Safari/537.36" 
114.119.150.155 - - [12/Feb/2024:17:08:46 -0800] "GET /self.logs/error.log.2020-05-10 HTTP/1.1" 200 351 "http://www.secrepo.com/self.logs?C=N%3BO%3DD" "Mozilla/5.0 (Linux; Android 7.0;) AppleWebKit/537.36 (KHTML, like Gecko) Mobile Safari/537.36 (compatible; PetalBot;+https://webmaster.petalsearch.com/site/petalbot)" 
114.119.142.8 - - [12/Feb/2024:17:10:10 -0800] "GET /self.logs/error.log.2020-01-30 HTTP/1.1" 200 351 "http://www.secrepo.com/self.logs?C=N%3BO%3DD" "Mozilla/5.0 (Linux; Android 7.0;) AppleWebKit/537.36 (KHTML, like Gecko) Mobile Safari/537.36 (compatible; PetalBot;+https://webmaster.petalsearch.com/site/petalbot)" 
114.119.128.10 - - [12/Feb/2024:17:11:32 -0800] "GET /Datasets%20Description/HTML_Bro_log_3/packet_filter.html HTTP/1.1" 200 1725 "http://www.secrepo.com/Datasets%20Description/HTML_Bro_log_3" "Mozilla/5.0 (Linux; Android 7.0;) AppleWebKit/537.36 (KHTML, like Gecko) Mobile Safari/537.36 (compatible; PetalBot;+https://webmaster.petalsearch.com/site/petalbot)" 
198.235.24.101 - - [12/Feb/2024:17:19:29 -0800] "GET / HTTP/1.1" 301 419 "-" "Expanse, a Palo Alto Networks company, searches across the global IPv4 space multiple times per day to identify customers&#39; presences on the Internet. If you would like to be excluded from our scans, please send IP addresses/domains to: scaninfo@paloaltonetworks.com" 
114.119.140.107 - - [12/Feb/2024:17:29:06 -0800] "GET /self.logs/error.log.2020-06-08 HTTP/1.1" 200 351 "http://www.secrepo.com/self.logs?C=N%3BO%3DD" "Mozilla/5.0 (Linux; Android 7.0;) AppleWebKit/537.36 (KHTML, like Gecko) Mobile Safari/537.36 (compatible; PetalBot;+https://webmaster.petalsearch.com/site/petalbot)" 
113.134.9.155 - - [12/Feb/2024:17:41:45 -0800] "GET / HTTP/1.1" 200 13186 "http://www.secrepo.com/" "Mozilla/5.0 (Windows NT 6.1; WOW64) AppleWebKit/537.36 (KHTML, like Gecko) Chrome/50.0.2661.102 Safari/537.36" 
123.126.50.137 - - [12/Feb/2024:17:52:25 -0800] "GET / HTTP/1.1" 200 13149 "-" "Sogou web spider/4.0(+http://www.sogou.com/docs/help/webmasters.htm#07)" 
3.221.137.102 - - [12/Feb/2024:17:57:41 -0800] "GET /robots.txt HTTP/1.1" 301 495 "-" "amazon-kendra-customer-id-7ef387b590a0d017bc16c423aea2f621571da58fc7df8dcdd606efa762000bb4c50f08bf94cd1257be3c70d6f1976cb9" 
3.221.137.102 - - [12/Feb/2024:17:57:41 -0800] "GET /robots.txt HTTP/1.1" 200 377 "-" "amazon-kendra-customer-id-7ef387b590a0d017bc16c423aea2f621571da58fc7df8dcdd606efa762000bb4c50f08bf94cd1257be3c70d6f1976cb9" 
51.222.253.17 - - [12/Feb/2024:17:59:07 -0800] "GET /Datasets%20Description/Network/notice.html HTTP/1.1" 200 1606 "-" "Mozilla/5.0 (compatible; AhrefsBot/7.0; +http://ahrefs.com/robot/)" 
43.137.1.24 - - [12/Feb/2024:18:18:27 -0800] "HEAD / HTTP/1.1" 200 388 "-" "Mozilla/5.0 (Windows NT 10.0; Win64; x64) AppleWebKit/537.36 (KHTML, like Gecko) Chrome/80.0.3987.149 Safari/537.36" 
43.137.1.24 - - [12/Feb/2024:18:18:28 -0800] "GET / HTTP/1.1" 200 13187 "-" "Mozilla/5.0 (Linux; Android 10; JSN-AL00 Build/HONORJSN-AL00; wv) AppleWebKit/537.36 (KHTML, like Gecko) Version/4.0 Chrome/80.0.3987.99 Mobile Safari/537.36" 
43.137.1.24 - - [12/Feb/2024:18:18:28 -0800] "GET /css/style.css HTTP/1.1" 404 305 "http://www.secrepo.com/" "Mozilla/5.0 (Linux; Android 10; JSN-AL00 Build/HONORJSN-AL00; wv) AppleWebKit/537.36 (KHTML, like Gecko) Version/4.0 Chrome/80.0.3987.99 Mobile Safari/537.36" 
43.137.1.24 - - [12/Feb/2024:18:18:29 -0800] "GET /twitter-icon.png HTTP/1.1" 200 27916 "http://www.secrepo.com/" "Mozilla/5.0 (Linux; Android 10; JSN-AL00 Build/HONORJSN-AL00; wv) AppleWebKit/537.36 (KHTML, like Gecko) Version/4.0 Chrome/80.0.3987.99 Mobile Safari/537.36" 
43.137.1.24 - - [12/Feb/2024:18:18:29 -0800] "GET /GitHub-Mark.png HTTP/1.1" 200 7533 "http://www.secrepo.com/" "Mozilla/5.0 (Linux; Android 10; JSN-AL00 Build/HONORJSN-AL00; wv) AppleWebKit/537.36 (KHTML, like Gecko) Version/4.0 Chrome/80.0.3987.99 Mobile Safari/537.36" 
114.119.157.24 - - [12/Feb/2024:18:23:47 -0800] "GET /self.logs/error.log.2020-08-24 HTTP/1.1" 200 351 "http://www.secrepo.com/self.logs?C=N%3BO%3DD" "Mozilla/5.0 (Linux; Android 7.0;) AppleWebKit/537.36 (KHTML, like Gecko) Mobile Safari/537.36 (compatible; PetalBot;+https://webmaster.petalsearch.com/site/petalbot)" 
51.222.253.14 - - [12/Feb/2024:18:26:45 -0800] "GET /Datasets%20Description/HTML_Bro_log_1/ssl.html HTTP/1.1" 200 1816 "-" "Mozilla/5.0 (compatible; AhrefsBot/7.0; +http://ahrefs.com/robot/)" 
51.222.253.11 - - [12/Feb/2024:18:54:10 -0800] "GET /Datasets%20Description/HTML_Bro_log_2/ HTTP/1.1" 200 788 "-" "Mozilla/5.0 (compatible; AhrefsBot/7.0; +http://ahrefs.com/robot/)" 
35.169.247.33 - - [12/Feb/2024:18:58:21 -0800] "GET /robots.txt HTTP/1.1" 301 495 "-" "amazon-kendra-customer-id-7ef387b590a0d017bc16c423aea2f621571da58fc7df8dcdd606efa762000bb4c50f08bf94cd1257be3c70d6f1976cb9" 
35.169.247.33 - - [12/Feb/2024:18:58:21 -0800] "GET /robots.txt HTTP/1.1" 200 377 "-" "amazon-kendra-customer-id-7ef387b590a0d017bc16c423aea2f621571da58fc7df8dcdd606efa762000bb4c50f08bf94cd1257be3c70d6f1976cb9" 
58.220.27.162 - - [12/Feb/2024:18:58:47 -0800] "GET / HTTP/1.1" 200 13187 "-" "Mozilla/5.0 (Windows NT 10.0; Win64; x64) AppleWebKit/537.36 (KHTML, like Gecko) Chrome/97.0.4280.67 Safari/537.36 Edg/97.0.664.52" 
114.119.150.155 - - [12/Feb/2024:19:03:30 -0800] "GET /Datasets%20Description/HTML_Bro_log_1/notice.html HTTP/1.1" 200 2001 "http://www.secrepo.com/Datasets%20Description/HTML_Bro_log_1/?C=M%3BO%3DA" "Mozilla/5.0 (Linux; Android 7.0;) AppleWebKit/537.36 (KHTML, like Gecko) Mobile Safari/537.36 (compatible; PetalBot;+https://webmaster.petalsearch.com/site/petalbot)" 
51.222.253.5 - - [12/Feb/2024:19:21:43 -0800] "GET /Datasets%20Description/HTML_Bro_log_1/dpd.html HTTP/1.1" 200 1620 "-" "Mozilla/5.0 (compatible; AhrefsBot/7.0; +http://ahrefs.com/robot/)" 
111.202.101.147 - - [12/Feb/2024:19:29:17 -0800] "GET / HTTP/1.1" 200 13149 "-" "Sogou web spider/4.0(+http://www.sogou.com/docs/help/webmasters.htm#07)" 
114.119.150.155 - - [12/Feb/2024:19:38:44 -0800] "GET /Datasets%20Description HTTP/1.1" 301 589 "http://www.secrepo.com/Datasets%20Description/Network?C=N%3BO%3DD" "Mozilla/5.0 (Linux; Android 7.0;) AppleWebKit/537.36 (KHTML, like Gecko) Mobile Safari/537.36 (compatible; PetalBot;+https://webmaster.petalsearch.com/site/petalbot)" 
114.119.150.155 - - [12/Feb/2024:19:38:45 -0800] "GET /Datasets%20Description/ HTTP/1.1" 200 654 "http://www.secrepo.com/Datasets%20Description/Network?C=N%3BO%3DD" "Mozilla/5.0 (Linux; Android 7.0;) AppleWebKit/537.36 (KHTML, like Gecko) Mobile Safari/537.36 (compatible; PetalBot;+https://webmaster.petalsearch.com/site/petalbot)" 
50.92.164.164 - - [12/Feb/2024:19:43:28 -0800] "GET / HTTP/1.1" 200 13186 "-" "Mozilla/5.0 (iPhone; CPU iPhone OS 16_4_1 like Mac OS X) AppleWebKit/605.1.15 (KHTML, like Gecko) Mobile/15E148 MicroMessenger/8.0.37(0x1800252f) NetType/WIFI Language/zh_CN" 
50.92.164.164 - - [12/Feb/2024:19:43:28 -0800] "GET /twitter-icon.png HTTP/1.1" 200 27893 "http://www.secrepo.com/" "Mozilla/5.0 (iPhone; CPU iPhone OS 16_4_1 like Mac OS X) AppleWebKit/605.1.15 (KHTML, like Gecko) Mobile/15E148 MicroMessenger/8.0.37(0x1800252f) NetType/WIFI Language/zh_CN" 
50.92.164.164 - - [12/Feb/2024:19:43:28 -0800] "GET /css/style.css HTTP/1.1" 404 328 "http://www.secrepo.com/" "Mozilla/5.0 (iPhone; CPU iPhone OS 16_4_1 like Mac OS X) AppleWebKit/605.1.15 (KHTML, like Gecko) Mobile/15E148 MicroMessenger/8.0.37(0x1800252f) NetType/WIFI Language/zh_CN" 
50.92.164.164 - - [12/Feb/2024:19:43:28 -0800] "GET /GitHub-Mark.png HTTP/1.1" 200 7533 "http://www.secrepo.com/" "Mozilla/5.0 (iPhone; CPU iPhone OS 16_4_1 like Mac OS X) AppleWebKit/605.1.15 (KHTML, like Gecko) Mobile/15E148 MicroMessenger/8.0.37(0x1800252f) NetType/WIFI Language/zh_CN" 
44.200.21.79 - - [12/Feb/2024:19:53:28 -0800] "GET /robots.txt HTTP/1.1" 200 377 "-" "ClaudeBot" 
44.200.21.79 - - [12/Feb/2024:19:53:28 -0800] "GET / HTTP/1.1" 200 13186 "-" "ClaudeBot" 
3.83.187.181 - - [12/Feb/2024:19:57:01 -0800] "GET / HTTP/1.1" 200 13186 "-" "ClaudeBot" 
3.221.137.102 - - [12/Feb/2024:19:57:41 -0800] "GET /robots.txt HTTP/1.1" 301 495 "-" "amazon-kendra-customer-id-7ef387b590a0d017bc16c423aea2f621571da58fc7df8dcdd606efa762000bb4c50f08bf94cd1257be3c70d6f1976cb9" 
3.221.137.102 - - [12/Feb/2024:19:57:41 -0800] "GET /robots.txt HTTP/1.1" 200 377 "-" "amazon-kendra-customer-id-7ef387b590a0d017bc16c423aea2f621571da58fc7df8dcdd606efa762000bb4c50f08bf94cd1257be3c70d6f1976cb9" 
43.159.63.75 - - [12/Feb/2024:20:31:51 -0800] "GET / HTTP/1.1" 200 13148 "-" "Mozilla/5.0 (iPhone; CPU iPhone OS 13_2_3 like Mac OS X) AppleWebKit/605.1.15 (KHTML, like Gecko) Version/13.0.3 Mobile/15E148 Safari/604.1" 
51.222.253.15 - - [12/Feb/2024:20:47:20 -0800] "GET /Datasets%20Description/Network/http.html HTTP/1.1" 200 1665 "-" "Mozilla/5.0 (compatible; AhrefsBot/7.0; +http://ahrefs.com/robot/)" 
35.169.247.33 - - [12/Feb/2024:20:58:22 -0800] "GET /robots.txt HTTP/1.1" 301 495 "-" "amazon-kendra-customer-id-7ef387b590a0d017bc16c423aea2f621571da58fc7df8dcdd606efa762000bb4c50f08bf94cd1257be3c70d6f1976cb9" 
35.169.247.33 - - [12/Feb/2024:20:58:22 -0800] "GET /robots.txt HTTP/1.1" 200 377 "-" "amazon-kendra-customer-id-7ef387b590a0d017bc16c423aea2f621571da58fc7df8dcdd606efa762000bb4c50f08bf94cd1257be3c70d6f1976cb9" 
72.90.81.11 - - [12/Feb/2024:21:06:31 -0800] "HEAD / HTTP/1.1" 200 425 "-" "Mozilla/5.0 (compatible; Fess/14.10; +http://fess.codelibs.org/bot.html)" 
72.90.81.11 - - [12/Feb/2024:21:06:31 -0800] "GET / HTTP/1.1" 200 13163 "-" "Mozilla/5.0 (compatible; Fess/14.10; +http://fess.codelibs.org/bot.html)" 
72.90.81.11 - - [12/Feb/2024:21:06:45 -0800] "HEAD / HTTP/1.1" 200 425 "-" "Mozilla/5.0 (compatible; Fess/14.10; +http://fess.codelibs.org/bot.html)" 
207.46.13.17 - - [12/Feb/2024:21:13:05 -0800] "GET /self.logs/access.log.2023-12-14.gz HTTP/1.1" 200 13713 "-" "Mozilla/5.0 AppleWebKit/537.36 (KHTML, like Gecko; compatible; bingbot/2.0; +http://www.bing.com/bingbot.htm) Chrome/116.0.1938.76 Safari/537.36" 
51.222.253.13 - - [12/Feb/2024:21:15:07 -0800] "GET /Datasets%20Description/HTML_Bro_log_1/notice.html HTTP/1.1" 200 1957 "-" "Mozilla/5.0 (compatible; AhrefsBot/7.0; +http://ahrefs.com/robot/)" 
66.249.70.71 - - [12/Feb/2024:21:19:34 -0800] "GET / HTTP/1.1" 301 475 "-" "Mozilla/5.0 (compatible; Googlebot/2.1; +http://www.google.com/bot.html)" 
66.249.64.106 - - [12/Feb/2024:21:19:34 -0800] "GET / HTTP/1.1" 200 13186 "-" "Mozilla/5.0 (compatible; Googlebot/2.1; +http://www.google.com/bot.html)" 
66.249.64.106 - - [12/Feb/2024:21:19:35 -0800] "GET /css/style.css HTTP/1.1" 404 305 "http://www.secrepo.com/" "Mozilla/5.0 AppleWebKit/537.36 (KHTML, like Gecko; compatible; Googlebot/2.1; +http://www.google.com/bot.html) Chrome/121.0.6167.85 Safari/537.36" 
66.249.64.107 - - [12/Feb/2024:21:23:19 -0800] "GET / HTTP/1.1" 200 13186 "-" "Mozilla/5.0 (compatible; Googlebot/2.1; +http://www.google.com/bot.html)" 
66.249.64.108 - - [12/Feb/2024:21:23:23 -0800] "GET /css/style.css HTTP/1.1" 404 328 "http://www.secrepo.com/" "Mozilla/5.0 AppleWebKit/537.36 (KHTML, like Gecko; compatible; Googlebot/2.1; +http://www.google.com/bot.html) Chrome/121.0.6167.85 Safari/537.36" 
54.224.55.23 - - [12/Feb/2024:21:44:16 -0800] "GET /robots.txt HTTP/1.1" 200 377 "-" "ClaudeBot" 
54.224.55.23 - - [12/Feb/2024:21:44:16 -0800] "GET /Datasets%20Description/PE_malware/%20https:/cyber.bgu.ac.il/wp-content/uploads/2017/10/07346821.pdf HTTP/1.1" 404 328 "-" "ClaudeBot" 
51.222.253.8 - - [12/Feb/2024:21:46:09 -0800] "GET /Datasets%20Description/HTML_Bro_log_1/weird.html HTTP/1.1" 200 1893 "-" "Mozilla/5.0 (compatible; AhrefsBot/7.0; +http://ahrefs.com/robot/)" 
185.191.171.7 - - [12/Feb/2024:21:47:59 -0800] "GET /self.logs/error.log.2021-03-18 HTTP/1.1" 200 314 "-" "Mozilla/5.0 (compatible; SemrushBot/7~bl; +http://www.semrush.com/bot.html)" 
61.135.159.170 - - [12/Feb/2024:21:49:18 -0800] "GET / HTTP/1.1" 200 13149 "-" "Sogou web spider/4.0(+http://www.sogou.com/docs/help/webmasters.htm#07)" 
54.224.55.23 - - [12/Feb/2024:21:51:09 -0800] "GET /Datasets%20Description/HTML_Bro_log_1/%20http:/gauss.ececs.uc.edu/Courses/c6055/pdf/bro_log_vars.pdf HTTP/1.1" 404 328 "-" "ClaudeBot" 
3.221.137.102 - - [12/Feb/2024:21:57:39 -0800] "GET /robots.txt HTTP/1.1" 301 495 "-" "amazon-kendra-customer-id-7ef387b590a0d017bc16c423aea2f621571da58fc7df8dcdd606efa762000bb4c50f08bf94cd1257be3c70d6f1976cb9" 
3.221.137.102 - - [12/Feb/2024:21:57:39 -0800] "GET /robots.txt HTTP/1.1" 200 377 "-" "amazon-kendra-customer-id-7ef387b590a0d017bc16c423aea2f621571da58fc7df8dcdd606efa762000bb4c50f08bf94cd1257be3c70d6f1976cb9" 
121.22.248.38 - - [12/Feb/2024:22:02:51 -0800] "GET /admin.php HTTP/1.1" 404 328 "-" "python-requests/2.31.0" 
121.22.248.38 - - [12/Feb/2024:22:02:52 -0800] "GET /admin/login.php HTTP/1.1" 404 328 "-" "python-requests/2.31.0" 
121.22.248.38 - - [12/Feb/2024:22:03:08 -0800] "GET /index.php?m=admin&c=index&a=login HTTP/1.1" 404 328 "-" "python-requests/2.31.0" 
52.167.144.206 - - [12/Feb/2024:22:15:11 -0800] "GET /self.logs/access.log.2023-12-25.gz HTTP/1.1" 200 35682 "-" "Mozilla/5.0 AppleWebKit/537.36 (KHTML, like Gecko; compatible; bingbot/2.0; +http://www.bing.com/bingbot.htm) Chrome/116.0.1938.76 Safari/537.36" 
66.249.70.71 - - [12/Feb/2024:22:18:41 -0800] "GET / HTTP/1.1" 301 475 "-" "Mozilla/5.0 (compatible; Googlebot/2.1; +http://www.google.com/bot.html)" 
66.249.64.106 - - [12/Feb/2024:22:18:41 -0800] "GET / HTTP/1.1" 200 13186 "-" "Mozilla/5.0 (compatible; Googlebot/2.1; +http://www.google.com/bot.html)" 
66.249.64.107 - - [12/Feb/2024:22:19:02 -0800] "GET /css/style.css HTTP/1.1" 404 328 "http://www.secrepo.com/" "Mozilla/5.0 AppleWebKit/537.36 (KHTML, like Gecko; compatible; Googlebot/2.1; +http://www.google.com/bot.html) Chrome/121.0.6167.85 Safari/537.36" 
51.222.253.11 - - [12/Feb/2024:22:21:02 -0800] "GET /Datasets%20Description/HTML_Bro_log_1/ HTTP/1.1" 200 790 "-" "Mozilla/5.0 (compatible; AhrefsBot/7.0; +http://ahrefs.com/robot/)" 
66.249.64.106 - - [12/Feb/2024:22:24:20 -0800] "GET / HTTP/1.1" 200 13186 "-" "Mozilla/5.0 (compatible; Googlebot/2.1; +http://www.google.com/bot.html)" 
66.249.64.108 - - [12/Feb/2024:22:24:21 -0800] "GET /css/style.css HTTP/1.1" 404 328 "http://www.secrepo.com/" "Mozilla/5.0 AppleWebKit/537.36 (KHTML, like Gecko; compatible; Googlebot/2.1; +http://www.google.com/bot.html) Chrome/121.0.6167.85 Safari/537.36" 
44.192.51.188 - - [12/Feb/2024:22:25:19 -0800] "GET /robots.txt HTTP/1.1" 200 377 "-" "ClaudeBot" 
44.192.51.188 - - [12/Feb/2024:22:25:20 -0800] "GET / HTTP/1.1" 200 13186 "-" "ClaudeBot" 
38.150.12.151 - - [12/Feb/2024:22:28:09 -0800] "GET /favicon.ico HTTP/1.1" 304 217 "-" "Mozilla/5.0 (Windows NT 10.0; WOW64) AppleWebKit/537.36 (KHTML, like Gecko) Chrome/86.0.4240.198 Safari/537.36" 
44.220.139.255 - - [12/Feb/2024:22:39:26 -0800] "GET /robots.txt HTTP/1.1" 200 377 "-" "ClaudeBot" 
44.192.114.168 - - [12/Feb/2024:22:39:39 -0800] "GET /Datasets%20Description/HTML_Bro_log_2/%20http:/gauss.ececs.uc.edu/Courses/c6055/pdf/bro_log_vars.pdf HTTP/1.1" 404 328 "-" "ClaudeBot" 
44.220.139.255 - - [12/Feb/2024:22:39:26 -0800] "GET /honeypot/Honeypot%20-%20Howto%20-%20BSides%20Austin.pdf HTTP/1.1" 200 2928571 "-" "ClaudeBot" 
101.206.126.198 - - [12/Feb/2024:22:40:21 -0800] "GET /maccdc2012/maccdc2012_full_alert.7z HTTP/1.1" 200 79072 "-" "Mozilla/5.0 (Windows NT 10.0; Win64; x64) AppleWebKit/537.36 (KHTML, like Gecko) Chrome/107.0.0.0 Safari/537.36" 
101.206.126.198 - - [12/Feb/2024:22:40:21 -0800] "GET /tg/a.zip HTTP/1.1" 200 79072 "-" "Mozilla/5.0 (Windows NT 10.0; Win64; x64) AppleWebKit/537.36 (KHTML, like Gecko) Chrome/107.0.0.0 Safari/537.36" 
101.206.126.198 - - [12/Feb/2024:22:40:23 -0800] "GET /maccdc2012/maccdc2012_fast_alert.7z HTTP/1.1" 200 79072 "-" "Mozilla/5.0 (Windows NT 10.0; Win64; x64) AppleWebKit/537.36 (KHTML, like Gecko) Chrome/107.0.0.0 Safari/537.36" 
101.206.126.198 - - [12/Feb/2024:22:40:25 -0800] "GET /Datasets20Description/Network/weird.html HTTP/1.1" 404 284 "-" "Mozilla/5.0 (Windows NT 10.0; Win64; x64) AppleWebKit/537.36 (KHTML, like Gecko) Chrome/107.0.0.0 Safari/537.36" 
101.206.126.198 - - [12/Feb/2024:22:40:27 -0800] "GET /maccdc2012/weird.log.gz HTTP/1.1" 200 79072 "-" "Mozilla/5.0 (Windows NT 10.0; Win64; x64) AppleWebKit/537.36 (KHTML, like Gecko) Chrome/107.0.0.0 Safari/537.36" 
101.206.126.198 - - [12/Feb/2024:22:40:29 -0800] "GET /Datasets20Description/Network/tunnel.html HTTP/1.1" 404 284 "-" "Mozilla/5.0 (Windows NT 10.0; Win64; x64) AppleWebKit/537.36 (KHTML, like Gecko) Chrome/107.0.0.0 Safari/537.36" 
101.206.126.198 - - [12/Feb/2024:22:40:31 -0800] "GET /maccdc2012/tunnel.log.gz HTTP/1.1" 200 5238 "-" "Mozilla/5.0 (Windows NT 10.0; Win64; x64) AppleWebKit/537.36 (KHTML, like Gecko) Chrome/107.0.0.0 Safari/537.36" 
101.206.126.198 - - [12/Feb/2024:22:40:32 -0800] "GET /Datasets20Description/Network/ssl.html HTTP/1.1" 404 284 "-" "Mozilla/5.0 (Windows NT 10.0; Win64; x64) AppleWebKit/537.36 (KHTML, like Gecko) Chrome/107.0.0.0 Safari/537.36" 
101.206.126.198 - - [12/Feb/2024:22:40:33 -0800] "GET /maccdc2012/ssl.log.gz HTTP/1.1" 200 79072 "-" "Mozilla/5.0 (Windows NT 10.0; Win64; x64) AppleWebKit/537.36 (KHTML, like Gecko) Chrome/107.0.0.0 Safari/537.36" 
101.206.126.198 - - [12/Feb/2024:22:40:34 -0800] "GET /Datasets20Description/Network/ssh.html HTTP/1.1" 404 284 "-" "Mozilla/5.0 (Windows NT 10.0; Win64; x64) AppleWebKit/537.36 (KHTML, like Gecko) Chrome/107.0.0.0 Safari/537.36" 
101.206.126.198 - - [12/Feb/2024:22:40:35 -0800] "GET /maccdc2012/ssh.log.gz HTTP/1.1" 200 79072 "-" "Mozilla/5.0 (Windows NT 10.0; Win64; x64) AppleWebKit/537.36 (KHTML, like Gecko) Chrome/107.0.0.0 Safari/537.36" 
101.206.126.198 - - [12/Feb/2024:22:40:36 -0800] "GET /Datasets20Description/Network/smtp.html HTTP/1.1" 404 284 "-" "Mozilla/5.0 (Windows NT 10.0; Win64; x64) AppleWebKit/537.36 (KHTML, like Gecko) Chrome/107.0.0.0 Safari/537.36" 
101.206.126.198 - - [12/Feb/2024:22:40:37 -0800] "GET /maccdc2012/smtp.log.gz HTTP/1.1" 200 6912 "-" "Mozilla/5.0 (Windows NT 10.0; Win64; x64) AppleWebKit/537.36 (KHTML, like Gecko) Chrome/107.0.0.0 Safari/537.36" 
101.206.126.198 - - [12/Feb/2024:22:40:38 -0800] "GET /Datasets20Description/Network/signatures.html HTTP/1.1" 404 284 "-" "Mozilla/5.0 (Windows NT 10.0; Win64; x64) AppleWebKit/537.36 (KHTML, like Gecko) Chrome/107.0.0.0 Safari/537.36" 
101.206.126.198 - - [12/Feb/2024:22:40:38 -0800] "GET /maccdc2012/signatures.log.gz HTTP/1.1" 200 624 "-" "Mozilla/5.0 (Windows NT 10.0; Win64; x64) AppleWebKit/537.36 (KHTML, like Gecko) Chrome/107.0.0.0 Safari/537.36" 
101.206.126.198 - - [12/Feb/2024:22:40:39 -0800] "GET /Datasets20Description/Network/notice.html HTTP/1.1" 404 284 "-" "Mozilla/5.0 (Windows NT 10.0; Win64; x64) AppleWebKit/537.36 (KHTML, like Gecko) Chrome/107.0.0.0 Safari/537.36" 
101.206.126.198 - - [12/Feb/2024:22:40:40 -0800] "GET /maccdc2012/notice.log.gz HTTP/1.1" 200 20753 "-" "Mozilla/5.0 (Windows NT 10.0; Win64; x64) AppleWebKit/537.36 (KHTML, like Gecko) Chrome/107.0.0.0 Safari/537.36" 
101.206.126.198 - - [12/Feb/2024:22:40:41 -0800] "GET /Datasets20Description/Network/http.html HTTP/1.1" 404 284 "-" "Mozilla/5.0 (Windows NT 10.0; Win64; x64) AppleWebKit/537.36 (KHTML, like Gecko) Chrome/107.0.0.0 Safari/537.36" 
101.206.126.198 - - [12/Feb/2024:22:40:41 -0800] "GET /maccdc2012/http.log.gz HTTP/1.1" 200 79072 "-" "Mozilla/5.0 (Windows NT 10.0; Win64; x64) AppleWebKit/537.36 (KHTML, like Gecko) Chrome/107.0.0.0 Safari/537.36" 
101.206.126.198 - - [12/Feb/2024:22:40:42 -0800] "GET /Datasets20Description/Network/ftp.html HTTP/1.1" 404 284 "-" "Mozilla/5.0 (Windows NT 10.0; Win64; x64) AppleWebKit/537.36 (KHTML, like Gecko) Chrome/107.0.0.0 Safari/537.36" 
101.206.126.198 - - [12/Feb/2024:22:40:43 -0800] "GET /maccdc2012/ftp.log.gz HTTP/1.1" 200 76248 "-" "Mozilla/5.0 (Windows NT 10.0; Win64; x64) AppleWebKit/537.36 (KHTML, like Gecko) Chrome/107.0.0.0 Safari/537.36" 
101.206.126.198 - - [12/Feb/2024:22:40:43 -0800] "GET /Datasets20Description/Network/files.html HTTP/1.1" 404 284 "-" "Mozilla/5.0 (Windows NT 10.0; Win64; x64) AppleWebKit/537.36 (KHTML, like Gecko) Chrome/107.0.0.0 Safari/537.36" 
101.206.126.198 - - [12/Feb/2024:22:40:44 -0800] "GET /maccdc2012/files.log.gz HTTP/1.1" 200 79072 "-" "Mozilla/5.0 (Windows NT 10.0; Win64; x64) AppleWebKit/537.36 (KHTML, like Gecko) Chrome/107.0.0.0 Safari/537.36" 
101.206.126.198 - - [12/Feb/2024:22:40:45 -0800] "GET /Datasets20Description/Network/dns.html HTTP/1.1" 404 284 "-" "Mozilla/5.0 (Windows NT 10.0; Win64; x64) AppleWebKit/537.36 (KHTML, like Gecko) Chrome/107.0.0.0 Safari/537.36" 
101.206.126.198 - - [12/Feb/2024:22:40:46 -0800] "GET /maccdc2012/dns.log.gz HTTP/1.1" 200 79072 "-" "Mozilla/5.0 (Windows NT 10.0; Win64; x64) AppleWebKit/537.36 (KHTML, like Gecko) Chrome/107.0.0.0 Safari/537.36" 
101.206.126.198 - - [12/Feb/2024:22:40:46 -0800] "GET /Datasets20Description/Network/dhcp.html HTTP/1.1" 404 284 "-" "Mozilla/5.0 (Windows NT 10.0; Win64; x64) AppleWebKit/537.36 (KHTML, like Gecko) Chrome/107.0.0.0 Safari/537.36" 
101.206.126.198 - - [12/Feb/2024:22:40:47 -0800] "GET /maccdc2012/dhcp.log.gz HTTP/1.1" 200 44933 "-" "Mozilla/5.0 (Windows NT 10.0; Win64; x64) AppleWebKit/537.36 (KHTML, like Gecko) Chrome/107.0.0.0 Safari/537.36" 
101.206.126.198 - - [12/Feb/2024:22:40:47 -0800] "GET /maccdc2012/conn.log.gz HTTP/1.1" 200 79072 "-" "Mozilla/5.0 (Windows NT 10.0; Win64; x64) AppleWebKit/537.36 (KHTML, like Gecko) Chrome/107.0.0.0 Safari/537.36" 
101.206.126.198 - - [12/Feb/2024:22:40:48 -0800] "GET /data HTTP/1.1" 404 284 "-" "Mozilla/5.0 (Windows NT 10.0; Win64; x64) AppleWebKit/537.36 (KHTML, like Gecko) Chrome/107.0.0.0 Safari/537.36" 
101.206.126.198 - - [12/Feb/2024:22:40:49 -0800] "GET /GitHub-Mark.png HTTP/1.1" 200 7512 "-" "Mozilla/5.0 (Windows NT 10.0; Win64; x64) AppleWebKit/537.36 (KHTML, like Gecko) Chrome/107.0.0.0 Safari/537.36" 
44.192.114.168 - - [12/Feb/2024:22:41:42 -0800] "GET /Datasets%20Description/PE_malware/%20http:/arxiv.org/pdf/1803.04173.pdf HTTP/1.1" 404 328 "-" "ClaudeBot" 
35.169.247.33 - - [12/Feb/2024:22:58:01 -0800] "GET /robots.txt HTTP/1.1" 301 495 "-" "amazon-kendra-customer-id-7ef387b590a0d017bc16c423aea2f621571da58fc7df8dcdd606efa762000bb4c50f08bf94cd1257be3c70d6f1976cb9" 
35.169.247.33 - - [12/Feb/2024:22:58:01 -0800] "GET /robots.txt HTTP/1.1" 200 377 "-" "amazon-kendra-customer-id-7ef387b590a0d017bc16c423aea2f621571da58fc7df8dcdd606efa762000bb4c50f08bf94cd1257be3c70d6f1976cb9" 
157.90.182.29 - - [12/Feb/2024:23:00:17 -0800] "GET /robots.txt HTTP/1.1" 200 377 "-" "Mozilla/5.0 (compatible; BLEXBot/1.0; +http://webmeup-crawler.com/)" 
157.90.182.29 - - [12/Feb/2024:23:00:17 -0800] "GET /Datasets%20Description/ HTTP/1.1" 200 677 "-" "Mozilla/5.0 (compatible; BLEXBot/1.0; +http://webmeup-crawler.com/)" 
157.90.182.29 - - [12/Feb/2024:23:00:59 -0800] "GET /Datasets%20Description/HTML_Bro_log_1/?C=D;O=A HTTP/1.1" 200 834 "-" "Mozilla/5.0 (compatible; BLEXBot/1.0; +http://webmeup-crawler.com/)" 
157.90.182.29 - - [12/Feb/2024:23:01:11 -0800] "GET /Datasets%20Description/HTML_Bro_log_1/?C=M;O=A HTTP/1.1" 200 834 "-" "Mozilla/5.0 (compatible; BLEXBot/1.0; +http://webmeup-crawler.com/)" 
157.90.182.29 - - [12/Feb/2024:23:01:32 -0800] "GET /Datasets%20Description/HTML_Bro_log_1/?C=N;O=D HTTP/1.1" 200 833 "-" "Mozilla/5.0 (compatible; BLEXBot/1.0; +http://webmeup-crawler.com/)" 
157.90.182.29 - - [12/Feb/2024:23:01:36 -0800] "GET /Datasets%20Description/HTML_Bro_log_1/?C=S;O=A HTTP/1.1" 200 804 "-" "Mozilla/5.0 (compatible; BLEXBot/1.0; +http://webmeup-crawler.com/)" 
157.90.182.29 - - [12/Feb/2024:23:01:59 -0800] "GET /Datasets%20Description/HTML_Bro_log_1/app_stats.html HTTP/1.1" 200 1591 "-" "Mozilla/5.0 (compatible; BLEXBot/1.0; +http://webmeup-crawler.com/)" 
157.90.182.29 - - [12/Feb/2024:23:02:10 -0800] "GET /Datasets%20Description/HTML_Bro_log_1/conn.html HTTP/1.1" 200 2011 "-" "Mozilla/5.0 (compatible; BLEXBot/1.0; +http://webmeup-crawler.com/)" 
157.90.182.29 - - [12/Feb/2024:23:02:13 -0800] "GET /Datasets%20Description/HTML_Bro_log_1/dhcp.html HTTP/1.1" 200 1710 "-" "Mozilla/5.0 (compatible; BLEXBot/1.0; +http://webmeup-crawler.com/)" 
157.90.182.29 - - [12/Feb/2024:23:02:16 -0800] "GET /Datasets%20Description/HTML_Bro_log_1/dns.html HTTP/1.1" 200 1814 "-" "Mozilla/5.0 (compatible; BLEXBot/1.0; +http://webmeup-crawler.com/)" 
157.90.182.29 - - [12/Feb/2024:23:02:19 -0800] "GET /Datasets%20Description/HTML_Bro_log_1/dpd.html HTTP/1.1" 200 1641 "-" "Mozilla/5.0 (compatible; BLEXBot/1.0; +http://webmeup-crawler.com/)" 
157.90.182.29 - - [12/Feb/2024:23:02:22 -0800] "GET /Datasets%20Description/HTML_Bro_log_1/files.html HTTP/1.1" 200 1895 "-" "Mozilla/5.0 (compatible; BLEXBot/1.0; +http://webmeup-crawler.com/)" 
157.90.182.29 - - [12/Feb/2024:23:02:27 -0800] "GET /Datasets%20Description/HTML_Bro_log_1/ftp.html HTTP/1.1" 200 1742 "-" "Mozilla/5.0 (compatible; BLEXBot/1.0; +http://webmeup-crawler.com/)" 
157.90.182.29 - - [12/Feb/2024:23:02:31 -0800] "GET /Datasets%20Description/HTML_Bro_log_1/http.html HTTP/1.1" 200 2011 "-" "Mozilla/5.0 (compatible; BLEXBot/1.0; +http://webmeup-crawler.com/)" 
157.90.182.29 - - [12/Feb/2024:23:02:37 -0800] "GET /Datasets%20Description/HTML_Bro_log_1/irc.html HTTP/1.1" 200 1781 "-" "Mozilla/5.0 (compatible; BLEXBot/1.0; +http://webmeup-crawler.com/)" 
157.90.182.29 - - [12/Feb/2024:23:02:43 -0800] "GET /Datasets%20Description/HTML_Bro_log_1/loaded_scripts.html HTTP/1.1" 200 1543 "-" "Mozilla/5.0 (compatible; BLEXBot/1.0; +http://webmeup-crawler.com/)" 
157.90.182.29 - - [12/Feb/2024:23:02:52 -0800] "GET /Datasets%20Description/HTML_Bro_log_1/notice.html HTTP/1.1" 200 2001 "-" "Mozilla/5.0 (compatible; BLEXBot/1.0; +http://webmeup-crawler.com/)" 
157.90.182.29 - - [12/Feb/2024:23:02:59 -0800] "GET /Datasets%20Description/HTML_Bro_log_1/packet_filter.html HTTP/1.1" 200 1725 "-" "Mozilla/5.0 (compatible; BLEXBot/1.0; +http://webmeup-crawler.com/)" 
157.90.182.29 - - [12/Feb/2024:23:03:07 -0800] "GET /Datasets%20Description/HTML_Bro_log_1/ssl.html HTTP/1.1" 200 1860 "-" "Mozilla/5.0 (compatible; BLEXBot/1.0; +http://webmeup-crawler.com/)" 
157.90.182.29 - - [12/Feb/2024:23:03:15 -0800] "GET /Datasets%20Description/HTML_Bro_log_1/weird.html HTTP/1.1" 200 1937 "-" "Mozilla/5.0 (compatible; BLEXBot/1.0; +http://webmeup-crawler.com/)" 
157.90.182.29 - - [12/Feb/2024:23:03:40 -0800] "GET /Datasets%20Description/HTML_Bro_log_2/?C=D;O=A HTTP/1.1" 200 832 "-" "Mozilla/5.0 (compatible; BLEXBot/1.0; +http://webmeup-crawler.com/)" 
157.90.182.29 - - [12/Feb/2024:23:03:56 -0800] "GET /Datasets%20Description/HTML_Bro_log_2/?C=M;O=A HTTP/1.1" 200 832 "-" "Mozilla/5.0 (compatible; BLEXBot/1.0; +http://webmeup-crawler.com/)" 
157.90.182.29 - - [12/Feb/2024:23:04:34 -0800] "GET /Datasets%20Description/HTML_Bro_log_2/?C=N;O=D HTTP/1.1" 200 832 "-" "Mozilla/5.0 (compatible; BLEXBot/1.0; +http://webmeup-crawler.com/)" 
157.90.182.29 - - [12/Feb/2024:23:04:42 -0800] "GET /Datasets%20Description/HTML_Bro_log_2/?C=S;O=A HTTP/1.1" 200 824 "-" "Mozilla/5.0 (compatible; BLEXBot/1.0; +http://webmeup-crawler.com/)" 
34.238.27.74 - - [12/Feb/2024:23:04:54 -0800] "GET /robots.txt HTTP/1.1" 200 377 "-" "ClaudeBot" 
34.238.27.74 - - [12/Feb/2024:23:04:54 -0800] "GET /Datasets%20Description/PE_malware/%20http:/arxiv.org/pdf/1803.04173.pdf HTTP/1.1" 404 328 "-" "ClaudeBot" 
157.90.182.29 - - [12/Feb/2024:23:05:07 -0800] "GET /Datasets%20Description/HTML_Bro_log_2/app_stats.html HTTP/1.1" 200 1590 "-" "Mozilla/5.0 (compatible; BLEXBot/1.0; +http://webmeup-crawler.com/)" 
157.90.182.29 - - [12/Feb/2024:23:05:23 -0800] "GET /Datasets%20Description/HTML_Bro_log_2/conn.html HTTP/1.1" 200 2006 "-" "Mozilla/5.0 (compatible; BLEXBot/1.0; +http://webmeup-crawler.com/)" 
157.90.182.29 - - [12/Feb/2024:23:05:27 -0800] "GET /Datasets%20Description/HTML_Bro_log_2/dhcp.html HTTP/1.1" 200 1714 "-" "Mozilla/5.0 (compatible; BLEXBot/1.0; +http://webmeup-crawler.com/)" 
157.90.182.29 - - [12/Feb/2024:23:05:30 -0800] "GET /Datasets%20Description/HTML_Bro_log_2/dns.html HTTP/1.1" 200 1808 "-" "Mozilla/5.0 (compatible; BLEXBot/1.0; +http://webmeup-crawler.com/)" 
157.90.182.29 - - [12/Feb/2024:23:05:35 -0800] "GET /Datasets%20Description/HTML_Bro_log_2/dpd.html HTTP/1.1" 200 1632 "-" "Mozilla/5.0 (compatible; BLEXBot/1.0; +http://webmeup-crawler.com/)" 
157.90.182.29 - - [12/Feb/2024:23:05:58 -0800] "GET /Datasets%20Description/HTML_Bro_log_2/files.html HTTP/1.1" 200 1910 "-" "Mozilla/5.0 (compatible; BLEXBot/1.0; +http://webmeup-crawler.com/)" 
157.90.182.29 - - [12/Feb/2024:23:06:08 -0800] "GET /Datasets%20Description/HTML_Bro_log_2/ftp.html HTTP/1.1" 200 1738 "-" "Mozilla/5.0 (compatible; BLEXBot/1.0; +http://webmeup-crawler.com/)" 
157.90.182.29 - - [12/Feb/2024:23:06:15 -0800] "GET /Datasets%20Description/HTML_Bro_log_2/http.html HTTP/1.1" 200 2032 "-" "Mozilla/5.0 (compatible; BLEXBot/1.0; +http://webmeup-crawler.com/)" 
157.90.182.29 - - [12/Feb/2024:23:06:25 -0800] "GET /Datasets%20Description/HTML_Bro_log_2/irc.html HTTP/1.1" 200 1771 "-" "Mozilla/5.0 (compatible; BLEXBot/1.0; +http://webmeup-crawler.com/)" 
157.90.182.29 - - [12/Feb/2024:23:06:33 -0800] "GET /Datasets%20Description/HTML_Bro_log_2/loaded_scripts.html HTTP/1.1" 200 1543 "-" "Mozilla/5.0 (compatible; BLEXBot/1.0; +http://webmeup-crawler.com/)" 
157.90.182.29 - - [12/Feb/2024:23:06:39 -0800] "GET /Datasets%20Description/HTML_Bro_log_2/notice.html HTTP/1.1" 200 2006 "-" "Mozilla/5.0 (compatible; BLEXBot/1.0; +http://webmeup-crawler.com/)" 
157.90.182.29 - - [12/Feb/2024:23:06:58 -0800] "GET /Datasets%20Description/HTML_Bro_log_2/packet_filter.html HTTP/1.1" 200 1725 "-" "Mozilla/5.0 (compatible; BLEXBot/1.0; +http://webmeup-crawler.com/)" 
157.90.182.29 - - [12/Feb/2024:23:07:05 -0800] "GET /Datasets%20Description/HTML_Bro_log_2/ssl.html HTTP/1.1" 200 1860 "-" "Mozilla/5.0 (compatible; BLEXBot/1.0; +http://webmeup-crawler.com/)" 
121.22.248.38 - - [12/Feb/2024:23:07:06 -0800] "GET /login.php?s=Admin/login HTTP/1.1" 404 328 "-" "python-requests/2.31.0" 
157.90.182.29 - - [12/Feb/2024:23:07:13 -0800] "GET /Datasets%20Description/HTML_Bro_log_2/weird.html HTTP/1.1" 200 1935 "-" "Mozilla/5.0 (compatible; BLEXBot/1.0; +http://webmeup-crawler.com/)" 
157.90.182.29 - - [12/Feb/2024:23:07:24 -0800] "GET /Datasets%20Description/HTML_Bro_log_3/?C=D;O=A HTTP/1.1" 200 823 "-" "Mozilla/5.0 (compatible; BLEXBot/1.0; +http://webmeup-crawler.com/)" 
157.90.182.29 - - [12/Feb/2024:23:07:38 -0800] "GET /Datasets%20Description/HTML_Bro_log_3/?C=M;O=A HTTP/1.1" 200 823 "-" "Mozilla/5.0 (compatible; BLEXBot/1.0; +http://webmeup-crawler.com/)" 
157.90.182.29 - - [12/Feb/2024:23:08:07 -0800] "GET /Datasets%20Description/HTML_Bro_log_3/?C=N;O=D HTTP/1.1" 200 822 "-" "Mozilla/5.0 (compatible; BLEXBot/1.0; +http://webmeup-crawler.com/)" 
157.90.182.29 - - [12/Feb/2024:23:08:14 -0800] "GET /Datasets%20Description/HTML_Bro_log_3/?C=S;O=A HTTP/1.1" 200 818 "-" "Mozilla/5.0 (compatible; BLEXBot/1.0; +http://webmeup-crawler.com/)" 
157.90.182.29 - - [12/Feb/2024:23:08:26 -0800] "GET /Datasets%20Description/HTML_Bro_log_3/app_stats.html HTTP/1.1" 200 1591 "-" "Mozilla/5.0 (compatible; BLEXBot/1.0; +http://webmeup-crawler.com/)" 
157.90.182.29 - - [12/Feb/2024:23:08:30 -0800] "GET /Datasets%20Description/HTML_Bro_log_3/conn.html HTTP/1.1" 200 1986 "-" "Mozilla/5.0 (compatible; BLEXBot/1.0; +http://webmeup-crawler.com/)" 
157.90.182.29 - - [12/Feb/2024:23:08:39 -0800] "GET /Datasets%20Description/HTML_Bro_log_3/dhcp.html HTTP/1.1" 200 1740 "-" "Mozilla/5.0 (compatible; BLEXBot/1.0; +http://webmeup-crawler.com/)" 
157.90.182.29 - - [12/Feb/2024:23:08:46 -0800] "GET /Datasets%20Description/HTML_Bro_log_3/dns.html HTTP/1.1" 200 1830 "-" "Mozilla/5.0 (compatible; BLEXBot/1.0; +http://webmeup-crawler.com/)" 
157.90.182.29 - - [12/Feb/2024:23:08:50 -0800] "GET /Datasets%20Description/HTML_Bro_log_3/dpd.html HTTP/1.1" 200 1639 "-" "Mozilla/5.0 (compatible; BLEXBot/1.0; +http://webmeup-crawler.com/)" 
157.90.182.29 - - [12/Feb/2024:23:08:56 -0800] "GET /Datasets%20Description/HTML_Bro_log_3/files.html HTTP/1.1" 200 1910 "-" "Mozilla/5.0 (compatible; BLEXBot/1.0; +http://webmeup-crawler.com/)" 
157.90.182.29 - - [12/Feb/2024:23:09:05 -0800] "GET /Datasets%20Description/HTML_Bro_log_3/http.html HTTP/1.1" 200 2035 "-" "Mozilla/5.0 (compatible; BLEXBot/1.0; +http://webmeup-crawler.com/)" 
157.90.182.29 - - [12/Feb/2024:23:09:10 -0800] "GET /Datasets%20Description/HTML_Bro_log_3/irc.html HTTP/1.1" 200 1784 "-" "Mozilla/5.0 (compatible; BLEXBot/1.0; +http://webmeup-crawler.com/)" 
157.90.182.29 - - [12/Feb/2024:23:09:17 -0800] "GET /Datasets%20Description/HTML_Bro_log_3/loaded_scripts.html HTTP/1.1" 200 1543 "-" "Mozilla/5.0 (compatible; BLEXBot/1.0; +http://webmeup-crawler.com/)" 
157.90.182.29 - - [12/Feb/2024:23:09:25 -0800] "GET /Datasets%20Description/HTML_Bro_log_3/notice.html HTTP/1.1" 200 2002 "-" "Mozilla/5.0 (compatible; BLEXBot/1.0; +http://webmeup-crawler.com/)" 
157.90.182.29 - - [12/Feb/2024:23:09:41 -0800] "GET /Datasets%20Description/HTML_Bro_log_3/packet_filter.html HTTP/1.1" 200 1725 "-" "Mozilla/5.0 (compatible; BLEXBot/1.0; +http://webmeup-crawler.com/)" 
157.90.182.29 - - [12/Feb/2024:23:09:46 -0800] "GET /Datasets%20Description/HTML_Bro_log_3/ssl.html HTTP/1.1" 200 1874 "-" "Mozilla/5.0 (compatible; BLEXBot/1.0; +http://webmeup-crawler.com/)" 
157.90.182.29 - - [12/Feb/2024:23:09:54 -0800] "GET /Datasets%20Description/HTML_Bro_log_3/weird.html HTTP/1.1" 200 1931 "-" "Mozilla/5.0 (compatible; BLEXBot/1.0; +http://webmeup-crawler.com/)" 
157.90.182.29 - - [12/Feb/2024:23:10:09 -0800] "GET /Datasets%20Description/Network/N/A HTTP/1.1" 404 328 "-" "Mozilla/5.0 (compatible; BLEXBot/1.0; +http://webmeup-crawler.com/)" 
157.90.182.29 - - [12/Feb/2024:23:10:31 -0800] "GET /self.logs/2015/ HTTP/1.1" 200 7621 "-" "Mozilla/5.0 (compatible; BLEXBot/1.0; +http://webmeup-crawler.com/)" 
157.90.182.29 - - [12/Feb/2024:23:11:06 -0800] "GET /self.logs/2016/ HTTP/1.1" 200 7860 "-" "Mozilla/5.0 (compatible; BLEXBot/1.0; +http://webmeup-crawler.com/)" 
157.90.182.29 - - [12/Feb/2024:23:11:54 -0800] "GET /self.logs/?C=D;O=A HTTP/1.1" 200 48152 "-" "Mozilla/5.0 (compatible; BLEXBot/1.0; +http://webmeup-crawler.com/)" 
157.90.182.29 - - [12/Feb/2024:23:12:48 -0800] "GET /self.logs/?C=M;O=A HTTP/1.1" 200 50042 "-" "Mozilla/5.0 (compatible; BLEXBot/1.0; +http://webmeup-crawler.com/)" 
157.90.182.29 - - [12/Feb/2024:23:13:26 -0800] "GET /self.logs/?C=N;O=D HTTP/1.1" 200 49604 "-" "Mozilla/5.0 (compatible; BLEXBot/1.0; +http://webmeup-crawler.com/)" 
157.90.182.29 - - [12/Feb/2024:23:13:46 -0800] "GET /self.logs/?C=S;O=A HTTP/1.1" 200 58069 "-" "Mozilla/5.0 (compatible; BLEXBot/1.0; +http://webmeup-crawler.com/)" 
114.119.155.236 - - [12/Feb/2024:23:30:37 -0800] "GET /self.logs/error.log.2020-10-14 HTTP/1.1" 200 351 "http://www.secrepo.com/self.logs?C=N%3BO%3DD" "Mozilla/5.0 (Linux; Android 7.0;) AppleWebKit/537.36 (KHTML, like Gecko) Mobile Safari/537.36 (compatible; PetalBot;+https://webmaster.petalsearch.com/site/petalbot)" 
114.119.157.24 - - [12/Feb/2024:23:32:48 -0800] "GET /self.logs/error.log.2020-09-30 HTTP/1.1" 200 351 "http://www.secrepo.com/self.logs?C=N%3BO%3DD" "Mozilla/5.0 (Linux; Android 7.0;) AppleWebKit/537.36 (KHTML, like Gecko) Mobile Safari/537.36 (compatible; PetalBot;+https://webmaster.petalsearch.com/site/petalbot)" 
54.173.32.129 - - [12/Feb/2024:23:33:09 -0800] "GET / HTTP/1.1" 200 13142 "-" "Mozilla/5.0 (compatible; startmebot/1.0; +https://start.me/bot)" 
114.119.139.166 - - [12/Feb/2024:23:34:12 -0800] "GET /self.logs/error.log.2020-08-18 HTTP/1.1" 200 351 "http://www.secrepo.com/self.logs?C=N%3BO%3DD" "Mozilla/5.0 (Linux; Android 7.0;) AppleWebKit/537.36 (KHTML, like Gecko) Mobile Safari/537.36 (compatible; PetalBot;+https://webmaster.petalsearch.com/site/petalbot)" 
121.22.248.38 - - [12/Feb/2024:23:39:35 -0800] "GET /include/ckeditor/plugins/smiley/images/angel_smile.gif HTTP/1.1" 404 328 "http://www.secrepo.com/include/ckeditor/plugins/smiley/images/angel_smile.gif" "Mozilla/5.0 (Windows NT 10.0; Win64; x64) AppleWebKit/537.36 (KHTML, like Gecko) Chrome/83.0.4103.61 Safari/537.36" 
121.22.248.38 - - [12/Feb/2024:23:39:36 -0800] "GET /plus/ad_js.php HTTP/1.1" 404 328 "http://www.secrepo.com/plus/ad_js.php" "Mozilla/5.0 (Windows NT 10.0; Win64; x64) AppleWebKit/537.36 (KHTML, like Gecko) Chrome/83.0.4103.61 Safari/537.36" 
121.22.248.38 - - [12/Feb/2024:23:39:37 -0800] "GET /plus/flink_add.php HTTP/1.1" 404 328 "http://www.secrepo.com/plus/flink_add.php" "Mozilla/5.0 (Windows NT 10.0; Win64; x64) AppleWebKit/537.36 (KHTML, like Gecko) Chrome/83.0.4103.61 Safari/537.36" 
40.77.167.53 - - [12/Feb/2024:23:50:37 -0800] "GET /self.logs/error.log.2024-01-07.gz HTTP/1.1" 200 1804 "-" "Mozilla/5.0 AppleWebKit/537.36 (KHTML, like Gecko; compatible; bingbot/2.0; +http://www.bing.com/bingbot.htm) Chrome/116.0.1938.76 Safari/537.36" 
3.221.137.102 - - [12/Feb/2024:23:57:25 -0800] "GET /robots.txt HTTP/1.1" 301 495 "-" "amazon-kendra-customer-id-7ef387b590a0d017bc16c423aea2f621571da58fc7df8dcdd606efa762000bb4c50f08bf94cd1257be3c70d6f1976cb9" 
3.221.137.102 - - [12/Feb/2024:23:57:25 -0800] "GET /robots.txt HTTP/1.1" 200 377 "-" "amazon-kendra-customer-id-7ef387b590a0d017bc16c423aea2f621571da58fc7df8dcdd606efa762000bb4c50f08bf94cd1257be3c70d6f1976cb9" 
192.241.95.11 - - [13/Feb/2024:00:10:46 -0800] "GET /honeypot/Honeypot%20-%20Howto%20-%20BSides%20Austin.pdf HTTP/1.1" 200 2549160 "http://www.secrepo.com/" "Mozilla/5.0 (Windows NT 10.0; Win64; x64) AppleWebKit/537.36 (KHTML, like Gecko) Chrome/114.0.0.0 Safari/537.36 OPR/89.0.4447.51" 
212.7.202.66 - - [13/Feb/2024:00:12:17 -0800] "GET / HTTP/1.1" 200 13141 "-" "Mozilla/5.0 (Windows NT 10.0; Win64; x64) AppleWebKit/537.36 (KHTML, like Gecko) Chrome/60.0.3112.113 Safari/537.36" 
66.249.70.71 - - [13/Feb/2024:00:13:21 -0800] "GET /ads.txt HTTP/1.1" 301 489 "-" "Mozilla/5.0 (compatible; Googlebot/2.1; +http://www.google.com/bot.html)" 
66.249.64.108 - - [13/Feb/2024:00:13:22 -0800] "GET /ads.txt HTTP/1.1" 404 328 "-" "Mozilla/5.0 (compatible; Googlebot/2.1; +http://www.google.com/bot.html)" 
52.167.144.54 - - [13/Feb/2024:00:19:58 -0800] "GET /robots.txt HTTP/1.1" 200 377 "-" "Mozilla/5.0 AppleWebKit/537.36 (KHTML, like Gecko; compatible; bingbot/2.0; +http://www.bing.com/bingbot.htm) Chrome/116.0.1938.76 Safari/537.36" 
52.167.144.229 - - [13/Feb/2024:00:19:52 -0800] "GET /self.logs/ HTTP/1.1" 200 48108 "-" "Mozilla/5.0 AppleWebKit/537.36 (KHTML, like Gecko; compatible; bingbot/2.0; +http://www.bing.com/bingbot.htm) Chrome/116.0.1938.76 Safari/537.36" 
121.22.5.199 - - [13/Feb/2024:00:23:50 -0800] "GET /login.php?s=Admin/login HTTP/1.1" 404 328 "-" "python-requests/2.31.0" 
114.220.160.112 - - [13/Feb/2024:00:30:36 -0800] "GET /css/style.css HTTP/1.1" 404 328 "http://www.secrepo.com/" "Mozilla/5.0 (Windows NT 10.0; Win64; x64) AppleWebKit/537.36 (KHTML, like Gecko) Chrome/121.0.0.0 Safari/537.36 Edg/121.0.0.0" 
61.147.15.67 - - [13/Feb/2024:00:36:21 -0800] "GET /favicon.ico HTTP/1.1" 200 391 "-" "Dalvik/2.1.0 (Linux; U; Android 9.0; ZTE BA520 Build/MRA58K)" 
51.222.253.10 - - [13/Feb/2024:00:36:48 -0800] "GET /Datasets%20Description/HTML_Bro_log_1/packet_filter.html HTTP/1.1" 200 1681 "-" "Mozilla/5.0 (compatible; AhrefsBot/7.0; +http://ahrefs.com/robot/)" 
61.147.21.51 - - [13/Feb/2024:00:37:55 -0800] "GET / HTTP/1.1" 200 13186 "-" "Dalvik/2.1.0 (Linux; U; Android 9.0; ZTE BA520 Build/MRA58K)" 
61.147.15.65 - - [13/Feb/2024:00:38:04 -0800] "GET / HTTP/1.1" 200 13186 "-" "Dalvik/2.1.0 (Linux; U; Android 9.0; ZTE BA520 Build/MRA58K)" 
61.147.15.65 - - [13/Feb/2024:00:38:09 -0800] "GET / HTTP/1.1" 200 13186 "-" "Mozilla/5.0 (Linux; Android 7.1.2; vivo X9 Build/N2G47H; wv) AppleWebKit/537.36 (KHTML, like Gecko) Version/4.0 Chrome/48.0.2564.116 Mobile Safari/537.36 T7/10.11 baiduboxapp/10.11.0.12 (Baidu; P1 7.1.2)" 
61.147.15.67 - - [13/Feb/2024:00:38:27 -0800] "GET / HTTP/1.1" 200 13186 "-" "Mozilla/5.0 (Macintosh; Intel Mac OS X 10_11) AppleWebKit/601.1.27 (KHTML, like Gecko) Chrome/47.0.2526.106 Safari/601.1.27" 
114.119.155.236 - - [13/Feb/2024:00:38:46 -0800] "GET /self.logs/error.log.2020-08-14 HTTP/1.1" 200 351 "http://www.secrepo.com/self.logs?C=N%3BO%3DD" "Mozilla/5.0 (Linux; Android 7.0;) AppleWebKit/537.36 (KHTML, like Gecko) Mobile Safari/537.36 (compatible; PetalBot;+https://webmaster.petalsearch.com/site/petalbot)" 
114.119.137.143 - - [13/Feb/2024:00:39:07 -0800] "GET /self.logs/error.log.2020-10-23 HTTP/1.1" 200 351 "http://www.secrepo.com/self.logs?C=N%3BO%3DD" "Mozilla/5.0 (Linux; Android 7.0;) AppleWebKit/537.36 (KHTML, like Gecko) Mobile Safari/537.36 (compatible; PetalBot;+https://webmaster.petalsearch.com/site/petalbot)" 
123.12.216.24 - - [13/Feb/2024:00:55:14 -0800] "GET /favicon.ico HTTP/1.1" 200 391 "-" "Mozilla/5.0 (Windows NT 10.0; Win64; x64) AppleWebKit/537.36 (KHTML, like Gecko) Chrome/114.0.5735.289 Safari/537.36" 
3.221.137.102 - - [13/Feb/2024:00:57:44 -0800] "GET /robots.txt HTTP/1.1" 301 495 "-" "amazon-kendra-customer-id-7ef387b590a0d017bc16c423aea2f621571da58fc7df8dcdd606efa762000bb4c50f08bf94cd1257be3c70d6f1976cb9" 
3.221.137.102 - - [13/Feb/2024:00:57:44 -0800] "GET /robots.txt HTTP/1.1" 200 377 "-" "amazon-kendra-customer-id-7ef387b590a0d017bc16c423aea2f621571da58fc7df8dcdd606efa762000bb4c50f08bf94cd1257be3c70d6f1976cb9" 
114.119.139.166 - - [13/Feb/2024:01:05:59 -0800] "GET /self.logs/error.log.2020-07-28 HTTP/1.1" 200 351 "http://www.secrepo.com/self.logs?C=N%3BO%3DD" "Mozilla/5.0 (Linux; Android 7.0;) AppleWebKit/537.36 (KHTML, like Gecko) Mobile Safari/537.36 (compatible; PetalBot;+https://webmaster.petalsearch.com/site/petalbot)" 
114.119.137.143 - - [13/Feb/2024:01:07:34 -0800] "GET /self.logs/error.log.2020-07-10 HTTP/1.1" 200 351 "http://www.secrepo.com/self.logs?C=N%3BO%3DD" "Mozilla/5.0 (Linux; Android 7.0;) AppleWebKit/537.36 (KHTML, like Gecko) Mobile Safari/537.36 (compatible; PetalBot;+https://webmaster.petalsearch.com/site/petalbot)" 
66.249.70.65 - - [13/Feb/2024:01:09:04 -0800] "GET / HTTP/1.1" 301 475 "-" "Mozilla/5.0 (Linux; Android 6.0.1; Nexus 5X Build/MMB29P) AppleWebKit/537.36 (KHTML, like Gecko) Chrome/121.0.6167.139 Mobile Safari/537.36 (compatible; Googlebot/2.1; +http://www.google.com/bot.html)" 
66.249.64.108 - - [13/Feb/2024:01:09:06 -0800] "GET / HTTP/1.1" 200 13186 "-" "Mozilla/5.0 (Linux; Android 6.0.1; Nexus 5X Build/MMB29P) AppleWebKit/537.36 (KHTML, like Gecko) Chrome/121.0.6167.139 Mobile Safari/537.36 (compatible; Googlebot/2.1; +http://www.google.com/bot.html)" 
66.249.64.106 - - [13/Feb/2024:01:09:11 -0800] "GET /css/style.css HTTP/1.1" 404 328 "http://www.secrepo.com/" "Mozilla/5.0 (Linux; Android 6.0.1; Nexus 5X Build/MMB29P) AppleWebKit/537.36 (KHTML, like Gecko) Chrome/121.0.6167.85 Mobile Safari/537.36 (compatible; Googlebot/2.1; +http://www.google.com/bot.html)" 
61.157.253.174 - - [13/Feb/2024:01:20:57 -0800] "GET / HTTP/1.1" 200 13186 "-" "Mozilla/5.0 (Macintosh; Intel Mac OS X 10_15_7) AppleWebKit/605.1.15 (KHTML, like Gecko)" 
61.157.253.174 - - [13/Feb/2024:01:20:58 -0800] "GET /apple-touch-icon-precomposed.png HTTP/1.1" 404 328 "-" "Safari%E6%B5%8F%E8%A7%88%E5%99%A8/16615.3.12.11.5 CFNetwork/1240.0.4.5 Darwin/20.6.0" 
61.157.253.174 - - [13/Feb/2024:01:20:59 -0800] "GET /apple-touch-icon.png HTTP/1.1" 404 305 "-" "Safari%E6%B5%8F%E8%A7%88%E5%99%A8/16615.3.12.11.5 CFNetwork/1240.0.4.5 Darwin/20.6.0" 
61.157.253.174 - - [13/Feb/2024:01:20:59 -0800] "GET / HTTP/1.1" 200 13163 "-" "Mozilla/5.0 (iPhone; CPU iPhone OS 16_4 like Mac OS X) AppleWebKit/605.1.15 (KHTML, like Gecko) Version/16.4 Mobile/15E148 Safari/604.1" 
61.157.253.174 - - [13/Feb/2024:01:20:59 -0800] "GET /apple-touch-icon-precomposed.png HTTP/1.1" 404 305 "-" "Safari%E6%B5%8F%E8%A7%88%E5%99%A8/16615.3.12.11.5 CFNetwork/1240.0.4.5 Darwin/20.6.0" 
61.157.253.174 - - [13/Feb/2024:01:20:59 -0800] "GET /apple-touch-icon.png HTTP/1.1" 404 305 "-" "Safari%E6%B5%8F%E8%A7%88%E5%99%A8/16615.3.12.11.5 CFNetwork/1240.0.4.5 Darwin/20.6.0" 
114.119.142.8 - - [13/Feb/2024:01:27:11 -0800] "GET /self.logs/error.log.2020-05-26 HTTP/1.1" 200 351 "-" "Mozilla/5.0 (Linux; Android 7.0;) AppleWebKit/537.36 (KHTML, like Gecko) Mobile Safari/537.36 (compatible; PetalBot;+https://webmaster.petalsearch.com/site/petalbot)" 
40.77.167.22 - - [13/Feb/2024:01:35:31 -0800] "GET /sitemap.xml HTTP/1.1" 404 284 "-" "Mozilla/5.0 AppleWebKit/537.36 (KHTML, like Gecko; compatible; bingbot/2.0; +http://www.bing.com/bingbot.htm) Chrome/116.0.1938.76 Safari/537.36" 
