47.217.104.184 - - [10/Jan/2020:16:32:46 -0800] "GET /GitHub-Mark.png HTTP/1.1" 200 7427 "http://www.secrepo.com/" "Mozilla/5.0 (X11; Linux x86_64) AppleWebKit/537.36 (KHTML, like Gecko) Chrome/80.0.3987.42 Safari/537.36" 
47.217.104.184 - - [10/Jan/2020:16:32:48 -0800] "GET /bootstrap/img/favicon.ico HTTP/1.1" 200 601 "http://www.secrepo.com/" "Mozilla/5.0 (X11; Linux x86_64) AppleWebKit/537.36 (KHTML, like Gecko) Chrome/80.0.3987.42 Safari/537.36" 
207.46.13.16 - - [10/Jan/2020:16:42:54 -0800] "GET /self.logs/error.log.2017-03-11.gz HTTP/1.1" 200 688 "-" "Mozilla/5.0 (compatible; bingbot/2.0; +http://www.bing.com/bingbot.htm)" 
66.249.65.111 - - [10/Jan/2020:16:57:20 -0800] "GET /ads.txt HTTP/1.1" 404 294 "-" "Mozilla/5.0 (compatible; Googlebot/2.1; +http://www.google.com/bot.html)" 
157.55.39.78 - - [10/Jan/2020:16:57:55 -0800] "GET /self.logs/error.log.2019-03-01.gz HTTP/1.1" 200 8770 "-" "Mozilla/5.0 (compatible; bingbot/2.0; +http://www.bing.com/bingbot.htm)" 
113.171.224.176 - - [10/Jan/2020:16:58:49 -0800] "GET /honeypot/Honeypot%20-%20Howto.pdf HTTP/1.1" 200 61320 "-" "Mozilla/5.0 Gecko/20100115 Firefox/3.6" 
106.38.241.147 - - [10/Jan/2020:16:58:53 -0800] "GET / HTTP/1.1" 200 12623 "-" "Sogou web spider/4.0(+http://www.sogou.com/docs/help/webmasters.htm#07)" 
207.46.13.16 - - [10/Jan/2020:17:03:57 -0800] "GET /self.logs/error.log.2017-01-30.gz HTTP/1.1" 200 1877 "-" "Mozilla/5.0 (compatible; bingbot/2.0; +http://www.bing.com/bingbot.htm)" 
207.46.13.16 - - [10/Jan/2020:17:05:28 -0800] "GET /self.logs/access.log.2017-02-10.gz HTTP/1.1" 200 36463 "-" "Mozilla/5.0 (compatible; bingbot/2.0; +http://www.bing.com/bingbot.htm)" 
108.59.8.80 - - [10/Jan/2020:17:11:49 -0800] "GET /robots.txt HTTP/1.1" 301 495 "-" "Mozilla/5.0 (compatible; MJ12bot/v1.4.8; http://mj12bot.com/)" 
108.59.8.80 - - [10/Jan/2020:17:11:50 -0800] "GET /robots.txt HTTP/1.1" 200 288 "-" "Mozilla/5.0 (compatible; MJ12bot/v1.4.8; http://mj12bot.com/)" 
108.59.8.80 - - [10/Jan/2020:17:11:52 -0800] "GET / HTTP/1.1" 301 419 "-" "Mozilla/5.0 (compatible; MJ12bot/v1.4.8; http://mj12bot.com/)" 
108.59.8.80 - - [10/Jan/2020:17:11:53 -0800] "GET / HTTP/1.1" 200 12616 "-" "Mozilla/5.0 (compatible; MJ12bot/v1.4.8; http://mj12bot.com/)" 
207.46.13.16 - - [10/Jan/2020:17:12:51 -0800] "GET /self.logs/error.log.2017-11-04.gz HTTP/1.1" 200 1828 "-" "Mozilla/5.0 (compatible; bingbot/2.0; +http://www.bing.com/bingbot.htm)" 
157.55.39.83 - - [10/Jan/2020:17:23:01 -0800] "GET /self.logs/access.log.2017-08-28.gz HTTP/1.1" 301 543 "-" "Mozilla/5.0 (compatible; bingbot/2.0; +http://www.bing.com/bingbot.htm)" 
107.21.1.8 - - [10/Jan/2020:17:23:20 -0800] "GET / HTTP/1.1" 200 12660 "http://www.secrepo.com/" "Mozilla/5.0 (compatible; DuckDuckGo-Favicons-Bot/1.0; +http://duckduckgo.com)" 
107.21.1.8 - - [10/Jan/2020:17:23:20 -0800] "GET /bootstrap/img/favicon.ico HTTP/1.1" 200 601 "http://www.secrepo.com/bootstrap/img/favicon.ico" "Mozilla/5.0 (compatible; DuckDuckGo-Favicons-Bot/1.0; +http://duckduckgo.com)" 
207.244.109.179 - - [10/Jan/2020:17:23:40 -0800] "GET / HTTP/1.1" 200 12660 "-" "Vienna/7130 (Macintosh; Intel macOS 10_13_6)" 
207.46.13.154 - - [10/Jan/2020:17:30:37 -0800] "GET /self.logs/access.log.2018-02-07.gz HTTP/1.1" 200 29345 "-" "Mozilla/5.0 (compatible; bingbot/2.0; +http://www.bing.com/bingbot.htm)" 
207.46.13.16 - - [10/Jan/2020:17:33:40 -0800] "GET /Datasets%20Description/Network/ssh.html HTTP/1.1" 200 1289 "-" "Mozilla/5.0 (compatible; bingbot/2.0; +http://www.bing.com/bingbot.htm)" 
207.46.13.236 - - [10/Jan/2020:17:41:10 -0800] "GET /robots.txt HTTP/1.1" 200 288 "-" "Mozilla/5.0 (compatible; bingbot/2.0; +http://www.bing.com/bingbot.htm)" 
207.46.13.154 - - [10/Jan/2020:17:41:31 -0800] "GET /self.logs/access.log.2017-11-16.gz HTTP/1.1" 200 27094 "-" "Mozilla/5.0 (compatible; bingbot/2.0; +http://www.bing.com/bingbot.htm)" 
207.46.13.16 - - [10/Jan/2020:17:42:10 -0800] "GET /self.logs/error.log.2019-07-29.gz HTTP/1.1" 200 1420 "-" "Mozilla/5.0 (compatible; bingbot/2.0; +http://www.bing.com/bingbot.htm)" 
203.186.123.56 - - [10/Jan/2020:17:42:41 -0800] "GET / HTTP/1.1" 200 12660 "-" "Mozilla/5.0 (Macintosh; Intel Mac OS X 10_13_6) AppleWebKit/537.36 (KHTML, like Gecko) Chrome/79.0.3945.88 Safari/537.36" 
203.186.123.56 - - [10/Jan/2020:17:42:41 -0800] "GET /css/style.css HTTP/1.1" 404 271 "http://www.secrepo.com/" "Mozilla/5.0 (Macintosh; Intel Mac OS X 10_13_6) AppleWebKit/537.36 (KHTML, like Gecko) Chrome/79.0.3945.88 Safari/537.36" 
203.186.123.56 - - [10/Jan/2020:17:42:42 -0800] "GET /twitter-icon.png HTTP/1.1" 200 27787 "http://www.secrepo.com/" "Mozilla/5.0 (Macintosh; Intel Mac OS X 10_13_6) AppleWebKit/537.36 (KHTML, like Gecko) Chrome/79.0.3945.88 Safari/537.36" 
203.186.123.56 - - [10/Jan/2020:17:42:43 -0800] "GET /GitHub-Mark.png HTTP/1.1" 200 7427 "http://www.secrepo.com/" "Mozilla/5.0 (Macintosh; Intel Mac OS X 10_13_6) AppleWebKit/537.36 (KHTML, like Gecko) Chrome/79.0.3945.88 Safari/537.36" 
203.186.123.56 - - [10/Jan/2020:17:42:57 -0800] "GET /bootstrap/img/favicon.ico HTTP/1.1" 200 624 "http://www.secrepo.com/" "Mozilla/5.0 (Macintosh; Intel Mac OS X 10_13_6) AppleWebKit/537.36 (KHTML, like Gecko) Chrome/79.0.3945.88 Safari/537.36" 
58.250.125.181 - - [10/Jan/2020:17:44:36 -0800] "GET / HTTP/1.1" 200 12623 "-" "Sogou web spider/4.0(+http://www.sogou.com/docs/help/webmasters.htm#07)" 
106.120.173.154 - - [10/Jan/2020:17:44:46 -0800] "GET /css/style.css HTTP/1.1" 404 257 "-" "Mozilla/4.0 (compatible; MSIE 7.0; Windows NT 6.0; Trident/4.0)" 
157.55.39.83 - - [10/Jan/2020:17:45:48 -0800] "GET /self.logs/error.log.2018-01-23.gz HTTP/1.1" 200 3541 "-" "Mozilla/5.0 (compatible; bingbot/2.0; +http://www.bing.com/bingbot.htm)" 
220.243.136.48 - - [10/Jan/2020:18:01:00 -0800] "GET /robots.txt HTTP/1.1" 200 244 "-" "Mozilla/5.0 (Linux; Android 6.0; Nexus 5 Build/MRA58N) AppleWebKit/537.36 (KHTML, like Gecko) Chrome/43.0.3186.1948 Mobile Safari/537.36" 
220.243.135.241 - - [10/Jan/2020:18:01:00 -0800] "GET /robots.txt HTTP/1.1" 200 244 "-" "Mozilla/5.0 (Linux; Android 8.0; Pixel 2 Build/OPD3.170816.012) AppleWebKit/537.36 (KHTML, like Gecko) Chrome/57.0.2061.1383 Mobile Safari/537.36" 
113.171.224.176 - - [10/Jan/2020:18:03:52 -0800] "GET /honeypot/Honeypot%20-%20Howto.pdf HTTP/1.1" 200 61320 "-" "Mozilla/5.0 Gecko/20100115 Firefox/3.6" 
52.212.146.96 - - [10/Jan/2020:18:30:02 -0800] "GET /self.logs/access.log.2020-01-04.gz HTTP/1.1" 200 15634 "-" "python-requests/2.12.1" 
52.212.146.96 - - [10/Jan/2020:18:30:02 -0800] "GET /self.logs/access.log.2020-01-05.gz HTTP/1.1" 200 13936 "-" "python-requests/2.12.1" 
52.212.146.96 - - [10/Jan/2020:18:30:02 -0800] "GET /self.logs/access.log.2020-01-06.gz HTTP/1.1" 200 13797 "-" "python-requests/2.12.1" 
52.212.146.96 - - [10/Jan/2020:18:30:03 -0800] "GET /self.logs/access.log.2020-01-07.gz HTTP/1.1" 200 14777 "-" "python-requests/2.12.1" 
52.212.146.96 - - [10/Jan/2020:18:30:03 -0800] "GET /self.logs/access.log.2020-01-08.gz HTTP/1.1" 404 294 "-" "python-requests/2.12.1" 
52.212.146.96 - - [10/Jan/2020:18:30:03 -0800] "GET /self.logs/access.log.2020-01-09.gz HTTP/1.1" 404 294 "-" "python-requests/2.12.1" 
52.212.146.96 - - [10/Jan/2020:18:30:03 -0800] "GET /self.logs/access.log.2020-01-10.gz HTTP/1.1" 404 294 "-" "python-requests/2.12.1" 
157.55.39.78 - - [10/Jan/2020:18:30:36 -0800] "GET /self.logs/error.log.2018-01-21.gz HTTP/1.1" 200 1849 "-" "Mozilla/5.0 (compatible; bingbot/2.0; +http://www.bing.com/bingbot.htm)" 
207.244.109.179 - - [10/Jan/2020:18:33:45 -0800] "GET / HTTP/1.1" 200 12660 "-" "Vienna/7130 (Macintosh; Intel macOS 10_13_6)" 
203.186.123.56 - - [10/Jan/2020:18:34:00 -0800] "GET / HTTP/1.1" 200 12660 "-" "Mozilla/5.0 (Macintosh; Intel Mac OS X 10_13_6) AppleWebKit/537.36 (KHTML, like Gecko) Chrome/79.0.3945.88 Safari/537.36" 
203.186.123.56 - - [10/Jan/2020:18:34:00 -0800] "GET /css/style.css HTTP/1.1" 404 271 "http://www.secrepo.com/" "Mozilla/5.0 (Macintosh; Intel Mac OS X 10_13_6) AppleWebKit/537.36 (KHTML, like Gecko) Chrome/79.0.3945.88 Safari/537.36" 
65.208.151.116 - - [10/Jan/2020:18:40:13 -0800] "GET / HTTP/1.1" 404 0 "-" "Mozilla/4.0 (compatible; MSIE 6.0; Windows NT 5.1; SV1)" 
68.133.79.79 - - [10/Jan/2020:18:38:49 -0800] "GET /Security-Data-Analysis/Lab_1/conn.log.zip HTTP/1.1" 200 547221453 "-" "Mozilla/5.0 (Windows NT 6.1; Win64; x64) AppleWebKit/537.36 (KHTML, like Gecko) Chrome/79.0.3945.117 Safari/537.36" 
65.208.151.118 - - [10/Jan/2020:18:41:44 -0800] "GET /Security-Data-Analysis/Lab_1/conn.log.zip HTTP/1.1" 404 0 "-" "Mozilla/4.0 (compatible; MSIE 6.0; Windows NT 5.1; SV1)" 
68.133.79.79 - - [10/Jan/2020:18:46:56 -0800] "GET / HTTP/1.1" 200 12660 "-" "Mozilla/5.0 (Windows NT 6.1; Win64; x64) AppleWebKit/537.36 (KHTML, like Gecko) Chrome/79.0.3945.117 Safari/537.36" 
68.133.79.79 - - [10/Jan/2020:18:46:56 -0800] "GET /css/style.css HTTP/1.1" 404 271 "http://www.secrepo.com/" "Mozilla/5.0 (Windows NT 6.1; Win64; x64) AppleWebKit/537.36 (KHTML, like Gecko) Chrome/79.0.3945.117 Safari/537.36" 
157.55.39.78 - - [10/Jan/2020:18:48:25 -0800] "GET /self.logs/?C=D;O=A HTTP/1.1" 200 20432 "-" "Mozilla/5.0 (compatible; bingbot/2.0; +http://www.bing.com/bingbot.htm)" 
67.149.171.203 - - [10/Jan/2020:18:48:37 -0800] "GET / HTTP/1.1" 200 12660 "-" "Mozilla/5.0 (Windows NT 10.0; Win64; x64; rv:72.0) Gecko/20100101 Firefox/72.0" 
67.149.171.203 - - [10/Jan/2020:18:48:38 -0800] "GET /css/style.css HTTP/1.1" 404 294 "http://www.secrepo.com/" "Mozilla/5.0 (Windows NT 10.0; Win64; x64; rv:72.0) Gecko/20100101 Firefox/72.0" 
67.149.171.203 - - [10/Jan/2020:18:48:38 -0800] "GET /twitter-icon.png HTTP/1.1" 200 27787 "http://www.secrepo.com/" "Mozilla/5.0 (Windows NT 10.0; Win64; x64; rv:72.0) Gecko/20100101 Firefox/72.0" 
67.149.171.203 - - [10/Jan/2020:18:48:38 -0800] "GET /GitHub-Mark.png HTTP/1.1" 200 7427 "http://www.secrepo.com/" "Mozilla/5.0 (Windows NT 10.0; Win64; x64; rv:72.0) Gecko/20100101 Firefox/72.0" 
67.149.171.203 - - [10/Jan/2020:18:48:38 -0800] "GET /css/style.css HTTP/1.1" 404 271 "http://www.secrepo.com/" "Mozilla/5.0 (Windows NT 10.0; Win64; x64; rv:72.0) Gecko/20100101 Firefox/72.0" 
67.149.171.203 - - [10/Jan/2020:18:48:38 -0800] "GET /bootstrap/img/favicon.ico HTTP/1.1" 200 601 "-" "Mozilla/5.0 (Windows NT 10.0; Win64; x64; rv:72.0) Gecko/20100101 Firefox/72.0" 
207.46.13.16 - - [10/Jan/2020:18:50:05 -0800] "GET /self.logs/access.log.2018-04-29.gz HTTP/1.1" 200 33646 "-" "Mozilla/5.0 (compatible; bingbot/2.0; +http://www.bing.com/bingbot.htm)" 
113.171.224.176 - - [10/Jan/2020:19:09:03 -0800] "GET /honeypot/Honeypot%20-%20Howto.pdf HTTP/1.1" 200 61320 "-" "Mozilla/5.0 Gecko/20100115 Firefox/3.6" 
207.244.109.179 - - [10/Jan/2020:19:26:07 -0800] "GET / HTTP/1.1" 200 12659 "-" "Vienna/7130 (Macintosh; Intel macOS 10_13_6)" 
199.58.86.211 - - [10/Jan/2020:19:27:27 -0800] "GET /robots.txt HTTP/1.1" 200 288 "-" "Mozilla/5.0 (compatible; MJ12bot/v1.4.8; http://mj12bot.com/)" 
199.58.86.211 - - [10/Jan/2020:19:27:29 -0800] "GET / HTTP/1.1" 200 12581 "-" "Mozilla/5.0 (compatible; MJ12bot/v1.4.8; http://mj12bot.com/)" 
157.55.39.78 - - [10/Jan/2020:19:36:23 -0800] "GET /self.logs/access.log.2017-09-07.gz HTTP/1.1" 200 24628 "-" "Mozilla/5.0 (compatible; bingbot/2.0; +http://www.bing.com/bingbot.htm)" 
207.46.13.154 - - [10/Jan/2020:19:36:26 -0800] "GET /self.logs/access.log.2018-06-25.gz HTTP/1.1" 200 19618 "-" "Mozilla/5.0 (compatible; bingbot/2.0; +http://www.bing.com/bingbot.htm)" 
157.55.39.78 - - [10/Jan/2020:19:43:46 -0800] "GET /self.logs/error.log.2017-12-02.gz HTTP/1.1" 200 1797 "-" "Mozilla/5.0 (compatible; bingbot/2.0; +http://www.bing.com/bingbot.htm)" 
66.249.65.212 - - [10/Jan/2020:19:57:24 -0800] "GET /robots.txt HTTP/1.1" 301 495 "-" "Mozilla/5.0 (compatible; Googlebot/2.1; +http://www.google.com/bot.html)" 
66.249.65.111 - - [10/Jan/2020:19:57:24 -0800] "GET /robots.txt HTTP/1.1" 200 288 "-" "Mozilla/5.0 (compatible; Googlebot/2.1; +http://www.google.com/bot.html)" 
66.249.65.214 - - [10/Jan/2020:19:57:24 -0800] "GET /ads.txt HTTP/1.1" 301 489 "-" "Mozilla/5.0 (compatible; Googlebot/2.1; +http://www.google.com/bot.html)" 
207.46.13.16 - - [10/Jan/2020:20:01:57 -0800] "GET /self.logs/access.log.2018-10-03.gz HTTP/1.1" 200 29058 "-" "Mozilla/5.0 (compatible; bingbot/2.0; +http://www.bing.com/bingbot.htm)" 
207.46.13.16 - - [10/Jan/2020:20:07:20 -0800] "GET /self.logs/access.log.2019-12-11.gz HTTP/1.1" 200 18007 "-" "Mozilla/5.0 (compatible; bingbot/2.0; +http://www.bing.com/bingbot.htm)" 
122.175.221.86 - - [10/Jan/2020:20:08:22 -0800] "GET /robots.txt HTTP/1.1" 200 288 "-" "Mozilla/5.0 (Windows NT 10.0; Win64; x64; rv:72.0) Gecko/20100101 Firefox/72.0" 
122.175.221.86 - - [10/Jan/2020:20:08:22 -0800] "GET / HTTP/1.1" 200 12658 "-" "Mozilla/5.0 (Windows NT 10.0; Win64; x64; rv:72.0) Gecko/20100101 Firefox/72.0" 
122.175.221.86 - - [10/Jan/2020:20:08:22 -0800] "GET /css/style.css HTTP/1.1" 404 294 "http://www.secrepo.com/" "Mozilla/5.0 (Windows NT 10.0; Win64; x64; rv:72.0) Gecko/20100101 Firefox/72.0" 
122.175.221.86 - - [10/Jan/2020:20:08:25 -0800] "GET /twitter-icon.png HTTP/1.1" 200 27810 "http://www.secrepo.com/" "Mozilla/5.0 (Windows NT 10.0; Win64; x64; rv:72.0) Gecko/20100101 Firefox/72.0" 
122.175.221.86 - - [10/Jan/2020:20:08:25 -0800] "GET /GitHub-Mark.png HTTP/1.1" 200 7450 "http://www.secrepo.com/" "Mozilla/5.0 (Windows NT 10.0; Win64; x64; rv:72.0) Gecko/20100101 Firefox/72.0" 
122.175.221.86 - - [10/Jan/2020:20:08:27 -0800] "GET /bootstrap/img/favicon.ico HTTP/1.1" 200 601 "-" "Mozilla/5.0 (Windows NT 10.0; Win64; x64; rv:72.0) Gecko/20100101 Firefox/72.0" 
113.171.224.176 - - [10/Jan/2020:20:17:08 -0800] "GET /honeypot/Honeypot%20-%20Howto.pdf HTTP/1.1" 200 61320 "-" "Mozilla/5.0 Gecko/20100115 Firefox/3.6" 
157.55.39.78 - - [10/Jan/2020:20:18:28 -0800] "GET /self.logs/2015/ HTTP/1.1" 200 7542 "-" "Mozilla/5.0 (compatible; bingbot/2.0; +http://www.bing.com/bingbot.htm)" 
157.55.39.83 - - [10/Jan/2020:20:18:31 -0800] "GET /self.logs/error.log.2019-08-22.gz HTTP/1.1" 200 1142 "-" "Mozilla/5.0 (compatible; bingbot/2.0; +http://www.bing.com/bingbot.htm)" 
85.208.96.65 - - [10/Jan/2020:20:19:19 -0800] "GET /robots.txt HTTP/1.1" 301 439 "-" "Mozilla/5.0 (compatible; SemrushBot-BM/1.0; +http://www.semrush.com/bot.html)" 
85.208.96.65 - - [10/Jan/2020:20:19:22 -0800] "GET /robots.txt HTTP/1.1" 200 244 "-" "Mozilla/5.0 (compatible; SemrushBot-BM/1.0; +http://www.semrush.com/bot.html)" 
157.55.39.78 - - [10/Jan/2020:20:21:09 -0800] "GET /self.logs/access.log.2019-09-26.gz HTTP/1.1" 200 17646 "-" "Mozilla/5.0 (compatible; bingbot/2.0; +http://www.bing.com/bingbot.htm)" 
34.235.156.196 - - [10/Jan/2020:20:25:50 -0800] "GET / HTTP/1.1" 200 12615 "-" "Mozilla/5.0 (compatible; startmebot/1.0; +https://start.me/bot)" 
157.55.39.83 - - [10/Jan/2020:20:27:09 -0800] "GET /self.logs/access.log.2018-12-23.gz HTTP/1.1" 200 21232 "-" "Mozilla/5.0 (compatible; bingbot/2.0; +http://www.bing.com/bingbot.htm)" 
207.46.13.16 - - [10/Jan/2020:20:43:47 -0800] "GET /self.logs/error.log.2017-04-17.gz HTTP/1.1" 200 1082 "-" "Mozilla/5.0 (compatible; bingbot/2.0; +http://www.bing.com/bingbot.htm)" 
157.55.39.78 - - [10/Jan/2020:21:00:52 -0800] "GET /self.logs/error.log.2019-05-24.gz HTTP/1.1" 200 4350 "-" "Mozilla/5.0 (compatible; bingbot/2.0; +http://www.bing.com/bingbot.htm)" 
157.55.39.78 - - [10/Jan/2020:21:00:54 -0800] "GET /self.logs/error.log.2019-04-13.gz HTTP/1.1" 200 4658 "-" "Mozilla/5.0 (compatible; bingbot/2.0; +http://www.bing.com/bingbot.htm)" 
157.55.39.78 - - [10/Jan/2020:21:00:54 -0800] "GET /self.logs/error.log.2018-01-14.gz HTTP/1.1" 200 1825 "-" "Mozilla/5.0 (compatible; bingbot/2.0; +http://www.bing.com/bingbot.htm)" 
157.55.39.78 - - [10/Jan/2020:21:00:54 -0800] "GET /self.logs/error.log.2018-04-29.gz HTTP/1.1" 200 3429 "-" "Mozilla/5.0 (compatible; bingbot/2.0; +http://www.bing.com/bingbot.htm)" 
101.132.129.91 - - [10/Jan/2020:21:06:48 -0800] "GET /ewebedit/upload.asp HTTP/1.1" 301 513 "http://secrepo.com/ewebedit/upload.asp" "Mozilla/5.0 (compatible; MSIE 9.0; Windows NT 6.1; Win64; x64; Trident/5.0)" 
101.132.129.91 - - [10/Jan/2020:21:06:49 -0800] "GET /ewebedit/upload.asp HTTP/1.1" 404 294 "http://secrepo.com/ewebedit/upload.asp" "Mozilla/5.0 (compatible; MSIE 9.0; Windows NT 6.1; Win64; x64; Trident/5.0)" 
66.249.80.43 - - [10/Jan/2020:21:07:43 -0800] "GET / HTTP/1.1" 200 12660 "-" "Mozilla/5.0 (X11; Linux x86_64) AppleWebKit/537.36 (KHTML, like Gecko) Chrome/49.0.2623.75 Safari/537.36 Google Favicon" 
66.249.80.45 - - [10/Jan/2020:21:07:43 -0800] "GET /bootstrap/img/favicon.ico HTTP/1.1" 200 624 "-" "Mozilla/5.0 (X11; Linux x86_64) AppleWebKit/537.36 (KHTML, like Gecko) Chrome/49.0.2623.75 Safari/537.36 Google Favicon" 
157.55.39.83 - - [10/Jan/2020:21:09:48 -0800] "GET /self.logs/?C=M;O=A HTTP/1.1" 200 20966 "-" "Mozilla/5.0 (compatible; bingbot/2.0; +http://www.bing.com/bingbot.htm)" 
66.249.65.107 - - [10/Jan/2020:21:12:27 -0800] "GET /robots.txt HTTP/1.1" 200 288 "-" "Mozilla/5.0 (compatible; Googlebot/2.1; +http://www.google.com/bot.html)" 
66.249.65.109 - - [10/Jan/2020:21:12:27 -0800] "GET /self.logs/ HTTP/1.1" 200 20432 "-" "Mozilla/5.0 (Linux; Android 6.0.1; Nexus 5X Build/MMB29P) AppleWebKit/537.36 (KHTML, like Gecko) Chrome/41.0.2272.96 Mobile Safari/537.36 (compatible; Googlebot/2.1; +http://www.google.com/bot.html)" 
113.171.224.176 - - [10/Jan/2020:21:19:12 -0800] "GET /honeypot/Honeypot%20-%20Howto.pdf HTTP/1.1" 200 61320 "-" "Mozilla/5.0 Gecko/20100115 Firefox/3.6" 
207.46.13.16 - - [10/Jan/2020:21:32:09 -0800] "GET /self.logs/access.log.2018-08-09.gz HTTP/1.1" 200 26687 "-" "Mozilla/5.0 (compatible; bingbot/2.0; +http://www.bing.com/bingbot.htm)" 
207.46.13.154 - - [10/Jan/2020:21:33:35 -0800] "GET /self.logs/access.log.2018-10-01.gz HTTP/1.1" 200 21965 "-" "Mozilla/5.0 (compatible; bingbot/2.0; +http://www.bing.com/bingbot.htm)" 
98.118.49.7 - - [10/Jan/2020:21:45:29 -0800] "GET / HTTP/1.1" 200 12660 "-" "Mozilla/5.0 (X11; Linux x86_64) AppleWebKit/537.36 (KHTML, like Gecko) snap Chromium/79.0.3945.79 Chrome/79.0.3945.79 Safari/537.36" 
98.118.49.7 - - [10/Jan/2020:21:45:29 -0800] "GET /css/style.css HTTP/1.1" 404 271 "http://www.secrepo.com/" "Mozilla/5.0 (X11; Linux x86_64) AppleWebKit/537.36 (KHTML, like Gecko) snap Chromium/79.0.3945.79 Chrome/79.0.3945.79 Safari/537.36" 
98.118.49.7 - - [10/Jan/2020:21:45:29 -0800] "GET /twitter-icon.png HTTP/1.1" 200 27810 "http://www.secrepo.com/" "Mozilla/5.0 (X11; Linux x86_64) AppleWebKit/537.36 (KHTML, like Gecko) snap Chromium/79.0.3945.79 Chrome/79.0.3945.79 Safari/537.36" 
98.118.49.7 - - [10/Jan/2020:21:45:29 -0800] "GET /GitHub-Mark.png HTTP/1.1" 200 7450 "http://www.secrepo.com/" "Mozilla/5.0 (X11; Linux x86_64) AppleWebKit/537.36 (KHTML, like Gecko) snap Chromium/79.0.3945.79 Chrome/79.0.3945.79 Safari/537.36" 
98.118.49.7 - - [10/Jan/2020:21:45:30 -0800] "GET /bootstrap/img/favicon.ico HTTP/1.1" 200 601 "http://www.secrepo.com/" "Mozilla/5.0 (X11; Linux x86_64) AppleWebKit/537.36 (KHTML, like Gecko) snap Chromium/79.0.3945.79 Chrome/79.0.3945.79 Safari/537.36" 
98.118.49.7 - - [10/Jan/2020:21:46:35 -0800] "GET / HTTP/1.1" 200 12660 "-" "Mozilla/5.0 (X11; Linux x86_64) AppleWebKit/537.36 (KHTML, like Gecko) snap Chromium/79.0.3945.79 Chrome/79.0.3945.79 Safari/537.36" 
98.118.49.7 - - [10/Jan/2020:21:46:35 -0800] "GET /css/style.css HTTP/1.1" 404 271 "http://www.secrepo.com/" "Mozilla/5.0 (X11; Linux x86_64) AppleWebKit/537.36 (KHTML, like Gecko) snap Chromium/79.0.3945.79 Chrome/79.0.3945.79 Safari/537.36" 
98.118.49.7 - - [10/Jan/2020:21:46:38 -0800] "GET /Datasets%20Description/Network/dhcp.html HTTP/1.1" 200 1382 "http://www.secrepo.com/" "Mozilla/5.0 (X11; Linux x86_64) AppleWebKit/537.36 (KHTML, like Gecko) snap Chromium/79.0.3945.79 Chrome/79.0.3945.79 Safari/537.36" 
98.118.49.7 - - [10/Jan/2020:21:46:38 -0800] "GET /favicon.ico HTTP/1.1" 200 279 "http://www.secrepo.com/Datasets%20Description/Network/dhcp.html" "Mozilla/5.0 (X11; Linux x86_64) AppleWebKit/537.36 (KHTML, like Gecko) snap Chromium/79.0.3945.79 Chrome/79.0.3945.79 Safari/537.36" 
98.118.49.7 - - [10/Jan/2020:21:47:19 -0800] "GET /tg/a.zip HTTP/1.1" 200 66189359 "-" "Mozilla/5.0 (X11; Linux x86_64) AppleWebKit/537.36 (KHTML, like Gecko) snap Chromium/79.0.3945.79 Chrome/79.0.3945.79 Safari/537.36" 
36.90.102.3 - - [10/Jan/2020:21:50:49 -0800] "GET /honeypot/BSidesDFW%20-%202014.ipynb HTTP/1.1" 200 930788 "https://www.secrepo.com/" "Mozilla/5.0 (Windows NT 6.1; Win64; x64) AppleWebKit/537.36 (KHTML, like Gecko) Chrome/67.0.3396.18 Safari/537.36 OPR/55.0.2962.0 (Edition developer)" 
180.163.220.68 - - [10/Jan/2020:21:50:55 -0800] "GET / HTTP/1.1" 200 12660 "-" "Mozilla/5.0 (Linux; U; Android 8.1.0; zh-CN; EML-AL00 Build/HUAWEIEML-AL00) AppleWebKit/537.36 (KHTML, like Gecko) Version/4.0 Chrome/57.0.2987.108 baidu.sogo.uc.UCBrowser/11.9.4.974 UWS/2.13.1.48 Mobile Safari/537.36 AliApp(DingTalk/4.5.11) com.alibaba.android.rimet/10487439 Channel/227200 language/zh-CN" 
180.163.220.4 - - [10/Jan/2020:21:51:17 -0800] "GET / HTTP/1.1" 200 12660 "http://baidu.com/" "Mozilla/5.0 (Linux; U; Android 8.1.0; zh-CN; EML-AL00 Build/HUAWEIEML-AL00) AppleWebKit/537.36 (KHTML, like Gecko) Version/4.0 Chrome/57.0.2987.108 baidu.sogo.uc.UCBrowser/11.9.4.974 UWS/2.13.1.48 Mobile Safari/537.36 AliApp(DingTalk/4.5.11) com.alibaba.android.rimet/10487439 Channel/227200 language/zh-CN" 
180.163.220.5 - - [10/Jan/2020:21:51:17 -0800] "GET /css/style.css HTTP/1.1" 404 294 "http://www.secrepo.com/" "Mozilla/5.0 (Linux; U; Android 8.1.0; zh-CN; EML-AL00 Build/HUAWEIEML-AL00) AppleWebKit/537.36 (KHTML, like Gecko) Version/4.0 Chrome/57.0.2987.108 baidu.sogo.uc.UCBrowser/11.9.4.974 UWS/2.13.1.48 Mobile Safari/537.36 AliApp(DingTalk/4.5.11) com.alibaba.android.rimet/10487439 Channel/227200 language/zh-CN" 
180.163.220.66 - - [10/Jan/2020:21:51:28 -0800] "GET /css/style.css HTTP/1.1" 404 294 "http://www.secrepo.com/" "Mozilla/5.0 (Linux; U; Android 8.1.0; zh-CN; EML-AL00 Build/HUAWEIEML-AL00) AppleWebKit/537.36 (KHTML, like Gecko) Version/4.0 Chrome/57.0.2987.108 baidu.sogo.uc.UCBrowser/11.9.4.974 UWS/2.13.1.48 Mobile Safari/537.36 AliApp(DingTalk/4.5.11) com.alibaba.android.rimet/10487439 Channel/227200 language/zh-CN" 
39.108.136.166 - - [10/Jan/2020:22:05:47 -0800] "GET /ewebedit/upload.asp HTTP/1.1" 404 294 "http://www.secrepo.com/ewebedit/upload.asp" "Mozilla/5.0 (compatible; MSIE 9.0; Windows NT 6.1; Win64; x64; Trident/5.0)" 
207.46.13.154 - - [10/Jan/2020:22:09:38 -0800] "GET /self.logs/access.log.2017-10-21.gz HTTP/1.1" 200 18325 "-" "Mozilla/5.0 (compatible; bingbot/2.0; +http://www.bing.com/bingbot.htm)" 
108.59.8.70 - - [10/Jan/2020:22:11:20 -0800] "GET /robots.txt HTTP/1.1" 200 288 "-" "Mozilla/5.0 (compatible; MJ12bot/v1.4.8; http://mj12bot.com/)" 
108.59.8.70 - - [10/Jan/2020:22:11:22 -0800] "GET / HTTP/1.1" 200 12616 "-" "Mozilla/5.0 (compatible; MJ12bot/v1.4.8; http://mj12bot.com/)" 
207.46.13.154 - - [10/Jan/2020:22:15:47 -0800] "GET /self.logs/access.log.2019-08-10.gz HTTP/1.1" 200 14825 "-" "Mozilla/5.0 (compatible; bingbot/2.0; +http://www.bing.com/bingbot.htm)" 
210.47.7.38 - - [10/Jan/2020:22:16:33 -0800] "GET /favicon.ico HTTP/1.1" 200 302 "-" "Mozilla/5.0 (Windows NT 10.0; WOW64) AppleWebKit/537.36 (KHTML, like Gecko) Chrome/58.0.3029.110 Safari/537.36 SE 2.X MetaSr 1.0" 
162.210.196.98 - - [10/Jan/2020:22:20:12 -0800] "GET /robots.txt HTTP/1.1" 301 495 "-" "Mozilla/5.0 (compatible; MJ12bot/v1.4.8; http://mj12bot.com/)" 
162.210.196.98 - - [10/Jan/2020:22:20:13 -0800] "GET /robots.txt HTTP/1.1" 200 288 "-" "Mozilla/5.0 (compatible; MJ12bot/v1.4.8; http://mj12bot.com/)" 
162.210.196.98 - - [10/Jan/2020:22:20:21 -0800] "GET / HTTP/1.1" 301 419 "-" "Mozilla/5.0 (compatible; MJ12bot/v1.4.8; http://mj12bot.com/)" 
162.210.196.98 - - [10/Jan/2020:22:20:23 -0800] "GET / HTTP/1.1" 200 12616 "-" "Mozilla/5.0 (compatible; MJ12bot/v1.4.8; http://mj12bot.com/)" 
113.171.224.176 - - [10/Jan/2020:22:25:21 -0800] "GET /honeypot/Honeypot%20-%20Howto.pdf HTTP/1.1" 200 61320 "-" "Mozilla/5.0 Gecko/20100115 Firefox/3.6" 
122.172.79.36 - - [10/Jan/2020:22:31:55 -0800] "GET / HTTP/1.1" 200 12660 "-" "Mozilla/5.0 (Macintosh; Intel Mac OS X 10_15) AppleWebKit/605.1.15 (KHTML, like Gecko) Version/13.0.4 Safari/605.1.15" 
122.172.79.36 - - [10/Jan/2020:22:31:56 -0800] "GET /css/style.css HTTP/1.1" 404 271 "http://www.secrepo.com/" "Mozilla/5.0 (Macintosh; Intel Mac OS X 10_15) AppleWebKit/605.1.15 (KHTML, like Gecko) Version/13.0.4 Safari/605.1.15" 
122.172.79.36 - - [10/Jan/2020:22:31:56 -0800] "GET /twitter-icon.png HTTP/1.1" 200 27810 "http://www.secrepo.com/" "Mozilla/5.0 (Macintosh; Intel Mac OS X 10_15) AppleWebKit/605.1.15 (KHTML, like Gecko) Version/13.0.4 Safari/605.1.15" 
122.172.79.36 - - [10/Jan/2020:22:31:56 -0800] "GET /GitHub-Mark.png HTTP/1.1" 200 7450 "http://www.secrepo.com/" "Mozilla/5.0 (Macintosh; Intel Mac OS X 10_15) AppleWebKit/605.1.15 (KHTML, like Gecko) Version/13.0.4 Safari/605.1.15" 
122.172.79.36 - - [10/Jan/2020:22:31:58 -0800] "GET /bootstrap/img/favicon.ico HTTP/1.1" 200 624 "http://www.secrepo.com/" "Mozilla/5.0 (Macintosh; Intel Mac OS X 10_15) AppleWebKit/605.1.15 (KHTML, like Gecko) Version/13.0.4 Safari/605.1.15" 
66.249.93.75 - - [10/Jan/2020:22:33:31 -0800] "GET / HTTP/1.1" 200 12660 "-" "Mozilla/5.0 (X11; Linux x86_64) AppleWebKit/537.36 (KHTML, like Gecko) Chrome/49.0.2623.75 Safari/537.36 Google Favicon" 
66.249.93.77 - - [10/Jan/2020:22:33:31 -0800] "GET /bootstrap/img/favicon.ico HTTP/1.1" 200 624 "-" "Mozilla/5.0 (X11; Linux x86_64) AppleWebKit/537.36 (KHTML, like Gecko) Chrome/49.0.2623.75 Safari/537.36 Google Favicon" 
157.55.39.78 - - [10/Jan/2020:22:47:08 -0800] "GET /Datasets%20Description/packet_filter.html HTTP/1.1" 404 294 "-" "Mozilla/5.0 (compatible; bingbot/2.0; +http://www.bing.com/bingbot.htm)" 
220.243.135.170 - - [10/Jan/2020:22:51:48 -0800] "GET /robots.txt HTTP/1.1" 200 244 "-" "Mozilla/5.0 (Linux; Android 5.0; SM-G900P Build/LRX21T) AppleWebKit/537.36 (KHTML, like Gecko) Chrome/54.0.6823.1302 Mobile Safari/537.36" 
157.55.39.134 - - [10/Jan/2020:23:03:13 -0800] "GET /self.logs/access.log.2018-09-22.gz HTTP/1.1" 200 74525 "-" "Mozilla/5.0 (compatible; bingbot/2.0; +http://www.bing.com/bingbot.htm)" 
157.55.39.134 - - [10/Jan/2020:23:03:13 -0800] "GET /self.logs/error.log.2019-11-02.gz HTTP/1.1" 200 1412 "-" "Mozilla/5.0 (compatible; bingbot/2.0; +http://www.bing.com/bingbot.htm)" 
24.217.38.49 - - [10/Jan/2020:23:03:26 -0800] "GET / HTTP/1.1" 200 12660 "-" "com.zhihu.android/Futureve/5.28.2 Mozilla/5.0 (Linux; Android 9; SM-N9600 Build/PPR1.180610.011; wv) AppleWebKit/537.36 (KHTML, like Gecko) Version/4.0 Chrome/79.0.3945.116 Mobile Safari/537.36" 
24.217.38.49 - - [10/Jan/2020:23:03:26 -0800] "GET /twitter-icon.png HTTP/1.1" 200 27810 "http://www.secrepo.com/" "com.zhihu.android/Futureve/5.28.2 Mozilla/5.0 (Linux; Android 9; SM-N9600 Build/PPR1.180610.011; wv) AppleWebKit/537.36 (KHTML, like Gecko) Version/4.0 Chrome/79.0.3945.116 Mobile Safari/537.36" 
24.217.38.49 - - [10/Jan/2020:23:03:26 -0800] "GET /GitHub-Mark.png HTTP/1.1" 200 7427 "http://www.secrepo.com/" "com.zhihu.android/Futureve/5.28.2 Mozilla/5.0 (Linux; Android 9; SM-N9600 Build/PPR1.180610.011; wv) AppleWebKit/537.36 (KHTML, like Gecko) Version/4.0 Chrome/79.0.3945.116 Mobile Safari/537.36" 
24.217.38.49 - - [10/Jan/2020:23:03:26 -0800] "GET /css/style.css HTTP/1.1" 404 271 "http://www.secrepo.com/" "com.zhihu.android/Futureve/5.28.2 Mozilla/5.0 (Linux; Android 9; SM-N9600 Build/PPR1.180610.011; wv) AppleWebKit/537.36 (KHTML, like Gecko) Version/4.0 Chrome/79.0.3945.116 Mobile Safari/537.36" 
24.217.38.49 - - [10/Jan/2020:23:03:28 -0800] "GET /bootstrap/img/favicon.ico HTTP/1.1" 200 601 "http://www.secrepo.com/" "com.zhihu.android/Futureve/5.28.2 Mozilla/5.0 (Linux; Android 9; SM-N9600 Build/PPR1.180610.011; wv) AppleWebKit/537.36 (KHTML, like Gecko) Version/4.0 Chrome/79.0.3945.116 Mobile Safari/537.36" 
59.64.129.104 - - [10/Jan/2020:23:09:22 -0800] "GET / HTTP/1.1" 200 12660 "-" "Mozilla/5.0 (Windows NT 6.1; WOW64) AppleWebKit/537.36 (KHTML, like Gecko) Chrome/79.0.3945.88 Safari/537.36" 
59.64.129.104 - - [10/Jan/2020:23:09:22 -0800] "GET /css/style.css HTTP/1.1" 404 294 "http://www.secrepo.com/" "Mozilla/5.0 (Windows NT 6.1; WOW64) AppleWebKit/537.36 (KHTML, like Gecko) Chrome/79.0.3945.88 Safari/537.36" 
59.64.129.104 - - [10/Jan/2020:23:09:23 -0800] "GET /twitter-icon.png HTTP/1.1" 200 27787 "http://www.secrepo.com/" "Mozilla/5.0 (Windows NT 6.1; WOW64) AppleWebKit/537.36 (KHTML, like Gecko) Chrome/79.0.3945.88 Safari/537.36" 
59.64.129.104 - - [10/Jan/2020:23:09:23 -0800] "GET /GitHub-Mark.png HTTP/1.1" 200 7427 "http://www.secrepo.com/" "Mozilla/5.0 (Windows NT 6.1; WOW64) AppleWebKit/537.36 (KHTML, like Gecko) Chrome/79.0.3945.88 Safari/537.36" 
59.64.129.104 - - [10/Jan/2020:23:10:13 -0800] "GET /bootstrap/img/favicon.ico HTTP/1.1" 200 624 "http://www.secrepo.com/" "Mozilla/5.0 (Windows NT 6.1; WOW64) AppleWebKit/537.36 (KHTML, like Gecko) Chrome/79.0.3945.88 Safari/537.36" 
49.74.249.175 - - [10/Jan/2020:23:11:40 -0800] "GET /favicon.ico HTTP/1.1" 200 302 "-" "Mozilla/5.0 (Windows NT 10.0; WOW64) AppleWebKit/537.36 (KHTML, like Gecko) Chrome/69.0.3497.100 Safari/537.36" 
157.55.39.78 - - [10/Jan/2020:23:13:22 -0800] "GET /self.logs/access.log.2019-08-30.gz HTTP/1.1" 200 16154 "-" "Mozilla/5.0 (compatible; bingbot/2.0; +http://www.bing.com/bingbot.htm)" 
122.172.79.36 - - [10/Jan/2020:23:20:53 -0800] "GET /honeypot/honeypot.json.zip HTTP/1.1" 200 1149984 "http://www.secrepo.com/" "Mozilla/5.0 (Macintosh; Intel Mac OS X 10_15) AppleWebKit/605.1.15 (KHTML, like Gecko) Version/13.0.4 Safari/605.1.15" 
207.46.13.16 - - [10/Jan/2020:23:22:32 -0800] "GET /self.logs/error.log.2018-03-22.gz HTTP/1.1" 200 3924 "-" "Mozilla/5.0 (compatible; bingbot/2.0; +http://www.bing.com/bingbot.htm)" 
113.171.224.176 - - [10/Jan/2020:23:29:56 -0800] "GET /honeypot/Honeypot%20-%20Howto.pdf HTTP/1.1" 200 61320 "-" "Mozilla/5.0 Gecko/20100115 Firefox/3.6" 
91.214.5.128 - - [10/Jan/2020:23:40:17 -0800] "GET /self.logs/access.log.2017-01-01.gz HTTP/1.1" 304 175 "-" "Mozilla/4.0 (compatible;)" 
139.129.98.166 - - [10/Jan/2020:23:44:24 -0800] "GET //ewebedit/upload.asp HTTP/1.1" 404 294 "http://www.secrepo.com//ewebedit/upload.asp" "Mozilla/5.0 (compatible; MSIE 9.0; Windows NT 6.1; Win64; x64; Trident/5.0)" 
157.55.39.134 - - [10/Jan/2020:23:44:26 -0800] "GET /self.logs/access.log.2017-11-08.gz HTTP/1.1" 301 543 "-" "Mozilla/5.0 (compatible; bingbot/2.0; +http://www.bing.com/bingbot.htm)" 
139.129.98.166 - - [10/Jan/2020:23:44:28 -0800] "GET //ewebedit/upload.asp HTTP/1.1" 301 513 "http://secrepo.com//ewebedit/upload.asp" "Mozilla/5.0 (compatible; MSIE 9.0; Windows NT 6.1; Win64; x64; Trident/5.0)" 
139.129.98.166 - - [10/Jan/2020:23:44:28 -0800] "GET /ewebedit/upload.asp HTTP/1.1" 404 294 "http://secrepo.com//ewebedit/upload.asp" "Mozilla/5.0 (compatible; MSIE 9.0; Windows NT 6.1; Win64; x64; Trident/5.0)" 
161.200.189.205 - - [10/Jan/2020:23:45:52 -0800] "GET / HTTP/1.1" 200 12660 "-" "Mozilla/5.0 (Windows NT 10.0; Win64; x64) AppleWebKit/537.36 (KHTML, like Gecko) Chrome/79.0.3945.88 Safari/537.36" 
161.200.189.205 - - [10/Jan/2020:23:45:53 -0800] "GET /css/style.css HTTP/1.1" 404 271 "http://www.secrepo.com/" "Mozilla/5.0 (Windows NT 10.0; Win64; x64) AppleWebKit/537.36 (KHTML, like Gecko) Chrome/79.0.3945.88 Safari/537.36" 
161.200.189.205 - - [10/Jan/2020:23:45:53 -0800] "GET /twitter-icon.png HTTP/1.1" 200 27810 "http://www.secrepo.com/" "Mozilla/5.0 (Windows NT 10.0; Win64; x64) AppleWebKit/537.36 (KHTML, like Gecko) Chrome/79.0.3945.88 Safari/537.36" 
161.200.189.205 - - [10/Jan/2020:23:45:53 -0800] "GET /GitHub-Mark.png HTTP/1.1" 200 7427 "http://www.secrepo.com/" "Mozilla/5.0 (Windows NT 10.0; Win64; x64) AppleWebKit/537.36 (KHTML, like Gecko) Chrome/79.0.3945.88 Safari/537.36" 
161.200.189.205 - - [10/Jan/2020:23:45:54 -0800] "GET /bootstrap/img/favicon.ico HTTP/1.1" 200 601 "http://www.secrepo.com/" "Mozilla/5.0 (Windows NT 10.0; Win64; x64) AppleWebKit/537.36 (KHTML, like Gecko) Chrome/79.0.3945.88 Safari/537.36" 
202.115.52.214 - - [10/Jan/2020:23:53:41 -0800] "GET / HTTP/1.1" 200 12660 "-" "Mozilla/5.0 (Windows NT 10.0; WOW64) AppleWebKit/537.36 (KHTML, like Gecko) Chrome/70.0.3538.25 Safari/537.36 Core/1.70.3741.400 QQBrowser/10.5.3863.400" 
202.115.52.214 - - [10/Jan/2020:23:53:41 -0800] "GET /css/style.css HTTP/1.1" 404 271 "http://www.secrepo.com/" "Mozilla/5.0 (Windows NT 10.0; WOW64) AppleWebKit/537.36 (KHTML, like Gecko) Chrome/70.0.3538.25 Safari/537.36 Core/1.70.3741.400 QQBrowser/10.5.3863.400" 
202.115.52.214 - - [10/Jan/2020:23:53:41 -0800] "GET /twitter-icon.png HTTP/1.1" 200 27810 "http://www.secrepo.com/" "Mozilla/5.0 (Windows NT 10.0; WOW64) AppleWebKit/537.36 (KHTML, like Gecko) Chrome/70.0.3538.25 Safari/537.36 Core/1.70.3741.400 QQBrowser/10.5.3863.400" 
202.115.52.214 - - [10/Jan/2020:23:53:41 -0800] "GET /GitHub-Mark.png HTTP/1.1" 200 7450 "http://www.secrepo.com/" "Mozilla/5.0 (Windows NT 10.0; WOW64) AppleWebKit/537.36 (KHTML, like Gecko) Chrome/70.0.3538.25 Safari/537.36 Core/1.70.3741.400 QQBrowser/10.5.3863.400" 
202.115.52.214 - - [10/Jan/2020:23:54:06 -0800] "GET /bootstrap/img/favicon.ico HTTP/1.1" 200 624 "http://www.secrepo.com/" "Mozilla/5.0 (Windows NT 10.0; WOW64) AppleWebKit/537.36 (KHTML, like Gecko) Chrome/70.0.3538.25 Safari/537.36 Core/1.70.3741.400 QQBrowser/10.5.3863.400" 
202.115.52.214 - - [11/Jan/2020:00:02:08 -0800] "GET / HTTP/1.1" 200 12658 "-" "Mozilla/5.0 (Windows NT 10.0; WOW64) AppleWebKit/537.36 (KHTML, like Gecko) Chrome/70.0.3538.25 Safari/537.36 Core/1.70.3741.400 QQBrowser/10.5.3863.400" 
202.115.52.214 - - [11/Jan/2020:00:02:08 -0800] "GET /css/style.css HTTP/1.1" 404 271 "http://www.secrepo.com/" "Mozilla/5.0 (Windows NT 10.0; WOW64) AppleWebKit/537.36 (KHTML, like Gecko) Chrome/70.0.3538.25 Safari/537.36 Core/1.70.3741.400 QQBrowser/10.5.3863.400" 
101.91.60.106 - - [11/Jan/2020:00:03:10 -0800] "GET / HTTP/1.1" 200 47355 "-" "Mozilla/5.0 (Windows NT 6.1; WOW64; Trident/7.0; SLCC2; .NET CLR 2.0.50727; .NET CLR 3.5.30729; .NET CLR 3.0.30729; Media Center PC 6.0; .NET4.0C; .NET4.0E; InfoPath.3; rv:11.0) like Gecko" 
183.63.119.43 - - [11/Jan/2020:00:11:34 -0800] "GET / HTTP/1.1" 200 12658 "https://www.baidu.com/link?url=BzzA7n7F7jzUIMo2si82XaZC4aKmliPnmT5KNFMczkZKYgIHcDU-RrfWu0VjAvpW&wd=&eqid=ce0a4a7800023176000000065e19832e" "Mozilla/5.0 (Windows NT 10.0; WOW64) AppleWebKit/537.36 (KHTML, like Gecko) Chrome/63.0.3239.132 Safari/537.36" 
183.63.119.43 - - [11/Jan/2020:00:11:35 -0800] "GET /css/style.css HTTP/1.1" 404 294 "http://www.secrepo.com/" "Mozilla/5.0 (Windows NT 10.0; WOW64) AppleWebKit/537.36 (KHTML, like Gecko) Chrome/63.0.3239.132 Safari/537.36" 
183.63.119.43 - - [11/Jan/2020:00:11:36 -0800] "GET /GitHub-Mark.png HTTP/1.1" 200 7427 "http://www.secrepo.com/" "Mozilla/5.0 (Windows NT 10.0; WOW64) AppleWebKit/537.36 (KHTML, like Gecko) Chrome/63.0.3239.132 Safari/537.36" 
183.63.119.43 - - [11/Jan/2020:00:11:36 -0800] "GET /twitter-icon.png HTTP/1.1" 200 27787 "http://www.secrepo.com/" "Mozilla/5.0 (Windows NT 10.0; WOW64) AppleWebKit/537.36 (KHTML, like Gecko) Chrome/63.0.3239.132 Safari/537.36" 
183.63.119.43 - - [11/Jan/2020:00:12:26 -0800] "GET /bootstrap/img/favicon.ico HTTP/1.1" 200 624 "http://www.secrepo.com/" "Mozilla/5.0 (Windows NT 10.0; WOW64) AppleWebKit/537.36 (KHTML, like Gecko) Chrome/63.0.3239.132 Safari/537.36" 
61.50.118.74 - - [11/Jan/2020:00:16:33 -0800] "GET / HTTP/1.1" 301 475 "-" "Mozilla/5.0 (Macintosh; Intel Mac OS X 10_14_1) AppleWebKit/605.1.15 (KHTML, like Gecko) Version/12.0.1 Safari/605.1.15" 
61.50.118.74 - - [11/Jan/2020:00:16:37 -0800] "GET / HTTP/1.1" 200 12661 "-" "Mozilla/5.0 (Macintosh; Intel Mac OS X 10_14_1) AppleWebKit/605.1.15 (KHTML, like Gecko) Version/12.0.1 Safari/605.1.15" 
61.50.118.74 - - [11/Jan/2020:00:16:37 -0800] "GET /css/style.css HTTP/1.1" 404 271 "http://www.secrepo.com/" "Mozilla/5.0 (Macintosh; Intel Mac OS X 10_14_1) AppleWebKit/605.1.15 (KHTML, like Gecko) Version/12.0.1 Safari/605.1.15" 
61.50.118.74 - - [11/Jan/2020:00:16:38 -0800] "GET /GitHub-Mark.png HTTP/1.1" 200 7450 "http://www.secrepo.com/" "Mozilla/5.0 (Macintosh; Intel Mac OS X 10_14_1) AppleWebKit/605.1.15 (KHTML, like Gecko) Version/12.0.1 Safari/605.1.15" 
61.50.118.74 - - [11/Jan/2020:00:16:38 -0800] "GET /twitter-icon.png HTTP/1.1" 200 27810 "http://www.secrepo.com/" "Mozilla/5.0 (Macintosh; Intel Mac OS X 10_14_1) AppleWebKit/605.1.15 (KHTML, like Gecko) Version/12.0.1 Safari/605.1.15" 
61.50.118.74 - - [11/Jan/2020:00:16:41 -0800] "GET /bootstrap/img/favicon.ico HTTP/1.1" 200 624 "http://www.secrepo.com/" "Mozilla/5.0 (Macintosh; Intel Mac OS X 10_14_1) AppleWebKit/605.1.15 (KHTML, like Gecko) Version/12.0.1 Safari/605.1.15" 
183.63.119.43 - - [11/Jan/2020:00:18:35 -0800] "GET / HTTP/1.1" 200 12661 "-" "Mozilla/5.0 (Windows NT 10.0; WOW64) AppleWebKit/537.36 (KHTML, like Gecko) Chrome/53.0.2785.116 Safari/537.36 QBCore/4.0.1278.400 QQBrowser/9.0.2524.400 Mozilla/5.0 (Windows NT 6.1; WOW64) AppleWebKit/537.36 (KHTML, like Gecko) Chrome/53.0.2875.116 Safari/537.36 NetType/WIFI MicroMessenger/7.0.5 WindowsWechat" 
183.63.119.43 - - [11/Jan/2020:00:18:36 -0800] "GET /css/style.css HTTP/1.1" 404 271 "http://www.secrepo.com/" "Mozilla/5.0 (Windows NT 10.0; WOW64) AppleWebKit/537.36 (KHTML, like Gecko) Chrome/53.0.2785.116 Safari/537.36 QBCore/4.0.1278.400 QQBrowser/9.0.2524.400 Mozilla/5.0 (Windows NT 6.1; WOW64) AppleWebKit/537.36 (KHTML, like Gecko) Chrome/53.0.2875.116 Safari/537.36 NetType/WIFI MicroMessenger/7.0.5 WindowsWechat" 
183.63.119.43 - - [11/Jan/2020:00:18:38 -0800] "GET /GitHub-Mark.png HTTP/1.1" 200 7450 "http://www.secrepo.com/" "Mozilla/5.0 (Windows NT 10.0; WOW64) AppleWebKit/537.36 (KHTML, like Gecko) Chrome/53.0.2785.116 Safari/537.36 QBCore/4.0.1278.400 QQBrowser/9.0.2524.400 Mozilla/5.0 (Windows NT 6.1; WOW64) AppleWebKit/537.36 (KHTML, like Gecko) Chrome/53.0.2875.116 Safari/537.36 NetType/WIFI MicroMessenger/7.0.5 WindowsWechat" 
183.63.119.43 - - [11/Jan/2020:00:18:38 -0800] "GET /twitter-icon.png HTTP/1.1" 200 27787 "http://www.secrepo.com/" "Mozilla/5.0 (Windows NT 10.0; WOW64) AppleWebKit/537.36 (KHTML, like Gecko) Chrome/53.0.2785.116 Safari/537.36 QBCore/4.0.1278.400 QQBrowser/9.0.2524.400 Mozilla/5.0 (Windows NT 6.1; WOW64) AppleWebKit/537.36 (KHTML, like Gecko) Chrome/53.0.2875.116 Safari/537.36 NetType/WIFI MicroMessenger/7.0.5 WindowsWechat" 
183.63.119.43 - - [11/Jan/2020:00:19:07 -0800] "GET / HTTP/1.1" 200 12661 "-" "Mozilla/5.0 (Windows NT 10.0; WOW64) AppleWebKit/537.36 (KHTML, like Gecko) Chrome/53.0.2785.116 Safari/537.36 QBCore/4.0.1278.400 QQBrowser/9.0.2524.400 Mozilla/5.0 (Windows NT 6.1; WOW64) AppleWebKit/537.36 (KHTML, like Gecko) Chrome/53.0.2875.116 Safari/537.36 NetType/WIFI MicroMessenger/7.0.5 WindowsWechat" 
183.63.119.43 - - [11/Jan/2020:00:19:07 -0800] "GET /css/style.css HTTP/1.1" 404 294 "http://www.secrepo.com/" "Mozilla/5.0 (Windows NT 10.0; WOW64) AppleWebKit/537.36 (KHTML, like Gecko) Chrome/53.0.2785.116 Safari/537.36 QBCore/4.0.1278.400 QQBrowser/9.0.2524.400 Mozilla/5.0 (Windows NT 6.1; WOW64) AppleWebKit/537.36 (KHTML, like Gecko) Chrome/53.0.2875.116 Safari/537.36 NetType/WIFI MicroMessenger/7.0.5 WindowsWechat" 
183.63.119.43 - - [11/Jan/2020:00:19:40 -0800] "GET / HTTP/1.1" 200 12661 "-" "Mozilla/5.0 (Windows NT 10.0; WOW64) AppleWebKit/537.36 (KHTML, like Gecko) Chrome/53.0.2785.116 Safari/537.36 QBCore/4.0.1278.400 QQBrowser/9.0.2524.400 Mozilla/5.0 (Windows NT 6.1; WOW64) AppleWebKit/537.36 (KHTML, like Gecko) Chrome/53.0.2875.116 Safari/537.36 NetType/WIFI MicroMessenger/7.0.5 WindowsWechat" 
183.63.119.43 - - [11/Jan/2020:00:19:40 -0800] "GET /css/style.css HTTP/1.1" 404 294 "http://www.secrepo.com/" "Mozilla/5.0 (Windows NT 10.0; WOW64) AppleWebKit/537.36 (KHTML, like Gecko) Chrome/53.0.2785.116 Safari/537.36 QBCore/4.0.1278.400 QQBrowser/9.0.2524.400 Mozilla/5.0 (Windows NT 6.1; WOW64) AppleWebKit/537.36 (KHTML, like Gecko) Chrome/53.0.2875.116 Safari/537.36 NetType/WIFI MicroMessenger/7.0.5 WindowsWechat" 
183.63.119.43 - - [11/Jan/2020:00:19:59 -0800] "GET /twitter-icon.png HTTP/1.1" 200 27766 "-" "-" 
220.181.51.122 - - [11/Jan/2020:00:20:13 -0800] "GET /robots.txt HTTP/1.1" 301 458 "-" "Mozilla/5.0 (Windows NT 10.0; WOW64) AppleWebKit/537.36 (KHTML, like Gecko) Chrome/48.0.2564.116 Safari/537.36" 
220.181.51.94 - - [11/Jan/2020:00:20:14 -0800] "GET /robots.txt HTTP/1.1" 200 251 "-" "Mozilla/5.0 (Windows NT 10.0; WOW64) AppleWebKit/537.36 (KHTML, like Gecko) Chrome/48.0.2564.116 Safari/537.36" 
220.181.51.112 - - [11/Jan/2020:00:20:14 -0800] "GET /robots.txt HTTP/1.1" 200 251 "-" "Mozilla/5.0 (Windows NT 10.0; WOW64) AppleWebKit/537.36 (KHTML, like Gecko) Chrome/48.0.2564.116 Safari/537.36" 
220.181.108.87 - - [11/Jan/2020:00:21:57 -0800] "GET / HTTP/1.1" 301 438 "-" "Mozilla/5.0 (compatible; Baiduspider/2.0; +http://www.baidu.com/search/spider.html)" 
220.181.108.102 - - [11/Jan/2020:00:21:58 -0800] "GET / HTTP/1.1" 200 12624 "-" "Mozilla/5.0 (compatible; Baiduspider/2.0; +http://www.baidu.com/search/spider.html)" 
111.206.198.107 - - [11/Jan/2020:00:22:02 -0800] "GET /css/style.css HTTP/1.1" 404 250 "http://www.secrepo.com/" "Mozilla/5.0 (compatible; Baiduspider-render/2.0; +http://www.baidu.com/search/spider.html)" 
113.96.219.247 - - [11/Jan/2020:00:22:30 -0800] "GET /?from=groupmessage HTTP/1.1" 200 12624 "-" "Mozilla/5.0 (Linux; Android 6.0.1; OPPO R9s Plus Build/MMB29M; wv) AppleWebKit/537.36 (KHTML, like Gecko) Version/4.0 Chrome/66.0.3359.126 MQQBrowser/6.2 TBS/45016 Mobile Safari/537.36 MMWEBID/2984 MicroMessenger/7.0.10.1580(0x27000AF2) Process/tools NetType/WIFI Language/zh_CN ABI/arm64" 
183.236.19.164 - - [11/Jan/2020:00:22:35 -0800] "GET /css/style.css HTTP/1.1" 404 294 "http://www.secrepo.com/?from=groupmessage" "Mozilla/5.0 (Linux; Android 6.0.1; OPPO R9s Plus Build/MMB29M; wv) AppleWebKit/537.36 (KHTML, like Gecko) Version/4.0 Chrome/66.0.3359.126 MQQBrowser/6.2 TBS/45016 Mobile Safari/537.36 MMWEBID/2984 MicroMessenger/7.0.10.1580(0x27000AF2) Process/tools NetType/WIFI Language/zh_CN ABI/arm64" 
183.236.19.164 - - [11/Jan/2020:00:22:35 -0800] "GET /GitHub-Mark.png HTTP/1.1" 200 7450 "http://www.secrepo.com/?from=groupmessage" "Mozilla/5.0 (Linux; Android 6.0.1; OPPO R9s Plus Build/MMB29M; wv) AppleWebKit/537.36 (KHTML, like Gecko) Version/4.0 Chrome/66.0.3359.126 MQQBrowser/6.2 TBS/45016 Mobile Safari/537.36 MMWEBID/2984 MicroMessenger/7.0.10.1580(0x27000AF2) Process/tools NetType/WIFI Language/zh_CN ABI/arm64" 
183.236.19.164 - - [11/Jan/2020:00:22:35 -0800] "GET /twitter-icon.png HTTP/1.1" 200 27810 "http://www.secrepo.com/?from=groupmessage" "Mozilla/5.0 (Linux; Android 6.0.1; OPPO R9s Plus Build/MMB29M; wv) AppleWebKit/537.36 (KHTML, like Gecko) Version/4.0 Chrome/66.0.3359.126 MQQBrowser/6.2 TBS/45016 Mobile Safari/537.36 MMWEBID/2984 MicroMessenger/7.0.10.1580(0x27000AF2) Process/tools NetType/WIFI Language/zh_CN ABI/arm64" 
183.63.119.43 - - [11/Jan/2020:00:24:02 -0800] "GET /data HTTP/1.1" 404 294 "http://www.secrepo.com/" "Mozilla/5.0 (Windows NT 10.0; WOW64) AppleWebKit/537.36 (KHTML, like Gecko) Chrome/63.0.3239.132 Safari/537.36" 
183.63.119.43 - - [11/Jan/2020:00:24:07 -0800] "GET /data HTTP/1.1" 404 294 "http://www.secrepo.com/" "Mozilla/5.0 (Windows NT 10.0; WOW64) AppleWebKit/537.36 (KHTML, like Gecko) Chrome/63.0.3239.132 Safari/537.36" 
42.236.10.117 - - [11/Jan/2020:00:24:12 -0800] "GET /data HTTP/1.1" 404 294 "http://baidu.com/" "Mozilla/5.0 (Linux; U; Android 8.1.0; zh-CN; EML-AL00 Build/HUAWEIEML-AL00) AppleWebKit/537.36 (KHTML, like Gecko) Version/4.0 Chrome/57.0.2987.108 baidu.sogo.uc.UCBrowser/11.9.4.974 UWS/2.13.1.48 Mobile Safari/537.36 AliApp(DingTalk/4.5.11) com.alibaba.android.rimet/10487439 Channel/227200 language/zh-CN" 
175.140.120.197 - - [11/Jan/2020:00:24:20 -0800] "GET / HTTP/1.1" 200 12661 "-" "Mozilla/5.0 (Macintosh; Intel Mac OS X 10_14_6) AppleWebKit/605.1.15 (KHTML, like Gecko)" 
175.140.120.197 - - [11/Jan/2020:00:24:21 -0800] "GET /apple-touch-icon-precomposed.png HTTP/1.1" 404 294 "-" "Safari/14607.3.9 CFNetwork/978.0.7 Darwin/18.7.0 (x86_64)" 
180.163.220.3 - - [11/Jan/2020:00:24:21 -0800] "GET /data HTTP/1.1" 404 294 "-" "Mozilla/5.0 (Linux; U; Android 8.1.0; zh-CN; EML-AL00 Build/HUAWEIEML-AL00) AppleWebKit/537.36 (KHTML, like Gecko) Version/4.0 Chrome/57.0.2987.108 baidu.sogo.uc.UCBrowser/11.9.4.974 UWS/2.13.1.48 Mobile Safari/537.36 AliApp(DingTalk/4.5.11) com.alibaba.android.rimet/10487439 Channel/227200 language/zh-CN" 
175.140.120.197 - - [11/Jan/2020:00:24:21 -0800] "GET /apple-touch-icon.png HTTP/1.1" 404 271 "-" "Safari/14607.3.9 CFNetwork/978.0.7 Darwin/18.7.0 (x86_64)" 
175.140.120.197 - - [11/Jan/2020:00:24:22 -0800] "GET /bootstrap/img/favicon.ico HTTP/1.1" 200 601 "-" "Safari/14607.3.9 CFNetwork/978.0.7 Darwin/18.7.0 (x86_64)" 
175.140.120.197 - - [11/Jan/2020:00:24:22 -0800] "GET / HTTP/1.1" 200 12638 "-" "Mozilla/5.0 (iPhone; CPU iPhone OS 12_1_3 like Mac OS X) AppleWebKit/605.1.15 (KHTML, like Gecko) Version/12.0 Mobile/15E148 Safari/604.1" 
175.140.120.197 - - [11/Jan/2020:00:24:23 -0800] "GET /apple-touch-icon-precomposed.png HTTP/1.1" 404 271 "-" "Safari/14607.3.9 CFNetwork/978.0.7 Darwin/18.7.0 (x86_64)" 
175.140.120.197 - - [11/Jan/2020:00:24:23 -0800] "GET /apple-touch-icon.png HTTP/1.1" 404 271 "-" "Safari/14607.3.9 CFNetwork/978.0.7 Darwin/18.7.0 (x86_64)" 
175.140.120.197 - - [11/Jan/2020:00:24:23 -0800] "GET /bootstrap/img/favicon.ico HTTP/1.1" 200 601 "-" "Safari/14607.3.9 CFNetwork/978.0.7 Darwin/18.7.0 (x86_64)" 
180.163.220.67 - - [11/Jan/2020:00:24:35 -0800] "GET /data HTTP/1.1" 404 294 "http://baidu.com/" "Mozilla/5.0 (Linux; U; Android 8.1.0; zh-CN; EML-AL00 Build/HUAWEIEML-AL00) AppleWebKit/537.36 (KHTML, like Gecko) Version/4.0 Chrome/57.0.2987.108 baidu.sogo.uc.UCBrowser/11.9.4.974 UWS/2.13.1.48 Mobile Safari/537.36 AliApp(DingTalk/4.5.11) com.alibaba.android.rimet/10487439 Channel/227200 language/zh-CN" 
133.18.195.160 - - [11/Jan/2020:00:25:02 -0800] "GET /?from=groupmessage&isappinstalled=0 HTTP/1.1" 200 12661 "-" "Mozilla/5.0 (iPhone; CPU iPhone OS 13_3 like Mac OS X) AppleWebKit/605.1.15 (KHTML, like Gecko) Mobile/15E148 MicroMessenger/7.0.8(0x17000820) NetType/3G Language/zh_CN" 
133.18.195.160 - - [11/Jan/2020:00:25:02 -0800] "GET /css/style.css HTTP/1.1" 404 271 "http://www.secrepo.com/?from=groupmessage&isappinstalled=0" "Mozilla/5.0 (iPhone; CPU iPhone OS 13_3 like Mac OS X) AppleWebKit/605.1.15 (KHTML, like Gecko) Mobile/15E148 MicroMessenger/7.0.8(0x17000820) NetType/3G Language/zh_CN" 
133.18.195.160 - - [11/Jan/2020:00:25:03 -0800] "GET /twitter-icon.png HTTP/1.1" 200 27810 "http://www.secrepo.com/?from=groupmessage&isappinstalled=0" "Mozilla/5.0 (iPhone; CPU iPhone OS 13_3 like Mac OS X) AppleWebKit/605.1.15 (KHTML, like Gecko) Mobile/15E148 MicroMessenger/7.0.8(0x17000820) NetType/3G Language/zh_CN" 
133.18.195.160 - - [11/Jan/2020:00:25:03 -0800] "GET /GitHub-Mark.png HTTP/1.1" 200 7450 "http://www.secrepo.com/?from=groupmessage&isappinstalled=0" "Mozilla/5.0 (iPhone; CPU iPhone OS 13_3 like Mac OS X) AppleWebKit/605.1.15 (KHTML, like Gecko) Mobile/15E148 MicroMessenger/7.0.8(0x17000820) NetType/3G Language/zh_CN" 
183.63.119.43 - - [11/Jan/2020:00:27:19 -0800] "GET /maccdc2012/conn.log.gz HTTP/1.1" 200 126100 "-" "Mozilla/5.0 (Windows NT 10.0; WOW64) AppleWebKit/537.36 (KHTML, like Gecko) Chrome/63.0.3239.132 Safari/537.36" 
180.163.220.68 - - [11/Jan/2020:00:27:24 -0800] "GET /maccdc2012/conn.log.gz HTTP/1.1" 200 89060 "http://baidu.com/" "Mozilla/5.0 (Linux; U; Android 8.1.0; zh-CN; EML-AL00 Build/HUAWEIEML-AL00) AppleWebKit/537.36 (KHTML, like Gecko) Version/4.0 Chrome/57.0.2987.108 baidu.sogo.uc.UCBrowser/11.9.4.974 UWS/2.13.1.48 Mobile Safari/537.36 AliApp(DingTalk/4.5.11) com.alibaba.android.rimet/10487439 Channel/227200 language/zh-CN" 
42.236.10.93 - - [11/Jan/2020:00:27:40 -0800] "GET /maccdc2012/conn.log.gz HTTP/1.1" 200 1585560 "http://baidu.com/" "Mozilla/5.0 (Linux; U; Android 8.1.0; zh-CN; EML-AL00 Build/HUAWEIEML-AL00) AppleWebKit/537.36 (KHTML, like Gecko) Version/4.0 Chrome/57.0.2987.108 baidu.sogo.uc.UCBrowser/11.9.4.974 UWS/2.13.1.48 Mobile Safari/537.36 AliApp(DingTalk/4.5.11) com.alibaba.android.rimet/10487439 Channel/227200 language/zh-CN" 
117.136.79.16 - - [11/Jan/2020:00:28:58 -0800] "GET /?from=groupmessage&isappinstalled=0 HTTP/1.1" 200 12661 "-" "Mozilla/5.0 (iPhone; CPU iPhone OS 12_3_2 like Mac OS X) AppleWebKit/605.1.15 (KHTML, like Gecko) Mobile/15E148 MicroMessenger/7.0.8(0x17000820) NetType/4G Language/zh_CN" 
117.136.79.16 - - [11/Jan/2020:00:28:59 -0800] "GET /css/style.css HTTP/1.1" 404 271 "http://www.secrepo.com/?from=groupmessage&isappinstalled=0" "Mozilla/5.0 (iPhone; CPU iPhone OS 12_3_2 like Mac OS X) AppleWebKit/605.1.15 (KHTML, like Gecko) Mobile/15E148 MicroMessenger/7.0.8(0x17000820) NetType/4G Language/zh_CN" 
117.136.79.16 - - [11/Jan/2020:00:28:59 -0800] "GET /GitHub-Mark.png HTTP/1.1" 200 7450 "http://www.secrepo.com/?from=groupmessage&isappinstalled=0" "Mozilla/5.0 (iPhone; CPU iPhone OS 12_3_2 like Mac OS X) AppleWebKit/605.1.15 (KHTML, like Gecko) Mobile/15E148 MicroMessenger/7.0.8(0x17000820) NetType/4G Language/zh_CN" 
117.136.79.16 - - [11/Jan/2020:00:29:18 -0800] "GET /twitter-icon.png HTTP/1.1" 200 27810 "http://www.secrepo.com/?from=groupmessage&isappinstalled=0" "Mozilla/5.0 (iPhone; CPU iPhone OS 12_3_2 like Mac OS X) AppleWebKit/605.1.15 (KHTML, like Gecko) Mobile/15E148 MicroMessenger/7.0.8(0x17000820) NetType/4G Language/zh_CN" 
