54.36.148.87 - - [17/Jan/2021:11:36:09 -0800] "GET /self.logs/error.log.2017-08-14.gz HTTP/1.1" 200 754 "-" "Mozilla/5.0 (compatible; AhrefsBot/7.0; +http://ahrefs.com/robot/)" 
54.36.148.159 - - [17/Jan/2021:11:36:59 -0800] "GET /self.logs/error.log.2020-06-25 HTTP/1.1" 200 307 "-" "Mozilla/5.0 (compatible; AhrefsBot/7.0; +http://ahrefs.com/robot/)" 
42.236.102.157 - - [17/Jan/2021:11:37:03 -0800] "GET /%E5%AE%89%E5%85%A8%E7%9B%B8%E5%85%B3%E6%95%B0%E6%8D%AE%E6%A0%B7%E6%9C%AC%E9%9B%86 HTTP/1.1" 404 328 "http://www.secrepo.com/%E5%AE%89%E5%85%A8%E7%9B%B8%E5%85%B3%E6%95%B0%E6%8D%AE%E6%A0%B7%E6%9C%AC%E9%9B%86" "Mozilla/5.0 (Windows NT 6.1; WOW64) AppleWebKit/537.36 (KHTML, like Gecko) Chrome/50.4.2661.102 Safari/537.36; 360Spider" 
54.36.149.62 - - [17/Jan/2021:11:37:46 -0800] "GET /self.logs/error.log.2017-12-24.gz HTTP/1.1" 200 1562 "-" "Mozilla/5.0 (compatible; AhrefsBot/7.0; +http://ahrefs.com/robot/)" 
54.36.148.18 - - [17/Jan/2021:11:38:33 -0800] "GET /self.logs/access.log.2018-03-16.gz HTTP/1.1" 200 21557 "-" "Mozilla/5.0 (compatible; AhrefsBot/7.0; +http://ahrefs.com/robot/)" 
114.119.130.95 - - [17/Jan/2021:11:39:27 -0800] "GET /self.logs/error.log.2017-06-18.gz HTTP/1.1" 200 1055 "-" "Mozilla/5.0 (Linux; Android 7.0;) AppleWebKit/537.36 (KHTML, like Gecko) Mobile Safari/537.36 (compatible; PetalBot;+https://aspiegel.com/petalbot)" 
13.66.139.137 - - [17/Jan/2021:11:39:40 -0800] "GET /self.logs/error.log.2020-11-24 HTTP/1.1" 200 4548 "-" "Mozilla/5.0 (compatible; bingbot/2.0; +http://www.bing.com/bingbot.htm)" 
54.36.148.130 - - [17/Jan/2021:11:40:08 -0800] "GET /self.logs/error.log.2020-04-04.gz HTTP/1.1" 200 1251 "-" "Mozilla/5.0 (compatible; AhrefsBot/7.0; +http://ahrefs.com/robot/)" 
54.36.148.18 - - [17/Jan/2021:11:40:54 -0800] "GET /self.logs/error.log.2018-01-02.gz HTTP/1.1" 200 3099 "-" "Mozilla/5.0 (compatible; AhrefsBot/7.0; +http://ahrefs.com/robot/)" 
54.36.149.62 - - [17/Jan/2021:11:41:35 -0800] "GET /self.logs/2016/error.log.2016-01-11.gz HTTP/1.1" 200 815 "-" "Mozilla/5.0 (compatible; AhrefsBot/7.0; +http://ahrefs.com/robot/)" 
54.36.148.58 - - [17/Jan/2021:11:42:26 -0800] "GET /self.logs/access.log.2019-01-31.gz HTTP/1.1" 200 19993 "-" "Mozilla/5.0 (compatible; AhrefsBot/7.0; +http://ahrefs.com/robot/)" 
54.36.149.3 - - [17/Jan/2021:11:43:08 -0800] "GET /self.logs/error.log.2020-05-11.gz HTTP/1.1" 200 826 "-" "Mozilla/5.0 (compatible; AhrefsBot/7.0; +http://ahrefs.com/robot/)" 
54.36.148.64 - - [17/Jan/2021:11:43:56 -0800] "GET /self.logs/error.log.2017-12-07.gz HTTP/1.1" 200 3020 "-" "Mozilla/5.0 (compatible; AhrefsBot/7.0; +http://ahrefs.com/robot/)" 
114.119.129.244 - - [17/Jan/2021:11:44:27 -0800] "GET /self.logs/access.log.2017-04-03.gz HTTP/1.1" 200 33888 "-" "Mozilla/5.0 (Linux; Android 7.0;) AppleWebKit/537.36 (KHTML, like Gecko) Mobile Safari/537.36 (compatible; PetalBot;+https://aspiegel.com/petalbot)" 
54.36.149.36 - - [17/Jan/2021:11:44:47 -0800] "GET /self.logs/error.log.2017-05-25.gz HTTP/1.1" 200 821 "-" "Mozilla/5.0 (compatible; AhrefsBot/7.0; +http://ahrefs.com/robot/)" 
54.36.149.39 - - [17/Jan/2021:11:45:34 -0800] "GET /self.logs/access.log.2017-06-05.gz HTTP/1.1" 200 25382 "-" "Mozilla/5.0 (compatible; AhrefsBot/7.0; +http://ahrefs.com/robot/)" 
13.66.139.52 - - [17/Jan/2021:11:46:18 -0800] "GET /self.logs/2015/error.log.2015-02-04.gz HTTP/1.1" 200 601 "-" "Mozilla/5.0 (compatible; bingbot/2.0; +http://www.bing.com/bingbot.htm)" 
54.36.149.62 - - [17/Jan/2021:11:46:24 -0800] "GET /self.logs/error.log.2020-04-05.gz HTTP/1.1" 200 932 "-" "Mozilla/5.0 (compatible; AhrefsBot/7.0; +http://ahrefs.com/robot/)" 
54.36.148.18 - - [17/Jan/2021:11:47:15 -0800] "GET /self.logs/error.log.2017-09-13.gz HTTP/1.1" 200 4158 "-" "Mozilla/5.0 (compatible; AhrefsBot/7.0; +http://ahrefs.com/robot/)" 
54.36.148.18 - - [17/Jan/2021:11:48:09 -0800] "GET /self.logs/error.log.2018-01-12.gz HTTP/1.1" 200 1952 "-" "Mozilla/5.0 (compatible; AhrefsBot/7.0; +http://ahrefs.com/robot/)" 
54.36.148.118 - - [17/Jan/2021:11:48:57 -0800] "GET /self.logs/error.log.2017-08-17.gz HTTP/1.1" 200 1355 "-" "Mozilla/5.0 (compatible; AhrefsBot/7.0; +http://ahrefs.com/robot/)" 
114.119.159.40 - - [17/Jan/2021:11:49:26 -0800] "GET /self.logs/2015/error.log.2015-04-09.gz HTTP/1.1" 200 681 "-" "Mozilla/5.0 (Linux; Android 7.0;) AppleWebKit/537.36 (KHTML, like Gecko) Mobile Safari/537.36 (compatible; PetalBot;+https://aspiegel.com/petalbot)" 
54.36.148.73 - - [17/Jan/2021:11:49:47 -0800] "GET /self.logs/access.log.2018-09-22.gz HTTP/1.1" 200 74586 "-" "Mozilla/5.0 (compatible; AhrefsBot/7.0; +http://ahrefs.com/robot/)" 
13.66.139.137 - - [17/Jan/2021:11:49:56 -0800] "GET /self.logs/2016/error.log.2016-07-11.gz HTTP/1.1" 200 844 "-" "Mozilla/5.0 (compatible; bingbot/2.0; +http://www.bing.com/bingbot.htm)" 
54.36.148.18 - - [17/Jan/2021:11:50:36 -0800] "GET /self.logs/error.log.2017-06-01.gz HTTP/1.1" 200 914 "-" "Mozilla/5.0 (compatible; AhrefsBot/7.0; +http://ahrefs.com/robot/)" 
54.36.148.132 - - [17/Jan/2021:11:51:24 -0800] "GET /self.logs/2016/error.log.2016-10-10.gz HTTP/1.1" 200 812 "-" "Mozilla/5.0 (compatible; AhrefsBot/7.0; +http://ahrefs.com/robot/)" 
54.36.149.62 - - [17/Jan/2021:11:52:16 -0800] "GET /self.logs/access.log.2019-02-04.gz HTTP/1.1" 200 18260 "-" "Mozilla/5.0 (compatible; AhrefsBot/7.0; +http://ahrefs.com/robot/)" 
54.36.148.93 - - [17/Jan/2021:11:53:09 -0800] "GET /self.logs/access.log.2018-03-31.gz HTTP/1.1" 200 16097 "-" "Mozilla/5.0 (compatible; AhrefsBot/7.0; +http://ahrefs.com/robot/)" 
54.36.149.62 - - [17/Jan/2021:11:53:59 -0800] "GET /self.logs/error.log.2017-06-05.gz HTTP/1.1" 200 947 "-" "Mozilla/5.0 (compatible; AhrefsBot/7.0; +http://ahrefs.com/robot/)" 
114.119.129.244 - - [17/Jan/2021:11:54:27 -0800] "GET /self.logs/2015/access.log.2015-07-22.gz HTTP/1.1" 200 4741 "-" "Mozilla/5.0 (Linux; Android 7.0;) AppleWebKit/537.36 (KHTML, like Gecko) Mobile Safari/537.36 (compatible; PetalBot;+https://aspiegel.com/petalbot)" 
54.36.148.18 - - [17/Jan/2021:11:54:48 -0800] "GET /self.logs/error.log.2018-01-17.gz HTTP/1.1" 200 4437 "-" "Mozilla/5.0 (compatible; AhrefsBot/7.0; +http://ahrefs.com/robot/)" 
54.36.148.18 - - [17/Jan/2021:11:55:35 -0800] "GET /self.logs/access.log.2019-11-01.gz HTTP/1.1" 200 28572 "-" "Mozilla/5.0 (compatible; AhrefsBot/7.0; +http://ahrefs.com/robot/)" 
54.36.149.62 - - [17/Jan/2021:11:56:22 -0800] "GET /self.logs/access.log.2018-10-15.gz HTTP/1.1" 200 23713 "-" "Mozilla/5.0 (compatible; AhrefsBot/7.0; +http://ahrefs.com/robot/)" 
54.36.148.213 - - [17/Jan/2021:11:57:15 -0800] "GET /self.logs/access.log.2020-08-02.gz HTTP/1.1" 200 10864 "-" "Mozilla/5.0 (compatible; AhrefsBot/7.0; +http://ahrefs.com/robot/)" 
54.36.149.42 - - [17/Jan/2021:11:58:05 -0800] "GET /self.logs/error.log.2017-06-10.gz HTTP/1.1" 200 952 "-" "Mozilla/5.0 (compatible; AhrefsBot/7.0; +http://ahrefs.com/robot/)" 
54.36.148.18 - - [17/Jan/2021:11:58:57 -0800] "GET /self.logs/access.log.2018-10-26.gz HTTP/1.1" 200 41336 "-" "Mozilla/5.0 (compatible; AhrefsBot/7.0; +http://ahrefs.com/robot/)" 
114.119.159.101 - - [17/Jan/2021:11:59:26 -0800] "GET /self.logs/2015/error.log.2015-09-17.gz HTTP/1.1" 200 896 "-" "Mozilla/5.0 (Linux; Android 7.0;) AppleWebKit/537.36 (KHTML, like Gecko) Mobile Safari/537.36 (compatible; PetalBot;+https://aspiegel.com/petalbot)" 
54.36.148.18 - - [17/Jan/2021:11:59:48 -0800] "GET /self.logs/error.log.2018-01-23.gz HTTP/1.1" 200 3602 "-" "Mozilla/5.0 (compatible; AhrefsBot/7.0; +http://ahrefs.com/robot/)" 
54.36.148.18 - - [17/Jan/2021:12:00:41 -0800] "GET /self.logs/error.log.2020-07-31.gz HTTP/1.1" 200 772 "-" "Mozilla/5.0 (compatible; AhrefsBot/7.0; +http://ahrefs.com/robot/)" 
93.210.124.129 - - [17/Jan/2021:12:01:29 -0800] "GET /self.logs/ HTTP/1.1" 200 27072 "-" "Mozilla/5.0 (Macintosh; Intel Mac OS X 10_11_6) AppleWebKit/537.36 (KHTML, like Gecko) Chrome/53.0.2785.143 Safari/537.36" 
54.36.148.18 - - [17/Jan/2021:12:01:31 -0800] "GET /self.logs/access.log.2018-09-25.gz HTTP/1.1" 200 24615 "-" "Mozilla/5.0 (compatible; AhrefsBot/7.0; +http://ahrefs.com/robot/)" 
54.36.148.18 - - [17/Jan/2021:12:02:19 -0800] "GET /self.logs/error.log.2017-06-14.gz HTTP/1.1" 200 1001 "-" "Mozilla/5.0 (compatible; AhrefsBot/7.0; +http://ahrefs.com/robot/)" 
93.210.124.129 - - [17/Jan/2021:12:03:08 -0800] "GET / HTTP/1.1" 200 12846 "-" "Mozilla/5.0 (Macintosh; Intel Mac OS X 10_11_6) AppleWebKit/537.36 (KHTML, like Gecko) Chrome/53.0.2785.143 Safari/537.36" 
54.36.149.19 - - [17/Jan/2021:12:03:13 -0800] "GET /self.logs/access.log.2018-04-10.gz HTTP/1.1" 200 34220 "-" "Mozilla/5.0 (compatible; AhrefsBot/7.0; +http://ahrefs.com/robot/)" 
157.55.39.224 - - [17/Jan/2021:12:03:59 -0800] "GET /self.logs/access.log.2017-01-01.gz HTTP/1.1" 301 543 "-" "Mozilla/5.0 (compatible; bingbot/2.0; +http://www.bing.com/bingbot.htm)" 
54.36.149.62 - - [17/Jan/2021:12:04:04 -0800] "GET /self.logs/access.log.2019-02-05.gz HTTP/1.1" 200 20599 "-" "Mozilla/5.0 (compatible; AhrefsBot/7.0; +http://ahrefs.com/robot/)" 
114.119.129.244 - - [17/Jan/2021:12:04:27 -0800] "GET /self.logs/access.log.2017-06-21.gz HTTP/1.1" 200 25207 "-" "Mozilla/5.0 (Linux; Android 7.0;) AppleWebKit/537.36 (KHTML, like Gecko) Mobile Safari/537.36 (compatible; PetalBot;+https://aspiegel.com/petalbot)" 
54.36.149.62 - - [17/Jan/2021:12:04:51 -0800] "GET /self.logs/error.log.2020-04-09.gz HTTP/1.1" 200 2051 "-" "Mozilla/5.0 (compatible; AhrefsBot/7.0; +http://ahrefs.com/robot/)" 
54.36.148.18 - - [17/Jan/2021:12:05:39 -0800] "GET /self.logs/error.log.2017-06-17.gz HTTP/1.1" 200 1093 "-" "Mozilla/5.0 (compatible; AhrefsBot/7.0; +http://ahrefs.com/robot/)" 
54.36.148.9 - - [17/Jan/2021:12:06:34 -0800] "GET /self.logs/access.log.2017-01-19.gz HTTP/1.1" 200 18342 "-" "Mozilla/5.0 (compatible; AhrefsBot/7.0; +http://ahrefs.com/robot/)" 
54.36.149.62 - - [17/Jan/2021:12:07:25 -0800] "GET /self.logs/error.log.2020-08-01.gz HTTP/1.1" 200 823 "-" "Mozilla/5.0 (compatible; AhrefsBot/7.0; +http://ahrefs.com/robot/)" 
54.36.148.162 - - [17/Jan/2021:12:08:17 -0800] "GET /self.logs/error.log.2017-06-27.gz HTTP/1.1" 200 886 "-" "Mozilla/5.0 (compatible; AhrefsBot/7.0; +http://ahrefs.com/robot/)" 
54.36.148.177 - - [17/Jan/2021:12:09:09 -0800] "GET /self.logs/access.log.2018-10-20.gz HTTP/1.1" 200 19113 "-" "Mozilla/5.0 (compatible; AhrefsBot/7.0; +http://ahrefs.com/robot/)" 
114.119.141.53 - - [17/Jan/2021:12:09:27 -0800] "GET /self.logs/2015/access.log.2015-08-05.gz HTTP/1.1" 200 6031 "-" "Mozilla/5.0 (Linux; Android 7.0;) AppleWebKit/537.36 (KHTML, like Gecko) Mobile Safari/537.36 (compatible; PetalBot;+https://aspiegel.com/petalbot)" 
54.36.148.89 - - [17/Jan/2021:12:10:05 -0800] "GET /self.logs/error.log.2020-08-02 HTTP/1.1" 200 307 "-" "Mozilla/5.0 (compatible; AhrefsBot/7.0; +http://ahrefs.com/robot/)" 
54.36.149.62 - - [17/Jan/2021:12:10:53 -0800] "GET /self.logs/access.log.2018-11-01.gz HTTP/1.1" 200 21475 "-" "Mozilla/5.0 (compatible; AhrefsBot/7.0; +http://ahrefs.com/robot/)" 
13.66.139.92 - - [17/Jan/2021:12:11:05 -0800] "GET /self.logs/2016/error.log.2016-01-06.gz HTTP/1.1" 200 789 "-" "Mozilla/5.0 (compatible; bingbot/2.0; +http://www.bing.com/bingbot.htm)" 
54.36.148.155 - - [17/Jan/2021:12:11:40 -0800] "GET /self.logs/error.log.2017-07-06.gz HTTP/1.1" 200 1165 "-" "Mozilla/5.0 (compatible; AhrefsBot/7.0; +http://ahrefs.com/robot/)" 
54.36.148.18 - - [17/Jan/2021:12:12:29 -0800] "GET /maccdc2012/tunnel.log.gz HTTP/1.1" 200 5238 "-" "Mozilla/5.0 (compatible; AhrefsBot/7.0; +http://ahrefs.com/robot/)" 
54.36.148.145 - - [17/Jan/2021:12:13:16 -0800] "GET /self.logs/2016/error.log.2016-06-12.gz HTTP/1.1" 200 1226 "-" "Mozilla/5.0 (compatible; AhrefsBot/7.0; +http://ahrefs.com/robot/)" 
54.36.149.62 - - [17/Jan/2021:12:14:04 -0800] "GET /self.logs/access.log.2019-02-11.gz HTTP/1.1" 200 24273 "-" "Mozilla/5.0 (compatible; AhrefsBot/7.0; +http://ahrefs.com/robot/)" 
114.119.155.228 - - [17/Jan/2021:12:14:27 -0800] "GET /self.logs/access.log.2018-11-06.gz HTTP/1.1" 200 17681 "-" "Mozilla/5.0 (Linux; Android 7.0;) AppleWebKit/537.36 (KHTML, like Gecko) Mobile Safari/537.36 (compatible; PetalBot;+https://aspiegel.com/petalbot)" 
54.36.148.18 - - [17/Jan/2021:12:14:51 -0800] "GET /self.logs/error.log.2020-08-03 HTTP/1.1" 200 307 "-" "Mozilla/5.0 (compatible; AhrefsBot/7.0; +http://ahrefs.com/robot/)" 
54.36.148.18 - - [17/Jan/2021:12:15:43 -0800] "GET /self.logs/error.log.2020-04-18 HTTP/1.1" 200 307 "-" "Mozilla/5.0 (compatible; AhrefsBot/7.0; +http://ahrefs.com/robot/)" 
93.210.124.129 - - [17/Jan/2021:12:16:10 -0800] "GET /self.logs/ HTTP/1.1" 200 27072 "-" "Mozilla/5.0 (Macintosh; Intel Mac OS X 10_11_6) AppleWebKit/537.36 (KHTML, like Gecko) Chrome/53.0.2785.143 Safari/537.36" 
54.36.148.18 - - [17/Jan/2021:12:16:26 -0800] "GET /self.logs/error.log.2017-07-09.gz HTTP/1.1" 200 800 "-" "Mozilla/5.0 (compatible; AhrefsBot/7.0; +http://ahrefs.com/robot/)" 
54.36.148.18 - - [17/Jan/2021:12:17:12 -0800] "GET /self.logs/error.log.2017-07-17.gz HTTP/1.1" 200 930 "-" "Mozilla/5.0 (compatible; AhrefsBot/7.0; +http://ahrefs.com/robot/)" 
93.210.124.129 - - [17/Jan/2021:12:17:44 -0800] "GET / HTTP/1.1" 200 12846 "-" "Mozilla/5.0 (Macintosh; Intel Mac OS X 10_11_6) AppleWebKit/537.36 (KHTML, like Gecko) Chrome/53.0.2785.143 Safari/537.36" 
54.36.149.62 - - [17/Jan/2021:12:18:06 -0800] "GET /self.logs/access.log.2018-04-17.gz HTTP/1.1" 200 23448 "-" "Mozilla/5.0 (compatible; AhrefsBot/7.0; +http://ahrefs.com/robot/)" 
54.36.148.18 - - [17/Jan/2021:12:18:53 -0800] "GET /self.logs/access.log.2019-05-12.gz HTTP/1.1" 200 24357 "-" "Mozilla/5.0 (compatible; AhrefsBot/7.0; +http://ahrefs.com/robot/)" 
209.141.59.205 - - [17/Jan/2021:12:19:09 -0800] "POST //wp-admin/admin-ajax.php HTTP/1.1" 301 521 "-" "python-requests/2.23.0" 
209.141.59.205 - - [17/Jan/2021:12:19:11 -0800] "GET /wp-admin/admin-ajax.php HTTP/1.1" 404 328 "-" "python-requests/2.23.0" 
209.141.59.205 - - [17/Jan/2021:12:19:12 -0800] "POST //wp-zero.php HTTP/1.1" 301 497 "-" "python-requests/2.23.0" 
209.141.59.205 - - [17/Jan/2021:12:19:12 -0800] "GET /wp-zero.php HTTP/1.1" 404 328 "-" "python-requests/2.23.0" 
2.154.223.85 - - [17/Jan/2021:12:19:15 -0800] "GET / HTTP/1.1" 200 12883 "-" "Mozilla/5.0 (X11; Linux x86_64; rv:84.0) Gecko/20100101 Firefox/84.0" 
2.154.223.85 - - [17/Jan/2021:12:19:15 -0800] "GET /css/style.css HTTP/1.1" 404 328 "http://www.secrepo.com/" "Mozilla/5.0 (X11; Linux x86_64; rv:84.0) Gecko/20100101 Firefox/84.0" 
2.154.223.85 - - [17/Jan/2021:12:19:15 -0800] "GET /twitter-icon.png HTTP/1.1" 200 27893 "http://www.secrepo.com/" "Mozilla/5.0 (X11; Linux x86_64; rv:84.0) Gecko/20100101 Firefox/84.0" 
2.154.223.85 - - [17/Jan/2021:12:19:15 -0800] "GET /GitHub-Mark.png HTTP/1.1" 200 7533 "http://www.secrepo.com/" "Mozilla/5.0 (X11; Linux x86_64; rv:84.0) Gecko/20100101 Firefox/84.0" 
2.154.223.85 - - [17/Jan/2021:12:19:15 -0800] "GET /css/style.css HTTP/1.1" 404 328 "http://www.secrepo.com/" "Mozilla/5.0 (X11; Linux x86_64; rv:84.0) Gecko/20100101 Firefox/84.0" 
2.154.223.85 - - [17/Jan/2021:12:19:16 -0800] "GET /bootstrap/img/favicon.ico HTTP/1.1" 200 690 "http://www.secrepo.com/" "Mozilla/5.0 (X11; Linux x86_64; rv:84.0) Gecko/20100101 Firefox/84.0" 
114.119.159.101 - - [17/Jan/2021:12:19:27 -0800] "GET /self.logs/error.log.2018-07-11.gz HTTP/1.1" 200 6716 "-" "Mozilla/5.0 (Linux; Android 7.0;) AppleWebKit/537.36 (KHTML, like Gecko) Mobile Safari/537.36 (compatible; PetalBot;+https://aspiegel.com/petalbot)" 
54.36.149.62 - - [17/Jan/2021:12:19:40 -0800] "GET /self.logs/error.log.2017-03-02.gz HTTP/1.1" 200 1027 "-" "Mozilla/5.0 (compatible; AhrefsBot/7.0; +http://ahrefs.com/robot/)" 
67.190.98.134 - - [17/Jan/2021:12:20:07 -0800] "GET / HTTP/1.1" 200 12883 "https://t.co/Qro1LD8G5m?amp=1" "Mozilla/5.0 (Windows NT 10.0; Win64; x64) AppleWebKit/537.36 (KHTML, like Gecko) Chrome/87.0.4280.141 Safari/537.36" 
67.190.98.134 - - [17/Jan/2021:12:20:07 -0800] "GET /css/style.css HTTP/1.1" 404 305 "http://www.secrepo.com/" "Mozilla/5.0 (Windows NT 10.0; Win64; x64) AppleWebKit/537.36 (KHTML, like Gecko) Chrome/87.0.4280.141 Safari/537.36" 
67.190.98.134 - - [17/Jan/2021:12:20:07 -0800] "GET /twitter-icon.png HTTP/1.1" 200 27893 "http://www.secrepo.com/" "Mozilla/5.0 (Windows NT 10.0; Win64; x64) AppleWebKit/537.36 (KHTML, like Gecko) Chrome/87.0.4280.141 Safari/537.36" 
67.190.98.134 - - [17/Jan/2021:12:20:07 -0800] "GET /GitHub-Mark.png HTTP/1.1" 200 7556 "http://www.secrepo.com/" "Mozilla/5.0 (Windows NT 10.0; Win64; x64) AppleWebKit/537.36 (KHTML, like Gecko) Chrome/87.0.4280.141 Safari/537.36" 
67.190.98.134 - - [17/Jan/2021:12:20:08 -0800] "GET /bootstrap/img/favicon.ico HTTP/1.1" 200 690 "http://www.secrepo.com/" "Mozilla/5.0 (Windows NT 10.0; Win64; x64) AppleWebKit/537.36 (KHTML, like Gecko) Chrome/87.0.4280.141 Safari/537.36" 
54.36.149.62 - - [17/Jan/2021:12:20:26 -0800] "GET /self.logs/error.log.2017-07-22.gz HTTP/1.1" 200 944 "-" "Mozilla/5.0 (compatible; AhrefsBot/7.0; +http://ahrefs.com/robot/)" 
54.36.149.62 - - [17/Jan/2021:12:21:15 -0800] "GET /self.logs/error.log.2018-01-24.gz HTTP/1.1" 200 3351 "-" "Mozilla/5.0 (compatible; AhrefsBot/7.0; +http://ahrefs.com/robot/)" 
93.210.124.129 - - [17/Jan/2021:12:21:44 -0800] "GET / HTTP/1.1" 200 12883 "-" "Mozilla/5.0 (Windows NT 10.0; Win64; x64) AppleWebKit/537.36 (KHTML, like Gecko) Chrome/87.0.4280.141 Safari/537.36 Edg/87.0.664.75" 
93.210.124.129 - - [17/Jan/2021:12:21:45 -0800] "GET /css/style.css HTTP/1.1" 404 305 "http://www.secrepo.com/" "Mozilla/5.0 (Windows NT 10.0; Win64; x64) AppleWebKit/537.36 (KHTML, like Gecko) Chrome/87.0.4280.141 Safari/537.36 Edg/87.0.664.75" 
93.210.124.129 - - [17/Jan/2021:12:21:45 -0800] "GET /twitter-icon.png HTTP/1.1" 200 27916 "http://www.secrepo.com/" "Mozilla/5.0 (Windows NT 10.0; Win64; x64) AppleWebKit/537.36 (KHTML, like Gecko) Chrome/87.0.4280.141 Safari/537.36 Edg/87.0.664.75" 
93.210.124.129 - - [17/Jan/2021:12:21:45 -0800] "GET /GitHub-Mark.png HTTP/1.1" 200 7533 "http://www.secrepo.com/" "Mozilla/5.0 (Windows NT 10.0; Win64; x64) AppleWebKit/537.36 (KHTML, like Gecko) Chrome/87.0.4280.141 Safari/537.36 Edg/87.0.664.75" 
93.210.124.129 - - [17/Jan/2021:12:21:46 -0800] "GET /bootstrap/img/favicon.ico HTTP/1.1" 200 690 "http://www.secrepo.com/" "Mozilla/5.0 (Windows NT 10.0; Win64; x64) AppleWebKit/537.36 (KHTML, like Gecko) Chrome/87.0.4280.141 Safari/537.36 Edg/87.0.664.75" 
54.36.148.105 - - [17/Jan/2021:12:22:02 -0800] "GET /self.logs/error.log.2020-08-04 HTTP/1.1" 200 307 "-" "Mozilla/5.0 (compatible; AhrefsBot/7.0; +http://ahrefs.com/robot/)" 
66.249.83.16 - - [17/Jan/2021:12:23:21 -0800] "GET / HTTP/1.1" 301 475 "-" "Mozilla/5.0 (X11; Linux x86_64) AppleWebKit/537.36 (KHTML, like Gecko) Chrome/49.0.2623.75 Safari/537.36 Google Favicon" 
66.249.83.95 - - [17/Jan/2021:12:23:21 -0800] "GET / HTTP/1.1" 200 12883 "-" "Mozilla/5.0 (X11; Linux x86_64) AppleWebKit/537.36 (KHTML, like Gecko) Chrome/49.0.2623.75 Safari/537.36 Google Favicon" 
66.249.83.94 - - [17/Jan/2021:12:23:21 -0800] "GET /bootstrap/img/favicon.ico HTTP/1.1" 200 713 "-" "Mozilla/5.0 (X11; Linux x86_64) AppleWebKit/537.36 (KHTML, like Gecko) Chrome/49.0.2623.75 Safari/537.36 Google Favicon" 
54.36.148.18 - - [17/Jan/2021:12:23:38 -0800] "GET /self.logs/access.log.2018-10-22.gz HTTP/1.1" 200 23846 "-" "Mozilla/5.0 (compatible; AhrefsBot/7.0; +http://ahrefs.com/robot/)" 
54.36.149.35 - - [17/Jan/2021:12:24:26 -0800] "GET /self.logs/access.log.2018-10-29.gz HTTP/1.1" 200 20660 "-" "Mozilla/5.0 (compatible; AhrefsBot/7.0; +http://ahrefs.com/robot/)" 
114.119.159.40 - - [17/Jan/2021:12:24:27 -0800] "GET /self.logs/2015/access.log.2015-10-15.gz HTTP/1.1" 200 10049 "-" "Mozilla/5.0 (Linux; Android 7.0;) AppleWebKit/537.36 (KHTML, like Gecko) Mobile Safari/537.36 (compatible; PetalBot;+https://aspiegel.com/petalbot)" 
2.154.223.85 - - [17/Jan/2021:12:24:50 -0800] "GET / HTTP/1.1" 200 12883 "-" "Mozilla/5.0 (X11; Linux x86_64; rv:84.0) Gecko/20100101 Firefox/84.0" 
2.154.223.85 - - [17/Jan/2021:12:24:50 -0800] "GET /css/style.css HTTP/1.1" 404 328 "http://www.secrepo.com/" "Mozilla/5.0 (X11; Linux x86_64; rv:84.0) Gecko/20100101 Firefox/84.0" 
2.154.223.85 - - [17/Jan/2021:12:24:50 -0800] "GET /GitHub-Mark.png HTTP/1.1" 304 281 "http://www.secrepo.com/" "Mozilla/5.0 (X11; Linux x86_64; rv:84.0) Gecko/20100101 Firefox/84.0" 
2.154.223.85 - - [17/Jan/2021:12:24:50 -0800] "GET /twitter-icon.png HTTP/1.1" 304 281 "http://www.secrepo.com/" "Mozilla/5.0 (X11; Linux x86_64; rv:84.0) Gecko/20100101 Firefox/84.0" 
2.154.223.85 - - [17/Jan/2021:12:24:51 -0800] "GET /bootstrap/img/favicon.ico HTTP/1.1" 200 690 "http://www.secrepo.com/" "Mozilla/5.0 (X11; Linux x86_64; rv:84.0) Gecko/20100101 Firefox/84.0" 
54.36.149.62 - - [17/Jan/2021:12:25:15 -0800] "GET /self.logs/access.log.2017-06-11.gz HTTP/1.1" 200 20291 "-" "Mozilla/5.0 (compatible; AhrefsBot/7.0; +http://ahrefs.com/robot/)" 
106.39.13.237 - - [17/Jan/2021:12:25:22 -0800] "GET / HTTP/1.1" 200 12861 "-" "Mozilla/5.0 (iPhone; CPU iPhone OS 13_2_3 like Mac OS X) AppleWebKit/605.1.15 (KHTML, like Gecko) Version/13.0.3 Mobile/15E148 Safari/604.1" 
106.39.13.237 - - [17/Jan/2021:12:25:22 -0800] "GET /css/style.css HTTP/1.1" 404 305 "http://www.secrepo.com/" "Mozilla/5.0 (iPhone; CPU iPhone OS 13_2_3 like Mac OS X) AppleWebKit/605.1.15 (KHTML, like Gecko) Version/13.0.3 Mobile/15E148 Safari/604.1" 
106.39.13.237 - - [17/Jan/2021:12:25:32 -0800] "GET / HTTP/1.1" 200 12861 "-" "Mozilla/5.0 (iPhone; CPU iPhone OS 13_2_3 like Mac OS X) AppleWebKit/605.1.15 (KHTML, like Gecko) Version/13.0.3 Mobile/15E148 Safari/604.1" 
106.39.13.237 - - [17/Jan/2021:12:25:32 -0800] "GET /css/style.css HTTP/1.1" 404 305 "http://www.secrepo.com/" "Mozilla/5.0 (iPhone; CPU iPhone OS 13_2_3 like Mac OS X) AppleWebKit/605.1.15 (KHTML, like Gecko) Version/13.0.3 Mobile/15E148 Safari/604.1" 
106.39.13.237 - - [17/Jan/2021:12:25:57 -0800] "GET / HTTP/1.1" 200 12883 "-" "Mozilla/5.0 (iPhone; CPU iPhone OS 13_2_3 like Mac OS X) AppleWebKit/605.1.15 (KHTML, like Gecko) Version/13.0.3 Mobile/15E148 Safari/604.1" 
54.36.149.62 - - [17/Jan/2021:12:26:04 -0800] "GET /self.logs/access.log.2020-06-17.gz HTTP/1.1" 200 73000 "-" "Mozilla/5.0 (compatible; AhrefsBot/7.0; +http://ahrefs.com/robot/)" 
54.36.148.18 - - [17/Jan/2021:12:26:54 -0800] "GET /self.logs/access.log.2018-04-30.gz HTTP/1.1" 200 16887 "-" "Mozilla/5.0 (compatible; AhrefsBot/7.0; +http://ahrefs.com/robot/)" 
54.36.148.18 - - [17/Jan/2021:12:27:41 -0800] "GET /self.logs/error.log.2017-07-28.gz HTTP/1.1" 200 802 "-" "Mozilla/5.0 (compatible; AhrefsBot/7.0; +http://ahrefs.com/robot/)" 
54.36.149.62 - - [17/Jan/2021:12:28:36 -0800] "GET /self.logs/error.log.2020-04-30.gz HTTP/1.1" 200 825 "-" "Mozilla/5.0 (compatible; AhrefsBot/7.0; +http://ahrefs.com/robot/)" 
54.36.149.30 - - [17/Jan/2021:12:29:21 -0800] "GET /self.logs/access.log.2020-07-18.gz HTTP/1.1" 200 30910 "-" "Mozilla/5.0 (compatible; AhrefsBot/7.0; +http://ahrefs.com/robot/)" 
114.119.157.43 - - [17/Jan/2021:12:29:27 -0800] "GET /self.logs/2015/error.log.2015-09-23.gz HTTP/1.1" 200 989 "-" "Mozilla/5.0 (Linux; Android 7.0;) AppleWebKit/537.36 (KHTML, like Gecko) Mobile Safari/537.36 (compatible; PetalBot;+https://aspiegel.com/petalbot)" 
54.36.148.194 - - [17/Jan/2021:12:30:06 -0800] "GET /self.logs/2016/access.log.2016-07-19.gz HTTP/1.1" 200 7861 "-" "Mozilla/5.0 (compatible; AhrefsBot/7.0; +http://ahrefs.com/robot/)" 
54.36.149.83 - - [17/Jan/2021:12:30:55 -0800] "GET /self.logs/access.log.2019-05-13.gz HTTP/1.1" 200 28995 "-" "Mozilla/5.0 (compatible; AhrefsBot/7.0; +http://ahrefs.com/robot/)" 
54.36.149.62 - - [17/Jan/2021:12:31:52 -0800] "GET /self.logs/error.log.2017-08-02.gz HTTP/1.1" 200 1088 "-" "Mozilla/5.0 (compatible; AhrefsBot/7.0; +http://ahrefs.com/robot/)" 
93.210.124.129 - - [17/Jan/2021:12:32:39 -0800] "GET / HTTP/1.1" 200 12884 "http://www.secrepo.com/" "Mozilla/5.0 (Windows NT 10.0; Win64; x64) AppleWebKit/537.36 (KHTML, like Gecko) Chrome/87.0.4280.141 Safari/537.36 Edg/87.0.664.75" 
93.210.124.129 - - [17/Jan/2021:12:32:39 -0800] "GET /css/style.css HTTP/1.1" 404 305 "http://www.secrepo.com/" "Mozilla/5.0 (Windows NT 10.0; Win64; x64) AppleWebKit/537.36 (KHTML, like Gecko) Chrome/87.0.4280.141 Safari/537.36 Edg/87.0.664.75" 
54.36.149.62 - - [17/Jan/2021:12:32:44 -0800] "GET /self.logs/access.log.2018-11-04.gz HTTP/1.1" 200 18885 "-" "Mozilla/5.0 (compatible; AhrefsBot/7.0; +http://ahrefs.com/robot/)" 
93.210.124.129 - - [17/Jan/2021:12:33:05 -0800] "GET /css/style.css HTTP/1.1" 404 328 "http://www.secrepo.com/" "Mozilla/5.0 (Windows NT 10.0; Win64; x64) AppleWebKit/537.36 (KHTML, like Gecko) Chrome/87.0.4280.141 Safari/537.36 Edg/87.0.664.75" 
93.210.124.129 - - [17/Jan/2021:12:33:07 -0800] "GET /css/style.css HTTP/1.1" 404 305 "http://www.secrepo.com/" "Mozilla/5.0 (Windows NT 10.0; Win64; x64) AppleWebKit/537.36 (KHTML, like Gecko) Chrome/87.0.4280.141 Safari/537.36 Edg/87.0.664.75" 
93.210.124.129 - - [17/Jan/2021:12:33:08 -0800] "GET /css/style.css HTTP/1.1" 404 305 "http://www.secrepo.com/" "Mozilla/5.0 (Windows NT 10.0; Win64; x64) AppleWebKit/537.36 (KHTML, like Gecko) Chrome/87.0.4280.141 Safari/537.36 Edg/87.0.664.75" 
93.210.124.129 - - [17/Jan/2021:12:33:09 -0800] "GET /css/style.css HTTP/1.1" 404 305 "http://www.secrepo.com/" "Mozilla/5.0 (Windows NT 10.0; Win64; x64) AppleWebKit/537.36 (KHTML, like Gecko) Chrome/87.0.4280.141 Safari/537.36 Edg/87.0.664.75" 
93.210.124.129 - - [17/Jan/2021:12:33:10 -0800] "GET /css/style.css HTTP/1.1" 404 305 "http://www.secrepo.com/" "Mozilla/5.0 (Windows NT 10.0; Win64; x64) AppleWebKit/537.36 (KHTML, like Gecko) Chrome/87.0.4280.141 Safari/537.36 Edg/87.0.664.75" 
93.210.124.129 - - [17/Jan/2021:12:33:11 -0800] "GET /css/style.css HTTP/1.1" 404 305 "http://www.secrepo.com/" "Mozilla/5.0 (Windows NT 10.0; Win64; x64) AppleWebKit/537.36 (KHTML, like Gecko) Chrome/87.0.4280.141 Safari/537.36 Edg/87.0.664.75" 
93.210.124.129 - - [17/Jan/2021:12:33:13 -0800] "GET /css/style.css HTTP/1.1" 404 305 "http://www.secrepo.com/" "Mozilla/5.0 (Windows NT 10.0; Win64; x64) AppleWebKit/537.36 (KHTML, like Gecko) Chrome/87.0.4280.141 Safari/537.36 Edg/87.0.664.75" 
93.210.124.129 - - [17/Jan/2021:12:33:15 -0800] "GET /css/style.css HTTP/1.1" 404 305 "http://www.secrepo.com/" "Mozilla/5.0 (Windows NT 10.0; Win64; x64) AppleWebKit/537.36 (KHTML, like Gecko) Chrome/87.0.4280.141 Safari/537.36 Edg/87.0.664.75" 
93.210.124.129 - - [17/Jan/2021:12:33:19 -0800] "GET /favicon.ico HTTP/1.1" 200 391 "http://www.secrepo.com/honeypot/Honeypot%20-%20Howto.pdf" "Mozilla/5.0 (Windows NT 10.0; Win64; x64) AppleWebKit/537.36 (KHTML, like Gecko) Chrome/87.0.4280.141 Safari/537.36 Edg/87.0.664.75" 
93.210.124.129 - - [17/Jan/2021:12:33:19 -0800] "GET /honeypot/Honeypot%20-%20Howto.pdf HTTP/1.1" 200 1279529 "http://www.secrepo.com/" "Mozilla/5.0 (Windows NT 10.0; Win64; x64) AppleWebKit/537.36 (KHTML, like Gecko) Chrome/87.0.4280.141 Safari/537.36 Edg/87.0.664.75" 
54.36.148.18 - - [17/Jan/2021:12:33:31 -0800] "GET /self.logs/access.log.2020-09-12.gz HTTP/1.1" 200 10304 "-" "Mozilla/5.0 (compatible; AhrefsBot/7.0; +http://ahrefs.com/robot/)" 
144.76.186.38 - - [17/Jan/2021:12:33:56 -0800] "GET /robots.txt HTTP/1.1" 200 377 "-" "Mozilla/5.0 (compatible; MJ12bot/v1.4.8; http://mj12bot.com/)" 
144.76.186.38 - - [17/Jan/2021:12:33:58 -0800] "GET /self.logs/error.log.2021-01-14 HTTP/1.1" 200 273 "-" "Mozilla/5.0 (compatible; MJ12bot/v1.4.8; http://mj12bot.com/)" 
54.36.148.18 - - [17/Jan/2021:12:34:16 -0800] "GET /self.logs/error.log.2020-03-29.gz HTTP/1.1" 200 841 "-" "Mozilla/5.0 (compatible; AhrefsBot/7.0; +http://ahrefs.com/robot/)" 
114.119.144.30 - - [17/Jan/2021:12:34:27 -0800] "GET /self.logs/2015/access.log.2015-11-03.gz HTTP/1.1" 200 7272 "-" "Mozilla/5.0 (Linux; Android 7.0;) AppleWebKit/537.36 (KHTML, like Gecko) Mobile Safari/537.36 (compatible; PetalBot;+https://aspiegel.com/petalbot)" 
157.55.39.85 - - [17/Jan/2021:12:34:39 -0800] "GET /self.logs/access.log.2017-05-10.gz HTTP/1.1" 200 16142 "-" "Mozilla/5.0 (compatible; bingbot/2.0; +http://www.bing.com/bingbot.htm)" 
54.36.149.62 - - [17/Jan/2021:12:35:04 -0800] "GET /self.logs/2016/access.log.2016-03-17.gz HTTP/1.1" 200 16522 "-" "Mozilla/5.0 (compatible; AhrefsBot/7.0; +http://ahrefs.com/robot/)" 
54.36.149.62 - - [17/Jan/2021:12:35:50 -0800] "GET /self.logs/error.log.2020-10-02.gz HTTP/1.1" 200 739 "-" "Mozilla/5.0 (compatible; AhrefsBot/7.0; +http://ahrefs.com/robot/)" 
54.36.149.62 - - [17/Jan/2021:12:36:39 -0800] "GET /self.logs/access.log.2020-02-16.gz HTTP/1.1" 200 15260 "-" "Mozilla/5.0 (compatible; AhrefsBot/7.0; +http://ahrefs.com/robot/)" 
93.210.124.129 - - [17/Jan/2021:12:37:17 -0800] "GET /css/style.css HTTP/1.1" 404 328 "http://www.secrepo.com/" "Mozilla/5.0 (Windows NT 10.0; Win64; x64) AppleWebKit/537.36 (KHTML, like Gecko) Chrome/87.0.4280.141 Safari/537.36 Edg/87.0.664.75" 
54.36.148.193 - - [17/Jan/2021:12:37:27 -0800] "GET /self.logs/error.log.2018-06-14.gz HTTP/1.1" 200 7067 "-" "Mozilla/5.0 (compatible; AhrefsBot/7.0; +http://ahrefs.com/robot/)" 
54.36.148.18 - - [17/Jan/2021:12:38:11 -0800] "GET /self.logs/error.log.2018-05-15.gz HTTP/1.1" 200 4408 "-" "Mozilla/5.0 (compatible; AhrefsBot/7.0; +http://ahrefs.com/robot/)" 
54.36.148.18 - - [17/Jan/2021:12:39:03 -0800] "GET /self.logs/access.log.2017-02-07.gz HTTP/1.1" 200 19930 "-" "Mozilla/5.0 (compatible; AhrefsBot/7.0; +http://ahrefs.com/robot/)" 
114.119.155.228 - - [17/Jan/2021:12:39:27 -0800] "GET /maccdc2012/tunnel.log.gz HTTP/1.1" 200 5282 "-" "Mozilla/5.0 (Linux; Android 7.0;) AppleWebKit/537.36 (KHTML, like Gecko) Mobile Safari/537.36 (compatible; PetalBot;+https://aspiegel.com/petalbot)" 
54.36.149.62 - - [17/Jan/2021:12:39:50 -0800] "GET /self.logs/access.log.2020-02-23.gz HTTP/1.1" 200 13647 "-" "Mozilla/5.0 (compatible; AhrefsBot/7.0; +http://ahrefs.com/robot/)" 
54.36.148.18 - - [17/Jan/2021:12:40:42 -0800] "GET /self.logs/access.log.2020-01-19.gz HTTP/1.1" 200 13714 "-" "Mozilla/5.0 (compatible; AhrefsBot/7.0; +http://ahrefs.com/robot/)" 
54.36.148.18 - - [17/Jan/2021:12:41:39 -0800] "GET /self.logs/access.log.2019-12-10.gz HTTP/1.1" 200 31759 "-" "Mozilla/5.0 (compatible; AhrefsBot/7.0; +http://ahrefs.com/robot/)" 
54.36.149.62 - - [17/Jan/2021:12:42:26 -0800] "GET /self.logs/error.log.2020-02-14 HTTP/1.1" 200 307 "-" "Mozilla/5.0 (compatible; AhrefsBot/7.0; +http://ahrefs.com/robot/)" 
54.36.148.18 - - [17/Jan/2021:12:43:13 -0800] "GET /Datasets%20Description/Network/weird.html HTTP/1.1" 200 1601 "-" "Mozilla/5.0 (compatible; AhrefsBot/7.0; +http://ahrefs.com/robot/)" 
54.36.149.62 - - [17/Jan/2021:12:43:58 -0800] "GET /self.logs/error.log.2020-03-07.gz HTTP/1.1" 200 1207 "-" "Mozilla/5.0 (compatible; AhrefsBot/7.0; +http://ahrefs.com/robot/)" 
111.202.101.150 - - [17/Jan/2021:12:43:58 -0800] "GET / HTTP/1.1" 301 438 "-" "Sogou web spider/4.0(+http://www.sogou.com/docs/help/webmasters.htm#07)" 
93.210.124.129 - - [17/Jan/2021:12:44:01 -0800] "GET /self.logs/ HTTP/1.1" 200 27072 "-" "Mozilla/5.0 (Macintosh; Intel Mac OS X 10_11_6) AppleWebKit/537.36 (KHTML, like Gecko) Chrome/53.0.2785.143 Safari/537.36" 
114.119.159.40 - - [17/Jan/2021:12:44:27 -0800] "GET /self.logs/error.log.2017-07-22.gz HTTP/1.1" 200 988 "-" "Mozilla/5.0 (Linux; Android 7.0;) AppleWebKit/537.36 (KHTML, like Gecko) Mobile Safari/537.36 (compatible; PetalBot;+https://aspiegel.com/petalbot)" 
54.36.149.62 - - [17/Jan/2021:12:44:41 -0800] "GET /self.logs/error.log.2020-10-03 HTTP/1.1" 200 307 "-" "Mozilla/5.0 (compatible; AhrefsBot/7.0; +http://ahrefs.com/robot/)" 
111.202.101.150 - - [17/Jan/2021:12:45:18 -0800] "GET / HTTP/1.1" 200 12847 "-" "Sogou web spider/4.0(+http://www.sogou.com/docs/help/webmasters.htm#07)" 
54.36.148.18 - - [17/Jan/2021:12:45:32 -0800] "GET /self.logs/error.log.2020-10-16.gz HTTP/1.1" 200 834 "-" "Mozilla/5.0 (compatible; AhrefsBot/7.0; +http://ahrefs.com/robot/)" 
93.210.124.129 - - [17/Jan/2021:12:45:39 -0800] "GET / HTTP/1.1" 200 12847 "-" "Mozilla/5.0 (Macintosh; Intel Mac OS X 10_11_6) AppleWebKit/537.36 (KHTML, like Gecko) Chrome/53.0.2785.143 Safari/537.36" 
66.249.64.89 - - [17/Jan/2021:12:45:48 -0800] "GET /robots.txt HTTP/1.1" 301 495 "-" "Mozilla/5.0 (compatible; Googlebot/2.1; +http://www.google.com/bot.html)" 
66.249.64.155 - - [17/Jan/2021:12:45:48 -0800] "GET /robots.txt HTTP/1.1" 200 377 "-" "Mozilla/5.0 (compatible; Googlebot/2.1; +http://www.google.com/bot.html)" 
66.249.64.89 - - [17/Jan/2021:12:45:48 -0800] "GET /ads.txt HTTP/1.1" 301 488 "-" "Mozilla/5.0 (compatible; Googlebot/2.1; +http://www.google.com/bot.html)" 
66.249.64.153 - - [17/Jan/2021:12:45:49 -0800] "GET /ads.txt HTTP/1.1" 404 328 "-" "Mozilla/5.0 (compatible; Googlebot/2.1; +http://www.google.com/bot.html)" 
54.36.149.62 - - [17/Jan/2021:12:46:16 -0800] "GET /self.logs/access.log.2017-04-07.gz HTTP/1.1" 200 27868 "-" "Mozilla/5.0 (compatible; AhrefsBot/7.0; +http://ahrefs.com/robot/)" 
13.66.139.137 - - [17/Jan/2021:12:46:58 -0800] "GET /self.logs/2016/error.log.2016-05-02.gz HTTP/1.1" 200 752 "-" "Mozilla/5.0 (compatible; bingbot/2.0; +http://www.bing.com/bingbot.htm)" 
54.36.149.62 - - [17/Jan/2021:12:47:04 -0800] "GET /self.logs/2016/access.log.2016-03-19.gz HTTP/1.1" 200 6304 "-" "Mozilla/5.0 (compatible; AhrefsBot/7.0; +http://ahrefs.com/robot/)" 
54.36.149.62 - - [17/Jan/2021:12:47:52 -0800] "GET /self.logs/access.log.2020-02-26.gz HTTP/1.1" 200 15826 "-" "Mozilla/5.0 (compatible; AhrefsBot/7.0; +http://ahrefs.com/robot/)" 
93.210.124.129 - - [17/Jan/2021:12:47:57 -0800] "GET /self.logs/ HTTP/1.1" 200 27072 "-" "Mozilla/5.0 (Macintosh; Intel Mac OS X 10_11_6) AppleWebKit/537.36 (KHTML, like Gecko) Chrome/53.0.2785.143 Safari/537.36" 
54.36.149.62 - - [17/Jan/2021:12:48:44 -0800] "GET /self.logs/access.log.2020-10-21.gz HTTP/1.1" 200 13712 "-" "Mozilla/5.0 (compatible; AhrefsBot/7.0; +http://ahrefs.com/robot/)" 
114.119.129.244 - - [17/Jan/2021:12:49:27 -0800] "GET /self.logs/access.log.2017-10-29.gz HTTP/1.1" 200 18458 "-" "Mozilla/5.0 (Linux; Android 7.0;) AppleWebKit/537.36 (KHTML, like Gecko) Mobile Safari/537.36 (compatible; PetalBot;+https://aspiegel.com/petalbot)" 
93.210.124.129 - - [17/Jan/2021:12:49:31 -0800] "GET / HTTP/1.1" 200 12847 "-" "Mozilla/5.0 (Macintosh; Intel Mac OS X 10_11_6) AppleWebKit/537.36 (KHTML, like Gecko) Chrome/53.0.2785.143 Safari/537.36" 
54.36.149.32 - - [17/Jan/2021:12:49:35 -0800] "GET /self.logs/2016/access.log.2016-05-13.gz HTTP/1.1" 200 13559 "-" "Mozilla/5.0 (compatible; AhrefsBot/7.0; +http://ahrefs.com/robot/)" 
111.202.100.88 - - [17/Jan/2021:12:50:18 -0800] "GET / HTTP/1.1" 200 12847 "-" "Sogou web spider/4.0(+http://www.sogou.com/docs/help/webmasters.htm#07)" 
54.36.149.62 - - [17/Jan/2021:12:50:22 -0800] "GET /self.logs/access.log.2020-04-03.gz HTTP/1.1" 200 21030 "-" "Mozilla/5.0 (compatible; AhrefsBot/7.0; +http://ahrefs.com/robot/)" 
2.154.223.85 - - [17/Jan/2021:12:50:31 -0800] "GET /maccdc2012/conn.log.gz HTTP/1.1" 200 730000 "http://www.secrepo.com/" "Mozilla/5.0 (X11; Linux x86_64; rv:84.0) Gecko/20100101 Firefox/84.0" 
54.36.149.62 - - [17/Jan/2021:12:51:12 -0800] "GET /self.logs/2016/error.log.2016-11-28.gz HTTP/1.1" 200 2293 "-" "Mozilla/5.0 (compatible; AhrefsBot/7.0; +http://ahrefs.com/robot/)" 
93.210.124.129 - - [17/Jan/2021:12:51:24 -0800] "GET /self.logs/ HTTP/1.1" 200 27072 "-" "Mozilla/5.0 (Macintosh; Intel Mac OS X 10_11_6) AppleWebKit/537.36 (KHTML, like Gecko) Chrome/53.0.2785.143 Safari/537.36" 
54.36.148.18 - - [17/Jan/2021:12:52:01 -0800] "GET /self.logs/access.log.2020-02-01.gz HTTP/1.1" 200 10485 "-" "Mozilla/5.0 (compatible; AhrefsBot/7.0; +http://ahrefs.com/robot/)" 
54.36.148.251 - - [17/Jan/2021:12:52:56 -0800] "GET /self.logs/error.log.2020-03-09.gz HTTP/1.1" 200 947 "-" "Mozilla/5.0 (compatible; AhrefsBot/7.0; +http://ahrefs.com/robot/)" 
93.210.124.129 - - [17/Jan/2021:12:53:14 -0800] "GET / HTTP/1.1" 200 12847 "-" "Mozilla/5.0 (Macintosh; Intel Mac OS X 10_11_6) AppleWebKit/537.36 (KHTML, like Gecko) Chrome/53.0.2785.143 Safari/537.36" 
54.36.148.18 - - [17/Jan/2021:12:53:54 -0800] "GET /self.logs/access.log.2019-12-12.gz HTTP/1.1" 200 14012 "-" "Mozilla/5.0 (compatible; AhrefsBot/7.0; +http://ahrefs.com/robot/)" 
114.119.157.43 - - [17/Jan/2021:12:54:26 -0800] "GET /self.logs/access.log.2019-10-08.gz HTTP/1.1" 200 34574 "-" "Mozilla/5.0 (Linux; Android 7.0;) AppleWebKit/537.36 (KHTML, like Gecko) Mobile Safari/537.36 (compatible; PetalBot;+https://aspiegel.com/petalbot)" 
54.36.148.165 - - [17/Jan/2021:12:54:41 -0800] "GET /self.logs/error.log.2020-04-07.gz HTTP/1.1" 200 1759 "-" "Mozilla/5.0 (compatible; AhrefsBot/7.0; +http://ahrefs.com/robot/)" 
13.66.139.92 - - [17/Jan/2021:12:55:09 -0800] "GET /self.logs/2015/error.log.2015-03-04.gz HTTP/1.1" 200 1090 "-" "Mozilla/5.0 (compatible; bingbot/2.0; +http://www.bing.com/bingbot.htm)" 
93.210.124.129 - - [17/Jan/2021:12:55:22 -0800] "GET /self.logs/ HTTP/1.1" 200 27072 "-" "Mozilla/5.0 (Macintosh; Intel Mac OS X 10_11_6) AppleWebKit/537.36 (KHTML, like Gecko) Chrome/53.0.2785.143 Safari/537.36" 
54.36.149.62 - - [17/Jan/2021:12:55:25 -0800] "GET /Datasets%20Description/Network/ssh.html HTTP/1.1" 200 1324 "-" "Mozilla/5.0 (compatible; AhrefsBot/7.0; +http://ahrefs.com/robot/)" 
54.36.149.62 - - [17/Jan/2021:12:56:13 -0800] "GET /self.logs/access.log.2020-03-14.gz HTTP/1.1" 200 16848 "-" "Mozilla/5.0 (compatible; AhrefsBot/7.0; +http://ahrefs.com/robot/)" 
54.36.148.18 - - [17/Jan/2021:12:57:01 -0800] "GET /self.logs/2016/access.log.2016-03-20.gz HTTP/1.1" 200 6857 "-" "Mozilla/5.0 (compatible; AhrefsBot/7.0; +http://ahrefs.com/robot/)" 
93.210.124.129 - - [17/Jan/2021:12:57:26 -0800] "GET /self.logs/ HTTP/1.1" 200 27072 "-" "Mozilla/5.0 (Macintosh; Intel Mac OS X 10_11_6) AppleWebKit/537.36 (KHTML, like Gecko) Chrome/53.0.2785.143 Safari/537.36" 
54.36.148.89 - - [17/Jan/2021:12:57:51 -0800] "GET /self.logs/access.log.2018-06-22.gz HTTP/1.1" 200 19059 "-" "Mozilla/5.0 (compatible; AhrefsBot/7.0; +http://ahrefs.com/robot/)" 
54.36.148.194 - - [17/Jan/2021:12:58:38 -0800] "GET /self.logs/2016/access.log.2016-05-14.gz HTTP/1.1" 200 7921 "-" "Mozilla/5.0 (compatible; AhrefsBot/7.0; +http://ahrefs.com/robot/)" 
13.66.139.92 - - [17/Jan/2021:12:58:40 -0800] "GET /self.logs/2015/error.log.2015-07-17.gz HTTP/1.1" 200 822 "-" "Mozilla/5.0 (compatible; bingbot/2.0; +http://www.bing.com/bingbot.htm)" 
54.36.149.62 - - [17/Jan/2021:12:59:23 -0800] "GET /self.logs/access.log.2020-03-04.gz HTTP/1.1" 200 16689 "-" "Mozilla/5.0 (compatible; AhrefsBot/7.0; +http://ahrefs.com/robot/)" 
114.119.140.84 - - [17/Jan/2021:12:59:27 -0800] "GET /self.logs/access.log.2019-03-28.gz HTTP/1.1" 200 47713 "-" "Mozilla/5.0 (Linux; Android 7.0;) AppleWebKit/537.36 (KHTML, like Gecko) Mobile Safari/537.36 (compatible; PetalBot;+https://aspiegel.com/petalbot)" 
54.36.149.62 - - [17/Jan/2021:13:00:09 -0800] "GET /self.logs/access.log.2020-04-24.gz HTTP/1.1" 200 75920 "-" "Mozilla/5.0 (compatible; AhrefsBot/7.0; +http://ahrefs.com/robot/)" 
54.36.149.62 - - [17/Jan/2021:13:00:52 -0800] "GET /self.logs/error.log.2020-10-17 HTTP/1.1" 200 307 "-" "Mozilla/5.0 (compatible; AhrefsBot/7.0; +http://ahrefs.com/robot/)" 
54.36.148.91 - - [17/Jan/2021:13:01:40 -0800] "GET /self.logs/access.log.2017-05-04.gz HTTP/1.1" 200 30044 "-" "Mozilla/5.0 (compatible; AhrefsBot/7.0; +http://ahrefs.com/robot/)" 
54.36.148.18 - - [17/Jan/2021:13:02:21 -0800] "GET /self.logs/error.log.2019-10-09.gz HTTP/1.1" 200 822 "-" "Mozilla/5.0 (compatible; AhrefsBot/7.0; +http://ahrefs.com/robot/)" 
54.36.149.62 - - [17/Jan/2021:13:03:08 -0800] "GET /self.logs/2016/access.log.2016-03-27.gz HTTP/1.1" 200 7437 "-" "Mozilla/5.0 (compatible; AhrefsBot/7.0; +http://ahrefs.com/robot/)" 
93.210.124.129 - - [17/Jan/2021:13:03:21 -0800] "GET /self.logs/ HTTP/1.1" 200 27072 "-" "Mozilla/5.0 (Macintosh; Intel Mac OS X 10_11_6) AppleWebKit/537.36 (KHTML, like Gecko) Chrome/53.0.2785.143 Safari/537.36" 
54.36.149.1 - - [17/Jan/2021:13:03:52 -0800] "GET /self.logs/access.log.2020-10-24.gz HTTP/1.1" 200 23085 "-" "Mozilla/5.0 (compatible; AhrefsBot/7.0; +http://ahrefs.com/robot/)" 
114.119.141.53 - - [17/Jan/2021:13:04:27 -0800] "GET /self.logs/access.log.2017-11-02.gz HTTP/1.1" 200 30208 "-" "Mozilla/5.0 (Linux; Android 7.0;) AppleWebKit/537.36 (KHTML, like Gecko) Mobile Safari/537.36 (compatible; PetalBot;+https://aspiegel.com/petalbot)" 
54.36.149.62 - - [17/Jan/2021:13:04:42 -0800] "GET /self.logs/access.log.2020-03-05.gz HTTP/1.1" 200 16105 "-" "Mozilla/5.0 (compatible; AhrefsBot/7.0; +http://ahrefs.com/robot/)" 
93.210.124.129 - - [17/Jan/2021:13:04:57 -0800] "GET / HTTP/1.1" 200 12847 "-" "Mozilla/5.0 (Macintosh; Intel Mac OS X 10_11_6) AppleWebKit/537.36 (KHTML, like Gecko) Chrome/53.0.2785.143 Safari/537.36" 
54.36.149.62 - - [17/Jan/2021:13:05:35 -0800] "GET /self.logs/access.log.2020-09-30.gz HTTP/1.1" 200 13380 "-" "Mozilla/5.0 (compatible; AhrefsBot/7.0; +http://ahrefs.com/robot/)" 
54.36.149.62 - - [17/Jan/2021:13:06:22 -0800] "GET /self.logs/2016/error.log.2016-06-17.gz HTTP/1.1" 200 2543 "-" "Mozilla/5.0 (compatible; AhrefsBot/7.0; +http://ahrefs.com/robot/)" 
195.123.209.118 - - [17/Jan/2021:13:06:49 -0800] "GET / HTTP/1.1" 200 48020 "https://zreloeporno.tv/" "Mozilla/4.0 (compatible; MSIE 6.0; Windows NT 5.1)" 
195.123.209.118 - - [17/Jan/2021:13:06:50 -0800] "GET / HTTP/1.1" 200 48020 "https://zreloeporno.tv/" "Mozilla/4.0 (compatible; MSIE 6.0; Windows NT 5.1)" 
195.123.209.118 - - [17/Jan/2021:13:06:51 -0800] "GET / HTTP/1.1" 200 48020 "https://zreloeporno.tv/" "Mozilla/4.0 (compatible; MSIE 6.0; Windows NT 5.1)" 
54.36.148.18 - - [17/Jan/2021:13:07:08 -0800] "GET /self.logs/access.log.2020-03-25.gz HTTP/1.1" 200 19207 "-" "Mozilla/5.0 (compatible; AhrefsBot/7.0; +http://ahrefs.com/robot/)" 
54.36.149.62 - - [17/Jan/2021:13:07:56 -0800] "GET /self.logs/access.log.2019-12-19.gz HTTP/1.1" 200 19861 "-" "Mozilla/5.0 (compatible; AhrefsBot/7.0; +http://ahrefs.com/robot/)" 
54.36.149.62 - - [17/Jan/2021:13:08:42 -0800] "GET /Datasets%20Description/Network/files.html HTTP/1.1" 200 1488 "-" "Mozilla/5.0 (compatible; AhrefsBot/7.0; +http://ahrefs.com/robot/)" 
114.119.159.40 - - [17/Jan/2021:13:09:27 -0800] "GET /self.logs/2015/access.log.2015-04-27.gz HTTP/1.1" 200 7380 "-" "Mozilla/5.0 (Linux; Android 7.0;) AppleWebKit/537.36 (KHTML, like Gecko) Mobile Safari/537.36 (compatible; PetalBot;+https://aspiegel.com/petalbot)" 
54.36.149.62 - - [17/Jan/2021:13:09:29 -0800] "GET /self.logs/access.log.2020-09-15.gz HTTP/1.1" 200 27258 "-" "Mozilla/5.0 (compatible; AhrefsBot/7.0; +http://ahrefs.com/robot/)" 
54.36.149.51 - - [17/Jan/2021:13:10:21 -0800] "GET /self.logs/access.log.2019-12-14.gz HTTP/1.1" 200 13695 "-" "Mozilla/5.0 (compatible; AhrefsBot/7.0; +http://ahrefs.com/robot/)" 
54.36.148.100 - - [17/Jan/2021:13:11:12 -0800] "GET /self.logs/error.log.2020-10-21.gz HTTP/1.1" 200 813 "-" "Mozilla/5.0 (compatible; AhrefsBot/7.0; +http://ahrefs.com/robot/)" 
54.36.148.18 - - [17/Jan/2021:13:11:58 -0800] "GET /self.logs/2016/access.log.2016-03-21.gz HTTP/1.1" 200 6626 "-" "Mozilla/5.0 (compatible; AhrefsBot/7.0; +http://ahrefs.com/robot/)" 
54.36.148.18 - - [17/Jan/2021:13:12:45 -0800] "GET /self.logs/access.log.2020-03-09.gz HTTP/1.1" 200 30810 "-" "Mozilla/5.0 (compatible; AhrefsBot/7.0; +http://ahrefs.com/robot/)" 
54.36.148.18 - - [17/Jan/2021:13:13:32 -0800] "GET /self.logs/2016/error.log.2016-12-02.gz HTTP/1.1" 200 753 "-" "Mozilla/5.0 (compatible; AhrefsBot/7.0; +http://ahrefs.com/robot/)" 
54.36.148.217 - - [17/Jan/2021:13:14:19 -0800] "GET /self.logs/access.log.2020-10-19.gz HTTP/1.1" 200 16147 "-" "Mozilla/5.0 (compatible; AhrefsBot/7.0; +http://ahrefs.com/robot/)" 
114.119.157.43 - - [17/Jan/2021:13:14:27 -0800] "GET /self.logs/access.log.2019-12-10.gz HTTP/1.1" 200 31803 "-" "Mozilla/5.0 (Linux; Android 7.0;) AppleWebKit/537.36 (KHTML, like Gecko) Mobile Safari/537.36 (compatible; PetalBot;+https://aspiegel.com/petalbot)" 
54.36.148.18 - - [17/Jan/2021:13:15:08 -0800] "GET /self.logs/access.log.2020-10-25.gz HTTP/1.1" 200 17897 "-" "Mozilla/5.0 (compatible; AhrefsBot/7.0; +http://ahrefs.com/robot/)" 
54.36.148.18 - - [17/Jan/2021:13:15:58 -0800] "GET /self.logs/2016/access.log.2016-03-22.gz HTTP/1.1" 200 8298 "-" "Mozilla/5.0 (compatible; AhrefsBot/7.0; +http://ahrefs.com/robot/)" 
54.36.149.62 - - [17/Jan/2021:13:16:46 -0800] "GET /self.logs/error.log.2020-04-29.gz HTTP/1.1" 200 774 "-" "Mozilla/5.0 (compatible; AhrefsBot/7.0; +http://ahrefs.com/robot/)" 
54.36.149.62 - - [17/Jan/2021:13:18:29 -0800] "GET /self.logs/access.log.2020-09-16.gz HTTP/1.1" 200 16364 "-" "Mozilla/5.0 (compatible; AhrefsBot/7.0; +http://ahrefs.com/robot/)" 
54.36.148.118 - - [17/Jan/2021:13:19:19 -0800] "GET /self.logs/access.log.2020-11-03.gz HTTP/1.1" 200 13577 "-" "Mozilla/5.0 (compatible; AhrefsBot/7.0; +http://ahrefs.com/robot/)" 
114.119.140.84 - - [17/Jan/2021:13:19:27 -0800] "GET /self.logs/error.log.2020-06-15 HTTP/1.1" 200 351 "-" "Mozilla/5.0 (Linux; Android 7.0;) AppleWebKit/537.36 (KHTML, like Gecko) Mobile Safari/537.36 (compatible; PetalBot;+https://aspiegel.com/petalbot)" 
54.36.149.62 - - [17/Jan/2021:13:20:08 -0800] "GET /self.logs/2016/access.log.2016-03-24.gz HTTP/1.1" 200 11228 "-" "Mozilla/5.0 (compatible; AhrefsBot/7.0; +http://ahrefs.com/robot/)" 
54.36.148.18 - - [17/Jan/2021:13:20:52 -0800] "GET /self.logs/access.log.2020-11-04.gz HTTP/1.1" 200 12905 "-" "Mozilla/5.0 (compatible; AhrefsBot/7.0; +http://ahrefs.com/robot/)" 
54.36.148.141 - - [17/Jan/2021:13:21:37 -0800] "GET /self.logs/access.log.2020-11-05.gz HTTP/1.1" 200 16134 "-" "Mozilla/5.0 (compatible; AhrefsBot/7.0; +http://ahrefs.com/robot/)" 
54.36.148.198 - - [17/Jan/2021:13:22:26 -0800] "GET /self.logs/access.log.2020-11-06.gz HTTP/1.1" 200 10397 "-" "Mozilla/5.0 (compatible; AhrefsBot/7.0; +http://ahrefs.com/robot/)" 
54.36.149.62 - - [17/Jan/2021:13:23:14 -0800] "GET /self.logs/2016/error.log.2016-06-16.gz HTTP/1.1" 200 1124 "-" "Mozilla/5.0 (compatible; AhrefsBot/7.0; +http://ahrefs.com/robot/)" 
54.36.148.18 - - [17/Jan/2021:13:24:04 -0800] "GET /Datasets%20Description/Network/notice.html HTTP/1.1" 200 1606 "-" "Mozilla/5.0 (compatible; AhrefsBot/7.0; +http://ahrefs.com/robot/)" 
114.119.141.53 - - [17/Jan/2021:13:24:27 -0800] "GET /self.logs/2015/error.log.2015-11-15.gz HTTP/1.1" 200 683 "-" "Mozilla/5.0 (Linux; Android 7.0;) AppleWebKit/537.36 (KHTML, like Gecko) Mobile Safari/537.36 (compatible; PetalBot;+https://aspiegel.com/petalbot)" 
54.36.149.62 - - [17/Jan/2021:13:24:57 -0800] "GET /self.logs/access.log.2020-11-07.gz HTTP/1.1" 200 11692 "-" "Mozilla/5.0 (compatible; AhrefsBot/7.0; +http://ahrefs.com/robot/)" 
54.36.148.18 - - [17/Jan/2021:13:25:44 -0800] "GET /self.logs/2016/?C=M;O=D HTTP/1.1" 200 8251 "-" "Mozilla/5.0 (compatible; AhrefsBot/7.0; +http://ahrefs.com/robot/)" 
54.36.148.18 - - [17/Jan/2021:13:26:34 -0800] "GET /self.logs/access.log.2020-11-08.gz HTTP/1.1" 200 19144 "-" "Mozilla/5.0 (compatible; AhrefsBot/7.0; +http://ahrefs.com/robot/)" 
93.210.124.129 - - [17/Jan/2021:13:26:40 -0800] "GET /self.logs/ HTTP/1.1" 200 27072 "-" "Mozilla/5.0 (Macintosh; Intel Mac OS X 10_11_6) AppleWebKit/537.36 (KHTML, like Gecko) Chrome/53.0.2785.143 Safari/537.36" 
54.36.148.150 - - [17/Jan/2021:13:27:27 -0800] "GET /self.logs/access.log.2020-11-09.gz HTTP/1.1" 200 20866 "-" "Mozilla/5.0 (compatible; AhrefsBot/7.0; +http://ahrefs.com/robot/)" 
93.210.124.129 - - [17/Jan/2021:13:28:18 -0800] "GET / HTTP/1.1" 200 12847 "-" "Mozilla/5.0 (Macintosh; Intel Mac OS X 10_11_6) AppleWebKit/537.36 (KHTML, like Gecko) Chrome/53.0.2785.143 Safari/537.36" 
54.36.148.18 - - [17/Jan/2021:13:28:19 -0800] "GET /self.logs/access.log.2020-11-10.gz HTTP/1.1" 200 17593 "-" "Mozilla/5.0 (compatible; AhrefsBot/7.0; +http://ahrefs.com/robot/)" 
54.36.148.18 - - [17/Jan/2021:13:29:04 -0800] "GET /self.logs/error.log.2020-11-04 HTTP/1.1" 200 307 "-" "Mozilla/5.0 (compatible; AhrefsBot/7.0; +http://ahrefs.com/robot/)" 
114.119.129.244 - - [17/Jan/2021:13:29:27 -0800] "GET /self.logs/2015/error.log.2015-08-14.gz HTTP/1.1" 200 3274 "-" "Mozilla/5.0 (Linux; Android 7.0;) AppleWebKit/537.36 (KHTML, like Gecko) Mobile Safari/537.36 (compatible; PetalBot;+https://aspiegel.com/petalbot)" 
93.210.124.129 - - [17/Jan/2021:13:29:36 -0800] "GET /self.logs/ HTTP/1.1" 200 27072 "-" "Mozilla/5.0 (Macintosh; Intel Mac OS X 10_11_6) AppleWebKit/537.36 (KHTML, like Gecko) Chrome/53.0.2785.143 Safari/537.36" 
54.36.149.62 - - [17/Jan/2021:13:29:49 -0800] "GET /self.logs/error.log.2020-11-05.gz HTTP/1.1" 200 729 "-" "Mozilla/5.0 (compatible; AhrefsBot/7.0; +http://ahrefs.com/robot/)" 
54.36.148.84 - - [17/Jan/2021:13:30:41 -0800] "GET /self.logs/error.log.2020-11-06 HTTP/1.1" 200 307 "-" "Mozilla/5.0 (compatible; AhrefsBot/7.0; +http://ahrefs.com/robot/)" 
93.210.124.129 - - [17/Jan/2021:13:31:14 -0800] "GET / HTTP/1.1" 200 12847 "-" "Mozilla/5.0 (Macintosh; Intel Mac OS X 10_11_6) AppleWebKit/537.36 (KHTML, like Gecko) Chrome/53.0.2785.143 Safari/537.36" 
54.36.149.62 - - [17/Jan/2021:13:31:21 -0800] "GET /self.logs/error.log.2020-11-07 HTTP/1.1" 200 307 "-" "Mozilla/5.0 (compatible; AhrefsBot/7.0; +http://ahrefs.com/robot/)" 
54.36.149.62 - - [17/Jan/2021:13:32:06 -0800] "GET /self.logs/error.log.2020-11-08 HTTP/1.1" 200 307 "-" "Mozilla/5.0 (compatible; AhrefsBot/7.0; +http://ahrefs.com/robot/)" 
54.36.149.62 - - [17/Jan/2021:13:32:48 -0800] "GET /self.logs/error.log.2020-11-09 HTTP/1.1" 200 307 "-" "Mozilla/5.0 (compatible; AhrefsBot/7.0; +http://ahrefs.com/robot/)" 
54.36.149.27 - - [17/Jan/2021:13:33:32 -0800] "GET /self.logs/error.log.2020-11-10 HTTP/1.1" 200 307 "-" "Mozilla/5.0 (compatible; AhrefsBot/7.0; +http://ahrefs.com/robot/)" 
54.36.149.62 - - [17/Jan/2021:13:34:18 -0800] "GET /self.logs/error.log.2020-11-11 HTTP/1.1" 200 307 "-" "Mozilla/5.0 (compatible; AhrefsBot/7.0; +http://ahrefs.com/robot/)" 
