216.244.66.245 - - [28/Sep/2022:22:51:51 -0700] "GET /self.logs/2015/error.log.2015-09-04.gz HTTP/1.1" 200 2051 "-" "Mozilla/5.0 (compatible; DotBot/1.2; +https://opensiteexplorer.org/dotbot; help@moz.com)" 
216.244.66.245 - - [28/Sep/2022:22:51:52 -0700] "GET /self.logs/2015/error.log.2015-10-27.gz HTTP/1.1" 200 752 "-" "Mozilla/5.0 (compatible; DotBot/1.2; +https://opensiteexplorer.org/dotbot; help@moz.com)" 
216.244.66.245 - - [28/Sep/2022:22:51:52 -0700] "GET /self.logs/2015/error.log.2015-11-20.gz HTTP/1.1" 200 1045 "-" "Mozilla/5.0 (compatible; DotBot/1.2; +https://opensiteexplorer.org/dotbot; help@moz.com)" 
216.244.66.245 - - [28/Sep/2022:22:51:53 -0700] "GET /self.logs/2015/error.log.2015-11-22.gz HTTP/1.1" 200 1019 "-" "Mozilla/5.0 (compatible; DotBot/1.2; +https://opensiteexplorer.org/dotbot; help@moz.com)" 
216.244.66.245 - - [28/Sep/2022:22:51:54 -0700] "GET /self.logs/2016/access.log.2016-01-29.gz HTTP/1.1" 200 12884 "-" "Mozilla/5.0 (compatible; DotBot/1.2; +https://opensiteexplorer.org/dotbot; help@moz.com)" 
216.244.66.245 - - [28/Sep/2022:22:51:55 -0700] "GET /self.logs/2016/access.log.2016-02-16.gz HTTP/1.1" 200 7184 "-" "Mozilla/5.0 (compatible; DotBot/1.2; +https://opensiteexplorer.org/dotbot; help@moz.com)" 
216.244.66.245 - - [28/Sep/2022:22:51:55 -0700] "GET /self.logs/2016/access.log.2016-05-19.gz HTTP/1.1" 200 10202 "-" "Mozilla/5.0 (compatible; DotBot/1.2; +https://opensiteexplorer.org/dotbot; help@moz.com)" 
216.244.66.245 - - [28/Sep/2022:22:51:56 -0700] "GET /self.logs/2016/error.log.2016-07-01.gz HTTP/1.1" 200 988 "-" "Mozilla/5.0 (compatible; DotBot/1.2; +https://opensiteexplorer.org/dotbot; help@moz.com)" 
216.244.66.245 - - [28/Sep/2022:22:51:57 -0700] "GET /self.logs/2016/error.log.2016-11-17.gz HTTP/1.1" 200 791 "-" "Mozilla/5.0 (compatible; DotBot/1.2; +https://opensiteexplorer.org/dotbot; help@moz.com)" 
216.244.66.245 - - [28/Sep/2022:22:51:57 -0700] "GET /self.logs/access.log.2017-04-27.gz HTTP/1.1" 200 13921 "-" "Mozilla/5.0 (compatible; DotBot/1.2; +https://opensiteexplorer.org/dotbot; help@moz.com)" 
216.244.66.245 - - [28/Sep/2022:22:51:58 -0700] "GET /self.logs/access.log.2017-07-22.gz HTTP/1.1" 200 16418 "-" "Mozilla/5.0 (compatible; DotBot/1.2; +https://opensiteexplorer.org/dotbot; help@moz.com)" 
216.244.66.245 - - [28/Sep/2022:22:51:59 -0700] "GET /self.logs/access.log.2018-10-21.gz HTTP/1.1" 200 27614 "-" "Mozilla/5.0 (compatible; DotBot/1.2; +https://opensiteexplorer.org/dotbot; help@moz.com)" 
216.244.66.245 - - [28/Sep/2022:22:51:59 -0700] "GET /self.logs/access.log.2019-04-30.gz HTTP/1.1" 200 24867 "-" "Mozilla/5.0 (compatible; DotBot/1.2; +https://opensiteexplorer.org/dotbot; help@moz.com)" 
216.244.66.245 - - [28/Sep/2022:22:52:00 -0700] "GET /self.logs/access.log.2019-08-12.gz HTTP/1.1" 200 27437 "-" "Mozilla/5.0 (compatible; DotBot/1.2; +https://opensiteexplorer.org/dotbot; help@moz.com)" 
216.244.66.245 - - [28/Sep/2022:22:52:01 -0700] "GET /self.logs/access.log.2020-02-28.gz HTTP/1.1" 200 16172 "-" "Mozilla/5.0 (compatible; DotBot/1.2; +https://opensiteexplorer.org/dotbot; help@moz.com)" 
216.244.66.245 - - [28/Sep/2022:22:52:02 -0700] "GET /self.logs/access.log.2020-04-01.gz HTTP/1.1" 200 13716 "-" "Mozilla/5.0 (compatible; DotBot/1.2; +https://opensiteexplorer.org/dotbot; help@moz.com)" 
216.244.66.245 - - [28/Sep/2022:22:52:03 -0700] "GET /self.logs/access.log.2020-12-17.gz HTTP/1.1" 200 16760 "-" "Mozilla/5.0 (compatible; DotBot/1.2; +https://opensiteexplorer.org/dotbot; help@moz.com)" 
216.244.66.245 - - [28/Sep/2022:22:52:03 -0700] "GET /self.logs/access.log.2021-01-13.gz HTTP/1.1" 200 25632 "-" "Mozilla/5.0 (compatible; DotBot/1.2; +https://opensiteexplorer.org/dotbot; help@moz.com)" 
216.244.66.245 - - [28/Sep/2022:22:52:05 -0700] "GET /self.logs/access.log.2021-02-11.gz HTTP/1.1" 200 20951 "-" "Mozilla/5.0 (compatible; DotBot/1.2; +https://opensiteexplorer.org/dotbot; help@moz.com)" 
216.244.66.245 - - [28/Sep/2022:22:52:05 -0700] "GET /self.logs/access.log.2021-07-19.gz HTTP/1.1" 200 15499 "-" "Mozilla/5.0 (compatible; DotBot/1.2; +https://opensiteexplorer.org/dotbot; help@moz.com)" 
216.244.66.245 - - [28/Sep/2022:22:52:06 -0700] "GET /Datasets%20Description/HTML_Bro_log_2/packet_filter.html HTTP/1.1" 200 4151 "-" "Mozilla/5.0 (compatible; DotBot/1.2; +https://opensiteexplorer.org/dotbot; help@moz.com)" 
216.244.66.245 - - [28/Sep/2022:22:52:07 -0700] "GET /self.logs/access.log.2019-12-07.gz HTTP/1.1" 200 13171 "-" "Mozilla/5.0 (compatible; DotBot/1.2; +https://opensiteexplorer.org/dotbot; help@moz.com)" 
216.244.66.245 - - [28/Sep/2022:22:52:08 -0700] "GET /self.logs/access.log.2019-12-27.gz HTTP/1.1" 200 13366 "-" "Mozilla/5.0 (compatible; DotBot/1.2; +https://opensiteexplorer.org/dotbot; help@moz.com)" 
216.244.66.245 - - [28/Sep/2022:22:52:09 -0700] "GET /self.logs/error.log.2017-04-02.gz HTTP/1.1" 200 2258 "-" "Mozilla/5.0 (compatible; DotBot/1.2; +https://opensiteexplorer.org/dotbot; help@moz.com)" 
216.244.66.245 - - [28/Sep/2022:22:52:11 -0700] "GET /self.logs/error.log.2017-04-14.gz HTTP/1.1" 200 1256 "-" "Mozilla/5.0 (compatible; DotBot/1.2; +https://opensiteexplorer.org/dotbot; help@moz.com)" 
216.244.66.245 - - [28/Sep/2022:22:52:12 -0700] "GET /self.logs/error.log.2017-10-04.gz HTTP/1.1" 200 5582 "-" "Mozilla/5.0 (compatible; DotBot/1.2; +https://opensiteexplorer.org/dotbot; help@moz.com)" 
216.244.66.245 - - [28/Sep/2022:22:52:13 -0700] "GET /self.logs/error.log.2017-11-25.gz HTTP/1.1" 200 1847 "-" "Mozilla/5.0 (compatible; DotBot/1.2; +https://opensiteexplorer.org/dotbot; help@moz.com)" 
216.244.66.245 - - [28/Sep/2022:22:52:14 -0700] "GET /self.logs/error.log.2018-10-25.gz HTTP/1.1" 200 4654 "-" "Mozilla/5.0 (compatible; DotBot/1.2; +https://opensiteexplorer.org/dotbot; help@moz.com)" 
216.244.66.245 - - [28/Sep/2022:22:52:14 -0700] "GET /self.logs/error.log.2018-10-26.gz HTTP/1.1" 200 5090 "-" "Mozilla/5.0 (compatible; DotBot/1.2; +https://opensiteexplorer.org/dotbot; help@moz.com)" 
216.244.66.245 - - [28/Sep/2022:22:52:15 -0700] "GET /self.logs/error.log.2019-01-09.gz HTTP/1.1" 200 5214 "-" "Mozilla/5.0 (compatible; DotBot/1.2; +https://opensiteexplorer.org/dotbot; help@moz.com)" 
216.244.66.245 - - [28/Sep/2022:22:52:16 -0700] "GET /self.logs/error.log.2019-01-27.gz HTTP/1.1" 200 5195 "-" "Mozilla/5.0 (compatible; DotBot/1.2; +https://opensiteexplorer.org/dotbot; help@moz.com)" 
216.244.66.245 - - [28/Sep/2022:22:52:17 -0700] "GET /self.logs/error.log.2019-09-09.gz HTTP/1.1" 200 1946 "-" "Mozilla/5.0 (compatible; DotBot/1.2; +https://opensiteexplorer.org/dotbot; help@moz.com)" 
216.244.66.245 - - [28/Sep/2022:22:52:18 -0700] "GET /self.logs/error.log.2019-10-05.gz HTTP/1.1" 200 1485 "-" "Mozilla/5.0 (compatible; DotBot/1.2; +https://opensiteexplorer.org/dotbot; help@moz.com)" 
216.244.66.245 - - [28/Sep/2022:22:52:18 -0700] "GET /self.logs/error.log.2019-10-23.gz HTTP/1.1" 200 1608 "-" "Mozilla/5.0 (compatible; DotBot/1.2; +https://opensiteexplorer.org/dotbot; help@moz.com)" 
216.244.66.245 - - [28/Sep/2022:22:52:22 -0700] "GET /self.logs/error.log.2020-01-27 HTTP/1.1" 200 307 "-" "Mozilla/5.0 (compatible; DotBot/1.2; +https://opensiteexplorer.org/dotbot; help@moz.com)" 
216.244.66.245 - - [28/Sep/2022:22:52:24 -0700] "GET /self.logs/error.log.2020-03-01 HTTP/1.1" 200 307 "-" "Mozilla/5.0 (compatible; DotBot/1.2; +https://opensiteexplorer.org/dotbot; help@moz.com)" 
216.244.66.245 - - [28/Sep/2022:22:52:26 -0700] "GET /self.logs/error.log.2020-08-12 HTTP/1.1" 200 307 "-" "Mozilla/5.0 (compatible; DotBot/1.2; +https://opensiteexplorer.org/dotbot; help@moz.com)" 
216.244.66.245 - - [28/Sep/2022:22:52:27 -0700] "GET /self.logs/error.log.2021-08-08.gz HTTP/1.1" 200 1200 "-" "Mozilla/5.0 (compatible; DotBot/1.2; +https://opensiteexplorer.org/dotbot; help@moz.com)" 
216.244.66.245 - - [28/Sep/2022:22:52:28 -0700] "GET /self.logs/error.log.2021-08-11.gz HTTP/1.1" 200 1389 "-" "Mozilla/5.0 (compatible; DotBot/1.2; +https://opensiteexplorer.org/dotbot; help@moz.com)" 
216.244.66.245 - - [28/Sep/2022:22:52:29 -0700] "GET /self.logs/error.log.2021-09-08 HTTP/1.1" 200 307 "-" "Mozilla/5.0 (compatible; DotBot/1.2; +https://opensiteexplorer.org/dotbot; help@moz.com)" 
216.244.66.245 - - [28/Sep/2022:22:52:30 -0700] "GET /self.logs/error.log.2022-03-14.gz HTTP/1.1" 200 5073 "-" "Mozilla/5.0 (compatible; DotBot/1.2; +https://opensiteexplorer.org/dotbot; help@moz.com)" 
216.244.66.245 - - [28/Sep/2022:22:52:32 -0700] "GET /Datasets%20Description/HTML_Bro_log_3 HTTP/1.1" 301 563 "-" "Mozilla/5.0 (compatible; DotBot/1.2; +https://opensiteexplorer.org/dotbot; help@moz.com)" 
34.206.152.150 - - [28/Sep/2022:22:52:54 -0700] "HEAD / HTTP/1.1" 301 186 "-" "DreamHost SiteMonitor 1.0" 
34.206.152.150 - - [28/Sep/2022:22:52:54 -0700] "HEAD / HTTP/1.1" 200 359 "http://66.33.221.139" "DreamHost SiteMonitor 1.0" 
114.119.149.228 - - [28/Sep/2022:22:54:19 -0700] "GET /self.logs/error.log.2021-01-18 HTTP/1.1" 200 351 "http://www.secrepo.com/self.logs?C=N%3BO%3DD" "Mozilla/5.0 (Linux; Android 7.0;) AppleWebKit/537.36 (KHTML, like Gecko) Mobile Safari/537.36 (compatible; PetalBot;+https://webmaster.petalsearch.com/site/petalbot)" 
114.119.149.222 - - [28/Sep/2022:23:00:32 -0700] "GET /self.logs HTTP/1.1" 301 563 "https://www.secrepo.com/self.logs/2016?C=M%3BO%3DA" "Mozilla/5.0 (Linux; Android 7.0;) AppleWebKit/537.36 (KHTML, like Gecko) Mobile Safari/537.36 (compatible; PetalBot;+https://webmaster.petalsearch.com/site/petalbot)" 
114.119.149.222 - - [28/Sep/2022:23:00:34 -0700] "GET /self.logs/ HTTP/1.1" 200 38664 "https://www.secrepo.com/self.logs/2016?C=M%3BO%3DA" "Mozilla/5.0 (Linux; Android 7.0;) AppleWebKit/537.36 (KHTML, like Gecko) Mobile Safari/537.36 (compatible; PetalBot;+https://webmaster.petalsearch.com/site/petalbot)" 
34.206.152.150 - - [28/Sep/2022:23:02:54 -0700] "HEAD / HTTP/1.1" 301 186 "-" "DreamHost SiteMonitor 1.0" 
34.206.152.150 - - [28/Sep/2022:23:02:54 -0700] "HEAD / HTTP/1.1" 200 359 "http://66.33.221.139" "DreamHost SiteMonitor 1.0" 
157.55.39.38 - - [28/Sep/2022:23:05:28 -0700] "GET /self.logs/access.log.2017-11-23.gz HTTP/1.1" 200 22457 "-" "Mozilla/5.0 (compatible; bingbot/2.0; +http://www.bing.com/bingbot.htm)" 
180.162.79.9 - - [28/Sep/2022:23:06:56 -0700] "GET / HTTP/1.1" 200 13186 "-" "Mozilla/5.0 (Windows NT 10.0; WOW64) AppleWebKit/537.36 (KHTML, like Gecko) Chrome/86.0.4240.198 Safari/537.36" 
180.162.79.9 - - [28/Sep/2022:23:06:57 -0700] "GET /css/style.css HTTP/1.1" 404 305 "http://www.secrepo.com/" "Mozilla/5.0 (Windows NT 10.0; WOW64) AppleWebKit/537.36 (KHTML, like Gecko) Chrome/86.0.4240.198 Safari/537.36" 
180.162.79.9 - - [28/Sep/2022:23:07:19 -0700] "GET /bootstrap/img/favicon.ico HTTP/1.1" 200 713 "http://www.secrepo.com/" "Mozilla/5.0 (Windows NT 10.0; WOW64) AppleWebKit/537.36 (KHTML, like Gecko) Chrome/86.0.4240.198 Safari/537.36" 
123.125.109.94 - - [28/Sep/2022:23:07:43 -0700] "GET / HTTP/1.1" 301 438 "-" "Sogou web spider/4.0(+http://www.sogou.com/docs/help/webmasters.htm#07)" 
36.5.78.59 - - [28/Sep/2022:23:08:43 -0700] "GET /favicon.ico HTTP/1.1" 200 391 "-" "Mozilla/5.0 (Windows NT 10.0; WOW64) AppleWebKit/537.36 (KHTML, like Gecko) Chrome/86.0.4240.198 Safari/537.36" 
47.100.139.234 - - [28/Sep/2022:23:08:51 -0700] "GET / HTTP/1.1" 200 49089 "-" "Mozilla/5.0 (iPhone; CPU iPhone OS 9_1 like Mac OS X) AppleWebKit/601.1.46 (KHTML, like Gecko) Version/9.0 Mobile/13B143 Safari/601.1" 
47.100.139.234 - - [28/Sep/2022:23:08:53 -0700] "GET / HTTP/1.1" 200 49096 "-" "axios/0.27.2" 
123.125.109.144 - - [28/Sep/2022:23:09:44 -0700] "GET / HTTP/1.1" 200 13149 "-" "Sogou web spider/4.0(+http://www.sogou.com/docs/help/webmasters.htm#07)" 
180.162.79.9 - - [28/Sep/2022:23:12:44 -0700] "GET /css/style.css HTTP/1.1" 404 328 "http://www.secrepo.com/" "Mozilla/5.0 (Windows NT 10.0; WOW64) AppleWebKit/537.36 (KHTML, like Gecko) Chrome/86.0.4240.198 Safari/537.36" 
34.206.152.150 - - [28/Sep/2022:23:12:54 -0700] "HEAD / HTTP/1.1" 301 186 "-" "DreamHost SiteMonitor 1.0" 
34.206.152.150 - - [28/Sep/2022:23:12:54 -0700] "HEAD / HTTP/1.1" 200 359 "http://66.33.221.139" "DreamHost SiteMonitor 1.0" 
114.119.140.174 - - [28/Sep/2022:23:13:01 -0700] "GET /self.logs/error.log.2020-09-16 HTTP/1.1" 200 768 "http://www.secrepo.com/self.logs?C=N%3BO%3DD" "Mozilla/5.0 (Linux; Android 7.0;) AppleWebKit/537.36 (KHTML, like Gecko) Mobile Safari/537.36 (compatible; PetalBot;+https://webmaster.petalsearch.com/site/petalbot)" 
180.162.79.9 - - [28/Sep/2022:23:13:11 -0700] "GET /squid/access.log.gz HTTP/1.1" 200 281400 "http://www.secrepo.com/" "Mozilla/5.0 (Windows NT 10.0; WOW64) AppleWebKit/537.36 (KHTML, like Gecko) Chrome/86.0.4240.198 Safari/537.36" 
27.115.124.38 - - [28/Sep/2022:23:13:45 -0700] "GET /squid/access.log.gz HTTP/1.1" 200 110960 "http://baidu.com/" "Mozilla/5.0 (Linux; U; Android 8.0.0; zh-cn; Mi Note 2 Build/OPR1.170623.032) AppleWebKit/537.36 (KHTML, like Gecko) Version/4.0 Chrome/61.0.3163.128 Mobile Safari/537.36 XiaoMi/MiuiBrowser/10.1.1" 
27.115.124.6 - - [28/Sep/2022:23:13:54 -0700] "GET /squid/access.log.gz HTTP/1.1" 200 835120 "http://baidu.com/" "Mozilla/5.0 (Linux; U; Android 8.0.0; zh-cn; Mi Note 2 Build/OPR1.170623.032) AppleWebKit/537.36 (KHTML, like Gecko) Version/4.0 Chrome/61.0.3163.128 Mobile Safari/537.36 XiaoMi/MiuiBrowser/10.1.1" 
42.236.10.117 - - [28/Sep/2022:23:17:03 -0700] "GET /squid/access.log.gz HTTP/1.1" 200 884760 "http://baidu.com/" "Mozilla/5.0 (Windows NT 10.0; Win64; x64) AppleWebKit/537.36 (KHTML, like Gecko) Chrome/77.0.3865.120 Safari/537.36" 
42.236.10.75 - - [28/Sep/2022:23:17:15 -0700] "GET /squid/access.log.gz HTTP/1.1" 200 630720 "http://baidu.com/" "Mozilla/5.0 (Windows NT 10.0; Win64; x64) AppleWebKit/537.36 (KHTML, like Gecko) Chrome/77.0.3865.120 Safari/537.36" 
180.162.79.9 - - [28/Sep/2022:23:13:08 -0700] "GET /honeypot/honeypot.json.zip HTTP/1.1" 200 5026000 "http://www.secrepo.com/" "Mozilla/5.0 (Windows NT 10.0; WOW64) AppleWebKit/537.36 (KHTML, like Gecko) Chrome/86.0.4240.198 Safari/537.36" 
27.115.124.38 - - [28/Sep/2022:23:13:52 -0700] "GET /squid/access.log.gz HTTP/1.1" 200 861400 "-" "Mozilla/5.0 (Linux; U; Android 8.0.0; zh-cn; Mi Note 2 Build/OPR1.170623.032) AppleWebKit/537.36 (KHTML, like Gecko) Version/4.0 Chrome/61.0.3163.128 Mobile Safari/537.36 XiaoMi/MiuiBrowser/10.1.1" 
114.119.149.222 - - [28/Sep/2022:23:19:22 -0700] "GET /self.logs/error.log.2020-03-11 HTTP/1.1" 200 1353 "http://www.secrepo.com/self.logs?C=N%3BO%3DD" "Mozilla/5.0 (Linux; Android 7.0;) AppleWebKit/537.36 (KHTML, like Gecko) Mobile Safari/537.36 (compatible; PetalBot;+https://webmaster.petalsearch.com/site/petalbot)" 
34.206.152.150 - - [28/Sep/2022:23:22:54 -0700] "HEAD / HTTP/1.1" 301 186 "-" "DreamHost SiteMonitor 1.0" 
34.206.152.150 - - [28/Sep/2022:23:22:54 -0700] "HEAD / HTTP/1.1" 200 359 "http://66.33.221.139" "DreamHost SiteMonitor 1.0" 
20.239.240.200 - - [28/Sep/2022:23:30:20 -0700] "GET /public/static/lib/webuploader/0.1.5/server/preview.php HTTP/1.1" 404 328 "-" "Mozilla/5.0 (Windows NT 10.0; WOW64; rv:48.0) Gecko/20100101 Firefox/48.0" 
157.55.39.38 - - [28/Sep/2022:23:32:00 -0700] "GET /self.logs/ HTTP/1.1" 200 38687 "-" "Mozilla/5.0 (compatible; bingbot/2.0; +http://www.bing.com/bingbot.htm)" 
114.119.140.174 - - [28/Sep/2022:23:32:05 -0700] "GET /self.logs/error.log.2020-08-24 HTTP/1.1" 200 351 "http://www.secrepo.com/self.logs?C=N%3BO%3DD" "Mozilla/5.0 (Linux; Android 7.0;) AppleWebKit/537.36 (KHTML, like Gecko) Mobile Safari/537.36 (compatible; PetalBot;+https://webmaster.petalsearch.com/site/petalbot)" 
34.206.152.150 - - [28/Sep/2022:23:32:54 -0700] "HEAD / HTTP/1.1" 301 186 "-" "DreamHost SiteMonitor 1.0" 
34.206.152.150 - - [28/Sep/2022:23:32:54 -0700] "HEAD / HTTP/1.1" 200 359 "http://66.33.221.139" "DreamHost SiteMonitor 1.0" 
216.244.66.245 - - [28/Sep/2022:23:39:55 -0700] "GET /robots.txt HTTP/1.1" 200 333 "-" "Mozilla/5.0 (compatible; DotBot/1.2; +https://opensiteexplorer.org/dotbot; help@moz.com)" 
34.206.152.150 - - [28/Sep/2022:23:42:54 -0700] "HEAD / HTTP/1.1" 301 186 "-" "DreamHost SiteMonitor 1.0" 
34.206.152.150 - - [28/Sep/2022:23:42:54 -0700] "HEAD / HTTP/1.1" 200 359 "http://66.33.221.139" "DreamHost SiteMonitor 1.0" 
216.244.66.245 - - [28/Sep/2022:23:43:21 -0700] "GET /self.logs/access.log.2022-07-13.gz HTTP/1.1" 200 15715 "-" "Mozilla/5.0 (compatible; DotBot/1.2; +https://opensiteexplorer.org/dotbot; help@moz.com)" 
216.244.66.245 - - [28/Sep/2022:23:43:30 -0700] "GET /self.logs/access.log.2022-09-15.gz HTTP/1.1" 200 12410 "-" "Mozilla/5.0 (compatible; DotBot/1.2; +https://opensiteexplorer.org/dotbot; help@moz.com)" 
216.244.66.245 - - [28/Sep/2022:23:43:34 -0700] "GET /domaindata/domainmovement.zip HTTP/1.1" 200 2172480 "-" "Mozilla/5.0 (compatible; DotBot/1.2; +https://opensiteexplorer.org/dotbot; help@moz.com)" 
216.244.66.245 - - [28/Sep/2022:23:43:54 -0700] "GET /maccdc2012/maccdc2012_fast_alert.7z HTTP/1.1" 200 2185620 "-" "Mozilla/5.0 (compatible; DotBot/1.2; +https://opensiteexplorer.org/dotbot; help@moz.com)" 
216.244.66.245 - - [28/Sep/2022:23:44:18 -0700] "GET /self.logs/access.log.2022-06-20.gz HTTP/1.1" 200 12174 "-" "Mozilla/5.0 (compatible; DotBot/1.2; +https://opensiteexplorer.org/dotbot; help@moz.com)" 
216.244.66.245 - - [28/Sep/2022:23:44:31 -0700] "GET /self.logs/error.log.2017-01-09.gz HTTP/1.1" 200 917 "-" "Mozilla/5.0 (compatible; DotBot/1.2; +https://opensiteexplorer.org/dotbot; help@moz.com)" 
216.244.66.245 - - [28/Sep/2022:23:44:44 -0700] "GET /self.logs/2015/access.log.2015-02-14.gz HTTP/1.1" 200 25911 "-" "Mozilla/5.0 (compatible; DotBot/1.2; +https://opensiteexplorer.org/dotbot; help@moz.com)" 
114.119.149.237 - - [28/Sep/2022:23:44:44 -0700] "GET /self.logs/error.log.2020-05-22 HTTP/1.1" 200 351 "http://www.secrepo.com/self.logs?C=N%3BO%3DD" "Mozilla/5.0 (Linux; Android 7.0;) AppleWebKit/537.36 (KHTML, like Gecko) Mobile Safari/537.36 (compatible; PetalBot;+https://webmaster.petalsearch.com/site/petalbot)" 
216.244.66.245 - - [28/Sep/2022:23:44:55 -0700] "GET /self.logs/2015/access.log.2015-05-03.gz HTTP/1.1" 200 3162 "-" "Mozilla/5.0 (compatible; DotBot/1.2; +https://opensiteexplorer.org/dotbot; help@moz.com)" 
216.244.66.245 - - [28/Sep/2022:23:45:05 -0700] "GET /self.logs/2015/access.log.2015-06-26.gz HTTP/1.1" 200 4084 "-" "Mozilla/5.0 (compatible; DotBot/1.2; +https://opensiteexplorer.org/dotbot; help@moz.com)" 
216.244.66.245 - - [28/Sep/2022:23:45:15 -0700] "GET /self.logs/2015/access.log.2015-08-24.gz HTTP/1.1" 200 22792 "-" "Mozilla/5.0 (compatible; DotBot/1.2; +https://opensiteexplorer.org/dotbot; help@moz.com)" 
216.244.66.245 - - [28/Sep/2022:23:45:23 -0700] "GET /self.logs/2015/access.log.2015-10-01.gz HTTP/1.1" 200 4515 "-" "Mozilla/5.0 (compatible; DotBot/1.2; +https://opensiteexplorer.org/dotbot; help@moz.com)" 
216.244.66.245 - - [28/Sep/2022:23:45:30 -0700] "GET /self.logs/2015/access.log.2015-11-06.gz HTTP/1.1" 200 8655 "-" "Mozilla/5.0 (compatible; DotBot/1.2; +https://opensiteexplorer.org/dotbot; help@moz.com)" 
216.244.66.245 - - [28/Sep/2022:23:45:37 -0700] "GET /self.logs/2015/error.log.2015-01-26.gz HTTP/1.1" 200 668 "-" "Mozilla/5.0 (compatible; DotBot/1.2; +https://opensiteexplorer.org/dotbot; help@moz.com)" 
216.244.66.245 - - [28/Sep/2022:23:45:42 -0700] "GET /self.logs/2015/error.log.2015-03-23.gz HTTP/1.1" 200 1462 "-" "Mozilla/5.0 (compatible; DotBot/1.2; +https://opensiteexplorer.org/dotbot; help@moz.com)" 
216.244.66.245 - - [28/Sep/2022:23:45:46 -0700] "GET /self.logs/2015/error.log.2015-04-04.gz HTTP/1.1" 200 2280 "-" "Mozilla/5.0 (compatible; DotBot/1.2; +https://opensiteexplorer.org/dotbot; help@moz.com)" 
216.244.66.245 - - [28/Sep/2022:23:45:50 -0700] "GET /self.logs/2015/error.log.2015-07-26.gz HTTP/1.1" 200 746 "-" "Mozilla/5.0 (compatible; DotBot/1.2; +https://opensiteexplorer.org/dotbot; help@moz.com)" 
216.244.66.245 - - [28/Sep/2022:23:45:55 -0700] "GET /self.logs/2015/error.log.2015-07-27.gz HTTP/1.1" 200 813 "-" "Mozilla/5.0 (compatible; DotBot/1.2; +https://opensiteexplorer.org/dotbot; help@moz.com)" 
216.244.66.245 - - [28/Sep/2022:23:45:57 -0700] "GET /self.logs/2015/error.log.2015-11-04.gz HTTP/1.1" 200 1102 "-" "Mozilla/5.0 (compatible; DotBot/1.2; +https://opensiteexplorer.org/dotbot; help@moz.com)" 
216.244.66.245 - - [28/Sep/2022:23:46:00 -0700] "GET /self.logs/2016/access.log.2016-06-19.gz HTTP/1.1" 200 5863 "-" "Mozilla/5.0 (compatible; DotBot/1.2; +https://opensiteexplorer.org/dotbot; help@moz.com)" 
216.244.66.245 - - [28/Sep/2022:23:46:02 -0700] "GET /self.logs/2016/error.log.2016-02-20.gz HTTP/1.1" 200 584 "-" "Mozilla/5.0 (compatible; DotBot/1.2; +https://opensiteexplorer.org/dotbot; help@moz.com)" 
216.244.66.245 - - [28/Sep/2022:23:46:03 -0700] "GET /self.logs/2016/error.log.2016-03-20.gz HTTP/1.1" 200 910 "-" "Mozilla/5.0 (compatible; DotBot/1.2; +https://opensiteexplorer.org/dotbot; help@moz.com)" 
216.244.66.245 - - [28/Sep/2022:23:46:05 -0700] "GET /self.logs/2016/error.log.2016-06-23.gz HTTP/1.1" 200 845 "-" "Mozilla/5.0 (compatible; DotBot/1.2; +https://opensiteexplorer.org/dotbot; help@moz.com)" 
216.244.66.245 - - [28/Sep/2022:23:46:06 -0700] "GET /self.logs/2016/error.log.2016-07-18.gz HTTP/1.1" 200 824 "-" "Mozilla/5.0 (compatible; DotBot/1.2; +https://opensiteexplorer.org/dotbot; help@moz.com)" 
216.244.66.245 - - [28/Sep/2022:23:46:07 -0700] "GET /self.logs/2016/error.log.2016-07-23.gz HTTP/1.1" 200 1381 "-" "Mozilla/5.0 (compatible; DotBot/1.2; +https://opensiteexplorer.org/dotbot; help@moz.com)" 
216.244.66.245 - - [28/Sep/2022:23:46:08 -0700] "GET /self.logs/2016/error.log.2016-08-13.gz HTTP/1.1" 200 924 "-" "Mozilla/5.0 (compatible; DotBot/1.2; +https://opensiteexplorer.org/dotbot; help@moz.com)" 
216.244.66.245 - - [28/Sep/2022:23:46:09 -0700] "GET /self.logs/2016/error.log.2016-10-21.gz HTTP/1.1" 200 720 "-" "Mozilla/5.0 (compatible; DotBot/1.2; +https://opensiteexplorer.org/dotbot; help@moz.com)" 
216.244.66.245 - - [28/Sep/2022:23:46:10 -0700] "GET /self.logs/2016/error.log.2016-10-26.gz HTTP/1.1" 200 875 "-" "Mozilla/5.0 (compatible; DotBot/1.2; +https://opensiteexplorer.org/dotbot; help@moz.com)" 
216.244.66.245 - - [28/Sep/2022:23:46:10 -0700] "GET /self.logs/2016/error.log.2016-12-17.gz HTTP/1.1" 200 811 "-" "Mozilla/5.0 (compatible; DotBot/1.2; +https://opensiteexplorer.org/dotbot; help@moz.com)" 
216.244.66.245 - - [28/Sep/2022:23:46:12 -0700] "GET /self.logs/access.log.2017-01-29.gz HTTP/1.1" 200 31364 "-" "Mozilla/5.0 (compatible; DotBot/1.2; +https://opensiteexplorer.org/dotbot; help@moz.com)" 
216.244.66.245 - - [28/Sep/2022:23:46:16 -0700] "GET /self.logs/access.log.2017-05-10.gz HTTP/1.1" 200 16098 "-" "Mozilla/5.0 (compatible; DotBot/1.2; +https://opensiteexplorer.org/dotbot; help@moz.com)" 
216.244.66.245 - - [28/Sep/2022:23:46:19 -0700] "GET /self.logs/access.log.2017-08-20.gz HTTP/1.1" 200 17348 "-" "Mozilla/5.0 (compatible; DotBot/1.2; +https://opensiteexplorer.org/dotbot; help@moz.com)" 
216.244.66.245 - - [28/Sep/2022:23:46:22 -0700] "GET /self.logs/access.log.2017-08-23.gz HTTP/1.1" 200 21163 "-" "Mozilla/5.0 (compatible; DotBot/1.2; +https://opensiteexplorer.org/dotbot; help@moz.com)" 
216.244.66.245 - - [28/Sep/2022:23:46:23 -0700] "GET /self.logs/access.log.2018-05-09.gz HTTP/1.1" 200 35176 "-" "Mozilla/5.0 (compatible; DotBot/1.2; +https://opensiteexplorer.org/dotbot; help@moz.com)" 
216.244.66.245 - - [28/Sep/2022:23:46:25 -0700] "GET /self.logs/access.log.2018-07-30.gz HTTP/1.1" 200 29480 "-" "Mozilla/5.0 (compatible; DotBot/1.2; +https://opensiteexplorer.org/dotbot; help@moz.com)" 
216.244.66.245 - - [28/Sep/2022:23:46:27 -0700] "GET /self.logs/access.log.2018-09-01.gz HTTP/1.1" 200 22542 "-" "Mozilla/5.0 (compatible; DotBot/1.2; +https://opensiteexplorer.org/dotbot; help@moz.com)" 
216.244.66.245 - - [28/Sep/2022:23:46:28 -0700] "GET /self.logs/access.log.2018-10-08.gz HTTP/1.1" 200 21631 "-" "Mozilla/5.0 (compatible; DotBot/1.2; +https://opensiteexplorer.org/dotbot; help@moz.com)" 
216.244.66.245 - - [28/Sep/2022:23:46:29 -0700] "GET /self.logs/access.log.2019-01-02.gz HTTP/1.1" 200 25317 "-" "Mozilla/5.0 (compatible; DotBot/1.2; +https://opensiteexplorer.org/dotbot; help@moz.com)" 
216.244.66.245 - - [28/Sep/2022:23:46:30 -0700] "GET /self.logs/access.log.2019-01-20.gz HTTP/1.1" 200 27321 "-" "Mozilla/5.0 (compatible; DotBot/1.2; +https://opensiteexplorer.org/dotbot; help@moz.com)" 
216.244.66.245 - - [28/Sep/2022:23:46:31 -0700] "GET /self.logs/access.log.2019-03-17.gz HTTP/1.1" 200 25705 "-" "Mozilla/5.0 (compatible; DotBot/1.2; +https://opensiteexplorer.org/dotbot; help@moz.com)" 
216.244.66.245 - - [28/Sep/2022:23:46:32 -0700] "GET /self.logs/access.log.2019-05-23.gz HTTP/1.1" 200 27986 "-" "Mozilla/5.0 (compatible; DotBot/1.2; +https://opensiteexplorer.org/dotbot; help@moz.com)" 
216.244.66.245 - - [28/Sep/2022:23:46:33 -0700] "GET /self.logs/access.log.2019-08-06.gz HTTP/1.1" 200 15227 "-" "Mozilla/5.0 (compatible; DotBot/1.2; +https://opensiteexplorer.org/dotbot; help@moz.com)" 
216.244.66.245 - - [28/Sep/2022:23:46:34 -0700] "GET /self.logs/access.log.2020-02-07.gz HTTP/1.1" 200 16131 "-" "Mozilla/5.0 (compatible; DotBot/1.2; +https://opensiteexplorer.org/dotbot; help@moz.com)" 
216.244.66.245 - - [28/Sep/2022:23:46:35 -0700] "GET /self.logs/access.log.2020-02-15.gz HTTP/1.1" 200 15411 "-" "Mozilla/5.0 (compatible; DotBot/1.2; +https://opensiteexplorer.org/dotbot; help@moz.com)" 
216.244.66.245 - - [28/Sep/2022:23:46:37 -0700] "GET /self.logs/access.log.2020-06-23.gz HTTP/1.1" 200 14972 "-" "Mozilla/5.0 (compatible; DotBot/1.2; +https://opensiteexplorer.org/dotbot; help@moz.com)" 
216.244.66.245 - - [28/Sep/2022:23:46:40 -0700] "GET /self.logs/access.log.2020-08-29.gz HTTP/1.1" 200 11395 "-" "Mozilla/5.0 (compatible; DotBot/1.2; +https://opensiteexplorer.org/dotbot; help@moz.com)" 
216.244.66.245 - - [28/Sep/2022:23:46:43 -0700] "GET /self.logs/access.log.2020-12-14.gz HTTP/1.1" 200 19023 "-" "Mozilla/5.0 (compatible; DotBot/1.2; +https://opensiteexplorer.org/dotbot; help@moz.com)" 
216.244.66.245 - - [28/Sep/2022:23:46:45 -0700] "GET /self.logs/access.log.2021-05-06.gz HTTP/1.1" 200 24305 "-" "Mozilla/5.0 (compatible; DotBot/1.2; +https://opensiteexplorer.org/dotbot; help@moz.com)" 
216.244.66.245 - - [28/Sep/2022:23:46:46 -0700] "GET /self.logs/access.log.2021-06-04.gz HTTP/1.1" 200 27341 "-" "Mozilla/5.0 (compatible; DotBot/1.2; +https://opensiteexplorer.org/dotbot; help@moz.com)" 
216.244.66.245 - - [28/Sep/2022:23:46:47 -0700] "GET /self.logs/access.log.2021-11-06.gz HTTP/1.1" 200 18804 "-" "Mozilla/5.0 (compatible; DotBot/1.2; +https://opensiteexplorer.org/dotbot; help@moz.com)" 
216.244.66.245 - - [28/Sep/2022:23:46:49 -0700] "GET /self.logs/access.log.2022-04-20.gz HTTP/1.1" 200 10642 "-" "Mozilla/5.0 (compatible; DotBot/1.2; +https://opensiteexplorer.org/dotbot; help@moz.com)" 
216.244.66.245 - - [28/Sep/2022:23:46:50 -0700] "GET /self.logs/error.log.2017-03-03.gz HTTP/1.1" 200 1015 "-" "Mozilla/5.0 (compatible; DotBot/1.2; +https://opensiteexplorer.org/dotbot; help@moz.com)" 
216.244.66.245 - - [28/Sep/2022:23:46:51 -0700] "GET /self.logs/error.log.2017-10-03.gz HTTP/1.1" 200 2864 "-" "Mozilla/5.0 (compatible; DotBot/1.2; +https://opensiteexplorer.org/dotbot; help@moz.com)" 
216.244.66.245 - - [28/Sep/2022:23:46:52 -0700] "GET /self.logs/error.log.2021-05-20.gz HTTP/1.1" 200 10685 "-" "Mozilla/5.0 (compatible; DotBot/1.2; +https://opensiteexplorer.org/dotbot; help@moz.com)" 
216.244.66.245 - - [28/Sep/2022:23:46:52 -0700] "GET /self.logs/error.log.2019-01-08.gz HTTP/1.1" 200 5445 "-" "Mozilla/5.0 (compatible; DotBot/1.2; +https://opensiteexplorer.org/dotbot; help@moz.com)" 
216.244.66.245 - - [28/Sep/2022:23:46:53 -0700] "GET /self.logs/error.log.2019-02-16.gz HTTP/1.1" 200 3572 "-" "Mozilla/5.0 (compatible; DotBot/1.2; +https://opensiteexplorer.org/dotbot; help@moz.com)" 
216.244.66.245 - - [28/Sep/2022:23:46:54 -0700] "GET /self.logs/error.log.2019-08-28.gz HTTP/1.1" 200 2772 "-" "Mozilla/5.0 (compatible; DotBot/1.2; +https://opensiteexplorer.org/dotbot; help@moz.com)" 
216.244.66.245 - - [28/Sep/2022:23:46:54 -0700] "GET /self.logs/error.log.2020-03-15 HTTP/1.1" 200 1305 "-" "Mozilla/5.0 (compatible; DotBot/1.2; +https://opensiteexplorer.org/dotbot; help@moz.com)" 
216.244.66.245 - - [28/Sep/2022:23:46:55 -0700] "GET /self.logs/error.log.2020-04-11.gz HTTP/1.1" 200 1198 "-" "Mozilla/5.0 (compatible; DotBot/1.2; +https://opensiteexplorer.org/dotbot; help@moz.com)" 
216.244.66.245 - - [28/Sep/2022:23:46:55 -0700] "GET /self.logs/error.log.2020-08-08.gz HTTP/1.1" 200 964 "-" "Mozilla/5.0 (compatible; DotBot/1.2; +https://opensiteexplorer.org/dotbot; help@moz.com)" 
216.244.66.245 - - [28/Sep/2022:23:46:56 -0700] "GET /self.logs/error.log.2020-08-23 HTTP/1.1" 200 307 "-" "Mozilla/5.0 (compatible; DotBot/1.2; +https://opensiteexplorer.org/dotbot; help@moz.com)" 
216.244.66.245 - - [28/Sep/2022:23:46:56 -0700] "GET /self.logs/error.log.2020-09-04 HTTP/1.1" 200 307 "-" "Mozilla/5.0 (compatible; DotBot/1.2; +https://opensiteexplorer.org/dotbot; help@moz.com)" 
216.244.66.245 - - [28/Sep/2022:23:46:57 -0700] "GET /self.logs/error.log.2020-10-17 HTTP/1.1" 200 307 "-" "Mozilla/5.0 (compatible; DotBot/1.2; +https://opensiteexplorer.org/dotbot; help@moz.com)" 
216.244.66.245 - - [28/Sep/2022:23:46:58 -0700] "GET /self.logs/error.log.2020-12-04 HTTP/1.1" 200 307 "-" "Mozilla/5.0 (compatible; DotBot/1.2; +https://opensiteexplorer.org/dotbot; help@moz.com)" 
216.244.66.245 - - [28/Sep/2022:23:46:58 -0700] "GET /self.logs/error.log.2021-04-22.gz HTTP/1.1" 200 7970 "-" "Mozilla/5.0 (compatible; DotBot/1.2; +https://opensiteexplorer.org/dotbot; help@moz.com)" 
216.244.66.245 - - [28/Sep/2022:23:46:59 -0700] "GET /self.logs/error.log.2021-11-07.gz HTTP/1.1" 200 3599 "-" "Mozilla/5.0 (compatible; DotBot/1.2; +https://opensiteexplorer.org/dotbot; help@moz.com)" 
216.244.66.245 - - [28/Sep/2022:23:46:59 -0700] "GET /self.logs/error.log.2021-11-11.gz HTTP/1.1" 200 5799 "-" "Mozilla/5.0 (compatible; DotBot/1.2; +https://opensiteexplorer.org/dotbot; help@moz.com)" 
216.244.66.245 - - [28/Sep/2022:23:47:00 -0700] "GET /self.logs/error.log.2022-03-12.gz HTTP/1.1" 200 793 "-" "Mozilla/5.0 (compatible; DotBot/1.2; +https://opensiteexplorer.org/dotbot; help@moz.com)" 
216.244.66.245 - - [28/Sep/2022:23:47:00 -0700] "GET /self.logs/error.log.2022-04-21.gz HTTP/1.1" 200 5915 "-" "Mozilla/5.0 (compatible; DotBot/1.2; +https://opensiteexplorer.org/dotbot; help@moz.com)" 
216.244.66.245 - - [28/Sep/2022:23:47:01 -0700] "GET /self.logs/error.log.2019-11-13.gz HTTP/1.1" 200 1106 "-" "Mozilla/5.0 (compatible; DotBot/1.2; +https://opensiteexplorer.org/dotbot; help@moz.com)" 
216.244.66.245 - - [28/Sep/2022:23:47:02 -0700] "GET /self.logs/error.log.2019-12-11.gz HTTP/1.1" 200 1404 "-" "Mozilla/5.0 (compatible; DotBot/1.2; +https://opensiteexplorer.org/dotbot; help@moz.com)" 
114.119.149.237 - - [28/Sep/2022:23:51:06 -0700] "GET /self.logs/error.log.2020-01-17 HTTP/1.1" 200 351 "http://www.secrepo.com/self.logs?C=N%3BO%3DD" "Mozilla/5.0 (Linux; Android 7.0;) AppleWebKit/537.36 (KHTML, like Gecko) Mobile Safari/537.36 (compatible; PetalBot;+https://webmaster.petalsearch.com/site/petalbot)" 
83.84.25.211 - - [28/Sep/2022:23:51:46 -0700] "GET / HTTP/1.1" 200 13186 "-" "Mozilla/5.0 (Windows NT 10.0; Win64; x64; rv:105.0) Gecko/20100101 Firefox/105.0" 
83.84.25.211 - - [28/Sep/2022:23:51:46 -0700] "GET /css/style.css HTTP/1.1" 404 305 "http://www.secrepo.com/" "Mozilla/5.0 (Windows NT 10.0; Win64; x64; rv:105.0) Gecko/20100101 Firefox/105.0" 
83.84.25.211 - - [28/Sep/2022:23:51:46 -0700] "GET /twitter-icon.png HTTP/1.1" 200 27893 "http://www.secrepo.com/" "Mozilla/5.0 (Windows NT 10.0; Win64; x64; rv:105.0) Gecko/20100101 Firefox/105.0" 
83.84.25.211 - - [28/Sep/2022:23:51:46 -0700] "GET /GitHub-Mark.png HTTP/1.1" 200 7556 "http://www.secrepo.com/" "Mozilla/5.0 (Windows NT 10.0; Win64; x64; rv:105.0) Gecko/20100101 Firefox/105.0" 
83.84.25.211 - - [28/Sep/2022:23:51:47 -0700] "GET /bootstrap/img/favicon.ico HTTP/1.1" 200 690 "http://www.secrepo.com/" "Mozilla/5.0 (Windows NT 10.0; Win64; x64; rv:105.0) Gecko/20100101 Firefox/105.0" 
34.206.152.150 - - [28/Sep/2022:23:52:54 -0700] "HEAD / HTTP/1.1" 301 186 "-" "DreamHost SiteMonitor 1.0" 
34.206.152.150 - - [28/Sep/2022:23:52:54 -0700] "HEAD / HTTP/1.1" 200 359 "http://66.33.221.139" "DreamHost SiteMonitor 1.0" 
157.55.39.55 - - [28/Sep/2022:23:58:27 -0700] "GET /self.logs/access.log.2017-02-13.gz HTTP/1.1" 200 25533 "-" "Mozilla/5.0 (compatible; bingbot/2.0; +http://www.bing.com/bingbot.htm)" 
157.55.39.38 - - [29/Sep/2022:00:00:23 -0700] "GET /self.logs/ HTTP/1.1" 200 38687 "-" "Mozilla/5.0 (compatible; bingbot/2.0; +http://www.bing.com/bingbot.htm)" 
91.243.81.86 - - [29/Sep/2022:00:02:06 -0700] "GET / HTTP/1.1" 200 13140 "-" "Mozilla/5.0 (Windows NT 10.0; WOW64) AppleWebKit/537.36 (KHTML, like Gecko) Chrome/103.0.0.0 Safari/537.36" 
91.243.81.86 - - [29/Sep/2022:00:02:06 -0700] "GET /css/style.css HTTP/1.1" 404 250 "http://www.secrepo.com/" "Mozilla/5.0 (Windows NT 10.0; WOW64) AppleWebKit/537.36 (KHTML, like Gecko) Chrome/103.0.0.0 Safari/537.36" 
91.243.81.86 - - [29/Sep/2022:00:02:07 -0700] "GET /twitter-icon.png HTTP/1.1" 200 27872 "http://www.secrepo.com/" "Mozilla/5.0 (Windows NT 10.0; WOW64) AppleWebKit/537.36 (KHTML, like Gecko) Chrome/103.0.0.0 Safari/537.36" 
91.243.81.86 - - [29/Sep/2022:00:02:07 -0700] "GET /GitHub-Mark.png HTTP/1.1" 200 7512 "http://www.secrepo.com/" "Mozilla/5.0 (Windows NT 10.0; WOW64) AppleWebKit/537.36 (KHTML, like Gecko) Chrome/103.0.0.0 Safari/537.36" 
91.243.81.86 - - [29/Sep/2022:00:02:08 -0700] "GET /bootstrap/img/favicon.ico HTTP/1.1" 200 635 "http://www.secrepo.com/" "Mozilla/5.0 (Windows NT 10.0; WOW64) AppleWebKit/537.36 (KHTML, like Gecko) Chrome/103.0.0.0 Safari/537.36" 
34.206.152.150 - - [29/Sep/2022:00:02:54 -0700] "HEAD / HTTP/1.1" 301 186 "-" "DreamHost SiteMonitor 1.0" 
34.206.152.150 - - [29/Sep/2022:00:02:54 -0700] "HEAD / HTTP/1.1" 200 359 "http://66.33.221.139" "DreamHost SiteMonitor 1.0" 
114.119.149.23 - - [29/Sep/2022:00:10:13 -0700] "GET /self.logs/error.log.2020-03-28 HTTP/1.1" 200 351 "http://www.secrepo.com/self.logs?C=N%3BO%3DD" "Mozilla/5.0 (Linux; Android 7.0;) AppleWebKit/537.36 (KHTML, like Gecko) Mobile Safari/537.36 (compatible; PetalBot;+https://webmaster.petalsearch.com/site/petalbot)" 
34.206.152.150 - - [29/Sep/2022:00:12:54 -0700] "HEAD / HTTP/1.1" 301 186 "-" "DreamHost SiteMonitor 1.0" 
34.206.152.150 - - [29/Sep/2022:00:12:54 -0700] "HEAD / HTTP/1.1" 200 359 "http://66.33.221.139" "DreamHost SiteMonitor 1.0" 
20.239.104.199 - - [29/Sep/2022:00:17:45 -0700] "GET / HTTP/1.1" 200 49089 "-" "-" 
34.206.152.150 - - [29/Sep/2022:00:22:54 -0700] "HEAD / HTTP/1.1" 301 186 "-" "DreamHost SiteMonitor 1.0" 
34.206.152.150 - - [29/Sep/2022:00:22:54 -0700] "HEAD / HTTP/1.1" 200 359 "http://66.33.221.139" "DreamHost SiteMonitor 1.0" 
147.83.13.74 - - [29/Sep/2022:00:24:00 -0700] "GET / HTTP/1.1" 200 13185 "-" "Mozilla/5.0 (X11; Ubuntu; Linux x86_64; rv:104.0) Gecko/20100101 Firefox/104.0" 
147.83.13.74 - - [29/Sep/2022:00:24:00 -0700] "GET /css/style.css HTTP/1.1" 404 305 "http://www.secrepo.com/" "Mozilla/5.0 (X11; Ubuntu; Linux x86_64; rv:104.0) Gecko/20100101 Firefox/104.0" 
147.83.13.74 - - [29/Sep/2022:00:24:00 -0700] "GET /GitHub-Mark.png HTTP/1.1" 200 7556 "http://www.secrepo.com/" "Mozilla/5.0 (X11; Ubuntu; Linux x86_64; rv:104.0) Gecko/20100101 Firefox/104.0" 
147.83.13.74 - - [29/Sep/2022:00:24:00 -0700] "GET /twitter-icon.png HTTP/1.1" 200 27916 "http://www.secrepo.com/" "Mozilla/5.0 (X11; Ubuntu; Linux x86_64; rv:104.0) Gecko/20100101 Firefox/104.0" 
147.83.13.74 - - [29/Sep/2022:00:24:00 -0700] "GET /bootstrap/img/favicon.ico HTTP/1.1" 200 690 "http://www.secrepo.com/" "Mozilla/5.0 (X11; Ubuntu; Linux x86_64; rv:104.0) Gecko/20100101 Firefox/104.0" 
157.55.39.38 - - [29/Sep/2022:00:30:36 -0700] "GET /self.logs/ HTTP/1.1" 200 38687 "-" "Mozilla/5.0 (compatible; bingbot/2.0; +http://www.bing.com/bingbot.htm)" 
116.10.243.49 - - [29/Sep/2022:00:31:29 -0700] "HEAD / HTTP/1.1" 200 425 "-" "Mozilla/5.0 (Windows NT 10.0; Win64; x64; rv:105.0) Gecko/20100101 Firefox/105.0" 
216.244.66.245 - - [29/Sep/2022:00:31:52 -0700] "GET /robots.txt HTTP/1.1" 200 333 "-" "Mozilla/5.0 (compatible; DotBot/1.2; +https://opensiteexplorer.org/dotbot; help@moz.com)" 
34.206.152.150 - - [29/Sep/2022:00:32:54 -0700] "HEAD / HTTP/1.1" 301 186 "-" "DreamHost SiteMonitor 1.0" 
34.206.152.150 - - [29/Sep/2022:00:32:54 -0700] "HEAD / HTTP/1.1" 200 359 "http://66.33.221.139" "DreamHost SiteMonitor 1.0" 
40.77.167.63 - - [29/Sep/2022:00:34:21 -0700] "GET /self.logs/access.log.2017-08-30.gz HTTP/1.1" 200 29641 "-" "Mozilla/5.0 (compatible; bingbot/2.0; +http://www.bing.com/bingbot.htm)" 
216.244.66.245 - - [29/Sep/2022:00:35:22 -0700] "GET /Security-Data-Analysis/Lab_1/conn.log.zip HTTP/1.1" 200 2192920 "-" "Mozilla/5.0 (compatible; DotBot/1.2; +https://opensiteexplorer.org/dotbot; help@moz.com)" 
216.244.66.245 - - [29/Sep/2022:00:35:47 -0700] "GET /self.logs/error.log.2022-06-25.gz HTTP/1.1" 200 5814 "-" "Mozilla/5.0 (compatible; DotBot/1.2; +https://opensiteexplorer.org/dotbot; help@moz.com)" 
216.244.66.245 - - [29/Sep/2022:00:36:17 -0700] "GET /self.logs/access.log.2022-06-18.gz HTTP/1.1" 200 12935 "-" "Mozilla/5.0 (compatible; DotBot/1.2; +https://opensiteexplorer.org/dotbot; help@moz.com)" 
216.244.66.245 - - [29/Sep/2022:00:36:26 -0700] "GET /self.logs/2015/access.log.2015-01-27.gz HTTP/1.1" 200 2271 "-" "Mozilla/5.0 (compatible; DotBot/1.2; +https://opensiteexplorer.org/dotbot; help@moz.com)" 
216.244.66.245 - - [29/Sep/2022:00:36:33 -0700] "GET /self.logs/2015/access.log.2015-02-02.gz HTTP/1.1" 200 3370 "-" "Mozilla/5.0 (compatible; DotBot/1.2; +https://opensiteexplorer.org/dotbot; help@moz.com)" 
216.244.66.245 - - [29/Sep/2022:00:36:39 -0700] "GET /self.logs/2015/access.log.2015-03-21.gz HTTP/1.1" 200 2948 "-" "Mozilla/5.0 (compatible; DotBot/1.2; +https://opensiteexplorer.org/dotbot; help@moz.com)" 
216.244.66.245 - - [29/Sep/2022:00:36:44 -0700] "GET /self.logs/2015/access.log.2015-05-14.gz HTTP/1.1" 200 6129 "-" "Mozilla/5.0 (compatible; DotBot/1.2; +https://opensiteexplorer.org/dotbot; help@moz.com)" 
216.244.66.245 - - [29/Sep/2022:00:36:49 -0700] "GET /self.logs/2015/access.log.2015-06-03.gz HTTP/1.1" 200 3414 "-" "Mozilla/5.0 (compatible; DotBot/1.2; +https://opensiteexplorer.org/dotbot; help@moz.com)" 
216.244.66.245 - - [29/Sep/2022:00:36:52 -0700] "GET /self.logs/2015/access.log.2015-08-06.gz HTTP/1.1" 200 6175 "-" "Mozilla/5.0 (compatible; DotBot/1.2; +https://opensiteexplorer.org/dotbot; help@moz.com)" 
216.244.66.245 - - [29/Sep/2022:00:36:56 -0700] "GET /self.logs/2015/access.log.2015-08-31.gz HTTP/1.1" 200 5635 "-" "Mozilla/5.0 (compatible; DotBot/1.2; +https://opensiteexplorer.org/dotbot; help@moz.com)" 
216.244.66.245 - - [29/Sep/2022:00:36:58 -0700] "GET /self.logs/2015/access.log.2015-09-28.gz HTTP/1.1" 200 4941 "-" "Mozilla/5.0 (compatible; DotBot/1.2; +https://opensiteexplorer.org/dotbot; help@moz.com)" 
216.244.66.245 - - [29/Sep/2022:00:37:01 -0700] "GET /self.logs/2015/access.log.2015-12-02.gz HTTP/1.1" 200 6003 "-" "Mozilla/5.0 (compatible; DotBot/1.2; +https://opensiteexplorer.org/dotbot; help@moz.com)" 
216.244.66.245 - - [29/Sep/2022:00:37:03 -0700] "GET /self.logs/2015/error.log.2015-01-31.gz HTTP/1.1" 200 788 "-" "Mozilla/5.0 (compatible; DotBot/1.2; +https://opensiteexplorer.org/dotbot; help@moz.com)" 
216.244.66.245 - - [29/Sep/2022:00:37:04 -0700] "GET /self.logs/2016/access.log.2016-01-27.gz HTTP/1.1" 200 7681 "-" "Mozilla/5.0 (compatible; DotBot/1.2; +https://opensiteexplorer.org/dotbot; help@moz.com)" 
216.244.66.245 - - [29/Sep/2022:00:37:06 -0700] "GET /self.logs/2016/access.log.2016-03-01.gz HTTP/1.1" 200 9236 "-" "Mozilla/5.0 (compatible; DotBot/1.2; +https://opensiteexplorer.org/dotbot; help@moz.com)" 
216.244.66.245 - - [29/Sep/2022:00:37:07 -0700] "GET /self.logs/2016/access.log.2016-04-06.gz HTTP/1.1" 200 9363 "-" "Mozilla/5.0 (compatible; DotBot/1.2; +https://opensiteexplorer.org/dotbot; help@moz.com)" 
216.244.66.245 - - [29/Sep/2022:00:37:08 -0700] "GET /self.logs/2016/access.log.2016-11-14.gz HTTP/1.1" 200 27892 "-" "Mozilla/5.0 (compatible; DotBot/1.2; +https://opensiteexplorer.org/dotbot; help@moz.com)" 
216.244.66.245 - - [29/Sep/2022:00:37:09 -0700] "GET /self.logs/2016/access.log.2016-11-29.gz HTTP/1.1" 200 11671 "-" "Mozilla/5.0 (compatible; DotBot/1.2; +https://opensiteexplorer.org/dotbot; help@moz.com)" 
216.244.66.245 - - [29/Sep/2022:00:37:10 -0700] "GET /self.logs/2016/error.log.2016-05-02.gz HTTP/1.1" 200 708 "-" "Mozilla/5.0 (compatible; DotBot/1.2; +https://opensiteexplorer.org/dotbot; help@moz.com)" 
216.244.66.245 - - [29/Sep/2022:00:37:11 -0700] "GET /self.logs/2016/error.log.2016-10-09.gz HTTP/1.1" 200 856 "-" "Mozilla/5.0 (compatible; DotBot/1.2; +https://opensiteexplorer.org/dotbot; help@moz.com)" 
216.244.66.245 - - [29/Sep/2022:00:37:11 -0700] "GET /self.logs/2016/error.log.2016-10-28.gz HTTP/1.1" 200 675 "-" "Mozilla/5.0 (compatible; DotBot/1.2; +https://opensiteexplorer.org/dotbot; help@moz.com)" 
216.244.66.245 - - [29/Sep/2022:00:37:12 -0700] "GET /self.logs/2016/error.log.2016-11-25.gz HTTP/1.1" 200 1203 "-" "Mozilla/5.0 (compatible; DotBot/1.2; +https://opensiteexplorer.org/dotbot; help@moz.com)" 
216.244.66.245 - - [29/Sep/2022:00:37:13 -0700] "GET /self.logs/access.log.2017-01-03.gz HTTP/1.1" 200 41120 "-" "Mozilla/5.0 (compatible; DotBot/1.2; +https://opensiteexplorer.org/dotbot; help@moz.com)" 
216.244.66.245 - - [29/Sep/2022:00:37:21 -0700] "GET /self.logs/access.log.2017-06-07.gz HTTP/1.1" 200 20425 "-" "Mozilla/5.0 (compatible; DotBot/1.2; +https://opensiteexplorer.org/dotbot; help@moz.com)" 
207.46.13.96 - - [29/Sep/2022:00:37:22 -0700] "GET /self.logs/access.log.2017-06-12.gz HTTP/1.1" 200 23561 "-" "Mozilla/5.0 (compatible; bingbot/2.0; +http://www.bing.com/bingbot.htm)" 
216.244.66.245 - - [29/Sep/2022:00:37:27 -0700] "GET /self.logs/access.log.2017-07-12.gz HTTP/1.1" 200 39249 "-" "Mozilla/5.0 (compatible; DotBot/1.2; +https://opensiteexplorer.org/dotbot; help@moz.com)" 
216.244.66.245 - - [29/Sep/2022:00:37:31 -0700] "GET /self.logs/access.log.2017-07-24.gz HTTP/1.1" 200 35760 "-" "Mozilla/5.0 (compatible; DotBot/1.2; +https://opensiteexplorer.org/dotbot; help@moz.com)" 
216.244.66.245 - - [29/Sep/2022:00:37:34 -0700] "GET /self.logs/access.log.2017-07-30.gz HTTP/1.1" 200 15870 "-" "Mozilla/5.0 (compatible; DotBot/1.2; +https://opensiteexplorer.org/dotbot; help@moz.com)" 
216.244.66.245 - - [29/Sep/2022:00:37:37 -0700] "GET /self.logs/access.log.2018-02-04.gz HTTP/1.1" 200 21609 "-" "Mozilla/5.0 (compatible; DotBot/1.2; +https://opensiteexplorer.org/dotbot; help@moz.com)" 
216.244.66.245 - - [29/Sep/2022:00:37:40 -0700] "GET /self.logs/access.log.2019-01-01.gz HTTP/1.1" 200 27875 "-" "Mozilla/5.0 (compatible; DotBot/1.2; +https://opensiteexplorer.org/dotbot; help@moz.com)" 
216.244.66.245 - - [29/Sep/2022:00:37:43 -0700] "GET /self.logs/access.log.2019-03-31.gz HTTP/1.1" 200 20176 "-" "Mozilla/5.0 (compatible; DotBot/1.2; +https://opensiteexplorer.org/dotbot; help@moz.com)" 
216.244.66.245 - - [29/Sep/2022:00:37:45 -0700] "GET /self.logs/access.log.2019-04-11.gz HTTP/1.1" 200 32547 "-" "Mozilla/5.0 (compatible; DotBot/1.2; +https://opensiteexplorer.org/dotbot; help@moz.com)" 
216.244.66.245 - - [29/Sep/2022:00:37:47 -0700] "GET /self.logs/access.log.2019-07-13.gz HTTP/1.1" 200 23428 "-" "Mozilla/5.0 (compatible; DotBot/1.2; +https://opensiteexplorer.org/dotbot; help@moz.com)" 
216.244.66.245 - - [29/Sep/2022:00:37:48 -0700] "GET /self.logs/access.log.2020-09-10.gz HTTP/1.1" 200 49078 "-" "Mozilla/5.0 (compatible; DotBot/1.2; +https://opensiteexplorer.org/dotbot; help@moz.com)" 
216.244.66.245 - - [29/Sep/2022:00:37:49 -0700] "GET /self.logs/access.log.2020-12-30.gz HTTP/1.1" 200 36654 "-" "Mozilla/5.0 (compatible; DotBot/1.2; +https://opensiteexplorer.org/dotbot; help@moz.com)" 
216.244.66.245 - - [29/Sep/2022:00:37:50 -0700] "GET /self.logs/access.log.2021-03-26.gz HTTP/1.1" 200 33121 "-" "Mozilla/5.0 (compatible; DotBot/1.2; +https://opensiteexplorer.org/dotbot; help@moz.com)" 
216.244.66.245 - - [29/Sep/2022:00:37:52 -0700] "GET /self.logs/access.log.2021-07-31.gz HTTP/1.1" 200 24079 "-" "Mozilla/5.0 (compatible; DotBot/1.2; +https://opensiteexplorer.org/dotbot; help@moz.com)" 
216.244.66.245 - - [29/Sep/2022:00:37:54 -0700] "GET /self.logs/access.log.2019-11-25.gz HTTP/1.1" 200 23688 "-" "Mozilla/5.0 (compatible; DotBot/1.2; +https://opensiteexplorer.org/dotbot; help@moz.com)" 
216.244.66.245 - - [29/Sep/2022:00:37:55 -0700] "GET /self.logs/error.log.2017-04-20.gz HTTP/1.1" 200 904 "-" "Mozilla/5.0 (compatible; DotBot/1.2; +https://opensiteexplorer.org/dotbot; help@moz.com)" 
216.244.66.245 - - [29/Sep/2022:00:37:56 -0700] "GET /self.logs/error.log.2017-06-06.gz HTTP/1.1" 200 1054 "-" "Mozilla/5.0 (compatible; DotBot/1.2; +https://opensiteexplorer.org/dotbot; help@moz.com)" 
216.244.66.245 - - [29/Sep/2022:00:37:57 -0700] "GET /self.logs/error.log.2017-12-04.gz HTTP/1.1" 200 1667 "-" "Mozilla/5.0 (compatible; DotBot/1.2; +https://opensiteexplorer.org/dotbot; help@moz.com)" 
216.244.66.245 - - [29/Sep/2022:00:37:58 -0700] "GET /self.logs/error.log.2018-01-23.gz HTTP/1.1" 200 3602 "-" "Mozilla/5.0 (compatible; DotBot/1.2; +https://opensiteexplorer.org/dotbot; help@moz.com)" 
216.244.66.245 - - [29/Sep/2022:00:37:59 -0700] "GET /self.logs/error.log.2018-02-16.gz HTTP/1.1" 200 5257 "-" "Mozilla/5.0 (compatible; DotBot/1.2; +https://opensiteexplorer.org/dotbot; help@moz.com)" 
216.244.66.245 - - [29/Sep/2022:00:38:00 -0700] "GET /self.logs/error.log.2018-03-19.gz HTTP/1.1" 200 4597 "-" "Mozilla/5.0 (compatible; DotBot/1.2; +https://opensiteexplorer.org/dotbot; help@moz.com)" 
216.244.66.245 - - [29/Sep/2022:00:38:00 -0700] "GET /self.logs/error.log.2018-06-19.gz HTTP/1.1" 200 6556 "-" "Mozilla/5.0 (compatible; DotBot/1.2; +https://opensiteexplorer.org/dotbot; help@moz.com)" 
216.244.66.245 - - [29/Sep/2022:00:38:01 -0700] "GET /self.logs/error.log.2018-11-13.gz HTTP/1.1" 200 3969 "-" "Mozilla/5.0 (compatible; DotBot/1.2; +https://opensiteexplorer.org/dotbot; help@moz.com)" 
216.244.66.245 - - [29/Sep/2022:00:38:02 -0700] "GET /self.logs/error.log.2019-05-14.gz HTTP/1.1" 200 5399 "-" "Mozilla/5.0 (compatible; DotBot/1.2; +https://opensiteexplorer.org/dotbot; help@moz.com)" 
216.244.66.245 - - [29/Sep/2022:00:38:02 -0700] "GET /self.logs/error.log.2019-09-15.gz HTTP/1.1" 200 1412 "-" "Mozilla/5.0 (compatible; DotBot/1.2; +https://opensiteexplorer.org/dotbot; help@moz.com)" 
216.244.66.245 - - [29/Sep/2022:00:38:03 -0700] "GET /self.logs/error.log.2020-01-03 HTTP/1.1" 200 1303 "-" "Mozilla/5.0 (compatible; DotBot/1.2; +https://opensiteexplorer.org/dotbot; help@moz.com)" 
216.244.66.245 - - [29/Sep/2022:00:38:03 -0700] "GET /self.logs/error.log.2020-01-11.gz HTTP/1.1" 200 1567 "-" "Mozilla/5.0 (compatible; DotBot/1.2; +https://opensiteexplorer.org/dotbot; help@moz.com)" 
216.244.66.245 - - [29/Sep/2022:00:38:04 -0700] "GET /self.logs/error.log.2020-04-03 HTTP/1.1" 200 307 "-" "Mozilla/5.0 (compatible; DotBot/1.2; +https://opensiteexplorer.org/dotbot; help@moz.com)" 
216.244.66.245 - - [29/Sep/2022:00:38:05 -0700] "GET /self.logs/error.log.2020-04-19 HTTP/1.1" 200 307 "-" "Mozilla/5.0 (compatible; DotBot/1.2; +https://opensiteexplorer.org/dotbot; help@moz.com)" 
216.244.66.245 - - [29/Sep/2022:00:38:05 -0700] "GET /self.logs/error.log.2020-07-28 HTTP/1.1" 200 307 "-" "Mozilla/5.0 (compatible; DotBot/1.2; +https://opensiteexplorer.org/dotbot; help@moz.com)" 
216.244.66.245 - - [29/Sep/2022:00:38:06 -0700] "GET /self.logs/error.log.2020-09-25.gz HTTP/1.1" 200 1294 "-" "Mozilla/5.0 (compatible; DotBot/1.2; +https://opensiteexplorer.org/dotbot; help@moz.com)" 
216.244.66.245 - - [29/Sep/2022:00:38:06 -0700] "GET /self.logs/error.log.2020-11-27 HTTP/1.1" 200 4500 "-" "Mozilla/5.0 (compatible; DotBot/1.2; +https://opensiteexplorer.org/dotbot; help@moz.com)" 
216.244.66.245 - - [29/Sep/2022:00:38:07 -0700] "GET /self.logs/error.log.2021-02-01.gz HTTP/1.1" 200 5434 "-" "Mozilla/5.0 (compatible; DotBot/1.2; +https://opensiteexplorer.org/dotbot; help@moz.com)" 
216.244.66.245 - - [29/Sep/2022:00:38:08 -0700] "GET /self.logs/error.log.2021-02-07.gz HTTP/1.1" 200 2989 "-" "Mozilla/5.0 (compatible; DotBot/1.2; +https://opensiteexplorer.org/dotbot; help@moz.com)" 
216.244.66.245 - - [29/Sep/2022:00:38:08 -0700] "GET /self.logs/error.log.2021-11-14.gz HTTP/1.1" 200 3757 "-" "Mozilla/5.0 (compatible; DotBot/1.2; +https://opensiteexplorer.org/dotbot; help@moz.com)" 
216.244.66.245 - - [29/Sep/2022:00:38:09 -0700] "GET /self.logs/error.log.2021-12-19.gz HTTP/1.1" 200 2867 "-" "Mozilla/5.0 (compatible; DotBot/1.2; +https://opensiteexplorer.org/dotbot; help@moz.com)" 
216.244.66.245 - - [29/Sep/2022:00:38:10 -0700] "GET /self.logs/error.log.2022-05-17.gz HTTP/1.1" 200 591 "-" "Mozilla/5.0 (compatible; DotBot/1.2; +https://opensiteexplorer.org/dotbot; help@moz.com)" 
216.244.66.245 - - [29/Sep/2022:00:38:11 -0700] "GET /self.logs/error.log.2019-11-06.gz HTTP/1.1" 200 1394 "-" "Mozilla/5.0 (compatible; DotBot/1.2; +https://opensiteexplorer.org/dotbot; help@moz.com)" 
20.239.240.200 - - [29/Sep/2022:00:41:25 -0700] "GET /static/admin/lib/webuploader/0.1.5/server/preview.php HTTP/1.1" 404 328 "-" "Mozilla/5.0 (Windows NT 10.0; WOW64; rv:48.0) Gecko/20100101 Firefox/48.0" 
34.206.152.150 - - [29/Sep/2022:00:42:54 -0700] "HEAD / HTTP/1.1" 301 186 "-" "DreamHost SiteMonitor 1.0" 
34.206.152.150 - - [29/Sep/2022:00:42:54 -0700] "HEAD / HTTP/1.1" 200 359 "http://66.33.221.139" "DreamHost SiteMonitor 1.0" 
49.7.20.105 - - [29/Sep/2022:00:46:07 -0700] "GET / HTTP/1.1" 200 13148 "-" "Sogou web spider/4.0(+http://www.sogou.com/docs/help/webmasters.htm#07)" 
34.206.152.150 - - [29/Sep/2022:00:52:54 -0700] "HEAD / HTTP/1.1" 301 186 "-" "DreamHost SiteMonitor 1.0" 
