113.171.224.176 - - [15/Aug/2019:05:13:02 -0700] "GET /honeypot/Honeypot%20-%20Howto.pdf HTTP/1.1" 200 61320 "-" "Mozilla/5.0 Gecko/20100115 Firefox/3.6" 
173.211.79.115 - - [15/Aug/2019:05:24:57 -0700] "HEAD / HTTP/1.1" 200 346 "-" "python-requests/2.19.1" 
216.244.66.245 - - [15/Aug/2019:05:28:24 -0700] "GET /robots.txt HTTP/1.1" 200 244 "-" "Mozilla/5.0 (compatible; DotBot/1.1; http://www.opensiteexplorer.org/dotbot, help@moz.com)" 
38.18.33.9 - - [15/Aug/2019:05:32:28 -0700] "HEAD / HTTP/1.1" 200 346 "-" "python-requests/2.19.1" 
66.249.82.193 - - [15/Aug/2019:05:35:04 -0700] "GET / HTTP/1.1" 200 12429 "-" "Mozilla/5.0 (Linux; Android 8.1.0; Active 1+) AppleWebKit/537.36 (KHTML, like Gecko) Chrome/76.0.3809.111 Mobile Safari/537.36" 
66.249.82.195 - - [15/Aug/2019:05:35:05 -0700] "GET /GitHub-Mark.png HTTP/1.1" 200 7450 "http://www.secrepo.com/" "Mozilla/5.0 (Linux; Android 8.1.0; Active 1+) AppleWebKit/537.36 (KHTML, like Gecko) Chrome/76.0.3809.111 Mobile Safari/537.36" 
66.249.82.223 - - [15/Aug/2019:05:35:05 -0700] "GET /css/style.css HTTP/1.1" 404 294 "http://www.secrepo.com/" "Mozilla/5.0 (Linux; Android 8.1.0; Active 1+) AppleWebKit/537.36 (KHTML, like Gecko) Chrome/76.0.3809.111 Mobile Safari/537.36" 
66.249.82.195 - - [15/Aug/2019:05:35:05 -0700] "GET /twitter-icon.png HTTP/1.1" 200 27810 "http://www.secrepo.com/" "Mozilla/5.0 (Linux; Android 8.1.0; Active 1+) AppleWebKit/537.36 (KHTML, like Gecko) Chrome/76.0.3809.111 Mobile Safari/537.36" 
66.249.82.195 - - [15/Aug/2019:05:35:06 -0700] "GET /bootstrap/img/favicon.ico HTTP/1.1" 200 601 "http://www.secrepo.com/" "Mozilla/5.0 (Linux; Android 8.1.0; Active 1+) AppleWebKit/537.36 (KHTML, like Gecko) Chrome/76.0.3809.111 Mobile Safari/537.36" 
173.211.79.115 - - [15/Aug/2019:05:41:16 -0700] "HEAD / HTTP/1.1" 200 346 "-" "python-requests/2.19.1" 
38.18.40.76 - - [15/Aug/2019:05:41:30 -0700] "HEAD / HTTP/1.1" 200 346 "-" "python-requests/2.19.1" 
38.18.33.9 - - [15/Aug/2019:05:41:44 -0700] "HEAD / HTTP/1.1" 200 346 "-" "python-requests/2.19.1" 
172.241.83.146 - - [15/Aug/2019:05:42:52 -0700] "HEAD / HTTP/1.1" 200 346 "-" "python-requests/2.19.1" 
67.227.33.50 - - [15/Aug/2019:05:43:51 -0700] "HEAD / HTTP/1.1" 200 346 "-" "python-requests/2.19.1" 
38.18.46.30 - - [15/Aug/2019:05:44:36 -0700] "HEAD / HTTP/1.1" 200 346 "-" "python-requests/2.19.1" 
216.41.144.207 - - [15/Aug/2019:05:44:48 -0700] "HEAD / HTTP/1.1" 200 346 "-" "python-requests/2.19.1" 
38.18.37.46 - - [15/Aug/2019:05:45:08 -0700] "HEAD / HTTP/1.1" 200 346 "-" "python-requests/2.19.1" 
42.236.12.150 - - [15/Aug/2019:05:46:15 -0700] "GET / HTTP/1.1" 200 12429 "http://www.secrepo.com/" "Mozilla/5.0 (Windows NT 6.1; WOW64) AppleWebKit/537.36 (KHTML, like Gecko) Chrome/50.0.2661.102 Safari/537.36; 360Spider" 
174.128.225.98 - - [15/Aug/2019:05:46:49 -0700] "GET / HTTP/1.1" 200 12429 "-" "Mozilla/5.0 (Windows NT 10.0; Win64; x64) AppleWebKit/537.36 (KHTML, like Gecko) Chrome/76.0.3809.100 Safari/537.36" 
174.128.225.98 - - [15/Aug/2019:05:46:49 -0700] "GET /css/style.css HTTP/1.1" 404 294 "http://www.secrepo.com/" "Mozilla/5.0 (Windows NT 10.0; Win64; x64) AppleWebKit/537.36 (KHTML, like Gecko) Chrome/76.0.3809.100 Safari/537.36" 
174.128.225.98 - - [15/Aug/2019:05:46:49 -0700] "GET /twitter-icon.png HTTP/1.1" 200 27787 "http://www.secrepo.com/" "Mozilla/5.0 (Windows NT 10.0; Win64; x64) AppleWebKit/537.36 (KHTML, like Gecko) Chrome/76.0.3809.100 Safari/537.36" 
174.128.225.98 - - [15/Aug/2019:05:46:50 -0700] "GET /GitHub-Mark.png HTTP/1.1" 200 7450 "http://www.secrepo.com/" "Mozilla/5.0 (Windows NT 10.0; Win64; x64) AppleWebKit/537.36 (KHTML, like Gecko) Chrome/76.0.3809.100 Safari/537.36" 
67.203.6.154 - - [15/Aug/2019:05:46:50 -0700] "HEAD / HTTP/1.1" 200 346 "-" "python-requests/2.19.1" 
174.128.225.98 - - [15/Aug/2019:05:46:51 -0700] "GET /bootstrap/img/favicon.ico HTTP/1.1" 200 601 "http://www.secrepo.com/" "Mozilla/5.0 (Windows NT 10.0; Win64; x64) AppleWebKit/537.36 (KHTML, like Gecko) Chrome/76.0.3809.100 Safari/537.36" 
216.41.147.137 - - [15/Aug/2019:05:47:25 -0700] "HEAD / HTTP/1.1" 200 346 "-" "python-requests/2.19.1" 
216.244.66.245 - - [15/Aug/2019:05:47:26 -0700] "GET /self.logs/access.log.2019-01-28.gz HTTP/1.1" 200 23262 "-" "Mozilla/5.0 (compatible; DotBot/1.1; http://www.opensiteexplorer.org/dotbot, help@moz.com)" 
106.122.242.22 - - [15/Aug/2019:05:47:34 -0700] "HEAD / HTTP/1.1" 200 317 "http://www.secrepo.com" "Mozilla/5.0 (compatible; Baiduspider/2.0; +http://www.baidu.com/search/spider.html" 
106.122.242.22 - - [15/Aug/2019:05:47:34 -0700] "HEAD /api.php HTTP/1.1" 404 197 "http://www.secrepo.com/api.php" "Mozilla/5.0 (compatible; Baiduspider/2.0; +http://www.baidu.com/search/spider.html" 
46.119.121.39 - - [15/Aug/2019:05:47:35 -0700] "GET / HTTP/1.1" 200 46561 "https://sanlin.com.ua/" "Mozilla/4.0 (compatible; MSIE 5.5; Windows 95; BCD2000)" 
46.119.121.39 - - [15/Aug/2019:05:47:35 -0700] "GET / HTTP/1.1" 200 46561 "https://sanlin.com.ua/" "Mozilla/4.0 (compatible; MSIE 5.5; Windows 95; BCD2000)" 
46.119.121.39 - - [15/Aug/2019:05:47:36 -0700] "GET / HTTP/1.1" 200 46561 "https://sanlin.com.ua/" "Mozilla/4.0 (compatible; MSIE 5.5; Windows 95; BCD2000)" 
206.180.177.205 - - [15/Aug/2019:05:48:09 -0700] "HEAD / HTTP/1.1" 200 346 "-" "python-requests/2.19.1" 
67.203.6.181 - - [15/Aug/2019:05:48:14 -0700] "HEAD / HTTP/1.1" 200 346 "-" "python-requests/2.19.1" 
206.180.187.31 - - [15/Aug/2019:05:48:38 -0700] "HEAD / HTTP/1.1" 200 346 "-" "python-requests/2.19.1" 
67.214.166.195 - - [15/Aug/2019:05:49:49 -0700] "HEAD / HTTP/1.1" 200 346 "-" "python-requests/2.19.1" 
67.227.33.170 - - [15/Aug/2019:05:50:54 -0700] "HEAD / HTTP/1.1" 200 346 "-" "python-requests/2.19.1" 
216.41.152.88 - - [15/Aug/2019:05:51:45 -0700] "HEAD / HTTP/1.1" 200 346 "-" "python-requests/2.19.1" 
38.18.32.193 - - [15/Aug/2019:05:52:06 -0700] "HEAD / HTTP/1.1" 200 346 "-" "python-requests/2.19.1" 
216.41.146.185 - - [15/Aug/2019:05:52:12 -0700] "HEAD / HTTP/1.1" 200 346 "-" "python-requests/2.19.1" 
38.18.51.235 - - [15/Aug/2019:05:53:18 -0700] "HEAD / HTTP/1.1" 200 346 "-" "python-requests/2.19.1" 
206.180.175.79 - - [15/Aug/2019:05:54:22 -0700] "HEAD / HTTP/1.1" 200 346 "-" "python-requests/2.19.1" 
216.41.155.40 - - [15/Aug/2019:05:55:22 -0700] "HEAD / HTTP/1.1" 200 346 "-" "python-requests/2.19.1" 
38.18.55.28 - - [15/Aug/2019:05:55:24 -0700] "HEAD / HTTP/1.1" 200 346 "-" "python-requests/2.19.1" 
173.211.79.57 - - [15/Aug/2019:05:55:37 -0700] "HEAD / HTTP/1.1" 200 346 "-" "python-requests/2.19.1" 
38.18.59.158 - - [15/Aug/2019:05:56:54 -0700] "HEAD / HTTP/1.1" 200 346 "-" "python-requests/2.19.1" 
100.43.90.103 - - [15/Aug/2019:05:57:32 -0700] "GET /robots.txt HTTP/1.1" 200 288 "-" "Mozilla/5.0 (compatible; YandexBot/3.0; +http://yandex.com/bots)" 
100.43.90.103 - - [15/Aug/2019:05:57:36 -0700] "GET /self.logs/error.log.2019-08-09 HTTP/1.1" 200 262 "-" "Mozilla/5.0 (compatible; YandexBot/3.0; +http://yandex.com/bots)" 
216.41.152.21 - - [15/Aug/2019:05:57:54 -0700] "HEAD / HTTP/1.1" 200 346 "-" "python-requests/2.19.1" 
123.133.162.74 - - [15/Aug/2019:06:01:22 -0700] "HEAD / HTTP/1.1" 200 317 "http://www.secrepo.com/" "Mozilla/5.0 (Windows NT 10.0; WOW64) AppleWebKit/537.36 (KHTML, like Gecko) Chrome/69.0.3497.92 Safari/537.36" 
123.133.162.74 - - [15/Aug/2019:06:01:22 -0700] "HEAD / HTTP/1.1" 200 239 "https://www.baidu.com/" "Mozilla/5.0 (compatible; Baiduspider/2.0; +http://www.baidu.com/search/spider.html" 
123.133.162.74 - - [15/Aug/2019:06:01:23 -0700] "GET /favicon.ico HTTP/1.1" 200 224 "https://www.baidu.com/" "Mozilla/5.0 (compatible; Baiduspider/2.0; +http://www.baidu.com/search/spider.html" 
123.133.162.74 - - [15/Aug/2019:06:01:23 -0700] "GET /plus/bookfeedback.php HTTP/1.1" 404 216 "https://www.baidu.com/" "Mozilla/5.0 (compatible; Baiduspider/2.0; +http://www.baidu.com/search/spider.html" 
123.133.162.74 - - [15/Aug/2019:06:01:23 -0700] "GET /uploads/userup/index.html HTTP/1.1" 404 216 "https://www.baidu.com/" "Mozilla/5.0 (compatible; Baiduspider/2.0; +http://www.baidu.com/search/spider.html" 
123.133.162.74 - - [15/Aug/2019:06:01:23 -0700] "GET /favicon.ico HTTP/1.1" 200 224 "https://www.baidu.com/" "Mozilla/5.0 (compatible; Baiduspider/2.0; +http://www.baidu.com/search/spider.html" 
123.133.162.74 - - [15/Aug/2019:06:01:24 -0700] "GET /data/admin/ver.txt HTTP/1.1" 404 216 "https://www.baidu.com/" "Mozilla/5.0 (compatible; Baiduspider/2.0; +http://www.baidu.com/search/spider.html" 
123.133.162.74 - - [15/Aug/2019:06:01:24 -0700] "GET /data/admin/quickmenu.txt HTTP/1.1" 404 216 "https://www.baidu.com/" "Mozilla/5.0 (compatible; Baiduspider/2.0; +http://www.baidu.com/search/spider.html" 
123.133.162.74 - - [15/Aug/2019:06:01:24 -0700] "GET /data/admin/quickmenu.txt HTTP/1.1" 404 216 "https://www.baidu.com/" "Mozilla/5.0 (compatible; Baiduspider/2.0; +http://www.baidu.com/search/spider.html" 
123.133.162.74 - - [15/Aug/2019:06:01:24 -0700] "GET /data/admin/ver.txt HTTP/1.1" 404 216 "https://www.baidu.com/" "Mozilla/5.0 (compatible; Baiduspider/2.0; +http://www.baidu.com/search/spider.html" 
123.133.162.74 - - [15/Aug/2019:06:01:25 -0700] "GET /robots.txt HTTP/1.1" 200 210 "https://www.baidu.com/" "Mozilla/5.0 (compatible; Baiduspider/2.0; +http://www.baidu.com/search/spider.html" 
123.133.162.74 - - [15/Aug/2019:06:01:25 -0700] "GET /include/taglib/help/flink.txt HTTP/1.1" 404 216 "https://www.baidu.com/" "Mozilla/5.0 (compatible; Baiduspider/2.0; +http://www.baidu.com/search/spider.html" 
123.133.162.74 - - [15/Aug/2019:06:01:25 -0700] "GET /plus/img/df_dedetitle.gif HTTP/1.1" 404 216 "https://www.baidu.com/" "Mozilla/5.0 (compatible; Baiduspider/2.0; +http://www.baidu.com/search/spider.html" 
123.133.162.74 - - [15/Aug/2019:06:01:25 -0700] "GET /templets/default/images/logo.gif HTTP/1.1" 404 216 "https://www.baidu.com/" "Mozilla/5.0 (compatible; Baiduspider/2.0; +http://www.baidu.com/search/spider.html" 
123.133.162.74 - - [15/Aug/2019:06:01:26 -0700] "GET /templets/default/images/logo.gif HTTP/1.1" 404 216 "https://www.baidu.com/" "Mozilla/5.0 (compatible; Baiduspider/2.0; +http://www.baidu.com/search/spider.html" 
123.133.162.74 - - [15/Aug/2019:06:01:26 -0700] "GET /member/space/person/header.htm HTTP/1.1" 404 216 "https://www.baidu.com/" "Mozilla/5.0 (compatible; Baiduspider/2.0; +http://www.baidu.com/search/spider.html" 
123.133.162.74 - - [15/Aug/2019:06:01:26 -0700] "GET /data/admin/ver.txt HTTP/1.1" 404 216 "https://www.baidu.com/" "Mozilla/5.0 (compatible; Baiduspider/2.0; +http://www.baidu.com/search/spider.html" 
123.133.162.74 - - [15/Aug/2019:06:01:27 -0700] "GET /dede/img/admin_top_logo.gif HTTP/1.1" 404 216 "https://www.baidu.com/" "Mozilla/5.0 (compatible; Baiduspider/2.0; +http://www.baidu.com/search/spider.html" 
123.133.162.74 - - [15/Aug/2019:06:01:27 -0700] "GET /plus/carbuyaction.php HTTP/1.1" 404 216 "https://www.baidu.com/" "Mozilla/5.0 (compatible; Baiduspider/2.0; +http://www.baidu.com/search/spider.html" 
123.133.162.74 - - [15/Aug/2019:06:01:27 -0700] "GET /data/admin/allowurl.txt HTTP/1.1" 404 216 "https://www.baidu.com/" "Mozilla/5.0 (compatible; Baiduspider/2.0; +http://www.baidu.com/search/spider.html" 
123.133.162.74 - - [15/Aug/2019:06:01:28 -0700] "GET /favicon.ico HTTP/1.1" 200 224 "https://www.baidu.com/" "Mozilla/5.0 (compatible; Baiduspider/2.0; +http://www.baidu.com/search/spider.html" 
123.133.162.74 - - [15/Aug/2019:06:01:28 -0700] "GET /images/loadinglit.gif HTTP/1.1" 404 216 "https://www.baidu.com/" "Mozilla/5.0 (compatible; Baiduspider/2.0; +http://www.baidu.com/search/spider.html" 
123.133.162.74 - - [15/Aug/2019:06:01:28 -0700] "GET /data/cache/inc_catalog_base.inc HTTP/1.1" 404 216 "https://www.baidu.com/" "Mozilla/5.0 (compatible; Baiduspider/2.0; +http://www.baidu.com/search/spider.html" 
123.133.162.74 - - [15/Aug/2019:06:01:29 -0700] "GET /member/images/member.gif HTTP/1.1" 404 216 "https://www.baidu.com/" "Mozilla/5.0 (compatible; Baiduspider/2.0; +http://www.baidu.com/search/spider.html" 
123.133.162.74 - - [15/Aug/2019:06:01:29 -0700] "GET /member/templets/images/login_logo.gif HTTP/1.1" 404 216 "https://www.baidu.com/" "Mozilla/5.0 (compatible; Baiduspider/2.0; +http://www.baidu.com/search/spider.html" 
123.133.162.74 - - [15/Aug/2019:06:01:30 -0700] "GET /plus/img/wbg.gif HTTP/1.1" 404 216 "https://www.baidu.com/" "Mozilla/5.0 (compatible; Baiduspider/2.0; +http://www.baidu.com/search/spider.html" 
123.133.162.74 - - [15/Aug/2019:06:01:30 -0700] "GET /data/cache/index.htm HTTP/1.1" 404 216 "https://www.baidu.com/" "Mozilla/5.0 (compatible; Baiduspider/2.0; +http://www.baidu.com/search/spider.html" 
123.133.162.74 - - [15/Aug/2019:06:01:30 -0700] "GET /member/space/person/common/css/css.css HTTP/1.1" 404 216 "https://www.baidu.com/" "Mozilla/5.0 (compatible; Baiduspider/2.0; +http://www.baidu.com/search/spider.html" 
123.133.162.74 - - [15/Aug/2019:06:01:31 -0700] "GET /member/space/person/common/css/css.css HTTP/1.1" 404 216 "https://www.baidu.com/" "Mozilla/5.0 (compatible; Baiduspider/2.0; +http://www.baidu.com/search/spider.html" 
123.133.162.74 - - [15/Aug/2019:06:01:31 -0700] "GET /plus/carbuyaction.php HTTP/1.1" 404 216 "https://www.baidu.com/" "Mozilla/5.0 (compatible; Baiduspider/2.0; +http://www.baidu.com/search/spider.html" 
123.133.162.74 - - [15/Aug/2019:06:01:31 -0700] "GET /member/images/dzh_logo.gif HTTP/1.1" 404 216 "https://www.baidu.com/" "Mozilla/5.0 (compatible; Baiduspider/2.0; +http://www.baidu.com/search/spider.html" 
123.133.162.74 - - [15/Aug/2019:06:01:31 -0700] "GET /data/admin/allowurl.txt HTTP/1.1" 404 216 "https://www.baidu.com/" "Mozilla/5.0 (compatible; Baiduspider/2.0; +http://www.baidu.com/search/spider.html" 
123.133.162.74 - - [15/Aug/2019:06:01:32 -0700] "GET /templets/default/style/dedecms.css HTTP/1.1" 404 216 "https://www.baidu.com/" "Mozilla/5.0 (compatible; Baiduspider/2.0; +http://www.baidu.com/search/spider.html" 
123.133.162.74 - - [15/Aug/2019:06:01:32 -0700] "GET /member/images/base.css HTTP/1.1" 404 216 "https://www.baidu.com/" "Mozilla/5.0 (compatible; Baiduspider/2.0; +http://www.baidu.com/search/spider.html" 
123.133.162.74 - - [15/Aug/2019:06:01:32 -0700] "GET /dede/templets/article_coonepage_rule.htm HTTP/1.1" 404 216 "https://www.baidu.com/" "Mozilla/5.0 (compatible; Baiduspider/2.0; +http://www.baidu.com/search/spider.html" 
123.133.162.74 - - [15/Aug/2019:06:01:32 -0700] "GET /templets/default/style/dedecms.css HTTP/1.1" 404 216 "https://www.baidu.com/" "Mozilla/5.0 (compatible; Baiduspider/2.0; +http://www.baidu.com/search/spider.html" 
123.133.162.74 - - [15/Aug/2019:06:01:33 -0700] "GET /templets/default/style/dedecms.css HTTP/1.1" 404 216 "https://www.baidu.com/" "Mozilla/5.0 (compatible; Baiduspider/2.0; +http://www.baidu.com/search/spider.html" 
123.133.162.74 - - [15/Aug/2019:06:01:33 -0700] "GET /data/admin/ver.txt HTTP/1.1" 404 216 "https://www.baidu.com/" "Mozilla/5.0 (compatible; Baiduspider/2.0; +http://www.baidu.com/search/spider.html" 
123.133.162.74 - - [15/Aug/2019:06:01:33 -0700] "GET /data/admin/ver.txt HTTP/1.1" 404 216 "https://www.baidu.com/" "Mozilla/5.0 (compatible; Baiduspider/2.0; +http://www.baidu.com/search/spider.html" 
123.133.162.74 - - [15/Aug/2019:06:01:34 -0700] "GET /data/cache/index.htm HTTP/1.1" 404 216 "https://www.baidu.com/" "Mozilla/5.0 (compatible; Baiduspider/2.0; +http://www.baidu.com/search/spider.html" 
123.133.162.74 - - [15/Aug/2019:06:01:34 -0700] "GET /data/admin/ver.txt HTTP/1.1" 404 216 "https://www.baidu.com/" "Mozilla/5.0 (compatible; Baiduspider/2.0; +http://www.baidu.com/search/spider.html" 
123.133.162.74 - - [15/Aug/2019:06:01:35 -0700] "GET /include/data/vdcode.jpg HTTP/1.1" 404 216 "https://www.baidu.com/" "Mozilla/5.0 (compatible; Baiduspider/2.0; +http://www.baidu.com/search/spider.html" 
178.137.16.246 - - [15/Aug/2019:06:02:22 -0700] "GET / HTTP/1.1" 200 46561 "https://jav-fetish.com/" "Mozilla/4.0 (compatible; MSIE 5.5; Windows 95; BCD2000)" 
178.137.16.246 - - [15/Aug/2019:06:02:22 -0700] "GET / HTTP/1.1" 200 46561 "https://jav-fetish.com/" "Mozilla/4.0 (compatible; MSIE 5.5; Windows 95; BCD2000)" 
178.137.16.246 - - [15/Aug/2019:06:02:23 -0700] "GET / HTTP/1.1" 200 46561 "https://jav-fetish.com/" "Mozilla/4.0 (compatible; MSIE 5.5; Windows 95; BCD2000)" 
216.244.66.245 - - [15/Aug/2019:06:13:23 -0700] "GET /robots.txt HTTP/1.1" 200 244 "-" "Mozilla/5.0 (compatible; DotBot/1.1; http://www.opensiteexplorer.org/dotbot, help@moz.com)" 
113.171.224.176 - - [15/Aug/2019:06:18:16 -0700] "GET /honeypot/Honeypot%20-%20Howto.pdf HTTP/1.1" 200 61320 "-" "Mozilla/5.0 Gecko/20100115 Firefox/3.6" 
202.97.136.228 - - [15/Aug/2019:06:27:09 -0700] "GET /favicon.ico HTTP/1.1" 200 302 "-" "Mozilla/5.0 (Windows NT 6.1; WOW64) AppleWebKit/537.36 (KHTML, like Gecko) Chrome/58.0.3029.110 Safari/537.36 SE 2.X MetaSr 1.0" 
38.18.51.235 - - [15/Aug/2019:06:30:08 -0700] "HEAD / HTTP/1.1" 200 346 "-" "python-requests/2.19.1" 
216.244.66.245 - - [15/Aug/2019:06:33:13 -0700] "GET /self.logs/error.log.2019-01-20.gz HTTP/1.1" 200 5308 "-" "Mozilla/5.0 (compatible; DotBot/1.1; http://www.opensiteexplorer.org/dotbot, help@moz.com)" 
38.18.51.235 - - [15/Aug/2019:06:42:33 -0700] "HEAD /self.logs/ HTTP/1.1" 200 194 "-" "python-requests/2.19.1" 
112.245.156.233 - - [15/Aug/2019:06:42:35 -0700] "HEAD / HTTP/1.1" 200 317 "http://www.secrepo.com/" "Mozilla/5.0 (Windows NT 10.0; WOW64) AppleWebKit/537.36 (KHTML, like Gecko) Chrome/69.0.3497.92 Safari/537.36" 
112.245.156.233 - - [15/Aug/2019:06:42:35 -0700] "HEAD / HTTP/1.1" 200 239 "https://www.baidu.com/" "Mozilla/5.0 (compatible; Baiduspider/2.0; +http://www.baidu.com/search/spider.html" 
112.245.156.233 - - [15/Aug/2019:06:42:35 -0700] "GET /favicon.ico HTTP/1.1" 200 224 "https://www.baidu.com/" "Mozilla/5.0 (compatible; Baiduspider/2.0; +http://www.baidu.com/search/spider.html" 
112.245.156.233 - - [15/Aug/2019:06:42:36 -0700] "GET /plus/bookfeedback.php HTTP/1.1" 404 216 "https://www.baidu.com/" "Mozilla/5.0 (compatible; Baiduspider/2.0; +http://www.baidu.com/search/spider.html" 
112.245.156.233 - - [15/Aug/2019:06:42:36 -0700] "GET /uploads/userup/index.html HTTP/1.1" 404 216 "https://www.baidu.com/" "Mozilla/5.0 (compatible; Baiduspider/2.0; +http://www.baidu.com/search/spider.html" 
112.245.156.233 - - [15/Aug/2019:06:42:36 -0700] "GET /favicon.ico HTTP/1.1" 200 224 "https://www.baidu.com/" "Mozilla/5.0 (compatible; Baiduspider/2.0; +http://www.baidu.com/search/spider.html" 
112.245.156.233 - - [15/Aug/2019:06:42:37 -0700] "GET /data/admin/ver.txt HTTP/1.1" 404 216 "https://www.baidu.com/" "Mozilla/5.0 (compatible; Baiduspider/2.0; +http://www.baidu.com/search/spider.html" 
112.245.156.233 - - [15/Aug/2019:06:42:37 -0700] "GET /data/admin/quickmenu.txt HTTP/1.1" 404 216 "https://www.baidu.com/" "Mozilla/5.0 (compatible; Baiduspider/2.0; +http://www.baidu.com/search/spider.html" 
112.245.156.233 - - [15/Aug/2019:06:42:37 -0700] "GET /data/admin/quickmenu.txt HTTP/1.1" 404 216 "https://www.baidu.com/" "Mozilla/5.0 (compatible; Baiduspider/2.0; +http://www.baidu.com/search/spider.html" 
112.245.156.233 - - [15/Aug/2019:06:42:37 -0700] "GET /data/admin/ver.txt HTTP/1.1" 404 216 "https://www.baidu.com/" "Mozilla/5.0 (compatible; Baiduspider/2.0; +http://www.baidu.com/search/spider.html" 
112.245.156.233 - - [15/Aug/2019:06:42:38 -0700] "GET /robots.txt HTTP/1.1" 200 210 "https://www.baidu.com/" "Mozilla/5.0 (compatible; Baiduspider/2.0; +http://www.baidu.com/search/spider.html" 
112.245.156.233 - - [15/Aug/2019:06:42:38 -0700] "GET /include/taglib/help/flink.txt HTTP/1.1" 404 216 "https://www.baidu.com/" "Mozilla/5.0 (compatible; Baiduspider/2.0; +http://www.baidu.com/search/spider.html" 
112.245.156.233 - - [15/Aug/2019:06:42:39 -0700] "GET /plus/img/df_dedetitle.gif HTTP/1.1" 404 216 "https://www.baidu.com/" "Mozilla/5.0 (compatible; Baiduspider/2.0; +http://www.baidu.com/search/spider.html" 
112.245.156.233 - - [15/Aug/2019:06:42:39 -0700] "GET /templets/default/images/logo.gif HTTP/1.1" 404 216 "https://www.baidu.com/" "Mozilla/5.0 (compatible; Baiduspider/2.0; +http://www.baidu.com/search/spider.html" 
112.245.156.233 - - [15/Aug/2019:06:42:39 -0700] "GET /templets/default/images/logo.gif HTTP/1.1" 404 216 "https://www.baidu.com/" "Mozilla/5.0 (compatible; Baiduspider/2.0; +http://www.baidu.com/search/spider.html" 
112.245.156.233 - - [15/Aug/2019:06:42:39 -0700] "GET /member/space/person/header.htm HTTP/1.1" 404 216 "https://www.baidu.com/" "Mozilla/5.0 (compatible; Baiduspider/2.0; +http://www.baidu.com/search/spider.html" 
112.245.156.233 - - [15/Aug/2019:06:42:40 -0700] "GET /data/admin/ver.txt HTTP/1.1" 404 216 "https://www.baidu.com/" "Mozilla/5.0 (compatible; Baiduspider/2.0; +http://www.baidu.com/search/spider.html" 
112.245.156.233 - - [15/Aug/2019:06:42:40 -0700] "GET /dede/img/admin_top_logo.gif HTTP/1.1" 404 216 "https://www.baidu.com/" "Mozilla/5.0 (compatible; Baiduspider/2.0; +http://www.baidu.com/search/spider.html" 
112.245.156.233 - - [15/Aug/2019:06:42:41 -0700] "GET /plus/carbuyaction.php HTTP/1.1" 404 216 "https://www.baidu.com/" "Mozilla/5.0 (compatible; Baiduspider/2.0; +http://www.baidu.com/search/spider.html" 
112.245.156.233 - - [15/Aug/2019:06:42:41 -0700] "GET /data/admin/allowurl.txt HTTP/1.1" 404 216 "https://www.baidu.com/" "Mozilla/5.0 (compatible; Baiduspider/2.0; +http://www.baidu.com/search/spider.html" 
112.245.156.233 - - [15/Aug/2019:06:42:41 -0700] "GET /favicon.ico HTTP/1.1" 200 224 "https://www.baidu.com/" "Mozilla/5.0 (compatible; Baiduspider/2.0; +http://www.baidu.com/search/spider.html" 
112.245.156.233 - - [15/Aug/2019:06:42:41 -0700] "GET /images/loadinglit.gif HTTP/1.1" 404 216 "https://www.baidu.com/" "Mozilla/5.0 (compatible; Baiduspider/2.0; +http://www.baidu.com/search/spider.html" 
112.245.156.233 - - [15/Aug/2019:06:42:42 -0700] "GET /data/cache/inc_catalog_base.inc HTTP/1.1" 404 216 "https://www.baidu.com/" "Mozilla/5.0 (compatible; Baiduspider/2.0; +http://www.baidu.com/search/spider.html" 
112.245.156.233 - - [15/Aug/2019:06:42:42 -0700] "GET /member/images/member.gif HTTP/1.1" 404 216 "https://www.baidu.com/" "Mozilla/5.0 (compatible; Baiduspider/2.0; +http://www.baidu.com/search/spider.html" 
112.245.156.233 - - [15/Aug/2019:06:42:42 -0700] "GET /member/templets/images/login_logo.gif HTTP/1.1" 404 216 "https://www.baidu.com/" "Mozilla/5.0 (compatible; Baiduspider/2.0; +http://www.baidu.com/search/spider.html" 
112.245.156.233 - - [15/Aug/2019:06:42:42 -0700] "GET /plus/img/wbg.gif HTTP/1.1" 404 216 "https://www.baidu.com/" "Mozilla/5.0 (compatible; Baiduspider/2.0; +http://www.baidu.com/search/spider.html" 
112.245.156.233 - - [15/Aug/2019:06:42:43 -0700] "GET /data/cache/index.htm HTTP/1.1" 404 216 "https://www.baidu.com/" "Mozilla/5.0 (compatible; Baiduspider/2.0; +http://www.baidu.com/search/spider.html" 
112.245.156.233 - - [15/Aug/2019:06:42:43 -0700] "GET /member/space/person/common/css/css.css HTTP/1.1" 404 216 "https://www.baidu.com/" "Mozilla/5.0 (compatible; Baiduspider/2.0; +http://www.baidu.com/search/spider.html" 
112.245.156.233 - - [15/Aug/2019:06:42:43 -0700] "GET /member/space/person/common/css/css.css HTTP/1.1" 404 216 "https://www.baidu.com/" "Mozilla/5.0 (compatible; Baiduspider/2.0; +http://www.baidu.com/search/spider.html" 
112.245.156.233 - - [15/Aug/2019:06:42:44 -0700] "GET /plus/carbuyaction.php HTTP/1.1" 404 216 "https://www.baidu.com/" "Mozilla/5.0 (compatible; Baiduspider/2.0; +http://www.baidu.com/search/spider.html" 
112.245.156.233 - - [15/Aug/2019:06:42:45 -0700] "GET /member/images/dzh_logo.gif HTTP/1.1" 404 216 "https://www.baidu.com/" "Mozilla/5.0 (compatible; Baiduspider/2.0; +http://www.baidu.com/search/spider.html" 
112.245.156.233 - - [15/Aug/2019:06:42:45 -0700] "GET /data/admin/allowurl.txt HTTP/1.1" 404 216 "https://www.baidu.com/" "Mozilla/5.0 (compatible; Baiduspider/2.0; +http://www.baidu.com/search/spider.html" 
112.245.156.233 - - [15/Aug/2019:06:42:45 -0700] "GET /templets/default/style/dedecms.css HTTP/1.1" 404 216 "https://www.baidu.com/" "Mozilla/5.0 (compatible; Baiduspider/2.0; +http://www.baidu.com/search/spider.html" 
112.245.156.233 - - [15/Aug/2019:06:42:47 -0700] "GET /member/images/base.css HTTP/1.1" 404 216 "https://www.baidu.com/" "Mozilla/5.0 (compatible; Baiduspider/2.0; +http://www.baidu.com/search/spider.html" 
112.245.156.233 - - [15/Aug/2019:06:42:47 -0700] "GET /dede/templets/article_coonepage_rule.htm HTTP/1.1" 404 216 "https://www.baidu.com/" "Mozilla/5.0 (compatible; Baiduspider/2.0; +http://www.baidu.com/search/spider.html" 
112.245.156.233 - - [15/Aug/2019:06:42:47 -0700] "GET /templets/default/style/dedecms.css HTTP/1.1" 404 216 "https://www.baidu.com/" "Mozilla/5.0 (compatible; Baiduspider/2.0; +http://www.baidu.com/search/spider.html" 
112.245.156.233 - - [15/Aug/2019:06:42:47 -0700] "GET /templets/default/style/dedecms.css HTTP/1.1" 404 216 "https://www.baidu.com/" "Mozilla/5.0 (compatible; Baiduspider/2.0; +http://www.baidu.com/search/spider.html" 
112.245.156.233 - - [15/Aug/2019:06:42:48 -0700] "GET /data/admin/ver.txt HTTP/1.1" 404 216 "https://www.baidu.com/" "Mozilla/5.0 (compatible; Baiduspider/2.0; +http://www.baidu.com/search/spider.html" 
112.245.156.233 - - [15/Aug/2019:06:42:48 -0700] "GET /data/admin/ver.txt HTTP/1.1" 404 216 "https://www.baidu.com/" "Mozilla/5.0 (compatible; Baiduspider/2.0; +http://www.baidu.com/search/spider.html" 
112.245.156.233 - - [15/Aug/2019:06:42:48 -0700] "GET /data/cache/index.htm HTTP/1.1" 404 216 "https://www.baidu.com/" "Mozilla/5.0 (compatible; Baiduspider/2.0; +http://www.baidu.com/search/spider.html" 
112.245.156.233 - - [15/Aug/2019:06:42:48 -0700] "GET /data/admin/ver.txt HTTP/1.1" 404 216 "https://www.baidu.com/" "Mozilla/5.0 (compatible; Baiduspider/2.0; +http://www.baidu.com/search/spider.html" 
112.245.156.233 - - [15/Aug/2019:06:42:49 -0700] "GET /include/data/vdcode.jpg HTTP/1.1" 404 216 "https://www.baidu.com/" "Mozilla/5.0 (compatible; Baiduspider/2.0; +http://www.baidu.com/search/spider.html" 
125.63.24.207 - - [15/Aug/2019:06:45:42 -0700] "GET /tg/a.zip HTTP/1.1" 200 1039520 "-" "Mozilla/5.0 (iPad; CPU OS 12_3_1 like Mac OS X) AppleWebKit/605.1.15 (KHTML, like Gecko) Version/12.1.1 Mobile/15E148 Safari/604.1" 
173.211.79.115 - - [15/Aug/2019:06:45:53 -0700] "HEAD / HTTP/1.1" 200 346 "-" "python-requests/2.19.1" 
206.180.175.79 - - [15/Aug/2019:06:46:03 -0700] "HEAD / HTTP/1.1" 200 346 "-" "python-requests/2.19.1" 
125.63.24.207 - - [15/Aug/2019:06:46:08 -0700] "GET / HTTP/1.1" 200 12430 "-" "Mozilla/5.0 (iPad; CPU OS 12_3_1 like Mac OS X) AppleWebKit/605.1.15 (KHTML, like Gecko) Version/12.1.1 Mobile/15E148 Safari/604.1" 
125.63.24.207 - - [15/Aug/2019:06:46:08 -0700] "GET /css/style.css HTTP/1.1" 404 271 "http://www.secrepo.com/" "Mozilla/5.0 (iPad; CPU OS 12_3_1 like Mac OS X) AppleWebKit/605.1.15 (KHTML, like Gecko) Version/12.1.1 Mobile/15E148 Safari/604.1" 
125.63.24.207 - - [15/Aug/2019:06:46:08 -0700] "GET /twitter-icon.png HTTP/1.1" 200 27810 "http://www.secrepo.com/" "Mozilla/5.0 (iPad; CPU OS 12_3_1 like Mac OS X) AppleWebKit/605.1.15 (KHTML, like Gecko) Version/12.1.1 Mobile/15E148 Safari/604.1" 
125.63.24.207 - - [15/Aug/2019:06:46:08 -0700] "GET /GitHub-Mark.png HTTP/1.1" 200 7450 "http://www.secrepo.com/" "Mozilla/5.0 (iPad; CPU OS 12_3_1 like Mac OS X) AppleWebKit/605.1.15 (KHTML, like Gecko) Version/12.1.1 Mobile/15E148 Safari/604.1" 
125.63.24.207 - - [15/Aug/2019:06:46:11 -0700] "GET /bootstrap/img/favicon.ico HTTP/1.1" 200 624 "http://www.secrepo.com/" "Mozilla/5.0 (iPad; CPU OS 12_3_1 like Mac OS X) AppleWebKit/605.1.15 (KHTML, like Gecko) Version/12.1.1 Mobile/15E148 Safari/604.1" 
38.18.33.9 - - [15/Aug/2019:06:48:31 -0700] "HEAD / HTTP/1.1" 200 346 "-" "python-requests/2.19.1" 
216.41.144.207 - - [15/Aug/2019:06:49:08 -0700] "HEAD / HTTP/1.1" 200 346 "-" "python-requests/2.19.1" 
38.18.37.46 - - [15/Aug/2019:06:49:30 -0700] "HEAD / HTTP/1.1" 200 346 "-" "python-requests/2.19.1" 
38.18.55.28 - - [15/Aug/2019:06:49:38 -0700] "HEAD / HTTP/1.1" 200 346 "-" "python-requests/2.19.1" 
173.211.79.57 - - [15/Aug/2019:06:52:03 -0700] "HEAD / HTTP/1.1" 200 346 "-" "python-requests/2.19.1" 
67.203.6.154 - - [15/Aug/2019:06:52:28 -0700] "HEAD / HTTP/1.1" 200 346 "-" "python-requests/2.19.1" 
206.180.177.205 - - [15/Aug/2019:06:52:51 -0700] "HEAD / HTTP/1.1" 200 346 "-" "python-requests/2.19.1" 
67.203.6.181 - - [15/Aug/2019:06:52:58 -0700] "HEAD / HTTP/1.1" 200 346 "-" "python-requests/2.19.1" 
160.202.39.94 - - [15/Aug/2019:06:55:08 -0700] "GET / HTTP/1.1" 200 12430 "-" "Mozilla/5.0 (X11; Linux x86_64) AppleWebKit/537.36 (KHTML, like Gecko) Chrome/76.0.3809.87 Safari/537.36" 
160.202.39.94 - - [15/Aug/2019:06:55:09 -0700] "GET /css/style.css HTTP/1.1" 404 271 "http://www.secrepo.com/" "Mozilla/5.0 (X11; Linux x86_64) AppleWebKit/537.36 (KHTML, like Gecko) Chrome/76.0.3809.87 Safari/537.36" 
160.202.39.94 - - [15/Aug/2019:06:55:09 -0700] "GET /twitter-icon.png HTTP/1.1" 200 27810 "http://www.secrepo.com/" "Mozilla/5.0 (X11; Linux x86_64) AppleWebKit/537.36 (KHTML, like Gecko) Chrome/76.0.3809.87 Safari/537.36" 
160.202.39.94 - - [15/Aug/2019:06:55:09 -0700] "GET /GitHub-Mark.png HTTP/1.1" 200 7427 "http://www.secrepo.com/" "Mozilla/5.0 (X11; Linux x86_64) AppleWebKit/537.36 (KHTML, like Gecko) Chrome/76.0.3809.87 Safari/537.36" 
160.202.39.94 - - [15/Aug/2019:06:55:10 -0700] "GET /bootstrap/img/favicon.ico HTTP/1.1" 200 601 "http://www.secrepo.com/" "Mozilla/5.0 (X11; Linux x86_64) AppleWebKit/537.36 (KHTML, like Gecko) Chrome/76.0.3809.87 Safari/537.36" 
38.18.59.158 - - [15/Aug/2019:06:55:31 -0700] "HEAD / HTTP/1.1" 200 346 "-" "python-requests/2.19.1" 
206.180.187.31 - - [15/Aug/2019:06:56:03 -0700] "HEAD / HTTP/1.1" 200 346 "-" "python-requests/2.19.1" 
67.214.166.195 - - [15/Aug/2019:06:56:28 -0700] "HEAD / HTTP/1.1" 200 346 "-" "python-requests/2.19.1" 
67.227.33.170 - - [15/Aug/2019:06:56:31 -0700] "HEAD / HTTP/1.1" 200 346 "-" "python-requests/2.19.1" 
59.64.129.122 - - [15/Aug/2019:06:58:30 -0700] "GET /favicon.ico HTTP/1.1" 200 302 "-" "Mozilla/5.0 (Windows NT 10.0; WOW64) AppleWebKit/537.36 (KHTML, like Gecko) Chrome/63.0.3239.132 Safari/537.36" 
216.244.66.245 - - [15/Aug/2019:06:58:45 -0700] "GET /robots.txt HTTP/1.1" 200 244 "-" "Mozilla/5.0 (compatible; DotBot/1.1; http://www.opensiteexplorer.org/dotbot, help@moz.com)" 
38.18.32.193 - - [15/Aug/2019:06:59:05 -0700] "HEAD / HTTP/1.1" 200 346 "-" "python-requests/2.19.1" 
38.18.50.179 - - [15/Aug/2019:06:59:32 -0700] "HEAD / HTTP/1.1" 200 346 "-" "python-requests/2.19.1" 
216.41.146.185 - - [15/Aug/2019:06:59:48 -0700] "HEAD / HTTP/1.1" 200 346 "-" "python-requests/2.19.1" 
108.62.9.239 - - [15/Aug/2019:07:00:01 -0700] "HEAD / HTTP/1.1" 200 346 "-" "python-requests/2.19.1" 
216.41.155.40 - - [15/Aug/2019:07:02:31 -0700] "HEAD / HTTP/1.1" 200 346 "-" "python-requests/2.19.1" 
162.210.196.129 - - [15/Aug/2019:07:04:33 -0700] "GET /robots.txt HTTP/1.1" 200 288 "-" "Mozilla/5.0 (compatible; MJ12bot/v1.4.8; http://mj12bot.com/)" 
162.210.196.129 - - [15/Aug/2019:07:04:36 -0700] "GET / HTTP/1.1" 200 12385 "-" "Mozilla/5.0 (compatible; MJ12bot/v1.4.8; http://mj12bot.com/)" 
218.30.103.113 - - [15/Aug/2019:07:10:55 -0700] "GET /robots.txt HTTP/1.1" 301 458 "-" "Sogou web spider/4.0(+http://www.sogou.com/docs/help/webmasters.htm#07)" 
218.30.103.113 - - [15/Aug/2019:07:10:55 -0700] "GET / HTTP/1.1" 301 438 "-" "Sogou web spider/4.0(+http://www.sogou.com/docs/help/webmasters.htm#07)" 
218.30.103.113 - - [15/Aug/2019:07:11:00 -0700] "GET /robots.txt HTTP/1.1" 200 251 "-" "Sogou web spider/4.0(+http://www.sogou.com/docs/help/webmasters.htm#07)" 
218.30.103.113 - - [15/Aug/2019:07:12:04 -0700] "GET / HTTP/1.1" 200 12392 "-" "Sogou web spider/4.0(+http://www.sogou.com/docs/help/webmasters.htm#07)" 
123.126.113.87 - - [15/Aug/2019:07:12:08 -0700] "GET /css/style.css HTTP/1.1" 404 257 "-" "Mozilla/4.0 (compatible; MSIE 7.0; Windows NT 6.0; Trident/4.0)" 
194.85.160.55 - - [15/Aug/2019:07:12:21 -0700] "GET / HTTP/1.1" 200 12429 "-" "Mozilla/5.0 (Windows NT 10.0; Win64; x64) AppleWebKit/537.36 (KHTML, like Gecko) Chrome/76.0.3809.100 Safari/537.36" 
194.85.160.55 - - [15/Aug/2019:07:12:22 -0700] "GET /css/style.css HTTP/1.1" 404 271 "http://www.secrepo.com/" "Mozilla/5.0 (Windows NT 10.0; Win64; x64) AppleWebKit/537.36 (KHTML, like Gecko) Chrome/76.0.3809.100 Safari/537.36" 
194.85.160.55 - - [15/Aug/2019:07:12:22 -0700] "GET /twitter-icon.png HTTP/1.1" 200 27787 "http://www.secrepo.com/" "Mozilla/5.0 (Windows NT 10.0; Win64; x64) AppleWebKit/537.36 (KHTML, like Gecko) Chrome/76.0.3809.100 Safari/537.36" 
194.85.160.55 - - [15/Aug/2019:07:12:22 -0700] "GET /GitHub-Mark.png HTTP/1.1" 200 7450 "http://www.secrepo.com/" "Mozilla/5.0 (Windows NT 10.0; Win64; x64) AppleWebKit/537.36 (KHTML, like Gecko) Chrome/76.0.3809.100 Safari/537.36" 
194.85.160.55 - - [15/Aug/2019:07:12:23 -0700] "GET /bootstrap/img/favicon.ico HTTP/1.1" 200 601 "http://www.secrepo.com/" "Mozilla/5.0 (Windows NT 10.0; Win64; x64) AppleWebKit/537.36 (KHTML, like Gecko) Chrome/76.0.3809.100 Safari/537.36" 
123.30.175.162 - - [15/Aug/2019:07:13:20 -0700] "GET /robots.txt HTTP/1.1" 301 458 "-" "Mozilla/5.0 (compatible; coccocbot-image/1.0; +http://help.coccoc.com/searchengine)" 
123.30.175.162 - - [15/Aug/2019:07:13:23 -0700] "GET /robots.txt HTTP/1.1" 200 251 "-" "Mozilla/5.0 (compatible; coccocbot-image/1.0; +http://help.coccoc.com/searchengine)" 
46.119.121.39 - - [15/Aug/2019:07:17:00 -0700] "GET / HTTP/1.1" 200 46561 "http://kinozapas.com/" "Mozilla/4.0 (compatible; MSIE 6.0; Windows NT 5.1; Maxthon; .NET CLR 1.1.4322)" 
46.119.121.39 - - [15/Aug/2019:07:17:01 -0700] "GET / HTTP/1.1" 200 46561 "http://kinozapas.com/" "Mozilla/4.0 (compatible; MSIE 6.0; Windows NT 5.1; Maxthon; .NET CLR 1.1.4322)" 
46.119.121.39 - - [15/Aug/2019:07:17:02 -0700] "GET / HTTP/1.1" 200 46561 "http://kinozapas.com/" "Mozilla/4.0 (compatible; MSIE 6.0; Windows NT 5.1; Maxthon; .NET CLR 1.1.4322)" 
216.244.66.245 - - [15/Aug/2019:07:18:12 -0700] "GET /self.logs/error.log.2019-02-01.gz HTTP/1.1" 200 3363 "-" "Mozilla/5.0 (compatible; DotBot/1.1; http://www.opensiteexplorer.org/dotbot, help@moz.com)" 
35.202.0.34 - - [15/Aug/2019:07:21:11 -0700] "GET /ads.txt HTTP/1.1" 301 452 "-" "Go-http-client/1.1" 
35.202.0.34 - - [15/Aug/2019:07:21:11 -0700] "GET /ads.txt HTTP/1.1" 404 257 "http://secrepo.com/ads.txt" "Go-http-client/1.1" 
113.171.224.176 - - [15/Aug/2019:07:24:20 -0700] "GET /honeypot/Honeypot%20-%20Howto.pdf HTTP/1.1" 200 61320 "-" "Mozilla/5.0 Gecko/20100115 Firefox/3.6" 
173.211.79.115 - - [15/Aug/2019:07:35:52 -0700] "HEAD / HTTP/1.1" 200 346 "-" "python-requests/2.19.1" 
38.18.51.235 - - [15/Aug/2019:07:36:12 -0700] "HEAD / HTTP/1.1" 200 346 "-" "python-requests/2.19.1" 
40.77.167.159 - - [15/Aug/2019:07:36:20 -0700] "GET /honeypot/Honeypot%20-%20Howto%20-%20BSides%20Austin.pdf HTTP/1.1" 304 177 "-" "Mozilla/5.0 (compatible; bingbot/2.0; +http://www.bing.com/bingbot.htm)" 
216.244.66.245 - - [15/Aug/2019:07:43:46 -0700] "GET /robots.txt HTTP/1.1" 200 244 "-" "Mozilla/5.0 (compatible; DotBot/1.1; http://www.opensiteexplorer.org/dotbot, help@moz.com)" 
173.211.79.115 - - [15/Aug/2019:07:48:56 -0700] "HEAD / HTTP/1.1" 200 346 "-" "python-requests/2.19.1" 
38.18.51.235 - - [15/Aug/2019:07:50:28 -0700] "HEAD / HTTP/1.1" 200 346 "-" "python-requests/2.19.1" 
206.180.175.79 - - [15/Aug/2019:07:51:45 -0700] "HEAD / HTTP/1.1" 200 346 "-" "python-requests/2.19.1" 
38.18.55.28 - - [15/Aug/2019:07:52:28 -0700] "HEAD / HTTP/1.1" 200 346 "-" "python-requests/2.19.1" 
40.77.167.159 - - [15/Aug/2019:07:53:38 -0700] "GET /Datasets%20Description/HTML_Bro_log_1/ HTTP/1.1" 200 755 "-" "Mozilla/5.0 (compatible; bingbot/2.0; +http://www.bing.com/bingbot.htm)" 
216.41.144.207 - - [15/Aug/2019:07:53:43 -0700] "HEAD / HTTP/1.1" 200 346 "-" "python-requests/2.19.1" 
173.211.79.57 - - [15/Aug/2019:07:55:11 -0700] "HEAD / HTTP/1.1" 200 346 "-" "python-requests/2.19.1" 
38.18.37.46 - - [15/Aug/2019:07:55:57 -0700] "HEAD / HTTP/1.1" 200 346 "-" "python-requests/2.19.1" 
38.18.59.158 - - [15/Aug/2019:07:56:14 -0700] "HEAD / HTTP/1.1" 200 346 "-" "python-requests/2.19.1" 
38.18.50.179 - - [15/Aug/2019:07:57:00 -0700] "HEAD / HTTP/1.1" 200 346 "-" "python-requests/2.19.1" 
67.203.6.154 - - [15/Aug/2019:07:58:42 -0700] "HEAD / HTTP/1.1" 200 346 "-" "python-requests/2.19.1" 
206.180.177.205 - - [15/Aug/2019:07:59:34 -0700] "HEAD / HTTP/1.1" 200 346 "-" "python-requests/2.19.1" 
67.203.6.181 - - [15/Aug/2019:07:59:36 -0700] "HEAD / HTTP/1.1" 200 346 "-" "python-requests/2.19.1" 
206.180.187.31 - - [15/Aug/2019:08:00:34 -0700] "HEAD / HTTP/1.1" 200 346 "-" "python-requests/2.19.1" 
67.214.166.195 - - [15/Aug/2019:08:02:21 -0700] "HEAD / HTTP/1.1" 200 346 "-" "python-requests/2.19.1" 
67.227.33.170 - - [15/Aug/2019:08:03:08 -0700] "HEAD / HTTP/1.1" 200 346 "-" "python-requests/2.19.1" 
108.62.9.239 - - [15/Aug/2019:08:03:12 -0700] "HEAD / HTTP/1.1" 200 346 "-" "python-requests/2.19.1" 
38.18.36.2 - - [15/Aug/2019:08:04:06 -0700] "HEAD / HTTP/1.1" 200 346 "-" "python-requests/2.19.1" 
216.244.66.245 - - [15/Aug/2019:08:04:09 -0700] "GET /self.logs/access.log.2019-01-30.gz HTTP/1.1" 200 29467 "-" "Mozilla/5.0 (compatible; DotBot/1.1; http://www.opensiteexplorer.org/dotbot, help@moz.com)" 
216.244.66.245 - - [15/Aug/2019:08:04:12 -0700] "GET /self.logs/error.log.2019-01-21.gz HTTP/1.1" 200 4772 "-" "Mozilla/5.0 (compatible; DotBot/1.1; http://www.opensiteexplorer.org/dotbot, help@moz.com)" 
206.180.173.58 - - [15/Aug/2019:08:06:27 -0700] "HEAD / HTTP/1.1" 200 346 "-" "python-requests/2.19.1" 
38.18.32.193 - - [15/Aug/2019:08:06:34 -0700] "HEAD / HTTP/1.1" 200 346 "-" "python-requests/2.19.1" 
172.83.43.132 - - [15/Aug/2019:08:16:54 -0700] "GET / HTTP/1.1" 200 12430 "-" "Vienna/7074 (Macintosh; Intel macOS 10_13_6)" 
35.222.153.75 - - [15/Aug/2019:08:21:09 -0700] "GET /ads.txt HTTP/1.1" 301 452 "-" "Go-http-client/1.1" 
35.222.153.75 - - [15/Aug/2019:08:21:09 -0700] "GET /ads.txt HTTP/1.1" 404 257 "http://secrepo.com/ads.txt" "Go-http-client/1.1" 
216.244.66.245 - - [15/Aug/2019:08:28:38 -0700] "GET /robots.txt HTTP/1.1" 200 244 "-" "Mozilla/5.0 (compatible; DotBot/1.1; http://www.opensiteexplorer.org/dotbot, help@moz.com)" 
113.171.224.176 - - [15/Aug/2019:08:32:04 -0700] "GET /honeypot/Honeypot%20-%20Howto.pdf HTTP/1.1" 200 61320 "-" "Mozilla/5.0 Gecko/20100115 Firefox/3.6" 
38.18.51.235 - - [15/Aug/2019:08:39:16 -0700] "HEAD / HTTP/1.1" 200 346 "-" "python-requests/2.19.1" 
103.81.182.229 - - [15/Aug/2019:08:47:33 -0700] "GET /xmlrpc.php HTTP/1.1" 404 294 "-" "Mozilla/5.0 (X11; Linux i686; rv:2.0.1) Gecko/20100101 Firefox/4.0.1" 
91.121.114.64 - - [15/Aug/2019:08:48:11 -0700] "GET / HTTP/1.1" 200 46561 "-" "Mozilla/5.0 (Macintosh; Intel Mac OS X 10_12_6) AppleWebKit/537.36 (KHTML, like Gecko) Chrome/60.0.3112.113 Safari/537.36" 
216.244.66.245 - - [15/Aug/2019:08:48:37 -0700] "GET /self.logs/access.log.2019-01-14.gz HTTP/1.1" 200 25637 "-" "Mozilla/5.0 (compatible; DotBot/1.1; http://www.opensiteexplorer.org/dotbot, help@moz.com)" 
216.244.66.245 - - [15/Aug/2019:08:48:41 -0700] "GET /self.logs/error.log.2019-01-15.gz HTTP/1.1" 200 4765 "-" "Mozilla/5.0 (compatible; DotBot/1.1; http://www.opensiteexplorer.org/dotbot, help@moz.com)" 
35.225.181.161 - - [15/Aug/2019:08:48:54 -0700] "GET / HTTP/1.1" 301 475 "-" "Mozilla/5.0 (X11; Linux x86_64) AppleWebKit/537.36 (KHTML, like Gecko) Chrome/74.0.3729.169 Safari/537.36" 
35.225.181.161 - - [15/Aug/2019:08:48:54 -0700] "GET / HTTP/1.1" 200 12430 "-" "Mozilla/5.0 (X11; Linux x86_64) AppleWebKit/537.36 (KHTML, like Gecko) Chrome/74.0.3729.169 Safari/537.36" 
93.124.77.43 - - [15/Aug/2019:08:49:40 -0700] "GET / HTTP/1.1" 404 0 "http://www.secrepo.com/" "Mozilla/4.0 (compatible; MSIE 6.0; Windows NT 5.1; SV1)" 
38.18.51.235 - - [15/Aug/2019:08:51:01 -0700] "HEAD / HTTP/1.1" 200 346 "-" "python-requests/2.19.1" 
206.180.175.79 - - [15/Aug/2019:08:52:54 -0700] "HEAD / HTTP/1.1" 200 346 "-" "python-requests/2.19.1" 
173.211.79.115 - - [15/Aug/2019:08:53:08 -0700] "HEAD / HTTP/1.1" 200 346 "-" "python-requests/2.19.1" 
38.18.55.28 - - [15/Aug/2019:08:53:27 -0700] "HEAD / HTTP/1.1" 200 346 "-" "python-requests/2.19.1" 
173.211.79.57 - - [15/Aug/2019:08:54:24 -0700] "HEAD / HTTP/1.1" 200 346 "-" "python-requests/2.19.1" 
38.18.33.9 - - [15/Aug/2019:08:55:47 -0700] "HEAD / HTTP/1.1" 200 346 "-" "python-requests/2.19.1" 
216.41.144.207 - - [15/Aug/2019:08:56:18 -0700] "HEAD / HTTP/1.1" 200 346 "-" "python-requests/2.19.1" 
38.18.59.158 - - [15/Aug/2019:08:56:29 -0700] "HEAD / HTTP/1.1" 200 346 "-" "python-requests/2.19.1" 
38.18.50.179 - - [15/Aug/2019:08:56:48 -0700] "HEAD / HTTP/1.1" 200 346 "-" "python-requests/2.19.1" 
38.18.37.46 - - [15/Aug/2019:08:56:59 -0700] "HEAD / HTTP/1.1" 200 346 "-" "python-requests/2.19.1" 
67.203.6.154 - - [15/Aug/2019:08:57:06 -0700] "HEAD / HTTP/1.1" 200 346 "-" "python-requests/2.19.1" 
108.62.9.239 - - [15/Aug/2019:08:57:57 -0700] "HEAD / HTTP/1.1" 200 346 "-" "python-requests/2.19.1" 
38.18.36.2 - - [15/Aug/2019:08:58:47 -0700] "HEAD / HTTP/1.1" 200 346 "-" "python-requests/2.19.1" 
206.180.173.58 - - [15/Aug/2019:08:59:07 -0700] "HEAD / HTTP/1.1" 200 346 "-" "python-requests/2.19.1" 
38.18.47.114 - - [15/Aug/2019:08:59:51 -0700] "HEAD / HTTP/1.1" 200 346 "-" "python-requests/2.19.1" 
206.180.177.205 - - [15/Aug/2019:08:59:57 -0700] "HEAD / HTTP/1.1" 200 346 "-" "python-requests/2.19.1" 
216.41.147.190 - - [15/Aug/2019:09:00:21 -0700] "HEAD / HTTP/1.1" 200 346 "-" "python-requests/2.19.1" 
38.18.41.6 - - [15/Aug/2019:09:00:26 -0700] "HEAD / HTTP/1.1" 200 346 "-" "python-requests/2.19.1" 
38.18.50.105 - - [15/Aug/2019:09:00:47 -0700] "HEAD / HTTP/1.1" 200 346 "-" "python-requests/2.19.1" 
67.203.6.181 - - [15/Aug/2019:09:01:32 -0700] "HEAD / HTTP/1.1" 200 346 "-" "python-requests/2.19.1" 
206.180.187.31 - - [15/Aug/2019:09:02:29 -0700] "HEAD / HTTP/1.1" 200 346 "-" "python-requests/2.19.1" 
67.214.166.195 - - [15/Aug/2019:09:02:35 -0700] "HEAD / HTTP/1.1" 200 346 "-" "python-requests/2.19.1" 
67.227.33.170 - - [15/Aug/2019:09:03:20 -0700] "HEAD / HTTP/1.1" 200 346 "-" "python-requests/2.19.1" 
38.18.32.193 - - [15/Aug/2019:09:03:31 -0700] "HEAD / HTTP/1.1" 200 346 "-" "python-requests/2.19.1" 
216.41.146.185 - - [15/Aug/2019:09:03:47 -0700] "HEAD / HTTP/1.1" 200 346 "-" "python-requests/2.19.1" 
216.41.155.40 - - [15/Aug/2019:09:03:51 -0700] "HEAD / HTTP/1.1" 200 346 "-" "python-requests/2.19.1" 
206.180.185.29 - - [15/Aug/2019:09:04:29 -0700] "HEAD / HTTP/1.1" 200 346 "-" "python-requests/2.19.1" 
216.41.152.21 - - [15/Aug/2019:09:04:58 -0700] "HEAD / HTTP/1.1" 200 346 "-" "python-requests/2.19.1" 
38.18.32.73 - - [15/Aug/2019:09:05:49 -0700] "HEAD / HTTP/1.1" 200 346 "-" "python-requests/2.19.1" 
38.18.45.1 - - [15/Aug/2019:09:06:09 -0700] "HEAD / HTTP/1.1" 200 346 "-" "python-requests/2.19.1" 
173.211.77.134 - - [15/Aug/2019:09:06:29 -0700] "HEAD / HTTP/1.1" 200 346 "-" "python-requests/2.19.1" 
38.18.52.149 - - [15/Aug/2019:09:07:04 -0700] "HEAD / HTTP/1.1" 200 346 "-" "python-requests/2.19.1" 
38.18.32.109 - - [15/Aug/2019:09:07:16 -0700] "HEAD / HTTP/1.1" 200 346 "-" "python-requests/2.19.1" 
23.82.166.58 - - [15/Aug/2019:09:07:27 -0700] "HEAD / HTTP/1.1" 200 346 "-" "python-requests/2.19.1" 
67.227.39.65 - - [15/Aug/2019:09:07:38 -0700] "HEAD / HTTP/1.1" 200 346 "-" "python-requests/2.19.1" 
216.41.151.180 - - [15/Aug/2019:09:09:15 -0700] "HEAD / HTTP/1.1" 200 346 "-" "python-requests/2.19.1" 
206.180.186.78 - - [15/Aug/2019:09:09:36 -0700] "HEAD / HTTP/1.1" 200 346 "-" "python-requests/2.19.1" 
173.211.79.254 - - [15/Aug/2019:09:10:54 -0700] "HEAD / HTTP/1.1" 200 346 "-" "python-requests/2.19.1" 
38.18.60.86 - - [15/Aug/2019:09:11:06 -0700] "HEAD / HTTP/1.1" 200 346 "-" "python-requests/2.19.1" 
40.77.167.159 - - [15/Aug/2019:09:12:43 -0700] "GET /honeypot/honeypot%20-%20howto.pdf HTTP/1.1" 301 533 "-" "Mozilla/5.0 (iPhone; CPU iPhone OS 7_0 like Mac OS X) AppleWebKit/537.51.1 (KHTML, like Gecko) Version/7.0 Mobile/11A465 Safari/9537.53 (compatible; bingbot/2.0; +http://www.bing.com/bingbot.htm)" 
23.19.80.51 - - [15/Aug/2019:09:12:47 -0700] "HEAD / HTTP/1.1" 200 346 "-" "python-requests/2.19.1" 
40.77.167.159 - - [15/Aug/2019:09:12:48 -0700] "GET /honeypot/honeypot%20-%20howto.pdf HTTP/1.1" 404 294 "-" "Mozilla/5.0 (iPhone; CPU iPhone OS 7_0 like Mac OS X) AppleWebKit/537.51.1 (KHTML, like Gecko) Version/7.0 Mobile/11A465 Safari/9537.53 (compatible; bingbot/2.0; +http://www.bing.com/bingbot.htm)" 
187.170.150.184 - - [15/Aug/2019:09:14:02 -0700] "GET /honeypot/Honeypot%20-%20Howto%20-%20BSides%20Austin.pdf HTTP/1.1" 200 2928482 "-" "Mozilla/5.0 (Windows NT 10.0; WOW64) AppleWebKit/537.36 (KHTML, like Gecko) Chrome/75.0.3770.142 Safari/537.36 OPR/62.0.3331.116" 
187.170.150.184 - - [15/Aug/2019:09:14:26 -0700] "GET /favicon.ico HTTP/1.1" 200 302 "-" "Mozilla/5.0 (Windows NT 10.0; WOW64) AppleWebKit/537.36 (KHTML, like Gecko) Chrome/75.0.3770.142 Safari/537.36 OPR/62.0.3331.116" 
23.100.232.233 - - [15/Aug/2019:09:20:03 -0700] "GET / HTTP/1.1" 200 12429 "-" "Mozilla/5.0 (compatible; MSIE 9.0; Windows NT 6.1; Trident/5.0;  Trident/5.0)" 
23.100.232.233 - - [15/Aug/2019:09:20:04 -0700] "GET /css/style.css HTTP/1.1" 404 271 "http://www.secrepo.com/" "Mozilla/5.0 (compatible; MSIE 9.0; Windows NT 6.1; Trident/5.0;  Trident/5.0)" 
180.163.220.66 - - [15/Aug/2019:09:28:25 -0700] "GET / HTTP/1.1" 200 12429 "http://www.baidu.com/" "Mozilla/5.0 (Windows NT 6.1) AppleWebKit/537.36 (KHTML, like Gecko) baidu.sogo.uc.Chrome/36.0.1985.125 Safari/537.36" 
180.163.220.5 - - [15/Aug/2019:09:28:26 -0700] "GET /css/style.css HTTP/1.1" 404 294 "http://www.secrepo.com/" "Mozilla/5.0 (Windows NT 6.1) AppleWebKit/537.36 (KHTML, like Gecko) baidu.sogo.uc.Chrome/36.0.1985.125 Safari/537.36" 
180.163.220.5 - - [15/Aug/2019:09:28:28 -0700] "GET /twitter-icon.png HTTP/1.1" 200 27810 "http://www.secrepo.com/" "Mozilla/5.0 (Windows NT 6.1) AppleWebKit/537.36 (KHTML, like Gecko) baidu.sogo.uc.Chrome/36.0.1985.125 Safari/537.36" 
180.163.220.5 - - [15/Aug/2019:09:28:29 -0700] "GET /GitHub-Mark.png HTTP/1.1" 200 7427 "http://www.secrepo.com/" "Mozilla/5.0 (Windows NT 6.1) AppleWebKit/537.36 (KHTML, like Gecko) baidu.sogo.uc.Chrome/36.0.1985.125 Safari/537.36" 
113.171.224.176 - - [15/Aug/2019:09:35:01 -0700] "GET /honeypot/Honeypot%20-%20Howto.pdf HTTP/1.1" 200 61320 "-" "Mozilla/5.0 Gecko/20100115 Firefox/3.6" 
34.66.152.224 - - [15/Aug/2019:09:43:40 -0700] "GET / HTTP/1.0" 301 438 "-" "Mozilla/5.0 (iPad; U; CPU OS 3_2 like Mac OS X; en-us) AppleWebKit/531.21.10 (KHTML, like Gecko) Version/4.0.4 Mobile/7B334b Safari/531.21.102011-10-16 20:23:10" 
34.66.152.224 - - [15/Aug/2019:09:43:40 -0700] "GET / HTTP/1.0" 200 46568 "-" "Mozilla/5.0 (iPad; U; CPU OS 3_2 like Mac OS X; en-us) AppleWebKit/531.21.10 (KHTML, like Gecko) Version/4.0.4 Mobile/7B334b Safari/531.21.102011-10-16 20:23:10" 
34.66.152.224 - - [15/Aug/2019:09:43:43 -0700] "GET / HTTP/1.0" 301 438 "-" "Mozilla/5.0 (iPad; U; CPU OS 3_2 like Mac OS X; en-us) AppleWebKit/531.21.10 (KHTML, like Gecko) Version/4.0.4 Mobile/7B334b Safari/531.21.102011-10-16 20:23:10" 
34.66.152.224 - - [15/Aug/2019:09:43:43 -0700] "GET / HTTP/1.0" 200 46568 "-" "Mozilla/5.0 (iPad; U; CPU OS 3_2 like Mac OS X; en-us) AppleWebKit/531.21.10 (KHTML, like Gecko) Version/4.0.4 Mobile/7B334b Safari/531.21.102011-10-16 20:23:10" 
38.18.51.235 - - [15/Aug/2019:09:44:46 -0700] "HEAD /self.logs/ HTTP/1.1" 200 194 "-" "python-requests/2.19.1" 
173.211.79.115 - - [15/Aug/2019:09:45:37 -0700] "HEAD / HTTP/1.1" 200 346 "-" "python-requests/2.19.1" 
38.18.33.9 - - [15/Aug/2019:09:46:12 -0700] "HEAD / HTTP/1.1" 200 346 "-" "python-requests/2.19.1" 
125.133.211.170 - - [15/Aug/2019:09:46:14 -0700] "GET /honeypot/BSidesDFW%20-%202014.ipynb HTTP/1.1" 200 930795 "http://www.secrepo.com/honeypot/BSidesDFW%20-%202014.ipynb" "Mozilla/4.0 (compatible; MSIE 7.0; Windows NT 5.1)" 
206.180.175.79 - - [15/Aug/2019:09:46:24 -0700] "HEAD / HTTP/1.1" 200 346 "-" "python-requests/2.19.1" 
216.41.144.207 - - [15/Aug/2019:09:50:45 -0700] "HEAD / HTTP/1.1" 200 346 "-" "python-requests/2.19.1" 
38.18.37.46 - - [15/Aug/2019:09:54:30 -0700] "HEAD / HTTP/1.1" 200 346 "-" "python-requests/2.19.1" 
38.18.51.235 - - [15/Aug/2019:09:57:56 -0700] "HEAD / HTTP/1.1" 200 346 "-" "python-requests/2.19.1" 
67.203.6.154 - - [15/Aug/2019:09:58:28 -0700] "HEAD / HTTP/1.1" 200 346 "-" "python-requests/2.19.1" 
206.180.175.79 - - [15/Aug/2019:09:58:43 -0700] "HEAD / HTTP/1.1" 200 346 "-" "python-requests/2.19.1" 
206.180.177.205 - - [15/Aug/2019:09:58:44 -0700] "HEAD / HTTP/1.1" 200 346 "-" "python-requests/2.19.1" 
38.18.55.28 - - [15/Aug/2019:10:01:15 -0700] "HEAD / HTTP/1.1" 200 346 "-" "python-requests/2.19.1" 
173.211.79.57 - - [15/Aug/2019:10:02:04 -0700] "HEAD / HTTP/1.1" 200 346 "-" "python-requests/2.19.1" 
67.203.6.181 - - [15/Aug/2019:10:02:20 -0700] "HEAD / HTTP/1.1" 200 346 "-" "python-requests/2.19.1" 
38.18.59.158 - - [15/Aug/2019:10:02:37 -0700] "HEAD / HTTP/1.1" 200 346 "-" "python-requests/2.19.1" 
38.18.50.179 - - [15/Aug/2019:10:04:51 -0700] "HEAD / HTTP/1.1" 200 346 "-" "python-requests/2.19.1" 
206.180.187.31 - - [15/Aug/2019:10:05:25 -0700] "HEAD / HTTP/1.1" 200 346 "-" "python-requests/2.19.1" 
67.214.166.195 - - [15/Aug/2019:10:05:49 -0700] "HEAD / HTTP/1.1" 200 346 "-" "python-requests/2.19.1" 
108.62.9.239 - - [15/Aug/2019:10:06:05 -0700] "HEAD / HTTP/1.1" 200 346 "-" "python-requests/2.19.1" 
206.180.173.58 - - [15/Aug/2019:10:09:18 -0700] "HEAD / HTTP/1.1" 200 346 "-" "python-requests/2.19.1" 
67.227.33.170 - - [15/Aug/2019:10:12:47 -0700] "HEAD / HTTP/1.1" 200 346 "-" "python-requests/2.19.1" 
38.18.47.114 - - [15/Aug/2019:10:12:54 -0700] "HEAD / HTTP/1.1" 200 346 "-" "python-requests/2.19.1" 
123.125.71.112 - - [15/Aug/2019:10:20:21 -0700] "GET / HTTP/1.1" 301 438 "-" "Mozilla/5.0 (compatible; Baiduspider/2.0; +http://www.baidu.com/search/spider.html)" 
