13.75.72.162 - - [27/Oct/2021:23:44:38 -0700] "GET /GitHub-Mark.png HTTP/1.1" 206 5051 "http://www.secrepo.com/" "Mozilla/5.0 (Windows NT 10.0; Win64; x64) AppleWebKit/537.36 (KHTML, like Gecko) Chrome/95.0.4638.54 Safari/537.36" 
216.244.66.245 - - [27/Oct/2021:23:46:34 -0700] "GET /robots.txt HTTP/1.1" 200 333 "-" "Mozilla/5.0 (compatible; DotBot/1.2; +https://opensiteexplorer.org/dotbot; help@moz.com)" 
123.125.109.207 - - [27/Oct/2021:23:47:27 -0700] "GET / HTTP/1.1" 200 13150 "-" "Sogou web spider/4.0(+http://www.sogou.com/docs/help/webmasters.htm#07)" 
123.183.224.117 - - [27/Oct/2021:23:53:46 -0700] "GET / HTTP/1.1" 200 13150 "-" "Sogou web spider/4.0(+http://www.sogou.com/docs/help/webmasters.htm#07)" 
216.244.66.245 - - [27/Oct/2021:23:54:48 -0700] "GET /self.logs/error.log.2020-08-19 HTTP/1.1" 200 307 "-" "Mozilla/5.0 (compatible; DotBot/1.2; +https://opensiteexplorer.org/dotbot; help@moz.com)" 
20.115.33.27 - - [27/Oct/2021:23:57:33 -0700] "GET / HTTP/1.1" 200 13143 "-" "awesome_bot" 
103.219.193.212 - - [28/Oct/2021:00:00:44 -0700] "GET /honeypot/honeypot.json.zip HTTP/1.1" 200 23086043 "-" "Mozilla/5.0 (Windows NT 10.0; Win64; x64) AppleWebKit/537.36 (KHTML, like Gecko) Chrome/95.0.4638.54 Safari/537.36 Edg/95.0.1020.30" 
123.183.224.2 - - [28/Oct/2021:00:01:26 -0700] "GET /css/style.css HTTP/1.1" 301 464 "http://secrepo.com/" "Mozilla/5.0 (X11; Linux x86_64) AppleWebKit/537.36 (KHTML, like Gecko) Chrome/73.0.3683.86 Safari/537.36" 
123.183.224.2 - - [28/Oct/2021:00:01:29 -0700] "GET /css/style.css HTTP/1.1" 404 291 "http://secrepo.com/" "Mozilla/5.0 (X11; Linux x86_64) AppleWebKit/537.36 (KHTML, like Gecko) Chrome/73.0.3683.86 Safari/537.36" 
123.183.224.2 - - [28/Oct/2021:00:01:29 -0700] "GET /css/style.css HTTP/1.1" 301 464 "http://secrepo.com/" "Mozilla/5.0 (X11; Linux x86_64) AppleWebKit/537.36 (KHTML, like Gecko) Chrome/73.0.3683.86 Safari/537.36" 
123.183.224.2 - - [28/Oct/2021:00:01:30 -0700] "GET /css/style.css HTTP/1.1" 404 291 "http://secrepo.com/" "Mozilla/5.0 (X11; Linux x86_64) AppleWebKit/537.36 (KHTML, like Gecko) Chrome/73.0.3683.86 Safari/537.36" 
123.183.224.2 - - [28/Oct/2021:00:01:30 -0700] "GET /css/style.css HTTP/1.1" 301 464 "http://secrepo.com/" "Mozilla/5.0 (X11; Linux x86_64) AppleWebKit/537.36 (KHTML, like Gecko) Chrome/73.0.3683.86 Safari/537.36" 
123.183.224.2 - - [28/Oct/2021:00:01:31 -0700] "GET /css/style.css HTTP/1.1" 404 291 "http://secrepo.com/" "Mozilla/5.0 (X11; Linux x86_64) AppleWebKit/537.36 (KHTML, like Gecko) Chrome/73.0.3683.86 Safari/537.36" 
49.7.20.65 - - [28/Oct/2021:00:01:33 -0700] "GET /css/style.css HTTP/1.1" 301 464 "http://secrepo.com/" "Mozilla/5.0 (X11; Linux x86_64) AppleWebKit/537.36 (KHTML, like Gecko) Chrome/73.0.3683.86 Safari/537.36" 
49.7.20.65 - - [28/Oct/2021:00:01:33 -0700] "GET /css/style.css HTTP/1.1" 404 291 "http://secrepo.com/" "Mozilla/5.0 (X11; Linux x86_64) AppleWebKit/537.36 (KHTML, like Gecko) Chrome/73.0.3683.86 Safari/537.36" 
49.7.20.65 - - [28/Oct/2021:00:01:33 -0700] "GET /css/style.css HTTP/1.1" 301 464 "http://secrepo.com/" "Mozilla/5.0 (X11; Linux x86_64) AppleWebKit/537.36 (KHTML, like Gecko) Chrome/73.0.3683.86 Safari/537.36" 
49.7.20.65 - - [28/Oct/2021:00:01:34 -0700] "GET /css/style.css HTTP/1.1" 404 291 "http://secrepo.com/" "Mozilla/5.0 (X11; Linux x86_64) AppleWebKit/537.36 (KHTML, like Gecko) Chrome/73.0.3683.86 Safari/537.36" 
49.7.20.65 - - [28/Oct/2021:00:01:34 -0700] "GET /css/style.css HTTP/1.1" 301 464 "http://secrepo.com/" "Mozilla/5.0 (X11; Linux x86_64) AppleWebKit/537.36 (KHTML, like Gecko) Chrome/73.0.3683.86 Safari/537.36" 
49.7.20.65 - - [28/Oct/2021:00:01:35 -0700] "GET /css/style.css HTTP/1.1" 404 291 "http://secrepo.com/" "Mozilla/5.0 (X11; Linux x86_64) AppleWebKit/537.36 (KHTML, like Gecko) Chrome/73.0.3683.86 Safari/537.36" 
157.55.39.81 - - [28/Oct/2021:00:12:28 -0700] "GET /self.logs/access.log.2017-11-25.gz HTTP/1.1" 301 543 "-" "Mozilla/5.0 (compatible; bingbot/2.0; +http://www.bing.com/bingbot.htm)" 
103.219.193.212 - - [28/Oct/2021:00:14:28 -0700] "GET /Security-Data-Analysis/Lab_1/conn.log.zip HTTP/1.1" 200 547221498 "-" "Mozilla/5.0 (Windows NT 10.0; Win64; x64) AppleWebKit/537.36 (KHTML, like Gecko) Chrome/95.0.4638.54 Safari/537.36 Edg/95.0.1020.30" 
123.125.109.44 - - [28/Oct/2021:00:20:05 -0700] "GET /honeypot/BSidesDFW%20-%202014.ipynb HTTP/1.1" 200 930884 "-" "Sogou web spider/4.0(+http://www.sogou.com/docs/help/webmasters.htm#07)" 
51.222.253.4 - - [28/Oct/2021:00:22:13 -0700] "GET /self.logs/access.log.2020-03-24.gz HTTP/1.1" 200 17986 "-" "Mozilla/5.0 (compatible; AhrefsBot/7.0; +http://ahrefs.com/robot/)" 
51.222.253.16 - - [28/Oct/2021:00:24:26 -0700] "GET /self.logs/access.log.2018-07-06.gz HTTP/1.1" 200 28010 "-" "Mozilla/5.0 (compatible; AhrefsBot/7.0; +http://ahrefs.com/robot/)" 
103.219.193.212 - - [28/Oct/2021:00:25:01 -0700] "GET / HTTP/1.1" 200 13142 "-" "Mozilla/5.0 (Windows NT 10.0; Win64; x64) AppleWebKit/537.36 (KHTML, like Gecko) Chrome/95.0.4638.54 Safari/537.36 Edg/95.0.1020.30" 
103.219.193.212 - - [28/Oct/2021:00:25:02 -0700] "GET /css/style.css HTTP/1.1" 404 250 "http://www.secrepo.com/" "Mozilla/5.0 (Windows NT 10.0; Win64; x64) AppleWebKit/537.36 (KHTML, like Gecko) Chrome/95.0.4638.54 Safari/537.36 Edg/95.0.1020.30" 
103.219.193.212 - - [28/Oct/2021:00:25:02 -0700] "GET /GitHub-Mark.png HTTP/1.1" 200 7512 "http://www.secrepo.com/" "Mozilla/5.0 (Windows NT 10.0; Win64; x64) AppleWebKit/537.36 (KHTML, like Gecko) Chrome/95.0.4638.54 Safari/537.36 Edg/95.0.1020.30" 
103.219.193.212 - - [28/Oct/2021:00:25:02 -0700] "GET /twitter-icon.png HTTP/1.1" 200 27872 "http://www.secrepo.com/" "Mozilla/5.0 (Windows NT 10.0; Win64; x64) AppleWebKit/537.36 (KHTML, like Gecko) Chrome/95.0.4638.54 Safari/537.36 Edg/95.0.1020.30" 
103.219.193.212 - - [28/Oct/2021:00:25:06 -0700] "GET /bootstrap/img/favicon.ico HTTP/1.1" 200 669 "http://www.secrepo.com/" "Mozilla/5.0 (Windows NT 10.0; Win64; x64) AppleWebKit/537.36 (KHTML, like Gecko) Chrome/95.0.4638.54 Safari/537.36 Edg/95.0.1020.30" 
203.119.241.112 - - [28/Oct/2021:00:26:06 -0700] "GET / HTTP/1.1" 200 13186 "-" "DingTalkBot-LinkService/1.0 (+https://open-doc.dingtalk.com/microapp/faquestions/ftpfeu)" 
203.119.241.89 - - [28/Oct/2021:00:26:09 -0700] "GET /twitter-icon.png HTTP/1.1" 200 27916 "-" "DingTalkBot-LinkService/1.0 (+https://open-doc.dingtalk.com/microapp/faquestions/ftpfeu)" 
203.119.241.85 - - [28/Oct/2021:00:26:10 -0700] "GET /twitter-icon.png HTTP/1.1" 200 27916 "-" "DingTalkBot-LinkService/1.0 (+https://open-doc.dingtalk.com/microapp/faquestions/ftpfeu)" 
51.222.253.2 - - [28/Oct/2021:00:28:32 -0700] "GET /self.logs/error.log.2019-09-23.gz HTTP/1.1" 200 1794 "-" "Mozilla/5.0 (compatible; AhrefsBot/7.0; +http://ahrefs.com/robot/)" 
51.222.253.15 - - [28/Oct/2021:00:30:31 -0700] "GET /self.logs/access.log.2018-02-07.gz HTTP/1.1" 200 29406 "-" "Mozilla/5.0 (compatible; AhrefsBot/7.0; +http://ahrefs.com/robot/)" 
216.244.66.245 - - [28/Oct/2021:00:31:47 -0700] "GET /robots.txt HTTP/1.1" 200 333 "-" "Mozilla/5.0 (compatible; DotBot/1.2; +https://opensiteexplorer.org/dotbot; help@moz.com)" 
51.222.253.5 - - [28/Oct/2021:00:34:33 -0700] "GET /self.logs/access.log.2021-05-09.gz HTTP/1.1" 200 24373 "-" "Mozilla/5.0 (compatible; AhrefsBot/7.0; +http://ahrefs.com/robot/)" 
51.222.253.10 - - [28/Oct/2021:00:36:39 -0700] "GET /self.logs/access.log.2017-03-04.gz HTTP/1.1" 200 15683 "-" "Mozilla/5.0 (compatible; AhrefsBot/7.0; +http://ahrefs.com/robot/)" 
51.222.253.6 - - [28/Oct/2021:00:38:42 -0700] "GET /self.logs/access.log.2020-11-01.gz HTTP/1.1" 200 16161 "-" "Mozilla/5.0 (compatible; AhrefsBot/7.0; +http://ahrefs.com/robot/)" 
123.125.109.43 - - [28/Oct/2021:00:40:00 -0700] "GET / HTTP/1.1" 200 13149 "-" "Sogou web spider/4.0(+http://www.sogou.com/docs/help/webmasters.htm#07)" 
216.244.66.245 - - [28/Oct/2021:00:40:15 -0700] "GET /self.logs/access.log.2020-11-26.gz HTTP/1.1" 200 13274 "-" "Mozilla/5.0 (compatible; DotBot/1.2; +https://opensiteexplorer.org/dotbot; help@moz.com)" 
216.244.66.245 - - [28/Oct/2021:00:40:21 -0700] "GET /self.logs/access.log.2021-01-15.gz HTTP/1.1" 200 47505 "-" "Mozilla/5.0 (compatible; DotBot/1.2; +https://opensiteexplorer.org/dotbot; help@moz.com)" 
216.244.66.245 - - [28/Oct/2021:00:40:25 -0700] "GET /self.logs/access.log.2021-03-02.gz HTTP/1.1" 200 19233 "-" "Mozilla/5.0 (compatible; DotBot/1.2; +https://opensiteexplorer.org/dotbot; help@moz.com)" 
216.244.66.245 - - [28/Oct/2021:00:40:28 -0700] "GET /self.logs/access.log.2021-05-22.gz HTTP/1.1" 200 18054 "-" "Mozilla/5.0 (compatible; DotBot/1.2; +https://opensiteexplorer.org/dotbot; help@moz.com)" 
216.244.66.245 - - [28/Oct/2021:00:40:31 -0700] "GET /self.logs/access.log.2021-06-29.gz HTTP/1.1" 200 17476 "-" "Mozilla/5.0 (compatible; DotBot/1.2; +https://opensiteexplorer.org/dotbot; help@moz.com)" 
216.244.66.245 - - [28/Oct/2021:00:40:33 -0700] "GET /self.logs/access.log.2020-12-12.gz HTTP/1.1" 200 31031 "-" "Mozilla/5.0 (compatible; DotBot/1.2; +https://opensiteexplorer.org/dotbot; help@moz.com)" 
216.244.66.245 - - [28/Oct/2021:00:40:43 -0700] "GET /self.logs/error.log.2021-05-02.gz HTTP/1.1" 200 5679 "-" "Mozilla/5.0 (compatible; DotBot/1.2; +https://opensiteexplorer.org/dotbot; help@moz.com)" 
51.222.253.3 - - [28/Oct/2021:00:40:47 -0700] "GET /self.logs/access.log.2018-03-05.gz HTTP/1.1" 200 21223 "-" "Mozilla/5.0 (compatible; AhrefsBot/7.0; +http://ahrefs.com/robot/)" 
216.244.66.245 - - [28/Oct/2021:00:41:03 -0700] "GET /self.logs/error.log.2021-01-10.gz HTTP/1.1" 200 930 "-" "Mozilla/5.0 (compatible; DotBot/1.2; +https://opensiteexplorer.org/dotbot; help@moz.com)" 
216.244.66.245 - - [28/Oct/2021:00:41:05 -0700] "GET /self.logs/error.log.2021-03-24.gz HTTP/1.1" 200 1440 "-" "Mozilla/5.0 (compatible; DotBot/1.2; +https://opensiteexplorer.org/dotbot; help@moz.com)" 
51.222.253.16 - - [28/Oct/2021:00:43:06 -0700] "GET /self.logs/access.log.2021-02-07.gz HTTP/1.1" 200 27679 "-" "Mozilla/5.0 (compatible; AhrefsBot/7.0; +http://ahrefs.com/robot/)" 
51.222.253.11 - - [28/Oct/2021:00:47:40 -0700] "GET /self.logs/error.log.2021-06-06.gz HTTP/1.1" 200 1513 "-" "Mozilla/5.0 (compatible; AhrefsBot/7.0; +http://ahrefs.com/robot/)" 
123.183.224.117 - - [28/Oct/2021:00:47:48 -0700] "GET / HTTP/1.1" 301 438 "-" "Sogou web spider/4.0(+http://www.sogou.com/docs/help/webmasters.htm#07)" 
51.222.253.6 - - [28/Oct/2021:00:49:48 -0700] "GET /self.logs/error.log.2021-01-06.gz HTTP/1.1" 200 2481 "-" "Mozilla/5.0 (compatible; AhrefsBot/7.0; +http://ahrefs.com/robot/)" 
51.222.253.17 - - [28/Oct/2021:00:51:50 -0700] "GET /self.logs/access.log.2019-10-30.gz HTTP/1.1" 200 16348 "-" "Mozilla/5.0 (compatible; AhrefsBot/7.0; +http://ahrefs.com/robot/)" 
51.222.253.5 - - [28/Oct/2021:00:54:06 -0700] "GET /self.logs/access.log.2020-09-20.gz HTTP/1.1" 200 15990 "-" "Mozilla/5.0 (compatible; AhrefsBot/7.0; +http://ahrefs.com/robot/)" 
207.46.13.79 - - [28/Oct/2021:00:54:51 -0700] "GET /self.logs/access.log.2017-05-29.gz HTTP/1.1" 200 43756 "-" "Mozilla/5.0 (compatible; bingbot/2.0; +http://www.bing.com/bingbot.htm)" 
51.222.253.11 - - [28/Oct/2021:00:56:09 -0700] "GET /self.logs/error.log.2019-08-08 HTTP/1.1" 200 1305 "-" "Mozilla/5.0 (compatible; AhrefsBot/7.0; +http://ahrefs.com/robot/)" 
123.183.224.117 - - [28/Oct/2021:00:56:28 -0700] "GET / HTTP/1.1" 200 13149 "-" "Sogou web spider/4.0(+http://www.sogou.com/docs/help/webmasters.htm#07)" 
51.222.253.1 - - [28/Oct/2021:00:58:12 -0700] "GET /self.logs/access.log.2021-01-08.gz HTTP/1.1" 200 20236 "-" "Mozilla/5.0 (compatible; AhrefsBot/7.0; +http://ahrefs.com/robot/)" 
51.222.253.13 - - [28/Oct/2021:01:00:08 -0700] "GET /self.logs/error.log.2017-04-03.gz HTTP/1.1" 200 4359 "-" "Mozilla/5.0 (compatible; AhrefsBot/7.0; +http://ahrefs.com/robot/)" 
112.47.58.3 - - [28/Oct/2021:01:03:25 -0700] "GET / HTTP/1.1" 200 13141 "-" "Mozilla/5.0 (Windows NT 10.0; WOW64) AppleWebKit/537.36 (KHTML, like Gecko) Chrome/86.0.4240.198 Safari/537.36" 
176.77.139.24 - - [28/Oct/2021:01:07:10 -0700] "GET /self.logs/ HTTP/1.1" 200 32463 "-" "Mozilla/5.0 (Windows NT 10.0; Win64; x64) AppleWebKit/537.36 (KHTML, like Gecko) Chrome/95.0.4638.54 Safari/537.36" 
176.77.139.24 - - [28/Oct/2021:01:07:11 -0700] "GET /favicon.ico HTTP/1.1" 200 368 "http://www.secrepo.com/self.logs/" "Mozilla/5.0 (Windows NT 10.0; Win64; x64) AppleWebKit/537.36 (KHTML, like Gecko) Chrome/95.0.4638.54 Safari/537.36" 
176.77.139.24 - - [28/Oct/2021:01:07:24 -0700] "GET /self.logs/2016/ HTTP/1.1" 200 7860 "http://www.secrepo.com/self.logs/" "Mozilla/5.0 (Windows NT 10.0; Win64; x64) AppleWebKit/537.36 (KHTML, like Gecko) Chrome/95.0.4638.54 Safari/537.36" 
176.77.139.24 - - [28/Oct/2021:01:08:09 -0700] "GET /self.logs/2016/access.log.2016-10-01.gz HTTP/1.1" 200 6177 "http://www.secrepo.com/self.logs/2016/" "Mozilla/5.0 (Windows NT 10.0; Win64; x64) AppleWebKit/537.36 (KHTML, like Gecko) Chrome/95.0.4638.54 Safari/537.36" 
58.60.1.42 - - [28/Oct/2021:01:12:28 -0700] "GET / HTTP/1.1" 200 13141 "-" "Mozilla/5.0 (Windows NT 10.0; Win64; x64) AppleWebKit/537.36 (KHTML, like Gecko) Chrome/94.0.4606.71 Safari/537.36" 
58.60.1.42 - - [28/Oct/2021:01:12:28 -0700] "GET /twitter-icon.png HTTP/1.1" 200 27872 "http://www.secrepo.com/" "Mozilla/5.0 (Windows NT 10.0; Win64; x64) AppleWebKit/537.36 (KHTML, like Gecko) Chrome/94.0.4606.71 Safari/537.36" 
58.60.1.42 - - [28/Oct/2021:01:12:28 -0700] "GET /GitHub-Mark.png HTTP/1.1" 200 7512 "http://www.secrepo.com/" "Mozilla/5.0 (Windows NT 10.0; Win64; x64) AppleWebKit/537.36 (KHTML, like Gecko) Chrome/94.0.4606.71 Safari/537.36" 
58.60.1.42 - - [28/Oct/2021:01:12:28 -0700] "GET /css/style.css HTTP/1.1" 404 284 "http://www.secrepo.com/" "Mozilla/5.0 (Windows NT 10.0; Win64; x64) AppleWebKit/537.36 (KHTML, like Gecko) Chrome/94.0.4606.71 Safari/537.36" 
58.60.1.42 - - [28/Oct/2021:01:12:31 -0700] "GET /bootstrap/img/favicon.ico HTTP/1.1" 200 669 "http://www.secrepo.com/" "Mozilla/5.0 (Windows NT 10.0; Win64; x64) AppleWebKit/537.36 (KHTML, like Gecko) Chrome/94.0.4606.71 Safari/537.36" 
157.55.39.32 - - [28/Oct/2021:01:13:37 -0700] "GET /self.logs/access.log.2018-03-20.gz HTTP/1.1" 301 543 "-" "Mozilla/5.0 (compatible; bingbot/2.0; +http://www.bing.com/bingbot.htm)" 
176.77.139.24 - - [28/Oct/2021:01:13:58 -0700] "GET /self.logs/2015/ HTTP/1.1" 200 7621 "http://www.secrepo.com/self.logs/" "Mozilla/5.0 (Windows NT 10.0; Win64; x64) AppleWebKit/537.36 (KHTML, like Gecko) Chrome/95.0.4638.54 Safari/537.36" 
176.77.139.24 - - [28/Oct/2021:01:13:57 -0700] "GET /self.logs/2015/ HTTP/1.1" 200 7621 "http://www.secrepo.com/self.logs/" "Mozilla/5.0 (Windows NT 10.0; Win64; x64) AppleWebKit/537.36 (KHTML, like Gecko) Chrome/95.0.4638.54 Safari/537.36" 
112.47.58.3 - - [28/Oct/2021:01:14:17 -0700] "GET / HTTP/1.1" 200 13141 "-" "Mozilla/5.0 (Windows NT 10.0; WOW64) AppleWebKit/537.36 (KHTML, like Gecko) Chrome/86.0.4240.198 Safari/537.36" 
216.244.66.245 - - [28/Oct/2021:01:18:17 -0700] "GET /robots.txt HTTP/1.1" 200 333 "-" "Mozilla/5.0 (compatible; DotBot/1.2; +https://opensiteexplorer.org/dotbot; help@moz.com)" 
51.222.253.15 - - [28/Oct/2021:01:21:01 -0700] "GET /Datasets%20Description/Network/ssl.html HTTP/1.1" 200 1541 "-" "Mozilla/5.0 (compatible; AhrefsBot/7.0; +http://ahrefs.com/robot/)" 
216.244.66.245 - - [28/Oct/2021:01:26:21 -0700] "GET /self.logs/error.log.2021-04-02.gz HTTP/1.1" 200 8610 "-" "Mozilla/5.0 (compatible; DotBot/1.2; +https://opensiteexplorer.org/dotbot; help@moz.com)" 
216.244.66.245 - - [28/Oct/2021:01:26:34 -0700] "GET /self.logs/error.log.2020-12-23.gz HTTP/1.1" 200 833 "-" "Mozilla/5.0 (compatible; DotBot/1.2; +https://opensiteexplorer.org/dotbot; help@moz.com)" 
216.244.66.245 - - [28/Oct/2021:01:26:38 -0700] "GET /self.logs/error.log.2021-02-28.gz HTTP/1.1" 200 2376 "-" "Mozilla/5.0 (compatible; DotBot/1.2; +https://opensiteexplorer.org/dotbot; help@moz.com)" 
216.244.66.245 - - [28/Oct/2021:01:26:42 -0700] "GET /self.logs/error.log.2021-06-02.gz HTTP/1.1" 200 2402 "-" "Mozilla/5.0 (compatible; DotBot/1.2; +https://opensiteexplorer.org/dotbot; help@moz.com)" 
51.222.253.11 - - [28/Oct/2021:01:29:19 -0700] "GET /Datasets%20Description/PE_malware/OPCleaver.html HTTP/1.1" 200 1414 "-" "Mozilla/5.0 (compatible; AhrefsBot/7.0; +http://ahrefs.com/robot/)" 
51.222.253.12 - - [28/Oct/2021:01:31:19 -0700] "GET /Datasets%20Description/HTML_Bro_log_1/notice.html HTTP/1.1" 200 1957 "-" "Mozilla/5.0 (compatible; AhrefsBot/7.0; +http://ahrefs.com/robot/)" 
51.222.253.20 - - [28/Oct/2021:01:33:22 -0700] "GET /self.logs/error.log.2018-10-12.gz HTTP/1.1" 200 4173 "-" "Mozilla/5.0 (compatible; AhrefsBot/7.0; +http://ahrefs.com/robot/)" 
51.222.253.14 - - [28/Oct/2021:01:35:25 -0700] "GET /Datasets%20Description/Network/dns.html HTTP/1.1" 200 1499 "-" "Mozilla/5.0 (compatible; AhrefsBot/7.0; +http://ahrefs.com/robot/)" 
51.222.253.7 - - [28/Oct/2021:01:37:32 -0700] "GET /self.logs/access.log.2018-03-23.gz HTTP/1.1" 200 16459 "-" "Mozilla/5.0 (compatible; AhrefsBot/7.0; +http://ahrefs.com/robot/)" 
176.77.139.24 - - [28/Oct/2021:01:37:49 -0700] "GET /self.logs/access.log.2017-01-01.gz HTTP/1.1" 200 17678 "-" "RStudio Desktop (1.4.1717); R (4.1.1 x86_64-w64-mingw32 x86_64 mingw32)" 
51.222.253.17 - - [28/Oct/2021:01:39:47 -0700] "GET /self.logs/access.log.2017-03-26.gz HTTP/1.1" 200 14247 "-" "Mozilla/5.0 (compatible; AhrefsBot/7.0; +http://ahrefs.com/robot/)" 
66.249.93.246 - - [28/Oct/2021:01:40:08 -0700] "GET / HTTP/1.1" 200 13186 "-" "Mozilla/5.0 (X11; Linux x86_64) AppleWebKit/537.36 (KHTML, like Gecko) Chrome/49.0.2623.75 Safari/537.36 Google Favicon" 
66.249.93.242 - - [28/Oct/2021:01:40:08 -0700] "GET /bootstrap/img/favicon.ico HTTP/1.1" 200 713 "-" "Mozilla/5.0 (X11; Linux x86_64) AppleWebKit/537.36 (KHTML, like Gecko) Chrome/49.0.2623.75 Safari/537.36 Google Favicon" 
118.184.177.111 - - [28/Oct/2021:01:42:03 -0700] "GET / HTTP/1.1" 301 438 "-" "Sogou web spider/4.0(+http://www.sogou.com/docs/help/webmasters.htm#07)" 
118.184.177.111 - - [28/Oct/2021:01:43:43 -0700] "GET / HTTP/1.1" 200 13149 "-" "Sogou web spider/4.0(+http://www.sogou.com/docs/help/webmasters.htm#07)" 
51.222.253.16 - - [28/Oct/2021:01:43:57 -0700] "GET /self.logs/error.log.2020-12-22 HTTP/1.1" 200 307 "-" "Mozilla/5.0 (compatible; AhrefsBot/7.0; +http://ahrefs.com/robot/)" 
176.77.139.24 - - [28/Oct/2021:01:44:03 -0700] "GET /self.logs/access.log.2017-01-01.gz HTTP/1.1" 200 17634 "-" "curl/7.55.1" 
176.77.139.24 - - [28/Oct/2021:01:47:05 -0700] "GET /self.logs/access.log.2017-01-01.gz HTTP/1.1" 200 17634 "-" "curl/7.55.1" 
51.222.253.8 - - [28/Oct/2021:01:48:04 -0700] "GET /self.logs/access.log.2021-01-03.gz HTTP/1.1" 200 25843 "-" "Mozilla/5.0 (compatible; AhrefsBot/7.0; +http://ahrefs.com/robot/)" 
51.222.253.5 - - [28/Oct/2021:01:50:11 -0700] "GET /Datasets%20Description/Network/weird.html HTTP/1.1" 200 1601 "-" "Mozilla/5.0 (compatible; AhrefsBot/7.0; +http://ahrefs.com/robot/)" 
176.77.139.24 - - [28/Oct/2021:01:51:42 -0700] "GET /self.logs/access.log.2017-01-01.gz HTTP/1.1" 200 17678 "-" "RStudio Desktop (1.4.1717); R (4.1.1 x86_64-w64-mingw32 x86_64 mingw32)" 
51.222.253.7 - - [28/Oct/2021:01:52:10 -0700] "GET /self.logs/access.log.2018-04-27.gz HTTP/1.1" 200 31977 "-" "Mozilla/5.0 (compatible; AhrefsBot/7.0; +http://ahrefs.com/robot/)" 
51.222.253.19 - - [28/Oct/2021:01:54:05 -0700] "GET /self.logs/access.log.2017-07-16.gz HTTP/1.1" 200 16829 "-" "Mozilla/5.0 (compatible; AhrefsBot/7.0; +http://ahrefs.com/robot/)" 
51.222.253.15 - - [28/Oct/2021:01:56:15 -0700] "GET /Datasets%20Description/Network/notice.html HTTP/1.1" 200 1606 "-" "Mozilla/5.0 (compatible; AhrefsBot/7.0; +http://ahrefs.com/robot/)" 
51.222.253.5 - - [28/Oct/2021:01:58:25 -0700] "GET /self.logs/error.log.2021-07-30.gz HTTP/1.1" 200 1179 "-" "Mozilla/5.0 (compatible; AhrefsBot/7.0; +http://ahrefs.com/robot/)" 
51.222.253.8 - - [28/Oct/2021:02:00:36 -0700] "GET /self.logs/error.log.2020-11-08 HTTP/1.1" 200 307 "-" "Mozilla/5.0 (compatible; AhrefsBot/7.0; +http://ahrefs.com/robot/)" 
36.5.174.207 - - [28/Oct/2021:02:02:16 -0700] "GET /favicon.ico HTTP/1.1" 200 391 "-" "Mozilla/5.0 (Windows NT 10.0; WOW64) AppleWebKit/537.36 (KHTML, like Gecko) Chrome/63.0.3239.132 Safari/537.36" 
176.77.139.24 - - [28/Oct/2021:02:02:37 -0700] "GET /self.logs/access.log.2017-01-01.gz HTTP/1.1" 200 17678 "-" "RStudio Desktop (1.4.1717); R (4.1.1 x86_64-w64-mingw32 x86_64 mingw32)" 
51.222.253.10 - - [28/Oct/2021:02:02:42 -0700] "GET /self.logs/access.log.2018-05-17.gz HTTP/1.1" 200 23069 "-" "Mozilla/5.0 (compatible; AhrefsBot/7.0; +http://ahrefs.com/robot/)" 
216.244.66.245 - - [28/Oct/2021:02:03:06 -0700] "GET /robots.txt HTTP/1.1" 200 333 "-" "Mozilla/5.0 (compatible; DotBot/1.2; +https://opensiteexplorer.org/dotbot; help@moz.com)" 
176.77.139.24 - - [28/Oct/2021:02:03:16 -0700] "GET /self.logs/access.log.2017-01-02.gz HTTP/1.1" 200 26829 "-" "RStudio Desktop (1.4.1717); R (4.1.1 x86_64-w64-mingw32 x86_64 mingw32)" 
51.222.253.18 - - [28/Oct/2021:02:04:45 -0700] "GET /self.logs/access.log.2018-01-12.gz HTTP/1.1" 200 18891 "-" "Mozilla/5.0 (compatible; AhrefsBot/7.0; +http://ahrefs.com/robot/)" 
51.222.253.11 - - [28/Oct/2021:02:06:46 -0700] "GET /self.logs/error.log.2018-12-13.gz HTTP/1.1" 200 6724 "-" "Mozilla/5.0 (compatible; AhrefsBot/7.0; +http://ahrefs.com/robot/)" 
51.222.253.6 - - [28/Oct/2021:02:08:55 -0700] "GET /Datasets%20Description/Network/tunnel.html HTTP/1.1" 200 1426 "-" "Mozilla/5.0 (compatible; AhrefsBot/7.0; +http://ahrefs.com/robot/)" 
51.222.253.5 - - [28/Oct/2021:02:11:04 -0700] "GET /maccdc2012/dns.log.gz HTTP/1.1" 200 78840 "-" "Mozilla/5.0 (compatible; AhrefsBot/7.0; +http://ahrefs.com/robot/)" 
216.244.66.245 - - [28/Oct/2021:02:12:03 -0700] "GET /self.logs/error.log.2020-07-16.gz HTTP/1.1" 200 984 "-" "Mozilla/5.0 (compatible; DotBot/1.2; +https://opensiteexplorer.org/dotbot; help@moz.com)" 
216.244.66.245 - - [28/Oct/2021:02:12:08 -0700] "GET /self.logs/error.log.2020-10-24 HTTP/1.1" 200 307 "-" "Mozilla/5.0 (compatible; DotBot/1.2; +https://opensiteexplorer.org/dotbot; help@moz.com)" 
216.244.66.245 - - [28/Oct/2021:02:12:12 -0700] "GET /self.logs/error.log.2020-12-19.gz HTTP/1.1" 200 1539 "-" "Mozilla/5.0 (compatible; DotBot/1.2; +https://opensiteexplorer.org/dotbot; help@moz.com)" 
216.244.66.245 - - [28/Oct/2021:02:12:16 -0700] "GET /self.logs/error.log.2021-01-12.gz HTTP/1.1" 200 1387 "-" "Mozilla/5.0 (compatible; DotBot/1.2; +https://opensiteexplorer.org/dotbot; help@moz.com)" 
51.222.253.14 - - [28/Oct/2021:02:13:15 -0700] "GET /self.logs/access.log.2021-10-24.gz HTTP/1.1" 200 23785 "-" "Mozilla/5.0 (compatible; AhrefsBot/7.0; +http://ahrefs.com/robot/)" 
51.222.253.3 - - [28/Oct/2021:02:15:16 -0700] "GET /self.logs/error.log.2021-10-24.gz HTTP/1.1" 200 2397 "-" "Mozilla/5.0 (compatible; AhrefsBot/7.0; +http://ahrefs.com/robot/)" 
115.171.199.217 - - [28/Oct/2021:02:15:22 -0700] "GET / HTTP/1.1" 301 475 "-" "Mozilla/5.0 (Macintosh; Intel Mac OS X 10_15_7) AppleWebKit/537.36 (KHTML, like Gecko) Chrome/94.0.4606.81 Safari/537.36" 
115.171.199.217 - - [28/Oct/2021:02:15:24 -0700] "GET / HTTP/1.1" 200 13186 "-" "Mozilla/5.0 (Macintosh; Intel Mac OS X 10_15_7) AppleWebKit/537.36 (KHTML, like Gecko) Chrome/94.0.4606.81 Safari/537.36" 
115.171.199.217 - - [28/Oct/2021:02:15:24 -0700] "GET /css/style.css HTTP/1.1" 404 305 "http://www.secrepo.com/" "Mozilla/5.0 (Macintosh; Intel Mac OS X 10_15_7) AppleWebKit/537.36 (KHTML, like Gecko) Chrome/94.0.4606.81 Safari/537.36" 
115.171.199.217 - - [28/Oct/2021:02:15:24 -0700] "GET /twitter-icon.png HTTP/1.1" 200 27893 "http://www.secrepo.com/" "Mozilla/5.0 (Macintosh; Intel Mac OS X 10_15_7) AppleWebKit/537.36 (KHTML, like Gecko) Chrome/94.0.4606.81 Safari/537.36" 
115.171.199.217 - - [28/Oct/2021:02:15:24 -0700] "GET /GitHub-Mark.png HTTP/1.1" 200 7556 "http://www.secrepo.com/" "Mozilla/5.0 (Macintosh; Intel Mac OS X 10_15_7) AppleWebKit/537.36 (KHTML, like Gecko) Chrome/94.0.4606.81 Safari/537.36" 
115.171.199.217 - - [28/Oct/2021:02:16:10 -0700] "GET /bootstrap/img/favicon.ico HTTP/1.1" 200 713 "http://www.secrepo.com/" "Mozilla/5.0 (Macintosh; Intel Mac OS X 10_15_7) AppleWebKit/537.36 (KHTML, like Gecko) Chrome/94.0.4606.81 Safari/537.36" 
51.222.253.3 - - [28/Oct/2021:02:17:29 -0700] "GET / HTTP/1.1" 200 13142 "-" "Mozilla/5.0 (compatible; AhrefsBot/7.0; +http://ahrefs.com/robot/)" 
95.216.34.149 - - [28/Oct/2021:02:18:52 -0700] "OPTIONS / HTTP/1.1" 200 282 "-" "-" 
95.216.34.149 - - [28/Oct/2021:02:19:00 -0700] "GET / HTTP/1.1" 200 49089 "-" "-" 
176.77.139.24 - - [28/Oct/2021:02:25:30 -0700] "GET /self.logs/?C=N;O=D HTTP/1.1" 200 33213 "http://www.secrepo.com/self.logs/" "Mozilla/5.0 (Windows NT 10.0; Win64; x64) AppleWebKit/537.36 (KHTML, like Gecko) Chrome/95.0.4638.54 Safari/537.36" 
176.77.139.24 - - [28/Oct/2021:02:25:33 -0700] "GET /self.logs/?C=S;O=A HTTP/1.1" 200 38444 "http://www.secrepo.com/self.logs/" "Mozilla/5.0 (Windows NT 10.0; Win64; x64) AppleWebKit/537.36 (KHTML, like Gecko) Chrome/95.0.4638.54 Safari/537.36" 
176.77.139.24 - - [28/Oct/2021:02:25:34 -0700] "GET /self.logs/?C=D;O=A HTTP/1.1" 200 32463 "http://www.secrepo.com/self.logs/" "Mozilla/5.0 (Windows NT 10.0; Win64; x64) AppleWebKit/537.36 (KHTML, like Gecko) Chrome/95.0.4638.54 Safari/537.36" 
39.105.117.69 - - [28/Oct/2021:02:38:58 -0700] "GET / HTTP/1.1" 301 419 "-" "Mozilla/5.0 (Macintosh; Intel Mac OS X 10_10; rv:56.0) Gecko/20100101 Firefox/56.0" 
39.105.117.69 - - [28/Oct/2021:02:38:59 -0700] "GET / HTTP/1.1" 200 13141 "http://secrepo.com" "Mozilla/5.0 (Macintosh; Intel Mac OS X 10_10; rv:56.0) Gecko/20100101 Firefox/56.0" 
39.105.117.69 - - [28/Oct/2021:02:39:00 -0700] "GET /Datasets%20Description/HTML_Bro_log_2 HTTP/1.1" 301 563 "-" "Mozilla/5.0 (Macintosh; Intel Mac OS X 10_10; rv:35.0) Gecko/20100101 Firefox/35.0" 
39.105.117.69 - - [28/Oct/2021:02:39:01 -0700] "GET /Datasets%20Description/HTML_Bro_log_2/ HTTP/1.1" 200 754 "http://www.secrepo.com/Datasets%20Description/HTML_Bro_log_2" "Mozilla/5.0 (Macintosh; Intel Mac OS X 10_10; rv:35.0) Gecko/20100101 Firefox/35.0" 
39.105.117.69 - - [28/Oct/2021:02:39:02 -0700] "GET /Datasets%20Description/Network/notice.html HTTP/1.1" 200 1572 "-" "Mozilla/5.0 (Windows NT 5.1) AppleWebKit/537.36 (KHTML, like Gecko) Chrome/41.0.2228.0 Safari/537.36" 
39.105.117.69 - - [28/Oct/2021:02:39:02 -0700] "GET /tg/tg_snort_fast.7z HTTP/1.1" 200 259880 "-" "Mozilla/5.0 (Windows NT 5.1) AppleWebKit/537.36 (KHTML, like Gecko) Chrome/37.0.2062.124 Safari/537.36" 
39.105.117.69 - - [28/Oct/2021:02:39:14 -0700] "GET /Datasets%20Description/HTML_Bro_log_3 HTTP/1.1" 301 563 "-" "Mozilla/5.0 (Windows NT 5.1) AppleWebKit/537.36 (KHTML, like Gecko) Chrome/65.0.3325.146 Safari/537.36" 
39.105.117.69 - - [28/Oct/2021:02:39:15 -0700] "GET /Datasets%20Description/HTML_Bro_log_3/ HTTP/1.1" 200 745 "http://www.secrepo.com/Datasets%20Description/HTML_Bro_log_3" "Mozilla/5.0 (Windows NT 5.1) AppleWebKit/537.36 (KHTML, like Gecko) Chrome/65.0.3325.146 Safari/537.36" 
39.105.117.69 - - [28/Oct/2021:02:39:15 -0700] "GET /data HTTP/1.1" 404 250 "-" "Mozilla/5.0 (X11; Linux x86_64; rv:58.0) Gecko/20100101 Firefox/58.0" 
39.105.117.69 - - [28/Oct/2021:02:39:17 -0700] "GET /Datasets%20Description/HTML_Bro_log_2/ftp.html HTTP/1.1" 200 1660 "-" "Mozilla/5.0 (Windows NT 6.1; WOW64; rv:58.0) Gecko/20100101 Firefox/58.0" 
39.105.117.69 - - [28/Oct/2021:02:39:17 -0700] "GET /Datasets%20Description/HTML_Bro_log_2/dns.html HTTP/1.1" 200 1753 "-" "Mozilla/5.0 (X11; Linux x86_64) AppleWebKit/537.36 (KHTML, like Gecko) Chrome/37.0.2062.124 Safari/537.36" 
39.105.117.69 - - [28/Oct/2021:02:39:18 -0700] "GET /Datasets%20Description/Network/signatures.html HTTP/1.1" 404 250 "-" "Mozilla/5.0 (Windows NT 5.1) AppleWebKit/537.36 (KHTML, like Gecko) Chrome/64.0.3282.0 Safari/537.36" 
39.105.117.69 - - [28/Oct/2021:02:39:18 -0700] "GET /Datasets%20Description/HTML_Bro_log_2/?C=D;O=A HTTP/1.1" 200 754 "-" "Mozilla/5.0 (X11; Linux x86_64) AppleWebKit/537.36 (KHTML, like Gecko) Chrome/65.0.3325.146 Safari/537.36" 
39.105.117.69 - - [28/Oct/2021:02:39:19 -0700] "GET /Datasets%20Description/HTML_Bro_log_3/?C=N;O=D HTTP/1.1" 200 744 "-" "Mozilla/5.0 (Windows NT 6.1; WOW64; rv:58.0) Gecko/20100101 Firefox/58.0" 
39.105.117.69 - - [28/Oct/2021:02:39:19 -0700] "GET /maccdc2012/maccdc2012_full_alert.7z HTTP/1.1" 200 2064440 "-" "Mozilla/5.0 (X11; Linux x86_64; rv:40.0) Gecko/20100101 Firefox/40.0" 
39.105.117.69 - - [28/Oct/2021:02:39:30 -0700] "GET /Datasets%20Description/HTML_Bro_log_3/files.html HTTP/1.1" 200 1866 "-" "Mozilla/5.0 (Windows NT 6.1; Win64; x64; rv:35.0) Gecko/20100101 Firefox/35.0" 
39.105.117.69 - - [28/Oct/2021:02:39:31 -0700] "GET /Datasets%20Description/Network/tunnel.html HTTP/1.1" 200 1392 "-" "Mozilla/5.0 (Windows NT 6.1; WOW64; rv:35.0) Gecko/20100101 Firefox/35.0" 
39.105.117.69 - - [28/Oct/2021:02:39:32 -0700] "GET /Datasets%20Description/Network/ssl.html HTTP/1.1" 200 1507 "-" "Mozilla/5.0 (X11; Linux x86_64) AppleWebKit/537.36 (KHTML, like Gecko) Chrome/41.0.2228.0 Safari/537.36" 
39.105.117.69 - - [28/Oct/2021:02:39:32 -0700] "GET /Datasets%20Description/Network/files.html HTTP/1.1" 200 1454 "-" "Mozilla/5.0 (Windows NT 6.1; Win64; x64; rv:52.0) Gecko/20100101 Firefox/52.0" 
39.105.117.69 - - [28/Oct/2021:02:39:33 -0700] "GET /Datasets%20Description/HTML_Bro_log_2/?C=N;O=A HTTP/1.1" 200 754 "-" "Mozilla/5.0 (Windows NT 6.1; Win64; x64; rv:57.0) Gecko/20100101 Firefox/57.0" 
39.105.117.69 - - [28/Oct/2021:02:39:34 -0700] "GET /Datasets%20Description/HTML_Bro_log_2/notice.html HTTP/1.1" 200 1928 "-" "Mozilla/5.0 (Windows NT 6.1; Win64; x64) AppleWebKit/537.36 (KHTML, like Gecko) Chrome/64.0.3282.0 Safari/537.36" 
39.105.117.69 - - [28/Oct/2021:02:39:35 -0700] "GET /Datasets%20Description/HTML_Bro_log_3/ssl.html HTTP/1.1" 200 1796 "-" "Mozilla/5.0 (X11; Linux x86_64) AppleWebKit/537.36 (KHTML, like Gecko) Chrome/65.0.3325.146 Safari/537.36" 
39.105.117.69 - - [28/Oct/2021:02:39:35 -0700] "GET /Datasets%20Description/HTML_Bro_log_3/?C=N;O=A HTTP/1.1" 200 745 "-" "Mozilla/5.0 (Macintosh; Intel Mac OS X 10_10; rv:58.0) Gecko/20100101 Firefox/58.0" 
39.105.117.69 - - [28/Oct/2021:02:39:36 -0700] "GET /Datasets%20Description/HTML_Bro_log_2/app_stats.html HTTP/1.1" 200 1512 "-" "Mozilla/5.0 (Windows NT 10.0) AppleWebKit/537.36 (KHTML, like Gecko) Chrome/41.0.2228.0 Safari/537.36" 
39.105.117.69 - - [28/Oct/2021:02:39:39 -0700] "GET /Datasets%20Description/Network/dns.html HTTP/1.1" 200 1499 "-" "Mozilla/5.0 (Macintosh; Intel Mac OS X 10_10; rv:40.0) Gecko/20100101 Firefox/40.0" 
39.105.117.69 - - [28/Oct/2021:02:39:40 -0700] "GET /Datasets%20Description/Network/dhcp.html HTTP/1.1" 200 1383 "-" "Mozilla/5.0 (Macintosh; Intel Mac OS X 10_10; rv:52.0) Gecko/20100101 Firefox/52.0" 
39.105.117.69 - - [28/Oct/2021:02:39:41 -0700] "GET /Datasets%20Description/HTML_Bro_log_2/?C=S;O=A HTTP/1.1" 200 746 "-" "Mozilla/5.0 (Windows NT 6.1; WOW64; rv:56.0) Gecko/20100101 Firefox/56.0" 
39.105.117.69 - - [28/Oct/2021:02:39:42 -0700] "GET /Datasets%20Description/HTML_Bro_log_3/?C=S;O=A HTTP/1.1" 200 740 "-" "Mozilla/5.0 (Windows NT 10.0) AppleWebKit/537.36 (KHTML, like Gecko) Chrome/41.0.2228.0 Safari/537.36" 
39.105.117.69 - - [28/Oct/2021:02:39:42 -0700] "GET /Datasets%20Description/PE_malware/VirusShare.html HTTP/1.1" 200 1573 "-" "Mozilla/5.0 (X11; Linux x86_64) AppleWebKit/537.36 (KHTML, like Gecko) Chrome/64.0.3282.0 Safari/537.36" 
39.105.117.69 - - [28/Oct/2021:02:39:42 -0700] "GET /Datasets%20Description/HTML_Bro_log_3/packet_filter.html HTTP/1.1" 200 1647 "-" "Mozilla/5.0 (Windows NT 6.1; Win64; x64; rv:52.0) Gecko/20100101 Firefox/52.0" 
39.105.117.69 - - [28/Oct/2021:02:39:44 -0700] "GET /Datasets%20Description/Network/ssh.html HTTP/1.1" 200 1290 "-" "Mozilla/5.0 (Windows NT 10.0) AppleWebKit/537.36 (KHTML, like Gecko) Chrome/64.0.3282.0 Safari/537.36" 
39.105.117.69 - - [28/Oct/2021:02:39:44 -0700] "GET /Datasets%20Description/Network/weird.html HTTP/1.1" 200 1567 "-" "Mozilla/5.0 (X11; Linux x86_64) AppleWebKit/537.36 (KHTML, like Gecko) Chrome/41.0.2228.0 Safari/537.36" 
39.105.117.69 - - [28/Oct/2021:02:39:44 -0700] "GET /Datasets%20Description/HTML_Bro_log_3/?C=S;O=D HTTP/1.1" 200 741 "-" "Mozilla/5.0 (Windows NT 10.0; rv:58.0) Gecko/20100101 Firefox/58.0" 
39.105.117.69 - - [28/Oct/2021:02:39:45 -0700] "GET /Datasets%20Description/Network/smtp.html HTTP/1.1" 200 1559 "-" "Mozilla/5.0 (Windows NT 10.0) AppleWebKit/537.36 (KHTML, like Gecko) Chrome/65.0.3325.146 Safari/537.36" 
39.105.117.69 - - [28/Oct/2021:02:39:46 -0700] "GET /Datasets%20Description/HTML_Bro_log_3/notice.html HTTP/1.1" 200 1924 "-" "Mozilla/5.0 (Windows NT 10.0; rv:40.0) Gecko/20100101 Firefox/40.0" 
39.105.117.69 - - [28/Oct/2021:02:39:48 -0700] "GET /bootstrap/img/favicon.ico HTTP/1.1" 200 635 "-" "Mozilla/5.0 (X11; Linux x86_64) AppleWebKit/537.36 (KHTML, like Gecko) Chrome/64.0.3282.0 Safari/537.36" 
39.105.117.69 - - [28/Oct/2021:02:39:48 -0700] "GET /Datasets%20Description/HTML_Bro_log_2/dpd.html HTTP/1.1" 200 1577 "-" "Mozilla/5.0 (Windows NT 10.0; rv:35.0) Gecko/20100101 Firefox/35.0" 
176.77.139.24 - - [28/Oct/2021:02:39:53 -0700] "GET /self.logs/access.log.2017-01-01.gz HTTP/1.1" 200 17678 "-" "RStudio Desktop (1.4.1717); R (4.1.1 x86_64-w64-mingw32 x86_64 mingw32)" 
39.105.117.69 - - [28/Oct/2021:02:39:49 -0700] "GET /honeypot/BSidesDFW%20-%202014.ipynb HTTP/1.1" 200 930843 "-" "Mozilla/5.0 (X11; Linux x86_64) AppleWebKit/537.36 (KHTML, like Gecko) Chrome/65.0.3325.146 Safari/537.36" 
39.105.117.69 - - [28/Oct/2021:02:39:55 -0700] "GET /Datasets%20Description/HTML_Bro_log_3/?C=D;O=A HTTP/1.1" 200 745 "-" "Mozilla/5.0 (Windows NT 6.1; WOW64; rv:56.0) Gecko/20100101 Firefox/56.0" 
39.105.117.69 - - [28/Oct/2021:02:39:55 -0700] "GET /Datasets%20Description/HTML_Bro_log_3/?C=M;O=A HTTP/1.1" 200 745 "-" "Mozilla/5.0 (X11; Linux x86_64) AppleWebKit/537.36 (KHTML, like Gecko) Chrome/40.0.2214.93 Safari/537.36" 
39.105.117.69 - - [28/Oct/2021:02:39:56 -0700] "GET /Datasets%20Description/HTML_Bro_log_3/?C=M;O=D HTTP/1.1" 200 744 "-" "Mozilla/5.0 (X11; Linux x86_64) AppleWebKit/537.36 (KHTML, like Gecko) Chrome/37.0.2062.124 Safari/537.36" 
39.105.117.69 - - [28/Oct/2021:02:39:57 -0700] "GET /Datasets%20Description/HTML_Bro_log_2/irc.html HTTP/1.1" 200 1693 "-" "Mozilla/5.0 (Windows NT 6.1; Win64; x64) AppleWebKit/537.36 (KHTML, like Gecko) Chrome/37.0.2062.124 Safari/537.36" 
39.105.117.69 - - [28/Oct/2021:02:39:57 -0700] "GET /Datasets%20Description/HTML_Bro_log_3/weird.html HTTP/1.1" 200 1853 "-" "Mozilla/5.0 (Windows NT 6.1; Win64; x64) AppleWebKit/537.36 (KHTML, like Gecko) Chrome/64.0.3282.0 Safari/537.36" 
39.105.117.69 - - [28/Oct/2021:02:39:58 -0700] "GET /Datasets%20Description/HTML_Bro_log_2/loaded_scripts.html HTTP/1.1" 200 1465 "-" "Mozilla/5.0 (X11; Linux x86_64; rv:57.0) Gecko/20100101 Firefox/57.0" 
39.105.117.69 - - [28/Oct/2021:02:39:58 -0700] "GET /Datasets%20Description/HTML_Bro_log_2/files.html HTTP/1.1" 200 1832 "-" "Mozilla/5.0 (Macintosh; Intel Mac OS X 10_10) AppleWebKit/537.36 (KHTML, like Gecko) Chrome/41.0.2228.0 Safari/537.36" 
39.105.117.69 - - [28/Oct/2021:02:40:00 -0700] "GET / HTTP/1.1" 200 13107 "-" "Mozilla/5.0 (Windows NT 10.0) AppleWebKit/537.36 (KHTML, like Gecko) Chrome/64.0.3282.0 Safari/537.36" 
39.105.117.69 - - [28/Oct/2021:02:40:01 -0700] "GET /maccdc2012/maccdc2012_fast_alert.7z HTTP/1.1" 200 9478182 "-" "Mozilla/5.0 (X11; Linux x86_64; rv:58.0) Gecko/20100101 Firefox/58.0" 
39.105.117.69 - - [28/Oct/2021:02:40:16 -0700] "GET /Datasets%20Description/HTML_Bro_log_2/weird.html HTTP/1.1" 200 1891 "-" "Mozilla/5.0 (Windows NT 6.1; WOW64) AppleWebKit/537.36 (KHTML, like Gecko) Chrome/40.0.2214.93 Safari/537.36" 
39.105.117.69 - - [28/Oct/2021:02:40:18 -0700] "GET /Datasets%20Description/Network/N/A HTTP/1.1" 404 250 "-" "Mozilla/5.0 (X11; Linux x86_64) AppleWebKit/537.36 (KHTML, like Gecko) Chrome/40.0.2214.93 Safari/537.36" 
39.105.117.69 - - [28/Oct/2021:02:40:19 -0700] "GET /Datasets%20Description/HTML_Bro_log_2/?C=N;O=D HTTP/1.1" 200 754 "-" "Mozilla/5.0 (Windows NT 6.1; WOW64) AppleWebKit/537.36 (KHTML, like Gecko) Chrome/65.0.3325.146 Safari/537.36" 
39.105.117.69 - - [28/Oct/2021:02:40:20 -0700] "GET /self.logs/ HTTP/1.1" 200 32385 "-" "Mozilla/5.0 (X11; Linux x86_64; rv:57.0) Gecko/20100101 Firefox/57.0" 
39.105.117.69 - - [28/Oct/2021:02:40:23 -0700] "GET /self.logs/error.log.2020-08-30 HTTP/1.1" 200 307 "-" "Mozilla/5.0 (Windows NT 10.0; rv:52.0) Gecko/20100101 Firefox/52.0" 
39.105.117.69 - - [28/Oct/2021:02:40:24 -0700] "GET /self.logs/error.log.2019-12-08 HTTP/1.1" 200 273 "-" "Mozilla/5.0 (Windows NT 6.1; WOW64; rv:40.0) Gecko/20100101 Firefox/40.0" 
39.105.117.69 - - [28/Oct/2021:02:40:25 -0700] "GET /self.logs/error.log.2020-02-01 HTTP/1.1" 200 273 "-" "Mozilla/5.0 (X11; Linux x86_64) AppleWebKit/537.36 (KHTML, like Gecko) Chrome/40.0.2214.93 Safari/537.36" 
39.105.117.69 - - [28/Oct/2021:02:40:25 -0700] "GET /self.logs/error.log.2020-09-08 HTTP/1.1" 200 273 "-" "Mozilla/5.0 (X11; Linux x86_64) AppleWebKit/537.36 (KHTML, like Gecko) Chrome/37.0.2062.124 Safari/537.36" 
39.105.117.69 - - [28/Oct/2021:02:40:25 -0700] "GET /self.logs/error.log.2020-01-10 HTTP/1.1" 200 2272 "-" "Mozilla/5.0 (Windows NT 6.1; WOW64; rv:48.0) Gecko/20100101 Firefox/48.0" 
39.105.117.69 - - [28/Oct/2021:02:40:26 -0700] "GET /self.logs/error.log.2020-04-03 HTTP/1.1" 200 273 "-" "Mozilla/5.0 (Macintosh; Intel Mac OS X 10_10; rv:52.0) Gecko/20100101 Firefox/52.0" 
39.105.117.69 - - [28/Oct/2021:02:40:27 -0700] "GET /self.logs/error.log.2020-11-29 HTTP/1.1" 200 273 "-" "Mozilla/5.0 (X11; Linux x86_64; rv:48.0) Gecko/20100101 Firefox/48.0" 
39.105.117.69 - - [28/Oct/2021:02:40:27 -0700] "GET /self.logs/error.log.2020-09-04 HTTP/1.1" 200 273 "-" "Mozilla/5.0 (Windows NT 10.0; rv:52.0) Gecko/20100101 Firefox/52.0" 
39.105.117.69 - - [28/Oct/2021:02:40:27 -0700] "GET /self.logs/error.log.2020-04-27 HTTP/1.1" 200 273 "-" "Mozilla/5.0 (X11; Linux x86_64; rv:40.0) Gecko/20100101 Firefox/40.0" 
39.105.117.69 - - [28/Oct/2021:02:40:28 -0700] "GET /self.logs/error.log.2020-03-18 HTTP/1.1" 200 273 "-" "Mozilla/5.0 (X11; Linux x86_64) AppleWebKit/537.36 (KHTML, like Gecko) Chrome/64.0.3282.0 Safari/537.36" 
39.105.117.69 - - [28/Oct/2021:02:40:28 -0700] "GET /self.logs/error.log.2020-11-10 HTTP/1.1" 200 273 "-" "Mozilla/5.0 (Macintosh; Intel Mac OS X 10_10) AppleWebKit/537.36 (KHTML, like Gecko) Chrome/64.0.3282.0 Safari/537.36" 
39.105.117.69 - - [28/Oct/2021:02:40:29 -0700] "GET /Datasets%20Description/HTML_Bro_log_3/dhcp.html HTTP/1.1" 200 1662 "-" "Mozilla/5.0 (Windows NT 6.1; WOW64; rv:48.0) Gecko/20100101 Firefox/48.0" 
39.105.117.69 - - [28/Oct/2021:02:40:30 -0700] "GET /self.logs/error.log.2020-01-20 HTTP/1.1" 200 273 "-" "Mozilla/5.0 (Windows NT 5.1) AppleWebKit/537.36 (KHTML, like Gecko) Chrome/64.0.3282.0 Safari/537.36" 
39.105.117.69 - - [28/Oct/2021:02:40:31 -0700] "GET /self.logs/error.log.2020-06-15 HTTP/1.1" 200 273 "-" "Mozilla/5.0 (Windows NT 6.1; WOW64; rv:48.0) Gecko/20100101 Firefox/48.0" 
39.105.117.69 - - [28/Oct/2021:02:40:31 -0700] "GET /self.logs/error.log.2021-03-08 HTTP/1.1" 200 1611 "-" "Mozilla/5.0 (Windows NT 10.0) AppleWebKit/537.36 (KHTML, like Gecko) Chrome/41.0.2228.0 Safari/537.36" 
39.105.117.69 - - [28/Oct/2021:02:40:32 -0700] "GET /self.logs/error.log.2020-03-28 HTTP/1.1" 200 273 "-" "Mozilla/5.0 (Windows NT 6.1; WOW64; rv:35.0) Gecko/20100101 Firefox/35.0" 
39.105.117.69 - - [28/Oct/2021:02:40:33 -0700] "GET /Datasets%20Description/HTML_Bro_log_2/?C=S;O=D HTTP/1.1" 200 749 "-" "Mozilla/5.0 (Windows NT 5.1) AppleWebKit/537.36 (KHTML, like Gecko) Chrome/64.0.3282.0 Safari/537.36" 
39.105.117.69 - - [28/Oct/2021:02:40:33 -0700] "GET /self.logs/error.log.2020-06-11 HTTP/1.1" 200 273 "-" "Mozilla/5.0 (Windows NT 10.0) AppleWebKit/537.36 (KHTML, like Gecko) Chrome/64.0.3282.0 Safari/537.36" 
39.105.117.69 - - [28/Oct/2021:02:40:35 -0700] "GET /self.logs/error.log.2020-05-01 HTTP/1.1" 200 273 "-" "Mozilla/5.0 (Windows NT 5.1) AppleWebKit/537.36 (KHTML, like Gecko) Chrome/65.0.3325.146 Safari/537.36" 
39.105.117.69 - - [28/Oct/2021:02:40:35 -0700] "GET /self.logs/error.log.2020-02-25 HTTP/1.1" 200 273 "-" "Mozilla/5.0 (X11; Linux x86_64) AppleWebKit/537.36 (KHTML, like Gecko) Chrome/64.0.3282.0 Safari/537.36" 
39.105.117.69 - - [28/Oct/2021:02:40:35 -0700] "GET /self.logs/error.log.2021-01-01 HTTP/1.1" 200 273 "-" "Mozilla/5.0 (Windows NT 5.1) AppleWebKit/537.36 (KHTML, like Gecko) Chrome/65.0.3325.146 Safari/537.36" 
39.105.117.69 - - [28/Oct/2021:02:40:36 -0700] "GET /self.logs/?C=M;O=A HTTP/1.1" 200 33692 "-" "Mozilla/5.0 (Windows NT 5.1; rv:52.0) Gecko/20100101 Firefox/52.0" 
39.105.117.69 - - [28/Oct/2021:02:40:38 -0700] "GET /self.logs/error.log.2020-12-29 HTTP/1.1" 200 273 "-" "Mozilla/5.0 (Windows NT 5.1) AppleWebKit/537.36 (KHTML, like Gecko) Chrome/64.0.3282.0 Safari/537.36" 
39.105.117.69 - - [28/Oct/2021:02:40:38 -0700] "GET /self.logs/error.log.2020-05-22 HTTP/1.1" 200 273 "-" "Mozilla/5.0 (Windows NT 6.1; Win64; x64; rv:58.0) Gecko/20100101 Firefox/58.0" 
39.105.117.69 - - [28/Oct/2021:02:40:39 -0700] "GET /self.logs/error.log.2020-04-20 HTTP/1.1" 200 273 "-" "Mozilla/5.0 (Windows NT 10.0) AppleWebKit/537.36 (KHTML, like Gecko) Chrome/65.0.3325.146 Safari/537.36" 
39.105.117.69 - - [28/Oct/2021:02:40:39 -0700] "GET /self.logs/error.log.2020-12-26 HTTP/1.1" 200 273 "-" "Mozilla/5.0 (Windows NT 6.1; WOW64) AppleWebKit/537.36 (KHTML, like Gecko) Chrome/64.0.3282.0 Safari/537.36" 
39.105.117.69 - - [28/Oct/2021:02:40:40 -0700] "GET /self.logs/error.log.2021-07-12 HTTP/1.1" 200 1027 "-" "Mozilla/5.0 (Windows NT 10.0) AppleWebKit/537.36 (KHTML, like Gecko) Chrome/41.0.2228.0 Safari/537.36" 
39.105.117.69 - - [28/Oct/2021:02:40:41 -0700] "GET /self.logs/error.log.2020-05-07 HTTP/1.1" 200 273 "-" "Mozilla/5.0 (Windows NT 5.1; rv:56.0) Gecko/20100101 Firefox/56.0" 
39.105.117.69 - - [28/Oct/2021:02:40:41 -0700] "GET /self.logs/error.log.2020-02-09 HTTP/1.1" 200 273 "-" "Mozilla/5.0 (Windows NT 6.1; WOW64; rv:56.0) Gecko/20100101 Firefox/56.0" 
39.105.117.69 - - [28/Oct/2021:02:40:42 -0700] "GET /self.logs/error.log.2020-01-29 HTTP/1.1" 200 1278 "-" "Mozilla/5.0 (Windows NT 10.0) AppleWebKit/537.36 (KHTML, like Gecko) Chrome/40.0.2214.93 Safari/537.36" 
39.105.117.69 - - [28/Oct/2021:02:40:42 -0700] "GET /self.logs/error.log.2020-11-19 HTTP/1.1" 200 273 "-" "Mozilla/5.0 (X11; Linux x86_64) AppleWebKit/537.36 (KHTML, like Gecko) Chrome/41.0.2228.0 Safari/537.36" 
39.105.117.69 - - [28/Oct/2021:02:40:43 -0700] "GET /Datasets%20Description/HTML_Bro_log_2/?C=D;O=D HTTP/1.1" 200 754 "-" "Mozilla/5.0 (Macintosh; Intel Mac OS X 10_10) AppleWebKit/537.36 (KHTML, like Gecko) Chrome/41.0.2228.0 Safari/537.36" 
39.105.117.69 - - [28/Oct/2021:02:40:43 -0700] "GET /self.logs/error.log.2021-01-09 HTTP/1.1" 200 273 "-" "Mozilla/5.0 (Windows NT 6.1; WOW64) AppleWebKit/537.36 (KHTML, like Gecko) Chrome/40.0.2214.93 Safari/537.36" 
39.105.117.69 - - [28/Oct/2021:02:40:44 -0700] "GET /self.logs/error.log.2020-08-10 HTTP/1.1" 200 273 "-" "Mozilla/5.0 (Windows NT 6.1; Win64; x64) AppleWebKit/537.36 (KHTML, like Gecko) Chrome/40.0.2214.93 Safari/537.36" 
39.105.117.69 - - [28/Oct/2021:02:40:44 -0700] "GET /self.logs/error.log.2020-06-27 HTTP/1.1" 200 273 "-" "Mozilla/5.0 (Macintosh; Intel Mac OS X 10_10) AppleWebKit/537.36 (KHTML, like Gecko) Chrome/65.0.3325.146 Safari/537.36" 
39.105.117.69 - - [28/Oct/2021:02:40:45 -0700] "GET /self.logs/error.log.2020-07-10 HTTP/1.1" 200 273 "-" "Mozilla/5.0 (Windows NT 5.1; rv:58.0) Gecko/20100101 Firefox/58.0" 
39.105.117.69 - - [28/Oct/2021:02:40:45 -0700] "GET /Datasets%20Description/HTML_Bro_log_3/loaded_scripts.html HTTP/1.1" 200 1465 "-" "Mozilla/5.0 (X11; Linux x86_64; rv:58.0) Gecko/20100101 Firefox/58.0" 
39.105.117.69 - - [28/Oct/2021:02:40:45 -0700] "GET /self.logs/error.log.2020-11-27 HTTP/1.1" 200 4466 "-" "Mozilla/5.0 (X11; Linux x86_64) AppleWebKit/537.36 (KHTML, like Gecko) Chrome/37.0.2062.124 Safari/537.36" 
39.105.117.69 - - [28/Oct/2021:02:40:45 -0700] "GET /self.logs/error.log.2021-07-17 HTTP/1.1" 200 273 "-" "Mozilla/5.0 (Windows NT 10.0; rv:35.0) Gecko/20100101 Firefox/35.0" 
39.105.117.69 - - [28/Oct/2021:02:40:46 -0700] "GET /self.logs/error.log.2020-10-18 HTTP/1.1" 200 273 "-" "Mozilla/5.0 (Windows NT 10.0) AppleWebKit/537.36 (KHTML, like Gecko) Chrome/65.0.3325.146 Safari/537.36" 
39.105.117.69 - - [28/Oct/2021:02:40:46 -0700] "GET /self.logs/error.log.2020-10-01 HTTP/1.1" 200 273 "-" "Mozilla/5.0 (Windows NT 6.1; Win64; x64) AppleWebKit/537.36 (KHTML, like Gecko) Chrome/40.0.2214.93 Safari/537.36" 
39.105.117.69 - - [28/Oct/2021:02:40:46 -0700] "GET /self.logs/error.log.2020-05-20 HTTP/1.1" 200 273 "-" "Mozilla/5.0 (Windows NT 6.1; WOW64; rv:57.0) Gecko/20100101 Firefox/57.0" 
39.105.117.69 - - [28/Oct/2021:02:40:47 -0700] "GET /self.logs/error.log.2020-11-22 HTTP/1.1" 200 273 "-" "Mozilla/5.0 (Windows NT 6.1; Win64; x64) AppleWebKit/537.36 (KHTML, like Gecko) Chrome/37.0.2062.124 Safari/537.36" 
39.105.117.69 - - [28/Oct/2021:02:40:48 -0700] "GET /self.logs/error.log.2020-12-01 HTTP/1.1" 200 273 "-" "Mozilla/5.0 (Windows NT 10.0; rv:52.0) Gecko/20100101 Firefox/52.0" 
39.105.117.69 - - [28/Oct/2021:02:40:49 -0700] "GET /tg/tg_snort_full.7z HTTP/1.1" 200 858480 "-" "Mozilla/5.0 (Windows NT 10.0; rv:57.0) Gecko/20100101 Firefox/57.0" 
39.105.117.69 - - [28/Oct/2021:02:40:59 -0700] "GET /self.logs/error.log.2020-06-06 HTTP/1.1" 200 307 "-" "Mozilla/5.0 (Windows NT 6.1; WOW64; rv:57.0) Gecko/20100101 Firefox/57.0" 
39.105.117.69 - - [28/Oct/2021:02:41:00 -0700] "GET /self.logs/error.log.2020-05-12 HTTP/1.1" 200 273 "-" "Mozilla/5.0 (Windows NT 5.1) AppleWebKit/537.36 (KHTML, like Gecko) Chrome/65.0.3325.146 Safari/537.36" 
39.105.117.69 - - [28/Oct/2021:02:41:00 -0700] "GET /self.logs/error.log.2020-09-06 HTTP/1.1" 200 273 "-" "Mozilla/5.0 (Macintosh; Intel Mac OS X 10_10) AppleWebKit/537.36 (KHTML, like Gecko) Chrome/37.0.2062.124 Safari/537.36" 
39.105.117.69 - - [28/Oct/2021:02:41:01 -0700] "GET /self.logs/error.log.2020-03-05 HTTP/1.1" 200 273 "-" "Mozilla/5.0 (Macintosh; Intel Mac OS X 10_10; rv:35.0) Gecko/20100101 Firefox/35.0" 
39.105.117.69 - - [28/Oct/2021:02:41:01 -0700] "GET /self.logs/error.log.2020-06-20 HTTP/1.1" 200 273 "-" "Mozilla/5.0 (Windows NT 10.0; rv:35.0) Gecko/20100101 Firefox/35.0" 
39.105.117.69 - - [28/Oct/2021:02:41:02 -0700] "GET /self.logs/error.log.2020-05-02 HTTP/1.1" 200 273 "-" "Mozilla/5.0 (Windows NT 10.0; rv:57.0) Gecko/20100101 Firefox/57.0" 
39.105.117.69 - - [28/Oct/2021:02:41:02 -0700] "GET /self.logs/error.log.2020-04-22 HTTP/1.1" 200 273 "-" "Mozilla/5.0 (X11; Linux x86_64) AppleWebKit/537.36 (KHTML, like Gecko) Chrome/65.0.3325.146 Safari/537.36" 
39.105.117.69 - - [28/Oct/2021:02:41:03 -0700] "GET /self.logs/error.log.2020-01-17 HTTP/1.1" 200 273 "-" "Mozilla/5.0 (Windows NT 5.1; rv:40.0) Gecko/20100101 Firefox/40.0" 
39.105.117.69 - - [28/Oct/2021:02:41:03 -0700] "GET /self.logs/error.log.2020-02-14 HTTP/1.1" 200 273 "-" "Mozilla/5.0 (Windows NT 6.1; WOW64) AppleWebKit/537.36 (KHTML, like Gecko) Chrome/40.0.2214.93 Safari/537.36" 
39.105.117.69 - - [28/Oct/2021:02:41:04 -0700] "GET /self.logs/error.log.2020-06-19 HTTP/1.1" 200 273 "-" "Mozilla/5.0 (Windows NT 5.1; rv:58.0) Gecko/20100101 Firefox/58.0" 
39.105.117.69 - - [28/Oct/2021:02:41:05 -0700] "GET /self.logs/error.log.2020-12-30 HTTP/1.1" 200 273 "-" "Mozilla/5.0 (Windows NT 6.1; WOW64) AppleWebKit/537.36 (KHTML, like Gecko) Chrome/65.0.3325.146 Safari/537.36" 
39.105.117.69 - - [28/Oct/2021:02:41:06 -0700] "GET /self.logs/?C=D;O=A HTTP/1.1" 200 32385 "-" "Mozilla/5.0 (Windows NT 10.0) AppleWebKit/537.36 (KHTML, like Gecko) Chrome/65.0.3325.146 Safari/537.36" 
39.105.117.69 - - [28/Oct/2021:02:41:12 -0700] "GET /self.logs/error.log.2020-12-31 HTTP/1.1" 200 307 "-" "Mozilla/5.0 (Macintosh; Intel Mac OS X 10_10; rv:57.0) Gecko/20100101 Firefox/57.0" 
39.105.117.69 - - [28/Oct/2021:02:41:13 -0700] "GET /self.logs/error.log.2020-07-26 HTTP/1.1" 200 273 "-" "Mozilla/5.0 (Windows NT 5.1; rv:57.0) Gecko/20100101 Firefox/57.0" 
39.105.117.69 - - [28/Oct/2021:02:41:14 -0700] "GET /self.logs/error.log.2020-09-16 HTTP/1.1" 200 690 "-" "Mozilla/5.0 (Windows NT 5.1) AppleWebKit/537.36 (KHTML, like Gecko) Chrome/40.0.2214.93 Safari/537.36" 
39.105.117.69 - - [28/Oct/2021:02:41:15 -0700] "GET /Datasets%20Description/HTML_Bro_log_3/?C=D;O=D HTTP/1.1" 200 744 "-" "Mozilla/5.0 (Windows NT 5.1; rv:40.0) Gecko/20100101 Firefox/40.0" 
39.105.117.69 - - [28/Oct/2021:02:41:15 -0700] "GET /self.logs/error.log.2020-06-02 HTTP/1.1" 200 273 "-" "Mozilla/5.0 (Windows NT 10.0; rv:57.0) Gecko/20100101 Firefox/57.0" 
39.105.117.69 - - [28/Oct/2021:02:41:18 -0700] "GET /self.logs/error.log.2020-11-01 HTTP/1.1" 200 307 "-" "Mozilla/5.0 (X11; Linux x86_64; rv:52.0) Gecko/20100101 Firefox/52.0" 
39.105.117.69 - - [28/Oct/2021:02:41:18 -0700] "GET /self.logs/error.log.2020-06-25 HTTP/1.1" 200 273 "-" "Mozilla/5.0 (Windows NT 5.1) AppleWebKit/537.36 (KHTML, like Gecko) Chrome/64.0.3282.0 Safari/537.36" 
39.105.117.69 - - [28/Oct/2021:02:41:18 -0700] "GET /self.logs/error.log.2020-09-22 HTTP/1.1" 200 273 "-" "Mozilla/5.0 (Windows NT 5.1; rv:40.0) Gecko/20100101 Firefox/40.0" 
39.105.117.69 - - [28/Oct/2021:02:41:20 -0700] "GET /self.logs/error.log.2020-07-17 HTTP/1.1" 200 273 "-" "Mozilla/5.0 (Macintosh; Intel Mac OS X 10_10) AppleWebKit/537.36 (KHTML, like Gecko) Chrome/40.0.2214.93 Safari/537.36" 
39.105.117.69 - - [28/Oct/2021:02:41:22 -0700] "GET /self.logs/error.log.2020-03-10 HTTP/1.1" 200 273 "-" "Mozilla/5.0 (Macintosh; Intel Mac OS X 10_10; rv:58.0) Gecko/20100101 Firefox/58.0" 
39.105.117.69 - - [28/Oct/2021:02:41:22 -0700] "GET /self.logs/error.log.2020-06-08 HTTP/1.1" 200 273 "-" "Mozilla/5.0 (Windows NT 10.0) AppleWebKit/537.36 (KHTML, like Gecko) Chrome/41.0.2228.0 Safari/537.36" 
