125.65.228.36 - - [20/Nov/2022:20:36:23 -0800] "GET /m/1.php HTTP/1.1" 404 250 "http://www.secrepo.com/m/1.php" "Mozilla/4.0 (compatible; MSIE 7.0; Windows NT 6.1; WOW64; Trident/7.0; SLCC2; .NET CLR 2.0.50727; .NET CLR 3.5.30729; .NET CLR 3.0.30729; Media Center PC 6.0; .NET4.0C; .NET4.0E)" 
171.217.250.154 - - [20/Nov/2022:20:36:23 -0800] "GET /m/demodata.php HTTP/1.1" 404 250 "http://www.secrepo.com/m/demodata.php" "Mozilla/4.0 (compatible; MSIE 7.0; Windows NT 6.1; WOW64; Trident/7.0; SLCC2; .NET CLR 2.0.50727; .NET CLR 3.5.30729; .NET CLR 3.0.30729; Media Center PC 6.0; .NET4.0C; .NET4.0E)" 
182.135.116.108 - - [20/Nov/2022:20:36:23 -0800] "GET /m/nginx.php HTTP/1.1" 404 250 "http://www.secrepo.com/m/nginx.php" "Mozilla/4.0 (compatible; MSIE 7.0; Windows NT 6.1; WOW64; Trident/7.0; SLCC2; .NET CLR 2.0.50727; .NET CLR 3.5.30729; .NET CLR 3.0.30729; Media Center PC 6.0; .NET4.0C; .NET4.0E)" 
110.190.179.215 - - [20/Nov/2022:20:36:23 -0800] "GET /m/newfile.php HTTP/1.1" 404 250 "http://www.secrepo.com/m/newfile.php" "Mozilla/4.0 (compatible; MSIE 7.0; Windows NT 6.1; WOW64; Trident/7.0; SLCC2; .NET CLR 2.0.50727; .NET CLR 3.5.30729; .NET CLR 3.0.30729; Media Center PC 6.0; .NET4.0C; .NET4.0E)" 
125.65.228.13 - - [20/Nov/2022:20:36:24 -0800] "GET /m/apache.php HTTP/1.1" 404 250 "http://www.secrepo.com/m/apache.php" "Mozilla/4.0 (compatible; MSIE 7.0; Windows NT 6.1; WOW64; Trident/7.0; SLCC2; .NET CLR 2.0.50727; .NET CLR 3.5.30729; .NET CLR 3.0.30729; Media Center PC 6.0; .NET4.0C; .NET4.0E)" 
171.217.250.236 - - [20/Nov/2022:20:36:24 -0800] "GET /m/a.php HTTP/1.1" 404 250 "http://www.secrepo.com/m/a.php" "Mozilla/4.0 (compatible; MSIE 7.0; Windows NT 6.1; WOW64; Trident/7.0; SLCC2; .NET CLR 2.0.50727; .NET CLR 3.5.30729; .NET CLR 3.0.30729; Media Center PC 6.0; .NET4.0C; .NET4.0E)" 
182.135.116.217 - - [20/Nov/2022:20:36:24 -0800] "GET /m/1234.php HTTP/1.1" 404 250 "http://www.secrepo.com/m/1234.php" "Mozilla/4.0 (compatible; MSIE 7.0; Windows NT 6.1; WOW64; Trident/7.0; SLCC2; .NET CLR 2.0.50727; .NET CLR 3.5.30729; .NET CLR 3.0.30729; Media Center PC 6.0; .NET4.0C; .NET4.0E)" 
110.190.179.215 - - [20/Nov/2022:20:36:24 -0800] "GET /m/x.php HTTP/1.1" 404 250 "http://www.secrepo.com/m/x.php" "Mozilla/4.0 (compatible; MSIE 7.0; Windows NT 6.1; WOW64; Trident/7.0; SLCC2; .NET CLR 2.0.50727; .NET CLR 3.5.30729; .NET CLR 3.0.30729; Media Center PC 6.0; .NET4.0C; .NET4.0E)" 
182.135.116.217 - - [20/Nov/2022:20:36:24 -0800] "GET /templets/wdf.php HTTP/1.1" 404 250 "http://www.secrepo.com/templets/wdf.php" "Mozilla/4.0 (compatible; MSIE 7.0; Windows NT 6.1; WOW64; Trident/7.0; SLCC2; .NET CLR 2.0.50727; .NET CLR 3.5.30729; .NET CLR 3.0.30729; Media Center PC 6.0; .NET4.0C; .NET4.0E)" 
182.145.92.85 - - [20/Nov/2022:20:36:24 -0800] "GET /templets/admin.php HTTP/1.1" 404 250 "http://www.secrepo.com/templets/admin.php" "Mozilla/4.0 (compatible; MSIE 7.0; Windows NT 6.1; WOW64; Trident/7.0; SLCC2; .NET CLR 2.0.50727; .NET CLR 3.5.30729; .NET CLR 3.0.30729; Media Center PC 6.0; .NET4.0C; .NET4.0E)" 
182.135.116.92 - - [20/Nov/2022:20:36:24 -0800] "GET /templets/1.php HTTP/1.1" 404 250 "http://www.secrepo.com/templets/1.php" "Mozilla/4.0 (compatible; MSIE 7.0; Windows NT 6.1; WOW64; Trident/7.0; SLCC2; .NET CLR 2.0.50727; .NET CLR 3.5.30729; .NET CLR 3.0.30729; Media Center PC 6.0; .NET4.0C; .NET4.0E)" 
171.217.250.154 - - [20/Nov/2022:20:36:24 -0800] "GET /templets/nginx.php HTTP/1.1" 404 250 "http://www.secrepo.com/templets/nginx.php" "Mozilla/4.0 (compatible; MSIE 7.0; Windows NT 6.1; WOW64; Trident/7.0; SLCC2; .NET CLR 2.0.50727; .NET CLR 3.5.30729; .NET CLR 3.0.30729; Media Center PC 6.0; .NET4.0C; .NET4.0E)" 
125.65.228.36 - - [20/Nov/2022:20:36:24 -0800] "GET /templets/admins.php HTTP/1.1" 404 250 "http://www.secrepo.com/templets/admins.php" "Mozilla/4.0 (compatible; MSIE 7.0; Windows NT 6.1; WOW64; Trident/7.0; SLCC2; .NET CLR 2.0.50727; .NET CLR 3.5.30729; .NET CLR 3.0.30729; Media Center PC 6.0; .NET4.0C; .NET4.0E)" 
182.135.116.108 - - [20/Nov/2022:20:36:24 -0800] "GET /templets/newfile.php HTTP/1.1" 404 250 "http://www.secrepo.com/templets/newfile.php" "Mozilla/4.0 (compatible; MSIE 7.0; Windows NT 6.1; WOW64; Trident/7.0; SLCC2; .NET CLR 2.0.50727; .NET CLR 3.5.30729; .NET CLR 3.0.30729; Media Center PC 6.0; .NET4.0C; .NET4.0E)" 
110.190.179.215 - - [20/Nov/2022:20:36:24 -0800] "GET /templets/apache.php HTTP/1.1" 404 250 "http://www.secrepo.com/templets/apache.php" "Mozilla/4.0 (compatible; MSIE 7.0; Windows NT 6.1; WOW64; Trident/7.0; SLCC2; .NET CLR 2.0.50727; .NET CLR 3.5.30729; .NET CLR 3.0.30729; Media Center PC 6.0; .NET4.0C; .NET4.0E)" 
125.65.228.13 - - [20/Nov/2022:20:36:24 -0800] "GET /templets/a.php HTTP/1.1" 404 250 "http://www.secrepo.com/templets/a.php" "Mozilla/4.0 (compatible; MSIE 7.0; Windows NT 6.1; WOW64; Trident/7.0; SLCC2; .NET CLR 2.0.50727; .NET CLR 3.5.30729; .NET CLR 3.0.30729; Media Center PC 6.0; .NET4.0C; .NET4.0E)" 
171.217.250.236 - - [20/Nov/2022:20:36:24 -0800] "GET /templets/1234.php HTTP/1.1" 404 250 "http://www.secrepo.com/templets/1234.php" "Mozilla/4.0 (compatible; MSIE 7.0; Windows NT 6.1; WOW64; Trident/7.0; SLCC2; .NET CLR 2.0.50727; .NET CLR 3.5.30729; .NET CLR 3.0.30729; Media Center PC 6.0; .NET4.0C; .NET4.0E)" 
182.135.116.217 - - [20/Nov/2022:20:36:24 -0800] "GET /templets/x.php HTTP/1.1" 404 250 "http://www.secrepo.com/templets/x.php" "Mozilla/4.0 (compatible; MSIE 7.0; Windows NT 6.1; WOW64; Trident/7.0; SLCC2; .NET CLR 2.0.50727; .NET CLR 3.5.30729; .NET CLR 3.0.30729; Media Center PC 6.0; .NET4.0C; .NET4.0E)" 
110.190.179.215 - - [20/Nov/2022:20:36:24 -0800] "GET /uploads/wdf.php HTTP/1.1" 404 250 "http://www.secrepo.com/uploads/wdf.php" "Mozilla/4.0 (compatible; MSIE 7.0; Windows NT 6.1; WOW64; Trident/7.0; SLCC2; .NET CLR 2.0.50727; .NET CLR 3.5.30729; .NET CLR 3.0.30729; Media Center PC 6.0; .NET4.0C; .NET4.0E)" 
182.135.116.217 - - [20/Nov/2022:20:36:24 -0800] "GET /uploads/admin.php HTTP/1.1" 404 250 "http://www.secrepo.com/uploads/admin.php" "Mozilla/4.0 (compatible; MSIE 7.0; Windows NT 6.1; WOW64; Trident/7.0; SLCC2; .NET CLR 2.0.50727; .NET CLR 3.5.30729; .NET CLR 3.0.30729; Media Center PC 6.0; .NET4.0C; .NET4.0E)" 
182.135.116.92 - - [20/Nov/2022:20:36:24 -0800] "GET /uploads/1.php HTTP/1.1" 404 250 "http://www.secrepo.com/uploads/1.php" "Mozilla/4.0 (compatible; MSIE 7.0; Windows NT 6.1; WOW64; Trident/7.0; SLCC2; .NET CLR 2.0.50727; .NET CLR 3.5.30729; .NET CLR 3.0.30729; Media Center PC 6.0; .NET4.0C; .NET4.0E)" 
110.190.176.149 - - [20/Nov/2022:20:36:24 -0800] "GET /templets/demodata.php HTTP/1.1" 404 284 "http://www.secrepo.com/templets/demodata.php" "Mozilla/4.0 (compatible; MSIE 7.0; Windows NT 6.1; WOW64; Trident/7.0; SLCC2; .NET CLR 2.0.50727; .NET CLR 3.5.30729; .NET CLR 3.0.30729; Media Center PC 6.0; .NET4.0C; .NET4.0E)" 
182.135.116.246 - - [20/Nov/2022:20:36:24 -0800] "GET /install/apache.php HTTP/1.1" 404 284 "http://www.secrepo.com/install/apache.php" "Mozilla/4.0 (compatible; MSIE 7.0; Windows NT 6.1; WOW64; Trident/7.0; SLCC2; .NET CLR 2.0.50727; .NET CLR 3.5.30729; .NET CLR 3.0.30729; Media Center PC 6.0; .NET4.0C; .NET4.0E)" 
125.65.228.36 - - [20/Nov/2022:20:36:24 -0800] "GET /uploads/demodata.php HTTP/1.1" 404 250 "http://www.secrepo.com/uploads/demodata.php" "Mozilla/4.0 (compatible; MSIE 7.0; Windows NT 6.1; WOW64; Trident/7.0; SLCC2; .NET CLR 2.0.50727; .NET CLR 3.5.30729; .NET CLR 3.0.30729; Media Center PC 6.0; .NET4.0C; .NET4.0E)" 
171.217.250.154 - - [20/Nov/2022:20:36:24 -0800] "GET /uploads/nginx.php HTTP/1.1" 404 250 "http://www.secrepo.com/uploads/nginx.php" "Mozilla/4.0 (compatible; MSIE 7.0; Windows NT 6.1; WOW64; Trident/7.0; SLCC2; .NET CLR 2.0.50727; .NET CLR 3.5.30729; .NET CLR 3.0.30729; Media Center PC 6.0; .NET4.0C; .NET4.0E)" 
182.135.116.108 - - [20/Nov/2022:20:36:24 -0800] "GET /uploads/admins.php HTTP/1.1" 404 250 "http://www.secrepo.com/uploads/admins.php" "Mozilla/4.0 (compatible; MSIE 7.0; Windows NT 6.1; WOW64; Trident/7.0; SLCC2; .NET CLR 2.0.50727; .NET CLR 3.5.30729; .NET CLR 3.0.30729; Media Center PC 6.0; .NET4.0C; .NET4.0E)" 
125.65.228.13 - - [20/Nov/2022:20:36:24 -0800] "GET /uploads/newfile.php HTTP/1.1" 404 250 "http://www.secrepo.com/uploads/newfile.php" "Mozilla/4.0 (compatible; MSIE 7.0; Windows NT 6.1; WOW64; Trident/7.0; SLCC2; .NET CLR 2.0.50727; .NET CLR 3.5.30729; .NET CLR 3.0.30729; Media Center PC 6.0; .NET4.0C; .NET4.0E)" 
171.217.250.236 - - [20/Nov/2022:20:36:24 -0800] "GET /uploads/a.php HTTP/1.1" 404 250 "http://www.secrepo.com/uploads/a.php" "Mozilla/4.0 (compatible; MSIE 7.0; Windows NT 6.1; WOW64; Trident/7.0; SLCC2; .NET CLR 2.0.50727; .NET CLR 3.5.30729; .NET CLR 3.0.30729; Media Center PC 6.0; .NET4.0C; .NET4.0E)" 
182.135.116.223 - - [20/Nov/2022:20:36:24 -0800] "GET /uploads/apache.php HTTP/1.1" 404 250 "http://www.secrepo.com/uploads/apache.php" "Mozilla/4.0 (compatible; MSIE 7.0; Windows NT 6.1; WOW64; Trident/7.0; SLCC2; .NET CLR 2.0.50727; .NET CLR 3.5.30729; .NET CLR 3.0.30729; Media Center PC 6.0; .NET4.0C; .NET4.0E)" 
182.135.116.217 - - [20/Nov/2022:20:36:24 -0800] "GET /uploads/1234.php HTTP/1.1" 404 250 "http://www.secrepo.com/uploads/1234.php" "Mozilla/4.0 (compatible; MSIE 7.0; Windows NT 6.1; WOW64; Trident/7.0; SLCC2; .NET CLR 2.0.50727; .NET CLR 3.5.30729; .NET CLR 3.0.30729; Media Center PC 6.0; .NET4.0C; .NET4.0E)" 
110.190.179.215 - - [20/Nov/2022:20:36:24 -0800] "GET /uploads/x.php HTTP/1.1" 404 250 "http://www.secrepo.com/uploads/x.php" "Mozilla/4.0 (compatible; MSIE 7.0; Windows NT 6.1; WOW64; Trident/7.0; SLCC2; .NET CLR 2.0.50727; .NET CLR 3.5.30729; .NET CLR 3.0.30729; Media Center PC 6.0; .NET4.0C; .NET4.0E)" 
182.135.116.217 - - [20/Nov/2022:20:36:24 -0800] "GET /upload/admin.php HTTP/1.1" 404 250 "http://www.secrepo.com/upload/admin.php" "Mozilla/4.0 (compatible; MSIE 7.0; Windows NT 6.1; WOW64; Trident/7.0; SLCC2; .NET CLR 2.0.50727; .NET CLR 3.5.30729; .NET CLR 3.0.30729; Media Center PC 6.0; .NET4.0C; .NET4.0E)" 
182.135.116.92 - - [20/Nov/2022:20:36:24 -0800] "GET /upload/1.php HTTP/1.1" 404 250 "http://www.secrepo.com/upload/1.php" "Mozilla/4.0 (compatible; MSIE 7.0; Windows NT 6.1; WOW64; Trident/7.0; SLCC2; .NET CLR 2.0.50727; .NET CLR 3.5.30729; .NET CLR 3.0.30729; Media Center PC 6.0; .NET4.0C; .NET4.0E)" 
110.190.176.149 - - [20/Nov/2022:20:36:24 -0800] "GET /upload/admins.php HTTP/1.1" 404 250 "http://www.secrepo.com/upload/admins.php" "Mozilla/4.0 (compatible; MSIE 7.0; Windows NT 6.1; WOW64; Trident/7.0; SLCC2; .NET CLR 2.0.50727; .NET CLR 3.5.30729; .NET CLR 3.0.30729; Media Center PC 6.0; .NET4.0C; .NET4.0E)" 
125.65.229.76 - - [20/Nov/2022:20:36:24 -0800] "GET /m/admins.php HTTP/1.1" 404 284 "http://www.secrepo.com/m/admins.php" "Mozilla/4.0 (compatible; MSIE 7.0; Windows NT 6.1; WOW64; Trident/7.0; SLCC2; .NET CLR 2.0.50727; .NET CLR 3.5.30729; .NET CLR 3.0.30729; Media Center PC 6.0; .NET4.0C; .NET4.0E)" 
171.217.250.154 - - [20/Nov/2022:20:36:24 -0800] "GET /upload/newfile.php HTTP/1.1" 404 250 "http://www.secrepo.com/upload/newfile.php" "Mozilla/4.0 (compatible; MSIE 7.0; Windows NT 6.1; WOW64; Trident/7.0; SLCC2; .NET CLR 2.0.50727; .NET CLR 3.5.30729; .NET CLR 3.0.30729; Media Center PC 6.0; .NET4.0C; .NET4.0E)" 
182.135.116.246 - - [20/Nov/2022:20:36:24 -0800] "GET /upload/apache.php HTTP/1.1" 404 250 "http://www.secrepo.com/upload/apache.php" "Mozilla/4.0 (compatible; MSIE 7.0; Windows NT 6.1; WOW64; Trident/7.0; SLCC2; .NET CLR 2.0.50727; .NET CLR 3.5.30729; .NET CLR 3.0.30729; Media Center PC 6.0; .NET4.0C; .NET4.0E)" 
182.135.116.108 - - [20/Nov/2022:20:36:24 -0800] "GET /upload/a.php HTTP/1.1" 404 250 "http://www.secrepo.com/upload/a.php" "Mozilla/4.0 (compatible; MSIE 7.0; Windows NT 6.1; WOW64; Trident/7.0; SLCC2; .NET CLR 2.0.50727; .NET CLR 3.5.30729; .NET CLR 3.0.30729; Media Center PC 6.0; .NET4.0C; .NET4.0E)" 
125.65.228.13 - - [20/Nov/2022:20:36:24 -0800] "GET /upload/1234.php HTTP/1.1" 404 250 "http://www.secrepo.com/upload/1234.php" "Mozilla/4.0 (compatible; MSIE 7.0; Windows NT 6.1; WOW64; Trident/7.0; SLCC2; .NET CLR 2.0.50727; .NET CLR 3.5.30729; .NET CLR 3.0.30729; Media Center PC 6.0; .NET4.0C; .NET4.0E)" 
171.217.250.236 - - [20/Nov/2022:20:36:24 -0800] "GET /upload/x.php HTTP/1.1" 404 250 "http://www.secrepo.com/upload/x.php" "Mozilla/4.0 (compatible; MSIE 7.0; Windows NT 6.1; WOW64; Trident/7.0; SLCC2; .NET CLR 2.0.50727; .NET CLR 3.5.30729; .NET CLR 3.0.30729; Media Center PC 6.0; .NET4.0C; .NET4.0E)" 
182.135.116.217 - - [20/Nov/2022:20:36:24 -0800] "GET /template/wdf.php HTTP/1.1" 404 250 "http://www.secrepo.com/template/wdf.php" "Mozilla/4.0 (compatible; MSIE 7.0; Windows NT 6.1; WOW64; Trident/7.0; SLCC2; .NET CLR 2.0.50727; .NET CLR 3.5.30729; .NET CLR 3.0.30729; Media Center PC 6.0; .NET4.0C; .NET4.0E)" 
125.65.228.237 - - [20/Nov/2022:20:36:24 -0800] "GET /upload/wdf.php HTTP/1.1" 404 284 "http://www.secrepo.com/upload/wdf.php" "Mozilla/4.0 (compatible; MSIE 7.0; Windows NT 6.1; WOW64; Trident/7.0; SLCC2; .NET CLR 2.0.50727; .NET CLR 3.5.30729; .NET CLR 3.0.30729; Media Center PC 6.0; .NET4.0C; .NET4.0E)" 
110.190.179.215 - - [20/Nov/2022:20:36:24 -0800] "GET /template/admin.php HTTP/1.1" 404 250 "http://www.secrepo.com/template/admin.php" "Mozilla/4.0 (compatible; MSIE 7.0; Windows NT 6.1; WOW64; Trident/7.0; SLCC2; .NET CLR 2.0.50727; .NET CLR 3.5.30729; .NET CLR 3.0.30729; Media Center PC 6.0; .NET4.0C; .NET4.0E)" 
182.135.116.145 - - [20/Nov/2022:20:36:24 -0800] "GET /upload/demodata.php HTTP/1.1" 404 284 "http://www.secrepo.com/upload/demodata.php" "Mozilla/4.0 (compatible; MSIE 7.0; Windows NT 6.1; WOW64; Trident/7.0; SLCC2; .NET CLR 2.0.50727; .NET CLR 3.5.30729; .NET CLR 3.0.30729; Media Center PC 6.0; .NET4.0C; .NET4.0E)" 
171.217.250.154 - - [20/Nov/2022:20:36:24 -0800] "GET /upload/nginx.php HTTP/1.1" 404 284 "http://www.secrepo.com/upload/nginx.php" "Mozilla/4.0 (compatible; MSIE 7.0; Windows NT 6.1; WOW64; Trident/7.0; SLCC2; .NET CLR 2.0.50727; .NET CLR 3.5.30729; .NET CLR 3.0.30729; Media Center PC 6.0; .NET4.0C; .NET4.0E)" 
182.135.116.217 - - [20/Nov/2022:20:36:24 -0800] "GET /template/1.php HTTP/1.1" 404 250 "http://www.secrepo.com/template/1.php" "Mozilla/4.0 (compatible; MSIE 7.0; Windows NT 6.1; WOW64; Trident/7.0; SLCC2; .NET CLR 2.0.50727; .NET CLR 3.5.30729; .NET CLR 3.0.30729; Media Center PC 6.0; .NET4.0C; .NET4.0E)" 
182.135.116.92 - - [20/Nov/2022:20:36:24 -0800] "GET /template/demodata.php HTTP/1.1" 404 250 "http://www.secrepo.com/template/demodata.php" "Mozilla/4.0 (compatible; MSIE 7.0; Windows NT 6.1; WOW64; Trident/7.0; SLCC2; .NET CLR 2.0.50727; .NET CLR 3.5.30729; .NET CLR 3.0.30729; Media Center PC 6.0; .NET4.0C; .NET4.0E)" 
110.190.176.149 - - [20/Nov/2022:20:36:25 -0800] "GET /template/nginx.php HTTP/1.1" 404 250 "http://www.secrepo.com/template/nginx.php" "Mozilla/4.0 (compatible; MSIE 7.0; Windows NT 6.1; WOW64; Trident/7.0; SLCC2; .NET CLR 2.0.50727; .NET CLR 3.5.30729; .NET CLR 3.0.30729; Media Center PC 6.0; .NET4.0C; .NET4.0E)" 
182.145.92.85 - - [20/Nov/2022:20:36:25 -0800] "GET /template/admins.php HTTP/1.1" 404 250 "http://www.secrepo.com/template/admins.php" "Mozilla/4.0 (compatible; MSIE 7.0; Windows NT 6.1; WOW64; Trident/7.0; SLCC2; .NET CLR 2.0.50727; .NET CLR 3.5.30729; .NET CLR 3.0.30729; Media Center PC 6.0; .NET4.0C; .NET4.0E)" 
171.217.250.154 - - [20/Nov/2022:20:36:25 -0800] "GET /template/apache.php HTTP/1.1" 404 250 "http://www.secrepo.com/template/apache.php" "Mozilla/4.0 (compatible; MSIE 7.0; Windows NT 6.1; WOW64; Trident/7.0; SLCC2; .NET CLR 2.0.50727; .NET CLR 3.5.30729; .NET CLR 3.0.30729; Media Center PC 6.0; .NET4.0C; .NET4.0E)" 
182.135.116.108 - - [20/Nov/2022:20:36:25 -0800] "GET /template/a.php HTTP/1.1" 404 250 "http://www.secrepo.com/template/a.php" "Mozilla/4.0 (compatible; MSIE 7.0; Windows NT 6.1; WOW64; Trident/7.0; SLCC2; .NET CLR 2.0.50727; .NET CLR 3.5.30729; .NET CLR 3.0.30729; Media Center PC 6.0; .NET4.0C; .NET4.0E)" 
125.65.228.13 - - [20/Nov/2022:20:36:25 -0800] "GET /template/1234.php HTTP/1.1" 404 250 "http://www.secrepo.com/template/1234.php" "Mozilla/4.0 (compatible; MSIE 7.0; Windows NT 6.1; WOW64; Trident/7.0; SLCC2; .NET CLR 2.0.50727; .NET CLR 3.5.30729; .NET CLR 3.0.30729; Media Center PC 6.0; .NET4.0C; .NET4.0E)" 
182.135.116.246 - - [20/Nov/2022:20:36:25 -0800] "GET /template/x.php HTTP/1.1" 404 250 "http://www.secrepo.com/template/x.php" "Mozilla/4.0 (compatible; MSIE 7.0; Windows NT 6.1; WOW64; Trident/7.0; SLCC2; .NET CLR 2.0.50727; .NET CLR 3.5.30729; .NET CLR 3.0.30729; Media Center PC 6.0; .NET4.0C; .NET4.0E)" 
182.135.116.217 - - [20/Nov/2022:20:36:25 -0800] "GET /wdf.php HTTP/1.1" 404 250 "http://www.secrepo.com/wdf.php" "Mozilla/4.0 (compatible; MSIE 7.0; Windows NT 6.1; WOW64; Trident/7.0; SLCC2; .NET CLR 2.0.50727; .NET CLR 3.5.30729; .NET CLR 3.0.30729; Media Center PC 6.0; .NET4.0C; .NET4.0E)" 
182.135.116.92 - - [20/Nov/2022:20:36:25 -0800] "GET /1.php HTTP/1.1" 404 250 "http://www.secrepo.com/1.php" "Mozilla/4.0 (compatible; MSIE 7.0; Windows NT 6.1; WOW64; Trident/7.0; SLCC2; .NET CLR 2.0.50727; .NET CLR 3.5.30729; .NET CLR 3.0.30729; Media Center PC 6.0; .NET4.0C; .NET4.0E)" 
171.217.250.236 - - [20/Nov/2022:20:36:25 -0800] "GET /demodata.php HTTP/1.1" 404 250 "http://www.secrepo.com/demodata.php" "Mozilla/4.0 (compatible; MSIE 7.0; Windows NT 6.1; WOW64; Trident/7.0; SLCC2; .NET CLR 2.0.50727; .NET CLR 3.5.30729; .NET CLR 3.0.30729; Media Center PC 6.0; .NET4.0C; .NET4.0E)" 
182.135.116.217 - - [20/Nov/2022:20:36:25 -0800] "GET /admin.php HTTP/1.1" 404 250 "http://www.secrepo.com/admin.php" "Mozilla/4.0 (compatible; MSIE 7.0; Windows NT 6.1; WOW64; Trident/7.0; SLCC2; .NET CLR 2.0.50727; .NET CLR 3.5.30729; .NET CLR 3.0.30729; Media Center PC 6.0; .NET4.0C; .NET4.0E)" 
110.190.179.215 - - [20/Nov/2022:20:36:25 -0800] "GET /nginx.php HTTP/1.1" 404 250 "http://www.secrepo.com/nginx.php" "Mozilla/4.0 (compatible; MSIE 7.0; Windows NT 6.1; WOW64; Trident/7.0; SLCC2; .NET CLR 2.0.50727; .NET CLR 3.5.30729; .NET CLR 3.0.30729; Media Center PC 6.0; .NET4.0C; .NET4.0E)" 
110.190.176.149 - - [20/Nov/2022:20:36:25 -0800] "GET /a.php HTTP/1.1" 404 250 "http://www.secrepo.com/a.php" "Mozilla/4.0 (compatible; MSIE 7.0; Windows NT 6.1; WOW64; Trident/7.0; SLCC2; .NET CLR 2.0.50727; .NET CLR 3.5.30729; .NET CLR 3.0.30729; Media Center PC 6.0; .NET4.0C; .NET4.0E)" 
182.135.116.145 - - [20/Nov/2022:20:36:25 -0800] "GET /newfile.php HTTP/1.1" 404 250 "http://www.secrepo.com/newfile.php" "Mozilla/4.0 (compatible; MSIE 7.0; Windows NT 6.1; WOW64; Trident/7.0; SLCC2; .NET CLR 2.0.50727; .NET CLR 3.5.30729; .NET CLR 3.0.30729; Media Center PC 6.0; .NET4.0C; .NET4.0E)" 
171.217.250.154 - - [20/Nov/2022:20:36:25 -0800] "GET /apache.php HTTP/1.1" 404 250 "http://www.secrepo.com/apache.php" "Mozilla/4.0 (compatible; MSIE 7.0; Windows NT 6.1; WOW64; Trident/7.0; SLCC2; .NET CLR 2.0.50727; .NET CLR 3.5.30729; .NET CLR 3.0.30729; Media Center PC 6.0; .NET4.0C; .NET4.0E)" 
125.65.228.237 - - [20/Nov/2022:20:36:25 -0800] "GET /admins.php HTTP/1.1" 404 250 "http://www.secrepo.com/admins.php" "Mozilla/4.0 (compatible; MSIE 7.0; Windows NT 6.1; WOW64; Trident/7.0; SLCC2; .NET CLR 2.0.50727; .NET CLR 3.5.30729; .NET CLR 3.0.30729; Media Center PC 6.0; .NET4.0C; .NET4.0E)" 
110.190.179.215 - - [20/Nov/2022:20:36:25 -0800] "GET /1234.php HTTP/1.1" 404 250 "http://www.secrepo.com/1234.php" "Mozilla/4.0 (compatible; MSIE 7.0; Windows NT 6.1; WOW64; Trident/7.0; SLCC2; .NET CLR 2.0.50727; .NET CLR 3.5.30729; .NET CLR 3.0.30729; Media Center PC 6.0; .NET4.0C; .NET4.0E)" 
182.145.92.85 - - [20/Nov/2022:20:36:25 -0800] "GET /x.php HTTP/1.1" 404 250 "http://www.secrepo.com/x.php" "Mozilla/4.0 (compatible; MSIE 7.0; Windows NT 6.1; WOW64; Trident/7.0; SLCC2; .NET CLR 2.0.50727; .NET CLR 3.5.30729; .NET CLR 3.0.30729; Media Center PC 6.0; .NET4.0C; .NET4.0E)" 
125.65.228.190 - - [20/Nov/2022:20:36:25 -0800] "GET /template/newfile.php HTTP/1.1" 404 284 "http://www.secrepo.com/template/newfile.php" "Mozilla/4.0 (compatible; MSIE 7.0; Windows NT 6.1; WOW64; Trident/7.0; SLCC2; .NET CLR 2.0.50727; .NET CLR 3.5.30729; .NET CLR 3.0.30729; Media Center PC 6.0; .NET4.0C; .NET4.0E)" 
183.192.179.16 - - [20/Nov/2022:20:36:39 -0800] "GET /secrepocom.zip HTTP/1.1" 301 503 "-" "python-requests/2.27.1" 
183.192.179.16 - - [20/Nov/2022:20:36:42 -0800] "GET /secrepocom.zip HTTP/1.1" 404 328 "-" "python-requests/2.27.1" 
157.55.39.209 - - [20/Nov/2022:20:38:58 -0800] "GET /self.logs/ HTTP/1.1" 200 39721 "-" "Mozilla/5.0 AppleWebKit/537.36 (KHTML, like Gecko; compatible; bingbot/2.0; +http://www.bing.com/bingbot.htm) Chrome/103.0.5060.134 Safari/537.36" 
95.163.255.58 - - [20/Nov/2022:20:39:42 -0800] "GET /robots.txt HTTP/1.0" 200 340 "-" "Mozilla/5.0 (compatible; Linux x86_64; Mail.RU_Bot/2.0; +https://help.mail.ru/webmaster/indexing/robots)" 
95.163.255.54 - - [20/Nov/2022:20:39:43 -0800] "GET /maccdc2012/?C=D;O=D HTTP/1.1" 200 825 "-" "Mozilla/5.0 (compatible; Linux x86_64; Mail.RU_Bot/2.0; +https://help.mail.ru/webmaster/indexing/robots)" 
20.208.128.50 - - [20/Nov/2022:20:44:07 -0800] "GET / HTTP/1.1" 301 475 "-" "Mozilla/5.0 (Macintosh; Intel Mac OS X 10_10_1) AppleWebKit/537.36 (KHTML, like Gecko) Chrome/39.0.2171.95 Safari/537.36" 
20.208.128.50 - - [20/Nov/2022:20:44:12 -0800] "GET /wordpress/ HTTP/1.1" 301 495 "-" "Mozilla/5.0 (Macintosh; Intel Mac OS X 10_10_1) AppleWebKit/537.36 (KHTML, like Gecko) Chrome/39.0.2171.95 Safari/537.36" 
20.208.128.50 - - [20/Nov/2022:20:44:17 -0800] "GET /wp/ HTTP/1.1" 301 481 "-" "Mozilla/5.0 (Macintosh; Intel Mac OS X 10_10_1) AppleWebKit/537.36 (KHTML, like Gecko) Chrome/39.0.2171.95 Safari/537.36" 
20.208.128.50 - - [20/Nov/2022:20:44:22 -0800] "GET /blog/ HTTP/1.1" 301 485 "-" "Mozilla/5.0 (Macintosh; Intel Mac OS X 10_10_1) AppleWebKit/537.36 (KHTML, like Gecko) Chrome/39.0.2171.95 Safari/537.36" 
20.208.128.50 - - [20/Nov/2022:20:44:26 -0800] "GET /new/ HTTP/1.1" 301 483 "-" "Mozilla/5.0 (Macintosh; Intel Mac OS X 10_10_1) AppleWebKit/537.36 (KHTML, like Gecko) Chrome/39.0.2171.95 Safari/537.36" 
20.208.128.50 - - [20/Nov/2022:20:44:33 -0800] "GET /old/ HTTP/1.1" 301 483 "-" "Mozilla/5.0 (Macintosh; Intel Mac OS X 10_10_1) AppleWebKit/537.36 (KHTML, like Gecko) Chrome/39.0.2171.95 Safari/537.36" 
20.208.128.50 - - [20/Nov/2022:20:44:39 -0800] "GET /backup/ HTTP/1.1" 301 489 "-" "Mozilla/5.0 (Macintosh; Intel Mac OS X 10_10_1) AppleWebKit/537.36 (KHTML, like Gecko) Chrome/39.0.2171.95 Safari/537.36" 
20.208.128.50 - - [20/Nov/2022:20:44:56 -0800] "GET /oldsite/ HTTP/1.1" 301 491 "-" "Mozilla/5.0 (Macintosh; Intel Mac OS X 10_10_1) AppleWebKit/537.36 (KHTML, like Gecko) Chrome/39.0.2171.95 Safari/537.36" 
20.208.128.50 - - [20/Nov/2022:20:45:01 -0800] "GET /back/ HTTP/1.1" 301 485 "-" "Mozilla/5.0 (Macintosh; Intel Mac OS X 10_10_1) AppleWebKit/537.36 (KHTML, like Gecko) Chrome/39.0.2171.95 Safari/537.36" 
118.184.177.111 - - [20/Nov/2022:21:01:46 -0800] "GET / HTTP/1.1" 200 13148 "-" "Sogou web spider/4.0(+http://www.sogou.com/docs/help/webmasters.htm#07)" 
211.92.24.83 - - [20/Nov/2022:21:02:52 -0800] "GET /secrepocom.7z HTTP/1.1" 301 501 "-" "python-requests/2.26.0" 
211.92.24.83 - - [20/Nov/2022:21:02:56 -0800] "GET /secrepocom.7z HTTP/1.1" 404 328 "-" "python-requests/2.26.0" 
51.77.205.250 - - [20/Nov/2022:21:05:37 -0800] "GET /honeypot/BSidesDFW%20-%202014.ipynb HTTP/1.1" 301 481 "-" "Tornado-Async-Client" 
27.150.191.126 - - [20/Nov/2022:21:05:36 -0800] "GET /auth.log/auth.log.gz HTTP/1.1" 200 615679 "-" "Mozilla/5.0 (Windows NT 10.0; Win64; x64) AppleWebKit/537.36 (KHTML, like Gecko) Chrome/76.0.3809.25 Safari/537.36" 
27.150.191.126 - - [20/Nov/2022:21:05:37 -0800] "GET /honeypot/BSidesDFW%20-%202014.ipynb HTTP/1.1" 200 930921 "-" "Mozilla/5.0 (Windows NT 10.0; Win64; x64) AppleWebKit/537.36 (KHTML, like Gecko) Chrome/76.0.3809.25 Safari/537.36" 
51.83.111.190 - - [20/Nov/2022:21:05:52 -0800] "GET /honeypot/js-agent.newrelic.com/nr-1216.min.js HTTP/1.1" 301 509 "-" "Tornado-Async-Client" 
51.83.111.190 - - [20/Nov/2022:21:05:53 -0800] "GET /honeypot/js-agent.newrelic.com/nr-1216.min.js HTTP/1.1" 404 284 "-" "Tornado-Async-Client" 
51.83.111.190 - - [20/Nov/2022:21:05:54 -0800] "GET /honeypot/jquery.min.js HTTP/1.1" 301 463 "-" "Tornado-Async-Client" 
51.83.111.190 - - [20/Nov/2022:21:05:54 -0800] "GET /honeypot/jquery.min.js HTTP/1.1" 404 250 "-" "Tornado-Async-Client" 
27.150.191.126 - - [20/Nov/2022:21:05:55 -0800] "GET /maccdc2012/ssh.log.gz HTTP/1.1" 200 182567 "-" "Mozilla/5.0 (Windows NT 10.0; Win64; x64) AppleWebKit/537.36 (KHTML, like Gecko) Chrome/76.0.3809.25 Safari/537.36" 
27.150.191.126 - - [20/Nov/2022:21:05:56 -0800] "GET /maccdc2012/ftp.log.gz HTTP/1.1" 200 127738 "-" "Mozilla/5.0 (Windows NT 10.0; Win64; x64) AppleWebKit/537.36 (KHTML, like Gecko) Chrome/76.0.3809.25 Safari/537.36" 
51.77.205.250 - - [20/Nov/2022:21:05:56 -0800] "GET /honeypot/moment.min.js HTTP/1.1" 301 463 "-" "Tornado-Async-Client" 
51.77.205.250 - - [20/Nov/2022:21:05:56 -0800] "GET /honeypot/moment.min.js HTTP/1.1" 404 284 "-" "Tornado-Async-Client" 
51.77.205.250 - - [20/Nov/2022:21:05:57 -0800] "GET /honeypot/bootstrap.min.js HTTP/1.1" 301 469 "-" "Tornado-Async-Client" 
51.77.205.250 - - [20/Nov/2022:21:05:57 -0800] "GET /honeypot/bootstrap.min.js HTTP/1.1" 404 250 "-" "Tornado-Async-Client" 
51.77.205.250 - - [20/Nov/2022:21:05:59 -0800] "GET /honeypot/headroom.js/dist/headroom.min.js HTTP/1.1" 301 501 "-" "Tornado-Async-Client" 
51.77.205.250 - - [20/Nov/2022:21:05:59 -0800] "GET /honeypot/headroom.js/dist/headroom.min.js HTTP/1.1" 404 284 "-" "Tornado-Async-Client" 
27.150.191.126 - - [20/Nov/2022:21:06:00 -0800] "GET /maccdc2012/dhcp.log.gz HTTP/1.1" 200 44977 "-" "Mozilla/5.0 (Windows NT 10.0; Win64; x64) AppleWebKit/537.36 (KHTML, like Gecko) Chrome/76.0.3809.25 Safari/537.36" 
27.150.191.126 - - [20/Nov/2022:21:06:00 -0800] "GET /maccdc2012/smtp.log.gz HTTP/1.1" 200 6956 "-" "Mozilla/5.0 (Windows NT 10.0; Win64; x64) AppleWebKit/537.36 (KHTML, like Gecko) Chrome/76.0.3809.25 Safari/537.36" 
27.150.191.126 - - [20/Nov/2022:21:06:00 -0800] "GET /maccdc2012/signatures.log.gz HTTP/1.1" 200 668 "-" "Mozilla/5.0 (Windows NT 10.0; Win64; x64) AppleWebKit/537.36 (KHTML, like Gecko) Chrome/76.0.3809.25 Safari/537.36" 
51.77.205.250 - - [20/Nov/2022:21:06:01 -0800] "GET /honeypot/headroom.js/dist/jQuery.headroom.min.js HTTP/1.1" 301 515 "-" "Tornado-Async-Client" 
51.77.205.250 - - [20/Nov/2022:21:06:01 -0800] "GET /honeypot/headroom.js/dist/jQuery.headroom.min.js HTTP/1.1" 404 250 "-" "Tornado-Async-Client" 
27.150.191.126 - - [20/Nov/2022:21:05:38 -0800] "GET /self.logs/ HTTP/1.1" 200 39721 "-" "Mozilla/5.0 (Windows NT 10.0; Win64; x64) AppleWebKit/537.36 (KHTML, like Gecko) Chrome/76.0.3809.25 Safari/537.36" 
27.150.191.126 - - [20/Nov/2022:21:05:38 -0800] "GET /squid/access.log.gz HTTP/1.1" 200 713940 "-" "Mozilla/5.0 (Windows NT 10.0; Win64; x64) AppleWebKit/537.36 (KHTML, like Gecko) Chrome/76.0.3809.25 Safari/537.36" 
27.150.191.126 - - [20/Nov/2022:21:05:41 -0800] "GET /tg/tg_snort_full.7z HTTP/1.1" 200 600060 "-" "Mozilla/5.0 (Windows NT 10.0; Win64; x64) AppleWebKit/537.36 (KHTML, like Gecko) Chrome/76.0.3809.25 Safari/537.36" 
27.150.191.126 - - [20/Nov/2022:21:05:41 -0800] "GET /tg/tg_snort_fast.7z HTTP/1.1" 200 576700 "-" "Mozilla/5.0 (Windows NT 10.0; Win64; x64) AppleWebKit/537.36 (KHTML, like Gecko) Chrome/76.0.3809.25 Safari/537.36" 
27.150.191.126 - - [20/Nov/2022:21:05:41 -0800] "GET /maccdc2012/maccdc2012_full_alert.7z HTTP/1.1" 200 1746160 "-" "Mozilla/5.0 (Windows NT 10.0; Win64; x64) AppleWebKit/537.36 (KHTML, like Gecko) Chrome/76.0.3809.25 Safari/537.36" 
27.150.191.126 - - [20/Nov/2022:21:05:52 -0800] "GET /maccdc2012/ssl.log.gz HTTP/1.1" 200 1311463 "-" "Mozilla/5.0 (Windows NT 10.0; Win64; x64) AppleWebKit/537.36 (KHTML, like Gecko) Chrome/76.0.3809.25 Safari/537.36" 
27.150.191.126 - - [20/Nov/2022:21:05:50 -0800] "GET /maccdc2012/weird.log.gz HTTP/1.1" 200 477420 "-" "Mozilla/5.0 (Windows NT 10.0; Win64; x64) AppleWebKit/537.36 (KHTML, like Gecko) Chrome/76.0.3809.25 Safari/537.36" 
27.150.191.126 - - [20/Nov/2022:21:05:58 -0800] "GET /maccdc2012/files.log.gz HTTP/1.1" 200 1829380 "-" "Mozilla/5.0 (Windows NT 10.0; Win64; x64) AppleWebKit/537.36 (KHTML, like Gecko) Chrome/76.0.3809.25 Safari/537.36" 
27.150.191.126 - - [20/Nov/2022:21:05:57 -0800] "GET /maccdc2012/dns.log.gz HTTP/1.1" 200 2776920 "-" "Mozilla/5.0 (Windows NT 10.0; Win64; x64) AppleWebKit/537.36 (KHTML, like Gecko) Chrome/76.0.3809.25 Safari/537.36" 
27.150.191.126 - - [20/Nov/2022:21:06:00 -0800] "GET /maccdc2012/conn.log.gz HTTP/1.1" 200 1381160 "-" "Mozilla/5.0 (Windows NT 10.0; Win64; x64) AppleWebKit/537.36 (KHTML, like Gecko) Chrome/76.0.3809.25 Safari/537.36" 
27.150.191.126 - - [20/Nov/2022:21:06:44 -0800] "GET /self.logs HTTP/1.1" 301 563 "-" "Mozilla/5.0 (Windows NT 10.0; Win64; x64) AppleWebKit/537.36 (KHTML, like Gecko) Chrome/76.0.3809.25 Safari/537.36" 
27.150.191.126 - - [20/Nov/2022:21:06:45 -0800] "GET /self.logs/ HTTP/1.1" 200 39698 "-" "Mozilla/5.0 (Windows NT 10.0; Win64; x64) AppleWebKit/537.36 (KHTML, like Gecko) Chrome/76.0.3809.25 Safari/537.36" 
103.141.55.90 - - [20/Nov/2022:21:15:07 -0800] "GET / HTTP/1.1" 200 13185 "https://prevalentai.atlassian.net/" "Mozilla/5.0 (Windows NT 10.0; Win64; x64) AppleWebKit/537.36 (KHTML, like Gecko) Chrome/107.0.0.0 Safari/537.36 Edg/107.0.1418.52" 
103.141.55.90 - - [20/Nov/2022:21:15:07 -0800] "GET /css/style.css HTTP/1.1" 404 305 "http://www.secrepo.com/" "Mozilla/5.0 (Windows NT 10.0; Win64; x64) AppleWebKit/537.36 (KHTML, like Gecko) Chrome/107.0.0.0 Safari/537.36 Edg/107.0.1418.52" 
103.141.55.90 - - [20/Nov/2022:21:15:07 -0800] "GET /twitter-icon.png HTTP/1.1" 200 27916 "http://www.secrepo.com/" "Mozilla/5.0 (Windows NT 10.0; Win64; x64) AppleWebKit/537.36 (KHTML, like Gecko) Chrome/107.0.0.0 Safari/537.36 Edg/107.0.1418.52" 
103.141.55.90 - - [20/Nov/2022:21:15:08 -0800] "GET /GitHub-Mark.png HTTP/1.1" 200 7556 "http://www.secrepo.com/" "Mozilla/5.0 (Windows NT 10.0; Win64; x64) AppleWebKit/537.36 (KHTML, like Gecko) Chrome/107.0.0.0 Safari/537.36 Edg/107.0.1418.52" 
103.141.55.90 - - [20/Nov/2022:21:15:10 -0800] "GET /bootstrap/img/favicon.ico HTTP/1.1" 200 690 "http://www.secrepo.com/" "Mozilla/5.0 (Windows NT 10.0; Win64; x64) AppleWebKit/537.36 (KHTML, like Gecko) Chrome/107.0.0.0 Safari/537.36 Edg/107.0.1418.52" 
40.77.167.44 - - [20/Nov/2022:21:16:16 -0800] "GET / HTTP/1.1" 301 475 "-" "Mozilla/5.0 AppleWebKit/537.36 (KHTML, like Gecko; compatible; bingbot/2.0; +http://www.bing.com/bingbot.htm) Chrome/103.0.5060.134 Safari/537.36" 
211.92.24.83 - - [20/Nov/2022:21:19:19 -0800] "GET /secrepocom.tar.gz HTTP/1.1" 301 509 "-" "python-requests/2.26.0" 
211.92.24.83 - - [20/Nov/2022:21:19:21 -0800] "GET /secrepocom.tar.gz HTTP/1.1" 404 328 "-" "python-requests/2.26.0" 
40.77.167.44 - - [20/Nov/2022:21:19:26 -0800] "GET / HTTP/1.1" 200 13185 "-" "Mozilla/5.0 AppleWebKit/537.36 (KHTML, like Gecko; compatible; bingbot/2.0; +http://www.bing.com/bingbot.htm) Chrome/103.0.5060.134 Safari/537.36" 
157.55.39.209 - - [20/Nov/2022:21:26:22 -0800] "GET /self.logs/ HTTP/1.1" 200 39721 "-" "Mozilla/5.0 AppleWebKit/537.36 (KHTML, like Gecko; compatible; bingbot/2.0; +http://www.bing.com/bingbot.htm) Chrome/103.0.5060.134 Safari/537.36" 
114.119.145.137 - - [20/Nov/2022:21:39:08 -0800] "GET /self.logs/error.log.2017-01-20.gz HTTP/1.1" 200 892 "-" "Mozilla/5.0 (compatible;PetalBot;+https://webmaster.petalsearch.com/site/petalbot)" 
72.83.111.132 - - [20/Nov/2022:21:42:41 -0800] "GET / HTTP/1.1" 200 13185 "-" "Mozilla/5.0 (iPhone; CPU iPhone OS 16_0_3 like Mac OS X) AppleWebKit/605.1.15 (KHTML, like Gecko) Version/16.0 Mobile/15E148 Safari/604.1" 
72.83.111.132 - - [20/Nov/2022:21:42:41 -0800] "GET /twitter-icon.png HTTP/1.1" 200 27916 "http://www.secrepo.com/" "Mozilla/5.0 (iPhone; CPU iPhone OS 16_0_3 like Mac OS X) AppleWebKit/605.1.15 (KHTML, like Gecko) Version/16.0 Mobile/15E148 Safari/604.1" 
72.83.111.132 - - [20/Nov/2022:21:42:41 -0800] "GET /css/style.css HTTP/1.1" 404 328 "http://www.secrepo.com/" "Mozilla/5.0 (iPhone; CPU iPhone OS 16_0_3 like Mac OS X) AppleWebKit/605.1.15 (KHTML, like Gecko) Version/16.0 Mobile/15E148 Safari/604.1" 
72.83.111.132 - - [20/Nov/2022:21:42:41 -0800] "GET /GitHub-Mark.png HTTP/1.1" 200 7533 "http://www.secrepo.com/" "Mozilla/5.0 (iPhone; CPU iPhone OS 16_0_3 like Mac OS X) AppleWebKit/605.1.15 (KHTML, like Gecko) Version/16.0 Mobile/15E148 Safari/604.1" 
51.222.253.9 - - [20/Nov/2022:21:43:59 -0800] "GET /self.logs/access.log.2022-11-16.gz HTTP/1.1" 200 16595 "-" "Mozilla/5.0 (compatible; AhrefsBot/7.0; +http://ahrefs.com/robot/)" 
114.119.145.137 - - [20/Nov/2022:21:44:21 -0800] "GET /self.logs/access.log.2017-08-07.gz HTTP/1.1" 200 38525 "-" "Mozilla/5.0 (compatible;PetalBot;+https://webmaster.petalsearch.com/site/petalbot)" 
103.78.55.154 - - [20/Nov/2022:21:45:53 -0800] "GET / HTTP/1.1" 200 13185 "-" "Mozilla/5.0 (Windows NT 10.0; Win64; x64) AppleWebKit/537.36 (KHTML, like Gecko) Chrome/107.0.0.0 Safari/537.36" 
103.78.55.154 - - [20/Nov/2022:21:45:53 -0800] "GET /twitter-icon.png HTTP/1.1" 200 27916 "http://www.secrepo.com/" "Mozilla/5.0 (Windows NT 10.0; Win64; x64) AppleWebKit/537.36 (KHTML, like Gecko) Chrome/107.0.0.0 Safari/537.36" 
103.78.55.154 - - [20/Nov/2022:21:45:53 -0800] "GET /GitHub-Mark.png HTTP/1.1" 200 7556 "http://www.secrepo.com/" "Mozilla/5.0 (Windows NT 10.0; Win64; x64) AppleWebKit/537.36 (KHTML, like Gecko) Chrome/107.0.0.0 Safari/537.36" 
103.78.55.154 - - [20/Nov/2022:21:45:53 -0800] "GET /css/style.css HTTP/1.1" 404 305 "http://www.secrepo.com/" "Mozilla/5.0 (Windows NT 10.0; Win64; x64) AppleWebKit/537.36 (KHTML, like Gecko) Chrome/107.0.0.0 Safari/537.36" 
103.78.55.154 - - [20/Nov/2022:21:45:54 -0800] "GET /bootstrap/img/favicon.ico HTTP/1.1" 200 690 "http://www.secrepo.com/" "Mozilla/5.0 (Windows NT 10.0; Win64; x64) AppleWebKit/537.36 (KHTML, like Gecko) Chrome/107.0.0.0 Safari/537.36" 
114.119.149.222 - - [20/Nov/2022:21:52:28 -0800] "GET /self.logs/error.log.2020-09-14 HTTP/1.1" 200 351 "http://www.secrepo.com/self.logs?C=N%3BO%3DD" "Mozilla/5.0 (Linux; Android 7.0;) AppleWebKit/537.36 (KHTML, like Gecko) Mobile Safari/537.36 (compatible; PetalBot;+https://webmaster.petalsearch.com/site/petalbot)" 
13.229.48.43 - - [20/Nov/2022:22:07:21 -0800] "GET /maccdc2012/http.log.gz HTTP/1.1" 200 56420944 "-" "curl/7.61.1" 
114.119.140.174 - - [20/Nov/2022:22:09:15 -0800] "GET /self.logs/error.log.2017-09-28.gz HTTP/1.1" 200 2288 "-" "Mozilla/5.0 (compatible;PetalBot;+https://webmaster.petalsearch.com/site/petalbot)" 
51.222.253.11 - - [20/Nov/2022:22:09:50 -0800] "GET /self.logs/access.log.2022-11-17.gz HTTP/1.1" 200 12980 "-" "Mozilla/5.0 (compatible; AhrefsBot/7.0; +http://ahrefs.com/robot/)" 
157.55.39.209 - - [20/Nov/2022:22:09:25 -0800] "GET /self.logs/ HTTP/1.1" 200 0 "-" "Mozilla/5.0 AppleWebKit/537.36 (KHTML, like Gecko; compatible; bingbot/2.0; +http://www.bing.com/bingbot.htm) Chrome/103.0.5060.134 Safari/537.36" 
58.250.125.131 - - [20/Nov/2022:22:12:01 -0800] "GET / HTTP/1.1" 301 438 "-" "Sogou web spider/4.0(+http://www.sogou.com/docs/help/webmasters.htm#07)" 
58.250.125.127 - - [20/Nov/2022:22:12:10 -0800] "GET / HTTP/1.1" 200 13147 "-" "Sogou web spider/4.0(+http://www.sogou.com/docs/help/webmasters.htm#07)" 
95.163.255.52 - - [20/Nov/2022:22:21:27 -0800] "GET /robots.txt HTTP/1.0" 200 340 "-" "Mozilla/5.0 (compatible; Linux x86_64; Mail.RU_Bot/2.0; +https://help.mail.ru/webmaster/indexing/robots)" 
95.163.255.56 - - [20/Nov/2022:22:21:29 -0800] "GET /Datasets%20Description/HTML_Bro_log_1/loaded_scripts.html HTTP/1.1" 200 1506 "-" "Mozilla/5.0 (compatible; Linux x86_64; Mail.RU_Bot/2.0; +https://help.mail.ru/webmaster/indexing/robots)" 
31.216.65.151 - - [20/Nov/2022:22:25:52 -0800] "GET / HTTP/1.1" 200 13185 "-" "Mozilla/5.0 (Macintosh; Intel Mac OS X 10_15_7) AppleWebKit/605.1.15 (KHTML, like Gecko)" 
31.216.65.151 - - [20/Nov/2022:22:25:52 -0800] "GET /css/style.css HTTP/1.1" 404 328 "http://www.secrepo.com/" "Mozilla/5.0 (Macintosh; Intel Mac OS X 10_15_7) AppleWebKit/605.1.15 (KHTML, like Gecko)" 
31.216.65.151 - - [20/Nov/2022:22:25:52 -0800] "GET /twitter-icon.png HTTP/1.1" 200 27893 "http://www.secrepo.com/" "Mozilla/5.0 (Macintosh; Intel Mac OS X 10_15_7) AppleWebKit/605.1.15 (KHTML, like Gecko)" 
31.216.65.151 - - [20/Nov/2022:22:25:52 -0800] "GET /GitHub-Mark.png HTTP/1.1" 200 7533 "http://www.secrepo.com/" "Mozilla/5.0 (Macintosh; Intel Mac OS X 10_15_7) AppleWebKit/605.1.15 (KHTML, like Gecko)" 
114.119.140.174 - - [20/Nov/2022:22:32:53 -0800] "GET /self.logs/error.log.2017-11-12.gz HTTP/1.1" 200 1846 "-" "Mozilla/5.0 (compatible;PetalBot;+https://webmaster.petalsearch.com/site/petalbot)" 
51.222.253.5 - - [20/Nov/2022:22:35:38 -0800] "GET /self.logs/error.log.2022-11-16.gz HTTP/1.1" 200 4620 "-" "Mozilla/5.0 (compatible; AhrefsBot/7.0; +http://ahrefs.com/robot/)" 
71.255.251.195 - - [20/Nov/2022:22:35:54 -0800] "GET /css/style.css HTTP/1.1" 404 328 "http://www.secrepo.com/" "Mozilla/5.0 (Windows NT 10.0; Win64; x64) AppleWebKit/537.36 (KHTML, like Gecko) Chrome/107.0.0.0 Safari/537.36" 
71.255.251.195 - - [20/Nov/2022:22:36:09 -0800] "GET /maccdc2012/dhcp.log.gz HTTP/1.1" 200 44977 "http://www.secrepo.com/" "Mozilla/5.0 (Windows NT 10.0; Win64; x64) AppleWebKit/537.36 (KHTML, like Gecko) Chrome/107.0.0.0 Safari/537.36" 
114.119.149.228 - - [20/Nov/2022:22:38:03 -0800] "GET /self.logs/access.log.2017-01-19.gz HTTP/1.1" 200 18386 "-" "Mozilla/5.0 (compatible;PetalBot;+https://webmaster.petalsearch.com/site/petalbot)" 
71.255.251.195 - - [20/Nov/2022:22:41:55 -0800] "GET /maccdc2012/ftp.log.gz HTTP/1.1" 200 127761 "http://www.secrepo.com/" "Mozilla/5.0 (Windows NT 10.0; Win64; x64) AppleWebKit/537.36 (KHTML, like Gecko) Chrome/107.0.0.0 Safari/537.36" 
114.119.149.222 - - [20/Nov/2022:22:43:10 -0800] "GET /self.logs/error.log.2017-12-15.gz HTTP/1.1" 200 1911 "-" "Mozilla/5.0 (compatible;PetalBot;+https://webmaster.petalsearch.com/site/petalbot)" 
71.255.251.195 - - [20/Nov/2022:22:43:28 -0800] "GET /maccdc2012/notice.log.gz HTTP/1.1" 200 20797 "http://www.secrepo.com/" "Mozilla/5.0 (Windows NT 10.0; Win64; x64) AppleWebKit/537.36 (KHTML, like Gecko) Chrome/107.0.0.0 Safari/537.36" 
111.42.148.41 - - [20/Nov/2022:22:46:46 -0800] "GET /favicon.ico HTTP/1.1" 200 391 "-" "Mozilla/5.0 (Windows NT 10.0; WOW64) AppleWebKit/537.36 (KHTML, like Gecko) Chrome/86.0.4240.198 Safari/537.36" 
114.119.149.218 - - [20/Nov/2022:22:48:16 -0800] "GET /self.logs/error.log.2017-04-19.gz HTTP/1.1" 200 1022 "-" "Mozilla/5.0 (compatible;PetalBot;+https://webmaster.petalsearch.com/site/petalbot)" 
157.55.39.209 - - [20/Nov/2022:22:50:39 -0800] "GET /self.logs/ HTTP/1.1" 200 0 "-" "Mozilla/5.0 (compatible; bingbot/2.0; +http://www.bing.com/bingbot.htm)" 
20.210.206.79 - - [20/Nov/2022:22:55:16 -0800] "GET / HTTP/1.1" 429 476 "http://www.secrepo.com" "Mozilla/5.0 (Windows NT 10.0; WOW64) AppleWebKit/537.36 (KHTML, like Gecko) Chrome/86.0.4240.198 Safari/537.36" 
114.119.145.137 - - [20/Nov/2022:22:58:30 -0800] "GET /self.logs/access.log.2020-04-12.gz HTTP/1.1" 200 14857 "-" "Mozilla/5.0 (compatible;PetalBot;+https://webmaster.petalsearch.com/site/petalbot)" 
4.194.144.205 - - [20/Nov/2022:23:16:22 -0800] "GET / HTTP/1.1" 200 13185 "http://www.secrepo.com" "Mozilla/5.0 (Windows NT 10.0; WOW64) AppleWebKit/537.36 (KHTML, like Gecko) Chrome/86.0.4240.198 Safari/537.36" 
96.83.44.242 - - [20/Nov/2022:23:16:28 -0800] "GET / HTTP/1.1" 301 475 "-" "Mozilla/5.0 (Windows NT 10.0; Win64; x64) AppleWebKit/537.36 (KHTML, like Gecko) Chrome/107.0.0.0 Safari/537.36" 
96.83.44.242 - - [20/Nov/2022:23:16:28 -0800] "GET / HTTP/1.1" 200 13185 "-" "Mozilla/5.0 (Windows NT 10.0; Win64; x64) AppleWebKit/537.36 (KHTML, like Gecko) Chrome/107.0.0.0 Safari/537.36" 
96.83.44.242 - - [20/Nov/2022:23:16:28 -0800] "GET /css/style.css HTTP/1.1" 404 305 "http://www.secrepo.com/" "Mozilla/5.0 (Windows NT 10.0; Win64; x64) AppleWebKit/537.36 (KHTML, like Gecko) Chrome/107.0.0.0 Safari/537.36" 
96.83.44.242 - - [20/Nov/2022:23:16:28 -0800] "GET /twitter-icon.png HTTP/1.1" 200 27916 "http://www.secrepo.com/" "Mozilla/5.0 (Windows NT 10.0; Win64; x64) AppleWebKit/537.36 (KHTML, like Gecko) Chrome/107.0.0.0 Safari/537.36" 
96.83.44.242 - - [20/Nov/2022:23:16:28 -0800] "GET /GitHub-Mark.png HTTP/1.1" 200 7556 "http://www.secrepo.com/" "Mozilla/5.0 (Windows NT 10.0; Win64; x64) AppleWebKit/537.36 (KHTML, like Gecko) Chrome/107.0.0.0 Safari/537.36" 
96.83.44.242 - - [20/Nov/2022:23:16:29 -0800] "GET /bootstrap/img/favicon.ico HTTP/1.1" 200 690 "http://www.secrepo.com/" "Mozilla/5.0 (Windows NT 10.0; Win64; x64) AppleWebKit/537.36 (KHTML, like Gecko) Chrome/107.0.0.0 Safari/537.36" 
107.167.47.154 - - [20/Nov/2022:23:17:43 -0800] "GET / HTTP/1.1" 200 13185 "http://www.secrepo.com" "Mozilla/5.0 (Windows NT 10.0; WOW64) AppleWebKit/537.36 (KHTML, like Gecko) Chrome/86.0.4240.198 Safari/537.36" 
96.83.44.242 - - [20/Nov/2022:23:18:39 -0800] "GET /maccdc2012/dhcp.log.gz HTTP/1.1" 200 44977 "http://www.secrepo.com/" "Mozilla/5.0 (Windows NT 10.0; Win64; x64) AppleWebKit/537.36 (KHTML, like Gecko) Chrome/107.0.0.0 Safari/537.36" 
114.119.149.23 - - [20/Nov/2022:23:19:01 -0800] "GET /self.logs/error.log.2020-02-05.gz HTTP/1.1" 200 1254 "-" "Mozilla/5.0 (compatible;PetalBot;+https://webmaster.petalsearch.com/site/petalbot)" 
157.55.39.209 - - [20/Nov/2022:23:30:23 -0800] "GET /self.logs/ HTTP/1.1" 200 0 "-" "Mozilla/5.0 (compatible; bingbot/2.0; +http://www.bing.com/bingbot.htm)" 
20.232.19.176 - - [20/Nov/2022:23:34:22 -0800] "HEAD / HTTP/1.1" 200 359 "-" "link-check/5.2.0" 
52.230.41.67 - - [20/Nov/2022:23:35:23 -0800] "GET / HTTP/1.1" 200 13185 "http://www.secrepo.com" "Mozilla/5.0 (Windows NT 10.0; WOW64) AppleWebKit/537.36 (KHTML, like Gecko) Chrome/86.0.4240.198 Safari/537.36" 
5.255.253.131 - - [20/Nov/2022:23:39:19 -0800] "GET /robots.txt HTTP/1.1" 301 495 "-" "Mozilla/5.0 (compatible; YandexBot/3.0; +http://yandex.com/bots)" 
5.255.253.131 - - [20/Nov/2022:23:39:19 -0800] "GET /robots.txt HTTP/1.1" 200 354 "-" "Mozilla/5.0 (compatible; YandexBot/3.0; +http://yandex.com/bots)" 
5.255.253.131 - - [20/Nov/2022:23:39:22 -0800] "GET / HTTP/1.1" 301 474 "-" "Mozilla/5.0 (compatible; YandexBot/3.0; +http://yandex.com/bots)" 
5.255.253.131 - - [20/Nov/2022:23:39:25 -0800] "GET /robots.txt HTTP/1.1" 200 354 "-" "Mozilla/5.0 (compatible; YandexBot/3.0; +http://yandex.com/bots)" 
114.119.140.174 - - [20/Nov/2022:23:39:29 -0800] "GET /self.logs/error.log.2017-09-17.gz HTTP/1.1" 200 2011 "-" "Mozilla/5.0 (compatible;PetalBot;+https://webmaster.petalsearch.com/site/petalbot)" 
5.255.253.131 - - [20/Nov/2022:23:39:29 -0800] "GET / HTTP/1.1" 200 13162 "-" "Mozilla/5.0 (compatible; YandexBot/3.0; +http://yandex.com/bots)" 
61.135.159.134 - - [20/Nov/2022:23:42:51 -0800] "GET / HTTP/1.1" 200 13148 "-" "Sogou web spider/4.0(+http://www.sogou.com/docs/help/webmasters.htm#07)" 
114.119.145.137 - - [20/Nov/2022:23:44:37 -0800] "GET /self.logs/access.log.2017-10-18.gz HTTP/1.1" 200 23565 "-" "Mozilla/5.0 (compatible;PetalBot;+https://webmaster.petalsearch.com/site/petalbot)" 
51.222.253.1 - - [20/Nov/2022:23:45:15 -0800] "GET / HTTP/1.1" 200 13141 "-" "Mozilla/5.0 (compatible; AhrefsBot/7.0; +http://ahrefs.com/robot/)" 
114.119.149.23 - - [20/Nov/2022:23:49:50 -0800] "GET /self.logs/error.log.2019-02-28.gz HTTP/1.1" 200 6214 "-" "Mozilla/5.0 (compatible;PetalBot;+https://webmaster.petalsearch.com/site/petalbot)" 
103.131.71.208 - - [21/Nov/2022:00:01:53 -0800] "GET /robots.txt HTTP/1.1" 301 458 "-" "Mozilla/5.0 (compatible; coccocbot-image/1.0; +http://help.coccoc.com/searchengine)" 
103.131.71.208 - - [21/Nov/2022:00:01:55 -0800] "GET /robots.txt HTTP/1.1" 200 340 "-" "Mozilla/5.0 (compatible; coccocbot-image/1.0; +http://help.coccoc.com/searchengine)" 
114.119.145.137 - - [21/Nov/2022:00:05:05 -0800] "GET /self.logs/access.log.2020-08-03.gz HTTP/1.1" 200 14169 "-" "Mozilla/5.0 (compatible;PetalBot;+https://webmaster.petalsearch.com/site/petalbot)" 
114.119.149.218 - - [21/Nov/2022:00:10:12 -0800] "GET /self.logs/access.log.2020-11-09.gz HTTP/1.1" 200 20910 "-" "Mozilla/5.0 (compatible;PetalBot;+https://webmaster.petalsearch.com/site/petalbot)" 
202.95.14.219 - - [21/Nov/2022:00:10:46 -0800] "GET / HTTP/1.1" 200 13147 "-" "Mozilla/5.0 (Windows NT 10.0; Win64; x64) AppleWebKit/537.36 (KHTML, like Gecko) Chrome/87.0.4280.66 Safari/537.36" 
51.222.253.14 - - [21/Nov/2022:00:11:02 -0800] "GET /self.logs/2015/?C=M;O=D HTTP/1.1" 200 7906 "-" "Mozilla/5.0 (compatible; AhrefsBot/7.0; +http://ahrefs.com/robot/)" 
157.55.39.209 - - [21/Nov/2022:00:11:06 -0800] "GET /self.logs/ HTTP/1.1" 200 39721 "-" "Mozilla/5.0 (compatible; bingbot/2.0; +http://www.bing.com/bingbot.htm)" 
103.236.193.202 - - [21/Nov/2022:00:11:40 -0800] "GET /maccdc2012/dns.log.gz HTTP/1.1" 200 97820 "https://blog.pentesteracademy.com/elk-log-analysis-dns-logs-875f669c87fd" "Mozilla/5.0 (Windows NT 10.0; Win64; x64) AppleWebKit/537.36 (KHTML, like Gecko) Chrome/107.0.0.0 Safari/537.36" 
54.202.188.62 - - [21/Nov/2022:00:13:34 -0800] "GET / HTTP/1.1" 200 49096 "-" "Mozilla/5.0 (Macintosh; Intel Mac OS X 10_10_5) AppleWebKit/537.36 (KHTML, like Gecko) Chrome/52.0.2743.116 Safari/537.36" 
54.202.188.62 - - [21/Nov/2022:00:13:34 -0800] "GET / HTTP/1.1" 301 438 "-" "Mozilla/5.0 (Macintosh; Intel Mac OS X 10_10_5) AppleWebKit/537.36 (KHTML, like Gecko) Chrome/52.0.2743.116 Safari/537.36" 
54.202.188.62 - - [21/Nov/2022:00:13:34 -0800] "GET / HTTP/1.1" 200 49096 "-" "Mozilla/5.0 (Macintosh; Intel Mac OS X 10_10_5) AppleWebKit/537.36 (KHTML, like Gecko) Chrome/52.0.2743.116 Safari/537.36" 
154.6.12.7 - - [21/Nov/2022:00:14:10 -0800] "GET /.env HTTP/1.1" 301 483 "-" "Mozilla/5.0 (Linux; U; Android 4.4.2; en-US; HM NOTE 1W Build/KOT49H) AppleWebKit/534.30 (KHTML, like Gecko) Version/4.0 UCBrowser/11.0.5.850 U3/0.8.0 Mobile Safari/534.30" 
154.6.12.7 - - [21/Nov/2022:00:14:10 -0800] "POST / HTTP/1.1" 301 475 "-" "Mozilla/5.0 (Linux; U; Android 4.4.2; en-US; HM NOTE 1W Build/KOT49H) AppleWebKit/534.30 (KHTML, like Gecko) Version/4.0 UCBrowser/11.0.5.850 U3/0.8.0 Mobile Safari/534.30" 
114.119.145.137 - - [21/Nov/2022:00:15:18 -0800] "GET /self.logs/2015/access.log.2015-02-06.gz HTTP/1.1" 200 2937 "-" "Mozilla/5.0 (compatible;PetalBot;+https://webmaster.petalsearch.com/site/petalbot)" 
20.191.45.212 - - [21/Nov/2022:00:16:33 -0800] "GET / HTTP/1.1" 200 13186 "http://www.secrepo.com/" "Mozilla/5.0 (compatible; DuckDuckGo-Favicons-Bot/1.0; +http://duckduckgo.com)" 
20.191.45.212 - - [21/Nov/2022:00:16:33 -0800] "GET /bootstrap/img/favicon.ico HTTP/1.1" 200 690 "http://www.secrepo.com/bootstrap/img/favicon.ico" "Mozilla/5.0 (compatible; DuckDuckGo-Favicons-Bot/1.0; +http://duckduckgo.com)" 
114.119.149.218 - - [21/Nov/2022:00:25:32 -0800] "GET /self.logs/error.log.2017-08-17.gz HTTP/1.1" 200 1399 "-" "Mozilla/5.0 (compatible;PetalBot;+https://webmaster.petalsearch.com/site/petalbot)" 
114.119.149.228 - - [21/Nov/2022:00:30:41 -0800] "GET /self.logs/error.log.2018-03-02.gz HTTP/1.1" 200 3120 "-" "Mozilla/5.0 (compatible;PetalBot;+https://webmaster.petalsearch.com/site/petalbot)" 
66.249.66.159 - - [21/Nov/2022:00:35:40 -0800] "GET / HTTP/1.1" 301 475 "-" "Mozilla/5.0 (Linux; Android 6.0.1; Nexus 5X Build/MMB29P) AppleWebKit/537.36 (KHTML, like Gecko) Chrome/107.0.5304.110 Mobile Safari/537.36 (compatible; Googlebot/2.1; +http://www.google.com/bot.html)" 
66.249.66.93 - - [21/Nov/2022:00:35:41 -0800] "GET / HTTP/1.1" 200 13186 "-" "Mozilla/5.0 (Linux; Android 6.0.1; Nexus 5X Build/MMB29P) AppleWebKit/537.36 (KHTML, like Gecko) Chrome/107.0.5304.110 Mobile Safari/537.36 (compatible; Googlebot/2.1; +http://www.google.com/bot.html)" 
66.249.66.91 - - [21/Nov/2022:00:35:45 -0800] "GET /css/style.css HTTP/1.1" 404 328 "http://www.secrepo.com/" "Mozilla/5.0 (Linux; Android 6.0.1; Nexus 5X Build/MMB29P) AppleWebKit/537.36 (KHTML, like Gecko) Chrome/106.0.5249.119 Mobile Safari/537.36 (compatible; Googlebot/2.1; +http://www.google.com/bot.html)" 
66.249.66.92 - - [21/Nov/2022:00:35:45 -0800] "GET /css/style.css HTTP/1.1" 404 328 "http://www.secrepo.com/" "Mozilla/5.0 (Linux; Android 6.0.1; Nexus 5X Build/MMB29P) AppleWebKit/537.36 (KHTML, like Gecko) Chrome/106.0.5249.119 Mobile Safari/537.36 (compatible; Googlebot/2.1; +http://www.google.com/bot.html)" 
114.119.149.23 - - [21/Nov/2022:00:35:50 -0800] "GET /self.logs/access.log.2017-02-12.gz HTTP/1.1" 200 17819 "-" "Mozilla/5.0 (compatible;PetalBot;+https://webmaster.petalsearch.com/site/petalbot)" 
85.208.98.200 - - [21/Nov/2022:00:37:22 -0800] "GET /robots.txt HTTP/1.1" 200 377 "-" "Mozilla/5.0 (iPhone; CPU iPhone OS 6_0 like Mac OS X) AppleWebKit/536.26 (KHTML, like Gecko) Version/6.0 Mobile/10A5376e Safari/8536.25 (compatible; SiteAuditBot/0.97; +http://www.semrush.com/bot.html)" 
85.208.98.192 - - [21/Nov/2022:00:37:22 -0800] "GET / HTTP/1.1" 200 13186 "-" "Mozilla/5.0 (iPhone; CPU iPhone OS 6_0 like Mac OS X) AppleWebKit/536.26 (KHTML, like Gecko) Version/6.0 Mobile/10A5376e Safari/8536.25 (compatible; SiteAuditBot/0.97; +http://www.semrush.com/bot.html)" 
51.222.253.7 - - [21/Nov/2022:00:42:18 -0800] "GET /self.logs/error.log.2022-11-17.gz HTTP/1.1" 200 914 "-" "Mozilla/5.0 (compatible; AhrefsBot/7.0; +http://ahrefs.com/robot/)" 
18.184.13.70 - - [21/Nov/2022:00:51:10 -0800] "GET / HTTP/1.1" 200 49133 "google.com" "Mozilla/5.0 (Windows NT 6.1; WOW64; rv:40.0) Gecko/20100101 Firefox/40.0" 
114.119.149.222 - - [21/Nov/2022:00:51:14 -0800] "GET /self.logs/error.log.2018-03-28.gz HTTP/1.1" 200 6786 "-" "Mozilla/5.0 (compatible;PetalBot;+https://webmaster.petalsearch.com/site/petalbot)" 
157.55.39.209 - - [21/Nov/2022:00:52:11 -0800] "GET /self.logs/ HTTP/1.1" 200 39721 "-" "Mozilla/5.0 AppleWebKit/537.36 (KHTML, like Gecko; compatible; bingbot/2.0; +http://www.bing.com/bingbot.htm) Chrome/103.0.5060.134 Safari/537.36" 
