112.5.37.142 - - [19/Feb/2022:07:43:03 -0800] "GET /favicon.ico HTTP/1.1" 200 347 "https://www.baidu.com/" "Mozilla/5.0 (compatible; Baiduspider/2.0; +http://www.baidu.com/search/spider.html" 
112.5.37.142 - - [19/Feb/2022:07:43:04 -0800] "GET /images/loadinglit.gif HTTP/1.1" 404 250 "https://www.baidu.com/" "Mozilla/5.0 (compatible; Baiduspider/2.0; +http://www.baidu.com/search/spider.html" 
112.5.37.142 - - [19/Feb/2022:07:43:18 -0800] "GET /data/cache/inc_catalog_base.inc HTTP/1.1" 418 691 "https://www.baidu.com/" "Mozilla/5.0 (compatible; Baiduspider/2.0; +http://www.baidu.com/search/spider.html" 
112.5.37.142 - - [19/Feb/2022:07:43:26 -0800] "GET /member/images/member.gif HTTP/1.1" 404 284 "https://www.baidu.com/" "Mozilla/5.0 (compatible; Baiduspider/2.0; +http://www.baidu.com/search/spider.html" 
112.5.37.142 - - [19/Feb/2022:07:43:27 -0800] "GET /member/templets/images/login_logo.gif HTTP/1.1" 404 250 "https://www.baidu.com/" "Mozilla/5.0 (compatible; Baiduspider/2.0; +http://www.baidu.com/search/spider.html" 
112.5.37.142 - - [19/Feb/2022:07:43:28 -0800] "GET /plus/img/wbg.gif HTTP/1.1" 404 250 "https://www.baidu.com/" "Mozilla/5.0 (compatible; Baiduspider/2.0; +http://www.baidu.com/search/spider.html" 
112.5.37.142 - - [19/Feb/2022:07:43:35 -0800] "GET /data/cache/index.htm HTTP/1.1" 404 284 "https://www.baidu.com/" "Mozilla/5.0 (compatible; Baiduspider/2.0; +http://www.baidu.com/search/spider.html" 
112.5.37.142 - - [19/Feb/2022:07:43:36 -0800] "GET /member/space/person/common/css/css.css HTTP/1.1" 404 250 "https://www.baidu.com/" "Mozilla/5.0 (compatible; Baiduspider/2.0; +http://www.baidu.com/search/spider.html" 
112.5.37.142 - - [19/Feb/2022:07:43:45 -0800] "GET /member/space/person/common/css/css.css HTTP/1.1" 404 284 "https://www.baidu.com/" "Mozilla/5.0 (compatible; Baiduspider/2.0; +http://www.baidu.com/search/spider.html" 
112.5.37.142 - - [19/Feb/2022:07:43:53 -0800] "GET /member/space/person/common/css/css.css HTTP/1.1" 404 284 "https://www.baidu.com/" "Mozilla/5.0 (compatible; Baiduspider/2.0; +http://www.baidu.com/search/spider.html" 
112.5.37.142 - - [19/Feb/2022:07:44:06 -0800] "GET /plus/carbuyaction.php HTTP/1.1" 404 284 "https://www.baidu.com/" "Mozilla/5.0 (compatible; Baiduspider/2.0; +http://www.baidu.com/search/spider.html" 
112.5.37.142 - - [19/Feb/2022:07:44:15 -0800] "GET /member/images/dzh_logo.gif HTTP/1.1" 404 284 "https://www.baidu.com/" "Mozilla/5.0 (compatible; Baiduspider/2.0; +http://www.baidu.com/search/spider.html" 
112.5.37.142 - - [19/Feb/2022:07:44:16 -0800] "GET /data/admin/allowurl.txt HTTP/1.1" 404 250 "https://www.baidu.com/" "Mozilla/5.0 (compatible; Baiduspider/2.0; +http://www.baidu.com/search/spider.html" 
112.5.37.142 - - [19/Feb/2022:07:44:24 -0800] "GET /templets/default/style/dedecms.css HTTP/1.1" 404 284 "https://www.baidu.com/" "Mozilla/5.0 (compatible; Baiduspider/2.0; +http://www.baidu.com/search/spider.html" 
112.5.37.142 - - [19/Feb/2022:07:44:29 -0800] "GET /member/images/base.css HTTP/1.1" 404 284 "https://www.baidu.com/" "Mozilla/5.0 (compatible; Baiduspider/2.0; +http://www.baidu.com/search/spider.html" 
112.5.37.142 - - [19/Feb/2022:07:44:34 -0800] "GET /dede/templets/article_coonepage_rule.htm HTTP/1.1" 404 284 "https://www.baidu.com/" "Mozilla/5.0 (compatible; Baiduspider/2.0; +http://www.baidu.com/search/spider.html" 
112.5.37.142 - - [19/Feb/2022:07:44:39 -0800] "GET /templets/default/style/dedecms.css HTTP/1.1" 404 284 "https://www.baidu.com/" "Mozilla/5.0 (compatible; Baiduspider/2.0; +http://www.baidu.com/search/spider.html" 
112.5.37.142 - - [19/Feb/2022:07:44:52 -0800] "GET /templets/default/style/dedecms.css HTTP/1.1" 404 284 "https://www.baidu.com/" "Mozilla/5.0 (compatible; Baiduspider/2.0; +http://www.baidu.com/search/spider.html" 
112.5.37.142 - - [19/Feb/2022:07:44:53 -0800] "GET /data/admin/ver.txt HTTP/1.1" 404 250 "https://www.baidu.com/" "Mozilla/5.0 (compatible; Baiduspider/2.0; +http://www.baidu.com/search/spider.html" 
112.5.37.142 - - [19/Feb/2022:07:45:02 -0800] "GET /data/admin/ver.txt HTTP/1.1" 404 284 "https://www.baidu.com/" "Mozilla/5.0 (compatible; Baiduspider/2.0; +http://www.baidu.com/search/spider.html" 
112.5.37.142 - - [19/Feb/2022:07:45:15 -0800] "GET /data/cache/index.htm HTTP/1.1" 404 284 "https://www.baidu.com/" "Mozilla/5.0 (compatible; Baiduspider/2.0; +http://www.baidu.com/search/spider.html" 
112.5.37.142 - - [19/Feb/2022:07:45:25 -0800] "GET /data/admin/ver.txt HTTP/1.1" 404 328 "https://www.baidu.com/" "Mozilla/5.0 (compatible; Baiduspider/2.0; +http://www.baidu.com/search/spider.html" 
112.5.37.142 - - [19/Feb/2022:07:45:25 -0800] "GET /include/data/vdcode.jpg HTTP/1.1" 404 250 "https://www.baidu.com/" "Mozilla/5.0 (compatible; Baiduspider/2.0; +http://www.baidu.com/search/spider.html" 
66.249.66.92 - - [19/Feb/2022:07:47:05 -0800] "GET /bootstrap/img/favicon.ico HTTP/1.1" 200 713 "-" "Googlebot-Image/1.0" 
114.119.140.174 - - [19/Feb/2022:07:48:24 -0800] "GET /self.logs/error.log.2017-08-18.gz HTTP/1.1" 200 916 "-" "Mozilla/5.0 (Linux; Android 7.0;) AppleWebKit/537.36 (KHTML, like Gecko) Mobile Safari/537.36 (compatible; PetalBot;+https://webmaster.petalsearch.com/site/petalbot)" 
49.7.20.84 - - [19/Feb/2022:07:49:21 -0800] "GET / HTTP/1.1" 200 13148 "-" "Sogou web spider/4.0(+http://www.sogou.com/docs/help/webmasters.htm#07)" 
17.121.112.184 - - [19/Feb/2022:07:55:23 -0800] "GET /self.logs/error.log.2020-10-03 HTTP/1.1" 200 307 "-" "Mozilla/5.0 (Macintosh; Intel Mac OS X 10_15_5) AppleWebKit/605.1.15 (KHTML, like Gecko) Version/13.1.1 Safari/605.1.15 (Applebot/0.1; +http://www.apple.com/go/applebot)" 
51.222.253.20 - - [19/Feb/2022:07:59:25 -0800] "GET / HTTP/1.1" 200 13141 "-" "Mozilla/5.0 (compatible; AhrefsBot/7.0; +http://ahrefs.com/robot/)" 
17.121.114.153 - - [19/Feb/2022:07:59:40 -0800] "GET /self.logs/error.log.2020-06-02 HTTP/1.1" 200 307 "-" "Mozilla/5.0 (Macintosh; Intel Mac OS X 10_15_5) AppleWebKit/605.1.15 (KHTML, like Gecko) Version/13.1.1 Safari/605.1.15 (Applebot/0.1; +http://www.apple.com/go/applebot)" 
207.46.13.42 - - [19/Feb/2022:08:01:18 -0800] "GET /self.logs/access.log.2021-12-11.gz HTTP/1.1" 200 9233 "-" "Mozilla/5.0 (compatible; bingbot/2.0; +http://www.bing.com/bingbot.htm)" 
17.121.115.238 - - [19/Feb/2022:08:01:57 -0800] "GET /self.logs/error.log.2020-04-06 HTTP/1.1" 200 307 "-" "Mozilla/5.0 (Macintosh; Intel Mac OS X 10_15_5) AppleWebKit/605.1.15 (KHTML, like Gecko) Version/13.1.1 Safari/605.1.15 (Applebot/0.1; +http://www.apple.com/go/applebot)" 
114.119.145.137 - - [19/Feb/2022:08:08:36 -0800] "GET /self.logs/error.log.2019-12-30.gz HTTP/1.1" 200 1069 "-" "Mozilla/5.0 (Linux; Android 7.0;) AppleWebKit/537.36 (KHTML, like Gecko) Mobile Safari/537.36 (compatible; PetalBot;+https://webmaster.petalsearch.com/site/petalbot)" 
82.165.82.153 - - [19/Feb/2022:08:08:45 -0800] "GET /wordpress/ HTTP/1.1" 301 439 "-" "-" 
82.165.82.153 - - [19/Feb/2022:08:08:45 -0800] "GET /wordpress/ HTTP/1.1" 404 284 "-" "-" 
17.121.112.137 - - [19/Feb/2022:08:10:45 -0800] "GET /self.logs/error.log.2020-02-24 HTTP/1.1" 200 307 "-" "Mozilla/5.0 (Macintosh; Intel Mac OS X 10_15_5) AppleWebKit/605.1.15 (KHTML, like Gecko) Version/13.1.1 Safari/605.1.15 (Applebot/0.1; +http://www.apple.com/go/applebot)" 
17.121.115.210 - - [19/Feb/2022:08:15:11 -0800] "GET /self.logs/error.log.2020-02-01 HTTP/1.1" 200 307 "-" "Mozilla/5.0 (Macintosh; Intel Mac OS X 10_15_5) AppleWebKit/605.1.15 (KHTML, like Gecko) Version/13.1.1 Safari/605.1.15 (Applebot/0.1; +http://www.apple.com/go/applebot)" 
157.55.39.214 - - [19/Feb/2022:08:18:38 -0800] "GET /self.logs/access.log.2022-01-26.gz HTTP/1.1" 200 12591 "-" "Mozilla/5.0 (compatible; bingbot/2.0; +http://www.bing.com/bingbot.htm)" 
182.160.10.235 - - [19/Feb/2022:08:21:02 -0800] "GET / HTTP/1.1" 200 49089 "-" "-" 
17.121.113.193 - - [19/Feb/2022:08:25:40 -0800] "GET /self.logs/error.log.2020-08-02 HTTP/1.1" 200 307 "-" "Mozilla/5.0 (Macintosh; Intel Mac OS X 10_15_5) AppleWebKit/605.1.15 (KHTML, like Gecko) Version/13.1.1 Safari/605.1.15 (Applebot/0.1; +http://www.apple.com/go/applebot)" 
114.119.145.137 - - [19/Feb/2022:08:28:46 -0800] "GET /self.logs/error.log.2020-04-01 HTTP/1.1" 200 351 "-" "Mozilla/5.0 (Linux; Android 7.0;) AppleWebKit/537.36 (KHTML, like Gecko) Mobile Safari/537.36 (compatible; PetalBot;+https://webmaster.petalsearch.com/site/petalbot)" 
85.208.98.18 - - [19/Feb/2022:08:30:12 -0800] "GET /robots.txt HTTP/1.1" 200 333 "-" "Mozilla/5.0 (compatible; SemrushBot; +http://www.semrush.com/bot.html)" 
85.208.98.18 - - [19/Feb/2022:08:30:14 -0800] "HEAD / HTTP/1.1" 200 359 "-" "Mozilla/5.0 (compatible; SemrushBot; +http://www.semrush.com/bot.html)" 
70.95.203.67 - - [19/Feb/2022:08:31:40 -0800] "GET / HTTP/1.1" 200 13185 "-" "Mozilla/5.0 (Macintosh; Intel Mac OS X 10_15_6) AppleWebKit/605.1.15 (KHTML, like Gecko) Version/15.3 Safari/605.1.15" 
70.95.203.67 - - [19/Feb/2022:08:31:40 -0800] "GET /css/style.css HTTP/1.1" 404 328 "http://www.secrepo.com/" "Mozilla/5.0 (Macintosh; Intel Mac OS X 10_15_6) AppleWebKit/605.1.15 (KHTML, like Gecko) Version/15.3 Safari/605.1.15" 
70.95.203.67 - - [19/Feb/2022:08:31:40 -0800] "GET /twitter-icon.png HTTP/1.1" 200 27893 "http://www.secrepo.com/" "Mozilla/5.0 (Macintosh; Intel Mac OS X 10_15_6) AppleWebKit/605.1.15 (KHTML, like Gecko) Version/15.3 Safari/605.1.15" 
70.95.203.67 - - [19/Feb/2022:08:31:40 -0800] "GET /GitHub-Mark.png HTTP/1.1" 200 7533 "http://www.secrepo.com/" "Mozilla/5.0 (Macintosh; Intel Mac OS X 10_15_6) AppleWebKit/605.1.15 (KHTML, like Gecko) Version/15.3 Safari/605.1.15" 
113.24.59.203 - - [19/Feb/2022:08:32:05 -0800] "GET / HTTP/1.1" 200 13185 "-" "Mozilla/5.0 (Windows NT 10.0; Win64; x64; rv:91.0) Gecko/20100101 Firefox/91.0" 
49.7.20.84 - - [19/Feb/2022:08:32:22 -0800] "GET / HTTP/1.1" 200 13148 "-" "Sogou web spider/4.0(+http://www.sogou.com/docs/help/webmasters.htm#07)" 
114.119.149.222 - - [19/Feb/2022:08:33:49 -0800] "GET /self.logs/error.log.2020-02-17 HTTP/1.1" 200 351 "-" "Mozilla/5.0 (Linux; Android 7.0;) AppleWebKit/537.36 (KHTML, like Gecko) Mobile Safari/537.36 (compatible; PetalBot;+https://webmaster.petalsearch.com/site/petalbot)" 
17.121.114.33 - - [19/Feb/2022:08:36:48 -0800] "GET /self.logs/error.log.2020-11-09 HTTP/1.1" 200 307 "-" "Mozilla/5.0 (Macintosh; Intel Mac OS X 10_15_5) AppleWebKit/605.1.15 (KHTML, like Gecko) Version/13.1.1 Safari/605.1.15 (Applebot/0.1; +http://www.apple.com/go/applebot)" 
17.121.112.96 - - [19/Feb/2022:08:38:06 -0800] "GET /self.logs/error.log.2020-09-10 HTTP/1.1" 200 307 "-" "Mozilla/5.0 (Macintosh; Intel Mac OS X 10_15_5) AppleWebKit/605.1.15 (KHTML, like Gecko) Version/13.1.1 Safari/605.1.15 (Applebot/0.1; +http://www.apple.com/go/applebot)" 
17.121.113.171 - - [19/Feb/2022:08:43:27 -0800] "GET /self.logs/error.log.2020-11-03 HTTP/1.1" 200 307 "-" "Mozilla/5.0 (Macintosh; Intel Mac OS X 10_15_5) AppleWebKit/605.1.15 (KHTML, like Gecko) Version/13.1.1 Safari/605.1.15 (Applebot/0.1; +http://www.apple.com/go/applebot)" 
65.21.237.125 - - [19/Feb/2022:08:49:26 -0800] "GET /Datasets%20Description/HTML_Bro_log_1/ftp.html HTTP/1.1" 200 1728 "http://www.secrepo.com/Datasets%20Description/HTML_Bro_log_1/" "Mozilla/5.0 (compatible; SEOkicks; +https://www.seokicks.de/robot.html)" 
65.21.237.125 - - [19/Feb/2022:08:49:27 -0800] "GET /Datasets%20Description/HTML_Bro_log_1/http.html HTTP/1.1" 200 1997 "http://www.secrepo.com/Datasets%20Description/HTML_Bro_log_1/" "Mozilla/5.0 (compatible; SEOkicks; +https://www.seokicks.de/robot.html)" 
65.21.237.125 - - [19/Feb/2022:08:49:28 -0800] "GET /Datasets%20Description/HTML_Bro_log_1/irc.html HTTP/1.1" 200 1744 "http://www.secrepo.com/Datasets%20Description/HTML_Bro_log_1/" "Mozilla/5.0 (compatible; SEOkicks; +https://www.seokicks.de/robot.html)" 
65.21.237.125 - - [19/Feb/2022:08:49:30 -0800] "GET /Datasets%20Description/HTML_Bro_log_1/loaded_scripts.html HTTP/1.1" 200 1506 "http://www.secrepo.com/Datasets%20Description/HTML_Bro_log_1/" "Mozilla/5.0 (compatible; SEOkicks; +https://www.seokicks.de/robot.html)" 
65.21.237.125 - - [19/Feb/2022:08:49:31 -0800] "GET /Datasets%20Description/HTML_Bro_log_1/notice.html HTTP/1.1" 200 1964 "http://www.secrepo.com/Datasets%20Description/HTML_Bro_log_1/" "Mozilla/5.0 (compatible; SEOkicks; +https://www.seokicks.de/robot.html)" 
65.21.237.125 - - [19/Feb/2022:08:49:32 -0800] "GET /Datasets%20Description/HTML_Bro_log_1/packet_filter.html HTTP/1.1" 200 1688 "http://www.secrepo.com/Datasets%20Description/HTML_Bro_log_1/" "Mozilla/5.0 (compatible; SEOkicks; +https://www.seokicks.de/robot.html)" 
65.21.237.125 - - [19/Feb/2022:08:49:34 -0800] "GET /Datasets%20Description/HTML_Bro_log_1/ssl.html HTTP/1.1" 200 1823 "http://www.secrepo.com/Datasets%20Description/HTML_Bro_log_1/" "Mozilla/5.0 (compatible; SEOkicks; +https://www.seokicks.de/robot.html)" 
65.21.237.125 - - [19/Feb/2022:08:49:35 -0800] "GET /Datasets%20Description/HTML_Bro_log_1/weird.html HTTP/1.1" 200 1900 "http://www.secrepo.com/Datasets%20Description/HTML_Bro_log_1/" "Mozilla/5.0 (compatible; SEOkicks; +https://www.seokicks.de/robot.html)" 
65.21.237.125 - - [19/Feb/2022:08:49:36 -0800] "GET /Datasets%20Description/HTML_Bro_log_2/?C=N;O=D HTTP/1.1" 200 795 "http://www.secrepo.com/Datasets%20Description/HTML_Bro_log_2/" "Mozilla/5.0 (compatible; SEOkicks; +https://www.seokicks.de/robot.html)" 
65.21.237.125 - - [19/Feb/2022:08:49:38 -0800] "GET /Datasets%20Description/HTML_Bro_log_2/?C=M;O=A HTTP/1.1" 200 795 "http://www.secrepo.com/Datasets%20Description/HTML_Bro_log_2/" "Mozilla/5.0 (compatible; SEOkicks; +https://www.seokicks.de/robot.html)" 
65.21.237.125 - - [19/Feb/2022:08:49:39 -0800] "GET /Datasets%20Description/HTML_Bro_log_2/?C=S;O=A HTTP/1.1" 200 787 "http://www.secrepo.com/Datasets%20Description/HTML_Bro_log_2/" "Mozilla/5.0 (compatible; SEOkicks; +https://www.seokicks.de/robot.html)" 
114.119.149.23 - - [19/Feb/2022:08:53:59 -0800] "GET /self.logs/2016/access.log.2016-08-21.gz HTTP/1.1" 200 7879 "-" "Mozilla/5.0 (Linux; Android 7.0;) AppleWebKit/537.36 (KHTML, like Gecko) Mobile Safari/537.36 (compatible; PetalBot;+https://webmaster.petalsearch.com/site/petalbot)" 
114.119.149.222 - - [19/Feb/2022:08:59:03 -0800] "GET /self.logs/error.log.2020-10-24 HTTP/1.1" 200 351 "-" "Mozilla/5.0 (Linux; Android 7.0;) AppleWebKit/537.36 (KHTML, like Gecko) Mobile Safari/537.36 (compatible; PetalBot;+https://webmaster.petalsearch.com/site/petalbot)" 
17.121.114.59 - - [19/Feb/2022:08:59:10 -0800] "GET /self.logs/error.log.2020-10-15 HTTP/1.1" 200 307 "-" "Mozilla/5.0 (Macintosh; Intel Mac OS X 10_15_5) AppleWebKit/605.1.15 (KHTML, like Gecko) Version/13.1.1 Safari/605.1.15 (Applebot/0.1; +http://www.apple.com/go/applebot)" 
17.121.112.20 - - [19/Feb/2022:08:59:32 -0800] "GET /self.logs/error.log.2020-03-03 HTTP/1.1" 200 307 "-" "Mozilla/5.0 (Macintosh; Intel Mac OS X 10_15_5) AppleWebKit/605.1.15 (KHTML, like Gecko) Version/13.1.1 Safari/605.1.15 (Applebot/0.1; +http://www.apple.com/go/applebot)" 
114.119.145.137 - - [19/Feb/2022:09:09:10 -0800] "GET /self.logs/2016/access.log.2016-09-18.gz HTTP/1.1" 200 12033 "-" "Mozilla/5.0 (Linux; Android 7.0;) AppleWebKit/537.36 (KHTML, like Gecko) Mobile Safari/537.36 (compatible; PetalBot;+https://webmaster.petalsearch.com/site/petalbot)" 
49.7.20.84 - - [19/Feb/2022:09:12:21 -0800] "GET / HTTP/1.1" 200 13148 "-" "Sogou web spider/4.0(+http://www.sogou.com/docs/help/webmasters.htm#07)" 
122.97.175.24 - - [19/Feb/2022:09:21:49 -0800] "GET /favicon.ico HTTP/1.1" 304 261 "-" "Mozilla/5.0 (Windows NT 10.0; WOW64) AppleWebKit/537.36 (KHTML, like Gecko) Chrome/86.0.4240.198 Safari/537.36" 
17.121.115.174 - - [19/Feb/2022:09:22:31 -0800] "GET /self.logs/error.log.2020-03-02 HTTP/1.1" 200 307 "-" "Mozilla/5.0 (Macintosh; Intel Mac OS X 10_15_5) AppleWebKit/605.1.15 (KHTML, like Gecko) Version/13.1.1 Safari/605.1.15 (Applebot/0.1; +http://www.apple.com/go/applebot)" 
114.119.140.174 - - [19/Feb/2022:09:24:20 -0800] "GET /self.logs/access.log.2018-11-18.gz HTTP/1.1" 200 28067 "-" "Mozilla/5.0 (Linux; Android 7.0;) AppleWebKit/537.36 (KHTML, like Gecko) Mobile Safari/537.36 (compatible; PetalBot;+https://webmaster.petalsearch.com/site/petalbot)" 
114.119.141.27 - - [19/Feb/2022:09:29:19 -0800] "GET /robots.txt HTTP/1.1" 301 495 "-" "Mozilla/5.0 (compatible;PetalBot;+https://webmaster.petalsearch.com/site/petalbot)" 
114.119.141.27 - - [19/Feb/2022:09:29:20 -0800] "GET /robots.txt HTTP/1.1" 200 377 "-" "Mozilla/5.0 (compatible;PetalBot;+https://webmaster.petalsearch.com/site/petalbot)" 
17.121.112.48 - - [19/Feb/2022:09:30:22 -0800] "GET /self.logs/error.log.2020-07-24 HTTP/1.1" 200 307 "-" "Mozilla/5.0 (Macintosh; Intel Mac OS X 10_15_5) AppleWebKit/605.1.15 (KHTML, like Gecko) Version/13.1.1 Safari/605.1.15 (Applebot/0.1; +http://www.apple.com/go/applebot)" 
17.121.115.83 - - [19/Feb/2022:09:30:30 -0800] "GET /self.logs/error.log.2020-10-01 HTTP/1.1" 200 307 "-" "Mozilla/5.0 (Macintosh; Intel Mac OS X 10_15_5) AppleWebKit/605.1.15 (KHTML, like Gecko) Version/13.1.1 Safari/605.1.15 (Applebot/0.1; +http://www.apple.com/go/applebot)" 
182.160.10.235 - - [19/Feb/2022:09:31:32 -0800] "GET / HTTP/1.1" 200 49089 "-" "-" 
207.46.13.39 - - [19/Feb/2022:09:31:47 -0800] "GET / HTTP/1.1" 200 13185 "-" "Mozilla/5.0 (compatible; bingbot/2.0; +http://www.bing.com/bingbot.htm)" 
114.119.149.23 - - [19/Feb/2022:09:44:33 -0800] "GET /self.logs/error.log.2018-01-05.gz HTTP/1.1" 200 4418 "-" "Mozilla/5.0 (Linux; Android 7.0;) AppleWebKit/537.36 (KHTML, like Gecko) Mobile Safari/537.36 (compatible; PetalBot;+https://webmaster.petalsearch.com/site/petalbot)" 
185.191.171.11 - - [19/Feb/2022:09:46:59 -0800] "GET /robots.txt HTTP/1.1" 200 340 "-" "Mozilla/5.0 (compatible; SemrushBot/7~bl; +http://www.semrush.com/bot.html)" 
185.191.171.33 - - [19/Feb/2022:09:46:59 -0800] "GET /Datasets%20Description/HTML_Bro_log_1/conn.html HTTP/1.1" 200 1974 "-" "Mozilla/5.0 (compatible; SemrushBot/7~bl; +http://www.semrush.com/bot.html)" 
17.121.112.45 - - [19/Feb/2022:09:50:40 -0800] "GET /self.logs/error.log.2020-10-10 HTTP/1.1" 200 307 "-" "Mozilla/5.0 (Macintosh; Intel Mac OS X 10_15_5) AppleWebKit/605.1.15 (KHTML, like Gecko) Version/13.1.1 Safari/605.1.15 (Applebot/0.1; +http://www.apple.com/go/applebot)" 
49.7.20.84 - - [19/Feb/2022:09:50:43 -0800] "GET / HTTP/1.1" 200 13147 "-" "Sogou web spider/4.0(+http://www.sogou.com/docs/help/webmasters.htm#07)" 
17.121.113.68 - - [19/Feb/2022:09:55:42 -0800] "GET /self.logs/error.log.2020-05-06 HTTP/1.1" 200 307 "-" "Mozilla/5.0 (Macintosh; Intel Mac OS X 10_15_5) AppleWebKit/605.1.15 (KHTML, like Gecko) Version/13.1.1 Safari/605.1.15 (Applebot/0.1; +http://www.apple.com/go/applebot)" 
17.121.114.123 - - [19/Feb/2022:09:56:07 -0800] "GET /self.logs/error.log.2020-07-30 HTTP/1.1" 200 307 "-" "Mozilla/5.0 (Macintosh; Intel Mac OS X 10_15_5) AppleWebKit/605.1.15 (KHTML, like Gecko) Version/13.1.1 Safari/605.1.15 (Applebot/0.1; +http://www.apple.com/go/applebot)" 
17.121.113.11 - - [19/Feb/2022:09:57:12 -0800] "GET /self.logs/error.log.2020-03-18 HTTP/1.1" 200 307 "-" "Mozilla/5.0 (Macintosh; Intel Mac OS X 10_15_5) AppleWebKit/605.1.15 (KHTML, like Gecko) Version/13.1.1 Safari/605.1.15 (Applebot/0.1; +http://www.apple.com/go/applebot)" 
114.119.149.237 - - [19/Feb/2022:09:59:48 -0800] "GET /self.logs/error.log.2020-07-20.gz HTTP/1.1" 200 981 "-" "Mozilla/5.0 (Linux; Android 7.0;) AppleWebKit/537.36 (KHTML, like Gecko) Mobile Safari/537.36 (compatible; PetalBot;+https://webmaster.petalsearch.com/site/petalbot)" 
17.121.114.57 - - [19/Feb/2022:10:00:51 -0800] "GET /self.logs/error.log.2020-09-07 HTTP/1.1" 200 307 "-" "Mozilla/5.0 (Macintosh; Intel Mac OS X 10_15_5) AppleWebKit/605.1.15 (KHTML, like Gecko) Version/13.1.1 Safari/605.1.15 (Applebot/0.1; +http://www.apple.com/go/applebot)" 
207.46.13.39 - - [19/Feb/2022:10:04:10 -0800] "GET / HTTP/1.1" 301 475 "-" "Mozilla/5.0 (compatible; bingbot/2.0; +http://www.bing.com/bingbot.htm)" 
205.253.25.3 - - [19/Feb/2022:10:04:11 -0800] "GET /Datasets%20Description/PE_malware/VirusShare.html HTTP/1.1" 200 1651 "-" "Mozilla/5.0 (Linux; Android 10; SM-M205F) AppleWebKit/537.36 (KHTML, like Gecko) Chrome/98.0.4758.101 Mobile Safari/537.36" 
205.253.25.3 - - [19/Feb/2022:10:04:11 -0800] "GET /favicon.ico HTTP/1.1" 200 368 "http://www.secrepo.com/Datasets%20Description/PE_malware/VirusShare.html" "Mozilla/5.0 (Linux; Android 10; SM-M205F) AppleWebKit/537.36 (KHTML, like Gecko) Chrome/98.0.4758.101 Mobile Safari/537.36" 
207.46.13.39 - - [19/Feb/2022:10:07:01 -0800] "GET / HTTP/1.1" 200 13183 "-" "Mozilla/5.0 (compatible; bingbot/2.0; +http://www.bing.com/bingbot.htm)" 
17.121.112.165 - - [19/Feb/2022:10:10:06 -0800] "GET /self.logs/error.log.2020-03-28 HTTP/1.1" 200 307 "-" "Mozilla/5.0 (Macintosh; Intel Mac OS X 10_15_5) AppleWebKit/605.1.15 (KHTML, like Gecko) Version/13.1.1 Safari/605.1.15 (Applebot/0.1; +http://www.apple.com/go/applebot)" 
17.121.114.99 - - [19/Feb/2022:10:10:28 -0800] "GET /self.logs/error.log.2020-05-24 HTTP/1.1" 200 307 "-" "Mozilla/5.0 (Macintosh; Intel Mac OS X 10_15_5) AppleWebKit/605.1.15 (KHTML, like Gecko) Version/13.1.1 Safari/605.1.15 (Applebot/0.1; +http://www.apple.com/go/applebot)" 
114.119.149.78 - - [19/Feb/2022:10:15:18 -0800] "GET /self.logs/error.log.2019-09-02.gz HTTP/1.1" 200 2152 "-" "Mozilla/5.0 (Linux; Android 7.0;) AppleWebKit/537.36 (KHTML, like Gecko) Mobile Safari/537.36 (compatible; PetalBot;+https://webmaster.petalsearch.com/site/petalbot)" 
114.119.149.237 - - [19/Feb/2022:10:20:19 -0800] "GET /self.logs/error.log.2020-04-12.gz HTTP/1.1" 200 1250 "-" "Mozilla/5.0 (Linux; Android 7.0;) AppleWebKit/537.36 (KHTML, like Gecko) Mobile Safari/537.36 (compatible; PetalBot;+https://webmaster.petalsearch.com/site/petalbot)" 
118.184.177.112 - - [19/Feb/2022:10:23:22 -0800] "GET / HTTP/1.1" 301 438 "-" "Sogou web spider/4.0(+http://www.sogou.com/docs/help/webmasters.htm#07)" 
118.184.177.112 - - [19/Feb/2022:10:24:26 -0800] "GET / HTTP/1.1" 200 13147 "-" "Sogou web spider/4.0(+http://www.sogou.com/docs/help/webmasters.htm#07)" 
49.7.20.84 - - [19/Feb/2022:10:27:32 -0800] "GET / HTTP/1.1" 200 13147 "-" "Sogou web spider/4.0(+http://www.sogou.com/docs/help/webmasters.htm#07)" 
114.119.149.23 - - [19/Feb/2022:10:30:42 -0800] "GET /self.logs/access.log.2018-10-08.gz HTTP/1.1" 200 21675 "-" "Mozilla/5.0 (Linux; Android 7.0;) AppleWebKit/537.36 (KHTML, like Gecko) Mobile Safari/537.36 (compatible; PetalBot;+https://webmaster.petalsearch.com/site/petalbot)" 
65.21.237.125 - - [19/Feb/2022:10:33:07 -0800] "GET /Datasets%20Description/HTML_Bro_log_2/?C=D;O=A HTTP/1.1" 200 795 "http://www.secrepo.com/Datasets%20Description/HTML_Bro_log_2/" "Mozilla/5.0 (compatible; SEOkicks; +https://www.seokicks.de/robot.html)" 
65.21.237.125 - - [19/Feb/2022:10:33:11 -0800] "GET /Datasets%20Description/HTML_Bro_log_2/app_stats.html HTTP/1.1" 200 1553 "http://www.secrepo.com/Datasets%20Description/HTML_Bro_log_2/" "Mozilla/5.0 (compatible; SEOkicks; +https://www.seokicks.de/robot.html)" 
65.21.237.125 - - [19/Feb/2022:10:33:12 -0800] "GET /Datasets%20Description/HTML_Bro_log_2/conn.html HTTP/1.1" 200 1969 "http://www.secrepo.com/Datasets%20Description/HTML_Bro_log_2/" "Mozilla/5.0 (compatible; SEOkicks; +https://www.seokicks.de/robot.html)" 
65.21.237.125 - - [19/Feb/2022:10:33:14 -0800] "GET /Datasets%20Description/HTML_Bro_log_2/dhcp.html HTTP/1.1" 200 1700 "http://www.secrepo.com/Datasets%20Description/HTML_Bro_log_2/" "Mozilla/5.0 (compatible; SEOkicks; +https://www.seokicks.de/robot.html)" 
65.21.237.125 - - [19/Feb/2022:10:33:15 -0800] "GET /Datasets%20Description/HTML_Bro_log_2/dns.html HTTP/1.1" 200 1794 "http://www.secrepo.com/Datasets%20Description/HTML_Bro_log_2/" "Mozilla/5.0 (compatible; SEOkicks; +https://www.seokicks.de/robot.html)" 
65.21.237.125 - - [19/Feb/2022:10:33:16 -0800] "GET /Datasets%20Description/HTML_Bro_log_2/dpd.html HTTP/1.1" 200 1618 "http://www.secrepo.com/Datasets%20Description/HTML_Bro_log_2/" "Mozilla/5.0 (compatible; SEOkicks; +https://www.seokicks.de/robot.html)" 
65.21.237.125 - - [19/Feb/2022:10:33:18 -0800] "GET /Datasets%20Description/HTML_Bro_log_2/files.html HTTP/1.1" 200 1873 "http://www.secrepo.com/Datasets%20Description/HTML_Bro_log_2/" "Mozilla/5.0 (compatible; SEOkicks; +https://www.seokicks.de/robot.html)" 
65.21.237.125 - - [19/Feb/2022:10:33:19 -0800] "GET /Datasets%20Description/HTML_Bro_log_2/ftp.html HTTP/1.1" 200 1701 "http://www.secrepo.com/Datasets%20Description/HTML_Bro_log_2/" "Mozilla/5.0 (compatible; SEOkicks; +https://www.seokicks.de/robot.html)" 
65.21.237.125 - - [19/Feb/2022:10:33:21 -0800] "GET /Datasets%20Description/HTML_Bro_log_2/http.html HTTP/1.1" 200 1995 "http://www.secrepo.com/Datasets%20Description/HTML_Bro_log_2/" "Mozilla/5.0 (compatible; SEOkicks; +https://www.seokicks.de/robot.html)" 
65.21.237.125 - - [19/Feb/2022:10:33:22 -0800] "GET /Datasets%20Description/HTML_Bro_log_2/irc.html HTTP/1.1" 200 1734 "http://www.secrepo.com/Datasets%20Description/HTML_Bro_log_2/" "Mozilla/5.0 (compatible; SEOkicks; +https://www.seokicks.de/robot.html)" 
65.21.237.125 - - [19/Feb/2022:10:33:24 -0800] "GET /Datasets%20Description/HTML_Bro_log_2/loaded_scripts.html HTTP/1.1" 200 1506 "http://www.secrepo.com/Datasets%20Description/HTML_Bro_log_2/" "Mozilla/5.0 (compatible; SEOkicks; +https://www.seokicks.de/robot.html)" 
49.7.20.64 - - [19/Feb/2022:10:34:42 -0800] "GET / HTTP/1.1" 200 13147 "-" "Sogou web spider/4.0(+http://www.sogou.com/docs/help/webmasters.htm#07)" 
17.121.115.249 - - [19/Feb/2022:10:36:44 -0800] "GET /self.logs/error.log.2020-06-27 HTTP/1.1" 200 307 "-" "Mozilla/5.0 (Macintosh; Intel Mac OS X 10_15_5) AppleWebKit/605.1.15 (KHTML, like Gecko) Version/13.1.1 Safari/605.1.15 (Applebot/0.1; +http://www.apple.com/go/applebot)" 
114.119.149.23 - - [19/Feb/2022:10:46:15 -0800] "GET /self.logs/access.log.2020-07-10.gz HTTP/1.1" 200 21399 "-" "Mozilla/5.0 (Linux; Android 7.0;) AppleWebKit/537.36 (KHTML, like Gecko) Mobile Safari/537.36 (compatible; PetalBot;+https://webmaster.petalsearch.com/site/petalbot)" 
17.121.115.236 - - [19/Feb/2022:10:47:58 -0800] "GET /self.logs/error.log.2020-11-06 HTTP/1.1" 200 307 "-" "Mozilla/5.0 (Macintosh; Intel Mac OS X 10_15_5) AppleWebKit/605.1.15 (KHTML, like Gecko) Version/13.1.1 Safari/605.1.15 (Applebot/0.1; +http://www.apple.com/go/applebot)" 
17.121.115.64 - - [19/Feb/2022:10:48:45 -0800] "GET /self.logs/error.log.2020-07-21 HTTP/1.1" 200 307 "-" "Mozilla/5.0 (Macintosh; Intel Mac OS X 10_15_5) AppleWebKit/605.1.15 (KHTML, like Gecko) Version/13.1.1 Safari/605.1.15 (Applebot/0.1; +http://www.apple.com/go/applebot)" 
114.119.149.237 - - [19/Feb/2022:10:51:27 -0800] "GET /self.logs/access.log.2019-11-15.gz HTTP/1.1" 200 30124 "-" "Mozilla/5.0 (Linux; Android 7.0;) AppleWebKit/537.36 (KHTML, like Gecko) Mobile Safari/537.36 (compatible; PetalBot;+https://webmaster.petalsearch.com/site/petalbot)" 
66.249.66.92 - - [19/Feb/2022:10:53:27 -0800] "GET /self.logs/ HTTP/1.1" 200 34589 "-" "Mozilla/5.0 (Linux; Android 6.0.1; Nexus 5X Build/MMB29P) AppleWebKit/537.36 (KHTML, like Gecko) Chrome/98.0.4758.102 Mobile Safari/537.36 (compatible; Googlebot/2.1; +http://www.google.com/bot.html)" 
52.250.113.140 - - [19/Feb/2022:10:59:26 -0800] "GET / HTTP/1.1" 200 13141 "-" "awesome_bot" 
114.119.145.137 - - [19/Feb/2022:11:01:53 -0800] "GET /self.logs/access.log.2018-06-28.gz HTTP/1.1" 200 35563 "-" "Mozilla/5.0 (Linux; Android 7.0;) AppleWebKit/537.36 (KHTML, like Gecko) Mobile Safari/537.36 (compatible; PetalBot;+https://webmaster.petalsearch.com/site/petalbot)" 
154.54.249.196 - - [19/Feb/2022:11:02:22 -0800] "GET /robots.txt HTTP/1.1" 200 377 "-" "Mozilla/5.0 (compatible; Barkrowler/0.9; +https://babbar.tech/crawler)" 
154.54.249.196 - - [19/Feb/2022:11:03:05 -0800] "GET /self.logs/ HTTP/1.1" 200 34589 "-" "Mozilla/5.0 (compatible; Barkrowler/0.9; +https://babbar.tech/crawler)" 
73.219.254.120 - - [19/Feb/2022:11:03:11 -0800] "GET /bootstrap/img/favicon.ico HTTP/1.1" 200 713 "-" "Mozilla/5.0 (Macintosh; Intel Mac OS X 10_12_6) AppleWebKit/537.36 (KHTML, like Gecko) Chrome/98.0.4758.80 Safari/537.36" 
20.65.94.52 - - [19/Feb/2022:11:03:14 -0800] "GET / HTTP/1.1" 200 13140 "-" "awesome_bot" 
154.54.249.196 - - [19/Feb/2022:11:03:31 -0800] "GET /self.logs/2016/?C=S;O=A HTTP/1.1" 200 8583 "-" "Mozilla/5.0 (compatible; Barkrowler/0.9; +https://babbar.tech/crawler)" 
49.7.20.84 - - [19/Feb/2022:11:04:09 -0800] "GET / HTTP/1.1" 200 13147 "-" "Sogou web spider/4.0(+http://www.sogou.com/docs/help/webmasters.htm#07)" 
154.54.249.196 - - [19/Feb/2022:11:04:15 -0800] "GET /self.logs/2015/?C=N;O=A HTTP/1.1" 200 7621 "-" "Mozilla/5.0 (compatible; Barkrowler/0.9; +https://babbar.tech/crawler)" 
154.54.249.196 - - [19/Feb/2022:11:04:49 -0800] "GET /self.logs/2016/?C=M;O=D HTTP/1.1" 200 8295 "-" "Mozilla/5.0 (compatible; Barkrowler/0.9; +https://babbar.tech/crawler)" 
17.121.112.9 - - [19/Feb/2022:11:04:53 -0800] "GET /self.logs/error.log.2020-10-24 HTTP/1.1" 200 307 "-" "Mozilla/5.0 (Macintosh; Intel Mac OS X 10_15_5) AppleWebKit/605.1.15 (KHTML, like Gecko) Version/13.1.1 Safari/605.1.15 (Applebot/0.1; +http://www.apple.com/go/applebot)" 
17.121.114.254 - - [19/Feb/2022:11:05:13 -0800] "GET /self.logs/error.log.2020-03-22 HTTP/1.1" 200 307 "-" "Mozilla/5.0 (Macintosh; Intel Mac OS X 10_15_5) AppleWebKit/605.1.15 (KHTML, like Gecko) Version/13.1.1 Safari/605.1.15 (Applebot/0.1; +http://www.apple.com/go/applebot)" 
154.54.249.196 - - [19/Feb/2022:11:05:14 -0800] "GET /Datasets%20Description/?C=M;O=A HTTP/1.1" 200 677 "-" "Mozilla/5.0 (compatible; Barkrowler/0.9; +https://babbar.tech/crawler)" 
154.54.249.196 - - [19/Feb/2022:11:05:39 -0800] "GET /Datasets%20Description/?C=M;O=D HTTP/1.1" 200 673 "-" "Mozilla/5.0 (compatible; Barkrowler/0.9; +https://babbar.tech/crawler)" 
154.54.249.196 - - [19/Feb/2022:11:06:07 -0800] "GET /Datasets%20Description/Network/?C=M;O=A HTTP/1.1" 200 769 "-" "Mozilla/5.0 (compatible; Barkrowler/0.9; +https://babbar.tech/crawler)" 
154.54.249.196 - - [19/Feb/2022:11:06:33 -0800] "GET /self.logs/access.log.2021-10-28 HTTP/1.1" 304 261 "-" "Mozilla/5.0 (compatible; Barkrowler/0.9; +https://babbar.tech/crawler)" 
154.54.249.196 - - [19/Feb/2022:11:06:59 -0800] "GET /self.logs/access.log.2019-07-15 HTTP/1.1" 304 265 "-" "Mozilla/5.0 (compatible; Barkrowler/0.9; +https://babbar.tech/crawler)" 
154.54.249.196 - - [19/Feb/2022:11:07:25 -0800] "GET /Datasets%20Description/Network/smtp.html HTTP/1.1" 200 1637 "-" "Mozilla/5.0 (compatible; Barkrowler/0.9; +https://babbar.tech/crawler)" 
154.54.249.196 - - [19/Feb/2022:11:07:49 -0800] "GET /self.logs/error.log.2019-12-24 HTTP/1.1" 304 261 "-" "Mozilla/5.0 (compatible; Barkrowler/0.9; +https://babbar.tech/crawler)" 
154.54.249.196 - - [19/Feb/2022:11:08:16 -0800] "GET /self.logs/error.log.2019-09-13 HTTP/1.1" 304 263 "-" "Mozilla/5.0 (compatible; Barkrowler/0.9; +https://babbar.tech/crawler)" 
154.54.249.196 - - [19/Feb/2022:11:08:41 -0800] "GET /self.logs/error.log.2022-01-03 HTTP/1.1" 304 265 "-" "Mozilla/5.0 (compatible; Barkrowler/0.9; +https://babbar.tech/crawler)" 
154.54.249.196 - - [19/Feb/2022:11:09:11 -0800] "GET /self.logs/error.log.2022-01-28 HTTP/1.1" 304 261 "-" "Mozilla/5.0 (compatible; Barkrowler/0.9; +https://babbar.tech/crawler)" 
154.54.249.196 - - [19/Feb/2022:11:09:39 -0800] "GET /self.logs/error.log.2022-01-13 HTTP/1.1" 304 261 "-" "Mozilla/5.0 (compatible; Barkrowler/0.9; +https://babbar.tech/crawler)" 
154.54.249.196 - - [19/Feb/2022:11:10:05 -0800] "GET /self.logs/error.log.2021-11-19 HTTP/1.1" 304 261 "-" "Mozilla/5.0 (compatible; Barkrowler/0.9; +https://babbar.tech/crawler)" 
154.54.249.196 - - [19/Feb/2022:11:10:31 -0800] "GET /self.logs/error.log.2021-12-10 HTTP/1.1" 304 261 "-" "Mozilla/5.0 (compatible; Barkrowler/0.9; +https://babbar.tech/crawler)" 
154.54.249.196 - - [19/Feb/2022:11:10:59 -0800] "GET /self.logs/error.log.2021-12-27 HTTP/1.1" 304 264 "-" "Mozilla/5.0 (compatible; Barkrowler/0.9; +https://babbar.tech/crawler)" 
154.54.249.196 - - [19/Feb/2022:11:11:25 -0800] "GET /self.logs/error.log.2021-12-04 HTTP/1.1" 304 261 "-" "Mozilla/5.0 (compatible; Barkrowler/0.9; +https://babbar.tech/crawler)" 
154.54.249.196 - - [19/Feb/2022:11:11:53 -0800] "GET /self.logs/error.log.2021-12-15 HTTP/1.1" 304 261 "-" "Mozilla/5.0 (compatible; Barkrowler/0.9; +https://babbar.tech/crawler)" 
154.54.249.196 - - [19/Feb/2022:11:12:23 -0800] "GET /self.logs/error.log.2021-12-07 HTTP/1.1" 304 261 "-" "Mozilla/5.0 (compatible; Barkrowler/0.9; +https://babbar.tech/crawler)" 
114.119.149.237 - - [19/Feb/2022:11:12:25 -0800] "GET /self.logs/error.log.2020-08-01.gz HTTP/1.1" 200 867 "-" "Mozilla/5.0 (Linux; Android 7.0;) AppleWebKit/537.36 (KHTML, like Gecko) Mobile Safari/537.36 (compatible; PetalBot;+https://webmaster.petalsearch.com/site/petalbot)" 
154.54.249.196 - - [19/Feb/2022:11:12:51 -0800] "GET /self.logs/error.log.2021-11-21 HTTP/1.1" 304 261 "-" "Mozilla/5.0 (compatible; Barkrowler/0.9; +https://babbar.tech/crawler)" 
154.54.249.196 - - [19/Feb/2022:11:13:18 -0800] "GET /self.logs/error.log.2021-11-17 HTTP/1.1" 304 264 "-" "Mozilla/5.0 (compatible; Barkrowler/0.9; +https://babbar.tech/crawler)" 
154.54.249.196 - - [19/Feb/2022:11:13:45 -0800] "GET /self.logs/error.log.2021-12-23 HTTP/1.1" 304 261 "-" "Mozilla/5.0 (compatible; Barkrowler/0.9; +https://babbar.tech/crawler)" 
154.54.249.196 - - [19/Feb/2022:11:14:14 -0800] "GET /self.logs/error.log.2021-10-28 HTTP/1.1" 304 261 "-" "Mozilla/5.0 (compatible; Barkrowler/0.9; +https://babbar.tech/crawler)" 
154.54.249.196 - - [19/Feb/2022:11:14:40 -0800] "GET /self.logs/error.log.2021-07-18 HTTP/1.1" 304 263 "-" "Mozilla/5.0 (compatible; Barkrowler/0.9; +https://babbar.tech/crawler)" 
154.54.249.196 - - [19/Feb/2022:11:15:05 -0800] "GET /self.logs/error.log.2021-01-09 HTTP/1.1" 304 261 "-" "Mozilla/5.0 (compatible; Barkrowler/0.9; +https://babbar.tech/crawler)" 
154.54.249.196 - - [19/Feb/2022:11:15:40 -0800] "GET /self.logs/error.log.2021-01-19 HTTP/1.1" 304 261 "-" "Mozilla/5.0 (compatible; Barkrowler/0.9; +https://babbar.tech/crawler)" 
154.54.249.196 - - [19/Feb/2022:11:16:06 -0800] "GET /self.logs/error.log.2021-08-14 HTTP/1.1" 304 261 "-" "Mozilla/5.0 (compatible; Barkrowler/0.9; +https://babbar.tech/crawler)" 
154.54.249.196 - - [19/Feb/2022:11:16:34 -0800] "GET /self.logs/error.log.2021-09-08 HTTP/1.1" 304 261 "-" "Mozilla/5.0 (compatible; Barkrowler/0.9; +https://babbar.tech/crawler)" 
154.54.249.196 - - [19/Feb/2022:11:17:12 -0800] "GET /self.logs/error.log.2021-08-13 HTTP/1.1" 304 261 "-" "Mozilla/5.0 (compatible; Barkrowler/0.9; +https://babbar.tech/crawler)" 
154.54.249.196 - - [19/Feb/2022:11:17:38 -0800] "GET /self.logs/error.log.2021-08-26 HTTP/1.1" 304 261 "-" "Mozilla/5.0 (compatible; Barkrowler/0.9; +https://babbar.tech/crawler)" 
17.121.113.192 - - [19/Feb/2022:11:17:56 -0800] "GET / HTTP/1.1" 200 13140 "-" "Mozilla/5.0 (Macintosh; Intel Mac OS X 10_15_5) AppleWebKit/605.1.15 (KHTML, like Gecko) Version/13.1.1 Safari/605.1.15 (Applebot/0.1; +http://www.apple.com/go/applebot)" 
154.54.249.196 - - [19/Feb/2022:11:18:05 -0800] "GET /self.logs/error.log.2021-07-27 HTTP/1.1" 304 263 "-" "Mozilla/5.0 (compatible; Barkrowler/0.9; +https://babbar.tech/crawler)" 
154.54.249.196 - - [19/Feb/2022:11:18:30 -0800] "GET /self.logs/error.log.2021-07-12 HTTP/1.1" 304 263 "-" "Mozilla/5.0 (compatible; Barkrowler/0.9; +https://babbar.tech/crawler)" 
154.54.249.196 - - [19/Feb/2022:11:18:55 -0800] "GET /self.logs/error.log.2021-05-31 HTTP/1.1" 304 261 "-" "Mozilla/5.0 (compatible; Barkrowler/0.9; +https://babbar.tech/crawler)" 
154.54.249.196 - - [19/Feb/2022:11:19:20 -0800] "GET /self.logs/error.log.2021-05-28 HTTP/1.1" 304 261 "-" "Mozilla/5.0 (compatible; Barkrowler/0.9; +https://babbar.tech/crawler)" 
154.54.249.196 - - [19/Feb/2022:11:20:02 -0800] "GET /self.logs/error.log.2021-07-17 HTTP/1.1" 304 261 "-" "Mozilla/5.0 (compatible; Barkrowler/0.9; +https://babbar.tech/crawler)" 
154.54.249.196 - - [19/Feb/2022:11:20:28 -0800] "GET /self.logs/error.log.2021-03-05 HTTP/1.1" 304 261 "-" "Mozilla/5.0 (compatible; Barkrowler/0.9; +https://babbar.tech/crawler)" 
154.54.249.196 - - [19/Feb/2022:11:20:53 -0800] "GET /self.logs/error.log.2021-05-12 HTTP/1.1" 304 261 "-" "Mozilla/5.0 (compatible; Barkrowler/0.9; +https://babbar.tech/crawler)" 
154.54.249.196 - - [19/Feb/2022:11:21:20 -0800] "GET /self.logs/error.log.2021-03-18 HTTP/1.1" 304 261 "-" "Mozilla/5.0 (compatible; Barkrowler/0.9; +https://babbar.tech/crawler)" 
154.54.249.196 - - [19/Feb/2022:11:21:47 -0800] "GET /self.logs/error.log.2021-01-15 HTTP/1.1" 304 261 "-" "Mozilla/5.0 (compatible; Barkrowler/0.9; +https://babbar.tech/crawler)" 
154.54.249.196 - - [19/Feb/2022:11:22:12 -0800] "GET /self.logs/error.log.2020-04-21 HTTP/1.1" 304 261 "-" "Mozilla/5.0 (compatible; Barkrowler/0.9; +https://babbar.tech/crawler)" 
154.54.249.196 - - [19/Feb/2022:11:22:41 -0800] "GET /self.logs/error.log.2020-06-12 HTTP/1.1" 304 261 "-" "Mozilla/5.0 (compatible; Barkrowler/0.9; +https://babbar.tech/crawler)" 
154.54.249.196 - - [19/Feb/2022:11:23:13 -0800] "GET /self.logs/error.log.2020-03-30 HTTP/1.1" 304 261 "-" "Mozilla/5.0 (compatible; Barkrowler/0.9; +https://babbar.tech/crawler)" 
154.54.249.196 - - [19/Feb/2022:11:23:40 -0800] "GET /self.logs/error.log.2020-05-01 HTTP/1.1" 304 261 "-" "Mozilla/5.0 (compatible; Barkrowler/0.9; +https://babbar.tech/crawler)" 
154.54.249.196 - - [19/Feb/2022:11:24:06 -0800] "GET /self.logs/error.log.2020-08-11 HTTP/1.1" 304 261 "-" "Mozilla/5.0 (compatible; Barkrowler/0.9; +https://babbar.tech/crawler)" 
154.54.249.196 - - [19/Feb/2022:11:24:32 -0800] "GET /self.logs/error.log.2020-09-30 HTTP/1.1" 304 261 "-" "Mozilla/5.0 (compatible; Barkrowler/0.9; +https://babbar.tech/crawler)" 
154.54.249.196 - - [19/Feb/2022:11:24:57 -0800] "GET /self.logs/error.log.2020-08-14 HTTP/1.1" 304 261 "-" "Mozilla/5.0 (compatible; Barkrowler/0.9; +https://babbar.tech/crawler)" 
154.54.249.196 - - [19/Feb/2022:11:25:22 -0800] "GET /self.logs/error.log.2020-05-10 HTTP/1.1" 304 261 "-" "Mozilla/5.0 (compatible; Barkrowler/0.9; +https://babbar.tech/crawler)" 
154.54.249.196 - - [19/Feb/2022:11:25:49 -0800] "GET /self.logs/error.log.2020-06-10 HTTP/1.1" 304 261 "-" "Mozilla/5.0 (compatible; Barkrowler/0.9; +https://babbar.tech/crawler)" 
154.54.249.196 - - [19/Feb/2022:11:26:21 -0800] "GET /self.logs/error.log.2020-09-10 HTTP/1.1" 304 261 "-" "Mozilla/5.0 (compatible; Barkrowler/0.9; +https://babbar.tech/crawler)" 
154.54.249.196 - - [19/Feb/2022:11:26:47 -0800] "GET /self.logs/error.log.2020-03-23 HTTP/1.1" 304 261 "-" "Mozilla/5.0 (compatible; Barkrowler/0.9; +https://babbar.tech/crawler)" 
154.54.249.196 - - [19/Feb/2022:11:27:14 -0800] "GET /self.logs/error.log.2020-05-14 HTTP/1.1" 304 261 "-" "Mozilla/5.0 (compatible; Barkrowler/0.9; +https://babbar.tech/crawler)" 
154.54.249.196 - - [19/Feb/2022:11:27:39 -0800] "GET /self.logs/error.log.2020-03-15 HTTP/1.1" 304 263 "-" "Mozilla/5.0 (compatible; Barkrowler/0.9; +https://babbar.tech/crawler)" 
207.46.13.42 - - [19/Feb/2022:11:27:57 -0800] "GET /self.logs/?C=D;O=A HTTP/1.1" 200 34589 "-" "Mozilla/5.0 (compatible; bingbot/2.0; +http://www.bing.com/bingbot.htm)" 
154.54.249.196 - - [19/Feb/2022:11:28:04 -0800] "GET /self.logs/error.log.2020-05-16 HTTP/1.1" 304 261 "-" "Mozilla/5.0 (compatible; Barkrowler/0.9; +https://babbar.tech/crawler)" 
114.119.140.174 - - [19/Feb/2022:11:28:17 -0800] "GET /self.logs/2016/access.log.2016-10-10.gz HTTP/1.1" 200 9612 "-" "Mozilla/5.0 (Linux; Android 7.0;) AppleWebKit/537.36 (KHTML, like Gecko) Mobile Safari/537.36 (compatible; PetalBot;+https://webmaster.petalsearch.com/site/petalbot)" 
154.54.249.196 - - [19/Feb/2022:11:28:30 -0800] "GET /self.logs/error.log.2020-05-02 HTTP/1.1" 304 261 "-" "Mozilla/5.0 (compatible; Barkrowler/0.9; +https://babbar.tech/crawler)" 
154.54.249.196 - - [19/Feb/2022:11:28:56 -0800] "GET /self.logs/error.log.2020-08-03 HTTP/1.1" 304 261 "-" "Mozilla/5.0 (compatible; Barkrowler/0.9; +https://babbar.tech/crawler)" 
154.54.249.196 - - [19/Feb/2022:11:29:26 -0800] "GET /self.logs/error.log.2020-09-08 HTTP/1.1" 304 261 "-" "Mozilla/5.0 (compatible; Barkrowler/0.9; +https://babbar.tech/crawler)" 
154.54.249.196 - - [19/Feb/2022:11:29:55 -0800] "GET /self.logs/error.log.2020-05-05 HTTP/1.1" 304 261 "-" "Mozilla/5.0 (compatible; Barkrowler/0.9; +https://babbar.tech/crawler)" 
154.54.249.196 - - [19/Feb/2022:11:30:20 -0800] "GET /self.logs/error.log.2020-06-27 HTTP/1.1" 304 261 "-" "Mozilla/5.0 (compatible; Barkrowler/0.9; +https://babbar.tech/crawler)" 
154.54.249.196 - - [19/Feb/2022:11:30:46 -0800] "GET /self.logs/error.log.2020-02-27 HTTP/1.1" 304 261 "-" "Mozilla/5.0 (compatible; Barkrowler/0.9; +https://babbar.tech/crawler)" 
154.54.249.196 - - [19/Feb/2022:11:31:13 -0800] "GET /self.logs/error.log.2020-04-27 HTTP/1.1" 304 261 "-" "Mozilla/5.0 (compatible; Barkrowler/0.9; +https://babbar.tech/crawler)" 
154.54.249.196 - - [19/Feb/2022:11:31:39 -0800] "GET /self.logs/error.log.2020-05-27 HTTP/1.1" 304 261 "-" "Mozilla/5.0 (compatible; Barkrowler/0.9; +https://babbar.tech/crawler)" 
154.54.249.196 - - [19/Feb/2022:11:32:04 -0800] "GET /self.logs/error.log.2020-04-06 HTTP/1.1" 304 261 "-" "Mozilla/5.0 (compatible; Barkrowler/0.9; +https://babbar.tech/crawler)" 
154.54.249.196 - - [19/Feb/2022:11:32:30 -0800] "GET /self.logs/error.log.2020-09-26 HTTP/1.1" 304 261 "-" "Mozilla/5.0 (compatible; Barkrowler/0.9; +https://babbar.tech/crawler)" 
154.54.249.196 - - [19/Feb/2022:11:32:55 -0800] "GET /self.logs/error.log.2020-06-13 HTTP/1.1" 304 261 "-" "Mozilla/5.0 (compatible; Barkrowler/0.9; +https://babbar.tech/crawler)" 
154.54.249.196 - - [19/Feb/2022:11:33:22 -0800] "GET /self.logs/error.log.2020-04-19 HTTP/1.1" 304 261 "-" "Mozilla/5.0 (compatible; Barkrowler/0.9; +https://babbar.tech/crawler)" 
114.119.149.23 - - [19/Feb/2022:11:33:36 -0800] "GET /self.logs/error.log.2018-07-12.gz HTTP/1.1" 200 5217 "-" "Mozilla/5.0 (Linux; Android 7.0;) AppleWebKit/537.36 (KHTML, like Gecko) Mobile Safari/537.36 (compatible; PetalBot;+https://webmaster.petalsearch.com/site/petalbot)" 
154.54.249.196 - - [19/Feb/2022:11:33:48 -0800] "GET /self.logs/error.log.2020-05-19 HTTP/1.1" 304 261 "-" "Mozilla/5.0 (compatible; Barkrowler/0.9; +https://babbar.tech/crawler)" 
154.54.249.196 - - [19/Feb/2022:11:34:25 -0800] "GET /self.logs/error.log.2020-09-23 HTTP/1.1" 304 261 "-" "Mozilla/5.0 (compatible; Barkrowler/0.9; +https://babbar.tech/crawler)" 
154.54.249.196 - - [19/Feb/2022:11:34:51 -0800] "GET /self.logs/error.log.2020-07-24 HTTP/1.1" 304 261 "-" "Mozilla/5.0 (compatible; Barkrowler/0.9; +https://babbar.tech/crawler)" 
154.54.249.196 - - [19/Feb/2022:11:35:18 -0800] "GET /self.logs/error.log.2020-01-07 HTTP/1.1" 304 261 "-" "Mozilla/5.0 (compatible; Barkrowler/0.9; +https://babbar.tech/crawler)" 
154.54.249.196 - - [19/Feb/2022:11:35:44 -0800] "GET /self.logs/error.log.2020-04-18 HTTP/1.1" 304 261 "-" "Mozilla/5.0 (compatible; Barkrowler/0.9; +https://babbar.tech/crawler)" 
154.54.249.196 - - [19/Feb/2022:11:36:11 -0800] "GET /self.logs/error.log.2020-06-18 HTTP/1.1" 304 261 "-" "Mozilla/5.0 (compatible; Barkrowler/0.9; +https://babbar.tech/crawler)" 
154.54.249.196 - - [19/Feb/2022:11:36:36 -0800] "GET /self.logs/error.log.2020-07-01 HTTP/1.1" 304 261 "-" "Mozilla/5.0 (compatible; Barkrowler/0.9; +https://babbar.tech/crawler)" 
154.54.249.196 - - [19/Feb/2022:11:37:01 -0800] "GET /self.logs/error.log.2020-05-24 HTTP/1.1" 304 261 "-" "Mozilla/5.0 (compatible; Barkrowler/0.9; +https://babbar.tech/crawler)" 
154.54.249.196 - - [19/Feb/2022:11:37:27 -0800] "GET /self.logs/error.log.2020-03-27 HTTP/1.1" 304 261 "-" "Mozilla/5.0 (compatible; Barkrowler/0.9; +https://babbar.tech/crawler)" 
154.54.249.196 - - [19/Feb/2022:11:37:54 -0800] "GET /self.logs/error.log.2020-02-22 HTTP/1.1" 304 261 "-" "Mozilla/5.0 (compatible; Barkrowler/0.9; +https://babbar.tech/crawler)" 
154.54.249.196 - - [19/Feb/2022:11:38:20 -0800] "GET /self.logs/error.log.2020-01-31 HTTP/1.1" 304 261 "-" "Mozilla/5.0 (compatible; Barkrowler/0.9; +https://babbar.tech/crawler)" 
154.54.249.196 - - [19/Feb/2022:11:38:46 -0800] "GET /self.logs/error.log.2020-05-17 HTTP/1.1" 304 261 "-" "Mozilla/5.0 (compatible; Barkrowler/0.9; +https://babbar.tech/crawler)" 
154.54.249.196 - - [19/Feb/2022:11:39:14 -0800] "GET /self.logs/error.log.2020-07-25 HTTP/1.1" 304 261 "-" "Mozilla/5.0 (compatible; Barkrowler/0.9; +https://babbar.tech/crawler)" 
154.54.249.196 - - [19/Feb/2022:11:39:41 -0800] "GET /self.logs/error.log.2020-09-01 HTTP/1.1" 304 261 "-" "Mozilla/5.0 (compatible; Barkrowler/0.9; +https://babbar.tech/crawler)" 
154.54.249.196 - - [19/Feb/2022:11:40:06 -0800] "GET /self.logs/error.log.2020-04-22 HTTP/1.1" 304 261 "-" "Mozilla/5.0 (compatible; Barkrowler/0.9; +https://babbar.tech/crawler)" 
49.7.20.84 - - [19/Feb/2022:11:40:11 -0800] "GET / HTTP/1.1" 200 13147 "-" "Sogou web spider/4.0(+http://www.sogou.com/docs/help/webmasters.htm#07)" 
154.54.249.196 - - [19/Feb/2022:11:40:31 -0800] "GET /self.logs/error.log.2020-05-22 HTTP/1.1" 304 261 "-" "Mozilla/5.0 (compatible; Barkrowler/0.9; +https://babbar.tech/crawler)" 
154.54.249.196 - - [19/Feb/2022:11:40:57 -0800] "GET /self.logs/error.log.2020-03-26 HTTP/1.1" 304 261 "-" "Mozilla/5.0 (compatible; Barkrowler/0.9; +https://babbar.tech/crawler)" 
154.54.249.196 - - [19/Feb/2022:11:41:24 -0800] "GET /self.logs/error.log.2020-06-16 HTTP/1.1" 304 261 "-" "Mozilla/5.0 (compatible; Barkrowler/0.9; +https://babbar.tech/crawler)" 
154.54.249.196 - - [19/Feb/2022:11:41:52 -0800] "GET /self.logs/error.log.2020-07-12 HTTP/1.1" 304 261 "-" "Mozilla/5.0 (compatible; Barkrowler/0.9; +https://babbar.tech/crawler)" 
154.54.249.196 - - [19/Feb/2022:11:42:17 -0800] "GET /self.logs/error.log.2020-09-19 HTTP/1.1" 304 261 "-" "Mozilla/5.0 (compatible; Barkrowler/0.9; +https://babbar.tech/crawler)" 
154.54.249.196 - - [19/Feb/2022:11:42:47 -0800] "GET /self.logs/error.log.2020-08-16 HTTP/1.1" 304 261 "-" "Mozilla/5.0 (compatible; Barkrowler/0.9; +https://babbar.tech/crawler)" 
154.54.249.196 - - [19/Feb/2022:11:43:17 -0800] "GET /self.logs/error.log.2020-07-13 HTTP/1.1" 304 261 "-" "Mozilla/5.0 (compatible; Barkrowler/0.9; +https://babbar.tech/crawler)" 
154.54.249.196 - - [19/Feb/2022:11:43:42 -0800] "GET /self.logs/error.log.2020-02-01 HTTP/1.1" 304 261 "-" "Mozilla/5.0 (compatible; Barkrowler/0.9; +https://babbar.tech/crawler)" 
154.54.249.196 - - [19/Feb/2022:11:44:10 -0800] "GET /self.logs/error.log.2020-05-04 HTTP/1.1" 304 261 "-" "Mozilla/5.0 (compatible; Barkrowler/0.9; +https://babbar.tech/crawler)" 
154.54.249.196 - - [19/Feb/2022:11:44:35 -0800] "GET /self.logs/error.log.2020-09-06 HTTP/1.1" 304 261 "-" "Mozilla/5.0 (compatible; Barkrowler/0.9; +https://babbar.tech/crawler)" 
154.54.249.196 - - [19/Feb/2022:11:45:02 -0800] "GET /self.logs/error.log.2020-06-05 HTTP/1.1" 304 261 "-" "Mozilla/5.0 (compatible; Barkrowler/0.9; +https://babbar.tech/crawler)" 
154.54.249.196 - - [19/Feb/2022:11:45:28 -0800] "GET /self.logs/error.log.2020-09-09 HTTP/1.1" 304 261 "-" "Mozilla/5.0 (compatible; Barkrowler/0.9; +https://babbar.tech/crawler)" 
154.54.249.196 - - [19/Feb/2022:11:45:53 -0800] "GET /self.logs/error.log.2020-07-03 HTTP/1.1" 304 261 "-" "Mozilla/5.0 (compatible; Barkrowler/0.9; +https://babbar.tech/crawler)" 
154.54.249.196 - - [19/Feb/2022:11:46:20 -0800] "GET /self.logs/error.log.2020-06-08 HTTP/1.1" 304 261 "-" "Mozilla/5.0 (compatible; Barkrowler/0.9; +https://babbar.tech/crawler)" 
154.54.249.196 - - [19/Feb/2022:11:46:46 -0800] "GET /self.logs/error.log.2020-06-06 HTTP/1.1" 304 261 "-" "Mozilla/5.0 (compatible; Barkrowler/0.9; +https://babbar.tech/crawler)" 
154.54.249.196 - - [19/Feb/2022:11:47:12 -0800] "GET /self.logs/error.log.2020-09-03 HTTP/1.1" 304 261 "-" "Mozilla/5.0 (compatible; Barkrowler/0.9; +https://babbar.tech/crawler)" 
154.54.249.196 - - [19/Feb/2022:11:47:38 -0800] "GET /self.logs/error.log.2020-05-07 HTTP/1.1" 304 261 "-" "Mozilla/5.0 (compatible; Barkrowler/0.9; +https://babbar.tech/crawler)" 
154.54.249.196 - - [19/Feb/2022:11:48:02 -0800] "GET /self.logs/error.log.2020-08-06 HTTP/1.1" 304 263 "-" "Mozilla/5.0 (compatible; Barkrowler/0.9; +https://babbar.tech/crawler)" 
154.54.249.196 - - [19/Feb/2022:11:48:29 -0800] "GET /self.logs/error.log.2020-02-07 HTTP/1.1" 304 261 "-" "Mozilla/5.0 (compatible; Barkrowler/0.9; +https://babbar.tech/crawler)" 
154.54.249.196 - - [19/Feb/2022:11:48:56 -0800] "GET /self.logs/error.log.2020-06-04 HTTP/1.1" 304 261 "-" "Mozilla/5.0 (compatible; Barkrowler/0.9; +https://babbar.tech/crawler)" 
154.54.249.196 - - [19/Feb/2022:11:49:21 -0800] "GET /self.logs/error.log.2020-06-07 HTTP/1.1" 304 261 "-" "Mozilla/5.0 (compatible; Barkrowler/0.9; +https://babbar.tech/crawler)" 
154.54.249.196 - - [19/Feb/2022:11:49:46 -0800] "GET /self.logs/error.log.2020-08-09 HTTP/1.1" 304 261 "-" "Mozilla/5.0 (compatible; Barkrowler/0.9; +https://babbar.tech/crawler)" 
54.147.0.106 - - [19/Feb/2022:11:49:54 -0800] "GET / HTTP/1.1" 200 13185 "-" "Iframely/1.3.1 (+https://iframely.com/docs/about) Atlassian" 
154.54.249.196 - - [19/Feb/2022:11:50:12 -0800] "GET /self.logs/error.log.2020-02-06 HTTP/1.1" 304 261 "-" "Mozilla/5.0 (compatible; Barkrowler/0.9; +https://babbar.tech/crawler)" 
154.54.249.196 - - [19/Feb/2022:11:50:37 -0800] "GET /self.logs/error.log.2020-06-09 HTTP/1.1" 304 261 "-" "Mozilla/5.0 (compatible; Barkrowler/0.9; +https://babbar.tech/crawler)" 
154.54.249.196 - - [19/Feb/2022:11:51:02 -0800] "GET /self.logs/error.log.2020-05-08 HTTP/1.1" 304 261 "-" "Mozilla/5.0 (compatible; Barkrowler/0.9; +https://babbar.tech/crawler)" 
154.54.249.196 - - [19/Feb/2022:11:51:28 -0800] "GET /self.logs/error.log.2020-01-10 HTTP/1.1" 304 263 "-" "Mozilla/5.0 (compatible; Barkrowler/0.9; +https://babbar.tech/crawler)" 
