98.82.120.188 - - [11/Sep/2024:08:58:57 -0700] "GET /self.logs/error.log.2020-07-10 HTTP/1.1" 200 351 "-" "CCBot/2.0 (https://commoncrawl.org/faq/)" 
98.82.120.188 - - [11/Sep/2024:08:59:57 -0700] "GET /self.logs/error.log.2022-03-17 HTTP/1.1" 200 351 "-" "CCBot/2.0 (https://commoncrawl.org/faq/)" 
98.82.120.188 - - [11/Sep/2024:09:01:08 -0700] "GET /self.logs/error.log.2020-11-07 HTTP/1.1" 200 351 "-" "CCBot/2.0 (https://commoncrawl.org/faq/)" 
98.82.120.188 - - [11/Sep/2024:09:01:59 -0700] "GET /self.logs/error.log.2020-09-06 HTTP/1.1" 200 351 "-" "CCBot/2.0 (https://commoncrawl.org/faq/)" 
98.82.120.188 - - [11/Sep/2024:09:02:49 -0700] "GET /self.logs/error.log.2020-07-04 HTTP/1.1" 200 351 "-" "CCBot/2.0 (https://commoncrawl.org/faq/)" 
40.77.167.65 - - [11/Sep/2024:09:03:05 -0700] "GET /self.logs/access.log.2021-02-04.gz HTTP/1.1" 200 25203 "-" "Mozilla/5.0 AppleWebKit/537.36 (KHTML, like Gecko; compatible; bingbot/2.0; +http://www.bing.com/bingbot.htm) Chrome/116.0.1938.76 Safari/537.36" 
98.82.120.188 - - [11/Sep/2024:09:03:41 -0700] "GET /self.logs/error.log.2020-09-29 HTTP/1.1" 200 351 "-" "CCBot/2.0 (https://commoncrawl.org/faq/)" 
98.82.120.188 - - [11/Sep/2024:09:04:31 -0700] "GET /self.logs/error.log.2024-01-17 HTTP/1.1" 200 351 "-" "CCBot/2.0 (https://commoncrawl.org/faq/)" 
66.249.64.103 - - [11/Sep/2024:09:04:47 -0700] "GET / HTTP/1.1" 200 13186 "-" "Mozilla/5.0 (compatible; Googlebot/2.1; +http://www.google.com/bot.html)" 
66.249.64.104 - - [11/Sep/2024:09:04:49 -0700] "GET /css/style.css HTTP/1.1" 404 328 "http://www.secrepo.com/" "Mozilla/5.0 AppleWebKit/537.36 (KHTML, like Gecko; compatible; Googlebot/2.1; +http://www.google.com/bot.html) Chrome/128.0.6613.113 Safari/537.36" 
98.82.120.188 - - [11/Sep/2024:09:05:18 -0700] "GET /self.logs/error.log.2021-08-13 HTTP/1.1" 200 351 "-" "CCBot/2.0 (https://commoncrawl.org/faq/)" 
35.86.201.87 - - [11/Sep/2024:09:05:53 -0700] "GET /robots.txt HTTP/1.1" 301 439 "-" "Mozilla/5.0 (compatible; wpbot/1.1; +https://forms.gle/ajBaxygz9jSR8p8G9)" 
35.86.201.87 - - [11/Sep/2024:09:05:53 -0700] "GET /robots.txt HTTP/1.1" 200 333 "-" "Mozilla/5.0 (compatible; wpbot/1.1; +https://forms.gle/ajBaxygz9jSR8p8G9)" 
35.86.201.87 - - [11/Sep/2024:09:05:53 -0700] "GET / HTTP/1.1" 200 13108 "-" "Mozilla/5.0 (compatible; wpbot/1.1; +https://forms.gle/ajBaxygz9jSR8p8G9)" 
98.82.120.188 - - [11/Sep/2024:09:06:01 -0700] "GET /self.logs/error.log.2020-11-21 HTTP/1.1" 200 351 "-" "CCBot/2.0 (https://commoncrawl.org/faq/)" 
98.82.120.188 - - [11/Sep/2024:09:06:44 -0700] "GET /self.logs/error.log.2020-09-20 HTTP/1.1" 200 351 "-" "CCBot/2.0 (https://commoncrawl.org/faq/)" 
98.82.120.188 - - [11/Sep/2024:09:07:27 -0700] "GET /self.logs/error.log.2019-12-24 HTTP/1.1" 200 351 "-" "CCBot/2.0 (https://commoncrawl.org/faq/)" 
40.77.167.73 - - [11/Sep/2024:09:07:55 -0700] "GET /self.logs/access.log.2018-06-05.gz HTTP/1.1" 200 20850 "-" "Mozilla/5.0 AppleWebKit/537.36 (KHTML, like Gecko; compatible; bingbot/2.0; +http://www.bing.com/bingbot.htm) Chrome/116.0.1938.76 Safari/537.36" 
98.82.120.188 - - [11/Sep/2024:09:08:07 -0700] "GET /self.logs/error.log.2020-10-07 HTTP/1.1" 200 351 "-" "CCBot/2.0 (https://commoncrawl.org/faq/)" 
98.82.120.188 - - [11/Sep/2024:09:09:26 -0700] "GET /self.logs/error.log.2020-11-15 HTTP/1.1" 200 351 "-" "CCBot/2.0 (https://commoncrawl.org/faq/)" 
98.82.120.188 - - [11/Sep/2024:09:10:06 -0700] "GET /self.logs/error.log.2020-09-14 HTTP/1.1" 200 351 "-" "CCBot/2.0 (https://commoncrawl.org/faq/)" 
98.82.120.188 - - [11/Sep/2024:09:10:48 -0700] "GET /self.logs/error.log.2020-07-12 HTTP/1.1" 200 351 "-" "CCBot/2.0 (https://commoncrawl.org/faq/)" 
98.82.120.188 - - [11/Sep/2024:09:11:34 -0700] "GET /self.logs/error.log.2020-11-09 HTTP/1.1" 200 351 "-" "CCBot/2.0 (https://commoncrawl.org/faq/)" 
98.82.120.188 - - [11/Sep/2024:09:12:15 -0700] "GET /self.logs/error.log.2020-09-08 HTTP/1.1" 200 351 "-" "CCBot/2.0 (https://commoncrawl.org/faq/)" 
98.82.120.188 - - [11/Sep/2024:09:12:56 -0700] "GET /self.logs/error.log.2020-04-19 HTTP/1.1" 200 351 "-" "CCBot/2.0 (https://commoncrawl.org/faq/)" 
98.82.120.188 - - [11/Sep/2024:09:13:37 -0700] "GET /self.logs/error.log.2024-01-19 HTTP/1.1" 200 351 "-" "CCBot/2.0 (https://commoncrawl.org/faq/)" 
98.82.120.188 - - [11/Sep/2024:09:14:19 -0700] "GET /self.logs/error.log.2020-07-29 HTTP/1.1" 200 351 "-" "CCBot/2.0 (https://commoncrawl.org/faq/)" 
98.82.120.188 - - [11/Sep/2024:09:15:01 -0700] "GET /self.logs/error.log.2020-10-15 HTTP/1.1" 200 351 "-" "CCBot/2.0 (https://commoncrawl.org/faq/)" 
195.191.219.133 - - [11/Sep/2024:09:16:12 -0700] "GET /robots.txt HTTP/1.1" 200 377 "-" "Mozilla/5.0 (compatible; MJ12bot/v1.4.8; http://mj12bot.com/)" 
195.191.219.133 - - [11/Sep/2024:09:16:14 -0700] "GET /?ref=https://githubhelp.com HTTP/1.1" 200 13109 "-" "Mozilla/5.0 (compatible; MJ12bot/v1.4.8; http://mj12bot.com/)" 
98.82.120.188 - - [11/Sep/2024:09:16:21 -0700] "GET /self.logs/error.log.2021-05-28 HTTP/1.1" 200 351 "-" "CCBot/2.0 (https://commoncrawl.org/faq/)" 
98.82.120.188 - - [11/Sep/2024:09:16:59 -0700] "GET /self.logs/error.log.2023-06-21 HTTP/1.1" 200 351 "-" "CCBot/2.0 (https://commoncrawl.org/faq/)" 
98.82.120.188 - - [11/Sep/2024:09:17:37 -0700] "GET /self.logs/error.log.2020-11-23 HTTP/1.1" 200 351 "-" "CCBot/2.0 (https://commoncrawl.org/faq/)" 
98.82.120.188 - - [11/Sep/2024:09:18:14 -0700] "GET /self.logs/error.log.2022-03-04 HTTP/1.1" 200 351 "-" "CCBot/2.0 (https://commoncrawl.org/faq/)" 
98.82.120.188 - - [11/Sep/2024:09:18:52 -0700] "GET /self.logs/error.log.2020-09-22 HTTP/1.1" 200 351 "-" "CCBot/2.0 (https://commoncrawl.org/faq/)" 
98.82.120.188 - - [11/Sep/2024:09:19:31 -0700] "GET /self.logs/error.log.2020-10-09 HTTP/1.1" 200 351 "-" "CCBot/2.0 (https://commoncrawl.org/faq/)" 
98.82.120.188 - - [11/Sep/2024:09:20:55 -0700] "GET /self.logs/error.log.2020-11-17 HTTP/1.1" 200 351 "-" "CCBot/2.0 (https://commoncrawl.org/faq/)" 
98.82.120.188 - - [11/Sep/2024:09:21:47 -0700] "GET /self.logs/error.log.2020-09-16 HTTP/1.1" 200 768 "-" "CCBot/2.0 (https://commoncrawl.org/faq/)" 
98.82.120.188 - - [11/Sep/2024:09:22:59 -0700] "GET /self.logs/error.log.2024-06-16 HTTP/1.1" 200 1120 "-" "CCBot/2.0 (https://commoncrawl.org/faq/)" 
40.77.167.36 - - [11/Sep/2024:09:23:24 -0700] "GET /self.logs/access.log.2024-08-23.gz HTTP/1.1" 200 13097 "-" "Mozilla/5.0 AppleWebKit/537.36 (KHTML, like Gecko; compatible; bingbot/2.0; +http://www.bing.com/bingbot.htm) Chrome/116.0.1938.76 Safari/537.36" 
98.82.120.188 - - [11/Sep/2024:09:23:38 -0700] "GET /self.logs/error.log.2020-07-14 HTTP/1.1" 200 351 "-" "CCBot/2.0 (https://commoncrawl.org/faq/)" 
98.82.120.188 - - [11/Sep/2024:09:24:36 -0700] "GET /self.logs/error.log.2020-04-27 HTTP/1.1" 200 351 "-" "CCBot/2.0 (https://commoncrawl.org/faq/)" 
98.82.120.188 - - [11/Sep/2024:09:27:15 -0700] "GET /self.logs/error.log.2020-10-23 HTTP/1.1" 200 351 "-" "CCBot/2.0 (https://commoncrawl.org/faq/)" 
98.82.120.188 - - [11/Sep/2024:09:31:08 -0700] "GET /self.logs/error.log.2020-09-30 HTTP/1.1" 200 351 "-" "CCBot/2.0 (https://commoncrawl.org/faq/)" 
98.82.120.188 - - [11/Sep/2024:09:32:19 -0700] "GET /self.logs/error.log.2020-10-17 HTTP/1.1" 200 351 "-" "CCBot/2.0 (https://commoncrawl.org/faq/)" 
98.82.120.188 - - [11/Sep/2024:09:32:51 -0700] "GET /self.logs/error.log.2023-10-26 HTTP/1.1" 200 351 "-" "CCBot/2.0 (https://commoncrawl.org/faq/)" 
98.82.120.188 - - [11/Sep/2024:09:33:24 -0700] "GET /self.logs/error.log.2020-09-01 HTTP/1.1" 200 351 "-" "CCBot/2.0 (https://commoncrawl.org/faq/)" 
98.82.120.188 - - [11/Sep/2024:09:35:03 -0700] "GET /self.logs/error.log.2020-11-25 HTTP/1.1" 200 351 "-" "CCBot/2.0 (https://commoncrawl.org/faq/)" 
98.82.120.188 - - [11/Sep/2024:09:35:33 -0700] "GET /self.logs/error.log.2020-09-24 HTTP/1.1" 200 351 "-" "CCBot/2.0 (https://commoncrawl.org/faq/)" 
40.77.167.76 - - [11/Sep/2024:09:36:16 -0700] "GET /self.logs/error.log.2021-10-12.gz HTTP/1.1" 200 2147 "-" "Mozilla/5.0 AppleWebKit/537.36 (KHTML, like Gecko; compatible; bingbot/2.0; +http://www.bing.com/bingbot.htm) Chrome/116.0.1938.76 Safari/537.36" 
98.82.120.188 - - [11/Sep/2024:09:37:03 -0700] "GET /self.logs/error.log.2022-03-29 HTTP/1.1" 200 546 "-" "CCBot/2.0 (https://commoncrawl.org/faq/)" 
98.82.120.188 - - [11/Sep/2024:09:39:14 -0700] "GET /self.logs/error.log.2020-04-06 HTTP/1.1" 200 351 "-" "CCBot/2.0 (https://commoncrawl.org/faq/)" 
98.82.120.188 - - [11/Sep/2024:09:39:37 -0700] "GET /self.logs/error.log.2020-11-19 HTTP/1.1" 200 351 "-" "CCBot/2.0 (https://commoncrawl.org/faq/)" 
98.82.120.188 - - [11/Sep/2024:09:40:46 -0700] "GET /self.logs/error.log.2023-09-27 HTTP/1.1" 200 351 "-" "CCBot/2.0 (https://commoncrawl.org/faq/)" 
98.82.120.188 - - [11/Sep/2024:09:42:24 -0700] "GET /self.logs/error.log.2022-03-20 HTTP/1.1" 200 351 "-" "CCBot/2.0 (https://commoncrawl.org/faq/)" 
98.82.120.188 - - [11/Sep/2024:09:43:27 -0700] "GET /self.logs/error.log.2020-10-25 HTTP/1.1" 200 351 "-" "CCBot/2.0 (https://commoncrawl.org/faq/)" 
98.82.120.188 - - [11/Sep/2024:09:44:23 -0700] "GET /self.logs/error.log.2020-11-10 HTTP/1.1" 200 351 "-" "CCBot/2.0 (https://commoncrawl.org/faq/)" 
98.82.120.188 - - [11/Sep/2024:09:45:16 -0700] "GET /self.logs/error.log.2022-12-29 HTTP/1.1" 200 1505 "-" "CCBot/2.0 (https://commoncrawl.org/faq/)" 
98.82.120.188 - - [11/Sep/2024:09:46:19 -0700] "GET /self.logs/error.log.2020-04-20 HTTP/1.1" 200 351 "-" "CCBot/2.0 (https://commoncrawl.org/faq/)" 
140.207.74.164 - - [11/Sep/2024:09:47:29 -0700] "GET /auth.log/auth.log.gz HTTP/1.1" 200 615679 "-" "Mozilla/5.0 (Windows NT 10.0; WOW64) AppleWebKit/537.36 (KHTML, like Gecko) Chrome/86.0.4240.198 Safari/537.36" 
123.6.49.15 - - [11/Sep/2024:09:47:47 -0700] "GET /auth.log/auth.log.gz HTTP/1.1" 200 108040 "http://baidu.com/" "Mozilla/5.0 (Linux; Android 8.0; Pixel 2 Build/OPD3.170816.012) AppleWebKit/537.36 (KHTML, like Gecko) Chrome/87.0.4280.88 Mobile Safari/537.36" 
123.6.49.12 - - [11/Sep/2024:09:47:47 -0700] "GET /auth.log/auth.log.gz HTTP/1.1" 200 108040 "http://baidu.com/" "Mozilla/5.0 (Linux; Android 8.0; Pixel 2 Build/OPD3.170816.012) AppleWebKit/537.36 (KHTML, like Gecko) Chrome/87.0.4280.88 Mobile Safari/537.36" 
27.115.124.70 - - [11/Sep/2024:09:47:49 -0700] "GET / HTTP/1.1" 200 13187 "http://baidu.com/" "Mozilla/5.0 (Linux; Android 8.0; Pixel 2 Build/OPD3.170816.012) AppleWebKit/537.36 (KHTML, like Gecko) Chrome/87.0.4280.88 Mobile Safari/537.36" 
27.115.124.70 - - [11/Sep/2024:09:47:49 -0700] "GET /css/style.css HTTP/1.1" 404 305 "http://www.secrepo.com/" "Mozilla/5.0 (Linux; Android 8.0; Pixel 2 Build/OPD3.170816.012) AppleWebKit/537.36 (KHTML, like Gecko) Chrome/87.0.4280.88 Mobile Safari/537.36" 
98.82.120.188 - - [11/Sep/2024:09:48:02 -0700] "GET /self.logs/error.log.2022-09-11 HTTP/1.1" 200 351 "-" "CCBot/2.0 (https://commoncrawl.org/faq/)" 
98.82.120.188 - - [11/Sep/2024:09:48:14 -0700] "GET /self.logs/error.log.2020-07-30 HTTP/1.1" 200 351 "-" "CCBot/2.0 (https://commoncrawl.org/faq/)" 
98.82.120.188 - - [11/Sep/2024:09:49:13 -0700] "GET /self.logs/error.log.2020-11-04 HTTP/1.1" 200 351 "-" "CCBot/2.0 (https://commoncrawl.org/faq/)" 
98.82.120.188 - - [11/Sep/2024:09:49:44 -0700] "GET /self.logs/error.log.2020-09-03 HTTP/1.1" 200 351 "-" "CCBot/2.0 (https://commoncrawl.org/faq/)" 
98.82.120.188 - - [11/Sep/2024:09:51:58 -0700] "GET /self.logs/error.log.2020-07-01 HTTP/1.1" 200 351 "-" "CCBot/2.0 (https://commoncrawl.org/faq/)" 
98.82.120.188 - - [11/Sep/2024:09:52:40 -0700] "GET /self.logs/error.log.2020-11-27 HTTP/1.1" 200 4544 "-" "CCBot/2.0 (https://commoncrawl.org/faq/)" 
98.82.120.188 - - [11/Sep/2024:09:53:21 -0700] "GET /self.logs/error.log.2020-09-26 HTTP/1.1" 200 351 "-" "CCBot/2.0 (https://commoncrawl.org/faq/)" 
129.137.96.1 - - [11/Sep/2024:09:53:33 -0700] "GET / HTTP/1.1" 301 475 "-" "Mozilla/5.0 (Macintosh; Intel Mac OS X 10_15_7) AppleWebKit/605.1.15 (KHTML, like Gecko) Version/16.5 Safari/605.1.15" 
129.137.96.1 - - [11/Sep/2024:09:53:34 -0700] "GET / HTTP/1.1" 200 13187 "-" "Mozilla/5.0 (Macintosh; Intel Mac OS X 10_15_7) AppleWebKit/605.1.15 (KHTML, like Gecko) Version/16.5 Safari/605.1.15" 
129.137.96.1 - - [11/Sep/2024:09:53:34 -0700] "GET /css/style.css HTTP/1.1" 404 328 "http://www.secrepo.com/" "Mozilla/5.0 (Macintosh; Intel Mac OS X 10_15_7) AppleWebKit/605.1.15 (KHTML, like Gecko) Version/16.5 Safari/605.1.15" 
129.137.96.1 - - [11/Sep/2024:09:53:34 -0700] "GET /twitter-icon.png HTTP/1.1" 200 27916 "http://www.secrepo.com/" "Mozilla/5.0 (Macintosh; Intel Mac OS X 10_15_7) AppleWebKit/605.1.15 (KHTML, like Gecko) Version/16.5 Safari/605.1.15" 
129.137.96.1 - - [11/Sep/2024:09:53:34 -0700] "GET /GitHub-Mark.png HTTP/1.1" 200 7533 "http://www.secrepo.com/" "Mozilla/5.0 (Macintosh; Intel Mac OS X 10_15_7) AppleWebKit/605.1.15 (KHTML, like Gecko) Version/16.5 Safari/605.1.15" 
129.137.96.1 - - [11/Sep/2024:09:53:35 -0700] "GET /bootstrap/img/favicon.ico HTTP/1.1" 200 690 "http://www.secrepo.com/" "Mozilla/5.0 (Macintosh; Intel Mac OS X 10_15_7) AppleWebKit/605.1.15 (KHTML, like Gecko) Version/16.5 Safari/605.1.15" 
98.82.120.188 - - [11/Sep/2024:09:53:45 -0700] "GET /self.logs/error.log.2024-01-14 HTTP/1.1" 200 351 "-" "CCBot/2.0 (https://commoncrawl.org/faq/)" 
98.82.120.188 - - [11/Sep/2024:09:58:02 -0700] "GET /self.logs/error.log.2020-07-24 HTTP/1.1" 200 351 "-" "CCBot/2.0 (https://commoncrawl.org/faq/)" 
98.82.120.188 - - [11/Sep/2024:09:58:54 -0700] "GET /self.logs/error.log.2023-03-09 HTTP/1.1" 200 351 "-" "CCBot/2.0 (https://commoncrawl.org/faq/)" 
98.82.120.188 - - [11/Sep/2024:10:01:54 -0700] "GET /self.logs/error.log.2020-10-10 HTTP/1.1" 200 351 "-" "CCBot/2.0 (https://commoncrawl.org/faq/)" 
98.82.120.188 - - [11/Sep/2024:10:02:45 -0700] "GET /self.logs/error.log.2023-06-19 HTTP/1.1" 200 351 "-" "CCBot/2.0 (https://commoncrawl.org/faq/)" 
98.82.120.188 - - [11/Sep/2024:10:04:05 -0700] "GET /self.logs/error.log.2020-07-18 HTTP/1.1" 200 351 "-" "CCBot/2.0 (https://commoncrawl.org/faq/)" 
98.82.120.188 - - [11/Sep/2024:10:04:52 -0700] "GET /self.logs/error.log.2024-07-05 HTTP/1.1" 200 351 "-" "CCBot/2.0 (https://commoncrawl.org/faq/)" 
98.82.120.188 - - [11/Sep/2024:10:05:38 -0700] "GET /self.logs/error.log.2020-10-04 HTTP/1.1" 200 351 "-" "CCBot/2.0 (https://commoncrawl.org/faq/)" 
98.82.120.188 - - [11/Sep/2024:10:06:14 -0700] "GET /self.logs/error.log.2021-12-07 HTTP/1.1" 200 351 "-" "CCBot/2.0 (https://commoncrawl.org/faq/)" 
98.82.120.188 - - [11/Sep/2024:10:06:49 -0700] "GET /self.logs/?C=M;O=A HTTP/1.1" 200 54176 "-" "CCBot/2.0 (https://commoncrawl.org/faq/)" 
52.167.144.222 - - [11/Sep/2024:10:07:20 -0700] "GET /self.logs/error.log.2023-02-18.gz HTTP/1.1" 200 1091 "-" "Mozilla/5.0 AppleWebKit/537.36 (KHTML, like Gecko; compatible; bingbot/2.0; +http://www.bing.com/bingbot.htm) Chrome/116.0.1938.76 Safari/537.36" 
98.82.120.188 - - [11/Sep/2024:10:07:34 -0700] "GET /self.logs/error.log.2020-10-27 HTTP/1.1" 200 351 "-" "CCBot/2.0 (https://commoncrawl.org/faq/)" 
98.82.120.188 - - [11/Sep/2024:10:08:18 -0700] "GET /self.logs/error.log.2020-11-12 HTTP/1.1" 200 351 "-" "CCBot/2.0 (https://commoncrawl.org/faq/)" 
98.82.120.188 - - [11/Sep/2024:10:09:00 -0700] "GET /self.logs/error.log.2022-10-06 HTTP/1.1" 200 25215 "-" "CCBot/2.0 (https://commoncrawl.org/faq/)" 
98.82.120.188 - - [11/Sep/2024:10:09:48 -0700] "GET /self.logs/error.log.2020-04-22 HTTP/1.1" 200 351 "-" "CCBot/2.0 (https://commoncrawl.org/faq/)" 
52.167.144.222 - - [11/Sep/2024:10:10:28 -0700] "GET /self.logs/error.log.2022-09-11 HTTP/1.1" 200 307 "-" "Mozilla/5.0 AppleWebKit/537.36 (KHTML, like Gecko; compatible; bingbot/2.0; +http://www.bing.com/bingbot.htm) Chrome/116.0.1938.76 Safari/537.36" 
98.82.120.188 - - [11/Sep/2024:10:10:37 -0700] "GET /self.logs/error.log.2020-11-06 HTTP/1.1" 200 351 "-" "CCBot/2.0 (https://commoncrawl.org/faq/)" 
98.82.120.188 - - [11/Sep/2024:10:11:36 -0700] "GET /self.logs/error.log.2020-09-05 HTTP/1.1" 200 351 "-" "CCBot/2.0 (https://commoncrawl.org/faq/)" 
98.82.120.188 - - [11/Sep/2024:10:13:01 -0700] "GET /self.logs/error.log.2020-07-03 HTTP/1.1" 200 351 "-" "CCBot/2.0 (https://commoncrawl.org/faq/)" 
98.82.120.188 - - [11/Sep/2024:10:13:53 -0700] "GET /self.logs/error.log.2020-11-29 HTTP/1.1" 200 351 "-" "CCBot/2.0 (https://commoncrawl.org/faq/)" 
98.82.120.188 - - [11/Sep/2024:10:15:10 -0700] "GET /self.logs/error.log.2019-10-07 HTTP/1.1" 200 351 "-" "CCBot/2.0 (https://commoncrawl.org/faq/)" 
98.82.120.188 - - [11/Sep/2024:10:16:19 -0700] "GET /self.logs/error.log.2021-05-31 HTTP/1.1" 200 351 "-" "CCBot/2.0 (https://commoncrawl.org/faq/)" 
98.82.120.188 - - [11/Sep/2024:10:17:36 -0700] "GET /self.logs/error.log.2020-07-26 HTTP/1.1" 200 351 "-" "CCBot/2.0 (https://commoncrawl.org/faq/)" 
98.82.120.188 - - [11/Sep/2024:10:18:34 -0700] "GET /self.logs/error.log.2021-12-15 HTTP/1.1" 200 351 "-" "CCBot/2.0 (https://commoncrawl.org/faq/)" 
98.82.120.188 - - [11/Sep/2024:10:19:22 -0700] "GET /self.logs/error.log.2020-11-20 HTTP/1.1" 200 351 "-" "CCBot/2.0 (https://commoncrawl.org/faq/)" 
207.46.13.14 - - [11/Sep/2024:10:19:36 -0700] "GET /self.logs/access.log.2024-08-02.gz HTTP/1.1" 200 32074 "-" "Mozilla/5.0 AppleWebKit/537.36 (KHTML, like Gecko; compatible; bingbot/2.0; +http://www.bing.com/bingbot.htm) Chrome/116.0.1938.76 Safari/537.36" 
98.82.120.188 - - [11/Sep/2024:10:20:06 -0700] "GET /self.logs/error.log.2020-10-06 HTTP/1.1" 200 351 "-" "CCBot/2.0 (https://commoncrawl.org/faq/)" 
98.82.120.188 - - [11/Sep/2024:10:20:51 -0700] "GET /self.logs/error.log.2021-11-21 HTTP/1.1" 200 351 "-" "CCBot/2.0 (https://commoncrawl.org/faq/)" 
52.167.144.22 - - [11/Sep/2024:10:21:28 -0700] "GET /self.logs/access.log.2023-05-17.gz HTTP/1.1" 200 18778 "-" "Mozilla/5.0 AppleWebKit/537.36 (KHTML, like Gecko; compatible; bingbot/2.0; +http://www.bing.com/bingbot.htm) Chrome/116.0.1938.76 Safari/537.36" 
114.119.151.93 - - [11/Sep/2024:10:21:36 -0700] "GET /self.logs/error.log.2019-12-08 HTTP/1.1" 200 351 "http://www.secrepo.com/self.logs?C=N%3BO%3DD" "Mozilla/5.0 (Linux; Android 7.0;) AppleWebKit/537.36 (KHTML, like Gecko) Mobile Safari/537.36 (compatible; PetalBot;+https://webmaster.petalsearch.com/site/petalbot)" 
98.82.120.188 - - [11/Sep/2024:10:21:36 -0700] "GET /self.logs/error.log.2022-09-21 HTTP/1.1" 200 351 "-" "CCBot/2.0 (https://commoncrawl.org/faq/)" 
98.82.120.188 - - [11/Sep/2024:10:22:17 -0700] "GET /self.logs/error.log.2020-04-01 HTTP/1.1" 200 351 "-" "CCBot/2.0 (https://commoncrawl.org/faq/)" 
66.249.64.100 - - [11/Sep/2024:10:22:44 -0700] "GET / HTTP/1.1" 301 475 "-" "Mozilla/5.0 (compatible; Googlebot/2.1; +http://www.google.com/bot.html)" 
66.249.64.105 - - [11/Sep/2024:10:22:44 -0700] "GET / HTTP/1.1" 200 13186 "-" "Mozilla/5.0 (compatible; Googlebot/2.1; +http://www.google.com/bot.html)" 
66.249.64.104 - - [11/Sep/2024:10:22:46 -0700] "GET /css/style.css HTTP/1.1" 404 328 "http://www.secrepo.com/" "Mozilla/5.0 AppleWebKit/537.36 (KHTML, like Gecko; compatible; Googlebot/2.1; +http://www.google.com/bot.html) Chrome/128.0.6613.113 Safari/537.36" 
98.82.120.188 - - [11/Sep/2024:10:22:57 -0700] "GET /self.logs/error.log.2020-11-14 HTTP/1.1" 200 351 "-" "CCBot/2.0 (https://commoncrawl.org/faq/)" 
27.25.141.117 - - [11/Sep/2024:10:23:18 -0700] "GET /templates/default/images/loading.gif HTTP/1.1" 404 328 "http://www.secrepo.com" "Sogou web spider/3.0(+http://www.sogou.com/docs/help/webmasters.htm#07\xa1\xe5)" 
52.167.144.163 - - [11/Sep/2024:10:23:22 -0700] "GET /self.logs/error.log.2019-07-02.gz HTTP/1.1" 301 485 "-" "Mozilla/5.0 AppleWebKit/537.36 (KHTML, like Gecko; compatible; bingbot/2.0; +http://www.bing.com/bingbot.htm) Chrome/116.0.1938.76 Safari/537.36" 
98.82.120.188 - - [11/Sep/2024:10:23:40 -0700] "GET /self.logs/error.log.2020-09-13 HTTP/1.1" 200 351 "-" "CCBot/2.0 (https://commoncrawl.org/faq/)" 
98.82.120.188 - - [11/Sep/2024:10:24:25 -0700] "GET /self.logs/error.log.2020-07-11 HTTP/1.1" 200 351 "-" "CCBot/2.0 (https://commoncrawl.org/faq/)" 
98.82.120.188 - - [11/Sep/2024:10:25:07 -0700] "GET /self.logs/error.log.2020-11-08 HTTP/1.1" 200 351 "-" "CCBot/2.0 (https://commoncrawl.org/faq/)" 
98.82.120.188 - - [11/Sep/2024:10:26:29 -0700] "GET /self.logs/error.log.2020-09-07 HTTP/1.1" 200 351 "-" "CCBot/2.0 (https://commoncrawl.org/faq/)" 
98.82.120.188 - - [11/Sep/2024:10:27:09 -0700] "GET /self.logs/error.log.2021-12-23 HTTP/1.1" 200 351 "-" "CCBot/2.0 (https://commoncrawl.org/faq/)" 
98.82.120.188 - - [11/Sep/2024:10:27:48 -0700] "GET /self.logs/error.log.2020-07-05 HTTP/1.1" 200 351 "-" "CCBot/2.0 (https://commoncrawl.org/faq/)" 
98.82.120.188 - - [11/Sep/2024:10:28:28 -0700] "GET /self.logs/error.log.2020-04-18 HTTP/1.1" 200 351 "-" "CCBot/2.0 (https://commoncrawl.org/faq/)" 
98.82.120.188 - - [11/Sep/2024:10:29:06 -0700] "GET /self.logs/error.log.2021-08-20 HTTP/1.1" 200 351 "-" "CCBot/2.0 (https://commoncrawl.org/faq/)" 
98.82.120.188 - - [11/Sep/2024:10:29:47 -0700] "GET /self.logs/error.log.2020-07-28 HTTP/1.1" 200 351 "-" "CCBot/2.0 (https://commoncrawl.org/faq/)" 
98.82.120.188 - - [11/Sep/2024:10:30:27 -0700] "GET /self.logs/error.log.2020-10-14 HTTP/1.1" 200 351 "-" "CCBot/2.0 (https://commoncrawl.org/faq/)" 
98.82.120.188 - - [11/Sep/2024:10:31:06 -0700] "GET /self.logs/error.log.2021-08-14 HTTP/1.1" 200 351 "-" "CCBot/2.0 (https://commoncrawl.org/faq/)" 
98.82.120.188 - - [11/Sep/2024:10:31:43 -0700] "GET /self.logs/error.log.2020-11-22 HTTP/1.1" 200 351 "-" "CCBot/2.0 (https://commoncrawl.org/faq/)" 
98.82.120.188 - - [11/Sep/2024:10:32:21 -0700] "GET /self.logs/error.log.2020-10-08 HTTP/1.1" 200 351 "-" "CCBot/2.0 (https://commoncrawl.org/faq/)" 
98.82.120.188 - - [11/Sep/2024:10:34:12 -0700] "GET /self.logs/error.log.2022-09-23 HTTP/1.1" 200 351 "-" "CCBot/2.0 (https://commoncrawl.org/faq/)" 
98.82.120.188 - - [11/Sep/2024:10:34:49 -0700] "GET /self.logs/error.log.2020-04-03 HTTP/1.1" 200 351 "-" "CCBot/2.0 (https://commoncrawl.org/faq/)" 
98.82.120.188 - - [11/Sep/2024:10:35:27 -0700] "GET /self.logs/error.log.2020-11-16 HTTP/1.1" 200 351 "-" "CCBot/2.0 (https://commoncrawl.org/faq/)" 
98.82.120.188 - - [11/Sep/2024:10:36:04 -0700] "GET /self.logs/error.log.2020-09-15 HTTP/1.1" 200 351 "-" "CCBot/2.0 (https://commoncrawl.org/faq/)" 
98.82.120.188 - - [11/Sep/2024:10:36:42 -0700] "GET /self.logs/error.log.2021-11-17 HTTP/1.1" 200 10068 "-" "CCBot/2.0 (https://commoncrawl.org/faq/)" 
98.82.120.188 - - [11/Sep/2024:10:37:19 -0700] "GET /self.logs/error.log.2020-07-13 HTTP/1.1" 200 351 "-" "CCBot/2.0 (https://commoncrawl.org/faq/)" 
98.82.120.188 - - [11/Sep/2024:10:38:30 -0700] "GET /self.logs/error.log.2020-09-09 HTTP/1.1" 200 351 "-" "CCBot/2.0 (https://commoncrawl.org/faq/)" 
66.249.83.102 - - [11/Sep/2024:10:38:40 -0700] "GET / HTTP/1.1" 200 13186 "http://www.google.com/search" "Mozilla/5.0 (X11; Linux x86_64)  AppleWebKit/537.36 (KHTML, like Gecko; Google Web Preview)  Chrome/128.0.6613.113 Safari/537.36" 
66.249.83.101 - - [11/Sep/2024:10:38:40 -0700] "GET /twitter-icon.png HTTP/1.1" 200 27916 "http://www.secrepo.com/" "Mozilla/5.0 (X11; Linux x86_64)  AppleWebKit/537.36 (KHTML, like Gecko; Google Web Preview)  Chrome/128.0.6613.113 Safari/537.36" 
66.249.83.101 - - [11/Sep/2024:10:38:40 -0700] "GET /css/style.css HTTP/1.1" 404 328 "http://www.secrepo.com/" "Mozilla/5.0 (X11; Linux x86_64)  AppleWebKit/537.36 (KHTML, like Gecko; Google Web Preview)  Chrome/128.0.6613.113 Safari/537.36" 
66.249.83.101 - - [11/Sep/2024:10:38:40 -0700] "GET /GitHub-Mark.png HTTP/1.1" 200 7556 "http://www.secrepo.com/" "Mozilla/5.0 (X11; Linux x86_64)  AppleWebKit/537.36 (KHTML, like Gecko; Google Web Preview)  Chrome/128.0.6613.113 Safari/537.36" 
98.82.120.188 - - [11/Sep/2024:10:39:06 -0700] "GET /self.logs/error.log.2021-05-12 HTTP/1.1" 200 351 "-" "CCBot/2.0 (https://commoncrawl.org/faq/)" 
98.82.120.188 - - [11/Sep/2024:10:42:51 -0700] "GET /self.logs/error.log.2020-11-01 HTTP/1.1" 200 351 "-" "CCBot/2.0 (https://commoncrawl.org/faq/)" 
98.82.120.188 - - [11/Sep/2024:10:44:43 -0700] "GET /self.logs/error.log.2020-11-24 HTTP/1.1" 200 4548 "-" "CCBot/2.0 (https://commoncrawl.org/faq/)" 
98.82.120.188 - - [11/Sep/2024:10:45:16 -0700] "GET /self.logs/error.log.2022-03-05 HTTP/1.1" 200 351 "-" "CCBot/2.0 (https://commoncrawl.org/faq/)" 
98.82.120.188 - - [11/Sep/2024:10:46:27 -0700] "GET /self.logs/error.log.2020-09-23 HTTP/1.1" 200 351 "-" "CCBot/2.0 (https://commoncrawl.org/faq/)" 
98.82.120.188 - - [11/Sep/2024:10:47:02 -0700] "GET /self.logs/error.log.2020-07-21 HTTP/1.1" 200 351 "-" "CCBot/2.0 (https://commoncrawl.org/faq/)" 
102.129.153.229 - - [11/Sep/2024:10:47:30 -0700] "GET / HTTP/1.1" 200 13186 "-" "Mozilla/5.0 (Windows; U; Windows NT 6.1; en-US; rv:1.9.1.5) Gecko/20091102 Firefox/3.5.5 (.NET CLR 3.5.30729)" 
98.82.120.188 - - [11/Sep/2024:10:47:38 -0700] "GET /self.logs/error.log.2021-12-10 HTTP/1.1" 200 351 "-" "CCBot/2.0 (https://commoncrawl.org/faq/)" 
98.82.120.188 - - [11/Sep/2024:10:48:15 -0700] "GET /self.logs/?C=D;O=A HTTP/1.1" 200 52002 "-" "CCBot/2.0 (https://commoncrawl.org/faq/)" 
98.82.120.188 - - [11/Sep/2024:10:48:49 -0700] "GET /self.logs/error.log.2020-11-18 HTTP/1.1" 200 351 "-" "CCBot/2.0 (https://commoncrawl.org/faq/)" 
98.82.120.188 - - [11/Sep/2024:10:49:24 -0700] "GET /self.logs/error.log.2020-10-30 HTTP/1.1" 200 4346 "-" "CCBot/2.0 (https://commoncrawl.org/faq/)" 
98.82.120.188 - - [11/Sep/2024:10:49:59 -0700] "GET /self.logs/error.log.2020-09-17 HTTP/1.1" 200 351 "-" "CCBot/2.0 (https://commoncrawl.org/faq/)" 
98.82.120.188 - - [11/Sep/2024:10:50:33 -0700] "GET /self.logs/error.log.2021-11-19 HTTP/1.1" 200 351 "-" "CCBot/2.0 (https://commoncrawl.org/faq/)" 
98.82.120.188 - - [11/Sep/2024:10:51:05 -0700] "GET /self.logs/error.log.2020-10-01 HTTP/1.1" 200 351 "-" "CCBot/2.0 (https://commoncrawl.org/faq/)" 
98.82.120.188 - - [11/Sep/2024:10:51:37 -0700] "GET /self.logs/error.log.2021-12-04 HTTP/1.1" 200 351 "-" "CCBot/2.0 (https://commoncrawl.org/faq/)" 
98.82.120.188 - - [11/Sep/2024:10:52:07 -0700] "GET /self.logs/error.log.2020-10-24 HTTP/1.1" 200 351 "-" "CCBot/2.0 (https://commoncrawl.org/faq/)" 
98.82.120.188 - - [11/Sep/2024:10:52:39 -0700] "GET /self.logs/error.log.2021-12-27 HTTP/1.1" 200 18380 "-" "CCBot/2.0 (https://commoncrawl.org/faq/)" 
65.108.0.71 - - [11/Sep/2024:10:53:50 -0700] "GET /robots.txt HTTP/1.1" 301 458 "-" "Mozilla/5.0 (compatible; MJ12bot/v1.4.8; http://mj12bot.com/)" 
40.77.167.121 - - [11/Sep/2024:10:53:51 -0700] "GET /self.logs/error.log.2017-02-28.gz HTTP/1.1" 200 872 "-" "Mozilla/5.0 AppleWebKit/537.36 (KHTML, like Gecko; compatible; bingbot/2.0; +http://www.bing.com/bingbot.htm) Chrome/116.0.1938.76 Safari/537.36" 
65.108.0.71 - - [11/Sep/2024:10:53:51 -0700] "GET /robots.txt HTTP/1.1" 200 340 "-" "Mozilla/5.0 (compatible; MJ12bot/v1.4.8; http://mj12bot.com/)" 
65.108.0.71 - - [11/Sep/2024:10:53:53 -0700] "GET /%C2%A0%C2%A0 HTTP/1.1" 301 446 "-" "Mozilla/5.0 (compatible; MJ12bot/v1.4.8; http://mj12bot.com/)" 
65.108.0.71 - - [11/Sep/2024:10:53:54 -0700] "GET /%C3%82%C2%A0%C3%82 HTTP/1.1" 404 291 "-" "Mozilla/5.0 (compatible; MJ12bot/v1.4.8; http://mj12bot.com/)" 
65.108.0.71 - - [11/Sep/2024:10:53:56 -0700] "GET /honeypot//%22http://amunhoney.sourceforge.net//%22 HTTP/1.1" 404 291 "-" "Mozilla/5.0 (compatible; MJ12bot/v1.4.8; http://mj12bot.com/)" 
65.108.0.71 - - [11/Sep/2024:10:54:00 -0700] "GET /honeypot//%22http://glastopf.org//%22 HTTP/1.1" 404 291 "-" "Mozilla/5.0 (compatible; MJ12bot/v1.4.8; http://mj12bot.com/)" 
65.108.0.71 - - [11/Sep/2024:10:54:04 -0700] "GET /honeypot//%22http://www.maxmind.com/%22 HTTP/1.1" 404 291 "-" "Mozilla/5.0 (compatible; MJ12bot/v1.4.8; http://mj12bot.com/)" 
65.108.0.71 - - [11/Sep/2024:10:54:07 -0700] "GET /honeypot//%22https://twitter.com/sooshie/%22 HTTP/1.1" 404 291 "-" "Mozilla/5.0 (compatible; MJ12bot/v1.4.8; http://mj12bot.com/)" 
65.108.0.71 - - [11/Sep/2024:10:54:11 -0700] "GET /honeypot//%22https://twitter.com/theroxyd/%22 HTTP/1.1" 404 291 "-" "Mozilla/5.0 (compatible; MJ12bot/v1.4.8; http://mj12bot.com/)" 
65.108.0.71 - - [11/Sep/2024:10:54:14 -0700] "GET /self.logs/ HTTP/1.1" 200 51965 "-" "Mozilla/5.0 (compatible; MJ12bot/v1.4.8; http://mj12bot.com/)" 
65.108.0.71 - - [11/Sep/2024:10:54:20 -0700] "GET /%C2%A0 HTTP/1.1" 404 291 "-" "Mozilla/5.0 (compatible; MJ12bot/v1.4.8; http://mj12bot.com/)" 
65.108.0.71 - - [11/Sep/2024:10:54:23 -0700] "GET / HTTP/1.1" 200 13149 "-" "Mozilla/5.0 (compatible; MJ12bot/v1.4.8; http://mj12bot.com/)" 
98.82.120.188 - - [11/Sep/2024:10:55:44 -0700] "GET /self.logs/error.log.2020-10-18 HTTP/1.1" 200 351 "-" "CCBot/2.0 (https://commoncrawl.org/faq/)" 
98.82.120.188 - - [11/Sep/2024:10:56:40 -0700] "GET /self.logs/error.log.2020-11-03 HTTP/1.1" 200 351 "-" "CCBot/2.0 (https://commoncrawl.org/faq/)" 
98.82.120.188 - - [11/Sep/2024:10:57:13 -0700] "GET /self.logs/error.log.2020-09-02 HTTP/1.1" 200 935 "-" "CCBot/2.0 (https://commoncrawl.org/faq/)" 
98.82.120.188 - - [11/Sep/2024:11:01:54 -0700] "GET /self.logs/error.log.2020-09-19 HTTP/1.1" 200 351 "-" "CCBot/2.0 (https://commoncrawl.org/faq/)" 
114.119.157.43 - - [11/Sep/2024:11:14:16 -0700] "GET /self.logs/error.log.2020-06-09 HTTP/1.1" 200 351 "http://www.secrepo.com/self.logs?C=N%3BO%3DD" "Mozilla/5.0 (Linux; Android 7.0;) AppleWebKit/537.36 (KHTML, like Gecko) Mobile Safari/537.36 (compatible; PetalBot;+https://webmaster.petalsearch.com/site/petalbot)" 
69.171.230.24 - - [11/Sep/2024:11:18:45 -0700] "GET /Datasets%20Description/Network/smtp.html HTTP/1.1" 200 5829 "-" "facebookexternalhit/1.1 (+http://www.facebook.com/externalhit_uatext.php)" 
114.119.153.152 - - [11/Sep/2024:11:19:17 -0700] "GET /self.logs/error.log.2020-01-07 HTTP/1.1" 200 351 "http://www.secrepo.com/self.logs?C=N%3BO%3DD" "Mozilla/5.0 (Linux; Android 7.0;) AppleWebKit/537.36 (KHTML, like Gecko) Mobile Safari/537.36 (compatible; PetalBot;+https://webmaster.petalsearch.com/site/petalbot)" 
52.167.144.225 - - [11/Sep/2024:11:21:45 -0700] "GET /self.logs/access.log.2022-03-15.gz HTTP/1.1" 200 13233 "-" "Mozilla/5.0 AppleWebKit/537.36 (KHTML, like Gecko; compatible; bingbot/2.0; +http://www.bing.com/bingbot.htm) Chrome/116.0.1938.76 Safari/537.36" 
57.141.7.29 - - [11/Sep/2024:11:23:57 -0700] "GET /Datasets%20Description/HTML_Bro_log_1/ftp.html HTTP/1.1" 429 486 "-" "meta-externalagent/1.1 (+https://developers.facebook.com/docs/sharing/webmasters/crawler)" 
52.167.144.140 - - [11/Sep/2024:11:26:52 -0700] "GET /self.logs/2015/error.log.2015-12-19.gz HTTP/1.1" 200 976 "-" "Mozilla/5.0 AppleWebKit/537.36 (KHTML, like Gecko; compatible; bingbot/2.0; +http://www.bing.com/bingbot.htm) Chrome/116.0.1938.76 Safari/537.36" 
121.229.156.80 - - [11/Sep/2024:11:29:22 -0700] "GET /robots.txt HTTP/1.1" 200 340 "-" "Sogou web spider/4.0(+http://www.sogou.com/docs/help/webmasters.htm#07)" 
52.167.144.222 - - [11/Sep/2024:11:43:33 -0700] "GET /self.logs/error.log.2023-01-25 HTTP/1.1" 200 1047 "-" "Mozilla/5.0 AppleWebKit/537.36 (KHTML, like Gecko; compatible; bingbot/2.0; +http://www.bing.com/bingbot.htm) Chrome/116.0.1938.76 Safari/537.36" 
27.25.141.117 - - [11/Sep/2024:11:44:50 -0700] "GET / HTTP/1.1" 200 49133 "http://www.secrepo.com" "Mozilla/5.0 (compatible; iaskspider/1.0; MSIE 6.0)" 
114.119.150.86 - - [11/Sep/2024:11:48:01 -0700] "GET /self.logs/error.log.2021-01-04 HTTP/1.1" 200 351 "http://www.secrepo.com/self.logs?C=N%3BO%3DD" "Mozilla/5.0 (Linux; Android 7.0;) AppleWebKit/537.36 (KHTML, like Gecko) Mobile Safari/537.36 (compatible; PetalBot;+https://webmaster.petalsearch.com/site/petalbot)" 
52.167.144.192 - - [11/Sep/2024:11:51:24 -0700] "GET /self.logs/access.log.2019-09-28.gz HTTP/1.1" 200 24301 "-" "Mozilla/5.0 AppleWebKit/537.36 (KHTML, like Gecko; compatible; bingbot/2.0; +http://www.bing.com/bingbot.htm) Chrome/116.0.1938.76 Safari/537.36" 
205.169.39.19 - - [11/Sep/2024:11:52:32 -0700] "GET / HTTP/1.1" 200 13142 "-" "Mozilla/5.0 (Windows NT 10.0) AppleWebKit/537.36 (KHTML, like Gecko) Chrome/106.0.0.0 Safari/537.36" 
114.119.157.43 - - [11/Sep/2024:11:53:02 -0700] "GET /self.logs/error.log.2020-11-28 HTTP/1.1" 200 351 "http://www.secrepo.com/self.logs?C=N%3BO%3DD" "Mozilla/5.0 (Linux; Android 7.0;) AppleWebKit/537.36 (KHTML, like Gecko) Mobile Safari/537.36 (compatible; PetalBot;+https://webmaster.petalsearch.com/site/petalbot)" 
69.171.249.114 - - [11/Sep/2024:11:55:39 -0700] "GET /self.logs/?C=S;O=D HTTP/1.1" 200 524460 "-" "facebookexternalhit/1.1 (+http://www.facebook.com/externalhit_uatext.php)" 
138.68.164.240 - - [11/Sep/2024:11:56:12 -0700] "POST /wp-content/plugins/backup-backup/includes/backup-heart.php HTTP/1.1" 301 591 "-" "Mozilla/5.0 (Windows NT 10.0; Win64; x64) AppleWebKit/537.36 (KHTML, like Gecko) Chrome/90.0.4430.85 Safari/537.36" 
138.68.164.240 - - [11/Sep/2024:11:56:13 -0700] "GET /wp-content/plugins/backup-backup/includes/backup-heart.php HTTP/1.1" 404 328 "-" "Mozilla/5.0 (Windows NT 10.0; Win64; x64) AppleWebKit/537.36 (KHTML, like Gecko) Chrome/90.0.4430.85 Safari/537.36" 
138.68.164.240 - - [11/Sep/2024:11:56:13 -0700] "POST /wp-content/plugins/backup-backup/includes/backup-heart.php HTTP/1.1" 301 591 "-" "Mozilla/5.0 (Windows NT 10.0; Win64; x64) AppleWebKit/537.36 (KHTML, like Gecko) Chrome/90.0.4430.85 Safari/537.36" 
138.68.164.240 - - [11/Sep/2024:11:56:13 -0700] "GET /wp-content/plugins/backup-backup/includes/backup-heart.php HTTP/1.1" 404 328 "-" "Mozilla/5.0 (Windows NT 10.0; Win64; x64) AppleWebKit/537.36 (KHTML, like Gecko) Chrome/90.0.4430.85 Safari/537.36" 
83.97.73.239 - - [11/Sep/2024:11:56:40 -0700] "GET / HTTP/1.0" 301 438 "http://secrepo.com/" "Mozilla/5.0 (Windows NT 10.0; Win64; x64) AppleWebKit/537.36 (KHTML, like Gecko) Chrome/121.0.0.0 Safari/537.36" 
83.97.73.239 - - [11/Sep/2024:11:56:40 -0700] "GET / HTTP/1.0" 429 449 "http://www.secrepo.com/" "Mozilla/5.0 (Windows NT 10.0; Win64; x64) AppleWebKit/537.36 (KHTML, like Gecko) Chrome/121.0.0.0 Safari/537.36" 
114.119.141.178 - - [11/Sep/2024:11:58:04 -0700] "GET /self.logs/error.log.2020-07-02 HTTP/1.1" 200 351 "http://www.secrepo.com/self.logs?C=N%3BO%3DD" "Mozilla/5.0 (Linux; Android 7.0;) AppleWebKit/537.36 (KHTML, like Gecko) Mobile Safari/537.36 (compatible; PetalBot;+https://webmaster.petalsearch.com/site/petalbot)" 
114.119.130.154 - - [11/Sep/2024:12:03:03 -0700] "GET /self.logs/error.log.2020-06-05 HTTP/1.1" 200 351 "http://www.secrepo.com/self.logs?C=N%3BO%3DD" "Mozilla/5.0 (Linux; Android 7.0;) AppleWebKit/537.36 (KHTML, like Gecko) Mobile Safari/537.36 (compatible; PetalBot;+https://webmaster.petalsearch.com/site/petalbot)" 
114.119.136.30 - - [11/Sep/2024:12:08:03 -0700] "GET /self.logs/?C=M%3BO%3DA HTTP/1.1" 200 52002 "http://www.secrepo.com/self.logs/?C=N%3BO%3DD" "Mozilla/5.0 (Linux; Android 7.0;) AppleWebKit/537.36 (KHTML, like Gecko) Mobile Safari/537.36 (compatible; PetalBot;+https://webmaster.petalsearch.com/site/petalbot)" 
57.141.7.17 - - [11/Sep/2024:12:08:18 -0700] "GET /self.logs/error.log.2020-03-15 HTTP/1.1" 429 486 "-" "meta-externalagent/1.1 (+https://developers.facebook.com/docs/sharing/webmasters/crawler)" 
66.220.149.50 - - [11/Sep/2024:12:09:13 -0700] "GET /Datasets%20Description/HTML_Bro_log_2/app_stats.html HTTP/1.1" 200 3981 "-" "facebookexternalhit/1.1 (+http://www.facebook.com/externalhit_uatext.php)" 
35.86.185.158 - - [11/Sep/2024:12:13:06 -0700] "GET /robots.txt HTTP/1.1" 200 333 "-" "Mozilla/5.0 (compatible; wpbot/1.1; +https://forms.gle/ajBaxygz9jSR8p8G9)" 
35.86.185.158 - - [11/Sep/2024:12:13:06 -0700] "GET / HTTP/1.1" 200 13108 "-" "Mozilla/5.0 (compatible; wpbot/1.1; +https://forms.gle/ajBaxygz9jSR8p8G9)" 
57.141.7.29 - - [11/Sep/2024:12:19:47 -0700] "GET /Datasets%20Description/Network/dhcp.html HTTP/1.1" 429 486 "-" "facebookexternalhit/1.1 (+http://www.facebook.com/externalhit_uatext.php)" 
40.77.167.14 - - [11/Sep/2024:12:25:13 -0700] "GET /maccdc2012/signatures.log.gz HTTP/1.1" 200 624 "-" "Mozilla/5.0 AppleWebKit/537.36 (KHTML, like Gecko; compatible; bingbot/2.0; +http://www.bing.com/bingbot.htm) Chrome/116.0.1938.76 Safari/537.36" 
57.141.7.8 - - [11/Sep/2024:12:27:42 -0700] "GET /self.logs/error.log.2020-03-15 HTTP/1.1" 429 486 "-" "meta-externalagent/1.1 (+https://developers.facebook.com/docs/sharing/webmasters/crawler)" 
40.77.167.14 - - [11/Sep/2024:12:28:45 -0700] "GET /self.logs/error.log.2022-11-25.gz HTTP/1.1" 200 2129 "-" "Mozilla/5.0 AppleWebKit/537.36 (KHTML, like Gecko; compatible; bingbot/2.0; +http://www.bing.com/bingbot.htm) Chrome/116.0.1938.76 Safari/537.36" 
119.42.145.114 - - [11/Sep/2024:12:28:54 -0700] "GET /admin.php?m=classify&a=edit_save HTTP/1.1" 429 476 "-" "Mozilla/5.0 (Windows NT 10.0; WOW64; rv:48.0) Gecko/20100101 Firefox/48.0" 
157.55.39.204 - - [11/Sep/2024:12:29:07 -0700] "GET /self.logs/access.log.2021-03-11.gz HTTP/1.1" 200 25987 "-" "Mozilla/5.0 AppleWebKit/537.36 (KHTML, like Gecko; compatible; bingbot/2.0; +http://www.bing.com/bingbot.htm) Chrome/116.0.1938.76 Safari/537.36" 
77.75.79.32 - - [11/Sep/2024:12:30:55 -0700] "GET /robots.txt HTTP/1.1" 200 377 "-" "Mozilla/5.0 (compatible; SeznamBot/4.0; +http://napoveda.seznam.cz/seznambot-intro/)" 
77.75.79.32 - - [11/Sep/2024:12:30:55 -0700] "GET /self.logs/ HTTP/1.1" 200 52002 "-" "Mozilla/5.0 (compatible; SeznamBot/4.0; +http://napoveda.seznam.cz/seznambot-intro/)" 
149.28.252.197 - - [11/Sep/2024:12:31:46 -0700] "HEAD /wordpress HTTP/1.1" 301 176 "-" "Mozilla/5.0 (Windows NT 10.0; Win64; x64) AppleWebKit/537.36 (KHTML, like Gecko) Chrome/74.0.3729.169 Safari/537.36" 
149.28.252.197 - - [11/Sep/2024:12:31:47 -0700] "HEAD /wordpress HTTP/1.1" 429 182 "http://secrepo.com/wordpress" "Mozilla/5.0 (Windows NT 10.0; Win64; x64) AppleWebKit/537.36 (KHTML, like Gecko) Chrome/74.0.3729.169 Safari/537.36" 
149.28.252.197 - - [11/Sep/2024:12:31:47 -0700] "HEAD / HTTP/1.1" 301 167 "-" "Mozilla/5.0 (Windows NT 10.0; Win64; x64) AppleWebKit/537.36 (KHTML, like Gecko) Chrome/74.0.3729.169 Safari/537.36" 
149.28.252.197 - - [11/Sep/2024:12:31:47 -0700] "HEAD / HTTP/1.1" 429 182 "http://secrepo.com/" "Mozilla/5.0 (Windows NT 10.0; Win64; x64) AppleWebKit/537.36 (KHTML, like Gecko) Chrome/74.0.3729.169 Safari/537.36" 
149.28.252.197 - - [11/Sep/2024:12:31:47 -0700] "HEAD /wp HTTP/1.1" 301 169 "-" "Mozilla/5.0 (Windows NT 10.0; Win64; x64) AppleWebKit/537.36 (KHTML, like Gecko) Chrome/74.0.3729.169 Safari/537.36" 
149.28.252.197 - - [11/Sep/2024:12:31:47 -0700] "HEAD /wp HTTP/1.1" 429 182 "http://secrepo.com/wp" "Mozilla/5.0 (Windows NT 10.0; Win64; x64) AppleWebKit/537.36 (KHTML, like Gecko) Chrome/74.0.3729.169 Safari/537.36" 
149.28.252.197 - - [11/Sep/2024:12:31:47 -0700] "HEAD /bc HTTP/1.1" 301 169 "-" "Mozilla/5.0 (Windows NT 10.0; Win64; x64) AppleWebKit/537.36 (KHTML, like Gecko) Chrome/74.0.3729.169 Safari/537.36" 
149.28.252.197 - - [11/Sep/2024:12:31:47 -0700] "HEAD /bc HTTP/1.1" 429 182 "http://secrepo.com/bc" "Mozilla/5.0 (Windows NT 10.0; Win64; x64) AppleWebKit/537.36 (KHTML, like Gecko) Chrome/74.0.3729.169 Safari/537.36" 
149.28.252.197 - - [11/Sep/2024:12:31:47 -0700] "HEAD /bk HTTP/1.1" 301 169 "-" "Mozilla/5.0 (Windows NT 10.0; Win64; x64) AppleWebKit/537.36 (KHTML, like Gecko) Chrome/74.0.3729.169 Safari/537.36" 
149.28.252.197 - - [11/Sep/2024:12:31:48 -0700] "HEAD /bk HTTP/1.1" 429 182 "http://secrepo.com/bk" "Mozilla/5.0 (Windows NT 10.0; Win64; x64) AppleWebKit/537.36 (KHTML, like Gecko) Chrome/74.0.3729.169 Safari/537.36" 
149.28.252.197 - - [11/Sep/2024:12:31:48 -0700] "HEAD /backup HTTP/1.1" 301 173 "-" "Mozilla/5.0 (Windows NT 10.0; Win64; x64) AppleWebKit/537.36 (KHTML, like Gecko) Chrome/74.0.3729.169 Safari/537.36" 
149.28.252.197 - - [11/Sep/2024:12:31:48 -0700] "HEAD /backup HTTP/1.1" 429 182 "http://secrepo.com/backup" "Mozilla/5.0 (Windows NT 10.0; Win64; x64) AppleWebKit/537.36 (KHTML, like Gecko) Chrome/74.0.3729.169 Safari/537.36" 
149.28.252.197 - - [11/Sep/2024:12:31:48 -0700] "HEAD /old HTTP/1.1" 301 170 "-" "Mozilla/5.0 (Windows NT 10.0; Win64; x64) AppleWebKit/537.36 (KHTML, like Gecko) Chrome/74.0.3729.169 Safari/537.36" 
149.28.252.197 - - [11/Sep/2024:12:31:48 -0700] "HEAD /old HTTP/1.1" 429 182 "http://secrepo.com/old" "Mozilla/5.0 (Windows NT 10.0; Win64; x64) AppleWebKit/537.36 (KHTML, like Gecko) Chrome/74.0.3729.169 Safari/537.36" 
149.28.252.197 - - [11/Sep/2024:12:31:48 -0700] "HEAD /new HTTP/1.1" 301 170 "-" "Mozilla/5.0 (Windows NT 10.0; Win64; x64) AppleWebKit/537.36 (KHTML, like Gecko) Chrome/74.0.3729.169 Safari/537.36" 
149.28.252.197 - - [11/Sep/2024:12:31:48 -0700] "HEAD /new HTTP/1.1" 429 182 "http://secrepo.com/new" "Mozilla/5.0 (Windows NT 10.0; Win64; x64) AppleWebKit/537.36 (KHTML, like Gecko) Chrome/74.0.3729.169 Safari/537.36" 
149.28.252.197 - - [11/Sep/2024:12:31:49 -0700] "HEAD /main HTTP/1.1" 301 171 "-" "Mozilla/5.0 (Windows NT 10.0; Win64; x64) AppleWebKit/537.36 (KHTML, like Gecko) Chrome/74.0.3729.169 Safari/537.36" 
149.28.252.197 - - [11/Sep/2024:12:31:49 -0700] "HEAD /main HTTP/1.1" 429 182 "http://secrepo.com/main" "Mozilla/5.0 (Windows NT 10.0; Win64; x64) AppleWebKit/537.36 (KHTML, like Gecko) Chrome/74.0.3729.169 Safari/537.36" 
149.28.252.197 - - [11/Sep/2024:12:31:49 -0700] "HEAD /home HTTP/1.1" 301 171 "-" "Mozilla/5.0 (Windows NT 10.0; Win64; x64) AppleWebKit/537.36 (KHTML, like Gecko) Chrome/74.0.3729.169 Safari/537.36" 
149.28.252.197 - - [11/Sep/2024:12:31:49 -0700] "HEAD /home HTTP/1.1" 429 182 "http://secrepo.com/home" "Mozilla/5.0 (Windows NT 10.0; Win64; x64) AppleWebKit/537.36 (KHTML, like Gecko) Chrome/74.0.3729.169 Safari/537.36" 
119.42.145.98 - - [11/Sep/2024:12:32:31 -0700] "GET /install/index.asp HTTP/1.1" 429 486 "-" "Mozilla/5.0 (Windows NT 10.0; WOW64; rv:48.0) Gecko/20100101 Firefox/48.0" 
66.249.64.100 - - [11/Sep/2024:12:36:31 -0700] "GET / HTTP/1.1" 301 475 "-" "Mozilla/5.0 (compatible; Googlebot/2.1; +http://www.google.com/bot.html)" 
66.249.64.103 - - [11/Sep/2024:12:36:31 -0700] "GET /robots.txt HTTP/1.1" 200 377 "-" "Mozilla/5.0 (compatible; Googlebot/2.1; +http://www.google.com/bot.html)" 
66.249.64.103 - - [11/Sep/2024:12:36:31 -0700] "GET / HTTP/1.1" 200 13163 "-" "Mozilla/5.0 (compatible; Googlebot/2.1; +http://www.google.com/bot.html)" 
103.24.219.120 - - [11/Sep/2024:12:37:05 -0700] "GET /e/data/js/ajax.js HTTP/1.1" 301 509 "-" "Mozilla/5.0 (Windows NT 10.0; WOW64; rv:48.0) Gecko/20100101 Firefox/48.0" 
103.24.219.120 - - [11/Sep/2024:12:37:05 -0700] "GET /e/data/js/ajax.js HTTP/1.1" 404 328 "-" "Mozilla/5.0 (Windows NT 10.0; WOW64; rv:48.0) Gecko/20100101 Firefox/48.0" 
69.171.230.7 - - [11/Sep/2024:12:38:07 -0700] "GET /self.logs/error.log.2020-03-15 HTTP/1.1" 200 1349 "-" "meta-externalagent/1.1 (+https://developers.facebook.com/docs/sharing/webmasters/crawler)" 
66.249.64.101 - - [11/Sep/2024:12:38:29 -0700] "GET / HTTP/1.1" 301 475 "-" "Mozilla/5.0 (compatible; Googlebot/2.1; +http://www.google.com/bot.html)" 
66.249.64.103 - - [11/Sep/2024:12:38:29 -0700] "GET / HTTP/1.1" 200 13186 "-" "Mozilla/5.0 (compatible; Googlebot/2.1; +http://www.google.com/bot.html)" 
66.249.64.101 - - [11/Sep/2024:12:38:29 -0700] "GET / HTTP/1.1" 301 474 "-" "Mozilla/5.0 (Linux; Android 6.0.1; Nexus 5X Build/MMB29P) AppleWebKit/537.36 (KHTML, like Gecko) Chrome/128.0.6613.119 Mobile Safari/537.36 (compatible; Googlebot/2.1; +http://www.google.com/bot.html)" 
66.249.64.104 - - [11/Sep/2024:12:38:30 -0700] "GET / HTTP/1.1" 200 13186 "-" "Mozilla/5.0 (Linux; Android 6.0.1; Nexus 5X Build/MMB29P) AppleWebKit/537.36 (KHTML, like Gecko) Chrome/128.0.6613.119 Mobile Safari/537.36 (compatible; Googlebot/2.1; +http://www.google.com/bot.html)" 
66.249.64.104 - - [11/Sep/2024:12:38:31 -0700] "GET /css/style.css HTTP/1.1" 404 328 "http://www.secrepo.com/" "Mozilla/5.0 (Linux; Android 6.0.1; Nexus 5X Build/MMB29P) AppleWebKit/537.36 (KHTML, like Gecko) Chrome/128.0.6613.113 Mobile Safari/537.36 (compatible; Googlebot/2.1; +http://www.google.com/bot.html)" 
66.249.64.103 - - [11/Sep/2024:12:38:32 -0700] "GET /css/style.css HTTP/1.1" 404 328 "http://www.secrepo.com/" "Mozilla/5.0 (Linux; Android 6.0.1; Nexus 5X Build/MMB29P) AppleWebKit/537.36 (KHTML, like Gecko) Chrome/128.0.6613.113 Mobile Safari/537.36 (compatible; Googlebot/2.1; +http://www.google.com/bot.html)" 
66.249.64.104 - - [11/Sep/2024:12:38:33 -0700] "GET /css/style.css HTTP/1.1" 404 305 "http://www.secrepo.com/" "Mozilla/5.0 AppleWebKit/537.36 (KHTML, like Gecko; compatible; Googlebot/2.1; +http://www.google.com/bot.html) Chrome/128.0.6613.113 Safari/537.36" 
35.88.169.59 - - [11/Sep/2024:12:56:56 -0700] "GET /robots.txt HTTP/1.1" 200 377 "-" "Mozilla/5.0 (iPhone; CPU iPhone OS 9_1_8; like Mac OS X) AppleWebKit/600.17 (KHTML, like Gecko) Chrome/54.0.1639.371 Mobile Safari/603.8" 
35.88.169.59 - - [11/Sep/2024:12:56:56 -0700] "GET /honeypot/BSidesDFW%20-%202014.ipynb HTTP/1.1" 304 323 "-" "Mozilla/5.0 (Macintosh; Intel Mac OS X 10_9_3; en-US) Gecko/20100101 Firefox/67.3" 
52.167.144.206 - - [11/Sep/2024:13:04:38 -0700] "GET /self.logs/access.log.2020-01-12.gz HTTP/1.1" 200 18818 "-" "Mozilla/5.0 AppleWebKit/537.36 (KHTML, like Gecko; compatible; bingbot/2.0; +http://www.bing.com/bingbot.htm) Chrome/116.0.1938.76 Safari/537.36" 
66.249.64.104 - - [11/Sep/2024:13:06:02 -0700] "GET /ads.txt HTTP/1.1" 404 328 "-" "Mozilla/5.0 (compatible; Googlebot/2.1; +http://www.google.com/bot.html)" 
66.220.149.35 - - [11/Sep/2024:13:07:04 -0700] "GET /self.logs/error.log.2020-08-06 HTTP/1.1" 200 867 "-" "facebookexternalhit/1.1 (+http://www.facebook.com/externalhit_uatext.php)" 
114.119.141.178 - - [11/Sep/2024:13:08:45 -0700] "GET /Datasets%20Description/?C=D%3BO%3DA HTTP/1.1" 200 677 "http://www.secrepo.com/Datasets%20Description/?C=M%3BO%3DA" "Mozilla/5.0 (Linux; Android 7.0;) AppleWebKit/537.36 (KHTML, like Gecko) Mobile Safari/537.36 (compatible; PetalBot;+https://webmaster.petalsearch.com/site/petalbot)" 
157.55.39.48 - - [11/Sep/2024:13:09:21 -0700] "GET /self.logs/error.log.2021-11-28.gz HTTP/1.1" 301 485 "-" "Mozilla/5.0 AppleWebKit/537.36 (KHTML, like Gecko; compatible; bingbot/2.0; +http://www.bing.com/bingbot.htm) Chrome/116.0.1938.76 Safari/537.36" 
66.249.64.103 - - [11/Sep/2024:13:11:55 -0700] "GET /Datasets%20Description/HTML_Bro_log_2/dpd.html HTTP/1.1" 304 357 "-" "Mozilla/5.0 (Linux; Android 6.0.1; Nexus 5X Build/MMB29P) AppleWebKit/537.36 (KHTML, like Gecko) Chrome/128.0.6613.119 Mobile Safari/537.36 (compatible; Googlebot/2.1; +http://www.google.com/bot.html)" 
66.249.64.104 - - [11/Sep/2024:13:15:11 -0700] "GET / HTTP/1.1" 200 13186 "-" "Mozilla/5.0 (compatible; Googlebot/2.1; +http://www.google.com/bot.html)" 
66.249.64.105 - - [11/Sep/2024:13:15:12 -0700] "GET /css/style.css HTTP/1.1" 404 328 "http://www.secrepo.com/" "Mozilla/5.0 AppleWebKit/537.36 (KHTML, like Gecko; compatible; Googlebot/2.1; +http://www.google.com/bot.html) Chrome/128.0.6613.113 Safari/537.36" 
57.141.7.1 - - [11/Sep/2024:13:15:58 -0700] "GET /Datasets%20Description/HTML_Bro_log_2/dns.html HTTP/1.1" 429 486 "-" "facebookexternalhit/1.1 (+http://www.facebook.com/externalhit_uatext.php)" 
95.152.63.221 - - [11/Sep/2024:13:18:20 -0700] "GET / HTTP/1.0" 429 449 "-" "Mozilla/5.0 (Windows NT 6.3; Win64; x64) AppleWebKit/537.36 (KHTML, like Gecko) Chrome/75.0.3770.100 Safari/537.36" 
207.46.13.102 - - [11/Sep/2024:13:20:12 -0700] "GET /self.logs/2015/access.log.2015-05-31.gz HTTP/1.1" 200 5039 "-" "Mozilla/5.0 AppleWebKit/537.36 (KHTML, like Gecko; compatible; bingbot/2.0; +http://www.bing.com/bingbot.htm) Chrome/116.0.1938.76 Safari/537.36" 
207.46.13.116 - - [11/Sep/2024:13:33:26 -0700] "GET /self.logs/error.log.2022-05-13.gz HTTP/1.1" 200 1630 "-" "Mozilla/5.0 AppleWebKit/537.36 (KHTML, like Gecko; compatible; bingbot/2.0; +http://www.bing.com/bingbot.htm) Chrome/116.0.1938.76 Safari/537.36" 
114.119.143.233 - - [11/Sep/2024:13:33:29 -0700] "GET /self.logs/error.log.2020-07-05 HTTP/1.1" 200 351 "http://www.secrepo.com/self.logs?C=N%3BO%3DD" "Mozilla/5.0 (Linux; Android 7.0;) AppleWebKit/537.36 (KHTML, like Gecko) Mobile Safari/537.36 (compatible; PetalBot;+https://webmaster.petalsearch.com/site/petalbot)" 
52.167.144.231 - - [11/Sep/2024:13:35:11 -0700] "GET /self.logs/access.log.2022-06-02.gz HTTP/1.1" 200 11906 "-" "Mozilla/5.0 AppleWebKit/537.36 (KHTML, like Gecko; compatible; bingbot/2.0; +http://www.bing.com/bingbot.htm) Chrome/116.0.1938.76 Safari/537.36" 
66.249.64.103 - - [11/Sep/2024:13:35:13 -0700] "GET /Datasets%20Description/HTML_Bro_log_2/app_stats.html HTTP/1.1" 304 357 "-" "Mozilla/5.0 (Linux; Android 6.0.1; Nexus 5X Build/MMB29P) AppleWebKit/537.36 (KHTML, like Gecko) Chrome/128.0.6613.119 Mobile Safari/537.36 (compatible; Googlebot/2.1; +http://www.google.com/bot.html)" 
207.46.13.116 - - [11/Sep/2024:13:36:18 -0700] "GET /self.logs/access.log.2021-01-29.gz HTTP/1.1" 200 17642 "-" "Mozilla/5.0 AppleWebKit/537.36 (KHTML, like Gecko; compatible; bingbot/2.0; +http://www.bing.com/bingbot.htm) Chrome/116.0.1938.76 Safari/537.36" 
114.119.150.86 - - [11/Sep/2024:13:38:29 -0700] "GET /self.logs/error.log.2020-06-29 HTTP/1.1" 200 351 "http://www.secrepo.com/self.logs?C=N%3BO%3DD" "Mozilla/5.0 (Linux; Android 7.0;) AppleWebKit/537.36 (KHTML, like Gecko) Mobile Safari/537.36 (compatible; PetalBot;+https://webmaster.petalsearch.com/site/petalbot)" 
114.119.136.30 - - [11/Sep/2024:13:43:29 -0700] "GET /self.logs/error.log.2019-12-24 HTTP/1.1" 200 351 "http://www.secrepo.com/self.logs?C=N%3BO%3DD" "Mozilla/5.0 (Linux; Android 7.0;) AppleWebKit/537.36 (KHTML, like Gecko) Mobile Safari/537.36 (compatible; PetalBot;+https://webmaster.petalsearch.com/site/petalbot)" 
207.46.13.116 - - [11/Sep/2024:14:02:09 -0700] "GET /self.logs/access.log.2022-01-11.gz HTTP/1.1" 200 16544 "-" "Mozilla/5.0 AppleWebKit/537.36 (KHTML, like Gecko; compatible; bingbot/2.0; +http://www.bing.com/bingbot.htm) Chrome/116.0.1938.76 Safari/537.36" 
