49.7.20.108 - - [20/May/2021:02:32:52 -0700] "GET / HTTP/1.1" 200 12841 "-" "Sogou web spider/4.0(+http://www.sogou.com/docs/help/webmasters.htm#07)" 
114.119.141.53 - - [20/May/2021:02:37:20 -0700] "GET /self.logs/2015/error.log.2015-09-28.gz HTTP/1.1" 200 836 "-" "Mozilla/5.0 (Linux; Android 7.0;) AppleWebKit/537.36 (KHTML, like Gecko) Mobile Safari/537.36 (compatible; PetalBot;+https://webmaster.petalsearch.com/site/petalbot)" 
185.53.90.22 - - [20/May/2021:02:40:53 -0700] "POST / HTTP/1.1" 200 12878 "-" "Mozlila/5.0 (Linux; Android 7.0; SM-G892A Bulid/NRD90M; wv) AppleWebKit/537.36 (KHTML, like Gecko) Version/4.0 Chrome/60.0.3112.107 Moblie Safari/537.36" 
185.53.90.22 - - [20/May/2021:02:40:54 -0700] "GET /.env HTTP/1.1" 404 519 "-" "Mozlila/5.0 (Linux; Android 7.0; SM-G892A Bulid/NRD90M; wv) AppleWebKit/537.36 (KHTML, like Gecko) Version/4.0 Chrome/60.0.3112.107 Moblie Safari/537.36" 
137.74.76.181 - - [20/May/2021:02:46:48 -0700] "GET /wp-admin/ HTTP/1.1" 301 493 "-" "Mozilla/4.0 (compatible; MSIE 6.0; Windows NT 5.1; SV1)" 
137.74.76.181 - - [20/May/2021:02:46:51 -0700] "GET /wp-admin/ HTTP/1.1" 404 328 "-" "Mozilla/4.0 (compatible; MSIE 6.0; Windows NT 5.1; SV1)" 
114.119.155.228 - - [20/May/2021:02:47:02 -0700] "GET /self.logs/access.log.2019-03-19.gz HTTP/1.1" 200 25195 "-" "Mozilla/5.0 (Linux; Android 7.0;) AppleWebKit/537.36 (KHTML, like Gecko) Mobile Safari/537.36 (compatible; PetalBot;+https://webmaster.petalsearch.com/site/petalbot)" 
114.119.157.43 - - [20/May/2021:02:52:30 -0700] "GET /self.logs/2015/error.log.2015-04-29.gz HTTP/1.1" 200 1822 "-" "Mozilla/5.0 (Linux; Android 7.0;) AppleWebKit/537.36 (KHTML, like Gecko) Mobile Safari/537.36 (compatible; PetalBot;+https://webmaster.petalsearch.com/site/petalbot)" 
49.7.20.108 - - [20/May/2021:02:53:00 -0700] "GET / HTTP/1.1" 200 12841 "-" "Sogou web spider/4.0(+http://www.sogou.com/docs/help/webmasters.htm#07)" 
114.119.150.248 - - [20/May/2021:02:57:47 -0700] "GET /self.logs/access.log.2018-06-28.gz HTTP/1.1" 200 35563 "-" "Mozilla/5.0 (Linux; Android 7.0;) AppleWebKit/537.36 (KHTML, like Gecko) Mobile Safari/537.36 (compatible; PetalBot;+https://webmaster.petalsearch.com/site/petalbot)" 
118.184.177.112 - - [20/May/2021:02:58:53 -0700] "GET / HTTP/1.1" 301 438 "-" "Sogou web spider/4.0(+http://www.sogou.com/docs/help/webmasters.htm#07)" 
66.249.72.15 - - [20/May/2021:03:00:15 -0700] "GET /Datasets%20Description/Network/ssh.html HTTP/1.1" 200 1368 "-" "Mozilla/5.0 (compatible; Googlebot/2.1; +http://www.google.com/bot.html)" 
118.184.177.112 - - [20/May/2021:03:00:34 -0700] "GET / HTTP/1.1" 200 12841 "-" "Sogou web spider/4.0(+http://www.sogou.com/docs/help/webmasters.htm#07)" 
123.183.224.2 - - [20/May/2021:03:00:36 -0700] "GET /css/style.css HTTP/1.1" 301 464 "http://secrepo.com/" "Mozilla/5.0 (X11; Linux x86_64) AppleWebKit/537.36 (KHTML, like Gecko) Chrome/73.0.3683.86 Safari/537.36" 
123.183.224.149 - - [20/May/2021:03:00:41 -0700] "GET /css/style.css HTTP/1.1" 301 464 "http://secrepo.com/" "Mozilla/5.0 (X11; Linux x86_64) AppleWebKit/537.36 (KHTML, like Gecko) Chrome/73.0.3683.86 Safari/537.36" 
123.183.224.149 - - [20/May/2021:03:00:42 -0700] "GET /css/style.css HTTP/1.1" 404 291 "http://secrepo.com/" "Mozilla/5.0 (X11; Linux x86_64) AppleWebKit/537.36 (KHTML, like Gecko) Chrome/73.0.3683.86 Safari/537.36" 
111.198.229.102 - - [20/May/2021:03:00:42 -0700] "GET / HTTP/1.1" 200 12878 "-" "Mozilla/5.0 (Macintosh; Intel Mac OS X 10_15_7) AppleWebKit/605.1.15 (KHTML, like Gecko)" 
123.183.224.149 - - [20/May/2021:03:00:43 -0700] "GET /css/style.css HTTP/1.1" 301 464 "http://secrepo.com/" "Mozilla/5.0 (X11; Linux x86_64) AppleWebKit/537.36 (KHTML, like Gecko) Chrome/73.0.3683.86 Safari/537.36" 
111.198.229.102 - - [20/May/2021:03:00:43 -0700] "GET /apple-touch-icon-precomposed.png HTTP/1.1" 404 328 "-" "Safari%E6%B5%8F%E8%A7%88%E5%99%A8/16611.1.21.161.6 CFNetwork/1237 Darwin/20.4.0" 
111.198.229.102 - - [20/May/2021:03:00:43 -0700] "GET /apple-touch-icon.png HTTP/1.1" 404 305 "-" "Safari%E6%B5%8F%E8%A7%88%E5%99%A8/16611.1.21.161.6 CFNetwork/1237 Darwin/20.4.0" 
123.183.224.149 - - [20/May/2021:03:00:43 -0700] "GET /css/style.css HTTP/1.1" 404 291 "http://secrepo.com/" "Mozilla/5.0 (X11; Linux x86_64) AppleWebKit/537.36 (KHTML, like Gecko) Chrome/73.0.3683.86 Safari/537.36" 
111.198.229.102 - - [20/May/2021:03:00:44 -0700] "GET / HTTP/1.1" 200 12855 "-" "Mozilla/5.0 (iPhone; CPU iPhone OS 14_0 like Mac OS X) AppleWebKit/605.1.15 (KHTML, like Gecko) Version/14.0 Mobile/15E148 Safari/604.1" 
111.198.229.102 - - [20/May/2021:03:00:44 -0700] "GET /apple-touch-icon-precomposed.png HTTP/1.1" 404 305 "-" "Safari%E6%B5%8F%E8%A7%88%E5%99%A8/16611.1.21.161.6 CFNetwork/1237 Darwin/20.4.0" 
111.198.229.102 - - [20/May/2021:03:00:44 -0700] "GET /apple-touch-icon.png HTTP/1.1" 404 305 "-" "Safari%E6%B5%8F%E8%A7%88%E5%99%A8/16611.1.21.161.6 CFNetwork/1237 Darwin/20.4.0" 
123.183.224.149 - - [20/May/2021:03:00:45 -0700] "GET /css/style.css HTTP/1.1" 301 464 "http://secrepo.com/" "Mozilla/5.0 (X11; Linux x86_64) AppleWebKit/537.36 (KHTML, like Gecko) Chrome/73.0.3683.86 Safari/537.36" 
123.183.224.149 - - [20/May/2021:03:00:45 -0700] "GET /css/style.css HTTP/1.1" 404 291 "http://secrepo.com/" "Mozilla/5.0 (X11; Linux x86_64) AppleWebKit/537.36 (KHTML, like Gecko) Chrome/73.0.3683.86 Safari/537.36" 
123.183.224.2 - - [20/May/2021:03:01:37 -0700] "GET /css/style.css HTTP/1.1" 301 464 "http://secrepo.com/" "Mozilla/5.0 (X11; Linux x86_64) AppleWebKit/537.36 (KHTML, like Gecko) Chrome/73.0.3683.86 Safari/537.36" 
123.183.224.2 - - [20/May/2021:03:02:38 -0700] "GET /css/style.css HTTP/1.1" 301 464 "http://secrepo.com/" "Mozilla/5.0 (X11; Linux x86_64) AppleWebKit/537.36 (KHTML, like Gecko) Chrome/73.0.3683.86 Safari/537.36" 
91.213.18.250 - - [20/May/2021:03:08:03 -0700] "GET / HTTP/1.1" 200 12878 "https://www.reddit.com/" "Mozilla/5.0 (X11; Ubuntu; Linux x86_64; rv:88.0) Gecko/20100101 Firefox/88.0" 
91.213.18.250 - - [20/May/2021:03:08:03 -0700] "GET /css/style.css HTTP/1.1" 404 328 "http://www.secrepo.com/" "Mozilla/5.0 (X11; Ubuntu; Linux x86_64; rv:88.0) Gecko/20100101 Firefox/88.0" 
91.213.18.250 - - [20/May/2021:03:08:04 -0700] "GET /twitter-icon.png HTTP/1.1" 200 27916 "http://www.secrepo.com/" "Mozilla/5.0 (X11; Ubuntu; Linux x86_64; rv:88.0) Gecko/20100101 Firefox/88.0" 
91.213.18.250 - - [20/May/2021:03:08:04 -0700] "GET /GitHub-Mark.png HTTP/1.1" 200 7533 "http://www.secrepo.com/" "Mozilla/5.0 (X11; Ubuntu; Linux x86_64; rv:88.0) Gecko/20100101 Firefox/88.0" 
91.213.18.250 - - [20/May/2021:03:08:04 -0700] "GET /bootstrap/img/favicon.ico HTTP/1.1" 200 690 "http://www.secrepo.com/" "Mozilla/5.0 (X11; Ubuntu; Linux x86_64; rv:88.0) Gecko/20100101 Firefox/88.0" 
91.213.18.250 - - [20/May/2021:03:08:50 -0700] "GET /Datasets%20Description/Network/dhcp.html HTTP/1.1" 200 1461 "http://www.secrepo.com/" "Mozilla/5.0 (X11; Ubuntu; Linux x86_64; rv:88.0) Gecko/20100101 Firefox/88.0" 
91.213.18.250 - - [20/May/2021:03:08:51 -0700] "GET /favicon.ico HTTP/1.1" 200 368 "http://www.secrepo.com/Datasets%20Description/Network/dhcp.html" "Mozilla/5.0 (X11; Ubuntu; Linux x86_64; rv:88.0) Gecko/20100101 Firefox/88.0" 
91.213.18.250 - - [20/May/2021:03:09:07 -0700] "GET /maccdc2012/dhcp.log.gz HTTP/1.1" 200 44977 "http://www.secrepo.com/" "Mozilla/5.0 (X11; Ubuntu; Linux x86_64; rv:88.0) Gecko/20100101 Firefox/88.0" 
49.7.20.108 - - [20/May/2021:03:13:49 -0700] "GET / HTTP/1.1" 200 12841 "-" "Sogou web spider/4.0(+http://www.sogou.com/docs/help/webmasters.htm#07)" 
91.213.18.250 - - [20/May/2021:03:14:25 -0700] "GET /css/style.css HTTP/1.1" 404 328 "http://www.secrepo.com/" "Mozilla/5.0 (X11; Ubuntu; Linux x86_64; rv:88.0) Gecko/20100101 Firefox/88.0" 
91.213.18.250 - - [20/May/2021:03:14:26 -0700] "GET /bootstrap/img/favicon.ico HTTP/1.1" 200 713 "http://www.secrepo.com/" "Mozilla/5.0 (X11; Ubuntu; Linux x86_64; rv:88.0) Gecko/20100101 Firefox/88.0" 
62.210.143.6 - - [20/May/2021:03:14:27 -0700] "GET /robots.txt HTTP/1.1" 200 377 "-" "Mozilla/5.0 (compatible; Barkrowler/0.9; +https://babbar.tech/crawler)" 
62.210.143.6 - - [20/May/2021:03:14:51 -0700] "GET /self.logs/2015/?C=M;O=A HTTP/1.1" 200 7706 "-" "Mozilla/5.0 (compatible; Barkrowler/0.9; +https://babbar.tech/crawler)" 
17.121.112.175 - - [20/May/2021:03:15:05 -0700] "GET /self.logs/error.log.2020-04-01 HTTP/1.1" 200 307 "-" "Mozilla/5.0 (Macintosh; Intel Mac OS X 10_15_5) AppleWebKit/605.1.15 (KHTML, like Gecko) Version/13.1.1 Safari/605.1.15 (Applebot/0.1; +http://www.apple.com/go/applebot)" 
62.210.143.6 - - [20/May/2021:03:15:19 -0700] "GET /Datasets%20Description/Network/?C=D;O=A HTTP/1.1" 200 769 "-" "Mozilla/5.0 (compatible; Barkrowler/0.9; +https://babbar.tech/crawler)" 
62.210.143.6 - - [20/May/2021:03:15:43 -0700] "GET /self.logs/error.log.2020-03-05 HTTP/1.1" 200 351 "-" "Mozilla/5.0 (compatible; Barkrowler/0.9; +https://babbar.tech/crawler)" 
62.210.143.6 - - [20/May/2021:03:15:58 -0700] "GET /Datasets%20Description/PE_malware/OPCleaver.html HTTP/1.1" 200 1458 "-" "Mozilla/5.0 (compatible; Barkrowler/0.9; +https://babbar.tech/crawler)" 
62.210.143.6 - - [20/May/2021:03:16:13 -0700] "GET /maccdc2012/maccdc2012_fast_alert.7z HTTP/1.1" 200 5223880 "-" "Mozilla/5.0 (compatible; Barkrowler/0.9; +https://babbar.tech/crawler)" 
77.69.182.98 - - [20/May/2021:03:16:20 -0700] "GET / HTTP/1.1" 200 12878 "-" "Mozilla/5.0 (X11; Ubuntu; Linux x86_64; rv:86.0) Gecko/20100101 Firefox/86.0" 
77.69.182.98 - - [20/May/2021:03:16:21 -0700] "GET /css/style.css HTTP/1.1" 404 328 "http://www.secrepo.com/" "Mozilla/5.0 (X11; Ubuntu; Linux x86_64; rv:86.0) Gecko/20100101 Firefox/86.0" 
77.69.182.98 - - [20/May/2021:03:16:21 -0700] "GET /GitHub-Mark.png HTTP/1.1" 200 7556 "http://www.secrepo.com/" "Mozilla/5.0 (X11; Ubuntu; Linux x86_64; rv:86.0) Gecko/20100101 Firefox/86.0" 
77.69.182.98 - - [20/May/2021:03:16:22 -0700] "GET /twitter-icon.png HTTP/1.1" 200 27893 "http://www.secrepo.com/" "Mozilla/5.0 (X11; Ubuntu; Linux x86_64; rv:86.0) Gecko/20100101 Firefox/86.0" 
77.69.182.98 - - [20/May/2021:03:16:23 -0700] "GET /bootstrap/img/favicon.ico HTTP/1.1" 200 690 "http://www.secrepo.com/" "Mozilla/5.0 (X11; Ubuntu; Linux x86_64; rv:86.0) Gecko/20100101 Firefox/86.0" 
114.119.140.84 - - [20/May/2021:03:17:26 -0700] "GET /self.logs/access.log.2019-04-14.gz HTTP/1.1" 200 41693 "-" "Mozilla/5.0 (Linux; Android 7.0;) AppleWebKit/537.36 (KHTML, like Gecko) Mobile Safari/537.36 (compatible; PetalBot;+https://webmaster.petalsearch.com/site/petalbot)" 
36.110.199.165 - - [20/May/2021:03:18:51 -0700] "GET / HTTP/1.1" 200 12878 "http://www.baidu.com/s?wd=greatestbja" "Mozilla/5.0 (Windows NT 6.1; WOW64; rv:43.0) Gecko/20100101 Firefox/43.0" 
36.110.199.165 - - [20/May/2021:03:18:51 -0700] "GET /css/style.css HTTP/1.1" 404 305 "http://www.secrepo.com/" "Mozilla/5.0 (Windows NT 6.1; WOW64; rv:43.0) Gecko/20100101 Firefox/43.0" 
106.196.31.120 - - [20/May/2021:03:19:52 -0700] "GET /self.logs/ HTTP/1.1" 200 29485 "-" "Mozilla/5.0 (X11; Ubuntu; Linux x86_64; rv:88.0) Gecko/20100101 Firefox/88.0" 
106.196.31.120 - - [20/May/2021:03:19:53 -0700] "GET /favicon.ico HTTP/1.1" 200 391 "http://www.secrepo.com/self.logs/" "Mozilla/5.0 (X11; Ubuntu; Linux x86_64; rv:88.0) Gecko/20100101 Firefox/88.0" 
106.196.31.120 - - [20/May/2021:03:19:56 -0700] "GET /self.logs/access.log.2017-01-01.gz HTTP/1.1" 200 17678 "http://www.secrepo.com/self.logs/" "Mozilla/5.0 (X11; Ubuntu; Linux x86_64; rv:88.0) Gecko/20100101 Firefox/88.0" 
77.69.182.98 - - [20/May/2021:03:20:10 -0700] "GET /maccdc2012/http.log.gz HTTP/1.1" 200 646800 "http://www.secrepo.com/" "Mozilla/5.0 (X11; Ubuntu; Linux x86_64; rv:86.0) Gecko/20100101 Firefox/86.0" 
114.119.150.248 - - [20/May/2021:03:21:23 -0700] "GET /self.logs/access.log.2020-06-05.gz HTTP/1.1" 200 14182 "-" "Mozilla/5.0 (Linux; Android 7.0;) AppleWebKit/537.36 (KHTML, like Gecko) Mobile Safari/537.36 (compatible; PetalBot;+https://webmaster.petalsearch.com/site/petalbot)" 
77.69.182.98 - - [20/May/2021:03:21:42 -0700] "GET / HTTP/1.1" 200 12878 "-" "Mozilla/5.0 (X11; Ubuntu; Linux x86_64; rv:88.0) Gecko/20100101 Firefox/88.0" 
77.69.182.98 - - [20/May/2021:03:21:43 -0700] "GET /css/style.css HTTP/1.1" 404 328 "http://www.secrepo.com/" "Mozilla/5.0 (X11; Ubuntu; Linux x86_64; rv:88.0) Gecko/20100101 Firefox/88.0" 
77.69.182.98 - - [20/May/2021:03:21:43 -0700] "GET /GitHub-Mark.png HTTP/1.1" 200 7533 "http://www.secrepo.com/" "Mozilla/5.0 (X11; Ubuntu; Linux x86_64; rv:88.0) Gecko/20100101 Firefox/88.0" 
77.69.182.98 - - [20/May/2021:03:21:43 -0700] "GET /twitter-icon.png HTTP/1.1" 200 27916 "http://www.secrepo.com/" "Mozilla/5.0 (X11; Ubuntu; Linux x86_64; rv:88.0) Gecko/20100101 Firefox/88.0" 
77.69.182.98 - - [20/May/2021:03:21:43 -0700] "GET /bootstrap/img/favicon.ico HTTP/1.1" 200 690 "http://www.secrepo.com/" "Mozilla/5.0 (X11; Ubuntu; Linux x86_64; rv:88.0) Gecko/20100101 Firefox/88.0" 
88.201.14.4 - - [20/May/2021:03:21:46 -0700] "GET / HTTP/1.1" 200 12841 "-" "Mozilla/5.0 (Windows NT 10.0; Win64; x64) AppleWebKit/537.36 (KHTML, like Gecko) Chrome/90.0.4430.85 Safari/537.36" 
88.201.14.4 - - [20/May/2021:03:21:47 -0700] "GET /css/style.css HTTP/1.1" 404 291 "http://www.secrepo.com/" "Mozilla/5.0 (Windows NT 10.0; Win64; x64) AppleWebKit/537.36 (KHTML, like Gecko) Chrome/90.0.4430.85 Safari/537.36" 
88.201.14.4 - - [20/May/2021:03:21:47 -0700] "GET /GitHub-Mark.png HTTP/1.1" 200 7519 "http://www.secrepo.com/" "Mozilla/5.0 (Windows NT 10.0; Win64; x64) AppleWebKit/537.36 (KHTML, like Gecko) Chrome/90.0.4430.85 Safari/537.36" 
88.201.14.4 - - [20/May/2021:03:21:47 -0700] "GET /twitter-icon.png HTTP/1.1" 200 27879 "http://www.secrepo.com/" "Mozilla/5.0 (Windows NT 10.0; Win64; x64) AppleWebKit/537.36 (KHTML, like Gecko) Chrome/90.0.4430.85 Safari/537.36" 
114.119.159.40 - - [20/May/2021:03:25:24 -0700] "GET /self.logs/2016/access.log.2016-02-18.gz HTTP/1.1" 200 9867 "-" "Mozilla/5.0 (Linux; Android 7.0;) AppleWebKit/537.36 (KHTML, like Gecko) Mobile Safari/537.36 (compatible; PetalBot;+https://webmaster.petalsearch.com/site/petalbot)" 
47.9.196.186 - - [20/May/2021:03:26:55 -0700] "GET / HTTP/1.1" 200 12878 "-" "Mozilla/5.0 (Windows NT 10.0; Win64; x64) AppleWebKit/537.36 (KHTML, like Gecko) Chrome/90.0.4430.212 Safari/537.36" 
47.9.196.186 - - [20/May/2021:03:26:55 -0700] "GET /css/style.css HTTP/1.1" 404 305 "http://www.secrepo.com/" "Mozilla/5.0 (Windows NT 10.0; Win64; x64) AppleWebKit/537.36 (KHTML, like Gecko) Chrome/90.0.4430.212 Safari/537.36" 
47.9.196.186 - - [20/May/2021:03:26:55 -0700] "GET /twitter-icon.png HTTP/1.1" 200 27916 "http://www.secrepo.com/" "Mozilla/5.0 (Windows NT 10.0; Win64; x64) AppleWebKit/537.36 (KHTML, like Gecko) Chrome/90.0.4430.212 Safari/537.36" 
47.9.196.186 - - [20/May/2021:03:26:55 -0700] "GET /GitHub-Mark.png HTTP/1.1" 200 7556 "http://www.secrepo.com/" "Mozilla/5.0 (Windows NT 10.0; Win64; x64) AppleWebKit/537.36 (KHTML, like Gecko) Chrome/90.0.4430.212 Safari/537.36" 
47.9.196.186 - - [20/May/2021:03:26:57 -0700] "GET /bootstrap/img/favicon.ico HTTP/1.1" 200 690 "http://www.secrepo.com/" "Mozilla/5.0 (Windows NT 10.0; Win64; x64) AppleWebKit/537.36 (KHTML, like Gecko) Chrome/90.0.4430.212 Safari/537.36" 
157.55.39.45 - - [20/May/2021:03:32:18 -0700] "GET /self.logs/error.log.2020-03-11 HTTP/1.1" 200 1353 "-" "Mozilla/5.0 (compatible; bingbot/2.0; +http://www.bing.com/bingbot.htm)" 
114.119.159.101 - - [20/May/2021:03:32:27 -0700] "GET /self.logs/error.log.2019-01-02.gz HTTP/1.1" 200 5239 "-" "Mozilla/5.0 (Linux; Android 7.0;) AppleWebKit/537.36 (KHTML, like Gecko) Mobile Safari/537.36 (compatible; PetalBot;+https://webmaster.petalsearch.com/site/petalbot)" 
49.7.20.105 - - [20/May/2021:03:36:09 -0700] "GET / HTTP/1.1" 200 12841 "-" "Sogou web spider/4.0(+http://www.sogou.com/docs/help/webmasters.htm#07)" 
49.7.20.108 - - [20/May/2021:03:36:09 -0700] "GET / HTTP/1.1" 200 12841 "-" "Sogou web spider/4.0(+http://www.sogou.com/docs/help/webmasters.htm#07)" 
196.244.192.6 - - [20/May/2021:03:36:40 -0700] "HEAD /old/sftp-config.json HTTP/1.1" 301 187 "-" "-" 
196.244.192.6 - - [20/May/2021:03:36:41 -0700] "HEAD /old/sftp-config.json HTTP/1.1" 404 265 "-" "-" 
49.7.20.105 - - [20/May/2021:03:37:15 -0700] "GET / HTTP/1.1" 200 12841 "-" "Sogou web spider/4.0(+http://www.sogou.com/docs/help/webmasters.htm#07)" 
85.10.56.241 - - [20/May/2021:03:37:48 -0700] "HEAD /restore/backup.sql.gz HTTP/1.1" 301 188 "-" "-" 
85.10.56.241 - - [20/May/2021:03:37:48 -0700] "HEAD /restore/backup.sql.gz HTTP/1.1" 404 265 "-" "-" 
49.7.20.105 - - [20/May/2021:03:38:33 -0700] "GET / HTTP/1.1" 200 12841 "-" "Sogou web spider/4.0(+http://www.sogou.com/docs/help/webmasters.htm#07)" 
101.36.110.226 - - [20/May/2021:03:39:26 -0700] "GET / HTTP/1.1" 200 12878 "-" "Mozilla/5.0 (Linux; Android 8.1; EML-L29 Build/HUAWEIEML-L29; xx-xx) AppleWebKit/537.36 (KHTML, like Gecko) Version/4.0 Chrome/65.0.3325.109 Mobile Safari/537.36" 
101.36.110.226 - - [20/May/2021:03:39:27 -0700] "GET /Public/home/js/check.js HTTP/1.1" 404 305 "-" "Mozilla/5.0 (Linux; Android 8.1; EML-L29 Build/HUAWEIEML-L29; xx-xx) AppleWebKit/537.36 (KHTML, like Gecko) Version/4.0 Chrome/65.0.3325.109 Mobile Safari/537.36" 
101.36.110.226 - - [20/May/2021:03:39:28 -0700] "GET / HTTP/1.1" 200 12878 "-" "Mozilla/5.0 (Linux; Android 8.1; EML-L29 Build/HUAWEIEML-L29; xx-xx) AppleWebKit/537.36 (KHTML, like Gecko) Version/4.0 Chrome/65.0.3325.109 Mobile Safari/537.36" 
101.36.110.226 - - [20/May/2021:03:39:28 -0700] "GET /Public/Wchat/js/cvphp.js HTTP/1.1" 404 328 "-" "Mozilla/5.0 (Linux; Android 8.1; EML-L29 Build/HUAWEIEML-L29; xx-xx) AppleWebKit/537.36 (KHTML, like Gecko) Version/4.0 Chrome/65.0.3325.109 Mobile Safari/537.36" 
101.36.110.226 - - [20/May/2021:03:39:28 -0700] "GET /static/index/css/iindex.css HTTP/1.1" 404 328 "-" "Mozilla/5.0 (Linux; Android 8.1; EML-L29 Build/HUAWEIEML-L29; xx-xx) AppleWebKit/537.36 (KHTML, like Gecko) Version/4.0 Chrome/65.0.3325.109 Mobile Safari/537.36" 
101.36.110.226 - - [20/May/2021:03:39:28 -0700] "GET /css/style.css HTTP/1.1" 404 328 "-" "Mozilla/5.0 (Linux; Android 8.1; EML-L29 Build/HUAWEIEML-L29; xx-xx) AppleWebKit/537.36 (KHTML, like Gecko) Version/4.0 Chrome/65.0.3325.109 Mobile Safari/537.36" 
101.36.110.226 - - [20/May/2021:03:39:28 -0700] "GET /api/index/loansList HTTP/1.1" 404 328 "-" "Mozilla/5.0 (Linux; Android 8.1; EML-L29 Build/HUAWEIEML-L29; xx-xx) AppleWebKit/537.36 (KHTML, like Gecko) Version/4.0 Chrome/65.0.3325.109 Mobile Safari/537.36" 
101.36.110.226 - - [20/May/2021:03:39:28 -0700] "GET /script/public.js HTTP/1.1" 404 328 "-" "Mozilla/5.0 (Linux; Android 8.1; EML-L29 Build/HUAWEIEML-L29; xx-xx) AppleWebKit/537.36 (KHTML, like Gecko) Version/4.0 Chrome/65.0.3325.109 Mobile Safari/537.36" 
101.36.110.226 - - [20/May/2021:03:39:28 -0700] "GET /static/home/static/js/login.js HTTP/1.1" 404 328 "-" "Mozilla/5.0 (Linux; Android 8.1; EML-L29 Build/HUAWEIEML-L29; xx-xx) AppleWebKit/537.36 (KHTML, like Gecko) Version/4.0 Chrome/65.0.3325.109 Mobile Safari/537.36" 
101.36.110.226 - - [20/May/2021:03:39:29 -0700] "GET /common/download.js HTTP/1.1" 404 305 "-" "Mozilla/5.0 (Linux; Android 8.1; EML-L29 Build/HUAWEIEML-L29; xx-xx) AppleWebKit/537.36 (KHTML, like Gecko) Version/4.0 Chrome/65.0.3325.109 Mobile Safari/537.36" 
101.36.110.226 - - [20/May/2021:03:39:29 -0700] "GET /Public/home/js/fukuang.js HTTP/1.1" 404 305 "-" "Mozilla/5.0 (Linux; Android 8.1; EML-L29 Build/HUAWEIEML-L29; xx-xx) AppleWebKit/537.36 (KHTML, like Gecko) Version/4.0 Chrome/65.0.3325.109 Mobile Safari/537.36" 
101.36.110.226 - - [20/May/2021:03:39:29 -0700] "POST /config HTTP/1.1" 404 305 "-" "Mozilla/5.0 (Linux; Android 8.1; EML-L29 Build/HUAWEIEML-L29; xx-xx) AppleWebKit/537.36 (KHTML, like Gecko) Version/4.0 Chrome/65.0.3325.109 Mobile Safari/537.36" 
101.36.110.226 - - [20/May/2021:03:39:30 -0700] "GET /public/admin.php/api/index/loansList HTTP/1.1" 404 305 "-" "Mozilla/5.0 (Linux; Android 8.1; EML-L29 Build/HUAWEIEML-L29; xx-xx) AppleWebKit/537.36 (KHTML, like Gecko) Version/4.0 Chrome/65.0.3325.109 Mobile Safari/537.36" 
101.36.110.226 - - [20/May/2021:03:39:30 -0700] "GET /static/css/index.css HTTP/1.1" 404 305 "-" "Mozilla/5.0 (Linux; Android 8.1; EML-L29 Build/HUAWEIEML-L29; xx-xx) AppleWebKit/537.36 (KHTML, like Gecko) Version/4.0 Chrome/65.0.3325.109 Mobile Safari/537.36" 
101.36.110.226 - - [20/May/2021:03:39:30 -0700] "GET /Public/Wchat/css/index.css HTTP/1.1" 404 305 "-" "Mozilla/5.0 (Linux; Android 8.1; EML-L29 Build/HUAWEIEML-L29; xx-xx) AppleWebKit/537.36 (KHTML, like Gecko) Version/4.0 Chrome/65.0.3325.109 Mobile Safari/537.36" 
101.36.110.226 - - [20/May/2021:03:39:30 -0700] "POST /api/v1/borrowxx.html HTTP/1.1" 404 305 "-" "Mozilla/5.0 (Linux; Android 8.1; EML-L29 Build/HUAWEIEML-L29; xx-xx) AppleWebKit/537.36 (KHTML, like Gecko) Version/4.0 Chrome/65.0.3325.109 Mobile Safari/537.36" 
101.36.110.226 - - [20/May/2021:03:39:30 -0700] "POST /user/login HTTP/1.1" 404 305 "-" "Mozilla/5.0 (Linux; Android 8.1; EML-L29 Build/HUAWEIEML-L29; xx-xx) AppleWebKit/537.36 (KHTML, like Gecko) Version/4.0 Chrome/65.0.3325.109 Mobile Safari/537.36" 
101.36.110.226 - - [20/May/2021:03:39:31 -0700] "GET /style.css HTTP/1.1" 404 305 "-" "Mozilla/5.0 (Linux; Android 8.1; EML-L29 Build/HUAWEIEML-L29; xx-xx) AppleWebKit/537.36 (KHTML, like Gecko) Version/4.0 Chrome/65.0.3325.109 Mobile Safari/537.36" 
101.36.110.226 - - [20/May/2021:03:39:31 -0700] "POST /m.api HTTP/1.1" 404 328 "-" "Mozilla/5.0 (Linux; Android 8.1; EML-L29 Build/HUAWEIEML-L29; xx-xx) AppleWebKit/537.36 (KHTML, like Gecko) Version/4.0 Chrome/65.0.3325.109 Mobile Safari/537.36" 
101.36.110.226 - - [20/May/2021:03:39:31 -0700] "GET /kefu.php HTTP/1.1" 404 305 "-" "Mozilla/5.0 (Linux; Android 8.1; EML-L29 Build/HUAWEIEML-L29; xx-xx) AppleWebKit/537.36 (KHTML, like Gecko) Version/4.0 Chrome/65.0.3325.109 Mobile Safari/537.36" 
196.244.192.6 - - [20/May/2021:03:39:31 -0700] "HEAD /old/www.zip HTTP/1.1" 301 178 "-" "-" 
101.36.110.226 - - [20/May/2021:03:39:31 -0700] "GET /loan HTTP/1.1" 404 305 "-" "Mozilla/5.0 (Linux; Android 8.1; EML-L29 Build/HUAWEIEML-L29; xx-xx) AppleWebKit/537.36 (KHTML, like Gecko) Version/4.0 Chrome/65.0.3325.109 Mobile Safari/537.36" 
101.36.110.226 - - [20/May/2021:03:39:31 -0700] "GET /api/common/getConfig HTTP/1.1" 404 305 "-" "Mozilla/5.0 (Linux; Android 8.1; EML-L29 Build/HUAWEIEML-L29; xx-xx) AppleWebKit/537.36 (KHTML, like Gecko) Version/4.0 Chrome/65.0.3325.109 Mobile Safari/537.36" 
101.36.110.226 - - [20/May/2021:03:39:31 -0700] "GET /api/config-init HTTP/1.1" 404 305 "-" "Mozilla/5.0 (Linux; Android 8.1; EML-L29 Build/HUAWEIEML-L29; xx-xx) AppleWebKit/537.36 (KHTML, like Gecko) Version/4.0 Chrome/65.0.3325.109 Mobile Safari/537.36" 
101.36.110.226 - - [20/May/2021:03:39:31 -0700] "GET /index/api/config HTTP/1.1" 404 305 "-" "Mozilla/5.0 (Linux; Android 8.1; EML-L29 Build/HUAWEIEML-L29; xx-xx) AppleWebKit/537.36 (KHTML, like Gecko) Version/4.0 Chrome/65.0.3325.109 Mobile Safari/537.36" 
196.244.192.6 - - [20/May/2021:03:39:32 -0700] "HEAD /old/www.zip HTTP/1.1" 404 265 "-" "-" 
101.36.110.226 - - [20/May/2021:03:39:35 -0700] "GET /Public/css/errorCss.css HTTP/1.1" 404 328 "-" "Mozilla/5.0 (Linux; Android 8.1; EML-L29 Build/HUAWEIEML-L29; xx-xx) AppleWebKit/537.36 (KHTML, like Gecko) Version/4.0 Chrome/65.0.3325.109 Mobile Safari/537.36" 
101.36.110.226 - - [20/May/2021:03:39:36 -0700] "GET /Home/Index/ajaxTJ HTTP/1.1" 404 305 "-" "Mozilla/5.0 (Linux; Android 8.1; EML-L29 Build/HUAWEIEML-L29; xx-xx) AppleWebKit/537.36 (KHTML, like Gecko) Version/4.0 Chrome/65.0.3325.109 Mobile Safari/537.36" 
101.36.110.226 - - [20/May/2021:03:39:37 -0700] "GET /api/user/get_user_group HTTP/1.1" 404 305 "-" "Mozilla/5.0 (Linux; Android 8.1; EML-L29 Build/HUAWEIEML-L29; xx-xx) AppleWebKit/537.36 (KHTML, like Gecko) Version/4.0 Chrome/65.0.3325.109 Mobile Safari/537.36" 
196.244.192.6 - - [20/May/2021:03:39:54 -0700] "HEAD /www.sql HTTP/1.1" 301 174 "-" "-" 
196.244.192.6 - - [20/May/2021:03:39:55 -0700] "HEAD /www.sql HTTP/1.1" 404 265 "-" "-" 
49.7.20.105 - - [20/May/2021:03:40:03 -0700] "GET / HTTP/1.1" 200 12841 "-" "Sogou web spider/4.0(+http://www.sogou.com/docs/help/webmasters.htm#07)" 
85.10.56.241 - - [20/May/2021:03:40:39 -0700] "HEAD /old/www.tar.gz HTTP/1.1" 301 181 "-" "-" 
85.10.56.241 - - [20/May/2021:03:40:39 -0700] "HEAD /old/www.tar.gz HTTP/1.1" 404 265 "-" "-" 
49.7.20.105 - - [20/May/2021:03:41:58 -0700] "GET / HTTP/1.1" 200 12841 "-" "Sogou web spider/4.0(+http://www.sogou.com/docs/help/webmasters.htm#07)" 
114.119.140.84 - - [20/May/2021:03:42:16 -0700] "GET /self.logs/error.log.2019-08-19.gz HTTP/1.1" 200 1320 "-" "Mozilla/5.0 (Linux; Android 7.0;) AppleWebKit/537.36 (KHTML, like Gecko) Mobile Safari/537.36 (compatible; PetalBot;+https://webmaster.petalsearch.com/site/petalbot)" 
196.244.192.6 - - [20/May/2021:03:44:37 -0700] "HEAD /old/public_html.rar HTTP/1.1" 301 186 "-" "-" 
196.244.192.6 - - [20/May/2021:03:44:38 -0700] "HEAD /old/public_html.rar HTTP/1.1" 404 265 "-" "-" 
49.7.20.105 - - [20/May/2021:03:44:46 -0700] "GET / HTTP/1.1" 200 12841 "-" "Sogou web spider/4.0(+http://www.sogou.com/docs/help/webmasters.htm#07)" 
85.10.56.241 - - [20/May/2021:03:45:43 -0700] "HEAD /restore/.env HTTP/1.1" 301 179 "-" "-" 
85.10.56.241 - - [20/May/2021:03:45:44 -0700] "HEAD /restore/.env HTTP/1.1" 404 265 "-" "-" 
85.10.56.241 - - [20/May/2021:03:46:18 -0700] "HEAD /bak/backup.gz HTTP/1.1" 301 180 "-" "-" 
85.10.56.241 - - [20/May/2021:03:46:18 -0700] "HEAD /bak/backup.gz HTTP/1.1" 404 265 "-" "-" 
114.119.159.40 - - [20/May/2021:03:47:33 -0700] "GET /self.logs/access.log.2020-01-01.gz HTTP/1.1" 200 13713 "-" "Mozilla/5.0 (Linux; Android 7.0;) AppleWebKit/537.36 (KHTML, like Gecko) Mobile Safari/537.36 (compatible; PetalBot;+https://webmaster.petalsearch.com/site/petalbot)" 
85.10.56.241 - - [20/May/2021:03:47:42 -0700] "HEAD /www.rar HTTP/1.1" 301 174 "-" "-" 
85.10.56.241 - - [20/May/2021:03:47:43 -0700] "HEAD /www.rar HTTP/1.1" 404 265 "-" "-" 
49.7.20.105 - - [20/May/2021:03:48:12 -0700] "GET / HTTP/1.1" 200 12841 "-" "Sogou web spider/4.0(+http://www.sogou.com/docs/help/webmasters.htm#07)" 
196.244.192.6 - - [20/May/2021:03:49:09 -0700] "HEAD /back/www.tar.gz HTTP/1.1" 301 182 "-" "-" 
196.244.192.6 - - [20/May/2021:03:49:09 -0700] "HEAD /back/www.tar.gz HTTP/1.1" 404 265 "-" "-" 
85.10.56.241 - - [20/May/2021:03:49:57 -0700] "HEAD /backups/.well-known.zip HTTP/1.1" 301 190 "-" "-" 
85.10.56.241 - - [20/May/2021:03:49:58 -0700] "HEAD /backups/.well-known.zip HTTP/1.1" 404 265 "-" "-" 
196.244.192.6 - - [20/May/2021:03:52:27 -0700] "HEAD /backup/wallet.dat HTTP/1.1" 301 184 "-" "-" 
196.244.192.6 - - [20/May/2021:03:52:27 -0700] "HEAD /backup/wallet.dat HTTP/1.1" 404 265 "-" "-" 
49.7.20.105 - - [20/May/2021:03:53:27 -0700] "GET / HTTP/1.1" 200 12841 "-" "Sogou web spider/4.0(+http://www.sogou.com/docs/help/webmasters.htm#07)" 
196.244.192.6 - - [20/May/2021:03:53:56 -0700] "HEAD /backup.rar HTTP/1.1" 301 177 "-" "-" 
196.244.192.6 - - [20/May/2021:03:53:56 -0700] "HEAD /backup.rar HTTP/1.1" 404 265 "-" "-" 
196.244.192.6 - - [20/May/2021:03:55:04 -0700] "HEAD /backups/bak.rar HTTP/1.1" 301 182 "-" "-" 
196.244.192.6 - - [20/May/2021:03:55:04 -0700] "HEAD /backups/bak.rar HTTP/1.1" 404 265 "-" "-" 
85.10.56.241 - - [20/May/2021:03:55:46 -0700] "HEAD /backup.sql HTTP/1.1" 301 177 "-" "-" 
85.10.56.241 - - [20/May/2021:03:55:46 -0700] "HEAD /backup.sql HTTP/1.1" 404 265 "-" "-" 
196.244.192.6 - - [20/May/2021:03:57:10 -0700] "HEAD /old/application.zip HTTP/1.1" 301 186 "-" "-" 
196.244.192.6 - - [20/May/2021:03:57:11 -0700] "HEAD /old/application.zip HTTP/1.1" 404 265 "-" "-" 
49.7.20.105 - - [20/May/2021:04:02:59 -0700] "GET / HTTP/1.1" 200 12841 "-" "Sogou web spider/4.0(+http://www.sogou.com/docs/help/webmasters.htm#07)" 
85.10.56.241 - - [20/May/2021:04:02:59 -0700] "HEAD /bak/public_html.gz HTTP/1.1" 301 185 "-" "-" 
85.10.56.241 - - [20/May/2021:04:03:00 -0700] "HEAD /bak/public_html.gz HTTP/1.1" 404 265 "-" "-" 
196.244.192.6 - - [20/May/2021:04:03:59 -0700] "HEAD /.bash_history HTTP/1.1" 301 180 "-" "-" 
196.244.192.6 - - [20/May/2021:04:04:01 -0700] "HEAD /.bash_history HTTP/1.1" 404 265 "-" "-" 
85.10.56.241 - - [20/May/2021:04:05:23 -0700] "HEAD /back/bak.rar HTTP/1.1" 301 179 "-" "-" 
85.10.56.241 - - [20/May/2021:04:05:24 -0700] "HEAD /back/bak.rar HTTP/1.1" 404 265 "-" "-" 
114.119.130.95 - - [20/May/2021:04:05:25 -0700] "GET /self.logs/2015/error.log.2015-05-01.gz HTTP/1.1" 200 1000 "-" "Mozilla/5.0 (Linux; Android 7.0;) AppleWebKit/537.36 (KHTML, like Gecko) Mobile Safari/537.36 (compatible; PetalBot;+https://webmaster.petalsearch.com/site/petalbot)" 
85.10.56.241 - - [20/May/2021:04:05:45 -0700] "HEAD /back/directory.zip HTTP/1.1" 301 185 "-" "-" 
85.10.56.241 - - [20/May/2021:04:05:46 -0700] "HEAD /back/directory.zip HTTP/1.1" 404 265 "-" "-" 
196.244.192.6 - - [20/May/2021:04:06:06 -0700] "HEAD /backups/website.gz HTTP/1.1" 301 185 "-" "-" 
196.244.192.6 - - [20/May/2021:04:06:07 -0700] "HEAD /backups/website.gz HTTP/1.1" 404 265 "-" "-" 
17.121.112.58 - - [20/May/2021:04:06:55 -0700] "GET /self.logs/error.log.2020-04-27 HTTP/1.1" 200 307 "-" "Mozilla/5.0 (Macintosh; Intel Mac OS X 10_15_5) AppleWebKit/605.1.15 (KHTML, like Gecko) Version/13.1.1 Safari/605.1.15 (Applebot/0.1; +http://www.apple.com/go/applebot)" 
85.10.56.241 - - [20/May/2021:04:07:30 -0700] "HEAD /public_html.zip HTTP/1.1" 301 182 "-" "-" 
85.10.56.241 - - [20/May/2021:04:07:31 -0700] "HEAD /public_html.zip HTTP/1.1" 404 265 "-" "-" 
49.7.20.108 - - [20/May/2021:04:07:38 -0700] "GET / HTTP/1.1" 200 12841 "-" "Sogou web spider/4.0(+http://www.sogou.com/docs/help/webmasters.htm#07)" 
196.244.192.6 - - [20/May/2021:04:08:26 -0700] "HEAD /bak/secrepo.com.zip HTTP/1.1" 301 186 "-" "-" 
196.244.192.6 - - [20/May/2021:04:08:27 -0700] "HEAD /bak/secrepo.com.zip HTTP/1.1" 404 265 "-" "-" 
85.10.56.241 - - [20/May/2021:04:08:47 -0700] "HEAD /old/www.sql HTTP/1.1" 301 178 "-" "-" 
85.10.56.241 - - [20/May/2021:04:08:48 -0700] "HEAD /old/www.sql HTTP/1.1" 404 265 "-" "-" 
196.244.192.6 - - [20/May/2021:04:08:56 -0700] "HEAD /old/website.gz HTTP/1.1" 301 181 "-" "-" 
196.244.192.6 - - [20/May/2021:04:08:57 -0700] "HEAD /old/website.gz HTTP/1.1" 404 265 "-" "-" 
85.10.56.241 - - [20/May/2021:04:09:04 -0700] "HEAD /backups/website.zip HTTP/1.1" 301 186 "-" "-" 
85.10.56.241 - - [20/May/2021:04:09:04 -0700] "HEAD /backups/website.zip HTTP/1.1" 404 265 "-" "-" 
196.244.192.6 - - [20/May/2021:04:09:29 -0700] "HEAD /sftp-config.json HTTP/1.1" 301 183 "-" "-" 
196.244.192.6 - - [20/May/2021:04:09:30 -0700] "HEAD /sftp-config.json HTTP/1.1" 404 265 "-" "-" 
196.244.192.6 - - [20/May/2021:04:10:45 -0700] "HEAD /back/website.zip HTTP/1.1" 301 183 "-" "-" 
196.244.192.6 - - [20/May/2021:04:10:45 -0700] "HEAD /back/website.zip HTTP/1.1" 404 265 "-" "-" 
114.119.140.84 - - [20/May/2021:04:11:06 -0700] "GET /self.logs/error.log.2017-01-05.gz HTTP/1.1" 200 5132 "-" "Mozilla/5.0 (Linux; Android 7.0;) AppleWebKit/537.36 (KHTML, like Gecko) Mobile Safari/537.36 (compatible; PetalBot;+https://webmaster.petalsearch.com/site/petalbot)" 
83.45.245.155 - - [20/May/2021:04:13:05 -0700] "GET / HTTP/1.1" 200 12878 "-" "Mozilla/5.0 (Macintosh; Intel Mac OS X 10_15_7) AppleWebKit/605.1.15 (KHTML, like Gecko) Version/14.1 Safari/605.1.15" 
85.10.56.241 - - [20/May/2021:04:14:35 -0700] "HEAD /backups/backup.sql.gz HTTP/1.1" 301 188 "-" "-" 
85.10.56.241 - - [20/May/2021:04:14:36 -0700] "HEAD /backups/backup.sql.gz HTTP/1.1" 404 265 "-" "-" 
85.10.56.241 - - [20/May/2021:04:15:53 -0700] "HEAD /old/backup.rar HTTP/1.1" 301 181 "-" "-" 
85.10.56.241 - - [20/May/2021:04:15:53 -0700] "HEAD /old/backup.rar HTTP/1.1" 404 265 "-" "-" 
114.119.141.53 - - [20/May/2021:04:17:20 -0700] "GET /self.logs/access.log.2020-07-14.gz HTTP/1.1" 200 42081 "-" "Mozilla/5.0 (Linux; Android 7.0;) AppleWebKit/537.36 (KHTML, like Gecko) Mobile Safari/537.36 (compatible; PetalBot;+https://webmaster.petalsearch.com/site/petalbot)" 
196.244.192.6 - - [20/May/2021:04:18:14 -0700] "HEAD /restore/secrepo.com.tar.gz HTTP/1.1" 301 193 "-" "-" 
196.244.192.6 - - [20/May/2021:04:18:14 -0700] "HEAD /restore/secrepo.com.tar.gz HTTP/1.1" 404 265 "-" "-" 
114.119.155.228 - - [20/May/2021:04:20:52 -0700] "GET /self.logs/access.log.2018-09-09.gz HTTP/1.1" 200 36850 "-" "Mozilla/5.0 (Linux; Android 7.0;) AppleWebKit/537.36 (KHTML, like Gecko) Mobile Safari/537.36 (compatible; PetalBot;+https://webmaster.petalsearch.com/site/petalbot)" 
85.10.56.241 - - [20/May/2021:04:21:07 -0700] "HEAD /old/.well-known.zip HTTP/1.1" 301 186 "-" "-" 
85.10.56.241 - - [20/May/2021:04:21:07 -0700] "HEAD /old/.well-known.zip HTTP/1.1" 404 265 "-" "-" 
85.10.56.241 - - [20/May/2021:04:21:24 -0700] "HEAD /old/backup.zip HTTP/1.1" 301 181 "-" "-" 
85.10.56.241 - - [20/May/2021:04:21:25 -0700] "HEAD /old/backup.zip HTTP/1.1" 404 265 "-" "-" 
85.10.56.241 - - [20/May/2021:04:24:19 -0700] "HEAD /backup/public_html.tar.gz HTTP/1.1" 301 192 "-" "-" 
85.10.56.241 - - [20/May/2021:04:24:19 -0700] "HEAD /backup/public_html.tar.gz HTTP/1.1" 404 265 "-" "-" 
114.119.141.53 - - [20/May/2021:04:27:39 -0700] "GET /self.logs/2016/access.log.2016-01-28.gz HTTP/1.1" 200 14966 "-" "Mozilla/5.0 (Linux; Android 7.0;) AppleWebKit/537.36 (KHTML, like Gecko) Mobile Safari/537.36 (compatible; PetalBot;+https://webmaster.petalsearch.com/site/petalbot)" 
196.244.192.6 - - [20/May/2021:04:27:50 -0700] "HEAD /back/directory.tar.gz HTTP/1.1" 301 188 "-" "-" 
196.244.192.6 - - [20/May/2021:04:27:51 -0700] "HEAD /back/directory.tar.gz HTTP/1.1" 404 265 "-" "-" 
66.249.93.23 - - [20/May/2021:04:27:52 -0700] "GET / HTTP/1.1" 301 475 "-" "Mozilla/5.0 (X11; Linux x86_64) AppleWebKit/537.36 (KHTML, like Gecko) Chrome/49.0.2623.75 Safari/537.36 Google Favicon" 
66.249.93.17 - - [20/May/2021:04:27:52 -0700] "GET / HTTP/1.1" 200 12878 "-" "Mozilla/5.0 (X11; Linux x86_64) AppleWebKit/537.36 (KHTML, like Gecko) Chrome/49.0.2623.75 Safari/537.36 Google Favicon" 
66.249.93.17 - - [20/May/2021:04:27:53 -0700] "GET /bootstrap/img/favicon.ico HTTP/1.1" 200 690 "-" "Mozilla/5.0 (X11; Linux x86_64) AppleWebKit/537.36 (KHTML, like Gecko) Chrome/49.0.2623.75 Safari/537.36 Google Favicon" 
83.45.245.155 - - [20/May/2021:04:28:35 -0700] "GET / HTTP/1.1" 200 12878 "-" "Mozilla/5.0 (Macintosh; Intel Mac OS X 10_15_7) AppleWebKit/605.1.15 (KHTML, like Gecko) Version/14.1 Safari/605.1.15" 
196.244.192.6 - - [20/May/2021:04:29:50 -0700] "HEAD /backup/bak.tar.gz HTTP/1.1" 301 184 "-" "-" 
196.244.192.6 - - [20/May/2021:04:29:51 -0700] "HEAD /backup/bak.tar.gz HTTP/1.1" 404 265 "-" "-" 
196.244.192.6 - - [20/May/2021:04:30:48 -0700] "HEAD /backups/www.zip HTTP/1.1" 301 182 "-" "-" 
196.244.192.6 - - [20/May/2021:04:30:49 -0700] "HEAD /backups/www.zip HTTP/1.1" 404 265 "-" "-" 
196.244.192.6 - - [20/May/2021:04:31:10 -0700] "HEAD /backups/application.zip HTTP/1.1" 301 190 "-" "-" 
196.244.192.6 - - [20/May/2021:04:31:10 -0700] "HEAD /backups/application.zip HTTP/1.1" 404 265 "-" "-" 
85.10.56.241 - - [20/May/2021:04:31:14 -0700] "HEAD /backup/website.tar.gz HTTP/1.1" 301 188 "-" "-" 
85.10.56.241 - - [20/May/2021:04:31:15 -0700] "HEAD /backup/website.tar.gz HTTP/1.1" 404 265 "-" "-" 
181.174.105.255 - - [20/May/2021:04:35:17 -0700] "GET / HTTP/1.1" 200 12878 "-" "Mozilla/5.0 (Windows NT 10.0; Win64; x64) AppleWebKit/537.36 (KHTML, like Gecko) Chrome/90.0.4430.212 Safari/537.36" 
181.174.105.255 - - [20/May/2021:04:35:17 -0700] "GET /css/style.css HTTP/1.1" 404 305 "http://www.secrepo.com/" "Mozilla/5.0 (Windows NT 10.0; Win64; x64) AppleWebKit/537.36 (KHTML, like Gecko) Chrome/90.0.4430.212 Safari/537.36" 
181.174.105.255 - - [20/May/2021:04:35:18 -0700] "GET /twitter-icon.png HTTP/1.1" 200 27893 "http://www.secrepo.com/" "Mozilla/5.0 (Windows NT 10.0; Win64; x64) AppleWebKit/537.36 (KHTML, like Gecko) Chrome/90.0.4430.212 Safari/537.36" 
181.174.105.255 - - [20/May/2021:04:35:18 -0700] "GET /GitHub-Mark.png HTTP/1.1" 200 7556 "http://www.secrepo.com/" "Mozilla/5.0 (Windows NT 10.0; Win64; x64) AppleWebKit/537.36 (KHTML, like Gecko) Chrome/90.0.4430.212 Safari/537.36" 
181.174.105.255 - - [20/May/2021:04:35:19 -0700] "GET /bootstrap/img/favicon.ico HTTP/1.1" 200 690 "http://www.secrepo.com/" "Mozilla/5.0 (Windows NT 10.0; Win64; x64) AppleWebKit/537.36 (KHTML, like Gecko) Chrome/90.0.4430.212 Safari/537.36" 
40.77.167.80 - - [20/May/2021:04:36:55 -0700] "GET /self.logs/access.log.2019-11-07.gz HTTP/1.1" 200 24932 "-" "Mozilla/5.0 (compatible; bingbot/2.0; +http://www.bing.com/bingbot.htm)" 
114.119.155.228 - - [20/May/2021:04:37:06 -0700] "GET /self.logs/error.log.2019-11-07.gz HTTP/1.1" 200 1572 "-" "Mozilla/5.0 (Linux; Android 7.0;) AppleWebKit/537.36 (KHTML, like Gecko) Mobile Safari/537.36 (compatible; PetalBot;+https://webmaster.petalsearch.com/site/petalbot)" 
178.150.47.62 - - [20/May/2021:04:37:12 -0700] "GET / HTTP/1.1" 200 48020 "https://pornohub.me/" "Opera/9.00 (Windows NT 5.1; U; ru)" 
178.150.47.62 - - [20/May/2021:04:37:12 -0700] "GET / HTTP/1.1" 200 48020 "https://pornohub.me/" "Opera/9.00 (Windows NT 5.1; U; ru)" 
178.150.47.62 - - [20/May/2021:04:37:13 -0700] "GET / HTTP/1.1" 200 48020 "https://pornohub.me/" "Opera/9.00 (Windows NT 5.1; U; ru)" 
178.17.168.134 - - [20/May/2021:04:38:20 -0700] "HEAD /backups/bak.zip HTTP/1.1" 301 182 "-" "-" 
178.17.168.134 - - [20/May/2021:04:38:21 -0700] "HEAD /backups/bak.zip HTTP/1.1" 404 265 "-" "-" 
49.7.20.108 - - [20/May/2021:04:38:50 -0700] "GET / HTTP/1.1" 200 12841 "-" "Sogou web spider/4.0(+http://www.sogou.com/docs/help/webmasters.htm#07)" 
178.17.168.134 - - [20/May/2021:04:40:34 -0700] "HEAD /backup/backup.sql.gz HTTP/1.1" 301 187 "-" "-" 
178.17.168.134 - - [20/May/2021:04:40:34 -0700] "HEAD /backup/backup.sql.gz HTTP/1.1" 404 265 "-" "-" 
45.86.202.145 - - [20/May/2021:04:42:29 -0700] "HEAD /backup/latest.zip HTTP/1.1" 301 184 "-" "-" 
45.86.202.145 - - [20/May/2021:04:42:29 -0700] "HEAD /backup/latest.zip HTTP/1.1" 404 265 "-" "-" 
114.119.130.95 - - [20/May/2021:04:42:39 -0700] "GET /self.logs/error.log.2019-05-11.gz HTTP/1.1" 200 3661 "-" "Mozilla/5.0 (Linux; Android 7.0;) AppleWebKit/537.36 (KHTML, like Gecko) Mobile Safari/537.36 (compatible; PetalBot;+https://webmaster.petalsearch.com/site/petalbot)" 
45.86.202.145 - - [20/May/2021:04:42:44 -0700] "HEAD /restore/sql.sql HTTP/1.1" 301 182 "-" "-" 
45.86.202.145 - - [20/May/2021:04:42:45 -0700] "HEAD /restore/sql.sql HTTP/1.1" 404 265 "-" "-" 
178.17.168.134 - - [20/May/2021:04:43:31 -0700] "HEAD /bak/website.zip HTTP/1.1" 301 182 "-" "-" 
178.17.168.134 - - [20/May/2021:04:43:31 -0700] "HEAD /bak/website.zip HTTP/1.1" 404 265 "-" "-" 
45.86.202.145 - - [20/May/2021:04:43:49 -0700] "HEAD /restore/application.zip HTTP/1.1" 301 190 "-" "-" 
45.86.202.145 - - [20/May/2021:04:43:49 -0700] "HEAD /backups/website.rar HTTP/1.1" 301 186 "-" "-" 
45.86.202.145 - - [20/May/2021:04:43:50 -0700] "HEAD /restore/application.zip HTTP/1.1" 404 265 "-" "-" 
45.86.202.145 - - [20/May/2021:04:43:50 -0700] "HEAD /backups/website.rar HTTP/1.1" 404 265 "-" "-" 
45.86.202.145 - - [20/May/2021:04:44:42 -0700] "HEAD /backup/public_html.rar HTTP/1.1" 301 189 "-" "-" 
45.86.202.145 - - [20/May/2021:04:44:43 -0700] "HEAD /backup/public_html.rar HTTP/1.1" 404 265 "-" "-" 
45.86.202.145 - - [20/May/2021:04:45:33 -0700] "HEAD /www.tar.gz HTTP/1.1" 301 177 "-" "-" 
45.86.202.145 - - [20/May/2021:04:45:34 -0700] "HEAD /www.tar.gz HTTP/1.1" 404 265 "-" "-" 
45.86.202.145 - - [20/May/2021:04:49:39 -0700] "HEAD /old/directory.tar.gz HTTP/1.1" 301 187 "-" "-" 
45.86.202.145 - - [20/May/2021:04:49:39 -0700] "HEAD /old/directory.tar.gz HTTP/1.1" 404 265 "-" "-" 
114.119.129.244 - - [20/May/2021:04:50:12 -0700] "GET /self.logs/error.log.2018-03-23.gz HTTP/1.1" 200 4661 "-" "Mozilla/5.0 (Linux; Android 7.0;) AppleWebKit/537.36 (KHTML, like Gecko) Mobile Safari/537.36 (compatible; PetalBot;+https://webmaster.petalsearch.com/site/petalbot)" 
45.86.202.145 - - [20/May/2021:04:52:05 -0700] "HEAD /backup/secrepo.com.zip HTTP/1.1" 301 189 "-" "-" 
45.86.202.145 - - [20/May/2021:04:52:05 -0700] "HEAD /backup/secrepo.com.zip HTTP/1.1" 404 265 "-" "-" 
45.86.202.145 - - [20/May/2021:04:53:03 -0700] "HEAD /back/sftp-config.json HTTP/1.1" 301 188 "-" "-" 
45.86.202.145 - - [20/May/2021:04:53:04 -0700] "HEAD /back/sftp-config.json HTTP/1.1" 404 265 "-" "-" 
45.86.202.145 - - [20/May/2021:04:56:31 -0700] "HEAD /backup/www.zip HTTP/1.1" 301 181 "-" "-" 
45.86.202.145 - - [20/May/2021:04:56:31 -0700] "HEAD /backup/www.zip HTTP/1.1" 404 265 "-" "-" 
45.86.202.145 - - [20/May/2021:04:56:33 -0700] "HEAD /backups/www.tar.gz HTTP/1.1" 301 185 "-" "-" 
45.86.202.145 - - [20/May/2021:04:56:34 -0700] "HEAD /backups/www.tar.gz HTTP/1.1" 404 265 "-" "-" 
45.86.202.145 - - [20/May/2021:04:56:37 -0700] "HEAD /backups/directory.rar HTTP/1.1" 301 188 "-" "-" 
45.86.202.145 - - [20/May/2021:04:56:37 -0700] "HEAD /backups/directory.rar HTTP/1.1" 404 265 "-" "-" 
178.17.168.134 - - [20/May/2021:04:59:29 -0700] "HEAD /old/bak.zip HTTP/1.1" 301 178 "-" "-" 
178.17.168.134 - - [20/May/2021:04:59:29 -0700] "HEAD /old/bak.zip HTTP/1.1" 404 265 "-" "-" 
178.17.168.134 - - [20/May/2021:04:59:50 -0700] "HEAD /restore/secrepo.com.rar HTTP/1.1" 301 190 "-" "-" 
178.17.168.134 - - [20/May/2021:04:59:50 -0700] "HEAD /restore/secrepo.com.rar HTTP/1.1" 404 265 "-" "-" 
178.17.168.134 - - [20/May/2021:05:00:03 -0700] "HEAD /back/application.zip HTTP/1.1" 301 187 "-" "-" 
178.17.168.134 - - [20/May/2021:05:00:03 -0700] "HEAD /back/application.zip HTTP/1.1" 404 265 "-" "-" 
114.119.159.40 - - [20/May/2021:05:00:21 -0700] "GET /self.logs/error.log.2019-09-21.gz HTTP/1.1" 200 2929 "-" "Mozilla/5.0 (Linux; Android 7.0;) AppleWebKit/537.36 (KHTML, like Gecko) Mobile Safari/537.36 (compatible; PetalBot;+https://webmaster.petalsearch.com/site/petalbot)" 
178.17.168.134 - - [20/May/2021:05:00:54 -0700] "HEAD /backups/secrepo.com.sql HTTP/1.1" 301 190 "-" "-" 
178.17.168.134 - - [20/May/2021:05:00:54 -0700] "HEAD /backups/secrepo.com.sql HTTP/1.1" 404 265 "-" "-" 
178.17.168.134 - - [20/May/2021:05:01:10 -0700] "HEAD /restore/backup.sql.zip HTTP/1.1" 301 189 "-" "-" 
178.17.168.134 - - [20/May/2021:05:01:11 -0700] "HEAD /restore/backup.sql.zip HTTP/1.1" 404 265 "-" "-" 
178.17.168.134 - - [20/May/2021:05:01:36 -0700] "HEAD /backups/backup.zip HTTP/1.1" 301 185 "-" "-" 
178.17.168.134 - - [20/May/2021:05:01:37 -0700] "HEAD /backups/backup.zip HTTP/1.1" 404 265 "-" "-" 
66.102.9.2 - - [20/May/2021:05:02:37 -0700] "GET / HTTP/1.1" 301 475 "-" "Mozilla/5.0 (X11; Linux x86_64) AppleWebKit/537.36 (KHTML, like Gecko) Chrome/49.0.2623.75 Safari/537.36 Google Favicon" 
66.102.9.1 - - [20/May/2021:05:02:38 -0700] "GET / HTTP/1.1" 200 12877 "-" "Mozilla/5.0 (X11; Linux x86_64) AppleWebKit/537.36 (KHTML, like Gecko) Chrome/49.0.2623.75 Safari/537.36 Google Favicon" 
66.102.9.1 - - [20/May/2021:05:02:38 -0700] "GET /bootstrap/img/favicon.ico HTTP/1.1" 200 690 "-" "Mozilla/5.0 (X11; Linux x86_64) AppleWebKit/537.36 (KHTML, like Gecko) Chrome/49.0.2623.75 Safari/537.36 Google Favicon" 
45.86.202.145 - - [20/May/2021:05:03:12 -0700] "HEAD /backups/directory.zip HTTP/1.1" 301 188 "-" "-" 
45.86.202.145 - - [20/May/2021:05:03:13 -0700] "HEAD /backups/directory.zip HTTP/1.1" 404 265 "-" "-" 
178.17.168.134 - - [20/May/2021:05:04:00 -0700] "HEAD /backup/directory.gz HTTP/1.1" 301 186 "-" "-" 
178.17.168.134 - - [20/May/2021:05:04:00 -0700] "HEAD /backup/directory.gz HTTP/1.1" 404 265 "-" "-" 
114.119.140.84 - - [20/May/2021:05:05:39 -0700] "GET /self.logs/access.log.2020-05-18.gz HTTP/1.1" 200 15562 "-" "Mozilla/5.0 (Linux; Android 7.0;) AppleWebKit/537.36 (KHTML, like Gecko) Mobile Safari/537.36 (compatible; PetalBot;+https://webmaster.petalsearch.com/site/petalbot)" 
45.86.202.145 - - [20/May/2021:05:05:53 -0700] "HEAD /backup.sql.gz HTTP/1.1" 301 180 "-" "-" 
45.86.202.145 - - [20/May/2021:05:05:53 -0700] "HEAD /backup.sql.gz HTTP/1.1" 404 265 "-" "-" 
178.17.168.134 - - [20/May/2021:05:06:08 -0700] "HEAD /backup/website.rar HTTP/1.1" 301 185 "-" "-" 
178.17.168.134 - - [20/May/2021:05:06:08 -0700] "HEAD /backup/website.rar HTTP/1.1" 404 265 "-" "-" 
34.207.71.169 - - [20/May/2021:05:06:26 -0700] "GET /bootstrap/img/favicon.ico HTTP/1.1" 200 676 "-" "Iframely/1.3.1 (+https://iframely.com/docs/about)" 
34.207.71.169 - - [20/May/2021:05:06:26 -0700] "GET / HTTP/1.1" 200 12877 "-" "Iframely/1.3.1 (+https://iframely.com/docs/about)" 
45.86.202.145 - - [20/May/2021:05:06:27 -0700] "HEAD /backup.sql.zip HTTP/1.1" 301 181 "-" "-" 
45.86.202.145 - - [20/May/2021:05:06:27 -0700] "HEAD /backup.sql.zip HTTP/1.1" 404 265 "-" "-" 
45.86.202.145 - - [20/May/2021:05:06:31 -0700] "HEAD /bak/www.tar.gz HTTP/1.1" 301 181 "-" "-" 
45.86.202.145 - - [20/May/2021:05:06:31 -0700] "HEAD /bak/www.tar.gz HTTP/1.1" 404 265 "-" "-" 
178.17.168.134 - - [20/May/2021:05:09:02 -0700] "HEAD /backup/mysql.sql HTTP/1.1" 301 183 "-" "-" 
178.17.168.134 - - [20/May/2021:05:09:02 -0700] "HEAD /backup/mysql.sql HTTP/1.1" 404 265 "-" "-" 
178.17.168.134 - - [20/May/2021:05:09:44 -0700] "HEAD /back/www.zip HTTP/1.1" 301 179 "-" "-" 
178.17.168.134 - - [20/May/2021:05:09:44 -0700] "HEAD /back/www.zip HTTP/1.1" 404 265 "-" "-" 
114.119.140.84 - - [20/May/2021:05:11:38 -0700] "GET /self.logs/2015/error.log.2015-03-31.gz HTTP/1.1" 200 1277 "-" "Mozilla/5.0 (Linux; Android 7.0;) AppleWebKit/537.36 (KHTML, like Gecko) Mobile Safari/537.36 (compatible; PetalBot;+https://webmaster.petalsearch.com/site/petalbot)" 
49.7.20.108 - - [20/May/2021:05:12:11 -0700] "GET / HTTP/1.1" 200 12840 "-" "Sogou web spider/4.0(+http://www.sogou.com/docs/help/webmasters.htm#07)" 
45.86.202.145 - - [20/May/2021:05:12:43 -0700] "HEAD /bak/mysql.sql HTTP/1.1" 301 180 "-" "-" 
45.86.202.145 - - [20/May/2021:05:12:44 -0700] "HEAD /bak/mysql.sql HTTP/1.1" 404 265 "-" "-" 
178.17.168.134 - - [20/May/2021:05:12:46 -0700] "HEAD /back/public_html.gz HTTP/1.1" 301 186 "-" "-" 
178.17.168.134 - - [20/May/2021:05:12:46 -0700] "HEAD /back/public_html.gz HTTP/1.1" 404 265 "-" "-" 
17.121.112.250 - - [20/May/2021:05:14:34 -0700] "GET /self.logs/error.log.2020-03-19 HTTP/1.1" 200 307 "-" "Mozilla/5.0 (Macintosh; Intel Mac OS X 10_15_5) AppleWebKit/605.1.15 (KHTML, like Gecko) Version/13.1.1 Safari/605.1.15 (Applebot/0.1; +http://www.apple.com/go/applebot)" 
45.86.202.145 - - [20/May/2021:05:14:36 -0700] "HEAD /back/secrepo.com.zip HTTP/1.1" 301 187 "-" "-" 
45.86.202.145 - - [20/May/2021:05:14:36 -0700] "HEAD /back/secrepo.com.zip HTTP/1.1" 404 265 "-" "-" 
178.17.168.134 - - [20/May/2021:05:15:20 -0700] "HEAD /restore/secrepo.com.zip HTTP/1.1" 301 190 "-" "-" 
178.17.168.134 - - [20/May/2021:05:15:21 -0700] "HEAD /restore/secrepo.com.zip HTTP/1.1" 404 265 "-" "-" 
178.17.168.134 - - [20/May/2021:05:17:44 -0700] "HEAD /old/bak.gz HTTP/1.1" 301 177 "-" "-" 
178.17.168.134 - - [20/May/2021:05:17:44 -0700] "HEAD /old/bak.gz HTTP/1.1" 404 265 "-" "-" 
178.17.168.134 - - [20/May/2021:05:17:57 -0700] "HEAD /restore/public_html.gz HTTP/1.1" 301 189 "-" "-" 
178.17.168.134 - - [20/May/2021:05:17:57 -0700] "HEAD /restore/public_html.gz HTTP/1.1" 404 265 "-" "-" 
40.77.167.38 - - [20/May/2021:05:19:38 -0700] "GET /Datasets%20Description/HTML_Bro_log_1/app_stats.html HTTP/1.1" 200 1591 "-" "Mozilla/5.0 (compatible; bingbot/2.0; +http://www.bing.com/bingbot.htm)" 
114.119.140.84 - - [20/May/2021:05:21:47 -0700] "GET /self.logs/error.log.2017-02-27.gz HTTP/1.1" 200 1102 "-" "Mozilla/5.0 (Linux; Android 7.0;) AppleWebKit/537.36 (KHTML, like Gecko) Mobile Safari/537.36 (compatible; PetalBot;+https://webmaster.petalsearch.com/site/petalbot)" 
45.86.202.145 - - [20/May/2021:05:22:09 -0700] "HEAD /old/public_html.gz HTTP/1.1" 301 185 "-" "-" 
45.86.202.145 - - [20/May/2021:05:22:10 -0700] "HEAD /old/public_html.gz HTTP/1.1" 404 265 "-" "-" 
178.17.168.134 - - [20/May/2021:05:25:29 -0700] "HEAD /restore/www.gz HTTP/1.1" 301 181 "-" "-" 
178.17.168.134 - - [20/May/2021:05:25:30 -0700] "HEAD /restore/www.gz HTTP/1.1" 404 265 "-" "-" 
178.17.168.134 - - [20/May/2021:05:26:14 -0700] "HEAD /restore/backup.tar.gz HTTP/1.1" 301 188 "-" "-" 
178.17.168.134 - - [20/May/2021:05:26:14 -0700] "HEAD /restore/backup.tar.gz HTTP/1.1" 404 265 "-" "-" 
45.86.202.145 - - [20/May/2021:05:26:21 -0700] "HEAD /backup/www.rar HTTP/1.1" 301 181 "-" "-" 
45.86.202.145 - - [20/May/2021:05:26:21 -0700] "HEAD /backup/www.rar HTTP/1.1" 404 265 "-" "-" 
91.213.18.250 - - [20/May/2021:05:27:09 -0700] "GET /Datasets%20Description/HTML_Bro_log_1 HTTP/1.1" 301 619 "http://www.secrepo.com/" "Mozilla/5.0 (X11; Ubuntu; Linux x86_64; rv:88.0) Gecko/20100101 Firefox/88.0" 
91.213.18.250 - - [20/May/2021:05:27:09 -0700] "GET /Datasets%20Description/HTML_Bro_log_1/ HTTP/1.1" 200 811 "http://www.secrepo.com/" "Mozilla/5.0 (X11; Ubuntu; Linux x86_64; rv:88.0) Gecko/20100101 Firefox/88.0" 
91.213.18.250 - - [20/May/2021:05:27:13 -0700] "GET /Datasets%20Description/HTML_Bro_log_1/app_stats.html HTTP/1.1" 200 1591 "http://www.secrepo.com/Datasets%20Description/HTML_Bro_log_1/" "Mozilla/5.0 (X11; Ubuntu; Linux x86_64; rv:88.0) Gecko/20100101 Firefox/88.0" 
45.86.202.145 - - [20/May/2021:05:27:40 -0700] "HEAD /backups/public_html.zip HTTP/1.1" 301 190 "-" "-" 
45.86.202.145 - - [20/May/2021:05:27:40 -0700] "HEAD /backups/public_html.zip HTTP/1.1" 404 265 "-" "-" 
114.119.130.95 - - [20/May/2021:05:27:59 -0700] "GET /honeypot/honeypot.json.zip HTTP/1.1" 200 23086087 "-" "Mozilla/5.0 (Linux; Android 7.0;) AppleWebKit/537.36 (KHTML, like Gecko) Mobile Safari/537.36 (compatible; PetalBot;+https://webmaster.petalsearch.com/site/petalbot)" 
108.174.8.21 - - [20/May/2021:05:37:24 -0700] "GET / HTTP/1.1" 206 12890 "-" "LinkedInBot/1.0 (compatible; Mozilla/5.0; Apache-HttpClient +http://www.linkedin.com)" 
49.7.20.108 - - [20/May/2021:05:41:01 -0700] "GET / HTTP/1.1" 200 12841 "-" "Sogou web spider/4.0(+http://www.sogou.com/docs/help/webmasters.htm#07)" 
